[2026-04-03T01:01:55.934+0600][0.005s][info][gc,init] CardTable entry size: 512
[2026-04-03T01:01:55.934+0600][0.005s][info][gc     ] Using G1
[2026-04-03T01:01:55.937+0600][0.008s][info][gc,init] Version: 21.0.10+7-Ubuntu-124.04 (release)
[2026-04-03T01:01:55.937+0600][0.008s][info][gc,init] CPUs: 12 total, 12 available
[2026-04-03T01:01:55.937+0600][0.008s][info][gc,init] Memory: 15683M
[2026-04-03T01:01:55.937+0600][0.008s][info][gc,init] Large Page Support: Disabled
[2026-04-03T01:01:55.937+0600][0.008s][info][gc,init] NUMA Support: Disabled
[2026-04-03T01:01:55.937+0600][0.008s][info][gc,init] Compressed Oops: Enabled (Zero based)
[2026-04-03T01:01:55.937+0600][0.008s][info][gc,init] Heap Region Size: 2M
[2026-04-03T01:01:55.937+0600][0.008s][info][gc,init] Heap Min Capacity: 8M
[2026-04-03T01:01:55.937+0600][0.008s][info][gc,init] Heap Initial Capacity: 246M
[2026-04-03T01:01:55.937+0600][0.008s][info][gc,init] Heap Max Capacity: 3922M
[2026-04-03T01:01:55.937+0600][0.008s][info][gc,init] Pre-touch: Disabled
[2026-04-03T01:01:55.937+0600][0.008s][info][gc,init] Parallel Workers: 10
[2026-04-03T01:01:55.937+0600][0.008s][info][gc,init] Concurrent Workers: 3
[2026-04-03T01:01:55.937+0600][0.008s][info][gc,init] Concurrent Refinement Workers: 10
[2026-04-03T01:01:55.937+0600][0.008s][info][gc,init] Periodic GC: Disabled
[2026-04-03T01:01:55.952+0600][0.023s][info][gc,metaspace] CDS archive(s) mapped at: [0x00007ddb4f000000-0x00007ddb4fc9c000-0x00007ddb4fc9c000), size 13221888, SharedBaseAddress: 0x00007ddb4f000000, ArchiveRelocationMode: 1.
[2026-04-03T01:01:55.952+0600][0.023s][info][gc,metaspace] Compressed class space mapped at: 0x00007ddb50000000-0x00007ddb90000000, reserved size: 1073741824
[2026-04-03T01:01:55.952+0600][0.023s][info][gc,metaspace] Narrow klass base: 0x00007ddb4f000000, Narrow klass shift: 0, Narrow klass range: 0x100000000
[2026-04-03T01:01:56.698+0600][0.769s][info][gc,start    ] GC(0) Pause Young (Normal) (G1 Evacuation Pause)
[2026-04-03T01:01:56.700+0600][0.771s][info][gc,task     ] GC(0) Using 5 workers of 10 for evacuation
[2026-04-03T01:01:56.705+0600][0.776s][info][gc,phases   ] GC(0)   Pre Evacuate Collection Set: 0.18ms
[2026-04-03T01:01:56.705+0600][0.776s][info][gc,phases   ] GC(0)   Merge Heap Roots: 0.25ms
[2026-04-03T01:01:56.705+0600][0.776s][info][gc,phases   ] GC(0)   Evacuate Collection Set: 3.34ms
[2026-04-03T01:01:56.705+0600][0.776s][info][gc,phases   ] GC(0)   Post Evacuate Collection Set: 1.20ms
[2026-04-03T01:01:56.705+0600][0.776s][info][gc,phases   ] GC(0)   Other: 1.18ms
[2026-04-03T01:01:56.705+0600][0.776s][info][gc,heap     ] GC(0) Eden regions: 11->0(17)
[2026-04-03T01:01:56.705+0600][0.776s][info][gc,heap     ] GC(0) Survivor regions: 0->2(2)
[2026-04-03T01:01:56.705+0600][0.776s][info][gc,heap     ] GC(0) Old regions: 1->2
[2026-04-03T01:01:56.705+0600][0.776s][info][gc,heap     ] GC(0) Humongous regions: 0->0
[2026-04-03T01:01:56.705+0600][0.776s][info][gc,metaspace] GC(0) Metaspace: 8465K(8640K)->8465K(8640K) NonClass: 7633K(7744K)->7633K(7744K) Class: 832K(896K)->832K(896K)
[2026-04-03T01:01:56.705+0600][0.776s][info][gc          ] GC(0) Pause Young (Normal) (G1 Evacuation Pause) 23M->6M(248M) 6.706ms
[2026-04-03T01:01:56.705+0600][0.776s][info][gc,cpu      ] GC(0) User=0.02s Sys=0.01s Real=0.01s
[2026-04-03T01:01:56.966+0600][1.037s][info][gc,start    ] GC(1) Pause Young (Normal) (G1 Evacuation Pause)
[2026-04-03T01:01:56.966+0600][1.037s][info][gc,task     ] GC(1) Using 5 workers of 10 for evacuation
[2026-04-03T01:01:56.975+0600][1.046s][info][gc,phases   ] GC(1)   Pre Evacuate Collection Set: 0.27ms
[2026-04-03T01:01:56.975+0600][1.046s][info][gc,phases   ] GC(1)   Merge Heap Roots: 0.10ms
[2026-04-03T01:01:56.975+0600][1.046s][info][gc,phases   ] GC(1)   Evacuate Collection Set: 7.51ms
[2026-04-03T01:01:56.975+0600][1.046s][info][gc,phases   ] GC(1)   Post Evacuate Collection Set: 0.87ms
[2026-04-03T01:01:56.975+0600][1.046s][info][gc,phases   ] GC(1)   Other: 0.14ms
[2026-04-03T01:01:56.975+0600][1.046s][info][gc,heap     ] GC(1) Eden regions: 17->0(60)
[2026-04-03T01:01:56.975+0600][1.046s][info][gc,heap     ] GC(1) Survivor regions: 2->2(3)
[2026-04-03T01:01:56.975+0600][1.046s][info][gc,heap     ] GC(1) Old regions: 2->4
[2026-04-03T01:01:56.975+0600][1.046s][info][gc,heap     ] GC(1) Humongous regions: 0->0
[2026-04-03T01:01:56.975+0600][1.046s][info][gc,metaspace] GC(1) Metaspace: 8599K(8832K)->8599K(8832K) NonClass: 7764K(7872K)->7764K(7872K) Class: 835K(960K)->835K(960K)
[2026-04-03T01:01:56.975+0600][1.047s][info][gc          ] GC(1) Pause Young (Normal) (G1 Evacuation Pause) 40M->8M(248M) 9.387ms
[2026-04-03T01:01:56.975+0600][1.047s][info][gc,cpu      ] GC(1) User=0.05s Sys=0.01s Real=0.01s
[2026-04-03T01:01:57.638+0600][1.709s][info][gc,start    ] GC(2) Pause Young (Normal) (G1 Evacuation Pause)
[2026-04-03T01:01:57.638+0600][1.709s][info][gc,task     ] GC(2) Using 5 workers of 10 for evacuation
[2026-04-03T01:01:57.653+0600][1.725s][info][gc,phases   ] GC(2)   Pre Evacuate Collection Set: 0.43ms
[2026-04-03T01:01:57.653+0600][1.725s][info][gc,phases   ] GC(2)   Merge Heap Roots: 0.16ms
[2026-04-03T01:01:57.653+0600][1.725s][info][gc,phases   ] GC(2)   Evacuate Collection Set: 13.77ms
[2026-04-03T01:01:57.653+0600][1.725s][info][gc,phases   ] GC(2)   Post Evacuate Collection Set: 0.94ms
[2026-04-03T01:01:57.654+0600][1.725s][info][gc,phases   ] GC(2)   Other: 0.20ms
[2026-04-03T01:01:57.654+0600][1.725s][info][gc,heap     ] GC(2) Eden regions: 60->0(66)
[2026-04-03T01:01:57.654+0600][1.725s][info][gc,heap     ] GC(2) Survivor regions: 2->7(8)
[2026-04-03T01:01:57.654+0600][1.725s][info][gc,heap     ] GC(2) Old regions: 4->4
[2026-04-03T01:01:57.654+0600][1.725s][info][gc,heap     ] GC(2) Humongous regions: 0->0
[2026-04-03T01:01:57.654+0600][1.725s][info][gc,metaspace] GC(2) Metaspace: 8737K(8960K)->8737K(8960K) NonClass: 7893K(8000K)->7893K(8000K) Class: 843K(960K)->843K(960K)
[2026-04-03T01:01:57.654+0600][1.725s][info][gc          ] GC(2) Pause Young (Normal) (G1 Evacuation Pause) 128M->19M(248M) 15.903ms
[2026-04-03T01:01:57.654+0600][1.725s][info][gc,cpu      ] GC(2) User=0.10s Sys=0.01s Real=0.02s
[2026-04-03T01:01:57.940+0600][2.011s][info][gc,start    ] GC(3) Pause Young (Normal) (G1 Evacuation Pause)
[2026-04-03T01:01:57.940+0600][2.011s][info][gc,task     ] GC(3) Using 5 workers of 10 for evacuation
[2026-04-03T01:01:57.961+0600][2.032s][info][gc,phases   ] GC(3)   Pre Evacuate Collection Set: 0.33ms
[2026-04-03T01:01:57.961+0600][2.032s][info][gc,phases   ] GC(3)   Merge Heap Roots: 0.17ms
[2026-04-03T01:01:57.961+0600][2.032s][info][gc,phases   ] GC(3)   Evacuate Collection Set: 19.99ms
[2026-04-03T01:01:57.961+0600][2.032s][info][gc,phases   ] GC(3)   Post Evacuate Collection Set: 0.70ms
[2026-04-03T01:01:57.961+0600][2.032s][info][gc,phases   ] GC(3)   Other: 0.16ms
[2026-04-03T01:01:57.961+0600][2.032s][info][gc,heap     ] GC(3) Eden regions: 66->0(63)
[2026-04-03T01:01:57.961+0600][2.032s][info][gc,heap     ] GC(3) Survivor regions: 7->10(10)
[2026-04-03T01:01:57.961+0600][2.032s][info][gc,heap     ] GC(3) Old regions: 4->5
[2026-04-03T01:01:57.961+0600][2.032s][info][gc,heap     ] GC(3) Humongous regions: 0->0
[2026-04-03T01:01:57.961+0600][2.033s][info][gc,metaspace] GC(3) Metaspace: 8770K(9024K)->8770K(9024K) NonClass: 7926K(8064K)->7926K(8064K) Class: 843K(960K)->843K(960K)
[2026-04-03T01:01:57.961+0600][2.033s][info][gc          ] GC(3) Pause Young (Normal) (G1 Evacuation Pause) 151M->28M(248M) 21.668ms
[2026-04-03T01:01:57.961+0600][2.033s][info][gc,cpu      ] GC(3) User=0.10s Sys=0.02s Real=0.02s
[2026-04-03T01:01:58.178+0600][2.249s][info][gc,start    ] GC(4) Pause Young (Normal) (G1 Evacuation Pause)
[2026-04-03T01:01:58.178+0600][2.249s][info][gc,task     ] GC(4) Using 5 workers of 10 for evacuation
[2026-04-03T01:01:58.201+0600][2.272s][info][gc,phases   ] GC(4)   Pre Evacuate Collection Set: 0.25ms
[2026-04-03T01:01:58.201+0600][2.272s][info][gc,phases   ] GC(4)   Merge Heap Roots: 0.14ms
[2026-04-03T01:01:58.201+0600][2.272s][info][gc,phases   ] GC(4)   Evacuate Collection Set: 21.23ms
[2026-04-03T01:01:58.201+0600][2.272s][info][gc,phases   ] GC(4)   Post Evacuate Collection Set: 0.89ms
[2026-04-03T01:01:58.201+0600][2.272s][info][gc,phases   ] GC(4)   Other: 0.14ms
[2026-04-03T01:01:58.201+0600][2.272s][info][gc,heap     ] GC(4) Eden regions: 63->0(63)
[2026-04-03T01:01:58.201+0600][2.272s][info][gc,heap     ] GC(4) Survivor regions: 10->10(10)
[2026-04-03T01:01:58.201+0600][2.272s][info][gc,heap     ] GC(4) Old regions: 5->10
[2026-04-03T01:01:58.201+0600][2.272s][info][gc,heap     ] GC(4) Humongous regions: 0->0
[2026-04-03T01:01:58.201+0600][2.272s][info][gc,metaspace] GC(4) Metaspace: 8783K(9024K)->8783K(9024K) NonClass: 7939K(8064K)->7939K(8064K) Class: 843K(960K)->843K(960K)
[2026-04-03T01:01:58.201+0600][2.272s][info][gc          ] GC(4) Pause Young (Normal) (G1 Evacuation Pause) 154M->37M(248M) 23.018ms
[2026-04-03T01:01:58.201+0600][2.272s][info][gc,cpu      ] GC(4) User=0.10s Sys=0.01s Real=0.03s
[2026-04-03T01:01:58.395+0600][2.467s][info][gc,start    ] GC(5) Pause Young (Normal) (G1 Evacuation Pause)
[2026-04-03T01:01:58.395+0600][2.467s][info][gc,task     ] GC(5) Using 5 workers of 10 for evacuation
[2026-04-03T01:01:58.416+0600][2.487s][info][gc,phases   ] GC(5)   Pre Evacuate Collection Set: 0.34ms
[2026-04-03T01:01:58.416+0600][2.487s][info][gc,phases   ] GC(5)   Merge Heap Roots: 0.21ms
[2026-04-03T01:01:58.416+0600][2.487s][info][gc,phases   ] GC(5)   Evacuate Collection Set: 17.85ms
[2026-04-03T01:01:58.416+0600][2.487s][info][gc,phases   ] GC(5)   Post Evacuate Collection Set: 1.67ms
[2026-04-03T01:01:58.416+0600][2.487s][info][gc,phases   ] GC(5)   Other: 0.12ms
[2026-04-03T01:01:58.416+0600][2.487s][info][gc,heap     ] GC(5) Eden regions: 63->0(108)
[2026-04-03T01:01:58.416+0600][2.487s][info][gc,heap     ] GC(5) Survivor regions: 10->10(10)
[2026-04-03T01:01:58.416+0600][2.487s][info][gc,heap     ] GC(5) Old regions: 10->15
[2026-04-03T01:01:58.416+0600][2.487s][info][gc,heap     ] GC(5) Humongous regions: 0->0
[2026-04-03T01:01:58.416+0600][2.487s][info][gc,metaspace] GC(5) Metaspace: 8784K(9024K)->8784K(9024K) NonClass: 7941K(8064K)->7941K(8064K) Class: 843K(960K)->843K(960K)
[2026-04-03T01:01:58.416+0600][2.487s][info][gc          ] GC(5) Pause Young (Normal) (G1 Evacuation Pause) 163M->47M(394M) 20.453ms
[2026-04-03T01:01:58.416+0600][2.487s][info][gc,cpu      ] GC(5) User=0.09s Sys=0.00s Real=0.02s
[2026-04-03T01:01:58.808+0600][2.879s][info][gc,start    ] GC(6) Pause Young (Normal) (G1 Evacuation Pause)
[2026-04-03T01:01:58.808+0600][2.880s][info][gc,task     ] GC(6) Using 9 workers of 10 for evacuation
[2026-04-03T01:01:58.826+0600][2.897s][info][gc,phases   ] GC(6)   Pre Evacuate Collection Set: 0.35ms
[2026-04-03T01:01:58.826+0600][2.897s][info][gc,phases   ] GC(6)   Merge Heap Roots: 0.08ms
[2026-04-03T01:01:58.826+0600][2.897s][info][gc,phases   ] GC(6)   Evacuate Collection Set: 16.08ms
[2026-04-03T01:01:58.826+0600][2.897s][info][gc,phases   ] GC(6)   Post Evacuate Collection Set: 0.63ms
[2026-04-03T01:01:58.826+0600][2.897s][info][gc,phases   ] GC(6)   Other: 1.07ms
[2026-04-03T01:01:58.826+0600][2.897s][info][gc,heap     ] GC(6) Eden regions: 108->0(104)
[2026-04-03T01:01:58.826+0600][2.897s][info][gc,heap     ] GC(6) Survivor regions: 10->14(15)
[2026-04-03T01:01:58.826+0600][2.897s][info][gc,heap     ] GC(6) Old regions: 15->20
[2026-04-03T01:01:58.826+0600][2.897s][info][gc,heap     ] GC(6) Humongous regions: 0->0
[2026-04-03T01:01:58.826+0600][2.897s][info][gc,metaspace] GC(6) Metaspace: 8788K(9024K)->8788K(9024K) NonClass: 7944K(8064K)->7944K(8064K) Class: 843K(960K)->843K(960K)
[2026-04-03T01:01:58.826+0600][2.897s][info][gc          ] GC(6) Pause Young (Normal) (G1 Evacuation Pause) 263M->65M(394M) 18.502ms
[2026-04-03T01:01:58.826+0600][2.897s][info][gc,cpu      ] GC(6) User=0.14s Sys=0.01s Real=0.02s
[2026-04-03T01:01:59.066+0600][3.137s][info][gc,start    ] GC(7) Pause Young (Normal) (G1 Evacuation Pause)
[2026-04-03T01:01:59.066+0600][3.137s][info][gc,task     ] GC(7) Using 9 workers of 10 for evacuation
[2026-04-03T01:01:59.087+0600][3.158s][info][gc,phases   ] GC(7)   Pre Evacuate Collection Set: 0.31ms
[2026-04-03T01:01:59.087+0600][3.159s][info][gc,phases   ] GC(7)   Merge Heap Roots: 0.09ms
[2026-04-03T01:01:59.087+0600][3.159s][info][gc,phases   ] GC(7)   Evacuate Collection Set: 19.61ms
[2026-04-03T01:01:59.087+0600][3.159s][info][gc,phases   ] GC(7)   Post Evacuate Collection Set: 0.76ms
[2026-04-03T01:01:59.087+0600][3.159s][info][gc,phases   ] GC(7)   Other: 0.18ms
[2026-04-03T01:01:59.087+0600][3.159s][info][gc,heap     ] GC(7) Eden regions: 104->0(109)
[2026-04-03T01:01:59.087+0600][3.159s][info][gc,heap     ] GC(7) Survivor regions: 14->9(15)
[2026-04-03T01:01:59.087+0600][3.159s][info][gc,heap     ] GC(7) Old regions: 20->33
[2026-04-03T01:01:59.087+0600][3.159s][info][gc,heap     ] GC(7) Humongous regions: 0->0
[2026-04-03T01:01:59.087+0600][3.159s][info][gc,metaspace] GC(7) Metaspace: 8788K(9024K)->8788K(9024K) NonClass: 7945K(8064K)->7945K(8064K) Class: 843K(960K)->843K(960K)
[2026-04-03T01:01:59.088+0600][3.159s][info][gc          ] GC(7) Pause Young (Normal) (G1 Evacuation Pause) 273M->80M(394M) 21.223ms
[2026-04-03T01:01:59.088+0600][3.159s][info][gc,cpu      ] GC(7) User=0.17s Sys=0.03s Real=0.02s
[2026-04-03T01:01:59.378+0600][3.449s][info][gc,start    ] GC(8) Pause Young (Normal) (G1 Evacuation Pause)
[2026-04-03T01:01:59.378+0600][3.449s][info][gc,task     ] GC(8) Using 9 workers of 10 for evacuation
[2026-04-03T01:01:59.390+0600][3.461s][info][gc,phases   ] GC(8)   Pre Evacuate Collection Set: 0.15ms
[2026-04-03T01:01:59.390+0600][3.461s][info][gc,phases   ] GC(8)   Merge Heap Roots: 0.08ms
[2026-04-03T01:01:59.390+0600][3.461s][info][gc,phases   ] GC(8)   Evacuate Collection Set: 11.16ms
[2026-04-03T01:01:59.390+0600][3.461s][info][gc,phases   ] GC(8)   Post Evacuate Collection Set: 0.73ms
[2026-04-03T01:01:59.390+0600][3.461s][info][gc,phases   ] GC(8)   Other: 0.10ms
[2026-04-03T01:01:59.390+0600][3.461s][info][gc,heap     ] GC(8) Eden regions: 109->0(103)
[2026-04-03T01:01:59.390+0600][3.461s][info][gc,heap     ] GC(8) Survivor regions: 9->15(15)
[2026-04-03T01:01:59.390+0600][3.461s][info][gc,heap     ] GC(8) Old regions: 33->34
[2026-04-03T01:01:59.390+0600][3.461s][info][gc,heap     ] GC(8) Humongous regions: 0->0
[2026-04-03T01:01:59.390+0600][3.461s][info][gc,metaspace] GC(8) Metaspace: 8813K(9024K)->8813K(9024K) NonClass: 7970K(8064K)->7970K(8064K) Class: 843K(960K)->843K(960K)
[2026-04-03T01:01:59.390+0600][3.461s][info][gc          ] GC(8) Pause Young (Normal) (G1 Evacuation Pause) 298M->95M(394M) 12.474ms
[2026-04-03T01:01:59.390+0600][3.461s][info][gc,cpu      ] GC(8) User=0.10s Sys=0.00s Real=0.02s
[2026-04-03T01:01:59.623+0600][3.694s][info][gc,start    ] GC(9) Pause Young (Normal) (G1 Evacuation Pause)
[2026-04-03T01:01:59.623+0600][3.694s][info][gc,task     ] GC(9) Using 9 workers of 10 for evacuation
[2026-04-03T01:01:59.643+0600][3.715s][info][gc,phases   ] GC(9)   Pre Evacuate Collection Set: 0.26ms
[2026-04-03T01:01:59.644+0600][3.715s][info][gc,phases   ] GC(9)   Merge Heap Roots: 0.08ms
[2026-04-03T01:01:59.644+0600][3.715s][info][gc,phases   ] GC(9)   Evacuate Collection Set: 18.17ms
[2026-04-03T01:01:59.644+0600][3.715s][info][gc,phases   ] GC(9)   Post Evacuate Collection Set: 2.11ms
[2026-04-03T01:01:59.644+0600][3.715s][info][gc,phases   ] GC(9)   Other: 0.08ms
[2026-04-03T01:01:59.644+0600][3.715s][info][gc,heap     ] GC(9) Eden regions: 103->0(178)
[2026-04-03T01:01:59.644+0600][3.715s][info][gc,heap     ] GC(9) Survivor regions: 15->15(15)
[2026-04-03T01:01:59.644+0600][3.715s][info][gc,heap     ] GC(9) Old regions: 34->41
[2026-04-03T01:01:59.644+0600][3.715s][info][gc,heap     ] GC(9) Humongous regions: 0->0
[2026-04-03T01:01:59.644+0600][3.715s][info][gc,metaspace] GC(9) Metaspace: 8831K(9024K)->8831K(9024K) NonClass: 7987K(8064K)->7987K(8064K) Class: 843K(960K)->843K(960K)
[2026-04-03T01:01:59.644+0600][3.715s][info][gc          ] GC(9) Pause Young (Normal) (G1 Evacuation Pause) 301M->110M(644M) 20.921ms
[2026-04-03T01:01:59.644+0600][3.715s][info][gc,cpu      ] GC(9) User=0.15s Sys=0.02s Real=0.02s
[2026-04-03T01:02:00.215+0600][4.286s][info][gc,start    ] GC(10) Pause Young (Normal) (G1 Evacuation Pause)
[2026-04-03T01:02:00.215+0600][4.287s][info][gc,task     ] GC(10) Using 10 workers of 10 for evacuation
[2026-04-03T01:02:00.239+0600][4.310s][info][gc,phases   ] GC(10)   Pre Evacuate Collection Set: 0.25ms
[2026-04-03T01:02:00.239+0600][4.310s][info][gc,phases   ] GC(10)   Merge Heap Roots: 0.10ms
[2026-04-03T01:02:00.239+0600][4.310s][info][gc,phases   ] GC(10)   Evacuate Collection Set: 21.61ms
[2026-04-03T01:02:00.239+0600][4.310s][info][gc,phases   ] GC(10)   Post Evacuate Collection Set: 1.29ms
[2026-04-03T01:02:00.239+0600][4.310s][info][gc,phases   ] GC(10)   Other: 0.34ms
[2026-04-03T01:02:00.239+0600][4.310s][info][gc,heap     ] GC(10) Eden regions: 178->0(173)
[2026-04-03T01:02:00.239+0600][4.310s][info][gc,heap     ] GC(10) Survivor regions: 15->20(25)
[2026-04-03T01:02:00.239+0600][4.310s][info][gc,heap     ] GC(10) Old regions: 41->49
[2026-04-03T01:02:00.239+0600][4.310s][info][gc,heap     ] GC(10) Humongous regions: 0->0
[2026-04-03T01:02:00.239+0600][4.310s][info][gc,metaspace] GC(10) Metaspace: 8863K(9088K)->8863K(9088K) NonClass: 8020K(8128K)->8020K(8128K) Class: 843K(960K)->843K(960K)
[2026-04-03T01:02:00.239+0600][4.310s][info][gc          ] GC(10) Pause Young (Normal) (G1 Evacuation Pause) 466M->136M(644M) 23.915ms
[2026-04-03T01:02:00.239+0600][4.310s][info][gc,cpu      ] GC(10) User=0.22s Sys=0.00s Real=0.02s
[2026-04-03T01:02:00.628+0600][4.699s][info][gc,start    ] GC(11) Pause Young (Normal) (G1 Evacuation Pause)
[2026-04-03T01:02:00.628+0600][4.699s][info][gc,task     ] GC(11) Using 10 workers of 10 for evacuation
[2026-04-03T01:02:00.654+0600][4.726s][info][gc,phases   ] GC(11)   Pre Evacuate Collection Set: 0.18ms
[2026-04-03T01:02:00.654+0600][4.726s][info][gc,phases   ] GC(11)   Merge Heap Roots: 0.14ms
[2026-04-03T01:02:00.654+0600][4.726s][info][gc,phases   ] GC(11)   Evacuate Collection Set: 25.33ms
[2026-04-03T01:02:00.654+0600][4.726s][info][gc,phases   ] GC(11)   Post Evacuate Collection Set: 0.79ms
[2026-04-03T01:02:00.655+0600][4.726s][info][gc,phases   ] GC(11)   Other: 0.12ms
[2026-04-03T01:02:00.655+0600][4.726s][info][gc,heap     ] GC(11) Eden regions: 173->0(168)
[2026-04-03T01:02:00.655+0600][4.726s][info][gc,heap     ] GC(11) Survivor regions: 20->25(25)
[2026-04-03T01:02:00.655+0600][4.726s][info][gc,heap     ] GC(11) Old regions: 49->57
[2026-04-03T01:02:00.655+0600][4.726s][info][gc,heap     ] GC(11) Humongous regions: 0->0
[2026-04-03T01:02:00.655+0600][4.726s][info][gc,metaspace] GC(11) Metaspace: 8869K(9088K)->8869K(9088K) NonClass: 8025K(8128K)->8025K(8128K) Class: 843K(960K)->843K(960K)
[2026-04-03T01:02:00.655+0600][4.726s][info][gc          ] GC(11) Pause Young (Normal) (G1 Evacuation Pause) 482M->162M(644M) 26.850ms
[2026-04-03T01:02:00.655+0600][4.726s][info][gc,cpu      ] GC(11) User=0.26s Sys=0.00s Real=0.03s
[2026-04-03T01:02:01.029+0600][5.100s][info][gc,start    ] GC(12) Pause Young (Normal) (G1 Evacuation Pause)
[2026-04-03T01:02:01.029+0600][5.100s][info][gc,task     ] GC(12) Using 10 workers of 10 for evacuation
[2026-04-03T01:02:01.058+0600][5.129s][info][gc,phases   ] GC(12)   Pre Evacuate Collection Set: 0.16ms
[2026-04-03T01:02:01.058+0600][5.129s][info][gc,phases   ] GC(12)   Merge Heap Roots: 0.08ms
[2026-04-03T01:02:01.058+0600][5.129s][info][gc,phases   ] GC(12)   Evacuate Collection Set: 27.59ms
[2026-04-03T01:02:01.058+0600][5.129s][info][gc,phases   ] GC(12)   Post Evacuate Collection Set: 0.87ms
[2026-04-03T01:02:01.058+0600][5.129s][info][gc,phases   ] GC(12)   Other: 0.18ms
[2026-04-03T01:02:01.058+0600][5.129s][info][gc,heap     ] GC(12) Eden regions: 168->0(168)
[2026-04-03T01:02:01.058+0600][5.129s][info][gc,heap     ] GC(12) Survivor regions: 25->25(25)
[2026-04-03T01:02:01.058+0600][5.129s][info][gc,heap     ] GC(12) Old regions: 57->70
[2026-04-03T01:02:01.058+0600][5.129s][info][gc,heap     ] GC(12) Humongous regions: 0->0
[2026-04-03T01:02:01.058+0600][5.129s][info][gc,metaspace] GC(12) Metaspace: 8876K(9088K)->8876K(9088K) NonClass: 8032K(8128K)->8032K(8128K) Class: 843K(960K)->843K(960K)
[2026-04-03T01:02:01.058+0600][5.129s][info][gc          ] GC(12) Pause Young (Normal) (G1 Evacuation Pause) 498M->188M(644M) 29.195ms
[2026-04-03T01:02:01.058+0600][5.129s][info][gc,cpu      ] GC(12) User=0.28s Sys=0.00s Real=0.03s
[2026-04-03T01:02:01.440+0600][5.511s][info][gc,start    ] GC(13) Pause Young (Normal) (G1 Evacuation Pause)
[2026-04-03T01:02:01.440+0600][5.511s][info][gc,task     ] GC(13) Using 10 workers of 10 for evacuation
[2026-04-03T01:02:01.471+0600][5.542s][info][gc,phases   ] GC(13)   Pre Evacuate Collection Set: 0.16ms
[2026-04-03T01:02:01.471+0600][5.542s][info][gc,phases   ] GC(13)   Merge Heap Roots: 0.06ms
[2026-04-03T01:02:01.471+0600][5.542s][info][gc,phases   ] GC(13)   Evacuate Collection Set: 27.59ms
[2026-04-03T01:02:01.471+0600][5.542s][info][gc,phases   ] GC(13)   Post Evacuate Collection Set: 2.78ms
[2026-04-03T01:02:01.471+0600][5.542s][info][gc,phases   ] GC(13)   Other: 0.09ms
[2026-04-03T01:02:01.471+0600][5.542s][info][gc,heap     ] GC(13) Eden regions: 168->0(267)
[2026-04-03T01:02:01.471+0600][5.542s][info][gc,heap     ] GC(13) Survivor regions: 25->24(25)
[2026-04-03T01:02:01.471+0600][5.542s][info][gc,heap     ] GC(13) Old regions: 70->83
[2026-04-03T01:02:01.471+0600][5.542s][info][gc,heap     ] GC(13) Humongous regions: 0->0
[2026-04-03T01:02:01.471+0600][5.542s][info][gc,metaspace] GC(13) Metaspace: 8877K(9088K)->8877K(9088K) NonClass: 8033K(8128K)->8033K(8128K) Class: 843K(960K)->843K(960K)
[2026-04-03T01:02:01.471+0600][5.542s][info][gc          ] GC(13) Pause Young (Normal) (G1 Evacuation Pause) 524M->210M(970M) 30.917ms
[2026-04-03T01:02:01.471+0600][5.542s][info][gc,cpu      ] GC(13) User=0.28s Sys=0.00s Real=0.03s
[2026-04-03T01:02:02.354+0600][6.425s][info][gc,start    ] GC(14) Pause Young (Normal) (G1 Evacuation Pause)
[2026-04-03T01:02:02.354+0600][6.425s][info][gc,task     ] GC(14) Using 10 workers of 10 for evacuation
[2026-04-03T01:02:02.392+0600][6.463s][info][gc,phases   ] GC(14)   Pre Evacuate Collection Set: 0.20ms
[2026-04-03T01:02:02.392+0600][6.463s][info][gc,phases   ] GC(14)   Merge Heap Roots: 0.19ms
[2026-04-03T01:02:02.392+0600][6.463s][info][gc,phases   ] GC(14)   Evacuate Collection Set: 35.47ms
[2026-04-03T01:02:02.392+0600][6.463s][info][gc,phases   ] GC(14)   Post Evacuate Collection Set: 1.30ms
[2026-04-03T01:02:02.392+0600][6.463s][info][gc,phases   ] GC(14)   Other: 0.15ms
[2026-04-03T01:02:02.392+0600][6.463s][info][gc,heap     ] GC(14) Eden regions: 267->0(262)
[2026-04-03T01:02:02.392+0600][6.463s][info][gc,heap     ] GC(14) Survivor regions: 24->29(37)
[2026-04-03T01:02:02.392+0600][6.463s][info][gc,heap     ] GC(14) Old regions: 83->95
[2026-04-03T01:02:02.392+0600][6.463s][info][gc,heap     ] GC(14) Humongous regions: 0->0
[2026-04-03T01:02:02.392+0600][6.463s][info][gc,metaspace] GC(14) Metaspace: 8935K(9152K)->8935K(9152K) NonClass: 8092K(8192K)->8092K(8192K) Class: 843K(960K)->843K(960K)
[2026-04-03T01:02:02.392+0600][6.463s][info][gc          ] GC(14) Pause Young (Normal) (G1 Evacuation Pause) 744M->246M(970M) 37.644ms
[2026-04-03T01:02:02.392+0600][6.463s][info][gc,cpu      ] GC(14) User=0.37s Sys=0.00s Real=0.04s
[2026-04-03T01:02:02.910+0600][6.981s][info][gc,start    ] GC(15) Pause Young (Normal) (G1 Evacuation Pause)
[2026-04-03T01:02:02.910+0600][6.981s][info][gc,task     ] GC(15) Using 10 workers of 10 for evacuation
[2026-04-03T01:02:02.948+0600][7.019s][info][gc,phases   ] GC(15)   Pre Evacuate Collection Set: 0.32ms
[2026-04-03T01:02:02.948+0600][7.019s][info][gc,phases   ] GC(15)   Merge Heap Roots: 0.16ms
[2026-04-03T01:02:02.948+0600][7.019s][info][gc,phases   ] GC(15)   Evacuate Collection Set: 35.40ms
[2026-04-03T01:02:02.948+0600][7.019s][info][gc,phases   ] GC(15)   Post Evacuate Collection Set: 1.32ms
[2026-04-03T01:02:02.948+0600][7.019s][info][gc,phases   ] GC(15)   Other: 0.20ms
[2026-04-03T01:02:02.948+0600][7.019s][info][gc,heap     ] GC(15) Eden regions: 262->0(263)
[2026-04-03T01:02:02.948+0600][7.019s][info][gc,heap     ] GC(15) Survivor regions: 29->28(37)
[2026-04-03T01:02:02.948+0600][7.019s][info][gc,heap     ] GC(15) Old regions: 95->107
[2026-04-03T01:02:02.948+0600][7.019s][info][gc,heap     ] GC(15) Humongous regions: 0->0
[2026-04-03T01:02:02.948+0600][7.019s][info][gc,metaspace] GC(15) Metaspace: 8937K(9152K)->8937K(9152K) NonClass: 8093K(8192K)->8093K(8192K) Class: 843K(960K)->843K(960K)
[2026-04-03T01:02:02.948+0600][7.019s][info][gc          ] GC(15) Pause Young (Normal) (G1 Evacuation Pause) 770M->267M(970M) 37.966ms
[2026-04-03T01:02:02.948+0600][7.019s][info][gc,cpu      ] GC(15) User=0.33s Sys=0.01s Real=0.03s
[2026-04-03T01:02:03.414+0600][7.485s][info][gc,start    ] GC(16) Pause Young (Normal) (G1 Evacuation Pause)
[2026-04-03T01:02:03.414+0600][7.485s][info][gc,task     ] GC(16) Using 10 workers of 10 for evacuation
[2026-04-03T01:02:03.441+0600][7.512s][info][gc,phases   ] GC(16)   Pre Evacuate Collection Set: 0.38ms
[2026-04-03T01:02:03.441+0600][7.512s][info][gc,phases   ] GC(16)   Merge Heap Roots: 0.14ms
[2026-04-03T01:02:03.441+0600][7.512s][info][gc,phases   ] GC(16)   Evacuate Collection Set: 24.40ms
[2026-04-03T01:02:03.441+0600][7.512s][info][gc,phases   ] GC(16)   Post Evacuate Collection Set: 1.29ms
[2026-04-03T01:02:03.441+0600][7.512s][info][gc,phases   ] GC(16)   Other: 0.13ms
[2026-04-03T01:02:03.441+0600][7.512s][info][gc,heap     ] GC(16) Eden regions: 263->0(268)
[2026-04-03T01:02:03.441+0600][7.512s][info][gc,heap     ] GC(16) Survivor regions: 28->23(37)
[2026-04-03T01:02:03.441+0600][7.512s][info][gc,heap     ] GC(16) Old regions: 107->123
[2026-04-03T01:02:03.441+0600][7.512s][info][gc,heap     ] GC(16) Humongous regions: 0->0
[2026-04-03T01:02:03.441+0600][7.512s][info][gc,metaspace] GC(16) Metaspace: 8939K(9152K)->8939K(9152K) NonClass: 8096K(8192K)->8096K(8192K) Class: 843K(960K)->843K(960K)
[2026-04-03T01:02:03.441+0600][7.512s][info][gc          ] GC(16) Pause Young (Normal) (G1 Evacuation Pause) 793M->289M(970M) 26.681ms
[2026-04-03T01:02:03.441+0600][7.512s][info][gc,cpu      ] GC(16) User=0.24s Sys=0.00s Real=0.03s
[2026-04-03T01:02:03.842+0600][7.913s][info][gc,start    ] GC(17) Pause Young (Normal) (G1 Evacuation Pause)
[2026-04-03T01:02:03.842+0600][7.913s][info][gc,task     ] GC(17) Using 10 workers of 10 for evacuation
[2026-04-03T01:02:03.872+0600][7.943s][info][gc,phases   ] GC(17)   Pre Evacuate Collection Set: 0.16ms
[2026-04-03T01:02:03.872+0600][7.943s][info][gc,phases   ] GC(17)   Merge Heap Roots: 0.09ms
[2026-04-03T01:02:03.872+0600][7.943s][info][gc,phases   ] GC(17)   Evacuate Collection Set: 27.05ms
[2026-04-03T01:02:03.872+0600][7.943s][info][gc,phases   ] GC(17)   Post Evacuate Collection Set: 1.87ms
[2026-04-03T01:02:03.872+0600][7.943s][info][gc,phases   ] GC(17)   Other: 0.15ms
[2026-04-03T01:02:03.872+0600][7.943s][info][gc,heap     ] GC(17) Eden regions: 268->0(304)
[2026-04-03T01:02:03.872+0600][7.943s][info][gc,heap     ] GC(17) Survivor regions: 23->35(37)
[2026-04-03T01:02:03.872+0600][7.943s][info][gc,heap     ] GC(17) Old regions: 123->130
[2026-04-03T01:02:03.872+0600][7.943s][info][gc,heap     ] GC(17) Humongous regions: 0->0
[2026-04-03T01:02:03.872+0600][7.943s][info][gc,metaspace] GC(17) Metaspace: 8939K(9152K)->8939K(9152K) NonClass: 8096K(8192K)->8096K(8192K) Class: 843K(960K)->843K(960K)
[2026-04-03T01:02:03.872+0600][7.943s][info][gc          ] GC(17) Pause Young (Normal) (G1 Evacuation Pause) 825M->328M(1130M) 29.575ms
[2026-04-03T01:02:03.872+0600][7.943s][info][gc,cpu      ] GC(17) User=0.27s Sys=0.00s Real=0.03s
[2026-04-03T01:02:04.397+0600][8.468s][info][gc,start    ] GC(18) Pause Young (Normal) (G1 Evacuation Pause)
[2026-04-03T01:02:04.397+0600][8.469s][info][gc,task     ] GC(18) Using 10 workers of 10 for evacuation
[2026-04-03T01:02:04.435+0600][8.507s][info][gc,phases   ] GC(18)   Pre Evacuate Collection Set: 0.17ms
[2026-04-03T01:02:04.436+0600][8.507s][info][gc,phases   ] GC(18)   Merge Heap Roots: 0.17ms
[2026-04-03T01:02:04.436+0600][8.507s][info][gc,phases   ] GC(18)   Evacuate Collection Set: 36.39ms
[2026-04-03T01:02:04.436+0600][8.507s][info][gc,phases   ] GC(18)   Post Evacuate Collection Set: 1.20ms
[2026-04-03T01:02:04.436+0600][8.507s][info][gc,phases   ] GC(18)   Other: 0.13ms
[2026-04-03T01:02:04.436+0600][8.507s][info][gc,heap     ] GC(18) Eden regions: 304->0(296)
[2026-04-03T01:02:04.436+0600][8.507s][info][gc,heap     ] GC(18) Survivor regions: 35->43(43)
[2026-04-03T01:02:04.436+0600][8.507s][info][gc,heap     ] GC(18) Old regions: 130->145
[2026-04-03T01:02:04.436+0600][8.507s][info][gc,heap     ] GC(18) Humongous regions: 0->0
[2026-04-03T01:02:04.436+0600][8.507s][info][gc,metaspace] GC(18) Metaspace: 8939K(9152K)->8939K(9152K) NonClass: 8096K(8192K)->8096K(8192K) Class: 843K(960K)->843K(960K)
[2026-04-03T01:02:04.436+0600][8.507s][info][gc          ] GC(18) Pause Young (Normal) (G1 Evacuation Pause) 936M->373M(1130M) 38.403ms
[2026-04-03T01:02:04.436+0600][8.507s][info][gc,cpu      ] GC(18) User=0.37s Sys=0.01s Real=0.04s
[2026-04-03T01:02:04.900+0600][8.972s][info][gc,start    ] GC(19) Pause Young (Normal) (G1 Evacuation Pause)
[2026-04-03T01:02:04.901+0600][8.972s][info][gc,task     ] GC(19) Using 10 workers of 10 for evacuation
[2026-04-03T01:02:04.925+0600][8.996s][info][gc,phases   ] GC(19)   Pre Evacuate Collection Set: 0.23ms
[2026-04-03T01:02:04.925+0600][8.996s][info][gc,phases   ] GC(19)   Merge Heap Roots: 0.12ms
[2026-04-03T01:02:04.925+0600][8.996s][info][gc,phases   ] GC(19)   Evacuate Collection Set: 23.31ms
[2026-04-03T01:02:04.925+0600][8.996s][info][gc,phases   ] GC(19)   Post Evacuate Collection Set: 0.94ms
[2026-04-03T01:02:04.925+0600][8.996s][info][gc,phases   ] GC(19)   Other: 0.11ms
[2026-04-03T01:02:04.925+0600][8.997s][info][gc,heap     ] GC(19) Eden regions: 296->0(312)
[2026-04-03T01:02:04.925+0600][8.997s][info][gc,heap     ] GC(19) Survivor regions: 43->27(43)
[2026-04-03T01:02:04.925+0600][8.997s][info][gc,heap     ] GC(19) Old regions: 145->161
[2026-04-03T01:02:04.925+0600][8.997s][info][gc,heap     ] GC(19) Humongous regions: 0->0
[2026-04-03T01:02:04.925+0600][8.997s][info][gc,metaspace] GC(19) Metaspace: 8939K(9152K)->8939K(9152K) NonClass: 8096K(8192K)->8096K(8192K) Class: 843K(960K)->843K(960K)
[2026-04-03T01:02:04.925+0600][8.997s][info][gc          ] GC(19) Pause Young (Normal) (G1 Evacuation Pause) 965M->373M(1130M) 24.992ms
[2026-04-03T01:02:04.925+0600][8.997s][info][gc,cpu      ] GC(19) User=0.23s Sys=0.00s Real=0.02s
[2026-04-03T01:02:05.667+0600][9.738s][info][gc,start    ] GC(20) Pause Young (Normal) (G1 Evacuation Pause)
[2026-04-03T01:02:05.667+0600][9.738s][info][gc,task     ] GC(20) Using 10 workers of 10 for evacuation
[2026-04-03T01:02:05.685+0600][9.757s][info][gc,phases   ] GC(20)   Pre Evacuate Collection Set: 0.29ms
[2026-04-03T01:02:05.685+0600][9.757s][info][gc,phases   ] GC(20)   Merge Heap Roots: 0.11ms
[2026-04-03T01:02:05.685+0600][9.757s][info][gc,phases   ] GC(20)   Evacuate Collection Set: 16.84ms
[2026-04-03T01:02:05.685+0600][9.757s][info][gc,phases   ] GC(20)   Post Evacuate Collection Set: 1.09ms
[2026-04-03T01:02:05.685+0600][9.757s][info][gc,phases   ] GC(20)   Other: 0.12ms
[2026-04-03T01:02:05.685+0600][9.757s][info][gc,heap     ] GC(20) Eden regions: 312->0(318)
[2026-04-03T01:02:05.686+0600][9.757s][info][gc,heap     ] GC(20) Survivor regions: 27->21(43)
[2026-04-03T01:02:05.686+0600][9.757s][info][gc,heap     ] GC(20) Old regions: 161->172
[2026-04-03T01:02:05.686+0600][9.757s][info][gc,heap     ] GC(20) Humongous regions: 0->0
[2026-04-03T01:02:05.686+0600][9.757s][info][gc,metaspace] GC(20) Metaspace: 9101K(9344K)->9101K(9344K) NonClass: 8253K(8384K)->8253K(8384K) Class: 847K(960K)->847K(960K)
[2026-04-03T01:02:05.686+0600][9.757s][info][gc          ] GC(20) Pause Young (Normal) (G1 Evacuation Pause) 997M->382M(1130M) 18.695ms
[2026-04-03T01:02:05.686+0600][9.757s][info][gc,cpu      ] GC(20) User=0.17s Sys=0.00s Real=0.02s
[2026-04-03T01:02:06.265+0600][10.336s][info][gc,start    ] GC(21) Pause Young (Normal) (G1 Evacuation Pause)
[2026-04-03T01:02:06.265+0600][10.336s][info][gc,task     ] GC(21) Using 10 workers of 10 for evacuation
[2026-04-03T01:02:06.283+0600][10.354s][info][gc,phases   ] GC(21)   Pre Evacuate Collection Set: 0.22ms
[2026-04-03T01:02:06.283+0600][10.354s][info][gc,phases   ] GC(21)   Merge Heap Roots: 0.17ms
[2026-04-03T01:02:06.283+0600][10.354s][info][gc,phases   ] GC(21)   Evacuate Collection Set: 17.06ms
[2026-04-03T01:02:06.283+0600][10.354s][info][gc,phases   ] GC(21)   Post Evacuate Collection Set: 0.93ms
[2026-04-03T01:02:06.283+0600][10.354s][info][gc,phases   ] GC(21)   Other: 0.11ms
[2026-04-03T01:02:06.283+0600][10.354s][info][gc,heap     ] GC(21) Eden regions: 318->0(312)
[2026-04-03T01:02:06.283+0600][10.354s][info][gc,heap     ] GC(21) Survivor regions: 21->27(43)
[2026-04-03T01:02:06.283+0600][10.354s][info][gc,heap     ] GC(21) Old regions: 172->172
[2026-04-03T01:02:06.283+0600][10.354s][info][gc,heap     ] GC(21) Humongous regions: 0->0
[2026-04-03T01:02:06.283+0600][10.354s][info][gc,metaspace] GC(21) Metaspace: 9103K(9344K)->9103K(9344K) NonClass: 8255K(8384K)->8255K(8384K) Class: 847K(960K)->847K(960K)
[2026-04-03T01:02:06.283+0600][10.354s][info][gc          ] GC(21) Pause Young (Normal) (G1 Evacuation Pause) 1018M->395M(1130M) 18.797ms
[2026-04-03T01:02:06.283+0600][10.354s][info][gc,cpu      ] GC(21) User=0.18s Sys=0.00s Real=0.02s
[2026-04-03T01:02:06.893+0600][10.964s][info][gc,start    ] GC(22) Pause Young (Normal) (G1 Evacuation Pause)
[2026-04-03T01:02:06.893+0600][10.964s][info][gc,task     ] GC(22) Using 10 workers of 10 for evacuation
[2026-04-03T01:02:06.910+0600][10.981s][info][gc,phases   ] GC(22)   Pre Evacuate Collection Set: 0.19ms
[2026-04-03T01:02:06.910+0600][10.981s][info][gc,phases   ] GC(22)   Merge Heap Roots: 0.12ms
[2026-04-03T01:02:06.910+0600][10.981s][info][gc,phases   ] GC(22)   Evacuate Collection Set: 15.80ms
[2026-04-03T01:02:06.910+0600][10.981s][info][gc,phases   ] GC(22)   Post Evacuate Collection Set: 0.77ms
[2026-04-03T01:02:06.910+0600][10.981s][info][gc,phases   ] GC(22)   Other: 0.12ms
[2026-04-03T01:02:06.910+0600][10.981s][info][gc,heap     ] GC(22) Eden regions: 312->0(312)
[2026-04-03T01:02:06.910+0600][10.981s][info][gc,heap     ] GC(22) Survivor regions: 27->27(43)
[2026-04-03T01:02:06.910+0600][10.981s][info][gc,heap     ] GC(22) Old regions: 172->176
[2026-04-03T01:02:06.910+0600][10.981s][info][gc,heap     ] GC(22) Humongous regions: 0->0
[2026-04-03T01:02:06.910+0600][10.981s][info][gc,metaspace] GC(22) Metaspace: 9133K(9344K)->9133K(9344K) NonClass: 8285K(8384K)->8285K(8384K) Class: 848K(960K)->848K(960K)
[2026-04-03T01:02:06.910+0600][10.981s][info][gc          ] GC(22) Pause Young (Normal) (G1 Evacuation Pause) 1019M->403M(1130M) 17.260ms
[2026-04-03T01:02:06.910+0600][10.981s][info][gc,cpu      ] GC(22) User=0.15s Sys=0.00s Real=0.02s
[2026-04-03T01:02:07.332+0600][11.403s][info][gc,start    ] GC(23) Pause Young (Normal) (G1 Evacuation Pause)
[2026-04-03T01:02:07.332+0600][11.403s][info][gc,task     ] GC(23) Using 10 workers of 10 for evacuation
[2026-04-03T01:02:07.372+0600][11.443s][info][gc,phases   ] GC(23)   Pre Evacuate Collection Set: 0.22ms
[2026-04-03T01:02:07.372+0600][11.444s][info][gc,phases   ] GC(23)   Merge Heap Roots: 0.11ms
[2026-04-03T01:02:07.372+0600][11.444s][info][gc,phases   ] GC(23)   Evacuate Collection Set: 39.39ms
[2026-04-03T01:02:07.372+0600][11.444s][info][gc,phases   ] GC(23)   Post Evacuate Collection Set: 0.87ms
[2026-04-03T01:02:07.372+0600][11.444s][info][gc,phases   ] GC(23)   Other: 0.12ms
[2026-04-03T01:02:07.373+0600][11.444s][info][gc,heap     ] GC(23) Eden regions: 312->0(283)
[2026-04-03T01:02:07.373+0600][11.444s][info][gc,heap     ] GC(23) Survivor regions: 27->43(43)
[2026-04-03T01:02:07.373+0600][11.444s][info][gc,heap     ] GC(23) Old regions: 176->185
[2026-04-03T01:02:07.373+0600][11.444s][info][gc,heap     ] GC(23) Humongous regions: 0->0
[2026-04-03T01:02:07.373+0600][11.444s][info][gc,metaspace] GC(23) Metaspace: 9137K(9408K)->9137K(9408K) NonClass: 8288K(8448K)->8288K(8448K) Class: 848K(960K)->848K(960K)
[2026-04-03T01:02:07.373+0600][11.444s][info][gc          ] GC(23) Pause Young (Normal) (G1 Evacuation Pause) 1027M->454M(1134M) 40.974ms
[2026-04-03T01:02:07.373+0600][11.444s][info][gc,cpu      ] GC(23) User=0.40s Sys=0.00s Real=0.04s
[2026-04-03T01:02:07.850+0600][11.921s][info][gc,start    ] GC(24) Pause Young (Normal) (G1 Evacuation Pause)
[2026-04-03T01:02:07.850+0600][11.921s][info][gc,task     ] GC(24) Using 10 workers of 10 for evacuation
[2026-04-03T01:02:07.914+0600][11.985s][info][gc,phases   ] GC(24)   Pre Evacuate Collection Set: 0.23ms
[2026-04-03T01:02:07.914+0600][11.985s][info][gc,phases   ] GC(24)   Merge Heap Roots: 0.14ms
[2026-04-03T01:02:07.914+0600][11.985s][info][gc,phases   ] GC(24)   Evacuate Collection Set: 62.47ms
[2026-04-03T01:02:07.914+0600][11.985s][info][gc,phases   ] GC(24)   Post Evacuate Collection Set: 1.59ms
[2026-04-03T01:02:07.914+0600][11.985s][info][gc,phases   ] GC(24)   Other: 0.10ms
[2026-04-03T01:02:07.914+0600][11.985s][info][gc,heap     ] GC(24) Eden regions: 283->0(327)
[2026-04-03T01:02:07.914+0600][11.985s][info][gc,heap     ] GC(24) Survivor regions: 43->36(41)
[2026-04-03T01:02:07.914+0600][11.985s][info][gc,heap     ] GC(24) Old regions: 185->228
[2026-04-03T01:02:07.914+0600][11.985s][info][gc,heap     ] GC(24) Humongous regions: 4->4
[2026-04-03T01:02:07.914+0600][11.985s][info][gc,metaspace] GC(24) Metaspace: 9160K(9408K)->9160K(9408K) NonClass: 8312K(8448K)->8312K(8448K) Class: 848K(960K)->848K(960K)
[2026-04-03T01:02:07.914+0600][11.985s][info][gc          ] GC(24) Pause Young (Normal) (G1 Evacuation Pause) 1028M->534M(1344M) 64.782ms
[2026-04-03T01:02:07.914+0600][11.985s][info][gc,cpu      ] GC(24) User=0.57s Sys=0.05s Real=0.07s
[2026-04-03T01:02:08.756+0600][12.827s][info][gc,start    ] GC(25) Pause Young (Normal) (G1 Evacuation Pause)
[2026-04-03T01:02:08.756+0600][12.828s][info][gc,task     ] GC(25) Using 10 workers of 10 for evacuation
[2026-04-03T01:02:08.781+0600][12.852s][info][gc,phases   ] GC(25)   Pre Evacuate Collection Set: 0.22ms
[2026-04-03T01:02:08.781+0600][12.852s][info][gc,phases   ] GC(25)   Merge Heap Roots: 0.14ms
[2026-04-03T01:02:08.781+0600][12.852s][info][gc,phases   ] GC(25)   Evacuate Collection Set: 23.02ms
[2026-04-03T01:02:08.781+0600][12.852s][info][gc,phases   ] GC(25)   Post Evacuate Collection Set: 1.08ms
[2026-04-03T01:02:08.781+0600][12.852s][info][gc,phases   ] GC(25)   Other: 0.15ms
[2026-04-03T01:02:08.781+0600][12.852s][info][gc,heap     ] GC(25) Eden regions: 327->0(340)
[2026-04-03T01:02:08.781+0600][12.852s][info][gc,heap     ] GC(25) Survivor regions: 36->5(46)
[2026-04-03T01:02:08.781+0600][12.852s][info][gc,heap     ] GC(25) Old regions: 228->263
[2026-04-03T01:02:08.781+0600][12.852s][info][gc,heap     ] GC(25) Humongous regions: 4->4
[2026-04-03T01:02:08.781+0600][12.852s][info][gc,metaspace] GC(25) Metaspace: 9160K(9408K)->9160K(9408K) NonClass: 8312K(8448K)->8312K(8448K) Class: 848K(960K)->848K(960K)
[2026-04-03T01:02:08.781+0600][12.852s][info][gc          ] GC(25) Pause Young (Normal) (G1 Evacuation Pause) 1188M->542M(1344M) 24.930ms
[2026-04-03T01:02:08.781+0600][12.852s][info][gc,cpu      ] GC(25) User=0.23s Sys=0.00s Real=0.03s
[2026-04-03T01:02:09.603+0600][13.674s][info][gc,start    ] GC(26) Pause Young (Normal) (G1 Evacuation Pause)
[2026-04-03T01:02:09.603+0600][13.674s][info][gc,task     ] GC(26) Using 10 workers of 10 for evacuation
[2026-04-03T01:02:09.622+0600][13.693s][info][gc,phases   ] GC(26)   Pre Evacuate Collection Set: 0.20ms
[2026-04-03T01:02:09.622+0600][13.693s][info][gc,phases   ] GC(26)   Merge Heap Roots: 0.24ms
[2026-04-03T01:02:09.622+0600][13.693s][info][gc,phases   ] GC(26)   Evacuate Collection Set: 17.22ms
[2026-04-03T01:02:09.622+0600][13.693s][info][gc,phases   ] GC(26)   Post Evacuate Collection Set: 0.97ms
[2026-04-03T01:02:09.622+0600][13.693s][info][gc,phases   ] GC(26)   Other: 0.10ms
[2026-04-03T01:02:09.622+0600][13.693s][info][gc,heap     ] GC(26) Eden regions: 340->0(320)
[2026-04-03T01:02:09.622+0600][13.693s][info][gc,heap     ] GC(26) Survivor regions: 5->24(44)
[2026-04-03T01:02:09.622+0600][13.693s][info][gc,heap     ] GC(26) Old regions: 263->263
[2026-04-03T01:02:09.622+0600][13.693s][info][gc,heap     ] GC(26) Humongous regions: 4->4
[2026-04-03T01:02:09.622+0600][13.693s][info][gc,metaspace] GC(26) Metaspace: 9160K(9408K)->9160K(9408K) NonClass: 8312K(8448K)->8312K(8448K) Class: 848K(960K)->848K(960K)
[2026-04-03T01:02:09.622+0600][13.693s][info][gc          ] GC(26) Pause Young (Normal) (G1 Evacuation Pause) 1222M->579M(1344M) 19.067ms
[2026-04-03T01:02:09.622+0600][13.693s][info][gc,cpu      ] GC(26) User=0.17s Sys=0.00s Real=0.02s
[2026-04-03T01:02:10.554+0600][14.625s][info][gc,start    ] GC(27) Pause Young (Normal) (G1 Evacuation Pause)
[2026-04-03T01:02:10.554+0600][14.625s][info][gc,task     ] GC(27) Using 10 workers of 10 for evacuation
[2026-04-03T01:02:10.614+0600][14.685s][info][gc,phases   ] GC(27)   Pre Evacuate Collection Set: 0.17ms
[2026-04-03T01:02:10.614+0600][14.685s][info][gc,phases   ] GC(27)   Merge Heap Roots: 0.18ms
[2026-04-03T01:02:10.614+0600][14.685s][info][gc,phases   ] GC(27)   Evacuate Collection Set: 59.15ms
[2026-04-03T01:02:10.614+0600][14.685s][info][gc,phases   ] GC(27)   Post Evacuate Collection Set: 0.71ms
[2026-04-03T01:02:10.614+0600][14.685s][info][gc,phases   ] GC(27)   Other: 0.13ms
[2026-04-03T01:02:10.614+0600][14.685s][info][gc,heap     ] GC(27) Eden regions: 320->0(274)
[2026-04-03T01:02:10.614+0600][14.685s][info][gc,heap     ] GC(27) Survivor regions: 24->43(43)
[2026-04-03T01:02:10.614+0600][14.685s][info][gc,heap     ] GC(27) Old regions: 263->282
[2026-04-03T01:02:10.614+0600][14.685s][info][gc,heap     ] GC(27) Humongous regions: 8->8
[2026-04-03T01:02:10.614+0600][14.685s][info][gc,metaspace] GC(27) Metaspace: 9163K(9408K)->9163K(9408K) NonClass: 8315K(8448K)->8315K(8448K) Class: 848K(960K)->848K(960K)
[2026-04-03T01:02:10.614+0600][14.685s][info][gc          ] GC(27) Pause Young (Normal) (G1 Evacuation Pause) 1227M->664M(1354M) 60.643ms
[2026-04-03T01:02:10.614+0600][14.685s][info][gc,cpu      ] GC(27) User=0.58s Sys=0.01s Real=0.06s
[2026-04-03T01:02:11.403+0600][15.474s][info][gc,start    ] GC(28) Pause Young (Normal) (G1 Evacuation Pause)
[2026-04-03T01:02:11.403+0600][15.474s][info][gc,task     ] GC(28) Using 10 workers of 10 for evacuation
[2026-04-03T01:02:11.441+0600][15.512s][info][gc,phases   ] GC(28)   Pre Evacuate Collection Set: 0.19ms
[2026-04-03T01:02:11.441+0600][15.512s][info][gc,phases   ] GC(28)   Merge Heap Roots: 0.21ms
[2026-04-03T01:02:11.441+0600][15.512s][info][gc,phases   ] GC(28)   Evacuate Collection Set: 36.51ms
[2026-04-03T01:02:11.441+0600][15.512s][info][gc,phases   ] GC(28)   Post Evacuate Collection Set: 0.91ms
[2026-04-03T01:02:11.441+0600][15.512s][info][gc,phases   ] GC(28)   Other: 0.09ms
[2026-04-03T01:02:11.441+0600][15.512s][info][gc,heap     ] GC(28) Eden regions: 268->0(280)
[2026-04-03T01:02:11.441+0600][15.512s][info][gc,heap     ] GC(28) Survivor regions: 43->4(39)
[2026-04-03T01:02:11.441+0600][15.512s][info][gc,heap     ] GC(28) Old regions: 282->328
[2026-04-03T01:02:11.441+0600][15.512s][info][gc,heap     ] GC(28) Humongous regions: 8->8
[2026-04-03T01:02:11.441+0600][15.512s][info][gc,metaspace] GC(28) Metaspace: 9163K(9408K)->9163K(9408K) NonClass: 8315K(8448K)->8315K(8448K) Class: 848K(960K)->848K(960K)
[2026-04-03T01:02:11.441+0600][15.512s][info][gc          ] GC(28) Pause Young (Normal) (G1 Evacuation Pause) 1200M->677M(1354M) 38.205ms
[2026-04-03T01:02:11.441+0600][15.512s][info][gc,cpu      ] GC(28) User=0.36s Sys=0.00s Real=0.04s
[2026-04-03T01:02:12.059+0600][16.130s][info][gc,start    ] GC(29) Pause Young (Concurrent Start) (G1 Evacuation Pause)
[2026-04-03T01:02:12.059+0600][16.130s][info][gc,task     ] GC(29) Using 10 workers of 10 for evacuation
[2026-04-03T01:02:12.061+0600][16.132s][info][gc,phases   ] GC(29)   Pre Evacuate Collection Set: 0.23ms
[2026-04-03T01:02:12.061+0600][16.132s][info][gc,phases   ] GC(29)   Merge Heap Roots: 0.09ms
[2026-04-03T01:02:12.061+0600][16.132s][info][gc,phases   ] GC(29)   Evacuate Collection Set: 1.40ms
[2026-04-03T01:02:12.061+0600][16.132s][info][gc,phases   ] GC(29)   Post Evacuate Collection Set: 0.43ms
[2026-04-03T01:02:12.061+0600][16.132s][info][gc,phases   ] GC(29)   Other: 0.11ms
[2026-04-03T01:02:12.061+0600][16.132s][info][gc,heap     ] GC(29) Eden regions: 280->0(290)
[2026-04-03T01:02:12.061+0600][16.132s][info][gc,heap     ] GC(29) Survivor regions: 4->4(36)
[2026-04-03T01:02:12.061+0600][16.132s][info][gc,heap     ] GC(29) Old regions: 328->328
[2026-04-03T01:02:12.061+0600][16.132s][info][gc,heap     ] GC(29) Humongous regions: 8->8
[2026-04-03T01:02:12.061+0600][16.132s][info][gc,metaspace] GC(29) Metaspace: 9163K(9408K)->9163K(9408K) NonClass: 8315K(8448K)->8315K(8448K) Class: 848K(960K)->848K(960K)
[2026-04-03T01:02:12.061+0600][16.132s][info][gc          ] GC(29) Pause Young (Concurrent Start) (G1 Evacuation Pause) 1237M->676M(1354M) 2.451ms
[2026-04-03T01:02:12.061+0600][16.132s][info][gc,cpu      ] GC(29) User=0.02s Sys=0.00s Real=0.01s
[2026-04-03T01:02:12.061+0600][16.132s][info][gc          ] GC(30) Concurrent Mark Cycle
[2026-04-03T01:02:12.061+0600][16.133s][info][gc,marking  ] GC(30) Concurrent Scan Root Regions
[2026-04-03T01:02:12.068+0600][16.139s][info][gc,marking  ] GC(30) Concurrent Scan Root Regions 6.537ms
[2026-04-03T01:02:12.068+0600][16.139s][info][gc,marking  ] GC(30) Concurrent Mark
[2026-04-03T01:02:12.068+0600][16.139s][info][gc,marking  ] GC(30) Concurrent Mark From Roots
[2026-04-03T01:02:12.068+0600][16.139s][info][gc,task     ] GC(30) Using 3 workers of 3 for marking
[2026-04-03T01:02:12.096+0600][16.167s][info][gc,start    ] GC(31) Pause Full (System.gc())
[2026-04-03T01:02:12.096+0600][16.167s][info][gc,task     ] GC(31) Using 10 workers of 10 for full compaction
[2026-04-03T01:02:12.102+0600][16.173s][info][gc,phases,start] GC(31) Phase 1: Mark live objects
[2026-04-03T01:02:12.287+0600][16.358s][info][gc,phases      ] GC(31) Phase 1: Mark live objects 184.198ms
[2026-04-03T01:02:12.287+0600][16.358s][info][gc,phases,start] GC(31) Phase 2: Prepare compaction
[2026-04-03T01:02:12.308+0600][16.379s][info][gc,phases      ] GC(31) Phase 2: Prepare compaction 21.154ms
[2026-04-03T01:02:12.308+0600][16.379s][info][gc,phases,start] GC(31) Phase 3: Adjust pointers
[2026-04-03T01:02:12.392+0600][16.463s][info][gc,phases      ] GC(31) Phase 3: Adjust pointers 84.042ms
[2026-04-03T01:02:12.392+0600][16.463s][info][gc,phases,start] GC(31) Phase 4: Compact heap
[2026-04-03T01:02:12.429+0600][16.501s][info][gc,phases      ] GC(31) Phase 4: Compact heap 37.376ms
[2026-04-03T01:02:12.429+0600][16.501s][info][gc,phases,start] GC(31) Phase 5: Reset Metadata
[2026-04-03T01:02:12.443+0600][16.514s][info][gc,phases      ] GC(31) Phase 5: Reset Metadata 13.609ms
[2026-04-03T01:02:12.450+0600][16.521s][info][gc,heap        ] GC(31) Eden regions: 9->0(395)
[2026-04-03T01:02:12.450+0600][16.521s][info][gc,heap        ] GC(31) Survivor regions: 4->0(36)
[2026-04-03T01:02:12.450+0600][16.521s][info][gc,heap        ] GC(31) Old regions: 328->224
[2026-04-03T01:02:12.450+0600][16.521s][info][gc,heap        ] GC(31) Humongous regions: 8->2
[2026-04-03T01:02:12.450+0600][16.521s][info][gc,metaspace   ] GC(31) Metaspace: 9219K(9472K)->9219K(9472K) NonClass: 8367K(8512K)->8367K(8512K) Class: 852K(960K)->852K(960K)
[2026-04-03T01:02:12.450+0600][16.521s][info][gc             ] GC(31) Pause Full (System.gc()) 693M->445M(1354M) 353.697ms
[2026-04-03T01:02:12.450+0600][16.521s][info][gc,cpu         ] GC(31) User=3.23s Sys=0.07s Real=0.36s
[2026-04-03T01:02:12.450+0600][16.521s][info][gc,marking     ] GC(30) Concurrent Mark From Roots 382.163ms
[2026-04-03T01:02:12.450+0600][16.521s][info][gc,marking     ] GC(30) Concurrent Mark Abort
[2026-04-03T01:02:12.450+0600][16.521s][info][gc             ] GC(30) Concurrent Mark Cycle 388.874ms
[2026-04-03T01:02:14.306+0600][18.377s][info][gc,start       ] GC(32) Pause Young (Normal) (G1 Evacuation Pause)
[2026-04-03T01:02:14.306+0600][18.377s][info][gc,task        ] GC(32) Using 10 workers of 10 for evacuation
[2026-04-03T01:02:14.320+0600][18.391s][info][gc,phases      ] GC(32)   Pre Evacuate Collection Set: 0.64ms
[2026-04-03T01:02:14.320+0600][18.391s][info][gc,phases      ] GC(32)   Merge Heap Roots: 0.47ms
[2026-04-03T01:02:14.320+0600][18.391s][info][gc,phases      ] GC(32)   Evacuate Collection Set: 10.74ms
[2026-04-03T01:02:14.320+0600][18.391s][info][gc,phases      ] GC(32)   Post Evacuate Collection Set: 1.45ms
[2026-04-03T01:02:14.320+0600][18.391s][info][gc,phases      ] GC(32)   Other: 0.22ms
[2026-04-03T01:02:14.320+0600][18.391s][info][gc,heap        ] GC(32) Eden regions: 395->0(394)
[2026-04-03T01:02:14.320+0600][18.391s][info][gc,heap        ] GC(32) Survivor regions: 0->9(50)
[2026-04-03T01:02:14.320+0600][18.391s][info][gc,heap        ] GC(32) Old regions: 224->224
[2026-04-03T01:02:14.320+0600][18.391s][info][gc,heap        ] GC(32) Humongous regions: 2->2
[2026-04-03T01:02:14.320+0600][18.391s][info][gc,metaspace   ] GC(32) Metaspace: 10171K(10368K)->10171K(10368K) NonClass: 9284K(9408K)->9284K(9408K) Class: 887K(960K)->887K(960K)
[2026-04-03T01:02:14.320+0600][18.391s][info][gc             ] GC(32) Pause Young (Normal) (G1 Evacuation Pause) 1235M->462M(1354M) 13.884ms
[2026-04-03T01:02:14.320+0600][18.391s][info][gc,cpu         ] GC(32) User=0.12s Sys=0.00s Real=0.02s
[2026-04-03T01:02:15.385+0600][19.456s][info][gc,start       ] GC(33) Pause Young (Normal) (G1 Evacuation Pause)
[2026-04-03T01:02:15.385+0600][19.456s][info][gc,task        ] GC(33) Using 10 workers of 10 for evacuation
[2026-04-03T01:02:15.400+0600][19.472s][info][gc,phases      ] GC(33)   Pre Evacuate Collection Set: 0.43ms
[2026-04-03T01:02:15.401+0600][19.472s][info][gc,phases      ] GC(33)   Merge Heap Roots: 0.41ms
[2026-04-03T01:02:15.401+0600][19.472s][info][gc,phases      ] GC(33)   Evacuate Collection Set: 13.19ms
[2026-04-03T01:02:15.401+0600][19.472s][info][gc,phases      ] GC(33)   Post Evacuate Collection Set: 1.37ms
[2026-04-03T01:02:15.401+0600][19.472s][info][gc,phases      ] GC(33)   Other: 0.17ms
[2026-04-03T01:02:15.401+0600][19.472s][info][gc,heap        ] GC(33) Eden regions: 394->0(393)
[2026-04-03T01:02:15.401+0600][19.472s][info][gc,heap        ] GC(33) Survivor regions: 9->13(51)
[2026-04-03T01:02:15.401+0600][19.472s][info][gc,heap        ] GC(33) Old regions: 224->224
[2026-04-03T01:02:15.401+0600][19.472s][info][gc,heap        ] GC(33) Humongous regions: 2->2
[2026-04-03T01:02:15.401+0600][19.472s][info][gc,metaspace   ] GC(33) Metaspace: 10184K(10368K)->10184K(10368K) NonClass: 9296K(9408K)->9296K(9408K) Class: 888K(960K)->888K(960K)
[2026-04-03T01:02:15.401+0600][19.472s][info][gc             ] GC(33) Pause Young (Normal) (G1 Evacuation Pause) 1250M->471M(1354M) 15.947ms
[2026-04-03T01:02:15.401+0600][19.472s][info][gc,cpu         ] GC(33) User=0.15s Sys=0.00s Real=0.02s
[2026-04-03T01:02:16.382+0600][20.453s][info][gc,start       ] GC(34) Pause Young (Normal) (G1 Evacuation Pause)
[2026-04-03T01:02:16.382+0600][20.453s][info][gc,task        ] GC(34) Using 10 workers of 10 for evacuation
[2026-04-03T01:02:16.401+0600][20.472s][info][gc,phases      ] GC(34)   Pre Evacuate Collection Set: 0.51ms
[2026-04-03T01:02:16.401+0600][20.472s][info][gc,phases      ] GC(34)   Merge Heap Roots: 0.29ms
[2026-04-03T01:02:16.401+0600][20.472s][info][gc,phases      ] GC(34)   Evacuate Collection Set: 16.86ms
[2026-04-03T01:02:16.401+0600][20.472s][info][gc,phases      ] GC(34)   Post Evacuate Collection Set: 1.04ms
[2026-04-03T01:02:16.401+0600][20.472s][info][gc,phases      ] GC(34)   Other: 0.19ms
[2026-04-03T01:02:16.401+0600][20.472s][info][gc,heap        ] GC(34) Eden regions: 393->0(390)
[2026-04-03T01:02:16.401+0600][20.472s][info][gc,heap        ] GC(34) Survivor regions: 13->16(51)
[2026-04-03T01:02:16.401+0600][20.472s][info][gc,heap        ] GC(34) Old regions: 224->224
[2026-04-03T01:02:16.401+0600][20.472s][info][gc,heap        ] GC(34) Humongous regions: 2->2
[2026-04-03T01:02:16.401+0600][20.472s][info][gc,metaspace   ] GC(34) Metaspace: 10186K(10368K)->10186K(10368K) NonClass: 9297K(9408K)->9297K(9408K) Class: 888K(960K)->888K(960K)
[2026-04-03T01:02:16.401+0600][20.472s][info][gc             ] GC(34) Pause Young (Normal) (G1 Evacuation Pause) 1257M->477M(1354M) 19.423ms
[2026-04-03T01:02:16.401+0600][20.472s][info][gc,cpu         ] GC(34) User=0.17s Sys=0.01s Real=0.02s
[2026-04-03T01:02:17.255+0600][21.326s][info][gc,start       ] GC(35) Pause Young (Normal) (G1 Evacuation Pause)
[2026-04-03T01:02:17.255+0600][21.326s][info][gc,task        ] GC(35) Using 10 workers of 10 for evacuation
[2026-04-03T01:02:17.278+0600][21.350s][info][gc,phases      ] GC(35)   Pre Evacuate Collection Set: 0.44ms
[2026-04-03T01:02:17.279+0600][21.350s][info][gc,phases      ] GC(35)   Merge Heap Roots: 0.29ms
[2026-04-03T01:02:17.279+0600][21.350s][info][gc,phases      ] GC(35)   Evacuate Collection Set: 20.96ms
[2026-04-03T01:02:17.279+0600][21.350s][info][gc,phases      ] GC(35)   Post Evacuate Collection Set: 1.24ms
[2026-04-03T01:02:17.279+0600][21.350s][info][gc,phases      ] GC(35)   Other: 0.15ms
[2026-04-03T01:02:17.279+0600][21.350s][info][gc,heap        ] GC(35) Eden regions: 390->0(386)
[2026-04-03T01:02:17.279+0600][21.350s][info][gc,heap        ] GC(35) Survivor regions: 16->20(51)
[2026-04-03T01:02:17.279+0600][21.350s][info][gc,heap        ] GC(35) Old regions: 224->224
[2026-04-03T01:02:17.279+0600][21.350s][info][gc,heap        ] GC(35) Humongous regions: 2->2
[2026-04-03T01:02:17.279+0600][21.350s][info][gc,metaspace   ] GC(35) Metaspace: 10193K(10368K)->10193K(10368K) NonClass: 9304K(9408K)->9304K(9408K) Class: 888K(960K)->888K(960K)
[2026-04-03T01:02:17.279+0600][21.350s][info][gc             ] GC(35) Pause Young (Normal) (G1 Evacuation Pause) 1257M->485M(1354M) 23.478ms
[2026-04-03T01:02:17.279+0600][21.350s][info][gc,cpu         ] GC(35) User=0.21s Sys=0.00s Real=0.02s
[2026-04-03T01:02:18.058+0600][22.129s][info][gc,start       ] GC(36) Pause Young (Normal) (G1 Evacuation Pause)
[2026-04-03T01:02:18.058+0600][22.129s][info][gc,task        ] GC(36) Using 10 workers of 10 for evacuation
[2026-04-03T01:02:18.087+0600][22.158s][info][gc,phases      ] GC(36)   Pre Evacuate Collection Set: 0.46ms
[2026-04-03T01:02:18.087+0600][22.158s][info][gc,phases      ] GC(36)   Merge Heap Roots: 0.54ms
[2026-04-03T01:02:18.087+0600][22.158s][info][gc,phases      ] GC(36)   Evacuate Collection Set: 26.10ms
[2026-04-03T01:02:18.087+0600][22.158s][info][gc,phases      ] GC(36)   Post Evacuate Collection Set: 1.26ms
[2026-04-03T01:02:18.087+0600][22.158s][info][gc,phases      ] GC(36)   Other: 0.17ms
[2026-04-03T01:02:18.087+0600][22.158s][info][gc,heap        ] GC(36) Eden regions: 386->0(383)
[2026-04-03T01:02:18.087+0600][22.158s][info][gc,heap        ] GC(36) Survivor regions: 20->23(51)
[2026-04-03T01:02:18.087+0600][22.158s][info][gc,heap        ] GC(36) Old regions: 224->224
[2026-04-03T01:02:18.087+0600][22.158s][info][gc,heap        ] GC(36) Humongous regions: 2->2
[2026-04-03T01:02:18.087+0600][22.158s][info][gc,metaspace   ] GC(36) Metaspace: 10193K(10368K)->10193K(10368K) NonClass: 9304K(9408K)->9304K(9408K) Class: 888K(960K)->888K(960K)
[2026-04-03T01:02:18.087+0600][22.158s][info][gc             ] GC(36) Pause Young (Normal) (G1 Evacuation Pause) 1257M->491M(1354M) 28.963ms
[2026-04-03T01:02:18.087+0600][22.158s][info][gc,cpu         ] GC(36) User=0.25s Sys=0.00s Real=0.03s
[2026-04-03T01:02:18.860+0600][22.931s][info][gc,start       ] GC(37) Pause Young (Normal) (G1 Evacuation Pause)
[2026-04-03T01:02:18.860+0600][22.931s][info][gc,task        ] GC(37) Using 10 workers of 10 for evacuation
[2026-04-03T01:02:18.890+0600][22.961s][info][gc,phases      ] GC(37)   Pre Evacuate Collection Set: 0.55ms
[2026-04-03T01:02:18.890+0600][22.961s][info][gc,phases      ] GC(37)   Merge Heap Roots: 0.26ms
[2026-04-03T01:02:18.890+0600][22.961s][info][gc,phases      ] GC(37)   Evacuate Collection Set: 26.68ms
[2026-04-03T01:02:18.890+0600][22.961s][info][gc,phases      ] GC(37)   Post Evacuate Collection Set: 1.64ms
[2026-04-03T01:02:18.890+0600][22.961s][info][gc,phases      ] GC(37)   Other: 0.17ms
[2026-04-03T01:02:18.890+0600][22.961s][info][gc,heap        ] GC(37) Eden regions: 383->0(411)
[2026-04-03T01:02:18.890+0600][22.961s][info][gc,heap        ] GC(37) Survivor regions: 23->26(51)
[2026-04-03T01:02:18.890+0600][22.961s][info][gc,heap        ] GC(37) Old regions: 224->224
[2026-04-03T01:02:18.890+0600][22.961s][info][gc,heap        ] GC(37) Humongous regions: 2->2
[2026-04-03T01:02:18.890+0600][22.961s][info][gc,metaspace   ] GC(37) Metaspace: 10195K(10368K)->10195K(10368K) NonClass: 9305K(9408K)->9305K(9408K) Class: 889K(960K)->889K(960K)
[2026-04-03T01:02:18.890+0600][22.961s][info][gc             ] GC(37) Pause Young (Normal) (G1 Evacuation Pause) 1257M->497M(1458M) 29.717ms
[2026-04-03T01:02:18.890+0600][22.961s][info][gc,cpu         ] GC(37) User=0.30s Sys=0.01s Real=0.03s
[2026-04-03T01:02:19.740+0600][23.811s][info][gc,start       ] GC(38) Pause Young (Normal) (G1 Evacuation Pause)
[2026-04-03T01:02:19.740+0600][23.811s][info][gc,task        ] GC(38) Using 10 workers of 10 for evacuation
[2026-04-03T01:02:19.779+0600][23.850s][info][gc,phases      ] GC(38)   Pre Evacuate Collection Set: 0.44ms
[2026-04-03T01:02:19.779+0600][23.851s][info][gc,phases      ] GC(38)   Merge Heap Roots: 0.34ms
[2026-04-03T01:02:19.779+0600][23.851s][info][gc,phases      ] GC(38)   Evacuate Collection Set: 37.07ms
[2026-04-03T01:02:19.779+0600][23.851s][info][gc,phases      ] GC(38)   Post Evacuate Collection Set: 0.87ms
[2026-04-03T01:02:19.779+0600][23.851s][info][gc,phases      ] GC(38)   Other: 0.28ms
[2026-04-03T01:02:19.779+0600][23.851s][info][gc,heap        ] GC(38) Eden regions: 411->0(407)
[2026-04-03T01:02:19.780+0600][23.851s][info][gc,heap        ] GC(38) Survivor regions: 26->30(55)
[2026-04-03T01:02:19.780+0600][23.851s][info][gc,heap        ] GC(38) Old regions: 224->224
[2026-04-03T01:02:19.780+0600][23.851s][info][gc,heap        ] GC(38) Humongous regions: 2->2
[2026-04-03T01:02:19.780+0600][23.851s][info][gc,metaspace   ] GC(38) Metaspace: 10195K(10368K)->10195K(10368K) NonClass: 9306K(9408K)->9306K(9408K) Class: 889K(960K)->889K(960K)
[2026-04-03T01:02:19.780+0600][23.851s][info][gc             ] GC(38) Pause Young (Normal) (G1 Evacuation Pause) 1319M->504M(1458M) 39.325ms
[2026-04-03T01:02:19.780+0600][23.851s][info][gc,cpu         ] GC(38) User=0.38s Sys=0.00s Real=0.03s
[2026-04-03T01:02:20.547+0600][24.618s][info][gc,start       ] GC(39) Pause Young (Normal) (G1 Evacuation Pause)
[2026-04-03T01:02:20.547+0600][24.618s][info][gc,task        ] GC(39) Using 10 workers of 10 for evacuation
[2026-04-03T01:02:20.581+0600][24.652s][info][gc,phases      ] GC(39)   Pre Evacuate Collection Set: 0.37ms
[2026-04-03T01:02:20.581+0600][24.652s][info][gc,phases      ] GC(39)   Merge Heap Roots: 0.32ms
[2026-04-03T01:02:20.581+0600][24.652s][info][gc,phases      ] GC(39)   Evacuate Collection Set: 31.46ms
[2026-04-03T01:02:20.581+0600][24.652s][info][gc,phases      ] GC(39)   Post Evacuate Collection Set: 1.41ms
[2026-04-03T01:02:20.581+0600][24.652s][info][gc,phases      ] GC(39)   Other: 0.21ms
[2026-04-03T01:02:20.581+0600][24.652s][info][gc,heap        ] GC(39) Eden regions: 407->0(405)
[2026-04-03T01:02:20.581+0600][24.652s][info][gc,heap        ] GC(39) Survivor regions: 30->32(55)
[2026-04-03T01:02:20.581+0600][24.652s][info][gc,heap        ] GC(39) Old regions: 224->224
[2026-04-03T01:02:20.581+0600][24.652s][info][gc,heap        ] GC(39) Humongous regions: 2->2
[2026-04-03T01:02:20.581+0600][24.652s][info][gc,metaspace   ] GC(39) Metaspace: 10195K(10368K)->10195K(10368K) NonClass: 9306K(9408K)->9306K(9408K) Class: 889K(960K)->889K(960K)
[2026-04-03T01:02:20.581+0600][24.652s][info][gc             ] GC(39) Pause Young (Normal) (G1 Evacuation Pause) 1318M->509M(1458M) 34.116ms
[2026-04-03T01:02:20.581+0600][24.652s][info][gc,cpu         ] GC(39) User=0.33s Sys=0.00s Real=0.04s
[2026-04-03T01:02:21.335+0600][25.406s][info][gc,start       ] GC(40) Pause Young (Normal) (G1 Evacuation Pause)
[2026-04-03T01:02:21.335+0600][25.406s][info][gc,task        ] GC(40) Using 10 workers of 10 for evacuation
[2026-04-03T01:02:21.375+0600][25.446s][info][gc,phases      ] GC(40)   Pre Evacuate Collection Set: 0.39ms
[2026-04-03T01:02:21.375+0600][25.446s][info][gc,phases      ] GC(40)   Merge Heap Roots: 0.32ms
[2026-04-03T01:02:21.375+0600][25.446s][info][gc,phases      ] GC(40)   Evacuate Collection Set: 37.47ms
[2026-04-03T01:02:21.375+0600][25.446s][info][gc,phases      ] GC(40)   Post Evacuate Collection Set: 1.02ms
[2026-04-03T01:02:21.375+0600][25.446s][info][gc,phases      ] GC(40)   Other: 0.18ms
[2026-04-03T01:02:21.375+0600][25.446s][info][gc,heap        ] GC(40) Eden regions: 405->0(405)
[2026-04-03T01:02:21.375+0600][25.446s][info][gc,heap        ] GC(40) Survivor regions: 32->32(55)
[2026-04-03T01:02:21.375+0600][25.446s][info][gc,heap        ] GC(40) Old regions: 224->228
[2026-04-03T01:02:21.375+0600][25.446s][info][gc,heap        ] GC(40) Humongous regions: 2->2
[2026-04-03T01:02:21.375+0600][25.446s][info][gc,metaspace   ] GC(40) Metaspace: 10195K(10368K)->10195K(10368K) NonClass: 9306K(9408K)->9306K(9408K) Class: 889K(960K)->889K(960K)
[2026-04-03T01:02:21.375+0600][25.446s][info][gc             ] GC(40) Pause Young (Normal) (G1 Evacuation Pause) 1319M->514M(1458M) 39.928ms
[2026-04-03T01:02:21.375+0600][25.446s][info][gc,cpu         ] GC(40) User=0.41s Sys=0.00s Real=0.04s
[2026-04-03T01:02:21.938+0600][26.009s][info][gc,start       ] GC(41) Pause Young (Normal) (G1 Evacuation Pause)
[2026-04-03T01:02:21.938+0600][26.009s][info][gc,task        ] GC(41) Using 10 workers of 10 for evacuation
[2026-04-03T01:02:21.973+0600][26.045s][info][gc,phases      ] GC(41)   Pre Evacuate Collection Set: 0.72ms
[2026-04-03T01:02:21.974+0600][26.045s][info][gc,phases      ] GC(41)   Merge Heap Roots: 0.35ms
[2026-04-03T01:02:21.974+0600][26.045s][info][gc,phases      ] GC(41)   Evacuate Collection Set: 33.17ms
[2026-04-03T01:02:21.974+0600][26.045s][info][gc,phases      ] GC(41)   Post Evacuate Collection Set: 0.93ms
[2026-04-03T01:02:21.974+0600][26.045s][info][gc,phases      ] GC(41)   Other: 0.19ms
[2026-04-03T01:02:21.974+0600][26.045s][info][gc,heap        ] GC(41) Eden regions: 405->0(404)
[2026-04-03T01:02:21.974+0600][26.045s][info][gc,heap        ] GC(41) Survivor regions: 32->33(55)
[2026-04-03T01:02:21.974+0600][26.045s][info][gc,heap        ] GC(41) Old regions: 228->230
[2026-04-03T01:02:21.974+0600][26.045s][info][gc,heap        ] GC(41) Humongous regions: 2->2
[2026-04-03T01:02:21.974+0600][26.045s][info][gc,metaspace   ] GC(41) Metaspace: 10195K(10368K)->10195K(10368K) NonClass: 9306K(9408K)->9306K(9408K) Class: 889K(960K)->889K(960K)
[2026-04-03T01:02:21.974+0600][26.045s][info][gc             ] GC(41) Pause Young (Normal) (G1 Evacuation Pause) 1324M->522M(1458M) 35.692ms
[2026-04-03T01:02:21.974+0600][26.045s][info][gc,cpu         ] GC(41) User=0.33s Sys=0.00s Real=0.04s
[2026-04-03T01:02:22.531+0600][26.602s][info][gc,start       ] GC(42) Pause Young (Normal) (G1 Evacuation Pause)
[2026-04-03T01:02:22.531+0600][26.602s][info][gc,task        ] GC(42) Using 10 workers of 10 for evacuation
[2026-04-03T01:02:22.566+0600][26.637s][info][gc,phases      ] GC(42)   Pre Evacuate Collection Set: 0.45ms
[2026-04-03T01:02:22.566+0600][26.637s][info][gc,phases      ] GC(42)   Merge Heap Roots: 0.31ms
[2026-04-03T01:02:22.566+0600][26.637s][info][gc,phases      ] GC(42)   Evacuate Collection Set: 33.40ms
[2026-04-03T01:02:22.566+0600][26.637s][info][gc,phases      ] GC(42)   Post Evacuate Collection Set: 0.89ms
[2026-04-03T01:02:22.566+0600][26.637s][info][gc,phases      ] GC(42)   Other: 0.19ms
[2026-04-03T01:02:22.566+0600][26.637s][info][gc,heap        ] GC(42) Eden regions: 404->0(404)
[2026-04-03T01:02:22.566+0600][26.637s][info][gc,heap        ] GC(42) Survivor regions: 33->33(55)
[2026-04-03T01:02:22.566+0600][26.637s][info][gc,heap        ] GC(42) Old regions: 230->233
[2026-04-03T01:02:22.566+0600][26.637s][info][gc,heap        ] GC(42) Humongous regions: 2->2
[2026-04-03T01:02:22.566+0600][26.637s][info][gc,metaspace   ] GC(42) Metaspace: 10195K(10368K)->10195K(10368K) NonClass: 9306K(9408K)->9306K(9408K) Class: 889K(960K)->889K(960K)
[2026-04-03T01:02:22.566+0600][26.637s][info][gc             ] GC(42) Pause Young (Normal) (G1 Evacuation Pause) 1330M->528M(1458M) 35.603ms
[2026-04-03T01:02:22.566+0600][26.637s][info][gc,cpu         ] GC(42) User=0.32s Sys=0.01s Real=0.03s
[2026-04-03T01:02:23.144+0600][27.215s][info][gc,start       ] GC(43) Pause Young (Normal) (G1 Evacuation Pause)
[2026-04-03T01:02:23.144+0600][27.215s][info][gc,task        ] GC(43) Using 10 workers of 10 for evacuation
[2026-04-03T01:02:23.180+0600][27.251s][info][gc,phases      ] GC(43)   Pre Evacuate Collection Set: 0.52ms
[2026-04-03T01:02:23.180+0600][27.251s][info][gc,phases      ] GC(43)   Merge Heap Roots: 0.37ms
[2026-04-03T01:02:23.180+0600][27.251s][info][gc,phases      ] GC(43)   Evacuate Collection Set: 33.62ms
[2026-04-03T01:02:23.180+0600][27.251s][info][gc,phases      ] GC(43)   Post Evacuate Collection Set: 1.25ms
[2026-04-03T01:02:23.180+0600][27.251s][info][gc,phases      ] GC(43)   Other: 0.20ms
[2026-04-03T01:02:23.180+0600][27.251s][info][gc,heap        ] GC(43) Eden regions: 404->0(404)
[2026-04-03T01:02:23.180+0600][27.251s][info][gc,heap        ] GC(43) Survivor regions: 33->33(55)
[2026-04-03T01:02:23.180+0600][27.251s][info][gc,heap        ] GC(43) Old regions: 233->236
[2026-04-03T01:02:23.180+0600][27.251s][info][gc,heap        ] GC(43) Humongous regions: 2->2
[2026-04-03T01:02:23.180+0600][27.251s][info][gc,metaspace   ] GC(43) Metaspace: 10195K(10368K)->10195K(10368K) NonClass: 9306K(9408K)->9306K(9408K) Class: 889K(960K)->889K(960K)
[2026-04-03T01:02:23.180+0600][27.251s][info][gc             ] GC(43) Pause Young (Normal) (G1 Evacuation Pause) 1336M->534M(1458M) 36.402ms
[2026-04-03T01:02:23.180+0600][27.251s][info][gc,cpu         ] GC(43) User=0.34s Sys=0.00s Real=0.04s
[2026-04-03T01:02:23.725+0600][27.796s][info][gc,start       ] GC(44) Pause Young (Normal) (G1 Evacuation Pause)
[2026-04-03T01:02:23.725+0600][27.796s][info][gc,task        ] GC(44) Using 10 workers of 10 for evacuation
[2026-04-03T01:02:23.761+0600][27.832s][info][gc,phases      ] GC(44)   Pre Evacuate Collection Set: 0.63ms
[2026-04-03T01:02:23.761+0600][27.832s][info][gc,phases      ] GC(44)   Merge Heap Roots: 0.32ms
[2026-04-03T01:02:23.761+0600][27.832s][info][gc,phases      ] GC(44)   Evacuate Collection Set: 33.12ms
[2026-04-03T01:02:23.761+0600][27.832s][info][gc,phases      ] GC(44)   Post Evacuate Collection Set: 1.30ms
[2026-04-03T01:02:23.761+0600][27.832s][info][gc,phases      ] GC(44)   Other: 0.21ms
[2026-04-03T01:02:23.761+0600][27.832s][info][gc,heap        ] GC(44) Eden regions: 404->0(404)
[2026-04-03T01:02:23.761+0600][27.832s][info][gc,heap        ] GC(44) Survivor regions: 33->33(55)
[2026-04-03T01:02:23.761+0600][27.832s][info][gc,heap        ] GC(44) Old regions: 236->239
[2026-04-03T01:02:23.761+0600][27.832s][info][gc,heap        ] GC(44) Humongous regions: 2->2
[2026-04-03T01:02:23.761+0600][27.832s][info][gc,metaspace   ] GC(44) Metaspace: 10195K(10368K)->10195K(10368K) NonClass: 9306K(9408K)->9306K(9408K) Class: 889K(960K)->889K(960K)
[2026-04-03T01:02:23.761+0600][27.832s][info][gc             ] GC(44) Pause Young (Normal) (G1 Evacuation Pause) 1342M->539M(1458M) 36.010ms
[2026-04-03T01:02:23.761+0600][27.832s][info][gc,cpu         ] GC(44) User=0.33s Sys=0.00s Real=0.04s
[2026-04-03T01:02:24.342+0600][28.413s][info][gc,start       ] GC(45) Pause Young (Normal) (G1 Evacuation Pause)
[2026-04-03T01:02:24.342+0600][28.413s][info][gc,task        ] GC(45) Using 10 workers of 10 for evacuation
[2026-04-03T01:02:24.381+0600][28.452s][info][gc,phases      ] GC(45)   Pre Evacuate Collection Set: 0.41ms
[2026-04-03T01:02:24.381+0600][28.452s][info][gc,phases      ] GC(45)   Merge Heap Roots: 0.38ms
[2026-04-03T01:02:24.381+0600][28.452s][info][gc,phases      ] GC(45)   Evacuate Collection Set: 35.67ms
[2026-04-03T01:02:24.381+0600][28.452s][info][gc,phases      ] GC(45)   Post Evacuate Collection Set: 2.22ms
[2026-04-03T01:02:24.381+0600][28.452s][info][gc,phases      ] GC(45)   Other: 0.21ms
[2026-04-03T01:02:24.381+0600][28.452s][info][gc,heap        ] GC(45) Eden regions: 404->0(434)
[2026-04-03T01:02:24.381+0600][28.453s][info][gc,heap        ] GC(45) Survivor regions: 33->33(55)
[2026-04-03T01:02:24.381+0600][28.453s][info][gc,heap        ] GC(45) Old regions: 239->242
[2026-04-03T01:02:24.381+0600][28.453s][info][gc,heap        ] GC(45) Humongous regions: 2->2
[2026-04-03T01:02:24.381+0600][28.453s][info][gc,metaspace   ] GC(45) Metaspace: 10197K(10368K)->10197K(10368K) NonClass: 9307K(9408K)->9307K(9408K) Class: 889K(960K)->889K(960K)
[2026-04-03T01:02:24.381+0600][28.453s][info][gc             ] GC(45) Pause Young (Normal) (G1 Evacuation Pause) 1347M->545M(1558M) 39.280ms
[2026-04-03T01:02:24.382+0600][28.453s][info][gc,cpu         ] GC(45) User=0.36s Sys=0.00s Real=0.04s
[2026-04-03T01:02:24.992+0600][29.063s][info][gc,start       ] GC(46) Pause Young (Normal) (G1 Evacuation Pause)
[2026-04-03T01:02:24.992+0600][29.063s][info][gc,task        ] GC(46) Using 10 workers of 10 for evacuation
[2026-04-03T01:02:25.028+0600][29.100s][info][gc,phases      ] GC(46)   Pre Evacuate Collection Set: 0.67ms
[2026-04-03T01:02:25.029+0600][29.100s][info][gc,phases      ] GC(46)   Merge Heap Roots: 0.30ms
[2026-04-03T01:02:25.029+0600][29.100s][info][gc,phases      ] GC(46)   Evacuate Collection Set: 34.23ms
[2026-04-03T01:02:25.029+0600][29.100s][info][gc,phases      ] GC(46)   Post Evacuate Collection Set: 1.17ms
[2026-04-03T01:02:25.029+0600][29.100s][info][gc,phases      ] GC(46)   Other: 0.22ms
[2026-04-03T01:02:25.029+0600][29.100s][info][gc,heap        ] GC(46) Eden regions: 434->0(434)
[2026-04-03T01:02:25.029+0600][29.100s][info][gc,heap        ] GC(46) Survivor regions: 33->33(59)
[2026-04-03T01:02:25.029+0600][29.100s][info][gc,heap        ] GC(46) Old regions: 242->245
[2026-04-03T01:02:25.029+0600][29.100s][info][gc,heap        ] GC(46) Humongous regions: 2->2
[2026-04-03T01:02:25.029+0600][29.100s][info][gc,metaspace   ] GC(46) Metaspace: 10197K(10368K)->10197K(10368K) NonClass: 9307K(9408K)->9307K(9408K) Class: 889K(960K)->889K(960K)
[2026-04-03T01:02:25.029+0600][29.100s][info][gc             ] GC(46) Pause Young (Normal) (G1 Evacuation Pause) 1413M->552M(1558M) 37.119ms
[2026-04-03T01:02:25.029+0600][29.100s][info][gc,cpu         ] GC(46) User=0.35s Sys=0.00s Real=0.03s
[2026-04-03T01:02:25.643+0600][29.714s][info][gc,start       ] GC(47) Pause Young (Normal) (G1 Evacuation Pause)
[2026-04-03T01:02:25.644+0600][29.715s][info][gc,task        ] GC(47) Using 10 workers of 10 for evacuation
[2026-04-03T01:02:25.680+0600][29.751s][info][gc,phases      ] GC(47)   Pre Evacuate Collection Set: 0.38ms
[2026-04-03T01:02:25.680+0600][29.751s][info][gc,phases      ] GC(47)   Merge Heap Roots: 0.37ms
[2026-04-03T01:02:25.680+0600][29.751s][info][gc,phases      ] GC(47)   Evacuate Collection Set: 34.09ms
[2026-04-03T01:02:25.680+0600][29.751s][info][gc,phases      ] GC(47)   Post Evacuate Collection Set: 1.12ms
[2026-04-03T01:02:25.680+0600][29.751s][info][gc,phases      ] GC(47)   Other: 0.18ms
[2026-04-03T01:02:25.680+0600][29.751s][info][gc,heap        ] GC(47) Eden regions: 434->0(433)
[2026-04-03T01:02:25.680+0600][29.751s][info][gc,heap        ] GC(47) Survivor regions: 33->34(59)
[2026-04-03T01:02:25.680+0600][29.751s][info][gc,heap        ] GC(47) Old regions: 245->248
[2026-04-03T01:02:25.680+0600][29.751s][info][gc,heap        ] GC(47) Humongous regions: 2->2
[2026-04-03T01:02:25.680+0600][29.751s][info][gc,metaspace   ] GC(47) Metaspace: 10197K(10368K)->10197K(10368K) NonClass: 9307K(9408K)->9307K(9408K) Class: 889K(960K)->889K(960K)
[2026-04-03T01:02:25.680+0600][29.751s][info][gc             ] GC(47) Pause Young (Normal) (G1 Evacuation Pause) 1420M->560M(1558M) 36.582ms
[2026-04-03T01:02:25.680+0600][29.751s][info][gc,cpu         ] GC(47) User=0.35s Sys=0.00s Real=0.04s
[2026-04-03T01:02:26.358+0600][30.429s][info][gc,start       ] GC(48) Pause Young (Normal) (G1 Evacuation Pause)
[2026-04-03T01:02:26.358+0600][30.429s][info][gc,task        ] GC(48) Using 10 workers of 10 for evacuation
[2026-04-03T01:02:26.395+0600][30.466s][info][gc,phases      ] GC(48)   Pre Evacuate Collection Set: 0.62ms
[2026-04-03T01:02:26.395+0600][30.466s][info][gc,phases      ] GC(48)   Merge Heap Roots: 0.28ms
[2026-04-03T01:02:26.395+0600][30.466s][info][gc,phases      ] GC(48)   Evacuate Collection Set: 34.63ms
[2026-04-03T01:02:26.395+0600][30.466s][info][gc,phases      ] GC(48)   Post Evacuate Collection Set: 1.06ms
[2026-04-03T01:02:26.395+0600][30.466s][info][gc,phases      ] GC(48)   Other: 0.16ms
[2026-04-03T01:02:26.395+0600][30.466s][info][gc,heap        ] GC(48) Eden regions: 433->0(433)
[2026-04-03T01:02:26.395+0600][30.466s][info][gc,heap        ] GC(48) Survivor regions: 34->34(59)
[2026-04-03T01:02:26.395+0600][30.466s][info][gc,heap        ] GC(48) Old regions: 248->251
[2026-04-03T01:02:26.395+0600][30.466s][info][gc,heap        ] GC(48) Humongous regions: 2->2
[2026-04-03T01:02:26.395+0600][30.466s][info][gc,metaspace   ] GC(48) Metaspace: 10198K(10368K)->10198K(10368K) NonClass: 9308K(9408K)->9308K(9408K) Class: 889K(960K)->889K(960K)
[2026-04-03T01:02:26.395+0600][30.466s][info][gc             ] GC(48) Pause Young (Normal) (G1 Evacuation Pause) 1426M->567M(1558M) 37.171ms
[2026-04-03T01:02:26.395+0600][30.466s][info][gc,cpu         ] GC(48) User=0.35s Sys=0.00s Real=0.04s
[2026-04-03T01:02:26.987+0600][31.058s][info][gc,start       ] GC(49) Pause Young (Normal) (G1 Evacuation Pause)
[2026-04-03T01:02:26.987+0600][31.058s][info][gc,task        ] GC(49) Using 10 workers of 10 for evacuation
[2026-04-03T01:02:27.024+0600][31.095s][info][gc,phases      ] GC(49)   Pre Evacuate Collection Set: 0.44ms
[2026-04-03T01:02:27.024+0600][31.095s][info][gc,phases      ] GC(49)   Merge Heap Roots: 0.30ms
[2026-04-03T01:02:27.024+0600][31.095s][info][gc,phases      ] GC(49)   Evacuate Collection Set: 34.24ms
[2026-04-03T01:02:27.024+0600][31.095s][info][gc,phases      ] GC(49)   Post Evacuate Collection Set: 1.45ms
[2026-04-03T01:02:27.024+0600][31.095s][info][gc,phases      ] GC(49)   Other: 0.15ms
[2026-04-03T01:02:27.024+0600][31.095s][info][gc,heap        ] GC(49) Eden regions: 433->0(433)
[2026-04-03T01:02:27.024+0600][31.095s][info][gc,heap        ] GC(49) Survivor regions: 34->34(59)
[2026-04-03T01:02:27.024+0600][31.095s][info][gc,heap        ] GC(49) Old regions: 251->254
[2026-04-03T01:02:27.024+0600][31.095s][info][gc,heap        ] GC(49) Humongous regions: 2->2
[2026-04-03T01:02:27.024+0600][31.095s][info][gc,metaspace   ] GC(49) Metaspace: 10198K(10368K)->10198K(10368K) NonClass: 9308K(9408K)->9308K(9408K) Class: 889K(960K)->889K(960K)
[2026-04-03T01:02:27.024+0600][31.095s][info][gc             ] GC(49) Pause Young (Normal) (G1 Evacuation Pause) 1433M->573M(1558M) 36.958ms
[2026-04-03T01:02:27.024+0600][31.095s][info][gc,cpu         ] GC(49) User=0.35s Sys=0.00s Real=0.04s
[2026-04-03T01:02:27.614+0600][31.685s][info][gc,start       ] GC(50) Pause Young (Normal) (G1 Evacuation Pause)
[2026-04-03T01:02:27.614+0600][31.685s][info][gc,task        ] GC(50) Using 10 workers of 10 for evacuation
[2026-04-03T01:02:27.652+0600][31.723s][info][gc,phases      ] GC(50)   Pre Evacuate Collection Set: 0.56ms
[2026-04-03T01:02:27.652+0600][31.723s][info][gc,phases      ] GC(50)   Merge Heap Roots: 0.26ms
[2026-04-03T01:02:27.652+0600][31.723s][info][gc,phases      ] GC(50)   Evacuate Collection Set: 35.63ms
[2026-04-03T01:02:27.652+0600][31.723s][info][gc,phases      ] GC(50)   Post Evacuate Collection Set: 1.06ms
[2026-04-03T01:02:27.652+0600][31.723s][info][gc,phases      ] GC(50)   Other: 0.24ms
[2026-04-03T01:02:27.652+0600][31.723s][info][gc,heap        ] GC(50) Eden regions: 433->0(432)
[2026-04-03T01:02:27.652+0600][31.723s][info][gc,heap        ] GC(50) Survivor regions: 34->35(59)
[2026-04-03T01:02:27.652+0600][31.723s][info][gc,heap        ] GC(50) Old regions: 254->257
[2026-04-03T01:02:27.652+0600][31.723s][info][gc,heap        ] GC(50) Humongous regions: 2->2
[2026-04-03T01:02:27.652+0600][31.723s][info][gc,metaspace   ] GC(50) Metaspace: 10198K(10368K)->10198K(10368K) NonClass: 9308K(9408K)->9308K(9408K) Class: 889K(960K)->889K(960K)
[2026-04-03T01:02:27.652+0600][31.723s][info][gc             ] GC(50) Pause Young (Normal) (G1 Evacuation Pause) 1439M->580M(1558M) 38.316ms
[2026-04-03T01:02:27.652+0600][31.723s][info][gc,cpu         ] GC(50) User=0.36s Sys=0.00s Real=0.04s
[2026-04-03T01:02:28.265+0600][32.336s][info][gc,start       ] GC(51) Pause Young (Normal) (G1 Evacuation Pause)
[2026-04-03T01:02:28.265+0600][32.336s][info][gc,task        ] GC(51) Using 10 workers of 10 for evacuation
[2026-04-03T01:02:28.303+0600][32.374s][info][gc,phases      ] GC(51)   Pre Evacuate Collection Set: 0.42ms
[2026-04-03T01:02:28.303+0600][32.374s][info][gc,phases      ] GC(51)   Merge Heap Roots: 0.28ms
[2026-04-03T01:02:28.303+0600][32.374s][info][gc,phases      ] GC(51)   Evacuate Collection Set: 35.76ms
[2026-04-03T01:02:28.303+0600][32.374s][info][gc,phases      ] GC(51)   Post Evacuate Collection Set: 1.19ms
[2026-04-03T01:02:28.303+0600][32.374s][info][gc,phases      ] GC(51)   Other: 0.16ms
[2026-04-03T01:02:28.303+0600][32.374s][info][gc,heap        ] GC(51) Eden regions: 432->0(433)
[2026-04-03T01:02:28.303+0600][32.374s][info][gc,heap        ] GC(51) Survivor regions: 35->34(59)
[2026-04-03T01:02:28.303+0600][32.374s][info][gc,heap        ] GC(51) Old regions: 257->260
[2026-04-03T01:02:28.303+0600][32.374s][info][gc,heap        ] GC(51) Humongous regions: 2->2
[2026-04-03T01:02:28.303+0600][32.374s][info][gc,metaspace   ] GC(51) Metaspace: 10198K(10368K)->10198K(10368K) NonClass: 9308K(9408K)->9308K(9408K) Class: 889K(960K)->889K(960K)
[2026-04-03T01:02:28.303+0600][32.374s][info][gc             ] GC(51) Pause Young (Normal) (G1 Evacuation Pause) 1444M->585M(1558M) 38.200ms
[2026-04-03T01:02:28.303+0600][32.374s][info][gc,cpu         ] GC(51) User=0.36s Sys=0.00s Real=0.04s
[2026-04-03T01:02:28.908+0600][32.979s][info][gc,start       ] GC(52) Pause Young (Normal) (G1 Evacuation Pause)
[2026-04-03T01:02:28.908+0600][32.979s][info][gc,task        ] GC(52) Using 10 workers of 10 for evacuation
[2026-04-03T01:02:28.946+0600][33.017s][info][gc,phases      ] GC(52)   Pre Evacuate Collection Set: 0.60ms
[2026-04-03T01:02:28.946+0600][33.017s][info][gc,phases      ] GC(52)   Merge Heap Roots: 0.36ms
[2026-04-03T01:02:28.946+0600][33.017s][info][gc,phases      ] GC(52)   Evacuate Collection Set: 34.95ms
[2026-04-03T01:02:28.946+0600][33.017s][info][gc,phases      ] GC(52)   Post Evacuate Collection Set: 1.33ms
[2026-04-03T01:02:28.946+0600][33.017s][info][gc,phases      ] GC(52)   Other: 0.22ms
[2026-04-03T01:02:28.946+0600][33.017s][info][gc,heap        ] GC(52) Eden regions: 433->0(433)
[2026-04-03T01:02:28.946+0600][33.017s][info][gc,heap        ] GC(52) Survivor regions: 34->34(59)
[2026-04-03T01:02:28.946+0600][33.017s][info][gc,heap        ] GC(52) Old regions: 260->263
[2026-04-03T01:02:28.946+0600][33.017s][info][gc,heap        ] GC(52) Humongous regions: 2->2
[2026-04-03T01:02:28.946+0600][33.017s][info][gc,metaspace   ] GC(52) Metaspace: 10198K(10368K)->10198K(10368K) NonClass: 9308K(9408K)->9308K(9408K) Class: 889K(960K)->889K(960K)
[2026-04-03T01:02:28.946+0600][33.017s][info][gc             ] GC(52) Pause Young (Normal) (G1 Evacuation Pause) 1451M->590M(1558M) 38.018ms
[2026-04-03T01:02:28.946+0600][33.017s][info][gc,cpu         ] GC(52) User=0.35s Sys=0.00s Real=0.04s
[2026-04-03T01:02:29.637+0600][33.708s][info][gc,start       ] GC(53) Pause Young (Normal) (G1 Evacuation Pause)
[2026-04-03T01:02:29.637+0600][33.708s][info][gc,task        ] GC(53) Using 10 workers of 10 for evacuation
[2026-04-03T01:02:29.673+0600][33.744s][info][gc,phases      ] GC(53)   Pre Evacuate Collection Set: 0.58ms
[2026-04-03T01:02:29.673+0600][33.744s][info][gc,phases      ] GC(53)   Merge Heap Roots: 0.34ms
[2026-04-03T01:02:29.673+0600][33.744s][info][gc,phases      ] GC(53)   Evacuate Collection Set: 33.20ms
[2026-04-03T01:02:29.673+0600][33.744s][info][gc,phases      ] GC(53)   Post Evacuate Collection Set: 1.39ms
[2026-04-03T01:02:29.673+0600][33.744s][info][gc,phases      ] GC(53)   Other: 0.24ms
[2026-04-03T01:02:29.673+0600][33.744s][info][gc,heap        ] GC(53) Eden regions: 433->0(431)
[2026-04-03T01:02:29.673+0600][33.744s][info][gc,heap        ] GC(53) Survivor regions: 34->36(59)
[2026-04-03T01:02:29.673+0600][33.744s][info][gc,heap        ] GC(53) Old regions: 263->266
[2026-04-03T01:02:29.673+0600][33.744s][info][gc,heap        ] GC(53) Humongous regions: 2->2
[2026-04-03T01:02:29.673+0600][33.744s][info][gc,metaspace   ] GC(53) Metaspace: 10198K(10368K)->10198K(10368K) NonClass: 9309K(9408K)->9309K(9408K) Class: 889K(960K)->889K(960K)
[2026-04-03T01:02:29.673+0600][33.744s][info][gc             ] GC(53) Pause Young (Normal) (G1 Evacuation Pause) 1456M->599M(1558M) 36.203ms
[2026-04-03T01:02:29.673+0600][33.744s][info][gc,cpu         ] GC(53) User=0.33s Sys=0.01s Real=0.04s
[2026-04-03T01:02:31.687+0600][35.759s][info][gc,start       ] GC(54) Pause Young (Normal) (G1 Evacuation Pause)
[2026-04-03T01:02:31.688+0600][35.759s][info][gc,task        ] GC(54) Using 10 workers of 10 for evacuation
[2026-04-03T01:02:31.782+0600][35.853s][info][gc,phases      ] GC(54)   Pre Evacuate Collection Set: 0.28ms
[2026-04-03T01:02:31.782+0600][35.853s][info][gc,phases      ] GC(54)   Merge Heap Roots: 0.18ms
[2026-04-03T01:02:31.782+0600][35.853s][info][gc,phases      ] GC(54)   Evacuate Collection Set: 92.94ms
[2026-04-03T01:02:31.782+0600][35.853s][info][gc,phases      ] GC(54)   Post Evacuate Collection Set: 0.89ms
[2026-04-03T01:02:31.782+0600][35.853s][info][gc,phases      ] GC(54)   Other: 0.15ms
[2026-04-03T01:02:31.782+0600][35.853s][info][gc,heap        ] GC(54) Eden regions: 431->0(403)
[2026-04-03T01:02:31.782+0600][35.853s][info][gc,heap        ] GC(54) Survivor regions: 36->59(59)
[2026-04-03T01:02:31.782+0600][35.853s][info][gc,heap        ] GC(54) Old regions: 266->287
[2026-04-03T01:02:31.782+0600][35.853s][info][gc,heap        ] GC(54) Humongous regions: 2->2
[2026-04-03T01:02:31.782+0600][35.853s][info][gc,metaspace   ] GC(54) Metaspace: 10399K(10688K)->10399K(10688K) NonClass: 9497K(9664K)->9497K(9664K) Class: 901K(1024K)->901K(1024K)
[2026-04-03T01:02:31.782+0600][35.853s][info][gc             ] GC(54) Pause Young (Normal) (G1 Evacuation Pause) 1461M->689M(1630M) 94.708ms
[2026-04-03T01:02:31.782+0600][35.853s][info][gc,cpu         ] GC(54) User=0.83s Sys=0.10s Real=0.10s
[2026-04-03T01:02:33.150+0600][37.221s][info][gc,start       ] GC(55) Pause Young (Normal) (G1 Evacuation Pause)
[2026-04-03T01:02:33.150+0600][37.221s][info][gc,task        ] GC(55) Using 10 workers of 10 for evacuation
[2026-04-03T01:02:33.256+0600][37.327s][info][gc,phases      ] GC(55)   Pre Evacuate Collection Set: 0.34ms
[2026-04-03T01:02:33.256+0600][37.327s][info][gc,phases      ] GC(55)   Merge Heap Roots: 0.28ms
[2026-04-03T01:02:33.256+0600][37.327s][info][gc,phases      ] GC(55)   Evacuate Collection Set: 104.25ms
[2026-04-03T01:02:33.256+0600][37.327s][info][gc,phases      ] GC(55)   Post Evacuate Collection Set: 0.67ms
[2026-04-03T01:02:33.256+0600][37.327s][info][gc,phases      ] GC(55)   Other: 0.10ms
[2026-04-03T01:02:33.256+0600][37.327s][info][gc,heap        ] GC(55) Eden regions: 403->0(383)
[2026-04-03T01:02:33.256+0600][37.327s][info][gc,heap        ] GC(55) Survivor regions: 59->44(58)
[2026-04-03T01:02:33.256+0600][37.327s][info][gc,heap        ] GC(55) Old regions: 287->339
[2026-04-03T01:02:33.256+0600][37.327s][info][gc,heap        ] GC(55) Humongous regions: 2->2
[2026-04-03T01:02:33.256+0600][37.327s][info][gc,metaspace   ] GC(55) Metaspace: 10400K(10688K)->10400K(10688K) NonClass: 9498K(9664K)->9498K(9664K) Class: 901K(1024K)->901K(1024K)
[2026-04-03T01:02:33.256+0600][37.327s][info][gc             ] GC(55) Pause Young (Normal) (G1 Evacuation Pause) 1495M->762M(1694M) 105.910ms
[2026-04-03T01:02:33.256+0600][37.327s][info][gc,cpu         ] GC(55) User=0.95s Sys=0.09s Real=0.10s
[2026-04-03T01:02:34.709+0600][38.780s][info][gc,start       ] GC(56) Pause Young (Normal) (G1 Evacuation Pause)
[2026-04-03T01:02:34.709+0600][38.780s][info][gc,task        ] GC(56) Using 10 workers of 10 for evacuation
[2026-04-03T01:02:34.717+0600][38.788s][info][gc,phases      ] GC(56)   Pre Evacuate Collection Set: 0.38ms
[2026-04-03T01:02:34.717+0600][38.788s][info][gc,phases      ] GC(56)   Merge Heap Roots: 0.18ms
[2026-04-03T01:02:34.717+0600][38.788s][info][gc,phases      ] GC(56)   Evacuate Collection Set: 5.29ms
[2026-04-03T01:02:34.717+0600][38.788s][info][gc,phases      ] GC(56)   Post Evacuate Collection Set: 1.11ms
[2026-04-03T01:02:34.717+0600][38.788s][info][gc,phases      ] GC(56)   Other: 0.16ms
[2026-04-03T01:02:34.717+0600][38.788s][info][gc,heap        ] GC(56) Eden regions: 383->0(418)
[2026-04-03T01:02:34.717+0600][38.788s][info][gc,heap        ] GC(56) Survivor regions: 44->11(54)
[2026-04-03T01:02:34.717+0600][38.788s][info][gc,heap        ] GC(56) Old regions: 339->342
[2026-04-03T01:02:34.717+0600][38.788s][info][gc,heap        ] GC(56) Humongous regions: 2->2
[2026-04-03T01:02:34.717+0600][38.788s][info][gc,metaspace   ] GC(56) Metaspace: 10401K(10688K)->10401K(10688K) NonClass: 9499K(9664K)->9499K(9664K) Class: 901K(1024K)->901K(1024K)
[2026-04-03T01:02:34.717+0600][38.788s][info][gc             ] GC(56) Pause Young (Normal) (G1 Evacuation Pause) 1528M->701M(1694M) 7.377ms
[2026-04-03T01:02:34.717+0600][38.788s][info][gc,cpu         ] GC(56) User=0.05s Sys=0.00s Real=0.01s
[2026-04-03T01:02:35.725+0600][39.796s][info][gc,start       ] GC(57) Pause Young (Normal) (G1 Evacuation Pause)
[2026-04-03T01:02:35.725+0600][39.796s][info][gc,task        ] GC(57) Using 10 workers of 10 for evacuation
[2026-04-03T01:02:35.765+0600][39.836s][info][gc,phases      ] GC(57)   Pre Evacuate Collection Set: 0.33ms
[2026-04-03T01:02:35.765+0600][39.836s][info][gc,phases      ] GC(57)   Merge Heap Roots: 0.22ms
[2026-04-03T01:02:35.765+0600][39.836s][info][gc,phases      ] GC(57)   Evacuate Collection Set: 37.79ms
[2026-04-03T01:02:35.765+0600][39.836s][info][gc,phases      ] GC(57)   Post Evacuate Collection Set: 0.97ms
[2026-04-03T01:02:35.765+0600][39.836s][info][gc,phases      ] GC(57)   Other: 0.12ms
[2026-04-03T01:02:35.765+0600][39.836s][info][gc,heap        ] GC(57) Eden regions: 418->0(381)
[2026-04-03T01:02:35.765+0600][39.836s][info][gc,heap        ] GC(57) Survivor regions: 11->43(54)
[2026-04-03T01:02:35.765+0600][39.836s][info][gc,heap        ] GC(57) Old regions: 342->342
[2026-04-03T01:02:35.765+0600][39.836s][info][gc,heap        ] GC(57) Humongous regions: 2->2
[2026-04-03T01:02:35.765+0600][39.836s][info][gc,metaspace   ] GC(57) Metaspace: 10408K(10688K)->10408K(10688K) NonClass: 9506K(9664K)->9506K(9664K) Class: 901K(1024K)->901K(1024K)
[2026-04-03T01:02:35.765+0600][39.836s][info][gc             ] GC(57) Pause Young (Normal) (G1 Evacuation Pause) 1537M->765M(1694M) 39.719ms
[2026-04-03T01:02:35.765+0600][39.836s][info][gc,cpu         ] GC(57) User=0.42s Sys=0.00s Real=0.04s
[2026-04-03T01:02:36.837+0600][40.908s][info][gc,start       ] GC(58) Pause Young (Normal) (G1 Evacuation Pause)
[2026-04-03T01:02:36.837+0600][40.909s][info][gc,task        ] GC(58) Using 10 workers of 10 for evacuation
[2026-04-03T01:02:36.904+0600][40.975s][info][gc,phases      ] GC(58)   Pre Evacuate Collection Set: 0.46ms
[2026-04-03T01:02:36.904+0600][40.975s][info][gc,phases      ] GC(58)   Merge Heap Roots: 0.15ms
[2026-04-03T01:02:36.904+0600][40.975s][info][gc,phases      ] GC(58)   Evacuate Collection Set: 64.20ms
[2026-04-03T01:02:36.904+0600][40.975s][info][gc,phases      ] GC(58)   Post Evacuate Collection Set: 1.35ms
[2026-04-03T01:02:36.904+0600][40.975s][info][gc,phases      ] GC(58)   Other: 0.17ms
[2026-04-03T01:02:36.904+0600][40.975s][info][gc,heap        ] GC(58) Eden regions: 381->0(345)
[2026-04-03T01:02:36.904+0600][40.975s][info][gc,heap        ] GC(58) Survivor regions: 43->45(53)
[2026-04-03T01:02:36.904+0600][40.975s][info][gc,heap        ] GC(58) Old regions: 342->370
[2026-04-03T01:02:36.904+0600][40.975s][info][gc,heap        ] GC(58) Humongous regions: 2->2
[2026-04-03T01:02:36.904+0600][40.975s][info][gc,metaspace   ] GC(58) Metaspace: 10408K(10688K)->10408K(10688K) NonClass: 9506K(9664K)->9506K(9664K) Class: 901K(1024K)->901K(1024K)
[2026-04-03T01:02:36.904+0600][40.975s][info][gc             ] GC(58) Pause Young (Normal) (G1 Evacuation Pause) 1527M->827M(1694M) 66.647ms
[2026-04-03T01:02:36.904+0600][40.975s][info][gc,cpu         ] GC(58) User=0.64s Sys=0.01s Real=0.07s
[2026-04-03T01:02:37.846+0600][41.918s][info][gc,heap,exit   ] Heap
[2026-04-03T01:02:37.846+0600][41.918s][info][gc,heap,exit   ]  garbage-first heap   total 1734656K, used 1204960K [0x000000070ae00000, 0x0000000800000000)
[2026-04-03T01:02:37.847+0600][41.918s][info][gc,heap,exit   ]   region size 2048K, 220 young (450560K), 45 survivors (92160K)
[2026-04-03T01:02:37.847+0600][41.918s][info][gc,heap,exit   ]  Metaspace       used 10481K, committed 10752K, reserved 1114112K
[2026-04-03T01:02:37.847+0600][41.918s][info][gc,heap,exit   ]   class space    used 910K, committed 1024K, reserved 1048576K
