[2026-04-03T00:59:43.696+0600][0.006s][info][gc,init] Initializing The Z Garbage Collector
[2026-04-03T00:59:43.696+0600][0.006s][info][gc,init] Version: 21.0.10+7-Ubuntu-124.04 (release)
[2026-04-03T00:59:43.696+0600][0.006s][info][gc,init] NUMA Support: Disabled
[2026-04-03T00:59:43.696+0600][0.006s][info][gc,init] CPUs: 12 total, 12 available
[2026-04-03T00:59:43.696+0600][0.006s][info][gc,init] Memory: 15683M
[2026-04-03T00:59:43.696+0600][0.006s][info][gc,init] Large Page Support: Disabled
[2026-04-03T00:59:43.696+0600][0.006s][info][gc,init] Address Space Type: Contiguous/Unrestricted/Complete
[2026-04-03T00:59:43.696+0600][0.006s][info][gc,init] Address Space Size: 62752M
[2026-04-03T00:59:43.696+0600][0.006s][info][gc,init] Heap Backing File: /memfd:java_heap
[2026-04-03T00:59:43.696+0600][0.006s][info][gc,init] Heap Backing Filesystem: tmpfs (0x1021994)
[2026-04-03T00:59:43.697+0600][0.007s][info][gc,init] Min Capacity: 8M
[2026-04-03T00:59:43.697+0600][0.007s][info][gc,init] Initial Capacity: 246M
[2026-04-03T00:59:43.697+0600][0.007s][info][gc,init] Max Capacity: 3922M
[2026-04-03T00:59:43.697+0600][0.007s][info][gc,init] Soft Max Capacity: 3529M
[2026-04-03T00:59:43.697+0600][0.007s][info][gc,init] Medium Page Size: 32M
[2026-04-03T00:59:43.697+0600][0.007s][info][gc,init] Pre-touch: Disabled
[2026-04-03T00:59:43.697+0600][0.007s][info][gc,init] Available space on backing filesystem: N/A
[2026-04-03T00:59:43.698+0600][0.008s][info][gc,init] Uncommit: Enabled
[2026-04-03T00:59:43.698+0600][0.008s][info][gc,init] Uncommit Delay: 300s
[2026-04-03T00:59:43.698+0600][0.008s][info][gc,init] GC Workers for Old Generation: 3 (dynamic)
[2026-04-03T00:59:43.699+0600][0.008s][info][gc,init] GC Workers for Young Generation: 3 (dynamic)
[2026-04-03T00:59:43.818+0600][0.127s][info][gc,init] GC Workers Max: 3 (dynamic)
[2026-04-03T00:59:43.819+0600][0.128s][info][gc,init] Runtime Workers: 8
[2026-04-03T00:59:43.820+0600][0.130s][info][gc     ] Using The Z Garbage Collector
[2026-04-03T00:59:43.836+0600][0.146s][info][gc,metaspace] CDS archive(s) mapped at: [0x000076e227000000-0x000076e227c9c000-0x000076e227c9c000), size 13221888, SharedBaseAddress: 0x000076e227000000, ArchiveRelocationMode: 1.
[2026-04-03T00:59:43.836+0600][0.146s][info][gc,metaspace] Compressed class space mapped at: 0x000076e228000000-0x000076e268000000, reserved size: 1073741824
[2026-04-03T00:59:43.836+0600][0.146s][info][gc,metaspace] Narrow klass base: 0x000076e227000000, Narrow klass shift: 0, Narrow klass range: 0x100000000
[2026-04-03T00:59:45.983+0600][2.293s][info][gc          ] GC(0) Major Collection (Warmup)
[2026-04-03T00:59:45.983+0600][2.293s][info][gc,task     ] GC(0) Using 3 Workers for Young Generation
[2026-04-03T00:59:45.983+0600][2.293s][info][gc,task     ] GC(0) Using 2 Workers for Old Generation
[2026-04-03T00:59:45.983+0600][2.293s][info][gc,phases   ] GC(0) Y: Young Generation
[2026-04-03T00:59:45.983+0600][2.293s][info][gc,phases   ] GC(0) Y: Pause Mark Start (Major) 0.020ms
[2026-04-03T00:59:46.078+0600][2.388s][info][gc,phases   ] GC(0) Y: Concurrent Mark 94.562ms
[2026-04-03T00:59:46.078+0600][2.388s][info][gc,phases   ] GC(0) Y: Pause Mark End 0.022ms
[2026-04-03T00:59:46.078+0600][2.388s][info][gc,phases   ] GC(0) Y: Concurrent Mark Free 0.001ms
[2026-04-03T00:59:46.078+0600][2.388s][info][gc,phases   ] GC(0) Y: Concurrent Reset Relocation Set 0.001ms
[2026-04-03T00:59:46.088+0600][2.398s][info][gc,reloc    ] GC(0) Y: Using tenuring threshold: 1 (Computed)
[2026-04-03T00:59:46.093+0600][2.402s][info][gc,phases   ] GC(0) Y: Concurrent Select Relocation Set 14.344ms
[2026-04-03T00:59:46.093+0600][2.403s][info][gc,phases   ] GC(0) Y: Pause Relocate Start 0.018ms
[2026-04-03T00:59:46.124+0600][2.434s][info][gc,phases   ] GC(0) Y: Concurrent Relocate 31.158ms
[2026-04-03T00:59:46.124+0600][2.434s][info][gc,alloc    ] GC(0) Y:                         Mark Start        Mark End      Relocate Start    Relocate End   
[2026-04-03T00:59:46.124+0600][2.434s][info][gc,alloc    ] GC(0) Y: Allocation Stalls:          0                0                0                0         
[2026-04-03T00:59:46.124+0600][2.434s][info][gc,load     ] GC(0) Y: Load: 5.14 (43%) / 2.23 (19%) / 1.60 (13%)
[2026-04-03T00:59:46.124+0600][2.434s][info][gc,mmu      ] GC(0) Y: MMU: 2ms/98.9%, 5ms/99.6%, 10ms/99.8%, 20ms/99.8%, 50ms/99.9%, 100ms/100.0%
[2026-04-03T00:59:46.124+0600][2.434s][info][gc,marking  ] GC(0) Y: Mark: 2 stripe(s), 10 proactive flush(es), 1 terminate flush(es), 0 completion(s), 0 continuation(s) 
[2026-04-03T00:59:46.124+0600][2.434s][info][gc,marking  ] GC(0) Y: Mark Stack Usage: 32M
[2026-04-03T00:59:46.124+0600][2.434s][info][gc,nmethod  ] GC(0) Y: NMethods: 2021 registered, 0 unregistered
[2026-04-03T00:59:46.124+0600][2.434s][info][gc,metaspace] GC(0) Y: Metaspace: 8M used, 8M committed, 1088M reserved
[2026-04-03T00:59:46.124+0600][2.434s][info][gc,reloc    ] GC(0) Y:                        Candidates     Selected     In-Place         Size        Empty    Relocated 
[2026-04-03T00:59:46.124+0600][2.434s][info][gc,reloc    ] GC(0) Y: Small Pages:                  164          149            0         328M           0M          20M 
[2026-04-03T00:59:46.124+0600][2.434s][info][gc,reloc    ] GC(0) Y: Medium Pages:                   1            0            0          32M           0M           0M 
[2026-04-03T00:59:46.124+0600][2.434s][info][gc,reloc    ] GC(0) Y: Large Pages:                    0            0            0           0M           0M           0M 
[2026-04-03T00:59:46.124+0600][2.434s][info][gc,reloc    ] GC(0) Y: Forwarding Usage: 11M
[2026-04-03T00:59:46.124+0600][2.434s][info][gc,reloc    ] GC(0) Y: Age Table:
[2026-04-03T00:59:46.124+0600][2.434s][info][gc,reloc    ] GC(0) Y:                    Live             Garbage             Small              Medium             Large        
[2026-04-03T00:59:46.125+0600][2.434s][info][gc,reloc    ] GC(0) Y: Eden              27M (1%)          332M (8%)         164 / 149            1 / 0              0 / 0        
[2026-04-03T00:59:46.125+0600][2.434s][info][gc,heap     ] GC(0) Y: Min Capacity: 8M(0%)
[2026-04-03T00:59:46.125+0600][2.434s][info][gc,heap     ] GC(0) Y: Max Capacity: 3922M(100%)
[2026-04-03T00:59:46.125+0600][2.434s][info][gc,heap     ] GC(0) Y: Soft Max Capacity: 3529M(90%)
[2026-04-03T00:59:46.125+0600][2.434s][info][gc,heap     ] GC(0) Y: Heap Statistics:
[2026-04-03T00:59:46.125+0600][2.434s][info][gc,heap     ] GC(0) Y:                Mark Start          Mark End        Relocate Start      Relocate End           High               Low         
[2026-04-03T00:59:46.125+0600][2.434s][info][gc,heap     ] GC(0) Y:  Capacity:      360M (9%)          392M (10%)         398M (10%)         412M (11%)         412M (11%)         360M (9%)     
[2026-04-03T00:59:46.125+0600][2.434s][info][gc,heap     ] GC(0) Y:      Free:     3562M (91%)        3530M (90%)        3524M (90%)        3802M (97%)        3802M (97%)        3510M (89%)    
[2026-04-03T00:59:46.125+0600][2.434s][info][gc,heap     ] GC(0) Y:      Used:      360M (9%)          392M (10%)         398M (10%)         120M (3%)          412M (11%)         120M (3%)     
[2026-04-03T00:59:46.125+0600][2.434s][info][gc,heap     ] GC(0) Y: Young Generation Statistics:
[2026-04-03T00:59:46.125+0600][2.434s][info][gc,heap     ] GC(0) Y:                Mark Start          Mark End        Relocate Start      Relocate End    
[2026-04-03T00:59:46.125+0600][2.434s][info][gc,heap     ] GC(0) Y:      Used:      360M (9%)          392M (10%)         398M (10%)         120M (3%)     
[2026-04-03T00:59:46.125+0600][2.434s][info][gc,heap     ] GC(0) Y:      Live:         -                27M (1%)           27M (1%)           27M (1%)     
[2026-04-03T00:59:46.125+0600][2.434s][info][gc,heap     ] GC(0) Y:   Garbage:         -               332M (8%)          332M (8%)           30M (1%)     
[2026-04-03T00:59:46.125+0600][2.434s][info][gc,heap     ] GC(0) Y: Allocated:         -                32M (1%)           38M (1%)           62M (2%)     
[2026-04-03T00:59:46.125+0600][2.434s][info][gc,heap     ] GC(0) Y: Reclaimed:         -                  -                 0M (0%)          302M (8%)     
[2026-04-03T00:59:46.125+0600][2.434s][info][gc,heap     ] GC(0) Y:  Promoted:         -                  -                 0M (0%)            0M (0%)     
[2026-04-03T00:59:46.125+0600][2.435s][info][gc,heap     ] GC(0) Y: Compacted:         -                  -                  -                23M (1%)     
[2026-04-03T00:59:46.125+0600][2.435s][info][gc,phases   ] GC(0) Y: Young Generation 360M(9%)->120M(3%) 0.141s
[2026-04-03T00:59:46.125+0600][2.435s][info][gc,phases   ] GC(0) O: Old Generation
[2026-04-03T00:59:46.125+0600][2.435s][info][gc,phases   ] GC(0) O: Concurrent Mark 0.816ms
[2026-04-03T00:59:46.126+0600][2.436s][info][gc,phases   ] GC(0) O: Pause Mark End 0.066ms
[2026-04-03T00:59:46.126+0600][2.436s][info][gc,phases   ] GC(0) O: Concurrent Mark Free 0.042ms
[2026-04-03T00:59:46.132+0600][2.441s][info][gc,phases   ] GC(0) O: Concurrent Process Non-Strong 5.685ms
[2026-04-03T00:59:46.132+0600][2.441s][info][gc,phases   ] GC(0) O: Concurrent Reset Relocation Set 0.001ms
[2026-04-03T00:59:46.134+0600][2.444s][info][gc,phases   ] GC(0) O: Concurrent Select Relocation Set 2.244ms
[2026-04-03T00:59:46.134+0600][2.444s][info][gc,task     ] GC(0) O: Using 3 Workers for Old Generation
[2026-04-03T00:59:46.150+0600][2.460s][info][gc,task     ] GC(0) O: Using 2 Workers for Old Generation
[2026-04-03T00:59:46.150+0600][2.460s][info][gc,phases   ] GC(0) O: Concurrent Remap Roots 16.067ms
[2026-04-03T00:59:46.150+0600][2.460s][info][gc,phases   ] GC(0) O: Pause Relocate Start 0.029ms
[2026-04-03T00:59:46.151+0600][2.460s][info][gc,phases   ] GC(0) O: Concurrent Relocate 0.130ms
[2026-04-03T00:59:46.151+0600][2.461s][info][gc,alloc    ] GC(0) O:                         Mark Start        Mark End      Relocate Start    Relocate End   
[2026-04-03T00:59:46.151+0600][2.461s][info][gc,alloc    ] GC(0) O: Allocation Stalls:          0                0                0                0         
[2026-04-03T00:59:46.151+0600][2.461s][info][gc,load     ] GC(0) O: Load: 5.14 (43%) / 2.23 (19%) / 1.60 (13%)
[2026-04-03T00:59:46.151+0600][2.461s][info][gc,mmu      ] GC(0) O: MMU: 2ms/96.7%, 5ms/98.7%, 10ms/99.3%, 20ms/99.7%, 50ms/99.8%, 100ms/99.9%
[2026-04-03T00:59:46.151+0600][2.461s][info][gc,marking  ] GC(0) O: Mark: 2 stripe(s), 1 proactive flush(es), 1 terminate flush(es), 0 completion(s), 0 continuation(s) 
[2026-04-03T00:59:46.151+0600][2.461s][info][gc,marking  ] GC(0) O: Mark Stack Usage: 0M
[2026-04-03T00:59:46.151+0600][2.461s][info][gc,nmethod  ] GC(0) O: NMethods: 1548 registered, 477 unregistered
[2026-04-03T00:59:46.151+0600][2.461s][info][gc,metaspace] GC(0) O: Metaspace: 8M used, 8M committed, 1088M reserved
[2026-04-03T00:59:46.151+0600][2.461s][info][gc,ref      ] GC(0) O:                       Encountered   Discovered     Enqueued 
[2026-04-03T00:59:46.151+0600][2.461s][info][gc,ref      ] GC(0) O: Soft References:              223            0            0 
[2026-04-03T00:59:46.151+0600][2.461s][info][gc,ref      ] GC(0) O: Weak References:              610            0            0 
[2026-04-03T00:59:46.151+0600][2.461s][info][gc,ref      ] GC(0) O: Final References:               3            0            0 
[2026-04-03T00:59:46.151+0600][2.461s][info][gc,ref      ] GC(0) O: Phantom References:            49            0            0 
[2026-04-03T00:59:46.151+0600][2.461s][info][gc,heap     ] GC(0) O: Min Capacity: 8M(0%)
[2026-04-03T00:59:46.151+0600][2.461s][info][gc,heap     ] GC(0) O: Max Capacity: 3922M(100%)
[2026-04-03T00:59:46.151+0600][2.461s][info][gc,heap     ] GC(0) O: Soft Max Capacity: 3529M(90%)
[2026-04-03T00:59:46.151+0600][2.461s][info][gc,heap     ] GC(0) O: Heap Statistics:
[2026-04-03T00:59:46.151+0600][2.461s][info][gc,heap     ] GC(0) O:                Mark Start          Mark End        Relocate Start      Relocate End           High               Low         
[2026-04-03T00:59:46.151+0600][2.461s][info][gc,heap     ] GC(0) O:  Capacity:      360M (9%)          412M (11%)         412M (11%)         412M (11%)         412M (11%)         360M (9%)     
[2026-04-03T00:59:46.151+0600][2.461s][info][gc,heap     ] GC(0) O:      Free:     3562M (91%)        3802M (97%)        3790M (97%)        3790M (97%)        3802M (97%)        3510M (89%)    
[2026-04-03T00:59:46.151+0600][2.461s][info][gc,heap     ] GC(0) O:      Used:      360M (9%)          120M (3%)          132M (3%)          132M (3%)          412M (11%)         120M (3%)     
[2026-04-03T00:59:46.151+0600][2.461s][info][gc,heap     ] GC(0) O: Old Generation Statistics:
[2026-04-03T00:59:46.151+0600][2.461s][info][gc,heap     ] GC(0) O:                Mark Start          Mark End        Relocate Start      Relocate End    
[2026-04-03T00:59:46.151+0600][2.461s][info][gc,heap     ] GC(0) O:      Used:        0M (0%)            0M (0%)            0M (0%)            0M (0%)     
[2026-04-03T00:59:46.151+0600][2.461s][info][gc,heap     ] GC(0) O:      Live:         -                 0M (0%)            0M (0%)            0M (0%)     
[2026-04-03T00:59:46.151+0600][2.461s][info][gc,heap     ] GC(0) O:   Garbage:         -                 0M (0%)            0M (0%)            0M (0%)     
[2026-04-03T00:59:46.151+0600][2.461s][info][gc,heap     ] GC(0) O: Allocated:         -                 0M (0%)            0M (0%)            0M (0%)     
[2026-04-03T00:59:46.151+0600][2.461s][info][gc,heap     ] GC(0) O: Reclaimed:         -                  -                 0M (0%)            0M (0%)     
[2026-04-03T00:59:46.151+0600][2.461s][info][gc,heap     ] GC(0) O: Compacted:         -                  -                  -                 0M (0%)     
[2026-04-03T00:59:46.151+0600][2.461s][info][gc,phases   ] GC(0) O: Old Generation 120M(3%)->132M(3%) 0.026s
[2026-04-03T00:59:46.151+0600][2.461s][info][gc          ] GC(0) Major Collection (Warmup) 360M(9%)->132M(3%) 0.168s
[2026-04-03T00:59:47.134+0600][3.444s][info][gc          ] GC(1) Major Collection (Warmup)
[2026-04-03T00:59:47.134+0600][3.444s][info][gc,task     ] GC(1) Using 3 Workers for Young Generation
[2026-04-03T00:59:47.134+0600][3.444s][info][gc,task     ] GC(1) Using 1 Workers for Old Generation
[2026-04-03T00:59:47.134+0600][3.444s][info][gc,phases   ] GC(1) Y: Young Generation
[2026-04-03T00:59:47.135+0600][3.445s][info][gc,phases   ] GC(1) Y: Pause Mark Start (Major) 0.026ms
[2026-04-03T00:59:47.315+0600][3.624s][info][gc,phases   ] GC(1) Y: Concurrent Mark 179.903ms
[2026-04-03T00:59:47.315+0600][3.625s][info][gc,phases   ] GC(1) Y: Pause Mark End 0.031ms
[2026-04-03T00:59:47.315+0600][3.625s][info][gc,phases   ] GC(1) Y: Concurrent Mark Free 0.001ms
[2026-04-03T00:59:47.315+0600][3.625s][info][gc,phases   ] GC(1) Y: Concurrent Reset Relocation Set 0.031ms
[2026-04-03T00:59:47.320+0600][3.630s][info][gc,reloc    ] GC(1) Y: Using tenuring threshold: 2 (Computed)
[2026-04-03T00:59:47.324+0600][3.634s][info][gc,phases   ] GC(1) Y: Concurrent Select Relocation Set 9.183ms
[2026-04-03T00:59:47.324+0600][3.634s][info][gc,phases   ] GC(1) Y: Pause Relocate Start 0.026ms
[2026-04-03T00:59:47.394+0600][3.704s][info][gc,phases   ] GC(1) Y: Concurrent Relocate 69.908ms
[2026-04-03T00:59:47.395+0600][3.704s][info][gc,alloc    ] GC(1) Y:                         Mark Start        Mark End      Relocate Start    Relocate End   
[2026-04-03T00:59:47.395+0600][3.704s][info][gc,alloc    ] GC(1) Y: Allocation Stalls:          0                0                0                0         
[2026-04-03T00:59:47.395+0600][3.704s][info][gc,load     ] GC(1) Y: Load: 5.14 (43%) / 2.23 (19%) / 1.60 (13%)
[2026-04-03T00:59:47.395+0600][3.705s][info][gc,mmu      ] GC(1) Y: MMU: 2ms/96.7%, 5ms/98.7%, 10ms/99.3%, 20ms/99.7%, 50ms/99.8%, 100ms/99.9%
[2026-04-03T00:59:47.395+0600][3.705s][info][gc,marking  ] GC(1) Y: Mark: 2 stripe(s), 10 proactive flush(es), 1 terminate flush(es), 0 completion(s), 0 continuation(s) 
[2026-04-03T00:59:47.395+0600][3.705s][info][gc,marking  ] GC(1) Y: Mark Stack Usage: 32M
[2026-04-03T00:59:47.395+0600][3.705s][info][gc,nmethod  ] GC(1) Y: NMethods: 1615 registered, 477 unregistered
[2026-04-03T00:59:47.395+0600][3.705s][info][gc,metaspace] GC(1) Y: Metaspace: 8M used, 8M committed, 1088M reserved
[2026-04-03T00:59:47.395+0600][3.705s][info][gc,reloc    ] GC(1) Y:                        Candidates     Selected     In-Place         Size        Empty    Relocated 
[2026-04-03T00:59:47.395+0600][3.705s][info][gc,reloc    ] GC(1) Y: Small Pages:                  337          300            0         674M           0M          36M 
[2026-04-03T00:59:47.395+0600][3.705s][info][gc,reloc    ] GC(1) Y: Medium Pages:                   1            0            0          32M           0M           0M 
[2026-04-03T00:59:47.395+0600][3.705s][info][gc,reloc    ] GC(1) Y: Large Pages:                    0            0            0           0M           0M           0M 
[2026-04-03T00:59:47.395+0600][3.705s][info][gc,reloc    ] GC(1) Y: Forwarding Usage: 18M
[2026-04-03T00:59:47.395+0600][3.705s][info][gc,reloc    ] GC(1) Y: Age Table:
[2026-04-03T00:59:47.395+0600][3.705s][info][gc,reloc    ] GC(1) Y:                    Live             Garbage             Small              Medium             Large        
[2026-04-03T00:59:47.395+0600][3.705s][info][gc,reloc    ] GC(1) Y: Eden              40M (1%)          597M (15%)        319 / 296            0 / 0              0 / 0        
[2026-04-03T00:59:47.395+0600][3.705s][info][gc,reloc    ] GC(1) Y: Survivor 1        26M (1%)           41M (1%)          18 / 4              1 / 0              0 / 0        
[2026-04-03T00:59:47.395+0600][3.705s][info][gc,heap     ] GC(1) Y: Min Capacity: 8M(0%)
[2026-04-03T00:59:47.395+0600][3.705s][info][gc,heap     ] GC(1) Y: Max Capacity: 3922M(100%)
[2026-04-03T00:59:47.395+0600][3.705s][info][gc,heap     ] GC(1) Y: Soft Max Capacity: 3529M(90%)
[2026-04-03T00:59:47.395+0600][3.705s][info][gc,heap     ] GC(1) Y: Heap Statistics:
[2026-04-03T00:59:47.395+0600][3.705s][info][gc,heap     ] GC(1) Y:                Mark Start          Mark End        Relocate Start      Relocate End           High               Low         
[2026-04-03T00:59:47.395+0600][3.705s][info][gc,heap     ] GC(1) Y:  Capacity:      706M (18%)         772M (20%)         776M (20%)         788M (20%)         788M (20%)         706M (18%)    
[2026-04-03T00:59:47.395+0600][3.705s][info][gc,heap     ] GC(1) Y:      Free:     3216M (82%)        3150M (80%)        3146M (80%)        3702M (94%)        3702M (94%)        3134M (80%)    
[2026-04-03T00:59:47.395+0600][3.705s][info][gc,heap     ] GC(1) Y:      Used:      706M (18%)         772M (20%)         776M (20%)         220M (6%)          788M (20%)         220M (6%)     
[2026-04-03T00:59:47.395+0600][3.705s][info][gc,heap     ] GC(1) Y: Young Generation Statistics:
[2026-04-03T00:59:47.395+0600][3.705s][info][gc,heap     ] GC(1) Y:                Mark Start          Mark End        Relocate Start      Relocate End    
[2026-04-03T00:59:47.395+0600][3.705s][info][gc,heap     ] GC(1) Y:      Used:      706M (18%)         772M (20%)         776M (20%)         220M (6%)     
[2026-04-03T00:59:47.395+0600][3.705s][info][gc,heap     ] GC(1) Y:      Live:         -                66M (2%)           66M (2%)           66M (2%)     
[2026-04-03T00:59:47.395+0600][3.705s][info][gc,heap     ] GC(1) Y:   Garbage:         -               639M (16%)         639M (16%)          32M (1%)     
[2026-04-03T00:59:47.395+0600][3.705s][info][gc,heap     ] GC(1) Y: Allocated:         -                66M (2%)           70M (2%)          120M (3%)     
[2026-04-03T00:59:47.395+0600][3.705s][info][gc,heap     ] GC(1) Y: Reclaimed:         -                  -                 0M (0%)          606M (15%)    
[2026-04-03T00:59:47.395+0600][3.705s][info][gc,heap     ] GC(1) Y:  Promoted:         -                  -                 0M (0%)            0M (0%)     
[2026-04-03T00:59:47.395+0600][3.705s][info][gc,heap     ] GC(1) Y: Compacted:         -                  -                  -                41M (1%)     
[2026-04-03T00:59:47.395+0600][3.705s][info][gc,phases   ] GC(1) Y: Young Generation 706M(18%)->220M(6%) 0.260s
[2026-04-03T00:59:47.395+0600][3.705s][info][gc,phases   ] GC(1) O: Old Generation
[2026-04-03T00:59:47.396+0600][3.706s][info][gc,phases   ] GC(1) O: Concurrent Mark 1.304ms
[2026-04-03T00:59:47.397+0600][3.707s][info][gc,phases   ] GC(1) O: Pause Mark End 0.048ms
[2026-04-03T00:59:47.397+0600][3.707s][info][gc,phases   ] GC(1) O: Concurrent Mark Free 0.003ms
[2026-04-03T00:59:47.406+0600][3.716s][info][gc,phases   ] GC(1) O: Concurrent Process Non-Strong 8.771ms
[2026-04-03T00:59:47.406+0600][3.716s][info][gc,phases   ] GC(1) O: Concurrent Reset Relocation Set 0.002ms
[2026-04-03T00:59:47.412+0600][3.722s][info][gc,phases   ] GC(1) O: Concurrent Select Relocation Set 6.077ms
[2026-04-03T00:59:47.412+0600][3.722s][info][gc,task     ] GC(1) O: Using 3 Workers for Old Generation
[2026-04-03T00:59:47.429+0600][3.738s][info][gc,task     ] GC(1) O: Using 1 Workers for Old Generation
[2026-04-03T00:59:47.429+0600][3.739s][info][gc,phases   ] GC(1) O: Concurrent Remap Roots 16.743ms
[2026-04-03T00:59:47.429+0600][3.739s][info][gc,phases   ] GC(1) O: Pause Relocate Start 0.025ms
[2026-04-03T00:59:47.429+0600][3.739s][info][gc,phases   ] GC(1) O: Concurrent Relocate 0.250ms
[2026-04-03T00:59:47.429+0600][3.739s][info][gc,alloc    ] GC(1) O:                         Mark Start        Mark End      Relocate Start    Relocate End   
[2026-04-03T00:59:47.429+0600][3.739s][info][gc,alloc    ] GC(1) O: Allocation Stalls:          0                0                0                0         
[2026-04-03T00:59:47.429+0600][3.739s][info][gc,load     ] GC(1) O: Load: 5.14 (43%) / 2.23 (19%) / 1.60 (13%)
[2026-04-03T00:59:47.430+0600][3.739s][info][gc,mmu      ] GC(1) O: MMU: 2ms/96.7%, 5ms/98.7%, 10ms/99.3%, 20ms/99.7%, 50ms/99.8%, 100ms/99.9%
[2026-04-03T00:59:47.430+0600][3.739s][info][gc,marking  ] GC(1) O: Mark: 1 stripe(s), 1 proactive flush(es), 1 terminate flush(es), 0 completion(s), 0 continuation(s) 
[2026-04-03T00:59:47.430+0600][3.739s][info][gc,marking  ] GC(1) O: Mark Stack Usage: 0M
[2026-04-03T00:59:47.430+0600][3.739s][info][gc,nmethod  ] GC(1) O: NMethods: 1574 registered, 523 unregistered
[2026-04-03T00:59:47.430+0600][3.739s][info][gc,metaspace] GC(1) O: Metaspace: 8M used, 8M committed, 1088M reserved
[2026-04-03T00:59:47.430+0600][3.739s][info][gc,ref      ] GC(1) O:                       Encountered   Discovered     Enqueued 
[2026-04-03T00:59:47.430+0600][3.739s][info][gc,ref      ] GC(1) O: Soft References:              223            0            0 
[2026-04-03T00:59:47.430+0600][3.739s][info][gc,ref      ] GC(1) O: Weak References:              610            0            0 
[2026-04-03T00:59:47.430+0600][3.739s][info][gc,ref      ] GC(1) O: Final References:               3            0            0 
[2026-04-03T00:59:47.430+0600][3.739s][info][gc,ref      ] GC(1) O: Phantom References:            49            0            0 
[2026-04-03T00:59:47.430+0600][3.739s][info][gc,heap     ] GC(1) O: Min Capacity: 8M(0%)
[2026-04-03T00:59:47.430+0600][3.739s][info][gc,heap     ] GC(1) O: Max Capacity: 3922M(100%)
[2026-04-03T00:59:47.430+0600][3.739s][info][gc,heap     ] GC(1) O: Soft Max Capacity: 3529M(90%)
[2026-04-03T00:59:47.430+0600][3.739s][info][gc,heap     ] GC(1) O: Heap Statistics:
[2026-04-03T00:59:47.430+0600][3.739s][info][gc,heap     ] GC(1) O:                Mark Start          Mark End        Relocate Start      Relocate End           High               Low         
[2026-04-03T00:59:47.430+0600][3.739s][info][gc,heap     ] GC(1) O:  Capacity:      706M (18%)         788M (20%)         788M (20%)         788M (20%)         788M (20%)         706M (18%)    
[2026-04-03T00:59:47.430+0600][3.739s][info][gc,heap     ] GC(1) O:      Free:     3216M (82%)        3700M (94%)        3682M (94%)        3682M (94%)        3702M (94%)        3134M (80%)    
[2026-04-03T00:59:47.430+0600][3.740s][info][gc,heap     ] GC(1) O:      Used:      706M (18%)         222M (6%)          240M (6%)          240M (6%)          788M (20%)         220M (6%)     
[2026-04-03T00:59:47.430+0600][3.740s][info][gc,heap     ] GC(1) O: Old Generation Statistics:
[2026-04-03T00:59:47.430+0600][3.740s][info][gc,heap     ] GC(1) O:                Mark Start          Mark End        Relocate Start      Relocate End    
[2026-04-03T00:59:47.430+0600][3.740s][info][gc,heap     ] GC(1) O:      Used:        0M (0%)            0M (0%)            0M (0%)            0M (0%)     
[2026-04-03T00:59:47.430+0600][3.740s][info][gc,heap     ] GC(1) O:      Live:         -                 0M (0%)            0M (0%)            0M (0%)     
[2026-04-03T00:59:47.430+0600][3.740s][info][gc,heap     ] GC(1) O:   Garbage:         -                 0M (0%)            0M (0%)            0M (0%)     
[2026-04-03T00:59:47.430+0600][3.740s][info][gc,heap     ] GC(1) O: Allocated:         -                 0M (0%)            0M (0%)            0M (0%)     
[2026-04-03T00:59:47.430+0600][3.740s][info][gc,heap     ] GC(1) O: Reclaimed:         -                  -                 0M (0%)            0M (0%)     
[2026-04-03T00:59:47.430+0600][3.740s][info][gc,heap     ] GC(1) O: Compacted:         -                  -                  -                 0M (0%)     
[2026-04-03T00:59:47.430+0600][3.740s][info][gc,phases   ] GC(1) O: Old Generation 220M(6%)->240M(6%) 0.034s
[2026-04-03T00:59:47.430+0600][3.740s][info][gc          ] GC(1) Major Collection (Warmup) 706M(18%)->240M(6%) 0.295s
[2026-04-03T00:59:48.454+0600][4.764s][info][gc          ] GC(2) Major Collection (Warmup)
[2026-04-03T00:59:48.454+0600][4.764s][info][gc,task     ] GC(2) Using 3 Workers for Young Generation
[2026-04-03T00:59:48.454+0600][4.764s][info][gc,task     ] GC(2) Using 1 Workers for Old Generation
[2026-04-03T00:59:48.454+0600][4.764s][info][gc,phases   ] GC(2) Y: Young Generation
[2026-04-03T00:59:48.454+0600][4.764s][info][gc,phases   ] GC(2) Y: Pause Mark Start (Major) 0.021ms
[2026-04-03T00:59:48.686+0600][4.996s][info][gc,phases   ] GC(2) Y: Concurrent Mark 231.278ms
[2026-04-03T00:59:48.687+0600][4.997s][info][gc,phases   ] GC(2) Y: Pause Mark End 0.031ms
[2026-04-03T00:59:48.687+0600][4.997s][info][gc,phases   ] GC(2) Y: Concurrent Mark Free 0.001ms
[2026-04-03T00:59:48.687+0600][4.997s][info][gc,phases   ] GC(2) Y: Concurrent Reset Relocation Set 0.049ms
[2026-04-03T00:59:48.692+0600][5.002s][info][gc,reloc    ] GC(2) Y: Using tenuring threshold: 3 (Computed)
[2026-04-03T00:59:48.697+0600][5.006s][info][gc,phases   ] GC(2) Y: Concurrent Select Relocation Set 9.336ms
[2026-04-03T00:59:48.697+0600][5.007s][info][gc,phases   ] GC(2) Y: Pause Relocate Start 0.021ms
[2026-04-03T00:59:48.765+0600][5.075s][info][gc,phases   ] GC(2) Y: Concurrent Relocate 68.273ms
[2026-04-03T00:59:48.765+0600][5.075s][info][gc,alloc    ] GC(2) Y:                         Mark Start        Mark End      Relocate Start    Relocate End   
[2026-04-03T00:59:48.765+0600][5.075s][info][gc,alloc    ] GC(2) Y: Allocation Stalls:          0                0                0                0         
[2026-04-03T00:59:48.765+0600][5.075s][info][gc,load     ] GC(2) Y: Load: 5.21 (43%) / 2.30 (19%) / 1.63 (14%)
[2026-04-03T00:59:48.765+0600][5.075s][info][gc,mmu      ] GC(2) Y: MMU: 2ms/96.7%, 5ms/98.7%, 10ms/99.3%, 20ms/99.7%, 50ms/99.8%, 100ms/99.9%
[2026-04-03T00:59:48.765+0600][5.075s][info][gc,marking  ] GC(2) Y: Mark: 2 stripe(s), 2 proactive flush(es), 1 terminate flush(es), 0 completion(s), 0 continuation(s) 
[2026-04-03T00:59:48.765+0600][5.075s][info][gc,marking  ] GC(2) Y: Mark Stack Usage: 32M
[2026-04-03T00:59:48.765+0600][5.075s][info][gc,nmethod  ] GC(2) Y: NMethods: 1621 registered, 523 unregistered
[2026-04-03T00:59:48.765+0600][5.075s][info][gc,metaspace] GC(2) Y: Metaspace: 8M used, 8M committed, 1088M reserved
[2026-04-03T00:59:48.765+0600][5.075s][info][gc,reloc    ] GC(2) Y:                        Candidates     Selected     In-Place         Size        Empty    Relocated 
[2026-04-03T00:59:48.765+0600][5.075s][info][gc,reloc    ] GC(2) Y: Small Pages:                  515          448            0        1030M           0M          53M 
[2026-04-03T00:59:48.765+0600][5.075s][info][gc,reloc    ] GC(2) Y: Medium Pages:                   1            0            0          32M           0M           0M 
[2026-04-03T00:59:48.765+0600][5.075s][info][gc,reloc    ] GC(2) Y: Large Pages:                    0            0            0           0M           0M           0M 
[2026-04-03T00:59:48.765+0600][5.075s][info][gc,reloc    ] GC(2) Y: Forwarding Usage: 26M
[2026-04-03T00:59:48.765+0600][5.075s][info][gc,reloc    ] GC(2) Y: Age Table:
[2026-04-03T00:59:48.765+0600][5.075s][info][gc,reloc    ] GC(2) Y:                    Live             Garbage             Small              Medium             Large        
[2026-04-03T00:59:48.765+0600][5.075s][info][gc,reloc    ] GC(2) Y: Eden              58M (1%)          887M (23%)        473 / 439            0 / 0              0 / 0        
[2026-04-03T00:59:48.765+0600][5.075s][info][gc,reloc    ] GC(2) Y: Survivor 1        39M (1%)            8M (0%)          24 / 4              0 / 0              0 / 0        
[2026-04-03T00:59:48.765+0600][5.075s][info][gc,reloc    ] GC(2) Y: Survivor 2        26M (1%)           41M (1%)          18 / 5              1 / 0              0 / 0        
[2026-04-03T00:59:48.765+0600][5.075s][info][gc,heap     ] GC(2) Y: Min Capacity: 8M(0%)
[2026-04-03T00:59:48.765+0600][5.075s][info][gc,heap     ] GC(2) Y: Max Capacity: 3922M(100%)
[2026-04-03T00:59:48.765+0600][5.075s][info][gc,heap     ] GC(2) Y: Soft Max Capacity: 3529M(90%)
[2026-04-03T00:59:48.766+0600][5.075s][info][gc,heap     ] GC(2) Y: Heap Statistics:
[2026-04-03T00:59:48.766+0600][5.075s][info][gc,heap     ] GC(2) Y:                Mark Start          Mark End        Relocate Start      Relocate End           High               Low         
[2026-04-03T00:59:48.766+0600][5.075s][info][gc,heap     ] GC(2) Y:  Capacity:     1062M (27%)        1164M (30%)        1168M (30%)        1178M (30%)        1178M (30%)        1062M (27%)    
[2026-04-03T00:59:48.766+0600][5.075s][info][gc,heap     ] GC(2) Y:      Free:     2860M (73%)        2758M (70%)        2754M (70%)        3596M (92%)        3598M (92%)        2744M (70%)    
[2026-04-03T00:59:48.766+0600][5.075s][info][gc,heap     ] GC(2) Y:      Used:     1062M (27%)        1164M (30%)        1168M (30%)         326M (8%)         1178M (30%)         324M (8%)     
[2026-04-03T00:59:48.766+0600][5.075s][info][gc,heap     ] GC(2) Y: Young Generation Statistics:
[2026-04-03T00:59:48.766+0600][5.075s][info][gc,heap     ] GC(2) Y:                Mark Start          Mark End        Relocate Start      Relocate End    
[2026-04-03T00:59:48.766+0600][5.075s][info][gc,heap     ] GC(2) Y:      Used:     1062M (27%)        1164M (30%)        1168M (30%)         326M (8%)     
[2026-04-03T00:59:48.766+0600][5.075s][info][gc,heap     ] GC(2) Y:      Live:         -               124M (3%)          124M (3%)          124M (3%)     
[2026-04-03T00:59:48.766+0600][5.075s][info][gc,heap     ] GC(2) Y:   Garbage:         -               937M (24%)         937M (24%)          33M (1%)     
[2026-04-03T00:59:48.766+0600][5.075s][info][gc,heap     ] GC(2) Y: Allocated:         -               102M (3%)          106M (3%)          168M (4%)     
[2026-04-03T00:59:48.766+0600][5.075s][info][gc,heap     ] GC(2) Y: Reclaimed:         -                  -                 0M (0%)          904M (23%)    
[2026-04-03T00:59:48.766+0600][5.075s][info][gc,heap     ] GC(2) Y:  Promoted:         -                  -                 0M (0%)            0M (0%)     
[2026-04-03T00:59:48.766+0600][5.075s][info][gc,heap     ] GC(2) Y: Compacted:         -                  -                  -                59M (2%)     
[2026-04-03T00:59:48.766+0600][5.075s][info][gc,phases   ] GC(2) Y: Young Generation 1062M(27%)->326M(8%) 0.311s
[2026-04-03T00:59:48.766+0600][5.076s][info][gc,phases   ] GC(2) O: Old Generation
[2026-04-03T00:59:48.767+0600][5.077s][info][gc,phases   ] GC(2) O: Concurrent Mark 1.013ms
[2026-04-03T00:59:48.767+0600][5.077s][info][gc,phases   ] GC(2) O: Pause Mark End 0.065ms
[2026-04-03T00:59:48.767+0600][5.077s][info][gc,phases   ] GC(2) O: Concurrent Mark Free 0.001ms
[2026-04-03T00:59:48.772+0600][5.082s][info][gc,phases   ] GC(2) O: Concurrent Process Non-Strong 5.201ms
[2026-04-03T00:59:48.772+0600][5.082s][info][gc,phases   ] GC(2) O: Concurrent Reset Relocation Set 0.001ms
[2026-04-03T00:59:48.777+0600][5.087s][info][gc,phases   ] GC(2) O: Concurrent Select Relocation Set 4.177ms
[2026-04-03T00:59:48.777+0600][5.087s][info][gc,task     ] GC(2) O: Using 3 Workers for Old Generation
[2026-04-03T00:59:48.792+0600][5.102s][info][gc,task     ] GC(2) O: Using 1 Workers for Old Generation
[2026-04-03T00:59:48.792+0600][5.102s][info][gc,phases   ] GC(2) O: Concurrent Remap Roots 15.262ms
[2026-04-03T00:59:48.792+0600][5.102s][info][gc,phases   ] GC(2) O: Pause Relocate Start 0.049ms
[2026-04-03T00:59:48.793+0600][5.103s][info][gc,phases   ] GC(2) O: Concurrent Relocate 0.458ms
[2026-04-03T00:59:48.793+0600][5.103s][info][gc,alloc    ] GC(2) O:                         Mark Start        Mark End      Relocate Start    Relocate End   
[2026-04-03T00:59:48.793+0600][5.103s][info][gc,alloc    ] GC(2) O: Allocation Stalls:          0                0                0                0         
[2026-04-03T00:59:48.793+0600][5.103s][info][gc,load     ] GC(2) O: Load: 5.21 (43%) / 2.30 (19%) / 1.63 (14%)
[2026-04-03T00:59:48.793+0600][5.103s][info][gc,mmu      ] GC(2) O: MMU: 2ms/96.7%, 5ms/98.7%, 10ms/99.3%, 20ms/99.7%, 50ms/99.8%, 100ms/99.9%
[2026-04-03T00:59:48.793+0600][5.103s][info][gc,marking  ] GC(2) O: Mark: 1 stripe(s), 1 proactive flush(es), 1 terminate flush(es), 0 completion(s), 0 continuation(s) 
[2026-04-03T00:59:48.793+0600][5.103s][info][gc,marking  ] GC(2) O: Mark Stack Usage: 0M
[2026-04-03T00:59:48.793+0600][5.103s][info][gc,nmethod  ] GC(2) O: NMethods: 1600 registered, 544 unregistered
[2026-04-03T00:59:48.793+0600][5.103s][info][gc,metaspace] GC(2) O: Metaspace: 8M used, 8M committed, 1088M reserved
[2026-04-03T00:59:48.793+0600][5.103s][info][gc,ref      ] GC(2) O:                       Encountered   Discovered     Enqueued 
[2026-04-03T00:59:48.793+0600][5.103s][info][gc,ref      ] GC(2) O: Soft References:              223            0            0 
[2026-04-03T00:59:48.793+0600][5.103s][info][gc,ref      ] GC(2) O: Weak References:              610            0            0 
[2026-04-03T00:59:48.793+0600][5.103s][info][gc,ref      ] GC(2) O: Final References:               3            0            0 
[2026-04-03T00:59:48.793+0600][5.103s][info][gc,ref      ] GC(2) O: Phantom References:            49            0            0 
[2026-04-03T00:59:48.793+0600][5.103s][info][gc,heap     ] GC(2) O: Min Capacity: 8M(0%)
[2026-04-03T00:59:48.793+0600][5.103s][info][gc,heap     ] GC(2) O: Max Capacity: 3922M(100%)
[2026-04-03T00:59:48.793+0600][5.103s][info][gc,heap     ] GC(2) O: Soft Max Capacity: 3529M(90%)
[2026-04-03T00:59:48.793+0600][5.103s][info][gc,heap     ] GC(2) O: Heap Statistics:
[2026-04-03T00:59:48.793+0600][5.103s][info][gc,heap     ] GC(2) O:                Mark Start          Mark End        Relocate Start      Relocate End           High               Low         
[2026-04-03T00:59:48.793+0600][5.103s][info][gc,heap     ] GC(2) O:  Capacity:     1062M (27%)        1178M (30%)        1178M (30%)        1178M (30%)        1178M (30%)        1062M (27%)    
[2026-04-03T00:59:48.793+0600][5.103s][info][gc,heap     ] GC(2) O:      Free:     2860M (73%)        3596M (92%)        3578M (91%)        3578M (91%)        3598M (92%)        2744M (70%)    
[2026-04-03T00:59:48.793+0600][5.103s][info][gc,heap     ] GC(2) O:      Used:     1062M (27%)         326M (8%)          344M (9%)          344M (9%)         1178M (30%)         324M (8%)     
[2026-04-03T00:59:48.793+0600][5.103s][info][gc,heap     ] GC(2) O: Old Generation Statistics:
[2026-04-03T00:59:48.793+0600][5.103s][info][gc,heap     ] GC(2) O:                Mark Start          Mark End        Relocate Start      Relocate End    
[2026-04-03T00:59:48.793+0600][5.103s][info][gc,heap     ] GC(2) O:      Used:        0M (0%)            0M (0%)            0M (0%)            0M (0%)     
[2026-04-03T00:59:48.793+0600][5.103s][info][gc,heap     ] GC(2) O:      Live:         -                 0M (0%)            0M (0%)            0M (0%)     
[2026-04-03T00:59:48.793+0600][5.103s][info][gc,heap     ] GC(2) O:   Garbage:         -                 0M (0%)            0M (0%)            0M (0%)     
[2026-04-03T00:59:48.793+0600][5.103s][info][gc,heap     ] GC(2) O: Allocated:         -                 0M (0%)            0M (0%)            0M (0%)     
[2026-04-03T00:59:48.793+0600][5.103s][info][gc,heap     ] GC(2) O: Reclaimed:         -                  -                 0M (0%)            0M (0%)     
[2026-04-03T00:59:48.793+0600][5.103s][info][gc,heap     ] GC(2) O: Compacted:         -                  -                  -                 0M (0%)     
[2026-04-03T00:59:48.793+0600][5.103s][info][gc,phases   ] GC(2) O: Old Generation 326M(8%)->344M(9%) 0.027s
[2026-04-03T00:59:48.793+0600][5.103s][info][gc          ] GC(2) Major Collection (Warmup) 1062M(27%)->344M(9%) 0.339s
[2026-04-03T00:59:50.878+0600][7.188s][info][gc          ] GC(3) Minor Collection (Allocation Rate)
[2026-04-03T00:59:50.878+0600][7.188s][info][gc,task     ] GC(3) Using 2 Workers for Young Generation
[2026-04-03T00:59:50.878+0600][7.188s][info][gc,phases   ] GC(3) y: Young Generation
[2026-04-03T00:59:50.878+0600][7.188s][info][gc,phases   ] GC(3) y: Pause Mark Start 0.017ms
[2026-04-03T00:59:51.333+0600][7.643s][info][gc,phases   ] GC(3) y: Concurrent Mark 455.221ms
[2026-04-03T00:59:51.334+0600][7.643s][info][gc,phases   ] GC(3) y: Pause Mark End 0.030ms
[2026-04-03T00:59:51.334+0600][7.644s][info][gc,phases   ] GC(3) y: Concurrent Mark Free 0.001ms
[2026-04-03T00:59:51.334+0600][7.644s][info][gc,phases   ] GC(3) y: Concurrent Reset Relocation Set 0.140ms
[2026-04-03T00:59:51.336+0600][7.646s][info][gc,reloc    ] GC(3) y: Using tenuring threshold: 3 (Computed)
[2026-04-03T00:59:51.372+0600][7.682s][info][gc,phases   ] GC(3) y: Concurrent Select Relocation Set 38.048ms
[2026-04-03T00:59:51.372+0600][7.682s][info][gc,phases   ] GC(3) y: Pause Relocate Start 0.025ms
[2026-04-03T00:59:51.557+0600][7.866s][info][gc,phases   ] GC(3) y: Concurrent Relocate 184.135ms
[2026-04-03T00:59:51.557+0600][7.866s][info][gc,alloc    ] GC(3) y:                         Mark Start        Mark End      Relocate Start    Relocate End   
[2026-04-03T00:59:51.557+0600][7.866s][info][gc,alloc    ] GC(3) y: Allocation Stalls:          0                0                0                0         
[2026-04-03T00:59:51.557+0600][7.866s][info][gc,load     ] GC(3) y: Load: 5.21 (43%) / 2.30 (19%) / 1.63 (14%)
[2026-04-03T00:59:51.557+0600][7.866s][info][gc,mmu      ] GC(3) y: MMU: 2ms/96.7%, 5ms/98.7%, 10ms/99.3%, 20ms/99.7%, 50ms/99.8%, 100ms/99.9%
[2026-04-03T00:59:51.557+0600][7.866s][info][gc,marking  ] GC(3) y: Mark: 2 stripe(s), 2 proactive flush(es), 1 terminate flush(es), 0 completion(s), 0 continuation(s) 
[2026-04-03T00:59:51.557+0600][7.866s][info][gc,marking  ] GC(3) y: Mark Stack Usage: 32M
[2026-04-03T00:59:51.557+0600][7.866s][info][gc,nmethod  ] GC(3) y: NMethods: 1653 registered, 544 unregistered
[2026-04-03T00:59:51.557+0600][7.866s][info][gc,metaspace] GC(3) y: Metaspace: 8M used, 8M committed, 1088M reserved
[2026-04-03T00:59:51.557+0600][7.866s][info][gc,reloc    ] GC(3) y:                        Candidates     Selected     In-Place         Size        Empty    Relocated 
[2026-04-03T00:59:51.557+0600][7.866s][info][gc,reloc    ] GC(3) y: Small Pages:                  986          863            0        1972M           0M          97M 
[2026-04-03T00:59:51.557+0600][7.866s][info][gc,reloc    ] GC(3) y: Medium Pages:                   1            0            0          32M           0M           0M 
[2026-04-03T00:59:51.557+0600][7.866s][info][gc,reloc    ] GC(3) y: Large Pages:                    0            0            0           0M           0M           0M 
[2026-04-03T00:59:51.557+0600][7.866s][info][gc,reloc    ] GC(3) y: Forwarding Usage: 48M
[2026-04-03T00:59:51.557+0600][7.866s][info][gc,reloc    ] GC(3) y: Age Table:
[2026-04-03T00:59:51.557+0600][7.866s][info][gc,reloc    ] GC(3) y:                    Live             Garbage             Small              Medium             Large        
[2026-04-03T00:59:51.557+0600][7.867s][info][gc,reloc    ] GC(3) y: Eden             104M (3%)         1727M (44%)        916 / 856            0 / 0              0 / 0        
[2026-04-03T00:59:51.557+0600][7.867s][info][gc,reloc    ] GC(3) y: Survivor 1        56M (1%)            5M (0%)          31 / 2              0 / 0              0 / 0        
[2026-04-03T00:59:51.557+0600][7.867s][info][gc,reloc    ] GC(3) y: Survivor 2        39M (1%)            4M (0%)          22 / 2              0 / 0              0 / 0        
[2026-04-03T00:59:51.557+0600][7.867s][info][gc,reloc    ] GC(3) y: Survivor 3        26M (1%)           39M (1%)          17 / 3              1 / 0              0 / 0        
[2026-04-03T00:59:51.557+0600][7.867s][info][gc,heap     ] GC(3) y: Min Capacity: 8M(0%)
[2026-04-03T00:59:51.557+0600][7.867s][info][gc,heap     ] GC(3) y: Max Capacity: 3922M(100%)
[2026-04-03T00:59:51.557+0600][7.867s][info][gc,heap     ] GC(3) y: Soft Max Capacity: 3529M(90%)
[2026-04-03T00:59:51.557+0600][7.867s][info][gc,heap     ] GC(3) y: Heap Statistics:
[2026-04-03T00:59:51.557+0600][7.867s][info][gc,heap     ] GC(3) y:                Mark Start          Mark End        Relocate Start      Relocate End           High               Low         
[2026-04-03T00:59:51.557+0600][7.867s][info][gc,heap     ] GC(3) y:  Capacity:     2004M (51%)        2244M (57%)        2256M (58%)        2264M (58%)        2264M (58%)        2004M (51%)    
[2026-04-03T00:59:51.557+0600][7.867s][info][gc,heap     ] GC(3) y:      Free:     1918M (49%)        1678M (43%)        1666M (42%)        3252M (83%)        3272M (83%)        1658M (42%)    
[2026-04-03T00:59:51.557+0600][7.867s][info][gc,heap     ] GC(3) y:      Used:     2004M (51%)        2244M (57%)        2256M (58%)         670M (17%)        2264M (58%)         650M (17%)    
[2026-04-03T00:59:51.557+0600][7.867s][info][gc,heap     ] GC(3) y: Young Generation Statistics:
[2026-04-03T00:59:51.557+0600][7.867s][info][gc,heap     ] GC(3) y:                Mark Start          Mark End        Relocate Start      Relocate End    
[2026-04-03T00:59:51.557+0600][7.867s][info][gc,heap     ] GC(3) y:      Used:     2004M (51%)        2244M (57%)        2200M (56%)         608M (16%)    
[2026-04-03T00:59:51.557+0600][7.867s][info][gc,heap     ] GC(3) y:      Live:         -               227M (6%)          202M (5%)          201M (5%)     
[2026-04-03T00:59:51.557+0600][7.867s][info][gc,heap     ] GC(3) y:   Garbage:         -              1776M (45%)        1745M (44%)           3M (0%)     
[2026-04-03T00:59:51.557+0600][7.867s][info][gc,heap     ] GC(3) y: Allocated:         -               240M (6%)          252M (6%)          403M (10%)    
[2026-04-03T00:59:51.557+0600][7.867s][info][gc,heap     ] GC(3) y: Reclaimed:         -                  -                31M (1%)         1772M (45%)    
[2026-04-03T00:59:51.557+0600][7.867s][info][gc,heap     ] GC(3) y:  Promoted:         -                  -                24M (1%)           26M (1%)     
[2026-04-03T00:59:51.557+0600][7.867s][info][gc,heap     ] GC(3) y: Compacted:         -                  -                  -               106M (3%)     
[2026-04-03T00:59:51.557+0600][7.867s][info][gc,phases   ] GC(3) y: Young Generation 2004M(51%)->670M(17%) 0.679s
[2026-04-03T00:59:51.557+0600][7.867s][info][gc          ] GC(3) Minor Collection (Allocation Rate) 2004M(51%)->670M(17%) 0.679s
[2026-04-03T00:59:51.922+0600][8.232s][info][gc          ] GC(4) Major Collection (Allocation Rate)
[2026-04-03T00:59:51.922+0600][8.232s][info][gc,task     ] GC(4) Using 2 Workers for Young Generation
[2026-04-03T00:59:51.922+0600][8.232s][info][gc,task     ] GC(4) Using 1 Workers for Old Generation
[2026-04-03T00:59:51.922+0600][8.232s][info][gc,phases   ] GC(4) Y: Young Generation
[2026-04-03T00:59:51.922+0600][8.232s][info][gc,phases   ] GC(4) Y: Pause Mark Start (Major) 0.019ms
[2026-04-03T00:59:52.496+0600][8.805s][info][gc,phases   ] GC(4) Y: Concurrent Mark 573.468ms
[2026-04-03T00:59:52.496+0600][8.806s][info][gc,phases   ] GC(4) Y: Pause Mark End 0.044ms
[2026-04-03T00:59:52.496+0600][8.806s][info][gc,phases   ] GC(4) Y: Concurrent Mark Free 0.003ms
[2026-04-03T00:59:52.496+0600][8.806s][info][gc,phases   ] GC(4) Y: Concurrent Reset Relocation Set 0.080ms
[2026-04-03T00:59:52.498+0600][8.808s][info][gc,reloc    ] GC(4) Y: Using tenuring threshold: 2 (Computed)
[2026-04-03T00:59:52.538+0600][8.848s][info][gc,phases   ] GC(4) Y: Concurrent Select Relocation Set 41.480ms
[2026-04-03T00:59:52.538+0600][8.848s][info][gc,phases   ] GC(4) Y: Pause Relocate Start 0.018ms
[2026-04-03T00:59:52.679+0600][8.989s][info][gc,phases   ] GC(4) Y: Concurrent Relocate 141.408ms
[2026-04-03T00:59:52.680+0600][8.989s][info][gc,alloc    ] GC(4) Y:                         Mark Start        Mark End      Relocate Start    Relocate End   
[2026-04-03T00:59:52.680+0600][8.989s][info][gc,alloc    ] GC(4) Y: Allocation Stalls:          0                0                0                0         
[2026-04-03T00:59:52.680+0600][8.989s][info][gc,load     ] GC(4) Y: Load: 5.21 (43%) / 2.30 (19%) / 1.63 (14%)
[2026-04-03T00:59:52.680+0600][8.989s][info][gc,mmu      ] GC(4) Y: MMU: 2ms/96.7%, 5ms/98.7%, 10ms/99.3%, 20ms/99.7%, 50ms/99.8%, 100ms/99.9%
[2026-04-03T00:59:52.680+0600][8.989s][info][gc,marking  ] GC(4) Y: Mark: 2 stripe(s), 2 proactive flush(es), 1 terminate flush(es), 0 completion(s), 0 continuation(s) 
[2026-04-03T00:59:52.680+0600][8.989s][info][gc,marking  ] GC(4) Y: Mark Stack Usage: 32M
[2026-04-03T00:59:52.680+0600][8.989s][info][gc,nmethod  ] GC(4) Y: NMethods: 1759 registered, 544 unregistered
[2026-04-03T00:59:52.680+0600][8.989s][info][gc,metaspace] GC(4) Y: Metaspace: 8M used, 8M committed, 1088M reserved
[2026-04-03T00:59:52.680+0600][8.989s][info][gc,reloc    ] GC(4) Y:                        Candidates     Selected     In-Place         Size        Empty    Relocated 
[2026-04-03T00:59:52.680+0600][8.989s][info][gc,reloc    ] GC(4) Y: Small Pages:                  538          407            0        1076M           0M          45M 
[2026-04-03T00:59:52.680+0600][8.989s][info][gc,reloc    ] GC(4) Y: Medium Pages:                   0            0            0           0M           0M           0M 
[2026-04-03T00:59:52.680+0600][8.989s][info][gc,reloc    ] GC(4) Y: Large Pages:                    0            0            0           0M           0M           0M 
[2026-04-03T00:59:52.680+0600][8.989s][info][gc,reloc    ] GC(4) Y: Forwarding Usage: 23M
[2026-04-03T00:59:52.680+0600][8.989s][info][gc,reloc    ] GC(4) Y: Age Table:
[2026-04-03T00:59:52.680+0600][8.989s][info][gc,reloc    ] GC(4) Y:                    Live             Garbage             Small              Medium             Large        
[2026-04-03T00:59:52.680+0600][8.989s][info][gc,reloc    ] GC(4) Y: Eden              48M (1%)          813M (21%)        431 / 404            0 / 0              0 / 0        
[2026-04-03T00:59:52.680+0600][8.990s][info][gc,reloc    ] GC(4) Y: Survivor 1       104M (3%)            3M (0%)          54 / 1              0 / 0              0 / 0        
[2026-04-03T00:59:52.680+0600][8.990s][info][gc,reloc    ] GC(4) Y: Survivor 2        56M (1%)            5M (0%)          31 / 1              0 / 0              0 / 0        
[2026-04-03T00:59:52.680+0600][8.990s][info][gc,reloc    ] GC(4) Y: Survivor 3        39M (1%)            4M (0%)          22 / 1              0 / 0              0 / 0        
[2026-04-03T00:59:52.680+0600][8.990s][info][gc,heap     ] GC(4) Y: Min Capacity: 8M(0%)
[2026-04-03T00:59:52.680+0600][8.990s][info][gc,heap     ] GC(4) Y: Max Capacity: 3922M(100%)
[2026-04-03T00:59:52.680+0600][8.990s][info][gc,heap     ] GC(4) Y: Soft Max Capacity: 3529M(90%)
[2026-04-03T00:59:52.680+0600][8.990s][info][gc,heap     ] GC(4) Y: Heap Statistics:
[2026-04-03T00:59:52.680+0600][8.990s][info][gc,heap     ] GC(4) Y:                Mark Start          Mark End        Relocate Start      Relocate End           High               Low         
[2026-04-03T00:59:52.680+0600][8.990s][info][gc,heap     ] GC(4) Y:  Capacity:     2264M (58%)        2296M (59%)        2296M (59%)        2296M (59%)        2296M (59%)        2264M (58%)    
[2026-04-03T00:59:52.680+0600][8.990s][info][gc,heap     ] GC(4) Y:      Free:     2784M (71%)        2446M (62%)        2428M (62%)        3154M (80%)        3218M (82%)        2424M (62%)    
[2026-04-03T00:59:52.680+0600][8.990s][info][gc,heap     ] GC(4) Y:      Used:     1138M (29%)        1476M (38%)        1494M (38%)         768M (20%)        1498M (38%)         704M (18%)    
[2026-04-03T00:59:52.680+0600][8.990s][info][gc,heap     ] GC(4) Y: Young Generation Statistics:
[2026-04-03T00:59:52.680+0600][8.990s][info][gc,heap     ] GC(4) Y:                Mark Start          Mark End        Relocate Start      Relocate End    
[2026-04-03T00:59:52.680+0600][8.990s][info][gc,heap     ] GC(4) Y:      Used:     1076M (27%)        1414M (36%)        1334M (34%)         604M (15%)    
[2026-04-03T00:59:52.680+0600][8.990s][info][gc,heap     ] GC(4) Y:      Live:         -               249M (6%)          155M (4%)          153M (4%)     
[2026-04-03T00:59:52.680+0600][8.990s][info][gc,heap     ] GC(4) Y:   Garbage:         -               826M (21%)         822M (21%)           1M (0%)     
[2026-04-03T00:59:52.680+0600][8.990s][info][gc,heap     ] GC(4) Y: Allocated:         -               338M (9%)          356M (9%)          449M (11%)    
[2026-04-03T00:59:52.680+0600][8.990s][info][gc,heap     ] GC(4) Y: Reclaimed:         -                  -                 3M (0%)          824M (21%)    
[2026-04-03T00:59:52.680+0600][8.990s][info][gc,heap     ] GC(4) Y:  Promoted:         -                  -                94M (2%)           96M (2%)     
[2026-04-03T00:59:52.680+0600][8.990s][info][gc,heap     ] GC(4) Y: Compacted:         -                  -                  -                48M (1%)     
[2026-04-03T00:59:52.680+0600][8.990s][info][gc,phases   ] GC(4) Y: Young Generation 1138M(29%)->768M(20%) 0.758s
[2026-04-03T00:59:52.680+0600][8.990s][info][gc,phases   ] GC(4) O: Old Generation
[2026-04-03T00:59:52.754+0600][9.064s][info][gc,phases   ] GC(4) O: Concurrent Mark 73.825ms
[2026-04-03T00:59:52.754+0600][9.064s][info][gc,phases   ] GC(4) O: Pause Mark End 0.033ms
[2026-04-03T00:59:52.754+0600][9.064s][info][gc,phases   ] GC(4) O: Concurrent Mark Free 0.002ms
[2026-04-03T00:59:52.759+0600][9.069s][info][gc,phases   ] GC(4) O: Concurrent Process Non-Strong 4.834ms
[2026-04-03T00:59:52.759+0600][9.069s][info][gc,phases   ] GC(4) O: Concurrent Reset Relocation Set 0.001ms
[2026-04-03T00:59:52.761+0600][9.071s][info][gc,phases   ] GC(4) O: Concurrent Select Relocation Set 1.786ms
[2026-04-03T00:59:52.761+0600][9.071s][info][gc,task     ] GC(4) O: Using 3 Workers for Old Generation
[2026-04-03T00:59:52.775+0600][9.084s][info][gc,task     ] GC(4) O: Using 1 Workers for Old Generation
[2026-04-03T00:59:52.775+0600][9.085s][info][gc,phases   ] GC(4) O: Concurrent Remap Roots 13.843ms
[2026-04-03T00:59:52.775+0600][9.085s][info][gc,phases   ] GC(4) O: Pause Relocate Start 0.020ms
[2026-04-03T00:59:52.778+0600][9.088s][info][gc,phases   ] GC(4) O: Concurrent Relocate 3.078ms
[2026-04-03T00:59:52.778+0600][9.088s][info][gc,alloc    ] GC(4) O:                         Mark Start        Mark End      Relocate Start    Relocate End   
[2026-04-03T00:59:52.778+0600][9.088s][info][gc,alloc    ] GC(4) O: Allocation Stalls:          0                0                0                0         
[2026-04-03T00:59:52.778+0600][9.088s][info][gc,load     ] GC(4) O: Load: 5.21 (43%) / 2.30 (19%) / 1.63 (14%)
[2026-04-03T00:59:52.778+0600][9.088s][info][gc,mmu      ] GC(4) O: MMU: 2ms/96.7%, 5ms/98.7%, 10ms/99.3%, 20ms/99.7%, 50ms/99.8%, 100ms/99.9%
[2026-04-03T00:59:52.778+0600][9.088s][info][gc,marking  ] GC(4) O: Mark: 1 stripe(s), 2 proactive flush(es), 1 terminate flush(es), 0 completion(s), 0 continuation(s) 
[2026-04-03T00:59:52.778+0600][9.088s][info][gc,marking  ] GC(4) O: Mark Stack Usage: 32M
[2026-04-03T00:59:52.778+0600][9.088s][info][gc,nmethod  ] GC(4) O: NMethods: 1766 registered, 565 unregistered
[2026-04-03T00:59:52.778+0600][9.088s][info][gc,metaspace] GC(4) O: Metaspace: 8M used, 8M committed, 1088M reserved
[2026-04-03T00:59:52.778+0600][9.088s][info][gc,ref      ] GC(4) O:                       Encountered   Discovered     Enqueued 
[2026-04-03T00:59:52.778+0600][9.088s][info][gc,ref      ] GC(4) O: Soft References:              221            0            0 
[2026-04-03T00:59:52.778+0600][9.088s][info][gc,ref      ] GC(4) O: Weak References:              610          469          147 
[2026-04-03T00:59:52.778+0600][9.088s][info][gc,ref      ] GC(4) O: Final References:               3            1            0 
[2026-04-03T00:59:52.778+0600][9.088s][info][gc,ref      ] GC(4) O: Phantom References:            49           25            3 
[2026-04-03T00:59:52.778+0600][9.088s][info][gc,reloc    ] GC(4) O:                        Candidates     Selected     In-Place         Size        Empty    Relocated 
[2026-04-03T00:59:52.778+0600][9.088s][info][gc,reloc    ] GC(4) O: Small Pages:                   15            2            0          30M           0M           1M 
[2026-04-03T00:59:52.778+0600][9.088s][info][gc,reloc    ] GC(4) O: Medium Pages:                   1            0            0          32M           0M           0M 
[2026-04-03T00:59:52.778+0600][9.088s][info][gc,reloc    ] GC(4) O: Large Pages:                    0            0            0           0M           0M           0M 
[2026-04-03T00:59:52.778+0600][9.088s][info][gc,reloc    ] GC(4) O: Forwarding Usage: 0M
[2026-04-03T00:59:52.778+0600][9.088s][info][gc,heap     ] GC(4) O: Min Capacity: 8M(0%)
[2026-04-03T00:59:52.778+0600][9.088s][info][gc,heap     ] GC(4) O: Max Capacity: 3922M(100%)
[2026-04-03T00:59:52.778+0600][9.088s][info][gc,heap     ] GC(4) O: Soft Max Capacity: 3529M(90%)
[2026-04-03T00:59:52.778+0600][9.088s][info][gc,heap     ] GC(4) O: Heap Statistics:
[2026-04-03T00:59:52.778+0600][9.088s][info][gc,heap     ] GC(4) O:                Mark Start          Mark End        Relocate Start      Relocate End           High               Low         
[2026-04-03T00:59:52.778+0600][9.088s][info][gc,heap     ] GC(4) O:  Capacity:     2264M (58%)        2296M (59%)        2296M (59%)        2296M (59%)        2296M (59%)        2264M (58%)    
[2026-04-03T00:59:52.778+0600][9.088s][info][gc,heap     ] GC(4) O:      Free:     2784M (71%)        3094M (79%)        3070M (78%)        3068M (78%)        3218M (82%)        2424M (62%)    
[2026-04-03T00:59:52.778+0600][9.088s][info][gc,heap     ] GC(4) O:      Used:     1138M (29%)         828M (21%)         852M (22%)         854M (22%)        1498M (38%)         704M (18%)    
[2026-04-03T00:59:52.779+0600][9.088s][info][gc,heap     ] GC(4) O: Old Generation Statistics:
[2026-04-03T00:59:52.779+0600][9.088s][info][gc,heap     ] GC(4) O:                Mark Start          Mark End        Relocate Start      Relocate End    
[2026-04-03T00:59:52.779+0600][9.088s][info][gc,heap     ] GC(4) O:      Used:       62M (2%)          164M (4%)          164M (4%)          164M (4%)     
[2026-04-03T00:59:52.779+0600][9.088s][info][gc,heap     ] GC(4) O:      Live:         -                26M (1%)           26M (1%)           26M (1%)     
[2026-04-03T00:59:52.779+0600][9.088s][info][gc,heap     ] GC(4) O:   Garbage:         -                35M (1%)           35M (1%)           31M (1%)     
[2026-04-03T00:59:52.779+0600][9.088s][info][gc,heap     ] GC(4) O: Allocated:         -               102M (3%)          102M (3%)          106M (3%)     
[2026-04-03T00:59:52.779+0600][9.088s][info][gc,heap     ] GC(4) O: Reclaimed:         -                  -                 0M (0%)            4M (0%)     
[2026-04-03T00:59:52.779+0600][9.088s][info][gc,heap     ] GC(4) O: Compacted:         -                  -                  -                 1M (0%)     
[2026-04-03T00:59:52.779+0600][9.088s][info][gc,phases   ] GC(4) O: Old Generation 768M(20%)->854M(22%) 0.098s
[2026-04-03T00:59:52.779+0600][9.088s][info][gc          ] GC(4) Major Collection (Allocation Rate) 1136M(29%)->854M(22%) 0.857s
[2026-04-03T00:59:53.719+0600][10.029s][info][gc          ] GC(5) Minor Collection (Allocation Rate)
[2026-04-03T00:59:53.719+0600][10.029s][info][gc,task     ] GC(5) Using 2 Workers for Young Generation
[2026-04-03T00:59:53.719+0600][10.029s][info][gc,phases   ] GC(5) y: Young Generation
[2026-04-03T00:59:53.720+0600][10.029s][info][gc,phases   ] GC(5) y: Pause Mark Start 0.021ms
[2026-04-03T00:59:54.081+0600][10.391s][info][gc,phases   ] GC(5) y: Concurrent Mark 361.401ms
[2026-04-03T00:59:54.081+0600][10.391s][info][gc,phases   ] GC(5) y: Pause Mark End 0.021ms
[2026-04-03T00:59:54.081+0600][10.391s][info][gc,phases   ] GC(5) y: Concurrent Mark Free 0.002ms
[2026-04-03T00:59:54.082+0600][10.391s][info][gc,phases   ] GC(5) y: Concurrent Reset Relocation Set 0.086ms
[2026-04-03T00:59:54.083+0600][10.393s][info][gc,reloc    ] GC(5) y: Using tenuring threshold: 1 (Computed)
[2026-04-03T00:59:54.139+0600][10.448s][info][gc,phases   ] GC(5) y: Concurrent Select Relocation Set 56.994ms
[2026-04-03T00:59:54.139+0600][10.449s][info][gc,phases   ] GC(5) y: Pause Relocate Start 0.020ms
[2026-04-03T00:59:54.348+0600][10.658s][info][gc,phases   ] GC(5) y: Concurrent Relocate 208.991ms
[2026-04-03T00:59:54.348+0600][10.658s][info][gc,alloc    ] GC(5) y:                         Mark Start        Mark End      Relocate Start    Relocate End   
[2026-04-03T00:59:54.348+0600][10.658s][info][gc,alloc    ] GC(5) y: Allocation Stalls:          0                0                0                0         
[2026-04-03T00:59:54.348+0600][10.658s][info][gc,load     ] GC(5) y: Load: 5.11 (43%) / 2.32 (19%) / 1.64 (14%)
[2026-04-03T00:59:54.348+0600][10.658s][info][gc,mmu      ] GC(5) y: MMU: 2ms/96.7%, 5ms/98.7%, 10ms/99.3%, 20ms/99.7%, 50ms/99.8%, 100ms/99.9%
[2026-04-03T00:59:54.348+0600][10.658s][info][gc,marking  ] GC(5) y: Mark: 2 stripe(s), 2 proactive flush(es), 1 terminate flush(es), 0 completion(s), 0 continuation(s) 
[2026-04-03T00:59:54.348+0600][10.658s][info][gc,marking  ] GC(5) y: Mark Stack Usage: 32M
[2026-04-03T00:59:54.348+0600][10.658s][info][gc,nmethod  ] GC(5) y: NMethods: 1837 registered, 565 unregistered
[2026-04-03T00:59:54.348+0600][10.658s][info][gc,metaspace] GC(5) y: Metaspace: 8M used, 9M committed, 1088M reserved
[2026-04-03T00:59:54.348+0600][10.658s][info][gc,reloc    ] GC(5) y:                        Candidates     Selected     In-Place         Size        Empty    Relocated 
[2026-04-03T00:59:54.348+0600][10.658s][info][gc,reloc    ] GC(5) y: Small Pages:                  893          789            0        1786M           2M          41M 
[2026-04-03T00:59:54.348+0600][10.658s][info][gc,reloc    ] GC(5) y: Medium Pages:                   1            0            0          32M          32M           0M 
[2026-04-03T00:59:54.348+0600][10.658s][info][gc,reloc    ] GC(5) y: Large Pages:                    0            0            0           0M           0M           0M 
[2026-04-03T00:59:54.348+0600][10.658s][info][gc,reloc    ] GC(5) y: Forwarding Usage: 22M
[2026-04-03T00:59:54.348+0600][10.658s][info][gc,reloc    ] GC(5) y: Age Table:
[2026-04-03T00:59:54.348+0600][10.658s][info][gc,reloc    ] GC(5) y:                    Live             Garbage             Small              Medium             Large        
[2026-04-03T00:59:54.348+0600][10.658s][info][gc,reloc    ] GC(5) y: Eden              43M (1%)         1616M (41%)        814 / 788            1 / 0              0 / 0        
[2026-04-03T00:59:54.348+0600][10.658s][info][gc,reloc    ] GC(5) y: Survivor 1        47M (1%)            2M (0%)          25 / 0              0 / 0              0 / 0        
[2026-04-03T00:59:54.348+0600][10.658s][info][gc,reloc    ] GC(5) y: Survivor 2       104M (3%)            3M (0%)          54 / 1              0 / 0              0 / 0        
[2026-04-03T00:59:54.348+0600][10.658s][info][gc,heap     ] GC(5) y: Min Capacity: 8M(0%)
[2026-04-03T00:59:54.348+0600][10.658s][info][gc,heap     ] GC(5) y: Max Capacity: 3922M(100%)
[2026-04-03T00:59:54.348+0600][10.658s][info][gc,heap     ] GC(5) y: Soft Max Capacity: 3529M(90%)
[2026-04-03T00:59:54.348+0600][10.658s][info][gc,heap     ] GC(5) y: Heap Statistics:
[2026-04-03T00:59:54.348+0600][10.658s][info][gc,heap     ] GC(5) y:                Mark Start          Mark End        Relocate Start      Relocate End           High               Low         
[2026-04-03T00:59:54.348+0600][10.658s][info][gc,heap     ] GC(5) y:  Capacity:     2296M (59%)        2336M (60%)        2346M (60%)        2354M (60%)        2354M (60%)        2296M (59%)    
[2026-04-03T00:59:54.348+0600][10.658s][info][gc,heap     ] GC(5) y:      Free:     1940M (49%)        1586M (40%)        1576M (40%)        2936M (75%)        3082M (79%)        1568M (40%)    
[2026-04-03T00:59:54.348+0600][10.658s][info][gc,heap     ] GC(5) y:      Used:     1982M (51%)        2336M (60%)        2346M (60%)         986M (25%)        2354M (60%)         840M (21%)    
[2026-04-03T00:59:54.348+0600][10.658s][info][gc,heap     ] GC(5) y: Young Generation Statistics:
[2026-04-03T00:59:54.348+0600][10.658s][info][gc,heap     ] GC(5) y:                Mark Start          Mark End        Relocate Start      Relocate End    
[2026-04-03T00:59:54.348+0600][10.658s][info][gc,heap     ] GC(5) y:      Used:     1818M (46%)        2172M (55%)        2026M (52%)         664M (17%)    
[2026-04-03T00:59:54.348+0600][10.658s][info][gc,heap     ] GC(5) y:      Live:         -               195M (5%)           43M (1%)           43M (1%)     
[2026-04-03T00:59:54.348+0600][10.658s][info][gc,heap     ] GC(5) y:   Garbage:         -              1622M (41%)        1584M (40%)           0M (0%)     
[2026-04-03T00:59:54.348+0600][10.658s][info][gc,heap     ] GC(5) y: Allocated:         -               354M (9%)          398M (10%)         620M (16%)    
[2026-04-03T00:59:54.348+0600][10.658s][info][gc,heap     ] GC(5) y: Reclaimed:         -                  -                37M (1%)         1622M (41%)    
[2026-04-03T00:59:54.348+0600][10.658s][info][gc,heap     ] GC(5) y:  Promoted:         -                  -               152M (4%)          152M (4%)     
[2026-04-03T00:59:54.348+0600][10.658s][info][gc,heap     ] GC(5) y: Compacted:         -                  -                  -                43M (1%)     
[2026-04-03T00:59:54.348+0600][10.658s][info][gc,phases   ] GC(5) y: Young Generation 1982M(51%)->986M(25%) 0.629s
[2026-04-03T00:59:54.348+0600][10.658s][info][gc          ] GC(5) Minor Collection (Allocation Rate) 1982M(51%)->986M(25%) 0.629s
[2026-04-03T00:59:54.687+0600][10.997s][info][gc          ] GC(6) Major Collection (Allocation Rate)
[2026-04-03T00:59:54.687+0600][10.997s][info][gc,task     ] GC(6) Using 2 Workers for Young Generation
[2026-04-03T00:59:54.687+0600][10.997s][info][gc,task     ] GC(6) Using 1 Workers for Old Generation
[2026-04-03T00:59:54.687+0600][10.997s][info][gc,phases   ] GC(6) Y: Young Generation
[2026-04-03T00:59:54.687+0600][10.997s][info][gc,phases   ] GC(6) Y: Pause Mark Start (Major) 0.020ms
[2026-04-03T00:59:55.243+0600][11.553s][info][gc,phases   ] GC(6) Y: Concurrent Mark 556.012ms
[2026-04-03T00:59:55.244+0600][11.554s][info][gc,phases   ] GC(6) Y: Pause Mark End 0.085ms
[2026-04-03T00:59:55.244+0600][11.554s][info][gc,phases   ] GC(6) Y: Concurrent Mark Free 0.002ms
[2026-04-03T00:59:55.244+0600][11.554s][info][gc,phases   ] GC(6) Y: Concurrent Reset Relocation Set 0.173ms
[2026-04-03T00:59:55.246+0600][11.556s][info][gc,reloc    ] GC(6) Y: Using tenuring threshold: 2 (Computed)
[2026-04-03T00:59:55.254+0600][11.564s][info][gc,phases   ] GC(6) Y: Concurrent Select Relocation Set 9.843ms
[2026-04-03T00:59:55.254+0600][11.564s][info][gc,phases   ] GC(6) Y: Pause Relocate Start 0.065ms
[2026-04-03T00:59:55.364+0600][11.674s][info][gc,phases   ] GC(6) Y: Concurrent Relocate 109.112ms
[2026-04-03T00:59:55.364+0600][11.674s][info][gc,alloc    ] GC(6) Y:                         Mark Start        Mark End      Relocate Start    Relocate End   
[2026-04-03T00:59:55.364+0600][11.674s][info][gc,alloc    ] GC(6) Y: Allocation Stalls:          0                0                0                0         
[2026-04-03T00:59:55.364+0600][11.674s][info][gc,load     ] GC(6) Y: Load: 5.11 (43%) / 2.32 (19%) / 1.64 (14%)
[2026-04-03T00:59:55.364+0600][11.674s][info][gc,mmu      ] GC(6) Y: MMU: 2ms/95.7%, 5ms/98.3%, 10ms/99.1%, 20ms/99.2%, 50ms/99.7%, 100ms/99.8%
[2026-04-03T00:59:55.364+0600][11.674s][info][gc,marking  ] GC(6) Y: Mark: 2 stripe(s), 10 proactive flush(es), 1 terminate flush(es), 0 completion(s), 0 continuation(s) 
[2026-04-03T00:59:55.364+0600][11.674s][info][gc,marking  ] GC(6) Y: Mark Stack Usage: 32M
[2026-04-03T00:59:55.364+0600][11.674s][info][gc,nmethod  ] GC(6) Y: NMethods: 1837 registered, 565 unregistered
[2026-04-03T00:59:55.364+0600][11.674s][info][gc,metaspace] GC(6) Y: Metaspace: 8M used, 9M committed, 1088M reserved
[2026-04-03T00:59:55.364+0600][11.674s][info][gc,reloc    ] GC(6) Y:                        Candidates     Selected     In-Place         Size        Empty    Relocated 
[2026-04-03T00:59:55.364+0600][11.674s][info][gc,reloc    ] GC(6) Y: Small Pages:                  589          525            0        1178M           6M          66M 
[2026-04-03T00:59:55.364+0600][11.674s][info][gc,reloc    ] GC(6) Y: Medium Pages:                   1            0            0          32M           0M           0M 
[2026-04-03T00:59:55.364+0600][11.674s][info][gc,reloc    ] GC(6) Y: Large Pages:                    0            0            0           0M           0M           0M 
[2026-04-03T00:59:55.364+0600][11.674s][info][gc,reloc    ] GC(6) Y: Forwarding Usage: 35M
[2026-04-03T00:59:55.364+0600][11.674s][info][gc,reloc    ] GC(6) Y: Age Table:
[2026-04-03T00:59:55.364+0600][11.674s][info][gc,reloc    ] GC(6) Y:                    Live             Garbage             Small              Medium             Large        
[2026-04-03T00:59:55.364+0600][11.674s][info][gc,reloc    ] GC(6) Y: Eden              70M (2%)         1091M (28%)        565 / 523            1 / 0              0 / 0        
[2026-04-03T00:59:55.364+0600][11.674s][info][gc,reloc    ] GC(6) Y: Survivor 1        41M (1%)            6M (0%)          24 / 2              0 / 0              0 / 0        
[2026-04-03T00:59:55.364+0600][11.674s][info][gc,heap     ] GC(6) Y: Min Capacity: 8M(0%)
[2026-04-03T00:59:55.364+0600][11.674s][info][gc,heap     ] GC(6) Y: Max Capacity: 3922M(100%)
[2026-04-03T00:59:55.364+0600][11.674s][info][gc,heap     ] GC(6) Y: Soft Max Capacity: 3529M(90%)
[2026-04-03T00:59:55.364+0600][11.674s][info][gc,heap     ] GC(6) Y: Heap Statistics:
[2026-04-03T00:59:55.364+0600][11.674s][info][gc,heap     ] GC(6) Y:                Mark Start          Mark End        Relocate Start      Relocate End           High               Low         
[2026-04-03T00:59:55.364+0600][11.674s][info][gc,heap     ] GC(6) Y:  Capacity:     2354M (60%)        2354M (60%)        2354M (60%)        2354M (60%)        2354M (60%)        2354M (60%)    
[2026-04-03T00:59:55.364+0600][11.674s][info][gc,heap     ] GC(6) Y:      Free:     2390M (61%)        1762M (45%)        1754M (45%)        2684M (68%)        2688M (69%)        1748M (45%)    
[2026-04-03T00:59:55.364+0600][11.674s][info][gc,heap     ] GC(6) Y:      Used:     1532M (39%)        2160M (55%)        2168M (55%)        1238M (32%)        2174M (55%)        1234M (31%)    
[2026-04-03T00:59:55.364+0600][11.674s][info][gc,heap     ] GC(6) Y: Young Generation Statistics:
[2026-04-03T00:59:55.364+0600][11.674s][info][gc,heap     ] GC(6) Y:                Mark Start          Mark End        Relocate Start      Relocate End    
[2026-04-03T00:59:55.364+0600][11.674s][info][gc,heap     ] GC(6) Y:      Used:     1210M (31%)        1838M (47%)        1846M (47%)         916M (23%)    
[2026-04-03T00:59:55.364+0600][11.674s][info][gc,heap     ] GC(6) Y:      Live:         -               112M (3%)          112M (3%)          112M (3%)     
[2026-04-03T00:59:55.364+0600][11.674s][info][gc,heap     ] GC(6) Y:   Garbage:         -              1097M (28%)        1091M (28%)          31M (1%)     
[2026-04-03T00:59:55.364+0600][11.674s][info][gc,heap     ] GC(6) Y: Allocated:         -               628M (16%)         642M (16%)         772M (20%)    
[2026-04-03T00:59:55.364+0600][11.674s][info][gc,heap     ] GC(6) Y: Reclaimed:         -                  -                 6M (0%)         1066M (27%)    
[2026-04-03T00:59:55.364+0600][11.674s][info][gc,heap     ] GC(6) Y:  Promoted:         -                  -                 0M (0%)            0M (0%)     
[2026-04-03T00:59:55.364+0600][11.674s][info][gc,heap     ] GC(6) Y: Compacted:         -                  -                  -                73M (2%)     
[2026-04-03T00:59:55.364+0600][11.674s][info][gc,phases   ] GC(6) Y: Young Generation 1532M(39%)->1238M(32%) 0.677s
[2026-04-03T00:59:55.364+0600][11.674s][info][gc,phases   ] GC(6) O: Old Generation
[2026-04-03T00:59:56.182+0600][12.492s][info][gc          ] GC(7) Minor Collection (Allocation Rate)
[2026-04-03T00:59:56.182+0600][12.492s][info][gc,task     ] GC(7) Using 2 Workers for Young Generation
[2026-04-03T00:59:56.182+0600][12.492s][info][gc,phases   ] GC(7) y: Young Generation
[2026-04-03T00:59:56.183+0600][12.493s][info][gc,phases   ] GC(7) y: Pause Mark Start 0.089ms
[2026-04-03T00:59:56.271+0600][12.581s][info][gc,phases   ] GC(6) O: Concurrent Mark 907.199ms
[2026-04-03T00:59:56.272+0600][12.582s][info][gc,phases   ] GC(6) O: Pause Mark End 0.172ms
[2026-04-03T00:59:56.272+0600][12.582s][info][gc,phases   ] GC(6) O: Concurrent Mark Free 0.003ms
[2026-04-03T00:59:56.279+0600][12.589s][info][gc,phases   ] GC(6) O: Concurrent Process Non-Strong 6.646ms
[2026-04-03T00:59:56.279+0600][12.589s][info][gc,phases   ] GC(6) O: Concurrent Reset Relocation Set 0.002ms
[2026-04-03T00:59:56.286+0600][12.596s][info][gc,phases   ] GC(6) O: Concurrent Select Relocation Set 7.280ms
[2026-04-03T00:59:56.535+0600][12.845s][info][gc,phases   ] GC(7) y: Concurrent Mark 352.123ms
[2026-04-03T00:59:56.535+0600][12.845s][info][gc,phases   ] GC(7) y: Pause Mark End 0.098ms
[2026-04-03T00:59:56.536+0600][12.845s][info][gc,phases   ] GC(7) y: Concurrent Mark Free 0.017ms
[2026-04-03T00:59:56.536+0600][12.846s][info][gc,phases   ] GC(7) y: Concurrent Reset Relocation Set 0.100ms
[2026-04-03T00:59:56.538+0600][12.848s][info][gc,reloc    ] GC(7) y: Using tenuring threshold: 3 (Computed)
[2026-04-03T00:59:56.546+0600][12.856s][info][gc,phases   ] GC(7) y: Concurrent Select Relocation Set 9.790ms
[2026-04-03T00:59:56.546+0600][12.856s][info][gc,phases   ] GC(7) y: Pause Relocate Start 0.028ms
[2026-04-03T00:59:56.676+0600][12.986s][info][gc,phases   ] GC(7) y: Concurrent Relocate 129.880ms
[2026-04-03T00:59:56.676+0600][12.986s][info][gc,alloc    ] GC(7) y:                         Mark Start        Mark End      Relocate Start    Relocate End   
[2026-04-03T00:59:56.676+0600][12.986s][info][gc,alloc    ] GC(7) y: Allocation Stalls:          0                0                0                0         
[2026-04-03T00:59:56.676+0600][12.986s][info][gc,load     ] GC(7) y: Load: 5.11 (43%) / 2.32 (19%) / 1.64 (14%)
[2026-04-03T00:59:56.676+0600][12.986s][info][gc,mmu      ] GC(7) y: MMU: 2ms/91.4%, 5ms/96.6%, 10ms/98.3%, 20ms/99.1%, 50ms/99.7%, 100ms/99.7%
[2026-04-03T00:59:56.676+0600][12.986s][info][gc,marking  ] GC(7) y: Mark: 2 stripe(s), 3 proactive flush(es), 1 terminate flush(es), 0 completion(s), 0 continuation(s) 
[2026-04-03T00:59:56.676+0600][12.986s][info][gc,marking  ] GC(7) y: Mark Stack Usage: 32M
[2026-04-03T00:59:56.676+0600][12.986s][info][gc,nmethod  ] GC(7) y: NMethods: 1700 registered, 702 unregistered
[2026-04-03T00:59:56.676+0600][12.986s][info][gc,metaspace] GC(7) y: Metaspace: 8M used, 9M committed, 1088M reserved
[2026-04-03T00:59:56.676+0600][12.986s][info][gc,reloc    ] GC(7) y:                        Candidates     Selected     In-Place         Size        Empty    Relocated 
[2026-04-03T00:59:56.676+0600][12.986s][info][gc,reloc    ] GC(7) y: Small Pages:                  861          759            0        1722M           4M          73M 
[2026-04-03T00:59:56.676+0600][12.986s][info][gc,reloc    ] GC(7) y: Medium Pages:                   1            0            0          32M          32M           0M 
[2026-04-03T00:59:56.676+0600][12.986s][info][gc,reloc    ] GC(7) y: Large Pages:                    0            0            0           0M           0M           0M 
[2026-04-03T00:59:56.676+0600][12.986s][info][gc,reloc    ] GC(7) y: Forwarding Usage: 40M
[2026-04-03T00:59:56.676+0600][12.986s][info][gc,reloc    ] GC(7) y: Age Table:
[2026-04-03T00:59:56.676+0600][12.986s][info][gc,reloc    ] GC(7) y:                    Live             Garbage             Small              Medium             Large        
[2026-04-03T00:59:56.676+0600][12.986s][info][gc,reloc    ] GC(7) y: Eden              77M (2%)         1522M (39%)        800 / 754            0 / 0              0 / 0        
[2026-04-03T00:59:56.676+0600][12.986s][info][gc,reloc    ] GC(7) y: Survivor 1        57M (1%)           50M (1%)          38 / 3              1 / 0              0 / 0        
[2026-04-03T00:59:56.676+0600][12.986s][info][gc,reloc    ] GC(7) y: Survivor 2        41M (1%)            4M (0%)          23 / 2              0 / 0              0 / 0        
[2026-04-03T00:59:56.676+0600][12.986s][info][gc,heap     ] GC(7) y: Min Capacity: 8M(0%)
[2026-04-03T00:59:56.676+0600][12.986s][info][gc,heap     ] GC(7) y: Max Capacity: 3922M(100%)
[2026-04-03T00:59:56.676+0600][12.986s][info][gc,heap     ] GC(7) y: Soft Max Capacity: 3529M(90%)
[2026-04-03T00:59:56.676+0600][12.986s][info][gc,heap     ] GC(7) y: Heap Statistics:
[2026-04-03T00:59:56.676+0600][12.986s][info][gc,heap     ] GC(7) y:                Mark Start          Mark End        Relocate Start      Relocate End           High               Low         
[2026-04-03T00:59:56.676+0600][12.986s][info][gc,heap     ] GC(7) y:  Capacity:     2354M (60%)        2354M (60%)        2354M (60%)        2354M (60%)        2354M (60%)        2354M (60%)    
[2026-04-03T00:59:56.676+0600][12.986s][info][gc,heap     ] GC(7) y:      Free:     1846M (47%)        1570M (40%)        1598M (41%)        3042M (78%)        3044M (78%)        1568M (40%)    
[2026-04-03T00:59:56.676+0600][12.986s][info][gc,heap     ] GC(7) y:      Used:     2076M (53%)        2352M (60%)        2324M (59%)         880M (22%)        2354M (60%)         878M (22%)    
[2026-04-03T00:59:56.676+0600][12.986s][info][gc,heap     ] GC(7) y: Young Generation Statistics:
[2026-04-03T00:59:56.676+0600][12.986s][info][gc,heap     ] GC(7) y:                Mark Start          Mark End        Relocate Start      Relocate End    
[2026-04-03T00:59:56.676+0600][12.986s][info][gc,heap     ] GC(7) y:      Used:     1754M (45%)        2030M (52%)        2002M (51%)         558M (14%)    
[2026-04-03T00:59:56.676+0600][12.986s][info][gc,heap     ] GC(7) y:      Live:         -               176M (5%)          176M (5%)          176M (5%)     
[2026-04-03T00:59:56.676+0600][12.986s][info][gc,heap     ] GC(7) y:   Garbage:         -              1577M (40%)        1541M (39%)          11M (0%)     
[2026-04-03T00:59:56.676+0600][12.986s][info][gc,heap     ] GC(7) y: Allocated:         -               276M (7%)          284M (7%)          369M (9%)     
[2026-04-03T00:59:56.676+0600][12.986s][info][gc,heap     ] GC(7) y: Reclaimed:         -                  -                36M (1%)         1565M (40%)    
[2026-04-03T00:59:56.676+0600][12.986s][info][gc,heap     ] GC(7) y:  Promoted:         -                  -                 0M (0%)            0M (0%)     
[2026-04-03T00:59:56.676+0600][12.986s][info][gc,heap     ] GC(7) y: Compacted:         -                  -                  -                78M (2%)     
[2026-04-03T00:59:56.676+0600][12.986s][info][gc,phases   ] GC(7) y: Young Generation 2076M(53%)->880M(22%) 0.494s
[2026-04-03T00:59:56.676+0600][12.986s][info][gc          ] GC(7) Minor Collection (Allocation Rate) 2076M(53%)->880M(22%) 0.494s
[2026-04-03T00:59:56.677+0600][12.986s][info][gc,task     ] GC(6) O: Using 3 Workers for Old Generation
[2026-04-03T00:59:56.697+0600][13.006s][info][gc,task     ] GC(6) O: Using 1 Workers for Old Generation
[2026-04-03T00:59:56.697+0600][13.007s][info][gc,phases   ] GC(6) O: Concurrent Remap Roots 20.133ms
[2026-04-03T00:59:56.697+0600][13.007s][info][gc,phases   ] GC(6) O: Pause Relocate Start 0.106ms
[2026-04-03T00:59:56.727+0600][13.037s][info][gc,phases   ] GC(6) O: Concurrent Relocate 29.520ms
[2026-04-03T00:59:56.727+0600][13.037s][info][gc,alloc    ] GC(6) O:                         Mark Start        Mark End      Relocate Start    Relocate End   
[2026-04-03T00:59:56.727+0600][13.037s][info][gc,alloc    ] GC(6) O: Allocation Stalls:          0                0                0                0         
[2026-04-03T00:59:56.727+0600][13.037s][info][gc,load     ] GC(6) O: Load: 5.11 (43%) / 2.32 (19%) / 1.64 (14%)
[2026-04-03T00:59:56.727+0600][13.037s][info][gc,mmu      ] GC(6) O: MMU: 2ms/91.4%, 5ms/96.6%, 10ms/98.3%, 20ms/99.1%, 50ms/99.7%, 100ms/99.7%
[2026-04-03T00:59:56.727+0600][13.037s][info][gc,marking  ] GC(6) O: Mark: 1 stripe(s), 2 proactive flush(es), 1 terminate flush(es), 0 completion(s), 0 continuation(s) 
[2026-04-03T00:59:56.727+0600][13.037s][info][gc,marking  ] GC(6) O: Mark Stack Usage: 32M
[2026-04-03T00:59:56.727+0600][13.037s][info][gc,nmethod  ] GC(6) O: NMethods: 1700 registered, 702 unregistered
[2026-04-03T00:59:56.727+0600][13.037s][info][gc,metaspace] GC(6) O: Metaspace: 8M used, 9M committed, 1088M reserved
[2026-04-03T00:59:56.727+0600][13.037s][info][gc,ref      ] GC(6) O:                       Encountered   Discovered     Enqueued 
[2026-04-03T00:59:56.727+0600][13.037s][info][gc,ref      ] GC(6) O: Soft References:              221            0            0 
[2026-04-03T00:59:56.727+0600][13.037s][info][gc,ref      ] GC(6) O: Weak References:              466          321            0 
[2026-04-03T00:59:56.727+0600][13.037s][info][gc,ref      ] GC(6) O: Final References:               3            1            0 
[2026-04-03T00:59:56.727+0600][13.037s][info][gc,ref      ] GC(6) O: Phantom References:            46           19            0 
[2026-04-03T00:59:56.727+0600][13.037s][info][gc,reloc    ] GC(6) O:                        Candidates     Selected     In-Place         Size        Empty    Relocated 
[2026-04-03T00:59:56.727+0600][13.037s][info][gc,reloc    ] GC(6) O: Small Pages:                  145            5            0         290M           0M           3M 
[2026-04-03T00:59:56.727+0600][13.037s][info][gc,reloc    ] GC(6) O: Medium Pages:                   1            0            0          32M           0M           0M 
[2026-04-03T00:59:56.727+0600][13.037s][info][gc,reloc    ] GC(6) O: Large Pages:                    0            0            0           0M           0M           0M 
[2026-04-03T00:59:56.727+0600][13.037s][info][gc,reloc    ] GC(6) O: Forwarding Usage: 4M
[2026-04-03T00:59:56.727+0600][13.037s][info][gc,heap     ] GC(6) O: Min Capacity: 8M(0%)
[2026-04-03T00:59:56.727+0600][13.037s][info][gc,heap     ] GC(6) O: Max Capacity: 3922M(100%)
[2026-04-03T00:59:56.727+0600][13.037s][info][gc,heap     ] GC(6) O: Soft Max Capacity: 3529M(90%)
[2026-04-03T00:59:56.727+0600][13.037s][info][gc,heap     ] GC(6) O: Heap Statistics:
[2026-04-03T00:59:56.727+0600][13.037s][info][gc,heap     ] GC(6) O:                Mark Start          Mark End        Relocate Start      Relocate End           High               Low         
[2026-04-03T00:59:56.727+0600][13.037s][info][gc,heap     ] GC(6) O:  Capacity:     2354M (60%)        2354M (60%)        2354M (60%)        2354M (60%)        2354M (60%)        2354M (60%)    
[2026-04-03T00:59:56.727+0600][13.037s][info][gc,heap     ] GC(6) O:      Free:     2390M (61%)        1772M (45%)        3030M (77%)        3020M (77%)        3044M (78%)        1568M (40%)    
[2026-04-03T00:59:56.727+0600][13.037s][info][gc,heap     ] GC(6) O:      Used:     1532M (39%)        2150M (55%)         892M (23%)         902M (23%)        2354M (60%)         878M (22%)    
[2026-04-03T00:59:56.727+0600][13.037s][info][gc,heap     ] GC(6) O: Old Generation Statistics:
[2026-04-03T00:59:56.727+0600][13.037s][info][gc,heap     ] GC(6) O:                Mark Start          Mark End        Relocate Start      Relocate End    
[2026-04-03T00:59:56.727+0600][13.037s][info][gc,heap     ] GC(6) O:      Used:      322M (8%)          322M (8%)          322M (8%)          314M (8%)     
[2026-04-03T00:59:56.727+0600][13.037s][info][gc,heap     ] GC(6) O:      Live:         -               275M (7%)          275M (7%)          275M (7%)     
[2026-04-03T00:59:56.727+0600][13.037s][info][gc,heap     ] GC(6) O:   Garbage:         -                46M (1%)           46M (1%)           35M (1%)     
[2026-04-03T00:59:56.727+0600][13.037s][info][gc,heap     ] GC(6) O: Allocated:         -                 0M (0%)            0M (0%)            3M (0%)     
[2026-04-03T00:59:56.727+0600][13.037s][info][gc,heap     ] GC(6) O: Reclaimed:         -                  -                 0M (0%)           11M (0%)     
[2026-04-03T00:59:56.727+0600][13.037s][info][gc,heap     ] GC(6) O: Compacted:         -                  -                  -                 8M (0%)     
[2026-04-03T00:59:56.727+0600][13.037s][info][gc,phases   ] GC(6) O: Old Generation 1238M(32%)->902M(23%) 1.363s
[2026-04-03T00:59:56.727+0600][13.037s][info][gc          ] GC(6) Major Collection (Allocation Rate) 1532M(39%)->902M(23%) 2.040s
[2026-04-03T00:59:57.634+0600][13.944s][info][gc          ] GC(8) Minor Collection (Allocation Rate)
[2026-04-03T00:59:57.634+0600][13.944s][info][gc,task     ] GC(8) Using 2 Workers for Young Generation
[2026-04-03T00:59:57.634+0600][13.944s][info][gc,phases   ] GC(8) y: Young Generation
[2026-04-03T00:59:57.634+0600][13.944s][info][gc,phases   ] GC(8) y: Pause Mark Start 0.024ms
[2026-04-03T00:59:57.885+0600][14.195s][info][gc,phases   ] GC(8) y: Concurrent Mark 250.599ms
[2026-04-03T00:59:57.885+0600][14.195s][info][gc,phases   ] GC(8) y: Pause Mark End 0.097ms
[2026-04-03T00:59:57.886+0600][14.195s][info][gc,phases   ] GC(8) y: Concurrent Mark Free 0.001ms
[2026-04-03T00:59:57.886+0600][14.196s][info][gc,phases   ] GC(8) y: Concurrent Reset Relocation Set 0.129ms
[2026-04-03T00:59:57.891+0600][14.201s][info][gc,reloc    ] GC(8) y: Using tenuring threshold: 2 (Computed)
[2026-04-03T00:59:57.934+0600][14.244s][info][gc,phases   ] GC(8) y: Concurrent Select Relocation Set 48.068ms
[2026-04-03T00:59:57.934+0600][14.244s][info][gc,phases   ] GC(8) y: Pause Relocate Start 0.083ms
[2026-04-03T00:59:58.149+0600][14.459s][info][gc,phases   ] GC(8) y: Concurrent Relocate 214.580ms
[2026-04-03T00:59:58.149+0600][14.459s][info][gc,alloc    ] GC(8) y:                         Mark Start        Mark End      Relocate Start    Relocate End   
[2026-04-03T00:59:58.149+0600][14.459s][info][gc,alloc    ] GC(8) y: Allocation Stalls:          0                0                0                0         
[2026-04-03T00:59:58.149+0600][14.459s][info][gc,load     ] GC(8) y: Load: 5.11 (43%) / 2.32 (19%) / 1.64 (14%)
[2026-04-03T00:59:58.149+0600][14.459s][info][gc,mmu      ] GC(8) y: MMU: 2ms/91.4%, 5ms/96.6%, 10ms/98.3%, 20ms/99.1%, 50ms/99.6%, 100ms/99.7%
[2026-04-03T00:59:58.149+0600][14.459s][info][gc,marking  ] GC(8) y: Mark: 2 stripe(s), 5 proactive flush(es), 1 terminate flush(es), 0 completion(s), 0 continuation(s) 
[2026-04-03T00:59:58.149+0600][14.459s][info][gc,marking  ] GC(8) y: Mark Stack Usage: 32M
[2026-04-03T00:59:58.149+0600][14.459s][info][gc,nmethod  ] GC(8) y: NMethods: 1936 registered, 702 unregistered
[2026-04-03T00:59:58.149+0600][14.459s][info][gc,metaspace] GC(8) y: Metaspace: 8M used, 9M committed, 1088M reserved
[2026-04-03T00:59:58.149+0600][14.459s][info][gc,reloc    ] GC(8) y:                        Candidates     Selected     In-Place         Size        Empty    Relocated 
[2026-04-03T00:59:58.149+0600][14.459s][info][gc,reloc    ] GC(8) y: Small Pages:                  626          522            0        1252M          56M          55M 
[2026-04-03T00:59:58.149+0600][14.459s][info][gc,reloc    ] GC(8) y: Medium Pages:                   1            0            0          32M           0M           0M 
[2026-04-03T00:59:58.149+0600][14.459s][info][gc,reloc    ] GC(8) y: Large Pages:                    0            0            0           0M           0M           0M 
[2026-04-03T00:59:58.149+0600][14.459s][info][gc,reloc    ] GC(8) y: Forwarding Usage: 49M
[2026-04-03T00:59:58.149+0600][14.459s][info][gc,reloc    ] GC(8) y: Age Table:
[2026-04-03T00:59:58.149+0600][14.459s][info][gc,reloc    ] GC(8) y:                    Live             Garbage             Small              Medium             Large        
[2026-04-03T00:59:58.149+0600][14.459s][info][gc,reloc    ] GC(8) y: Eden              28M (1%)         1055M (27%)        526 / 483            1 / 0              0 / 0        
[2026-04-03T00:59:58.149+0600][14.459s][info][gc,reloc    ] GC(8) y: Survivor 1        36M (1%)           43M (1%)          40 / 16             0 / 0              0 / 0        
[2026-04-03T00:59:58.149+0600][14.459s][info][gc,reloc    ] GC(8) y: Survivor 2        31M (1%)           42M (1%)          37 / 21             0 / 0              0 / 0        
[2026-04-03T00:59:58.149+0600][14.459s][info][gc,reloc    ] GC(8) y: Survivor 3        41M (1%)            4M (0%)          23 / 2              0 / 0              0 / 0        
[2026-04-03T00:59:58.149+0600][14.459s][info][gc,heap     ] GC(8) y: Min Capacity: 8M(0%)
[2026-04-03T00:59:58.149+0600][14.459s][info][gc,heap     ] GC(8) y: Max Capacity: 3922M(100%)
[2026-04-03T00:59:58.149+0600][14.459s][info][gc,heap     ] GC(8) y: Soft Max Capacity: 3529M(90%)
[2026-04-03T00:59:58.149+0600][14.459s][info][gc,heap     ] GC(8) y: Heap Statistics:
[2026-04-03T00:59:58.149+0600][14.459s][info][gc,heap     ] GC(8) y:                Mark Start          Mark End        Relocate Start      Relocate End           High               Low         
[2026-04-03T00:59:58.149+0600][14.459s][info][gc,heap     ] GC(8) y:  Capacity:     2386M (61%)        2418M (62%)        2418M (62%)        2418M (62%)        2418M (62%)        2386M (61%)    
[2026-04-03T00:59:58.149+0600][14.459s][info][gc,heap     ] GC(8) y:      Free:     2324M (59%)        1986M (51%)        1942M (50%)        2910M (74%)        2930M (75%)        1940M (49%)    
[2026-04-03T00:59:58.149+0600][14.459s][info][gc,heap     ] GC(8) y:      Used:     1598M (41%)        1936M (49%)        1980M (50%)        1012M (26%)        1982M (51%)         992M (25%)    
[2026-04-03T00:59:58.149+0600][14.459s][info][gc,heap     ] GC(8) y: Young Generation Statistics:
[2026-04-03T00:59:58.149+0600][14.459s][info][gc,heap     ] GC(8) y:                Mark Start          Mark End        Relocate Start      Relocate End    
[2026-04-03T00:59:58.149+0600][14.459s][info][gc,heap     ] GC(8) y:      Used:     1284M (33%)        1622M (41%)        1622M (41%)         622M (16%)    
[2026-04-03T00:59:58.149+0600][14.459s][info][gc,heap     ] GC(8) y:      Live:         -               137M (4%)           95M (2%)           64M (2%)     
[2026-04-03T00:59:58.149+0600][14.459s][info][gc,heap     ] GC(8) y:   Garbage:         -              1146M (29%)        1088M (28%)          31M (1%)     
[2026-04-03T00:59:58.149+0600][14.459s][info][gc,heap     ] GC(8) y: Allocated:         -               338M (9%)          438M (11%)         525M (13%)    
[2026-04-03T00:59:58.149+0600][14.459s][info][gc,heap     ] GC(8) y: Reclaimed:         -                  -                57M (1%)         1114M (28%)    
[2026-04-03T00:59:58.149+0600][14.459s][info][gc,heap     ] GC(8) y:  Promoted:         -                  -                42M (1%)           73M (2%)     
[2026-04-03T00:59:58.149+0600][14.459s][info][gc,heap     ] GC(8) y: Compacted:         -                  -                  -                60M (2%)     
[2026-04-03T00:59:58.149+0600][14.459s][info][gc,phases   ] GC(8) y: Young Generation 1598M(41%)->1012M(26%) 0.515s
[2026-04-03T00:59:58.149+0600][14.459s][info][gc          ] GC(8) Minor Collection (Allocation Rate) 1598M(41%)->1012M(26%) 0.516s
[2026-04-03T00:59:59.060+0600][15.370s][info][gc          ] GC(9) Minor Collection (Allocation Rate)
[2026-04-03T00:59:59.060+0600][15.370s][info][gc,task     ] GC(9) Using 2 Workers for Young Generation
[2026-04-03T00:59:59.060+0600][15.370s][info][gc,phases   ] GC(9) y: Young Generation
[2026-04-03T00:59:59.061+0600][15.371s][info][gc,phases   ] GC(9) y: Pause Mark Start 0.020ms
[2026-04-03T00:59:59.273+0600][15.582s][info][gc,phases   ] GC(9) y: Concurrent Mark 211.746ms
[2026-04-03T00:59:59.273+0600][15.583s][info][gc,phases   ] GC(9) y: Pause Mark End 0.022ms
[2026-04-03T00:59:59.273+0600][15.583s][info][gc,phases   ] GC(9) y: Concurrent Mark Free 0.002ms
[2026-04-03T00:59:59.273+0600][15.583s][info][gc,phases   ] GC(9) y: Concurrent Reset Relocation Set 0.063ms
[2026-04-03T00:59:59.275+0600][15.585s][info][gc,reloc    ] GC(9) y: Using tenuring threshold: 3 (Computed)
[2026-04-03T00:59:59.278+0600][15.588s][info][gc,phases   ] GC(9) y: Concurrent Select Relocation Set 5.423ms
[2026-04-03T00:59:59.279+0600][15.589s][info][gc,phases   ] GC(9) y: Pause Relocate Start 0.021ms
[2026-04-03T00:59:59.337+0600][15.647s][info][gc,phases   ] GC(9) y: Concurrent Relocate 58.528ms
[2026-04-03T00:59:59.337+0600][15.647s][info][gc,alloc    ] GC(9) y:                         Mark Start        Mark End      Relocate Start    Relocate End   
[2026-04-03T00:59:59.337+0600][15.647s][info][gc,alloc    ] GC(9) y: Allocation Stalls:          0                0                0                0         
[2026-04-03T00:59:59.337+0600][15.647s][info][gc,load     ] GC(9) y: Load: 4.78 (40%) / 2.30 (19%) / 1.64 (14%)
[2026-04-03T00:59:59.337+0600][15.647s][info][gc,mmu      ] GC(9) y: MMU: 2ms/91.4%, 5ms/96.6%, 10ms/98.3%, 20ms/99.1%, 50ms/99.6%, 100ms/99.7%
[2026-04-03T00:59:59.337+0600][15.647s][info][gc,marking  ] GC(9) y: Mark: 2 stripe(s), 3 proactive flush(es), 1 terminate flush(es), 0 completion(s), 0 continuation(s) 
[2026-04-03T00:59:59.337+0600][15.647s][info][gc,marking  ] GC(9) y: Mark Stack Usage: 32M
[2026-04-03T00:59:59.337+0600][15.647s][info][gc,nmethod  ] GC(9) y: NMethods: 1998 registered, 702 unregistered
[2026-04-03T00:59:59.337+0600][15.647s][info][gc,metaspace] GC(9) y: Metaspace: 8M used, 9M committed, 1088M reserved
[2026-04-03T00:59:59.337+0600][15.647s][info][gc,reloc    ] GC(9) y:                        Candidates     Selected     In-Place         Size        Empty    Relocated 
[2026-04-03T00:59:59.337+0600][15.647s][info][gc,reloc    ] GC(9) y: Small Pages:                  859          588            0        1718M         444M          36M 
[2026-04-03T00:59:59.337+0600][15.647s][info][gc,reloc    ] GC(9) y: Medium Pages:                   2            0            0          64M          32M           0M 
[2026-04-03T00:59:59.337+0600][15.647s][info][gc,reloc    ] GC(9) y: Large Pages:                    0            0            0           0M           0M           0M 
[2026-04-03T00:59:59.337+0600][15.647s][info][gc,reloc    ] GC(9) y: Forwarding Usage: 19M
[2026-04-03T00:59:59.337+0600][15.647s][info][gc,reloc    ] GC(9) y: Age Table:
[2026-04-03T00:59:59.337+0600][15.647s][info][gc,reloc    ] GC(9) y:                    Live             Garbage             Small              Medium             Large        
[2026-04-03T00:59:59.337+0600][15.647s][info][gc,reloc    ] GC(9) y: Eden              36M (1%)         1639M (42%)        822 / 579            1 / 0              0 / 0        
[2026-04-03T00:59:59.337+0600][15.647s][info][gc,reloc    ] GC(9) y: Survivor 1        17M (0%)           48M (1%)          17 / 7              1 / 0              0 / 0        
[2026-04-03T00:59:59.337+0600][15.647s][info][gc,reloc    ] GC(9) y: Survivor 2        36M (1%)            3M (0%)          20 / 2              0 / 0              0 / 0        
[2026-04-03T00:59:59.337+0600][15.647s][info][gc,heap     ] GC(9) y: Min Capacity: 8M(0%)
[2026-04-03T00:59:59.337+0600][15.647s][info][gc,heap     ] GC(9) y: Max Capacity: 3922M(100%)
[2026-04-03T00:59:59.337+0600][15.647s][info][gc,heap     ] GC(9) y: Soft Max Capacity: 3529M(90%)
[2026-04-03T00:59:59.337+0600][15.647s][info][gc,heap     ] GC(9) y: Heap Statistics:
[2026-04-03T00:59:59.337+0600][15.647s][info][gc,heap     ] GC(9) y:                Mark Start          Mark End        Relocate Start      Relocate End           High               Low         
[2026-04-03T00:59:59.338+0600][15.647s][info][gc,heap     ] GC(9) y:  Capacity:     2418M (62%)        2450M (62%)        2450M (62%)        2450M (62%)        2450M (62%)        2418M (62%)    
[2026-04-03T00:59:59.338+0600][15.647s][info][gc,heap     ] GC(9) y:      Free:     1750M (45%)        1558M (40%)        2034M (52%)        3136M (80%)        3140M (80%)        1558M (40%)    
[2026-04-03T00:59:59.338+0600][15.647s][info][gc,heap     ] GC(9) y:      Used:     2172M (55%)        2364M (60%)        1888M (48%)         786M (20%)        2364M (60%)         782M (20%)    
[2026-04-03T00:59:59.338+0600][15.647s][info][gc,heap     ] GC(9) y: Young Generation Statistics:
[2026-04-03T00:59:59.338+0600][15.647s][info][gc,heap     ] GC(9) y:                Mark Start          Mark End        Relocate Start      Relocate End    
[2026-04-03T00:59:59.338+0600][15.647s][info][gc,heap     ] GC(9) y:      Used:     1782M (45%)        1974M (50%)        1498M (38%)         396M (10%)    
[2026-04-03T00:59:59.338+0600][15.647s][info][gc,heap     ] GC(9) y:      Live:         -                90M (2%)           90M (2%)           90M (2%)     
[2026-04-03T00:59:59.338+0600][15.647s][info][gc,heap     ] GC(9) y:   Garbage:         -              1691M (43%)        1215M (31%)          32M (1%)     
[2026-04-03T00:59:59.338+0600][15.647s][info][gc,heap     ] GC(9) y: Allocated:         -               192M (5%)          192M (5%)          272M (7%)     
[2026-04-03T00:59:59.338+0600][15.647s][info][gc,heap     ] GC(9) y: Reclaimed:         -                  -               476M (12%)        1658M (42%)    
[2026-04-03T00:59:59.338+0600][15.647s][info][gc,heap     ] GC(9) y:  Promoted:         -                  -                 0M (0%)            0M (0%)     
[2026-04-03T00:59:59.338+0600][15.647s][info][gc,heap     ] GC(9) y: Compacted:         -                  -                  -                41M (1%)     
[2026-04-03T00:59:59.338+0600][15.647s][info][gc,phases   ] GC(9) y: Young Generation 2172M(55%)->786M(20%) 0.277s
[2026-04-03T00:59:59.338+0600][15.647s][info][gc          ] GC(9) Minor Collection (Allocation Rate) 2172M(55%)->786M(20%) 0.277s
[2026-04-03T01:00:00.175+0600][16.485s][info][gc          ] GC(10) Minor Collection (Allocation Rate)
[2026-04-03T01:00:00.175+0600][16.485s][info][gc,task     ] GC(10) Using 2 Workers for Young Generation
[2026-04-03T01:00:00.175+0600][16.485s][info][gc,phases   ] GC(10) y: Young Generation
[2026-04-03T01:00:00.175+0600][16.485s][info][gc,phases   ] GC(10) y: Pause Mark Start 0.018ms
[2026-04-03T01:00:00.466+0600][16.776s][info][gc,phases   ] GC(10) y: Concurrent Mark 290.411ms
[2026-04-03T01:00:00.466+0600][16.776s][info][gc,phases   ] GC(10) y: Pause Mark End 0.040ms
[2026-04-03T01:00:00.466+0600][16.776s][info][gc,phases   ] GC(10) y: Concurrent Mark Free 0.003ms
[2026-04-03T01:00:00.466+0600][16.776s][info][gc,phases   ] GC(10) y: Concurrent Reset Relocation Set 0.065ms
[2026-04-03T01:00:00.470+0600][16.780s][info][gc,reloc    ] GC(10) y: Using tenuring threshold: 2 (Computed)
[2026-04-03T01:00:00.528+0600][16.838s][info][gc,phases   ] GC(10) y: Concurrent Select Relocation Set 61.261ms
[2026-04-03T01:00:00.528+0600][16.838s][info][gc,phases   ] GC(10) y: Pause Relocate Start 0.030ms
[2026-04-03T01:00:00.709+0600][17.019s][info][gc,phases   ] GC(10) y: Concurrent Relocate 181.147ms
[2026-04-03T01:00:00.709+0600][17.019s][info][gc,alloc    ] GC(10) y:                         Mark Start        Mark End      Relocate Start    Relocate End   
[2026-04-03T01:00:00.709+0600][17.019s][info][gc,alloc    ] GC(10) y: Allocation Stalls:          0                0                0                0         
[2026-04-03T01:00:00.709+0600][17.019s][info][gc,load     ] GC(10) y: Load: 4.78 (40%) / 2.30 (19%) / 1.64 (14%)
[2026-04-03T01:00:00.709+0600][17.019s][info][gc,mmu      ] GC(10) y: MMU: 2ms/91.4%, 5ms/96.6%, 10ms/98.3%, 20ms/99.1%, 50ms/99.6%, 100ms/99.7%
[2026-04-03T01:00:00.709+0600][17.019s][info][gc,marking  ] GC(10) y: Mark: 2 stripe(s), 10 proactive flush(es), 1 terminate flush(es), 0 completion(s), 0 continuation(s) 
[2026-04-03T01:00:00.709+0600][17.019s][info][gc,marking  ] GC(10) y: Mark Stack Usage: 32M
[2026-04-03T01:00:00.709+0600][17.019s][info][gc,nmethod  ] GC(10) y: NMethods: 2024 registered, 702 unregistered
[2026-04-03T01:00:00.709+0600][17.019s][info][gc,metaspace] GC(10) y: Metaspace: 8M used, 9M committed, 1088M reserved
[2026-04-03T01:00:00.709+0600][17.019s][info][gc,reloc    ] GC(10) y:                        Candidates     Selected     In-Place         Size        Empty    Relocated 
[2026-04-03T01:00:00.709+0600][17.019s][info][gc,reloc    ] GC(10) y: Small Pages:                  701          492            0        1402M         260M          62M 
[2026-04-03T01:00:00.709+0600][17.019s][info][gc,reloc    ] GC(10) y: Medium Pages:                   2            0            0          64M          32M           0M 
[2026-04-03T01:00:00.709+0600][17.019s][info][gc,reloc    ] GC(10) y: Large Pages:                    0            0            0           0M           0M           0M 
[2026-04-03T01:00:00.709+0600][17.019s][info][gc,reloc    ] GC(10) y: Forwarding Usage: 41M
[2026-04-03T01:00:00.709+0600][17.019s][info][gc,reloc    ] GC(10) y: Age Table:
[2026-04-03T01:00:00.709+0600][17.019s][info][gc,reloc    ] GC(10) y:                    Live             Garbage             Small              Medium             Large        
[2026-04-03T01:00:00.709+0600][17.019s][info][gc,reloc    ] GC(10) y: Eden              65M (2%)         1268M (32%)        651 / 487            1 / 0              0 / 0        
[2026-04-03T01:00:00.709+0600][17.019s][info][gc,reloc    ] GC(10) y: Survivor 1        25M (1%)           48M (1%)          21 / 3              1 / 0              0 / 0        
[2026-04-03T01:00:00.709+0600][17.019s][info][gc,reloc    ] GC(10) y: Survivor 2        17M (0%)            0M (0%)           9 / 0              0 / 0              0 / 0        
[2026-04-03T01:00:00.709+0600][17.019s][info][gc,reloc    ] GC(10) y: Survivor 3        36M (1%)            3M (0%)          20 / 2              0 / 0              0 / 0        
[2026-04-03T01:00:00.709+0600][17.019s][info][gc,heap     ] GC(10) y: Min Capacity: 8M(0%)
[2026-04-03T01:00:00.709+0600][17.019s][info][gc,heap     ] GC(10) y: Max Capacity: 3922M(100%)
[2026-04-03T01:00:00.709+0600][17.019s][info][gc,heap     ] GC(10) y: Soft Max Capacity: 3529M(90%)
[2026-04-03T01:00:00.710+0600][17.019s][info][gc,heap     ] GC(10) y: Heap Statistics:
[2026-04-03T01:00:00.710+0600][17.019s][info][gc,heap     ] GC(10) y:                Mark Start          Mark End        Relocate Start      Relocate End           High               Low         
[2026-04-03T01:00:00.710+0600][17.019s][info][gc,heap     ] GC(10) y:  Capacity:     2450M (62%)        2450M (62%)        2450M (62%)        2450M (62%)        2450M (62%)        2450M (62%)    
[2026-04-03T01:00:00.710+0600][17.019s][info][gc,heap     ] GC(10) y:      Free:     2066M (53%)        1564M (40%)        1814M (46%)        2556M (65%)        2666M (68%)        1564M (40%)    
[2026-04-03T01:00:00.710+0600][17.019s][info][gc,heap     ] GC(10) y:      Used:     1856M (47%)        2358M (60%)        2108M (54%)        1366M (35%)        2358M (60%)        1256M (32%)    
[2026-04-03T01:00:00.710+0600][17.019s][info][gc,heap     ] GC(10) y: Young Generation Statistics:
[2026-04-03T01:00:00.710+0600][17.019s][info][gc,heap     ] GC(10) y:                Mark Start          Mark End        Relocate Start      Relocate End    
[2026-04-03T01:00:00.710+0600][17.019s][info][gc,heap     ] GC(10) y:      Used:     1466M (37%)        1968M (50%)        1664M (42%)         918M (23%)    
[2026-04-03T01:00:00.710+0600][17.019s][info][gc,heap     ] GC(10) y:      Live:         -               145M (4%)           92M (2%)           91M (2%)     
[2026-04-03T01:00:00.710+0600][17.019s][info][gc,heap     ] GC(10) y:   Garbage:         -              1320M (34%)        1027M (26%)          32M (1%)     
[2026-04-03T01:00:00.710+0600][17.019s][info][gc,heap     ] GC(10) y: Allocated:         -               502M (13%)         544M (14%)         793M (20%)    
[2026-04-03T01:00:00.710+0600][17.019s][info][gc,heap     ] GC(10) y: Reclaimed:         -                  -               293M (7%)         1287M (33%)    
[2026-04-03T01:00:00.710+0600][17.019s][info][gc,heap     ] GC(10) y:  Promoted:         -                  -                52M (1%)           53M (1%)     
[2026-04-03T01:00:00.710+0600][17.019s][info][gc,heap     ] GC(10) y: Compacted:         -                  -                  -                70M (2%)     
[2026-04-03T01:00:00.710+0600][17.019s][info][gc,phases   ] GC(10) y: Young Generation 1856M(47%)->1366M(35%) 0.534s
[2026-04-03T01:00:00.710+0600][17.019s][info][gc          ] GC(10) Minor Collection (Allocation Rate) 1856M(47%)->1366M(35%) 0.534s
[2026-04-03T01:00:01.137+0600][17.446s][info][gc          ] GC(11) Minor Collection (Allocation Rate)
[2026-04-03T01:00:01.137+0600][17.446s][info][gc,task     ] GC(11) Using 3 Workers for Young Generation
[2026-04-03T01:00:01.137+0600][17.446s][info][gc,phases   ] GC(11) y: Young Generation
[2026-04-03T01:00:01.137+0600][17.447s][info][gc,phases   ] GC(11) y: Pause Mark Start 0.025ms
[2026-04-03T01:00:01.397+0600][17.707s][info][gc,phases   ] GC(11) y: Concurrent Mark 260.155ms
[2026-04-03T01:00:01.397+0600][17.707s][info][gc,phases   ] GC(11) y: Pause Mark End 0.030ms
[2026-04-03T01:00:01.397+0600][17.707s][info][gc,phases   ] GC(11) y: Concurrent Mark Free 0.001ms
[2026-04-03T01:00:01.398+0600][17.707s][info][gc,phases   ] GC(11) y: Concurrent Reset Relocation Set 0.136ms
[2026-04-03T01:00:01.404+0600][17.714s][info][gc,reloc    ] GC(11) y: Using tenuring threshold: 3 (Computed)
[2026-04-03T01:00:01.416+0600][17.725s][info][gc,phases   ] GC(11) y: Concurrent Select Relocation Set 17.948ms
[2026-04-03T01:00:01.416+0600][17.726s][info][gc,phases   ] GC(11) y: Pause Relocate Start 0.023ms
[2026-04-03T01:00:01.501+0600][17.810s][info][gc,phases   ] GC(11) y: Concurrent Relocate 84.629ms
[2026-04-03T01:00:01.501+0600][17.811s][info][gc,alloc    ] GC(11) y:                         Mark Start        Mark End      Relocate Start    Relocate End   
[2026-04-03T01:00:01.501+0600][17.811s][info][gc,alloc    ] GC(11) y: Allocation Stalls:          0                0                0                0         
[2026-04-03T01:00:01.501+0600][17.811s][info][gc,load     ] GC(11) y: Load: 4.78 (40%) / 2.30 (19%) / 1.64 (14%)
[2026-04-03T01:00:01.501+0600][17.811s][info][gc,mmu      ] GC(11) y: MMU: 2ms/91.4%, 5ms/96.6%, 10ms/98.3%, 20ms/99.1%, 50ms/99.6%, 100ms/99.7%
[2026-04-03T01:00:01.501+0600][17.811s][info][gc,marking  ] GC(11) y: Mark: 2 stripe(s), 10 proactive flush(es), 1 terminate flush(es), 0 completion(s), 0 continuation(s) 
[2026-04-03T01:00:01.501+0600][17.811s][info][gc,marking  ] GC(11) y: Mark Stack Usage: 32M
[2026-04-03T01:00:01.501+0600][17.811s][info][gc,nmethod  ] GC(11) y: NMethods: 2029 registered, 702 unregistered
[2026-04-03T01:00:01.501+0600][17.811s][info][gc,metaspace] GC(11) y: Metaspace: 8M used, 9M committed, 1088M reserved
[2026-04-03T01:00:01.501+0600][17.811s][info][gc,reloc    ] GC(11) y:                        Candidates     Selected     In-Place         Size        Empty    Relocated 
[2026-04-03T01:00:01.501+0600][17.811s][info][gc,reloc    ] GC(11) y: Small Pages:                  679          450            0        1358M         242M          81M 
[2026-04-03T01:00:01.501+0600][17.811s][info][gc,reloc    ] GC(11) y: Medium Pages:                   2            0            0          64M          64M           0M 
[2026-04-03T01:00:01.501+0600][17.811s][info][gc,reloc    ] GC(11) y: Large Pages:                    1            0            0           6M           0M           0M 
[2026-04-03T01:00:01.501+0600][17.811s][info][gc,reloc    ] GC(11) y: Forwarding Usage: 62M
[2026-04-03T01:00:01.501+0600][17.811s][info][gc,reloc    ] GC(11) y: Age Table:
[2026-04-03T01:00:01.501+0600][17.811s][info][gc,reloc    ] GC(11) y:                    Live             Garbage             Small              Medium             Large        
[2026-04-03T01:00:01.501+0600][17.811s][info][gc,reloc    ] GC(11) y: Eden             117M (3%)         1178M (30%)        629 / 446            1 / 0              1 / 0        
[2026-04-03T01:00:01.501+0600][17.811s][info][gc,reloc    ] GC(11) y: Survivor 1        64M (2%)           37M (1%)          35 / 2              1 / 0              0 / 0        
[2026-04-03T01:00:01.501+0600][17.811s][info][gc,reloc    ] GC(11) y: Survivor 2        25M (1%)            4M (0%)          15 / 2              0 / 0              0 / 0        
[2026-04-03T01:00:01.501+0600][17.811s][info][gc,heap     ] GC(11) y: Min Capacity: 8M(0%)
[2026-04-03T01:00:01.501+0600][17.811s][info][gc,heap     ] GC(11) y: Max Capacity: 3922M(100%)
[2026-04-03T01:00:01.501+0600][17.811s][info][gc,heap     ] GC(11) y: Soft Max Capacity: 3529M(90%)
[2026-04-03T01:00:01.501+0600][17.811s][info][gc,heap     ] GC(11) y: Heap Statistics:
[2026-04-03T01:00:01.501+0600][17.811s][info][gc,heap     ] GC(11) y:                Mark Start          Mark End        Relocate Start      Relocate End           High               Low         
[2026-04-03T01:00:01.501+0600][17.811s][info][gc,heap     ] GC(11) y:  Capacity:     2450M (62%)        2450M (62%)        2450M (62%)        2450M (62%)        2450M (62%)        2450M (62%)    
[2026-04-03T01:00:01.501+0600][17.811s][info][gc,heap     ] GC(11) y:      Free:     2046M (52%)        1864M (48%)        2158M (55%)        3016M (77%)        3016M (77%)        1864M (48%)    
[2026-04-03T01:00:01.501+0600][17.811s][info][gc,heap     ] GC(11) y:      Used:     1876M (48%)        2058M (52%)        1764M (45%)         906M (23%)        2058M (52%)         906M (23%)    
[2026-04-03T01:00:01.501+0600][17.811s][info][gc,heap     ] GC(11) y: Young Generation Statistics:
[2026-04-03T01:00:01.501+0600][17.811s][info][gc,heap     ] GC(11) y:                Mark Start          Mark End        Relocate Start      Relocate End    
[2026-04-03T01:00:01.501+0600][17.811s][info][gc,heap     ] GC(11) y:      Used:     1428M (36%)        1610M (41%)        1316M (34%)         458M (12%)    
[2026-04-03T01:00:01.501+0600][17.811s][info][gc,heap     ] GC(11) y:      Live:         -               207M (5%)          207M (5%)          207M (5%)     
[2026-04-03T01:00:01.501+0600][17.811s][info][gc,heap     ] GC(11) y:   Garbage:         -              1220M (31%)         914M (23%)           0M (0%)     
[2026-04-03T01:00:01.501+0600][17.811s][info][gc,heap     ] GC(11) y: Allocated:         -               182M (5%)          194M (5%)          249M (6%)     
[2026-04-03T01:00:01.501+0600][17.811s][info][gc,heap     ] GC(11) y: Reclaimed:         -                  -               306M (8%)         1219M (31%)    
[2026-04-03T01:00:01.501+0600][17.811s][info][gc,heap     ] GC(11) y:  Promoted:         -                  -                 0M (0%)            0M (0%)     
[2026-04-03T01:00:01.501+0600][17.811s][info][gc,heap     ] GC(11) y: Compacted:         -                  -                  -                92M (2%)     
[2026-04-03T01:00:01.501+0600][17.811s][info][gc,phases   ] GC(11) y: Young Generation 1876M(48%)->906M(23%) 0.364s
[2026-04-03T01:00:01.501+0600][17.811s][info][gc          ] GC(11) Minor Collection (Allocation Rate) 1876M(48%)->908M(23%) 0.365s
[2026-04-03T01:00:02.216+0600][18.526s][info][gc          ] GC(12) Minor Collection (Allocation Rate)
[2026-04-03T01:00:02.216+0600][18.526s][info][gc,task     ] GC(12) Using 2 Workers for Young Generation
[2026-04-03T01:00:02.217+0600][18.526s][info][gc,phases   ] GC(12) y: Young Generation
[2026-04-03T01:00:02.217+0600][18.527s][info][gc,phases   ] GC(12) y: Pause Mark Start 0.019ms
[2026-04-03T01:00:02.466+0600][18.776s][info][gc,phases   ] GC(12) y: Concurrent Mark 249.263ms
[2026-04-03T01:00:02.466+0600][18.776s][info][gc,phases   ] GC(12) y: Pause Mark End 0.016ms
[2026-04-03T01:00:02.466+0600][18.776s][info][gc,phases   ] GC(12) y: Concurrent Mark Free 0.002ms
[2026-04-03T01:00:02.466+0600][18.776s][info][gc,phases   ] GC(12) y: Concurrent Reset Relocation Set 0.037ms
[2026-04-03T01:00:02.468+0600][18.778s][info][gc,reloc    ] GC(12) y: Using tenuring threshold: 1 (Computed)
[2026-04-03T01:00:02.541+0600][18.851s][info][gc,phases   ] GC(12) y: Concurrent Select Relocation Set 74.458ms
[2026-04-03T01:00:02.541+0600][18.851s][info][gc,phases   ] GC(12) y: Pause Relocate Start 0.017ms
[2026-04-03T01:00:02.699+0600][19.009s][info][gc,phases   ] GC(12) y: Concurrent Relocate 157.704ms
[2026-04-03T01:00:02.699+0600][19.009s][info][gc,alloc    ] GC(12) y:                         Mark Start        Mark End      Relocate Start    Relocate End   
[2026-04-03T01:00:02.699+0600][19.009s][info][gc,alloc    ] GC(12) y: Allocation Stalls:          0                0                0                0         
[2026-04-03T01:00:02.699+0600][19.009s][info][gc,load     ] GC(12) y: Load: 4.78 (40%) / 2.30 (19%) / 1.64 (14%)
[2026-04-03T01:00:02.699+0600][19.009s][info][gc,mmu      ] GC(12) y: MMU: 2ms/91.4%, 5ms/96.6%, 10ms/98.3%, 20ms/99.1%, 50ms/99.6%, 100ms/99.7%
[2026-04-03T01:00:02.699+0600][19.009s][info][gc,marking  ] GC(12) y: Mark: 2 stripe(s), 2 proactive flush(es), 1 terminate flush(es), 0 completion(s), 0 continuation(s) 
[2026-04-03T01:00:02.699+0600][19.009s][info][gc,marking  ] GC(12) y: Mark Stack Usage: 32M
[2026-04-03T01:00:02.699+0600][19.009s][info][gc,nmethod  ] GC(12) y: NMethods: 2033 registered, 702 unregistered
[2026-04-03T01:00:02.699+0600][19.009s][info][gc,metaspace] GC(12) y: Metaspace: 8M used, 9M committed, 1088M reserved
[2026-04-03T01:00:02.699+0600][19.009s][info][gc,reloc    ] GC(12) y:                        Candidates     Selected     In-Place         Size        Empty    Relocated 
[2026-04-03T01:00:02.699+0600][19.009s][info][gc,reloc    ] GC(12) y: Small Pages:                  625          288            0        1250M         464M           6M 
[2026-04-03T01:00:02.699+0600][19.009s][info][gc,reloc    ] GC(12) y: Medium Pages:                   0            0            0           0M           0M           0M 
[2026-04-03T01:00:02.699+0600][19.009s][info][gc,reloc    ] GC(12) y: Large Pages:                    1            0            0           6M           0M           0M 
[2026-04-03T01:00:02.699+0600][19.009s][info][gc,reloc    ] GC(12) y: Forwarding Usage: 2M
[2026-04-03T01:00:02.699+0600][19.009s][info][gc,reloc    ] GC(12) y: Age Table:
[2026-04-03T01:00:02.699+0600][19.009s][info][gc,reloc    ] GC(12) y:                    Live             Garbage             Small              Medium             Large        
[2026-04-03T01:00:02.699+0600][19.009s][info][gc,reloc    ] GC(12) y: Eden               4M (0%)         1033M (26%)        519 / 284            0 / 0              0 / 0        
[2026-04-03T01:00:02.699+0600][19.009s][info][gc,reloc    ] GC(12) y: Survivor 1       110M (3%)           11M (0%)          58 / 2              0 / 0              1 / 0        
[2026-04-03T01:00:02.699+0600][19.009s][info][gc,reloc    ] GC(12) y: Survivor 2        52M (1%)           15M (0%)          34 / 1              0 / 0              0 / 0        
[2026-04-03T01:00:02.699+0600][19.009s][info][gc,reloc    ] GC(12) y: Survivor 3        25M (1%)            2M (0%)          14 / 1              0 / 0              0 / 0        
[2026-04-03T01:00:02.699+0600][19.009s][info][gc,heap     ] GC(12) y: Min Capacity: 8M(0%)
[2026-04-03T01:00:02.699+0600][19.009s][info][gc,heap     ] GC(12) y: Max Capacity: 3922M(100%)
[2026-04-03T01:00:02.699+0600][19.009s][info][gc,heap     ] GC(12) y: Soft Max Capacity: 3529M(90%)
[2026-04-03T01:00:02.699+0600][19.009s][info][gc,heap     ] GC(12) y: Heap Statistics:
[2026-04-03T01:00:02.699+0600][19.009s][info][gc,heap     ] GC(12) y:                Mark Start          Mark End        Relocate Start      Relocate End           High               Low         
[2026-04-03T01:00:02.699+0600][19.009s][info][gc,heap     ] GC(12) y:  Capacity:     2450M (62%)        2450M (62%)        2450M (62%)        2450M (62%)        2450M (62%)        2450M (62%)    
[2026-04-03T01:00:02.699+0600][19.009s][info][gc,heap     ] GC(12) y:      Free:     2218M (57%)        1966M (50%)        2332M (59%)        2804M (71%)        2894M (74%)        1966M (50%)    
[2026-04-03T01:00:02.699+0600][19.009s][info][gc,heap     ] GC(12) y:      Used:     1704M (43%)        1956M (50%)        1590M (41%)        1118M (29%)        1956M (50%)        1028M (26%)    
[2026-04-03T01:00:02.699+0600][19.009s][info][gc,heap     ] GC(12) y: Young Generation Statistics:
[2026-04-03T01:00:02.699+0600][19.009s][info][gc,heap     ] GC(12) y:                Mark Start          Mark End        Relocate Start      Relocate End    
[2026-04-03T01:00:02.699+0600][19.009s][info][gc,heap     ] GC(12) y:      Used:     1256M (32%)        1508M (38%)         934M (24%)         458M (12%)    
[2026-04-03T01:00:02.699+0600][19.009s][info][gc,heap     ] GC(12) y:      Live:         -               193M (5%)            6M (0%)            4M (0%)     
[2026-04-03T01:00:02.699+0600][19.009s][info][gc,heap     ] GC(12) y:   Garbage:         -              1062M (27%)         577M (15%)           0M (0%)     
[2026-04-03T01:00:02.699+0600][19.009s][info][gc,heap     ] GC(12) y: Allocated:         -               252M (6%)          350M (9%)          453M (12%)    
[2026-04-03T01:00:02.699+0600][19.009s][info][gc,heap     ] GC(12) y: Reclaimed:         -                  -               485M (12%)        1062M (27%)    
[2026-04-03T01:00:02.699+0600][19.009s][info][gc,heap     ] GC(12) y:  Promoted:         -                  -               186M (5%)          188M (5%)     
[2026-04-03T01:00:02.699+0600][19.009s][info][gc,heap     ] GC(12) y: Compacted:         -                  -                  -                 4M (0%)     
[2026-04-03T01:00:02.699+0600][19.009s][info][gc,phases   ] GC(12) y: Young Generation 1702M(43%)->1118M(29%) 0.483s
[2026-04-03T01:00:02.699+0600][19.009s][info][gc          ] GC(12) Minor Collection (Allocation Rate) 1702M(43%)->1118M(29%) 0.483s
[2026-04-03T01:00:03.553+0600][19.863s][info][gc          ] GC(13) Minor Collection (Allocation Rate)
[2026-04-03T01:00:03.553+0600][19.863s][info][gc,task     ] GC(13) Using 2 Workers for Young Generation
[2026-04-03T01:00:03.553+0600][19.863s][info][gc,phases   ] GC(13) y: Young Generation
[2026-04-03T01:00:03.553+0600][19.863s][info][gc,phases   ] GC(13) y: Pause Mark Start 0.015ms
[2026-04-03T01:00:03.732+0600][20.042s][info][gc,phases   ] GC(13) y: Concurrent Mark 178.737ms
[2026-04-03T01:00:03.732+0600][20.042s][info][gc,phases   ] GC(13) y: Pause Mark End 0.025ms
[2026-04-03T01:00:03.732+0600][20.042s][info][gc,phases   ] GC(13) y: Concurrent Mark Free 0.003ms
[2026-04-03T01:00:03.732+0600][20.042s][info][gc,phases   ] GC(13) y: Concurrent Reset Relocation Set 0.139ms
[2026-04-03T01:00:03.734+0600][20.044s][info][gc,reloc    ] GC(13) y: Using tenuring threshold: 2 (Computed)
[2026-04-03T01:00:03.757+0600][20.067s][info][gc,phases   ] GC(13) y: Concurrent Select Relocation Set 24.886ms
[2026-04-03T01:00:03.758+0600][20.068s][info][gc,phases   ] GC(13) y: Pause Relocate Start 0.021ms
[2026-04-03T01:00:03.857+0600][20.167s][info][gc,phases   ] GC(13) y: Concurrent Relocate 98.859ms
[2026-04-03T01:00:03.857+0600][20.167s][info][gc,alloc    ] GC(13) y:                         Mark Start        Mark End      Relocate Start    Relocate End   
[2026-04-03T01:00:03.857+0600][20.167s][info][gc,alloc    ] GC(13) y: Allocation Stalls:          0                0                0                0         
[2026-04-03T01:00:03.857+0600][20.167s][info][gc,load     ] GC(13) y: Load: 4.64 (39%) / 2.31 (19%) / 1.64 (14%)
[2026-04-03T01:00:03.857+0600][20.167s][info][gc,mmu      ] GC(13) y: MMU: 2ms/91.4%, 5ms/96.6%, 10ms/98.3%, 20ms/99.1%, 50ms/99.6%, 100ms/99.7%
[2026-04-03T01:00:03.857+0600][20.167s][info][gc,marking  ] GC(13) y: Mark: 2 stripe(s), 3 proactive flush(es), 1 terminate flush(es), 0 completion(s), 0 continuation(s) 
[2026-04-03T01:00:03.857+0600][20.167s][info][gc,marking  ] GC(13) y: Mark Stack Usage: 32M
[2026-04-03T01:00:03.857+0600][20.167s][info][gc,nmethod  ] GC(13) y: NMethods: 2041 registered, 702 unregistered
[2026-04-03T01:00:03.857+0600][20.167s][info][gc,metaspace] GC(13) y: Metaspace: 8M used, 9M committed, 1088M reserved
[2026-04-03T01:00:03.857+0600][20.167s][info][gc,reloc    ] GC(13) y:                        Candidates     Selected     In-Place         Size        Empty    Relocated 
[2026-04-03T01:00:03.857+0600][20.167s][info][gc,reloc    ] GC(13) y: Small Pages:                  669          612            0        1338M          10M          78M 
[2026-04-03T01:00:03.857+0600][20.167s][info][gc,reloc    ] GC(13) y: Medium Pages:                   1            0            0          32M           0M           0M 
[2026-04-03T01:00:03.857+0600][20.167s][info][gc,reloc    ] GC(13) y: Large Pages:                    0            0            0           0M           0M           0M 
[2026-04-03T01:00:03.857+0600][20.167s][info][gc,reloc    ] GC(13) y: Forwarding Usage: 57M
[2026-04-03T01:00:03.857+0600][20.167s][info][gc,reloc    ] GC(13) y: Age Table:
[2026-04-03T01:00:03.857+0600][20.167s][info][gc,reloc    ] GC(13) y:                    Live             Garbage             Small              Medium             Large        
[2026-04-03T01:00:03.857+0600][20.167s][info][gc,reloc    ] GC(13) y: Eden              87M (2%)         1272M (32%)        664 / 610            1 / 0              0 / 0        
[2026-04-03T01:00:03.857+0600][20.167s][info][gc,reloc    ] GC(13) y: Survivor 1         4M (0%)            5M (0%)           5 / 2              0 / 0              0 / 0        
[2026-04-03T01:00:03.857+0600][20.167s][info][gc,heap     ] GC(13) y: Min Capacity: 8M(0%)
[2026-04-03T01:00:03.857+0600][20.167s][info][gc,heap     ] GC(13) y: Max Capacity: 3922M(100%)
[2026-04-03T01:00:03.857+0600][20.167s][info][gc,heap     ] GC(13) y: Soft Max Capacity: 3529M(90%)
[2026-04-03T01:00:03.857+0600][20.167s][info][gc,heap     ] GC(13) y: Heap Statistics:
[2026-04-03T01:00:03.857+0600][20.167s][info][gc,heap     ] GC(13) y:                Mark Start          Mark End        Relocate Start      Relocate End           High               Low         
[2026-04-03T01:00:03.857+0600][20.167s][info][gc,heap     ] GC(13) y:  Capacity:     2450M (62%)        2450M (62%)        2450M (62%)        2450M (62%)        2450M (62%)        2450M (62%)    
[2026-04-03T01:00:03.857+0600][20.167s][info][gc,heap     ] GC(13) y:      Free:     1892M (48%)        1712M (44%)        1722M (44%)        2922M (75%)        2922M (75%)        1712M (44%)    
[2026-04-03T01:00:03.857+0600][20.167s][info][gc,heap     ] GC(13) y:      Used:     2030M (52%)        2210M (56%)        2200M (56%)        1000M (25%)        2210M (56%)        1000M (25%)    
[2026-04-03T01:00:03.857+0600][20.167s][info][gc,heap     ] GC(13) y: Young Generation Statistics:
[2026-04-03T01:00:03.857+0600][20.167s][info][gc,heap     ] GC(13) y:                Mark Start          Mark End        Relocate Start      Relocate End    
[2026-04-03T01:00:03.857+0600][20.167s][info][gc,heap     ] GC(13) y:      Used:     1370M (35%)        1550M (40%)        1540M (39%)         340M (9%)     
[2026-04-03T01:00:03.857+0600][20.167s][info][gc,heap     ] GC(13) y:      Live:         -                92M (2%)           92M (2%)           92M (2%)     
[2026-04-03T01:00:03.857+0600][20.167s][info][gc,heap     ] GC(13) y:   Garbage:         -              1277M (33%)        1267M (32%)          30M (1%)     
[2026-04-03T01:00:03.857+0600][20.167s][info][gc,heap     ] GC(13) y: Allocated:         -               180M (5%)          180M (5%)          216M (6%)     
[2026-04-03T01:00:03.857+0600][20.167s][info][gc,heap     ] GC(13) y: Reclaimed:         -                  -                10M (0%)         1246M (32%)    
[2026-04-03T01:00:03.857+0600][20.167s][info][gc,heap     ] GC(13) y:  Promoted:         -                  -                 0M (0%)            0M (0%)     
[2026-04-03T01:00:03.857+0600][20.167s][info][gc,heap     ] GC(13) y: Compacted:         -                  -                  -                87M (2%)     
[2026-04-03T01:00:03.857+0600][20.167s][info][gc,phases   ] GC(13) y: Young Generation 2030M(52%)->1000M(25%) 0.304s
[2026-04-03T01:00:03.857+0600][20.167s][info][gc          ] GC(13) Minor Collection (Allocation Rate) 2030M(52%)->1000M(25%) 0.304s
[2026-04-03T01:00:05.136+0600][21.446s][info][gc          ] GC(14) Minor Collection (Allocation Rate)
[2026-04-03T01:00:05.136+0600][21.446s][info][gc,task     ] GC(14) Using 2 Workers for Young Generation
[2026-04-03T01:00:05.136+0600][21.446s][info][gc,phases   ] GC(14) y: Young Generation
[2026-04-03T01:00:05.136+0600][21.446s][info][gc,phases   ] GC(14) y: Pause Mark Start 0.016ms
[2026-04-03T01:00:05.405+0600][21.715s][info][gc,phases   ] GC(14) y: Concurrent Mark 268.552ms
[2026-04-03T01:00:05.405+0600][21.715s][info][gc,phases   ] GC(14) y: Pause Mark End 0.017ms
[2026-04-03T01:00:05.405+0600][21.715s][info][gc,phases   ] GC(14) y: Concurrent Mark Free 0.002ms
[2026-04-03T01:00:05.405+0600][21.715s][info][gc,phases   ] GC(14) y: Concurrent Reset Relocation Set 0.044ms
[2026-04-03T01:00:05.407+0600][21.717s][info][gc,reloc    ] GC(14) y: Using tenuring threshold: 3 (Computed)
[2026-04-03T01:00:05.411+0600][21.721s][info][gc,phases   ] GC(14) y: Concurrent Select Relocation Set 6.051ms
[2026-04-03T01:00:05.411+0600][21.721s][info][gc,phases   ] GC(14) y: Pause Relocate Start 0.014ms
[2026-04-03T01:00:05.471+0600][21.781s][info][gc,phases   ] GC(14) y: Concurrent Relocate 59.681ms
[2026-04-03T01:00:05.471+0600][21.781s][info][gc,alloc    ] GC(14) y:                         Mark Start        Mark End      Relocate Start    Relocate End   
[2026-04-03T01:00:05.471+0600][21.781s][info][gc,alloc    ] GC(14) y: Allocation Stalls:          0                0                0                0         
[2026-04-03T01:00:05.471+0600][21.781s][info][gc,load     ] GC(14) y: Load: 4.64 (39%) / 2.31 (19%) / 1.64 (14%)
[2026-04-03T01:00:05.471+0600][21.781s][info][gc,mmu      ] GC(14) y: MMU: 2ms/91.4%, 5ms/96.6%, 10ms/98.3%, 20ms/99.1%, 50ms/99.6%, 100ms/99.7%
[2026-04-03T01:00:05.471+0600][21.781s][info][gc,marking  ] GC(14) y: Mark: 2 stripe(s), 4 proactive flush(es), 1 terminate flush(es), 0 completion(s), 0 continuation(s) 
[2026-04-03T01:00:05.471+0600][21.781s][info][gc,marking  ] GC(14) y: Mark Stack Usage: 32M
[2026-04-03T01:00:05.471+0600][21.781s][info][gc,nmethod  ] GC(14) y: NMethods: 2045 registered, 702 unregistered
[2026-04-03T01:00:05.471+0600][21.781s][info][gc,metaspace] GC(14) y: Metaspace: 8M used, 9M committed, 1088M reserved
[2026-04-03T01:00:05.471+0600][21.781s][info][gc,reloc    ] GC(14) y:                        Candidates     Selected     In-Place         Size        Empty    Relocated 
[2026-04-03T01:00:05.471+0600][21.781s][info][gc,reloc    ] GC(14) y: Small Pages:                  683          267            0        1366M         662M          46M 
[2026-04-03T01:00:05.471+0600][21.781s][info][gc,reloc    ] GC(14) y: Medium Pages:                   2            0            0          64M          64M           0M 
[2026-04-03T01:00:05.471+0600][21.781s][info][gc,reloc    ] GC(14) y: Large Pages:                    1            0            0           6M           0M           0M 
[2026-04-03T01:00:05.471+0600][21.781s][info][gc,reloc    ] GC(14) y: Forwarding Usage: 36M
[2026-04-03T01:00:05.471+0600][21.781s][info][gc,reloc    ] GC(14) y: Age Table:
[2026-04-03T01:00:05.471+0600][21.781s][info][gc,reloc    ] GC(14) y:                    Live             Garbage             Small              Medium             Large        
[2026-04-03T01:00:05.471+0600][21.781s][info][gc,reloc    ] GC(14) y: Eden              75M (2%)         1230M (31%)        634 / 265            1 / 0              1 / 0        
[2026-04-03T01:00:05.471+0600][21.781s][info][gc,reloc    ] GC(14) y: Survivor 1        86M (2%)           35M (1%)          45 / 2              1 / 0              0 / 0        
[2026-04-03T01:00:05.471+0600][21.781s][info][gc,reloc    ] GC(14) y: Survivor 2         4M (0%)            3M (0%)           4 / 0              0 / 0              0 / 0        
[2026-04-03T01:00:05.471+0600][21.781s][info][gc,heap     ] GC(14) y: Min Capacity: 8M(0%)
[2026-04-03T01:00:05.471+0600][21.781s][info][gc,heap     ] GC(14) y: Max Capacity: 3922M(100%)
[2026-04-03T01:00:05.471+0600][21.781s][info][gc,heap     ] GC(14) y: Soft Max Capacity: 3529M(90%)
[2026-04-03T01:00:05.471+0600][21.781s][info][gc,heap     ] GC(14) y: Heap Statistics:
[2026-04-03T01:00:05.471+0600][21.781s][info][gc,heap     ] GC(14) y:                Mark Start          Mark End        Relocate Start      Relocate End           High               Low         
[2026-04-03T01:00:05.471+0600][21.781s][info][gc,heap     ] GC(14) y:  Capacity:     2450M (62%)        2450M (62%)        2450M (62%)        2450M (62%)        2450M (62%)        2450M (62%)    
[2026-04-03T01:00:05.471+0600][21.781s][info][gc,heap     ] GC(14) y:      Free:     1826M (47%)        1600M (41%)        2320M (59%)        2810M (72%)        2810M (72%)        1598M (41%)    
[2026-04-03T01:00:05.471+0600][21.781s][info][gc,heap     ] GC(14) y:      Used:     2096M (53%)        2322M (59%)        1602M (41%)        1112M (28%)        2324M (59%)        1112M (28%)    
[2026-04-03T01:00:05.471+0600][21.781s][info][gc,heap     ] GC(14) y: Young Generation Statistics:
[2026-04-03T01:00:05.471+0600][21.781s][info][gc,heap     ] GC(14) y:                Mark Start          Mark End        Relocate Start      Relocate End    
[2026-04-03T01:00:05.471+0600][21.781s][info][gc,heap     ] GC(14) y:      Used:     1436M (37%)        1662M (42%)         942M (24%)         452M (12%)    
[2026-04-03T01:00:05.471+0600][21.781s][info][gc,heap     ] GC(14) y:      Live:         -               166M (4%)          166M (4%)          166M (4%)     
[2026-04-03T01:00:05.471+0600][21.781s][info][gc,heap     ] GC(14) y:   Garbage:         -              1269M (32%)         543M (14%)           1M (0%)     
[2026-04-03T01:00:05.471+0600][21.781s][info][gc,heap     ] GC(14) y: Allocated:         -               226M (6%)          232M (6%)          284M (7%)     
[2026-04-03T01:00:05.471+0600][21.781s][info][gc,heap     ] GC(14) y: Reclaimed:         -                  -               726M (19%)        1268M (32%)    
[2026-04-03T01:00:05.471+0600][21.781s][info][gc,heap     ] GC(14) y:  Promoted:         -                  -                 0M (0%)            0M (0%)     
[2026-04-03T01:00:05.471+0600][21.781s][info][gc,heap     ] GC(14) y: Compacted:         -                  -                  -                51M (1%)     
[2026-04-03T01:00:05.471+0600][21.781s][info][gc,phases   ] GC(14) y: Young Generation 2096M(53%)->1112M(28%) 0.335s
[2026-04-03T01:00:05.472+0600][21.781s][info][gc          ] GC(14) Minor Collection (Allocation Rate) 2096M(53%)->1112M(28%) 0.336s
[2026-04-03T01:00:06.331+0600][22.641s][info][gc          ] GC(15) Major Collection (System.gc())
[2026-04-03T01:00:06.331+0600][22.641s][info][gc,task     ] GC(15) Using 3 Workers for Young Generation
[2026-04-03T01:00:06.331+0600][22.641s][info][gc,task     ] GC(15) Using 3 Workers for Old Generation
[2026-04-03T01:00:06.331+0600][22.641s][info][gc,phases   ] GC(15) Y: Young Generation (Promote All)
[2026-04-03T01:00:06.331+0600][22.641s][info][gc,phases   ] GC(15) Y: Pause Mark Start 0.016ms
[2026-04-03T01:00:06.439+0600][22.749s][info][gc,phases   ] GC(15) Y: Concurrent Mark 107.319ms
[2026-04-03T01:00:06.439+0600][22.749s][info][gc,phases   ] GC(15) Y: Pause Mark End 0.030ms
[2026-04-03T01:00:06.439+0600][22.749s][info][gc,phases   ] GC(15) Y: Concurrent Mark Free 0.002ms
[2026-04-03T01:00:06.439+0600][22.749s][info][gc,phases   ] GC(15) Y: Concurrent Reset Relocation Set 0.027ms
[2026-04-03T01:00:06.441+0600][22.751s][info][gc,reloc    ] GC(15) Y: Using tenuring threshold: 0 (Promote All)
[2026-04-03T01:00:06.478+0600][22.788s][info][gc,phases   ] GC(15) Y: Concurrent Select Relocation Set 39.445ms
[2026-04-03T01:00:06.479+0600][22.788s][info][gc,phases   ] GC(15) Y: Pause Relocate Start 0.023ms
[2026-04-03T01:00:06.618+0600][22.928s][info][gc,phases   ] GC(15) Y: Concurrent Relocate 139.417ms
[2026-04-03T01:00:06.618+0600][22.928s][info][gc,alloc    ] GC(15) Y:                         Mark Start        Mark End      Relocate Start    Relocate End   
[2026-04-03T01:00:06.618+0600][22.928s][info][gc,alloc    ] GC(15) Y: Allocation Stalls:          0                0                0                0         
[2026-04-03T01:00:06.618+0600][22.928s][info][gc,load     ] GC(15) Y: Load: 4.64 (39%) / 2.31 (19%) / 1.64 (14%)
[2026-04-03T01:00:06.618+0600][22.928s][info][gc,mmu      ] GC(15) Y: MMU: 2ms/91.4%, 5ms/96.6%, 10ms/98.3%, 20ms/99.1%, 50ms/99.6%, 100ms/99.7%
[2026-04-03T01:00:06.618+0600][22.928s][info][gc,marking  ] GC(15) Y: Mark: 2 stripe(s), 10 proactive flush(es), 1 terminate flush(es), 0 completion(s), 0 continuation(s) 
[2026-04-03T01:00:06.618+0600][22.928s][info][gc,marking  ] GC(15) Y: Mark Stack Usage: 32M
[2026-04-03T01:00:06.618+0600][22.928s][info][gc,nmethod  ] GC(15) Y: NMethods: 2070 registered, 702 unregistered
[2026-04-03T01:00:06.618+0600][22.928s][info][gc,metaspace] GC(15) Y: Metaspace: 8M used, 9M committed, 1088M reserved
[2026-04-03T01:00:06.618+0600][22.928s][info][gc,reloc    ] GC(15) Y:                        Candidates     Selected     In-Place         Size        Empty    Relocated 
[2026-04-03T01:00:06.618+0600][22.928s][info][gc,reloc    ] GC(15) Y: Small Pages:                  630          470            0        1260M         218M          37M 
[2026-04-03T01:00:06.618+0600][22.928s][info][gc,reloc    ] GC(15) Y: Medium Pages:                   0            0            0           0M           0M           0M 
[2026-04-03T01:00:06.618+0600][22.928s][info][gc,reloc    ] GC(15) Y: Large Pages:                    1            0            0           6M           0M           0M 
[2026-04-03T01:00:06.618+0600][22.928s][info][gc,reloc    ] GC(15) Y: Forwarding Usage: 34M
[2026-04-03T01:00:06.618+0600][22.928s][info][gc,reloc    ] GC(15) Y: Age Table:
[2026-04-03T01:00:06.618+0600][22.928s][info][gc,reloc    ] GC(15) Y:                    Live             Garbage             Small              Medium             Large        
[2026-04-03T01:00:06.618+0600][22.928s][info][gc,reloc    ] GC(15) Y: Eden               8M (0%)         1083M (28%)        546 / 432            0 / 0              0 / 0        
[2026-04-03T01:00:06.618+0600][22.928s][info][gc,reloc    ] GC(15) Y: Survivor 1        45M (1%)           34M (1%)          37 / 12             0 / 0              1 / 0        
[2026-04-03T01:00:06.618+0600][22.928s][info][gc,reloc    ] GC(15) Y: Survivor 2        37M (1%)           50M (1%)          44 / 26             0 / 0              0 / 0        
[2026-04-03T01:00:06.618+0600][22.928s][info][gc,reloc    ] GC(15) Y: Survivor 3         4M (0%)            1M (0%)           3 / 0              0 / 0              0 / 0        
[2026-04-03T01:00:06.618+0600][22.928s][info][gc,heap     ] GC(15) Y: Min Capacity: 8M(0%)
[2026-04-03T01:00:06.618+0600][22.928s][info][gc,heap     ] GC(15) Y: Max Capacity: 3922M(100%)
[2026-04-03T01:00:06.618+0600][22.928s][info][gc,heap     ] GC(15) Y: Soft Max Capacity: 3529M(90%)
[2026-04-03T01:00:06.618+0600][22.928s][info][gc,heap     ] GC(15) Y: Heap Statistics:
[2026-04-03T01:00:06.618+0600][22.928s][info][gc,heap     ] GC(15) Y:                Mark Start          Mark End        Relocate Start      Relocate End           High               Low         
[2026-04-03T01:00:06.618+0600][22.928s][info][gc,heap     ] GC(15) Y:  Capacity:     2450M (62%)        2450M (62%)        2450M (62%)        2450M (62%)        2450M (62%)        2450M (62%)    
[2026-04-03T01:00:06.618+0600][22.928s][info][gc,heap     ] GC(15) Y:      Free:     1996M (51%)        1996M (51%)        2214M (56%)        3160M (81%)        3160M (81%)        1996M (51%)    
[2026-04-03T01:00:06.618+0600][22.928s][info][gc,heap     ] GC(15) Y:      Used:     1926M (49%)        1926M (49%)        1708M (44%)         762M (19%)        1926M (49%)         762M (19%)    
[2026-04-03T01:00:06.618+0600][22.928s][info][gc,heap     ] GC(15) Y: Young Generation Statistics:
[2026-04-03T01:00:06.618+0600][22.928s][info][gc,heap     ] GC(15) Y:                Mark Start          Mark End        Relocate Start      Relocate End    
[2026-04-03T01:00:06.618+0600][22.928s][info][gc,heap     ] GC(15) Y:      Used:     1266M (32%)        1266M (32%)        1012M (26%)           0M (0%)     
[2026-04-03T01:00:06.618+0600][22.928s][info][gc,heap     ] GC(15) Y:      Live:         -                96M (2%)           62M (2%)            0M (0%)     
[2026-04-03T01:00:06.618+0600][22.928s][info][gc,heap     ] GC(15) Y:   Garbage:         -              1169M (30%)         949M (24%)           0M (0%)     
[2026-04-03T01:00:06.618+0600][22.928s][info][gc,heap     ] GC(15) Y: Allocated:         -                 0M (0%)            0M (0%)            0M (0%)     
[2026-04-03T01:00:06.618+0600][22.928s][info][gc,heap     ] GC(15) Y: Reclaimed:         -                  -               220M (6%)         1169M (30%)    
[2026-04-03T01:00:06.618+0600][22.928s][info][gc,heap     ] GC(15) Y:  Promoted:         -                  -                33M (1%)           96M (2%)     
[2026-04-03T01:00:06.618+0600][22.928s][info][gc,heap     ] GC(15) Y: Compacted:         -                  -                  -                 0M (0%)     
[2026-04-03T01:00:06.618+0600][22.928s][info][gc,phases   ] GC(15) Y: Young Generation (Promote All) 1926M(49%)->762M(19%) 0.287s
[2026-04-03T01:00:06.618+0600][22.928s][info][gc,phases   ] GC(15) Y: Young Generation (Collect Roots)
[2026-04-03T01:00:06.618+0600][22.928s][info][gc,phases   ] GC(15) Y: Pause Mark Start (Major) 0.028ms
[2026-04-03T01:00:06.653+0600][22.963s][info][gc,phases   ] GC(15) Y: Concurrent Mark 34.732ms
[2026-04-03T01:00:06.654+0600][22.963s][info][gc,phases   ] GC(15) Y: Pause Mark End 0.039ms
[2026-04-03T01:00:06.654+0600][22.964s][info][gc,phases   ] GC(15) Y: Concurrent Mark Free 0.470ms
[2026-04-03T01:00:06.654+0600][22.964s][info][gc,phases   ] GC(15) Y: Concurrent Reset Relocation Set 0.159ms
[2026-04-03T01:00:06.657+0600][22.967s][info][gc,reloc    ] GC(15) Y: Using tenuring threshold: 0 (Computed)
[2026-04-03T01:00:06.661+0600][22.971s][info][gc,phases   ] GC(15) Y: Concurrent Select Relocation Set 6.687ms
[2026-04-03T01:00:06.661+0600][22.971s][info][gc,phases   ] GC(15) Y: Pause Relocate Start 0.023ms
[2026-04-03T01:00:06.661+0600][22.971s][info][gc,phases   ] GC(15) Y: Concurrent Relocate 0.086ms
[2026-04-03T01:00:06.661+0600][22.971s][info][gc,alloc    ] GC(15) Y:                         Mark Start        Mark End      Relocate Start    Relocate End   
[2026-04-03T01:00:06.661+0600][22.971s][info][gc,alloc    ] GC(15) Y: Allocation Stalls:          0                0                0                0         
[2026-04-03T01:00:06.661+0600][22.971s][info][gc,load     ] GC(15) Y: Load: 4.64 (39%) / 2.31 (19%) / 1.64 (14%)
[2026-04-03T01:00:06.661+0600][22.971s][info][gc,mmu      ] GC(15) Y: MMU: 2ms/91.4%, 5ms/96.6%, 10ms/98.3%, 20ms/99.1%, 50ms/99.6%, 100ms/99.7%
[2026-04-03T01:00:06.661+0600][22.971s][info][gc,marking  ] GC(15) Y: Mark: 2 stripe(s), 1 proactive flush(es), 1 terminate flush(es), 0 completion(s), 0 continuation(s) 
[2026-04-03T01:00:06.661+0600][22.971s][info][gc,marking  ] GC(15) Y: Mark Stack Usage: 0M
[2026-04-03T01:00:06.661+0600][22.971s][info][gc,nmethod  ] GC(15) Y: NMethods: 2070 registered, 702 unregistered
[2026-04-03T01:00:06.662+0600][22.971s][info][gc,metaspace] GC(15) Y: Metaspace: 8M used, 9M committed, 1088M reserved
[2026-04-03T01:00:06.662+0600][22.971s][info][gc,heap     ] GC(15) Y: Min Capacity: 8M(0%)
[2026-04-03T01:00:06.662+0600][22.971s][info][gc,heap     ] GC(15) Y: Max Capacity: 3922M(100%)
[2026-04-03T01:00:06.662+0600][22.971s][info][gc,heap     ] GC(15) Y: Soft Max Capacity: 3529M(90%)
[2026-04-03T01:00:06.662+0600][22.971s][info][gc,heap     ] GC(15) Y: Heap Statistics:
[2026-04-03T01:00:06.662+0600][22.971s][info][gc,heap     ] GC(15) Y:                Mark Start          Mark End        Relocate Start      Relocate End           High               Low         
[2026-04-03T01:00:06.662+0600][22.971s][info][gc,heap     ] GC(15) Y:  Capacity:     2450M (62%)        2450M (62%)        2450M (62%)        2450M (62%)        2450M (62%)        2450M (62%)    
[2026-04-03T01:00:06.662+0600][22.971s][info][gc,heap     ] GC(15) Y:      Free:     3160M (81%)        3160M (81%)        3160M (81%)        3160M (81%)        3160M (81%)        3160M (81%)    
[2026-04-03T01:00:06.662+0600][22.971s][info][gc,heap     ] GC(15) Y:      Used:      762M (19%)         762M (19%)         762M (19%)         762M (19%)         762M (19%)         762M (19%)    
[2026-04-03T01:00:06.662+0600][22.971s][info][gc,heap     ] GC(15) Y: Young Generation Statistics:
[2026-04-03T01:00:06.662+0600][22.971s][info][gc,heap     ] GC(15) Y:                Mark Start          Mark End        Relocate Start      Relocate End    
[2026-04-03T01:00:06.662+0600][22.971s][info][gc,heap     ] GC(15) Y:      Used:        0M (0%)            0M (0%)            0M (0%)            0M (0%)     
[2026-04-03T01:00:06.662+0600][22.971s][info][gc,heap     ] GC(15) Y:      Live:         -                 0M (0%)            0M (0%)            0M (0%)     
[2026-04-03T01:00:06.662+0600][22.971s][info][gc,heap     ] GC(15) Y:   Garbage:         -                 0M (0%)            0M (0%)            0M (0%)     
[2026-04-03T01:00:06.662+0600][22.971s][info][gc,heap     ] GC(15) Y: Allocated:         -                 0M (0%)            0M (0%)            0M (0%)     
[2026-04-03T01:00:06.662+0600][22.971s][info][gc,heap     ] GC(15) Y: Reclaimed:         -                  -                 0M (0%)            0M (0%)     
[2026-04-03T01:00:06.662+0600][22.971s][info][gc,heap     ] GC(15) Y:  Promoted:         -                  -                 0M (0%)            0M (0%)     
[2026-04-03T01:00:06.662+0600][22.971s][info][gc,heap     ] GC(15) Y: Compacted:         -                  -                  -                 0M (0%)     
[2026-04-03T01:00:06.662+0600][22.971s][info][gc,phases   ] GC(15) Y: Young Generation (Collect Roots) 762M(19%)->762M(19%) 0.043s
[2026-04-03T01:00:06.662+0600][22.972s][info][gc,phases   ] GC(15) O: Old Generation
[2026-04-03T01:00:07.357+0600][23.667s][info][gc,phases   ] GC(15) O: Concurrent Mark 695.350ms
[2026-04-03T01:00:07.357+0600][23.667s][info][gc,phases   ] GC(15) O: Pause Mark End 0.019ms
[2026-04-03T01:00:07.357+0600][23.667s][info][gc,phases   ] GC(15) O: Concurrent Mark Free 0.001ms
[2026-04-03T01:00:07.359+0600][23.669s][info][gc,phases   ] GC(15) O: Concurrent Process Non-Strong 2.276ms
[2026-04-03T01:00:07.359+0600][23.669s][info][gc,phases   ] GC(15) O: Concurrent Reset Relocation Set 0.002ms
[2026-04-03T01:00:07.375+0600][23.684s][info][gc,phases   ] GC(15) O: Concurrent Select Relocation Set 15.168ms
[2026-04-03T01:00:07.375+0600][23.685s][info][gc,task     ] GC(15) O: Using 3 Workers for Old Generation
[2026-04-03T01:00:07.388+0600][23.698s][info][gc,task     ] GC(15) O: Using 3 Workers for Old Generation
[2026-04-03T01:00:07.388+0600][23.698s][info][gc,phases   ] GC(15) O: Concurrent Remap Roots 13.385ms
[2026-04-03T01:00:07.388+0600][23.698s][info][gc,phases   ] GC(15) O: Pause Relocate Start 0.018ms
[2026-04-03T01:00:07.454+0600][23.764s][info][gc,phases   ] GC(15) O: Concurrent Relocate 65.587ms
[2026-04-03T01:00:07.454+0600][23.764s][info][gc,alloc    ] GC(15) O:                         Mark Start        Mark End      Relocate Start    Relocate End   
[2026-04-03T01:00:07.454+0600][23.764s][info][gc,alloc    ] GC(15) O: Allocation Stalls:          0                0                0                0         
[2026-04-03T01:00:07.454+0600][23.764s][info][gc,load     ] GC(15) O: Load: 4.64 (39%) / 2.31 (19%) / 1.64 (14%)
[2026-04-03T01:00:07.454+0600][23.764s][info][gc,mmu      ] GC(15) O: MMU: 2ms/91.4%, 5ms/96.6%, 10ms/98.3%, 20ms/99.1%, 50ms/99.6%, 100ms/99.7%
[2026-04-03T01:00:07.454+0600][23.764s][info][gc,marking  ] GC(15) O: Mark: 2 stripe(s), 5 proactive flush(es), 1 terminate flush(es), 0 completion(s), 0 continuation(s) 
[2026-04-03T01:00:07.454+0600][23.764s][info][gc,marking  ] GC(15) O: Mark Stack Usage: 32M
[2026-04-03T01:00:07.454+0600][23.764s][info][gc,nmethod  ] GC(15) O: NMethods: 1880 registered, 892 unregistered
[2026-04-03T01:00:07.454+0600][23.764s][info][gc,metaspace] GC(15) O: Metaspace: 8M used, 9M committed, 1088M reserved
[2026-04-03T01:00:07.454+0600][23.764s][info][gc,ref      ] GC(15) O:                       Encountered   Discovered     Enqueued 
[2026-04-03T01:00:07.454+0600][23.764s][info][gc,ref      ] GC(15) O: Soft References:              221            0            0 
[2026-04-03T01:00:07.454+0600][23.764s][info][gc,ref      ] GC(15) O: Weak References:              463          210            0 
[2026-04-03T01:00:07.454+0600][23.764s][info][gc,ref      ] GC(15) O: Final References:               3            1            0 
[2026-04-03T01:00:07.454+0600][23.764s][info][gc,ref      ] GC(15) O: Phantom References:            56           42            0 
[2026-04-03T01:00:07.454+0600][23.764s][info][gc,reloc    ] GC(15) O:                        Candidates     Selected     In-Place         Size        Empty    Relocated 
[2026-04-03T01:00:07.454+0600][23.764s][info][gc,reloc    ] GC(15) O: Small Pages:                  359           44            0         718M          22M          35M 
[2026-04-03T01:00:07.454+0600][23.764s][info][gc,reloc    ] GC(15) O: Medium Pages:                   1            0            0          32M           0M           0M 
[2026-04-03T01:00:07.454+0600][23.764s][info][gc,reloc    ] GC(15) O: Large Pages:                    2            0            0          12M           6M           0M 
[2026-04-03T01:00:07.454+0600][23.764s][info][gc,reloc    ] GC(15) O: Forwarding Usage: 40M
[2026-04-03T01:00:07.454+0600][23.764s][info][gc,heap     ] GC(15) O: Min Capacity: 8M(0%)
[2026-04-03T01:00:07.454+0600][23.764s][info][gc,heap     ] GC(15) O: Max Capacity: 3922M(100%)
[2026-04-03T01:00:07.454+0600][23.764s][info][gc,heap     ] GC(15) O: Soft Max Capacity: 3529M(90%)
[2026-04-03T01:00:07.454+0600][23.764s][info][gc,heap     ] GC(15) O: Heap Statistics:
[2026-04-03T01:00:07.454+0600][23.764s][info][gc,heap     ] GC(15) O:                Mark Start          Mark End        Relocate Start      Relocate End           High               Low         
[2026-04-03T01:00:07.454+0600][23.764s][info][gc,heap     ] GC(15) O:  Capacity:     2450M (62%)        2450M (62%)        2450M (62%)        2450M (62%)        2450M (62%)        2450M (62%)    
[2026-04-03T01:00:07.454+0600][23.764s][info][gc,heap     ] GC(15) O:      Free:     3160M (81%)        3160M (81%)        3188M (81%)        3282M (84%)        3282M (84%)        3160M (81%)    
[2026-04-03T01:00:07.454+0600][23.764s][info][gc,heap     ] GC(15) O:      Used:      762M (19%)         762M (19%)         734M (19%)         640M (16%)         762M (19%)         640M (16%)    
[2026-04-03T01:00:07.454+0600][23.764s][info][gc,heap     ] GC(15) O: Old Generation Statistics:
[2026-04-03T01:00:07.454+0600][23.764s][info][gc,heap     ] GC(15) O:                Mark Start          Mark End        Relocate Start      Relocate End    
[2026-04-03T01:00:07.454+0600][23.764s][info][gc,heap     ] GC(15) O:      Used:      762M (19%)         762M (19%)         734M (19%)         640M (16%)    
[2026-04-03T01:00:07.454+0600][23.764s][info][gc,heap     ] GC(15) O:      Live:         -               597M (15%)         597M (15%)         597M (15%)    
[2026-04-03T01:00:07.454+0600][23.764s][info][gc,heap     ] GC(15) O:   Garbage:         -               164M (4%)          136M (3%)           38M (1%)     
[2026-04-03T01:00:07.454+0600][23.764s][info][gc,heap     ] GC(15) O: Allocated:         -                 0M (0%)            0M (0%)            4M (0%)     
[2026-04-03T01:00:07.454+0600][23.764s][info][gc,heap     ] GC(15) O: Reclaimed:         -                  -                28M (1%)          126M (3%)     
[2026-04-03T01:00:07.454+0600][23.764s][info][gc,heap     ] GC(15) O: Compacted:         -                  -                  -                71M (2%)     
[2026-04-03T01:00:07.454+0600][23.764s][info][gc,phases   ] GC(15) O: Old Generation 762M(19%)->640M(16%) 0.792s
[2026-04-03T01:00:07.454+0600][23.764s][info][gc          ] GC(15) Major Collection (System.gc()) 1926M(49%)->640M(16%) 1.123s
[2026-04-03T01:00:08.543+0600][24.853s][info][gc          ] GC(16) Minor Collection (Allocation Rate)
[2026-04-03T01:00:08.543+0600][24.853s][info][gc,task     ] GC(16) Using 1 Workers for Young Generation
[2026-04-03T01:00:08.543+0600][24.853s][info][gc,phases   ] GC(16) y: Young Generation
[2026-04-03T01:00:08.543+0600][24.853s][info][gc,phases   ] GC(16) y: Pause Mark Start 0.035ms
[2026-04-03T01:00:08.771+0600][25.081s][info][gc,phases   ] GC(16) y: Concurrent Mark 227.844ms
[2026-04-03T01:00:08.772+0600][25.082s][info][gc,phases   ] GC(16) y: Pause Mark End 0.035ms
[2026-04-03T01:00:08.776+0600][25.086s][info][gc,phases   ] GC(16) y: Concurrent Mark Free 0.004ms
[2026-04-03T01:00:08.776+0600][25.086s][info][gc,phases   ] GC(16) y: Concurrent Reset Relocation Set 0.001ms
[2026-04-03T01:00:08.779+0600][25.089s][info][gc,reloc    ] GC(16) y: Using tenuring threshold: 1 (Computed)
[2026-04-03T01:00:08.791+0600][25.101s][info][gc,phases   ] GC(16) y: Concurrent Select Relocation Set 15.035ms
[2026-04-03T01:00:08.794+0600][25.104s][info][gc,phases   ] GC(16) y: Pause Relocate Start 0.029ms
[2026-04-03T01:00:08.867+0600][25.177s][info][gc,phases   ] GC(16) y: Concurrent Relocate 73.058ms
[2026-04-03T01:00:08.867+0600][25.177s][info][gc,alloc    ] GC(16) y:                         Mark Start        Mark End      Relocate Start    Relocate End   
[2026-04-03T01:00:08.867+0600][25.177s][info][gc,alloc    ] GC(16) y: Allocation Stalls:          0                0                0                0         
[2026-04-03T01:00:08.867+0600][25.177s][info][gc,load     ] GC(16) y: Load: 5.71 (48%) / 2.57 (21%) / 1.73 (14%)
[2026-04-03T01:00:08.867+0600][25.177s][info][gc,mmu      ] GC(16) y: MMU: 2ms/91.4%, 5ms/96.6%, 10ms/98.3%, 20ms/99.1%, 50ms/99.6%, 100ms/99.7%
[2026-04-03T01:00:08.867+0600][25.177s][info][gc,marking  ] GC(16) y: Mark: 1 stripe(s), 2 proactive flush(es), 1 terminate flush(es), 0 completion(s), 0 continuation(s) 
[2026-04-03T01:00:08.867+0600][25.177s][info][gc,marking  ] GC(16) y: Mark Stack Usage: 32M
[2026-04-03T01:00:08.867+0600][25.177s][info][gc,nmethod  ] GC(16) y: NMethods: 2619 registered, 0 unregistered
[2026-04-03T01:00:08.868+0600][25.177s][info][gc,metaspace] GC(16) y: Metaspace: 9M used, 10M committed, 1088M reserved
[2026-04-03T01:00:08.868+0600][25.177s][info][gc,reloc    ] GC(16) y:                        Candidates     Selected     In-Place         Size        Empty    Relocated 
[2026-04-03T01:00:08.868+0600][25.177s][info][gc,reloc    ] GC(16) y: Small Pages:                  261          253            0         522M           0M          13M 
[2026-04-03T01:00:08.868+0600][25.177s][info][gc,reloc    ] GC(16) y: Medium Pages:                   0            0            0           0M           0M           0M 
[2026-04-03T01:00:08.868+0600][25.177s][info][gc,reloc    ] GC(16) y: Large Pages:                    0            0            0           0M           0M           0M 
[2026-04-03T01:00:08.868+0600][25.177s][info][gc,reloc    ] GC(16) y: Forwarding Usage: 3M
[2026-04-03T01:00:08.868+0600][25.177s][info][gc,reloc    ] GC(16) y: Age Table:
[2026-04-03T01:00:08.868+0600][25.177s][info][gc,reloc    ] GC(16) y:                    Live             Garbage             Small              Medium             Large        
[2026-04-03T01:00:08.868+0600][25.177s][info][gc,reloc    ] GC(16) y: Eden              13M (0%)          508M (13%)        261 / 253            0 / 0              0 / 0        
[2026-04-03T01:00:08.868+0600][25.177s][info][gc,heap     ] GC(16) y: Min Capacity: 8M(0%)
[2026-04-03T01:00:08.868+0600][25.177s][info][gc,heap     ] GC(16) y: Max Capacity: 3922M(100%)
[2026-04-03T01:00:08.868+0600][25.177s][info][gc,heap     ] GC(16) y: Soft Max Capacity: 3529M(90%)
[2026-04-03T01:00:08.868+0600][25.178s][info][gc,heap     ] GC(16) y: Heap Statistics:
[2026-04-03T01:00:08.868+0600][25.178s][info][gc,heap     ] GC(16) y:                Mark Start          Mark End        Relocate Start      Relocate End           High               Low         
[2026-04-03T01:00:08.868+0600][25.178s][info][gc,heap     ] GC(16) y:  Capacity:     2450M (62%)        2450M (62%)        2450M (62%)        2450M (62%)        2450M (62%)        2450M (62%)    
[2026-04-03T01:00:08.868+0600][25.178s][info][gc,heap     ] GC(16) y:      Free:     2760M (70%)        2640M (67%)        2618M (67%)        3058M (78%)        3058M (78%)        2596M (66%)    
[2026-04-03T01:00:08.868+0600][25.178s][info][gc,heap     ] GC(16) y:      Used:     1162M (30%)        1282M (33%)        1304M (33%)         864M (22%)        1326M (34%)         864M (22%)    
[2026-04-03T01:00:08.868+0600][25.178s][info][gc,heap     ] GC(16) y: Young Generation Statistics:
[2026-04-03T01:00:08.868+0600][25.178s][info][gc,heap     ] GC(16) y:                Mark Start          Mark End        Relocate Start      Relocate End    
[2026-04-03T01:00:08.868+0600][25.178s][info][gc,heap     ] GC(16) y:      Used:      522M (13%)         642M (16%)         664M (17%)         224M (6%)     
[2026-04-03T01:00:08.868+0600][25.178s][info][gc,heap     ] GC(16) y:      Live:         -                13M (0%)           13M (0%)           13M (0%)     
[2026-04-03T01:00:08.868+0600][25.178s][info][gc,heap     ] GC(16) y:   Garbage:         -               508M (13%)         508M (13%)           0M (0%)     
[2026-04-03T01:00:08.868+0600][25.178s][info][gc,heap     ] GC(16) y: Allocated:         -               120M (3%)          142M (4%)          210M (5%)     
[2026-04-03T01:00:08.868+0600][25.178s][info][gc,heap     ] GC(16) y: Reclaimed:         -                  -                 0M (0%)          508M (13%)    
[2026-04-03T01:00:08.868+0600][25.178s][info][gc,heap     ] GC(16) y:  Promoted:         -                  -                 0M (0%)            0M (0%)     
[2026-04-03T01:00:08.868+0600][25.178s][info][gc,heap     ] GC(16) y: Compacted:         -                  -                  -                13M (0%)     
[2026-04-03T01:00:08.868+0600][25.178s][info][gc,phases   ] GC(16) y: Young Generation 1162M(30%)->864M(22%) 0.325s
[2026-04-03T01:00:08.868+0600][25.178s][info][gc          ] GC(16) Minor Collection (Allocation Rate) 1162M(30%)->866M(22%) 0.325s
[2026-04-03T01:00:09.097+0600][25.407s][info][gc          ] GC(17) Minor Collection (Allocation Rate)
[2026-04-03T01:00:09.097+0600][25.407s][info][gc,task     ] GC(17) Using 1 Workers for Young Generation
[2026-04-03T01:00:09.097+0600][25.407s][info][gc,phases   ] GC(17) y: Young Generation
[2026-04-03T01:00:09.098+0600][25.408s][info][gc,phases   ] GC(17) y: Pause Mark Start 0.048ms
[2026-04-03T01:00:09.336+0600][25.646s][info][gc,phases   ] GC(17) y: Concurrent Mark 237.423ms
[2026-04-03T01:00:09.337+0600][25.647s][info][gc,phases   ] GC(17) y: Pause Mark End 0.065ms
[2026-04-03T01:00:09.337+0600][25.647s][info][gc,phases   ] GC(17) y: Concurrent Mark Free 0.004ms
[2026-04-03T01:00:09.337+0600][25.647s][info][gc,phases   ] GC(17) y: Concurrent Reset Relocation Set 0.034ms
[2026-04-03T01:00:09.351+0600][25.661s][info][gc,reloc    ] GC(17) y: Using tenuring threshold: 2 (Computed)
[2026-04-03T01:00:09.355+0600][25.665s][info][gc,phases   ] GC(17) y: Concurrent Select Relocation Set 17.738ms
[2026-04-03T01:00:09.356+0600][25.665s][info][gc,phases   ] GC(17) y: Pause Relocate Start 0.039ms
[2026-04-03T01:00:09.402+0600][25.712s][info][gc,phases   ] GC(17) y: Concurrent Relocate 42.942ms
[2026-04-03T01:00:09.407+0600][25.717s][info][gc,alloc    ] GC(17) y:                         Mark Start        Mark End      Relocate Start    Relocate End   
[2026-04-03T01:00:09.407+0600][25.717s][info][gc,alloc    ] GC(17) y: Allocation Stalls:          0                0                0                0         
[2026-04-03T01:00:09.407+0600][25.717s][info][gc,load     ] GC(17) y: Load: 5.71 (48%) / 2.57 (21%) / 1.73 (14%)
[2026-04-03T01:00:09.407+0600][25.717s][info][gc,mmu      ] GC(17) y: MMU: 2ms/91.4%, 5ms/96.6%, 10ms/98.3%, 20ms/99.1%, 50ms/99.6%, 100ms/99.7%
[2026-04-03T01:00:09.407+0600][25.717s][info][gc,marking  ] GC(17) y: Mark: 1 stripe(s), 2 proactive flush(es), 1 terminate flush(es), 0 completion(s), 0 continuation(s) 
[2026-04-03T01:00:09.407+0600][25.717s][info][gc,marking  ] GC(17) y: Mark Stack Usage: 32M
[2026-04-03T01:00:09.407+0600][25.717s][info][gc,nmethod  ] GC(17) y: NMethods: 2663 registered, 0 unregistered
[2026-04-03T01:00:09.407+0600][25.717s][info][gc,metaspace] GC(17) y: Metaspace: 9M used, 10M committed, 1088M reserved
[2026-04-03T01:00:09.407+0600][25.717s][info][gc,reloc    ] GC(17) y:                        Candidates     Selected     In-Place         Size        Empty    Relocated 
[2026-04-03T01:00:09.407+0600][25.717s][info][gc,reloc    ] GC(17) y: Small Pages:                  197          185            0         394M           0M          11M 
[2026-04-03T01:00:09.407+0600][25.717s][info][gc,reloc    ] GC(17) y: Medium Pages:                   0            0            0           0M           0M           0M 
[2026-04-03T01:00:09.407+0600][25.717s][info][gc,reloc    ] GC(17) y: Large Pages:                    0            0            0           0M           0M           0M 
[2026-04-03T01:00:09.407+0600][25.717s][info][gc,reloc    ] GC(17) y: Forwarding Usage: 3M
[2026-04-03T01:00:09.407+0600][25.717s][info][gc,reloc    ] GC(17) y: Age Table:
[2026-04-03T01:00:09.407+0600][25.717s][info][gc,reloc    ] GC(17) y:                    Live             Garbage             Small              Medium             Large        
[2026-04-03T01:00:09.407+0600][25.717s][info][gc,reloc    ] GC(17) y: Eden               9M (0%)          346M (9%)         178 / 172            0 / 0              0 / 0        
[2026-04-03T01:00:09.407+0600][25.717s][info][gc,reloc    ] GC(17) y: Survivor 1         9M (0%)           28M (1%)          19 / 13             0 / 0              0 / 0        
[2026-04-03T01:00:09.407+0600][25.717s][info][gc,heap     ] GC(17) y: Min Capacity: 8M(0%)
[2026-04-03T01:00:09.407+0600][25.717s][info][gc,heap     ] GC(17) y: Max Capacity: 3922M(100%)
[2026-04-03T01:00:09.407+0600][25.717s][info][gc,heap     ] GC(17) y: Soft Max Capacity: 3529M(90%)
[2026-04-03T01:00:09.407+0600][25.717s][info][gc,heap     ] GC(17) y: Heap Statistics:
[2026-04-03T01:00:09.407+0600][25.717s][info][gc,heap     ] GC(17) y:                Mark Start          Mark End        Relocate Start      Relocate End           High               Low         
[2026-04-03T01:00:09.407+0600][25.717s][info][gc,heap     ] GC(17) y:  Capacity:     2450M (62%)        2450M (62%)        2450M (62%)        2450M (62%)        2450M (62%)        2450M (62%)    
[2026-04-03T01:00:09.407+0600][25.717s][info][gc,heap     ] GC(17) y:      Free:     2888M (74%)        2712M (69%)        2696M (69%)        2994M (76%)        2994M (76%)        2656M (68%)    
[2026-04-03T01:00:09.407+0600][25.717s][info][gc,heap     ] GC(17) y:      Used:     1034M (26%)        1210M (31%)        1226M (31%)         928M (24%)        1266M (32%)         928M (24%)    
[2026-04-03T01:00:09.407+0600][25.717s][info][gc,heap     ] GC(17) y: Young Generation Statistics:
[2026-04-03T01:00:09.407+0600][25.717s][info][gc,heap     ] GC(17) y:                Mark Start          Mark End        Relocate Start      Relocate End    
[2026-04-03T01:00:09.407+0600][25.717s][info][gc,heap     ] GC(17) y:      Used:      394M (10%)         570M (15%)         586M (15%)         288M (7%)     
[2026-04-03T01:00:09.407+0600][25.717s][info][gc,heap     ] GC(17) y:      Live:         -                19M (0%)           19M (0%)           19M (0%)     
[2026-04-03T01:00:09.407+0600][25.717s][info][gc,heap     ] GC(17) y:   Garbage:         -               374M (10%)         374M (10%)           2M (0%)     
[2026-04-03T01:00:09.407+0600][25.717s][info][gc,heap     ] GC(17) y: Allocated:         -               176M (4%)          192M (5%)          266M (7%)     
[2026-04-03T01:00:09.407+0600][25.717s][info][gc,heap     ] GC(17) y: Reclaimed:         -                  -                 0M (0%)          372M (9%)     
[2026-04-03T01:00:09.407+0600][25.717s][info][gc,heap     ] GC(17) y:  Promoted:         -                  -                 0M (0%)            0M (0%)     
[2026-04-03T01:00:09.407+0600][25.717s][info][gc,heap     ] GC(17) y: Compacted:         -                  -                  -                11M (0%)     
[2026-04-03T01:00:09.407+0600][25.717s][info][gc,phases   ] GC(17) y: Young Generation 1032M(26%)->928M(24%) 0.310s
[2026-04-03T01:00:09.407+0600][25.717s][info][gc          ] GC(17) Minor Collection (Allocation Rate) 1032M(26%)->928M(24%) 0.310s
[2026-04-03T01:00:11.868+0600][28.178s][info][gc          ] GC(18) Minor Collection (Allocation Rate)
[2026-04-03T01:00:11.868+0600][28.178s][info][gc,task     ] GC(18) Using 1 Workers for Young Generation
[2026-04-03T01:00:11.868+0600][28.178s][info][gc,phases   ] GC(18) y: Young Generation
[2026-04-03T01:00:11.869+0600][28.179s][info][gc,phases   ] GC(18) y: Pause Mark Start 0.039ms
[2026-04-03T01:00:12.338+0600][28.648s][info][gc,phases   ] GC(18) y: Concurrent Mark 468.409ms
[2026-04-03T01:00:12.339+0600][28.648s][info][gc,phases   ] GC(18) y: Pause Mark End 0.032ms
[2026-04-03T01:00:12.339+0600][28.649s][info][gc,phases   ] GC(18) y: Concurrent Mark Free 0.001ms
[2026-04-03T01:00:12.339+0600][28.649s][info][gc,phases   ] GC(18) y: Concurrent Reset Relocation Set 0.029ms
[2026-04-03T01:00:12.342+0600][28.652s][info][gc,reloc    ] GC(18) y: Using tenuring threshold: 2 (Computed)
[2026-04-03T01:00:12.375+0600][28.685s][info][gc,phases   ] GC(18) y: Concurrent Select Relocation Set 36.350ms
[2026-04-03T01:00:12.376+0600][28.686s][info][gc,phases   ] GC(18) y: Pause Relocate Start 0.031ms
[2026-04-03T01:00:12.666+0600][28.976s][info][gc,phases   ] GC(18) y: Concurrent Relocate 287.012ms
[2026-04-03T01:00:12.666+0600][28.976s][info][gc,alloc    ] GC(18) y:                         Mark Start        Mark End      Relocate Start    Relocate End   
[2026-04-03T01:00:12.666+0600][28.976s][info][gc,alloc    ] GC(18) y: Allocation Stalls:          0                0                0                0         
[2026-04-03T01:00:12.666+0600][28.976s][info][gc,load     ] GC(18) y: Load: 5.71 (48%) / 2.57 (21%) / 1.73 (14%)
[2026-04-03T01:00:12.666+0600][28.976s][info][gc,mmu      ] GC(18) y: MMU: 2ms/91.4%, 5ms/96.6%, 10ms/98.3%, 20ms/99.1%, 50ms/99.6%, 100ms/99.7%
[2026-04-03T01:00:12.666+0600][28.976s][info][gc,marking  ] GC(18) y: Mark: 1 stripe(s), 2 proactive flush(es), 1 terminate flush(es), 0 completion(s), 0 continuation(s) 
[2026-04-03T01:00:12.666+0600][28.976s][info][gc,marking  ] GC(18) y: Mark Stack Usage: 32M
[2026-04-03T01:00:12.666+0600][28.976s][info][gc,nmethod  ] GC(18) y: NMethods: 2776 registered, 0 unregistered
[2026-04-03T01:00:12.666+0600][28.976s][info][gc,metaspace] GC(18) y: Metaspace: 9M used, 10M committed, 1088M reserved
[2026-04-03T01:00:12.666+0600][28.976s][info][gc,reloc    ] GC(18) y:                        Candidates     Selected     In-Place         Size        Empty    Relocated 
[2026-04-03T01:00:12.666+0600][28.976s][info][gc,reloc    ] GC(18) y: Small Pages:                 1067         1043            0        2134M           0M          35M 
[2026-04-03T01:00:12.666+0600][28.976s][info][gc,reloc    ] GC(18) y: Medium Pages:                   0            0            0           0M           0M           0M 
[2026-04-03T01:00:12.666+0600][28.976s][info][gc,reloc    ] GC(18) y: Large Pages:                    0            0            0           0M           0M           0M 
[2026-04-03T01:00:12.666+0600][28.976s][info][gc,reloc    ] GC(18) y: Forwarding Usage: 12M
[2026-04-03T01:00:12.666+0600][28.976s][info][gc,reloc    ] GC(18) y: Age Table:
[2026-04-03T01:00:12.666+0600][28.976s][info][gc,reloc    ] GC(18) y:                    Live             Garbage             Small              Medium             Large        
[2026-04-03T01:00:12.666+0600][28.976s][info][gc,reloc    ] GC(18) y: Eden              31M (1%)         2032M (52%)       1032 / 1015           0 / 0              0 / 0        
[2026-04-03T01:00:12.666+0600][28.976s][info][gc,reloc    ] GC(18) y: Survivor 1         3M (0%)           30M (1%)          17 / 13             0 / 0              0 / 0        
[2026-04-03T01:00:12.666+0600][28.976s][info][gc,reloc    ] GC(18) y: Survivor 2         5M (0%)           30M (1%)          18 / 15             0 / 0              0 / 0        
[2026-04-03T01:00:12.666+0600][28.976s][info][gc,heap     ] GC(18) y: Min Capacity: 8M(0%)
[2026-04-03T01:00:12.666+0600][28.976s][info][gc,heap     ] GC(18) y: Max Capacity: 3922M(100%)
[2026-04-03T01:00:12.666+0600][28.976s][info][gc,heap     ] GC(18) y: Soft Max Capacity: 3529M(90%)
[2026-04-03T01:00:12.666+0600][28.976s][info][gc,heap     ] GC(18) y: Heap Statistics:
[2026-04-03T01:00:12.666+0600][28.976s][info][gc,heap     ] GC(18) y:                Mark Start          Mark End        Relocate Start      Relocate End           High               Low         
[2026-04-03T01:00:12.666+0600][28.976s][info][gc,heap     ] GC(18) y:  Capacity:     2774M (71%)        3070M (78%)        3094M (79%)        3140M (80%)        3140M (80%)        2774M (71%)    
[2026-04-03T01:00:12.666+0600][28.976s][info][gc,heap     ] GC(18) y:      Free:     1148M (29%)         852M (22%)         828M (21%)        2638M (67%)        2686M (68%)         782M (20%)    
[2026-04-03T01:00:12.666+0600][28.976s][info][gc,heap     ] GC(18) y:      Used:     2774M (71%)        3070M (78%)        3094M (79%)        1284M (33%)        3140M (80%)        1236M (32%)    
[2026-04-03T01:00:12.666+0600][28.976s][info][gc,heap     ] GC(18) y: Young Generation Statistics:
[2026-04-03T01:00:12.666+0600][28.976s][info][gc,heap     ] GC(18) y:                Mark Start          Mark End        Relocate Start      Relocate End    
[2026-04-03T01:00:12.666+0600][28.976s][info][gc,heap     ] GC(18) y:      Used:     2134M (54%)        2430M (62%)        2452M (63%)         614M (16%)    
[2026-04-03T01:00:12.666+0600][28.976s][info][gc,heap     ] GC(18) y:      Live:         -                40M (1%)           39M (1%)           34M (1%)     
[2026-04-03T01:00:12.666+0600][28.976s][info][gc,heap     ] GC(18) y:   Garbage:         -              2093M (53%)        2092M (53%)           0M (0%)     
[2026-04-03T01:00:12.666+0600][28.976s][info][gc,heap     ] GC(18) y: Allocated:         -               296M (8%)          320M (8%)          579M (15%)    
[2026-04-03T01:00:12.666+0600][28.976s][info][gc,heap     ] GC(18) y: Reclaimed:         -                  -                 1M (0%)         2093M (53%)    
[2026-04-03T01:00:12.666+0600][28.976s][info][gc,heap     ] GC(18) y:  Promoted:         -                  -                 0M (0%)            5M (0%)     
[2026-04-03T01:00:12.666+0600][28.976s][info][gc,heap     ] GC(18) y: Compacted:         -                  -                  -                34M (1%)     
[2026-04-03T01:00:12.666+0600][28.976s][info][gc,phases   ] GC(18) y: Young Generation 2774M(71%)->1284M(33%) 0.798s
[2026-04-03T01:00:12.667+0600][28.976s][info][gc          ] GC(18) Minor Collection (Allocation Rate) 2774M(71%)->1284M(33%) 0.799s
[2026-04-03T01:00:13.509+0600][29.819s][info][gc          ] GC(19) Minor Collection (Allocation Rate)
[2026-04-03T01:00:13.509+0600][29.819s][info][gc,task     ] GC(19) Using 2 Workers for Young Generation
[2026-04-03T01:00:13.509+0600][29.819s][info][gc,phases   ] GC(19) y: Young Generation
[2026-04-03T01:00:13.510+0600][29.820s][info][gc,phases   ] GC(19) y: Pause Mark Start 0.097ms
[2026-04-03T01:00:13.891+0600][30.201s][info][gc,phases   ] GC(19) y: Concurrent Mark 380.743ms
[2026-04-03T01:00:13.891+0600][30.201s][info][gc,phases   ] GC(19) y: Pause Mark End 0.031ms
[2026-04-03T01:00:13.895+0600][30.205s][info][gc,phases   ] GC(19) y: Concurrent Mark Free 0.004ms
[2026-04-03T01:00:13.895+0600][30.205s][info][gc,phases   ] GC(19) y: Concurrent Reset Relocation Set 0.145ms
[2026-04-03T01:00:13.901+0600][30.211s][info][gc,reloc    ] GC(19) y: Using tenuring threshold: 3 (Computed)
[2026-04-03T01:00:13.909+0600][30.219s][info][gc,phases   ] GC(19) y: Concurrent Select Relocation Set 13.582ms
[2026-04-03T01:00:13.910+0600][30.220s][info][gc,phases   ] GC(19) y: Pause Relocate Start 0.040ms
[2026-04-03T01:00:14.027+0600][30.337s][info][gc,phases   ] GC(19) y: Concurrent Relocate 117.009ms
[2026-04-03T01:00:14.028+0600][30.337s][info][gc,alloc    ] GC(19) y:                         Mark Start        Mark End      Relocate Start    Relocate End   
[2026-04-03T01:00:14.028+0600][30.337s][info][gc,alloc    ] GC(19) y: Allocation Stalls:          0                0                0                0         
[2026-04-03T01:00:14.028+0600][30.337s][info][gc,load     ] GC(19) y: Load: 6.29 (52%) / 2.75 (23%) / 1.79 (15%)
[2026-04-03T01:00:14.028+0600][30.337s][info][gc,mmu      ] GC(19) y: MMU: 2ms/91.4%, 5ms/96.6%, 10ms/98.3%, 20ms/99.1%, 50ms/99.6%, 100ms/99.7%
[2026-04-03T01:00:14.028+0600][30.337s][info][gc,marking  ] GC(19) y: Mark: 2 stripe(s), 2 proactive flush(es), 1 terminate flush(es), 0 completion(s), 0 continuation(s) 
[2026-04-03T01:00:14.028+0600][30.337s][info][gc,marking  ] GC(19) y: Mark Stack Usage: 32M
[2026-04-03T01:00:14.028+0600][30.337s][info][gc,nmethod  ] GC(19) y: NMethods: 2832 registered, 0 unregistered
[2026-04-03T01:00:14.028+0600][30.338s][info][gc,metaspace] GC(19) y: Metaspace: 9M used, 10M committed, 1088M reserved
[2026-04-03T01:00:14.028+0600][30.338s][info][gc,reloc    ] GC(19) y:                        Candidates     Selected     In-Place         Size        Empty    Relocated 
[2026-04-03T01:00:14.028+0600][30.338s][info][gc,reloc    ] GC(19) y: Small Pages:                  721          692            0        1442M           0M          28M 
[2026-04-03T01:00:14.028+0600][30.338s][info][gc,reloc    ] GC(19) y: Medium Pages:                   0            0            0           0M           0M           0M 
[2026-04-03T01:00:14.028+0600][30.338s][info][gc,reloc    ] GC(19) y: Large Pages:                    0            0            0           0M           0M           0M 
[2026-04-03T01:00:14.028+0600][30.338s][info][gc,reloc    ] GC(19) y: Forwarding Usage: 9M
[2026-04-03T01:00:14.028+0600][30.338s][info][gc,reloc    ] GC(19) y: Age Table:
[2026-04-03T01:00:14.028+0600][30.338s][info][gc,reloc    ] GC(19) y:                    Live             Garbage             Small              Medium             Large        
[2026-04-03T01:00:14.028+0600][30.338s][info][gc,reloc    ] GC(19) y: Eden              24M (1%)         1337M (34%)        681 / 668            0 / 0              0 / 0        
[2026-04-03T01:00:14.028+0600][30.338s][info][gc,reloc    ] GC(19) y: Survivor 1        19M (0%)           32M (1%)          26 / 11             0 / 0              0 / 0        
[2026-04-03T01:00:14.028+0600][30.338s][info][gc,reloc    ] GC(19) y: Survivor 2         2M (0%)           25M (1%)          14 / 13             0 / 0              0 / 0        
[2026-04-03T01:00:14.028+0600][30.338s][info][gc,heap     ] GC(19) y: Min Capacity: 8M(0%)
[2026-04-03T01:00:14.028+0600][30.338s][info][gc,heap     ] GC(19) y: Max Capacity: 3922M(100%)
[2026-04-03T01:00:14.028+0600][30.338s][info][gc,heap     ] GC(19) y: Soft Max Capacity: 3529M(90%)
[2026-04-03T01:00:14.028+0600][30.338s][info][gc,heap     ] GC(19) y: Heap Statistics:
[2026-04-03T01:00:14.028+0600][30.338s][info][gc,heap     ] GC(19) y:                Mark Start          Mark End        Relocate Start      Relocate End           High               Low         
[2026-04-03T01:00:14.028+0600][30.338s][info][gc,heap     ] GC(19) y:  Capacity:     3140M (80%)        3140M (80%)        3140M (80%)        3140M (80%)        3140M (80%)        3140M (80%)    
[2026-04-03T01:00:14.028+0600][30.338s][info][gc,heap     ] GC(19) y:      Free:     1810M (46%)        1488M (38%)        1470M (37%)        2690M (69%)        2704M (69%)        1446M (37%)    
[2026-04-03T01:00:14.028+0600][30.338s][info][gc,heap     ] GC(19) y:      Used:     2112M (54%)        2434M (62%)        2452M (63%)        1232M (31%)        2476M (63%)        1218M (31%)    
[2026-04-03T01:00:14.028+0600][30.338s][info][gc,heap     ] GC(19) y: Young Generation Statistics:
[2026-04-03T01:00:14.028+0600][30.338s][info][gc,heap     ] GC(19) y:                Mark Start          Mark End        Relocate Start      Relocate End    
[2026-04-03T01:00:14.028+0600][30.338s][info][gc,heap     ] GC(19) y:      Used:     1442M (37%)        1764M (45%)        1782M (45%)         562M (14%)    
[2026-04-03T01:00:14.028+0600][30.338s][info][gc,heap     ] GC(19) y:      Live:         -                46M (1%)           46M (1%)           46M (1%)     
[2026-04-03T01:00:14.028+0600][30.338s][info][gc,heap     ] GC(19) y:   Garbage:         -              1395M (36%)        1395M (36%)           6M (0%)     
[2026-04-03T01:00:14.028+0600][30.338s][info][gc,heap     ] GC(19) y: Allocated:         -               322M (8%)          340M (9%)          508M (13%)    
[2026-04-03T01:00:14.028+0600][30.338s][info][gc,heap     ] GC(19) y: Reclaimed:         -                  -                 0M (0%)         1388M (35%)    
[2026-04-03T01:00:14.028+0600][30.338s][info][gc,heap     ] GC(19) y:  Promoted:         -                  -                 0M (0%)            0M (0%)     
[2026-04-03T01:00:14.028+0600][30.338s][info][gc,heap     ] GC(19) y: Compacted:         -                  -                  -                31M (1%)     
[2026-04-03T01:00:14.028+0600][30.338s][info][gc,phases   ] GC(19) y: Young Generation 2112M(54%)->1232M(31%) 0.518s
[2026-04-03T01:00:14.028+0600][30.338s][info][gc          ] GC(19) Minor Collection (Allocation Rate) 2112M(54%)->1232M(31%) 0.519s
[2026-04-03T01:00:14.814+0600][31.124s][info][gc          ] GC(20) Minor Collection (Allocation Rate)
[2026-04-03T01:00:14.814+0600][31.124s][info][gc,task     ] GC(20) Using 2 Workers for Young Generation
[2026-04-03T01:00:14.814+0600][31.124s][info][gc,phases   ] GC(20) y: Young Generation
[2026-04-03T01:00:14.818+0600][31.128s][info][gc,phases   ] GC(20) y: Pause Mark Start 0.044ms
[2026-04-03T01:00:15.285+0600][31.595s][info][gc,phases   ] GC(20) y: Concurrent Mark 466.582ms
[2026-04-03T01:00:15.286+0600][31.596s][info][gc,phases   ] GC(20) y: Pause Mark End 0.172ms
[2026-04-03T01:00:15.290+0600][31.600s][info][gc,phases   ] GC(20) y: Concurrent Mark Free 0.004ms
[2026-04-03T01:00:15.290+0600][31.600s][info][gc,phases   ] GC(20) y: Concurrent Reset Relocation Set 0.089ms
[2026-04-03T01:00:15.294+0600][31.604s][info][gc,reloc    ] GC(20) y: Using tenuring threshold: 4 (Computed)
[2026-04-03T01:00:15.307+0600][31.617s][info][gc,phases   ] GC(20) y: Concurrent Select Relocation Set 17.048ms
[2026-04-03T01:00:15.307+0600][31.617s][info][gc,phases   ] GC(20) y: Pause Relocate Start 0.031ms
[2026-04-03T01:00:15.401+0600][31.711s][info][gc,phases   ] GC(20) y: Concurrent Relocate 93.253ms
[2026-04-03T01:00:15.401+0600][31.711s][info][gc,alloc    ] GC(20) y:                         Mark Start        Mark End      Relocate Start    Relocate End   
[2026-04-03T01:00:15.401+0600][31.711s][info][gc,alloc    ] GC(20) y: Allocation Stalls:          0                0                0                0         
[2026-04-03T01:00:15.401+0600][31.711s][info][gc,load     ] GC(20) y: Load: 6.29 (52%) / 2.75 (23%) / 1.79 (15%)
[2026-04-03T01:00:15.401+0600][31.711s][info][gc,mmu      ] GC(20) y: MMU: 2ms/91.4%, 5ms/96.6%, 10ms/98.3%, 20ms/99.1%, 50ms/99.6%, 100ms/99.7%
[2026-04-03T01:00:15.401+0600][31.711s][info][gc,marking  ] GC(20) y: Mark: 2 stripe(s), 2 proactive flush(es), 1 terminate flush(es), 0 completion(s), 0 continuation(s) 
[2026-04-03T01:00:15.401+0600][31.711s][info][gc,marking  ] GC(20) y: Mark Stack Usage: 32M
[2026-04-03T01:00:15.401+0600][31.711s][info][gc,nmethod  ] GC(20) y: NMethods: 2859 registered, 0 unregistered
[2026-04-03T01:00:15.401+0600][31.711s][info][gc,metaspace] GC(20) y: Metaspace: 9M used, 10M committed, 1088M reserved
[2026-04-03T01:00:15.401+0600][31.711s][info][gc,reloc    ] GC(20) y:                        Candidates     Selected     In-Place         Size        Empty    Relocated 
[2026-04-03T01:00:15.401+0600][31.711s][info][gc,reloc    ] GC(20) y: Small Pages:                  697          663            0        1394M           0M          31M 
[2026-04-03T01:00:15.401+0600][31.711s][info][gc,reloc    ] GC(20) y: Medium Pages:                   0            0            0           0M           0M           0M 
[2026-04-03T01:00:15.401+0600][31.711s][info][gc,reloc    ] GC(20) y: Large Pages:                    0            0            0           0M           0M           0M 
[2026-04-03T01:00:15.401+0600][31.711s][info][gc,reloc    ] GC(20) y: Forwarding Usage: 14M
[2026-04-03T01:00:15.401+0600][31.711s][info][gc,reloc    ] GC(20) y: Age Table:
[2026-04-03T01:00:15.401+0600][31.711s][info][gc,reloc    ] GC(20) y:                    Live             Garbage             Small              Medium             Large        
[2026-04-03T01:00:15.401+0600][31.711s][info][gc,reloc    ] GC(20) y: Eden              23M (1%)         1238M (32%)        631 / 617            0 / 0              0 / 0        
[2026-04-03T01:00:15.401+0600][31.711s][info][gc,reloc    ] GC(20) y: Survivor 1        13M (0%)           36M (1%)          25 / 15             0 / 0              0 / 0        
[2026-04-03T01:00:15.401+0600][31.711s][info][gc,reloc    ] GC(20) y: Survivor 2        16M (0%)           35M (1%)          26 / 18             0 / 0              0 / 0        
[2026-04-03T01:00:15.401+0600][31.711s][info][gc,reloc    ] GC(20) y: Survivor 3         2M (0%)           27M (1%)          15 / 13             0 / 0              0 / 0        
[2026-04-03T01:00:15.401+0600][31.711s][info][gc,heap     ] GC(20) y: Min Capacity: 8M(0%)
[2026-04-03T01:00:15.401+0600][31.711s][info][gc,heap     ] GC(20) y: Max Capacity: 3922M(100%)
[2026-04-03T01:00:15.401+0600][31.711s][info][gc,heap     ] GC(20) y: Soft Max Capacity: 3529M(90%)
[2026-04-03T01:00:15.401+0600][31.711s][info][gc,heap     ] GC(20) y: Heap Statistics:
[2026-04-03T01:00:15.401+0600][31.711s][info][gc,heap     ] GC(20) y:                Mark Start          Mark End        Relocate Start      Relocate End           High               Low         
[2026-04-03T01:00:15.401+0600][31.711s][info][gc,heap     ] GC(20) y:  Capacity:     3140M (80%)        3140M (80%)        3140M (80%)        3140M (80%)        3140M (80%)        3140M (80%)    
[2026-04-03T01:00:15.401+0600][31.711s][info][gc,heap     ] GC(20) y:      Free:     1858M (47%)        1532M (39%)        1510M (39%)        2666M (68%)        2686M (68%)        1506M (38%)    
[2026-04-03T01:00:15.401+0600][31.711s][info][gc,heap     ] GC(20) y:      Used:     2064M (53%)        2390M (61%)        2412M (61%)        1256M (32%)        2416M (62%)        1236M (32%)    
[2026-04-03T01:00:15.401+0600][31.711s][info][gc,heap     ] GC(20) y: Young Generation Statistics:
[2026-04-03T01:00:15.401+0600][31.711s][info][gc,heap     ] GC(20) y:                Mark Start          Mark End        Relocate Start      Relocate End    
[2026-04-03T01:00:15.401+0600][31.711s][info][gc,heap     ] GC(20) y:      Used:     1394M (36%)        1720M (44%)        1742M (44%)         586M (15%)    
[2026-04-03T01:00:15.401+0600][31.711s][info][gc,heap     ] GC(20) y:      Live:         -                56M (1%)           56M (1%)           56M (1%)     
[2026-04-03T01:00:15.401+0600][31.711s][info][gc,heap     ] GC(20) y:   Garbage:         -              1337M (34%)        1337M (34%)           5M (0%)     
[2026-04-03T01:00:15.401+0600][31.711s][info][gc,heap     ] GC(20) y: Allocated:         -               326M (8%)          348M (9%)          524M (13%)    
[2026-04-03T01:00:15.401+0600][31.711s][info][gc,heap     ] GC(20) y: Reclaimed:         -                  -                 0M (0%)         1332M (34%)    
[2026-04-03T01:00:15.401+0600][31.711s][info][gc,heap     ] GC(20) y:  Promoted:         -                  -                 0M (0%)            0M (0%)     
[2026-04-03T01:00:15.401+0600][31.711s][info][gc,heap     ] GC(20) y: Compacted:         -                  -                  -                43M (1%)     
[2026-04-03T01:00:15.402+0600][31.711s][info][gc,phases   ] GC(20) y: Young Generation 2062M(53%)->1256M(32%) 0.587s
[2026-04-03T01:00:15.402+0600][31.711s][info][gc          ] GC(20) Minor Collection (Allocation Rate) 2062M(53%)->1256M(32%) 0.588s
[2026-04-03T01:00:15.843+0600][32.153s][info][gc          ] GC(21) Minor Collection (Allocation Rate)
[2026-04-03T01:00:15.843+0600][32.153s][info][gc,task     ] GC(21) Using 2 Workers for Young Generation
[2026-04-03T01:00:15.843+0600][32.153s][info][gc,phases   ] GC(21) y: Young Generation
[2026-04-03T01:00:15.843+0600][32.153s][info][gc,phases   ] GC(21) y: Pause Mark Start 0.033ms
[2026-04-03T01:00:16.315+0600][32.624s][info][gc,phases   ] GC(21) y: Concurrent Mark 467.748ms
[2026-04-03T01:00:16.315+0600][32.625s][info][gc,phases   ] GC(21) y: Pause Mark End 0.046ms
[2026-04-03T01:00:16.316+0600][32.626s][info][gc,phases   ] GC(21) y: Concurrent Mark Free 0.002ms
[2026-04-03T01:00:16.316+0600][32.626s][info][gc,phases   ] GC(21) y: Concurrent Reset Relocation Set 0.095ms
[2026-04-03T01:00:16.325+0600][32.634s][info][gc,reloc    ] GC(21) y: Using tenuring threshold: 3 (Computed)
[2026-04-03T01:00:16.354+0600][32.664s][info][gc,phases   ] GC(21) y: Concurrent Select Relocation Set 37.604ms
[2026-04-03T01:00:16.354+0600][32.664s][info][gc,phases   ] GC(21) y: Pause Relocate Start 0.041ms
[2026-04-03T01:00:16.493+0600][32.803s][info][gc,phases   ] GC(21) y: Concurrent Relocate 138.797ms
[2026-04-03T01:00:16.493+0600][32.803s][info][gc,alloc    ] GC(21) y:                         Mark Start        Mark End      Relocate Start    Relocate End   
[2026-04-03T01:00:16.493+0600][32.803s][info][gc,alloc    ] GC(21) y: Allocation Stalls:          0                0                0                0         
[2026-04-03T01:00:16.493+0600][32.803s][info][gc,load     ] GC(21) y: Load: 6.29 (52%) / 2.75 (23%) / 1.79 (15%)
[2026-04-03T01:00:16.493+0600][32.803s][info][gc,mmu      ] GC(21) y: MMU: 2ms/91.4%, 5ms/96.6%, 10ms/98.3%, 20ms/99.1%, 50ms/99.6%, 100ms/99.7%
[2026-04-03T01:00:16.494+0600][32.803s][info][gc,marking  ] GC(21) y: Mark: 2 stripe(s), 2 proactive flush(es), 1 terminate flush(es), 0 completion(s), 0 continuation(s) 
[2026-04-03T01:00:16.494+0600][32.803s][info][gc,marking  ] GC(21) y: Mark Stack Usage: 32M
[2026-04-03T01:00:16.494+0600][32.803s][info][gc,nmethod  ] GC(21) y: NMethods: 2932 registered, 0 unregistered
[2026-04-03T01:00:16.494+0600][32.803s][info][gc,metaspace] GC(21) y: Metaspace: 9M used, 10M committed, 1088M reserved
[2026-04-03T01:00:16.494+0600][32.803s][info][gc,reloc    ] GC(21) y:                        Candidates     Selected     In-Place         Size        Empty    Relocated 
[2026-04-03T01:00:16.494+0600][32.803s][info][gc,reloc    ] GC(21) y: Small Pages:                  547          509            0        1094M           0M          25M 
[2026-04-03T01:00:16.494+0600][32.803s][info][gc,reloc    ] GC(21) y: Medium Pages:                   0            0            0           0M           0M           0M 
[2026-04-03T01:00:16.494+0600][32.803s][info][gc,reloc    ] GC(21) y: Large Pages:                    0            0            0           0M           0M           0M 
[2026-04-03T01:00:16.494+0600][32.803s][info][gc,reloc    ] GC(21) y: Forwarding Usage: 11M
[2026-04-03T01:00:16.494+0600][32.803s][info][gc,reloc    ] GC(21) y: Age Table:
[2026-04-03T01:00:16.494+0600][32.804s][info][gc,reloc    ] GC(21) y:                    Live             Garbage             Small              Medium             Large        
[2026-04-03T01:00:16.494+0600][32.804s][info][gc,reloc    ] GC(21) y: Eden              19M (0%)          920M (23%)        470 / 460            0 / 0              0 / 0        
[2026-04-03T01:00:16.494+0600][32.804s][info][gc,reloc    ] GC(21) y: Survivor 1        14M (0%)           29M (1%)          22 / 14             0 / 0              0 / 0        
[2026-04-03T01:00:16.494+0600][32.804s][info][gc,reloc    ] GC(21) y: Survivor 2        11M (0%)           30M (1%)          21 / 13             0 / 0              0 / 0        
[2026-04-03T01:00:16.494+0600][32.804s][info][gc,reloc    ] GC(21) y: Survivor 3        15M (0%)           26M (1%)          21 / 12             0 / 0              0 / 0        
[2026-04-03T01:00:16.494+0600][32.804s][info][gc,reloc    ] GC(21) y: Survivor 4         2M (0%)           23M (1%)          13 / 10             0 / 0              0 / 0        
[2026-04-03T01:00:16.494+0600][32.804s][info][gc,heap     ] GC(21) y: Min Capacity: 8M(0%)
[2026-04-03T01:00:16.494+0600][32.804s][info][gc,heap     ] GC(21) y: Max Capacity: 3922M(100%)
[2026-04-03T01:00:16.494+0600][32.804s][info][gc,heap     ] GC(21) y: Soft Max Capacity: 3529M(90%)
[2026-04-03T01:00:16.494+0600][32.804s][info][gc,heap     ] GC(21) y: Heap Statistics:
[2026-04-03T01:00:16.494+0600][32.804s][info][gc,heap     ] GC(21) y:                Mark Start          Mark End        Relocate Start      Relocate End           High               Low         
[2026-04-03T01:00:16.494+0600][32.804s][info][gc,heap     ] GC(21) y:  Capacity:     3140M (80%)        3140M (80%)        3140M (80%)        3140M (80%)        3140M (80%)        3140M (80%)    
[2026-04-03T01:00:16.494+0600][32.804s][info][gc,heap     ] GC(21) y:      Free:     2158M (55%)        1740M (44%)        1708M (44%)        2540M (65%)        2588M (66%)        1668M (43%)    
[2026-04-03T01:00:16.494+0600][32.804s][info][gc,heap     ] GC(21) y:      Used:     1764M (45%)        2182M (56%)        2214M (56%)        1382M (35%)        2254M (57%)        1334M (34%)    
[2026-04-03T01:00:16.494+0600][32.804s][info][gc,heap     ] GC(21) y: Young Generation Statistics:
[2026-04-03T01:00:16.494+0600][32.804s][info][gc,heap     ] GC(21) y:                Mark Start          Mark End        Relocate Start      Relocate End    
[2026-04-03T01:00:16.494+0600][32.804s][info][gc,heap     ] GC(21) y:      Used:     1094M (28%)        1512M (39%)        1526M (39%)         690M (18%)    
[2026-04-03T01:00:16.494+0600][32.804s][info][gc,heap     ] GC(21) y:      Live:         -                63M (2%)           47M (1%)           45M (1%)     
[2026-04-03T01:00:16.494+0600][32.804s][info][gc,heap     ] GC(21) y:   Garbage:         -              1030M (26%)        1028M (26%)           5M (0%)     
[2026-04-03T01:00:16.494+0600][32.804s][info][gc,heap     ] GC(21) y: Allocated:         -               418M (11%)         450M (11%)         639M (16%)    
[2026-04-03T01:00:16.494+0600][32.804s][info][gc,heap     ] GC(21) y: Reclaimed:         -                  -                 2M (0%)         1025M (26%)    
[2026-04-03T01:00:16.494+0600][32.804s][info][gc,heap     ] GC(21) y:  Promoted:         -                  -                15M (0%)           17M (0%)     
[2026-04-03T01:00:16.494+0600][32.804s][info][gc,heap     ] GC(21) y: Compacted:         -                  -                  -                32M (1%)     
[2026-04-03T01:00:16.494+0600][32.804s][info][gc,phases   ] GC(21) y: Young Generation 1764M(45%)->1382M(35%) 0.650s
[2026-04-03T01:00:16.494+0600][32.804s][info][gc          ] GC(21) Minor Collection (Allocation Rate) 1764M(45%)->1384M(35%) 0.651s
[2026-04-03T01:00:16.830+0600][33.139s][info][gc          ] GC(22) Minor Collection (Allocation Rate)
[2026-04-03T01:00:16.830+0600][33.140s][info][gc,task     ] GC(22) Using 2 Workers for Young Generation
[2026-04-03T01:00:16.830+0600][33.140s][info][gc,phases   ] GC(22) y: Young Generation
[2026-04-03T01:00:16.830+0600][33.140s][info][gc,phases   ] GC(22) y: Pause Mark Start 0.054ms
[2026-04-03T01:00:17.284+0600][33.593s][info][gc,phases   ] GC(22) y: Concurrent Mark 449.701ms
[2026-04-03T01:00:17.284+0600][33.594s][info][gc,phases   ] GC(22) y: Pause Mark End 0.036ms
[2026-04-03T01:00:17.288+0600][33.598s][info][gc,phases   ] GC(22) y: Concurrent Mark Free 0.004ms
[2026-04-03T01:00:17.288+0600][33.598s][info][gc,phases   ] GC(22) y: Concurrent Reset Relocation Set 0.100ms
[2026-04-03T01:00:17.296+0600][33.606s][info][gc,reloc    ] GC(22) y: Using tenuring threshold: 2 (Computed)
[2026-04-03T01:00:17.334+0600][33.644s][info][gc,phases   ] GC(22) y: Concurrent Select Relocation Set 46.257ms
[2026-04-03T01:00:17.335+0600][33.645s][info][gc,phases   ] GC(22) y: Pause Relocate Start 0.047ms
[2026-04-03T01:00:17.501+0600][33.811s][info][gc,phases   ] GC(22) y: Concurrent Relocate 165.725ms
[2026-04-03T01:00:17.501+0600][33.811s][info][gc,alloc    ] GC(22) y:                         Mark Start        Mark End      Relocate Start    Relocate End   
[2026-04-03T01:00:17.501+0600][33.811s][info][gc,alloc    ] GC(22) y: Allocation Stalls:          0                0                0                0         
[2026-04-03T01:00:17.501+0600][33.811s][info][gc,load     ] GC(22) y: Load: 6.29 (52%) / 2.75 (23%) / 1.79 (15%)
[2026-04-03T01:00:17.501+0600][33.811s][info][gc,mmu      ] GC(22) y: MMU: 2ms/91.4%, 5ms/96.6%, 10ms/98.3%, 20ms/99.1%, 50ms/99.6%, 100ms/99.7%
[2026-04-03T01:00:17.501+0600][33.811s][info][gc,marking  ] GC(22) y: Mark: 2 stripe(s), 2 proactive flush(es), 1 terminate flush(es), 0 completion(s), 0 continuation(s) 
[2026-04-03T01:00:17.501+0600][33.811s][info][gc,marking  ] GC(22) y: Mark Stack Usage: 32M
[2026-04-03T01:00:17.501+0600][33.811s][info][gc,nmethod  ] GC(22) y: NMethods: 2964 registered, 0 unregistered
[2026-04-03T01:00:17.501+0600][33.811s][info][gc,metaspace] GC(22) y: Metaspace: 9M used, 10M committed, 1088M reserved
[2026-04-03T01:00:17.501+0600][33.811s][info][gc,reloc    ] GC(22) y:                        Candidates     Selected     In-Place         Size        Empty    Relocated 
[2026-04-03T01:00:17.501+0600][33.811s][info][gc,reloc    ] GC(22) y: Small Pages:                  538          506            0        1076M           0M          25M 
[2026-04-03T01:00:17.501+0600][33.811s][info][gc,reloc    ] GC(22) y: Medium Pages:                   0            0            0           0M           0M           0M 
[2026-04-03T01:00:17.501+0600][33.811s][info][gc,reloc    ] GC(22) y: Large Pages:                    0            0            0           0M           0M           0M 
[2026-04-03T01:00:17.501+0600][33.811s][info][gc,reloc    ] GC(22) y: Forwarding Usage: 12M
[2026-04-03T01:00:17.501+0600][33.811s][info][gc,reloc    ] GC(22) y: Age Table:
[2026-04-03T01:00:17.501+0600][33.811s][info][gc,reloc    ] GC(22) y:                    Live             Garbage             Small              Medium             Large        
[2026-04-03T01:00:17.501+0600][33.811s][info][gc,reloc    ] GC(22) y: Eden              19M (0%)          934M (24%)        477 / 466            0 / 0              0 / 0        
[2026-04-03T01:00:17.501+0600][33.811s][info][gc,reloc    ] GC(22) y: Survivor 1        11M (0%)           30M (1%)          21 / 15             0 / 0              0 / 0        
[2026-04-03T01:00:17.501+0600][33.811s][info][gc,reloc    ] GC(22) y: Survivor 2        11M (0%)           32M (1%)          22 / 15             0 / 0              0 / 0        
[2026-04-03T01:00:17.501+0600][33.811s][info][gc,reloc    ] GC(22) y: Survivor 3        10M (0%)           25M (1%)          18 / 10             0 / 0              0 / 0        
[2026-04-03T01:00:17.501+0600][33.811s][info][gc,heap     ] GC(22) y: Min Capacity: 8M(0%)
[2026-04-03T01:00:17.501+0600][33.811s][info][gc,heap     ] GC(22) y: Max Capacity: 3922M(100%)
[2026-04-03T01:00:17.501+0600][33.811s][info][gc,heap     ] GC(22) y: Soft Max Capacity: 3529M(90%)
[2026-04-03T01:00:17.501+0600][33.811s][info][gc,heap     ] GC(22) y: Heap Statistics:
[2026-04-03T01:00:17.501+0600][33.811s][info][gc,heap     ] GC(22) y:                Mark Start          Mark End        Relocate Start      Relocate End           High               Low         
[2026-04-03T01:00:17.501+0600][33.811s][info][gc,heap     ] GC(22) y:  Capacity:     3140M (80%)        3140M (80%)        3140M (80%)        3140M (80%)        3140M (80%)        3140M (80%)    
[2026-04-03T01:00:17.501+0600][33.811s][info][gc,heap     ] GC(22) y:      Free:     2154M (55%)        1682M (43%)        1626M (41%)        2450M (62%)        2534M (65%)        1608M (41%)    
[2026-04-03T01:00:17.501+0600][33.811s][info][gc,heap     ] GC(22) y:      Used:     1768M (45%)        2240M (57%)        2296M (59%)        1472M (38%)        2314M (59%)        1388M (35%)    
[2026-04-03T01:00:17.501+0600][33.811s][info][gc,heap     ] GC(22) y: Young Generation Statistics:
[2026-04-03T01:00:17.501+0600][33.811s][info][gc,heap     ] GC(22) y:                Mark Start          Mark End        Relocate Start      Relocate End    
[2026-04-03T01:00:17.501+0600][33.811s][info][gc,heap     ] GC(22) y:      Used:     1076M (27%)        1548M (39%)        1590M (41%)         754M (19%)    
[2026-04-03T01:00:17.501+0600][33.811s][info][gc,heap     ] GC(22) y:      Live:         -                53M (1%)           41M (1%)           30M (1%)     
[2026-04-03T01:00:17.501+0600][33.811s][info][gc,heap     ] GC(22) y:   Garbage:         -              1022M (26%)        1020M (26%)           3M (0%)     
[2026-04-03T01:00:17.501+0600][33.811s][info][gc,heap     ] GC(22) y: Allocated:         -               472M (12%)         528M (13%)         720M (18%)    
[2026-04-03T01:00:17.501+0600][33.811s][info][gc,heap     ] GC(22) y: Reclaimed:         -                  -                 2M (0%)         1019M (26%)    
[2026-04-03T01:00:17.501+0600][33.811s][info][gc,heap     ] GC(22) y:  Promoted:         -                  -                11M (0%)           22M (1%)     
[2026-04-03T01:00:17.501+0600][33.811s][info][gc,heap     ] GC(22) y: Compacted:         -                  -                  -                23M (1%)     
[2026-04-03T01:00:17.501+0600][33.811s][info][gc,phases   ] GC(22) y: Young Generation 1768M(45%)->1472M(38%) 0.671s
[2026-04-03T01:00:17.501+0600][33.811s][info][gc          ] GC(22) Minor Collection (Allocation Rate) 1768M(45%)->1472M(38%) 0.672s
[2026-04-03T01:00:17.876+0600][34.186s][info][gc          ] GC(23) Minor Collection (Allocation Rate)
[2026-04-03T01:00:17.876+0600][34.186s][info][gc,task     ] GC(23) Using 2 Workers for Young Generation
[2026-04-03T01:00:17.876+0600][34.186s][info][gc,phases   ] GC(23) y: Young Generation
[2026-04-03T01:00:17.877+0600][34.187s][info][gc,phases   ] GC(23) y: Pause Mark Start 0.050ms
[2026-04-03T01:00:18.169+0600][34.479s][info][gc,phases   ] GC(23) y: Concurrent Mark 292.171ms
[2026-04-03T01:00:18.170+0600][34.479s][info][gc,phases   ] GC(23) y: Pause Mark End 0.033ms
[2026-04-03T01:00:18.170+0600][34.480s][info][gc,phases   ] GC(23) y: Concurrent Mark Free 0.003ms
[2026-04-03T01:00:18.170+0600][34.480s][info][gc,phases   ] GC(23) y: Concurrent Reset Relocation Set 0.095ms
[2026-04-03T01:00:18.180+0600][34.490s][info][gc,reloc    ] GC(23) y: Using tenuring threshold: 3 (Computed)
[2026-04-03T01:00:18.184+0600][34.494s][info][gc,phases   ] GC(23) y: Concurrent Select Relocation Set 13.645ms
[2026-04-03T01:00:18.184+0600][34.494s][info][gc,phases   ] GC(23) y: Pause Relocate Start 0.030ms
[2026-04-03T01:00:18.255+0600][34.564s][info][gc,phases   ] GC(23) y: Concurrent Relocate 70.157ms
[2026-04-03T01:00:18.255+0600][34.564s][info][gc,alloc    ] GC(23) y:                         Mark Start        Mark End      Relocate Start    Relocate End   
[2026-04-03T01:00:18.255+0600][34.564s][info][gc,alloc    ] GC(23) y: Allocation Stalls:          0                0                0                0         
[2026-04-03T01:00:18.255+0600][34.565s][info][gc,load     ] GC(23) y: Load: 6.29 (52%) / 2.75 (23%) / 1.79 (15%)
[2026-04-03T01:00:18.255+0600][34.565s][info][gc,mmu      ] GC(23) y: MMU: 2ms/91.4%, 5ms/96.6%, 10ms/98.3%, 20ms/99.1%, 50ms/99.6%, 100ms/99.7%
[2026-04-03T01:00:18.255+0600][34.565s][info][gc,marking  ] GC(23) y: Mark: 2 stripe(s), 2 proactive flush(es), 1 terminate flush(es), 0 completion(s), 0 continuation(s) 
[2026-04-03T01:00:18.255+0600][34.565s][info][gc,marking  ] GC(23) y: Mark Stack Usage: 32M
[2026-04-03T01:00:18.255+0600][34.565s][info][gc,nmethod  ] GC(23) y: NMethods: 2997 registered, 0 unregistered
[2026-04-03T01:00:18.255+0600][34.565s][info][gc,metaspace] GC(23) y: Metaspace: 9M used, 10M committed, 1088M reserved
[2026-04-03T01:00:18.255+0600][34.565s][info][gc,reloc    ] GC(23) y:                        Candidates     Selected     In-Place         Size        Empty    Relocated 
[2026-04-03T01:00:18.255+0600][34.565s][info][gc,reloc    ] GC(23) y: Small Pages:                  615          590            0        1230M           0M          27M 
[2026-04-03T01:00:18.255+0600][34.565s][info][gc,reloc    ] GC(23) y: Medium Pages:                   0            0            0           0M           0M           0M 
[2026-04-03T01:00:18.255+0600][34.565s][info][gc,reloc    ] GC(23) y: Large Pages:                    0            0            0           0M           0M           0M 
[2026-04-03T01:00:18.255+0600][34.565s][info][gc,reloc    ] GC(23) y: Forwarding Usage: 10M
[2026-04-03T01:00:18.255+0600][34.565s][info][gc,reloc    ] GC(23) y: Age Table:
[2026-04-03T01:00:18.255+0600][34.565s][info][gc,reloc    ] GC(23) y:                    Live             Garbage             Small              Medium             Large        
[2026-04-03T01:00:18.255+0600][34.565s][info][gc,reloc    ] GC(23) y: Eden              21M (1%)         1128M (29%)        575 / 561            0 / 0              0 / 0        
[2026-04-03T01:00:18.255+0600][34.565s][info][gc,reloc    ] GC(23) y: Survivor 1        10M (0%)           31M (1%)          21 / 14             0 / 0              0 / 0        
[2026-04-03T01:00:18.255+0600][34.565s][info][gc,reloc    ] GC(23) y: Survivor 2         8M (0%)           29M (1%)          19 / 15             0 / 0              0 / 0        
[2026-04-03T01:00:18.255+0600][34.565s][info][gc,heap     ] GC(23) y: Min Capacity: 8M(0%)
[2026-04-03T01:00:18.255+0600][34.565s][info][gc,heap     ] GC(23) y: Max Capacity: 3922M(100%)
[2026-04-03T01:00:18.255+0600][34.565s][info][gc,heap     ] GC(23) y: Soft Max Capacity: 3529M(90%)
[2026-04-03T01:00:18.255+0600][34.565s][info][gc,heap     ] GC(23) y: Heap Statistics:
[2026-04-03T01:00:18.255+0600][34.565s][info][gc,heap     ] GC(23) y:                Mark Start          Mark End        Relocate Start      Relocate End           High               Low         
[2026-04-03T01:00:18.255+0600][34.565s][info][gc,heap     ] GC(23) y:  Capacity:     3140M (80%)        3140M (80%)        3140M (80%)        3140M (80%)        3140M (80%)        3140M (80%)    
[2026-04-03T01:00:18.255+0600][34.565s][info][gc,heap     ] GC(23) y:      Free:     1974M (50%)        1628M (42%)        1610M (41%)        2654M (68%)        2664M (68%)        1578M (40%)    
[2026-04-03T01:00:18.255+0600][34.565s][info][gc,heap     ] GC(23) y:      Used:     1948M (50%)        2294M (58%)        2312M (59%)        1268M (32%)        2344M (60%)        1258M (32%)    
[2026-04-03T01:00:18.255+0600][34.565s][info][gc,heap     ] GC(23) y: Young Generation Statistics:
[2026-04-03T01:00:18.255+0600][34.565s][info][gc,heap     ] GC(23) y:                Mark Start          Mark End        Relocate Start      Relocate End    
[2026-04-03T01:00:18.255+0600][34.565s][info][gc,heap     ] GC(23) y:      Used:     1230M (31%)        1576M (40%)        1594M (41%)         550M (14%)    
[2026-04-03T01:00:18.255+0600][34.565s][info][gc,heap     ] GC(23) y:      Live:         -                41M (1%)           41M (1%)           41M (1%)     
[2026-04-03T01:00:18.255+0600][34.565s][info][gc,heap     ] GC(23) y:   Garbage:         -              1188M (30%)        1188M (30%)           3M (0%)     
[2026-04-03T01:00:18.255+0600][34.565s][info][gc,heap     ] GC(23) y: Allocated:         -               346M (9%)          364M (9%)          505M (13%)    
[2026-04-03T01:00:18.255+0600][34.565s][info][gc,heap     ] GC(23) y: Reclaimed:         -                  -                 0M (0%)         1185M (30%)    
[2026-04-03T01:00:18.255+0600][34.565s][info][gc,heap     ] GC(23) y:  Promoted:         -                  -                 0M (0%)            0M (0%)     
[2026-04-03T01:00:18.255+0600][34.565s][info][gc,heap     ] GC(23) y: Compacted:         -                  -                  -                34M (1%)     
[2026-04-03T01:00:18.255+0600][34.565s][info][gc,phases   ] GC(23) y: Young Generation 1948M(50%)->1268M(32%) 0.378s
[2026-04-03T01:00:18.255+0600][34.565s][info][gc          ] GC(23) Minor Collection (Allocation Rate) 1948M(50%)->1268M(32%) 0.379s
[2026-04-03T01:00:18.428+0600][34.737s][info][gc          ] GC(24) Minor Collection (Allocation Rate)
[2026-04-03T01:00:18.428+0600][34.738s][info][gc,task     ] GC(24) Using 2 Workers for Young Generation
[2026-04-03T01:00:18.428+0600][34.738s][info][gc,phases   ] GC(24) y: Young Generation
[2026-04-03T01:00:18.428+0600][34.738s][info][gc,phases   ] GC(24) y: Pause Mark Start 0.039ms
[2026-04-03T01:00:18.747+0600][35.057s][info][gc,phases   ] GC(24) y: Concurrent Mark 318.555ms
[2026-04-03T01:00:18.747+0600][35.057s][info][gc,phases   ] GC(24) y: Pause Mark End 0.035ms
[2026-04-03T01:00:18.747+0600][35.057s][info][gc,phases   ] GC(24) y: Concurrent Mark Free 0.001ms
[2026-04-03T01:00:18.747+0600][35.057s][info][gc,phases   ] GC(24) y: Concurrent Reset Relocation Set 0.080ms
[2026-04-03T01:00:18.751+0600][35.061s][info][gc,reloc    ] GC(24) y: Using tenuring threshold: 3 (Computed)
[2026-04-03T01:00:18.765+0600][35.075s][info][gc,phases   ] GC(24) y: Concurrent Select Relocation Set 17.593ms
[2026-04-03T01:00:18.765+0600][35.075s][info][gc,phases   ] GC(24) y: Pause Relocate Start 0.032ms
[2026-04-03T01:00:18.846+0600][35.156s][info][gc,phases   ] GC(24) y: Concurrent Relocate 80.759ms
[2026-04-03T01:00:18.846+0600][35.156s][info][gc,alloc    ] GC(24) y:                         Mark Start        Mark End      Relocate Start    Relocate End   
[2026-04-03T01:00:18.846+0600][35.156s][info][gc,alloc    ] GC(24) y: Allocation Stalls:          0                0                0                0         
[2026-04-03T01:00:18.846+0600][35.156s][info][gc,load     ] GC(24) y: Load: 6.99 (58%) / 2.95 (25%) / 1.86 (16%)
[2026-04-03T01:00:18.846+0600][35.156s][info][gc,mmu      ] GC(24) y: MMU: 2ms/91.4%, 5ms/96.6%, 10ms/98.3%, 20ms/99.1%, 50ms/99.6%, 100ms/99.7%
[2026-04-03T01:00:18.846+0600][35.156s][info][gc,marking  ] GC(24) y: Mark: 2 stripe(s), 2 proactive flush(es), 1 terminate flush(es), 0 completion(s), 0 continuation(s) 
[2026-04-03T01:00:18.846+0600][35.156s][info][gc,marking  ] GC(24) y: Mark Stack Usage: 32M
[2026-04-03T01:00:18.846+0600][35.156s][info][gc,nmethod  ] GC(24) y: NMethods: 3045 registered, 0 unregistered
[2026-04-03T01:00:18.846+0600][35.156s][info][gc,metaspace] GC(24) y: Metaspace: 9M used, 10M committed, 1088M reserved
[2026-04-03T01:00:18.846+0600][35.156s][info][gc,reloc    ] GC(24) y:                        Candidates     Selected     In-Place         Size        Empty    Relocated 
[2026-04-03T01:00:18.846+0600][35.156s][info][gc,reloc    ] GC(24) y: Small Pages:                  398          370            0         796M           0M          20M 
[2026-04-03T01:00:18.846+0600][35.156s][info][gc,reloc    ] GC(24) y: Medium Pages:                   0            0            0           0M           0M           0M 
[2026-04-03T01:00:18.846+0600][35.156s][info][gc,reloc    ] GC(24) y: Large Pages:                    0            0            0           0M           0M           0M 
[2026-04-03T01:00:18.846+0600][35.156s][info][gc,reloc    ] GC(24) y: Forwarding Usage: 9M
[2026-04-03T01:00:18.846+0600][35.156s][info][gc,reloc    ] GC(24) y: Age Table:
[2026-04-03T01:00:18.846+0600][35.156s][info][gc,reloc    ] GC(24) y:                    Live             Garbage             Small              Medium             Large        
[2026-04-03T01:00:18.846+0600][35.156s][info][gc,reloc    ] GC(24) y: Eden              14M (0%)          665M (17%)        340 / 332            0 / 0              0 / 0        
[2026-04-03T01:00:18.846+0600][35.156s][info][gc,reloc    ] GC(24) y: Survivor 1        14M (0%)           29M (1%)          22 / 11             0 / 0              0 / 0        
[2026-04-03T01:00:18.847+0600][35.156s][info][gc,reloc    ] GC(24) y: Survivor 2         9M (0%)           28M (1%)          19 / 14             0 / 0              0 / 0        
[2026-04-03T01:00:18.847+0600][35.156s][info][gc,reloc    ] GC(24) y: Survivor 3         8M (0%)           25M (1%)          17 / 13             0 / 0              0 / 0        
[2026-04-03T01:00:18.847+0600][35.156s][info][gc,heap     ] GC(24) y: Min Capacity: 8M(0%)
[2026-04-03T01:00:18.847+0600][35.156s][info][gc,heap     ] GC(24) y: Max Capacity: 3922M(100%)
[2026-04-03T01:00:18.847+0600][35.156s][info][gc,heap     ] GC(24) y: Soft Max Capacity: 3529M(90%)
[2026-04-03T01:00:18.847+0600][35.156s][info][gc,heap     ] GC(24) y: Heap Statistics:
[2026-04-03T01:00:18.847+0600][35.156s][info][gc,heap     ] GC(24) y:                Mark Start          Mark End        Relocate Start      Relocate End           High               Low         
[2026-04-03T01:00:18.847+0600][35.156s][info][gc,heap     ] GC(24) y:  Capacity:     3140M (80%)        3140M (80%)        3140M (80%)        3140M (80%)        3140M (80%)        3140M (80%)    
[2026-04-03T01:00:18.847+0600][35.157s][info][gc,heap     ] GC(24) y:      Free:     2408M (61%)        2042M (52%)        2020M (52%)        2618M (67%)        2656M (68%)        1994M (51%)    
[2026-04-03T01:00:18.847+0600][35.157s][info][gc,heap     ] GC(24) y:      Used:     1514M (39%)        1880M (48%)        1902M (48%)        1304M (33%)        1928M (49%)        1266M (32%)    
[2026-04-03T01:00:18.847+0600][35.157s][info][gc,heap     ] GC(24) y: Young Generation Statistics:
[2026-04-03T01:00:18.847+0600][35.157s][info][gc,heap     ] GC(24) y:                Mark Start          Mark End        Relocate Start      Relocate End    
[2026-04-03T01:00:18.847+0600][35.157s][info][gc,heap     ] GC(24) y:      Used:      796M (20%)        1162M (30%)        1178M (30%)         576M (15%)    
[2026-04-03T01:00:18.847+0600][35.157s][info][gc,heap     ] GC(24) y:      Live:         -                46M (1%)           41M (1%)           38M (1%)     
[2026-04-03T01:00:18.847+0600][35.157s][info][gc,heap     ] GC(24) y:   Garbage:         -               749M (19%)         748M (19%)           4M (0%)     
[2026-04-03T01:00:18.847+0600][35.157s][info][gc,heap     ] GC(24) y: Allocated:         -               366M (9%)          388M (10%)         532M (14%)    
[2026-04-03T01:00:18.847+0600][35.157s][info][gc,heap     ] GC(24) y: Reclaimed:         -                  -                 0M (0%)          744M (19%)    
[2026-04-03T01:00:18.847+0600][35.157s][info][gc,heap     ] GC(24) y:  Promoted:         -                  -                 5M (0%)            8M (0%)     
[2026-04-03T01:00:18.847+0600][35.157s][info][gc,heap     ] GC(24) y: Compacted:         -                  -                  -                25M (1%)     
[2026-04-03T01:00:18.847+0600][35.157s][info][gc,phases   ] GC(24) y: Young Generation 1514M(39%)->1304M(33%) 0.419s
[2026-04-03T01:00:18.847+0600][35.157s][info][gc          ] GC(24) Minor Collection (Allocation Rate) 1514M(39%)->1304M(33%) 0.419s
[2026-04-03T01:00:19.194+0600][35.504s][info][gc          ] GC(25) Minor Collection (Allocation Rate)
[2026-04-03T01:00:19.194+0600][35.504s][info][gc,task     ] GC(25) Using 2 Workers for Young Generation
[2026-04-03T01:00:19.194+0600][35.504s][info][gc,phases   ] GC(25) y: Young Generation
[2026-04-03T01:00:19.194+0600][35.504s][info][gc,phases   ] GC(25) y: Pause Mark Start 0.030ms
[2026-04-03T01:00:19.528+0600][35.838s][info][gc,phases   ] GC(25) y: Concurrent Mark 333.310ms
[2026-04-03T01:00:19.528+0600][35.838s][info][gc,phases   ] GC(25) y: Pause Mark End 0.039ms
[2026-04-03T01:00:19.529+0600][35.838s][info][gc,phases   ] GC(25) y: Concurrent Mark Free 0.002ms
[2026-04-03T01:00:19.529+0600][35.839s][info][gc,phases   ] GC(25) y: Concurrent Reset Relocation Set 0.077ms
[2026-04-03T01:00:19.533+0600][35.843s][info][gc,reloc    ] GC(25) y: Using tenuring threshold: 2 (Computed)
[2026-04-03T01:00:19.564+0600][35.874s][info][gc,phases   ] GC(25) y: Concurrent Select Relocation Set 35.137ms
[2026-04-03T01:00:19.564+0600][35.874s][info][gc,phases   ] GC(25) y: Pause Relocate Start 0.035ms
[2026-04-03T01:00:19.750+0600][36.060s][info][gc,phases   ] GC(25) y: Concurrent Relocate 185.481ms
[2026-04-03T01:00:19.750+0600][36.060s][info][gc,alloc    ] GC(25) y:                         Mark Start        Mark End      Relocate Start    Relocate End   
[2026-04-03T01:00:19.750+0600][36.060s][info][gc,alloc    ] GC(25) y: Allocation Stalls:          0                0                0                0         
[2026-04-03T01:00:19.750+0600][36.060s][info][gc,load     ] GC(25) y: Load: 6.99 (58%) / 2.95 (25%) / 1.86 (16%)
[2026-04-03T01:00:19.750+0600][36.060s][info][gc,mmu      ] GC(25) y: MMU: 2ms/91.4%, 5ms/96.6%, 10ms/98.3%, 20ms/99.1%, 50ms/99.6%, 100ms/99.7%
[2026-04-03T01:00:19.750+0600][36.060s][info][gc,marking  ] GC(25) y: Mark: 2 stripe(s), 2 proactive flush(es), 1 terminate flush(es), 0 completion(s), 0 continuation(s) 
[2026-04-03T01:00:19.750+0600][36.060s][info][gc,marking  ] GC(25) y: Mark Stack Usage: 32M
[2026-04-03T01:00:19.750+0600][36.060s][info][gc,nmethod  ] GC(25) y: NMethods: 3071 registered, 0 unregistered
[2026-04-03T01:00:19.750+0600][36.060s][info][gc,metaspace] GC(25) y: Metaspace: 9M used, 10M committed, 1088M reserved
[2026-04-03T01:00:19.750+0600][36.060s][info][gc,reloc    ] GC(25) y:                        Candidates     Selected     In-Place         Size        Empty    Relocated 
[2026-04-03T01:00:19.750+0600][36.060s][info][gc,reloc    ] GC(25) y: Small Pages:                  519          491            0        1038M           0M          25M 
[2026-04-03T01:00:19.750+0600][36.060s][info][gc,reloc    ] GC(25) y: Medium Pages:                   0            0            0           0M           0M           0M 
[2026-04-03T01:00:19.750+0600][36.060s][info][gc,reloc    ] GC(25) y: Large Pages:                    0            0            0           0M           0M           0M 
[2026-04-03T01:00:19.750+0600][36.060s][info][gc,reloc    ] GC(25) y: Forwarding Usage: 12M
[2026-04-03T01:00:19.750+0600][36.060s][info][gc,reloc    ] GC(25) y: Age Table:
[2026-04-03T01:00:19.750+0600][36.060s][info][gc,reloc    ] GC(25) y:                    Live             Garbage             Small              Medium             Large        
[2026-04-03T01:00:19.750+0600][36.060s][info][gc,reloc    ] GC(25) y: Eden              19M (0%)          904M (23%)        462 / 452            0 / 0              0 / 0        
[2026-04-03T01:00:19.750+0600][36.060s][info][gc,reloc    ] GC(25) y: Survivor 1         8M (0%)           29M (1%)          19 / 13             0 / 0              0 / 0        
[2026-04-03T01:00:19.750+0600][36.060s][info][gc,reloc    ] GC(25) y: Survivor 2        11M (0%)           30M (1%)          21 / 14             0 / 0              0 / 0        
[2026-04-03T01:00:19.750+0600][36.060s][info][gc,reloc    ] GC(25) y: Survivor 3         8M (0%)           25M (1%)          17 / 12             0 / 0              0 / 0        
[2026-04-03T01:00:19.750+0600][36.060s][info][gc,heap     ] GC(25) y: Min Capacity: 8M(0%)
[2026-04-03T01:00:19.751+0600][36.060s][info][gc,heap     ] GC(25) y: Max Capacity: 3922M(100%)
[2026-04-03T01:00:19.751+0600][36.060s][info][gc,heap     ] GC(25) y: Soft Max Capacity: 3529M(90%)
[2026-04-03T01:00:19.751+0600][36.060s][info][gc,heap     ] GC(25) y: Heap Statistics:
[2026-04-03T01:00:19.751+0600][36.060s][info][gc,heap     ] GC(25) y:                Mark Start          Mark End        Relocate Start      Relocate End           High               Low         
[2026-04-03T01:00:19.751+0600][36.060s][info][gc,heap     ] GC(25) y:  Capacity:     3140M (80%)        3140M (80%)        3140M (80%)        3140M (80%)        3140M (80%)        3140M (80%)    
[2026-04-03T01:00:19.751+0600][36.060s][info][gc,heap     ] GC(25) y:      Free:     2156M (55%)        1796M (46%)        1756M (45%)        2522M (64%)        2610M (67%)        1742M (44%)    
[2026-04-03T01:00:19.751+0600][36.060s][info][gc,heap     ] GC(25) y:      Used:     1766M (45%)        2126M (54%)        2166M (55%)        1400M (36%)        2180M (56%)        1312M (33%)    
[2026-04-03T01:00:19.751+0600][36.060s][info][gc,heap     ] GC(25) y: Young Generation Statistics:
[2026-04-03T01:00:19.751+0600][36.060s][info][gc,heap     ] GC(25) y:                Mark Start          Mark End        Relocate Start      Relocate End    
[2026-04-03T01:00:19.751+0600][36.060s][info][gc,heap     ] GC(25) y:      Used:     1038M (26%)        1398M (36%)        1426M (36%)         648M (17%)    
[2026-04-03T01:00:19.751+0600][36.061s][info][gc,heap     ] GC(25) y:      Live:         -                47M (1%)           37M (1%)           27M (1%)     
[2026-04-03T01:00:19.751+0600][36.061s][info][gc,heap     ] GC(25) y:   Garbage:         -               990M (25%)         988M (25%)           0M (0%)     
[2026-04-03T01:00:19.751+0600][36.061s][info][gc,heap     ] GC(25) y: Allocated:         -               360M (9%)          400M (10%)         619M (16%)    
[2026-04-03T01:00:19.751+0600][36.061s][info][gc,heap     ] GC(25) y: Reclaimed:         -                  -                 2M (0%)          990M (25%)    
[2026-04-03T01:00:19.751+0600][36.061s][info][gc,heap     ] GC(25) y:  Promoted:         -                  -                 9M (0%)           19M (1%)     
[2026-04-03T01:00:19.751+0600][36.061s][info][gc,heap     ] GC(25) y: Compacted:         -                  -                  -                26M (1%)     
[2026-04-03T01:00:19.751+0600][36.061s][info][gc,phases   ] GC(25) y: Young Generation 1766M(45%)->1400M(36%) 0.556s
[2026-04-03T01:00:19.751+0600][36.061s][info][gc          ] GC(25) Minor Collection (Allocation Rate) 1766M(45%)->1400M(36%) 0.557s
[2026-04-03T01:00:19.865+0600][36.175s][info][gc          ] GC(26) Minor Collection (Allocation Rate)
[2026-04-03T01:00:19.865+0600][36.175s][info][gc,task     ] GC(26) Using 2 Workers for Young Generation
[2026-04-03T01:00:19.866+0600][36.175s][info][gc,phases   ] GC(26) y: Young Generation
[2026-04-03T01:00:19.866+0600][36.176s][info][gc,phases   ] GC(26) y: Pause Mark Start 0.027ms
[2026-04-03T01:00:20.187+0600][36.497s][info][gc,phases   ] GC(26) y: Concurrent Mark 320.926ms
[2026-04-03T01:00:20.188+0600][36.498s][info][gc,phases   ] GC(26) y: Pause Mark End 0.033ms
[2026-04-03T01:00:20.190+0600][36.500s][info][gc,phases   ] GC(26) y: Concurrent Mark Free 0.004ms
[2026-04-03T01:00:20.190+0600][36.500s][info][gc,phases   ] GC(26) y: Concurrent Reset Relocation Set 0.094ms
[2026-04-03T01:00:20.195+0600][36.505s][info][gc,reloc    ] GC(26) y: Using tenuring threshold: 3 (Computed)
[2026-04-03T01:00:20.204+0600][36.514s][info][gc,phases   ] GC(26) y: Concurrent Select Relocation Set 13.828ms
[2026-04-03T01:00:20.204+0600][36.514s][info][gc,phases   ] GC(26) y: Pause Relocate Start 0.029ms
[2026-04-03T01:00:20.283+0600][36.593s][info][gc,phases   ] GC(26) y: Concurrent Relocate 71.140ms
[2026-04-03T01:00:20.283+0600][36.593s][info][gc,alloc    ] GC(26) y:                         Mark Start        Mark End      Relocate Start    Relocate End   
[2026-04-03T01:00:20.283+0600][36.593s][info][gc,alloc    ] GC(26) y: Allocation Stalls:          0                0                0                0         
[2026-04-03T01:00:20.283+0600][36.593s][info][gc,load     ] GC(26) y: Load: 6.99 (58%) / 2.95 (25%) / 1.86 (16%)
[2026-04-03T01:00:20.283+0600][36.593s][info][gc,mmu      ] GC(26) y: MMU: 2ms/91.4%, 5ms/96.6%, 10ms/98.3%, 20ms/99.1%, 50ms/99.6%, 100ms/99.7%
[2026-04-03T01:00:20.283+0600][36.593s][info][gc,marking  ] GC(26) y: Mark: 2 stripe(s), 2 proactive flush(es), 1 terminate flush(es), 0 completion(s), 0 continuation(s) 
[2026-04-03T01:00:20.283+0600][36.593s][info][gc,marking  ] GC(26) y: Mark Stack Usage: 32M
[2026-04-03T01:00:20.283+0600][36.593s][info][gc,nmethod  ] GC(26) y: NMethods: 3092 registered, 0 unregistered
[2026-04-03T01:00:20.283+0600][36.593s][info][gc,metaspace] GC(26) y: Metaspace: 9M used, 10M committed, 1088M reserved
[2026-04-03T01:00:20.283+0600][36.593s][info][gc,reloc    ] GC(26) y:                        Candidates     Selected     In-Place         Size        Empty    Relocated 
[2026-04-03T01:00:20.283+0600][36.593s][info][gc,reloc    ] GC(26) y: Small Pages:                  389          367            0         778M           0M          18M 
[2026-04-03T01:00:20.283+0600][36.593s][info][gc,reloc    ] GC(26) y: Medium Pages:                   0            0            0           0M           0M           0M 
[2026-04-03T01:00:20.283+0600][36.593s][info][gc,reloc    ] GC(26) y: Large Pages:                    0            0            0           0M           0M           0M 
[2026-04-03T01:00:20.283+0600][36.593s][info][gc,reloc    ] GC(26) y: Forwarding Usage: 5M
[2026-04-03T01:00:20.283+0600][36.593s][info][gc,reloc    ] GC(26) y: Age Table:
[2026-04-03T01:00:20.283+0600][36.593s][info][gc,reloc    ] GC(26) y:                    Live             Garbage             Small              Medium             Large        
[2026-04-03T01:00:20.283+0600][36.593s][info][gc,reloc    ] GC(26) y: Eden              15M (0%)          688M (18%)        352 / 343            0 / 0              0 / 0        
[2026-04-03T01:00:20.283+0600][36.593s][info][gc,reloc    ] GC(26) y: Survivor 1        11M (0%)           30M (1%)          21 / 14             0 / 0              0 / 0        
[2026-04-03T01:00:20.283+0600][36.593s][info][gc,reloc    ] GC(26) y: Survivor 2         6M (0%)           25M (1%)          16 / 10             0 / 0              0 / 0        
[2026-04-03T01:00:20.283+0600][36.593s][info][gc,heap     ] GC(26) y: Min Capacity: 8M(0%)
[2026-04-03T01:00:20.283+0600][36.593s][info][gc,heap     ] GC(26) y: Max Capacity: 3922M(100%)
[2026-04-03T01:00:20.283+0600][36.593s][info][gc,heap     ] GC(26) y: Soft Max Capacity: 3529M(90%)
[2026-04-03T01:00:20.283+0600][36.593s][info][gc,heap     ] GC(26) y: Heap Statistics:
[2026-04-03T01:00:20.283+0600][36.593s][info][gc,heap     ] GC(26) y:                Mark Start          Mark End        Relocate Start      Relocate End           High               Low         
[2026-04-03T01:00:20.283+0600][36.593s][info][gc,heap     ] GC(26) y:  Capacity:     3140M (80%)        3140M (80%)        3140M (80%)        3140M (80%)        3140M (80%)        3140M (80%)    
[2026-04-03T01:00:20.283+0600][36.593s][info][gc,heap     ] GC(26) y:      Free:     2392M (61%)        2058M (52%)        2040M (52%)        2636M (67%)        2638M (67%)        1972M (50%)    
[2026-04-03T01:00:20.283+0600][36.593s][info][gc,heap     ] GC(26) y:      Used:     1530M (39%)        1864M (48%)        1882M (48%)        1286M (33%)        1950M (50%)        1284M (33%)    
[2026-04-03T01:00:20.283+0600][36.593s][info][gc,heap     ] GC(26) y: Young Generation Statistics:
[2026-04-03T01:00:20.283+0600][36.593s][info][gc,heap     ] GC(26) y:                Mark Start          Mark End        Relocate Start      Relocate End    
[2026-04-03T01:00:20.284+0600][36.593s][info][gc,heap     ] GC(26) y:      Used:      778M (20%)        1112M (28%)        1130M (29%)         534M (14%)    
[2026-04-03T01:00:20.284+0600][36.593s][info][gc,heap     ] GC(26) y:      Live:         -                34M (1%)           34M (1%)           34M (1%)     
[2026-04-03T01:00:20.284+0600][36.593s][info][gc,heap     ] GC(26) y:   Garbage:         -               743M (19%)         743M (19%)           6M (0%)     
[2026-04-03T01:00:20.284+0600][36.593s][info][gc,heap     ] GC(26) y: Allocated:         -               334M (9%)          352M (9%)          492M (13%)    
[2026-04-03T01:00:20.284+0600][36.593s][info][gc,heap     ] GC(26) y: Reclaimed:         -                  -                 0M (0%)          736M (19%)    
[2026-04-03T01:00:20.284+0600][36.593s][info][gc,heap     ] GC(26) y:  Promoted:         -                  -                 0M (0%)            0M (0%)     
[2026-04-03T01:00:20.284+0600][36.593s][info][gc,heap     ] GC(26) y: Compacted:         -                  -                  -                19M (0%)     
[2026-04-03T01:00:20.284+0600][36.593s][info][gc,phases   ] GC(26) y: Young Generation 1530M(39%)->1286M(33%) 0.418s
[2026-04-03T01:00:20.284+0600][36.594s][info][gc          ] GC(26) Minor Collection (Allocation Rate) 1530M(39%)->1286M(33%) 0.418s
[2026-04-03T01:00:20.974+0600][37.284s][info][gc          ] GC(27) Minor Collection (Allocation Rate)
[2026-04-03T01:00:20.974+0600][37.284s][info][gc,task     ] GC(27) Using 2 Workers for Young Generation
[2026-04-03T01:00:20.974+0600][37.284s][info][gc,phases   ] GC(27) y: Young Generation
[2026-04-03T01:00:20.975+0600][37.285s][info][gc,phases   ] GC(27) y: Pause Mark Start 0.485ms
[2026-04-03T01:00:21.284+0600][37.594s][info][gc,phases   ] GC(27) y: Concurrent Mark 307.615ms
[2026-04-03T01:00:21.285+0600][37.594s][info][gc,phases   ] GC(27) y: Pause Mark End 0.049ms
[2026-04-03T01:00:21.285+0600][37.595s][info][gc,phases   ] GC(27) y: Concurrent Mark Free 0.004ms
[2026-04-03T01:00:21.285+0600][37.595s][info][gc,phases   ] GC(27) y: Concurrent Reset Relocation Set 0.052ms
[2026-04-03T01:00:21.289+0600][37.599s][info][gc,reloc    ] GC(27) y: Using tenuring threshold: 3 (Computed)
[2026-04-03T01:00:21.312+0600][37.622s][info][gc,phases   ] GC(27) y: Concurrent Select Relocation Set 26.845ms
[2026-04-03T01:00:21.313+0600][37.623s][info][gc,phases   ] GC(27) y: Pause Relocate Start 0.040ms
[2026-04-03T01:00:21.464+0600][37.774s][info][gc,phases   ] GC(27) y: Concurrent Relocate 150.340ms
[2026-04-03T01:00:21.464+0600][37.774s][info][gc,alloc    ] GC(27) y:                         Mark Start        Mark End      Relocate Start    Relocate End   
[2026-04-03T01:00:21.464+0600][37.774s][info][gc,alloc    ] GC(27) y: Allocation Stalls:          0                0                0                0         
[2026-04-03T01:00:21.464+0600][37.774s][info][gc,load     ] GC(27) y: Load: 6.99 (58%) / 2.95 (25%) / 1.86 (16%)
[2026-04-03T01:00:21.464+0600][37.774s][info][gc,mmu      ] GC(27) y: MMU: 2ms/75.7%, 5ms/90.3%, 10ms/95.1%, 20ms/97.6%, 50ms/99.0%, 100ms/99.5%
[2026-04-03T01:00:21.464+0600][37.774s][info][gc,marking  ] GC(27) y: Mark: 2 stripe(s), 2 proactive flush(es), 1 terminate flush(es), 0 completion(s), 0 continuation(s) 
[2026-04-03T01:00:21.464+0600][37.774s][info][gc,marking  ] GC(27) y: Mark Stack Usage: 32M
[2026-04-03T01:00:21.464+0600][37.774s][info][gc,nmethod  ] GC(27) y: NMethods: 3113 registered, 0 unregistered
[2026-04-03T01:00:21.464+0600][37.774s][info][gc,metaspace] GC(27) y: Metaspace: 9M used, 10M committed, 1088M reserved
[2026-04-03T01:00:21.464+0600][37.774s][info][gc,reloc    ] GC(27) y:                        Candidates     Selected     In-Place         Size        Empty    Relocated 
[2026-04-03T01:00:21.464+0600][37.774s][info][gc,reloc    ] GC(27) y: Small Pages:                  636          609            0        1272M           0M          30M 
[2026-04-03T01:00:21.464+0600][37.774s][info][gc,reloc    ] GC(27) y: Medium Pages:                   0            0            0           0M           0M           0M 
[2026-04-03T01:00:21.464+0600][37.774s][info][gc,reloc    ] GC(27) y: Large Pages:                    0            0            0           0M           0M           0M 
[2026-04-03T01:00:21.464+0600][37.774s][info][gc,reloc    ] GC(27) y: Forwarding Usage: 13M
[2026-04-03T01:00:21.464+0600][37.774s][info][gc,reloc    ] GC(27) y: Age Table:
[2026-04-03T01:00:21.464+0600][37.774s][info][gc,reloc    ] GC(27) y:                    Live             Garbage             Small              Medium             Large        
[2026-04-03T01:00:21.465+0600][37.774s][info][gc,reloc    ] GC(27) y: Eden              22M (1%)         1137M (29%)        580 / 569            0 / 0              0 / 0        
[2026-04-03T01:00:21.465+0600][37.774s][info][gc,reloc    ] GC(27) y: Survivor 1         8M (0%)           29M (1%)          19 / 12             0 / 0              0 / 0        
[2026-04-03T01:00:21.465+0600][37.774s][info][gc,reloc    ] GC(27) y: Survivor 2         8M (0%)           31M (1%)          20 / 14             0 / 0              0 / 0        
[2026-04-03T01:00:21.465+0600][37.774s][info][gc,reloc    ] GC(27) y: Survivor 3         5M (0%)           28M (1%)          17 / 14             0 / 0              0 / 0        
[2026-04-03T01:00:21.465+0600][37.774s][info][gc,heap     ] GC(27) y: Min Capacity: 8M(0%)
[2026-04-03T01:00:21.465+0600][37.774s][info][gc,heap     ] GC(27) y: Max Capacity: 3922M(100%)
[2026-04-03T01:00:21.465+0600][37.774s][info][gc,heap     ] GC(27) y: Soft Max Capacity: 3529M(90%)
[2026-04-03T01:00:21.465+0600][37.774s][info][gc,heap     ] GC(27) y: Heap Statistics:
[2026-04-03T01:00:21.465+0600][37.774s][info][gc,heap     ] GC(27) y:                Mark Start          Mark End        Relocate Start      Relocate End           High               Low         
[2026-04-03T01:00:21.465+0600][37.775s][info][gc,heap     ] GC(27) y:  Capacity:     3140M (80%)        3140M (80%)        3140M (80%)        3140M (80%)        3140M (80%)        3140M (80%)    
[2026-04-03T01:00:21.465+0600][37.775s][info][gc,heap     ] GC(27) y:      Free:     1898M (48%)        1586M (40%)        1558M (40%)        2556M (65%)        2610M (67%)        1504M (38%)    
[2026-04-03T01:00:21.465+0600][37.775s][info][gc,heap     ] GC(27) y:      Used:     2024M (52%)        2336M (60%)        2364M (60%)        1366M (35%)        2418M (62%)        1312M (33%)    
[2026-04-03T01:00:21.465+0600][37.775s][info][gc,heap     ] GC(27) y: Young Generation Statistics:
[2026-04-03T01:00:21.465+0600][37.775s][info][gc,heap     ] GC(27) y:                Mark Start          Mark End        Relocate Start      Relocate End    
[2026-04-03T01:00:21.465+0600][37.775s][info][gc,heap     ] GC(27) y:      Used:     1272M (32%)        1584M (40%)        1608M (41%)         606M (15%)    
[2026-04-03T01:00:21.465+0600][37.775s][info][gc,heap     ] GC(27) y:      Live:         -                45M (1%)           42M (1%)           39M (1%)     
[2026-04-03T01:00:21.465+0600][37.775s][info][gc,heap     ] GC(27) y:   Garbage:         -              1226M (31%)        1225M (31%)           0M (0%)     
[2026-04-03T01:00:21.465+0600][37.775s][info][gc,heap     ] GC(27) y: Allocated:         -               312M (8%)          340M (9%)          565M (14%)    
[2026-04-03T01:00:21.465+0600][37.775s][info][gc,heap     ] GC(27) y: Reclaimed:         -                  -                 1M (0%)         1225M (31%)    
[2026-04-03T01:00:21.465+0600][37.775s][info][gc,heap     ] GC(27) y:  Promoted:         -                  -                 2M (0%)            5M (0%)     
[2026-04-03T01:00:21.465+0600][37.775s][info][gc,heap     ] GC(27) y: Compacted:         -                  -                  -                38M (1%)     
[2026-04-03T01:00:21.465+0600][37.775s][info][gc,phases   ] GC(27) y: Young Generation 2024M(52%)->1366M(35%) 0.490s
[2026-04-03T01:00:21.465+0600][37.775s][info][gc          ] GC(27) Minor Collection (Allocation Rate) 2024M(52%)->1366M(35%) 0.491s
[2026-04-03T01:00:22.095+0600][38.405s][info][gc          ] GC(28) Minor Collection (Allocation Rate)
[2026-04-03T01:00:22.095+0600][38.405s][info][gc,task     ] GC(28) Using 2 Workers for Young Generation
[2026-04-03T01:00:22.095+0600][38.405s][info][gc,phases   ] GC(28) y: Young Generation
[2026-04-03T01:00:22.096+0600][38.405s][info][gc,phases   ] GC(28) y: Pause Mark Start 0.054ms
[2026-04-03T01:00:22.548+0600][38.857s][info][gc,phases   ] GC(28) y: Concurrent Mark 445.765ms
[2026-04-03T01:00:22.548+0600][38.858s][info][gc,phases   ] GC(28) y: Pause Mark End 0.031ms
[2026-04-03T01:00:22.548+0600][38.858s][info][gc,phases   ] GC(28) y: Concurrent Mark Free 0.002ms
[2026-04-03T01:00:22.548+0600][38.858s][info][gc,phases   ] GC(28) y: Concurrent Reset Relocation Set 0.093ms
[2026-04-03T01:00:22.552+0600][38.862s][info][gc,reloc    ] GC(28) y: Using tenuring threshold: 3 (Computed)
[2026-04-03T01:00:22.568+0600][38.878s][info][gc,phases   ] GC(28) y: Concurrent Select Relocation Set 19.834ms
[2026-04-03T01:00:22.569+0600][38.878s][info][gc,phases   ] GC(28) y: Pause Relocate Start 0.043ms
[2026-04-03T01:00:22.700+0600][39.009s][info][gc,phases   ] GC(28) y: Concurrent Relocate 130.875ms
[2026-04-03T01:00:22.700+0600][39.010s][info][gc,alloc    ] GC(28) y:                         Mark Start        Mark End      Relocate Start    Relocate End   
[2026-04-03T01:00:22.700+0600][39.010s][info][gc,alloc    ] GC(28) y: Allocation Stalls:          0                0                0                0         
[2026-04-03T01:00:22.700+0600][39.010s][info][gc,load     ] GC(28) y: Load: 6.99 (58%) / 2.95 (25%) / 1.86 (16%)
[2026-04-03T01:00:22.700+0600][39.010s][info][gc,mmu      ] GC(28) y: MMU: 2ms/75.7%, 5ms/90.3%, 10ms/95.1%, 20ms/97.6%, 50ms/99.0%, 100ms/99.5%
[2026-04-03T01:00:22.700+0600][39.010s][info][gc,marking  ] GC(28) y: Mark: 2 stripe(s), 2 proactive flush(es), 1 terminate flush(es), 0 completion(s), 0 continuation(s) 
[2026-04-03T01:00:22.700+0600][39.010s][info][gc,marking  ] GC(28) y: Mark Stack Usage: 32M
[2026-04-03T01:00:22.700+0600][39.010s][info][gc,nmethod  ] GC(28) y: NMethods: 3135 registered, 0 unregistered
[2026-04-03T01:00:22.700+0600][39.010s][info][gc,metaspace] GC(28) y: Metaspace: 9M used, 10M committed, 1088M reserved
[2026-04-03T01:00:22.700+0600][39.010s][info][gc,reloc    ] GC(28) y:                        Candidates     Selected     In-Place         Size        Empty    Relocated 
[2026-04-03T01:00:22.700+0600][39.010s][info][gc,reloc    ] GC(28) y: Small Pages:                  698          668            0        1396M           0M          30M 
[2026-04-03T01:00:22.700+0600][39.010s][info][gc,reloc    ] GC(28) y: Medium Pages:                   0            0            0           0M           0M           0M 
[2026-04-03T01:00:22.700+0600][39.010s][info][gc,reloc    ] GC(28) y: Large Pages:                    0            0            0           0M           0M           0M 
[2026-04-03T01:00:22.700+0600][39.010s][info][gc,reloc    ] GC(28) y: Forwarding Usage: 12M
[2026-04-03T01:00:22.700+0600][39.010s][info][gc,reloc    ] GC(28) y: Age Table:
[2026-04-03T01:00:22.700+0600][39.010s][info][gc,reloc    ] GC(28) y:                    Live             Garbage             Small              Medium             Large        
[2026-04-03T01:00:22.700+0600][39.010s][info][gc,reloc    ] GC(28) y: Eden              24M (1%)         1255M (32%)        640 / 626            0 / 0              0 / 0        
[2026-04-03T01:00:22.700+0600][39.010s][info][gc,reloc    ] GC(28) y: Survivor 1        12M (0%)           35M (1%)          24 / 15             0 / 0              0 / 0        
[2026-04-03T01:00:22.700+0600][39.010s][info][gc,reloc    ] GC(28) y: Survivor 2         6M (0%)           27M (1%)          17 / 14             0 / 0              0 / 0        
[2026-04-03T01:00:22.700+0600][39.010s][info][gc,reloc    ] GC(28) y: Survivor 3         7M (0%)           26M (1%)          17 / 13             0 / 0              0 / 0        
[2026-04-03T01:00:22.700+0600][39.010s][info][gc,heap     ] GC(28) y: Min Capacity: 8M(0%)
[2026-04-03T01:00:22.700+0600][39.010s][info][gc,heap     ] GC(28) y: Max Capacity: 3922M(100%)
[2026-04-03T01:00:22.700+0600][39.010s][info][gc,heap     ] GC(28) y: Soft Max Capacity: 3529M(90%)
[2026-04-03T01:00:22.700+0600][39.010s][info][gc,heap     ] GC(28) y: Heap Statistics:
[2026-04-03T01:00:22.700+0600][39.010s][info][gc,heap     ] GC(28) y:                Mark Start          Mark End        Relocate Start      Relocate End           High               Low         
[2026-04-03T01:00:22.700+0600][39.010s][info][gc,heap     ] GC(28) y:  Capacity:     3140M (80%)        3140M (80%)        3140M (80%)        3140M (80%)        3140M (80%)        3140M (80%)    
[2026-04-03T01:00:22.700+0600][39.010s][info][gc,heap     ] GC(28) y:      Free:     1766M (45%)        1302M (33%)        1276M (33%)        2388M (61%)        2454M (63%)        1240M (32%)    
[2026-04-03T01:00:22.700+0600][39.010s][info][gc,heap     ] GC(28) y:      Used:     2156M (55%)        2620M (67%)        2646M (67%)        1534M (39%)        2682M (68%)        1468M (37%)    
[2026-04-03T01:00:22.700+0600][39.010s][info][gc,heap     ] GC(28) y: Young Generation Statistics:
[2026-04-03T01:00:22.700+0600][39.010s][info][gc,heap     ] GC(28) y:                Mark Start          Mark End        Relocate Start      Relocate End    
[2026-04-03T01:00:22.700+0600][39.010s][info][gc,heap     ] GC(28) y:      Used:     1396M (36%)        1860M (47%)        1878M (48%)         762M (19%)    
[2026-04-03T01:00:22.700+0600][39.010s][info][gc,heap     ] GC(28) y:      Live:         -                50M (1%)           44M (1%)           42M (1%)     
[2026-04-03T01:00:22.700+0600][39.010s][info][gc,heap     ] GC(28) y:   Garbage:         -              1345M (34%)        1343M (34%)           2M (0%)     
[2026-04-03T01:00:22.700+0600][39.010s][info][gc,heap     ] GC(28) y: Allocated:         -               464M (12%)         490M (12%)         716M (18%)    
[2026-04-03T01:00:22.700+0600][39.010s][info][gc,heap     ] GC(28) y: Reclaimed:         -                  -                 1M (0%)         1343M (34%)    
[2026-04-03T01:00:22.700+0600][39.010s][info][gc,heap     ] GC(28) y:  Promoted:         -                  -                 6M (0%)            7M (0%)     
[2026-04-03T01:00:22.700+0600][39.010s][info][gc,heap     ] GC(28) y: Compacted:         -                  -                  -                37M (1%)     
[2026-04-03T01:00:22.700+0600][39.010s][info][gc,phases   ] GC(28) y: Young Generation 2156M(55%)->1534M(39%) 0.605s
[2026-04-03T01:00:22.700+0600][39.010s][info][gc          ] GC(28) Minor Collection (Allocation Rate) 2156M(55%)->1534M(39%) 0.605s
[2026-04-03T01:00:22.967+0600][39.277s][info][gc          ] GC(29) Minor Collection (Allocation Rate)
[2026-04-03T01:00:22.967+0600][39.277s][info][gc,task     ] GC(29) Using 2 Workers for Young Generation
[2026-04-03T01:00:22.967+0600][39.277s][info][gc,phases   ] GC(29) y: Young Generation
[2026-04-03T01:00:22.971+0600][39.280s][info][gc,phases   ] GC(29) y: Pause Mark Start 0.035ms
[2026-04-03T01:00:23.450+0600][39.760s][info][gc,phases   ] GC(29) y: Concurrent Mark 479.617ms
[2026-04-03T01:00:23.451+0600][39.761s][info][gc,phases   ] GC(29) y: Pause Mark End 0.043ms
[2026-04-03T01:00:23.451+0600][39.761s][info][gc,phases   ] GC(29) y: Concurrent Mark Free 0.001ms
[2026-04-03T01:00:23.451+0600][39.761s][info][gc,phases   ] GC(29) y: Concurrent Reset Relocation Set 0.117ms
[2026-04-03T01:00:23.455+0600][39.765s][info][gc,reloc    ] GC(29) y: Using tenuring threshold: 3 (Computed)
[2026-04-03T01:00:23.477+0600][39.786s][info][gc,phases   ] GC(29) y: Concurrent Select Relocation Set 25.445ms
[2026-04-03T01:00:23.480+0600][39.790s][info][gc,phases   ] GC(29) y: Pause Relocate Start 0.033ms
[2026-04-03T01:00:23.591+0600][39.901s][info][gc,phases   ] GC(29) y: Concurrent Relocate 110.200ms
[2026-04-03T01:00:23.591+0600][39.901s][info][gc,alloc    ] GC(29) y:                         Mark Start        Mark End      Relocate Start    Relocate End   
[2026-04-03T01:00:23.591+0600][39.901s][info][gc,alloc    ] GC(29) y: Allocation Stalls:          0                0                0                0         
[2026-04-03T01:00:23.591+0600][39.901s][info][gc,load     ] GC(29) y: Load: 6.99 (58%) / 2.95 (25%) / 1.86 (16%)
[2026-04-03T01:00:23.591+0600][39.901s][info][gc,mmu      ] GC(29) y: MMU: 2ms/75.7%, 5ms/90.3%, 10ms/95.1%, 20ms/97.6%, 50ms/99.0%, 100ms/99.5%
[2026-04-03T01:00:23.591+0600][39.901s][info][gc,marking  ] GC(29) y: Mark: 2 stripe(s), 2 proactive flush(es), 1 terminate flush(es), 0 completion(s), 0 continuation(s) 
[2026-04-03T01:00:23.591+0600][39.901s][info][gc,marking  ] GC(29) y: Mark Stack Usage: 32M
[2026-04-03T01:00:23.591+0600][39.901s][info][gc,nmethod  ] GC(29) y: NMethods: 3137 registered, 0 unregistered
[2026-04-03T01:00:23.591+0600][39.901s][info][gc,metaspace] GC(29) y: Metaspace: 9M used, 10M committed, 1088M reserved
[2026-04-03T01:00:23.591+0600][39.901s][info][gc,reloc    ] GC(29) y:                        Candidates     Selected     In-Place         Size        Empty    Relocated 
[2026-04-03T01:00:23.591+0600][39.901s][info][gc,reloc    ] GC(29) y: Small Pages:                  568          536            0        1136M           0M          24M 
[2026-04-03T01:00:23.591+0600][39.901s][info][gc,reloc    ] GC(29) y: Medium Pages:                   0            0            0           0M           0M           0M 
[2026-04-03T01:00:23.591+0600][39.901s][info][gc,reloc    ] GC(29) y: Large Pages:                    0            0            0           0M           0M           0M 
[2026-04-03T01:00:23.591+0600][39.901s][info][gc,reloc    ] GC(29) y: Forwarding Usage: 8M
[2026-04-03T01:00:23.591+0600][39.901s][info][gc,reloc    ] GC(29) y: Age Table:
[2026-04-03T01:00:23.591+0600][39.901s][info][gc,reloc    ] GC(29) y:                    Live             Garbage             Small              Medium             Large        
[2026-04-03T01:00:23.591+0600][39.901s][info][gc,reloc    ] GC(29) y: Eden              20M (1%)          997M (25%)        509 / 499            0 / 0              0 / 0        
[2026-04-03T01:00:23.591+0600][39.901s][info][gc,reloc    ] GC(29) y: Survivor 1        14M (0%)           31M (1%)          23 / 10             0 / 0              0 / 0        
[2026-04-03T01:00:23.592+0600][39.901s][info][gc,reloc    ] GC(29) y: Survivor 2        10M (0%)           29M (1%)          20 / 15             0 / 0              0 / 0        
[2026-04-03T01:00:23.592+0600][39.901s][info][gc,reloc    ] GC(29) y: Survivor 3         5M (0%)           26M (1%)          16 / 12             0 / 0              0 / 0        
[2026-04-03T01:00:23.592+0600][39.901s][info][gc,heap     ] GC(29) y: Min Capacity: 8M(0%)
[2026-04-03T01:00:23.592+0600][39.901s][info][gc,heap     ] GC(29) y: Max Capacity: 3922M(100%)
[2026-04-03T01:00:23.592+0600][39.901s][info][gc,heap     ] GC(29) y: Soft Max Capacity: 3529M(90%)
[2026-04-03T01:00:23.592+0600][39.901s][info][gc,heap     ] GC(29) y: Heap Statistics:
[2026-04-03T01:00:23.592+0600][39.901s][info][gc,heap     ] GC(29) y:                Mark Start          Mark End        Relocate Start      Relocate End           High               Low         
[2026-04-03T01:00:23.592+0600][39.901s][info][gc,heap     ] GC(29) y:  Capacity:     3140M (80%)        3140M (80%)        3140M (80%)        3140M (80%)        3140M (80%)        3140M (80%)    
[2026-04-03T01:00:23.592+0600][39.901s][info][gc,heap     ] GC(29) y:      Free:     2014M (51%)        1490M (38%)        1452M (37%)        2350M (60%)        2370M (60%)        1372M (35%)    
[2026-04-03T01:00:23.592+0600][39.901s][info][gc,heap     ] GC(29) y:      Used:     1908M (49%)        2432M (62%)        2470M (63%)        1572M (40%)        2550M (65%)        1552M (40%)    
[2026-04-03T01:00:23.592+0600][39.901s][info][gc,heap     ] GC(29) y: Young Generation Statistics:
[2026-04-03T01:00:23.592+0600][39.902s][info][gc,heap     ] GC(29) y:                Mark Start          Mark End        Relocate Start      Relocate End    
[2026-04-03T01:00:23.592+0600][39.902s][info][gc,heap     ] GC(29) y:      Used:     1136M (29%)        1660M (42%)        1692M (43%)         790M (20%)    
[2026-04-03T01:00:23.592+0600][39.902s][info][gc,heap     ] GC(29) y:      Live:         -                50M (1%)           46M (1%)           45M (1%)     
[2026-04-03T01:00:23.592+0600][39.902s][info][gc,heap     ] GC(29) y:   Garbage:         -              1085M (28%)        1083M (28%)           7M (0%)     
[2026-04-03T01:00:23.592+0600][39.902s][info][gc,heap     ] GC(29) y: Allocated:         -               524M (13%)         562M (14%)         737M (19%)    
[2026-04-03T01:00:23.592+0600][39.902s][info][gc,heap     ] GC(29) y: Reclaimed:         -                  -                 1M (0%)         1077M (27%)    
[2026-04-03T01:00:23.592+0600][39.902s][info][gc,heap     ] GC(29) y:  Promoted:         -                  -                 4M (0%)            5M (0%)     
[2026-04-03T01:00:23.592+0600][39.902s][info][gc,heap     ] GC(29) y: Compacted:         -                  -                  -                26M (1%)     
[2026-04-03T01:00:23.592+0600][39.902s][info][gc,phases   ] GC(29) y: Young Generation 1904M(49%)->1572M(40%) 0.624s
[2026-04-03T01:00:23.592+0600][39.902s][info][gc          ] GC(29) Minor Collection (Allocation Rate) 1904M(49%)->1572M(40%) 0.625s
[2026-04-03T01:00:23.765+0600][40.074s][info][gc          ] GC(30) Minor Collection (Allocation Rate)
[2026-04-03T01:00:23.765+0600][40.075s][info][gc,task     ] GC(30) Using 2 Workers for Young Generation
[2026-04-03T01:00:23.765+0600][40.075s][info][gc,phases   ] GC(30) y: Young Generation
[2026-04-03T01:00:23.765+0600][40.075s][info][gc,phases   ] GC(30) y: Pause Mark Start 0.032ms
[2026-04-03T01:00:24.171+0600][40.481s][info][gc,phases   ] GC(30) y: Concurrent Mark 405.883ms
[2026-04-03T01:00:24.172+0600][40.482s][info][gc,phases   ] GC(30) y: Pause Mark End 0.041ms
[2026-04-03T01:00:24.175+0600][40.485s][info][gc,phases   ] GC(30) y: Concurrent Mark Free 0.004ms
[2026-04-03T01:00:24.175+0600][40.485s][info][gc,phases   ] GC(30) y: Concurrent Reset Relocation Set 0.083ms
[2026-04-03T01:00:24.182+0600][40.492s][info][gc,reloc    ] GC(30) y: Using tenuring threshold: 3 (Computed)
[2026-04-03T01:00:24.201+0600][40.511s][info][gc,phases   ] GC(30) y: Concurrent Select Relocation Set 25.590ms
[2026-04-03T01:00:24.201+0600][40.511s][info][gc,phases   ] GC(30) y: Pause Relocate Start 0.031ms
[2026-04-03T01:00:24.320+0600][40.630s][info][gc,phases   ] GC(30) y: Concurrent Relocate 114.477ms
[2026-04-03T01:00:24.320+0600][40.630s][info][gc,alloc    ] GC(30) y:                         Mark Start        Mark End      Relocate Start    Relocate End   
[2026-04-03T01:00:24.320+0600][40.630s][info][gc,alloc    ] GC(30) y: Allocation Stalls:          0                0                0                0         
[2026-04-03T01:00:24.320+0600][40.630s][info][gc,load     ] GC(30) y: Load: 7.63 (64%) / 3.15 (26%) / 1.93 (16%)
[2026-04-03T01:00:24.320+0600][40.630s][info][gc,mmu      ] GC(30) y: MMU: 2ms/75.7%, 5ms/90.3%, 10ms/95.1%, 20ms/97.6%, 50ms/99.0%, 100ms/99.5%
[2026-04-03T01:00:24.320+0600][40.630s][info][gc,marking  ] GC(30) y: Mark: 2 stripe(s), 2 proactive flush(es), 1 terminate flush(es), 0 completion(s), 0 continuation(s) 
[2026-04-03T01:00:24.320+0600][40.630s][info][gc,marking  ] GC(30) y: Mark Stack Usage: 32M
[2026-04-03T01:00:24.320+0600][40.630s][info][gc,nmethod  ] GC(30) y: NMethods: 3165 registered, 0 unregistered
[2026-04-03T01:00:24.321+0600][40.630s][info][gc,metaspace] GC(30) y: Metaspace: 9M used, 10M committed, 1088M reserved
[2026-04-03T01:00:24.321+0600][40.630s][info][gc,reloc    ] GC(30) y:                        Candidates     Selected     In-Place         Size        Empty    Relocated 
[2026-04-03T01:00:24.321+0600][40.630s][info][gc,reloc    ] GC(30) y: Small Pages:                  502          470            0        1004M           0M          25M 
[2026-04-03T01:00:24.321+0600][40.630s][info][gc,reloc    ] GC(30) y: Medium Pages:                   0            0            0           0M           0M           0M 
[2026-04-03T01:00:24.321+0600][40.630s][info][gc,reloc    ] GC(30) y: Large Pages:                    0            0            0           0M           0M           0M 
[2026-04-03T01:00:24.321+0600][40.630s][info][gc,reloc    ] GC(30) y: Forwarding Usage: 11M
[2026-04-03T01:00:24.321+0600][40.630s][info][gc,reloc    ] GC(30) y: Age Table:
[2026-04-03T01:00:24.321+0600][40.630s][info][gc,reloc    ] GC(30) y:                    Live             Garbage             Small              Medium             Large        
[2026-04-03T01:00:24.321+0600][40.630s][info][gc,reloc    ] GC(30) y: Eden              18M (0%)          857M (22%)        438 / 429            0 / 0              0 / 0        
[2026-04-03T01:00:24.321+0600][40.630s][info][gc,reloc    ] GC(30) y: Survivor 1        12M (0%)           31M (1%)          22 / 12             0 / 0              0 / 0        
[2026-04-03T01:00:24.321+0600][40.630s][info][gc,reloc    ] GC(30) y: Survivor 2        12M (0%)           33M (1%)          23 / 15             0 / 0              0 / 0        
[2026-04-03T01:00:24.321+0600][40.631s][info][gc,reloc    ] GC(30) y: Survivor 3         9M (0%)           28M (1%)          19 / 14             0 / 0              0 / 0        
[2026-04-03T01:00:24.321+0600][40.631s][info][gc,heap     ] GC(30) y: Min Capacity: 8M(0%)
[2026-04-03T01:00:24.321+0600][40.631s][info][gc,heap     ] GC(30) y: Max Capacity: 3922M(100%)
[2026-04-03T01:00:24.321+0600][40.631s][info][gc,heap     ] GC(30) y: Soft Max Capacity: 3529M(90%)
[2026-04-03T01:00:24.321+0600][40.631s][info][gc,heap     ] GC(30) y: Heap Statistics:
[2026-04-03T01:00:24.321+0600][40.631s][info][gc,heap     ] GC(30) y:                Mark Start          Mark End        Relocate Start      Relocate End           High               Low         
[2026-04-03T01:00:24.321+0600][40.631s][info][gc,heap     ] GC(30) y:  Capacity:     3140M (80%)        3140M (80%)        3140M (80%)        3140M (80%)        3140M (80%)        3140M (80%)    
[2026-04-03T01:00:24.321+0600][40.631s][info][gc,heap     ] GC(30) y:      Free:     2136M (54%)        1728M (44%)        1692M (43%)        2444M (62%)        2494M (64%)        1626M (41%)    
[2026-04-03T01:00:24.321+0600][40.631s][info][gc,heap     ] GC(30) y:      Used:     1786M (46%)        2194M (56%)        2230M (57%)        1478M (38%)        2296M (59%)        1428M (36%)    
[2026-04-03T01:00:24.321+0600][40.631s][info][gc,heap     ] GC(30) y: Young Generation Statistics:
[2026-04-03T01:00:24.321+0600][40.631s][info][gc,heap     ] GC(30) y:                Mark Start          Mark End        Relocate Start      Relocate End    
[2026-04-03T01:00:24.321+0600][40.631s][info][gc,heap     ] GC(30) y:      Used:     1004M (26%)        1412M (36%)        1438M (37%)         682M (17%)    
[2026-04-03T01:00:24.321+0600][40.631s][info][gc,heap     ] GC(30) y:      Live:         -                51M (1%)           43M (1%)           42M (1%)     
[2026-04-03T01:00:24.321+0600][40.631s][info][gc,heap     ] GC(30) y:   Garbage:         -               952M (24%)         950M (24%)           4M (0%)     
[2026-04-03T01:00:24.321+0600][40.631s][info][gc,heap     ] GC(30) y: Allocated:         -               408M (10%)         444M (11%)         634M (16%)    
[2026-04-03T01:00:24.321+0600][40.631s][info][gc,heap     ] GC(30) y: Reclaimed:         -                  -                 2M (0%)          947M (24%)    
[2026-04-03T01:00:24.321+0600][40.631s][info][gc,heap     ] GC(30) y:  Promoted:         -                  -                 7M (0%)            9M (0%)     
[2026-04-03T01:00:24.321+0600][40.631s][info][gc,heap     ] GC(30) y: Compacted:         -                  -                  -                33M (1%)     
[2026-04-03T01:00:24.321+0600][40.631s][info][gc,phases   ] GC(30) y: Young Generation 1786M(46%)->1478M(38%) 0.556s
[2026-04-03T01:00:24.321+0600][40.631s][info][gc          ] GC(30) Minor Collection (Allocation Rate) 1786M(46%)->1478M(38%) 0.556s
[2026-04-03T01:00:24.689+0600][40.999s][info][gc          ] GC(31) Minor Collection (Allocation Rate)
[2026-04-03T01:00:24.689+0600][40.999s][info][gc,task     ] GC(31) Using 2 Workers for Young Generation
[2026-04-03T01:00:24.689+0600][40.999s][info][gc,phases   ] GC(31) y: Young Generation
[2026-04-03T01:00:24.689+0600][40.999s][info][gc,phases   ] GC(31) y: Pause Mark Start 0.053ms
[2026-04-03T01:00:25.056+0600][41.366s][info][gc,phases   ] GC(31) y: Concurrent Mark 360.667ms
[2026-04-03T01:00:25.057+0600][41.367s][info][gc,phases   ] GC(31) y: Pause Mark End 0.026ms
[2026-04-03T01:00:25.063+0600][41.373s][info][gc,phases   ] GC(31) y: Concurrent Mark Free 0.005ms
[2026-04-03T01:00:25.063+0600][41.373s][info][gc,phases   ] GC(31) y: Concurrent Reset Relocation Set 0.089ms
[2026-04-03T01:00:25.067+0600][41.377s][info][gc,reloc    ] GC(31) y: Using tenuring threshold: 3 (Computed)
[2026-04-03T01:00:25.097+0600][41.407s][info][gc,phases   ] GC(31) y: Concurrent Select Relocation Set 34.238ms
[2026-04-03T01:00:25.098+0600][41.408s][info][gc,phases   ] GC(31) y: Pause Relocate Start 0.059ms
[2026-04-03T01:00:25.262+0600][41.572s][info][gc,phases   ] GC(31) y: Concurrent Relocate 163.301ms
[2026-04-03T01:00:25.262+0600][41.572s][info][gc,alloc    ] GC(31) y:                         Mark Start        Mark End      Relocate Start    Relocate End   
[2026-04-03T01:00:25.262+0600][41.572s][info][gc,alloc    ] GC(31) y: Allocation Stalls:          0                0                0                0         
[2026-04-03T01:00:25.262+0600][41.572s][info][gc,load     ] GC(31) y: Load: 7.63 (64%) / 3.15 (26%) / 1.93 (16%)
[2026-04-03T01:00:25.262+0600][41.572s][info][gc,mmu      ] GC(31) y: MMU: 2ms/75.7%, 5ms/90.3%, 10ms/95.1%, 20ms/97.6%, 50ms/99.0%, 100ms/99.5%
[2026-04-03T01:00:25.262+0600][41.572s][info][gc,marking  ] GC(31) y: Mark: 2 stripe(s), 2 proactive flush(es), 1 terminate flush(es), 0 completion(s), 0 continuation(s) 
[2026-04-03T01:00:25.262+0600][41.572s][info][gc,marking  ] GC(31) y: Mark Stack Usage: 32M
[2026-04-03T01:00:25.262+0600][41.572s][info][gc,nmethod  ] GC(31) y: NMethods: 3174 registered, 0 unregistered
[2026-04-03T01:00:25.262+0600][41.572s][info][gc,metaspace] GC(31) y: Metaspace: 9M used, 10M committed, 1088M reserved
[2026-04-03T01:00:25.262+0600][41.572s][info][gc,reloc    ] GC(31) y:                        Candidates     Selected     In-Place         Size        Empty    Relocated 
[2026-04-03T01:00:25.262+0600][41.572s][info][gc,reloc    ] GC(31) y: Small Pages:                  590          561            0        1180M           0M          29M 
[2026-04-03T01:00:25.262+0600][41.572s][info][gc,reloc    ] GC(31) y: Medium Pages:                   0            0            0           0M           0M           0M 
[2026-04-03T01:00:25.262+0600][41.572s][info][gc,reloc    ] GC(31) y: Large Pages:                    0            0            0           0M           0M           0M 
[2026-04-03T01:00:25.262+0600][41.572s][info][gc,reloc    ] GC(31) y: Forwarding Usage: 13M
[2026-04-03T01:00:25.262+0600][41.572s][info][gc,reloc    ] GC(31) y: Age Table:
[2026-04-03T01:00:25.262+0600][41.572s][info][gc,reloc    ] GC(31) y:                    Live             Garbage             Small              Medium             Large        
[2026-04-03T01:00:25.263+0600][41.572s][info][gc,reloc    ] GC(31) y: Eden              20M (1%)         1037M (26%)        529 / 518            0 / 0              0 / 0        
[2026-04-03T01:00:25.263+0600][41.572s][info][gc,reloc    ] GC(31) y: Survivor 1        10M (0%)           31M (1%)          21 / 14             0 / 0              0 / 0        
[2026-04-03T01:00:25.263+0600][41.572s][info][gc,reloc    ] GC(31) y: Survivor 2         9M (0%)           32M (1%)          21 / 15             0 / 0              0 / 0        
[2026-04-03T01:00:25.263+0600][41.572s][info][gc,reloc    ] GC(31) y: Survivor 3        10M (0%)           27M (1%)          19 / 14             0 / 0              0 / 0        
[2026-04-03T01:00:25.263+0600][41.572s][info][gc,heap     ] GC(31) y: Min Capacity: 8M(0%)
[2026-04-03T01:00:25.263+0600][41.572s][info][gc,heap     ] GC(31) y: Max Capacity: 3922M(100%)
[2026-04-03T01:00:25.263+0600][41.572s][info][gc,heap     ] GC(31) y: Soft Max Capacity: 3529M(90%)
[2026-04-03T01:00:25.263+0600][41.572s][info][gc,heap     ] GC(31) y: Heap Statistics:
[2026-04-03T01:00:25.263+0600][41.572s][info][gc,heap     ] GC(31) y:                Mark Start          Mark End        Relocate Start      Relocate End           High               Low         
[2026-04-03T01:00:25.263+0600][41.572s][info][gc,heap     ] GC(31) y:  Capacity:     3140M (80%)        3140M (80%)        3140M (80%)        3140M (80%)        3140M (80%)        3140M (80%)    
[2026-04-03T01:00:25.263+0600][41.572s][info][gc,heap     ] GC(31) y:      Free:     1946M (50%)        1520M (39%)        1478M (38%)        2388M (61%)        2464M (63%)        1424M (36%)    
[2026-04-03T01:00:25.263+0600][41.573s][info][gc,heap     ] GC(31) y:      Used:     1976M (50%)        2402M (61%)        2444M (62%)        1534M (39%)        2498M (64%)        1458M (37%)    
[2026-04-03T01:00:25.263+0600][41.573s][info][gc,heap     ] GC(31) y: Young Generation Statistics:
[2026-04-03T01:00:25.263+0600][41.573s][info][gc,heap     ] GC(31) y:                Mark Start          Mark End        Relocate Start      Relocate End    
[2026-04-03T01:00:25.263+0600][41.573s][info][gc,heap     ] GC(31) y:      Used:     1180M (30%)        1606M (41%)        1638M (42%)         724M (18%)    
[2026-04-03T01:00:25.263+0600][41.573s][info][gc,heap     ] GC(31) y:      Live:         -                50M (1%)           41M (1%)           40M (1%)     
[2026-04-03T01:00:25.263+0600][41.573s][info][gc,heap     ] GC(31) y:   Garbage:         -              1129M (29%)        1128M (29%)           0M (0%)     
[2026-04-03T01:00:25.263+0600][41.573s][info][gc,heap     ] GC(31) y: Allocated:         -               426M (11%)         468M (12%)         683M (17%)    
[2026-04-03T01:00:25.263+0600][41.573s][info][gc,heap     ] GC(31) y: Reclaimed:         -                  -                 1M (0%)         1129M (29%)    
[2026-04-03T01:00:25.263+0600][41.573s][info][gc,heap     ] GC(31) y:  Promoted:         -                  -                 8M (0%)           10M (0%)     
[2026-04-03T01:00:25.263+0600][41.573s][info][gc,heap     ] GC(31) y: Compacted:         -                  -                  -                40M (1%)     
[2026-04-03T01:00:25.263+0600][41.573s][info][gc,phases   ] GC(31) y: Young Generation 1976M(50%)->1534M(39%) 0.573s
[2026-04-03T01:00:25.263+0600][41.573s][info][gc          ] GC(31) Minor Collection (Allocation Rate) 1976M(50%)->1534M(39%) 0.574s
[2026-04-03T01:00:25.935+0600][42.245s][info][gc          ] GC(32) Minor Collection (Allocation Rate)
[2026-04-03T01:00:25.935+0600][42.245s][info][gc,task     ] GC(32) Using 2 Workers for Young Generation
[2026-04-03T01:00:25.935+0600][42.245s][info][gc,phases   ] GC(32) y: Young Generation
[2026-04-03T01:00:25.936+0600][42.245s][info][gc,phases   ] GC(32) y: Pause Mark Start 0.056ms
[2026-04-03T01:00:26.338+0600][42.648s][info][gc,phases   ] GC(32) y: Concurrent Mark 400.087ms
[2026-04-03T01:00:26.339+0600][42.649s][info][gc,phases   ] GC(32) y: Pause Mark End 0.036ms
[2026-04-03T01:00:26.339+0600][42.649s][info][gc,phases   ] GC(32) y: Concurrent Mark Free 0.001ms
[2026-04-03T01:00:26.339+0600][42.649s][info][gc,phases   ] GC(32) y: Concurrent Reset Relocation Set 0.094ms
[2026-04-03T01:00:26.353+0600][42.663s][info][gc,reloc    ] GC(32) y: Using tenuring threshold: 3 (Computed)
[2026-04-03T01:00:26.376+0600][42.686s][info][gc,phases   ] GC(32) y: Concurrent Select Relocation Set 36.565ms
[2026-04-03T01:00:26.377+0600][42.687s][info][gc,phases   ] GC(32) y: Pause Relocate Start 0.037ms
[2026-04-03T01:00:26.500+0600][42.809s][info][gc,phases   ] GC(32) y: Concurrent Relocate 118.812ms
[2026-04-03T01:00:26.500+0600][42.810s][info][gc,alloc    ] GC(32) y:                         Mark Start        Mark End      Relocate Start    Relocate End   
[2026-04-03T01:00:26.500+0600][42.810s][info][gc,alloc    ] GC(32) y: Allocation Stalls:          0                0                0                0         
[2026-04-03T01:00:26.500+0600][42.810s][info][gc,load     ] GC(32) y: Load: 7.63 (64%) / 3.15 (26%) / 1.93 (16%)
[2026-04-03T01:00:26.500+0600][42.810s][info][gc,mmu      ] GC(32) y: MMU: 2ms/75.7%, 5ms/90.3%, 10ms/95.1%, 20ms/97.6%, 50ms/99.0%, 100ms/99.5%
[2026-04-03T01:00:26.500+0600][42.810s][info][gc,marking  ] GC(32) y: Mark: 2 stripe(s), 2 proactive flush(es), 1 terminate flush(es), 0 completion(s), 0 continuation(s) 
[2026-04-03T01:00:26.500+0600][42.810s][info][gc,marking  ] GC(32) y: Mark Stack Usage: 32M
[2026-04-03T01:00:26.500+0600][42.810s][info][gc,nmethod  ] GC(32) y: NMethods: 3241 registered, 0 unregistered
[2026-04-03T01:00:26.500+0600][42.810s][info][gc,metaspace] GC(32) y: Metaspace: 9M used, 10M committed, 1088M reserved
[2026-04-03T01:00:26.500+0600][42.810s][info][gc,reloc    ] GC(32) y:                        Candidates     Selected     In-Place         Size        Empty    Relocated 
[2026-04-03T01:00:26.500+0600][42.810s][info][gc,reloc    ] GC(32) y: Small Pages:                  665          634            0        1330M           0M          27M 
[2026-04-03T01:00:26.500+0600][42.810s][info][gc,reloc    ] GC(32) y: Medium Pages:                   0            0            0           0M           0M           0M 
[2026-04-03T01:00:26.500+0600][42.810s][info][gc,reloc    ] GC(32) y: Large Pages:                    0            0            0           0M           0M           0M 
[2026-04-03T01:00:26.500+0600][42.810s][info][gc,reloc    ] GC(32) y: Forwarding Usage: 9M
[2026-04-03T01:00:26.500+0600][42.810s][info][gc,reloc    ] GC(32) y: Age Table:
[2026-04-03T01:00:26.500+0600][42.810s][info][gc,reloc    ] GC(32) y:                    Live             Garbage             Small              Medium             Large        
[2026-04-03T01:00:26.500+0600][42.810s][info][gc,reloc    ] GC(32) y: Eden              23M (1%)         1196M (31%)        610 / 597            0 / 0              0 / 0        
[2026-04-03T01:00:26.500+0600][42.810s][info][gc,reloc    ] GC(32) y: Survivor 1        11M (0%)           30M (1%)          21 / 11             0 / 0              0 / 0        
[2026-04-03T01:00:26.500+0600][42.810s][info][gc,reloc    ] GC(32) y: Survivor 2         8M (0%)           25M (1%)          17 / 13             0 / 0              0 / 0        
[2026-04-03T01:00:26.500+0600][42.810s][info][gc,reloc    ] GC(32) y: Survivor 3         8M (0%)           25M (1%)          17 / 13             0 / 0              0 / 0        
[2026-04-03T01:00:26.500+0600][42.810s][info][gc,heap     ] GC(32) y: Min Capacity: 8M(0%)
[2026-04-03T01:00:26.500+0600][42.810s][info][gc,heap     ] GC(32) y: Max Capacity: 3922M(100%)
[2026-04-03T01:00:26.500+0600][42.810s][info][gc,heap     ] GC(32) y: Soft Max Capacity: 3529M(90%)
[2026-04-03T01:00:26.500+0600][42.810s][info][gc,heap     ] GC(32) y: Heap Statistics:
[2026-04-03T01:00:26.500+0600][42.810s][info][gc,heap     ] GC(32) y:                Mark Start          Mark End        Relocate Start      Relocate End           High               Low         
[2026-04-03T01:00:26.500+0600][42.810s][info][gc,heap     ] GC(32) y:  Capacity:     3140M (80%)        3140M (80%)        3140M (80%)        3140M (80%)        3140M (80%)        3140M (80%)    
[2026-04-03T01:00:26.500+0600][42.810s][info][gc,heap     ] GC(32) y:      Free:     1782M (45%)        1384M (35%)        1334M (34%)        2412M (61%)        2454M (63%)        1268M (32%)    
[2026-04-03T01:00:26.500+0600][42.810s][info][gc,heap     ] GC(32) y:      Used:     2140M (55%)        2538M (65%)        2588M (66%)        1510M (39%)        2654M (68%)        1468M (37%)    
[2026-04-03T01:00:26.500+0600][42.810s][info][gc,heap     ] GC(32) y: Young Generation Statistics:
[2026-04-03T01:00:26.500+0600][42.810s][info][gc,heap     ] GC(32) y:                Mark Start          Mark End        Relocate Start      Relocate End    
[2026-04-03T01:00:26.500+0600][42.810s][info][gc,heap     ] GC(32) y:      Used:     1330M (34%)        1728M (44%)        1770M (45%)         688M (18%)    
[2026-04-03T01:00:26.500+0600][42.810s][info][gc,heap     ] GC(32) y:      Live:         -                50M (1%)           43M (1%)           42M (1%)     
[2026-04-03T01:00:26.500+0600][42.810s][info][gc,heap     ] GC(32) y:   Garbage:         -              1279M (33%)        1278M (33%)           5M (0%)     
[2026-04-03T01:00:26.500+0600][42.810s][info][gc,heap     ] GC(32) y: Allocated:         -               398M (10%)         448M (11%)         640M (16%)    
[2026-04-03T01:00:26.500+0600][42.810s][info][gc,heap     ] GC(32) y: Reclaimed:         -                  -                 1M (0%)         1273M (32%)    
[2026-04-03T01:00:26.500+0600][42.810s][info][gc,heap     ] GC(32) y:  Promoted:         -                  -                 6M (0%)            8M (0%)     
[2026-04-03T01:00:26.500+0600][42.810s][info][gc,heap     ] GC(32) y: Compacted:         -                  -                  -                29M (1%)     
[2026-04-03T01:00:26.500+0600][42.810s][info][gc,phases   ] GC(32) y: Young Generation 2140M(55%)->1510M(39%) 0.565s
[2026-04-03T01:00:26.500+0600][42.810s][info][gc          ] GC(32) Minor Collection (Allocation Rate) 2140M(55%)->1510M(39%) 0.565s
[2026-04-03T01:00:27.015+0600][43.325s][info][gc          ] GC(33) Minor Collection (Allocation Rate)
[2026-04-03T01:00:27.015+0600][43.325s][info][gc,task     ] GC(33) Using 2 Workers for Young Generation
[2026-04-03T01:00:27.015+0600][43.325s][info][gc,phases   ] GC(33) y: Young Generation
[2026-04-03T01:00:27.016+0600][43.325s][info][gc,phases   ] GC(33) y: Pause Mark Start 0.030ms
[2026-04-03T01:00:27.389+0600][43.699s][info][gc,phases   ] GC(33) y: Concurrent Mark 373.442ms
[2026-04-03T01:00:27.390+0600][43.700s][info][gc,phases   ] GC(33) y: Pause Mark End 0.050ms
[2026-04-03T01:00:27.390+0600][43.700s][info][gc,phases   ] GC(33) y: Concurrent Mark Free 0.003ms
[2026-04-03T01:00:27.391+0600][43.701s][info][gc,phases   ] GC(33) y: Concurrent Reset Relocation Set 0.103ms
[2026-04-03T01:00:27.394+0600][43.704s][info][gc,reloc    ] GC(33) y: Using tenuring threshold: 4 (Computed)
[2026-04-03T01:00:27.401+0600][43.711s][info][gc,phases   ] GC(33) y: Concurrent Select Relocation Set 10.133ms
[2026-04-03T01:00:27.401+0600][43.711s][info][gc,phases   ] GC(33) y: Pause Relocate Start 0.033ms
[2026-04-03T01:00:27.482+0600][43.792s][info][gc,phases   ] GC(33) y: Concurrent Relocate 80.459ms
[2026-04-03T01:00:27.482+0600][43.792s][info][gc,alloc    ] GC(33) y:                         Mark Start        Mark End      Relocate Start    Relocate End   
[2026-04-03T01:00:27.482+0600][43.792s][info][gc,alloc    ] GC(33) y: Allocation Stalls:          0                0                0                0         
[2026-04-03T01:00:27.482+0600][43.792s][info][gc,load     ] GC(33) y: Load: 7.63 (64%) / 3.15 (26%) / 1.93 (16%)
[2026-04-03T01:00:27.482+0600][43.792s][info][gc,mmu      ] GC(33) y: MMU: 2ms/75.7%, 5ms/90.3%, 10ms/95.1%, 20ms/97.6%, 50ms/99.0%, 100ms/99.5%
[2026-04-03T01:00:27.482+0600][43.792s][info][gc,marking  ] GC(33) y: Mark: 2 stripe(s), 2 proactive flush(es), 1 terminate flush(es), 0 completion(s), 0 continuation(s) 
[2026-04-03T01:00:27.482+0600][43.792s][info][gc,marking  ] GC(33) y: Mark Stack Usage: 32M
[2026-04-03T01:00:27.482+0600][43.792s][info][gc,nmethod  ] GC(33) y: NMethods: 3280 registered, 0 unregistered
[2026-04-03T01:00:27.482+0600][43.792s][info][gc,metaspace] GC(33) y: Metaspace: 9M used, 10M committed, 1088M reserved
[2026-04-03T01:00:27.482+0600][43.792s][info][gc,reloc    ] GC(33) y:                        Candidates     Selected     In-Place         Size        Empty    Relocated 
[2026-04-03T01:00:27.482+0600][43.792s][info][gc,reloc    ] GC(33) y: Small Pages:                  678          646            0        1356M           0M          30M 
[2026-04-03T01:00:27.482+0600][43.792s][info][gc,reloc    ] GC(33) y: Medium Pages:                   0            0            0           0M           0M           0M 
[2026-04-03T01:00:27.482+0600][43.792s][info][gc,reloc    ] GC(33) y: Large Pages:                    0            0            0           0M           0M           0M 
[2026-04-03T01:00:27.482+0600][43.792s][info][gc,reloc    ] GC(33) y: Forwarding Usage: 12M
[2026-04-03T01:00:27.482+0600][43.792s][info][gc,reloc    ] GC(33) y: Age Table:
[2026-04-03T01:00:27.482+0600][43.792s][info][gc,reloc    ] GC(33) y:                    Live             Garbage             Small              Medium             Large        
[2026-04-03T01:00:27.482+0600][43.792s][info][gc,reloc    ] GC(33) y: Eden              23M (1%)         1212M (31%)        618 / 604            0 / 0              0 / 0        
[2026-04-03T01:00:27.482+0600][43.792s][info][gc,reloc    ] GC(33) y: Survivor 1        12M (0%)           33M (1%)          23 / 15             0 / 0              0 / 0        
[2026-04-03T01:00:27.482+0600][43.792s][info][gc,reloc    ] GC(33) y: Survivor 2         8M (0%)           31M (1%)          20 / 16             0 / 0              0 / 0        
[2026-04-03T01:00:27.482+0600][43.792s][info][gc,reloc    ] GC(33) y: Survivor 3         6M (0%)           27M (1%)          17 / 11             0 / 0              0 / 0        
[2026-04-03T01:00:27.482+0600][43.792s][info][gc,heap     ] GC(33) y: Min Capacity: 8M(0%)
[2026-04-03T01:00:27.482+0600][43.792s][info][gc,heap     ] GC(33) y: Max Capacity: 3922M(100%)
[2026-04-03T01:00:27.482+0600][43.792s][info][gc,heap     ] GC(33) y: Soft Max Capacity: 3529M(90%)
[2026-04-03T01:00:27.482+0600][43.792s][info][gc,heap     ] GC(33) y: Heap Statistics:
[2026-04-03T01:00:27.482+0600][43.792s][info][gc,heap     ] GC(33) y:                Mark Start          Mark End        Relocate Start      Relocate End           High               Low         
[2026-04-03T01:00:27.482+0600][43.792s][info][gc,heap     ] GC(33) y:  Capacity:     3140M (80%)        3140M (80%)        3140M (80%)        3140M (80%)        3140M (80%)        3140M (80%)    
[2026-04-03T01:00:27.482+0600][43.792s][info][gc,heap     ] GC(33) y:      Free:     1744M (44%)        1306M (33%)        1298M (33%)        2438M (62%)        2450M (62%)        1284M (33%)    
[2026-04-03T01:00:27.482+0600][43.792s][info][gc,heap     ] GC(33) y:      Used:     2178M (56%)        2616M (67%)        2624M (67%)        1484M (38%)        2638M (67%)        1472M (38%)    
[2026-04-03T01:00:27.482+0600][43.792s][info][gc,heap     ] GC(33) y: Young Generation Statistics:
[2026-04-03T01:00:27.482+0600][43.792s][info][gc,heap     ] GC(33) y:                Mark Start          Mark End        Relocate Start      Relocate End    
[2026-04-03T01:00:27.482+0600][43.792s][info][gc,heap     ] GC(33) y:      Used:     1356M (35%)        1794M (46%)        1802M (46%)         662M (17%)    
[2026-04-03T01:00:27.482+0600][43.792s][info][gc,heap     ] GC(33) y:      Live:         -                52M (1%)           52M (1%)           52M (1%)     
[2026-04-03T01:00:27.482+0600][43.792s][info][gc,heap     ] GC(33) y:   Garbage:         -              1303M (33%)        1303M (33%)           5M (0%)     
[2026-04-03T01:00:27.482+0600][43.792s][info][gc,heap     ] GC(33) y: Allocated:         -               438M (11%)         446M (11%)         604M (15%)    
[2026-04-03T01:00:27.482+0600][43.792s][info][gc,heap     ] GC(33) y: Reclaimed:         -                  -                 0M (0%)         1298M (33%)    
[2026-04-03T01:00:27.482+0600][43.792s][info][gc,heap     ] GC(33) y:  Promoted:         -                  -                 0M (0%)            0M (0%)     
[2026-04-03T01:00:27.482+0600][43.792s][info][gc,heap     ] GC(33) y: Compacted:         -                  -                  -                39M (1%)     
[2026-04-03T01:00:27.482+0600][43.792s][info][gc,phases   ] GC(33) y: Young Generation 2178M(56%)->1484M(38%) 0.467s
[2026-04-03T01:00:27.482+0600][43.792s][info][gc          ] GC(33) Minor Collection (Allocation Rate) 2178M(56%)->1486M(38%) 0.467s
[2026-04-03T01:00:27.981+0600][44.291s][info][gc          ] GC(34) Minor Collection (Allocation Rate)
[2026-04-03T01:00:27.981+0600][44.291s][info][gc,task     ] GC(34) Using 2 Workers for Young Generation
[2026-04-03T01:00:27.981+0600][44.291s][info][gc,phases   ] GC(34) y: Young Generation
[2026-04-03T01:00:27.981+0600][44.291s][info][gc,phases   ] GC(34) y: Pause Mark Start 0.042ms
[2026-04-03T01:00:28.494+0600][44.804s][info][gc,phases   ] GC(34) y: Concurrent Mark 512.039ms
[2026-04-03T01:00:28.494+0600][44.804s][info][gc,phases   ] GC(34) y: Pause Mark End 0.033ms
[2026-04-03T01:00:28.494+0600][44.804s][info][gc,phases   ] GC(34) y: Concurrent Mark Free 0.002ms
[2026-04-03T01:00:28.494+0600][44.804s][info][gc,phases   ] GC(34) y: Concurrent Reset Relocation Set 0.084ms
[2026-04-03T01:00:28.498+0600][44.808s][info][gc,reloc    ] GC(34) y: Using tenuring threshold: 3 (Computed)
[2026-04-03T01:00:28.525+0600][44.835s][info][gc,phases   ] GC(34) y: Concurrent Select Relocation Set 30.403ms
[2026-04-03T01:00:28.528+0600][44.838s][info][gc,phases   ] GC(34) y: Pause Relocate Start 0.047ms
[2026-04-03T01:00:28.664+0600][44.974s][info][gc,phases   ] GC(34) y: Concurrent Relocate 136.070ms
[2026-04-03T01:00:28.664+0600][44.974s][info][gc,alloc    ] GC(34) y:                         Mark Start        Mark End      Relocate Start    Relocate End   
[2026-04-03T01:00:28.664+0600][44.974s][info][gc,alloc    ] GC(34) y: Allocation Stalls:          0                0                0                0         
[2026-04-03T01:00:28.664+0600][44.974s][info][gc,load     ] GC(34) y: Load: 7.63 (64%) / 3.15 (26%) / 1.93 (16%)
[2026-04-03T01:00:28.664+0600][44.974s][info][gc,mmu      ] GC(34) y: MMU: 2ms/75.7%, 5ms/90.3%, 10ms/95.1%, 20ms/97.6%, 50ms/99.0%, 100ms/99.5%
[2026-04-03T01:00:28.664+0600][44.974s][info][gc,marking  ] GC(34) y: Mark: 2 stripe(s), 2 proactive flush(es), 1 terminate flush(es), 0 completion(s), 0 continuation(s) 
[2026-04-03T01:00:28.664+0600][44.974s][info][gc,marking  ] GC(34) y: Mark Stack Usage: 32M
[2026-04-03T01:00:28.665+0600][44.974s][info][gc,nmethod  ] GC(34) y: NMethods: 3339 registered, 0 unregistered
[2026-04-03T01:00:28.665+0600][44.974s][info][gc,metaspace] GC(34) y: Metaspace: 9M used, 10M committed, 1088M reserved
[2026-04-03T01:00:28.665+0600][44.974s][info][gc,reloc    ] GC(34) y:                        Candidates     Selected     In-Place         Size        Empty    Relocated 
[2026-04-03T01:00:28.665+0600][44.974s][info][gc,reloc    ] GC(34) y: Small Pages:                  684          646            0        1368M           0M          31M 
[2026-04-03T01:00:28.665+0600][44.974s][info][gc,reloc    ] GC(34) y: Medium Pages:                   0            0            0           0M           0M           0M 
[2026-04-03T01:00:28.665+0600][44.974s][info][gc,reloc    ] GC(34) y: Large Pages:                    0            0            0           0M           0M           0M 
[2026-04-03T01:00:28.665+0600][44.974s][info][gc,reloc    ] GC(34) y: Forwarding Usage: 14M
[2026-04-03T01:00:28.665+0600][44.974s][info][gc,reloc    ] GC(34) y: Age Table:
[2026-04-03T01:00:28.665+0600][44.974s][info][gc,reloc    ] GC(34) y:                    Live             Garbage             Small              Medium             Large        
[2026-04-03T01:00:28.665+0600][44.974s][info][gc,reloc    ] GC(34) y: Eden              24M (1%)         1193M (30%)        609 / 595            0 / 0              0 / 0        
[2026-04-03T01:00:28.665+0600][44.975s][info][gc,reloc    ] GC(34) y: Survivor 1        13M (0%)           30M (1%)          22 / 15             0 / 0              0 / 0        
[2026-04-03T01:00:28.665+0600][44.975s][info][gc,reloc    ] GC(34) y: Survivor 2        10M (0%)           27M (1%)          19 / 12             0 / 0              0 / 0        
[2026-04-03T01:00:28.665+0600][44.975s][info][gc,reloc    ] GC(34) y: Survivor 3         7M (0%)           26M (1%)          17 / 13             0 / 0              0 / 0        
[2026-04-03T01:00:28.665+0600][44.975s][info][gc,reloc    ] GC(34) y: Survivor 4         6M (0%)           27M (1%)          17 / 11             0 / 0              0 / 0        
[2026-04-03T01:00:28.665+0600][44.975s][info][gc,heap     ] GC(34) y: Min Capacity: 8M(0%)
[2026-04-03T01:00:28.665+0600][44.975s][info][gc,heap     ] GC(34) y: Max Capacity: 3922M(100%)
[2026-04-03T01:00:28.665+0600][44.975s][info][gc,heap     ] GC(34) y: Soft Max Capacity: 3529M(90%)
[2026-04-03T01:00:28.665+0600][44.975s][info][gc,heap     ] GC(34) y: Heap Statistics:
[2026-04-03T01:00:28.665+0600][44.975s][info][gc,heap     ] GC(34) y:                Mark Start          Mark End        Relocate Start      Relocate End           High               Low         
[2026-04-03T01:00:28.665+0600][44.975s][info][gc,heap     ] GC(34) y:  Capacity:     3140M (80%)        3140M (80%)        3140M (80%)        3140M (80%)        3140M (80%)        3140M (80%)    
[2026-04-03T01:00:28.665+0600][44.975s][info][gc,heap     ] GC(34) y:      Free:     1732M (44%)        1070M (27%)        1024M (26%)        2118M (54%)        2192M (56%)        1006M (26%)    
[2026-04-03T01:00:28.665+0600][44.975s][info][gc,heap     ] GC(34) y:      Used:     2190M (56%)        2852M (73%)        2898M (74%)        1804M (46%)        2916M (74%)        1730M (44%)    
[2026-04-03T01:00:28.665+0600][44.975s][info][gc,heap     ] GC(34) y: Young Generation Statistics:
[2026-04-03T01:00:28.665+0600][44.975s][info][gc,heap     ] GC(34) y:                Mark Start          Mark End        Relocate Start      Relocate End    
[2026-04-03T01:00:28.665+0600][44.975s][info][gc,heap     ] GC(34) y:      Used:     1368M (35%)        2030M (52%)        2062M (53%)         962M (25%)    
[2026-04-03T01:00:28.665+0600][44.975s][info][gc,heap     ] GC(34) y:      Live:         -                62M (2%)           52M (1%)           48M (1%)     
[2026-04-03T01:00:28.665+0600][44.975s][info][gc,heap     ] GC(34) y:   Garbage:         -              1305M (33%)        1301M (33%)           3M (0%)     
[2026-04-03T01:00:28.665+0600][44.975s][info][gc,heap     ] GC(34) y: Allocated:         -               662M (17%)         708M (18%)         910M (23%)    
[2026-04-03T01:00:28.665+0600][44.975s][info][gc,heap     ] GC(34) y: Reclaimed:         -                  -                 3M (0%)         1301M (33%)    
[2026-04-03T01:00:28.665+0600][44.975s][info][gc,heap     ] GC(34) y:  Promoted:         -                  -                10M (0%)           14M (0%)     
[2026-04-03T01:00:28.665+0600][44.975s][info][gc,heap     ] GC(34) y: Compacted:         -                  -                  -                37M (1%)     
[2026-04-03T01:00:28.665+0600][44.975s][info][gc,phases   ] GC(34) y: Young Generation 2190M(56%)->1804M(46%) 0.683s
[2026-04-03T01:00:28.665+0600][44.975s][info][gc          ] GC(34) Minor Collection (Allocation Rate) 2190M(56%)->1806M(46%) 0.684s
[2026-04-03T01:00:28.675+0600][44.985s][info][gc          ] GC(35) Major Collection (Allocation Rate)
[2026-04-03T01:00:28.675+0600][44.985s][info][gc,task     ] GC(35) Using 3 Workers for Young Generation
[2026-04-03T01:00:28.675+0600][44.985s][info][gc,task     ] GC(35) Using 1 Workers for Old Generation
[2026-04-03T01:00:28.675+0600][44.985s][info][gc,phases   ] GC(35) Y: Young Generation
[2026-04-03T01:00:28.676+0600][44.986s][info][gc,phases   ] GC(35) Y: Pause Mark Start (Major) 0.055ms
[2026-04-03T01:00:29.050+0600][45.360s][info][gc,phases   ] GC(35) Y: Concurrent Mark 367.387ms
[2026-04-03T01:00:29.054+0600][45.364s][info][gc,phases   ] GC(35) Y: Pause Mark End 0.064ms
[2026-04-03T01:00:29.054+0600][45.364s][info][gc,phases   ] GC(35) Y: Concurrent Mark Free 0.002ms
[2026-04-03T01:00:29.054+0600][45.364s][info][gc,phases   ] GC(35) Y: Concurrent Reset Relocation Set 0.113ms
[2026-04-03T01:00:29.058+0600][45.368s][info][gc,reloc    ] GC(35) Y: Using tenuring threshold: 3 (Computed)
[2026-04-03T01:00:29.073+0600][45.383s][info][gc,phases   ] GC(35) Y: Concurrent Select Relocation Set 19.143ms
[2026-04-03T01:00:29.074+0600][45.384s][info][gc,phases   ] GC(35) Y: Pause Relocate Start 0.028ms
[2026-04-03T01:00:29.147+0600][45.457s][info][gc,phases   ] GC(35) Y: Concurrent Relocate 71.946ms
[2026-04-03T01:00:29.147+0600][45.457s][info][gc,alloc    ] GC(35) Y:                         Mark Start        Mark End      Relocate Start    Relocate End   
[2026-04-03T01:00:29.147+0600][45.457s][info][gc,alloc    ] GC(35) Y: Allocation Stalls:          0                0                0                0         
[2026-04-03T01:00:29.147+0600][45.457s][info][gc,load     ] GC(35) Y: Load: 8.38 (70%) / 3.38 (28%) / 2.02 (17%)
[2026-04-03T01:00:29.147+0600][45.457s][info][gc,mmu      ] GC(35) Y: MMU: 2ms/75.7%, 5ms/90.3%, 10ms/95.1%, 20ms/97.6%, 50ms/99.0%, 100ms/99.5%
[2026-04-03T01:00:29.147+0600][45.457s][info][gc,marking  ] GC(35) Y: Mark: 2 stripe(s), 2 proactive flush(es), 1 terminate flush(es), 0 completion(s), 0 continuation(s) 
[2026-04-03T01:00:29.147+0600][45.457s][info][gc,marking  ] GC(35) Y: Mark Stack Usage: 32M
[2026-04-03T01:00:29.147+0600][45.457s][info][gc,nmethod  ] GC(35) Y: NMethods: 3357 registered, 0 unregistered
[2026-04-03T01:00:29.147+0600][45.457s][info][gc,metaspace] GC(35) Y: Metaspace: 9M used, 10M committed, 1088M reserved
[2026-04-03T01:00:29.147+0600][45.457s][info][gc,reloc    ] GC(35) Y:                        Candidates     Selected     In-Place         Size        Empty    Relocated 
[2026-04-03T01:00:29.147+0600][45.457s][info][gc,reloc    ] GC(35) Y: Small Pages:                  487          452            0         974M           0M          22M 
[2026-04-03T01:00:29.147+0600][45.457s][info][gc,reloc    ] GC(35) Y: Medium Pages:                   0            0            0           0M           0M           0M 
[2026-04-03T01:00:29.147+0600][45.457s][info][gc,reloc    ] GC(35) Y: Large Pages:                    0            0            0           0M           0M           0M 
[2026-04-03T01:00:29.147+0600][45.457s][info][gc,reloc    ] GC(35) Y: Forwarding Usage: 7M
[2026-04-03T01:00:29.147+0600][45.457s][info][gc,reloc    ] GC(35) Y: Age Table:
[2026-04-03T01:00:29.147+0600][45.457s][info][gc,reloc    ] GC(35) Y:                    Live             Garbage             Small              Medium             Large        
[2026-04-03T01:00:29.147+0600][45.457s][info][gc,reloc    ] GC(35) Y: Eden              18M (0%)          839M (21%)        429 / 419            0 / 0              0 / 0        
[2026-04-03T01:00:29.147+0600][45.457s][info][gc,reloc    ] GC(35) Y: Survivor 1        15M (0%)           28M (1%)          22 / 10             0 / 0              0 / 0        
[2026-04-03T01:00:29.147+0600][45.457s][info][gc,reloc    ] GC(35) Y: Survivor 2        11M (0%)           26M (1%)          19 / 12             0 / 0              0 / 0        
[2026-04-03T01:00:29.147+0600][45.457s][info][gc,reloc    ] GC(35) Y: Survivor 3         9M (0%)           24M (1%)          17 / 11             0 / 0              0 / 0        
[2026-04-03T01:00:29.147+0600][45.457s][info][gc,heap     ] GC(35) Y: Min Capacity: 8M(0%)
[2026-04-03T01:00:29.147+0600][45.457s][info][gc,heap     ] GC(35) Y: Max Capacity: 3922M(100%)
[2026-04-03T01:00:29.147+0600][45.457s][info][gc,heap     ] GC(35) Y: Soft Max Capacity: 3529M(90%)
[2026-04-03T01:00:29.147+0600][45.457s][info][gc,heap     ] GC(35) Y: Heap Statistics:
[2026-04-03T01:00:29.147+0600][45.457s][info][gc,heap     ] GC(35) Y:                Mark Start          Mark End        Relocate Start      Relocate End           High               Low         
[2026-04-03T01:00:29.147+0600][45.457s][info][gc,heap     ] GC(35) Y:  Capacity:     3140M (80%)        3140M (80%)        3140M (80%)        3140M (80%)        3140M (80%)        3140M (80%)    
[2026-04-03T01:00:29.147+0600][45.457s][info][gc,heap     ] GC(35) Y:      Free:     2106M (54%)        1658M (42%)        1632M (42%)        2356M (60%)        2382M (61%)        1562M (40%)    
[2026-04-03T01:00:29.147+0600][45.457s][info][gc,heap     ] GC(35) Y:      Used:     1816M (46%)        2264M (58%)        2290M (58%)        1566M (40%)        2360M (60%)        1540M (39%)    
[2026-04-03T01:00:29.147+0600][45.457s][info][gc,heap     ] GC(35) Y: Young Generation Statistics:
[2026-04-03T01:00:29.147+0600][45.457s][info][gc,heap     ] GC(35) Y:                Mark Start          Mark End        Relocate Start      Relocate End    
[2026-04-03T01:00:29.147+0600][45.457s][info][gc,heap     ] GC(35) Y:      Used:      974M (25%)        1422M (36%)        1438M (37%)         686M (17%)    
[2026-04-03T01:00:29.147+0600][45.457s][info][gc,heap     ] GC(35) Y:      Live:         -                55M (1%)           47M (1%)           45M (1%)     
[2026-04-03T01:00:29.147+0600][45.457s][info][gc,heap     ] GC(35) Y:   Garbage:         -               918M (23%)         916M (23%)           8M (0%)     
[2026-04-03T01:00:29.147+0600][45.457s][info][gc,heap     ] GC(35) Y: Allocated:         -               448M (11%)         474M (12%)         631M (16%)    
[2026-04-03T01:00:29.147+0600][45.457s][info][gc,heap     ] GC(35) Y: Reclaimed:         -                  -                 2M (0%)          910M (23%)    
[2026-04-03T01:00:29.147+0600][45.457s][info][gc,heap     ] GC(35) Y:  Promoted:         -                  -                 7M (0%)            9M (0%)     
[2026-04-03T01:00:29.147+0600][45.457s][info][gc,heap     ] GC(35) Y: Compacted:         -                  -                  -                24M (1%)     
[2026-04-03T01:00:29.147+0600][45.457s][info][gc,phases   ] GC(35) Y: Young Generation 1816M(46%)->1566M(40%) 0.471s
[2026-04-03T01:00:29.147+0600][45.457s][info][gc,phases   ] GC(35) O: Old Generation
[2026-04-03T01:00:29.352+0600][45.662s][info][gc          ] GC(36) Minor Collection (Allocation Rate)
[2026-04-03T01:00:29.352+0600][45.662s][info][gc,task     ] GC(36) Using 2 Workers for Young Generation
[2026-04-03T01:00:29.352+0600][45.662s][info][gc,phases   ] GC(36) y: Young Generation
[2026-04-03T01:00:29.352+0600][45.662s][info][gc,phases   ] GC(36) y: Pause Mark Start 0.024ms
[2026-04-03T01:00:29.727+0600][46.036s][info][gc,phases   ] GC(36) y: Concurrent Mark 370.804ms
[2026-04-03T01:00:29.727+0600][46.037s][info][gc,phases   ] GC(36) y: Pause Mark End 0.062ms
[2026-04-03T01:00:29.731+0600][46.041s][info][gc,phases   ] GC(36) y: Concurrent Mark Free 0.003ms
[2026-04-03T01:00:29.731+0600][46.041s][info][gc,phases   ] GC(36) y: Concurrent Reset Relocation Set 0.084ms
[2026-04-03T01:00:29.735+0600][46.044s][info][gc,reloc    ] GC(36) y: Using tenuring threshold: 2 (Computed)
[2026-04-03T01:00:29.771+0600][46.081s][info][gc,phases   ] GC(36) y: Concurrent Select Relocation Set 40.218ms
[2026-04-03T01:00:29.772+0600][46.082s][info][gc,phases   ] GC(36) y: Pause Relocate Start 0.030ms
[2026-04-03T01:00:29.961+0600][46.271s][info][gc,phases   ] GC(36) y: Concurrent Relocate 186.574ms
[2026-04-03T01:00:29.961+0600][46.271s][info][gc,alloc    ] GC(36) y:                         Mark Start        Mark End      Relocate Start    Relocate End   
[2026-04-03T01:00:29.961+0600][46.271s][info][gc,alloc    ] GC(36) y: Allocation Stalls:          0                0                0                0         
[2026-04-03T01:00:29.962+0600][46.271s][info][gc,load     ] GC(36) y: Load: 8.38 (70%) / 3.38 (28%) / 2.02 (17%)
[2026-04-03T01:00:29.962+0600][46.271s][info][gc,mmu      ] GC(36) y: MMU: 2ms/75.7%, 5ms/90.3%, 10ms/95.1%, 20ms/97.6%, 50ms/99.0%, 100ms/99.5%
[2026-04-03T01:00:29.962+0600][46.271s][info][gc,marking  ] GC(36) y: Mark: 2 stripe(s), 2 proactive flush(es), 1 terminate flush(es), 0 completion(s), 0 continuation(s) 
[2026-04-03T01:00:29.962+0600][46.271s][info][gc,marking  ] GC(36) y: Mark Stack Usage: 32M
[2026-04-03T01:00:29.962+0600][46.271s][info][gc,nmethod  ] GC(36) y: NMethods: 3359 registered, 0 unregistered
[2026-04-03T01:00:29.962+0600][46.271s][info][gc,metaspace] GC(36) y: Metaspace: 9M used, 10M committed, 1088M reserved
[2026-04-03T01:00:29.962+0600][46.271s][info][gc,reloc    ] GC(36) y:                        Candidates     Selected     In-Place         Size        Empty    Relocated 
[2026-04-03T01:00:29.962+0600][46.271s][info][gc,reloc    ] GC(36) y: Small Pages:                  487          455            0         974M           0M          26M 
[2026-04-03T01:00:29.962+0600][46.271s][info][gc,reloc    ] GC(36) y: Medium Pages:                   0            0            0           0M           0M           0M 
[2026-04-03T01:00:29.962+0600][46.271s][info][gc,reloc    ] GC(36) y: Large Pages:                    0            0            0           0M           0M           0M 
[2026-04-03T01:00:29.962+0600][46.272s][info][gc,reloc    ] GC(36) y: Forwarding Usage: 12M
[2026-04-03T01:00:29.962+0600][46.272s][info][gc,reloc    ] GC(36) y: Age Table:
[2026-04-03T01:00:29.962+0600][46.272s][info][gc,reloc    ] GC(36) y:                    Live             Garbage             Small              Medium             Large        
[2026-04-03T01:00:29.962+0600][46.272s][info][gc,reloc    ] GC(36) y: Eden              18M (0%)          823M (21%)        421 / 410            0 / 0              0 / 0        
[2026-04-03T01:00:29.962+0600][46.272s][info][gc,reloc    ] GC(36) y: Survivor 1        11M (0%)           32M (1%)          22 / 16             0 / 0              0 / 0        
[2026-04-03T01:00:29.962+0600][46.272s][info][gc,reloc    ] GC(36) y: Survivor 2        12M (0%)           35M (1%)          24 / 16             0 / 0              0 / 0        
[2026-04-03T01:00:29.962+0600][46.272s][info][gc,reloc    ] GC(36) y: Survivor 3        10M (0%)           29M (1%)          20 / 13             0 / 0              0 / 0        
[2026-04-03T01:00:29.962+0600][46.272s][info][gc,heap     ] GC(36) y: Min Capacity: 8M(0%)
[2026-04-03T01:00:29.962+0600][46.272s][info][gc,heap     ] GC(36) y: Max Capacity: 3922M(100%)
[2026-04-03T01:00:29.962+0600][46.272s][info][gc,heap     ] GC(36) y: Soft Max Capacity: 3529M(90%)
[2026-04-03T01:00:29.962+0600][46.272s][info][gc,heap     ] GC(36) y: Heap Statistics:
[2026-04-03T01:00:29.962+0600][46.272s][info][gc,heap     ] GC(36) y:                Mark Start          Mark End        Relocate Start      Relocate End           High               Low         
[2026-04-03T01:00:29.962+0600][46.272s][info][gc,heap     ] GC(36) y:  Capacity:     3140M (80%)        3140M (80%)        3140M (80%)        3140M (80%)        3140M (80%)        3140M (80%)    
[2026-04-03T01:00:29.962+0600][46.272s][info][gc,heap     ] GC(36) y:      Free:     2068M (53%)        1616M (41%)        1560M (40%)        2240M (57%)        2356M (60%)        1516M (39%)    
[2026-04-03T01:00:29.962+0600][46.272s][info][gc,heap     ] GC(36) y:      Used:     1854M (47%)        2306M (59%)        2362M (60%)        1682M (43%)        2406M (61%)        1566M (40%)    
[2026-04-03T01:00:29.962+0600][46.272s][info][gc,heap     ] GC(36) y: Young Generation Statistics:
[2026-04-03T01:00:29.962+0600][46.272s][info][gc,heap     ] GC(36) y:                Mark Start          Mark End        Relocate Start      Relocate End    
[2026-04-03T01:00:29.962+0600][46.272s][info][gc,heap     ] GC(36) y:      Used:      974M (25%)        1426M (36%)        1472M (38%)         774M (20%)    
[2026-04-03T01:00:29.962+0600][46.272s][info][gc,heap     ] GC(36) y:      Live:         -                52M (1%)           44M (1%)           29M (1%)     
[2026-04-03T01:00:29.962+0600][46.272s][info][gc,heap     ] GC(36) y:   Garbage:         -               921M (23%)         919M (23%)           3M (0%)     
[2026-04-03T01:00:29.962+0600][46.272s][info][gc,heap     ] GC(36) y: Allocated:         -               452M (12%)         508M (13%)         740M (19%)    
[2026-04-03T01:00:29.962+0600][46.272s][info][gc,heap     ] GC(36) y: Reclaimed:         -                  -                 2M (0%)          917M (23%)    
[2026-04-03T01:00:29.962+0600][46.272s][info][gc,heap     ] GC(36) y:  Promoted:         -                  -                 7M (0%)           22M (1%)     
[2026-04-03T01:00:29.962+0600][46.272s][info][gc,heap     ] GC(36) y: Compacted:         -                  -                  -                23M (1%)     
[2026-04-03T01:00:29.962+0600][46.272s][info][gc,phases   ] GC(36) y: Young Generation 1852M(47%)->1682M(43%) 0.609s
[2026-04-03T01:00:29.962+0600][46.272s][info][gc          ] GC(36) Minor Collection (Allocation Rate) 1852M(47%)->1682M(43%) 0.610s
[2026-04-03T01:00:30.431+0600][46.740s][info][gc          ] GC(37) Minor Collection (Allocation Rate)
[2026-04-03T01:00:30.441+0600][46.751s][info][gc,task     ] GC(37) Using 2 Workers for Young Generation
[2026-04-03T01:00:30.442+0600][46.751s][info][gc,phases   ] GC(37) y: Young Generation
[2026-04-03T01:00:30.442+0600][46.752s][info][gc,phases   ] GC(37) y: Pause Mark Start 0.053ms
[2026-04-03T01:00:30.763+0600][47.073s][info][gc,phases   ] GC(37) y: Concurrent Mark 320.831ms
[2026-04-03T01:00:30.764+0600][47.073s][info][gc,phases   ] GC(37) y: Pause Mark End 0.042ms
[2026-04-03T01:00:30.767+0600][47.077s][info][gc,phases   ] GC(37) y: Concurrent Mark Free 0.002ms
[2026-04-03T01:00:30.767+0600][47.077s][info][gc,phases   ] GC(37) y: Concurrent Reset Relocation Set 0.085ms
[2026-04-03T01:00:30.771+0600][47.081s][info][gc,reloc    ] GC(37) y: Using tenuring threshold: 3 (Computed)
[2026-04-03T01:00:30.775+0600][47.085s][info][gc,phases   ] GC(37) y: Concurrent Select Relocation Set 7.909ms
[2026-04-03T01:00:30.775+0600][47.085s][info][gc,phases   ] GC(37) y: Pause Relocate Start 0.034ms
[2026-04-03T01:00:30.886+0600][47.196s][info][gc,phases   ] GC(37) y: Concurrent Relocate 106.943ms
[2026-04-03T01:00:30.886+0600][47.196s][info][gc,alloc    ] GC(37) y:                         Mark Start        Mark End      Relocate Start    Relocate End   
[2026-04-03T01:00:30.886+0600][47.196s][info][gc,alloc    ] GC(37) y: Allocation Stalls:          0                0                0                0         
[2026-04-03T01:00:30.886+0600][47.196s][info][gc,load     ] GC(37) y: Load: 8.38 (70%) / 3.38 (28%) / 2.02 (17%)
[2026-04-03T01:00:30.886+0600][47.196s][info][gc,mmu      ] GC(37) y: MMU: 2ms/75.7%, 5ms/90.3%, 10ms/95.1%, 20ms/97.6%, 50ms/99.0%, 100ms/99.5%
[2026-04-03T01:00:30.886+0600][47.196s][info][gc,marking  ] GC(37) y: Mark: 2 stripe(s), 2 proactive flush(es), 1 terminate flush(es), 0 completion(s), 0 continuation(s) 
[2026-04-03T01:00:30.886+0600][47.196s][info][gc,marking  ] GC(37) y: Mark Stack Usage: 32M
[2026-04-03T01:00:30.886+0600][47.196s][info][gc,nmethod  ] GC(37) y: NMethods: 3372 registered, 0 unregistered
[2026-04-03T01:00:30.886+0600][47.196s][info][gc,metaspace] GC(37) y: Metaspace: 9M used, 10M committed, 1088M reserved
[2026-04-03T01:00:30.886+0600][47.196s][info][gc,reloc    ] GC(37) y:                        Candidates     Selected     In-Place         Size        Empty    Relocated 
[2026-04-03T01:00:30.886+0600][47.196s][info][gc,reloc    ] GC(37) y: Small Pages:                  728          702            0        1456M           0M          32M 
[2026-04-03T01:00:30.886+0600][47.196s][info][gc,reloc    ] GC(37) y: Medium Pages:                   0            0            0           0M           0M           0M 
[2026-04-03T01:00:30.886+0600][47.196s][info][gc,reloc    ] GC(37) y: Large Pages:                    0            0            0           0M           0M           0M 
[2026-04-03T01:00:30.886+0600][47.196s][info][gc,reloc    ] GC(37) y: Forwarding Usage: 11M
[2026-04-03T01:00:30.886+0600][47.196s][info][gc,reloc    ] GC(37) y: Age Table:
[2026-04-03T01:00:30.886+0600][47.196s][info][gc,reloc    ] GC(37) y:                    Live             Garbage             Small              Medium             Large        
[2026-04-03T01:00:30.886+0600][47.196s][info][gc,reloc    ] GC(37) y: Eden              26M (1%)         1349M (34%)        688 / 673            0 / 0              0 / 0        
[2026-04-03T01:00:30.886+0600][47.196s][info][gc,reloc    ] GC(37) y: Survivor 1         9M (0%)           32M (1%)          21 / 16             0 / 0              0 / 0        
[2026-04-03T01:00:30.886+0600][47.196s][info][gc,reloc    ] GC(37) y: Survivor 2         8M (0%)           29M (1%)          19 / 13             0 / 0              0 / 0        
[2026-04-03T01:00:30.886+0600][47.196s][info][gc,heap     ] GC(37) y: Min Capacity: 8M(0%)
[2026-04-03T01:00:30.886+0600][47.196s][info][gc,heap     ] GC(37) y: Max Capacity: 3922M(100%)
[2026-04-03T01:00:30.886+0600][47.196s][info][gc,heap     ] GC(37) y: Soft Max Capacity: 3529M(90%)
[2026-04-03T01:00:30.886+0600][47.196s][info][gc,heap     ] GC(37) y: Heap Statistics:
[2026-04-03T01:00:30.886+0600][47.196s][info][gc,heap     ] GC(37) y:                Mark Start          Mark End        Relocate Start      Relocate End           High               Low         
[2026-04-03T01:00:30.886+0600][47.196s][info][gc,heap     ] GC(37) y:  Capacity:     3140M (80%)        3140M (80%)        3140M (80%)        3140M (80%)        3140M (80%)        3140M (80%)    
[2026-04-03T01:00:30.886+0600][47.196s][info][gc,heap     ] GC(37) y:      Free:     1558M (40%)        1154M (29%)        1142M (29%)        2378M (61%)        2390M (61%)        1074M (27%)    
[2026-04-03T01:00:30.886+0600][47.196s][info][gc,heap     ] GC(37) y:      Used:     2364M (60%)        2768M (71%)        2780M (71%)        1544M (39%)        2848M (73%)        1532M (39%)    
[2026-04-03T01:00:30.886+0600][47.196s][info][gc,heap     ] GC(37) y: Young Generation Statistics:
[2026-04-03T01:00:30.886+0600][47.196s][info][gc,heap     ] GC(37) y:                Mark Start          Mark End        Relocate Start      Relocate End    
[2026-04-03T01:00:30.886+0600][47.196s][info][gc,heap     ] GC(37) y:      Used:     1456M (37%)        1860M (47%)        1872M (48%)         636M (16%)    
[2026-04-03T01:00:30.886+0600][47.196s][info][gc,heap     ] GC(37) y:      Live:         -                43M (1%)           43M (1%)           43M (1%)     
[2026-04-03T01:00:30.886+0600][47.196s][info][gc,heap     ] GC(37) y:   Garbage:         -              1412M (36%)        1412M (36%)           2M (0%)     
[2026-04-03T01:00:30.886+0600][47.196s][info][gc,heap     ] GC(37) y: Allocated:         -               404M (10%)         416M (11%)         589M (15%)    
[2026-04-03T01:00:30.886+0600][47.196s][info][gc,heap     ] GC(37) y: Reclaimed:         -                  -                 0M (0%)         1409M (36%)    
[2026-04-03T01:00:30.886+0600][47.196s][info][gc,heap     ] GC(37) y:  Promoted:         -                  -                 0M (0%)            0M (0%)     
[2026-04-03T01:00:30.886+0600][47.196s][info][gc,heap     ] GC(37) y: Compacted:         -                  -                  -                40M (1%)     
[2026-04-03T01:00:30.886+0600][47.196s][info][gc,phases   ] GC(37) y: Young Generation 2364M(60%)->1544M(39%) 0.444s
[2026-04-03T01:00:30.886+0600][47.196s][info][gc          ] GC(37) Minor Collection (Allocation Rate) 2350M(60%)->1548M(39%) 0.456s
[2026-04-03T01:00:30.915+0600][47.225s][info][gc          ] GC(38) Minor Collection (Allocation Rate)
[2026-04-03T01:00:30.915+0600][47.225s][info][gc,task     ] GC(38) Using 2 Workers for Young Generation
[2026-04-03T01:00:30.915+0600][47.225s][info][gc,phases   ] GC(38) y: Young Generation
[2026-04-03T01:00:30.915+0600][47.225s][info][gc,phases   ] GC(38) y: Pause Mark Start 0.034ms
[2026-04-03T01:00:31.318+0600][47.628s][info][gc,phases   ] GC(38) y: Concurrent Mark 402.796ms
[2026-04-03T01:00:31.319+0600][47.629s][info][gc,phases   ] GC(38) y: Pause Mark End 0.037ms
[2026-04-03T01:00:31.319+0600][47.629s][info][gc,phases   ] GC(38) y: Concurrent Mark Free 0.003ms
[2026-04-03T01:00:31.320+0600][47.629s][info][gc,phases   ] GC(38) y: Concurrent Reset Relocation Set 0.084ms
[2026-04-03T01:00:31.324+0600][47.634s][info][gc,reloc    ] GC(38) y: Using tenuring threshold: 3 (Computed)
[2026-04-03T01:00:31.340+0600][47.650s][info][gc,phases   ] GC(38) y: Concurrent Select Relocation Set 20.610ms
[2026-04-03T01:00:31.341+0600][47.650s][info][gc,phases   ] GC(38) y: Pause Relocate Start 0.034ms
[2026-04-03T01:00:31.413+0600][47.723s][info][gc,phases   ] GC(38) y: Concurrent Relocate 72.630ms
[2026-04-03T01:00:31.413+0600][47.723s][info][gc,alloc    ] GC(38) y:                         Mark Start        Mark End      Relocate Start    Relocate End   
[2026-04-03T01:00:31.414+0600][47.723s][info][gc,alloc    ] GC(38) y: Allocation Stalls:          0                0                0                0         
[2026-04-03T01:00:31.414+0600][47.723s][info][gc,load     ] GC(38) y: Load: 8.38 (70%) / 3.38 (28%) / 2.02 (17%)
[2026-04-03T01:00:31.414+0600][47.723s][info][gc,mmu      ] GC(38) y: MMU: 2ms/75.7%, 5ms/90.3%, 10ms/95.1%, 20ms/97.6%, 50ms/99.0%, 100ms/99.5%
[2026-04-03T01:00:31.414+0600][47.723s][info][gc,marking  ] GC(38) y: Mark: 2 stripe(s), 2 proactive flush(es), 1 terminate flush(es), 0 completion(s), 0 continuation(s) 
[2026-04-03T01:00:31.414+0600][47.723s][info][gc,marking  ] GC(38) y: Mark Stack Usage: 32M
[2026-04-03T01:00:31.414+0600][47.723s][info][gc,nmethod  ] GC(38) y: NMethods: 3375 registered, 0 unregistered
[2026-04-03T01:00:31.414+0600][47.723s][info][gc,metaspace] GC(38) y: Metaspace: 9M used, 10M committed, 1088M reserved
[2026-04-03T01:00:31.414+0600][47.723s][info][gc,reloc    ] GC(38) y:                        Candidates     Selected     In-Place         Size        Empty    Relocated 
[2026-04-03T01:00:31.414+0600][47.723s][info][gc,reloc    ] GC(38) y: Small Pages:                  337          308            0         674M           0M          18M 
[2026-04-03T01:00:31.414+0600][47.723s][info][gc,reloc    ] GC(38) y: Medium Pages:                   0            0            0           0M           0M           0M 
[2026-04-03T01:00:31.414+0600][47.723s][info][gc,reloc    ] GC(38) y: Large Pages:                    0            0            0           0M           0M           0M 
[2026-04-03T01:00:31.414+0600][47.723s][info][gc,reloc    ] GC(38) y: Forwarding Usage: 6M
[2026-04-03T01:00:31.414+0600][47.723s][info][gc,reloc    ] GC(38) y: Age Table:
[2026-04-03T01:00:31.414+0600][47.724s][info][gc,reloc    ] GC(38) y:                    Live             Garbage             Small              Medium             Large        
[2026-04-03T01:00:31.414+0600][47.724s][info][gc,reloc    ] GC(38) y: Eden              13M (0%)          536M (14%)        275 / 268            0 / 0              0 / 0        
[2026-04-03T01:00:31.414+0600][47.724s][info][gc,reloc    ] GC(38) y: Survivor 1        18M (0%)           33M (1%)          26 / 14             0 / 0              0 / 0        
[2026-04-03T01:00:31.414+0600][47.724s][info][gc,reloc    ] GC(38) y: Survivor 2         8M (0%)           27M (1%)          18 / 13             0 / 0              0 / 0        
[2026-04-03T01:00:31.414+0600][47.724s][info][gc,reloc    ] GC(38) y: Survivor 3         7M (0%)           28M (1%)          18 / 13             0 / 0              0 / 0        
[2026-04-03T01:00:31.414+0600][47.724s][info][gc,heap     ] GC(38) y: Min Capacity: 8M(0%)
[2026-04-03T01:00:31.414+0600][47.724s][info][gc,heap     ] GC(38) y: Max Capacity: 3922M(100%)
[2026-04-03T01:00:31.414+0600][47.724s][info][gc,heap     ] GC(38) y: Soft Max Capacity: 3529M(90%)
[2026-04-03T01:00:31.414+0600][47.724s][info][gc,heap     ] GC(38) y: Heap Statistics:
[2026-04-03T01:00:31.414+0600][47.724s][info][gc,heap     ] GC(38) y:                Mark Start          Mark End        Relocate Start      Relocate End           High               Low         
[2026-04-03T01:00:31.414+0600][47.724s][info][gc,heap     ] GC(38) y:  Capacity:     3140M (80%)        3140M (80%)        3140M (80%)        3140M (80%)        3140M (80%)        3140M (80%)    
[2026-04-03T01:00:31.414+0600][47.724s][info][gc,heap     ] GC(38) y:      Free:     2340M (60%)        1852M (47%)        1824M (47%)        2296M (59%)        2340M (60%)        1788M (46%)    
[2026-04-03T01:00:31.414+0600][47.724s][info][gc,heap     ] GC(38) y:      Used:     1582M (40%)        2070M (53%)        2098M (53%)        1626M (41%)        2134M (54%)        1582M (40%)    
[2026-04-03T01:00:31.414+0600][47.724s][info][gc,heap     ] GC(38) y: Young Generation Statistics:
[2026-04-03T01:00:31.414+0600][47.724s][info][gc,heap     ] GC(38) y:                Mark Start          Mark End        Relocate Start      Relocate End    
[2026-04-03T01:00:31.414+0600][47.724s][info][gc,heap     ] GC(38) y:      Used:      674M (17%)        1162M (30%)        1184M (30%)         708M (18%)    
[2026-04-03T01:00:31.414+0600][47.724s][info][gc,heap     ] GC(38) y:      Live:         -                47M (1%)           42M (1%)           40M (1%)     
[2026-04-03T01:00:31.414+0600][47.724s][info][gc,heap     ] GC(38) y:   Garbage:         -               626M (16%)         625M (16%)           6M (0%)     
[2026-04-03T01:00:31.414+0600][47.724s][info][gc,heap     ] GC(38) y: Allocated:         -               488M (12%)         516M (13%)         661M (17%)    
[2026-04-03T01:00:31.414+0600][47.724s][info][gc,heap     ] GC(38) y: Reclaimed:         -                  -                 0M (0%)          619M (16%)    
[2026-04-03T01:00:31.414+0600][47.724s][info][gc,heap     ] GC(38) y:  Promoted:         -                  -                 5M (0%)            7M (0%)     
[2026-04-03T01:00:31.414+0600][47.724s][info][gc,heap     ] GC(38) y: Compacted:         -                  -                  -                18M (0%)     
[2026-04-03T01:00:31.414+0600][47.724s][info][gc,phases   ] GC(38) y: Young Generation 1582M(40%)->1626M(41%) 0.499s
[2026-04-03T01:00:31.414+0600][47.724s][info][gc          ] GC(38) Minor Collection (Allocation Rate) 1582M(40%)->1626M(41%) 0.499s
[2026-04-03T01:00:31.629+0600][47.939s][info][gc          ] GC(39) Minor Collection (Allocation Rate)
[2026-04-03T01:00:31.629+0600][47.939s][info][gc,task     ] GC(39) Using 2 Workers for Young Generation
[2026-04-03T01:00:31.629+0600][47.939s][info][gc,phases   ] GC(39) y: Young Generation
[2026-04-03T01:00:31.630+0600][47.940s][info][gc,phases   ] GC(39) y: Pause Mark Start 0.036ms
[2026-04-03T01:00:31.934+0600][48.244s][info][gc,phases   ] GC(39) y: Concurrent Mark 303.885ms
[2026-04-03T01:00:31.934+0600][48.244s][info][gc,phases   ] GC(39) y: Pause Mark End 0.159ms
[2026-04-03T01:00:31.935+0600][48.244s][info][gc,phases   ] GC(39) y: Concurrent Mark Free 0.004ms
[2026-04-03T01:00:31.935+0600][48.245s][info][gc,phases   ] GC(39) y: Concurrent Reset Relocation Set 0.055ms
[2026-04-03T01:00:31.943+0600][48.252s][info][gc,reloc    ] GC(39) y: Using tenuring threshold: 2 (Computed)
[2026-04-03T01:00:31.971+0600][48.281s][info][gc,phases   ] GC(39) y: Concurrent Select Relocation Set 36.095ms
[2026-04-03T01:00:31.971+0600][48.281s][info][gc,phases   ] GC(39) y: Pause Relocate Start 0.037ms
[2026-04-03T01:00:32.137+0600][48.447s][info][gc,phases   ] GC(39) y: Concurrent Relocate 165.002ms
[2026-04-03T01:00:32.137+0600][48.447s][info][gc,alloc    ] GC(39) y:                         Mark Start        Mark End      Relocate Start    Relocate End   
[2026-04-03T01:00:32.137+0600][48.447s][info][gc,alloc    ] GC(39) y: Allocation Stalls:          0                0                0                0         
[2026-04-03T01:00:32.137+0600][48.447s][info][gc,load     ] GC(39) y: Load: 8.38 (70%) / 3.38 (28%) / 2.02 (17%)
[2026-04-03T01:00:32.137+0600][48.447s][info][gc,mmu      ] GC(39) y: MMU: 2ms/75.7%, 5ms/90.3%, 10ms/95.1%, 20ms/97.6%, 50ms/99.0%, 100ms/99.5%
[2026-04-03T01:00:32.137+0600][48.447s][info][gc,marking  ] GC(39) y: Mark: 2 stripe(s), 2 proactive flush(es), 1 terminate flush(es), 0 completion(s), 0 continuation(s) 
[2026-04-03T01:00:32.137+0600][48.447s][info][gc,marking  ] GC(39) y: Mark Stack Usage: 32M
[2026-04-03T01:00:32.137+0600][48.447s][info][gc,nmethod  ] GC(39) y: NMethods: 3376 registered, 0 unregistered
[2026-04-03T01:00:32.137+0600][48.447s][info][gc,metaspace] GC(39) y: Metaspace: 9M used, 10M committed, 1088M reserved
[2026-04-03T01:00:32.137+0600][48.447s][info][gc,reloc    ] GC(39) y:                        Candidates     Selected     In-Place         Size        Empty    Relocated 
[2026-04-03T01:00:32.137+0600][48.447s][info][gc,reloc    ] GC(39) y: Small Pages:                  527          498            0        1054M           0M          27M 
[2026-04-03T01:00:32.137+0600][48.447s][info][gc,reloc    ] GC(39) y: Medium Pages:                   0            0            0           0M           0M           0M 
[2026-04-03T01:00:32.137+0600][48.447s][info][gc,reloc    ] GC(39) y: Large Pages:                    0            0            0           0M           0M           0M 
[2026-04-03T01:00:32.137+0600][48.447s][info][gc,reloc    ] GC(39) y: Forwarding Usage: 11M
[2026-04-03T01:00:32.137+0600][48.447s][info][gc,reloc    ] GC(39) y: Age Table:
[2026-04-03T01:00:32.137+0600][48.447s][info][gc,reloc    ] GC(39) y:                    Live             Garbage             Small              Medium             Large        
[2026-04-03T01:00:32.137+0600][48.447s][info][gc,reloc    ] GC(39) y: Eden              19M (1%)          920M (23%)        470 / 460            0 / 0              0 / 0        
[2026-04-03T01:00:32.137+0600][48.447s][info][gc,reloc    ] GC(39) y: Survivor 1         7M (0%)           28M (1%)          18 / 12             0 / 0              0 / 0        
[2026-04-03T01:00:32.137+0600][48.447s][info][gc,reloc    ] GC(39) y: Survivor 2        14M (0%)           31M (1%)          23 / 15             0 / 0              0 / 0        
[2026-04-03T01:00:32.137+0600][48.447s][info][gc,reloc    ] GC(39) y: Survivor 3         7M (0%)           24M (1%)          16 / 11             0 / 0              0 / 0        
[2026-04-03T01:00:32.137+0600][48.447s][info][gc,heap     ] GC(39) y: Min Capacity: 8M(0%)
[2026-04-03T01:00:32.137+0600][48.447s][info][gc,heap     ] GC(39) y: Max Capacity: 3922M(100%)
[2026-04-03T01:00:32.137+0600][48.447s][info][gc,heap     ] GC(39) y: Soft Max Capacity: 3529M(90%)
[2026-04-03T01:00:32.137+0600][48.447s][info][gc,heap     ] GC(39) y: Heap Statistics:
[2026-04-03T01:00:32.137+0600][48.447s][info][gc,heap     ] GC(39) y:                Mark Start          Mark End        Relocate Start      Relocate End           High               Low         
[2026-04-03T01:00:32.137+0600][48.447s][info][gc,heap     ] GC(39) y:  Capacity:     3140M (80%)        3140M (80%)        3140M (80%)        3140M (80%)        3140M (80%)        3140M (80%)    
[2026-04-03T01:00:32.137+0600][48.447s][info][gc,heap     ] GC(39) y:      Free:     1950M (50%)        1572M (40%)        1520M (39%)        2268M (58%)        2384M (61%)        1478M (38%)    
[2026-04-03T01:00:32.137+0600][48.447s][info][gc,heap     ] GC(39) y:      Used:     1972M (50%)        2350M (60%)        2402M (61%)        1654M (42%)        2444M (62%)        1538M (39%)    
[2026-04-03T01:00:32.137+0600][48.447s][info][gc,heap     ] GC(39) y: Young Generation Statistics:
[2026-04-03T01:00:32.137+0600][48.447s][info][gc,heap     ] GC(39) y:                Mark Start          Mark End        Relocate Start      Relocate End    
[2026-04-03T01:00:32.137+0600][48.447s][info][gc,heap     ] GC(39) y:      Used:     1054M (27%)        1432M (37%)        1470M (37%)         708M (18%)    
[2026-04-03T01:00:32.137+0600][48.447s][info][gc,heap     ] GC(39) y:      Live:         -                48M (1%)           38M (1%)           26M (1%)     
[2026-04-03T01:00:32.137+0600][48.447s][info][gc,heap     ] GC(39) y:   Garbage:         -              1005M (26%)        1001M (26%)           0M (0%)     
[2026-04-03T01:00:32.137+0600][48.447s][info][gc,heap     ] GC(39) y: Allocated:         -               378M (10%)         430M (11%)         681M (17%)    
[2026-04-03T01:00:32.137+0600][48.447s][info][gc,heap     ] GC(39) y: Reclaimed:         -                  -                 3M (0%)         1005M (26%)    
[2026-04-03T01:00:32.137+0600][48.447s][info][gc,heap     ] GC(39) y:  Promoted:         -                  -                10M (0%)           21M (1%)     
[2026-04-03T01:00:32.137+0600][48.447s][info][gc,heap     ] GC(39) y: Compacted:         -                  -                  -                26M (1%)     
[2026-04-03T01:00:32.137+0600][48.447s][info][gc,phases   ] GC(39) y: Young Generation 1972M(50%)->1654M(42%) 0.507s
[2026-04-03T01:00:32.137+0600][48.447s][info][gc          ] GC(39) Minor Collection (Allocation Rate) 1972M(50%)->1656M(42%) 0.508s
[2026-04-03T01:00:32.492+0600][48.801s][info][gc          ] GC(40) Minor Collection (Allocation Rate)
[2026-04-03T01:00:32.492+0600][48.802s][info][gc,task     ] GC(40) Using 2 Workers for Young Generation
[2026-04-03T01:00:32.492+0600][48.802s][info][gc,phases   ] GC(40) y: Young Generation
[2026-04-03T01:00:32.493+0600][48.802s][info][gc,phases   ] GC(40) y: Pause Mark Start 0.055ms
[2026-04-03T01:00:32.847+0600][49.156s][info][gc,phases   ] GC(40) y: Concurrent Mark 353.313ms
[2026-04-03T01:00:32.847+0600][49.157s][info][gc,phases   ] GC(40) y: Pause Mark End 0.049ms
[2026-04-03T01:00:32.847+0600][49.157s][info][gc,phases   ] GC(40) y: Concurrent Mark Free 0.003ms
[2026-04-03T01:00:32.847+0600][49.157s][info][gc,phases   ] GC(40) y: Concurrent Reset Relocation Set 0.089ms
[2026-04-03T01:00:32.859+0600][49.169s][info][gc,reloc    ] GC(40) y: Using tenuring threshold: 3 (Computed)
[2026-04-03T01:00:32.863+0600][49.172s][info][gc,phases   ] GC(40) y: Concurrent Select Relocation Set 15.084ms
[2026-04-03T01:00:32.866+0600][49.176s][info][gc,phases   ] GC(40) y: Pause Relocate Start 0.037ms
[2026-04-03T01:00:32.977+0600][49.287s][info][gc,phases   ] GC(40) y: Concurrent Relocate 108.164ms
[2026-04-03T01:00:32.977+0600][49.287s][info][gc,alloc    ] GC(40) y:                         Mark Start        Mark End      Relocate Start    Relocate End   
[2026-04-03T01:00:32.977+0600][49.287s][info][gc,alloc    ] GC(40) y: Allocation Stalls:          0                0                0                0         
[2026-04-03T01:00:32.977+0600][49.287s][info][gc,load     ] GC(40) y: Load: 8.38 (70%) / 3.38 (28%) / 2.02 (17%)
[2026-04-03T01:00:32.977+0600][49.287s][info][gc,mmu      ] GC(40) y: MMU: 2ms/75.7%, 5ms/90.3%, 10ms/95.1%, 20ms/97.6%, 50ms/99.0%, 100ms/99.5%
[2026-04-03T01:00:32.977+0600][49.287s][info][gc,marking  ] GC(40) y: Mark: 2 stripe(s), 2 proactive flush(es), 1 terminate flush(es), 0 completion(s), 0 continuation(s) 
[2026-04-03T01:00:32.977+0600][49.287s][info][gc,marking  ] GC(40) y: Mark Stack Usage: 32M
[2026-04-03T01:00:32.977+0600][49.287s][info][gc,nmethod  ] GC(40) y: NMethods: 3379 registered, 0 unregistered
[2026-04-03T01:00:32.977+0600][49.287s][info][gc,metaspace] GC(40) y: Metaspace: 9M used, 10M committed, 1088M reserved
[2026-04-03T01:00:32.977+0600][49.287s][info][gc,reloc    ] GC(40) y:                        Candidates     Selected     In-Place         Size        Empty    Relocated 
[2026-04-03T01:00:32.977+0600][49.287s][info][gc,reloc    ] GC(40) y: Small Pages:                  579          556            0        1158M           0M          26M 
[2026-04-03T01:00:32.977+0600][49.287s][info][gc,reloc    ] GC(40) y: Medium Pages:                   0            0            0           0M           0M           0M 
[2026-04-03T01:00:32.977+0600][49.287s][info][gc,reloc    ] GC(40) y: Large Pages:                    0            0            0           0M           0M           0M 
[2026-04-03T01:00:32.977+0600][49.287s][info][gc,reloc    ] GC(40) y: Forwarding Usage: 10M
[2026-04-03T01:00:32.977+0600][49.287s][info][gc,reloc    ] GC(40) y: Age Table:
[2026-04-03T01:00:32.977+0600][49.287s][info][gc,reloc    ] GC(40) y:                    Live             Garbage             Small              Medium             Large        
[2026-04-03T01:00:32.977+0600][49.287s][info][gc,reloc    ] GC(40) y: Eden              22M (1%)         1061M (27%)        542 / 529            0 / 0              0 / 0        
[2026-04-03T01:00:32.977+0600][49.287s][info][gc,reloc    ] GC(40) y: Survivor 1        11M (0%)           32M (1%)          22 / 15             0 / 0              0 / 0        
[2026-04-03T01:00:32.977+0600][49.287s][info][gc,reloc    ] GC(40) y: Survivor 2         5M (0%)           24M (1%)          15 / 12             0 / 0              0 / 0        
[2026-04-03T01:00:32.977+0600][49.287s][info][gc,heap     ] GC(40) y: Min Capacity: 8M(0%)
[2026-04-03T01:00:32.977+0600][49.287s][info][gc,heap     ] GC(40) y: Max Capacity: 3922M(100%)
[2026-04-03T01:00:32.977+0600][49.287s][info][gc,heap     ] GC(40) y: Soft Max Capacity: 3529M(90%)
[2026-04-03T01:00:32.977+0600][49.287s][info][gc,heap     ] GC(40) y: Heap Statistics:
[2026-04-03T01:00:32.977+0600][49.287s][info][gc,heap     ] GC(40) y:                Mark Start          Mark End        Relocate Start      Relocate End           High               Low         
[2026-04-03T01:00:32.977+0600][49.287s][info][gc,heap     ] GC(40) y:  Capacity:     3140M (80%)        3140M (80%)        3140M (80%)        3140M (80%)        3140M (80%)        3140M (80%)    
[2026-04-03T01:00:32.977+0600][49.287s][info][gc,heap     ] GC(40) y:      Free:     1818M (46%)        1382M (35%)        1368M (35%)        2302M (59%)        2330M (59%)        1304M (33%)    
[2026-04-03T01:00:32.977+0600][49.287s][info][gc,heap     ] GC(40) y:      Used:     2104M (54%)        2540M (65%)        2554M (65%)        1620M (41%)        2618M (67%)        1592M (41%)    
[2026-04-03T01:00:32.977+0600][49.287s][info][gc,heap     ] GC(40) y: Young Generation Statistics:
[2026-04-03T01:00:32.977+0600][49.287s][info][gc,heap     ] GC(40) y:                Mark Start          Mark End        Relocate Start      Relocate End    
[2026-04-03T01:00:32.977+0600][49.287s][info][gc,heap     ] GC(40) y:      Used:     1158M (30%)        1594M (41%)        1608M (41%)         674M (17%)    
[2026-04-03T01:00:32.977+0600][49.287s][info][gc,heap     ] GC(40) y:      Live:         -                39M (1%)           39M (1%)           39M (1%)     
[2026-04-03T01:00:32.977+0600][49.287s][info][gc,heap     ] GC(40) y:   Garbage:         -              1118M (29%)        1118M (29%)           2M (0%)     
[2026-04-03T01:00:32.977+0600][49.287s][info][gc,heap     ] GC(40) y: Allocated:         -               436M (11%)         450M (11%)         632M (16%)    
[2026-04-03T01:00:32.978+0600][49.287s][info][gc,heap     ] GC(40) y: Reclaimed:         -                  -                 0M (0%)         1116M (28%)    
[2026-04-03T01:00:32.978+0600][49.287s][info][gc,heap     ] GC(40) y:  Promoted:         -                  -                 0M (0%)            0M (0%)     
[2026-04-03T01:00:32.978+0600][49.287s][info][gc,heap     ] GC(40) y: Compacted:         -                  -                  -                33M (1%)     
[2026-04-03T01:00:32.978+0600][49.287s][info][gc,phases   ] GC(40) y: Young Generation 2102M(54%)->1620M(41%) 0.485s
[2026-04-03T01:00:32.978+0600][49.287s][info][gc          ] GC(40) Minor Collection (Allocation Rate) 2102M(54%)->1620M(41%) 0.486s
[2026-04-03T01:00:33.415+0600][49.725s][info][gc          ] GC(41) Minor Collection (Allocation Rate)
[2026-04-03T01:00:33.415+0600][49.725s][info][gc,task     ] GC(41) Using 2 Workers for Young Generation
[2026-04-03T01:00:33.415+0600][49.725s][info][gc,phases   ] GC(41) y: Young Generation
[2026-04-03T01:00:33.415+0600][49.725s][info][gc,phases   ] GC(41) y: Pause Mark Start 0.033ms
[2026-04-03T01:00:33.692+0600][50.001s][info][gc,phases   ] GC(41) y: Concurrent Mark 275.997ms
[2026-04-03T01:00:33.692+0600][50.002s][info][gc,phases   ] GC(41) y: Pause Mark End 0.032ms
[2026-04-03T01:00:33.692+0600][50.002s][info][gc,phases   ] GC(41) y: Concurrent Mark Free 0.002ms
[2026-04-03T01:00:33.692+0600][50.002s][info][gc,phases   ] GC(41) y: Concurrent Reset Relocation Set 0.070ms
[2026-04-03T01:00:33.694+0600][50.004s][info][gc,reloc    ] GC(41) y: Using tenuring threshold: 4 (Computed)
[2026-04-03T01:00:33.698+0600][50.007s][info][gc,phases   ] GC(41) y: Concurrent Select Relocation Set 5.392ms
[2026-04-03T01:00:33.698+0600][50.008s][info][gc,phases   ] GC(41) y: Pause Relocate Start 0.034ms
[2026-04-03T01:00:33.746+0600][50.056s][info][gc,phases   ] GC(41) y: Concurrent Relocate 47.912ms
[2026-04-03T01:00:33.746+0600][50.056s][info][gc,alloc    ] GC(41) y:                         Mark Start        Mark End      Relocate Start    Relocate End   
[2026-04-03T01:00:33.746+0600][50.056s][info][gc,alloc    ] GC(41) y: Allocation Stalls:          0                0                0                0         
[2026-04-03T01:00:33.746+0600][50.056s][info][gc,load     ] GC(41) y: Load: 8.38 (70%) / 3.38 (28%) / 2.02 (17%)
[2026-04-03T01:00:33.746+0600][50.056s][info][gc,mmu      ] GC(41) y: MMU: 2ms/75.7%, 5ms/90.3%, 10ms/95.1%, 20ms/97.6%, 50ms/99.0%, 100ms/99.5%
[2026-04-03T01:00:33.746+0600][50.056s][info][gc,marking  ] GC(41) y: Mark: 2 stripe(s), 2 proactive flush(es), 1 terminate flush(es), 0 completion(s), 0 continuation(s) 
[2026-04-03T01:00:33.746+0600][50.056s][info][gc,marking  ] GC(41) y: Mark Stack Usage: 32M
[2026-04-03T01:00:33.746+0600][50.056s][info][gc,nmethod  ] GC(41) y: NMethods: 3385 registered, 0 unregistered
[2026-04-03T01:00:33.746+0600][50.056s][info][gc,metaspace] GC(41) y: Metaspace: 9M used, 10M committed, 1088M reserved
[2026-04-03T01:00:33.746+0600][50.056s][info][gc,reloc    ] GC(41) y:                        Candidates     Selected     In-Place         Size        Empty    Relocated 
[2026-04-03T01:00:33.746+0600][50.056s][info][gc,reloc    ] GC(41) y: Small Pages:                  621          592            0        1242M           0M          28M 
[2026-04-03T01:00:33.746+0600][50.056s][info][gc,reloc    ] GC(41) y: Medium Pages:                   0            0            0           0M           0M           0M 
[2026-04-03T01:00:33.746+0600][50.056s][info][gc,reloc    ] GC(41) y: Large Pages:                    0            0            0           0M           0M           0M 
[2026-04-03T01:00:33.746+0600][50.056s][info][gc,reloc    ] GC(41) y: Forwarding Usage: 10M
[2026-04-03T01:00:33.746+0600][50.056s][info][gc,reloc    ] GC(41) y: Age Table:
[2026-04-03T01:00:33.746+0600][50.056s][info][gc,reloc    ] GC(41) y:                    Live             Garbage             Small              Medium             Large        
[2026-04-03T01:00:33.746+0600][50.056s][info][gc,reloc    ] GC(41) y: Eden              22M (1%)         1107M (28%)        565 / 552            0 / 0              0 / 0        
[2026-04-03T01:00:33.746+0600][50.056s][info][gc,reloc    ] GC(41) y: Survivor 1        12M (0%)           31M (1%)          22 / 14             0 / 0              0 / 0        
[2026-04-03T01:00:33.746+0600][50.056s][info][gc,reloc    ] GC(41) y: Survivor 2         8M (0%)           27M (1%)          18 / 14             0 / 0              0 / 0        
[2026-04-03T01:00:33.746+0600][50.056s][info][gc,reloc    ] GC(41) y: Survivor 3         4M (0%)           27M (1%)          16 / 12             0 / 0              0 / 0        
[2026-04-03T01:00:33.746+0600][50.056s][info][gc,heap     ] GC(41) y: Min Capacity: 8M(0%)
[2026-04-03T01:00:33.746+0600][50.056s][info][gc,heap     ] GC(41) y: Max Capacity: 3922M(100%)
[2026-04-03T01:00:33.746+0600][50.056s][info][gc,heap     ] GC(41) y: Soft Max Capacity: 3529M(90%)
[2026-04-03T01:00:33.746+0600][50.056s][info][gc,heap     ] GC(41) y: Heap Statistics:
[2026-04-03T01:00:33.746+0600][50.056s][info][gc,heap     ] GC(41) y:                Mark Start          Mark End        Relocate Start      Relocate End           High               Low         
[2026-04-03T01:00:33.746+0600][50.056s][info][gc,heap     ] GC(41) y:  Capacity:     3140M (80%)        3140M (80%)        3140M (80%)        3140M (80%)        3140M (80%)        3140M (80%)    
[2026-04-03T01:00:33.746+0600][50.056s][info][gc,heap     ] GC(41) y:      Free:     1734M (44%)        1544M (39%)        1540M (39%)        2690M (69%)        2692M (69%)        1532M (39%)    
[2026-04-03T01:00:33.746+0600][50.056s][info][gc,heap     ] GC(41) y:      Used:     2188M (56%)        2378M (61%)        2382M (61%)        1232M (31%)        2390M (61%)        1230M (31%)    
[2026-04-03T01:00:33.746+0600][50.056s][info][gc,heap     ] GC(41) y: Young Generation Statistics:
[2026-04-03T01:00:33.746+0600][50.056s][info][gc,heap     ] GC(41) y:                Mark Start          Mark End        Relocate Start      Relocate End    
[2026-04-03T01:00:33.746+0600][50.056s][info][gc,heap     ] GC(41) y:      Used:     1242M (32%)        1432M (37%)        1436M (37%)         286M (7%)     
[2026-04-03T01:00:33.746+0600][50.056s][info][gc,heap     ] GC(41) y:      Live:         -                47M (1%)           47M (1%)           47M (1%)     
[2026-04-03T01:00:33.746+0600][50.056s][info][gc,heap     ] GC(41) y:   Garbage:         -              1194M (30%)        1194M (30%)           5M (0%)     
[2026-04-03T01:00:33.746+0600][50.056s][info][gc,heap     ] GC(41) y: Allocated:         -               190M (5%)          194M (5%)          233M (6%)     
[2026-04-03T01:00:33.746+0600][50.056s][info][gc,heap     ] GC(41) y: Reclaimed:         -                  -                 0M (0%)         1189M (30%)    
[2026-04-03T01:00:33.747+0600][50.056s][info][gc,heap     ] GC(41) y:  Promoted:         -                  -                 0M (0%)            0M (0%)     
[2026-04-03T01:00:33.747+0600][50.056s][info][gc,heap     ] GC(41) y: Compacted:         -                  -                  -                34M (1%)     
[2026-04-03T01:00:33.747+0600][50.056s][info][gc,phases   ] GC(41) y: Young Generation 2188M(56%)->1232M(31%) 0.331s
[2026-04-03T01:00:33.747+0600][50.056s][info][gc          ] GC(41) Minor Collection (Allocation Rate) 2188M(56%)->1232M(31%) 0.332s
[2026-04-03T01:00:34.501+0600][50.811s][info][gc,phases   ] GC(35) O: Concurrent Mark 5353.419ms
[2026-04-03T01:00:34.501+0600][50.811s][info][gc,phases   ] GC(35) O: Pause Mark End 0.021ms
[2026-04-03T01:00:34.501+0600][50.811s][info][gc,phases   ] GC(35) O: Concurrent Mark Free 0.002ms
[2026-04-03T01:00:34.512+0600][50.822s][info][gc,phases   ] GC(35) O: Concurrent Process Non-Strong 10.681ms
[2026-04-03T01:00:34.512+0600][50.822s][info][gc,phases   ] GC(35) O: Concurrent Reset Relocation Set 0.012ms
[2026-04-03T01:00:34.538+0600][50.848s][info][gc,phases   ] GC(35) O: Concurrent Select Relocation Set 25.730ms
[2026-04-03T01:00:34.538+0600][50.848s][info][gc,task     ] GC(35) O: Using 3 Workers for Old Generation
[2026-04-03T01:00:34.556+0600][50.866s][info][gc,task     ] GC(35) O: Using 1 Workers for Old Generation
[2026-04-03T01:00:34.556+0600][50.866s][info][gc,phases   ] GC(35) O: Concurrent Remap Roots 17.980ms
[2026-04-03T01:00:34.556+0600][50.866s][info][gc,phases   ] GC(35) O: Pause Relocate Start 0.030ms
[2026-04-03T01:00:35.056+0600][51.366s][info][gc,phases   ] GC(35) O: Concurrent Relocate 499.415ms
[2026-04-03T01:00:35.056+0600][51.366s][info][gc,alloc    ] GC(35) O:                         Mark Start        Mark End      Relocate Start    Relocate End   
[2026-04-03T01:00:35.056+0600][51.366s][info][gc,alloc    ] GC(35) O: Allocation Stalls:          0                0                0                0         
[2026-04-03T01:00:35.056+0600][51.366s][info][gc,load     ] GC(35) O: Load: 8.11 (68%) / 3.41 (28%) / 2.03 (17%)
[2026-04-03T01:00:35.056+0600][51.366s][info][gc,mmu      ] GC(35) O: MMU: 2ms/75.7%, 5ms/90.3%, 10ms/95.1%, 20ms/97.6%, 50ms/99.0%, 100ms/99.5%
[2026-04-03T01:00:35.056+0600][51.366s][info][gc,marking  ] GC(35) O: Mark: 1 stripe(s), 2 proactive flush(es), 1 terminate flush(es), 0 completion(s), 0 continuation(s) 
[2026-04-03T01:00:35.056+0600][51.366s][info][gc,marking  ] GC(35) O: Mark Stack Usage: 32M
[2026-04-03T01:00:35.056+0600][51.366s][info][gc,nmethod  ] GC(35) O: NMethods: 2719 registered, 761 unregistered
[2026-04-03T01:00:35.056+0600][51.366s][info][gc,metaspace] GC(35) O: Metaspace: 10M used, 10M committed, 1088M reserved
[2026-04-03T01:00:35.056+0600][51.366s][info][gc,ref      ] GC(35) O:                       Encountered   Discovered     Enqueued 
[2026-04-03T01:00:35.056+0600][51.366s][info][gc,ref      ] GC(35) O: Soft References:              222            0            0 
[2026-04-03T01:00:35.056+0600][51.366s][info][gc,ref      ] GC(35) O: Weak References:              468          331            1 
[2026-04-03T01:00:35.056+0600][51.366s][info][gc,ref      ] GC(35) O: Final References:               3            1            0 
[2026-04-03T01:00:35.056+0600][51.366s][info][gc,ref      ] GC(35) O: Phantom References:            58           23            2 
[2026-04-03T01:00:35.056+0600][51.366s][info][gc,reloc    ] GC(35) O:                        Candidates     Selected     In-Place         Size        Empty    Relocated 
[2026-04-03T01:00:35.056+0600][51.366s][info][gc,reloc    ] GC(35) O: Small Pages:                  402           58            0         804M           0M          42M 
[2026-04-03T01:00:35.056+0600][51.366s][info][gc,reloc    ] GC(35) O: Medium Pages:                   1            0            0          32M           0M           0M 
[2026-04-03T01:00:35.056+0600][51.366s][info][gc,reloc    ] GC(35) O: Large Pages:                    1            0            0           6M           0M           0M 
[2026-04-03T01:00:35.056+0600][51.366s][info][gc,reloc    ] GC(35) O: Forwarding Usage: 66M
[2026-04-03T01:00:35.056+0600][51.366s][info][gc,heap     ] GC(35) O: Min Capacity: 8M(0%)
[2026-04-03T01:00:35.056+0600][51.366s][info][gc,heap     ] GC(35) O: Max Capacity: 3922M(100%)
[2026-04-03T01:00:35.056+0600][51.366s][info][gc,heap     ] GC(35) O: Soft Max Capacity: 3529M(90%)
[2026-04-03T01:00:35.056+0600][51.366s][info][gc,heap     ] GC(35) O: Heap Statistics:
[2026-04-03T01:00:35.056+0600][51.366s][info][gc,heap     ] GC(35) O:                Mark Start          Mark End        Relocate Start      Relocate End           High               Low         
[2026-04-03T01:00:35.056+0600][51.366s][info][gc,heap     ] GC(35) O:  Capacity:     3140M (80%)        3172M (81%)        3172M (81%)        3172M (81%)        3172M (81%)        3140M (80%)    
[2026-04-03T01:00:35.056+0600][51.366s][info][gc,heap     ] GC(35) O:      Free:     2106M (54%)        2414M (62%)        2384M (61%)        2384M (61%)        2692M (69%)        1074M (27%)    
[2026-04-03T01:00:35.056+0600][51.366s][info][gc,heap     ] GC(35) O:      Used:     1816M (46%)        1508M (38%)        1538M (39%)        1538M (39%)        2848M (73%)        1230M (31%)    
[2026-04-03T01:00:35.056+0600][51.366s][info][gc,heap     ] GC(35) O: Old Generation Statistics:
[2026-04-03T01:00:35.056+0600][51.366s][info][gc,heap     ] GC(35) O:                Mark Start          Mark End        Relocate Start      Relocate End    
[2026-04-03T01:00:35.056+0600][51.366s][info][gc,heap     ] GC(35) O:      Used:      842M (21%)         946M (24%)         946M (24%)         808M (21%)    
[2026-04-03T01:00:35.056+0600][51.366s][info][gc,heap     ] GC(35) O:      Live:         -               649M (17%)         649M (17%)         649M (17%)    
[2026-04-03T01:00:35.056+0600][51.366s][info][gc,heap     ] GC(35) O:   Garbage:         -               192M (5%)          192M (5%)           54M (1%)     
[2026-04-03T01:00:35.056+0600][51.366s][info][gc,heap     ] GC(35) O: Allocated:         -               104M (3%)          104M (3%)          103M (3%)     
[2026-04-03T01:00:35.056+0600][51.366s][info][gc,heap     ] GC(35) O: Reclaimed:         -                  -                 0M (0%)          137M (4%)     
[2026-04-03T01:00:35.056+0600][51.366s][info][gc,heap     ] GC(35) O: Compacted:         -                  -                  -               152M (4%)     
[2026-04-03T01:00:35.056+0600][51.366s][info][gc,phases   ] GC(35) O: Old Generation 1572M(40%)->1538M(39%) 5.909s
[2026-04-03T01:00:35.056+0600][51.366s][info][gc          ] GC(35) Major Collection (Allocation Rate) 1816M(46%)->1538M(39%) 6.381s
[2026-04-03T01:00:35.599+0600][51.909s][info][gc          ] GC(42) Minor Collection (Allocation Rate)
[2026-04-03T01:00:35.599+0600][51.909s][info][gc,task     ] GC(42) Using 2 Workers for Young Generation
[2026-04-03T01:00:35.599+0600][51.909s][info][gc,phases   ] GC(42) y: Young Generation
[2026-04-03T01:00:35.599+0600][51.909s][info][gc,phases   ] GC(42) y: Pause Mark Start 0.023ms
[2026-04-03T01:00:36.002+0600][52.312s][info][gc,phases   ] GC(42) y: Concurrent Mark 402.479ms
[2026-04-03T01:00:36.002+0600][52.312s][info][gc,phases   ] GC(42) y: Pause Mark End 0.036ms
[2026-04-03T01:00:36.003+0600][52.312s][info][gc,phases   ] GC(42) y: Concurrent Mark Free 0.003ms
[2026-04-03T01:00:36.003+0600][52.313s][info][gc,phases   ] GC(42) y: Concurrent Reset Relocation Set 0.083ms
[2026-04-03T01:00:36.007+0600][52.316s][info][gc,reloc    ] GC(42) y: Using tenuring threshold: 5 (Computed)
[2026-04-03T01:00:36.019+0600][52.329s][info][gc,phases   ] GC(42) y: Concurrent Select Relocation Set 16.732ms
[2026-04-03T01:00:36.020+0600][52.330s][info][gc,phases   ] GC(42) y: Pause Relocate Start 0.025ms
[2026-04-03T01:00:36.093+0600][52.403s][info][gc,phases   ] GC(42) y: Concurrent Relocate 72.746ms
[2026-04-03T01:00:36.093+0600][52.403s][info][gc,alloc    ] GC(42) y:                         Mark Start        Mark End      Relocate Start    Relocate End   
[2026-04-03T01:00:36.093+0600][52.403s][info][gc,alloc    ] GC(42) y: Allocation Stalls:          0                0                0                0         
[2026-04-03T01:00:36.093+0600][52.403s][info][gc,load     ] GC(42) y: Load: 8.11 (68%) / 3.41 (28%) / 2.03 (17%)
[2026-04-03T01:00:36.093+0600][52.403s][info][gc,mmu      ] GC(42) y: MMU: 2ms/75.7%, 5ms/90.3%, 10ms/95.1%, 20ms/97.6%, 50ms/99.0%, 100ms/99.5%
[2026-04-03T01:00:36.093+0600][52.403s][info][gc,marking  ] GC(42) y: Mark: 2 stripe(s), 2 proactive flush(es), 1 terminate flush(es), 0 completion(s), 0 continuation(s) 
[2026-04-03T01:00:36.093+0600][52.403s][info][gc,marking  ] GC(42) y: Mark Stack Usage: 32M
[2026-04-03T01:00:36.093+0600][52.403s][info][gc,nmethod  ] GC(42) y: NMethods: 2720 registered, 761 unregistered
[2026-04-03T01:00:36.093+0600][52.403s][info][gc,metaspace] GC(42) y: Metaspace: 10M used, 10M committed, 1088M reserved
[2026-04-03T01:00:36.093+0600][52.403s][info][gc,reloc    ] GC(42) y:                        Candidates     Selected     In-Place         Size        Empty    Relocated 
[2026-04-03T01:00:36.093+0600][52.403s][info][gc,reloc    ] GC(42) y: Small Pages:                  391          330            0         782M           4M          54M 
[2026-04-03T01:00:36.093+0600][52.403s][info][gc,reloc    ] GC(42) y: Medium Pages:                   1            0            0          32M           0M           0M 
[2026-04-03T01:00:36.093+0600][52.403s][info][gc,reloc    ] GC(42) y: Large Pages:                    0            0            0           0M           0M           0M 
[2026-04-03T01:00:36.093+0600][52.403s][info][gc,reloc    ] GC(42) y: Forwarding Usage: 33M
[2026-04-03T01:00:36.093+0600][52.403s][info][gc,reloc    ] GC(42) y: Age Table:
[2026-04-03T01:00:36.093+0600][52.403s][info][gc,reloc    ] GC(42) y:                    Live             Garbage             Small              Medium             Large        
[2026-04-03T01:00:36.093+0600][52.403s][info][gc,reloc    ] GC(42) y: Eden              58M (1%)          677M (17%)        352 / 316            1 / 0              0 / 0        
[2026-04-03T01:00:36.093+0600][52.403s][info][gc,reloc    ] GC(42) y: Survivor 1        18M (0%)            9M (0%)          14 / 3              0 / 0              0 / 0        
[2026-04-03T01:00:36.093+0600][52.403s][info][gc,reloc    ] GC(42) y: Survivor 2        11M (0%)            8M (0%)          10 / 4              0 / 0              0 / 0        
[2026-04-03T01:00:36.093+0600][52.403s][info][gc,reloc    ] GC(42) y: Survivor 3         8M (0%)            7M (0%)           8 / 3              0 / 0              0 / 0        
[2026-04-03T01:00:36.093+0600][52.403s][info][gc,reloc    ] GC(42) y: Survivor 4         4M (0%)            9M (0%)           7 / 4              0 / 0              0 / 0        
[2026-04-03T01:00:36.093+0600][52.403s][info][gc,heap     ] GC(42) y: Min Capacity: 8M(0%)
[2026-04-03T01:00:36.093+0600][52.403s][info][gc,heap     ] GC(42) y: Max Capacity: 3922M(100%)
[2026-04-03T01:00:36.093+0600][52.403s][info][gc,heap     ] GC(42) y: Soft Max Capacity: 3529M(90%)
[2026-04-03T01:00:36.093+0600][52.403s][info][gc,heap     ] GC(42) y: Heap Statistics:
[2026-04-03T01:00:36.093+0600][52.403s][info][gc,heap     ] GC(42) y:                Mark Start          Mark End        Relocate Start      Relocate End           High               Low         
[2026-04-03T01:00:36.093+0600][52.403s][info][gc,heap     ] GC(42) y:  Capacity:     3172M (81%)        3204M (82%)        3204M (82%)        3204M (82%)        3204M (82%)        3172M (81%)    
[2026-04-03T01:00:36.093+0600][52.403s][info][gc,heap     ] GC(42) y:      Free:     2300M (59%)        2218M (57%)        2220M (57%)        2858M (73%)        2858M (73%)        2212M (56%)    
[2026-04-03T01:00:36.093+0600][52.403s][info][gc,heap     ] GC(42) y:      Used:     1622M (41%)        1704M (43%)        1702M (43%)        1064M (27%)        1710M (44%)        1064M (27%)    
[2026-04-03T01:00:36.093+0600][52.403s][info][gc,heap     ] GC(42) y: Young Generation Statistics:
[2026-04-03T01:00:36.093+0600][52.403s][info][gc,heap     ] GC(42) y:                Mark Start          Mark End        Relocate Start      Relocate End    
[2026-04-03T01:00:36.093+0600][52.403s][info][gc,heap     ] GC(42) y:      Used:      814M (21%)         896M (23%)         894M (23%)         256M (7%)     
[2026-04-03T01:00:36.093+0600][52.403s][info][gc,heap     ] GC(42) y:      Live:         -               101M (3%)          101M (3%)          101M (3%)     
[2026-04-03T01:00:36.093+0600][52.403s][info][gc,heap     ] GC(42) y:   Garbage:         -               712M (18%)         708M (18%)          39M (1%)     
[2026-04-03T01:00:36.093+0600][52.403s][info][gc,heap     ] GC(42) y: Allocated:         -                82M (2%)           84M (2%)          115M (3%)     
[2026-04-03T01:00:36.093+0600][52.403s][info][gc,heap     ] GC(42) y: Reclaimed:         -                  -                 4M (0%)          673M (17%)    
[2026-04-03T01:00:36.093+0600][52.403s][info][gc,heap     ] GC(42) y:  Promoted:         -                  -                 0M (0%)            0M (0%)     
[2026-04-03T01:00:36.093+0600][52.403s][info][gc,heap     ] GC(42) y: Compacted:         -                  -                  -                62M (2%)     
[2026-04-03T01:00:36.093+0600][52.403s][info][gc,phases   ] GC(42) y: Young Generation 1622M(41%)->1064M(27%) 0.494s
[2026-04-03T01:00:36.093+0600][52.403s][info][gc          ] GC(42) Minor Collection (Allocation Rate) 1622M(41%)->1064M(27%) 0.494s
[2026-04-03T01:00:36.663+0600][52.972s][info][gc          ] GC(43) Minor Collection (Allocation Rate)
[2026-04-03T01:00:36.663+0600][52.973s][info][gc,task     ] GC(43) Using 2 Workers for Young Generation
[2026-04-03T01:00:36.663+0600][52.973s][info][gc,phases   ] GC(43) y: Young Generation
[2026-04-03T01:00:36.663+0600][52.973s][info][gc,phases   ] GC(43) y: Pause Mark Start 0.034ms
[2026-04-03T01:00:37.058+0600][53.368s][info][gc,phases   ] GC(43) y: Concurrent Mark 394.874ms
[2026-04-03T01:00:37.058+0600][53.368s][info][gc,phases   ] GC(43) y: Pause Mark End 0.027ms
[2026-04-03T01:00:37.058+0600][53.368s][info][gc,phases   ] GC(43) y: Concurrent Mark Free 0.003ms
[2026-04-03T01:00:37.058+0600][53.368s][info][gc,phases   ] GC(43) y: Concurrent Reset Relocation Set 0.061ms
[2026-04-03T01:00:37.061+0600][53.370s][info][gc,reloc    ] GC(43) y: Using tenuring threshold: 5 (Computed)
[2026-04-03T01:00:37.068+0600][53.378s][info][gc,phases   ] GC(43) y: Concurrent Select Relocation Set 9.697ms
[2026-04-03T01:00:37.068+0600][53.378s][info][gc,phases   ] GC(43) y: Pause Relocate Start 0.020ms
[2026-04-03T01:00:37.117+0600][53.427s][info][gc,phases   ] GC(43) y: Concurrent Relocate 48.754ms
[2026-04-03T01:00:37.117+0600][53.427s][info][gc,alloc    ] GC(43) y:                         Mark Start        Mark End      Relocate Start    Relocate End   
[2026-04-03T01:00:37.117+0600][53.427s][info][gc,alloc    ] GC(43) y: Allocation Stalls:          0                0                0                0         
[2026-04-03T01:00:37.117+0600][53.427s][info][gc,load     ] GC(43) y: Load: 8.11 (68%) / 3.41 (28%) / 2.03 (17%)
[2026-04-03T01:00:37.117+0600][53.427s][info][gc,mmu      ] GC(43) y: MMU: 2ms/75.7%, 5ms/90.3%, 10ms/95.1%, 20ms/97.6%, 50ms/99.0%, 100ms/99.5%
[2026-04-03T01:00:37.117+0600][53.427s][info][gc,marking  ] GC(43) y: Mark: 2 stripe(s), 2 proactive flush(es), 1 terminate flush(es), 0 completion(s), 0 continuation(s) 
[2026-04-03T01:00:37.117+0600][53.427s][info][gc,marking  ] GC(43) y: Mark Stack Usage: 32M
[2026-04-03T01:00:37.117+0600][53.427s][info][gc,nmethod  ] GC(43) y: NMethods: 2720 registered, 761 unregistered
[2026-04-03T01:00:37.117+0600][53.427s][info][gc,metaspace] GC(43) y: Metaspace: 10M used, 10M committed, 1088M reserved
[2026-04-03T01:00:37.117+0600][53.427s][info][gc,reloc    ] GC(43) y:                        Candidates     Selected     In-Place         Size        Empty    Relocated 
[2026-04-03T01:00:37.117+0600][53.427s][info][gc,reloc    ] GC(43) y: Small Pages:                  153           84            0         306M           0M          22M 
[2026-04-03T01:00:37.117+0600][53.427s][info][gc,reloc    ] GC(43) y: Medium Pages:                   2            0            0          64M          32M           0M 
[2026-04-03T01:00:37.117+0600][53.427s][info][gc,reloc    ] GC(43) y: Large Pages:                    0            0            0           0M           0M           0M 
[2026-04-03T01:00:37.117+0600][53.427s][info][gc,reloc    ] GC(43) y: Forwarding Usage: 12M
[2026-04-03T01:00:37.117+0600][53.427s][info][gc,reloc    ] GC(43) y: Age Table:
[2026-04-03T01:00:37.117+0600][53.427s][info][gc,reloc    ] GC(43) y:                    Live             Garbage             Small              Medium             Large        
[2026-04-03T01:00:37.118+0600][53.427s][info][gc,reloc    ] GC(43) y: Eden              25M (1%)          180M (5%)          87 / 73             1 / 0              0 / 0        
[2026-04-03T01:00:37.118+0600][53.427s][info][gc,reloc    ] GC(43) y: Survivor 1        56M (1%)           37M (1%)          31 / 3              1 / 0              0 / 0        
[2026-04-03T01:00:37.118+0600][53.427s][info][gc,reloc    ] GC(43) y: Survivor 2        18M (0%)            7M (0%)          13 / 2              0 / 0              0 / 0        
[2026-04-03T01:00:37.118+0600][53.427s][info][gc,reloc    ] GC(43) y: Survivor 3        11M (0%)            4M (0%)           8 / 1              0 / 0              0 / 0        
[2026-04-03T01:00:37.118+0600][53.427s][info][gc,reloc    ] GC(43) y: Survivor 4         8M (0%)            7M (0%)           8 / 3              0 / 0              0 / 0        
[2026-04-03T01:00:37.118+0600][53.427s][info][gc,reloc    ] GC(43) y: Survivor 5         4M (0%)            7M (0%)           6 / 2              0 / 0              0 / 0        
[2026-04-03T01:00:37.118+0600][53.427s][info][gc,heap     ] GC(43) y: Min Capacity: 8M(0%)
[2026-04-03T01:00:37.118+0600][53.427s][info][gc,heap     ] GC(43) y: Max Capacity: 3922M(100%)
[2026-04-03T01:00:37.118+0600][53.427s][info][gc,heap     ] GC(43) y: Soft Max Capacity: 3529M(90%)
[2026-04-03T01:00:37.118+0600][53.427s][info][gc,heap     ] GC(43) y: Heap Statistics:
[2026-04-03T01:00:37.118+0600][53.427s][info][gc,heap     ] GC(43) y:                Mark Start          Mark End        Relocate Start      Relocate End           High               Low         
[2026-04-03T01:00:37.118+0600][53.427s][info][gc,heap     ] GC(43) y:  Capacity:     3204M (82%)        3236M (83%)        3236M (83%)        3236M (83%)        3236M (83%)        3204M (82%)    
[2026-04-03T01:00:37.118+0600][53.428s][info][gc,heap     ] GC(43) y:      Free:     2744M (70%)        2660M (68%)        2692M (69%)        2836M (72%)        2838M (72%)        2660M (68%)    
[2026-04-03T01:00:37.118+0600][53.428s][info][gc,heap     ] GC(43) y:      Used:     1178M (30%)        1262M (32%)        1230M (31%)        1086M (28%)        1262M (32%)        1084M (28%)    
[2026-04-03T01:00:37.118+0600][53.428s][info][gc,heap     ] GC(43) y: Young Generation Statistics:
[2026-04-03T01:00:37.118+0600][53.428s][info][gc,heap     ] GC(43) y:                Mark Start          Mark End        Relocate Start      Relocate End    
[2026-04-03T01:00:37.118+0600][53.428s][info][gc,heap     ] GC(43) y:      Used:      370M (9%)          454M (12%)         416M (11%)         268M (7%)     
[2026-04-03T01:00:37.118+0600][53.428s][info][gc,heap     ] GC(43) y:      Live:         -               124M (3%)          120M (3%)          119M (3%)     
[2026-04-03T01:00:37.118+0600][53.428s][info][gc,heap     ] GC(43) y:   Garbage:         -               245M (6%)          211M (5%)           39M (1%)     
[2026-04-03T01:00:37.118+0600][53.428s][info][gc,heap     ] GC(43) y: Allocated:         -                84M (2%)           84M (2%)          108M (3%)     
[2026-04-03T01:00:37.118+0600][53.428s][info][gc,heap     ] GC(43) y: Reclaimed:         -                  -                34M (1%)          206M (5%)     
[2026-04-03T01:00:37.118+0600][53.428s][info][gc,heap     ] GC(43) y:  Promoted:         -                  -                 3M (0%)            4M (0%)     
[2026-04-03T01:00:37.118+0600][53.428s][info][gc,heap     ] GC(43) y: Compacted:         -                  -                  -                27M (1%)     
[2026-04-03T01:00:37.118+0600][53.428s][info][gc,phases   ] GC(43) y: Young Generation 1178M(30%)->1086M(28%) 0.455s
[2026-04-03T01:00:37.118+0600][53.428s][info][gc          ] GC(43) Minor Collection (Allocation Rate) 1178M(30%)->1086M(28%) 0.455s
[2026-04-03T01:00:37.731+0600][54.041s][info][gc          ] GC(44) Minor Collection (Allocation Rate)
[2026-04-03T01:00:37.731+0600][54.041s][info][gc,task     ] GC(44) Using 2 Workers for Young Generation
[2026-04-03T01:00:37.731+0600][54.041s][info][gc,phases   ] GC(44) y: Young Generation
[2026-04-03T01:00:37.731+0600][54.041s][info][gc,phases   ] GC(44) y: Pause Mark Start 0.021ms
[2026-04-03T01:00:38.122+0600][54.432s][info][gc,phases   ] GC(44) y: Concurrent Mark 390.528ms
[2026-04-03T01:00:38.122+0600][54.432s][info][gc,phases   ] GC(44) y: Pause Mark End 0.059ms
[2026-04-03T01:00:38.122+0600][54.432s][info][gc,phases   ] GC(44) y: Concurrent Mark Free 0.002ms
[2026-04-03T01:00:38.122+0600][54.432s][info][gc,phases   ] GC(44) y: Concurrent Reset Relocation Set 0.049ms
[2026-04-03T01:00:38.124+0600][54.434s][info][gc,reloc    ] GC(44) y: Using tenuring threshold: 1 (Computed)
[2026-04-03T01:00:38.184+0600][54.494s][info][gc,phases   ] GC(44) y: Concurrent Select Relocation Set 61.505ms
[2026-04-03T01:00:38.184+0600][54.494s][info][gc,phases   ] GC(44) y: Pause Relocate Start 0.018ms
[2026-04-03T01:00:38.355+0600][54.665s][info][gc,phases   ] GC(44) y: Concurrent Relocate 170.818ms
[2026-04-03T01:00:38.355+0600][54.665s][info][gc,alloc    ] GC(44) y:                         Mark Start        Mark End      Relocate Start    Relocate End   
[2026-04-03T01:00:38.355+0600][54.665s][info][gc,alloc    ] GC(44) y: Allocation Stalls:          0                0                0                0         
[2026-04-03T01:00:38.355+0600][54.665s][info][gc,load     ] GC(44) y: Load: 8.11 (68%) / 3.41 (28%) / 2.03 (17%)
[2026-04-03T01:00:38.355+0600][54.665s][info][gc,mmu      ] GC(44) y: MMU: 2ms/75.7%, 5ms/90.3%, 10ms/95.1%, 20ms/97.6%, 50ms/99.0%, 100ms/99.5%
[2026-04-03T01:00:38.355+0600][54.665s][info][gc,marking  ] GC(44) y: Mark: 2 stripe(s), 3 proactive flush(es), 1 terminate flush(es), 0 completion(s), 0 continuation(s) 
[2026-04-03T01:00:38.355+0600][54.665s][info][gc,marking  ] GC(44) y: Mark Stack Usage: 32M
[2026-04-03T01:00:38.355+0600][54.665s][info][gc,nmethod  ] GC(44) y: NMethods: 2720 registered, 761 unregistered
[2026-04-03T01:00:38.355+0600][54.665s][info][gc,metaspace] GC(44) y: Metaspace: 10M used, 10M committed, 1088M reserved
[2026-04-03T01:00:38.355+0600][54.665s][info][gc,reloc    ] GC(44) y:                        Candidates     Selected     In-Place         Size        Empty    Relocated 
[2026-04-03T01:00:38.355+0600][54.665s][info][gc,reloc    ] GC(44) y: Small Pages:                  242          156            0         484M           0M          36M 
[2026-04-03T01:00:38.355+0600][54.665s][info][gc,reloc    ] GC(44) y: Medium Pages:                   2            0            0          64M          32M           0M 
[2026-04-03T01:00:38.355+0600][54.665s][info][gc,reloc    ] GC(44) y: Large Pages:                    0            0            0           0M           0M           0M 
[2026-04-03T01:00:38.355+0600][54.665s][info][gc,reloc    ] GC(44) y: Forwarding Usage: 22M
[2026-04-03T01:00:38.355+0600][54.665s][info][gc,reloc    ] GC(44) y: Age Table:
[2026-04-03T01:00:38.355+0600][54.665s][info][gc,reloc    ] GC(44) y:                    Live             Garbage             Small              Medium             Large        
[2026-04-03T01:00:38.355+0600][54.665s][info][gc,reloc    ] GC(44) y: Eden              40M (1%)          329M (8%)         169 / 147            1 / 0              0 / 0        
[2026-04-03T01:00:38.355+0600][54.665s][info][gc,reloc    ] GC(44) y: Survivor 1        22M (1%)           37M (1%)          14 / 2              1 / 0              0 / 0        
[2026-04-03T01:00:38.355+0600][54.665s][info][gc,reloc    ] GC(44) y: Survivor 2        56M (1%)            5M (0%)          31 / 3              0 / 0              0 / 0        
[2026-04-03T01:00:38.355+0600][54.665s][info][gc,reloc    ] GC(44) y: Survivor 3        18M (0%)            7M (0%)          13 / 1              0 / 0              0 / 0        
[2026-04-03T01:00:38.355+0600][54.665s][info][gc,reloc    ] GC(44) y: Survivor 4        11M (0%)            4M (0%)           8 / 1              0 / 0              0 / 0        
[2026-04-03T01:00:38.355+0600][54.665s][info][gc,reloc    ] GC(44) y: Survivor 5         8M (0%)            5M (0%)           7 / 2              0 / 0              0 / 0        
[2026-04-03T01:00:38.355+0600][54.665s][info][gc,heap     ] GC(44) y: Min Capacity: 8M(0%)
[2026-04-03T01:00:38.355+0600][54.665s][info][gc,heap     ] GC(44) y: Max Capacity: 3922M(100%)
[2026-04-03T01:00:38.355+0600][54.665s][info][gc,heap     ] GC(44) y: Soft Max Capacity: 3529M(90%)
[2026-04-03T01:00:38.355+0600][54.665s][info][gc,heap     ] GC(44) y: Heap Statistics:
[2026-04-03T01:00:38.355+0600][54.665s][info][gc,heap     ] GC(44) y:                Mark Start          Mark End        Relocate Start      Relocate End           High               Low         
[2026-04-03T01:00:38.355+0600][54.665s][info][gc,heap     ] GC(44) y:  Capacity:     3236M (83%)        3236M (83%)        3236M (83%)        3236M (83%)        3236M (83%)        3236M (83%)    
[2026-04-03T01:00:38.355+0600][54.665s][info][gc,heap     ] GC(44) y:      Free:     2556M (65%)        2404M (61%)        2410M (61%)        2654M (68%)        2706M (69%)        2402M (61%)    
[2026-04-03T01:00:38.355+0600][54.665s][info][gc,heap     ] GC(44) y:      Used:     1366M (35%)        1518M (39%)        1512M (39%)        1268M (32%)        1520M (39%)        1216M (31%)    
[2026-04-03T01:00:38.355+0600][54.665s][info][gc,heap     ] GC(44) y: Young Generation Statistics:
[2026-04-03T01:00:38.355+0600][54.665s][info][gc,heap     ] GC(44) y:                Mark Start          Mark End        Relocate Start      Relocate End    
[2026-04-03T01:00:38.355+0600][54.665s][info][gc,heap     ] GC(44) y:      Used:      548M (14%)         700M (18%)         570M (15%)         322M (8%)     
[2026-04-03T01:00:38.355+0600][54.665s][info][gc,heap     ] GC(44) y:      Live:         -               156M (4%)           43M (1%)           40M (1%)     
[2026-04-03T01:00:38.355+0600][54.665s][info][gc,heap     ] GC(44) y:   Garbage:         -               391M (10%)         348M (9%)           30M (1%)     
[2026-04-03T01:00:38.355+0600][54.665s][info][gc,heap     ] GC(44) y: Allocated:         -               152M (4%)          178M (5%)          251M (6%)     
[2026-04-03T01:00:38.355+0600][54.665s][info][gc,heap     ] GC(44) y: Reclaimed:         -                  -                42M (1%)          360M (9%)     
[2026-04-03T01:00:38.355+0600][54.665s][info][gc,heap     ] GC(44) y:  Promoted:         -                  -               113M (3%)          116M (3%)     
[2026-04-03T01:00:38.355+0600][54.665s][info][gc,heap     ] GC(44) y: Compacted:         -                  -                  -                38M (1%)     
[2026-04-03T01:00:38.355+0600][54.665s][info][gc,phases   ] GC(44) y: Young Generation 1366M(35%)->1268M(32%) 0.624s
[2026-04-03T01:00:38.355+0600][54.665s][info][gc          ] GC(44) Minor Collection (Allocation Rate) 1366M(35%)->1268M(32%) 0.625s
[2026-04-03T01:00:38.467+0600][54.777s][info][gc          ] GC(45) Major Collection (Allocation Rate)
[2026-04-03T01:00:38.467+0600][54.777s][info][gc,task     ] GC(45) Using 3 Workers for Young Generation
[2026-04-03T01:00:38.467+0600][54.777s][info][gc,task     ] GC(45) Using 1 Workers for Old Generation
[2026-04-03T01:00:38.467+0600][54.777s][info][gc,phases   ] GC(45) Y: Young Generation
[2026-04-03T01:00:38.467+0600][54.777s][info][gc,phases   ] GC(45) Y: Pause Mark Start (Major) 0.046ms
[2026-04-03T01:00:39.107+0600][55.417s][info][gc,phases   ] GC(45) Y: Concurrent Mark 639.584ms
[2026-04-03T01:00:39.108+0600][55.417s][info][gc,phases   ] GC(45) Y: Pause Mark End 0.041ms
[2026-04-03T01:00:39.108+0600][55.418s][info][gc,phases   ] GC(45) Y: Concurrent Mark Free 0.002ms
[2026-04-03T01:00:39.108+0600][55.418s][info][gc,phases   ] GC(45) Y: Concurrent Reset Relocation Set 0.240ms
[2026-04-03T01:00:39.111+0600][55.421s][info][gc,reloc    ] GC(45) Y: Using tenuring threshold: 1 (Computed)
[2026-04-03T01:00:39.131+0600][55.441s][info][gc,phases   ] GC(45) Y: Concurrent Select Relocation Set 23.144ms
[2026-04-03T01:00:39.132+0600][55.442s][info][gc,phases   ] GC(45) Y: Pause Relocate Start 0.095ms
[2026-04-03T01:00:39.207+0600][55.517s][info][gc,phases   ] GC(45) Y: Concurrent Relocate 74.919ms
[2026-04-03T01:00:39.207+0600][55.517s][info][gc,alloc    ] GC(45) Y:                         Mark Start        Mark End      Relocate Start    Relocate End   
[2026-04-03T01:00:39.207+0600][55.517s][info][gc,alloc    ] GC(45) Y: Allocation Stalls:          0                0                0                0         
[2026-04-03T01:00:39.207+0600][55.517s][info][gc,load     ] GC(45) Y: Load: 7.70 (64%) / 3.40 (28%) / 2.04 (17%)
[2026-04-03T01:00:39.207+0600][55.517s][info][gc,mmu      ] GC(45) Y: MMU: 2ms/75.7%, 5ms/90.3%, 10ms/95.1%, 20ms/97.6%, 50ms/99.0%, 100ms/99.5%
[2026-04-03T01:00:39.207+0600][55.517s][info][gc,marking  ] GC(45) Y: Mark: 2 stripe(s), 10 proactive flush(es), 1 terminate flush(es), 0 completion(s), 0 continuation(s) 
[2026-04-03T01:00:39.207+0600][55.517s][info][gc,marking  ] GC(45) Y: Mark Stack Usage: 32M
[2026-04-03T01:00:39.207+0600][55.517s][info][gc,nmethod  ] GC(45) Y: NMethods: 2720 registered, 761 unregistered
[2026-04-03T01:00:39.207+0600][55.517s][info][gc,metaspace] GC(45) Y: Metaspace: 10M used, 10M committed, 1088M reserved
[2026-04-03T01:00:39.207+0600][55.517s][info][gc,reloc    ] GC(45) Y:                        Candidates     Selected     In-Place         Size        Empty    Relocated 
[2026-04-03T01:00:39.207+0600][55.517s][info][gc,reloc    ] GC(45) Y: Small Pages:                  176          137            0         352M           0M          29M 
[2026-04-03T01:00:39.207+0600][55.517s][info][gc,reloc    ] GC(45) Y: Medium Pages:                   1            0            0          32M           0M           0M 
[2026-04-03T01:00:39.207+0600][55.517s][info][gc,reloc    ] GC(45) Y: Large Pages:                    0            0            0           0M           0M           0M 
[2026-04-03T01:00:39.207+0600][55.517s][info][gc,reloc    ] GC(45) Y: Forwarding Usage: 19M
[2026-04-03T01:00:39.207+0600][55.517s][info][gc,reloc    ] GC(45) Y: Age Table:
[2026-04-03T01:00:39.207+0600][55.517s][info][gc,reloc    ] GC(45) Y:                    Live             Garbage             Small              Medium             Large        
[2026-04-03T01:00:39.207+0600][55.517s][info][gc,reloc    ] GC(45) Y: Eden              33M (1%)          276M (7%)         155 / 136            0 / 0              0 / 0        
[2026-04-03T01:00:39.207+0600][55.517s][info][gc,reloc    ] GC(45) Y: Survivor 1        38M (1%)           35M (1%)          21 / 1              1 / 0              0 / 0        
[2026-04-03T01:00:39.207+0600][55.517s][info][gc,heap     ] GC(45) Y: Min Capacity: 8M(0%)
[2026-04-03T01:00:39.207+0600][55.517s][info][gc,heap     ] GC(45) Y: Max Capacity: 3922M(100%)
[2026-04-03T01:00:39.207+0600][55.517s][info][gc,heap     ] GC(45) Y: Soft Max Capacity: 3529M(90%)
[2026-04-03T01:00:39.207+0600][55.517s][info][gc,heap     ] GC(45) Y: Heap Statistics:
[2026-04-03T01:00:39.207+0600][55.517s][info][gc,heap     ] GC(45) Y:                Mark Start          Mark End        Relocate Start      Relocate End           High               Low         
[2026-04-03T01:00:39.207+0600][55.517s][info][gc,heap     ] GC(45) Y:  Capacity:     3236M (83%)        3236M (83%)        3236M (83%)        3236M (83%)        3236M (83%)        3236M (83%)    
[2026-04-03T01:00:39.207+0600][55.517s][info][gc,heap     ] GC(45) Y:      Free:     2592M (66%)        2304M (59%)        2296M (59%)        2548M (65%)        2592M (66%)        2286M (58%)    
[2026-04-03T01:00:39.207+0600][55.517s][info][gc,heap     ] GC(45) Y:      Used:     1330M (34%)        1618M (41%)        1626M (41%)        1374M (35%)        1636M (42%)        1330M (34%)    
[2026-04-03T01:00:39.207+0600][55.517s][info][gc,heap     ] GC(45) Y: Young Generation Statistics:
[2026-04-03T01:00:39.207+0600][55.517s][info][gc,heap     ] GC(45) Y:                Mark Start          Mark End        Relocate Start      Relocate End    
[2026-04-03T01:00:39.207+0600][55.517s][info][gc,heap     ] GC(45) Y:      Used:      384M (10%)         672M (17%)         610M (16%)         352M (9%)     
[2026-04-03T01:00:39.207+0600][55.517s][info][gc,heap     ] GC(45) Y:      Live:         -                71M (2%)           34M (1%)           33M (1%)     
[2026-04-03T01:00:39.207+0600][55.517s][info][gc,heap     ] GC(45) Y:   Garbage:         -               312M (8%)          279M (7%)            0M (0%)     
[2026-04-03T01:00:39.207+0600][55.517s][info][gc,heap     ] GC(45) Y: Allocated:         -               288M (7%)          296M (8%)          318M (8%)     
[2026-04-03T01:00:39.207+0600][55.517s][info][gc,heap     ] GC(45) Y: Reclaimed:         -                  -                32M (1%)          312M (8%)     
[2026-04-03T01:00:39.207+0600][55.517s][info][gc,heap     ] GC(45) Y:  Promoted:         -                  -                37M (1%)           38M (1%)     
[2026-04-03T01:00:39.207+0600][55.517s][info][gc,heap     ] GC(45) Y: Compacted:         -                  -                  -                33M (1%)     
[2026-04-03T01:00:39.208+0600][55.517s][info][gc,phases   ] GC(45) Y: Young Generation 1330M(34%)->1374M(35%) 0.740s
[2026-04-03T01:00:39.208+0600][55.517s][info][gc,phases   ] GC(45) O: Old Generation
[2026-04-03T01:00:39.208+0600][55.518s][info][gc          ] GC(46) Minor Collection (Allocation Rate)
[2026-04-03T01:00:39.208+0600][55.518s][info][gc,task     ] GC(46) Using 2 Workers for Young Generation
[2026-04-03T01:00:39.208+0600][55.518s][info][gc,phases   ] GC(46) y: Young Generation
[2026-04-03T01:00:39.209+0600][55.518s][info][gc,phases   ] GC(46) y: Pause Mark Start 0.042ms
[2026-04-03T01:00:39.820+0600][56.130s][info][gc,phases   ] GC(46) y: Concurrent Mark 610.894ms
[2026-04-03T01:00:39.820+0600][56.130s][info][gc,phases   ] GC(46) y: Pause Mark End 0.026ms
[2026-04-03T01:00:39.820+0600][56.130s][info][gc,phases   ] GC(46) y: Concurrent Mark Free 0.003ms
[2026-04-03T01:00:39.820+0600][56.130s][info][gc,phases   ] GC(46) y: Concurrent Reset Relocation Set 0.072ms
[2026-04-03T01:00:39.822+0600][56.132s][info][gc,reloc    ] GC(46) y: Using tenuring threshold: 2 (Computed)
[2026-04-03T01:00:39.825+0600][56.134s][info][gc,phases   ] GC(46) y: Concurrent Select Relocation Set 4.299ms
[2026-04-03T01:00:39.825+0600][56.135s][info][gc,phases   ] GC(46) y: Pause Relocate Start 0.082ms
[2026-04-03T01:00:39.886+0600][56.196s][info][gc,phases   ] GC(46) y: Concurrent Relocate 61.008ms
[2026-04-03T01:00:39.886+0600][56.196s][info][gc,alloc    ] GC(46) y:                         Mark Start        Mark End      Relocate Start    Relocate End   
[2026-04-03T01:00:39.886+0600][56.196s][info][gc,alloc    ] GC(46) y: Allocation Stalls:          0                0                0                0         
[2026-04-03T01:00:39.886+0600][56.196s][info][gc,load     ] GC(46) y: Load: 7.70 (64%) / 3.40 (28%) / 2.04 (17%)
[2026-04-03T01:00:39.886+0600][56.196s][info][gc,mmu      ] GC(46) y: MMU: 2ms/75.7%, 5ms/90.3%, 10ms/95.1%, 20ms/97.6%, 50ms/99.0%, 100ms/99.5%
[2026-04-03T01:00:39.886+0600][56.196s][info][gc,marking  ] GC(46) y: Mark: 2 stripe(s), 10 proactive flush(es), 1 terminate flush(es), 0 completion(s), 0 continuation(s) 
[2026-04-03T01:00:39.886+0600][56.196s][info][gc,marking  ] GC(46) y: Mark Stack Usage: 32M
[2026-04-03T01:00:39.886+0600][56.196s][info][gc,nmethod  ] GC(46) y: NMethods: 2720 registered, 761 unregistered
[2026-04-03T01:00:39.886+0600][56.196s][info][gc,metaspace] GC(46) y: Metaspace: 10M used, 10M committed, 1088M reserved
[2026-04-03T01:00:39.886+0600][56.196s][info][gc,reloc    ] GC(46) y:                        Candidates     Selected     In-Place         Size        Empty    Relocated 
[2026-04-03T01:00:39.886+0600][56.196s][info][gc,reloc    ] GC(46) y: Small Pages:                  176          139            0         352M           0M          29M 
[2026-04-03T01:00:39.886+0600][56.196s][info][gc,reloc    ] GC(46) y: Medium Pages:                   0            0            0           0M           0M           0M 
[2026-04-03T01:00:39.886+0600][56.196s][info][gc,reloc    ] GC(46) y: Large Pages:                    0            0            0           0M           0M           0M 
[2026-04-03T01:00:39.886+0600][56.196s][info][gc,reloc    ] GC(46) y: Forwarding Usage: 19M
[2026-04-03T01:00:39.886+0600][56.196s][info][gc,reloc    ] GC(46) y: Age Table:
[2026-04-03T01:00:39.886+0600][56.196s][info][gc,reloc    ] GC(46) y:                    Live             Garbage             Small              Medium             Large        
[2026-04-03T01:00:39.886+0600][56.196s][info][gc,reloc    ] GC(46) y: Eden              33M (1%)          280M (7%)         157 / 138            0 / 0              0 / 0        
[2026-04-03T01:00:39.886+0600][56.196s][info][gc,reloc    ] GC(46) y: Survivor 1        31M (1%)            6M (0%)          19 / 1              0 / 0              0 / 0        
[2026-04-03T01:00:39.886+0600][56.196s][info][gc,heap     ] GC(46) y: Min Capacity: 8M(0%)
[2026-04-03T01:00:39.886+0600][56.196s][info][gc,heap     ] GC(46) y: Max Capacity: 3922M(100%)
[2026-04-03T01:00:39.886+0600][56.196s][info][gc,heap     ] GC(46) y: Soft Max Capacity: 3529M(90%)
[2026-04-03T01:00:39.887+0600][56.196s][info][gc,heap     ] GC(46) y: Heap Statistics:
[2026-04-03T01:00:39.887+0600][56.196s][info][gc,heap     ] GC(46) y:                Mark Start          Mark End        Relocate Start      Relocate End           High               Low         
[2026-04-03T01:00:39.887+0600][56.196s][info][gc,heap     ] GC(46) y:  Capacity:     3236M (83%)        3236M (83%)        3236M (83%)        3236M (83%)        3236M (83%)        3236M (83%)    
[2026-04-03T01:00:39.887+0600][56.196s][info][gc,heap     ] GC(46) y:      Free:     2548M (65%)        2352M (60%)        2350M (60%)        2608M (66%)        2608M (66%)        2344M (60%)    
[2026-04-03T01:00:39.887+0600][56.196s][info][gc,heap     ] GC(46) y:      Used:     1374M (35%)        1570M (40%)        1572M (40%)        1314M (34%)        1578M (40%)        1314M (34%)    
[2026-04-03T01:00:39.887+0600][56.196s][info][gc,heap     ] GC(46) y: Young Generation Statistics:
[2026-04-03T01:00:39.887+0600][56.196s][info][gc,heap     ] GC(46) y:                Mark Start          Mark End        Relocate Start      Relocate End    
[2026-04-03T01:00:39.887+0600][56.196s][info][gc,heap     ] GC(46) y:      Used:      352M (9%)          548M (14%)         550M (14%)         292M (7%)     
[2026-04-03T01:00:39.887+0600][56.196s][info][gc,heap     ] GC(46) y:      Live:         -                65M (2%)           65M (2%)           65M (2%)     
[2026-04-03T01:00:39.887+0600][56.196s][info][gc,heap     ] GC(46) y:   Garbage:         -               286M (7%)          286M (7%)            2M (0%)     
[2026-04-03T01:00:39.887+0600][56.196s][info][gc,heap     ] GC(46) y: Allocated:         -               196M (5%)          198M (5%)          224M (6%)     
[2026-04-03T01:00:39.887+0600][56.196s][info][gc,heap     ] GC(46) y: Reclaimed:         -                  -                 0M (0%)          284M (7%)     
[2026-04-03T01:00:39.887+0600][56.196s][info][gc,heap     ] GC(46) y:  Promoted:         -                  -                 0M (0%)            0M (0%)     
[2026-04-03T01:00:39.887+0600][56.196s][info][gc,heap     ] GC(46) y: Compacted:         -                  -                  -                33M (1%)     
[2026-04-03T01:00:39.887+0600][56.197s][info][gc,phases   ] GC(46) y: Young Generation 1374M(35%)->1314M(34%) 0.678s
[2026-04-03T01:00:39.887+0600][56.197s][info][gc          ] GC(46) Minor Collection (Allocation Rate) 1374M(35%)->1314M(34%) 0.679s
[2026-04-03T01:00:39.887+0600][56.197s][info][gc          ] GC(47) Minor Collection (Allocation Rate)
[2026-04-03T01:00:39.887+0600][56.197s][info][gc,task     ] GC(47) Using 2 Workers for Young Generation
[2026-04-03T01:00:39.887+0600][56.197s][info][gc,phases   ] GC(47) y: Young Generation
[2026-04-03T01:00:39.887+0600][56.197s][info][gc,phases   ] GC(47) y: Pause Mark Start 0.041ms
[2026-04-03T01:00:40.495+0600][56.805s][info][gc,phases   ] GC(47) y: Concurrent Mark 607.233ms
[2026-04-03T01:00:40.495+0600][56.805s][info][gc,phases   ] GC(47) y: Pause Mark End 0.036ms
[2026-04-03T01:00:40.496+0600][56.805s][info][gc,phases   ] GC(47) y: Concurrent Mark Free 0.002ms
[2026-04-03T01:00:40.496+0600][56.805s][info][gc,phases   ] GC(47) y: Concurrent Reset Relocation Set 0.041ms
[2026-04-03T01:00:40.499+0600][56.809s][info][gc,reloc    ] GC(47) y: Using tenuring threshold: 1 (Computed)
[2026-04-03T01:00:40.538+0600][56.848s][info][gc,phases   ] GC(47) y: Concurrent Select Relocation Set 42.450ms
[2026-04-03T01:00:40.539+0600][56.848s][info][gc,phases   ] GC(47) y: Pause Relocate Start 0.029ms
[2026-04-03T01:00:40.658+0600][56.968s][info][gc,phases   ] GC(47) y: Concurrent Relocate 119.282ms
[2026-04-03T01:00:40.658+0600][56.968s][info][gc,alloc    ] GC(47) y:                         Mark Start        Mark End      Relocate Start    Relocate End   
[2026-04-03T01:00:40.658+0600][56.968s][info][gc,alloc    ] GC(47) y: Allocation Stalls:          0                0                0                0         
[2026-04-03T01:00:40.658+0600][56.968s][info][gc,load     ] GC(47) y: Load: 7.70 (64%) / 3.40 (28%) / 2.04 (17%)
[2026-04-03T01:00:40.658+0600][56.968s][info][gc,mmu      ] GC(47) y: MMU: 2ms/75.7%, 5ms/90.3%, 10ms/95.1%, 20ms/97.6%, 50ms/99.0%, 100ms/99.5%
[2026-04-03T01:00:40.658+0600][56.968s][info][gc,marking  ] GC(47) y: Mark: 2 stripe(s), 10 proactive flush(es), 1 terminate flush(es), 0 completion(s), 0 continuation(s) 
[2026-04-03T01:00:40.658+0600][56.968s][info][gc,marking  ] GC(47) y: Mark Stack Usage: 32M
[2026-04-03T01:00:40.658+0600][56.968s][info][gc,nmethod  ] GC(47) y: NMethods: 2720 registered, 761 unregistered
[2026-04-03T01:00:40.658+0600][56.968s][info][gc,metaspace] GC(47) y: Metaspace: 10M used, 10M committed, 1088M reserved
[2026-04-03T01:00:40.658+0600][56.968s][info][gc,reloc    ] GC(47) y:                        Candidates     Selected     In-Place         Size        Empty    Relocated 
[2026-04-03T01:00:40.658+0600][56.968s][info][gc,reloc    ] GC(47) y: Small Pages:                  146           99            0         292M           0M          22M 
[2026-04-03T01:00:40.658+0600][56.968s][info][gc,reloc    ] GC(47) y: Medium Pages:                   0            0            0           0M           0M           0M 
[2026-04-03T01:00:40.658+0600][56.968s][info][gc,reloc    ] GC(47) y: Large Pages:                    0            0            0           0M           0M           0M 
[2026-04-03T01:00:40.658+0600][56.968s][info][gc,reloc    ] GC(47) y: Forwarding Usage: 14M
[2026-04-03T01:00:40.658+0600][56.968s][info][gc,reloc    ] GC(47) y: Age Table:
[2026-04-03T01:00:40.658+0600][56.968s][info][gc,reloc    ] GC(47) y:                    Live             Garbage             Small              Medium             Large        
[2026-04-03T01:00:40.658+0600][56.968s][info][gc,reloc    ] GC(47) y: Eden              23M (1%)          192M (5%)         108 / 95             0 / 0              0 / 0        
[2026-04-03T01:00:40.658+0600][56.968s][info][gc,reloc    ] GC(47) y: Survivor 1        32M (1%)            5M (0%)          19 / 2              0 / 0              0 / 0        
[2026-04-03T01:00:40.658+0600][56.968s][info][gc,reloc    ] GC(47) y: Survivor 2        31M (1%)            6M (0%)          19 / 2              0 / 0              0 / 0        
[2026-04-03T01:00:40.658+0600][56.968s][info][gc,heap     ] GC(47) y: Min Capacity: 8M(0%)
[2026-04-03T01:00:40.658+0600][56.968s][info][gc,heap     ] GC(47) y: Max Capacity: 3922M(100%)
[2026-04-03T01:00:40.658+0600][56.968s][info][gc,heap     ] GC(47) y: Soft Max Capacity: 3529M(90%)
[2026-04-03T01:00:40.658+0600][56.968s][info][gc,heap     ] GC(47) y: Heap Statistics:
[2026-04-03T01:00:40.658+0600][56.968s][info][gc,heap     ] GC(47) y:                Mark Start          Mark End        Relocate Start      Relocate End           High               Low         
[2026-04-03T01:00:40.658+0600][56.968s][info][gc,heap     ] GC(47) y:  Capacity:     3236M (83%)        3236M (83%)        3236M (83%)        3236M (83%)        3236M (83%)        3236M (83%)    
[2026-04-03T01:00:40.658+0600][56.968s][info][gc,heap     ] GC(47) y:      Free:     2608M (66%)        2394M (61%)        2384M (61%)        2536M (65%)        2608M (66%)        2378M (61%)    
[2026-04-03T01:00:40.658+0600][56.968s][info][gc,heap     ] GC(47) y:      Used:     1314M (34%)        1528M (39%)        1538M (39%)        1386M (35%)        1544M (39%)        1314M (34%)    
[2026-04-03T01:00:40.658+0600][56.968s][info][gc,heap     ] GC(47) y: Young Generation Statistics:
[2026-04-03T01:00:40.659+0600][56.968s][info][gc,heap     ] GC(47) y:                Mark Start          Mark End        Relocate Start      Relocate End    
[2026-04-03T01:00:40.659+0600][56.968s][info][gc,heap     ] GC(47) y:      Used:      292M (7%)          506M (13%)         452M (12%)         296M (8%)     
[2026-04-03T01:00:40.659+0600][56.968s][info][gc,heap     ] GC(47) y:      Live:         -                87M (2%)           26M (1%)           23M (1%)     
[2026-04-03T01:00:40.659+0600][56.968s][info][gc,heap     ] GC(47) y:   Garbage:         -               204M (5%)          201M (5%)            0M (0%)     
[2026-04-03T01:00:40.659+0600][56.968s][info][gc,heap     ] GC(47) y: Allocated:         -               214M (5%)          224M (6%)          272M (7%)     
[2026-04-03T01:00:40.659+0600][56.968s][info][gc,heap     ] GC(47) y: Reclaimed:         -                  -                 3M (0%)          204M (5%)     
[2026-04-03T01:00:40.659+0600][56.968s][info][gc,heap     ] GC(47) y:  Promoted:         -                  -                60M (2%)           63M (2%)     
[2026-04-03T01:00:40.659+0600][56.968s][info][gc,heap     ] GC(47) y: Compacted:         -                  -                  -                23M (1%)     
[2026-04-03T01:00:40.659+0600][56.968s][info][gc,phases   ] GC(47) y: Young Generation 1314M(34%)->1386M(35%) 0.771s
[2026-04-03T01:00:40.659+0600][56.968s][info][gc          ] GC(47) Minor Collection (Allocation Rate) 1314M(34%)->1386M(35%) 0.772s
[2026-04-03T01:00:40.659+0600][56.969s][info][gc          ] GC(48) Minor Collection (Allocation Rate)
[2026-04-03T01:00:40.659+0600][56.969s][info][gc,task     ] GC(48) Using 2 Workers for Young Generation
[2026-04-03T01:00:40.659+0600][56.969s][info][gc,phases   ] GC(48) y: Young Generation
[2026-04-03T01:00:40.659+0600][56.969s][info][gc,phases   ] GC(48) y: Pause Mark Start 0.093ms
[2026-04-03T01:00:40.857+0600][57.167s][info][gc,phases   ] GC(48) y: Concurrent Mark 197.491ms
[2026-04-03T01:00:40.857+0600][57.167s][info][gc,phases   ] GC(48) y: Pause Mark End 0.034ms
[2026-04-03T01:00:40.858+0600][57.168s][info][gc,phases   ] GC(48) y: Concurrent Mark Free 0.004ms
[2026-04-03T01:00:40.858+0600][57.168s][info][gc,phases   ] GC(48) y: Concurrent Reset Relocation Set 0.102ms
[2026-04-03T01:00:40.860+0600][57.170s][info][gc,reloc    ] GC(48) y: Using tenuring threshold: 2 (Computed)
[2026-04-03T01:00:40.863+0600][57.173s][info][gc,phases   ] GC(48) y: Concurrent Select Relocation Set 5.483ms
[2026-04-03T01:00:40.864+0600][57.174s][info][gc,phases   ] GC(48) y: Pause Relocate Start 0.056ms
[2026-04-03T01:00:40.920+0600][57.229s][info][gc,phases   ] GC(48) y: Concurrent Relocate 55.684ms
[2026-04-03T01:00:40.920+0600][57.230s][info][gc,alloc    ] GC(48) y:                         Mark Start        Mark End      Relocate Start    Relocate End   
[2026-04-03T01:00:40.920+0600][57.230s][info][gc,alloc    ] GC(48) y: Allocation Stalls:          0                0                0                0         
[2026-04-03T01:00:40.920+0600][57.230s][info][gc,load     ] GC(48) y: Load: 7.70 (64%) / 3.40 (28%) / 2.04 (17%)
[2026-04-03T01:00:40.920+0600][57.230s][info][gc,mmu      ] GC(48) y: MMU: 2ms/75.7%, 5ms/90.3%, 10ms/95.1%, 20ms/97.6%, 50ms/99.0%, 100ms/99.5%
[2026-04-03T01:00:40.920+0600][57.230s][info][gc,marking  ] GC(48) y: Mark: 2 stripe(s), 2 proactive flush(es), 1 terminate flush(es), 0 completion(s), 0 continuation(s) 
[2026-04-03T01:00:40.920+0600][57.230s][info][gc,marking  ] GC(48) y: Mark Stack Usage: 32M
[2026-04-03T01:00:40.920+0600][57.230s][info][gc,nmethod  ] GC(48) y: NMethods: 2729 registered, 761 unregistered
[2026-04-03T01:00:40.920+0600][57.230s][info][gc,metaspace] GC(48) y: Metaspace: 10M used, 10M committed, 1088M reserved
[2026-04-03T01:00:40.920+0600][57.230s][info][gc,reloc    ] GC(48) y:                        Candidates     Selected     In-Place         Size        Empty    Relocated 
[2026-04-03T01:00:40.920+0600][57.230s][info][gc,reloc    ] GC(48) y: Small Pages:                  148          110            0         296M          20M          25M 
[2026-04-03T01:00:40.920+0600][57.230s][info][gc,reloc    ] GC(48) y: Medium Pages:                   0            0            0           0M           0M           0M 
[2026-04-03T01:00:40.920+0600][57.230s][info][gc,reloc    ] GC(48) y: Large Pages:                    0            0            0           0M           0M           0M 
[2026-04-03T01:00:40.920+0600][57.230s][info][gc,reloc    ] GC(48) y: Forwarding Usage: 15M
[2026-04-03T01:00:40.920+0600][57.230s][info][gc,reloc    ] GC(48) y: Age Table:
[2026-04-03T01:00:40.920+0600][57.230s][info][gc,reloc    ] GC(48) y:                    Live             Garbage             Small              Medium             Large        
[2026-04-03T01:00:40.920+0600][57.230s][info][gc,reloc    ] GC(48) y: Eden              28M (1%)          239M (6%)         134 / 108            0 / 0              0 / 0        
[2026-04-03T01:00:40.920+0600][57.230s][info][gc,reloc    ] GC(48) y: Survivor 1        22M (1%)            5M (0%)          14 / 2              0 / 0              0 / 0        
[2026-04-03T01:00:40.920+0600][57.230s][info][gc,heap     ] GC(48) y: Min Capacity: 8M(0%)
[2026-04-03T01:00:40.920+0600][57.230s][info][gc,heap     ] GC(48) y: Max Capacity: 3922M(100%)
[2026-04-03T01:00:40.920+0600][57.230s][info][gc,heap     ] GC(48) y: Soft Max Capacity: 3529M(90%)
[2026-04-03T01:00:40.920+0600][57.230s][info][gc,heap     ] GC(48) y: Heap Statistics:
[2026-04-03T01:00:40.920+0600][57.230s][info][gc,heap     ] GC(48) y:                Mark Start          Mark End        Relocate Start      Relocate End           High               Low         
[2026-04-03T01:00:40.920+0600][57.230s][info][gc,heap     ] GC(48) y:  Capacity:     3236M (83%)        3236M (83%)        3236M (83%)        3236M (83%)        3236M (83%)        3236M (83%)    
[2026-04-03T01:00:40.920+0600][57.230s][info][gc,heap     ] GC(48) y:      Free:     2536M (65%)        2492M (64%)        2510M (64%)        2724M (69%)        2724M (69%)        2492M (64%)    
[2026-04-03T01:00:40.920+0600][57.230s][info][gc,heap     ] GC(48) y:      Used:     1386M (35%)        1430M (36%)        1412M (36%)        1198M (31%)        1430M (36%)        1198M (31%)    
[2026-04-03T01:00:40.920+0600][57.230s][info][gc,heap     ] GC(48) y: Young Generation Statistics:
[2026-04-03T01:00:40.920+0600][57.230s][info][gc,heap     ] GC(48) y:                Mark Start          Mark End        Relocate Start      Relocate End    
[2026-04-03T01:00:40.920+0600][57.230s][info][gc,heap     ] GC(48) y:      Used:      296M (8%)          340M (9%)          322M (8%)          108M (3%)     
[2026-04-03T01:00:40.920+0600][57.230s][info][gc,heap     ] GC(48) y:      Live:         -                50M (1%)           50M (1%)           50M (1%)     
[2026-04-03T01:00:40.920+0600][57.230s][info][gc,heap     ] GC(48) y:   Garbage:         -               245M (6%)          225M (6%)            1M (0%)     
[2026-04-03T01:00:40.920+0600][57.230s][info][gc,heap     ] GC(48) y: Allocated:         -                44M (1%)           46M (1%)           56M (1%)     
[2026-04-03T01:00:40.920+0600][57.230s][info][gc,heap     ] GC(48) y: Reclaimed:         -                  -                20M (1%)          244M (6%)     
[2026-04-03T01:00:40.920+0600][57.230s][info][gc,heap     ] GC(48) y:  Promoted:         -                  -                 0M (0%)            0M (0%)     
[2026-04-03T01:00:40.920+0600][57.230s][info][gc,heap     ] GC(48) y: Compacted:         -                  -                  -                29M (1%)     
[2026-04-03T01:00:40.920+0600][57.230s][info][gc,phases   ] GC(48) y: Young Generation 1386M(35%)->1198M(31%) 0.261s
[2026-04-03T01:00:40.920+0600][57.230s][info][gc          ] GC(48) Minor Collection (Allocation Rate) 1386M(35%)->1198M(31%) 0.261s
[2026-04-03T01:00:41.266+0600][57.576s][info][gc          ] GC(49) Minor Collection (Allocation Rate)
[2026-04-03T01:00:41.266+0600][57.576s][info][gc,task     ] GC(49) Using 2 Workers for Young Generation
[2026-04-03T01:00:41.266+0600][57.576s][info][gc,phases   ] GC(49) y: Young Generation
[2026-04-03T01:00:41.266+0600][57.576s][info][gc,phases   ] GC(49) y: Pause Mark Start 0.064ms
[2026-04-03T01:00:41.546+0600][57.855s][info][gc,phases   ] GC(49) y: Concurrent Mark 279.274ms
[2026-04-03T01:00:41.546+0600][57.856s][info][gc,phases   ] GC(49) y: Pause Mark End 0.092ms
[2026-04-03T01:00:41.546+0600][57.856s][info][gc,phases   ] GC(49) y: Concurrent Mark Free 0.005ms
[2026-04-03T01:00:41.546+0600][57.856s][info][gc,phases   ] GC(49) y: Concurrent Reset Relocation Set 0.024ms
[2026-04-03T01:00:41.551+0600][57.861s][info][gc,reloc    ] GC(49) y: Using tenuring threshold: 1 (Computed)
[2026-04-03T01:00:41.583+0600][57.893s][info][gc,phases   ] GC(49) y: Concurrent Select Relocation Set 36.684ms
[2026-04-03T01:00:41.583+0600][57.893s][info][gc,phases   ] GC(49) y: Pause Relocate Start 0.040ms
[2026-04-03T01:00:41.659+0600][57.969s][info][gc,phases   ] GC(49) y: Concurrent Relocate 75.669ms
[2026-04-03T01:00:41.659+0600][57.969s][info][gc,alloc    ] GC(49) y:                         Mark Start        Mark End      Relocate Start    Relocate End   
[2026-04-03T01:00:41.659+0600][57.969s][info][gc,alloc    ] GC(49) y: Allocation Stalls:          0                0                0                0         
[2026-04-03T01:00:41.659+0600][57.969s][info][gc,load     ] GC(49) y: Load: 7.70 (64%) / 3.40 (28%) / 2.04 (17%)
[2026-04-03T01:00:41.659+0600][57.969s][info][gc,mmu      ] GC(49) y: MMU: 2ms/75.7%, 5ms/90.3%, 10ms/95.1%, 20ms/97.6%, 50ms/99.0%, 100ms/99.5%
[2026-04-03T01:00:41.659+0600][57.969s][info][gc,marking  ] GC(49) y: Mark: 2 stripe(s), 10 proactive flush(es), 1 terminate flush(es), 0 completion(s), 0 continuation(s) 
[2026-04-03T01:00:41.659+0600][57.969s][info][gc,marking  ] GC(49) y: Mark Stack Usage: 32M
[2026-04-03T01:00:41.660+0600][57.969s][info][gc,nmethod  ] GC(49) y: NMethods: 2741 registered, 761 unregistered
[2026-04-03T01:00:41.660+0600][57.969s][info][gc,metaspace] GC(49) y: Metaspace: 10M used, 10M committed, 1088M reserved
[2026-04-03T01:00:41.660+0600][57.969s][info][gc,reloc    ] GC(49) y:                        Candidates     Selected     In-Place         Size        Empty    Relocated 
[2026-04-03T01:00:41.660+0600][57.969s][info][gc,reloc    ] GC(49) y: Small Pages:                   89           44            0         178M          30M           7M 
[2026-04-03T01:00:41.660+0600][57.969s][info][gc,reloc    ] GC(49) y: Medium Pages:                   0            0            0           0M           0M           0M 
[2026-04-03T01:00:41.660+0600][57.969s][info][gc,reloc    ] GC(49) y: Large Pages:                    0            0            0           0M           0M           0M 
[2026-04-03T01:00:41.660+0600][57.969s][info][gc,reloc    ] GC(49) y: Forwarding Usage: 4M
[2026-04-03T01:00:41.660+0600][57.969s][info][gc,reloc    ] GC(49) y: Age Table:
[2026-04-03T01:00:41.660+0600][57.969s][info][gc,reloc    ] GC(49) y:                    Live             Garbage             Small              Medium             Large        
[2026-04-03T01:00:41.660+0600][57.969s][info][gc,reloc    ] GC(49) y: Eden               6M (0%)          113M (3%)          60 / 42             0 / 0              0 / 0        
[2026-04-03T01:00:41.660+0600][57.969s][info][gc,reloc    ] GC(49) y: Survivor 1        26M (1%)            5M (0%)          16 / 2              0 / 0              0 / 0        
[2026-04-03T01:00:41.660+0600][57.969s][info][gc,reloc    ] GC(49) y: Survivor 2        22M (1%)            3M (0%)          13 / 0              0 / 0              0 / 0        
[2026-04-03T01:00:41.660+0600][57.969s][info][gc,heap     ] GC(49) y: Min Capacity: 8M(0%)
[2026-04-03T01:00:41.660+0600][57.969s][info][gc,heap     ] GC(49) y: Max Capacity: 3922M(100%)
[2026-04-03T01:00:41.660+0600][57.969s][info][gc,heap     ] GC(49) y: Soft Max Capacity: 3529M(90%)
[2026-04-03T01:00:41.660+0600][57.969s][info][gc,heap     ] GC(49) y: Heap Statistics:
[2026-04-03T01:00:41.660+0600][57.970s][info][gc,heap     ] GC(49) y:                Mark Start          Mark End        Relocate Start      Relocate End           High               Low         
[2026-04-03T01:00:41.660+0600][57.970s][info][gc,heap     ] GC(49) y:  Capacity:     3236M (83%)        3236M (83%)        3236M (83%)        3236M (83%)        3236M (83%)        3236M (83%)    
[2026-04-03T01:00:41.660+0600][57.970s][info][gc,heap     ] GC(49) y:      Free:     2654M (68%)        2574M (66%)        2594M (66%)        2656M (68%)        2672M (68%)        2572M (66%)    
[2026-04-03T01:00:41.660+0600][57.970s][info][gc,heap     ] GC(49) y:      Used:     1268M (32%)        1348M (34%)        1328M (34%)        1266M (32%)        1350M (34%)        1250M (32%)    
[2026-04-03T01:00:41.660+0600][57.970s][info][gc,heap     ] GC(49) y: Young Generation Statistics:
[2026-04-03T01:00:41.660+0600][57.970s][info][gc,heap     ] GC(49) y:                Mark Start          Mark End        Relocate Start      Relocate End    
[2026-04-03T01:00:41.660+0600][57.970s][info][gc,heap     ] GC(49) y:      Used:      178M (5%)          258M (7%)          190M (5%)          122M (3%)     
[2026-04-03T01:00:41.660+0600][57.970s][info][gc,heap     ] GC(49) y:      Live:         -                55M (1%)            9M (0%)            6M (0%)     
[2026-04-03T01:00:41.660+0600][57.970s][info][gc,heap     ] GC(49) y:   Garbage:         -               122M (3%)           90M (2%)            0M (0%)     
[2026-04-03T01:00:41.660+0600][57.970s][info][gc,heap     ] GC(49) y: Allocated:         -                80M (2%)           90M (2%)          115M (3%)     
[2026-04-03T01:00:41.660+0600][57.970s][info][gc,heap     ] GC(49) y: Reclaimed:         -                  -                32M (1%)          122M (3%)     
[2026-04-03T01:00:41.660+0600][57.970s][info][gc,heap     ] GC(49) y:  Promoted:         -                  -                45M (1%)           48M (1%)     
[2026-04-03T01:00:41.660+0600][57.970s][info][gc,heap     ] GC(49) y: Compacted:         -                  -                  -                 6M (0%)     
[2026-04-03T01:00:41.660+0600][57.970s][info][gc,phases   ] GC(49) y: Young Generation 1268M(32%)->1266M(32%) 0.394s
[2026-04-03T01:00:41.660+0600][57.970s][info][gc          ] GC(49) Minor Collection (Allocation Rate) 1268M(32%)->1266M(32%) 0.394s
[2026-04-03T01:00:42.644+0600][58.954s][info][gc          ] GC(50) Minor Collection (Allocation Rate)
[2026-04-03T01:00:42.644+0600][58.954s][info][gc,task     ] GC(50) Using 2 Workers for Young Generation
[2026-04-03T01:00:42.644+0600][58.954s][info][gc,phases   ] GC(50) y: Young Generation
[2026-04-03T01:00:42.645+0600][58.955s][info][gc,phases   ] GC(50) y: Pause Mark Start 0.033ms
[2026-04-03T01:00:42.713+0600][59.023s][info][gc,phases   ] GC(50) y: Concurrent Mark 68.086ms
[2026-04-03T01:00:42.713+0600][59.023s][info][gc,phases   ] GC(50) y: Pause Mark End 0.035ms
[2026-04-03T01:00:42.714+0600][59.023s][info][gc,phases   ] GC(50) y: Concurrent Mark Free 0.004ms
[2026-04-03T01:00:42.714+0600][59.024s][info][gc,phases   ] GC(50) y: Concurrent Reset Relocation Set 0.083ms
[2026-04-03T01:00:42.716+0600][59.026s][info][gc,reloc    ] GC(50) y: Using tenuring threshold: 2 (Computed)
[2026-04-03T01:00:42.717+0600][59.027s][info][gc,phases   ] GC(50) y: Concurrent Select Relocation Set 3.330ms
[2026-04-03T01:00:42.717+0600][59.027s][info][gc,phases   ] GC(50) y: Pause Relocate Start 0.018ms
[2026-04-03T01:00:42.728+0600][59.038s][info][gc,phases   ] GC(50) y: Concurrent Relocate 10.312ms
[2026-04-03T01:00:42.728+0600][59.038s][info][gc,alloc    ] GC(50) y:                         Mark Start        Mark End      Relocate Start    Relocate End   
[2026-04-03T01:00:42.728+0600][59.038s][info][gc,alloc    ] GC(50) y: Allocation Stalls:          0                0                0                0         
[2026-04-03T01:00:42.728+0600][59.038s][info][gc,load     ] GC(50) y: Load: 7.70 (64%) / 3.40 (28%) / 2.04 (17%)
[2026-04-03T01:00:42.728+0600][59.038s][info][gc,mmu      ] GC(50) y: MMU: 2ms/75.7%, 5ms/90.3%, 10ms/95.1%, 20ms/97.6%, 50ms/99.0%, 100ms/99.5%
[2026-04-03T01:00:42.728+0600][59.038s][info][gc,marking  ] GC(50) y: Mark: 2 stripe(s), 10 proactive flush(es), 1 terminate flush(es), 0 completion(s), 0 continuation(s) 
[2026-04-03T01:00:42.728+0600][59.038s][info][gc,marking  ] GC(50) y: Mark Stack Usage: 32M
[2026-04-03T01:00:42.728+0600][59.038s][info][gc,nmethod  ] GC(50) y: NMethods: 2742 registered, 761 unregistered
[2026-04-03T01:00:42.728+0600][59.038s][info][gc,metaspace] GC(50) y: Metaspace: 10M used, 10M committed, 1088M reserved
[2026-04-03T01:00:42.728+0600][59.038s][info][gc,reloc    ] GC(50) y:                        Candidates     Selected     In-Place         Size        Empty    Relocated 
[2026-04-03T01:00:42.728+0600][59.038s][info][gc,reloc    ] GC(50) y: Small Pages:                  223          201            0         446M          30M           8M 
[2026-04-03T01:00:42.728+0600][59.038s][info][gc,reloc    ] GC(50) y: Medium Pages:                   0            0            0           0M           0M           0M 
[2026-04-03T01:00:42.728+0600][59.038s][info][gc,reloc    ] GC(50) y: Large Pages:                    0            0            0           0M           0M           0M 
[2026-04-03T01:00:42.728+0600][59.038s][info][gc,reloc    ] GC(50) y: Forwarding Usage: 2M
[2026-04-03T01:00:42.728+0600][59.038s][info][gc,reloc    ] GC(50) y: Age Table:
[2026-04-03T01:00:42.728+0600][59.038s][info][gc,reloc    ] GC(50) y:                    Live             Garbage             Small              Medium             Large        
[2026-04-03T01:00:42.728+0600][59.038s][info][gc,reloc    ] GC(50) y: Eden               7M (0%)          428M (11%)        218 / 198            0 / 0              0 / 0        
[2026-04-03T01:00:42.728+0600][59.038s][info][gc,reloc    ] GC(50) y: Survivor 1         4M (0%)            5M (0%)           5 / 3              0 / 0              0 / 0        
[2026-04-03T01:00:42.728+0600][59.038s][info][gc,heap     ] GC(50) y: Min Capacity: 8M(0%)
[2026-04-03T01:00:42.728+0600][59.038s][info][gc,heap     ] GC(50) y: Max Capacity: 3922M(100%)
[2026-04-03T01:00:42.728+0600][59.038s][info][gc,heap     ] GC(50) y: Soft Max Capacity: 3529M(90%)
[2026-04-03T01:00:42.728+0600][59.038s][info][gc,heap     ] GC(50) y: Heap Statistics:
[2026-04-03T01:00:42.728+0600][59.038s][info][gc,heap     ] GC(50) y:                Mark Start          Mark End        Relocate Start      Relocate End           High               Low         
[2026-04-03T01:00:42.728+0600][59.038s][info][gc,heap     ] GC(50) y:  Capacity:     3236M (83%)        3236M (83%)        3236M (83%)        3236M (83%)        3236M (83%)        3236M (83%)    
[2026-04-03T01:00:42.728+0600][59.038s][info][gc,heap     ] GC(50) y:      Free:     2332M (59%)        2308M (59%)        2338M (60%)        2732M (70%)        2732M (70%)        2308M (59%)    
[2026-04-03T01:00:42.728+0600][59.038s][info][gc,heap     ] GC(50) y:      Used:     1590M (41%)        1614M (41%)        1584M (40%)        1190M (30%)        1614M (41%)        1190M (30%)    
[2026-04-03T01:00:42.728+0600][59.038s][info][gc,heap     ] GC(50) y: Young Generation Statistics:
[2026-04-03T01:00:42.728+0600][59.038s][info][gc,heap     ] GC(50) y:                Mark Start          Mark End        Relocate Start      Relocate End    
[2026-04-03T01:00:42.728+0600][59.038s][info][gc,heap     ] GC(50) y:      Used:      446M (11%)         470M (12%)         440M (11%)          46M (1%)     
[2026-04-03T01:00:42.728+0600][59.038s][info][gc,heap     ] GC(50) y:      Live:         -                11M (0%)           11M (0%)           11M (0%)     
[2026-04-03T01:00:42.728+0600][59.038s][info][gc,heap     ] GC(50) y:   Garbage:         -               434M (11%)         404M (10%)           0M (0%)     
[2026-04-03T01:00:42.728+0600][59.038s][info][gc,heap     ] GC(50) y: Allocated:         -                24M (1%)           24M (1%)           33M (1%)     
[2026-04-03T01:00:42.728+0600][59.038s][info][gc,heap     ] GC(50) y: Reclaimed:         -                  -                30M (1%)          433M (11%)    
[2026-04-03T01:00:42.728+0600][59.038s][info][gc,heap     ] GC(50) y:  Promoted:         -                  -                 0M (0%)            0M (0%)     
[2026-04-03T01:00:42.728+0600][59.038s][info][gc,heap     ] GC(50) y: Compacted:         -                  -                  -                 8M (0%)     
[2026-04-03T01:00:42.728+0600][59.038s][info][gc,phases   ] GC(50) y: Young Generation 1590M(41%)->1190M(30%) 0.083s
[2026-04-03T01:00:42.728+0600][59.038s][info][gc          ] GC(50) Minor Collection (Allocation Rate) 1590M(41%)->1190M(30%) 0.084s
[2026-04-03T01:00:43.549+0600][59.859s][info][gc,phases   ] GC(45) O: Concurrent Mark 4341.927ms
[2026-04-03T01:00:43.550+0600][59.860s][info][gc,phases   ] GC(45) O: Pause Mark End 0.025ms
[2026-04-03T01:00:43.550+0600][59.860s][info][gc,phases   ] GC(45) O: Concurrent Mark Free 0.001ms
[2026-04-03T01:00:43.558+0600][59.868s][info][gc,phases   ] GC(45) O: Concurrent Process Non-Strong 8.376ms
[2026-04-03T01:00:43.558+0600][59.868s][info][gc,phases   ] GC(45) O: Concurrent Reset Relocation Set 0.036ms
[2026-04-03T01:00:43.569+0600][59.879s][info][gc,phases   ] GC(45) O: Concurrent Select Relocation Set 11.191ms
[2026-04-03T01:00:43.569+0600][59.879s][info][gc,task     ] GC(45) O: Using 3 Workers for Old Generation
[2026-04-03T01:00:43.586+0600][59.896s][info][gc,task     ] GC(45) O: Using 1 Workers for Old Generation
[2026-04-03T01:00:43.586+0600][59.896s][info][gc,phases   ] GC(45) O: Concurrent Remap Roots 16.602ms
[2026-04-03T01:00:43.586+0600][59.896s][info][gc,phases   ] GC(45) O: Pause Relocate Start 0.035ms
[2026-04-03T01:00:43.776+0600][60.086s][info][gc,phases   ] GC(45) O: Concurrent Relocate 189.902ms
[2026-04-03T01:00:43.777+0600][60.086s][info][gc,alloc    ] GC(45) O:                         Mark Start        Mark End      Relocate Start    Relocate End   
[2026-04-03T01:00:43.777+0600][60.086s][info][gc,alloc    ] GC(45) O: Allocation Stalls:          0                0                0                0         
[2026-04-03T01:00:43.777+0600][60.086s][info][gc,load     ] GC(45) O: Load: 7.25 (60%) / 3.38 (28%) / 2.04 (17%)
[2026-04-03T01:00:43.777+0600][60.086s][info][gc,mmu      ] GC(45) O: MMU: 2ms/75.7%, 5ms/90.3%, 10ms/95.1%, 20ms/97.6%, 50ms/99.0%, 100ms/99.5%
[2026-04-03T01:00:43.777+0600][60.086s][info][gc,marking  ] GC(45) O: Mark: 1 stripe(s), 2 proactive flush(es), 1 terminate flush(es), 0 completion(s), 0 continuation(s) 
[2026-04-03T01:00:43.777+0600][60.086s][info][gc,marking  ] GC(45) O: Mark Stack Usage: 32M
[2026-04-03T01:00:43.777+0600][60.086s][info][gc,nmethod  ] GC(45) O: NMethods: 2651 registered, 852 unregistered
[2026-04-03T01:00:43.777+0600][60.086s][info][gc,metaspace] GC(45) O: Metaspace: 10M used, 10M committed, 1088M reserved
[2026-04-03T01:00:43.777+0600][60.086s][info][gc,ref      ] GC(45) O:                       Encountered   Discovered     Enqueued 
[2026-04-03T01:00:43.777+0600][60.086s][info][gc,ref      ] GC(45) O: Soft References:              274            0            0 
[2026-04-03T01:00:43.777+0600][60.086s][info][gc,ref      ] GC(45) O: Weak References:              529          383           22 
[2026-04-03T01:00:43.777+0600][60.086s][info][gc,ref      ] GC(45) O: Final References:               3            1            0 
[2026-04-03T01:00:43.777+0600][60.086s][info][gc,ref      ] GC(45) O: Phantom References:            54           40            0 
[2026-04-03T01:00:43.777+0600][60.086s][info][gc,reloc    ] GC(45) O:                        Candidates     Selected     In-Place         Size        Empty    Relocated 
[2026-04-03T01:00:43.777+0600][60.086s][info][gc,reloc    ] GC(45) O: Small Pages:                  454           33            0         908M          18M          23M 
[2026-04-03T01:00:43.777+0600][60.086s][info][gc,reloc    ] GC(45) O: Medium Pages:                   1            0            0          32M           0M           0M 
[2026-04-03T01:00:43.777+0600][60.086s][info][gc,reloc    ] GC(45) O: Large Pages:                    1            0            0           6M           6M           0M 
[2026-04-03T01:00:43.777+0600][60.086s][info][gc,reloc    ] GC(45) O: Forwarding Usage: 45M
[2026-04-03T01:00:43.777+0600][60.086s][info][gc,heap     ] GC(45) O: Min Capacity: 8M(0%)
[2026-04-03T01:00:43.777+0600][60.086s][info][gc,heap     ] GC(45) O: Max Capacity: 3922M(100%)
[2026-04-03T01:00:43.777+0600][60.086s][info][gc,heap     ] GC(45) O: Soft Max Capacity: 3529M(90%)
[2026-04-03T01:00:43.777+0600][60.086s][info][gc,heap     ] GC(45) O: Heap Statistics:
[2026-04-03T01:00:43.777+0600][60.086s][info][gc,heap     ] GC(45) O:                Mark Start          Mark End        Relocate Start      Relocate End           High               Low         
[2026-04-03T01:00:43.777+0600][60.087s][info][gc,heap     ] GC(45) O:  Capacity:     3236M (83%)        3236M (83%)        3236M (83%)        3236M (83%)        3236M (83%)        3236M (83%)    
[2026-04-03T01:00:43.777+0600][60.087s][info][gc,heap     ] GC(45) O:      Free:     2592M (66%)        2326M (59%)        2334M (60%)        2324M (59%)        2732M (70%)        2286M (58%)    
[2026-04-03T01:00:43.777+0600][60.087s][info][gc,heap     ] GC(45) O:      Used:     1330M (34%)        1596M (41%)        1588M (40%)        1598M (41%)        1636M (42%)        1190M (30%)    
[2026-04-03T01:00:43.777+0600][60.087s][info][gc,heap     ] GC(45) O: Old Generation Statistics:
[2026-04-03T01:00:43.777+0600][60.087s][info][gc,heap     ] GC(45) O:                Mark Start          Mark End        Relocate Start      Relocate End    
[2026-04-03T01:00:43.777+0600][60.087s][info][gc,heap     ] GC(45) O:      Used:      946M (24%)        1144M (29%)        1120M (29%)        1040M (27%)    
[2026-04-03T01:00:43.777+0600][60.087s][info][gc,heap     ] GC(45) O:      Live:         -               777M (20%)         777M (20%)         777M (20%)    
[2026-04-03T01:00:43.777+0600][60.087s][info][gc,heap     ] GC(45) O:   Garbage:         -               168M (4%)          144M (4%)           63M (2%)     
[2026-04-03T01:00:43.777+0600][60.087s][info][gc,heap     ] GC(45) O: Allocated:         -               198M (5%)          198M (5%)          198M (5%)     
[2026-04-03T01:00:43.777+0600][60.087s][info][gc,heap     ] GC(45) O: Reclaimed:         -                  -                24M (1%)          104M (3%)     
[2026-04-03T01:00:43.777+0600][60.087s][info][gc,heap     ] GC(45) O: Compacted:         -                  -                  -               103M (3%)     
[2026-04-03T01:00:43.777+0600][60.087s][info][gc,phases   ] GC(45) O: Old Generation 1374M(35%)->1598M(41%) 4.569s
[2026-04-03T01:00:43.777+0600][60.087s][info][gc          ] GC(45) Major Collection (Allocation Rate) 1330M(34%)->1598M(41%) 5.310s
[2026-04-03T01:00:44.792+0600][61.102s][info][gc          ] GC(51) Minor Collection (Allocation Rate)
[2026-04-03T01:00:44.792+0600][61.102s][info][gc,task     ] GC(51) Using 1 Workers for Young Generation
[2026-04-03T01:00:44.792+0600][61.102s][info][gc,phases   ] GC(51) y: Young Generation
[2026-04-03T01:00:44.792+0600][61.102s][info][gc,phases   ] GC(51) y: Pause Mark Start 0.017ms
[2026-04-03T01:00:45.003+0600][61.313s][info][gc,phases   ] GC(51) y: Concurrent Mark 211.055ms
[2026-04-03T01:00:45.004+0600][61.313s][info][gc,phases   ] GC(51) y: Pause Mark End 0.020ms
[2026-04-03T01:00:45.004+0600][61.314s][info][gc,phases   ] GC(51) y: Concurrent Mark Free 0.002ms
[2026-04-03T01:00:45.004+0600][61.314s][info][gc,phases   ] GC(51) y: Concurrent Reset Relocation Set 0.014ms
[2026-04-03T01:00:45.005+0600][61.315s][info][gc,reloc    ] GC(51) y: Using tenuring threshold: 3 (Computed)
[2026-04-03T01:00:45.020+0600][61.330s][info][gc,phases   ] GC(51) y: Concurrent Select Relocation Set 16.551ms
[2026-04-03T01:00:45.021+0600][61.330s][info][gc,phases   ] GC(51) y: Pause Relocate Start 0.018ms
[2026-04-03T01:00:45.102+0600][61.412s][info][gc,phases   ] GC(51) y: Concurrent Relocate 81.804ms
[2026-04-03T01:00:45.103+0600][61.412s][info][gc,alloc    ] GC(51) y:                         Mark Start        Mark End      Relocate Start    Relocate End   
[2026-04-03T01:00:45.103+0600][61.412s][info][gc,alloc    ] GC(51) y: Allocation Stalls:          0                0                0                0         
[2026-04-03T01:00:45.103+0600][61.412s][info][gc,load     ] GC(51) y: Load: 7.25 (60%) / 3.38 (28%) / 2.04 (17%)
[2026-04-03T01:00:45.103+0600][61.412s][info][gc,mmu      ] GC(51) y: MMU: 2ms/75.7%, 5ms/90.3%, 10ms/95.1%, 20ms/97.6%, 50ms/99.0%, 100ms/99.5%
[2026-04-03T01:00:45.103+0600][61.412s][info][gc,marking  ] GC(51) y: Mark: 1 stripe(s), 2 proactive flush(es), 1 terminate flush(es), 0 completion(s), 0 continuation(s) 
[2026-04-03T01:00:45.103+0600][61.412s][info][gc,marking  ] GC(51) y: Mark Stack Usage: 32M
[2026-04-03T01:00:45.103+0600][61.412s][info][gc,nmethod  ] GC(51) y: NMethods: 2681 registered, 852 unregistered
[2026-04-03T01:00:45.103+0600][61.412s][info][gc,metaspace] GC(51) y: Metaspace: 10M used, 10M committed, 1088M reserved
[2026-04-03T01:00:45.103+0600][61.412s][info][gc,reloc    ] GC(51) y:                        Candidates     Selected     In-Place         Size        Empty    Relocated 
[2026-04-03T01:00:45.103+0600][61.412s][info][gc,reloc    ] GC(51) y: Small Pages:                  605          569            0        1210M           0M          48M 
[2026-04-03T01:00:45.103+0600][61.412s][info][gc,reloc    ] GC(51) y: Medium Pages:                   1            0            0          32M           0M           0M 
[2026-04-03T01:00:45.103+0600][61.412s][info][gc,reloc    ] GC(51) y: Large Pages:                    0            0            0           0M           0M           0M 
[2026-04-03T01:00:45.103+0600][61.412s][info][gc,reloc    ] GC(51) y: Forwarding Usage: 21M
[2026-04-03T01:00:45.103+0600][61.413s][info][gc,reloc    ] GC(51) y: Age Table:
[2026-04-03T01:00:45.103+0600][61.413s][info][gc,reloc    ] GC(51) y:                    Live             Garbage             Small              Medium             Large        
[2026-04-03T01:00:45.103+0600][61.413s][info][gc,reloc    ] GC(51) y: Eden              57M (1%)         1166M (30%)        596 / 564            1 / 0              0 / 0        
[2026-04-03T01:00:45.103+0600][61.413s][info][gc,reloc    ] GC(51) y: Survivor 1         4M (0%)            5M (0%)           5 / 1              0 / 0              0 / 0        
[2026-04-03T01:00:45.103+0600][61.413s][info][gc,reloc    ] GC(51) y: Survivor 2         0M (0%)            7M (0%)           4 / 4              0 / 0              0 / 0        
[2026-04-03T01:00:45.103+0600][61.413s][info][gc,heap     ] GC(51) y: Min Capacity: 8M(0%)
[2026-04-03T01:00:45.103+0600][61.413s][info][gc,heap     ] GC(51) y: Max Capacity: 3922M(100%)
[2026-04-03T01:00:45.103+0600][61.413s][info][gc,heap     ] GC(51) y: Soft Max Capacity: 3529M(90%)
[2026-04-03T01:00:45.103+0600][61.413s][info][gc,heap     ] GC(51) y: Heap Statistics:
[2026-04-03T01:00:45.103+0600][61.413s][info][gc,heap     ] GC(51) y:                Mark Start          Mark End        Relocate Start      Relocate End           High               Low         
[2026-04-03T01:00:45.103+0600][61.413s][info][gc,heap     ] GC(51) y:  Capacity:     3236M (83%)        3236M (83%)        3236M (83%)        3236M (83%)        3236M (83%)        3236M (83%)    
[2026-04-03T01:00:45.103+0600][61.413s][info][gc,heap     ] GC(51) y:      Free:     1640M (42%)        1482M (38%)        1468M (37%)        2568M (65%)        2568M (65%)        1464M (37%)    
[2026-04-03T01:00:45.103+0600][61.413s][info][gc,heap     ] GC(51) y:      Used:     2282M (58%)        2440M (62%)        2454M (63%)        1354M (35%)        2458M (63%)        1354M (35%)    
[2026-04-03T01:00:45.103+0600][61.413s][info][gc,heap     ] GC(51) y: Young Generation Statistics:
[2026-04-03T01:00:45.103+0600][61.413s][info][gc,heap     ] GC(51) y:                Mark Start          Mark End        Relocate Start      Relocate End    
[2026-04-03T01:00:45.103+0600][61.413s][info][gc,heap     ] GC(51) y:      Used:     1242M (32%)        1400M (36%)        1414M (36%)         314M (8%)     
[2026-04-03T01:00:45.103+0600][61.413s][info][gc,heap     ] GC(51) y:      Live:         -                61M (2%)           61M (2%)           61M (2%)     
[2026-04-03T01:00:45.103+0600][61.413s][info][gc,heap     ] GC(51) y:   Garbage:         -              1180M (30%)        1180M (30%)          33M (1%)     
[2026-04-03T01:00:45.103+0600][61.413s][info][gc,heap     ] GC(51) y: Allocated:         -               158M (4%)          172M (4%)          218M (6%)     
[2026-04-03T01:00:45.103+0600][61.413s][info][gc,heap     ] GC(51) y: Reclaimed:         -                  -                 0M (0%)         1146M (29%)    
[2026-04-03T01:00:45.103+0600][61.413s][info][gc,heap     ] GC(51) y:  Promoted:         -                  -                 0M (0%)            0M (0%)     
[2026-04-03T01:00:45.103+0600][61.413s][info][gc,heap     ] GC(51) y: Compacted:         -                  -                  -                57M (1%)     
[2026-04-03T01:00:45.103+0600][61.413s][info][gc,phases   ] GC(51) y: Young Generation 2282M(58%)->1354M(35%) 0.311s
[2026-04-03T01:00:45.103+0600][61.413s][info][gc          ] GC(51) Minor Collection (Allocation Rate) 2282M(58%)->1354M(35%) 0.311s
[2026-04-03T01:00:46.240+0600][62.550s][info][gc          ] GC(52) Minor Collection (Allocation Rate)
[2026-04-03T01:00:46.240+0600][62.550s][info][gc,task     ] GC(52) Using 1 Workers for Young Generation
[2026-04-03T01:00:46.240+0600][62.550s][info][gc,phases   ] GC(52) y: Young Generation
[2026-04-03T01:00:46.240+0600][62.550s][info][gc,phases   ] GC(52) y: Pause Mark Start 0.019ms
[2026-04-03T01:00:46.703+0600][63.012s][info][gc,phases   ] GC(52) y: Concurrent Mark 462.105ms
[2026-04-03T01:00:46.703+0600][63.013s][info][gc,phases   ] GC(52) y: Pause Mark End 0.022ms
[2026-04-03T01:00:46.703+0600][63.013s][info][gc,phases   ] GC(52) y: Concurrent Mark Free 0.002ms
[2026-04-03T01:00:46.703+0600][63.013s][info][gc,phases   ] GC(52) y: Concurrent Reset Relocation Set 0.046ms
[2026-04-03T01:00:46.705+0600][63.014s][info][gc,reloc    ] GC(52) y: Using tenuring threshold: 4 (Computed)
[2026-04-03T01:00:46.731+0600][63.041s][info][gc,phases   ] GC(52) y: Concurrent Select Relocation Set 27.929ms
[2026-04-03T01:00:46.731+0600][63.041s][info][gc,phases   ] GC(52) y: Pause Relocate Start 0.019ms
[2026-04-03T01:00:46.927+0600][63.237s][info][gc,phases   ] GC(52) y: Concurrent Relocate 195.450ms
[2026-04-03T01:00:46.927+0600][63.237s][info][gc,alloc    ] GC(52) y:                         Mark Start        Mark End      Relocate Start    Relocate End   
[2026-04-03T01:00:46.927+0600][63.237s][info][gc,alloc    ] GC(52) y: Allocation Stalls:          0                0                0                0         
[2026-04-03T01:00:46.927+0600][63.237s][info][gc,load     ] GC(52) y: Load: 7.25 (60%) / 3.38 (28%) / 2.04 (17%)
[2026-04-03T01:00:46.927+0600][63.237s][info][gc,mmu      ] GC(52) y: MMU: 2ms/75.7%, 5ms/90.3%, 10ms/95.1%, 20ms/97.6%, 50ms/99.0%, 100ms/99.5%
[2026-04-03T01:00:46.927+0600][63.237s][info][gc,marking  ] GC(52) y: Mark: 1 stripe(s), 2 proactive flush(es), 1 terminate flush(es), 0 completion(s), 0 continuation(s) 
[2026-04-03T01:00:46.927+0600][63.237s][info][gc,marking  ] GC(52) y: Mark Stack Usage: 32M
[2026-04-03T01:00:46.927+0600][63.237s][info][gc,nmethod  ] GC(52) y: NMethods: 2692 registered, 852 unregistered
[2026-04-03T01:00:46.927+0600][63.237s][info][gc,metaspace] GC(52) y: Metaspace: 10M used, 10M committed, 1088M reserved
[2026-04-03T01:00:46.927+0600][63.237s][info][gc,reloc    ] GC(52) y:                        Candidates     Selected     In-Place         Size        Empty    Relocated 
[2026-04-03T01:00:46.927+0600][63.237s][info][gc,reloc    ] GC(52) y: Small Pages:                  654          548            0        1308M          52M         104M 
[2026-04-03T01:00:46.927+0600][63.237s][info][gc,reloc    ] GC(52) y: Medium Pages:                   2            0            0          64M          32M           0M 
[2026-04-03T01:00:46.927+0600][63.237s][info][gc,reloc    ] GC(52) y: Large Pages:                    0            0            0           0M           0M           0M 
[2026-04-03T01:00:46.927+0600][63.237s][info][gc,reloc    ] GC(52) y: Forwarding Usage: 55M
[2026-04-03T01:00:46.927+0600][63.237s][info][gc,reloc    ] GC(52) y: Age Table:
[2026-04-03T01:00:46.927+0600][63.237s][info][gc,reloc    ] GC(52) y:                    Live             Garbage             Small              Medium             Large        
[2026-04-03T01:00:46.927+0600][63.237s][info][gc,reloc    ] GC(52) y: Eden             124M (3%)         1145M (29%)        619 / 533            1 / 0              0 / 0        
[2026-04-03T01:00:46.927+0600][63.237s][info][gc,reloc    ] GC(52) y: Survivor 1        12M (0%)           79M (2%)          30 / 13             1 / 0              0 / 0        
[2026-04-03T01:00:46.927+0600][63.237s][info][gc,reloc    ] GC(52) y: Survivor 2         4M (0%)            3M (0%)           4 / 1              0 / 0              0 / 0        
[2026-04-03T01:00:46.927+0600][63.237s][info][gc,reloc    ] GC(52) y: Survivor 3         0M (0%)            1M (0%)           1 / 1              0 / 0              0 / 0        
[2026-04-03T01:00:46.927+0600][63.237s][info][gc,heap     ] GC(52) y: Min Capacity: 8M(0%)
[2026-04-03T01:00:46.927+0600][63.237s][info][gc,heap     ] GC(52) y: Max Capacity: 3922M(100%)
[2026-04-03T01:00:46.927+0600][63.237s][info][gc,heap     ] GC(52) y: Soft Max Capacity: 3529M(90%)
[2026-04-03T01:00:46.927+0600][63.237s][info][gc,heap     ] GC(52) y: Heap Statistics:
[2026-04-03T01:00:46.927+0600][63.237s][info][gc,heap     ] GC(52) y:                Mark Start          Mark End        Relocate Start      Relocate End           High               Low         
[2026-04-03T01:00:46.927+0600][63.237s][info][gc,heap     ] GC(52) y:  Capacity:     3236M (83%)        3236M (83%)        3236M (83%)        3236M (83%)        3236M (83%)        3236M (83%)    
[2026-04-03T01:00:46.927+0600][63.237s][info][gc,heap     ] GC(52) y:      Free:     1510M (39%)        1118M (29%)        1178M (30%)        2166M (55%)        2166M (55%)        1116M (28%)    
[2026-04-03T01:00:46.927+0600][63.237s][info][gc,heap     ] GC(52) y:      Used:     2412M (61%)        2804M (71%)        2744M (70%)        1756M (45%)        2806M (72%)        1756M (45%)    
[2026-04-03T01:00:46.927+0600][63.237s][info][gc,heap     ] GC(52) y: Young Generation Statistics:
[2026-04-03T01:00:46.927+0600][63.237s][info][gc,heap     ] GC(52) y:                Mark Start          Mark End        Relocate Start      Relocate End    
[2026-04-03T01:00:46.927+0600][63.237s][info][gc,heap     ] GC(52) y:      Used:     1372M (35%)        1764M (45%)        1704M (43%)         716M (18%)    
[2026-04-03T01:00:46.927+0600][63.237s][info][gc,heap     ] GC(52) y:      Live:         -               141M (4%)          141M (4%)          141M (4%)     
[2026-04-03T01:00:46.927+0600][63.237s][info][gc,heap     ] GC(52) y:   Garbage:         -              1230M (31%)        1146M (29%)          31M (1%)     
[2026-04-03T01:00:46.927+0600][63.237s][info][gc,heap     ] GC(52) y: Allocated:         -               392M (10%)         416M (11%)         542M (14%)    
[2026-04-03T01:00:46.927+0600][63.237s][info][gc,heap     ] GC(52) y: Reclaimed:         -                  -                84M (2%)         1198M (31%)    
[2026-04-03T01:00:46.927+0600][63.237s][info][gc,heap     ] GC(52) y:  Promoted:         -                  -                 0M (0%)            0M (0%)     
[2026-04-03T01:00:46.927+0600][63.237s][info][gc,heap     ] GC(52) y: Compacted:         -                  -                  -               125M (3%)     
[2026-04-03T01:00:46.927+0600][63.237s][info][gc,phases   ] GC(52) y: Young Generation 2412M(61%)->1756M(45%) 0.687s
[2026-04-03T01:00:46.927+0600][63.237s][info][gc          ] GC(52) Minor Collection (Allocation Rate) 2412M(61%)->1758M(45%) 0.687s
[2026-04-03T01:00:47.804+0600][64.114s][info][gc          ] GC(53) Minor Collection (Allocation Rate)
[2026-04-03T01:00:47.804+0600][64.114s][info][gc,task     ] GC(53) Using 2 Workers for Young Generation
[2026-04-03T01:00:47.804+0600][64.114s][info][gc,phases   ] GC(53) y: Young Generation
[2026-04-03T01:00:47.804+0600][64.114s][info][gc,phases   ] GC(53) y: Pause Mark Start 0.020ms
[2026-04-03T01:00:48.207+0600][64.517s][info][gc,phases   ] GC(53) y: Concurrent Mark 402.696ms
[2026-04-03T01:00:48.207+0600][64.517s][info][gc,phases   ] GC(53) y: Pause Mark End 0.030ms
[2026-04-03T01:00:48.207+0600][64.517s][info][gc,phases   ] GC(53) y: Concurrent Mark Free 0.002ms
[2026-04-03T01:00:48.207+0600][64.517s][info][gc,phases   ] GC(53) y: Concurrent Reset Relocation Set 0.100ms
[2026-04-03T01:00:48.210+0600][64.519s][info][gc,reloc    ] GC(53) y: Using tenuring threshold: 5 (Computed)
[2026-04-03T01:00:48.219+0600][64.529s][info][gc,phases   ] GC(53) y: Concurrent Select Relocation Set 11.496ms
[2026-04-03T01:00:48.219+0600][64.529s][info][gc,phases   ] GC(53) y: Pause Relocate Start 0.035ms
[2026-04-03T01:00:48.359+0600][64.669s][info][gc,phases   ] GC(53) y: Concurrent Relocate 139.823ms
[2026-04-03T01:00:48.359+0600][64.669s][info][gc,alloc    ] GC(53) y:                         Mark Start        Mark End      Relocate Start    Relocate End   
[2026-04-03T01:00:48.359+0600][64.669s][info][gc,alloc    ] GC(53) y: Allocation Stalls:          0                0                0                0         
[2026-04-03T01:00:48.359+0600][64.669s][info][gc,load     ] GC(53) y: Load: 7.25 (60%) / 3.38 (28%) / 2.04 (17%)
[2026-04-03T01:00:48.359+0600][64.669s][info][gc,mmu      ] GC(53) y: MMU: 2ms/75.7%, 5ms/90.3%, 10ms/95.1%, 20ms/97.6%, 50ms/99.0%, 100ms/99.5%
[2026-04-03T01:00:48.359+0600][64.669s][info][gc,marking  ] GC(53) y: Mark: 2 stripe(s), 2 proactive flush(es), 1 terminate flush(es), 0 completion(s), 0 continuation(s) 
[2026-04-03T01:00:48.359+0600][64.669s][info][gc,marking  ] GC(53) y: Mark Stack Usage: 32M
[2026-04-03T01:00:48.359+0600][64.669s][info][gc,nmethod  ] GC(53) y: NMethods: 2692 registered, 852 unregistered
[2026-04-03T01:00:48.359+0600][64.669s][info][gc,metaspace] GC(53) y: Metaspace: 10M used, 10M committed, 1088M reserved
[2026-04-03T01:00:48.359+0600][64.669s][info][gc,reloc    ] GC(53) y:                        Candidates     Selected     In-Place         Size        Empty    Relocated 
[2026-04-03T01:00:48.359+0600][64.669s][info][gc,reloc    ] GC(53) y: Small Pages:                  565          409            0        1130M         102M          89M 
[2026-04-03T01:00:48.359+0600][64.669s][info][gc,reloc    ] GC(53) y: Medium Pages:                   1            0            0          32M          32M           0M 
[2026-04-03T01:00:48.359+0600][64.669s][info][gc,reloc    ] GC(53) y: Large Pages:                    0            0            0           0M           0M           0M 
[2026-04-03T01:00:48.359+0600][64.669s][info][gc,reloc    ] GC(53) y: Forwarding Usage: 61M
[2026-04-03T01:00:48.359+0600][64.669s][info][gc,reloc    ] GC(53) y: Age Table:
[2026-04-03T01:00:48.359+0600][64.669s][info][gc,reloc    ] GC(53) y:                    Live             Garbage             Small              Medium             Large        
[2026-04-03T01:00:48.359+0600][64.669s][info][gc,reloc    ] GC(53) y: Eden              88M (2%)          895M (23%)        492 / 391            0 / 0              0 / 0        
[2026-04-03T01:00:48.359+0600][64.669s][info][gc,reloc    ] GC(53) y: Survivor 1        80M (2%)           75M (2%)          62 / 17             1 / 0              0 / 0        
[2026-04-03T01:00:48.359+0600][64.669s][info][gc,reloc    ] GC(53) y: Survivor 2        12M (0%)            1M (0%)           7 / 0              0 / 0              0 / 0        
[2026-04-03T01:00:48.359+0600][64.669s][info][gc,reloc    ] GC(53) y: Survivor 3         4M (0%)            1M (0%)           3 / 0              0 / 0              0 / 0        
[2026-04-03T01:00:48.359+0600][64.669s][info][gc,reloc    ] GC(53) y: Survivor 4         0M (0%)            1M (0%)           1 / 1              0 / 0              0 / 0        
[2026-04-03T01:00:48.359+0600][64.669s][info][gc,heap     ] GC(53) y: Min Capacity: 8M(0%)
[2026-04-03T01:00:48.359+0600][64.669s][info][gc,heap     ] GC(53) y: Max Capacity: 3922M(100%)
[2026-04-03T01:00:48.359+0600][64.669s][info][gc,heap     ] GC(53) y: Soft Max Capacity: 3529M(90%)
[2026-04-03T01:00:48.359+0600][64.669s][info][gc,heap     ] GC(53) y: Heap Statistics:
[2026-04-03T01:00:48.359+0600][64.669s][info][gc,heap     ] GC(53) y:                Mark Start          Mark End        Relocate Start      Relocate End           High               Low         
[2026-04-03T01:00:48.359+0600][64.669s][info][gc,heap     ] GC(53) y:  Capacity:     3236M (83%)        3236M (83%)        3236M (83%)        3236M (83%)        3236M (83%)        3236M (83%)    
[2026-04-03T01:00:48.359+0600][64.669s][info][gc,heap     ] GC(53) y:      Free:     1720M (44%)        1386M (35%)        1512M (39%)        2258M (58%)        2258M (58%)        1386M (35%)    
[2026-04-03T01:00:48.359+0600][64.669s][info][gc,heap     ] GC(53) y:      Used:     2202M (56%)        2536M (65%)        2410M (61%)        1664M (42%)        2536M (65%)        1664M (42%)    
[2026-04-03T01:00:48.359+0600][64.669s][info][gc,heap     ] GC(53) y: Young Generation Statistics:
[2026-04-03T01:00:48.359+0600][64.669s][info][gc,heap     ] GC(53) y:                Mark Start          Mark End        Relocate Start      Relocate End    
[2026-04-03T01:00:48.359+0600][64.669s][info][gc,heap     ] GC(53) y:      Used:     1162M (30%)        1496M (38%)        1370M (35%)         624M (16%)    
[2026-04-03T01:00:48.359+0600][64.669s][info][gc,heap     ] GC(53) y:      Live:         -               186M (5%)          186M (5%)          186M (5%)     
[2026-04-03T01:00:48.359+0600][64.669s][info][gc,heap     ] GC(53) y:   Garbage:         -               975M (25%)         841M (21%)           8M (0%)     
[2026-04-03T01:00:48.359+0600][64.669s][info][gc,heap     ] GC(53) y: Allocated:         -               334M (9%)          342M (9%)          429M (11%)    
[2026-04-03T01:00:48.359+0600][64.669s][info][gc,heap     ] GC(53) y: Reclaimed:         -                  -               134M (3%)          967M (25%)    
[2026-04-03T01:00:48.359+0600][64.669s][info][gc,heap     ] GC(53) y:  Promoted:         -                  -                 0M (0%)            0M (0%)     
[2026-04-03T01:00:48.359+0600][64.669s][info][gc,heap     ] GC(53) y: Compacted:         -                  -                  -               106M (3%)     
[2026-04-03T01:00:48.359+0600][64.669s][info][gc,phases   ] GC(53) y: Young Generation 2202M(56%)->1664M(42%) 0.555s
[2026-04-03T01:00:48.359+0600][64.669s][info][gc          ] GC(53) Minor Collection (Allocation Rate) 2202M(56%)->1664M(42%) 0.556s
[2026-04-03T01:00:49.345+0600][65.655s][info][gc,exit     ] Stopping ZGC
[2026-04-03T01:00:49.360+0600][65.669s][info][gc,stats    ] === Garbage Collection Statistics =======================================================================================================================
[2026-04-03T01:00:49.360+0600][65.670s][info][gc,stats    ]                                                              Last 10s              Last 10m              Last 10h                Total
[2026-04-03T01:00:49.360+0600][65.670s][info][gc,stats    ]                                                              Avg / Max             Avg / Max             Avg / Max             Avg / Max
[2026-04-03T01:00:49.360+0600][65.670s][info][gc,stats    ]        Contention: Mark Segment Reset Contention                     0 / 1                 1 / 23                1 / 23                1 / 23          ops/s
[2026-04-03T01:00:49.360+0600][65.670s][info][gc,stats    ]        Contention: Mark SeqNum Reset Contention                      0 / 0                 0 / 1                 0 / 1                 0 / 1           ops/s
[2026-04-03T01:00:49.360+0600][65.670s][info][gc,stats    ]          Critical: Allocation Stall                                  0 / 0                 0 / 0                 0 / 0                 0 / 0           ops/s
[2026-04-03T01:00:49.360+0600][65.670s][info][gc,stats    ]          Critical: Allocation Stall                              0.000 / 0.000         0.000 / 0.000         0.000 / 0.000         0.000 / 0.000       ms
[2026-04-03T01:00:49.360+0600][65.670s][info][gc,stats    ]          Critical: JNI Critical Stall                                0 / 0                 0 / 0                 0 / 0                 0 / 0           ops/s
[2026-04-03T01:00:49.360+0600][65.670s][info][gc,stats    ]          Critical: JNI Critical Stall                            0.000 / 0.000         0.000 / 0.000         0.000 / 0.000         0.000 / 0.000       ms
[2026-04-03T01:00:49.360+0600][65.670s][info][gc,stats    ]          Critical: Relocation Stall                                  0 / 0                 0 / 0                 0 / 0                 0 / 0           ops/s
[2026-04-03T01:00:49.360+0600][65.670s][info][gc,stats    ]          Critical: Relocation Stall                              0.000 / 0.000         0.000 / 0.000         0.000 / 0.000         0.000 / 0.000       ms
[2026-04-03T01:00:49.360+0600][65.670s][info][gc,stats    ]  Major Collection: Major Collection                           5309.755 / 5309.755   2064.279 / 6381.028   2064.279 / 6381.028   2064.279 / 6381.028    ms
[2026-04-03T01:00:49.360+0600][65.670s][info][gc,stats    ]            Memory: Allocation Rate                                 515 / 1022            841 / 1600            841 / 1600            841 / 1600        MB/s
[2026-04-03T01:00:49.360+0600][65.670s][info][gc,stats    ]            Memory: Defragment                                        0 / 0                 1 / 56                1 / 56                1 / 56          ops/s
[2026-04-03T01:00:49.360+0600][65.670s][info][gc,stats    ]            Memory: Out Of Memory                                     0 / 0                 0 / 0                 0 / 0                 0 / 0           ops/s
[2026-04-03T01:00:49.360+0600][65.670s][info][gc,stats    ]            Memory: Page Cache Flush                                  0 / 0                 2 / 112               2 / 112               2 / 112         MB/s
[2026-04-03T01:00:49.360+0600][65.670s][info][gc,stats    ]            Memory: Page Cache Hit L1                               283 / 544             416 / 825             416 / 825             416 / 825         ops/s
[2026-04-03T01:00:49.360+0600][65.670s][info][gc,stats    ]            Memory: Page Cache Hit L2                                 0 / 0                 0 / 0                 0 / 0                 0 / 0           ops/s
[2026-04-03T01:00:49.360+0600][65.670s][info][gc,stats    ]            Memory: Page Cache Hit L3                                 0 / 0                 2 / 82                2 / 82                2 / 82          ops/s
[2026-04-03T01:00:49.360+0600][65.670s][info][gc,stats    ]            Memory: Page Cache Miss                                   0 / 0                21 / 298              21 / 298              21 / 298         ops/s
[2026-04-03T01:00:49.360+0600][65.670s][info][gc,stats    ]            Memory: Uncommit                                          0 / 0                 0 / 0                 0 / 0                 0 / 0           MB/s
[2026-04-03T01:00:49.360+0600][65.670s][info][gc,stats    ]            Memory: Undo Object Allocation Failed                     0 / 0                 0 / 0                 0 / 0                 0 / 0           ops/s
[2026-04-03T01:00:49.360+0600][65.670s][info][gc,stats    ]            Memory: Undo Object Allocation Succeeded                  0 / 0                 0 / 11                0 / 11                0 / 11          ops/s
[2026-04-03T01:00:49.360+0600][65.670s][info][gc,stats    ]            Memory: Undo Page Allocation                              0 / 0                 0 / 7                 0 / 7                 0 / 7           ops/s
[2026-04-03T01:00:49.360+0600][65.670s][info][gc,stats    ]  Minor Collection: Minor Collection                            467.913 / 771.723     500.713 / 798.740     500.713 / 798.740     500.713 / 798.740     ms
[2026-04-03T01:00:49.360+0600][65.670s][info][gc,stats    ]    Old Generation: Old Generation                             4568.986 / 4568.986   1602.324 / 5908.528   1602.324 / 5908.528   1602.324 / 5908.528    ms
[2026-04-03T01:00:49.360+0600][65.670s][info][gc,stats    ]         Old Pause: Pause Mark End                                0.025 / 0.025         0.056 / 0.172         0.056 / 0.172         0.056 / 0.172       ms
[2026-04-03T01:00:49.360+0600][65.670s][info][gc,stats    ]         Old Pause: Pause Relocate Start                          0.035 / 0.035         0.039 / 0.106         0.039 / 0.106         0.039 / 0.106       ms
[2026-04-03T01:00:49.360+0600][65.670s][info][gc,stats    ]         Old Phase: Concurrent Mark                            4341.927 / 4341.927   1421.857 / 5353.419   1421.857 / 5353.419   1421.857 / 5353.419    ms
[2026-04-03T01:00:49.360+0600][65.670s][info][gc,stats    ]         Old Phase: Concurrent Mark Continue                      0.000 / 0.000         0.000 / 0.000         0.000 / 0.000         0.000 / 0.000       ms
[2026-04-03T01:00:49.360+0600][65.670s][info][gc,stats    ]         Old Phase: Concurrent Mark Free                          0.001 / 0.001         0.007 / 0.042         0.007 / 0.042         0.007 / 0.042       ms
[2026-04-03T01:00:49.360+0600][65.670s][info][gc,stats    ]         Old Phase: Concurrent Process Non-Strong                 8.376 / 8.376         6.559 / 10.681        6.559 / 10.681        6.559 / 10.681      ms
[2026-04-03T01:00:49.360+0600][65.670s][info][gc,stats    ]         Old Phase: Concurrent Relocate                         189.902 / 189.902      98.542 / 499.415      98.542 / 499.415      98.542 / 499.415     ms
[2026-04-03T01:00:49.360+0600][65.670s][info][gc,stats    ]         Old Phase: Concurrent Remap Roots                       16.602 / 16.602       16.252 / 20.133       16.252 / 20.133       16.252 / 20.133      ms
[2026-04-03T01:00:49.360+0600][65.670s][info][gc,stats    ]         Old Phase: Concurrent Reset Relocation Set               0.036 / 0.036         0.007 / 0.036         0.007 / 0.036         0.007 / 0.036       ms
[2026-04-03T01:00:49.360+0600][65.670s][info][gc,stats    ]         Old Phase: Concurrent Select Relocation Set             11.191 / 11.191        9.207 / 25.730        9.207 / 25.730        9.207 / 25.730      ms
[2026-04-03T01:00:49.360+0600][65.670s][info][gc,stats    ]      Old Subphase: Concurrent Classes Purge                      0.270 / 0.270         0.338 / 0.835         0.338 / 0.835         0.338 / 0.835       ms
[2026-04-03T01:00:49.360+0600][65.670s][info][gc,stats    ]      Old Subphase: Concurrent Classes Unlink                     6.656 / 6.656         5.194 / 8.011         5.194 / 8.011         5.194 / 8.011       ms
[2026-04-03T01:00:49.360+0600][65.670s][info][gc,stats    ]      Old Subphase: Concurrent Mark Follow                     4341.356 / 4341.356   1421.272 / 5352.310   1421.272 / 5352.310   1421.272 / 5352.310    ms
[2026-04-03T01:00:49.360+0600][65.670s][info][gc,stats    ]      Old Subphase: Concurrent Mark Root Colored                  0.121 / 0.121         0.082 / 0.182         0.082 / 0.182         0.082 / 0.182       ms
[2026-04-03T01:00:49.360+0600][65.670s][info][gc,stats    ]      Old Subphase: Concurrent Mark Root Uncolored                0.223 / 0.223         0.178 / 0.615         0.178 / 0.615         0.178 / 0.615       ms
[2026-04-03T01:00:49.360+0600][65.670s][info][gc,stats    ]      Old Subphase: Concurrent Mark Roots                         0.562 / 0.562         0.576 / 1.099         0.576 / 1.099         0.576 / 1.099       ms
[2026-04-03T01:00:49.360+0600][65.670s][info][gc,stats    ]      Old Subphase: Concurrent References Enqueue                 0.007 / 0.007         0.002 / 0.007         0.002 / 0.007         0.002 / 0.007       ms
[2026-04-03T01:00:49.360+0600][65.670s][info][gc,stats    ]      Old Subphase: Concurrent References Process                 0.244 / 0.244         0.127 / 0.244         0.127 / 0.244         0.127 / 0.244       ms
[2026-04-03T01:00:49.360+0600][65.670s][info][gc,stats    ]      Old Subphase: Concurrent Remap Remembered                  14.664 / 14.732       14.656 / 17.788       14.656 / 17.788       14.656 / 17.788      ms
[2026-04-03T01:00:49.360+0600][65.670s][info][gc,stats    ]      Old Subphase: Concurrent Remap Roots Colored                0.625 / 0.635         0.603 / 1.121         0.603 / 1.121         0.603 / 1.121       ms
[2026-04-03T01:00:49.360+0600][65.670s][info][gc,stats    ]      Old Subphase: Concurrent Remap Roots Uncolored              0.954 / 0.956         0.692 / 1.086         0.692 / 1.086         0.692 / 1.086       ms
[2026-04-03T01:00:49.360+0600][65.670s][info][gc,stats    ]      Old Subphase: Concurrent Roots ClassLoaderDataGraph         0.418 / 0.540         0.380 / 1.016         0.380 / 1.016         0.380 / 1.016       ms
[2026-04-03T01:00:49.360+0600][65.670s][info][gc,stats    ]      Old Subphase: Concurrent Roots CodeCache                    0.924 / 0.934         0.663 / 0.988         0.663 / 0.988         0.663 / 0.988       ms
[2026-04-03T01:00:49.360+0600][65.670s][info][gc,stats    ]      Old Subphase: Concurrent Roots JavaThreads                  0.063 / 0.221         0.061 / 0.615         0.061 / 0.615         0.061 / 0.615       ms
[2026-04-03T01:00:49.360+0600][65.670s][info][gc,stats    ]      Old Subphase: Concurrent Roots OopStorageSet                0.025 / 0.066         0.019 / 0.066         0.019 / 0.066         0.019 / 0.066       ms
[2026-04-03T01:00:49.360+0600][65.670s][info][gc,stats    ]      Old Subphase: Concurrent Weak Roots OopStorageSet           0.279 / 0.880         0.197 / 1.119         0.197 / 1.119         0.197 / 1.119       ms
[2026-04-03T01:00:49.360+0600][65.670s][info][gc,stats    ]            System: Java Threads                                     10 / 10               15 / 22               15 / 22               15 / 22          threads
[2026-04-03T01:00:49.360+0600][65.670s][info][gc,stats    ]  Young Generation: Young Generation                            740.041 / 740.041     479.753 / 757.779     479.753 / 757.779     479.753 / 757.779     ms
[2026-04-03T01:00:49.360+0600][65.670s][info][gc,stats    ]  Young Generation: Young Generation                            467.451 / 771.333     499.863 / 798.004     499.863 / 798.004     499.863 / 798.004     ms
[2026-04-03T01:00:49.360+0600][65.670s][info][gc,stats    ]  Young Generation: Young Generation (Collect Roots)              0.000 / 0.000        43.133 / 43.133       43.133 / 43.133       43.133 / 43.133      ms
[2026-04-03T01:00:49.360+0600][65.670s][info][gc,stats    ]  Young Generation: Young Generation (Promote All)                0.000 / 0.000       287.023 / 287.023     287.023 / 287.023     287.023 / 287.023     ms
[2026-04-03T01:00:49.360+0600][65.670s][info][gc,stats    ]       Young Pause: Pause Mark End                                0.037 / 0.092         0.044 / 0.172         0.044 / 0.172         0.044 / 0.172       ms
[2026-04-03T01:00:49.360+0600][65.670s][info][gc,stats    ]       Young Pause: Pause Mark Start                              0.041 / 0.093         0.047 / 0.485         0.047 / 0.485         0.047 / 0.485       ms
[2026-04-03T01:00:49.360+0600][65.670s][info][gc,stats    ]       Young Pause: Pause Mark Start (Major)                      0.000 / 0.000         0.029 / 0.055         0.029 / 0.055         0.029 / 0.055       ms
[2026-04-03T01:00:49.360+0600][65.670s][info][gc,stats    ]       Young Pause: Pause Relocate Start                          0.044 / 0.095         0.034 / 0.095         0.034 / 0.095         0.034 / 0.095       ms
[2026-04-03T01:00:49.360+0600][65.670s][info][gc,stats    ]       Young Phase: Concurrent Mark                             386.491 / 639.584     344.824 / 639.584     344.824 / 639.584     344.824 / 639.584     ms
[2026-04-03T01:00:49.361+0600][65.670s][info][gc,stats    ]       Young Phase: Concurrent Mark Continue                      0.000 / 0.000         0.000 / 0.000         0.000 / 0.000         0.000 / 0.000       ms
[2026-04-03T01:00:49.361+0600][65.670s][info][gc,stats    ]       Young Phase: Concurrent Mark Free                          0.003 / 0.005         0.011 / 0.470         0.011 / 0.470         0.011 / 0.470       ms
[2026-04-03T01:00:49.361+0600][65.670s][info][gc,stats    ]       Young Phase: Concurrent Relocate                          90.439 / 195.450     111.505 / 287.012     111.505 / 287.012     111.505 / 287.012     ms
[2026-04-03T01:00:49.361+0600][65.670s][info][gc,stats    ]       Young Phase: Concurrent Reset Relocation Set               0.080 / 0.240         0.082 / 0.240         0.082 / 0.240         0.082 / 0.240       ms
[2026-04-03T01:00:49.361+0600][65.670s][info][gc,stats    ]       Young Phase: Concurrent Select Relocation Set             19.041 / 42.450       24.543 / 74.458       24.543 / 74.458       24.543 / 74.458      ms
[2026-04-03T01:00:49.361+0600][65.670s][info][gc,stats    ]    Young Subphase: Concurrent Mark Follow                      383.456 / 637.640     339.451 / 637.640     339.451 / 637.640     339.451 / 637.640     ms
[2026-04-03T01:00:49.361+0600][65.670s][info][gc,stats    ]    Young Subphase: Concurrent Mark Root Colored                  0.964 / 1.282         1.066 / 4.924         1.066 / 4.924         1.066 / 4.924       ms
[2026-04-03T01:00:49.361+0600][65.670s][info][gc,stats    ]    Young Subphase: Concurrent Mark Root Uncolored                2.060 / 2.643         3.062 / 13.740        3.062 / 13.740        3.062 / 13.740      ms
[2026-04-03T01:00:49.361+0600][65.670s][info][gc,stats    ]    Young Subphase: Concurrent Mark Roots                         3.161 / 4.138         5.365 / 15.398        5.365 / 15.398        5.365 / 15.398      ms
[2026-04-03T01:00:49.361+0600][65.670s][info][gc,stats    ]    Young Subphase: Concurrent Relocate Remset FP                16.730 / 64.707       22.649 / 149.305      22.649 / 149.305      22.649 / 149.305     ms
[2026-04-03T01:00:49.361+0600][65.670s][info][gc,stats    ]    Young Subphase: Concurrent Roots ClassLoaderDataGraph         0.546 / 0.785         0.581 / 4.108         0.581 / 4.108         0.581 / 4.108       ms
[2026-04-03T01:00:49.361+0600][65.671s][info][gc,stats    ]    Young Subphase: Concurrent Roots CodeCache                    1.963 / 2.547         2.684 / 11.977        2.684 / 11.977        2.684 / 11.977      ms
[2026-04-03T01:00:49.361+0600][65.671s][info][gc,stats    ]    Young Subphase: Concurrent Roots JavaThreads                  0.047 / 0.123         0.198 / 7.144         0.198 / 7.144         0.198 / 7.144       ms
[2026-04-03T01:00:49.361+0600][65.671s][info][gc,stats    ]    Young Subphase: Concurrent Roots OopStorageSet                0.013 / 0.020         0.019 / 0.102         0.019 / 0.102         0.019 / 0.102       ms
[2026-04-03T01:00:49.361+0600][65.671s][info][gc,stats    ]    Young Subphase: Concurrent Weak Roots OopStorageSet           0.406 / 0.506         0.575 / 2.032         0.575 / 2.032         0.575 / 2.032       ms
[2026-04-03T01:00:49.361+0600][65.671s][info][gc,stats    ] =========================================================================================================================================================
[2026-04-03T01:00:49.361+0600][65.671s][info][gc,heap,exit] Heap
[2026-04-03T01:00:49.361+0600][65.671s][info][gc,heap,exit]  ZHeap           used 1720M, capacity 3236M, max capacity 3922M
[2026-04-03T01:00:49.361+0600][65.671s][info][gc,heap,exit]  Metaspace       used 10490K, committed 10752K, reserved 1114112K
[2026-04-03T01:00:49.361+0600][65.671s][info][gc,heap,exit]   class space    used 909K, committed 1024K, reserved 1048576K
