[2026-04-03T01:00:49.908+0600][0.006s][info][gc,init] Initializing The Z Garbage Collector
[2026-04-03T01:00:49.908+0600][0.006s][info][gc,init] Version: 21.0.10+7-Ubuntu-124.04 (release)
[2026-04-03T01:00:49.908+0600][0.006s][info][gc,init] Using legacy single-generation mode
[2026-04-03T01:00:49.908+0600][0.006s][info][gc,init] NUMA Support: Disabled
[2026-04-03T01:00:49.908+0600][0.006s][info][gc,init] CPUs: 12 total, 12 available
[2026-04-03T01:00:49.908+0600][0.006s][info][gc,init] Memory: 15683M
[2026-04-03T01:00:49.908+0600][0.006s][info][gc,init] Large Page Support: Disabled
[2026-04-03T01:00:49.909+0600][0.008s][info][gc,init] GC Workers: 3 (dynamic)
[2026-04-03T01:00:49.910+0600][0.009s][info][gc,init] Address Space Type: Contiguous/Unrestricted/Complete
[2026-04-03T01:00:49.911+0600][0.009s][info][gc,init] Address Space Size: 62752M x 3 = 188256M
[2026-04-03T01:00:49.911+0600][0.009s][info][gc,init] Heap Backing File: /memfd:java_heap
[2026-04-03T01:00:49.911+0600][0.009s][info][gc,init] Heap Backing Filesystem: tmpfs (0x1021994)
[2026-04-03T01:00:49.911+0600][0.010s][info][gc,init] Min Capacity: 8M
[2026-04-03T01:00:49.911+0600][0.010s][info][gc,init] Initial Capacity: 246M
[2026-04-03T01:00:49.911+0600][0.010s][info][gc,init] Max Capacity: 3922M
[2026-04-03T01:00:49.911+0600][0.010s][info][gc,init] Medium Page Size: 32M
[2026-04-03T01:00:49.911+0600][0.010s][info][gc,init] Pre-touch: Disabled
[2026-04-03T01:00:49.911+0600][0.010s][info][gc,init] Available space on backing filesystem: N/A
[2026-04-03T01:00:49.913+0600][0.011s][info][gc,init] Uncommit: Enabled
[2026-04-03T01:00:49.913+0600][0.011s][info][gc,init] Uncommit Delay: 300s
[2026-04-03T01:00:50.030+0600][0.129s][info][gc,init] Runtime Workers: 8
[2026-04-03T01:00:50.032+0600][0.130s][info][gc     ] Using The Z Garbage Collector
[2026-04-03T01:00:50.044+0600][0.143s][info][gc,metaspace] CDS archive(s) mapped at: [0x00007d0873000000-0x00007d0873c9c000-0x00007d0873c9c000), size 13221888, SharedBaseAddress: 0x00007d0873000000, ArchiveRelocationMode: 1.
[2026-04-03T01:00:50.045+0600][0.143s][info][gc,metaspace] Compressed class space mapped at: 0x00007d0874000000-0x00007d08b4000000, reserved size: 1073741824
[2026-04-03T01:00:50.045+0600][0.143s][info][gc,metaspace] Narrow klass base: 0x00007d0873000000, Narrow klass shift: 0, Narrow klass range: 0x100000000
[2026-04-03T01:00:52.457+0600][2.556s][info][gc,start    ] GC(0) Garbage Collection (Warmup)
[2026-04-03T01:00:52.457+0600][2.556s][info][gc,task     ] GC(0) Using 3 workers
[2026-04-03T01:00:52.458+0600][2.556s][info][gc,phases   ] GC(0) Pause Mark Start 0.009ms
[2026-04-03T01:00:52.526+0600][2.625s][info][gc,phases   ] GC(0) Concurrent Mark 68.606ms
[2026-04-03T01:00:52.527+0600][2.625s][info][gc,phases   ] GC(0) Pause Mark End 0.031ms
[2026-04-03T01:00:52.527+0600][2.626s][info][gc,phases   ] GC(0) Concurrent Mark Free 0.002ms
[2026-04-03T01:00:52.531+0600][2.630s][info][gc,phases   ] GC(0) Concurrent Process Non-Strong References 4.378ms
[2026-04-03T01:00:52.532+0600][2.630s][info][gc,phases   ] GC(0) Concurrent Reset Relocation Set 0.001ms
[2026-04-03T01:00:52.547+0600][2.646s][info][gc,phases   ] GC(0) Concurrent Select Relocation Set 15.665ms
[2026-04-03T01:00:52.547+0600][2.646s][info][gc,phases   ] GC(0) Pause Relocate Start 0.012ms
[2026-04-03T01:00:52.587+0600][2.685s][info][gc,phases   ] GC(0) Concurrent Relocate 39.072ms
[2026-04-03T01:00:52.587+0600][2.685s][info][gc,load     ] GC(0) Load: 6.75/3.34/2.03
[2026-04-03T01:00:52.587+0600][2.685s][info][gc,mmu      ] GC(0) MMU: 2ms/98.4%, 5ms/99.4%, 10ms/99.7%, 20ms/99.8%, 50ms/99.9%, 100ms/99.9%
[2026-04-03T01:00:52.587+0600][2.685s][info][gc,marking  ] GC(0) Mark: 2 stripe(s), 2 proactive flush(es), 1 terminate flush(es), 0 completion(s), 0 continuation(s) 
[2026-04-03T01:00:52.587+0600][2.685s][info][gc,marking  ] GC(0) Mark Stack Usage: 32M
[2026-04-03T01:00:52.587+0600][2.685s][info][gc,nmethod  ] GC(0) NMethods: 1550 registered, 508 unregistered
[2026-04-03T01:00:52.587+0600][2.685s][info][gc,metaspace] GC(0) Metaspace: 8M used, 8M committed, 1088M reserved
[2026-04-03T01:00:52.587+0600][2.685s][info][gc,ref      ] GC(0) Soft: 221 encountered, 0 discovered, 0 enqueued
[2026-04-03T01:00:52.587+0600][2.685s][info][gc,ref      ] GC(0) Weak: 610 encountered, 200 discovered, 147 enqueued
[2026-04-03T01:00:52.587+0600][2.685s][info][gc,ref      ] GC(0) Final: 3 encountered, 2 discovered, 0 enqueued
[2026-04-03T01:00:52.587+0600][2.685s][info][gc,ref      ] GC(0) Phantom: 49 encountered, 30 discovered, 3 enqueued
[2026-04-03T01:00:52.587+0600][2.685s][info][gc,reloc    ] GC(0) Small Pages: 197 / 394M, Empty: 0M, Relocated: 29M, In-Place: 0
[2026-04-03T01:00:52.587+0600][2.685s][info][gc,reloc    ] GC(0) Medium Pages: 1 / 32M, Empty: 0M, Relocated: 0M, In-Place: 0
[2026-04-03T01:00:52.587+0600][2.685s][info][gc,reloc    ] GC(0) Large Pages: 0 / 0M, Empty: 0M, Relocated: 0M, In-Place: 0
[2026-04-03T01:00:52.587+0600][2.685s][info][gc,reloc    ] GC(0) Forwarding Usage: 14M
[2026-04-03T01:00:52.587+0600][2.685s][info][gc,heap     ] GC(0) Min Capacity: 8M(0%)
[2026-04-03T01:00:52.587+0600][2.685s][info][gc,heap     ] GC(0) Max Capacity: 3922M(100%)
[2026-04-03T01:00:52.587+0600][2.686s][info][gc,heap     ] GC(0) Soft Max Capacity: 3922M(100%)
[2026-04-03T01:00:52.587+0600][2.686s][info][gc,heap     ] GC(0)                Mark Start          Mark End        Relocate Start      Relocate End           High               Low         
[2026-04-03T01:00:52.587+0600][2.686s][info][gc,heap     ] GC(0)  Capacity:      426M (11%)         454M (12%)         462M (12%)         470M (12%)         470M (12%)         426M (11%)    
[2026-04-03T01:00:52.587+0600][2.686s][info][gc,heap     ] GC(0)      Free:     3496M (89%)        3468M (88%)        3460M (88%)        3804M (97%)        3804M (97%)        3452M (88%)    
[2026-04-03T01:00:52.587+0600][2.686s][info][gc,heap     ] GC(0)      Used:      426M (11%)         454M (12%)         462M (12%)         118M (3%)          470M (12%)         118M (3%)     
[2026-04-03T01:00:52.587+0600][2.686s][info][gc,heap     ] GC(0)      Live:         -                31M (1%)           31M (1%)           31M (1%)             -                  -          
[2026-04-03T01:00:52.587+0600][2.686s][info][gc,heap     ] GC(0) Allocated:         -                28M (1%)           36M (1%)           53M (1%)             -                  -          
[2026-04-03T01:00:52.587+0600][2.686s][info][gc,heap     ] GC(0)   Garbage:         -               394M (10%)         394M (10%)          33M (1%)             -                  -          
[2026-04-03T01:00:52.587+0600][2.686s][info][gc,heap     ] GC(0) Reclaimed:         -                  -                 0M (0%)          361M (9%)             -                  -          
[2026-04-03T01:00:52.587+0600][2.686s][info][gc          ] GC(0) Garbage Collection (Warmup) 426M(11%)->118M(3%)
[2026-04-03T01:00:53.557+0600][3.656s][info][gc,start    ] GC(1) Garbage Collection (Warmup)
[2026-04-03T01:00:53.557+0600][3.656s][info][gc,task     ] GC(1) Using 3 workers
[2026-04-03T01:00:53.558+0600][3.656s][info][gc,phases   ] GC(1) Pause Mark Start 0.016ms
[2026-04-03T01:00:53.800+0600][3.899s][info][gc,phases   ] GC(1) Concurrent Mark 242.674ms
[2026-04-03T01:00:53.801+0600][3.899s][info][gc,phases   ] GC(1) Pause Mark End 0.029ms
[2026-04-03T01:00:53.801+0600][3.899s][info][gc,phases   ] GC(1) Concurrent Mark Free 0.004ms
[2026-04-03T01:00:53.804+0600][3.903s][info][gc,phases   ] GC(1) Concurrent Process Non-Strong References 3.146ms
[2026-04-03T01:00:53.804+0600][3.903s][info][gc,phases   ] GC(1) Concurrent Reset Relocation Set 0.035ms
[2026-04-03T01:00:53.814+0600][3.913s][info][gc,phases   ] GC(1) Concurrent Select Relocation Set 9.981ms
[2026-04-03T01:00:53.814+0600][3.913s][info][gc,phases   ] GC(1) Pause Relocate Start 0.018ms
[2026-04-03T01:00:53.892+0600][3.991s][info][gc,phases   ] GC(1) Concurrent Relocate 77.326ms
[2026-04-03T01:00:53.892+0600][3.991s][info][gc,load     ] GC(1) Load: 7.01/3.45/2.07
[2026-04-03T01:00:53.892+0600][3.991s][info][gc,mmu      ] GC(1) MMU: 2ms/98.4%, 5ms/99.4%, 10ms/99.7%, 20ms/99.8%, 50ms/99.9%, 100ms/99.9%
[2026-04-03T01:00:53.892+0600][3.991s][info][gc,marking  ] GC(1) Mark: 2 stripe(s), 4 proactive flush(es), 1 terminate flush(es), 0 completion(s), 0 continuation(s) 
[2026-04-03T01:00:53.892+0600][3.991s][info][gc,marking  ] GC(1) Mark Stack Usage: 32M
[2026-04-03T01:00:53.892+0600][3.991s][info][gc,nmethod  ] GC(1) NMethods: 1572 registered, 547 unregistered
[2026-04-03T01:00:53.892+0600][3.991s][info][gc,metaspace] GC(1) Metaspace: 8M used, 8M committed, 1088M reserved
[2026-04-03T01:00:53.892+0600][3.991s][info][gc,ref      ] GC(1) Soft: 221 encountered, 0 discovered, 0 enqueued
[2026-04-03T01:00:53.892+0600][3.991s][info][gc,ref      ] GC(1) Weak: 463 encountered, 187 discovered, 0 enqueued
[2026-04-03T01:00:53.892+0600][3.991s][info][gc,ref      ] GC(1) Final: 3 encountered, 2 discovered, 0 enqueued
[2026-04-03T01:00:53.892+0600][3.991s][info][gc,ref      ] GC(1) Phantom: 44 encountered, 26 discovered, 0 enqueued
[2026-04-03T01:00:53.892+0600][3.991s][info][gc,reloc    ] GC(1) Small Pages: 378 / 756M, Empty: 0M, Relocated: 46M, In-Place: 0
[2026-04-03T01:00:53.892+0600][3.991s][info][gc,reloc    ] GC(1) Medium Pages: 1 / 32M, Empty: 0M, Relocated: 0M, In-Place: 0
[2026-04-03T01:00:53.892+0600][3.991s][info][gc,reloc    ] GC(1) Large Pages: 0 / 0M, Empty: 0M, Relocated: 0M, In-Place: 0
[2026-04-03T01:00:53.892+0600][3.991s][info][gc,reloc    ] GC(1) Forwarding Usage: 21M
[2026-04-03T01:00:53.892+0600][3.991s][info][gc,heap     ] GC(1) Min Capacity: 8M(0%)
[2026-04-03T01:00:53.892+0600][3.991s][info][gc,heap     ] GC(1) Max Capacity: 3922M(100%)
[2026-04-03T01:00:53.892+0600][3.991s][info][gc,heap     ] GC(1) Soft Max Capacity: 3922M(100%)
[2026-04-03T01:00:53.892+0600][3.991s][info][gc,heap     ] GC(1)                Mark Start          Mark End        Relocate Start      Relocate End           High               Low         
[2026-04-03T01:00:53.892+0600][3.991s][info][gc,heap     ] GC(1)  Capacity:      788M (20%)         846M (22%)         850M (22%)         856M (22%)         856M (22%)         788M (20%)    
[2026-04-03T01:00:53.892+0600][3.991s][info][gc,heap     ] GC(1)      Free:     3134M (80%)        3076M (78%)        3072M (78%)        3714M (95%)        3714M (95%)        3066M (78%)    
[2026-04-03T01:00:53.892+0600][3.991s][info][gc,heap     ] GC(1)      Used:      788M (20%)         846M (22%)         850M (22%)         208M (5%)          856M (22%)         208M (5%)     
[2026-04-03T01:00:53.892+0600][3.991s][info][gc,heap     ] GC(1)      Live:         -                75M (2%)           75M (2%)           75M (2%)             -                  -          
[2026-04-03T01:00:53.892+0600][3.991s][info][gc,heap     ] GC(1) Allocated:         -                58M (1%)           62M (2%)           97M (2%)             -                  -          
[2026-04-03T01:00:53.892+0600][3.991s][info][gc,heap     ] GC(1)   Garbage:         -               712M (18%)         712M (18%)          34M (1%)             -                  -          
[2026-04-03T01:00:53.892+0600][3.991s][info][gc,heap     ] GC(1) Reclaimed:         -                  -                 0M (0%)          677M (17%)            -                  -          
[2026-04-03T01:00:53.892+0600][3.991s][info][gc          ] GC(1) Garbage Collection (Warmup) 788M(20%)->208M(5%)
[2026-04-03T01:00:55.057+0600][5.156s][info][gc,start    ] GC(2) Garbage Collection (Warmup)
[2026-04-03T01:00:55.057+0600][5.156s][info][gc,task     ] GC(2) Using 3 workers
[2026-04-03T01:00:55.057+0600][5.156s][info][gc,phases   ] GC(2) Pause Mark Start 0.008ms
[2026-04-03T01:00:55.279+0600][5.378s][info][gc,phases   ] GC(2) Concurrent Mark 221.858ms
[2026-04-03T01:00:55.280+0600][5.378s][info][gc,phases   ] GC(2) Pause Mark End 0.027ms
[2026-04-03T01:00:55.280+0600][5.378s][info][gc,phases   ] GC(2) Concurrent Mark Free 0.004ms
[2026-04-03T01:00:55.282+0600][5.381s][info][gc,phases   ] GC(2) Concurrent Process Non-Strong References 2.282ms
[2026-04-03T01:00:55.282+0600][5.381s][info][gc,phases   ] GC(2) Concurrent Reset Relocation Set 0.025ms
[2026-04-03T01:00:55.290+0600][5.389s][info][gc,phases   ] GC(2) Concurrent Select Relocation Set 7.722ms
[2026-04-03T01:00:55.290+0600][5.389s][info][gc,phases   ] GC(2) Pause Relocate Start 0.018ms
[2026-04-03T01:00:55.372+0600][5.470s][info][gc,phases   ] GC(2) Concurrent Relocate 81.374ms
[2026-04-03T01:00:55.372+0600][5.471s][info][gc,load     ] GC(2) Load: 7.01/3.45/2.07
[2026-04-03T01:00:55.372+0600][5.471s][info][gc,mmu      ] GC(2) MMU: 2ms/98.4%, 5ms/99.4%, 10ms/99.7%, 20ms/99.8%, 50ms/99.9%, 100ms/99.9%
[2026-04-03T01:00:55.372+0600][5.471s][info][gc,marking  ] GC(2) Mark: 2 stripe(s), 3 proactive flush(es), 1 terminate flush(es), 0 completion(s), 0 continuation(s) 
[2026-04-03T01:00:55.372+0600][5.471s][info][gc,marking  ] GC(2) Mark Stack Usage: 32M
[2026-04-03T01:00:55.372+0600][5.471s][info][gc,nmethod  ] GC(2) NMethods: 1610 registered, 561 unregistered
[2026-04-03T01:00:55.372+0600][5.471s][info][gc,metaspace] GC(2) Metaspace: 8M used, 8M committed, 1088M reserved
[2026-04-03T01:00:55.372+0600][5.471s][info][gc,ref      ] GC(2) Soft: 221 encountered, 0 discovered, 0 enqueued
[2026-04-03T01:00:55.372+0600][5.471s][info][gc,ref      ] GC(2) Weak: 463 encountered, 179 discovered, 0 enqueued
[2026-04-03T01:00:55.372+0600][5.471s][info][gc,ref      ] GC(2) Final: 3 encountered, 3 discovered, 0 enqueued
[2026-04-03T01:00:55.372+0600][5.471s][info][gc,ref      ] GC(2) Phantom: 44 encountered, 34 discovered, 0 enqueued
[2026-04-03T01:00:55.372+0600][5.471s][info][gc,reloc    ] GC(2) Small Pages: 584 / 1168M, Empty: 0M, Relocated: 64M, In-Place: 0
[2026-04-03T01:00:55.372+0600][5.471s][info][gc,reloc    ] GC(2) Medium Pages: 1 / 32M, Empty: 0M, Relocated: 0M, In-Place: 0
[2026-04-03T01:00:55.372+0600][5.471s][info][gc,reloc    ] GC(2) Large Pages: 0 / 0M, Empty: 0M, Relocated: 0M, In-Place: 0
[2026-04-03T01:00:55.372+0600][5.471s][info][gc,reloc    ] GC(2) Forwarding Usage: 28M
[2026-04-03T01:00:55.372+0600][5.471s][info][gc,heap     ] GC(2) Min Capacity: 8M(0%)
[2026-04-03T01:00:55.372+0600][5.471s][info][gc,heap     ] GC(2) Max Capacity: 3922M(100%)
[2026-04-03T01:00:55.372+0600][5.471s][info][gc,heap     ] GC(2) Soft Max Capacity: 3922M(100%)
[2026-04-03T01:00:55.372+0600][5.471s][info][gc,heap     ] GC(2)                Mark Start          Mark End        Relocate Start      Relocate End           High               Low         
[2026-04-03T01:00:55.372+0600][5.471s][info][gc,heap     ] GC(2)  Capacity:     1200M (31%)        1298M (33%)        1302M (33%)        1308M (33%)        1308M (33%)        1200M (31%)    
[2026-04-03T01:00:55.372+0600][5.471s][info][gc,heap     ] GC(2)      Free:     2722M (69%)        2624M (67%)        2620M (67%)        3588M (91%)        3588M (91%)        2614M (67%)    
[2026-04-03T01:00:55.372+0600][5.471s][info][gc,heap     ] GC(2)      Used:     1200M (31%)        1298M (33%)        1302M (33%)         334M (9%)         1308M (33%)         334M (9%)     
[2026-04-03T01:00:55.372+0600][5.471s][info][gc,heap     ] GC(2)      Live:         -               139M (4%)          139M (4%)          139M (4%)             -                  -          
[2026-04-03T01:00:55.372+0600][5.471s][info][gc,heap     ] GC(2) Allocated:         -                98M (2%)          102M (3%)          159M (4%)             -                  -          
[2026-04-03T01:00:55.372+0600][5.471s][info][gc,heap     ] GC(2)   Garbage:         -              1060M (27%)        1060M (27%)          34M (1%)             -                  -          
[2026-04-03T01:00:55.372+0600][5.471s][info][gc,heap     ] GC(2) Reclaimed:         -                  -                 0M (0%)         1025M (26%)            -                  -          
[2026-04-03T01:00:55.372+0600][5.471s][info][gc          ] GC(2) Garbage Collection (Warmup) 1200M(31%)->334M(9%)
[2026-04-03T01:00:58.357+0600][8.456s][info][gc,start    ] GC(3) Garbage Collection (Allocation Rate)
[2026-04-03T01:00:58.357+0600][8.456s][info][gc,task     ] GC(3) Using 1 workers
[2026-04-03T01:00:58.358+0600][8.456s][info][gc,phases   ] GC(3) Pause Mark Start 0.010ms
[2026-04-03T01:00:59.574+0600][9.672s][info][gc,phases   ] GC(3) Concurrent Mark 1215.758ms
[2026-04-03T01:00:59.574+0600][9.673s][info][gc,phases   ] GC(3) Pause Mark End 0.019ms
[2026-04-03T01:00:59.574+0600][9.673s][info][gc,phases   ] GC(3) Concurrent Mark Free 0.002ms
[2026-04-03T01:00:59.579+0600][9.678s][info][gc,phases   ] GC(3) Concurrent Process Non-Strong References 4.922ms
[2026-04-03T01:00:59.579+0600][9.678s][info][gc,phases   ] GC(3) Concurrent Reset Relocation Set 0.028ms
[2026-04-03T01:00:59.611+0600][9.709s][info][gc,phases   ] GC(3) Concurrent Select Relocation Set 31.543ms
[2026-04-03T01:00:59.611+0600][9.710s][info][gc,phases   ] GC(3) Pause Relocate Start 0.012ms
[2026-04-03T01:00:59.971+0600][10.070s][info][gc,phases   ] GC(3) Concurrent Relocate 360.208ms
[2026-04-03T01:00:59.971+0600][10.070s][info][gc,load     ] GC(3) Load: 7.09/3.52/2.11
[2026-04-03T01:00:59.972+0600][10.070s][info][gc,mmu      ] GC(3) MMU: 2ms/98.4%, 5ms/99.4%, 10ms/99.7%, 20ms/99.8%, 50ms/99.9%, 100ms/99.9%
[2026-04-03T01:00:59.972+0600][10.070s][info][gc,marking  ] GC(3) Mark: 1 stripe(s), 2 proactive flush(es), 1 terminate flush(es), 0 completion(s), 0 continuation(s) 
[2026-04-03T01:00:59.972+0600][10.070s][info][gc,marking  ] GC(3) Mark Stack Usage: 32M
[2026-04-03T01:00:59.972+0600][10.070s][info][gc,nmethod  ] GC(3) NMethods: 1818 registered, 576 unregistered
[2026-04-03T01:00:59.972+0600][10.070s][info][gc,metaspace] GC(3) Metaspace: 8M used, 8M committed, 1088M reserved
[2026-04-03T01:00:59.972+0600][10.070s][info][gc,ref      ] GC(3) Soft: 221 encountered, 0 discovered, 0 enqueued
[2026-04-03T01:00:59.972+0600][10.070s][info][gc,ref      ] GC(3) Weak: 463 encountered, 157 discovered, 0 enqueued
[2026-04-03T01:00:59.972+0600][10.070s][info][gc,ref      ] GC(3) Final: 3 encountered, 3 discovered, 0 enqueued
[2026-04-03T01:00:59.972+0600][10.070s][info][gc,ref      ] GC(3) Phantom: 44 encountered, 31 discovered, 0 enqueued
[2026-04-03T01:00:59.972+0600][10.070s][info][gc,reloc    ] GC(3) Small Pages: 1342 / 2684M, Empty: 0M, Relocated: 146M, In-Place: 0
[2026-04-03T01:00:59.972+0600][10.070s][info][gc,reloc    ] GC(3) Medium Pages: 1 / 32M, Empty: 0M, Relocated: 0M, In-Place: 0
[2026-04-03T01:00:59.972+0600][10.070s][info][gc,reloc    ] GC(3) Large Pages: 0 / 0M, Empty: 0M, Relocated: 0M, In-Place: 0
[2026-04-03T01:00:59.972+0600][10.070s][info][gc,reloc    ] GC(3) Forwarding Usage: 67M
[2026-04-03T01:00:59.972+0600][10.070s][info][gc,heap     ] GC(3) Min Capacity: 8M(0%)
[2026-04-03T01:00:59.972+0600][10.070s][info][gc,heap     ] GC(3) Max Capacity: 3922M(100%)
[2026-04-03T01:00:59.972+0600][10.070s][info][gc,heap     ] GC(3) Soft Max Capacity: 3922M(100%)
[2026-04-03T01:00:59.972+0600][10.070s][info][gc,heap     ] GC(3)                Mark Start          Mark End        Relocate Start      Relocate End           High               Low         
[2026-04-03T01:00:59.972+0600][10.070s][info][gc,heap     ] GC(3)  Capacity:     2716M (69%)        3290M (84%)        3316M (85%)        3318M (85%)        3318M (85%)        2716M (69%)    
[2026-04-03T01:00:59.972+0600][10.070s][info][gc,heap     ] GC(3)      Free:     1206M (31%)         632M (16%)         606M (15%)        2594M (66%)        2594M (66%)         604M (15%)    
[2026-04-03T01:00:59.972+0600][10.070s][info][gc,heap     ] GC(3)      Used:     2716M (69%)        3290M (84%)        3316M (85%)        1328M (34%)        3318M (85%)        1328M (34%)    
[2026-04-03T01:00:59.972+0600][10.070s][info][gc,heap     ] GC(3)      Live:         -               285M (7%)          285M (7%)          285M (7%)             -                  -          
[2026-04-03T01:00:59.972+0600][10.070s][info][gc,heap     ] GC(3) Allocated:         -               574M (15%)         600M (15%)        1008M (26%)            -                  -          
[2026-04-03T01:00:59.972+0600][10.070s][info][gc,heap     ] GC(3)   Garbage:         -              2430M (62%)        2430M (62%)          34M (1%)             -                  -          
[2026-04-03T01:00:59.972+0600][10.070s][info][gc,heap     ] GC(3) Reclaimed:         -                  -                 0M (0%)         2396M (61%)            -                  -          
[2026-04-03T01:00:59.972+0600][10.070s][info][gc          ] GC(3) Garbage Collection (Allocation Rate) 2716M(69%)->1328M(34%)
[2026-04-03T01:01:00.057+0600][10.155s][info][gc,start    ] GC(4) Garbage Collection (Allocation Rate)
[2026-04-03T01:01:00.057+0600][10.155s][info][gc,task     ] GC(4) Using 2 workers
[2026-04-03T01:01:00.057+0600][10.156s][info][gc,phases   ] GC(4) Pause Mark Start 0.011ms
[2026-04-03T01:01:00.058+0600][10.157s][info][gc,stats    ] === Garbage Collection Statistics =======================================================================================================================
[2026-04-03T01:01:00.058+0600][10.157s][info][gc,stats    ]                                                              Last 10s              Last 10m              Last 10h                Total
[2026-04-03T01:01:00.058+0600][10.157s][info][gc,stats    ]                                                              Avg / Max             Avg / Max             Avg / Max             Avg / Max
[2026-04-03T01:01:00.058+0600][10.157s][info][gc,stats    ]   Collector: Garbage Collection Cycle                    598.297 / 1614.097    598.297 / 1614.097    598.297 / 1614.097    598.297 / 1614.097    ms
[2026-04-03T01:01:00.058+0600][10.157s][info][gc,stats    ]  Contention: Mark Segment Reset Contention                     1 / 6                 1 / 6                 1 / 6                 1 / 6           ops/s
[2026-04-03T01:01:00.058+0600][10.157s][info][gc,stats    ]  Contention: Mark SeqNum Reset Contention                      0 / 0                 0 / 0                 0 / 0                 0 / 0           ops/s
[2026-04-03T01:01:00.058+0600][10.157s][info][gc,stats    ]    Critical: Allocation Stall                                  0 / 0                 0 / 0                 0 / 0                 0 / 0           ops/s
[2026-04-03T01:01:00.058+0600][10.157s][info][gc,stats    ]    Critical: Allocation Stall                              0.000 / 0.000         0.000 / 0.000         0.000 / 0.000         0.000 / 0.000       ms
[2026-04-03T01:01:00.058+0600][10.157s][info][gc,stats    ]    Critical: GC Locker Stall                                   0 / 0                 0 / 0                 0 / 0                 0 / 0           ops/s
[2026-04-03T01:01:00.058+0600][10.157s][info][gc,stats    ]    Critical: GC Locker Stall                               0.000 / 0.000         0.000 / 0.000         0.000 / 0.000         0.000 / 0.000       ms
[2026-04-03T01:01:00.058+0600][10.157s][info][gc,stats    ]    Critical: Relocation Stall                                  0 / 0                 0 / 0                 0 / 0                 0 / 0           ops/s
[2026-04-03T01:01:00.058+0600][10.157s][info][gc,stats    ]    Critical: Relocation Stall                              0.000 / 0.000         0.000 / 0.000         0.000 / 0.000         0.000 / 0.000       ms
[2026-04-03T01:01:00.058+0600][10.157s][info][gc,stats    ]      Memory: Allocation Rate                                 591 / 966             591 / 966             591 / 966             591 / 966         MB/s
[2026-04-03T01:01:00.058+0600][10.157s][info][gc,stats    ]      Memory: Defragment                                        0 / 0                 0 / 0                 0 / 0                 0 / 0           ops/s
[2026-04-03T01:01:00.058+0600][10.157s][info][gc,stats    ]      Memory: Out Of Memory                                     0 / 0                 0 / 0                 0 / 0                 0 / 0           ops/s
[2026-04-03T01:01:00.058+0600][10.157s][info][gc,stats    ]      Memory: Page Cache Flush                                  0 / 0                 0 / 0                 0 / 0                 0 / 0           MB/s
[2026-04-03T01:01:00.058+0600][10.157s][info][gc,stats    ]      Memory: Page Cache Hit L1                               144 / 462             144 / 462             144 / 462             144 / 462         ops/s
[2026-04-03T01:01:00.058+0600][10.157s][info][gc,stats    ]      Memory: Page Cache Hit L2                                 0 / 0                 0 / 0                 0 / 0                 0 / 0           ops/s
[2026-04-03T01:01:00.058+0600][10.157s][info][gc,stats    ]      Memory: Page Cache Hit L3                                10 / 92               10 / 92               10 / 92               10 / 92          ops/s
[2026-04-03T01:01:00.058+0600][10.157s][info][gc,stats    ]      Memory: Page Cache Miss                                 152 / 336             152 / 336             152 / 336             152 / 336         ops/s
[2026-04-03T01:01:00.058+0600][10.157s][info][gc,stats    ]      Memory: Uncommit                                          0 / 0                 0 / 0                 0 / 0                 0 / 0           MB/s
[2026-04-03T01:01:00.058+0600][10.157s][info][gc,stats    ]      Memory: Undo Object Allocation Failed                     0 / 0                 0 / 0                 0 / 0                 0 / 0           ops/s
[2026-04-03T01:01:00.058+0600][10.157s][info][gc,stats    ]      Memory: Undo Object Allocation Succeeded                  0 / 0                 0 / 0                 0 / 0                 0 / 0           ops/s
[2026-04-03T01:01:00.058+0600][10.157s][info][gc,stats    ]      Memory: Undo Page Allocation                              0 / 0                 0 / 0                 0 / 0                 0 / 0           ops/s
[2026-04-03T01:01:00.058+0600][10.157s][info][gc,stats    ]       Phase: Concurrent Mark                             437.224 / 1215.758    437.224 / 1215.758    437.224 / 1215.758    437.224 / 1215.758    ms
[2026-04-03T01:01:00.058+0600][10.157s][info][gc,stats    ]       Phase: Concurrent Mark Continue                      0.000 / 0.000         0.000 / 0.000         0.000 / 0.000         0.000 / 0.000       ms
[2026-04-03T01:01:00.058+0600][10.157s][info][gc,stats    ]       Phase: Concurrent Mark Free                          0.003 / 0.004         0.003 / 0.004         0.003 / 0.004         0.003 / 0.004       ms
[2026-04-03T01:01:00.058+0600][10.157s][info][gc,stats    ]       Phase: Concurrent Process Non-Strong References      3.682 / 4.922         3.682 / 4.922         3.682 / 4.922         3.682 / 4.922       ms
[2026-04-03T01:01:00.058+0600][10.157s][info][gc,stats    ]       Phase: Concurrent Relocate                         139.495 / 360.208     139.495 / 360.208     139.495 / 360.208     139.495 / 360.208     ms
[2026-04-03T01:01:00.058+0600][10.157s][info][gc,stats    ]       Phase: Concurrent Reset Relocation Set               0.022 / 0.035         0.022 / 0.035         0.022 / 0.035         0.022 / 0.035       ms
[2026-04-03T01:01:00.058+0600][10.157s][info][gc,stats    ]       Phase: Concurrent Select Relocation Set             16.228 / 31.543       16.228 / 31.543       16.228 / 31.543       16.228 / 31.543      ms
[2026-04-03T01:01:00.058+0600][10.157s][info][gc,stats    ]       Phase: Pause Mark End                                0.027 / 0.031         0.027 / 0.031         0.027 / 0.031         0.027 / 0.031       ms
[2026-04-03T01:01:00.058+0600][10.157s][info][gc,stats    ]       Phase: Pause Mark Start                              0.011 / 0.016         0.011 / 0.016         0.011 / 0.016         0.011 / 0.016       ms
[2026-04-03T01:01:00.058+0600][10.157s][info][gc,stats    ]       Phase: Pause Relocate Start                          0.015 / 0.018         0.015 / 0.018         0.015 / 0.018         0.015 / 0.018       ms
[2026-04-03T01:01:00.058+0600][10.157s][info][gc,stats    ]    Subphase: Concurrent Classes Purge                      0.280 / 0.879         0.280 / 0.879         0.280 / 0.879         0.280 / 0.879       ms
[2026-04-03T01:01:00.058+0600][10.157s][info][gc,stats    ]    Subphase: Concurrent Classes Unlink                     2.389 / 3.358         2.389 / 3.358         2.389 / 3.358         2.389 / 3.358       ms
[2026-04-03T01:01:00.058+0600][10.157s][info][gc,stats    ]    Subphase: Concurrent Mark                             277.947 / 1215.085    277.947 / 1215.085    277.947 / 1215.085    277.947 / 1215.085    ms
[2026-04-03T01:01:00.058+0600][10.157s][info][gc,stats    ]    Subphase: Concurrent Mark Try Flush                     0.218 / 0.778         0.218 / 0.778         0.218 / 0.778         0.218 / 0.778       ms
[2026-04-03T01:01:00.058+0600][10.157s][info][gc,stats    ]    Subphase: Concurrent Mark Try Terminate                 0.717 / 1.188         0.717 / 1.188         0.717 / 1.188         0.717 / 1.188       ms
[2026-04-03T01:01:00.058+0600][10.157s][info][gc,stats    ]    Subphase: Concurrent References Enqueue                 0.003 / 0.009         0.003 / 0.009         0.003 / 0.009         0.003 / 0.009       ms
[2026-04-03T01:01:00.058+0600][10.157s][info][gc,stats    ]    Subphase: Concurrent References Process                 0.193 / 0.331         0.193 / 0.331         0.193 / 0.331         0.193 / 0.331       ms
[2026-04-03T01:01:00.058+0600][10.157s][info][gc,stats    ]    Subphase: Concurrent Roots ClassLoaderDataGraph         0.147 / 0.632         0.147 / 0.632         0.147 / 0.632         0.147 / 0.632       ms
[2026-04-03T01:01:00.058+0600][10.157s][info][gc,stats    ]    Subphase: Concurrent Roots CodeCache                    0.000 / 0.000         0.000 / 0.000         0.000 / 0.000         0.000 / 0.000       ms
[2026-04-03T01:01:00.058+0600][10.157s][info][gc,stats    ]    Subphase: Concurrent Roots JavaThreads                  0.157 / 0.463         0.157 / 0.463         0.157 / 0.463         0.157 / 0.463       ms
[2026-04-03T01:01:00.058+0600][10.157s][info][gc,stats    ]    Subphase: Concurrent Roots OopStorageSet                2.308 / 8.433         2.308 / 8.433         2.308 / 8.433         2.308 / 8.433       ms
[2026-04-03T01:01:00.058+0600][10.157s][info][gc,stats    ]    Subphase: Concurrent Weak Roots OopStorageSet           0.326 / 0.610         0.326 / 0.610         0.326 / 0.610         0.326 / 0.610       ms
[2026-04-03T01:01:00.058+0600][10.157s][info][gc,stats    ]    Subphase: Pause Mark Try Complete                       0.000 / 0.000         0.000 / 0.000         0.000 / 0.000         0.000 / 0.000       ms
[2026-04-03T01:01:00.058+0600][10.157s][info][gc,stats    ]      System: Java Threads                                     10 / 12               10 / 12               10 / 12               10 / 12          threads
[2026-04-03T01:01:00.058+0600][10.157s][info][gc,stats    ] =========================================================================================================================================================
[2026-04-03T01:01:00.803+0600][10.902s][info][gc,phases   ] GC(4) Concurrent Mark 745.871ms
[2026-04-03T01:01:00.803+0600][10.902s][info][gc,phases   ] GC(4) Pause Mark End 0.017ms
[2026-04-03T01:01:00.803+0600][10.902s][info][gc,phases   ] GC(4) Concurrent Mark Free 0.003ms
[2026-04-03T01:01:00.806+0600][10.905s][info][gc,phases   ] GC(4) Concurrent Process Non-Strong References 2.892ms
[2026-04-03T01:01:00.806+0600][10.905s][info][gc,phases   ] GC(4) Concurrent Reset Relocation Set 0.118ms
[2026-04-03T01:01:00.817+0600][10.916s][info][gc,phases   ] GC(4) Concurrent Select Relocation Set 10.588ms
[2026-04-03T01:01:00.817+0600][10.916s][info][gc,phases   ] GC(4) Pause Relocate Start 0.013ms
[2026-04-03T01:01:00.895+0600][10.993s][info][gc,phases   ] GC(4) Concurrent Relocate 77.373ms
[2026-04-03T01:01:00.895+0600][10.994s][info][gc,load     ] GC(4) Load: 7.09/3.52/2.11
[2026-04-03T01:01:00.895+0600][10.994s][info][gc,mmu      ] GC(4) MMU: 2ms/98.4%, 5ms/99.4%, 10ms/99.7%, 20ms/99.8%, 50ms/99.9%, 100ms/99.9%
[2026-04-03T01:01:00.895+0600][10.994s][info][gc,marking  ] GC(4) Mark: 2 stripe(s), 2 proactive flush(es), 1 terminate flush(es), 0 completion(s), 0 continuation(s) 
[2026-04-03T01:01:00.895+0600][10.994s][info][gc,marking  ] GC(4) Mark Stack Usage: 32M
[2026-04-03T01:01:00.895+0600][10.994s][info][gc,nmethod  ] GC(4) NMethods: 1706 registered, 695 unregistered
[2026-04-03T01:01:00.895+0600][10.994s][info][gc,metaspace] GC(4) Metaspace: 8M used, 8M committed, 1088M reserved
[2026-04-03T01:01:00.895+0600][10.994s][info][gc,ref      ] GC(4) Soft: 221 encountered, 0 discovered, 0 enqueued
[2026-04-03T01:01:00.895+0600][10.994s][info][gc,ref      ] GC(4) Weak: 464 encountered, 66 discovered, 0 enqueued
[2026-04-03T01:01:00.895+0600][10.994s][info][gc,ref      ] GC(4) Final: 3 encountered, 2 discovered, 0 enqueued
[2026-04-03T01:01:00.895+0600][10.994s][info][gc,ref      ] GC(4) Phantom: 45 encountered, 22 discovered, 0 enqueued
[2026-04-03T01:01:00.895+0600][10.994s][info][gc,reloc    ] GC(4) Small Pages: 690 / 1380M, Empty: 2M, Relocated: 43M, In-Place: 0
[2026-04-03T01:01:00.895+0600][10.994s][info][gc,reloc    ] GC(4) Medium Pages: 2 / 64M, Empty: 32M, Relocated: 0M, In-Place: 0
[2026-04-03T01:01:00.895+0600][10.994s][info][gc,reloc    ] GC(4) Large Pages: 0 / 0M, Empty: 0M, Relocated: 0M, In-Place: 0
[2026-04-03T01:01:00.895+0600][10.994s][info][gc,reloc    ] GC(4) Forwarding Usage: 21M
[2026-04-03T01:01:00.895+0600][10.994s][info][gc,heap     ] GC(4) Min Capacity: 8M(0%)
[2026-04-03T01:01:00.895+0600][10.994s][info][gc,heap     ] GC(4) Max Capacity: 3922M(100%)
[2026-04-03T01:01:00.895+0600][10.994s][info][gc,heap     ] GC(4) Soft Max Capacity: 3922M(100%)
[2026-04-03T01:01:00.895+0600][10.994s][info][gc,heap     ] GC(4)                Mark Start          Mark End        Relocate Start      Relocate End           High               Low         
[2026-04-03T01:01:00.895+0600][10.994s][info][gc,heap     ] GC(4)  Capacity:     3318M (85%)        3350M (85%)        3350M (85%)        3350M (85%)        3350M (85%)        3318M (85%)    
[2026-04-03T01:01:00.895+0600][10.994s][info][gc,heap     ] GC(4)      Free:     2478M (63%)        1974M (50%)        1998M (51%)        2968M (76%)        2968M (76%)        1970M (50%)    
[2026-04-03T01:01:00.895+0600][10.994s][info][gc,heap     ] GC(4)      Used:     1444M (37%)        1948M (50%)        1924M (49%)         954M (24%)        1952M (50%)         954M (24%)    
[2026-04-03T01:01:00.895+0600][10.994s][info][gc,heap     ] GC(4)      Live:         -               319M (8%)          319M (8%)          319M (8%)             -                  -          
[2026-04-03T01:01:00.895+0600][10.994s][info][gc,heap     ] GC(4) Allocated:         -               504M (13%)         514M (13%)         597M (15%)            -                  -          
[2026-04-03T01:01:00.895+0600][10.994s][info][gc,heap     ] GC(4)   Garbage:         -              1124M (29%)        1090M (28%)          37M (1%)             -                  -          
[2026-04-03T01:01:00.895+0600][10.994s][info][gc,heap     ] GC(4) Reclaimed:         -                  -                34M (1%)         1087M (28%)            -                  -          
[2026-04-03T01:01:00.895+0600][10.994s][info][gc          ] GC(4) Garbage Collection (Allocation Rate) 1444M(37%)->954M(24%)
[2026-04-03T01:01:01.457+0600][11.556s][info][gc,start    ] GC(5) Garbage Collection (Allocation Rate)
[2026-04-03T01:01:01.457+0600][11.556s][info][gc,task     ] GC(5) Using 2 workers
[2026-04-03T01:01:01.457+0600][11.556s][info][gc,phases   ] GC(5) Pause Mark Start 0.008ms
[2026-04-03T01:01:02.038+0600][12.137s][info][gc,phases   ] GC(5) Concurrent Mark 580.629ms
[2026-04-03T01:01:02.038+0600][12.137s][info][gc,phases   ] GC(5) Pause Mark End 0.033ms
[2026-04-03T01:01:02.039+0600][12.137s][info][gc,phases   ] GC(5) Concurrent Mark Free 0.004ms
[2026-04-03T01:01:02.042+0600][12.141s][info][gc,phases   ] GC(5) Concurrent Process Non-Strong References 3.467ms
[2026-04-03T01:01:02.042+0600][12.141s][info][gc,phases   ] GC(5) Concurrent Reset Relocation Set 0.041ms
[2026-04-03T01:01:02.057+0600][12.156s][info][gc,phases   ] GC(5) Concurrent Select Relocation Set 15.037ms
[2026-04-03T01:01:02.058+0600][12.156s][info][gc,phases   ] GC(5) Pause Relocate Start 0.029ms
[2026-04-03T01:01:02.212+0600][12.310s][info][gc,phases   ] GC(5) Concurrent Relocate 153.783ms
[2026-04-03T01:01:02.212+0600][12.310s][info][gc,load     ] GC(5) Load: 7.09/3.52/2.11
[2026-04-03T01:01:02.212+0600][12.310s][info][gc,mmu      ] GC(5) MMU: 2ms/98.4%, 5ms/99.3%, 10ms/99.7%, 20ms/99.7%, 50ms/99.9%, 100ms/99.9%
[2026-04-03T01:01:02.212+0600][12.310s][info][gc,marking  ] GC(5) Mark: 2 stripe(s), 2 proactive flush(es), 1 terminate flush(es), 0 completion(s), 0 continuation(s) 
[2026-04-03T01:01:02.212+0600][12.310s][info][gc,marking  ] GC(5) Mark Stack Usage: 32M
[2026-04-03T01:01:02.212+0600][12.310s][info][gc,nmethod  ] GC(5) NMethods: 1704 registered, 698 unregistered
[2026-04-03T01:01:02.212+0600][12.310s][info][gc,metaspace] GC(5) Metaspace: 8M used, 8M committed, 1088M reserved
[2026-04-03T01:01:02.212+0600][12.310s][info][gc,ref      ] GC(5) Soft: 221 encountered, 0 discovered, 0 enqueued
[2026-04-03T01:01:02.212+0600][12.310s][info][gc,ref      ] GC(5) Weak: 465 encountered, 165 discovered, 0 enqueued
[2026-04-03T01:01:02.212+0600][12.310s][info][gc,ref      ] GC(5) Final: 3 encountered, 2 discovered, 0 enqueued
[2026-04-03T01:01:02.212+0600][12.310s][info][gc,ref      ] GC(5) Phantom: 45 encountered, 22 discovered, 0 enqueued
[2026-04-03T01:01:02.212+0600][12.310s][info][gc,reloc    ] GC(5) Small Pages: 893 / 1786M, Empty: 10M, Relocated: 87M, In-Place: 0
[2026-04-03T01:01:02.212+0600][12.310s][info][gc,reloc    ] GC(5) Medium Pages: 2 / 64M, Empty: 0M, Relocated: 3M, In-Place: 0
[2026-04-03T01:01:02.212+0600][12.310s][info][gc,reloc    ] GC(5) Large Pages: 0 / 0M, Empty: 0M, Relocated: 0M, In-Place: 0
[2026-04-03T01:01:02.212+0600][12.310s][info][gc,reloc    ] GC(5) Forwarding Usage: 42M
[2026-04-03T01:01:02.212+0600][12.310s][info][gc,heap     ] GC(5) Min Capacity: 8M(0%)
[2026-04-03T01:01:02.212+0600][12.310s][info][gc,heap     ] GC(5) Max Capacity: 3922M(100%)
[2026-04-03T01:01:02.212+0600][12.310s][info][gc,heap     ] GC(5) Soft Max Capacity: 3922M(100%)
[2026-04-03T01:01:02.212+0600][12.310s][info][gc,heap     ] GC(5)                Mark Start          Mark End        Relocate Start      Relocate End           High               Low         
[2026-04-03T01:01:02.212+0600][12.310s][info][gc,heap     ] GC(5)  Capacity:     3350M (85%)        3350M (85%)        3350M (85%)        3382M (86%)        3382M (86%)        3350M (85%)    
[2026-04-03T01:01:02.212+0600][12.310s][info][gc,heap     ] GC(5)      Free:     2072M (53%)        1336M (34%)        1324M (34%)        2566M (65%)        2568M (65%)        1258M (32%)    
[2026-04-03T01:01:02.212+0600][12.310s][info][gc,heap     ] GC(5)      Used:     1850M (47%)        2586M (66%)        2598M (66%)        1356M (35%)        2664M (68%)        1354M (35%)    
[2026-04-03T01:01:02.212+0600][12.310s][info][gc,heap     ] GC(5)      Live:         -               385M (10%)         385M (10%)         385M (10%)            -                  -          
[2026-04-03T01:01:02.212+0600][12.310s][info][gc,heap     ] GC(5) Allocated:         -               736M (19%)         758M (19%)         929M (24%)            -                  -          
[2026-04-03T01:01:02.212+0600][12.310s][info][gc,heap     ] GC(5)   Garbage:         -              1464M (37%)        1454M (37%)          40M (1%)             -                  -          
[2026-04-03T01:01:02.212+0600][12.310s][info][gc,heap     ] GC(5) Reclaimed:         -                  -                10M (0%)         1423M (36%)            -                  -          
[2026-04-03T01:01:02.212+0600][12.310s][info][gc          ] GC(5) Garbage Collection (Allocation Rate) 1850M(47%)->1356M(35%)
[2026-04-03T01:01:02.757+0600][12.856s][info][gc,start    ] GC(6) Garbage Collection (Allocation Rate)
[2026-04-03T01:01:02.757+0600][12.856s][info][gc,task     ] GC(6) Using 2 workers
[2026-04-03T01:01:02.757+0600][12.856s][info][gc,phases   ] GC(6) Pause Mark Start 0.024ms
[2026-04-03T01:01:03.432+0600][13.530s][info][gc,phases   ] GC(6) Concurrent Mark 674.405ms
[2026-04-03T01:01:03.432+0600][13.531s][info][gc,phases   ] GC(6) Pause Mark End 0.021ms
[2026-04-03T01:01:03.432+0600][13.531s][info][gc,phases   ] GC(6) Concurrent Mark Free 0.005ms
[2026-04-03T01:01:03.435+0600][13.534s][info][gc,phases   ] GC(6) Concurrent Process Non-Strong References 2.728ms
[2026-04-03T01:01:03.435+0600][13.534s][info][gc,phases   ] GC(6) Concurrent Reset Relocation Set 0.044ms
[2026-04-03T01:01:03.440+0600][13.539s][info][gc,phases   ] GC(6) Concurrent Select Relocation Set 5.443ms
[2026-04-03T01:01:03.441+0600][13.539s][info][gc,phases   ] GC(6) Pause Relocate Start 0.006ms
[2026-04-03T01:01:03.589+0600][13.688s][info][gc,phases   ] GC(6) Concurrent Relocate 148.216ms
[2026-04-03T01:01:03.589+0600][13.688s][info][gc,load     ] GC(6) Load: 7.09/3.52/2.11
[2026-04-03T01:01:03.589+0600][13.688s][info][gc,mmu      ] GC(6) MMU: 2ms/98.4%, 5ms/99.3%, 10ms/99.7%, 20ms/99.7%, 50ms/99.9%, 100ms/99.9%
[2026-04-03T01:01:03.589+0600][13.688s][info][gc,marking  ] GC(6) Mark: 2 stripe(s), 2 proactive flush(es), 1 terminate flush(es), 0 completion(s), 0 continuation(s) 
[2026-04-03T01:01:03.589+0600][13.688s][info][gc,marking  ] GC(6) Mark Stack Usage: 32M
[2026-04-03T01:01:03.589+0600][13.688s][info][gc,nmethod  ] GC(6) NMethods: 1746 registered, 699 unregistered
[2026-04-03T01:01:03.589+0600][13.688s][info][gc,metaspace] GC(6) Metaspace: 8M used, 8M committed, 1088M reserved
[2026-04-03T01:01:03.589+0600][13.688s][info][gc,ref      ] GC(6) Soft: 221 encountered, 0 discovered, 0 enqueued
[2026-04-03T01:01:03.589+0600][13.688s][info][gc,ref      ] GC(6) Weak: 464 encountered, 119 discovered, 0 enqueued
[2026-04-03T01:01:03.589+0600][13.688s][info][gc,ref      ] GC(6) Final: 3 encountered, 2 discovered, 0 enqueued
[2026-04-03T01:01:03.589+0600][13.688s][info][gc,ref      ] GC(6) Phantom: 45 encountered, 26 discovered, 0 enqueued
[2026-04-03T01:01:03.589+0600][13.688s][info][gc,reloc    ] GC(6) Small Pages: 989 / 1978M, Empty: 2M, Relocated: 78M, In-Place: 0
[2026-04-03T01:01:03.589+0600][13.688s][info][gc,reloc    ] GC(6) Medium Pages: 2 / 64M, Empty: 32M, Relocated: 0M, In-Place: 0
[2026-04-03T01:01:03.589+0600][13.688s][info][gc,reloc    ] GC(6) Large Pages: 0 / 0M, Empty: 0M, Relocated: 0M, In-Place: 0
[2026-04-03T01:01:03.589+0600][13.688s][info][gc,reloc    ] GC(6) Forwarding Usage: 39M
[2026-04-03T01:01:03.589+0600][13.688s][info][gc,heap     ] GC(6) Min Capacity: 8M(0%)
[2026-04-03T01:01:03.589+0600][13.688s][info][gc,heap     ] GC(6) Max Capacity: 3922M(100%)
[2026-04-03T01:01:03.589+0600][13.688s][info][gc,heap     ] GC(6) Soft Max Capacity: 3922M(100%)
[2026-04-03T01:01:03.589+0600][13.688s][info][gc,heap     ] GC(6)                Mark Start          Mark End        Relocate Start      Relocate End           High               Low         
[2026-04-03T01:01:03.589+0600][13.688s][info][gc,heap     ] GC(6)  Capacity:     3382M (86%)        3382M (86%)        3382M (86%)        3382M (86%)        3382M (86%)        3382M (86%)    
[2026-04-03T01:01:03.590+0600][13.688s][info][gc,heap     ] GC(6)      Free:     1880M (48%)        1274M (32%)        1300M (33%)        2744M (70%)        2746M (70%)        1270M (32%)    
[2026-04-03T01:01:03.590+0600][13.688s][info][gc,heap     ] GC(6)      Used:     2042M (52%)        2648M (68%)        2622M (67%)        1178M (30%)        2652M (68%)        1176M (30%)    
[2026-04-03T01:01:03.590+0600][13.688s][info][gc,heap     ] GC(6)      Live:         -               449M (11%)         449M (11%)         449M (11%)            -                  -          
[2026-04-03T01:01:03.590+0600][13.688s][info][gc,heap     ] GC(6) Allocated:         -               606M (15%)         614M (16%)         674M (17%)            -                  -          
[2026-04-03T01:01:03.590+0600][13.688s][info][gc,heap     ] GC(6)   Garbage:         -              1592M (41%)        1558M (40%)          53M (1%)             -                  -          
[2026-04-03T01:01:03.590+0600][13.688s][info][gc,heap     ] GC(6) Reclaimed:         -                  -                34M (1%)         1538M (39%)            -                  -          
[2026-04-03T01:01:03.590+0600][13.688s][info][gc          ] GC(6) Garbage Collection (Allocation Rate) 2042M(52%)->1178M(30%)
[2026-04-03T01:01:04.558+0600][14.656s][info][gc,start    ] GC(7) Garbage Collection (Allocation Rate)
[2026-04-03T01:01:04.558+0600][14.656s][info][gc,task     ] GC(7) Using 3 workers
[2026-04-03T01:01:04.558+0600][14.657s][info][gc,phases   ] GC(7) Pause Mark Start 0.010ms
[2026-04-03T01:01:05.098+0600][15.197s][info][gc,phases   ] GC(7) Concurrent Mark 540.229ms
[2026-04-03T01:01:05.099+0600][15.197s][info][gc,phases   ] GC(7) Pause Mark End 0.028ms
[2026-04-03T01:01:05.099+0600][15.198s][info][gc,phases   ] GC(7) Concurrent Mark Free 0.003ms
[2026-04-03T01:01:05.102+0600][15.201s][info][gc,phases   ] GC(7) Concurrent Process Non-Strong References 3.292ms
[2026-04-03T01:01:05.102+0600][15.201s][info][gc,phases   ] GC(7) Concurrent Reset Relocation Set 0.107ms
[2026-04-03T01:01:05.116+0600][15.214s][info][gc,phases   ] GC(7) Concurrent Select Relocation Set 13.379ms
[2026-04-03T01:01:05.116+0600][15.215s][info][gc,phases   ] GC(7) Pause Relocate Start 0.041ms
[2026-04-03T01:01:05.212+0600][15.311s][info][gc,phases   ] GC(7) Concurrent Relocate 95.910ms
[2026-04-03T01:01:05.212+0600][15.311s][info][gc,load     ] GC(7) Load: 6.60/3.48/2.10
[2026-04-03T01:01:05.212+0600][15.311s][info][gc,mmu      ] GC(7) MMU: 2ms/97.9%, 5ms/99.2%, 10ms/99.6%, 20ms/99.7%, 50ms/99.9%, 100ms/99.9%
[2026-04-03T01:01:05.212+0600][15.311s][info][gc,marking  ] GC(7) Mark: 2 stripe(s), 6 proactive flush(es), 1 terminate flush(es), 0 completion(s), 0 continuation(s) 
[2026-04-03T01:01:05.212+0600][15.311s][info][gc,marking  ] GC(7) Mark Stack Usage: 32M
[2026-04-03T01:01:05.212+0600][15.311s][info][gc,nmethod  ] GC(7) NMethods: 1870 registered, 847 unregistered
[2026-04-03T01:01:05.212+0600][15.311s][info][gc,metaspace] GC(7) Metaspace: 8M used, 9M committed, 1088M reserved
[2026-04-03T01:01:05.212+0600][15.311s][info][gc,ref      ] GC(7) Soft: 221 encountered, 0 discovered, 0 enqueued
[2026-04-03T01:01:05.212+0600][15.311s][info][gc,ref      ] GC(7) Weak: 464 encountered, 144 discovered, 0 enqueued
[2026-04-03T01:01:05.212+0600][15.311s][info][gc,ref      ] GC(7) Final: 3 encountered, 2 discovered, 0 enqueued
[2026-04-03T01:01:05.212+0600][15.311s][info][gc,ref      ] GC(7) Phantom: 45 encountered, 27 discovered, 0 enqueued
[2026-04-03T01:01:05.212+0600][15.311s][info][gc,reloc    ] GC(7) Small Pages: 1148 / 2296M, Empty: 216M, Relocated: 104M, In-Place: 0
[2026-04-03T01:01:05.212+0600][15.311s][info][gc,reloc    ] GC(7) Medium Pages: 2 / 64M, Empty: 32M, Relocated: 0M, In-Place: 0
[2026-04-03T01:01:05.212+0600][15.311s][info][gc,reloc    ] GC(7) Large Pages: 0 / 0M, Empty: 0M, Relocated: 0M, In-Place: 0
[2026-04-03T01:01:05.212+0600][15.311s][info][gc,reloc    ] GC(7) Forwarding Usage: 54M
[2026-04-03T01:01:05.212+0600][15.311s][info][gc,heap     ] GC(7) Min Capacity: 8M(0%)
[2026-04-03T01:01:05.212+0600][15.311s][info][gc,heap     ] GC(7) Max Capacity: 3922M(100%)
[2026-04-03T01:01:05.212+0600][15.311s][info][gc,heap     ] GC(7) Soft Max Capacity: 3922M(100%)
[2026-04-03T01:01:05.212+0600][15.311s][info][gc,heap     ] GC(7)                Mark Start          Mark End        Relocate Start      Relocate End           High               Low         
[2026-04-03T01:01:05.212+0600][15.311s][info][gc,heap     ] GC(7)  Capacity:     3382M (86%)        3382M (86%)        3382M (86%)        3382M (86%)        3382M (86%)        3382M (86%)    
[2026-04-03T01:01:05.213+0600][15.311s][info][gc,heap     ] GC(7)      Free:     1562M (40%)        1114M (28%)        1350M (34%)        2924M (75%)        2926M (75%)        1112M (28%)    
[2026-04-03T01:01:05.213+0600][15.311s][info][gc,heap     ] GC(7)      Used:     2360M (60%)        2808M (72%)        2572M (66%)         998M (25%)        2810M (72%)         996M (25%)    
[2026-04-03T01:01:05.213+0600][15.311s][info][gc,heap     ] GC(7)      Live:         -               422M (11%)         422M (11%)         422M (11%)            -                  -          
[2026-04-03T01:01:05.213+0600][15.311s][info][gc,heap     ] GC(7) Allocated:         -               448M (11%)         460M (12%)         531M (14%)            -                  -          
[2026-04-03T01:01:05.213+0600][15.311s][info][gc,heap     ] GC(7)   Garbage:         -              1937M (49%)        1689M (43%)          43M (1%)             -                  -          
[2026-04-03T01:01:05.213+0600][15.311s][info][gc,heap     ] GC(7) Reclaimed:         -                  -               248M (6%)         1893M (48%)            -                  -          
[2026-04-03T01:01:05.213+0600][15.311s][info][gc          ] GC(7) Garbage Collection (Allocation Rate) 2360M(60%)->998M(25%)
[2026-04-03T01:01:06.558+0600][16.656s][info][gc,start    ] GC(8) Garbage Collection (Allocation Rate)
[2026-04-03T01:01:06.558+0600][16.656s][info][gc,task     ] GC(8) Using 3 workers
[2026-04-03T01:01:06.558+0600][16.657s][info][gc,phases   ] GC(8) Pause Mark Start 0.008ms
[2026-04-03T01:01:07.178+0600][17.276s][info][gc,phases   ] GC(8) Concurrent Mark 619.821ms
[2026-04-03T01:01:07.178+0600][17.277s][info][gc,phases   ] GC(8) Pause Mark End 0.054ms
[2026-04-03T01:01:07.178+0600][17.277s][info][gc,phases   ] GC(8) Concurrent Mark Free 0.001ms
[2026-04-03T01:01:07.181+0600][17.280s][info][gc,phases   ] GC(8) Concurrent Process Non-Strong References 2.762ms
[2026-04-03T01:01:07.181+0600][17.280s][info][gc,phases   ] GC(8) Concurrent Reset Relocation Set 0.055ms
[2026-04-03T01:01:07.188+0600][17.286s][info][gc,phases   ] GC(8) Concurrent Select Relocation Set 6.545ms
[2026-04-03T01:01:07.188+0600][17.287s][info][gc,phases   ] GC(8) Pause Relocate Start 0.046ms
[2026-04-03T01:01:07.279+0600][17.378s][info][gc,phases   ] GC(8) Concurrent Relocate 90.965ms
[2026-04-03T01:01:07.279+0600][17.378s][info][gc,load     ] GC(8) Load: 6.60/3.48/2.10
[2026-04-03T01:01:07.279+0600][17.378s][info][gc,mmu      ] GC(8) MMU: 2ms/97.3%, 5ms/98.9%, 10ms/99.0%, 20ms/99.5%, 50ms/99.8%, 100ms/99.9%
[2026-04-03T01:01:07.279+0600][17.378s][info][gc,marking  ] GC(8) Mark: 2 stripe(s), 2 proactive flush(es), 1 terminate flush(es), 0 completion(s), 0 continuation(s) 
[2026-04-03T01:01:07.279+0600][17.378s][info][gc,marking  ] GC(8) Mark Stack Usage: 32M
[2026-04-03T01:01:07.279+0600][17.378s][info][gc,nmethod  ] GC(8) NMethods: 1868 registered, 892 unregistered
[2026-04-03T01:01:07.279+0600][17.378s][info][gc,metaspace] GC(8) Metaspace: 8M used, 9M committed, 1088M reserved
[2026-04-03T01:01:07.279+0600][17.378s][info][gc,ref      ] GC(8) Soft: 221 encountered, 0 discovered, 0 enqueued
[2026-04-03T01:01:07.279+0600][17.378s][info][gc,ref      ] GC(8) Weak: 465 encountered, 177 discovered, 0 enqueued
[2026-04-03T01:01:07.279+0600][17.378s][info][gc,ref      ] GC(8) Final: 3 encountered, 0 discovered, 0 enqueued
[2026-04-03T01:01:07.279+0600][17.378s][info][gc,ref      ] GC(8) Phantom: 45 encountered, 27 discovered, 0 enqueued
[2026-04-03T01:01:07.279+0600][17.378s][info][gc,reloc    ] GC(8) Small Pages: 1230 / 2460M, Empty: 520M, Relocated: 78M, In-Place: 0
[2026-04-03T01:01:07.279+0600][17.378s][info][gc,reloc    ] GC(8) Medium Pages: 2 / 64M, Empty: 0M, Relocated: 3M, In-Place: 0
[2026-04-03T01:01:07.279+0600][17.378s][info][gc,reloc    ] GC(8) Large Pages: 0 / 0M, Empty: 0M, Relocated: 0M, In-Place: 0
[2026-04-03T01:01:07.279+0600][17.378s][info][gc,reloc    ] GC(8) Forwarding Usage: 42M
[2026-04-03T01:01:07.279+0600][17.378s][info][gc,heap     ] GC(8) Min Capacity: 8M(0%)
[2026-04-03T01:01:07.279+0600][17.378s][info][gc,heap     ] GC(8) Max Capacity: 3922M(100%)
[2026-04-03T01:01:07.279+0600][17.378s][info][gc,heap     ] GC(8) Soft Max Capacity: 3922M(100%)
[2026-04-03T01:01:07.279+0600][17.378s][info][gc,heap     ] GC(8)                Mark Start          Mark End        Relocate Start      Relocate End           High               Low         
[2026-04-03T01:01:07.279+0600][17.378s][info][gc,heap     ] GC(8)  Capacity:     3382M (86%)        3382M (86%)        3382M (86%)        3382M (86%)        3382M (86%)        3382M (86%)    
[2026-04-03T01:01:07.279+0600][17.378s][info][gc,heap     ] GC(8)      Free:     1398M (36%)         638M (16%)        1144M (29%)        2452M (63%)        2454M (63%)         634M (16%)    
[2026-04-03T01:01:07.279+0600][17.378s][info][gc,heap     ] GC(8)      Used:     2524M (64%)        3284M (84%)        2778M (71%)        1470M (37%)        3288M (84%)        1468M (37%)    
[2026-04-03T01:01:07.280+0600][17.378s][info][gc,heap     ] GC(8)      Live:         -               481M (12%)         481M (12%)         481M (12%)            -                  -          
[2026-04-03T01:01:07.280+0600][17.378s][info][gc,heap     ] GC(8) Allocated:         -               760M (19%)         774M (20%)         942M (24%)            -                  -          
[2026-04-03T01:01:07.280+0600][17.378s][info][gc,heap     ] GC(8)   Garbage:         -              2042M (52%)        1522M (39%)          45M (1%)             -                  -          
[2026-04-03T01:01:07.280+0600][17.378s][info][gc,heap     ] GC(8) Reclaimed:         -                  -               520M (13%)        1996M (51%)            -                  -          
[2026-04-03T01:01:07.280+0600][17.378s][info][gc          ] GC(8) Garbage Collection (Allocation Rate) 2524M(64%)->1470M(37%)
[2026-04-03T01:01:07.957+0600][18.056s][info][gc,start    ] GC(9) Garbage Collection (Allocation Rate)
[2026-04-03T01:01:07.957+0600][18.056s][info][gc,task     ] GC(9) Using 3 workers
[2026-04-03T01:01:07.957+0600][18.056s][info][gc,phases   ] GC(9) Pause Mark Start 0.009ms
[2026-04-03T01:01:08.585+0600][18.684s][info][gc,phases   ] GC(9) Concurrent Mark 627.955ms
[2026-04-03T01:01:08.586+0600][18.684s][info][gc,phases   ] GC(9) Pause Mark End 0.017ms
[2026-04-03T01:01:08.586+0600][18.684s][info][gc,phases   ] GC(9) Concurrent Mark Free 0.002ms
[2026-04-03T01:01:08.587+0600][18.686s][info][gc,phases   ] GC(9) Concurrent Process Non-Strong References 1.721ms
[2026-04-03T01:01:08.588+0600][18.686s][info][gc,phases   ] GC(9) Concurrent Reset Relocation Set 0.042ms
[2026-04-03T01:01:08.600+0600][18.699s][info][gc,phases   ] GC(9) Concurrent Select Relocation Set 12.398ms
[2026-04-03T01:01:08.600+0600][18.699s][info][gc,phases   ] GC(9) Pause Relocate Start 0.013ms
[2026-04-03T01:01:08.701+0600][18.800s][info][gc,phases   ] GC(9) Concurrent Relocate 100.602ms
[2026-04-03T01:01:08.701+0600][18.800s][info][gc,load     ] GC(9) Load: 6.60/3.48/2.10
[2026-04-03T01:01:08.701+0600][18.800s][info][gc,mmu      ] GC(9) MMU: 2ms/97.3%, 5ms/98.9%, 10ms/99.0%, 20ms/99.5%, 50ms/99.8%, 100ms/99.9%
[2026-04-03T01:01:08.701+0600][18.800s][info][gc,marking  ] GC(9) Mark: 2 stripe(s), 9 proactive flush(es), 1 terminate flush(es), 0 completion(s), 0 continuation(s) 
[2026-04-03T01:01:08.701+0600][18.800s][info][gc,marking  ] GC(9) Mark Stack Usage: 32M
[2026-04-03T01:01:08.701+0600][18.800s][info][gc,nmethod  ] GC(9) NMethods: 1873 registered, 892 unregistered
[2026-04-03T01:01:08.701+0600][18.800s][info][gc,metaspace] GC(9) Metaspace: 8M used, 9M committed, 1088M reserved
[2026-04-03T01:01:08.701+0600][18.800s][info][gc,ref      ] GC(9) Soft: 221 encountered, 0 discovered, 0 enqueued
[2026-04-03T01:01:08.701+0600][18.800s][info][gc,ref      ] GC(9) Weak: 465 encountered, 177 discovered, 0 enqueued
[2026-04-03T01:01:08.701+0600][18.800s][info][gc,ref      ] GC(9) Final: 3 encountered, 2 discovered, 0 enqueued
[2026-04-03T01:01:08.701+0600][18.800s][info][gc,ref      ] GC(9) Phantom: 45 encountered, 21 discovered, 0 enqueued
[2026-04-03T01:01:08.701+0600][18.800s][info][gc,reloc    ] GC(9) Small Pages: 1009 / 2018M, Empty: 404M, Relocated: 102M, In-Place: 0
[2026-04-03T01:01:08.701+0600][18.800s][info][gc,reloc    ] GC(9) Medium Pages: 2 / 64M, Empty: 0M, Relocated: 2M, In-Place: 0
[2026-04-03T01:01:08.701+0600][18.800s][info][gc,reloc    ] GC(9) Large Pages: 1 / 6M, Empty: 0M, Relocated: 0M, In-Place: 0
[2026-04-03T01:01:08.701+0600][18.800s][info][gc,reloc    ] GC(9) Forwarding Usage: 69M
[2026-04-03T01:01:08.701+0600][18.800s][info][gc,heap     ] GC(9) Min Capacity: 8M(0%)
[2026-04-03T01:01:08.701+0600][18.800s][info][gc,heap     ] GC(9) Max Capacity: 3922M(100%)
[2026-04-03T01:01:08.701+0600][18.800s][info][gc,heap     ] GC(9) Soft Max Capacity: 3922M(100%)
[2026-04-03T01:01:08.701+0600][18.800s][info][gc,heap     ] GC(9)                Mark Start          Mark End        Relocate Start      Relocate End           High               Low         
[2026-04-03T01:01:08.701+0600][18.800s][info][gc,heap     ] GC(9)  Capacity:     3382M (86%)        3382M (86%)        3382M (86%)        3382M (86%)        3382M (86%)        3382M (86%)    
[2026-04-03T01:01:08.701+0600][18.800s][info][gc,heap     ] GC(9)      Free:     1834M (47%)        1332M (34%)        1720M (44%)        2674M (68%)        2674M (68%)        1330M (34%)    
[2026-04-03T01:01:08.701+0600][18.800s][info][gc,heap     ] GC(9)      Used:     2088M (53%)        2590M (66%)        2202M (56%)        1248M (32%)        2592M (66%)        1248M (32%)    
[2026-04-03T01:01:08.701+0600][18.800s][info][gc,heap     ] GC(9)      Live:         -               608M (16%)         608M (16%)         608M (16%)            -                  -          
[2026-04-03T01:01:08.701+0600][18.800s][info][gc,heap     ] GC(9) Allocated:         -               502M (13%)         518M (13%)         595M (15%)            -                  -          
[2026-04-03T01:01:08.701+0600][18.800s][info][gc,heap     ] GC(9)   Garbage:         -              1479M (38%)        1075M (27%)          43M (1%)             -                  -          
[2026-04-03T01:01:08.701+0600][18.800s][info][gc,heap     ] GC(9) Reclaimed:         -                  -               404M (10%)        1435M (37%)            -                  -          
[2026-04-03T01:01:08.701+0600][18.800s][info][gc          ] GC(9) Garbage Collection (Allocation Rate) 2088M(53%)->1248M(32%)
[2026-04-03T01:01:09.757+0600][19.856s][info][gc,start    ] GC(10) Garbage Collection (Allocation Rate)
[2026-04-03T01:01:09.757+0600][19.856s][info][gc,task     ] GC(10) Using 3 workers
[2026-04-03T01:01:09.758+0600][19.856s][info][gc,phases   ] GC(10) Pause Mark Start 0.010ms
[2026-04-03T01:01:10.058+0600][20.157s][info][gc,stats    ] === Garbage Collection Statistics =======================================================================================================================
[2026-04-03T01:01:10.058+0600][20.157s][info][gc,stats    ]                                                              Last 10s              Last 10m              Last 10h                Total
[2026-04-03T01:01:10.058+0600][20.157s][info][gc,stats    ]                                                              Avg / Max             Avg / Max             Avg / Max             Avg / Max
[2026-04-03T01:01:10.058+0600][20.157s][info][gc,stats    ]   Collector: Garbage Collection Cycle                    757.575 / 838.219     693.864 / 1614.097    693.864 / 1614.097    693.864 / 1614.097    ms
[2026-04-03T01:01:10.058+0600][20.157s][info][gc,stats    ]  Contention: Mark Segment Reset Contention                     2 / 12                2 / 12                2 / 12                2 / 12          ops/s
[2026-04-03T01:01:10.058+0600][20.157s][info][gc,stats    ]  Contention: Mark SeqNum Reset Contention                      0 / 2                 0 / 2                 0 / 2                 0 / 2           ops/s
[2026-04-03T01:01:10.058+0600][20.157s][info][gc,stats    ]    Critical: Allocation Stall                                  0 / 0                 0 / 0                 0 / 0                 0 / 0           ops/s
[2026-04-03T01:01:10.058+0600][20.157s][info][gc,stats    ]    Critical: Allocation Stall                              0.000 / 0.000         0.000 / 0.000         0.000 / 0.000         0.000 / 0.000       ms
[2026-04-03T01:01:10.058+0600][20.157s][info][gc,stats    ]    Critical: GC Locker Stall                                   0 / 0                 0 / 0                 0 / 0                 0 / 0           ops/s
[2026-04-03T01:01:10.058+0600][20.157s][info][gc,stats    ]    Critical: GC Locker Stall                               0.000 / 0.000         0.000 / 0.000         0.000 / 0.000         0.000 / 0.000       ms
[2026-04-03T01:01:10.058+0600][20.157s][info][gc,stats    ]    Critical: Relocation Stall                                  0 / 0                 0 / 0                 0 / 0                 0 / 0           ops/s
[2026-04-03T01:01:10.058+0600][20.157s][info][gc,stats    ]    Critical: Relocation Stall                              0.000 / 0.000         0.000 / 0.000         0.000 / 0.000         0.000 / 0.000       ms
[2026-04-03T01:01:10.058+0600][20.157s][info][gc,stats    ]      Memory: Allocation Rate                                1059 / 1388            825 / 1388            825 / 1388            825 / 1388        MB/s
[2026-04-03T01:01:10.058+0600][20.157s][info][gc,stats    ]      Memory: Defragment                                        0 / 0                 0 / 0                 0 / 0                 0 / 0           ops/s
[2026-04-03T01:01:10.058+0600][20.157s][info][gc,stats    ]      Memory: Out Of Memory                                     0 / 0                 0 / 0                 0 / 0                 0 / 0           ops/s
[2026-04-03T01:01:10.058+0600][20.157s][info][gc,stats    ]      Memory: Page Cache Flush                                  0 / 0                 0 / 0                 0 / 0                 0 / 0           MB/s
[2026-04-03T01:01:10.058+0600][20.157s][info][gc,stats    ]      Memory: Page Cache Hit L1                               546 / 694             345 / 694             345 / 694             345 / 694         ops/s
[2026-04-03T01:01:10.058+0600][20.157s][info][gc,stats    ]      Memory: Page Cache Hit L2                                 0 / 0                 0 / 0                 0 / 0                 0 / 0           ops/s
[2026-04-03T01:01:10.058+0600][20.157s][info][gc,stats    ]      Memory: Page Cache Hit L3                                 0 / 1                 5 / 92                5 / 92                5 / 92          ops/s
[2026-04-03T01:01:10.058+0600][20.157s][info][gc,stats    ]      Memory: Page Cache Miss                                   0 / 1                76 / 336              76 / 336              76 / 336         ops/s
[2026-04-03T01:01:10.058+0600][20.157s][info][gc,stats    ]      Memory: Uncommit                                          0 / 0                 0 / 0                 0 / 0                 0 / 0           MB/s
[2026-04-03T01:01:10.058+0600][20.157s][info][gc,stats    ]      Memory: Undo Object Allocation Failed                     0 / 0                 0 / 0                 0 / 0                 0 / 0           ops/s
[2026-04-03T01:01:10.058+0600][20.157s][info][gc,stats    ]      Memory: Undo Object Allocation Succeeded                  0 / 1                 0 / 1                 0 / 1                 0 / 1           ops/s
[2026-04-03T01:01:10.058+0600][20.157s][info][gc,stats    ]      Memory: Undo Page Allocation                              0 / 0                 0 / 0                 0 / 0                 0 / 0           ops/s
[2026-04-03T01:01:10.058+0600][20.157s][info][gc,stats    ]       Phase: Concurrent Mark                             631.485 / 745.871     553.781 / 1215.758    553.781 / 1215.758    553.781 / 1215.758    ms
[2026-04-03T01:01:10.058+0600][20.157s][info][gc,stats    ]       Phase: Concurrent Mark Continue                      0.000 / 0.000         0.000 / 0.000         0.000 / 0.000         0.000 / 0.000       ms
[2026-04-03T01:01:10.058+0600][20.157s][info][gc,stats    ]       Phase: Concurrent Mark Free                          0.003 / 0.005         0.003 / 0.005         0.003 / 0.005         0.003 / 0.005       ms
[2026-04-03T01:01:10.058+0600][20.157s][info][gc,stats    ]       Phase: Concurrent Process Non-Strong References      2.810 / 3.467         3.159 / 4.922         3.159 / 4.922         3.159 / 4.922       ms
[2026-04-03T01:01:10.058+0600][20.157s][info][gc,stats    ]       Phase: Concurrent Relocate                         111.141 / 153.783     122.483 / 360.208     122.483 / 360.208     122.483 / 360.208     ms
[2026-04-03T01:01:10.058+0600][20.157s][info][gc,stats    ]       Phase: Concurrent Reset Relocation Set               0.068 / 0.118         0.050 / 0.118         0.050 / 0.118         0.050 / 0.118       ms
[2026-04-03T01:01:10.058+0600][20.157s][info][gc,stats    ]       Phase: Concurrent Select Relocation Set             10.565 / 15.037       12.830 / 31.543       12.830 / 31.543       12.830 / 31.543      ms
[2026-04-03T01:01:10.058+0600][20.157s][info][gc,stats    ]       Phase: Pause Mark End                                0.028 / 0.054         0.028 / 0.054         0.028 / 0.054         0.028 / 0.054       ms
[2026-04-03T01:01:10.058+0600][20.157s][info][gc,stats    ]       Phase: Pause Mark Start                              0.011 / 0.024         0.011 / 0.024         0.011 / 0.024         0.011 / 0.024       ms
[2026-04-03T01:01:10.058+0600][20.157s][info][gc,stats    ]       Phase: Pause Relocate Start                          0.025 / 0.046         0.021 / 0.046         0.021 / 0.046         0.021 / 0.046       ms
[2026-04-03T01:01:10.059+0600][20.157s][info][gc,stats    ]    Subphase: Concurrent Classes Purge                      0.138 / 0.393         0.195 / 0.879         0.195 / 0.879         0.195 / 0.879       ms
[2026-04-03T01:01:10.059+0600][20.157s][info][gc,stats    ]    Subphase: Concurrent Classes Unlink                     1.943 / 2.416         2.121 / 3.358         2.121 / 3.358         2.121 / 3.358       ms
[2026-04-03T01:01:10.059+0600][20.157s][info][gc,stats    ]    Subphase: Concurrent Mark                             623.555 / 745.322     485.312 / 1215.085    485.312 / 1215.085    485.312 / 1215.085    ms
[2026-04-03T01:01:10.059+0600][20.157s][info][gc,stats    ]    Subphase: Concurrent Mark Try Flush                     0.213 / 0.307         0.215 / 0.778         0.215 / 0.778         0.215 / 0.778       ms
[2026-04-03T01:01:10.059+0600][20.157s][info][gc,stats    ]    Subphase: Concurrent Mark Try Terminate                 0.839 / 1.206         0.800 / 1.206         0.800 / 1.206         0.800 / 1.206       ms
[2026-04-03T01:01:10.059+0600][20.157s][info][gc,stats    ]    Subphase: Concurrent References Enqueue                 0.001 / 0.001         0.001 / 0.009         0.001 / 0.009         0.001 / 0.009       ms
[2026-04-03T01:01:10.059+0600][20.157s][info][gc,stats    ]    Subphase: Concurrent References Process                 0.170 / 0.258         0.179 / 0.331         0.179 / 0.331         0.179 / 0.331       ms
[2026-04-03T01:01:10.059+0600][20.157s][info][gc,stats    ]    Subphase: Concurrent Roots ClassLoaderDataGraph         0.080 / 0.219         0.111 / 0.632         0.111 / 0.632         0.111 / 0.632       ms
[2026-04-03T01:01:10.059+0600][20.157s][info][gc,stats    ]    Subphase: Concurrent Roots CodeCache                    0.000 / 0.000         0.000 / 0.000         0.000 / 0.000         0.000 / 0.000       ms
[2026-04-03T01:01:10.059+0600][20.157s][info][gc,stats    ]    Subphase: Concurrent Roots JavaThreads                  0.079 / 0.278         0.113 / 0.463         0.113 / 0.463         0.113 / 0.463       ms
[2026-04-03T01:01:10.059+0600][20.157s][info][gc,stats    ]    Subphase: Concurrent Roots OopStorageSet                0.022 / 0.044         1.346 / 8.433         1.346 / 8.433         1.346 / 8.433       ms
[2026-04-03T01:01:10.059+0600][20.157s][info][gc,stats    ]    Subphase: Concurrent Weak Roots OopStorageSet           0.194 / 0.316         0.247 / 0.610         0.247 / 0.610         0.247 / 0.610       ms
[2026-04-03T01:01:10.059+0600][20.157s][info][gc,stats    ]    Subphase: Pause Mark Try Complete                       0.000 / 0.000         0.000 / 0.000         0.000 / 0.000         0.000 / 0.000       ms
[2026-04-03T01:01:10.059+0600][20.157s][info][gc,stats    ]      System: Java Threads                                     10 / 12               10 / 12               10 / 12               10 / 12          threads
[2026-04-03T01:01:10.059+0600][20.157s][info][gc,stats    ] =========================================================================================================================================================
[2026-04-03T01:01:10.323+0600][20.422s][info][gc,phases   ] GC(10) Concurrent Mark 565.568ms
[2026-04-03T01:01:10.323+0600][20.422s][info][gc,phases   ] GC(10) Pause Mark End 0.021ms
[2026-04-03T01:01:10.324+0600][20.422s][info][gc,phases   ] GC(10) Concurrent Mark Free 0.003ms
[2026-04-03T01:01:10.326+0600][20.425s][info][gc,phases   ] GC(10) Concurrent Process Non-Strong References 2.823ms
[2026-04-03T01:01:10.327+0600][20.425s][info][gc,phases   ] GC(10) Concurrent Reset Relocation Set 0.041ms
[2026-04-03T01:01:10.333+0600][20.432s][info][gc,phases   ] GC(10) Concurrent Select Relocation Set 6.922ms
[2026-04-03T01:01:10.334+0600][20.432s][info][gc,phases   ] GC(10) Pause Relocate Start 0.013ms
[2026-04-03T01:01:10.434+0600][20.532s][info][gc,phases   ] GC(10) Concurrent Relocate 99.558ms
[2026-04-03T01:01:10.434+0600][20.532s][info][gc,load     ] GC(10) Load: 6.15/3.44/2.09
[2026-04-03T01:01:10.434+0600][20.532s][info][gc,mmu      ] GC(10) MMU: 2ms/97.3%, 5ms/98.9%, 10ms/99.0%, 20ms/99.5%, 50ms/99.8%, 100ms/99.9%
[2026-04-03T01:01:10.434+0600][20.532s][info][gc,marking  ] GC(10) Mark: 2 stripe(s), 2 proactive flush(es), 1 terminate flush(es), 0 completion(s), 0 continuation(s) 
[2026-04-03T01:01:10.434+0600][20.532s][info][gc,marking  ] GC(10) Mark Stack Usage: 32M
[2026-04-03T01:01:10.434+0600][20.532s][info][gc,nmethod  ] GC(10) NMethods: 1874 registered, 897 unregistered
[2026-04-03T01:01:10.434+0600][20.532s][info][gc,metaspace] GC(10) Metaspace: 8M used, 9M committed, 1088M reserved
[2026-04-03T01:01:10.434+0600][20.532s][info][gc,ref      ] GC(10) Soft: 221 encountered, 0 discovered, 0 enqueued
[2026-04-03T01:01:10.434+0600][20.532s][info][gc,ref      ] GC(10) Weak: 465 encountered, 203 discovered, 0 enqueued
[2026-04-03T01:01:10.434+0600][20.532s][info][gc,ref      ] GC(10) Final: 3 encountered, 2 discovered, 0 enqueued
[2026-04-03T01:01:10.434+0600][20.532s][info][gc,ref      ] GC(10) Phantom: 45 encountered, 25 discovered, 0 enqueued
[2026-04-03T01:01:10.434+0600][20.532s][info][gc,reloc    ] GC(10) Small Pages: 1207 / 2414M, Empty: 330M, Relocated: 116M, In-Place: 0
[2026-04-03T01:01:10.434+0600][20.532s][info][gc,reloc    ] GC(10) Medium Pages: 2 / 64M, Empty: 0M, Relocated: 3M, In-Place: 0
[2026-04-03T01:01:10.434+0600][20.532s][info][gc,reloc    ] GC(10) Large Pages: 1 / 6M, Empty: 6M, Relocated: 0M, In-Place: 0
[2026-04-03T01:01:10.434+0600][20.532s][info][gc,reloc    ] GC(10) Forwarding Usage: 68M
[2026-04-03T01:01:10.434+0600][20.532s][info][gc,heap     ] GC(10) Min Capacity: 8M(0%)
[2026-04-03T01:01:10.434+0600][20.532s][info][gc,heap     ] GC(10) Max Capacity: 3922M(100%)
[2026-04-03T01:01:10.434+0600][20.532s][info][gc,heap     ] GC(10) Soft Max Capacity: 3922M(100%)
[2026-04-03T01:01:10.434+0600][20.532s][info][gc,heap     ] GC(10)                Mark Start          Mark End        Relocate Start      Relocate End           High               Low         
[2026-04-03T01:01:10.434+0600][20.532s][info][gc,heap     ] GC(10)  Capacity:     3382M (86%)        3382M (86%)        3382M (86%)        3414M (87%)        3414M (87%)        3382M (86%)    
[2026-04-03T01:01:10.434+0600][20.532s][info][gc,heap     ] GC(10)      Free:     1438M (37%)         904M (23%)        1208M (31%)        2744M (70%)        2746M (70%)         904M (23%)    
[2026-04-03T01:01:10.434+0600][20.532s][info][gc,heap     ] GC(10)      Used:     2484M (63%)        3018M (77%)        2714M (69%)        1178M (30%)        3018M (77%)        1176M (30%)    
[2026-04-03T01:01:10.434+0600][20.532s][info][gc,heap     ] GC(10)      Live:         -               557M (14%)         557M (14%)         557M (14%)            -                  -          
[2026-04-03T01:01:10.434+0600][20.532s][info][gc,heap     ] GC(10) Allocated:         -               534M (14%)         566M (14%)         572M (15%)            -                  -          
[2026-04-03T01:01:10.434+0600][20.532s][info][gc,heap     ] GC(10)   Garbage:         -              1926M (49%)        1590M (41%)          47M (1%)             -                  -          
[2026-04-03T01:01:10.434+0600][20.532s][info][gc,heap     ] GC(10) Reclaimed:         -                  -               336M (9%)         1878M (48%)            -                  -          
[2026-04-03T01:01:10.434+0600][20.532s][info][gc          ] GC(10) Garbage Collection (Allocation Rate) 2484M(63%)->1178M(30%)
[2026-04-03T01:01:11.257+0600][21.356s][info][gc,start    ] GC(11) Garbage Collection (Allocation Rate)
[2026-04-03T01:01:11.257+0600][21.356s][info][gc,task     ] GC(11) Using 2 workers
[2026-04-03T01:01:11.257+0600][21.356s][info][gc,phases   ] GC(11) Pause Mark Start 0.009ms
[2026-04-03T01:01:12.251+0600][22.349s][info][gc,phases   ] GC(11) Concurrent Mark 993.387ms
[2026-04-03T01:01:12.251+0600][22.350s][info][gc,phases   ] GC(11) Pause Mark End 0.019ms
[2026-04-03T01:01:12.251+0600][22.350s][info][gc,phases   ] GC(11) Concurrent Mark Free 0.003ms
[2026-04-03T01:01:12.254+0600][22.352s][info][gc,phases   ] GC(11) Concurrent Process Non-Strong References 2.552ms
[2026-04-03T01:01:12.254+0600][22.352s][info][gc,phases   ] GC(11) Concurrent Reset Relocation Set 0.057ms
[2026-04-03T01:01:12.261+0600][22.359s][info][gc,phases   ] GC(11) Concurrent Select Relocation Set 6.979ms
[2026-04-03T01:01:12.261+0600][22.360s][info][gc,phases   ] GC(11) Pause Relocate Start 0.012ms
[2026-04-03T01:01:12.367+0600][22.466s][info][gc,phases   ] GC(11) Concurrent Relocate 105.697ms
[2026-04-03T01:01:12.367+0600][22.466s][info][gc,load     ] GC(11) Load: 6.15/3.44/2.09
[2026-04-03T01:01:12.367+0600][22.466s][info][gc,mmu      ] GC(11) MMU: 2ms/97.3%, 5ms/98.9%, 10ms/99.0%, 20ms/99.5%, 50ms/99.8%, 100ms/99.9%
[2026-04-03T01:01:12.367+0600][22.466s][info][gc,marking  ] GC(11) Mark: 2 stripe(s), 2 proactive flush(es), 1 terminate flush(es), 0 completion(s), 0 continuation(s) 
[2026-04-03T01:01:12.367+0600][22.466s][info][gc,marking  ] GC(11) Mark Stack Usage: 32M
[2026-04-03T01:01:12.367+0600][22.466s][info][gc,nmethod  ] GC(11) NMethods: 1876 registered, 900 unregistered
[2026-04-03T01:01:12.367+0600][22.466s][info][gc,metaspace] GC(11) Metaspace: 8M used, 9M committed, 1088M reserved
[2026-04-03T01:01:12.367+0600][22.466s][info][gc,ref      ] GC(11) Soft: 221 encountered, 0 discovered, 0 enqueued
[2026-04-03T01:01:12.367+0600][22.466s][info][gc,ref      ] GC(11) Weak: 464 encountered, 93 discovered, 0 enqueued
[2026-04-03T01:01:12.367+0600][22.466s][info][gc,ref      ] GC(11) Final: 3 encountered, 3 discovered, 0 enqueued
[2026-04-03T01:01:12.367+0600][22.466s][info][gc,ref      ] GC(11) Phantom: 45 encountered, 26 discovered, 0 enqueued
[2026-04-03T01:01:12.367+0600][22.466s][info][gc,reloc    ] GC(11) Small Pages: 911 / 1822M, Empty: 262M, Relocated: 85M, In-Place: 0
[2026-04-03T01:01:12.367+0600][22.466s][info][gc,reloc    ] GC(11) Medium Pages: 2 / 64M, Empty: 32M, Relocated: 0M, In-Place: 0
[2026-04-03T01:01:12.367+0600][22.466s][info][gc,reloc    ] GC(11) Large Pages: 1 / 6M, Empty: 0M, Relocated: 0M, In-Place: 0
[2026-04-03T01:01:12.367+0600][22.466s][info][gc,reloc    ] GC(11) Forwarding Usage: 60M
[2026-04-03T01:01:12.367+0600][22.466s][info][gc,heap     ] GC(11) Min Capacity: 8M(0%)
[2026-04-03T01:01:12.367+0600][22.466s][info][gc,heap     ] GC(11) Max Capacity: 3922M(100%)
[2026-04-03T01:01:12.367+0600][22.466s][info][gc,heap     ] GC(11) Soft Max Capacity: 3922M(100%)
[2026-04-03T01:01:12.367+0600][22.466s][info][gc,heap     ] GC(11)                Mark Start          Mark End        Relocate Start      Relocate End           High               Low         
[2026-04-03T01:01:12.367+0600][22.466s][info][gc,heap     ] GC(11)  Capacity:     3414M (87%)        3414M (87%)        3414M (87%)        3414M (87%)        3414M (87%)        3414M (87%)    
[2026-04-03T01:01:12.367+0600][22.466s][info][gc,heap     ] GC(11)      Free:     2030M (52%)        1250M (32%)        1534M (39%)        2338M (60%)        2338M (60%)        1248M (32%)    
[2026-04-03T01:01:12.367+0600][22.466s][info][gc,heap     ] GC(11)      Used:     1892M (48%)        2672M (68%)        2388M (61%)        1584M (40%)        2674M (68%)        1584M (40%)    
[2026-04-03T01:01:12.367+0600][22.466s][info][gc,heap     ] GC(11)      Live:         -               665M (17%)         665M (17%)         665M (17%)            -                  -          
[2026-04-03T01:01:12.367+0600][22.466s][info][gc,heap     ] GC(11) Allocated:         -               780M (20%)         790M (20%)         869M (22%)            -                  -          
[2026-04-03T01:01:12.367+0600][22.466s][info][gc,heap     ] GC(11)   Garbage:         -              1226M (31%)         932M (24%)          48M (1%)             -                  -          
[2026-04-03T01:01:12.367+0600][22.466s][info][gc,heap     ] GC(11) Reclaimed:         -                  -               294M (7%)         1177M (30%)            -                  -          
[2026-04-03T01:01:12.367+0600][22.466s][info][gc          ] GC(11) Garbage Collection (Allocation Rate) 1892M(48%)->1584M(40%)
[2026-04-03T01:01:13.004+0600][23.102s][info][gc,start    ] GC(12) Garbage Collection (System.gc())
[2026-04-03T01:01:13.004+0600][23.102s][info][gc,task     ] GC(12) Using 3 workers
[2026-04-03T01:01:13.004+0600][23.103s][info][gc,phases   ] GC(12) Pause Mark Start 0.011ms
[2026-04-03T01:01:13.545+0600][23.643s][info][gc,phases   ] GC(12) Concurrent Mark 540.843ms
[2026-04-03T01:01:13.545+0600][23.644s][info][gc,phases   ] GC(12) Pause Mark End 0.020ms
[2026-04-03T01:01:13.545+0600][23.644s][info][gc,phases   ] GC(12) Concurrent Mark Free 0.002ms
[2026-04-03T01:01:13.547+0600][23.646s][info][gc,phases   ] GC(12) Concurrent Process Non-Strong References 2.102ms
[2026-04-03T01:01:13.547+0600][23.646s][info][gc,phases   ] GC(12) Concurrent Reset Relocation Set 0.033ms
[2026-04-03T01:01:13.554+0600][23.652s][info][gc,phases   ] GC(12) Concurrent Select Relocation Set 6.562ms
[2026-04-03T01:01:13.554+0600][23.653s][info][gc,phases   ] GC(12) Pause Relocate Start 0.012ms
[2026-04-03T01:01:13.593+0600][23.692s][info][gc,phases   ] GC(12) Concurrent Relocate 39.293ms
[2026-04-03T01:01:13.594+0600][23.692s][info][gc,load     ] GC(12) Load: 6.15/3.44/2.09
[2026-04-03T01:01:13.594+0600][23.692s][info][gc,mmu      ] GC(12) MMU: 2ms/97.3%, 5ms/98.9%, 10ms/99.0%, 20ms/99.5%, 50ms/99.8%, 100ms/99.9%
[2026-04-03T01:01:13.594+0600][23.692s][info][gc,marking  ] GC(12) Mark: 2 stripe(s), 1 proactive flush(es), 1 terminate flush(es), 0 completion(s), 0 continuation(s) 
[2026-04-03T01:01:13.594+0600][23.692s][info][gc,marking  ] GC(12) Mark Stack Usage: 32M
[2026-04-03T01:01:13.594+0600][23.692s][info][gc,nmethod  ] GC(12) NMethods: 1893 registered, 907 unregistered
[2026-04-03T01:01:13.594+0600][23.692s][info][gc,metaspace] GC(12) Metaspace: 8M used, 9M committed, 1088M reserved
[2026-04-03T01:01:13.594+0600][23.692s][info][gc,ref      ] GC(12) Soft: 221 encountered, 0 discovered, 0 enqueued
[2026-04-03T01:01:13.594+0600][23.692s][info][gc,ref      ] GC(12) Weak: 463 encountered, 9 discovered, 0 enqueued
[2026-04-03T01:01:13.594+0600][23.692s][info][gc,ref      ] GC(12) Final: 3 encountered, 3 discovered, 0 enqueued
[2026-04-03T01:01:13.594+0600][23.692s][info][gc,ref      ] GC(12) Phantom: 56 encountered, 39 discovered, 0 enqueued
[2026-04-03T01:01:13.594+0600][23.692s][info][gc,reloc    ] GC(12) Small Pages: 1080 / 2160M, Empty: 620M, Relocated: 68M, In-Place: 0
[2026-04-03T01:01:13.594+0600][23.692s][info][gc,reloc    ] GC(12) Medium Pages: 1 / 32M, Empty: 0M, Relocated: 0M, In-Place: 0
[2026-04-03T01:01:13.594+0600][23.692s][info][gc,reloc    ] GC(12) Large Pages: 1 / 6M, Empty: 0M, Relocated: 0M, In-Place: 0
[2026-04-03T01:01:13.594+0600][23.692s][info][gc,reloc    ] GC(12) Forwarding Usage: 37M
[2026-04-03T01:01:13.594+0600][23.692s][info][gc,heap     ] GC(12) Min Capacity: 8M(0%)
[2026-04-03T01:01:13.594+0600][23.692s][info][gc,heap     ] GC(12) Max Capacity: 3922M(100%)
[2026-04-03T01:01:13.594+0600][23.692s][info][gc,heap     ] GC(12) Soft Max Capacity: 3922M(100%)
[2026-04-03T01:01:13.594+0600][23.692s][info][gc,heap     ] GC(12)                Mark Start          Mark End        Relocate Start      Relocate End           High               Low         
[2026-04-03T01:01:13.594+0600][23.692s][info][gc,heap     ] GC(12)  Capacity:     3414M (87%)        3414M (87%)        3414M (87%)        3414M (87%)        3414M (87%)        3414M (87%)    
[2026-04-03T01:01:13.594+0600][23.692s][info][gc,heap     ] GC(12)      Free:     1724M (44%)        1724M (44%)        2344M (60%)        3278M (84%)        3278M (84%)        1724M (44%)    
[2026-04-03T01:01:13.594+0600][23.692s][info][gc,heap     ] GC(12)      Used:     2198M (56%)        2198M (56%)        1578M (40%)         644M (16%)        2198M (56%)         644M (16%)    
[2026-04-03T01:01:13.594+0600][23.692s][info][gc,heap     ] GC(12)      Live:         -               595M (15%)         595M (15%)         595M (15%)            -                  -          
[2026-04-03T01:01:13.594+0600][23.692s][info][gc,heap     ] GC(12) Allocated:         -                 0M (0%)            0M (0%)            0M (0%)             -                  -          
[2026-04-03T01:01:13.594+0600][23.692s][info][gc,heap     ] GC(12)   Garbage:         -              1602M (41%)         982M (25%)          48M (1%)             -                  -          
[2026-04-03T01:01:13.594+0600][23.692s][info][gc,heap     ] GC(12) Reclaimed:         -                  -               620M (16%)        1554M (40%)            -                  -          
[2026-04-03T01:01:13.594+0600][23.692s][info][gc          ] GC(12) Garbage Collection (System.gc()) 2198M(56%)->644M(16%)
[2026-04-03T01:01:16.258+0600][26.356s][info][gc,start    ] GC(13) Garbage Collection (Allocation Rate)
[2026-04-03T01:01:16.258+0600][26.357s][info][gc,task     ] GC(13) Using 3 workers
[2026-04-03T01:01:16.258+0600][26.357s][info][gc,phases   ] GC(13) Pause Mark Start 0.017ms
[2026-04-03T01:01:17.868+0600][27.967s][info][gc,phases   ] GC(13) Concurrent Mark 1609.590ms
[2026-04-03T01:01:17.869+0600][27.967s][info][gc,phases   ] GC(13) Pause Mark End 0.031ms
[2026-04-03T01:01:17.872+0600][27.971s][info][gc,phases   ] GC(13) Concurrent Mark Free 0.004ms
[2026-04-03T01:01:17.892+0600][27.991s][info][gc,phases   ] GC(13) Concurrent Process Non-Strong References 19.845ms
[2026-04-03T01:01:17.892+0600][27.991s][info][gc,phases   ] GC(13) Concurrent Reset Relocation Set 0.061ms
[2026-04-03T01:01:17.902+0600][28.000s][info][gc,phases   ] GC(13) Concurrent Select Relocation Set 9.109ms
[2026-04-03T01:01:17.902+0600][28.001s][info][gc,phases   ] GC(13) Pause Relocate Start 0.014ms
[2026-04-03T01:01:18.008+0600][28.106s][info][gc,phases   ] GC(13) Concurrent Relocate 102.102ms
[2026-04-03T01:01:18.008+0600][28.107s][info][gc,load     ] GC(13) Load: 6.86/3.63/2.16
[2026-04-03T01:01:18.008+0600][28.107s][info][gc,mmu      ] GC(13) MMU: 2ms/97.3%, 5ms/98.9%, 10ms/99.0%, 20ms/99.5%, 50ms/99.8%, 100ms/99.9%
[2026-04-03T01:01:18.008+0600][28.107s][info][gc,marking  ] GC(13) Mark: 2 stripe(s), 2 proactive flush(es), 1 terminate flush(es), 0 completion(s), 0 continuation(s) 
[2026-04-03T01:01:18.008+0600][28.107s][info][gc,marking  ] GC(13) Mark Stack Usage: 32M
[2026-04-03T01:01:18.008+0600][28.107s][info][gc,nmethod  ] GC(13) NMethods: 2726 registered, 325 unregistered
[2026-04-03T01:01:18.008+0600][28.107s][info][gc,metaspace] GC(13) Metaspace: 9M used, 10M committed, 1088M reserved
[2026-04-03T01:01:18.008+0600][28.107s][info][gc,ref      ] GC(13) Soft: 222 encountered, 0 discovered, 0 enqueued
[2026-04-03T01:01:18.008+0600][28.107s][info][gc,ref      ] GC(13) Weak: 468 encountered, 10 discovered, 1 enqueued
[2026-04-03T01:01:18.008+0600][28.107s][info][gc,ref      ] GC(13) Final: 3 encountered, 2 discovered, 0 enqueued
[2026-04-03T01:01:18.008+0600][28.107s][info][gc,ref      ] GC(13) Phantom: 58 encountered, 50 discovered, 2 enqueued
[2026-04-03T01:01:18.008+0600][28.107s][info][gc,reloc    ] GC(13) Small Pages: 1380 / 2760M, Empty: 0M, Relocated: 40M, In-Place: 0
[2026-04-03T01:01:18.008+0600][28.107s][info][gc,reloc    ] GC(13) Medium Pages: 1 / 32M, Empty: 0M, Relocated: 0M, In-Place: 0
[2026-04-03T01:01:18.008+0600][28.107s][info][gc,reloc    ] GC(13) Large Pages: 1 / 6M, Empty: 0M, Relocated: 0M, In-Place: 0
[2026-04-03T01:01:18.008+0600][28.107s][info][gc,reloc    ] GC(13) Forwarding Usage: 12M
[2026-04-03T01:01:18.008+0600][28.107s][info][gc,heap     ] GC(13) Min Capacity: 8M(0%)
[2026-04-03T01:01:18.008+0600][28.107s][info][gc,heap     ] GC(13) Max Capacity: 3922M(100%)
[2026-04-03T01:01:18.008+0600][28.107s][info][gc,heap     ] GC(13) Soft Max Capacity: 3922M(100%)
[2026-04-03T01:01:18.008+0600][28.107s][info][gc,heap     ] GC(13)                Mark Start          Mark End        Relocate Start      Relocate End           High               Low         
[2026-04-03T01:01:18.008+0600][28.107s][info][gc,heap     ] GC(13)  Capacity:     3414M (87%)        3838M (98%)        3862M (98%)        3878M (99%)        3878M (99%)        3414M (87%)    
[2026-04-03T01:01:18.008+0600][28.107s][info][gc,heap     ] GC(13)      Free:     1124M (29%)          84M (2%)           62M (2%)         2098M (53%)        2104M (54%)          44M (1%)     
[2026-04-03T01:01:18.008+0600][28.107s][info][gc,heap     ] GC(13)      Used:     2798M (71%)        3838M (98%)        3860M (98%)        1824M (47%)        3878M (99%)        1818M (46%)    
[2026-04-03T01:01:18.008+0600][28.107s][info][gc,heap     ] GC(13)      Live:         -               610M (16%)         610M (16%)         610M (16%)            -                  -          
[2026-04-03T01:01:18.008+0600][28.107s][info][gc,heap     ] GC(13) Allocated:         -              1040M (27%)        1062M (27%)        1149M (29%)            -                  -          
[2026-04-03T01:01:18.008+0600][28.107s][info][gc,heap     ] GC(13)   Garbage:         -              2187M (56%)        2187M (56%)          63M (2%)             -                  -          
[2026-04-03T01:01:18.008+0600][28.107s][info][gc,heap     ] GC(13) Reclaimed:         -                  -                 0M (0%)         2123M (54%)            -                  -          
[2026-04-03T01:01:18.008+0600][28.107s][info][gc          ] GC(13) Garbage Collection (Allocation Rate) 2798M(71%)->1824M(47%)
[2026-04-03T01:01:18.057+0600][28.156s][info][gc,start    ] GC(14) Garbage Collection (Allocation Rate)
[2026-04-03T01:01:18.057+0600][28.156s][info][gc,task     ] GC(14) Using 3 workers
[2026-04-03T01:01:18.057+0600][28.156s][info][gc,phases   ] GC(14) Pause Mark Start 0.015ms
[2026-04-03T01:01:19.846+0600][29.944s][info][gc,phases   ] GC(14) Concurrent Mark 1787.432ms
[2026-04-03T01:01:19.846+0600][29.945s][info][gc,phases   ] GC(14) Pause Mark End 0.031ms
[2026-04-03T01:01:19.848+0600][29.946s][info][gc,phases   ] GC(14) Concurrent Mark Free 0.004ms
[2026-04-03T01:01:19.863+0600][29.961s][info][gc,phases   ] GC(14) Concurrent Process Non-Strong References 14.722ms
[2026-04-03T01:01:19.863+0600][29.961s][info][gc,phases   ] GC(14) Concurrent Reset Relocation Set 0.194ms
[2026-04-03T01:01:19.880+0600][29.979s][info][gc,phases   ] GC(14) Concurrent Select Relocation Set 17.000ms
[2026-04-03T01:01:19.882+0600][29.981s][info][gc,phases   ] GC(14) Pause Relocate Start 0.024ms
[2026-04-03T01:01:19.965+0600][30.064s][info][gc,phases   ] GC(14) Concurrent Relocate 80.560ms
[2026-04-03T01:01:19.966+0600][30.064s][info][gc,load     ] GC(14) Load: 7.99/3.92/2.26
[2026-04-03T01:01:19.966+0600][30.064s][info][gc,mmu      ] GC(14) MMU: 2ms/97.3%, 5ms/98.9%, 10ms/99.0%, 20ms/99.5%, 50ms/99.8%, 100ms/99.9%
[2026-04-03T01:01:19.966+0600][30.064s][info][gc,marking  ] GC(14) Mark: 2 stripe(s), 2 proactive flush(es), 1 terminate flush(es), 0 completion(s), 0 continuation(s) 
[2026-04-03T01:01:19.966+0600][30.064s][info][gc,marking  ] GC(14) Mark Stack Usage: 32M
[2026-04-03T01:01:19.966+0600][30.064s][info][gc,nmethod  ] GC(14) NMethods: 2661 registered, 524 unregistered
[2026-04-03T01:01:19.966+0600][30.064s][info][gc,metaspace] GC(14) Metaspace: 9M used, 10M committed, 1088M reserved
[2026-04-03T01:01:19.966+0600][30.064s][info][gc,ref      ] GC(14) Soft: 222 encountered, 0 discovered, 0 enqueued
[2026-04-03T01:01:19.966+0600][30.064s][info][gc,ref      ] GC(14) Weak: 467 encountered, 1 discovered, 0 enqueued
[2026-04-03T01:01:19.966+0600][30.064s][info][gc,ref      ] GC(14) Final: 3 encountered, 0 discovered, 0 enqueued
[2026-04-03T01:01:19.966+0600][30.064s][info][gc,ref      ] GC(14) Phantom: 56 encountered, 41 discovered, 0 enqueued
[2026-04-03T01:01:19.966+0600][30.064s][info][gc,reloc    ] GC(14) Small Pages: 918 / 1836M, Empty: 0M, Relocated: 34M, In-Place: 0
[2026-04-03T01:01:19.966+0600][30.064s][info][gc,reloc    ] GC(14) Medium Pages: 1 / 32M, Empty: 0M, Relocated: 0M, In-Place: 0
[2026-04-03T01:01:19.966+0600][30.064s][info][gc,reloc    ] GC(14) Large Pages: 1 / 6M, Empty: 0M, Relocated: 0M, In-Place: 0
[2026-04-03T01:01:19.966+0600][30.064s][info][gc,reloc    ] GC(14) Forwarding Usage: 11M
[2026-04-03T01:01:19.966+0600][30.064s][info][gc,heap     ] GC(14) Min Capacity: 8M(0%)
[2026-04-03T01:01:19.966+0600][30.064s][info][gc,heap     ] GC(14) Max Capacity: 3922M(100%)
[2026-04-03T01:01:19.966+0600][30.065s][info][gc,heap     ] GC(14) Soft Max Capacity: 3922M(100%)
[2026-04-03T01:01:19.966+0600][30.065s][info][gc,heap     ] GC(14)                Mark Start          Mark End        Relocate Start      Relocate End           High               Low         
[2026-04-03T01:01:19.966+0600][30.065s][info][gc,heap     ] GC(14)  Capacity:     3878M (99%)        3878M (99%)        3878M (99%)        3878M (99%)        3878M (99%)        3878M (99%)    
[2026-04-03T01:01:19.966+0600][30.065s][info][gc,heap     ] GC(14)      Free:     2048M (52%)         420M (11%)         384M (10%)        1508M (38%)        2048M (52%)         372M (9%)     
[2026-04-03T01:01:19.966+0600][30.065s][info][gc,heap     ] GC(14)      Used:     1874M (48%)        3502M (89%)        3538M (90%)        2414M (62%)        3550M (91%)        1874M (48%)    
[2026-04-03T01:01:19.966+0600][30.065s][info][gc,heap     ] GC(14)      Live:         -               616M (16%)         616M (16%)         616M (16%)            -                  -          
[2026-04-03T01:01:19.966+0600][30.065s][info][gc,heap     ] GC(14) Allocated:         -              1628M (42%)        1664M (42%)        1726M (44%)            -                  -          
[2026-04-03T01:01:19.966+0600][30.065s][info][gc,heap     ] GC(14)   Garbage:         -              1257M (32%)        1257M (32%)          70M (2%)             -                  -          
[2026-04-03T01:01:19.966+0600][30.065s][info][gc,heap     ] GC(14) Reclaimed:         -                  -                 0M (0%)         1186M (30%)            -                  -          
[2026-04-03T01:01:19.966+0600][30.065s][info][gc          ] GC(14) Garbage Collection (Allocation Rate) 1874M(48%)->2414M(62%)
[2026-04-03T01:01:20.057+0600][30.156s][info][gc,start    ] GC(15) Garbage Collection (Allocation Rate)
[2026-04-03T01:01:20.057+0600][30.156s][info][gc,task     ] GC(15) Using 3 workers
[2026-04-03T01:01:20.058+0600][30.156s][info][gc,phases   ] GC(15) Pause Mark Start 0.019ms
[2026-04-03T01:01:20.058+0600][30.157s][info][gc,stats    ] === Garbage Collection Statistics =======================================================================================================================
[2026-04-03T01:01:20.058+0600][30.157s][info][gc,stats    ]                                                              Last 10s              Last 10m              Last 10h                Total
[2026-04-03T01:01:20.058+0600][30.157s][info][gc,stats    ]                                                              Avg / Max             Avg / Max             Avg / Max             Avg / Max
[2026-04-03T01:01:20.058+0600][30.157s][info][gc,stats    ]   Collector: Garbage Collection Cycle                   1207.031 / 1908.620    864.920 / 1908.620    864.920 / 1908.620    864.920 / 1908.620    ms
[2026-04-03T01:01:20.058+0600][30.157s][info][gc,stats    ]  Contention: Mark Segment Reset Contention                     1 / 6                 1 / 12                1 / 12                1 / 12          ops/s
[2026-04-03T01:01:20.058+0600][30.157s][info][gc,stats    ]  Contention: Mark SeqNum Reset Contention                      0 / 0                 0 / 2                 0 / 2                 0 / 2           ops/s
[2026-04-03T01:01:20.058+0600][30.157s][info][gc,stats    ]    Critical: Allocation Stall                                  0 / 0                 0 / 0                 0 / 0                 0 / 0           ops/s
[2026-04-03T01:01:20.059+0600][30.157s][info][gc,stats    ]    Critical: Allocation Stall                              0.000 / 0.000         0.000 / 0.000         0.000 / 0.000         0.000 / 0.000       ms
[2026-04-03T01:01:20.059+0600][30.157s][info][gc,stats    ]    Critical: GC Locker Stall                                   0 / 0                 0 / 0                 0 / 0                 0 / 0           ops/s
[2026-04-03T01:01:20.059+0600][30.157s][info][gc,stats    ]    Critical: GC Locker Stall                               0.000 / 0.000         0.000 / 0.000         0.000 / 0.000         0.000 / 0.000       ms
[2026-04-03T01:01:20.059+0600][30.157s][info][gc,stats    ]    Critical: Relocation Stall                                  0 / 0                 0 / 0                 0 / 0                 0 / 0           ops/s
[2026-04-03T01:01:20.059+0600][30.157s][info][gc,stats    ]    Critical: Relocation Stall                              0.000 / 0.000         0.000 / 0.000         0.000 / 0.000         0.000 / 0.000       ms
[2026-04-03T01:01:20.059+0600][30.157s][info][gc,stats    ]      Memory: Allocation Rate                                 787 / 986             812 / 1388            812 / 1388            812 / 1388        MB/s
[2026-04-03T01:01:20.059+0600][30.157s][info][gc,stats    ]      Memory: Defragment                                        4 / 33                1 / 33                1 / 33                1 / 33          ops/s
[2026-04-03T01:01:20.059+0600][30.157s][info][gc,stats    ]      Memory: Out Of Memory                                     0 / 0                 0 / 0                 0 / 0                 0 / 0           ops/s
[2026-04-03T01:01:20.059+0600][30.157s][info][gc,stats    ]      Memory: Page Cache Flush                                  9 / 66                3 / 66                3 / 66                3 / 66          MB/s
[2026-04-03T01:01:20.059+0600][30.157s][info][gc,stats    ]      Memory: Page Cache Hit L1                               380 / 501             357 / 694             357 / 694             357 / 694         ops/s
[2026-04-03T01:01:20.059+0600][30.157s][info][gc,stats    ]      Memory: Page Cache Hit L2                                 0 / 0                 0 / 0                 0 / 0                 0 / 0           ops/s
[2026-04-03T01:01:20.059+0600][30.157s][info][gc,stats    ]      Memory: Page Cache Hit L3                                 5 / 31                5 / 92                5 / 92                5 / 92          ops/s
[2026-04-03T01:01:20.059+0600][30.157s][info][gc,stats    ]      Memory: Page Cache Miss                                  23 / 232              58 / 336              58 / 336              58 / 336         ops/s
[2026-04-03T01:01:20.059+0600][30.157s][info][gc,stats    ]      Memory: Uncommit                                          0 / 0                 0 / 0                 0 / 0                 0 / 0           MB/s
[2026-04-03T01:01:20.059+0600][30.157s][info][gc,stats    ]      Memory: Undo Object Allocation Failed                     0 / 1                 0 / 1                 0 / 1                 0 / 1           ops/s
[2026-04-03T01:01:20.059+0600][30.157s][info][gc,stats    ]      Memory: Undo Object Allocation Succeeded                  0 / 2                 0 / 2                 0 / 2                 0 / 2           ops/s
[2026-04-03T01:01:20.059+0600][30.157s][info][gc,stats    ]      Memory: Undo Page Allocation                              3 / 28                1 / 28                1 / 28                1 / 28          ops/s
[2026-04-03T01:01:20.059+0600][30.157s][info][gc,stats    ]       Phase: Concurrent Mark                            1099.364 / 1787.432    735.642 / 1787.432    735.642 / 1787.432    735.642 / 1787.432    ms
[2026-04-03T01:01:20.059+0600][30.157s][info][gc,stats    ]       Phase: Concurrent Mark Continue                      0.000 / 0.000         0.000 / 0.000         0.000 / 0.000         0.000 / 0.000       ms
[2026-04-03T01:01:20.059+0600][30.157s][info][gc,stats    ]       Phase: Concurrent Mark Free                          0.003 / 0.004         0.003 / 0.005         0.003 / 0.005         0.003 / 0.005       ms
[2026-04-03T01:01:20.059+0600][30.157s][info][gc,stats    ]       Phase: Concurrent Process Non-Strong References      8.409 / 19.845        4.909 / 19.845        4.909 / 19.845        4.909 / 19.845      ms
[2026-04-03T01:01:20.059+0600][30.157s][info][gc,stats    ]       Phase: Concurrent Relocate                          85.442 / 105.697     110.136 / 360.208     110.136 / 360.208     110.136 / 360.208     ms
[2026-04-03T01:01:20.059+0600][30.157s][info][gc,stats    ]       Phase: Concurrent Reset Relocation Set               0.077 / 0.194         0.059 / 0.194         0.059 / 0.194         0.059 / 0.194       ms
[2026-04-03T01:01:20.059+0600][30.157s][info][gc,stats    ]       Phase: Concurrent Select Relocation Set              9.314 / 17.000       11.658 / 31.543       11.658 / 31.543       11.658 / 31.543      ms
[2026-04-03T01:01:20.059+0600][30.157s][info][gc,stats    ]       Phase: Pause Mark End                                0.024 / 0.031         0.027 / 0.054         0.027 / 0.054         0.027 / 0.054       ms
[2026-04-03T01:01:20.059+0600][30.157s][info][gc,stats    ]       Phase: Pause Mark Start                              0.014 / 0.019         0.012 / 0.024         0.012 / 0.024         0.012 / 0.024       ms
[2026-04-03T01:01:20.059+0600][30.158s][info][gc,stats    ]       Phase: Pause Relocate Start                          0.015 / 0.024         0.019 / 0.046         0.019 / 0.046         0.019 / 0.046       ms
[2026-04-03T01:01:20.059+0600][30.158s][info][gc,stats    ]    Subphase: Concurrent Classes Purge                      0.346 / 0.946         0.245 / 0.946         0.245 / 0.946         0.245 / 0.946       ms
[2026-04-03T01:01:20.059+0600][30.158s][info][gc,stats    ]    Subphase: Concurrent Classes Unlink                     4.600 / 9.089         2.948 / 9.089         2.948 / 9.089         2.948 / 9.089       ms
[2026-04-03T01:01:20.059+0600][30.158s][info][gc,stats    ]    Subphase: Concurrent Mark                            1104.295 / 1786.161    707.511 / 1786.161    707.511 / 1786.161    707.511 / 1786.161    ms
[2026-04-03T01:01:20.059+0600][30.158s][info][gc,stats    ]    Subphase: Concurrent Mark Try Flush                     3.159 / 14.667        0.926 / 14.667        0.926 / 14.667        0.926 / 14.667      ms
[2026-04-03T01:01:20.059+0600][30.158s][info][gc,stats    ]    Subphase: Concurrent Mark Try Terminate                 1.584 / 14.671        1.201 / 14.671        1.201 / 14.671        1.201 / 14.671      ms
[2026-04-03T01:01:20.059+0600][30.158s][info][gc,stats    ]    Subphase: Concurrent References Enqueue                 0.004 / 0.016         0.002 / 0.016         0.002 / 0.016         0.002 / 0.016       ms
[2026-04-03T01:01:20.059+0600][30.158s][info][gc,stats    ]    Subphase: Concurrent References Process                 0.142 / 0.240         0.167 / 0.331         0.167 / 0.331         0.167 / 0.331       ms
[2026-04-03T01:01:20.059+0600][30.158s][info][gc,stats    ]    Subphase: Concurrent Roots ClassLoaderDataGraph         0.128 / 0.334         0.115 / 0.632         0.115 / 0.632         0.115 / 0.632       ms
[2026-04-03T01:01:20.059+0600][30.158s][info][gc,stats    ]    Subphase: Concurrent Roots CodeCache                    0.000 / 0.000         0.000 / 0.000         0.000 / 0.000         0.000 / 0.000       ms
[2026-04-03T01:01:20.059+0600][30.158s][info][gc,stats    ]    Subphase: Concurrent Roots JavaThreads                  0.147 / 0.412         0.122 / 0.463         0.122 / 0.463         0.122 / 0.463       ms
[2026-04-03T01:01:20.059+0600][30.158s][info][gc,stats    ]    Subphase: Concurrent Roots OopStorageSet                0.049 / 0.092         0.997 / 8.433         0.997 / 8.433         0.997 / 8.433       ms
[2026-04-03T01:01:20.059+0600][30.158s][info][gc,stats    ]    Subphase: Concurrent Weak Roots OopStorageSet           0.323 / 1.044         0.270 / 1.044         0.270 / 1.044         0.270 / 1.044       ms
[2026-04-03T01:01:20.059+0600][30.158s][info][gc,stats    ]    Subphase: Pause Mark Try Complete                       0.000 / 0.000         0.000 / 0.000         0.000 / 0.000         0.000 / 0.000       ms
[2026-04-03T01:01:20.059+0600][30.158s][info][gc,stats    ]      System: Java Threads                                     16 / 24               12 / 24               12 / 24               12 / 24          threads
[2026-04-03T01:01:20.059+0600][30.158s][info][gc,stats    ] =========================================================================================================================================================
[2026-04-03T01:01:21.607+0600][31.705s][info][gc,phases   ] GC(15) Concurrent Mark 1548.583ms
[2026-04-03T01:01:21.607+0600][31.706s][info][gc,phases   ] GC(15) Pause Mark End 0.025ms
[2026-04-03T01:01:21.607+0600][31.706s][info][gc,phases   ] GC(15) Concurrent Mark Free 0.001ms
[2026-04-03T01:01:21.611+0600][31.709s][info][gc,phases   ] GC(15) Concurrent Process Non-Strong References 3.839ms
[2026-04-03T01:01:21.611+0600][31.710s][info][gc,phases   ] GC(15) Concurrent Reset Relocation Set 0.061ms
[2026-04-03T01:01:21.619+0600][31.718s][info][gc,phases   ] GC(15) Concurrent Select Relocation Set 8.281ms
[2026-04-03T01:01:21.620+0600][31.718s][info][gc,phases   ] GC(15) Pause Relocate Start 0.017ms
[2026-04-03T01:01:21.620+0600][31.719s][info][gc          ] Allocation Stall (OE_Thread:7) 192.690ms
[2026-04-03T01:01:21.620+0600][31.719s][info][gc          ] Allocation Stall (OE_Thread:3) 184.484ms
[2026-04-03T01:01:21.647+0600][31.745s][info][gc          ] Relocation Stall (OE_Thread:4) 26.918ms
[2026-04-03T01:01:21.647+0600][31.746s][info][gc          ] Allocation Stall (OE_Thread:4) 221.344ms
[2026-04-03T01:01:21.647+0600][31.746s][info][gc          ] Relocation Stall (OE_Thread:9) 27.219ms
[2026-04-03T01:01:21.647+0600][31.746s][info][gc          ] Relocation Stall (OE_Thread:6) 27.196ms
[2026-04-03T01:01:21.647+0600][31.746s][info][gc          ] Allocation Stall (OE_Thread:9) 234.199ms
[2026-04-03T01:01:21.647+0600][31.746s][info][gc          ] Allocation Stall (OE_Thread:6) 220.076ms
[2026-04-03T01:01:21.648+0600][31.747s][info][gc          ] Relocation Stall (OE_Thread:1) 28.491ms
[2026-04-03T01:01:21.648+0600][31.747s][info][gc          ] Relocation Stall (OE_Thread:5) 28.506ms
[2026-04-03T01:01:21.649+0600][31.747s][info][gc          ] Allocation Stall (OE_Thread:1) 234.633ms
[2026-04-03T01:01:21.649+0600][31.747s][info][gc          ] Allocation Stall (OE_Thread:5) 214.212ms
[2026-04-03T01:01:21.650+0600][31.749s][info][gc          ] Relocation Stall (OE_Thread:11) 30.065ms
[2026-04-03T01:01:21.650+0600][31.749s][info][gc          ] Allocation Stall (OE_Thread:11) 229.315ms
[2026-04-03T01:01:21.650+0600][31.749s][info][gc          ] Relocation Stall (OE_Thread:2) 30.497ms
[2026-04-03T01:01:21.650+0600][31.749s][info][gc          ] Allocation Stall (OE_Thread:2) 237.505ms
[2026-04-03T01:01:21.652+0600][31.750s][info][gc          ] Relocation Stall (OE_Thread:0) 31.866ms
[2026-04-03T01:01:21.652+0600][31.751s][info][gc          ] Allocation Stall (OE_Thread:0) 232.736ms
[2026-04-03T01:01:21.685+0600][31.784s][info][gc,phases   ] GC(15) Concurrent Relocate 65.424ms
[2026-04-03T01:01:21.685+0600][31.784s][info][gc,load     ] GC(15) Load: 7.99/3.92/2.26
[2026-04-03T01:01:21.685+0600][31.784s][info][gc,mmu      ] GC(15) MMU: 2ms/97.3%, 5ms/98.9%, 10ms/99.0%, 20ms/99.5%, 50ms/99.8%, 100ms/99.9%
[2026-04-03T01:01:21.685+0600][31.784s][info][gc,marking  ] GC(15) Mark: 2 stripe(s), 2 proactive flush(es), 1 terminate flush(es), 0 completion(s), 0 continuation(s) 
[2026-04-03T01:01:21.685+0600][31.784s][info][gc,marking  ] GC(15) Mark Stack Usage: 32M
[2026-04-03T01:01:21.685+0600][31.784s][info][gc,nmethod  ] GC(15) NMethods: 2597 registered, 628 unregistered
[2026-04-03T01:01:21.685+0600][31.784s][info][gc,metaspace] GC(15) Metaspace: 9M used, 10M committed, 1088M reserved
[2026-04-03T01:01:21.685+0600][31.784s][info][gc,ref      ] GC(15) Soft: 222 encountered, 0 discovered, 0 enqueued
[2026-04-03T01:01:21.685+0600][31.784s][info][gc,ref      ] GC(15) Weak: 467 encountered, 44 discovered, 0 enqueued
[2026-04-03T01:01:21.685+0600][31.784s][info][gc,ref      ] GC(15) Final: 3 encountered, 0 discovered, 0 enqueued
[2026-04-03T01:01:21.685+0600][31.784s][info][gc,ref      ] GC(15) Phantom: 56 encountered, 34 discovered, 0 enqueued
[2026-04-03T01:01:21.685+0600][31.784s][info][gc,reloc    ] GC(15) Small Pages: 1245 / 2490M, Empty: 0M, Relocated: 61M, In-Place: 3
[2026-04-03T01:01:21.685+0600][31.784s][info][gc,reloc    ] GC(15) Medium Pages: 1 / 32M, Empty: 0M, Relocated: 0M, In-Place: 0
[2026-04-03T01:01:21.685+0600][31.784s][info][gc,reloc    ] GC(15) Large Pages: 1 / 6M, Empty: 0M, Relocated: 0M, In-Place: 0
[2026-04-03T01:01:21.685+0600][31.784s][info][gc,reloc    ] GC(15) Forwarding Usage: 22M
[2026-04-03T01:01:21.685+0600][31.784s][info][gc,heap     ] GC(15) Min Capacity: 8M(0%)
[2026-04-03T01:01:21.686+0600][31.784s][info][gc,heap     ] GC(15) Max Capacity: 3922M(100%)
[2026-04-03T01:01:21.686+0600][31.784s][info][gc,heap     ] GC(15) Soft Max Capacity: 3922M(100%)
[2026-04-03T01:01:21.686+0600][31.784s][info][gc,heap     ] GC(15)                Mark Start          Mark End        Relocate Start      Relocate End           High               Low         
[2026-04-03T01:01:21.686+0600][31.784s][info][gc,heap     ] GC(15)  Capacity:     3878M (99%)        3922M (100%)       3922M (100%)       3922M (100%)       3922M (100%)       3878M (99%)    
[2026-04-03T01:01:21.686+0600][31.784s][info][gc,heap     ] GC(15)      Free:     1394M (36%)           0M (0%)            0M (0%)         1790M (46%)        1796M (46%)           0M (0%)     
[2026-04-03T01:01:21.686+0600][31.784s][info][gc,heap     ] GC(15)      Used:     2528M (64%)        3922M (100%)       3922M (100%)       2132M (54%)        3922M (100%)       2126M (54%)    
[2026-04-03T01:01:21.686+0600][31.784s][info][gc,heap     ] GC(15)      Live:         -               626M (16%)         626M (16%)         626M (16%)            -                  -          
[2026-04-03T01:01:21.686+0600][31.784s][info][gc,heap     ] GC(15) Allocated:         -              1394M (36%)        1394M (36%)        1437M (37%)            -                  -          
[2026-04-03T01:01:21.686+0600][31.784s][info][gc,heap     ] GC(15)   Garbage:         -              1901M (48%)        1901M (48%)          68M (2%)             -                  -          
[2026-04-03T01:01:21.686+0600][31.784s][info][gc,heap     ] GC(15) Reclaimed:         -                  -                 0M (0%)         1833M (47%)            -                  -          
[2026-04-03T01:01:21.686+0600][31.784s][info][gc          ] GC(15) Garbage Collection (Allocation Rate) 2528M(64%)->2132M(54%)
[2026-04-03T01:01:21.757+0600][31.856s][info][gc,start    ] GC(16) Garbage Collection (Allocation Stall)
[2026-04-03T01:01:21.757+0600][31.856s][info][gc,ref      ] GC(16) Clearing All SoftReferences
[2026-04-03T01:01:21.757+0600][31.856s][info][gc,task     ] GC(16) Using 3 workers
[2026-04-03T01:01:21.761+0600][31.860s][info][gc,ref      ] GC(16) Clearing All SoftReferences
[2026-04-03T01:01:21.761+0600][31.860s][info][gc,phases   ] GC(16) Pause Mark Start 0.130ms
[2026-04-03T01:01:23.352+0600][33.450s][info][gc,phases   ] GC(16) Concurrent Mark 1590.555ms
[2026-04-03T01:01:23.352+0600][33.451s][info][gc,phases   ] GC(16) Pause Mark End 0.017ms
[2026-04-03T01:01:23.352+0600][33.451s][info][gc,phases   ] GC(16) Concurrent Mark Free 0.002ms
[2026-04-03T01:01:23.357+0600][33.456s][info][gc,phases   ] GC(16) Concurrent Process Non-Strong References 5.389ms
[2026-04-03T01:01:23.358+0600][33.456s][info][gc,phases   ] GC(16) Concurrent Reset Relocation Set 0.044ms
[2026-04-03T01:01:23.362+0600][33.460s][info][gc,phases   ] GC(16) Concurrent Select Relocation Set 3.957ms
[2026-04-03T01:01:23.362+0600][33.460s][info][gc,phases   ] GC(16) Pause Relocate Start 0.032ms
[2026-04-03T01:01:23.362+0600][33.461s][info][gc          ] Allocation Stall (OE_Thread:5) 111.012ms
[2026-04-03T01:01:23.362+0600][33.461s][info][gc          ] Allocation Stall (OE_Thread:7) 112.153ms
[2026-04-03T01:01:23.362+0600][33.461s][info][gc          ] Allocation Stall (OE_Thread:11) 107.394ms
[2026-04-03T01:01:23.362+0600][33.461s][info][gc          ] Allocation Stall (OE_Thread:10) 110.302ms
[2026-04-03T01:01:23.386+0600][33.485s][info][gc          ] Relocation Stall (OE_Thread:0) 24.060ms
[2026-04-03T01:01:23.386+0600][33.485s][info][gc          ] Relocation Stall (OE_Thread:2) 24.145ms
[2026-04-03T01:01:23.386+0600][33.485s][info][gc          ] Allocation Stall (OE_Thread:0) 134.953ms
[2026-04-03T01:01:23.386+0600][33.485s][info][gc          ] Allocation Stall (OE_Thread:2) 134.510ms
[2026-04-03T01:01:23.388+0600][33.486s][info][gc          ] Relocation Stall (OE_Thread:3) 25.661ms
[2026-04-03T01:01:23.388+0600][33.486s][info][gc          ] Allocation Stall (OE_Thread:3) 137.062ms
[2026-04-03T01:01:23.390+0600][33.488s][info][gc          ] Relocation Stall (OE_Thread:9) 27.712ms
[2026-04-03T01:01:23.390+0600][33.488s][info][gc          ] Relocation Stall (OE_Thread:4) 27.677ms
[2026-04-03T01:01:23.390+0600][33.488s][info][gc          ] Allocation Stall (OE_Thread:9) 142.714ms
[2026-04-03T01:01:23.390+0600][33.489s][info][gc          ] Allocation Stall (OE_Thread:4) 140.069ms
[2026-04-03T01:01:23.392+0600][33.490s][info][gc          ] Relocation Stall (OE_Thread:8) 29.627ms
[2026-04-03T01:01:23.392+0600][33.490s][info][gc          ] Allocation Stall (OE_Thread:8) 146.568ms
[2026-04-03T01:01:23.393+0600][33.491s][info][gc          ] Relocation Stall (OE_Thread:1) 30.708ms
[2026-04-03T01:01:23.393+0600][33.491s][info][gc          ] Allocation Stall (OE_Thread:1) 145.219ms
[2026-04-03T01:01:23.394+0600][33.492s][info][gc          ] Relocation Stall (OE_Thread:6) 31.745ms
[2026-04-03T01:01:23.394+0600][33.492s][info][gc          ] Allocation Stall (OE_Thread:6) 147.209ms
[2026-04-03T01:01:23.399+0600][33.497s][info][gc,phases   ] GC(16) Concurrent Relocate 36.752ms
[2026-04-03T01:01:23.399+0600][33.497s][info][gc,load     ] GC(16) Load: 7.99/3.92/2.26
[2026-04-03T01:01:23.399+0600][33.497s][info][gc,mmu      ] GC(16) MMU: 2ms/93.5%, 5ms/97.4%, 10ms/98.7%, 20ms/99.4%, 50ms/99.7%, 100ms/99.9%
[2026-04-03T01:01:23.399+0600][33.497s][info][gc,marking  ] GC(16) Mark: 2 stripe(s), 2 proactive flush(es), 1 terminate flush(es), 0 completion(s), 0 continuation(s) 
[2026-04-03T01:01:23.399+0600][33.497s][info][gc,marking  ] GC(16) Mark Stack Usage: 32M
[2026-04-03T01:01:23.399+0600][33.497s][info][gc,nmethod  ] GC(16) NMethods: 2608 registered, 659 unregistered
[2026-04-03T01:01:23.399+0600][33.497s][info][gc,metaspace] GC(16) Metaspace: 9M used, 10M committed, 1088M reserved
[2026-04-03T01:01:23.399+0600][33.497s][info][gc,ref      ] GC(16) Soft: 185 encountered, 109 discovered, 58 enqueued
[2026-04-03T01:01:23.399+0600][33.497s][info][gc,ref      ] GC(16) Weak: 467 encountered, 76 discovered, 10 enqueued
[2026-04-03T01:01:23.399+0600][33.497s][info][gc,ref      ] GC(16) Final: 3 encountered, 2 discovered, 0 enqueued
[2026-04-03T01:01:23.399+0600][33.497s][info][gc,ref      ] GC(16) Phantom: 56 encountered, 47 discovered, 0 enqueued
[2026-04-03T01:01:23.399+0600][33.497s][info][gc,reloc    ] GC(16) Small Pages: 1096 / 2192M, Empty: 0M, Relocated: 38M, In-Place: 3
[2026-04-03T01:01:23.399+0600][33.497s][info][gc,reloc    ] GC(16) Medium Pages: 1 / 32M, Empty: 0M, Relocated: 0M, In-Place: 0
[2026-04-03T01:01:23.399+0600][33.497s][info][gc,reloc    ] GC(16) Large Pages: 1 / 6M, Empty: 0M, Relocated: 0M, In-Place: 0
[2026-04-03T01:01:23.399+0600][33.497s][info][gc,reloc    ] GC(16) Forwarding Usage: 12M
[2026-04-03T01:01:23.399+0600][33.497s][info][gc,heap     ] GC(16) Min Capacity: 8M(0%)
[2026-04-03T01:01:23.399+0600][33.497s][info][gc,heap     ] GC(16) Max Capacity: 3922M(100%)
[2026-04-03T01:01:23.399+0600][33.497s][info][gc,heap     ] GC(16) Soft Max Capacity: 3922M(100%)
[2026-04-03T01:01:23.399+0600][33.497s][info][gc,heap     ] GC(16)                Mark Start          Mark End        Relocate Start      Relocate End           High               Low         
[2026-04-03T01:01:23.399+0600][33.498s][info][gc,heap     ] GC(16)  Capacity:     3922M (100%)       3922M (100%)       3922M (100%)       3922M (100%)       3922M (100%)       3922M (100%)   
[2026-04-03T01:01:23.399+0600][33.498s][info][gc,heap     ] GC(16)      Free:     1692M (43%)           0M (0%)            0M (0%)         1476M (38%)        1692M (43%)           0M (0%)     
[2026-04-03T01:01:23.399+0600][33.498s][info][gc,heap     ] GC(16)      Used:     2230M (57%)        3922M (100%)       3922M (100%)       2446M (62%)        3922M (100%)       2230M (57%)    
[2026-04-03T01:01:23.399+0600][33.498s][info][gc,heap     ] GC(16)      Live:         -               634M (16%)         634M (16%)         634M (16%)            -                  -          
[2026-04-03T01:01:23.399+0600][33.498s][info][gc,heap     ] GC(16) Allocated:         -              1692M (43%)        1692M (43%)        1733M (44%)            -                  -          
[2026-04-03T01:01:23.399+0600][33.498s][info][gc,heap     ] GC(16)   Garbage:         -              1595M (41%)        1595M (41%)          78M (2%)             -                  -          
[2026-04-03T01:01:23.399+0600][33.498s][info][gc,heap     ] GC(16) Reclaimed:         -                  -                 0M (0%)         1517M (39%)            -                  -          
[2026-04-03T01:01:23.399+0600][33.498s][info][gc          ] GC(16) Garbage Collection (Allocation Stall) 2230M(57%)->2446M(62%)
[2026-04-03T01:01:23.457+0600][33.555s][info][gc,start    ] GC(17) Garbage Collection (Allocation Stall)
[2026-04-03T01:01:23.457+0600][33.555s][info][gc,ref      ] GC(17) Clearing All SoftReferences
[2026-04-03T01:01:23.457+0600][33.555s][info][gc,task     ] GC(17) Using 3 workers
[2026-04-03T01:01:23.457+0600][33.556s][info][gc,ref      ] GC(17) Clearing All SoftReferences
[2026-04-03T01:01:23.457+0600][33.556s][info][gc,phases   ] GC(17) Pause Mark Start 0.089ms
[2026-04-03T01:01:24.965+0600][35.064s][info][gc,phases   ] GC(17) Concurrent Mark 1507.898ms
[2026-04-03T01:01:24.966+0600][35.064s][info][gc,phases   ] GC(17) Pause Mark End 0.020ms
[2026-04-03T01:01:24.966+0600][35.064s][info][gc,phases   ] GC(17) Concurrent Mark Free 0.003ms
[2026-04-03T01:01:24.972+0600][35.071s][info][gc,phases   ] GC(17) Concurrent Process Non-Strong References 6.209ms
[2026-04-03T01:01:24.972+0600][35.071s][info][gc,phases   ] GC(17) Concurrent Reset Relocation Set 0.037ms
[2026-04-03T01:01:24.978+0600][35.077s][info][gc,phases   ] GC(17) Concurrent Select Relocation Set 6.208ms
[2026-04-03T01:01:24.979+0600][35.077s][info][gc,phases   ] GC(17) Pause Relocate Start 0.012ms
[2026-04-03T01:01:24.979+0600][35.078s][info][gc          ] Allocation Stall (OE_Thread:6) 390.907ms
[2026-04-03T01:01:24.979+0600][35.078s][info][gc          ] Allocation Stall (OE_Thread:7) 392.567ms
[2026-04-03T01:01:24.979+0600][35.078s][info][gc          ] Allocation Stall (OE_Thread:10) 385.825ms
[2026-04-03T01:01:24.979+0600][35.078s][info][gc          ] Allocation Stall (OE_Thread:0) 386.439ms
[2026-04-03T01:01:24.979+0600][35.078s][info][gc          ] Allocation Stall (OE_Thread:1) 386.534ms
[2026-04-03T01:01:25.005+0600][35.104s][info][gc          ] Relocation Stall (OE_Thread:4) 26.090ms
[2026-04-03T01:01:25.005+0600][35.104s][info][gc          ] Relocation Stall (OE_Thread:9) 26.023ms
[2026-04-03T01:01:25.005+0600][35.104s][info][gc          ] Relocation Stall (OE_Thread:11) 26.023ms
[2026-04-03T01:01:25.005+0600][35.104s][info][gc          ] Allocation Stall (OE_Thread:11) 411.812ms
[2026-04-03T01:01:25.005+0600][35.104s][info][gc          ] Allocation Stall (OE_Thread:9) 417.532ms
[2026-04-03T01:01:25.005+0600][35.104s][info][gc          ] Relocation Stall (OE_Thread:8) 26.037ms
[2026-04-03T01:01:25.005+0600][35.104s][info][gc          ] Allocation Stall (OE_Thread:4) 420.389ms
[2026-04-03T01:01:25.005+0600][35.104s][info][gc          ] Relocation Stall (OE_Thread:2) 26.090ms
[2026-04-03T01:01:25.005+0600][35.104s][info][gc          ] Allocation Stall (OE_Thread:8) 415.342ms
[2026-04-03T01:01:25.005+0600][35.104s][info][gc          ] Allocation Stall (OE_Thread:2) 420.225ms
[2026-04-03T01:01:25.013+0600][35.111s][info][gc          ] Relocation Stall (OE_Thread:3) 33.807ms
[2026-04-03T01:01:25.013+0600][35.112s][info][gc          ] Allocation Stall (OE_Thread:3) 425.987ms
[2026-04-03T01:01:25.041+0600][35.139s][info][gc,phases   ] GC(17) Concurrent Relocate 62.118ms
[2026-04-03T01:01:25.041+0600][35.140s][info][gc,load     ] GC(17) Load: 8.55/4.11/2.33
[2026-04-03T01:01:25.041+0600][35.140s][info][gc,mmu      ] GC(17) MMU: 2ms/93.5%, 5ms/97.4%, 10ms/98.7%, 20ms/99.4%, 50ms/99.7%, 100ms/99.9%
[2026-04-03T01:01:25.041+0600][35.140s][info][gc,marking  ] GC(17) Mark: 2 stripe(s), 2 proactive flush(es), 1 terminate flush(es), 0 completion(s), 0 continuation(s) 
[2026-04-03T01:01:25.041+0600][35.140s][info][gc,marking  ] GC(17) Mark Stack Usage: 32M
[2026-04-03T01:01:25.041+0600][35.140s][info][gc,nmethod  ] GC(17) NMethods: 2583 registered, 697 unregistered
[2026-04-03T01:01:25.041+0600][35.140s][info][gc,metaspace] GC(17) Metaspace: 9M used, 10M committed, 1088M reserved
[2026-04-03T01:01:25.041+0600][35.140s][info][gc,ref      ] GC(17) Soft: 127 encountered, 57 discovered, 0 enqueued
[2026-04-03T01:01:25.041+0600][35.140s][info][gc,ref      ] GC(17) Weak: 457 encountered, 76 discovered, 0 enqueued
[2026-04-03T01:01:25.041+0600][35.140s][info][gc,ref      ] GC(17) Final: 3 encountered, 2 discovered, 0 enqueued
[2026-04-03T01:01:25.041+0600][35.140s][info][gc,ref      ] GC(17) Phantom: 56 encountered, 32 discovered, 0 enqueued
[2026-04-03T01:01:25.041+0600][35.140s][info][gc,reloc    ] GC(17) Small Pages: 1251 / 2502M, Empty: 0M, Relocated: 59M, In-Place: 3
[2026-04-03T01:01:25.041+0600][35.140s][info][gc,reloc    ] GC(17) Medium Pages: 1 / 32M, Empty: 0M, Relocated: 0M, In-Place: 0
[2026-04-03T01:01:25.041+0600][35.140s][info][gc,reloc    ] GC(17) Large Pages: 1 / 6M, Empty: 0M, Relocated: 0M, In-Place: 0
[2026-04-03T01:01:25.041+0600][35.140s][info][gc,reloc    ] GC(17) Forwarding Usage: 21M
[2026-04-03T01:01:25.041+0600][35.140s][info][gc,heap     ] GC(17) Min Capacity: 8M(0%)
[2026-04-03T01:01:25.041+0600][35.140s][info][gc,heap     ] GC(17) Max Capacity: 3922M(100%)
[2026-04-03T01:01:25.041+0600][35.140s][info][gc,heap     ] GC(17) Soft Max Capacity: 3922M(100%)
[2026-04-03T01:01:25.041+0600][35.140s][info][gc,heap     ] GC(17)                Mark Start          Mark End        Relocate Start      Relocate End           High               Low         
[2026-04-03T01:01:25.041+0600][35.140s][info][gc,heap     ] GC(17)  Capacity:     3922M (100%)       3922M (100%)       3922M (100%)       3922M (100%)       3922M (100%)       3922M (100%)   
[2026-04-03T01:01:25.041+0600][35.140s][info][gc,heap     ] GC(17)      Free:     1382M (35%)           0M (0%)            0M (0%)         1760M (45%)        1766M (45%)           0M (0%)     
[2026-04-03T01:01:25.041+0600][35.140s][info][gc,heap     ] GC(17)      Used:     2540M (65%)        3922M (100%)       3922M (100%)       2162M (55%)        3922M (100%)       2156M (55%)    
[2026-04-03T01:01:25.041+0600][35.140s][info][gc,heap     ] GC(17)      Live:         -               642M (16%)         642M (16%)         642M (16%)            -                  -          
[2026-04-03T01:01:25.041+0600][35.140s][info][gc,heap     ] GC(17) Allocated:         -              1382M (35%)        1382M (35%)        1443M (37%)            -                  -          
[2026-04-03T01:01:25.041+0600][35.140s][info][gc,heap     ] GC(17)   Garbage:         -              1897M (48%)        1897M (48%)          76M (2%)             -                  -          
[2026-04-03T01:01:25.041+0600][35.140s][info][gc,heap     ] GC(17) Reclaimed:         -                  -                 0M (0%)         1821M (46%)            -                  -          
[2026-04-03T01:01:25.041+0600][35.140s][info][gc          ] GC(17) Garbage Collection (Allocation Stall) 2540M(65%)->2162M(55%)
[2026-04-03T01:01:25.057+0600][35.156s][info][gc,start    ] GC(18) Garbage Collection (Allocation Stall)
[2026-04-03T01:01:25.058+0600][35.156s][info][gc,ref      ] GC(18) Clearing All SoftReferences
[2026-04-03T01:01:25.058+0600][35.156s][info][gc,task     ] GC(18) Using 3 workers
[2026-04-03T01:01:25.058+0600][35.157s][info][gc,ref      ] GC(18) Clearing All SoftReferences
[2026-04-03T01:01:25.058+0600][35.157s][info][gc,phases   ] GC(18) Pause Mark Start 0.110ms
[2026-04-03T01:01:26.588+0600][36.687s][info][gc,phases   ] GC(18) Concurrent Mark 1529.809ms
[2026-04-03T01:01:26.588+0600][36.687s][info][gc,phases   ] GC(18) Pause Mark End 0.018ms
[2026-04-03T01:01:26.588+0600][36.687s][info][gc,phases   ] GC(18) Concurrent Mark Free 0.002ms
[2026-04-03T01:01:26.591+0600][36.690s][info][gc,phases   ] GC(18) Concurrent Process Non-Strong References 2.843ms
[2026-04-03T01:01:26.591+0600][36.690s][info][gc,phases   ] GC(18) Concurrent Reset Relocation Set 0.044ms
[2026-04-03T01:01:26.595+0600][36.694s][info][gc,phases   ] GC(18) Concurrent Select Relocation Set 3.744ms
[2026-04-03T01:01:26.595+0600][36.694s][info][gc,phases   ] GC(18) Pause Relocate Start 0.010ms
[2026-04-03T01:01:26.596+0600][36.694s][info][gc          ] Allocation Stall (OE_Thread:8) 186.549ms
[2026-04-03T01:01:26.596+0600][36.694s][info][gc          ] Allocation Stall (OE_Thread:10) 196.822ms
[2026-04-03T01:01:26.596+0600][36.694s][info][gc          ] Allocation Stall (OE_Thread:3) 198.621ms
[2026-04-03T01:01:26.596+0600][36.694s][info][gc          ] Allocation Stall (OE_Thread:4) 194.268ms
[2026-04-03T01:01:26.616+0600][36.715s][info][gc          ] Relocation Stall (OE_Thread:7) 20.367ms
[2026-04-03T01:01:26.616+0600][36.715s][info][gc          ] Allocation Stall (OE_Thread:7) 215.911ms
[2026-04-03T01:01:26.616+0600][36.715s][info][gc          ] Relocation Stall (OE_Thread:1) 20.617ms
[2026-04-03T01:01:26.616+0600][36.715s][info][gc          ] Relocation Stall (OE_Thread:0) 20.654ms
[2026-04-03T01:01:26.616+0600][36.715s][info][gc          ] Relocation Stall (OE_Thread:11) 20.629ms
[2026-04-03T01:01:26.616+0600][36.715s][info][gc          ] Relocation Stall (OE_Thread:9) 20.640ms
[2026-04-03T01:01:26.616+0600][36.715s][info][gc          ] Relocation Stall (OE_Thread:6) 20.625ms
[2026-04-03T01:01:26.616+0600][36.715s][info][gc          ] Relocation Stall (OE_Thread:2) 20.672ms
[2026-04-03T01:01:26.617+0600][36.715s][info][gc          ] Allocation Stall (OE_Thread:2) 210.430ms
[2026-04-03T01:01:26.616+0600][36.715s][info][gc          ] Allocation Stall (OE_Thread:1) 212.963ms
[2026-04-03T01:01:26.617+0600][36.715s][info][gc          ] Allocation Stall (OE_Thread:11) 215.606ms
[2026-04-03T01:01:26.617+0600][36.715s][info][gc          ] Allocation Stall (OE_Thread:9) 214.423ms
[2026-04-03T01:01:26.617+0600][36.715s][info][gc          ] Allocation Stall (OE_Thread:6) 212.540ms
[2026-04-03T01:01:26.617+0600][36.715s][info][gc          ] Allocation Stall (OE_Thread:0) 217.236ms
[2026-04-03T01:01:26.632+0600][36.731s][info][gc,phases   ] GC(18) Concurrent Relocate 36.607ms
[2026-04-03T01:01:26.632+0600][36.731s][info][gc,load     ] GC(18) Load: 8.55/4.11/2.33
[2026-04-03T01:01:26.632+0600][36.731s][info][gc,mmu      ] GC(18) MMU: 2ms/93.5%, 5ms/97.4%, 10ms/98.7%, 20ms/99.4%, 50ms/99.7%, 100ms/99.9%
[2026-04-03T01:01:26.632+0600][36.731s][info][gc,marking  ] GC(18) Mark: 2 stripe(s), 2 proactive flush(es), 1 terminate flush(es), 0 completion(s), 0 continuation(s) 
[2026-04-03T01:01:26.632+0600][36.731s][info][gc,marking  ] GC(18) Mark Stack Usage: 32M
[2026-04-03T01:01:26.632+0600][36.731s][info][gc,nmethod  ] GC(18) NMethods: 2579 registered, 710 unregistered
[2026-04-03T01:01:26.632+0600][36.731s][info][gc,metaspace] GC(18) Metaspace: 9M used, 10M committed, 1088M reserved
[2026-04-03T01:01:26.632+0600][36.731s][info][gc,ref      ] GC(18) Soft: 127 encountered, 63 discovered, 0 enqueued
[2026-04-03T01:01:26.632+0600][36.731s][info][gc,ref      ] GC(18) Weak: 457 encountered, 215 discovered, 0 enqueued
[2026-04-03T01:01:26.632+0600][36.731s][info][gc,ref      ] GC(18) Final: 3 encountered, 0 discovered, 0 enqueued
[2026-04-03T01:01:26.632+0600][36.731s][info][gc,ref      ] GC(18) Phantom: 56 encountered, 36 discovered, 0 enqueued
[2026-04-03T01:01:26.632+0600][36.731s][info][gc,reloc    ] GC(18) Small Pages: 1077 / 2154M, Empty: 0M, Relocated: 40M, In-Place: 3
[2026-04-03T01:01:26.632+0600][36.731s][info][gc,reloc    ] GC(18) Medium Pages: 1 / 32M, Empty: 0M, Relocated: 0M, In-Place: 0
[2026-04-03T01:01:26.632+0600][36.731s][info][gc,reloc    ] GC(18) Large Pages: 1 / 6M, Empty: 0M, Relocated: 0M, In-Place: 0
[2026-04-03T01:01:26.632+0600][36.731s][info][gc,reloc    ] GC(18) Forwarding Usage: 13M
[2026-04-03T01:01:26.632+0600][36.731s][info][gc,heap     ] GC(18) Min Capacity: 8M(0%)
[2026-04-03T01:01:26.632+0600][36.731s][info][gc,heap     ] GC(18) Max Capacity: 3922M(100%)
[2026-04-03T01:01:26.632+0600][36.731s][info][gc,heap     ] GC(18) Soft Max Capacity: 3922M(100%)
[2026-04-03T01:01:26.632+0600][36.731s][info][gc,heap     ] GC(18)                Mark Start          Mark End        Relocate Start      Relocate End           High               Low         
[2026-04-03T01:01:26.632+0600][36.731s][info][gc,heap     ] GC(18)  Capacity:     3922M (100%)       3922M (100%)       3922M (100%)       3922M (100%)       3922M (100%)       3922M (100%)   
[2026-04-03T01:01:26.632+0600][36.731s][info][gc,heap     ] GC(18)      Free:     1730M (44%)           0M (0%)            0M (0%)         1410M (36%)        1730M (44%)           0M (0%)     
[2026-04-03T01:01:26.632+0600][36.731s][info][gc,heap     ] GC(18)      Used:     2192M (56%)        3922M (100%)       3922M (100%)       2512M (64%)        3922M (100%)       2192M (56%)    
[2026-04-03T01:01:26.632+0600][36.731s][info][gc,heap     ] GC(18)      Live:         -               650M (17%)         650M (17%)         650M (17%)            -                  -          
[2026-04-03T01:01:26.633+0600][36.731s][info][gc,heap     ] GC(18) Allocated:         -              1730M (44%)        1730M (44%)        1775M (45%)            -                  -          
[2026-04-03T01:01:26.633+0600][36.731s][info][gc,heap     ] GC(18)   Garbage:         -              1541M (39%)        1541M (39%)          86M (2%)             -                  -          
[2026-04-03T01:01:26.633+0600][36.731s][info][gc,heap     ] GC(18) Reclaimed:         -                  -                 0M (0%)         1455M (37%)            -                  -          
[2026-04-03T01:01:26.633+0600][36.731s][info][gc          ] GC(18) Garbage Collection (Allocation Stall) 2192M(56%)->2512M(64%)
[2026-04-03T01:01:26.658+0600][36.757s][info][gc,start    ] GC(19) Garbage Collection (Allocation Stall)
[2026-04-03T01:01:26.658+0600][36.757s][info][gc,ref      ] GC(19) Clearing All SoftReferences
[2026-04-03T01:01:26.658+0600][36.757s][info][gc,task     ] GC(19) Using 3 workers
[2026-04-03T01:01:26.659+0600][36.757s][info][gc,ref      ] GC(19) Clearing All SoftReferences
[2026-04-03T01:01:26.659+0600][36.757s][info][gc,phases   ] GC(19) Pause Mark Start 0.115ms
[2026-04-03T01:01:28.045+0600][38.143s][info][gc,phases   ] GC(19) Concurrent Mark 1382.052ms
[2026-04-03T01:01:28.045+0600][38.144s][info][gc,phases   ] GC(19) Pause Mark End 0.021ms
[2026-04-03T01:01:28.045+0600][38.144s][info][gc,phases   ] GC(19) Concurrent Mark Free 0.005ms
[2026-04-03T01:01:28.048+0600][38.147s][info][gc,phases   ] GC(19) Concurrent Process Non-Strong References 2.741ms
[2026-04-03T01:01:28.048+0600][38.147s][info][gc,phases   ] GC(19) Concurrent Reset Relocation Set 0.039ms
[2026-04-03T01:01:28.054+0600][38.153s][info][gc,phases   ] GC(19) Concurrent Select Relocation Set 6.278ms
[2026-04-03T01:01:28.055+0600][38.153s][info][gc,phases   ] GC(19) Pause Relocate Start 0.012ms
[2026-04-03T01:01:28.055+0600][38.154s][info][gc          ] Allocation Stall (OE_Thread:5) 279.269ms
[2026-04-03T01:01:28.055+0600][38.154s][info][gc          ] Allocation Stall (OE_Thread:8) 273.868ms
[2026-04-03T01:01:28.055+0600][38.154s][info][gc          ] Allocation Stall (OE_Thread:11) 277.410ms
[2026-04-03T01:01:28.055+0600][38.154s][info][gc          ] Allocation Stall (OE_Thread:4) 275.785ms
[2026-04-03T01:01:28.081+0600][38.179s][info][gc          ] Relocation Stall (OE_Thread:10) 25.959ms
[2026-04-03T01:01:28.081+0600][38.180s][info][gc          ] Allocation Stall (OE_Thread:10) 313.922ms
[2026-04-03T01:01:28.081+0600][38.180s][info][gc          ] Relocation Stall (OE_Thread:6) 26.433ms
[2026-04-03T01:01:28.081+0600][38.180s][info][gc          ] Relocation Stall (OE_Thread:1) 26.443ms
[2026-04-03T01:01:28.081+0600][38.180s][info][gc          ] Relocation Stall (OE_Thread:9) 26.467ms
[2026-04-03T01:01:28.081+0600][38.180s][info][gc          ] Allocation Stall (OE_Thread:6) 314.307ms
[2026-04-03T01:01:28.081+0600][38.180s][info][gc          ] Allocation Stall (OE_Thread:1) 307.423ms
[2026-04-03T01:01:28.081+0600][38.180s][info][gc          ] Allocation Stall (OE_Thread:9) 309.861ms
[2026-04-03T01:01:28.084+0600][38.182s][info][gc          ] Relocation Stall (OE_Thread:7) 28.876ms
[2026-04-03T01:01:28.084+0600][38.183s][info][gc          ] Allocation Stall (OE_Thread:7) 308.460ms
[2026-04-03T01:01:28.116+0600][38.214s][info][gc          ] Relocation Stall (OE_Thread:3) 60.891ms
[2026-04-03T01:01:28.116+0600][38.215s][info][gc          ] Allocation Stall (OE_Thread:3) 348.486ms
[2026-04-03T01:01:28.121+0600][38.219s][info][gc          ] Relocation Stall (OE_Thread:0) 65.734ms
[2026-04-03T01:01:28.121+0600][38.219s][info][gc          ] Allocation Stall (OE_Thread:0) 348.115ms
[2026-04-03T01:01:28.122+0600][38.220s][info][gc,phases   ] GC(19) Concurrent Relocate 67.047ms
[2026-04-03T01:01:28.122+0600][38.221s][info][gc,load     ] GC(19) Load: 8.55/4.11/2.33
[2026-04-03T01:01:28.122+0600][38.221s][info][gc,mmu      ] GC(19) MMU: 2ms/93.5%, 5ms/97.4%, 10ms/98.7%, 20ms/99.4%, 50ms/99.7%, 100ms/99.9%
[2026-04-03T01:01:28.122+0600][38.221s][info][gc,marking  ] GC(19) Mark: 2 stripe(s), 2 proactive flush(es), 1 terminate flush(es), 0 completion(s), 0 continuation(s) 
[2026-04-03T01:01:28.122+0600][38.221s][info][gc,marking  ] GC(19) Mark Stack Usage: 32M
[2026-04-03T01:01:28.122+0600][38.221s][info][gc,nmethod  ] GC(19) NMethods: 2578 registered, 718 unregistered
[2026-04-03T01:01:28.122+0600][38.221s][info][gc,metaspace] GC(19) Metaspace: 9M used, 10M committed, 1088M reserved
[2026-04-03T01:01:28.122+0600][38.221s][info][gc,ref      ] GC(19) Soft: 127 encountered, 60 discovered, 0 enqueued
[2026-04-03T01:01:28.122+0600][38.221s][info][gc,ref      ] GC(19) Weak: 457 encountered, 4 discovered, 0 enqueued
[2026-04-03T01:01:28.122+0600][38.221s][info][gc,ref      ] GC(19) Final: 3 encountered, 0 discovered, 0 enqueued
[2026-04-03T01:01:28.122+0600][38.221s][info][gc,ref      ] GC(19) Phantom: 56 encountered, 36 discovered, 0 enqueued
[2026-04-03T01:01:28.122+0600][38.221s][info][gc,reloc    ] GC(19) Small Pages: 1258 / 2516M, Empty: 0M, Relocated: 66M, In-Place: 3
[2026-04-03T01:01:28.122+0600][38.221s][info][gc,reloc    ] GC(19) Medium Pages: 1 / 32M, Empty: 0M, Relocated: 0M, In-Place: 0
[2026-04-03T01:01:28.122+0600][38.221s][info][gc,reloc    ] GC(19) Large Pages: 1 / 6M, Empty: 0M, Relocated: 0M, In-Place: 0
[2026-04-03T01:01:28.122+0600][38.221s][info][gc,reloc    ] GC(19) Forwarding Usage: 24M
[2026-04-03T01:01:28.122+0600][38.221s][info][gc,heap     ] GC(19) Min Capacity: 8M(0%)
[2026-04-03T01:01:28.122+0600][38.221s][info][gc,heap     ] GC(19) Max Capacity: 3922M(100%)
[2026-04-03T01:01:28.122+0600][38.221s][info][gc,heap     ] GC(19) Soft Max Capacity: 3922M(100%)
[2026-04-03T01:01:28.122+0600][38.221s][info][gc,heap     ] GC(19)                Mark Start          Mark End        Relocate Start      Relocate End           High               Low         
[2026-04-03T01:01:28.122+0600][38.221s][info][gc,heap     ] GC(19)  Capacity:     3922M (100%)       3922M (100%)       3922M (100%)       3922M (100%)       3922M (100%)       3922M (100%)   
[2026-04-03T01:01:28.122+0600][38.221s][info][gc,heap     ] GC(19)      Free:     1368M (35%)           0M (0%)            0M (0%)         1736M (44%)        1752M (45%)           0M (0%)     
[2026-04-03T01:01:28.122+0600][38.221s][info][gc,heap     ] GC(19)      Used:     2554M (65%)        3922M (100%)       3922M (100%)       2186M (56%)        3922M (100%)       2170M (55%)    
[2026-04-03T01:01:28.122+0600][38.221s][info][gc,heap     ] GC(19)      Live:         -               659M (17%)         659M (17%)         659M (17%)            -                  -          
[2026-04-03T01:01:28.122+0600][38.221s][info][gc,heap     ] GC(19) Allocated:         -              1368M (35%)        1368M (35%)        1442M (37%)            -                  -          
[2026-04-03T01:01:28.122+0600][38.221s][info][gc,heap     ] GC(19)   Garbage:         -              1894M (48%)        1894M (48%)          83M (2%)             -                  -          
[2026-04-03T01:01:28.122+0600][38.221s][info][gc,heap     ] GC(19) Reclaimed:         -                  -                 0M (0%)         1810M (46%)            -                  -          
[2026-04-03T01:01:28.122+0600][38.221s][info][gc          ] GC(19) Garbage Collection (Allocation Stall) 2554M(65%)->2186M(56%)
[2026-04-03T01:01:28.158+0600][38.256s][info][gc,start    ] GC(20) Garbage Collection (Allocation Stall)
[2026-04-03T01:01:28.158+0600][38.257s][info][gc,ref      ] GC(20) Clearing All SoftReferences
[2026-04-03T01:01:28.158+0600][38.257s][info][gc,task     ] GC(20) Using 3 workers
[2026-04-03T01:01:28.158+0600][38.257s][info][gc,ref      ] GC(20) Clearing All SoftReferences
[2026-04-03T01:01:28.158+0600][38.257s][info][gc,phases   ] GC(20) Pause Mark Start 0.049ms
[2026-04-03T01:01:29.698+0600][39.796s][info][gc,phases   ] GC(20) Concurrent Mark 1539.444ms
[2026-04-03T01:01:29.698+0600][39.797s][info][gc,phases   ] GC(20) Pause Mark End 0.020ms
[2026-04-03T01:01:29.698+0600][39.797s][info][gc,phases   ] GC(20) Concurrent Mark Free 0.005ms
[2026-04-03T01:01:29.701+0600][39.799s][info][gc,phases   ] GC(20) Concurrent Process Non-Strong References 2.569ms
[2026-04-03T01:01:29.701+0600][39.799s][info][gc,phases   ] GC(20) Concurrent Reset Relocation Set 0.047ms
[2026-04-03T01:01:29.705+0600][39.804s][info][gc,phases   ] GC(20) Concurrent Select Relocation Set 4.368ms
[2026-04-03T01:01:29.705+0600][39.804s][info][gc,phases   ] GC(20) Pause Relocate Start 0.010ms
[2026-04-03T01:01:29.706+0600][39.804s][info][gc          ] Allocation Stall (OE_Thread:0) 265.833ms
[2026-04-03T01:01:29.706+0600][39.804s][info][gc          ] Allocation Stall (OE_Thread:11) 263.527ms
[2026-04-03T01:01:29.706+0600][39.804s][info][gc          ] Allocation Stall (OE_Thread:1) 263.848ms
[2026-04-03T01:01:29.706+0600][39.804s][info][gc          ] Allocation Stall (OE_Thread:8) 263.559ms
[2026-04-03T01:01:29.727+0600][39.825s][info][gc          ] Relocation Stall (OE_Thread:2) 20.862ms
[2026-04-03T01:01:29.727+0600][39.825s][info][gc          ] Allocation Stall (OE_Thread:2) 281.662ms
[2026-04-03T01:01:29.727+0600][39.825s][info][gc          ] Relocation Stall (OE_Thread:9) 20.958ms
[2026-04-03T01:01:29.727+0600][39.825s][info][gc          ] Relocation Stall (OE_Thread:7) 20.956ms
[2026-04-03T01:01:29.727+0600][39.825s][info][gc          ] Relocation Stall (OE_Thread:5) 21.131ms
[2026-04-03T01:01:29.727+0600][39.825s][info][gc          ] Allocation Stall (OE_Thread:7) 276.957ms
[2026-04-03T01:01:29.727+0600][39.825s][info][gc          ] Relocation Stall (OE_Thread:3) 20.995ms
[2026-04-03T01:01:29.727+0600][39.825s][info][gc          ] Allocation Stall (OE_Thread:9) 276.886ms
[2026-04-03T01:01:29.727+0600][39.826s][info][gc          ] Allocation Stall (OE_Thread:3) 281.643ms
[2026-04-03T01:01:29.727+0600][39.825s][info][gc          ] Relocation Stall (OE_Thread:4) 21.010ms
[2026-04-03T01:01:29.727+0600][39.825s][info][gc          ] Relocation Stall (OE_Thread:6) 21.008ms
[2026-04-03T01:01:29.727+0600][39.826s][info][gc          ] Allocation Stall (OE_Thread:4) 279.613ms
[2026-04-03T01:01:29.727+0600][39.826s][info][gc          ] Allocation Stall (OE_Thread:6) 289.245ms
[2026-04-03T01:01:29.727+0600][39.826s][info][gc          ] Allocation Stall (OE_Thread:5) 275.231ms
[2026-04-03T01:01:29.744+0600][39.842s][info][gc,phases   ] GC(20) Concurrent Relocate 38.173ms
[2026-04-03T01:01:29.744+0600][39.842s][info][gc,load     ] GC(20) Load: 9.07/4.29/2.40
[2026-04-03T01:01:29.744+0600][39.842s][info][gc,mmu      ] GC(20) MMU: 2ms/93.5%, 5ms/97.4%, 10ms/98.7%, 20ms/99.4%, 50ms/99.7%, 100ms/99.9%
[2026-04-03T01:01:29.744+0600][39.843s][info][gc,marking  ] GC(20) Mark: 2 stripe(s), 2 proactive flush(es), 1 terminate flush(es), 0 completion(s), 0 continuation(s) 
[2026-04-03T01:01:29.744+0600][39.843s][info][gc,marking  ] GC(20) Mark Stack Usage: 32M
[2026-04-03T01:01:29.744+0600][39.843s][info][gc,nmethod  ] GC(20) NMethods: 2579 registered, 725 unregistered
[2026-04-03T01:01:29.744+0600][39.843s][info][gc,metaspace] GC(20) Metaspace: 9M used, 10M committed, 1088M reserved
[2026-04-03T01:01:29.744+0600][39.843s][info][gc,ref      ] GC(20) Soft: 127 encountered, 53 discovered, 0 enqueued
[2026-04-03T01:01:29.744+0600][39.843s][info][gc,ref      ] GC(20) Weak: 457 encountered, 60 discovered, 0 enqueued
[2026-04-03T01:01:29.744+0600][39.843s][info][gc,ref      ] GC(20) Final: 3 encountered, 1 discovered, 0 enqueued
[2026-04-03T01:01:29.744+0600][39.843s][info][gc,ref      ] GC(20) Phantom: 56 encountered, 36 discovered, 0 enqueued
[2026-04-03T01:01:29.744+0600][39.843s][info][gc,reloc    ] GC(20) Small Pages: 1100 / 2200M, Empty: 0M, Relocated: 38M, In-Place: 3
[2026-04-03T01:01:29.744+0600][39.843s][info][gc,reloc    ] GC(20) Medium Pages: 1 / 32M, Empty: 0M, Relocated: 0M, In-Place: 0
[2026-04-03T01:01:29.744+0600][39.843s][info][gc,reloc    ] GC(20) Large Pages: 1 / 6M, Empty: 0M, Relocated: 0M, In-Place: 0
[2026-04-03T01:01:29.744+0600][39.843s][info][gc,reloc    ] GC(20) Forwarding Usage: 12M
[2026-04-03T01:01:29.744+0600][39.843s][info][gc,heap     ] GC(20) Min Capacity: 8M(0%)
[2026-04-03T01:01:29.744+0600][39.843s][info][gc,heap     ] GC(20) Max Capacity: 3922M(100%)
[2026-04-03T01:01:29.744+0600][39.843s][info][gc,heap     ] GC(20) Soft Max Capacity: 3922M(100%)
[2026-04-03T01:01:29.744+0600][39.843s][info][gc,heap     ] GC(20)                Mark Start          Mark End        Relocate Start      Relocate End           High               Low         
[2026-04-03T01:01:29.744+0600][39.843s][info][gc,heap     ] GC(20)  Capacity:     3922M (100%)       3922M (100%)       3922M (100%)       3922M (100%)       3922M (100%)       3922M (100%)   
[2026-04-03T01:01:29.744+0600][39.843s][info][gc,heap     ] GC(20)      Free:     1684M (43%)           0M (0%)            0M (0%)         1432M (37%)        1684M (43%)           0M (0%)     
[2026-04-03T01:01:29.744+0600][39.843s][info][gc,heap     ] GC(20)      Used:     2238M (57%)        3922M (100%)       3922M (100%)       2490M (63%)        3922M (100%)       2238M (57%)    
[2026-04-03T01:01:29.744+0600][39.843s][info][gc,heap     ] GC(20)      Live:         -               666M (17%)         666M (17%)         666M (17%)            -                  -          
[2026-04-03T01:01:29.744+0600][39.843s][info][gc,heap     ] GC(20) Allocated:         -              1684M (43%)        1684M (43%)        1731M (44%)            -                  -          
[2026-04-03T01:01:29.744+0600][39.843s][info][gc,heap     ] GC(20)   Garbage:         -              1571M (40%)        1571M (40%)          92M (2%)             -                  -          
[2026-04-03T01:01:29.744+0600][39.843s][info][gc,heap     ] GC(20) Reclaimed:         -                  -                 0M (0%)         1479M (38%)            -                  -          
[2026-04-03T01:01:29.744+0600][39.843s][info][gc          ] GC(20) Garbage Collection (Allocation Stall) 2238M(57%)->2490M(63%)
[2026-04-03T01:01:29.757+0600][39.856s][info][gc,start    ] GC(21) Garbage Collection (Allocation Stall)
[2026-04-03T01:01:29.757+0600][39.856s][info][gc,ref      ] GC(21) Clearing All SoftReferences
[2026-04-03T01:01:29.757+0600][39.856s][info][gc,task     ] GC(21) Using 3 workers
[2026-04-03T01:01:29.758+0600][39.857s][info][gc,ref      ] GC(21) Clearing All SoftReferences
[2026-04-03T01:01:29.758+0600][39.857s][info][gc,phases   ] GC(21) Pause Mark Start 0.116ms
[2026-04-03T01:01:30.058+0600][40.156s][info][gc,stats    ] === Garbage Collection Statistics =======================================================================================================================
[2026-04-03T01:01:30.058+0600][40.156s][info][gc,stats    ]                                                              Last 10s              Last 10m              Last 10h                Total
[2026-04-03T01:01:30.058+0600][40.156s][info][gc,stats    ]                                                              Avg / Max             Avg / Max             Avg / Max             Avg / Max
[2026-04-03T01:01:30.058+0600][40.156s][info][gc,stats    ]   Collector: Garbage Collection Cycle                   1579.742 / 1641.743   1069.155 / 1908.620   1069.155 / 1908.620   1069.155 / 1908.620    ms
[2026-04-03T01:01:30.058+0600][40.156s][info][gc,stats    ]  Contention: Mark Segment Reset Contention                     2 / 6                 2 / 12                2 / 12                2 / 12          ops/s
[2026-04-03T01:01:30.058+0600][40.156s][info][gc,stats    ]  Contention: Mark SeqNum Reset Contention                      0 / 1                 0 / 2                 0 / 2                 0 / 2           ops/s
[2026-04-03T01:01:30.058+0600][40.156s][info][gc,stats    ]    Critical: Allocation Stall                                  6 / 12                1 / 12                1 / 12                1 / 12          ops/s
[2026-04-03T01:01:30.058+0600][40.156s][info][gc,stats    ]    Critical: Allocation Stall                            255.670 / 425.987     255.670 / 425.987     255.670 / 425.987     255.670 / 425.987     ms
[2026-04-03T01:01:30.058+0600][40.156s][info][gc,stats    ]    Critical: GC Locker Stall                                   0 / 0                 0 / 0                 0 / 0                 0 / 0           ops/s
[2026-04-03T01:01:30.058+0600][40.156s][info][gc,stats    ]    Critical: GC Locker Stall                               0.000 / 0.000         0.000 / 0.000         0.000 / 0.000         0.000 / 0.000       ms
[2026-04-03T01:01:30.058+0600][40.157s][info][gc,stats    ]    Critical: Relocation Stall                                  4 / 8                 1 / 8                 1 / 8                 1 / 8           ops/s
[2026-04-03T01:01:30.058+0600][40.157s][info][gc,stats    ]    Critical: Relocation Stall                             27.165 / 65.734       27.165 / 65.734       27.165 / 65.734       27.165 / 65.734      ms
[2026-04-03T01:01:30.058+0600][40.157s][info][gc,stats    ]      Memory: Allocation Rate                                1035 / 1276            868 / 1388            868 / 1388            868 / 1388        MB/s
[2026-04-03T01:01:30.058+0600][40.157s][info][gc,stats    ]      Memory: Defragment                                        0 / 0                 1 / 33                1 / 33                1 / 33          ops/s
[2026-04-03T01:01:30.058+0600][40.157s][info][gc,stats    ]      Memory: Out Of Memory                                     0 / 0                 0 / 0                 0 / 0                 0 / 0           ops/s
[2026-04-03T01:01:30.058+0600][40.157s][info][gc,stats    ]      Memory: Page Cache Flush                                  0 / 0                 2 / 66                2 / 66                2 / 66          MB/s
[2026-04-03T01:01:30.058+0600][40.157s][info][gc,stats    ]      Memory: Page Cache Hit L1                               529 / 663             400 / 694             400 / 694             400 / 694         ops/s
[2026-04-03T01:01:30.058+0600][40.157s][info][gc,stats    ]      Memory: Page Cache Hit L2                                 0 / 0                 0 / 0                 0 / 0                 0 / 0           ops/s
[2026-04-03T01:01:30.058+0600][40.157s][info][gc,stats    ]      Memory: Page Cache Hit L3                                 0 / 0                 4 / 92                4 / 92                4 / 92          ops/s
[2026-04-03T01:01:30.058+0600][40.157s][info][gc,stats    ]      Memory: Page Cache Miss                                   2 / 22               44 / 336              44 / 336              44 / 336         ops/s
[2026-04-03T01:01:30.058+0600][40.157s][info][gc,stats    ]      Memory: Uncommit                                          0 / 0                 0 / 0                 0 / 0                 0 / 0           MB/s
[2026-04-03T01:01:30.058+0600][40.157s][info][gc,stats    ]      Memory: Undo Object Allocation Failed                     0 / 0                 0 / 1                 0 / 1                 0 / 1           ops/s
[2026-04-03T01:01:30.058+0600][40.157s][info][gc,stats    ]      Memory: Undo Object Allocation Succeeded                  3 / 24                1 / 24                1 / 24                1 / 24          ops/s
[2026-04-03T01:01:30.058+0600][40.157s][info][gc,stats    ]      Memory: Undo Page Allocation                              3 / 7                 1 / 28                1 / 28                1 / 28          ops/s
[2026-04-03T01:01:30.058+0600][40.157s][info][gc,stats    ]       Phase: Concurrent Mark                            1516.390 / 1590.555    958.713 / 1787.432    958.713 / 1787.432    958.713 / 1787.432    ms
[2026-04-03T01:01:30.058+0600][40.157s][info][gc,stats    ]       Phase: Concurrent Mark Continue                      0.000 / 0.000         0.000 / 0.000         0.000 / 0.000         0.000 / 0.000       ms
[2026-04-03T01:01:30.058+0600][40.157s][info][gc,stats    ]       Phase: Concurrent Mark Free                          0.003 / 0.005         0.003 / 0.005         0.003 / 0.005         0.003 / 0.005       ms
[2026-04-03T01:01:30.058+0600][40.157s][info][gc,stats    ]       Phase: Concurrent Process Non-Strong References      3.932 / 6.209         4.630 / 19.845        4.630 / 19.845        4.630 / 19.845      ms
[2026-04-03T01:01:30.058+0600][40.157s][info][gc,stats    ]       Phase: Concurrent Relocate                          51.020 / 67.047       93.246 / 360.208      93.246 / 360.208      93.246 / 360.208     ms
[2026-04-03T01:01:30.058+0600][40.157s][info][gc,stats    ]       Phase: Concurrent Reset Relocation Set               0.045 / 0.061         0.055 / 0.194         0.055 / 0.194         0.055 / 0.194       ms
[2026-04-03T01:01:30.058+0600][40.157s][info][gc,stats    ]       Phase: Concurrent Select Relocation Set              5.473 / 8.281         9.891 / 31.543        9.891 / 31.543        9.891 / 31.543      ms
[2026-04-03T01:01:30.058+0600][40.157s][info][gc,stats    ]       Phase: Pause Mark End                                0.020 / 0.025         0.025 / 0.054         0.025 / 0.054         0.025 / 0.054       ms
[2026-04-03T01:01:30.058+0600][40.157s][info][gc,stats    ]       Phase: Pause Mark Start                              0.102 / 0.130         0.036 / 0.130         0.036 / 0.130         0.036 / 0.130       ms
[2026-04-03T01:01:30.058+0600][40.157s][info][gc,stats    ]       Phase: Pause Relocate Start                          0.016 / 0.032         0.018 / 0.046         0.018 / 0.046         0.018 / 0.046       ms
[2026-04-03T01:01:30.058+0600][40.157s][info][gc,stats    ]    Subphase: Concurrent Classes Purge                      0.120 / 0.273         0.210 / 0.946         0.210 / 0.946         0.210 / 0.946       ms
[2026-04-03T01:01:30.058+0600][40.157s][info][gc,stats    ]    Subphase: Concurrent Classes Unlink                     3.160 / 5.216         3.008 / 9.089         3.008 / 9.089         3.008 / 9.089       ms
[2026-04-03T01:01:30.058+0600][40.157s][info][gc,stats    ]    Subphase: Concurrent Mark                            1513.321 / 1589.844    961.977 / 1786.161    961.977 / 1786.161    961.977 / 1786.161    ms
[2026-04-03T01:01:30.058+0600][40.157s][info][gc,stats    ]    Subphase: Concurrent Mark Try Flush                     0.193 / 0.286         0.752 / 14.667        0.752 / 14.667        0.752 / 14.667      ms
[2026-04-03T01:01:30.058+0600][40.157s][info][gc,stats    ]    Subphase: Concurrent Mark Try Terminate                 0.623 / 1.281         1.113 / 14.671        1.113 / 14.671        1.113 / 14.671      ms
[2026-04-03T01:01:30.058+0600][40.157s][info][gc,stats    ]    Subphase: Concurrent References Enqueue                 0.001 / 0.003         0.002 / 0.016         0.002 / 0.016         0.002 / 0.016       ms
[2026-04-03T01:01:30.058+0600][40.157s][info][gc,stats    ]    Subphase: Concurrent References Process                 0.150 / 0.248         0.162 / 0.331         0.162 / 0.331         0.162 / 0.331       ms
[2026-04-03T01:01:30.058+0600][40.157s][info][gc,stats    ]    Subphase: Concurrent Roots ClassLoaderDataGraph         0.174 / 0.488         0.135 / 0.632         0.135 / 0.632         0.135 / 0.632       ms
[2026-04-03T01:01:30.058+0600][40.157s][info][gc,stats    ]    Subphase: Concurrent Roots CodeCache                    0.000 / 0.000         0.000 / 0.000         0.000 / 0.000         0.000 / 0.000       ms
[2026-04-03T01:01:30.058+0600][40.157s][info][gc,stats    ]    Subphase: Concurrent Roots JavaThreads                  0.420 / 3.339         0.223 / 3.339         0.223 / 3.339         0.223 / 3.339       ms
[2026-04-03T01:01:30.058+0600][40.157s][info][gc,stats    ]    Subphase: Concurrent Roots OopStorageSet                0.041 / 0.072         0.695 / 8.433         0.695 / 8.433         0.695 / 8.433       ms
[2026-04-03T01:01:30.058+0600][40.157s][info][gc,stats    ]    Subphase: Concurrent Weak Roots OopStorageSet           0.181 / 0.223         0.240 / 1.044         0.240 / 1.044         0.240 / 1.044       ms
[2026-04-03T01:01:30.058+0600][40.157s][info][gc,stats    ]    Subphase: Pause Mark Try Complete                       0.000 / 0.000         0.000 / 0.000         0.000 / 0.000         0.000 / 0.000       ms
[2026-04-03T01:01:30.058+0600][40.157s][info][gc,stats    ]      System: Java Threads                                     22 / 24               15 / 24               15 / 24               15 / 24          threads
[2026-04-03T01:01:30.058+0600][40.157s][info][gc,stats    ] =========================================================================================================================================================
[2026-04-03T01:01:31.145+0600][41.243s][info][gc,phases   ] GC(21) Concurrent Mark 1386.639ms
[2026-04-03T01:01:31.145+0600][41.244s][info][gc,phases   ] GC(21) Pause Mark End 0.020ms
[2026-04-03T01:01:31.145+0600][41.244s][info][gc,phases   ] GC(21) Concurrent Mark Free 0.003ms
[2026-04-03T01:01:31.149+0600][41.247s][info][gc,phases   ] GC(21) Concurrent Process Non-Strong References 3.338ms
[2026-04-03T01:01:31.149+0600][41.247s][info][gc,phases   ] GC(21) Concurrent Reset Relocation Set 0.040ms
[2026-04-03T01:01:31.154+0600][41.253s][info][gc,phases   ] GC(21) Concurrent Select Relocation Set 5.369ms
[2026-04-03T01:01:31.154+0600][41.253s][info][gc,phases   ] GC(21) Pause Relocate Start 0.013ms
[2026-04-03T01:01:31.154+0600][41.253s][info][gc          ] Allocation Stall (OE_Thread:8) 312.514ms
[2026-04-03T01:01:31.155+0600][41.253s][info][gc          ] Allocation Stall (OE_Thread:0) 307.405ms
[2026-04-03T01:01:31.155+0600][41.253s][info][gc          ] Allocation Stall (OE_Thread:11) 310.379ms
[2026-04-03T01:01:31.173+0600][41.272s][info][gc          ] Relocation Stall (OE_Thread:1) 18.481ms
[2026-04-03T01:01:31.173+0600][41.272s][info][gc          ] Allocation Stall (OE_Thread:1) 326.107ms
[2026-04-03T01:01:31.181+0600][41.279s][info][gc          ] Relocation Stall (OE_Thread:2) 26.274ms
[2026-04-03T01:01:31.181+0600][41.279s][info][gc          ] Allocation Stall (OE_Thread:2) 333.999ms
[2026-04-03T01:01:31.207+0600][41.305s][info][gc,phases   ] GC(21) Concurrent Relocate 52.571ms
[2026-04-03T01:01:31.207+0600][41.306s][info][gc,load     ] GC(21) Load: 9.07/4.29/2.40
[2026-04-03T01:01:31.207+0600][41.306s][info][gc,mmu      ] GC(21) MMU: 2ms/93.5%, 5ms/97.4%, 10ms/98.7%, 20ms/99.4%, 50ms/99.7%, 100ms/99.9%
[2026-04-03T01:01:31.207+0600][41.306s][info][gc,marking  ] GC(21) Mark: 2 stripe(s), 2 proactive flush(es), 1 terminate flush(es), 0 completion(s), 0 continuation(s) 
[2026-04-03T01:01:31.207+0600][41.306s][info][gc,marking  ] GC(21) Mark Stack Usage: 32M
[2026-04-03T01:01:31.207+0600][41.306s][info][gc,nmethod  ] GC(21) NMethods: 2575 registered, 733 unregistered
[2026-04-03T01:01:31.207+0600][41.306s][info][gc,metaspace] GC(21) Metaspace: 9M used, 10M committed, 1088M reserved
[2026-04-03T01:01:31.207+0600][41.306s][info][gc,ref      ] GC(21) Soft: 127 encountered, 60 discovered, 0 enqueued
[2026-04-03T01:01:31.207+0600][41.306s][info][gc,ref      ] GC(21) Weak: 457 encountered, 63 discovered, 0 enqueued
[2026-04-03T01:01:31.207+0600][41.306s][info][gc,ref      ] GC(21) Final: 3 encountered, 2 discovered, 0 enqueued
[2026-04-03T01:01:31.207+0600][41.306s][info][gc,ref      ] GC(21) Phantom: 56 encountered, 30 discovered, 0 enqueued
[2026-04-03T01:01:31.207+0600][41.306s][info][gc,reloc    ] GC(21) Small Pages: 1237 / 2474M, Empty: 0M, Relocated: 55M, In-Place: 3
[2026-04-03T01:01:31.207+0600][41.306s][info][gc,reloc    ] GC(21) Medium Pages: 1 / 32M, Empty: 0M, Relocated: 0M, In-Place: 0
[2026-04-03T01:01:31.207+0600][41.306s][info][gc,reloc    ] GC(21) Large Pages: 1 / 6M, Empty: 0M, Relocated: 0M, In-Place: 0
[2026-04-03T01:01:31.207+0600][41.306s][info][gc,reloc    ] GC(21) Forwarding Usage: 19M
[2026-04-03T01:01:31.207+0600][41.306s][info][gc,heap     ] GC(21) Min Capacity: 8M(0%)
[2026-04-03T01:01:31.207+0600][41.306s][info][gc,heap     ] GC(21) Max Capacity: 3922M(100%)
[2026-04-03T01:01:31.207+0600][41.306s][info][gc,heap     ] GC(21) Soft Max Capacity: 3922M(100%)
[2026-04-03T01:01:31.207+0600][41.306s][info][gc,heap     ] GC(21)                Mark Start          Mark End        Relocate Start      Relocate End           High               Low         
[2026-04-03T01:01:31.207+0600][41.306s][info][gc,heap     ] GC(21)  Capacity:     3922M (100%)       3922M (100%)       3922M (100%)       3922M (100%)       3922M (100%)       3922M (100%)   
[2026-04-03T01:01:31.207+0600][41.306s][info][gc,heap     ] GC(21)      Free:     1410M (36%)           0M (0%)            0M (0%)         1692M (43%)        1710M (44%)           0M (0%)     
[2026-04-03T01:01:31.207+0600][41.306s][info][gc,heap     ] GC(21)      Used:     2512M (64%)        3922M (100%)       3922M (100%)       2230M (57%)        3922M (100%)       2212M (56%)    
[2026-04-03T01:01:31.207+0600][41.306s][info][gc,heap     ] GC(21)      Live:         -               675M (17%)         675M (17%)         675M (17%)            -                  -          
[2026-04-03T01:01:31.207+0600][41.306s][info][gc,heap     ] GC(21) Allocated:         -              1410M (36%)        1410M (36%)        1459M (37%)            -                  -          
[2026-04-03T01:01:31.207+0600][41.306s][info][gc,heap     ] GC(21)   Garbage:         -              1836M (47%)        1836M (47%)          95M (2%)             -                  -          
[2026-04-03T01:01:31.207+0600][41.306s][info][gc,heap     ] GC(21) Reclaimed:         -                  -                 0M (0%)         1741M (44%)            -                  -          
[2026-04-03T01:01:31.207+0600][41.306s][info][gc          ] GC(21) Garbage Collection (Allocation Stall) 2512M(64%)->2230M(57%)
[2026-04-03T01:01:31.257+0600][41.356s][info][gc,start    ] GC(22) Garbage Collection (Allocation Stall)
[2026-04-03T01:01:31.258+0600][41.356s][info][gc,ref      ] GC(22) Clearing All SoftReferences
[2026-04-03T01:01:31.258+0600][41.356s][info][gc,task     ] GC(22) Using 3 workers
[2026-04-03T01:01:31.258+0600][41.357s][info][gc,ref      ] GC(22) Clearing All SoftReferences
[2026-04-03T01:01:31.258+0600][41.357s][info][gc,phases   ] GC(22) Pause Mark Start 0.117ms
[2026-04-03T01:01:32.786+0600][42.885s][info][gc,phases   ] GC(22) Concurrent Mark 1527.667ms
[2026-04-03T01:01:32.786+0600][42.885s][info][gc,phases   ] GC(22) Pause Mark End 0.020ms
[2026-04-03T01:01:32.786+0600][42.885s][info][gc,phases   ] GC(22) Concurrent Mark Free 0.001ms
[2026-04-03T01:01:32.789+0600][42.888s][info][gc,phases   ] GC(22) Concurrent Process Non-Strong References 3.256ms
[2026-04-03T01:01:32.790+0600][42.888s][info][gc,phases   ] GC(22) Concurrent Reset Relocation Set 0.070ms
[2026-04-03T01:01:32.795+0600][42.893s][info][gc,phases   ] GC(22) Concurrent Select Relocation Set 4.955ms
[2026-04-03T01:01:32.795+0600][42.893s][info][gc,phases   ] GC(22) Pause Relocate Start 0.012ms
[2026-04-03T01:01:32.795+0600][42.894s][info][gc          ] Allocation Stall (OE_Thread:7) 243.408ms
[2026-04-03T01:01:32.795+0600][42.894s][info][gc          ] Allocation Stall (OE_Thread:9) 250.417ms
[2026-04-03T01:01:32.795+0600][42.894s][info][gc          ] Allocation Stall (OE_Thread:3) 249.871ms
[2026-04-03T01:01:32.795+0600][42.894s][info][gc          ] Allocation Stall (OE_Thread:10) 254.108ms
[2026-04-03T01:01:32.795+0600][42.894s][info][gc          ] Allocation Stall (OE_Thread:0) 249.063ms
[2026-04-03T01:01:32.795+0600][42.894s][info][gc          ] Allocation Stall (OE_Thread:1) 253.472ms
[2026-04-03T01:01:32.795+0600][42.894s][info][gc          ] Allocation Stall (OE_Thread:6) 249.357ms
[2026-04-03T01:01:32.819+0600][42.918s][info][gc          ] Relocation Stall (OE_Thread:4) 24.393ms
[2026-04-03T01:01:32.819+0600][42.918s][info][gc          ] Relocation Stall (OE_Thread:2) 24.359ms
[2026-04-03T01:01:32.820+0600][42.918s][info][gc          ] Allocation Stall (OE_Thread:4) 279.022ms
[2026-04-03T01:01:32.820+0600][42.918s][info][gc          ] Allocation Stall (OE_Thread:2) 278.847ms
[2026-04-03T01:01:32.820+0600][42.919s][info][gc          ] Relocation Stall (OE_Thread:11) 25.157ms
[2026-04-03T01:01:32.820+0600][42.919s][info][gc          ] Allocation Stall (OE_Thread:11) 279.670ms
[2026-04-03T01:01:32.823+0600][42.922s][info][gc          ] Relocation Stall (OE_Thread:5) 27.944ms
[2026-04-03T01:01:32.823+0600][42.922s][info][gc          ] Allocation Stall (OE_Thread:5) 275.415ms
[2026-04-03T01:01:32.832+0600][42.930s][info][gc          ] Relocation Stall (OE_Thread:8) 36.568ms
[2026-04-03T01:01:32.832+0600][42.930s][info][gc,phases   ] GC(22) Concurrent Relocate 36.769ms
[2026-04-03T01:01:32.832+0600][42.930s][info][gc          ] Allocation Stall (OE_Thread:8) 287.264ms
[2026-04-03T01:01:32.832+0600][42.931s][info][gc,load     ] GC(22) Load: 9.07/4.29/2.40
[2026-04-03T01:01:32.832+0600][42.931s][info][gc,mmu      ] GC(22) MMU: 2ms/93.5%, 5ms/97.4%, 10ms/98.7%, 20ms/99.4%, 50ms/99.7%, 100ms/99.9%
[2026-04-03T01:01:32.832+0600][42.931s][info][gc,marking  ] GC(22) Mark: 2 stripe(s), 2 proactive flush(es), 1 terminate flush(es), 0 completion(s), 0 continuation(s) 
[2026-04-03T01:01:32.832+0600][42.931s][info][gc,marking  ] GC(22) Mark Stack Usage: 32M
[2026-04-03T01:01:32.832+0600][42.931s][info][gc,nmethod  ] GC(22) NMethods: 2579 registered, 737 unregistered
[2026-04-03T01:01:32.832+0600][42.931s][info][gc,metaspace] GC(22) Metaspace: 9M used, 10M committed, 1088M reserved
[2026-04-03T01:01:32.832+0600][42.931s][info][gc,ref      ] GC(22) Soft: 127 encountered, 57 discovered, 0 enqueued
[2026-04-03T01:01:32.832+0600][42.931s][info][gc,ref      ] GC(22) Weak: 457 encountered, 22 discovered, 0 enqueued
[2026-04-03T01:01:32.832+0600][42.931s][info][gc,ref      ] GC(22) Final: 3 encountered, 2 discovered, 0 enqueued
[2026-04-03T01:01:32.832+0600][42.931s][info][gc,ref      ] GC(22) Phantom: 56 encountered, 28 discovered, 0 enqueued
[2026-04-03T01:01:32.832+0600][42.931s][info][gc,reloc    ] GC(22) Small Pages: 1139 / 2278M, Empty: 0M, Relocated: 36M, In-Place: 3
[2026-04-03T01:01:32.832+0600][42.931s][info][gc,reloc    ] GC(22) Medium Pages: 1 / 32M, Empty: 0M, Relocated: 0M, In-Place: 0
[2026-04-03T01:01:32.832+0600][42.931s][info][gc,reloc    ] GC(22) Large Pages: 1 / 6M, Empty: 0M, Relocated: 0M, In-Place: 0
[2026-04-03T01:01:32.832+0600][42.931s][info][gc,reloc    ] GC(22) Forwarding Usage: 11M
[2026-04-03T01:01:32.832+0600][42.931s][info][gc,heap     ] GC(22) Min Capacity: 8M(0%)
[2026-04-03T01:01:32.832+0600][42.931s][info][gc,heap     ] GC(22) Max Capacity: 3922M(100%)
[2026-04-03T01:01:32.832+0600][42.931s][info][gc,heap     ] GC(22) Soft Max Capacity: 3922M(100%)
[2026-04-03T01:01:32.832+0600][42.931s][info][gc,heap     ] GC(22)                Mark Start          Mark End        Relocate Start      Relocate End           High               Low         
[2026-04-03T01:01:32.832+0600][42.931s][info][gc,heap     ] GC(22)  Capacity:     3922M (100%)       3922M (100%)       3922M (100%)       3922M (100%)       3922M (100%)       3922M (100%)   
[2026-04-03T01:01:32.832+0600][42.931s][info][gc,heap     ] GC(22)      Free:     1606M (41%)           0M (0%)            0M (0%)         1472M (38%)        1606M (41%)           0M (0%)     
[2026-04-03T01:01:32.832+0600][42.931s][info][gc,heap     ] GC(22)      Used:     2316M (59%)        3922M (100%)       3922M (100%)       2450M (62%)        3922M (100%)       2316M (59%)    
[2026-04-03T01:01:32.832+0600][42.931s][info][gc,heap     ] GC(22)      Live:         -               682M (17%)         682M (17%)         682M (17%)            -                  -          
[2026-04-03T01:01:32.832+0600][42.931s][info][gc,heap     ] GC(22) Allocated:         -              1606M (41%)        1606M (41%)        1663M (42%)            -                  -          
[2026-04-03T01:01:32.832+0600][42.931s][info][gc,heap     ] GC(22)   Garbage:         -              1633M (42%)        1633M (42%)         104M (3%)             -                  -          
[2026-04-03T01:01:32.832+0600][42.931s][info][gc,heap     ] GC(22) Reclaimed:         -                  -                 0M (0%)         1529M (39%)            -                  -          
[2026-04-03T01:01:32.832+0600][42.931s][info][gc          ] GC(22) Garbage Collection (Allocation Stall) 2316M(59%)->2450M(62%)
[2026-04-03T01:01:32.857+0600][42.955s][info][gc,start    ] GC(23) Garbage Collection (Allocation Stall)
[2026-04-03T01:01:32.857+0600][42.955s][info][gc,ref      ] GC(23) Clearing All SoftReferences
[2026-04-03T01:01:32.857+0600][42.955s][info][gc,task     ] GC(23) Using 3 workers
[2026-04-03T01:01:32.857+0600][42.956s][info][gc,ref      ] GC(23) Clearing All SoftReferences
[2026-04-03T01:01:32.857+0600][42.956s][info][gc,phases   ] GC(23) Pause Mark Start 0.041ms
[2026-04-03T01:01:34.358+0600][44.457s][info][gc,phases   ] GC(23) Concurrent Mark 1501.214ms
[2026-04-03T01:01:34.359+0600][44.457s][info][gc,phases   ] GC(23) Pause Mark End 0.020ms
[2026-04-03T01:01:34.359+0600][44.457s][info][gc,phases   ] GC(23) Concurrent Mark Free 0.002ms
[2026-04-03T01:01:34.361+0600][44.460s][info][gc,phases   ] GC(23) Concurrent Process Non-Strong References 2.611ms
[2026-04-03T01:01:34.361+0600][44.460s][info][gc,phases   ] GC(23) Concurrent Reset Relocation Set 0.040ms
[2026-04-03T01:01:34.367+0600][44.466s][info][gc,phases   ] GC(23) Concurrent Select Relocation Set 5.995ms
[2026-04-03T01:01:34.368+0600][44.466s][info][gc,phases   ] GC(23) Pause Relocate Start 0.010ms
[2026-04-03T01:01:34.368+0600][44.467s][info][gc          ] Allocation Stall (OE_Thread:2) 380.490ms
[2026-04-03T01:01:34.368+0600][44.467s][info][gc          ] Allocation Stall (OE_Thread:3) 378.328ms
[2026-04-03T01:01:34.368+0600][44.467s][info][gc          ] Allocation Stall (OE_Thread:9) 387.720ms
[2026-04-03T01:01:34.368+0600][44.467s][info][gc          ] Allocation Stall (OE_Thread:5) 382.895ms
[2026-04-03T01:01:34.368+0600][44.467s][info][gc          ] Allocation Stall (OE_Thread:0) 385.530ms
[2026-04-03T01:01:34.368+0600][44.467s][info][gc          ] Allocation Stall (OE_Thread:10) 380.908ms
[2026-04-03T01:01:34.368+0600][44.467s][info][gc          ] Allocation Stall (OE_Thread:7) 387.027ms
[2026-04-03T01:01:34.368+0600][44.467s][info][gc          ] Allocation Stall (OE_Thread:8) 385.320ms
[2026-04-03T01:01:34.388+0600][44.487s][info][gc          ] Relocation Stall (OE_Thread:1) 20.202ms
[2026-04-03T01:01:34.388+0600][44.487s][info][gc          ] Allocation Stall (OE_Thread:1) 400.326ms
[2026-04-03T01:01:34.390+0600][44.488s][info][gc          ] Relocation Stall (OE_Thread:4) 21.951ms
[2026-04-03T01:01:34.390+0600][44.488s][info][gc          ] Allocation Stall (OE_Thread:4) 412.720ms
[2026-04-03T01:01:34.390+0600][44.489s][info][gc          ] Relocation Stall (OE_Thread:6) 22.240ms
[2026-04-03T01:01:34.390+0600][44.489s][info][gc          ] Allocation Stall (OE_Thread:6) 407.540ms
[2026-04-03T01:01:34.422+0600][44.521s][info][gc,phases   ] GC(23) Concurrent Relocate 54.324ms
[2026-04-03T01:01:34.422+0600][44.521s][info][gc,load     ] GC(23) Load: 9.54/4.47/2.47
[2026-04-03T01:01:34.422+0600][44.521s][info][gc,mmu      ] GC(23) MMU: 2ms/93.5%, 5ms/97.4%, 10ms/98.7%, 20ms/99.4%, 50ms/99.7%, 100ms/99.9%
[2026-04-03T01:01:34.422+0600][44.521s][info][gc,marking  ] GC(23) Mark: 2 stripe(s), 2 proactive flush(es), 1 terminate flush(es), 0 completion(s), 0 continuation(s) 
[2026-04-03T01:01:34.422+0600][44.521s][info][gc,marking  ] GC(23) Mark Stack Usage: 32M
[2026-04-03T01:01:34.422+0600][44.521s][info][gc,nmethod  ] GC(23) NMethods: 2576 registered, 742 unregistered
[2026-04-03T01:01:34.422+0600][44.521s][info][gc,metaspace] GC(23) Metaspace: 9M used, 10M committed, 1088M reserved
[2026-04-03T01:01:34.422+0600][44.521s][info][gc,ref      ] GC(23) Soft: 127 encountered, 50 discovered, 0 enqueued
[2026-04-03T01:01:34.422+0600][44.521s][info][gc,ref      ] GC(23) Weak: 457 encountered, 65 discovered, 0 enqueued
[2026-04-03T01:01:34.422+0600][44.521s][info][gc,ref      ] GC(23) Final: 3 encountered, 1 discovered, 0 enqueued
[2026-04-03T01:01:34.422+0600][44.521s][info][gc,ref      ] GC(23) Phantom: 56 encountered, 34 discovered, 0 enqueued
[2026-04-03T01:01:34.422+0600][44.521s][info][gc,reloc    ] GC(23) Small Pages: 1224 / 2448M, Empty: 0M, Relocated: 57M, In-Place: 3
[2026-04-03T01:01:34.422+0600][44.521s][info][gc,reloc    ] GC(23) Medium Pages: 1 / 32M, Empty: 0M, Relocated: 0M, In-Place: 0
[2026-04-03T01:01:34.422+0600][44.521s][info][gc,reloc    ] GC(23) Large Pages: 1 / 6M, Empty: 0M, Relocated: 0M, In-Place: 0
[2026-04-03T01:01:34.422+0600][44.521s][info][gc,reloc    ] GC(23) Forwarding Usage: 21M
[2026-04-03T01:01:34.422+0600][44.521s][info][gc,heap     ] GC(23) Min Capacity: 8M(0%)
[2026-04-03T01:01:34.422+0600][44.521s][info][gc,heap     ] GC(23) Max Capacity: 3922M(100%)
[2026-04-03T01:01:34.422+0600][44.521s][info][gc,heap     ] GC(23) Soft Max Capacity: 3922M(100%)
[2026-04-03T01:01:34.422+0600][44.521s][info][gc,heap     ] GC(23)                Mark Start          Mark End        Relocate Start      Relocate End           High               Low         
[2026-04-03T01:01:34.422+0600][44.521s][info][gc,heap     ] GC(23)  Capacity:     3922M (100%)       3922M (100%)       3922M (100%)       3922M (100%)       3922M (100%)       3922M (100%)   
[2026-04-03T01:01:34.422+0600][44.521s][info][gc,heap     ] GC(23)      Free:     1436M (37%)           0M (0%)            0M (0%)         1638M (42%)        1654M (42%)           0M (0%)     
[2026-04-03T01:01:34.423+0600][44.521s][info][gc,heap     ] GC(23)      Used:     2486M (63%)        3922M (100%)       3922M (100%)       2284M (58%)        3922M (100%)       2268M (58%)    
[2026-04-03T01:01:34.423+0600][44.521s][info][gc,heap     ] GC(23)      Live:         -               690M (18%)         690M (18%)         690M (18%)            -                  -          
[2026-04-03T01:01:34.423+0600][44.521s][info][gc,heap     ] GC(23) Allocated:         -              1436M (37%)        1436M (37%)        1489M (38%)            -                  -          
[2026-04-03T01:01:34.423+0600][44.521s][info][gc,heap     ] GC(23)   Garbage:         -              1795M (46%)        1795M (46%)         103M (3%)             -                  -          
[2026-04-03T01:01:34.423+0600][44.521s][info][gc,heap     ] GC(23) Reclaimed:         -                  -                 0M (0%)         1691M (43%)            -                  -          
[2026-04-03T01:01:34.423+0600][44.521s][info][gc          ] GC(23) Garbage Collection (Allocation Stall) 2486M(63%)->2284M(58%)
[2026-04-03T01:01:34.459+0600][44.557s][info][gc,start    ] GC(24) Garbage Collection (Allocation Stall)
[2026-04-03T01:01:34.459+0600][44.557s][info][gc,ref      ] GC(24) Clearing All SoftReferences
[2026-04-03T01:01:34.459+0600][44.558s][info][gc,task     ] GC(24) Using 3 workers
[2026-04-03T01:01:34.459+0600][44.558s][info][gc,ref      ] GC(24) Clearing All SoftReferences
[2026-04-03T01:01:34.459+0600][44.558s][info][gc,phases   ] GC(24) Pause Mark Start 0.106ms
[2026-04-03T01:01:36.017+0600][46.116s][info][gc,phases   ] GC(24) Concurrent Mark 1557.387ms
[2026-04-03T01:01:36.017+0600][46.116s][info][gc,phases   ] GC(24) Pause Mark End 0.021ms
[2026-04-03T01:01:36.017+0600][46.116s][info][gc,phases   ] GC(24) Concurrent Mark Free 0.004ms
[2026-04-03T01:01:36.020+0600][46.119s][info][gc,phases   ] GC(24) Concurrent Process Non-Strong References 2.957ms
[2026-04-03T01:01:36.020+0600][46.119s][info][gc,phases   ] GC(24) Concurrent Reset Relocation Set 0.048ms
[2026-04-03T01:01:36.025+0600][46.123s][info][gc,phases   ] GC(24) Concurrent Select Relocation Set 4.161ms
[2026-04-03T01:01:36.025+0600][46.123s][info][gc,phases   ] GC(24) Pause Relocate Start 0.012ms
[2026-04-03T01:01:36.025+0600][46.124s][info][gc          ] Allocation Stall (OE_Thread:0) 343.339ms
[2026-04-03T01:01:36.025+0600][46.124s][info][gc          ] Allocation Stall (OE_Thread:9) 341.155ms
[2026-04-03T01:01:36.025+0600][46.124s][info][gc          ] Allocation Stall (OE_Thread:7) 338.672ms
[2026-04-03T01:01:36.025+0600][46.124s][info][gc          ] Allocation Stall (OE_Thread:4) 334.274ms
[2026-04-03T01:01:36.034+0600][46.132s][info][gc          ] Relocation Stall (OE_Thread:8) 8.379ms
[2026-04-03T01:01:36.034+0600][46.132s][info][gc          ] Allocation Stall (OE_Thread:8) 346.842ms
[2026-04-03T01:01:36.050+0600][46.149s][info][gc          ] Relocation Stall (OE_Thread:11) 25.017ms
[2026-04-03T01:01:36.050+0600][46.149s][info][gc          ] Allocation Stall (OE_Thread:11) 366.681ms
[2026-04-03T01:01:36.050+0600][46.149s][info][gc          ] Relocation Stall (OE_Thread:2) 25.027ms
[2026-04-03T01:01:36.051+0600][46.149s][info][gc          ] Relocation Stall (OE_Thread:5) 25.366ms
[2026-04-03T01:01:36.051+0600][46.149s][info][gc          ] Allocation Stall (OE_Thread:2) 368.382ms
[2026-04-03T01:01:36.051+0600][46.149s][info][gc          ] Allocation Stall (OE_Thread:5) 360.176ms
[2026-04-03T01:01:36.051+0600][46.150s][info][gc          ] Relocation Stall (OE_Thread:10) 26.104ms
[2026-04-03T01:01:36.051+0600][46.150s][info][gc          ] Allocation Stall (OE_Thread:10) 371.358ms
[2026-04-03T01:01:36.054+0600][46.153s][info][gc          ] Relocation Stall (OE_Thread:1) 28.837ms
[2026-04-03T01:01:36.054+0600][46.153s][info][gc          ] Allocation Stall (OE_Thread:1) 364.011ms
[2026-04-03T01:01:36.055+0600][46.154s][info][gc          ] Relocation Stall (OE_Thread:6) 29.928ms
[2026-04-03T01:01:36.055+0600][46.154s][info][gc          ] Allocation Stall (OE_Thread:6) 366.669ms
[2026-04-03T01:01:36.067+0600][46.166s][info][gc,phases   ] GC(24) Concurrent Relocate 41.927ms
[2026-04-03T01:01:36.067+0600][46.166s][info][gc,load     ] GC(24) Load: 9.54/4.47/2.47
[2026-04-03T01:01:36.067+0600][46.166s][info][gc,mmu      ] GC(24) MMU: 2ms/93.5%, 5ms/97.4%, 10ms/98.7%, 20ms/99.4%, 50ms/99.7%, 100ms/99.9%
[2026-04-03T01:01:36.067+0600][46.166s][info][gc,marking  ] GC(24) Mark: 2 stripe(s), 2 proactive flush(es), 1 terminate flush(es), 0 completion(s), 0 continuation(s) 
[2026-04-03T01:01:36.067+0600][46.166s][info][gc,marking  ] GC(24) Mark Stack Usage: 32M
[2026-04-03T01:01:36.067+0600][46.166s][info][gc,nmethod  ] GC(24) NMethods: 2577 registered, 744 unregistered
[2026-04-03T01:01:36.067+0600][46.166s][info][gc,metaspace] GC(24) Metaspace: 9M used, 10M committed, 1088M reserved
[2026-04-03T01:01:36.067+0600][46.166s][info][gc,ref      ] GC(24) Soft: 127 encountered, 56 discovered, 0 enqueued
[2026-04-03T01:01:36.067+0600][46.166s][info][gc,ref      ] GC(24) Weak: 457 encountered, 63 discovered, 0 enqueued
[2026-04-03T01:01:36.067+0600][46.166s][info][gc,ref      ] GC(24) Final: 3 encountered, 2 discovered, 0 enqueued
[2026-04-03T01:01:36.067+0600][46.166s][info][gc,ref      ] GC(24) Phantom: 56 encountered, 33 discovered, 0 enqueued
[2026-04-03T01:01:36.067+0600][46.166s][info][gc,reloc    ] GC(24) Small Pages: 1153 / 2306M, Empty: 0M, Relocated: 41M, In-Place: 3
[2026-04-03T01:01:36.067+0600][46.166s][info][gc,reloc    ] GC(24) Medium Pages: 1 / 32M, Empty: 0M, Relocated: 0M, In-Place: 0
[2026-04-03T01:01:36.067+0600][46.166s][info][gc,reloc    ] GC(24) Large Pages: 1 / 6M, Empty: 0M, Relocated: 0M, In-Place: 0
[2026-04-03T01:01:36.067+0600][46.166s][info][gc,reloc    ] GC(24) Forwarding Usage: 13M
[2026-04-03T01:01:36.067+0600][46.166s][info][gc,heap     ] GC(24) Min Capacity: 8M(0%)
[2026-04-03T01:01:36.067+0600][46.166s][info][gc,heap     ] GC(24) Max Capacity: 3922M(100%)
[2026-04-03T01:01:36.067+0600][46.166s][info][gc,heap     ] GC(24) Soft Max Capacity: 3922M(100%)
[2026-04-03T01:01:36.067+0600][46.166s][info][gc,heap     ] GC(24)                Mark Start          Mark End        Relocate Start      Relocate End           High               Low         
[2026-04-03T01:01:36.067+0600][46.166s][info][gc,heap     ] GC(24)  Capacity:     3922M (100%)       3922M (100%)       3922M (100%)       3922M (100%)       3922M (100%)       3922M (100%)   
[2026-04-03T01:01:36.067+0600][46.166s][info][gc,heap     ] GC(24)      Free:     1578M (40%)           0M (0%)            0M (0%)         1486M (38%)        1578M (40%)           0M (0%)     
[2026-04-03T01:01:36.067+0600][46.166s][info][gc,heap     ] GC(24)      Used:     2344M (60%)        3922M (100%)       3922M (100%)       2436M (62%)        3922M (100%)       2344M (60%)    
[2026-04-03T01:01:36.067+0600][46.166s][info][gc,heap     ] GC(24)      Live:         -               698M (18%)         698M (18%)         698M (18%)            -                  -          
[2026-04-03T01:01:36.067+0600][46.166s][info][gc,heap     ] GC(24) Allocated:         -              1578M (40%)        1578M (40%)        1621M (41%)            -                  -          
[2026-04-03T01:01:36.067+0600][46.166s][info][gc,heap     ] GC(24)   Garbage:         -              1645M (42%)        1645M (42%)         115M (3%)             -                  -          
[2026-04-03T01:01:36.067+0600][46.166s][info][gc,heap     ] GC(24) Reclaimed:         -                  -                 0M (0%)         1529M (39%)            -                  -          
[2026-04-03T01:01:36.067+0600][46.166s][info][gc          ] GC(24) Garbage Collection (Allocation Stall) 2344M(60%)->2436M(62%)
[2026-04-03T01:01:36.157+0600][46.256s][info][gc,start    ] GC(25) Garbage Collection (Allocation Stall)
[2026-04-03T01:01:36.157+0600][46.256s][info][gc,ref      ] GC(25) Clearing All SoftReferences
[2026-04-03T01:01:36.157+0600][46.256s][info][gc,task     ] GC(25) Using 3 workers
[2026-04-03T01:01:36.158+0600][46.256s][info][gc,ref      ] GC(25) Clearing All SoftReferences
[2026-04-03T01:01:36.158+0600][46.256s][info][gc,phases   ] GC(25) Pause Mark Start 0.059ms
[2026-04-03T01:01:37.615+0600][47.714s][info][gc,phases   ] GC(25) Concurrent Mark 1457.620ms
[2026-04-03T01:01:37.616+0600][47.714s][info][gc,phases   ] GC(25) Pause Mark End 0.021ms
[2026-04-03T01:01:37.616+0600][47.714s][info][gc,phases   ] GC(25) Concurrent Mark Free 0.002ms
[2026-04-03T01:01:37.619+0600][47.717s][info][gc,phases   ] GC(25) Concurrent Process Non-Strong References 2.738ms
[2026-04-03T01:01:37.619+0600][47.717s][info][gc,phases   ] GC(25) Concurrent Reset Relocation Set 0.073ms
[2026-04-03T01:01:37.624+0600][47.723s][info][gc,phases   ] GC(25) Concurrent Select Relocation Set 5.519ms
[2026-04-03T01:01:37.624+0600][47.723s][info][gc,phases   ] GC(25) Pause Relocate Start 0.010ms
[2026-04-03T01:01:37.625+0600][47.723s][info][gc          ] Allocation Stall (OE_Thread:7) 451.305ms
[2026-04-03T01:01:37.625+0600][47.723s][info][gc          ] Allocation Stall (OE_Thread:5) 440.297ms
[2026-04-03T01:01:37.625+0600][47.723s][info][gc          ] Allocation Stall (OE_Thread:2) 444.139ms
[2026-04-03T01:01:37.646+0600][47.745s][info][gc          ] Relocation Stall (OE_Thread:9) 21.339ms
[2026-04-03T01:01:37.646+0600][47.745s][info][gc          ] Relocation Stall (OE_Thread:0) 21.423ms
[2026-04-03T01:01:37.646+0600][47.745s][info][gc          ] Relocation Stall (OE_Thread:6) 21.423ms
[2026-04-03T01:01:37.646+0600][47.745s][info][gc          ] Allocation Stall (OE_Thread:9) 463.354ms
[2026-04-03T01:01:37.646+0600][47.745s][info][gc          ] Allocation Stall (OE_Thread:6) 461.485ms
[2026-04-03T01:01:37.646+0600][47.745s][info][gc          ] Relocation Stall (OE_Thread:4) 21.492ms
[2026-04-03T01:01:37.646+0600][47.745s][info][gc          ] Allocation Stall (OE_Thread:4) 472.367ms
[2026-04-03T01:01:37.646+0600][47.745s][info][gc          ] Relocation Stall (OE_Thread:3) 21.477ms
[2026-04-03T01:01:37.646+0600][47.745s][info][gc          ] Allocation Stall (OE_Thread:0) 469.507ms
[2026-04-03T01:01:37.647+0600][47.745s][info][gc          ] Allocation Stall (OE_Thread:3) 466.890ms
[2026-04-03T01:01:37.646+0600][47.745s][info][gc          ] Relocation Stall (OE_Thread:1) 21.483ms
[2026-04-03T01:01:37.647+0600][47.745s][info][gc          ] Allocation Stall (OE_Thread:1) 469.093ms
[2026-04-03T01:01:37.650+0600][47.749s][info][gc          ] Relocation Stall (OE_Thread:11) 25.466ms
[2026-04-03T01:01:37.650+0600][47.749s][info][gc          ] Allocation Stall (OE_Thread:11) 475.956ms
[2026-04-03T01:01:37.665+0600][47.764s][info][gc          ] Relocation Stall (OE_Thread:8) 40.674ms
[2026-04-03T01:01:37.666+0600][47.764s][info][gc          ] Allocation Stall (OE_Thread:8) 488.242ms
[2026-04-03T01:01:37.669+0600][47.768s][info][gc,phases   ] GC(25) Concurrent Relocate 44.525ms
[2026-04-03T01:01:37.669+0600][47.768s][info][gc,load     ] GC(25) Load: 9.54/4.47/2.47
[2026-04-03T01:01:37.669+0600][47.768s][info][gc,mmu      ] GC(25) MMU: 2ms/93.5%, 5ms/97.4%, 10ms/98.7%, 20ms/99.4%, 50ms/99.7%, 100ms/99.9%
[2026-04-03T01:01:37.669+0600][47.768s][info][gc,marking  ] GC(25) Mark: 2 stripe(s), 2 proactive flush(es), 1 terminate flush(es), 0 completion(s), 0 continuation(s) 
[2026-04-03T01:01:37.669+0600][47.768s][info][gc,marking  ] GC(25) Mark Stack Usage: 32M
[2026-04-03T01:01:37.669+0600][47.768s][info][gc,nmethod  ] GC(25) NMethods: 2575 registered, 746 unregistered
[2026-04-03T01:01:37.669+0600][47.768s][info][gc,metaspace] GC(25) Metaspace: 9M used, 10M committed, 1088M reserved
[2026-04-03T01:01:37.669+0600][47.768s][info][gc,ref      ] GC(25) Soft: 127 encountered, 62 discovered, 0 enqueued
[2026-04-03T01:01:37.669+0600][47.768s][info][gc,ref      ] GC(25) Weak: 458 encountered, 237 discovered, 0 enqueued
[2026-04-03T01:01:37.669+0600][47.768s][info][gc,ref      ] GC(25) Final: 3 encountered, 0 discovered, 0 enqueued
[2026-04-03T01:01:37.669+0600][47.768s][info][gc,ref      ] GC(25) Phantom: 56 encountered, 31 discovered, 0 enqueued
[2026-04-03T01:01:37.669+0600][47.768s][info][gc,reloc    ] GC(25) Small Pages: 1274 / 2548M, Empty: 0M, Relocated: 55M, In-Place: 3
[2026-04-03T01:01:37.669+0600][47.768s][info][gc,reloc    ] GC(25) Medium Pages: 1 / 32M, Empty: 0M, Relocated: 0M, In-Place: 0
[2026-04-03T01:01:37.669+0600][47.768s][info][gc,reloc    ] GC(25) Large Pages: 1 / 6M, Empty: 0M, Relocated: 0M, In-Place: 0
[2026-04-03T01:01:37.669+0600][47.768s][info][gc,reloc    ] GC(25) Forwarding Usage: 19M
[2026-04-03T01:01:37.669+0600][47.768s][info][gc,heap     ] GC(25) Min Capacity: 8M(0%)
[2026-04-03T01:01:37.669+0600][47.768s][info][gc,heap     ] GC(25) Max Capacity: 3922M(100%)
[2026-04-03T01:01:37.669+0600][47.768s][info][gc,heap     ] GC(25) Soft Max Capacity: 3922M(100%)
[2026-04-03T01:01:37.669+0600][47.768s][info][gc,heap     ] GC(25)                Mark Start          Mark End        Relocate Start      Relocate End           High               Low         
[2026-04-03T01:01:37.669+0600][47.768s][info][gc,heap     ] GC(25)  Capacity:     3922M (100%)       3922M (100%)       3922M (100%)       3922M (100%)       3922M (100%)       3922M (100%)   
[2026-04-03T01:01:37.669+0600][47.768s][info][gc,heap     ] GC(25)      Free:     1336M (34%)           0M (0%)            0M (0%)         1730M (44%)        1732M (44%)           0M (0%)     
[2026-04-03T01:01:37.669+0600][47.768s][info][gc,heap     ] GC(25)      Used:     2586M (66%)        3922M (100%)       3922M (100%)       2192M (56%)        3922M (100%)       2190M (56%)    
[2026-04-03T01:01:37.669+0600][47.768s][info][gc,heap     ] GC(25)      Live:         -               707M (18%)         707M (18%)         707M (18%)            -                  -          
[2026-04-03T01:01:37.670+0600][47.768s][info][gc,heap     ] GC(25) Allocated:         -              1336M (34%)        1336M (34%)        1367M (35%)            -                  -          
[2026-04-03T01:01:37.670+0600][47.768s][info][gc,heap     ] GC(25)   Garbage:         -              1878M (48%)        1878M (48%)         116M (3%)             -                  -          
[2026-04-03T01:01:37.670+0600][47.768s][info][gc,heap     ] GC(25) Reclaimed:         -                  -                 0M (0%)         1761M (45%)            -                  -          
[2026-04-03T01:01:37.670+0600][47.768s][info][gc          ] GC(25) Garbage Collection (Allocation Stall) 2586M(66%)->2192M(56%)
[2026-04-03T01:01:37.757+0600][47.856s][info][gc,start    ] GC(26) Garbage Collection (Allocation Stall)
[2026-04-03T01:01:37.757+0600][47.856s][info][gc,ref      ] GC(26) Clearing All SoftReferences
[2026-04-03T01:01:37.757+0600][47.856s][info][gc,task     ] GC(26) Using 3 workers
[2026-04-03T01:01:37.757+0600][47.856s][info][gc,ref      ] GC(26) Clearing All SoftReferences
[2026-04-03T01:01:37.757+0600][47.856s][info][gc,phases   ] GC(26) Pause Mark Start 0.026ms
[2026-04-03T01:01:39.365+0600][49.464s][info][gc,phases   ] GC(26) Concurrent Mark 1607.761ms
[2026-04-03T01:01:39.365+0600][49.464s][info][gc,phases   ] GC(26) Pause Mark End 0.019ms
[2026-04-03T01:01:39.365+0600][49.464s][info][gc,phases   ] GC(26) Concurrent Mark Free 0.002ms
[2026-04-03T01:01:39.368+0600][49.467s][info][gc,phases   ] GC(26) Concurrent Process Non-Strong References 2.683ms
[2026-04-03T01:01:39.368+0600][49.467s][info][gc,phases   ] GC(26) Concurrent Reset Relocation Set 0.053ms
[2026-04-03T01:01:39.373+0600][49.472s][info][gc,phases   ] GC(26) Concurrent Select Relocation Set 4.723ms
[2026-04-03T01:01:39.373+0600][49.472s][info][gc,phases   ] GC(26) Pause Relocate Start 0.010ms
[2026-04-03T01:01:39.374+0600][49.472s][info][gc          ] Allocation Stall (OE_Thread:10) 340.765ms
[2026-04-03T01:01:39.374+0600][49.472s][info][gc          ] Allocation Stall (OE_Thread:1) 343.059ms
[2026-04-03T01:01:39.374+0600][49.472s][info][gc          ] Allocation Stall (OE_Thread:7) 343.785ms
[2026-04-03T01:01:39.374+0600][49.472s][info][gc          ] Allocation Stall (OE_Thread:9) 343.356ms
[2026-04-03T01:01:39.374+0600][49.472s][info][gc          ] Allocation Stall (OE_Thread:11) 337.821ms
[2026-04-03T01:01:39.391+0600][49.489s][info][gc          ] Relocation Stall (OE_Thread:6) 17.396ms
[2026-04-03T01:01:39.391+0600][49.489s][info][gc          ] Relocation Stall (OE_Thread:3) 17.355ms
[2026-04-03T01:01:39.391+0600][49.490s][info][gc          ] Relocation Stall (OE_Thread:2) 17.495ms
[2026-04-03T01:01:39.391+0600][49.490s][info][gc          ] Relocation Stall (OE_Thread:4) 17.438ms
[2026-04-03T01:01:39.391+0600][49.490s][info][gc          ] Allocation Stall (OE_Thread:3) 365.545ms
[2026-04-03T01:01:39.391+0600][49.490s][info][gc          ] Allocation Stall (OE_Thread:4) 357.367ms
[2026-04-03T01:01:39.391+0600][49.490s][info][gc          ] Relocation Stall (OE_Thread:5) 17.471ms
[2026-04-03T01:01:39.391+0600][49.490s][info][gc          ] Relocation Stall (OE_Thread:8) 17.531ms
[2026-04-03T01:01:39.391+0600][49.490s][info][gc          ] Relocation Stall (OE_Thread:0) 17.510ms
[2026-04-03T01:01:39.391+0600][49.490s][info][gc          ] Allocation Stall (OE_Thread:6) 363.652ms
[2026-04-03T01:01:39.391+0600][49.490s][info][gc          ] Allocation Stall (OE_Thread:0) 363.152ms
[2026-04-03T01:01:39.391+0600][49.490s][info][gc          ] Allocation Stall (OE_Thread:5) 361.283ms
[2026-04-03T01:01:39.391+0600][49.490s][info][gc          ] Allocation Stall (OE_Thread:2) 370.257ms
[2026-04-03T01:01:39.391+0600][49.490s][info][gc          ] Allocation Stall (OE_Thread:8) 363.733ms
[2026-04-03T01:01:39.436+0600][49.534s][info][gc,phases   ] GC(26) Concurrent Relocate 62.431ms
[2026-04-03T01:01:39.436+0600][49.535s][info][gc,load     ] GC(26) Load: 9.98/4.64/2.54
[2026-04-03T01:01:39.436+0600][49.535s][info][gc,mmu      ] GC(26) MMU: 2ms/93.5%, 5ms/97.4%, 10ms/98.7%, 20ms/99.4%, 50ms/99.7%, 100ms/99.9%
[2026-04-03T01:01:39.436+0600][49.535s][info][gc,marking  ] GC(26) Mark: 2 stripe(s), 2 proactive flush(es), 1 terminate flush(es), 0 completion(s), 0 continuation(s) 
[2026-04-03T01:01:39.436+0600][49.535s][info][gc,marking  ] GC(26) Mark Stack Usage: 32M
[2026-04-03T01:01:39.436+0600][49.535s][info][gc,nmethod  ] GC(26) NMethods: 2580 registered, 746 unregistered
[2026-04-03T01:01:39.436+0600][49.535s][info][gc,metaspace] GC(26) Metaspace: 9M used, 10M committed, 1088M reserved
[2026-04-03T01:01:39.436+0600][49.535s][info][gc,ref      ] GC(26) Soft: 127 encountered, 58 discovered, 0 enqueued
[2026-04-03T01:01:39.436+0600][49.535s][info][gc,ref      ] GC(26) Weak: 457 encountered, 34 discovered, 0 enqueued
[2026-04-03T01:01:39.436+0600][49.535s][info][gc,ref      ] GC(26) Final: 3 encountered, 2 discovered, 0 enqueued
[2026-04-03T01:01:39.436+0600][49.535s][info][gc,ref      ] GC(26) Phantom: 56 encountered, 19 discovered, 0 enqueued
[2026-04-03T01:01:39.436+0600][49.535s][info][gc,reloc    ] GC(26) Small Pages: 1150 / 2300M, Empty: 0M, Relocated: 62M, In-Place: 3
[2026-04-03T01:01:39.436+0600][49.535s][info][gc,reloc    ] GC(26) Medium Pages: 1 / 32M, Empty: 0M, Relocated: 0M, In-Place: 0
[2026-04-03T01:01:39.436+0600][49.535s][info][gc,reloc    ] GC(26) Large Pages: 1 / 6M, Empty: 0M, Relocated: 0M, In-Place: 0
[2026-04-03T01:01:39.436+0600][49.535s][info][gc,reloc    ] GC(26) Forwarding Usage: 22M
[2026-04-03T01:01:39.436+0600][49.535s][info][gc,heap     ] GC(26) Min Capacity: 8M(0%)
[2026-04-03T01:01:39.436+0600][49.535s][info][gc,heap     ] GC(26) Max Capacity: 3922M(100%)
[2026-04-03T01:01:39.436+0600][49.535s][info][gc,heap     ] GC(26) Soft Max Capacity: 3922M(100%)
[2026-04-03T01:01:39.436+0600][49.535s][info][gc,heap     ] GC(26)                Mark Start          Mark End        Relocate Start      Relocate End           High               Low         
[2026-04-03T01:01:39.436+0600][49.535s][info][gc,heap     ] GC(26)  Capacity:     3922M (100%)       3922M (100%)       3922M (100%)       3922M (100%)       3922M (100%)       3922M (100%)   
[2026-04-03T01:01:39.436+0600][49.535s][info][gc,heap     ] GC(26)      Free:     1584M (40%)           0M (0%)            0M (0%)         1442M (37%)        1584M (40%)           0M (0%)     
[2026-04-03T01:01:39.436+0600][49.535s][info][gc,heap     ] GC(26)      Used:     2338M (60%)        3922M (100%)       3922M (100%)       2480M (63%)        3922M (100%)       2338M (60%)    
[2026-04-03T01:01:39.436+0600][49.535s][info][gc,heap     ] GC(26)      Live:         -               715M (18%)         715M (18%)         715M (18%)            -                  -          
[2026-04-03T01:01:39.436+0600][49.535s][info][gc,heap     ] GC(26) Allocated:         -              1584M (40%)        1584M (40%)        1651M (42%)            -                  -          
[2026-04-03T01:01:39.436+0600][49.535s][info][gc,heap     ] GC(26)   Garbage:         -              1622M (41%)        1622M (41%)         113M (3%)             -                  -          
[2026-04-03T01:01:39.436+0600][49.535s][info][gc,heap     ] GC(26) Reclaimed:         -                  -                 0M (0%)         1509M (38%)            -                  -          
[2026-04-03T01:01:39.436+0600][49.535s][info][gc          ] GC(26) Garbage Collection (Allocation Stall) 2338M(60%)->2480M(63%)
[2026-04-03T01:01:39.459+0600][49.557s][info][gc,start    ] GC(27) Garbage Collection (Allocation Stall)
[2026-04-03T01:01:39.459+0600][49.558s][info][gc,ref      ] GC(27) Clearing All SoftReferences
[2026-04-03T01:01:39.459+0600][49.558s][info][gc,task     ] GC(27) Using 3 workers
[2026-04-03T01:01:39.460+0600][49.558s][info][gc,ref      ] GC(27) Clearing All SoftReferences
[2026-04-03T01:01:39.460+0600][49.558s][info][gc,phases   ] GC(27) Pause Mark Start 0.105ms
[2026-04-03T01:01:40.059+0600][50.157s][info][gc,stats    ] === Garbage Collection Statistics =======================================================================================================================
[2026-04-03T01:01:40.059+0600][50.158s][info][gc,stats    ]                                                              Last 10s              Last 10m              Last 10h                Total
[2026-04-03T01:01:40.059+0600][50.158s][info][gc,stats    ]                                                              Avg / Max             Avg / Max             Avg / Max             Avg / Max
[2026-04-03T01:01:40.059+0600][50.158s][info][gc,stats    ]   Collector: Garbage Collection Cycle                   1564.841 / 1679.002   1179.307 / 1908.620   1179.307 / 1908.620   1179.307 / 1908.620    ms
[2026-04-03T01:01:40.059+0600][50.158s][info][gc,stats    ]  Contention: Mark Segment Reset Contention                     1 / 2                 1 / 12                1 / 12                1 / 12          ops/s
[2026-04-03T01:01:40.059+0600][50.158s][info][gc,stats    ]  Contention: Mark SeqNum Reset Contention                      0 / 1                 0 / 2                 0 / 2                 0 / 2           ops/s
[2026-04-03T01:01:40.059+0600][50.158s][info][gc,stats    ]    Critical: Allocation Stall                                  6 / 12                2 / 12                2 / 12                2 / 12          ops/s
[2026-04-03T01:01:40.059+0600][50.158s][info][gc,stats    ]    Critical: Allocation Stall                            359.469 / 488.242     305.948 / 488.242     305.948 / 488.242     305.948 / 488.242     ms
[2026-04-03T01:01:40.059+0600][50.158s][info][gc,stats    ]    Critical: GC Locker Stall                                   0 / 0                 0 / 0                 0 / 0                 0 / 0           ops/s
[2026-04-03T01:01:40.059+0600][50.158s][info][gc,stats    ]    Critical: GC Locker Stall                               0.000 / 0.000         0.000 / 0.000         0.000 / 0.000         0.000 / 0.000       ms
[2026-04-03T01:01:40.059+0600][50.158s][info][gc,stats    ]    Critical: Relocation Stall                                  3 / 8                 1 / 8                 1 / 8                 1 / 8           ops/s
[2026-04-03T01:01:40.059+0600][50.158s][info][gc,stats    ]    Critical: Relocation Stall                             22.912 / 40.674       25.350 / 65.734       25.350 / 65.734       25.350 / 65.734      ms
[2026-04-03T01:01:40.059+0600][50.158s][info][gc,stats    ]      Memory: Allocation Rate                                1023 / 1338            899 / 1388            899 / 1388            899 / 1388        MB/s
[2026-04-03T01:01:40.059+0600][50.158s][info][gc,stats    ]      Memory: Defragment                                        0 / 0                 0 / 33                0 / 33                0 / 33          ops/s
[2026-04-03T01:01:40.059+0600][50.158s][info][gc,stats    ]      Memory: Out Of Memory                                     0 / 0                 0 / 0                 0 / 0                 0 / 0           ops/s
[2026-04-03T01:01:40.059+0600][50.158s][info][gc,stats    ]      Memory: Page Cache Flush                                  0 / 0                 1 / 66                1 / 66                1 / 66          MB/s
[2026-04-03T01:01:40.059+0600][50.158s][info][gc,stats    ]      Memory: Page Cache Hit L1                               526 / 673             425 / 694             425 / 694             425 / 694         ops/s
[2026-04-03T01:01:40.059+0600][50.158s][info][gc,stats    ]      Memory: Page Cache Hit L2                                 0 / 0                 0 / 0                 0 / 0                 0 / 0           ops/s
[2026-04-03T01:01:40.059+0600][50.158s][info][gc,stats    ]      Memory: Page Cache Hit L3                                 0 / 0                 3 / 92                3 / 92                3 / 92          ops/s
[2026-04-03T01:01:40.059+0600][50.158s][info][gc,stats    ]      Memory: Page Cache Miss                                   0 / 0                35 / 336              35 / 336              35 / 336         ops/s
[2026-04-03T01:01:40.059+0600][50.158s][info][gc,stats    ]      Memory: Uncommit                                          0 / 0                 0 / 0                 0 / 0                 0 / 0           MB/s
[2026-04-03T01:01:40.059+0600][50.158s][info][gc,stats    ]      Memory: Undo Object Allocation Failed                     0 / 0                 0 / 1                 0 / 1                 0 / 1           ops/s
[2026-04-03T01:01:40.059+0600][50.158s][info][gc,stats    ]      Memory: Undo Object Allocation Succeeded                  3 / 25                1 / 25                1 / 25                1 / 25          ops/s
[2026-04-03T01:01:40.059+0600][50.158s][info][gc,stats    ]      Memory: Undo Page Allocation                              4 / 10                2 / 28                2 / 28                2 / 28          ops/s
[2026-04-03T01:01:40.059+0600][50.158s][info][gc,stats    ]       Phase: Concurrent Mark                            1506.381 / 1607.761   1080.417 / 1787.432   1080.417 / 1787.432   1080.417 / 1787.432    ms
[2026-04-03T01:01:40.059+0600][50.158s][info][gc,stats    ]       Phase: Concurrent Mark Continue                      0.000 / 0.000         0.000 / 0.000         0.000 / 0.000         0.000 / 0.000       ms
[2026-04-03T01:01:40.059+0600][50.158s][info][gc,stats    ]       Phase: Concurrent Mark Free                          0.002 / 0.004         0.003 / 0.005         0.003 / 0.005         0.003 / 0.005       ms
[2026-04-03T01:01:40.059+0600][50.158s][info][gc,stats    ]       Phase: Concurrent Process Non-Strong References      2.930 / 3.338         4.252 / 19.845        4.252 / 19.845        4.252 / 19.845      ms
[2026-04-03T01:01:40.059+0600][50.158s][info][gc,stats    ]       Phase: Concurrent Relocate                          48.758 / 62.431       83.359 / 360.208      83.359 / 360.208      83.359 / 360.208     ms
[2026-04-03T01:01:40.059+0600][50.158s][info][gc,stats    ]       Phase: Concurrent Reset Relocation Set               0.054 / 0.073         0.055 / 0.194         0.055 / 0.194         0.055 / 0.194       ms
[2026-04-03T01:01:40.059+0600][50.158s][info][gc,stats    ]       Phase: Concurrent Select Relocation Set              5.120 / 5.995         8.831 / 31.543        8.831 / 31.543        8.831 / 31.543      ms
[2026-04-03T01:01:40.059+0600][50.158s][info][gc,stats    ]       Phase: Pause Mark End                                0.020 / 0.021         0.024 / 0.054         0.024 / 0.054         0.024 / 0.054       ms
[2026-04-03T01:01:40.059+0600][50.158s][info][gc,stats    ]       Phase: Pause Mark Start                              0.076 / 0.117         0.045 / 0.130         0.045 / 0.130         0.045 / 0.130       ms
[2026-04-03T01:01:40.059+0600][50.158s][info][gc,stats    ]       Phase: Pause Relocate Start                          0.011 / 0.013         0.016 / 0.046         0.016 / 0.046         0.016 / 0.046       ms
[2026-04-03T01:01:40.059+0600][50.158s][info][gc,stats    ]    Subphase: Concurrent Classes Purge                      0.043 / 0.065         0.173 / 0.946         0.173 / 0.946         0.173 / 0.946       ms
[2026-04-03T01:01:40.059+0600][50.158s][info][gc,stats    ]    Subphase: Concurrent Classes Unlink                     2.212 / 2.439         2.831 / 9.089         2.831 / 9.089         2.831 / 9.089       ms
[2026-04-03T01:01:40.059+0600][50.158s][info][gc,stats    ]    Subphase: Concurrent Mark                            1504.486 / 1606.964   1092.179 / 1786.161   1092.179 / 1786.161   1092.179 / 1786.161    ms
[2026-04-03T01:01:40.059+0600][50.158s][info][gc,stats    ]    Subphase: Concurrent Mark Try Flush                     0.181 / 0.319         0.643 / 14.667        0.643 / 14.667        0.643 / 14.667      ms
[2026-04-03T01:01:40.059+0600][50.158s][info][gc,stats    ]    Subphase: Concurrent Mark Try Terminate                 0.599 / 1.229         1.044 / 14.671        1.044 / 14.671        1.044 / 14.671      ms
[2026-04-03T01:01:40.059+0600][50.158s][info][gc,stats    ]    Subphase: Concurrent References Enqueue                 0.001 / 0.001         0.002 / 0.016         0.002 / 0.016         0.002 / 0.016       ms
[2026-04-03T01:01:40.059+0600][50.158s][info][gc,stats    ]    Subphase: Concurrent References Process                 0.147 / 0.240         0.158 / 0.331         0.158 / 0.331         0.158 / 0.331       ms
[2026-04-03T01:01:40.059+0600][50.158s][info][gc,stats    ]    Subphase: Concurrent Roots ClassLoaderDataGraph         0.185 / 0.342         0.145 / 0.632         0.145 / 0.632         0.145 / 0.632       ms
[2026-04-03T01:01:40.060+0600][50.158s][info][gc,stats    ]    Subphase: Concurrent Roots CodeCache                    0.000 / 0.000         0.000 / 0.000         0.000 / 0.000         0.000 / 0.000       ms
[2026-04-03T01:01:40.060+0600][50.158s][info][gc,stats    ]    Subphase: Concurrent Roots JavaThreads                  0.209 / 0.390         0.220 / 3.339         0.220 / 3.339         0.220 / 3.339       ms
[2026-04-03T01:01:40.060+0600][50.158s][info][gc,stats    ]    Subphase: Concurrent Roots OopStorageSet                0.065 / 0.083         0.597 / 8.433         0.597 / 8.433         0.597 / 8.433       ms
[2026-04-03T01:01:40.060+0600][50.158s][info][gc,stats    ]    Subphase: Concurrent Weak Roots OopStorageSet           0.196 / 0.254         0.229 / 1.044         0.229 / 1.044         0.229 / 1.044       ms
[2026-04-03T01:01:40.060+0600][50.158s][info][gc,stats    ]    Subphase: Pause Mark Try Complete                       0.000 / 0.000         0.000 / 0.000         0.000 / 0.000         0.000 / 0.000       ms
[2026-04-03T01:01:40.060+0600][50.158s][info][gc,stats    ]      System: Java Threads                                     22 / 22               16 / 24               16 / 24               16 / 24          threads
[2026-04-03T01:01:40.060+0600][50.158s][info][gc,stats    ] =========================================================================================================================================================
[2026-04-03T01:01:41.019+0600][51.118s][info][gc,phases   ] GC(27) Concurrent Mark 1559.097ms
[2026-04-03T01:01:41.019+0600][51.118s][info][gc,phases   ] GC(27) Pause Mark End 0.019ms
[2026-04-03T01:01:41.019+0600][51.118s][info][gc,phases   ] GC(27) Concurrent Mark Free 0.002ms
[2026-04-03T01:01:41.022+0600][51.121s][info][gc,phases   ] GC(27) Concurrent Process Non-Strong References 3.012ms
[2026-04-03T01:01:41.023+0600][51.121s][info][gc,phases   ] GC(27) Concurrent Reset Relocation Set 0.040ms
[2026-04-03T01:01:41.027+0600][51.125s][info][gc,phases   ] GC(27) Concurrent Select Relocation Set 4.220ms
[2026-04-03T01:01:41.027+0600][51.126s][info][gc,phases   ] GC(27) Pause Relocate Start 0.011ms
[2026-04-03T01:01:41.027+0600][51.126s][info][gc          ] Allocation Stall (OE_Thread:3) 440.609ms
[2026-04-03T01:01:41.027+0600][51.126s][info][gc          ] Allocation Stall (OE_Thread:2) 441.323ms
[2026-04-03T01:01:41.027+0600][51.126s][info][gc          ] Allocation Stall (OE_Thread:5) 441.239ms
[2026-04-03T01:01:41.027+0600][51.126s][info][gc          ] Allocation Stall (OE_Thread:6) 442.763ms
[2026-04-03T01:01:41.027+0600][51.126s][info][gc          ] Allocation Stall (OE_Thread:8) 438.431ms
[2026-04-03T01:01:41.027+0600][51.126s][info][gc          ] Allocation Stall (OE_Thread:9) 441.305ms
[2026-04-03T01:01:41.057+0600][51.156s][info][gc          ] Relocation Stall (OE_Thread:4) 30.093ms
[2026-04-03T01:01:41.057+0600][51.156s][info][gc          ] Allocation Stall (OE_Thread:4) 473.031ms
[2026-04-03T01:01:41.079+0600][51.178s][info][gc,phases   ] GC(27) Concurrent Relocate 51.911ms
[2026-04-03T01:01:41.079+0600][51.178s][info][gc,load     ] GC(27) Load: 9.98/4.64/2.54
[2026-04-03T01:01:41.079+0600][51.178s][info][gc,mmu      ] GC(27) MMU: 2ms/93.5%, 5ms/97.4%, 10ms/98.7%, 20ms/99.4%, 50ms/99.7%, 100ms/99.9%
[2026-04-03T01:01:41.079+0600][51.178s][info][gc,marking  ] GC(27) Mark: 2 stripe(s), 2 proactive flush(es), 1 terminate flush(es), 0 completion(s), 0 continuation(s) 
[2026-04-03T01:01:41.079+0600][51.178s][info][gc,marking  ] GC(27) Mark Stack Usage: 32M
[2026-04-03T01:01:41.079+0600][51.178s][info][gc,nmethod  ] GC(27) NMethods: 2576 registered, 751 unregistered
[2026-04-03T01:01:41.079+0600][51.178s][info][gc,metaspace] GC(27) Metaspace: 9M used, 10M committed, 1088M reserved
[2026-04-03T01:01:41.079+0600][51.178s][info][gc,ref      ] GC(27) Soft: 127 encountered, 54 discovered, 0 enqueued
[2026-04-03T01:01:41.079+0600][51.178s][info][gc,ref      ] GC(27) Weak: 457 encountered, 63 discovered, 0 enqueued
[2026-04-03T01:01:41.079+0600][51.178s][info][gc,ref      ] GC(27) Final: 3 encountered, 0 discovered, 0 enqueued
[2026-04-03T01:01:41.079+0600][51.178s][info][gc,ref      ] GC(27) Phantom: 56 encountered, 35 discovered, 0 enqueued
[2026-04-03T01:01:41.079+0600][51.178s][info][gc,reloc    ] GC(27) Small Pages: 1241 / 2482M, Empty: 0M, Relocated: 50M, In-Place: 3
[2026-04-03T01:01:41.079+0600][51.178s][info][gc,reloc    ] GC(27) Medium Pages: 1 / 32M, Empty: 0M, Relocated: 0M, In-Place: 0
[2026-04-03T01:01:41.079+0600][51.178s][info][gc,reloc    ] GC(27) Large Pages: 1 / 6M, Empty: 0M, Relocated: 0M, In-Place: 0
[2026-04-03T01:01:41.079+0600][51.178s][info][gc,reloc    ] GC(27) Forwarding Usage: 16M
[2026-04-03T01:01:41.079+0600][51.178s][info][gc,heap     ] GC(27) Min Capacity: 8M(0%)
[2026-04-03T01:01:41.079+0600][51.178s][info][gc,heap     ] GC(27) Max Capacity: 3922M(100%)
[2026-04-03T01:01:41.079+0600][51.178s][info][gc,heap     ] GC(27) Soft Max Capacity: 3922M(100%)
[2026-04-03T01:01:41.079+0600][51.178s][info][gc,heap     ] GC(27)                Mark Start          Mark End        Relocate Start      Relocate End           High               Low         
[2026-04-03T01:01:41.079+0600][51.178s][info][gc,heap     ] GC(27)  Capacity:     3922M (100%)       3922M (100%)       3922M (100%)       3922M (100%)       3922M (100%)       3922M (100%)   
[2026-04-03T01:01:41.079+0600][51.178s][info][gc,heap     ] GC(27)      Free:     1402M (36%)           0M (0%)            0M (0%)         1622M (41%)        1626M (41%)           0M (0%)     
[2026-04-03T01:01:41.079+0600][51.178s][info][gc,heap     ] GC(27)      Used:     2520M (64%)        3922M (100%)       3922M (100%)       2300M (59%)        3922M (100%)       2296M (59%)    
[2026-04-03T01:01:41.079+0600][51.178s][info][gc,heap     ] GC(27)      Live:         -               723M (18%)         723M (18%)         723M (18%)            -                  -          
[2026-04-03T01:01:41.079+0600][51.178s][info][gc,heap     ] GC(27) Allocated:         -              1402M (36%)        1402M (36%)        1458M (37%)            -                  -          
[2026-04-03T01:01:41.079+0600][51.178s][info][gc,heap     ] GC(27)   Garbage:         -              1796M (46%)        1796M (46%)         117M (3%)             -                  -          
[2026-04-03T01:01:41.079+0600][51.178s][info][gc,heap     ] GC(27) Reclaimed:         -                  -                 0M (0%)         1678M (43%)            -                  -          
[2026-04-03T01:01:41.080+0600][51.178s][info][gc          ] GC(27) Garbage Collection (Allocation Stall) 2520M(64%)->2300M(59%)
[2026-04-03T01:01:41.157+0600][51.256s][info][gc,start    ] GC(28) Garbage Collection (Allocation Stall)
[2026-04-03T01:01:41.157+0600][51.256s][info][gc,ref      ] GC(28) Clearing All SoftReferences
[2026-04-03T01:01:41.157+0600][51.256s][info][gc,task     ] GC(28) Using 3 workers
[2026-04-03T01:01:41.158+0600][51.256s][info][gc,ref      ] GC(28) Clearing All SoftReferences
[2026-04-03T01:01:41.158+0600][51.256s][info][gc,phases   ] GC(28) Pause Mark Start 0.073ms
[2026-04-03T01:01:42.257+0600][52.355s][info][gc,phases   ] GC(28) Concurrent Mark 1098.733ms
[2026-04-03T01:01:42.257+0600][52.356s][info][gc,phases   ] GC(28) Pause Mark End 0.030ms
[2026-04-03T01:01:42.257+0600][52.356s][info][gc,phases   ] GC(28) Concurrent Mark Free 0.003ms
[2026-04-03T01:01:42.261+0600][52.360s][info][gc,phases   ] GC(28) Concurrent Process Non-Strong References 3.683ms
[2026-04-03T01:01:42.261+0600][52.360s][info][gc,phases   ] GC(28) Concurrent Reset Relocation Set 0.057ms
[2026-04-03T01:01:42.266+0600][52.364s][info][gc,phases   ] GC(28) Concurrent Select Relocation Set 4.787ms
[2026-04-03T01:01:42.266+0600][52.365s][info][gc,phases   ] GC(28) Pause Relocate Start 0.015ms
[2026-04-03T01:01:42.303+0600][52.402s][info][gc,phases   ] GC(28) Concurrent Relocate 36.551ms
[2026-04-03T01:01:42.303+0600][52.402s][info][gc,load     ] GC(28) Load: 9.98/4.64/2.54
[2026-04-03T01:01:42.303+0600][52.402s][info][gc,mmu      ] GC(28) MMU: 2ms/93.5%, 5ms/97.4%, 10ms/98.7%, 20ms/99.4%, 50ms/99.7%, 100ms/99.9%
[2026-04-03T01:01:42.303+0600][52.402s][info][gc,marking  ] GC(28) Mark: 2 stripe(s), 2 proactive flush(es), 1 terminate flush(es), 0 completion(s), 0 continuation(s) 
[2026-04-03T01:01:42.303+0600][52.402s][info][gc,marking  ] GC(28) Mark Stack Usage: 32M
[2026-04-03T01:01:42.303+0600][52.402s][info][gc,nmethod  ] GC(28) NMethods: 2667 registered, 751 unregistered
[2026-04-03T01:01:42.303+0600][52.402s][info][gc,metaspace] GC(28) Metaspace: 10M used, 10M committed, 1088M reserved
[2026-04-03T01:01:42.303+0600][52.402s][info][gc,ref      ] GC(28) Soft: 127 encountered, 61 discovered, 0 enqueued
[2026-04-03T01:01:42.303+0600][52.402s][info][gc,ref      ] GC(28) Weak: 457 encountered, 48 discovered, 0 enqueued
[2026-04-03T01:01:42.303+0600][52.402s][info][gc,ref      ] GC(28) Final: 3 encountered, 3 discovered, 0 enqueued
[2026-04-03T01:01:42.303+0600][52.402s][info][gc,ref      ] GC(28) Phantom: 54 encountered, 31 discovered, 0 enqueued
[2026-04-03T01:01:42.303+0600][52.402s][info][gc,reloc    ] GC(28) Small Pages: 1179 / 2358M, Empty: 20M, Relocated: 41M, In-Place: 0
[2026-04-03T01:01:42.303+0600][52.402s][info][gc,reloc    ] GC(28) Medium Pages: 1 / 32M, Empty: 0M, Relocated: 0M, In-Place: 0
[2026-04-03T01:01:42.303+0600][52.402s][info][gc,reloc    ] GC(28) Large Pages: 1 / 6M, Empty: 6M, Relocated: 0M, In-Place: 0
[2026-04-03T01:01:42.303+0600][52.402s][info][gc,reloc    ] GC(28) Forwarding Usage: 13M
[2026-04-03T01:01:42.303+0600][52.402s][info][gc,heap     ] GC(28) Min Capacity: 8M(0%)
[2026-04-03T01:01:42.303+0600][52.402s][info][gc,heap     ] GC(28) Max Capacity: 3922M(100%)
[2026-04-03T01:01:42.303+0600][52.402s][info][gc,heap     ] GC(28) Soft Max Capacity: 3922M(100%)
[2026-04-03T01:01:42.303+0600][52.402s][info][gc,heap     ] GC(28)                Mark Start          Mark End        Relocate Start      Relocate End           High               Low         
[2026-04-03T01:01:42.303+0600][52.402s][info][gc,heap     ] GC(28)  Capacity:     3922M (100%)       3922M (100%)       3922M (100%)       3922M (100%)       3922M (100%)       3922M (100%)   
[2026-04-03T01:01:42.303+0600][52.402s][info][gc,heap     ] GC(28)      Free:     1526M (39%)        1108M (28%)        1130M (29%)        2660M (68%)        2660M (68%)        1106M (28%)    
[2026-04-03T01:01:42.303+0600][52.402s][info][gc,heap     ] GC(28)      Used:     2396M (61%)        2814M (72%)        2792M (71%)        1262M (32%)        2816M (72%)        1262M (32%)    
[2026-04-03T01:01:42.303+0600][52.402s][info][gc,heap     ] GC(28)      Live:         -               703M (18%)         703M (18%)         703M (18%)            -                  -          
[2026-04-03T01:01:42.303+0600][52.402s][info][gc,heap     ] GC(28) Allocated:         -               418M (11%)         422M (11%)         431M (11%)            -                  -          
[2026-04-03T01:01:42.303+0600][52.402s][info][gc,heap     ] GC(28)   Garbage:         -              1692M (43%)        1666M (43%)         127M (3%)             -                  -          
[2026-04-03T01:01:42.303+0600][52.402s][info][gc,heap     ] GC(28) Reclaimed:         -                  -                26M (1%)         1565M (40%)            -                  -          
[2026-04-03T01:01:42.303+0600][52.402s][info][gc          ] GC(28) Garbage Collection (Allocation Stall) 2396M(61%)->1262M(32%)
[2026-04-03T01:01:44.557+0600][54.655s][info][gc,start    ] GC(29) Garbage Collection (Allocation Rate)
[2026-04-03T01:01:44.557+0600][54.655s][info][gc,task     ] GC(29) Using 3 workers
[2026-04-03T01:01:44.557+0600][54.656s][info][gc,phases   ] GC(29) Pause Mark Start 0.011ms
[2026-04-03T01:01:45.823+0600][55.922s][info][gc,phases   ] GC(29) Concurrent Mark 1265.876ms
[2026-04-03T01:01:45.823+0600][55.922s][info][gc,phases   ] GC(29) Pause Mark End 0.047ms
[2026-04-03T01:01:45.823+0600][55.922s][info][gc,phases   ] GC(29) Concurrent Mark Free 0.003ms
[2026-04-03T01:01:45.827+0600][55.925s][info][gc,phases   ] GC(29) Concurrent Process Non-Strong References 3.333ms
[2026-04-03T01:01:45.827+0600][55.926s][info][gc,phases   ] GC(29) Concurrent Reset Relocation Set 0.047ms
[2026-04-03T01:01:45.851+0600][55.949s][info][gc,phases   ] GC(29) Concurrent Select Relocation Set 23.867ms
[2026-04-03T01:01:45.851+0600][55.950s][info][gc,phases   ] GC(29) Pause Relocate Start 0.029ms
[2026-04-03T01:01:45.991+0600][56.090s][info][gc,phases   ] GC(29) Concurrent Relocate 139.699ms
[2026-04-03T01:01:45.991+0600][56.090s][info][gc,load     ] GC(29) Load: 9.26/4.58/2.53
[2026-04-03T01:01:45.991+0600][56.090s][info][gc,mmu      ] GC(29) MMU: 2ms/93.5%, 5ms/97.4%, 10ms/98.7%, 20ms/99.4%, 50ms/99.7%, 100ms/99.9%
[2026-04-03T01:01:45.991+0600][56.090s][info][gc,marking  ] GC(29) Mark: 2 stripe(s), 2 proactive flush(es), 1 terminate flush(es), 0 completion(s), 0 continuation(s) 
[2026-04-03T01:01:45.991+0600][56.090s][info][gc,marking  ] GC(29) Mark Stack Usage: 32M
[2026-04-03T01:01:45.991+0600][56.090s][info][gc,nmethod  ] GC(29) NMethods: 2628 registered, 799 unregistered
[2026-04-03T01:01:45.991+0600][56.090s][info][gc,metaspace] GC(29) Metaspace: 10M used, 10M committed, 1088M reserved
[2026-04-03T01:01:45.991+0600][56.090s][info][gc,ref      ] GC(29) Soft: 187 encountered, 0 discovered, 0 enqueued
[2026-04-03T01:01:45.991+0600][56.090s][info][gc,ref      ] GC(29) Weak: 519 encountered, 97 discovered, 24 enqueued
[2026-04-03T01:01:45.991+0600][56.090s][info][gc,ref      ] GC(29) Final: 3 encountered, 2 discovered, 0 enqueued
[2026-04-03T01:01:45.991+0600][56.090s][info][gc,ref      ] GC(29) Phantom: 54 encountered, 22 discovered, 0 enqueued
[2026-04-03T01:01:45.991+0600][56.090s][info][gc,reloc    ] GC(29) Small Pages: 1012 / 2024M, Empty: 2M, Relocated: 136M, In-Place: 0
[2026-04-03T01:01:45.991+0600][56.090s][info][gc,reloc    ] GC(29) Medium Pages: 2 / 64M, Empty: 0M, Relocated: 4M, In-Place: 0
[2026-04-03T01:01:45.991+0600][56.090s][info][gc,reloc    ] GC(29) Large Pages: 0 / 0M, Empty: 0M, Relocated: 0M, In-Place: 0
[2026-04-03T01:01:45.991+0600][56.090s][info][gc,reloc    ] GC(29) Forwarding Usage: 72M
[2026-04-03T01:01:45.991+0600][56.090s][info][gc,heap     ] GC(29) Min Capacity: 8M(0%)
[2026-04-03T01:01:45.991+0600][56.090s][info][gc,heap     ] GC(29) Max Capacity: 3922M(100%)
[2026-04-03T01:01:45.991+0600][56.090s][info][gc,heap     ] GC(29) Soft Max Capacity: 3922M(100%)
[2026-04-03T01:01:45.991+0600][56.090s][info][gc,heap     ] GC(29)                Mark Start          Mark End        Relocate Start      Relocate End           High               Low         
[2026-04-03T01:01:45.991+0600][56.090s][info][gc,heap     ] GC(29)  Capacity:     3922M (100%)       3922M (100%)       3922M (100%)       3922M (100%)       3922M (100%)       3922M (100%)   
[2026-04-03T01:01:45.991+0600][56.090s][info][gc,heap     ] GC(29)      Free:     1834M (47%)        1308M (33%)        1296M (33%)        2354M (60%)        2354M (60%)        1228M (31%)    
[2026-04-03T01:01:45.991+0600][56.090s][info][gc,heap     ] GC(29)      Used:     2088M (53%)        2614M (67%)        2626M (67%)        1568M (40%)        2694M (69%)        1568M (40%)    
[2026-04-03T01:01:45.991+0600][56.090s][info][gc,heap     ] GC(29)      Live:         -               825M (21%)         825M (21%)         825M (21%)            -                  -          
[2026-04-03T01:01:45.991+0600][56.090s][info][gc,heap     ] GC(29) Allocated:         -               526M (13%)         540M (14%)         614M (16%)            -                  -          
[2026-04-03T01:01:45.991+0600][56.090s][info][gc,heap     ] GC(29)   Garbage:         -              1262M (32%)        1260M (32%)         127M (3%)             -                  -          
[2026-04-03T01:01:45.991+0600][56.090s][info][gc,heap     ] GC(29) Reclaimed:         -                  -                 2M (0%)         1134M (29%)            -                  -          
[2026-04-03T01:01:45.991+0600][56.090s][info][gc          ] GC(29) Garbage Collection (Allocation Rate) 2088M(53%)->1568M(40%)
[2026-04-03T01:01:48.457+0600][58.556s][info][gc,start    ] GC(30) Garbage Collection (Allocation Rate)
[2026-04-03T01:01:48.457+0600][58.556s][info][gc,task     ] GC(30) Using 3 workers
[2026-04-03T01:01:48.457+0600][58.556s][info][gc,phases   ] GC(30) Pause Mark Start 0.010ms
[2026-04-03T01:01:49.655+0600][59.754s][info][gc,phases   ] GC(30) Concurrent Mark 1197.423ms
[2026-04-03T01:01:49.655+0600][59.754s][info][gc,phases   ] GC(30) Pause Mark End 0.034ms
[2026-04-03T01:01:49.655+0600][59.754s][info][gc,phases   ] GC(30) Concurrent Mark Free 0.003ms
[2026-04-03T01:01:49.658+0600][59.757s][info][gc,phases   ] GC(30) Concurrent Process Non-Strong References 2.872ms
[2026-04-03T01:01:49.658+0600][59.757s][info][gc,phases   ] GC(30) Concurrent Reset Relocation Set 0.041ms
[2026-04-03T01:01:49.682+0600][59.781s][info][gc,phases   ] GC(30) Concurrent Select Relocation Set 23.530ms
[2026-04-03T01:01:49.682+0600][59.781s][info][gc,phases   ] GC(30) Pause Relocate Start 0.016ms
[2026-04-03T01:01:49.898+0600][59.996s][info][gc,phases   ] GC(30) Concurrent Relocate 215.423ms
[2026-04-03T01:01:49.898+0600][59.997s][info][gc,load     ] GC(30) Load: 9.00/4.60/2.55
[2026-04-03T01:01:49.898+0600][59.997s][info][gc,mmu      ] GC(30) MMU: 2ms/93.5%, 5ms/97.4%, 10ms/98.7%, 20ms/99.4%, 50ms/99.7%, 100ms/99.9%
[2026-04-03T01:01:49.898+0600][59.997s][info][gc,marking  ] GC(30) Mark: 2 stripe(s), 2 proactive flush(es), 1 terminate flush(es), 0 completion(s), 0 continuation(s) 
[2026-04-03T01:01:49.898+0600][59.997s][info][gc,marking  ] GC(30) Mark Stack Usage: 32M
[2026-04-03T01:01:49.898+0600][59.997s][info][gc,nmethod  ] GC(30) NMethods: 2631 registered, 813 unregistered
[2026-04-03T01:01:49.898+0600][59.997s][info][gc,metaspace] GC(30) Metaspace: 10M used, 10M committed, 1088M reserved
[2026-04-03T01:01:49.898+0600][59.997s][info][gc,ref      ] GC(30) Soft: 187 encountered, 0 discovered, 0 enqueued
[2026-04-03T01:01:49.898+0600][59.997s][info][gc,ref      ] GC(30) Weak: 495 encountered, 257 discovered, 0 enqueued
[2026-04-03T01:01:49.898+0600][59.997s][info][gc,ref      ] GC(30) Final: 3 encountered, 2 discovered, 0 enqueued
[2026-04-03T01:01:49.898+0600][59.997s][info][gc,ref      ] GC(30) Phantom: 54 encountered, 19 discovered, 0 enqueued
[2026-04-03T01:01:49.898+0600][59.997s][info][gc,reloc    ] GC(30) Small Pages: 1324 / 2648M, Empty: 76M, Relocated: 251M, In-Place: 0
[2026-04-03T01:01:49.898+0600][59.997s][info][gc,reloc    ] GC(30) Medium Pages: 2 / 64M, Empty: 32M, Relocated: 0M, In-Place: 0
[2026-04-03T01:01:49.898+0600][59.997s][info][gc,reloc    ] GC(30) Large Pages: 0 / 0M, Empty: 0M, Relocated: 0M, In-Place: 0
[2026-04-03T01:01:49.898+0600][59.997s][info][gc,reloc    ] GC(30) Forwarding Usage: 126M
[2026-04-03T01:01:49.898+0600][59.997s][info][gc,heap     ] GC(30) Min Capacity: 8M(0%)
[2026-04-03T01:01:49.898+0600][59.997s][info][gc,heap     ] GC(30) Max Capacity: 3922M(100%)
[2026-04-03T01:01:49.898+0600][59.997s][info][gc,heap     ] GC(30) Soft Max Capacity: 3922M(100%)
[2026-04-03T01:01:49.898+0600][59.997s][info][gc,heap     ] GC(30)                Mark Start          Mark End        Relocate Start      Relocate End           High               Low         
[2026-04-03T01:01:49.898+0600][59.997s][info][gc,heap     ] GC(30)  Capacity:     3922M (100%)       3922M (100%)       3922M (100%)       3922M (100%)       3922M (100%)       3922M (100%)   
[2026-04-03T01:01:49.898+0600][59.997s][info][gc,heap     ] GC(30)      Free:     1210M (31%)         736M (19%)         830M (21%)        2444M (62%)        2444M (62%)         734M (19%)    
[2026-04-03T01:01:49.898+0600][59.997s][info][gc,heap     ] GC(30)      Used:     2712M (69%)        3186M (81%)        3092M (79%)        1478M (38%)        3188M (81%)        1478M (38%)    
[2026-04-03T01:01:49.898+0600][59.997s][info][gc,heap     ] GC(30)      Live:         -               833M (21%)         833M (21%)         833M (21%)            -                  -          
[2026-04-03T01:01:49.898+0600][59.997s][info][gc,heap     ] GC(30) Allocated:         -               474M (12%)         488M (12%)         540M (14%)            -                  -          
[2026-04-03T01:01:49.898+0600][59.997s][info][gc,heap     ] GC(30)   Garbage:         -              1878M (48%)        1770M (45%)         104M (3%)             -                  -          
[2026-04-03T01:01:49.898+0600][59.997s][info][gc,heap     ] GC(30) Reclaimed:         -                  -               108M (3%)         1774M (45%)            -                  -          
[2026-04-03T01:01:49.898+0600][59.997s][info][gc          ] GC(30) Garbage Collection (Allocation Rate) 2712M(69%)->1478M(38%)
[2026-04-03T01:01:50.058+0600][60.157s][info][gc,stats    ] === Garbage Collection Statistics =======================================================================================================================
[2026-04-03T01:01:50.058+0600][60.157s][info][gc,stats    ]                                                              Last 10s              Last 10m              Last 10h                Total
[2026-04-03T01:01:50.058+0600][60.157s][info][gc,stats    ]                                                              Avg / Max             Avg / Max             Avg / Max             Avg / Max
[2026-04-03T01:01:50.058+0600][60.157s][info][gc,stats    ]   Collector: Garbage Collection Cycle                   1410.332 / 1620.344   1209.117 / 1908.620   1209.117 / 1908.620   1209.117 / 1908.620    ms
[2026-04-03T01:01:50.058+0600][60.157s][info][gc,stats    ]  Contention: Mark Segment Reset Contention                     1 / 8                 1 / 12                1 / 12                1 / 12          ops/s
[2026-04-03T01:01:50.058+0600][60.157s][info][gc,stats    ]  Contention: Mark SeqNum Reset Contention                      0 / 0                 0 / 2                 0 / 2                 0 / 2           ops/s
[2026-04-03T01:01:50.058+0600][60.157s][info][gc,stats    ]    Critical: Allocation Stall                                  0 / 7                 2 / 12                2 / 12                2 / 12          ops/s
[2026-04-03T01:01:50.058+0600][60.157s][info][gc,stats    ]    Critical: Allocation Stall                            445.529 / 473.031     313.185 / 488.242     313.185 / 488.242     313.185 / 488.242     ms
[2026-04-03T01:01:50.058+0600][60.157s][info][gc,stats    ]    Critical: GC Locker Stall                                   0 / 0                 0 / 0                 0 / 0                 0 / 0           ops/s
[2026-04-03T01:01:50.058+0600][60.157s][info][gc,stats    ]    Critical: GC Locker Stall                               0.000 / 0.000         0.000 / 0.000         0.000 / 0.000         0.000 / 0.000       ms
[2026-04-03T01:01:50.058+0600][60.157s][info][gc,stats    ]    Critical: Relocation Stall                                  0 / 1                 1 / 8                 1 / 8                 1 / 8           ops/s
[2026-04-03T01:01:50.058+0600][60.157s][info][gc,stats    ]    Critical: Relocation Stall                             30.093 / 30.093       25.413 / 65.734       25.413 / 65.734       25.413 / 65.734      ms
[2026-04-03T01:01:50.058+0600][60.157s][info][gc,stats    ]      Memory: Allocation Rate                                 443 / 680             823 / 1388            823 / 1388            823 / 1388        MB/s
[2026-04-03T01:01:50.058+0600][60.157s][info][gc,stats    ]      Memory: Defragment                                        0 / 0                 0 / 33                0 / 33                0 / 33          ops/s
[2026-04-03T01:01:50.058+0600][60.157s][info][gc,stats    ]      Memory: Out Of Memory                                     0 / 0                 0 / 0                 0 / 0                 0 / 0           ops/s
[2026-04-03T01:01:50.058+0600][60.157s][info][gc,stats    ]      Memory: Page Cache Flush                                  9 / 64                3 / 66                3 / 66                3 / 66          MB/s
[2026-04-03T01:01:50.058+0600][60.157s][info][gc,stats    ]      Memory: Page Cache Hit L1                               242 / 352             394 / 694             394 / 694             394 / 694         ops/s
[2026-04-03T01:01:50.058+0600][60.157s][info][gc,stats    ]      Memory: Page Cache Hit L2                                 0 / 0                 0 / 0                 0 / 0                 0 / 0           ops/s
[2026-04-03T01:01:50.058+0600][60.157s][info][gc,stats    ]      Memory: Page Cache Hit L3                                 0 / 0                 2 / 92                2 / 92                2 / 92          ops/s
[2026-04-03T01:01:50.058+0600][60.157s][info][gc,stats    ]      Memory: Page Cache Miss                                   0 / 2                29 / 336              29 / 336              29 / 336         ops/s
[2026-04-03T01:01:50.058+0600][60.157s][info][gc,stats    ]      Memory: Uncommit                                          0 / 0                 0 / 0                 0 / 0                 0 / 0           MB/s
[2026-04-03T01:01:50.058+0600][60.157s][info][gc,stats    ]      Memory: Undo Object Allocation Failed                     0 / 0                 0 / 1                 0 / 1                 0 / 1           ops/s
[2026-04-03T01:01:50.058+0600][60.157s][info][gc,stats    ]      Memory: Undo Object Allocation Succeeded                  1 / 14                1 / 25                1 / 25                1 / 25          ops/s
[2026-04-03T01:01:50.058+0600][60.157s][info][gc,stats    ]      Memory: Undo Page Allocation                              0 / 3                 1 / 28                1 / 28                1 / 28          ops/s
[2026-04-03T01:01:50.058+0600][60.157s][info][gc,stats    ]       Phase: Concurrent Mark                            1280.282 / 1559.097   1106.206 / 1787.432   1106.206 / 1787.432   1106.206 / 1787.432    ms
[2026-04-03T01:01:50.058+0600][60.157s][info][gc,stats    ]       Phase: Concurrent Mark Continue                      0.000 / 0.000         0.000 / 0.000         0.000 / 0.000         0.000 / 0.000       ms
[2026-04-03T01:01:50.058+0600][60.157s][info][gc,stats    ]       Phase: Concurrent Mark Free                          0.003 / 0.003         0.003 / 0.005         0.003 / 0.005         0.003 / 0.005       ms
[2026-04-03T01:01:50.058+0600][60.157s][info][gc,stats    ]       Phase: Concurrent Process Non-Strong References      3.225 / 3.683         4.120 / 19.845        4.120 / 19.845        4.120 / 19.845      ms
[2026-04-03T01:01:50.058+0600][60.157s][info][gc,stats    ]       Phase: Concurrent Relocate                         110.896 / 215.423      86.913 / 360.208      86.913 / 360.208      86.913 / 360.208     ms
[2026-04-03T01:01:50.058+0600][60.157s][info][gc,stats    ]       Phase: Concurrent Reset Relocation Set               0.046 / 0.057         0.054 / 0.194         0.054 / 0.194         0.054 / 0.194       ms
[2026-04-03T01:01:50.058+0600][60.157s][info][gc,stats    ]       Phase: Concurrent Select Relocation Set             14.101 / 23.867        9.511 / 31.543        9.511 / 31.543        9.511 / 31.543      ms
[2026-04-03T01:01:50.058+0600][60.157s][info][gc,stats    ]       Phase: Pause Mark End                                0.033 / 0.047         0.025 / 0.054         0.025 / 0.054         0.025 / 0.054       ms
[2026-04-03T01:01:50.058+0600][60.157s][info][gc,stats    ]       Phase: Pause Mark Start                              0.031 / 0.073         0.044 / 0.130         0.044 / 0.130         0.044 / 0.130       ms
[2026-04-03T01:01:50.058+0600][60.157s][info][gc,stats    ]       Phase: Pause Relocate Start                          0.018 / 0.029         0.017 / 0.046         0.017 / 0.046         0.017 / 0.046       ms
[2026-04-03T01:01:50.058+0600][60.157s][info][gc,stats    ]    Subphase: Concurrent Classes Purge                      0.061 / 0.125         0.158 / 0.946         0.158 / 0.946         0.158 / 0.946       ms
[2026-04-03T01:01:50.058+0600][60.157s][info][gc,stats    ]    Subphase: Concurrent Classes Unlink                     2.377 / 2.608         2.773 / 9.089         2.773 / 9.089         2.773 / 9.089       ms
[2026-04-03T01:01:50.058+0600][60.157s][info][gc,stats    ]    Subphase: Concurrent Mark                            1278.901 / 1557.812   1117.934 / 1786.161   1117.934 / 1786.161   1117.934 / 1786.161    ms
[2026-04-03T01:01:50.058+0600][60.157s][info][gc,stats    ]    Subphase: Concurrent Mark Try Flush                     0.205 / 0.328         0.593 / 14.667        0.593 / 14.667        0.593 / 14.667      ms
[2026-04-03T01:01:50.058+0600][60.157s][info][gc,stats    ]    Subphase: Concurrent Mark Try Terminate                 0.775 / 1.201         1.014 / 14.671        1.014 / 14.671        1.014 / 14.671      ms
[2026-04-03T01:01:50.058+0600][60.157s][info][gc,stats    ]    Subphase: Concurrent References Enqueue                 0.005 / 0.020         0.002 / 0.020         0.002 / 0.020         0.002 / 0.020       ms
[2026-04-03T01:01:50.058+0600][60.157s][info][gc,stats    ]    Subphase: Concurrent References Process                 0.148 / 0.226         0.157 / 0.331         0.157 / 0.331         0.157 / 0.331       ms
[2026-04-03T01:01:50.058+0600][60.157s][info][gc,stats    ]    Subphase: Concurrent Roots ClassLoaderDataGraph         0.089 / 0.266         0.139 / 0.632         0.139 / 0.632         0.139 / 0.632       ms
[2026-04-03T01:01:50.058+0600][60.157s][info][gc,stats    ]    Subphase: Concurrent Roots CodeCache                    0.000 / 0.000         0.000 / 0.000         0.000 / 0.000         0.000 / 0.000       ms
[2026-04-03T01:01:50.058+0600][60.157s][info][gc,stats    ]    Subphase: Concurrent Roots JavaThreads                  0.088 / 0.156         0.206 / 3.339         0.206 / 3.339         0.206 / 3.339       ms
[2026-04-03T01:01:50.058+0600][60.157s][info][gc,stats    ]    Subphase: Concurrent Roots OopStorageSet                0.023 / 0.042         0.539 / 8.433         0.539 / 8.433         0.539 / 8.433       ms
[2026-04-03T01:01:50.058+0600][60.157s][info][gc,stats    ]    Subphase: Concurrent Weak Roots OopStorageSet           0.271 / 0.448         0.235 / 1.044         0.235 / 1.044         0.235 / 1.044       ms
[2026-04-03T01:01:50.058+0600][60.157s][info][gc,stats    ]    Subphase: Pause Mark Try Complete                       0.000 / 0.000         0.000 / 0.000         0.000 / 0.000         0.000 / 0.000       ms
[2026-04-03T01:01:50.058+0600][60.157s][info][gc,stats    ]      System: Java Threads                                     11 / 17               16 / 24               16 / 24               16 / 24          threads
[2026-04-03T01:01:50.058+0600][60.157s][info][gc,stats    ] =========================================================================================================================================================
[2026-04-03T01:01:50.757+0600][60.856s][info][gc,start    ] GC(31) Garbage Collection (Allocation Rate)
[2026-04-03T01:01:50.757+0600][60.856s][info][gc,task     ] GC(31) Using 3 workers
[2026-04-03T01:01:50.757+0600][60.856s][info][gc,phases   ] GC(31) Pause Mark Start 0.009ms
[2026-04-03T01:01:51.517+0600][61.616s][info][gc,phases   ] GC(31) Concurrent Mark 759.631ms
[2026-04-03T01:01:51.517+0600][61.616s][info][gc,phases   ] GC(31) Pause Mark End 0.021ms
[2026-04-03T01:01:51.517+0600][61.616s][info][gc,phases   ] GC(31) Concurrent Mark Free 0.003ms
[2026-04-03T01:01:51.520+0600][61.619s][info][gc,phases   ] GC(31) Concurrent Process Non-Strong References 2.910ms
[2026-04-03T01:01:51.521+0600][61.619s][info][gc,phases   ] GC(31) Concurrent Reset Relocation Set 0.061ms
[2026-04-03T01:01:51.532+0600][61.630s][info][gc,phases   ] GC(31) Concurrent Select Relocation Set 11.117ms
[2026-04-03T01:01:51.532+0600][61.631s][info][gc,phases   ] GC(31) Pause Relocate Start 0.013ms
[2026-04-03T01:01:51.627+0600][61.726s][info][gc,phases   ] GC(31) Concurrent Relocate 95.105ms
[2026-04-03T01:01:51.627+0600][61.726s][info][gc,load     ] GC(31) Load: 9.00/4.60/2.55
[2026-04-03T01:01:51.627+0600][61.726s][info][gc,mmu      ] GC(31) MMU: 2ms/93.5%, 5ms/97.4%, 10ms/98.7%, 20ms/99.4%, 50ms/99.7%, 100ms/99.9%
[2026-04-03T01:01:51.627+0600][61.726s][info][gc,marking  ] GC(31) Mark: 2 stripe(s), 2 proactive flush(es), 1 terminate flush(es), 0 completion(s), 0 continuation(s) 
[2026-04-03T01:01:51.627+0600][61.726s][info][gc,marking  ] GC(31) Mark Stack Usage: 32M
[2026-04-03T01:01:51.627+0600][61.726s][info][gc,nmethod  ] GC(31) NMethods: 2650 registered, 830 unregistered
[2026-04-03T01:01:51.627+0600][61.726s][info][gc,metaspace] GC(31) Metaspace: 10M used, 10M committed, 1088M reserved
[2026-04-03T01:01:51.627+0600][61.726s][info][gc,ref      ] GC(31) Soft: 187 encountered, 0 discovered, 0 enqueued
[2026-04-03T01:01:51.627+0600][61.726s][info][gc,ref      ] GC(31) Weak: 495 encountered, 59 discovered, 0 enqueued
[2026-04-03T01:01:51.627+0600][61.726s][info][gc,ref      ] GC(31) Final: 3 encountered, 2 discovered, 0 enqueued
[2026-04-03T01:01:51.628+0600][61.726s][info][gc,ref      ] GC(31) Phantom: 54 encountered, 21 discovered, 0 enqueued
[2026-04-03T01:01:51.628+0600][61.726s][info][gc,reloc    ] GC(31) Small Pages: 1034 / 2068M, Empty: 124M, Relocated: 143M, In-Place: 0
[2026-04-03T01:01:51.628+0600][61.726s][info][gc,reloc    ] GC(31) Medium Pages: 2 / 64M, Empty: 0M, Relocated: 2M, In-Place: 0
[2026-04-03T01:01:51.628+0600][61.726s][info][gc,reloc    ] GC(31) Large Pages: 0 / 0M, Empty: 0M, Relocated: 0M, In-Place: 0
[2026-04-03T01:01:51.628+0600][61.726s][info][gc,reloc    ] GC(31) Forwarding Usage: 54M
[2026-04-03T01:01:51.628+0600][61.726s][info][gc,heap     ] GC(31) Min Capacity: 8M(0%)
[2026-04-03T01:01:51.628+0600][61.726s][info][gc,heap     ] GC(31) Max Capacity: 3922M(100%)
[2026-04-03T01:01:51.628+0600][61.726s][info][gc,heap     ] GC(31) Soft Max Capacity: 3922M(100%)
[2026-04-03T01:01:51.628+0600][61.726s][info][gc,heap     ] GC(31)                Mark Start          Mark End        Relocate Start      Relocate End           High               Low         
[2026-04-03T01:01:51.628+0600][61.726s][info][gc,heap     ] GC(31)  Capacity:     3922M (100%)       3922M (100%)       3922M (100%)       3922M (100%)       3922M (100%)       3922M (100%)   
[2026-04-03T01:01:51.628+0600][61.726s][info][gc,heap     ] GC(31)      Free:     1790M (46%)        1330M (34%)        1438M (37%)        2666M (68%)        2666M (68%)        1324M (34%)    
[2026-04-03T01:01:51.628+0600][61.726s][info][gc,heap     ] GC(31)      Used:     2132M (54%)        2592M (66%)        2484M (63%)        1256M (32%)        2598M (66%)        1256M (32%)    
[2026-04-03T01:01:51.628+0600][61.726s][info][gc,heap     ] GC(31)      Live:         -               645M (16%)         645M (16%)         645M (16%)            -                  -          
[2026-04-03T01:01:51.628+0600][61.726s][info][gc,heap     ] GC(31) Allocated:         -               460M (12%)         476M (12%)         535M (14%)            -                  -          
[2026-04-03T01:01:51.628+0600][61.726s][info][gc,heap     ] GC(31)   Garbage:         -              1486M (38%)        1362M (35%)          75M (2%)             -                  -          
[2026-04-03T01:01:51.628+0600][61.726s][info][gc,heap     ] GC(31) Reclaimed:         -                  -               124M (3%)         1411M (36%)            -                  -          
[2026-04-03T01:01:51.628+0600][61.726s][info][gc          ] GC(31) Garbage Collection (Allocation Rate) 2132M(54%)->1256M(32%)
[2026-04-03T01:01:52.057+0600][62.156s][info][gc,start    ] GC(32) Garbage Collection (Allocation Rate)
[2026-04-03T01:01:52.057+0600][62.156s][info][gc,task     ] GC(32) Using 3 workers
[2026-04-03T01:01:52.057+0600][62.156s][info][gc,phases   ] GC(32) Pause Mark Start 0.013ms
[2026-04-03T01:01:52.850+0600][62.949s][info][gc,phases   ] GC(32) Concurrent Mark 792.477ms
[2026-04-03T01:01:52.850+0600][62.949s][info][gc,phases   ] GC(32) Pause Mark End 0.021ms
[2026-04-03T01:01:52.851+0600][62.949s][info][gc,phases   ] GC(32) Concurrent Mark Free 0.004ms
[2026-04-03T01:01:52.854+0600][62.952s][info][gc,phases   ] GC(32) Concurrent Process Non-Strong References 2.970ms
[2026-04-03T01:01:52.854+0600][62.952s][info][gc,phases   ] GC(32) Concurrent Reset Relocation Set 0.041ms
[2026-04-03T01:01:52.860+0600][62.959s][info][gc,phases   ] GC(32) Concurrent Select Relocation Set 6.271ms
[2026-04-03T01:01:52.860+0600][62.959s][info][gc,phases   ] GC(32) Pause Relocate Start 0.031ms
[2026-04-03T01:01:52.955+0600][63.054s][info][gc,phases   ] GC(32) Concurrent Relocate 94.676ms
[2026-04-03T01:01:52.955+0600][63.054s][info][gc,load     ] GC(32) Load: 9.00/4.60/2.55
[2026-04-03T01:01:52.955+0600][63.054s][info][gc,mmu      ] GC(32) MMU: 2ms/93.5%, 5ms/97.4%, 10ms/98.7%, 20ms/99.4%, 50ms/99.7%, 100ms/99.9%
[2026-04-03T01:01:52.955+0600][63.054s][info][gc,marking  ] GC(32) Mark: 2 stripe(s), 2 proactive flush(es), 1 terminate flush(es), 0 completion(s), 0 continuation(s) 
[2026-04-03T01:01:52.955+0600][63.054s][info][gc,marking  ] GC(32) Mark Stack Usage: 32M
[2026-04-03T01:01:52.955+0600][63.054s][info][gc,nmethod  ] GC(32) NMethods: 2640 registered, 843 unregistered
[2026-04-03T01:01:52.955+0600][63.054s][info][gc,metaspace] GC(32) Metaspace: 10M used, 10M committed, 1088M reserved
[2026-04-03T01:01:52.955+0600][63.054s][info][gc,ref      ] GC(32) Soft: 187 encountered, 0 discovered, 0 enqueued
[2026-04-03T01:01:52.955+0600][63.054s][info][gc,ref      ] GC(32) Weak: 495 encountered, 130 discovered, 0 enqueued
[2026-04-03T01:01:52.955+0600][63.054s][info][gc,ref      ] GC(32) Final: 3 encountered, 2 discovered, 0 enqueued
[2026-04-03T01:01:52.955+0600][63.054s][info][gc,ref      ] GC(32) Phantom: 54 encountered, 19 discovered, 0 enqueued
[2026-04-03T01:01:52.955+0600][63.054s][info][gc,reloc    ] GC(32) Small Pages: 820 / 1640M, Empty: 44M, Relocated: 127M, In-Place: 0
[2026-04-03T01:01:52.955+0600][63.054s][info][gc,reloc    ] GC(32) Medium Pages: 2 / 64M, Empty: 0M, Relocated: 4M, In-Place: 0
[2026-04-03T01:01:52.955+0600][63.054s][info][gc,reloc    ] GC(32) Large Pages: 0 / 0M, Empty: 0M, Relocated: 0M, In-Place: 0
[2026-04-03T01:01:52.955+0600][63.054s][info][gc,reloc    ] GC(32) Forwarding Usage: 52M
[2026-04-03T01:01:52.955+0600][63.054s][info][gc,heap     ] GC(32) Min Capacity: 8M(0%)
[2026-04-03T01:01:52.955+0600][63.054s][info][gc,heap     ] GC(32) Max Capacity: 3922M(100%)
[2026-04-03T01:01:52.955+0600][63.054s][info][gc,heap     ] GC(32) Soft Max Capacity: 3922M(100%)
[2026-04-03T01:01:52.955+0600][63.054s][info][gc,heap     ] GC(32)                Mark Start          Mark End        Relocate Start      Relocate End           High               Low         
[2026-04-03T01:01:52.955+0600][63.054s][info][gc,heap     ] GC(32)  Capacity:     3922M (100%)       3922M (100%)       3922M (100%)       3922M (100%)       3922M (100%)       3922M (100%)   
[2026-04-03T01:01:52.955+0600][63.054s][info][gc,heap     ] GC(32)      Free:     2218M (57%)        1690M (43%)        1728M (44%)        2546M (65%)        2546M (65%)        1662M (42%)    
[2026-04-03T01:01:52.955+0600][63.054s][info][gc,heap     ] GC(32)      Used:     1704M (43%)        2232M (57%)        2194M (56%)        1376M (35%)        2260M (58%)        1376M (35%)    
[2026-04-03T01:01:52.955+0600][63.054s][info][gc,heap     ] GC(32)      Live:         -               679M (17%)         679M (17%)         679M (17%)            -                  -          
[2026-04-03T01:01:52.955+0600][63.054s][info][gc,heap     ] GC(32) Allocated:         -               528M (13%)         534M (14%)         607M (15%)            -                  -          
[2026-04-03T01:01:52.955+0600][63.054s][info][gc,heap     ] GC(32)   Garbage:         -              1024M (26%)         980M (25%)          88M (2%)             -                  -          
[2026-04-03T01:01:52.955+0600][63.054s][info][gc,heap     ] GC(32) Reclaimed:         -                  -                44M (1%)          935M (24%)            -                  -          
[2026-04-03T01:01:52.955+0600][63.054s][info][gc          ] GC(32) Garbage Collection (Allocation Rate) 1704M(43%)->1376M(35%)
[2026-04-03T01:01:54.957+0600][65.056s][info][gc,start    ] GC(33) Garbage Collection (Allocation Rate)
[2026-04-03T01:01:54.957+0600][65.056s][info][gc,task     ] GC(33) Using 3 workers
[2026-04-03T01:01:54.958+0600][65.056s][info][gc,phases   ] GC(33) Pause Mark Start 0.015ms
[2026-04-03T01:01:54.975+0600][65.074s][info][gc          ] GC(33) Garbage Collection (Allocation Rate) Aborted
[2026-04-03T01:01:54.976+0600][65.075s][info][gc,heap,exit] Heap
[2026-04-03T01:01:54.976+0600][65.075s][info][gc,heap,exit]  ZHeap           used 2328M, capacity 3922M, max capacity 3922M
[2026-04-03T01:01:54.976+0600][65.075s][info][gc,heap,exit]  Metaspace       used 10452K, committed 10624K, reserved 1114112K
[2026-04-03T01:01:54.976+0600][65.075s][info][gc,heap,exit]   class space    used 899K, committed 960K, reserved 1048576K
