[2026-04-03T01:13:33.494+0600][0.005s][info][gc,init] CardTable entry size: 512
[2026-04-03T01:13:33.494+0600][0.005s][info][gc     ] Using G1
[2026-04-03T01:13:33.496+0600][0.007s][info][gc,init] Version: 21.0.10+7-Ubuntu-124.04 (release)
[2026-04-03T01:13:33.497+0600][0.008s][info][gc,init] CPUs: 12 total, 12 available
[2026-04-03T01:13:33.497+0600][0.008s][info][gc,init] Memory: 15683M
[2026-04-03T01:13:33.497+0600][0.008s][info][gc,init] Large Page Support: Disabled
[2026-04-03T01:13:33.497+0600][0.008s][info][gc,init] NUMA Support: Disabled
[2026-04-03T01:13:33.497+0600][0.008s][info][gc,init] Compressed Oops: Enabled (Zero based)
[2026-04-03T01:13:33.497+0600][0.008s][info][gc,init] Heap Region Size: 2M
[2026-04-03T01:13:33.497+0600][0.008s][info][gc,init] Heap Min Capacity: 8M
[2026-04-03T01:13:33.497+0600][0.008s][info][gc,init] Heap Initial Capacity: 246M
[2026-04-03T01:13:33.497+0600][0.008s][info][gc,init] Heap Max Capacity: 3922M
[2026-04-03T01:13:33.497+0600][0.008s][info][gc,init] Pre-touch: Disabled
[2026-04-03T01:13:33.497+0600][0.008s][info][gc,init] Parallel Workers: 10
[2026-04-03T01:13:33.497+0600][0.008s][info][gc,init] Concurrent Workers: 3
[2026-04-03T01:13:33.497+0600][0.008s][info][gc,init] Concurrent Refinement Workers: 10
[2026-04-03T01:13:33.497+0600][0.008s][info][gc,init] Periodic GC: Disabled
[2026-04-03T01:13:33.508+0600][0.019s][info][gc,metaspace] CDS archive(s) mapped at: [0x0000726723000000-0x0000726723c9c000-0x0000726723c9c000), size 13221888, SharedBaseAddress: 0x0000726723000000, ArchiveRelocationMode: 1.
[2026-04-03T01:13:33.508+0600][0.019s][info][gc,metaspace] Compressed class space mapped at: 0x0000726724000000-0x0000726764000000, reserved size: 1073741824
[2026-04-03T01:13:33.508+0600][0.019s][info][gc,metaspace] Narrow klass base: 0x0000726723000000, Narrow klass shift: 0, Narrow klass range: 0x100000000
[2026-04-03T01:13:35.299+0600][1.810s][info][gc,start    ] GC(0) Pause Full (System.gc())
[2026-04-03T01:13:35.301+0600][1.812s][info][gc,task     ] GC(0) Using 5 workers of 10 for full compaction
[2026-04-03T01:13:35.301+0600][1.812s][info][gc,phases,start] GC(0) Phase 1: Mark live objects
[2026-04-03T01:13:35.305+0600][1.816s][info][gc,phases      ] GC(0) Phase 1: Mark live objects 3.460ms
[2026-04-03T01:13:35.305+0600][1.816s][info][gc,phases,start] GC(0) Phase 2: Prepare compaction
[2026-04-03T01:13:35.306+0600][1.817s][info][gc,phases      ] GC(0) Phase 2: Prepare compaction 1.630ms
[2026-04-03T01:13:35.306+0600][1.817s][info][gc,phases,start] GC(0) Phase 3: Adjust pointers
[2026-04-03T01:13:35.308+0600][1.819s][info][gc,phases      ] GC(0) Phase 3: Adjust pointers 1.354ms
[2026-04-03T01:13:35.308+0600][1.819s][info][gc,phases,start] GC(0) Phase 4: Compact heap
[2026-04-03T01:13:35.311+0600][1.822s][info][gc,phases      ] GC(0) Phase 4: Compact heap 2.858ms
[2026-04-03T01:13:35.311+0600][1.822s][info][gc,phases,start] GC(0) Phase 5: Reset Metadata
[2026-04-03T01:13:35.311+0600][1.822s][info][gc,phases      ] GC(0) Phase 5: Reset Metadata 0.260ms
[2026-04-03T01:13:35.313+0600][1.824s][info][gc,heap        ] GC(0) Eden regions: 5->0(5)
[2026-04-03T01:13:35.313+0600][1.824s][info][gc,heap        ] GC(0) Survivor regions: 0->0(0)
[2026-04-03T01:13:35.313+0600][1.824s][info][gc,heap        ] GC(0) Old regions: 1->5
[2026-04-03T01:13:35.313+0600][1.824s][info][gc,heap        ] GC(0) Humongous regions: 0->0
[2026-04-03T01:13:35.313+0600][1.824s][info][gc,metaspace   ] GC(0) Metaspace: 2795K(2944K)->2795K(2944K) NonClass: 2494K(2560K)->2494K(2560K) Class: 301K(384K)->301K(384K)
[2026-04-03T01:13:35.313+0600][1.824s][info][gc             ] GC(0) Pause Full (System.gc()) 10M->3M(34M) 13.865ms
[2026-04-03T01:13:35.313+0600][1.824s][info][gc,cpu         ] GC(0) User=0.03s Sys=0.00s Real=0.02s
[2026-04-03T01:13:35.567+0600][2.078s][info][gc,start       ] GC(1) Pause Young (Normal) (G1 Evacuation Pause)
[2026-04-03T01:13:35.567+0600][2.078s][info][gc,task        ] GC(1) Using 3 workers of 10 for evacuation
[2026-04-03T01:13:35.575+0600][2.086s][info][gc,phases      ] GC(1)   Pre Evacuate Collection Set: 0.17ms
[2026-04-03T01:13:35.575+0600][2.086s][info][gc,phases      ] GC(1)   Merge Heap Roots: 0.25ms
[2026-04-03T01:13:35.575+0600][2.086s][info][gc,phases      ] GC(1)   Evacuate Collection Set: 6.59ms
[2026-04-03T01:13:35.575+0600][2.086s][info][gc,phases      ] GC(1)   Post Evacuate Collection Set: 0.60ms
[2026-04-03T01:13:35.575+0600][2.086s][info][gc,phases      ] GC(1)   Other: 0.08ms
[2026-04-03T01:13:35.575+0600][2.086s][info][gc,heap        ] GC(1) Eden regions: 5->0(2)
[2026-04-03T01:13:35.575+0600][2.086s][info][gc,heap        ] GC(1) Survivor regions: 0->1(1)
[2026-04-03T01:13:35.575+0600][2.086s][info][gc,heap        ] GC(1) Old regions: 5->7
[2026-04-03T01:13:35.575+0600][2.086s][info][gc,heap        ] GC(1) Humongous regions: 0->0
[2026-04-03T01:13:35.575+0600][2.086s][info][gc,metaspace   ] GC(1) Metaspace: 5753K(5888K)->5753K(5888K) NonClass: 5055K(5120K)->5055K(5120K) Class: 698K(768K)->698K(768K)
[2026-04-03T01:13:35.575+0600][2.086s][info][gc             ] GC(1) Pause Young (Normal) (G1 Evacuation Pause) 13M->7M(34M) 8.031ms
[2026-04-03T01:13:35.575+0600][2.086s][info][gc,cpu         ] GC(1) User=0.02s Sys=0.01s Real=0.01s
[2026-04-03T01:13:35.604+0600][2.115s][info][gc,start       ] GC(2) Pause Young (Normal) (G1 Evacuation Pause)
[2026-04-03T01:13:35.604+0600][2.115s][info][gc,task        ] GC(2) Using 2 workers of 10 for evacuation
[2026-04-03T01:13:35.615+0600][2.126s][info][gc,phases      ] GC(2)   Pre Evacuate Collection Set: 0.26ms
[2026-04-03T01:13:35.615+0600][2.126s][info][gc,phases      ] GC(2)   Merge Heap Roots: 0.19ms
[2026-04-03T01:13:35.615+0600][2.126s][info][gc,phases      ] GC(2)   Evacuate Collection Set: 9.92ms
[2026-04-03T01:13:35.615+0600][2.126s][info][gc,phases      ] GC(2)   Post Evacuate Collection Set: 0.53ms
[2026-04-03T01:13:35.615+0600][2.126s][info][gc,phases      ] GC(2)   Other: 0.08ms
[2026-04-03T01:13:35.615+0600][2.126s][info][gc,heap        ] GC(2) Eden regions: 2->0(1)
[2026-04-03T01:13:35.615+0600][2.126s][info][gc,heap        ] GC(2) Survivor regions: 1->1(1)
[2026-04-03T01:13:35.615+0600][2.126s][info][gc,heap        ] GC(2) Old regions: 7->9
[2026-04-03T01:13:35.615+0600][2.126s][info][gc,heap        ] GC(2) Humongous regions: 0->0
[2026-04-03T01:13:35.615+0600][2.126s][info][gc,metaspace   ] GC(2) Metaspace: 5753K(5888K)->5753K(5888K) NonClass: 5055K(5120K)->5055K(5120K) Class: 698K(768K)->698K(768K)
[2026-04-03T01:13:35.615+0600][2.126s][info][gc             ] GC(2) Pause Young (Normal) (G1 Evacuation Pause) 11M->11M(34M) 11.233ms
[2026-04-03T01:13:35.615+0600][2.126s][info][gc,cpu         ] GC(2) User=0.02s Sys=0.01s Real=0.01s
[2026-04-03T01:13:35.628+0600][2.139s][info][gc,start       ] GC(3) Pause Young (Concurrent Start) (G1 Evacuation Pause)
[2026-04-03T01:13:35.628+0600][2.139s][info][gc,task        ] GC(3) Using 2 workers of 10 for evacuation
[2026-04-03T01:13:35.636+0600][2.147s][info][gc,phases      ] GC(3)   Pre Evacuate Collection Set: 0.39ms
[2026-04-03T01:13:35.636+0600][2.147s][info][gc,phases      ] GC(3)   Merge Heap Roots: 0.18ms
[2026-04-03T01:13:35.636+0600][2.147s][info][gc,phases      ] GC(3)   Evacuate Collection Set: 6.46ms
[2026-04-03T01:13:35.636+0600][2.147s][info][gc,phases      ] GC(3)   Post Evacuate Collection Set: 0.67ms
[2026-04-03T01:13:35.636+0600][2.147s][info][gc,phases      ] GC(3)   Other: 0.20ms
[2026-04-03T01:13:35.636+0600][2.147s][info][gc,heap        ] GC(3) Eden regions: 1->0(1)
[2026-04-03T01:13:35.636+0600][2.147s][info][gc,heap        ] GC(3) Survivor regions: 1->1(1)
[2026-04-03T01:13:35.636+0600][2.147s][info][gc,heap        ] GC(3) Old regions: 9->10
[2026-04-03T01:13:35.636+0600][2.147s][info][gc,heap        ] GC(3) Humongous regions: 0->0
[2026-04-03T01:13:35.636+0600][2.147s][info][gc,metaspace   ] GC(3) Metaspace: 5753K(5888K)->5753K(5888K) NonClass: 5055K(5120K)->5055K(5120K) Class: 698K(768K)->698K(768K)
[2026-04-03T01:13:35.636+0600][2.147s][info][gc             ] GC(3) Pause Young (Concurrent Start) (G1 Evacuation Pause) 13M->13M(34M) 8.138ms
[2026-04-03T01:13:35.636+0600][2.147s][info][gc,cpu         ] GC(3) User=0.03s Sys=0.00s Real=0.01s
[2026-04-03T01:13:35.637+0600][2.148s][info][gc             ] GC(4) Concurrent Mark Cycle
[2026-04-03T01:13:35.637+0600][2.148s][info][gc,marking     ] GC(4) Concurrent Scan Root Regions
[2026-04-03T01:13:35.639+0600][2.150s][info][gc,marking     ] GC(4) Concurrent Scan Root Regions 2.581ms
[2026-04-03T01:13:35.639+0600][2.150s][info][gc,marking     ] GC(4) Concurrent Mark
[2026-04-03T01:13:35.639+0600][2.150s][info][gc,marking     ] GC(4) Concurrent Mark From Roots
[2026-04-03T01:13:35.639+0600][2.150s][info][gc,task        ] GC(4) Using 3 workers of 3 for marking
[2026-04-03T01:13:35.648+0600][2.159s][info][gc,marking     ] GC(4) Concurrent Mark From Roots 8.809ms
[2026-04-03T01:13:35.648+0600][2.159s][info][gc,marking     ] GC(4) Concurrent Preclean
[2026-04-03T01:13:35.648+0600][2.159s][info][gc,marking     ] GC(4) Concurrent Preclean 0.050ms
[2026-04-03T01:13:35.648+0600][2.159s][info][gc,start       ] GC(4) Pause Remark
[2026-04-03T01:13:35.652+0600][2.163s][info][gc             ] GC(4) Pause Remark 15M->15M(38M) 3.150ms
[2026-04-03T01:13:35.652+0600][2.163s][info][gc,cpu         ] GC(4) User=0.01s Sys=0.00s Real=0.01s
[2026-04-03T01:13:35.652+0600][2.163s][info][gc,marking     ] GC(4) Concurrent Mark 12.477ms
[2026-04-03T01:13:35.652+0600][2.163s][info][gc,marking     ] GC(4) Concurrent Rebuild Remembered Sets and Scrub Regions
[2026-04-03T01:13:35.656+0600][2.167s][info][gc,start       ] GC(5) Pause Young (Normal) (G1 Evacuation Pause)
[2026-04-03T01:13:35.656+0600][2.167s][info][gc,task        ] GC(5) Using 2 workers of 10 for evacuation
[2026-04-03T01:13:35.665+0600][2.176s][info][gc,phases      ] GC(5)   Pre Evacuate Collection Set: 0.40ms
[2026-04-03T01:13:35.665+0600][2.176s][info][gc,phases      ] GC(5)   Merge Heap Roots: 0.19ms
[2026-04-03T01:13:35.665+0600][2.176s][info][gc,phases      ] GC(5)   Evacuate Collection Set: 7.44ms
[2026-04-03T01:13:35.665+0600][2.176s][info][gc,phases      ] GC(5)   Post Evacuate Collection Set: 0.57ms
[2026-04-03T01:13:35.665+0600][2.176s][info][gc,phases      ] GC(5)   Other: 0.07ms
[2026-04-03T01:13:35.665+0600][2.176s][info][gc,heap        ] GC(5) Eden regions: 1->0(1)
[2026-04-03T01:13:35.665+0600][2.176s][info][gc,heap        ] GC(5) Survivor regions: 1->1(1)
[2026-04-03T01:13:35.665+0600][2.176s][info][gc,heap        ] GC(5) Old regions: 10->11
[2026-04-03T01:13:35.665+0600][2.176s][info][gc,heap        ] GC(5) Humongous regions: 0->0
[2026-04-03T01:13:35.665+0600][2.176s][info][gc,metaspace   ] GC(5) Metaspace: 5754K(5888K)->5754K(5888K) NonClass: 5055K(5120K)->5055K(5120K) Class: 698K(768K)->698K(768K)
[2026-04-03T01:13:35.665+0600][2.176s][info][gc             ] GC(5) Pause Young (Normal) (G1 Evacuation Pause) 15M->15M(38M) 8.906ms
[2026-04-03T01:13:35.665+0600][2.176s][info][gc,cpu         ] GC(5) User=0.03s Sys=0.01s Real=0.01s
[2026-04-03T01:13:35.665+0600][2.176s][info][gc,marking     ] GC(4) Concurrent Rebuild Remembered Sets and Scrub Regions 13.519ms
[2026-04-03T01:13:35.665+0600][2.176s][info][gc,start       ] GC(4) Pause Cleanup
[2026-04-03T01:13:35.665+0600][2.176s][info][gc             ] GC(4) Pause Cleanup 15M->15M(38M) 0.087ms
[2026-04-03T01:13:35.665+0600][2.176s][info][gc,cpu         ] GC(4) User=0.00s Sys=0.00s Real=0.00s
[2026-04-03T01:13:35.665+0600][2.176s][info][gc,marking     ] GC(4) Concurrent Clear Claimed Marks
[2026-04-03T01:13:35.666+0600][2.177s][info][gc,marking     ] GC(4) Concurrent Clear Claimed Marks 0.020ms
[2026-04-03T01:13:35.666+0600][2.177s][info][gc,marking     ] GC(4) Concurrent Cleanup for Next Mark
[2026-04-03T01:13:35.666+0600][2.177s][info][gc,marking     ] GC(4) Concurrent Cleanup for Next Mark 0.294ms
[2026-04-03T01:13:35.666+0600][2.177s][info][gc             ] GC(4) Concurrent Mark Cycle 29.326ms
[2026-04-03T01:13:35.680+0600][2.191s][info][gc,start       ] GC(6) Pause Young (Prepare Mixed) (G1 Evacuation Pause)
[2026-04-03T01:13:35.680+0600][2.191s][info][gc,task        ] GC(6) Using 2 workers of 10 for evacuation
[2026-04-03T01:13:35.687+0600][2.198s][info][gc,phases      ] GC(6)   Pre Evacuate Collection Set: 0.42ms
[2026-04-03T01:13:35.687+0600][2.198s][info][gc,phases      ] GC(6)   Merge Heap Roots: 0.17ms
[2026-04-03T01:13:35.687+0600][2.198s][info][gc,phases      ] GC(6)   Evacuate Collection Set: 5.09ms
[2026-04-03T01:13:35.687+0600][2.198s][info][gc,phases      ] GC(6)   Post Evacuate Collection Set: 0.93ms
[2026-04-03T01:13:35.687+0600][2.198s][info][gc,phases      ] GC(6)   Other: 0.11ms
[2026-04-03T01:13:35.687+0600][2.198s][info][gc,heap        ] GC(6) Eden regions: 1->0(21)
[2026-04-03T01:13:35.687+0600][2.198s][info][gc,heap        ] GC(6) Survivor regions: 1->1(1)
[2026-04-03T01:13:35.687+0600][2.198s][info][gc,heap        ] GC(6) Old regions: 11->12
[2026-04-03T01:13:35.687+0600][2.198s][info][gc,heap        ] GC(6) Humongous regions: 0->0
[2026-04-03T01:13:35.687+0600][2.198s][info][gc,metaspace   ] GC(6) Metaspace: 5754K(5888K)->5754K(5888K) NonClass: 5055K(5120K)->5055K(5120K) Class: 698K(768K)->698K(768K)
[2026-04-03T01:13:35.687+0600][2.198s][info][gc             ] GC(6) Pause Young (Prepare Mixed) (G1 Evacuation Pause) 17M->17M(142M) 6.990ms
[2026-04-03T01:13:35.687+0600][2.198s][info][gc,cpu         ] GC(6) User=0.01s Sys=0.00s Real=0.01s
[2026-04-03T01:13:36.356+0600][2.867s][info][gc,start       ] GC(7) Pause Young (Mixed) (G1 Evacuation Pause)
[2026-04-03T01:13:36.356+0600][2.867s][info][gc,task        ] GC(7) Using 3 workers of 10 for evacuation
[2026-04-03T01:13:36.389+0600][2.900s][info][gc,phases      ] GC(7)   Pre Evacuate Collection Set: 0.15ms
[2026-04-03T01:13:36.389+0600][2.900s][info][gc,phases      ] GC(7)   Merge Heap Roots: 0.11ms
[2026-04-03T01:13:36.389+0600][2.900s][info][gc,phases      ] GC(7)   Evacuate Collection Set: 32.50ms
[2026-04-03T01:13:36.389+0600][2.900s][info][gc,phases      ] GC(7)   Post Evacuate Collection Set: 0.75ms
[2026-04-03T01:13:36.389+0600][2.900s][info][gc,phases      ] GC(7)   Other: 0.08ms
[2026-04-03T01:13:36.389+0600][2.900s][info][gc,heap        ] GC(7) Eden regions: 21->0(13)
[2026-04-03T01:13:36.389+0600][2.900s][info][gc,heap        ] GC(7) Survivor regions: 1->3(3)
[2026-04-03T01:13:36.389+0600][2.900s][info][gc,heap        ] GC(7) Old regions: 12->25
[2026-04-03T01:13:36.389+0600][2.900s][info][gc,heap        ] GC(7) Humongous regions: 0->0
[2026-04-03T01:13:36.389+0600][2.900s][info][gc,metaspace   ] GC(7) Metaspace: 7787K(8000K)->7787K(8000K) NonClass: 6838K(6976K)->6838K(6976K) Class: 949K(1024K)->949K(1024K)
[2026-04-03T01:13:36.389+0600][2.900s][info][gc             ] GC(7) Pause Young (Mixed) (G1 Evacuation Pause) 59M->53M(142M) 33.802ms
[2026-04-03T01:13:36.389+0600][2.900s][info][gc,cpu         ] GC(7) User=0.08s Sys=0.02s Real=0.03s
[2026-04-03T01:13:36.841+0600][3.352s][info][gc,start       ] GC(8) Pause Young (Normal) (G1 Evacuation Pause)
[2026-04-03T01:13:36.841+0600][3.352s][info][gc,task        ] GC(8) Using 3 workers of 10 for evacuation
[2026-04-03T01:13:36.859+0600][3.370s][info][gc,phases      ] GC(8)   Pre Evacuate Collection Set: 0.22ms
[2026-04-03T01:13:36.859+0600][3.370s][info][gc,phases      ] GC(8)   Merge Heap Roots: 0.17ms
[2026-04-03T01:13:36.859+0600][3.370s][info][gc,phases      ] GC(8)   Evacuate Collection Set: 17.44ms
[2026-04-03T01:13:36.859+0600][3.370s][info][gc,phases      ] GC(8)   Post Evacuate Collection Set: 0.77ms
[2026-04-03T01:13:36.859+0600][3.370s][info][gc,phases      ] GC(8)   Other: 0.13ms
[2026-04-03T01:13:36.860+0600][3.371s][info][gc,heap        ] GC(8) Eden regions: 13->0(11)
[2026-04-03T01:13:36.860+0600][3.371s][info][gc,heap        ] GC(8) Survivor regions: 3->2(2)
[2026-04-03T01:13:36.860+0600][3.371s][info][gc,heap        ] GC(8) Old regions: 25->32
[2026-04-03T01:13:36.860+0600][3.371s][info][gc,heap        ] GC(8) Humongous regions: 0->0
[2026-04-03T01:13:36.860+0600][3.371s][info][gc,metaspace   ] GC(8) Metaspace: 9603K(9856K)->9603K(9856K) NonClass: 8466K(8576K)->8466K(8576K) Class: 1136K(1280K)->1136K(1280K)
[2026-04-03T01:13:36.860+0600][3.371s][info][gc             ] GC(8) Pause Young (Normal) (G1 Evacuation Pause) 79M->65M(142M) 18.978ms
[2026-04-03T01:13:36.860+0600][3.371s][info][gc,cpu         ] GC(8) User=0.06s Sys=0.01s Real=0.01s
[2026-04-03T01:13:36.951+0600][3.462s][info][gc,start       ] GC(9) Pause Young (Concurrent Start) (G1 Evacuation Pause)
[2026-04-03T01:13:36.951+0600][3.462s][info][gc,task        ] GC(9) Using 3 workers of 10 for evacuation
[2026-04-03T01:13:36.968+0600][3.479s][info][gc,phases      ] GC(9)   Pre Evacuate Collection Set: 0.35ms
[2026-04-03T01:13:36.968+0600][3.479s][info][gc,phases      ] GC(9)   Merge Heap Roots: 0.14ms
[2026-04-03T01:13:36.968+0600][3.479s][info][gc,phases      ] GC(9)   Evacuate Collection Set: 16.13ms
[2026-04-03T01:13:36.968+0600][3.479s][info][gc,phases      ] GC(9)   Post Evacuate Collection Set: 0.27ms
[2026-04-03T01:13:36.968+0600][3.479s][info][gc,phases      ] GC(9)   Other: 0.12ms
[2026-04-03T01:13:36.968+0600][3.479s][info][gc,heap        ] GC(9) Eden regions: 11->0(10)
[2026-04-03T01:13:36.968+0600][3.479s][info][gc,heap        ] GC(9) Survivor regions: 2->2(2)
[2026-04-03T01:13:36.968+0600][3.479s][info][gc,heap        ] GC(9) Old regions: 32->38
[2026-04-03T01:13:36.968+0600][3.479s][info][gc,heap        ] GC(9) Humongous regions: 0->0
[2026-04-03T01:13:36.968+0600][3.479s][info][gc,metaspace   ] GC(9) Metaspace: 9637K(9856K)->9637K(9856K) NonClass: 8499K(8576K)->8499K(8576K) Class: 1138K(1280K)->1138K(1280K)
[2026-04-03T01:13:36.968+0600][3.479s][info][gc             ] GC(9) Pause Young (Concurrent Start) (G1 Evacuation Pause) 87M->77M(142M) 17.238ms
[2026-04-03T01:13:36.968+0600][3.479s][info][gc,cpu         ] GC(9) User=0.05s Sys=0.00s Real=0.01s
[2026-04-03T01:13:36.968+0600][3.479s][info][gc             ] GC(10) Concurrent Mark Cycle
[2026-04-03T01:13:36.968+0600][3.479s][info][gc,marking     ] GC(10) Concurrent Scan Root Regions
[2026-04-03T01:13:36.973+0600][3.484s][info][gc,marking     ] GC(10) Concurrent Scan Root Regions 4.570ms
[2026-04-03T01:13:36.973+0600][3.484s][info][gc,marking     ] GC(10) Concurrent Mark
[2026-04-03T01:13:36.973+0600][3.484s][info][gc,marking     ] GC(10) Concurrent Mark From Roots
[2026-04-03T01:13:36.973+0600][3.484s][info][gc,task        ] GC(10) Using 3 workers of 3 for marking
[2026-04-03T01:13:37.030+0600][3.541s][info][gc,marking     ] GC(10) Concurrent Mark From Roots 57.076ms
[2026-04-03T01:13:37.030+0600][3.541s][info][gc,marking     ] GC(10) Concurrent Preclean
[2026-04-03T01:13:37.030+0600][3.541s][info][gc,marking     ] GC(10) Concurrent Preclean 0.054ms
[2026-04-03T01:13:37.031+0600][3.542s][info][gc,start       ] GC(10) Pause Remark
[2026-04-03T01:13:37.035+0600][3.546s][info][gc             ] GC(10) Pause Remark 92M->92M(142M) 4.202ms
[2026-04-03T01:13:37.035+0600][3.546s][info][gc,cpu         ] GC(10) User=0.02s Sys=0.00s Real=0.00s
[2026-04-03T01:13:37.035+0600][3.546s][info][gc,marking     ] GC(10) Concurrent Mark 61.942ms
[2026-04-03T01:13:37.035+0600][3.546s][info][gc,marking     ] GC(10) Concurrent Rebuild Remembered Sets and Scrub Regions
[2026-04-03T01:13:37.060+0600][3.571s][info][gc,marking     ] GC(10) Concurrent Rebuild Remembered Sets and Scrub Regions 24.528ms
[2026-04-03T01:13:37.060+0600][3.571s][info][gc,start       ] GC(10) Pause Cleanup
[2026-04-03T01:13:37.060+0600][3.571s][info][gc             ] GC(10) Pause Cleanup 97M->97M(142M) 0.235ms
[2026-04-03T01:13:37.060+0600][3.571s][info][gc,cpu         ] GC(10) User=0.00s Sys=0.00s Real=0.00s
[2026-04-03T01:13:37.060+0600][3.571s][info][gc,marking     ] GC(10) Concurrent Clear Claimed Marks
[2026-04-03T01:13:37.060+0600][3.571s][info][gc,marking     ] GC(10) Concurrent Clear Claimed Marks 0.056ms
[2026-04-03T01:13:37.060+0600][3.571s][info][gc,marking     ] GC(10) Concurrent Cleanup for Next Mark
[2026-04-03T01:13:37.061+0600][3.572s][info][gc,marking     ] GC(10) Concurrent Cleanup for Next Mark 0.919ms
[2026-04-03T01:13:37.061+0600][3.572s][info][gc             ] GC(10) Concurrent Mark Cycle 92.969ms
[2026-04-03T01:13:37.061+0600][3.572s][info][gc,start       ] GC(11) Pause Young (Prepare Mixed) (G1 Evacuation Pause)
[2026-04-03T01:13:37.061+0600][3.572s][info][gc,task        ] GC(11) Using 3 workers of 10 for evacuation
[2026-04-03T01:13:37.076+0600][3.587s][info][gc,phases      ] GC(11)   Pre Evacuate Collection Set: 0.12ms
[2026-04-03T01:13:37.076+0600][3.587s][info][gc,phases      ] GC(11)   Merge Heap Roots: 0.09ms
[2026-04-03T01:13:37.076+0600][3.587s][info][gc,phases      ] GC(11)   Evacuate Collection Set: 14.22ms
[2026-04-03T01:13:37.076+0600][3.587s][info][gc,phases      ] GC(11)   Post Evacuate Collection Set: 0.46ms
[2026-04-03T01:13:37.077+0600][3.588s][info][gc,phases      ] GC(11)   Other: 0.12ms
[2026-04-03T01:13:37.077+0600][3.588s][info][gc,heap        ] GC(11) Eden regions: 10->0(9)
[2026-04-03T01:13:37.077+0600][3.588s][info][gc,heap        ] GC(11) Survivor regions: 2->2(2)
[2026-04-03T01:13:37.077+0600][3.588s][info][gc,heap        ] GC(11) Old regions: 38->43
[2026-04-03T01:13:37.077+0600][3.588s][info][gc,heap        ] GC(11) Humongous regions: 0->0
[2026-04-03T01:13:37.077+0600][3.588s][info][gc,metaspace   ] GC(11) Metaspace: 9661K(9920K)->9661K(9920K) NonClass: 8523K(8640K)->8523K(8640K) Class: 1138K(1280K)->1138K(1280K)
[2026-04-03T01:13:37.077+0600][3.588s][info][gc             ] GC(11) Pause Young (Prepare Mixed) (G1 Evacuation Pause) 97M->88M(142M) 15.228ms
[2026-04-03T01:13:37.077+0600][3.588s][info][gc,cpu         ] GC(11) User=0.06s Sys=0.00s Real=0.01s
[2026-04-03T01:13:37.127+0600][3.638s][info][gc,start       ] GC(12) Pause Young (Mixed) (G1 Evacuation Pause)
[2026-04-03T01:13:37.128+0600][3.639s][info][gc,task        ] GC(12) Using 3 workers of 10 for evacuation
[2026-04-03T01:13:37.139+0600][3.650s][info][gc,phases      ] GC(12)   Pre Evacuate Collection Set: 0.19ms
[2026-04-03T01:13:37.139+0600][3.650s][info][gc,phases      ] GC(12)   Merge Heap Roots: 0.10ms
[2026-04-03T01:13:37.139+0600][3.650s][info][gc,phases      ] GC(12)   Evacuate Collection Set: 10.02ms
[2026-04-03T01:13:37.139+0600][3.650s][info][gc,phases      ] GC(12)   Post Evacuate Collection Set: 1.28ms
[2026-04-03T01:13:37.139+0600][3.650s][info][gc,phases      ] GC(12)   Other: 0.13ms
[2026-04-03T01:13:37.139+0600][3.650s][info][gc,heap        ] GC(12) Eden regions: 9->0(48)
[2026-04-03T01:13:37.139+0600][3.650s][info][gc,heap        ] GC(12) Survivor regions: 2->2(2)
[2026-04-03T01:13:37.139+0600][3.650s][info][gc,heap        ] GC(12) Old regions: 43->47
[2026-04-03T01:13:37.139+0600][3.650s][info][gc,heap        ] GC(12) Humongous regions: 0->0
[2026-04-03T01:13:37.139+0600][3.650s][info][gc,metaspace   ] GC(12) Metaspace: 9662K(9920K)->9662K(9920K) NonClass: 8524K(8640K)->8524K(8640K) Class: 1138K(1280K)->1138K(1280K)
[2026-04-03T01:13:37.139+0600][3.650s][info][gc             ] GC(12) Pause Young (Mixed) (G1 Evacuation Pause) 106M->96M(426M) 11.923ms
[2026-04-03T01:13:37.139+0600][3.650s][info][gc,cpu         ] GC(12) User=0.03s Sys=0.01s Real=0.01s
[2026-04-03T01:13:37.428+0600][3.939s][info][gc,start       ] GC(13) Pause Young (Normal) (G1 Evacuation Pause)
[2026-04-03T01:13:37.430+0600][3.941s][info][gc,task        ] GC(13) Using 10 workers of 10 for evacuation
[2026-04-03T01:13:37.449+0600][3.960s][info][gc,phases      ] GC(13)   Pre Evacuate Collection Set: 0.16ms
[2026-04-03T01:13:37.449+0600][3.960s][info][gc,phases      ] GC(13)   Merge Heap Roots: 0.16ms
[2026-04-03T01:13:37.449+0600][3.960s][info][gc,phases      ] GC(13)   Evacuate Collection Set: 17.98ms
[2026-04-03T01:13:37.449+0600][3.960s][info][gc,phases      ] GC(13)   Post Evacuate Collection Set: 0.67ms
[2026-04-03T01:13:37.449+0600][3.960s][info][gc,phases      ] GC(13)   Other: 1.39ms
[2026-04-03T01:13:37.449+0600][3.960s][info][gc,heap        ] GC(13) Eden regions: 47->0(48)
[2026-04-03T01:13:37.449+0600][3.960s][info][gc,heap        ] GC(13) Survivor regions: 2->7(7)
[2026-04-03T01:13:37.449+0600][3.960s][info][gc,heap        ] GC(13) Old regions: 47->66
[2026-04-03T01:13:37.449+0600][3.960s][info][gc,heap        ] GC(13) Humongous regions: 0->0
[2026-04-03T01:13:37.449+0600][3.960s][info][gc,metaspace   ] GC(13) Metaspace: 9671K(9920K)->9671K(9920K) NonClass: 8531K(8640K)->8531K(8640K) Class: 1139K(1280K)->1139K(1280K)
[2026-04-03T01:13:37.449+0600][3.960s][info][gc             ] GC(13) Pause Young (Normal) (G1 Evacuation Pause) 190M->143M(426M) 20.676ms
[2026-04-03T01:13:37.449+0600][3.960s][info][gc,cpu         ] GC(13) User=0.18s Sys=0.02s Real=0.02s
[2026-04-03T01:13:38.386+0600][4.897s][info][gc,start       ] GC(14) Pause Young (Normal) (G1 Evacuation Pause)
[2026-04-03T01:13:38.386+0600][4.897s][info][gc,task        ] GC(14) Using 10 workers of 10 for evacuation
[2026-04-03T01:13:38.399+0600][4.910s][info][gc,phases      ] GC(14)   Pre Evacuate Collection Set: 0.33ms
[2026-04-03T01:13:38.399+0600][4.910s][info][gc,phases      ] GC(14)   Merge Heap Roots: 0.50ms
[2026-04-03T01:13:38.399+0600][4.910s][info][gc,phases      ] GC(14)   Evacuate Collection Set: 11.19ms
[2026-04-03T01:13:38.399+0600][4.910s][info][gc,phases      ] GC(14)   Post Evacuate Collection Set: 0.75ms
[2026-04-03T01:13:38.399+0600][4.910s][info][gc,phases      ] GC(14)   Other: 0.20ms
[2026-04-03T01:13:38.399+0600][4.910s][info][gc,heap        ] GC(14) Eden regions: 38->0(49)
[2026-04-03T01:13:38.399+0600][4.910s][info][gc,heap        ] GC(14) Survivor regions: 7->6(6)
[2026-04-03T01:13:38.399+0600][4.910s][info][gc,heap        ] GC(14) Old regions: 66->75
[2026-04-03T01:13:38.399+0600][4.910s][info][gc,heap        ] GC(14) Humongous regions: 7->7
[2026-04-03T01:13:38.399+0600][4.910s][info][gc,metaspace   ] GC(14) Metaspace: 11941K(12160K)->11941K(12160K) NonClass: 10607K(10752K)->10607K(10752K) Class: 1333K(1408K)->1333K(1408K)
[2026-04-03T01:13:38.399+0600][4.910s][info][gc             ] GC(14) Pause Young (Normal) (G1 Evacuation Pause) 233M->174M(426M) 13.357ms
[2026-04-03T01:13:38.399+0600][4.910s][info][gc,cpu         ] GC(14) User=0.11s Sys=0.01s Real=0.01s
[2026-04-03T01:13:40.589+0600][7.100s][info][gc,heap,exit   ] Heap
[2026-04-03T01:13:40.589+0600][7.100s][info][gc,heap,exit   ]  garbage-first heap   total 436224K, used 258796K [0x000000070ae00000, 0x0000000800000000)
[2026-04-03T01:13:40.589+0600][7.100s][info][gc,heap,exit   ]   region size 2048K, 35 young (71680K), 6 survivors (12288K)
[2026-04-03T01:13:40.589+0600][7.100s][info][gc,heap,exit   ]  Metaspace       used 12261K, committed 12480K, reserved 1114112K
[2026-04-03T01:13:40.589+0600][7.100s][info][gc,heap,exit   ]   class space    used 1357K, committed 1472K, reserved 1048576K
