[2026-04-03T01:13:48.048+0600][0.007s][info][gc] Heuristics ergonomically sets -XX:+ExplicitGCInvokesConcurrent
[2026-04-03T01:13:48.048+0600][0.007s][info][gc] Heuristics ergonomically sets -XX:+ShenandoahImplicitGCInvokesConcurrent
[2026-04-03T01:13:48.049+0600][0.007s][info][gc] Using Shenandoah
[2026-04-03T01:13:48.050+0600][0.008s][info][gc,ergo] Pacer for Idle. Initial: 80302K, Alloc Tax Rate: 1.0x
[2026-04-03T01:13:48.050+0600][0.008s][info][gc,init] Version: 21.0.10+7-Ubuntu-124.04 (release)
[2026-04-03T01:13:48.050+0600][0.008s][info][gc,init] CPUs: 12 total, 12 available
[2026-04-03T01:13:48.050+0600][0.008s][info][gc,init] Memory: 15683M
[2026-04-03T01:13:48.050+0600][0.008s][info][gc,init] Large Page Support: Disabled
[2026-04-03T01:13:48.050+0600][0.008s][info][gc,init] NUMA Support: Disabled
[2026-04-03T01:13:48.050+0600][0.008s][info][gc,init] Compressed Oops: Enabled (Zero based)
[2026-04-03T01:13:48.050+0600][0.008s][info][gc,init] Heap Min Capacity: 7M
[2026-04-03T01:13:48.050+0600][0.008s][info][gc,init] Heap Initial Capacity: 246M
[2026-04-03T01:13:48.050+0600][0.008s][info][gc,init] Heap Max Capacity: 3921M
[2026-04-03T01:13:48.050+0600][0.008s][info][gc,init] Pre-touch: Disabled
[2026-04-03T01:13:48.050+0600][0.008s][info][gc,init] Mode: Snapshot-At-The-Beginning (SATB)
[2026-04-03T01:13:48.050+0600][0.008s][info][gc,init] Heuristics: Adaptive
[2026-04-03T01:13:48.050+0600][0.008s][info][gc,init] Heap Region Count: 3921
[2026-04-03T01:13:48.050+0600][0.008s][info][gc,init] Heap Region Size: 1M
[2026-04-03T01:13:48.050+0600][0.008s][info][gc,init] TLAB Size Max: 1M
[2026-04-03T01:13:48.050+0600][0.008s][info][gc,init] Humongous Object Threshold: 1M
[2026-04-03T01:13:48.050+0600][0.008s][info][gc,init] Parallel Workers: 6
[2026-04-03T01:13:48.050+0600][0.008s][info][gc,init] Concurrent Workers: 3
[2026-04-03T01:13:48.063+0600][0.022s][info][gc,metaspace] CDS archive(s) mapped at: [0x000074820f000000-0x000074820fc9c000-0x000074820fc9c000), size 13221888, SharedBaseAddress: 0x000074820f000000, ArchiveRelocationMode: 1.
[2026-04-03T01:13:48.063+0600][0.022s][info][gc,metaspace] Compressed class space mapped at: 0x0000748210000000-0x0000748250000000, reserved size: 1073741824
[2026-04-03T01:13:48.063+0600][0.022s][info][gc,metaspace] Narrow klass base: 0x000074820f000000, Narrow klass shift: 0, Narrow klass range: 0x100000000
[2026-04-03T01:13:49.801+0600][1.759s][info][gc          ] Trigger: Explicit GC request (System.gc())
[2026-04-03T01:13:49.801+0600][1.759s][info][gc,ergo     ] Free: 3711M, Max: 1024K regular, 3711M humongous, Frag: 0% external, 0% internal; Reserve: 197M, Max: 1024K
[2026-04-03T01:13:49.801+0600][1.759s][info][gc,start    ] GC(0) Concurrent reset
[2026-04-03T01:13:49.802+0600][1.760s][info][gc,task     ] GC(0) Using 3 of 6 workers for concurrent reset
[2026-04-03T01:13:49.802+0600][1.760s][info][gc,ergo     ] GC(0) Pacer for Reset. Non-Taxable: 3921M
[2026-04-03T01:13:49.802+0600][1.760s][info][gc          ] GC(0) Concurrent reset 0.811ms
[2026-04-03T01:13:49.802+0600][1.760s][info][gc,start    ] GC(0) Pause Init Mark (unload classes)
[2026-04-03T01:13:49.803+0600][1.761s][info][gc,task     ] GC(0) Using 5 of 6 workers for init marking
[2026-04-03T01:13:49.803+0600][1.761s][info][gc,ref      ] GC(0) Clearing All SoftReferences
[2026-04-03T01:13:49.803+0600][1.761s][info][gc,ergo     ] GC(0) Pacer for Mark. Expected Live: 392M, Free: 3711M, Non-Taxable: 371M, Alloc Tax Rate: 0.1x
[2026-04-03T01:13:49.803+0600][1.761s][info][gc          ] GC(0) Pause Init Mark (unload classes) 0.404ms
[2026-04-03T01:13:49.803+0600][1.761s][info][gc,start    ] GC(0) Concurrent marking roots
[2026-04-03T01:13:49.803+0600][1.761s][info][gc,task     ] GC(0) Using 3 of 6 workers for concurrent marking roots
[2026-04-03T01:13:49.803+0600][1.761s][info][gc          ] GC(0) Concurrent marking roots 0.612ms
[2026-04-03T01:13:49.803+0600][1.761s][info][gc,start    ] GC(0) Concurrent marking (unload classes)
[2026-04-03T01:13:49.803+0600][1.761s][info][gc,task     ] GC(0) Using 3 of 6 workers for concurrent marking
[2026-04-03T01:13:49.805+0600][1.763s][info][gc          ] GC(0) Concurrent marking (unload classes) 2.033ms
[2026-04-03T01:13:49.805+0600][1.763s][info][gc,start    ] GC(0) Pause Final Mark (unload classes)
[2026-04-03T01:13:49.805+0600][1.763s][info][gc,task     ] GC(0) Using 5 of 6 workers for final marking
[2026-04-03T01:13:49.806+0600][1.764s][info][gc,ergo     ] GC(0) Adaptive CSet Selection. Target Free: 555M, Actual Free: 3908M, Max CSet: 163M, Min Garbage: 0B
[2026-04-03T01:13:49.806+0600][1.764s][info][gc,ergo     ] GC(0) Collectable Garbage: 10382K (100%), Immediate: 0B (0%), CSet: 10382K (100%)
[2026-04-03T01:13:49.806+0600][1.764s][info][gc,ergo     ] GC(0) Pacer for Evacuation. Used CSet: 13312K, Free: 3711M, Non-Taxable: 371M, Alloc Tax Rate: 1.1x
[2026-04-03T01:13:49.806+0600][1.764s][info][gc          ] GC(0) Pause Final Mark (unload classes) 0.403ms
[2026-04-03T01:13:49.806+0600][1.764s][info][gc,start    ] GC(0) Concurrent thread roots
[2026-04-03T01:13:49.806+0600][1.764s][info][gc,task     ] GC(0) Using 3 of 6 workers for Concurrent thread roots
[2026-04-03T01:13:49.806+0600][1.764s][info][gc          ] GC(0) Concurrent thread roots 0.224ms
[2026-04-03T01:13:49.806+0600][1.764s][info][gc,start    ] GC(0) Concurrent weak references
[2026-04-03T01:13:49.806+0600][1.764s][info][gc,task     ] GC(0) Using 3 of 6 workers for concurrent weak references
[2026-04-03T01:13:49.806+0600][1.764s][info][gc,ref      ] GC(0) Encountered references: Soft: 79, Weak: 328, Final: 3, Phantom: 43
[2026-04-03T01:13:49.806+0600][1.764s][info][gc,ref      ] GC(0) Discovered  references: Soft: 65, Weak: 208, Final: 3, Phantom: 22
[2026-04-03T01:13:49.806+0600][1.764s][info][gc,ref      ] GC(0) Enqueued    references: Soft: 32, Weak: 85, Final: 0, Phantom: 2
[2026-04-03T01:13:49.806+0600][1.764s][info][gc          ] GC(0) Concurrent weak references 0.162ms
[2026-04-03T01:13:49.806+0600][1.764s][info][gc,start    ] GC(0) Concurrent weak roots
[2026-04-03T01:13:49.806+0600][1.764s][info][gc,task     ] GC(0) Using 3 of 6 workers for concurrent weak root
[2026-04-03T01:13:49.807+0600][1.765s][info][gc          ] GC(0) Concurrent weak roots 0.323ms
[2026-04-03T01:13:49.807+0600][1.765s][info][gc,start    ] GC(0) Concurrent cleanup
[2026-04-03T01:13:49.807+0600][1.765s][info][gc          ] GC(0) Concurrent cleanup 13M->14M(247M) 0.184ms
[2026-04-03T01:13:49.807+0600][1.765s][info][gc,ergo     ] GC(0) Free: 3710M, Max: 1024K regular, 3710M humongous, Frag: 0% external, 0% internal; Reserve: 196M, Max: 1024K
[2026-04-03T01:13:49.807+0600][1.765s][info][gc,start    ] GC(0) Concurrent class unloading
[2026-04-03T01:13:49.807+0600][1.765s][info][gc,task     ] GC(0) Using 3 of 6 workers for concurrent class unloading
[2026-04-03T01:13:49.808+0600][1.766s][info][gc          ] GC(0) Concurrent class unloading 1.590ms
[2026-04-03T01:13:49.808+0600][1.767s][info][gc,start    ] GC(0) Concurrent strong roots
[2026-04-03T01:13:49.808+0600][1.767s][info][gc,task     ] GC(0) Using 3 of 6 workers for concurrent strong root
[2026-04-03T01:13:49.809+0600][1.767s][info][gc          ] GC(0) Concurrent strong roots 0.675ms
[2026-04-03T01:13:49.809+0600][1.767s][info][gc,start    ] GC(0) Concurrent evacuation
[2026-04-03T01:13:49.809+0600][1.767s][info][gc,task     ] GC(0) Using 3 of 6 workers for concurrent evacuation
[2026-04-03T01:13:49.811+0600][1.769s][info][gc          ] GC(0) Concurrent evacuation 1.646ms
[2026-04-03T01:13:49.811+0600][1.769s][info][gc,start    ] GC(0) Pause Init Update Refs
[2026-04-03T01:13:49.811+0600][1.769s][info][gc,ergo     ] GC(0) Pacer for Update Refs. Used: 18428K, Free: 3710M, Non-Taxable: 371M, Alloc Tax Rate: 1.1x
[2026-04-03T01:13:49.811+0600][1.769s][info][gc          ] GC(0) Pause Init Update Refs 0.035ms
[2026-04-03T01:13:49.811+0600][1.769s][info][gc,start    ] GC(0) Concurrent update references
[2026-04-03T01:13:49.811+0600][1.769s][info][gc,task     ] GC(0) Using 3 of 6 workers for concurrent reference update
[2026-04-03T01:13:49.813+0600][1.771s][info][gc          ] GC(0) Concurrent update references 1.668ms
[2026-04-03T01:13:49.813+0600][1.771s][info][gc,start    ] GC(0) Concurrent update thread roots
[2026-04-03T01:13:49.813+0600][1.771s][info][gc          ] GC(0) Concurrent update thread roots 0.234ms
[2026-04-03T01:13:49.813+0600][1.771s][info][gc,start    ] GC(0) Pause Final Update Refs
[2026-04-03T01:13:49.813+0600][1.771s][info][gc,task     ] GC(0) Using 6 of 6 workers for final reference update
[2026-04-03T01:13:49.813+0600][1.771s][info][gc          ] GC(0) Pause Final Update Refs 0.354ms
[2026-04-03T01:13:49.813+0600][1.772s][info][gc,start    ] GC(0) Concurrent cleanup
[2026-04-03T01:13:49.814+0600][1.772s][info][gc          ] GC(0) Concurrent cleanup 17M->4M(250M) 0.188ms
[2026-04-03T01:13:49.814+0600][1.772s][info][gc,ergo     ] Free: 3719M, Max: 1024K regular, 3706M humongous, Frag: 1% external, 0% internal; Reserve: 197M, Max: 1024K
[2026-04-03T01:13:49.814+0600][1.772s][info][gc,stats    ] 
[2026-04-03T01:13:49.814+0600][1.772s][info][gc,stats    ] All times are wall-clock times, except per-root-class counters, that are sum over
[2026-04-03T01:13:49.814+0600][1.772s][info][gc,stats    ] all workers. Dividing the <total> over the root stage time estimates parallelism.
[2026-04-03T01:13:49.814+0600][1.772s][info][gc,stats    ] 
[2026-04-03T01:13:49.814+0600][1.772s][info][gc,stats    ] Concurrent Reset                    832 us
[2026-04-03T01:13:49.814+0600][1.772s][info][gc,stats    ] Pause Init Mark (G)                 525 us
[2026-04-03T01:13:49.814+0600][1.772s][info][gc,stats    ] Pause Init Mark (N)                 418 us
[2026-04-03T01:13:49.814+0600][1.772s][info][gc,stats    ]   Update Region States               20 us
[2026-04-03T01:13:49.814+0600][1.772s][info][gc,stats    ] Concurrent Mark Roots               664 us, parallelism: 1.68x
[2026-04-03T01:13:49.814+0600][1.772s][info][gc,stats    ]   CMR: <total>                     1112 us
[2026-04-03T01:13:49.814+0600][1.772s][info][gc,stats    ]   CMR: Thread Roots                 665 us, workers (us): 297,   1, 367, ---, ---, ---, 
[2026-04-03T01:13:49.814+0600][1.772s][info][gc,stats    ]   CMR: VM Strong Roots              166 us, workers (us): 141,  24,   1, ---, ---, ---, 
[2026-04-03T01:13:49.814+0600][1.772s][info][gc,stats    ]   CMR: CLDG Roots                   281 us, workers (us): ---, 281, ---, ---, ---, ---, 
[2026-04-03T01:13:49.814+0600][1.772s][info][gc,stats    ] Concurrent Marking                 2062 us
[2026-04-03T01:13:49.814+0600][1.772s][info][gc,stats    ] Pause Final Mark (G)                497 us
[2026-04-03T01:13:49.814+0600][1.772s][info][gc,stats    ] Pause Final Mark (N)                412 us
[2026-04-03T01:13:49.814+0600][1.772s][info][gc,stats    ]   Finish Mark                       200 us
[2026-04-03T01:13:49.814+0600][1.772s][info][gc,stats    ]   Update Region States               33 us
[2026-04-03T01:13:49.814+0600][1.772s][info][gc,stats    ]   Choose Collection Set              94 us
[2026-04-03T01:13:49.814+0600][1.772s][info][gc,stats    ]   Rebuild Free Set                   31 us
[2026-04-03T01:13:49.814+0600][1.772s][info][gc,stats    ] Concurrent Thread Roots             235 us, parallelism: 1.02x
[2026-04-03T01:13:49.814+0600][1.772s][info][gc,stats    ]   CTR: <total>                      239 us
[2026-04-03T01:13:49.814+0600][1.772s][info][gc,stats    ]   CTR: Thread Roots                 239 us, workers (us):  83,  77,  79, ---, ---, ---, 
[2026-04-03T01:13:49.814+0600][1.772s][info][gc,stats    ] Concurrent Weak References          169 us, parallelism: 0.40x
[2026-04-03T01:13:49.814+0600][1.772s][info][gc,stats    ]   CWRF: <total>                      68 us
[2026-04-03T01:13:49.814+0600][1.772s][info][gc,stats    ]   CWRF: Weak References              68 us, workers (us):  58,   9,   1, ---, ---, ---, 
[2026-04-03T01:13:49.814+0600][1.772s][info][gc,stats    ] Concurrent Weak Roots               333 us
[2026-04-03T01:13:49.814+0600][1.772s][info][gc,stats    ]   Roots                             256 us, parallelism: 2.38x
[2026-04-03T01:13:49.814+0600][1.772s][info][gc,stats    ]     CWR: <total>                    608 us
[2026-04-03T01:13:49.814+0600][1.772s][info][gc,stats    ]     CWR: Code Cache Roots           213 us, workers (us):  70,  75,  68, ---, ---, ---, 
[2026-04-03T01:13:49.814+0600][1.772s][info][gc,stats    ]     CWR: VM Weak Roots              392 us, workers (us): 147, 150,  94, ---, ---, ---, 
[2026-04-03T01:13:49.814+0600][1.772s][info][gc,stats    ]     CWR: CLDG Roots                   4 us, workers (us): ---, ---,   4, ---, ---, ---, 
[2026-04-03T01:13:49.814+0600][1.772s][info][gc,stats    ]   Rendezvous                         52 us
[2026-04-03T01:13:49.814+0600][1.772s][info][gc,stats    ] Concurrent Cleanup                  201 us
[2026-04-03T01:13:49.814+0600][1.772s][info][gc,stats    ] Concurrent Class Unloading         1617 us
[2026-04-03T01:13:49.814+0600][1.772s][info][gc,stats    ]   Unlink Stale                     1383 us
[2026-04-03T01:13:49.814+0600][1.772s][info][gc,stats    ]     System Dictionary                81 us
[2026-04-03T01:13:49.814+0600][1.772s][info][gc,stats    ]     Weak Class Links                838 us
[2026-04-03T01:13:49.814+0600][1.772s][info][gc,stats    ]     Code Roots                      462 us
[2026-04-03T01:13:49.814+0600][1.772s][info][gc,stats    ]   Rendezvous                         44 us
[2026-04-03T01:13:49.814+0600][1.772s][info][gc,stats    ]   Purge Unlinked                    146 us
[2026-04-03T01:13:49.814+0600][1.772s][info][gc,stats    ]     Code Roots                      126 us
[2026-04-03T01:13:49.814+0600][1.772s][info][gc,stats    ]     CLDG                             19 us
[2026-04-03T01:13:49.814+0600][1.772s][info][gc,stats    ]     Exception Caches                  0 us
[2026-04-03T01:13:49.814+0600][1.772s][info][gc,stats    ] Concurrent Strong Roots             700 us, parallelism: 0.77x
[2026-04-03T01:13:49.814+0600][1.772s][info][gc,stats    ]   CSR: <total>                      539 us
[2026-04-03T01:13:49.814+0600][1.772s][info][gc,stats    ]   CSR: VM Strong Roots               32 us, workers (us):  31,   1,   0, ---, ---, ---, 
[2026-04-03T01:13:49.814+0600][1.772s][info][gc,stats    ]   CSR: CLDG Roots                   507 us, workers (us): 507, ---, ---, ---, ---, ---, 
[2026-04-03T01:13:49.814+0600][1.772s][info][gc,stats    ] Concurrent Evacuation              1671 us
[2026-04-03T01:13:49.814+0600][1.772s][info][gc,stats    ] Pause Init Update Refs (G)          171 us
[2026-04-03T01:13:49.814+0600][1.772s][info][gc,stats    ] Pause Init Update Refs (N)           44 us
[2026-04-03T01:13:49.814+0600][1.772s][info][gc,stats    ]   Manage GCLABs                       3 us
[2026-04-03T01:13:49.814+0600][1.772s][info][gc,stats    ] Concurrent Update Refs             1760 us
[2026-04-03T01:13:49.814+0600][1.772s][info][gc,stats    ] Concurrent Update Thread Roots      252 us
[2026-04-03T01:13:49.814+0600][1.772s][info][gc,stats    ] Pause Final Update Refs (G)         490 us
[2026-04-03T01:13:49.814+0600][1.772s][info][gc,stats    ] Pause Final Update Refs (N)         364 us
[2026-04-03T01:13:49.814+0600][1.772s][info][gc,stats    ]   Update Region States               29 us
[2026-04-03T01:13:49.814+0600][1.772s][info][gc,stats    ]   Trash Collection Set                8 us
[2026-04-03T01:13:49.814+0600][1.772s][info][gc,stats    ]   Rebuild Free Set                   28 us
[2026-04-03T01:13:49.814+0600][1.772s][info][gc,stats    ] Concurrent Cleanup                  199 us
[2026-04-03T01:13:49.814+0600][1.772s][info][gc,stats    ] 
[2026-04-03T01:13:49.814+0600][1.772s][info][gc,stats    ] Allocation pacing accrued:
[2026-04-03T01:13:49.814+0600][1.772s][info][gc,stats    ]       0 of  1764 ms (  0.0%): <total>
[2026-04-03T01:13:49.814+0600][1.772s][info][gc,stats    ]       0 of  1764 ms (  0.0%): <average total>
[2026-04-03T01:13:49.814+0600][1.772s][info][gc,stats    ] 
[2026-04-03T01:13:49.814+0600][1.772s][info][gc,metaspace] Metaspace: 2801K(2944K)->2795K(2944K) NonClass: 2500K(2560K)->2496K(2560K) Class: 301K(384K)->299K(384K)
[2026-04-03T01:13:49.814+0600][1.772s][info][gc,ergo     ] Pacer for Idle. Initial: 80302K, Alloc Tax Rate: 1.0x
[2026-04-03T01:13:49.814+0600][1.772s][info][gc,start    ] Concurrent uncommit
[2026-04-03T01:13:49.817+0600][1.775s][info][gc          ] Concurrent uncommit 5M->5M(7M) 2.910ms
[2026-04-03T01:13:55.261+0600][7.219s][info][gc          ] Cancelling GC: Stopping VM
[2026-04-03T01:13:55.262+0600][7.220s][info][gc,heap,exit] Heap
[2026-04-03T01:13:55.262+0600][7.220s][info][gc,heap,exit] Shenandoah Heap
[2026-04-03T01:13:55.262+0600][7.220s][info][gc,heap,exit]  3921M max, 3921M soft max, 413M committed, 412M used
[2026-04-03T01:13:55.262+0600][7.220s][info][gc,heap,exit]  3921 x 1024K regions
[2026-04-03T01:13:55.262+0600][7.220s][info][gc,heap,exit] Status: cancelled
[2026-04-03T01:13:55.262+0600][7.220s][info][gc,heap,exit] Reserved region:
[2026-04-03T01:13:55.262+0600][7.220s][info][gc,heap,exit]  - [0x000000070af00000, 0x0000000800000000) 
[2026-04-03T01:13:55.262+0600][7.220s][info][gc,heap,exit] Collection set:
[2026-04-03T01:13:55.262+0600][7.220s][info][gc,heap,exit]  - map (vanilla): 0x00000000000170af
[2026-04-03T01:13:55.262+0600][7.220s][info][gc,heap,exit]  - map (biased):  0x0000000000010000
[2026-04-03T01:13:55.262+0600][7.220s][info][gc,heap,exit] 
[2026-04-03T01:13:55.262+0600][7.220s][info][gc,heap,exit]  Metaspace       used 12301K, committed 12480K, reserved 1114112K
[2026-04-03T01:13:55.262+0600][7.220s][info][gc,heap,exit]   class space    used 1355K, committed 1472K, reserved 1048576K
[2026-04-03T01:13:55.262+0600][7.220s][info][gc,stats    ] 
[2026-04-03T01:13:55.262+0600][7.220s][info][gc,stats    ] GC STATISTICS:
[2026-04-03T01:13:55.262+0600][7.220s][info][gc,stats    ]   "(G)" (gross) pauses include VM time: time to notify and block threads, do the pre-
[2026-04-03T01:13:55.262+0600][7.220s][info][gc,stats    ]         and post-safepoint housekeeping. Use -Xlog:safepoint+stats to dissect.
[2026-04-03T01:13:55.262+0600][7.220s][info][gc,stats    ]   "(N)" (net) pauses are the times spent in the actual GC code.
[2026-04-03T01:13:55.262+0600][7.220s][info][gc,stats    ]   "a" is average time for each phase, look at levels to see if average makes sense.
[2026-04-03T01:13:55.262+0600][7.220s][info][gc,stats    ]   "lvls" are quantiles: 0% (minimum), 25%, 50% (median), 75%, 100% (maximum).
[2026-04-03T01:13:55.262+0600][7.220s][info][gc,stats    ] 
[2026-04-03T01:13:55.262+0600][7.220s][info][gc,stats    ]   All times are wall-clock times, except per-root-class counters, that are sum over
[2026-04-03T01:13:55.262+0600][7.220s][info][gc,stats    ]   all workers. Dividing the <total> over the root stage time estimates parallelism.
[2026-04-03T01:13:55.262+0600][7.220s][info][gc,stats    ] 
[2026-04-03T01:13:55.262+0600][7.220s][info][gc,stats    ]   Pacing delays are measured from entering the pacing code till exiting it. Therefore,
[2026-04-03T01:13:55.262+0600][7.220s][info][gc,stats    ]   observed pacing delays may be higher than the threshold when paced thread spent more
[2026-04-03T01:13:55.262+0600][7.220s][info][gc,stats    ]   time in the pacing code. It usually happens when thread is de-scheduled while paced,
[2026-04-03T01:13:55.262+0600][7.220s][info][gc,stats    ]   OS takes longer to unblock the thread, or JVM experiences an STW pause.
[2026-04-03T01:13:55.262+0600][7.220s][info][gc,stats    ] 
[2026-04-03T01:13:55.262+0600][7.220s][info][gc,stats    ]   Higher delay would prevent application outpacing the GC, but it will hide the GC latencies
[2026-04-03T01:13:55.262+0600][7.220s][info][gc,stats    ]   from the STW pause times. Pacing affects the individual threads, and so it would also be
[2026-04-03T01:13:55.262+0600][7.220s][info][gc,stats    ]   invisible to the usual profiling tools, but would add up to end-to-end application latency.
[2026-04-03T01:13:55.262+0600][7.220s][info][gc,stats    ]   Raise max pacing delay with care.
[2026-04-03T01:13:55.262+0600][7.220s][info][gc,stats    ] 
[2026-04-03T01:13:55.262+0600][7.220s][info][gc,stats    ] Concurrent Reset               =    0.001 s (a =      832 us) (n =     1) (lvls, us =      830,      830,      830,      830,      832)
[2026-04-03T01:13:55.262+0600][7.220s][info][gc,stats    ] Pause Init Mark (G)            =    0.001 s (a =      525 us) (n =     1) (lvls, us =      523,      523,      523,      523,      525)
[2026-04-03T01:13:55.262+0600][7.220s][info][gc,stats    ] Pause Init Mark (N)            =    0.000 s (a =      418 us) (n =     1) (lvls, us =      418,      418,      418,      418,      418)
[2026-04-03T01:13:55.262+0600][7.220s][info][gc,stats    ]   Update Region States         =    0.000 s (a =       20 us) (n =     1) (lvls, us =       20,       20,       20,       20,       20)
[2026-04-03T01:13:55.262+0600][7.220s][info][gc,stats    ] Concurrent Mark Roots          =    0.001 s (a =      664 us) (n =     1) (lvls, us =      662,      662,      662,      662,      664)
[2026-04-03T01:13:55.262+0600][7.220s][info][gc,stats    ]   CMR: <total>                 =    0.001 s (a =     1112 us) (n =     1) (lvls, us =     1094,     1094,     1094,     1094,     1112)
[2026-04-03T01:13:55.262+0600][7.220s][info][gc,stats    ]   CMR: Thread Roots            =    0.001 s (a =      665 us) (n =     1) (lvls, us =      664,      664,      664,      664,      665)
[2026-04-03T01:13:55.262+0600][7.220s][info][gc,stats    ]   CMR: VM Strong Roots         =    0.000 s (a =      166 us) (n =     1) (lvls, us =      166,      166,      166,      166,      166)
[2026-04-03T01:13:55.262+0600][7.220s][info][gc,stats    ]   CMR: CLDG Roots              =    0.000 s (a =      281 us) (n =     1) (lvls, us =      279,      279,      279,      279,      281)
[2026-04-03T01:13:55.262+0600][7.220s][info][gc,stats    ] Concurrent Marking             =    0.002 s (a =     2062 us) (n =     1) (lvls, us =     2051,     2051,     2051,     2051,     2062)
[2026-04-03T01:13:55.262+0600][7.220s][info][gc,stats    ] Pause Final Mark (G)           =    0.000 s (a =      497 us) (n =     1) (lvls, us =      496,      496,      496,      496,      497)
[2026-04-03T01:13:55.262+0600][7.220s][info][gc,stats    ] Pause Final Mark (N)           =    0.000 s (a =      412 us) (n =     1) (lvls, us =      410,      410,      410,      410,      412)
[2026-04-03T01:13:55.262+0600][7.220s][info][gc,stats    ]   Finish Mark                  =    0.000 s (a =      200 us) (n =     1) (lvls, us =      199,      199,      199,      199,      200)
[2026-04-03T01:13:55.262+0600][7.220s][info][gc,stats    ]   Update Region States         =    0.000 s (a =       33 us) (n =     1) (lvls, us =       33,       33,       33,       33,       33)
[2026-04-03T01:13:55.262+0600][7.220s][info][gc,stats    ]   Choose Collection Set        =    0.000 s (a =       94 us) (n =     1) (lvls, us =       94,       94,       94,       94,       94)
[2026-04-03T01:13:55.262+0600][7.220s][info][gc,stats    ]   Rebuild Free Set             =    0.000 s (a =       31 us) (n =     1) (lvls, us =       31,       31,       31,       31,       31)
[2026-04-03T01:13:55.262+0600][7.220s][info][gc,stats    ] Concurrent Thread Roots        =    0.000 s (a =      235 us) (n =     1) (lvls, us =      234,      234,      234,      234,      235)
[2026-04-03T01:13:55.262+0600][7.220s][info][gc,stats    ]   CTR: <total>                 =    0.000 s (a =      239 us) (n =     1) (lvls, us =      238,      238,      238,      238,      239)
[2026-04-03T01:13:55.262+0600][7.220s][info][gc,stats    ]   CTR: Thread Roots            =    0.000 s (a =      239 us) (n =     1) (lvls, us =      238,      238,      238,      238,      239)
[2026-04-03T01:13:55.262+0600][7.220s][info][gc,stats    ] Concurrent Weak References     =    0.000 s (a =      169 us) (n =     1) (lvls, us =      168,      168,      168,      168,      169)
[2026-04-03T01:13:55.262+0600][7.220s][info][gc,stats    ]   CWRF: <total>                =    0.000 s (a =       68 us) (n =     1) (lvls, us =       68,       68,       68,       68,       68)
[2026-04-03T01:13:55.262+0600][7.220s][info][gc,stats    ]   CWRF: Weak References        =    0.000 s (a =       68 us) (n =     1) (lvls, us =       68,       68,       68,       68,       68)
[2026-04-03T01:13:55.262+0600][7.220s][info][gc,stats    ] Concurrent Weak Roots          =    0.000 s (a =      333 us) (n =     1) (lvls, us =      332,      332,      332,      332,      333)
[2026-04-03T01:13:55.262+0600][7.220s][info][gc,stats    ]   Roots                        =    0.000 s (a =      256 us) (n =     1) (lvls, us =      254,      254,      254,      254,      256)
[2026-04-03T01:13:55.262+0600][7.220s][info][gc,stats    ]     CWR: <total>               =    0.001 s (a =      608 us) (n =     1) (lvls, us =      607,      607,      607,      607,      608)
[2026-04-03T01:13:55.262+0600][7.220s][info][gc,stats    ]     CWR: Code Cache Roots      =    0.000 s (a =      213 us) (n =     1) (lvls, us =      211,      211,      211,      211,      213)
[2026-04-03T01:13:55.262+0600][7.220s][info][gc,stats    ]     CWR: VM Weak Roots         =    0.000 s (a =      392 us) (n =     1) (lvls, us =      391,      391,      391,      391,      392)
[2026-04-03T01:13:55.262+0600][7.220s][info][gc,stats    ]     CWR: CLDG Roots            =    0.000 s (a =        4 us) (n =     1) (lvls, us =        3,        3,        3,        3,        4)
[2026-04-03T01:13:55.262+0600][7.220s][info][gc,stats    ]   Rendezvous                   =    0.000 s (a =       52 us) (n =     1) (lvls, us =       52,       52,       52,       52,       52)
[2026-04-03T01:13:55.262+0600][7.220s][info][gc,stats    ] Concurrent Cleanup             =    0.000 s (a =      201 us) (n =     1) (lvls, us =      199,      199,      199,      199,      201)
[2026-04-03T01:13:55.262+0600][7.220s][info][gc,stats    ] Concurrent Class Unloading     =    0.002 s (a =     1617 us) (n =     1) (lvls, us =     1602,     1602,     1602,     1602,     1617)
[2026-04-03T01:13:55.262+0600][7.220s][info][gc,stats    ]   Unlink Stale                 =    0.001 s (a =     1383 us) (n =     1) (lvls, us =     1367,     1367,     1367,     1367,     1383)
[2026-04-03T01:13:55.262+0600][7.220s][info][gc,stats    ]     System Dictionary          =    0.000 s (a =       81 us) (n =     1) (lvls, us =       81,       81,       81,       81,       81)
[2026-04-03T01:13:55.262+0600][7.220s][info][gc,stats    ]     Weak Class Links           =    0.001 s (a =      838 us) (n =     1) (lvls, us =      836,      836,      836,      836,      838)
[2026-04-03T01:13:55.262+0600][7.220s][info][gc,stats    ]     Code Roots                 =    0.000 s (a =      462 us) (n =     1) (lvls, us =      461,      461,      461,      461,      462)
[2026-04-03T01:13:55.262+0600][7.220s][info][gc,stats    ]   Rendezvous                   =    0.000 s (a =       44 us) (n =     1) (lvls, us =       44,       44,       44,       44,       44)
[2026-04-03T01:13:55.262+0600][7.220s][info][gc,stats    ]   Purge Unlinked               =    0.000 s (a =      146 us) (n =     1) (lvls, us =      145,      145,      145,      145,      146)
[2026-04-03T01:13:55.262+0600][7.220s][info][gc,stats    ]     Code Roots                 =    0.000 s (a =      126 us) (n =     1) (lvls, us =      125,      125,      125,      125,      126)
[2026-04-03T01:13:55.262+0600][7.220s][info][gc,stats    ]     CLDG                       =    0.000 s (a =       19 us) (n =     1) (lvls, us =       19,       19,       19,       19,       19)
[2026-04-03T01:13:55.262+0600][7.220s][info][gc,stats    ]     Exception Caches           =    0.000 s (a =        0 us) (n =     1) (lvls, us =        0,        0,        0,        0,        0)
[2026-04-03T01:13:55.262+0600][7.220s][info][gc,stats    ] Concurrent Strong Roots        =    0.001 s (a =      700 us) (n =     1) (lvls, us =      699,      699,      699,      699,      700)
[2026-04-03T01:13:55.262+0600][7.221s][info][gc,stats    ]   CSR: <total>                 =    0.001 s (a =      539 us) (n =     1) (lvls, us =      537,      537,      537,      537,      539)
[2026-04-03T01:13:55.262+0600][7.221s][info][gc,stats    ]   CSR: VM Strong Roots         =    0.000 s (a =       32 us) (n =     1) (lvls, us =       32,       32,       32,       32,       32)
[2026-04-03T01:13:55.262+0600][7.221s][info][gc,stats    ]   CSR: CLDG Roots              =    0.001 s (a =      507 us) (n =     1) (lvls, us =      506,      506,      506,      506,      507)
[2026-04-03T01:13:55.262+0600][7.221s][info][gc,stats    ] Concurrent Evacuation          =    0.002 s (a =     1671 us) (n =     1) (lvls, us =     1660,     1660,     1660,     1660,     1671)
[2026-04-03T01:13:55.262+0600][7.221s][info][gc,stats    ] Pause Init Update Refs (G)     =    0.000 s (a =      171 us) (n =     1) (lvls, us =      170,      170,      170,      170,      171)
[2026-04-03T01:13:55.262+0600][7.221s][info][gc,stats    ] Pause Init Update Refs (N)     =    0.000 s (a =       44 us) (n =     1) (lvls, us =       44,       44,       44,       44,       44)
[2026-04-03T01:13:55.262+0600][7.221s][info][gc,stats    ]   Manage GCLABs                =    0.000 s (a =        3 us) (n =     1) (lvls, us =        3,        3,        3,        3,        3)
[2026-04-03T01:13:55.262+0600][7.221s][info][gc,stats    ] Concurrent Update Refs         =    0.002 s (a =     1760 us) (n =     1) (lvls, us =     1758,     1758,     1758,     1758,     1760)
[2026-04-03T01:13:55.262+0600][7.221s][info][gc,stats    ] Concurrent Update Thread Roots =    0.000 s (a =      252 us) (n =     1) (lvls, us =      252,      252,      252,      252,      252)
[2026-04-03T01:13:55.262+0600][7.221s][info][gc,stats    ] Pause Final Update Refs (G)    =    0.000 s (a =      490 us) (n =     1) (lvls, us =      488,      488,      488,      488,      490)
[2026-04-03T01:13:55.262+0600][7.221s][info][gc,stats    ] Pause Final Update Refs (N)    =    0.000 s (a =      364 us) (n =     1) (lvls, us =      363,      363,      363,      363,      364)
[2026-04-03T01:13:55.262+0600][7.221s][info][gc,stats    ]   Update Region States         =    0.000 s (a =       29 us) (n =     1) (lvls, us =       28,       28,       28,       28,       29)
[2026-04-03T01:13:55.262+0600][7.221s][info][gc,stats    ]   Trash Collection Set         =    0.000 s (a =        8 us) (n =     1) (lvls, us =        8,        8,        8,        8,        8)
[2026-04-03T01:13:55.262+0600][7.221s][info][gc,stats    ]   Rebuild Free Set             =    0.000 s (a =       28 us) (n =     1) (lvls, us =       28,       28,       28,       28,       28)
[2026-04-03T01:13:55.263+0600][7.221s][info][gc,stats    ] Concurrent Cleanup             =    0.000 s (a =      199 us) (n =     1) (lvls, us =      197,      197,      197,      197,      199)
[2026-04-03T01:13:55.263+0600][7.221s][info][gc,stats    ] Concurrent Uncommit            =    0.003 s (a =     2938 us) (n =     1) (lvls, us =     2930,     2930,     2930,     2930,     2938)
[2026-04-03T01:13:55.263+0600][7.221s][info][gc,stats    ] 
[2026-04-03T01:13:55.263+0600][7.221s][info][gc,stats    ] 
[2026-04-03T01:13:55.263+0600][7.221s][info][gc,stats    ] Under allocation pressure, concurrent cycles may cancel, and either continue cycle
[2026-04-03T01:13:55.263+0600][7.221s][info][gc,stats    ] under stop-the-world pause or result in stop-the-world Full GC. Increase heap size,
[2026-04-03T01:13:55.263+0600][7.221s][info][gc,stats    ] tune GC heuristics, set more aggressive pacing delay, or lower allocation rate
[2026-04-03T01:13:55.263+0600][7.221s][info][gc,stats    ] to avoid Degenerated and Full GC cycles.
[2026-04-03T01:13:55.263+0600][7.221s][info][gc,stats    ] 
[2026-04-03T01:13:55.263+0600][7.221s][info][gc,stats    ]     1 successful concurrent GCs
[2026-04-03T01:13:55.263+0600][7.221s][info][gc,stats    ]       1 invoked explicitly
[2026-04-03T01:13:55.263+0600][7.221s][info][gc,stats    ]       0 invoked implicitly
[2026-04-03T01:13:55.263+0600][7.221s][info][gc,stats    ] 
[2026-04-03T01:13:55.263+0600][7.221s][info][gc,stats    ]     0 Degenerated GCs
[2026-04-03T01:13:55.263+0600][7.221s][info][gc,stats    ]       0 caused by allocation failure
[2026-04-03T01:13:55.263+0600][7.221s][info][gc,stats    ]       0 upgraded to Full GC
[2026-04-03T01:13:55.263+0600][7.221s][info][gc,stats    ] 
[2026-04-03T01:13:55.263+0600][7.221s][info][gc,stats    ]     0 Full GCs
[2026-04-03T01:13:55.263+0600][7.221s][info][gc,stats    ]       0 invoked explicitly
[2026-04-03T01:13:55.263+0600][7.221s][info][gc,stats    ]       0 invoked implicitly
[2026-04-03T01:13:55.263+0600][7.221s][info][gc,stats    ]       0 caused by allocation failure
[2026-04-03T01:13:55.263+0600][7.221s][info][gc,stats    ]       0 upgraded from Degenerated GC
[2026-04-03T01:13:55.263+0600][7.221s][info][gc,stats    ] 
[2026-04-03T01:13:55.263+0600][7.221s][info][gc,stats    ] 
