[2026-04-03T01:13:19.097+0600][0.005s][info][gc,init] Initializing The Z Garbage Collector
[2026-04-03T01:13:19.097+0600][0.005s][info][gc,init] Version: 21.0.10+7-Ubuntu-124.04 (release)
[2026-04-03T01:13:19.097+0600][0.005s][info][gc,init] NUMA Support: Disabled
[2026-04-03T01:13:19.097+0600][0.005s][info][gc,init] CPUs: 12 total, 12 available
[2026-04-03T01:13:19.097+0600][0.005s][info][gc,init] Memory: 15683M
[2026-04-03T01:13:19.097+0600][0.005s][info][gc,init] Large Page Support: Disabled
[2026-04-03T01:13:19.098+0600][0.005s][info][gc,init] Address Space Type: Contiguous/Unrestricted/Complete
[2026-04-03T01:13:19.098+0600][0.005s][info][gc,init] Address Space Size: 62752M
[2026-04-03T01:13:19.098+0600][0.005s][info][gc,init] Heap Backing File: /memfd:java_heap
[2026-04-03T01:13:19.098+0600][0.005s][info][gc,init] Heap Backing Filesystem: tmpfs (0x1021994)
[2026-04-03T01:13:19.098+0600][0.006s][info][gc,init] Min Capacity: 8M
[2026-04-03T01:13:19.098+0600][0.006s][info][gc,init] Initial Capacity: 246M
[2026-04-03T01:13:19.098+0600][0.006s][info][gc,init] Max Capacity: 3922M
[2026-04-03T01:13:19.098+0600][0.006s][info][gc,init] Soft Max Capacity: 3529M
[2026-04-03T01:13:19.098+0600][0.006s][info][gc,init] Medium Page Size: 32M
[2026-04-03T01:13:19.098+0600][0.006s][info][gc,init] Pre-touch: Disabled
[2026-04-03T01:13:19.098+0600][0.006s][info][gc,init] Available space on backing filesystem: N/A
[2026-04-03T01:13:19.099+0600][0.007s][info][gc,init] Uncommit: Enabled
[2026-04-03T01:13:19.099+0600][0.007s][info][gc,init] Uncommit Delay: 300s
[2026-04-03T01:13:19.099+0600][0.007s][info][gc,init] GC Workers for Old Generation: 3 (dynamic)
[2026-04-03T01:13:19.100+0600][0.007s][info][gc,init] GC Workers for Young Generation: 3 (dynamic)
[2026-04-03T01:13:19.195+0600][0.103s][info][gc,init] GC Workers Max: 3 (dynamic)
[2026-04-03T01:13:19.195+0600][0.103s][info][gc,init] Runtime Workers: 8
[2026-04-03T01:13:19.196+0600][0.104s][info][gc     ] Using The Z Garbage Collector
[2026-04-03T01:13:19.207+0600][0.114s][info][gc,metaspace] CDS archive(s) mapped at: [0x000072c69f000000-0x000072c69fc9c000-0x000072c69fc9c000), size 13221888, SharedBaseAddress: 0x000072c69f000000, ArchiveRelocationMode: 1.
[2026-04-03T01:13:19.207+0600][0.114s][info][gc,metaspace] Compressed class space mapped at: 0x000072c6a0000000-0x000072c6e0000000, reserved size: 1073741824
[2026-04-03T01:13:19.207+0600][0.114s][info][gc,metaspace] Narrow klass base: 0x000072c69f000000, Narrow klass shift: 0, Narrow klass range: 0x100000000
[2026-04-03T01:13:20.801+0600][1.709s][info][gc          ] GC(0) Major Collection (System.gc())
[2026-04-03T01:13:20.801+0600][1.709s][info][gc,task     ] GC(0) Using 3 Workers for Young Generation
[2026-04-03T01:13:20.801+0600][1.709s][info][gc,task     ] GC(0) Using 3 Workers for Old Generation
[2026-04-03T01:13:20.801+0600][1.709s][info][gc,phases   ] GC(0) Y: Young Generation (Promote All)
[2026-04-03T01:13:20.802+0600][1.709s][info][gc,phases   ] GC(0) Y: Pause Mark Start 0.021ms
[2026-04-03T01:13:20.806+0600][1.713s][info][gc,phases   ] GC(0) Y: Concurrent Mark 3.944ms
[2026-04-03T01:13:20.806+0600][1.713s][info][gc,phases   ] GC(0) Y: Pause Mark End 0.018ms
[2026-04-03T01:13:20.806+0600][1.714s][info][gc,phases   ] GC(0) Y: Concurrent Mark Free 0.001ms
[2026-04-03T01:13:20.806+0600][1.714s][info][gc,phases   ] GC(0) Y: Concurrent Reset Relocation Set 0.000ms
[2026-04-03T01:13:20.812+0600][1.720s][info][gc,reloc    ] GC(0) Y: Using tenuring threshold: 0 (Promote All)
[2026-04-03T01:13:20.814+0600][1.722s][info][gc,phases   ] GC(0) Y: Concurrent Select Relocation Set 8.448ms
[2026-04-03T01:13:20.815+0600][1.722s][info][gc,phases   ] GC(0) Y: Pause Relocate Start 0.015ms
[2026-04-03T01:13:20.819+0600][1.727s][info][gc,phases   ] GC(0) Y: Concurrent Relocate 4.375ms
[2026-04-03T01:13:20.819+0600][1.727s][info][gc,alloc    ] GC(0) Y:                         Mark Start        Mark End      Relocate Start    Relocate End   
[2026-04-03T01:13:20.819+0600][1.727s][info][gc,alloc    ] GC(0) Y: Allocation Stalls:          0                0                0                0         
[2026-04-03T01:13:20.819+0600][1.727s][info][gc,load     ] GC(0) Y: Load: 4.91 (41%) / 6.02 (50%) / 4.75 (40%)
[2026-04-03T01:13:20.819+0600][1.727s][info][gc,mmu      ] GC(0) Y: MMU: 2ms/99.0%, 5ms/99.2%, 10ms/99.6%, 20ms/99.7%, 50ms/99.9%, 100ms/99.9%
[2026-04-03T01:13:20.819+0600][1.727s][info][gc,marking  ] GC(0) Y: Mark: 2 stripe(s), 1 proactive flush(es), 1 terminate flush(es), 0 completion(s), 0 continuation(s) 
[2026-04-03T01:13:20.819+0600][1.727s][info][gc,marking  ] GC(0) Y: Mark Stack Usage: 32M
[2026-04-03T01:13:20.819+0600][1.727s][info][gc,nmethod  ] GC(0) Y: NMethods: 678 registered, 0 unregistered
[2026-04-03T01:13:20.819+0600][1.727s][info][gc,metaspace] GC(0) Y: Metaspace: 2M used, 2M committed, 1088M reserved
[2026-04-03T01:13:20.819+0600][1.727s][info][gc,reloc    ] GC(0) Y:                        Candidates     Selected     In-Place         Size        Empty    Relocated 
[2026-04-03T01:13:20.819+0600][1.727s][info][gc,reloc    ] GC(0) Y: Small Pages:                    9            7            0          18M           0M           1M 
[2026-04-03T01:13:20.819+0600][1.727s][info][gc,reloc    ] GC(0) Y: Medium Pages:                   1            0            0          32M           0M           0M 
[2026-04-03T01:13:20.819+0600][1.727s][info][gc,reloc    ] GC(0) Y: Large Pages:                    0            0            0           0M           0M           0M 
[2026-04-03T01:13:20.819+0600][1.727s][info][gc,reloc    ] GC(0) Y: Forwarding Usage: 0M
[2026-04-03T01:13:20.819+0600][1.727s][info][gc,reloc    ] GC(0) Y: Age Table:
[2026-04-03T01:13:20.819+0600][1.727s][info][gc,reloc    ] GC(0) Y:                    Live             Garbage             Small              Medium             Large        
[2026-04-03T01:13:20.819+0600][1.727s][info][gc,reloc    ] GC(0) Y: Eden               3M (0%)           46M (1%)           9 / 7              1 / 0              0 / 0        
[2026-04-03T01:13:20.819+0600][1.727s][info][gc,heap     ] GC(0) Y: Min Capacity: 8M(0%)
[2026-04-03T01:13:20.819+0600][1.727s][info][gc,heap     ] GC(0) Y: Max Capacity: 3922M(100%)
[2026-04-03T01:13:20.819+0600][1.727s][info][gc,heap     ] GC(0) Y: Soft Max Capacity: 3529M(90%)
[2026-04-03T01:13:20.819+0600][1.727s][info][gc,heap     ] GC(0) Y: Heap Statistics:
[2026-04-03T01:13:20.819+0600][1.727s][info][gc,heap     ] GC(0) Y:                Mark Start          Mark End        Relocate Start      Relocate End           High               Low         
[2026-04-03T01:13:20.819+0600][1.727s][info][gc,heap     ] GC(0) Y:  Capacity:      246M (6%)          246M (6%)          246M (6%)          246M (6%)          246M (6%)          246M (6%)     
[2026-04-03T01:13:20.819+0600][1.727s][info][gc,heap     ] GC(0) Y:      Free:     3872M (99%)        3872M (99%)        3872M (99%)        3884M (99%)        3884M (99%)        3866M (99%)    
[2026-04-03T01:13:20.819+0600][1.727s][info][gc,heap     ] GC(0) Y:      Used:       50M (1%)           50M (1%)           50M (1%)           38M (1%)           56M (1%)           38M (1%)     
[2026-04-03T01:13:20.819+0600][1.727s][info][gc,heap     ] GC(0) Y: Young Generation Statistics:
[2026-04-03T01:13:20.819+0600][1.727s][info][gc,heap     ] GC(0) Y:                Mark Start          Mark End        Relocate Start      Relocate End    
[2026-04-03T01:13:20.819+0600][1.727s][info][gc,heap     ] GC(0) Y:      Used:       50M (1%)           50M (1%)           18M (0%)            0M (0%)     
[2026-04-03T01:13:20.819+0600][1.727s][info][gc,heap     ] GC(0) Y:      Live:         -                 3M (0%)            2M (0%)            0M (0%)     
[2026-04-03T01:13:20.819+0600][1.727s][info][gc,heap     ] GC(0) Y:   Garbage:         -                46M (1%)           15M (0%)            0M (0%)     
[2026-04-03T01:13:20.819+0600][1.727s][info][gc,heap     ] GC(0) Y: Allocated:         -                 0M (0%)            0M (0%)            0M (0%)     
[2026-04-03T01:13:20.819+0600][1.727s][info][gc,heap     ] GC(0) Y: Reclaimed:         -                  -                31M (1%)           46M (1%)     
[2026-04-03T01:13:20.819+0600][1.727s][info][gc,heap     ] GC(0) Y:  Promoted:         -                  -                 0M (0%)            3M (0%)     
[2026-04-03T01:13:20.819+0600][1.727s][info][gc,heap     ] GC(0) Y: Compacted:         -                  -                  -                 0M (0%)     
[2026-04-03T01:13:20.819+0600][1.727s][info][gc,phases   ] GC(0) Y: Young Generation (Promote All) 50M(1%)->38M(1%) 0.018s
[2026-04-03T01:13:20.819+0600][1.727s][info][gc,phases   ] GC(0) Y: Young Generation (Collect Roots)
[2026-04-03T01:13:20.819+0600][1.727s][info][gc,phases   ] GC(0) Y: Pause Mark Start (Major) 0.021ms
[2026-04-03T01:13:20.822+0600][1.729s][info][gc,phases   ] GC(0) Y: Concurrent Mark 2.041ms
[2026-04-03T01:13:20.822+0600][1.729s][info][gc,phases   ] GC(0) Y: Pause Mark End 0.018ms
[2026-04-03T01:13:20.822+0600][1.730s][info][gc,phases   ] GC(0) Y: Concurrent Mark Free 0.183ms
[2026-04-03T01:13:20.822+0600][1.730s][info][gc,phases   ] GC(0) Y: Concurrent Reset Relocation Set 0.002ms
[2026-04-03T01:13:20.823+0600][1.731s][info][gc,reloc    ] GC(0) Y: Using tenuring threshold: 0 (Computed)
[2026-04-03T01:13:20.823+0600][1.731s][info][gc,phases   ] GC(0) Y: Concurrent Select Relocation Set 1.380ms
[2026-04-03T01:13:20.824+0600][1.731s][info][gc,phases   ] GC(0) Y: Pause Relocate Start 0.018ms
[2026-04-03T01:13:20.824+0600][1.731s][info][gc,phases   ] GC(0) Y: Concurrent Relocate 0.050ms
[2026-04-03T01:13:20.824+0600][1.731s][info][gc,alloc    ] GC(0) Y:                         Mark Start        Mark End      Relocate Start    Relocate End   
[2026-04-03T01:13:20.824+0600][1.731s][info][gc,alloc    ] GC(0) Y: Allocation Stalls:          0                0                0                0         
[2026-04-03T01:13:20.824+0600][1.731s][info][gc,load     ] GC(0) Y: Load: 4.91 (41%) / 6.02 (50%) / 4.75 (40%)
[2026-04-03T01:13:20.824+0600][1.731s][info][gc,mmu      ] GC(0) Y: MMU: 2ms/98.2%, 5ms/98.9%, 10ms/99.3%, 20ms/99.5%, 50ms/99.8%, 100ms/99.9%
[2026-04-03T01:13:20.824+0600][1.731s][info][gc,marking  ] GC(0) Y: Mark: 2 stripe(s), 1 proactive flush(es), 1 terminate flush(es), 0 completion(s), 0 continuation(s) 
[2026-04-03T01:13:20.824+0600][1.731s][info][gc,marking  ] GC(0) Y: Mark Stack Usage: 0M
[2026-04-03T01:13:20.824+0600][1.731s][info][gc,nmethod  ] GC(0) Y: NMethods: 678 registered, 0 unregistered
[2026-04-03T01:13:20.824+0600][1.731s][info][gc,metaspace] GC(0) Y: Metaspace: 2M used, 2M committed, 1088M reserved
[2026-04-03T01:13:20.824+0600][1.731s][info][gc,heap     ] GC(0) Y: Min Capacity: 8M(0%)
[2026-04-03T01:13:20.824+0600][1.731s][info][gc,heap     ] GC(0) Y: Max Capacity: 3922M(100%)
[2026-04-03T01:13:20.824+0600][1.731s][info][gc,heap     ] GC(0) Y: Soft Max Capacity: 3529M(90%)
[2026-04-03T01:13:20.824+0600][1.731s][info][gc,heap     ] GC(0) Y: Heap Statistics:
[2026-04-03T01:13:20.824+0600][1.731s][info][gc,heap     ] GC(0) Y:                Mark Start          Mark End        Relocate Start      Relocate End           High               Low         
[2026-04-03T01:13:20.824+0600][1.731s][info][gc,heap     ] GC(0) Y:  Capacity:      246M (6%)          246M (6%)          246M (6%)          246M (6%)          246M (6%)          246M (6%)     
[2026-04-03T01:13:20.824+0600][1.731s][info][gc,heap     ] GC(0) Y:      Free:     3884M (99%)        3884M (99%)        3884M (99%)        3884M (99%)        3884M (99%)        3884M (99%)    
[2026-04-03T01:13:20.824+0600][1.731s][info][gc,heap     ] GC(0) Y:      Used:       38M (1%)           38M (1%)           38M (1%)           38M (1%)           38M (1%)           38M (1%)     
[2026-04-03T01:13:20.824+0600][1.731s][info][gc,heap     ] GC(0) Y: Young Generation Statistics:
[2026-04-03T01:13:20.824+0600][1.731s][info][gc,heap     ] GC(0) Y:                Mark Start          Mark End        Relocate Start      Relocate End    
[2026-04-03T01:13:20.824+0600][1.731s][info][gc,heap     ] GC(0) Y:      Used:        0M (0%)            0M (0%)            0M (0%)            0M (0%)     
[2026-04-03T01:13:20.824+0600][1.731s][info][gc,heap     ] GC(0) Y:      Live:         -                 0M (0%)            0M (0%)            0M (0%)     
[2026-04-03T01:13:20.824+0600][1.731s][info][gc,heap     ] GC(0) Y:   Garbage:         -                 0M (0%)            0M (0%)            0M (0%)     
[2026-04-03T01:13:20.824+0600][1.731s][info][gc,heap     ] GC(0) Y: Allocated:         -                 0M (0%)            0M (0%)            0M (0%)     
[2026-04-03T01:13:20.824+0600][1.731s][info][gc,heap     ] GC(0) Y: Reclaimed:         -                  -                 0M (0%)            0M (0%)     
[2026-04-03T01:13:20.824+0600][1.731s][info][gc,heap     ] GC(0) Y:  Promoted:         -                  -                 0M (0%)            0M (0%)     
[2026-04-03T01:13:20.824+0600][1.731s][info][gc,heap     ] GC(0) Y: Compacted:         -                  -                  -                 0M (0%)     
[2026-04-03T01:13:20.824+0600][1.732s][info][gc,phases   ] GC(0) Y: Young Generation (Collect Roots) 38M(1%)->38M(1%) 0.004s
[2026-04-03T01:13:20.824+0600][1.732s][info][gc,phases   ] GC(0) O: Old Generation
[2026-04-03T01:13:20.827+0600][1.735s][info][gc,phases   ] GC(0) O: Concurrent Mark 3.239ms
[2026-04-03T01:13:20.827+0600][1.735s][info][gc,phases   ] GC(0) O: Pause Mark End 0.015ms
[2026-04-03T01:13:20.827+0600][1.735s][info][gc,phases   ] GC(0) O: Concurrent Mark Free 0.001ms
[2026-04-03T01:13:20.828+0600][1.736s][info][gc,phases   ] GC(0) O: Concurrent Process Non-Strong 0.856ms
[2026-04-03T01:13:20.828+0600][1.736s][info][gc,phases   ] GC(0) O: Concurrent Reset Relocation Set 0.001ms
[2026-04-03T01:13:20.830+0600][1.737s][info][gc,phases   ] GC(0) O: Concurrent Select Relocation Set 1.607ms
[2026-04-03T01:13:20.830+0600][1.737s][info][gc,task     ] GC(0) O: Using 3 Workers for Old Generation
[2026-04-03T01:13:20.842+0600][1.749s][info][gc,task     ] GC(0) O: Using 3 Workers for Old Generation
[2026-04-03T01:13:20.842+0600][1.749s][info][gc,phases   ] GC(0) O: Concurrent Remap Roots 11.849ms
[2026-04-03T01:13:20.842+0600][1.750s][info][gc,phases   ] GC(0) O: Pause Relocate Start 0.081ms
[2026-04-03T01:13:20.844+0600][1.752s][info][gc,phases   ] GC(0) O: Concurrent Relocate 2.305ms
[2026-04-03T01:13:20.844+0600][1.752s][info][gc,alloc    ] GC(0) O:                         Mark Start        Mark End      Relocate Start    Relocate End   
[2026-04-03T01:13:20.844+0600][1.752s][info][gc,alloc    ] GC(0) O: Allocation Stalls:          0                0                0                0         
[2026-04-03T01:13:20.844+0600][1.752s][info][gc,load     ] GC(0) O: Load: 4.91 (41%) / 6.02 (50%) / 4.75 (40%)
[2026-04-03T01:13:20.844+0600][1.752s][info][gc,mmu      ] GC(0) O: MMU: 2ms/96.0%, 5ms/98.4%, 10ms/99.2%, 20ms/99.4%, 50ms/99.6%, 100ms/99.8%
[2026-04-03T01:13:20.844+0600][1.752s][info][gc,marking  ] GC(0) O: Mark: 2 stripe(s), 2 proactive flush(es), 1 terminate flush(es), 0 completion(s), 0 continuation(s) 
[2026-04-03T01:13:20.844+0600][1.752s][info][gc,marking  ] GC(0) O: Mark Stack Usage: 32M
[2026-04-03T01:13:20.844+0600][1.752s][info][gc,nmethod  ] GC(0) O: NMethods: 591 registered, 87 unregistered
[2026-04-03T01:13:20.844+0600][1.752s][info][gc,metaspace] GC(0) O: Metaspace: 2M used, 2M committed, 1088M reserved
[2026-04-03T01:13:20.844+0600][1.752s][info][gc,ref      ] GC(0) O:                       Encountered   Discovered     Enqueued 
[2026-04-03T01:13:20.844+0600][1.752s][info][gc,ref      ] GC(0) O: Soft References:               85            0            0 
[2026-04-03T01:13:20.844+0600][1.752s][info][gc,ref      ] GC(0) O: Weak References:              328          160           78 
[2026-04-03T01:13:20.844+0600][1.752s][info][gc,ref      ] GC(0) O: Final References:               3            1            0 
[2026-04-03T01:13:20.844+0600][1.752s][info][gc,ref      ] GC(0) O: Phantom References:            43           39            2 
[2026-04-03T01:13:20.844+0600][1.752s][info][gc,reloc    ] GC(0) O:                        Candidates     Selected     In-Place         Size        Empty    Relocated 
[2026-04-03T01:13:20.844+0600][1.752s][info][gc,reloc    ] GC(0) O: Small Pages:                    3            1            0           6M           0M           1M 
[2026-04-03T01:13:20.844+0600][1.752s][info][gc,reloc    ] GC(0) O: Medium Pages:                   1            0            0          32M           0M           0M 
[2026-04-03T01:13:20.844+0600][1.752s][info][gc,reloc    ] GC(0) O: Large Pages:                    0            0            0           0M           0M           0M 
[2026-04-03T01:13:20.844+0600][1.752s][info][gc,reloc    ] GC(0) O: Forwarding Usage: 0M
[2026-04-03T01:13:20.844+0600][1.752s][info][gc,heap     ] GC(0) O: Min Capacity: 8M(0%)
[2026-04-03T01:13:20.844+0600][1.752s][info][gc,heap     ] GC(0) O: Max Capacity: 3922M(100%)
[2026-04-03T01:13:20.844+0600][1.752s][info][gc,heap     ] GC(0) O: Soft Max Capacity: 3529M(90%)
[2026-04-03T01:13:20.844+0600][1.752s][info][gc,heap     ] GC(0) O: Heap Statistics:
[2026-04-03T01:13:20.844+0600][1.752s][info][gc,heap     ] GC(0) O:                Mark Start          Mark End        Relocate Start      Relocate End           High               Low         
[2026-04-03T01:13:20.844+0600][1.752s][info][gc,heap     ] GC(0) O:  Capacity:      246M (6%)          246M (6%)          246M (6%)          246M (6%)          246M (6%)          246M (6%)     
[2026-04-03T01:13:20.844+0600][1.752s][info][gc,heap     ] GC(0) O:      Free:     3884M (99%)        3884M (99%)        3882M (99%)        3882M (99%)        3884M (99%)        3878M (99%)    
[2026-04-03T01:13:20.844+0600][1.752s][info][gc,heap     ] GC(0) O:      Used:       38M (1%)           38M (1%)           40M (1%)           40M (1%)           44M (1%)           38M (1%)     
[2026-04-03T01:13:20.844+0600][1.752s][info][gc,heap     ] GC(0) O: Old Generation Statistics:
[2026-04-03T01:13:20.844+0600][1.752s][info][gc,heap     ] GC(0) O:                Mark Start          Mark End        Relocate Start      Relocate End    
[2026-04-03T01:13:20.844+0600][1.752s][info][gc,heap     ] GC(0) O:      Used:       38M (1%)           38M (1%)           38M (1%)           38M (1%)     
[2026-04-03T01:13:20.844+0600][1.752s][info][gc,heap     ] GC(0) O:      Live:         -                 3M (0%)            3M (0%)            3M (0%)     
[2026-04-03T01:13:20.844+0600][1.752s][info][gc,heap     ] GC(0) O:   Garbage:         -                34M (1%)           34M (1%)           32M (1%)     
[2026-04-03T01:13:20.844+0600][1.752s][info][gc,heap     ] GC(0) O: Allocated:         -                 0M (0%)            0M (0%)            2M (0%)     
[2026-04-03T01:13:20.844+0600][1.752s][info][gc,heap     ] GC(0) O: Reclaimed:         -                  -                 0M (0%)            2M (0%)     
[2026-04-03T01:13:20.844+0600][1.752s][info][gc,heap     ] GC(0) O: Compacted:         -                  -                  -                 1M (0%)     
[2026-04-03T01:13:20.844+0600][1.752s][info][gc,phases   ] GC(0) O: Old Generation 38M(1%)->40M(1%) 0.020s
[2026-04-03T01:13:20.844+0600][1.752s][info][gc          ] GC(0) Major Collection (System.gc()) 50M(1%)->40M(1%) 0.043s
[2026-04-03T01:13:22.585+0600][3.493s][info][gc          ] GC(1) Major Collection (Warmup)
[2026-04-03T01:13:22.585+0600][3.493s][info][gc,task     ] GC(1) Using 3 Workers for Young Generation
[2026-04-03T01:13:22.585+0600][3.493s][info][gc,task     ] GC(1) Using 2 Workers for Old Generation
[2026-04-03T01:13:22.585+0600][3.493s][info][gc,phases   ] GC(1) Y: Young Generation
[2026-04-03T01:13:22.586+0600][3.494s][info][gc,phases   ] GC(1) Y: Pause Mark Start (Major) 0.030ms
[2026-04-03T01:13:22.764+0600][3.671s][info][gc,phases   ] GC(1) Y: Concurrent Mark 177.502ms
[2026-04-03T01:13:22.764+0600][3.672s][info][gc,phases   ] GC(1) Y: Pause Mark End 0.029ms
[2026-04-03T01:13:22.764+0600][3.672s][info][gc,phases   ] GC(1) Y: Concurrent Mark Free 0.004ms
[2026-04-03T01:13:22.764+0600][3.672s][info][gc,phases   ] GC(1) Y: Concurrent Reset Relocation Set 0.001ms
[2026-04-03T01:13:22.766+0600][3.674s][info][gc,reloc    ] GC(1) Y: Using tenuring threshold: 1 (Computed)
[2026-04-03T01:13:22.786+0600][3.693s][info][gc,phases   ] GC(1) Y: Concurrent Select Relocation Set 21.558ms
[2026-04-03T01:13:22.786+0600][3.694s][info][gc,phases   ] GC(1) Y: Pause Relocate Start 0.030ms
[2026-04-03T01:13:22.868+0600][3.776s][info][gc,phases   ] GC(1) Y: Concurrent Relocate 81.955ms
[2026-04-03T01:13:22.868+0600][3.776s][info][gc,alloc    ] GC(1) Y:                         Mark Start        Mark End      Relocate Start    Relocate End   
[2026-04-03T01:13:22.868+0600][3.776s][info][gc,alloc    ] GC(1) Y: Allocation Stalls:          0                0                0                0         
[2026-04-03T01:13:22.868+0600][3.776s][info][gc,load     ] GC(1) Y: Load: 4.91 (41%) / 6.02 (50%) / 4.75 (40%)
[2026-04-03T01:13:22.868+0600][3.776s][info][gc,mmu      ] GC(1) Y: MMU: 2ms/96.0%, 5ms/98.4%, 10ms/99.2%, 20ms/99.4%, 50ms/99.6%, 100ms/99.8%
[2026-04-03T01:13:22.868+0600][3.776s][info][gc,marking  ] GC(1) Y: Mark: 2 stripe(s), 10 proactive flush(es), 1 terminate flush(es), 0 completion(s), 0 continuation(s) 
[2026-04-03T01:13:22.868+0600][3.776s][info][gc,marking  ] GC(1) Y: Mark Stack Usage: 32M
[2026-04-03T01:13:22.868+0600][3.776s][info][gc,nmethod  ] GC(1) Y: NMethods: 2471 registered, 0 unregistered
[2026-04-03T01:13:22.868+0600][3.776s][info][gc,metaspace] GC(1) Y: Metaspace: 10M used, 10M committed, 1088M reserved
[2026-04-03T01:13:22.868+0600][3.776s][info][gc,reloc    ] GC(1) Y:                        Candidates     Selected     In-Place         Size        Empty    Relocated 
[2026-04-03T01:13:22.868+0600][3.776s][info][gc,reloc    ] GC(1) Y: Small Pages:                  142           49            0         284M           0M          40M 
[2026-04-03T01:13:22.868+0600][3.776s][info][gc,reloc    ] GC(1) Y: Medium Pages:                   1            0            0          32M           0M           0M 
[2026-04-03T01:13:22.868+0600][3.776s][info][gc,reloc    ] GC(1) Y: Large Pages:                    0            0            0           0M           0M           0M 
[2026-04-03T01:13:22.868+0600][3.776s][info][gc,reloc    ] GC(1) Y: Forwarding Usage: 36M
[2026-04-03T01:13:22.868+0600][3.776s][info][gc,reloc    ] GC(1) Y: Age Table:
[2026-04-03T01:13:22.868+0600][3.776s][info][gc,reloc    ] GC(1) Y:                    Live             Garbage             Small              Medium             Large        
[2026-04-03T01:13:22.868+0600][3.776s][info][gc,reloc    ] GC(1) Y: Eden             163M (4%)          152M (4%)         142 / 49             1 / 0              0 / 0        
[2026-04-03T01:13:22.868+0600][3.776s][info][gc,heap     ] GC(1) Y: Min Capacity: 8M(0%)
[2026-04-03T01:13:22.868+0600][3.776s][info][gc,heap     ] GC(1) Y: Max Capacity: 3922M(100%)
[2026-04-03T01:13:22.869+0600][3.776s][info][gc,heap     ] GC(1) Y: Soft Max Capacity: 3529M(90%)
[2026-04-03T01:13:22.869+0600][3.776s][info][gc,heap     ] GC(1) Y: Heap Statistics:
[2026-04-03T01:13:22.869+0600][3.776s][info][gc,heap     ] GC(1) Y:                Mark Start          Mark End        Relocate Start      Relocate End           High               Low         
[2026-04-03T01:13:22.869+0600][3.776s][info][gc,heap     ] GC(1) Y:  Capacity:      354M (9%)          398M (10%)         398M (10%)         410M (10%)         410M (10%)         354M (9%)     
[2026-04-03T01:13:22.869+0600][3.776s][info][gc,heap     ] GC(1) Y:      Free:     3568M (91%)        3524M (90%)        3524M (90%)        3618M (92%)        3618M (92%)        3512M (90%)    
[2026-04-03T01:13:22.869+0600][3.776s][info][gc,heap     ] GC(1) Y:      Used:      354M (9%)          398M (10%)         398M (10%)         304M (8%)          410M (10%)         304M (8%)     
[2026-04-03T01:13:22.869+0600][3.776s][info][gc,heap     ] GC(1) Y: Young Generation Statistics:
[2026-04-03T01:13:22.869+0600][3.776s][info][gc,heap     ] GC(1) Y:                Mark Start          Mark End        Relocate Start      Relocate End    
[2026-04-03T01:13:22.869+0600][3.776s][info][gc,heap     ] GC(1) Y:      Used:      316M (8%)          360M (9%)          360M (9%)          266M (7%)     
[2026-04-03T01:13:22.869+0600][3.776s][info][gc,heap     ] GC(1) Y:      Live:         -               163M (4%)          163M (4%)          163M (4%)     
[2026-04-03T01:13:22.869+0600][3.776s][info][gc,heap     ] GC(1) Y:   Garbage:         -               152M (4%)          152M (4%)           40M (1%)     
[2026-04-03T01:13:22.869+0600][3.776s][info][gc,heap     ] GC(1) Y: Allocated:         -                44M (1%)           44M (1%)           61M (2%)     
[2026-04-03T01:13:22.869+0600][3.776s][info][gc,heap     ] GC(1) Y: Reclaimed:         -                  -                 0M (0%)          111M (3%)     
[2026-04-03T01:13:22.869+0600][3.776s][info][gc,heap     ] GC(1) Y:  Promoted:         -                  -                 0M (0%)            0M (0%)     
[2026-04-03T01:13:22.869+0600][3.776s][info][gc,heap     ] GC(1) Y: Compacted:         -                  -                  -                96M (2%)     
[2026-04-03T01:13:22.869+0600][3.776s][info][gc,phases   ] GC(1) Y: Young Generation 354M(9%)->304M(8%) 0.283s
[2026-04-03T01:13:22.869+0600][3.776s][info][gc,phases   ] GC(1) O: Old Generation
[2026-04-03T01:13:22.878+0600][3.785s][info][gc,phases   ] GC(1) O: Concurrent Mark 8.813ms
[2026-04-03T01:13:22.878+0600][3.786s][info][gc,phases   ] GC(1) O: Pause Mark End 0.032ms
[2026-04-03T01:13:22.878+0600][3.786s][info][gc,phases   ] GC(1) O: Concurrent Mark Free 0.002ms
[2026-04-03T01:13:22.886+0600][3.793s][info][gc,phases   ] GC(1) O: Concurrent Process Non-Strong 7.566ms
[2026-04-03T01:13:22.886+0600][3.793s][info][gc,phases   ] GC(1) O: Concurrent Reset Relocation Set 0.003ms
[2026-04-03T01:13:22.892+0600][3.799s][info][gc,phases   ] GC(1) O: Concurrent Select Relocation Set 5.890ms
[2026-04-03T01:13:22.892+0600][3.799s][info][gc,task     ] GC(1) O: Using 3 Workers for Old Generation
[2026-04-03T01:13:22.910+0600][3.817s][info][gc,task     ] GC(1) O: Using 2 Workers for Old Generation
[2026-04-03T01:13:22.910+0600][3.818s][info][gc,phases   ] GC(1) O: Concurrent Remap Roots 18.116ms
[2026-04-03T01:13:22.910+0600][3.818s][info][gc,phases   ] GC(1) O: Pause Relocate Start 0.025ms
[2026-04-03T01:13:22.914+0600][3.822s][info][gc,phases   ] GC(1) O: Concurrent Relocate 3.683ms
[2026-04-03T01:13:22.914+0600][3.822s][info][gc,alloc    ] GC(1) O:                         Mark Start        Mark End      Relocate Start    Relocate End   
[2026-04-03T01:13:22.914+0600][3.822s][info][gc,alloc    ] GC(1) O: Allocation Stalls:          0                0                0                0         
[2026-04-03T01:13:22.914+0600][3.822s][info][gc,load     ] GC(1) O: Load: 4.91 (41%) / 6.02 (50%) / 4.75 (40%)
[2026-04-03T01:13:22.914+0600][3.822s][info][gc,mmu      ] GC(1) O: MMU: 2ms/96.0%, 5ms/98.4%, 10ms/99.2%, 20ms/99.4%, 50ms/99.6%, 100ms/99.8%
[2026-04-03T01:13:22.914+0600][3.822s][info][gc,marking  ] GC(1) O: Mark: 2 stripe(s), 2 proactive flush(es), 1 terminate flush(es), 0 completion(s), 0 continuation(s) 
[2026-04-03T01:13:22.914+0600][3.822s][info][gc,marking  ] GC(1) O: Mark Stack Usage: 32M
[2026-04-03T01:13:22.914+0600][3.822s][info][gc,nmethod  ] GC(1) O: NMethods: 2064 registered, 426 unregistered
[2026-04-03T01:13:22.914+0600][3.822s][info][gc,metaspace] GC(1) O: Metaspace: 10M used, 10M committed, 1088M reserved
[2026-04-03T01:13:22.914+0600][3.822s][info][gc,ref      ] GC(1) O:                       Encountered   Discovered     Enqueued 
[2026-04-03T01:13:22.914+0600][3.822s][info][gc,ref      ] GC(1) O: Soft References:            31443            0            0 
[2026-04-03T01:13:22.914+0600][3.822s][info][gc,ref      ] GC(1) O: Weak References:              536          119            0 
[2026-04-03T01:13:22.914+0600][3.822s][info][gc,ref      ] GC(1) O: Final References:               4            3            0 
[2026-04-03T01:13:22.914+0600][3.822s][info][gc,ref      ] GC(1) O: Phantom References:            46           33            2 
[2026-04-03T01:13:22.914+0600][3.822s][info][gc,reloc    ] GC(1) O:                        Candidates     Selected     In-Place         Size        Empty    Relocated 
[2026-04-03T01:13:22.914+0600][3.822s][info][gc,reloc    ] GC(1) O: Small Pages:                    3            1            0           6M           0M           1M 
[2026-04-03T01:13:22.914+0600][3.822s][info][gc,reloc    ] GC(1) O: Medium Pages:                   1            0            0          32M           0M           0M 
[2026-04-03T01:13:22.914+0600][3.822s][info][gc,reloc    ] GC(1) O: Large Pages:                    0            0            0           0M           0M           0M 
[2026-04-03T01:13:22.914+0600][3.822s][info][gc,reloc    ] GC(1) O: Forwarding Usage: 0M
[2026-04-03T01:13:22.914+0600][3.822s][info][gc,heap     ] GC(1) O: Min Capacity: 8M(0%)
[2026-04-03T01:13:22.914+0600][3.822s][info][gc,heap     ] GC(1) O: Max Capacity: 3922M(100%)
[2026-04-03T01:13:22.914+0600][3.822s][info][gc,heap     ] GC(1) O: Soft Max Capacity: 3529M(90%)
[2026-04-03T01:13:22.914+0600][3.822s][info][gc,heap     ] GC(1) O: Heap Statistics:
[2026-04-03T01:13:22.914+0600][3.822s][info][gc,heap     ] GC(1) O:                Mark Start          Mark End        Relocate Start      Relocate End           High               Low         
[2026-04-03T01:13:22.914+0600][3.822s][info][gc,heap     ] GC(1) O:  Capacity:      354M (9%)          410M (10%)         410M (10%)         410M (10%)         410M (10%)         354M (9%)     
[2026-04-03T01:13:22.914+0600][3.822s][info][gc,heap     ] GC(1) O:      Free:     3568M (91%)        3616M (92%)        3610M (92%)        3606M (92%)        3618M (92%)        3512M (90%)    
[2026-04-03T01:13:22.914+0600][3.822s][info][gc,heap     ] GC(1) O:      Used:      354M (9%)          306M (8%)          312M (8%)          316M (8%)          410M (10%)         304M (8%)     
[2026-04-03T01:13:22.914+0600][3.822s][info][gc,heap     ] GC(1) O: Old Generation Statistics:
[2026-04-03T01:13:22.914+0600][3.822s][info][gc,heap     ] GC(1) O:                Mark Start          Mark End        Relocate Start      Relocate End    
[2026-04-03T01:13:22.914+0600][3.822s][info][gc,heap     ] GC(1) O:      Used:       38M (1%)           38M (1%)           38M (1%)           42M (1%)     
[2026-04-03T01:13:22.914+0600][3.822s][info][gc,heap     ] GC(1) O:      Live:         -                 3M (0%)            3M (0%)            3M (0%)     
[2026-04-03T01:13:22.914+0600][3.822s][info][gc,heap     ] GC(1) O:   Garbage:         -                34M (1%)           34M (1%)           32M (1%)     
[2026-04-03T01:13:22.914+0600][3.822s][info][gc,heap     ] GC(1) O: Allocated:         -                 0M (0%)            0M (0%)            6M (0%)     
[2026-04-03T01:13:22.914+0600][3.822s][info][gc,heap     ] GC(1) O: Reclaimed:         -                  -                 0M (0%)            2M (0%)     
[2026-04-03T01:13:22.914+0600][3.822s][info][gc,heap     ] GC(1) O: Compacted:         -                  -                  -                 1M (0%)     
[2026-04-03T01:13:22.914+0600][3.822s][info][gc,phases   ] GC(1) O: Old Generation 304M(8%)->316M(8%) 0.045s
[2026-04-03T01:13:22.914+0600][3.822s][info][gc          ] GC(1) Major Collection (Warmup) 354M(9%)->316M(8%) 0.329s
[2026-04-03T01:13:25.961+0600][6.869s][info][gc,exit     ] Stopping ZGC
[2026-04-03T01:13:25.961+0600][6.869s][info][gc,stats    ] === Garbage Collection Statistics =======================================================================================================================
[2026-04-03T01:13:25.962+0600][6.869s][info][gc,stats    ]                                                              Last 10s              Last 10m              Last 10h                Total
[2026-04-03T01:13:25.962+0600][6.869s][info][gc,stats    ]                                                              Avg / Max             Avg / Max             Avg / Max             Avg / Max
[2026-04-03T01:13:25.962+0600][6.869s][info][gc,stats    ]        Contention: Mark Segment Reset Contention                     3 / 11                3 / 11                3 / 11                3 / 11          ops/s
[2026-04-03T01:13:25.962+0600][6.869s][info][gc,stats    ]        Contention: Mark SeqNum Reset Contention                      0 / 2                 0 / 2                 0 / 2                 0 / 2           ops/s
[2026-04-03T01:13:25.962+0600][6.869s][info][gc,stats    ]          Critical: Allocation Stall                                  0 / 0                 0 / 0                 0 / 0                 0 / 0           ops/s
[2026-04-03T01:13:25.962+0600][6.869s][info][gc,stats    ]          Critical: Allocation Stall                              0.000 / 0.000         0.000 / 0.000         0.000 / 0.000         0.000 / 0.000       ms
[2026-04-03T01:13:25.962+0600][6.869s][info][gc,stats    ]          Critical: JNI Critical Stall                                0 / 0                 0 / 0                 0 / 0                 0 / 0           ops/s
[2026-04-03T01:13:25.962+0600][6.869s][info][gc,stats    ]          Critical: JNI Critical Stall                            0.000 / 0.000         0.000 / 0.000         0.000 / 0.000         0.000 / 0.000       ms
[2026-04-03T01:13:25.962+0600][6.869s][info][gc,stats    ]          Critical: Relocation Stall                                  0 / 0                 0 / 0                 0 / 0                 0 / 0           ops/s
[2026-04-03T01:13:25.962+0600][6.869s][info][gc,stats    ]          Critical: Relocation Stall                              0.000 / 0.000         0.000 / 0.000         0.000 / 0.000         0.000 / 0.000       ms
[2026-04-03T01:13:25.962+0600][6.869s][info][gc,stats    ]  Major Collection: Major Collection                            186.067 / 328.940     186.067 / 328.940     186.067 / 328.940     186.067 / 328.940     ms
[2026-04-03T01:13:25.962+0600][6.869s][info][gc,stats    ]            Memory: Allocation Rate                                  98 / 246              98 / 246              98 / 246              98 / 246         MB/s
[2026-04-03T01:13:25.962+0600][6.869s][info][gc,stats    ]            Memory: Defragment                                        0 / 0                 0 / 0                 0 / 0                 0 / 0           ops/s
[2026-04-03T01:13:25.962+0600][6.869s][info][gc,stats    ]            Memory: Out Of Memory                                     0 / 0                 0 / 0                 0 / 0                 0 / 0           ops/s
[2026-04-03T01:13:25.962+0600][6.869s][info][gc,stats    ]            Memory: Page Cache Flush                                  0 / 0                 0 / 0                 0 / 0                 0 / 0           MB/s
[2026-04-03T01:13:25.962+0600][6.869s][info][gc,stats    ]            Memory: Page Cache Hit L1                                19 / 86               19 / 86               19 / 86               19 / 86          ops/s
[2026-04-03T01:13:25.962+0600][6.869s][info][gc,stats    ]            Memory: Page Cache Hit L2                                 0 / 0                 0 / 0                 0 / 0                 0 / 0           ops/s
[2026-04-03T01:13:25.962+0600][6.869s][info][gc,stats    ]            Memory: Page Cache Hit L3                                15 / 66               15 / 66               15 / 66               15 / 66          ops/s
[2026-04-03T01:13:25.962+0600][6.869s][info][gc,stats    ]            Memory: Page Cache Miss                                  17 / 83               17 / 83               17 / 83               17 / 83          ops/s
[2026-04-03T01:13:25.962+0600][6.869s][info][gc,stats    ]            Memory: Uncommit                                          0 / 0                 0 / 0                 0 / 0                 0 / 0           MB/s
[2026-04-03T01:13:25.962+0600][6.869s][info][gc,stats    ]            Memory: Undo Object Allocation Failed                     0 / 0                 0 / 0                 0 / 0                 0 / 0           ops/s
[2026-04-03T01:13:25.962+0600][6.869s][info][gc,stats    ]            Memory: Undo Object Allocation Succeeded                  0 / 2                 0 / 2                 0 / 2                 0 / 2           ops/s
[2026-04-03T01:13:25.962+0600][6.869s][info][gc,stats    ]            Memory: Undo Page Allocation                              0 / 0                 0 / 0                 0 / 0                 0 / 0           ops/s
[2026-04-03T01:13:25.962+0600][6.869s][info][gc,stats    ]  Minor Collection: Minor Collection                              0.000 / 0.000         0.000 / 0.000         0.000 / 0.000         0.000 / 0.000       ms
[2026-04-03T01:13:25.962+0600][6.869s][info][gc,stats    ]    Old Generation: Old Generation                               32.859 / 45.266       32.859 / 45.266       32.859 / 45.266       32.859 / 45.266      ms
[2026-04-03T01:13:25.962+0600][6.869s][info][gc,stats    ]         Old Pause: Pause Mark End                                0.023 / 0.032         0.023 / 0.032         0.023 / 0.032         0.023 / 0.032       ms
[2026-04-03T01:13:25.962+0600][6.869s][info][gc,stats    ]         Old Pause: Pause Relocate Start                          0.053 / 0.081         0.053 / 0.081         0.053 / 0.081         0.053 / 0.081       ms
[2026-04-03T01:13:25.962+0600][6.869s][info][gc,stats    ]         Old Phase: Concurrent Mark                               6.026 / 8.813         6.026 / 8.813         6.026 / 8.813         6.026 / 8.813       ms
[2026-04-03T01:13:25.962+0600][6.869s][info][gc,stats    ]         Old Phase: Concurrent Mark Continue                      0.000 / 0.000         0.000 / 0.000         0.000 / 0.000         0.000 / 0.000       ms
[2026-04-03T01:13:25.962+0600][6.869s][info][gc,stats    ]         Old Phase: Concurrent Mark Free                          0.001 / 0.002         0.001 / 0.002         0.001 / 0.002         0.001 / 0.002       ms
[2026-04-03T01:13:25.962+0600][6.869s][info][gc,stats    ]         Old Phase: Concurrent Process Non-Strong                 4.211 / 7.566         4.211 / 7.566         4.211 / 7.566         4.211 / 7.566       ms
[2026-04-03T01:13:25.962+0600][6.869s][info][gc,stats    ]         Old Phase: Concurrent Relocate                           2.994 / 3.683         2.994 / 3.683         2.994 / 3.683         2.994 / 3.683       ms
[2026-04-03T01:13:25.962+0600][6.869s][info][gc,stats    ]         Old Phase: Concurrent Remap Roots                       14.983 / 18.116       14.983 / 18.116       14.983 / 18.116       14.983 / 18.116      ms
[2026-04-03T01:13:25.962+0600][6.869s][info][gc,stats    ]         Old Phase: Concurrent Reset Relocation Set               0.002 / 0.003         0.002 / 0.003         0.002 / 0.003         0.002 / 0.003       ms
[2026-04-03T01:13:25.962+0600][6.869s][info][gc,stats    ]         Old Phase: Concurrent Select Relocation Set              3.749 / 5.890         3.749 / 5.890         3.749 / 5.890         3.749 / 5.890       ms
[2026-04-03T01:13:25.962+0600][6.869s][info][gc,stats    ]      Old Subphase: Concurrent Classes Purge                      0.515 / 0.932         0.515 / 0.932         0.515 / 0.932         0.515 / 0.932       ms
[2026-04-03T01:13:25.962+0600][6.869s][info][gc,stats    ]      Old Subphase: Concurrent Classes Unlink                     3.078 / 5.627         3.078 / 5.627         3.078 / 5.627         3.078 / 5.627       ms
[2026-04-03T01:13:25.962+0600][6.869s][info][gc,stats    ]      Old Subphase: Concurrent Mark Follow                        5.566 / 8.073         5.566 / 8.073         5.566 / 8.073         5.566 / 8.073       ms
[2026-04-03T01:13:25.962+0600][6.869s][info][gc,stats    ]      Old Subphase: Concurrent Mark Root Colored                  0.046 / 0.110         0.046 / 0.110         0.046 / 0.110         0.046 / 0.110       ms
[2026-04-03T01:13:25.962+0600][6.870s][info][gc,stats    ]      Old Subphase: Concurrent Mark Root Uncolored                0.169 / 0.595         0.169 / 0.595         0.169 / 0.595         0.169 / 0.595       ms
[2026-04-03T01:13:25.962+0600][6.870s][info][gc,stats    ]      Old Subphase: Concurrent Mark Roots                         0.454 / 0.733         0.454 / 0.733         0.454 / 0.733         0.454 / 0.733       ms
[2026-04-03T01:13:25.962+0600][6.870s][info][gc,stats    ]      Old Subphase: Concurrent References Enqueue                 0.006 / 0.008         0.006 / 0.008         0.006 / 0.008         0.006 / 0.008       ms
[2026-04-03T01:13:25.962+0600][6.870s][info][gc,stats    ]      Old Subphase: Concurrent References Process                 0.123 / 0.167         0.123 / 0.167         0.123 / 0.167         0.123 / 0.167       ms
[2026-04-03T01:13:25.962+0600][6.870s][info][gc,stats    ]      Old Subphase: Concurrent Remap Remembered                  13.674 / 15.984       13.674 / 15.984       13.674 / 15.984       13.674 / 15.984      ms
[2026-04-03T01:13:25.962+0600][6.870s][info][gc,stats    ]      Old Subphase: Concurrent Remap Roots Colored                0.483 / 0.932         0.483 / 0.932         0.483 / 0.932         0.483 / 0.932       ms
[2026-04-03T01:13:25.962+0600][6.870s][info][gc,stats    ]      Old Subphase: Concurrent Remap Roots Uncolored              0.515 / 0.893         0.515 / 0.893         0.515 / 0.893         0.515 / 0.893       ms
[2026-04-03T01:13:25.962+0600][6.870s][info][gc,stats    ]      Old Subphase: Concurrent Roots ClassLoaderDataGraph         0.274 / 0.853         0.274 / 0.853         0.274 / 0.853         0.274 / 0.853       ms
[2026-04-03T01:13:25.962+0600][6.870s][info][gc,stats    ]      Old Subphase: Concurrent Roots CodeCache                    0.510 / 0.887         0.510 / 0.887         0.510 / 0.887         0.510 / 0.887       ms
[2026-04-03T01:13:25.962+0600][6.870s][info][gc,stats    ]      Old Subphase: Concurrent Roots JavaThreads                  0.059 / 0.594         0.059 / 0.594         0.059 / 0.594         0.059 / 0.594       ms
[2026-04-03T01:13:25.962+0600][6.870s][info][gc,stats    ]      Old Subphase: Concurrent Roots OopStorageSet                0.015 / 0.057         0.015 / 0.057         0.015 / 0.057         0.015 / 0.057       ms
[2026-04-03T01:13:25.962+0600][6.870s][info][gc,stats    ]      Old Subphase: Concurrent Weak Roots OopStorageSet           0.129 / 0.511         0.129 / 0.511         0.129 / 0.511         0.129 / 0.511       ms
[2026-04-03T01:13:25.962+0600][6.870s][info][gc,stats    ]            System: Java Threads                                     11 / 13               11 / 13               11 / 13               11 / 13          threads
[2026-04-03T01:13:25.962+0600][6.870s][info][gc,stats    ]  Young Generation: Young Generation                            282.774 / 282.774     282.774 / 282.774     282.774 / 282.774     282.774 / 282.774     ms
[2026-04-03T01:13:25.962+0600][6.870s][info][gc,stats    ]  Young Generation: Young Generation                              0.000 / 0.000         0.000 / 0.000         0.000 / 0.000         0.000 / 0.000       ms
[2026-04-03T01:13:25.962+0600][6.870s][info][gc,stats    ]  Young Generation: Young Generation (Collect Roots)              4.432 / 4.432         4.432 / 4.432         4.432 / 4.432         4.432 / 4.432       ms
[2026-04-03T01:13:25.962+0600][6.870s][info][gc,stats    ]  Young Generation: Young Generation (Promote All)               17.655 / 17.655       17.655 / 17.655       17.655 / 17.655       17.655 / 17.655      ms
[2026-04-03T01:13:25.962+0600][6.870s][info][gc,stats    ]       Young Pause: Pause Mark End                                0.022 / 0.029         0.022 / 0.029         0.022 / 0.029         0.022 / 0.029       ms
[2026-04-03T01:13:25.962+0600][6.870s][info][gc,stats    ]       Young Pause: Pause Mark Start                              0.021 / 0.021         0.021 / 0.021         0.021 / 0.021         0.021 / 0.021       ms
[2026-04-03T01:13:25.962+0600][6.870s][info][gc,stats    ]       Young Pause: Pause Mark Start (Major)                      0.026 / 0.030         0.026 / 0.030         0.026 / 0.030         0.026 / 0.030       ms
[2026-04-03T01:13:25.962+0600][6.870s][info][gc,stats    ]       Young Pause: Pause Relocate Start                          0.021 / 0.030         0.021 / 0.030         0.021 / 0.030         0.021 / 0.030       ms
[2026-04-03T01:13:25.962+0600][6.870s][info][gc,stats    ]       Young Phase: Concurrent Mark                              61.162 / 177.502      61.162 / 177.502      61.162 / 177.502      61.162 / 177.502     ms
[2026-04-03T01:13:25.962+0600][6.870s][info][gc,stats    ]       Young Phase: Concurrent Mark Continue                      0.000 / 0.000         0.000 / 0.000         0.000 / 0.000         0.000 / 0.000       ms
[2026-04-03T01:13:25.962+0600][6.870s][info][gc,stats    ]       Young Phase: Concurrent Mark Free                          0.063 / 0.183         0.063 / 0.183         0.063 / 0.183         0.063 / 0.183       ms
[2026-04-03T01:13:25.962+0600][6.870s][info][gc,stats    ]       Young Phase: Concurrent Relocate                          28.793 / 81.955       28.793 / 81.955       28.793 / 81.955       28.793 / 81.955      ms
[2026-04-03T01:13:25.962+0600][6.870s][info][gc,stats    ]       Young Phase: Concurrent Reset Relocation Set               0.001 / 0.002         0.001 / 0.002         0.001 / 0.002         0.001 / 0.002       ms
[2026-04-03T01:13:25.962+0600][6.870s][info][gc,stats    ]       Young Phase: Concurrent Select Relocation Set             10.462 / 21.558       10.462 / 21.558       10.462 / 21.558       10.462 / 21.558      ms
[2026-04-03T01:13:25.962+0600][6.870s][info][gc,stats    ]    Young Subphase: Concurrent Mark Follow                       59.229 / 174.289      59.229 / 174.289      59.229 / 174.289      59.229 / 174.289     ms
[2026-04-03T01:13:25.962+0600][6.870s][info][gc,stats    ]    Young Subphase: Concurrent Mark Root Colored                  1.247 / 2.059         1.247 / 2.059         1.247 / 2.059         1.247 / 2.059       ms
[2026-04-03T01:13:25.962+0600][6.870s][info][gc,stats    ]    Young Subphase: Concurrent Mark Root Uncolored                0.566 / 1.056         0.566 / 1.056         0.566 / 1.056         0.566 / 1.056       ms
[2026-04-03T01:13:25.962+0600][6.870s][info][gc,stats    ]    Young Subphase: Concurrent Mark Roots                         1.928 / 3.205         1.928 / 3.205         1.928 / 3.205         1.928 / 3.205       ms
[2026-04-03T01:13:25.962+0600][6.870s][info][gc,stats    ]    Young Subphase: Concurrent Relocate Remset FP                 0.064 / 0.140         0.064 / 0.140         0.064 / 0.140         0.064 / 0.140       ms
[2026-04-03T01:13:25.962+0600][6.870s][info][gc,stats    ]    Young Subphase: Concurrent Roots ClassLoaderDataGraph         0.941 / 1.457         0.941 / 1.457         0.941 / 1.457         0.941 / 1.457       ms
[2026-04-03T01:13:25.962+0600][6.870s][info][gc,stats    ]    Young Subphase: Concurrent Roots CodeCache                    0.365 / 0.968         0.365 / 0.968         0.365 / 0.968         0.365 / 0.968       ms
[2026-04-03T01:13:25.962+0600][6.870s][info][gc,stats    ]    Young Subphase: Concurrent Roots JavaThreads                  0.101 / 0.603         0.101 / 0.603         0.101 / 0.603         0.101 / 0.603       ms
[2026-04-03T01:13:25.962+0600][6.870s][info][gc,stats    ]    Young Subphase: Concurrent Roots OopStorageSet                0.054 / 0.087         0.054 / 0.087         0.054 / 0.087         0.054 / 0.087       ms
[2026-04-03T01:13:25.962+0600][6.870s][info][gc,stats    ]    Young Subphase: Concurrent Weak Roots OopStorageSet           0.264 / 0.541         0.264 / 0.541         0.264 / 0.541         0.264 / 0.541       ms
[2026-04-03T01:13:25.962+0600][6.870s][info][gc,stats    ] =========================================================================================================================================================
[2026-04-03T01:13:25.962+0600][6.870s][info][gc,heap,exit] Heap
[2026-04-03T01:13:25.962+0600][6.870s][info][gc,heap,exit]  ZHeap           used 478M, capacity 478M, max capacity 3922M
[2026-04-03T01:13:25.962+0600][6.870s][info][gc,heap,exit]  Metaspace       used 12290K, committed 12480K, reserved 1114112K
[2026-04-03T01:13:25.962+0600][6.870s][info][gc,heap,exit]   class space    used 1356K, committed 1472K, reserved 1048576K
