[2026-04-03T01:13:26.076+0600][0.006s][info][gc,init] Initializing The Z Garbage Collector
[2026-04-03T01:13:26.076+0600][0.006s][info][gc,init] Version: 21.0.10+7-Ubuntu-124.04 (release)
[2026-04-03T01:13:26.076+0600][0.006s][info][gc,init] Using legacy single-generation mode
[2026-04-03T01:13:26.076+0600][0.006s][info][gc,init] NUMA Support: Disabled
[2026-04-03T01:13:26.076+0600][0.006s][info][gc,init] CPUs: 12 total, 12 available
[2026-04-03T01:13:26.076+0600][0.006s][info][gc,init] Memory: 15683M
[2026-04-03T01:13:26.076+0600][0.006s][info][gc,init] Large Page Support: Disabled
[2026-04-03T01:13:26.076+0600][0.006s][info][gc,init] GC Workers: 3 (dynamic)
[2026-04-03T01:13:26.077+0600][0.007s][info][gc,init] Address Space Type: Contiguous/Unrestricted/Complete
[2026-04-03T01:13:26.077+0600][0.007s][info][gc,init] Address Space Size: 62752M x 3 = 188256M
[2026-04-03T01:13:26.077+0600][0.007s][info][gc,init] Heap Backing File: /memfd:java_heap
[2026-04-03T01:13:26.077+0600][0.007s][info][gc,init] Heap Backing Filesystem: tmpfs (0x1021994)
[2026-04-03T01:13:26.077+0600][0.007s][info][gc,init] Min Capacity: 8M
[2026-04-03T01:13:26.077+0600][0.007s][info][gc,init] Initial Capacity: 246M
[2026-04-03T01:13:26.077+0600][0.007s][info][gc,init] Max Capacity: 3922M
[2026-04-03T01:13:26.077+0600][0.007s][info][gc,init] Medium Page Size: 32M
[2026-04-03T01:13:26.077+0600][0.007s][info][gc,init] Pre-touch: Disabled
[2026-04-03T01:13:26.077+0600][0.007s][info][gc,init] Available space on backing filesystem: N/A
[2026-04-03T01:13:26.078+0600][0.008s][info][gc,init] Uncommit: Enabled
[2026-04-03T01:13:26.078+0600][0.008s][info][gc,init] Uncommit Delay: 300s
[2026-04-03T01:13:26.188+0600][0.118s][info][gc,init] Runtime Workers: 8
[2026-04-03T01:13:26.190+0600][0.120s][info][gc     ] Using The Z Garbage Collector
[2026-04-03T01:13:26.203+0600][0.133s][info][gc,metaspace] CDS archive(s) mapped at: [0x0000724927000000-0x0000724927c9c000-0x0000724927c9c000), size 13221888, SharedBaseAddress: 0x0000724927000000, ArchiveRelocationMode: 1.
[2026-04-03T01:13:26.203+0600][0.133s][info][gc,metaspace] Compressed class space mapped at: 0x0000724928000000-0x0000724968000000, reserved size: 1073741824
[2026-04-03T01:13:26.203+0600][0.133s][info][gc,metaspace] Narrow klass base: 0x0000724927000000, Narrow klass shift: 0, Narrow klass range: 0x100000000
[2026-04-03T01:13:27.916+0600][1.846s][info][gc,start    ] GC(0) Garbage Collection (System.gc())
[2026-04-03T01:13:27.916+0600][1.846s][info][gc,task     ] GC(0) Using 3 workers
[2026-04-03T01:13:27.916+0600][1.846s][info][gc,phases   ] GC(0) Pause Mark Start 0.012ms
[2026-04-03T01:13:27.920+0600][1.850s][info][gc,phases   ] GC(0) Concurrent Mark 4.095ms
[2026-04-03T01:13:27.920+0600][1.851s][info][gc,phases   ] GC(0) Pause Mark End 0.013ms
[2026-04-03T01:13:27.921+0600][1.851s][info][gc,phases   ] GC(0) Concurrent Mark Free 0.002ms
[2026-04-03T01:13:27.922+0600][1.852s][info][gc,phases   ] GC(0) Concurrent Process Non-Strong References 1.270ms
[2026-04-03T01:13:27.922+0600][1.852s][info][gc,phases   ] GC(0) Concurrent Reset Relocation Set 0.001ms
[2026-04-03T01:13:27.929+0600][1.859s][info][gc,phases   ] GC(0) Concurrent Select Relocation Set 7.363ms
[2026-04-03T01:13:27.929+0600][1.859s][info][gc,phases   ] GC(0) Pause Relocate Start 0.007ms
[2026-04-03T01:13:27.932+0600][1.862s][info][gc,phases   ] GC(0) Concurrent Relocate 2.280ms
[2026-04-03T01:13:27.932+0600][1.862s][info][gc,load     ] GC(0) Load: 4.84/5.99/4.74
[2026-04-03T01:13:27.932+0600][1.862s][info][gc,mmu      ] GC(0) MMU: 2ms/99.3%, 5ms/99.5%, 10ms/99.7%, 20ms/99.8%, 50ms/99.9%, 100ms/100.0%
[2026-04-03T01:13:27.932+0600][1.862s][info][gc,marking  ] GC(0) Mark: 2 stripe(s), 1 proactive flush(es), 1 terminate flush(es), 0 completion(s), 0 continuation(s) 
[2026-04-03T01:13:27.932+0600][1.862s][info][gc,marking  ] GC(0) Mark Stack Usage: 32M
[2026-04-03T01:13:27.932+0600][1.862s][info][gc,nmethod  ] GC(0) NMethods: 591 registered, 95 unregistered
[2026-04-03T01:13:27.932+0600][1.862s][info][gc,metaspace] GC(0) Metaspace: 2M used, 2M committed, 1088M reserved
[2026-04-03T01:13:27.932+0600][1.862s][info][gc,ref      ] GC(0) Soft: 85 encountered, 0 discovered, 0 enqueued
[2026-04-03T01:13:27.932+0600][1.862s][info][gc,ref      ] GC(0) Weak: 328 encountered, 168 discovered, 78 enqueued
[2026-04-03T01:13:27.932+0600][1.862s][info][gc,ref      ] GC(0) Final: 3 encountered, 3 discovered, 0 enqueued
[2026-04-03T01:13:27.932+0600][1.862s][info][gc,ref      ] GC(0) Phantom: 43 encountered, 21 discovered, 2 enqueued
[2026-04-03T01:13:27.932+0600][1.862s][info][gc,reloc    ] GC(0) Small Pages: 8 / 16M, Empty: 0M, Relocated: 2M, In-Place: 0
[2026-04-03T01:13:27.932+0600][1.862s][info][gc,reloc    ] GC(0) Medium Pages: 1 / 32M, Empty: 0M, Relocated: 0M, In-Place: 0
[2026-04-03T01:13:27.932+0600][1.862s][info][gc,reloc    ] GC(0) Large Pages: 0 / 0M, Empty: 0M, Relocated: 0M, In-Place: 0
[2026-04-03T01:13:27.932+0600][1.862s][info][gc,reloc    ] GC(0) Forwarding Usage: 0M
[2026-04-03T01:13:27.932+0600][1.862s][info][gc,heap     ] GC(0) Min Capacity: 8M(0%)
[2026-04-03T01:13:27.932+0600][1.862s][info][gc,heap     ] GC(0) Max Capacity: 3922M(100%)
[2026-04-03T01:13:27.932+0600][1.862s][info][gc,heap     ] GC(0) Soft Max Capacity: 3922M(100%)
[2026-04-03T01:13:27.932+0600][1.862s][info][gc,heap     ] GC(0)                Mark Start          Mark End        Relocate Start      Relocate End           High               Low         
[2026-04-03T01:13:27.932+0600][1.862s][info][gc,heap     ] GC(0)  Capacity:      246M (6%)          246M (6%)          246M (6%)          246M (6%)          246M (6%)          246M (6%)     
[2026-04-03T01:13:27.932+0600][1.862s][info][gc,heap     ] GC(0)      Free:     3874M (99%)        3874M (99%)        3872M (99%)        3882M (99%)        3882M (99%)        3870M (99%)    
[2026-04-03T01:13:27.932+0600][1.862s][info][gc,heap     ] GC(0)      Used:       48M (1%)           48M (1%)           50M (1%)           40M (1%)           52M (1%)           40M (1%)     
[2026-04-03T01:13:27.932+0600][1.862s][info][gc,heap     ] GC(0)      Live:         -                 3M (0%)            3M (0%)            3M (0%)             -                  -          
[2026-04-03T01:13:27.932+0600][1.862s][info][gc,heap     ] GC(0) Allocated:         -                 0M (0%)            2M (0%)            2M (0%)             -                  -          
[2026-04-03T01:13:27.932+0600][1.862s][info][gc,heap     ] GC(0)   Garbage:         -                44M (1%)           44M (1%)           34M (1%)             -                  -          
[2026-04-03T01:13:27.932+0600][1.862s][info][gc,heap     ] GC(0) Reclaimed:         -                  -                 0M (0%)           10M (0%)             -                  -          
[2026-04-03T01:13:27.932+0600][1.862s][info][gc          ] GC(0) Garbage Collection (System.gc()) 48M(1%)->40M(1%)
[2026-04-03T01:13:29.918+0600][3.848s][info][gc,start    ] GC(1) Garbage Collection (Warmup)
[2026-04-03T01:13:29.918+0600][3.848s][info][gc,task     ] GC(1) Using 3 workers
[2026-04-03T01:13:29.919+0600][3.849s][info][gc,phases   ] GC(1) Pause Mark Start 0.013ms
[2026-04-03T01:13:30.154+0600][4.084s][info][gc,phases   ] GC(1) Concurrent Mark 235.182ms
[2026-04-03T01:13:30.154+0600][4.084s][info][gc,phases   ] GC(1) Pause Mark End 0.026ms
[2026-04-03T01:13:30.154+0600][4.084s][info][gc,phases   ] GC(1) Concurrent Mark Free 0.002ms
[2026-04-03T01:13:30.160+0600][4.090s][info][gc,phases   ] GC(1) Concurrent Process Non-Strong References 6.162ms
[2026-04-03T01:13:30.160+0600][4.091s][info][gc,phases   ] GC(1) Concurrent Reset Relocation Set 0.002ms
[2026-04-03T01:13:30.188+0600][4.118s][info][gc,phases   ] GC(1) Concurrent Select Relocation Set 27.557ms
[2026-04-03T01:13:30.188+0600][4.118s][info][gc,phases   ] GC(1) Pause Relocate Start 0.015ms
[2026-04-03T01:13:30.285+0600][4.215s][info][gc,phases   ] GC(1) Concurrent Relocate 96.890ms
[2026-04-03T01:13:30.285+0600][4.216s][info][gc,load     ] GC(1) Load: 4.85/5.97/4.75
[2026-04-03T01:13:30.285+0600][4.216s][info][gc,mmu      ] GC(1) MMU: 2ms/98.7%, 5ms/99.5%, 10ms/99.7%, 20ms/99.8%, 50ms/99.9%, 100ms/100.0%
[2026-04-03T01:13:30.286+0600][4.216s][info][gc,marking  ] GC(1) Mark: 2 stripe(s), 4 proactive flush(es), 1 terminate flush(es), 0 completion(s), 0 continuation(s) 
[2026-04-03T01:13:30.286+0600][4.216s][info][gc,marking  ] GC(1) Mark Stack Usage: 32M
[2026-04-03T01:13:30.286+0600][4.216s][info][gc,nmethod  ] GC(1) NMethods: 2104 registered, 526 unregistered
[2026-04-03T01:13:30.286+0600][4.216s][info][gc,metaspace] GC(1) Metaspace: 11M used, 11M committed, 1088M reserved
[2026-04-03T01:13:30.286+0600][4.216s][info][gc,ref      ] GC(1) Soft: 35193 encountered, 0 discovered, 0 enqueued
[2026-04-03T01:13:30.286+0600][4.216s][info][gc,ref      ] GC(1) Weak: 556 encountered, 251 discovered, 63 enqueued
[2026-04-03T01:13:30.286+0600][4.216s][info][gc,ref      ] GC(1) Final: 4 encountered, 3 discovered, 0 enqueued
[2026-04-03T01:13:30.286+0600][4.216s][info][gc,ref      ] GC(1) Phantom: 49 encountered, 24 discovered, 3 enqueued
[2026-04-03T01:13:30.286+0600][4.216s][info][gc,reloc    ] GC(1) Small Pages: 169 / 338M, Empty: 0M, Relocated: 124M, In-Place: 0
[2026-04-03T01:13:30.286+0600][4.216s][info][gc,reloc    ] GC(1) Medium Pages: 2 / 64M, Empty: 0M, Relocated: 0M, In-Place: 0
[2026-04-03T01:13:30.286+0600][4.216s][info][gc,reloc    ] GC(1) Large Pages: 0 / 0M, Empty: 0M, Relocated: 0M, In-Place: 0
[2026-04-03T01:13:30.286+0600][4.216s][info][gc,reloc    ] GC(1) Forwarding Usage: 47M
[2026-04-03T01:13:30.286+0600][4.216s][info][gc,heap     ] GC(1) Min Capacity: 8M(0%)
[2026-04-03T01:13:30.286+0600][4.216s][info][gc,heap     ] GC(1) Max Capacity: 3922M(100%)
[2026-04-03T01:13:30.286+0600][4.216s][info][gc,heap     ] GC(1) Soft Max Capacity: 3922M(100%)
[2026-04-03T01:13:30.286+0600][4.216s][info][gc,heap     ] GC(1)                Mark Start          Mark End        Relocate Start      Relocate End           High               Low         
[2026-04-03T01:13:30.286+0600][4.216s][info][gc,heap     ] GC(1)  Capacity:      402M (10%)         448M (11%)         454M (12%)         520M (13%)         520M (13%)         402M (10%)    
[2026-04-03T01:13:30.286+0600][4.216s][info][gc,heap     ] GC(1)      Free:     3520M (90%)        3474M (89%)        3468M (88%)        3584M (91%)        3584M (91%)        3402M (87%)    
[2026-04-03T01:13:30.286+0600][4.216s][info][gc,heap     ] GC(1)      Used:      402M (10%)         448M (11%)         454M (12%)         338M (9%)          520M (13%)         338M (9%)     
[2026-04-03T01:13:30.286+0600][4.216s][info][gc,heap     ] GC(1)      Live:         -               191M (5%)          191M (5%)          191M (5%)             -                  -          
[2026-04-03T01:13:30.286+0600][4.216s][info][gc,heap     ] GC(1) Allocated:         -                46M (1%)           52M (1%)          102M (3%)             -                  -          
[2026-04-03T01:13:30.286+0600][4.216s][info][gc,heap     ] GC(1)   Garbage:         -               210M (5%)          210M (5%)           43M (1%)             -                  -          
[2026-04-03T01:13:30.286+0600][4.216s][info][gc,heap     ] GC(1) Reclaimed:         -                  -                 0M (0%)          166M (4%)             -                  -          
[2026-04-03T01:13:30.286+0600][4.216s][info][gc          ] GC(1) Garbage Collection (Warmup) 402M(10%)->338M(9%)
[2026-04-03T01:13:33.365+0600][7.295s][info][gc,heap,exit] Heap
[2026-04-03T01:13:33.365+0600][7.295s][info][gc,heap,exit]  ZHeap           used 432M, capacity 520M, max capacity 3922M
[2026-04-03T01:13:33.365+0600][7.295s][info][gc,heap,exit]  Metaspace       used 12287K, committed 12480K, reserved 1114112K
[2026-04-03T01:13:33.365+0600][7.295s][info][gc,heap,exit]   class space    used 1356K, committed 1472K, reserved 1048576K
