[2026-04-03T01:55:10.401+0600][0.004s][info][gc,init] CardTable entry size: 512
[2026-04-03T01:55:10.401+0600][0.004s][info][gc     ] Using G1
[2026-04-03T01:55:10.405+0600][0.008s][info][gc,init] Version: 21.0.10+7-Ubuntu-124.04 (release)
[2026-04-03T01:55:10.405+0600][0.008s][info][gc,init] CPUs: 12 total, 12 available
[2026-04-03T01:55:10.405+0600][0.008s][info][gc,init] Memory: 15683M
[2026-04-03T01:55:10.405+0600][0.008s][info][gc,init] Large Page Support: Disabled
[2026-04-03T01:55:10.405+0600][0.008s][info][gc,init] NUMA Support: Disabled
[2026-04-03T01:55:10.405+0600][0.008s][info][gc,init] Compressed Oops: Enabled (32-bit)
[2026-04-03T01:55:10.405+0600][0.008s][info][gc,init] Heap Region Size: 1M
[2026-04-03T01:55:10.405+0600][0.008s][info][gc,init] Heap Min Capacity: 8M
[2026-04-03T01:55:10.405+0600][0.008s][info][gc,init] Heap Initial Capacity: 246M
[2026-04-03T01:55:10.405+0600][0.008s][info][gc,init] Heap Max Capacity: 500M
[2026-04-03T01:55:10.405+0600][0.008s][info][gc,init] Pre-touch: Disabled
[2026-04-03T01:55:10.405+0600][0.008s][info][gc,init] Parallel Workers: 10
[2026-04-03T01:55:10.405+0600][0.008s][info][gc,init] Concurrent Workers: 3
[2026-04-03T01:55:10.405+0600][0.008s][info][gc,init] Concurrent Refinement Workers: 10
[2026-04-03T01:55:10.405+0600][0.008s][info][gc,init] Periodic GC: Disabled
[2026-04-03T01:55:10.419+0600][0.022s][info][gc,metaspace] CDS archive(s) mapped at: [0x00007e13eb000000-0x00007e13ebc9c000-0x00007e13ebc9c000), size 13221888, SharedBaseAddress: 0x00007e13eb000000, ArchiveRelocationMode: 1.
[2026-04-03T01:55:10.419+0600][0.022s][info][gc,metaspace] Compressed class space mapped at: 0x00007e13ec000000-0x00007e142c000000, reserved size: 1073741824
[2026-04-03T01:55:10.419+0600][0.022s][info][gc,metaspace] Narrow klass base: 0x00007e13eb000000, Narrow klass shift: 0, Narrow klass range: 0x100000000
[2026-04-03T01:55:10.838+0600][0.441s][info][gc,start    ] GC(0) Pause Young (Normal) (G1 Evacuation Pause)
[2026-04-03T01:55:10.839+0600][0.442s][info][gc,task     ] GC(0) Using 5 workers of 10 for evacuation
[2026-04-03T01:55:10.842+0600][0.445s][info][gc,phases   ] GC(0)   Pre Evacuate Collection Set: 0.12ms
[2026-04-03T01:55:10.842+0600][0.445s][info][gc,phases   ] GC(0)   Merge Heap Roots: 0.06ms
[2026-04-03T01:55:10.842+0600][0.445s][info][gc,phases   ] GC(0)   Evacuate Collection Set: 1.86ms
[2026-04-03T01:55:10.842+0600][0.445s][info][gc,phases   ] GC(0)   Post Evacuate Collection Set: 0.28ms
[2026-04-03T01:55:10.842+0600][0.445s][info][gc,phases   ] GC(0)   Other: 1.14ms
[2026-04-03T01:55:10.842+0600][0.445s][info][gc,heap     ] GC(0) Eden regions: 23->0(46)
[2026-04-03T01:55:10.842+0600][0.445s][info][gc,heap     ] GC(0) Survivor regions: 0->3(3)
[2026-04-03T01:55:10.842+0600][0.445s][info][gc,heap     ] GC(0) Old regions: 2->2
[2026-04-03T01:55:10.842+0600][0.445s][info][gc,heap     ] GC(0) Humongous regions: 0->0
[2026-04-03T01:55:10.842+0600][0.445s][info][gc,metaspace] GC(0) Metaspace: 2594K(2752K)->2594K(2752K) NonClass: 2361K(2432K)->2361K(2432K) Class: 233K(320K)->233K(320K)
[2026-04-03T01:55:10.842+0600][0.445s][info][gc          ] GC(0) Pause Young (Normal) (G1 Evacuation Pause) 24M->3M(248M) 3.880ms
[2026-04-03T01:55:10.842+0600][0.445s][info][gc,cpu      ] GC(0) User=0.02s Sys=0.00s Real=0.01s
[2026-04-03T01:55:10.982+0600][0.585s][info][gc,start    ] GC(1) Pause Young (Normal) (G1 Evacuation Pause)
[2026-04-03T01:55:10.982+0600][0.585s][info][gc,task     ] GC(1) Using 5 workers of 10 for evacuation
[2026-04-03T01:55:10.984+0600][0.587s][info][gc,phases   ] GC(1)   Pre Evacuate Collection Set: 0.30ms
[2026-04-03T01:55:10.984+0600][0.587s][info][gc,phases   ] GC(1)   Merge Heap Roots: 0.04ms
[2026-04-03T01:55:10.984+0600][0.587s][info][gc,phases   ] GC(1)   Evacuate Collection Set: 1.62ms
[2026-04-03T01:55:10.984+0600][0.587s][info][gc,phases   ] GC(1)   Post Evacuate Collection Set: 0.49ms
[2026-04-03T01:55:10.984+0600][0.587s][info][gc,phases   ] GC(1)   Other: 0.07ms
[2026-04-03T01:55:10.984+0600][0.587s][info][gc,heap     ] GC(1) Eden regions: 46->0(144)
[2026-04-03T01:55:10.984+0600][0.587s][info][gc,heap     ] GC(1) Survivor regions: 3->3(7)
[2026-04-03T01:55:10.984+0600][0.587s][info][gc,heap     ] GC(1) Old regions: 2->2
[2026-04-03T01:55:10.984+0600][0.587s][info][gc,heap     ] GC(1) Humongous regions: 0->0
[2026-04-03T01:55:10.984+0600][0.587s][info][gc,metaspace] GC(1) Metaspace: 3952K(4096K)->3952K(4096K) NonClass: 3503K(3584K)->3503K(3584K) Class: 448K(512K)->448K(512K)
[2026-04-03T01:55:10.984+0600][0.587s][info][gc          ] GC(1) Pause Young (Normal) (G1 Evacuation Pause) 49M->3M(248M) 2.772ms
[2026-04-03T01:55:10.984+0600][0.587s][info][gc,cpu      ] GC(1) User=0.00s Sys=0.00s Real=0.00s
[2026-04-03T01:55:11.538+0600][1.141s][info][gc,start    ] GC(2) Pause Young (Normal) (G1 Evacuation Pause)
[2026-04-03T01:55:11.538+0600][1.141s][info][gc,task     ] GC(2) Using 5 workers of 10 for evacuation
[2026-04-03T01:55:11.541+0600][1.144s][info][gc,phases   ] GC(2)   Pre Evacuate Collection Set: 0.15ms
[2026-04-03T01:55:11.541+0600][1.144s][info][gc,phases   ] GC(2)   Merge Heap Roots: 0.06ms
[2026-04-03T01:55:11.541+0600][1.144s][info][gc,phases   ] GC(2)   Evacuate Collection Set: 2.47ms
[2026-04-03T01:55:11.541+0600][1.144s][info][gc,phases   ] GC(2)   Post Evacuate Collection Set: 0.53ms
[2026-04-03T01:55:11.541+0600][1.144s][info][gc,phases   ] GC(2)   Other: 0.10ms
[2026-04-03T01:55:11.541+0600][1.144s][info][gc,heap     ] GC(2) Eden regions: 144->0(143)
[2026-04-03T01:55:11.541+0600][1.144s][info][gc,heap     ] GC(2) Survivor regions: 3->4(19)
[2026-04-03T01:55:11.541+0600][1.144s][info][gc,heap     ] GC(2) Old regions: 2->2
[2026-04-03T01:55:11.541+0600][1.144s][info][gc,heap     ] GC(2) Humongous regions: 0->0
[2026-04-03T01:55:11.541+0600][1.144s][info][gc,metaspace] GC(2) Metaspace: 10085K(10304K)->10085K(10304K) NonClass: 8826K(8960K)->8826K(8960K) Class: 1259K(1344K)->1259K(1344K)
[2026-04-03T01:55:11.541+0600][1.144s][info][gc          ] GC(2) Pause Young (Normal) (G1 Evacuation Pause) 147M->4M(248M) 3.542ms
[2026-04-03T01:55:11.541+0600][1.144s][info][gc,cpu      ] GC(2) User=0.01s Sys=0.00s Real=0.01s
[2026-04-03T01:55:14.339+0600][3.942s][info][gc,start    ] GC(3) Pause Young (Normal) (G1 Evacuation Pause)
[2026-04-03T01:55:14.339+0600][3.942s][info][gc,task     ] GC(3) Using 5 workers of 10 for evacuation
[2026-04-03T01:55:14.347+0600][3.950s][info][gc,phases   ] GC(3)   Pre Evacuate Collection Set: 0.19ms
[2026-04-03T01:55:14.347+0600][3.950s][info][gc,phases   ] GC(3)   Merge Heap Roots: 0.08ms
[2026-04-03T01:55:14.347+0600][3.950s][info][gc,phases   ] GC(3)   Evacuate Collection Set: 6.00ms
[2026-04-03T01:55:14.347+0600][3.950s][info][gc,phases   ] GC(3)   Post Evacuate Collection Set: 1.53ms
[2026-04-03T01:55:14.347+0600][3.950s][info][gc,phases   ] GC(3)   Other: 0.10ms
[2026-04-03T01:55:14.347+0600][3.950s][info][gc,heap     ] GC(3) Eden regions: 143->0(133)
[2026-04-03T01:55:14.347+0600][3.950s][info][gc,heap     ] GC(3) Survivor regions: 4->14(19)
[2026-04-03T01:55:14.347+0600][3.950s][info][gc,heap     ] GC(3) Old regions: 2->2
[2026-04-03T01:55:14.347+0600][3.950s][info][gc,heap     ] GC(3) Humongous regions: 7->7
[2026-04-03T01:55:14.347+0600][3.950s][info][gc,metaspace] GC(3) Metaspace: 19337K(19648K)->19337K(19648K) NonClass: 16895K(17088K)->16895K(17088K) Class: 2441K(2560K)->2441K(2560K)
[2026-04-03T01:55:14.347+0600][3.950s][info][gc          ] GC(3) Pause Young (Normal) (G1 Evacuation Pause) 154M->21M(248M) 8.247ms
[2026-04-03T01:55:14.347+0600][3.950s][info][gc,cpu      ] GC(3) User=0.04s Sys=0.00s Real=0.01s
[2026-04-03T01:55:14.457+0600][4.060s][info][gc,start    ] GC(4) Pause Young (Concurrent Start) (Metadata GC Threshold)
[2026-04-03T01:55:14.457+0600][4.060s][info][gc,task     ] GC(4) Using 5 workers of 10 for evacuation
[2026-04-03T01:55:14.462+0600][4.065s][info][gc,phases   ] GC(4)   Pre Evacuate Collection Set: 0.26ms
[2026-04-03T01:55:14.462+0600][4.065s][info][gc,phases   ] GC(4)   Merge Heap Roots: 0.12ms
[2026-04-03T01:55:14.462+0600][4.065s][info][gc,phases   ] GC(4)   Evacuate Collection Set: 4.01ms
[2026-04-03T01:55:14.462+0600][4.065s][info][gc,phases   ] GC(4)   Post Evacuate Collection Set: 0.57ms
[2026-04-03T01:55:14.462+0600][4.065s][info][gc,phases   ] GC(4)   Other: 0.14ms
[2026-04-03T01:55:14.462+0600][4.065s][info][gc,heap     ] GC(4) Eden regions: 3->0(136)
[2026-04-03T01:55:14.462+0600][4.065s][info][gc,heap     ] GC(4) Survivor regions: 14->11(19)
[2026-04-03T01:55:14.462+0600][4.065s][info][gc,heap     ] GC(4) Old regions: 2->6
[2026-04-03T01:55:14.462+0600][4.065s][info][gc,heap     ] GC(4) Humongous regions: 7->7
[2026-04-03T01:55:14.462+0600][4.065s][info][gc,metaspace] GC(4) Metaspace: 21262K(21504K)->21262K(21504K) NonClass: 18626K(18752K)->18626K(18752K) Class: 2635K(2752K)->2635K(2752K)
[2026-04-03T01:55:14.462+0600][4.065s][info][gc          ] GC(4) Pause Young (Concurrent Start) (Metadata GC Threshold) 24M->22M(248M) 5.531ms
[2026-04-03T01:55:14.462+0600][4.065s][info][gc,cpu      ] GC(4) User=0.02s Sys=0.00s Real=0.01s
[2026-04-03T01:55:14.462+0600][4.065s][info][gc          ] GC(5) Concurrent Mark Cycle
[2026-04-03T01:55:14.462+0600][4.065s][info][gc,marking  ] GC(5) Concurrent Scan Root Regions
[2026-04-03T01:55:14.465+0600][4.068s][info][gc,marking  ] GC(5) Concurrent Scan Root Regions 2.563ms
[2026-04-03T01:55:14.465+0600][4.068s][info][gc,marking  ] GC(5) Concurrent Mark
[2026-04-03T01:55:14.465+0600][4.068s][info][gc,marking  ] GC(5) Concurrent Mark From Roots
[2026-04-03T01:55:14.465+0600][4.068s][info][gc,task     ] GC(5) Using 3 workers of 3 for marking
[2026-04-03T01:55:14.468+0600][4.071s][info][gc,marking  ] GC(5) Concurrent Mark From Roots 3.130ms
[2026-04-03T01:55:14.468+0600][4.071s][info][gc,marking  ] GC(5) Concurrent Preclean
[2026-04-03T01:55:14.468+0600][4.071s][info][gc,marking  ] GC(5) Concurrent Preclean 0.017ms
[2026-04-03T01:55:14.468+0600][4.071s][info][gc,start    ] GC(5) Pause Remark
[2026-04-03T01:55:14.471+0600][4.074s][info][gc          ] GC(5) Pause Remark 22M->22M(80M) 2.691ms
[2026-04-03T01:55:14.471+0600][4.074s][info][gc,cpu      ] GC(5) User=0.01s Sys=0.00s Real=0.01s
[2026-04-03T01:55:14.471+0600][4.074s][info][gc,marking  ] GC(5) Concurrent Mark 6.153ms
[2026-04-03T01:55:14.471+0600][4.074s][info][gc,marking  ] GC(5) Concurrent Rebuild Remembered Sets and Scrub Regions
[2026-04-03T01:55:14.473+0600][4.076s][info][gc,marking  ] GC(5) Concurrent Rebuild Remembered Sets and Scrub Regions 1.429ms
[2026-04-03T01:55:14.484+0600][4.087s][info][gc,start    ] GC(5) Pause Cleanup
[2026-04-03T01:55:14.484+0600][4.087s][info][gc          ] GC(5) Pause Cleanup 22M->22M(80M) 0.173ms
[2026-04-03T01:55:14.484+0600][4.087s][info][gc,cpu      ] GC(5) User=0.00s Sys=0.00s Real=0.00s
[2026-04-03T01:55:14.484+0600][4.087s][info][gc,marking  ] GC(5) Concurrent Clear Claimed Marks
[2026-04-03T01:55:14.484+0600][4.087s][info][gc,marking  ] GC(5) Concurrent Clear Claimed Marks 0.067ms
[2026-04-03T01:55:14.484+0600][4.087s][info][gc,marking  ] GC(5) Concurrent Cleanup for Next Mark
[2026-04-03T01:55:14.485+0600][4.088s][info][gc,marking  ] GC(5) Concurrent Cleanup for Next Mark 0.878ms
[2026-04-03T01:55:14.485+0600][4.088s][info][gc          ] GC(5) Concurrent Mark Cycle 22.741ms
[2026-04-03T01:55:15.998+0600][5.601s][info][gc,start    ] GC(6) Pause Young (Prepare Mixed) (G1 Evacuation Pause)
[2026-04-03T01:55:15.998+0600][5.601s][info][gc,task     ] GC(6) Using 3 workers of 10 for evacuation
[2026-04-03T01:55:16.008+0600][5.611s][info][gc,phases   ] GC(6)   Pre Evacuate Collection Set: 0.13ms
[2026-04-03T01:55:16.008+0600][5.611s][info][gc,phases   ] GC(6)   Merge Heap Roots: 0.06ms
[2026-04-03T01:55:16.008+0600][5.611s][info][gc,phases   ] GC(6)   Evacuate Collection Set: 8.77ms
[2026-04-03T01:55:16.008+0600][5.611s][info][gc,phases   ] GC(6)   Post Evacuate Collection Set: 0.94ms
[2026-04-03T01:55:16.008+0600][5.611s][info][gc,phases   ] GC(6)   Other: 0.07ms
[2026-04-03T01:55:16.008+0600][5.611s][info][gc,heap     ] GC(6) Eden regions: 54->0(57)
[2026-04-03T01:55:16.008+0600][5.611s][info][gc,heap     ] GC(6) Survivor regions: 11->3(19)
[2026-04-03T01:55:16.008+0600][5.611s][info][gc,heap     ] GC(6) Old regions: 6->17
[2026-04-03T01:55:16.008+0600][5.612s][info][gc,heap     ] GC(6) Humongous regions: 15->9
[2026-04-03T01:55:16.008+0600][5.612s][info][gc,metaspace] GC(6) Metaspace: 28444K(28800K)->28444K(28800K) NonClass: 24914K(25088K)->24914K(25088K) Class: 3530K(3712K)->3530K(3712K)
[2026-04-03T01:55:16.008+0600][5.612s][info][gc          ] GC(6) Pause Young (Prepare Mixed) (G1 Evacuation Pause) 84M->26M(100M) 10.221ms
[2026-04-03T01:55:16.008+0600][5.612s][info][gc,cpu      ] GC(6) User=0.03s Sys=0.01s Real=0.01s
[2026-04-03T01:55:17.787+0600][7.390s][info][gc,start    ] GC(7) Pause Young (Mixed) (Metadata GC Threshold)
[2026-04-03T01:55:17.787+0600][7.390s][info][gc,task     ] GC(7) Using 2 workers of 10 for evacuation
[2026-04-03T01:55:17.797+0600][7.400s][info][gc,phases   ] GC(7)   Pre Evacuate Collection Set: 0.29ms
[2026-04-03T01:55:17.797+0600][7.400s][info][gc,phases   ] GC(7)   Merge Heap Roots: 0.09ms
[2026-04-03T01:55:17.797+0600][7.400s][info][gc,phases   ] GC(7)   Evacuate Collection Set: 8.75ms
[2026-04-03T01:55:17.797+0600][7.400s][info][gc,phases   ] GC(7)   Post Evacuate Collection Set: 1.02ms
[2026-04-03T01:55:17.797+0600][7.400s][info][gc,phases   ] GC(7)   Other: 0.12ms
[2026-04-03T01:55:17.797+0600][7.401s][info][gc,heap     ] GC(7) Eden regions: 52->0(56)
[2026-04-03T01:55:17.797+0600][7.401s][info][gc,heap     ] GC(7) Survivor regions: 3->4(8)
[2026-04-03T01:55:17.797+0600][7.401s][info][gc,heap     ] GC(7) Old regions: 17->16
[2026-04-03T01:55:17.797+0600][7.401s][info][gc,heap     ] GC(7) Humongous regions: 21->7
[2026-04-03T01:55:17.797+0600][7.401s][info][gc,metaspace] GC(7) Metaspace: 35720K(36096K)->35720K(36096K) NonClass: 31282K(31488K)->31282K(31488K) Class: 4438K(4608K)->4438K(4608K)
[2026-04-03T01:55:17.798+0600][7.401s][info][gc          ] GC(7) Pause Young (Mixed) (Metadata GC Threshold) 89M->26M(100M) 10.611ms
[2026-04-03T01:55:17.798+0600][7.401s][info][gc,cpu      ] GC(7) User=0.04s Sys=0.00s Real=0.01s
[2026-04-03T01:55:17.829+0600][7.432s][info][gc,start    ] GC(8) Pause Young (Concurrent Start) (Metadata GC Threshold)
[2026-04-03T01:55:17.829+0600][7.432s][info][gc,task     ] GC(8) Using 2 workers of 10 for evacuation
[2026-04-03T01:55:17.837+0600][7.440s][info][gc,phases   ] GC(8)   Pre Evacuate Collection Set: 0.28ms
[2026-04-03T01:55:17.837+0600][7.441s][info][gc,phases   ] GC(8)   Merge Heap Roots: 0.14ms
[2026-04-03T01:55:17.837+0600][7.441s][info][gc,phases   ] GC(8)   Evacuate Collection Set: 6.92ms
[2026-04-03T01:55:17.837+0600][7.441s][info][gc,phases   ] GC(8)   Post Evacuate Collection Set: 0.63ms
[2026-04-03T01:55:17.837+0600][7.441s][info][gc,phases   ] GC(8)   Other: 0.11ms
[2026-04-03T01:55:17.837+0600][7.441s][info][gc,heap     ] GC(8) Eden regions: 4->0(55)
[2026-04-03T01:55:17.837+0600][7.441s][info][gc,heap     ] GC(8) Survivor regions: 4->5(8)
[2026-04-03T01:55:17.837+0600][7.441s][info][gc,heap     ] GC(8) Old regions: 16->16
[2026-04-03T01:55:17.837+0600][7.441s][info][gc,heap     ] GC(8) Humongous regions: 7->7
[2026-04-03T01:55:17.837+0600][7.441s][info][gc,metaspace] GC(8) Metaspace: 36071K(36416K)->36071K(36416K) NonClass: 31591K(31808K)->31591K(31808K) Class: 4479K(4608K)->4479K(4608K)
[2026-04-03T01:55:17.838+0600][7.441s][info][gc          ] GC(8) Pause Young (Concurrent Start) (Metadata GC Threshold) 29M->26M(100M) 8.314ms
[2026-04-03T01:55:17.838+0600][7.441s][info][gc,cpu      ] GC(8) User=0.01s Sys=0.00s Real=0.01s
[2026-04-03T01:55:17.838+0600][7.441s][info][gc          ] GC(9) Concurrent Mark Cycle
[2026-04-03T01:55:17.838+0600][7.441s][info][gc,marking  ] GC(9) Concurrent Scan Root Regions
[2026-04-03T01:55:17.840+0600][7.444s][info][gc,marking  ] GC(9) Concurrent Scan Root Regions 2.695ms
[2026-04-03T01:55:17.840+0600][7.444s][info][gc,marking  ] GC(9) Concurrent Mark
[2026-04-03T01:55:17.841+0600][7.444s][info][gc,marking  ] GC(9) Concurrent Mark From Roots
[2026-04-03T01:55:17.841+0600][7.444s][info][gc,task     ] GC(9) Using 3 workers of 3 for marking
[2026-04-03T01:55:17.848+0600][7.451s][info][gc,marking  ] GC(9) Concurrent Mark From Roots 7.048ms
[2026-04-03T01:55:17.848+0600][7.451s][info][gc,marking  ] GC(9) Concurrent Preclean
[2026-04-03T01:55:17.848+0600][7.451s][info][gc,marking  ] GC(9) Concurrent Preclean 0.192ms
[2026-04-03T01:55:17.848+0600][7.451s][info][gc,start    ] GC(9) Pause Remark
[2026-04-03T01:55:17.855+0600][7.458s][info][gc          ] GC(9) Pause Remark 27M->27M(94M) 6.871ms
[2026-04-03T01:55:17.855+0600][7.458s][info][gc,cpu      ] GC(9) User=0.01s Sys=0.00s Real=0.01s
[2026-04-03T01:55:17.855+0600][7.458s][info][gc,marking  ] GC(9) Concurrent Mark 14.792ms
[2026-04-03T01:55:17.855+0600][7.458s][info][gc,marking  ] GC(9) Concurrent Rebuild Remembered Sets and Scrub Regions
[2026-04-03T01:55:17.858+0600][7.461s][info][gc,marking  ] GC(9) Concurrent Rebuild Remembered Sets and Scrub Regions 2.878ms
[2026-04-03T01:55:17.859+0600][7.462s][info][gc,start    ] GC(9) Pause Cleanup
[2026-04-03T01:55:17.859+0600][7.462s][info][gc          ] GC(9) Pause Cleanup 27M->27M(94M) 0.280ms
[2026-04-03T01:55:17.859+0600][7.462s][info][gc,cpu      ] GC(9) User=0.00s Sys=0.00s Real=0.00s
[2026-04-03T01:55:17.859+0600][7.462s][info][gc,marking  ] GC(9) Concurrent Clear Claimed Marks
[2026-04-03T01:55:17.859+0600][7.462s][info][gc,marking  ] GC(9) Concurrent Clear Claimed Marks 0.083ms
[2026-04-03T01:55:17.859+0600][7.462s][info][gc,marking  ] GC(9) Concurrent Cleanup for Next Mark
[2026-04-03T01:55:17.860+0600][7.463s][info][gc,marking  ] GC(9) Concurrent Cleanup for Next Mark 0.431ms
[2026-04-03T01:55:17.860+0600][7.463s][info][gc          ] GC(9) Concurrent Mark Cycle 21.871ms
[2026-04-03T01:55:19.420+0600][9.023s][info][gc,start    ] GC(10) Pause Young (Prepare Mixed) (G1 Evacuation Pause)
[2026-04-03T01:55:19.420+0600][9.023s][info][gc,task     ] GC(10) Using 2 workers of 10 for evacuation
[2026-04-03T01:55:19.432+0600][9.035s][info][gc,phases   ] GC(10)   Pre Evacuate Collection Set: 0.20ms
[2026-04-03T01:55:19.432+0600][9.035s][info][gc,phases   ] GC(10)   Merge Heap Roots: 0.10ms
[2026-04-03T01:55:19.432+0600][9.035s][info][gc,phases   ] GC(10)   Evacuate Collection Set: 10.42ms
[2026-04-03T01:55:19.432+0600][9.035s][info][gc,phases   ] GC(10)   Post Evacuate Collection Set: 0.80ms
[2026-04-03T01:55:19.432+0600][9.035s][info][gc,phases   ] GC(10)   Other: 0.08ms
[2026-04-03T01:55:19.432+0600][9.035s][info][gc,heap     ] GC(10) Eden regions: 53->0(54)
[2026-04-03T01:55:19.432+0600][9.035s][info][gc,heap     ] GC(10) Survivor regions: 5->6(8)
[2026-04-03T01:55:19.432+0600][9.035s][info][gc,heap     ] GC(10) Old regions: 16->16
[2026-04-03T01:55:19.432+0600][9.035s][info][gc,heap     ] GC(10) Humongous regions: 20->8
[2026-04-03T01:55:19.432+0600][9.035s][info][gc,metaspace] GC(10) Metaspace: 42723K(43200K)->42723K(43200K) NonClass: 37419K(37696K)->37419K(37696K) Class: 5303K(5504K)->5303K(5504K)
[2026-04-03T01:55:19.432+0600][9.035s][info][gc          ] GC(10) Pause Young (Prepare Mixed) (G1 Evacuation Pause) 92M->28M(100M) 11.868ms
[2026-04-03T01:55:19.432+0600][9.035s][info][gc,cpu      ] GC(10) User=0.04s Sys=0.01s Real=0.01s
[2026-04-03T01:55:19.904+0600][9.507s][info][gc,start    ] GC(11) Pause Young (Mixed) (G1 Evacuation Pause)
[2026-04-03T01:55:19.904+0600][9.508s][info][gc,task     ] GC(11) Using 2 workers of 10 for evacuation
[2026-04-03T01:55:19.917+0600][9.520s][info][gc,phases   ] GC(11)   Pre Evacuate Collection Set: 0.18ms
[2026-04-03T01:55:19.917+0600][9.520s][info][gc,phases   ] GC(11)   Merge Heap Roots: 0.12ms
[2026-04-03T01:55:19.917+0600][9.520s][info][gc,phases   ] GC(11)   Evacuate Collection Set: 10.86ms
[2026-04-03T01:55:19.917+0600][9.520s][info][gc,phases   ] GC(11)   Post Evacuate Collection Set: 1.02ms
[2026-04-03T01:55:19.917+0600][9.520s][info][gc,phases   ] GC(11)   Other: 0.11ms
[2026-04-03T01:55:19.917+0600][9.520s][info][gc,heap     ] GC(11) Eden regions: 54->0(53)
[2026-04-03T01:55:19.917+0600][9.520s][info][gc,heap     ] GC(11) Survivor regions: 6->7(8)
[2026-04-03T01:55:19.917+0600][9.520s][info][gc,heap     ] GC(11) Old regions: 16->17
[2026-04-03T01:55:19.917+0600][9.520s][info][gc,heap     ] GC(11) Humongous regions: 8->8
[2026-04-03T01:55:19.917+0600][9.520s][info][gc,metaspace] GC(11) Metaspace: 49230K(49664K)->49230K(49664K) NonClass: 43131K(43392K)->43131K(43392K) Class: 6099K(6272K)->6099K(6272K)
[2026-04-03T01:55:19.917+0600][9.520s][info][gc          ] GC(11) Pause Young (Mixed) (G1 Evacuation Pause) 82M->31M(100M) 12.571ms
[2026-04-03T01:55:19.917+0600][9.520s][info][gc,cpu      ] GC(11) User=0.02s Sys=0.00s Real=0.01s
[2026-04-03T01:55:20.008+0600][9.611s][info][gc,start    ] GC(12) Pause Young (Normal) (G1 Evacuation Pause)
[2026-04-03T01:55:20.008+0600][9.612s][info][gc,task     ] GC(12) Using 2 workers of 10 for evacuation
[2026-04-03T01:55:20.021+0600][9.624s][info][gc,phases   ] GC(12)   Pre Evacuate Collection Set: 0.22ms
[2026-04-03T01:55:20.021+0600][9.624s][info][gc,phases   ] GC(12)   Merge Heap Roots: 0.19ms
[2026-04-03T01:55:20.021+0600][9.624s][info][gc,phases   ] GC(12)   Evacuate Collection Set: 11.08ms
[2026-04-03T01:55:20.021+0600][9.624s][info][gc,phases   ] GC(12)   Post Evacuate Collection Set: 0.51ms
[2026-04-03T01:55:20.021+0600][9.624s][info][gc,phases   ] GC(12)   Other: 0.07ms
[2026-04-03T01:55:20.021+0600][9.624s][info][gc,heap     ] GC(12) Eden regions: 53->0(52)
[2026-04-03T01:55:20.021+0600][9.624s][info][gc,heap     ] GC(12) Survivor regions: 7->8(8)
[2026-04-03T01:55:20.021+0600][9.624s][info][gc,heap     ] GC(12) Old regions: 17->21
[2026-04-03T01:55:20.021+0600][9.624s][info][gc,heap     ] GC(12) Humongous regions: 8->8
[2026-04-03T01:55:20.021+0600][9.624s][info][gc,metaspace] GC(12) Metaspace: 49230K(49664K)->49230K(49664K) NonClass: 43131K(43392K)->43131K(43392K) Class: 6099K(6272K)->6099K(6272K)
[2026-04-03T01:55:20.021+0600][9.624s][info][gc          ] GC(12) Pause Young (Normal) (G1 Evacuation Pause) 84M->36M(100M) 12.350ms
[2026-04-03T01:55:20.021+0600][9.624s][info][gc,cpu      ] GC(12) User=0.04s Sys=0.00s Real=0.02s
[2026-04-03T01:55:20.078+0600][9.681s][info][gc,start    ] GC(13) Pause Young (Normal) (G1 Evacuation Pause)
[2026-04-03T01:55:20.078+0600][9.681s][info][gc,task     ] GC(13) Using 2 workers of 10 for evacuation
[2026-04-03T01:55:20.089+0600][9.692s][info][gc,phases   ] GC(13)   Pre Evacuate Collection Set: 0.21ms
[2026-04-03T01:55:20.089+0600][9.692s][info][gc,phases   ] GC(13)   Merge Heap Roots: 0.07ms
[2026-04-03T01:55:20.089+0600][9.692s][info][gc,phases   ] GC(13)   Evacuate Collection Set: 9.77ms
[2026-04-03T01:55:20.089+0600][9.692s][info][gc,phases   ] GC(13)   Post Evacuate Collection Set: 0.59ms
[2026-04-03T01:55:20.089+0600][9.692s][info][gc,phases   ] GC(13)   Other: 0.07ms
[2026-04-03T01:55:20.089+0600][9.692s][info][gc,heap     ] GC(13) Eden regions: 52->0(49)
[2026-04-03T01:55:20.089+0600][9.692s][info][gc,heap     ] GC(13) Survivor regions: 8->5(8)
[2026-04-03T01:55:20.089+0600][9.692s][info][gc,heap     ] GC(13) Old regions: 21->29
[2026-04-03T01:55:20.089+0600][9.692s][info][gc,heap     ] GC(13) Humongous regions: 8->8
[2026-04-03T01:55:20.089+0600][9.692s][info][gc,metaspace] GC(13) Metaspace: 49230K(49664K)->49230K(49664K) NonClass: 43131K(43392K)->43131K(43392K) Class: 6099K(6272K)->6099K(6272K)
[2026-04-03T01:55:20.089+0600][9.692s][info][gc          ] GC(13) Pause Young (Normal) (G1 Evacuation Pause) 88M->41M(102M) 10.917ms
[2026-04-03T01:55:20.089+0600][9.692s][info][gc,cpu      ] GC(13) User=0.02s Sys=0.00s Real=0.01s
[2026-04-03T01:55:20.144+0600][9.747s][info][gc,start    ] GC(14) Pause Young (Normal) (G1 Evacuation Pause)
[2026-04-03T01:55:20.144+0600][9.747s][info][gc,task     ] GC(14) Using 2 workers of 10 for evacuation
[2026-04-03T01:55:20.153+0600][9.756s][info][gc,phases   ] GC(14)   Pre Evacuate Collection Set: 0.30ms
[2026-04-03T01:55:20.153+0600][9.756s][info][gc,phases   ] GC(14)   Merge Heap Roots: 0.20ms
[2026-04-03T01:55:20.153+0600][9.756s][info][gc,phases   ] GC(14)   Evacuate Collection Set: 7.77ms
[2026-04-03T01:55:20.153+0600][9.756s][info][gc,phases   ] GC(14)   Post Evacuate Collection Set: 0.39ms
[2026-04-03T01:55:20.153+0600][9.756s][info][gc,phases   ] GC(14)   Other: 0.07ms
[2026-04-03T01:55:20.153+0600][9.756s][info][gc,heap     ] GC(14) Eden regions: 49->0(45)
[2026-04-03T01:55:20.153+0600][9.756s][info][gc,heap     ] GC(14) Survivor regions: 5->5(7)
[2026-04-03T01:55:20.153+0600][9.756s][info][gc,heap     ] GC(14) Old regions: 29->34
[2026-04-03T01:55:20.153+0600][9.756s][info][gc,heap     ] GC(14) Humongous regions: 8->8
[2026-04-03T01:55:20.153+0600][9.756s][info][gc,metaspace] GC(14) Metaspace: 49230K(49664K)->49230K(49664K) NonClass: 43131K(43392K)->43131K(43392K) Class: 6099K(6272K)->6099K(6272K)
[2026-04-03T01:55:20.153+0600][9.756s][info][gc          ] GC(14) Pause Young (Normal) (G1 Evacuation Pause) 90M->46M(102M) 8.958ms
[2026-04-03T01:55:20.153+0600][9.756s][info][gc,cpu      ] GC(14) User=0.03s Sys=0.00s Real=0.01s
[2026-04-03T01:55:20.200+0600][9.803s][info][gc,start    ] GC(15) Pause Young (Normal) (G1 Evacuation Pause)
[2026-04-03T01:55:20.200+0600][9.803s][info][gc,task     ] GC(15) Using 2 workers of 10 for evacuation
[2026-04-03T01:55:20.207+0600][9.810s][info][gc,phases   ] GC(15)   Pre Evacuate Collection Set: 0.37ms
[2026-04-03T01:55:20.207+0600][9.810s][info][gc,phases   ] GC(15)   Merge Heap Roots: 0.04ms
[2026-04-03T01:55:20.207+0600][9.810s][info][gc,phases   ] GC(15)   Evacuate Collection Set: 6.08ms
[2026-04-03T01:55:20.207+0600][9.810s][info][gc,phases   ] GC(15)   Post Evacuate Collection Set: 0.80ms
[2026-04-03T01:55:20.207+0600][9.810s][info][gc,phases   ] GC(15)   Other: 0.10ms
[2026-04-03T01:55:20.207+0600][9.810s][info][gc,heap     ] GC(15) Eden regions: 45->0(104)
[2026-04-03T01:55:20.207+0600][9.810s][info][gc,heap     ] GC(15) Survivor regions: 5->5(7)
[2026-04-03T01:55:20.207+0600][9.810s][info][gc,heap     ] GC(15) Old regions: 34->38
[2026-04-03T01:55:20.207+0600][9.810s][info][gc,heap     ] GC(15) Humongous regions: 8->8
[2026-04-03T01:55:20.207+0600][9.810s][info][gc,metaspace] GC(15) Metaspace: 49230K(49664K)->49230K(49664K) NonClass: 43131K(43392K)->43131K(43392K) Class: 6099K(6272K)->6099K(6272K)
[2026-04-03T01:55:20.207+0600][9.810s][info][gc          ] GC(15) Pause Young (Normal) (G1 Evacuation Pause) 91M->50M(182M) 7.587ms
[2026-04-03T01:55:20.207+0600][9.810s][info][gc,cpu      ] GC(15) User=0.02s Sys=0.00s Real=0.00s
[2026-04-03T01:55:20.347+0600][9.950s][info][gc,start    ] GC(16) Pause Young (Normal) (G1 Evacuation Pause)
[2026-04-03T01:55:20.347+0600][9.950s][info][gc,task     ] GC(16) Using 4 workers of 10 for evacuation
[2026-04-03T01:55:20.354+0600][9.957s][info][gc,phases   ] GC(16)   Pre Evacuate Collection Set: 0.38ms
[2026-04-03T01:55:20.354+0600][9.957s][info][gc,phases   ] GC(16)   Merge Heap Roots: 0.07ms
[2026-04-03T01:55:20.354+0600][9.957s][info][gc,phases   ] GC(16)   Evacuate Collection Set: 5.50ms
[2026-04-03T01:55:20.354+0600][9.957s][info][gc,phases   ] GC(16)   Post Evacuate Collection Set: 0.59ms
[2026-04-03T01:55:20.354+0600][9.957s][info][gc,phases   ] GC(16)   Other: 0.12ms
[2026-04-03T01:55:20.354+0600][9.957s][info][gc,heap     ] GC(16) Eden regions: 104->0(95)
[2026-04-03T01:55:20.354+0600][9.957s][info][gc,heap     ] GC(16) Survivor regions: 5->14(14)
[2026-04-03T01:55:20.354+0600][9.957s][info][gc,heap     ] GC(16) Old regions: 38->39
[2026-04-03T01:55:20.354+0600][9.957s][info][gc,heap     ] GC(16) Humongous regions: 8->8
[2026-04-03T01:55:20.354+0600][9.957s][info][gc,metaspace] GC(16) Metaspace: 49230K(49664K)->49230K(49664K) NonClass: 43131K(43392K)->43131K(43392K) Class: 6099K(6272K)->6099K(6272K)
[2026-04-03T01:55:20.354+0600][9.957s][info][gc          ] GC(16) Pause Young (Normal) (G1 Evacuation Pause) 154M->60M(182M) 6.860ms
[2026-04-03T01:55:20.354+0600][9.957s][info][gc,cpu      ] GC(16) User=0.03s Sys=0.00s Real=0.01s
[2026-04-03T01:55:20.446+0600][10.049s][info][gc,start    ] GC(17) Pause Young (Normal) (G1 Evacuation Pause)
[2026-04-03T01:55:20.446+0600][10.049s][info][gc,task     ] GC(17) Using 4 workers of 10 for evacuation
[2026-04-03T01:55:20.455+0600][10.058s][info][gc,phases   ] GC(17)   Pre Evacuate Collection Set: 0.21ms
[2026-04-03T01:55:20.455+0600][10.058s][info][gc,phases   ] GC(17)   Merge Heap Roots: 0.05ms
[2026-04-03T01:55:20.455+0600][10.059s][info][gc,phases   ] GC(17)   Evacuate Collection Set: 8.29ms
[2026-04-03T01:55:20.455+0600][10.059s][info][gc,phases   ] GC(17)   Post Evacuate Collection Set: 0.77ms
[2026-04-03T01:55:20.455+0600][10.059s][info][gc,phases   ] GC(17)   Other: 0.07ms
[2026-04-03T01:55:20.455+0600][10.059s][info][gc,heap     ] GC(17) Eden regions: 95->0(92)
[2026-04-03T01:55:20.455+0600][10.059s][info][gc,heap     ] GC(17) Survivor regions: 14->10(14)
[2026-04-03T01:55:20.455+0600][10.059s][info][gc,heap     ] GC(17) Old regions: 39->52
[2026-04-03T01:55:20.455+0600][10.059s][info][gc,heap     ] GC(17) Humongous regions: 8->8
[2026-04-03T01:55:20.455+0600][10.059s][info][gc,metaspace] GC(17) Metaspace: 49230K(49664K)->49230K(49664K) NonClass: 43131K(43392K)->43131K(43392K) Class: 6099K(6272K)->6099K(6272K)
[2026-04-03T01:55:20.456+0600][10.059s][info][gc          ] GC(17) Pause Young (Normal) (G1 Evacuation Pause) 155M->69M(182M) 9.614ms
[2026-04-03T01:55:20.456+0600][10.059s][info][gc,cpu      ] GC(17) User=0.03s Sys=0.00s Real=0.01s
[2026-04-03T01:55:20.547+0600][10.150s][info][gc,start    ] GC(18) Pause Young (Normal) (G1 Evacuation Pause)
[2026-04-03T01:55:20.547+0600][10.150s][info][gc,task     ] GC(18) Using 4 workers of 10 for evacuation
[2026-04-03T01:55:20.555+0600][10.158s][info][gc,phases   ] GC(18)   Pre Evacuate Collection Set: 0.30ms
[2026-04-03T01:55:20.555+0600][10.158s][info][gc,phases   ] GC(18)   Merge Heap Roots: 0.18ms
[2026-04-03T01:55:20.555+0600][10.158s][info][gc,phases   ] GC(18)   Evacuate Collection Set: 6.44ms
[2026-04-03T01:55:20.555+0600][10.158s][info][gc,phases   ] GC(18)   Post Evacuate Collection Set: 0.38ms
[2026-04-03T01:55:20.555+0600][10.158s][info][gc,phases   ] GC(18)   Other: 0.06ms
[2026-04-03T01:55:20.555+0600][10.158s][info][gc,heap     ] GC(18) Eden regions: 92->0(85)
[2026-04-03T01:55:20.555+0600][10.158s][info][gc,heap     ] GC(18) Survivor regions: 10->9(13)
[2026-04-03T01:55:20.555+0600][10.158s][info][gc,heap     ] GC(18) Old regions: 52->61
[2026-04-03T01:55:20.555+0600][10.158s][info][gc,heap     ] GC(18) Humongous regions: 8->8
[2026-04-03T01:55:20.555+0600][10.158s][info][gc,metaspace] GC(18) Metaspace: 49230K(49664K)->49230K(49664K) NonClass: 43131K(43392K)->43131K(43392K) Class: 6099K(6272K)->6099K(6272K)
[2026-04-03T01:55:20.555+0600][10.158s][info][gc          ] GC(18) Pause Young (Normal) (G1 Evacuation Pause) 161M->77M(182M) 7.588ms
[2026-04-03T01:55:20.555+0600][10.158s][info][gc,cpu      ] GC(18) User=0.03s Sys=0.00s Real=0.01s
[2026-04-03T01:55:20.640+0600][10.243s][info][gc,start    ] GC(19) Pause Young (Normal) (G1 Evacuation Pause)
[2026-04-03T01:55:20.640+0600][10.243s][info][gc,task     ] GC(19) Using 4 workers of 10 for evacuation
[2026-04-03T01:55:20.646+0600][10.249s][info][gc,phases   ] GC(19)   Pre Evacuate Collection Set: 0.20ms
[2026-04-03T01:55:20.646+0600][10.249s][info][gc,phases   ] GC(19)   Merge Heap Roots: 0.14ms
[2026-04-03T01:55:20.646+0600][10.249s][info][gc,phases   ] GC(19)   Evacuate Collection Set: 5.49ms
[2026-04-03T01:55:20.646+0600][10.249s][info][gc,phases   ] GC(19)   Post Evacuate Collection Set: 0.42ms
[2026-04-03T01:55:20.646+0600][10.249s][info][gc,phases   ] GC(19)   Other: 0.06ms
[2026-04-03T01:55:20.646+0600][10.249s][info][gc,heap     ] GC(19) Eden regions: 85->0(78)
[2026-04-03T01:55:20.646+0600][10.249s][info][gc,heap     ] GC(19) Survivor regions: 9->9(12)
[2026-04-03T01:55:20.646+0600][10.249s][info][gc,heap     ] GC(19) Old regions: 61->70
[2026-04-03T01:55:20.646+0600][10.249s][info][gc,heap     ] GC(19) Humongous regions: 8->8
[2026-04-03T01:55:20.646+0600][10.249s][info][gc,metaspace] GC(19) Metaspace: 49230K(49664K)->49230K(49664K) NonClass: 43131K(43392K)->43131K(43392K) Class: 6099K(6272K)->6099K(6272K)
[2026-04-03T01:55:20.646+0600][10.249s][info][gc          ] GC(19) Pause Young (Normal) (G1 Evacuation Pause) 162M->86M(182M) 6.517ms
[2026-04-03T01:55:20.646+0600][10.249s][info][gc,cpu      ] GC(19) User=0.03s Sys=0.00s Real=0.01s
[2026-04-03T01:55:20.724+0600][10.327s][info][gc,start    ] GC(20) Pause Young (Normal) (G1 Evacuation Pause)
[2026-04-03T01:55:20.724+0600][10.327s][info][gc,task     ] GC(20) Using 4 workers of 10 for evacuation
[2026-04-03T01:55:20.732+0600][10.335s][info][gc,phases   ] GC(20)   Pre Evacuate Collection Set: 0.34ms
[2026-04-03T01:55:20.732+0600][10.335s][info][gc,phases   ] GC(20)   Merge Heap Roots: 0.14ms
[2026-04-03T01:55:20.732+0600][10.335s][info][gc,phases   ] GC(20)   Evacuate Collection Set: 5.89ms
[2026-04-03T01:55:20.732+0600][10.335s][info][gc,phases   ] GC(20)   Post Evacuate Collection Set: 0.92ms
[2026-04-03T01:55:20.732+0600][10.335s][info][gc,phases   ] GC(20)   Other: 0.07ms
[2026-04-03T01:55:20.732+0600][10.335s][info][gc,heap     ] GC(20) Eden regions: 78->0(98)
[2026-04-03T01:55:20.732+0600][10.335s][info][gc,heap     ] GC(20) Survivor regions: 9->8(11)
[2026-04-03T01:55:20.732+0600][10.335s][info][gc,heap     ] GC(20) Old regions: 70->78
[2026-04-03T01:55:20.732+0600][10.335s][info][gc,heap     ] GC(20) Humongous regions: 8->8
[2026-04-03T01:55:20.732+0600][10.335s][info][gc,metaspace] GC(20) Metaspace: 49230K(49664K)->49230K(49664K) NonClass: 43131K(43392K)->43131K(43392K) Class: 6099K(6272K)->6099K(6272K)
[2026-04-03T01:55:20.732+0600][10.335s][info][gc          ] GC(20) Pause Young (Normal) (G1 Evacuation Pause) 164M->93M(213M) 7.612ms
[2026-04-03T01:55:20.732+0600][10.335s][info][gc,cpu      ] GC(20) User=0.03s Sys=0.00s Real=0.01s
[2026-04-03T01:55:20.846+0600][10.449s][info][gc,start    ] GC(21) Pause Young (Normal) (G1 Evacuation Pause)
[2026-04-03T01:55:20.846+0600][10.449s][info][gc,task     ] GC(21) Using 5 workers of 10 for evacuation
[2026-04-03T01:55:20.852+0600][10.456s][info][gc,phases   ] GC(21)   Pre Evacuate Collection Set: 0.11ms
[2026-04-03T01:55:20.853+0600][10.456s][info][gc,phases   ] GC(21)   Merge Heap Roots: 0.06ms
[2026-04-03T01:55:20.853+0600][10.456s][info][gc,phases   ] GC(21)   Evacuate Collection Set: 5.53ms
[2026-04-03T01:55:20.853+0600][10.456s][info][gc,phases   ] GC(21)   Post Evacuate Collection Set: 0.59ms
[2026-04-03T01:55:20.853+0600][10.456s][info][gc,phases   ] GC(21)   Other: 0.07ms
[2026-04-03T01:55:20.853+0600][10.456s][info][gc,heap     ] GC(21) Eden regions: 98->0(90)
[2026-04-03T01:55:20.853+0600][10.456s][info][gc,heap     ] GC(21) Survivor regions: 8->14(14)
[2026-04-03T01:55:20.853+0600][10.456s][info][gc,heap     ] GC(21) Old regions: 78->81
[2026-04-03T01:55:20.853+0600][10.456s][info][gc,heap     ] GC(21) Humongous regions: 8->8
[2026-04-03T01:55:20.853+0600][10.456s][info][gc,metaspace] GC(21) Metaspace: 49230K(49664K)->49230K(49664K) NonClass: 43131K(43392K)->43131K(43392K) Class: 6099K(6272K)->6099K(6272K)
[2026-04-03T01:55:20.853+0600][10.456s][info][gc          ] GC(21) Pause Young (Normal) (G1 Evacuation Pause) 191M->102M(213M) 6.599ms
[2026-04-03T01:55:20.853+0600][10.456s][info][gc,cpu      ] GC(21) User=0.02s Sys=0.00s Real=0.01s
[2026-04-03T01:55:20.945+0600][10.548s][info][gc,start    ] GC(22) Pause Young (Normal) (G1 Evacuation Pause)
[2026-04-03T01:55:20.945+0600][10.548s][info][gc,task     ] GC(22) Using 5 workers of 10 for evacuation
[2026-04-03T01:55:20.953+0600][10.556s][info][gc,phases   ] GC(22)   Pre Evacuate Collection Set: 0.28ms
[2026-04-03T01:55:20.953+0600][10.556s][info][gc,phases   ] GC(22)   Merge Heap Roots: 0.14ms
[2026-04-03T01:55:20.953+0600][10.556s][info][gc,phases   ] GC(22)   Evacuate Collection Set: 7.08ms
[2026-04-03T01:55:20.953+0600][10.556s][info][gc,phases   ] GC(22)   Post Evacuate Collection Set: 0.45ms
[2026-04-03T01:55:20.953+0600][10.556s][info][gc,phases   ] GC(22)   Other: 0.06ms
[2026-04-03T01:55:20.953+0600][10.556s][info][gc,heap     ] GC(22) Eden regions: 90->0(86)
[2026-04-03T01:55:20.953+0600][10.556s][info][gc,heap     ] GC(22) Survivor regions: 14->9(13)
[2026-04-03T01:55:20.953+0600][10.556s][info][gc,heap     ] GC(22) Old regions: 81->96
[2026-04-03T01:55:20.953+0600][10.556s][info][gc,heap     ] GC(22) Humongous regions: 8->8
[2026-04-03T01:55:20.953+0600][10.556s][info][gc,metaspace] GC(22) Metaspace: 49230K(49664K)->49230K(49664K) NonClass: 43131K(43392K)->43131K(43392K) Class: 6099K(6272K)->6099K(6272K)
[2026-04-03T01:55:20.953+0600][10.556s][info][gc          ] GC(22) Pause Young (Normal) (G1 Evacuation Pause) 192M->112M(217M) 8.248ms
[2026-04-03T01:55:20.953+0600][10.556s][info][gc,cpu      ] GC(22) User=0.03s Sys=0.00s Real=0.01s
[2026-04-03T01:55:21.041+0600][10.644s][info][gc,start    ] GC(23) Pause Young (Concurrent Start) (G1 Evacuation Pause)
[2026-04-03T01:55:21.041+0600][10.644s][info][gc,task     ] GC(23) Using 5 workers of 10 for evacuation
[2026-04-03T01:55:21.047+0600][10.650s][info][gc,phases   ] GC(23)   Pre Evacuate Collection Set: 0.26ms
[2026-04-03T01:55:21.047+0600][10.650s][info][gc,phases   ] GC(23)   Merge Heap Roots: 0.06ms
[2026-04-03T01:55:21.047+0600][10.650s][info][gc,phases   ] GC(23)   Evacuate Collection Set: 5.01ms
[2026-04-03T01:55:21.047+0600][10.650s][info][gc,phases   ] GC(23)   Post Evacuate Collection Set: 0.46ms
[2026-04-03T01:55:21.047+0600][10.650s][info][gc,phases   ] GC(23)   Other: 0.18ms
[2026-04-03T01:55:21.047+0600][10.650s][info][gc,heap     ] GC(23) Eden regions: 86->0(78)
[2026-04-03T01:55:21.047+0600][10.650s][info][gc,heap     ] GC(23) Survivor regions: 9->9(12)
[2026-04-03T01:55:21.047+0600][10.650s][info][gc,heap     ] GC(23) Old regions: 96->105
[2026-04-03T01:55:21.047+0600][10.650s][info][gc,heap     ] GC(23) Humongous regions: 8->8
[2026-04-03T01:55:21.047+0600][10.650s][info][gc,metaspace] GC(23) Metaspace: 49230K(49664K)->49230K(49664K) NonClass: 43131K(43392K)->43131K(43392K) Class: 6099K(6272K)->6099K(6272K)
[2026-04-03T01:55:21.047+0600][10.650s][info][gc          ] GC(23) Pause Young (Concurrent Start) (G1 Evacuation Pause) 198M->121M(217M) 6.175ms
[2026-04-03T01:55:21.047+0600][10.650s][info][gc          ] GC(24) Concurrent Mark Cycle
[2026-04-03T01:55:21.047+0600][10.650s][info][gc,marking  ] GC(24) Concurrent Scan Root Regions
[2026-04-03T01:55:21.047+0600][10.650s][info][gc,cpu      ] GC(23) User=0.03s Sys=0.00s Real=0.00s
[2026-04-03T01:55:21.050+0600][10.653s][info][gc,marking  ] GC(24) Concurrent Scan Root Regions 3.067ms
[2026-04-03T01:55:21.050+0600][10.653s][info][gc,marking  ] GC(24) Concurrent Mark
[2026-04-03T01:55:21.050+0600][10.654s][info][gc,marking  ] GC(24) Concurrent Mark From Roots
[2026-04-03T01:55:21.050+0600][10.654s][info][gc,task     ] GC(24) Using 3 workers of 3 for marking
[2026-04-03T01:55:21.099+0600][10.702s][info][gc,marking  ] GC(24) Concurrent Mark From Roots 48.232ms
[2026-04-03T01:55:21.099+0600][10.702s][info][gc,marking  ] GC(24) Concurrent Preclean
[2026-04-03T01:55:21.099+0600][10.702s][info][gc,marking  ] GC(24) Concurrent Preclean 0.064ms
[2026-04-03T01:55:21.099+0600][10.702s][info][gc,start    ] GC(24) Pause Remark
[2026-04-03T01:55:21.102+0600][10.705s][info][gc          ] GC(24) Pause Remark 162M->162M(217M) 3.364ms
[2026-04-03T01:55:21.102+0600][10.706s][info][gc,cpu      ] GC(24) User=0.01s Sys=0.00s Real=0.01s
[2026-04-03T01:55:21.102+0600][10.706s][info][gc,marking  ] GC(24) Concurrent Mark 52.050ms
[2026-04-03T01:55:21.102+0600][10.706s][info][gc,marking  ] GC(24) Concurrent Rebuild Remembered Sets and Scrub Regions
[2026-04-03T01:55:21.126+0600][10.729s][info][gc,marking  ] GC(24) Concurrent Rebuild Remembered Sets and Scrub Regions 23.227ms
[2026-04-03T01:55:21.126+0600][10.729s][info][gc,start    ] GC(24) Pause Cleanup
[2026-04-03T01:55:21.126+0600][10.729s][info][gc          ] GC(24) Pause Cleanup 180M->180M(217M) 0.403ms
[2026-04-03T01:55:21.126+0600][10.729s][info][gc,cpu      ] GC(24) User=0.00s Sys=0.00s Real=0.00s
[2026-04-03T01:55:21.126+0600][10.730s][info][gc,marking  ] GC(24) Concurrent Clear Claimed Marks
[2026-04-03T01:55:21.127+0600][10.730s][info][gc,marking  ] GC(24) Concurrent Clear Claimed Marks 0.071ms
[2026-04-03T01:55:21.127+0600][10.730s][info][gc,marking  ] GC(24) Concurrent Cleanup for Next Mark
[2026-04-03T01:55:21.127+0600][10.730s][info][gc,marking  ] GC(24) Concurrent Cleanup for Next Mark 0.881ms
[2026-04-03T01:55:21.128+0600][10.731s][info][gc          ] GC(24) Concurrent Mark Cycle 80.258ms
[2026-04-03T01:55:21.148+0600][10.751s][info][gc,start    ] GC(25) Pause Young (Prepare Mixed) (G1 Evacuation Pause)
[2026-04-03T01:55:21.148+0600][10.751s][info][gc,task     ] GC(25) Using 5 workers of 10 for evacuation
[2026-04-03T01:55:21.154+0600][10.757s][info][gc,phases   ] GC(25)   Pre Evacuate Collection Set: 0.26ms
[2026-04-03T01:55:21.154+0600][10.757s][info][gc,phases   ] GC(25)   Merge Heap Roots: 0.10ms
[2026-04-03T01:55:21.154+0600][10.757s][info][gc,phases   ] GC(25)   Evacuate Collection Set: 4.52ms
[2026-04-03T01:55:21.154+0600][10.757s][info][gc,phases   ] GC(25)   Post Evacuate Collection Set: 0.67ms
[2026-04-03T01:55:21.154+0600][10.757s][info][gc,phases   ] GC(25)   Other: 0.10ms
[2026-04-03T01:55:21.154+0600][10.757s][info][gc,heap     ] GC(25) Eden regions: 78->0(72)
[2026-04-03T01:55:21.154+0600][10.757s][info][gc,heap     ] GC(25) Survivor regions: 9->8(11)
[2026-04-03T01:55:21.154+0600][10.757s][info][gc,heap     ] GC(25) Old regions: 105->113
[2026-04-03T01:55:21.154+0600][10.757s][info][gc,heap     ] GC(25) Humongous regions: 8->8
[2026-04-03T01:55:21.154+0600][10.757s][info][gc,metaspace] GC(25) Metaspace: 49230K(49664K)->49230K(49664K) NonClass: 43131K(43392K)->43131K(43392K) Class: 6099K(6272K)->6099K(6272K)
[2026-04-03T01:55:21.154+0600][10.757s][info][gc          ] GC(25) Pause Young (Prepare Mixed) (G1 Evacuation Pause) 199M->127M(217M) 5.918ms
[2026-04-03T01:55:21.154+0600][10.757s][info][gc,cpu      ] GC(25) User=0.02s Sys=0.00s Real=0.01s
[2026-04-03T01:55:21.227+0600][10.830s][info][gc,start    ] GC(26) Pause Young (Mixed) (G1 Evacuation Pause)
[2026-04-03T01:55:21.227+0600][10.830s][info][gc,task     ] GC(26) Using 5 workers of 10 for evacuation
[2026-04-03T01:55:21.233+0600][10.836s][info][gc,phases   ] GC(26)   Pre Evacuate Collection Set: 0.30ms
[2026-04-03T01:55:21.233+0600][10.836s][info][gc,phases   ] GC(26)   Merge Heap Roots: 0.17ms
[2026-04-03T01:55:21.233+0600][10.836s][info][gc,phases   ] GC(26)   Evacuate Collection Set: 5.00ms
[2026-04-03T01:55:21.233+0600][10.836s][info][gc,phases   ] GC(26)   Post Evacuate Collection Set: 0.52ms
[2026-04-03T01:55:21.233+0600][10.836s][info][gc,phases   ] GC(26)   Other: 0.07ms
[2026-04-03T01:55:21.233+0600][10.836s][info][gc,heap     ] GC(26) Eden regions: 72->0(68)
[2026-04-03T01:55:21.233+0600][10.836s][info][gc,heap     ] GC(26) Survivor regions: 8->7(10)
[2026-04-03T01:55:21.233+0600][10.836s][info][gc,heap     ] GC(26) Old regions: 113->119
[2026-04-03T01:55:21.233+0600][10.836s][info][gc,heap     ] GC(26) Humongous regions: 8->8
[2026-04-03T01:55:21.233+0600][10.836s][info][gc,metaspace] GC(26) Metaspace: 49230K(49664K)->49230K(49664K) NonClass: 43131K(43392K)->43131K(43392K) Class: 6099K(6272K)->6099K(6272K)
[2026-04-03T01:55:21.233+0600][10.836s][info][gc          ] GC(26) Pause Young (Mixed) (G1 Evacuation Pause) 199M->134M(217M) 6.290ms
[2026-04-03T01:55:21.233+0600][10.836s][info][gc,cpu      ] GC(26) User=0.03s Sys=0.00s Real=0.01s
[2026-04-03T01:55:21.886+0600][11.489s][info][gc,start    ] GC(27) Pause Young (Concurrent Start) (G1 Humongous Allocation)
[2026-04-03T01:55:21.886+0600][11.489s][info][gc,task     ] GC(27) Using 5 workers of 10 for evacuation
[2026-04-03T01:55:21.891+0600][11.494s][info][gc,phases   ] GC(27)   Pre Evacuate Collection Set: 0.38ms
[2026-04-03T01:55:21.891+0600][11.494s][info][gc,phases   ] GC(27)   Merge Heap Roots: 0.15ms
[2026-04-03T01:55:21.891+0600][11.494s][info][gc,phases   ] GC(27)   Evacuate Collection Set: 3.76ms
[2026-04-03T01:55:21.891+0600][11.494s][info][gc,phases   ] GC(27)   Post Evacuate Collection Set: 0.86ms
[2026-04-03T01:55:21.891+0600][11.494s][info][gc,phases   ] GC(27)   Other: 0.14ms
[2026-04-03T01:55:21.891+0600][11.494s][info][gc,heap     ] GC(27) Eden regions: 61->0(94)
[2026-04-03T01:55:21.891+0600][11.494s][info][gc,heap     ] GC(27) Survivor regions: 7->3(10)
[2026-04-03T01:55:21.891+0600][11.495s][info][gc,heap     ] GC(27) Old regions: 119->126
[2026-04-03T01:55:21.891+0600][11.495s][info][gc,heap     ] GC(27) Humongous regions: 8->8
[2026-04-03T01:55:21.891+0600][11.495s][info][gc,metaspace] GC(27) Metaspace: 52512K(52992K)->52512K(52992K) NonClass: 45890K(46144K)->45890K(46144K) Class: 6622K(6848K)->6622K(6848K)
[2026-04-03T01:55:21.891+0600][11.495s][info][gc          ] GC(27) Pause Young (Concurrent Start) (G1 Humongous Allocation) 194M->137M(250M) 5.520ms
[2026-04-03T01:55:21.891+0600][11.495s][info][gc,cpu      ] GC(27) User=0.02s Sys=0.00s Real=0.01s
[2026-04-03T01:55:21.892+0600][11.495s][info][gc          ] GC(28) Concurrent Mark Cycle
[2026-04-03T01:55:21.892+0600][11.495s][info][gc,marking  ] GC(28) Concurrent Scan Root Regions
[2026-04-03T01:55:21.894+0600][11.497s][info][gc,marking  ] GC(28) Concurrent Scan Root Regions 2.351ms
[2026-04-03T01:55:21.894+0600][11.497s][info][gc,marking  ] GC(28) Concurrent Mark
[2026-04-03T01:55:21.894+0600][11.497s][info][gc,marking  ] GC(28) Concurrent Mark From Roots
[2026-04-03T01:55:21.894+0600][11.497s][info][gc,task     ] GC(28) Using 3 workers of 3 for marking
[2026-04-03T01:55:21.907+0600][11.510s][info][gc,marking  ] GC(28) Concurrent Mark From Roots 12.641ms
[2026-04-03T01:55:21.907+0600][11.510s][info][gc,marking  ] GC(28) Concurrent Preclean
[2026-04-03T01:55:21.907+0600][11.510s][info][gc,marking  ] GC(28) Concurrent Preclean 0.064ms
[2026-04-03T01:55:21.907+0600][11.510s][info][gc,start    ] GC(28) Pause Remark
[2026-04-03T01:55:21.910+0600][11.513s][info][gc          ] GC(28) Pause Remark 140M->46M(150M) 3.338ms
[2026-04-03T01:55:21.910+0600][11.514s][info][gc,cpu      ] GC(28) User=0.02s Sys=0.00s Real=0.01s
[2026-04-03T01:55:21.910+0600][11.514s][info][gc,marking  ] GC(28) Concurrent Mark 16.423ms
[2026-04-03T01:55:21.911+0600][11.514s][info][gc,marking  ] GC(28) Concurrent Rebuild Remembered Sets and Scrub Regions
[2026-04-03T01:55:21.917+0600][11.520s][info][gc,marking  ] GC(28) Concurrent Rebuild Remembered Sets and Scrub Regions 6.737ms
[2026-04-03T01:55:21.918+0600][11.521s][info][gc,start    ] GC(28) Pause Cleanup
[2026-04-03T01:55:21.918+0600][11.521s][info][gc          ] GC(28) Pause Cleanup 46M->46M(150M) 0.368ms
[2026-04-03T01:55:21.918+0600][11.521s][info][gc,cpu      ] GC(28) User=0.00s Sys=0.00s Real=0.00s
[2026-04-03T01:55:21.918+0600][11.521s][info][gc,marking  ] GC(28) Concurrent Clear Claimed Marks
[2026-04-03T01:55:21.918+0600][11.521s][info][gc,marking  ] GC(28) Concurrent Clear Claimed Marks 0.105ms
[2026-04-03T01:55:21.918+0600][11.521s][info][gc,marking  ] GC(28) Concurrent Cleanup for Next Mark
[2026-04-03T01:55:21.919+0600][11.522s][info][gc,marking  ] GC(28) Concurrent Cleanup for Next Mark 0.327ms
[2026-04-03T01:55:21.919+0600][11.522s][info][gc          ] GC(28) Concurrent Mark Cycle 27.011ms
[2026-04-03T01:55:23.182+0600][12.785s][info][gc,start    ] GC(29) Pause Full (System.gc())
[2026-04-03T01:55:23.182+0600][12.786s][info][gc,task     ] GC(29) Using 4 workers of 10 for full compaction
[2026-04-03T01:55:23.183+0600][12.786s][info][gc,phases,start] GC(29) Phase 1: Mark live objects
[2026-04-03T01:55:23.193+0600][12.796s][info][gc,phases      ] GC(29) Phase 1: Mark live objects 10.360ms
[2026-04-03T01:55:23.193+0600][12.796s][info][gc,phases,start] GC(29) Phase 2: Prepare compaction
[2026-04-03T01:55:23.195+0600][12.798s][info][gc,phases      ] GC(29) Phase 2: Prepare compaction 1.617ms
[2026-04-03T01:55:23.195+0600][12.798s][info][gc,phases,start] GC(29) Phase 3: Adjust pointers
[2026-04-03T01:55:23.199+0600][12.802s][info][gc,phases      ] GC(29) Phase 3: Adjust pointers 4.556ms
[2026-04-03T01:55:23.199+0600][12.802s][info][gc,phases,start] GC(29) Phase 4: Compact heap
[2026-04-03T01:55:23.201+0600][12.804s][info][gc,phases      ] GC(29) Phase 4: Compact heap 1.978ms
[2026-04-03T01:55:23.201+0600][12.805s][info][gc,phases,start] GC(29) Phase 5: Reset Metadata
[2026-04-03T01:55:23.203+0600][12.806s][info][gc,phases      ] GC(29) Phase 5: Reset Metadata 1.454ms
[2026-04-03T01:55:23.206+0600][12.809s][info][gc,heap        ] GC(29) Eden regions: 19->0(62)
[2026-04-03T01:55:23.206+0600][12.809s][info][gc,heap        ] GC(29) Survivor regions: 3->0(10)
[2026-04-03T01:55:23.206+0600][12.809s][info][gc,heap        ] GC(29) Old regions: 32->24
[2026-04-03T01:55:23.206+0600][12.809s][info][gc,heap        ] GC(29) Humongous regions: 27->8
[2026-04-03T01:55:23.206+0600][12.809s][info][gc,metaspace   ] GC(29) Metaspace: 55262K(55808K)->55262K(55808K) NonClass: 48297K(48640K)->48297K(48640K) Class: 6965K(7168K)->6965K(7168K)
[2026-04-03T01:55:23.206+0600][12.809s][info][gc             ] GC(29) Pause Full (System.gc()) 81M->29M(107M) 23.663ms
[2026-04-03T01:55:23.206+0600][12.809s][info][gc,cpu         ] GC(29) User=0.07s Sys=0.00s Real=0.02s
[2026-04-03T01:55:23.487+0600][13.090s][info][gc,start       ] GC(30) Pause Young (Concurrent Start) (G1 Humongous Allocation)
[2026-04-03T01:55:23.487+0600][13.090s][info][gc,task        ] GC(30) Using 3 workers of 10 for evacuation
[2026-04-03T01:55:23.490+0600][13.093s][info][gc,phases      ] GC(30)   Pre Evacuate Collection Set: 0.39ms
[2026-04-03T01:55:23.490+0600][13.093s][info][gc,phases      ] GC(30)   Merge Heap Roots: 0.06ms
[2026-04-03T01:55:23.490+0600][13.093s][info][gc,phases      ] GC(30)   Evacuate Collection Set: 1.16ms
[2026-04-03T01:55:23.490+0600][13.093s][info][gc,phases      ] GC(30)   Post Evacuate Collection Set: 0.33ms
[2026-04-03T01:55:23.490+0600][13.093s][info][gc,phases      ] GC(30)   Other: 0.31ms
[2026-04-03T01:55:23.490+0600][13.093s][info][gc,heap        ] GC(30) Eden regions: 4->0(52)
[2026-04-03T01:55:23.490+0600][13.093s][info][gc,heap        ] GC(30) Survivor regions: 0->1(8)
[2026-04-03T01:55:23.490+0600][13.093s][info][gc,heap        ] GC(30) Old regions: 24->24
[2026-04-03T01:55:23.490+0600][13.093s][info][gc,heap        ] GC(30) Humongous regions: 8->8
[2026-04-03T01:55:23.490+0600][13.093s][info][gc,metaspace   ] GC(30) Metaspace: 55635K(56192K)->55635K(56192K) NonClass: 48621K(48960K)->48621K(48960K) Class: 7014K(7232K)->7014K(7232K)
[2026-04-03T01:55:23.490+0600][13.093s][info][gc             ] GC(30) Pause Young (Concurrent Start) (G1 Humongous Allocation) 32M->30M(107M) 2.445ms
[2026-04-03T01:55:23.490+0600][13.093s][info][gc,cpu         ] GC(30) User=0.00s Sys=0.00s Real=0.01s
[2026-04-03T01:55:23.490+0600][13.093s][info][gc             ] GC(31) Concurrent Mark Cycle
[2026-04-03T01:55:23.490+0600][13.093s][info][gc,marking     ] GC(31) Concurrent Scan Root Regions
[2026-04-03T01:55:23.491+0600][13.094s][info][gc,marking     ] GC(31) Concurrent Scan Root Regions 0.895ms
[2026-04-03T01:55:23.491+0600][13.094s][info][gc,marking     ] GC(31) Concurrent Mark
[2026-04-03T01:55:23.491+0600][13.094s][info][gc,marking     ] GC(31) Concurrent Mark From Roots
[2026-04-03T01:55:23.491+0600][13.094s][info][gc,task        ] GC(31) Using 3 workers of 3 for marking
[2026-04-03T01:55:23.504+0600][13.107s][info][gc,marking     ] GC(31) Concurrent Mark From Roots 13.184ms
[2026-04-03T01:55:23.504+0600][13.107s][info][gc,marking     ] GC(31) Concurrent Preclean
[2026-04-03T01:55:23.504+0600][13.107s][info][gc,marking     ] GC(31) Concurrent Preclean 0.110ms
[2026-04-03T01:55:23.504+0600][13.107s][info][gc,start       ] GC(31) Pause Remark
[2026-04-03T01:55:23.511+0600][13.114s][info][gc             ] GC(31) Pause Remark 33M->33M(107M) 6.675ms
[2026-04-03T01:55:23.511+0600][13.114s][info][gc,cpu         ] GC(31) User=0.01s Sys=0.00s Real=0.01s
[2026-04-03T01:55:23.511+0600][13.114s][info][gc,marking     ] GC(31) Concurrent Mark 20.509ms
[2026-04-03T01:55:23.511+0600][13.114s][info][gc,marking     ] GC(31) Concurrent Rebuild Remembered Sets and Scrub Regions
[2026-04-03T01:55:23.517+0600][13.120s][info][gc,marking     ] GC(31) Concurrent Rebuild Remembered Sets and Scrub Regions 5.670ms
[2026-04-03T01:55:23.517+0600][13.120s][info][gc,start       ] GC(31) Pause Cleanup
[2026-04-03T01:55:23.517+0600][13.121s][info][gc             ] GC(31) Pause Cleanup 33M->33M(107M) 0.254ms
[2026-04-03T01:55:23.518+0600][13.121s][info][gc,cpu         ] GC(31) User=0.00s Sys=0.00s Real=0.00s
[2026-04-03T01:55:23.518+0600][13.121s][info][gc,marking     ] GC(31) Concurrent Clear Claimed Marks
[2026-04-03T01:55:23.518+0600][13.121s][info][gc,marking     ] GC(31) Concurrent Clear Claimed Marks 0.114ms
[2026-04-03T01:55:23.518+0600][13.121s][info][gc,marking     ] GC(31) Concurrent Cleanup for Next Mark
[2026-04-03T01:55:23.518+0600][13.121s][info][gc,marking     ] GC(31) Concurrent Cleanup for Next Mark 0.255ms
[2026-04-03T01:55:23.518+0600][13.121s][info][gc             ] GC(31) Concurrent Mark Cycle 28.452ms
[2026-04-03T01:55:25.231+0600][14.834s][info][gc,start       ] GC(32) Pause Young (Prepare Mixed) (G1 Evacuation Pause)
[2026-04-03T01:55:25.231+0600][14.834s][info][gc,task        ] GC(32) Using 2 workers of 10 for evacuation
[2026-04-03T01:55:25.239+0600][14.842s][info][gc,phases      ] GC(32)   Pre Evacuate Collection Set: 0.18ms
[2026-04-03T01:55:25.239+0600][14.842s][info][gc,phases      ] GC(32)   Merge Heap Roots: 0.14ms
[2026-04-03T01:55:25.239+0600][14.842s][info][gc,phases      ] GC(32)   Evacuate Collection Set: 5.99ms
[2026-04-03T01:55:25.239+0600][14.842s][info][gc,phases      ] GC(32)   Post Evacuate Collection Set: 0.89ms
[2026-04-03T01:55:25.239+0600][14.842s][info][gc,phases      ] GC(32)   Other: 0.10ms
[2026-04-03T01:55:25.239+0600][14.842s][info][gc,heap        ] GC(32) Eden regions: 52->0(53)
[2026-04-03T01:55:25.239+0600][14.842s][info][gc,heap        ] GC(32) Survivor regions: 1->3(7)
[2026-04-03T01:55:25.239+0600][14.842s][info][gc,heap        ] GC(32) Old regions: 24->24
[2026-04-03T01:55:25.239+0600][14.842s][info][gc,heap        ] GC(32) Humongous regions: 27->8
[2026-04-03T01:55:25.239+0600][14.842s][info][gc,metaspace   ] GC(32) Metaspace: 61550K(62272K)->61550K(62272K) NonClass: 53824K(54272K)->53824K(54272K) Class: 7726K(8000K)->7726K(8000K)
[2026-04-03T01:55:25.239+0600][14.842s][info][gc             ] GC(32) Pause Young (Prepare Mixed) (G1 Evacuation Pause) 101M->32M(107M) 7.642ms
[2026-04-03T01:55:25.239+0600][14.842s][info][gc,cpu         ] GC(32) User=0.02s Sys=0.00s Real=0.00s
[2026-04-03T01:55:25.440+0600][15.043s][info][gc,start       ] GC(33) Pause Young (Mixed) (G1 Evacuation Pause)
[2026-04-03T01:55:25.440+0600][15.043s][info][gc,task        ] GC(33) Using 2 workers of 10 for evacuation
[2026-04-03T01:55:25.452+0600][15.055s][info][gc,phases      ] GC(33)   Pre Evacuate Collection Set: 0.27ms
[2026-04-03T01:55:25.452+0600][15.055s][info][gc,phases      ] GC(33)   Merge Heap Roots: 0.21ms
[2026-04-03T01:55:25.452+0600][15.055s][info][gc,phases      ] GC(33)   Evacuate Collection Set: 9.92ms
[2026-04-03T01:55:25.452+0600][15.055s][info][gc,phases      ] GC(33)   Post Evacuate Collection Set: 0.98ms
[2026-04-03T01:55:25.452+0600][15.055s][info][gc,phases      ] GC(33)   Other: 0.09ms
[2026-04-03T01:55:25.452+0600][15.055s][info][gc,heap        ] GC(33) Eden regions: 53->0(52)
[2026-04-03T01:55:25.452+0600][15.055s][info][gc,heap        ] GC(33) Survivor regions: 3->7(7)
[2026-04-03T01:55:25.452+0600][15.055s][info][gc,heap        ] GC(33) Old regions: 24->24
[2026-04-03T01:55:25.452+0600][15.055s][info][gc,heap        ] GC(33) Humongous regions: 8->8
[2026-04-03T01:55:25.452+0600][15.055s][info][gc,metaspace   ] GC(33) Metaspace: 61590K(62272K)->61590K(62272K) NonClass: 53863K(54272K)->53863K(54272K) Class: 7726K(8000K)->7726K(8000K)
[2026-04-03T01:55:25.452+0600][15.055s][info][gc             ] GC(33) Pause Young (Mixed) (G1 Evacuation Pause) 85M->36M(107M) 11.893ms
[2026-04-03T01:55:25.452+0600][15.055s][info][gc,cpu         ] GC(33) User=0.02s Sys=0.00s Real=0.01s
[2026-04-03T01:55:25.547+0600][15.150s][info][gc,start       ] GC(34) Pause Young (Concurrent Start) (G1 Humongous Allocation)
[2026-04-03T01:55:25.547+0600][15.150s][info][gc,task        ] GC(34) Using 2 workers of 10 for evacuation
[2026-04-03T01:55:25.558+0600][15.162s][info][gc,phases      ] GC(34)   Pre Evacuate Collection Set: 0.34ms
[2026-04-03T01:55:25.559+0600][15.162s][info][gc,phases      ] GC(34)   Merge Heap Roots: 0.15ms
[2026-04-03T01:55:25.559+0600][15.162s][info][gc,phases      ] GC(34)   Evacuate Collection Set: 10.16ms
[2026-04-03T01:55:25.559+0600][15.162s][info][gc,phases      ] GC(34)   Post Evacuate Collection Set: 0.74ms
[2026-04-03T01:55:25.559+0600][15.162s][info][gc,phases      ] GC(34)   Other: 0.24ms
[2026-04-03T01:55:25.559+0600][15.162s][info][gc,heap        ] GC(34) Eden regions: 38->0(50)
[2026-04-03T01:55:25.559+0600][15.162s][info][gc,heap        ] GC(34) Survivor regions: 7->7(8)
[2026-04-03T01:55:25.559+0600][15.162s][info][gc,heap        ] GC(34) Old regions: 24->27
[2026-04-03T01:55:25.559+0600][15.162s][info][gc,heap        ] GC(34) Humongous regions: 8->8
[2026-04-03T01:55:25.559+0600][15.162s][info][gc,metaspace   ] GC(34) Metaspace: 61613K(62272K)->61613K(62272K) NonClass: 53887K(54272K)->53887K(54272K) Class: 7726K(8000K)->7726K(8000K)
[2026-04-03T01:55:25.559+0600][15.162s][info][gc             ] GC(34) Pause Young (Concurrent Start) (G1 Humongous Allocation) 74M->39M(107M) 11.951ms
[2026-04-03T01:55:25.559+0600][15.162s][info][gc,cpu         ] GC(34) User=0.03s Sys=0.00s Real=0.01s
[2026-04-03T01:55:25.559+0600][15.162s][info][gc             ] GC(35) Concurrent Mark Cycle
[2026-04-03T01:55:25.559+0600][15.162s][info][gc,marking     ] GC(35) Concurrent Scan Root Regions
[2026-04-03T01:55:25.562+0600][15.165s][info][gc,marking     ] GC(35) Concurrent Scan Root Regions 2.667ms
[2026-04-03T01:55:25.562+0600][15.165s][info][gc,marking     ] GC(35) Concurrent Mark
[2026-04-03T01:55:25.562+0600][15.165s][info][gc,marking     ] GC(35) Concurrent Mark From Roots
[2026-04-03T01:55:25.562+0600][15.165s][info][gc,task        ] GC(35) Using 3 workers of 3 for marking
[2026-04-03T01:55:25.577+0600][15.180s][info][gc,marking     ] GC(35) Concurrent Mark From Roots 15.466ms
[2026-04-03T01:55:25.577+0600][15.180s][info][gc,marking     ] GC(35) Concurrent Preclean
[2026-04-03T01:55:25.577+0600][15.181s][info][gc,marking     ] GC(35) Concurrent Preclean 0.240ms
[2026-04-03T01:55:25.578+0600][15.181s][info][gc,start       ] GC(35) Pause Remark
[2026-04-03T01:55:25.585+0600][15.188s][info][gc             ] GC(35) Pause Remark 50M->50M(107M) 7.393ms
[2026-04-03T01:55:25.585+0600][15.188s][info][gc,cpu         ] GC(35) User=0.02s Sys=0.00s Real=0.01s
[2026-04-03T01:55:25.585+0600][15.189s][info][gc,marking     ] GC(35) Concurrent Mark 23.777ms
[2026-04-03T01:55:25.585+0600][15.189s][info][gc,marking     ] GC(35) Concurrent Rebuild Remembered Sets and Scrub Regions
[2026-04-03T01:55:25.594+0600][15.197s][info][gc,marking     ] GC(35) Concurrent Rebuild Remembered Sets and Scrub Regions 8.094ms
[2026-04-03T01:55:25.594+0600][15.197s][info][gc,start       ] GC(35) Pause Cleanup
[2026-04-03T01:55:25.594+0600][15.197s][info][gc             ] GC(35) Pause Cleanup 55M->55M(107M) 0.242ms
[2026-04-03T01:55:25.594+0600][15.197s][info][gc,cpu         ] GC(35) User=0.00s Sys=0.00s Real=0.00s
[2026-04-03T01:55:25.594+0600][15.197s][info][gc,marking     ] GC(35) Concurrent Clear Claimed Marks
[2026-04-03T01:55:25.594+0600][15.197s][info][gc,marking     ] GC(35) Concurrent Clear Claimed Marks 0.136ms
[2026-04-03T01:55:25.594+0600][15.197s][info][gc,marking     ] GC(35) Concurrent Cleanup for Next Mark
[2026-04-03T01:55:25.595+0600][15.198s][info][gc,marking     ] GC(35) Concurrent Cleanup for Next Mark 0.382ms
[2026-04-03T01:55:25.595+0600][15.198s][info][gc             ] GC(35) Concurrent Mark Cycle 35.967ms
[2026-04-03T01:55:25.637+0600][15.240s][info][gc,start       ] GC(36) Pause Young (Prepare Mixed) (G1 Evacuation Pause)
[2026-04-03T01:55:25.637+0600][15.240s][info][gc,task        ] GC(36) Using 2 workers of 10 for evacuation
[2026-04-03T01:55:25.652+0600][15.255s][info][gc,phases      ] GC(36)   Pre Evacuate Collection Set: 0.26ms
[2026-04-03T01:55:25.652+0600][15.255s][info][gc,phases      ] GC(36)   Merge Heap Roots: 0.20ms
[2026-04-03T01:55:25.652+0600][15.255s][info][gc,phases      ] GC(36)   Evacuate Collection Set: 13.66ms
[2026-04-03T01:55:25.652+0600][15.255s][info][gc,phases      ] GC(36)   Post Evacuate Collection Set: 0.68ms
[2026-04-03T01:55:25.652+0600][15.255s][info][gc,phases      ] GC(36)   Other: 0.09ms
[2026-04-03T01:55:25.652+0600][15.255s][info][gc,heap        ] GC(36) Eden regions: 50->0(47)
[2026-04-03T01:55:25.652+0600][15.255s][info][gc,heap        ] GC(36) Survivor regions: 7->8(8)
[2026-04-03T01:55:25.652+0600][15.255s][info][gc,heap        ] GC(36) Old regions: 27->30
[2026-04-03T01:55:25.652+0600][15.255s][info][gc,heap        ] GC(36) Humongous regions: 9->9
[2026-04-03T01:55:25.652+0600][15.255s][info][gc,metaspace   ] GC(36) Metaspace: 61613K(62272K)->61613K(62272K) NonClass: 53887K(54272K)->53887K(54272K) Class: 7726K(8000K)->7726K(8000K)
[2026-04-03T01:55:25.652+0600][15.255s][info][gc             ] GC(36) Pause Young (Prepare Mixed) (G1 Evacuation Pause) 90M->44M(107M) 15.190ms
[2026-04-03T01:55:25.652+0600][15.255s][info][gc,cpu         ] GC(36) User=0.06s Sys=0.00s Real=0.02s
[2026-04-03T01:55:25.694+0600][15.297s][info][gc,start       ] GC(37) Pause Young (Mixed) (G1 Evacuation Pause)
[2026-04-03T01:55:25.694+0600][15.297s][info][gc,task        ] GC(37) Using 2 workers of 10 for evacuation
[2026-04-03T01:55:25.709+0600][15.312s][info][gc,phases      ] GC(37)   Pre Evacuate Collection Set: 0.20ms
[2026-04-03T01:55:25.709+0600][15.312s][info][gc,phases      ] GC(37)   Merge Heap Roots: 0.13ms
[2026-04-03T01:55:25.709+0600][15.312s][info][gc,phases      ] GC(37)   Evacuate Collection Set: 13.50ms
[2026-04-03T01:55:25.709+0600][15.312s][info][gc,phases      ] GC(37)   Post Evacuate Collection Set: 0.57ms
[2026-04-03T01:55:25.709+0600][15.312s][info][gc,phases      ] GC(37)   Other: 0.09ms
[2026-04-03T01:55:25.709+0600][15.312s][info][gc,heap        ] GC(37) Eden regions: 47->0(44)
[2026-04-03T01:55:25.709+0600][15.312s][info][gc,heap        ] GC(37) Survivor regions: 8->5(7)
[2026-04-03T01:55:25.709+0600][15.312s][info][gc,heap        ] GC(37) Old regions: 30->36
[2026-04-03T01:55:25.709+0600][15.312s][info][gc,heap        ] GC(37) Humongous regions: 11->11
[2026-04-03T01:55:25.709+0600][15.312s][info][gc,metaspace   ] GC(37) Metaspace: 61613K(62272K)->61613K(62272K) NonClass: 53887K(54272K)->53887K(54272K) Class: 7726K(8000K)->7726K(8000K)
[2026-04-03T01:55:25.709+0600][15.312s][info][gc             ] GC(37) Pause Young (Mixed) (G1 Evacuation Pause) 93M->50M(108M) 14.788ms
[2026-04-03T01:55:25.709+0600][15.312s][info][gc,cpu         ] GC(37) User=0.04s Sys=0.00s Real=0.01s
[2026-04-03T01:55:25.748+0600][15.351s][info][gc,start       ] GC(38) Pause Young (Concurrent Start) (G1 Evacuation Pause)
[2026-04-03T01:55:25.748+0600][15.351s][info][gc,task        ] GC(38) Using 2 workers of 10 for evacuation
[2026-04-03T01:55:25.760+0600][15.364s][info][gc,phases      ] GC(38)   Pre Evacuate Collection Set: 0.39ms
[2026-04-03T01:55:25.760+0600][15.364s][info][gc,phases      ] GC(38)   Merge Heap Roots: 0.15ms
[2026-04-03T01:55:25.761+0600][15.364s][info][gc,phases      ] GC(38)   Evacuate Collection Set: 10.97ms
[2026-04-03T01:55:25.761+0600][15.364s][info][gc,phases      ] GC(38)   Post Evacuate Collection Set: 0.77ms
[2026-04-03T01:55:25.761+0600][15.364s][info][gc,phases      ] GC(38)   Other: 0.28ms
[2026-04-03T01:55:25.761+0600][15.364s][info][gc,heap        ] GC(38) Eden regions: 44->0(42)
[2026-04-03T01:55:25.761+0600][15.364s][info][gc,heap        ] GC(38) Survivor regions: 5->4(7)
[2026-04-03T01:55:25.761+0600][15.364s][info][gc,heap        ] GC(38) Old regions: 36->41
[2026-04-03T01:55:25.761+0600][15.364s][info][gc,heap        ] GC(38) Humongous regions: 11->11
[2026-04-03T01:55:25.761+0600][15.364s][info][gc,metaspace   ] GC(38) Metaspace: 61613K(62272K)->61613K(62272K) NonClass: 53887K(54272K)->53887K(54272K) Class: 7726K(8000K)->7726K(8000K)
[2026-04-03T01:55:25.761+0600][15.364s][info][gc             ] GC(38) Pause Young (Concurrent Start) (G1 Evacuation Pause) 94M->54M(108M) 12.939ms
[2026-04-03T01:55:25.761+0600][15.364s][info][gc,cpu         ] GC(38) User=0.02s Sys=0.00s Real=0.02s
[2026-04-03T01:55:25.761+0600][15.364s][info][gc             ] GC(39) Concurrent Mark Cycle
[2026-04-03T01:55:25.761+0600][15.364s][info][gc,marking     ] GC(39) Concurrent Scan Root Regions
[2026-04-03T01:55:25.763+0600][15.366s][info][gc,marking     ] GC(39) Concurrent Scan Root Regions 1.752ms
[2026-04-03T01:55:25.763+0600][15.366s][info][gc,marking     ] GC(39) Concurrent Mark
[2026-04-03T01:55:25.763+0600][15.366s][info][gc,marking     ] GC(39) Concurrent Mark From Roots
[2026-04-03T01:55:25.763+0600][15.366s][info][gc,task        ] GC(39) Using 3 workers of 3 for marking
[2026-04-03T01:55:25.784+0600][15.387s][info][gc,marking     ] GC(39) Concurrent Mark From Roots 21.704ms
[2026-04-03T01:55:25.784+0600][15.388s][info][gc,marking     ] GC(39) Concurrent Preclean
[2026-04-03T01:55:25.785+0600][15.388s][info][gc,marking     ] GC(39) Concurrent Preclean 0.124ms
[2026-04-03T01:55:25.785+0600][15.388s][info][gc,start       ] GC(39) Pause Remark
[2026-04-03T01:55:25.792+0600][15.395s][info][gc             ] GC(39) Pause Remark 78M->77M(108M) 6.825ms
[2026-04-03T01:55:25.792+0600][15.395s][info][gc,cpu         ] GC(39) User=0.02s Sys=0.00s Real=0.01s
[2026-04-03T01:55:25.792+0600][15.395s][info][gc,marking     ] GC(39) Concurrent Mark 29.421ms
[2026-04-03T01:55:25.792+0600][15.395s][info][gc,marking     ] GC(39) Concurrent Rebuild Remembered Sets and Scrub Regions
[2026-04-03T01:55:25.801+0600][15.404s][info][gc,marking     ] GC(39) Concurrent Rebuild Remembered Sets and Scrub Regions 9.043ms
[2026-04-03T01:55:25.801+0600][15.405s][info][gc,start       ] GC(39) Pause Cleanup
[2026-04-03T01:55:25.802+0600][15.405s][info][gc             ] GC(39) Pause Cleanup 88M->88M(108M) 0.325ms
[2026-04-03T01:55:25.802+0600][15.405s][info][gc,cpu         ] GC(39) User=0.00s Sys=0.00s Real=0.00s
[2026-04-03T01:55:25.802+0600][15.405s][info][gc,marking     ] GC(39) Concurrent Clear Claimed Marks
[2026-04-03T01:55:25.802+0600][15.405s][info][gc,marking     ] GC(39) Concurrent Clear Claimed Marks 0.154ms
[2026-04-03T01:55:25.802+0600][15.405s][info][gc,marking     ] GC(39) Concurrent Cleanup for Next Mark
[2026-04-03T01:55:25.803+0600][15.406s][info][gc,marking     ] GC(39) Concurrent Cleanup for Next Mark 0.341ms
[2026-04-03T01:55:25.803+0600][15.406s][info][gc             ] GC(39) Concurrent Mark Cycle 41.832ms
[2026-04-03T01:55:25.809+0600][15.412s][info][gc,start       ] GC(40) Pause Young (Prepare Mixed) (G1 Evacuation Pause)
[2026-04-03T01:55:25.809+0600][15.412s][info][gc,task        ] GC(40) Using 2 workers of 10 for evacuation
[2026-04-03T01:55:25.819+0600][15.422s][info][gc,phases      ] GC(40)   Pre Evacuate Collection Set: 0.22ms
[2026-04-03T01:55:25.819+0600][15.422s][info][gc,phases      ] GC(40)   Merge Heap Roots: 0.20ms
[2026-04-03T01:55:25.819+0600][15.422s][info][gc,phases      ] GC(40)   Evacuate Collection Set: 9.05ms
[2026-04-03T01:55:25.819+0600][15.422s][info][gc,phases      ] GC(40)   Post Evacuate Collection Set: 0.43ms
[2026-04-03T01:55:25.819+0600][15.422s][info][gc,phases      ] GC(40)   Other: 0.09ms
[2026-04-03T01:55:25.819+0600][15.422s][info][gc,heap        ] GC(40) Eden regions: 42->0(39)
[2026-04-03T01:55:25.819+0600][15.422s][info][gc,heap        ] GC(40) Survivor regions: 4->4(6)
[2026-04-03T01:55:25.819+0600][15.422s][info][gc,heap        ] GC(40) Old regions: 41->45
[2026-04-03T01:55:25.819+0600][15.422s][info][gc,heap        ] GC(40) Humongous regions: 10->10
[2026-04-03T01:55:25.819+0600][15.422s][info][gc,metaspace   ] GC(40) Metaspace: 61613K(62272K)->61613K(62272K) NonClass: 53887K(54272K)->53887K(54272K) Class: 7726K(8000K)->7726K(8000K)
[2026-04-03T01:55:25.819+0600][15.422s][info][gc             ] GC(40) Pause Young (Prepare Mixed) (G1 Evacuation Pause) 95M->57M(108M) 10.237ms
[2026-04-03T01:55:25.819+0600][15.422s][info][gc,cpu         ] GC(40) User=0.03s Sys=0.00s Real=0.01s
[2026-04-03T01:55:25.848+0600][15.452s][info][gc,start       ] GC(41) Pause Young (Mixed) (G1 Evacuation Pause)
[2026-04-03T01:55:25.849+0600][15.452s][info][gc,task        ] GC(41) Using 2 workers of 10 for evacuation
[2026-04-03T01:55:25.859+0600][15.462s][info][gc,phases      ] GC(41)   Pre Evacuate Collection Set: 0.25ms
[2026-04-03T01:55:25.859+0600][15.462s][info][gc,phases      ] GC(41)   Merge Heap Roots: 0.16ms
[2026-04-03T01:55:25.859+0600][15.462s][info][gc,phases      ] GC(41)   Evacuate Collection Set: 8.68ms
[2026-04-03T01:55:25.859+0600][15.462s][info][gc,phases      ] GC(41)   Post Evacuate Collection Set: 1.64ms
[2026-04-03T01:55:25.859+0600][15.463s][info][gc,phases      ] GC(41)   Other: 0.08ms
[2026-04-03T01:55:25.859+0600][15.463s][info][gc,heap        ] GC(41) Eden regions: 39->0(150)
[2026-04-03T01:55:25.859+0600][15.463s][info][gc,heap        ] GC(41) Survivor regions: 4->4(6)
[2026-04-03T01:55:25.859+0600][15.463s][info][gc,heap        ] GC(41) Old regions: 45->48
[2026-04-03T01:55:25.859+0600][15.463s][info][gc,heap        ] GC(41) Humongous regions: 10->10
[2026-04-03T01:55:25.859+0600][15.463s][info][gc,metaspace   ] GC(41) Metaspace: 61615K(62336K)->61615K(62336K) NonClass: 53889K(54336K)->53889K(54336K) Class: 7726K(8000K)->7726K(8000K)
[2026-04-03T01:55:25.859+0600][15.463s][info][gc             ] GC(41) Pause Young (Mixed) (G1 Evacuation Pause) 96M->60M(258M) 11.016ms
[2026-04-03T01:55:25.860+0600][15.463s][info][gc,cpu         ] GC(41) User=0.02s Sys=0.00s Real=0.01s
[2026-04-03T01:55:25.861+0600][15.464s][info][gc,start       ] GC(42) Pause Young (Concurrent Start) (G1 Humongous Allocation)
[2026-04-03T01:55:25.861+0600][15.464s][info][gc,task        ] GC(42) Using 6 workers of 10 for evacuation
[2026-04-03T01:55:25.865+0600][15.468s][info][gc,phases      ] GC(42)   Pre Evacuate Collection Set: 0.29ms
[2026-04-03T01:55:25.865+0600][15.468s][info][gc,phases      ] GC(42)   Merge Heap Roots: 0.04ms
[2026-04-03T01:55:25.865+0600][15.468s][info][gc,phases      ] GC(42)   Evacuate Collection Set: 2.65ms
[2026-04-03T01:55:25.865+0600][15.468s][info][gc,phases      ] GC(42)   Post Evacuate Collection Set: 0.44ms
[2026-04-03T01:55:25.865+0600][15.468s][info][gc,phases      ] GC(42)   Other: 0.21ms
[2026-04-03T01:55:25.865+0600][15.468s][info][gc,heap        ] GC(42) Eden regions: 1->0(150)
[2026-04-03T01:55:25.865+0600][15.468s][info][gc,heap        ] GC(42) Survivor regions: 4->4(20)
[2026-04-03T01:55:25.865+0600][15.468s][info][gc,heap        ] GC(42) Old regions: 48->48
[2026-04-03T01:55:25.865+0600][15.468s][info][gc,heap        ] GC(42) Humongous regions: 10->10
[2026-04-03T01:55:25.865+0600][15.468s][info][gc,metaspace   ] GC(42) Metaspace: 61615K(62336K)->61615K(62336K) NonClass: 53889K(54336K)->53889K(54336K) Class: 7726K(8000K)->7726K(8000K)
[2026-04-03T01:55:25.865+0600][15.468s][info][gc             ] GC(42) Pause Young (Concurrent Start) (G1 Humongous Allocation) 61M->61M(258M) 3.803ms
[2026-04-03T01:55:25.865+0600][15.468s][info][gc,cpu         ] GC(42) User=0.01s Sys=0.01s Real=0.00s
[2026-04-03T01:55:25.865+0600][15.468s][info][gc             ] GC(43) Concurrent Mark Cycle
[2026-04-03T01:55:25.865+0600][15.468s][info][gc,marking     ] GC(43) Concurrent Scan Root Regions
[2026-04-03T01:55:25.866+0600][15.469s][info][gc,marking     ] GC(43) Concurrent Scan Root Regions 1.348ms
[2026-04-03T01:55:25.866+0600][15.469s][info][gc,marking     ] GC(43) Concurrent Mark
[2026-04-03T01:55:25.866+0600][15.469s][info][gc,marking     ] GC(43) Concurrent Mark From Roots
[2026-04-03T01:55:25.866+0600][15.469s][info][gc,task        ] GC(43) Using 3 workers of 3 for marking
[2026-04-03T01:55:25.892+0600][15.495s][info][gc,marking     ] GC(43) Concurrent Mark From Roots 25.950ms
[2026-04-03T01:55:25.892+0600][15.495s][info][gc,marking     ] GC(43) Concurrent Preclean
[2026-04-03T01:55:25.892+0600][15.495s][info][gc,marking     ] GC(43) Concurrent Preclean 0.138ms
[2026-04-03T01:55:25.893+0600][15.496s][info][gc,start       ] GC(43) Pause Remark
[2026-04-03T01:55:25.896+0600][15.499s][info][gc             ] GC(43) Pause Remark 80M->80M(217M) 3.134ms
[2026-04-03T01:55:25.896+0600][15.499s][info][gc,cpu         ] GC(43) User=0.01s Sys=0.00s Real=0.00s
[2026-04-03T01:55:25.896+0600][15.499s][info][gc,marking     ] GC(43) Concurrent Mark 29.797ms
[2026-04-03T01:55:25.896+0600][15.499s][info][gc,marking     ] GC(43) Concurrent Rebuild Remembered Sets and Scrub Regions
[2026-04-03T01:55:25.909+0600][15.512s][info][gc,marking     ] GC(43) Concurrent Rebuild Remembered Sets and Scrub Regions 12.538ms
[2026-04-03T01:55:25.909+0600][15.512s][info][gc,start       ] GC(43) Pause Cleanup
[2026-04-03T01:55:25.909+0600][15.512s][info][gc             ] GC(43) Pause Cleanup 88M->88M(217M) 0.215ms
[2026-04-03T01:55:25.909+0600][15.512s][info][gc,cpu         ] GC(43) User=0.00s Sys=0.00s Real=0.00s
[2026-04-03T01:55:25.909+0600][15.512s][info][gc,marking     ] GC(43) Concurrent Clear Claimed Marks
[2026-04-03T01:55:25.909+0600][15.512s][info][gc,marking     ] GC(43) Concurrent Clear Claimed Marks 0.152ms
[2026-04-03T01:55:25.909+0600][15.512s][info][gc,marking     ] GC(43) Concurrent Cleanup for Next Mark
[2026-04-03T01:55:25.910+0600][15.513s][info][gc,marking     ] GC(43) Concurrent Cleanup for Next Mark 0.801ms
[2026-04-03T01:55:25.910+0600][15.513s][info][gc             ] GC(43) Concurrent Mark Cycle 45.563ms
[2026-04-03T01:55:26.030+0600][15.633s][info][gc,start       ] GC(44) Pause Young (Prepare Mixed) (G1 Evacuation Pause)
[2026-04-03T01:55:26.030+0600][15.633s][info][gc,task        ] GC(44) Using 5 workers of 10 for evacuation
[2026-04-03T01:55:26.041+0600][15.644s][info][gc,phases      ] GC(44)   Pre Evacuate Collection Set: 0.41ms
[2026-04-03T01:55:26.041+0600][15.644s][info][gc,phases      ] GC(44)   Merge Heap Roots: 0.10ms
[2026-04-03T01:55:26.041+0600][15.644s][info][gc,phases      ] GC(44)   Evacuate Collection Set: 10.18ms
[2026-04-03T01:55:26.041+0600][15.644s][info][gc,phases      ] GC(44)   Post Evacuate Collection Set: 0.35ms
[2026-04-03T01:55:26.041+0600][15.644s][info][gc,phases      ] GC(44)   Other: 0.10ms
[2026-04-03T01:55:26.041+0600][15.645s][info][gc,heap        ] GC(44) Eden regions: 150->0(122)
[2026-04-03T01:55:26.041+0600][15.645s][info][gc,heap        ] GC(44) Survivor regions: 4->17(20)
[2026-04-03T01:55:26.041+0600][15.645s][info][gc,heap        ] GC(44) Old regions: 48->48
[2026-04-03T01:55:26.041+0600][15.645s][info][gc,heap        ] GC(44) Humongous regions: 13->13
[2026-04-03T01:55:26.041+0600][15.645s][info][gc,metaspace   ] GC(44) Metaspace: 61623K(62336K)->61623K(62336K) NonClass: 53897K(54336K)->53897K(54336K) Class: 7726K(8000K)->7726K(8000K)
[2026-04-03T01:55:26.041+0600][15.645s][info][gc             ] GC(44) Pause Young (Prepare Mixed) (G1 Evacuation Pause) 214M->77M(232M) 11.387ms
[2026-04-03T01:55:26.042+0600][15.645s][info][gc,cpu         ] GC(44) User=0.04s Sys=0.01s Real=0.01s
[2026-04-03T01:55:26.120+0600][15.723s][info][gc,start       ] GC(45) Pause Young (Mixed) (G1 Evacuation Pause)
[2026-04-03T01:55:26.120+0600][15.723s][info][gc,task        ] GC(45) Using 5 workers of 10 for evacuation
[2026-04-03T01:55:26.133+0600][15.737s][info][gc,phases      ] GC(45)   Pre Evacuate Collection Set: 0.13ms
[2026-04-03T01:55:26.134+0600][15.737s][info][gc,phases      ] GC(45)   Merge Heap Roots: 0.07ms
[2026-04-03T01:55:26.134+0600][15.737s][info][gc,phases      ] GC(45)   Evacuate Collection Set: 12.47ms
[2026-04-03T01:55:26.134+0600][15.737s][info][gc,phases      ] GC(45)   Post Evacuate Collection Set: 0.43ms
[2026-04-03T01:55:26.134+0600][15.737s][info][gc,phases      ] GC(45)   Other: 0.08ms
[2026-04-03T01:55:26.134+0600][15.737s][info][gc,heap        ] GC(45) Eden regions: 122->0(118)
[2026-04-03T01:55:26.134+0600][15.737s][info][gc,heap        ] GC(45) Survivor regions: 17->12(18)
[2026-04-03T01:55:26.134+0600][15.737s][info][gc,heap        ] GC(45) Old regions: 48->64
[2026-04-03T01:55:26.134+0600][15.737s][info][gc,heap        ] GC(45) Humongous regions: 13->13
[2026-04-03T01:55:26.134+0600][15.737s][info][gc,metaspace   ] GC(45) Metaspace: 61629K(62336K)->61629K(62336K) NonClass: 53903K(54336K)->53903K(54336K) Class: 7726K(8000K)->7726K(8000K)
[2026-04-03T01:55:26.134+0600][15.737s][info][gc             ] GC(45) Pause Young (Mixed) (G1 Evacuation Pause) 199M->88M(232M) 13.388ms
[2026-04-03T01:55:26.134+0600][15.737s][info][gc,cpu         ] GC(45) User=0.07s Sys=0.00s Real=0.01s
[2026-04-03T01:55:26.141+0600][15.744s][info][gc,start       ] GC(46) Pause Young (Concurrent Start) (G1 Humongous Allocation)
[2026-04-03T01:55:26.141+0600][15.744s][info][gc,task        ] GC(46) Using 5 workers of 10 for evacuation
[2026-04-03T01:55:26.149+0600][15.752s][info][gc,phases      ] GC(46)   Pre Evacuate Collection Set: 0.29ms
[2026-04-03T01:55:26.149+0600][15.752s][info][gc,phases      ] GC(46)   Merge Heap Roots: 0.07ms
[2026-04-03T01:55:26.149+0600][15.752s][info][gc,phases      ] GC(46)   Evacuate Collection Set: 6.81ms
[2026-04-03T01:55:26.149+0600][15.752s][info][gc,phases      ] GC(46)   Post Evacuate Collection Set: 0.44ms
[2026-04-03T01:55:26.149+0600][15.752s][info][gc,phases      ] GC(46)   Other: 0.20ms
[2026-04-03T01:55:26.149+0600][15.752s][info][gc,heap        ] GC(46) Eden regions: 10->0(115)
[2026-04-03T01:55:26.149+0600][15.752s][info][gc,heap        ] GC(46) Survivor regions: 12->3(17)
[2026-04-03T01:55:26.149+0600][15.752s][info][gc,heap        ] GC(46) Old regions: 64->76
[2026-04-03T01:55:26.149+0600][15.752s][info][gc,heap        ] GC(46) Humongous regions: 13->13
[2026-04-03T01:55:26.149+0600][15.752s][info][gc,metaspace   ] GC(46) Metaspace: 61629K(62336K)->61629K(62336K) NonClass: 53903K(54336K)->53903K(54336K) Class: 7726K(8000K)->7726K(8000K)
[2026-04-03T01:55:26.149+0600][15.752s][info][gc             ] GC(46) Pause Young (Concurrent Start) (G1 Humongous Allocation) 98M->90M(232M) 8.077ms
[2026-04-03T01:55:26.149+0600][15.752s][info][gc,cpu         ] GC(46) User=0.04s Sys=0.00s Real=0.00s
[2026-04-03T01:55:26.149+0600][15.752s][info][gc             ] GC(47) Concurrent Mark Cycle
[2026-04-03T01:55:26.149+0600][15.752s][info][gc,marking     ] GC(47) Concurrent Scan Root Regions
[2026-04-03T01:55:26.152+0600][15.755s][info][gc,marking     ] GC(47) Concurrent Scan Root Regions 2.781ms
[2026-04-03T01:55:26.152+0600][15.755s][info][gc,marking     ] GC(47) Concurrent Mark
[2026-04-03T01:55:26.152+0600][15.755s][info][gc,marking     ] GC(47) Concurrent Mark From Roots
[2026-04-03T01:55:26.152+0600][15.755s][info][gc,task        ] GC(47) Using 3 workers of 3 for marking
[2026-04-03T01:55:26.187+0600][15.790s][info][gc,marking     ] GC(47) Concurrent Mark From Roots 35.061ms
[2026-04-03T01:55:26.187+0600][15.790s][info][gc,marking     ] GC(47) Concurrent Preclean
[2026-04-03T01:55:26.187+0600][15.791s][info][gc,marking     ] GC(47) Concurrent Preclean 0.111ms
[2026-04-03T01:55:26.188+0600][15.791s][info][gc,start       ] GC(47) Pause Remark
[2026-04-03T01:55:26.191+0600][15.794s][info][gc             ] GC(47) Pause Remark 137M->135M(232M) 3.465ms
[2026-04-03T01:55:26.191+0600][15.794s][info][gc,cpu         ] GC(47) User=0.01s Sys=0.00s Real=0.01s
[2026-04-03T01:55:26.191+0600][15.794s][info][gc,marking     ] GC(47) Concurrent Mark 39.052ms
[2026-04-03T01:55:26.191+0600][15.794s][info][gc,marking     ] GC(47) Concurrent Rebuild Remembered Sets and Scrub Regions
[2026-04-03T01:55:26.209+0600][15.813s][info][gc,marking     ] GC(47) Concurrent Rebuild Remembered Sets and Scrub Regions 18.149ms
[2026-04-03T01:55:26.210+0600][15.813s][info][gc,start       ] GC(47) Pause Cleanup
[2026-04-03T01:55:26.210+0600][15.813s][info][gc             ] GC(47) Pause Cleanup 159M->159M(232M) 0.378ms
[2026-04-03T01:55:26.210+0600][15.813s][info][gc,cpu         ] GC(47) User=0.00s Sys=0.00s Real=0.00s
[2026-04-03T01:55:26.210+0600][15.813s][info][gc,marking     ] GC(47) Concurrent Clear Claimed Marks
[2026-04-03T01:55:26.210+0600][15.814s][info][gc,marking     ] GC(47) Concurrent Clear Claimed Marks 0.129ms
[2026-04-03T01:55:26.210+0600][15.814s][info][gc,marking     ] GC(47) Concurrent Cleanup for Next Mark
[2026-04-03T01:55:26.211+0600][15.814s][info][gc,marking     ] GC(47) Concurrent Cleanup for Next Mark 0.537ms
[2026-04-03T01:55:26.211+0600][15.814s][info][gc             ] GC(47) Concurrent Mark Cycle 61.843ms
[2026-04-03T01:55:26.242+0600][15.845s][info][gc,start       ] GC(48) Pause Young (Prepare Mixed) (G1 Evacuation Pause)
[2026-04-03T01:55:26.242+0600][15.845s][info][gc,task        ] GC(48) Using 5 workers of 10 for evacuation
[2026-04-03T01:55:26.249+0600][15.852s][info][gc,phases      ] GC(48)   Pre Evacuate Collection Set: 0.29ms
[2026-04-03T01:55:26.249+0600][15.852s][info][gc,phases      ] GC(48)   Merge Heap Roots: 0.16ms
[2026-04-03T01:55:26.249+0600][15.852s][info][gc,phases      ] GC(48)   Evacuate Collection Set: 5.62ms
[2026-04-03T01:55:26.249+0600][15.852s][info][gc,phases      ] GC(48)   Post Evacuate Collection Set: 0.68ms
[2026-04-03T01:55:26.249+0600][15.852s][info][gc,phases      ] GC(48)   Other: 0.07ms
[2026-04-03T01:55:26.249+0600][15.852s][info][gc,heap        ] GC(48) Eden regions: 115->0(106)
[2026-04-03T01:55:26.249+0600][15.852s][info][gc,heap        ] GC(48) Survivor regions: 3->11(15)
[2026-04-03T01:55:26.249+0600][15.852s][info][gc,heap        ] GC(48) Old regions: 76->76
[2026-04-03T01:55:26.249+0600][15.852s][info][gc,heap        ] GC(48) Humongous regions: 16->16
[2026-04-03T01:55:26.249+0600][15.852s][info][gc,metaspace   ] GC(48) Metaspace: 61630K(62336K)->61630K(62336K) NonClass: 53904K(54336K)->53904K(54336K) Class: 7726K(8000K)->7726K(8000K)
[2026-04-03T01:55:26.249+0600][15.852s][info][gc             ] GC(48) Pause Young (Prepare Mixed) (G1 Evacuation Pause) 208M->102M(232M) 7.086ms
[2026-04-03T01:55:26.249+0600][15.852s][info][gc,cpu         ] GC(48) User=0.03s Sys=0.00s Real=0.00s
[2026-04-03T01:55:26.309+0600][15.912s][info][gc,start       ] GC(49) Pause Young (Mixed) (G1 Evacuation Pause)
[2026-04-03T01:55:26.309+0600][15.912s][info][gc,task        ] GC(49) Using 5 workers of 10 for evacuation
[2026-04-03T01:55:26.321+0600][15.924s][info][gc,phases      ] GC(49)   Pre Evacuate Collection Set: 0.28ms
[2026-04-03T01:55:26.321+0600][15.924s][info][gc,phases      ] GC(49)   Merge Heap Roots: 0.12ms
[2026-04-03T01:55:26.321+0600][15.924s][info][gc,phases      ] GC(49)   Evacuate Collection Set: 10.04ms
[2026-04-03T01:55:26.321+0600][15.924s][info][gc,phases      ] GC(49)   Post Evacuate Collection Set: 1.01ms
[2026-04-03T01:55:26.321+0600][15.924s][info][gc,phases      ] GC(49)   Other: 0.08ms
[2026-04-03T01:55:26.321+0600][15.924s][info][gc,heap        ] GC(49) Eden regions: 106->0(145)
[2026-04-03T01:55:26.321+0600][15.924s][info][gc,heap        ] GC(49) Survivor regions: 11->10(15)
[2026-04-03T01:55:26.321+0600][15.924s][info][gc,heap        ] GC(49) Old regions: 76->86
[2026-04-03T01:55:26.321+0600][15.924s][info][gc,heap        ] GC(49) Humongous regions: 16->16
[2026-04-03T01:55:26.321+0600][15.924s][info][gc,metaspace   ] GC(49) Metaspace: 61631K(62336K)->61631K(62336K) NonClass: 53904K(54336K)->53904K(54336K) Class: 7726K(8000K)->7726K(8000K)
[2026-04-03T01:55:26.321+0600][15.924s][info][gc             ] GC(49) Pause Young (Mixed) (G1 Evacuation Pause) 208M->111M(286M) 11.767ms
[2026-04-03T01:55:26.321+0600][15.924s][info][gc,cpu         ] GC(49) User=0.05s Sys=0.00s Real=0.02s
[2026-04-03T01:55:26.354+0600][15.957s][info][gc,start       ] GC(50) Pause Young (Concurrent Start) (G1 Humongous Allocation)
[2026-04-03T01:55:26.354+0600][15.957s][info][gc,task        ] GC(50) Using 6 workers of 10 for evacuation
[2026-04-03T01:55:26.360+0600][15.963s][info][gc,phases      ] GC(50)   Pre Evacuate Collection Set: 0.18ms
[2026-04-03T01:55:26.360+0600][15.963s][info][gc,phases      ] GC(50)   Merge Heap Roots: 0.05ms
[2026-04-03T01:55:26.360+0600][15.963s][info][gc,phases      ] GC(50)   Evacuate Collection Set: 5.12ms
[2026-04-03T01:55:26.360+0600][15.963s][info][gc,phases      ] GC(50)   Post Evacuate Collection Set: 0.41ms
[2026-04-03T01:55:26.360+0600][15.963s][info][gc,phases      ] GC(50)   Other: 0.09ms
[2026-04-03T01:55:26.360+0600][15.963s][info][gc,heap        ] GC(50) Eden regions: 24->0(142)
[2026-04-03T01:55:26.360+0600][15.963s][info][gc,heap        ] GC(50) Survivor regions: 10->13(20)
[2026-04-03T01:55:26.360+0600][15.963s][info][gc,heap        ] GC(50) Old regions: 86->86
[2026-04-03T01:55:26.360+0600][15.963s][info][gc,heap        ] GC(50) Humongous regions: 16->16
[2026-04-03T01:55:26.360+0600][15.963s][info][gc,metaspace   ] GC(50) Metaspace: 61658K(62400K)->61658K(62400K) NonClass: 53923K(54336K)->53923K(54336K) Class: 7735K(8064K)->7735K(8064K)
[2026-04-03T01:55:26.360+0600][15.963s][info][gc             ] GC(50) Pause Young (Concurrent Start) (G1 Humongous Allocation) 135M->114M(286M) 6.063ms
[2026-04-03T01:55:26.360+0600][15.964s][info][gc,cpu         ] GC(50) User=0.03s Sys=0.00s Real=0.01s
[2026-04-03T01:55:26.360+0600][15.964s][info][gc             ] GC(51) Concurrent Mark Cycle
[2026-04-03T01:55:26.361+0600][15.964s][info][gc,marking     ] GC(51) Concurrent Scan Root Regions
[2026-04-03T01:55:26.363+0600][15.966s][info][gc,marking     ] GC(51) Concurrent Scan Root Regions 2.285ms
[2026-04-03T01:55:26.363+0600][15.966s][info][gc,marking     ] GC(51) Concurrent Mark
[2026-04-03T01:55:26.363+0600][15.966s][info][gc,marking     ] GC(51) Concurrent Mark From Roots
[2026-04-03T01:55:26.363+0600][15.966s][info][gc,task        ] GC(51) Using 3 workers of 3 for marking
[2026-04-03T01:55:26.419+0600][16.022s][info][gc,marking     ] GC(51) Concurrent Mark From Roots 55.921ms
[2026-04-03T01:55:26.419+0600][16.022s][info][gc,marking     ] GC(51) Concurrent Preclean
[2026-04-03T01:55:26.419+0600][16.022s][info][gc,marking     ] GC(51) Concurrent Preclean 0.137ms
[2026-04-03T01:55:26.419+0600][16.022s][info][gc,start       ] GC(51) Pause Remark
[2026-04-03T01:55:26.424+0600][16.027s][info][gc             ] GC(51) Pause Remark 123M->120M(286M) 4.199ms
[2026-04-03T01:55:26.424+0600][16.027s][info][gc,cpu         ] GC(51) User=0.02s Sys=0.00s Real=0.01s
[2026-04-03T01:55:26.424+0600][16.027s][info][gc,marking     ] GC(51) Concurrent Mark 60.848ms
[2026-04-03T01:55:26.424+0600][16.027s][info][gc,marking     ] GC(51) Concurrent Rebuild Remembered Sets and Scrub Regions
[2026-04-03T01:55:26.451+0600][16.054s][info][gc,marking     ] GC(51) Concurrent Rebuild Remembered Sets and Scrub Regions 26.721ms
[2026-04-03T01:55:26.451+0600][16.054s][info][gc,start       ] GC(51) Pause Cleanup
[2026-04-03T01:55:26.452+0600][16.055s][info][gc             ] GC(51) Pause Cleanup 122M->122M(286M) 0.477ms
[2026-04-03T01:55:26.452+0600][16.055s][info][gc,cpu         ] GC(51) User=0.00s Sys=0.00s Real=0.00s
[2026-04-03T01:55:26.452+0600][16.055s][info][gc,marking     ] GC(51) Concurrent Clear Claimed Marks
[2026-04-03T01:55:26.452+0600][16.055s][info][gc,marking     ] GC(51) Concurrent Clear Claimed Marks 0.210ms
[2026-04-03T01:55:26.452+0600][16.055s][info][gc,marking     ] GC(51) Concurrent Cleanup for Next Mark
[2026-04-03T01:55:26.453+0600][16.056s][info][gc,marking     ] GC(51) Concurrent Cleanup for Next Mark 1.067ms
[2026-04-03T01:55:26.453+0600][16.057s][info][gc             ] GC(51) Concurrent Mark Cycle 92.944ms
[2026-04-03T01:55:26.865+0600][16.468s][info][gc,start       ] GC(52) Pause Young (Prepare Mixed) (G1 Evacuation Pause)
[2026-04-03T01:55:26.866+0600][16.469s][info][gc,task        ] GC(52) Using 6 workers of 10 for evacuation
[2026-04-03T01:55:26.880+0600][16.483s][info][gc,phases      ] GC(52)   Pre Evacuate Collection Set: 0.31ms
[2026-04-03T01:55:26.880+0600][16.483s][info][gc,phases      ] GC(52)   Merge Heap Roots: 0.17ms
[2026-04-03T01:55:26.880+0600][16.483s][info][gc,phases      ] GC(52)   Evacuate Collection Set: 12.82ms
[2026-04-03T01:55:26.880+0600][16.483s][info][gc,phases      ] GC(52)   Post Evacuate Collection Set: 0.95ms
[2026-04-03T01:55:26.880+0600][16.483s][info][gc,phases      ] GC(52)   Other: 0.11ms
[2026-04-03T01:55:26.880+0600][16.483s][info][gc,heap        ] GC(52) Eden regions: 142->0(137)
[2026-04-03T01:55:26.880+0600][16.483s][info][gc,heap        ] GC(52) Survivor regions: 13->10(20)
[2026-04-03T01:55:26.880+0600][16.483s][info][gc,heap        ] GC(52) Old regions: 86->96
[2026-04-03T01:55:26.880+0600][16.483s][info][gc,heap        ] GC(52) Humongous regions: 24->17
[2026-04-03T01:55:26.880+0600][16.483s][info][gc,metaspace   ] GC(52) Metaspace: 63823K(64640K)->63823K(64640K) NonClass: 55754K(56192K)->55754K(56192K) Class: 8069K(8448K)->8069K(8448K)
[2026-04-03T01:55:26.880+0600][16.483s][info][gc             ] GC(52) Pause Young (Prepare Mixed) (G1 Evacuation Pause) 264M->122M(286M) 14.730ms
[2026-04-03T01:55:26.880+0600][16.483s][info][gc,cpu         ] GC(52) User=0.08s Sys=0.00s Real=0.02s
[2026-04-03T01:55:26.981+0600][16.584s][info][gc,start       ] GC(53) Pause Young (Mixed) (G1 Evacuation Pause)
[2026-04-03T01:55:26.981+0600][16.584s][info][gc,task        ] GC(53) Using 6 workers of 10 for evacuation
[2026-04-03T01:55:26.998+0600][16.601s][info][gc,phases      ] GC(53)   Pre Evacuate Collection Set: 0.29ms
[2026-04-03T01:55:26.998+0600][16.601s][info][gc,phases      ] GC(53)   Merge Heap Roots: 0.08ms
[2026-04-03T01:55:26.998+0600][16.601s][info][gc,phases      ] GC(53)   Evacuate Collection Set: 15.39ms
[2026-04-03T01:55:26.998+0600][16.601s][info][gc,phases      ] GC(53)   Post Evacuate Collection Set: 0.86ms
[2026-04-03T01:55:26.998+0600][16.601s][info][gc,phases      ] GC(53)   Other: 0.11ms
[2026-04-03T01:55:26.998+0600][16.601s][info][gc,heap        ] GC(53) Eden regions: 137->0(132)
[2026-04-03T01:55:26.998+0600][16.601s][info][gc,heap        ] GC(53) Survivor regions: 10->17(19)
[2026-04-03T01:55:26.998+0600][16.601s][info][gc,heap        ] GC(53) Old regions: 96->95
[2026-04-03T01:55:26.998+0600][16.601s][info][gc,heap        ] GC(53) Humongous regions: 19->19
[2026-04-03T01:55:26.998+0600][16.601s][info][gc,metaspace   ] GC(53) Metaspace: 63833K(64640K)->63833K(64640K) NonClass: 55764K(56192K)->55764K(56192K) Class: 8069K(8448K)->8069K(8448K)
[2026-04-03T01:55:26.998+0600][16.601s][info][gc             ] GC(53) Pause Young (Mixed) (G1 Evacuation Pause) 261M->130M(286M) 17.055ms
[2026-04-03T01:55:26.998+0600][16.601s][info][gc,cpu         ] GC(53) User=0.09s Sys=0.00s Real=0.01s
[2026-04-03T01:55:27.053+0600][16.656s][info][gc,start       ] GC(54) Pause Young (Concurrent Start) (G1 Evacuation Pause)
[2026-04-03T01:55:27.053+0600][16.656s][info][gc,task        ] GC(54) Using 6 workers of 10 for evacuation
[2026-04-03T01:55:27.072+0600][16.675s][info][gc,phases      ] GC(54)   Pre Evacuate Collection Set: 0.42ms
[2026-04-03T01:55:27.072+0600][16.675s][info][gc,phases      ] GC(54)   Merge Heap Roots: 0.12ms
[2026-04-03T01:55:27.072+0600][16.675s][info][gc,phases      ] GC(54)   Evacuate Collection Set: 17.42ms
[2026-04-03T01:55:27.072+0600][16.675s][info][gc,phases      ] GC(54)   Post Evacuate Collection Set: 0.75ms
[2026-04-03T01:55:27.072+0600][16.675s][info][gc,phases      ] GC(54)   Other: 0.22ms
[2026-04-03T01:55:27.072+0600][16.675s][info][gc,heap        ] GC(54) Eden regions: 132->0(128)
[2026-04-03T01:55:27.072+0600][16.675s][info][gc,heap        ] GC(54) Survivor regions: 17->14(19)
[2026-04-03T01:55:27.072+0600][16.675s][info][gc,heap        ] GC(54) Old regions: 95->105
[2026-04-03T01:55:27.072+0600][16.675s][info][gc,heap        ] GC(54) Humongous regions: 19->19
[2026-04-03T01:55:27.072+0600][16.675s][info][gc,metaspace   ] GC(54) Metaspace: 63833K(64640K)->63833K(64640K) NonClass: 55764K(56192K)->55764K(56192K) Class: 8069K(8448K)->8069K(8448K)
[2026-04-03T01:55:27.072+0600][16.675s][info][gc             ] GC(54) Pause Young (Concurrent Start) (G1 Evacuation Pause) 262M->136M(287M) 19.268ms
[2026-04-03T01:55:27.072+0600][16.675s][info][gc,cpu         ] GC(54) User=0.10s Sys=0.00s Real=0.02s
[2026-04-03T01:55:27.072+0600][16.675s][info][gc             ] GC(55) Concurrent Mark Cycle
[2026-04-03T01:55:27.072+0600][16.675s][info][gc,marking     ] GC(55) Concurrent Scan Root Regions
[2026-04-03T01:55:27.077+0600][16.680s][info][gc,marking     ] GC(55) Concurrent Scan Root Regions 4.504ms
[2026-04-03T01:55:27.077+0600][16.680s][info][gc,marking     ] GC(55) Concurrent Mark
[2026-04-03T01:55:27.077+0600][16.680s][info][gc,marking     ] GC(55) Concurrent Mark From Roots
[2026-04-03T01:55:27.077+0600][16.680s][info][gc,task        ] GC(55) Using 3 workers of 3 for marking
[2026-04-03T01:55:27.139+0600][16.742s][info][gc,marking     ] GC(55) Concurrent Mark From Roots 61.694ms
[2026-04-03T01:55:27.139+0600][16.742s][info][gc,marking     ] GC(55) Concurrent Preclean
[2026-04-03T01:55:27.139+0600][16.742s][info][gc,marking     ] GC(55) Concurrent Preclean 0.180ms
[2026-04-03T01:55:27.139+0600][16.742s][info][gc,start       ] GC(55) Pause Remark
[2026-04-03T01:55:27.144+0600][16.747s][info][gc             ] GC(55) Pause Remark 260M->254M(287M) 4.641ms
[2026-04-03T01:55:27.144+0600][16.747s][info][gc,cpu         ] GC(55) User=0.02s Sys=0.00s Real=0.01s
[2026-04-03T01:55:27.144+0600][16.747s][info][gc,marking     ] GC(55) Concurrent Mark 67.217ms
[2026-04-03T01:55:27.144+0600][16.747s][info][gc,marking     ] GC(55) Concurrent Rebuild Remembered Sets and Scrub Regions
[2026-04-03T01:55:27.151+0600][16.755s][info][gc,start       ] GC(56) Pause Young (Normal) (G1 Evacuation Pause)
[2026-04-03T01:55:27.152+0600][16.755s][info][gc,task        ] GC(56) Using 6 workers of 10 for evacuation
[2026-04-03T01:55:27.166+0600][16.769s][info][gc,phases      ] GC(56)   Pre Evacuate Collection Set: 0.40ms
[2026-04-03T01:55:27.166+0600][16.769s][info][gc,phases      ] GC(56)   Merge Heap Roots: 0.21ms
[2026-04-03T01:55:27.166+0600][16.769s][info][gc,phases      ] GC(56)   Evacuate Collection Set: 12.28ms
[2026-04-03T01:55:27.166+0600][16.769s][info][gc,phases      ] GC(56)   Post Evacuate Collection Set: 0.89ms
[2026-04-03T01:55:27.166+0600][16.769s][info][gc,phases      ] GC(56)   Other: 0.14ms
[2026-04-03T01:55:27.166+0600][16.769s][info][gc,heap        ] GC(56) Eden regions: 128->0(127)
[2026-04-03T01:55:27.166+0600][16.769s][info][gc,heap        ] GC(56) Survivor regions: 14->13(18)
[2026-04-03T01:55:27.166+0600][16.769s][info][gc,heap        ] GC(56) Old regions: 105->112
[2026-04-03T01:55:27.166+0600][16.769s][info][gc,heap        ] GC(56) Humongous regions: 16->16
[2026-04-03T01:55:27.166+0600][16.769s][info][gc,metaspace   ] GC(56) Metaspace: 63883K(64704K)->63883K(64704K) NonClass: 55803K(56256K)->55803K(56256K) Class: 8080K(8448K)->8080K(8448K)
[2026-04-03T01:55:27.166+0600][16.769s][info][gc             ] GC(56) Pause Young (Normal) (G1 Evacuation Pause) 261M->140M(287M) 14.291ms
[2026-04-03T01:55:27.166+0600][16.769s][info][gc,cpu         ] GC(56) User=0.10s Sys=0.01s Real=0.01s
[2026-04-03T01:55:27.189+0600][16.792s][info][gc,marking     ] GC(55) Concurrent Rebuild Remembered Sets and Scrub Regions 45.199ms
[2026-04-03T01:55:27.190+0600][16.793s][info][gc,start       ] GC(55) Pause Cleanup
[2026-04-03T01:55:27.190+0600][16.793s][info][gc             ] GC(55) Pause Cleanup 173M->173M(287M) 0.332ms
[2026-04-03T01:55:27.190+0600][16.793s][info][gc,cpu         ] GC(55) User=0.00s Sys=0.00s Real=0.00s
[2026-04-03T01:55:27.190+0600][16.793s][info][gc,marking     ] GC(55) Concurrent Clear Claimed Marks
[2026-04-03T01:55:27.190+0600][16.794s][info][gc,marking     ] GC(55) Concurrent Clear Claimed Marks 0.197ms
[2026-04-03T01:55:27.190+0600][16.794s][info][gc,marking     ] GC(55) Concurrent Cleanup for Next Mark
[2026-04-03T01:55:27.191+0600][16.794s][info][gc,marking     ] GC(55) Concurrent Cleanup for Next Mark 0.590ms
[2026-04-03T01:55:27.191+0600][16.794s][info][gc             ] GC(55) Concurrent Mark Cycle 118.991ms
[2026-04-03T01:55:27.232+0600][16.835s][info][gc,start       ] GC(57) Pause Young (Prepare Mixed) (G1 Evacuation Pause)
[2026-04-03T01:55:27.232+0600][16.835s][info][gc,task        ] GC(57) Using 6 workers of 10 for evacuation
[2026-04-03T01:55:27.241+0600][16.844s][info][gc,phases      ] GC(57)   Pre Evacuate Collection Set: 0.23ms
[2026-04-03T01:55:27.241+0600][16.844s][info][gc,phases      ] GC(57)   Merge Heap Roots: 0.10ms
[2026-04-03T01:55:27.241+0600][16.844s][info][gc,phases      ] GC(57)   Evacuate Collection Set: 7.62ms
[2026-04-03T01:55:27.241+0600][16.844s][info][gc,phases      ] GC(57)   Post Evacuate Collection Set: 0.77ms
[2026-04-03T01:55:27.241+0600][16.844s][info][gc,phases      ] GC(57)   Other: 0.11ms
[2026-04-03T01:55:27.241+0600][16.844s][info][gc,heap        ] GC(57) Eden regions: 127->0(124)
[2026-04-03T01:55:27.241+0600][16.844s][info][gc,heap        ] GC(57) Survivor regions: 13->12(18)
[2026-04-03T01:55:27.241+0600][16.844s][info][gc,heap        ] GC(57) Old regions: 112->118
[2026-04-03T01:55:27.241+0600][16.844s][info][gc,heap        ] GC(57) Humongous regions: 16->16
[2026-04-03T01:55:27.241+0600][16.844s][info][gc,metaspace   ] GC(57) Metaspace: 64117K(64960K)->64117K(64960K) NonClass: 55985K(56448K)->55985K(56448K) Class: 8131K(8512K)->8131K(8512K)
[2026-04-03T01:55:27.241+0600][16.844s][info][gc             ] GC(57) Pause Young (Prepare Mixed) (G1 Evacuation Pause) 267M->145M(287M) 9.129ms
[2026-04-03T01:55:27.241+0600][16.844s][info][gc,cpu         ] GC(57) User=0.05s Sys=0.00s Real=0.01s
[2026-04-03T01:55:27.294+0600][16.897s][info][gc,start       ] GC(58) Pause Young (Mixed) (G1 Evacuation Pause)
[2026-04-03T01:55:27.294+0600][16.897s][info][gc,task        ] GC(58) Using 6 workers of 10 for evacuation
[2026-04-03T01:55:27.302+0600][16.905s][info][gc,phases      ] GC(58)   Pre Evacuate Collection Set: 0.28ms
[2026-04-03T01:55:27.302+0600][16.905s][info][gc,phases      ] GC(58)   Merge Heap Roots: 0.10ms
[2026-04-03T01:55:27.302+0600][16.905s][info][gc,phases      ] GC(58)   Evacuate Collection Set: 6.92ms
[2026-04-03T01:55:27.302+0600][16.905s][info][gc,phases      ] GC(58)   Post Evacuate Collection Set: 0.67ms
[2026-04-03T01:55:27.302+0600][16.905s][info][gc,phases      ] GC(58)   Other: 0.09ms
[2026-04-03T01:55:27.302+0600][16.906s][info][gc,heap        ] GC(58) Eden regions: 124->0(122)
[2026-04-03T01:55:27.302+0600][16.906s][info][gc,heap        ] GC(58) Survivor regions: 12->12(17)
[2026-04-03T01:55:27.302+0600][16.906s][info][gc,heap        ] GC(58) Old regions: 118->124
[2026-04-03T01:55:27.302+0600][16.906s][info][gc,heap        ] GC(58) Humongous regions: 16->16
[2026-04-03T01:55:27.302+0600][16.906s][info][gc,metaspace   ] GC(58) Metaspace: 64117K(64960K)->64117K(64960K) NonClass: 55985K(56448K)->55985K(56448K) Class: 8131K(8512K)->8131K(8512K)
[2026-04-03T01:55:27.302+0600][16.906s][info][gc             ] GC(58) Pause Young (Mixed) (G1 Evacuation Pause) 269M->150M(290M) 8.347ms
[2026-04-03T01:55:27.303+0600][16.906s][info][gc,cpu         ] GC(58) User=0.04s Sys=0.01s Real=0.01s
[2026-04-03T01:55:27.364+0600][16.967s][info][gc,start       ] GC(59) Pause Young (Concurrent Start) (G1 Evacuation Pause)
[2026-04-03T01:55:27.364+0600][16.967s][info][gc,task        ] GC(59) Using 6 workers of 10 for evacuation
[2026-04-03T01:55:27.374+0600][16.977s][info][gc,phases      ] GC(59)   Pre Evacuate Collection Set: 0.29ms
[2026-04-03T01:55:27.374+0600][16.977s][info][gc,phases      ] GC(59)   Merge Heap Roots: 0.08ms
[2026-04-03T01:55:27.374+0600][16.977s][info][gc,phases      ] GC(59)   Evacuate Collection Set: 8.17ms
[2026-04-03T01:55:27.374+0600][16.977s][info][gc,phases      ] GC(59)   Post Evacuate Collection Set: 1.23ms
[2026-04-03T01:55:27.374+0600][16.977s][info][gc,phases      ] GC(59)   Other: 0.14ms
[2026-04-03T01:55:27.374+0600][16.977s][info][gc,heap        ] GC(59) Eden regions: 122->0(156)
[2026-04-03T01:55:27.374+0600][16.977s][info][gc,heap        ] GC(59) Survivor regions: 12->11(17)
[2026-04-03T01:55:27.374+0600][16.977s][info][gc,heap        ] GC(59) Old regions: 124->130
[2026-04-03T01:55:27.374+0600][16.977s][info][gc,heap        ] GC(59) Humongous regions: 16->16
[2026-04-03T01:55:27.374+0600][16.977s][info][gc,metaspace   ] GC(59) Metaspace: 64331K(65216K)->64331K(65216K) NonClass: 56173K(56640K)->56173K(56640K) Class: 8157K(8576K)->8157K(8576K)
[2026-04-03T01:55:27.374+0600][16.977s][info][gc             ] GC(59) Pause Young (Concurrent Start) (G1 Evacuation Pause) 272M->155M(332M) 10.257ms
[2026-04-03T01:55:27.374+0600][16.978s][info][gc,cpu         ] GC(59) User=0.06s Sys=0.00s Real=0.01s
[2026-04-03T01:55:27.374+0600][16.978s][info][gc             ] GC(60) Concurrent Mark Cycle
[2026-04-03T01:55:27.374+0600][16.978s][info][gc,marking     ] GC(60) Concurrent Scan Root Regions
[2026-04-03T01:55:27.379+0600][16.982s][info][gc,marking     ] GC(60) Concurrent Scan Root Regions 4.070ms
[2026-04-03T01:55:27.379+0600][16.982s][info][gc,marking     ] GC(60) Concurrent Mark
[2026-04-03T01:55:27.379+0600][16.982s][info][gc,marking     ] GC(60) Concurrent Mark From Roots
[2026-04-03T01:55:27.379+0600][16.982s][info][gc,task        ] GC(60) Using 3 workers of 3 for marking
[2026-04-03T01:55:27.468+0600][17.071s][info][gc,marking     ] GC(60) Concurrent Mark From Roots 89.621ms
[2026-04-03T01:55:27.468+0600][17.071s][info][gc,marking     ] GC(60) Concurrent Preclean
[2026-04-03T01:55:27.469+0600][17.072s][info][gc,marking     ] GC(60) Concurrent Preclean 0.191ms
[2026-04-03T01:55:27.469+0600][17.072s][info][gc,start       ] GC(60) Pause Remark
[2026-04-03T01:55:27.481+0600][17.084s][info][gc             ] GC(60) Pause Remark 234M->232M(332M) 11.970ms
[2026-04-03T01:55:27.481+0600][17.084s][info][gc,cpu         ] GC(60) User=0.08s Sys=0.00s Real=0.02s
[2026-04-03T01:55:27.481+0600][17.084s][info][gc,marking     ] GC(60) Concurrent Mark 102.591ms
[2026-04-03T01:55:27.481+0600][17.084s][info][gc,marking     ] GC(60) Concurrent Rebuild Remembered Sets and Scrub Regions
[2026-04-03T01:55:27.517+0600][17.120s][info][gc,marking     ] GC(60) Concurrent Rebuild Remembered Sets and Scrub Regions 35.300ms
[2026-04-03T01:55:27.517+0600][17.120s][info][gc,start       ] GC(60) Pause Cleanup
[2026-04-03T01:55:27.517+0600][17.121s][info][gc             ] GC(60) Pause Cleanup 274M->274M(332M) 0.405ms
[2026-04-03T01:55:27.517+0600][17.121s][info][gc,cpu         ] GC(60) User=0.00s Sys=0.00s Real=0.00s
[2026-04-03T01:55:27.518+0600][17.121s][info][gc,marking     ] GC(60) Concurrent Clear Claimed Marks
[2026-04-03T01:55:27.518+0600][17.121s][info][gc,marking     ] GC(60) Concurrent Clear Claimed Marks 0.273ms
[2026-04-03T01:55:27.518+0600][17.121s][info][gc,marking     ] GC(60) Concurrent Cleanup for Next Mark
[2026-04-03T01:55:27.519+0600][17.122s][info][gc,marking     ] GC(60) Concurrent Cleanup for Next Mark 0.796ms
[2026-04-03T01:55:27.519+0600][17.122s][info][gc             ] GC(60) Concurrent Mark Cycle 144.359ms
[2026-04-03T01:55:27.539+0600][17.142s][info][gc,start       ] GC(61) Pause Young (Prepare Mixed) (G1 Evacuation Pause)
[2026-04-03T01:55:27.539+0600][17.142s][info][gc,task        ] GC(61) Using 7 workers of 10 for evacuation
[2026-04-03T01:55:27.544+0600][17.147s][info][gc,phases      ] GC(61)   Pre Evacuate Collection Set: 0.37ms
[2026-04-03T01:55:27.544+0600][17.147s][info][gc,phases      ] GC(61)   Merge Heap Roots: 0.18ms
[2026-04-03T01:55:27.544+0600][17.147s][info][gc,phases      ] GC(61)   Evacuate Collection Set: 4.19ms
[2026-04-03T01:55:27.544+0600][17.147s][info][gc,phases      ] GC(61)   Post Evacuate Collection Set: 0.56ms
[2026-04-03T01:55:27.544+0600][17.147s][info][gc,phases      ] GC(61)   Other: 0.15ms
[2026-04-03T01:55:27.544+0600][17.147s][info][gc,heap        ] GC(61) Eden regions: 156->0(159)
[2026-04-03T01:55:27.544+0600][17.147s][info][gc,heap        ] GC(61) Survivor regions: 11->11(21)
[2026-04-03T01:55:27.544+0600][17.147s][info][gc,heap        ] GC(61) Old regions: 130->130
[2026-04-03T01:55:27.544+0600][17.147s][info][gc,heap        ] GC(61) Humongous regions: 14->14
[2026-04-03T01:55:27.544+0600][17.147s][info][gc,metaspace   ] GC(61) Metaspace: 64320K(65216K)->64320K(65216K) NonClass: 56167K(56640K)->56167K(56640K) Class: 8152K(8576K)->8152K(8576K)
[2026-04-03T01:55:27.544+0600][17.147s][info][gc             ] GC(61) Pause Young (Prepare Mixed) (G1 Evacuation Pause) 309M->153M(332M) 5.762ms
[2026-04-03T01:55:27.544+0600][17.147s][info][gc,cpu         ] GC(61) User=0.04s Sys=0.00s Real=0.01s
[2026-04-03T01:55:27.621+0600][17.225s][info][gc,start       ] GC(62) Pause Young (Mixed) (G1 Evacuation Pause)
[2026-04-03T01:55:27.622+0600][17.225s][info][gc,task        ] GC(62) Using 7 workers of 10 for evacuation
[2026-04-03T01:55:27.627+0600][17.230s][info][gc,phases      ] GC(62)   Pre Evacuate Collection Set: 0.28ms
[2026-04-03T01:55:27.627+0600][17.230s][info][gc,phases      ] GC(62)   Merge Heap Roots: 0.15ms
[2026-04-03T01:55:27.627+0600][17.230s][info][gc,phases      ] GC(62)   Evacuate Collection Set: 4.38ms
[2026-04-03T01:55:27.627+0600][17.230s][info][gc,phases      ] GC(62)   Post Evacuate Collection Set: 0.74ms
[2026-04-03T01:55:27.627+0600][17.230s][info][gc,phases      ] GC(62)   Other: 0.10ms
[2026-04-03T01:55:27.627+0600][17.230s][info][gc,heap        ] GC(62) Eden regions: 159->0(160)
[2026-04-03T01:55:27.627+0600][17.230s][info][gc,heap        ] GC(62) Survivor regions: 11->11(22)
[2026-04-03T01:55:27.627+0600][17.230s][info][gc,heap        ] GC(62) Old regions: 130->129
[2026-04-03T01:55:27.627+0600][17.230s][info][gc,heap        ] GC(62) Humongous regions: 14->14
[2026-04-03T01:55:27.627+0600][17.231s][info][gc,metaspace   ] GC(62) Metaspace: 64320K(65216K)->64320K(65216K) NonClass: 56167K(56640K)->56167K(56640K) Class: 8152K(8576K)->8152K(8576K)
[2026-04-03T01:55:27.627+0600][17.231s][info][gc             ] GC(62) Pause Young (Mixed) (G1 Evacuation Pause) 312M->153M(332M) 5.981ms
[2026-04-03T01:55:27.627+0600][17.231s][info][gc,cpu         ] GC(62) User=0.04s Sys=0.00s Real=0.00s
[2026-04-03T01:55:27.692+0600][17.295s][info][gc,start       ] GC(63) Pause Young (Concurrent Start) (G1 Humongous Allocation)
[2026-04-03T01:55:27.692+0600][17.295s][info][gc,task        ] GC(63) Using 7 workers of 10 for evacuation
[2026-04-03T01:55:27.698+0600][17.301s][info][gc,phases      ] GC(63)   Pre Evacuate Collection Set: 0.37ms
[2026-04-03T01:55:27.698+0600][17.301s][info][gc,phases      ] GC(63)   Merge Heap Roots: 0.09ms
[2026-04-03T01:55:27.698+0600][17.301s][info][gc,phases      ] GC(63)   Evacuate Collection Set: 4.75ms
[2026-04-03T01:55:27.698+0600][17.301s][info][gc,phases      ] GC(63)   Post Evacuate Collection Set: 0.57ms
[2026-04-03T01:55:27.698+0600][17.301s][info][gc,phases      ] GC(63)   Other: 0.12ms
[2026-04-03T01:55:27.698+0600][17.301s][info][gc,heap        ] GC(63) Eden regions: 104->0(160)
[2026-04-03T01:55:27.698+0600][17.301s][info][gc,heap        ] GC(63) Survivor regions: 11->11(22)
[2026-04-03T01:55:27.698+0600][17.301s][info][gc,heap        ] GC(63) Old regions: 129->129
[2026-04-03T01:55:27.698+0600][17.301s][info][gc,heap        ] GC(63) Humongous regions: 14->14
[2026-04-03T01:55:27.698+0600][17.301s][info][gc,metaspace   ] GC(63) Metaspace: 64569K(65408K)->64569K(65408K) NonClass: 56372K(56832K)->56372K(56832K) Class: 8196K(8576K)->8196K(8576K)
[2026-04-03T01:55:27.698+0600][17.301s][info][gc             ] GC(63) Pause Young (Concurrent Start) (G1 Humongous Allocation) 257M->153M(332M) 6.164ms
[2026-04-03T01:55:27.698+0600][17.301s][info][gc,cpu         ] GC(63) User=0.04s Sys=0.00s Real=0.00s
[2026-04-03T01:55:27.698+0600][17.301s][info][gc             ] GC(64) Concurrent Mark Cycle
[2026-04-03T01:55:27.698+0600][17.301s][info][gc,marking     ] GC(64) Concurrent Scan Root Regions
[2026-04-03T01:55:27.701+0600][17.304s][info][gc,marking     ] GC(64) Concurrent Scan Root Regions 2.627ms
[2026-04-03T01:55:27.701+0600][17.304s][info][gc,marking     ] GC(64) Concurrent Mark
[2026-04-03T01:55:27.701+0600][17.304s][info][gc,marking     ] GC(64) Concurrent Mark From Roots
[2026-04-03T01:55:27.701+0600][17.304s][info][gc,task        ] GC(64) Using 3 workers of 3 for marking
[2026-04-03T01:55:27.781+0600][17.384s][info][gc,marking     ] GC(64) Concurrent Mark From Roots 79.764ms
[2026-04-03T01:55:27.781+0600][17.384s][info][gc,marking     ] GC(64) Concurrent Preclean
[2026-04-03T01:55:27.781+0600][17.384s][info][gc,marking     ] GC(64) Concurrent Preclean 0.171ms
[2026-04-03T01:55:27.781+0600][17.384s][info][gc,start       ] GC(64) Pause Remark
[2026-04-03T01:55:27.785+0600][17.388s][info][gc             ] GC(64) Pause Remark 224M->224M(332M) 3.511ms
[2026-04-03T01:55:27.785+0600][17.388s][info][gc,cpu         ] GC(64) User=0.02s Sys=0.00s Real=0.00s
[2026-04-03T01:55:27.785+0600][17.388s][info][gc,marking     ] GC(64) Concurrent Mark 84.080ms
[2026-04-03T01:55:27.785+0600][17.388s][info][gc,marking     ] GC(64) Concurrent Rebuild Remembered Sets and Scrub Regions
[2026-04-03T01:55:27.816+0600][17.419s][info][gc,marking     ] GC(64) Concurrent Rebuild Remembered Sets and Scrub Regions 30.466ms
[2026-04-03T01:55:27.816+0600][17.419s][info][gc,start       ] GC(64) Pause Cleanup
[2026-04-03T01:55:27.816+0600][17.419s][info][gc             ] GC(64) Pause Cleanup 251M->251M(332M) 0.261ms
[2026-04-03T01:55:27.816+0600][17.419s][info][gc,cpu         ] GC(64) User=0.00s Sys=0.00s Real=0.00s
[2026-04-03T01:55:27.816+0600][17.419s][info][gc,marking     ] GC(64) Concurrent Clear Claimed Marks
[2026-04-03T01:55:27.817+0600][17.420s][info][gc,marking     ] GC(64) Concurrent Clear Claimed Marks 0.224ms
[2026-04-03T01:55:27.817+0600][17.420s][info][gc,marking     ] GC(64) Concurrent Cleanup for Next Mark
[2026-04-03T01:55:27.817+0600][17.420s][info][gc,marking     ] GC(64) Concurrent Cleanup for Next Mark 0.492ms
[2026-04-03T01:55:27.817+0600][17.420s][info][gc             ] GC(64) Concurrent Mark Cycle 118.869ms
[2026-04-03T01:55:27.874+0600][17.477s][info][gc,start       ] GC(65) Pause Young (Prepare Mixed) (G1 Evacuation Pause)
[2026-04-03T01:55:27.874+0600][17.477s][info][gc,task        ] GC(65) Using 7 workers of 10 for evacuation
[2026-04-03T01:55:27.879+0600][17.482s][info][gc,phases      ] GC(65)   Pre Evacuate Collection Set: 0.28ms
[2026-04-03T01:55:27.879+0600][17.482s][info][gc,phases      ] GC(65)   Merge Heap Roots: 0.10ms
[2026-04-03T01:55:27.879+0600][17.482s][info][gc,phases      ] GC(65)   Evacuate Collection Set: 3.76ms
[2026-04-03T01:55:27.879+0600][17.482s][info][gc,phases      ] GC(65)   Post Evacuate Collection Set: 0.56ms
[2026-04-03T01:55:27.879+0600][17.482s][info][gc,phases      ] GC(65)   Other: 0.12ms
[2026-04-03T01:55:27.879+0600][17.482s][info][gc,heap        ] GC(65) Eden regions: 160->0(159)
[2026-04-03T01:55:27.879+0600][17.482s][info][gc,heap        ] GC(65) Survivor regions: 11->12(22)
[2026-04-03T01:55:27.879+0600][17.482s][info][gc,heap        ] GC(65) Old regions: 129->129
[2026-04-03T01:55:27.879+0600][17.482s][info][gc,heap        ] GC(65) Humongous regions: 16->14
[2026-04-03T01:55:27.879+0600][17.482s][info][gc,metaspace   ] GC(65) Metaspace: 64598K(65472K)->64598K(65472K) NonClass: 56394K(56896K)->56394K(56896K) Class: 8203K(8576K)->8203K(8576K)
[2026-04-03T01:55:27.879+0600][17.482s][info][gc             ] GC(65) Pause Young (Prepare Mixed) (G1 Evacuation Pause) 315M->153M(332M) 5.057ms
[2026-04-03T01:55:27.879+0600][17.482s][info][gc,cpu         ] GC(65) User=0.03s Sys=0.00s Real=0.00s
[2026-04-03T01:55:28.018+0600][17.621s][info][gc,start       ] GC(66) Pause Young (Mixed) (G1 Evacuation Pause)
[2026-04-03T01:55:28.018+0600][17.621s][info][gc,task        ] GC(66) Using 7 workers of 10 for evacuation
[2026-04-03T01:55:28.024+0600][17.627s][info][gc,phases      ] GC(66)   Pre Evacuate Collection Set: 0.28ms
[2026-04-03T01:55:28.024+0600][17.627s][info][gc,phases      ] GC(66)   Merge Heap Roots: 0.08ms
[2026-04-03T01:55:28.024+0600][17.627s][info][gc,phases      ] GC(66)   Evacuate Collection Set: 4.46ms
[2026-04-03T01:55:28.024+0600][17.627s][info][gc,phases      ] GC(66)   Post Evacuate Collection Set: 0.66ms
[2026-04-03T01:55:28.024+0600][17.627s][info][gc,phases      ] GC(66)   Other: 0.08ms
[2026-04-03T01:55:28.024+0600][17.627s][info][gc,heap        ] GC(66) Eden regions: 159->0(161)
[2026-04-03T01:55:28.024+0600][17.627s][info][gc,heap        ] GC(66) Survivor regions: 12->11(22)
[2026-04-03T01:55:28.024+0600][17.627s][info][gc,heap        ] GC(66) Old regions: 129->128
[2026-04-03T01:55:28.024+0600][17.627s][info][gc,heap        ] GC(66) Humongous regions: 14->14
[2026-04-03T01:55:28.024+0600][17.627s][info][gc,metaspace   ] GC(66) Metaspace: 64605K(65472K)->64605K(65472K) NonClass: 56402K(56896K)->56402K(56896K) Class: 8203K(8576K)->8203K(8576K)
[2026-04-03T01:55:28.024+0600][17.627s][info][gc             ] GC(66) Pause Young (Mixed) (G1 Evacuation Pause) 312M->152M(332M) 5.822ms
[2026-04-03T01:55:28.024+0600][17.627s][info][gc,cpu         ] GC(66) User=0.03s Sys=0.00s Real=0.01s
[2026-04-03T01:55:28.134+0600][17.737s][info][gc,start       ] GC(67) Pause Young (Concurrent Start) (G1 Evacuation Pause)
[2026-04-03T01:55:28.134+0600][17.738s][info][gc,task        ] GC(67) Using 7 workers of 10 for evacuation
[2026-04-03T01:55:28.139+0600][17.742s][info][gc,phases      ] GC(67)   Pre Evacuate Collection Set: 0.36ms
[2026-04-03T01:55:28.139+0600][17.742s][info][gc,phases      ] GC(67)   Merge Heap Roots: 0.10ms
[2026-04-03T01:55:28.139+0600][17.742s][info][gc,phases      ] GC(67)   Evacuate Collection Set: 3.16ms
[2026-04-03T01:55:28.139+0600][17.742s][info][gc,phases      ] GC(67)   Post Evacuate Collection Set: 0.57ms
[2026-04-03T01:55:28.139+0600][17.742s][info][gc,phases      ] GC(67)   Other: 0.19ms
[2026-04-03T01:55:28.139+0600][17.742s][info][gc,heap        ] GC(67) Eden regions: 161->0(160)
[2026-04-03T01:55:28.139+0600][17.742s][info][gc,heap        ] GC(67) Survivor regions: 11->12(22)
[2026-04-03T01:55:28.139+0600][17.742s][info][gc,heap        ] GC(67) Old regions: 128->128
[2026-04-03T01:55:28.139+0600][17.742s][info][gc,heap        ] GC(67) Humongous regions: 14->14
[2026-04-03T01:55:28.139+0600][17.742s][info][gc,metaspace   ] GC(67) Metaspace: 64605K(65472K)->64605K(65472K) NonClass: 56402K(56896K)->56402K(56896K) Class: 8203K(8576K)->8203K(8576K)
[2026-04-03T01:55:28.139+0600][17.742s][info][gc             ] GC(67) Pause Young (Concurrent Start) (G1 Evacuation Pause) 313M->152M(332M) 4.617ms
[2026-04-03T01:55:28.139+0600][17.742s][info][gc,cpu         ] GC(67) User=0.03s Sys=0.00s Real=0.00s
[2026-04-03T01:55:28.139+0600][17.742s][info][gc             ] GC(68) Concurrent Mark Cycle
[2026-04-03T01:55:28.139+0600][17.742s][info][gc,marking     ] GC(68) Concurrent Scan Root Regions
[2026-04-03T01:55:28.141+0600][17.744s][info][gc,marking     ] GC(68) Concurrent Scan Root Regions 1.968ms
[2026-04-03T01:55:28.141+0600][17.744s][info][gc,marking     ] GC(68) Concurrent Mark
[2026-04-03T01:55:28.141+0600][17.744s][info][gc,marking     ] GC(68) Concurrent Mark From Roots
[2026-04-03T01:55:28.141+0600][17.744s][info][gc,task        ] GC(68) Using 3 workers of 3 for marking
[2026-04-03T01:55:28.192+0600][17.796s][info][gc,marking     ] GC(68) Concurrent Mark From Roots 51.317ms
[2026-04-03T01:55:28.193+0600][17.796s][info][gc,marking     ] GC(68) Concurrent Preclean
[2026-04-03T01:55:28.193+0600][17.796s][info][gc,marking     ] GC(68) Concurrent Preclean 0.125ms
[2026-04-03T01:55:28.193+0600][17.796s][info][gc,start       ] GC(68) Pause Remark
[2026-04-03T01:55:28.196+0600][17.799s][info][gc             ] GC(68) Pause Remark 213M->195M(332M) 3.327ms
[2026-04-03T01:55:28.196+0600][17.799s][info][gc,cpu         ] GC(68) User=0.01s Sys=0.00s Real=0.00s
[2026-04-03T01:55:28.197+0600][17.800s][info][gc,marking     ] GC(68) Concurrent Mark 55.379ms
[2026-04-03T01:55:28.197+0600][17.800s][info][gc,marking     ] GC(68) Concurrent Rebuild Remembered Sets and Scrub Regions
[2026-04-03T01:55:28.217+0600][17.820s][info][gc,marking     ] GC(68) Concurrent Rebuild Remembered Sets and Scrub Regions 20.571ms
[2026-04-03T01:55:28.217+0600][17.821s][info][gc,start       ] GC(68) Pause Cleanup
[2026-04-03T01:55:28.218+0600][17.821s][info][gc             ] GC(68) Pause Cleanup 220M->220M(332M) 0.348ms
[2026-04-03T01:55:28.218+0600][17.821s][info][gc,cpu         ] GC(68) User=0.00s Sys=0.00s Real=0.00s
[2026-04-03T01:55:28.218+0600][17.821s][info][gc,marking     ] GC(68) Concurrent Clear Claimed Marks
[2026-04-03T01:55:28.218+0600][17.821s][info][gc,marking     ] GC(68) Concurrent Clear Claimed Marks 0.172ms
[2026-04-03T01:55:28.218+0600][17.821s][info][gc,marking     ] GC(68) Concurrent Cleanup for Next Mark
[2026-04-03T01:55:28.219+0600][17.822s][info][gc,marking     ] GC(68) Concurrent Cleanup for Next Mark 0.442ms
[2026-04-03T01:55:28.219+0600][17.822s][info][gc             ] GC(68) Concurrent Mark Cycle 79.620ms
[2026-04-03T01:55:28.266+0600][17.869s][info][gc,start       ] GC(69) Pause Young (Prepare Mixed) (G1 Evacuation Pause)
[2026-04-03T01:55:28.266+0600][17.869s][info][gc,task        ] GC(69) Using 7 workers of 10 for evacuation
[2026-04-03T01:55:28.268+0600][17.871s][info][gc,phases      ] GC(69)   Pre Evacuate Collection Set: 0.26ms
[2026-04-03T01:55:28.268+0600][17.871s][info][gc,phases      ] GC(69)   Merge Heap Roots: 0.08ms
[2026-04-03T01:55:28.268+0600][17.871s][info][gc,phases      ] GC(69)   Evacuate Collection Set: 0.53ms
[2026-04-03T01:55:28.268+0600][17.871s][info][gc,phases      ] GC(69)   Post Evacuate Collection Set: 0.36ms
[2026-04-03T01:55:28.268+0600][17.871s][info][gc,phases      ] GC(69)   Other: 0.07ms
[2026-04-03T01:55:28.268+0600][17.871s][info][gc,heap        ] GC(69) Eden regions: 160->0(188)
[2026-04-03T01:55:28.268+0600][17.871s][info][gc,heap        ] GC(69) Survivor regions: 12->2(22)
[2026-04-03T01:55:28.268+0600][17.871s][info][gc,heap        ] GC(69) Old regions: 113->113
[2026-04-03T01:55:28.268+0600][17.871s][info][gc,heap        ] GC(69) Humongous regions: 11->11
[2026-04-03T01:55:28.268+0600][17.871s][info][gc,metaspace   ] GC(69) Metaspace: 64605K(65472K)->64605K(65472K) NonClass: 56402K(56896K)->56402K(56896K) Class: 8203K(8576K)->8203K(8576K)
[2026-04-03T01:55:28.268+0600][17.871s][info][gc             ] GC(69) Pause Young (Prepare Mixed) (G1 Evacuation Pause) 294M->125M(332M) 1.499ms
[2026-04-03T01:55:28.268+0600][17.871s][info][gc,cpu         ] GC(69) User=0.01s Sys=0.00s Real=0.00s
[2026-04-03T01:55:28.451+0600][18.054s][info][gc,start       ] GC(70) Pause Full (System.gc())
[2026-04-03T01:55:28.451+0600][18.054s][info][gc,task        ] GC(70) Using 7 workers of 10 for full compaction
[2026-04-03T01:55:28.451+0600][18.054s][info][gc,phases,start] GC(70) Phase 1: Mark live objects
[2026-04-03T01:55:28.488+0600][18.091s][info][gc,phases      ] GC(70) Phase 1: Mark live objects 37.102ms
[2026-04-03T01:55:28.488+0600][18.091s][info][gc,phases,start] GC(70) Phase 2: Prepare compaction
[2026-04-03T01:55:28.490+0600][18.094s][info][gc,phases      ] GC(70) Phase 2: Prepare compaction 2.206ms
[2026-04-03T01:55:28.490+0600][18.094s][info][gc,phases,start] GC(70) Phase 3: Adjust pointers
[2026-04-03T01:55:28.502+0600][18.105s][info][gc,phases      ] GC(70) Phase 3: Adjust pointers 11.045ms
[2026-04-03T01:55:28.502+0600][18.105s][info][gc,phases,start] GC(70) Phase 4: Compact heap
[2026-04-03T01:55:28.505+0600][18.108s][info][gc,phases      ] GC(70) Phase 4: Compact heap 3.030ms
[2026-04-03T01:55:28.505+0600][18.108s][info][gc,phases,start] GC(70) Phase 5: Reset Metadata
[2026-04-03T01:55:28.510+0600][18.113s][info][gc,phases      ] GC(70) Phase 5: Reset Metadata 5.616ms
[2026-04-03T01:55:28.516+0600][18.119s][info][gc,heap        ] GC(70) Eden regions: 77->0(199)
[2026-04-03T01:55:28.516+0600][18.119s][info][gc,heap        ] GC(70) Survivor regions: 2->0(22)
[2026-04-03T01:55:28.516+0600][18.119s][info][gc,heap        ] GC(70) Old regions: 113->98
[2026-04-03T01:55:28.516+0600][18.119s][info][gc,heap        ] GC(70) Humongous regions: 22->11
[2026-04-03T01:55:28.516+0600][18.119s][info][gc,metaspace   ] GC(70) Metaspace: 66361K(67264K)->66327K(67264K) NonClass: 57930K(58432K)->57906K(58432K) Class: 8431K(8832K)->8421K(8832K)
[2026-04-03T01:55:28.516+0600][18.119s][info][gc             ] GC(70) Pause Full (System.gc()) 212M->105M(332M) 65.347ms
[2026-04-03T01:55:28.516+0600][18.119s][info][gc,cpu         ] GC(70) User=0.37s Sys=0.02s Real=0.06s
[2026-04-03T01:55:28.550+0600][18.154s][info][gc,start       ] GC(71) Pause Young (Concurrent Start) (G1 Humongous Allocation)
[2026-04-03T01:55:28.551+0600][18.154s][info][gc,task        ] GC(71) Using 7 workers of 10 for evacuation
[2026-04-03T01:55:28.553+0600][18.156s][info][gc,phases      ] GC(71)   Pre Evacuate Collection Set: 0.32ms
[2026-04-03T01:55:28.553+0600][18.156s][info][gc,phases      ] GC(71)   Merge Heap Roots: 0.09ms
[2026-04-03T01:55:28.553+0600][18.156s][info][gc,phases      ] GC(71)   Evacuate Collection Set: 1.38ms
[2026-04-03T01:55:28.553+0600][18.156s][info][gc,phases      ] GC(71)   Post Evacuate Collection Set: 0.47ms
[2026-04-03T01:55:28.553+0600][18.156s][info][gc,phases      ] GC(71)   Other: 0.20ms
[2026-04-03T01:55:28.553+0600][18.156s][info][gc,heap        ] GC(71) Eden regions: 10->0(198)
[2026-04-03T01:55:28.553+0600][18.156s][info][gc,heap        ] GC(71) Survivor regions: 0->1(25)
[2026-04-03T01:55:28.553+0600][18.156s][info][gc,heap        ] GC(71) Old regions: 98->98
[2026-04-03T01:55:28.553+0600][18.156s][info][gc,heap        ] GC(71) Humongous regions: 11->11
[2026-04-03T01:55:28.553+0600][18.156s][info][gc,metaspace   ] GC(71) Metaspace: 66398K(67264K)->66398K(67264K) NonClass: 57961K(58432K)->57961K(58432K) Class: 8437K(8832K)->8437K(8832K)
[2026-04-03T01:55:28.553+0600][18.156s][info][gc             ] GC(71) Pause Young (Concurrent Start) (G1 Humongous Allocation) 115M->105M(332M) 2.682ms
[2026-04-03T01:55:28.553+0600][18.156s][info][gc,cpu         ] GC(71) User=0.01s Sys=0.00s Real=0.00s
[2026-04-03T01:55:28.553+0600][18.156s][info][gc             ] GC(72) Concurrent Mark Cycle
[2026-04-03T01:55:28.553+0600][18.156s][info][gc,marking     ] GC(72) Concurrent Scan Root Regions
[2026-04-03T01:55:28.554+0600][18.157s][info][gc,marking     ] GC(72) Concurrent Scan Root Regions 0.835ms
[2026-04-03T01:55:28.554+0600][18.157s][info][gc,marking     ] GC(72) Concurrent Mark
[2026-04-03T01:55:28.554+0600][18.157s][info][gc,marking     ] GC(72) Concurrent Mark From Roots
[2026-04-03T01:55:28.554+0600][18.157s][info][gc,task        ] GC(72) Using 3 workers of 3 for marking
[2026-04-03T01:55:28.622+0600][18.225s][info][gc,marking     ] GC(72) Concurrent Mark From Roots 68.154ms
[2026-04-03T01:55:28.622+0600][18.226s][info][gc,marking     ] GC(72) Concurrent Preclean
[2026-04-03T01:55:28.623+0600][18.226s][info][gc,marking     ] GC(72) Concurrent Preclean 0.166ms
[2026-04-03T01:55:28.623+0600][18.226s][info][gc,start       ] GC(72) Pause Remark
[2026-04-03T01:55:28.627+0600][18.230s][info][gc             ] GC(72) Pause Remark 127M->127M(332M) 4.367ms
[2026-04-03T01:55:28.628+0600][18.231s][info][gc,cpu         ] GC(72) User=0.02s Sys=0.01s Real=0.00s
[2026-04-03T01:55:28.628+0600][18.231s][info][gc,marking     ] GC(72) Concurrent Mark 73.496ms
[2026-04-03T01:55:28.628+0600][18.231s][info][gc,marking     ] GC(72) Concurrent Rebuild Remembered Sets and Scrub Regions
[2026-04-03T01:55:28.656+0600][18.259s][info][gc,marking     ] GC(72) Concurrent Rebuild Remembered Sets and Scrub Regions 27.986ms
[2026-04-03T01:55:28.656+0600][18.259s][info][gc,start       ] GC(72) Pause Cleanup
[2026-04-03T01:55:28.656+0600][18.259s][info][gc             ] GC(72) Pause Cleanup 132M->132M(332M) 0.327ms
[2026-04-03T01:55:28.656+0600][18.260s][info][gc,cpu         ] GC(72) User=0.00s Sys=0.00s Real=0.00s
[2026-04-03T01:55:28.657+0600][18.260s][info][gc,marking     ] GC(72) Concurrent Clear Claimed Marks
[2026-04-03T01:55:28.657+0600][18.260s][info][gc,marking     ] GC(72) Concurrent Clear Claimed Marks 0.227ms
[2026-04-03T01:55:28.657+0600][18.260s][info][gc,marking     ] GC(72) Concurrent Cleanup for Next Mark
[2026-04-03T01:55:28.657+0600][18.260s][info][gc,marking     ] GC(72) Concurrent Cleanup for Next Mark 0.561ms
[2026-04-03T01:55:28.657+0600][18.261s][info][gc             ] GC(72) Concurrent Mark Cycle 104.172ms
[2026-04-03T01:55:28.827+0600][18.430s][info][gc,start       ] GC(73) Pause Young (Prepare Mixed) (G1 Evacuation Pause)
[2026-04-03T01:55:28.827+0600][18.430s][info][gc,task        ] GC(73) Using 7 workers of 10 for evacuation
[2026-04-03T01:55:28.833+0600][18.436s][info][gc,phases      ] GC(73)   Pre Evacuate Collection Set: 0.31ms
[2026-04-03T01:55:28.833+0600][18.436s][info][gc,phases      ] GC(73)   Merge Heap Roots: 0.16ms
[2026-04-03T01:55:28.833+0600][18.436s][info][gc,phases      ] GC(73)   Evacuate Collection Set: 4.64ms
[2026-04-03T01:55:28.833+0600][18.436s][info][gc,phases      ] GC(73)   Post Evacuate Collection Set: 0.76ms
[2026-04-03T01:55:28.833+0600][18.436s][info][gc,phases      ] GC(73)   Other: 0.14ms
[2026-04-03T01:55:28.833+0600][18.436s][info][gc,heap        ] GC(73) Eden regions: 198->0(191)
[2026-04-03T01:55:28.833+0600][18.436s][info][gc,heap        ] GC(73) Survivor regions: 1->8(25)
[2026-04-03T01:55:28.833+0600][18.436s][info][gc,heap        ] GC(73) Old regions: 98->98
[2026-04-03T01:55:28.833+0600][18.436s][info][gc,heap        ] GC(73) Humongous regions: 24->12
[2026-04-03T01:55:28.833+0600][18.436s][info][gc,metaspace   ] GC(73) Metaspace: 66464K(67328K)->66464K(67328K) NonClass: 58027K(58496K)->58027K(58496K) Class: 8437K(8832K)->8437K(8832K)
[2026-04-03T01:55:28.833+0600][18.436s][info][gc             ] GC(73) Pause Young (Prepare Mixed) (G1 Evacuation Pause) 316M->114M(332M) 6.362ms
[2026-04-03T01:55:28.833+0600][18.436s][info][gc,cpu         ] GC(73) User=0.05s Sys=0.00s Real=0.01s
[2026-04-03T01:55:28.927+0600][18.530s][info][gc,start       ] GC(74) Pause Young (Mixed) (G1 Evacuation Pause)
[2026-04-03T01:55:28.927+0600][18.530s][info][gc,task        ] GC(74) Using 7 workers of 10 for evacuation
[2026-04-03T01:55:28.937+0600][18.540s][info][gc,phases      ] GC(74)   Pre Evacuate Collection Set: 0.29ms
[2026-04-03T01:55:28.937+0600][18.540s][info][gc,phases      ] GC(74)   Merge Heap Roots: 0.15ms
[2026-04-03T01:55:28.937+0600][18.540s][info][gc,phases      ] GC(74)   Evacuate Collection Set: 8.44ms
[2026-04-03T01:55:28.937+0600][18.540s][info][gc,phases      ] GC(74)   Post Evacuate Collection Set: 0.82ms
[2026-04-03T01:55:28.937+0600][18.540s][info][gc,phases      ] GC(74)   Other: 0.31ms
[2026-04-03T01:55:28.937+0600][18.540s][info][gc,heap        ] GC(74) Eden regions: 191->0(183)
[2026-04-03T01:55:28.937+0600][18.540s][info][gc,heap        ] GC(74) Survivor regions: 8->16(25)
[2026-04-03T01:55:28.937+0600][18.540s][info][gc,heap        ] GC(74) Old regions: 98->98
[2026-04-03T01:55:28.937+0600][18.540s][info][gc,heap        ] GC(74) Humongous regions: 14->14
[2026-04-03T01:55:28.937+0600][18.540s][info][gc,metaspace   ] GC(74) Metaspace: 66466K(67328K)->66466K(67328K) NonClass: 58029K(58496K)->58029K(58496K) Class: 8437K(8832K)->8437K(8832K)
[2026-04-03T01:55:28.937+0600][18.540s][info][gc             ] GC(74) Pause Young (Mixed) (G1 Evacuation Pause) 307M->124M(332M) 10.299ms
[2026-04-03T01:55:28.937+0600][18.540s][info][gc,cpu         ] GC(74) User=0.05s Sys=0.01s Real=0.01s
[2026-04-03T01:55:29.007+0600][18.610s][info][gc,start       ] GC(75) Pause Young (Concurrent Start) (G1 Evacuation Pause)
[2026-04-03T01:55:29.007+0600][18.610s][info][gc,task        ] GC(75) Using 7 workers of 10 for evacuation
[2026-04-03T01:55:29.020+0600][18.623s][info][gc,phases      ] GC(75)   Pre Evacuate Collection Set: 0.34ms
[2026-04-03T01:55:29.020+0600][18.623s][info][gc,phases      ] GC(75)   Merge Heap Roots: 0.15ms
[2026-04-03T01:55:29.020+0600][18.623s][info][gc,phases      ] GC(75)   Evacuate Collection Set: 11.77ms
[2026-04-03T01:55:29.020+0600][18.623s][info][gc,phases      ] GC(75)   Post Evacuate Collection Set: 0.56ms
[2026-04-03T01:55:29.020+0600][18.623s][info][gc,phases      ] GC(75)   Other: 0.20ms
[2026-04-03T01:55:29.020+0600][18.623s][info][gc,heap        ] GC(75) Eden regions: 183->0(181)
[2026-04-03T01:55:29.020+0600][18.623s][info][gc,heap        ] GC(75) Survivor regions: 16->18(25)
[2026-04-03T01:55:29.020+0600][18.623s][info][gc,heap        ] GC(75) Old regions: 98->105
[2026-04-03T01:55:29.020+0600][18.623s][info][gc,heap        ] GC(75) Humongous regions: 14->14
[2026-04-03T01:55:29.020+0600][18.623s][info][gc,metaspace   ] GC(75) Metaspace: 66467K(67328K)->66467K(67328K) NonClass: 58030K(58496K)->58030K(58496K) Class: 8437K(8832K)->8437K(8832K)
[2026-04-03T01:55:29.020+0600][18.623s][info][gc             ] GC(75) Pause Young (Concurrent Start) (G1 Evacuation Pause) 307M->133M(336M) 13.267ms
[2026-04-03T01:55:29.020+0600][18.623s][info][gc             ] GC(76) Concurrent Mark Cycle
[2026-04-03T01:55:29.020+0600][18.623s][info][gc,marking     ] GC(76) Concurrent Scan Root Regions
[2026-04-03T01:55:29.020+0600][18.623s][info][gc,cpu         ] GC(75) User=0.08s Sys=0.00s Real=0.02s
[2026-04-03T01:55:29.026+0600][18.629s][info][gc,marking     ] GC(76) Concurrent Scan Root Regions 5.342ms
[2026-04-03T01:55:29.026+0600][18.629s][info][gc,marking     ] GC(76) Concurrent Mark
[2026-04-03T01:55:29.026+0600][18.629s][info][gc,marking     ] GC(76) Concurrent Mark From Roots
[2026-04-03T01:55:29.026+0600][18.629s][info][gc,task        ] GC(76) Using 3 workers of 3 for marking
[2026-04-03T01:55:29.086+0600][18.689s][info][gc,marking     ] GC(76) Concurrent Mark From Roots 60.384ms
[2026-04-03T01:55:29.086+0600][18.689s][info][gc,marking     ] GC(76) Concurrent Preclean
[2026-04-03T01:55:29.086+0600][18.690s][info][gc,marking     ] GC(76) Concurrent Preclean 0.161ms
[2026-04-03T01:55:29.087+0600][18.690s][info][gc,start       ] GC(76) Pause Remark
[2026-04-03T01:55:29.090+0600][18.693s][info][gc             ] GC(76) Pause Remark 261M->260M(336M) 3.702ms
[2026-04-03T01:55:29.090+0600][18.694s][info][gc,cpu         ] GC(76) User=0.02s Sys=0.00s Real=0.01s
[2026-04-03T01:55:29.091+0600][18.694s][info][gc,marking     ] GC(76) Concurrent Mark 64.816ms
[2026-04-03T01:55:29.091+0600][18.694s][info][gc,marking     ] GC(76) Concurrent Rebuild Remembered Sets and Scrub Regions
[2026-04-03T01:55:29.117+0600][18.720s][info][gc,start       ] GC(77) Pause Young (Normal) (G1 Evacuation Pause)
[2026-04-03T01:55:29.117+0600][18.720s][info][gc,task        ] GC(77) Using 8 workers of 10 for evacuation
[2026-04-03T01:55:29.130+0600][18.733s][info][gc,phases      ] GC(77)   Pre Evacuate Collection Set: 0.43ms
[2026-04-03T01:55:29.130+0600][18.733s][info][gc,phases      ] GC(77)   Merge Heap Roots: 0.25ms
[2026-04-03T01:55:29.130+0600][18.733s][info][gc,phases      ] GC(77)   Evacuate Collection Set: 11.57ms
[2026-04-03T01:55:29.130+0600][18.733s][info][gc,phases      ] GC(77)   Post Evacuate Collection Set: 0.65ms
[2026-04-03T01:55:29.130+0600][18.733s][info][gc,phases      ] GC(77)   Other: 0.18ms
[2026-04-03T01:55:29.130+0600][18.733s][info][gc,heap        ] GC(77) Eden regions: 181->0(196)
[2026-04-03T01:55:29.130+0600][18.733s][info][gc,heap        ] GC(77) Survivor regions: 18->19(25)
[2026-04-03T01:55:29.130+0600][18.733s][info][gc,heap        ] GC(77) Old regions: 105->114
[2026-04-03T01:55:29.130+0600][18.733s][info][gc,heap        ] GC(77) Humongous regions: 16->16
[2026-04-03T01:55:29.130+0600][18.733s][info][gc,metaspace   ] GC(77) Metaspace: 66467K(67328K)->66467K(67328K) NonClass: 58030K(58496K)->58030K(58496K) Class: 8437K(8832K)->8437K(8832K)
[2026-04-03T01:55:29.130+0600][18.733s][info][gc             ] GC(77) Pause Young (Normal) (G1 Evacuation Pause) 316M->145M(365M) 13.375ms
[2026-04-03T01:55:29.130+0600][18.733s][info][gc,cpu         ] GC(77) User=0.08s Sys=0.01s Real=0.02s
[2026-04-03T01:55:29.131+0600][18.734s][info][gc,marking     ] GC(76) Concurrent Rebuild Remembered Sets and Scrub Regions 40.431ms
[2026-04-03T01:55:29.131+0600][18.734s][info][gc,start       ] GC(76) Pause Cleanup
[2026-04-03T01:55:29.131+0600][18.735s][info][gc             ] GC(76) Pause Cleanup 147M->147M(365M) 0.158ms
[2026-04-03T01:55:29.131+0600][18.735s][info][gc,cpu         ] GC(76) User=0.00s Sys=0.00s Real=0.00s
[2026-04-03T01:55:29.132+0600][18.735s][info][gc,marking     ] GC(76) Concurrent Clear Claimed Marks
[2026-04-03T01:55:29.132+0600][18.735s][info][gc,marking     ] GC(76) Concurrent Clear Claimed Marks 0.189ms
[2026-04-03T01:55:29.132+0600][18.735s][info][gc,marking     ] GC(76) Concurrent Cleanup for Next Mark
[2026-04-03T01:55:29.132+0600][18.736s][info][gc,marking     ] GC(76) Concurrent Cleanup for Next Mark 0.697ms
[2026-04-03T01:55:29.132+0600][18.736s][info][gc             ] GC(76) Concurrent Mark Cycle 112.319ms
[2026-04-03T01:55:29.219+0600][18.822s][info][gc,start       ] GC(78) Pause Young (Prepare Mixed) (G1 Evacuation Pause)
[2026-04-03T01:55:29.219+0600][18.822s][info][gc,task        ] GC(78) Using 8 workers of 10 for evacuation
[2026-04-03T01:55:29.230+0600][18.833s][info][gc,phases      ] GC(78)   Pre Evacuate Collection Set: 0.33ms
[2026-04-03T01:55:29.230+0600][18.833s][info][gc,phases      ] GC(78)   Merge Heap Roots: 0.12ms
[2026-04-03T01:55:29.230+0600][18.833s][info][gc,phases      ] GC(78)   Evacuate Collection Set: 9.71ms
[2026-04-03T01:55:29.230+0600][18.833s][info][gc,phases      ] GC(78)   Post Evacuate Collection Set: 0.37ms
[2026-04-03T01:55:29.230+0600][18.833s][info][gc,phases      ] GC(78)   Other: 0.09ms
[2026-04-03T01:55:29.230+0600][18.833s][info][gc,heap        ] GC(78) Eden regions: 196->0(195)
[2026-04-03T01:55:29.230+0600][18.833s][info][gc,heap        ] GC(78) Survivor regions: 19->18(27)
[2026-04-03T01:55:29.230+0600][18.833s][info][gc,heap        ] GC(78) Old regions: 114->124
[2026-04-03T01:55:29.230+0600][18.833s][info][gc,heap        ] GC(78) Humongous regions: 16->16
[2026-04-03T01:55:29.230+0600][18.833s][info][gc,metaspace   ] GC(78) Metaspace: 66470K(67328K)->66470K(67328K) NonClass: 58033K(58496K)->58033K(58496K) Class: 8437K(8832K)->8437K(8832K)
[2026-04-03T01:55:29.230+0600][18.833s][info][gc             ] GC(78) Pause Young (Prepare Mixed) (G1 Evacuation Pause) 341M->154M(373M) 10.849ms
[2026-04-03T01:55:29.230+0600][18.833s][info][gc,cpu         ] GC(78) User=0.07s Sys=0.01s Real=0.02s
[2026-04-03T01:55:29.329+0600][18.932s][info][gc,start       ] GC(79) Pause Young (Mixed) (G1 Evacuation Pause)
[2026-04-03T01:55:29.329+0600][18.932s][info][gc,task        ] GC(79) Using 8 workers of 10 for evacuation
[2026-04-03T01:55:29.335+0600][18.938s][info][gc,phases      ] GC(79)   Pre Evacuate Collection Set: 0.29ms
[2026-04-03T01:55:29.335+0600][18.939s][info][gc,phases      ] GC(79)   Merge Heap Roots: 0.15ms
[2026-04-03T01:55:29.335+0600][18.939s][info][gc,phases      ] GC(79)   Evacuate Collection Set: 5.29ms
[2026-04-03T01:55:29.335+0600][18.939s][info][gc,phases      ] GC(79)   Post Evacuate Collection Set: 0.64ms
[2026-04-03T01:55:29.335+0600][18.939s][info][gc,phases      ] GC(79)   Other: 0.12ms
[2026-04-03T01:55:29.335+0600][18.939s][info][gc,heap        ] GC(79) Eden regions: 195->0(195)
[2026-04-03T01:55:29.336+0600][18.939s][info][gc,heap        ] GC(79) Survivor regions: 18->10(27)
[2026-04-03T01:55:29.336+0600][18.939s][info][gc,heap        ] GC(79) Old regions: 124->132
[2026-04-03T01:55:29.336+0600][18.939s][info][gc,heap        ] GC(79) Humongous regions: 16->16
[2026-04-03T01:55:29.336+0600][18.939s][info][gc,metaspace   ] GC(79) Metaspace: 66470K(67328K)->66470K(67328K) NonClass: 58033K(58496K)->58033K(58496K) Class: 8437K(8832K)->8437K(8832K)
[2026-04-03T01:55:29.336+0600][18.939s][info][gc             ] GC(79) Pause Young (Mixed) (G1 Evacuation Pause) 349M->154M(373M) 6.738ms
[2026-04-03T01:55:29.336+0600][18.939s][info][gc,cpu         ] GC(79) User=0.04s Sys=0.00s Real=0.01s
[2026-04-03T01:55:29.393+0600][18.996s][info][gc,start       ] GC(80) Pause Young (Concurrent Start) (G1 Humongous Allocation)
[2026-04-03T01:55:29.393+0600][18.996s][info][gc,task        ] GC(80) Using 8 workers of 10 for evacuation
[2026-04-03T01:55:29.397+0600][19.000s][info][gc,phases      ] GC(80)   Pre Evacuate Collection Set: 0.33ms
[2026-04-03T01:55:29.397+0600][19.000s][info][gc,phases      ] GC(80)   Merge Heap Roots: 0.07ms
[2026-04-03T01:55:29.397+0600][19.000s][info][gc,phases      ] GC(80)   Evacuate Collection Set: 3.01ms
[2026-04-03T01:55:29.397+0600][19.000s][info][gc,phases      ] GC(80)   Post Evacuate Collection Set: 0.51ms
[2026-04-03T01:55:29.397+0600][19.000s][info][gc,phases      ] GC(80)   Other: 0.15ms
[2026-04-03T01:55:29.397+0600][19.000s][info][gc,heap        ] GC(80) Eden regions: 113->0(196)
[2026-04-03T01:55:29.397+0600][19.000s][info][gc,heap        ] GC(80) Survivor regions: 10->9(26)
[2026-04-03T01:55:29.397+0600][19.000s][info][gc,heap        ] GC(80) Old regions: 132->132
[2026-04-03T01:55:29.397+0600][19.000s][info][gc,heap        ] GC(80) Humongous regions: 16->16
[2026-04-03T01:55:29.397+0600][19.000s][info][gc,metaspace   ] GC(80) Metaspace: 66477K(67328K)->66477K(67328K) NonClass: 58039K(58496K)->58039K(58496K) Class: 8437K(8832K)->8437K(8832K)
[2026-04-03T01:55:29.397+0600][19.000s][info][gc             ] GC(80) Pause Young (Concurrent Start) (G1 Humongous Allocation) 267M->154M(373M) 4.296ms
[2026-04-03T01:55:29.397+0600][19.000s][info][gc             ] GC(81) Concurrent Mark Cycle
[2026-04-03T01:55:29.397+0600][19.000s][info][gc,cpu         ] GC(80) User=0.02s Sys=0.00s Real=0.00s
[2026-04-03T01:55:29.397+0600][19.000s][info][gc,marking     ] GC(81) Concurrent Scan Root Regions
[2026-04-03T01:55:29.399+0600][19.002s][info][gc,marking     ] GC(81) Concurrent Scan Root Regions 1.754ms
[2026-04-03T01:55:29.399+0600][19.002s][info][gc,marking     ] GC(81) Concurrent Mark
[2026-04-03T01:55:29.399+0600][19.002s][info][gc,marking     ] GC(81) Concurrent Mark From Roots
[2026-04-03T01:55:29.399+0600][19.002s][info][gc,task        ] GC(81) Using 3 workers of 3 for marking
[2026-04-03T01:55:29.470+0600][19.073s][info][gc,marking     ] GC(81) Concurrent Mark From Roots 70.903ms
[2026-04-03T01:55:29.470+0600][19.073s][info][gc,marking     ] GC(81) Concurrent Preclean
[2026-04-03T01:55:29.470+0600][19.074s][info][gc,marking     ] GC(81) Concurrent Preclean 0.153ms
[2026-04-03T01:55:29.471+0600][19.074s][info][gc,start       ] GC(81) Pause Remark
[2026-04-03T01:55:29.474+0600][19.077s][info][gc             ] GC(81) Pause Remark 222M->220M(373M) 3.286ms
[2026-04-03T01:55:29.474+0600][19.077s][info][gc,cpu         ] GC(81) User=0.01s Sys=0.00s Real=0.00s
[2026-04-03T01:55:29.474+0600][19.077s][info][gc,marking     ] GC(81) Concurrent Mark 74.993ms
[2026-04-03T01:55:29.474+0600][19.077s][info][gc,marking     ] GC(81) Concurrent Rebuild Remembered Sets and Scrub Regions
[2026-04-03T01:55:29.502+0600][19.105s][info][gc,marking     ] GC(81) Concurrent Rebuild Remembered Sets and Scrub Regions 27.535ms
[2026-04-03T01:55:29.502+0600][19.105s][info][gc,start       ] GC(81) Pause Cleanup
[2026-04-03T01:55:29.502+0600][19.105s][info][gc             ] GC(81) Pause Cleanup 247M->247M(373M) 0.214ms
[2026-04-03T01:55:29.502+0600][19.105s][info][gc,cpu         ] GC(81) User=0.00s Sys=0.00s Real=0.00s
[2026-04-03T01:55:29.502+0600][19.105s][info][gc,marking     ] GC(81) Concurrent Clear Claimed Marks
[2026-04-03T01:55:29.502+0600][19.106s][info][gc,marking     ] GC(81) Concurrent Clear Claimed Marks 0.149ms
[2026-04-03T01:55:29.503+0600][19.106s][info][gc,marking     ] GC(81) Concurrent Cleanup for Next Mark
[2026-04-03T01:55:29.503+0600][19.106s][info][gc,marking     ] GC(81) Concurrent Cleanup for Next Mark 0.584ms
[2026-04-03T01:55:29.503+0600][19.106s][info][gc             ] GC(81) Concurrent Mark Cycle 105.873ms
[2026-04-03T01:55:29.579+0600][19.183s][info][gc,start       ] GC(82) Pause Young (Prepare Mixed) (G1 Evacuation Pause)
[2026-04-03T01:55:29.579+0600][19.183s][info][gc,task        ] GC(82) Using 8 workers of 10 for evacuation
[2026-04-03T01:55:29.583+0600][19.186s][info][gc,phases      ] GC(82)   Pre Evacuate Collection Set: 0.30ms
[2026-04-03T01:55:29.583+0600][19.186s][info][gc,phases      ] GC(82)   Merge Heap Roots: 0.11ms
[2026-04-03T01:55:29.583+0600][19.186s][info][gc,phases      ] GC(82)   Evacuate Collection Set: 2.50ms
[2026-04-03T01:55:29.583+0600][19.186s][info][gc,phases      ] GC(82)   Post Evacuate Collection Set: 0.55ms
[2026-04-03T01:55:29.583+0600][19.186s][info][gc,phases      ] GC(82)   Other: 0.08ms
[2026-04-03T01:55:29.583+0600][19.186s][info][gc,heap        ] GC(82) Eden regions: 196->0(198)
[2026-04-03T01:55:29.583+0600][19.186s][info][gc,heap        ] GC(82) Survivor regions: 9->9(26)
[2026-04-03T01:55:29.583+0600][19.186s][info][gc,heap        ] GC(82) Old regions: 132->132
[2026-04-03T01:55:29.583+0600][19.186s][info][gc,heap        ] GC(82) Humongous regions: 16->14
[2026-04-03T01:55:29.583+0600][19.186s][info][gc,metaspace   ] GC(82) Metaspace: 66492K(67392K)->66492K(67392K) NonClass: 58054K(58560K)->58054K(58560K) Class: 8437K(8832K)->8437K(8832K)
[2026-04-03T01:55:29.583+0600][19.186s][info][gc             ] GC(82) Pause Young (Prepare Mixed) (G1 Evacuation Pause) 350M->151M(373M) 3.736ms
[2026-04-03T01:55:29.583+0600][19.186s][info][gc,cpu         ] GC(82) User=0.02s Sys=0.00s Real=0.01s
[2026-04-03T01:55:29.713+0600][19.316s][info][gc,start       ] GC(83) Pause Young (Mixed) (G1 Evacuation Pause)
[2026-04-03T01:55:29.713+0600][19.316s][info][gc,task        ] GC(83) Using 8 workers of 10 for evacuation
[2026-04-03T01:55:29.717+0600][19.320s][info][gc,phases      ] GC(83)   Pre Evacuate Collection Set: 0.24ms
[2026-04-03T01:55:29.737+0600][19.340s][info][gc,phases      ] GC(83)   Merge Heap Roots: 0.13ms
[2026-04-03T01:55:29.737+0600][19.340s][info][gc,phases      ] GC(83)   Evacuate Collection Set: 2.60ms
[2026-04-03T01:55:29.737+0600][19.340s][info][gc,phases      ] GC(83)   Post Evacuate Collection Set: 0.38ms
[2026-04-03T01:55:29.737+0600][19.340s][info][gc,phases      ] GC(83)   Other: 0.07ms
[2026-04-03T01:55:29.737+0600][19.340s][info][gc,heap        ] GC(83) Eden regions: 198->0(200)
[2026-04-03T01:55:29.737+0600][19.340s][info][gc,heap        ] GC(83) Survivor regions: 9->8(26)
[2026-04-03T01:55:29.737+0600][19.340s][info][gc,heap        ] GC(83) Old regions: 132->131
[2026-04-03T01:55:29.737+0600][19.340s][info][gc,heap        ] GC(83) Humongous regions: 14->14
[2026-04-03T01:55:29.737+0600][19.340s][info][gc,metaspace   ] GC(83) Metaspace: 66492K(67392K)->66492K(67392K) NonClass: 58054K(58560K)->58054K(58560K) Class: 8437K(8832K)->8437K(8832K)
[2026-04-03T01:55:29.737+0600][19.340s][info][gc             ] GC(83) Pause Young (Mixed) (G1 Evacuation Pause) 349M->150M(373M) 23.734ms
[2026-04-03T01:55:29.737+0600][19.340s][info][gc,cpu         ] GC(83) User=0.02s Sys=0.01s Real=0.02s
[2026-04-03T01:55:29.873+0600][19.476s][info][gc,start       ] GC(84) Pause Young (Concurrent Start) (G1 Evacuation Pause)
[2026-04-03T01:55:29.873+0600][19.476s][info][gc,task        ] GC(84) Using 8 workers of 10 for evacuation
[2026-04-03T01:55:29.877+0600][19.480s][info][gc,phases      ] GC(84)   Pre Evacuate Collection Set: 0.29ms
[2026-04-03T01:55:29.877+0600][19.480s][info][gc,phases      ] GC(84)   Merge Heap Roots: 0.08ms
[2026-04-03T01:55:29.877+0600][19.480s][info][gc,phases      ] GC(84)   Evacuate Collection Set: 2.65ms
[2026-04-03T01:55:29.877+0600][19.480s][info][gc,phases      ] GC(84)   Post Evacuate Collection Set: 0.42ms
[2026-04-03T01:55:29.877+0600][19.480s][info][gc,phases      ] GC(84)   Other: 0.10ms
[2026-04-03T01:55:29.877+0600][19.480s][info][gc,heap        ] GC(84) Eden regions: 200->0(199)
[2026-04-03T01:55:29.877+0600][19.480s][info][gc,heap        ] GC(84) Survivor regions: 8->9(26)
[2026-04-03T01:55:29.877+0600][19.480s][info][gc,heap        ] GC(84) Old regions: 131->131
[2026-04-03T01:55:29.877+0600][19.480s][info][gc,heap        ] GC(84) Humongous regions: 14->14
[2026-04-03T01:55:29.877+0600][19.480s][info][gc,metaspace   ] GC(84) Metaspace: 66492K(67392K)->66492K(67392K) NonClass: 58054K(58560K)->58054K(58560K) Class: 8437K(8832K)->8437K(8832K)
[2026-04-03T01:55:29.877+0600][19.480s][info][gc             ] GC(84) Pause Young (Concurrent Start) (G1 Evacuation Pause) 350M->151M(373M) 3.733ms
[2026-04-03T01:55:29.877+0600][19.480s][info][gc,cpu         ] GC(84) User=0.02s Sys=0.00s Real=0.00s
[2026-04-03T01:55:29.877+0600][19.480s][info][gc             ] GC(85) Concurrent Mark Cycle
[2026-04-03T01:55:29.877+0600][19.480s][info][gc,marking     ] GC(85) Concurrent Scan Root Regions
[2026-04-03T01:55:29.878+0600][19.482s][info][gc,marking     ] GC(85) Concurrent Scan Root Regions 1.397ms
[2026-04-03T01:55:29.878+0600][19.482s][info][gc,marking     ] GC(85) Concurrent Mark
[2026-04-03T01:55:29.879+0600][19.482s][info][gc,marking     ] GC(85) Concurrent Mark From Roots
[2026-04-03T01:55:29.879+0600][19.482s][info][gc,task        ] GC(85) Using 3 workers of 3 for marking
[2026-04-03T01:55:29.929+0600][19.533s][info][gc,marking     ] GC(85) Concurrent Mark From Roots 50.914ms
[2026-04-03T01:55:29.929+0600][19.533s][info][gc,marking     ] GC(85) Concurrent Preclean
[2026-04-03T01:55:29.930+0600][19.533s][info][gc,marking     ] GC(85) Concurrent Preclean 0.152ms
[2026-04-03T01:55:29.930+0600][19.533s][info][gc,start       ] GC(85) Pause Remark
[2026-04-03T01:55:29.933+0600][19.536s][info][gc             ] GC(85) Pause Remark 209M->186M(373M) 3.044ms
[2026-04-03T01:55:29.933+0600][19.536s][info][gc,cpu         ] GC(85) User=0.01s Sys=0.00s Real=0.00s
[2026-04-03T01:55:29.933+0600][19.536s][info][gc,marking     ] GC(85) Concurrent Mark 54.734ms
[2026-04-03T01:55:29.933+0600][19.536s][info][gc,marking     ] GC(85) Concurrent Rebuild Remembered Sets and Scrub Regions
[2026-04-03T01:55:29.952+0600][19.555s][info][gc,marking     ] GC(85) Concurrent Rebuild Remembered Sets and Scrub Regions 18.281ms
[2026-04-03T01:55:29.952+0600][19.555s][info][gc,start       ] GC(85) Pause Cleanup
[2026-04-03T01:55:29.952+0600][19.555s][info][gc             ] GC(85) Pause Cleanup 207M->207M(373M) 0.250ms
[2026-04-03T01:55:29.952+0600][19.555s][info][gc,cpu         ] GC(85) User=0.00s Sys=0.00s Real=0.00s
[2026-04-03T01:55:29.952+0600][19.555s][info][gc,marking     ] GC(85) Concurrent Clear Claimed Marks
[2026-04-03T01:55:29.953+0600][19.556s][info][gc,marking     ] GC(85) Concurrent Clear Claimed Marks 0.223ms
[2026-04-03T01:55:29.953+0600][19.556s][info][gc,marking     ] GC(85) Concurrent Cleanup for Next Mark
[2026-04-03T01:55:29.953+0600][19.556s][info][gc,marking     ] GC(85) Concurrent Cleanup for Next Mark 0.505ms
[2026-04-03T01:55:29.953+0600][19.556s][info][gc             ] GC(85) Concurrent Mark Cycle 76.145ms
[2026-04-03T01:55:30.042+0600][19.645s][info][gc,start       ] GC(86) Pause Full (System.gc())
[2026-04-03T01:55:30.042+0600][19.645s][info][gc,task        ] GC(86) Using 8 workers of 10 for full compaction
[2026-04-03T01:55:30.042+0600][19.645s][info][gc,phases,start] GC(86) Phase 1: Mark live objects
[2026-04-03T01:55:30.074+0600][19.678s][info][gc,phases      ] GC(86) Phase 1: Mark live objects 32.223ms
[2026-04-03T01:55:30.074+0600][19.678s][info][gc,phases,start] GC(86) Phase 2: Prepare compaction
[2026-04-03T01:55:30.075+0600][19.678s][info][gc,phases      ] GC(86) Phase 2: Prepare compaction 0.701ms
[2026-04-03T01:55:30.075+0600][19.678s][info][gc,phases,start] GC(86) Phase 3: Adjust pointers
[2026-04-03T01:55:30.085+0600][19.688s][info][gc,phases      ] GC(86) Phase 3: Adjust pointers 9.987ms
[2026-04-03T01:55:30.085+0600][19.688s][info][gc,phases,start] GC(86) Phase 4: Compact heap
[2026-04-03T01:55:30.086+0600][19.689s][info][gc,phases      ] GC(86) Phase 4: Compact heap 0.768ms
[2026-04-03T01:55:30.086+0600][19.689s][info][gc,phases,start] GC(86) Phase 5: Reset Metadata
[2026-04-03T01:55:30.092+0600][19.695s][info][gc,phases      ] GC(86) Phase 5: Reset Metadata 6.022ms
[2026-04-03T01:55:30.098+0600][19.701s][info][gc,heap        ] GC(86) Eden regions: 155->0(222)
[2026-04-03T01:55:30.098+0600][19.701s][info][gc,heap        ] GC(86) Survivor regions: 9->0(26)
[2026-04-03T01:55:30.098+0600][19.701s][info][gc,heap        ] GC(86) Old regions: 111->100
[2026-04-03T01:55:30.098+0600][19.701s][info][gc,heap        ] GC(86) Humongous regions: 22->11
[2026-04-03T01:55:30.098+0600][19.701s][info][gc,metaspace   ] GC(86) Metaspace: 66550K(67456K)->66550K(67456K) NonClass: 58113K(58624K)->58113K(58624K) Class: 8437K(8832K)->8437K(8832K)
[2026-04-03T01:55:30.098+0600][19.702s][info][gc             ] GC(86) Pause Full (System.gc()) 294M->105M(370M) 56.866ms
[2026-04-03T01:55:30.098+0600][19.702s][info][gc,cpu         ] GC(86) User=0.37s Sys=0.02s Real=0.05s
[2026-04-03T01:55:30.122+0600][19.725s][info][gc,start       ] GC(87) Pause Young (Concurrent Start) (G1 Humongous Allocation)
[2026-04-03T01:55:30.122+0600][19.725s][info][gc,task        ] GC(87) Using 8 workers of 10 for evacuation
[2026-04-03T01:55:30.124+0600][19.727s][info][gc,phases      ] GC(87)   Pre Evacuate Collection Set: 0.41ms
[2026-04-03T01:55:30.124+0600][19.727s][info][gc,phases      ] GC(87)   Merge Heap Roots: 0.05ms
[2026-04-03T01:55:30.124+0600][19.727s][info][gc,phases      ] GC(87)   Evacuate Collection Set: 1.08ms
[2026-04-03T01:55:30.124+0600][19.727s][info][gc,phases      ] GC(87)   Post Evacuate Collection Set: 0.52ms
[2026-04-03T01:55:30.124+0600][19.727s][info][gc,phases      ] GC(87)   Other: 0.21ms
[2026-04-03T01:55:30.124+0600][19.727s][info][gc,heap        ] GC(87) Eden regions: 10->0(220)
[2026-04-03T01:55:30.124+0600][19.727s][info][gc,heap        ] GC(87) Survivor regions: 0->2(28)
[2026-04-03T01:55:30.124+0600][19.727s][info][gc,heap        ] GC(87) Old regions: 100->100
[2026-04-03T01:55:30.124+0600][19.727s][info][gc,heap        ] GC(87) Humongous regions: 11->11
[2026-04-03T01:55:30.124+0600][19.727s][info][gc,metaspace   ] GC(87) Metaspace: 66572K(67456K)->66572K(67456K) NonClass: 58134K(58624K)->58134K(58624K) Class: 8437K(8832K)->8437K(8832K)
[2026-04-03T01:55:30.124+0600][19.727s][info][gc             ] GC(87) Pause Young (Concurrent Start) (G1 Humongous Allocation) 115M->106M(370M) 2.562ms
[2026-04-03T01:55:30.124+0600][19.727s][info][gc,cpu         ] GC(87) User=0.01s Sys=0.00s Real=0.00s
[2026-04-03T01:55:30.124+0600][19.727s][info][gc             ] GC(88) Concurrent Mark Cycle
[2026-04-03T01:55:30.124+0600][19.727s][info][gc,marking     ] GC(88) Concurrent Scan Root Regions
[2026-04-03T01:55:30.126+0600][19.729s][info][gc,marking     ] GC(88) Concurrent Scan Root Regions 1.481ms
[2026-04-03T01:55:30.126+0600][19.729s][info][gc,marking     ] GC(88) Concurrent Mark
[2026-04-03T01:55:30.126+0600][19.729s][info][gc,marking     ] GC(88) Concurrent Mark From Roots
[2026-04-03T01:55:30.126+0600][19.729s][info][gc,task        ] GC(88) Using 3 workers of 3 for marking
[2026-04-03T01:55:30.198+0600][19.801s][info][gc,marking     ] GC(88) Concurrent Mark From Roots 72.315ms
[2026-04-03T01:55:30.198+0600][19.801s][info][gc,marking     ] GC(88) Concurrent Preclean
[2026-04-03T01:55:30.199+0600][19.802s][info][gc,marking     ] GC(88) Concurrent Preclean 0.176ms
[2026-04-03T01:55:30.199+0600][19.802s][info][gc,start       ] GC(88) Pause Remark
[2026-04-03T01:55:30.203+0600][19.806s][info][gc             ] GC(88) Pause Remark 121M->121M(370M) 3.859ms
[2026-04-03T01:55:30.203+0600][19.806s][info][gc,cpu         ] GC(88) User=0.03s Sys=0.00s Real=0.01s
[2026-04-03T01:55:30.203+0600][19.806s][info][gc,marking     ] GC(88) Concurrent Mark 77.032ms
[2026-04-03T01:55:30.203+0600][19.806s][info][gc,marking     ] GC(88) Concurrent Rebuild Remembered Sets and Scrub Regions
[2026-04-03T01:55:30.231+0600][19.834s][info][gc,marking     ] GC(88) Concurrent Rebuild Remembered Sets and Scrub Regions 28.224ms
[2026-04-03T01:55:30.232+0600][19.835s][info][gc,start       ] GC(88) Pause Cleanup
[2026-04-03T01:55:30.232+0600][19.835s][info][gc             ] GC(88) Pause Cleanup 128M->128M(370M) 0.279ms
[2026-04-03T01:55:30.232+0600][19.835s][info][gc,cpu         ] GC(88) User=0.00s Sys=0.00s Real=0.00s
[2026-04-03T01:55:30.232+0600][19.835s][info][gc,marking     ] GC(88) Concurrent Clear Claimed Marks
[2026-04-03T01:55:30.232+0600][19.835s][info][gc,marking     ] GC(88) Concurrent Clear Claimed Marks 0.200ms
[2026-04-03T01:55:30.232+0600][19.835s][info][gc,marking     ] GC(88) Concurrent Cleanup for Next Mark
[2026-04-03T01:55:30.233+0600][19.836s][info][gc,marking     ] GC(88) Concurrent Cleanup for Next Mark 0.484ms
[2026-04-03T01:55:30.233+0600][19.836s][info][gc             ] GC(88) Concurrent Mark Cycle 108.537ms
[2026-04-03T01:55:30.371+0600][19.974s][info][gc,start       ] GC(89) Pause Young (Prepare Mixed) (G1 Evacuation Pause)
[2026-04-03T01:55:30.371+0600][19.974s][info][gc,task        ] GC(89) Using 8 workers of 10 for evacuation
[2026-04-03T01:55:30.378+0600][19.981s][info][gc,phases      ] GC(89)   Pre Evacuate Collection Set: 0.39ms
[2026-04-03T01:55:30.378+0600][19.981s][info][gc,phases      ] GC(89)   Merge Heap Roots: 0.25ms
[2026-04-03T01:55:30.378+0600][19.981s][info][gc,phases      ] GC(89)   Evacuate Collection Set: 5.66ms
[2026-04-03T01:55:30.378+0600][19.981s][info][gc,phases      ] GC(89)   Post Evacuate Collection Set: 0.73ms
[2026-04-03T01:55:30.378+0600][19.981s][info][gc,phases      ] GC(89)   Other: 0.14ms
[2026-04-03T01:55:30.378+0600][19.981s][info][gc,heap        ] GC(89) Eden regions: 220->0(211)
[2026-04-03T01:55:30.378+0600][19.981s][info][gc,heap        ] GC(89) Survivor regions: 2->11(28)
[2026-04-03T01:55:30.378+0600][19.981s][info][gc,heap        ] GC(89) Old regions: 100->100
[2026-04-03T01:55:30.378+0600][19.981s][info][gc,heap        ] GC(89) Humongous regions: 24->12
[2026-04-03T01:55:30.378+0600][19.981s][info][gc,metaspace   ] GC(89) Metaspace: 66609K(67520K)->66609K(67520K) NonClass: 58171K(58688K)->58171K(58688K) Class: 8437K(8832K)->8437K(8832K)
[2026-04-03T01:55:30.378+0600][19.981s][info][gc             ] GC(89) Pause Young (Prepare Mixed) (G1 Evacuation Pause) 339M->116M(370M) 7.447ms
[2026-04-03T01:55:30.378+0600][19.981s][info][gc,cpu         ] GC(89) User=0.07s Sys=0.00s Real=0.00s
[2026-04-03T01:55:30.473+0600][20.076s][info][gc,start       ] GC(90) Pause Young (Mixed) (G1 Evacuation Pause)
[2026-04-03T01:55:30.473+0600][20.076s][info][gc,task        ] GC(90) Using 8 workers of 10 for evacuation
[2026-04-03T01:55:30.485+0600][20.088s][info][gc,phases      ] GC(90)   Pre Evacuate Collection Set: 0.36ms
[2026-04-03T01:55:30.485+0600][20.088s][info][gc,phases      ] GC(90)   Merge Heap Roots: 0.14ms
[2026-04-03T01:55:30.485+0600][20.088s][info][gc,phases      ] GC(90)   Evacuate Collection Set: 10.18ms
[2026-04-03T01:55:30.485+0600][20.088s][info][gc,phases      ] GC(90)   Post Evacuate Collection Set: 0.87ms
[2026-04-03T01:55:30.485+0600][20.088s][info][gc,phases      ] GC(90)   Other: 0.10ms
[2026-04-03T01:55:30.485+0600][20.088s][info][gc,heap        ] GC(90) Eden regions: 211->0(202)
[2026-04-03T01:55:30.485+0600][20.088s][info][gc,heap        ] GC(90) Survivor regions: 11->20(28)
[2026-04-03T01:55:30.485+0600][20.088s][info][gc,heap        ] GC(90) Old regions: 100->100
[2026-04-03T01:55:30.485+0600][20.088s][info][gc,heap        ] GC(90) Humongous regions: 14->14
[2026-04-03T01:55:30.485+0600][20.088s][info][gc,metaspace   ] GC(90) Metaspace: 66615K(67520K)->66615K(67520K) NonClass: 58177K(58688K)->58177K(58688K) Class: 8437K(8832K)->8437K(8832K)
[2026-04-03T01:55:30.485+0600][20.088s][info][gc             ] GC(90) Pause Young (Mixed) (G1 Evacuation Pause) 329M->128M(370M) 11.956ms
[2026-04-03T01:55:30.485+0600][20.088s][info][gc,cpu         ] GC(90) User=0.10s Sys=0.00s Real=0.01s
[2026-04-03T01:55:30.552+0600][20.155s][info][gc,start       ] GC(91) Pause Young (Concurrent Start) (G1 Humongous Allocation)
[2026-04-03T01:55:30.552+0600][20.156s][info][gc,task        ] GC(91) Using 8 workers of 10 for evacuation
[2026-04-03T01:55:30.574+0600][20.178s][info][gc,phases      ] GC(91)   Pre Evacuate Collection Set: 0.45ms
[2026-04-03T01:55:30.575+0600][20.178s][info][gc,phases      ] GC(91)   Merge Heap Roots: 0.15ms
[2026-04-03T01:55:30.575+0600][20.178s][info][gc,phases      ] GC(91)   Evacuate Collection Set: 20.57ms
[2026-04-03T01:55:30.575+0600][20.178s][info][gc,phases      ] GC(91)   Post Evacuate Collection Set: 0.58ms
[2026-04-03T01:55:30.575+0600][20.178s][info][gc,phases      ] GC(91)   Other: 0.28ms
[2026-04-03T01:55:30.575+0600][20.178s][info][gc,heap        ] GC(91) Eden regions: 132->0(205)
[2026-04-03T01:55:30.575+0600][20.178s][info][gc,heap        ] GC(91) Survivor regions: 20->17(28)
[2026-04-03T01:55:30.575+0600][20.178s][info][gc,heap        ] GC(91) Old regions: 100->109
[2026-04-03T01:55:30.575+0600][20.178s][info][gc,heap        ] GC(91) Humongous regions: 14->14
[2026-04-03T01:55:30.575+0600][20.178s][info][gc,metaspace   ] GC(91) Metaspace: 66615K(67520K)->66615K(67520K) NonClass: 58177K(58688K)->58177K(58688K) Class: 8437K(8832K)->8437K(8832K)
[2026-04-03T01:55:30.575+0600][20.178s][info][gc             ] GC(91) Pause Young (Concurrent Start) (G1 Humongous Allocation) 260M->135M(370M) 22.343ms
[2026-04-03T01:55:30.575+0600][20.178s][info][gc,cpu         ] GC(91) User=0.21s Sys=0.00s Real=0.02s
[2026-04-03T01:55:30.575+0600][20.178s][info][gc             ] GC(92) Concurrent Mark Cycle
[2026-04-03T01:55:30.575+0600][20.178s][info][gc,marking     ] GC(92) Concurrent Scan Root Regions
[2026-04-03T01:55:30.581+0600][20.184s][info][gc,marking     ] GC(92) Concurrent Scan Root Regions 6.396ms
[2026-04-03T01:55:30.581+0600][20.184s][info][gc,marking     ] GC(92) Concurrent Mark
[2026-04-03T01:55:30.581+0600][20.185s][info][gc,marking     ] GC(92) Concurrent Mark From Roots
[2026-04-03T01:55:30.581+0600][20.185s][info][gc,task        ] GC(92) Using 3 workers of 3 for marking
[2026-04-03T01:55:30.653+0600][20.256s][info][gc,marking     ] GC(92) Concurrent Mark From Roots 71.116ms
[2026-04-03T01:55:30.653+0600][20.256s][info][gc,marking     ] GC(92) Concurrent Preclean
[2026-04-03T01:55:30.653+0600][20.256s][info][gc,marking     ] GC(92) Concurrent Preclean 0.171ms
[2026-04-03T01:55:30.653+0600][20.256s][info][gc,start       ] GC(92) Pause Remark
[2026-04-03T01:55:30.656+0600][20.260s][info][gc             ] GC(92) Pause Remark 246M->245M(370M) 3.467ms
[2026-04-03T01:55:30.657+0600][20.260s][info][gc,cpu         ] GC(92) User=0.02s Sys=0.00s Real=0.00s
[2026-04-03T01:55:30.657+0600][20.260s][info][gc,marking     ] GC(92) Concurrent Mark 75.316ms
[2026-04-03T01:55:30.657+0600][20.260s][info][gc,marking     ] GC(92) Concurrent Rebuild Remembered Sets and Scrub Regions
[2026-04-03T01:55:30.687+0600][20.290s][info][gc,marking     ] GC(92) Concurrent Rebuild Remembered Sets and Scrub Regions 29.832ms
[2026-04-03T01:55:30.687+0600][20.290s][info][gc,start       ] GC(92) Pause Cleanup
[2026-04-03T01:55:30.687+0600][20.290s][info][gc             ] GC(92) Pause Cleanup 297M->297M(370M) 0.282ms
[2026-04-03T01:55:30.687+0600][20.290s][info][gc,cpu         ] GC(92) User=0.01s Sys=0.00s Real=0.00s
[2026-04-03T01:55:30.687+0600][20.290s][info][gc,marking     ] GC(92) Concurrent Clear Claimed Marks
[2026-04-03T01:55:30.688+0600][20.291s][info][gc,marking     ] GC(92) Concurrent Clear Claimed Marks 0.194ms
[2026-04-03T01:55:30.688+0600][20.291s][info][gc,marking     ] GC(92) Concurrent Cleanup for Next Mark
[2026-04-03T01:55:30.688+0600][20.291s][info][gc,marking     ] GC(92) Concurrent Cleanup for Next Mark 0.559ms
[2026-04-03T01:55:30.688+0600][20.291s][info][gc             ] GC(92) Concurrent Mark Cycle 113.398ms
[2026-04-03T01:55:30.708+0600][20.311s][info][gc,start       ] GC(93) Pause Young (Prepare Mixed) (G1 Evacuation Pause)
[2026-04-03T01:55:30.708+0600][20.311s][info][gc,task        ] GC(93) Using 8 workers of 10 for evacuation
[2026-04-03T01:55:30.720+0600][20.323s][info][gc,phases      ] GC(93)   Pre Evacuate Collection Set: 0.28ms
[2026-04-03T01:55:30.720+0600][20.324s][info][gc,phases      ] GC(93)   Merge Heap Roots: 0.13ms
[2026-04-03T01:55:30.720+0600][20.324s][info][gc,phases      ] GC(93)   Evacuate Collection Set: 11.46ms
[2026-04-03T01:55:30.720+0600][20.324s][info][gc,phases      ] GC(93)   Post Evacuate Collection Set: 0.42ms
[2026-04-03T01:55:30.720+0600][20.324s][info][gc,phases      ] GC(93)   Other: 0.10ms
[2026-04-03T01:55:30.721+0600][20.324s][info][gc,heap        ] GC(93) Eden regions: 205->0(201)
[2026-04-03T01:55:30.721+0600][20.324s][info][gc,heap        ] GC(93) Survivor regions: 17->18(28)
[2026-04-03T01:55:30.721+0600][20.324s][info][gc,heap        ] GC(93) Old regions: 109->119
[2026-04-03T01:55:30.721+0600][20.324s][info][gc,heap        ] GC(93) Humongous regions: 16->16
[2026-04-03T01:55:30.721+0600][20.324s][info][gc,metaspace   ] GC(93) Metaspace: 66615K(67520K)->66615K(67520K) NonClass: 58177K(58688K)->58177K(58688K) Class: 8437K(8832K)->8437K(8832K)
[2026-04-03T01:55:30.721+0600][20.324s][info][gc             ] GC(93) Pause Young (Prepare Mixed) (G1 Evacuation Pause) 342M->147M(375M) 12.634ms
[2026-04-03T01:55:30.721+0600][20.324s][info][gc,cpu         ] GC(93) User=0.08s Sys=0.01s Real=0.02s
[2026-04-03T01:55:30.814+0600][20.417s][info][gc,start       ] GC(94) Pause Young (Mixed) (G1 Evacuation Pause)
[2026-04-03T01:55:30.814+0600][20.417s][info][gc,task        ] GC(94) Using 9 workers of 10 for evacuation
[2026-04-03T01:55:30.823+0600][20.426s][info][gc,phases      ] GC(94)   Pre Evacuate Collection Set: 0.38ms
[2026-04-03T01:55:30.823+0600][20.426s][info][gc,phases      ] GC(94)   Merge Heap Roots: 0.14ms
[2026-04-03T01:55:30.823+0600][20.426s][info][gc,phases      ] GC(94)   Evacuate Collection Set: 7.66ms
[2026-04-03T01:55:30.823+0600][20.426s][info][gc,phases      ] GC(94)   Post Evacuate Collection Set: 0.97ms
[2026-04-03T01:55:30.823+0600][20.426s][info][gc,phases      ] GC(94)   Other: 0.12ms
[2026-04-03T01:55:30.823+0600][20.426s][info][gc,heap        ] GC(94) Eden regions: 201->0(223)
[2026-04-03T01:55:30.823+0600][20.426s][info][gc,heap        ] GC(94) Survivor regions: 18->17(28)
[2026-04-03T01:55:30.823+0600][20.426s][info][gc,heap        ] GC(94) Old regions: 119->125
[2026-04-03T01:55:30.823+0600][20.426s][info][gc,heap        ] GC(94) Humongous regions: 16->16
[2026-04-03T01:55:30.823+0600][20.426s][info][gc,metaspace   ] GC(94) Metaspace: 66615K(67520K)->66615K(67520K) NonClass: 58177K(58688K)->58177K(58688K) Class: 8437K(8832K)->8437K(8832K)
[2026-04-03T01:55:30.823+0600][20.426s][info][gc             ] GC(94) Pause Young (Mixed) (G1 Evacuation Pause) 348M->153M(403M) 9.564ms
[2026-04-03T01:55:30.823+0600][20.426s][info][gc,cpu         ] GC(94) User=0.07s Sys=0.00s Real=0.01s
[2026-04-03T01:55:30.951+0600][20.555s][info][gc,start       ] GC(95) Pause Young (Concurrent Start) (G1 Evacuation Pause)
[2026-04-03T01:55:30.952+0600][20.555s][info][gc,task        ] GC(95) Using 9 workers of 10 for evacuation
[2026-04-03T01:55:30.958+0600][20.562s][info][gc,phases      ] GC(95)   Pre Evacuate Collection Set: 0.34ms
[2026-04-03T01:55:30.959+0600][20.562s][info][gc,phases      ] GC(95)   Merge Heap Roots: 0.19ms
[2026-04-03T01:55:30.959+0600][20.562s][info][gc,phases      ] GC(95)   Evacuate Collection Set: 5.45ms
[2026-04-03T01:55:30.959+0600][20.562s][info][gc,phases      ] GC(95)   Post Evacuate Collection Set: 0.69ms
[2026-04-03T01:55:30.959+0600][20.562s][info][gc,phases      ] GC(95)   Other: 0.24ms
[2026-04-03T01:55:30.959+0600][20.562s][info][gc,heap        ] GC(95) Eden regions: 223->0(223)
[2026-04-03T01:55:30.959+0600][20.562s][info][gc,heap        ] GC(95) Survivor regions: 17->8(30)
[2026-04-03T01:55:30.959+0600][20.562s][info][gc,heap        ] GC(95) Old regions: 125->135
[2026-04-03T01:55:30.959+0600][20.562s][info][gc,heap        ] GC(95) Humongous regions: 16->16
[2026-04-03T01:55:30.959+0600][20.562s][info][gc,metaspace   ] GC(95) Metaspace: 66615K(67520K)->66615K(67520K) NonClass: 58177K(58688K)->58177K(58688K) Class: 8437K(8832K)->8437K(8832K)
[2026-04-03T01:55:30.959+0600][20.562s][info][gc             ] GC(95) Pause Young (Concurrent Start) (G1 Evacuation Pause) 376M->154M(403M) 7.225ms
[2026-04-03T01:55:30.959+0600][20.562s][info][gc,cpu         ] GC(95) User=0.06s Sys=0.00s Real=0.00s
[2026-04-03T01:55:30.959+0600][20.562s][info][gc             ] GC(96) Concurrent Mark Cycle
[2026-04-03T01:55:30.959+0600][20.562s][info][gc,marking     ] GC(96) Concurrent Scan Root Regions
[2026-04-03T01:55:30.963+0600][20.566s][info][gc,marking     ] GC(96) Concurrent Scan Root Regions 4.481ms
[2026-04-03T01:55:30.963+0600][20.567s][info][gc,marking     ] GC(96) Concurrent Mark
[2026-04-03T01:55:30.963+0600][20.567s][info][gc,marking     ] GC(96) Concurrent Mark From Roots
[2026-04-03T01:55:30.963+0600][20.567s][info][gc,task        ] GC(96) Using 3 workers of 3 for marking
[2026-04-03T01:55:31.052+0600][20.655s][info][gc,marking     ] GC(96) Concurrent Mark From Roots 88.304ms
[2026-04-03T01:55:31.052+0600][20.655s][info][gc,marking     ] GC(96) Concurrent Preclean
[2026-04-03T01:55:31.052+0600][20.655s][info][gc,marking     ] GC(96) Concurrent Preclean 0.147ms
[2026-04-03T01:55:31.052+0600][20.655s][info][gc,start       ] GC(96) Pause Remark
[2026-04-03T01:55:31.056+0600][20.659s][info][gc             ] GC(96) Pause Remark 260M->258M(403M) 3.631ms
[2026-04-03T01:55:31.056+0600][20.659s][info][gc,cpu         ] GC(96) User=0.02s Sys=0.00s Real=0.00s
[2026-04-03T01:55:31.056+0600][20.659s][info][gc,marking     ] GC(96) Concurrent Mark 92.661ms
[2026-04-03T01:55:31.056+0600][20.659s][info][gc,marking     ] GC(96) Concurrent Rebuild Remembered Sets and Scrub Regions
[2026-04-03T01:55:31.089+0600][20.692s][info][gc,marking     ] GC(96) Concurrent Rebuild Remembered Sets and Scrub Regions 32.394ms
[2026-04-03T01:55:31.089+0600][20.692s][info][gc,start       ] GC(96) Pause Cleanup
[2026-04-03T01:55:31.089+0600][20.692s][info][gc             ] GC(96) Pause Cleanup 282M->282M(403M) 0.315ms
[2026-04-03T01:55:31.089+0600][20.692s][info][gc,cpu         ] GC(96) User=0.00s Sys=0.00s Real=0.00s
[2026-04-03T01:55:31.089+0600][20.692s][info][gc,marking     ] GC(96) Concurrent Clear Claimed Marks
[2026-04-03T01:55:31.090+0600][20.693s][info][gc,marking     ] GC(96) Concurrent Clear Claimed Marks 0.186ms
[2026-04-03T01:55:31.090+0600][20.693s][info][gc,marking     ] GC(96) Concurrent Cleanup for Next Mark
[2026-04-03T01:55:31.090+0600][20.693s][info][gc,marking     ] GC(96) Concurrent Cleanup for Next Mark 0.667ms
[2026-04-03T01:55:31.090+0600][20.693s][info][gc             ] GC(96) Concurrent Mark Cycle 131.491ms
[2026-04-03T01:55:31.176+0600][20.779s][info][gc,start       ] GC(97) Pause Young (Prepare Mixed) (G1 Evacuation Pause)
[2026-04-03T01:55:31.176+0600][20.779s][info][gc,task        ] GC(97) Using 9 workers of 10 for evacuation
[2026-04-03T01:55:31.180+0600][20.783s][info][gc,phases      ] GC(97)   Pre Evacuate Collection Set: 0.28ms
[2026-04-03T01:55:31.180+0600][20.783s][info][gc,phases      ] GC(97)   Merge Heap Roots: 0.17ms
[2026-04-03T01:55:31.180+0600][20.783s][info][gc,phases      ] GC(97)   Evacuate Collection Set: 2.33ms
[2026-04-03T01:55:31.180+0600][20.783s][info][gc,phases      ] GC(97)   Post Evacuate Collection Set: 0.88ms
[2026-04-03T01:55:31.180+0600][20.783s][info][gc,phases      ] GC(97)   Other: 0.11ms
[2026-04-03T01:55:31.180+0600][20.783s][info][gc,heap        ] GC(97) Eden regions: 223->0(227)
[2026-04-03T01:55:31.180+0600][20.783s][info][gc,heap        ] GC(97) Survivor regions: 8->6(29)
[2026-04-03T01:55:31.180+0600][20.783s][info][gc,heap        ] GC(97) Old regions: 135->135
[2026-04-03T01:55:31.180+0600][20.783s][info][gc,heap        ] GC(97) Humongous regions: 16->14
[2026-04-03T01:55:31.180+0600][20.783s][info][gc,metaspace   ] GC(97) Metaspace: 66621K(67520K)->66621K(67520K) NonClass: 58183K(58688K)->58183K(58688K) Class: 8437K(8832K)->8437K(8832K)
[2026-04-03T01:55:31.180+0600][20.783s][info][gc             ] GC(97) Pause Young (Prepare Mixed) (G1 Evacuation Pause) 377M->151M(403M) 4.022ms
[2026-04-03T01:55:31.180+0600][20.783s][info][gc,cpu         ] GC(97) User=0.02s Sys=0.00s Real=0.01s
[2026-04-03T01:55:31.339+0600][20.942s][info][gc,start       ] GC(98) Pause Young (Mixed) (G1 Evacuation Pause)
[2026-04-03T01:55:31.339+0600][20.942s][info][gc,task        ] GC(98) Using 9 workers of 10 for evacuation
[2026-04-03T01:55:31.342+0600][20.945s][info][gc,phases      ] GC(98)   Pre Evacuate Collection Set: 0.30ms
[2026-04-03T01:55:31.342+0600][20.945s][info][gc,phases      ] GC(98)   Merge Heap Roots: 0.14ms
[2026-04-03T01:55:31.342+0600][20.945s][info][gc,phases      ] GC(98)   Evacuate Collection Set: 1.86ms
[2026-04-03T01:55:31.342+0600][20.945s][info][gc,phases      ] GC(98)   Post Evacuate Collection Set: 0.37ms
[2026-04-03T01:55:31.342+0600][20.945s][info][gc,phases      ] GC(98)   Other: 0.09ms
[2026-04-03T01:55:31.342+0600][20.945s][info][gc,heap        ] GC(98) Eden regions: 227->0(228)
[2026-04-03T01:55:31.342+0600][20.945s][info][gc,heap        ] GC(98) Survivor regions: 6->6(30)
[2026-04-03T01:55:31.342+0600][20.945s][info][gc,heap        ] GC(98) Old regions: 135->134
[2026-04-03T01:55:31.342+0600][20.945s][info][gc,heap        ] GC(98) Humongous regions: 14->14
[2026-04-03T01:55:31.342+0600][20.945s][info][gc,metaspace   ] GC(98) Metaspace: 66622K(67520K)->66622K(67520K) NonClass: 58184K(58688K)->58184K(58688K) Class: 8437K(8832K)->8437K(8832K)
[2026-04-03T01:55:31.342+0600][20.945s][info][gc             ] GC(98) Pause Young (Mixed) (G1 Evacuation Pause) 378M->151M(403M) 2.992ms
[2026-04-03T01:55:31.342+0600][20.945s][info][gc,cpu         ] GC(98) User=0.02s Sys=0.00s Real=0.01s
[2026-04-03T01:55:31.514+0600][21.117s][info][gc,start       ] GC(99) Pause Young (Concurrent Start) (G1 Evacuation Pause)
[2026-04-03T01:55:31.514+0600][21.118s][info][gc,task        ] GC(99) Using 9 workers of 10 for evacuation
[2026-04-03T01:55:31.518+0600][21.121s][info][gc,phases      ] GC(99)   Pre Evacuate Collection Set: 0.20ms
[2026-04-03T01:55:31.518+0600][21.121s][info][gc,phases      ] GC(99)   Merge Heap Roots: 0.12ms
[2026-04-03T01:55:31.518+0600][21.121s][info][gc,phases      ] GC(99)   Evacuate Collection Set: 2.32ms
[2026-04-03T01:55:31.518+0600][21.121s][info][gc,phases      ] GC(99)   Post Evacuate Collection Set: 0.47ms
[2026-04-03T01:55:31.518+0600][21.121s][info][gc,phases      ] GC(99)   Other: 0.10ms
[2026-04-03T01:55:31.518+0600][21.121s][info][gc,heap        ] GC(99) Eden regions: 228->0(227)
[2026-04-03T01:55:31.518+0600][21.121s][info][gc,heap        ] GC(99) Survivor regions: 6->7(30)
[2026-04-03T01:55:31.518+0600][21.121s][info][gc,heap        ] GC(99) Old regions: 134->134
[2026-04-03T01:55:31.518+0600][21.121s][info][gc,heap        ] GC(99) Humongous regions: 14->14
[2026-04-03T01:55:31.518+0600][21.121s][info][gc,metaspace   ] GC(99) Metaspace: 66921K(67840K)->66921K(67840K) NonClass: 58428K(58944K)->58428K(58944K) Class: 8493K(8896K)->8493K(8896K)
[2026-04-03T01:55:31.518+0600][21.121s][info][gc             ] GC(99) Pause Young (Concurrent Start) (G1 Evacuation Pause) 379M->151M(403M) 3.427ms
[2026-04-03T01:55:31.518+0600][21.121s][info][gc,cpu         ] GC(99) User=0.02s Sys=0.01s Real=0.00s
[2026-04-03T01:55:31.518+0600][21.121s][info][gc             ] GC(100) Concurrent Mark Cycle
[2026-04-03T01:55:31.518+0600][21.121s][info][gc,marking     ] GC(100) Concurrent Scan Root Regions
[2026-04-03T01:55:31.519+0600][21.122s][info][gc,marking     ] GC(100) Concurrent Scan Root Regions 1.352ms
[2026-04-03T01:55:31.519+0600][21.122s][info][gc,marking     ] GC(100) Concurrent Mark
[2026-04-03T01:55:31.519+0600][21.122s][info][gc,marking     ] GC(100) Concurrent Mark From Roots
[2026-04-03T01:55:31.519+0600][21.122s][info][gc,task        ] GC(100) Using 3 workers of 3 for marking
[2026-04-03T01:55:31.571+0600][21.174s][info][gc,marking     ] GC(100) Concurrent Mark From Roots 51.813ms
[2026-04-03T01:55:31.571+0600][21.174s][info][gc,marking     ] GC(100) Concurrent Preclean
[2026-04-03T01:55:31.571+0600][21.174s][info][gc,marking     ] GC(100) Concurrent Preclean 0.120ms
[2026-04-03T01:55:31.572+0600][21.175s][info][gc,start       ] GC(100) Pause Remark
[2026-04-03T01:55:31.575+0600][21.178s][info][gc             ] GC(100) Pause Remark 209M->182M(403M) 2.935ms
[2026-04-03T01:55:31.575+0600][21.178s][info][gc,cpu         ] GC(100) User=0.02s Sys=0.00s Real=0.00s
[2026-04-03T01:55:31.575+0600][21.178s][info][gc,marking     ] GC(100) Concurrent Mark 55.348ms
[2026-04-03T01:55:31.575+0600][21.178s][info][gc,marking     ] GC(100) Concurrent Rebuild Remembered Sets and Scrub Regions
[2026-04-03T01:55:31.597+0600][21.200s][info][gc,marking     ] GC(100) Concurrent Rebuild Remembered Sets and Scrub Regions 22.482ms
[2026-04-03T01:55:31.598+0600][21.201s][info][gc,start       ] GC(100) Pause Cleanup
[2026-04-03T01:55:31.598+0600][21.201s][info][gc             ] GC(100) Pause Cleanup 207M->207M(403M) 0.260ms
[2026-04-03T01:55:31.598+0600][21.201s][info][gc,cpu         ] GC(100) User=0.00s Sys=0.00s Real=0.00s
[2026-04-03T01:55:31.598+0600][21.201s][info][gc,marking     ] GC(100) Concurrent Clear Claimed Marks
[2026-04-03T01:55:31.598+0600][21.201s][info][gc,marking     ] GC(100) Concurrent Clear Claimed Marks 0.189ms
[2026-04-03T01:55:31.598+0600][21.201s][info][gc,marking     ] GC(100) Concurrent Cleanup for Next Mark
[2026-04-03T01:55:31.599+0600][21.202s][info][gc,marking     ] GC(100) Concurrent Cleanup for Next Mark 0.713ms
[2026-04-03T01:55:31.599+0600][21.202s][info][gc             ] GC(100) Concurrent Mark Cycle 81.112ms
[2026-04-03T01:55:32.360+0600][21.963s][info][gc,heap,exit   ] Heap
[2026-04-03T01:55:32.360+0600][21.963s][info][gc,heap,exit   ]  garbage-first heap   total 412672K, used 326284K [0x00000000e0c00000, 0x0000000100000000)
[2026-04-03T01:55:32.360+0600][21.963s][info][gc,heap,exit   ]   region size 1024K, 184 young (188416K), 7 survivors (7168K)
[2026-04-03T01:55:32.360+0600][21.963s][info][gc,heap,exit   ]  Metaspace       used 67447K, committed 68352K, reserved 1114112K
[2026-04-03T01:55:32.360+0600][21.963s][info][gc,heap,exit   ]   class space    used 8586K, committed 8960K, reserved 1048576K
