[2026-04-03T01:56:39.351+0600][0.004s][info][gc,init] CardTable entry size: 512
[2026-04-03T01:56:39.351+0600][0.004s][info][gc     ] Using G1
[2026-04-03T01:56:39.355+0600][0.007s][info][gc,init] Version: 21.0.10+7-Ubuntu-124.04 (release)
[2026-04-03T01:56:39.355+0600][0.007s][info][gc,init] CPUs: 12 total, 12 available
[2026-04-03T01:56:39.355+0600][0.007s][info][gc,init] Memory: 15683M
[2026-04-03T01:56:39.355+0600][0.007s][info][gc,init] Large Page Support: Disabled
[2026-04-03T01:56:39.355+0600][0.007s][info][gc,init] NUMA Support: Disabled
[2026-04-03T01:56:39.355+0600][0.007s][info][gc,init] Compressed Oops: Enabled (32-bit)
[2026-04-03T01:56:39.355+0600][0.007s][info][gc,init] Heap Region Size: 1M
[2026-04-03T01:56:39.355+0600][0.007s][info][gc,init] Heap Min Capacity: 8M
[2026-04-03T01:56:39.355+0600][0.007s][info][gc,init] Heap Initial Capacity: 246M
[2026-04-03T01:56:39.355+0600][0.007s][info][gc,init] Heap Max Capacity: 750M
[2026-04-03T01:56:39.355+0600][0.007s][info][gc,init] Pre-touch: Disabled
[2026-04-03T01:56:39.355+0600][0.007s][info][gc,init] Parallel Workers: 10
[2026-04-03T01:56:39.355+0600][0.007s][info][gc,init] Concurrent Workers: 3
[2026-04-03T01:56:39.355+0600][0.007s][info][gc,init] Concurrent Refinement Workers: 10
[2026-04-03T01:56:39.355+0600][0.007s][info][gc,init] Periodic GC: Disabled
[2026-04-03T01:56:39.367+0600][0.019s][info][gc,metaspace] CDS archive(s) mapped at: [0x000070bbf7000000-0x000070bbf7c9c000-0x000070bbf7c9c000), size 13221888, SharedBaseAddress: 0x000070bbf7000000, ArchiveRelocationMode: 1.
[2026-04-03T01:56:39.367+0600][0.019s][info][gc,metaspace] Compressed class space mapped at: 0x000070bbf8000000-0x000070bc38000000, reserved size: 1073741824
[2026-04-03T01:56:39.367+0600][0.019s][info][gc,metaspace] Narrow klass base: 0x000070bbf7000000, Narrow klass shift: 0, Narrow klass range: 0x100000000
[2026-04-03T01:56:39.728+0600][0.381s][info][gc,start    ] GC(0) Pause Young (Normal) (G1 Evacuation Pause)
[2026-04-03T01:56:39.730+0600][0.382s][info][gc,task     ] GC(0) Using 5 workers of 10 for evacuation
[2026-04-03T01:56:39.732+0600][0.385s][info][gc,phases   ] GC(0)   Pre Evacuate Collection Set: 0.17ms
[2026-04-03T01:56:39.732+0600][0.385s][info][gc,phases   ] GC(0)   Merge Heap Roots: 0.15ms
[2026-04-03T01:56:39.732+0600][0.385s][info][gc,phases   ] GC(0)   Evacuate Collection Set: 1.93ms
[2026-04-03T01:56:39.732+0600][0.385s][info][gc,phases   ] GC(0)   Post Evacuate Collection Set: 0.29ms
[2026-04-03T01:56:39.732+0600][0.385s][info][gc,phases   ] GC(0)   Other: 1.17ms
[2026-04-03T01:56:39.732+0600][0.385s][info][gc,heap     ] GC(0) Eden regions: 23->0(46)
[2026-04-03T01:56:39.732+0600][0.385s][info][gc,heap     ] GC(0) Survivor regions: 0->3(3)
[2026-04-03T01:56:39.732+0600][0.385s][info][gc,heap     ] GC(0) Old regions: 2->2
[2026-04-03T01:56:39.732+0600][0.385s][info][gc,heap     ] GC(0) Humongous regions: 0->0
[2026-04-03T01:56:39.732+0600][0.385s][info][gc,metaspace] GC(0) Metaspace: 2597K(2752K)->2597K(2752K) NonClass: 2364K(2432K)->2364K(2432K) Class: 233K(320K)->233K(320K)
[2026-04-03T01:56:39.732+0600][0.385s][info][gc          ] GC(0) Pause Young (Normal) (G1 Evacuation Pause) 24M->3M(248M) 4.037ms
[2026-04-03T01:56:39.732+0600][0.385s][info][gc,cpu      ] GC(0) User=0.01s Sys=0.00s Real=0.01s
[2026-04-03T01:56:39.875+0600][0.528s][info][gc,start    ] GC(1) Pause Young (Normal) (G1 Evacuation Pause)
[2026-04-03T01:56:39.875+0600][0.528s][info][gc,task     ] GC(1) Using 5 workers of 10 for evacuation
[2026-04-03T01:56:39.878+0600][0.530s][info][gc,phases   ] GC(1)   Pre Evacuate Collection Set: 0.20ms
[2026-04-03T01:56:39.898+0600][0.551s][info][gc,phases   ] GC(1)   Merge Heap Roots: 0.06ms
[2026-04-03T01:56:39.898+0600][0.551s][info][gc,phases   ] GC(1)   Evacuate Collection Set: 1.55ms
[2026-04-03T01:56:39.898+0600][0.551s][info][gc,phases   ] GC(1)   Post Evacuate Collection Set: 0.33ms
[2026-04-03T01:56:39.899+0600][0.551s][info][gc,phases   ] GC(1)   Other: 0.09ms
[2026-04-03T01:56:39.899+0600][0.551s][info][gc,heap     ] GC(1) Eden regions: 46->0(144)
[2026-04-03T01:56:39.899+0600][0.551s][info][gc,heap     ] GC(1) Survivor regions: 3->3(7)
[2026-04-03T01:56:39.899+0600][0.551s][info][gc,heap     ] GC(1) Old regions: 2->2
[2026-04-03T01:56:39.899+0600][0.551s][info][gc,heap     ] GC(1) Humongous regions: 0->0
[2026-04-03T01:56:39.899+0600][0.551s][info][gc,metaspace] GC(1) Metaspace: 3955K(4096K)->3955K(4096K) NonClass: 3507K(3584K)->3507K(3584K) Class: 448K(512K)->448K(512K)
[2026-04-03T01:56:39.899+0600][0.551s][info][gc          ] GC(1) Pause Young (Normal) (G1 Evacuation Pause) 49M->3M(248M) 23.543ms
[2026-04-03T01:56:39.899+0600][0.551s][info][gc,cpu      ] GC(1) User=0.01s Sys=0.00s Real=0.02s
[2026-04-03T01:56:40.464+0600][1.116s][info][gc,start    ] GC(2) Pause Young (Normal) (G1 Evacuation Pause)
[2026-04-03T01:56:40.464+0600][1.116s][info][gc,task     ] GC(2) Using 5 workers of 10 for evacuation
[2026-04-03T01:56:40.467+0600][1.120s][info][gc,phases   ] GC(2)   Pre Evacuate Collection Set: 0.34ms
[2026-04-03T01:56:40.468+0600][1.120s][info][gc,phases   ] GC(2)   Merge Heap Roots: 0.07ms
[2026-04-03T01:56:40.468+0600][1.120s][info][gc,phases   ] GC(2)   Evacuate Collection Set: 2.63ms
[2026-04-03T01:56:40.468+0600][1.120s][info][gc,phases   ] GC(2)   Post Evacuate Collection Set: 0.46ms
[2026-04-03T01:56:40.468+0600][1.120s][info][gc,phases   ] GC(2)   Other: 0.10ms
[2026-04-03T01:56:40.468+0600][1.120s][info][gc,heap     ] GC(2) Eden regions: 144->0(143)
[2026-04-03T01:56:40.468+0600][1.120s][info][gc,heap     ] GC(2) Survivor regions: 3->4(19)
[2026-04-03T01:56:40.468+0600][1.120s][info][gc,heap     ] GC(2) Old regions: 2->2
[2026-04-03T01:56:40.468+0600][1.120s][info][gc,heap     ] GC(2) Humongous regions: 0->0
[2026-04-03T01:56:40.468+0600][1.120s][info][gc,metaspace] GC(2) Metaspace: 10084K(10304K)->10084K(10304K) NonClass: 8824K(8960K)->8824K(8960K) Class: 1259K(1344K)->1259K(1344K)
[2026-04-03T01:56:40.468+0600][1.120s][info][gc          ] GC(2) Pause Young (Normal) (G1 Evacuation Pause) 147M->4M(248M) 3.842ms
[2026-04-03T01:56:40.468+0600][1.120s][info][gc,cpu      ] GC(2) User=0.01s Sys=0.00s Real=0.00s
[2026-04-03T01:56:43.185+0600][3.838s][info][gc,start    ] GC(3) Pause Young (Normal) (G1 Evacuation Pause)
[2026-04-03T01:56:43.185+0600][3.838s][info][gc,task     ] GC(3) Using 5 workers of 10 for evacuation
[2026-04-03T01:56:43.194+0600][3.846s][info][gc,phases   ] GC(3)   Pre Evacuate Collection Set: 0.28ms
[2026-04-03T01:56:43.194+0600][3.846s][info][gc,phases   ] GC(3)   Merge Heap Roots: 0.11ms
[2026-04-03T01:56:43.194+0600][3.846s][info][gc,phases   ] GC(3)   Evacuate Collection Set: 6.05ms
[2026-04-03T01:56:43.194+0600][3.846s][info][gc,phases   ] GC(3)   Post Evacuate Collection Set: 1.69ms
[2026-04-03T01:56:43.194+0600][3.846s][info][gc,phases   ] GC(3)   Other: 0.09ms
[2026-04-03T01:56:43.194+0600][3.846s][info][gc,heap     ] GC(3) Eden regions: 143->0(133)
[2026-04-03T01:56:43.194+0600][3.846s][info][gc,heap     ] GC(3) Survivor regions: 4->14(19)
[2026-04-03T01:56:43.194+0600][3.846s][info][gc,heap     ] GC(3) Old regions: 2->2
[2026-04-03T01:56:43.194+0600][3.846s][info][gc,heap     ] GC(3) Humongous regions: 7->7
[2026-04-03T01:56:43.194+0600][3.846s][info][gc,metaspace] GC(3) Metaspace: 19342K(19648K)->19342K(19648K) NonClass: 16901K(17088K)->16901K(17088K) Class: 2441K(2560K)->2441K(2560K)
[2026-04-03T01:56:43.194+0600][3.846s][info][gc          ] GC(3) Pause Young (Normal) (G1 Evacuation Pause) 154M->21M(248M) 8.576ms
[2026-04-03T01:56:43.194+0600][3.846s][info][gc,cpu      ] GC(3) User=0.04s Sys=0.01s Real=0.01s
[2026-04-03T01:56:43.307+0600][3.959s][info][gc,start    ] GC(4) Pause Young (Concurrent Start) (Metadata GC Threshold)
[2026-04-03T01:56:43.307+0600][3.959s][info][gc,task     ] GC(4) Using 5 workers of 10 for evacuation
[2026-04-03T01:56:43.312+0600][3.965s][info][gc,phases   ] GC(4)   Pre Evacuate Collection Set: 0.31ms
[2026-04-03T01:56:43.312+0600][3.965s][info][gc,phases   ] GC(4)   Merge Heap Roots: 0.05ms
[2026-04-03T01:56:43.312+0600][3.965s][info][gc,phases   ] GC(4)   Evacuate Collection Set: 3.88ms
[2026-04-03T01:56:43.312+0600][3.965s][info][gc,phases   ] GC(4)   Post Evacuate Collection Set: 0.74ms
[2026-04-03T01:56:43.312+0600][3.965s][info][gc,phases   ] GC(4)   Other: 0.15ms
[2026-04-03T01:56:43.312+0600][3.965s][info][gc,heap     ] GC(4) Eden regions: 3->0(136)
[2026-04-03T01:56:43.312+0600][3.965s][info][gc,heap     ] GC(4) Survivor regions: 14->11(19)
[2026-04-03T01:56:43.312+0600][3.965s][info][gc,heap     ] GC(4) Old regions: 2->6
[2026-04-03T01:56:43.312+0600][3.965s][info][gc,heap     ] GC(4) Humongous regions: 7->7
[2026-04-03T01:56:43.312+0600][3.965s][info][gc,metaspace] GC(4) Metaspace: 21262K(21504K)->21262K(21504K) NonClass: 18626K(18752K)->18626K(18752K) Class: 2635K(2752K)->2635K(2752K)
[2026-04-03T01:56:43.312+0600][3.965s][info][gc          ] GC(4) Pause Young (Concurrent Start) (Metadata GC Threshold) 24M->22M(248M) 5.414ms
[2026-04-03T01:56:43.312+0600][3.965s][info][gc,cpu      ] GC(4) User=0.01s Sys=0.01s Real=0.01s
[2026-04-03T01:56:43.312+0600][3.965s][info][gc          ] GC(5) Concurrent Mark Cycle
[2026-04-03T01:56:43.313+0600][3.965s][info][gc,marking  ] GC(5) Concurrent Scan Root Regions
[2026-04-03T01:56:43.315+0600][3.967s][info][gc,marking  ] GC(5) Concurrent Scan Root Regions 2.578ms
[2026-04-03T01:56:43.315+0600][3.968s][info][gc,marking  ] GC(5) Concurrent Mark
[2026-04-03T01:56:43.315+0600][3.968s][info][gc,marking  ] GC(5) Concurrent Mark From Roots
[2026-04-03T01:56:43.315+0600][3.968s][info][gc,task     ] GC(5) Using 3 workers of 3 for marking
[2026-04-03T01:56:43.318+0600][3.970s][info][gc,marking  ] GC(5) Concurrent Mark From Roots 2.690ms
[2026-04-03T01:56:43.318+0600][3.970s][info][gc,marking  ] GC(5) Concurrent Preclean
[2026-04-03T01:56:43.318+0600][3.970s][info][gc,marking  ] GC(5) Concurrent Preclean 0.017ms
[2026-04-03T01:56:43.318+0600][3.971s][info][gc,start    ] GC(5) Pause Remark
[2026-04-03T01:56:43.321+0600][3.974s][info][gc          ] GC(5) Pause Remark 22M->22M(80M) 3.104ms
[2026-04-03T01:56:43.321+0600][3.974s][info][gc,cpu      ] GC(5) User=0.00s Sys=0.00s Real=0.01s
[2026-04-03T01:56:43.321+0600][3.974s][info][gc,marking  ] GC(5) Concurrent Mark 6.288ms
[2026-04-03T01:56:43.321+0600][3.974s][info][gc,marking  ] GC(5) Concurrent Rebuild Remembered Sets and Scrub Regions
[2026-04-03T01:56:43.323+0600][3.975s][info][gc,marking  ] GC(5) Concurrent Rebuild Remembered Sets and Scrub Regions 1.541ms
[2026-04-03T01:56:43.336+0600][3.988s][info][gc,start    ] GC(5) Pause Cleanup
[2026-04-03T01:56:43.336+0600][3.988s][info][gc          ] GC(5) Pause Cleanup 22M->22M(80M) 0.236ms
[2026-04-03T01:56:43.336+0600][3.988s][info][gc,cpu      ] GC(5) User=0.00s Sys=0.00s Real=0.00s
[2026-04-03T01:56:43.336+0600][3.988s][info][gc,marking  ] GC(5) Concurrent Clear Claimed Marks
[2026-04-03T01:56:43.336+0600][3.989s][info][gc,marking  ] GC(5) Concurrent Clear Claimed Marks 0.048ms
[2026-04-03T01:56:43.336+0600][3.989s][info][gc,marking  ] GC(5) Concurrent Cleanup for Next Mark
[2026-04-03T01:56:43.337+0600][3.989s][info][gc,marking  ] GC(5) Concurrent Cleanup for Next Mark 0.755ms
[2026-04-03T01:56:43.337+0600][3.989s][info][gc          ] GC(5) Concurrent Mark Cycle 24.496ms
[2026-04-03T01:56:44.644+0600][5.296s][info][gc,start    ] GC(6) Pause Young (Prepare Mixed) (G1 Evacuation Pause)
[2026-04-03T01:56:44.644+0600][5.296s][info][gc,task     ] GC(6) Using 3 workers of 10 for evacuation
[2026-04-03T01:56:44.653+0600][5.305s][info][gc,phases   ] GC(6)   Pre Evacuate Collection Set: 0.21ms
[2026-04-03T01:56:44.653+0600][5.305s][info][gc,phases   ] GC(6)   Merge Heap Roots: 0.07ms
[2026-04-03T01:56:44.653+0600][5.305s][info][gc,phases   ] GC(6)   Evacuate Collection Set: 7.51ms
[2026-04-03T01:56:44.653+0600][5.305s][info][gc,phases   ] GC(6)   Post Evacuate Collection Set: 0.98ms
[2026-04-03T01:56:44.653+0600][5.305s][info][gc,phases   ] GC(6)   Other: 0.10ms
[2026-04-03T01:56:44.653+0600][5.305s][info][gc,heap     ] GC(6) Eden regions: 54->0(57)
[2026-04-03T01:56:44.653+0600][5.305s][info][gc,heap     ] GC(6) Survivor regions: 11->3(19)
[2026-04-03T01:56:44.653+0600][5.305s][info][gc,heap     ] GC(6) Old regions: 6->17
[2026-04-03T01:56:44.653+0600][5.305s][info][gc,heap     ] GC(6) Humongous regions: 15->9
[2026-04-03T01:56:44.653+0600][5.305s][info][gc,metaspace] GC(6) Metaspace: 28431K(28800K)->28431K(28800K) NonClass: 24901K(25088K)->24901K(25088K) Class: 3530K(3712K)->3530K(3712K)
[2026-04-03T01:56:44.653+0600][5.305s][info][gc          ] GC(6) Pause Young (Prepare Mixed) (G1 Evacuation Pause) 84M->26M(100M) 9.219ms
[2026-04-03T01:56:44.653+0600][5.305s][info][gc,cpu      ] GC(6) User=0.02s Sys=0.01s Real=0.01s
[2026-04-03T01:56:46.150+0600][6.802s][info][gc,start    ] GC(7) Pause Young (Mixed) (Metadata GC Threshold)
[2026-04-03T01:56:46.150+0600][6.802s][info][gc,task     ] GC(7) Using 2 workers of 10 for evacuation
[2026-04-03T01:56:46.158+0600][6.810s][info][gc,phases   ] GC(7)   Pre Evacuate Collection Set: 0.25ms
[2026-04-03T01:56:46.158+0600][6.810s][info][gc,phases   ] GC(7)   Merge Heap Roots: 0.08ms
[2026-04-03T01:56:46.158+0600][6.810s][info][gc,phases   ] GC(7)   Evacuate Collection Set: 6.87ms
[2026-04-03T01:56:46.158+0600][6.810s][info][gc,phases   ] GC(7)   Post Evacuate Collection Set: 0.56ms
[2026-04-03T01:56:46.158+0600][6.810s][info][gc,phases   ] GC(7)   Other: 0.07ms
[2026-04-03T01:56:46.158+0600][6.810s][info][gc,heap     ] GC(7) Eden regions: 52->0(55)
[2026-04-03T01:56:46.158+0600][6.810s][info][gc,heap     ] GC(7) Survivor regions: 3->5(8)
[2026-04-03T01:56:46.158+0600][6.810s][info][gc,heap     ] GC(7) Old regions: 17->16
[2026-04-03T01:56:46.158+0600][6.810s][info][gc,heap     ] GC(7) Humongous regions: 21->7
[2026-04-03T01:56:46.158+0600][6.810s][info][gc,metaspace] GC(7) Metaspace: 35721K(36096K)->35721K(36096K) NonClass: 31282K(31488K)->31282K(31488K) Class: 4438K(4608K)->4438K(4608K)
[2026-04-03T01:56:46.158+0600][6.810s][info][gc          ] GC(7) Pause Young (Mixed) (Metadata GC Threshold) 90M->26M(100M) 8.056ms
[2026-04-03T01:56:46.158+0600][6.810s][info][gc,cpu      ] GC(7) User=0.02s Sys=0.00s Real=0.00s
[2026-04-03T01:56:46.184+0600][6.836s][info][gc,start    ] GC(8) Pause Young (Concurrent Start) (Metadata GC Threshold)
[2026-04-03T01:56:46.184+0600][6.837s][info][gc,task     ] GC(8) Using 2 workers of 10 for evacuation
[2026-04-03T01:56:46.192+0600][6.844s][info][gc,phases   ] GC(8)   Pre Evacuate Collection Set: 0.24ms
[2026-04-03T01:56:46.192+0600][6.844s][info][gc,phases   ] GC(8)   Merge Heap Roots: 0.22ms
[2026-04-03T01:56:46.192+0600][6.844s][info][gc,phases   ] GC(8)   Evacuate Collection Set: 6.04ms
[2026-04-03T01:56:46.192+0600][6.844s][info][gc,phases   ] GC(8)   Post Evacuate Collection Set: 0.73ms
[2026-04-03T01:56:46.192+0600][6.844s][info][gc,phases   ] GC(8)   Other: 0.21ms
[2026-04-03T01:56:46.192+0600][6.844s][info][gc,heap     ] GC(8) Eden regions: 4->0(55)
[2026-04-03T01:56:46.192+0600][6.844s][info][gc,heap     ] GC(8) Survivor regions: 5->5(8)
[2026-04-03T01:56:46.192+0600][6.844s][info][gc,heap     ] GC(8) Old regions: 16->16
[2026-04-03T01:56:46.192+0600][6.844s][info][gc,heap     ] GC(8) Humongous regions: 7->7
[2026-04-03T01:56:46.192+0600][6.844s][info][gc,metaspace] GC(8) Metaspace: 36082K(36416K)->36082K(36416K) NonClass: 31602K(31808K)->31602K(31808K) Class: 4479K(4608K)->4479K(4608K)
[2026-04-03T01:56:46.192+0600][6.844s][info][gc          ] GC(8) Pause Young (Concurrent Start) (Metadata GC Threshold) 30M->26M(100M) 7.646ms
[2026-04-03T01:56:46.192+0600][6.844s][info][gc,cpu      ] GC(8) User=0.02s Sys=0.00s Real=0.01s
[2026-04-03T01:56:46.192+0600][6.844s][info][gc          ] GC(9) Concurrent Mark Cycle
[2026-04-03T01:56:46.192+0600][6.844s][info][gc,marking  ] GC(9) Concurrent Scan Root Regions
[2026-04-03T01:56:46.194+0600][6.847s][info][gc,marking  ] GC(9) Concurrent Scan Root Regions 2.273ms
[2026-04-03T01:56:46.194+0600][6.847s][info][gc,marking  ] GC(9) Concurrent Mark
[2026-04-03T01:56:46.194+0600][6.847s][info][gc,marking  ] GC(9) Concurrent Mark From Roots
[2026-04-03T01:56:46.194+0600][6.847s][info][gc,task     ] GC(9) Using 3 workers of 3 for marking
[2026-04-03T01:56:46.200+0600][6.853s][info][gc,marking  ] GC(9) Concurrent Mark From Roots 5.948ms
[2026-04-03T01:56:46.200+0600][6.853s][info][gc,marking  ] GC(9) Concurrent Preclean
[2026-04-03T01:56:46.200+0600][6.853s][info][gc,marking  ] GC(9) Concurrent Preclean 0.090ms
[2026-04-03T01:56:46.200+0600][6.853s][info][gc,start    ] GC(9) Pause Remark
[2026-04-03T01:56:46.206+0600][6.859s][info][gc          ] GC(9) Pause Remark 27M->27M(94M) 5.859ms
[2026-04-03T01:56:46.206+0600][6.859s][info][gc,cpu      ] GC(9) User=0.01s Sys=0.00s Real=0.00s
[2026-04-03T01:56:46.206+0600][6.859s][info][gc,marking  ] GC(9) Concurrent Mark 12.301ms
[2026-04-03T01:56:46.207+0600][6.859s][info][gc,marking  ] GC(9) Concurrent Rebuild Remembered Sets and Scrub Regions
[2026-04-03T01:56:46.209+0600][6.861s][info][gc,marking  ] GC(9) Concurrent Rebuild Remembered Sets and Scrub Regions 2.329ms
[2026-04-03T01:56:46.209+0600][6.862s][info][gc,start    ] GC(9) Pause Cleanup
[2026-04-03T01:56:46.209+0600][6.862s][info][gc          ] GC(9) Pause Cleanup 27M->27M(94M) 0.296ms
[2026-04-03T01:56:46.209+0600][6.862s][info][gc,cpu      ] GC(9) User=0.00s Sys=0.00s Real=0.00s
[2026-04-03T01:56:46.210+0600][6.862s][info][gc,marking  ] GC(9) Concurrent Clear Claimed Marks
[2026-04-03T01:56:46.210+0600][6.862s][info][gc,marking  ] GC(9) Concurrent Clear Claimed Marks 0.065ms
[2026-04-03T01:56:46.210+0600][6.862s][info][gc,marking  ] GC(9) Concurrent Cleanup for Next Mark
[2026-04-03T01:56:46.210+0600][6.862s][info][gc,marking  ] GC(9) Concurrent Cleanup for Next Mark 0.244ms
[2026-04-03T01:56:46.210+0600][6.862s][info][gc          ] GC(9) Concurrent Mark Cycle 18.169ms
[2026-04-03T01:56:47.752+0600][8.404s][info][gc,start    ] GC(10) Pause Young (Prepare Mixed) (G1 Evacuation Pause)
[2026-04-03T01:56:47.752+0600][8.404s][info][gc,task     ] GC(10) Using 2 workers of 10 for evacuation
[2026-04-03T01:56:47.764+0600][8.417s][info][gc,phases   ] GC(10)   Pre Evacuate Collection Set: 0.31ms
[2026-04-03T01:56:47.764+0600][8.417s][info][gc,phases   ] GC(10)   Merge Heap Roots: 0.11ms
[2026-04-03T01:56:47.764+0600][8.417s][info][gc,phases   ] GC(10)   Evacuate Collection Set: 11.13ms
[2026-04-03T01:56:47.764+0600][8.417s][info][gc,phases   ] GC(10)   Post Evacuate Collection Set: 0.94ms
[2026-04-03T01:56:47.764+0600][8.417s][info][gc,phases   ] GC(10)   Other: 0.08ms
[2026-04-03T01:56:47.764+0600][8.417s][info][gc,heap     ] GC(10) Eden regions: 53->0(54)
[2026-04-03T01:56:47.764+0600][8.417s][info][gc,heap     ] GC(10) Survivor regions: 5->6(8)
[2026-04-03T01:56:47.764+0600][8.417s][info][gc,heap     ] GC(10) Old regions: 16->16
[2026-04-03T01:56:47.765+0600][8.417s][info][gc,heap     ] GC(10) Humongous regions: 20->8
[2026-04-03T01:56:47.765+0600][8.417s][info][gc,metaspace] GC(10) Metaspace: 42733K(43200K)->42733K(43200K) NonClass: 37429K(37696K)->37429K(37696K) Class: 5303K(5504K)->5303K(5504K)
[2026-04-03T01:56:47.765+0600][8.417s][info][gc          ] GC(10) Pause Young (Prepare Mixed) (G1 Evacuation Pause) 92M->28M(100M) 12.833ms
[2026-04-03T01:56:47.765+0600][8.417s][info][gc,cpu      ] GC(10) User=0.03s Sys=0.00s Real=0.01s
[2026-04-03T01:56:48.236+0600][8.888s][info][gc,start    ] GC(11) Pause Young (Mixed) (G1 Evacuation Pause)
[2026-04-03T01:56:48.236+0600][8.888s][info][gc,task     ] GC(11) Using 2 workers of 10 for evacuation
[2026-04-03T01:56:48.249+0600][8.901s][info][gc,phases   ] GC(11)   Pre Evacuate Collection Set: 0.26ms
[2026-04-03T01:56:48.249+0600][8.901s][info][gc,phases   ] GC(11)   Merge Heap Roots: 0.14ms
[2026-04-03T01:56:48.249+0600][8.901s][info][gc,phases   ] GC(11)   Evacuate Collection Set: 11.53ms
[2026-04-03T01:56:48.249+0600][8.901s][info][gc,phases   ] GC(11)   Post Evacuate Collection Set: 0.74ms
[2026-04-03T01:56:48.249+0600][8.901s][info][gc,phases   ] GC(11)   Other: 0.23ms
[2026-04-03T01:56:48.249+0600][8.901s][info][gc,heap     ] GC(11) Eden regions: 54->0(53)
[2026-04-03T01:56:48.249+0600][8.901s][info][gc,heap     ] GC(11) Survivor regions: 6->7(8)
[2026-04-03T01:56:48.249+0600][8.901s][info][gc,heap     ] GC(11) Old regions: 16->18
[2026-04-03T01:56:48.249+0600][8.901s][info][gc,heap     ] GC(11) Humongous regions: 8->8
[2026-04-03T01:56:48.249+0600][8.901s][info][gc,metaspace] GC(11) Metaspace: 49240K(49728K)->49240K(49728K) NonClass: 43140K(43456K)->43140K(43456K) Class: 6099K(6272K)->6099K(6272K)
[2026-04-03T01:56:48.249+0600][8.901s][info][gc          ] GC(11) Pause Young (Mixed) (G1 Evacuation Pause) 82M->32M(100M) 13.182ms
[2026-04-03T01:56:48.249+0600][8.901s][info][gc,cpu      ] GC(11) User=0.04s Sys=0.00s Real=0.01s
[2026-04-03T01:56:48.356+0600][9.009s][info][gc,start    ] GC(12) Pause Young (Normal) (G1 Evacuation Pause)
[2026-04-03T01:56:48.356+0600][9.009s][info][gc,task     ] GC(12) Using 2 workers of 10 for evacuation
[2026-04-03T01:56:48.369+0600][9.021s][info][gc,phases   ] GC(12)   Pre Evacuate Collection Set: 0.28ms
[2026-04-03T01:56:48.369+0600][9.021s][info][gc,phases   ] GC(12)   Merge Heap Roots: 0.15ms
[2026-04-03T01:56:48.369+0600][9.021s][info][gc,phases   ] GC(12)   Evacuate Collection Set: 11.07ms
[2026-04-03T01:56:48.369+0600][9.021s][info][gc,phases   ] GC(12)   Post Evacuate Collection Set: 0.72ms
[2026-04-03T01:56:48.369+0600][9.021s][info][gc,phases   ] GC(12)   Other: 0.08ms
[2026-04-03T01:56:48.369+0600][9.021s][info][gc,heap     ] GC(12) Eden regions: 53->0(52)
[2026-04-03T01:56:48.369+0600][9.021s][info][gc,heap     ] GC(12) Survivor regions: 7->8(8)
[2026-04-03T01:56:48.369+0600][9.021s][info][gc,heap     ] GC(12) Old regions: 18->21
[2026-04-03T01:56:48.369+0600][9.021s][info][gc,heap     ] GC(12) Humongous regions: 8->8
[2026-04-03T01:56:48.369+0600][9.021s][info][gc,metaspace] GC(12) Metaspace: 49240K(49728K)->49240K(49728K) NonClass: 43140K(43456K)->43140K(43456K) Class: 6099K(6272K)->6099K(6272K)
[2026-04-03T01:56:48.369+0600][9.021s][info][gc          ] GC(12) Pause Young (Normal) (G1 Evacuation Pause) 85M->36M(100M) 12.584ms
[2026-04-03T01:56:48.369+0600][9.021s][info][gc,cpu      ] GC(12) User=0.03s Sys=0.00s Real=0.01s
[2026-04-03T01:56:48.426+0600][9.079s][info][gc,start    ] GC(13) Pause Young (Normal) (G1 Evacuation Pause)
[2026-04-03T01:56:48.426+0600][9.079s][info][gc,task     ] GC(13) Using 2 workers of 10 for evacuation
[2026-04-03T01:56:48.437+0600][9.089s][info][gc,phases   ] GC(13)   Pre Evacuate Collection Set: 0.38ms
[2026-04-03T01:56:48.437+0600][9.089s][info][gc,phases   ] GC(13)   Merge Heap Roots: 0.20ms
[2026-04-03T01:56:48.437+0600][9.089s][info][gc,phases   ] GC(13)   Evacuate Collection Set: 9.23ms
[2026-04-03T01:56:48.437+0600][9.089s][info][gc,phases   ] GC(13)   Post Evacuate Collection Set: 0.56ms
[2026-04-03T01:56:48.437+0600][9.089s][info][gc,phases   ] GC(13)   Other: 0.06ms
[2026-04-03T01:56:48.437+0600][9.089s][info][gc,heap     ] GC(13) Eden regions: 52->0(50)
[2026-04-03T01:56:48.437+0600][9.089s][info][gc,heap     ] GC(13) Survivor regions: 8->5(8)
[2026-04-03T01:56:48.437+0600][9.089s][info][gc,heap     ] GC(13) Old regions: 21->29
[2026-04-03T01:56:48.437+0600][9.089s][info][gc,heap     ] GC(13) Humongous regions: 8->8
[2026-04-03T01:56:48.437+0600][9.089s][info][gc,metaspace] GC(13) Metaspace: 49240K(49728K)->49240K(49728K) NonClass: 43140K(43456K)->43140K(43456K) Class: 6099K(6272K)->6099K(6272K)
[2026-04-03T01:56:48.437+0600][9.089s][info][gc          ] GC(13) Pause Young (Normal) (G1 Evacuation Pause) 88M->41M(102M) 10.615ms
[2026-04-03T01:56:48.437+0600][9.089s][info][gc,cpu      ] GC(13) User=0.02s Sys=0.00s Real=0.01s
[2026-04-03T01:56:48.489+0600][9.142s][info][gc,start    ] GC(14) Pause Young (Normal) (G1 Evacuation Pause)
[2026-04-03T01:56:48.489+0600][9.142s][info][gc,task     ] GC(14) Using 2 workers of 10 for evacuation
[2026-04-03T01:56:48.498+0600][9.150s][info][gc,phases   ] GC(14)   Pre Evacuate Collection Set: 0.33ms
[2026-04-03T01:56:48.498+0600][9.150s][info][gc,phases   ] GC(14)   Merge Heap Roots: 0.14ms
[2026-04-03T01:56:48.498+0600][9.150s][info][gc,phases   ] GC(14)   Evacuate Collection Set: 6.89ms
[2026-04-03T01:56:48.498+0600][9.150s][info][gc,phases   ] GC(14)   Post Evacuate Collection Set: 0.93ms
[2026-04-03T01:56:48.498+0600][9.150s][info][gc,phases   ] GC(14)   Other: 0.07ms
[2026-04-03T01:56:48.498+0600][9.150s][info][gc,heap     ] GC(14) Eden regions: 50->0(111)
[2026-04-03T01:56:48.498+0600][9.150s][info][gc,heap     ] GC(14) Survivor regions: 5->5(7)
[2026-04-03T01:56:48.498+0600][9.150s][info][gc,heap     ] GC(14) Old regions: 29->34
[2026-04-03T01:56:48.498+0600][9.150s][info][gc,heap     ] GC(14) Humongous regions: 8->8
[2026-04-03T01:56:48.498+0600][9.150s][info][gc,metaspace] GC(14) Metaspace: 49240K(49728K)->49240K(49728K) NonClass: 43140K(43456K)->43140K(43456K) Class: 6099K(6272K)->6099K(6272K)
[2026-04-03T01:56:48.498+0600][9.150s][info][gc          ] GC(14) Pause Young (Normal) (G1 Evacuation Pause) 91M->46M(194M) 8.591ms
[2026-04-03T01:56:48.498+0600][9.150s][info][gc,cpu      ] GC(14) User=0.03s Sys=0.00s Real=0.01s
[2026-04-03T01:56:48.649+0600][9.301s][info][gc,start    ] GC(15) Pause Young (Normal) (G1 Evacuation Pause)
[2026-04-03T01:56:48.649+0600][9.302s][info][gc,task     ] GC(15) Using 4 workers of 10 for evacuation
[2026-04-03T01:56:48.655+0600][9.308s][info][gc,phases   ] GC(15)   Pre Evacuate Collection Set: 0.27ms
[2026-04-03T01:56:48.655+0600][9.308s][info][gc,phases   ] GC(15)   Merge Heap Roots: 0.21ms
[2026-04-03T01:56:48.655+0600][9.308s][info][gc,phases   ] GC(15)   Evacuate Collection Set: 4.99ms
[2026-04-03T01:56:48.655+0600][9.308s][info][gc,phases   ] GC(15)   Post Evacuate Collection Set: 0.60ms
[2026-04-03T01:56:48.655+0600][9.308s][info][gc,phases   ] GC(15)   Other: 0.06ms
[2026-04-03T01:56:48.655+0600][9.308s][info][gc,heap     ] GC(15) Eden regions: 111->0(102)
[2026-04-03T01:56:48.655+0600][9.308s][info][gc,heap     ] GC(15) Survivor regions: 5->14(15)
[2026-04-03T01:56:48.655+0600][9.308s][info][gc,heap     ] GC(15) Old regions: 34->34
[2026-04-03T01:56:48.655+0600][9.308s][info][gc,heap     ] GC(15) Humongous regions: 8->8
[2026-04-03T01:56:48.655+0600][9.308s][info][gc,metaspace] GC(15) Metaspace: 49240K(49728K)->49240K(49728K) NonClass: 43140K(43456K)->43140K(43456K) Class: 6099K(6272K)->6099K(6272K)
[2026-04-03T01:56:48.655+0600][9.308s][info][gc          ] GC(15) Pause Young (Normal) (G1 Evacuation Pause) 157M->55M(194M) 6.329ms
[2026-04-03T01:56:48.655+0600][9.308s][info][gc,cpu      ] GC(15) User=0.02s Sys=0.00s Real=0.01s
[2026-04-03T01:56:48.748+0600][9.401s][info][gc,start    ] GC(16) Pause Young (Normal) (G1 Evacuation Pause)
[2026-04-03T01:56:48.748+0600][9.401s][info][gc,task     ] GC(16) Using 4 workers of 10 for evacuation
[2026-04-03T01:56:48.758+0600][9.410s][info][gc,phases   ] GC(16)   Pre Evacuate Collection Set: 0.22ms
[2026-04-03T01:56:48.758+0600][9.410s][info][gc,phases   ] GC(16)   Merge Heap Roots: 0.22ms
[2026-04-03T01:56:48.758+0600][9.410s][info][gc,phases   ] GC(16)   Evacuate Collection Set: 8.06ms
[2026-04-03T01:56:48.758+0600][9.410s][info][gc,phases   ] GC(16)   Post Evacuate Collection Set: 0.64ms
[2026-04-03T01:56:48.758+0600][9.410s][info][gc,phases   ] GC(16)   Other: 0.06ms
[2026-04-03T01:56:48.758+0600][9.410s][info][gc,heap     ] GC(16) Eden regions: 102->0(106)
[2026-04-03T01:56:48.758+0600][9.410s][info][gc,heap     ] GC(16) Survivor regions: 14->10(15)
[2026-04-03T01:56:48.758+0600][9.410s][info][gc,heap     ] GC(16) Old regions: 34->47
[2026-04-03T01:56:48.758+0600][9.410s][info][gc,heap     ] GC(16) Humongous regions: 8->8
[2026-04-03T01:56:48.758+0600][9.410s][info][gc,metaspace] GC(16) Metaspace: 49240K(49728K)->49240K(49728K) NonClass: 43140K(43456K)->43140K(43456K) Class: 6099K(6272K)->6099K(6272K)
[2026-04-03T01:56:48.758+0600][9.410s][info][gc          ] GC(16) Pause Young (Normal) (G1 Evacuation Pause) 157M->64M(194M) 9.423ms
[2026-04-03T01:56:48.758+0600][9.410s][info][gc,cpu      ] GC(16) User=0.04s Sys=0.00s Real=0.01s
[2026-04-03T01:56:48.860+0600][9.512s][info][gc,start    ] GC(17) Pause Young (Normal) (G1 Evacuation Pause)
[2026-04-03T01:56:48.860+0600][9.512s][info][gc,task     ] GC(17) Using 4 workers of 10 for evacuation
[2026-04-03T01:56:48.867+0600][9.520s][info][gc,phases   ] GC(17)   Pre Evacuate Collection Set: 0.13ms
[2026-04-03T01:56:48.867+0600][9.520s][info][gc,phases   ] GC(17)   Merge Heap Roots: 0.06ms
[2026-04-03T01:56:48.867+0600][9.520s][info][gc,phases   ] GC(17)   Evacuate Collection Set: 6.62ms
[2026-04-03T01:56:48.867+0600][9.520s][info][gc,phases   ] GC(17)   Post Evacuate Collection Set: 0.64ms
[2026-04-03T01:56:48.867+0600][9.520s][info][gc,phases   ] GC(17)   Other: 0.09ms
[2026-04-03T01:56:48.867+0600][9.520s][info][gc,heap     ] GC(17) Eden regions: 106->0(98)
[2026-04-03T01:56:48.867+0600][9.520s][info][gc,heap     ] GC(17) Survivor regions: 10->10(15)
[2026-04-03T01:56:48.867+0600][9.520s][info][gc,heap     ] GC(17) Old regions: 47->57
[2026-04-03T01:56:48.867+0600][9.520s][info][gc,heap     ] GC(17) Humongous regions: 8->8
[2026-04-03T01:56:48.867+0600][9.520s][info][gc,metaspace] GC(17) Metaspace: 49240K(49728K)->49240K(49728K) NonClass: 43140K(43456K)->43140K(43456K) Class: 6099K(6272K)->6099K(6272K)
[2026-04-03T01:56:48.867+0600][9.520s][info][gc          ] GC(17) Pause Young (Normal) (G1 Evacuation Pause) 170M->74M(194M) 7.777ms
[2026-04-03T01:56:48.867+0600][9.520s][info][gc,cpu      ] GC(17) User=0.03s Sys=0.01s Real=0.01s
[2026-04-03T01:56:48.959+0600][9.611s][info][gc,start    ] GC(18) Pause Young (Normal) (G1 Evacuation Pause)
[2026-04-03T01:56:48.959+0600][9.611s][info][gc,task     ] GC(18) Using 4 workers of 10 for evacuation
[2026-04-03T01:56:48.966+0600][9.619s][info][gc,phases   ] GC(18)   Pre Evacuate Collection Set: 0.21ms
[2026-04-03T01:56:48.966+0600][9.619s][info][gc,phases   ] GC(18)   Merge Heap Roots: 0.16ms
[2026-04-03T01:56:48.966+0600][9.619s][info][gc,phases   ] GC(18)   Evacuate Collection Set: 6.31ms
[2026-04-03T01:56:48.966+0600][9.619s][info][gc,phases   ] GC(18)   Post Evacuate Collection Set: 0.59ms
[2026-04-03T01:56:48.966+0600][9.619s][info][gc,phases   ] GC(18)   Other: 0.08ms
[2026-04-03T01:56:48.966+0600][9.619s][info][gc,heap     ] GC(18) Eden regions: 98->0(92)
[2026-04-03T01:56:48.966+0600][9.619s][info][gc,heap     ] GC(18) Survivor regions: 10->9(14)
[2026-04-03T01:56:48.966+0600][9.619s][info][gc,heap     ] GC(18) Old regions: 57->66
[2026-04-03T01:56:48.966+0600][9.619s][info][gc,heap     ] GC(18) Humongous regions: 8->8
[2026-04-03T01:56:48.966+0600][9.619s][info][gc,metaspace] GC(18) Metaspace: 49240K(49728K)->49240K(49728K) NonClass: 43140K(43456K)->43140K(43456K) Class: 6099K(6272K)->6099K(6272K)
[2026-04-03T01:56:48.966+0600][9.619s][info][gc          ] GC(18) Pause Young (Normal) (G1 Evacuation Pause) 172M->82M(194M) 7.597ms
[2026-04-03T01:56:48.966+0600][9.619s][info][gc,cpu      ] GC(18) User=0.02s Sys=0.00s Real=0.01s
[2026-04-03T01:56:49.053+0600][9.705s][info][gc,start    ] GC(19) Pause Young (Normal) (G1 Evacuation Pause)
[2026-04-03T01:56:49.053+0600][9.705s][info][gc,task     ] GC(19) Using 4 workers of 10 for evacuation
[2026-04-03T01:56:49.060+0600][9.713s][info][gc,phases   ] GC(19)   Pre Evacuate Collection Set: 0.25ms
[2026-04-03T01:56:49.060+0600][9.713s][info][gc,phases   ] GC(19)   Merge Heap Roots: 0.16ms
[2026-04-03T01:56:49.060+0600][9.713s][info][gc,phases   ] GC(19)   Evacuate Collection Set: 5.70ms
[2026-04-03T01:56:49.060+0600][9.713s][info][gc,phases   ] GC(19)   Post Evacuate Collection Set: 1.07ms
[2026-04-03T01:56:49.060+0600][9.713s][info][gc,phases   ] GC(19)   Other: 0.07ms
[2026-04-03T01:56:49.060+0600][9.713s][info][gc,heap     ] GC(19) Eden regions: 92->0(149)
[2026-04-03T01:56:49.060+0600][9.713s][info][gc,heap     ] GC(19) Survivor regions: 9->8(13)
[2026-04-03T01:56:49.060+0600][9.713s][info][gc,heap     ] GC(19) Old regions: 66->75
[2026-04-03T01:56:49.060+0600][9.713s][info][gc,heap     ] GC(19) Humongous regions: 8->8
[2026-04-03T01:56:49.060+0600][9.713s][info][gc,metaspace] GC(19) Metaspace: 49240K(49728K)->49240K(49728K) NonClass: 43140K(43456K)->43140K(43456K) Class: 6099K(6272K)->6099K(6272K)
[2026-04-03T01:56:49.060+0600][9.713s][info][gc          ] GC(19) Pause Young (Normal) (G1 Evacuation Pause) 174M->90M(270M) 7.458ms
[2026-04-03T01:56:49.060+0600][9.713s][info][gc,cpu      ] GC(19) User=0.02s Sys=0.00s Real=0.01s
[2026-04-03T01:56:49.239+0600][9.891s][info][gc,start    ] GC(20) Pause Young (Normal) (G1 Evacuation Pause)
[2026-04-03T01:56:49.239+0600][9.891s][info][gc,task     ] GC(20) Using 6 workers of 10 for evacuation
[2026-04-03T01:56:49.246+0600][9.898s][info][gc,phases   ] GC(20)   Pre Evacuate Collection Set: 0.26ms
[2026-04-03T01:56:49.246+0600][9.898s][info][gc,phases   ] GC(20)   Merge Heap Roots: 0.07ms
[2026-04-03T01:56:49.246+0600][9.898s][info][gc,phases   ] GC(20)   Evacuate Collection Set: 5.64ms
[2026-04-03T01:56:49.246+0600][9.898s][info][gc,phases   ] GC(20)   Post Evacuate Collection Set: 0.51ms
[2026-04-03T01:56:49.246+0600][9.898s][info][gc,phases   ] GC(20)   Other: 0.10ms
[2026-04-03T01:56:49.246+0600][9.898s][info][gc,heap     ] GC(20) Eden regions: 149->0(138)
[2026-04-03T01:56:49.246+0600][9.898s][info][gc,heap     ] GC(20) Survivor regions: 8->20(20)
[2026-04-03T01:56:49.246+0600][9.898s][info][gc,heap     ] GC(20) Old regions: 75->76
[2026-04-03T01:56:49.246+0600][9.898s][info][gc,heap     ] GC(20) Humongous regions: 8->8
[2026-04-03T01:56:49.246+0600][9.898s][info][gc,metaspace] GC(20) Metaspace: 49240K(49728K)->49240K(49728K) NonClass: 43140K(43456K)->43140K(43456K) Class: 6099K(6272K)->6099K(6272K)
[2026-04-03T01:56:49.246+0600][9.898s][info][gc          ] GC(20) Pause Young (Normal) (G1 Evacuation Pause) 239M->103M(270M) 6.839ms
[2026-04-03T01:56:49.246+0600][9.898s][info][gc,cpu      ] GC(20) User=0.04s Sys=0.00s Real=0.01s
[2026-04-03T01:56:49.375+0600][10.028s][info][gc,start    ] GC(21) Pause Young (Normal) (G1 Evacuation Pause)
[2026-04-03T01:56:49.375+0600][10.028s][info][gc,task     ] GC(21) Using 6 workers of 10 for evacuation
[2026-04-03T01:56:49.385+0600][10.038s][info][gc,phases   ] GC(21)   Pre Evacuate Collection Set: 0.17ms
[2026-04-03T01:56:49.385+0600][10.038s][info][gc,phases   ] GC(21)   Merge Heap Roots: 0.06ms
[2026-04-03T01:56:49.385+0600][10.038s][info][gc,phases   ] GC(21)   Evacuate Collection Set: 9.34ms
[2026-04-03T01:56:49.385+0600][10.038s][info][gc,phases   ] GC(21)   Post Evacuate Collection Set: 0.40ms
[2026-04-03T01:56:49.385+0600][10.038s][info][gc,phases   ] GC(21)   Other: 0.09ms
[2026-04-03T01:56:49.385+0600][10.038s][info][gc,heap     ] GC(21) Eden regions: 138->0(132)
[2026-04-03T01:56:49.385+0600][10.038s][info][gc,heap     ] GC(21) Survivor regions: 20->13(20)
[2026-04-03T01:56:49.385+0600][10.038s][info][gc,heap     ] GC(21) Old regions: 76->96
[2026-04-03T01:56:49.385+0600][10.038s][info][gc,heap     ] GC(21) Humongous regions: 8->8
[2026-04-03T01:56:49.385+0600][10.038s][info][gc,metaspace] GC(21) Metaspace: 49240K(49728K)->49240K(49728K) NonClass: 43140K(43456K)->43140K(43456K) Class: 6099K(6272K)->6099K(6272K)
[2026-04-03T01:56:49.385+0600][10.038s][info][gc          ] GC(21) Pause Young (Normal) (G1 Evacuation Pause) 241M->117M(275M) 10.323ms
[2026-04-03T01:56:49.386+0600][10.038s][info][gc,cpu      ] GC(21) User=0.05s Sys=0.00s Real=0.01s
[2026-04-03T01:56:49.507+0600][10.159s][info][gc,start    ] GC(22) Pause Young (Normal) (G1 Evacuation Pause)
[2026-04-03T01:56:49.507+0600][10.160s][info][gc,task     ] GC(22) Using 6 workers of 10 for evacuation
[2026-04-03T01:56:49.516+0600][10.169s][info][gc,phases   ] GC(22)   Pre Evacuate Collection Set: 0.51ms
[2026-04-03T01:56:49.517+0600][10.169s][info][gc,phases   ] GC(22)   Merge Heap Roots: 0.22ms
[2026-04-03T01:56:49.517+0600][10.169s][info][gc,phases   ] GC(22)   Evacuate Collection Set: 7.49ms
[2026-04-03T01:56:49.517+0600][10.169s][info][gc,phases   ] GC(22)   Post Evacuate Collection Set: 0.96ms
[2026-04-03T01:56:49.517+0600][10.169s][info][gc,phases   ] GC(22)   Other: 0.09ms
[2026-04-03T01:56:49.517+0600][10.169s][info][gc,heap     ] GC(22) Eden regions: 132->0(121)
[2026-04-03T01:56:49.517+0600][10.169s][info][gc,heap     ] GC(22) Survivor regions: 13->13(19)
[2026-04-03T01:56:49.517+0600][10.169s][info][gc,heap     ] GC(22) Old regions: 96->110
[2026-04-03T01:56:49.517+0600][10.169s][info][gc,heap     ] GC(22) Humongous regions: 8->8
[2026-04-03T01:56:49.517+0600][10.169s][info][gc,metaspace] GC(22) Metaspace: 49240K(49728K)->49240K(49728K) NonClass: 43140K(43456K)->43140K(43456K) Class: 6099K(6272K)->6099K(6272K)
[2026-04-03T01:56:49.517+0600][10.169s][info][gc          ] GC(22) Pause Young (Normal) (G1 Evacuation Pause) 249M->129M(276M) 9.545ms
[2026-04-03T01:56:49.517+0600][10.169s][info][gc,cpu      ] GC(22) User=0.05s Sys=0.00s Real=0.01s
[2026-04-03T01:56:49.866+0600][10.518s][info][gc,start    ] GC(23) Pause Young (Normal) (G1 Evacuation Pause)
[2026-04-03T01:56:49.866+0600][10.518s][info][gc,task     ] GC(23) Using 6 workers of 10 for evacuation
[2026-04-03T01:56:49.873+0600][10.525s][info][gc,phases   ] GC(23)   Pre Evacuate Collection Set: 0.16ms
[2026-04-03T01:56:49.873+0600][10.525s][info][gc,phases   ] GC(23)   Merge Heap Roots: 0.11ms
[2026-04-03T01:56:49.873+0600][10.525s][info][gc,phases   ] GC(23)   Evacuate Collection Set: 6.15ms
[2026-04-03T01:56:49.873+0600][10.525s][info][gc,phases   ] GC(23)   Post Evacuate Collection Set: 0.57ms
[2026-04-03T01:56:49.873+0600][10.526s][info][gc,phases   ] GC(23)   Other: 0.08ms
[2026-04-03T01:56:49.873+0600][10.526s][info][gc,heap     ] GC(23) Eden regions: 121->0(114)
[2026-04-03T01:56:49.873+0600][10.526s][info][gc,heap     ] GC(23) Survivor regions: 13->10(17)
[2026-04-03T01:56:49.873+0600][10.526s][info][gc,heap     ] GC(23) Old regions: 110->122
[2026-04-03T01:56:49.873+0600][10.526s][info][gc,heap     ] GC(23) Humongous regions: 8->8
[2026-04-03T01:56:49.873+0600][10.526s][info][gc,metaspace] GC(23) Metaspace: 50382K(50816K)->50382K(50816K) NonClass: 44108K(44352K)->44108K(44352K) Class: 6274K(6464K)->6274K(6464K)
[2026-04-03T01:56:49.873+0600][10.526s][info][gc          ] GC(23) Pause Young (Normal) (G1 Evacuation Pause) 250M->138M(276M) 7.294ms
[2026-04-03T01:56:49.873+0600][10.526s][info][gc,cpu      ] GC(23) User=0.04s Sys=0.00s Real=0.01s
[2026-04-03T01:56:50.266+0600][10.919s][info][gc,start    ] GC(24) Pause Young (Concurrent Start) (G1 Humongous Allocation)
[2026-04-03T01:56:50.266+0600][10.919s][info][gc,task     ] GC(24) Using 6 workers of 10 for evacuation
[2026-04-03T01:56:50.270+0600][10.923s][info][gc,phases   ] GC(24)   Pre Evacuate Collection Set: 0.28ms
[2026-04-03T01:56:50.270+0600][10.923s][info][gc,phases   ] GC(24)   Merge Heap Roots: 0.09ms
[2026-04-03T01:56:50.270+0600][10.923s][info][gc,phases   ] GC(24)   Evacuate Collection Set: 3.21ms
[2026-04-03T01:56:50.270+0600][10.923s][info][gc,phases   ] GC(24)   Post Evacuate Collection Set: 0.43ms
[2026-04-03T01:56:50.270+0600][10.923s][info][gc,phases   ] GC(24)   Other: 0.11ms
[2026-04-03T01:56:50.271+0600][10.923s][info][gc,heap     ] GC(24) Eden regions: 21->0(115)
[2026-04-03T01:56:50.271+0600][10.923s][info][gc,heap     ] GC(24) Survivor regions: 10->2(16)
[2026-04-03T01:56:50.271+0600][10.923s][info][gc,heap     ] GC(24) Old regions: 122->131
[2026-04-03T01:56:50.271+0600][10.923s][info][gc,heap     ] GC(24) Humongous regions: 8->8
[2026-04-03T01:56:50.271+0600][10.923s][info][gc,metaspace] GC(24) Metaspace: 52667K(53184K)->52667K(53184K) NonClass: 46045K(46336K)->46045K(46336K) Class: 6621K(6848K)->6621K(6848K)
[2026-04-03T01:56:50.271+0600][10.923s][info][gc          ] GC(24) Pause Young (Concurrent Start) (G1 Humongous Allocation) 159M->140M(276M) 4.325ms
[2026-04-03T01:56:50.271+0600][10.923s][info][gc          ] GC(25) Concurrent Mark Cycle
[2026-04-03T01:56:50.271+0600][10.923s][info][gc,cpu      ] GC(24) User=0.02s Sys=0.00s Real=0.01s
[2026-04-03T01:56:50.271+0600][10.923s][info][gc,marking  ] GC(25) Concurrent Scan Root Regions
[2026-04-03T01:56:50.273+0600][10.925s][info][gc,marking  ] GC(25) Concurrent Scan Root Regions 2.373ms
[2026-04-03T01:56:50.273+0600][10.925s][info][gc,marking  ] GC(25) Concurrent Mark
[2026-04-03T01:56:50.273+0600][10.925s][info][gc,marking  ] GC(25) Concurrent Mark From Roots
[2026-04-03T01:56:50.273+0600][10.925s][info][gc,task     ] GC(25) Using 3 workers of 3 for marking
[2026-04-03T01:56:50.287+0600][10.939s][info][gc,marking  ] GC(25) Concurrent Mark From Roots 14.019ms
[2026-04-03T01:56:50.287+0600][10.940s][info][gc,marking  ] GC(25) Concurrent Preclean
[2026-04-03T01:56:50.287+0600][10.940s][info][gc,marking  ] GC(25) Concurrent Preclean 0.137ms
[2026-04-03T01:56:50.287+0600][10.940s][info][gc,start    ] GC(25) Pause Remark
[2026-04-03T01:56:50.292+0600][10.944s][info][gc          ] GC(25) Pause Remark 143M->46M(154M) 4.186ms
[2026-04-03T01:56:50.292+0600][10.944s][info][gc,cpu      ] GC(25) User=0.02s Sys=0.00s Real=0.01s
[2026-04-03T01:56:50.292+0600][10.944s][info][gc,marking  ] GC(25) Concurrent Mark 18.779ms
[2026-04-03T01:56:50.292+0600][10.944s][info][gc,marking  ] GC(25) Concurrent Rebuild Remembered Sets and Scrub Regions
[2026-04-03T01:56:50.300+0600][10.952s][info][gc,marking  ] GC(25) Concurrent Rebuild Remembered Sets and Scrub Regions 8.034ms
[2026-04-03T01:56:50.300+0600][10.953s][info][gc,start    ] GC(25) Pause Cleanup
[2026-04-03T01:56:50.300+0600][10.953s][info][gc          ] GC(25) Pause Cleanup 46M->46M(154M) 0.210ms
[2026-04-03T01:56:50.300+0600][10.953s][info][gc,cpu      ] GC(25) User=0.00s Sys=0.00s Real=0.00s
[2026-04-03T01:56:50.300+0600][10.953s][info][gc,marking  ] GC(25) Concurrent Clear Claimed Marks
[2026-04-03T01:56:50.301+0600][10.953s][info][gc,marking  ] GC(25) Concurrent Clear Claimed Marks 0.074ms
[2026-04-03T01:56:50.301+0600][10.953s][info][gc,marking  ] GC(25) Concurrent Cleanup for Next Mark
[2026-04-03T01:56:50.302+0600][10.954s][info][gc,marking  ] GC(25) Concurrent Cleanup for Next Mark 1.153ms
[2026-04-03T01:56:50.302+0600][10.954s][info][gc          ] GC(25) Concurrent Mark Cycle 31.151ms
[2026-04-03T01:56:51.576+0600][12.229s][info][gc,start    ] GC(26) Pause Full (System.gc())
[2026-04-03T01:56:51.576+0600][12.229s][info][gc,task     ] GC(26) Using 4 workers of 10 for full compaction
[2026-04-03T01:56:51.577+0600][12.229s][info][gc,phases,start] GC(26) Phase 1: Mark live objects
[2026-04-03T01:56:51.588+0600][12.240s][info][gc,phases      ] GC(26) Phase 1: Mark live objects 11.141ms
[2026-04-03T01:56:51.588+0600][12.240s][info][gc,phases,start] GC(26) Phase 2: Prepare compaction
[2026-04-03T01:56:51.589+0600][12.241s][info][gc,phases      ] GC(26) Phase 2: Prepare compaction 1.319ms
[2026-04-03T01:56:51.589+0600][12.242s][info][gc,phases,start] GC(26) Phase 3: Adjust pointers
[2026-04-03T01:56:51.595+0600][12.247s][info][gc,phases      ] GC(26) Phase 3: Adjust pointers 5.387ms
[2026-04-03T01:56:51.595+0600][12.247s][info][gc,phases,start] GC(26) Phase 4: Compact heap
[2026-04-03T01:56:51.596+0600][12.249s][info][gc,phases      ] GC(26) Phase 4: Compact heap 1.620ms
[2026-04-03T01:56:51.596+0600][12.249s][info][gc,phases,start] GC(26) Phase 5: Reset Metadata
[2026-04-03T01:56:51.598+0600][12.250s][info][gc,phases      ] GC(26) Phase 5: Reset Metadata 1.517ms
[2026-04-03T01:56:51.601+0600][12.254s][info][gc,heap        ] GC(26) Eden regions: 19->0(64)
[2026-04-03T01:56:51.601+0600][12.254s][info][gc,heap        ] GC(26) Survivor regions: 2->0(16)
[2026-04-03T01:56:51.601+0600][12.254s][info][gc,heap        ] GC(26) Old regions: 34->24
[2026-04-03T01:56:51.601+0600][12.254s][info][gc,heap        ] GC(26) Humongous regions: 27->8
[2026-04-03T01:56:51.601+0600][12.254s][info][gc,metaspace   ] GC(26) Metaspace: 55274K(55808K)->55274K(55808K) NonClass: 48310K(48640K)->48310K(48640K) Class: 6964K(7168K)->6964K(7168K)
[2026-04-03T01:56:51.601+0600][12.254s][info][gc             ] GC(26) Pause Full (System.gc()) 81M->29M(107M) 25.024ms
[2026-04-03T01:56:51.601+0600][12.254s][info][gc,cpu         ] GC(26) User=0.08s Sys=0.00s Real=0.03s
[2026-04-03T01:56:53.301+0600][13.953s][info][gc,start       ] GC(27) Pause Young (Concurrent Start) (G1 Humongous Allocation)
[2026-04-03T01:56:53.301+0600][13.953s][info][gc,task        ] GC(27) Using 3 workers of 10 for evacuation
[2026-04-03T01:56:53.305+0600][13.958s][info][gc,phases      ] GC(27)   Pre Evacuate Collection Set: 0.24ms
[2026-04-03T01:56:53.305+0600][13.958s][info][gc,phases      ] GC(27)   Merge Heap Roots: 0.08ms
[2026-04-03T01:56:53.305+0600][13.958s][info][gc,phases      ] GC(27)   Evacuate Collection Set: 3.30ms
[2026-04-03T01:56:53.305+0600][13.958s][info][gc,phases      ] GC(27)   Post Evacuate Collection Set: 0.66ms
[2026-04-03T01:56:53.305+0600][13.958s][info][gc,phases      ] GC(27)   Other: 0.24ms
[2026-04-03T01:56:53.305+0600][13.958s][info][gc,heap        ] GC(27) Eden regions: 45->0(58)
[2026-04-03T01:56:53.305+0600][13.958s][info][gc,heap        ] GC(27) Survivor regions: 0->3(8)
[2026-04-03T01:56:53.305+0600][13.958s][info][gc,heap        ] GC(27) Old regions: 24->24
[2026-04-03T01:56:53.305+0600][13.958s][info][gc,heap        ] GC(27) Humongous regions: 25->8
[2026-04-03T01:56:53.305+0600][13.958s][info][gc,metaspace   ] GC(27) Metaspace: 60559K(61248K)->60559K(61248K) NonClass: 52871K(53248K)->52871K(53248K) Class: 7687K(8000K)->7687K(8000K)
[2026-04-03T01:56:53.305+0600][13.958s][info][gc             ] GC(27) Pause Young (Concurrent Start) (G1 Humongous Allocation) 91M->32M(107M) 4.756ms
[2026-04-03T01:56:53.306+0600][13.958s][info][gc,cpu         ] GC(27) User=0.02s Sys=0.00s Real=0.00s
[2026-04-03T01:56:53.306+0600][13.958s][info][gc             ] GC(28) Concurrent Undo Cycle
[2026-04-03T01:56:53.306+0600][13.958s][info][gc,marking     ] GC(28) Concurrent Clear Claimed Marks
[2026-04-03T01:56:53.306+0600][13.958s][info][gc,marking     ] GC(28) Concurrent Clear Claimed Marks 0.093ms
[2026-04-03T01:56:53.306+0600][13.958s][info][gc,marking     ] GC(28) Concurrent Cleanup for Next Mark
[2026-04-03T01:56:53.306+0600][13.958s][info][gc,marking     ] GC(28) Concurrent Cleanup for Next Mark 0.143ms
[2026-04-03T01:56:53.306+0600][13.958s][info][gc             ] GC(28) Concurrent Undo Cycle 0.415ms
[2026-04-03T01:56:53.625+0600][14.277s][info][gc,start       ] GC(29) Pause Young (Normal) (G1 Evacuation Pause)
[2026-04-03T01:56:53.625+0600][14.277s][info][gc,task        ] GC(29) Using 2 workers of 10 for evacuation
[2026-04-03T01:56:53.633+0600][14.286s][info][gc,phases      ] GC(29)   Pre Evacuate Collection Set: 0.25ms
[2026-04-03T01:56:53.633+0600][14.286s][info][gc,phases      ] GC(29)   Merge Heap Roots: 0.16ms
[2026-04-03T01:56:53.633+0600][14.286s][info][gc,phases      ] GC(29)   Evacuate Collection Set: 7.11ms
[2026-04-03T01:56:53.633+0600][14.286s][info][gc,phases      ] GC(29)   Post Evacuate Collection Set: 0.62ms
[2026-04-03T01:56:53.633+0600][14.286s][info][gc,phases      ] GC(29)   Other: 0.07ms
[2026-04-03T01:56:53.633+0600][14.286s][info][gc,heap        ] GC(29) Eden regions: 58->0(57)
[2026-04-03T01:56:53.633+0600][14.286s][info][gc,heap        ] GC(29) Survivor regions: 3->6(8)
[2026-04-03T01:56:53.633+0600][14.286s][info][gc,heap        ] GC(29) Old regions: 24->24
[2026-04-03T01:56:53.633+0600][14.286s][info][gc,heap        ] GC(29) Humongous regions: 10->8
[2026-04-03T01:56:53.633+0600][14.286s][info][gc,metaspace   ] GC(29) Metaspace: 61590K(62272K)->61590K(62272K) NonClass: 53864K(54272K)->53864K(54272K) Class: 7725K(8000K)->7725K(8000K)
[2026-04-03T01:56:53.633+0600][14.286s][info][gc             ] GC(29) Pause Young (Normal) (G1 Evacuation Pause) 92M->35M(107M) 8.480ms
[2026-04-03T01:56:53.633+0600][14.286s][info][gc,cpu         ] GC(29) User=0.02s Sys=0.00s Real=0.01s
[2026-04-03T01:56:53.754+0600][14.407s][info][gc,start       ] GC(30) Pause Young (Normal) (G1 Evacuation Pause)
[2026-04-03T01:56:53.754+0600][14.407s][info][gc,task        ] GC(30) Using 2 workers of 10 for evacuation
[2026-04-03T01:56:53.768+0600][14.420s][info][gc,phases      ] GC(30)   Pre Evacuate Collection Set: 0.34ms
[2026-04-03T01:56:53.768+0600][14.420s][info][gc,phases      ] GC(30)   Merge Heap Roots: 0.11ms
[2026-04-03T01:56:53.768+0600][14.420s][info][gc,phases      ] GC(30)   Evacuate Collection Set: 11.76ms
[2026-04-03T01:56:53.768+0600][14.420s][info][gc,phases      ] GC(30)   Post Evacuate Collection Set: 1.14ms
[2026-04-03T01:56:53.768+0600][14.420s][info][gc,phases      ] GC(30)   Other: 0.08ms
[2026-04-03T01:56:53.768+0600][14.420s][info][gc,heap        ] GC(30) Eden regions: 57->0(89)
[2026-04-03T01:56:53.768+0600][14.420s][info][gc,heap        ] GC(30) Survivor regions: 6->8(8)
[2026-04-03T01:56:53.768+0600][14.420s][info][gc,heap        ] GC(30) Old regions: 24->27
[2026-04-03T01:56:53.768+0600][14.420s][info][gc,heap        ] GC(30) Humongous regions: 9->9
[2026-04-03T01:56:53.768+0600][14.420s][info][gc,metaspace   ] GC(30) Metaspace: 61615K(62336K)->61615K(62336K) NonClass: 53889K(54336K)->53889K(54336K) Class: 7725K(8000K)->7725K(8000K)
[2026-04-03T01:56:53.768+0600][14.420s][info][gc             ] GC(30) Pause Young (Normal) (G1 Evacuation Pause) 93M->41M(162M) 13.739ms
[2026-04-03T01:56:53.768+0600][14.421s][info][gc,cpu         ] GC(30) User=0.04s Sys=0.00s Real=0.01s
[2026-04-03T01:56:53.891+0600][14.544s][info][gc,start       ] GC(31) Pause Young (Normal) (G1 Evacuation Pause)
[2026-04-03T01:56:53.891+0600][14.544s][info][gc,task        ] GC(31) Using 3 workers of 10 for evacuation
[2026-04-03T01:56:53.908+0600][14.560s][info][gc,phases      ] GC(31)   Pre Evacuate Collection Set: 0.22ms
[2026-04-03T01:56:53.908+0600][14.560s][info][gc,phases      ] GC(31)   Merge Heap Roots: 0.09ms
[2026-04-03T01:56:53.908+0600][14.560s][info][gc,phases      ] GC(31)   Evacuate Collection Set: 15.82ms
[2026-04-03T01:56:53.908+0600][14.560s][info][gc,phases      ] GC(31)   Post Evacuate Collection Set: 0.56ms
[2026-04-03T01:56:53.908+0600][14.560s][info][gc,phases      ] GC(31)   Other: 0.07ms
[2026-04-03T01:56:53.908+0600][14.560s][info][gc,heap        ] GC(31) Eden regions: 89->0(84)
[2026-04-03T01:56:53.908+0600][14.560s][info][gc,heap        ] GC(31) Survivor regions: 8->13(13)
[2026-04-03T01:56:53.908+0600][14.560s][info][gc,heap        ] GC(31) Old regions: 27->30
[2026-04-03T01:56:53.908+0600][14.561s][info][gc,heap        ] GC(31) Humongous regions: 11->11
[2026-04-03T01:56:53.908+0600][14.561s][info][gc,metaspace   ] GC(31) Metaspace: 61627K(62336K)->61627K(62336K) NonClass: 53901K(54336K)->53901K(54336K) Class: 7725K(8000K)->7725K(8000K)
[2026-04-03T01:56:53.908+0600][14.561s][info][gc             ] GC(31) Pause Young (Normal) (G1 Evacuation Pause) 132M->51M(162M) 17.027ms
[2026-04-03T01:56:53.908+0600][14.561s][info][gc,cpu         ] GC(31) User=0.06s Sys=0.00s Real=0.01s
[2026-04-03T01:56:53.970+0600][14.622s][info][gc,start       ] GC(32) Pause Young (Normal) (G1 Evacuation Pause)
[2026-04-03T01:56:53.970+0600][14.622s][info][gc,task        ] GC(32) Using 3 workers of 10 for evacuation
[2026-04-03T01:56:53.984+0600][14.637s][info][gc,phases      ] GC(32)   Pre Evacuate Collection Set: 0.26ms
[2026-04-03T01:56:53.984+0600][14.637s][info][gc,phases      ] GC(32)   Merge Heap Roots: 0.16ms
[2026-04-03T01:56:53.984+0600][14.637s][info][gc,phases      ] GC(32)   Evacuate Collection Set: 13.12ms
[2026-04-03T01:56:53.984+0600][14.637s][info][gc,phases      ] GC(32)   Post Evacuate Collection Set: 0.77ms
[2026-04-03T01:56:53.984+0600][14.637s][info][gc,phases      ] GC(32)   Other: 0.07ms
[2026-04-03T01:56:53.984+0600][14.637s][info][gc,heap        ] GC(32) Eden regions: 84->0(81)
[2026-04-03T01:56:53.984+0600][14.637s][info][gc,heap        ] GC(32) Survivor regions: 13->8(13)
[2026-04-03T01:56:53.984+0600][14.637s][info][gc,heap        ] GC(32) Old regions: 30->43
[2026-04-03T01:56:53.985+0600][14.637s][info][gc,heap        ] GC(32) Humongous regions: 11->11
[2026-04-03T01:56:53.985+0600][14.637s][info][gc,metaspace   ] GC(32) Metaspace: 61633K(62336K)->61633K(62336K) NonClass: 53907K(54336K)->53907K(54336K) Class: 7725K(8000K)->7725K(8000K)
[2026-04-03T01:56:53.985+0600][14.637s][info][gc             ] GC(32) Pause Young (Normal) (G1 Evacuation Pause) 135M->58M(162M) 14.644ms
[2026-04-03T01:56:53.985+0600][14.637s][info][gc,cpu         ] GC(32) User=0.04s Sys=0.00s Real=0.01s
[2026-04-03T01:56:54.036+0600][14.689s][info][gc,start       ] GC(33) Pause Young (Normal) (G1 Evacuation Pause)
[2026-04-03T01:56:54.036+0600][14.689s][info][gc,task        ] GC(33) Using 3 workers of 10 for evacuation
[2026-04-03T01:56:54.049+0600][14.701s][info][gc,phases      ] GC(33)   Pre Evacuate Collection Set: 0.35ms
[2026-04-03T01:56:54.049+0600][14.701s][info][gc,phases      ] GC(33)   Merge Heap Roots: 0.15ms
[2026-04-03T01:56:54.049+0600][14.701s][info][gc,phases      ] GC(33)   Evacuate Collection Set: 10.92ms
[2026-04-03T01:56:54.049+0600][14.701s][info][gc,phases      ] GC(33)   Post Evacuate Collection Set: 0.73ms
[2026-04-03T01:56:54.049+0600][14.701s][info][gc,phases      ] GC(33)   Other: 0.07ms
[2026-04-03T01:56:54.049+0600][14.701s][info][gc,heap        ] GC(33) Eden regions: 81->0(73)
[2026-04-03T01:56:54.049+0600][14.701s][info][gc,heap        ] GC(33) Survivor regions: 8->8(12)
[2026-04-03T01:56:54.049+0600][14.701s][info][gc,heap        ] GC(33) Old regions: 43->50
[2026-04-03T01:56:54.049+0600][14.701s][info][gc,heap        ] GC(33) Humongous regions: 14->14
[2026-04-03T01:56:54.049+0600][14.701s][info][gc,metaspace   ] GC(33) Metaspace: 61641K(62336K)->61641K(62336K) NonClass: 53915K(54336K)->53915K(54336K) Class: 7725K(8000K)->7725K(8000K)
[2026-04-03T01:56:54.049+0600][14.701s][info][gc             ] GC(33) Pause Young (Normal) (G1 Evacuation Pause) 142M->69M(162M) 12.493ms
[2026-04-03T01:56:54.049+0600][14.701s][info][gc,cpu         ] GC(33) User=0.03s Sys=0.00s Real=0.01s
[2026-04-03T01:56:54.090+0600][14.743s][info][gc,start       ] GC(34) Pause Young (Normal) (G1 Evacuation Pause)
[2026-04-03T01:56:54.090+0600][14.743s][info][gc,task        ] GC(34) Using 3 workers of 10 for evacuation
[2026-04-03T01:56:54.102+0600][14.754s][info][gc,phases      ] GC(34)   Pre Evacuate Collection Set: 0.26ms
[2026-04-03T01:56:54.102+0600][14.754s][info][gc,phases      ] GC(34)   Merge Heap Roots: 0.09ms
[2026-04-03T01:56:54.102+0600][14.754s][info][gc,phases      ] GC(34)   Evacuate Collection Set: 9.84ms
[2026-04-03T01:56:54.102+0600][14.754s][info][gc,phases      ] GC(34)   Post Evacuate Collection Set: 1.20ms
[2026-04-03T01:56:54.102+0600][14.754s][info][gc,phases      ] GC(34)   Other: 0.06ms
[2026-04-03T01:56:54.102+0600][14.754s][info][gc,heap        ] GC(34) Eden regions: 73->0(161)
[2026-04-03T01:56:54.102+0600][14.754s][info][gc,heap        ] GC(34) Survivor regions: 8->7(11)
[2026-04-03T01:56:54.102+0600][14.754s][info][gc,heap        ] GC(34) Old regions: 50->58
[2026-04-03T01:56:54.102+0600][14.754s][info][gc,heap        ] GC(34) Humongous regions: 14->14
[2026-04-03T01:56:54.102+0600][14.754s][info][gc,metaspace   ] GC(34) Metaspace: 61644K(62336K)->61644K(62336K) NonClass: 53918K(54336K)->53918K(54336K) Class: 7725K(8000K)->7725K(8000K)
[2026-04-03T01:56:54.102+0600][14.754s][info][gc             ] GC(34) Pause Young (Normal) (G1 Evacuation Pause) 142M->76M(281M) 11.666ms
[2026-04-03T01:56:54.102+0600][14.754s][info][gc,cpu         ] GC(34) User=0.02s Sys=0.00s Real=0.01s
[2026-04-03T01:56:54.264+0600][14.916s][info][gc,start       ] GC(35) Pause Young (Normal) (G1 Evacuation Pause)
[2026-04-03T01:56:54.264+0600][14.916s][info][gc,task        ] GC(35) Using 6 workers of 10 for evacuation
[2026-04-03T01:56:54.280+0600][14.933s][info][gc,phases      ] GC(35)   Pre Evacuate Collection Set: 0.22ms
[2026-04-03T01:56:54.280+0600][14.933s][info][gc,phases      ] GC(35)   Merge Heap Roots: 0.11ms
[2026-04-03T01:56:54.280+0600][14.933s][info][gc,phases      ] GC(35)   Evacuate Collection Set: 15.09ms
[2026-04-03T01:56:54.280+0600][14.933s][info][gc,phases      ] GC(35)   Post Evacuate Collection Set: 0.68ms
[2026-04-03T01:56:54.280+0600][14.933s][info][gc,phases      ] GC(35)   Other: 0.14ms
[2026-04-03T01:56:54.280+0600][14.933s][info][gc,heap        ] GC(35) Eden regions: 161->0(147)
[2026-04-03T01:56:54.280+0600][14.933s][info][gc,heap        ] GC(35) Survivor regions: 7->21(21)
[2026-04-03T01:56:54.280+0600][14.933s][info][gc,heap        ] GC(35) Old regions: 58->58
[2026-04-03T01:56:54.280+0600][14.933s][info][gc,heap        ] GC(35) Humongous regions: 19->19
[2026-04-03T01:56:54.280+0600][14.933s][info][gc,metaspace   ] GC(35) Metaspace: 61654K(62336K)->61654K(62336K) NonClass: 53928K(54336K)->53928K(54336K) Class: 7725K(8000K)->7725K(8000K)
[2026-04-03T01:56:54.280+0600][14.933s][info][gc             ] GC(35) Pause Young (Normal) (G1 Evacuation Pause) 242M->95M(281M) 16.479ms
[2026-04-03T01:56:54.280+0600][14.933s][info][gc,cpu         ] GC(35) User=0.09s Sys=0.00s Real=0.02s
[2026-04-03T01:56:54.363+0600][15.016s][info][gc,start       ] GC(36) Pause Young (Normal) (G1 Evacuation Pause)
[2026-04-03T01:56:54.363+0600][15.016s][info][gc,task        ] GC(36) Using 6 workers of 10 for evacuation
[2026-04-03T01:56:54.378+0600][15.030s][info][gc,phases      ] GC(36)   Pre Evacuate Collection Set: 0.36ms
[2026-04-03T01:56:54.378+0600][15.030s][info][gc,phases      ] GC(36)   Merge Heap Roots: 0.14ms
[2026-04-03T01:56:54.378+0600][15.030s][info][gc,phases      ] GC(36)   Evacuate Collection Set: 13.59ms
[2026-04-03T01:56:54.378+0600][15.030s][info][gc,phases      ] GC(36)   Post Evacuate Collection Set: 0.55ms
[2026-04-03T01:56:54.378+0600][15.030s][info][gc,phases      ] GC(36)   Other: 0.09ms
[2026-04-03T01:56:54.378+0600][15.030s][info][gc,heap        ] GC(36) Eden regions: 147->0(137)
[2026-04-03T01:56:54.378+0600][15.030s][info][gc,heap        ] GC(36) Survivor regions: 21->15(21)
[2026-04-03T01:56:54.378+0600][15.030s][info][gc,heap        ] GC(36) Old regions: 58->79
[2026-04-03T01:56:54.378+0600][15.030s][info][gc,heap        ] GC(36) Humongous regions: 19->19
[2026-04-03T01:56:54.378+0600][15.030s][info][gc,metaspace   ] GC(36) Metaspace: 61656K(62336K)->61656K(62336K) NonClass: 53930K(54336K)->53930K(54336K) Class: 7725K(8000K)->7725K(8000K)
[2026-04-03T01:56:54.378+0600][15.031s][info][gc             ] GC(36) Pause Young (Normal) (G1 Evacuation Pause) 242M->109M(281M) 14.977ms
[2026-04-03T01:56:54.378+0600][15.031s][info][gc,cpu         ] GC(36) User=0.08s Sys=0.00s Real=0.01s
[2026-04-03T01:56:54.793+0600][15.445s][info][gc,start       ] GC(37) Pause Young (Normal) (G1 Evacuation Pause)
[2026-04-03T01:56:54.793+0600][15.445s][info][gc,task        ] GC(37) Using 6 workers of 10 for evacuation
[2026-04-03T01:56:54.817+0600][15.469s][info][gc,phases      ] GC(37)   Pre Evacuate Collection Set: 0.32ms
[2026-04-03T01:56:54.817+0600][15.469s][info][gc,phases      ] GC(37)   Merge Heap Roots: 0.15ms
[2026-04-03T01:56:54.817+0600][15.469s][info][gc,phases      ] GC(37)   Evacuate Collection Set: 22.13ms
[2026-04-03T01:56:54.817+0600][15.469s][info][gc,phases      ] GC(37)   Post Evacuate Collection Set: 0.76ms
[2026-04-03T01:56:54.817+0600][15.469s][info][gc,phases      ] GC(37)   Other: 0.12ms
[2026-04-03T01:56:54.817+0600][15.469s][info][gc,heap        ] GC(37) Eden regions: 137->0(131)
[2026-04-03T01:56:54.817+0600][15.469s][info][gc,heap        ] GC(37) Survivor regions: 15->11(19)
[2026-04-03T01:56:54.817+0600][15.469s][info][gc,heap        ] GC(37) Old regions: 79->93
[2026-04-03T01:56:54.817+0600][15.469s][info][gc,heap        ] GC(37) Humongous regions: 29->22
[2026-04-03T01:56:54.817+0600][15.469s][info][gc,metaspace   ] GC(37) Metaspace: 63854K(64704K)->63854K(64704K) NonClass: 55785K(56256K)->55785K(56256K) Class: 8068K(8448K)->8068K(8448K)
[2026-04-03T01:56:54.817+0600][15.469s][info][gc             ] GC(37) Pause Young (Normal) (G1 Evacuation Pause) 256M->123M(285M) 23.809ms
[2026-04-03T01:56:54.817+0600][15.469s][info][gc,cpu         ] GC(37) User=0.15s Sys=0.01s Real=0.02s
[2026-04-03T01:56:54.976+0600][15.629s][info][gc,start       ] GC(38) Pause Young (Normal) (G1 Evacuation Pause)
[2026-04-03T01:56:54.976+0600][15.629s][info][gc,task        ] GC(38) Using 6 workers of 10 for evacuation
[2026-04-03T01:56:54.988+0600][15.641s][info][gc,phases      ] GC(38)   Pre Evacuate Collection Set: 0.26ms
[2026-04-03T01:56:54.988+0600][15.641s][info][gc,phases      ] GC(38)   Merge Heap Roots: 0.12ms
[2026-04-03T01:56:54.988+0600][15.641s][info][gc,phases      ] GC(38)   Evacuate Collection Set: 10.82ms
[2026-04-03T01:56:54.988+0600][15.641s][info][gc,phases      ] GC(38)   Post Evacuate Collection Set: 0.68ms
[2026-04-03T01:56:54.988+0600][15.641s][info][gc,phases      ] GC(38)   Other: 0.14ms
[2026-04-03T01:56:54.988+0600][15.641s][info][gc,heap        ] GC(38) Eden regions: 131->0(124)
[2026-04-03T01:56:54.989+0600][15.641s][info][gc,heap        ] GC(38) Survivor regions: 11->10(18)
[2026-04-03T01:56:54.989+0600][15.641s][info][gc,heap        ] GC(38) Old regions: 93->104
[2026-04-03T01:56:54.989+0600][15.641s][info][gc,heap        ] GC(38) Humongous regions: 23->23
[2026-04-03T01:56:54.989+0600][15.641s][info][gc,metaspace   ] GC(38) Metaspace: 63857K(64704K)->63857K(64704K) NonClass: 55788K(56256K)->55788K(56256K) Class: 8068K(8448K)->8068K(8448K)
[2026-04-03T01:56:54.989+0600][15.641s][info][gc             ] GC(38) Pause Young (Normal) (G1 Evacuation Pause) 255M->133M(285M) 12.398ms
[2026-04-03T01:56:54.989+0600][15.641s][info][gc,cpu         ] GC(38) User=0.08s Sys=0.00s Real=0.01s
[2026-04-03T01:56:55.077+0600][15.730s][info][gc,start       ] GC(39) Pause Young (Normal) (G1 Evacuation Pause)
[2026-04-03T01:56:55.078+0600][15.730s][info][gc,task        ] GC(39) Using 6 workers of 10 for evacuation
[2026-04-03T01:56:55.093+0600][15.745s][info][gc,phases      ] GC(39)   Pre Evacuate Collection Set: 0.30ms
[2026-04-03T01:56:55.093+0600][15.745s][info][gc,phases      ] GC(39)   Merge Heap Roots: 0.10ms
[2026-04-03T01:56:55.093+0600][15.745s][info][gc,phases      ] GC(39)   Evacuate Collection Set: 12.34ms
[2026-04-03T01:56:55.093+0600][15.745s][info][gc,phases      ] GC(39)   Post Evacuate Collection Set: 2.13ms
[2026-04-03T01:56:55.093+0600][15.745s][info][gc,phases      ] GC(39)   Other: 0.13ms
[2026-04-03T01:56:55.093+0600][15.745s][info][gc,heap        ] GC(39) Eden regions: 124->0(194)
[2026-04-03T01:56:55.093+0600][15.745s][info][gc,heap        ] GC(39) Survivor regions: 10->17(17)
[2026-04-03T01:56:55.093+0600][15.745s][info][gc,heap        ] GC(39) Old regions: 104->104
[2026-04-03T01:56:55.093+0600][15.745s][info][gc,heap        ] GC(39) Humongous regions: 25->25
[2026-04-03T01:56:55.093+0600][15.745s][info][gc,metaspace   ] GC(39) Metaspace: 63861K(64704K)->63861K(64704K) NonClass: 55793K(56256K)->55793K(56256K) Class: 8068K(8448K)->8068K(8448K)
[2026-04-03T01:56:55.093+0600][15.745s][info][gc             ] GC(39) Pause Young (Normal) (G1 Evacuation Pause) 259M->143M(374M) 15.395ms
[2026-04-03T01:56:55.093+0600][15.745s][info][gc,cpu         ] GC(39) User=0.09s Sys=0.00s Real=0.02s
[2026-04-03T01:56:55.234+0600][15.886s][info][gc,start       ] GC(40) Pause Young (Normal) (G1 Evacuation Pause)
[2026-04-03T01:56:55.234+0600][15.886s][info][gc,task        ] GC(40) Using 8 workers of 10 for evacuation
[2026-04-03T01:56:55.258+0600][15.911s][info][gc,phases      ] GC(40)   Pre Evacuate Collection Set: 0.35ms
[2026-04-03T01:56:55.258+0600][15.911s][info][gc,phases      ] GC(40)   Merge Heap Roots: 0.22ms
[2026-04-03T01:56:55.258+0600][15.911s][info][gc,phases      ] GC(40)   Evacuate Collection Set: 22.83ms
[2026-04-03T01:56:55.258+0600][15.911s][info][gc,phases      ] GC(40)   Post Evacuate Collection Set: 0.70ms
[2026-04-03T01:56:55.258+0600][15.911s][info][gc,phases      ] GC(40)   Other: 0.21ms
[2026-04-03T01:56:55.258+0600][15.911s][info][gc,heap        ] GC(40) Eden regions: 194->0(184)
[2026-04-03T01:56:55.258+0600][15.911s][info][gc,heap        ] GC(40) Survivor regions: 17->18(27)
[2026-04-03T01:56:55.258+0600][15.911s][info][gc,heap        ] GC(40) Old regions: 104->112
[2026-04-03T01:56:55.258+0600][15.911s][info][gc,heap        ] GC(40) Humongous regions: 28->28
[2026-04-03T01:56:55.258+0600][15.911s][info][gc,metaspace   ] GC(40) Metaspace: 63868K(64704K)->63868K(64704K) NonClass: 55800K(56256K)->55800K(56256K) Class: 8068K(8448K)->8068K(8448K)
[2026-04-03T01:56:55.258+0600][15.911s][info][gc             ] GC(40) Pause Young (Normal) (G1 Evacuation Pause) 340M->155M(374M) 24.764ms
[2026-04-03T01:56:55.258+0600][15.911s][info][gc,cpu         ] GC(40) User=0.21s Sys=0.00s Real=0.02s
[2026-04-03T01:56:55.333+0600][15.986s][info][gc,start       ] GC(41) Pause Young (Normal) (G1 Evacuation Pause)
[2026-04-03T01:56:55.333+0600][15.986s][info][gc,task        ] GC(41) Using 8 workers of 10 for evacuation
[2026-04-03T01:56:55.348+0600][16.001s][info][gc,phases      ] GC(41)   Pre Evacuate Collection Set: 0.23ms
[2026-04-03T01:56:55.348+0600][16.001s][info][gc,phases      ] GC(41)   Merge Heap Roots: 0.15ms
[2026-04-03T01:56:55.348+0600][16.001s][info][gc,phases      ] GC(41)   Evacuate Collection Set: 13.66ms
[2026-04-03T01:56:55.348+0600][16.001s][info][gc,phases      ] GC(41)   Post Evacuate Collection Set: 0.74ms
[2026-04-03T01:56:55.348+0600][16.001s][info][gc,phases      ] GC(41)   Other: 0.15ms
[2026-04-03T01:56:55.348+0600][16.001s][info][gc,heap        ] GC(41) Eden regions: 184->0(179)
[2026-04-03T01:56:55.348+0600][16.001s][info][gc,heap        ] GC(41) Survivor regions: 18->18(26)
[2026-04-03T01:56:55.348+0600][16.001s][info][gc,heap        ] GC(41) Old regions: 112->121
[2026-04-03T01:56:55.349+0600][16.001s][info][gc,heap        ] GC(41) Humongous regions: 28->28
[2026-04-03T01:56:55.349+0600][16.001s][info][gc,metaspace   ] GC(41) Metaspace: 63868K(64704K)->63868K(64704K) NonClass: 55800K(56256K)->55800K(56256K) Class: 8068K(8448K)->8068K(8448K)
[2026-04-03T01:56:55.349+0600][16.001s][info][gc             ] GC(41) Pause Young (Normal) (G1 Evacuation Pause) 339M->164M(374M) 15.303ms
[2026-04-03T01:56:55.349+0600][16.001s][info][gc,cpu         ] GC(41) User=0.14s Sys=0.00s Real=0.01s
[2026-04-03T01:56:55.420+0600][16.072s][info][gc,start       ] GC(42) Pause Young (Normal) (G1 Evacuation Pause)
[2026-04-03T01:56:55.420+0600][16.072s][info][gc,task        ] GC(42) Using 8 workers of 10 for evacuation
[2026-04-03T01:56:55.430+0600][16.083s][info][gc,phases      ] GC(42)   Pre Evacuate Collection Set: 0.29ms
[2026-04-03T01:56:55.430+0600][16.083s][info][gc,phases      ] GC(42)   Merge Heap Roots: 0.09ms
[2026-04-03T01:56:55.430+0600][16.083s][info][gc,phases      ] GC(42)   Evacuate Collection Set: 9.20ms
[2026-04-03T01:56:55.430+0600][16.083s][info][gc,phases      ] GC(42)   Post Evacuate Collection Set: 0.58ms
[2026-04-03T01:56:55.430+0600][16.083s][info][gc,phases      ] GC(42)   Other: 0.12ms
[2026-04-03T01:56:55.430+0600][16.083s][info][gc,heap        ] GC(42) Eden regions: 179->0(175)
[2026-04-03T01:56:55.430+0600][16.083s][info][gc,heap        ] GC(42) Survivor regions: 18->16(25)
[2026-04-03T01:56:55.430+0600][16.083s][info][gc,heap        ] GC(42) Old regions: 121->130
[2026-04-03T01:56:55.430+0600][16.083s][info][gc,heap        ] GC(42) Humongous regions: 28->28
[2026-04-03T01:56:55.430+0600][16.083s][info][gc,metaspace   ] GC(42) Metaspace: 63890K(64704K)->63890K(64704K) NonClass: 55819K(56256K)->55819K(56256K) Class: 8071K(8448K)->8071K(8448K)
[2026-04-03T01:56:55.430+0600][16.083s][info][gc             ] GC(42) Pause Young (Normal) (G1 Evacuation Pause) 343M->171M(374M) 10.596ms
[2026-04-03T01:56:55.430+0600][16.083s][info][gc,cpu         ] GC(42) User=0.09s Sys=0.00s Real=0.01s
[2026-04-03T01:56:55.493+0600][16.146s][info][gc,start       ] GC(43) Pause Young (Normal) (G1 Evacuation Pause)
[2026-04-03T01:56:55.494+0600][16.146s][info][gc,task        ] GC(43) Using 8 workers of 10 for evacuation
[2026-04-03T01:56:55.505+0600][16.157s][info][gc,phases      ] GC(43)   Pre Evacuate Collection Set: 0.43ms
[2026-04-03T01:56:55.505+0600][16.157s][info][gc,phases      ] GC(43)   Merge Heap Roots: 0.20ms
[2026-04-03T01:56:55.505+0600][16.157s][info][gc,phases      ] GC(43)   Evacuate Collection Set: 8.85ms
[2026-04-03T01:56:55.505+0600][16.157s][info][gc,phases      ] GC(43)   Post Evacuate Collection Set: 1.83ms
[2026-04-03T01:56:55.505+0600][16.157s][info][gc,phases      ] GC(43)   Other: 0.10ms
[2026-04-03T01:56:55.505+0600][16.157s][info][gc,heap        ] GC(43) Eden regions: 175->0(230)
[2026-04-03T01:56:55.505+0600][16.157s][info][gc,heap        ] GC(43) Survivor regions: 16->16(24)
[2026-04-03T01:56:55.505+0600][16.157s][info][gc,heap        ] GC(43) Old regions: 130->138
[2026-04-03T01:56:55.505+0600][16.157s][info][gc,heap        ] GC(43) Humongous regions: 28->28
[2026-04-03T01:56:55.505+0600][16.157s][info][gc,metaspace   ] GC(43) Metaspace: 63902K(64704K)->63902K(64704K) NonClass: 55831K(56256K)->55831K(56256K) Class: 8071K(8448K)->8071K(8448K)
[2026-04-03T01:56:55.505+0600][16.158s][info][gc             ] GC(43) Pause Young (Normal) (G1 Evacuation Pause) 346M->179M(441M) 11.669ms
[2026-04-03T01:56:55.505+0600][16.158s][info][gc,cpu         ] GC(43) User=0.08s Sys=0.00s Real=0.01s
[2026-04-03T01:56:55.611+0600][16.263s][info][gc,start       ] GC(44) Pause Young (Normal) (G1 Evacuation Pause)
[2026-04-03T01:56:55.611+0600][16.264s][info][gc,task        ] GC(44) Using 10 workers of 10 for evacuation
[2026-04-03T01:56:55.622+0600][16.274s][info][gc,phases      ] GC(44)   Pre Evacuate Collection Set: 0.29ms
[2026-04-03T01:56:55.622+0600][16.275s][info][gc,phases      ] GC(44)   Merge Heap Roots: 0.15ms
[2026-04-03T01:56:55.622+0600][16.275s][info][gc,phases      ] GC(44)   Evacuate Collection Set: 9.86ms
[2026-04-03T01:56:55.622+0600][16.275s][info][gc,phases      ] GC(44)   Post Evacuate Collection Set: 0.48ms
[2026-04-03T01:56:55.622+0600][16.275s][info][gc,phases      ] GC(44)   Other: 0.14ms
[2026-04-03T01:56:55.622+0600][16.275s][info][gc,heap        ] GC(44) Eden regions: 230->0(218)
[2026-04-03T01:56:55.622+0600][16.275s][info][gc,heap        ] GC(44) Survivor regions: 16->27(31)
[2026-04-03T01:56:55.622+0600][16.275s][info][gc,heap        ] GC(44) Old regions: 138->138
[2026-04-03T01:56:55.622+0600][16.275s][info][gc,heap        ] GC(44) Humongous regions: 33->33
[2026-04-03T01:56:55.622+0600][16.275s][info][gc,metaspace   ] GC(44) Metaspace: 63902K(64704K)->63902K(64704K) NonClass: 55831K(56256K)->55831K(56256K) Class: 8071K(8448K)->8071K(8448K)
[2026-04-03T01:56:55.622+0600][16.275s][info][gc             ] GC(44) Pause Young (Normal) (G1 Evacuation Pause) 414M->195M(444M) 11.252ms
[2026-04-03T01:56:55.622+0600][16.275s][info][gc,cpu         ] GC(44) User=0.11s Sys=0.00s Real=0.01s
[2026-04-03T01:56:55.702+0600][16.354s][info][gc,start       ] GC(45) Pause Young (Normal) (G1 Evacuation Pause)
[2026-04-03T01:56:55.702+0600][16.354s][info][gc,task        ] GC(45) Using 10 workers of 10 for evacuation
[2026-04-03T01:56:55.716+0600][16.368s][info][gc,phases      ] GC(45)   Pre Evacuate Collection Set: 0.22ms
[2026-04-03T01:56:55.716+0600][16.368s][info][gc,phases      ] GC(45)   Merge Heap Roots: 0.20ms
[2026-04-03T01:56:55.716+0600][16.368s][info][gc,phases      ] GC(45)   Evacuate Collection Set: 13.16ms
[2026-04-03T01:56:55.716+0600][16.368s][info][gc,phases      ] GC(45)   Post Evacuate Collection Set: 0.48ms
[2026-04-03T01:56:55.716+0600][16.368s][info][gc,phases      ] GC(45)   Other: 0.11ms
[2026-04-03T01:56:55.716+0600][16.368s][info][gc,heap        ] GC(45) Eden regions: 218->0(218)
[2026-04-03T01:56:55.716+0600][16.368s][info][gc,heap        ] GC(45) Survivor regions: 27->22(31)
[2026-04-03T01:56:55.716+0600][16.368s][info][gc,heap        ] GC(45) Old regions: 138->154
[2026-04-03T01:56:55.716+0600][16.368s][info][gc,heap        ] GC(45) Humongous regions: 33->33
[2026-04-03T01:56:55.716+0600][16.368s][info][gc,metaspace   ] GC(45) Metaspace: 63902K(64704K)->63902K(64704K) NonClass: 55831K(56256K)->55831K(56256K) Class: 8071K(8448K)->8071K(8448K)
[2026-04-03T01:56:55.716+0600][16.368s][info][gc             ] GC(45) Pause Young (Normal) (G1 Evacuation Pause) 413M->205M(454M) 14.502ms
[2026-04-03T01:56:55.716+0600][16.368s][info][gc,cpu         ] GC(45) User=0.13s Sys=0.01s Real=0.01s
[2026-04-03T01:56:55.859+0600][16.512s][info][gc,start       ] GC(46) Pause Young (Normal) (G1 Evacuation Pause)
[2026-04-03T01:56:55.860+0600][16.512s][info][gc,task        ] GC(46) Using 10 workers of 10 for evacuation
[2026-04-03T01:56:55.880+0600][16.533s][info][gc,phases      ] GC(46)   Pre Evacuate Collection Set: 0.45ms
[2026-04-03T01:56:55.880+0600][16.533s][info][gc,phases      ] GC(46)   Merge Heap Roots: 0.26ms
[2026-04-03T01:56:55.880+0600][16.533s][info][gc,phases      ] GC(46)   Evacuate Collection Set: 19.06ms
[2026-04-03T01:56:55.880+0600][16.533s][info][gc,phases      ] GC(46)   Post Evacuate Collection Set: 0.74ms
[2026-04-03T01:56:55.880+0600][16.533s][info][gc,phases      ] GC(46)   Other: 0.13ms
[2026-04-03T01:56:55.880+0600][16.533s][info][gc,heap        ] GC(46) Eden regions: 218->0(216)
[2026-04-03T01:56:55.880+0600][16.533s][info][gc,heap        ] GC(46) Survivor regions: 22->15(30)
[2026-04-03T01:56:55.880+0600][16.533s][info][gc,heap        ] GC(46) Old regions: 154->164
[2026-04-03T01:56:55.880+0600][16.533s][info][gc,heap        ] GC(46) Humongous regions: 36->36
[2026-04-03T01:56:55.880+0600][16.533s][info][gc,metaspace   ] GC(46) Metaspace: 63980K(64832K)->63980K(64832K) NonClass: 55895K(56384K)->55895K(56384K) Class: 8084K(8448K)->8084K(8448K)
[2026-04-03T01:56:55.880+0600][16.533s][info][gc             ] GC(46) Pause Young (Normal) (G1 Evacuation Pause) 426M->212M(455M) 20.949ms
[2026-04-03T01:56:55.880+0600][16.533s][info][gc,cpu         ] GC(46) User=0.19s Sys=0.00s Real=0.03s
[2026-04-03T01:56:56.010+0600][16.663s][info][gc,start       ] GC(47) Pause Young (Normal) (G1 Evacuation Pause)
[2026-04-03T01:56:56.010+0600][16.663s][info][gc,task        ] GC(47) Using 10 workers of 10 for evacuation
[2026-04-03T01:56:56.016+0600][16.668s][info][gc,phases      ] GC(47)   Pre Evacuate Collection Set: 0.20ms
[2026-04-03T01:56:56.016+0600][16.668s][info][gc,phases      ] GC(47)   Merge Heap Roots: 0.16ms
[2026-04-03T01:56:56.016+0600][16.668s][info][gc,phases      ] GC(47)   Evacuate Collection Set: 4.04ms
[2026-04-03T01:56:56.016+0600][16.668s][info][gc,phases      ] GC(47)   Post Evacuate Collection Set: 1.11ms
[2026-04-03T01:56:56.016+0600][16.668s][info][gc,phases      ] GC(47)   Other: 0.08ms
[2026-04-03T01:56:56.016+0600][16.668s][info][gc,heap        ] GC(47) Eden regions: 216->0(256)
[2026-04-03T01:56:56.016+0600][16.668s][info][gc,heap        ] GC(47) Survivor regions: 15->14(29)
[2026-04-03T01:56:56.016+0600][16.668s][info][gc,heap        ] GC(47) Old regions: 164->164
[2026-04-03T01:56:56.016+0600][16.668s][info][gc,heap        ] GC(47) Humongous regions: 36->36
[2026-04-03T01:56:56.016+0600][16.668s][info][gc,metaspace   ] GC(47) Metaspace: 63980K(64832K)->63980K(64832K) NonClass: 55895K(56384K)->55895K(56384K) Class: 8084K(8448K)->8084K(8448K)
[2026-04-03T01:56:56.016+0600][16.668s][info][gc             ] GC(47) Pause Young (Normal) (G1 Evacuation Pause) 428M->211M(496M) 5.783ms
[2026-04-03T01:56:56.016+0600][16.668s][info][gc,cpu         ] GC(47) User=0.04s Sys=0.00s Real=0.00s
[2026-04-03T01:56:56.193+0600][16.845s][info][gc,start       ] GC(48) Pause Young (Normal) (G1 Evacuation Pause)
[2026-04-03T01:56:56.193+0600][16.845s][info][gc,task        ] GC(48) Using 10 workers of 10 for evacuation
[2026-04-03T01:56:56.198+0600][16.850s][info][gc,phases      ] GC(48)   Pre Evacuate Collection Set: 0.37ms
[2026-04-03T01:56:56.198+0600][16.851s][info][gc,phases      ] GC(48)   Merge Heap Roots: 0.13ms
[2026-04-03T01:56:56.198+0600][16.851s][info][gc,phases      ] GC(48)   Evacuate Collection Set: 4.21ms
[2026-04-03T01:56:56.198+0600][16.851s][info][gc,phases      ] GC(48)   Post Evacuate Collection Set: 0.51ms
[2026-04-03T01:56:56.198+0600][16.851s][info][gc,phases      ] GC(48)   Other: 0.12ms
[2026-04-03T01:56:56.198+0600][16.851s][info][gc,heap        ] GC(48) Eden regions: 256->0(255)
[2026-04-03T01:56:56.198+0600][16.851s][info][gc,heap        ] GC(48) Survivor regions: 14->15(34)
[2026-04-03T01:56:56.198+0600][16.851s][info][gc,heap        ] GC(48) Old regions: 164->164
[2026-04-03T01:56:56.198+0600][16.851s][info][gc,heap        ] GC(48) Humongous regions: 38->36
[2026-04-03T01:56:56.198+0600][16.851s][info][gc,metaspace   ] GC(48) Metaspace: 64255K(65088K)->64255K(65088K) NonClass: 56119K(56576K)->56119K(56576K) Class: 8135K(8512K)->8135K(8512K)
[2026-04-03T01:56:56.198+0600][16.851s][info][gc             ] GC(48) Pause Young (Normal) (G1 Evacuation Pause) 469M->211M(496M) 5.568ms
[2026-04-03T01:56:56.198+0600][16.851s][info][gc,cpu         ] GC(48) User=0.05s Sys=0.00s Real=0.00s
[2026-04-03T01:56:56.376+0600][17.028s][info][gc,start       ] GC(49) Pause Young (Normal) (G1 Evacuation Pause)
[2026-04-03T01:56:56.376+0600][17.028s][info][gc,task        ] GC(49) Using 10 workers of 10 for evacuation
[2026-04-03T01:56:56.382+0600][17.034s][info][gc,phases      ] GC(49)   Pre Evacuate Collection Set: 0.38ms
[2026-04-03T01:56:56.382+0600][17.034s][info][gc,phases      ] GC(49)   Merge Heap Roots: 0.12ms
[2026-04-03T01:56:56.382+0600][17.034s][info][gc,phases      ] GC(49)   Evacuate Collection Set: 5.00ms
[2026-04-03T01:56:56.382+0600][17.034s][info][gc,phases      ] GC(49)   Post Evacuate Collection Set: 0.52ms
[2026-04-03T01:56:56.382+0600][17.034s][info][gc,phases      ] GC(49)   Other: 0.14ms
[2026-04-03T01:56:56.382+0600][17.034s][info][gc,heap        ] GC(49) Eden regions: 255->0(255)
[2026-04-03T01:56:56.382+0600][17.034s][info][gc,heap        ] GC(49) Survivor regions: 15->15(34)
[2026-04-03T01:56:56.382+0600][17.034s][info][gc,heap        ] GC(49) Old regions: 164->164
[2026-04-03T01:56:56.382+0600][17.034s][info][gc,heap        ] GC(49) Humongous regions: 36->36
[2026-04-03T01:56:56.382+0600][17.034s][info][gc,metaspace   ] GC(49) Metaspace: 64255K(65088K)->64255K(65088K) NonClass: 56119K(56576K)->56119K(56576K) Class: 8135K(8512K)->8135K(8512K)
[2026-04-03T01:56:56.382+0600][17.034s][info][gc             ] GC(49) Pause Young (Normal) (G1 Evacuation Pause) 466M->211M(496M) 6.443ms
[2026-04-03T01:56:56.382+0600][17.034s][info][gc,cpu         ] GC(49) User=0.06s Sys=0.00s Real=0.01s
[2026-04-03T01:56:56.641+0600][17.294s][info][gc,start       ] GC(50) Pause Full (System.gc())
[2026-04-03T01:56:56.642+0600][17.294s][info][gc,task        ] GC(50) Using 10 workers of 10 for full compaction
[2026-04-03T01:56:56.642+0600][17.294s][info][gc,phases,start] GC(50) Phase 1: Mark live objects
[2026-04-03T01:56:56.696+0600][17.349s][info][gc,phases      ] GC(50) Phase 1: Mark live objects 54.421ms
[2026-04-03T01:56:56.696+0600][17.349s][info][gc,phases,start] GC(50) Phase 2: Prepare compaction
[2026-04-03T01:56:56.700+0600][17.352s][info][gc,phases      ] GC(50) Phase 2: Prepare compaction 3.670ms
[2026-04-03T01:56:56.700+0600][17.353s][info][gc,phases,start] GC(50) Phase 3: Adjust pointers
[2026-04-03T01:56:56.715+0600][17.367s][info][gc,phases      ] GC(50) Phase 3: Adjust pointers 14.938ms
[2026-04-03T01:56:56.715+0600][17.368s][info][gc,phases,start] GC(50) Phase 4: Compact heap
[2026-04-03T01:56:56.720+0600][17.373s][info][gc,phases      ] GC(50) Phase 4: Compact heap 4.912ms
[2026-04-03T01:56:56.720+0600][17.373s][info][gc,phases,start] GC(50) Phase 5: Reset Metadata
[2026-04-03T01:56:56.728+0600][17.381s][info][gc,phases      ] GC(50) Phase 5: Reset Metadata 7.951ms
[2026-04-03T01:56:56.738+0600][17.390s][info][gc,heap        ] GC(50) Eden regions: 165->0(288)
[2026-04-03T01:56:56.738+0600][17.391s][info][gc,heap        ] GC(50) Survivor regions: 15->0(34)
[2026-04-03T01:56:56.738+0600][17.391s][info][gc,heap        ] GC(50) Old regions: 164->168
[2026-04-03T01:56:56.738+0600][17.391s][info][gc,heap        ] GC(50) Humongous regions: 47->14
[2026-04-03T01:56:56.738+0600][17.391s][info][gc,metaspace   ] GC(50) Metaspace: 66013K(66944K)->65971K(66944K) NonClass: 57646K(58176K)->57616K(58176K) Class: 8366K(8768K)->8354K(8768K)
[2026-04-03T01:56:56.738+0600][17.391s][info][gc             ] GC(50) Pause Full (System.gc()) 387M->177M(496M) 96.740ms
[2026-04-03T01:56:56.738+0600][17.391s][info][gc,cpu         ] GC(50) User=0.75s Sys=0.06s Real=0.09s
[2026-04-03T01:56:56.987+0600][17.639s][info][gc,start       ] GC(51) Pause Young (Normal) (G1 Evacuation Pause)
[2026-04-03T01:56:56.987+0600][17.640s][info][gc,task        ] GC(51) Using 10 workers of 10 for evacuation
[2026-04-03T01:56:56.990+0600][17.642s][info][gc,phases      ] GC(51)   Pre Evacuate Collection Set: 0.49ms
[2026-04-03T01:56:56.990+0600][17.642s][info][gc,phases      ] GC(51)   Merge Heap Roots: 0.20ms
[2026-04-03T01:56:56.990+0600][17.642s][info][gc,phases      ] GC(51)   Evacuate Collection Set: 0.82ms
[2026-04-03T01:56:56.990+0600][17.642s][info][gc,phases      ] GC(51)   Post Evacuate Collection Set: 0.66ms
[2026-04-03T01:56:56.990+0600][17.642s][info][gc,phases      ] GC(51)   Other: 0.22ms
[2026-04-03T01:56:56.990+0600][17.642s][info][gc,heap        ] GC(51) Eden regions: 288->0(285)
[2026-04-03T01:56:56.990+0600][17.642s][info][gc,heap        ] GC(51) Survivor regions: 0->3(36)
[2026-04-03T01:56:56.990+0600][17.642s][info][gc,heap        ] GC(51) Old regions: 168->168
[2026-04-03T01:56:56.990+0600][17.642s][info][gc,heap        ] GC(51) Humongous regions: 26->14
[2026-04-03T01:56:56.990+0600][17.642s][info][gc,metaspace   ] GC(51) Metaspace: 66337K(67200K)->66337K(67200K) NonClass: 57902K(58368K)->57902K(58368K) Class: 8434K(8832K)->8434K(8832K)
[2026-04-03T01:56:56.990+0600][17.642s][info][gc             ] GC(51) Pause Young (Normal) (G1 Evacuation Pause) 477M->179M(496M) 2.701ms
[2026-04-03T01:56:56.990+0600][17.642s][info][gc,cpu         ] GC(51) User=0.01s Sys=0.01s Real=0.01s
[2026-04-03T01:56:57.108+0600][17.760s][info][gc,start       ] GC(52) Pause Young (Normal) (G1 Evacuation Pause)
[2026-04-03T01:56:57.108+0600][17.760s][info][gc,task        ] GC(52) Using 10 workers of 10 for evacuation
[2026-04-03T01:56:57.110+0600][17.762s][info][gc,phases      ] GC(52)   Pre Evacuate Collection Set: 0.37ms
[2026-04-03T01:56:57.110+0600][17.762s][info][gc,phases      ] GC(52)   Merge Heap Roots: 0.20ms
[2026-04-03T01:56:57.110+0600][17.762s][info][gc,phases      ] GC(52)   Evacuate Collection Set: 0.75ms
[2026-04-03T01:56:57.110+0600][17.762s][info][gc,phases      ] GC(52)   Post Evacuate Collection Set: 0.65ms
[2026-04-03T01:56:57.110+0600][17.762s][info][gc,phases      ] GC(52)   Other: 0.11ms
[2026-04-03T01:56:57.110+0600][17.762s][info][gc,heap        ] GC(52) Eden regions: 285->0(287)
[2026-04-03T01:56:57.110+0600][17.762s][info][gc,heap        ] GC(52) Survivor regions: 3->1(36)
[2026-04-03T01:56:57.110+0600][17.762s][info][gc,heap        ] GC(52) Old regions: 168->168
[2026-04-03T01:56:57.110+0600][17.762s][info][gc,heap        ] GC(52) Humongous regions: 14->14
[2026-04-03T01:56:57.110+0600][17.762s][info][gc,metaspace   ] GC(52) Metaspace: 66343K(67200K)->66343K(67200K) NonClass: 57909K(58368K)->57909K(58368K) Class: 8434K(8832K)->8434K(8832K)
[2026-04-03T01:56:57.110+0600][17.763s][info][gc             ] GC(52) Pause Young (Normal) (G1 Evacuation Pause) 464M->177M(496M) 2.416ms
[2026-04-03T01:56:57.110+0600][17.763s][info][gc,cpu         ] GC(52) User=0.00s Sys=0.00s Real=0.01s
[2026-04-03T01:56:57.226+0600][17.878s][info][gc,start       ] GC(53) Pause Young (Normal) (G1 Evacuation Pause)
[2026-04-03T01:56:57.226+0600][17.878s][info][gc,task        ] GC(53) Using 10 workers of 10 for evacuation
[2026-04-03T01:56:57.228+0600][17.880s][info][gc,phases      ] GC(53)   Pre Evacuate Collection Set: 0.33ms
[2026-04-03T01:56:57.228+0600][17.880s][info][gc,phases      ] GC(53)   Merge Heap Roots: 0.16ms
[2026-04-03T01:56:57.228+0600][17.880s][info][gc,phases      ] GC(53)   Evacuate Collection Set: 0.69ms
[2026-04-03T01:56:57.228+0600][17.880s][info][gc,phases      ] GC(53)   Post Evacuate Collection Set: 0.58ms
[2026-04-03T01:56:57.228+0600][17.880s][info][gc,phases      ] GC(53)   Other: 0.08ms
[2026-04-03T01:56:57.228+0600][17.880s][info][gc,heap        ] GC(53) Eden regions: 287->0(287)
[2026-04-03T01:56:57.228+0600][17.880s][info][gc,heap        ] GC(53) Survivor regions: 1->1(36)
[2026-04-03T01:56:57.228+0600][17.880s][info][gc,heap        ] GC(53) Old regions: 168->168
[2026-04-03T01:56:57.228+0600][17.880s][info][gc,heap        ] GC(53) Humongous regions: 14->14
[2026-04-03T01:56:57.228+0600][17.880s][info][gc,metaspace   ] GC(53) Metaspace: 66343K(67200K)->66343K(67200K) NonClass: 57909K(58368K)->57909K(58368K) Class: 8434K(8832K)->8434K(8832K)
[2026-04-03T01:56:57.228+0600][17.880s][info][gc             ] GC(53) Pause Young (Normal) (G1 Evacuation Pause) 464M->177M(496M) 2.110ms
[2026-04-03T01:56:57.228+0600][17.880s][info][gc,cpu         ] GC(53) User=0.01s Sys=0.00s Real=0.00s
[2026-04-03T01:56:57.343+0600][17.995s][info][gc,start       ] GC(54) Pause Young (Normal) (G1 Evacuation Pause)
[2026-04-03T01:56:57.343+0600][17.995s][info][gc,task        ] GC(54) Using 10 workers of 10 for evacuation
[2026-04-03T01:56:57.345+0600][17.998s][info][gc,phases      ] GC(54)   Pre Evacuate Collection Set: 0.43ms
[2026-04-03T01:56:57.345+0600][17.998s][info][gc,phases      ] GC(54)   Merge Heap Roots: 0.30ms
[2026-04-03T01:56:57.345+0600][17.998s][info][gc,phases      ] GC(54)   Evacuate Collection Set: 0.75ms
[2026-04-03T01:56:57.345+0600][17.998s][info][gc,phases      ] GC(54)   Post Evacuate Collection Set: 0.75ms
[2026-04-03T01:56:57.345+0600][17.998s][info][gc,phases      ] GC(54)   Other: 0.11ms
[2026-04-03T01:56:57.346+0600][17.998s][info][gc,heap        ] GC(54) Eden regions: 287->0(287)
[2026-04-03T01:56:57.346+0600][17.998s][info][gc,heap        ] GC(54) Survivor regions: 1->1(36)
[2026-04-03T01:56:57.346+0600][17.998s][info][gc,heap        ] GC(54) Old regions: 168->168
[2026-04-03T01:56:57.346+0600][17.998s][info][gc,heap        ] GC(54) Humongous regions: 14->14
[2026-04-03T01:56:57.346+0600][17.998s][info][gc,metaspace   ] GC(54) Metaspace: 66343K(67200K)->66343K(67200K) NonClass: 57909K(58368K)->57909K(58368K) Class: 8434K(8832K)->8434K(8832K)
[2026-04-03T01:56:57.346+0600][17.998s][info][gc             ] GC(54) Pause Young (Normal) (G1 Evacuation Pause) 464M->177M(496M) 2.576ms
[2026-04-03T01:56:57.346+0600][17.998s][info][gc,cpu         ] GC(54) User=0.01s Sys=0.00s Real=0.00s
[2026-04-03T01:56:57.503+0600][18.155s][info][gc,start       ] GC(55) Pause Full (System.gc())
[2026-04-03T01:56:57.503+0600][18.155s][info][gc,task        ] GC(55) Using 10 workers of 10 for full compaction
[2026-04-03T01:56:57.503+0600][18.155s][info][gc,phases,start] GC(55) Phase 1: Mark live objects
[2026-04-03T01:56:57.547+0600][18.199s][info][gc,phases      ] GC(55) Phase 1: Mark live objects 43.952ms
[2026-04-03T01:56:57.547+0600][18.199s][info][gc,phases,start] GC(55) Phase 2: Prepare compaction
[2026-04-03T01:56:57.548+0600][18.201s][info][gc,phases      ] GC(55) Phase 2: Prepare compaction 1.298ms
[2026-04-03T01:56:57.548+0600][18.201s][info][gc,phases,start] GC(55) Phase 3: Adjust pointers
[2026-04-03T01:56:57.562+0600][18.215s][info][gc,phases      ] GC(55) Phase 3: Adjust pointers 13.970ms
[2026-04-03T01:56:57.562+0600][18.215s][info][gc,phases,start] GC(55) Phase 4: Compact heap
[2026-04-03T01:56:57.564+0600][18.216s][info][gc,phases      ] GC(55) Phase 4: Compact heap 1.442ms
[2026-04-03T01:56:57.564+0600][18.216s][info][gc,phases,start] GC(55) Phase 5: Reset Metadata
[2026-04-03T01:56:57.573+0600][18.225s][info][gc,phases      ] GC(55) Phase 5: Reset Metadata 8.780ms
[2026-04-03T01:56:57.579+0600][18.231s][info][gc,heap        ] GC(55) Eden regions: 285->0(286)
[2026-04-03T01:56:57.579+0600][18.231s][info][gc,heap        ] GC(55) Survivor regions: 1->0(36)
[2026-04-03T01:56:57.579+0600][18.231s][info][gc,heap        ] GC(55) Old regions: 168->170
[2026-04-03T01:56:57.579+0600][18.231s][info][gc,heap        ] GC(55) Humongous regions: 27->14
[2026-04-03T01:56:57.579+0600][18.231s][info][gc,metaspace   ] GC(55) Metaspace: 66408K(67328K)->66408K(67328K) NonClass: 57974K(58496K)->57974K(58496K) Class: 8434K(8832K)->8434K(8832K)
[2026-04-03T01:56:57.579+0600][18.231s][info][gc             ] GC(55) Pause Full (System.gc()) 475M->177M(496M) 76.337ms
[2026-04-03T01:56:57.579+0600][18.231s][info][gc,cpu         ] GC(55) User=0.64s Sys=0.02s Real=0.07s
[2026-04-03T01:56:57.874+0600][18.527s][info][gc,start       ] GC(56) Pause Young (Normal) (G1 Evacuation Pause)
[2026-04-03T01:56:57.874+0600][18.527s][info][gc,task        ] GC(56) Using 10 workers of 10 for evacuation
[2026-04-03T01:56:57.876+0600][18.529s][info][gc,phases      ] GC(56)   Pre Evacuate Collection Set: 0.36ms
[2026-04-03T01:56:57.876+0600][18.529s][info][gc,phases      ] GC(56)   Merge Heap Roots: 0.15ms
[2026-04-03T01:56:57.876+0600][18.529s][info][gc,phases      ] GC(56)   Evacuate Collection Set: 0.74ms
[2026-04-03T01:56:57.876+0600][18.529s][info][gc,phases      ] GC(56)   Post Evacuate Collection Set: 0.56ms
[2026-04-03T01:56:57.876+0600][18.529s][info][gc,phases      ] GC(56)   Other: 0.13ms
[2026-04-03T01:56:57.876+0600][18.529s][info][gc,heap        ] GC(56) Eden regions: 286->0(285)
[2026-04-03T01:56:57.876+0600][18.529s][info][gc,heap        ] GC(56) Survivor regions: 0->1(36)
[2026-04-03T01:56:57.876+0600][18.529s][info][gc,heap        ] GC(56) Old regions: 170->170
[2026-04-03T01:56:57.876+0600][18.529s][info][gc,heap        ] GC(56) Humongous regions: 26->14
[2026-04-03T01:56:57.876+0600][18.529s][info][gc,metaspace   ] GC(56) Metaspace: 66472K(67328K)->66472K(67328K) NonClass: 58037K(58496K)->58037K(58496K) Class: 8434K(8832K)->8434K(8832K)
[2026-04-03T01:56:57.876+0600][18.529s][info][gc             ] GC(56) Pause Young (Normal) (G1 Evacuation Pause) 475M->177M(496M) 2.236ms
[2026-04-03T01:56:57.876+0600][18.529s][info][gc,cpu         ] GC(56) User=0.01s Sys=0.00s Real=0.00s
[2026-04-03T01:56:57.992+0600][18.644s][info][gc,start       ] GC(57) Pause Young (Normal) (G1 Evacuation Pause)
[2026-04-03T01:56:57.992+0600][18.644s][info][gc,task        ] GC(57) Using 10 workers of 10 for evacuation
[2026-04-03T01:56:57.994+0600][18.646s][info][gc,phases      ] GC(57)   Pre Evacuate Collection Set: 0.41ms
[2026-04-03T01:56:57.994+0600][18.646s][info][gc,phases      ] GC(57)   Merge Heap Roots: 0.25ms
[2026-04-03T01:56:57.994+0600][18.646s][info][gc,phases      ] GC(57)   Evacuate Collection Set: 0.65ms
[2026-04-03T01:56:57.994+0600][18.646s][info][gc,phases      ] GC(57)   Post Evacuate Collection Set: 0.75ms
[2026-04-03T01:56:57.994+0600][18.646s][info][gc,phases      ] GC(57)   Other: 0.20ms
[2026-04-03T01:56:57.994+0600][18.646s][info][gc,heap        ] GC(57) Eden regions: 285->0(285)
[2026-04-03T01:56:57.994+0600][18.646s][info][gc,heap        ] GC(57) Survivor regions: 1->1(36)
[2026-04-03T01:56:57.994+0600][18.646s][info][gc,heap        ] GC(57) Old regions: 170->170
[2026-04-03T01:56:57.994+0600][18.646s][info][gc,heap        ] GC(57) Humongous regions: 14->14
[2026-04-03T01:56:57.994+0600][18.646s][info][gc,metaspace   ] GC(57) Metaspace: 66478K(67328K)->66478K(67328K) NonClass: 58043K(58496K)->58043K(58496K) Class: 8434K(8832K)->8434K(8832K)
[2026-04-03T01:56:57.994+0600][18.646s][info][gc             ] GC(57) Pause Young (Normal) (G1 Evacuation Pause) 462M->177M(496M) 2.491ms
[2026-04-03T01:56:57.994+0600][18.647s][info][gc,cpu         ] GC(57) User=0.01s Sys=0.00s Real=0.00s
[2026-04-03T01:56:58.108+0600][18.761s][info][gc,start       ] GC(58) Pause Young (Normal) (G1 Evacuation Pause)
[2026-04-03T01:56:58.108+0600][18.761s][info][gc,task        ] GC(58) Using 10 workers of 10 for evacuation
[2026-04-03T01:56:58.110+0600][18.762s][info][gc,phases      ] GC(58)   Pre Evacuate Collection Set: 0.25ms
[2026-04-03T01:56:58.110+0600][18.762s][info][gc,phases      ] GC(58)   Merge Heap Roots: 0.09ms
[2026-04-03T01:56:58.110+0600][18.762s][info][gc,phases      ] GC(58)   Evacuate Collection Set: 0.49ms
[2026-04-03T01:56:58.110+0600][18.762s][info][gc,phases      ] GC(58)   Post Evacuate Collection Set: 0.59ms
[2026-04-03T01:56:58.110+0600][18.762s][info][gc,phases      ] GC(58)   Other: 0.09ms
[2026-04-03T01:56:58.110+0600][18.762s][info][gc,heap        ] GC(58) Eden regions: 285->0(285)
[2026-04-03T01:56:58.110+0600][18.762s][info][gc,heap        ] GC(58) Survivor regions: 1->1(36)
[2026-04-03T01:56:58.110+0600][18.762s][info][gc,heap        ] GC(58) Old regions: 170->170
[2026-04-03T01:56:58.110+0600][18.762s][info][gc,heap        ] GC(58) Humongous regions: 14->14
[2026-04-03T01:56:58.110+0600][18.762s][info][gc,metaspace   ] GC(58) Metaspace: 66478K(67328K)->66478K(67328K) NonClass: 58043K(58496K)->58043K(58496K) Class: 8434K(8832K)->8434K(8832K)
[2026-04-03T01:56:58.110+0600][18.762s][info][gc             ] GC(58) Pause Young (Normal) (G1 Evacuation Pause) 462M->177M(496M) 1.729ms
[2026-04-03T01:56:58.110+0600][18.763s][info][gc,cpu         ] GC(58) User=0.00s Sys=0.01s Real=0.01s
[2026-04-03T01:56:58.223+0600][18.876s][info][gc,start       ] GC(59) Pause Young (Normal) (G1 Evacuation Pause)
[2026-04-03T01:56:58.223+0600][18.876s][info][gc,task        ] GC(59) Using 10 workers of 10 for evacuation
[2026-04-03T01:56:58.225+0600][18.877s][info][gc,phases      ] GC(59)   Pre Evacuate Collection Set: 0.20ms
[2026-04-03T01:56:58.225+0600][18.877s][info][gc,phases      ] GC(59)   Merge Heap Roots: 0.11ms
[2026-04-03T01:56:58.225+0600][18.877s][info][gc,phases      ] GC(59)   Evacuate Collection Set: 0.43ms
[2026-04-03T01:56:58.225+0600][18.877s][info][gc,phases      ] GC(59)   Post Evacuate Collection Set: 0.59ms
[2026-04-03T01:56:58.225+0600][18.877s][info][gc,phases      ] GC(59)   Other: 0.10ms
[2026-04-03T01:56:58.225+0600][18.877s][info][gc,heap        ] GC(59) Eden regions: 285->0(285)
[2026-04-03T01:56:58.225+0600][18.877s][info][gc,heap        ] GC(59) Survivor regions: 1->1(36)
[2026-04-03T01:56:58.225+0600][18.877s][info][gc,heap        ] GC(59) Old regions: 170->170
[2026-04-03T01:56:58.225+0600][18.877s][info][gc,heap        ] GC(59) Humongous regions: 14->14
[2026-04-03T01:56:58.225+0600][18.877s][info][gc,metaspace   ] GC(59) Metaspace: 66478K(67328K)->66478K(67328K) NonClass: 58043K(58496K)->58043K(58496K) Class: 8434K(8832K)->8434K(8832K)
[2026-04-03T01:56:58.225+0600][18.877s][info][gc             ] GC(59) Pause Young (Normal) (G1 Evacuation Pause) 462M->177M(496M) 1.673ms
[2026-04-03T01:56:58.225+0600][18.877s][info][gc,cpu         ] GC(59) User=0.01s Sys=0.00s Real=0.00s
[2026-04-03T01:56:58.384+0600][19.036s][info][gc,start       ] GC(60) Pause Young (Normal) (G1 Evacuation Pause)
[2026-04-03T01:56:58.384+0600][19.036s][info][gc,task        ] GC(60) Using 10 workers of 10 for evacuation
[2026-04-03T01:56:58.386+0600][19.038s][info][gc,phases      ] GC(60)   Pre Evacuate Collection Set: 0.24ms
[2026-04-03T01:56:58.386+0600][19.038s][info][gc,phases      ] GC(60)   Merge Heap Roots: 0.20ms
[2026-04-03T01:56:58.386+0600][19.038s][info][gc,phases      ] GC(60)   Evacuate Collection Set: 0.77ms
[2026-04-03T01:56:58.386+0600][19.038s][info][gc,phases      ] GC(60)   Post Evacuate Collection Set: 0.90ms
[2026-04-03T01:56:58.386+0600][19.038s][info][gc,phases      ] GC(60)   Other: 0.09ms
[2026-04-03T01:56:58.386+0600][19.038s][info][gc,heap        ] GC(60) Eden regions: 285->0(285)
[2026-04-03T01:56:58.386+0600][19.038s][info][gc,heap        ] GC(60) Survivor regions: 1->1(36)
[2026-04-03T01:56:58.386+0600][19.038s][info][gc,heap        ] GC(60) Old regions: 170->170
[2026-04-03T01:56:58.386+0600][19.038s][info][gc,heap        ] GC(60) Humongous regions: 27->14
[2026-04-03T01:56:58.386+0600][19.038s][info][gc,metaspace   ] GC(60) Metaspace: 66611K(67456K)->66611K(67456K) NonClass: 58162K(58624K)->58162K(58624K) Class: 8449K(8832K)->8449K(8832K)
[2026-04-03T01:56:58.386+0600][19.038s][info][gc             ] GC(60) Pause Young (Normal) (G1 Evacuation Pause) 475M->177M(496M) 2.493ms
[2026-04-03T01:56:58.386+0600][19.038s][info][gc,cpu         ] GC(60) User=0.01s Sys=0.01s Real=0.00s
[2026-04-03T01:56:59.032+0600][19.684s][info][gc,heap,exit   ] Heap
[2026-04-03T01:56:59.032+0600][19.684s][info][gc,heap,exit   ]  garbage-first heap   total 507904K, used 218892K [0x00000000d1200000, 0x0000000100000000)
[2026-04-03T01:56:59.032+0600][19.684s][info][gc,heap,exit   ]   region size 1024K, 32 young (32768K), 1 survivors (1024K)
[2026-04-03T01:56:59.032+0600][19.684s][info][gc,heap,exit   ]  Metaspace       used 67033K, committed 67840K, reserved 1114112K
[2026-04-03T01:56:59.032+0600][19.684s][info][gc,heap,exit   ]   class space    used 8528K, committed 8896K, reserved 1048576K
