[2026-04-03T01:58:03.913+0600][0.005s][info][gc,init] CardTable entry size: 512
[2026-04-03T01:58:03.913+0600][0.005s][info][gc     ] Using G1
[2026-04-03T01:58:03.918+0600][0.009s][info][gc,init] Version: 21.0.10+7-Ubuntu-124.04 (release)
[2026-04-03T01:58:03.918+0600][0.009s][info][gc,init] CPUs: 12 total, 12 available
[2026-04-03T01:58:03.918+0600][0.009s][info][gc,init] Memory: 15683M
[2026-04-03T01:58:03.918+0600][0.009s][info][gc,init] Large Page Support: Disabled
[2026-04-03T01:58:03.918+0600][0.009s][info][gc,init] NUMA Support: Disabled
[2026-04-03T01:58:03.918+0600][0.009s][info][gc,init] Compressed Oops: Enabled (32-bit)
[2026-04-03T01:58:03.918+0600][0.009s][info][gc,init] Heap Region Size: 1M
[2026-04-03T01:58:03.918+0600][0.009s][info][gc,init] Heap Min Capacity: 8M
[2026-04-03T01:58:03.918+0600][0.009s][info][gc,init] Heap Initial Capacity: 246M
[2026-04-03T01:58:03.918+0600][0.009s][info][gc,init] Heap Max Capacity: 1000M
[2026-04-03T01:58:03.918+0600][0.009s][info][gc,init] Pre-touch: Disabled
[2026-04-03T01:58:03.918+0600][0.009s][info][gc,init] Parallel Workers: 10
[2026-04-03T01:58:03.918+0600][0.009s][info][gc,init] Concurrent Workers: 3
[2026-04-03T01:58:03.918+0600][0.009s][info][gc,init] Concurrent Refinement Workers: 10
[2026-04-03T01:58:03.918+0600][0.009s][info][gc,init] Periodic GC: Disabled
[2026-04-03T01:58:03.930+0600][0.022s][info][gc,metaspace] CDS archive(s) mapped at: [0x000076c147000000-0x000076c147c9c000-0x000076c147c9c000), size 13221888, SharedBaseAddress: 0x000076c147000000, ArchiveRelocationMode: 1.
[2026-04-03T01:58:03.930+0600][0.022s][info][gc,metaspace] Compressed class space mapped at: 0x000076c148000000-0x000076c188000000, reserved size: 1073741824
[2026-04-03T01:58:03.930+0600][0.022s][info][gc,metaspace] Narrow klass base: 0x000076c147000000, Narrow klass shift: 0, Narrow klass range: 0x100000000
[2026-04-03T01:58:04.291+0600][0.382s][info][gc,start    ] GC(0) Pause Young (Normal) (G1 Evacuation Pause)
[2026-04-03T01:58:04.292+0600][0.383s][info][gc,task     ] GC(0) Using 5 workers of 10 for evacuation
[2026-04-03T01:58:04.294+0600][0.386s][info][gc,phases   ] GC(0)   Pre Evacuate Collection Set: 0.29ms
[2026-04-03T01:58:04.294+0600][0.386s][info][gc,phases   ] GC(0)   Merge Heap Roots: 0.18ms
[2026-04-03T01:58:04.294+0600][0.386s][info][gc,phases   ] GC(0)   Evacuate Collection Set: 1.96ms
[2026-04-03T01:58:04.295+0600][0.386s][info][gc,phases   ] GC(0)   Post Evacuate Collection Set: 0.30ms
[2026-04-03T01:58:04.295+0600][0.386s][info][gc,phases   ] GC(0)   Other: 0.92ms
[2026-04-03T01:58:04.295+0600][0.386s][info][gc,heap     ] GC(0) Eden regions: 23->0(46)
[2026-04-03T01:58:04.295+0600][0.386s][info][gc,heap     ] GC(0) Survivor regions: 0->3(3)
[2026-04-03T01:58:04.295+0600][0.386s][info][gc,heap     ] GC(0) Old regions: 2->2
[2026-04-03T01:58:04.295+0600][0.386s][info][gc,heap     ] GC(0) Humongous regions: 0->0
[2026-04-03T01:58:04.295+0600][0.386s][info][gc,metaspace] GC(0) Metaspace: 2574K(2752K)->2574K(2752K) NonClass: 2340K(2432K)->2340K(2432K) Class: 233K(320K)->233K(320K)
[2026-04-03T01:58:04.295+0600][0.386s][info][gc          ] GC(0) Pause Young (Normal) (G1 Evacuation Pause) 24M->3M(248M) 3.975ms
[2026-04-03T01:58:04.295+0600][0.386s][info][gc,cpu      ] GC(0) User=0.02s Sys=0.00s Real=0.00s
[2026-04-03T01:58:04.434+0600][0.526s][info][gc,start    ] GC(1) Pause Young (Normal) (G1 Evacuation Pause)
[2026-04-03T01:58:04.434+0600][0.526s][info][gc,task     ] GC(1) Using 5 workers of 10 for evacuation
[2026-04-03T01:58:04.437+0600][0.528s][info][gc,phases   ] GC(1)   Pre Evacuate Collection Set: 0.27ms
[2026-04-03T01:58:04.437+0600][0.528s][info][gc,phases   ] GC(1)   Merge Heap Roots: 0.17ms
[2026-04-03T01:58:04.437+0600][0.528s][info][gc,phases   ] GC(1)   Evacuate Collection Set: 1.57ms
[2026-04-03T01:58:04.437+0600][0.528s][info][gc,phases   ] GC(1)   Post Evacuate Collection Set: 0.46ms
[2026-04-03T01:58:04.437+0600][0.528s][info][gc,phases   ] GC(1)   Other: 0.10ms
[2026-04-03T01:58:04.437+0600][0.528s][info][gc,heap     ] GC(1) Eden regions: 46->0(144)
[2026-04-03T01:58:04.437+0600][0.528s][info][gc,heap     ] GC(1) Survivor regions: 3->3(7)
[2026-04-03T01:58:04.437+0600][0.528s][info][gc,heap     ] GC(1) Old regions: 2->2
[2026-04-03T01:58:04.437+0600][0.528s][info][gc,heap     ] GC(1) Humongous regions: 0->0
[2026-04-03T01:58:04.437+0600][0.528s][info][gc,metaspace] GC(1) Metaspace: 3932K(4096K)->3932K(4096K) NonClass: 3483K(3584K)->3483K(3584K) Class: 448K(512K)->448K(512K)
[2026-04-03T01:58:04.437+0600][0.528s][info][gc          ] GC(1) Pause Young (Normal) (G1 Evacuation Pause) 49M->3M(248M) 2.844ms
[2026-04-03T01:58:04.437+0600][0.528s][info][gc,cpu      ] GC(1) User=0.01s Sys=0.00s Real=0.00s
[2026-04-03T01:58:04.987+0600][1.079s][info][gc,start    ] GC(2) Pause Young (Normal) (G1 Evacuation Pause)
[2026-04-03T01:58:04.987+0600][1.079s][info][gc,task     ] GC(2) Using 5 workers of 10 for evacuation
[2026-04-03T01:58:04.990+0600][1.082s][info][gc,phases   ] GC(2)   Pre Evacuate Collection Set: 0.25ms
[2026-04-03T01:58:04.990+0600][1.082s][info][gc,phases   ] GC(2)   Merge Heap Roots: 0.09ms
[2026-04-03T01:58:04.990+0600][1.082s][info][gc,phases   ] GC(2)   Evacuate Collection Set: 2.27ms
[2026-04-03T01:58:04.990+0600][1.082s][info][gc,phases   ] GC(2)   Post Evacuate Collection Set: 0.59ms
[2026-04-03T01:58:04.990+0600][1.082s][info][gc,phases   ] GC(2)   Other: 0.10ms
[2026-04-03T01:58:04.990+0600][1.082s][info][gc,heap     ] GC(2) Eden regions: 144->0(143)
[2026-04-03T01:58:04.990+0600][1.082s][info][gc,heap     ] GC(2) Survivor regions: 3->4(19)
[2026-04-03T01:58:04.990+0600][1.082s][info][gc,heap     ] GC(2) Old regions: 2->2
[2026-04-03T01:58:04.990+0600][1.082s][info][gc,heap     ] GC(2) Humongous regions: 0->0
[2026-04-03T01:58:04.990+0600][1.082s][info][gc,metaspace] GC(2) Metaspace: 10086K(10304K)->10086K(10304K) NonClass: 8827K(8960K)->8827K(8960K) Class: 1259K(1344K)->1259K(1344K)
[2026-04-03T01:58:04.990+0600][1.082s][info][gc          ] GC(2) Pause Young (Normal) (G1 Evacuation Pause) 147M->4M(248M) 3.490ms
[2026-04-03T01:58:04.990+0600][1.082s][info][gc,cpu      ] GC(2) User=0.01s Sys=0.00s Real=0.01s
[2026-04-03T01:58:07.716+0600][3.808s][info][gc,start    ] GC(3) Pause Young (Normal) (G1 Evacuation Pause)
[2026-04-03T01:58:07.716+0600][3.808s][info][gc,task     ] GC(3) Using 5 workers of 10 for evacuation
[2026-04-03T01:58:07.725+0600][3.816s][info][gc,phases   ] GC(3)   Pre Evacuate Collection Set: 0.21ms
[2026-04-03T01:58:07.725+0600][3.817s][info][gc,phases   ] GC(3)   Merge Heap Roots: 0.10ms
[2026-04-03T01:58:07.725+0600][3.817s][info][gc,phases   ] GC(3)   Evacuate Collection Set: 6.27ms
[2026-04-03T01:58:07.725+0600][3.817s][info][gc,phases   ] GC(3)   Post Evacuate Collection Set: 1.65ms
[2026-04-03T01:58:07.725+0600][3.817s][info][gc,phases   ] GC(3)   Other: 0.11ms
[2026-04-03T01:58:07.725+0600][3.817s][info][gc,heap     ] GC(3) Eden regions: 143->0(133)
[2026-04-03T01:58:07.725+0600][3.817s][info][gc,heap     ] GC(3) Survivor regions: 4->14(19)
[2026-04-03T01:58:07.725+0600][3.817s][info][gc,heap     ] GC(3) Old regions: 2->2
[2026-04-03T01:58:07.725+0600][3.817s][info][gc,heap     ] GC(3) Humongous regions: 7->7
[2026-04-03T01:58:07.725+0600][3.817s][info][gc,metaspace] GC(3) Metaspace: 19334K(19584K)->19334K(19584K) NonClass: 16892K(17024K)->16892K(17024K) Class: 2441K(2560K)->2441K(2560K)
[2026-04-03T01:58:07.725+0600][3.817s][info][gc          ] GC(3) Pause Young (Normal) (G1 Evacuation Pause) 154M->21M(248M) 8.643ms
[2026-04-03T01:58:07.725+0600][3.817s][info][gc,cpu      ] GC(3) User=0.04s Sys=0.01s Real=0.01s
[2026-04-03T01:58:07.834+0600][3.925s][info][gc,start    ] GC(4) Pause Young (Concurrent Start) (Metadata GC Threshold)
[2026-04-03T01:58:07.834+0600][3.925s][info][gc,task     ] GC(4) Using 5 workers of 10 for evacuation
[2026-04-03T01:58:07.840+0600][3.932s][info][gc,phases   ] GC(4)   Pre Evacuate Collection Set: 0.43ms
[2026-04-03T01:58:07.840+0600][3.932s][info][gc,phases   ] GC(4)   Merge Heap Roots: 0.18ms
[2026-04-03T01:58:07.840+0600][3.932s][info][gc,phases   ] GC(4)   Evacuate Collection Set: 4.32ms
[2026-04-03T01:58:07.840+0600][3.932s][info][gc,phases   ] GC(4)   Post Evacuate Collection Set: 1.09ms
[2026-04-03T01:58:07.840+0600][3.932s][info][gc,phases   ] GC(4)   Other: 0.23ms
[2026-04-03T01:58:07.840+0600][3.932s][info][gc,heap     ] GC(4) Eden regions: 3->0(136)
[2026-04-03T01:58:07.840+0600][3.932s][info][gc,heap     ] GC(4) Survivor regions: 14->11(19)
[2026-04-03T01:58:07.840+0600][3.932s][info][gc,heap     ] GC(4) Old regions: 2->6
[2026-04-03T01:58:07.840+0600][3.932s][info][gc,heap     ] GC(4) Humongous regions: 7->7
[2026-04-03T01:58:07.840+0600][3.932s][info][gc,metaspace] GC(4) Metaspace: 21275K(21504K)->21275K(21504K) NonClass: 18638K(18752K)->18638K(18752K) Class: 2637K(2752K)->2637K(2752K)
[2026-04-03T01:58:07.840+0600][3.932s][info][gc          ] GC(4) Pause Young (Concurrent Start) (Metadata GC Threshold) 24M->21M(248M) 6.500ms
[2026-04-03T01:58:07.840+0600][3.932s][info][gc,cpu      ] GC(4) User=0.02s Sys=0.01s Real=0.01s
[2026-04-03T01:58:07.840+0600][3.932s][info][gc          ] GC(5) Concurrent Mark Cycle
[2026-04-03T01:58:07.840+0600][3.932s][info][gc,marking  ] GC(5) Concurrent Scan Root Regions
[2026-04-03T01:58:07.843+0600][3.935s][info][gc,marking  ] GC(5) Concurrent Scan Root Regions 2.877ms
[2026-04-03T01:58:07.843+0600][3.935s][info][gc,marking  ] GC(5) Concurrent Mark
[2026-04-03T01:58:07.843+0600][3.935s][info][gc,marking  ] GC(5) Concurrent Mark From Roots
[2026-04-03T01:58:07.843+0600][3.935s][info][gc,task     ] GC(5) Using 3 workers of 3 for marking
[2026-04-03T01:58:07.847+0600][3.938s][info][gc,marking  ] GC(5) Concurrent Mark From Roots 3.504ms
[2026-04-03T01:58:07.847+0600][3.938s][info][gc,marking  ] GC(5) Concurrent Preclean
[2026-04-03T01:58:07.847+0600][3.938s][info][gc,marking  ] GC(5) Concurrent Preclean 0.017ms
[2026-04-03T01:58:07.847+0600][3.939s][info][gc,start    ] GC(5) Pause Remark
[2026-04-03T01:58:07.850+0600][3.942s][info][gc          ] GC(5) Pause Remark 22M->22M(80M) 3.305ms
[2026-04-03T01:58:07.850+0600][3.942s][info][gc,cpu      ] GC(5) User=0.01s Sys=0.00s Real=0.01s
[2026-04-03T01:58:07.850+0600][3.942s][info][gc,marking  ] GC(5) Concurrent Mark 7.232ms
[2026-04-03T01:58:07.850+0600][3.942s][info][gc,marking  ] GC(5) Concurrent Rebuild Remembered Sets and Scrub Regions
[2026-04-03T01:58:07.852+0600][3.944s][info][gc,marking  ] GC(5) Concurrent Rebuild Remembered Sets and Scrub Regions 1.536ms
[2026-04-03T01:58:07.864+0600][3.955s][info][gc,start    ] GC(5) Pause Cleanup
[2026-04-03T01:58:07.864+0600][3.956s][info][gc          ] GC(5) Pause Cleanup 22M->22M(80M) 0.346ms
[2026-04-03T01:58:07.864+0600][3.956s][info][gc,cpu      ] GC(5) User=0.00s Sys=0.00s Real=0.00s
[2026-04-03T01:58:07.864+0600][3.956s][info][gc,marking  ] GC(5) Concurrent Clear Claimed Marks
[2026-04-03T01:58:07.864+0600][3.956s][info][gc,marking  ] GC(5) Concurrent Clear Claimed Marks 0.056ms
[2026-04-03T01:58:07.864+0600][3.956s][info][gc,marking  ] GC(5) Concurrent Cleanup for Next Mark
[2026-04-03T01:58:07.865+0600][3.957s][info][gc,marking  ] GC(5) Concurrent Cleanup for Next Mark 0.754ms
[2026-04-03T01:58:07.865+0600][3.957s][info][gc          ] GC(5) Concurrent Mark Cycle 24.830ms
[2026-04-03T01:58:09.187+0600][5.279s][info][gc,start    ] GC(6) Pause Young (Prepare Mixed) (G1 Evacuation Pause)
[2026-04-03T01:58:09.187+0600][5.279s][info][gc,task     ] GC(6) Using 3 workers of 10 for evacuation
[2026-04-03T01:58:09.196+0600][5.288s][info][gc,phases   ] GC(6)   Pre Evacuate Collection Set: 0.27ms
[2026-04-03T01:58:09.196+0600][5.288s][info][gc,phases   ] GC(6)   Merge Heap Roots: 0.18ms
[2026-04-03T01:58:09.196+0600][5.288s][info][gc,phases   ] GC(6)   Evacuate Collection Set: 7.49ms
[2026-04-03T01:58:09.196+0600][5.288s][info][gc,phases   ] GC(6)   Post Evacuate Collection Set: 0.94ms
[2026-04-03T01:58:09.196+0600][5.288s][info][gc,phases   ] GC(6)   Other: 0.08ms
[2026-04-03T01:58:09.196+0600][5.288s][info][gc,heap     ] GC(6) Eden regions: 54->0(56)
[2026-04-03T01:58:09.196+0600][5.288s][info][gc,heap     ] GC(6) Survivor regions: 11->3(19)
[2026-04-03T01:58:09.196+0600][5.288s][info][gc,heap     ] GC(6) Old regions: 6->16
[2026-04-03T01:58:09.196+0600][5.288s][info][gc,heap     ] GC(6) Humongous regions: 15->9
[2026-04-03T01:58:09.196+0600][5.288s][info][gc,metaspace] GC(6) Metaspace: 28434K(28800K)->28434K(28800K) NonClass: 24904K(25088K)->24904K(25088K) Class: 3530K(3712K)->3530K(3712K)
[2026-04-03T01:58:09.196+0600][5.288s][info][gc          ] GC(6) Pause Young (Prepare Mixed) (G1 Evacuation Pause) 83M->26M(99M) 9.168ms
[2026-04-03T01:58:09.196+0600][5.288s][info][gc,cpu      ] GC(6) User=0.02s Sys=0.01s Real=0.01s
[2026-04-03T01:58:10.655+0600][6.747s][info][gc,start    ] GC(7) Pause Young (Mixed) (Metadata GC Threshold)
[2026-04-03T01:58:10.656+0600][6.747s][info][gc,task     ] GC(7) Using 2 workers of 10 for evacuation
[2026-04-03T01:58:10.663+0600][6.755s][info][gc,phases   ] GC(7)   Pre Evacuate Collection Set: 0.36ms
[2026-04-03T01:58:10.663+0600][6.755s][info][gc,phases   ] GC(7)   Merge Heap Roots: 0.18ms
[2026-04-03T01:58:10.663+0600][6.755s][info][gc,phases   ] GC(7)   Evacuate Collection Set: 6.21ms
[2026-04-03T01:58:10.663+0600][6.755s][info][gc,phases   ] GC(7)   Post Evacuate Collection Set: 0.85ms
[2026-04-03T01:58:10.663+0600][6.755s][info][gc,phases   ] GC(7)   Other: 0.09ms
[2026-04-03T01:58:10.663+0600][6.755s][info][gc,heap     ] GC(7) Eden regions: 52->0(54)
[2026-04-03T01:58:10.663+0600][6.755s][info][gc,heap     ] GC(7) Survivor regions: 3->5(8)
[2026-04-03T01:58:10.663+0600][6.755s][info][gc,heap     ] GC(7) Old regions: 16->16
[2026-04-03T01:58:10.663+0600][6.755s][info][gc,heap     ] GC(7) Humongous regions: 21->7
[2026-04-03T01:58:10.663+0600][6.755s][info][gc,metaspace] GC(7) Metaspace: 35719K(36096K)->35719K(36096K) NonClass: 31278K(31488K)->31278K(31488K) Class: 4440K(4608K)->4440K(4608K)
[2026-04-03T01:58:10.663+0600][6.755s][info][gc          ] GC(7) Pause Young (Mixed) (Metadata GC Threshold) 89M->26M(99M) 7.893ms
[2026-04-03T01:58:10.663+0600][6.755s][info][gc,cpu      ] GC(7) User=0.01s Sys=0.00s Real=0.01s
[2026-04-03T01:58:10.688+0600][6.780s][info][gc,start    ] GC(8) Pause Young (Concurrent Start) (Metadata GC Threshold)
[2026-04-03T01:58:10.689+0600][6.780s][info][gc,task     ] GC(8) Using 2 workers of 10 for evacuation
[2026-04-03T01:58:10.697+0600][6.789s][info][gc,phases   ] GC(8)   Pre Evacuate Collection Set: 0.48ms
[2026-04-03T01:58:10.697+0600][6.789s][info][gc,phases   ] GC(8)   Merge Heap Roots: 0.14ms
[2026-04-03T01:58:10.697+0600][6.789s][info][gc,phases   ] GC(8)   Evacuate Collection Set: 7.32ms
[2026-04-03T01:58:10.697+0600][6.789s][info][gc,phases   ] GC(8)   Post Evacuate Collection Set: 0.54ms
[2026-04-03T01:58:10.697+0600][6.789s][info][gc,phases   ] GC(8)   Other: 0.12ms
[2026-04-03T01:58:10.697+0600][6.789s][info][gc,heap     ] GC(8) Eden regions: 4->0(55)
[2026-04-03T01:58:10.697+0600][6.789s][info][gc,heap     ] GC(8) Survivor regions: 5->4(8)
[2026-04-03T01:58:10.697+0600][6.789s][info][gc,heap     ] GC(8) Old regions: 16->16
[2026-04-03T01:58:10.697+0600][6.789s][info][gc,heap     ] GC(8) Humongous regions: 7->7
[2026-04-03T01:58:10.697+0600][6.789s][info][gc,metaspace] GC(8) Metaspace: 36080K(36416K)->36080K(36416K) NonClass: 31599K(31808K)->31599K(31808K) Class: 4481K(4608K)->4481K(4608K)
[2026-04-03T01:58:10.697+0600][6.789s][info][gc          ] GC(8) Pause Young (Concurrent Start) (Metadata GC Threshold) 29M->25M(99M) 8.792ms
[2026-04-03T01:58:10.697+0600][6.789s][info][gc,cpu      ] GC(8) User=0.01s Sys=0.00s Real=0.01s
[2026-04-03T01:58:10.697+0600][6.789s][info][gc          ] GC(9) Concurrent Mark Cycle
[2026-04-03T01:58:10.697+0600][6.789s][info][gc,marking  ] GC(9) Concurrent Scan Root Regions
[2026-04-03T01:58:10.699+0600][6.791s][info][gc,marking  ] GC(9) Concurrent Scan Root Regions 2.053ms
[2026-04-03T01:58:10.700+0600][6.791s][info][gc,marking  ] GC(9) Concurrent Mark
[2026-04-03T01:58:10.700+0600][6.791s][info][gc,marking  ] GC(9) Concurrent Mark From Roots
[2026-04-03T01:58:10.700+0600][6.791s][info][gc,task     ] GC(9) Using 3 workers of 3 for marking
[2026-04-03T01:58:10.705+0600][6.797s][info][gc,marking  ] GC(9) Concurrent Mark From Roots 5.560ms
[2026-04-03T01:58:10.705+0600][6.797s][info][gc,marking  ] GC(9) Concurrent Preclean
[2026-04-03T01:58:10.705+0600][6.797s][info][gc,marking  ] GC(9) Concurrent Preclean 0.072ms
[2026-04-03T01:58:10.705+0600][6.797s][info][gc,start    ] GC(9) Pause Remark
[2026-04-03T01:58:10.710+0600][6.802s][info][gc          ] GC(9) Pause Remark 26M->26M(90M) 4.915ms
[2026-04-03T01:58:10.710+0600][6.802s][info][gc,cpu      ] GC(9) User=0.01s Sys=0.00s Real=0.01s
[2026-04-03T01:58:10.710+0600][6.802s][info][gc,marking  ] GC(9) Concurrent Mark 10.963ms
[2026-04-03T01:58:10.711+0600][6.802s][info][gc,marking  ] GC(9) Concurrent Rebuild Remembered Sets and Scrub Regions
[2026-04-03T01:58:10.713+0600][6.804s][info][gc,marking  ] GC(9) Concurrent Rebuild Remembered Sets and Scrub Regions 2.085ms
[2026-04-03T01:58:10.713+0600][6.804s][info][gc,start    ] GC(9) Pause Cleanup
[2026-04-03T01:58:10.713+0600][6.805s][info][gc          ] GC(9) Pause Cleanup 26M->26M(90M) 0.284ms
[2026-04-03T01:58:10.713+0600][6.805s][info][gc,cpu      ] GC(9) User=0.00s Sys=0.00s Real=0.00s
[2026-04-03T01:58:10.713+0600][6.805s][info][gc,marking  ] GC(9) Concurrent Clear Claimed Marks
[2026-04-03T01:58:10.713+0600][6.805s][info][gc,marking  ] GC(9) Concurrent Clear Claimed Marks 0.063ms
[2026-04-03T01:58:10.713+0600][6.805s][info][gc,marking  ] GC(9) Concurrent Cleanup for Next Mark
[2026-04-03T01:58:10.714+0600][6.805s][info][gc,marking  ] GC(9) Concurrent Cleanup for Next Mark 0.263ms
[2026-04-03T01:58:10.714+0600][6.805s][info][gc          ] GC(9) Concurrent Mark Cycle 16.239ms
[2026-04-03T01:58:12.253+0600][8.344s][info][gc,start    ] GC(10) Pause Young (Prepare Mixed) (G1 Evacuation Pause)
[2026-04-03T01:58:12.253+0600][8.345s][info][gc,task     ] GC(10) Using 2 workers of 10 for evacuation
[2026-04-03T01:58:12.264+0600][8.356s][info][gc,phases   ] GC(10)   Pre Evacuate Collection Set: 0.22ms
[2026-04-03T01:58:12.265+0600][8.356s][info][gc,phases   ] GC(10)   Merge Heap Roots: 0.15ms
[2026-04-03T01:58:12.265+0600][8.356s][info][gc,phases   ] GC(10)   Evacuate Collection Set: 10.19ms
[2026-04-03T01:58:12.265+0600][8.356s][info][gc,phases   ] GC(10)   Post Evacuate Collection Set: 0.96ms
[2026-04-03T01:58:12.265+0600][8.356s][info][gc,phases   ] GC(10)   Other: 0.07ms
[2026-04-03T01:58:12.265+0600][8.356s][info][gc,heap     ] GC(10) Eden regions: 50->0(51)
[2026-04-03T01:58:12.265+0600][8.356s][info][gc,heap     ] GC(10) Survivor regions: 4->6(8)
[2026-04-03T01:58:12.265+0600][8.356s][info][gc,heap     ] GC(10) Old regions: 16->16
[2026-04-03T01:58:12.265+0600][8.356s][info][gc,heap     ] GC(10) Humongous regions: 20->8
[2026-04-03T01:58:12.265+0600][8.356s][info][gc,metaspace] GC(10) Metaspace: 42651K(43136K)->42651K(43136K) NonClass: 37353K(37632K)->37353K(37632K) Class: 5297K(5504K)->5297K(5504K)
[2026-04-03T01:58:12.265+0600][8.356s][info][gc          ] GC(10) Pause Young (Prepare Mixed) (G1 Evacuation Pause) 88M->28M(96M) 11.822ms
[2026-04-03T01:58:12.265+0600][8.356s][info][gc,cpu      ] GC(10) User=0.02s Sys=0.01s Real=0.01s
[2026-04-03T01:58:12.725+0600][8.817s][info][gc,start    ] GC(11) Pause Young (Mixed) (G1 Evacuation Pause)
[2026-04-03T01:58:12.725+0600][8.817s][info][gc,task     ] GC(11) Using 2 workers of 10 for evacuation
[2026-04-03T01:58:12.738+0600][8.829s][info][gc,phases   ] GC(11)   Pre Evacuate Collection Set: 0.26ms
[2026-04-03T01:58:12.738+0600][8.829s][info][gc,phases   ] GC(11)   Merge Heap Roots: 0.18ms
[2026-04-03T01:58:12.738+0600][8.829s][info][gc,phases   ] GC(11)   Evacuate Collection Set: 11.09ms
[2026-04-03T01:58:12.738+0600][8.829s][info][gc,phases   ] GC(11)   Post Evacuate Collection Set: 0.66ms
[2026-04-03T01:58:12.738+0600][8.829s][info][gc,phases   ] GC(11)   Other: 0.09ms
[2026-04-03T01:58:12.738+0600][8.829s][info][gc,heap     ] GC(11) Eden regions: 51->0(50)
[2026-04-03T01:58:12.738+0600][8.829s][info][gc,heap     ] GC(11) Survivor regions: 6->7(8)
[2026-04-03T01:58:12.738+0600][8.829s][info][gc,heap     ] GC(11) Old regions: 16->17
[2026-04-03T01:58:12.738+0600][8.829s][info][gc,heap     ] GC(11) Humongous regions: 8->8
[2026-04-03T01:58:12.738+0600][8.829s][info][gc,metaspace] GC(11) Metaspace: 49246K(49792K)->49246K(49792K) NonClass: 43142K(43456K)->43142K(43456K) Class: 6104K(6336K)->6104K(6336K)
[2026-04-03T01:58:12.738+0600][8.829s][info][gc          ] GC(11) Pause Young (Mixed) (G1 Evacuation Pause) 79M->31M(96M) 12.560ms
[2026-04-03T01:58:12.738+0600][8.829s][info][gc,cpu      ] GC(11) User=0.03s Sys=0.00s Real=0.01s
[2026-04-03T01:58:12.831+0600][8.923s][info][gc,start    ] GC(12) Pause Young (Normal) (G1 Evacuation Pause)
[2026-04-03T01:58:12.831+0600][8.923s][info][gc,task     ] GC(12) Using 2 workers of 10 for evacuation
[2026-04-03T01:58:12.843+0600][8.935s][info][gc,phases   ] GC(12)   Pre Evacuate Collection Set: 0.24ms
[2026-04-03T01:58:12.843+0600][8.935s][info][gc,phases   ] GC(12)   Merge Heap Roots: 0.10ms
[2026-04-03T01:58:12.843+0600][8.935s][info][gc,phases   ] GC(12)   Evacuate Collection Set: 10.66ms
[2026-04-03T01:58:12.843+0600][8.935s][info][gc,phases   ] GC(12)   Post Evacuate Collection Set: 0.74ms
[2026-04-03T01:58:12.843+0600][8.935s][info][gc,phases   ] GC(12)   Other: 0.09ms
[2026-04-03T01:58:12.843+0600][8.935s][info][gc,heap     ] GC(12) Eden regions: 50->0(49)
[2026-04-03T01:58:12.843+0600][8.935s][info][gc,heap     ] GC(12) Survivor regions: 7->8(8)
[2026-04-03T01:58:12.843+0600][8.935s][info][gc,heap     ] GC(12) Old regions: 17->21
[2026-04-03T01:58:12.843+0600][8.935s][info][gc,heap     ] GC(12) Humongous regions: 8->8
[2026-04-03T01:58:12.843+0600][8.935s][info][gc,metaspace] GC(12) Metaspace: 49249K(49792K)->49249K(49792K) NonClass: 43145K(43456K)->43145K(43456K) Class: 6104K(6336K)->6104K(6336K)
[2026-04-03T01:58:12.843+0600][8.935s][info][gc          ] GC(12) Pause Young (Normal) (G1 Evacuation Pause) 81M->36M(96M) 12.084ms
[2026-04-03T01:58:12.843+0600][8.935s][info][gc,cpu      ] GC(12) User=0.04s Sys=0.00s Real=0.01s
[2026-04-03T01:58:12.906+0600][8.998s][info][gc,start    ] GC(13) Pause Young (Normal) (G1 Evacuation Pause)
[2026-04-03T01:58:12.906+0600][8.998s][info][gc,task     ] GC(13) Using 2 workers of 10 for evacuation
[2026-04-03T01:58:12.918+0600][9.009s][info][gc,phases   ] GC(13)   Pre Evacuate Collection Set: 0.34ms
[2026-04-03T01:58:12.918+0600][9.010s][info][gc,phases   ] GC(13)   Merge Heap Roots: 0.07ms
[2026-04-03T01:58:12.918+0600][9.010s][info][gc,phases   ] GC(13)   Evacuate Collection Set: 10.40ms
[2026-04-03T01:58:12.918+0600][9.010s][info][gc,phases   ] GC(13)   Post Evacuate Collection Set: 0.94ms
[2026-04-03T01:58:12.918+0600][9.010s][info][gc,phases   ] GC(13)   Other: 0.06ms
[2026-04-03T01:58:12.918+0600][9.010s][info][gc,heap     ] GC(13) Eden regions: 49->0(82)
[2026-04-03T01:58:12.918+0600][9.010s][info][gc,heap     ] GC(13) Survivor regions: 8->8(8)
[2026-04-03T01:58:12.918+0600][9.010s][info][gc,heap     ] GC(13) Old regions: 21->24
[2026-04-03T01:58:12.918+0600][9.010s][info][gc,heap     ] GC(13) Humongous regions: 8->8
[2026-04-03T01:58:12.918+0600][9.010s][info][gc,metaspace] GC(13) Metaspace: 49249K(49792K)->49249K(49792K) NonClass: 43145K(43456K)->43145K(43456K) Class: 6104K(6336K)->6104K(6336K)
[2026-04-03T01:58:12.918+0600][9.010s][info][gc          ] GC(13) Pause Young (Normal) (G1 Evacuation Pause) 85M->39M(151M) 12.025ms
[2026-04-03T01:58:12.918+0600][9.010s][info][gc,cpu      ] GC(13) User=0.02s Sys=0.01s Real=0.01s
[2026-04-03T01:58:13.032+0600][9.124s][info][gc,start    ] GC(14) Pause Young (Normal) (G1 Evacuation Pause)
[2026-04-03T01:58:13.032+0600][9.124s][info][gc,task     ] GC(14) Using 3 workers of 10 for evacuation
[2026-04-03T01:58:13.041+0600][9.133s][info][gc,phases   ] GC(14)   Pre Evacuate Collection Set: 0.54ms
[2026-04-03T01:58:13.041+0600][9.133s][info][gc,phases   ] GC(14)   Merge Heap Roots: 0.06ms
[2026-04-03T01:58:13.041+0600][9.133s][info][gc,phases   ] GC(14)   Evacuate Collection Set: 7.63ms
[2026-04-03T01:58:13.041+0600][9.133s][info][gc,phases   ] GC(14)   Post Evacuate Collection Set: 0.65ms
[2026-04-03T01:58:13.041+0600][9.133s][info][gc,phases   ] GC(14)   Other: 0.07ms
[2026-04-03T01:58:13.041+0600][9.133s][info][gc,heap     ] GC(14) Eden regions: 82->0(78)
[2026-04-03T01:58:13.041+0600][9.133s][info][gc,heap     ] GC(14) Survivor regions: 8->12(12)
[2026-04-03T01:58:13.041+0600][9.133s][info][gc,heap     ] GC(14) Old regions: 24->29
[2026-04-03T01:58:13.041+0600][9.133s][info][gc,heap     ] GC(14) Humongous regions: 8->8
[2026-04-03T01:58:13.041+0600][9.133s][info][gc,metaspace] GC(14) Metaspace: 49249K(49792K)->49249K(49792K) NonClass: 43145K(43456K)->43145K(43456K) Class: 6104K(6336K)->6104K(6336K)
[2026-04-03T01:58:13.041+0600][9.133s][info][gc          ] GC(14) Pause Young (Normal) (G1 Evacuation Pause) 121M->47M(151M) 9.170ms
[2026-04-03T01:58:13.041+0600][9.133s][info][gc,cpu      ] GC(14) User=0.02s Sys=0.00s Real=0.01s
[2026-04-03T01:58:13.115+0600][9.207s][info][gc,start    ] GC(15) Pause Young (Normal) (G1 Evacuation Pause)
[2026-04-03T01:58:13.115+0600][9.207s][info][gc,task     ] GC(15) Using 3 workers of 10 for evacuation
[2026-04-03T01:58:13.125+0600][9.216s][info][gc,phases   ] GC(15)   Pre Evacuate Collection Set: 0.47ms
[2026-04-03T01:58:13.125+0600][9.216s][info][gc,phases   ] GC(15)   Merge Heap Roots: 0.05ms
[2026-04-03T01:58:13.125+0600][9.216s][info][gc,phases   ] GC(15)   Evacuate Collection Set: 8.33ms
[2026-04-03T01:58:13.125+0600][9.216s][info][gc,phases   ] GC(15)   Post Evacuate Collection Set: 0.66ms
[2026-04-03T01:58:13.125+0600][9.216s][info][gc,phases   ] GC(15)   Other: 0.07ms
[2026-04-03T01:58:13.125+0600][9.216s][info][gc,heap     ] GC(15) Eden regions: 78->0(79)
[2026-04-03T01:58:13.125+0600][9.216s][info][gc,heap     ] GC(15) Survivor regions: 12->8(12)
[2026-04-03T01:58:13.125+0600][9.216s][info][gc,heap     ] GC(15) Old regions: 29->40
[2026-04-03T01:58:13.125+0600][9.216s][info][gc,heap     ] GC(15) Humongous regions: 8->8
[2026-04-03T01:58:13.125+0600][9.216s][info][gc,metaspace] GC(15) Metaspace: 49249K(49792K)->49249K(49792K) NonClass: 43145K(43456K)->43145K(43456K) Class: 6104K(6336K)->6104K(6336K)
[2026-04-03T01:58:13.125+0600][9.216s][info][gc          ] GC(15) Pause Young (Normal) (G1 Evacuation Pause) 125M->55M(151M) 9.828ms
[2026-04-03T01:58:13.125+0600][9.216s][info][gc,cpu      ] GC(15) User=0.03s Sys=0.00s Real=0.01s
[2026-04-03T01:58:13.201+0600][9.293s][info][gc,start    ] GC(16) Pause Young (Normal) (G1 Evacuation Pause)
[2026-04-03T01:58:13.201+0600][9.293s][info][gc,task     ] GC(16) Using 3 workers of 10 for evacuation
[2026-04-03T01:58:13.209+0600][9.301s][info][gc,phases   ] GC(16)   Pre Evacuate Collection Set: 0.37ms
[2026-04-03T01:58:13.209+0600][9.301s][info][gc,phases   ] GC(16)   Merge Heap Roots: 0.31ms
[2026-04-03T01:58:13.209+0600][9.301s][info][gc,phases   ] GC(16)   Evacuate Collection Set: 6.62ms
[2026-04-03T01:58:13.209+0600][9.301s][info][gc,phases   ] GC(16)   Post Evacuate Collection Set: 0.56ms
[2026-04-03T01:58:13.209+0600][9.301s][info][gc,phases   ] GC(16)   Other: 0.10ms
[2026-04-03T01:58:13.209+0600][9.301s][info][gc,heap     ] GC(16) Eden regions: 79->0(73)
[2026-04-03T01:58:13.209+0600][9.301s][info][gc,heap     ] GC(16) Survivor regions: 8->8(11)
[2026-04-03T01:58:13.209+0600][9.301s][info][gc,heap     ] GC(16) Old regions: 40->47
[2026-04-03T01:58:13.209+0600][9.301s][info][gc,heap     ] GC(16) Humongous regions: 8->8
[2026-04-03T01:58:13.209+0600][9.301s][info][gc,metaspace] GC(16) Metaspace: 49249K(49792K)->49249K(49792K) NonClass: 43145K(43456K)->43145K(43456K) Class: 6104K(6336K)->6104K(6336K)
[2026-04-03T01:58:13.209+0600][9.301s][info][gc          ] GC(16) Pause Young (Normal) (G1 Evacuation Pause) 134M->61M(151M) 8.184ms
[2026-04-03T01:58:13.209+0600][9.301s][info][gc,cpu      ] GC(16) User=0.02s Sys=0.00s Real=0.00s
[2026-04-03T01:58:13.278+0600][9.370s][info][gc,start    ] GC(17) Pause Young (Normal) (G1 Evacuation Pause)
[2026-04-03T01:58:13.278+0600][9.370s][info][gc,task     ] GC(17) Using 3 workers of 10 for evacuation
[2026-04-03T01:58:13.288+0600][9.380s][info][gc,phases   ] GC(17)   Pre Evacuate Collection Set: 0.26ms
[2026-04-03T01:58:13.288+0600][9.380s][info][gc,phases   ] GC(17)   Merge Heap Roots: 0.13ms
[2026-04-03T01:58:13.288+0600][9.380s][info][gc,phases   ] GC(17)   Evacuate Collection Set: 7.99ms
[2026-04-03T01:58:13.288+0600][9.380s][info][gc,phases   ] GC(17)   Post Evacuate Collection Set: 1.68ms
[2026-04-03T01:58:13.288+0600][9.380s][info][gc,phases   ] GC(17)   Other: 0.06ms
[2026-04-03T01:58:13.288+0600][9.380s][info][gc,heap     ] GC(17) Eden regions: 73->0(174)
[2026-04-03T01:58:13.288+0600][9.380s][info][gc,heap     ] GC(17) Survivor regions: 8->7(11)
[2026-04-03T01:58:13.288+0600][9.380s][info][gc,heap     ] GC(17) Old regions: 47->54
[2026-04-03T01:58:13.288+0600][9.380s][info][gc,heap     ] GC(17) Humongous regions: 8->8
[2026-04-03T01:58:13.288+0600][9.380s][info][gc,metaspace] GC(17) Metaspace: 49249K(49792K)->49249K(49792K) NonClass: 43145K(43456K)->43145K(43456K) Class: 6104K(6336K)->6104K(6336K)
[2026-04-03T01:58:13.288+0600][9.380s][info][gc          ] GC(17) Pause Young (Normal) (G1 Evacuation Pause) 134M->68M(302M) 10.354ms
[2026-04-03T01:58:13.289+0600][9.380s][info][gc,cpu      ] GC(17) User=0.02s Sys=0.00s Real=0.01s
[2026-04-03T01:58:13.524+0600][9.616s][info][gc,start    ] GC(18) Pause Young (Normal) (G1 Evacuation Pause)
[2026-04-03T01:58:13.524+0600][9.616s][info][gc,task     ] GC(18) Using 7 workers of 10 for evacuation
[2026-04-03T01:58:13.531+0600][9.623s][info][gc,phases   ] GC(18)   Pre Evacuate Collection Set: 0.26ms
[2026-04-03T01:58:13.531+0600][9.623s][info][gc,phases   ] GC(18)   Merge Heap Roots: 0.10ms
[2026-04-03T01:58:13.531+0600][9.623s][info][gc,phases   ] GC(18)   Evacuate Collection Set: 5.59ms
[2026-04-03T01:58:13.531+0600][9.623s][info][gc,phases   ] GC(18)   Post Evacuate Collection Set: 0.87ms
[2026-04-03T01:58:13.531+0600][9.623s][info][gc,phases   ] GC(18)   Other: 0.15ms
[2026-04-03T01:58:13.531+0600][9.623s][info][gc,heap     ] GC(18) Eden regions: 174->0(159)
[2026-04-03T01:58:13.531+0600][9.623s][info][gc,heap     ] GC(18) Survivor regions: 7->22(23)
[2026-04-03T01:58:13.531+0600][9.623s][info][gc,heap     ] GC(18) Old regions: 54->54
[2026-04-03T01:58:13.531+0600][9.623s][info][gc,heap     ] GC(18) Humongous regions: 8->8
[2026-04-03T01:58:13.531+0600][9.623s][info][gc,metaspace] GC(18) Metaspace: 49249K(49792K)->49249K(49792K) NonClass: 43145K(43456K)->43145K(43456K) Class: 6104K(6336K)->6104K(6336K)
[2026-04-03T01:58:13.531+0600][9.623s][info][gc          ] GC(18) Pause Young (Normal) (G1 Evacuation Pause) 242M->82M(302M) 7.246ms
[2026-04-03T01:58:13.531+0600][9.623s][info][gc,cpu      ] GC(18) User=0.04s Sys=0.00s Real=0.01s
[2026-04-03T01:58:13.694+0600][9.786s][info][gc,start    ] GC(19) Pause Young (Normal) (G1 Evacuation Pause)
[2026-04-03T01:58:13.695+0600][9.786s][info][gc,task     ] GC(19) Using 7 workers of 10 for evacuation
[2026-04-03T01:58:13.704+0600][9.796s][info][gc,phases   ] GC(19)   Pre Evacuate Collection Set: 0.25ms
[2026-04-03T01:58:13.704+0600][9.796s][info][gc,phases   ] GC(19)   Merge Heap Roots: 0.18ms
[2026-04-03T01:58:13.704+0600][9.796s][info][gc,phases   ] GC(19)   Evacuate Collection Set: 8.29ms
[2026-04-03T01:58:13.704+0600][9.796s][info][gc,phases   ] GC(19)   Post Evacuate Collection Set: 0.83ms
[2026-04-03T01:58:13.704+0600][9.796s][info][gc,phases   ] GC(19)   Other: 0.16ms
[2026-04-03T01:58:13.704+0600][9.796s][info][gc,heap     ] GC(19) Eden regions: 159->0(166)
[2026-04-03T01:58:13.704+0600][9.796s][info][gc,heap     ] GC(19) Survivor regions: 22->15(23)
[2026-04-03T01:58:13.704+0600][9.796s][info][gc,heap     ] GC(19) Old regions: 54->75
[2026-04-03T01:58:13.704+0600][9.796s][info][gc,heap     ] GC(19) Humongous regions: 8->8
[2026-04-03T01:58:13.704+0600][9.796s][info][gc,metaspace] GC(19) Metaspace: 49249K(49792K)->49249K(49792K) NonClass: 43145K(43456K)->43145K(43456K) Class: 6104K(6336K)->6104K(6336K)
[2026-04-03T01:58:13.704+0600][9.796s][info][gc          ] GC(19) Pause Young (Normal) (G1 Evacuation Pause) 241M->97M(302M) 9.984ms
[2026-04-03T01:58:13.705+0600][9.796s][info][gc,cpu      ] GC(19) User=0.06s Sys=0.00s Real=0.01s
[2026-04-03T01:58:13.859+0600][9.951s][info][gc,start    ] GC(20) Pause Young (Normal) (G1 Evacuation Pause)
[2026-04-03T01:58:13.859+0600][9.951s][info][gc,task     ] GC(20) Using 7 workers of 10 for evacuation
[2026-04-03T01:58:13.868+0600][9.959s][info][gc,phases   ] GC(20)   Pre Evacuate Collection Set: 0.25ms
[2026-04-03T01:58:13.868+0600][9.959s][info][gc,phases   ] GC(20)   Merge Heap Roots: 0.06ms
[2026-04-03T01:58:13.868+0600][9.959s][info][gc,phases   ] GC(20)   Evacuate Collection Set: 6.98ms
[2026-04-03T01:58:13.868+0600][9.959s][info][gc,phases   ] GC(20)   Post Evacuate Collection Set: 0.90ms
[2026-04-03T01:58:13.868+0600][9.959s][info][gc,phases   ] GC(20)   Other: 0.09ms
[2026-04-03T01:58:13.868+0600][9.959s][info][gc,heap     ] GC(20) Eden regions: 166->0(158)
[2026-04-03T01:58:13.868+0600][9.959s][info][gc,heap     ] GC(20) Survivor regions: 15->15(23)
[2026-04-03T01:58:13.868+0600][9.959s][info][gc,heap     ] GC(20) Old regions: 75->89
[2026-04-03T01:58:13.868+0600][9.959s][info][gc,heap     ] GC(20) Humongous regions: 8->8
[2026-04-03T01:58:13.868+0600][9.959s][info][gc,metaspace] GC(20) Metaspace: 49249K(49792K)->49249K(49792K) NonClass: 43145K(43456K)->43145K(43456K) Class: 6104K(6336K)->6104K(6336K)
[2026-04-03T01:58:13.868+0600][9.959s][info][gc          ] GC(20) Pause Young (Normal) (G1 Evacuation Pause) 263M->111M(302M) 8.624ms
[2026-04-03T01:58:13.868+0600][9.960s][info][gc,cpu      ] GC(20) User=0.06s Sys=0.00s Real=0.01s
[2026-04-03T01:58:14.016+0600][10.107s][info][gc,start    ] GC(21) Pause Young (Normal) (G1 Evacuation Pause)
[2026-04-03T01:58:14.016+0600][10.107s][info][gc,task     ] GC(21) Using 7 workers of 10 for evacuation
[2026-04-03T01:58:14.024+0600][10.116s][info][gc,phases   ] GC(21)   Pre Evacuate Collection Set: 0.48ms
[2026-04-03T01:58:14.025+0600][10.116s][info][gc,phases   ] GC(21)   Merge Heap Roots: 0.19ms
[2026-04-03T01:58:14.025+0600][10.116s][info][gc,phases   ] GC(21)   Evacuate Collection Set: 7.17ms
[2026-04-03T01:58:14.025+0600][10.116s][info][gc,phases   ] GC(21)   Post Evacuate Collection Set: 0.85ms
[2026-04-03T01:58:14.025+0600][10.116s][info][gc,phases   ] GC(21)   Other: 0.15ms
[2026-04-03T01:58:14.025+0600][10.116s][info][gc,heap     ] GC(21) Eden regions: 158->0(146)
[2026-04-03T01:58:14.025+0600][10.116s][info][gc,heap     ] GC(21) Survivor regions: 15->15(22)
[2026-04-03T01:58:14.025+0600][10.116s][info][gc,heap     ] GC(21) Old regions: 89->104
[2026-04-03T01:58:14.025+0600][10.116s][info][gc,heap     ] GC(21) Humongous regions: 8->8
[2026-04-03T01:58:14.025+0600][10.116s][info][gc,metaspace] GC(21) Metaspace: 49249K(49792K)->49249K(49792K) NonClass: 43145K(43456K)->43145K(43456K) Class: 6104K(6336K)->6104K(6336K)
[2026-04-03T01:58:14.025+0600][10.116s][info][gc          ] GC(21) Pause Young (Normal) (G1 Evacuation Pause) 269M->126M(302M) 9.126ms
[2026-04-03T01:58:14.025+0600][10.116s][info][gc,cpu      ] GC(21) User=0.06s Sys=0.00s Real=0.01s
[2026-04-03T01:58:14.417+0600][10.509s][info][gc,start    ] GC(22) Pause Young (Normal) (G1 Evacuation Pause)
[2026-04-03T01:58:14.417+0600][10.509s][info][gc,task     ] GC(22) Using 7 workers of 10 for evacuation
[2026-04-03T01:58:14.426+0600][10.518s][info][gc,phases   ] GC(22)   Pre Evacuate Collection Set: 0.18ms
[2026-04-03T01:58:14.426+0600][10.518s][info][gc,phases   ] GC(22)   Merge Heap Roots: 0.09ms
[2026-04-03T01:58:14.426+0600][10.518s][info][gc,phases   ] GC(22)   Evacuate Collection Set: 6.54ms
[2026-04-03T01:58:14.426+0600][10.518s][info][gc,phases   ] GC(22)   Post Evacuate Collection Set: 1.72ms
[2026-04-03T01:58:14.426+0600][10.518s][info][gc,phases   ] GC(22)   Other: 0.10ms
[2026-04-03T01:58:14.426+0600][10.518s][info][gc,heap     ] GC(22) Eden regions: 146->0(178)
[2026-04-03T01:58:14.426+0600][10.518s][info][gc,heap     ] GC(22) Survivor regions: 15->11(21)
[2026-04-03T01:58:14.426+0600][10.518s][info][gc,heap     ] GC(22) Old regions: 104->119
[2026-04-03T01:58:14.426+0600][10.518s][info][gc,heap     ] GC(22) Humongous regions: 8->8
[2026-04-03T01:58:14.426+0600][10.518s][info][gc,metaspace] GC(22) Metaspace: 50601K(51136K)->50601K(51136K) NonClass: 44299K(44608K)->44299K(44608K) Class: 6302K(6528K)->6302K(6528K)
[2026-04-03T01:58:14.426+0600][10.518s][info][gc          ] GC(22) Pause Young (Normal) (G1 Evacuation Pause) 272M->137M(350M) 8.942ms
[2026-04-03T01:58:14.426+0600][10.518s][info][gc,cpu      ] GC(22) User=0.04s Sys=0.00s Real=0.01s
[2026-04-03T01:58:16.119+0600][12.210s][info][gc,start    ] GC(23) Pause Full (System.gc())
[2026-04-03T01:58:16.119+0600][12.210s][info][gc,task     ] GC(23) Using 8 workers of 10 for full compaction
[2026-04-03T01:58:16.119+0600][12.211s][info][gc,phases,start] GC(23) Phase 1: Mark live objects
[2026-04-03T01:58:16.129+0600][12.221s][info][gc,phases      ] GC(23) Phase 1: Mark live objects 9.765ms
[2026-04-03T01:58:16.129+0600][12.221s][info][gc,phases,start] GC(23) Phase 2: Prepare compaction
[2026-04-03T01:58:16.130+0600][12.222s][info][gc,phases      ] GC(23) Phase 2: Prepare compaction 1.046ms
[2026-04-03T01:58:16.130+0600][12.222s][info][gc,phases,start] GC(23) Phase 3: Adjust pointers
[2026-04-03T01:58:16.135+0600][12.227s][info][gc,phases      ] GC(23) Phase 3: Adjust pointers 5.379ms
[2026-04-03T01:58:16.135+0600][12.227s][info][gc,phases,start] GC(23) Phase 4: Compact heap
[2026-04-03T01:58:16.137+0600][12.229s][info][gc,phases      ] GC(23) Phase 4: Compact heap 1.369ms
[2026-04-03T01:58:16.137+0600][12.229s][info][gc,phases,start] GC(23) Phase 5: Reset Metadata
[2026-04-03T01:58:16.138+0600][12.230s][info][gc,phases      ] GC(23) Phase 5: Reset Metadata 1.283ms
[2026-04-03T01:58:16.143+0600][12.235s][info][gc,heap        ] GC(23) Eden regions: 34->0(70)
[2026-04-03T01:58:16.143+0600][12.235s][info][gc,heap        ] GC(23) Survivor regions: 11->0(21)
[2026-04-03T01:58:16.143+0600][12.235s][info][gc,heap        ] GC(23) Old regions: 119->28
[2026-04-03T01:58:16.143+0600][12.235s][info][gc,heap        ] GC(23) Humongous regions: 27->8
[2026-04-03T01:58:16.143+0600][12.235s][info][gc,metaspace   ] GC(23) Metaspace: 55452K(55936K)->55452K(55936K) NonClass: 48483K(48768K)->48483K(48768K) Class: 6968K(7168K)->6968K(7168K)
[2026-04-03T01:58:16.143+0600][12.235s][info][gc             ] GC(23) Pause Full (System.gc()) 190M->29M(120M) 24.596ms
[2026-04-03T01:58:16.143+0600][12.235s][info][gc,cpu         ] GC(23) User=0.10s Sys=0.02s Real=0.03s
[2026-04-03T01:58:17.857+0600][13.949s][info][gc,start       ] GC(24) Pause Young (Concurrent Start) (G1 Humongous Allocation)
[2026-04-03T01:58:17.858+0600][13.949s][info][gc,task        ] GC(24) Using 5 workers of 10 for evacuation
[2026-04-03T01:58:17.861+0600][13.953s][info][gc,phases      ] GC(24)   Pre Evacuate Collection Set: 0.41ms
[2026-04-03T01:58:17.861+0600][13.953s][info][gc,phases      ] GC(24)   Merge Heap Roots: 0.13ms
[2026-04-03T01:58:17.861+0600][13.953s][info][gc,phases      ] GC(24)   Evacuate Collection Set: 2.12ms
[2026-04-03T01:58:17.861+0600][13.953s][info][gc,phases      ] GC(24)   Post Evacuate Collection Set: 0.74ms
[2026-04-03T01:58:17.861+0600][13.953s][info][gc,phases      ] GC(24)   Other: 0.21ms
[2026-04-03T01:58:17.861+0600][13.953s][info][gc,heap        ] GC(24) Eden regions: 45->0(63)
[2026-04-03T01:58:17.861+0600][13.953s][info][gc,heap        ] GC(24) Survivor regions: 0->4(9)
[2026-04-03T01:58:17.861+0600][13.953s][info][gc,heap        ] GC(24) Old regions: 28->28
[2026-04-03T01:58:17.861+0600][13.953s][info][gc,heap        ] GC(24) Humongous regions: 25->8
[2026-04-03T01:58:17.861+0600][13.953s][info][gc,metaspace   ] GC(24) Metaspace: 60537K(61248K)->60537K(61248K) NonClass: 52842K(53248K)->52842K(53248K) Class: 7694K(8000K)->7694K(8000K)
[2026-04-03T01:58:17.861+0600][13.953s][info][gc             ] GC(24) Pause Young (Concurrent Start) (G1 Humongous Allocation) 91M->33M(120M) 3.841ms
[2026-04-03T01:58:17.861+0600][13.953s][info][gc,cpu         ] GC(24) User=0.01s Sys=0.00s Real=0.01s
[2026-04-03T01:58:17.861+0600][13.953s][info][gc             ] GC(25) Concurrent Undo Cycle
[2026-04-03T01:58:17.861+0600][13.953s][info][gc,marking     ] GC(25) Concurrent Clear Claimed Marks
[2026-04-03T01:58:17.862+0600][13.953s][info][gc,marking     ] GC(25) Concurrent Clear Claimed Marks 0.090ms
[2026-04-03T01:58:17.862+0600][13.953s][info][gc,marking     ] GC(25) Concurrent Cleanup for Next Mark
[2026-04-03T01:58:17.862+0600][13.953s][info][gc,marking     ] GC(25) Concurrent Cleanup for Next Mark 0.168ms
[2026-04-03T01:58:17.862+0600][13.953s][info][gc             ] GC(25) Concurrent Undo Cycle 0.383ms
[2026-04-03T01:58:18.190+0600][14.281s][info][gc,start       ] GC(26) Pause Young (Normal) (G1 Evacuation Pause)
[2026-04-03T01:58:18.190+0600][14.282s][info][gc,task        ] GC(26) Using 3 workers of 10 for evacuation
[2026-04-03T01:58:18.197+0600][14.288s][info][gc,phases      ] GC(26)   Pre Evacuate Collection Set: 0.47ms
[2026-04-03T01:58:18.197+0600][14.289s][info][gc,phases      ] GC(26)   Merge Heap Roots: 0.27ms
[2026-04-03T01:58:18.197+0600][14.289s][info][gc,phases      ] GC(26)   Evacuate Collection Set: 5.14ms
[2026-04-03T01:58:18.197+0600][14.289s][info][gc,phases      ] GC(26)   Post Evacuate Collection Set: 0.87ms
[2026-04-03T01:58:18.197+0600][14.289s][info][gc,phases      ] GC(26)   Other: 0.13ms
[2026-04-03T01:58:18.197+0600][14.289s][info][gc,heap        ] GC(26) Eden regions: 63->0(62)
[2026-04-03T01:58:18.197+0600][14.289s][info][gc,heap        ] GC(26) Survivor regions: 4->7(9)
[2026-04-03T01:58:18.197+0600][14.289s][info][gc,heap        ] GC(26) Old regions: 28->28
[2026-04-03T01:58:18.197+0600][14.289s][info][gc,heap        ] GC(26) Humongous regions: 10->8
[2026-04-03T01:58:18.197+0600][14.289s][info][gc,metaspace   ] GC(26) Metaspace: 61573K(62208K)->61573K(62208K) NonClass: 53841K(54208K)->53841K(54208K) Class: 7732K(8000K)->7732K(8000K)
[2026-04-03T01:58:18.197+0600][14.289s][info][gc             ] GC(26) Pause Young (Normal) (G1 Evacuation Pause) 98M->36M(120M) 7.248ms
[2026-04-03T01:58:18.197+0600][14.289s][info][gc,cpu         ] GC(26) User=0.02s Sys=0.00s Real=0.01s
[2026-04-03T01:58:18.315+0600][14.406s][info][gc,start       ] GC(27) Pause Young (Normal) (G1 Evacuation Pause)
[2026-04-03T01:58:18.315+0600][14.406s][info][gc,task        ] GC(27) Using 2 workers of 10 for evacuation
[2026-04-03T01:58:18.330+0600][14.421s][info][gc,phases      ] GC(27)   Pre Evacuate Collection Set: 0.25ms
[2026-04-03T01:58:18.330+0600][14.421s][info][gc,phases      ] GC(27)   Merge Heap Roots: 0.15ms
[2026-04-03T01:58:18.330+0600][14.421s][info][gc,phases      ] GC(27)   Evacuate Collection Set: 13.67ms
[2026-04-03T01:58:18.330+0600][14.421s][info][gc,phases      ] GC(27)   Post Evacuate Collection Set: 0.63ms
[2026-04-03T01:58:18.330+0600][14.421s][info][gc,phases      ] GC(27)   Other: 0.09ms
[2026-04-03T01:58:18.330+0600][14.421s][info][gc,heap        ] GC(27) Eden regions: 62->0(58)
[2026-04-03T01:58:18.330+0600][14.421s][info][gc,heap        ] GC(27) Survivor regions: 7->9(9)
[2026-04-03T01:58:18.330+0600][14.421s][info][gc,heap        ] GC(27) Old regions: 28->31
[2026-04-03T01:58:18.330+0600][14.421s][info][gc,heap        ] GC(27) Humongous regions: 9->9
[2026-04-03T01:58:18.330+0600][14.421s][info][gc,metaspace   ] GC(27) Metaspace: 61600K(62272K)->61600K(62272K) NonClass: 53868K(54272K)->53868K(54272K) Class: 7732K(8000K)->7732K(8000K)
[2026-04-03T01:58:18.330+0600][14.421s][info][gc             ] GC(27) Pause Young (Normal) (G1 Evacuation Pause) 99M->42M(120M) 15.104ms
[2026-04-03T01:58:18.330+0600][14.421s][info][gc,cpu         ] GC(27) User=0.04s Sys=0.00s Real=0.02s
[2026-04-03T01:58:18.392+0600][14.484s][info][gc,start       ] GC(28) Pause Young (Normal) (G1 Evacuation Pause)
[2026-04-03T01:58:18.392+0600][14.484s][info][gc,task        ] GC(28) Using 2 workers of 10 for evacuation
[2026-04-03T01:58:18.434+0600][14.525s][info][gc,phases      ] GC(28)   Pre Evacuate Collection Set: 0.24ms
[2026-04-03T01:58:18.434+0600][14.525s][info][gc,phases      ] GC(28)   Merge Heap Roots: 0.19ms
[2026-04-03T01:58:18.434+0600][14.525s][info][gc,phases      ] GC(28)   Evacuate Collection Set: 40.23ms
[2026-04-03T01:58:18.434+0600][14.525s][info][gc,phases      ] GC(28)   Post Evacuate Collection Set: 0.67ms
[2026-04-03T01:58:18.434+0600][14.525s][info][gc,phases      ] GC(28)   Other: 0.10ms
[2026-04-03T01:58:18.434+0600][14.525s][info][gc,heap        ] GC(28) Eden regions: 58->0(55)
[2026-04-03T01:58:18.434+0600][14.525s][info][gc,heap        ] GC(28) Survivor regions: 9->6(9)
[2026-04-03T01:58:18.434+0600][14.526s][info][gc,heap        ] GC(28) Old regions: 31->40
[2026-04-03T01:58:18.434+0600][14.526s][info][gc,heap        ] GC(28) Humongous regions: 11->11
[2026-04-03T01:58:18.434+0600][14.526s][info][gc,metaspace   ] GC(28) Metaspace: 61611K(62272K)->61611K(62272K) NonClass: 53878K(54272K)->53878K(54272K) Class: 7732K(8000K)->7732K(8000K)
[2026-04-03T01:58:18.434+0600][14.526s][info][gc             ] GC(28) Pause Young (Normal) (G1 Evacuation Pause) 102M->49M(124M) 41.859ms
[2026-04-03T01:58:18.434+0600][14.526s][info][gc,cpu         ] GC(28) User=0.12s Sys=0.00s Real=0.04s
[2026-04-03T01:58:18.485+0600][14.577s][info][gc,start       ] GC(29) Pause Young (Normal) (G1 Evacuation Pause)
[2026-04-03T01:58:18.485+0600][14.577s][info][gc,task        ] GC(29) Using 2 workers of 10 for evacuation
[2026-04-03T01:58:18.504+0600][14.596s][info][gc,phases      ] GC(29)   Pre Evacuate Collection Set: 0.20ms
[2026-04-03T01:58:18.504+0600][14.596s][info][gc,phases      ] GC(29)   Merge Heap Roots: 0.27ms
[2026-04-03T01:58:18.504+0600][14.596s][info][gc,phases      ] GC(29)   Evacuate Collection Set: 18.02ms
[2026-04-03T01:58:18.504+0600][14.596s][info][gc,phases      ] GC(29)   Post Evacuate Collection Set: 0.64ms
[2026-04-03T01:58:18.504+0600][14.596s][info][gc,phases      ] GC(29)   Other: 0.09ms
[2026-04-03T01:58:18.504+0600][14.596s][info][gc,heap        ] GC(29) Eden regions: 55->0(52)
[2026-04-03T01:58:18.504+0600][14.596s][info][gc,heap        ] GC(29) Survivor regions: 6->5(8)
[2026-04-03T01:58:18.504+0600][14.596s][info][gc,heap        ] GC(29) Old regions: 40->45
[2026-04-03T01:58:18.504+0600][14.596s][info][gc,heap        ] GC(29) Humongous regions: 11->11
[2026-04-03T01:58:18.504+0600][14.596s][info][gc,metaspace   ] GC(29) Metaspace: 61611K(62272K)->61611K(62272K) NonClass: 53879K(54272K)->53879K(54272K) Class: 7732K(8000K)->7732K(8000K)
[2026-04-03T01:58:18.505+0600][14.596s][info][gc             ] GC(29) Pause Young (Normal) (G1 Evacuation Pause) 104M->54M(124M) 19.517ms
[2026-04-03T01:58:18.505+0600][14.596s][info][gc,cpu         ] GC(29) User=0.06s Sys=0.00s Real=0.02s
[2026-04-03T01:58:18.546+0600][14.638s][info][gc,start       ] GC(30) Pause Young (Concurrent Start) (G1 Evacuation Pause)
[2026-04-03T01:58:18.546+0600][14.638s][info][gc,task        ] GC(30) Using 2 workers of 10 for evacuation
[2026-04-03T01:58:18.558+0600][14.650s][info][gc,phases      ] GC(30)   Pre Evacuate Collection Set: 0.31ms
[2026-04-03T01:58:18.558+0600][14.650s][info][gc,phases      ] GC(30)   Merge Heap Roots: 0.10ms
[2026-04-03T01:58:18.558+0600][14.650s][info][gc,phases      ] GC(30)   Evacuate Collection Set: 9.38ms
[2026-04-03T01:58:18.558+0600][14.650s][info][gc,phases      ] GC(30)   Post Evacuate Collection Set: 1.67ms
[2026-04-03T01:58:18.558+0600][14.650s][info][gc,phases      ] GC(30)   Other: 0.16ms
[2026-04-03T01:58:18.558+0600][14.650s][info][gc,heap        ] GC(30) Eden regions: 52->0(175)
[2026-04-03T01:58:18.558+0600][14.650s][info][gc,heap        ] GC(30) Survivor regions: 5->5(8)
[2026-04-03T01:58:18.558+0600][14.650s][info][gc,heap        ] GC(30) Old regions: 45->50
[2026-04-03T01:58:18.558+0600][14.650s][info][gc,heap        ] GC(30) Humongous regions: 11->11
[2026-04-03T01:58:18.558+0600][14.650s][info][gc,metaspace   ] GC(30) Metaspace: 61616K(62272K)->61616K(62272K) NonClass: 53884K(54272K)->53884K(54272K) Class: 7732K(8000K)->7732K(8000K)
[2026-04-03T01:58:18.558+0600][14.650s][info][gc             ] GC(30) Pause Young (Concurrent Start) (G1 Evacuation Pause) 106M->59M(301M) 11.876ms
[2026-04-03T01:58:18.558+0600][14.650s][info][gc,cpu         ] GC(30) User=0.02s Sys=0.00s Real=0.01s
[2026-04-03T01:58:18.558+0600][14.650s][info][gc             ] GC(31) Concurrent Mark Cycle
[2026-04-03T01:58:18.558+0600][14.650s][info][gc,marking     ] GC(31) Concurrent Scan Root Regions
[2026-04-03T01:58:18.560+0600][14.652s][info][gc,marking     ] GC(31) Concurrent Scan Root Regions 1.860ms
[2026-04-03T01:58:18.560+0600][14.652s][info][gc,marking     ] GC(31) Concurrent Mark
[2026-04-03T01:58:18.560+0600][14.652s][info][gc,marking     ] GC(31) Concurrent Mark From Roots
[2026-04-03T01:58:18.560+0600][14.652s][info][gc,task        ] GC(31) Using 3 workers of 3 for marking
[2026-04-03T01:58:18.581+0600][14.673s][info][gc,marking     ] GC(31) Concurrent Mark From Roots 20.908ms
[2026-04-03T01:58:18.581+0600][14.673s][info][gc,marking     ] GC(31) Concurrent Preclean
[2026-04-03T01:58:18.581+0600][14.673s][info][gc,marking     ] GC(31) Concurrent Preclean 0.117ms
[2026-04-03T01:58:18.582+0600][14.673s][info][gc,start       ] GC(31) Pause Remark
[2026-04-03T01:58:18.589+0600][14.681s][info][gc             ] GC(31) Pause Remark 73M->72M(217M) 7.532ms
[2026-04-03T01:58:18.589+0600][14.681s][info][gc,cpu         ] GC(31) User=0.01s Sys=0.00s Real=0.00s
[2026-04-03T01:58:18.589+0600][14.681s][info][gc,marking     ] GC(31) Concurrent Mark 29.109ms
[2026-04-03T01:58:18.589+0600][14.681s][info][gc,marking     ] GC(31) Concurrent Rebuild Remembered Sets and Scrub Regions
[2026-04-03T01:58:18.599+0600][14.691s][info][gc,marking     ] GC(31) Concurrent Rebuild Remembered Sets and Scrub Regions 9.708ms
[2026-04-03T01:58:18.599+0600][14.691s][info][gc,start       ] GC(31) Pause Cleanup
[2026-04-03T01:58:18.600+0600][14.691s][info][gc             ] GC(31) Pause Cleanup 78M->78M(217M) 0.255ms
[2026-04-03T01:58:18.600+0600][14.691s][info][gc,cpu         ] GC(31) User=0.00s Sys=0.00s Real=0.00s
[2026-04-03T01:58:18.600+0600][14.691s][info][gc,marking     ] GC(31) Concurrent Clear Claimed Marks
[2026-04-03T01:58:18.600+0600][14.691s][info][gc,marking     ] GC(31) Concurrent Clear Claimed Marks 0.132ms
[2026-04-03T01:58:18.600+0600][14.691s][info][gc,marking     ] GC(31) Concurrent Cleanup for Next Mark
[2026-04-03T01:58:18.601+0600][14.692s][info][gc,marking     ] GC(31) Concurrent Cleanup for Next Mark 0.816ms
[2026-04-03T01:58:18.601+0600][14.692s][info][gc             ] GC(31) Concurrent Mark Cycle 42.493ms
[2026-04-03T01:58:18.718+0600][14.809s][info][gc,start       ] GC(32) Pause Young (Prepare Mixed) (G1 Evacuation Pause)
[2026-04-03T01:58:18.718+0600][14.809s][info][gc,task        ] GC(32) Using 5 workers of 10 for evacuation
[2026-04-03T01:58:18.731+0600][14.823s][info][gc,phases      ] GC(32)   Pre Evacuate Collection Set: 0.35ms
[2026-04-03T01:58:18.731+0600][14.823s][info][gc,phases      ] GC(32)   Merge Heap Roots: 0.20ms
[2026-04-03T01:58:18.731+0600][14.823s][info][gc,phases      ] GC(32)   Evacuate Collection Set: 12.37ms
[2026-04-03T01:58:18.731+0600][14.823s][info][gc,phases      ] GC(32)   Post Evacuate Collection Set: 0.54ms
[2026-04-03T01:58:18.731+0600][14.823s][info][gc,phases      ] GC(32)   Other: 0.08ms
[2026-04-03T01:58:18.731+0600][14.823s][info][gc,heap        ] GC(32) Eden regions: 149->0(123)
[2026-04-03T01:58:18.731+0600][14.823s][info][gc,heap        ] GC(32) Survivor regions: 5->18(23)
[2026-04-03T01:58:18.731+0600][14.823s][info][gc,heap        ] GC(32) Old regions: 50->50
[2026-04-03T01:58:18.731+0600][14.823s][info][gc,heap        ] GC(32) Humongous regions: 13->13
[2026-04-03T01:58:18.731+0600][14.823s][info][gc,metaspace   ] GC(32) Metaspace: 61618K(62272K)->61618K(62272K) NonClass: 53886K(54272K)->53886K(54272K) Class: 7732K(8000K)->7732K(8000K)
[2026-04-03T01:58:18.731+0600][14.823s][info][gc             ] GC(32) Pause Young (Prepare Mixed) (G1 Evacuation Pause) 210M->74M(235M) 13.864ms
[2026-04-03T01:58:18.731+0600][14.823s][info][gc,cpu         ] GC(32) User=0.05s Sys=0.01s Real=0.02s
[2026-04-03T01:58:18.803+0600][14.894s][info][gc,start       ] GC(33) Pause Young (Mixed) (G1 Evacuation Pause)
[2026-04-03T01:58:18.803+0600][14.894s][info][gc,task        ] GC(33) Using 5 workers of 10 for evacuation
[2026-04-03T01:58:18.815+0600][14.906s][info][gc,phases      ] GC(33)   Pre Evacuate Collection Set: 0.34ms
[2026-04-03T01:58:18.815+0600][14.907s][info][gc,phases      ] GC(33)   Merge Heap Roots: 0.19ms
[2026-04-03T01:58:18.815+0600][14.907s][info][gc,phases      ] GC(33)   Evacuate Collection Set: 10.42ms
[2026-04-03T01:58:18.815+0600][14.907s][info][gc,phases      ] GC(33)   Post Evacuate Collection Set: 0.94ms
[2026-04-03T01:58:18.815+0600][14.907s][info][gc,phases      ] GC(33)   Other: 0.12ms
[2026-04-03T01:58:18.815+0600][14.907s][info][gc,heap        ] GC(33) Eden regions: 123->0(117)
[2026-04-03T01:58:18.815+0600][14.907s][info][gc,heap        ] GC(33) Survivor regions: 18->12(18)
[2026-04-03T01:58:18.815+0600][14.907s][info][gc,heap        ] GC(33) Old regions: 50->66
[2026-04-03T01:58:18.815+0600][14.907s][info][gc,heap        ] GC(33) Humongous regions: 13->13
[2026-04-03T01:58:18.815+0600][14.907s][info][gc,metaspace   ] GC(33) Metaspace: 61618K(62272K)->61618K(62272K) NonClass: 53886K(54272K)->53886K(54272K) Class: 7732K(8000K)->7732K(8000K)
[2026-04-03T01:58:18.815+0600][14.907s][info][gc             ] GC(33) Pause Young (Mixed) (G1 Evacuation Pause) 197M->85M(235M) 12.514ms
[2026-04-03T01:58:18.815+0600][14.907s][info][gc,cpu         ] GC(33) User=0.05s Sys=0.01s Real=0.01s
[2026-04-03T01:58:18.841+0600][14.933s][info][gc,start       ] GC(34) Pause Young (Concurrent Start) (G1 Humongous Allocation)
[2026-04-03T01:58:18.841+0600][14.933s][info][gc,task        ] GC(34) Using 5 workers of 10 for evacuation
[2026-04-03T01:58:18.850+0600][14.942s][info][gc,phases      ] GC(34)   Pre Evacuate Collection Set: 0.44ms
[2026-04-03T01:58:18.850+0600][14.942s][info][gc,phases      ] GC(34)   Merge Heap Roots: 0.07ms
[2026-04-03T01:58:18.850+0600][14.942s][info][gc,phases      ] GC(34)   Evacuate Collection Set: 7.41ms
[2026-04-03T01:58:18.850+0600][14.942s][info][gc,phases      ] GC(34)   Post Evacuate Collection Set: 0.68ms
[2026-04-03T01:58:18.850+0600][14.942s][info][gc,phases      ] GC(34)   Other: 0.28ms
[2026-04-03T01:58:18.850+0600][14.942s][info][gc,heap        ] GC(34) Eden regions: 41->0(114)
[2026-04-03T01:58:18.850+0600][14.942s][info][gc,heap        ] GC(34) Survivor regions: 12->5(17)
[2026-04-03T01:58:18.850+0600][14.942s][info][gc,heap        ] GC(34) Old regions: 66->78
[2026-04-03T01:58:18.850+0600][14.942s][info][gc,heap        ] GC(34) Humongous regions: 13->13
[2026-04-03T01:58:18.850+0600][14.942s][info][gc,metaspace   ] GC(34) Metaspace: 61618K(62272K)->61618K(62272K) NonClass: 53886K(54272K)->53886K(54272K) Class: 7732K(8000K)->7732K(8000K)
[2026-04-03T01:58:18.850+0600][14.942s][info][gc             ] GC(34) Pause Young (Concurrent Start) (G1 Humongous Allocation) 126M->90M(235M) 9.080ms
[2026-04-03T01:58:18.850+0600][14.942s][info][gc,cpu         ] GC(34) User=0.04s Sys=0.00s Real=0.01s
[2026-04-03T01:58:18.850+0600][14.942s][info][gc             ] GC(35) Concurrent Mark Cycle
[2026-04-03T01:58:18.850+0600][14.942s][info][gc,marking     ] GC(35) Concurrent Scan Root Regions
[2026-04-03T01:58:18.853+0600][14.945s][info][gc,marking     ] GC(35) Concurrent Scan Root Regions 2.537ms
[2026-04-03T01:58:18.853+0600][14.945s][info][gc,marking     ] GC(35) Concurrent Mark
[2026-04-03T01:58:18.853+0600][14.945s][info][gc,marking     ] GC(35) Concurrent Mark From Roots
[2026-04-03T01:58:18.853+0600][14.945s][info][gc,task        ] GC(35) Using 3 workers of 3 for marking
[2026-04-03T01:58:18.885+0600][14.976s][info][gc,marking     ] GC(35) Concurrent Mark From Roots 31.717ms
[2026-04-03T01:58:18.885+0600][14.977s][info][gc,marking     ] GC(35) Concurrent Preclean
[2026-04-03T01:58:18.885+0600][14.977s][info][gc,marking     ] GC(35) Concurrent Preclean 0.130ms
[2026-04-03T01:58:18.885+0600][14.977s][info][gc,start       ] GC(35) Pause Remark
[2026-04-03T01:58:18.889+0600][14.981s][info][gc             ] GC(35) Pause Remark 134M->132M(235M) 3.805ms
[2026-04-03T01:58:18.889+0600][14.981s][info][gc,cpu         ] GC(35) User=0.01s Sys=0.00s Real=0.00s
[2026-04-03T01:58:18.889+0600][14.981s][info][gc,marking     ] GC(35) Concurrent Mark 36.185ms
[2026-04-03T01:58:18.889+0600][14.981s][info][gc,marking     ] GC(35) Concurrent Rebuild Remembered Sets and Scrub Regions
[2026-04-03T01:58:18.906+0600][14.997s][info][gc,marking     ] GC(35) Concurrent Rebuild Remembered Sets and Scrub Regions 16.320ms
[2026-04-03T01:58:18.906+0600][14.998s][info][gc,start       ] GC(35) Pause Cleanup
[2026-04-03T01:58:18.906+0600][14.998s][info][gc             ] GC(35) Pause Cleanup 156M->156M(235M) 0.190ms
[2026-04-03T01:58:18.906+0600][14.998s][info][gc,cpu         ] GC(35) User=0.00s Sys=0.00s Real=0.00s
[2026-04-03T01:58:18.906+0600][14.998s][info][gc,marking     ] GC(35) Concurrent Clear Claimed Marks
[2026-04-03T01:58:18.906+0600][14.998s][info][gc,marking     ] GC(35) Concurrent Clear Claimed Marks 0.117ms
[2026-04-03T01:58:18.906+0600][14.998s][info][gc,marking     ] GC(35) Concurrent Cleanup for Next Mark
[2026-04-03T01:58:18.907+0600][14.998s][info][gc,marking     ] GC(35) Concurrent Cleanup for Next Mark 0.357ms
[2026-04-03T01:58:18.907+0600][14.998s][info][gc             ] GC(35) Concurrent Mark Cycle 56.385ms
[2026-04-03T01:58:18.937+0600][15.029s][info][gc,start       ] GC(36) Pause Young (Prepare Mixed) (G1 Evacuation Pause)
[2026-04-03T01:58:18.937+0600][15.029s][info][gc,task        ] GC(36) Using 5 workers of 10 for evacuation
[2026-04-03T01:58:18.944+0600][15.036s][info][gc,phases      ] GC(36)   Pre Evacuate Collection Set: 0.25ms
[2026-04-03T01:58:18.944+0600][15.036s][info][gc,phases      ] GC(36)   Merge Heap Roots: 0.18ms
[2026-04-03T01:58:18.944+0600][15.036s][info][gc,phases      ] GC(36)   Evacuate Collection Set: 6.46ms
[2026-04-03T01:58:18.944+0600][15.036s][info][gc,phases      ] GC(36)   Post Evacuate Collection Set: 0.50ms
[2026-04-03T01:58:18.944+0600][15.036s][info][gc,phases      ] GC(36)   Other: 0.08ms
[2026-04-03T01:58:18.944+0600][15.036s][info][gc,heap        ] GC(36) Eden regions: 114->0(104)
[2026-04-03T01:58:18.944+0600][15.036s][info][gc,heap        ] GC(36) Survivor regions: 5->14(15)
[2026-04-03T01:58:18.944+0600][15.036s][info][gc,heap        ] GC(36) Old regions: 78->78
[2026-04-03T01:58:18.944+0600][15.036s][info][gc,heap        ] GC(36) Humongous regions: 16->16
[2026-04-03T01:58:18.944+0600][15.036s][info][gc,metaspace   ] GC(36) Metaspace: 61618K(62272K)->61618K(62272K) NonClass: 53886K(54272K)->53886K(54272K) Class: 7732K(8000K)->7732K(8000K)
[2026-04-03T01:58:18.945+0600][15.036s][info][gc             ] GC(36) Pause Young (Prepare Mixed) (G1 Evacuation Pause) 207M->102M(235M) 7.687ms
[2026-04-03T01:58:18.945+0600][15.036s][info][gc,cpu         ] GC(36) User=0.03s Sys=0.00s Real=0.01s
[2026-04-03T01:58:19.004+0600][15.096s][info][gc,start       ] GC(37) Pause Young (Mixed) (G1 Evacuation Pause)
[2026-04-03T01:58:19.004+0600][15.096s][info][gc,task        ] GC(37) Using 5 workers of 10 for evacuation
[2026-04-03T01:58:19.015+0600][15.107s][info][gc,phases      ] GC(37)   Pre Evacuate Collection Set: 0.29ms
[2026-04-03T01:58:19.016+0600][15.107s][info][gc,phases      ] GC(37)   Merge Heap Roots: 0.07ms
[2026-04-03T01:58:19.016+0600][15.107s][info][gc,phases      ] GC(37)   Evacuate Collection Set: 10.27ms
[2026-04-03T01:58:19.016+0600][15.107s][info][gc,phases      ] GC(37)   Post Evacuate Collection Set: 0.53ms
[2026-04-03T01:58:19.016+0600][15.107s][info][gc,phases      ] GC(37)   Other: 0.08ms
[2026-04-03T01:58:19.016+0600][15.107s][info][gc,heap        ] GC(37) Eden regions: 104->0(99)
[2026-04-03T01:58:19.016+0600][15.107s][info][gc,heap        ] GC(37) Survivor regions: 14->10(15)
[2026-04-03T01:58:19.016+0600][15.107s][info][gc,heap        ] GC(37) Old regions: 78->90
[2026-04-03T01:58:19.016+0600][15.107s][info][gc,heap        ] GC(37) Humongous regions: 16->16
[2026-04-03T01:58:19.016+0600][15.107s][info][gc,metaspace   ] GC(37) Metaspace: 61618K(62272K)->61618K(62272K) NonClass: 53886K(54272K)->53886K(54272K) Class: 7732K(8000K)->7732K(8000K)
[2026-04-03T01:58:19.016+0600][15.107s][info][gc             ] GC(37) Pause Young (Mixed) (G1 Evacuation Pause) 206M->112M(236M) 11.443ms
[2026-04-03T01:58:19.016+0600][15.107s][info][gc,cpu         ] GC(37) User=0.06s Sys=0.00s Real=0.01s
[2026-04-03T01:58:19.036+0600][15.128s][info][gc,start       ] GC(38) Pause Young (Concurrent Start) (G1 Humongous Allocation)
[2026-04-03T01:58:19.036+0600][15.128s][info][gc,task        ] GC(38) Using 5 workers of 10 for evacuation
[2026-04-03T01:58:19.044+0600][15.136s][info][gc,phases      ] GC(38)   Pre Evacuate Collection Set: 0.26ms
[2026-04-03T01:58:19.044+0600][15.136s][info][gc,phases      ] GC(38)   Merge Heap Roots: 0.05ms
[2026-04-03T01:58:19.044+0600][15.136s][info][gc,phases      ] GC(38)   Evacuate Collection Set: 6.30ms
[2026-04-03T01:58:19.044+0600][15.136s][info][gc,phases      ] GC(38)   Post Evacuate Collection Set: 1.38ms
[2026-04-03T01:58:19.044+0600][15.136s][info][gc,phases      ] GC(38)   Other: 0.15ms
[2026-04-03T01:58:19.044+0600][15.136s][info][gc,heap        ] GC(38) Eden regions: 26->0(224)
[2026-04-03T01:58:19.044+0600][15.136s][info][gc,heap        ] GC(38) Survivor regions: 10->3(14)
[2026-04-03T01:58:19.044+0600][15.136s][info][gc,heap        ] GC(38) Old regions: 90->100
[2026-04-03T01:58:19.044+0600][15.136s][info][gc,heap        ] GC(38) Humongous regions: 16->16
[2026-04-03T01:58:19.044+0600][15.136s][info][gc,metaspace   ] GC(38) Metaspace: 61644K(62400K)->61644K(62400K) NonClass: 53903K(54336K)->53903K(54336K) Class: 7741K(8064K)->7741K(8064K)
[2026-04-03T01:58:19.044+0600][15.136s][info][gc             ] GC(38) Pause Young (Concurrent Start) (G1 Humongous Allocation) 138M->115M(389M) 8.349ms
[2026-04-03T01:58:19.044+0600][15.136s][info][gc,cpu         ] GC(38) User=0.03s Sys=0.01s Real=0.01s
[2026-04-03T01:58:19.045+0600][15.136s][info][gc             ] GC(39) Concurrent Mark Cycle
[2026-04-03T01:58:19.045+0600][15.136s][info][gc,marking     ] GC(39) Concurrent Scan Root Regions
[2026-04-03T01:58:19.047+0600][15.139s][info][gc,marking     ] GC(39) Concurrent Scan Root Regions 2.253ms
[2026-04-03T01:58:19.047+0600][15.139s][info][gc,marking     ] GC(39) Concurrent Mark
[2026-04-03T01:58:19.047+0600][15.139s][info][gc,marking     ] GC(39) Concurrent Mark From Roots
[2026-04-03T01:58:19.047+0600][15.139s][info][gc,task        ] GC(39) Using 3 workers of 3 for marking
[2026-04-03T01:58:19.099+0600][15.191s][info][gc,marking     ] GC(39) Concurrent Mark From Roots 52.474ms
[2026-04-03T01:58:19.099+0600][15.191s][info][gc,marking     ] GC(39) Concurrent Preclean
[2026-04-03T01:58:19.100+0600][15.191s][info][gc,marking     ] GC(39) Concurrent Preclean 0.153ms
[2026-04-03T01:58:19.100+0600][15.192s][info][gc,start       ] GC(39) Pause Remark
[2026-04-03T01:58:19.104+0600][15.196s][info][gc             ] GC(39) Pause Remark 124M->121M(389M) 4.237ms
[2026-04-03T01:58:19.104+0600][15.196s][info][gc,cpu         ] GC(39) User=0.02s Sys=0.00s Real=0.00s
[2026-04-03T01:58:19.104+0600][15.196s][info][gc,marking     ] GC(39) Concurrent Mark 57.567ms
[2026-04-03T01:58:19.105+0600][15.196s][info][gc,marking     ] GC(39) Concurrent Rebuild Remembered Sets and Scrub Regions
[2026-04-03T01:58:19.129+0600][15.220s][info][gc,marking     ] GC(39) Concurrent Rebuild Remembered Sets and Scrub Regions 24.000ms
[2026-04-03T01:58:19.130+0600][15.221s][info][gc,start       ] GC(39) Pause Cleanup
[2026-04-03T01:58:19.130+0600][15.222s][info][gc             ] GC(39) Pause Cleanup 123M->123M(389M) 0.396ms
[2026-04-03T01:58:19.130+0600][15.222s][info][gc,cpu         ] GC(39) User=0.00s Sys=0.00s Real=0.01s
[2026-04-03T01:58:19.130+0600][15.222s][info][gc,marking     ] GC(39) Concurrent Clear Claimed Marks
[2026-04-03T01:58:19.130+0600][15.222s][info][gc,marking     ] GC(39) Concurrent Clear Claimed Marks 0.195ms
[2026-04-03T01:58:19.130+0600][15.222s][info][gc,marking     ] GC(39) Concurrent Cleanup for Next Mark
[2026-04-03T01:58:19.132+0600][15.224s][info][gc,marking     ] GC(39) Concurrent Cleanup for Next Mark 1.413ms
[2026-04-03T01:58:19.132+0600][15.224s][info][gc             ] GC(39) Concurrent Mark Cycle 87.396ms
[2026-04-03T01:58:19.774+0600][15.866s][info][gc,start       ] GC(40) Pause Young (Prepare Mixed) (G1 Evacuation Pause)
[2026-04-03T01:58:19.774+0600][15.866s][info][gc,task        ] GC(40) Using 9 workers of 10 for evacuation
[2026-04-03T01:58:19.784+0600][15.876s][info][gc,phases      ] GC(40)   Pre Evacuate Collection Set: 0.25ms
[2026-04-03T01:58:19.784+0600][15.876s][info][gc,phases      ] GC(40)   Merge Heap Roots: 0.22ms
[2026-04-03T01:58:19.784+0600][15.876s][info][gc,phases      ] GC(40)   Evacuate Collection Set: 8.56ms
[2026-04-03T01:58:19.784+0600][15.876s][info][gc,phases      ] GC(40)   Post Evacuate Collection Set: 1.08ms
[2026-04-03T01:58:19.784+0600][15.876s][info][gc,phases      ] GC(40)   Other: 0.19ms
[2026-04-03T01:58:19.784+0600][15.876s][info][gc,heap        ] GC(40) Eden regions: 224->0(219)
[2026-04-03T01:58:19.784+0600][15.876s][info][gc,heap        ] GC(40) Survivor regions: 3->14(29)
[2026-04-03T01:58:19.784+0600][15.876s][info][gc,heap        ] GC(40) Old regions: 100->100
[2026-04-03T01:58:19.784+0600][15.876s][info][gc,heap        ] GC(40) Humongous regions: 24->17
[2026-04-03T01:58:19.784+0600][15.876s][info][gc,metaspace   ] GC(40) Metaspace: 63833K(64704K)->63833K(64704K) NonClass: 55758K(56192K)->55758K(56192K) Class: 8075K(8512K)->8075K(8512K)
[2026-04-03T01:58:19.784+0600][15.876s][info][gc             ] GC(40) Pause Young (Prepare Mixed) (G1 Evacuation Pause) 347M->126M(389M) 10.643ms
[2026-04-03T01:58:19.785+0600][15.876s][info][gc,cpu         ] GC(40) User=0.11s Sys=0.00s Real=0.01s
[2026-04-03T01:58:19.910+0600][16.002s][info][gc,start       ] GC(41) Pause Young (Mixed) (G1 Evacuation Pause)
[2026-04-03T01:58:19.910+0600][16.002s][info][gc,task        ] GC(41) Using 9 workers of 10 for evacuation
[2026-04-03T01:58:19.925+0600][16.016s][info][gc,phases      ] GC(41)   Pre Evacuate Collection Set: 0.37ms
[2026-04-03T01:58:19.925+0600][16.017s][info][gc,phases      ] GC(41)   Merge Heap Roots: 0.18ms
[2026-04-03T01:58:19.925+0600][16.017s][info][gc,phases      ] GC(41)   Evacuate Collection Set: 13.30ms
[2026-04-03T01:58:19.925+0600][16.017s][info][gc,phases      ] GC(41)   Post Evacuate Collection Set: 0.80ms
[2026-04-03T01:58:19.925+0600][16.017s][info][gc,phases      ] GC(41)   Other: 0.13ms
[2026-04-03T01:58:19.925+0600][16.017s][info][gc,heap        ] GC(41) Eden regions: 219->0(208)
[2026-04-03T01:58:19.925+0600][16.017s][info][gc,heap        ] GC(41) Survivor regions: 14->25(30)
[2026-04-03T01:58:19.925+0600][16.017s][info][gc,heap        ] GC(41) Old regions: 100->98
[2026-04-03T01:58:19.925+0600][16.017s][info][gc,heap        ] GC(41) Humongous regions: 19->19
[2026-04-03T01:58:19.925+0600][16.017s][info][gc,metaspace   ] GC(41) Metaspace: 63833K(64704K)->63833K(64704K) NonClass: 55758K(56192K)->55758K(56192K) Class: 8075K(8512K)->8075K(8512K)
[2026-04-03T01:58:19.925+0600][16.017s][info][gc             ] GC(41) Pause Young (Mixed) (G1 Evacuation Pause) 347M->140M(389M) 15.126ms
[2026-04-03T01:58:19.925+0600][16.017s][info][gc,cpu         ] GC(41) User=0.14s Sys=0.00s Real=0.01s
[2026-04-03T01:58:19.964+0600][16.056s][info][gc,start       ] GC(42) Pause Young (Concurrent Start) (G1 Humongous Allocation)
[2026-04-03T01:58:19.964+0600][16.056s][info][gc,task        ] GC(42) Using 9 workers of 10 for evacuation
[2026-04-03T01:58:19.977+0600][16.069s][info][gc,phases      ] GC(42)   Pre Evacuate Collection Set: 0.43ms
[2026-04-03T01:58:19.977+0600][16.069s][info][gc,phases      ] GC(42)   Merge Heap Roots: 0.16ms
[2026-04-03T01:58:19.977+0600][16.069s][info][gc,phases      ] GC(42)   Evacuate Collection Set: 11.89ms
[2026-04-03T01:58:19.977+0600][16.069s][info][gc,phases      ] GC(42)   Post Evacuate Collection Set: 0.73ms
[2026-04-03T01:58:19.977+0600][16.069s][info][gc,phases      ] GC(42)   Other: 0.15ms
[2026-04-03T01:58:19.977+0600][16.069s][info][gc,heap        ] GC(42) Eden regions: 93->0(210)
[2026-04-03T01:58:19.977+0600][16.069s][info][gc,heap        ] GC(42) Survivor regions: 25->17(30)
[2026-04-03T01:58:19.977+0600][16.069s][info][gc,heap        ] GC(42) Old regions: 98->111
[2026-04-03T01:58:19.977+0600][16.069s][info][gc,heap        ] GC(42) Humongous regions: 19->19
[2026-04-03T01:58:19.977+0600][16.069s][info][gc,metaspace   ] GC(42) Metaspace: 63833K(64704K)->63833K(64704K) NonClass: 55758K(56192K)->55758K(56192K) Class: 8075K(8512K)->8075K(8512K)
[2026-04-03T01:58:19.978+0600][16.069s][info][gc             ] GC(42) Pause Young (Concurrent Start) (G1 Humongous Allocation) 233M->145M(389M) 13.663ms
[2026-04-03T01:58:19.978+0600][16.069s][info][gc             ] GC(43) Concurrent Mark Cycle
[2026-04-03T01:58:19.978+0600][16.069s][info][gc,marking     ] GC(43) Concurrent Scan Root Regions
[2026-04-03T01:58:19.978+0600][16.069s][info][gc,cpu         ] GC(42) User=0.11s Sys=0.00s Real=0.01s
[2026-04-03T01:58:19.985+0600][16.077s][info][gc,marking     ] GC(43) Concurrent Scan Root Regions 7.316ms
[2026-04-03T01:58:19.985+0600][16.077s][info][gc,marking     ] GC(43) Concurrent Mark
[2026-04-03T01:58:19.985+0600][16.077s][info][gc,marking     ] GC(43) Concurrent Mark From Roots
[2026-04-03T01:58:19.985+0600][16.077s][info][gc,task        ] GC(43) Using 3 workers of 3 for marking
[2026-04-03T01:58:20.052+0600][16.144s][info][gc,marking     ] GC(43) Concurrent Mark From Roots 66.789ms
[2026-04-03T01:58:20.052+0600][16.144s][info][gc,marking     ] GC(43) Concurrent Preclean
[2026-04-03T01:58:20.052+0600][16.144s][info][gc,marking     ] GC(43) Concurrent Preclean 0.171ms
[2026-04-03T01:58:20.052+0600][16.144s][info][gc,start       ] GC(43) Pause Remark
[2026-04-03T01:58:20.056+0600][16.148s][info][gc             ] GC(43) Pause Remark 264M->258M(389M) 3.826ms
[2026-04-03T01:58:20.056+0600][16.148s][info][gc,cpu         ] GC(43) User=0.02s Sys=0.00s Real=0.00s
[2026-04-03T01:58:20.057+0600][16.148s][info][gc,marking     ] GC(43) Concurrent Mark 71.526ms
[2026-04-03T01:58:20.057+0600][16.148s][info][gc,marking     ] GC(43) Concurrent Rebuild Remembered Sets and Scrub Regions
[2026-04-03T01:58:20.087+0600][16.178s][info][gc,marking     ] GC(43) Concurrent Rebuild Remembered Sets and Scrub Regions 29.948ms
[2026-04-03T01:58:20.087+0600][16.179s][info][gc,start       ] GC(43) Pause Cleanup
[2026-04-03T01:58:20.088+0600][16.179s][info][gc             ] GC(43) Pause Cleanup 317M->317M(389M) 0.338ms
[2026-04-03T01:58:20.088+0600][16.179s][info][gc,cpu         ] GC(43) User=0.00s Sys=0.00s Real=0.00s
[2026-04-03T01:58:20.088+0600][16.179s][info][gc,marking     ] GC(43) Concurrent Clear Claimed Marks
[2026-04-03T01:58:20.088+0600][16.180s][info][gc,marking     ] GC(43) Concurrent Clear Claimed Marks 0.250ms
[2026-04-03T01:58:20.088+0600][16.180s][info][gc,marking     ] GC(43) Concurrent Cleanup for Next Mark
[2026-04-03T01:58:20.089+0600][16.180s][info][gc,marking     ] GC(43) Concurrent Cleanup for Next Mark 0.629ms
[2026-04-03T01:58:20.089+0600][16.180s][info][gc             ] GC(43) Concurrent Mark Cycle 111.022ms
[2026-04-03T01:58:20.105+0600][16.197s][info][gc,start       ] GC(44) Pause Young (Prepare Mixed) (G1 Evacuation Pause)
[2026-04-03T01:58:20.106+0600][16.197s][info][gc,task        ] GC(44) Using 9 workers of 10 for evacuation
[2026-04-03T01:58:20.122+0600][16.213s][info][gc,phases      ] GC(44)   Pre Evacuate Collection Set: 0.33ms
[2026-04-03T01:58:20.122+0600][16.213s][info][gc,phases      ] GC(44)   Merge Heap Roots: 0.27ms
[2026-04-03T01:58:20.122+0600][16.213s][info][gc,phases      ] GC(44)   Evacuate Collection Set: 14.43ms
[2026-04-03T01:58:20.122+0600][16.213s][info][gc,phases      ] GC(44)   Post Evacuate Collection Set: 0.81ms
[2026-04-03T01:58:20.122+0600][16.213s][info][gc,phases      ] GC(44)   Other: 0.15ms
[2026-04-03T01:58:20.122+0600][16.213s][info][gc,heap        ] GC(44) Eden regions: 210->0(206)
[2026-04-03T01:58:20.122+0600][16.213s][info][gc,heap        ] GC(44) Survivor regions: 17->15(29)
[2026-04-03T01:58:20.122+0600][16.213s][info][gc,heap        ] GC(44) Old regions: 111->123
[2026-04-03T01:58:20.122+0600][16.213s][info][gc,heap        ] GC(44) Humongous regions: 16->16
[2026-04-03T01:58:20.122+0600][16.213s][info][gc,metaspace   ] GC(44) Metaspace: 64097K(64960K)->64097K(64960K) NonClass: 55960K(56448K)->55960K(56448K) Class: 8136K(8512K)->8136K(8512K)
[2026-04-03T01:58:20.122+0600][16.214s][info][gc             ] GC(44) Pause Young (Prepare Mixed) (G1 Evacuation Pause) 352M->152M(389M) 16.423ms
[2026-04-03T01:58:20.122+0600][16.214s][info][gc,cpu         ] GC(44) User=0.16s Sys=0.00s Real=0.02s
[2026-04-03T01:58:20.202+0600][16.294s][info][gc,start       ] GC(45) Pause Young (Mixed) (G1 Evacuation Pause)
[2026-04-03T01:58:20.202+0600][16.294s][info][gc,task        ] GC(45) Using 9 workers of 10 for evacuation
[2026-04-03T01:58:20.211+0600][16.302s][info][gc,phases      ] GC(45)   Pre Evacuate Collection Set: 0.28ms
[2026-04-03T01:58:20.211+0600][16.302s][info][gc,phases      ] GC(45)   Merge Heap Roots: 0.12ms
[2026-04-03T01:58:20.211+0600][16.303s][info][gc,phases      ] GC(45)   Evacuate Collection Set: 7.38ms
[2026-04-03T01:58:20.211+0600][16.303s][info][gc,phases      ] GC(45)   Post Evacuate Collection Set: 0.65ms
[2026-04-03T01:58:20.211+0600][16.303s][info][gc,phases      ] GC(45)   Other: 0.10ms
[2026-04-03T01:58:20.211+0600][16.303s][info][gc,heap        ] GC(45) Eden regions: 206->0(202)
[2026-04-03T01:58:20.211+0600][16.303s][info][gc,heap        ] GC(45) Survivor regions: 15->23(28)
[2026-04-03T01:58:20.211+0600][16.303s][info][gc,heap        ] GC(45) Old regions: 123->122
[2026-04-03T01:58:20.211+0600][16.303s][info][gc,heap        ] GC(45) Humongous regions: 16->16
[2026-04-03T01:58:20.211+0600][16.303s][info][gc,metaspace   ] GC(45) Metaspace: 64118K(64960K)->64118K(64960K) NonClass: 55981K(56448K)->55981K(56448K) Class: 8136K(8512K)->8136K(8512K)
[2026-04-03T01:58:20.211+0600][16.303s][info][gc             ] GC(45) Pause Young (Mixed) (G1 Evacuation Pause) 358M->159M(389M) 8.857ms
[2026-04-03T01:58:20.211+0600][16.303s][info][gc,cpu         ] GC(45) User=0.07s Sys=0.00s Real=0.01s
[2026-04-03T01:58:20.267+0600][16.359s][info][gc,start       ] GC(46) Pause Young (Concurrent Start) (G1 Humongous Allocation)
[2026-04-03T01:58:20.267+0600][16.359s][info][gc,task        ] GC(46) Using 9 workers of 10 for evacuation
[2026-04-03T01:58:20.278+0600][16.370s][info][gc,phases      ] GC(46)   Pre Evacuate Collection Set: 0.34ms
[2026-04-03T01:58:20.278+0600][16.370s][info][gc,phases      ] GC(46)   Merge Heap Roots: 0.14ms
[2026-04-03T01:58:20.278+0600][16.370s][info][gc,phases      ] GC(46)   Evacuate Collection Set: 9.35ms
[2026-04-03T01:58:20.278+0600][16.370s][info][gc,phases      ] GC(46)   Post Evacuate Collection Set: 0.54ms
[2026-04-03T01:58:20.278+0600][16.370s][info][gc,phases      ] GC(46)   Other: 0.29ms
[2026-04-03T01:58:20.278+0600][16.370s][info][gc,heap        ] GC(46) Eden regions: 159->0(196)
[2026-04-03T01:58:20.278+0600][16.370s][info][gc,heap        ] GC(46) Survivor regions: 23->17(29)
[2026-04-03T01:58:20.278+0600][16.370s][info][gc,heap        ] GC(46) Old regions: 122->135
[2026-04-03T01:58:20.278+0600][16.370s][info][gc,heap        ] GC(46) Humongous regions: 16->16
[2026-04-03T01:58:20.278+0600][16.370s][info][gc,metaspace   ] GC(46) Metaspace: 64118K(64960K)->64118K(64960K) NonClass: 55981K(56448K)->55981K(56448K) Class: 8136K(8512K)->8136K(8512K)
[2026-04-03T01:58:20.278+0600][16.370s][info][gc             ] GC(46) Pause Young (Concurrent Start) (G1 Humongous Allocation) 318M->167M(389M) 10.974ms
[2026-04-03T01:58:20.278+0600][16.370s][info][gc,cpu         ] GC(46) User=0.08s Sys=0.00s Real=0.01s
[2026-04-03T01:58:20.278+0600][16.370s][info][gc             ] GC(47) Concurrent Mark Cycle
[2026-04-03T01:58:20.279+0600][16.370s][info][gc,marking     ] GC(47) Concurrent Scan Root Regions
[2026-04-03T01:58:20.284+0600][16.376s][info][gc,marking     ] GC(47) Concurrent Scan Root Regions 5.852ms
[2026-04-03T01:58:20.284+0600][16.376s][info][gc,marking     ] GC(47) Concurrent Mark
[2026-04-03T01:58:20.284+0600][16.376s][info][gc,marking     ] GC(47) Concurrent Mark From Roots
[2026-04-03T01:58:20.285+0600][16.376s][info][gc,task        ] GC(47) Using 3 workers of 3 for marking
[2026-04-03T01:58:20.361+0600][16.453s][info][gc,marking     ] GC(47) Concurrent Mark From Roots 76.517ms
[2026-04-03T01:58:20.361+0600][16.453s][info][gc,marking     ] GC(47) Concurrent Preclean
[2026-04-03T01:58:20.361+0600][16.453s][info][gc,marking     ] GC(47) Concurrent Preclean 0.148ms
[2026-04-03T01:58:20.362+0600][16.453s][info][gc,start       ] GC(47) Pause Remark
[2026-04-03T01:58:20.371+0600][16.463s][info][gc             ] GC(47) Pause Remark 325M->323M(389M) 9.888ms
[2026-04-03T01:58:20.372+0600][16.463s][info][gc,cpu         ] GC(47) User=0.08s Sys=0.00s Real=0.01s
[2026-04-03T01:58:20.372+0600][16.463s][info][gc,marking     ] GC(47) Concurrent Mark 87.235ms
[2026-04-03T01:58:20.372+0600][16.463s][info][gc,marking     ] GC(47) Concurrent Rebuild Remembered Sets and Scrub Regions
[2026-04-03T01:58:20.395+0600][16.486s][info][gc,start       ] GC(48) Pause Young (Normal) (G1 Evacuation Pause)
[2026-04-03T01:58:20.395+0600][16.487s][info][gc,task        ] GC(48) Using 9 workers of 10 for evacuation
[2026-04-03T01:58:20.411+0600][16.502s][info][gc,phases      ] GC(48)   Pre Evacuate Collection Set: 0.52ms
[2026-04-03T01:58:20.411+0600][16.502s][info][gc,phases      ] GC(48)   Merge Heap Roots: 0.15ms
[2026-04-03T01:58:20.411+0600][16.502s][info][gc,phases      ] GC(48)   Evacuate Collection Set: 13.04ms
[2026-04-03T01:58:20.411+0600][16.502s][info][gc,phases      ] GC(48)   Post Evacuate Collection Set: 1.86ms
[2026-04-03T01:58:20.411+0600][16.502s][info][gc,phases      ] GC(48)   Other: 0.12ms
[2026-04-03T01:58:20.411+0600][16.502s][info][gc,heap        ] GC(48) Eden regions: 196->0(300)
[2026-04-03T01:58:20.411+0600][16.502s][info][gc,heap        ] GC(48) Survivor regions: 17->18(27)
[2026-04-03T01:58:20.411+0600][16.502s][info][gc,heap        ] GC(48) Old regions: 135->145
[2026-04-03T01:58:20.411+0600][16.502s][info][gc,heap        ] GC(48) Humongous regions: 19->19
[2026-04-03T01:58:20.411+0600][16.502s][info][gc,metaspace   ] GC(48) Metaspace: 64100K(64960K)->64100K(64960K) NonClass: 55969K(56448K)->55969K(56448K) Class: 8131K(8512K)->8131K(8512K)
[2026-04-03T01:58:20.411+0600][16.502s][info][gc             ] GC(48) Pause Young (Normal) (G1 Evacuation Pause) 366M->180M(530M) 16.050ms
[2026-04-03T01:58:20.411+0600][16.502s][info][gc,cpu         ] GC(48) User=0.14s Sys=0.00s Real=0.02s
[2026-04-03T01:58:20.425+0600][16.517s][info][gc,marking     ] GC(47) Concurrent Rebuild Remembered Sets and Scrub Regions 53.440ms
[2026-04-03T01:58:20.426+0600][16.517s][info][gc,start       ] GC(47) Pause Cleanup
[2026-04-03T01:58:20.426+0600][16.518s][info][gc             ] GC(47) Pause Cleanup 196M->196M(530M) 0.384ms
[2026-04-03T01:58:20.426+0600][16.518s][info][gc,cpu         ] GC(47) User=0.00s Sys=0.00s Real=0.00s
[2026-04-03T01:58:20.426+0600][16.518s][info][gc,marking     ] GC(47) Concurrent Clear Claimed Marks
[2026-04-03T01:58:20.426+0600][16.518s][info][gc,marking     ] GC(47) Concurrent Clear Claimed Marks 0.193ms
[2026-04-03T01:58:20.426+0600][16.518s][info][gc,marking     ] GC(47) Concurrent Cleanup for Next Mark
[2026-04-03T01:58:20.428+0600][16.520s][info][gc,marking     ] GC(47) Concurrent Cleanup for Next Mark 1.488ms
[2026-04-03T01:58:20.428+0600][16.520s][info][gc             ] GC(47) Concurrent Mark Cycle 149.512ms
[2026-04-03T01:58:20.571+0600][16.663s][info][gc,start       ] GC(49) Pause Young (Prepare Mixed) (G1 Evacuation Pause)
[2026-04-03T01:58:20.571+0600][16.663s][info][gc,task        ] GC(49) Using 10 workers of 10 for evacuation
[2026-04-03T01:58:20.587+0600][16.678s][info][gc,phases      ] GC(49)   Pre Evacuate Collection Set: 0.23ms
[2026-04-03T01:58:20.587+0600][16.678s][info][gc,phases      ] GC(49)   Merge Heap Roots: 0.21ms
[2026-04-03T01:58:20.587+0600][16.678s][info][gc,phases      ] GC(49)   Evacuate Collection Set: 14.35ms
[2026-04-03T01:58:20.587+0600][16.678s][info][gc,phases      ] GC(49)   Post Evacuate Collection Set: 0.64ms
[2026-04-03T01:58:20.587+0600][16.678s][info][gc,phases      ] GC(49)   Other: 0.14ms
[2026-04-03T01:58:20.587+0600][16.678s][info][gc,heap        ] GC(49) Eden regions: 300->0(288)
[2026-04-03T01:58:20.587+0600][16.678s][info][gc,heap        ] GC(49) Survivor regions: 18->30(40)
[2026-04-03T01:58:20.587+0600][16.678s][info][gc,heap        ] GC(49) Old regions: 145->145
[2026-04-03T01:58:20.587+0600][16.678s][info][gc,heap        ] GC(49) Humongous regions: 22->22
[2026-04-03T01:58:20.587+0600][16.679s][info][gc,metaspace   ] GC(49) Metaspace: 64186K(65024K)->64186K(65024K) NonClass: 56038K(56512K)->56038K(56512K) Class: 8148K(8512K)->8148K(8512K)
[2026-04-03T01:58:20.587+0600][16.679s][info][gc             ] GC(49) Pause Young (Prepare Mixed) (G1 Evacuation Pause) 483M->195M(530M) 15.930ms
[2026-04-03T01:58:20.587+0600][16.679s][info][gc,cpu         ] GC(49) User=0.14s Sys=0.01s Real=0.01s
[2026-04-03T01:58:20.725+0600][16.817s][info][gc,start       ] GC(50) Pause Young (Mixed) (G1 Evacuation Pause)
[2026-04-03T01:58:20.725+0600][16.817s][info][gc,task        ] GC(50) Using 10 workers of 10 for evacuation
[2026-04-03T01:58:20.736+0600][16.828s][info][gc,phases      ] GC(50)   Pre Evacuate Collection Set: 0.31ms
[2026-04-03T01:58:20.736+0600][16.828s][info][gc,phases      ] GC(50)   Merge Heap Roots: 0.17ms
[2026-04-03T01:58:20.736+0600][16.828s][info][gc,phases      ] GC(50)   Evacuate Collection Set: 9.72ms
[2026-04-03T01:58:20.736+0600][16.828s][info][gc,phases      ] GC(50)   Post Evacuate Collection Set: 0.56ms
[2026-04-03T01:58:20.736+0600][16.828s][info][gc,phases      ] GC(50)   Other: 0.11ms
[2026-04-03T01:58:20.736+0600][16.828s][info][gc,heap        ] GC(50) Eden regions: 288->0(301)
[2026-04-03T01:58:20.736+0600][16.828s][info][gc,heap        ] GC(50) Survivor regions: 30->15(40)
[2026-04-03T01:58:20.736+0600][16.828s][info][gc,heap        ] GC(50) Old regions: 145->161
[2026-04-03T01:58:20.736+0600][16.828s][info][gc,heap        ] GC(50) Humongous regions: 22->22
[2026-04-03T01:58:20.736+0600][16.828s][info][gc,metaspace   ] GC(50) Metaspace: 64195K(65088K)->64195K(65088K) NonClass: 56047K(56576K)->56047K(56576K) Class: 8148K(8512K)->8148K(8512K)
[2026-04-03T01:58:20.736+0600][16.828s][info][gc             ] GC(50) Pause Young (Mixed) (G1 Evacuation Pause) 483M->196M(530M) 11.128ms
[2026-04-03T01:58:20.736+0600][16.828s][info][gc,cpu         ] GC(50) User=0.10s Sys=0.00s Real=0.01s
[2026-04-03T01:58:20.790+0600][16.882s][info][gc,start       ] GC(51) Pause Young (Concurrent Start) (G1 Humongous Allocation)
[2026-04-03T01:58:20.790+0600][16.882s][info][gc,task        ] GC(51) Using 10 workers of 10 for evacuation
[2026-04-03T01:58:20.795+0600][16.887s][info][gc,phases      ] GC(51)   Pre Evacuate Collection Set: 0.27ms
[2026-04-03T01:58:20.795+0600][16.887s][info][gc,phases      ] GC(51)   Merge Heap Roots: 0.10ms
[2026-04-03T01:58:20.795+0600][16.887s][info][gc,phases      ] GC(51)   Evacuate Collection Set: 4.45ms
[2026-04-03T01:58:20.795+0600][16.887s][info][gc,phases      ] GC(51)   Post Evacuate Collection Set: 0.48ms
[2026-04-03T01:58:20.795+0600][16.887s][info][gc,phases      ] GC(51)   Other: 0.12ms
[2026-04-03T01:58:20.795+0600][16.887s][info][gc,heap        ] GC(51) Eden regions: 113->0(304)
[2026-04-03T01:58:20.795+0600][16.887s][info][gc,heap        ] GC(51) Survivor regions: 15->14(40)
[2026-04-03T01:58:20.795+0600][16.887s][info][gc,heap        ] GC(51) Old regions: 161->161
[2026-04-03T01:58:20.795+0600][16.887s][info][gc,heap        ] GC(51) Humongous regions: 22->22
[2026-04-03T01:58:20.796+0600][16.887s][info][gc,metaspace   ] GC(51) Metaspace: 64439K(65344K)->64439K(65344K) NonClass: 56248K(56768K)->56248K(56768K) Class: 8191K(8576K)->8191K(8576K)
[2026-04-03T01:58:20.796+0600][16.887s][info][gc             ] GC(51) Pause Young (Concurrent Start) (G1 Humongous Allocation) 308M->195M(530M) 5.619ms
[2026-04-03T01:58:20.796+0600][16.887s][info][gc,cpu         ] GC(51) User=0.04s Sys=0.00s Real=0.00s
[2026-04-03T01:58:20.796+0600][16.887s][info][gc             ] GC(52) Concurrent Mark Cycle
[2026-04-03T01:58:20.796+0600][16.887s][info][gc,marking     ] GC(52) Concurrent Scan Root Regions
[2026-04-03T01:58:20.798+0600][16.890s][info][gc,marking     ] GC(52) Concurrent Scan Root Regions 2.586ms
[2026-04-03T01:58:20.798+0600][16.890s][info][gc,marking     ] GC(52) Concurrent Mark
[2026-04-03T01:58:20.798+0600][16.890s][info][gc,marking     ] GC(52) Concurrent Mark From Roots
[2026-04-03T01:58:20.798+0600][16.890s][info][gc,task        ] GC(52) Using 3 workers of 3 for marking
[2026-04-03T01:58:20.893+0600][16.985s][info][gc,marking     ] GC(52) Concurrent Mark From Roots 94.643ms
[2026-04-03T01:58:20.893+0600][16.985s][info][gc,marking     ] GC(52) Concurrent Preclean
[2026-04-03T01:58:20.893+0600][16.985s][info][gc,marking     ] GC(52) Concurrent Preclean 0.178ms
[2026-04-03T01:58:20.894+0600][16.985s][info][gc,start       ] GC(52) Pause Remark
[2026-04-03T01:58:20.897+0600][16.988s][info][gc             ] GC(52) Pause Remark 307M->299M(530M) 3.129ms
[2026-04-03T01:58:20.897+0600][16.988s][info][gc,cpu         ] GC(52) User=0.03s Sys=0.00s Real=0.00s
[2026-04-03T01:58:20.897+0600][16.989s][info][gc,marking     ] GC(52) Concurrent Mark 98.561ms
[2026-04-03T01:58:20.897+0600][16.989s][info][gc,marking     ] GC(52) Concurrent Rebuild Remembered Sets and Scrub Regions
[2026-04-03T01:58:20.930+0600][17.022s][info][gc,marking     ] GC(52) Concurrent Rebuild Remembered Sets and Scrub Regions 33.432ms
[2026-04-03T01:58:20.931+0600][17.022s][info][gc,start       ] GC(52) Pause Cleanup
[2026-04-03T01:58:20.931+0600][17.023s][info][gc             ] GC(52) Pause Cleanup 341M->341M(530M) 0.404ms
[2026-04-03T01:58:20.931+0600][17.023s][info][gc,cpu         ] GC(52) User=0.00s Sys=0.00s Real=0.00s
[2026-04-03T01:58:20.931+0600][17.023s][info][gc,marking     ] GC(52) Concurrent Clear Claimed Marks
[2026-04-03T01:58:20.932+0600][17.023s][info][gc,marking     ] GC(52) Concurrent Clear Claimed Marks 0.175ms
[2026-04-03T01:58:20.932+0600][17.023s][info][gc,marking     ] GC(52) Concurrent Cleanup for Next Mark
[2026-04-03T01:58:20.932+0600][17.024s][info][gc,marking     ] GC(52) Concurrent Cleanup for Next Mark 0.678ms
[2026-04-03T01:58:20.932+0600][17.024s][info][gc             ] GC(52) Concurrent Mark Cycle 136.684ms
[2026-04-03T01:58:21.035+0600][17.127s][info][gc,start       ] GC(53) Pause Young (Prepare Mixed) (G1 Evacuation Pause)
[2026-04-03T01:58:21.035+0600][17.127s][info][gc,task        ] GC(53) Using 10 workers of 10 for evacuation
[2026-04-03T01:58:21.041+0600][17.132s][info][gc,phases      ] GC(53)   Pre Evacuate Collection Set: 0.25ms
[2026-04-03T01:58:21.041+0600][17.132s][info][gc,phases      ] GC(53)   Merge Heap Roots: 0.19ms
[2026-04-03T01:58:21.041+0600][17.132s][info][gc,phases      ] GC(53)   Evacuate Collection Set: 3.98ms
[2026-04-03T01:58:21.041+0600][17.133s][info][gc,phases      ] GC(53)   Post Evacuate Collection Set: 0.72ms
[2026-04-03T01:58:21.041+0600][17.133s][info][gc,phases      ] GC(53)   Other: 0.14ms
[2026-04-03T01:58:21.041+0600][17.133s][info][gc,heap        ] GC(53) Eden regions: 304->0(304)
[2026-04-03T01:58:21.041+0600][17.133s][info][gc,heap        ] GC(53) Survivor regions: 14->14(40)
[2026-04-03T01:58:21.041+0600][17.133s][info][gc,heap        ] GC(53) Old regions: 161->161
[2026-04-03T01:58:21.041+0600][17.133s][info][gc,heap        ] GC(53) Humongous regions: 16->14
[2026-04-03T01:58:21.041+0600][17.133s][info][gc,metaspace   ] GC(53) Metaspace: 64468K(65344K)->64468K(65344K) NonClass: 56270K(56768K)->56270K(56768K) Class: 8197K(8576K)->8197K(8576K)
[2026-04-03T01:58:21.041+0600][17.133s][info][gc             ] GC(53) Pause Young (Prepare Mixed) (G1 Evacuation Pause) 493M->187M(530M) 5.537ms
[2026-04-03T01:58:21.041+0600][17.133s][info][gc,cpu         ] GC(53) User=0.04s Sys=0.00s Real=0.01s
[2026-04-03T01:58:21.390+0600][17.482s][info][gc,start       ] GC(54) Pause Full (System.gc())
[2026-04-03T01:58:21.392+0600][17.484s][info][gc,task        ] GC(54) Using 10 workers of 10 for full compaction
[2026-04-03T01:58:21.392+0600][17.484s][info][gc,phases,start] GC(54) Phase 1: Mark live objects
[2026-04-03T01:58:21.447+0600][17.538s][info][gc,phases      ] GC(54) Phase 1: Mark live objects 54.234ms
[2026-04-03T01:58:21.447+0600][17.538s][info][gc,phases,start] GC(54) Phase 2: Prepare compaction
[2026-04-03T01:58:21.450+0600][17.542s][info][gc,phases      ] GC(54) Phase 2: Prepare compaction 3.058ms
[2026-04-03T01:58:21.450+0600][17.542s][info][gc,phases,start] GC(54) Phase 3: Adjust pointers
[2026-04-03T01:58:21.465+0600][17.557s][info][gc,phases      ] GC(54) Phase 3: Adjust pointers 15.351ms
[2026-04-03T01:58:21.465+0600][17.557s][info][gc,phases,start] GC(54) Phase 4: Compact heap
[2026-04-03T01:58:21.470+0600][17.562s][info][gc,phases      ] GC(54) Phase 4: Compact heap 4.682ms
[2026-04-03T01:58:21.470+0600][17.562s][info][gc,phases,start] GC(54) Phase 5: Reset Metadata
[2026-04-03T01:58:21.478+0600][17.570s][info][gc,phases      ] GC(54) Phase 5: Reset Metadata 8.058ms
[2026-04-03T01:58:21.485+0600][17.577s][info][gc,heap        ] GC(54) Eden regions: 291->0(318)
[2026-04-03T01:58:21.485+0600][17.577s][info][gc,heap        ] GC(54) Survivor regions: 14->0(40)
[2026-04-03T01:58:21.485+0600][17.577s][info][gc,heap        ] GC(54) Old regions: 161->167
[2026-04-03T01:58:21.485+0600][17.577s][info][gc,heap        ] GC(54) Humongous regions: 25->14
[2026-04-03T01:58:21.485+0600][17.577s][info][gc,metaspace   ] GC(54) Metaspace: 66230K(67136K)->66197K(67136K) NonClass: 57802K(58304K)->57779K(58304K) Class: 8428K(8832K)->8418K(8832K)
[2026-04-03T01:58:21.485+0600][17.577s][info][gc             ] GC(54) Pause Full (System.gc()) 489M->177M(530M) 95.027ms
[2026-04-03T01:58:21.485+0600][17.577s][info][gc,cpu         ] GC(54) User=0.79s Sys=0.02s Real=0.09s
[2026-04-03T01:58:21.517+0600][17.608s][info][gc,start       ] GC(55) Pause Young (Concurrent Start) (G1 Humongous Allocation)
[2026-04-03T01:58:21.517+0600][17.609s][info][gc,task        ] GC(55) Using 10 workers of 10 for evacuation
[2026-04-03T01:58:21.520+0600][17.611s][info][gc,phases      ] GC(55)   Pre Evacuate Collection Set: 0.51ms
[2026-04-03T01:58:21.520+0600][17.612s][info][gc,phases      ] GC(55)   Merge Heap Roots: 0.10ms
[2026-04-03T01:58:21.520+0600][17.612s][info][gc,phases      ] GC(55)   Evacuate Collection Set: 1.51ms
[2026-04-03T01:58:21.520+0600][17.612s][info][gc,phases      ] GC(55)   Post Evacuate Collection Set: 0.59ms
[2026-04-03T01:58:21.520+0600][17.612s][info][gc,phases      ] GC(55)   Other: 0.14ms
[2026-04-03T01:58:21.520+0600][17.612s][info][gc,heap        ] GC(55) Eden regions: 12->0(316)
[2026-04-03T01:58:21.520+0600][17.612s][info][gc,heap        ] GC(55) Survivor regions: 0->2(40)
[2026-04-03T01:58:21.520+0600][17.612s][info][gc,heap        ] GC(55) Old regions: 167->167
[2026-04-03T01:58:21.520+0600][17.612s][info][gc,heap        ] GC(55) Humongous regions: 14->14
[2026-04-03T01:58:21.520+0600][17.612s][info][gc,metaspace   ] GC(55) Metaspace: 66280K(67200K)->66280K(67200K) NonClass: 57846K(58368K)->57846K(58368K) Class: 8434K(8832K)->8434K(8832K)
[2026-04-03T01:58:21.520+0600][17.612s][info][gc             ] GC(55) Pause Young (Concurrent Start) (G1 Humongous Allocation) 188M->179M(530M) 3.142ms
[2026-04-03T01:58:21.520+0600][17.612s][info][gc,cpu         ] GC(55) User=0.01s Sys=0.00s Real=0.01s
[2026-04-03T01:58:21.520+0600][17.612s][info][gc             ] GC(56) Concurrent Mark Cycle
[2026-04-03T01:58:21.520+0600][17.612s][info][gc,marking     ] GC(56) Concurrent Scan Root Regions
[2026-04-03T01:58:21.521+0600][17.613s][info][gc,marking     ] GC(56) Concurrent Scan Root Regions 0.964ms
[2026-04-03T01:58:21.521+0600][17.613s][info][gc,marking     ] GC(56) Concurrent Mark
[2026-04-03T01:58:21.521+0600][17.613s][info][gc,marking     ] GC(56) Concurrent Mark From Roots
[2026-04-03T01:58:21.521+0600][17.613s][info][gc,task        ] GC(56) Using 3 workers of 3 for marking
[2026-04-03T01:58:21.660+0600][17.752s][info][gc,marking     ] GC(56) Concurrent Mark From Roots 138.763ms
[2026-04-03T01:58:21.660+0600][17.752s][info][gc,marking     ] GC(56) Concurrent Preclean
[2026-04-03T01:58:21.661+0600][17.752s][info][gc,marking     ] GC(56) Concurrent Preclean 0.452ms
[2026-04-03T01:58:21.661+0600][17.753s][info][gc,start       ] GC(56) Pause Remark
[2026-04-03T01:58:21.666+0600][17.758s][info][gc             ] GC(56) Pause Remark 215M->215M(530M) 5.079ms
[2026-04-03T01:58:21.666+0600][17.758s][info][gc,cpu         ] GC(56) User=0.03s Sys=0.01s Real=0.00s
[2026-04-03T01:58:21.666+0600][17.758s][info][gc,marking     ] GC(56) Concurrent Mark 145.010ms
[2026-04-03T01:58:21.666+0600][17.758s][info][gc,marking     ] GC(56) Concurrent Rebuild Remembered Sets and Scrub Regions
[2026-04-03T01:58:21.710+0600][17.802s][info][gc,marking     ] GC(56) Concurrent Rebuild Remembered Sets and Scrub Regions 43.653ms
[2026-04-03T01:58:21.710+0600][17.802s][info][gc,start       ] GC(56) Pause Cleanup
[2026-04-03T01:58:21.711+0600][17.802s][info][gc             ] GC(56) Pause Cleanup 253M->253M(530M) 0.366ms
[2026-04-03T01:58:21.711+0600][17.802s][info][gc,cpu         ] GC(56) User=0.01s Sys=0.00s Real=0.00s
[2026-04-03T01:58:21.711+0600][17.803s][info][gc,marking     ] GC(56) Concurrent Clear Claimed Marks
[2026-04-03T01:58:21.711+0600][17.803s][info][gc,marking     ] GC(56) Concurrent Clear Claimed Marks 0.227ms
[2026-04-03T01:58:21.711+0600][17.803s][info][gc,marking     ] GC(56) Concurrent Cleanup for Next Mark
[2026-04-03T01:58:21.712+0600][17.804s][info][gc,marking     ] GC(56) Concurrent Cleanup for Next Mark 0.912ms
[2026-04-03T01:58:21.712+0600][17.804s][info][gc             ] GC(56) Concurrent Mark Cycle 192.081ms
[2026-04-03T01:58:21.849+0600][17.941s][info][gc,start       ] GC(57) Pause Young (Prepare Mixed) (G1 Evacuation Pause)
[2026-04-03T01:58:21.849+0600][17.941s][info][gc,task        ] GC(57) Using 10 workers of 10 for evacuation
[2026-04-03T01:58:21.852+0600][17.943s][info][gc,phases      ] GC(57)   Pre Evacuate Collection Set: 0.32ms
[2026-04-03T01:58:21.852+0600][17.943s][info][gc,phases      ] GC(57)   Merge Heap Roots: 0.46ms
[2026-04-03T01:58:21.852+0600][17.943s][info][gc,phases      ] GC(57)   Evacuate Collection Set: 0.88ms
[2026-04-03T01:58:21.852+0600][17.943s][info][gc,phases      ] GC(57)   Post Evacuate Collection Set: 0.67ms
[2026-04-03T01:58:21.852+0600][17.943s][info][gc,phases      ] GC(57)   Other: 0.13ms
[2026-04-03T01:58:21.852+0600][17.943s][info][gc,heap        ] GC(57) Eden regions: 316->0(317)
[2026-04-03T01:58:21.852+0600][17.943s][info][gc,heap        ] GC(57) Survivor regions: 2->1(40)
[2026-04-03T01:58:21.852+0600][17.943s][info][gc,heap        ] GC(57) Old regions: 167->167
[2026-04-03T01:58:21.852+0600][17.943s][info][gc,heap        ] GC(57) Humongous regions: 26->14
[2026-04-03T01:58:21.852+0600][17.943s][info][gc,metaspace   ] GC(57) Metaspace: 66336K(67200K)->66336K(67200K) NonClass: 57902K(58368K)->57902K(58368K) Class: 8434K(8832K)->8434K(8832K)
[2026-04-03T01:58:21.852+0600][17.943s][info][gc             ] GC(57) Pause Young (Prepare Mixed) (G1 Evacuation Pause) 507M->177M(530M) 2.802ms
[2026-04-03T01:58:21.852+0600][17.943s][info][gc,cpu         ] GC(57) User=0.02s Sys=0.01s Real=0.01s
[2026-04-03T01:58:21.985+0600][18.077s][info][gc,start       ] GC(58) Pause Young (Mixed) (G1 Evacuation Pause)
[2026-04-03T01:58:21.985+0600][18.077s][info][gc,task        ] GC(58) Using 10 workers of 10 for evacuation
[2026-04-03T01:58:21.987+0600][18.079s][info][gc,phases      ] GC(58)   Pre Evacuate Collection Set: 0.43ms
[2026-04-03T01:58:21.987+0600][18.079s][info][gc,phases      ] GC(58)   Merge Heap Roots: 0.28ms
[2026-04-03T01:58:21.987+0600][18.079s][info][gc,phases      ] GC(58)   Evacuate Collection Set: 0.66ms
[2026-04-03T01:58:21.987+0600][18.079s][info][gc,phases      ] GC(58)   Post Evacuate Collection Set: 0.65ms
[2026-04-03T01:58:21.987+0600][18.079s][info][gc,phases      ] GC(58)   Other: 0.10ms
[2026-04-03T01:58:21.987+0600][18.079s][info][gc,heap        ] GC(58) Eden regions: 317->0(317)
[2026-04-03T01:58:21.987+0600][18.079s][info][gc,heap        ] GC(58) Survivor regions: 1->1(40)
[2026-04-03T01:58:21.987+0600][18.079s][info][gc,heap        ] GC(58) Old regions: 167->167
[2026-04-03T01:58:21.987+0600][18.079s][info][gc,heap        ] GC(58) Humongous regions: 14->14
[2026-04-03T01:58:21.987+0600][18.079s][info][gc,metaspace   ] GC(58) Metaspace: 66340K(67200K)->66340K(67200K) NonClass: 57906K(58368K)->57906K(58368K) Class: 8434K(8832K)->8434K(8832K)
[2026-04-03T01:58:21.987+0600][18.079s][info][gc             ] GC(58) Pause Young (Mixed) (G1 Evacuation Pause) 494M->177M(530M) 2.394ms
[2026-04-03T01:58:21.987+0600][18.079s][info][gc,cpu         ] GC(58) User=0.01s Sys=0.00s Real=0.00s
[2026-04-03T01:58:22.113+0600][18.204s][info][gc,start       ] GC(59) Pause Young (Concurrent Start) (G1 Evacuation Pause)
[2026-04-03T01:58:22.113+0600][18.205s][info][gc,task        ] GC(59) Using 10 workers of 10 for evacuation
[2026-04-03T01:58:22.115+0600][18.207s][info][gc,phases      ] GC(59)   Pre Evacuate Collection Set: 0.29ms
[2026-04-03T01:58:22.115+0600][18.207s][info][gc,phases      ] GC(59)   Merge Heap Roots: 0.19ms
[2026-04-03T01:58:22.115+0600][18.207s][info][gc,phases      ] GC(59)   Evacuate Collection Set: 0.92ms
[2026-04-03T01:58:22.115+0600][18.207s][info][gc,phases      ] GC(59)   Post Evacuate Collection Set: 0.83ms
[2026-04-03T01:58:22.115+0600][18.207s][info][gc,phases      ] GC(59)   Other: 0.10ms
[2026-04-03T01:58:22.115+0600][18.207s][info][gc,heap        ] GC(59) Eden regions: 317->0(317)
[2026-04-03T01:58:22.115+0600][18.207s][info][gc,heap        ] GC(59) Survivor regions: 1->1(40)
[2026-04-03T01:58:22.115+0600][18.207s][info][gc,heap        ] GC(59) Old regions: 167->167
[2026-04-03T01:58:22.115+0600][18.207s][info][gc,heap        ] GC(59) Humongous regions: 14->14
[2026-04-03T01:58:22.115+0600][18.207s][info][gc,metaspace   ] GC(59) Metaspace: 66340K(67200K)->66340K(67200K) NonClass: 57906K(58368K)->57906K(58368K) Class: 8434K(8832K)->8434K(8832K)
[2026-04-03T01:58:22.115+0600][18.207s][info][gc             ] GC(59) Pause Young (Concurrent Start) (G1 Evacuation Pause) 494M->177M(530M) 2.639ms
[2026-04-03T01:58:22.115+0600][18.207s][info][gc,cpu         ] GC(59) User=0.00s Sys=0.00s Real=0.00s
[2026-04-03T01:58:22.115+0600][18.207s][info][gc             ] GC(60) Concurrent Mark Cycle
[2026-04-03T01:58:22.116+0600][18.207s][info][gc,marking     ] GC(60) Concurrent Scan Root Regions
[2026-04-03T01:58:22.117+0600][18.208s][info][gc,marking     ] GC(60) Concurrent Scan Root Regions 1.191ms
[2026-04-03T01:58:22.117+0600][18.208s][info][gc,marking     ] GC(60) Concurrent Mark
[2026-04-03T01:58:22.117+0600][18.208s][info][gc,marking     ] GC(60) Concurrent Mark From Roots
[2026-04-03T01:58:22.117+0600][18.208s][info][gc,task        ] GC(60) Using 3 workers of 3 for marking
[2026-04-03T01:58:22.211+0600][18.302s][info][gc,marking     ] GC(60) Concurrent Mark From Roots 93.786ms
[2026-04-03T01:58:22.211+0600][18.302s][info][gc,marking     ] GC(60) Concurrent Preclean
[2026-04-03T01:58:22.211+0600][18.303s][info][gc,marking     ] GC(60) Concurrent Preclean 0.182ms
[2026-04-03T01:58:22.211+0600][18.303s][info][gc,start       ] GC(60) Pause Remark
[2026-04-03T01:58:22.214+0600][18.306s][info][gc             ] GC(60) Pause Remark 350M->350M(530M) 3.170ms
[2026-04-03T01:58:22.214+0600][18.306s][info][gc,cpu         ] GC(60) User=0.02s Sys=0.00s Real=0.00s
[2026-04-03T01:58:22.215+0600][18.306s][info][gc,marking     ] GC(60) Concurrent Mark 97.764ms
[2026-04-03T01:58:22.215+0600][18.306s][info][gc,marking     ] GC(60) Concurrent Rebuild Remembered Sets and Scrub Regions
[2026-04-03T01:58:22.250+0600][18.341s][info][gc,marking     ] GC(60) Concurrent Rebuild Remembered Sets and Scrub Regions 34.985ms
[2026-04-03T01:58:22.250+0600][18.342s][info][gc,start       ] GC(60) Pause Cleanup
[2026-04-03T01:58:22.250+0600][18.342s][info][gc             ] GC(60) Pause Cleanup 426M->426M(530M) 0.466ms
[2026-04-03T01:58:22.251+0600][18.342s][info][gc,cpu         ] GC(60) User=0.00s Sys=0.00s Real=0.00s
[2026-04-03T01:58:22.251+0600][18.342s][info][gc,marking     ] GC(60) Concurrent Clear Claimed Marks
[2026-04-03T01:58:22.251+0600][18.343s][info][gc,marking     ] GC(60) Concurrent Clear Claimed Marks 0.273ms
[2026-04-03T01:58:22.251+0600][18.343s][info][gc,marking     ] GC(60) Concurrent Cleanup for Next Mark
[2026-04-03T01:58:22.252+0600][18.343s][info][gc,marking     ] GC(60) Concurrent Cleanup for Next Mark 0.719ms
[2026-04-03T01:58:22.252+0600][18.343s][info][gc             ] GC(60) Concurrent Mark Cycle 136.310ms
[2026-04-03T01:58:22.279+0600][18.371s][info][gc,start       ] GC(61) Pause Young (Prepare Mixed) (G1 Evacuation Pause)
[2026-04-03T01:58:22.279+0600][18.371s][info][gc,task        ] GC(61) Using 10 workers of 10 for evacuation
[2026-04-03T01:58:22.281+0600][18.373s][info][gc,phases      ] GC(61)   Pre Evacuate Collection Set: 0.28ms
[2026-04-03T01:58:22.281+0600][18.373s][info][gc,phases      ] GC(61)   Merge Heap Roots: 0.19ms
[2026-04-03T01:58:22.281+0600][18.373s][info][gc,phases      ] GC(61)   Evacuate Collection Set: 0.65ms
[2026-04-03T01:58:22.281+0600][18.373s][info][gc,phases      ] GC(61)   Post Evacuate Collection Set: 0.60ms
[2026-04-03T01:58:22.281+0600][18.373s][info][gc,phases      ] GC(61)   Other: 0.10ms
[2026-04-03T01:58:22.281+0600][18.373s][info][gc,heap        ] GC(61) Eden regions: 317->0(317)
[2026-04-03T01:58:22.281+0600][18.373s][info][gc,heap        ] GC(61) Survivor regions: 1->1(40)
[2026-04-03T01:58:22.281+0600][18.373s][info][gc,heap        ] GC(61) Old regions: 167->167
[2026-04-03T01:58:22.281+0600][18.373s][info][gc,heap        ] GC(61) Humongous regions: 14->14
[2026-04-03T01:58:22.281+0600][18.373s][info][gc,metaspace   ] GC(61) Metaspace: 66341K(67200K)->66341K(67200K) NonClass: 57906K(58368K)->57906K(58368K) Class: 8434K(8832K)->8434K(8832K)
[2026-04-03T01:58:22.281+0600][18.373s][info][gc             ] GC(61) Pause Young (Prepare Mixed) (G1 Evacuation Pause) 494M->177M(530M) 2.064ms
[2026-04-03T01:58:22.281+0600][18.373s][info][gc,cpu         ] GC(61) User=0.00s Sys=0.00s Real=0.01s
[2026-04-03T01:58:22.394+0600][18.485s][info][gc,start       ] GC(62) Pause Full (System.gc())
[2026-04-03T01:58:22.394+0600][18.486s][info][gc,task        ] GC(62) Using 10 workers of 10 for full compaction
[2026-04-03T01:58:22.394+0600][18.486s][info][gc,phases,start] GC(62) Phase 1: Mark live objects
[2026-04-03T01:58:22.443+0600][18.535s][info][gc,phases      ] GC(62) Phase 1: Mark live objects 49.185ms
[2026-04-03T01:58:22.443+0600][18.535s][info][gc,phases,start] GC(62) Phase 2: Prepare compaction
[2026-04-03T01:58:22.444+0600][18.536s][info][gc,phases      ] GC(62) Phase 2: Prepare compaction 0.991ms
[2026-04-03T01:58:22.444+0600][18.536s][info][gc,phases,start] GC(62) Phase 3: Adjust pointers
[2026-04-03T01:58:22.458+0600][18.550s][info][gc,phases      ] GC(62) Phase 3: Adjust pointers 13.581ms
[2026-04-03T01:58:22.458+0600][18.550s][info][gc,phases,start] GC(62) Phase 4: Compact heap
[2026-04-03T01:58:22.459+0600][18.551s][info][gc,phases      ] GC(62) Phase 4: Compact heap 0.937ms
[2026-04-03T01:58:22.459+0600][18.551s][info][gc,phases,start] GC(62) Phase 5: Reset Metadata
[2026-04-03T01:58:22.468+0600][18.560s][info][gc,phases      ] GC(62) Phase 5: Reset Metadata 8.714ms
[2026-04-03T01:58:22.474+0600][18.565s][info][gc,heap        ] GC(62) Eden regions: 150->0(318)
[2026-04-03T01:58:22.474+0600][18.565s][info][gc,heap        ] GC(62) Survivor regions: 1->0(40)
[2026-04-03T01:58:22.474+0600][18.565s][info][gc,heap        ] GC(62) Old regions: 167->168
[2026-04-03T01:58:22.474+0600][18.565s][info][gc,heap        ] GC(62) Humongous regions: 27->14
[2026-04-03T01:58:22.474+0600][18.565s][info][gc,metaspace   ] GC(62) Metaspace: 66419K(67328K)->66419K(67328K) NonClass: 57985K(58496K)->57985K(58496K) Class: 8434K(8832K)->8434K(8832K)
[2026-04-03T01:58:22.474+0600][18.565s][info][gc             ] GC(62) Pause Full (System.gc()) 340M->177M(530M) 79.872ms
[2026-04-03T01:58:22.474+0600][18.565s][info][gc,cpu         ] GC(62) User=0.68s Sys=0.02s Real=0.08s
[2026-04-03T01:58:22.496+0600][18.588s][info][gc,start       ] GC(63) Pause Young (Concurrent Start) (G1 Humongous Allocation)
[2026-04-03T01:58:22.497+0600][18.588s][info][gc,task        ] GC(63) Using 10 workers of 10 for evacuation
[2026-04-03T01:58:22.498+0600][18.590s][info][gc,phases      ] GC(63)   Pre Evacuate Collection Set: 0.37ms
[2026-04-03T01:58:22.498+0600][18.590s][info][gc,phases      ] GC(63)   Merge Heap Roots: 0.09ms
[2026-04-03T01:58:22.498+0600][18.590s][info][gc,phases      ] GC(63)   Evacuate Collection Set: 0.91ms
[2026-04-03T01:58:22.498+0600][18.590s][info][gc,phases      ] GC(63)   Post Evacuate Collection Set: 0.35ms
[2026-04-03T01:58:22.498+0600][18.590s][info][gc,phases      ] GC(63)   Other: 0.14ms
[2026-04-03T01:58:22.498+0600][18.590s][info][gc,heap        ] GC(63) Eden regions: 11->0(317)
[2026-04-03T01:58:22.498+0600][18.590s][info][gc,heap        ] GC(63) Survivor regions: 0->1(40)
[2026-04-03T01:58:22.498+0600][18.590s][info][gc,heap        ] GC(63) Old regions: 168->168
[2026-04-03T01:58:22.498+0600][18.590s][info][gc,heap        ] GC(63) Humongous regions: 14->14
[2026-04-03T01:58:22.499+0600][18.590s][info][gc,metaspace   ] GC(63) Metaspace: 66442K(67328K)->66442K(67328K) NonClass: 58008K(58496K)->58008K(58496K) Class: 8434K(8832K)->8434K(8832K)
[2026-04-03T01:58:22.499+0600][18.590s][info][gc             ] GC(63) Pause Young (Concurrent Start) (G1 Humongous Allocation) 187M->177M(530M) 2.098ms
[2026-04-03T01:58:22.499+0600][18.590s][info][gc             ] GC(64) Concurrent Mark Cycle
[2026-04-03T01:58:22.499+0600][18.590s][info][gc,cpu         ] GC(63) User=0.01s Sys=0.00s Real=0.00s
[2026-04-03T01:58:22.499+0600][18.590s][info][gc,marking     ] GC(64) Concurrent Scan Root Regions
[2026-04-03T01:58:22.500+0600][18.591s][info][gc,marking     ] GC(64) Concurrent Scan Root Regions 0.860ms
[2026-04-03T01:58:22.500+0600][18.591s][info][gc,marking     ] GC(64) Concurrent Mark
[2026-04-03T01:58:22.500+0600][18.591s][info][gc,marking     ] GC(64) Concurrent Mark From Roots
[2026-04-03T01:58:22.500+0600][18.591s][info][gc,task        ] GC(64) Using 3 workers of 3 for marking
[2026-04-03T01:58:22.618+0600][18.709s][info][gc,marking     ] GC(64) Concurrent Mark From Roots 117.942ms
[2026-04-03T01:58:22.618+0600][18.709s][info][gc,marking     ] GC(64) Concurrent Preclean
[2026-04-03T01:58:22.618+0600][18.710s][info][gc,marking     ] GC(64) Concurrent Preclean 0.221ms
[2026-04-03T01:58:22.618+0600][18.710s][info][gc,start       ] GC(64) Pause Remark
[2026-04-03T01:58:22.622+0600][18.714s][info][gc             ] GC(64) Pause Remark 204M->204M(530M) 3.817ms
[2026-04-03T01:58:22.622+0600][18.714s][info][gc,cpu         ] GC(64) User=0.02s Sys=0.00s Real=0.01s
[2026-04-03T01:58:22.622+0600][18.714s][info][gc,marking     ] GC(64) Concurrent Mark 122.588ms
[2026-04-03T01:58:22.622+0600][18.714s][info][gc,marking     ] GC(64) Concurrent Rebuild Remembered Sets and Scrub Regions
[2026-04-03T01:58:22.663+0600][18.754s][info][gc,marking     ] GC(64) Concurrent Rebuild Remembered Sets and Scrub Regions 40.430ms
[2026-04-03T01:58:22.663+0600][18.755s][info][gc,start       ] GC(64) Pause Cleanup
[2026-04-03T01:58:22.663+0600][18.755s][info][gc             ] GC(64) Pause Cleanup 210M->210M(530M) 0.418ms
[2026-04-03T01:58:22.663+0600][18.755s][info][gc,cpu         ] GC(64) User=0.00s Sys=0.00s Real=0.00s
[2026-04-03T01:58:22.664+0600][18.755s][info][gc,marking     ] GC(64) Concurrent Clear Claimed Marks
[2026-04-03T01:58:22.664+0600][18.756s][info][gc,marking     ] GC(64) Concurrent Clear Claimed Marks 0.226ms
[2026-04-03T01:58:22.664+0600][18.756s][info][gc,marking     ] GC(64) Concurrent Cleanup for Next Mark
[2026-04-03T01:58:22.665+0600][18.756s][info][gc,marking     ] GC(64) Concurrent Cleanup for Next Mark 0.908ms
[2026-04-03T01:58:22.665+0600][18.757s][info][gc             ] GC(64) Concurrent Mark Cycle 166.239ms
[2026-04-03T01:58:22.833+0600][18.925s][info][gc,start       ] GC(65) Pause Young (Prepare Mixed) (G1 Evacuation Pause)
[2026-04-03T01:58:22.833+0600][18.925s][info][gc,task        ] GC(65) Using 10 workers of 10 for evacuation
[2026-04-03T01:58:22.835+0600][18.927s][info][gc,phases      ] GC(65)   Pre Evacuate Collection Set: 0.35ms
[2026-04-03T01:58:22.835+0600][18.927s][info][gc,phases      ] GC(65)   Merge Heap Roots: 0.15ms
[2026-04-03T01:58:22.835+0600][18.927s][info][gc,phases      ] GC(65)   Evacuate Collection Set: 0.53ms
[2026-04-03T01:58:22.835+0600][18.927s][info][gc,phases      ] GC(65)   Post Evacuate Collection Set: 0.53ms
[2026-04-03T01:58:22.835+0600][18.927s][info][gc,phases      ] GC(65)   Other: 0.11ms
[2026-04-03T01:58:22.835+0600][18.927s][info][gc,heap        ] GC(65) Eden regions: 317->0(317)
[2026-04-03T01:58:22.835+0600][18.927s][info][gc,heap        ] GC(65) Survivor regions: 1->1(40)
[2026-04-03T01:58:22.835+0600][18.927s][info][gc,heap        ] GC(65) Old regions: 168->168
[2026-04-03T01:58:22.835+0600][18.927s][info][gc,heap        ] GC(65) Humongous regions: 26->14
[2026-04-03T01:58:22.835+0600][18.927s][info][gc,metaspace   ] GC(65) Metaspace: 66483K(67392K)->66483K(67392K) NonClass: 58048K(58560K)->58048K(58560K) Class: 8434K(8832K)->8434K(8832K)
[2026-04-03T01:58:22.835+0600][18.927s][info][gc             ] GC(65) Pause Young (Prepare Mixed) (G1 Evacuation Pause) 506M->177M(530M) 1.945ms
[2026-04-03T01:58:22.835+0600][18.927s][info][gc,cpu         ] GC(65) User=0.01s Sys=0.00s Real=0.00s
[2026-04-03T01:58:23.029+0600][19.120s][info][gc,start       ] GC(66) Pause Young (Mixed) (G1 Evacuation Pause)
[2026-04-03T01:58:23.029+0600][19.120s][info][gc,task        ] GC(66) Using 10 workers of 10 for evacuation
[2026-04-03T01:58:23.032+0600][19.124s][info][gc,phases      ] GC(66)   Pre Evacuate Collection Set: 0.47ms
[2026-04-03T01:58:23.032+0600][19.124s][info][gc,phases      ] GC(66)   Merge Heap Roots: 0.27ms
[2026-04-03T01:58:23.032+0600][19.124s][info][gc,phases      ] GC(66)   Evacuate Collection Set: 1.10ms
[2026-04-03T01:58:23.032+0600][19.124s][info][gc,phases      ] GC(66)   Post Evacuate Collection Set: 1.22ms
[2026-04-03T01:58:23.032+0600][19.124s][info][gc,phases      ] GC(66)   Other: 0.12ms
[2026-04-03T01:58:23.032+0600][19.124s][info][gc,heap        ] GC(66) Eden regions: 317->0(332)
[2026-04-03T01:58:23.032+0600][19.124s][info][gc,heap        ] GC(66) Survivor regions: 1->1(40)
[2026-04-03T01:58:23.032+0600][19.124s][info][gc,heap        ] GC(66) Old regions: 168->168
[2026-04-03T01:58:23.032+0600][19.124s][info][gc,heap        ] GC(66) Humongous regions: 14->14
[2026-04-03T01:58:23.032+0600][19.124s][info][gc,metaspace   ] GC(66) Metaspace: 66491K(67392K)->66491K(67392K) NonClass: 58056K(58560K)->58056K(58560K) Class: 8434K(8832K)->8434K(8832K)
[2026-04-03T01:58:23.032+0600][19.124s][info][gc             ] GC(66) Pause Young (Mixed) (G1 Evacuation Pause) 494M->177M(556M) 3.536ms
[2026-04-03T01:58:23.032+0600][19.124s][info][gc,cpu         ] GC(66) User=0.01s Sys=0.00s Real=0.01s
[2026-04-03T01:58:23.188+0600][19.280s][info][gc,start       ] GC(67) Pause Young (Concurrent Start) (G1 Evacuation Pause)
[2026-04-03T01:58:23.188+0600][19.280s][info][gc,task        ] GC(67) Using 10 workers of 10 for evacuation
[2026-04-03T01:58:23.190+0600][19.282s][info][gc,phases      ] GC(67)   Pre Evacuate Collection Set: 0.41ms
[2026-04-03T01:58:23.190+0600][19.282s][info][gc,phases      ] GC(67)   Merge Heap Roots: 0.19ms
[2026-04-03T01:58:23.190+0600][19.282s][info][gc,phases      ] GC(67)   Evacuate Collection Set: 0.82ms
[2026-04-03T01:58:23.190+0600][19.282s][info][gc,phases      ] GC(67)   Post Evacuate Collection Set: 0.59ms
[2026-04-03T01:58:23.190+0600][19.282s][info][gc,phases      ] GC(67)   Other: 0.16ms
[2026-04-03T01:58:23.190+0600][19.282s][info][gc,heap        ] GC(67) Eden regions: 332->0(332)
[2026-04-03T01:58:23.190+0600][19.282s][info][gc,heap        ] GC(67) Survivor regions: 1->1(42)
[2026-04-03T01:58:23.190+0600][19.282s][info][gc,heap        ] GC(67) Old regions: 168->168
[2026-04-03T01:58:23.190+0600][19.282s][info][gc,heap        ] GC(67) Humongous regions: 14->14
[2026-04-03T01:58:23.190+0600][19.282s][info][gc,metaspace   ] GC(67) Metaspace: 66491K(67392K)->66491K(67392K) NonClass: 58056K(58560K)->58056K(58560K) Class: 8434K(8832K)->8434K(8832K)
[2026-04-03T01:58:23.190+0600][19.282s][info][gc             ] GC(67) Pause Young (Concurrent Start) (G1 Evacuation Pause) 509M->177M(556M) 2.420ms
[2026-04-03T01:58:23.190+0600][19.282s][info][gc,cpu         ] GC(67) User=0.01s Sys=0.00s Real=0.01s
[2026-04-03T01:58:23.190+0600][19.282s][info][gc             ] GC(68) Concurrent Mark Cycle
[2026-04-03T01:58:23.190+0600][19.282s][info][gc,marking     ] GC(68) Concurrent Scan Root Regions
[2026-04-03T01:58:23.191+0600][19.283s][info][gc,marking     ] GC(68) Concurrent Scan Root Regions 0.893ms
[2026-04-03T01:58:23.191+0600][19.283s][info][gc,marking     ] GC(68) Concurrent Mark
[2026-04-03T01:58:23.191+0600][19.283s][info][gc,marking     ] GC(68) Concurrent Mark From Roots
[2026-04-03T01:58:23.191+0600][19.283s][info][gc,task        ] GC(68) Using 3 workers of 3 for marking
[2026-04-03T01:58:23.290+0600][19.382s][info][gc,marking     ] GC(68) Concurrent Mark From Roots 98.740ms
[2026-04-03T01:58:23.290+0600][19.382s][info][gc,marking     ] GC(68) Concurrent Preclean
[2026-04-03T01:58:23.290+0600][19.382s][info][gc,marking     ] GC(68) Concurrent Preclean 0.128ms
[2026-04-03T01:58:23.291+0600][19.382s][info][gc,start       ] GC(68) Pause Remark
[2026-04-03T01:58:23.294+0600][19.386s][info][gc             ] GC(68) Pause Remark 372M->372M(556M) 3.768ms
[2026-04-03T01:58:23.294+0600][19.386s][info][gc,cpu         ] GC(68) User=0.02s Sys=0.00s Real=0.00s
[2026-04-03T01:58:23.295+0600][19.386s][info][gc,marking     ] GC(68) Concurrent Mark 103.213ms
[2026-04-03T01:58:23.295+0600][19.386s][info][gc,marking     ] GC(68) Concurrent Rebuild Remembered Sets and Scrub Regions
[2026-04-03T01:58:23.331+0600][19.423s][info][gc,marking     ] GC(68) Concurrent Rebuild Remembered Sets and Scrub Regions 36.353ms
[2026-04-03T01:58:23.331+0600][19.423s][info][gc,start       ] GC(68) Pause Cleanup
[2026-04-03T01:58:23.332+0600][19.423s][info][gc             ] GC(68) Pause Cleanup 450M->450M(556M) 0.281ms
[2026-04-03T01:58:23.332+0600][19.423s][info][gc,cpu         ] GC(68) User=0.00s Sys=0.01s Real=0.00s
[2026-04-03T01:58:23.332+0600][19.424s][info][gc,marking     ] GC(68) Concurrent Clear Claimed Marks
[2026-04-03T01:58:23.332+0600][19.424s][info][gc,marking     ] GC(68) Concurrent Clear Claimed Marks 0.194ms
[2026-04-03T01:58:23.332+0600][19.424s][info][gc,marking     ] GC(68) Concurrent Cleanup for Next Mark
[2026-04-03T01:58:23.333+0600][19.425s][info][gc,marking     ] GC(68) Concurrent Cleanup for Next Mark 1.358ms
[2026-04-03T01:58:23.334+0600][19.425s][info][gc             ] GC(68) Concurrent Mark Cycle 143.134ms
[2026-04-03T01:58:23.357+0600][19.449s][info][gc,start       ] GC(69) Pause Young (Prepare Mixed) (G1 Evacuation Pause)
[2026-04-03T01:58:23.357+0600][19.449s][info][gc,task        ] GC(69) Using 10 workers of 10 for evacuation
[2026-04-03T01:58:23.359+0600][19.451s][info][gc,phases      ] GC(69)   Pre Evacuate Collection Set: 0.20ms
[2026-04-03T01:58:23.359+0600][19.451s][info][gc,phases      ] GC(69)   Merge Heap Roots: 0.32ms
[2026-04-03T01:58:23.359+0600][19.451s][info][gc,phases      ] GC(69)   Evacuate Collection Set: 0.58ms
[2026-04-03T01:58:23.359+0600][19.451s][info][gc,phases      ] GC(69)   Post Evacuate Collection Set: 0.48ms
[2026-04-03T01:58:23.359+0600][19.451s][info][gc,phases      ] GC(69)   Other: 0.12ms
[2026-04-03T01:58:23.359+0600][19.451s][info][gc,heap        ] GC(69) Eden regions: 332->0(332)
[2026-04-03T01:58:23.359+0600][19.451s][info][gc,heap        ] GC(69) Survivor regions: 1->1(42)
[2026-04-03T01:58:23.359+0600][19.451s][info][gc,heap        ] GC(69) Old regions: 168->168
[2026-04-03T01:58:23.359+0600][19.451s][info][gc,heap        ] GC(69) Humongous regions: 14->14
[2026-04-03T01:58:23.359+0600][19.451s][info][gc,metaspace   ] GC(69) Metaspace: 66491K(67392K)->66491K(67392K) NonClass: 58056K(58560K)->58056K(58560K) Class: 8434K(8832K)->8434K(8832K)
[2026-04-03T01:58:23.359+0600][19.451s][info][gc             ] GC(69) Pause Young (Prepare Mixed) (G1 Evacuation Pause) 509M->177M(556M) 1.904ms
[2026-04-03T01:58:23.359+0600][19.451s][info][gc,cpu         ] GC(69) User=0.01s Sys=0.00s Real=0.00s
[2026-04-03T01:58:24.086+0600][20.178s][info][gc,heap,exit   ] Heap
[2026-04-03T01:58:24.086+0600][20.178s][info][gc,heap,exit   ]  garbage-first heap   total 569344K, used 363892K [0x00000000c1800000, 0x0000000100000000)
[2026-04-03T01:58:24.086+0600][20.178s][info][gc,heap,exit   ]   region size 1024K, 160 young (163840K), 1 survivors (1024K)
[2026-04-03T01:58:24.086+0600][20.178s][info][gc,heap,exit   ]  Metaspace       used 67015K, committed 67904K, reserved 1114112K
[2026-04-03T01:58:24.086+0600][20.178s][info][gc,heap,exit   ]   class space    used 8534K, committed 8960K, reserved 1048576K
