[2026-04-03T02:00:54.548+0600][0.005s][info][gc,init] CardTable entry size: 512
[2026-04-03T02:00:54.548+0600][0.005s][info][gc     ] Using G1
[2026-04-03T02:00:54.552+0600][0.009s][info][gc,init] Version: 21.0.10+7-Ubuntu-124.04 (release)
[2026-04-03T02:00:54.552+0600][0.009s][info][gc,init] CPUs: 12 total, 12 available
[2026-04-03T02:00:54.552+0600][0.009s][info][gc,init] Memory: 15683M
[2026-04-03T02:00:54.552+0600][0.009s][info][gc,init] Large Page Support: Disabled
[2026-04-03T02:00:54.552+0600][0.009s][info][gc,init] NUMA Support: Disabled
[2026-04-03T02:00:54.552+0600][0.009s][info][gc,init] Compressed Oops: Enabled (32-bit)
[2026-04-03T02:00:54.552+0600][0.009s][info][gc,init] Heap Region Size: 1M
[2026-04-03T02:00:54.552+0600][0.009s][info][gc,init] Heap Min Capacity: 8M
[2026-04-03T02:00:54.552+0600][0.009s][info][gc,init] Heap Initial Capacity: 246M
[2026-04-03T02:00:54.552+0600][0.009s][info][gc,init] Heap Max Capacity: 1500M
[2026-04-03T02:00:54.552+0600][0.009s][info][gc,init] Pre-touch: Disabled
[2026-04-03T02:00:54.552+0600][0.009s][info][gc,init] Parallel Workers: 10
[2026-04-03T02:00:54.552+0600][0.009s][info][gc,init] Concurrent Workers: 3
[2026-04-03T02:00:54.552+0600][0.009s][info][gc,init] Concurrent Refinement Workers: 10
[2026-04-03T02:00:54.552+0600][0.009s][info][gc,init] Periodic GC: Disabled
[2026-04-03T02:00:54.565+0600][0.022s][info][gc,metaspace] CDS archive(s) mapped at: [0x00007374cf000000-0x00007374cfc9c000-0x00007374cfc9c000), size 13221888, SharedBaseAddress: 0x00007374cf000000, ArchiveRelocationMode: 1.
[2026-04-03T02:00:54.565+0600][0.022s][info][gc,metaspace] Compressed class space mapped at: 0x00007374d0000000-0x0000737510000000, reserved size: 1073741824
[2026-04-03T02:00:54.565+0600][0.022s][info][gc,metaspace] Narrow klass base: 0x00007374cf000000, Narrow klass shift: 0, Narrow klass range: 0x100000000
[2026-04-03T02:00:54.963+0600][0.420s][info][gc,start    ] GC(0) Pause Young (Normal) (G1 Evacuation Pause)
[2026-04-03T02:00:54.964+0600][0.421s][info][gc,task     ] GC(0) Using 5 workers of 10 for evacuation
[2026-04-03T02:00:54.967+0600][0.424s][info][gc,phases   ] GC(0)   Pre Evacuate Collection Set: 0.20ms
[2026-04-03T02:00:54.967+0600][0.424s][info][gc,phases   ] GC(0)   Merge Heap Roots: 0.13ms
[2026-04-03T02:00:54.967+0600][0.424s][info][gc,phases   ] GC(0)   Evacuate Collection Set: 2.17ms
[2026-04-03T02:00:54.967+0600][0.424s][info][gc,phases   ] GC(0)   Post Evacuate Collection Set: 0.42ms
[2026-04-03T02:00:54.967+0600][0.424s][info][gc,phases   ] GC(0)   Other: 1.03ms
[2026-04-03T02:00:54.967+0600][0.424s][info][gc,heap     ] GC(0) Eden regions: 23->0(46)
[2026-04-03T02:00:54.967+0600][0.424s][info][gc,heap     ] GC(0) Survivor regions: 0->3(3)
[2026-04-03T02:00:54.967+0600][0.424s][info][gc,heap     ] GC(0) Old regions: 2->2
[2026-04-03T02:00:54.967+0600][0.424s][info][gc,heap     ] GC(0) Humongous regions: 0->0
[2026-04-03T02:00:54.967+0600][0.424s][info][gc,metaspace] GC(0) Metaspace: 2601K(2752K)->2601K(2752K) NonClass: 2368K(2432K)->2368K(2432K) Class: 233K(320K)->233K(320K)
[2026-04-03T02:00:54.967+0600][0.424s][info][gc          ] GC(0) Pause Young (Normal) (G1 Evacuation Pause) 24M->3M(248M) 4.281ms
[2026-04-03T02:00:54.967+0600][0.424s][info][gc,cpu      ] GC(0) User=0.02s Sys=0.00s Real=0.00s
[2026-04-03T02:00:55.194+0600][0.651s][info][gc,start    ] GC(1) Pause Young (Normal) (G1 Evacuation Pause)
[2026-04-03T02:00:55.194+0600][0.651s][info][gc,task     ] GC(1) Using 5 workers of 10 for evacuation
[2026-04-03T02:00:55.197+0600][0.654s][info][gc,phases   ] GC(1)   Pre Evacuate Collection Set: 0.15ms
[2026-04-03T02:00:55.197+0600][0.654s][info][gc,phases   ] GC(1)   Merge Heap Roots: 0.06ms
[2026-04-03T02:00:55.197+0600][0.654s][info][gc,phases   ] GC(1)   Evacuate Collection Set: 1.92ms
[2026-04-03T02:00:55.197+0600][0.654s][info][gc,phases   ] GC(1)   Post Evacuate Collection Set: 0.30ms
[2026-04-03T02:00:55.197+0600][0.654s][info][gc,phases   ] GC(1)   Other: 0.09ms
[2026-04-03T02:00:55.197+0600][0.654s][info][gc,heap     ] GC(1) Eden regions: 46->0(144)
[2026-04-03T02:00:55.197+0600][0.654s][info][gc,heap     ] GC(1) Survivor regions: 3->3(7)
[2026-04-03T02:00:55.197+0600][0.654s][info][gc,heap     ] GC(1) Old regions: 2->2
[2026-04-03T02:00:55.197+0600][0.654s][info][gc,heap     ] GC(1) Humongous regions: 0->0
[2026-04-03T02:00:55.197+0600][0.654s][info][gc,metaspace] GC(1) Metaspace: 3953K(4096K)->3953K(4096K) NonClass: 3504K(3584K)->3504K(3584K) Class: 448K(512K)->448K(512K)
[2026-04-03T02:00:55.197+0600][0.654s][info][gc          ] GC(1) Pause Young (Normal) (G1 Evacuation Pause) 49M->3M(248M) 2.760ms
[2026-04-03T02:00:55.197+0600][0.654s][info][gc,cpu      ] GC(1) User=0.00s Sys=0.00s Real=0.00s
[2026-04-03T02:00:55.990+0600][1.447s][info][gc,start    ] GC(2) Pause Young (Normal) (G1 Evacuation Pause)
[2026-04-03T02:00:55.990+0600][1.448s][info][gc,task     ] GC(2) Using 5 workers of 10 for evacuation
[2026-04-03T02:00:55.994+0600][1.452s][info][gc,phases   ] GC(2)   Pre Evacuate Collection Set: 0.29ms
[2026-04-03T02:00:55.994+0600][1.452s][info][gc,phases   ] GC(2)   Merge Heap Roots: 0.15ms
[2026-04-03T02:00:55.994+0600][1.452s][info][gc,phases   ] GC(2)   Evacuate Collection Set: 2.83ms
[2026-04-03T02:00:55.994+0600][1.452s][info][gc,phases   ] GC(2)   Post Evacuate Collection Set: 0.62ms
[2026-04-03T02:00:55.994+0600][1.452s][info][gc,phases   ] GC(2)   Other: 0.10ms
[2026-04-03T02:00:55.994+0600][1.452s][info][gc,heap     ] GC(2) Eden regions: 144->0(143)
[2026-04-03T02:00:55.994+0600][1.452s][info][gc,heap     ] GC(2) Survivor regions: 3->4(19)
[2026-04-03T02:00:55.994+0600][1.452s][info][gc,heap     ] GC(2) Old regions: 2->2
[2026-04-03T02:00:55.994+0600][1.452s][info][gc,heap     ] GC(2) Humongous regions: 0->0
[2026-04-03T02:00:55.994+0600][1.452s][info][gc,metaspace] GC(2) Metaspace: 10087K(10304K)->10087K(10304K) NonClass: 8827K(8960K)->8827K(8960K) Class: 1259K(1344K)->1259K(1344K)
[2026-04-03T02:00:55.994+0600][1.452s][info][gc          ] GC(2) Pause Young (Normal) (G1 Evacuation Pause) 147M->4M(248M) 4.240ms
[2026-04-03T02:00:55.994+0600][1.452s][info][gc,cpu      ] GC(2) User=0.01s Sys=0.00s Real=0.00s
[2026-04-03T02:00:58.848+0600][4.305s][info][gc,start    ] GC(3) Pause Young (Normal) (G1 Evacuation Pause)
[2026-04-03T02:00:58.848+0600][4.306s][info][gc,task     ] GC(3) Using 5 workers of 10 for evacuation
[2026-04-03T02:00:58.856+0600][4.314s][info][gc,phases   ] GC(3)   Pre Evacuate Collection Set: 0.21ms
[2026-04-03T02:00:58.856+0600][4.314s][info][gc,phases   ] GC(3)   Merge Heap Roots: 0.10ms
[2026-04-03T02:00:58.856+0600][4.314s][info][gc,phases   ] GC(3)   Evacuate Collection Set: 6.00ms
[2026-04-03T02:00:58.857+0600][4.314s][info][gc,phases   ] GC(3)   Post Evacuate Collection Set: 1.70ms
[2026-04-03T02:00:58.857+0600][4.314s][info][gc,phases   ] GC(3)   Other: 0.10ms
[2026-04-03T02:00:58.857+0600][4.314s][info][gc,heap     ] GC(3) Eden regions: 143->0(133)
[2026-04-03T02:00:58.857+0600][4.314s][info][gc,heap     ] GC(3) Survivor regions: 4->14(19)
[2026-04-03T02:00:58.857+0600][4.314s][info][gc,heap     ] GC(3) Old regions: 2->2
[2026-04-03T02:00:58.857+0600][4.314s][info][gc,heap     ] GC(3) Humongous regions: 7->7
[2026-04-03T02:00:58.857+0600][4.314s][info][gc,metaspace] GC(3) Metaspace: 19339K(19648K)->19339K(19648K) NonClass: 16897K(17088K)->16897K(17088K) Class: 2441K(2560K)->2441K(2560K)
[2026-04-03T02:00:58.857+0600][4.314s][info][gc          ] GC(3) Pause Young (Normal) (G1 Evacuation Pause) 154M->21M(248M) 8.456ms
[2026-04-03T02:00:58.857+0600][4.314s][info][gc,cpu      ] GC(3) User=0.05s Sys=0.01s Real=0.01s
[2026-04-03T02:00:58.968+0600][4.425s][info][gc,start    ] GC(4) Pause Young (Concurrent Start) (Metadata GC Threshold)
[2026-04-03T02:00:58.968+0600][4.425s][info][gc,task     ] GC(4) Using 5 workers of 10 for evacuation
[2026-04-03T02:00:58.974+0600][4.431s][info][gc,phases   ] GC(4)   Pre Evacuate Collection Set: 0.36ms
[2026-04-03T02:00:58.974+0600][4.431s][info][gc,phases   ] GC(4)   Merge Heap Roots: 0.06ms
[2026-04-03T02:00:58.974+0600][4.431s][info][gc,phases   ] GC(4)   Evacuate Collection Set: 4.39ms
[2026-04-03T02:00:58.974+0600][4.431s][info][gc,phases   ] GC(4)   Post Evacuate Collection Set: 0.64ms
[2026-04-03T02:00:58.974+0600][4.431s][info][gc,phases   ] GC(4)   Other: 0.15ms
[2026-04-03T02:00:58.974+0600][4.431s][info][gc,heap     ] GC(4) Eden regions: 3->0(136)
[2026-04-03T02:00:58.974+0600][4.431s][info][gc,heap     ] GC(4) Survivor regions: 14->11(19)
[2026-04-03T02:00:58.974+0600][4.431s][info][gc,heap     ] GC(4) Old regions: 2->6
[2026-04-03T02:00:58.974+0600][4.431s][info][gc,heap     ] GC(4) Humongous regions: 7->7
[2026-04-03T02:00:58.974+0600][4.431s][info][gc,metaspace] GC(4) Metaspace: 21261K(21504K)->21261K(21504K) NonClass: 18626K(18752K)->18626K(18752K) Class: 2635K(2752K)->2635K(2752K)
[2026-04-03T02:00:58.974+0600][4.431s][info][gc          ] GC(4) Pause Young (Concurrent Start) (Metadata GC Threshold) 24M->21M(248M) 5.901ms
[2026-04-03T02:00:58.974+0600][4.431s][info][gc,cpu      ] GC(4) User=0.01s Sys=0.01s Real=0.01s
[2026-04-03T02:00:58.974+0600][4.431s][info][gc          ] GC(5) Concurrent Mark Cycle
[2026-04-03T02:00:58.974+0600][4.431s][info][gc,marking  ] GC(5) Concurrent Scan Root Regions
[2026-04-03T02:00:58.977+0600][4.434s][info][gc,marking  ] GC(5) Concurrent Scan Root Regions 2.606ms
[2026-04-03T02:00:58.977+0600][4.434s][info][gc,marking  ] GC(5) Concurrent Mark
[2026-04-03T02:00:58.977+0600][4.434s][info][gc,marking  ] GC(5) Concurrent Mark From Roots
[2026-04-03T02:00:58.977+0600][4.434s][info][gc,task     ] GC(5) Using 3 workers of 3 for marking
[2026-04-03T02:00:58.980+0600][4.437s][info][gc,marking  ] GC(5) Concurrent Mark From Roots 2.894ms
[2026-04-03T02:00:58.980+0600][4.437s][info][gc,marking  ] GC(5) Concurrent Preclean
[2026-04-03T02:00:58.980+0600][4.437s][info][gc,marking  ] GC(5) Concurrent Preclean 0.019ms
[2026-04-03T02:00:58.980+0600][4.437s][info][gc,start    ] GC(5) Pause Remark
[2026-04-03T02:00:58.983+0600][4.440s][info][gc          ] GC(5) Pause Remark 22M->22M(80M) 3.167ms
[2026-04-03T02:00:58.983+0600][4.440s][info][gc,cpu      ] GC(5) User=0.01s Sys=0.00s Real=0.00s
[2026-04-03T02:00:58.983+0600][4.441s][info][gc,marking  ] GC(5) Concurrent Mark 6.507ms
[2026-04-03T02:00:58.983+0600][4.441s][info][gc,marking  ] GC(5) Concurrent Rebuild Remembered Sets and Scrub Regions
[2026-04-03T02:00:58.985+0600][4.442s][info][gc,marking  ] GC(5) Concurrent Rebuild Remembered Sets and Scrub Regions 1.701ms
[2026-04-03T02:00:58.997+0600][4.454s][info][gc,start    ] GC(5) Pause Cleanup
[2026-04-03T02:00:58.997+0600][4.454s][info][gc          ] GC(5) Pause Cleanup 22M->22M(80M) 0.188ms
[2026-04-03T02:00:58.997+0600][4.454s][info][gc,cpu      ] GC(5) User=0.00s Sys=0.00s Real=0.00s
[2026-04-03T02:00:58.997+0600][4.454s][info][gc,marking  ] GC(5) Concurrent Clear Claimed Marks
[2026-04-03T02:00:58.997+0600][4.454s][info][gc,marking  ] GC(5) Concurrent Clear Claimed Marks 0.058ms
[2026-04-03T02:00:58.997+0600][4.454s][info][gc,marking  ] GC(5) Concurrent Cleanup for Next Mark
[2026-04-03T02:00:58.998+0600][4.455s][info][gc,marking  ] GC(5) Concurrent Cleanup for Next Mark 0.734ms
[2026-04-03T02:00:58.998+0600][4.455s][info][gc          ] GC(5) Concurrent Mark Cycle 23.654ms
[2026-04-03T02:01:00.379+0600][5.836s][info][gc,start    ] GC(6) Pause Young (Prepare Mixed) (G1 Evacuation Pause)
[2026-04-03T02:01:00.379+0600][5.836s][info][gc,task     ] GC(6) Using 3 workers of 10 for evacuation
[2026-04-03T02:01:00.388+0600][5.845s][info][gc,phases   ] GC(6)   Pre Evacuate Collection Set: 0.26ms
[2026-04-03T02:01:00.388+0600][5.845s][info][gc,phases   ] GC(6)   Merge Heap Roots: 0.14ms
[2026-04-03T02:01:00.388+0600][5.845s][info][gc,phases   ] GC(6)   Evacuate Collection Set: 7.40ms
[2026-04-03T02:01:00.388+0600][5.845s][info][gc,phases   ] GC(6)   Post Evacuate Collection Set: 1.08ms
[2026-04-03T02:01:00.388+0600][5.845s][info][gc,phases   ] GC(6)   Other: 0.08ms
[2026-04-03T02:01:00.388+0600][5.845s][info][gc,heap     ] GC(6) Eden regions: 54->0(56)
[2026-04-03T02:01:00.388+0600][5.845s][info][gc,heap     ] GC(6) Survivor regions: 11->3(19)
[2026-04-03T02:01:00.388+0600][5.845s][info][gc,heap     ] GC(6) Old regions: 6->16
[2026-04-03T02:01:00.388+0600][5.845s][info][gc,heap     ] GC(6) Humongous regions: 15->9
[2026-04-03T02:01:00.388+0600][5.845s][info][gc,metaspace] GC(6) Metaspace: 28428K(28800K)->28428K(28800K) NonClass: 24898K(25088K)->24898K(25088K) Class: 3530K(3712K)->3530K(3712K)
[2026-04-03T02:01:00.388+0600][5.845s][info][gc          ] GC(6) Pause Young (Prepare Mixed) (G1 Evacuation Pause) 83M->25M(99M) 9.193ms
[2026-04-03T02:01:00.388+0600][5.845s][info][gc,cpu      ] GC(6) User=0.02s Sys=0.00s Real=0.01s
[2026-04-03T02:01:01.850+0600][7.308s][info][gc,start    ] GC(7) Pause Young (Mixed) (Metadata GC Threshold)
[2026-04-03T02:01:01.850+0600][7.308s][info][gc,task     ] GC(7) Using 2 workers of 10 for evacuation
[2026-04-03T02:01:01.858+0600][7.315s][info][gc,phases   ] GC(7)   Pre Evacuate Collection Set: 0.21ms
[2026-04-03T02:01:01.858+0600][7.315s][info][gc,phases   ] GC(7)   Merge Heap Roots: 0.18ms
[2026-04-03T02:01:01.858+0600][7.315s][info][gc,phases   ] GC(7)   Evacuate Collection Set: 6.48ms
[2026-04-03T02:01:01.858+0600][7.315s][info][gc,phases   ] GC(7)   Post Evacuate Collection Set: 0.74ms
[2026-04-03T02:01:01.858+0600][7.315s][info][gc,phases   ] GC(7)   Other: 0.07ms
[2026-04-03T02:01:01.858+0600][7.315s][info][gc,heap     ] GC(7) Eden regions: 50->0(55)
[2026-04-03T02:01:01.858+0600][7.315s][info][gc,heap     ] GC(7) Survivor regions: 3->4(8)
[2026-04-03T02:01:01.858+0600][7.315s][info][gc,heap     ] GC(7) Old regions: 16->16
[2026-04-03T02:01:01.858+0600][7.315s][info][gc,heap     ] GC(7) Humongous regions: 21->7
[2026-04-03T02:01:01.858+0600][7.315s][info][gc,metaspace] GC(7) Metaspace: 35566K(35968K)->35566K(35968K) NonClass: 31144K(31360K)->31144K(31360K) Class: 4422K(4608K)->4422K(4608K)
[2026-04-03T02:01:01.858+0600][7.316s][info][gc          ] GC(7) Pause Young (Mixed) (Metadata GC Threshold) 87M->25M(99M) 7.913ms
[2026-04-03T02:01:01.858+0600][7.316s][info][gc,cpu      ] GC(7) User=0.03s Sys=0.00s Real=0.00s
[2026-04-03T02:01:01.886+0600][7.343s][info][gc,start    ] GC(8) Pause Young (Concurrent Start) (Metadata GC Threshold)
[2026-04-03T02:01:01.886+0600][7.343s][info][gc,task     ] GC(8) Using 2 workers of 10 for evacuation
[2026-04-03T02:01:01.893+0600][7.350s][info][gc,phases   ] GC(8)   Pre Evacuate Collection Set: 0.37ms
[2026-04-03T02:01:01.893+0600][7.350s][info][gc,phases   ] GC(8)   Merge Heap Roots: 0.16ms
[2026-04-03T02:01:01.893+0600][7.350s][info][gc,phases   ] GC(8)   Evacuate Collection Set: 5.57ms
[2026-04-03T02:01:01.893+0600][7.350s][info][gc,phases   ] GC(8)   Post Evacuate Collection Set: 0.53ms
[2026-04-03T02:01:01.893+0600][7.350s][info][gc,phases   ] GC(8)   Other: 0.21ms
[2026-04-03T02:01:01.893+0600][7.350s][info][gc,heap     ] GC(8) Eden regions: 5->0(54)
[2026-04-03T02:01:01.893+0600][7.350s][info][gc,heap     ] GC(8) Survivor regions: 4->5(8)
[2026-04-03T02:01:01.893+0600][7.350s][info][gc,heap     ] GC(8) Old regions: 16->16
[2026-04-03T02:01:01.893+0600][7.350s][info][gc,heap     ] GC(8) Humongous regions: 7->7
[2026-04-03T02:01:01.893+0600][7.350s][info][gc,metaspace] GC(8) Metaspace: 35931K(36288K)->35931K(36288K) NonClass: 31463K(31680K)->31463K(31680K) Class: 4467K(4608K)->4467K(4608K)
[2026-04-03T02:01:01.893+0600][7.350s][info][gc          ] GC(8) Pause Young (Concurrent Start) (Metadata GC Threshold) 30M->26M(99M) 7.073ms
[2026-04-03T02:01:01.893+0600][7.350s][info][gc,cpu      ] GC(8) User=0.02s Sys=0.00s Real=0.01s
[2026-04-03T02:01:01.893+0600][7.350s][info][gc          ] GC(9) Concurrent Mark Cycle
[2026-04-03T02:01:01.893+0600][7.350s][info][gc,marking  ] GC(9) Concurrent Scan Root Regions
[2026-04-03T02:01:01.895+0600][7.353s][info][gc,marking  ] GC(9) Concurrent Scan Root Regions 2.374ms
[2026-04-03T02:01:01.895+0600][7.353s][info][gc,marking  ] GC(9) Concurrent Mark
[2026-04-03T02:01:01.895+0600][7.353s][info][gc,marking  ] GC(9) Concurrent Mark From Roots
[2026-04-03T02:01:01.895+0600][7.353s][info][gc,task     ] GC(9) Using 3 workers of 3 for marking
[2026-04-03T02:01:01.902+0600][7.359s][info][gc,marking  ] GC(9) Concurrent Mark From Roots 6.172ms
[2026-04-03T02:01:01.902+0600][7.359s][info][gc,marking  ] GC(9) Concurrent Preclean
[2026-04-03T02:01:01.902+0600][7.359s][info][gc,marking  ] GC(9) Concurrent Preclean 0.042ms
[2026-04-03T02:01:01.902+0600][7.359s][info][gc,start    ] GC(9) Pause Remark
[2026-04-03T02:01:01.907+0600][7.365s][info][gc          ] GC(9) Pause Remark 27M->27M(94M) 5.158ms
[2026-04-03T02:01:01.907+0600][7.365s][info][gc,cpu      ] GC(9) User=0.01s Sys=0.00s Real=0.00s
[2026-04-03T02:01:01.907+0600][7.365s][info][gc,marking  ] GC(9) Concurrent Mark 12.101ms
[2026-04-03T02:01:01.907+0600][7.365s][info][gc,marking  ] GC(9) Concurrent Rebuild Remembered Sets and Scrub Regions
[2026-04-03T02:01:01.910+0600][7.367s][info][gc,marking  ] GC(9) Concurrent Rebuild Remembered Sets and Scrub Regions 2.563ms
[2026-04-03T02:01:01.910+0600][7.368s][info][gc,start    ] GC(9) Pause Cleanup
[2026-04-03T02:01:01.910+0600][7.368s][info][gc          ] GC(9) Pause Cleanup 27M->27M(94M) 0.148ms
[2026-04-03T02:01:01.910+0600][7.368s][info][gc,cpu      ] GC(9) User=0.00s Sys=0.00s Real=0.00s
[2026-04-03T02:01:01.911+0600][7.368s][info][gc,marking  ] GC(9) Concurrent Clear Claimed Marks
[2026-04-03T02:01:01.911+0600][7.368s][info][gc,marking  ] GC(9) Concurrent Clear Claimed Marks 0.073ms
[2026-04-03T02:01:01.911+0600][7.368s][info][gc,marking  ] GC(9) Concurrent Cleanup for Next Mark
[2026-04-03T02:01:01.911+0600][7.368s][info][gc,marking  ] GC(9) Concurrent Cleanup for Next Mark 0.239ms
[2026-04-03T02:01:01.911+0600][7.368s][info][gc          ] GC(9) Concurrent Mark Cycle 18.069ms
[2026-04-03T02:01:03.463+0600][8.920s][info][gc,start    ] GC(10) Pause Young (Prepare Mixed) (G1 Evacuation Pause)
[2026-04-03T02:01:03.463+0600][8.920s][info][gc,task     ] GC(10) Using 2 workers of 10 for evacuation
[2026-04-03T02:01:03.475+0600][8.932s][info][gc,phases   ] GC(10)   Pre Evacuate Collection Set: 0.28ms
[2026-04-03T02:01:03.475+0600][8.933s][info][gc,phases   ] GC(10)   Merge Heap Roots: 0.11ms
[2026-04-03T02:01:03.475+0600][8.933s][info][gc,phases   ] GC(10)   Evacuate Collection Set: 10.89ms
[2026-04-03T02:01:03.475+0600][8.933s][info][gc,phases   ] GC(10)   Post Evacuate Collection Set: 0.77ms
[2026-04-03T02:01:03.475+0600][8.933s][info][gc,phases   ] GC(10)   Other: 0.08ms
[2026-04-03T02:01:03.475+0600][8.933s][info][gc,heap     ] GC(10) Eden regions: 53->0(54)
[2026-04-03T02:01:03.475+0600][8.933s][info][gc,heap     ] GC(10) Survivor regions: 5->6(8)
[2026-04-03T02:01:03.475+0600][8.933s][info][gc,heap     ] GC(10) Old regions: 16->16
[2026-04-03T02:01:03.475+0600][8.933s][info][gc,heap     ] GC(10) Humongous regions: 20->8
[2026-04-03T02:01:03.475+0600][8.933s][info][gc,metaspace] GC(10) Metaspace: 42718K(43200K)->42718K(43200K) NonClass: 37416K(37696K)->37416K(37696K) Class: 5301K(5504K)->5301K(5504K)
[2026-04-03T02:01:03.475+0600][8.933s][info][gc          ] GC(10) Pause Young (Prepare Mixed) (G1 Evacuation Pause) 92M->28M(100M) 12.391ms
[2026-04-03T02:01:03.475+0600][8.933s][info][gc,cpu      ] GC(10) User=0.03s Sys=0.00s Real=0.01s
[2026-04-03T02:01:03.954+0600][9.411s][info][gc,start    ] GC(11) Pause Young (Mixed) (G1 Evacuation Pause)
[2026-04-03T02:01:03.954+0600][9.411s][info][gc,task     ] GC(11) Using 2 workers of 10 for evacuation
[2026-04-03T02:01:03.966+0600][9.423s][info][gc,phases   ] GC(11)   Pre Evacuate Collection Set: 0.24ms
[2026-04-03T02:01:03.966+0600][9.423s][info][gc,phases   ] GC(11)   Merge Heap Roots: 0.09ms
[2026-04-03T02:01:03.966+0600][9.423s][info][gc,phases   ] GC(11)   Evacuate Collection Set: 11.33ms
[2026-04-03T02:01:03.966+0600][9.423s][info][gc,phases   ] GC(11)   Post Evacuate Collection Set: 0.77ms
[2026-04-03T02:01:03.966+0600][9.423s][info][gc,phases   ] GC(11)   Other: 0.08ms
[2026-04-03T02:01:03.966+0600][9.423s][info][gc,heap     ] GC(11) Eden regions: 54->0(53)
[2026-04-03T02:01:03.966+0600][9.423s][info][gc,heap     ] GC(11) Survivor regions: 6->7(8)
[2026-04-03T02:01:03.966+0600][9.423s][info][gc,heap     ] GC(11) Old regions: 16->17
[2026-04-03T02:01:03.966+0600][9.423s][info][gc,heap     ] GC(11) Humongous regions: 8->8
[2026-04-03T02:01:03.966+0600][9.424s][info][gc,metaspace] GC(11) Metaspace: 49235K(49728K)->49235K(49728K) NonClass: 43135K(43456K)->43135K(43456K) Class: 6099K(6272K)->6099K(6272K)
[2026-04-03T02:01:03.966+0600][9.424s][info][gc          ] GC(11) Pause Young (Mixed) (G1 Evacuation Pause) 82M->31M(100M) 12.801ms
[2026-04-03T02:01:03.966+0600][9.424s][info][gc,cpu      ] GC(11) User=0.03s Sys=0.00s Real=0.01s
[2026-04-03T02:01:04.062+0600][9.519s][info][gc,start    ] GC(12) Pause Young (Normal) (G1 Evacuation Pause)
[2026-04-03T02:01:04.062+0600][9.519s][info][gc,task     ] GC(12) Using 2 workers of 10 for evacuation
[2026-04-03T02:01:04.074+0600][9.531s][info][gc,phases   ] GC(12)   Pre Evacuate Collection Set: 0.36ms
[2026-04-03T02:01:04.074+0600][9.531s][info][gc,phases   ] GC(12)   Merge Heap Roots: 0.24ms
[2026-04-03T02:01:04.074+0600][9.531s][info][gc,phases   ] GC(12)   Evacuate Collection Set: 11.13ms
[2026-04-03T02:01:04.074+0600][9.531s][info][gc,phases   ] GC(12)   Post Evacuate Collection Set: 0.64ms
[2026-04-03T02:01:04.074+0600][9.531s][info][gc,phases   ] GC(12)   Other: 0.09ms
[2026-04-03T02:01:04.074+0600][9.531s][info][gc,heap     ] GC(12) Eden regions: 53->0(52)
[2026-04-03T02:01:04.074+0600][9.531s][info][gc,heap     ] GC(12) Survivor regions: 7->8(8)
[2026-04-03T02:01:04.074+0600][9.531s][info][gc,heap     ] GC(12) Old regions: 17->21
[2026-04-03T02:01:04.074+0600][9.531s][info][gc,heap     ] GC(12) Humongous regions: 8->8
[2026-04-03T02:01:04.074+0600][9.531s][info][gc,metaspace] GC(12) Metaspace: 49235K(49728K)->49235K(49728K) NonClass: 43135K(43456K)->43135K(43456K) Class: 6099K(6272K)->6099K(6272K)
[2026-04-03T02:01:04.074+0600][9.532s][info][gc          ] GC(12) Pause Young (Normal) (G1 Evacuation Pause) 84M->36M(100M) 12.745ms
[2026-04-03T02:01:04.074+0600][9.532s][info][gc,cpu      ] GC(12) User=0.02s Sys=0.00s Real=0.01s
[2026-04-03T02:01:04.129+0600][9.586s][info][gc,start    ] GC(13) Pause Young (Normal) (G1 Evacuation Pause)
[2026-04-03T02:01:04.129+0600][9.586s][info][gc,task     ] GC(13) Using 2 workers of 10 for evacuation
[2026-04-03T02:01:04.140+0600][9.597s][info][gc,phases   ] GC(13)   Pre Evacuate Collection Set: 0.33ms
[2026-04-03T02:01:04.140+0600][9.597s][info][gc,phases   ] GC(13)   Merge Heap Roots: 0.20ms
[2026-04-03T02:01:04.140+0600][9.597s][info][gc,phases   ] GC(13)   Evacuate Collection Set: 9.53ms
[2026-04-03T02:01:04.140+0600][9.597s][info][gc,phases   ] GC(13)   Post Evacuate Collection Set: 0.54ms
[2026-04-03T02:01:04.140+0600][9.597s][info][gc,phases   ] GC(13)   Other: 0.07ms
[2026-04-03T02:01:04.140+0600][9.597s][info][gc,heap     ] GC(13) Eden regions: 52->0(50)
[2026-04-03T02:01:04.140+0600][9.597s][info][gc,heap     ] GC(13) Survivor regions: 8->5(8)
[2026-04-03T02:01:04.140+0600][9.597s][info][gc,heap     ] GC(13) Old regions: 21->29
[2026-04-03T02:01:04.140+0600][9.597s][info][gc,heap     ] GC(13) Humongous regions: 8->8
[2026-04-03T02:01:04.140+0600][9.597s][info][gc,metaspace] GC(13) Metaspace: 49235K(49728K)->49235K(49728K) NonClass: 43135K(43456K)->43135K(43456K) Class: 6099K(6272K)->6099K(6272K)
[2026-04-03T02:01:04.140+0600][9.597s][info][gc          ] GC(13) Pause Young (Normal) (G1 Evacuation Pause) 88M->41M(102M) 10.911ms
[2026-04-03T02:01:04.140+0600][9.597s][info][gc,cpu      ] GC(13) User=0.02s Sys=0.00s Real=0.02s
[2026-04-03T02:01:04.198+0600][9.655s][info][gc,start    ] GC(14) Pause Young (Normal) (G1 Evacuation Pause)
[2026-04-03T02:01:04.198+0600][9.655s][info][gc,task     ] GC(14) Using 2 workers of 10 for evacuation
[2026-04-03T02:01:04.208+0600][9.665s][info][gc,phases   ] GC(14)   Pre Evacuate Collection Set: 0.33ms
[2026-04-03T02:01:04.208+0600][9.665s][info][gc,phases   ] GC(14)   Merge Heap Roots: 0.09ms
[2026-04-03T02:01:04.208+0600][9.665s][info][gc,phases   ] GC(14)   Evacuate Collection Set: 8.17ms
[2026-04-03T02:01:04.208+0600][9.665s][info][gc,phases   ] GC(14)   Post Evacuate Collection Set: 1.34ms
[2026-04-03T02:01:04.208+0600][9.666s][info][gc,phases   ] GC(14)   Other: 0.10ms
[2026-04-03T02:01:04.208+0600][9.666s][info][gc,heap     ] GC(14) Eden regions: 50->0(114)
[2026-04-03T02:01:04.208+0600][9.666s][info][gc,heap     ] GC(14) Survivor regions: 5->5(7)
[2026-04-03T02:01:04.208+0600][9.666s][info][gc,heap     ] GC(14) Old regions: 29->34
[2026-04-03T02:01:04.208+0600][9.666s][info][gc,heap     ] GC(14) Humongous regions: 8->8
[2026-04-03T02:01:04.208+0600][9.666s][info][gc,metaspace] GC(14) Metaspace: 49235K(49728K)->49235K(49728K) NonClass: 43135K(43456K)->43135K(43456K) Class: 6099K(6272K)->6099K(6272K)
[2026-04-03T02:01:04.208+0600][9.666s][info][gc          ] GC(14) Pause Young (Normal) (G1 Evacuation Pause) 91M->46M(199M) 10.363ms
[2026-04-03T02:01:04.208+0600][9.666s][info][gc,cpu      ] GC(14) User=0.02s Sys=0.01s Real=0.01s
[2026-04-03T02:01:04.380+0600][9.837s][info][gc,start    ] GC(15) Pause Young (Normal) (G1 Evacuation Pause)
[2026-04-03T02:01:04.380+0600][9.837s][info][gc,task     ] GC(15) Using 4 workers of 10 for evacuation
[2026-04-03T02:01:04.387+0600][9.844s][info][gc,phases   ] GC(15)   Pre Evacuate Collection Set: 0.45ms
[2026-04-03T02:01:04.387+0600][9.844s][info][gc,phases   ] GC(15)   Merge Heap Roots: 0.20ms
[2026-04-03T02:01:04.387+0600][9.844s][info][gc,phases   ] GC(15)   Evacuate Collection Set: 5.81ms
[2026-04-03T02:01:04.387+0600][9.844s][info][gc,phases   ] GC(15)   Post Evacuate Collection Set: 0.73ms
[2026-04-03T02:01:04.387+0600][9.844s][info][gc,phases   ] GC(15)   Other: 0.12ms
[2026-04-03T02:01:04.387+0600][9.844s][info][gc,heap     ] GC(15) Eden regions: 114->0(104)
[2026-04-03T02:01:04.387+0600][9.844s][info][gc,heap     ] GC(15) Survivor regions: 5->15(15)
[2026-04-03T02:01:04.387+0600][9.844s][info][gc,heap     ] GC(15) Old regions: 34->34
[2026-04-03T02:01:04.387+0600][9.844s][info][gc,heap     ] GC(15) Humongous regions: 8->8
[2026-04-03T02:01:04.387+0600][9.844s][info][gc,metaspace] GC(15) Metaspace: 49235K(49728K)->49235K(49728K) NonClass: 43135K(43456K)->43135K(43456K) Class: 6099K(6272K)->6099K(6272K)
[2026-04-03T02:01:04.387+0600][9.844s][info][gc          ] GC(15) Pause Young (Normal) (G1 Evacuation Pause) 160M->56M(199M) 7.587ms
[2026-04-03T02:01:04.387+0600][9.844s][info][gc,cpu      ] GC(15) User=0.02s Sys=0.00s Real=0.01s
[2026-04-03T02:01:04.488+0600][9.945s][info][gc,start    ] GC(16) Pause Young (Normal) (G1 Evacuation Pause)
[2026-04-03T02:01:04.488+0600][9.946s][info][gc,task     ] GC(16) Using 4 workers of 10 for evacuation
[2026-04-03T02:01:04.498+0600][9.956s][info][gc,phases   ] GC(16)   Pre Evacuate Collection Set: 0.40ms
[2026-04-03T02:01:04.498+0600][9.956s][info][gc,phases   ] GC(16)   Merge Heap Roots: 0.24ms
[2026-04-03T02:01:04.498+0600][9.956s][info][gc,phases   ] GC(16)   Evacuate Collection Set: 8.78ms
[2026-04-03T02:01:04.498+0600][9.956s][info][gc,phases   ] GC(16)   Post Evacuate Collection Set: 0.48ms
[2026-04-03T02:01:04.498+0600][9.956s][info][gc,phases   ] GC(16)   Other: 0.17ms
[2026-04-03T02:01:04.498+0600][9.956s][info][gc,heap     ] GC(16) Eden regions: 104->0(109)
[2026-04-03T02:01:04.499+0600][9.956s][info][gc,heap     ] GC(16) Survivor regions: 15->10(15)
[2026-04-03T02:01:04.499+0600][9.956s][info][gc,heap     ] GC(16) Old regions: 34->49
[2026-04-03T02:01:04.499+0600][9.956s][info][gc,heap     ] GC(16) Humongous regions: 8->8
[2026-04-03T02:01:04.499+0600][9.956s][info][gc,metaspace] GC(16) Metaspace: 49235K(49728K)->49235K(49728K) NonClass: 43135K(43456K)->43135K(43456K) Class: 6099K(6272K)->6099K(6272K)
[2026-04-03T02:01:04.499+0600][9.956s][info][gc          ] GC(16) Pause Young (Normal) (G1 Evacuation Pause) 160M->66M(199M) 10.326ms
[2026-04-03T02:01:04.499+0600][9.956s][info][gc,cpu      ] GC(16) User=0.04s Sys=0.01s Real=0.01s
[2026-04-03T02:01:04.617+0600][10.074s][info][gc,start    ] GC(17) Pause Young (Normal) (G1 Evacuation Pause)
[2026-04-03T02:01:04.617+0600][10.074s][info][gc,task     ] GC(17) Using 4 workers of 10 for evacuation
[2026-04-03T02:01:04.627+0600][10.084s][info][gc,phases   ] GC(17)   Pre Evacuate Collection Set: 0.30ms
[2026-04-03T02:01:04.627+0600][10.084s][info][gc,phases   ] GC(17)   Merge Heap Roots: 0.08ms
[2026-04-03T02:01:04.627+0600][10.084s][info][gc,phases   ] GC(17)   Evacuate Collection Set: 9.13ms
[2026-04-03T02:01:04.627+0600][10.084s][info][gc,phases   ] GC(17)   Post Evacuate Collection Set: 0.53ms
[2026-04-03T02:01:04.627+0600][10.084s][info][gc,phases   ] GC(17)   Other: 0.07ms
[2026-04-03T02:01:04.627+0600][10.084s][info][gc,heap     ] GC(17) Eden regions: 109->0(100)
[2026-04-03T02:01:04.627+0600][10.084s][info][gc,heap     ] GC(17) Survivor regions: 10->11(15)
[2026-04-03T02:01:04.627+0600][10.084s][info][gc,heap     ] GC(17) Old regions: 49->59
[2026-04-03T02:01:04.627+0600][10.084s][info][gc,heap     ] GC(17) Humongous regions: 8->8
[2026-04-03T02:01:04.627+0600][10.084s][info][gc,metaspace] GC(17) Metaspace: 49235K(49728K)->49235K(49728K) NonClass: 43135K(43456K)->43135K(43456K) Class: 6099K(6272K)->6099K(6272K)
[2026-04-03T02:01:04.627+0600][10.084s][info][gc          ] GC(17) Pause Young (Normal) (G1 Evacuation Pause) 175M->77M(199M) 10.423ms
[2026-04-03T02:01:04.627+0600][10.084s][info][gc,cpu      ] GC(17) User=0.04s Sys=0.00s Real=0.01s
[2026-04-03T02:01:04.725+0600][10.182s][info][gc,start    ] GC(18) Pause Young (Normal) (G1 Evacuation Pause)
[2026-04-03T02:01:04.725+0600][10.182s][info][gc,task     ] GC(18) Using 4 workers of 10 for evacuation
[2026-04-03T02:01:04.736+0600][10.193s][info][gc,phases   ] GC(18)   Pre Evacuate Collection Set: 0.32ms
[2026-04-03T02:01:04.736+0600][10.193s][info][gc,phases   ] GC(18)   Merge Heap Roots: 0.07ms
[2026-04-03T02:01:04.736+0600][10.193s][info][gc,phases   ] GC(18)   Evacuate Collection Set: 7.37ms
[2026-04-03T02:01:04.736+0600][10.193s][info][gc,phases   ] GC(18)   Post Evacuate Collection Set: 2.83ms
[2026-04-03T02:01:04.736+0600][10.193s][info][gc,phases   ] GC(18)   Other: 0.09ms
[2026-04-03T02:01:04.736+0600][10.193s][info][gc,heap     ] GC(18) Eden regions: 100->0(216)
[2026-04-03T02:01:04.736+0600][10.193s][info][gc,heap     ] GC(18) Survivor regions: 11->10(14)
[2026-04-03T02:01:04.736+0600][10.193s][info][gc,heap     ] GC(18) Old regions: 59->69
[2026-04-03T02:01:04.736+0600][10.193s][info][gc,heap     ] GC(18) Humongous regions: 8->8
[2026-04-03T02:01:04.736+0600][10.193s][info][gc,metaspace] GC(18) Metaspace: 49235K(49728K)->49235K(49728K) NonClass: 43135K(43456K)->43135K(43456K) Class: 6099K(6272K)->6099K(6272K)
[2026-04-03T02:01:04.736+0600][10.193s][info][gc          ] GC(18) Pause Young (Normal) (G1 Evacuation Pause) 177M->85M(377M) 10.969ms
[2026-04-03T02:01:04.736+0600][10.193s][info][gc,cpu      ] GC(18) User=0.04s Sys=0.00s Real=0.01s
[2026-04-03T02:01:05.032+0600][10.489s][info][gc,start    ] GC(19) Pause Young (Normal) (G1 Evacuation Pause)
[2026-04-03T02:01:05.032+0600][10.489s][info][gc,task     ] GC(19) Using 9 workers of 10 for evacuation
[2026-04-03T02:01:05.041+0600][10.498s][info][gc,phases   ] GC(19)   Pre Evacuate Collection Set: 0.48ms
[2026-04-03T02:01:05.041+0600][10.498s][info][gc,phases   ] GC(19)   Merge Heap Roots: 0.18ms
[2026-04-03T02:01:05.041+0600][10.498s][info][gc,phases   ] GC(19)   Evacuate Collection Set: 6.64ms
[2026-04-03T02:01:05.041+0600][10.498s][info][gc,phases   ] GC(19)   Post Evacuate Collection Set: 0.98ms
[2026-04-03T02:01:05.041+0600][10.498s][info][gc,phases   ] GC(19)   Other: 0.23ms
[2026-04-03T02:01:05.041+0600][10.498s][info][gc,heap     ] GC(19) Eden regions: 216->0(197)
[2026-04-03T02:01:05.041+0600][10.498s][info][gc,heap     ] GC(19) Survivor regions: 10->29(29)
[2026-04-03T02:01:05.041+0600][10.498s][info][gc,heap     ] GC(19) Old regions: 69->69
[2026-04-03T02:01:05.041+0600][10.498s][info][gc,heap     ] GC(19) Humongous regions: 8->8
[2026-04-03T02:01:05.041+0600][10.498s][info][gc,metaspace] GC(19) Metaspace: 49235K(49728K)->49235K(49728K) NonClass: 43135K(43456K)->43135K(43456K) Class: 6099K(6272K)->6099K(6272K)
[2026-04-03T02:01:05.041+0600][10.498s][info][gc          ] GC(19) Pause Young (Normal) (G1 Evacuation Pause) 301M->105M(377M) 8.932ms
[2026-04-03T02:01:05.041+0600][10.498s][info][gc,cpu      ] GC(19) User=0.06s Sys=0.00s Real=0.01s
[2026-04-03T02:01:05.230+0600][10.688s][info][gc,start    ] GC(20) Pause Young (Normal) (G1 Evacuation Pause)
[2026-04-03T02:01:05.230+0600][10.688s][info][gc,task     ] GC(20) Using 9 workers of 10 for evacuation
[2026-04-03T02:01:05.243+0600][10.700s][info][gc,phases   ] GC(20)   Pre Evacuate Collection Set: 0.32ms
[2026-04-03T02:01:05.243+0600][10.700s][info][gc,phases   ] GC(20)   Merge Heap Roots: 0.27ms
[2026-04-03T02:01:05.243+0600][10.700s][info][gc,phases   ] GC(20)   Evacuate Collection Set: 10.27ms
[2026-04-03T02:01:05.243+0600][10.700s][info][gc,phases   ] GC(20)   Post Evacuate Collection Set: 1.16ms
[2026-04-03T02:01:05.243+0600][10.700s][info][gc,phases   ] GC(20)   Other: 0.20ms
[2026-04-03T02:01:05.243+0600][10.700s][info][gc,heap     ] GC(20) Eden regions: 197->0(203)
[2026-04-03T02:01:05.243+0600][10.700s][info][gc,heap     ] GC(20) Survivor regions: 29->19(29)
[2026-04-03T02:01:05.243+0600][10.700s][info][gc,heap     ] GC(20) Old regions: 69->97
[2026-04-03T02:01:05.243+0600][10.700s][info][gc,heap     ] GC(20) Humongous regions: 8->8
[2026-04-03T02:01:05.243+0600][10.700s][info][gc,metaspace] GC(20) Metaspace: 49235K(49728K)->49235K(49728K) NonClass: 43135K(43456K)->43135K(43456K) Class: 6099K(6272K)->6099K(6272K)
[2026-04-03T02:01:05.243+0600][10.700s][info][gc          ] GC(20) Pause Young (Normal) (G1 Evacuation Pause) 302M->123M(377M) 12.643ms
[2026-04-03T02:01:05.243+0600][10.700s][info][gc,cpu      ] GC(20) User=0.09s Sys=0.01s Real=0.01s
[2026-04-03T02:01:07.642+0600][13.099s][info][gc,start    ] GC(21) Pause Full (System.gc())
[2026-04-03T02:01:07.642+0600][13.099s][info][gc,task     ] GC(21) Using 9 workers of 10 for full compaction
[2026-04-03T02:01:07.642+0600][13.100s][info][gc,phases,start] GC(21) Phase 1: Mark live objects
[2026-04-03T02:01:07.656+0600][13.113s][info][gc,phases      ] GC(21) Phase 1: Mark live objects 13.357ms
[2026-04-03T02:01:07.656+0600][13.113s][info][gc,phases,start] GC(21) Phase 2: Prepare compaction
[2026-04-03T02:01:07.657+0600][13.114s][info][gc,phases      ] GC(21) Phase 2: Prepare compaction 1.461ms
[2026-04-03T02:01:07.657+0600][13.115s][info][gc,phases,start] GC(21) Phase 3: Adjust pointers
[2026-04-03T02:01:07.664+0600][13.121s][info][gc,phases      ] GC(21) Phase 3: Adjust pointers 6.248ms
[2026-04-03T02:01:07.664+0600][13.121s][info][gc,phases,start] GC(21) Phase 4: Compact heap
[2026-04-03T02:01:07.665+0600][13.122s][info][gc,phases      ] GC(21) Phase 4: Compact heap 1.536ms
[2026-04-03T02:01:07.665+0600][13.122s][info][gc,phases,start] GC(21) Phase 5: Reset Metadata
[2026-04-03T02:01:07.666+0600][13.124s][info][gc,phases      ] GC(21) Phase 5: Reset Metadata 1.254ms
[2026-04-03T02:01:07.675+0600][13.132s][info][gc,heap        ] GC(21) Eden regions: 195->0(66)
[2026-04-03T02:01:07.675+0600][13.133s][info][gc,heap        ] GC(21) Survivor regions: 19->0(29)
[2026-04-03T02:01:07.675+0600][13.133s][info][gc,heap        ] GC(21) Old regions: 97->26
[2026-04-03T02:01:07.675+0600][13.133s][info][gc,heap        ] GC(21) Humongous regions: 27->8
[2026-04-03T02:01:07.675+0600][13.133s][info][gc,metaspace   ] GC(21) Metaspace: 55438K(55936K)->55438K(55936K) NonClass: 48474K(48768K)->48474K(48768K) Class: 6963K(7168K)->6963K(7168K)
[2026-04-03T02:01:07.675+0600][13.133s][info][gc             ] GC(21) Pause Full (System.gc()) 337M->30M(114M) 33.655ms
[2026-04-03T02:01:07.675+0600][13.133s][info][gc,cpu         ] GC(21) User=0.13s Sys=0.05s Real=0.03s
[2026-04-03T02:01:09.820+0600][15.277s][info][gc,start       ] GC(22) Pause Young (Concurrent Start) (G1 Humongous Allocation)
[2026-04-03T02:01:09.820+0600][15.277s][info][gc,task        ] GC(22) Using 5 workers of 10 for evacuation
[2026-04-03T02:01:09.824+0600][15.281s][info][gc,phases      ] GC(22)   Pre Evacuate Collection Set: 0.33ms
[2026-04-03T02:01:09.824+0600][15.281s][info][gc,phases      ] GC(22)   Merge Heap Roots: 0.09ms
[2026-04-03T02:01:09.824+0600][15.282s][info][gc,phases      ] GC(22)   Evacuate Collection Set: 2.99ms
[2026-04-03T02:01:09.824+0600][15.282s][info][gc,phases      ] GC(22)   Post Evacuate Collection Set: 0.63ms
[2026-04-03T02:01:09.824+0600][15.282s][info][gc,phases      ] GC(22)   Other: 0.19ms
[2026-04-03T02:01:09.824+0600][15.282s][info][gc,heap        ] GC(22) Eden regions: 46->0(63)
[2026-04-03T02:01:09.824+0600][15.282s][info][gc,heap        ] GC(22) Survivor regions: 0->4(9)
[2026-04-03T02:01:09.824+0600][15.282s][info][gc,heap        ] GC(22) Old regions: 26->26
[2026-04-03T02:01:09.824+0600][15.282s][info][gc,heap        ] GC(22) Humongous regions: 25->8
[2026-04-03T02:01:09.824+0600][15.282s][info][gc,metaspace   ] GC(22) Metaspace: 60546K(61248K)->60546K(61248K) NonClass: 52855K(53248K)->52855K(53248K) Class: 7691K(8000K)->7691K(8000K)
[2026-04-03T02:01:09.824+0600][15.282s][info][gc             ] GC(22) Pause Young (Concurrent Start) (G1 Humongous Allocation) 92M->34M(114M) 4.489ms
[2026-04-03T02:01:09.824+0600][15.282s][info][gc,cpu         ] GC(22) User=0.02s Sys=0.00s Real=0.00s
[2026-04-03T02:01:09.824+0600][15.282s][info][gc             ] GC(23) Concurrent Undo Cycle
[2026-04-03T02:01:09.825+0600][15.282s][info][gc,marking     ] GC(23) Concurrent Clear Claimed Marks
[2026-04-03T02:01:09.825+0600][15.282s][info][gc,marking     ] GC(23) Concurrent Clear Claimed Marks 0.102ms
[2026-04-03T02:01:09.825+0600][15.282s][info][gc,marking     ] GC(23) Concurrent Cleanup for Next Mark
[2026-04-03T02:01:09.825+0600][15.282s][info][gc,marking     ] GC(23) Concurrent Cleanup for Next Mark 0.130ms
[2026-04-03T02:01:09.825+0600][15.282s][info][gc             ] GC(23) Concurrent Undo Cycle 0.370ms
[2026-04-03T02:01:10.274+0600][15.732s][info][gc,start       ] GC(24) Pause Young (Normal) (G1 Evacuation Pause)
[2026-04-03T02:01:10.275+0600][15.732s][info][gc,task        ] GC(24) Using 3 workers of 10 for evacuation
[2026-04-03T02:01:10.285+0600][15.742s][info][gc,phases      ] GC(24)   Pre Evacuate Collection Set: 0.29ms
[2026-04-03T02:01:10.285+0600][15.742s][info][gc,phases      ] GC(24)   Merge Heap Roots: 0.19ms
[2026-04-03T02:01:10.285+0600][15.742s][info][gc,phases      ] GC(24)   Evacuate Collection Set: 8.95ms
[2026-04-03T02:01:10.285+0600][15.742s][info][gc,phases      ] GC(24)   Post Evacuate Collection Set: 0.97ms
[2026-04-03T02:01:10.285+0600][15.742s][info][gc,phases      ] GC(24)   Other: 0.16ms
[2026-04-03T02:01:10.285+0600][15.743s][info][gc,heap        ] GC(24) Eden regions: 63->0(61)
[2026-04-03T02:01:10.285+0600][15.743s][info][gc,heap        ] GC(24) Survivor regions: 4->7(9)
[2026-04-03T02:01:10.285+0600][15.743s][info][gc,heap        ] GC(24) Old regions: 26->26
[2026-04-03T02:01:10.285+0600][15.743s][info][gc,heap        ] GC(24) Humongous regions: 10->8
[2026-04-03T02:01:10.285+0600][15.743s][info][gc,metaspace   ] GC(24) Metaspace: 61580K(62272K)->61580K(62272K) NonClass: 53851K(54272K)->53851K(54272K) Class: 7728K(8000K)->7728K(8000K)
[2026-04-03T02:01:10.285+0600][15.743s][info][gc             ] GC(24) Pause Young (Normal) (G1 Evacuation Pause) 99M->36M(114M) 10.907ms
[2026-04-03T02:01:10.285+0600][15.743s][info][gc,cpu         ] GC(24) User=0.03s Sys=0.00s Real=0.01s
[2026-04-03T02:01:10.473+0600][15.930s][info][gc,start       ] GC(25) Pause Young (Normal) (G1 Evacuation Pause)
[2026-04-03T02:01:10.473+0600][15.930s][info][gc,task        ] GC(25) Using 2 workers of 10 for evacuation
[2026-04-03T02:01:10.490+0600][15.948s][info][gc,phases      ] GC(25)   Pre Evacuate Collection Set: 0.39ms
[2026-04-03T02:01:10.490+0600][15.948s][info][gc,phases      ] GC(25)   Merge Heap Roots: 0.16ms
[2026-04-03T02:01:10.490+0600][15.948s][info][gc,phases      ] GC(25)   Evacuate Collection Set: 15.69ms
[2026-04-03T02:01:10.490+0600][15.948s][info][gc,phases      ] GC(25)   Post Evacuate Collection Set: 0.76ms
[2026-04-03T02:01:10.490+0600][15.948s][info][gc,phases      ] GC(25)   Other: 0.13ms
[2026-04-03T02:01:10.491+0600][15.948s][info][gc,heap        ] GC(25) Eden regions: 61->0(57)
[2026-04-03T02:01:10.491+0600][15.948s][info][gc,heap        ] GC(25) Survivor regions: 7->9(9)
[2026-04-03T02:01:10.491+0600][15.948s][info][gc,heap        ] GC(25) Old regions: 26->29
[2026-04-03T02:01:10.491+0600][15.948s][info][gc,heap        ] GC(25) Humongous regions: 9->9
[2026-04-03T02:01:10.491+0600][15.948s][info][gc,metaspace   ] GC(25) Metaspace: 61607K(62336K)->61607K(62336K) NonClass: 53878K(54336K)->53878K(54336K) Class: 7728K(8000K)->7728K(8000K)
[2026-04-03T02:01:10.491+0600][15.948s][info][gc             ] GC(25) Pause Young (Normal) (G1 Evacuation Pause) 98M->42M(115M) 17.544ms
[2026-04-03T02:01:10.491+0600][15.948s][info][gc,cpu         ] GC(25) User=0.06s Sys=0.00s Real=0.02s
[2026-04-03T02:01:10.568+0600][16.026s][info][gc,start       ] GC(26) Pause Young (Normal) (G1 Evacuation Pause)
[2026-04-03T02:01:10.568+0600][16.026s][info][gc,task        ] GC(26) Using 2 workers of 10 for evacuation
[2026-04-03T02:01:10.639+0600][16.096s][info][gc,phases      ] GC(26)   Pre Evacuate Collection Set: 0.41ms
[2026-04-03T02:01:10.639+0600][16.096s][info][gc,phases      ] GC(26)   Merge Heap Roots: 0.17ms
[2026-04-03T02:01:10.639+0600][16.096s][info][gc,phases      ] GC(26)   Evacuate Collection Set: 67.92ms
[2026-04-03T02:01:10.639+0600][16.096s][info][gc,phases      ] GC(26)   Post Evacuate Collection Set: 1.78ms
[2026-04-03T02:01:10.639+0600][16.096s][info][gc,phases      ] GC(26)   Other: 0.16ms
[2026-04-03T02:01:10.639+0600][16.096s][info][gc,heap        ] GC(26) Eden regions: 57->0(106)
[2026-04-03T02:01:10.639+0600][16.096s][info][gc,heap        ] GC(26) Survivor regions: 9->5(9)
[2026-04-03T02:01:10.639+0600][16.096s][info][gc,heap        ] GC(26) Old regions: 29->38
[2026-04-03T02:01:10.639+0600][16.096s][info][gc,heap        ] GC(26) Humongous regions: 11->11
[2026-04-03T02:01:10.639+0600][16.096s][info][gc,metaspace   ] GC(26) Metaspace: 61617K(62336K)->61617K(62336K) NonClass: 53888K(54336K)->53888K(54336K) Class: 7728K(8000K)->7728K(8000K)
[2026-04-03T02:01:10.639+0600][16.096s][info][gc             ] GC(26) Pause Young (Normal) (G1 Evacuation Pause) 101M->49M(186M) 70.876ms
[2026-04-03T02:01:10.639+0600][16.096s][info][gc,cpu         ] GC(26) User=0.15s Sys=0.01s Real=0.07s
[2026-04-03T02:01:10.866+0600][16.323s][info][gc,start       ] GC(27) Pause Young (Normal) (G1 Evacuation Pause)
[2026-04-03T02:01:10.866+0600][16.323s][info][gc,task        ] GC(27) Using 4 workers of 10 for evacuation
[2026-04-03T02:01:10.881+0600][16.338s][info][gc,phases      ] GC(27)   Pre Evacuate Collection Set: 0.35ms
[2026-04-03T02:01:10.881+0600][16.338s][info][gc,phases      ] GC(27)   Merge Heap Roots: 0.10ms
[2026-04-03T02:01:10.881+0600][16.338s][info][gc,phases      ] GC(27)   Evacuate Collection Set: 13.90ms
[2026-04-03T02:01:10.881+0600][16.338s][info][gc,phases      ] GC(27)   Post Evacuate Collection Set: 0.46ms
[2026-04-03T02:01:10.881+0600][16.338s][info][gc,phases      ] GC(27)   Other: 0.08ms
[2026-04-03T02:01:10.881+0600][16.338s][info][gc,heap        ] GC(27) Eden regions: 106->0(97)
[2026-04-03T02:01:10.881+0600][16.338s][info][gc,heap        ] GC(27) Survivor regions: 5->14(14)
[2026-04-03T02:01:10.881+0600][16.338s][info][gc,heap        ] GC(27) Old regions: 38->38
[2026-04-03T02:01:10.881+0600][16.338s][info][gc,heap        ] GC(27) Humongous regions: 11->11
[2026-04-03T02:01:10.881+0600][16.338s][info][gc,metaspace   ] GC(27) Metaspace: 61623K(62336K)->61623K(62336K) NonClass: 53894K(54336K)->53894K(54336K) Class: 7728K(8000K)->7728K(8000K)
[2026-04-03T02:01:10.881+0600][16.338s][info][gc             ] GC(27) Pause Young (Normal) (G1 Evacuation Pause) 155M->58M(186M) 15.126ms
[2026-04-03T02:01:10.881+0600][16.338s][info][gc,cpu         ] GC(27) User=0.05s Sys=0.00s Real=0.02s
[2026-04-03T02:01:10.963+0600][16.420s][info][gc,start       ] GC(28) Pause Young (Normal) (G1 Evacuation Pause)
[2026-04-03T02:01:10.963+0600][16.420s][info][gc,task        ] GC(28) Using 4 workers of 10 for evacuation
[2026-04-03T02:01:10.987+0600][16.445s][info][gc,phases      ] GC(28)   Pre Evacuate Collection Set: 0.29ms
[2026-04-03T02:01:10.987+0600][16.445s][info][gc,phases      ] GC(28)   Merge Heap Roots: 0.14ms
[2026-04-03T02:01:10.987+0600][16.445s][info][gc,phases      ] GC(28)   Evacuate Collection Set: 23.32ms
[2026-04-03T02:01:10.987+0600][16.445s][info][gc,phases      ] GC(28)   Post Evacuate Collection Set: 0.62ms
[2026-04-03T02:01:10.988+0600][16.445s][info][gc,phases      ] GC(28)   Other: 0.11ms
[2026-04-03T02:01:10.988+0600][16.445s][info][gc,heap        ] GC(28) Eden regions: 97->0(92)
[2026-04-03T02:01:10.988+0600][16.445s][info][gc,heap        ] GC(28) Survivor regions: 14->9(14)
[2026-04-03T02:01:10.988+0600][16.445s][info][gc,heap        ] GC(28) Old regions: 38->52
[2026-04-03T02:01:10.988+0600][16.445s][info][gc,heap        ] GC(28) Humongous regions: 14->14
[2026-04-03T02:01:10.988+0600][16.445s][info][gc,metaspace   ] GC(28) Metaspace: 61629K(62336K)->61629K(62336K) NonClass: 53901K(54336K)->53901K(54336K) Class: 7728K(8000K)->7728K(8000K)
[2026-04-03T02:01:10.988+0600][16.445s][info][gc             ] GC(28) Pause Young (Normal) (G1 Evacuation Pause) 158M->70M(186M) 24.813ms
[2026-04-03T02:01:10.988+0600][16.445s][info][gc,cpu         ] GC(28) User=0.10s Sys=0.00s Real=0.02s
[2026-04-03T02:01:11.057+0600][16.514s][info][gc,start       ] GC(29) Pause Young (Normal) (G1 Evacuation Pause)
[2026-04-03T02:01:11.057+0600][16.514s][info][gc,task        ] GC(29) Using 4 workers of 10 for evacuation
[2026-04-03T02:01:11.070+0600][16.527s][info][gc,phases      ] GC(29)   Pre Evacuate Collection Set: 0.18ms
[2026-04-03T02:01:11.070+0600][16.527s][info][gc,phases      ] GC(29)   Merge Heap Roots: 0.21ms
[2026-04-03T02:01:11.070+0600][16.527s][info][gc,phases      ] GC(29)   Evacuate Collection Set: 11.63ms
[2026-04-03T02:01:11.070+0600][16.527s][info][gc,phases      ] GC(29)   Post Evacuate Collection Set: 0.71ms
[2026-04-03T02:01:11.070+0600][16.527s][info][gc,phases      ] GC(29)   Other: 0.10ms
[2026-04-03T02:01:11.070+0600][16.527s][info][gc,heap        ] GC(29) Eden regions: 92->0(84)
[2026-04-03T02:01:11.070+0600][16.527s][info][gc,heap        ] GC(29) Survivor regions: 9->9(13)
[2026-04-03T02:01:11.070+0600][16.527s][info][gc,heap        ] GC(29) Old regions: 52->61
[2026-04-03T02:01:11.070+0600][16.527s][info][gc,heap        ] GC(29) Humongous regions: 14->14
[2026-04-03T02:01:11.070+0600][16.527s][info][gc,metaspace   ] GC(29) Metaspace: 61640K(62336K)->61640K(62336K) NonClass: 53912K(54336K)->53912K(54336K) Class: 7728K(8000K)->7728K(8000K)
[2026-04-03T02:01:11.070+0600][16.527s][info][gc             ] GC(29) Pause Young (Normal) (G1 Evacuation Pause) 162M->79M(186M) 13.159ms
[2026-04-03T02:01:11.070+0600][16.527s][info][gc,cpu         ] GC(29) User=0.05s Sys=0.00s Real=0.02s
[2026-04-03T02:01:11.129+0600][16.586s][info][gc,start       ] GC(30) Pause Young (Normal) (G1 Evacuation Pause)
[2026-04-03T02:01:11.129+0600][16.586s][info][gc,task        ] GC(30) Using 4 workers of 10 for evacuation
[2026-04-03T02:01:11.142+0600][16.599s][info][gc,phases      ] GC(30)   Pre Evacuate Collection Set: 0.38ms
[2026-04-03T02:01:11.142+0600][16.599s][info][gc,phases      ] GC(30)   Merge Heap Roots: 0.18ms
[2026-04-03T02:01:11.142+0600][16.599s][info][gc,phases      ] GC(30)   Evacuate Collection Set: 9.25ms
[2026-04-03T02:01:11.142+0600][16.599s][info][gc,phases      ] GC(30)   Post Evacuate Collection Set: 2.72ms
[2026-04-03T02:01:11.142+0600][16.599s][info][gc,phases      ] GC(30)   Other: 0.09ms
[2026-04-03T02:01:11.142+0600][16.599s][info][gc,heap        ] GC(30) Eden regions: 84->0(284)
[2026-04-03T02:01:11.142+0600][16.599s][info][gc,heap        ] GC(30) Survivor regions: 9->8(12)
[2026-04-03T02:01:11.142+0600][16.599s][info][gc,heap        ] GC(30) Old regions: 61->70
[2026-04-03T02:01:11.142+0600][16.599s][info][gc,heap        ] GC(30) Humongous regions: 14->14
[2026-04-03T02:01:11.142+0600][16.599s][info][gc,metaspace   ] GC(30) Metaspace: 61640K(62336K)->61640K(62336K) NonClass: 53912K(54336K)->53912K(54336K) Class: 7728K(8000K)->7728K(8000K)
[2026-04-03T02:01:11.142+0600][16.599s][info][gc             ] GC(30) Pause Young (Normal) (G1 Evacuation Pause) 163M->87M(488M) 12.889ms
[2026-04-03T02:01:11.142+0600][16.599s][info][gc,cpu         ] GC(30) User=0.04s Sys=0.00s Real=0.02s
[2026-04-03T02:01:11.500+0600][16.957s][info][gc,start       ] GC(31) Pause Young (Normal) (G1 Evacuation Pause)
[2026-04-03T02:01:11.500+0600][16.957s][info][gc,task        ] GC(31) Using 10 workers of 10 for evacuation
[2026-04-03T02:01:11.523+0600][16.981s][info][gc,phases      ] GC(31)   Pre Evacuate Collection Set: 0.17ms
[2026-04-03T02:01:11.523+0600][16.981s][info][gc,phases      ] GC(31)   Merge Heap Roots: 0.19ms
[2026-04-03T02:01:11.523+0600][16.981s][info][gc,phases      ] GC(31)   Evacuate Collection Set: 21.72ms
[2026-04-03T02:01:11.523+0600][16.981s][info][gc,phases      ] GC(31)   Post Evacuate Collection Set: 1.22ms
[2026-04-03T02:01:11.523+0600][16.981s][info][gc,phases      ] GC(31)   Other: 0.17ms
[2026-04-03T02:01:11.523+0600][16.981s][info][gc,heap        ] GC(31) Eden regions: 284->0(259)
[2026-04-03T02:01:11.523+0600][16.981s][info][gc,heap        ] GC(31) Survivor regions: 8->33(37)
[2026-04-03T02:01:11.523+0600][16.981s][info][gc,heap        ] GC(31) Old regions: 70->70
[2026-04-03T02:01:11.523+0600][16.981s][info][gc,heap        ] GC(31) Humongous regions: 22->22
[2026-04-03T02:01:11.523+0600][16.981s][info][gc,metaspace   ] GC(31) Metaspace: 61712K(62528K)->61712K(62528K) NonClass: 53965K(54400K)->53965K(54400K) Class: 7747K(8128K)->7747K(8128K)
[2026-04-03T02:01:11.523+0600][16.981s][info][gc             ] GC(31) Pause Young (Normal) (G1 Evacuation Pause) 379M->120M(488M) 23.802ms
[2026-04-03T02:01:11.524+0600][16.981s][info][gc,cpu         ] GC(31) User=0.20s Sys=0.02s Real=0.03s
[2026-04-03T02:01:12.208+0600][17.665s][info][gc,start       ] GC(32) Pause Young (Normal) (G1 Evacuation Pause)
[2026-04-03T02:01:12.208+0600][17.665s][info][gc,task        ] GC(32) Using 10 workers of 10 for evacuation
[2026-04-03T02:01:12.230+0600][17.688s][info][gc,phases      ] GC(32)   Pre Evacuate Collection Set: 0.34ms
[2026-04-03T02:01:12.231+0600][17.688s][info][gc,phases      ] GC(32)   Merge Heap Roots: 0.26ms
[2026-04-03T02:01:12.231+0600][17.688s][info][gc,phases      ] GC(32)   Evacuate Collection Set: 20.47ms
[2026-04-03T02:01:12.231+0600][17.688s][info][gc,phases      ] GC(32)   Post Evacuate Collection Set: 1.13ms
[2026-04-03T02:01:12.231+0600][17.688s][info][gc,phases      ] GC(32)   Other: 0.14ms
[2026-04-03T02:01:12.231+0600][17.688s][info][gc,heap        ] GC(32) Eden regions: 259->0(276)
[2026-04-03T02:01:12.231+0600][17.688s][info][gc,heap        ] GC(32) Survivor regions: 33->16(37)
[2026-04-03T02:01:12.231+0600][17.688s][info][gc,heap        ] GC(32) Old regions: 70->103
[2026-04-03T02:01:12.231+0600][17.688s][info][gc,heap        ] GC(32) Humongous regions: 32->25
[2026-04-03T02:01:12.231+0600][17.688s][info][gc,metaspace   ] GC(32) Metaspace: 63842K(64704K)->63842K(64704K) NonClass: 55773K(56256K)->55773K(56256K) Class: 8068K(8448K)->8068K(8448K)
[2026-04-03T02:01:12.231+0600][17.688s][info][gc             ] GC(32) Pause Young (Normal) (G1 Evacuation Pause) 389M->139M(488M) 22.739ms
[2026-04-03T02:01:12.231+0600][17.688s][info][gc,cpu         ] GC(32) User=0.21s Sys=0.00s Real=0.03s
[2026-04-03T02:01:12.358+0600][17.815s][info][gc,start       ] GC(33) Pause Young (Normal) (G1 Evacuation Pause)
[2026-04-03T02:01:12.358+0600][17.815s][info][gc,task        ] GC(33) Using 10 workers of 10 for evacuation
[2026-04-03T02:01:12.369+0600][17.827s][info][gc,phases      ] GC(33)   Pre Evacuate Collection Set: 0.37ms
[2026-04-03T02:01:12.369+0600][17.827s][info][gc,phases      ] GC(33)   Merge Heap Roots: 0.16ms
[2026-04-03T02:01:12.369+0600][17.827s][info][gc,phases      ] GC(33)   Evacuate Collection Set: 9.90ms
[2026-04-03T02:01:12.369+0600][17.827s][info][gc,phases      ] GC(33)   Post Evacuate Collection Set: 1.12ms
[2026-04-03T02:01:12.369+0600][17.827s][info][gc,phases      ] GC(33)   Other: 0.14ms
[2026-04-03T02:01:12.369+0600][17.827s][info][gc,heap        ] GC(33) Eden regions: 276->0(266)
[2026-04-03T02:01:12.369+0600][17.827s][info][gc,heap        ] GC(33) Survivor regions: 16->26(37)
[2026-04-03T02:01:12.369+0600][17.827s][info][gc,heap        ] GC(33) Old regions: 103->103
[2026-04-03T02:01:12.370+0600][17.827s][info][gc,heap        ] GC(33) Humongous regions: 25->25
[2026-04-03T02:01:12.370+0600][17.827s][info][gc,metaspace   ] GC(33) Metaspace: 63842K(64704K)->63842K(64704K) NonClass: 55773K(56256K)->55773K(56256K) Class: 8068K(8448K)->8068K(8448K)
[2026-04-03T02:01:12.370+0600][17.827s][info][gc             ] GC(33) Pause Young (Normal) (G1 Evacuation Pause) 415M->149M(488M) 11.993ms
[2026-04-03T02:01:12.370+0600][17.827s][info][gc,cpu         ] GC(33) User=0.10s Sys=0.00s Real=0.01s
[2026-04-03T02:01:12.464+0600][17.921s][info][gc,start       ] GC(34) Pause Young (Normal) (G1 Evacuation Pause)
[2026-04-03T02:01:12.464+0600][17.921s][info][gc,task        ] GC(34) Using 10 workers of 10 for evacuation
[2026-04-03T02:01:12.481+0600][17.938s][info][gc,phases      ] GC(34)   Pre Evacuate Collection Set: 0.19ms
[2026-04-03T02:01:12.481+0600][17.938s][info][gc,phases      ] GC(34)   Merge Heap Roots: 0.17ms
[2026-04-03T02:01:12.481+0600][17.938s][info][gc,phases      ] GC(34)   Evacuate Collection Set: 15.81ms
[2026-04-03T02:01:12.481+0600][17.938s][info][gc,phases      ] GC(34)   Post Evacuate Collection Set: 0.82ms
[2026-04-03T02:01:12.481+0600][17.938s][info][gc,phases      ] GC(34)   Other: 0.10ms
[2026-04-03T02:01:12.481+0600][17.938s][info][gc,heap        ] GC(34) Eden regions: 266->0(268)
[2026-04-03T02:01:12.481+0600][17.938s][info][gc,heap        ] GC(34) Survivor regions: 26->24(37)
[2026-04-03T02:01:12.481+0600][17.938s][info][gc,heap        ] GC(34) Old regions: 103->117
[2026-04-03T02:01:12.481+0600][17.938s][info][gc,heap        ] GC(34) Humongous regions: 28->28
[2026-04-03T02:01:12.481+0600][17.938s][info][gc,metaspace   ] GC(34) Metaspace: 63851K(64704K)->63851K(64704K) NonClass: 55780K(56256K)->55780K(56256K) Class: 8071K(8448K)->8071K(8448K)
[2026-04-03T02:01:12.481+0600][17.938s][info][gc             ] GC(34) Pause Young (Normal) (G1 Evacuation Pause) 418M->164M(488M) 17.389ms
[2026-04-03T02:01:12.481+0600][17.938s][info][gc,cpu         ] GC(34) User=0.16s Sys=0.00s Real=0.02s
[2026-04-03T02:01:12.584+0600][18.041s][info][gc,start       ] GC(35) Pause Young (Normal) (G1 Evacuation Pause)
[2026-04-03T02:01:12.584+0600][18.041s][info][gc,task        ] GC(35) Using 10 workers of 10 for evacuation
[2026-04-03T02:01:12.599+0600][18.056s][info][gc,phases      ] GC(35)   Pre Evacuate Collection Set: 0.23ms
[2026-04-03T02:01:12.599+0600][18.056s][info][gc,phases      ] GC(35)   Merge Heap Roots: 0.13ms
[2026-04-03T02:01:12.599+0600][18.056s][info][gc,phases      ] GC(35)   Evacuate Collection Set: 12.11ms
[2026-04-03T02:01:12.599+0600][18.056s][info][gc,phases      ] GC(35)   Post Evacuate Collection Set: 2.56ms
[2026-04-03T02:01:12.599+0600][18.056s][info][gc,phases      ] GC(35)   Other: 0.10ms
[2026-04-03T02:01:12.599+0600][18.057s][info][gc,heap        ] GC(35) Eden regions: 268->0(376)
[2026-04-03T02:01:12.599+0600][18.057s][info][gc,heap        ] GC(35) Survivor regions: 24->24(37)
[2026-04-03T02:01:12.599+0600][18.057s][info][gc,heap        ] GC(35) Old regions: 117->129
[2026-04-03T02:01:12.599+0600][18.057s][info][gc,heap        ] GC(35) Humongous regions: 28->28
[2026-04-03T02:01:12.599+0600][18.057s][info][gc,metaspace   ] GC(35) Metaspace: 63871K(64704K)->63871K(64704K) NonClass: 55800K(56256K)->55800K(56256K) Class: 8071K(8448K)->8071K(8448K)
[2026-04-03T02:01:12.599+0600][18.057s][info][gc             ] GC(35) Pause Young (Normal) (G1 Evacuation Pause) 432M->176M(668M) 15.404ms
[2026-04-03T02:01:12.599+0600][18.057s][info][gc,cpu         ] GC(35) User=0.12s Sys=0.01s Real=0.01s
[2026-04-03T02:01:12.796+0600][18.253s][info][gc,start       ] GC(36) Pause Young (Normal) (G1 Evacuation Pause)
[2026-04-03T02:01:12.796+0600][18.253s][info][gc,task        ] GC(36) Using 10 workers of 10 for evacuation
[2026-04-03T02:01:12.814+0600][18.271s][info][gc,phases      ] GC(36)   Pre Evacuate Collection Set: 0.45ms
[2026-04-03T02:01:12.814+0600][18.271s][info][gc,phases      ] GC(36)   Merge Heap Roots: 0.22ms
[2026-04-03T02:01:12.814+0600][18.271s][info][gc,phases      ] GC(36)   Evacuate Collection Set: 15.72ms
[2026-04-03T02:01:12.814+0600][18.271s][info][gc,phases      ] GC(36)   Post Evacuate Collection Set: 1.12ms
[2026-04-03T02:01:12.814+0600][18.271s][info][gc,phases      ] GC(36)   Other: 0.14ms
[2026-04-03T02:01:12.814+0600][18.271s][info][gc,heap        ] GC(36) Eden regions: 376->0(360)
[2026-04-03T02:01:12.814+0600][18.271s][info][gc,heap        ] GC(36) Survivor regions: 24->40(50)
[2026-04-03T02:01:12.814+0600][18.271s][info][gc,heap        ] GC(36) Old regions: 129->129
[2026-04-03T02:01:12.814+0600][18.271s][info][gc,heap        ] GC(36) Humongous regions: 33->33
[2026-04-03T02:01:12.814+0600][18.271s][info][gc,metaspace   ] GC(36) Metaspace: 63871K(64704K)->63871K(64704K) NonClass: 55800K(56256K)->55800K(56256K) Class: 8071K(8448K)->8071K(8448K)
[2026-04-03T02:01:12.814+0600][18.271s][info][gc             ] GC(36) Pause Young (Normal) (G1 Evacuation Pause) 557M->197M(668M) 18.055ms
[2026-04-03T02:01:12.814+0600][18.271s][info][gc,cpu         ] GC(36) User=0.16s Sys=0.00s Real=0.02s
[2026-04-03T02:01:12.983+0600][18.440s][info][gc,start       ] GC(37) Pause Young (Normal) (G1 Evacuation Pause)
[2026-04-03T02:01:12.983+0600][18.440s][info][gc,task        ] GC(37) Using 10 workers of 10 for evacuation
[2026-04-03T02:01:13.021+0600][18.478s][info][gc,phases      ] GC(37)   Pre Evacuate Collection Set: 0.37ms
[2026-04-03T02:01:13.021+0600][18.478s][info][gc,phases      ] GC(37)   Merge Heap Roots: 0.22ms
[2026-04-03T02:01:13.021+0600][18.478s][info][gc,phases      ] GC(37)   Evacuate Collection Set: 36.29ms
[2026-04-03T02:01:13.021+0600][18.478s][info][gc,phases      ] GC(37)   Post Evacuate Collection Set: 0.70ms
[2026-04-03T02:01:13.021+0600][18.478s][info][gc,phases      ] GC(37)   Other: 0.12ms
[2026-04-03T02:01:13.021+0600][18.478s][info][gc,heap        ] GC(37) Eden regions: 360->0(374)
[2026-04-03T02:01:13.021+0600][18.478s][info][gc,heap        ] GC(37) Survivor regions: 40->26(50)
[2026-04-03T02:01:13.021+0600][18.478s][info][gc,heap        ] GC(37) Old regions: 129->152
[2026-04-03T02:01:13.021+0600][18.478s][info][gc,heap        ] GC(37) Humongous regions: 36->36
[2026-04-03T02:01:13.021+0600][18.478s][info][gc,metaspace   ] GC(37) Metaspace: 63958K(64768K)->63958K(64768K) NonClass: 55874K(56320K)->55874K(56320K) Class: 8084K(8448K)->8084K(8448K)
[2026-04-03T02:01:13.021+0600][18.478s][info][gc             ] GC(37) Pause Young (Normal) (G1 Evacuation Pause) 560M->210M(668M) 38.030ms
[2026-04-03T02:01:13.021+0600][18.478s][info][gc,cpu         ] GC(37) User=0.37s Sys=0.00s Real=0.04s
[2026-04-03T02:01:13.256+0600][18.713s][info][gc,start       ] GC(38) Pause Young (Normal) (G1 Evacuation Pause)
[2026-04-03T02:01:13.256+0600][18.713s][info][gc,task        ] GC(38) Using 10 workers of 10 for evacuation
[2026-04-03T02:01:13.265+0600][18.723s][info][gc,phases      ] GC(38)   Pre Evacuate Collection Set: 0.28ms
[2026-04-03T02:01:13.266+0600][18.723s][info][gc,phases      ] GC(38)   Merge Heap Roots: 0.29ms
[2026-04-03T02:01:13.266+0600][18.723s][info][gc,phases      ] GC(38)   Evacuate Collection Set: 8.21ms
[2026-04-03T02:01:13.266+0600][18.723s][info][gc,phases      ] GC(38)   Post Evacuate Collection Set: 0.81ms
[2026-04-03T02:01:13.266+0600][18.723s][info][gc,phases      ] GC(38)   Other: 0.11ms
[2026-04-03T02:01:13.266+0600][18.723s][info][gc,heap        ] GC(38) Eden regions: 374->0(373)
[2026-04-03T02:01:13.266+0600][18.723s][info][gc,heap        ] GC(38) Survivor regions: 26->27(50)
[2026-04-03T02:01:13.266+0600][18.723s][info][gc,heap        ] GC(38) Old regions: 152->152
[2026-04-03T02:01:13.266+0600][18.723s][info][gc,heap        ] GC(38) Humongous regions: 38->36
[2026-04-03T02:01:13.266+0600][18.723s][info][gc,metaspace   ] GC(38) Metaspace: 64246K(65088K)->64246K(65088K) NonClass: 56110K(56576K)->56110K(56576K) Class: 8135K(8512K)->8135K(8512K)
[2026-04-03T02:01:13.266+0600][18.723s][info][gc             ] GC(38) Pause Young (Normal) (G1 Evacuation Pause) 586M->210M(668M) 10.046ms
[2026-04-03T02:01:13.266+0600][18.723s][info][gc,cpu         ] GC(38) User=0.10s Sys=0.00s Real=0.01s
[2026-04-03T02:01:13.511+0600][18.968s][info][gc,start       ] GC(39) Pause Young (Normal) (G1 Evacuation Pause)
[2026-04-03T02:01:13.511+0600][18.968s][info][gc,task        ] GC(39) Using 10 workers of 10 for evacuation
[2026-04-03T02:01:13.519+0600][18.977s][info][gc,phases      ] GC(39)   Pre Evacuate Collection Set: 0.18ms
[2026-04-03T02:01:13.519+0600][18.977s][info][gc,phases      ] GC(39)   Merge Heap Roots: 0.23ms
[2026-04-03T02:01:13.519+0600][18.977s][info][gc,phases      ] GC(39)   Evacuate Collection Set: 7.20ms
[2026-04-03T02:01:13.519+0600][18.977s][info][gc,phases      ] GC(39)   Post Evacuate Collection Set: 0.68ms
[2026-04-03T02:01:13.519+0600][18.977s][info][gc,phases      ] GC(39)   Other: 0.09ms
[2026-04-03T02:01:13.519+0600][18.977s][info][gc,heap        ] GC(39) Eden regions: 373->0(374)
[2026-04-03T02:01:13.519+0600][18.977s][info][gc,heap        ] GC(39) Survivor regions: 27->26(50)
[2026-04-03T02:01:13.519+0600][18.977s][info][gc,heap        ] GC(39) Old regions: 152->152
[2026-04-03T02:01:13.519+0600][18.977s][info][gc,heap        ] GC(39) Humongous regions: 36->36
[2026-04-03T02:01:13.519+0600][18.977s][info][gc,metaspace   ] GC(39) Metaspace: 64246K(65088K)->64246K(65088K) NonClass: 56110K(56576K)->56110K(56576K) Class: 8135K(8512K)->8135K(8512K)
[2026-04-03T02:01:13.519+0600][18.977s][info][gc             ] GC(39) Pause Young (Normal) (G1 Evacuation Pause) 583M->209M(668M) 8.661ms
[2026-04-03T02:01:13.520+0600][18.977s][info][gc,cpu         ] GC(39) User=0.07s Sys=0.00s Real=0.00s
[2026-04-03T02:01:13.687+0600][19.144s][info][gc,start       ] GC(40) Pause Full (System.gc())
[2026-04-03T02:01:13.687+0600][19.145s][info][gc,task        ] GC(40) Using 10 workers of 10 for full compaction
[2026-04-03T02:01:13.688+0600][19.145s][info][gc,phases,start] GC(40) Phase 1: Mark live objects
[2026-04-03T02:01:13.740+0600][19.197s][info][gc,phases      ] GC(40) Phase 1: Mark live objects 52.180ms
[2026-04-03T02:01:13.740+0600][19.197s][info][gc,phases,start] GC(40) Phase 2: Prepare compaction
[2026-04-03T02:01:13.743+0600][19.200s][info][gc,phases      ] GC(40) Phase 2: Prepare compaction 3.255ms
[2026-04-03T02:01:13.743+0600][19.200s][info][gc,phases,start] GC(40) Phase 3: Adjust pointers
[2026-04-03T02:01:13.758+0600][19.215s][info][gc,phases      ] GC(40) Phase 3: Adjust pointers 14.356ms
[2026-04-03T02:01:13.758+0600][19.215s][info][gc,phases,start] GC(40) Phase 4: Compact heap
[2026-04-03T02:01:13.762+0600][19.219s][info][gc,phases      ] GC(40) Phase 4: Compact heap 4.449ms
[2026-04-03T02:01:13.762+0600][19.219s][info][gc,phases,start] GC(40) Phase 5: Reset Metadata
[2026-04-03T02:01:13.770+0600][19.228s][info][gc,phases      ] GC(40) Phase 5: Reset Metadata 8.055ms
[2026-04-03T02:01:13.778+0600][19.235s][info][gc,heap        ] GC(40) Eden regions: 42->0(366)
[2026-04-03T02:01:13.778+0600][19.235s][info][gc,heap        ] GC(40) Survivor regions: 26->0(50)
[2026-04-03T02:01:13.778+0600][19.235s][info][gc,heap        ] GC(40) Old regions: 152->169
[2026-04-03T02:01:13.778+0600][19.235s][info][gc,heap        ] GC(40) Humongous regions: 47->14
[2026-04-03T02:01:13.778+0600][19.235s][info][gc,metaspace   ] GC(40) Metaspace: 65988K(66880K)->65949K(66880K) NonClass: 57623K(58112K)->57595K(58112K) Class: 8365K(8768K)->8354K(8768K)
[2026-04-03T02:01:13.778+0600][19.235s][info][gc             ] GC(40) Pause Full (System.gc()) 262M->177M(610M) 90.725ms
[2026-04-03T02:01:13.778+0600][19.235s][info][gc,cpu         ] GC(40) User=0.74s Sys=0.03s Real=0.09s
[2026-04-03T02:01:14.087+0600][19.544s][info][gc,start       ] GC(41) Pause Young (Normal) (G1 Evacuation Pause)
[2026-04-03T02:01:14.087+0600][19.544s][info][gc,task        ] GC(41) Using 10 workers of 10 for evacuation
[2026-04-03T02:01:14.090+0600][19.547s][info][gc,phases      ] GC(41)   Pre Evacuate Collection Set: 0.29ms
[2026-04-03T02:01:14.090+0600][19.548s][info][gc,phases      ] GC(41)   Merge Heap Roots: 0.16ms
[2026-04-03T02:01:14.090+0600][19.548s][info][gc,phases      ] GC(41)   Evacuate Collection Set: 0.73ms
[2026-04-03T02:01:14.090+0600][19.548s][info][gc,phases      ] GC(41)   Post Evacuate Collection Set: 1.85ms
[2026-04-03T02:01:14.090+0600][19.548s][info][gc,phases      ] GC(41)   Other: 0.12ms
[2026-04-03T02:01:14.090+0600][19.548s][info][gc,heap        ] GC(41) Eden regions: 366->0(474)
[2026-04-03T02:01:14.090+0600][19.548s][info][gc,heap        ] GC(41) Survivor regions: 0->4(46)
[2026-04-03T02:01:14.090+0600][19.548s][info][gc,heap        ] GC(41) Old regions: 169->169
[2026-04-03T02:01:14.090+0600][19.548s][info][gc,heap        ] GC(41) Humongous regions: 26->14
[2026-04-03T02:01:14.090+0600][19.548s][info][gc,metaspace   ] GC(41) Metaspace: 66323K(67200K)->66323K(67200K) NonClass: 57891K(58368K)->57891K(58368K) Class: 8431K(8832K)->8431K(8832K)
[2026-04-03T02:01:14.090+0600][19.548s][info][gc             ] GC(41) Pause Young (Normal) (G1 Evacuation Pause) 555M->181M(797M) 3.354ms
[2026-04-03T02:01:14.090+0600][19.548s][info][gc,cpu         ] GC(41) User=0.01s Sys=0.00s Real=0.01s
[2026-04-03T02:01:14.328+0600][19.785s][info][gc,start       ] GC(42) Pause Young (Normal) (G1 Evacuation Pause)
[2026-04-03T02:01:14.328+0600][19.785s][info][gc,task        ] GC(42) Using 10 workers of 10 for evacuation
[2026-04-03T02:01:14.330+0600][19.787s][info][gc,phases      ] GC(42)   Pre Evacuate Collection Set: 0.42ms
[2026-04-03T02:01:14.330+0600][19.787s][info][gc,phases      ] GC(42)   Merge Heap Roots: 0.17ms
[2026-04-03T02:01:14.330+0600][19.787s][info][gc,phases      ] GC(42)   Evacuate Collection Set: 0.71ms
[2026-04-03T02:01:14.330+0600][19.787s][info][gc,phases      ] GC(42)   Post Evacuate Collection Set: 0.62ms
[2026-04-03T02:01:14.330+0600][19.787s][info][gc,phases      ] GC(42)   Other: 0.18ms
[2026-04-03T02:01:14.330+0600][19.787s][info][gc,heap        ] GC(42) Eden regions: 474->0(476)
[2026-04-03T02:01:14.330+0600][19.787s][info][gc,heap        ] GC(42) Survivor regions: 4->2(60)
[2026-04-03T02:01:14.330+0600][19.787s][info][gc,heap        ] GC(42) Old regions: 169->169
[2026-04-03T02:01:14.330+0600][19.787s][info][gc,heap        ] GC(42) Humongous regions: 14->14
[2026-04-03T02:01:14.330+0600][19.787s][info][gc,metaspace   ] GC(42) Metaspace: 66324K(67200K)->66324K(67200K) NonClass: 57892K(58368K)->57892K(58368K) Class: 8431K(8832K)->8431K(8832K)
[2026-04-03T02:01:14.330+0600][19.787s][info][gc             ] GC(42) Pause Young (Normal) (G1 Evacuation Pause) 655M->178M(797M) 2.330ms
[2026-04-03T02:01:14.330+0600][19.787s][info][gc,cpu         ] GC(42) User=0.00s Sys=0.01s Real=0.01s
[2026-04-03T02:01:14.501+0600][19.959s][info][gc,start       ] GC(43) Pause Young (Normal) (G1 Evacuation Pause)
[2026-04-03T02:01:14.501+0600][19.959s][info][gc,task        ] GC(43) Using 10 workers of 10 for evacuation
[2026-04-03T02:01:14.504+0600][19.961s][info][gc,phases      ] GC(43)   Pre Evacuate Collection Set: 0.22ms
[2026-04-03T02:01:14.525+0600][19.982s][info][gc,phases      ] GC(43)   Merge Heap Roots: 0.36ms
[2026-04-03T02:01:14.525+0600][19.982s][info][gc,phases      ] GC(43)   Evacuate Collection Set: 0.76ms
[2026-04-03T02:01:14.525+0600][19.982s][info][gc,phases      ] GC(43)   Post Evacuate Collection Set: 1.05ms
[2026-04-03T02:01:14.525+0600][19.982s][info][gc,phases      ] GC(43)   Other: 0.21ms
[2026-04-03T02:01:14.525+0600][19.982s][info][gc,heap        ] GC(43) Eden regions: 476->0(477)
[2026-04-03T02:01:14.525+0600][19.982s][info][gc,heap        ] GC(43) Survivor regions: 2->1(60)
[2026-04-03T02:01:14.525+0600][19.982s][info][gc,heap        ] GC(43) Old regions: 169->169
[2026-04-03T02:01:14.525+0600][19.982s][info][gc,heap        ] GC(43) Humongous regions: 14->14
[2026-04-03T02:01:14.525+0600][19.982s][info][gc,metaspace   ] GC(43) Metaspace: 66324K(67200K)->66324K(67200K) NonClass: 57892K(58368K)->57892K(58368K) Class: 8431K(8832K)->8431K(8832K)
[2026-04-03T02:01:14.525+0600][19.982s][info][gc             ] GC(43) Pause Young (Normal) (G1 Evacuation Pause) 654M->177M(797M) 23.783ms
[2026-04-03T02:01:14.525+0600][19.982s][info][gc,cpu         ] GC(43) User=0.00s Sys=0.00s Real=0.02s
[2026-04-03T02:01:14.678+0600][20.135s][info][gc,start       ] GC(44) Pause Full (System.gc())
[2026-04-03T02:01:14.678+0600][20.135s][info][gc,task        ] GC(44) Using 10 workers of 10 for full compaction
[2026-04-03T02:01:14.679+0600][20.136s][info][gc,phases,start] GC(44) Phase 1: Mark live objects
[2026-04-03T02:01:14.724+0600][20.181s][info][gc,phases      ] GC(44) Phase 1: Mark live objects 45.035ms
[2026-04-03T02:01:14.724+0600][20.181s][info][gc,phases,start] GC(44) Phase 2: Prepare compaction
[2026-04-03T02:01:14.725+0600][20.183s][info][gc,phases      ] GC(44) Phase 2: Prepare compaction 1.720ms
[2026-04-03T02:01:14.725+0600][20.183s][info][gc,phases,start] GC(44) Phase 3: Adjust pointers
[2026-04-03T02:01:14.739+0600][20.196s][info][gc,phases      ] GC(44) Phase 3: Adjust pointers 13.385ms
[2026-04-03T02:01:14.739+0600][20.196s][info][gc,phases,start] GC(44) Phase 4: Compact heap
[2026-04-03T02:01:14.741+0600][20.198s][info][gc,phases      ] GC(44) Phase 4: Compact heap 1.777ms
[2026-04-03T02:01:14.741+0600][20.198s][info][gc,phases,start] GC(44) Phase 5: Reset Metadata
[2026-04-03T02:01:14.749+0600][20.207s][info][gc,phases      ] GC(44) Phase 5: Reset Metadata 8.610ms
[2026-04-03T02:01:14.761+0600][20.218s][info][gc,heap        ] GC(44) Eden regions: 318->0(368)
[2026-04-03T02:01:14.761+0600][20.218s][info][gc,heap        ] GC(44) Survivor regions: 1->0(60)
[2026-04-03T02:01:14.761+0600][20.218s][info][gc,heap        ] GC(44) Old regions: 169->170
[2026-04-03T02:01:14.761+0600][20.218s][info][gc,heap        ] GC(44) Humongous regions: 27->14
[2026-04-03T02:01:14.761+0600][20.218s][info][gc,metaspace   ] GC(44) Metaspace: 66388K(67264K)->66388K(67264K) NonClass: 57956K(58432K)->57956K(58432K) Class: 8431K(8832K)->8431K(8832K)
[2026-04-03T02:01:14.761+0600][20.218s][info][gc             ] GC(44) Pause Full (System.gc()) 508M->177M(614M) 82.739ms
[2026-04-03T02:01:14.761+0600][20.218s][info][gc,cpu         ] GC(44) User=0.63s Sys=0.06s Real=0.09s
[2026-04-03T02:01:15.051+0600][20.508s][info][gc,start       ] GC(45) Pause Young (Normal) (G1 Evacuation Pause)
[2026-04-03T02:01:15.051+0600][20.508s][info][gc,task        ] GC(45) Using 10 workers of 10 for evacuation
[2026-04-03T02:01:15.052+0600][20.510s][info][gc,phases      ] GC(45)   Pre Evacuate Collection Set: 0.36ms
[2026-04-03T02:01:15.053+0600][20.510s][info][gc,phases      ] GC(45)   Merge Heap Roots: 0.14ms
[2026-04-03T02:01:15.053+0600][20.510s][info][gc,phases      ] GC(45)   Evacuate Collection Set: 0.62ms
[2026-04-03T02:01:15.053+0600][20.510s][info][gc,phases      ] GC(45)   Post Evacuate Collection Set: 0.61ms
[2026-04-03T02:01:15.053+0600][20.510s][info][gc,phases      ] GC(45)   Other: 0.10ms
[2026-04-03T02:01:15.053+0600][20.510s][info][gc,heap        ] GC(45) Eden regions: 368->0(367)
[2026-04-03T02:01:15.053+0600][20.510s][info][gc,heap        ] GC(45) Survivor regions: 0->1(46)
[2026-04-03T02:01:15.053+0600][20.510s][info][gc,heap        ] GC(45) Old regions: 170->170
[2026-04-03T02:01:15.053+0600][20.510s][info][gc,heap        ] GC(45) Humongous regions: 26->14
[2026-04-03T02:01:15.053+0600][20.510s][info][gc,metaspace   ] GC(45) Metaspace: 66456K(67392K)->66456K(67392K) NonClass: 58023K(58560K)->58023K(58560K) Class: 8432K(8832K)->8432K(8832K)
[2026-04-03T02:01:15.053+0600][20.510s][info][gc             ] GC(45) Pause Young (Normal) (G1 Evacuation Pause) 557M->177M(614M) 2.052ms
[2026-04-03T02:01:15.053+0600][20.510s][info][gc,cpu         ] GC(45) User=0.01s Sys=0.00s Real=0.00s
[2026-04-03T02:01:15.192+0600][20.649s][info][gc,start       ] GC(46) Pause Young (Normal) (G1 Evacuation Pause)
[2026-04-03T02:01:15.192+0600][20.649s][info][gc,task        ] GC(46) Using 10 workers of 10 for evacuation
[2026-04-03T02:01:15.193+0600][20.651s][info][gc,phases      ] GC(46)   Pre Evacuate Collection Set: 0.23ms
[2026-04-03T02:01:15.193+0600][20.651s][info][gc,phases      ] GC(46)   Merge Heap Roots: 0.20ms
[2026-04-03T02:01:15.193+0600][20.651s][info][gc,phases      ] GC(46)   Evacuate Collection Set: 0.57ms
[2026-04-03T02:01:15.193+0600][20.651s][info][gc,phases      ] GC(46)   Post Evacuate Collection Set: 0.55ms
[2026-04-03T02:01:15.193+0600][20.651s][info][gc,phases      ] GC(46)   Other: 0.08ms
[2026-04-03T02:01:15.194+0600][20.651s][info][gc,heap        ] GC(46) Eden regions: 367->0(367)
[2026-04-03T02:01:15.194+0600][20.651s][info][gc,heap        ] GC(46) Survivor regions: 1->1(46)
[2026-04-03T02:01:15.194+0600][20.651s][info][gc,heap        ] GC(46) Old regions: 170->170
[2026-04-03T02:01:15.194+0600][20.651s][info][gc,heap        ] GC(46) Humongous regions: 14->14
[2026-04-03T02:01:15.194+0600][20.651s][info][gc,metaspace   ] GC(46) Metaspace: 66468K(67392K)->66468K(67392K) NonClass: 58036K(58560K)->58036K(58560K) Class: 8432K(8832K)->8432K(8832K)
[2026-04-03T02:01:15.194+0600][20.651s][info][gc             ] GC(46) Pause Young (Normal) (G1 Evacuation Pause) 544M->177M(614M) 1.854ms
[2026-04-03T02:01:15.194+0600][20.651s][info][gc,cpu         ] GC(46) User=0.00s Sys=0.00s Real=0.00s
[2026-04-03T02:01:15.326+0600][20.784s][info][gc,start       ] GC(47) Pause Young (Normal) (G1 Evacuation Pause)
[2026-04-03T02:01:15.326+0600][20.784s][info][gc,task        ] GC(47) Using 10 workers of 10 for evacuation
[2026-04-03T02:01:15.328+0600][20.785s][info][gc,phases      ] GC(47)   Pre Evacuate Collection Set: 0.19ms
[2026-04-03T02:01:15.328+0600][20.785s][info][gc,phases      ] GC(47)   Merge Heap Roots: 0.14ms
[2026-04-03T02:01:15.328+0600][20.785s][info][gc,phases      ] GC(47)   Evacuate Collection Set: 0.52ms
[2026-04-03T02:01:15.328+0600][20.785s][info][gc,phases      ] GC(47)   Post Evacuate Collection Set: 0.60ms
[2026-04-03T02:01:15.328+0600][20.785s][info][gc,phases      ] GC(47)   Other: 0.08ms
[2026-04-03T02:01:15.328+0600][20.785s][info][gc,heap        ] GC(47) Eden regions: 367->0(367)
[2026-04-03T02:01:15.328+0600][20.785s][info][gc,heap        ] GC(47) Survivor regions: 1->1(46)
[2026-04-03T02:01:15.328+0600][20.785s][info][gc,heap        ] GC(47) Old regions: 170->170
[2026-04-03T02:01:15.328+0600][20.785s][info][gc,heap        ] GC(47) Humongous regions: 14->14
[2026-04-03T02:01:15.328+0600][20.785s][info][gc,metaspace   ] GC(47) Metaspace: 66468K(67392K)->66468K(67392K) NonClass: 58036K(58560K)->58036K(58560K) Class: 8432K(8832K)->8432K(8832K)
[2026-04-03T02:01:15.328+0600][20.785s][info][gc             ] GC(47) Pause Young (Normal) (G1 Evacuation Pause) 544M->177M(614M) 1.773ms
[2026-04-03T02:01:15.328+0600][20.785s][info][gc,cpu         ] GC(47) User=0.01s Sys=0.00s Real=0.00s
[2026-04-03T02:01:15.462+0600][20.919s][info][gc,start       ] GC(48) Pause Young (Normal) (G1 Evacuation Pause)
[2026-04-03T02:01:15.462+0600][20.919s][info][gc,task        ] GC(48) Using 10 workers of 10 for evacuation
[2026-04-03T02:01:15.464+0600][20.921s][info][gc,phases      ] GC(48)   Pre Evacuate Collection Set: 0.32ms
[2026-04-03T02:01:15.464+0600][20.921s][info][gc,phases      ] GC(48)   Merge Heap Roots: 0.15ms
[2026-04-03T02:01:15.464+0600][20.921s][info][gc,phases      ] GC(48)   Evacuate Collection Set: 0.53ms
[2026-04-03T02:01:15.464+0600][20.921s][info][gc,phases      ] GC(48)   Post Evacuate Collection Set: 0.65ms
[2026-04-03T02:01:15.464+0600][20.921s][info][gc,phases      ] GC(48)   Other: 0.09ms
[2026-04-03T02:01:15.464+0600][20.921s][info][gc,heap        ] GC(48) Eden regions: 367->0(367)
[2026-04-03T02:01:15.464+0600][20.921s][info][gc,heap        ] GC(48) Survivor regions: 1->1(46)
[2026-04-03T02:01:15.464+0600][20.921s][info][gc,heap        ] GC(48) Old regions: 170->170
[2026-04-03T02:01:15.464+0600][20.921s][info][gc,heap        ] GC(48) Humongous regions: 14->14
[2026-04-03T02:01:15.464+0600][20.921s][info][gc,metaspace   ] GC(48) Metaspace: 66468K(67392K)->66468K(67392K) NonClass: 58036K(58560K)->58036K(58560K) Class: 8432K(8832K)->8432K(8832K)
[2026-04-03T02:01:15.464+0600][20.921s][info][gc             ] GC(48) Pause Young (Normal) (G1 Evacuation Pause) 544M->177M(614M) 1.958ms
[2026-04-03T02:01:15.464+0600][20.921s][info][gc,cpu         ] GC(48) User=0.01s Sys=0.00s Real=0.00s
[2026-04-03T02:01:16.194+0600][21.651s][info][gc,heap,exit   ] Heap
[2026-04-03T02:01:16.194+0600][21.651s][info][gc,heap,exit   ]  garbage-first heap   total 628736K, used 387571K [0x00000000a2400000, 0x0000000100000000)
[2026-04-03T02:01:16.194+0600][21.651s][info][gc,heap,exit   ]   region size 1024K, 183 young (187392K), 1 survivors (1024K)
[2026-04-03T02:01:16.194+0600][21.651s][info][gc,heap,exit   ]  Metaspace       used 66988K, committed 67840K, reserved 1114112K
[2026-04-03T02:01:16.194+0600][21.651s][info][gc,heap,exit   ]   class space    used 8526K, committed 8896K, reserved 1048576K
