[2026-04-03T02:02:25.678+0600][0.004s][info][gc,init] CardTable entry size: 512
[2026-04-03T02:02:25.678+0600][0.005s][info][gc     ] Using G1
[2026-04-03T02:02:25.682+0600][0.008s][info][gc,init] Version: 21.0.10+7-Ubuntu-124.04 (release)
[2026-04-03T02:02:25.682+0600][0.008s][info][gc,init] CPUs: 12 total, 12 available
[2026-04-03T02:02:25.682+0600][0.008s][info][gc,init] Memory: 15683M
[2026-04-03T02:02:25.682+0600][0.008s][info][gc,init] Large Page Support: Disabled
[2026-04-03T02:02:25.682+0600][0.008s][info][gc,init] NUMA Support: Disabled
[2026-04-03T02:02:25.682+0600][0.008s][info][gc,init] Compressed Oops: Enabled (32-bit)
[2026-04-03T02:02:25.682+0600][0.008s][info][gc,init] Heap Region Size: 1M
[2026-04-03T02:02:25.682+0600][0.008s][info][gc,init] Heap Min Capacity: 8M
[2026-04-03T02:02:25.682+0600][0.008s][info][gc,init] Heap Initial Capacity: 246M
[2026-04-03T02:02:25.682+0600][0.008s][info][gc,init] Heap Max Capacity: 1750M
[2026-04-03T02:02:25.682+0600][0.008s][info][gc,init] Pre-touch: Disabled
[2026-04-03T02:02:25.682+0600][0.008s][info][gc,init] Parallel Workers: 10
[2026-04-03T02:02:25.682+0600][0.008s][info][gc,init] Concurrent Workers: 3
[2026-04-03T02:02:25.682+0600][0.008s][info][gc,init] Concurrent Refinement Workers: 10
[2026-04-03T02:02:25.682+0600][0.008s][info][gc,init] Periodic GC: Disabled
[2026-04-03T02:02:25.691+0600][0.018s][info][gc,metaspace] CDS archive(s) mapped at: [0x0000755dcf000000-0x0000755dcfc9c000-0x0000755dcfc9c000), size 13221888, SharedBaseAddress: 0x0000755dcf000000, ArchiveRelocationMode: 1.
[2026-04-03T02:02:25.692+0600][0.018s][info][gc,metaspace] Compressed class space mapped at: 0x0000755dd0000000-0x0000755e10000000, reserved size: 1073741824
[2026-04-03T02:02:25.692+0600][0.018s][info][gc,metaspace] Narrow klass base: 0x0000755dcf000000, Narrow klass shift: 0, Narrow klass range: 0x100000000
[2026-04-03T02:02:26.043+0600][0.369s][info][gc,start    ] GC(0) Pause Young (Normal) (G1 Evacuation Pause)
[2026-04-03T02:02:26.044+0600][0.370s][info][gc,task     ] GC(0) Using 5 workers of 10 for evacuation
[2026-04-03T02:02:26.046+0600][0.372s][info][gc,phases   ] GC(0)   Pre Evacuate Collection Set: 0.14ms
[2026-04-03T02:02:26.046+0600][0.372s][info][gc,phases   ] GC(0)   Merge Heap Roots: 0.12ms
[2026-04-03T02:02:26.046+0600][0.372s][info][gc,phases   ] GC(0)   Evacuate Collection Set: 1.94ms
[2026-04-03T02:02:26.046+0600][0.372s][info][gc,phases   ] GC(0)   Post Evacuate Collection Set: 0.32ms
[2026-04-03T02:02:26.046+0600][0.372s][info][gc,phases   ] GC(0)   Other: 0.67ms
[2026-04-03T02:02:26.046+0600][0.372s][info][gc,heap     ] GC(0) Eden regions: 23->0(46)
[2026-04-03T02:02:26.046+0600][0.372s][info][gc,heap     ] GC(0) Survivor regions: 0->3(3)
[2026-04-03T02:02:26.046+0600][0.372s][info][gc,heap     ] GC(0) Old regions: 2->2
[2026-04-03T02:02:26.046+0600][0.372s][info][gc,heap     ] GC(0) Humongous regions: 0->0
[2026-04-03T02:02:26.046+0600][0.372s][info][gc,metaspace] GC(0) Metaspace: 2597K(2752K)->2597K(2752K) NonClass: 2363K(2432K)->2363K(2432K) Class: 233K(320K)->233K(320K)
[2026-04-03T02:02:26.046+0600][0.372s][info][gc          ] GC(0) Pause Young (Normal) (G1 Evacuation Pause) 24M->3M(248M) 3.419ms
[2026-04-03T02:02:26.046+0600][0.372s][info][gc,cpu      ] GC(0) User=0.01s Sys=0.00s Real=0.00s
[2026-04-03T02:02:26.187+0600][0.513s][info][gc,start    ] GC(1) Pause Young (Normal) (G1 Evacuation Pause)
[2026-04-03T02:02:26.187+0600][0.513s][info][gc,task     ] GC(1) Using 5 workers of 10 for evacuation
[2026-04-03T02:02:26.190+0600][0.516s][info][gc,phases   ] GC(1)   Pre Evacuate Collection Set: 0.39ms
[2026-04-03T02:02:26.190+0600][0.516s][info][gc,phases   ] GC(1)   Merge Heap Roots: 0.15ms
[2026-04-03T02:02:26.190+0600][0.516s][info][gc,phases   ] GC(1)   Evacuate Collection Set: 1.83ms
[2026-04-03T02:02:26.190+0600][0.516s][info][gc,phases   ] GC(1)   Post Evacuate Collection Set: 0.67ms
[2026-04-03T02:02:26.190+0600][0.516s][info][gc,phases   ] GC(1)   Other: 0.10ms
[2026-04-03T02:02:26.190+0600][0.516s][info][gc,heap     ] GC(1) Eden regions: 46->0(144)
[2026-04-03T02:02:26.190+0600][0.516s][info][gc,heap     ] GC(1) Survivor regions: 3->3(7)
[2026-04-03T02:02:26.190+0600][0.516s][info][gc,heap     ] GC(1) Old regions: 2->2
[2026-04-03T02:02:26.190+0600][0.516s][info][gc,heap     ] GC(1) Humongous regions: 0->0
[2026-04-03T02:02:26.190+0600][0.516s][info][gc,metaspace] GC(1) Metaspace: 3948K(4096K)->3948K(4096K) NonClass: 3500K(3584K)->3500K(3584K) Class: 448K(512K)->448K(512K)
[2026-04-03T02:02:26.190+0600][0.516s][info][gc          ] GC(1) Pause Young (Normal) (G1 Evacuation Pause) 49M->3M(248M) 3.364ms
[2026-04-03T02:02:26.190+0600][0.516s][info][gc,cpu      ] GC(1) User=0.01s Sys=0.00s Real=0.01s
[2026-04-03T02:02:26.742+0600][1.068s][info][gc,start    ] GC(2) Pause Young (Normal) (G1 Evacuation Pause)
[2026-04-03T02:02:26.742+0600][1.068s][info][gc,task     ] GC(2) Using 5 workers of 10 for evacuation
[2026-04-03T02:02:26.745+0600][1.071s][info][gc,phases   ] GC(2)   Pre Evacuate Collection Set: 0.30ms
[2026-04-03T02:02:26.745+0600][1.071s][info][gc,phases   ] GC(2)   Merge Heap Roots: 0.14ms
[2026-04-03T02:02:26.745+0600][1.071s][info][gc,phases   ] GC(2)   Evacuate Collection Set: 2.37ms
[2026-04-03T02:02:26.745+0600][1.071s][info][gc,phases   ] GC(2)   Post Evacuate Collection Set: 0.52ms
[2026-04-03T02:02:26.745+0600][1.071s][info][gc,phases   ] GC(2)   Other: 0.10ms
[2026-04-03T02:02:26.745+0600][1.071s][info][gc,heap     ] GC(2) Eden regions: 144->0(143)
[2026-04-03T02:02:26.745+0600][1.071s][info][gc,heap     ] GC(2) Survivor regions: 3->4(19)
[2026-04-03T02:02:26.745+0600][1.071s][info][gc,heap     ] GC(2) Old regions: 2->2
[2026-04-03T02:02:26.745+0600][1.071s][info][gc,heap     ] GC(2) Humongous regions: 0->0
[2026-04-03T02:02:26.745+0600][1.071s][info][gc,metaspace] GC(2) Metaspace: 10091K(10304K)->10091K(10304K) NonClass: 8832K(8960K)->8832K(8960K) Class: 1259K(1344K)->1259K(1344K)
[2026-04-03T02:02:26.745+0600][1.071s][info][gc          ] GC(2) Pause Young (Normal) (G1 Evacuation Pause) 147M->4M(248M) 3.662ms
[2026-04-03T02:02:26.745+0600][1.071s][info][gc,cpu      ] GC(2) User=0.01s Sys=0.00s Real=0.00s
[2026-04-03T02:02:29.443+0600][3.769s][info][gc,start    ] GC(3) Pause Young (Normal) (G1 Evacuation Pause)
[2026-04-03T02:02:29.443+0600][3.769s][info][gc,task     ] GC(3) Using 5 workers of 10 for evacuation
[2026-04-03T02:02:29.451+0600][3.777s][info][gc,phases   ] GC(3)   Pre Evacuate Collection Set: 0.33ms
[2026-04-03T02:02:29.451+0600][3.777s][info][gc,phases   ] GC(3)   Merge Heap Roots: 0.17ms
[2026-04-03T02:02:29.451+0600][3.777s][info][gc,phases   ] GC(3)   Evacuate Collection Set: 6.00ms
[2026-04-03T02:02:29.451+0600][3.777s][info][gc,phases   ] GC(3)   Post Evacuate Collection Set: 1.60ms
[2026-04-03T02:02:29.451+0600][3.777s][info][gc,phases   ] GC(3)   Other: 0.09ms
[2026-04-03T02:02:29.451+0600][3.777s][info][gc,heap     ] GC(3) Eden regions: 143->0(133)
[2026-04-03T02:02:29.451+0600][3.777s][info][gc,heap     ] GC(3) Survivor regions: 4->14(19)
[2026-04-03T02:02:29.451+0600][3.777s][info][gc,heap     ] GC(3) Old regions: 2->2
[2026-04-03T02:02:29.451+0600][3.777s][info][gc,heap     ] GC(3) Humongous regions: 7->7
[2026-04-03T02:02:29.451+0600][3.777s][info][gc,metaspace] GC(3) Metaspace: 19333K(19584K)->19333K(19584K) NonClass: 16891K(17024K)->16891K(17024K) Class: 2441K(2560K)->2441K(2560K)
[2026-04-03T02:02:29.451+0600][3.777s][info][gc          ] GC(3) Pause Young (Normal) (G1 Evacuation Pause) 154M->21M(248M) 8.538ms
[2026-04-03T02:02:29.451+0600][3.777s][info][gc,cpu      ] GC(3) User=0.04s Sys=0.01s Real=0.01s
[2026-04-03T02:02:29.557+0600][3.883s][info][gc,start    ] GC(4) Pause Young (Concurrent Start) (Metadata GC Threshold)
[2026-04-03T02:02:29.557+0600][3.883s][info][gc,task     ] GC(4) Using 5 workers of 10 for evacuation
[2026-04-03T02:02:29.562+0600][3.888s][info][gc,phases   ] GC(4)   Pre Evacuate Collection Set: 0.32ms
[2026-04-03T02:02:29.562+0600][3.888s][info][gc,phases   ] GC(4)   Merge Heap Roots: 0.12ms
[2026-04-03T02:02:29.562+0600][3.888s][info][gc,phases   ] GC(4)   Evacuate Collection Set: 3.80ms
[2026-04-03T02:02:29.562+0600][3.888s][info][gc,phases   ] GC(4)   Post Evacuate Collection Set: 0.61ms
[2026-04-03T02:02:29.562+0600][3.888s][info][gc,phases   ] GC(4)   Other: 0.10ms
[2026-04-03T02:02:29.562+0600][3.888s][info][gc,heap     ] GC(4) Eden regions: 3->0(136)
[2026-04-03T02:02:29.562+0600][3.888s][info][gc,heap     ] GC(4) Survivor regions: 14->11(19)
[2026-04-03T02:02:29.562+0600][3.888s][info][gc,heap     ] GC(4) Old regions: 2->6
[2026-04-03T02:02:29.562+0600][3.888s][info][gc,heap     ] GC(4) Humongous regions: 7->7
[2026-04-03T02:02:29.562+0600][3.888s][info][gc,metaspace] GC(4) Metaspace: 21278K(21504K)->21278K(21504K) NonClass: 18640K(18752K)->18640K(18752K) Class: 2637K(2752K)->2637K(2752K)
[2026-04-03T02:02:29.562+0600][3.888s][info][gc          ] GC(4) Pause Young (Concurrent Start) (Metadata GC Threshold) 24M->21M(248M) 5.226ms
[2026-04-03T02:02:29.562+0600][3.888s][info][gc,cpu      ] GC(4) User=0.01s Sys=0.00s Real=0.01s
[2026-04-03T02:02:29.562+0600][3.888s][info][gc          ] GC(5) Concurrent Mark Cycle
[2026-04-03T02:02:29.562+0600][3.888s][info][gc,marking  ] GC(5) Concurrent Scan Root Regions
[2026-04-03T02:02:29.565+0600][3.891s][info][gc,marking  ] GC(5) Concurrent Scan Root Regions 2.630ms
[2026-04-03T02:02:29.565+0600][3.891s][info][gc,marking  ] GC(5) Concurrent Mark
[2026-04-03T02:02:29.565+0600][3.891s][info][gc,marking  ] GC(5) Concurrent Mark From Roots
[2026-04-03T02:02:29.565+0600][3.891s][info][gc,task     ] GC(5) Using 3 workers of 3 for marking
[2026-04-03T02:02:29.568+0600][3.894s][info][gc,marking  ] GC(5) Concurrent Mark From Roots 2.932ms
[2026-04-03T02:02:29.568+0600][3.894s][info][gc,marking  ] GC(5) Concurrent Preclean
[2026-04-03T02:02:29.568+0600][3.894s][info][gc,marking  ] GC(5) Concurrent Preclean 0.017ms
[2026-04-03T02:02:29.568+0600][3.894s][info][gc,start    ] GC(5) Pause Remark
[2026-04-03T02:02:29.571+0600][3.898s][info][gc          ] GC(5) Pause Remark 22M->22M(80M) 3.452ms
[2026-04-03T02:02:29.572+0600][3.898s][info][gc,cpu      ] GC(5) User=0.01s Sys=0.00s Real=0.01s
[2026-04-03T02:02:29.572+0600][3.898s][info][gc,marking  ] GC(5) Concurrent Mark 6.823ms
[2026-04-03T02:02:29.572+0600][3.898s][info][gc,marking  ] GC(5) Concurrent Rebuild Remembered Sets and Scrub Regions
[2026-04-03T02:02:29.574+0600][3.900s][info][gc,marking  ] GC(5) Concurrent Rebuild Remembered Sets and Scrub Regions 1.891ms
[2026-04-03T02:02:29.585+0600][3.912s][info][gc,start    ] GC(5) Pause Cleanup
[2026-04-03T02:02:29.586+0600][3.912s][info][gc          ] GC(5) Pause Cleanup 22M->22M(80M) 0.239ms
[2026-04-03T02:02:29.586+0600][3.912s][info][gc,cpu      ] GC(5) User=0.00s Sys=0.00s Real=0.00s
[2026-04-03T02:02:29.586+0600][3.912s][info][gc,marking  ] GC(5) Concurrent Clear Claimed Marks
[2026-04-03T02:02:29.586+0600][3.912s][info][gc,marking  ] GC(5) Concurrent Clear Claimed Marks 0.063ms
[2026-04-03T02:02:29.586+0600][3.912s][info][gc,marking  ] GC(5) Concurrent Cleanup for Next Mark
[2026-04-03T02:02:29.587+0600][3.913s][info][gc,marking  ] GC(5) Concurrent Cleanup for Next Mark 0.799ms
[2026-04-03T02:02:29.587+0600][3.913s][info][gc          ] GC(5) Concurrent Mark Cycle 24.646ms
[2026-04-03T02:02:30.865+0600][5.192s][info][gc,start    ] GC(6) Pause Young (Prepare Mixed) (G1 Evacuation Pause)
[2026-04-03T02:02:30.866+0600][5.192s][info][gc,task     ] GC(6) Using 3 workers of 10 for evacuation
[2026-04-03T02:02:30.876+0600][5.202s][info][gc,phases   ] GC(6)   Pre Evacuate Collection Set: 0.25ms
[2026-04-03T02:02:30.876+0600][5.202s][info][gc,phases   ] GC(6)   Merge Heap Roots: 0.16ms
[2026-04-03T02:02:30.876+0600][5.202s][info][gc,phases   ] GC(6)   Evacuate Collection Set: 8.74ms
[2026-04-03T02:02:30.876+0600][5.202s][info][gc,phases   ] GC(6)   Post Evacuate Collection Set: 0.88ms
[2026-04-03T02:02:30.876+0600][5.202s][info][gc,phases   ] GC(6)   Other: 0.11ms
[2026-04-03T02:02:30.876+0600][5.202s][info][gc,heap     ] GC(6) Eden regions: 54->0(57)
[2026-04-03T02:02:30.876+0600][5.202s][info][gc,heap     ] GC(6) Survivor regions: 11->3(19)
[2026-04-03T02:02:30.876+0600][5.202s][info][gc,heap     ] GC(6) Old regions: 6->17
[2026-04-03T02:02:30.876+0600][5.202s][info][gc,heap     ] GC(6) Humongous regions: 15->9
[2026-04-03T02:02:30.876+0600][5.202s][info][gc,metaspace] GC(6) Metaspace: 28454K(28800K)->28454K(28800K) NonClass: 24924K(25088K)->24924K(25088K) Class: 3530K(3712K)->3530K(3712K)
[2026-04-03T02:02:30.876+0600][5.202s][info][gc          ] GC(6) Pause Young (Prepare Mixed) (G1 Evacuation Pause) 83M->26M(100M) 10.395ms
[2026-04-03T02:02:30.876+0600][5.202s][info][gc,cpu      ] GC(6) User=0.03s Sys=0.01s Real=0.01s
[2026-04-03T02:02:32.347+0600][6.673s][info][gc,start    ] GC(7) Pause Young (Mixed) (Metadata GC Threshold)
[2026-04-03T02:02:32.347+0600][6.673s][info][gc,task     ] GC(7) Using 2 workers of 10 for evacuation
[2026-04-03T02:02:32.355+0600][6.681s][info][gc,phases   ] GC(7)   Pre Evacuate Collection Set: 0.13ms
[2026-04-03T02:02:32.355+0600][6.681s][info][gc,phases   ] GC(7)   Merge Heap Roots: 0.09ms
[2026-04-03T02:02:32.355+0600][6.681s][info][gc,phases   ] GC(7)   Evacuate Collection Set: 6.38ms
[2026-04-03T02:02:32.355+0600][6.681s][info][gc,phases   ] GC(7)   Post Evacuate Collection Set: 0.94ms
[2026-04-03T02:02:32.355+0600][6.681s][info][gc,phases   ] GC(7)   Other: 0.10ms
[2026-04-03T02:02:32.355+0600][6.681s][info][gc,heap     ] GC(7) Eden regions: 52->0(55)
[2026-04-03T02:02:32.355+0600][6.681s][info][gc,heap     ] GC(7) Survivor regions: 3->5(8)
[2026-04-03T02:02:32.355+0600][6.681s][info][gc,heap     ] GC(7) Old regions: 17->16
[2026-04-03T02:02:32.355+0600][6.681s][info][gc,heap     ] GC(7) Humongous regions: 21->7
[2026-04-03T02:02:32.355+0600][6.681s][info][gc,metaspace] GC(7) Metaspace: 35739K(36096K)->35739K(36096K) NonClass: 31299K(31488K)->31299K(31488K) Class: 4440K(4608K)->4440K(4608K)
[2026-04-03T02:02:32.355+0600][6.681s][info][gc          ] GC(7) Pause Young (Mixed) (Metadata GC Threshold) 89M->26M(100M) 7.855ms
[2026-04-03T02:02:32.355+0600][6.681s][info][gc,cpu      ] GC(7) User=0.02s Sys=0.00s Real=0.01s
[2026-04-03T02:02:32.381+0600][6.707s][info][gc,start    ] GC(8) Pause Young (Concurrent Start) (Metadata GC Threshold)
[2026-04-03T02:02:32.381+0600][6.707s][info][gc,task     ] GC(8) Using 2 workers of 10 for evacuation
[2026-04-03T02:02:32.388+0600][6.714s][info][gc,phases   ] GC(8)   Pre Evacuate Collection Set: 0.31ms
[2026-04-03T02:02:32.388+0600][6.714s][info][gc,phases   ] GC(8)   Merge Heap Roots: 0.16ms
[2026-04-03T02:02:32.388+0600][6.714s][info][gc,phases   ] GC(8)   Evacuate Collection Set: 5.85ms
[2026-04-03T02:02:32.388+0600][6.714s][info][gc,phases   ] GC(8)   Post Evacuate Collection Set: 0.83ms
[2026-04-03T02:02:32.388+0600][6.714s][info][gc,phases   ] GC(8)   Other: 0.14ms
[2026-04-03T02:02:32.388+0600][6.715s][info][gc,heap     ] GC(8) Eden regions: 4->0(55)
[2026-04-03T02:02:32.388+0600][6.715s][info][gc,heap     ] GC(8) Survivor regions: 5->5(8)
[2026-04-03T02:02:32.388+0600][6.715s][info][gc,heap     ] GC(8) Old regions: 16->16
[2026-04-03T02:02:32.388+0600][6.715s][info][gc,heap     ] GC(8) Humongous regions: 7->7
[2026-04-03T02:02:32.388+0600][6.715s][info][gc,metaspace] GC(8) Metaspace: 36090K(36416K)->36090K(36416K) NonClass: 31609K(31808K)->31609K(31808K) Class: 4481K(4608K)->4481K(4608K)
[2026-04-03T02:02:32.388+0600][6.715s][info][gc          ] GC(8) Pause Young (Concurrent Start) (Metadata GC Threshold) 30M->26M(100M) 7.483ms
[2026-04-03T02:02:32.388+0600][6.715s][info][gc,cpu      ] GC(8) User=0.01s Sys=0.00s Real=0.00s
[2026-04-03T02:02:32.389+0600][6.715s][info][gc          ] GC(9) Concurrent Mark Cycle
[2026-04-03T02:02:32.389+0600][6.715s][info][gc,marking  ] GC(9) Concurrent Scan Root Regions
[2026-04-03T02:02:32.391+0600][6.717s][info][gc,marking  ] GC(9) Concurrent Scan Root Regions 2.494ms
[2026-04-03T02:02:32.391+0600][6.717s][info][gc,marking  ] GC(9) Concurrent Mark
[2026-04-03T02:02:32.391+0600][6.717s][info][gc,marking  ] GC(9) Concurrent Mark From Roots
[2026-04-03T02:02:32.391+0600][6.717s][info][gc,task     ] GC(9) Using 3 workers of 3 for marking
[2026-04-03T02:02:32.397+0600][6.723s][info][gc,marking  ] GC(9) Concurrent Mark From Roots 6.015ms
[2026-04-03T02:02:32.397+0600][6.723s][info][gc,marking  ] GC(9) Concurrent Preclean
[2026-04-03T02:02:32.397+0600][6.723s][info][gc,marking  ] GC(9) Concurrent Preclean 0.062ms
[2026-04-03T02:02:32.397+0600][6.724s][info][gc,start    ] GC(9) Pause Remark
[2026-04-03T02:02:32.403+0600][6.729s][info][gc          ] GC(9) Pause Remark 27M->27M(94M) 5.158ms
[2026-04-03T02:02:32.403+0600][6.729s][info][gc,cpu      ] GC(9) User=0.01s Sys=0.00s Real=0.01s
[2026-04-03T02:02:32.403+0600][6.729s][info][gc,marking  ] GC(9) Concurrent Mark 11.672ms
[2026-04-03T02:02:32.403+0600][6.729s][info][gc,marking  ] GC(9) Concurrent Rebuild Remembered Sets and Scrub Regions
[2026-04-03T02:02:32.405+0600][6.732s][info][gc,marking  ] GC(9) Concurrent Rebuild Remembered Sets and Scrub Regions 2.547ms
[2026-04-03T02:02:32.406+0600][6.732s][info][gc,start    ] GC(9) Pause Cleanup
[2026-04-03T02:02:32.406+0600][6.732s][info][gc          ] GC(9) Pause Cleanup 27M->27M(94M) 0.128ms
[2026-04-03T02:02:32.406+0600][6.732s][info][gc,cpu      ] GC(9) User=0.00s Sys=0.00s Real=0.00s
[2026-04-03T02:02:32.406+0600][6.732s][info][gc,marking  ] GC(9) Concurrent Clear Claimed Marks
[2026-04-03T02:02:32.406+0600][6.732s][info][gc,marking  ] GC(9) Concurrent Clear Claimed Marks 0.046ms
[2026-04-03T02:02:32.406+0600][6.732s][info][gc,marking  ] GC(9) Concurrent Cleanup for Next Mark
[2026-04-03T02:02:32.406+0600][6.732s][info][gc,marking  ] GC(9) Concurrent Cleanup for Next Mark 0.414ms
[2026-04-03T02:02:32.406+0600][6.732s][info][gc          ] GC(9) Concurrent Mark Cycle 17.779ms
[2026-04-03T02:02:33.943+0600][8.269s][info][gc,start    ] GC(10) Pause Young (Prepare Mixed) (G1 Evacuation Pause)
[2026-04-03T02:02:33.943+0600][8.270s][info][gc,task     ] GC(10) Using 2 workers of 10 for evacuation
[2026-04-03T02:02:33.955+0600][8.281s][info][gc,phases   ] GC(10)   Pre Evacuate Collection Set: 0.43ms
[2026-04-03T02:02:33.955+0600][8.281s][info][gc,phases   ] GC(10)   Merge Heap Roots: 0.20ms
[2026-04-03T02:02:33.955+0600][8.281s][info][gc,phases   ] GC(10)   Evacuate Collection Set: 9.72ms
[2026-04-03T02:02:33.955+0600][8.281s][info][gc,phases   ] GC(10)   Post Evacuate Collection Set: 0.87ms
[2026-04-03T02:02:33.955+0600][8.281s][info][gc,phases   ] GC(10)   Other: 0.07ms
[2026-04-03T02:02:33.955+0600][8.281s][info][gc,heap     ] GC(10) Eden regions: 53->0(54)
[2026-04-03T02:02:33.955+0600][8.281s][info][gc,heap     ] GC(10) Survivor regions: 5->6(8)
[2026-04-03T02:02:33.955+0600][8.281s][info][gc,heap     ] GC(10) Old regions: 16->16
[2026-04-03T02:02:33.955+0600][8.281s][info][gc,heap     ] GC(10) Humongous regions: 20->8
[2026-04-03T02:02:33.955+0600][8.281s][info][gc,metaspace] GC(10) Metaspace: 42750K(43200K)->42750K(43200K) NonClass: 37444K(37696K)->37444K(37696K) Class: 5306K(5504K)->5306K(5504K)
[2026-04-03T02:02:33.955+0600][8.281s][info][gc          ] GC(10) Pause Young (Prepare Mixed) (G1 Evacuation Pause) 92M->28M(100M) 11.501ms
[2026-04-03T02:02:33.955+0600][8.281s][info][gc,cpu      ] GC(10) User=0.02s Sys=0.00s Real=0.01s
[2026-04-03T02:02:34.428+0600][8.754s][info][gc,start    ] GC(11) Pause Young (Mixed) (G1 Evacuation Pause)
[2026-04-03T02:02:34.428+0600][8.755s][info][gc,task     ] GC(11) Using 2 workers of 10 for evacuation
[2026-04-03T02:02:34.441+0600][8.767s][info][gc,phases   ] GC(11)   Pre Evacuate Collection Set: 0.23ms
[2026-04-03T02:02:34.441+0600][8.767s][info][gc,phases   ] GC(11)   Merge Heap Roots: 0.24ms
[2026-04-03T02:02:34.441+0600][8.767s][info][gc,phases   ] GC(11)   Evacuate Collection Set: 11.22ms
[2026-04-03T02:02:34.441+0600][8.767s][info][gc,phases   ] GC(11)   Post Evacuate Collection Set: 0.74ms
[2026-04-03T02:02:34.441+0600][8.767s][info][gc,phases   ] GC(11)   Other: 0.09ms
[2026-04-03T02:02:34.441+0600][8.767s][info][gc,heap     ] GC(11) Eden regions: 54->0(53)
[2026-04-03T02:02:34.441+0600][8.767s][info][gc,heap     ] GC(11) Survivor regions: 6->7(8)
[2026-04-03T02:02:34.441+0600][8.767s][info][gc,heap     ] GC(11) Old regions: 16->17
[2026-04-03T02:02:34.441+0600][8.767s][info][gc,heap     ] GC(11) Humongous regions: 8->8
[2026-04-03T02:02:34.441+0600][8.767s][info][gc,metaspace] GC(11) Metaspace: 49260K(49792K)->49260K(49792K) NonClass: 43156K(43456K)->43156K(43456K) Class: 6104K(6336K)->6104K(6336K)
[2026-04-03T02:02:34.441+0600][8.767s][info][gc          ] GC(11) Pause Young (Mixed) (G1 Evacuation Pause) 82M->31M(100M) 12.849ms
[2026-04-03T02:02:34.441+0600][8.767s][info][gc,cpu      ] GC(11) User=0.04s Sys=0.00s Real=0.02s
[2026-04-03T02:02:34.526+0600][8.852s][info][gc,start    ] GC(12) Pause Young (Normal) (G1 Evacuation Pause)
[2026-04-03T02:02:34.526+0600][8.853s][info][gc,task     ] GC(12) Using 2 workers of 10 for evacuation
[2026-04-03T02:02:34.539+0600][8.865s][info][gc,phases   ] GC(12)   Pre Evacuate Collection Set: 0.20ms
[2026-04-03T02:02:34.539+0600][8.865s][info][gc,phases   ] GC(12)   Merge Heap Roots: 0.18ms
[2026-04-03T02:02:34.539+0600][8.865s][info][gc,phases   ] GC(12)   Evacuate Collection Set: 11.45ms
[2026-04-03T02:02:34.539+0600][8.865s][info][gc,phases   ] GC(12)   Post Evacuate Collection Set: 0.70ms
[2026-04-03T02:02:34.539+0600][8.865s][info][gc,phases   ] GC(12)   Other: 0.09ms
[2026-04-03T02:02:34.539+0600][8.865s][info][gc,heap     ] GC(12) Eden regions: 53->0(52)
[2026-04-03T02:02:34.539+0600][8.865s][info][gc,heap     ] GC(12) Survivor regions: 7->8(8)
[2026-04-03T02:02:34.539+0600][8.865s][info][gc,heap     ] GC(12) Old regions: 17->21
[2026-04-03T02:02:34.539+0600][8.865s][info][gc,heap     ] GC(12) Humongous regions: 8->8
[2026-04-03T02:02:34.539+0600][8.865s][info][gc,metaspace] GC(12) Metaspace: 49260K(49792K)->49260K(49792K) NonClass: 43156K(43456K)->43156K(43456K) Class: 6104K(6336K)->6104K(6336K)
[2026-04-03T02:02:34.539+0600][8.865s][info][gc          ] GC(12) Pause Young (Normal) (G1 Evacuation Pause) 84M->36M(100M) 12.913ms
[2026-04-03T02:02:34.539+0600][8.865s][info][gc,cpu      ] GC(12) User=0.04s Sys=0.00s Real=0.01s
[2026-04-03T02:02:34.592+0600][8.918s][info][gc,start    ] GC(13) Pause Young (Normal) (G1 Evacuation Pause)
[2026-04-03T02:02:34.592+0600][8.918s][info][gc,task     ] GC(13) Using 2 workers of 10 for evacuation
[2026-04-03T02:02:34.604+0600][8.930s][info][gc,phases   ] GC(13)   Pre Evacuate Collection Set: 0.37ms
[2026-04-03T02:02:34.604+0600][8.930s][info][gc,phases   ] GC(13)   Merge Heap Roots: 0.16ms
[2026-04-03T02:02:34.604+0600][8.930s][info][gc,phases   ] GC(13)   Evacuate Collection Set: 10.55ms
[2026-04-03T02:02:34.604+0600][8.930s][info][gc,phases   ] GC(13)   Post Evacuate Collection Set: 0.87ms
[2026-04-03T02:02:34.604+0600][8.930s][info][gc,phases   ] GC(13)   Other: 0.06ms
[2026-04-03T02:02:34.604+0600][8.930s][info][gc,heap     ] GC(13) Eden regions: 52->0(86)
[2026-04-03T02:02:34.604+0600][8.930s][info][gc,heap     ] GC(13) Survivor regions: 8->5(8)
[2026-04-03T02:02:34.604+0600][8.930s][info][gc,heap     ] GC(13) Old regions: 21->29
[2026-04-03T02:02:34.604+0600][8.930s][info][gc,heap     ] GC(13) Humongous regions: 8->8
[2026-04-03T02:02:34.604+0600][8.930s][info][gc,metaspace] GC(13) Metaspace: 49260K(49792K)->49260K(49792K) NonClass: 43156K(43456K)->43156K(43456K) Class: 6104K(6336K)->6104K(6336K)
[2026-04-03T02:02:34.604+0600][8.931s][info][gc          ] GC(13) Pause Young (Normal) (G1 Evacuation Pause) 88M->41M(153M) 12.202ms
[2026-04-03T02:02:34.604+0600][8.931s][info][gc,cpu      ] GC(13) User=0.02s Sys=0.00s Real=0.01s
[2026-04-03T02:02:34.730+0600][9.056s][info][gc,start    ] GC(14) Pause Young (Normal) (G1 Evacuation Pause)
[2026-04-03T02:02:34.730+0600][9.056s][info][gc,task     ] GC(14) Using 3 workers of 10 for evacuation
[2026-04-03T02:02:34.740+0600][9.066s][info][gc,phases   ] GC(14)   Pre Evacuate Collection Set: 0.40ms
[2026-04-03T02:02:34.740+0600][9.066s][info][gc,phases   ] GC(14)   Merge Heap Roots: 0.18ms
[2026-04-03T02:02:34.740+0600][9.066s][info][gc,phases   ] GC(14)   Evacuate Collection Set: 9.04ms
[2026-04-03T02:02:34.740+0600][9.066s][info][gc,phases   ] GC(14)   Post Evacuate Collection Set: 0.35ms
[2026-04-03T02:02:34.740+0600][9.066s][info][gc,phases   ] GC(14)   Other: 0.07ms
[2026-04-03T02:02:34.740+0600][9.066s][info][gc,heap     ] GC(14) Eden regions: 86->0(79)
[2026-04-03T02:02:34.740+0600][9.066s][info][gc,heap     ] GC(14) Survivor regions: 5->12(12)
[2026-04-03T02:02:34.740+0600][9.066s][info][gc,heap     ] GC(14) Old regions: 29->29
[2026-04-03T02:02:34.740+0600][9.066s][info][gc,heap     ] GC(14) Humongous regions: 8->8
[2026-04-03T02:02:34.740+0600][9.066s][info][gc,metaspace] GC(14) Metaspace: 49260K(49792K)->49260K(49792K) NonClass: 43156K(43456K)->43156K(43456K) Class: 6104K(6336K)->6104K(6336K)
[2026-04-03T02:02:34.740+0600][9.066s][info][gc          ] GC(14) Pause Young (Normal) (G1 Evacuation Pause) 127M->48M(153M) 10.316ms
[2026-04-03T02:02:34.740+0600][9.066s][info][gc,cpu      ] GC(14) User=0.03s Sys=0.00s Real=0.02s
[2026-04-03T02:02:34.820+0600][9.146s][info][gc,start    ] GC(15) Pause Young (Normal) (G1 Evacuation Pause)
[2026-04-03T02:02:34.820+0600][9.146s][info][gc,task     ] GC(15) Using 3 workers of 10 for evacuation
[2026-04-03T02:02:34.830+0600][9.156s][info][gc,phases   ] GC(15)   Pre Evacuate Collection Set: 0.17ms
[2026-04-03T02:02:34.830+0600][9.157s][info][gc,phases   ] GC(15)   Merge Heap Roots: 0.12ms
[2026-04-03T02:02:34.830+0600][9.157s][info][gc,phases   ] GC(15)   Evacuate Collection Set: 8.96ms
[2026-04-03T02:02:34.830+0600][9.157s][info][gc,phases   ] GC(15)   Post Evacuate Collection Set: 0.80ms
[2026-04-03T02:02:34.830+0600][9.157s][info][gc,phases   ] GC(15)   Other: 0.06ms
[2026-04-03T02:02:34.830+0600][9.157s][info][gc,heap     ] GC(15) Eden regions: 79->0(78)
[2026-04-03T02:02:34.830+0600][9.157s][info][gc,heap     ] GC(15) Survivor regions: 12->8(12)
[2026-04-03T02:02:34.830+0600][9.157s][info][gc,heap     ] GC(15) Old regions: 29->42
[2026-04-03T02:02:34.830+0600][9.157s][info][gc,heap     ] GC(15) Humongous regions: 8->8
[2026-04-03T02:02:34.830+0600][9.157s][info][gc,metaspace] GC(15) Metaspace: 49260K(49792K)->49260K(49792K) NonClass: 43156K(43456K)->43156K(43456K) Class: 6104K(6336K)->6104K(6336K)
[2026-04-03T02:02:34.830+0600][9.157s][info][gc          ] GC(15) Pause Young (Normal) (G1 Evacuation Pause) 127M->56M(153M) 10.356ms
[2026-04-03T02:02:34.831+0600][9.157s][info][gc,cpu      ] GC(15) User=0.03s Sys=0.00s Real=0.01s
[2026-04-03T02:02:34.907+0600][9.233s][info][gc,start    ] GC(16) Pause Young (Normal) (G1 Evacuation Pause)
[2026-04-03T02:02:34.907+0600][9.233s][info][gc,task     ] GC(16) Using 3 workers of 10 for evacuation
[2026-04-03T02:02:34.915+0600][9.241s][info][gc,phases   ] GC(16)   Pre Evacuate Collection Set: 0.32ms
[2026-04-03T02:02:34.915+0600][9.241s][info][gc,phases   ] GC(16)   Merge Heap Roots: 0.18ms
[2026-04-03T02:02:34.915+0600][9.241s][info][gc,phases   ] GC(16)   Evacuate Collection Set: 6.88ms
[2026-04-03T02:02:34.915+0600][9.241s][info][gc,phases   ] GC(16)   Post Evacuate Collection Set: 0.60ms
[2026-04-03T02:02:34.915+0600][9.241s][info][gc,phases   ] GC(16)   Other: 0.11ms
[2026-04-03T02:02:34.915+0600][9.241s][info][gc,heap     ] GC(16) Eden regions: 78->0(72)
[2026-04-03T02:02:34.915+0600][9.241s][info][gc,heap     ] GC(16) Survivor regions: 8->8(11)
[2026-04-03T02:02:34.915+0600][9.241s][info][gc,heap     ] GC(16) Old regions: 42->49
[2026-04-03T02:02:34.915+0600][9.241s][info][gc,heap     ] GC(16) Humongous regions: 8->8
[2026-04-03T02:02:34.915+0600][9.241s][info][gc,metaspace] GC(16) Metaspace: 49260K(49792K)->49260K(49792K) NonClass: 43156K(43456K)->43156K(43456K) Class: 6104K(6336K)->6104K(6336K)
[2026-04-03T02:02:34.915+0600][9.241s][info][gc          ] GC(16) Pause Young (Normal) (G1 Evacuation Pause) 134M->64M(153M) 8.383ms
[2026-04-03T02:02:34.915+0600][9.241s][info][gc,cpu      ] GC(16) User=0.02s Sys=0.00s Real=0.01s
[2026-04-03T02:02:34.986+0600][9.313s][info][gc,start    ] GC(17) Pause Young (Normal) (G1 Evacuation Pause)
[2026-04-03T02:02:34.986+0600][9.313s][info][gc,task     ] GC(17) Using 3 workers of 10 for evacuation
[2026-04-03T02:02:34.996+0600][9.322s][info][gc,phases   ] GC(17)   Pre Evacuate Collection Set: 0.32ms
[2026-04-03T02:02:34.996+0600][9.322s][info][gc,phases   ] GC(17)   Merge Heap Roots: 0.06ms
[2026-04-03T02:02:34.996+0600][9.323s][info][gc,phases   ] GC(17)   Evacuate Collection Set: 7.84ms
[2026-04-03T02:02:34.996+0600][9.323s][info][gc,phases   ] GC(17)   Post Evacuate Collection Set: 1.58ms
[2026-04-03T02:02:34.996+0600][9.323s][info][gc,phases   ] GC(17)   Other: 0.07ms
[2026-04-03T02:02:34.996+0600][9.323s][info][gc,heap     ] GC(17) Eden regions: 72->0(176)
[2026-04-03T02:02:34.996+0600][9.323s][info][gc,heap     ] GC(17) Survivor regions: 8->7(10)
[2026-04-03T02:02:34.996+0600][9.323s][info][gc,heap     ] GC(17) Old regions: 49->57
[2026-04-03T02:02:34.996+0600][9.323s][info][gc,heap     ] GC(17) Humongous regions: 8->8
[2026-04-03T02:02:34.996+0600][9.323s][info][gc,metaspace] GC(17) Metaspace: 49260K(49792K)->49260K(49792K) NonClass: 43156K(43456K)->43156K(43456K) Class: 6104K(6336K)->6104K(6336K)
[2026-04-03T02:02:34.996+0600][9.323s][info][gc          ] GC(17) Pause Young (Normal) (G1 Evacuation Pause) 136M->71M(306M) 10.099ms
[2026-04-03T02:02:34.996+0600][9.323s][info][gc,cpu      ] GC(17) User=0.02s Sys=0.01s Real=0.01s
[2026-04-03T02:02:35.244+0600][9.570s][info][gc,start    ] GC(18) Pause Young (Normal) (G1 Evacuation Pause)
[2026-04-03T02:02:35.244+0600][9.570s][info][gc,task     ] GC(18) Using 7 workers of 10 for evacuation
[2026-04-03T02:02:35.251+0600][9.578s][info][gc,phases   ] GC(18)   Pre Evacuate Collection Set: 0.40ms
[2026-04-03T02:02:35.251+0600][9.578s][info][gc,phases   ] GC(18)   Merge Heap Roots: 0.13ms
[2026-04-03T02:02:35.252+0600][9.578s][info][gc,phases   ] GC(18)   Evacuate Collection Set: 5.57ms
[2026-04-03T02:02:35.252+0600][9.578s][info][gc,phases   ] GC(18)   Post Evacuate Collection Set: 0.83ms
[2026-04-03T02:02:35.252+0600][9.578s][info][gc,phases   ] GC(18)   Other: 0.17ms
[2026-04-03T02:02:35.252+0600][9.578s][info][gc,heap     ] GC(18) Eden regions: 176->0(160)
[2026-04-03T02:02:35.252+0600][9.578s][info][gc,heap     ] GC(18) Survivor regions: 7->23(23)
[2026-04-03T02:02:35.252+0600][9.578s][info][gc,heap     ] GC(18) Old regions: 57->57
[2026-04-03T02:02:35.252+0600][9.578s][info][gc,heap     ] GC(18) Humongous regions: 8->8
[2026-04-03T02:02:35.252+0600][9.578s][info][gc,metaspace] GC(18) Metaspace: 49260K(49792K)->49260K(49792K) NonClass: 43156K(43456K)->43156K(43456K) Class: 6104K(6336K)->6104K(6336K)
[2026-04-03T02:02:35.252+0600][9.578s][info][gc          ] GC(18) Pause Young (Normal) (G1 Evacuation Pause) 247M->87M(306M) 7.401ms
[2026-04-03T02:02:35.252+0600][9.578s][info][gc,cpu      ] GC(18) User=0.04s Sys=0.01s Real=0.01s
[2026-04-03T02:02:35.407+0600][9.733s][info][gc,start    ] GC(19) Pause Young (Normal) (G1 Evacuation Pause)
[2026-04-03T02:02:35.407+0600][9.734s][info][gc,task     ] GC(19) Using 7 workers of 10 for evacuation
[2026-04-03T02:02:35.417+0600][9.743s][info][gc,phases   ] GC(19)   Pre Evacuate Collection Set: 0.36ms
[2026-04-03T02:02:35.417+0600][9.743s][info][gc,phases   ] GC(19)   Merge Heap Roots: 0.14ms
[2026-04-03T02:02:35.417+0600][9.743s][info][gc,phases   ] GC(19)   Evacuate Collection Set: 8.49ms
[2026-04-03T02:02:35.417+0600][9.743s][info][gc,phases   ] GC(19)   Post Evacuate Collection Set: 0.61ms
[2026-04-03T02:02:35.417+0600][9.743s][info][gc,phases   ] GC(19)   Other: 0.12ms
[2026-04-03T02:02:35.417+0600][9.743s][info][gc,heap     ] GC(19) Eden regions: 160->0(166)
[2026-04-03T02:02:35.417+0600][9.743s][info][gc,heap     ] GC(19) Survivor regions: 23->15(23)
[2026-04-03T02:02:35.417+0600][9.743s][info][gc,heap     ] GC(19) Old regions: 57->79
[2026-04-03T02:02:35.417+0600][9.743s][info][gc,heap     ] GC(19) Humongous regions: 8->8
[2026-04-03T02:02:35.417+0600][9.743s][info][gc,metaspace] GC(19) Metaspace: 49260K(49792K)->49260K(49792K) NonClass: 43156K(43456K)->43156K(43456K) Class: 6104K(6336K)->6104K(6336K)
[2026-04-03T02:02:35.417+0600][9.743s][info][gc          ] GC(19) Pause Young (Normal) (G1 Evacuation Pause) 247M->101M(306M) 9.965ms
[2026-04-03T02:02:35.417+0600][9.743s][info][gc,cpu      ] GC(19) User=0.06s Sys=0.00s Real=0.01s
[2026-04-03T02:02:35.578+0600][9.904s][info][gc,start    ] GC(20) Pause Young (Normal) (G1 Evacuation Pause)
[2026-04-03T02:02:35.578+0600][9.904s][info][gc,task     ] GC(20) Using 7 workers of 10 for evacuation
[2026-04-03T02:02:35.586+0600][9.912s][info][gc,phases   ] GC(20)   Pre Evacuate Collection Set: 0.29ms
[2026-04-03T02:02:35.586+0600][9.913s][info][gc,phases   ] GC(20)   Merge Heap Roots: 0.16ms
[2026-04-03T02:02:35.586+0600][9.913s][info][gc,phases   ] GC(20)   Evacuate Collection Set: 6.88ms
[2026-04-03T02:02:35.586+0600][9.913s][info][gc,phases   ] GC(20)   Post Evacuate Collection Set: 0.90ms
[2026-04-03T02:02:35.586+0600][9.913s][info][gc,phases   ] GC(20)   Other: 0.09ms
[2026-04-03T02:02:35.587+0600][9.913s][info][gc,heap     ] GC(20) Eden regions: 166->0(154)
[2026-04-03T02:02:35.587+0600][9.913s][info][gc,heap     ] GC(20) Survivor regions: 15->16(23)
[2026-04-03T02:02:35.587+0600][9.913s][info][gc,heap     ] GC(20) Old regions: 79->95
[2026-04-03T02:02:35.587+0600][9.913s][info][gc,heap     ] GC(20) Humongous regions: 8->8
[2026-04-03T02:02:35.587+0600][9.913s][info][gc,metaspace] GC(20) Metaspace: 49260K(49792K)->49260K(49792K) NonClass: 43156K(43456K)->43156K(43456K) Class: 6104K(6336K)->6104K(6336K)
[2026-04-03T02:02:35.587+0600][9.913s][info][gc          ] GC(20) Pause Young (Normal) (G1 Evacuation Pause) 267M->118M(306M) 8.675ms
[2026-04-03T02:02:35.587+0600][9.913s][info][gc,cpu      ] GC(20) User=0.05s Sys=0.00s Real=0.01s
[2026-04-03T02:02:35.735+0600][10.061s][info][gc,start    ] GC(21) Pause Young (Normal) (G1 Evacuation Pause)
[2026-04-03T02:02:35.735+0600][10.061s][info][gc,task     ] GC(21) Using 7 workers of 10 for evacuation
[2026-04-03T02:02:35.746+0600][10.072s][info][gc,phases   ] GC(21)   Pre Evacuate Collection Set: 0.31ms
[2026-04-03T02:02:35.746+0600][10.072s][info][gc,phases   ] GC(21)   Merge Heap Roots: 0.16ms
[2026-04-03T02:02:35.746+0600][10.072s][info][gc,phases   ] GC(21)   Evacuate Collection Set: 7.61ms
[2026-04-03T02:02:35.746+0600][10.072s][info][gc,phases   ] GC(21)   Post Evacuate Collection Set: 2.09ms
[2026-04-03T02:02:35.746+0600][10.072s][info][gc,phases   ] GC(21)   Other: 0.09ms
[2026-04-03T02:02:35.746+0600][10.072s][info][gc,heap     ] GC(21) Eden regions: 154->0(252)
[2026-04-03T02:02:35.746+0600][10.072s][info][gc,heap     ] GC(21) Survivor regions: 16->15(22)
[2026-04-03T02:02:35.746+0600][10.072s][info][gc,heap     ] GC(21) Old regions: 95->111
[2026-04-03T02:02:35.746+0600][10.072s][info][gc,heap     ] GC(21) Humongous regions: 8->8
[2026-04-03T02:02:35.746+0600][10.072s][info][gc,metaspace] GC(21) Metaspace: 49260K(49792K)->49260K(49792K) NonClass: 43156K(43456K)->43156K(43456K) Class: 6104K(6336K)->6104K(6336K)
[2026-04-03T02:02:35.746+0600][10.072s][info][gc          ] GC(21) Pause Young (Normal) (G1 Evacuation Pause) 272M->133M(446M) 10.509ms
[2026-04-03T02:02:35.746+0600][10.072s][info][gc,cpu      ] GC(21) User=0.05s Sys=0.00s Real=0.01s
[2026-04-03T02:02:37.770+0600][12.096s][info][gc,start    ] GC(22) Pause Full (System.gc())
[2026-04-03T02:02:37.770+0600][12.096s][info][gc,task     ] GC(22) Using 10 workers of 10 for full compaction
[2026-04-03T02:02:37.770+0600][12.096s][info][gc,phases,start] GC(22) Phase 1: Mark live objects
[2026-04-03T02:02:37.782+0600][12.108s][info][gc,phases      ] GC(22) Phase 1: Mark live objects 12.013ms
[2026-04-03T02:02:37.782+0600][12.108s][info][gc,phases,start] GC(22) Phase 2: Prepare compaction
[2026-04-03T02:02:37.783+0600][12.110s][info][gc,phases      ] GC(22) Phase 2: Prepare compaction 1.283ms
[2026-04-03T02:02:37.784+0600][12.110s][info][gc,phases,start] GC(22) Phase 3: Adjust pointers
[2026-04-03T02:02:37.789+0600][12.115s][info][gc,phases      ] GC(22) Phase 3: Adjust pointers 5.518ms
[2026-04-03T02:02:37.789+0600][12.115s][info][gc,phases,start] GC(22) Phase 4: Compact heap
[2026-04-03T02:02:37.791+0600][12.117s][info][gc,phases      ] GC(22) Phase 4: Compact heap 1.619ms
[2026-04-03T02:02:37.791+0600][12.117s][info][gc,phases,start] GC(22) Phase 5: Reset Metadata
[2026-04-03T02:02:37.792+0600][12.118s][info][gc,phases      ] GC(22) Phase 5: Reset Metadata 1.136ms
[2026-04-03T02:02:37.799+0600][12.125s][info][gc,heap        ] GC(22) Eden regions: 113->0(68)
[2026-04-03T02:02:37.799+0600][12.125s][info][gc,heap        ] GC(22) Survivor regions: 15->0(22)
[2026-04-03T02:02:37.799+0600][12.125s][info][gc,heap        ] GC(22) Old regions: 111->27
[2026-04-03T02:02:37.799+0600][12.125s][info][gc,heap        ] GC(22) Humongous regions: 27->8
[2026-04-03T02:02:37.799+0600][12.125s][info][gc,metaspace   ] GC(22) Metaspace: 55464K(55936K)->55464K(55936K) NonClass: 48495K(48768K)->48495K(48768K) Class: 6968K(7168K)->6968K(7168K)
[2026-04-03T02:02:37.799+0600][12.125s][info][gc             ] GC(22) Pause Full (System.gc()) 265M->29M(117M) 29.118ms
[2026-04-03T02:02:37.799+0600][12.125s][info][gc,cpu         ] GC(22) User=0.13s Sys=0.03s Real=0.03s
[2026-04-03T02:02:39.495+0600][13.822s][info][gc,start       ] GC(23) Pause Young (Concurrent Start) (G1 Humongous Allocation)
[2026-04-03T02:02:39.495+0600][13.822s][info][gc,task        ] GC(23) Using 6 workers of 10 for evacuation
[2026-04-03T02:02:39.499+0600][13.825s][info][gc,phases      ] GC(23)   Pre Evacuate Collection Set: 0.22ms
[2026-04-03T02:02:39.499+0600][13.825s][info][gc,phases      ] GC(23)   Merge Heap Roots: 0.22ms
[2026-04-03T02:02:39.499+0600][13.825s][info][gc,phases      ] GC(23)   Evacuate Collection Set: 2.16ms
[2026-04-03T02:02:39.499+0600][13.825s][info][gc,phases      ] GC(23)   Post Evacuate Collection Set: 0.78ms
[2026-04-03T02:02:39.499+0600][13.825s][info][gc,phases      ] GC(23)   Other: 0.09ms
[2026-04-03T02:02:39.499+0600][13.825s][info][gc,heap        ] GC(23) Eden regions: 46->0(65)
[2026-04-03T02:02:39.499+0600][13.825s][info][gc,heap        ] GC(23) Survivor regions: 0->4(9)
[2026-04-03T02:02:39.499+0600][13.825s][info][gc,heap        ] GC(23) Old regions: 27->27
[2026-04-03T02:02:39.499+0600][13.825s][info][gc,heap        ] GC(23) Humongous regions: 25->8
[2026-04-03T02:02:39.499+0600][13.825s][info][gc,metaspace   ] GC(23) Metaspace: 60551K(61248K)->60551K(61248K) NonClass: 52859K(53248K)->52859K(53248K) Class: 7691K(8000K)->7691K(8000K)
[2026-04-03T02:02:39.499+0600][13.825s][info][gc             ] GC(23) Pause Young (Concurrent Start) (G1 Humongous Allocation) 92M->33M(117M) 3.748ms
[2026-04-03T02:02:39.499+0600][13.825s][info][gc,cpu         ] GC(23) User=0.02s Sys=0.00s Real=0.00s
[2026-04-03T02:02:39.499+0600][13.825s][info][gc             ] GC(24) Concurrent Undo Cycle
[2026-04-03T02:02:39.499+0600][13.825s][info][gc,marking     ] GC(24) Concurrent Clear Claimed Marks
[2026-04-03T02:02:39.499+0600][13.826s][info][gc,marking     ] GC(24) Concurrent Clear Claimed Marks 0.077ms
[2026-04-03T02:02:39.499+0600][13.826s][info][gc,marking     ] GC(24) Concurrent Cleanup for Next Mark
[2026-04-03T02:02:39.499+0600][13.826s][info][gc,marking     ] GC(24) Concurrent Cleanup for Next Mark 0.123ms
[2026-04-03T02:02:39.500+0600][13.826s][info][gc             ] GC(24) Concurrent Undo Cycle 0.303ms
[2026-04-03T02:02:39.841+0600][14.167s][info][gc,start       ] GC(25) Pause Young (Normal) (G1 Evacuation Pause)
[2026-04-03T02:02:39.841+0600][14.167s][info][gc,task        ] GC(25) Using 4 workers of 10 for evacuation
[2026-04-03T02:02:39.847+0600][14.173s][info][gc,phases      ] GC(25)   Pre Evacuate Collection Set: 0.29ms
[2026-04-03T02:02:39.847+0600][14.173s][info][gc,phases      ] GC(25)   Merge Heap Roots: 0.20ms
[2026-04-03T02:02:39.847+0600][14.173s][info][gc,phases      ] GC(25)   Evacuate Collection Set: 4.76ms
[2026-04-03T02:02:39.847+0600][14.173s][info][gc,phases      ] GC(25)   Post Evacuate Collection Set: 0.79ms
[2026-04-03T02:02:39.847+0600][14.173s][info][gc,phases      ] GC(25)   Other: 0.09ms
[2026-04-03T02:02:39.847+0600][14.173s][info][gc,heap        ] GC(25) Eden regions: 65->0(63)
[2026-04-03T02:02:39.847+0600][14.173s][info][gc,heap        ] GC(25) Survivor regions: 4->7(9)
[2026-04-03T02:02:39.847+0600][14.173s][info][gc,heap        ] GC(25) Old regions: 27->27
[2026-04-03T02:02:39.847+0600][14.173s][info][gc,heap        ] GC(25) Humongous regions: 10->8
[2026-04-03T02:02:39.847+0600][14.173s][info][gc,metaspace   ] GC(25) Metaspace: 61602K(62272K)->61602K(62272K) NonClass: 53873K(54272K)->53873K(54272K) Class: 7729K(8000K)->7729K(8000K)
[2026-04-03T02:02:39.847+0600][14.173s][info][gc             ] GC(25) Pause Young (Normal) (G1 Evacuation Pause) 100M->36M(117M) 6.491ms
[2026-04-03T02:02:39.847+0600][14.173s][info][gc,cpu         ] GC(25) User=0.03s Sys=0.00s Real=0.00s
[2026-04-03T02:02:39.961+0600][14.287s][info][gc,start       ] GC(26) Pause Young (Normal) (G1 Evacuation Pause)
[2026-04-03T02:02:39.961+0600][14.287s][info][gc,task        ] GC(26) Using 3 workers of 10 for evacuation
[2026-04-03T02:02:39.973+0600][14.299s][info][gc,phases      ] GC(26)   Pre Evacuate Collection Set: 0.28ms
[2026-04-03T02:02:39.973+0600][14.299s][info][gc,phases      ] GC(26)   Merge Heap Roots: 0.19ms
[2026-04-03T02:02:39.973+0600][14.299s][info][gc,phases      ] GC(26)   Evacuate Collection Set: 10.18ms
[2026-04-03T02:02:39.973+0600][14.299s][info][gc,phases      ] GC(26)   Post Evacuate Collection Set: 0.91ms
[2026-04-03T02:02:39.973+0600][14.299s][info][gc,phases      ] GC(26)   Other: 0.21ms
[2026-04-03T02:02:39.973+0600][14.299s][info][gc,heap        ] GC(26) Eden regions: 63->0(58)
[2026-04-03T02:02:39.973+0600][14.299s][info][gc,heap        ] GC(26) Survivor regions: 7->9(9)
[2026-04-03T02:02:39.973+0600][14.299s][info][gc,heap        ] GC(26) Old regions: 27->30
[2026-04-03T02:02:39.973+0600][14.299s][info][gc,heap        ] GC(26) Humongous regions: 9->9
[2026-04-03T02:02:39.973+0600][14.299s][info][gc,metaspace   ] GC(26) Metaspace: 61629K(62336K)->61629K(62336K) NonClass: 53900K(54336K)->53900K(54336K) Class: 7729K(8000K)->7729K(8000K)
[2026-04-03T02:02:39.973+0600][14.299s][info][gc             ] GC(26) Pause Young (Normal) (G1 Evacuation Pause) 100M->42M(118M) 12.244ms
[2026-04-03T02:02:39.973+0600][14.299s][info][gc,cpu         ] GC(26) User=0.05s Sys=0.00s Real=0.01s
[2026-04-03T02:02:40.026+0600][14.353s][info][gc,start       ] GC(27) Pause Young (Normal) (G1 Evacuation Pause)
[2026-04-03T02:02:40.027+0600][14.353s][info][gc,task        ] GC(27) Using 2 workers of 10 for evacuation
[2026-04-03T02:02:40.070+0600][14.396s][info][gc,phases      ] GC(27)   Pre Evacuate Collection Set: 0.35ms
[2026-04-03T02:02:40.070+0600][14.397s][info][gc,phases      ] GC(27)   Merge Heap Roots: 0.21ms
[2026-04-03T02:02:40.070+0600][14.397s][info][gc,phases      ] GC(27)   Evacuate Collection Set: 42.65ms
[2026-04-03T02:02:40.070+0600][14.397s][info][gc,phases      ] GC(27)   Post Evacuate Collection Set: 0.47ms
[2026-04-03T02:02:40.070+0600][14.397s][info][gc,phases      ] GC(27)   Other: 0.08ms
[2026-04-03T02:02:40.070+0600][14.397s][info][gc,heap        ] GC(27) Eden regions: 58->0(56)
[2026-04-03T02:02:40.070+0600][14.397s][info][gc,heap        ] GC(27) Survivor regions: 9->5(9)
[2026-04-03T02:02:40.070+0600][14.397s][info][gc,heap        ] GC(27) Old regions: 30->39
[2026-04-03T02:02:40.070+0600][14.397s][info][gc,heap        ] GC(27) Humongous regions: 11->11
[2026-04-03T02:02:40.070+0600][14.397s][info][gc,metaspace   ] GC(27) Metaspace: 61634K(62336K)->61634K(62336K) NonClass: 53905K(54336K)->53905K(54336K) Class: 7729K(8000K)->7729K(8000K)
[2026-04-03T02:02:40.070+0600][14.397s][info][gc             ] GC(27) Pause Young (Normal) (G1 Evacuation Pause) 102M->48M(122M) 44.060ms
[2026-04-03T02:02:40.070+0600][14.397s][info][gc,cpu         ] GC(27) User=0.12s Sys=0.00s Real=0.05s
[2026-04-03T02:02:40.115+0600][14.442s][info][gc,start       ] GC(28) Pause Young (Normal) (G1 Evacuation Pause)
[2026-04-03T02:02:40.116+0600][14.442s][info][gc,task        ] GC(28) Using 2 workers of 10 for evacuation
[2026-04-03T02:02:40.128+0600][14.454s][info][gc,phases      ] GC(28)   Pre Evacuate Collection Set: 0.33ms
[2026-04-03T02:02:40.128+0600][14.454s][info][gc,phases      ] GC(28)   Merge Heap Roots: 0.26ms
[2026-04-03T02:02:40.128+0600][14.454s][info][gc,phases      ] GC(28)   Evacuate Collection Set: 10.03ms
[2026-04-03T02:02:40.128+0600][14.454s][info][gc,phases      ] GC(28)   Post Evacuate Collection Set: 1.61ms
[2026-04-03T02:02:40.128+0600][14.454s][info][gc,phases      ] GC(28)   Other: 0.09ms
[2026-04-03T02:02:40.128+0600][14.454s][info][gc,heap        ] GC(28) Eden regions: 56->0(149)
[2026-04-03T02:02:40.128+0600][14.454s][info][gc,heap        ] GC(28) Survivor regions: 5->5(8)
[2026-04-03T02:02:40.128+0600][14.454s][info][gc,heap        ] GC(28) Old regions: 39->44
[2026-04-03T02:02:40.128+0600][14.454s][info][gc,heap        ] GC(28) Humongous regions: 11->11
[2026-04-03T02:02:40.128+0600][14.454s][info][gc,metaspace   ] GC(28) Metaspace: 61635K(62336K)->61635K(62336K) NonClass: 53906K(54336K)->53906K(54336K) Class: 7729K(8000K)->7729K(8000K)
[2026-04-03T02:02:40.128+0600][14.454s][info][gc             ] GC(28) Pause Young (Normal) (G1 Evacuation Pause) 104M->54M(258M) 12.630ms
[2026-04-03T02:02:40.128+0600][14.454s][info][gc,cpu         ] GC(28) User=0.04s Sys=0.01s Real=0.01s
[2026-04-03T02:02:40.295+0600][14.621s][info][gc,start       ] GC(29) Pause Young (Normal) (G1 Evacuation Pause)
[2026-04-03T02:02:40.295+0600][14.621s][info][gc,task        ] GC(29) Using 6 workers of 10 for evacuation
[2026-04-03T02:02:40.304+0600][14.630s][info][gc,phases      ] GC(29)   Pre Evacuate Collection Set: 0.31ms
[2026-04-03T02:02:40.304+0600][14.630s][info][gc,phases      ] GC(29)   Merge Heap Roots: 0.13ms
[2026-04-03T02:02:40.304+0600][14.630s][info][gc,phases      ] GC(29)   Evacuate Collection Set: 7.60ms
[2026-04-03T02:02:40.304+0600][14.630s][info][gc,phases      ] GC(29)   Post Evacuate Collection Set: 0.88ms
[2026-04-03T02:02:40.304+0600][14.630s][info][gc,phases      ] GC(29)   Other: 0.09ms
[2026-04-03T02:02:40.304+0600][14.630s][info][gc,heap        ] GC(29) Eden regions: 149->0(135)
[2026-04-03T02:02:40.304+0600][14.630s][info][gc,heap        ] GC(29) Survivor regions: 5->19(20)
[2026-04-03T02:02:40.304+0600][14.630s][info][gc,heap        ] GC(29) Old regions: 44->44
[2026-04-03T02:02:40.304+0600][14.630s][info][gc,heap        ] GC(29) Humongous regions: 14->14
[2026-04-03T02:02:40.304+0600][14.630s][info][gc,metaspace   ] GC(29) Metaspace: 61653K(62336K)->61653K(62336K) NonClass: 53923K(54336K)->53923K(54336K) Class: 7729K(8000K)->7729K(8000K)
[2026-04-03T02:02:40.304+0600][14.630s][info][gc             ] GC(29) Pause Young (Normal) (G1 Evacuation Pause) 206M->70M(258M) 9.294ms
[2026-04-03T02:02:40.304+0600][14.630s][info][gc,cpu         ] GC(29) User=0.04s Sys=0.00s Real=0.01s
[2026-04-03T02:02:40.382+0600][14.708s][info][gc,start       ] GC(30) Pause Young (Normal) (G1 Evacuation Pause)
[2026-04-03T02:02:40.382+0600][14.709s][info][gc,task        ] GC(30) Using 6 workers of 10 for evacuation
[2026-04-03T02:02:40.396+0600][14.722s][info][gc,phases      ] GC(30)   Pre Evacuate Collection Set: 0.30ms
[2026-04-03T02:02:40.396+0600][14.722s][info][gc,phases      ] GC(30)   Merge Heap Roots: 0.11ms
[2026-04-03T02:02:40.396+0600][14.722s][info][gc,phases      ] GC(30)   Evacuate Collection Set: 12.11ms
[2026-04-03T02:02:40.396+0600][14.722s][info][gc,phases      ] GC(30)   Post Evacuate Collection Set: 0.58ms
[2026-04-03T02:02:40.396+0600][14.722s][info][gc,phases      ] GC(30)   Other: 0.07ms
[2026-04-03T02:02:40.396+0600][14.722s][info][gc,heap        ] GC(30) Eden regions: 135->0(139)
[2026-04-03T02:02:40.396+0600][14.722s][info][gc,heap        ] GC(30) Survivor regions: 19->14(20)
[2026-04-03T02:02:40.396+0600][14.722s][info][gc,heap        ] GC(30) Old regions: 44->62
[2026-04-03T02:02:40.396+0600][14.722s][info][gc,heap        ] GC(30) Humongous regions: 14->14
[2026-04-03T02:02:40.396+0600][14.722s][info][gc,metaspace   ] GC(30) Metaspace: 61662K(62336K)->61662K(62336K) NonClass: 53932K(54336K)->53932K(54336K) Class: 7729K(8000K)->7729K(8000K)
[2026-04-03T02:02:40.396+0600][14.722s][info][gc             ] GC(30) Pause Young (Normal) (G1 Evacuation Pause) 205M->84M(258M) 13.416ms
[2026-04-03T02:02:40.396+0600][14.722s][info][gc,cpu         ] GC(30) User=0.07s Sys=0.00s Real=0.01s
[2026-04-03T02:02:40.476+0600][14.802s][info][gc,start       ] GC(31) Pause Young (Normal) (G1 Evacuation Pause)
[2026-04-03T02:02:40.476+0600][14.802s][info][gc,task        ] GC(31) Using 6 workers of 10 for evacuation
[2026-04-03T02:02:40.490+0600][14.816s][info][gc,phases      ] GC(31)   Pre Evacuate Collection Set: 0.38ms
[2026-04-03T02:02:40.490+0600][14.816s][info][gc,phases      ] GC(31)   Merge Heap Roots: 0.16ms
[2026-04-03T02:02:40.490+0600][14.816s][info][gc,phases      ] GC(31)   Evacuate Collection Set: 13.05ms
[2026-04-03T02:02:40.490+0600][14.816s][info][gc,phases      ] GC(31)   Post Evacuate Collection Set: 0.47ms
[2026-04-03T02:02:40.490+0600][14.816s][info][gc,phases      ] GC(31)   Other: 0.11ms
[2026-04-03T02:02:40.490+0600][14.816s][info][gc,heap        ] GC(31) Eden regions: 139->0(127)
[2026-04-03T02:02:40.490+0600][14.816s][info][gc,heap        ] GC(31) Survivor regions: 14->13(20)
[2026-04-03T02:02:40.490+0600][14.816s][info][gc,heap        ] GC(31) Old regions: 62->75
[2026-04-03T02:02:40.490+0600][14.816s][info][gc,heap        ] GC(31) Humongous regions: 19->19
[2026-04-03T02:02:40.490+0600][14.816s][info][gc,metaspace   ] GC(31) Metaspace: 61666K(62336K)->61666K(62336K) NonClass: 53937K(54336K)->53937K(54336K) Class: 7729K(8000K)->7729K(8000K)
[2026-04-03T02:02:40.490+0600][14.816s][info][gc             ] GC(31) Pause Young (Normal) (G1 Evacuation Pause) 228M->101M(260M) 14.434ms
[2026-04-03T02:02:40.490+0600][14.816s][info][gc,cpu         ] GC(31) User=0.08s Sys=0.00s Real=0.02s
[2026-04-03T02:02:40.561+0600][14.887s][info][gc,start       ] GC(32) Pause Young (Normal) (G1 Evacuation Pause)
[2026-04-03T02:02:40.561+0600][14.887s][info][gc,task        ] GC(32) Using 6 workers of 10 for evacuation
[2026-04-03T02:02:40.574+0600][14.900s][info][gc,phases      ] GC(32)   Pre Evacuate Collection Set: 0.33ms
[2026-04-03T02:02:40.574+0600][14.900s][info][gc,phases      ] GC(32)   Merge Heap Roots: 0.10ms
[2026-04-03T02:02:40.574+0600][14.900s][info][gc,phases      ] GC(32)   Evacuate Collection Set: 9.53ms
[2026-04-03T02:02:40.574+0600][14.900s][info][gc,phases      ] GC(32)   Post Evacuate Collection Set: 2.40ms
[2026-04-03T02:02:40.574+0600][14.900s][info][gc,phases      ] GC(32)   Other: 0.08ms
[2026-04-03T02:02:40.574+0600][14.900s][info][gc,heap        ] GC(32) Eden regions: 127->0(301)
[2026-04-03T02:02:40.574+0600][14.900s][info][gc,heap        ] GC(32) Survivor regions: 13->12(18)
[2026-04-03T02:02:40.574+0600][14.900s][info][gc,heap        ] GC(32) Old regions: 75->87
[2026-04-03T02:02:40.574+0600][14.900s][info][gc,heap        ] GC(32) Humongous regions: 19->19
[2026-04-03T02:02:40.574+0600][14.900s][info][gc,metaspace   ] GC(32) Metaspace: 61667K(62336K)->61667K(62336K) NonClass: 53938K(54336K)->53938K(54336K) Class: 7729K(8000K)->7729K(8000K)
[2026-04-03T02:02:40.574+0600][14.900s][info][gc             ] GC(32) Pause Young (Normal) (G1 Evacuation Pause) 228M->112M(522M) 12.663ms
[2026-04-03T02:02:40.574+0600][14.900s][info][gc,cpu         ] GC(32) User=0.06s Sys=0.00s Real=0.01s
[2026-04-03T02:02:41.409+0600][15.736s][info][gc,start       ] GC(33) Pause Young (Normal) (G1 Evacuation Pause)
[2026-04-03T02:02:41.410+0600][15.736s][info][gc,task        ] GC(33) Using 10 workers of 10 for evacuation
[2026-04-03T02:02:41.435+0600][15.761s][info][gc,phases      ] GC(33)   Pre Evacuate Collection Set: 0.30ms
[2026-04-03T02:02:41.435+0600][15.761s][info][gc,phases      ] GC(33)   Merge Heap Roots: 0.52ms
[2026-04-03T02:02:41.435+0600][15.761s][info][gc,phases      ] GC(33)   Evacuate Collection Set: 23.23ms
[2026-04-03T02:02:41.435+0600][15.761s][info][gc,phases      ] GC(33)   Post Evacuate Collection Set: 1.29ms
[2026-04-03T02:02:41.435+0600][15.761s][info][gc,phases      ] GC(33)   Other: 0.16ms
[2026-04-03T02:02:41.435+0600][15.761s][info][gc,heap        ] GC(33) Eden regions: 301->0(283)
[2026-04-03T02:02:41.435+0600][15.761s][info][gc,heap        ] GC(33) Survivor regions: 12->30(40)
[2026-04-03T02:02:41.435+0600][15.761s][info][gc,heap        ] GC(33) Old regions: 87->87
[2026-04-03T02:02:41.435+0600][15.761s][info][gc,heap        ] GC(33) Humongous regions: 30->23
[2026-04-03T02:02:41.435+0600][15.761s][info][gc,metaspace   ] GC(33) Metaspace: 63887K(64768K)->63887K(64768K) NonClass: 55814K(56320K)->55814K(56320K) Class: 8073K(8448K)->8073K(8448K)
[2026-04-03T02:02:41.435+0600][15.761s][info][gc             ] GC(33) Pause Young (Normal) (G1 Evacuation Pause) 424M->134M(522M) 25.867ms
[2026-04-03T02:02:41.435+0600][15.761s][info][gc,cpu         ] GC(33) User=0.25s Sys=0.01s Real=0.03s
[2026-04-03T02:02:41.659+0600][15.986s][info][gc,start       ] GC(34) Pause Young (Normal) (G1 Evacuation Pause)
[2026-04-03T02:02:41.659+0600][15.986s][info][gc,task        ] GC(34) Using 10 workers of 10 for evacuation
[2026-04-03T02:02:41.680+0600][16.006s][info][gc,phases      ] GC(34)   Pre Evacuate Collection Set: 0.26ms
[2026-04-03T02:02:41.680+0600][16.007s][info][gc,phases      ] GC(34)   Merge Heap Roots: 0.18ms
[2026-04-03T02:02:41.680+0600][16.007s][info][gc,phases      ] GC(34)   Evacuate Collection Set: 19.23ms
[2026-04-03T02:02:41.680+0600][16.007s][info][gc,phases      ] GC(34)   Post Evacuate Collection Set: 0.98ms
[2026-04-03T02:02:41.680+0600][16.007s][info][gc,phases      ] GC(34)   Other: 0.11ms
[2026-04-03T02:02:41.680+0600][16.007s][info][gc,heap        ] GC(34) Eden regions: 283->0(276)
[2026-04-03T02:02:41.680+0600][16.007s][info][gc,heap        ] GC(34) Survivor regions: 30->37(40)
[2026-04-03T02:02:41.680+0600][16.007s][info][gc,heap        ] GC(34) Old regions: 87->99
[2026-04-03T02:02:41.680+0600][16.007s][info][gc,heap        ] GC(34) Humongous regions: 28->28
[2026-04-03T02:02:41.680+0600][16.007s][info][gc,metaspace   ] GC(34) Metaspace: 63894K(64768K)->63894K(64768K) NonClass: 55820K(56320K)->55820K(56320K) Class: 8073K(8448K)->8073K(8448K)
[2026-04-03T02:02:41.680+0600][16.007s][info][gc             ] GC(34) Pause Young (Normal) (G1 Evacuation Pause) 422M->158M(522M) 21.108ms
[2026-04-03T02:02:41.681+0600][16.007s][info][gc,cpu         ] GC(34) User=0.19s Sys=0.00s Real=0.03s
[2026-04-03T02:02:41.807+0600][16.133s][info][gc,start       ] GC(35) Pause Young (Normal) (G1 Evacuation Pause)
[2026-04-03T02:02:41.807+0600][16.133s][info][gc,task        ] GC(35) Using 10 workers of 10 for evacuation
[2026-04-03T02:02:41.828+0600][16.154s][info][gc,phases      ] GC(35)   Pre Evacuate Collection Set: 0.28ms
[2026-04-03T02:02:41.828+0600][16.154s][info][gc,phases      ] GC(35)   Merge Heap Roots: 0.25ms
[2026-04-03T02:02:41.828+0600][16.154s][info][gc,phases      ] GC(35)   Evacuate Collection Set: 19.38ms
[2026-04-03T02:02:41.828+0600][16.154s][info][gc,phases      ] GC(35)   Post Evacuate Collection Set: 0.88ms
[2026-04-03T02:02:41.828+0600][16.154s][info][gc,phases      ] GC(35)   Other: 0.19ms
[2026-04-03T02:02:41.828+0600][16.154s][info][gc,heap        ] GC(35) Eden regions: 276->0(279)
[2026-04-03T02:02:41.828+0600][16.154s][info][gc,heap        ] GC(35) Survivor regions: 37->34(40)
[2026-04-03T02:02:41.828+0600][16.154s][info][gc,heap        ] GC(35) Old regions: 99->117
[2026-04-03T02:02:41.828+0600][16.154s][info][gc,heap        ] GC(35) Humongous regions: 28->28
[2026-04-03T02:02:41.828+0600][16.154s][info][gc,metaspace   ] GC(35) Metaspace: 63907K(64768K)->63907K(64768K) NonClass: 55833K(56320K)->55833K(56320K) Class: 8073K(8448K)->8073K(8448K)
[2026-04-03T02:02:41.828+0600][16.154s][info][gc             ] GC(35) Pause Young (Normal) (G1 Evacuation Pause) 434M->173M(522M) 21.313ms
[2026-04-03T02:02:41.828+0600][16.154s][info][gc,cpu         ] GC(35) User=0.22s Sys=0.00s Real=0.02s
[2026-04-03T02:02:41.938+0600][16.265s][info][gc,start       ] GC(36) Pause Young (Normal) (G1 Evacuation Pause)
[2026-04-03T02:02:41.939+0600][16.265s][info][gc,task        ] GC(36) Using 10 workers of 10 for evacuation
[2026-04-03T02:02:41.960+0600][16.286s][info][gc,phases      ] GC(36)   Pre Evacuate Collection Set: 0.35ms
[2026-04-03T02:02:41.960+0600][16.286s][info][gc,phases      ] GC(36)   Merge Heap Roots: 0.21ms
[2026-04-03T02:02:41.960+0600][16.286s][info][gc,phases      ] GC(36)   Evacuate Collection Set: 20.13ms
[2026-04-03T02:02:41.960+0600][16.286s][info][gc,phases      ] GC(36)   Post Evacuate Collection Set: 0.50ms
[2026-04-03T02:02:41.960+0600][16.286s][info][gc,phases      ] GC(36)   Other: 0.11ms
[2026-04-03T02:02:41.960+0600][16.286s][info][gc,heap        ] GC(36) Eden regions: 279->0(280)
[2026-04-03T02:02:41.960+0600][16.286s][info][gc,heap        ] GC(36) Survivor regions: 34->29(40)
[2026-04-03T02:02:41.960+0600][16.286s][info][gc,heap        ] GC(36) Old regions: 117->137
[2026-04-03T02:02:41.960+0600][16.286s][info][gc,heap        ] GC(36) Humongous regions: 33->33
[2026-04-03T02:02:41.960+0600][16.286s][info][gc,metaspace   ] GC(36) Metaspace: 63924K(64832K)->63924K(64832K) NonClass: 55849K(56384K)->55849K(56384K) Class: 8075K(8448K)->8075K(8448K)
[2026-04-03T02:02:41.960+0600][16.286s][info][gc             ] GC(36) Pause Young (Normal) (G1 Evacuation Pause) 457M->193M(522M) 21.609ms
[2026-04-03T02:02:41.960+0600][16.286s][info][gc,cpu         ] GC(36) User=0.21s Sys=0.01s Real=0.03s
[2026-04-03T02:02:42.067+0600][16.393s][info][gc,start       ] GC(37) Pause Young (Normal) (G1 Evacuation Pause)
[2026-04-03T02:02:42.067+0600][16.393s][info][gc,task        ] GC(37) Using 10 workers of 10 for evacuation
[2026-04-03T02:02:42.093+0600][16.419s][info][gc,phases      ] GC(37)   Pre Evacuate Collection Set: 0.29ms
[2026-04-03T02:02:42.093+0600][16.419s][info][gc,phases      ] GC(37)   Merge Heap Roots: 0.20ms
[2026-04-03T02:02:42.093+0600][16.419s][info][gc,phases      ] GC(37)   Evacuate Collection Set: 21.78ms
[2026-04-03T02:02:42.093+0600][16.419s][info][gc,phases      ] GC(37)   Post Evacuate Collection Set: 3.24ms
[2026-04-03T02:02:42.093+0600][16.419s][info][gc,phases      ] GC(37)   Other: 0.12ms
[2026-04-03T02:02:42.093+0600][16.419s][info][gc,heap        ] GC(37) Eden regions: 280->0(433)
[2026-04-03T02:02:42.093+0600][16.419s][info][gc,heap        ] GC(37) Survivor regions: 29->30(39)
[2026-04-03T02:02:42.093+0600][16.419s][info][gc,heap        ] GC(37) Old regions: 137->152
[2026-04-03T02:02:42.093+0600][16.419s][info][gc,heap        ] GC(37) Humongous regions: 36->36
[2026-04-03T02:02:42.093+0600][16.419s][info][gc,metaspace   ] GC(37) Metaspace: 63930K(64832K)->63930K(64832K) NonClass: 55854K(56384K)->55854K(56384K) Class: 8075K(8448K)->8075K(8448K)
[2026-04-03T02:02:42.093+0600][16.419s][info][gc             ] GC(37) Pause Young (Normal) (G1 Evacuation Pause) 476M->212M(772M) 25.952ms
[2026-04-03T02:02:42.093+0600][16.419s][info][gc,cpu         ] GC(37) User=0.24s Sys=0.00s Real=0.03s
[2026-04-03T02:02:42.528+0600][16.854s][info][gc,start       ] GC(38) Pause Young (Normal) (G1 Evacuation Pause)
[2026-04-03T02:02:42.528+0600][16.854s][info][gc,task        ] GC(38) Using 10 workers of 10 for evacuation
[2026-04-03T02:02:42.541+0600][16.867s][info][gc,phases      ] GC(38)   Pre Evacuate Collection Set: 0.31ms
[2026-04-03T02:02:42.541+0600][16.867s][info][gc,phases      ] GC(38)   Merge Heap Roots: 0.38ms
[2026-04-03T02:02:42.541+0600][16.867s][info][gc,phases      ] GC(38)   Evacuate Collection Set: 10.92ms
[2026-04-03T02:02:42.541+0600][16.867s][info][gc,phases      ] GC(38)   Post Evacuate Collection Set: 0.99ms
[2026-04-03T02:02:42.541+0600][16.867s][info][gc,phases      ] GC(38)   Other: 0.16ms
[2026-04-03T02:02:42.541+0600][16.867s][info][gc,heap        ] GC(38) Eden regions: 433->0(435)
[2026-04-03T02:02:42.541+0600][16.867s][info][gc,heap        ] GC(38) Survivor regions: 30->28(58)
[2026-04-03T02:02:42.541+0600][16.867s][info][gc,heap        ] GC(38) Old regions: 152->152
[2026-04-03T02:02:42.541+0600][16.867s][info][gc,heap        ] GC(38) Humongous regions: 38->36
[2026-04-03T02:02:42.541+0600][16.867s][info][gc,metaspace   ] GC(38) Metaspace: 64271K(65152K)->64271K(65152K) NonClass: 56132K(56640K)->56132K(56640K) Class: 8139K(8512K)->8139K(8512K)
[2026-04-03T02:02:42.541+0600][16.867s][info][gc             ] GC(38) Pause Young (Normal) (G1 Evacuation Pause) 647M->210M(772M) 13.072ms
[2026-04-03T02:02:42.541+0600][16.867s][info][gc,cpu         ] GC(38) User=0.11s Sys=0.00s Real=0.02s
[2026-04-03T02:02:42.967+0600][17.293s][info][gc,start       ] GC(39) Pause Full (System.gc())
[2026-04-03T02:02:42.967+0600][17.293s][info][gc,task        ] GC(39) Using 10 workers of 10 for full compaction
[2026-04-03T02:02:42.967+0600][17.293s][info][gc,phases,start] GC(39) Phase 1: Mark live objects
[2026-04-03T02:02:43.025+0600][17.351s][info][gc,phases      ] GC(39) Phase 1: Mark live objects 57.903ms
[2026-04-03T02:02:43.025+0600][17.351s][info][gc,phases,start] GC(39) Phase 2: Prepare compaction
[2026-04-03T02:02:43.029+0600][17.355s][info][gc,phases      ] GC(39) Phase 2: Prepare compaction 3.411ms
[2026-04-03T02:02:43.029+0600][17.355s][info][gc,phases,start] GC(39) Phase 3: Adjust pointers
[2026-04-03T02:02:43.046+0600][17.372s][info][gc,phases      ] GC(39) Phase 3: Adjust pointers 17.013ms
[2026-04-03T02:02:43.046+0600][17.372s][info][gc,phases,start] GC(39) Phase 4: Compact heap
[2026-04-03T02:02:43.052+0600][17.378s][info][gc,phases      ] GC(39) Phase 4: Compact heap 5.776ms
[2026-04-03T02:02:43.052+0600][17.378s][info][gc,phases,start] GC(39) Phase 5: Reset Metadata
[2026-04-03T02:02:43.060+0600][17.386s][info][gc,phases      ] GC(39) Phase 5: Reset Metadata 7.720ms
[2026-04-03T02:02:43.073+0600][17.400s][info][gc,heap        ] GC(39) Eden regions: 293->0(364)
[2026-04-03T02:02:43.074+0600][17.400s][info][gc,heap        ] GC(39) Survivor regions: 28->0(58)
[2026-04-03T02:02:43.074+0600][17.400s][info][gc,heap        ] GC(39) Old regions: 152->168
[2026-04-03T02:02:43.074+0600][17.400s][info][gc,heap        ] GC(39) Humongous regions: 47->14
[2026-04-03T02:02:43.074+0600][17.400s][info][gc,metaspace   ] GC(39) Metaspace: 66017K(66944K)->65983K(66944K) NonClass: 57655K(58176K)->57631K(58176K) Class: 8361K(8768K)->8351K(8768K)
[2026-04-03T02:02:43.074+0600][17.400s][info][gc             ] GC(39) Pause Full (System.gc()) 514M->177M(607M) 106.698ms
[2026-04-03T02:02:43.074+0600][17.400s][info][gc,cpu         ] GC(39) User=0.83s Sys=0.09s Real=0.11s
[2026-04-03T02:02:43.402+0600][17.728s][info][gc,start       ] GC(40) Pause Young (Normal) (G1 Evacuation Pause)
[2026-04-03T02:02:43.402+0600][17.728s][info][gc,task        ] GC(40) Using 10 workers of 10 for evacuation
[2026-04-03T02:02:43.404+0600][17.730s][info][gc,phases      ] GC(40)   Pre Evacuate Collection Set: 0.40ms
[2026-04-03T02:02:43.404+0600][17.731s][info][gc,phases      ] GC(40)   Merge Heap Roots: 0.31ms
[2026-04-03T02:02:43.404+0600][17.731s][info][gc,phases      ] GC(40)   Evacuate Collection Set: 0.80ms
[2026-04-03T02:02:43.404+0600][17.731s][info][gc,phases      ] GC(40)   Post Evacuate Collection Set: 0.80ms
[2026-04-03T02:02:43.404+0600][17.731s][info][gc,phases      ] GC(40)   Other: 0.10ms
[2026-04-03T02:02:43.404+0600][17.731s][info][gc,heap        ] GC(40) Eden regions: 364->0(359)
[2026-04-03T02:02:43.404+0600][17.731s][info][gc,heap        ] GC(40) Survivor regions: 0->5(46)
[2026-04-03T02:02:43.404+0600][17.731s][info][gc,heap        ] GC(40) Old regions: 168->168
[2026-04-03T02:02:43.404+0600][17.731s][info][gc,heap        ] GC(40) Humongous regions: 26->14
[2026-04-03T02:02:43.404+0600][17.731s][info][gc,metaspace   ] GC(40) Metaspace: 66322K(67200K)->66322K(67200K) NonClass: 57890K(58368K)->57890K(58368K) Class: 8432K(8832K)->8432K(8832K)
[2026-04-03T02:02:43.404+0600][17.731s][info][gc             ] GC(40) Pause Young (Normal) (G1 Evacuation Pause) 553M->182M(607M) 2.710ms
[2026-04-03T02:02:43.405+0600][17.731s][info][gc,cpu         ] GC(40) User=0.01s Sys=0.01s Real=0.00s
[2026-04-03T02:02:43.573+0600][17.899s][info][gc,start       ] GC(41) Pause Young (Normal) (G1 Evacuation Pause)
[2026-04-03T02:02:43.573+0600][17.899s][info][gc,task        ] GC(41) Using 10 workers of 10 for evacuation
[2026-04-03T02:02:43.575+0600][17.902s][info][gc,phases      ] GC(41)   Pre Evacuate Collection Set: 0.55ms
[2026-04-03T02:02:43.576+0600][17.902s][info][gc,phases      ] GC(41)   Merge Heap Roots: 0.19ms
[2026-04-03T02:02:43.576+0600][17.902s][info][gc,phases      ] GC(41)   Evacuate Collection Set: 0.65ms
[2026-04-03T02:02:43.576+0600][17.902s][info][gc,phases      ] GC(41)   Post Evacuate Collection Set: 1.17ms
[2026-04-03T02:02:43.576+0600][17.902s][info][gc,phases      ] GC(41)   Other: 0.19ms
[2026-04-03T02:02:43.576+0600][17.902s][info][gc,heap        ] GC(41) Eden regions: 359->0(362)
[2026-04-03T02:02:43.576+0600][17.902s][info][gc,heap        ] GC(41) Survivor regions: 5->2(46)
[2026-04-03T02:02:43.576+0600][17.902s][info][gc,heap        ] GC(41) Old regions: 168->168
[2026-04-03T02:02:43.576+0600][17.902s][info][gc,heap        ] GC(41) Humongous regions: 14->14
[2026-04-03T02:02:43.576+0600][17.902s][info][gc,metaspace   ] GC(41) Metaspace: 66326K(67200K)->66326K(67200K) NonClass: 57893K(58368K)->57893K(58368K) Class: 8432K(8832K)->8432K(8832K)
[2026-04-03T02:02:43.576+0600][17.902s][info][gc             ] GC(41) Pause Young (Normal) (G1 Evacuation Pause) 541M->178M(607M) 3.108ms
[2026-04-03T02:02:43.576+0600][17.902s][info][gc,cpu         ] GC(41) User=0.01s Sys=0.00s Real=0.00s
[2026-04-03T02:02:43.746+0600][18.072s][info][gc,start       ] GC(42) Pause Young (Normal) (G1 Evacuation Pause)
[2026-04-03T02:02:43.746+0600][18.072s][info][gc,task        ] GC(42) Using 10 workers of 10 for evacuation
[2026-04-03T02:02:43.749+0600][18.075s][info][gc,phases      ] GC(42)   Pre Evacuate Collection Set: 0.40ms
[2026-04-03T02:02:43.749+0600][18.075s][info][gc,phases      ] GC(42)   Merge Heap Roots: 0.16ms
[2026-04-03T02:02:43.749+0600][18.075s][info][gc,phases      ] GC(42)   Evacuate Collection Set: 1.39ms
[2026-04-03T02:02:43.749+0600][18.075s][info][gc,phases      ] GC(42)   Post Evacuate Collection Set: 0.54ms
[2026-04-03T02:02:43.749+0600][18.075s][info][gc,phases      ] GC(42)   Other: 0.09ms
[2026-04-03T02:02:43.749+0600][18.075s][info][gc,heap        ] GC(42) Eden regions: 362->0(363)
[2026-04-03T02:02:43.749+0600][18.075s][info][gc,heap        ] GC(42) Survivor regions: 2->1(46)
[2026-04-03T02:02:43.749+0600][18.075s][info][gc,heap        ] GC(42) Old regions: 168->168
[2026-04-03T02:02:43.749+0600][18.075s][info][gc,heap        ] GC(42) Humongous regions: 16->14
[2026-04-03T02:02:43.749+0600][18.075s][info][gc,metaspace   ] GC(42) Metaspace: 66334K(67200K)->66334K(67200K) NonClass: 57901K(58368K)->57901K(58368K) Class: 8432K(8832K)->8432K(8832K)
[2026-04-03T02:02:43.749+0600][18.075s][info][gc             ] GC(42) Pause Young (Normal) (G1 Evacuation Pause) 542M->177M(607M) 2.804ms
[2026-04-03T02:02:43.749+0600][18.075s][info][gc,cpu         ] GC(42) User=0.01s Sys=0.00s Real=0.00s
[2026-04-03T02:02:43.785+0600][18.111s][info][gc,start       ] GC(43) Pause Full (System.gc())
[2026-04-03T02:02:43.785+0600][18.111s][info][gc,task        ] GC(43) Using 10 workers of 10 for full compaction
[2026-04-03T02:02:43.785+0600][18.112s][info][gc,phases,start] GC(43) Phase 1: Mark live objects
[2026-04-03T02:02:43.831+0600][18.158s][info][gc,phases      ] GC(43) Phase 1: Mark live objects 46.074ms
[2026-04-03T02:02:43.832+0600][18.158s][info][gc,phases,start] GC(43) Phase 2: Prepare compaction
[2026-04-03T02:02:43.833+0600][18.159s][info][gc,phases      ] GC(43) Phase 2: Prepare compaction 1.509ms
[2026-04-03T02:02:43.833+0600][18.159s][info][gc,phases,start] GC(43) Phase 3: Adjust pointers
[2026-04-03T02:02:43.847+0600][18.173s][info][gc,phases      ] GC(43) Phase 3: Adjust pointers 14.105ms
[2026-04-03T02:02:43.847+0600][18.173s][info][gc,phases,start] GC(43) Phase 4: Compact heap
[2026-04-03T02:02:43.849+0600][18.175s][info][gc,phases      ] GC(43) Phase 4: Compact heap 1.344ms
[2026-04-03T02:02:43.849+0600][18.175s][info][gc,phases,start] GC(43) Phase 5: Reset Metadata
[2026-04-03T02:02:43.858+0600][18.184s][info][gc,phases      ] GC(43) Phase 5: Reset Metadata 9.335ms
[2026-04-03T02:02:43.864+0600][18.190s][info][gc,heap        ] GC(43) Eden regions: 7->0(364)
[2026-04-03T02:02:43.864+0600][18.191s][info][gc,heap        ] GC(43) Survivor regions: 1->0(46)
[2026-04-03T02:02:43.864+0600][18.191s][info][gc,heap        ] GC(43) Old regions: 168->169
[2026-04-03T02:02:43.864+0600][18.191s][info][gc,heap        ] GC(43) Humongous regions: 25->14
[2026-04-03T02:02:43.864+0600][18.191s][info][gc,metaspace   ] GC(43) Metaspace: 66385K(67328K)->66385K(67328K) NonClass: 57952K(58496K)->57952K(58496K) Class: 8432K(8832K)->8432K(8832K)
[2026-04-03T02:02:43.864+0600][18.191s][info][gc             ] GC(43) Pause Full (System.gc()) 195M->177M(607M) 79.643ms
[2026-04-03T02:02:43.864+0600][18.191s][info][gc,cpu         ] GC(43) User=0.66s Sys=0.03s Real=0.08s
[2026-04-03T02:02:44.191+0600][18.517s][info][gc,start       ] GC(44) Pause Young (Normal) (G1 Evacuation Pause)
[2026-04-03T02:02:44.191+0600][18.517s][info][gc,task        ] GC(44) Using 10 workers of 10 for evacuation
[2026-04-03T02:02:44.194+0600][18.520s][info][gc,phases      ] GC(44)   Pre Evacuate Collection Set: 0.28ms
[2026-04-03T02:02:44.194+0600][18.520s][info][gc,phases      ] GC(44)   Merge Heap Roots: 0.51ms
[2026-04-03T02:02:44.194+0600][18.520s][info][gc,phases      ] GC(44)   Evacuate Collection Set: 0.79ms
[2026-04-03T02:02:44.194+0600][18.520s][info][gc,phases      ] GC(44)   Post Evacuate Collection Set: 0.83ms
[2026-04-03T02:02:44.194+0600][18.520s][info][gc,phases      ] GC(44)   Other: 0.10ms
[2026-04-03T02:02:44.194+0600][18.520s][info][gc,heap        ] GC(44) Eden regions: 364->0(363)
[2026-04-03T02:02:44.194+0600][18.520s][info][gc,heap        ] GC(44) Survivor regions: 0->1(46)
[2026-04-03T02:02:44.194+0600][18.520s][info][gc,heap        ] GC(44) Old regions: 169->169
[2026-04-03T02:02:44.194+0600][18.520s][info][gc,heap        ] GC(44) Humongous regions: 26->14
[2026-04-03T02:02:44.194+0600][18.520s][info][gc,metaspace   ] GC(44) Metaspace: 66466K(67328K)->66466K(67328K) NonClass: 58033K(58496K)->58033K(58496K) Class: 8432K(8832K)->8432K(8832K)
[2026-04-03T02:02:44.194+0600][18.520s][info][gc             ] GC(44) Pause Young (Normal) (G1 Evacuation Pause) 553M->177M(607M) 2.819ms
[2026-04-03T02:02:44.194+0600][18.520s][info][gc,cpu         ] GC(44) User=0.01s Sys=0.00s Real=0.00s
[2026-04-03T02:02:44.366+0600][18.692s][info][gc,start       ] GC(45) Pause Young (Normal) (G1 Evacuation Pause)
[2026-04-03T02:02:44.366+0600][18.692s][info][gc,task        ] GC(45) Using 10 workers of 10 for evacuation
[2026-04-03T02:02:44.368+0600][18.694s][info][gc,phases      ] GC(45)   Pre Evacuate Collection Set: 0.37ms
[2026-04-03T02:02:44.368+0600][18.694s][info][gc,phases      ] GC(45)   Merge Heap Roots: 0.23ms
[2026-04-03T02:02:44.368+0600][18.694s][info][gc,phases      ] GC(45)   Evacuate Collection Set: 0.51ms
[2026-04-03T02:02:44.368+0600][18.694s][info][gc,phases      ] GC(45)   Post Evacuate Collection Set: 0.80ms
[2026-04-03T02:02:44.368+0600][18.694s][info][gc,phases      ] GC(45)   Other: 0.10ms
[2026-04-03T02:02:44.368+0600][18.694s][info][gc,heap        ] GC(45) Eden regions: 363->0(363)
[2026-04-03T02:02:44.368+0600][18.694s][info][gc,heap        ] GC(45) Survivor regions: 1->1(46)
[2026-04-03T02:02:44.368+0600][18.694s][info][gc,heap        ] GC(45) Old regions: 169->169
[2026-04-03T02:02:44.368+0600][18.694s][info][gc,heap        ] GC(45) Humongous regions: 14->14
[2026-04-03T02:02:44.368+0600][18.694s][info][gc,metaspace   ] GC(45) Metaspace: 66475K(67328K)->66475K(67328K) NonClass: 58042K(58496K)->58042K(58496K) Class: 8432K(8832K)->8432K(8832K)
[2026-04-03T02:02:44.368+0600][18.694s][info][gc             ] GC(45) Pause Young (Normal) (G1 Evacuation Pause) 540M->177M(607M) 2.382ms
[2026-04-03T02:02:44.368+0600][18.694s][info][gc,cpu         ] GC(45) User=0.00s Sys=0.00s Real=0.00s
[2026-04-03T02:02:44.595+0600][18.921s][info][gc,start       ] GC(46) Pause Young (Normal) (GCLocker Initiated GC)
[2026-04-03T02:02:44.595+0600][18.922s][info][gc,task        ] GC(46) Using 10 workers of 10 for evacuation
[2026-04-03T02:02:44.597+0600][18.923s][info][gc,phases      ] GC(46)   Pre Evacuate Collection Set: 0.22ms
[2026-04-03T02:02:44.597+0600][18.923s][info][gc,phases      ] GC(46)   Merge Heap Roots: 0.26ms
[2026-04-03T02:02:44.597+0600][18.923s][info][gc,phases      ] GC(46)   Evacuate Collection Set: 0.63ms
[2026-04-03T02:02:44.597+0600][18.923s][info][gc,phases      ] GC(46)   Post Evacuate Collection Set: 0.53ms
[2026-04-03T02:02:44.597+0600][18.923s][info][gc,phases      ] GC(46)   Other: 0.10ms
[2026-04-03T02:02:44.597+0600][18.923s][info][gc,heap        ] GC(46) Eden regions: 363->0(363)
[2026-04-03T02:02:44.597+0600][18.923s][info][gc,heap        ] GC(46) Survivor regions: 1->1(46)
[2026-04-03T02:02:44.597+0600][18.923s][info][gc,heap        ] GC(46) Old regions: 169->169
[2026-04-03T02:02:44.597+0600][18.923s][info][gc,heap        ] GC(46) Humongous regions: 27->14
[2026-04-03T02:02:44.597+0600][18.923s][info][gc,metaspace   ] GC(46) Metaspace: 66760K(67648K)->66760K(67648K) NonClass: 58276K(58752K)->58276K(58752K) Class: 8484K(8896K)->8484K(8896K)
[2026-04-03T02:02:44.597+0600][18.923s][info][gc             ] GC(46) Pause Young (Normal) (GCLocker Initiated GC) 553M->177M(607M) 2.009ms
[2026-04-03T02:02:44.597+0600][18.923s][info][gc,cpu         ] GC(46) User=0.01s Sys=0.01s Real=0.00s
[2026-04-03T02:02:45.195+0600][19.521s][info][gc,heap,exit   ] Heap
[2026-04-03T02:02:45.195+0600][19.521s][info][gc,heap,exit   ]  garbage-first heap   total 621568K, used 208576K [0x0000000092a00000, 0x0000000100000000)
[2026-04-03T02:02:45.195+0600][19.521s][info][gc,heap,exit   ]   region size 1024K, 22 young (22528K), 1 survivors (1024K)
[2026-04-03T02:02:45.195+0600][19.521s][info][gc,heap,exit   ]  Metaspace       used 66990K, committed 67840K, reserved 1114112K
[2026-04-03T02:02:45.195+0600][19.521s][info][gc,heap,exit   ]   class space    used 8526K, committed 8896K, reserved 1048576K
