[2026-04-03T02:03:49.455+0600][0.004s][info][gc,init] CardTable entry size: 512
[2026-04-03T02:03:49.455+0600][0.004s][info][gc     ] Using G1
[2026-04-03T02:03:49.458+0600][0.007s][info][gc,init] Version: 21.0.10+7-Ubuntu-124.04 (release)
[2026-04-03T02:03:49.458+0600][0.007s][info][gc,init] CPUs: 12 total, 12 available
[2026-04-03T02:03:49.458+0600][0.007s][info][gc,init] Memory: 15683M
[2026-04-03T02:03:49.458+0600][0.007s][info][gc,init] Large Page Support: Disabled
[2026-04-03T02:03:49.458+0600][0.007s][info][gc,init] NUMA Support: Disabled
[2026-04-03T02:03:49.458+0600][0.007s][info][gc,init] Compressed Oops: Enabled (32-bit)
[2026-04-03T02:03:49.458+0600][0.007s][info][gc,init] Heap Region Size: 1M
[2026-04-03T02:03:49.458+0600][0.007s][info][gc,init] Heap Min Capacity: 8M
[2026-04-03T02:03:49.458+0600][0.007s][info][gc,init] Heap Initial Capacity: 246M
[2026-04-03T02:03:49.458+0600][0.007s][info][gc,init] Heap Max Capacity: 2000M
[2026-04-03T02:03:49.458+0600][0.007s][info][gc,init] Pre-touch: Disabled
[2026-04-03T02:03:49.458+0600][0.007s][info][gc,init] Parallel Workers: 10
[2026-04-03T02:03:49.458+0600][0.007s][info][gc,init] Concurrent Workers: 3
[2026-04-03T02:03:49.458+0600][0.007s][info][gc,init] Concurrent Refinement Workers: 10
[2026-04-03T02:03:49.458+0600][0.007s][info][gc,init] Periodic GC: Disabled
[2026-04-03T02:03:49.468+0600][0.017s][info][gc,metaspace] CDS archive(s) mapped at: [0x000070055f000000-0x000070055fc9c000-0x000070055fc9c000), size 13221888, SharedBaseAddress: 0x000070055f000000, ArchiveRelocationMode: 1.
[2026-04-03T02:03:49.468+0600][0.017s][info][gc,metaspace] Compressed class space mapped at: 0x0000700560000000-0x00007005a0000000, reserved size: 1073741824
[2026-04-03T02:03:49.468+0600][0.017s][info][gc,metaspace] Narrow klass base: 0x000070055f000000, Narrow klass shift: 0, Narrow klass range: 0x100000000
[2026-04-03T02:03:49.813+0600][0.363s][info][gc,start    ] GC(0) Pause Young (Normal) (G1 Evacuation Pause)
[2026-04-03T02:03:49.814+0600][0.363s][info][gc,task     ] GC(0) Using 5 workers of 10 for evacuation
[2026-04-03T02:03:49.817+0600][0.366s][info][gc,phases   ] GC(0)   Pre Evacuate Collection Set: 0.14ms
[2026-04-03T02:03:49.817+0600][0.366s][info][gc,phases   ] GC(0)   Merge Heap Roots: 0.13ms
[2026-04-03T02:03:49.817+0600][0.366s][info][gc,phases   ] GC(0)   Evacuate Collection Set: 1.82ms
[2026-04-03T02:03:49.817+0600][0.366s][info][gc,phases   ] GC(0)   Post Evacuate Collection Set: 0.24ms
[2026-04-03T02:03:49.817+0600][0.366s][info][gc,phases   ] GC(0)   Other: 0.90ms
[2026-04-03T02:03:49.817+0600][0.366s][info][gc,heap     ] GC(0) Eden regions: 23->0(46)
[2026-04-03T02:03:49.817+0600][0.366s][info][gc,heap     ] GC(0) Survivor regions: 0->3(3)
[2026-04-03T02:03:49.817+0600][0.366s][info][gc,heap     ] GC(0) Old regions: 2->2
[2026-04-03T02:03:49.817+0600][0.366s][info][gc,heap     ] GC(0) Humongous regions: 0->0
[2026-04-03T02:03:49.817+0600][0.366s][info][gc,metaspace] GC(0) Metaspace: 2597K(2752K)->2597K(2752K) NonClass: 2364K(2432K)->2364K(2432K) Class: 233K(320K)->233K(320K)
[2026-04-03T02:03:49.817+0600][0.366s][info][gc          ] GC(0) Pause Young (Normal) (G1 Evacuation Pause) 24M->3M(248M) 3.479ms
[2026-04-03T02:03:49.817+0600][0.366s][info][gc,cpu      ] GC(0) User=0.02s Sys=0.00s Real=0.00s
[2026-04-03T02:03:49.954+0600][0.503s][info][gc,start    ] GC(1) Pause Young (Normal) (G1 Evacuation Pause)
[2026-04-03T02:03:49.954+0600][0.504s][info][gc,task     ] GC(1) Using 5 workers of 10 for evacuation
[2026-04-03T02:03:49.957+0600][0.506s][info][gc,phases   ] GC(1)   Pre Evacuate Collection Set: 0.38ms
[2026-04-03T02:03:49.957+0600][0.506s][info][gc,phases   ] GC(1)   Merge Heap Roots: 0.06ms
[2026-04-03T02:03:49.957+0600][0.506s][info][gc,phases   ] GC(1)   Evacuate Collection Set: 1.62ms
[2026-04-03T02:03:49.957+0600][0.506s][info][gc,phases   ] GC(1)   Post Evacuate Collection Set: 0.62ms
[2026-04-03T02:03:49.957+0600][0.506s][info][gc,phases   ] GC(1)   Other: 0.09ms
[2026-04-03T02:03:49.957+0600][0.506s][info][gc,heap     ] GC(1) Eden regions: 46->0(144)
[2026-04-03T02:03:49.957+0600][0.506s][info][gc,heap     ] GC(1) Survivor regions: 3->3(7)
[2026-04-03T02:03:49.957+0600][0.506s][info][gc,heap     ] GC(1) Old regions: 2->2
[2026-04-03T02:03:49.957+0600][0.506s][info][gc,heap     ] GC(1) Humongous regions: 0->0
[2026-04-03T02:03:49.957+0600][0.506s][info][gc,metaspace] GC(1) Metaspace: 3949K(4096K)->3949K(4096K) NonClass: 3501K(3584K)->3501K(3584K) Class: 448K(512K)->448K(512K)
[2026-04-03T02:03:49.957+0600][0.506s][info][gc          ] GC(1) Pause Young (Normal) (G1 Evacuation Pause) 49M->3M(248M) 2.980ms
[2026-04-03T02:03:49.957+0600][0.506s][info][gc,cpu      ] GC(1) User=0.01s Sys=0.00s Real=0.00s
[2026-04-03T02:03:50.506+0600][1.055s][info][gc,start    ] GC(2) Pause Young (Normal) (G1 Evacuation Pause)
[2026-04-03T02:03:50.506+0600][1.055s][info][gc,task     ] GC(2) Using 5 workers of 10 for evacuation
[2026-04-03T02:03:50.510+0600][1.059s][info][gc,phases   ] GC(2)   Pre Evacuate Collection Set: 0.30ms
[2026-04-03T02:03:50.510+0600][1.059s][info][gc,phases   ] GC(2)   Merge Heap Roots: 0.13ms
[2026-04-03T02:03:50.510+0600][1.059s][info][gc,phases   ] GC(2)   Evacuate Collection Set: 2.36ms
[2026-04-03T02:03:50.510+0600][1.059s][info][gc,phases   ] GC(2)   Post Evacuate Collection Set: 0.59ms
[2026-04-03T02:03:50.510+0600][1.059s][info][gc,phases   ] GC(2)   Other: 0.09ms
[2026-04-03T02:03:50.510+0600][1.059s][info][gc,heap     ] GC(2) Eden regions: 144->0(143)
[2026-04-03T02:03:50.510+0600][1.059s][info][gc,heap     ] GC(2) Survivor regions: 3->4(19)
[2026-04-03T02:03:50.510+0600][1.059s][info][gc,heap     ] GC(2) Old regions: 2->2
[2026-04-03T02:03:50.510+0600][1.059s][info][gc,heap     ] GC(2) Humongous regions: 0->0
[2026-04-03T02:03:50.510+0600][1.059s][info][gc,metaspace] GC(2) Metaspace: 10091K(10304K)->10091K(10304K) NonClass: 8832K(8960K)->8832K(8960K) Class: 1259K(1344K)->1259K(1344K)
[2026-04-03T02:03:50.510+0600][1.059s][info][gc          ] GC(2) Pause Young (Normal) (G1 Evacuation Pause) 147M->4M(248M) 3.733ms
[2026-04-03T02:03:50.510+0600][1.059s][info][gc,cpu      ] GC(2) User=0.01s Sys=0.00s Real=0.01s
[2026-04-03T02:03:53.197+0600][3.746s][info][gc,start    ] GC(3) Pause Young (Normal) (G1 Evacuation Pause)
[2026-04-03T02:03:53.197+0600][3.747s][info][gc,task     ] GC(3) Using 5 workers of 10 for evacuation
[2026-04-03T02:03:53.205+0600][3.755s][info][gc,phases   ] GC(3)   Pre Evacuate Collection Set: 0.26ms
[2026-04-03T02:03:53.205+0600][3.755s][info][gc,phases   ] GC(3)   Merge Heap Roots: 0.13ms
[2026-04-03T02:03:53.206+0600][3.755s][info][gc,phases   ] GC(3)   Evacuate Collection Set: 6.27ms
[2026-04-03T02:03:53.206+0600][3.755s][info][gc,phases   ] GC(3)   Post Evacuate Collection Set: 1.29ms
[2026-04-03T02:03:53.206+0600][3.755s][info][gc,phases   ] GC(3)   Other: 0.10ms
[2026-04-03T02:03:53.206+0600][3.755s][info][gc,heap     ] GC(3) Eden regions: 143->0(133)
[2026-04-03T02:03:53.206+0600][3.755s][info][gc,heap     ] GC(3) Survivor regions: 4->14(19)
[2026-04-03T02:03:53.206+0600][3.755s][info][gc,heap     ] GC(3) Old regions: 2->2
[2026-04-03T02:03:53.206+0600][3.755s][info][gc,heap     ] GC(3) Humongous regions: 7->7
[2026-04-03T02:03:53.206+0600][3.755s][info][gc,metaspace] GC(3) Metaspace: 19342K(19648K)->19342K(19648K) NonClass: 16900K(17088K)->16900K(17088K) Class: 2441K(2560K)->2441K(2560K)
[2026-04-03T02:03:53.206+0600][3.755s][info][gc          ] GC(3) Pause Young (Normal) (G1 Evacuation Pause) 154M->22M(248M) 8.398ms
[2026-04-03T02:03:53.206+0600][3.755s][info][gc,cpu      ] GC(3) User=0.04s Sys=0.01s Real=0.01s
[2026-04-03T02:03:53.316+0600][3.865s][info][gc,start    ] GC(4) Pause Young (Concurrent Start) (Metadata GC Threshold)
[2026-04-03T02:03:53.316+0600][3.865s][info][gc,task     ] GC(4) Using 5 workers of 10 for evacuation
[2026-04-03T02:03:53.321+0600][3.870s][info][gc,phases   ] GC(4)   Pre Evacuate Collection Set: 0.33ms
[2026-04-03T02:03:53.321+0600][3.871s][info][gc,phases   ] GC(4)   Merge Heap Roots: 0.07ms
[2026-04-03T02:03:53.321+0600][3.871s][info][gc,phases   ] GC(4)   Evacuate Collection Set: 3.90ms
[2026-04-03T02:03:53.321+0600][3.871s][info][gc,phases   ] GC(4)   Post Evacuate Collection Set: 0.83ms
[2026-04-03T02:03:53.321+0600][3.871s][info][gc,phases   ] GC(4)   Other: 0.20ms
[2026-04-03T02:03:53.321+0600][3.871s][info][gc,heap     ] GC(4) Eden regions: 3->0(135)
[2026-04-03T02:03:53.321+0600][3.871s][info][gc,heap     ] GC(4) Survivor regions: 14->12(19)
[2026-04-03T02:03:53.321+0600][3.871s][info][gc,heap     ] GC(4) Old regions: 2->6
[2026-04-03T02:03:53.321+0600][3.871s][info][gc,heap     ] GC(4) Humongous regions: 7->7
[2026-04-03T02:03:53.321+0600][3.871s][info][gc,metaspace] GC(4) Metaspace: 21263K(21504K)->21263K(21504K) NonClass: 18627K(18752K)->18627K(18752K) Class: 2635K(2752K)->2635K(2752K)
[2026-04-03T02:03:53.321+0600][3.871s][info][gc          ] GC(4) Pause Young (Concurrent Start) (Metadata GC Threshold) 25M->22M(248M) 5.601ms
[2026-04-03T02:03:53.321+0600][3.871s][info][gc,cpu      ] GC(4) User=0.02s Sys=0.00s Real=0.01s
[2026-04-03T02:03:53.322+0600][3.871s][info][gc          ] GC(5) Concurrent Mark Cycle
[2026-04-03T02:03:53.322+0600][3.871s][info][gc,marking  ] GC(5) Concurrent Scan Root Regions
[2026-04-03T02:03:53.324+0600][3.873s][info][gc,marking  ] GC(5) Concurrent Scan Root Regions 2.503ms
[2026-04-03T02:03:53.324+0600][3.873s][info][gc,marking  ] GC(5) Concurrent Mark
[2026-04-03T02:03:53.324+0600][3.873s][info][gc,marking  ] GC(5) Concurrent Mark From Roots
[2026-04-03T02:03:53.324+0600][3.873s][info][gc,task     ] GC(5) Using 3 workers of 3 for marking
[2026-04-03T02:03:53.327+0600][3.876s][info][gc,marking  ] GC(5) Concurrent Mark From Roots 2.767ms
[2026-04-03T02:03:53.327+0600][3.876s][info][gc,marking  ] GC(5) Concurrent Preclean
[2026-04-03T02:03:53.327+0600][3.876s][info][gc,marking  ] GC(5) Concurrent Preclean 0.016ms
[2026-04-03T02:03:53.327+0600][3.876s][info][gc,start    ] GC(5) Pause Remark
[2026-04-03T02:03:53.330+0600][3.879s][info][gc          ] GC(5) Pause Remark 22M->22M(84M) 3.096ms
[2026-04-03T02:03:53.330+0600][3.879s][info][gc,cpu      ] GC(5) User=0.01s Sys=0.00s Real=0.01s
[2026-04-03T02:03:53.330+0600][3.879s][info][gc,marking  ] GC(5) Concurrent Mark 6.101ms
[2026-04-03T02:03:53.330+0600][3.879s][info][gc,marking  ] GC(5) Concurrent Rebuild Remembered Sets and Scrub Regions
[2026-04-03T02:03:53.332+0600][3.881s][info][gc,marking  ] GC(5) Concurrent Rebuild Remembered Sets and Scrub Regions 1.730ms
[2026-04-03T02:03:53.343+0600][3.892s][info][gc,start    ] GC(5) Pause Cleanup
[2026-04-03T02:03:53.343+0600][3.892s][info][gc          ] GC(5) Pause Cleanup 22M->22M(84M) 0.292ms
[2026-04-03T02:03:53.343+0600][3.892s][info][gc,cpu      ] GC(5) User=0.00s Sys=0.00s Real=0.00s
[2026-04-03T02:03:53.343+0600][3.893s][info][gc,marking  ] GC(5) Concurrent Clear Claimed Marks
[2026-04-03T02:03:53.343+0600][3.893s][info][gc,marking  ] GC(5) Concurrent Clear Claimed Marks 0.045ms
[2026-04-03T02:03:53.343+0600][3.893s][info][gc,marking  ] GC(5) Concurrent Cleanup for Next Mark
[2026-04-03T02:03:53.344+0600][3.893s][info][gc,marking  ] GC(5) Concurrent Cleanup for Next Mark 0.804ms
[2026-04-03T02:03:53.344+0600][3.893s][info][gc          ] GC(5) Concurrent Mark Cycle 22.669ms
[2026-04-03T02:03:54.703+0600][5.253s][info][gc,start    ] GC(6) Pause Young (Prepare Mixed) (G1 Evacuation Pause)
[2026-04-03T02:03:54.704+0600][5.253s][info][gc,task     ] GC(6) Using 3 workers of 10 for evacuation
[2026-04-03T02:03:54.714+0600][5.263s][info][gc,phases   ] GC(6)   Pre Evacuate Collection Set: 0.28ms
[2026-04-03T02:03:54.714+0600][5.264s][info][gc,phases   ] GC(6)   Merge Heap Roots: 0.18ms
[2026-04-03T02:03:54.714+0600][5.264s][info][gc,phases   ] GC(6)   Evacuate Collection Set: 8.84ms
[2026-04-03T02:03:54.714+0600][5.264s][info][gc,phases   ] GC(6)   Post Evacuate Collection Set: 1.34ms
[2026-04-03T02:03:54.714+0600][5.264s][info][gc,phases   ] GC(6)   Other: 0.09ms
[2026-04-03T02:03:54.714+0600][5.264s][info][gc,heap     ] GC(6) Eden regions: 55->0(58)
[2026-04-03T02:03:54.714+0600][5.264s][info][gc,heap     ] GC(6) Survivor regions: 12->3(19)
[2026-04-03T02:03:54.714+0600][5.264s][info][gc,heap     ] GC(6) Old regions: 6->17
[2026-04-03T02:03:54.714+0600][5.264s][info][gc,heap     ] GC(6) Humongous regions: 15->7
[2026-04-03T02:03:54.714+0600][5.264s][info][gc,metaspace] GC(6) Metaspace: 28686K(29056K)->28686K(29056K) NonClass: 25124K(25344K)->25124K(25344K) Class: 3561K(3712K)->3561K(3712K)
[2026-04-03T02:03:54.714+0600][5.264s][info][gc          ] GC(6) Pause Young (Prepare Mixed) (G1 Evacuation Pause) 85M->24M(102M) 11.016ms
[2026-04-03T02:03:54.714+0600][5.264s][info][gc,cpu      ] GC(6) User=0.03s Sys=0.01s Real=0.01s
[2026-04-03T02:03:56.137+0600][6.686s][info][gc,start    ] GC(7) Pause Young (Mixed) (Metadata GC Threshold)
[2026-04-03T02:03:56.137+0600][6.686s][info][gc,task     ] GC(7) Using 2 workers of 10 for evacuation
[2026-04-03T02:03:56.145+0600][6.694s][info][gc,phases   ] GC(7)   Pre Evacuate Collection Set: 0.21ms
[2026-04-03T02:03:56.145+0600][6.694s][info][gc,phases   ] GC(7)   Merge Heap Roots: 0.12ms
[2026-04-03T02:03:56.145+0600][6.694s][info][gc,phases   ] GC(7)   Evacuate Collection Set: 6.48ms
[2026-04-03T02:03:56.145+0600][6.694s][info][gc,phases   ] GC(7)   Post Evacuate Collection Set: 0.96ms
[2026-04-03T02:03:56.145+0600][6.694s][info][gc,phases   ] GC(7)   Other: 0.11ms
[2026-04-03T02:03:56.145+0600][6.694s][info][gc,heap     ] GC(7) Eden regions: 49->0(57)
[2026-04-03T02:03:56.145+0600][6.694s][info][gc,heap     ] GC(7) Survivor regions: 3->4(8)
[2026-04-03T02:03:56.145+0600][6.694s][info][gc,heap     ] GC(7) Old regions: 17->16
[2026-04-03T02:03:56.145+0600][6.694s][info][gc,heap     ] GC(7) Humongous regions: 19->7
[2026-04-03T02:03:56.145+0600][6.694s][info][gc,metaspace] GC(7) Metaspace: 35588K(35968K)->35588K(35968K) NonClass: 31168K(31360K)->31168K(31360K) Class: 4420K(4608K)->4420K(4608K)
[2026-04-03T02:03:56.145+0600][6.695s][info][gc          ] GC(7) Pause Young (Mixed) (Metadata GC Threshold) 85M->26M(102M) 8.147ms
[2026-04-03T02:03:56.145+0600][6.695s][info][gc,cpu      ] GC(7) User=0.02s Sys=0.00s Real=0.01s
[2026-04-03T02:03:56.173+0600][6.722s][info][gc,start    ] GC(8) Pause Young (Concurrent Start) (Metadata GC Threshold)
[2026-04-03T02:03:56.173+0600][6.722s][info][gc,task     ] GC(8) Using 2 workers of 10 for evacuation
[2026-04-03T02:03:56.180+0600][6.729s][info][gc,phases   ] GC(8)   Pre Evacuate Collection Set: 0.17ms
[2026-04-03T02:03:56.180+0600][6.729s][info][gc,phases   ] GC(8)   Merge Heap Roots: 0.06ms
[2026-04-03T02:03:56.180+0600][6.729s][info][gc,phases   ] GC(8)   Evacuate Collection Set: 5.34ms
[2026-04-03T02:03:56.180+0600][6.729s][info][gc,phases   ] GC(8)   Post Evacuate Collection Set: 0.59ms
[2026-04-03T02:03:56.180+0600][6.729s][info][gc,phases   ] GC(8)   Other: 0.17ms
[2026-04-03T02:03:56.180+0600][6.729s][info][gc,heap     ] GC(8) Eden regions: 5->0(57)
[2026-04-03T02:03:56.180+0600][6.729s][info][gc,heap     ] GC(8) Survivor regions: 4->4(8)
[2026-04-03T02:03:56.180+0600][6.729s][info][gc,heap     ] GC(8) Old regions: 16->16
[2026-04-03T02:03:56.180+0600][6.729s][info][gc,heap     ] GC(8) Humongous regions: 7->7
[2026-04-03T02:03:56.180+0600][6.729s][info][gc,metaspace] GC(8) Metaspace: 35954K(36288K)->35954K(36288K) NonClass: 31488K(31680K)->31488K(31680K) Class: 4466K(4608K)->4466K(4608K)
[2026-04-03T02:03:56.180+0600][6.729s][info][gc          ] GC(8) Pause Young (Concurrent Start) (Metadata GC Threshold) 30M->26M(102M) 6.605ms
[2026-04-03T02:03:56.180+0600][6.729s][info][gc,cpu      ] GC(8) User=0.01s Sys=0.00s Real=0.01s
[2026-04-03T02:03:56.180+0600][6.729s][info][gc          ] GC(9) Concurrent Mark Cycle
[2026-04-03T02:03:56.180+0600][6.729s][info][gc,marking  ] GC(9) Concurrent Scan Root Regions
[2026-04-03T02:03:56.182+0600][6.732s][info][gc,marking  ] GC(9) Concurrent Scan Root Regions 2.421ms
[2026-04-03T02:03:56.182+0600][6.732s][info][gc,marking  ] GC(9) Concurrent Mark
[2026-04-03T02:03:56.182+0600][6.732s][info][gc,marking  ] GC(9) Concurrent Mark From Roots
[2026-04-03T02:03:56.182+0600][6.732s][info][gc,task     ] GC(9) Using 3 workers of 3 for marking
[2026-04-03T02:03:56.189+0600][6.738s][info][gc,marking  ] GC(9) Concurrent Mark From Roots 6.449ms
[2026-04-03T02:03:56.189+0600][6.738s][info][gc,marking  ] GC(9) Concurrent Preclean
[2026-04-03T02:03:56.189+0600][6.738s][info][gc,marking  ] GC(9) Concurrent Preclean 0.056ms
[2026-04-03T02:03:56.189+0600][6.738s][info][gc,start    ] GC(9) Pause Remark
[2026-04-03T02:03:56.194+0600][6.744s][info][gc          ] GC(9) Pause Remark 26M->26M(90M) 5.197ms
[2026-04-03T02:03:56.194+0600][6.744s][info][gc,cpu      ] GC(9) User=0.01s Sys=0.00s Real=0.01s
[2026-04-03T02:03:56.194+0600][6.744s][info][gc,marking  ] GC(9) Concurrent Mark 12.126ms
[2026-04-03T02:03:56.194+0600][6.744s][info][gc,marking  ] GC(9) Concurrent Rebuild Remembered Sets and Scrub Regions
[2026-04-03T02:03:56.197+0600][6.746s][info][gc,marking  ] GC(9) Concurrent Rebuild Remembered Sets and Scrub Regions 2.200ms
[2026-04-03T02:03:56.197+0600][6.746s][info][gc,start    ] GC(9) Pause Cleanup
[2026-04-03T02:03:56.197+0600][6.746s][info][gc          ] GC(9) Pause Cleanup 27M->27M(90M) 0.241ms
[2026-04-03T02:03:56.197+0600][6.746s][info][gc,cpu      ] GC(9) User=0.00s Sys=0.00s Real=0.00s
[2026-04-03T02:03:56.197+0600][6.747s][info][gc,marking  ] GC(9) Concurrent Clear Claimed Marks
[2026-04-03T02:03:56.197+0600][6.747s][info][gc,marking  ] GC(9) Concurrent Clear Claimed Marks 0.058ms
[2026-04-03T02:03:56.197+0600][6.747s][info][gc,marking  ] GC(9) Concurrent Cleanup for Next Mark
[2026-04-03T02:03:56.198+0600][6.747s][info][gc,marking  ] GC(9) Concurrent Cleanup for Next Mark 0.289ms
[2026-04-03T02:03:56.198+0600][6.747s][info][gc          ] GC(9) Concurrent Mark Cycle 17.848ms
[2026-04-03T02:03:57.711+0600][8.260s][info][gc,start    ] GC(10) Pause Young (Prepare Mixed) (G1 Evacuation Pause)
[2026-04-03T02:03:57.711+0600][8.260s][info][gc,task     ] GC(10) Using 2 workers of 10 for evacuation
[2026-04-03T02:03:57.723+0600][8.272s][info][gc,phases   ] GC(10)   Pre Evacuate Collection Set: 0.33ms
[2026-04-03T02:03:57.723+0600][8.272s][info][gc,phases   ] GC(10)   Merge Heap Roots: 0.16ms
[2026-04-03T02:03:57.723+0600][8.272s][info][gc,phases   ] GC(10)   Evacuate Collection Set: 10.16ms
[2026-04-03T02:03:57.723+0600][8.272s][info][gc,phases   ] GC(10)   Post Evacuate Collection Set: 0.99ms
[2026-04-03T02:03:57.723+0600][8.272s][info][gc,phases   ] GC(10)   Other: 0.08ms
[2026-04-03T02:03:57.723+0600][8.272s][info][gc,heap     ] GC(10) Eden regions: 50->0(51)
[2026-04-03T02:03:57.723+0600][8.272s][info][gc,heap     ] GC(10) Survivor regions: 4->6(8)
[2026-04-03T02:03:57.723+0600][8.272s][info][gc,heap     ] GC(10) Old regions: 16->16
[2026-04-03T02:03:57.723+0600][8.272s][info][gc,heap     ] GC(10) Humongous regions: 20->8
[2026-04-03T02:03:57.723+0600][8.272s][info][gc,metaspace] GC(10) Metaspace: 42669K(43136K)->42669K(43136K) NonClass: 37372K(37632K)->37372K(37632K) Class: 5296K(5504K)->5296K(5504K)
[2026-04-03T02:03:57.723+0600][8.272s][info][gc          ] GC(10) Pause Young (Prepare Mixed) (G1 Evacuation Pause) 89M->29M(96M) 11.972ms
[2026-04-03T02:03:57.723+0600][8.272s][info][gc,cpu      ] GC(10) User=0.02s Sys=0.00s Real=0.01s
[2026-04-03T02:03:58.176+0600][8.725s][info][gc,start    ] GC(11) Pause Young (Mixed) (G1 Evacuation Pause)
[2026-04-03T02:03:58.176+0600][8.726s][info][gc,task     ] GC(11) Using 2 workers of 10 for evacuation
[2026-04-03T02:03:58.189+0600][8.738s][info][gc,phases   ] GC(11)   Pre Evacuate Collection Set: 0.21ms
[2026-04-03T02:03:58.189+0600][8.738s][info][gc,phases   ] GC(11)   Merge Heap Roots: 0.32ms
[2026-04-03T02:03:58.189+0600][8.738s][info][gc,phases   ] GC(11)   Evacuate Collection Set: 10.47ms
[2026-04-03T02:03:58.189+0600][8.738s][info][gc,phases   ] GC(11)   Post Evacuate Collection Set: 1.19ms
[2026-04-03T02:03:58.189+0600][8.738s][info][gc,phases   ] GC(11)   Other: 0.12ms
[2026-04-03T02:03:58.189+0600][8.738s][info][gc,heap     ] GC(11) Eden regions: 51->0(50)
[2026-04-03T02:03:58.189+0600][8.738s][info][gc,heap     ] GC(11) Survivor regions: 6->7(8)
[2026-04-03T02:03:58.189+0600][8.738s][info][gc,heap     ] GC(11) Old regions: 16->18
[2026-04-03T02:03:58.189+0600][8.738s][info][gc,heap     ] GC(11) Humongous regions: 8->8
[2026-04-03T02:03:58.189+0600][8.738s][info][gc,metaspace] GC(11) Metaspace: 49254K(49728K)->49254K(49728K) NonClass: 43155K(43456K)->43155K(43456K) Class: 6099K(6272K)->6099K(6272K)
[2026-04-03T02:03:58.189+0600][8.738s][info][gc          ] GC(11) Pause Young (Mixed) (G1 Evacuation Pause) 80M->31M(96M) 12.640ms
[2026-04-03T02:03:58.189+0600][8.738s][info][gc,cpu      ] GC(11) User=0.04s Sys=0.00s Real=0.01s
[2026-04-03T02:03:58.273+0600][8.822s][info][gc,start    ] GC(12) Pause Young (Normal) (G1 Evacuation Pause)
[2026-04-03T02:03:58.273+0600][8.822s][info][gc,task     ] GC(12) Using 2 workers of 10 for evacuation
[2026-04-03T02:03:58.287+0600][8.836s][info][gc,phases   ] GC(12)   Pre Evacuate Collection Set: 0.30ms
[2026-04-03T02:03:58.287+0600][8.836s][info][gc,phases   ] GC(12)   Merge Heap Roots: 0.17ms
[2026-04-03T02:03:58.287+0600][8.836s][info][gc,phases   ] GC(12)   Evacuate Collection Set: 12.23ms
[2026-04-03T02:03:58.287+0600][8.836s][info][gc,phases   ] GC(12)   Post Evacuate Collection Set: 1.08ms
[2026-04-03T02:03:58.287+0600][8.836s][info][gc,phases   ] GC(12)   Other: 0.09ms
[2026-04-03T02:03:58.287+0600][8.836s][info][gc,heap     ] GC(12) Eden regions: 50->0(67)
[2026-04-03T02:03:58.287+0600][8.836s][info][gc,heap     ] GC(12) Survivor regions: 7->8(8)
[2026-04-03T02:03:58.287+0600][8.836s][info][gc,heap     ] GC(12) Old regions: 18->21
[2026-04-03T02:03:58.287+0600][8.836s][info][gc,heap     ] GC(12) Humongous regions: 8->8
[2026-04-03T02:03:58.287+0600][8.836s][info][gc,metaspace] GC(12) Metaspace: 49258K(49728K)->49258K(49728K) NonClass: 43158K(43456K)->43158K(43456K) Class: 6099K(6272K)->6099K(6272K)
[2026-04-03T02:03:58.287+0600][8.836s][info][gc          ] GC(12) Pause Young (Normal) (G1 Evacuation Pause) 81M->36M(125M) 14.179ms
[2026-04-03T02:03:58.287+0600][8.836s][info][gc,cpu      ] GC(12) User=0.05s Sys=0.00s Real=0.01s
[2026-04-03T02:03:58.370+0600][8.919s][info][gc,start    ] GC(13) Pause Young (Normal) (G1 Evacuation Pause)
[2026-04-03T02:03:58.370+0600][8.919s][info][gc,task     ] GC(13) Using 3 workers of 10 for evacuation
[2026-04-03T02:03:58.378+0600][8.927s][info][gc,phases   ] GC(13)   Pre Evacuate Collection Set: 0.44ms
[2026-04-03T02:03:58.378+0600][8.927s][info][gc,phases   ] GC(13)   Merge Heap Roots: 0.21ms
[2026-04-03T02:03:58.378+0600][8.927s][info][gc,phases   ] GC(13)   Evacuate Collection Set: 6.72ms
[2026-04-03T02:03:58.378+0600][8.927s][info][gc,phases   ] GC(13)   Post Evacuate Collection Set: 0.58ms
[2026-04-03T02:03:58.378+0600][8.927s][info][gc,phases   ] GC(13)   Other: 0.10ms
[2026-04-03T02:03:58.378+0600][8.927s][info][gc,heap     ] GC(13) Eden regions: 67->0(65)
[2026-04-03T02:03:58.378+0600][8.927s][info][gc,heap     ] GC(13) Survivor regions: 8->10(10)
[2026-04-03T02:03:58.378+0600][8.927s][info][gc,heap     ] GC(13) Old regions: 21->24
[2026-04-03T02:03:58.378+0600][8.927s][info][gc,heap     ] GC(13) Humongous regions: 8->8
[2026-04-03T02:03:58.378+0600][8.927s][info][gc,metaspace] GC(13) Metaspace: 49258K(49728K)->49258K(49728K) NonClass: 43158K(43456K)->43158K(43456K) Class: 6099K(6272K)->6099K(6272K)
[2026-04-03T02:03:58.378+0600][8.927s][info][gc          ] GC(13) Pause Young (Normal) (G1 Evacuation Pause) 103M->41M(125M) 8.341ms
[2026-04-03T02:03:58.378+0600][8.928s][info][gc,cpu      ] GC(13) User=0.02s Sys=0.00s Real=0.00s
[2026-04-03T02:03:58.452+0600][9.001s][info][gc,start    ] GC(14) Pause Young (Normal) (G1 Evacuation Pause)
[2026-04-03T02:03:58.452+0600][9.002s][info][gc,task     ] GC(14) Using 3 workers of 10 for evacuation
[2026-04-03T02:03:58.462+0600][9.011s][info][gc,phases   ] GC(14)   Pre Evacuate Collection Set: 0.29ms
[2026-04-03T02:03:58.462+0600][9.011s][info][gc,phases   ] GC(14)   Merge Heap Roots: 0.15ms
[2026-04-03T02:03:58.462+0600][9.011s][info][gc,phases   ] GC(14)   Evacuate Collection Set: 8.47ms
[2026-04-03T02:03:58.462+0600][9.011s][info][gc,phases   ] GC(14)   Post Evacuate Collection Set: 0.71ms
[2026-04-03T02:03:58.462+0600][9.011s][info][gc,phases   ] GC(14)   Other: 0.09ms
[2026-04-03T02:03:58.462+0600][9.011s][info][gc,heap     ] GC(14) Eden regions: 65->0(64)
[2026-04-03T02:03:58.462+0600][9.011s][info][gc,heap     ] GC(14) Survivor regions: 10->6(10)
[2026-04-03T02:03:58.462+0600][9.011s][info][gc,heap     ] GC(14) Old regions: 24->34
[2026-04-03T02:03:58.462+0600][9.011s][info][gc,heap     ] GC(14) Humongous regions: 8->8
[2026-04-03T02:03:58.462+0600][9.011s][info][gc,metaspace] GC(14) Metaspace: 49258K(49728K)->49258K(49728K) NonClass: 43158K(43456K)->43158K(43456K) Class: 6099K(6272K)->6099K(6272K)
[2026-04-03T02:03:58.462+0600][9.011s][info][gc          ] GC(14) Pause Young (Normal) (G1 Evacuation Pause) 106M->48M(125M) 9.982ms
[2026-04-03T02:03:58.462+0600][9.011s][info][gc,cpu      ] GC(14) User=0.03s Sys=0.00s Real=0.01s
[2026-04-03T02:03:58.525+0600][9.075s][info][gc,start    ] GC(15) Pause Young (Normal) (G1 Evacuation Pause)
[2026-04-03T02:03:58.525+0600][9.075s][info][gc,task     ] GC(15) Using 3 workers of 10 for evacuation
[2026-04-03T02:03:58.532+0600][9.081s][info][gc,phases   ] GC(15)   Pre Evacuate Collection Set: 0.13ms
[2026-04-03T02:03:58.532+0600][9.081s][info][gc,phases   ] GC(15)   Merge Heap Roots: 0.19ms
[2026-04-03T02:03:58.532+0600][9.081s][info][gc,phases   ] GC(15)   Evacuate Collection Set: 5.65ms
[2026-04-03T02:03:58.532+0600][9.081s][info][gc,phases   ] GC(15)   Post Evacuate Collection Set: 0.68ms
[2026-04-03T02:03:58.532+0600][9.082s][info][gc,phases   ] GC(15)   Other: 0.09ms
[2026-04-03T02:03:58.532+0600][9.082s][info][gc,heap     ] GC(15) Eden regions: 64->0(58)
[2026-04-03T02:03:58.532+0600][9.082s][info][gc,heap     ] GC(15) Survivor regions: 6->6(9)
[2026-04-03T02:03:58.532+0600][9.082s][info][gc,heap     ] GC(15) Old regions: 34->41
[2026-04-03T02:03:58.532+0600][9.082s][info][gc,heap     ] GC(15) Humongous regions: 8->8
[2026-04-03T02:03:58.532+0600][9.082s][info][gc,metaspace] GC(15) Metaspace: 49258K(49728K)->49258K(49728K) NonClass: 43158K(43456K)->43158K(43456K) Class: 6099K(6272K)->6099K(6272K)
[2026-04-03T02:03:58.532+0600][9.082s][info][gc          ] GC(15) Pause Young (Normal) (G1 Evacuation Pause) 112M->54M(125M) 6.988ms
[2026-04-03T02:03:58.532+0600][9.082s][info][gc,cpu      ] GC(15) User=0.02s Sys=0.00s Real=0.01s
[2026-04-03T02:03:58.589+0600][9.138s][info][gc,start    ] GC(16) Pause Young (Normal) (G1 Evacuation Pause)
[2026-04-03T02:03:58.589+0600][9.138s][info][gc,task     ] GC(16) Using 3 workers of 10 for evacuation
[2026-04-03T02:03:58.597+0600][9.146s][info][gc,phases   ] GC(16)   Pre Evacuate Collection Set: 0.30ms
[2026-04-03T02:03:58.597+0600][9.146s][info][gc,phases   ] GC(16)   Merge Heap Roots: 0.14ms
[2026-04-03T02:03:58.597+0600][9.146s][info][gc,phases   ] GC(16)   Evacuate Collection Set: 5.75ms
[2026-04-03T02:03:58.597+0600][9.146s][info][gc,phases   ] GC(16)   Post Evacuate Collection Set: 1.63ms
[2026-04-03T02:03:58.597+0600][9.146s][info][gc,phases   ] GC(16)   Other: 0.11ms
[2026-04-03T02:03:58.597+0600][9.146s][info][gc,heap     ] GC(16) Eden regions: 58->0(144)
[2026-04-03T02:03:58.597+0600][9.146s][info][gc,heap     ] GC(16) Survivor regions: 6->6(8)
[2026-04-03T02:03:58.597+0600][9.146s][info][gc,heap     ] GC(16) Old regions: 41->47
[2026-04-03T02:03:58.597+0600][9.146s][info][gc,heap     ] GC(16) Humongous regions: 8->8
[2026-04-03T02:03:58.597+0600][9.146s][info][gc,metaspace] GC(16) Metaspace: 49258K(49728K)->49258K(49728K) NonClass: 43158K(43456K)->43158K(43456K) Class: 6099K(6272K)->6099K(6272K)
[2026-04-03T02:03:58.597+0600][9.146s][info][gc          ] GC(16) Pause Young (Normal) (G1 Evacuation Pause) 112M->60M(250M) 8.215ms
[2026-04-03T02:03:58.597+0600][9.146s][info][gc,cpu      ] GC(16) User=0.02s Sys=0.00s Real=0.01s
[2026-04-03T02:03:58.793+0600][9.342s][info][gc,start    ] GC(17) Pause Young (Normal) (G1 Evacuation Pause)
[2026-04-03T02:03:58.793+0600][9.342s][info][gc,task     ] GC(17) Using 6 workers of 10 for evacuation
[2026-04-03T02:03:58.800+0600][9.349s][info][gc,phases   ] GC(17)   Pre Evacuate Collection Set: 0.35ms
[2026-04-03T02:03:58.800+0600][9.349s][info][gc,phases   ] GC(17)   Merge Heap Roots: 0.16ms
[2026-04-03T02:03:58.800+0600][9.349s][info][gc,phases   ] GC(17)   Evacuate Collection Set: 5.29ms
[2026-04-03T02:03:58.800+0600][9.349s][info][gc,phases   ] GC(17)   Post Evacuate Collection Set: 0.77ms
[2026-04-03T02:03:58.800+0600][9.349s][info][gc,phases   ] GC(17)   Other: 0.17ms
[2026-04-03T02:03:58.800+0600][9.349s][info][gc,heap     ] GC(17) Eden regions: 144->0(132)
[2026-04-03T02:03:58.800+0600][9.349s][info][gc,heap     ] GC(17) Survivor regions: 6->18(19)
[2026-04-03T02:03:58.800+0600][9.349s][info][gc,heap     ] GC(17) Old regions: 47->47
[2026-04-03T02:03:58.800+0600][9.349s][info][gc,heap     ] GC(17) Humongous regions: 8->8
[2026-04-03T02:03:58.800+0600][9.349s][info][gc,metaspace] GC(17) Metaspace: 49258K(49728K)->49258K(49728K) NonClass: 43158K(43456K)->43158K(43456K) Class: 6099K(6272K)->6099K(6272K)
[2026-04-03T02:03:58.800+0600][9.349s][info][gc          ] GC(17) Pause Young (Normal) (G1 Evacuation Pause) 204M->71M(250M) 7.124ms
[2026-04-03T02:03:58.800+0600][9.350s][info][gc,cpu      ] GC(17) User=0.03s Sys=0.00s Real=0.01s
[2026-04-03T02:03:58.921+0600][9.470s][info][gc,start    ] GC(18) Pause Young (Normal) (G1 Evacuation Pause)
[2026-04-03T02:03:58.921+0600][9.470s][info][gc,task     ] GC(18) Using 6 workers of 10 for evacuation
[2026-04-03T02:03:58.931+0600][9.480s][info][gc,phases   ] GC(18)   Pre Evacuate Collection Set: 0.28ms
[2026-04-03T02:03:58.944+0600][9.494s][info][gc,phases   ] GC(18)   Merge Heap Roots: 0.16ms
[2026-04-03T02:03:58.945+0600][9.494s][info][gc,phases   ] GC(18)   Evacuate Collection Set: 8.13ms
[2026-04-03T02:03:58.945+0600][9.494s][info][gc,phases   ] GC(18)   Post Evacuate Collection Set: 0.87ms
[2026-04-03T02:03:58.945+0600][9.494s][info][gc,phases   ] GC(18)   Other: 0.09ms
[2026-04-03T02:03:58.945+0600][9.494s][info][gc,heap     ] GC(18) Eden regions: 132->0(138)
[2026-04-03T02:03:58.945+0600][9.494s][info][gc,heap     ] GC(18) Survivor regions: 18->12(19)
[2026-04-03T02:03:58.945+0600][9.494s][info][gc,heap     ] GC(18) Old regions: 47->64
[2026-04-03T02:03:58.945+0600][9.494s][info][gc,heap     ] GC(18) Humongous regions: 8->8
[2026-04-03T02:03:58.945+0600][9.494s][info][gc,metaspace] GC(18) Metaspace: 49258K(49728K)->49258K(49728K) NonClass: 43158K(43456K)->43158K(43456K) Class: 6099K(6272K)->6099K(6272K)
[2026-04-03T02:03:58.945+0600][9.494s][info][gc          ] GC(18) Pause Young (Normal) (G1 Evacuation Pause) 203M->84M(250M) 23.730ms
[2026-04-03T02:03:58.945+0600][9.494s][info][gc,cpu      ] GC(18) User=0.05s Sys=0.00s Real=0.02s
[2026-04-03T02:03:59.078+0600][9.627s][info][gc,start    ] GC(19) Pause Young (Normal) (G1 Evacuation Pause)
[2026-04-03T02:03:59.078+0600][9.627s][info][gc,task     ] GC(19) Using 6 workers of 10 for evacuation
[2026-04-03T02:03:59.085+0600][9.635s][info][gc,phases   ] GC(19)   Pre Evacuate Collection Set: 0.31ms
[2026-04-03T02:03:59.085+0600][9.635s][info][gc,phases   ] GC(19)   Merge Heap Roots: 0.12ms
[2026-04-03T02:03:59.085+0600][9.635s][info][gc,phases   ] GC(19)   Evacuate Collection Set: 6.34ms
[2026-04-03T02:03:59.085+0600][9.635s][info][gc,phases   ] GC(19)   Post Evacuate Collection Set: 0.71ms
[2026-04-03T02:03:59.085+0600][9.635s][info][gc,phases   ] GC(19)   Other: 0.08ms
[2026-04-03T02:03:59.085+0600][9.635s][info][gc,heap     ] GC(19) Eden regions: 138->0(127)
[2026-04-03T02:03:59.085+0600][9.635s][info][gc,heap     ] GC(19) Survivor regions: 12->13(19)
[2026-04-03T02:03:59.086+0600][9.635s][info][gc,heap     ] GC(19) Old regions: 64->76
[2026-04-03T02:03:59.086+0600][9.635s][info][gc,heap     ] GC(19) Humongous regions: 8->8
[2026-04-03T02:03:59.086+0600][9.635s][info][gc,metaspace] GC(19) Metaspace: 49258K(49728K)->49258K(49728K) NonClass: 43158K(43456K)->43158K(43456K) Class: 6099K(6272K)->6099K(6272K)
[2026-04-03T02:03:59.086+0600][9.635s][info][gc          ] GC(19) Pause Young (Normal) (G1 Evacuation Pause) 222M->95M(250M) 7.861ms
[2026-04-03T02:03:59.086+0600][9.635s][info][gc,cpu      ] GC(19) User=0.04s Sys=0.00s Real=0.01s
[2026-04-03T02:03:59.205+0600][9.754s][info][gc,start    ] GC(20) Pause Young (Normal) (G1 Evacuation Pause)
[2026-04-03T02:03:59.205+0600][9.754s][info][gc,task     ] GC(20) Using 6 workers of 10 for evacuation
[2026-04-03T02:03:59.214+0600][9.764s][info][gc,phases   ] GC(20)   Pre Evacuate Collection Set: 0.36ms
[2026-04-03T02:03:59.214+0600][9.764s][info][gc,phases   ] GC(20)   Merge Heap Roots: 0.32ms
[2026-04-03T02:03:59.214+0600][9.764s][info][gc,phases   ] GC(20)   Evacuate Collection Set: 6.08ms
[2026-04-03T02:03:59.214+0600][9.764s][info][gc,phases   ] GC(20)   Post Evacuate Collection Set: 2.30ms
[2026-04-03T02:03:59.214+0600][9.764s][info][gc,phases   ] GC(20)   Other: 0.07ms
[2026-04-03T02:03:59.214+0600][9.764s][info][gc,heap     ] GC(20) Eden regions: 127->0(235)
[2026-04-03T02:03:59.214+0600][9.764s][info][gc,heap     ] GC(20) Survivor regions: 13->12(18)
[2026-04-03T02:03:59.214+0600][9.764s][info][gc,heap     ] GC(20) Old regions: 76->88
[2026-04-03T02:03:59.214+0600][9.764s][info][gc,heap     ] GC(20) Humongous regions: 8->8
[2026-04-03T02:03:59.214+0600][9.764s][info][gc,metaspace] GC(20) Metaspace: 49258K(49728K)->49258K(49728K) NonClass: 43158K(43456K)->43158K(43456K) Class: 6099K(6272K)->6099K(6272K)
[2026-04-03T02:03:59.214+0600][9.764s][info][gc          ] GC(20) Pause Young (Normal) (G1 Evacuation Pause) 222M->107M(413M) 9.375ms
[2026-04-03T02:03:59.214+0600][9.764s][info][gc,cpu      ] GC(20) User=0.04s Sys=0.01s Real=0.01s
[2026-04-03T02:03:59.509+0600][10.058s][info][gc,start    ] GC(21) Pause Young (Normal) (G1 Evacuation Pause)
[2026-04-03T02:03:59.509+0600][10.059s][info][gc,task     ] GC(21) Using 9 workers of 10 for evacuation
[2026-04-03T02:03:59.517+0600][10.066s][info][gc,phases   ] GC(21)   Pre Evacuate Collection Set: 0.37ms
[2026-04-03T02:03:59.517+0600][10.066s][info][gc,phases   ] GC(21)   Merge Heap Roots: 0.19ms
[2026-04-03T02:03:59.517+0600][10.066s][info][gc,phases   ] GC(21)   Evacuate Collection Set: 6.46ms
[2026-04-03T02:03:59.517+0600][10.066s][info][gc,phases   ] GC(21)   Post Evacuate Collection Set: 0.52ms
[2026-04-03T02:03:59.517+0600][10.066s][info][gc,phases   ] GC(21)   Other: 0.14ms
[2026-04-03T02:03:59.517+0600][10.066s][info][gc,heap     ] GC(21) Eden regions: 235->0(216)
[2026-04-03T02:03:59.517+0600][10.066s][info][gc,heap     ] GC(21) Survivor regions: 12->31(31)
[2026-04-03T02:03:59.517+0600][10.066s][info][gc,heap     ] GC(21) Old regions: 88->89
[2026-04-03T02:03:59.517+0600][10.066s][info][gc,heap     ] GC(21) Humongous regions: 8->8
[2026-04-03T02:03:59.517+0600][10.066s][info][gc,metaspace] GC(21) Metaspace: 49258K(49728K)->49258K(49728K) NonClass: 43158K(43456K)->43158K(43456K) Class: 6099K(6272K)->6099K(6272K)
[2026-04-03T02:03:59.517+0600][10.066s][info][gc          ] GC(21) Pause Young (Normal) (G1 Evacuation Pause) 342M->127M(413M) 7.930ms
[2026-04-03T02:03:59.517+0600][10.066s][info][gc,cpu      ] GC(21) User=0.06s Sys=0.00s Real=0.01s
[2026-04-03T02:04:01.552+0600][12.102s][info][gc,start    ] GC(22) Pause Full (System.gc())
[2026-04-03T02:04:01.553+0600][12.102s][info][gc,task     ] GC(22) Using 9 workers of 10 for full compaction
[2026-04-03T02:04:01.553+0600][12.102s][info][gc,phases,start] GC(22) Phase 1: Mark live objects
[2026-04-03T02:04:01.563+0600][12.113s][info][gc,phases      ] GC(22) Phase 1: Mark live objects 10.466ms
[2026-04-03T02:04:01.564+0600][12.113s][info][gc,phases,start] GC(22) Phase 2: Prepare compaction
[2026-04-03T02:04:01.565+0600][12.114s][info][gc,phases      ] GC(22) Phase 2: Prepare compaction 1.474ms
[2026-04-03T02:04:01.565+0600][12.114s][info][gc,phases,start] GC(22) Phase 3: Adjust pointers
[2026-04-03T02:04:01.571+0600][12.120s][info][gc,phases      ] GC(22) Phase 3: Adjust pointers 6.161ms
[2026-04-03T02:04:01.571+0600][12.121s][info][gc,phases,start] GC(22) Phase 4: Compact heap
[2026-04-03T02:04:01.573+0600][12.122s][info][gc,phases      ] GC(22) Phase 4: Compact heap 1.606ms
[2026-04-03T02:04:01.573+0600][12.122s][info][gc,phases,start] GC(22) Phase 5: Reset Metadata
[2026-04-03T02:04:01.574+0600][12.123s][info][gc,phases      ] GC(22) Phase 5: Reset Metadata 1.203ms
[2026-04-03T02:04:01.581+0600][12.131s][info][gc,heap        ] GC(22) Eden regions: 170->0(68)
[2026-04-03T02:04:01.581+0600][12.131s][info][gc,heap        ] GC(22) Survivor regions: 31->0(31)
[2026-04-03T02:04:01.581+0600][12.131s][info][gc,heap        ] GC(22) Old regions: 89->27
[2026-04-03T02:04:01.581+0600][12.131s][info][gc,heap        ] GC(22) Humongous regions: 27->8
[2026-04-03T02:04:01.581+0600][12.131s][info][gc,metaspace   ] GC(22) Metaspace: 55457K(55936K)->55457K(55936K) NonClass: 48493K(48768K)->48493K(48768K) Class: 6964K(7168K)->6964K(7168K)
[2026-04-03T02:04:01.581+0600][12.131s][info][gc             ] GC(22) Pause Full (System.gc()) 316M->29M(117M) 28.994ms
[2026-04-03T02:04:01.582+0600][12.131s][info][gc,cpu         ] GC(22) User=0.11s Sys=0.04s Real=0.03s
[2026-04-03T02:04:03.320+0600][13.870s][info][gc,start       ] GC(23) Pause Young (Concurrent Start) (G1 Humongous Allocation)
[2026-04-03T02:04:03.321+0600][13.870s][info][gc,task        ] GC(23) Using 5 workers of 10 for evacuation
[2026-04-03T02:04:03.325+0600][13.874s][info][gc,phases      ] GC(23)   Pre Evacuate Collection Set: 1.17ms
[2026-04-03T02:04:03.325+0600][13.874s][info][gc,phases      ] GC(23)   Merge Heap Roots: 0.35ms
[2026-04-03T02:04:03.325+0600][13.874s][info][gc,phases      ] GC(23)   Evacuate Collection Set: 2.33ms
[2026-04-03T02:04:03.325+0600][13.874s][info][gc,phases      ] GC(23)   Post Evacuate Collection Set: 0.56ms
[2026-04-03T02:04:03.325+0600][13.874s][info][gc,phases      ] GC(23)   Other: 0.16ms
[2026-04-03T02:04:03.325+0600][13.874s][info][gc,heap        ] GC(23) Eden regions: 46->0(65)
[2026-04-03T02:04:03.325+0600][13.874s][info][gc,heap        ] GC(23) Survivor regions: 0->4(9)
[2026-04-03T02:04:03.325+0600][13.874s][info][gc,heap        ] GC(23) Old regions: 27->27
[2026-04-03T02:04:03.325+0600][13.874s][info][gc,heap        ] GC(23) Humongous regions: 25->8
[2026-04-03T02:04:03.325+0600][13.874s][info][gc,metaspace   ] GC(23) Metaspace: 60553K(61248K)->60553K(61248K) NonClass: 52866K(53248K)->52866K(53248K) Class: 7687K(8000K)->7687K(8000K)
[2026-04-03T02:04:03.325+0600][13.874s][info][gc             ] GC(23) Pause Young (Concurrent Start) (G1 Humongous Allocation) 92M->33M(117M) 4.789ms
[2026-04-03T02:04:03.325+0600][13.875s][info][gc,cpu         ] GC(23) User=0.01s Sys=0.00s Real=0.00s
[2026-04-03T02:04:03.325+0600][13.875s][info][gc             ] GC(24) Concurrent Undo Cycle
[2026-04-03T02:04:03.325+0600][13.875s][info][gc,marking     ] GC(24) Concurrent Clear Claimed Marks
[2026-04-03T02:04:03.325+0600][13.875s][info][gc,marking     ] GC(24) Concurrent Clear Claimed Marks 0.079ms
[2026-04-03T02:04:03.325+0600][13.875s][info][gc,marking     ] GC(24) Concurrent Cleanup for Next Mark
[2026-04-03T02:04:03.326+0600][13.875s][info][gc,marking     ] GC(24) Concurrent Cleanup for Next Mark 0.140ms
[2026-04-03T02:04:03.326+0600][13.875s][info][gc             ] GC(24) Concurrent Undo Cycle 0.394ms
[2026-04-03T02:04:03.666+0600][14.215s][info][gc,start       ] GC(25) Pause Young (Normal) (G1 Evacuation Pause)
[2026-04-03T02:04:03.666+0600][14.215s][info][gc,task        ] GC(25) Using 3 workers of 10 for evacuation
[2026-04-03T02:04:03.673+0600][14.223s][info][gc,phases      ] GC(25)   Pre Evacuate Collection Set: 0.25ms
[2026-04-03T02:04:03.673+0600][14.223s][info][gc,phases      ] GC(25)   Merge Heap Roots: 0.09ms
[2026-04-03T02:04:03.673+0600][14.223s][info][gc,phases      ] GC(25)   Evacuate Collection Set: 5.99ms
[2026-04-03T02:04:03.673+0600][14.223s][info][gc,phases      ] GC(25)   Post Evacuate Collection Set: 0.80ms
[2026-04-03T02:04:03.673+0600][14.223s][info][gc,phases      ] GC(25)   Other: 0.10ms
[2026-04-03T02:04:03.673+0600][14.223s][info][gc,heap        ] GC(25) Eden regions: 65->0(63)
[2026-04-03T02:04:03.673+0600][14.223s][info][gc,heap        ] GC(25) Survivor regions: 4->7(9)
[2026-04-03T02:04:03.673+0600][14.223s][info][gc,heap        ] GC(25) Old regions: 27->27
[2026-04-03T02:04:03.673+0600][14.223s][info][gc,heap        ] GC(25) Humongous regions: 10->8
[2026-04-03T02:04:03.674+0600][14.223s][info][gc,metaspace   ] GC(25) Metaspace: 61605K(62272K)->61605K(62272K) NonClass: 53880K(54272K)->53880K(54272K) Class: 7725K(8000K)->7725K(8000K)
[2026-04-03T02:04:03.674+0600][14.223s][info][gc             ] GC(25) Pause Young (Normal) (G1 Evacuation Pause) 100M->36M(117M) 7.515ms
[2026-04-03T02:04:03.674+0600][14.223s][info][gc,cpu         ] GC(25) User=0.03s Sys=0.00s Real=0.01s
[2026-04-03T02:04:03.804+0600][14.353s][info][gc,start       ] GC(26) Pause Young (Normal) (G1 Evacuation Pause)
[2026-04-03T02:04:03.804+0600][14.353s][info][gc,task        ] GC(26) Using 2 workers of 10 for evacuation
[2026-04-03T02:04:03.818+0600][14.368s][info][gc,phases      ] GC(26)   Pre Evacuate Collection Set: 0.25ms
[2026-04-03T02:04:03.819+0600][14.368s][info][gc,phases      ] GC(26)   Merge Heap Roots: 0.11ms
[2026-04-03T02:04:03.819+0600][14.368s][info][gc,phases      ] GC(26)   Evacuate Collection Set: 13.42ms
[2026-04-03T02:04:03.819+0600][14.368s][info][gc,phases      ] GC(26)   Post Evacuate Collection Set: 0.57ms
[2026-04-03T02:04:03.819+0600][14.368s][info][gc,phases      ] GC(26)   Other: 0.09ms
[2026-04-03T02:04:03.819+0600][14.368s][info][gc,heap        ] GC(26) Eden regions: 63->0(59)
[2026-04-03T02:04:03.819+0600][14.368s][info][gc,heap        ] GC(26) Survivor regions: 7->9(9)
[2026-04-03T02:04:03.819+0600][14.368s][info][gc,heap        ] GC(26) Old regions: 27->30
[2026-04-03T02:04:03.819+0600][14.368s][info][gc,heap        ] GC(26) Humongous regions: 9->9
[2026-04-03T02:04:03.819+0600][14.368s][info][gc,metaspace   ] GC(26) Metaspace: 61632K(62336K)->61632K(62336K) NonClass: 53907K(54336K)->53907K(54336K) Class: 7725K(8000K)->7725K(8000K)
[2026-04-03T02:04:03.819+0600][14.368s][info][gc             ] GC(26) Pause Young (Normal) (G1 Evacuation Pause) 100M->42M(118M) 14.685ms
[2026-04-03T02:04:03.819+0600][14.368s][info][gc,cpu         ] GC(26) User=0.04s Sys=0.00s Real=0.01s
[2026-04-03T02:04:03.877+0600][14.426s][info][gc,start       ] GC(27) Pause Young (Normal) (G1 Evacuation Pause)
[2026-04-03T02:04:03.877+0600][14.426s][info][gc,task        ] GC(27) Using 2 workers of 10 for evacuation
[2026-04-03T02:04:03.919+0600][14.468s][info][gc,phases      ] GC(27)   Pre Evacuate Collection Set: 0.45ms
[2026-04-03T02:04:03.919+0600][14.468s][info][gc,phases      ] GC(27)   Merge Heap Roots: 0.12ms
[2026-04-03T02:04:03.919+0600][14.468s][info][gc,phases      ] GC(27)   Evacuate Collection Set: 40.60ms
[2026-04-03T02:04:03.919+0600][14.468s][info][gc,phases      ] GC(27)   Post Evacuate Collection Set: 0.82ms
[2026-04-03T02:04:03.919+0600][14.469s][info][gc,phases      ] GC(27)   Other: 0.08ms
[2026-04-03T02:04:03.919+0600][14.469s][info][gc,heap        ] GC(27) Eden regions: 59->0(108)
[2026-04-03T02:04:03.919+0600][14.469s][info][gc,heap        ] GC(27) Survivor regions: 9->6(9)
[2026-04-03T02:04:03.919+0600][14.469s][info][gc,heap        ] GC(27) Old regions: 30->39
[2026-04-03T02:04:03.919+0600][14.469s][info][gc,heap        ] GC(27) Humongous regions: 11->11
[2026-04-03T02:04:03.919+0600][14.469s][info][gc,metaspace   ] GC(27) Metaspace: 61638K(62336K)->61638K(62336K) NonClass: 53912K(54336K)->53912K(54336K) Class: 7725K(8000K)->7725K(8000K)
[2026-04-03T02:04:03.919+0600][14.469s][info][gc             ] GC(27) Pause Young (Normal) (G1 Evacuation Pause) 103M->49M(191M) 42.293ms
[2026-04-03T02:04:03.919+0600][14.469s][info][gc,cpu         ] GC(27) User=0.09s Sys=0.00s Real=0.04s
[2026-04-03T02:04:04.040+0600][14.589s][info][gc,start       ] GC(28) Pause Young (Normal) (G1 Evacuation Pause)
[2026-04-03T02:04:04.040+0600][14.589s][info][gc,task        ] GC(28) Using 4 workers of 10 for evacuation
[2026-04-03T02:04:04.048+0600][14.598s][info][gc,phases      ] GC(28)   Pre Evacuate Collection Set: 0.39ms
[2026-04-03T02:04:04.063+0600][14.612s][info][gc,phases      ] GC(28)   Merge Heap Roots: 0.07ms
[2026-04-03T02:04:04.063+0600][14.612s][info][gc,phases      ] GC(28)   Evacuate Collection Set: 7.39ms
[2026-04-03T02:04:04.063+0600][14.612s][info][gc,phases      ] GC(28)   Post Evacuate Collection Set: 0.72ms
[2026-04-03T02:04:04.063+0600][14.612s][info][gc,phases      ] GC(28)   Other: 0.08ms
[2026-04-03T02:04:04.063+0600][14.613s][info][gc,heap        ] GC(28) Eden regions: 108->0(99)
[2026-04-03T02:04:04.063+0600][14.613s][info][gc,heap        ] GC(28) Survivor regions: 6->15(15)
[2026-04-03T02:04:04.063+0600][14.613s][info][gc,heap        ] GC(28) Old regions: 39->39
[2026-04-03T02:04:04.063+0600][14.613s][info][gc,heap        ] GC(28) Humongous regions: 11->11
[2026-04-03T02:04:04.063+0600][14.613s][info][gc,metaspace   ] GC(28) Metaspace: 61649K(62336K)->61649K(62336K) NonClass: 53923K(54336K)->53923K(54336K) Class: 7725K(8000K)->7725K(8000K)
[2026-04-03T02:04:04.063+0600][14.613s][info][gc             ] GC(28) Pause Young (Normal) (G1 Evacuation Pause) 157M->59M(191M) 23.792ms
[2026-04-03T02:04:04.063+0600][14.613s][info][gc,cpu         ] GC(28) User=0.03s Sys=0.00s Real=0.03s
[2026-04-03T02:04:04.128+0600][14.678s][info][gc,start       ] GC(29) Pause Young (Normal) (G1 Evacuation Pause)
[2026-04-03T02:04:04.128+0600][14.678s][info][gc,task        ] GC(29) Using 4 workers of 10 for evacuation
[2026-04-03T02:04:04.144+0600][14.693s][info][gc,phases      ] GC(29)   Pre Evacuate Collection Set: 0.36ms
[2026-04-03T02:04:04.144+0600][14.693s][info][gc,phases      ] GC(29)   Merge Heap Roots: 0.28ms
[2026-04-03T02:04:04.144+0600][14.693s][info][gc,phases      ] GC(29)   Evacuate Collection Set: 13.97ms
[2026-04-03T02:04:04.144+0600][14.693s][info][gc,phases      ] GC(29)   Post Evacuate Collection Set: 0.69ms
[2026-04-03T02:04:04.144+0600][14.693s][info][gc,phases      ] GC(29)   Other: 0.08ms
[2026-04-03T02:04:04.144+0600][14.693s][info][gc,heap        ] GC(29) Eden regions: 99->0(95)
[2026-04-03T02:04:04.144+0600][14.693s][info][gc,heap        ] GC(29) Survivor regions: 15->10(15)
[2026-04-03T02:04:04.144+0600][14.693s][info][gc,heap        ] GC(29) Old regions: 39->53
[2026-04-03T02:04:04.144+0600][14.693s][info][gc,heap        ] GC(29) Humongous regions: 14->14
[2026-04-03T02:04:04.144+0600][14.693s][info][gc,metaspace   ] GC(29) Metaspace: 61655K(62336K)->61655K(62336K) NonClass: 53930K(54336K)->53930K(54336K) Class: 7725K(8000K)->7725K(8000K)
[2026-04-03T02:04:04.144+0600][14.693s][info][gc             ] GC(29) Pause Young (Normal) (G1 Evacuation Pause) 161M->70M(191M) 15.600ms
[2026-04-03T02:04:04.144+0600][14.693s][info][gc,cpu         ] GC(29) User=0.06s Sys=0.00s Real=0.02s
[2026-04-03T02:04:04.199+0600][14.748s][info][gc,start       ] GC(30) Pause Young (Normal) (G1 Evacuation Pause)
[2026-04-03T02:04:04.199+0600][14.749s][info][gc,task        ] GC(30) Using 4 workers of 10 for evacuation
[2026-04-03T02:04:04.209+0600][14.758s][info][gc,phases      ] GC(30)   Pre Evacuate Collection Set: 0.24ms
[2026-04-03T02:04:04.209+0600][14.758s][info][gc,phases      ] GC(30)   Merge Heap Roots: 0.05ms
[2026-04-03T02:04:04.209+0600][14.758s][info][gc,phases      ] GC(30)   Evacuate Collection Set: 8.50ms
[2026-04-03T02:04:04.209+0600][14.758s][info][gc,phases      ] GC(30)   Post Evacuate Collection Set: 0.48ms
[2026-04-03T02:04:04.209+0600][14.758s][info][gc,phases      ] GC(30)   Other: 0.08ms
[2026-04-03T02:04:04.209+0600][14.758s][info][gc,heap        ] GC(30) Eden regions: 95->0(88)
[2026-04-03T02:04:04.209+0600][14.758s][info][gc,heap        ] GC(30) Survivor regions: 10->9(14)
[2026-04-03T02:04:04.209+0600][14.758s][info][gc,heap        ] GC(30) Old regions: 53->62
[2026-04-03T02:04:04.209+0600][14.758s][info][gc,heap        ] GC(30) Humongous regions: 14->14
[2026-04-03T02:04:04.209+0600][14.758s][info][gc,metaspace   ] GC(30) Metaspace: 61664K(62336K)->61664K(62336K) NonClass: 53938K(54336K)->53938K(54336K) Class: 7725K(8000K)->7725K(8000K)
[2026-04-03T02:04:04.209+0600][14.758s][info][gc             ] GC(30) Pause Young (Normal) (G1 Evacuation Pause) 165M->79M(191M) 9.591ms
[2026-04-03T02:04:04.209+0600][14.758s][info][gc,cpu         ] GC(30) User=0.04s Sys=0.00s Real=0.01s
[2026-04-03T02:04:04.257+0600][14.807s][info][gc,start       ] GC(31) Pause Young (Normal) (G1 Evacuation Pause)
[2026-04-03T02:04:04.257+0600][14.807s][info][gc,task        ] GC(31) Using 4 workers of 10 for evacuation
[2026-04-03T02:04:04.267+0600][14.816s][info][gc,phases      ] GC(31)   Pre Evacuate Collection Set: 0.13ms
[2026-04-03T02:04:04.267+0600][14.817s][info][gc,phases      ] GC(31)   Merge Heap Roots: 0.17ms
[2026-04-03T02:04:04.267+0600][14.817s][info][gc,phases      ] GC(31)   Evacuate Collection Set: 7.59ms
[2026-04-03T02:04:04.267+0600][14.817s][info][gc,phases      ] GC(31)   Post Evacuate Collection Set: 1.84ms
[2026-04-03T02:04:04.267+0600][14.817s][info][gc,phases      ] GC(31)   Other: 0.08ms
[2026-04-03T02:04:04.267+0600][14.817s][info][gc,heap        ] GC(31) Eden regions: 88->0(271)
[2026-04-03T02:04:04.267+0600][14.817s][info][gc,heap        ] GC(31) Survivor regions: 9->8(13)
[2026-04-03T02:04:04.267+0600][14.817s][info][gc,heap        ] GC(31) Old regions: 62->71
[2026-04-03T02:04:04.267+0600][14.817s][info][gc,heap        ] GC(31) Humongous regions: 14->14
[2026-04-03T02:04:04.267+0600][14.817s][info][gc,metaspace   ] GC(31) Metaspace: 61664K(62336K)->61664K(62336K) NonClass: 53939K(54336K)->53939K(54336K) Class: 7725K(8000K)->7725K(8000K)
[2026-04-03T02:04:04.267+0600][14.817s][info][gc             ] GC(31) Pause Young (Normal) (G1 Evacuation Pause) 167M->87M(466M) 9.996ms
[2026-04-03T02:04:04.267+0600][14.817s][info][gc,cpu         ] GC(31) User=0.03s Sys=0.00s Real=0.01s
[2026-04-03T02:04:04.585+0600][15.134s][info][gc,start       ] GC(32) Pause Young (Normal) (G1 Evacuation Pause)
[2026-04-03T02:04:04.585+0600][15.134s][info][gc,task        ] GC(32) Using 10 workers of 10 for evacuation
[2026-04-03T02:04:04.615+0600][15.164s][info][gc,phases      ] GC(32)   Pre Evacuate Collection Set: 0.24ms
[2026-04-03T02:04:04.615+0600][15.164s][info][gc,phases      ] GC(32)   Merge Heap Roots: 0.29ms
[2026-04-03T02:04:04.615+0600][15.164s][info][gc,phases      ] GC(32)   Evacuate Collection Set: 28.40ms
[2026-04-03T02:04:04.615+0600][15.164s][info][gc,phases      ] GC(32)   Post Evacuate Collection Set: 0.99ms
[2026-04-03T02:04:04.615+0600][15.165s][info][gc,phases      ] GC(32)   Other: 0.17ms
[2026-04-03T02:04:04.615+0600][15.165s][info][gc,heap        ] GC(32) Eden regions: 271->0(247)
[2026-04-03T02:04:04.615+0600][15.165s][info][gc,heap        ] GC(32) Survivor regions: 8->32(35)
[2026-04-03T02:04:04.615+0600][15.165s][info][gc,heap        ] GC(32) Old regions: 71->71
[2026-04-03T02:04:04.615+0600][15.165s][info][gc,heap        ] GC(32) Humongous regions: 24->22
[2026-04-03T02:04:04.615+0600][15.165s][info][gc,metaspace   ] GC(32) Metaspace: 62110K(62912K)->62110K(62912K) NonClass: 54296K(54720K)->54296K(54720K) Class: 7814K(8192K)->7814K(8192K)
[2026-04-03T02:04:04.615+0600][15.165s][info][gc             ] GC(32) Pause Young (Normal) (G1 Evacuation Pause) 368M->119M(466M) 30.458ms
[2026-04-03T02:04:04.615+0600][15.165s][info][gc,cpu         ] GC(32) User=0.32s Sys=0.00s Real=0.03s
[2026-04-03T02:04:05.240+0600][15.789s][info][gc,start       ] GC(33) Pause Young (Normal) (G1 Evacuation Pause)
[2026-04-03T02:04:05.240+0600][15.789s][info][gc,task        ] GC(33) Using 10 workers of 10 for evacuation
[2026-04-03T02:04:05.265+0600][15.814s][info][gc,phases      ] GC(33)   Pre Evacuate Collection Set: 0.44ms
[2026-04-03T02:04:05.265+0600][15.814s][info][gc,phases      ] GC(33)   Merge Heap Roots: 0.26ms
[2026-04-03T02:04:05.265+0600][15.814s][info][gc,phases      ] GC(33)   Evacuate Collection Set: 23.58ms
[2026-04-03T02:04:05.265+0600][15.814s][info][gc,phases      ] GC(33)   Post Evacuate Collection Set: 0.68ms
[2026-04-03T02:04:05.265+0600][15.814s][info][gc,phases      ] GC(33)   Other: 0.16ms
[2026-04-03T02:04:05.265+0600][15.814s][info][gc,heap        ] GC(33) Eden regions: 247->0(263)
[2026-04-03T02:04:05.265+0600][15.814s][info][gc,heap        ] GC(33) Survivor regions: 32->16(35)
[2026-04-03T02:04:05.265+0600][15.814s][info][gc,heap        ] GC(33) Old regions: 71->102
[2026-04-03T02:04:05.265+0600][15.814s][info][gc,heap        ] GC(33) Humongous regions: 30->25
[2026-04-03T02:04:05.265+0600][15.814s][info][gc,metaspace   ] GC(33) Metaspace: 63887K(64768K)->63887K(64768K) NonClass: 55817K(56320K)->55817K(56320K) Class: 8069K(8448K)->8069K(8448K)
[2026-04-03T02:04:05.265+0600][15.814s][info][gc             ] GC(33) Pause Young (Normal) (G1 Evacuation Pause) 374M->137M(466M) 25.520ms
[2026-04-03T02:04:05.265+0600][15.814s][info][gc,cpu         ] GC(33) User=0.27s Sys=0.00s Real=0.03s
[2026-04-03T02:04:05.454+0600][16.003s][info][gc,start       ] GC(34) Pause Young (Normal) (G1 Evacuation Pause)
[2026-04-03T02:04:05.454+0600][16.003s][info][gc,task        ] GC(34) Using 10 workers of 10 for evacuation
[2026-04-03T02:04:05.471+0600][16.021s][info][gc,phases      ] GC(34)   Pre Evacuate Collection Set: 0.30ms
[2026-04-03T02:04:05.472+0600][16.021s][info][gc,phases      ] GC(34)   Merge Heap Roots: 0.25ms
[2026-04-03T02:04:05.472+0600][16.021s][info][gc,phases      ] GC(34)   Evacuate Collection Set: 15.63ms
[2026-04-03T02:04:05.472+0600][16.021s][info][gc,phases      ] GC(34)   Post Evacuate Collection Set: 1.20ms
[2026-04-03T02:04:05.472+0600][16.021s][info][gc,phases      ] GC(34)   Other: 0.14ms
[2026-04-03T02:04:05.472+0600][16.021s][info][gc,heap        ] GC(34) Eden regions: 263->0(246)
[2026-04-03T02:04:05.472+0600][16.021s][info][gc,heap        ] GC(34) Survivor regions: 16->33(35)
[2026-04-03T02:04:05.472+0600][16.021s][info][gc,heap        ] GC(34) Old regions: 102->102
[2026-04-03T02:04:05.472+0600][16.021s][info][gc,heap        ] GC(34) Humongous regions: 28->28
[2026-04-03T02:04:05.472+0600][16.021s][info][gc,metaspace   ] GC(34) Metaspace: 63893K(64768K)->63893K(64768K) NonClass: 55824K(56320K)->55824K(56320K) Class: 8069K(8448K)->8069K(8448K)
[2026-04-03T02:04:05.472+0600][16.021s][info][gc             ] GC(34) Pause Young (Normal) (G1 Evacuation Pause) 403M->157M(466M) 17.859ms
[2026-04-03T02:04:05.472+0600][16.021s][info][gc,cpu         ] GC(34) User=0.14s Sys=0.00s Real=0.02s
[2026-04-03T02:04:05.604+0600][16.153s][info][gc,start       ] GC(35) Pause Young (Normal) (G1 Evacuation Pause)
[2026-04-03T02:04:05.604+0600][16.153s][info][gc,task        ] GC(35) Using 10 workers of 10 for evacuation
[2026-04-03T02:04:05.625+0600][16.175s][info][gc,phases      ] GC(35)   Pre Evacuate Collection Set: 0.33ms
[2026-04-03T02:04:05.625+0600][16.175s][info][gc,phases      ] GC(35)   Merge Heap Roots: 0.17ms
[2026-04-03T02:04:05.625+0600][16.175s][info][gc,phases      ] GC(35)   Evacuate Collection Set: 17.50ms
[2026-04-03T02:04:05.625+0600][16.175s][info][gc,phases      ] GC(35)   Post Evacuate Collection Set: 3.15ms
[2026-04-03T02:04:05.625+0600][16.175s][info][gc,phases      ] GC(35)   Other: 0.12ms
[2026-04-03T02:04:05.626+0600][16.175s][info][gc,heap        ] GC(35) Eden regions: 246->0(384)
[2026-04-03T02:04:05.626+0600][16.175s][info][gc,heap        ] GC(35) Survivor regions: 33->34(35)
[2026-04-03T02:04:05.626+0600][16.175s][info][gc,heap        ] GC(35) Old regions: 102->117
[2026-04-03T02:04:05.626+0600][16.175s][info][gc,heap        ] GC(35) Humongous regions: 28->28
[2026-04-03T02:04:05.626+0600][16.175s][info][gc,metaspace   ] GC(35) Metaspace: 63905K(64768K)->63905K(64768K) NonClass: 55836K(56320K)->55836K(56320K) Class: 8069K(8448K)->8069K(8448K)
[2026-04-03T02:04:05.626+0600][16.175s][info][gc             ] GC(35) Pause Young (Normal) (G1 Evacuation Pause) 403M->172M(698M) 21.562ms
[2026-04-03T02:04:05.626+0600][16.175s][info][gc,cpu         ] GC(35) User=0.20s Sys=0.00s Real=0.02s
[2026-04-03T02:04:05.865+0600][16.414s][info][gc,start       ] GC(36) Pause Young (Normal) (G1 Evacuation Pause)
[2026-04-03T02:04:05.865+0600][16.414s][info][gc,task        ] GC(36) Using 10 workers of 10 for evacuation
[2026-04-03T02:04:05.897+0600][16.446s][info][gc,phases      ] GC(36)   Pre Evacuate Collection Set: 0.34ms
[2026-04-03T02:04:05.897+0600][16.446s][info][gc,phases      ] GC(36)   Merge Heap Roots: 0.19ms
[2026-04-03T02:04:05.897+0600][16.446s][info][gc,phases      ] GC(36)   Evacuate Collection Set: 30.26ms
[2026-04-03T02:04:05.897+0600][16.446s][info][gc,phases      ] GC(36)   Post Evacuate Collection Set: 0.95ms
[2026-04-03T02:04:05.897+0600][16.446s][info][gc,phases      ] GC(36)   Other: 0.16ms
[2026-04-03T02:04:05.897+0600][16.446s][info][gc,heap        ] GC(36) Eden regions: 384->0(385)
[2026-04-03T02:04:05.897+0600][16.446s][info][gc,heap        ] GC(36) Survivor regions: 34->33(53)
[2026-04-03T02:04:05.897+0600][16.446s][info][gc,heap        ] GC(36) Old regions: 117->135
[2026-04-03T02:04:05.897+0600][16.446s][info][gc,heap        ] GC(36) Humongous regions: 33->33
[2026-04-03T02:04:05.897+0600][16.446s][info][gc,metaspace   ] GC(36) Metaspace: 63925K(64832K)->63925K(64832K) NonClass: 55853K(56384K)->55853K(56384K) Class: 8071K(8448K)->8071K(8448K)
[2026-04-03T02:04:05.897+0600][16.446s][info][gc             ] GC(36) Pause Young (Normal) (G1 Evacuation Pause) 561M->195M(698M) 32.247ms
[2026-04-03T02:04:05.897+0600][16.446s][info][gc,cpu         ] GC(36) User=0.34s Sys=0.00s Real=0.03s
[2026-04-03T02:04:06.087+0600][16.636s][info][gc,start       ] GC(37) Pause Young (Normal) (G1 Evacuation Pause)
[2026-04-03T02:04:06.087+0600][16.636s][info][gc,task        ] GC(37) Using 10 workers of 10 for evacuation
[2026-04-03T02:04:06.106+0600][16.655s][info][gc,phases      ] GC(37)   Pre Evacuate Collection Set: 0.45ms
[2026-04-03T02:04:06.106+0600][16.655s][info][gc,phases      ] GC(37)   Merge Heap Roots: 0.22ms
[2026-04-03T02:04:06.106+0600][16.655s][info][gc,phases      ] GC(37)   Evacuate Collection Set: 17.57ms
[2026-04-03T02:04:06.106+0600][16.655s][info][gc,phases      ] GC(37)   Post Evacuate Collection Set: 0.98ms
[2026-04-03T02:04:06.106+0600][16.655s][info][gc,phases      ] GC(37)   Other: 0.13ms
[2026-04-03T02:04:06.106+0600][16.655s][info][gc,heap        ] GC(37) Eden regions: 385->0(390)
[2026-04-03T02:04:06.106+0600][16.655s][info][gc,heap        ] GC(37) Survivor regions: 33->28(53)
[2026-04-03T02:04:06.106+0600][16.655s][info][gc,heap        ] GC(37) Old regions: 135->151
[2026-04-03T02:04:06.106+0600][16.655s][info][gc,heap        ] GC(37) Humongous regions: 36->36
[2026-04-03T02:04:06.106+0600][16.655s][info][gc,metaspace   ] GC(37) Metaspace: 64004K(64832K)->64004K(64832K) NonClass: 55920K(56384K)->55920K(56384K) Class: 8084K(8448K)->8084K(8448K)
[2026-04-03T02:04:06.106+0600][16.655s][info][gc             ] GC(37) Pause Young (Normal) (G1 Evacuation Pause) 583M->209M(698M) 19.679ms
[2026-04-03T02:04:06.106+0600][16.655s][info][gc,cpu         ] GC(37) User=0.17s Sys=0.01s Real=0.02s
[2026-04-03T02:04:06.371+0600][16.920s][info][gc,start       ] GC(38) Pause Young (Normal) (G1 Evacuation Pause)
[2026-04-03T02:04:06.371+0600][16.920s][info][gc,task        ] GC(38) Using 10 workers of 10 for evacuation
[2026-04-03T02:04:06.385+0600][16.934s][info][gc,phases      ] GC(38)   Pre Evacuate Collection Set: 0.37ms
[2026-04-03T02:04:06.385+0600][16.934s][info][gc,phases      ] GC(38)   Merge Heap Roots: 0.15ms
[2026-04-03T02:04:06.385+0600][16.934s][info][gc,phases      ] GC(38)   Evacuate Collection Set: 12.18ms
[2026-04-03T02:04:06.385+0600][16.934s][info][gc,phases      ] GC(38)   Post Evacuate Collection Set: 0.82ms
[2026-04-03T02:04:06.385+0600][16.934s][info][gc,phases      ] GC(38)   Other: 0.12ms
[2026-04-03T02:04:06.385+0600][16.934s][info][gc,heap        ] GC(38) Eden regions: 390->0(391)
[2026-04-03T02:04:06.385+0600][16.934s][info][gc,heap        ] GC(38) Survivor regions: 28->27(53)
[2026-04-03T02:04:06.385+0600][16.934s][info][gc,heap        ] GC(38) Old regions: 151->151
[2026-04-03T02:04:06.385+0600][16.934s][info][gc,heap        ] GC(38) Humongous regions: 38->36
[2026-04-03T02:04:06.385+0600][16.934s][info][gc,metaspace   ] GC(38) Metaspace: 64276K(65152K)->64276K(65152K) NonClass: 56141K(56640K)->56141K(56640K) Class: 8135K(8512K)->8135K(8512K)
[2026-04-03T02:04:06.385+0600][16.934s][info][gc             ] GC(38) Pause Young (Normal) (G1 Evacuation Pause) 601M->208M(698M) 13.917ms
[2026-04-03T02:04:06.385+0600][16.934s][info][gc,cpu         ] GC(38) User=0.13s Sys=0.01s Real=0.01s
[2026-04-03T02:04:06.673+0600][17.223s][info][gc,start       ] GC(39) Pause Full (System.gc())
[2026-04-03T02:04:06.674+0600][17.223s][info][gc,task        ] GC(39) Using 10 workers of 10 for full compaction
[2026-04-03T02:04:06.674+0600][17.223s][info][gc,phases,start] GC(39) Phase 1: Mark live objects
[2026-04-03T02:04:06.726+0600][17.275s][info][gc,phases      ] GC(39) Phase 1: Mark live objects 52.274ms
[2026-04-03T02:04:06.726+0600][17.275s][info][gc,phases,start] GC(39) Phase 2: Prepare compaction
[2026-04-03T02:04:06.729+0600][17.279s][info][gc,phases      ] GC(39) Phase 2: Prepare compaction 3.198ms
[2026-04-03T02:04:06.729+0600][17.279s][info][gc,phases,start] GC(39) Phase 3: Adjust pointers
[2026-04-03T02:04:06.744+0600][17.294s][info][gc,phases      ] GC(39) Phase 3: Adjust pointers 14.832ms
[2026-04-03T02:04:06.744+0600][17.294s][info][gc,phases,start] GC(39) Phase 4: Compact heap
[2026-04-03T02:04:06.749+0600][17.298s][info][gc,phases      ] GC(39) Phase 4: Compact heap 4.308ms
[2026-04-03T02:04:06.749+0600][17.298s][info][gc,phases,start] GC(39) Phase 5: Reset Metadata
[2026-04-03T02:04:06.757+0600][17.306s][info][gc,phases      ] GC(39) Phase 5: Reset Metadata 8.009ms
[2026-04-03T02:04:06.768+0600][17.317s][info][gc,heap        ] GC(39) Eden regions: 164->0(366)
[2026-04-03T02:04:06.768+0600][17.317s][info][gc,heap        ] GC(39) Survivor regions: 27->0(53)
[2026-04-03T02:04:06.768+0600][17.317s][info][gc,heap        ] GC(39) Old regions: 151->169
[2026-04-03T02:04:06.768+0600][17.317s][info][gc,heap        ] GC(39) Humongous regions: 47->14
[2026-04-03T02:04:06.768+0600][17.317s][info][gc,metaspace   ] GC(39) Metaspace: 66055K(66944K)->66008K(66944K) NonClass: 57689K(58176K)->57656K(58176K) Class: 8366K(8768K)->8352K(8768K)
[2026-04-03T02:04:06.768+0600][17.317s][info][gc             ] GC(39) Pause Full (System.gc()) 382M->177M(610M) 94.566ms
[2026-04-03T02:04:06.768+0600][17.317s][info][gc,cpu         ] GC(39) User=0.76s Sys=0.05s Real=0.09s
[2026-04-03T02:04:07.176+0600][17.725s][info][gc,start       ] GC(40) Pause Young (Normal) (G1 Evacuation Pause)
[2026-04-03T02:04:07.176+0600][17.725s][info][gc,task        ] GC(40) Using 10 workers of 10 for evacuation
[2026-04-03T02:04:07.180+0600][17.729s][info][gc,phases      ] GC(40)   Pre Evacuate Collection Set: 0.42ms
[2026-04-03T02:04:07.180+0600][17.729s][info][gc,phases      ] GC(40)   Merge Heap Roots: 0.19ms
[2026-04-03T02:04:07.180+0600][17.729s][info][gc,phases      ] GC(40)   Evacuate Collection Set: 0.71ms
[2026-04-03T02:04:07.180+0600][17.729s][info][gc,phases      ] GC(40)   Post Evacuate Collection Set: 2.49ms
[2026-04-03T02:04:07.180+0600][17.729s][info][gc,phases      ] GC(40)   Other: 0.11ms
[2026-04-03T02:04:07.180+0600][17.729s][info][gc,heap        ] GC(40) Eden regions: 366->0(527)
[2026-04-03T02:04:07.180+0600][17.729s][info][gc,heap        ] GC(40) Survivor regions: 0->5(46)
[2026-04-03T02:04:07.180+0600][17.729s][info][gc,heap        ] GC(40) Old regions: 169->169
[2026-04-03T02:04:07.180+0600][17.729s][info][gc,heap        ] GC(40) Humongous regions: 26->14
[2026-04-03T02:04:07.180+0600][17.729s][info][gc,metaspace   ] GC(40) Metaspace: 66353K(67200K)->66353K(67200K) NonClass: 57923K(58368K)->57923K(58368K) Class: 8429K(8832K)->8429K(8832K)
[2026-04-03T02:04:07.180+0600][17.729s][info][gc             ] GC(40) Pause Young (Normal) (G1 Evacuation Pause) 555M->181M(888M) 4.135ms
[2026-04-03T02:04:07.180+0600][17.729s][info][gc,cpu         ] GC(40) User=0.01s Sys=0.01s Real=0.01s
[2026-04-03T02:04:07.519+0600][18.068s][info][gc,start       ] GC(41) Pause Young (Normal) (G1 Evacuation Pause)
[2026-04-03T02:04:07.519+0600][18.068s][info][gc,task        ] GC(41) Using 10 workers of 10 for evacuation
[2026-04-03T02:04:07.521+0600][18.070s][info][gc,phases      ] GC(41)   Pre Evacuate Collection Set: 0.26ms
[2026-04-03T02:04:07.521+0600][18.070s][info][gc,phases      ] GC(41)   Merge Heap Roots: 0.21ms
[2026-04-03T02:04:07.521+0600][18.070s][info][gc,phases      ] GC(41)   Evacuate Collection Set: 0.63ms
[2026-04-03T02:04:07.521+0600][18.070s][info][gc,phases      ] GC(41)   Post Evacuate Collection Set: 0.60ms
[2026-04-03T02:04:07.521+0600][18.070s][info][gc,phases      ] GC(41)   Other: 0.14ms
[2026-04-03T02:04:07.521+0600][18.070s][info][gc,heap        ] GC(41) Eden regions: 527->0(530)
[2026-04-03T02:04:07.521+0600][18.070s][info][gc,heap        ] GC(41) Survivor regions: 5->2(67)
[2026-04-03T02:04:07.521+0600][18.070s][info][gc,heap        ] GC(41) Old regions: 169->169
[2026-04-03T02:04:07.521+0600][18.070s][info][gc,heap        ] GC(41) Humongous regions: 14->14
[2026-04-03T02:04:07.521+0600][18.070s][info][gc,metaspace   ] GC(41) Metaspace: 66355K(67200K)->66355K(67200K) NonClass: 57925K(58368K)->57925K(58368K) Class: 8429K(8832K)->8429K(8832K)
[2026-04-03T02:04:07.521+0600][18.070s][info][gc             ] GC(41) Pause Young (Normal) (G1 Evacuation Pause) 708M->178M(888M) 2.135ms
[2026-04-03T02:04:07.521+0600][18.070s][info][gc,cpu         ] GC(41) User=0.01s Sys=0.00s Real=0.01s
[2026-04-03T02:04:07.658+0600][18.208s][info][gc,start       ] GC(42) Pause Full (System.gc())
[2026-04-03T02:04:07.658+0600][18.208s][info][gc,task        ] GC(42) Using 10 workers of 10 for full compaction
[2026-04-03T02:04:07.659+0600][18.208s][info][gc,phases,start] GC(42) Phase 1: Mark live objects
[2026-04-03T02:04:07.704+0600][18.253s][info][gc,phases      ] GC(42) Phase 1: Mark live objects 44.869ms
[2026-04-03T02:04:07.704+0600][18.253s][info][gc,phases,start] GC(42) Phase 2: Prepare compaction
[2026-04-03T02:04:07.705+0600][18.254s][info][gc,phases      ] GC(42) Phase 2: Prepare compaction 1.313ms
[2026-04-03T02:04:07.705+0600][18.254s][info][gc,phases,start] GC(42) Phase 3: Adjust pointers
[2026-04-03T02:04:07.719+0600][18.268s][info][gc,phases      ] GC(42) Phase 3: Adjust pointers 13.446ms
[2026-04-03T02:04:07.719+0600][18.268s][info][gc,phases,start] GC(42) Phase 4: Compact heap
[2026-04-03T02:04:07.720+0600][18.269s][info][gc,phases      ] GC(42) Phase 4: Compact heap 1.172ms
[2026-04-03T02:04:07.720+0600][18.269s][info][gc,phases,start] GC(42) Phase 5: Reset Metadata
[2026-04-03T02:04:07.730+0600][18.279s][info][gc,phases      ] GC(42) Phase 5: Reset Metadata 9.593ms
[2026-04-03T02:04:07.742+0600][18.291s][info][gc,heap        ] GC(42) Eden regions: 201->0(368)
[2026-04-03T02:04:07.742+0600][18.291s][info][gc,heap        ] GC(42) Survivor regions: 2->0(67)
[2026-04-03T02:04:07.742+0600][18.291s][info][gc,heap        ] GC(42) Old regions: 169->170
[2026-04-03T02:04:07.742+0600][18.291s][info][gc,heap        ] GC(42) Humongous regions: 27->14
[2026-04-03T02:04:07.742+0600][18.291s][info][gc,metaspace   ] GC(42) Metaspace: 66428K(67328K)->66428K(67328K) NonClass: 57999K(58496K)->57999K(58496K) Class: 8429K(8832K)->8429K(8832K)
[2026-04-03T02:04:07.742+0600][18.291s][info][gc             ] GC(42) Pause Full (System.gc()) 392M->177M(614M) 83.725ms
[2026-04-03T02:04:07.742+0600][18.291s][info][gc,cpu         ] GC(42) User=0.65s Sys=0.06s Real=0.09s
[2026-04-03T02:04:08.075+0600][18.624s][info][gc,start       ] GC(43) Pause Young (Normal) (G1 Evacuation Pause)
[2026-04-03T02:04:08.075+0600][18.625s][info][gc,task        ] GC(43) Using 10 workers of 10 for evacuation
[2026-04-03T02:04:08.078+0600][18.627s][info][gc,phases      ] GC(43)   Pre Evacuate Collection Set: 0.47ms
[2026-04-03T02:04:08.078+0600][18.627s][info][gc,phases      ] GC(43)   Merge Heap Roots: 0.30ms
[2026-04-03T02:04:08.078+0600][18.627s][info][gc,phases      ] GC(43)   Evacuate Collection Set: 0.74ms
[2026-04-03T02:04:08.078+0600][18.627s][info][gc,phases      ] GC(43)   Post Evacuate Collection Set: 0.61ms
[2026-04-03T02:04:08.078+0600][18.627s][info][gc,phases      ] GC(43)   Other: 0.11ms
[2026-04-03T02:04:08.078+0600][18.627s][info][gc,heap        ] GC(43) Eden regions: 368->0(367)
[2026-04-03T02:04:08.078+0600][18.627s][info][gc,heap        ] GC(43) Survivor regions: 0->1(46)
[2026-04-03T02:04:08.078+0600][18.627s][info][gc,heap        ] GC(43) Old regions: 170->170
[2026-04-03T02:04:08.078+0600][18.627s][info][gc,heap        ] GC(43) Humongous regions: 26->14
[2026-04-03T02:04:08.078+0600][18.627s][info][gc,metaspace   ] GC(43) Metaspace: 66488K(67392K)->66488K(67392K) NonClass: 58058K(58560K)->58058K(58560K) Class: 8430K(8832K)->8430K(8832K)
[2026-04-03T02:04:08.078+0600][18.627s][info][gc             ] GC(43) Pause Young (Normal) (G1 Evacuation Pause) 557M->177M(614M) 2.455ms
[2026-04-03T02:04:08.078+0600][18.627s][info][gc,cpu         ] GC(43) User=0.01s Sys=0.00s Real=0.00s
[2026-04-03T02:04:08.250+0600][18.799s][info][gc,start       ] GC(44) Pause Young (Normal) (G1 Evacuation Pause)
[2026-04-03T02:04:08.250+0600][18.799s][info][gc,task        ] GC(44) Using 10 workers of 10 for evacuation
[2026-04-03T02:04:08.251+0600][18.801s][info][gc,phases      ] GC(44)   Pre Evacuate Collection Set: 0.22ms
[2026-04-03T02:04:08.251+0600][18.801s][info][gc,phases      ] GC(44)   Merge Heap Roots: 0.21ms
[2026-04-03T02:04:08.251+0600][18.801s][info][gc,phases      ] GC(44)   Evacuate Collection Set: 0.45ms
[2026-04-03T02:04:08.251+0600][18.801s][info][gc,phases      ] GC(44)   Post Evacuate Collection Set: 0.74ms
[2026-04-03T02:04:08.251+0600][18.801s][info][gc,phases      ] GC(44)   Other: 0.08ms
[2026-04-03T02:04:08.251+0600][18.801s][info][gc,heap        ] GC(44) Eden regions: 367->0(367)
[2026-04-03T02:04:08.251+0600][18.801s][info][gc,heap        ] GC(44) Survivor regions: 1->1(46)
[2026-04-03T02:04:08.251+0600][18.801s][info][gc,heap        ] GC(44) Old regions: 170->170
[2026-04-03T02:04:08.251+0600][18.801s][info][gc,heap        ] GC(44) Humongous regions: 14->14
[2026-04-03T02:04:08.252+0600][18.801s][info][gc,metaspace   ] GC(44) Metaspace: 66497K(67392K)->66497K(67392K) NonClass: 58067K(58560K)->58067K(58560K) Class: 8430K(8832K)->8430K(8832K)
[2026-04-03T02:04:08.252+0600][18.801s][info][gc             ] GC(44) Pause Young (Normal) (G1 Evacuation Pause) 544M->177M(614M) 1.922ms
[2026-04-03T02:04:08.252+0600][18.801s][info][gc,cpu         ] GC(44) User=0.00s Sys=0.00s Real=0.01s
[2026-04-03T02:04:08.514+0600][19.063s][info][gc,start       ] GC(45) Pause Young (Normal) (G1 Evacuation Pause)
[2026-04-03T02:04:08.514+0600][19.063s][info][gc,task        ] GC(45) Using 10 workers of 10 for evacuation
[2026-04-03T02:04:08.516+0600][19.065s][info][gc,phases      ] GC(45)   Pre Evacuate Collection Set: 0.19ms
[2026-04-03T02:04:08.516+0600][19.065s][info][gc,phases      ] GC(45)   Merge Heap Roots: 0.19ms
[2026-04-03T02:04:08.516+0600][19.065s][info][gc,phases      ] GC(45)   Evacuate Collection Set: 0.87ms
[2026-04-03T02:04:08.516+0600][19.065s][info][gc,phases      ] GC(45)   Post Evacuate Collection Set: 0.44ms
[2026-04-03T02:04:08.516+0600][19.065s][info][gc,phases      ] GC(45)   Other: 0.08ms
[2026-04-03T02:04:08.516+0600][19.065s][info][gc,heap        ] GC(45) Eden regions: 367->0(367)
[2026-04-03T02:04:08.516+0600][19.065s][info][gc,heap        ] GC(45) Survivor regions: 1->1(46)
[2026-04-03T02:04:08.516+0600][19.065s][info][gc,heap        ] GC(45) Old regions: 170->170
[2026-04-03T02:04:08.516+0600][19.065s][info][gc,heap        ] GC(45) Humongous regions: 27->14
[2026-04-03T02:04:08.516+0600][19.065s][info][gc,metaspace   ] GC(45) Metaspace: 66928K(67776K)->66928K(67776K) NonClass: 58424K(58880K)->58424K(58880K) Class: 8503K(8896K)->8503K(8896K)
[2026-04-03T02:04:08.516+0600][19.065s][info][gc             ] GC(45) Pause Young (Normal) (G1 Evacuation Pause) 557M->177M(614M) 1.954ms
[2026-04-03T02:04:08.516+0600][19.065s][info][gc,cpu         ] GC(45) User=0.02s Sys=0.00s Real=0.00s
[2026-04-03T02:04:09.087+0600][19.636s][info][gc,heap,exit   ] Heap
[2026-04-03T02:04:09.087+0600][19.636s][info][gc,heap,exit   ]  garbage-first heap   total 628736K, used 200107K [0x0000000083000000, 0x0000000100000000)
[2026-04-03T02:04:09.087+0600][19.636s][info][gc,heap,exit   ]   region size 1024K, 13 young (13312K), 1 survivors (1024K)
[2026-04-03T02:04:09.087+0600][19.636s][info][gc,heap,exit   ]  Metaspace       used 67022K, committed 67840K, reserved 1114112K
[2026-04-03T02:04:09.087+0600][19.636s][info][gc,heap,exit   ]   class space    used 8523K, committed 8896K, reserved 1048576K
