[2026-04-03T01:59:29.623+0600][0.004s][info][gc,init] CardTable entry size: 512
[2026-04-03T01:59:29.623+0600][0.005s][info][gc     ] Using G1
[2026-04-03T01:59:29.626+0600][0.008s][info][gc,init] Version: 21.0.10+7-Ubuntu-124.04 (release)
[2026-04-03T01:59:29.626+0600][0.008s][info][gc,init] CPUs: 12 total, 12 available
[2026-04-03T01:59:29.626+0600][0.008s][info][gc,init] Memory: 15683M
[2026-04-03T01:59:29.626+0600][0.008s][info][gc,init] Large Page Support: Disabled
[2026-04-03T01:59:29.627+0600][0.008s][info][gc,init] NUMA Support: Disabled
[2026-04-03T01:59:29.627+0600][0.008s][info][gc,init] Compressed Oops: Enabled (32-bit)
[2026-04-03T01:59:29.627+0600][0.008s][info][gc,init] Heap Region Size: 1M
[2026-04-03T01:59:29.627+0600][0.008s][info][gc,init] Heap Min Capacity: 8M
[2026-04-03T01:59:29.627+0600][0.008s][info][gc,init] Heap Initial Capacity: 246M
[2026-04-03T01:59:29.627+0600][0.008s][info][gc,init] Heap Max Capacity: 1250M
[2026-04-03T01:59:29.627+0600][0.008s][info][gc,init] Pre-touch: Disabled
[2026-04-03T01:59:29.627+0600][0.008s][info][gc,init] Parallel Workers: 10
[2026-04-03T01:59:29.627+0600][0.008s][info][gc,init] Concurrent Workers: 3
[2026-04-03T01:59:29.627+0600][0.008s][info][gc,init] Concurrent Refinement Workers: 10
[2026-04-03T01:59:29.627+0600][0.008s][info][gc,init] Periodic GC: Disabled
[2026-04-03T01:59:29.639+0600][0.020s][info][gc,metaspace] CDS archive(s) mapped at: [0x00007286a7000000-0x00007286a7c9c000-0x00007286a7c9c000), size 13221888, SharedBaseAddress: 0x00007286a7000000, ArchiveRelocationMode: 1.
[2026-04-03T01:59:29.639+0600][0.020s][info][gc,metaspace] Compressed class space mapped at: 0x00007286a8000000-0x00007286e8000000, reserved size: 1073741824
[2026-04-03T01:59:29.639+0600][0.020s][info][gc,metaspace] Narrow klass base: 0x00007286a7000000, Narrow klass shift: 0, Narrow klass range: 0x100000000
[2026-04-03T01:59:30.004+0600][0.386s][info][gc,start    ] GC(0) Pause Young (Normal) (G1 Evacuation Pause)
[2026-04-03T01:59:30.005+0600][0.387s][info][gc,task     ] GC(0) Using 5 workers of 10 for evacuation
[2026-04-03T01:59:30.008+0600][0.389s][info][gc,phases   ] GC(0)   Pre Evacuate Collection Set: 0.14ms
[2026-04-03T01:59:30.008+0600][0.389s][info][gc,phases   ] GC(0)   Merge Heap Roots: 0.10ms
[2026-04-03T01:59:30.008+0600][0.389s][info][gc,phases   ] GC(0)   Evacuate Collection Set: 1.88ms
[2026-04-03T01:59:30.008+0600][0.389s][info][gc,phases   ] GC(0)   Post Evacuate Collection Set: 0.38ms
[2026-04-03T01:59:30.008+0600][0.389s][info][gc,phases   ] GC(0)   Other: 0.83ms
[2026-04-03T01:59:30.008+0600][0.390s][info][gc,heap     ] GC(0) Eden regions: 23->0(46)
[2026-04-03T01:59:30.008+0600][0.390s][info][gc,heap     ] GC(0) Survivor regions: 0->3(3)
[2026-04-03T01:59:30.008+0600][0.390s][info][gc,heap     ] GC(0) Old regions: 2->2
[2026-04-03T01:59:30.008+0600][0.390s][info][gc,heap     ] GC(0) Humongous regions: 0->0
[2026-04-03T01:59:30.008+0600][0.390s][info][gc,metaspace] GC(0) Metaspace: 2600K(2752K)->2600K(2752K) NonClass: 2367K(2432K)->2367K(2432K) Class: 233K(320K)->233K(320K)
[2026-04-03T01:59:30.008+0600][0.390s][info][gc          ] GC(0) Pause Young (Normal) (G1 Evacuation Pause) 24M->3M(248M) 3.653ms
[2026-04-03T01:59:30.008+0600][0.390s][info][gc,cpu      ] GC(0) User=0.01s Sys=0.01s Real=0.00s
[2026-04-03T01:59:30.147+0600][0.529s][info][gc,start    ] GC(1) Pause Young (Normal) (G1 Evacuation Pause)
[2026-04-03T01:59:30.147+0600][0.529s][info][gc,task     ] GC(1) Using 5 workers of 10 for evacuation
[2026-04-03T01:59:30.150+0600][0.531s][info][gc,phases   ] GC(1)   Pre Evacuate Collection Set: 0.13ms
[2026-04-03T01:59:30.150+0600][0.531s][info][gc,phases   ] GC(1)   Merge Heap Roots: 0.04ms
[2026-04-03T01:59:30.150+0600][0.531s][info][gc,phases   ] GC(1)   Evacuate Collection Set: 1.82ms
[2026-04-03T01:59:30.150+0600][0.531s][info][gc,phases   ] GC(1)   Post Evacuate Collection Set: 0.42ms
[2026-04-03T01:59:30.150+0600][0.531s][info][gc,phases   ] GC(1)   Other: 0.08ms
[2026-04-03T01:59:30.150+0600][0.531s][info][gc,heap     ] GC(1) Eden regions: 46->0(144)
[2026-04-03T01:59:30.150+0600][0.531s][info][gc,heap     ] GC(1) Survivor regions: 3->3(7)
[2026-04-03T01:59:30.150+0600][0.531s][info][gc,heap     ] GC(1) Old regions: 2->2
[2026-04-03T01:59:30.150+0600][0.531s][info][gc,heap     ] GC(1) Humongous regions: 0->0
[2026-04-03T01:59:30.150+0600][0.531s][info][gc,metaspace] GC(1) Metaspace: 3958K(4096K)->3958K(4096K) NonClass: 3510K(3584K)->3510K(3584K) Class: 448K(512K)->448K(512K)
[2026-04-03T01:59:30.150+0600][0.531s][info][gc          ] GC(1) Pause Young (Normal) (G1 Evacuation Pause) 49M->3M(248M) 2.690ms
[2026-04-03T01:59:30.150+0600][0.532s][info][gc,cpu      ] GC(1) User=0.01s Sys=0.00s Real=0.01s
[2026-04-03T01:59:30.701+0600][1.083s][info][gc,start    ] GC(2) Pause Young (Normal) (G1 Evacuation Pause)
[2026-04-03T01:59:30.701+0600][1.083s][info][gc,task     ] GC(2) Using 5 workers of 10 for evacuation
[2026-04-03T01:59:30.704+0600][1.086s][info][gc,phases   ] GC(2)   Pre Evacuate Collection Set: 0.17ms
[2026-04-03T01:59:30.704+0600][1.086s][info][gc,phases   ] GC(2)   Merge Heap Roots: 0.09ms
[2026-04-03T01:59:30.704+0600][1.086s][info][gc,phases   ] GC(2)   Evacuate Collection Set: 2.32ms
[2026-04-03T01:59:30.704+0600][1.086s][info][gc,phases   ] GC(2)   Post Evacuate Collection Set: 0.48ms
[2026-04-03T01:59:30.704+0600][1.086s][info][gc,phases   ] GC(2)   Other: 0.09ms
[2026-04-03T01:59:30.704+0600][1.086s][info][gc,heap     ] GC(2) Eden regions: 144->0(143)
[2026-04-03T01:59:30.704+0600][1.086s][info][gc,heap     ] GC(2) Survivor regions: 3->4(19)
[2026-04-03T01:59:30.704+0600][1.086s][info][gc,heap     ] GC(2) Old regions: 2->2
[2026-04-03T01:59:30.704+0600][1.086s][info][gc,heap     ] GC(2) Humongous regions: 0->0
[2026-04-03T01:59:30.704+0600][1.086s][info][gc,metaspace] GC(2) Metaspace: 10088K(10304K)->10088K(10304K) NonClass: 8829K(8960K)->8829K(8960K) Class: 1259K(1344K)->1259K(1344K)
[2026-04-03T01:59:30.705+0600][1.086s][info][gc          ] GC(2) Pause Young (Normal) (G1 Evacuation Pause) 147M->4M(248M) 3.326ms
[2026-04-03T01:59:30.705+0600][1.086s][info][gc,cpu      ] GC(2) User=0.00s Sys=0.01s Real=0.00s
[2026-04-03T01:59:33.424+0600][3.805s][info][gc,start    ] GC(3) Pause Young (Normal) (G1 Evacuation Pause)
[2026-04-03T01:59:33.424+0600][3.805s][info][gc,task     ] GC(3) Using 5 workers of 10 for evacuation
[2026-04-03T01:59:33.432+0600][3.813s][info][gc,phases   ] GC(3)   Pre Evacuate Collection Set: 0.19ms
[2026-04-03T01:59:33.432+0600][3.814s][info][gc,phases   ] GC(3)   Merge Heap Roots: 0.08ms
[2026-04-03T01:59:33.432+0600][3.814s][info][gc,phases   ] GC(3)   Evacuate Collection Set: 6.19ms
[2026-04-03T01:59:33.432+0600][3.814s][info][gc,phases   ] GC(3)   Post Evacuate Collection Set: 1.52ms
[2026-04-03T01:59:33.432+0600][3.814s][info][gc,phases   ] GC(3)   Other: 0.08ms
[2026-04-03T01:59:33.432+0600][3.814s][info][gc,heap     ] GC(3) Eden regions: 143->0(133)
[2026-04-03T01:59:33.432+0600][3.814s][info][gc,heap     ] GC(3) Survivor regions: 4->14(19)
[2026-04-03T01:59:33.432+0600][3.814s][info][gc,heap     ] GC(3) Old regions: 2->2
[2026-04-03T01:59:33.432+0600][3.814s][info][gc,heap     ] GC(3) Humongous regions: 7->7
[2026-04-03T01:59:33.432+0600][3.814s][info][gc,metaspace] GC(3) Metaspace: 19341K(19648K)->19341K(19648K) NonClass: 16899K(17088K)->16899K(17088K) Class: 2441K(2560K)->2441K(2560K)
[2026-04-03T01:59:33.432+0600][3.814s][info][gc          ] GC(3) Pause Young (Normal) (G1 Evacuation Pause) 154M->21M(248M) 8.338ms
[2026-04-03T01:59:33.432+0600][3.814s][info][gc,cpu      ] GC(3) User=0.04s Sys=0.01s Real=0.01s
[2026-04-03T01:59:33.538+0600][3.920s][info][gc,start    ] GC(4) Pause Young (Concurrent Start) (Metadata GC Threshold)
[2026-04-03T01:59:33.538+0600][3.920s][info][gc,task     ] GC(4) Using 5 workers of 10 for evacuation
[2026-04-03T01:59:33.543+0600][3.925s][info][gc,phases   ] GC(4)   Pre Evacuate Collection Set: 0.28ms
[2026-04-03T01:59:33.544+0600][3.925s][info][gc,phases   ] GC(4)   Merge Heap Roots: 0.05ms
[2026-04-03T01:59:33.544+0600][3.925s][info][gc,phases   ] GC(4)   Evacuate Collection Set: 3.99ms
[2026-04-03T01:59:33.544+0600][3.925s][info][gc,phases   ] GC(4)   Post Evacuate Collection Set: 0.50ms
[2026-04-03T01:59:33.544+0600][3.925s][info][gc,phases   ] GC(4)   Other: 0.17ms
[2026-04-03T01:59:33.544+0600][3.925s][info][gc,heap     ] GC(4) Eden regions: 3->0(136)
[2026-04-03T01:59:33.544+0600][3.925s][info][gc,heap     ] GC(4) Survivor regions: 14->11(19)
[2026-04-03T01:59:33.544+0600][3.925s][info][gc,heap     ] GC(4) Old regions: 2->6
[2026-04-03T01:59:33.544+0600][3.925s][info][gc,heap     ] GC(4) Humongous regions: 7->7
[2026-04-03T01:59:33.544+0600][3.925s][info][gc,metaspace] GC(4) Metaspace: 21263K(21504K)->21263K(21504K) NonClass: 18627K(18752K)->18627K(18752K) Class: 2635K(2752K)->2635K(2752K)
[2026-04-03T01:59:33.544+0600][3.925s][info][gc          ] GC(4) Pause Young (Concurrent Start) (Metadata GC Threshold) 24M->21M(248M) 5.223ms
[2026-04-03T01:59:33.544+0600][3.925s][info][gc,cpu      ] GC(4) User=0.02s Sys=0.00s Real=0.01s
[2026-04-03T01:59:33.544+0600][3.925s][info][gc          ] GC(5) Concurrent Mark Cycle
[2026-04-03T01:59:33.544+0600][3.925s][info][gc,marking  ] GC(5) Concurrent Scan Root Regions
[2026-04-03T01:59:33.546+0600][3.928s][info][gc,marking  ] GC(5) Concurrent Scan Root Regions 2.662ms
[2026-04-03T01:59:33.546+0600][3.928s][info][gc,marking  ] GC(5) Concurrent Mark
[2026-04-03T01:59:33.546+0600][3.928s][info][gc,marking  ] GC(5) Concurrent Mark From Roots
[2026-04-03T01:59:33.546+0600][3.928s][info][gc,task     ] GC(5) Using 3 workers of 3 for marking
[2026-04-03T01:59:33.549+0600][3.931s][info][gc,marking  ] GC(5) Concurrent Mark From Roots 2.684ms
[2026-04-03T01:59:33.549+0600][3.931s][info][gc,marking  ] GC(5) Concurrent Preclean
[2026-04-03T01:59:33.549+0600][3.931s][info][gc,marking  ] GC(5) Concurrent Preclean 0.017ms
[2026-04-03T01:59:33.549+0600][3.931s][info][gc,start    ] GC(5) Pause Remark
[2026-04-03T01:59:33.552+0600][3.934s][info][gc          ] GC(5) Pause Remark 22M->22M(80M) 2.883ms
[2026-04-03T01:59:33.552+0600][3.934s][info][gc,cpu      ] GC(5) User=0.01s Sys=0.00s Real=0.01s
[2026-04-03T01:59:33.552+0600][3.934s][info][gc,marking  ] GC(5) Concurrent Mark 5.947ms
[2026-04-03T01:59:33.552+0600][3.934s][info][gc,marking  ] GC(5) Concurrent Rebuild Remembered Sets and Scrub Regions
[2026-04-03T01:59:33.554+0600][3.936s][info][gc,marking  ] GC(5) Concurrent Rebuild Remembered Sets and Scrub Regions 1.673ms
[2026-04-03T01:59:33.565+0600][3.946s][info][gc,start    ] GC(5) Pause Cleanup
[2026-04-03T01:59:33.565+0600][3.946s][info][gc          ] GC(5) Pause Cleanup 22M->22M(80M) 0.141ms
[2026-04-03T01:59:33.565+0600][3.946s][info][gc,cpu      ] GC(5) User=0.00s Sys=0.00s Real=0.00s
[2026-04-03T01:59:33.565+0600][3.947s][info][gc,marking  ] GC(5) Concurrent Clear Claimed Marks
[2026-04-03T01:59:33.565+0600][3.947s][info][gc,marking  ] GC(5) Concurrent Clear Claimed Marks 0.070ms
[2026-04-03T01:59:33.565+0600][3.947s][info][gc,marking  ] GC(5) Concurrent Cleanup for Next Mark
[2026-04-03T01:59:33.566+0600][3.947s][info][gc,marking  ] GC(5) Concurrent Cleanup for Next Mark 0.793ms
[2026-04-03T01:59:33.566+0600][3.947s][info][gc          ] GC(5) Concurrent Mark Cycle 22.324ms
[2026-04-03T01:59:34.871+0600][5.253s][info][gc,start    ] GC(6) Pause Young (Prepare Mixed) (G1 Evacuation Pause)
[2026-04-03T01:59:34.872+0600][5.253s][info][gc,task     ] GC(6) Using 3 workers of 10 for evacuation
[2026-04-03T01:59:34.881+0600][5.263s][info][gc,phases   ] GC(6)   Pre Evacuate Collection Set: 0.20ms
[2026-04-03T01:59:34.881+0600][5.263s][info][gc,phases   ] GC(6)   Merge Heap Roots: 0.13ms
[2026-04-03T01:59:34.881+0600][5.263s][info][gc,phases   ] GC(6)   Evacuate Collection Set: 8.07ms
[2026-04-03T01:59:34.881+0600][5.263s][info][gc,phases   ] GC(6)   Post Evacuate Collection Set: 1.20ms
[2026-04-03T01:59:34.881+0600][5.263s][info][gc,phases   ] GC(6)   Other: 0.07ms
[2026-04-03T01:59:34.881+0600][5.263s][info][gc,heap     ] GC(6) Eden regions: 54->0(57)
[2026-04-03T01:59:34.881+0600][5.263s][info][gc,heap     ] GC(6) Survivor regions: 11->3(19)
[2026-04-03T01:59:34.881+0600][5.263s][info][gc,heap     ] GC(6) Old regions: 6->17
[2026-04-03T01:59:34.881+0600][5.263s][info][gc,heap     ] GC(6) Humongous regions: 15->9
[2026-04-03T01:59:34.881+0600][5.263s][info][gc,metaspace] GC(6) Metaspace: 28447K(28800K)->28447K(28800K) NonClass: 24917K(25088K)->24917K(25088K) Class: 3530K(3712K)->3530K(3712K)
[2026-04-03T01:59:34.881+0600][5.263s][info][gc          ] GC(6) Pause Young (Prepare Mixed) (G1 Evacuation Pause) 83M->26M(100M) 9.895ms
[2026-04-03T01:59:34.881+0600][5.263s][info][gc,cpu      ] GC(6) User=0.02s Sys=0.00s Real=0.01s
[2026-04-03T01:59:36.359+0600][6.740s][info][gc,start    ] GC(7) Pause Young (Mixed) (Metadata GC Threshold)
[2026-04-03T01:59:36.359+0600][6.740s][info][gc,task     ] GC(7) Using 2 workers of 10 for evacuation
[2026-04-03T01:59:36.367+0600][6.749s][info][gc,phases   ] GC(7)   Pre Evacuate Collection Set: 0.27ms
[2026-04-03T01:59:36.367+0600][6.749s][info][gc,phases   ] GC(7)   Merge Heap Roots: 0.20ms
[2026-04-03T01:59:36.367+0600][6.749s][info][gc,phases   ] GC(7)   Evacuate Collection Set: 6.72ms
[2026-04-03T01:59:36.367+0600][6.749s][info][gc,phases   ] GC(7)   Post Evacuate Collection Set: 1.09ms
[2026-04-03T01:59:36.367+0600][6.749s][info][gc,phases   ] GC(7)   Other: 0.08ms
[2026-04-03T01:59:36.367+0600][6.749s][info][gc,heap     ] GC(7) Eden regions: 52->0(55)
[2026-04-03T01:59:36.367+0600][6.749s][info][gc,heap     ] GC(7) Survivor regions: 3->5(8)
[2026-04-03T01:59:36.367+0600][6.749s][info][gc,heap     ] GC(7) Old regions: 17->16
[2026-04-03T01:59:36.367+0600][6.749s][info][gc,heap     ] GC(7) Humongous regions: 21->7
[2026-04-03T01:59:36.367+0600][6.749s][info][gc,metaspace] GC(7) Metaspace: 35740K(36096K)->35740K(36096K) NonClass: 31302K(31488K)->31302K(31488K) Class: 4438K(4608K)->4438K(4608K)
[2026-04-03T01:59:36.367+0600][6.749s][info][gc          ] GC(7) Pause Young (Mixed) (Metadata GC Threshold) 89M->26M(100M) 8.613ms
[2026-04-03T01:59:36.367+0600][6.749s][info][gc,cpu      ] GC(7) User=0.02s Sys=0.00s Real=0.01s
[2026-04-03T01:59:36.394+0600][6.776s][info][gc,start    ] GC(8) Pause Young (Concurrent Start) (Metadata GC Threshold)
[2026-04-03T01:59:36.394+0600][6.776s][info][gc,task     ] GC(8) Using 2 workers of 10 for evacuation
[2026-04-03T01:59:36.400+0600][6.782s][info][gc,phases   ] GC(8)   Pre Evacuate Collection Set: 0.25ms
[2026-04-03T01:59:36.401+0600][6.782s][info][gc,phases   ] GC(8)   Merge Heap Roots: 0.10ms
[2026-04-03T01:59:36.401+0600][6.782s][info][gc,phases   ] GC(8)   Evacuate Collection Set: 5.31ms
[2026-04-03T01:59:36.401+0600][6.782s][info][gc,phases   ] GC(8)   Post Evacuate Collection Set: 0.54ms
[2026-04-03T01:59:36.401+0600][6.782s][info][gc,phases   ] GC(8)   Other: 0.16ms
[2026-04-03T01:59:36.401+0600][6.782s][info][gc,heap     ] GC(8) Eden regions: 4->0(56)
[2026-04-03T01:59:36.401+0600][6.782s][info][gc,heap     ] GC(8) Survivor regions: 5->4(8)
[2026-04-03T01:59:36.401+0600][6.782s][info][gc,heap     ] GC(8) Old regions: 16->16
[2026-04-03T01:59:36.401+0600][6.782s][info][gc,heap     ] GC(8) Humongous regions: 7->7
[2026-04-03T01:59:36.401+0600][6.782s][info][gc,metaspace] GC(8) Metaspace: 36102K(36416K)->36102K(36416K) NonClass: 31623K(31808K)->31623K(31808K) Class: 4479K(4608K)->4479K(4608K)
[2026-04-03T01:59:36.401+0600][6.782s][info][gc          ] GC(8) Pause Young (Concurrent Start) (Metadata GC Threshold) 30M->26M(100M) 6.599ms
[2026-04-03T01:59:36.401+0600][6.782s][info][gc          ] GC(9) Concurrent Mark Cycle
[2026-04-03T01:59:36.401+0600][6.782s][info][gc,marking  ] GC(9) Concurrent Scan Root Regions
[2026-04-03T01:59:36.401+0600][6.782s][info][gc,cpu      ] GC(8) User=0.02s Sys=0.00s Real=0.01s
[2026-04-03T01:59:36.403+0600][6.785s][info][gc,marking  ] GC(9) Concurrent Scan Root Regions 2.586ms
[2026-04-03T01:59:36.403+0600][6.785s][info][gc,marking  ] GC(9) Concurrent Mark
[2026-04-03T01:59:36.403+0600][6.785s][info][gc,marking  ] GC(9) Concurrent Mark From Roots
[2026-04-03T01:59:36.403+0600][6.785s][info][gc,task     ] GC(9) Using 3 workers of 3 for marking
[2026-04-03T01:59:36.409+0600][6.791s][info][gc,marking  ] GC(9) Concurrent Mark From Roots 5.951ms
[2026-04-03T01:59:36.409+0600][6.791s][info][gc,marking  ] GC(9) Concurrent Preclean
[2026-04-03T01:59:36.409+0600][6.791s][info][gc,marking  ] GC(9) Concurrent Preclean 0.043ms
[2026-04-03T01:59:36.410+0600][6.791s][info][gc,start    ] GC(9) Pause Remark
[2026-04-03T01:59:36.415+0600][6.796s][info][gc          ] GC(9) Pause Remark 27M->27M(90M) 4.888ms
[2026-04-03T01:59:36.415+0600][6.796s][info][gc,cpu      ] GC(9) User=0.01s Sys=0.00s Real=0.00s
[2026-04-03T01:59:36.415+0600][6.796s][info][gc,marking  ] GC(9) Concurrent Mark 11.425ms
[2026-04-03T01:59:36.415+0600][6.796s][info][gc,marking  ] GC(9) Concurrent Rebuild Remembered Sets and Scrub Regions
[2026-04-03T01:59:36.418+0600][6.799s][info][gc,marking  ] GC(9) Concurrent Rebuild Remembered Sets and Scrub Regions 2.698ms
[2026-04-03T01:59:36.418+0600][6.799s][info][gc,start    ] GC(9) Pause Cleanup
[2026-04-03T01:59:36.418+0600][6.800s][info][gc          ] GC(9) Pause Cleanup 27M->27M(90M) 0.237ms
[2026-04-03T01:59:36.418+0600][6.800s][info][gc,cpu      ] GC(9) User=0.00s Sys=0.00s Real=0.00s
[2026-04-03T01:59:36.418+0600][6.800s][info][gc,marking  ] GC(9) Concurrent Clear Claimed Marks
[2026-04-03T01:59:36.418+0600][6.800s][info][gc,marking  ] GC(9) Concurrent Clear Claimed Marks 0.076ms
[2026-04-03T01:59:36.418+0600][6.800s][info][gc,marking  ] GC(9) Concurrent Cleanup for Next Mark
[2026-04-03T01:59:36.419+0600][6.800s][info][gc,marking  ] GC(9) Concurrent Cleanup for Next Mark 0.236ms
[2026-04-03T01:59:36.419+0600][6.800s][info][gc          ] GC(9) Concurrent Mark Cycle 17.939ms
[2026-04-03T01:59:37.966+0600][8.348s][info][gc,start    ] GC(10) Pause Young (Prepare Mixed) (G1 Evacuation Pause)
[2026-04-03T01:59:37.966+0600][8.348s][info][gc,task     ] GC(10) Using 2 workers of 10 for evacuation
[2026-04-03T01:59:37.977+0600][8.359s][info][gc,phases   ] GC(10)   Pre Evacuate Collection Set: 0.13ms
[2026-04-03T01:59:37.978+0600][8.359s][info][gc,phases   ] GC(10)   Merge Heap Roots: 0.10ms
[2026-04-03T01:59:37.978+0600][8.359s][info][gc,phases   ] GC(10)   Evacuate Collection Set: 9.97ms
[2026-04-03T01:59:37.978+0600][8.359s][info][gc,phases   ] GC(10)   Post Evacuate Collection Set: 0.95ms
[2026-04-03T01:59:37.978+0600][8.359s][info][gc,phases   ] GC(10)   Other: 0.10ms
[2026-04-03T01:59:37.978+0600][8.359s][info][gc,heap     ] GC(10) Eden regions: 50->0(51)
[2026-04-03T01:59:37.978+0600][8.359s][info][gc,heap     ] GC(10) Survivor regions: 4->6(8)
[2026-04-03T01:59:37.978+0600][8.359s][info][gc,heap     ] GC(10) Old regions: 16->16
[2026-04-03T01:59:37.978+0600][8.359s][info][gc,heap     ] GC(10) Humongous regions: 20->8
[2026-04-03T01:59:37.978+0600][8.359s][info][gc,metaspace] GC(10) Metaspace: 42668K(43136K)->42668K(43136K) NonClass: 37373K(37632K)->37373K(37632K) Class: 5294K(5504K)->5294K(5504K)
[2026-04-03T01:59:37.978+0600][8.359s][info][gc          ] GC(10) Pause Young (Prepare Mixed) (G1 Evacuation Pause) 89M->28M(96M) 11.486ms
[2026-04-03T01:59:37.978+0600][8.359s][info][gc,cpu      ] GC(10) User=0.02s Sys=0.01s Real=0.01s
[2026-04-03T01:59:38.433+0600][8.814s][info][gc,start    ] GC(11) Pause Young (Mixed) (G1 Evacuation Pause)
[2026-04-03T01:59:38.433+0600][8.815s][info][gc,task     ] GC(11) Using 2 workers of 10 for evacuation
[2026-04-03T01:59:38.445+0600][8.827s][info][gc,phases   ] GC(11)   Pre Evacuate Collection Set: 0.34ms
[2026-04-03T01:59:38.445+0600][8.827s][info][gc,phases   ] GC(11)   Merge Heap Roots: 0.14ms
[2026-04-03T01:59:38.445+0600][8.827s][info][gc,phases   ] GC(11)   Evacuate Collection Set: 10.56ms
[2026-04-03T01:59:38.445+0600][8.827s][info][gc,phases   ] GC(11)   Post Evacuate Collection Set: 0.99ms
[2026-04-03T01:59:38.445+0600][8.827s][info][gc,phases   ] GC(11)   Other: 0.08ms
[2026-04-03T01:59:38.445+0600][8.827s][info][gc,heap     ] GC(11) Eden regions: 51->0(50)
[2026-04-03T01:59:38.445+0600][8.827s][info][gc,heap     ] GC(11) Survivor regions: 6->7(8)
[2026-04-03T01:59:38.445+0600][8.827s][info][gc,heap     ] GC(11) Old regions: 16->17
[2026-04-03T01:59:38.445+0600][8.827s][info][gc,heap     ] GC(11) Humongous regions: 8->8
[2026-04-03T01:59:38.445+0600][8.827s][info][gc,metaspace] GC(11) Metaspace: 49251K(49728K)->49251K(49728K) NonClass: 43151K(43456K)->43151K(43456K) Class: 6099K(6272K)->6099K(6272K)
[2026-04-03T01:59:38.445+0600][8.827s][info][gc          ] GC(11) Pause Young (Mixed) (G1 Evacuation Pause) 79M->32M(96M) 12.399ms
[2026-04-03T01:59:38.445+0600][8.827s][info][gc,cpu      ] GC(11) User=0.03s Sys=0.00s Real=0.01s
[2026-04-03T01:59:38.529+0600][8.911s][info][gc,start    ] GC(12) Pause Young (Normal) (G1 Evacuation Pause)
[2026-04-03T01:59:38.529+0600][8.911s][info][gc,task     ] GC(12) Using 2 workers of 10 for evacuation
[2026-04-03T01:59:38.543+0600][8.924s][info][gc,phases   ] GC(12)   Pre Evacuate Collection Set: 0.32ms
[2026-04-03T01:59:38.543+0600][8.924s][info][gc,phases   ] GC(12)   Merge Heap Roots: 0.16ms
[2026-04-03T01:59:38.543+0600][8.924s][info][gc,phases   ] GC(12)   Evacuate Collection Set: 11.86ms
[2026-04-03T01:59:38.543+0600][8.924s][info][gc,phases   ] GC(12)   Post Evacuate Collection Set: 0.78ms
[2026-04-03T01:59:38.543+0600][8.924s][info][gc,phases   ] GC(12)   Other: 0.11ms
[2026-04-03T01:59:38.543+0600][8.924s][info][gc,heap     ] GC(12) Eden regions: 50->0(50)
[2026-04-03T01:59:38.543+0600][8.924s][info][gc,heap     ] GC(12) Survivor regions: 7->7(8)
[2026-04-03T01:59:38.543+0600][8.924s][info][gc,heap     ] GC(12) Old regions: 17->21
[2026-04-03T01:59:38.543+0600][8.924s][info][gc,heap     ] GC(12) Humongous regions: 8->8
[2026-04-03T01:59:38.543+0600][8.924s][info][gc,metaspace] GC(12) Metaspace: 49254K(49728K)->49254K(49728K) NonClass: 43154K(43456K)->43154K(43456K) Class: 6099K(6272K)->6099K(6272K)
[2026-04-03T01:59:38.543+0600][8.924s][info][gc          ] GC(12) Pause Young (Normal) (G1 Evacuation Pause) 82M->35M(96M) 13.524ms
[2026-04-03T01:59:38.543+0600][8.924s][info][gc,cpu      ] GC(12) User=0.04s Sys=0.00s Real=0.02s
[2026-04-03T01:59:38.597+0600][8.979s][info][gc,start    ] GC(13) Pause Young (Normal) (G1 Evacuation Pause)
[2026-04-03T01:59:38.597+0600][8.979s][info][gc,task     ] GC(13) Using 2 workers of 10 for evacuation
[2026-04-03T01:59:38.607+0600][8.989s][info][gc,phases   ] GC(13)   Pre Evacuate Collection Set: 0.32ms
[2026-04-03T01:59:38.607+0600][8.989s][info][gc,phases   ] GC(13)   Merge Heap Roots: 0.11ms
[2026-04-03T01:59:38.607+0600][8.989s][info][gc,phases   ] GC(13)   Evacuate Collection Set: 8.87ms
[2026-04-03T01:59:38.607+0600][8.989s][info][gc,phases   ] GC(13)   Post Evacuate Collection Set: 0.55ms
[2026-04-03T01:59:38.607+0600][8.989s][info][gc,phases   ] GC(13)   Other: 0.07ms
[2026-04-03T01:59:38.607+0600][8.989s][info][gc,heap     ] GC(13) Eden regions: 50->0(47)
[2026-04-03T01:59:38.607+0600][8.989s][info][gc,heap     ] GC(13) Survivor regions: 7->5(8)
[2026-04-03T01:59:38.607+0600][8.989s][info][gc,heap     ] GC(13) Old regions: 21->28
[2026-04-03T01:59:38.607+0600][8.989s][info][gc,heap     ] GC(13) Humongous regions: 8->8
[2026-04-03T01:59:38.607+0600][8.989s][info][gc,metaspace] GC(13) Metaspace: 49254K(49728K)->49254K(49728K) NonClass: 43154K(43456K)->43154K(43456K) Class: 6099K(6272K)->6099K(6272K)
[2026-04-03T01:59:38.607+0600][8.989s][info][gc          ] GC(13) Pause Young (Normal) (G1 Evacuation Pause) 85M->40M(98M) 10.153ms
[2026-04-03T01:59:38.607+0600][8.989s][info][gc,cpu      ] GC(13) User=0.02s Sys=0.00s Real=0.01s
[2026-04-03T01:59:38.654+0600][9.035s][info][gc,start    ] GC(14) Pause Young (Normal) (G1 Evacuation Pause)
[2026-04-03T01:59:38.654+0600][9.035s][info][gc,task     ] GC(14) Using 2 workers of 10 for evacuation
[2026-04-03T01:59:38.663+0600][9.044s][info][gc,phases   ] GC(14)   Pre Evacuate Collection Set: 0.41ms
[2026-04-03T01:59:38.663+0600][9.044s][info][gc,phases   ] GC(14)   Merge Heap Roots: 0.15ms
[2026-04-03T01:59:38.663+0600][9.044s][info][gc,phases   ] GC(14)   Evacuate Collection Set: 6.97ms
[2026-04-03T01:59:38.663+0600][9.044s][info][gc,phases   ] GC(14)   Post Evacuate Collection Set: 1.33ms
[2026-04-03T01:59:38.663+0600][9.044s][info][gc,phases   ] GC(14)   Other: 0.08ms
[2026-04-03T01:59:38.663+0600][9.044s][info][gc,heap     ] GC(14) Eden regions: 47->0(113)
[2026-04-03T01:59:38.663+0600][9.044s][info][gc,heap     ] GC(14) Survivor regions: 5->4(7)
[2026-04-03T01:59:38.663+0600][9.044s][info][gc,heap     ] GC(14) Old regions: 28->32
[2026-04-03T01:59:38.663+0600][9.044s][info][gc,heap     ] GC(14) Humongous regions: 8->8
[2026-04-03T01:59:38.663+0600][9.044s][info][gc,metaspace] GC(14) Metaspace: 49254K(49728K)->49254K(49728K) NonClass: 43154K(43456K)->43154K(43456K) Class: 6099K(6272K)->6099K(6272K)
[2026-04-03T01:59:38.663+0600][9.044s][info][gc          ] GC(14) Pause Young (Normal) (G1 Evacuation Pause) 87M->44M(196M) 9.210ms
[2026-04-03T01:59:38.663+0600][9.044s][info][gc,cpu      ] GC(14) User=0.02s Sys=0.01s Real=0.01s
[2026-04-03T01:59:38.823+0600][9.204s][info][gc,start    ] GC(15) Pause Young (Normal) (G1 Evacuation Pause)
[2026-04-03T01:59:38.823+0600][9.204s][info][gc,task     ] GC(15) Using 4 workers of 10 for evacuation
[2026-04-03T01:59:38.830+0600][9.212s][info][gc,phases   ] GC(15)   Pre Evacuate Collection Set: 0.30ms
[2026-04-03T01:59:38.830+0600][9.212s][info][gc,phases   ] GC(15)   Merge Heap Roots: 0.19ms
[2026-04-03T01:59:38.830+0600][9.212s][info][gc,phases   ] GC(15)   Evacuate Collection Set: 6.06ms
[2026-04-03T01:59:38.830+0600][9.212s][info][gc,phases   ] GC(15)   Post Evacuate Collection Set: 0.63ms
[2026-04-03T01:59:38.830+0600][9.212s][info][gc,phases   ] GC(15)   Other: 0.08ms
[2026-04-03T01:59:38.830+0600][9.212s][info][gc,heap     ] GC(15) Eden regions: 113->0(103)
[2026-04-03T01:59:38.830+0600][9.212s][info][gc,heap     ] GC(15) Survivor regions: 4->14(15)
[2026-04-03T01:59:38.830+0600][9.212s][info][gc,heap     ] GC(15) Old regions: 32->32
[2026-04-03T01:59:38.830+0600][9.212s][info][gc,heap     ] GC(15) Humongous regions: 8->8
[2026-04-03T01:59:38.830+0600][9.212s][info][gc,metaspace] GC(15) Metaspace: 49254K(49728K)->49254K(49728K) NonClass: 43154K(43456K)->43154K(43456K) Class: 6099K(6272K)->6099K(6272K)
[2026-04-03T01:59:38.830+0600][9.212s][info][gc          ] GC(15) Pause Young (Normal) (G1 Evacuation Pause) 157M->54M(196M) 7.483ms
[2026-04-03T01:59:38.830+0600][9.212s][info][gc,cpu      ] GC(15) User=0.02s Sys=0.00s Real=0.01s
[2026-04-03T01:59:38.925+0600][9.307s][info][gc,start    ] GC(16) Pause Young (Normal) (G1 Evacuation Pause)
[2026-04-03T01:59:38.926+0600][9.307s][info][gc,task     ] GC(16) Using 4 workers of 10 for evacuation
[2026-04-03T01:59:38.935+0600][9.317s][info][gc,phases   ] GC(16)   Pre Evacuate Collection Set: 0.34ms
[2026-04-03T01:59:38.935+0600][9.317s][info][gc,phases   ] GC(16)   Merge Heap Roots: 0.07ms
[2026-04-03T01:59:38.935+0600][9.317s][info][gc,phases   ] GC(16)   Evacuate Collection Set: 8.58ms
[2026-04-03T01:59:38.935+0600][9.317s][info][gc,phases   ] GC(16)   Post Evacuate Collection Set: 0.39ms
[2026-04-03T01:59:38.935+0600][9.317s][info][gc,phases   ] GC(16)   Other: 0.07ms
[2026-04-03T01:59:38.935+0600][9.317s][info][gc,heap     ] GC(16) Eden regions: 103->0(108)
[2026-04-03T01:59:38.935+0600][9.317s][info][gc,heap     ] GC(16) Survivor regions: 14->9(15)
[2026-04-03T01:59:38.935+0600][9.317s][info][gc,heap     ] GC(16) Old regions: 32->46
[2026-04-03T01:59:38.935+0600][9.317s][info][gc,heap     ] GC(16) Humongous regions: 8->8
[2026-04-03T01:59:38.935+0600][9.317s][info][gc,metaspace] GC(16) Metaspace: 49254K(49728K)->49254K(49728K) NonClass: 43154K(43456K)->43154K(43456K) Class: 6099K(6272K)->6099K(6272K)
[2026-04-03T01:59:38.935+0600][9.317s][info][gc          ] GC(16) Pause Young (Normal) (G1 Evacuation Pause) 157M->62M(196M) 9.663ms
[2026-04-03T01:59:38.935+0600][9.317s][info][gc,cpu      ] GC(16) User=0.03s Sys=0.00s Real=0.01s
[2026-04-03T01:59:39.051+0600][9.432s][info][gc,start    ] GC(17) Pause Young (Normal) (G1 Evacuation Pause)
[2026-04-03T01:59:39.051+0600][9.433s][info][gc,task     ] GC(17) Using 4 workers of 10 for evacuation
[2026-04-03T01:59:39.060+0600][9.441s][info][gc,phases   ] GC(17)   Pre Evacuate Collection Set: 0.33ms
[2026-04-03T01:59:39.060+0600][9.441s][info][gc,phases   ] GC(17)   Merge Heap Roots: 0.20ms
[2026-04-03T01:59:39.060+0600][9.441s][info][gc,phases   ] GC(17)   Evacuate Collection Set: 7.35ms
[2026-04-03T01:59:39.060+0600][9.441s][info][gc,phases   ] GC(17)   Post Evacuate Collection Set: 0.63ms
[2026-04-03T01:59:39.060+0600][9.441s][info][gc,phases   ] GC(17)   Other: 0.07ms
[2026-04-03T01:59:39.060+0600][9.441s][info][gc,heap     ] GC(17) Eden regions: 108->0(101)
[2026-04-03T01:59:39.060+0600][9.441s][info][gc,heap     ] GC(17) Survivor regions: 9->10(15)
[2026-04-03T01:59:39.060+0600][9.441s][info][gc,heap     ] GC(17) Old regions: 46->56
[2026-04-03T01:59:39.060+0600][9.441s][info][gc,heap     ] GC(17) Humongous regions: 8->8
[2026-04-03T01:59:39.060+0600][9.441s][info][gc,metaspace] GC(17) Metaspace: 49254K(49728K)->49254K(49728K) NonClass: 43154K(43456K)->43154K(43456K) Class: 6099K(6272K)->6099K(6272K)
[2026-04-03T01:59:39.060+0600][9.441s][info][gc          ] GC(17) Pause Young (Normal) (G1 Evacuation Pause) 170M->73M(196M) 8.833ms
[2026-04-03T01:59:39.060+0600][9.441s][info][gc,cpu      ] GC(17) User=0.03s Sys=0.00s Real=0.01s
[2026-04-03T01:59:39.155+0600][9.537s][info][gc,start    ] GC(18) Pause Young (Normal) (G1 Evacuation Pause)
[2026-04-03T01:59:39.155+0600][9.537s][info][gc,task     ] GC(18) Using 4 workers of 10 for evacuation
[2026-04-03T01:59:39.165+0600][9.546s][info][gc,phases   ] GC(18)   Pre Evacuate Collection Set: 0.50ms
[2026-04-03T01:59:39.165+0600][9.546s][info][gc,phases   ] GC(18)   Merge Heap Roots: 0.06ms
[2026-04-03T01:59:39.165+0600][9.546s][info][gc,phases   ] GC(18)   Evacuate Collection Set: 6.53ms
[2026-04-03T01:59:39.165+0600][9.546s][info][gc,phases   ] GC(18)   Post Evacuate Collection Set: 2.10ms
[2026-04-03T01:59:39.165+0600][9.546s][info][gc,phases   ] GC(18)   Other: 0.07ms
[2026-04-03T01:59:39.165+0600][9.546s][info][gc,heap     ] GC(18) Eden regions: 101->0(210)
[2026-04-03T01:59:39.165+0600][9.546s][info][gc,heap     ] GC(18) Survivor regions: 10->9(14)
[2026-04-03T01:59:39.165+0600][9.546s][info][gc,heap     ] GC(18) Old regions: 56->65
[2026-04-03T01:59:39.165+0600][9.546s][info][gc,heap     ] GC(18) Humongous regions: 8->8
[2026-04-03T01:59:39.165+0600][9.546s][info][gc,metaspace] GC(18) Metaspace: 49254K(49728K)->49254K(49728K) NonClass: 43154K(43456K)->43154K(43456K) Class: 6099K(6272K)->6099K(6272K)
[2026-04-03T01:59:39.165+0600][9.546s][info][gc          ] GC(18) Pause Young (Normal) (G1 Evacuation Pause) 174M->81M(365M) 9.468ms
[2026-04-03T01:59:39.165+0600][9.546s][info][gc,cpu      ] GC(18) User=0.02s Sys=0.00s Real=0.01s
[2026-04-03T01:59:39.444+0600][9.825s][info][gc,start    ] GC(19) Pause Young (Normal) (G1 Evacuation Pause)
[2026-04-03T01:59:39.444+0600][9.825s][info][gc,task     ] GC(19) Using 8 workers of 10 for evacuation
[2026-04-03T01:59:39.452+0600][9.833s][info][gc,phases   ] GC(19)   Pre Evacuate Collection Set: 0.34ms
[2026-04-03T01:59:39.452+0600][9.833s][info][gc,phases   ] GC(19)   Merge Heap Roots: 0.07ms
[2026-04-03T01:59:39.452+0600][9.833s][info][gc,phases   ] GC(19)   Evacuate Collection Set: 6.43ms
[2026-04-03T01:59:39.452+0600][9.833s][info][gc,phases   ] GC(19)   Post Evacuate Collection Set: 0.93ms
[2026-04-03T01:59:39.452+0600][9.833s][info][gc,phases   ] GC(19)   Other: 0.13ms
[2026-04-03T01:59:39.452+0600][9.833s][info][gc,heap     ] GC(19) Eden regions: 210->0(192)
[2026-04-03T01:59:39.452+0600][9.833s][info][gc,heap     ] GC(19) Survivor regions: 9->27(28)
[2026-04-03T01:59:39.452+0600][9.833s][info][gc,heap     ] GC(19) Old regions: 65->65
[2026-04-03T01:59:39.452+0600][9.833s][info][gc,heap     ] GC(19) Humongous regions: 8->8
[2026-04-03T01:59:39.452+0600][9.833s][info][gc,metaspace] GC(19) Metaspace: 49254K(49728K)->49254K(49728K) NonClass: 43154K(43456K)->43154K(43456K) Class: 6099K(6272K)->6099K(6272K)
[2026-04-03T01:59:39.452+0600][9.833s][info][gc          ] GC(19) Pause Young (Normal) (G1 Evacuation Pause) 291M->100M(365M) 8.198ms
[2026-04-03T01:59:39.452+0600][9.833s][info][gc,cpu      ] GC(19) User=0.05s Sys=0.00s Real=0.01s
[2026-04-03T01:59:39.628+0600][10.010s][info][gc,start    ] GC(20) Pause Young (Normal) (G1 Evacuation Pause)
[2026-04-03T01:59:39.629+0600][10.010s][info][gc,task     ] GC(20) Using 8 workers of 10 for evacuation
[2026-04-03T01:59:39.640+0600][10.021s][info][gc,phases   ] GC(20)   Pre Evacuate Collection Set: 0.41ms
[2026-04-03T01:59:39.640+0600][10.021s][info][gc,phases   ] GC(20)   Merge Heap Roots: 0.16ms
[2026-04-03T01:59:39.640+0600][10.021s][info][gc,phases   ] GC(20)   Evacuate Collection Set: 9.62ms
[2026-04-03T01:59:39.640+0600][10.021s][info][gc,phases   ] GC(20)   Post Evacuate Collection Set: 0.73ms
[2026-04-03T01:59:39.640+0600][10.021s][info][gc,phases   ] GC(20)   Other: 0.08ms
[2026-04-03T01:59:39.640+0600][10.021s][info][gc,heap     ] GC(20) Eden regions: 192->0(200)
[2026-04-03T01:59:39.640+0600][10.021s][info][gc,heap     ] GC(20) Survivor regions: 27->18(28)
[2026-04-03T01:59:39.640+0600][10.021s][info][gc,heap     ] GC(20) Old regions: 65->92
[2026-04-03T01:59:39.640+0600][10.021s][info][gc,heap     ] GC(20) Humongous regions: 8->8
[2026-04-03T01:59:39.640+0600][10.021s][info][gc,metaspace] GC(20) Metaspace: 49254K(49728K)->49254K(49728K) NonClass: 43154K(43456K)->43154K(43456K) Class: 6099K(6272K)->6099K(6272K)
[2026-04-03T01:59:39.640+0600][10.021s][info][gc          ] GC(20) Pause Young (Normal) (G1 Evacuation Pause) 292M->117M(365M) 11.302ms
[2026-04-03T01:59:39.640+0600][10.021s][info][gc,cpu      ] GC(20) User=0.08s Sys=0.00s Real=0.02s
[2026-04-03T01:59:39.822+0600][10.204s][info][gc,start    ] GC(21) Pause Young (Normal) (G1 Evacuation Pause)
[2026-04-03T01:59:39.822+0600][10.204s][info][gc,task     ] GC(21) Using 8 workers of 10 for evacuation
[2026-04-03T01:59:39.831+0600][10.212s][info][gc,phases   ] GC(21)   Pre Evacuate Collection Set: 0.32ms
[2026-04-03T01:59:39.846+0600][10.227s][info][gc,phases   ] GC(21)   Merge Heap Roots: 0.09ms
[2026-04-03T01:59:39.846+0600][10.227s][info][gc,phases   ] GC(21)   Evacuate Collection Set: 7.27ms
[2026-04-03T01:59:39.846+0600][10.227s][info][gc,phases   ] GC(21)   Post Evacuate Collection Set: 0.60ms
[2026-04-03T01:59:39.846+0600][10.227s][info][gc,phases   ] GC(21)   Other: 0.10ms
[2026-04-03T01:59:39.846+0600][10.227s][info][gc,heap     ] GC(21) Eden regions: 200->0(189)
[2026-04-03T01:59:39.846+0600][10.227s][info][gc,heap     ] GC(21) Survivor regions: 18->18(28)
[2026-04-03T01:59:39.846+0600][10.227s][info][gc,heap     ] GC(21) Old regions: 92->109
[2026-04-03T01:59:39.846+0600][10.227s][info][gc,heap     ] GC(21) Humongous regions: 8->8
[2026-04-03T01:59:39.846+0600][10.227s][info][gc,metaspace] GC(21) Metaspace: 49254K(49728K)->49254K(49728K) NonClass: 43154K(43456K)->43154K(43456K) Class: 6099K(6272K)->6099K(6272K)
[2026-04-03T01:59:39.846+0600][10.227s][info][gc          ] GC(21) Pause Young (Normal) (G1 Evacuation Pause) 317M->134M(365M) 23.836ms
[2026-04-03T01:59:39.846+0600][10.228s][info][gc,cpu      ] GC(21) User=0.06s Sys=0.01s Real=0.02s
[2026-04-03T01:59:41.779+0600][12.161s][info][gc,start    ] GC(22) Pause Full (System.gc())
[2026-04-03T01:59:41.779+0600][12.161s][info][gc,task     ] GC(22) Using 8 workers of 10 for full compaction
[2026-04-03T01:59:41.779+0600][12.161s][info][gc,phases,start] GC(22) Phase 1: Mark live objects
[2026-04-03T01:59:41.790+0600][12.172s][info][gc,phases      ] GC(22) Phase 1: Mark live objects 10.756ms
[2026-04-03T01:59:41.790+0600][12.172s][info][gc,phases,start] GC(22) Phase 2: Prepare compaction
[2026-04-03T01:59:41.792+0600][12.173s][info][gc,phases      ] GC(22) Phase 2: Prepare compaction 1.513ms
[2026-04-03T01:59:41.792+0600][12.173s][info][gc,phases,start] GC(22) Phase 3: Adjust pointers
[2026-04-03T01:59:41.797+0600][12.179s][info][gc,phases      ] GC(22) Phase 3: Adjust pointers 5.395ms
[2026-04-03T01:59:41.797+0600][12.179s][info][gc,phases,start] GC(22) Phase 4: Compact heap
[2026-04-03T01:59:41.799+0600][12.181s][info][gc,phases      ] GC(22) Phase 4: Compact heap 1.992ms
[2026-04-03T01:59:41.799+0600][12.181s][info][gc,phases,start] GC(22) Phase 5: Reset Metadata
[2026-04-03T01:59:41.800+0600][12.182s][info][gc,phases      ] GC(22) Phase 5: Reset Metadata 1.097ms
[2026-04-03T01:59:41.806+0600][12.187s][info][gc,heap        ] GC(22) Eden regions: 75->0(66)
[2026-04-03T01:59:41.806+0600][12.187s][info][gc,heap        ] GC(22) Survivor regions: 18->0(28)
[2026-04-03T01:59:41.806+0600][12.187s][info][gc,heap        ] GC(22) Old regions: 109->26
[2026-04-03T01:59:41.806+0600][12.187s][info][gc,heap        ] GC(22) Humongous regions: 27->8
[2026-04-03T01:59:41.806+0600][12.187s][info][gc,metaspace   ] GC(22) Metaspace: 55452K(55936K)->55452K(55936K) NonClass: 48488K(48768K)->48488K(48768K) Class: 6964K(7168K)->6964K(7168K)
[2026-04-03T01:59:41.806+0600][12.187s][info][gc             ] GC(22) Pause Full (System.gc()) 228M->29M(114M) 26.657ms
[2026-04-03T01:59:41.806+0600][12.187s][info][gc,cpu         ] GC(22) User=0.10s Sys=0.03s Real=0.03s
[2026-04-03T01:59:43.483+0600][13.865s][info][gc,start       ] GC(23) Pause Young (Concurrent Start) (G1 Humongous Allocation)
[2026-04-03T01:59:43.483+0600][13.865s][info][gc,task        ] GC(23) Using 5 workers of 10 for evacuation
[2026-04-03T01:59:43.487+0600][13.868s][info][gc,phases      ] GC(23)   Pre Evacuate Collection Set: 0.27ms
[2026-04-03T01:59:43.487+0600][13.868s][info][gc,phases      ] GC(23)   Merge Heap Roots: 0.13ms
[2026-04-03T01:59:43.487+0600][13.868s][info][gc,phases      ] GC(23)   Evacuate Collection Set: 2.22ms
[2026-04-03T01:59:43.487+0600][13.868s][info][gc,phases      ] GC(23)   Post Evacuate Collection Set: 0.78ms
[2026-04-03T01:59:43.487+0600][13.868s][info][gc,phases      ] GC(23)   Other: 0.21ms
[2026-04-03T01:59:43.487+0600][13.869s][info][gc,heap        ] GC(23) Eden regions: 46->0(64)
[2026-04-03T01:59:43.487+0600][13.869s][info][gc,heap        ] GC(23) Survivor regions: 0->4(9)
[2026-04-03T01:59:43.487+0600][13.869s][info][gc,heap        ] GC(23) Old regions: 26->26
[2026-04-03T01:59:43.487+0600][13.869s][info][gc,heap        ] GC(23) Humongous regions: 25->8
[2026-04-03T01:59:43.487+0600][13.869s][info][gc,metaspace   ] GC(23) Metaspace: 60551K(61248K)->60551K(61248K) NonClass: 52861K(53248K)->52861K(53248K) Class: 7689K(8000K)->7689K(8000K)
[2026-04-03T01:59:43.487+0600][13.869s][info][gc             ] GC(23) Pause Young (Concurrent Start) (G1 Humongous Allocation) 92M->33M(114M) 3.825ms
[2026-04-03T01:59:43.487+0600][13.869s][info][gc,cpu         ] GC(23) User=0.01s Sys=0.00s Real=0.00s
[2026-04-03T01:59:43.487+0600][13.869s][info][gc             ] GC(24) Concurrent Undo Cycle
[2026-04-03T01:59:43.487+0600][13.869s][info][gc,marking     ] GC(24) Concurrent Clear Claimed Marks
[2026-04-03T01:59:43.487+0600][13.869s][info][gc,marking     ] GC(24) Concurrent Clear Claimed Marks 0.077ms
[2026-04-03T01:59:43.487+0600][13.869s][info][gc,marking     ] GC(24) Concurrent Cleanup for Next Mark
[2026-04-03T01:59:43.487+0600][13.869s][info][gc,marking     ] GC(24) Concurrent Cleanup for Next Mark 0.106ms
[2026-04-03T01:59:43.487+0600][13.869s][info][gc             ] GC(24) Concurrent Undo Cycle 0.279ms
[2026-04-03T01:59:43.850+0600][14.231s][info][gc,start       ] GC(25) Pause Young (Normal) (G1 Evacuation Pause)
[2026-04-03T01:59:43.850+0600][14.231s][info][gc,task        ] GC(25) Using 3 workers of 10 for evacuation
[2026-04-03T01:59:43.857+0600][14.238s][info][gc,phases      ] GC(25)   Pre Evacuate Collection Set: 0.35ms
[2026-04-03T01:59:43.857+0600][14.238s][info][gc,phases      ] GC(25)   Merge Heap Roots: 0.21ms
[2026-04-03T01:59:43.857+0600][14.238s][info][gc,phases      ] GC(25)   Evacuate Collection Set: 5.47ms
[2026-04-03T01:59:43.857+0600][14.238s][info][gc,phases      ] GC(25)   Post Evacuate Collection Set: 0.75ms
[2026-04-03T01:59:43.857+0600][14.238s][info][gc,phases      ] GC(25)   Other: 0.11ms
[2026-04-03T01:59:43.857+0600][14.238s][info][gc,heap        ] GC(25) Eden regions: 64->0(61)
[2026-04-03T01:59:43.857+0600][14.238s][info][gc,heap        ] GC(25) Survivor regions: 4->7(9)
[2026-04-03T01:59:43.857+0600][14.238s][info][gc,heap        ] GC(25) Old regions: 26->26
[2026-04-03T01:59:43.857+0600][14.238s][info][gc,heap        ] GC(25) Humongous regions: 10->8
[2026-04-03T01:59:43.857+0600][14.238s][info][gc,metaspace   ] GC(25) Metaspace: 61606K(62272K)->61606K(62272K) NonClass: 53878K(54272K)->53878K(54272K) Class: 7727K(8000K)->7727K(8000K)
[2026-04-03T01:59:43.857+0600][14.238s][info][gc             ] GC(25) Pause Young (Normal) (G1 Evacuation Pause) 99M->36M(114M) 7.345ms
[2026-04-03T01:59:43.857+0600][14.239s][info][gc,cpu         ] GC(25) User=0.03s Sys=0.00s Real=0.01s
[2026-04-03T01:59:43.976+0600][14.358s][info][gc,start       ] GC(26) Pause Young (Normal) (G1 Evacuation Pause)
[2026-04-03T01:59:43.976+0600][14.358s][info][gc,task        ] GC(26) Using 2 workers of 10 for evacuation
[2026-04-03T01:59:43.990+0600][14.372s][info][gc,phases      ] GC(26)   Pre Evacuate Collection Set: 0.38ms
[2026-04-03T01:59:43.990+0600][14.372s][info][gc,phases      ] GC(26)   Merge Heap Roots: 0.19ms
[2026-04-03T01:59:43.990+0600][14.372s][info][gc,phases      ] GC(26)   Evacuate Collection Set: 12.70ms
[2026-04-03T01:59:43.990+0600][14.372s][info][gc,phases      ] GC(26)   Post Evacuate Collection Set: 0.75ms
[2026-04-03T01:59:43.990+0600][14.372s][info][gc,phases      ] GC(26)   Other: 0.08ms
[2026-04-03T01:59:43.990+0600][14.372s][info][gc,heap        ] GC(26) Eden regions: 61->0(57)
[2026-04-03T01:59:43.990+0600][14.372s][info][gc,heap        ] GC(26) Survivor regions: 7->9(9)
[2026-04-03T01:59:43.990+0600][14.372s][info][gc,heap        ] GC(26) Old regions: 26->29
[2026-04-03T01:59:43.991+0600][14.372s][info][gc,heap        ] GC(26) Humongous regions: 9->9
[2026-04-03T01:59:43.991+0600][14.372s][info][gc,metaspace   ] GC(26) Metaspace: 61633K(62336K)->61633K(62336K) NonClass: 53905K(54336K)->53905K(54336K) Class: 7727K(8000K)->7727K(8000K)
[2026-04-03T01:59:43.991+0600][14.372s][info][gc             ] GC(26) Pause Young (Normal) (G1 Evacuation Pause) 98M->42M(115M) 14.374ms
[2026-04-03T01:59:43.991+0600][14.372s][info][gc,cpu         ] GC(26) User=0.04s Sys=0.01s Real=0.02s
[2026-04-03T01:59:44.045+0600][14.427s][info][gc,start       ] GC(27) Pause Young (Normal) (G1 Evacuation Pause)
[2026-04-03T01:59:44.045+0600][14.427s][info][gc,task        ] GC(27) Using 2 workers of 10 for evacuation
[2026-04-03T01:59:44.089+0600][14.471s][info][gc,phases      ] GC(27)   Pre Evacuate Collection Set: 0.32ms
[2026-04-03T01:59:44.089+0600][14.471s][info][gc,phases      ] GC(27)   Merge Heap Roots: 0.11ms
[2026-04-03T01:59:44.089+0600][14.471s][info][gc,phases      ] GC(27)   Evacuate Collection Set: 42.55ms
[2026-04-03T01:59:44.089+0600][14.471s][info][gc,phases      ] GC(27)   Post Evacuate Collection Set: 0.99ms
[2026-04-03T01:59:44.089+0600][14.471s][info][gc,phases      ] GC(27)   Other: 0.09ms
[2026-04-03T01:59:44.089+0600][14.471s][info][gc,heap        ] GC(27) Eden regions: 57->0(116)
[2026-04-03T01:59:44.089+0600][14.471s][info][gc,heap        ] GC(27) Survivor regions: 9->5(9)
[2026-04-03T01:59:44.089+0600][14.471s][info][gc,heap        ] GC(27) Old regions: 29->38
[2026-04-03T01:59:44.089+0600][14.471s][info][gc,heap        ] GC(27) Humongous regions: 11->11
[2026-04-03T01:59:44.089+0600][14.471s][info][gc,metaspace   ] GC(27) Metaspace: 61638K(62336K)->61638K(62336K) NonClass: 53910K(54336K)->53910K(54336K) Class: 7727K(8000K)->7727K(8000K)
[2026-04-03T01:59:44.089+0600][14.471s][info][gc             ] GC(27) Pause Young (Normal) (G1 Evacuation Pause) 101M->49M(203M) 44.340ms
[2026-04-03T01:59:44.089+0600][14.471s][info][gc,cpu         ] GC(27) User=0.11s Sys=0.00s Real=0.04s
[2026-04-03T01:59:44.215+0600][14.596s][info][gc,start       ] GC(28) Pause Young (Normal) (G1 Evacuation Pause)
[2026-04-03T01:59:44.215+0600][14.596s][info][gc,task        ] GC(28) Using 4 workers of 10 for evacuation
[2026-04-03T01:59:44.228+0600][14.610s][info][gc,phases      ] GC(28)   Pre Evacuate Collection Set: 0.40ms
[2026-04-03T01:59:44.228+0600][14.610s][info][gc,phases      ] GC(28)   Merge Heap Roots: 0.17ms
[2026-04-03T01:59:44.228+0600][14.610s][info][gc,phases      ] GC(28)   Evacuate Collection Set: 11.37ms
[2026-04-03T01:59:44.228+0600][14.610s][info][gc,phases      ] GC(28)   Post Evacuate Collection Set: 1.00ms
[2026-04-03T01:59:44.228+0600][14.610s][info][gc,phases      ] GC(28)   Other: 0.10ms
[2026-04-03T01:59:44.228+0600][14.610s][info][gc,heap        ] GC(28) Eden regions: 116->0(105)
[2026-04-03T01:59:44.228+0600][14.610s][info][gc,heap        ] GC(28) Survivor regions: 5->16(16)
[2026-04-03T01:59:44.228+0600][14.610s][info][gc,heap        ] GC(28) Old regions: 38->38
[2026-04-03T01:59:44.228+0600][14.610s][info][gc,heap        ] GC(28) Humongous regions: 11->11
[2026-04-03T01:59:44.228+0600][14.610s][info][gc,metaspace   ] GC(28) Metaspace: 61649K(62336K)->61649K(62336K) NonClass: 53922K(54336K)->53922K(54336K) Class: 7727K(8000K)->7727K(8000K)
[2026-04-03T01:59:44.228+0600][14.610s][info][gc             ] GC(28) Pause Young (Normal) (G1 Evacuation Pause) 165M->60M(203M) 13.276ms
[2026-04-03T01:59:44.228+0600][14.610s][info][gc,cpu         ] GC(28) User=0.05s Sys=0.00s Real=0.01s
[2026-04-03T01:59:44.293+0600][14.675s][info][gc,start       ] GC(29) Pause Young (Normal) (G1 Evacuation Pause)
[2026-04-03T01:59:44.293+0600][14.675s][info][gc,task        ] GC(29) Using 4 workers of 10 for evacuation
[2026-04-03T01:59:44.310+0600][14.691s][info][gc,phases      ] GC(29)   Pre Evacuate Collection Set: 0.39ms
[2026-04-03T01:59:44.310+0600][14.691s][info][gc,phases      ] GC(29)   Merge Heap Roots: 0.19ms
[2026-04-03T01:59:44.310+0600][14.691s][info][gc,phases      ] GC(29)   Evacuate Collection Set: 15.02ms
[2026-04-03T01:59:44.310+0600][14.691s][info][gc,phases      ] GC(29)   Post Evacuate Collection Set: 0.77ms
[2026-04-03T01:59:44.310+0600][14.691s][info][gc,phases      ] GC(29)   Other: 0.09ms
[2026-04-03T01:59:44.310+0600][14.691s][info][gc,heap        ] GC(29) Eden regions: 105->0(105)
[2026-04-03T01:59:44.310+0600][14.691s][info][gc,heap        ] GC(29) Survivor regions: 16->10(16)
[2026-04-03T01:59:44.310+0600][14.691s][info][gc,heap        ] GC(29) Old regions: 38->52
[2026-04-03T01:59:44.310+0600][14.691s][info][gc,heap        ] GC(29) Humongous regions: 14->14
[2026-04-03T01:59:44.310+0600][14.691s][info][gc,metaspace   ] GC(29) Metaspace: 61655K(62336K)->61655K(62336K) NonClass: 53928K(54336K)->53928K(54336K) Class: 7727K(8000K)->7727K(8000K)
[2026-04-03T01:59:44.310+0600][14.691s][info][gc             ] GC(29) Pause Young (Normal) (G1 Evacuation Pause) 168M->71M(203M) 16.689ms
[2026-04-03T01:59:44.310+0600][14.691s][info][gc,cpu         ] GC(29) User=0.06s Sys=0.00s Real=0.02s
[2026-04-03T01:59:44.371+0600][14.752s][info][gc,start       ] GC(30) Pause Young (Normal) (G1 Evacuation Pause)
[2026-04-03T01:59:44.371+0600][14.752s][info][gc,task        ] GC(30) Using 4 workers of 10 for evacuation
[2026-04-03T01:59:44.381+0600][14.762s][info][gc,phases      ] GC(30)   Pre Evacuate Collection Set: 0.31ms
[2026-04-03T01:59:44.381+0600][14.762s][info][gc,phases      ] GC(30)   Merge Heap Roots: 0.21ms
[2026-04-03T01:59:44.381+0600][14.762s][info][gc,phases      ] GC(30)   Evacuate Collection Set: 8.76ms
[2026-04-03T01:59:44.381+0600][14.762s][info][gc,phases      ] GC(30)   Post Evacuate Collection Set: 0.56ms
[2026-04-03T01:59:44.381+0600][14.762s][info][gc,phases      ] GC(30)   Other: 0.09ms
[2026-04-03T01:59:44.381+0600][14.762s][info][gc,heap        ] GC(30) Eden regions: 105->0(97)
[2026-04-03T01:59:44.381+0600][14.762s][info][gc,heap        ] GC(30) Survivor regions: 10->10(15)
[2026-04-03T01:59:44.381+0600][14.762s][info][gc,heap        ] GC(30) Old regions: 52->62
[2026-04-03T01:59:44.381+0600][14.762s][info][gc,heap        ] GC(30) Humongous regions: 14->14
[2026-04-03T01:59:44.381+0600][14.762s][info][gc,metaspace   ] GC(30) Metaspace: 61666K(62336K)->61666K(62336K) NonClass: 53938K(54336K)->53938K(54336K) Class: 7727K(8000K)->7727K(8000K)
[2026-04-03T01:59:44.381+0600][14.762s][info][gc             ] GC(30) Pause Young (Normal) (G1 Evacuation Pause) 176M->81M(203M) 10.176ms
[2026-04-03T01:59:44.381+0600][14.762s][info][gc,cpu         ] GC(30) User=0.04s Sys=0.00s Real=0.01s
[2026-04-03T01:59:44.436+0600][14.818s][info][gc,start       ] GC(31) Pause Young (Normal) (G1 Evacuation Pause)
[2026-04-03T01:59:44.436+0600][14.818s][info][gc,task        ] GC(31) Using 4 workers of 10 for evacuation
[2026-04-03T01:59:44.453+0600][14.835s][info][gc,phases      ] GC(31)   Pre Evacuate Collection Set: 0.31ms
[2026-04-03T01:59:44.453+0600][14.835s][info][gc,phases      ] GC(31)   Merge Heap Roots: 0.19ms
[2026-04-03T01:59:44.453+0600][14.835s][info][gc,phases      ] GC(31)   Evacuate Collection Set: 13.80ms
[2026-04-03T01:59:44.453+0600][14.835s][info][gc,phases      ] GC(31)   Post Evacuate Collection Set: 2.40ms
[2026-04-03T01:59:44.453+0600][14.835s][info][gc,phases      ] GC(31)   Other: 0.12ms
[2026-04-03T01:59:44.453+0600][14.835s][info][gc,heap        ] GC(31) Eden regions: 97->0(303)
[2026-04-03T01:59:44.453+0600][14.835s][info][gc,heap        ] GC(31) Survivor regions: 10->10(14)
[2026-04-03T01:59:44.453+0600][14.835s][info][gc,heap        ] GC(31) Old regions: 62->72
[2026-04-03T01:59:44.453+0600][14.835s][info][gc,heap        ] GC(31) Humongous regions: 19->19
[2026-04-03T01:59:44.453+0600][14.835s][info][gc,metaspace   ] GC(31) Metaspace: 61670K(62336K)->61670K(62336K) NonClass: 53942K(54336K)->53942K(54336K) Class: 7727K(8000K)->7727K(8000K)
[2026-04-03T01:59:44.453+0600][14.835s][info][gc             ] GC(31) Pause Young (Normal) (G1 Evacuation Pause) 183M->95M(523M) 17.064ms
[2026-04-03T01:59:44.453+0600][14.835s][info][gc,cpu         ] GC(31) User=0.06s Sys=0.01s Real=0.02s
[2026-04-03T01:59:45.141+0600][15.522s][info][gc,start       ] GC(32) Pause Young (Normal) (G1 Evacuation Pause)
[2026-04-03T01:59:45.141+0600][15.522s][info][gc,task        ] GC(32) Using 10 workers of 10 for evacuation
[2026-04-03T01:59:45.167+0600][15.549s][info][gc,phases      ] GC(32)   Pre Evacuate Collection Set: 0.36ms
[2026-04-03T01:59:45.167+0600][15.549s][info][gc,phases      ] GC(32)   Merge Heap Roots: 0.29ms
[2026-04-03T01:59:45.167+0600][15.549s][info][gc,phases      ] GC(32)   Evacuate Collection Set: 24.42ms
[2026-04-03T01:59:45.167+0600][15.549s][info][gc,phases      ] GC(32)   Post Evacuate Collection Set: 0.99ms
[2026-04-03T01:59:45.167+0600][15.549s][info][gc,phases      ] GC(32)   Other: 0.22ms
[2026-04-03T01:59:45.167+0600][15.549s][info][gc,heap        ] GC(32) Eden regions: 303->0(279)
[2026-04-03T01:59:45.167+0600][15.549s][info][gc,heap        ] GC(32) Survivor regions: 10->34(40)
[2026-04-03T01:59:45.167+0600][15.549s][info][gc,heap        ] GC(32) Old regions: 72->72
[2026-04-03T01:59:45.167+0600][15.549s][info][gc,heap        ] GC(32) Humongous regions: 29->22
[2026-04-03T01:59:45.167+0600][15.549s][info][gc,metaspace   ] GC(32) Metaspace: 63894K(64768K)->63894K(64768K) NonClass: 55823K(56320K)->55823K(56320K) Class: 8071K(8448K)->8071K(8448K)
[2026-04-03T01:59:45.167+0600][15.549s][info][gc             ] GC(32) Pause Young (Normal) (G1 Evacuation Pause) 408M->122M(523M) 26.706ms
[2026-04-03T01:59:45.167+0600][15.549s][info][gc,cpu         ] GC(32) User=0.28s Sys=0.01s Real=0.02s
[2026-04-03T01:59:45.419+0600][15.801s][info][gc,start       ] GC(33) Pause Young (Normal) (G1 Evacuation Pause)
[2026-04-03T01:59:45.420+0600][15.801s][info][gc,task        ] GC(33) Using 10 workers of 10 for evacuation
[2026-04-03T01:59:45.447+0600][15.828s][info][gc,phases      ] GC(33)   Pre Evacuate Collection Set: 0.41ms
[2026-04-03T01:59:45.447+0600][15.828s][info][gc,phases      ] GC(33)   Merge Heap Roots: 0.25ms
[2026-04-03T01:59:45.447+0600][15.828s][info][gc,phases      ] GC(33)   Evacuate Collection Set: 25.51ms
[2026-04-03T01:59:45.447+0600][15.828s][info][gc,phases      ] GC(33)   Post Evacuate Collection Set: 0.62ms
[2026-04-03T01:59:45.447+0600][15.828s][info][gc,phases      ] GC(33)   Other: 0.34ms
[2026-04-03T01:59:45.447+0600][15.828s][info][gc,heap        ] GC(33) Eden regions: 279->0(293)
[2026-04-03T01:59:45.447+0600][15.828s][info][gc,heap        ] GC(33) Survivor regions: 34->20(40)
[2026-04-03T01:59:45.447+0600][15.828s][info][gc,heap        ] GC(33) Old regions: 72->104
[2026-04-03T01:59:45.447+0600][15.828s][info][gc,heap        ] GC(33) Humongous regions: 25->25
[2026-04-03T01:59:45.447+0600][15.828s][info][gc,metaspace   ] GC(33) Metaspace: 63904K(64768K)->63904K(64768K) NonClass: 55833K(56320K)->55833K(56320K) Class: 8071K(8448K)->8071K(8448K)
[2026-04-03T01:59:45.447+0600][15.828s][info][gc             ] GC(33) Pause Young (Normal) (G1 Evacuation Pause) 404M->144M(523M) 27.531ms
[2026-04-03T01:59:45.447+0600][15.829s][info][gc,cpu         ] GC(33) User=0.23s Sys=0.01s Real=0.03s
[2026-04-03T01:59:45.619+0600][16.001s][info][gc,start       ] GC(34) Pause Young (Normal) (G1 Evacuation Pause)
[2026-04-03T01:59:45.619+0600][16.001s][info][gc,task        ] GC(34) Using 10 workers of 10 for evacuation
[2026-04-03T01:59:45.637+0600][16.019s][info][gc,phases      ] GC(34)   Pre Evacuate Collection Set: 0.32ms
[2026-04-03T01:59:45.637+0600][16.019s][info][gc,phases      ] GC(34)   Merge Heap Roots: 0.27ms
[2026-04-03T01:59:45.637+0600][16.019s][info][gc,phases      ] GC(34)   Evacuate Collection Set: 16.03ms
[2026-04-03T01:59:45.637+0600][16.019s][info][gc,phases      ] GC(34)   Post Evacuate Collection Set: 0.96ms
[2026-04-03T01:59:45.637+0600][16.019s][info][gc,phases      ] GC(34)   Other: 0.14ms
[2026-04-03T01:59:45.637+0600][16.019s][info][gc,heap        ] GC(34) Eden regions: 293->0(282)
[2026-04-03T01:59:45.637+0600][16.019s][info][gc,heap        ] GC(34) Survivor regions: 20->31(40)
[2026-04-03T01:59:45.637+0600][16.019s][info][gc,heap        ] GC(34) Old regions: 104->104
[2026-04-03T01:59:45.637+0600][16.019s][info][gc,heap        ] GC(34) Humongous regions: 28->28
[2026-04-03T01:59:45.637+0600][16.019s][info][gc,metaspace   ] GC(34) Metaspace: 63904K(64768K)->63904K(64768K) NonClass: 55833K(56320K)->55833K(56320K) Class: 8071K(8448K)->8071K(8448K)
[2026-04-03T01:59:45.637+0600][16.019s][info][gc             ] GC(34) Pause Young (Normal) (G1 Evacuation Pause) 440M->158M(523M) 18.038ms
[2026-04-03T01:59:45.637+0600][16.019s][info][gc,cpu         ] GC(34) User=0.19s Sys=0.00s Real=0.02s
[2026-04-03T01:59:45.749+0600][16.131s][info][gc,start       ] GC(35) Pause Young (Normal) (G1 Evacuation Pause)
[2026-04-03T01:59:45.749+0600][16.131s][info][gc,task        ] GC(35) Using 10 workers of 10 for evacuation
[2026-04-03T01:59:45.768+0600][16.150s][info][gc,phases      ] GC(35)   Pre Evacuate Collection Set: 0.30ms
[2026-04-03T01:59:45.768+0600][16.150s][info][gc,phases      ] GC(35)   Merge Heap Roots: 0.14ms
[2026-04-03T01:59:45.768+0600][16.150s][info][gc,phases      ] GC(35)   Evacuate Collection Set: 17.62ms
[2026-04-03T01:59:45.768+0600][16.150s][info][gc,phases      ] GC(35)   Post Evacuate Collection Set: 0.69ms
[2026-04-03T01:59:45.768+0600][16.150s][info][gc,phases      ] GC(35)   Other: 0.18ms
[2026-04-03T01:59:45.768+0600][16.150s][info][gc,heap        ] GC(35) Eden regions: 282->0(287)
[2026-04-03T01:59:45.769+0600][16.150s][info][gc,heap        ] GC(35) Survivor regions: 31->26(40)
[2026-04-03T01:59:45.769+0600][16.150s][info][gc,heap        ] GC(35) Old regions: 104->122
[2026-04-03T01:59:45.769+0600][16.150s][info][gc,heap        ] GC(35) Humongous regions: 28->28
[2026-04-03T01:59:45.769+0600][16.150s][info][gc,metaspace   ] GC(35) Metaspace: 63925K(64768K)->63925K(64768K) NonClass: 55852K(56320K)->55852K(56320K) Class: 8073K(8448K)->8073K(8448K)
[2026-04-03T01:59:45.769+0600][16.150s][info][gc             ] GC(35) Pause Young (Normal) (G1 Evacuation Pause) 440M->171M(523M) 19.249ms
[2026-04-03T01:59:45.769+0600][16.150s][info][gc,cpu         ] GC(35) User=0.18s Sys=0.00s Real=0.02s
[2026-04-03T01:59:45.874+0600][16.255s][info][gc,start       ] GC(36) Pause Young (Normal) (G1 Evacuation Pause)
[2026-04-03T01:59:45.874+0600][16.256s][info][gc,task        ] GC(36) Using 10 workers of 10 for evacuation
[2026-04-03T01:59:45.893+0600][16.274s][info][gc,phases      ] GC(36)   Pre Evacuate Collection Set: 0.35ms
[2026-04-03T01:59:45.893+0600][16.274s][info][gc,phases      ] GC(36)   Merge Heap Roots: 0.22ms
[2026-04-03T01:59:45.893+0600][16.274s][info][gc,phases      ] GC(36)   Evacuate Collection Set: 15.32ms
[2026-04-03T01:59:45.893+0600][16.274s][info][gc,phases      ] GC(36)   Post Evacuate Collection Set: 2.47ms
[2026-04-03T01:59:45.893+0600][16.274s][info][gc,phases      ] GC(36)   Other: 0.13ms
[2026-04-03T01:59:45.893+0600][16.274s][info][gc,heap        ] GC(36) Eden regions: 287->0(376)
[2026-04-03T01:59:45.893+0600][16.274s][info][gc,heap        ] GC(36) Survivor regions: 26->25(40)
[2026-04-03T01:59:45.893+0600][16.274s][info][gc,heap        ] GC(36) Old regions: 122->137
[2026-04-03T01:59:45.893+0600][16.274s][info][gc,heap        ] GC(36) Humongous regions: 33->33
[2026-04-03T01:59:45.893+0600][16.274s][info][gc,metaspace   ] GC(36) Metaspace: 63935K(64768K)->63935K(64768K) NonClass: 55861K(56320K)->55861K(56320K) Class: 8073K(8448K)->8073K(8448K)
[2026-04-03T01:59:45.893+0600][16.274s][info][gc             ] GC(36) Pause Young (Normal) (G1 Evacuation Pause) 463M->189M(669M) 18.815ms
[2026-04-03T01:59:45.893+0600][16.274s][info][gc,cpu         ] GC(36) User=0.18s Sys=0.00s Real=0.02s
[2026-04-03T01:59:46.073+0600][16.455s][info][gc,start       ] GC(37) Pause Young (Normal) (G1 Evacuation Pause)
[2026-04-03T01:59:46.073+0600][16.455s][info][gc,task        ] GC(37) Using 10 workers of 10 for evacuation
[2026-04-03T01:59:46.088+0600][16.469s][info][gc,phases      ] GC(37)   Pre Evacuate Collection Set: 0.54ms
[2026-04-03T01:59:46.088+0600][16.470s][info][gc,phases      ] GC(37)   Merge Heap Roots: 0.18ms
[2026-04-03T01:59:46.088+0600][16.470s][info][gc,phases      ] GC(37)   Evacuate Collection Set: 12.64ms
[2026-04-03T01:59:46.088+0600][16.470s][info][gc,phases      ] GC(37)   Post Evacuate Collection Set: 1.16ms
[2026-04-03T01:59:46.088+0600][16.470s][info][gc,phases      ] GC(37)   Other: 0.19ms
[2026-04-03T01:59:46.088+0600][16.470s][info][gc,heap        ] GC(37) Eden regions: 376->0(361)
[2026-04-03T01:59:46.088+0600][16.470s][info][gc,heap        ] GC(37) Survivor regions: 25->40(51)
[2026-04-03T01:59:46.088+0600][16.470s][info][gc,heap        ] GC(37) Old regions: 137->137
[2026-04-03T01:59:46.088+0600][16.470s][info][gc,heap        ] GC(37) Humongous regions: 33->33
[2026-04-03T01:59:46.088+0600][16.470s][info][gc,metaspace   ] GC(37) Metaspace: 63935K(64768K)->63935K(64768K) NonClass: 55862K(56320K)->55862K(56320K) Class: 8073K(8448K)->8073K(8448K)
[2026-04-03T01:59:46.088+0600][16.470s][info][gc             ] GC(37) Pause Young (Normal) (G1 Evacuation Pause) 565M->205M(669M) 15.023ms
[2026-04-03T01:59:46.088+0600][16.470s][info][gc,cpu         ] GC(37) User=0.13s Sys=0.01s Real=0.01s
[2026-04-03T01:59:46.253+0600][16.635s][info][gc,start       ] GC(38) Pause Young (Normal) (G1 Evacuation Pause)
[2026-04-03T01:59:46.254+0600][16.635s][info][gc,task        ] GC(38) Using 10 workers of 10 for evacuation
[2026-04-03T01:59:46.268+0600][16.650s][info][gc,phases      ] GC(38)   Pre Evacuate Collection Set: 0.28ms
[2026-04-03T01:59:46.268+0600][16.650s][info][gc,phases      ] GC(38)   Merge Heap Roots: 0.20ms
[2026-04-03T01:59:46.268+0600][16.650s][info][gc,phases      ] GC(38)   Evacuate Collection Set: 13.07ms
[2026-04-03T01:59:46.268+0600][16.650s][info][gc,phases      ] GC(38)   Post Evacuate Collection Set: 0.96ms
[2026-04-03T01:59:46.268+0600][16.650s][info][gc,phases      ] GC(38)   Other: 0.11ms
[2026-04-03T01:59:46.268+0600][16.650s][info][gc,heap        ] GC(38) Eden regions: 361->0(381)
[2026-04-03T01:59:46.268+0600][16.650s][info][gc,heap        ] GC(38) Survivor regions: 40->20(51)
[2026-04-03T01:59:46.268+0600][16.650s][info][gc,heap        ] GC(38) Old regions: 137->160
[2026-04-03T01:59:46.268+0600][16.650s][info][gc,heap        ] GC(38) Humongous regions: 36->36
[2026-04-03T01:59:46.268+0600][16.650s][info][gc,metaspace   ] GC(38) Metaspace: 64004K(64896K)->64004K(64896K) NonClass: 55916K(56384K)->55916K(56384K) Class: 8087K(8512K)->8087K(8512K)
[2026-04-03T01:59:46.268+0600][16.650s][info][gc             ] GC(38) Pause Young (Normal) (G1 Evacuation Pause) 569M->211M(669M) 14.947ms
[2026-04-03T01:59:46.268+0600][16.650s][info][gc,cpu         ] GC(38) User=0.14s Sys=0.00s Real=0.01s
[2026-04-03T01:59:46.528+0600][16.909s][info][gc,start       ] GC(39) Pause Young (Normal) (G1 Evacuation Pause)
[2026-04-03T01:59:46.528+0600][16.910s][info][gc,task        ] GC(39) Using 10 workers of 10 for evacuation
[2026-04-03T01:59:46.539+0600][16.920s][info][gc,phases      ] GC(39)   Pre Evacuate Collection Set: 0.29ms
[2026-04-03T01:59:46.539+0600][16.920s][info][gc,phases      ] GC(39)   Merge Heap Roots: 0.16ms
[2026-04-03T01:59:46.539+0600][16.920s][info][gc,phases      ] GC(39)   Evacuate Collection Set: 9.18ms
[2026-04-03T01:59:46.539+0600][16.920s][info][gc,phases      ] GC(39)   Post Evacuate Collection Set: 0.72ms
[2026-04-03T01:59:46.539+0600][16.920s][info][gc,phases      ] GC(39)   Other: 0.14ms
[2026-04-03T01:59:46.539+0600][16.920s][info][gc,heap        ] GC(39) Eden regions: 381->0(384)
[2026-04-03T01:59:46.539+0600][16.920s][info][gc,heap        ] GC(39) Survivor regions: 20->17(51)
[2026-04-03T01:59:46.539+0600][16.920s][info][gc,heap        ] GC(39) Old regions: 160->160
[2026-04-03T01:59:46.539+0600][16.920s][info][gc,heap        ] GC(39) Humongous regions: 38->36
[2026-04-03T01:59:46.539+0600][16.920s][info][gc,metaspace   ] GC(39) Metaspace: 64285K(65216K)->64285K(65216K) NonClass: 56146K(56640K)->56146K(56640K) Class: 8139K(8576K)->8139K(8576K)
[2026-04-03T01:59:46.539+0600][16.920s][info][gc             ] GC(39) Pause Young (Normal) (G1 Evacuation Pause) 594M->208M(669M) 10.863ms
[2026-04-03T01:59:46.539+0600][16.920s][info][gc,cpu         ] GC(39) User=0.11s Sys=0.00s Real=0.01s
[2026-04-03T01:59:46.861+0600][17.242s][info][gc,start       ] GC(40) Pause Full (System.gc())
[2026-04-03T01:59:46.861+0600][17.242s][info][gc,task        ] GC(40) Using 10 workers of 10 for full compaction
[2026-04-03T01:59:46.861+0600][17.243s][info][gc,phases,start] GC(40) Phase 1: Mark live objects
[2026-04-03T01:59:46.916+0600][17.297s][info][gc,phases      ] GC(40) Phase 1: Mark live objects 54.736ms
[2026-04-03T01:59:46.916+0600][17.298s][info][gc,phases,start] GC(40) Phase 2: Prepare compaction
[2026-04-03T01:59:46.919+0600][17.300s][info][gc,phases      ] GC(40) Phase 2: Prepare compaction 2.680ms
[2026-04-03T01:59:46.919+0600][17.300s][info][gc,phases,start] GC(40) Phase 3: Adjust pointers
[2026-04-03T01:59:46.934+0600][17.315s][info][gc,phases      ] GC(40) Phase 3: Adjust pointers 14.957ms
[2026-04-03T01:59:46.934+0600][17.315s][info][gc,phases,start] GC(40) Phase 4: Compact heap
[2026-04-03T01:59:46.937+0600][17.319s][info][gc,phases      ] GC(40) Phase 4: Compact heap 3.614ms
[2026-04-03T01:59:46.938+0600][17.319s][info][gc,phases,start] GC(40) Phase 5: Reset Metadata
[2026-04-03T01:59:46.947+0600][17.329s][info][gc,phases      ] GC(40) Phase 5: Reset Metadata 9.654ms
[2026-04-03T01:59:46.960+0600][17.341s][info][gc,heap        ] GC(40) Eden regions: 268->0(362)
[2026-04-03T01:59:46.960+0600][17.341s][info][gc,heap        ] GC(40) Survivor regions: 17->0(51)
[2026-04-03T01:59:46.960+0600][17.341s][info][gc,heap        ] GC(40) Old regions: 160->167
[2026-04-03T01:59:46.960+0600][17.341s][info][gc,heap        ] GC(40) Humongous regions: 47->14
[2026-04-03T01:59:46.960+0600][17.341s][info][gc,metaspace   ] GC(40) Metaspace: 66048K(66944K)->66004K(66944K) NonClass: 57680K(58176K)->57649K(58176K) Class: 8368K(8768K)->8354K(8768K)
[2026-04-03T01:59:46.960+0600][17.341s][info][gc             ] GC(40) Pause Full (System.gc()) 487M->177M(604M) 99.127ms
[2026-04-03T01:59:46.960+0600][17.341s][info][gc,cpu         ] GC(40) User=0.75s Sys=0.08s Real=0.10s
[2026-04-03T01:59:47.318+0600][17.700s][info][gc,start       ] GC(41) Pause Young (Normal) (G1 Evacuation Pause)
[2026-04-03T01:59:47.318+0600][17.700s][info][gc,task        ] GC(41) Using 10 workers of 10 for evacuation
[2026-04-03T01:59:47.321+0600][17.702s][info][gc,phases      ] GC(41)   Pre Evacuate Collection Set: 0.36ms
[2026-04-03T01:59:47.321+0600][17.702s][info][gc,phases      ] GC(41)   Merge Heap Roots: 0.24ms
[2026-04-03T01:59:47.321+0600][17.702s][info][gc,phases      ] GC(41)   Evacuate Collection Set: 0.84ms
[2026-04-03T01:59:47.321+0600][17.702s][info][gc,phases      ] GC(41)   Post Evacuate Collection Set: 0.57ms
[2026-04-03T01:59:47.321+0600][17.702s][info][gc,phases      ] GC(41)   Other: 0.11ms
[2026-04-03T01:59:47.321+0600][17.702s][info][gc,heap        ] GC(41) Eden regions: 362->0(358)
[2026-04-03T01:59:47.321+0600][17.702s][info][gc,heap        ] GC(41) Survivor regions: 0->4(46)
[2026-04-03T01:59:47.321+0600][17.702s][info][gc,heap        ] GC(41) Old regions: 167->167
[2026-04-03T01:59:47.321+0600][17.702s][info][gc,heap        ] GC(41) Humongous regions: 26->14
[2026-04-03T01:59:47.321+0600][17.702s][info][gc,metaspace   ] GC(41) Metaspace: 66335K(67200K)->66335K(67200K) NonClass: 57900K(58368K)->57900K(58368K) Class: 8435K(8832K)->8435K(8832K)
[2026-04-03T01:59:47.321+0600][17.702s][info][gc             ] GC(41) Pause Young (Normal) (G1 Evacuation Pause) 551M->180M(604M) 2.439ms
[2026-04-03T01:59:47.321+0600][17.702s][info][gc,cpu         ] GC(41) User=0.01s Sys=0.00s Real=0.01s
[2026-04-03T01:59:47.458+0600][17.839s][info][gc,start       ] GC(42) Pause Young (Normal) (G1 Evacuation Pause)
[2026-04-03T01:59:47.458+0600][17.839s][info][gc,task        ] GC(42) Using 10 workers of 10 for evacuation
[2026-04-03T01:59:47.460+0600][17.841s][info][gc,phases      ] GC(42)   Pre Evacuate Collection Set: 0.34ms
[2026-04-03T01:59:47.460+0600][17.841s][info][gc,phases      ] GC(42)   Merge Heap Roots: 0.12ms
[2026-04-03T01:59:47.460+0600][17.841s][info][gc,phases      ] GC(42)   Evacuate Collection Set: 0.59ms
[2026-04-03T01:59:47.460+0600][17.841s][info][gc,phases      ] GC(42)   Post Evacuate Collection Set: 0.71ms
[2026-04-03T01:59:47.460+0600][17.841s][info][gc,phases      ] GC(42)   Other: 0.09ms
[2026-04-03T01:59:47.460+0600][17.841s][info][gc,heap        ] GC(42) Eden regions: 358->0(361)
[2026-04-03T01:59:47.460+0600][17.841s][info][gc,heap        ] GC(42) Survivor regions: 4->1(46)
[2026-04-03T01:59:47.460+0600][17.841s][info][gc,heap        ] GC(42) Old regions: 167->167
[2026-04-03T01:59:47.460+0600][17.841s][info][gc,heap        ] GC(42) Humongous regions: 14->14
[2026-04-03T01:59:47.460+0600][17.841s][info][gc,metaspace   ] GC(42) Metaspace: 66338K(67200K)->66338K(67200K) NonClass: 57903K(58368K)->57903K(58368K) Class: 8435K(8832K)->8435K(8832K)
[2026-04-03T01:59:47.460+0600][17.841s][info][gc             ] GC(42) Pause Young (Normal) (G1 Evacuation Pause) 538M->178M(604M) 2.085ms
[2026-04-03T01:59:47.460+0600][17.841s][info][gc,cpu         ] GC(42) User=0.01s Sys=0.00s Real=0.01s
[2026-04-03T01:59:47.593+0600][17.974s][info][gc,start       ] GC(43) Pause Young (Normal) (G1 Evacuation Pause)
[2026-04-03T01:59:47.593+0600][17.974s][info][gc,task        ] GC(43) Using 10 workers of 10 for evacuation
[2026-04-03T01:59:47.595+0600][17.976s][info][gc,phases      ] GC(43)   Pre Evacuate Collection Set: 0.31ms
[2026-04-03T01:59:47.595+0600][17.976s][info][gc,phases      ] GC(43)   Merge Heap Roots: 0.15ms
[2026-04-03T01:59:47.595+0600][17.976s][info][gc,phases      ] GC(43)   Evacuate Collection Set: 0.63ms
[2026-04-03T01:59:47.595+0600][17.976s][info][gc,phases      ] GC(43)   Post Evacuate Collection Set: 0.50ms
[2026-04-03T01:59:47.595+0600][17.976s][info][gc,phases      ] GC(43)   Other: 0.08ms
[2026-04-03T01:59:47.595+0600][17.976s][info][gc,heap        ] GC(43) Eden regions: 361->0(361)
[2026-04-03T01:59:47.595+0600][17.976s][info][gc,heap        ] GC(43) Survivor regions: 1->1(46)
[2026-04-03T01:59:47.595+0600][17.976s][info][gc,heap        ] GC(43) Old regions: 167->167
[2026-04-03T01:59:47.595+0600][17.976s][info][gc,heap        ] GC(43) Humongous regions: 14->14
[2026-04-03T01:59:47.595+0600][17.976s][info][gc,metaspace   ] GC(43) Metaspace: 66338K(67200K)->66338K(67200K) NonClass: 57903K(58368K)->57903K(58368K) Class: 8435K(8832K)->8435K(8832K)
[2026-04-03T01:59:47.595+0600][17.976s][info][gc             ] GC(43) Pause Young (Normal) (G1 Evacuation Pause) 539M->177M(604M) 1.885ms
[2026-04-03T01:59:47.595+0600][17.976s][info][gc,cpu         ] GC(43) User=0.01s Sys=0.00s Real=0.00s
[2026-04-03T01:59:47.724+0600][18.106s][info][gc,start       ] GC(44) Pause Young (Normal) (G1 Evacuation Pause)
[2026-04-03T01:59:47.725+0600][18.106s][info][gc,task        ] GC(44) Using 10 workers of 10 for evacuation
[2026-04-03T01:59:47.727+0600][18.108s][info][gc,phases      ] GC(44)   Pre Evacuate Collection Set: 0.50ms
[2026-04-03T01:59:47.727+0600][18.108s][info][gc,phases      ] GC(44)   Merge Heap Roots: 0.15ms
[2026-04-03T01:59:47.727+0600][18.108s][info][gc,phases      ] GC(44)   Evacuate Collection Set: 0.62ms
[2026-04-03T01:59:47.727+0600][18.108s][info][gc,phases      ] GC(44)   Post Evacuate Collection Set: 0.67ms
[2026-04-03T01:59:47.727+0600][18.108s][info][gc,phases      ] GC(44)   Other: 0.09ms
[2026-04-03T01:59:47.727+0600][18.108s][info][gc,heap        ] GC(44) Eden regions: 361->0(361)
[2026-04-03T01:59:47.727+0600][18.108s][info][gc,heap        ] GC(44) Survivor regions: 1->1(46)
[2026-04-03T01:59:47.727+0600][18.108s][info][gc,heap        ] GC(44) Old regions: 167->167
[2026-04-03T01:59:47.727+0600][18.108s][info][gc,heap        ] GC(44) Humongous regions: 14->14
[2026-04-03T01:59:47.727+0600][18.108s][info][gc,metaspace   ] GC(44) Metaspace: 66338K(67200K)->66338K(67200K) NonClass: 57903K(58368K)->57903K(58368K) Class: 8435K(8832K)->8435K(8832K)
[2026-04-03T01:59:47.727+0600][18.108s][info][gc             ] GC(44) Pause Young (Normal) (G1 Evacuation Pause) 538M->177M(604M) 2.349ms
[2026-04-03T01:59:47.727+0600][18.108s][info][gc,cpu         ] GC(44) User=0.01s Sys=0.00s Real=0.00s
[2026-04-03T01:59:47.840+0600][18.222s][info][gc,start       ] GC(45) Pause Full (System.gc())
[2026-04-03T01:59:47.841+0600][18.222s][info][gc,task        ] GC(45) Using 10 workers of 10 for full compaction
[2026-04-03T01:59:47.841+0600][18.223s][info][gc,phases,start] GC(45) Phase 1: Mark live objects
[2026-04-03T01:59:47.887+0600][18.269s][info][gc,phases      ] GC(45) Phase 1: Mark live objects 46.363ms
[2026-04-03T01:59:47.887+0600][18.269s][info][gc,phases,start] GC(45) Phase 2: Prepare compaction
[2026-04-03T01:59:47.889+0600][18.270s][info][gc,phases      ] GC(45) Phase 2: Prepare compaction 1.298ms
[2026-04-03T01:59:47.889+0600][18.270s][info][gc,phases,start] GC(45) Phase 3: Adjust pointers
[2026-04-03T01:59:47.903+0600][18.284s][info][gc,phases      ] GC(45) Phase 3: Adjust pointers 13.960ms
[2026-04-03T01:59:47.903+0600][18.284s][info][gc,phases,start] GC(45) Phase 4: Compact heap
[2026-04-03T01:59:47.904+0600][18.286s][info][gc,phases      ] GC(45) Phase 4: Compact heap 1.518ms
[2026-04-03T01:59:47.904+0600][18.286s][info][gc,phases,start] GC(45) Phase 5: Reset Metadata
[2026-04-03T01:59:47.914+0600][18.295s][info][gc,phases      ] GC(45) Phase 5: Reset Metadata 9.495ms
[2026-04-03T01:59:47.920+0600][18.302s][info][gc,heap        ] GC(45) Eden regions: 189->0(362)
[2026-04-03T01:59:47.921+0600][18.302s][info][gc,heap        ] GC(45) Survivor regions: 1->0(46)
[2026-04-03T01:59:47.921+0600][18.302s][info][gc,heap        ] GC(45) Old regions: 167->170
[2026-04-03T01:59:47.921+0600][18.302s][info][gc,heap        ] GC(45) Humongous regions: 27->14
[2026-04-03T01:59:47.921+0600][18.302s][info][gc,metaspace   ] GC(45) Metaspace: 66413K(67328K)->66413K(67328K) NonClass: 57978K(58496K)->57978K(58496K) Class: 8435K(8832K)->8435K(8832K)
[2026-04-03T01:59:47.921+0600][18.302s][info][gc             ] GC(45) Pause Full (System.gc()) 379M->177M(604M) 80.121ms
[2026-04-03T01:59:47.921+0600][18.302s][info][gc,cpu         ] GC(45) User=0.66s Sys=0.01s Real=0.08s
[2026-04-03T01:59:48.208+0600][18.590s][info][gc,start       ] GC(46) Pause Young (Normal) (G1 Evacuation Pause)
[2026-04-03T01:59:48.208+0600][18.590s][info][gc,task        ] GC(46) Using 10 workers of 10 for evacuation
[2026-04-03T01:59:48.211+0600][18.592s][info][gc,phases      ] GC(46)   Pre Evacuate Collection Set: 0.47ms
[2026-04-03T01:59:48.211+0600][18.593s][info][gc,phases      ] GC(46)   Merge Heap Roots: 0.17ms
[2026-04-03T01:59:48.211+0600][18.593s][info][gc,phases      ] GC(46)   Evacuate Collection Set: 0.55ms
[2026-04-03T01:59:48.211+0600][18.593s][info][gc,phases      ] GC(46)   Post Evacuate Collection Set: 1.59ms
[2026-04-03T01:59:48.211+0600][18.593s][info][gc,phases      ] GC(46)   Other: 0.09ms
[2026-04-03T01:59:48.211+0600][18.593s][info][gc,heap        ] GC(46) Eden regions: 362->0(453)
[2026-04-03T01:59:48.211+0600][18.593s][info][gc,heap        ] GC(46) Survivor regions: 0->1(46)
[2026-04-03T01:59:48.211+0600][18.593s][info][gc,heap        ] GC(46) Old regions: 170->170
[2026-04-03T01:59:48.211+0600][18.593s][info][gc,heap        ] GC(46) Humongous regions: 26->14
[2026-04-03T01:59:48.211+0600][18.593s][info][gc,metaspace   ] GC(46) Metaspace: 66477K(67392K)->66477K(67392K) NonClass: 58042K(58560K)->58042K(58560K) Class: 8435K(8832K)->8435K(8832K)
[2026-04-03T01:59:48.211+0600][18.593s][info][gc             ] GC(46) Pause Young (Normal) (G1 Evacuation Pause) 551M->177M(758M) 3.081ms
[2026-04-03T01:59:48.211+0600][18.593s][info][gc,cpu         ] GC(46) User=0.00s Sys=0.00s Real=0.01s
[2026-04-03T01:59:48.427+0600][18.808s][info][gc,start       ] GC(47) Pause Young (Normal) (G1 Evacuation Pause)
[2026-04-03T01:59:48.427+0600][18.809s][info][gc,task        ] GC(47) Using 10 workers of 10 for evacuation
[2026-04-03T01:59:48.429+0600][18.811s][info][gc,phases      ] GC(47)   Pre Evacuate Collection Set: 0.35ms
[2026-04-03T01:59:48.429+0600][18.811s][info][gc,phases      ] GC(47)   Merge Heap Roots: 0.18ms
[2026-04-03T01:59:48.429+0600][18.811s][info][gc,phases      ] GC(47)   Evacuate Collection Set: 0.51ms
[2026-04-03T01:59:48.429+0600][18.811s][info][gc,phases      ] GC(47)   Post Evacuate Collection Set: 0.87ms
[2026-04-03T01:59:48.429+0600][18.811s][info][gc,phases      ] GC(47)   Other: 0.12ms
[2026-04-03T01:59:48.429+0600][18.811s][info][gc,heap        ] GC(47) Eden regions: 453->0(453)
[2026-04-03T01:59:48.429+0600][18.811s][info][gc,heap        ] GC(47) Survivor regions: 1->1(57)
[2026-04-03T01:59:48.429+0600][18.811s][info][gc,heap        ] GC(47) Old regions: 170->170
[2026-04-03T01:59:48.429+0600][18.811s][info][gc,heap        ] GC(47) Humongous regions: 14->14
[2026-04-03T01:59:48.429+0600][18.811s][info][gc,metaspace   ] GC(47) Metaspace: 66486K(67392K)->66486K(67392K) NonClass: 58050K(58560K)->58050K(58560K) Class: 8435K(8832K)->8435K(8832K)
[2026-04-03T01:59:48.429+0600][18.811s][info][gc             ] GC(47) Pause Young (Normal) (G1 Evacuation Pause) 630M->177M(758M) 2.276ms
[2026-04-03T01:59:48.429+0600][18.811s][info][gc,cpu         ] GC(47) User=0.01s Sys=0.00s Real=0.00s
[2026-04-03T01:59:48.603+0600][18.985s][info][gc,start       ] GC(48) Pause Young (Normal) (G1 Evacuation Pause)
[2026-04-03T01:59:48.604+0600][18.985s][info][gc,task        ] GC(48) Using 10 workers of 10 for evacuation
[2026-04-03T01:59:48.605+0600][18.987s][info][gc,phases      ] GC(48)   Pre Evacuate Collection Set: 0.49ms
[2026-04-03T01:59:48.605+0600][18.987s][info][gc,phases      ] GC(48)   Merge Heap Roots: 0.12ms
[2026-04-03T01:59:48.605+0600][18.987s][info][gc,phases      ] GC(48)   Evacuate Collection Set: 0.49ms
[2026-04-03T01:59:48.605+0600][18.987s][info][gc,phases      ] GC(48)   Post Evacuate Collection Set: 0.51ms
[2026-04-03T01:59:48.605+0600][18.987s][info][gc,phases      ] GC(48)   Other: 0.10ms
[2026-04-03T01:59:48.605+0600][18.987s][info][gc,heap        ] GC(48) Eden regions: 453->0(453)
[2026-04-03T01:59:48.605+0600][18.987s][info][gc,heap        ] GC(48) Survivor regions: 1->1(57)
[2026-04-03T01:59:48.605+0600][18.987s][info][gc,heap        ] GC(48) Old regions: 170->170
[2026-04-03T01:59:48.605+0600][18.987s][info][gc,heap        ] GC(48) Humongous regions: 14->14
[2026-04-03T01:59:48.605+0600][18.987s][info][gc,metaspace   ] GC(48) Metaspace: 66486K(67392K)->66486K(67392K) NonClass: 58050K(58560K)->58050K(58560K) Class: 8435K(8832K)->8435K(8832K)
[2026-04-03T01:59:48.605+0600][18.987s][info][gc             ] GC(48) Pause Young (Normal) (G1 Evacuation Pause) 630M->177M(758M) 1.910ms
[2026-04-03T01:59:48.605+0600][18.987s][info][gc,cpu         ] GC(48) User=0.00s Sys=0.00s Real=0.00s
[2026-04-03T01:59:49.411+0600][19.792s][info][gc,heap,exit   ] Heap
[2026-04-03T01:59:49.411+0600][19.792s][info][gc,heap,exit   ]  garbage-first heap   total 776192K, used 597688K [0x00000000b1e00000, 0x0000000100000000)
[2026-04-03T01:59:49.411+0600][19.792s][info][gc,heap,exit   ]   region size 1024K, 388 young (397312K), 1 survivors (1024K)
[2026-04-03T01:59:49.411+0600][19.792s][info][gc,heap,exit   ]  Metaspace       used 66999K, committed 67840K, reserved 1114112K
[2026-04-03T01:59:49.411+0600][19.792s][info][gc,heap,exit   ]   class space    used 8529K, committed 8896K, reserved 1048576K
