[2026-04-03T01:59:49.629+0600][0.005s][info][gc] Heuristics ergonomically sets -XX:+ExplicitGCInvokesConcurrent
[2026-04-03T01:59:49.629+0600][0.005s][info][gc] Heuristics ergonomically sets -XX:+ShenandoahImplicitGCInvokesConcurrent
[2026-04-03T01:59:49.629+0600][0.005s][info][gc] Using Shenandoah
[2026-04-03T01:59:49.630+0600][0.006s][info][gc,ergo] Pacer for Idle. Initial: 25600K, Alloc Tax Rate: 1.0x
[2026-04-03T01:59:49.630+0600][0.006s][info][gc,init] Version: 21.0.10+7-Ubuntu-124.04 (release)
[2026-04-03T01:59:49.630+0600][0.006s][info][gc,init] CPUs: 12 total, 12 available
[2026-04-03T01:59:49.630+0600][0.006s][info][gc,init] Memory: 15683M
[2026-04-03T01:59:49.630+0600][0.006s][info][gc,init] Large Page Support: Disabled
[2026-04-03T01:59:49.630+0600][0.006s][info][gc,init] NUMA Support: Disabled
[2026-04-03T01:59:49.630+0600][0.006s][info][gc,init] Compressed Oops: Enabled (32-bit)
[2026-04-03T01:59:49.630+0600][0.006s][info][gc,init] Heap Min Capacity: 6656K
[2026-04-03T01:59:49.630+0600][0.007s][info][gc,init] Heap Initial Capacity: 251392K
[2026-04-03T01:59:49.630+0600][0.007s][info][gc,init] Heap Max Capacity: 1250M
[2026-04-03T01:59:49.630+0600][0.007s][info][gc,init] Pre-touch: Disabled
[2026-04-03T01:59:49.630+0600][0.007s][info][gc,init] Mode: Snapshot-At-The-Beginning (SATB)
[2026-04-03T01:59:49.630+0600][0.007s][info][gc,init] Heuristics: Adaptive
[2026-04-03T01:59:49.630+0600][0.007s][info][gc,init] Heap Region Count: 2500
[2026-04-03T01:59:49.630+0600][0.007s][info][gc,init] Heap Region Size: 512K
[2026-04-03T01:59:49.630+0600][0.007s][info][gc,init] TLAB Size Max: 512K
[2026-04-03T01:59:49.631+0600][0.007s][info][gc,init] Humongous Object Threshold: 512K
[2026-04-03T01:59:49.631+0600][0.007s][info][gc,init] Parallel Workers: 6
[2026-04-03T01:59:49.631+0600][0.007s][info][gc,init] Concurrent Workers: 3
[2026-04-03T01:59:49.643+0600][0.019s][info][gc,metaspace] CDS archive(s) mapped at: [0x00007a66d3000000-0x00007a66d3c9c000-0x00007a66d3c9c000), size 13221888, SharedBaseAddress: 0x00007a66d3000000, ArchiveRelocationMode: 1.
[2026-04-03T01:59:49.643+0600][0.019s][info][gc,metaspace] Compressed class space mapped at: 0x00007a66d4000000-0x00007a6714000000, reserved size: 1073741824
[2026-04-03T01:59:49.643+0600][0.019s][info][gc,metaspace] Narrow klass base: 0x00007a66d3000000, Narrow klass shift: 0, Narrow klass range: 0x100000000
[2026-04-03T01:59:52.796+0600][3.172s][info][gc          ] Trigger: Learning 1 of 5. Free (874M) is below initial threshold (875M)
[2026-04-03T01:59:52.796+0600][3.172s][info][gc,ergo     ] Free: 874M, Max: 512K regular, 874M humongous, Frag: 0% external, 0% internal; Reserve: 64000K, Max: 512K
[2026-04-03T01:59:52.796+0600][3.172s][info][gc,start    ] GC(0) Concurrent reset
[2026-04-03T01:59:52.796+0600][3.172s][info][gc,task     ] GC(0) Using 3 of 6 workers for concurrent reset
[2026-04-03T01:59:52.796+0600][3.172s][info][gc,ergo     ] GC(0) Pacer for Reset. Non-Taxable: 1250M
[2026-04-03T01:59:52.797+0600][3.173s][info][gc          ] GC(0) Concurrent reset 0.640ms
[2026-04-03T01:59:52.797+0600][3.173s][info][gc,start    ] GC(0) Pause Init Mark (unload classes)
[2026-04-03T01:59:52.797+0600][3.173s][info][gc,task     ] GC(0) Using 6 of 6 workers for init marking
[2026-04-03T01:59:52.797+0600][3.173s][info][gc,ergo     ] GC(0) Pacer for Mark. Expected Live: 125M, Free: 874M, Non-Taxable: 89548K, Alloc Tax Rate: 0.2x
[2026-04-03T01:59:52.797+0600][3.173s][info][gc          ] GC(0) Pause Init Mark (unload classes) 0.496ms
[2026-04-03T01:59:52.797+0600][3.173s][info][gc,start    ] GC(0) Concurrent marking roots
[2026-04-03T01:59:52.797+0600][3.173s][info][gc,task     ] GC(0) Using 3 of 6 workers for concurrent marking roots
[2026-04-03T01:59:52.798+0600][3.174s][info][gc          ] GC(0) Concurrent marking roots 1.034ms
[2026-04-03T01:59:52.798+0600][3.174s][info][gc,start    ] GC(0) Concurrent marking (unload classes)
[2026-04-03T01:59:52.798+0600][3.174s][info][gc,task     ] GC(0) Using 3 of 6 workers for concurrent marking
[2026-04-03T01:59:52.805+0600][3.181s][info][gc          ] GC(0) Concurrent marking (unload classes) 6.664ms
[2026-04-03T01:59:52.805+0600][3.181s][info][gc,start    ] GC(0) Pause Final Mark (unload classes)
[2026-04-03T01:59:52.805+0600][3.181s][info][gc,task     ] GC(0) Using 6 of 6 workers for final marking
[2026-04-03T01:59:52.806+0600][3.182s][info][gc,ergo     ] GC(0) Adaptive CSet Selection. Target Free: 177M, Actual Free: 935M, Max CSet: 53333K, Min Garbage: 0B
[2026-04-03T01:59:52.806+0600][3.182s][info][gc,ergo     ] GC(0) Collectable Garbage: 297M (99%), Immediate: 0B (0%), CSet: 297M (99%)
[2026-04-03T01:59:52.806+0600][3.182s][info][gc,ergo     ] GC(0) Pacer for Evacuation. Used CSet: 304M, Free: 872M, Non-Taxable: 89365K, Alloc Tax Rate: 1.1x
[2026-04-03T01:59:52.806+0600][3.182s][info][gc          ] GC(0) Pause Final Mark (unload classes) 0.488ms
[2026-04-03T01:59:52.806+0600][3.182s][info][gc,start    ] GC(0) Concurrent thread roots
[2026-04-03T01:59:52.806+0600][3.182s][info][gc,task     ] GC(0) Using 3 of 6 workers for Concurrent thread roots
[2026-04-03T01:59:52.806+0600][3.182s][info][gc          ] GC(0) Concurrent thread roots 0.288ms
[2026-04-03T01:59:52.806+0600][3.182s][info][gc,start    ] GC(0) Concurrent weak references
[2026-04-03T01:59:52.806+0600][3.182s][info][gc,task     ] GC(0) Using 3 of 6 workers for concurrent weak references
[2026-04-03T01:59:52.806+0600][3.182s][info][gc,ref      ] GC(0) Encountered references: Soft: 268, Weak: 1068, Final: 0, Phantom: 311
[2026-04-03T01:59:52.806+0600][3.183s][info][gc,ref      ] GC(0) Discovered  references: Soft: 0, Weak: 773, Final: 0, Phantom: 276
[2026-04-03T01:59:52.806+0600][3.183s][info][gc,ref      ] GC(0) Enqueued    references: Soft: 0, Weak: 310, Final: 0, Phantom: 0
[2026-04-03T01:59:52.806+0600][3.183s][info][gc          ] GC(0) Concurrent weak references 0.354ms
[2026-04-03T01:59:52.807+0600][3.183s][info][gc,start    ] GC(0) Concurrent weak roots
[2026-04-03T01:59:52.807+0600][3.183s][info][gc,task     ] GC(0) Using 3 of 6 workers for concurrent weak root
[2026-04-03T01:59:52.807+0600][3.184s][info][gc          ] GC(0) Concurrent weak roots 0.979ms
[2026-04-03T01:59:52.808+0600][3.184s][info][gc,start    ] GC(0) Concurrent cleanup
[2026-04-03T01:59:52.808+0600][3.184s][info][gc          ] GC(0) Concurrent cleanup 314M->314M(316M) 0.124ms
[2026-04-03T01:59:52.808+0600][3.184s][info][gc,ergo     ] GC(0) Free: 872M, Max: 512K regular, 872M humongous, Frag: 0% external, 0% internal; Reserve: 63326K, Max: 512K
[2026-04-03T01:59:52.808+0600][3.184s][info][gc,start    ] GC(0) Concurrent class unloading
[2026-04-03T01:59:52.808+0600][3.184s][info][gc,task     ] GC(0) Using 3 of 6 workers for concurrent class unloading
[2026-04-03T01:59:52.809+0600][3.185s][info][gc          ] GC(0) Concurrent class unloading 1.775ms
[2026-04-03T01:59:52.809+0600][3.186s][info][gc,start    ] GC(0) Concurrent strong roots
[2026-04-03T01:59:52.810+0600][3.186s][info][gc,task     ] GC(0) Using 3 of 6 workers for concurrent strong root
[2026-04-03T01:59:52.810+0600][3.186s][info][gc          ] GC(0) Concurrent strong roots 0.792ms
[2026-04-03T01:59:52.810+0600][3.186s][info][gc,start    ] GC(0) Concurrent evacuation
[2026-04-03T01:59:52.810+0600][3.186s][info][gc,task     ] GC(0) Using 3 of 6 workers for concurrent evacuation
[2026-04-03T01:59:52.816+0600][3.192s][info][gc          ] GC(0) Concurrent evacuation 6.031ms
[2026-04-03T01:59:52.817+0600][3.193s][info][gc,start    ] GC(0) Pause Init Update Refs
[2026-04-03T01:59:52.817+0600][3.193s][info][gc,ergo     ] GC(0) Pacer for Update Refs. Used: 323M, Free: 871M, Non-Taxable: 89195K, Alloc Tax Rate: 1.1x
[2026-04-03T01:59:52.817+0600][3.193s][info][gc          ] GC(0) Pause Init Update Refs 0.091ms
[2026-04-03T01:59:52.817+0600][3.193s][info][gc,start    ] GC(0) Concurrent update references
[2026-04-03T01:59:52.817+0600][3.193s][info][gc,task     ] GC(0) Using 3 of 6 workers for concurrent reference update
[2026-04-03T01:59:52.821+0600][3.197s][info][gc          ] GC(0) Concurrent update references 3.219ms
[2026-04-03T01:59:52.821+0600][3.197s][info][gc,start    ] GC(0) Concurrent update thread roots
[2026-04-03T01:59:52.821+0600][3.197s][info][gc          ] GC(0) Concurrent update thread roots 0.357ms
[2026-04-03T01:59:52.821+0600][3.197s][info][gc,start    ] GC(0) Pause Final Update Refs
[2026-04-03T01:59:52.821+0600][3.197s][info][gc,task     ] GC(0) Using 6 of 6 workers for final reference update
[2026-04-03T01:59:52.821+0600][3.197s][info][gc          ] GC(0) Pause Final Update Refs 0.134ms
[2026-04-03T01:59:52.821+0600][3.197s][info][gc,start    ] GC(0) Concurrent cleanup
[2026-04-03T01:59:52.822+0600][3.198s][info][gc          ] GC(0) Concurrent cleanup 324M->20M(326M) 0.233ms
[2026-04-03T01:59:52.822+0600][3.198s][info][gc,ergo     ] Free: 1165M, Max: 512K regular, 861M humongous, Frag: 27% external, 0% internal; Reserve: 64000K, Max: 512K
[2026-04-03T01:59:52.822+0600][3.198s][info][gc,stats    ] 
[2026-04-03T01:59:52.822+0600][3.198s][info][gc,stats    ] All times are wall-clock times, except per-root-class counters, that are sum over
[2026-04-03T01:59:52.822+0600][3.198s][info][gc,stats    ] all workers. Dividing the <total> over the root stage time estimates parallelism.
[2026-04-03T01:59:52.822+0600][3.198s][info][gc,stats    ] 
[2026-04-03T01:59:52.822+0600][3.198s][info][gc,stats    ] Concurrent Reset                    659 us
[2026-04-03T01:59:52.822+0600][3.198s][info][gc,stats    ] Pause Init Mark (G)                 707 us
[2026-04-03T01:59:52.822+0600][3.198s][info][gc,stats    ] Pause Init Mark (N)                 506 us
[2026-04-03T01:59:52.822+0600][3.198s][info][gc,stats    ]   Update Region States               23 us
[2026-04-03T01:59:52.822+0600][3.198s][info][gc,stats    ] Concurrent Mark Roots              1081 us, parallelism: 1.74x
[2026-04-03T01:59:52.822+0600][3.198s][info][gc,stats    ]   CMR: <total>                     1879 us
[2026-04-03T01:59:52.822+0600][3.198s][info][gc,stats    ]   CMR: Thread Roots                1040 us, workers (us): 345, 695,   0, ---, ---, ---, 
[2026-04-03T01:59:52.822+0600][3.198s][info][gc,stats    ]   CMR: VM Strong Roots              340 us, workers (us): 240,  93,   7, ---, ---, ---, 
[2026-04-03T01:59:52.822+0600][3.198s][info][gc,stats    ]   CMR: CLDG Roots                   499 us, workers (us): ---, ---, 499, ---, ---, ---, 
[2026-04-03T01:59:52.822+0600][3.198s][info][gc,stats    ] Concurrent Marking                 6744 us
[2026-04-03T01:59:52.822+0600][3.198s][info][gc,stats    ] Pause Final Mark (G)                686 us
[2026-04-03T01:59:52.822+0600][3.198s][info][gc,stats    ] Pause Final Mark (N)                498 us
[2026-04-03T01:59:52.822+0600][3.198s][info][gc,stats    ]   Finish Mark                       172 us
[2026-04-03T01:59:52.822+0600][3.198s][info][gc,stats    ]   Update Region States               25 us
[2026-04-03T01:59:52.822+0600][3.198s][info][gc,stats    ]   Choose Collection Set             186 us
[2026-04-03T01:59:52.822+0600][3.198s][info][gc,stats    ]   Rebuild Free Set                   19 us
[2026-04-03T01:59:52.822+0600][3.198s][info][gc,stats    ] Concurrent Thread Roots             308 us, parallelism: 1.12x
[2026-04-03T01:59:52.822+0600][3.198s][info][gc,stats    ]   CTR: <total>                      344 us
[2026-04-03T01:59:52.822+0600][3.198s][info][gc,stats    ]   CTR: Thread Roots                 344 us, workers (us): 220,  89,  35, ---, ---, ---, 
[2026-04-03T01:59:52.822+0600][3.198s][info][gc,stats    ] Concurrent Weak References          365 us, parallelism: 0.94x
[2026-04-03T01:59:52.822+0600][3.198s][info][gc,stats    ]   CWRF: <total>                     342 us
[2026-04-03T01:59:52.822+0600][3.198s][info][gc,stats    ]   CWRF: Weak References             342 us, workers (us): 101, 240,   1, ---, ---, ---, 
[2026-04-03T01:59:52.822+0600][3.198s][info][gc,stats    ] Concurrent Weak Roots              1005 us
[2026-04-03T01:59:52.822+0600][3.198s][info][gc,stats    ]   Roots                             656 us, parallelism: 2.32x
[2026-04-03T01:59:52.822+0600][3.198s][info][gc,stats    ]     CWR: <total>                   1521 us
[2026-04-03T01:59:52.822+0600][3.198s][info][gc,stats    ]     CWR: Code Cache Roots           485 us, workers (us): 121, 174, 190, ---, ---, ---, 
[2026-04-03T01:59:52.822+0600][3.198s][info][gc,stats    ]     CWR: VM Weak Roots             1030 us, workers (us): 404, 307, 319, ---, ---, ---, 
[2026-04-03T01:59:52.822+0600][3.198s][info][gc,stats    ]     CWR: CLDG Roots                   6 us, workers (us):   6, ---, ---, ---, ---, ---, 
[2026-04-03T01:59:52.822+0600][3.198s][info][gc,stats    ]   Rendezvous                        303 us
[2026-04-03T01:59:52.822+0600][3.198s][info][gc,stats    ] Concurrent Cleanup                  134 us
[2026-04-03T01:59:52.822+0600][3.198s][info][gc,stats    ] Concurrent Class Unloading         1824 us
[2026-04-03T01:59:52.822+0600][3.198s][info][gc,stats    ]   Unlink Stale                     1125 us
[2026-04-03T01:59:52.822+0600][3.198s][info][gc,stats    ]     System Dictionary                 7 us
[2026-04-03T01:59:52.822+0600][3.198s][info][gc,stats    ]     Weak Class Links                  0 us
[2026-04-03T01:59:52.822+0600][3.198s][info][gc,stats    ]     Code Roots                     1116 us
[2026-04-03T01:59:52.822+0600][3.198s][info][gc,stats    ]   Rendezvous                        245 us
[2026-04-03T01:59:52.822+0600][3.198s][info][gc,stats    ]   Purge Unlinked                    370 us
[2026-04-03T01:59:52.822+0600][3.198s][info][gc,stats    ]     Code Roots                      360 us
[2026-04-03T01:59:52.822+0600][3.198s][info][gc,stats    ]     CLDG                              9 us
[2026-04-03T01:59:52.822+0600][3.198s][info][gc,stats    ]     Exception Caches                  0 us
[2026-04-03T01:59:52.822+0600][3.198s][info][gc,stats    ] Concurrent Strong Roots             833 us, parallelism: 0.88x
[2026-04-03T01:59:52.822+0600][3.198s][info][gc,stats    ]   CSR: <total>                      729 us
[2026-04-03T01:59:52.822+0600][3.198s][info][gc,stats    ]   CSR: VM Strong Roots               14 us, workers (us):  13,   1,   1, ---, ---, ---, 
[2026-04-03T01:59:52.822+0600][3.198s][info][gc,stats    ]   CSR: CLDG Roots                   715 us, workers (us): 715, ---, ---, ---, ---, ---, 
[2026-04-03T01:59:52.822+0600][3.198s][info][gc,stats    ] Concurrent Evacuation              6098 us
[2026-04-03T01:59:52.822+0600][3.198s][info][gc,stats    ] Pause Init Update Refs (G)          937 us
[2026-04-03T01:59:52.822+0600][3.198s][info][gc,stats    ] Pause Init Update Refs (N)          101 us
[2026-04-03T01:59:52.822+0600][3.198s][info][gc,stats    ]   Manage GCLABs                       6 us
[2026-04-03T01:59:52.822+0600][3.198s][info][gc,stats    ] Concurrent Update Refs             3280 us
[2026-04-03T01:59:52.822+0600][3.198s][info][gc,stats    ] Concurrent Update Thread Roots      378 us
[2026-04-03T01:59:52.822+0600][3.198s][info][gc,stats    ] Pause Final Update Refs (G)         332 us
[2026-04-03T01:59:52.822+0600][3.198s][info][gc,stats    ] Pause Final Update Refs (N)         156 us
[2026-04-03T01:59:52.822+0600][3.198s][info][gc,stats    ]   Update Region States               34 us
[2026-04-03T01:59:52.822+0600][3.198s][info][gc,stats    ]   Trash Collection Set               22 us
[2026-04-03T01:59:52.822+0600][3.198s][info][gc,stats    ]   Rebuild Free Set                   21 us
[2026-04-03T01:59:52.822+0600][3.198s][info][gc,stats    ] Concurrent Cleanup                  252 us
[2026-04-03T01:59:52.822+0600][3.198s][info][gc,stats    ] 
[2026-04-03T01:59:52.822+0600][3.198s][info][gc,stats    ] Allocation pacing accrued:
[2026-04-03T01:59:52.822+0600][3.198s][info][gc,stats    ]       0 of  3192 ms (  0.0%): <total>
[2026-04-03T01:59:52.822+0600][3.198s][info][gc,stats    ]       0 of  3192 ms (  0.0%): <average total>
[2026-04-03T01:59:52.822+0600][3.198s][info][gc,stats    ] 
[2026-04-03T01:59:52.822+0600][3.198s][info][gc,metaspace] Metaspace: 14859K(15104K)->14950K(15232K) NonClass: 13021K(13184K)->13084K(13248K) Class: 1837K(1920K)->1865K(1984K)
[2026-04-03T01:59:52.822+0600][3.198s][info][gc,ergo     ] Pacer for Idle. Initial: 25600K, Alloc Tax Rate: 1.0x
[2026-04-03T01:59:54.088+0600][4.464s][info][gc          ] Trigger: Metadata GC Threshold
[2026-04-03T01:59:54.088+0600][4.464s][info][gc,ergo     ] Free: 1083M, Max: 512K regular, 861M humongous, Frag: 21% external, 0% internal; Reserve: 64000K, Max: 512K
[2026-04-03T01:59:54.088+0600][4.464s][info][gc,start    ] GC(1) Concurrent reset
[2026-04-03T01:59:54.088+0600][4.464s][info][gc,task     ] GC(1) Using 3 of 6 workers for concurrent reset
[2026-04-03T01:59:54.088+0600][4.464s][info][gc,ergo     ] GC(1) Pacer for Reset. Non-Taxable: 1250M
[2026-04-03T01:59:54.096+0600][4.472s][info][gc          ] GC(1) Concurrent reset 7.459ms
[2026-04-03T01:59:54.096+0600][4.472s][info][gc,start    ] GC(1) Pause Init Mark (unload classes)
[2026-04-03T01:59:54.096+0600][4.472s][info][gc,task     ] GC(1) Using 6 of 6 workers for init marking
[2026-04-03T01:59:54.096+0600][4.472s][info][gc,ergo     ] GC(1) Pacer for Mark. Expected Live: 13902K, Free: 1082M, Non-Taxable: 108M, Alloc Tax Rate: 0.0x
[2026-04-03T01:59:54.096+0600][4.472s][info][gc          ] GC(1) Pause Init Mark (unload classes) 0.114ms
[2026-04-03T01:59:54.096+0600][4.472s][info][gc,start    ] GC(1) Concurrent marking roots
[2026-04-03T01:59:54.096+0600][4.473s][info][gc,task     ] GC(1) Using 3 of 6 workers for concurrent marking roots
[2026-04-03T01:59:54.097+0600][4.473s][info][gc          ] GC(1) Concurrent marking roots 0.962ms
[2026-04-03T01:59:54.097+0600][4.473s][info][gc,start    ] GC(1) Concurrent marking (unload classes)
[2026-04-03T01:59:54.097+0600][4.473s][info][gc,task     ] GC(1) Using 3 of 6 workers for concurrent marking
[2026-04-03T01:59:54.106+0600][4.482s][info][gc          ] GC(1) Concurrent marking (unload classes) 8.306ms
[2026-04-03T01:59:54.106+0600][4.482s][info][gc,start    ] GC(1) Pause Final Mark (unload classes)
[2026-04-03T01:59:54.106+0600][4.482s][info][gc,task     ] GC(1) Using 6 of 6 workers for final marking
[2026-04-03T01:59:54.106+0600][4.482s][info][gc,ergo     ] GC(1) Adaptive CSet Selection. Target Free: 177M, Actual Free: 1145M, Max CSet: 53333K, Min Garbage: 0B
[2026-04-03T01:59:54.106+0600][4.482s][info][gc,ergo     ] GC(1) Collectable Garbage: 85795K (99%), Immediate: 1536K (1%), CSet: 84259K (97%)
[2026-04-03T01:59:54.106+0600][4.483s][info][gc,ergo     ] GC(1) Pacer for Evacuation. Used CSet: 90547K, Free: 1083M, Non-Taxable: 108M, Alloc Tax Rate: 1.1x
[2026-04-03T01:59:54.106+0600][4.483s][info][gc          ] GC(1) Pause Final Mark (unload classes) 0.507ms
[2026-04-03T01:59:54.107+0600][4.483s][info][gc,start    ] GC(1) Concurrent thread roots
[2026-04-03T01:59:54.107+0600][4.483s][info][gc,task     ] GC(1) Using 3 of 6 workers for Concurrent thread roots
[2026-04-03T01:59:54.107+0600][4.483s][info][gc          ] GC(1) Concurrent thread roots 0.407ms
[2026-04-03T01:59:54.107+0600][4.483s][info][gc,start    ] GC(1) Concurrent weak references
[2026-04-03T01:59:54.107+0600][4.483s][info][gc,task     ] GC(1) Using 3 of 6 workers for concurrent weak references
[2026-04-03T01:59:54.107+0600][4.483s][info][gc,ref      ] GC(1) Encountered references: Soft: 3723, Weak: 1927, Final: 0, Phantom: 563
[2026-04-03T01:59:54.107+0600][4.483s][info][gc,ref      ] GC(1) Discovered  references: Soft: 0, Weak: 1291, Final: 0, Phantom: 545
[2026-04-03T01:59:54.107+0600][4.483s][info][gc,ref      ] GC(1) Enqueued    references: Soft: 0, Weak: 372, Final: 0, Phantom: 0
[2026-04-03T01:59:54.107+0600][4.484s][info][gc          ] GC(1) Concurrent weak references 0.418ms
[2026-04-03T01:59:54.107+0600][4.484s][info][gc,start    ] GC(1) Concurrent weak roots
[2026-04-03T01:59:54.107+0600][4.484s][info][gc,task     ] GC(1) Using 3 of 6 workers for concurrent weak root
[2026-04-03T01:59:54.109+0600][4.485s][info][gc          ] GC(1) Concurrent weak roots 1.030ms
[2026-04-03T01:59:54.109+0600][4.485s][info][gc,start    ] GC(1) Concurrent cleanup
[2026-04-03T01:59:54.109+0600][4.485s][info][gc          ] GC(1) Concurrent cleanup 104M->103M(327M) 0.418ms
[2026-04-03T01:59:54.109+0600][4.485s][info][gc,ergo     ] GC(1) Free: 1082M, Max: 512K regular, 861M humongous, Frag: 21% external, 0% internal; Reserve: 63716K, Max: 512K
[2026-04-03T01:59:54.109+0600][4.485s][info][gc,start    ] GC(1) Concurrent class unloading
[2026-04-03T01:59:54.109+0600][4.485s][info][gc,task     ] GC(1) Using 3 of 6 workers for concurrent class unloading
[2026-04-03T01:59:54.112+0600][4.488s][info][gc          ] GC(1) Concurrent class unloading 2.968ms
[2026-04-03T01:59:54.112+0600][4.488s][info][gc,start    ] GC(1) Concurrent strong roots
[2026-04-03T01:59:54.112+0600][4.488s][info][gc,task     ] GC(1) Using 3 of 6 workers for concurrent strong root
[2026-04-03T01:59:54.113+0600][4.489s][info][gc          ] GC(1) Concurrent strong roots 1.101ms
[2026-04-03T01:59:54.113+0600][4.489s][info][gc,start    ] GC(1) Concurrent evacuation
[2026-04-03T01:59:54.113+0600][4.489s][info][gc,task     ] GC(1) Using 3 of 6 workers for concurrent evacuation
[2026-04-03T01:59:54.118+0600][4.494s][info][gc          ] GC(1) Concurrent evacuation 4.634ms
[2026-04-03T01:59:54.118+0600][4.494s][info][gc,start    ] GC(1) Pause Init Update Refs
[2026-04-03T01:59:54.118+0600][4.494s][info][gc,ergo     ] GC(1) Pacer for Update Refs. Used: 111M, Free: 1081M, Non-Taxable: 108M, Alloc Tax Rate: 1.1x
[2026-04-03T01:59:54.118+0600][4.494s][info][gc          ] GC(1) Pause Init Update Refs 0.052ms
[2026-04-03T01:59:54.118+0600][4.494s][info][gc,start    ] GC(1) Concurrent update references
[2026-04-03T01:59:54.118+0600][4.494s][info][gc,task     ] GC(1) Using 3 of 6 workers for concurrent reference update
[2026-04-03T01:59:54.123+0600][4.499s][info][gc          ] GC(1) Concurrent update references 4.502ms
[2026-04-03T01:59:54.123+0600][4.499s][info][gc,start    ] GC(1) Concurrent update thread roots
[2026-04-03T01:59:54.123+0600][4.499s][info][gc          ] GC(1) Concurrent update thread roots 0.322ms
[2026-04-03T01:59:54.123+0600][4.499s][info][gc,start    ] GC(1) Pause Final Update Refs
[2026-04-03T01:59:54.123+0600][4.499s][info][gc,task     ] GC(1) Using 6 of 6 workers for final reference update
[2026-04-03T01:59:54.123+0600][4.499s][info][gc          ] GC(1) Pause Final Update Refs 0.088ms
[2026-04-03T01:59:54.123+0600][4.499s][info][gc,start    ] GC(1) Concurrent cleanup
[2026-04-03T01:59:54.124+0600][4.500s][info][gc          ] GC(1) Concurrent cleanup 111M->22M(333M) 0.443ms
[2026-04-03T01:59:54.124+0600][4.500s][info][gc,ergo     ] Free: 1163M, Max: 512K regular, 886M humongous, Frag: 24% external, 0% internal; Reserve: 64000K, Max: 512K
[2026-04-03T01:59:54.124+0600][4.500s][info][gc,stats    ] 
[2026-04-03T01:59:54.124+0600][4.500s][info][gc,stats    ] All times are wall-clock times, except per-root-class counters, that are sum over
[2026-04-03T01:59:54.124+0600][4.500s][info][gc,stats    ] all workers. Dividing the <total> over the root stage time estimates parallelism.
[2026-04-03T01:59:54.124+0600][4.500s][info][gc,stats    ] 
[2026-04-03T01:59:54.124+0600][4.500s][info][gc,stats    ] Concurrent Reset                   7522 us
[2026-04-03T01:59:54.124+0600][4.500s][info][gc,stats    ] Pause Init Mark (G)                 504 us
[2026-04-03T01:59:54.124+0600][4.500s][info][gc,stats    ] Pause Init Mark (N)                 125 us
[2026-04-03T01:59:54.124+0600][4.500s][info][gc,stats    ]   Update Region States               25 us
[2026-04-03T01:59:54.124+0600][4.500s][info][gc,stats    ] Concurrent Mark Roots              1007 us, parallelism: 1.15x
[2026-04-03T01:59:54.124+0600][4.500s][info][gc,stats    ]   CMR: <total>                     1158 us
[2026-04-03T01:59:54.124+0600][4.500s][info][gc,stats    ]   CMR: Thread Roots                 748 us, workers (us):   0, 120, 628, ---, ---, ---, 
[2026-04-03T01:59:54.124+0600][4.500s][info][gc,stats    ]   CMR: VM Strong Roots              152 us, workers (us):  52,  67,  34, ---, ---, ---, 
[2026-04-03T01:59:54.124+0600][4.500s][info][gc,stats    ]   CMR: CLDG Roots                   258 us, workers (us): 258, ---, ---, ---, ---, ---, 
[2026-04-03T01:59:54.124+0600][4.500s][info][gc,stats    ] Concurrent Marking                 8372 us
[2026-04-03T01:59:54.124+0600][4.500s][info][gc,stats    ] Pause Final Mark (G)                828 us
[2026-04-03T01:59:54.124+0600][4.500s][info][gc,stats    ] Pause Final Mark (N)                518 us
[2026-04-03T01:59:54.124+0600][4.500s][info][gc,stats    ]   Finish Mark                       247 us
[2026-04-03T01:59:54.124+0600][4.500s][info][gc,stats    ]   Update Region States               32 us
[2026-04-03T01:59:54.124+0600][4.500s][info][gc,stats    ]   Choose Collection Set             125 us
[2026-04-03T01:59:54.124+0600][4.500s][info][gc,stats    ]   Rebuild Free Set                   22 us
[2026-04-03T01:59:54.124+0600][4.500s][info][gc,stats    ] Concurrent Thread Roots             426 us, parallelism: 0.92x
[2026-04-03T01:59:54.124+0600][4.500s][info][gc,stats    ]   CTR: <total>                      393 us
[2026-04-03T01:59:54.124+0600][4.500s][info][gc,stats    ]   CTR: Thread Roots                 393 us, workers (us): 277,  69,  46, ---, ---, ---, 
[2026-04-03T01:59:54.124+0600][4.500s][info][gc,stats    ] Concurrent Weak References          431 us, parallelism: 1.14x
[2026-04-03T01:59:54.124+0600][4.500s][info][gc,stats    ]   CWRF: <total>                     490 us
[2026-04-03T01:59:54.124+0600][4.500s][info][gc,stats    ]   CWRF: Weak References             490 us, workers (us): 284, 180,  26, ---, ---, ---, 
[2026-04-03T01:59:54.124+0600][4.500s][info][gc,stats    ] Concurrent Weak Roots              1077 us
[2026-04-03T01:59:54.124+0600][4.500s][info][gc,stats    ]   Roots                             876 us, parallelism: 2.40x
[2026-04-03T01:59:54.124+0600][4.500s][info][gc,stats    ]     CWR: <total>                   2104 us
[2026-04-03T01:59:54.124+0600][4.500s][info][gc,stats    ]     CWR: Code Cache Roots           898 us, workers (us): 301, 354, 242, ---, ---, ---, 
[2026-04-03T01:59:54.124+0600][4.500s][info][gc,stats    ]     CWR: VM Weak Roots             1184 us, workers (us): 407, 443, 334, ---, ---, ---, 
[2026-04-03T01:59:54.124+0600][4.500s][info][gc,stats    ]     CWR: CLDG Roots                  23 us, workers (us): ---, ---,  23, ---, ---, ---, 
[2026-04-03T01:59:54.124+0600][4.500s][info][gc,stats    ]   Rendezvous                        129 us
[2026-04-03T01:59:54.124+0600][4.500s][info][gc,stats    ] Concurrent Cleanup                  439 us
[2026-04-03T01:59:54.124+0600][4.500s][info][gc,stats    ] Concurrent Class Unloading         3026 us
[2026-04-03T01:59:54.124+0600][4.500s][info][gc,stats    ]   Unlink Stale                     2108 us
[2026-04-03T01:59:54.124+0600][4.500s][info][gc,stats    ]     System Dictionary                20 us
[2026-04-03T01:59:54.124+0600][4.500s][info][gc,stats    ]     Weak Class Links                  0 us
[2026-04-03T01:59:54.124+0600][4.500s][info][gc,stats    ]     Code Roots                     2085 us
[2026-04-03T01:59:54.124+0600][4.500s][info][gc,stats    ]   Rendezvous                        412 us
[2026-04-03T01:59:54.124+0600][4.500s][info][gc,stats    ]   Purge Unlinked                    428 us
[2026-04-03T01:59:54.124+0600][4.500s][info][gc,stats    ]     Code Roots                      419 us
[2026-04-03T01:59:54.124+0600][4.500s][info][gc,stats    ]     CLDG                              8 us
[2026-04-03T01:59:54.124+0600][4.500s][info][gc,stats    ]     Exception Caches                  0 us
[2026-04-03T01:59:54.124+0600][4.500s][info][gc,stats    ] Concurrent Strong Roots            1151 us, parallelism: 0.76x
[2026-04-03T01:59:54.124+0600][4.500s][info][gc,stats    ]   CSR: <total>                      871 us
[2026-04-03T01:59:54.124+0600][4.500s][info][gc,stats    ]   CSR: VM Strong Roots               38 us, workers (us):  36,   1,   1, ---, ---, ---, 
[2026-04-03T01:59:54.124+0600][4.500s][info][gc,stats    ]   CSR: CLDG Roots                   833 us, workers (us): 833, ---, ---, ---, ---, ---, 
[2026-04-03T01:59:54.124+0600][4.500s][info][gc,stats    ] Concurrent Evacuation              4699 us
[2026-04-03T01:59:54.124+0600][4.500s][info][gc,stats    ] Pause Init Update Refs (G)          278 us
[2026-04-03T01:59:54.124+0600][4.500s][info][gc,stats    ] Pause Init Update Refs (N)           61 us
[2026-04-03T01:59:54.124+0600][4.500s][info][gc,stats    ]   Manage GCLABs                       5 us
[2026-04-03T01:59:54.124+0600][4.500s][info][gc,stats    ] Concurrent Update Refs             4564 us
[2026-04-03T01:59:54.124+0600][4.500s][info][gc,stats    ] Concurrent Update Thread Roots      368 us
[2026-04-03T01:59:54.124+0600][4.500s][info][gc,stats    ] Pause Final Update Refs (G)         281 us
[2026-04-03T01:59:54.124+0600][4.500s][info][gc,stats    ] Pause Final Update Refs (N)         106 us
[2026-04-03T01:59:54.124+0600][4.500s][info][gc,stats    ]   Update Region States               28 us
[2026-04-03T01:59:54.124+0600][4.500s][info][gc,stats    ]   Trash Collection Set                7 us
[2026-04-03T01:59:54.124+0600][4.500s][info][gc,stats    ]   Rebuild Free Set                   21 us
[2026-04-03T01:59:54.124+0600][4.500s][info][gc,stats    ] Concurrent Cleanup                  462 us
[2026-04-03T01:59:54.124+0600][4.500s][info][gc,stats    ] 
[2026-04-03T01:59:54.124+0600][4.500s][info][gc,stats    ] Allocation pacing accrued:
[2026-04-03T01:59:54.124+0600][4.500s][info][gc,stats    ]       0 of  1302 ms (  0.0%): <total>
[2026-04-03T01:59:54.124+0600][4.500s][info][gc,stats    ]       0 of  1302 ms (  0.0%): <average total>
[2026-04-03T01:59:54.124+0600][4.500s][info][gc,stats    ] 
[2026-04-03T01:59:54.124+0600][4.500s][info][gc,metaspace] Metaspace: 25005K(25344K)->25166K(25472K) NonClass: 21843K(22016K)->21974K(22144K) Class: 3161K(3328K)->3191K(3328K)
[2026-04-03T01:59:54.124+0600][4.500s][info][gc,ergo     ] Pacer for Idle. Initial: 25600K, Alloc Tax Rate: 1.0x
[2026-04-03T01:59:58.180+0600][8.556s][info][gc          ] Trigger: Metadata GC Threshold
[2026-04-03T01:59:58.180+0600][8.556s][info][gc,ergo     ] Free: 1016M, Max: 512K regular, 886M humongous, Frag: 13% external, 0% internal; Reserve: 64000K, Max: 512K
[2026-04-03T01:59:58.180+0600][8.556s][info][gc,start    ] GC(2) Concurrent reset
[2026-04-03T01:59:58.180+0600][8.556s][info][gc,task     ] GC(2) Using 3 of 6 workers for concurrent reset
[2026-04-03T01:59:58.180+0600][8.556s][info][gc,ergo     ] GC(2) Pacer for Reset. Non-Taxable: 1250M
[2026-04-03T01:59:58.181+0600][8.557s][info][gc          ] GC(2) Concurrent reset 0.783ms
[2026-04-03T01:59:58.181+0600][8.557s][info][gc,start    ] GC(2) Pause Init Mark (unload classes)
[2026-04-03T01:59:58.181+0600][8.557s][info][gc,task     ] GC(2) Using 6 of 6 workers for init marking
[2026-04-03T01:59:58.181+0600][8.558s][info][gc,ergo     ] GC(2) Pacer for Mark. Expected Live: 16644K, Free: 1016M, Non-Taxable: 101M, Alloc Tax Rate: 0.0x
[2026-04-03T01:59:58.181+0600][8.558s][info][gc          ] GC(2) Pause Init Mark (unload classes) 0.099ms
[2026-04-03T01:59:58.182+0600][8.558s][info][gc,start    ] GC(2) Concurrent marking roots
[2026-04-03T01:59:58.182+0600][8.558s][info][gc,task     ] GC(2) Using 3 of 6 workers for concurrent marking roots
[2026-04-03T01:59:58.183+0600][8.559s][info][gc          ] GC(2) Concurrent marking roots 1.460ms
[2026-04-03T01:59:58.183+0600][8.559s][info][gc,start    ] GC(2) Concurrent marking (unload classes)
[2026-04-03T01:59:58.183+0600][8.559s][info][gc,task     ] GC(2) Using 3 of 6 workers for concurrent marking
[2026-04-03T01:59:58.194+0600][8.570s][info][gc          ] GC(2) Concurrent marking (unload classes) 10.862ms
[2026-04-03T01:59:58.194+0600][8.570s][info][gc,start    ] GC(2) Pause Final Mark (unload classes)
[2026-04-03T01:59:58.194+0600][8.570s][info][gc,task     ] GC(2) Using 6 of 6 workers for final marking
[2026-04-03T01:59:58.195+0600][8.571s][info][gc,ergo     ] GC(2) Adaptive CSet Selection. Target Free: 177M, Actual Free: 1093M, Max CSet: 53333K, Min Garbage: 0B
[2026-04-03T01:59:58.195+0600][8.571s][info][gc,ergo     ] GC(2) Collectable Garbage: 136M (99%), Immediate: 17018K (12%), CSet: 120M (87%)
[2026-04-03T01:59:58.195+0600][8.571s][info][gc,ergo     ] GC(2) Pacer for Evacuation. Used CSet: 125M, Free: 1038M, Non-Taxable: 103M, Alloc Tax Rate: 1.1x
[2026-04-03T01:59:58.195+0600][8.571s][info][gc          ] GC(2) Pause Final Mark (unload classes) 0.607ms
[2026-04-03T01:59:58.195+0600][8.571s][info][gc,start    ] GC(2) Concurrent thread roots
[2026-04-03T01:59:58.195+0600][8.571s][info][gc,task     ] GC(2) Using 3 of 6 workers for Concurrent thread roots
[2026-04-03T01:59:58.196+0600][8.572s][info][gc          ] GC(2) Concurrent thread roots 1.078ms
[2026-04-03T01:59:58.196+0600][8.572s][info][gc,start    ] GC(2) Concurrent weak references
[2026-04-03T01:59:58.196+0600][8.572s][info][gc,task     ] GC(2) Using 3 of 6 workers for concurrent weak references
[2026-04-03T01:59:58.197+0600][8.573s][info][gc,ref      ] GC(2) Encountered references: Soft: 3915, Weak: 2868, Final: 80, Phantom: 578
[2026-04-03T01:59:58.197+0600][8.573s][info][gc,ref      ] GC(2) Discovered  references: Soft: 0, Weak: 1502, Final: 48, Phantom: 576
[2026-04-03T01:59:58.197+0600][8.573s][info][gc,ref      ] GC(2) Enqueued    references: Soft: 0, Weak: 464, Final: 0, Phantom: 1
[2026-04-03T01:59:58.197+0600][8.573s][info][gc          ] GC(2) Concurrent weak references 0.665ms
[2026-04-03T01:59:58.197+0600][8.573s][info][gc,start    ] GC(2) Concurrent weak roots
[2026-04-03T01:59:58.197+0600][8.573s][info][gc,task     ] GC(2) Using 3 of 6 workers for concurrent weak root
[2026-04-03T01:59:58.199+0600][8.575s][info][gc          ] GC(2) Concurrent weak roots 1.793ms
[2026-04-03T01:59:58.199+0600][8.575s][info][gc,start    ] GC(2) Concurrent cleanup
[2026-04-03T01:59:58.199+0600][8.575s][info][gc          ] GC(2) Concurrent cleanup 164M->147M(333M) 0.381ms
[2026-04-03T01:59:58.199+0600][8.575s][info][gc,ergo     ] GC(2) Free: 1038M, Max: 512K regular, 886M humongous, Frag: 15% external, 0% internal; Reserve: 63510K, Max: 512K
[2026-04-03T01:59:58.199+0600][8.575s][info][gc,start    ] GC(2) Concurrent class unloading
[2026-04-03T01:59:58.199+0600][8.575s][info][gc,task     ] GC(2) Using 3 of 6 workers for concurrent class unloading
[2026-04-03T01:59:58.202+0600][8.578s][info][gc          ] GC(2) Concurrent class unloading 3.153ms
[2026-04-03T01:59:58.202+0600][8.578s][info][gc,start    ] GC(2) Concurrent strong roots
[2026-04-03T01:59:58.202+0600][8.578s][info][gc,task     ] GC(2) Using 3 of 6 workers for concurrent strong root
[2026-04-03T01:59:58.204+0600][8.580s][info][gc          ] GC(2) Concurrent strong roots 1.719ms
[2026-04-03T01:59:58.204+0600][8.580s][info][gc,start    ] GC(2) Concurrent evacuation
[2026-04-03T01:59:58.204+0600][8.580s][info][gc,task     ] GC(2) Using 3 of 6 workers for concurrent evacuation
[2026-04-03T01:59:58.209+0600][8.585s][info][gc          ] GC(2) Concurrent evacuation 4.809ms
[2026-04-03T01:59:58.209+0600][8.585s][info][gc,start    ] GC(2) Pause Init Update Refs
[2026-04-03T01:59:58.209+0600][8.585s][info][gc,ergo     ] GC(2) Pacer for Update Refs. Used: 154M, Free: 1037M, Non-Taxable: 103M, Alloc Tax Rate: 1.1x
[2026-04-03T01:59:58.209+0600][8.585s][info][gc          ] GC(2) Pause Init Update Refs 0.078ms
[2026-04-03T01:59:58.209+0600][8.585s][info][gc,start    ] GC(2) Concurrent update references
[2026-04-03T01:59:58.209+0600][8.585s][info][gc,task     ] GC(2) Using 3 of 6 workers for concurrent reference update
[2026-04-03T01:59:58.216+0600][8.592s][info][gc          ] GC(2) Concurrent update references 6.507ms
[2026-04-03T01:59:58.216+0600][8.592s][info][gc,start    ] GC(2) Concurrent update thread roots
[2026-04-03T01:59:58.217+0600][8.593s][info][gc          ] GC(2) Concurrent update thread roots 0.780ms
[2026-04-03T01:59:58.217+0600][8.593s][info][gc,start    ] GC(2) Pause Final Update Refs
[2026-04-03T01:59:58.217+0600][8.593s][info][gc,task     ] GC(2) Using 6 of 6 workers for final reference update
[2026-04-03T01:59:58.217+0600][8.593s][info][gc          ] GC(2) Pause Final Update Refs 0.132ms
[2026-04-03T01:59:58.217+0600][8.593s][info][gc,start    ] GC(2) Concurrent cleanup
[2026-04-03T01:59:58.218+0600][8.594s][info][gc          ] GC(2) Concurrent cleanup 155M->29M(339M) 0.515ms
[2026-04-03T01:59:58.218+0600][8.594s][info][gc,ergo     ] Free: 1156M, Max: 512K regular, 882M humongous, Frag: 24% external, 0% internal; Reserve: 64000K, Max: 512K
[2026-04-03T01:59:58.218+0600][8.594s][info][gc,stats    ] 
[2026-04-03T01:59:58.218+0600][8.594s][info][gc,stats    ] All times are wall-clock times, except per-root-class counters, that are sum over
[2026-04-03T01:59:58.218+0600][8.594s][info][gc,stats    ] all workers. Dividing the <total> over the root stage time estimates parallelism.
[2026-04-03T01:59:58.218+0600][8.594s][info][gc,stats    ] 
[2026-04-03T01:59:58.218+0600][8.594s][info][gc,stats    ] Concurrent Reset                    837 us
[2026-04-03T01:59:58.218+0600][8.594s][info][gc,stats    ] Pause Init Mark (G)                 457 us
[2026-04-03T01:59:58.218+0600][8.594s][info][gc,stats    ] Pause Init Mark (N)                 108 us
[2026-04-03T01:59:58.218+0600][8.594s][info][gc,stats    ]   Update Region States               19 us
[2026-04-03T01:59:58.218+0600][8.594s][info][gc,stats    ] Concurrent Mark Roots              1504 us, parallelism: 2.39x
[2026-04-03T01:59:58.218+0600][8.594s][info][gc,stats    ]   CMR: <total>                     3601 us
[2026-04-03T01:59:58.218+0600][8.594s][info][gc,stats    ]   CMR: Thread Roots                3340 us, workers (us): 1175, 1193, 972, ---, ---, ---, 
[2026-04-03T01:59:58.218+0600][8.594s][info][gc,stats    ]   CMR: VM Strong Roots               64 us, workers (us):  30,  28,   6, ---, ---, ---, 
[2026-04-03T01:59:58.218+0600][8.594s][info][gc,stats    ]   CMR: CLDG Roots                   197 us, workers (us): ---, ---, 197, ---, ---, ---, 
[2026-04-03T01:59:58.218+0600][8.594s][info][gc,stats    ] Concurrent Marking                10934 us
[2026-04-03T01:59:58.218+0600][8.594s][info][gc,stats    ] Pause Final Mark (G)                884 us
[2026-04-03T01:59:58.218+0600][8.594s][info][gc,stats    ] Pause Final Mark (N)                645 us
[2026-04-03T01:59:58.218+0600][8.594s][info][gc,stats    ]   Finish Mark                       252 us
[2026-04-03T01:59:58.218+0600][8.594s][info][gc,stats    ]   Update Region States               34 us
[2026-04-03T01:59:58.218+0600][8.594s][info][gc,stats    ]   Choose Collection Set             194 us
[2026-04-03T01:59:58.218+0600][8.594s][info][gc,stats    ]   Rebuild Free Set                   23 us
[2026-04-03T01:59:58.218+0600][8.594s][info][gc,stats    ] Concurrent Thread Roots            1132 us, parallelism: 1.30x
[2026-04-03T01:59:58.218+0600][8.594s][info][gc,stats    ]   CTR: <total>                     1472 us
[2026-04-03T01:59:58.218+0600][8.594s][info][gc,stats    ]   CTR: Thread Roots                1472 us, workers (us): 283, 854, 334, ---, ---, ---, 
[2026-04-03T01:59:58.218+0600][8.594s][info][gc,stats    ] Concurrent Weak References          672 us, parallelism: 0.77x
[2026-04-03T01:59:58.218+0600][8.594s][info][gc,stats    ]   CWRF: <total>                     519 us
[2026-04-03T01:59:58.218+0600][8.594s][info][gc,stats    ]   CWRF: Weak References             519 us, workers (us):  40, 478,   0, ---, ---, ---, 
[2026-04-03T01:59:58.218+0600][8.594s][info][gc,stats    ] Concurrent Weak Roots              1844 us
[2026-04-03T01:59:58.218+0600][8.594s][info][gc,stats    ]   Roots                            1566 us, parallelism: 2.43x
[2026-04-03T01:59:58.218+0600][8.594s][info][gc,stats    ]     CWR: <total>                   3803 us
[2026-04-03T01:59:58.218+0600][8.594s][info][gc,stats    ]     CWR: Code Cache Roots          1587 us, workers (us): 516, 482, 589, ---, ---, ---, 
[2026-04-03T01:59:58.218+0600][8.594s][info][gc,stats    ]     CWR: VM Weak Roots             2191 us, workers (us): 737, 729, 725, ---, ---, ---, 
[2026-04-03T01:59:58.218+0600][8.594s][info][gc,stats    ]     CWR: CLDG Roots                  25 us, workers (us): ---,  25, ---, ---, ---, ---, 
[2026-04-03T01:59:58.218+0600][8.594s][info][gc,stats    ]   Rendezvous                        208 us
[2026-04-03T01:59:58.218+0600][8.594s][info][gc,stats    ] Concurrent Cleanup                  394 us
[2026-04-03T01:59:58.218+0600][8.594s][info][gc,stats    ] Concurrent Class Unloading         3211 us
[2026-04-03T01:59:58.218+0600][8.594s][info][gc,stats    ]   Unlink Stale                     2380 us
[2026-04-03T01:59:58.218+0600][8.594s][info][gc,stats    ]     System Dictionary                26 us
[2026-04-03T01:59:58.218+0600][8.594s][info][gc,stats    ]     Weak Class Links                  0 us
[2026-04-03T01:59:58.218+0600][8.594s][info][gc,stats    ]     Code Roots                     2351 us
[2026-04-03T01:59:58.218+0600][8.594s][info][gc,stats    ]   Rendezvous                        198 us
[2026-04-03T01:59:58.218+0600][8.594s][info][gc,stats    ]   Purge Unlinked                    556 us
[2026-04-03T01:59:58.218+0600][8.594s][info][gc,stats    ]     Code Roots                      543 us
[2026-04-03T01:59:58.218+0600][8.594s][info][gc,stats    ]     CLDG                             13 us
[2026-04-03T01:59:58.218+0600][8.594s][info][gc,stats    ]     Exception Caches                  0 us
[2026-04-03T01:59:58.218+0600][8.594s][info][gc,stats    ] Concurrent Strong Roots            1772 us, parallelism: 0.84x
[2026-04-03T01:59:58.218+0600][8.594s][info][gc,stats    ]   CSR: <total>                     1497 us
[2026-04-03T01:59:58.218+0600][8.594s][info][gc,stats    ]   CSR: VM Strong Roots               27 us, workers (us):  26,   1,   0, ---, ---, ---, 
[2026-04-03T01:59:58.218+0600][8.594s][info][gc,stats    ]   CSR: CLDG Roots                  1470 us, workers (us): 1470, ---, ---, ---, ---, ---, 
[2026-04-03T01:59:58.218+0600][8.594s][info][gc,stats    ] Concurrent Evacuation              4874 us
[2026-04-03T01:59:58.218+0600][8.594s][info][gc,stats    ] Pause Init Update Refs (G)          461 us
[2026-04-03T01:59:58.218+0600][8.595s][info][gc,stats    ] Pause Init Update Refs (N)           88 us
[2026-04-03T01:59:58.218+0600][8.595s][info][gc,stats    ]   Manage GCLABs                      13 us
[2026-04-03T01:59:58.218+0600][8.595s][info][gc,stats    ] Concurrent Update Refs             6600 us
[2026-04-03T01:59:58.218+0600][8.595s][info][gc,stats    ] Concurrent Update Thread Roots      807 us
[2026-04-03T01:59:58.219+0600][8.595s][info][gc,stats    ] Pause Final Update Refs (G)         546 us
[2026-04-03T01:59:58.219+0600][8.595s][info][gc,stats    ] Pause Final Update Refs (N)         144 us
[2026-04-03T01:59:58.219+0600][8.595s][info][gc,stats    ]   Update Region States               35 us
[2026-04-03T01:59:58.219+0600][8.595s][info][gc,stats    ]   Trash Collection Set                8 us
[2026-04-03T01:59:58.219+0600][8.595s][info][gc,stats    ]   Rebuild Free Set                   26 us
[2026-04-03T01:59:58.219+0600][8.595s][info][gc,stats    ] Concurrent Cleanup                  545 us
[2026-04-03T01:59:58.219+0600][8.595s][info][gc,stats    ] 
[2026-04-03T01:59:58.219+0600][8.595s][info][gc,stats    ] Allocation pacing accrued:
[2026-04-03T01:59:58.219+0600][8.595s][info][gc,stats    ]       0 of  4094 ms (  0.0%): <total>
[2026-04-03T01:59:58.219+0600][8.595s][info][gc,stats    ]       0 of  4094 ms (  0.0%): <average total>
[2026-04-03T01:59:58.219+0600][8.595s][info][gc,stats    ] 
[2026-04-03T01:59:58.219+0600][8.595s][info][gc,metaspace] Metaspace: 42170K(42560K)->42385K(42816K) NonClass: 36960K(37184K)->37135K(37376K) Class: 5210K(5376K)->5249K(5440K)
[2026-04-03T01:59:58.219+0600][8.595s][info][gc,ergo     ] Pacer for Idle. Initial: 25600K, Alloc Tax Rate: 1.0x
[2026-04-03T01:59:59.005+0600][9.381s][info][gc          ] Trigger: Learning 4 of 5. Free (874M) is below initial threshold (875M)
[2026-04-03T01:59:59.005+0600][9.381s][info][gc,ergo     ] Free: 874M, Max: 512K regular, 874M humongous, Frag: 0% external, 0% internal; Reserve: 64000K, Max: 512K
[2026-04-03T01:59:59.005+0600][9.381s][info][gc,start    ] GC(3) Concurrent reset
[2026-04-03T01:59:59.005+0600][9.381s][info][gc,task     ] GC(3) Using 3 of 6 workers for concurrent reset
[2026-04-03T01:59:59.005+0600][9.381s][info][gc,ergo     ] GC(3) Pacer for Reset. Non-Taxable: 1250M
[2026-04-03T01:59:59.006+0600][9.382s][info][gc          ] GC(3) Concurrent reset 0.616ms
[2026-04-03T01:59:59.006+0600][9.382s][info][gc,start    ] GC(3) Pause Init Mark (unload classes)
[2026-04-03T01:59:59.006+0600][9.382s][info][gc,task     ] GC(3) Using 6 of 6 workers for init marking
[2026-04-03T01:59:59.006+0600][9.382s][info][gc,ergo     ] GC(3) Pacer for Mark. Expected Live: 19053K, Free: 873M, Non-Taxable: 89455K, Alloc Tax Rate: 0.0x
[2026-04-03T01:59:59.006+0600][9.382s][info][gc          ] GC(3) Pause Init Mark (unload classes) 0.116ms
[2026-04-03T01:59:59.006+0600][9.382s][info][gc,start    ] GC(3) Concurrent marking roots
[2026-04-03T01:59:59.006+0600][9.382s][info][gc,task     ] GC(3) Using 3 of 6 workers for concurrent marking roots
[2026-04-03T01:59:59.007+0600][9.383s][info][gc          ] GC(3) Concurrent marking roots 0.482ms
[2026-04-03T01:59:59.007+0600][9.383s][info][gc,start    ] GC(3) Concurrent marking (unload classes)
[2026-04-03T01:59:59.007+0600][9.383s][info][gc,task     ] GC(3) Using 3 of 6 workers for concurrent marking
[2026-04-03T01:59:59.030+0600][9.406s][info][gc          ] GC(3) Concurrent marking (unload classes) 23.741ms
[2026-04-03T01:59:59.031+0600][9.407s][info][gc,start    ] GC(3) Pause Final Mark (unload classes)
[2026-04-03T01:59:59.031+0600][9.407s][info][gc,task     ] GC(3) Using 6 of 6 workers for final marking
[2026-04-03T01:59:59.031+0600][9.407s][info][gc,ergo     ] GC(3) Adaptive CSet Selection. Target Free: 177M, Actual Free: 917M, Max CSet: 53333K, Min Garbage: 0B
[2026-04-03T01:59:59.031+0600][9.407s][info][gc,ergo     ] GC(3) Collectable Garbage: 265M (99%), Immediate: 946K (0%), CSet: 264M (99%)
[2026-04-03T01:59:59.031+0600][9.407s][info][gc,ergo     ] GC(3) Pacer for Evacuation. Used CSet: 287M, Free: 855M, Non-Taxable: 87554K, Alloc Tax Rate: 1.1x
[2026-04-03T01:59:59.031+0600][9.407s][info][gc          ] GC(3) Pause Final Mark (unload classes) 0.767ms
[2026-04-03T01:59:59.032+0600][9.408s][info][gc,start    ] GC(3) Concurrent thread roots
[2026-04-03T01:59:59.032+0600][9.408s][info][gc,task     ] GC(3) Using 3 of 6 workers for Concurrent thread roots
[2026-04-03T01:59:59.032+0600][9.408s][info][gc          ] GC(3) Concurrent thread roots 0.553ms
[2026-04-03T01:59:59.032+0600][9.408s][info][gc,start    ] GC(3) Concurrent weak references
[2026-04-03T01:59:59.032+0600][9.408s][info][gc,task     ] GC(3) Using 3 of 6 workers for concurrent weak references
[2026-04-03T01:59:59.033+0600][9.409s][info][gc,ref      ] GC(3) Encountered references: Soft: 3982, Weak: 3045, Final: 82, Phantom: 580
[2026-04-03T01:59:59.033+0600][9.409s][info][gc,ref      ] GC(3) Discovered  references: Soft: 0, Weak: 2106, Final: 74, Phantom: 578
[2026-04-03T01:59:59.033+0600][9.409s][info][gc,ref      ] GC(3) Enqueued    references: Soft: 0, Weak: 318, Final: 0, Phantom: 0
[2026-04-03T01:59:59.033+0600][9.409s][info][gc          ] GC(3) Concurrent weak references 0.702ms
[2026-04-03T01:59:59.033+0600][9.409s][info][gc,start    ] GC(3) Concurrent weak roots
[2026-04-03T01:59:59.033+0600][9.409s][info][gc,task     ] GC(3) Using 3 of 6 workers for concurrent weak root
[2026-04-03T01:59:59.035+0600][9.411s][info][gc          ] GC(3) Concurrent weak roots 1.629ms
[2026-04-03T01:59:59.035+0600][9.411s][info][gc,start    ] GC(3) Concurrent cleanup
[2026-04-03T01:59:59.035+0600][9.411s][info][gc          ] GC(3) Concurrent cleanup 333M->332M(339M) 0.155ms
[2026-04-03T01:59:59.035+0600][9.411s][info][gc,ergo     ] GC(3) Free: 852M, Max: 512K regular, 852M humongous, Frag: 1% external, 0% internal; Reserve: 63542K, Max: 512K
[2026-04-03T01:59:59.035+0600][9.411s][info][gc,start    ] GC(3) Concurrent class unloading
[2026-04-03T01:59:59.035+0600][9.411s][info][gc,task     ] GC(3) Using 3 of 6 workers for concurrent class unloading
[2026-04-03T01:59:59.038+0600][9.414s][info][gc          ] GC(3) Concurrent class unloading 3.373ms
[2026-04-03T01:59:59.038+0600][9.414s][info][gc,start    ] GC(3) Concurrent strong roots
[2026-04-03T01:59:59.038+0600][9.414s][info][gc,task     ] GC(3) Using 3 of 6 workers for concurrent strong root
[2026-04-03T01:59:59.039+0600][9.415s][info][gc          ] GC(3) Concurrent strong roots 1.078ms
[2026-04-03T01:59:59.039+0600][9.415s][info][gc,start    ] GC(3) Concurrent evacuation
[2026-04-03T01:59:59.039+0600][9.415s][info][gc,task     ] GC(3) Using 3 of 6 workers for concurrent evacuation
[2026-04-03T01:59:59.059+0600][9.435s][info][gc          ] GC(3) Concurrent evacuation 19.286ms
[2026-04-03T01:59:59.059+0600][9.435s][info][gc,start    ] GC(3) Pause Init Update Refs
[2026-04-03T01:59:59.059+0600][9.435s][info][gc,ergo     ] GC(3) Pacer for Update Refs. Used: 367M, Free: 841M, Non-Taxable: 86133K, Alloc Tax Rate: 1.1x
[2026-04-03T01:59:59.059+0600][9.435s][info][gc          ] GC(3) Pause Init Update Refs 0.093ms
[2026-04-03T01:59:59.059+0600][9.435s][info][gc,start    ] GC(3) Concurrent update references
[2026-04-03T01:59:59.059+0600][9.435s][info][gc,task     ] GC(3) Using 3 of 6 workers for concurrent reference update
[2026-04-03T01:59:59.079+0600][9.455s][info][gc          ] GC(3) Concurrent update references 19.788ms
[2026-04-03T01:59:59.079+0600][9.455s][info][gc,start    ] GC(3) Concurrent update thread roots
[2026-04-03T01:59:59.079+0600][9.455s][info][gc          ] GC(3) Concurrent update thread roots 0.505ms
[2026-04-03T01:59:59.080+0600][9.456s][info][gc,start    ] GC(3) Pause Final Update Refs
[2026-04-03T01:59:59.080+0600][9.456s][info][gc,task     ] GC(3) Using 6 of 6 workers for final reference update
[2026-04-03T01:59:59.080+0600][9.456s][info][gc          ] GC(3) Pause Final Update Refs 0.155ms
[2026-04-03T01:59:59.080+0600][9.456s][info][gc,start    ] GC(3) Concurrent cleanup
[2026-04-03T01:59:59.081+0600][9.457s][info][gc          ] GC(3) Concurrent cleanup 376M->89M(379M) 0.555ms
[2026-04-03T01:59:59.081+0600][9.457s][info][gc,ergo     ] Free: 1095M, Max: 512K regular, 811M humongous, Frag: 26% external, 0% internal; Reserve: 64000K, Max: 512K
[2026-04-03T01:59:59.081+0600][9.457s][info][gc,stats    ] 
[2026-04-03T01:59:59.081+0600][9.457s][info][gc,stats    ] All times are wall-clock times, except per-root-class counters, that are sum over
[2026-04-03T01:59:59.081+0600][9.457s][info][gc,stats    ] all workers. Dividing the <total> over the root stage time estimates parallelism.
[2026-04-03T01:59:59.081+0600][9.457s][info][gc,stats    ] 
[2026-04-03T01:59:59.081+0600][9.457s][info][gc,stats    ] Concurrent Reset                    652 us
[2026-04-03T01:59:59.081+0600][9.457s][info][gc,stats    ] Pause Init Mark (G)                 514 us
[2026-04-03T01:59:59.081+0600][9.457s][info][gc,stats    ] Pause Init Mark (N)                 123 us
[2026-04-03T01:59:59.081+0600][9.457s][info][gc,stats    ]   Update Region States               19 us
[2026-04-03T01:59:59.081+0600][9.457s][info][gc,stats    ] Concurrent Mark Roots               506 us, parallelism: 1.60x
[2026-04-03T01:59:59.081+0600][9.457s][info][gc,stats    ]   CMR: <total>                      812 us
[2026-04-03T01:59:59.081+0600][9.457s][info][gc,stats    ]   CMR: Thread Roots                 645 us, workers (us): 240, 260, 145, ---, ---, ---, 
[2026-04-03T01:59:59.081+0600][9.457s][info][gc,stats    ]   CMR: VM Strong Roots               53 us, workers (us):  28,  19,   5, ---, ---, ---, 
[2026-04-03T01:59:59.081+0600][9.457s][info][gc,stats    ]   CMR: CLDG Roots                   114 us, workers (us): ---, ---, 114, ---, ---, ---, 
[2026-04-03T01:59:59.081+0600][9.457s][info][gc,stats    ] Concurrent Marking                23832 us
[2026-04-03T01:59:59.081+0600][9.457s][info][gc,stats    ] Pause Final Mark (G)               1110 us
[2026-04-03T01:59:59.081+0600][9.457s][info][gc,stats    ] Pause Final Mark (N)                779 us
[2026-04-03T01:59:59.081+0600][9.457s][info][gc,stats    ]   Finish Mark                       367 us
[2026-04-03T01:59:59.081+0600][9.457s][info][gc,stats    ]   Update Region States               42 us
[2026-04-03T01:59:59.081+0600][9.457s][info][gc,stats    ]   Choose Collection Set             218 us
[2026-04-03T01:59:59.081+0600][9.457s][info][gc,stats    ]   Rebuild Free Set                   25 us
[2026-04-03T01:59:59.081+0600][9.457s][info][gc,stats    ] Concurrent Thread Roots             585 us, parallelism: 1.88x
[2026-04-03T01:59:59.081+0600][9.457s][info][gc,stats    ]   CTR: <total>                     1099 us
[2026-04-03T01:59:59.081+0600][9.457s][info][gc,stats    ]   CTR: Thread Roots                1099 us, workers (us): 391, 376, 331, ---, ---, ---, 
[2026-04-03T01:59:59.081+0600][9.457s][info][gc,stats    ] Concurrent Weak References          713 us, parallelism: 0.80x
[2026-04-03T01:59:59.081+0600][9.457s][info][gc,stats    ]   CWRF: <total>                     574 us
[2026-04-03T01:59:59.081+0600][9.457s][info][gc,stats    ]   CWRF: Weak References             574 us, workers (us): 493,  81,   1, ---, ---, ---, 
[2026-04-03T01:59:59.081+0600][9.457s][info][gc,stats    ] Concurrent Weak Roots              1683 us
[2026-04-03T01:59:59.081+0600][9.457s][info][gc,stats    ]   Roots                            1363 us, parallelism: 2.26x
[2026-04-03T01:59:59.081+0600][9.457s][info][gc,stats    ]     CWR: <total>                   3087 us
[2026-04-03T01:59:59.081+0600][9.457s][info][gc,stats    ]     CWR: Code Cache Roots          1405 us, workers (us): 427, 557, 421, ---, ---, ---, 
[2026-04-03T01:59:59.081+0600][9.457s][info][gc,stats    ]     CWR: VM Weak Roots             1640 us, workers (us): 555, 562, 524, ---, ---, ---, 
[2026-04-03T01:59:59.081+0600][9.457s][info][gc,stats    ]     CWR: CLDG Roots                  42 us, workers (us):  42, ---, ---, ---, ---, ---, 
[2026-04-03T01:59:59.081+0600][9.457s][info][gc,stats    ]   Rendezvous                        240 us
[2026-04-03T01:59:59.081+0600][9.457s][info][gc,stats    ] Concurrent Cleanup                  172 us
[2026-04-03T01:59:59.081+0600][9.457s][info][gc,stats    ] Concurrent Class Unloading         3430 us
[2026-04-03T01:59:59.081+0600][9.457s][info][gc,stats    ]   Unlink Stale                     2599 us
[2026-04-03T01:59:59.081+0600][9.457s][info][gc,stats    ]     System Dictionary                32 us
[2026-04-03T01:59:59.081+0600][9.457s][info][gc,stats    ]     Weak Class Links                  0 us
[2026-04-03T01:59:59.081+0600][9.457s][info][gc,stats    ]     Code Roots                     2563 us
[2026-04-03T01:59:59.081+0600][9.457s][info][gc,stats    ]   Rendezvous                        170 us
[2026-04-03T01:59:59.081+0600][9.457s][info][gc,stats    ]   Purge Unlinked                    577 us
[2026-04-03T01:59:59.081+0600][9.457s][info][gc,stats    ]     Code Roots                      563 us
[2026-04-03T01:59:59.081+0600][9.457s][info][gc,stats    ]     CLDG                             13 us
[2026-04-03T01:59:59.081+0600][9.457s][info][gc,stats    ]     Exception Caches                  0 us
[2026-04-03T01:59:59.081+0600][9.457s][info][gc,stats    ] Concurrent Strong Roots            1123 us, parallelism: 0.80x
[2026-04-03T01:59:59.081+0600][9.457s][info][gc,stats    ]   CSR: <total>                      897 us
[2026-04-03T01:59:59.081+0600][9.457s][info][gc,stats    ]   CSR: VM Strong Roots               26 us, workers (us):  20,   6,   0, ---, ---, ---, 
[2026-04-03T01:59:59.081+0600][9.457s][info][gc,stats    ]   CSR: CLDG Roots                   870 us, workers (us): ---, 870, ---, ---, ---, ---, 
[2026-04-03T01:59:59.081+0600][9.457s][info][gc,stats    ] Concurrent Evacuation             19352 us
[2026-04-03T01:59:59.081+0600][9.457s][info][gc,stats    ] Pause Init Update Refs (G)          355 us
[2026-04-03T01:59:59.081+0600][9.457s][info][gc,stats    ] Pause Init Update Refs (N)          103 us
[2026-04-03T01:59:59.081+0600][9.457s][info][gc,stats    ]   Manage GCLABs                      20 us
[2026-04-03T01:59:59.081+0600][9.457s][info][gc,stats    ] Concurrent Update Refs            19889 us
[2026-04-03T01:59:59.081+0600][9.457s][info][gc,stats    ] Concurrent Update Thread Roots      580 us
[2026-04-03T01:59:59.081+0600][9.457s][info][gc,stats    ] Pause Final Update Refs (G)         497 us
[2026-04-03T01:59:59.081+0600][9.457s][info][gc,stats    ] Pause Final Update Refs (N)         174 us
[2026-04-03T01:59:59.081+0600][9.457s][info][gc,stats    ]   Update Region States               37 us
[2026-04-03T01:59:59.081+0600][9.457s][info][gc,stats    ]   Trash Collection Set               11 us
[2026-04-03T01:59:59.081+0600][9.457s][info][gc,stats    ]   Rebuild Free Set                   24 us
[2026-04-03T01:59:59.081+0600][9.457s][info][gc,stats    ] Concurrent Cleanup                  573 us
[2026-04-03T01:59:59.081+0600][9.457s][info][gc,stats    ] 
[2026-04-03T01:59:59.081+0600][9.457s][info][gc,stats    ] Allocation pacing accrued:
[2026-04-03T01:59:59.081+0600][9.457s][info][gc,stats    ]       0 of   862 ms (  0.0%): <total>
[2026-04-03T01:59:59.081+0600][9.457s][info][gc,stats    ]       0 of   862 ms (  0.0%): <average total>
[2026-04-03T01:59:59.081+0600][9.457s][info][gc,stats    ] 
[2026-04-03T01:59:59.081+0600][9.457s][info][gc,metaspace] Metaspace: 49152K(49600K)->49152K(49600K) NonClass: 43053K(43328K)->43053K(43328K) Class: 6099K(6272K)->6099K(6272K)
[2026-04-03T01:59:59.081+0600][9.457s][info][gc,ergo     ] Pacer for Idle. Initial: 25600K, Alloc Tax Rate: 1.0x
[2026-04-03T01:59:59.309+0600][9.685s][info][gc          ] Trigger: Learning 5 of 5. Free (874M) is below initial threshold (875M)
[2026-04-03T01:59:59.309+0600][9.685s][info][gc,ergo     ] Free: 874M, Max: 512K regular, 811M humongous, Frag: 8% external, 0% internal; Reserve: 64000K, Max: 512K
[2026-04-03T01:59:59.309+0600][9.685s][info][gc,start    ] GC(4) Concurrent reset
[2026-04-03T01:59:59.309+0600][9.685s][info][gc,task     ] GC(4) Using 3 of 6 workers for concurrent reset
[2026-04-03T01:59:59.309+0600][9.685s][info][gc,ergo     ] GC(4) Pacer for Reset. Non-Taxable: 1250M
[2026-04-03T01:59:59.310+0600][9.686s][info][gc          ] GC(4) Concurrent reset 0.975ms
[2026-04-03T01:59:59.310+0600][9.686s][info][gc,start    ] GC(4) Pause Init Mark (unload classes)
[2026-04-03T01:59:59.310+0600][9.686s][info][gc,task     ] GC(4) Using 6 of 6 workers for init marking
[2026-04-03T01:59:59.310+0600][9.686s][info][gc,ergo     ] GC(4) Pacer for Mark. Expected Live: 25698K, Free: 873M, Non-Taxable: 89410K, Alloc Tax Rate: 0.0x
[2026-04-03T01:59:59.310+0600][9.686s][info][gc          ] GC(4) Pause Init Mark (unload classes) 0.066ms
[2026-04-03T01:59:59.310+0600][9.686s][info][gc,start    ] GC(4) Concurrent marking roots
[2026-04-03T01:59:59.310+0600][9.686s][info][gc,task     ] GC(4) Using 3 of 6 workers for concurrent marking roots
[2026-04-03T01:59:59.311+0600][9.687s][info][gc          ] GC(4) Concurrent marking roots 0.508ms
[2026-04-03T01:59:59.311+0600][9.687s][info][gc,start    ] GC(4) Concurrent marking (unload classes)
[2026-04-03T01:59:59.311+0600][9.687s][info][gc,task     ] GC(4) Using 3 of 6 workers for concurrent marking
[2026-04-03T01:59:59.341+0600][9.717s][info][gc          ] GC(4) Concurrent marking (unload classes) 30.298ms
[2026-04-03T01:59:59.341+0600][9.717s][info][gc,start    ] GC(4) Pause Final Mark (unload classes)
[2026-04-03T01:59:59.341+0600][9.718s][info][gc,task     ] GC(4) Using 6 of 6 workers for final marking
[2026-04-03T01:59:59.342+0600][9.718s][info][gc,ergo     ] GC(4) Adaptive CSet Selection. Target Free: 177M, Actual Free: 909M, Max CSet: 53333K, Min Garbage: 0B
[2026-04-03T01:59:59.342+0600][9.718s][info][gc,ergo     ] GC(4) Collectable Garbage: 244M (99%), Immediate: 0B (0%), CSet: 244M (99%)
[2026-04-03T01:59:59.342+0600][9.718s][info][gc,ergo     ] GC(4) Pacer for Evacuation. Used CSet: 267M, Free: 847M, Non-Taxable: 86737K, Alloc Tax Rate: 1.1x
[2026-04-03T01:59:59.342+0600][9.718s][info][gc          ] GC(4) Pause Final Mark (unload classes) 0.532ms
[2026-04-03T01:59:59.342+0600][9.718s][info][gc,start    ] GC(4) Concurrent thread roots
[2026-04-03T01:59:59.342+0600][9.718s][info][gc,task     ] GC(4) Using 3 of 6 workers for Concurrent thread roots
[2026-04-03T01:59:59.343+0600][9.719s][info][gc          ] GC(4) Concurrent thread roots 0.428ms
[2026-04-03T01:59:59.343+0600][9.719s][info][gc,start    ] GC(4) Concurrent weak references
[2026-04-03T01:59:59.343+0600][9.719s][info][gc,task     ] GC(4) Using 3 of 6 workers for concurrent weak references
[2026-04-03T01:59:59.343+0600][9.719s][info][gc,ref      ] GC(4) Encountered references: Soft: 3982, Weak: 2727, Final: 82, Phantom: 580
[2026-04-03T01:59:59.343+0600][9.719s][info][gc,ref      ] GC(4) Discovered  references: Soft: 0, Weak: 109, Final: 0, Phantom: 577
[2026-04-03T01:59:59.343+0600][9.719s][info][gc,ref      ] GC(4) Enqueued    references: Soft: 0, Weak: 0, Final: 0, Phantom: 0
[2026-04-03T01:59:59.343+0600][9.719s][info][gc          ] GC(4) Concurrent weak references 0.297ms
[2026-04-03T01:59:59.343+0600][9.719s][info][gc,start    ] GC(4) Concurrent weak roots
[2026-04-03T01:59:59.343+0600][9.719s][info][gc,task     ] GC(4) Using 3 of 6 workers for concurrent weak root
[2026-04-03T01:59:59.344+0600][9.720s][info][gc          ] GC(4) Concurrent weak roots 1.319ms
[2026-04-03T01:59:59.344+0600][9.720s][info][gc,start    ] GC(4) Concurrent cleanup
[2026-04-03T01:59:59.345+0600][9.721s][info][gc          ] GC(4) Concurrent cleanup 339M->340M(379M) 0.354ms
[2026-04-03T01:59:59.345+0600][9.721s][info][gc,ergo     ] GC(4) Free: 845M, Max: 512K regular, 811M humongous, Frag: 5% external, 0% internal; Reserve: 63993K, Max: 512K
[2026-04-03T01:59:59.345+0600][9.721s][info][gc,start    ] GC(4) Concurrent class unloading
[2026-04-03T01:59:59.345+0600][9.721s][info][gc,task     ] GC(4) Using 3 of 6 workers for concurrent class unloading
[2026-04-03T01:59:59.347+0600][9.723s][info][gc          ] GC(4) Concurrent class unloading 2.604ms
[2026-04-03T01:59:59.347+0600][9.723s][info][gc,start    ] GC(4) Concurrent strong roots
[2026-04-03T01:59:59.347+0600][9.723s][info][gc,task     ] GC(4) Using 3 of 6 workers for concurrent strong root
[2026-04-03T01:59:59.348+0600][9.724s][info][gc          ] GC(4) Concurrent strong roots 0.417ms
[2026-04-03T01:59:59.348+0600][9.724s][info][gc,start    ] GC(4) Concurrent evacuation
[2026-04-03T01:59:59.348+0600][9.724s][info][gc,task     ] GC(4) Using 3 of 6 workers for concurrent evacuation
[2026-04-03T01:59:59.366+0600][9.742s][info][gc          ] GC(4) Concurrent evacuation 18.348ms
[2026-04-03T01:59:59.366+0600][9.742s][info][gc,start    ] GC(4) Pause Init Update Refs
[2026-04-03T01:59:59.366+0600][9.742s][info][gc,ergo     ] GC(4) Pacer for Update Refs. Used: 379M, Free: 829M, Non-Taxable: 84890K, Alloc Tax Rate: 1.1x
[2026-04-03T01:59:59.366+0600][9.742s][info][gc          ] GC(4) Pause Init Update Refs 0.093ms
[2026-04-03T01:59:59.366+0600][9.742s][info][gc,start    ] GC(4) Concurrent update references
[2026-04-03T01:59:59.366+0600][9.742s][info][gc,task     ] GC(4) Using 3 of 6 workers for concurrent reference update
[2026-04-03T01:59:59.392+0600][9.768s][info][gc          ] GC(4) Concurrent update references 25.625ms
[2026-04-03T01:59:59.392+0600][9.768s][info][gc,start    ] GC(4) Concurrent update thread roots
[2026-04-03T01:59:59.393+0600][9.769s][info][gc          ] GC(4) Concurrent update thread roots 0.490ms
[2026-04-03T01:59:59.393+0600][9.769s][info][gc,start    ] GC(4) Pause Final Update Refs
[2026-04-03T01:59:59.393+0600][9.769s][info][gc,task     ] GC(4) Using 6 of 6 workers for final reference update
[2026-04-03T01:59:59.393+0600][9.769s][info][gc          ] GC(4) Pause Final Update Refs 0.122ms
[2026-04-03T01:59:59.393+0600][9.769s][info][gc,start    ] GC(4) Concurrent cleanup
[2026-04-03T01:59:59.393+0600][9.769s][info][gc          ] GC(4) Concurrent cleanup 398M->131M(400M) 0.432ms
[2026-04-03T01:59:59.393+0600][9.770s][info][gc,ergo     ] Free: 1053M, Max: 512K regular, 788M humongous, Frag: 26% external, 0% internal; Reserve: 64000K, Max: 512K
[2026-04-03T01:59:59.393+0600][9.770s][info][gc,stats    ] 
[2026-04-03T01:59:59.393+0600][9.770s][info][gc,stats    ] All times are wall-clock times, except per-root-class counters, that are sum over
[2026-04-03T01:59:59.394+0600][9.770s][info][gc,stats    ] all workers. Dividing the <total> over the root stage time estimates parallelism.
[2026-04-03T01:59:59.394+0600][9.770s][info][gc,stats    ] 
[2026-04-03T01:59:59.394+0600][9.770s][info][gc,stats    ] Concurrent Reset                   1013 us
[2026-04-03T01:59:59.394+0600][9.770s][info][gc,stats    ] Pause Init Mark (G)                 408 us
[2026-04-03T01:59:59.394+0600][9.770s][info][gc,stats    ] Pause Init Mark (N)                  72 us
[2026-04-03T01:59:59.394+0600][9.770s][info][gc,stats    ]   Update Region States               13 us
[2026-04-03T01:59:59.394+0600][9.770s][info][gc,stats    ] Concurrent Mark Roots               538 us, parallelism: 1.08x
[2026-04-03T01:59:59.394+0600][9.770s][info][gc,stats    ]   CMR: <total>                      583 us
[2026-04-03T01:59:59.394+0600][9.770s][info][gc,stats    ]   CMR: Thread Roots                 445 us, workers (us):  83, 190, 172, ---, ---, ---, 
[2026-04-03T01:59:59.394+0600][9.770s][info][gc,stats    ]   CMR: VM Strong Roots               15 us, workers (us):  13,   2,   0, ---, ---, ---, 
[2026-04-03T01:59:59.394+0600][9.770s][info][gc,stats    ]   CMR: CLDG Roots                   123 us, workers (us): 123, ---, ---, ---, ---, ---, 
[2026-04-03T01:59:59.394+0600][9.770s][info][gc,stats    ] Concurrent Marking                30364 us
[2026-04-03T01:59:59.394+0600][9.770s][info][gc,stats    ] Pause Final Mark (G)                897 us
[2026-04-03T01:59:59.394+0600][9.770s][info][gc,stats    ] Pause Final Mark (N)                541 us
[2026-04-03T01:59:59.394+0600][9.770s][info][gc,stats    ]   Finish Mark                       236 us
[2026-04-03T01:59:59.394+0600][9.770s][info][gc,stats    ]   Update Region States               65 us
[2026-04-03T01:59:59.394+0600][9.770s][info][gc,stats    ]   Choose Collection Set             132 us
[2026-04-03T01:59:59.394+0600][9.770s][info][gc,stats    ]   Rebuild Free Set                   21 us
[2026-04-03T01:59:59.394+0600][9.770s][info][gc,stats    ] Concurrent Thread Roots             469 us, parallelism: 1.21x
[2026-04-03T01:59:59.394+0600][9.770s][info][gc,stats    ]   CTR: <total>                      569 us
[2026-04-03T01:59:59.394+0600][9.770s][info][gc,stats    ]   CTR: Thread Roots                 569 us, workers (us): 241, 177, 150, ---, ---, ---, 
[2026-04-03T01:59:59.394+0600][9.770s][info][gc,stats    ] Concurrent Weak References          305 us, parallelism: 0.33x
[2026-04-03T01:59:59.394+0600][9.770s][info][gc,stats    ]   CWRF: <total>                     102 us
[2026-04-03T01:59:59.394+0600][9.770s][info][gc,stats    ]   CWRF: Weak References             102 us, workers (us): 100,   2,   0, ---, ---, ---, 
[2026-04-03T01:59:59.394+0600][9.770s][info][gc,stats    ] Concurrent Weak Roots              1359 us
[2026-04-03T01:59:59.394+0600][9.770s][info][gc,stats    ]   Roots                            1110 us, parallelism: 2.02x
[2026-04-03T01:59:59.394+0600][9.770s][info][gc,stats    ]     CWR: <total>                   2238 us
[2026-04-03T01:59:59.394+0600][9.770s][info][gc,stats    ]     CWR: Code Cache Roots          1453 us, workers (us): 608, 461, 383, ---, ---, ---, 
[2026-04-03T01:59:59.394+0600][9.770s][info][gc,stats    ]     CWR: VM Weak Roots              765 us, workers (us): 287, 250, 228, ---, ---, ---, 
[2026-04-03T01:59:59.394+0600][9.770s][info][gc,stats    ]     CWR: CLDG Roots                  20 us, workers (us): ---, ---,  20, ---, ---, ---, 
[2026-04-03T01:59:59.394+0600][9.770s][info][gc,stats    ]   Rendezvous                        191 us
[2026-04-03T01:59:59.394+0600][9.770s][info][gc,stats    ] Concurrent Cleanup                  366 us
[2026-04-03T01:59:59.394+0600][9.770s][info][gc,stats    ] Concurrent Class Unloading         2644 us
[2026-04-03T01:59:59.394+0600][9.770s][info][gc,stats    ]   Unlink Stale                     2375 us
[2026-04-03T01:59:59.394+0600][9.770s][info][gc,stats    ]     System Dictionary                26 us
[2026-04-03T01:59:59.394+0600][9.770s][info][gc,stats    ]     Weak Class Links                  0 us
[2026-04-03T01:59:59.394+0600][9.770s][info][gc,stats    ]     Code Roots                     2347 us
[2026-04-03T01:59:59.394+0600][9.770s][info][gc,stats    ]   Rendezvous                        193 us
[2026-04-03T01:59:59.394+0600][9.770s][info][gc,stats    ]   Purge Unlinked                     20 us
[2026-04-03T01:59:59.394+0600][9.770s][info][gc,stats    ]     Code Roots                       14 us
[2026-04-03T01:59:59.394+0600][9.770s][info][gc,stats    ]     CLDG                              6 us
[2026-04-03T01:59:59.394+0600][9.770s][info][gc,stats    ]     Exception Caches                  0 us
[2026-04-03T01:59:59.394+0600][9.770s][info][gc,stats    ] Concurrent Strong Roots             478 us, parallelism: 0.39x
[2026-04-03T01:59:59.394+0600][9.770s][info][gc,stats    ]   CSR: <total>                      188 us
[2026-04-03T01:59:59.394+0600][9.770s][info][gc,stats    ]   CSR: VM Strong Roots               10 us, workers (us):   9,   1,   0, ---, ---, ---, 
[2026-04-03T01:59:59.394+0600][9.770s][info][gc,stats    ]   CSR: CLDG Roots                   177 us, workers (us): 177, ---, ---, ---, ---, ---, 
[2026-04-03T01:59:59.394+0600][9.770s][info][gc,stats    ] Concurrent Evacuation             18415 us
[2026-04-03T01:59:59.394+0600][9.770s][info][gc,stats    ] Pause Init Update Refs (G)          250 us
[2026-04-03T01:59:59.394+0600][9.770s][info][gc,stats    ] Pause Init Update Refs (N)          111 us
[2026-04-03T01:59:59.394+0600][9.770s][info][gc,stats    ]   Manage GCLABs                      11 us
[2026-04-03T01:59:59.394+0600][9.770s][info][gc,stats    ] Concurrent Update Refs            25683 us
[2026-04-03T01:59:59.394+0600][9.770s][info][gc,stats    ] Concurrent Update Thread Roots      531 us
[2026-04-03T01:59:59.394+0600][9.770s][info][gc,stats    ] Pause Final Update Refs (G)         332 us
[2026-04-03T01:59:59.394+0600][9.770s][info][gc,stats    ] Pause Final Update Refs (N)         132 us
[2026-04-03T01:59:59.394+0600][9.770s][info][gc,stats    ]   Update Region States               42 us
[2026-04-03T01:59:59.394+0600][9.770s][info][gc,stats    ]   Trash Collection Set                9 us
[2026-04-03T01:59:59.394+0600][9.770s][info][gc,stats    ]   Rebuild Free Set                   21 us
[2026-04-03T01:59:59.394+0600][9.770s][info][gc,stats    ] Concurrent Cleanup                  446 us
[2026-04-03T01:59:59.394+0600][9.770s][info][gc,stats    ] 
[2026-04-03T01:59:59.394+0600][9.770s][info][gc,stats    ] Allocation pacing accrued:
[2026-04-03T01:59:59.394+0600][9.770s][info][gc,stats    ]       0 of   313 ms (  0.0%): <total>
[2026-04-03T01:59:59.394+0600][9.770s][info][gc,stats    ]       0 of   313 ms (  0.0%): <average total>
[2026-04-03T01:59:59.394+0600][9.770s][info][gc,stats    ] 
[2026-04-03T01:59:59.394+0600][9.770s][info][gc,metaspace] Metaspace: 49152K(49600K)->49152K(49600K) NonClass: 43053K(43328K)->43053K(43328K) Class: 6099K(6272K)->6099K(6272K)
[2026-04-03T01:59:59.394+0600][9.770s][info][gc,ergo     ] Pacer for Idle. Initial: 25600K, Alloc Tax Rate: 1.0x
[2026-04-03T02:00:02.260+0600][12.636s][info][gc          ] Trigger: Explicit GC request (System.gc())
[2026-04-03T02:00:02.260+0600][12.636s][info][gc,ergo     ] Free: 343M, Max: 512K regular, 343M humongous, Frag: 0% external, 0% internal; Reserve: 64000K, Max: 512K
[2026-04-03T02:00:02.260+0600][12.636s][info][gc,start    ] GC(5) Concurrent reset
[2026-04-03T02:00:02.260+0600][12.636s][info][gc,task     ] GC(5) Using 3 of 6 workers for concurrent reset
[2026-04-03T02:00:02.260+0600][12.636s][info][gc,ergo     ] GC(5) Pacer for Reset. Non-Taxable: 1250M
[2026-04-03T02:00:02.261+0600][12.637s][info][gc          ] GC(5) Concurrent reset 0.995ms
[2026-04-03T02:00:02.261+0600][12.637s][info][gc,start    ] GC(5) Pause Init Mark (unload classes)
[2026-04-03T02:00:02.261+0600][12.638s][info][gc,task     ] GC(5) Using 6 of 6 workers for init marking
[2026-04-03T02:00:02.262+0600][12.638s][info][gc,ref      ] GC(5) Clearing All SoftReferences
[2026-04-03T02:00:02.262+0600][12.638s][info][gc,ergo     ] GC(5) Pacer for Mark. Expected Live: 34146K, Free: 343M, Non-Taxable: 35133K, Alloc Tax Rate: 0.1x
[2026-04-03T02:00:02.262+0600][12.638s][info][gc          ] GC(5) Pause Init Mark (unload classes) 0.125ms
[2026-04-03T02:00:02.262+0600][12.638s][info][gc,start    ] GC(5) Concurrent marking roots
[2026-04-03T02:00:02.262+0600][12.638s][info][gc,task     ] GC(5) Using 3 of 6 workers for concurrent marking roots
[2026-04-03T02:00:02.262+0600][12.638s][info][gc          ] GC(5) Concurrent marking roots 0.698ms
[2026-04-03T02:00:02.262+0600][12.638s][info][gc,start    ] GC(5) Concurrent marking (unload classes)
[2026-04-03T02:00:02.262+0600][12.638s][info][gc,task     ] GC(5) Using 3 of 6 workers for concurrent marking
[2026-04-03T02:00:02.273+0600][12.649s][info][gc          ] GC(5) Concurrent marking (unload classes) 10.729ms
[2026-04-03T02:00:02.273+0600][12.649s][info][gc,start    ] GC(5) Pause Final Mark (unload classes)
[2026-04-03T02:00:02.273+0600][12.649s][info][gc,task     ] GC(5) Using 6 of 6 workers for final marking
[2026-04-03T02:00:02.274+0600][12.650s][info][gc,ergo     ] GC(5) Collectable Garbage: 746M (91%), Immediate: 746M (91%), CSet: 0B (0%)
[2026-04-03T02:00:02.274+0600][12.650s][info][gc          ] GC(5) Pause Final Mark (unload classes) 0.402ms
[2026-04-03T02:00:02.274+0600][12.650s][info][gc,start    ] GC(5) Concurrent weak references
[2026-04-03T02:00:02.274+0600][12.650s][info][gc,task     ] GC(5) Using 3 of 6 workers for concurrent weak references
[2026-04-03T02:00:02.275+0600][12.651s][info][gc,ref      ] GC(5) Encountered references: Soft: 4058, Weak: 3671, Final: 82, Phantom: 587
[2026-04-03T02:00:02.275+0600][12.651s][info][gc,ref      ] GC(5) Discovered  references: Soft: 1819, Weak: 2623, Final: 82, Phantom: 583
[2026-04-03T02:00:02.275+0600][12.651s][info][gc,ref      ] GC(5) Enqueued    references: Soft: 1591, Weak: 478, Final: 0, Phantom: 1
[2026-04-03T02:00:02.275+0600][12.651s][info][gc          ] GC(5) Concurrent weak references 1.019ms
[2026-04-03T02:00:02.275+0600][12.651s][info][gc,start    ] GC(5) Concurrent weak roots
[2026-04-03T02:00:02.275+0600][12.651s][info][gc,task     ] GC(5) Using 3 of 6 workers for concurrent weak root
[2026-04-03T02:00:02.276+0600][12.652s][info][gc          ] GC(5) Concurrent weak roots 1.478ms
[2026-04-03T02:00:02.276+0600][12.652s][info][gc,start    ] GC(5) Concurrent cleanup
[2026-04-03T02:00:02.277+0600][12.653s][info][gc          ] GC(5) Concurrent cleanup 838M->92M(846M) 0.625ms
[2026-04-03T02:00:02.277+0600][12.653s][info][gc,ergo     ] GC(5) Free: 1093M, Max: 512K regular, 420M humongous, Frag: 62% external, 0% internal; Reserve: 64000K, Max: 512K
[2026-04-03T02:00:02.277+0600][12.653s][info][gc,start    ] GC(5) Concurrent class unloading
[2026-04-03T02:00:02.277+0600][12.653s][info][gc,task     ] GC(5) Using 3 of 6 workers for concurrent class unloading
[2026-04-03T02:00:02.289+0600][12.665s][info][gc          ] GC(5) Concurrent class unloading 11.571ms
[2026-04-03T02:00:02.290+0600][12.666s][info][gc,start    ] GC(5) Pause Final Roots
[2026-04-03T02:00:02.290+0600][12.666s][info][gc          ] GC(5) Pause Final Roots 0.078ms
[2026-04-03T02:00:02.290+0600][12.666s][info][gc,ergo     ] Free: 1093M, Max: 512K regular, 420M humongous, Frag: 62% external, 0% internal; Reserve: 64000K, Max: 512K
[2026-04-03T02:00:02.290+0600][12.666s][info][gc,stats    ] 
[2026-04-03T02:00:02.290+0600][12.666s][info][gc,stats    ] All times are wall-clock times, except per-root-class counters, that are sum over
[2026-04-03T02:00:02.290+0600][12.666s][info][gc,stats    ] all workers. Dividing the <total> over the root stage time estimates parallelism.
[2026-04-03T02:00:02.290+0600][12.666s][info][gc,stats    ] 
[2026-04-03T02:00:02.290+0600][12.666s][info][gc,stats    ] Concurrent Reset                   1048 us
[2026-04-03T02:00:02.290+0600][12.666s][info][gc,stats    ] Pause Init Mark (G)                 389 us
[2026-04-03T02:00:02.290+0600][12.666s][info][gc,stats    ] Pause Init Mark (N)                 134 us
[2026-04-03T02:00:02.290+0600][12.666s][info][gc,stats    ]   Update Region States               29 us
[2026-04-03T02:00:02.290+0600][12.666s][info][gc,stats    ] Concurrent Mark Roots               742 us, parallelism: 1.53x
[2026-04-03T02:00:02.290+0600][12.666s][info][gc,stats    ]   CMR: <total>                     1138 us
[2026-04-03T02:00:02.290+0600][12.666s][info][gc,stats    ]   CMR: Thread Roots                 639 us, workers (us): 270, 343,  25, ---, ---, ---, 
[2026-04-03T02:00:02.290+0600][12.666s][info][gc,stats    ]   CMR: VM Strong Roots              192 us, workers (us): 112,  48,  32, ---, ---, ---, 
[2026-04-03T02:00:02.290+0600][12.666s][info][gc,stats    ]   CMR: CLDG Roots                   307 us, workers (us): ---, ---, 307, ---, ---, ---, 
[2026-04-03T02:00:02.290+0600][12.666s][info][gc,stats    ] Concurrent Marking                10799 us
[2026-04-03T02:00:02.290+0600][12.666s][info][gc,stats    ] Pause Final Mark (G)                580 us
[2026-04-03T02:00:02.290+0600][12.666s][info][gc,stats    ] Pause Final Mark (N)                417 us
[2026-04-03T02:00:02.290+0600][12.666s][info][gc,stats    ]   Finish Mark                       148 us
[2026-04-03T02:00:02.290+0600][12.666s][info][gc,stats    ]   Update Region States               50 us
[2026-04-03T02:00:02.290+0600][12.666s][info][gc,stats    ]   Choose Collection Set             106 us
[2026-04-03T02:00:02.290+0600][12.666s][info][gc,stats    ]   Rebuild Free Set                   23 us
[2026-04-03T02:00:02.290+0600][12.666s][info][gc,stats    ] Concurrent Weak References         1029 us, parallelism: 0.86x
[2026-04-03T02:00:02.290+0600][12.666s][info][gc,stats    ]   CWRF: <total>                     881 us
[2026-04-03T02:00:02.290+0600][12.666s][info][gc,stats    ]   CWRF: Weak References             881 us, workers (us):  75, 118, 689, ---, ---, ---, 
[2026-04-03T02:00:02.290+0600][12.666s][info][gc,stats    ] Concurrent Weak Roots              1569 us
[2026-04-03T02:00:02.290+0600][12.666s][info][gc,stats    ]   Roots                            1295 us, parallelism: 2.33x
[2026-04-03T02:00:02.290+0600][12.666s][info][gc,stats    ]     CWR: <total>                   3020 us
[2026-04-03T02:00:02.290+0600][12.666s][info][gc,stats    ]     CWR: Code Cache Roots          1896 us, workers (us): 599, 556, 741, ---, ---, ---, 
[2026-04-03T02:00:02.290+0600][12.666s][info][gc,stats    ]     CWR: VM Weak Roots             1094 us, workers (us): 381, 375, 338, ---, ---, ---, 
[2026-04-03T02:00:02.290+0600][12.666s][info][gc,stats    ]     CWR: CLDG Roots                  31 us, workers (us): ---,  31, ---, ---, ---, ---, 
[2026-04-03T02:00:02.290+0600][12.666s][info][gc,stats    ]   Rendezvous                        163 us
[2026-04-03T02:00:02.290+0600][12.666s][info][gc,stats    ] Concurrent Cleanup                  660 us
[2026-04-03T02:00:02.290+0600][12.666s][info][gc,stats    ] Concurrent Class Unloading        11683 us
[2026-04-03T02:00:02.290+0600][12.666s][info][gc,stats    ]   Unlink Stale                    10352 us
[2026-04-03T02:00:02.290+0600][12.666s][info][gc,stats    ]     System Dictionary               217 us
[2026-04-03T02:00:02.290+0600][12.666s][info][gc,stats    ]     Weak Class Links               6690 us
[2026-04-03T02:00:02.290+0600][12.666s][info][gc,stats    ]     Code Roots                     3442 us
[2026-04-03T02:00:02.290+0600][12.666s][info][gc,stats    ]   Rendezvous                        269 us
[2026-04-03T02:00:02.290+0600][12.666s][info][gc,stats    ]   Purge Unlinked                    919 us
[2026-04-03T02:00:02.290+0600][12.666s][info][gc,stats    ]     Code Roots                      721 us
[2026-04-03T02:00:02.290+0600][12.666s][info][gc,stats    ]     CLDG                            197 us
[2026-04-03T02:00:02.290+0600][12.666s][info][gc,stats    ]     Exception Caches                  1 us
[2026-04-03T02:00:02.290+0600][12.666s][info][gc,stats    ] Pause Final Roots (G)               946 us
[2026-04-03T02:00:02.290+0600][12.666s][info][gc,stats    ] Pause Final Roots (N)                98 us
[2026-04-03T02:00:02.290+0600][12.666s][info][gc,stats    ] 
[2026-04-03T02:00:02.290+0600][12.666s][info][gc,stats    ] Allocation pacing accrued:
[2026-04-03T02:00:02.290+0600][12.666s][info][gc,stats    ]       0 of  2896 ms (  0.0%): <total>
[2026-04-03T02:00:02.290+0600][12.666s][info][gc,stats    ]       0 of  2896 ms (  0.0%): <average total>
[2026-04-03T02:00:02.290+0600][12.666s][info][gc,stats    ] 
[2026-04-03T02:00:02.290+0600][12.666s][info][gc,metaspace] Metaspace: 55289K(55808K)->55151K(55808K) NonClass: 48325K(48640K)->48224K(48640K) Class: 6964K(7168K)->6926K(7168K)
[2026-04-03T02:00:02.290+0600][12.666s][info][gc,ergo     ] Pacer for Idle. Initial: 25600K, Alloc Tax Rate: 1.0x
[2026-04-03T02:00:02.290+0600][12.666s][info][gc,start    ] Concurrent uncommit
[2026-04-03T02:00:02.406+0600][12.782s][info][gc          ] Concurrent uncommit 92M->94M(96M) 115.504ms
[2026-04-03T02:00:04.841+0600][15.217s][info][gc          ] Trigger: Learning 2 of 5. Free (874M) is below initial threshold (875M)
[2026-04-03T02:00:04.841+0600][15.217s][info][gc,ergo     ] Free: 874M, Max: 512K regular, 420M humongous, Frag: 52% external, 0% internal; Reserve: 64000K, Max: 512K
[2026-04-03T02:00:04.841+0600][15.217s][info][gc,start    ] GC(6) Concurrent reset
[2026-04-03T02:00:04.841+0600][15.217s][info][gc,task     ] GC(6) Using 3 of 6 workers for concurrent reset
[2026-04-03T02:00:04.841+0600][15.217s][info][gc,ergo     ] GC(6) Pacer for Reset. Non-Taxable: 1250M
[2026-04-03T02:00:04.842+0600][15.218s][info][gc          ] GC(6) Concurrent reset 0.907ms
[2026-04-03T02:00:04.842+0600][15.218s][info][gc,start    ] GC(6) Pause Init Mark (unload classes)
[2026-04-03T02:00:04.842+0600][15.218s][info][gc,task     ] GC(6) Using 6 of 6 workers for init marking
[2026-04-03T02:00:04.842+0600][15.218s][info][gc,ergo     ] GC(6) Pacer for Mark. Expected Live: 36630K, Free: 873M, Non-Taxable: 89457K, Alloc Tax Rate: 0.1x
[2026-04-03T02:00:04.842+0600][15.218s][info][gc          ] GC(6) Pause Init Mark (unload classes) 0.094ms
[2026-04-03T02:00:04.842+0600][15.218s][info][gc,start    ] GC(6) Concurrent marking roots
[2026-04-03T02:00:04.842+0600][15.218s][info][gc,task     ] GC(6) Using 3 of 6 workers for concurrent marking roots
[2026-04-03T02:00:04.844+0600][15.220s][info][gc          ] GC(6) Concurrent marking roots 2.065ms
[2026-04-03T02:00:04.844+0600][15.220s][info][gc,start    ] GC(6) Concurrent marking (unload classes)
[2026-04-03T02:00:04.844+0600][15.220s][info][gc,task     ] GC(6) Using 3 of 6 workers for concurrent marking
[2026-04-03T02:00:04.876+0600][15.252s][info][gc          ] GC(6) Concurrent marking (unload classes) 31.297ms
[2026-04-03T02:00:04.876+0600][15.252s][info][gc,start    ] GC(6) Pause Final Mark (unload classes)
[2026-04-03T02:00:04.876+0600][15.252s][info][gc,task     ] GC(6) Using 6 of 6 workers for final marking
[2026-04-03T02:00:04.877+0600][15.253s][info][gc,ergo     ] GC(6) Adaptive CSet Selection. Target Free: 177M, Actual Free: 934M, Max CSet: 53333K, Min Garbage: 0B
[2026-04-03T02:00:04.877+0600][15.253s][info][gc,ergo     ] GC(6) Collectable Garbage: 265M (99%), Immediate: 14736K (5%), CSet: 250M (93%)
[2026-04-03T02:00:04.877+0600][15.253s][info][gc,ergo     ] GC(6) Pacer for Evacuation. Used CSet: 265M, Free: 876M, Non-Taxable: 89703K, Alloc Tax Rate: 1.1x
[2026-04-03T02:00:04.877+0600][15.253s][info][gc          ] GC(6) Pause Final Mark (unload classes) 0.785ms
[2026-04-03T02:00:04.877+0600][15.253s][info][gc,start    ] GC(6) Concurrent thread roots
[2026-04-03T02:00:04.877+0600][15.253s][info][gc,task     ] GC(6) Using 3 of 6 workers for Concurrent thread roots
[2026-04-03T02:00:04.878+0600][15.254s][info][gc          ] GC(6) Concurrent thread roots 0.624ms
[2026-04-03T02:00:04.878+0600][15.254s][info][gc,start    ] GC(6) Concurrent weak references
[2026-04-03T02:00:04.878+0600][15.254s][info][gc,task     ] GC(6) Using 3 of 6 workers for concurrent weak references
[2026-04-03T02:00:04.879+0600][15.255s][info][gc,ref      ] GC(6) Encountered references: Soft: 2956, Weak: 5080, Final: 82, Phantom: 593
[2026-04-03T02:00:04.879+0600][15.255s][info][gc,ref      ] GC(6) Discovered  references: Soft: 0, Weak: 2907, Final: 50, Phantom: 591
[2026-04-03T02:00:04.879+0600][15.255s][info][gc,ref      ] GC(6) Enqueued    references: Soft: 0, Weak: 573, Final: 0, Phantom: 0
[2026-04-03T02:00:04.879+0600][15.255s][info][gc          ] GC(6) Concurrent weak references 1.042ms
[2026-04-03T02:00:04.879+0600][15.255s][info][gc,start    ] GC(6) Concurrent weak roots
[2026-04-03T02:00:04.879+0600][15.255s][info][gc,task     ] GC(6) Using 3 of 6 workers for concurrent weak root
[2026-04-03T02:00:04.881+0600][15.257s][info][gc          ] GC(6) Concurrent weak roots 2.540ms
[2026-04-03T02:00:04.881+0600][15.257s][info][gc,start    ] GC(6) Concurrent cleanup
[2026-04-03T02:00:04.882+0600][15.258s][info][gc          ] GC(6) Concurrent cleanup 324M->310M(331M) 0.492ms
[2026-04-03T02:00:04.882+0600][15.258s][info][gc,ergo     ] GC(6) Free: 874M, Max: 512K regular, 420M humongous, Frag: 52% external, 0% internal; Reserve: 63581K, Max: 512K
[2026-04-03T02:00:04.882+0600][15.258s][info][gc,start    ] GC(6) Concurrent class unloading
[2026-04-03T02:00:04.882+0600][15.258s][info][gc,task     ] GC(6) Using 3 of 6 workers for concurrent class unloading
[2026-04-03T02:00:04.888+0600][15.264s][info][gc          ] GC(6) Concurrent class unloading 5.968ms
[2026-04-03T02:00:04.888+0600][15.264s][info][gc,start    ] GC(6) Concurrent strong roots
[2026-04-03T02:00:04.888+0600][15.264s][info][gc,task     ] GC(6) Using 3 of 6 workers for concurrent strong root
[2026-04-03T02:00:04.889+0600][15.265s][info][gc          ] GC(6) Concurrent strong roots 1.137ms
[2026-04-03T02:00:04.889+0600][15.265s][info][gc,start    ] GC(6) Concurrent evacuation
[2026-04-03T02:00:04.889+0600][15.265s][info][gc,task     ] GC(6) Using 3 of 6 workers for concurrent evacuation
[2026-04-03T02:00:04.906+0600][15.282s][info][gc          ] GC(6) Concurrent evacuation 16.688ms
[2026-04-03T02:00:04.906+0600][15.282s][info][gc,start    ] GC(6) Pause Init Update Refs
[2026-04-03T02:00:04.906+0600][15.282s][info][gc,ergo     ] GC(6) Pacer for Update Refs. Used: 340M, Free: 860M, Non-Taxable: 88126K, Alloc Tax Rate: 1.1x
[2026-04-03T02:00:04.906+0600][15.282s][info][gc          ] GC(6) Pause Init Update Refs 0.121ms
[2026-04-03T02:00:04.906+0600][15.282s][info][gc,start    ] GC(6) Concurrent update references
[2026-04-03T02:00:04.906+0600][15.282s][info][gc,task     ] GC(6) Using 3 of 6 workers for concurrent reference update
[2026-04-03T02:00:04.934+0600][15.310s][info][gc          ] GC(6) Concurrent update references 27.242ms
[2026-04-03T02:00:04.934+0600][15.310s][info][gc,start    ] GC(6) Concurrent update thread roots
[2026-04-03T02:00:04.935+0600][15.311s][info][gc          ] GC(6) Concurrent update thread roots 0.874ms
[2026-04-03T02:00:04.935+0600][15.311s][info][gc,start    ] GC(6) Pause Final Update Refs
[2026-04-03T02:00:04.935+0600][15.311s][info][gc,task     ] GC(6) Using 6 of 6 workers for final reference update
[2026-04-03T02:00:04.935+0600][15.311s][info][gc          ] GC(6) Pause Final Update Refs 0.193ms
[2026-04-03T02:00:04.935+0600][15.311s][info][gc,start    ] GC(6) Concurrent cleanup
[2026-04-03T02:00:04.936+0600][15.312s][info][gc          ] GC(6) Concurrent cleanup 353M->87M(357M) 0.599ms
[2026-04-03T02:00:04.936+0600][15.312s][info][gc,ergo     ] Free: 1096M, Max: 512K regular, 865M humongous, Frag: 22% external, 0% internal; Reserve: 64000K, Max: 512K
[2026-04-03T02:00:04.936+0600][15.312s][info][gc,stats    ] 
[2026-04-03T02:00:04.936+0600][15.312s][info][gc,stats    ] All times are wall-clock times, except per-root-class counters, that are sum over
[2026-04-03T02:00:04.936+0600][15.312s][info][gc,stats    ] all workers. Dividing the <total> over the root stage time estimates parallelism.
[2026-04-03T02:00:04.936+0600][15.312s][info][gc,stats    ] 
[2026-04-03T02:00:04.936+0600][15.312s][info][gc,stats    ] Concurrent Reset                    953 us
[2026-04-03T02:00:04.936+0600][15.312s][info][gc,stats    ] Pause Init Mark (G)                 464 us
[2026-04-03T02:00:04.936+0600][15.312s][info][gc,stats    ] Pause Init Mark (N)                 104 us
[2026-04-03T02:00:04.936+0600][15.312s][info][gc,stats    ]   Update Region States               20 us
[2026-04-03T02:00:04.936+0600][15.312s][info][gc,stats    ] Concurrent Mark Roots              2108 us, parallelism: 1.52x
[2026-04-03T02:00:04.936+0600][15.312s][info][gc,stats    ]   CMR: <total>                     3211 us
[2026-04-03T02:00:04.936+0600][15.312s][info][gc,stats    ]   CMR: Thread Roots                2615 us, workers (us): 1723, 240, 653, ---, ---, ---, 
[2026-04-03T02:00:04.936+0600][15.312s][info][gc,stats    ]   CMR: VM Strong Roots              161 us, workers (us): 114,  28,  18, ---, ---, ---, 
[2026-04-03T02:00:04.936+0600][15.312s][info][gc,stats    ]   CMR: CLDG Roots                   435 us, workers (us): ---, 435, ---, ---, ---, ---, 
[2026-04-03T02:00:04.936+0600][15.312s][info][gc,stats    ] Concurrent Marking                31388 us
[2026-04-03T02:00:04.936+0600][15.312s][info][gc,stats    ] Pause Final Mark (G)               1163 us
[2026-04-03T02:00:04.936+0600][15.312s][info][gc,stats    ] Pause Final Mark (N)                800 us
[2026-04-03T02:00:04.936+0600][15.312s][info][gc,stats    ]   Finish Mark                       313 us
[2026-04-03T02:00:04.936+0600][15.312s][info][gc,stats    ]   Update Region States               42 us
[2026-04-03T02:00:04.936+0600][15.312s][info][gc,stats    ]   Choose Collection Set             282 us
[2026-04-03T02:00:04.936+0600][15.312s][info][gc,stats    ]   Rebuild Free Set                   27 us
[2026-04-03T02:00:04.936+0600][15.312s][info][gc,stats    ] Concurrent Thread Roots             676 us, parallelism: 1.49x
[2026-04-03T02:00:04.936+0600][15.312s][info][gc,stats    ]   CTR: <total>                     1010 us
[2026-04-03T02:00:04.936+0600][15.312s][info][gc,stats    ]   CTR: Thread Roots                1010 us, workers (us): 398, 326, 285, ---, ---, ---, 
[2026-04-03T02:00:04.936+0600][15.312s][info][gc,stats    ] Concurrent Weak References         1050 us, parallelism: 0.91x
[2026-04-03T02:00:04.936+0600][15.312s][info][gc,stats    ]   CWRF: <total>                     960 us
[2026-04-03T02:00:04.936+0600][15.312s][info][gc,stats    ]   CWRF: Weak References             960 us, workers (us): 873,  86,   1, ---, ---, ---, 
[2026-04-03T02:00:04.936+0600][15.312s][info][gc,stats    ] Concurrent Weak Roots              2616 us
[2026-04-03T02:00:04.936+0600][15.312s][info][gc,stats    ]   Roots                            2207 us, parallelism: 2.49x
[2026-04-03T02:00:04.936+0600][15.312s][info][gc,stats    ]     CWR: <total>                   5498 us
[2026-04-03T02:00:04.936+0600][15.312s][info][gc,stats    ]     CWR: Code Cache Roots          2707 us, workers (us): 811, 864, 1031, ---, ---, ---, 
[2026-04-03T02:00:04.936+0600][15.312s][info][gc,stats    ]     CWR: VM Weak Roots             2704 us, workers (us): 921, 905, 878, ---, ---, ---, 
[2026-04-03T02:00:04.936+0600][15.312s][info][gc,stats    ]     CWR: CLDG Roots                  87 us, workers (us):  87, ---, ---, ---, ---, ---, 
[2026-04-03T02:00:04.936+0600][15.312s][info][gc,stats    ]   Rendezvous                        288 us
[2026-04-03T02:00:04.936+0600][15.312s][info][gc,stats    ] Concurrent Cleanup                  511 us
[2026-04-03T02:00:04.936+0600][15.312s][info][gc,stats    ] Concurrent Class Unloading         6050 us
[2026-04-03T02:00:04.936+0600][15.312s][info][gc,stats    ]   Unlink Stale                     4206 us
[2026-04-03T02:00:04.936+0600][15.312s][info][gc,stats    ]     System Dictionary                98 us
[2026-04-03T02:00:04.936+0600][15.312s][info][gc,stats    ]     Weak Class Links                  0 us
[2026-04-03T02:00:04.936+0600][15.312s][info][gc,stats    ]     Code Roots                     4106 us
[2026-04-03T02:00:04.936+0600][15.312s][info][gc,stats    ]   Rendezvous                        273 us
[2026-04-03T02:00:04.936+0600][15.312s][info][gc,stats    ]   Purge Unlinked                   1463 us
[2026-04-03T02:00:04.936+0600][15.312s][info][gc,stats    ]     Code Roots                     1439 us
[2026-04-03T02:00:04.936+0600][15.312s][info][gc,stats    ]     CLDG                             23 us
[2026-04-03T02:00:04.936+0600][15.312s][info][gc,stats    ]     Exception Caches                  1 us
[2026-04-03T02:00:04.936+0600][15.312s][info][gc,stats    ] Concurrent Strong Roots            1170 us, parallelism: 0.84x
[2026-04-03T02:00:04.936+0600][15.312s][info][gc,stats    ]   CSR: <total>                      978 us
[2026-04-03T02:00:04.936+0600][15.312s][info][gc,stats    ]   CSR: VM Strong Roots               58 us, workers (us):  45,  12,   2, ---, ---, ---, 
[2026-04-03T02:00:04.936+0600][15.312s][info][gc,stats    ]   CSR: CLDG Roots                   920 us, workers (us): ---, 920, ---, ---, ---, ---, 
[2026-04-03T02:00:04.936+0600][15.312s][info][gc,stats    ] Concurrent Evacuation             16742 us
[2026-04-03T02:00:04.936+0600][15.312s][info][gc,stats    ] Pause Init Update Refs (G)          444 us
[2026-04-03T02:00:04.936+0600][15.312s][info][gc,stats    ] Pause Init Update Refs (N)          139 us
[2026-04-03T02:00:04.936+0600][15.312s][info][gc,stats    ]   Manage GCLABs                      13 us
[2026-04-03T02:00:04.936+0600][15.312s][info][gc,stats    ] Concurrent Update Refs            27339 us
[2026-04-03T02:00:04.936+0600][15.312s][info][gc,stats    ] Concurrent Update Thread Roots      940 us
[2026-04-03T02:00:04.936+0600][15.312s][info][gc,stats    ] Pause Final Update Refs (G)         555 us
[2026-04-03T02:00:04.936+0600][15.312s][info][gc,stats    ] Pause Final Update Refs (N)         212 us
[2026-04-03T02:00:04.936+0600][15.312s][info][gc,stats    ]   Update Region States               53 us
[2026-04-03T02:00:04.936+0600][15.312s][info][gc,stats    ]   Trash Collection Set               15 us
[2026-04-03T02:00:04.936+0600][15.312s][info][gc,stats    ]   Rebuild Free Set                   28 us
[2026-04-03T02:00:04.936+0600][15.312s][info][gc,stats    ] Concurrent Cleanup                  623 us
[2026-04-03T02:00:04.936+0600][15.312s][info][gc,stats    ] 
[2026-04-03T02:00:04.936+0600][15.312s][info][gc,stats    ] Allocation pacing accrued:
[2026-04-03T02:00:04.936+0600][15.312s][info][gc,stats    ]       0 of  2646 ms (  0.0%): <total>
[2026-04-03T02:00:04.936+0600][15.312s][info][gc,stats    ]       0 of  2646 ms (  0.0%): <average total>
[2026-04-03T02:00:04.936+0600][15.312s][info][gc,stats    ] 
[2026-04-03T02:00:04.936+0600][15.312s][info][gc,metaspace] Metaspace: 61528K(62144K)->61535K(62144K) NonClass: 53825K(54208K)->53833K(54208K) Class: 7702K(7936K)->7702K(7936K)
[2026-04-03T02:00:04.936+0600][15.312s][info][gc,ergo     ] Pacer for Idle. Initial: 25600K, Alloc Tax Rate: 1.0x
[2026-04-03T02:00:05.091+0600][15.467s][info][gc          ] Trigger: Learning 3 of 5. Free (874M) is below initial threshold (875M)
[2026-04-03T02:00:05.091+0600][15.467s][info][gc,ergo     ] Free: 874M, Max: 512K regular, 865M humongous, Frag: 2% external, 0% internal; Reserve: 64000K, Max: 512K
[2026-04-03T02:00:05.091+0600][15.467s][info][gc,start    ] GC(7) Concurrent reset
[2026-04-03T02:00:05.091+0600][15.467s][info][gc,task     ] GC(7) Using 3 of 6 workers for concurrent reset
[2026-04-03T02:00:05.091+0600][15.467s][info][gc,ergo     ] GC(7) Pacer for Reset. Non-Taxable: 1250M
[2026-04-03T02:00:05.093+0600][15.469s][info][gc          ] GC(7) Concurrent reset 1.264ms
[2026-04-03T02:00:05.093+0600][15.469s][info][gc,start    ] GC(7) Pause Init Mark (unload classes)
[2026-04-03T02:00:05.093+0600][15.469s][info][gc,task     ] GC(7) Using 6 of 6 workers for init marking
[2026-04-03T02:00:05.093+0600][15.469s][info][gc,ergo     ] GC(7) Pacer for Mark. Expected Live: 40901K, Free: 873M, Non-Taxable: 89476K, Alloc Tax Rate: 0.1x
[2026-04-03T02:00:05.093+0600][15.469s][info][gc          ] GC(7) Pause Init Mark (unload classes) 0.075ms
[2026-04-03T02:00:05.093+0600][15.469s][info][gc,start    ] GC(7) Concurrent marking roots
[2026-04-03T02:00:05.093+0600][15.469s][info][gc,task     ] GC(7) Using 3 of 6 workers for concurrent marking roots
[2026-04-03T02:00:05.093+0600][15.470s][info][gc          ] GC(7) Concurrent marking roots 0.481ms
[2026-04-03T02:00:05.093+0600][15.470s][info][gc,start    ] GC(7) Concurrent marking (unload classes)
[2026-04-03T02:00:05.094+0600][15.470s][info][gc,task     ] GC(7) Using 3 of 6 workers for concurrent marking
[2026-04-03T02:00:05.127+0600][15.503s][info][gc          ] GC(7) Concurrent marking (unload classes) 33.731ms
[2026-04-03T02:00:05.127+0600][15.504s][info][gc,start    ] GC(7) Pause Final Mark (unload classes)
[2026-04-03T02:00:05.128+0600][15.504s][info][gc,task     ] GC(7) Using 6 of 6 workers for final marking
[2026-04-03T02:00:05.128+0600][15.504s][info][gc,ergo     ] GC(7) Adaptive CSet Selection. Target Free: 177M, Actual Free: 916M, Max CSet: 53333K, Min Garbage: 0B
[2026-04-03T02:00:05.128+0600][15.504s][info][gc,ergo     ] GC(7) Collectable Garbage: 244M (98%), Immediate: 1536K (0%), CSet: 242M (98%)
[2026-04-03T02:00:05.128+0600][15.504s][info][gc,ergo     ] GC(7) Pacer for Evacuation. Used CSet: 265M, Free: 854M, Non-Taxable: 87520K, Alloc Tax Rate: 1.1x
[2026-04-03T02:00:05.128+0600][15.504s][info][gc          ] GC(7) Pause Final Mark (unload classes) 0.719ms
[2026-04-03T02:00:05.128+0600][15.504s][info][gc,start    ] GC(7) Concurrent thread roots
[2026-04-03T02:00:05.128+0600][15.504s][info][gc,task     ] GC(7) Using 3 of 6 workers for Concurrent thread roots
[2026-04-03T02:00:05.129+0600][15.505s][info][gc          ] GC(7) Concurrent thread roots 0.595ms
[2026-04-03T02:00:05.129+0600][15.505s][info][gc,start    ] GC(7) Concurrent weak references
[2026-04-03T02:00:05.129+0600][15.505s][info][gc,task     ] GC(7) Using 3 of 6 workers for concurrent weak references
[2026-04-03T02:00:05.129+0600][15.505s][info][gc,ref      ] GC(7) Encountered references: Soft: 2956, Weak: 4507, Final: 82, Phantom: 593
[2026-04-03T02:00:05.129+0600][15.506s][info][gc,ref      ] GC(7) Discovered  references: Soft: 0, Weak: 2488, Final: 48, Phantom: 590
[2026-04-03T02:00:05.130+0600][15.506s][info][gc,ref      ] GC(7) Enqueued    references: Soft: 0, Weak: 0, Final: 0, Phantom: 0
[2026-04-03T02:00:05.130+0600][15.506s][info][gc          ] GC(7) Concurrent weak references 0.561ms
[2026-04-03T02:00:05.130+0600][15.506s][info][gc,start    ] GC(7) Concurrent weak roots
[2026-04-03T02:00:05.130+0600][15.506s][info][gc,task     ] GC(7) Using 3 of 6 workers for concurrent weak root
[2026-04-03T02:00:05.131+0600][15.507s][info][gc          ] GC(7) Concurrent weak roots 1.303ms
[2026-04-03T02:00:05.131+0600][15.507s][info][gc,start    ] GC(7) Concurrent cleanup
[2026-04-03T02:00:05.131+0600][15.507s][info][gc          ] GC(7) Concurrent cleanup 333M->332M(402M) 0.388ms
[2026-04-03T02:00:05.131+0600][15.507s][info][gc,ergo     ] GC(7) Free: 852M, Max: 512K regular, 850M humongous, Frag: 1% external, 0% internal; Reserve: 63997K, Max: 512K
[2026-04-03T02:00:05.131+0600][15.507s][info][gc,start    ] GC(7) Concurrent class unloading
[2026-04-03T02:00:05.131+0600][15.507s][info][gc,task     ] GC(7) Using 3 of 6 workers for concurrent class unloading
[2026-04-03T02:00:05.135+0600][15.511s][info][gc          ] GC(7) Concurrent class unloading 3.409ms
[2026-04-03T02:00:05.135+0600][15.511s][info][gc,start    ] GC(7) Concurrent strong roots
[2026-04-03T02:00:05.135+0600][15.511s][info][gc,task     ] GC(7) Using 3 of 6 workers for concurrent strong root
[2026-04-03T02:00:05.135+0600][15.511s][info][gc          ] GC(7) Concurrent strong roots 0.414ms
[2026-04-03T02:00:05.135+0600][15.511s][info][gc,start    ] GC(7) Concurrent evacuation
[2026-04-03T02:00:05.135+0600][15.511s][info][gc,task     ] GC(7) Using 3 of 6 workers for concurrent evacuation
[2026-04-03T02:00:05.153+0600][15.530s][info][gc          ] GC(7) Concurrent evacuation 18.224ms
[2026-04-03T02:00:05.154+0600][15.530s][info][gc,start    ] GC(7) Pause Init Update Refs
[2026-04-03T02:00:05.154+0600][15.530s][info][gc,ergo     ] GC(7) Pacer for Update Refs. Used: 367M, Free: 840M, Non-Taxable: 86035K, Alloc Tax Rate: 1.1x
[2026-04-03T02:00:05.154+0600][15.530s][info][gc          ] GC(7) Pause Init Update Refs 0.123ms
[2026-04-03T02:00:05.154+0600][15.530s][info][gc,start    ] GC(7) Concurrent update references
[2026-04-03T02:00:05.154+0600][15.530s][info][gc,task     ] GC(7) Using 3 of 6 workers for concurrent reference update
[2026-04-03T02:00:05.185+0600][15.561s][info][gc          ] GC(7) Concurrent update references 30.888ms
[2026-04-03T02:00:05.185+0600][15.561s][info][gc,start    ] GC(7) Concurrent update thread roots
[2026-04-03T02:00:05.185+0600][15.561s][info][gc          ] GC(7) Concurrent update thread roots 0.417ms
[2026-04-03T02:00:05.186+0600][15.562s][info][gc,start    ] GC(7) Pause Final Update Refs
[2026-04-03T02:00:05.186+0600][15.562s][info][gc,task     ] GC(7) Using 6 of 6 workers for final reference update
[2026-04-03T02:00:05.186+0600][15.562s][info][gc          ] GC(7) Pause Final Update Refs 0.125ms
[2026-04-03T02:00:05.186+0600][15.562s][info][gc,start    ] GC(7) Concurrent cleanup
[2026-04-03T02:00:05.186+0600][15.562s][info][gc          ] GC(7) Concurrent cleanup 382M->118M(447M) 0.443ms
[2026-04-03T02:00:05.186+0600][15.562s][info][gc,ergo     ] Free: 1066M, Max: 512K regular, 803M humongous, Frag: 25% external, 0% internal; Reserve: 64000K, Max: 512K
[2026-04-03T02:00:05.186+0600][15.562s][info][gc,stats    ] 
[2026-04-03T02:00:05.186+0600][15.562s][info][gc,stats    ] All times are wall-clock times, except per-root-class counters, that are sum over
[2026-04-03T02:00:05.186+0600][15.562s][info][gc,stats    ] all workers. Dividing the <total> over the root stage time estimates parallelism.
[2026-04-03T02:00:05.186+0600][15.562s][info][gc,stats    ] 
[2026-04-03T02:00:05.186+0600][15.562s][info][gc,stats    ] Concurrent Reset                   1309 us
[2026-04-03T02:00:05.186+0600][15.562s][info][gc,stats    ] Pause Init Mark (G)                 310 us
[2026-04-03T02:00:05.186+0600][15.562s][info][gc,stats    ] Pause Init Mark (N)                  84 us
[2026-04-03T02:00:05.186+0600][15.562s][info][gc,stats    ]   Update Region States               13 us
[2026-04-03T02:00:05.186+0600][15.562s][info][gc,stats    ] Concurrent Mark Roots               508 us, parallelism: 1.50x
[2026-04-03T02:00:05.186+0600][15.562s][info][gc,stats    ]   CMR: <total>                      761 us
[2026-04-03T02:00:05.186+0600][15.562s][info][gc,stats    ]   CMR: Thread Roots                 561 us, workers (us): 229, 246,  86, ---, ---, ---, 
[2026-04-03T02:00:05.186+0600][15.562s][info][gc,stats    ]   CMR: VM Strong Roots               51 us, workers (us):  40,  11,   1, ---, ---, ---, 
[2026-04-03T02:00:05.186+0600][15.562s][info][gc,stats    ]   CMR: CLDG Roots                   149 us, workers (us): ---, ---, 149, ---, ---, ---, 
[2026-04-03T02:00:05.186+0600][15.562s][info][gc,stats    ] Concurrent Marking                33800 us
[2026-04-03T02:00:05.186+0600][15.562s][info][gc,stats    ] Pause Final Mark (G)                985 us
[2026-04-03T02:00:05.186+0600][15.562s][info][gc,stats    ] Pause Final Mark (N)                732 us
[2026-04-03T02:00:05.186+0600][15.562s][info][gc,stats    ]   Finish Mark                       376 us
[2026-04-03T02:00:05.186+0600][15.562s][info][gc,stats    ]   Update Region States               31 us
[2026-04-03T02:00:05.186+0600][15.562s][info][gc,stats    ]   Choose Collection Set             195 us
[2026-04-03T02:00:05.186+0600][15.562s][info][gc,stats    ]   Rebuild Free Set                   22 us
[2026-04-03T02:00:05.186+0600][15.562s][info][gc,stats    ] Concurrent Thread Roots             672 us, parallelism: 1.11x
[2026-04-03T02:00:05.186+0600][15.562s][info][gc,stats    ]   CTR: <total>                      748 us
[2026-04-03T02:00:05.186+0600][15.562s][info][gc,stats    ]   CTR: Thread Roots                 748 us, workers (us): 339, 212, 197, ---, ---, ---, 
[2026-04-03T02:00:05.186+0600][15.562s][info][gc,stats    ] Concurrent Weak References          570 us, parallelism: 0.72x
[2026-04-03T02:00:05.186+0600][15.562s][info][gc,stats    ]   CWRF: <total>                     412 us
[2026-04-03T02:00:05.186+0600][15.562s][info][gc,stats    ]   CWRF: Weak References             412 us, workers (us): 144, 267,   1, ---, ---, ---, 
[2026-04-03T02:00:05.186+0600][15.562s][info][gc,stats    ] Concurrent Weak Roots              1347 us
[2026-04-03T02:00:05.186+0600][15.562s][info][gc,stats    ]   Roots                             986 us, parallelism: 2.32x
[2026-04-03T02:00:05.186+0600][15.562s][info][gc,stats    ]     CWR: <total>                   2289 us
[2026-04-03T02:00:05.186+0600][15.562s][info][gc,stats    ]     CWR: Code Cache Roots          1324 us, workers (us): 462, 469, 392, ---, ---, ---, 
[2026-04-03T02:00:05.186+0600][15.562s][info][gc,stats    ]     CWR: VM Weak Roots              896 us, workers (us): 369, 275, 252, ---, ---, ---, 
[2026-04-03T02:00:05.186+0600][15.562s][info][gc,stats    ]     CWR: CLDG Roots                  69 us, workers (us): ---, ---,  69, ---, ---, ---, 
[2026-04-03T02:00:05.186+0600][15.562s][info][gc,stats    ]   Rendezvous                        296 us
[2026-04-03T02:00:05.186+0600][15.562s][info][gc,stats    ] Concurrent Cleanup                  401 us
[2026-04-03T02:00:05.186+0600][15.562s][info][gc,stats    ] Concurrent Class Unloading         3458 us
[2026-04-03T02:00:05.186+0600][15.562s][info][gc,stats    ]   Unlink Stale                     2978 us
[2026-04-03T02:00:05.186+0600][15.562s][info][gc,stats    ]     System Dictionary                54 us
[2026-04-03T02:00:05.186+0600][15.562s][info][gc,stats    ]     Weak Class Links                  0 us
[2026-04-03T02:00:05.186+0600][15.562s][info][gc,stats    ]     Code Roots                     2922 us
[2026-04-03T02:00:05.186+0600][15.562s][info][gc,stats    ]   Rendezvous                        263 us
[2026-04-03T02:00:05.186+0600][15.563s][info][gc,stats    ]   Purge Unlinked                    149 us
[2026-04-03T02:00:05.186+0600][15.563s][info][gc,stats    ]     Code Roots                      141 us
[2026-04-03T02:00:05.186+0600][15.563s][info][gc,stats    ]     CLDG                              7 us
[2026-04-03T02:00:05.186+0600][15.563s][info][gc,stats    ]     Exception Caches                  0 us
[2026-04-03T02:00:05.186+0600][15.563s][info][gc,stats    ] Concurrent Strong Roots             462 us, parallelism: 0.50x
[2026-04-03T02:00:05.186+0600][15.563s][info][gc,stats    ]   CSR: <total>                      231 us
[2026-04-03T02:00:05.186+0600][15.563s][info][gc,stats    ]   CSR: VM Strong Roots               14 us, workers (us):  10,   4,   0, ---, ---, ---, 
[2026-04-03T02:00:05.187+0600][15.563s][info][gc,stats    ]   CSR: CLDG Roots                   217 us, workers (us): 217, ---, ---, ---, ---, ---, 
[2026-04-03T02:00:05.187+0600][15.563s][info][gc,stats    ] Concurrent Evacuation             18306 us
[2026-04-03T02:00:05.187+0600][15.563s][info][gc,stats    ] Pause Init Update Refs (G)          442 us
[2026-04-03T02:00:05.187+0600][15.563s][info][gc,stats    ] Pause Init Update Refs (N)          135 us
[2026-04-03T02:00:05.187+0600][15.563s][info][gc,stats    ]   Manage GCLABs                      23 us
[2026-04-03T02:00:05.187+0600][15.563s][info][gc,stats    ] Concurrent Update Refs            30972 us
[2026-04-03T02:00:05.187+0600][15.563s][info][gc,stats    ] Concurrent Update Thread Roots      441 us
[2026-04-03T02:00:05.187+0600][15.563s][info][gc,stats    ] Pause Final Update Refs (G)         275 us
[2026-04-03T02:00:05.187+0600][15.563s][info][gc,stats    ] Pause Final Update Refs (N)         140 us
[2026-04-03T02:00:05.187+0600][15.563s][info][gc,stats    ]   Update Region States               34 us
[2026-04-03T02:00:05.187+0600][15.563s][info][gc,stats    ]   Trash Collection Set               10 us
[2026-04-03T02:00:05.187+0600][15.563s][info][gc,stats    ]   Rebuild Free Set                   24 us
[2026-04-03T02:00:05.187+0600][15.563s][info][gc,stats    ] Concurrent Cleanup                  454 us
[2026-04-03T02:00:05.187+0600][15.563s][info][gc,stats    ] 
[2026-04-03T02:00:05.187+0600][15.563s][info][gc,stats    ] Allocation pacing accrued:
[2026-04-03T02:00:05.187+0600][15.563s][info][gc,stats    ]       0 of   250 ms (  0.0%): <total>
[2026-04-03T02:00:05.187+0600][15.563s][info][gc,stats    ]       0 of   250 ms (  0.0%): <average total>
[2026-04-03T02:00:05.187+0600][15.563s][info][gc,stats    ] 
[2026-04-03T02:00:05.187+0600][15.563s][info][gc,metaspace] Metaspace: 61535K(62144K)->61535K(62144K) NonClass: 53833K(54208K)->53833K(54208K) Class: 7702K(7936K)->7702K(7936K)
[2026-04-03T02:00:05.187+0600][15.563s][info][gc,ergo     ] Pacer for Idle. Initial: 25600K, Alloc Tax Rate: 1.0x
[2026-04-03T02:00:05.291+0600][15.667s][info][gc          ] Trigger: Learning 4 of 5. Free (873M) is below initial threshold (875M)
[2026-04-03T02:00:05.291+0600][15.667s][info][gc,ergo     ] Free: 873M, Max: 512K regular, 803M humongous, Frag: 9% external, 0% internal; Reserve: 64000K, Max: 512K
[2026-04-03T02:00:05.291+0600][15.667s][info][gc,start    ] GC(8) Concurrent reset
[2026-04-03T02:00:05.291+0600][15.667s][info][gc,task     ] GC(8) Using 3 of 6 workers for concurrent reset
[2026-04-03T02:00:05.291+0600][15.667s][info][gc,ergo     ] GC(8) Pacer for Reset. Non-Taxable: 1250M
[2026-04-03T02:00:05.292+0600][15.668s][info][gc          ] GC(8) Concurrent reset 0.986ms
[2026-04-03T02:00:05.292+0600][15.668s][info][gc,start    ] GC(8) Pause Init Mark (unload classes)
[2026-04-03T02:00:05.292+0600][15.668s][info][gc,task     ] GC(8) Using 6 of 6 workers for init marking
[2026-04-03T02:00:05.292+0600][15.668s][info][gc,ergo     ] GC(8) Pacer for Mark. Expected Live: 49098K, Free: 871M, Non-Taxable: 89232K, Alloc Tax Rate: 0.1x
[2026-04-03T02:00:05.292+0600][15.668s][info][gc          ] GC(8) Pause Init Mark (unload classes) 0.056ms
[2026-04-03T02:00:05.292+0600][15.668s][info][gc,start    ] GC(8) Concurrent marking roots
[2026-04-03T02:00:05.292+0600][15.668s][info][gc,task     ] GC(8) Using 3 of 6 workers for concurrent marking roots
[2026-04-03T02:00:05.293+0600][15.669s][info][gc          ] GC(8) Concurrent marking roots 0.430ms
[2026-04-03T02:00:05.293+0600][15.669s][info][gc,start    ] GC(8) Concurrent marking (unload classes)
[2026-04-03T02:00:05.293+0600][15.669s][info][gc,task     ] GC(8) Using 3 of 6 workers for concurrent marking
[2026-04-03T02:00:05.331+0600][15.707s][info][gc          ] GC(8) Concurrent marking (unload classes) 38.574ms
[2026-04-03T02:00:05.331+0600][15.707s][info][gc,start    ] GC(8) Pause Final Mark (unload classes)
[2026-04-03T02:00:05.331+0600][15.707s][info][gc,task     ] GC(8) Using 6 of 6 workers for final marking
[2026-04-03T02:00:05.332+0600][15.708s][info][gc,ergo     ] GC(8) Adaptive CSet Selection. Target Free: 177M, Actual Free: 886M, Max CSet: 53333K, Min Garbage: 0B
[2026-04-03T02:00:05.332+0600][15.708s][info][gc,ergo     ] GC(8) Collectable Garbage: 224M (98%), Immediate: 2048K (0%), CSet: 222M (97%)
[2026-04-03T02:00:05.332+0600][15.708s][info][gc,ergo     ] GC(8) Pacer for Evacuation. Used CSet: 243M, Free: 824M, Non-Taxable: 84398K, Alloc Tax Rate: 1.1x
[2026-04-03T02:00:05.332+0600][15.708s][info][gc          ] GC(8) Pause Final Mark (unload classes) 0.608ms
[2026-04-03T02:00:05.332+0600][15.708s][info][gc,start    ] GC(8) Concurrent thread roots
[2026-04-03T02:00:05.332+0600][15.708s][info][gc,task     ] GC(8) Using 3 of 6 workers for Concurrent thread roots
[2026-04-03T02:00:05.332+0600][15.709s][info][gc          ] GC(8) Concurrent thread roots 0.510ms
[2026-04-03T02:00:05.333+0600][15.709s][info][gc,start    ] GC(8) Concurrent weak references
[2026-04-03T02:00:05.333+0600][15.709s][info][gc,task     ] GC(8) Using 3 of 6 workers for concurrent weak references
[2026-04-03T02:00:05.333+0600][15.709s][info][gc,ref      ] GC(8) Encountered references: Soft: 2956, Weak: 4507, Final: 82, Phantom: 593
[2026-04-03T02:00:05.333+0600][15.709s][info][gc,ref      ] GC(8) Discovered  references: Soft: 0, Weak: 1452, Final: 0, Phantom: 590
[2026-04-03T02:00:05.333+0600][15.709s][info][gc,ref      ] GC(8) Enqueued    references: Soft: 0, Weak: 0, Final: 0, Phantom: 0
[2026-04-03T02:00:05.333+0600][15.709s][info][gc          ] GC(8) Concurrent weak references 0.203ms
[2026-04-03T02:00:05.333+0600][15.709s][info][gc,start    ] GC(8) Concurrent weak roots
[2026-04-03T02:00:05.333+0600][15.709s][info][gc,task     ] GC(8) Using 3 of 6 workers for concurrent weak root
[2026-04-03T02:00:05.334+0600][15.710s][info][gc          ] GC(8) Concurrent weak roots 1.727ms
[2026-04-03T02:00:05.334+0600][15.711s][info][gc,start    ] GC(8) Concurrent cleanup
[2026-04-03T02:00:05.335+0600][15.711s][info][gc          ] GC(8) Concurrent cleanup 365M->363M(447M) 0.340ms
[2026-04-03T02:00:05.335+0600][15.711s][info][gc,ergo     ] GC(8) Free: 821M, Max: 512K regular, 803M humongous, Frag: 3% external, 0% internal; Reserve: 63995K, Max: 512K
[2026-04-03T02:00:05.335+0600][15.711s][info][gc,start    ] GC(8) Concurrent class unloading
[2026-04-03T02:00:05.335+0600][15.711s][info][gc,task     ] GC(8) Using 3 of 6 workers for concurrent class unloading
[2026-04-03T02:00:05.338+0600][15.714s][info][gc          ] GC(8) Concurrent class unloading 2.862ms
[2026-04-03T02:00:05.338+0600][15.714s][info][gc,start    ] GC(8) Concurrent strong roots
[2026-04-03T02:00:05.338+0600][15.714s][info][gc,task     ] GC(8) Using 3 of 6 workers for concurrent strong root
[2026-04-03T02:00:05.338+0600][15.714s][info][gc          ] GC(8) Concurrent strong roots 0.443ms
[2026-04-03T02:00:05.338+0600][15.714s][info][gc,start    ] GC(8) Concurrent evacuation
[2026-04-03T02:00:05.338+0600][15.714s][info][gc,task     ] GC(8) Using 3 of 6 workers for concurrent evacuation
[2026-04-03T02:00:05.356+0600][15.732s][info][gc          ] GC(8) Concurrent evacuation 17.314ms
[2026-04-03T02:00:05.356+0600][15.732s][info][gc,start    ] GC(8) Pause Init Update Refs
[2026-04-03T02:00:05.356+0600][15.732s][info][gc,ergo     ] GC(8) Pacer for Update Refs. Used: 407M, Free: 800M, Non-Taxable: 81952K, Alloc Tax Rate: 1.1x
[2026-04-03T02:00:05.356+0600][15.732s][info][gc          ] GC(8) Pause Init Update Refs 0.072ms
[2026-04-03T02:00:05.356+0600][15.732s][info][gc,start    ] GC(8) Concurrent update references
[2026-04-03T02:00:05.356+0600][15.732s][info][gc,task     ] GC(8) Using 3 of 6 workers for concurrent reference update
[2026-04-03T02:00:05.396+0600][15.772s][info][gc          ] GC(8) Concurrent update references 40.461ms
[2026-04-03T02:00:05.397+0600][15.773s][info][gc,start    ] GC(8) Concurrent update thread roots
[2026-04-03T02:00:05.397+0600][15.773s][info][gc          ] GC(8) Concurrent update thread roots 0.431ms
[2026-04-03T02:00:05.397+0600][15.773s][info][gc,start    ] GC(8) Pause Final Update Refs
[2026-04-03T02:00:05.397+0600][15.773s][info][gc,task     ] GC(8) Using 6 of 6 workers for final reference update
[2026-04-03T02:00:05.397+0600][15.773s][info][gc          ] GC(8) Pause Final Update Refs 0.088ms
[2026-04-03T02:00:05.397+0600][15.773s][info][gc,start    ] GC(8) Concurrent cleanup
[2026-04-03T02:00:05.398+0600][15.774s][info][gc          ] GC(8) Concurrent cleanup 431M->187M(494M) 0.399ms
[2026-04-03T02:00:05.398+0600][15.774s][info][gc,ergo     ] Free: 997M, Max: 512K regular, 754M humongous, Frag: 25% external, 0% internal; Reserve: 64000K, Max: 512K
[2026-04-03T02:00:05.398+0600][15.774s][info][gc,stats    ] 
[2026-04-03T02:00:05.398+0600][15.774s][info][gc,stats    ] All times are wall-clock times, except per-root-class counters, that are sum over
[2026-04-03T02:00:05.398+0600][15.774s][info][gc,stats    ] all workers. Dividing the <total> over the root stage time estimates parallelism.
[2026-04-03T02:00:05.398+0600][15.774s][info][gc,stats    ] 
[2026-04-03T02:00:05.398+0600][15.774s][info][gc,stats    ] Concurrent Reset                   1022 us
[2026-04-03T02:00:05.398+0600][15.774s][info][gc,stats    ] Pause Init Mark (G)                 198 us
[2026-04-03T02:00:05.398+0600][15.774s][info][gc,stats    ] Pause Init Mark (N)                  62 us
[2026-04-03T02:00:05.398+0600][15.774s][info][gc,stats    ]   Update Region States               12 us
[2026-04-03T02:00:05.398+0600][15.774s][info][gc,stats    ] Concurrent Mark Roots               443 us, parallelism: 1.39x
[2026-04-03T02:00:05.398+0600][15.774s][info][gc,stats    ]   CMR: <total>                      616 us
[2026-04-03T02:00:05.398+0600][15.774s][info][gc,stats    ]   CMR: Thread Roots                 494 us, workers (us): 158, 179, 158, ---, ---, ---, 
[2026-04-03T02:00:05.398+0600][15.774s][info][gc,stats    ]   CMR: VM Strong Roots               13 us, workers (us):  12,   1,   1, ---, ---, ---, 
[2026-04-03T02:00:05.398+0600][15.774s][info][gc,stats    ]   CMR: CLDG Roots                   109 us, workers (us): 109, ---, ---, ---, ---, ---, 
[2026-04-03T02:00:05.398+0600][15.774s][info][gc,stats    ] Concurrent Marking                38635 us
[2026-04-03T02:00:05.398+0600][15.774s][info][gc,stats    ] Pause Final Mark (G)                747 us
[2026-04-03T02:00:05.398+0600][15.774s][info][gc,stats    ] Pause Final Mark (N)                618 us
[2026-04-03T02:00:05.398+0600][15.774s][info][gc,stats    ]   Finish Mark                       287 us
[2026-04-03T02:00:05.398+0600][15.774s][info][gc,stats    ]   Update Region States               31 us
[2026-04-03T02:00:05.398+0600][15.774s][info][gc,stats    ]   Choose Collection Set             207 us
[2026-04-03T02:00:05.398+0600][15.774s][info][gc,stats    ]   Rebuild Free Set                   23 us
[2026-04-03T02:00:05.398+0600][15.774s][info][gc,stats    ] Concurrent Thread Roots             554 us, parallelism: 1.32x
[2026-04-03T02:00:05.398+0600][15.774s][info][gc,stats    ]   CTR: <total>                      729 us
[2026-04-03T02:00:05.398+0600][15.774s][info][gc,stats    ]   CTR: Thread Roots                 729 us, workers (us): 238, 238, 252, ---, ---, ---, 
[2026-04-03T02:00:05.398+0600][15.774s][info][gc,stats    ] Concurrent Weak References          210 us, parallelism: 0.91x
[2026-04-03T02:00:05.398+0600][15.774s][info][gc,stats    ]   CWRF: <total>                     190 us
[2026-04-03T02:00:05.398+0600][15.774s][info][gc,stats    ]   CWRF: Weak References             190 us, workers (us): 100,  30,  60, ---, ---, ---, 
[2026-04-03T02:00:05.398+0600][15.774s][info][gc,stats    ] Concurrent Weak Roots              1768 us
[2026-04-03T02:00:05.398+0600][15.774s][info][gc,stats    ]   Roots                            1635 us, parallelism: 2.35x
[2026-04-03T02:00:05.398+0600][15.774s][info][gc,stats    ]     CWR: <total>                   3835 us
[2026-04-03T02:00:05.398+0600][15.774s][info][gc,stats    ]     CWR: Code Cache Roots          2394 us, workers (us): 796, 777, 821, ---, ---, ---, 
[2026-04-03T02:00:05.398+0600][15.774s][info][gc,stats    ]     CWR: VM Weak Roots             1389 us, workers (us): 472, 458, 458, ---, ---, ---, 
[2026-04-03T02:00:05.398+0600][15.774s][info][gc,stats    ]     CWR: CLDG Roots                  52 us, workers (us):  52, ---, ---, ---, ---, ---, 
[2026-04-03T02:00:05.398+0600][15.774s][info][gc,stats    ]   Rendezvous                         77 us
[2026-04-03T02:00:05.398+0600][15.774s][info][gc,stats    ] Concurrent Cleanup                  351 us
[2026-04-03T02:00:05.398+0600][15.774s][info][gc,stats    ] Concurrent Class Unloading         2890 us
[2026-04-03T02:00:05.398+0600][15.774s][info][gc,stats    ]   Unlink Stale                     2722 us
[2026-04-03T02:00:05.398+0600][15.774s][info][gc,stats    ]     System Dictionary                64 us
[2026-04-03T02:00:05.398+0600][15.774s][info][gc,stats    ]     Weak Class Links                  0 us
[2026-04-03T02:00:05.398+0600][15.774s][info][gc,stats    ]     Code Roots                     2656 us
[2026-04-03T02:00:05.398+0600][15.774s][info][gc,stats    ]   Rendezvous                         47 us
[2026-04-03T02:00:05.398+0600][15.774s][info][gc,stats    ]   Purge Unlinked                     77 us
[2026-04-03T02:00:05.398+0600][15.774s][info][gc,stats    ]     Code Roots                       73 us
[2026-04-03T02:00:05.398+0600][15.774s][info][gc,stats    ]     CLDG                              4 us
[2026-04-03T02:00:05.398+0600][15.774s][info][gc,stats    ]     Exception Caches                  0 us
[2026-04-03T02:00:05.398+0600][15.774s][info][gc,stats    ] Concurrent Strong Roots             484 us, parallelism: 0.51x
[2026-04-03T02:00:05.398+0600][15.774s][info][gc,stats    ]   CSR: <total>                      244 us
[2026-04-03T02:00:05.398+0600][15.774s][info][gc,stats    ]   CSR: VM Strong Roots               14 us, workers (us):  12,   1,   1, ---, ---, ---, 
[2026-04-03T02:00:05.398+0600][15.774s][info][gc,stats    ]   CSR: CLDG Roots                   231 us, workers (us): 231, ---, ---, ---, ---, ---, 
[2026-04-03T02:00:05.398+0600][15.774s][info][gc,stats    ] Concurrent Evacuation             17377 us
[2026-04-03T02:00:05.398+0600][15.774s][info][gc,stats    ] Pause Init Update Refs (G)          298 us
[2026-04-03T02:00:05.398+0600][15.774s][info][gc,stats    ] Pause Init Update Refs (N)           82 us
[2026-04-03T02:00:05.398+0600][15.774s][info][gc,stats    ]   Manage GCLABs                      13 us
[2026-04-03T02:00:05.398+0600][15.774s][info][gc,stats    ] Concurrent Update Refs            40560 us
[2026-04-03T02:00:05.398+0600][15.774s][info][gc,stats    ] Concurrent Update Thread Roots      450 us
[2026-04-03T02:00:05.398+0600][15.774s][info][gc,stats    ] Pause Final Update Refs (G)         212 us
[2026-04-03T02:00:05.398+0600][15.774s][info][gc,stats    ] Pause Final Update Refs (N)          98 us
[2026-04-03T02:00:05.398+0600][15.774s][info][gc,stats    ]   Update Region States               33 us
[2026-04-03T02:00:05.398+0600][15.774s][info][gc,stats    ]   Trash Collection Set                8 us
[2026-04-03T02:00:05.398+0600][15.774s][info][gc,stats    ]   Rebuild Free Set                   22 us
[2026-04-03T02:00:05.398+0600][15.774s][info][gc,stats    ] Concurrent Cleanup                  409 us
[2026-04-03T02:00:05.398+0600][15.774s][info][gc,stats    ] 
[2026-04-03T02:00:05.398+0600][15.774s][info][gc,stats    ] Allocation pacing accrued:
[2026-04-03T02:00:05.398+0600][15.774s][info][gc,stats    ]       0 of   211 ms (  0.0%): <total>
[2026-04-03T02:00:05.398+0600][15.774s][info][gc,stats    ]       0 of   211 ms (  0.0%): <average total>
[2026-04-03T02:00:05.398+0600][15.774s][info][gc,stats    ] 
[2026-04-03T02:00:05.398+0600][15.774s][info][gc,metaspace] Metaspace: 61537K(62144K)->61537K(62144K) NonClass: 53834K(54208K)->53834K(54208K) Class: 7702K(7936K)->7702K(7936K)
[2026-04-03T02:00:05.398+0600][15.774s][info][gc,ergo     ] Pacer for Idle. Initial: 25600K, Alloc Tax Rate: 1.0x
[2026-04-03T02:00:05.775+0600][16.151s][info][gc          ] Trigger: Learning 5 of 5. Free (874M) is below initial threshold (875M)
[2026-04-03T02:00:05.775+0600][16.151s][info][gc,ergo     ] Free: 874M, Max: 512K regular, 754M humongous, Frag: 14% external, 0% internal; Reserve: 64000K, Max: 512K
[2026-04-03T02:00:05.775+0600][16.151s][info][gc,start    ] GC(9) Concurrent reset
[2026-04-03T02:00:05.775+0600][16.151s][info][gc,task     ] GC(9) Using 3 of 6 workers for concurrent reset
[2026-04-03T02:00:05.775+0600][16.151s][info][gc,ergo     ] GC(9) Pacer for Reset. Non-Taxable: 1250M
[2026-04-03T02:00:05.776+0600][16.152s][info][gc          ] GC(9) Concurrent reset 1.092ms
[2026-04-03T02:00:05.776+0600][16.152s][info][gc,start    ] GC(9) Pause Init Mark (unload classes)
[2026-04-03T02:00:05.776+0600][16.152s][info][gc,task     ] GC(9) Using 6 of 6 workers for init marking
[2026-04-03T02:00:05.776+0600][16.152s][info][gc,ergo     ] GC(9) Pacer for Mark. Expected Live: 57568K, Free: 874M, Non-Taxable: 89542K, Alloc Tax Rate: 0.1x
[2026-04-03T02:00:05.776+0600][16.152s][info][gc          ] GC(9) Pause Init Mark (unload classes) 0.159ms
[2026-04-03T02:00:05.776+0600][16.152s][info][gc,start    ] GC(9) Concurrent marking roots
[2026-04-03T02:00:05.776+0600][16.152s][info][gc,task     ] GC(9) Using 3 of 6 workers for concurrent marking roots
[2026-04-03T02:00:05.777+0600][16.153s][info][gc          ] GC(9) Concurrent marking roots 0.980ms
[2026-04-03T02:00:05.777+0600][16.153s][info][gc,start    ] GC(9) Concurrent marking (unload classes)
[2026-04-03T02:00:05.777+0600][16.153s][info][gc,task     ] GC(9) Using 3 of 6 workers for concurrent marking
[2026-04-03T02:00:05.842+0600][16.218s][info][gc          ] GC(9) Concurrent marking (unload classes) 64.651ms
[2026-04-03T02:00:05.842+0600][16.218s][info][gc,start    ] GC(9) Pause Final Mark (unload classes)
[2026-04-03T02:00:05.842+0600][16.218s][info][gc,task     ] GC(9) Using 6 of 6 workers for final marking
[2026-04-03T02:00:05.843+0600][16.219s][info][gc,ergo     ] GC(9) Adaptive CSet Selection. Target Free: 177M, Actual Free: 939M, Max CSet: 53333K, Min Garbage: 0B
[2026-04-03T02:00:05.843+0600][16.219s][info][gc,ergo     ] GC(9) Collectable Garbage: 205M (98%), Immediate: 13334K (6%), CSet: 192M (92%)
[2026-04-03T02:00:05.843+0600][16.219s][info][gc,ergo     ] GC(9) Pacer for Evacuation. Used CSet: 209M, Free: 879M, Non-Taxable: 90029K, Alloc Tax Rate: 1.1x
[2026-04-03T02:00:05.843+0600][16.219s][info][gc          ] GC(9) Pause Final Mark (unload classes) 0.610ms
[2026-04-03T02:00:05.843+0600][16.219s][info][gc,start    ] GC(9) Concurrent thread roots
[2026-04-03T02:00:05.843+0600][16.219s][info][gc,task     ] GC(9) Using 3 of 6 workers for Concurrent thread roots
[2026-04-03T02:00:05.843+0600][16.219s][info][gc          ] GC(9) Concurrent thread roots 0.510ms
[2026-04-03T02:00:05.843+0600][16.220s][info][gc,start    ] GC(9) Concurrent weak references
[2026-04-03T02:00:05.843+0600][16.220s][info][gc,task     ] GC(9) Using 3 of 6 workers for concurrent weak references
[2026-04-03T02:00:05.844+0600][16.220s][info][gc,ref      ] GC(9) Encountered references: Soft: 3145, Weak: 5611, Final: 82, Phantom: 594
[2026-04-03T02:00:05.844+0600][16.220s][info][gc,ref      ] GC(9) Discovered  references: Soft: 0, Weak: 3372, Final: 50, Phantom: 591
[2026-04-03T02:00:05.844+0600][16.220s][info][gc,ref      ] GC(9) Enqueued    references: Soft: 0, Weak: 400, Final: 0, Phantom: 0
[2026-04-03T02:00:05.844+0600][16.220s][info][gc          ] GC(9) Concurrent weak references 0.778ms
[2026-04-03T02:00:05.844+0600][16.220s][info][gc,start    ] GC(9) Concurrent weak roots
[2026-04-03T02:00:05.844+0600][16.220s][info][gc,task     ] GC(9) Using 3 of 6 workers for concurrent weak root
[2026-04-03T02:00:05.846+0600][16.222s][info][gc          ] GC(9) Concurrent weak roots 2.144ms
[2026-04-03T02:00:05.846+0600][16.223s][info][gc,start    ] GC(9) Concurrent cleanup
[2026-04-03T02:00:05.847+0600][16.223s][info][gc          ] GC(9) Concurrent cleanup 320M->307M(494M) 0.514ms
[2026-04-03T02:00:05.847+0600][16.223s][info][gc,ergo     ] GC(9) Free: 877M, Max: 512K regular, 754M humongous, Frag: 15% external, 0% internal; Reserve: 63477K, Max: 512K
[2026-04-03T02:00:05.847+0600][16.223s][info][gc,start    ] GC(9) Concurrent class unloading
[2026-04-03T02:00:05.847+0600][16.223s][info][gc,task     ] GC(9) Using 3 of 6 workers for concurrent class unloading
[2026-04-03T02:00:05.866+0600][16.242s][info][gc          ] GC(9) Concurrent class unloading 18.766ms
[2026-04-03T02:00:05.866+0600][16.242s][info][gc,start    ] GC(9) Concurrent strong roots
[2026-04-03T02:00:05.866+0600][16.242s][info][gc,task     ] GC(9) Using 3 of 6 workers for concurrent strong root
[2026-04-03T02:00:05.867+0600][16.243s][info][gc          ] GC(9) Concurrent strong roots 1.005ms
[2026-04-03T02:00:05.867+0600][16.243s][info][gc,start    ] GC(9) Concurrent evacuation
[2026-04-03T02:00:05.867+0600][16.243s][info][gc,task     ] GC(9) Using 3 of 6 workers for concurrent evacuation
[2026-04-03T02:00:05.896+0600][16.272s][info][gc          ] GC(9) Concurrent evacuation 29.193ms
[2026-04-03T02:00:05.897+0600][16.273s][info][gc,start    ] GC(9) Pause Init Update Refs
[2026-04-03T02:00:05.897+0600][16.273s][info][gc,ergo     ] GC(9) Pacer for Update Refs. Used: 338M, Free: 864M, Non-Taxable: 88552K, Alloc Tax Rate: 1.1x
[2026-04-03T02:00:05.897+0600][16.273s][info][gc          ] GC(9) Pause Init Update Refs 0.124ms
[2026-04-03T02:00:05.897+0600][16.273s][info][gc,start    ] GC(9) Concurrent update references
[2026-04-03T02:00:05.897+0600][16.273s][info][gc,task     ] GC(9) Using 3 of 6 workers for concurrent reference update
[2026-04-03T02:00:05.952+0600][16.328s][info][gc          ] GC(9) Concurrent update references 54.731ms
[2026-04-03T02:00:05.952+0600][16.328s][info][gc,start    ] GC(9) Concurrent update thread roots
[2026-04-03T02:00:05.953+0600][16.329s][info][gc          ] GC(9) Concurrent update thread roots 0.913ms
[2026-04-03T02:00:05.953+0600][16.329s][info][gc,start    ] GC(9) Pause Final Update Refs
[2026-04-03T02:00:05.953+0600][16.329s][info][gc,task     ] GC(9) Using 6 of 6 workers for final reference update
[2026-04-03T02:00:05.953+0600][16.329s][info][gc          ] GC(9) Pause Final Update Refs 0.312ms
[2026-04-03T02:00:05.953+0600][16.329s][info][gc,start    ] GC(9) Concurrent cleanup
[2026-04-03T02:00:05.954+0600][16.330s][info][gc          ] GC(9) Concurrent cleanup 356M->147M(511M) 0.558ms
[2026-04-03T02:00:05.954+0600][16.330s][info][gc,ergo     ] Free: 1037M, Max: 512K regular, 806M humongous, Frag: 23% external, 0% internal; Reserve: 64000K, Max: 512K
[2026-04-03T02:00:05.954+0600][16.330s][info][gc,stats    ] 
[2026-04-03T02:00:05.954+0600][16.330s][info][gc,stats    ] All times are wall-clock times, except per-root-class counters, that are sum over
[2026-04-03T02:00:05.954+0600][16.330s][info][gc,stats    ] all workers. Dividing the <total> over the root stage time estimates parallelism.
[2026-04-03T02:00:05.954+0600][16.330s][info][gc,stats    ] 
[2026-04-03T02:00:05.954+0600][16.330s][info][gc,stats    ] Concurrent Reset                   1132 us
[2026-04-03T02:00:05.954+0600][16.330s][info][gc,stats    ] Pause Init Mark (G)                 418 us
[2026-04-03T02:00:05.954+0600][16.330s][info][gc,stats    ] Pause Init Mark (N)                 172 us
[2026-04-03T02:00:05.954+0600][16.330s][info][gc,stats    ]   Update Region States               25 us
[2026-04-03T02:00:05.954+0600][16.330s][info][gc,stats    ] Concurrent Mark Roots              1018 us, parallelism: 1.84x
[2026-04-03T02:00:05.954+0600][16.330s][info][gc,stats    ]   CMR: <total>                     1872 us
[2026-04-03T02:00:05.954+0600][16.330s][info][gc,stats    ]   CMR: Thread Roots                1533 us, workers (us): 577, 383, 572, ---, ---, ---, 
[2026-04-03T02:00:05.954+0600][16.330s][info][gc,stats    ]   CMR: VM Strong Roots               32 us, workers (us):  13,  10,   9, ---, ---, ---, 
[2026-04-03T02:00:05.954+0600][16.330s][info][gc,stats    ]   CMR: CLDG Roots                   307 us, workers (us): ---, 307, ---, ---, ---, ---, 
[2026-04-03T02:00:05.954+0600][16.330s][info][gc,stats    ] Concurrent Marking                64752 us
[2026-04-03T02:00:05.954+0600][16.330s][info][gc,stats    ] Pause Final Mark (G)                810 us
[2026-04-03T02:00:05.954+0600][16.330s][info][gc,stats    ] Pause Final Mark (N)                622 us
[2026-04-03T02:00:05.954+0600][16.330s][info][gc,stats    ]   Finish Mark                       174 us
[2026-04-03T02:00:05.954+0600][16.330s][info][gc,stats    ]   Update Region States               44 us
[2026-04-03T02:00:05.954+0600][16.330s][info][gc,stats    ]   Choose Collection Set             224 us
[2026-04-03T02:00:05.954+0600][16.330s][info][gc,stats    ]   Rebuild Free Set                   28 us
[2026-04-03T02:00:05.954+0600][16.330s][info][gc,stats    ] Concurrent Thread Roots             535 us, parallelism: 1.89x
[2026-04-03T02:00:05.954+0600][16.330s][info][gc,stats    ]   CTR: <total>                     1013 us
[2026-04-03T02:00:05.954+0600][16.330s][info][gc,stats    ]   CTR: Thread Roots                1013 us, workers (us): 321, 396, 296, ---, ---, ---, 
[2026-04-03T02:00:05.954+0600][16.330s][info][gc,stats    ] Concurrent Weak References          791 us, parallelism: 1.00x
[2026-04-03T02:00:05.954+0600][16.330s][info][gc,stats    ]   CWRF: <total>                     788 us
[2026-04-03T02:00:05.954+0600][16.330s][info][gc,stats    ]   CWRF: Weak References             788 us, workers (us): 633, 153,   2, ---, ---, ---, 
[2026-04-03T02:00:05.954+0600][16.330s][info][gc,stats    ] Concurrent Weak Roots              2227 us
[2026-04-03T02:00:05.954+0600][16.330s][info][gc,stats    ]   Roots                            1982 us, parallelism: 2.51x
[2026-04-03T02:00:05.954+0600][16.330s][info][gc,stats    ]     CWR: <total>                   4981 us
[2026-04-03T02:00:05.954+0600][16.330s][info][gc,stats    ]     CWR: Code Cache Roots          2489 us, workers (us): 829, 743, 917, ---, ---, ---, 
[2026-04-03T02:00:05.954+0600][16.330s][info][gc,stats    ]     CWR: VM Weak Roots             2382 us, workers (us): 831, 813, 738, ---, ---, ---, 
[2026-04-03T02:00:05.954+0600][16.330s][info][gc,stats    ]     CWR: CLDG Roots                 110 us, workers (us): ---, 110, ---, ---, ---, ---, 
[2026-04-03T02:00:05.954+0600][16.330s][info][gc,stats    ]   Rendezvous                        134 us
[2026-04-03T02:00:05.954+0600][16.330s][info][gc,stats    ] Concurrent Cleanup                  545 us
[2026-04-03T02:00:05.954+0600][16.330s][info][gc,stats    ] Concurrent Class Unloading        18868 us
[2026-04-03T02:00:05.954+0600][16.330s][info][gc,stats    ]   Unlink Stale                    17153 us
[2026-04-03T02:00:05.954+0600][16.330s][info][gc,stats    ]     System Dictionary               335 us
[2026-04-03T02:00:05.954+0600][16.330s][info][gc,stats    ]     Weak Class Links              11555 us
[2026-04-03T02:00:05.954+0600][16.330s][info][gc,stats    ]     Code Roots                     5258 us
[2026-04-03T02:00:05.954+0600][16.330s][info][gc,stats    ]   Rendezvous                        294 us
[2026-04-03T02:00:05.954+0600][16.330s][info][gc,stats    ]   Purge Unlinked                   1283 us
[2026-04-03T02:00:05.954+0600][16.330s][info][gc,stats    ]     Code Roots                     1234 us
[2026-04-03T02:00:05.954+0600][16.331s][info][gc,stats    ]     CLDG                             48 us
[2026-04-03T02:00:05.954+0600][16.331s][info][gc,stats    ]     Exception Caches                  1 us
[2026-04-03T02:00:05.954+0600][16.331s][info][gc,stats    ] Concurrent Strong Roots            1088 us, parallelism: 0.71x
[2026-04-03T02:00:05.955+0600][16.331s][info][gc,stats    ]   CSR: <total>                      775 us
[2026-04-03T02:00:05.955+0600][16.331s][info][gc,stats    ]   CSR: VM Strong Roots               29 us, workers (us):  14,  15,   0, ---, ---, ---, 
[2026-04-03T02:00:05.955+0600][16.331s][info][gc,stats    ]   CSR: CLDG Roots                   746 us, workers (us): 746, ---, ---, ---, ---, ---, 
[2026-04-03T02:00:05.955+0600][16.331s][info][gc,stats    ] Concurrent Evacuation             29306 us
[2026-04-03T02:00:05.955+0600][16.331s][info][gc,stats    ] Pause Init Update Refs (G)          436 us
[2026-04-03T02:00:05.955+0600][16.331s][info][gc,stats    ] Pause Init Update Refs (N)          138 us
[2026-04-03T02:00:05.955+0600][16.331s][info][gc,stats    ]   Manage GCLABs                      21 us
[2026-04-03T02:00:05.955+0600][16.331s][info][gc,stats    ] Concurrent Update Refs            54849 us
[2026-04-03T02:00:05.955+0600][16.331s][info][gc,stats    ] Concurrent Update Thread Roots      939 us
[2026-04-03T02:00:05.955+0600][16.331s][info][gc,stats    ] Pause Final Update Refs (G)         600 us
[2026-04-03T02:00:05.955+0600][16.331s][info][gc,stats    ] Pause Final Update Refs (N)         339 us
[2026-04-03T02:00:05.955+0600][16.331s][info][gc,stats    ]   Update Region States               69 us
[2026-04-03T02:00:05.955+0600][16.331s][info][gc,stats    ]   Trash Collection Set               19 us
[2026-04-03T02:00:05.955+0600][16.331s][info][gc,stats    ]   Rebuild Free Set                   33 us
[2026-04-03T02:00:05.955+0600][16.331s][info][gc,stats    ] Concurrent Cleanup                  602 us
[2026-04-03T02:00:05.955+0600][16.331s][info][gc,stats    ] 
[2026-04-03T02:00:05.955+0600][16.331s][info][gc,stats    ] Allocation pacing accrued:
[2026-04-03T02:00:05.955+0600][16.331s][info][gc,stats    ]       0 of   557 ms (  0.0%): <total>
[2026-04-03T02:00:05.955+0600][16.331s][info][gc,stats    ]       0 of   557 ms (  0.0%): <average total>
[2026-04-03T02:00:05.955+0600][16.331s][info][gc,stats    ] 
[2026-04-03T02:00:05.955+0600][16.331s][info][gc,metaspace] Metaspace: 63746K(64512K)->64000K(64704K) NonClass: 55699K(56128K)->55895K(56320K) Class: 8046K(8384K)->8104K(8384K)
[2026-04-03T02:00:05.955+0600][16.331s][info][gc,ergo     ] Pacer for Idle. Initial: 25600K, Alloc Tax Rate: 1.0x
[2026-04-03T02:00:06.621+0600][16.997s][info][gc          ] Trigger: Average GC time (216.79 ms) is above the time for average allocation rate (1127 MB/s) to deplete free headroom (243M) (margin of error = 1.80)
[2026-04-03T02:00:06.621+0600][16.997s][info][gc,ergo     ] Free headroom: 305M (free) - 64000K (spike) - 0B (penalties) = 243M
[2026-04-03T02:00:06.621+0600][16.997s][info][gc,ergo     ] Free: 305M, Max: 512K regular, 305M humongous, Frag: 0% external, 0% internal; Reserve: 64000K, Max: 512K
[2026-04-03T02:00:06.621+0600][16.997s][info][gc,start    ] GC(10) Concurrent reset
[2026-04-03T02:00:06.621+0600][16.997s][info][gc,task     ] GC(10) Using 3 of 6 workers for concurrent reset
[2026-04-03T02:00:06.621+0600][16.997s][info][gc,ergo     ] GC(10) Pacer for Reset. Non-Taxable: 1250M
[2026-04-03T02:00:06.622+0600][16.998s][info][gc          ] GC(10) Concurrent reset 1.087ms
[2026-04-03T02:00:06.622+0600][16.998s][info][gc,start    ] GC(10) Pause Init Mark (unload classes)
[2026-04-03T02:00:06.622+0600][16.998s][info][gc,task     ] GC(10) Using 6 of 6 workers for init marking
[2026-04-03T02:00:06.622+0600][16.998s][info][gc,ergo     ] GC(10) Pacer for Mark. Expected Live: 64655K, Free: 304M, Non-Taxable: 31149K, Alloc Tax Rate: 0.3x
[2026-04-03T02:00:06.622+0600][16.998s][info][gc          ] GC(10) Pause Init Mark (unload classes) 0.088ms
[2026-04-03T02:00:06.622+0600][16.999s][info][gc,start    ] GC(10) Concurrent marking roots
[2026-04-03T02:00:06.623+0600][16.999s][info][gc,task     ] GC(10) Using 3 of 6 workers for concurrent marking roots
[2026-04-03T02:00:06.623+0600][16.999s][info][gc          ] GC(10) Concurrent marking roots 0.647ms
[2026-04-03T02:00:06.623+0600][16.999s][info][gc,start    ] GC(10) Concurrent marking (unload classes)
[2026-04-03T02:00:06.623+0600][16.999s][info][gc,task     ] GC(10) Using 3 of 6 workers for concurrent marking
[2026-04-03T02:00:06.714+0600][17.090s][info][gc          ] GC(10) Concurrent marking (unload classes) 90.424ms
[2026-04-03T02:00:06.714+0600][17.090s][info][gc,start    ] GC(10) Pause Final Mark (unload classes)
[2026-04-03T02:00:06.714+0600][17.090s][info][gc,task     ] GC(10) Using 6 of 6 workers for final marking
[2026-04-03T02:00:06.714+0600][17.090s][info][gc,ergo     ] GC(10) Adaptive CSet Selection. Target Free: 177M, Actual Free: 301M, Max CSet: 53333K, Min Garbage: 0B
[2026-04-03T02:00:06.715+0600][17.091s][info][gc,ergo     ] GC(10) Collectable Garbage: 731M (99%), Immediate: 4608K (0%), CSet: 727M (98%)
[2026-04-03T02:00:06.715+0600][17.091s][info][gc,ergo     ] GC(10) Pacer for Evacuation. Used CSet: 770M, Free: 239M, Non-Taxable: 24544K, Alloc Tax Rate: 7.9x
[2026-04-03T02:00:06.715+0600][17.091s][info][gc          ] GC(10) Pause Final Mark (unload classes) 0.868ms
[2026-04-03T02:00:06.715+0600][17.091s][info][gc,start    ] GC(10) Concurrent thread roots
[2026-04-03T02:00:06.715+0600][17.091s][info][gc,task     ] GC(10) Using 3 of 6 workers for Concurrent thread roots
[2026-04-03T02:00:06.715+0600][17.091s][info][gc          ] GC(10) Concurrent thread roots 0.526ms
[2026-04-03T02:00:06.715+0600][17.091s][info][gc,start    ] GC(10) Concurrent weak references
[2026-04-03T02:00:06.715+0600][17.091s][info][gc,task     ] GC(10) Using 3 of 6 workers for concurrent weak references
[2026-04-03T02:00:06.716+0600][17.092s][info][gc,ref      ] GC(10) Encountered references: Soft: 3150, Weak: 5334, Final: 82, Phantom: 594
[2026-04-03T02:00:06.716+0600][17.092s][info][gc,ref      ] GC(10) Discovered  references: Soft: 0, Weak: 420, Final: 0, Phantom: 591
[2026-04-03T02:00:06.716+0600][17.092s][info][gc,ref      ] GC(10) Enqueued    references: Soft: 0, Weak: 44, Final: 0, Phantom: 0
[2026-04-03T02:00:06.716+0600][17.092s][info][gc          ] GC(10) Concurrent weak references 0.239ms
[2026-04-03T02:00:06.716+0600][17.092s][info][gc,start    ] GC(10) Concurrent weak roots
[2026-04-03T02:00:06.716+0600][17.092s][info][gc,task     ] GC(10) Using 3 of 6 workers for concurrent weak root
[2026-04-03T02:00:06.717+0600][17.093s][info][gc          ] GC(10) Concurrent weak roots 1.747ms
[2026-04-03T02:00:06.717+0600][17.093s][info][gc,start    ] GC(10) Concurrent cleanup
[2026-04-03T02:00:06.718+0600][17.094s][info][gc          ] GC(10) Concurrent cleanup 950M->946M(957M) 0.142ms
[2026-04-03T02:00:06.718+0600][17.094s][info][gc,ergo     ] GC(10) Free: 238M, Max: 512K regular, 232M humongous, Frag: 3% external, 0% internal; Reserve: 63971K, Max: 512K
[2026-04-03T02:00:06.718+0600][17.094s][info][gc,start    ] GC(10) Concurrent class unloading
[2026-04-03T02:00:06.718+0600][17.094s][info][gc,task     ] GC(10) Using 3 of 6 workers for concurrent class unloading
[2026-04-03T02:00:06.723+0600][17.099s][info][gc          ] GC(10) Concurrent class unloading 5.810ms
[2026-04-03T02:00:06.724+0600][17.100s][info][gc,start    ] GC(10) Concurrent strong roots
[2026-04-03T02:00:06.724+0600][17.100s][info][gc,task     ] GC(10) Using 3 of 6 workers for concurrent strong root
[2026-04-03T02:00:06.724+0600][17.100s][info][gc          ] GC(10) Concurrent strong roots 0.768ms
[2026-04-03T02:00:06.724+0600][17.100s][info][gc,start    ] GC(10) Concurrent evacuation
[2026-04-03T02:00:06.724+0600][17.100s][info][gc,task     ] GC(10) Using 3 of 6 workers for concurrent evacuation
[2026-04-03T02:00:06.768+0600][17.144s][info][gc          ] GC(10) Concurrent evacuation 43.844ms
[2026-04-03T02:00:06.769+0600][17.145s][info][gc,start    ] GC(10) Pause Init Update Refs
[2026-04-03T02:00:06.769+0600][17.145s][info][gc,ergo     ] GC(10) Pacer for Update Refs. Used: 1037M, Free: 190M, Non-Taxable: 19526K, Alloc Tax Rate: 6.7x
[2026-04-03T02:00:06.769+0600][17.145s][info][gc          ] GC(10) Pause Init Update Refs 0.115ms
[2026-04-03T02:00:06.769+0600][17.145s][info][gc,start    ] GC(10) Concurrent update references
[2026-04-03T02:00:06.769+0600][17.145s][info][gc,task     ] GC(10) Using 3 of 6 workers for concurrent reference update
[2026-04-03T02:00:06.852+0600][17.228s][info][gc          ] GC(10) Concurrent update references 83.605ms
[2026-04-03T02:00:06.852+0600][17.229s][info][gc,start    ] GC(10) Concurrent update thread roots
[2026-04-03T02:00:06.853+0600][17.229s][info][gc          ] GC(10) Concurrent update thread roots 0.713ms
[2026-04-03T02:00:06.853+0600][17.229s][info][gc,start    ] GC(10) Pause Final Update Refs
[2026-04-03T02:00:06.853+0600][17.230s][info][gc,task     ] GC(10) Using 6 of 6 workers for final reference update
[2026-04-03T02:00:06.854+0600][17.230s][info][gc          ] GC(10) Pause Final Update Refs 0.173ms
[2026-04-03T02:00:06.854+0600][17.230s][info][gc,start    ] GC(10) Concurrent cleanup
[2026-04-03T02:00:06.854+0600][17.230s][info][gc          ] GC(10) Concurrent cleanup 1095M->326M(1099M) 0.367ms
[2026-04-03T02:00:06.854+0600][17.230s][info][gc,ergo     ] Free: 857M, Max: 512K regular, 281M humongous, Frag: 68% external, 0% internal; Reserve: 64000K, Max: 512K
[2026-04-03T02:00:06.854+0600][17.230s][info][gc,stats    ] 
[2026-04-03T02:00:06.854+0600][17.230s][info][gc,stats    ] All times are wall-clock times, except per-root-class counters, that are sum over
[2026-04-03T02:00:06.854+0600][17.230s][info][gc,stats    ] all workers. Dividing the <total> over the root stage time estimates parallelism.
[2026-04-03T02:00:06.854+0600][17.230s][info][gc,stats    ] 
[2026-04-03T02:00:06.854+0600][17.230s][info][gc,stats    ] Concurrent Reset                   1139 us
[2026-04-03T02:00:06.854+0600][17.230s][info][gc,stats    ] Pause Init Mark (G)                 409 us
[2026-04-03T02:00:06.854+0600][17.230s][info][gc,stats    ] Pause Init Mark (N)                  98 us
[2026-04-03T02:00:06.854+0600][17.230s][info][gc,stats    ]   Update Region States               18 us
[2026-04-03T02:00:06.854+0600][17.230s][info][gc,stats    ] Concurrent Mark Roots               676 us, parallelism: 1.50x
[2026-04-03T02:00:06.854+0600][17.230s][info][gc,stats    ]   CMR: <total>                     1013 us
[2026-04-03T02:00:06.854+0600][17.230s][info][gc,stats    ]   CMR: Thread Roots                 727 us, workers (us): 105, 353, 269, ---, ---, ---, 
[2026-04-03T02:00:06.854+0600][17.230s][info][gc,stats    ]   CMR: VM Strong Roots               22 us, workers (us):  21,   1,   1, ---, ---, ---, 
[2026-04-03T02:00:06.854+0600][17.230s][info][gc,stats    ]   CMR: CLDG Roots                   264 us, workers (us): 264, ---, ---, ---, ---, ---, 
[2026-04-03T02:00:06.854+0600][17.230s][info][gc,stats    ] Concurrent Marking                90507 us
[2026-04-03T02:00:06.854+0600][17.230s][info][gc,stats    ] Pause Final Mark (G)               1149 us
[2026-04-03T02:00:06.854+0600][17.230s][info][gc,stats    ] Pause Final Mark (N)                900 us
[2026-04-03T02:00:06.854+0600][17.230s][info][gc,stats    ]   Finish Mark                       270 us
[2026-04-03T02:00:06.854+0600][17.230s][info][gc,stats    ]   Update Region States               38 us
[2026-04-03T02:00:06.854+0600][17.230s][info][gc,stats    ]   Choose Collection Set             421 us
[2026-04-03T02:00:06.854+0600][17.230s][info][gc,stats    ]   Rebuild Free Set                   22 us
[2026-04-03T02:00:06.854+0600][17.230s][info][gc,stats    ] Concurrent Thread Roots             561 us, parallelism: 1.64x
[2026-04-03T02:00:06.854+0600][17.230s][info][gc,stats    ]   CTR: <total>                      920 us
[2026-04-03T02:00:06.854+0600][17.230s][info][gc,stats    ]   CTR: Thread Roots                 920 us, workers (us): 315, 303, 302, ---, ---, ---, 
[2026-04-03T02:00:06.854+0600][17.230s][info][gc,stats    ] Concurrent Weak References          251 us, parallelism: 0.74x
[2026-04-03T02:00:06.854+0600][17.230s][info][gc,stats    ]   CWRF: <total>                     187 us
[2026-04-03T02:00:06.854+0600][17.230s][info][gc,stats    ]   CWRF: Weak References             187 us, workers (us):  92,  93,   1, ---, ---, ---, 
[2026-04-03T02:00:06.854+0600][17.230s][info][gc,stats    ] Concurrent Weak Roots              1806 us
[2026-04-03T02:00:06.854+0600][17.230s][info][gc,stats    ]   Roots                            1471 us, parallelism: 2.22x
[2026-04-03T02:00:06.854+0600][17.230s][info][gc,stats    ]     CWR: <total>                   3258 us
[2026-04-03T02:00:06.854+0600][17.231s][info][gc,stats    ]     CWR: Code Cache Roots          2132 us, workers (us): 660, 776, 696, ---, ---, ---, 
[2026-04-03T02:00:06.854+0600][17.231s][info][gc,stats    ]     CWR: VM Weak Roots             1084 us, workers (us): 366, 362, 355, ---, ---, ---, 
[2026-04-03T02:00:06.854+0600][17.231s][info][gc,stats    ]     CWR: CLDG Roots                  43 us, workers (us):  43, ---, ---, ---, ---, ---, 
[2026-04-03T02:00:06.854+0600][17.231s][info][gc,stats    ]   Rendezvous                        249 us
[2026-04-03T02:00:06.855+0600][17.231s][info][gc,stats    ] Concurrent Cleanup                  155 us
[2026-04-03T02:00:06.855+0600][17.231s][info][gc,stats    ] Concurrent Class Unloading         5889 us
[2026-04-03T02:00:06.855+0600][17.231s][info][gc,stats    ]   Unlink Stale                     4072 us
[2026-04-03T02:00:06.855+0600][17.231s][info][gc,stats    ]     System Dictionary                95 us
[2026-04-03T02:00:06.855+0600][17.231s][info][gc,stats    ]     Weak Class Links                  0 us
[2026-04-03T02:00:06.855+0600][17.231s][info][gc,stats    ]     Code Roots                     3972 us
[2026-04-03T02:00:06.855+0600][17.231s][info][gc,stats    ]   Rendezvous                        200 us
[2026-04-03T02:00:06.855+0600][17.231s][info][gc,stats    ]   Purge Unlinked                   1489 us
[2026-04-03T02:00:06.855+0600][17.231s][info][gc,stats    ]     Code Roots                     1476 us
[2026-04-03T02:00:06.855+0600][17.231s][info][gc,stats    ]     CLDG                             11 us
[2026-04-03T02:00:06.855+0600][17.231s][info][gc,stats    ]     Exception Caches                  0 us
[2026-04-03T02:00:06.855+0600][17.231s][info][gc,stats    ] Concurrent Strong Roots             810 us, parallelism: 0.64x
[2026-04-03T02:00:06.855+0600][17.231s][info][gc,stats    ]   CSR: <total>                      522 us
[2026-04-03T02:00:06.855+0600][17.231s][info][gc,stats    ]   CSR: VM Strong Roots               25 us, workers (us):  16,   8,   0, ---, ---, ---, 
[2026-04-03T02:00:06.855+0600][17.231s][info][gc,stats    ]   CSR: CLDG Roots                   498 us, workers (us): ---, 498, ---, ---, ---, ---, 
[2026-04-03T02:00:06.855+0600][17.231s][info][gc,stats    ] Concurrent Evacuation             43933 us
[2026-04-03T02:00:06.855+0600][17.231s][info][gc,stats    ] Pause Init Update Refs (G)          524 us
[2026-04-03T02:00:06.855+0600][17.231s][info][gc,stats    ] Pause Init Update Refs (N)          127 us
[2026-04-03T02:00:06.855+0600][17.231s][info][gc,stats    ]   Manage GCLABs                      20 us
[2026-04-03T02:00:06.855+0600][17.231s][info][gc,stats    ] Concurrent Update Refs            83690 us
[2026-04-03T02:00:06.855+0600][17.231s][info][gc,stats    ] Concurrent Update Thread Roots      751 us
[2026-04-03T02:00:06.855+0600][17.231s][info][gc,stats    ] Pause Final Update Refs (G)         450 us
[2026-04-03T02:00:06.855+0600][17.231s][info][gc,stats    ] Pause Final Update Refs (N)         186 us
[2026-04-03T02:00:06.855+0600][17.231s][info][gc,stats    ]   Update Region States               40 us
[2026-04-03T02:00:06.855+0600][17.231s][info][gc,stats    ]   Trash Collection Set               19 us
[2026-04-03T02:00:06.855+0600][17.231s][info][gc,stats    ]   Rebuild Free Set                   25 us
[2026-04-03T02:00:06.855+0600][17.231s][info][gc,stats    ] Concurrent Cleanup                  388 us
[2026-04-03T02:00:06.855+0600][17.231s][info][gc,stats    ] Pacing                            52785 us
[2026-04-03T02:00:06.855+0600][17.231s][info][gc,stats    ] 
[2026-04-03T02:00:06.855+0600][17.231s][info][gc,stats    ] Allocation pacing accrued:
[2026-04-03T02:00:06.855+0600][17.231s][info][gc,stats    ]      10 of   900 ms (  1.1%): Spark Context Cleaner
[2026-04-03T02:00:06.855+0600][17.231s][info][gc,stats    ]      21 of   900 ms (  2.4%): Executor task launch worker for task 0.0 in stage 1.0 (TID 1)
[2026-04-03T02:00:06.855+0600][17.231s][info][gc,stats    ]      21 of   900 ms (  2.4%): Executor task launch worker for task 1.0 in stage 1.0 (TID 2)
[2026-04-03T02:00:06.855+0600][17.231s][info][gc,stats    ]      53 of   900 ms (  5.9%): <total>
[2026-04-03T02:00:06.855+0600][17.231s][info][gc,stats    ]       1 of   900 ms (  0.1%): <average total>
[2026-04-03T02:00:06.855+0600][17.231s][info][gc,stats    ]      18 of   900 ms (  2.0%): <average non-zero>
[2026-04-03T02:00:06.855+0600][17.231s][info][gc,stats    ] 
[2026-04-03T02:00:06.855+0600][17.231s][info][gc,metaspace] Metaspace: 64030K(64768K)->64038K(64832K) NonClass: 55923K(56320K)->55931K(56384K) Class: 8106K(8448K)->8106K(8448K)
[2026-04-03T02:00:06.855+0600][17.231s][info][gc,ergo     ] Pacer for Idle. Initial: 25600K, Alloc Tax Rate: 1.0x
[2026-04-03T02:00:06.957+0600][17.333s][info][gc          ] Trigger: Average GC time (289.76 ms) is above the time for average allocation rate (1865 MB/s) to deplete free headroom (517M) (margin of error = 1.82)
[2026-04-03T02:00:06.957+0600][17.333s][info][gc,ergo     ] Free headroom: 579M (free) - 64000K (spike) - 0B (penalties) = 517M
[2026-04-03T02:00:06.957+0600][17.333s][info][gc,ergo     ] Free: 579M, Max: 512K regular, 281M humongous, Frag: 52% external, 0% internal; Reserve: 64000K, Max: 512K
[2026-04-03T02:00:06.957+0600][17.333s][info][gc,start    ] GC(11) Concurrent reset
[2026-04-03T02:00:06.957+0600][17.333s][info][gc,task     ] GC(11) Using 3 of 6 workers for concurrent reset
[2026-04-03T02:00:06.957+0600][17.333s][info][gc,ergo     ] GC(11) Pacer for Reset. Non-Taxable: 1250M
[2026-04-03T02:00:06.963+0600][17.339s][info][gc          ] GC(11) Concurrent reset 5.591ms
[2026-04-03T02:00:06.963+0600][17.339s][info][gc,start    ] GC(11) Pause Init Mark (unload classes)
[2026-04-03T02:00:06.963+0600][17.339s][info][gc,task     ] GC(11) Using 6 of 6 workers for init marking
[2026-04-03T02:00:06.963+0600][17.339s][info][gc,ergo     ] GC(11) Pacer for Mark. Expected Live: 88993K, Free: 570M, Non-Taxable: 58438K, Alloc Tax Rate: 0.2x
[2026-04-03T02:00:06.963+0600][17.339s][info][gc          ] GC(11) Pause Init Mark (unload classes) 0.114ms
[2026-04-03T02:00:06.963+0600][17.339s][info][gc,start    ] GC(11) Concurrent marking roots
[2026-04-03T02:00:06.963+0600][17.339s][info][gc,task     ] GC(11) Using 3 of 6 workers for concurrent marking roots
[2026-04-03T02:00:06.964+0600][17.340s][info][gc          ] GC(11) Concurrent marking roots 0.648ms
[2026-04-03T02:00:06.964+0600][17.340s][info][gc,start    ] GC(11) Concurrent marking (unload classes)
[2026-04-03T02:00:06.964+0600][17.340s][info][gc,task     ] GC(11) Using 3 of 6 workers for concurrent marking
[2026-04-03T02:00:07.048+0600][17.424s][info][gc          ] GC(11) Concurrent marking (unload classes) 84.588ms
[2026-04-03T02:00:07.049+0600][17.425s][info][gc,start    ] GC(11) Pause Final Mark (unload classes)
[2026-04-03T02:00:07.049+0600][17.425s][info][gc,task     ] GC(11) Using 6 of 6 workers for final marking
[2026-04-03T02:00:07.049+0600][17.425s][info][gc,ergo     ] GC(11) Adaptive CSet Selection. Target Free: 177M, Actual Free: 701M, Max CSet: 53333K, Min Garbage: 0B
[2026-04-03T02:00:07.049+0600][17.425s][info][gc,ergo     ] GC(11) Collectable Garbage: 443M (99%), Immediate: 190M (42%), CSet: 253M (56%)
[2026-04-03T02:00:07.049+0600][17.425s][info][gc,ergo     ] GC(11) Pacer for Evacuation. Used CSet: 274M, Free: 639M, Non-Taxable: 65504K, Alloc Tax Rate: 1.1x
[2026-04-03T02:00:07.049+0600][17.425s][info][gc          ] GC(11) Pause Final Mark (unload classes) 0.624ms
[2026-04-03T02:00:07.049+0600][17.425s][info][gc,start    ] GC(11) Concurrent thread roots
[2026-04-03T02:00:07.049+0600][17.425s][info][gc,task     ] GC(11) Using 3 of 6 workers for Concurrent thread roots
[2026-04-03T02:00:07.050+0600][17.426s][info][gc          ] GC(11) Concurrent thread roots 0.495ms
[2026-04-03T02:00:07.050+0600][17.426s][info][gc,start    ] GC(11) Concurrent weak references
[2026-04-03T02:00:07.050+0600][17.426s][info][gc,task     ] GC(11) Using 3 of 6 workers for concurrent weak references
[2026-04-03T02:00:07.050+0600][17.426s][info][gc,ref      ] GC(11) Encountered references: Soft: 3150, Weak: 5290, Final: 82, Phantom: 594
[2026-04-03T02:00:07.050+0600][17.426s][info][gc,ref      ] GC(11) Discovered  references: Soft: 0, Weak: 2433, Final: 2, Phantom: 591
[2026-04-03T02:00:07.050+0600][17.426s][info][gc,ref      ] GC(11) Enqueued    references: Soft: 0, Weak: 0, Final: 0, Phantom: 0
[2026-04-03T02:00:07.050+0600][17.426s][info][gc          ] GC(11) Concurrent weak references 0.344ms
[2026-04-03T02:00:07.050+0600][17.426s][info][gc,start    ] GC(11) Concurrent weak roots
[2026-04-03T02:00:07.050+0600][17.426s][info][gc,task     ] GC(11) Using 3 of 6 workers for concurrent weak root
[2026-04-03T02:00:07.052+0600][17.428s][info][gc          ] GC(11) Concurrent weak roots 1.330ms
[2026-04-03T02:00:07.052+0600][17.428s][info][gc,start    ] GC(11) Concurrent cleanup
[2026-04-03T02:00:07.052+0600][17.428s][info][gc          ] GC(11) Concurrent cleanup 736M->547M(1099M) 0.194ms
[2026-04-03T02:00:07.052+0600][17.428s][info][gc,ergo     ] GC(11) Free: 637M, Max: 512K regular, 281M humongous, Frag: 56% external, 0% internal; Reserve: 63995K, Max: 512K
[2026-04-03T02:00:07.052+0600][17.428s][info][gc,start    ] GC(11) Concurrent class unloading
[2026-04-03T02:00:07.052+0600][17.428s][info][gc,task     ] GC(11) Using 3 of 6 workers for concurrent class unloading
[2026-04-03T02:00:07.055+0600][17.431s][info][gc          ] GC(11) Concurrent class unloading 3.313ms
[2026-04-03T02:00:07.055+0600][17.431s][info][gc,start    ] GC(11) Concurrent strong roots
[2026-04-03T02:00:07.055+0600][17.431s][info][gc,task     ] GC(11) Using 3 of 6 workers for concurrent strong root
[2026-04-03T02:00:07.056+0600][17.432s][info][gc          ] GC(11) Concurrent strong roots 0.490ms
[2026-04-03T02:00:07.056+0600][17.432s][info][gc,start    ] GC(11) Concurrent evacuation
[2026-04-03T02:00:07.056+0600][17.432s][info][gc,task     ] GC(11) Using 3 of 6 workers for concurrent evacuation
[2026-04-03T02:00:07.074+0600][17.450s][info][gc          ] GC(11) Concurrent evacuation 18.471ms
[2026-04-03T02:00:07.079+0600][17.455s][info][gc,start    ] GC(11) Pause Init Update Refs
[2026-04-03T02:00:07.079+0600][17.455s][info][gc,ergo     ] GC(11) Pacer for Update Refs. Used: 601M, Free: 605M, Non-Taxable: 61971K, Alloc Tax Rate: 1.2x
[2026-04-03T02:00:07.079+0600][17.455s][info][gc          ] GC(11) Pause Init Update Refs 0.137ms
[2026-04-03T02:00:07.079+0600][17.455s][info][gc,start    ] GC(11) Concurrent update references
[2026-04-03T02:00:07.079+0600][17.455s][info][gc,task     ] GC(11) Using 3 of 6 workers for concurrent reference update
[2026-04-03T02:00:07.174+0600][17.550s][info][gc          ] GC(11) Concurrent update references 94.790ms
[2026-04-03T02:00:07.174+0600][17.550s][info][gc,start    ] GC(11) Concurrent update thread roots
[2026-04-03T02:00:07.175+0600][17.551s][info][gc          ] GC(11) Concurrent update thread roots 0.829ms
[2026-04-03T02:00:07.175+0600][17.551s][info][gc,start    ] GC(11) Pause Final Update Refs
[2026-04-03T02:00:07.175+0600][17.551s][info][gc,task     ] GC(11) Using 6 of 6 workers for final reference update
[2026-04-03T02:00:07.175+0600][17.552s][info][gc          ] GC(11) Pause Final Update Refs 0.189ms
[2026-04-03T02:00:07.176+0600][17.552s][info][gc,start    ] GC(11) Concurrent cleanup
[2026-04-03T02:00:07.176+0600][17.552s][info][gc          ] GC(11) Concurrent cleanup 662M->388M(1119M) 0.307ms
[2026-04-03T02:00:07.176+0600][17.552s][info][gc,ergo     ] Free: 796M, Max: 512K regular, 499M humongous, Frag: 38% external, 0% internal; Reserve: 64000K, Max: 512K
[2026-04-03T02:00:07.176+0600][17.552s][info][gc,stats    ] 
[2026-04-03T02:00:07.176+0600][17.552s][info][gc,stats    ] All times are wall-clock times, except per-root-class counters, that are sum over
[2026-04-03T02:00:07.176+0600][17.552s][info][gc,stats    ] all workers. Dividing the <total> over the root stage time estimates parallelism.
[2026-04-03T02:00:07.176+0600][17.552s][info][gc,stats    ] 
[2026-04-03T02:00:07.176+0600][17.552s][info][gc,stats    ] Concurrent Reset                   5660 us
[2026-04-03T02:00:07.176+0600][17.552s][info][gc,stats    ] Pause Init Mark (G)                 351 us
[2026-04-03T02:00:07.176+0600][17.552s][info][gc,stats    ] Pause Init Mark (N)                 121 us
[2026-04-03T02:00:07.176+0600][17.552s][info][gc,stats    ]   Update Region States               24 us
[2026-04-03T02:00:07.176+0600][17.552s][info][gc,stats    ] Concurrent Mark Roots               680 us, parallelism: 1.20x
[2026-04-03T02:00:07.176+0600][17.552s][info][gc,stats    ]   CMR: <total>                      813 us
[2026-04-03T02:00:07.176+0600][17.552s][info][gc,stats    ]   CMR: Thread Roots                 562 us, workers (us):  82, 240, 240, ---, ---, ---, 
[2026-04-03T02:00:07.176+0600][17.552s][info][gc,stats    ]   CMR: VM Strong Roots               30 us, workers (us):  28,   1,   1, ---, ---, ---, 
[2026-04-03T02:00:07.176+0600][17.552s][info][gc,stats    ]   CMR: CLDG Roots                   222 us, workers (us): 222, ---, ---, ---, ---, ---, 
[2026-04-03T02:00:07.176+0600][17.552s][info][gc,stats    ] Concurrent Marking                84669 us
[2026-04-03T02:00:07.176+0600][17.552s][info][gc,stats    ] Pause Final Mark (G)                818 us
[2026-04-03T02:00:07.176+0600][17.552s][info][gc,stats    ] Pause Final Mark (N)                634 us
[2026-04-03T02:00:07.176+0600][17.552s][info][gc,stats    ]   Finish Mark                       300 us
[2026-04-03T02:00:07.176+0600][17.552s][info][gc,stats    ]   Update Region States               28 us
[2026-04-03T02:00:07.176+0600][17.552s][info][gc,stats    ]   Choose Collection Set             193 us
[2026-04-03T02:00:07.176+0600][17.552s][info][gc,stats    ]   Rebuild Free Set                   23 us
[2026-04-03T02:00:07.176+0600][17.552s][info][gc,stats    ] Concurrent Thread Roots             524 us, parallelism: 1.17x
[2026-04-03T02:00:07.176+0600][17.552s][info][gc,stats    ]   CTR: <total>                      615 us
[2026-04-03T02:00:07.176+0600][17.552s][info][gc,stats    ]   CTR: Thread Roots                 615 us, workers (us): 261, 179, 175, ---, ---, ---, 
[2026-04-03T02:00:07.176+0600][17.552s][info][gc,stats    ] Concurrent Weak References          354 us, parallelism: 0.65x
[2026-04-03T02:00:07.176+0600][17.552s][info][gc,stats    ]   CWRF: <total>                     230 us
[2026-04-03T02:00:07.176+0600][17.552s][info][gc,stats    ]   CWRF: Weak References             230 us, workers (us): 151,  25,  54, ---, ---, ---, 
[2026-04-03T02:00:07.176+0600][17.552s][info][gc,stats    ] Concurrent Weak Roots              1377 us
[2026-04-03T02:00:07.176+0600][17.552s][info][gc,stats    ]   Roots                            1127 us, parallelism: 2.17x
[2026-04-03T02:00:07.176+0600][17.552s][info][gc,stats    ]     CWR: <total>                   2450 us
[2026-04-03T02:00:07.176+0600][17.552s][info][gc,stats    ]     CWR: Code Cache Roots          1413 us, workers (us): 398, 486, 529, ---, ---, ---, 
[2026-04-03T02:00:07.176+0600][17.553s][info][gc,stats    ]     CWR: VM Weak Roots              899 us, workers (us): 350, 276, 273, ---, ---, ---, 
[2026-04-03T02:00:07.176+0600][17.553s][info][gc,stats    ]     CWR: CLDG Roots                 138 us, workers (us): 138, ---, ---, ---, ---, ---, 
[2026-04-03T02:00:07.176+0600][17.553s][info][gc,stats    ]   Rendezvous                        182 us
[2026-04-03T02:00:07.176+0600][17.553s][info][gc,stats    ] Concurrent Cleanup                  207 us
[2026-04-03T02:00:07.177+0600][17.553s][info][gc,stats    ] Concurrent Class Unloading         3369 us
[2026-04-03T02:00:07.177+0600][17.553s][info][gc,stats    ]   Unlink Stale                     3006 us
[2026-04-03T02:00:07.177+0600][17.553s][info][gc,stats    ]     System Dictionary                99 us
[2026-04-03T02:00:07.177+0600][17.553s][info][gc,stats    ]     Weak Class Links                  0 us
[2026-04-03T02:00:07.177+0600][17.553s][info][gc,stats    ]     Code Roots                     2897 us
[2026-04-03T02:00:07.177+0600][17.553s][info][gc,stats    ]   Rendezvous                        170 us
[2026-04-03T02:00:07.177+0600][17.553s][info][gc,stats    ]   Purge Unlinked                    111 us
[2026-04-03T02:00:07.177+0600][17.553s][info][gc,stats    ]     Code Roots                      104 us
[2026-04-03T02:00:07.177+0600][17.553s][info][gc,stats    ]     CLDG                              6 us
[2026-04-03T02:00:07.177+0600][17.553s][info][gc,stats    ]     Exception Caches                  0 us
[2026-04-03T02:00:07.177+0600][17.553s][info][gc,stats    ] Concurrent Strong Roots             531 us, parallelism: 0.61x
[2026-04-03T02:00:07.177+0600][17.553s][info][gc,stats    ]   CSR: <total>                      322 us
[2026-04-03T02:00:07.177+0600][17.553s][info][gc,stats    ]   CSR: VM Strong Roots               16 us, workers (us):  14,   1,   0, ---, ---, ---, 
[2026-04-03T02:00:07.177+0600][17.553s][info][gc,stats    ]   CSR: CLDG Roots                   307 us, workers (us): 307, ---, ---, ---, ---, ---, 
[2026-04-03T02:00:07.177+0600][17.553s][info][gc,stats    ] Concurrent Evacuation             18553 us
[2026-04-03T02:00:07.177+0600][17.553s][info][gc,stats    ] Pause Init Update Refs (G)         4896 us
[2026-04-03T02:00:07.177+0600][17.553s][info][gc,stats    ] Pause Init Update Refs (N)          151 us
[2026-04-03T02:00:07.177+0600][17.553s][info][gc,stats    ]   Manage GCLABs                      19 us
[2026-04-03T02:00:07.177+0600][17.553s][info][gc,stats    ] Concurrent Update Refs            94904 us
[2026-04-03T02:00:07.177+0600][17.553s][info][gc,stats    ] Concurrent Update Thread Roots      887 us
[2026-04-03T02:00:07.177+0600][17.553s][info][gc,stats    ] Pause Final Update Refs (G)         762 us
[2026-04-03T02:00:07.177+0600][17.553s][info][gc,stats    ] Pause Final Update Refs (N)         200 us
[2026-04-03T02:00:07.177+0600][17.553s][info][gc,stats    ]   Update Region States               41 us
[2026-04-03T02:00:07.177+0600][17.553s][info][gc,stats    ]   Trash Collection Set               14 us
[2026-04-03T02:00:07.177+0600][17.553s][info][gc,stats    ]   Rebuild Free Set                   29 us
[2026-04-03T02:00:07.177+0600][17.553s][info][gc,stats    ] Concurrent Cleanup                  338 us
[2026-04-03T02:00:07.177+0600][17.553s][info][gc,stats    ] Pacing                            42794 us
[2026-04-03T02:00:07.177+0600][17.553s][info][gc,stats    ] 
[2026-04-03T02:00:07.177+0600][17.553s][info][gc,stats    ] Allocation pacing accrued:
[2026-04-03T02:00:07.177+0600][17.553s][info][gc,stats    ]      21 of   322 ms (  6.6%): Executor task launch worker for task 0.0 in stage 1.0 (TID 1)
[2026-04-03T02:00:07.177+0600][17.553s][info][gc,stats    ]      22 of   322 ms (  6.7%): Executor task launch worker for task 1.0 in stage 1.0 (TID 2)
[2026-04-03T02:00:07.177+0600][17.553s][info][gc,stats    ]      43 of   322 ms ( 13.3%): <total>
[2026-04-03T02:00:07.177+0600][17.553s][info][gc,stats    ]       1 of   322 ms (  0.2%): <average total>
[2026-04-03T02:00:07.177+0600][17.553s][info][gc,stats    ]      21 of   322 ms (  6.6%): <average non-zero>
[2026-04-03T02:00:07.177+0600][17.553s][info][gc,stats    ] 
[2026-04-03T02:00:07.177+0600][17.553s][info][gc,metaspace] Metaspace: 64038K(64832K)->64124K(64832K) NonClass: 55931K(56384K)->56005K(56384K) Class: 8106K(8448K)->8119K(8448K)
[2026-04-03T02:00:07.177+0600][17.553s][info][gc,ergo     ] Pacer for Idle. Initial: 25600K, Alloc Tax Rate: 1.0x
[2026-04-03T02:00:07.450+0600][17.826s][info][gc          ] Trigger: Average GC time (283.15 ms) is above the time for average allocation rate (1339 MB/s) to deplete free headroom (378M) (margin of error = 1.85)
[2026-04-03T02:00:07.450+0600][17.826s][info][gc,ergo     ] Free headroom: 441M (free) - 64000K (spike) - 0B (penalties) = 378M
[2026-04-03T02:00:07.450+0600][17.826s][info][gc,ergo     ] Free: 441M, Max: 512K regular, 346M humongous, Frag: 22% external, 0% internal; Reserve: 64000K, Max: 512K
[2026-04-03T02:00:07.450+0600][17.826s][info][gc,start    ] GC(12) Concurrent reset
[2026-04-03T02:00:07.450+0600][17.826s][info][gc,task     ] GC(12) Using 3 of 6 workers for concurrent reset
[2026-04-03T02:00:07.450+0600][17.826s][info][gc,ergo     ] GC(12) Pacer for Reset. Non-Taxable: 1250M
[2026-04-03T02:00:07.451+0600][17.827s][info][gc          ] GC(12) Concurrent reset 1.044ms
[2026-04-03T02:00:07.452+0600][17.828s][info][gc,start    ] GC(12) Pause Init Mark (unload classes)
[2026-04-03T02:00:07.452+0600][17.828s][info][gc,task     ] GC(12) Using 6 of 6 workers for init marking
[2026-04-03T02:00:07.452+0600][17.828s][info][gc,ergo     ] GC(12) Pacer for Mark. Expected Live: 112M, Free: 439M, Non-Taxable: 45024K, Alloc Tax Rate: 0.3x
[2026-04-03T02:00:07.452+0600][17.828s][info][gc          ] GC(12) Pause Init Mark (unload classes) 0.088ms
[2026-04-03T02:00:07.452+0600][17.828s][info][gc,start    ] GC(12) Concurrent marking roots
[2026-04-03T02:00:07.452+0600][17.828s][info][gc,task     ] GC(12) Using 3 of 6 workers for concurrent marking roots
[2026-04-03T02:00:07.452+0600][17.828s][info][gc          ] GC(12) Concurrent marking roots 0.632ms
[2026-04-03T02:00:07.452+0600][17.828s][info][gc,start    ] GC(12) Concurrent marking (unload classes)
[2026-04-03T02:00:07.452+0600][17.828s][info][gc,task     ] GC(12) Using 3 of 6 workers for concurrent marking
[2026-04-03T02:00:07.522+0600][17.898s][info][gc          ] GC(12) Concurrent marking (unload classes) 69.857ms
[2026-04-03T02:00:07.522+0600][17.898s][info][gc,start    ] GC(12) Pause Final Mark (unload classes)
[2026-04-03T02:00:07.522+0600][17.898s][info][gc,task     ] GC(12) Using 6 of 6 workers for final marking
[2026-04-03T02:00:07.523+0600][17.899s][info][gc,ergo     ] GC(12) Adaptive CSet Selection. Target Free: 177M, Actual Free: 918M, Max CSet: 53333K, Min Garbage: 0B
[2026-04-03T02:00:07.523+0600][17.899s][info][gc,ergo     ] GC(12) Collectable Garbage: 569M (99%), Immediate: 471M (82%), CSet: 100057K (17%)
[2026-04-03T02:00:07.523+0600][17.899s][info][gc,ergo     ] GC(12) Pacer for Evacuation. Used CSet: 106M, Free: 856M, Non-Taxable: 87725K, Alloc Tax Rate: 1.1x
[2026-04-03T02:00:07.523+0600][17.899s][info][gc          ] GC(12) Pause Final Mark (unload classes) 0.633ms
[2026-04-03T02:00:07.523+0600][17.899s][info][gc,start    ] GC(12) Concurrent thread roots
[2026-04-03T02:00:07.523+0600][17.899s][info][gc,task     ] GC(12) Using 3 of 6 workers for Concurrent thread roots
[2026-04-03T02:00:07.524+0600][17.900s][info][gc          ] GC(12) Concurrent thread roots 0.512ms
[2026-04-03T02:00:07.524+0600][17.900s][info][gc,start    ] GC(12) Concurrent weak references
[2026-04-03T02:00:07.524+0600][17.900s][info][gc,task     ] GC(12) Using 3 of 6 workers for concurrent weak references
[2026-04-03T02:00:07.524+0600][17.900s][info][gc,ref      ] GC(12) Encountered references: Soft: 3159, Weak: 5427, Final: 82, Phantom: 593
[2026-04-03T02:00:07.524+0600][17.900s][info][gc,ref      ] GC(12) Discovered  references: Soft: 0, Weak: 522, Final: 0, Phantom: 590
[2026-04-03T02:00:07.524+0600][17.900s][info][gc,ref      ] GC(12) Enqueued    references: Soft: 0, Weak: 56, Final: 0, Phantom: 0
[2026-04-03T02:00:07.524+0600][17.900s][info][gc          ] GC(12) Concurrent weak references 0.345ms
[2026-04-03T02:00:07.524+0600][17.900s][info][gc,start    ] GC(12) Concurrent weak roots
[2026-04-03T02:00:07.524+0600][17.900s][info][gc,task     ] GC(12) Using 3 of 6 workers for concurrent weak root
[2026-04-03T02:00:07.526+0600][17.902s][info][gc          ] GC(12) Concurrent weak roots 2.111ms
[2026-04-03T02:00:07.526+0600][17.902s][info][gc,start    ] GC(12) Concurrent cleanup
[2026-04-03T02:00:07.526+0600][17.903s][info][gc          ] GC(12) Concurrent cleanup 802M->331M(1119M) 0.264ms
[2026-04-03T02:00:07.527+0600][17.903s][info][gc,ergo     ] GC(12) Free: 854M, Max: 512K regular, 386M humongous, Frag: 55% external, 0% internal; Reserve: 63488K, Max: 512K
[2026-04-03T02:00:07.527+0600][17.903s][info][gc,start    ] GC(12) Concurrent class unloading
[2026-04-03T02:00:07.527+0600][17.903s][info][gc,task     ] GC(12) Using 3 of 6 workers for concurrent class unloading
[2026-04-03T02:00:07.531+0600][17.907s][info][gc          ] GC(12) Concurrent class unloading 4.024ms
[2026-04-03T02:00:07.531+0600][17.907s][info][gc,start    ] GC(12) Concurrent strong roots
[2026-04-03T02:00:07.531+0600][17.907s][info][gc,task     ] GC(12) Using 3 of 6 workers for concurrent strong root
[2026-04-03T02:00:07.532+0600][17.908s][info][gc          ] GC(12) Concurrent strong roots 1.110ms
[2026-04-03T02:00:07.532+0600][17.908s][info][gc,start    ] GC(12) Concurrent evacuation
[2026-04-03T02:00:07.532+0600][17.908s][info][gc,task     ] GC(12) Using 3 of 6 workers for concurrent evacuation
[2026-04-03T02:00:07.539+0600][17.915s][info][gc          ] GC(12) Concurrent evacuation 7.295ms
[2026-04-03T02:00:07.539+0600][17.915s][info][gc,start    ] GC(12) Pause Init Update Refs
[2026-04-03T02:00:07.540+0600][17.916s][info][gc,ergo     ] GC(12) Pacer for Update Refs. Used: 347M, Free: 847M, Non-Taxable: 86752K, Alloc Tax Rate: 1.1x
[2026-04-03T02:00:07.540+0600][17.916s][info][gc          ] GC(12) Pause Init Update Refs 0.126ms
[2026-04-03T02:00:07.540+0600][17.916s][info][gc,start    ] GC(12) Concurrent update references
[2026-04-03T02:00:07.540+0600][17.916s][info][gc,task     ] GC(12) Using 3 of 6 workers for concurrent reference update
[2026-04-03T02:00:07.606+0600][17.982s][info][gc          ] GC(12) Concurrent update references 66.145ms
[2026-04-03T02:00:07.606+0600][17.982s][info][gc,start    ] GC(12) Concurrent update thread roots
[2026-04-03T02:00:07.606+0600][17.983s][info][gc          ] GC(12) Concurrent update thread roots 0.576ms
[2026-04-03T02:00:07.607+0600][17.983s][info][gc,start    ] GC(12) Pause Final Update Refs
[2026-04-03T02:00:07.607+0600][17.983s][info][gc,task     ] GC(12) Using 6 of 6 workers for final reference update
[2026-04-03T02:00:07.607+0600][17.983s][info][gc          ] GC(12) Pause Final Update Refs 0.158ms
[2026-04-03T02:00:07.607+0600][17.983s][info][gc,start    ] GC(12) Concurrent cleanup
[2026-04-03T02:00:07.607+0600][17.983s][info][gc          ] GC(12) Concurrent cleanup 394M->288M(1127M) 0.192ms
[2026-04-03T02:00:07.607+0600][17.983s][info][gc,ergo     ] Free: 897M, Max: 512K regular, 380M humongous, Frag: 58% external, 0% internal; Reserve: 64000K, Max: 512K
[2026-04-03T02:00:07.607+0600][17.983s][info][gc,stats    ] 
[2026-04-03T02:00:07.607+0600][17.983s][info][gc,stats    ] All times are wall-clock times, except per-root-class counters, that are sum over
[2026-04-03T02:00:07.607+0600][17.983s][info][gc,stats    ] all workers. Dividing the <total> over the root stage time estimates parallelism.
[2026-04-03T02:00:07.607+0600][17.983s][info][gc,stats    ] 
[2026-04-03T02:00:07.607+0600][17.983s][info][gc,stats    ] Concurrent Reset                   1094 us
[2026-04-03T02:00:07.607+0600][17.983s][info][gc,stats    ] Pause Init Mark (G)                 390 us
[2026-04-03T02:00:07.607+0600][17.983s][info][gc,stats    ] Pause Init Mark (N)                  96 us
[2026-04-03T02:00:07.607+0600][17.983s][info][gc,stats    ]   Update Region States               12 us
[2026-04-03T02:00:07.607+0600][17.983s][info][gc,stats    ] Concurrent Mark Roots               655 us, parallelism: 1.56x
[2026-04-03T02:00:07.607+0600][17.983s][info][gc,stats    ]   CMR: <total>                     1020 us
[2026-04-03T02:00:07.607+0600][17.983s][info][gc,stats    ]   CMR: Thread Roots                 766 us, workers (us): 133, 324, 309, ---, ---, ---, 
[2026-04-03T02:00:07.607+0600][17.983s][info][gc,stats    ]   CMR: VM Strong Roots               55 us, workers (us):  54,   1,   0, ---, ---, ---, 
[2026-04-03T02:00:07.607+0600][17.983s][info][gc,stats    ]   CMR: CLDG Roots                   199 us, workers (us): 199, ---, ---, ---, ---, ---, 
[2026-04-03T02:00:07.607+0600][17.983s][info][gc,stats    ] Concurrent Marking                69926 us
[2026-04-03T02:00:07.607+0600][17.983s][info][gc,stats    ] Pause Final Mark (G)                814 us
[2026-04-03T02:00:07.607+0600][17.983s][info][gc,stats    ] Pause Final Mark (N)                645 us
[2026-04-03T02:00:07.607+0600][17.983s][info][gc,stats    ]   Finish Mark                       176 us
[2026-04-03T02:00:07.607+0600][17.983s][info][gc,stats    ]   Update Region States               96 us
[2026-04-03T02:00:07.607+0600][17.983s][info][gc,stats    ]   Choose Collection Set             190 us
[2026-04-03T02:00:07.607+0600][17.983s][info][gc,stats    ]   Rebuild Free Set                   25 us
[2026-04-03T02:00:07.607+0600][17.984s][info][gc,stats    ] Concurrent Thread Roots             545 us, parallelism: 1.91x
[2026-04-03T02:00:07.607+0600][17.984s][info][gc,stats    ]   CTR: <total>                     1043 us
[2026-04-03T02:00:07.607+0600][17.984s][info][gc,stats    ]   CTR: Thread Roots                1043 us, workers (us): 362, 348, 333, ---, ---, ---, 
[2026-04-03T02:00:07.607+0600][17.984s][info][gc,stats    ] Concurrent Weak References          357 us, parallelism: 0.54x
[2026-04-03T02:00:07.607+0600][17.984s][info][gc,stats    ]   CWRF: <total>                     195 us
[2026-04-03T02:00:07.608+0600][17.984s][info][gc,stats    ]   CWRF: Weak References             195 us, workers (us):  64,  63,  68, ---, ---, ---, 
[2026-04-03T02:00:07.608+0600][17.984s][info][gc,stats    ] Concurrent Weak Roots              2168 us
[2026-04-03T02:00:07.608+0600][17.984s][info][gc,stats    ]   Roots                            1952 us, parallelism: 2.57x
[2026-04-03T02:00:07.608+0600][17.984s][info][gc,stats    ]     CWR: <total>                   5011 us
[2026-04-03T02:00:07.608+0600][17.984s][info][gc,stats    ]     CWR: Code Cache Roots          2863 us, workers (us): 1015, 987, 861, ---, ---, ---, 
[2026-04-03T02:00:07.608+0600][17.984s][info][gc,stats    ]     CWR: VM Weak Roots             2103 us, workers (us): 707, 702, 693, ---, ---, ---, 
[2026-04-03T02:00:07.608+0600][17.984s][info][gc,stats    ]     CWR: CLDG Roots                  46 us, workers (us): ---, ---,  46, ---, ---, ---, 
[2026-04-03T02:00:07.608+0600][17.984s][info][gc,stats    ]   Rendezvous                        136 us
[2026-04-03T02:00:07.608+0600][17.984s][info][gc,stats    ] Concurrent Cleanup                  289 us
[2026-04-03T02:00:07.608+0600][17.984s][info][gc,stats    ] Concurrent Class Unloading         4086 us
[2026-04-03T02:00:07.608+0600][17.984s][info][gc,stats    ]   Unlink Stale                     3480 us
[2026-04-03T02:00:07.608+0600][17.984s][info][gc,stats    ]     System Dictionary                89 us
[2026-04-03T02:00:07.608+0600][17.984s][info][gc,stats    ]     Weak Class Links                  0 us
[2026-04-03T02:00:07.608+0600][17.984s][info][gc,stats    ]     Code Roots                     3387 us
[2026-04-03T02:00:07.608+0600][17.984s][info][gc,stats    ]   Rendezvous                        174 us
[2026-04-03T02:00:07.608+0600][17.984s][info][gc,stats    ]   Purge Unlinked                    344 us
[2026-04-03T02:00:07.608+0600][17.984s][info][gc,stats    ]     Code Roots                      334 us
[2026-04-03T02:00:07.608+0600][17.984s][info][gc,stats    ]     CLDG                              9 us
[2026-04-03T02:00:07.608+0600][17.984s][info][gc,stats    ]     Exception Caches                  0 us
[2026-04-03T02:00:07.608+0600][17.984s][info][gc,stats    ] Concurrent Strong Roots            1157 us, parallelism: 0.76x
[2026-04-03T02:00:07.608+0600][17.984s][info][gc,stats    ]   CSR: <total>                      884 us
[2026-04-03T02:00:07.608+0600][17.984s][info][gc,stats    ]   CSR: VM Strong Roots               38 us, workers (us):  37,   1,   0, ---, ---, ---, 
[2026-04-03T02:00:07.608+0600][17.984s][info][gc,stats    ]   CSR: CLDG Roots                   846 us, workers (us): 846, ---, ---, ---, ---, ---, 
[2026-04-03T02:00:07.608+0600][17.984s][info][gc,stats    ] Concurrent Evacuation              7370 us
[2026-04-03T02:00:07.608+0600][17.984s][info][gc,stats    ] Pause Init Update Refs (G)          473 us
[2026-04-03T02:00:07.608+0600][17.984s][info][gc,stats    ] Pause Init Update Refs (N)          135 us
[2026-04-03T02:00:07.608+0600][17.984s][info][gc,stats    ]   Manage GCLABs                      18 us
[2026-04-03T02:00:07.608+0600][17.984s][info][gc,stats    ] Concurrent Update Refs            66247 us
[2026-04-03T02:00:07.608+0600][17.984s][info][gc,stats    ] Concurrent Update Thread Roots      651 us
[2026-04-03T02:00:07.608+0600][17.984s][info][gc,stats    ] Pause Final Update Refs (G)         462 us
[2026-04-03T02:00:07.608+0600][17.984s][info][gc,stats    ] Pause Final Update Refs (N)         198 us
[2026-04-03T02:00:07.608+0600][17.984s][info][gc,stats    ]   Update Region States               35 us
[2026-04-03T02:00:07.608+0600][17.984s][info][gc,stats    ]   Trash Collection Set                9 us
[2026-04-03T02:00:07.608+0600][17.984s][info][gc,stats    ]   Rebuild Free Set                   25 us
[2026-04-03T02:00:07.608+0600][17.984s][info][gc,stats    ] Concurrent Cleanup                  210 us
[2026-04-03T02:00:07.608+0600][17.984s][info][gc,stats    ] 
[2026-04-03T02:00:07.608+0600][17.984s][info][gc,stats    ] Allocation pacing accrued:
[2026-04-03T02:00:07.608+0600][17.984s][info][gc,stats    ]       0 of   431 ms (  0.0%): <total>
[2026-04-03T02:00:07.608+0600][17.984s][info][gc,stats    ]       0 of   431 ms (  0.0%): <average total>
[2026-04-03T02:00:07.608+0600][17.984s][info][gc,stats    ] 
[2026-04-03T02:00:07.608+0600][17.984s][info][gc,metaspace] Metaspace: 64395K(65152K)->64395K(65152K) NonClass: 56224K(56640K)->56224K(56640K) Class: 8171K(8512K)->8171K(8512K)
[2026-04-03T02:00:07.608+0600][17.984s][info][gc,ergo     ] Pacer for Idle. Initial: 25600K, Alloc Tax Rate: 1.0x
[2026-04-03T02:00:07.860+0600][18.236s][info][gc          ] Trigger: Explicit GC request (System.gc())
[2026-04-03T02:00:07.860+0600][18.236s][info][gc,ergo     ] Free: 768M, Max: 512K regular, 380M humongous, Frag: 51% external, 0% internal; Reserve: 64000K, Max: 512K
[2026-04-03T02:00:07.860+0600][18.236s][info][gc,start    ] GC(13) Concurrent reset
[2026-04-03T02:00:07.860+0600][18.236s][info][gc,task     ] GC(13) Using 3 of 6 workers for concurrent reset
[2026-04-03T02:00:07.860+0600][18.236s][info][gc,ergo     ] GC(13) Pacer for Reset. Non-Taxable: 1250M
[2026-04-03T02:00:07.861+0600][18.237s][info][gc          ] GC(13) Concurrent reset 1.220ms
[2026-04-03T02:00:07.862+0600][18.238s][info][gc,start    ] GC(13) Pause Init Mark (unload classes)
[2026-04-03T02:00:07.862+0600][18.238s][info][gc,task     ] GC(13) Using 6 of 6 workers for init marking
[2026-04-03T02:00:07.862+0600][18.238s][info][gc,ref      ] GC(13) Clearing All SoftReferences
[2026-04-03T02:00:07.862+0600][18.238s][info][gc,ergo     ] GC(13) Pacer for Mark. Expected Live: 134M, Free: 768M, Non-Taxable: 78714K, Alloc Tax Rate: 0.2x
[2026-04-03T02:00:07.862+0600][18.238s][info][gc          ] GC(13) Pause Init Mark (unload classes) 0.190ms
[2026-04-03T02:00:07.862+0600][18.238s][info][gc,start    ] GC(13) Concurrent marking roots
[2026-04-03T02:00:07.862+0600][18.238s][info][gc,task     ] GC(13) Using 3 of 6 workers for concurrent marking roots
[2026-04-03T02:00:07.863+0600][18.239s][info][gc          ] GC(13) Concurrent marking roots 0.794ms
[2026-04-03T02:00:07.863+0600][18.239s][info][gc,start    ] GC(13) Concurrent marking (unload classes)
[2026-04-03T02:00:07.863+0600][18.239s][info][gc,task     ] GC(13) Using 3 of 6 workers for concurrent marking
[2026-04-03T02:00:07.931+0600][18.307s][info][gc          ] GC(13) Concurrent marking (unload classes) 68.191ms
[2026-04-03T02:00:07.931+0600][18.307s][info][gc,start    ] GC(13) Pause Final Mark (unload classes)
[2026-04-03T02:00:07.931+0600][18.307s][info][gc,task     ] GC(13) Using 6 of 6 workers for final marking
[2026-04-03T02:00:07.932+0600][18.308s][info][gc,ergo     ] GC(13) Collectable Garbage: 222M (91%), Immediate: 222M (91%), CSet: 0B (0%)
[2026-04-03T02:00:07.932+0600][18.308s][info][gc          ] GC(13) Pause Final Mark (unload classes) 0.688ms
[2026-04-03T02:00:07.932+0600][18.308s][info][gc,start    ] GC(13) Concurrent weak references
[2026-04-03T02:00:07.932+0600][18.308s][info][gc,task     ] GC(13) Using 3 of 6 workers for concurrent weak references
[2026-04-03T02:00:07.933+0600][18.309s][info][gc,ref      ] GC(13) Encountered references: Soft: 3082, Weak: 5766, Final: 82, Phantom: 594
[2026-04-03T02:00:07.933+0600][18.309s][info][gc,ref      ] GC(13) Discovered  references: Soft: 763, Weak: 3507, Final: 2, Phantom: 591
[2026-04-03T02:00:07.933+0600][18.309s][info][gc,ref      ] GC(13) Enqueued    references: Soft: 382, Weak: 364, Final: 0, Phantom: 0
[2026-04-03T02:00:07.933+0600][18.309s][info][gc          ] GC(13) Concurrent weak references 0.854ms
[2026-04-03T02:00:07.933+0600][18.309s][info][gc,start    ] GC(13) Concurrent weak roots
[2026-04-03T02:00:07.933+0600][18.309s][info][gc,task     ] GC(13) Using 3 of 6 workers for concurrent weak root
[2026-04-03T02:00:07.935+0600][18.311s][info][gc          ] GC(13) Concurrent weak roots 1.787ms
[2026-04-03T02:00:07.935+0600][18.311s][info][gc,start    ] GC(13) Concurrent cleanup
[2026-04-03T02:00:07.935+0600][18.311s][info][gc          ] GC(13) Concurrent cleanup 414M->192M(1127M) 0.464ms
[2026-04-03T02:00:07.935+0600][18.311s][info][gc,ergo     ] GC(13) Free: 993M, Max: 512K regular, 592M humongous, Frag: 41% external, 0% internal; Reserve: 64000K, Max: 512K
[2026-04-03T02:00:07.935+0600][18.311s][info][gc,start    ] GC(13) Concurrent class unloading
[2026-04-03T02:00:07.935+0600][18.311s][info][gc,task     ] GC(13) Using 3 of 6 workers for concurrent class unloading
[2026-04-03T02:00:07.950+0600][18.326s][info][gc          ] GC(13) Concurrent class unloading 14.982ms
[2026-04-03T02:00:07.951+0600][18.327s][info][gc,start    ] GC(13) Pause Final Roots
[2026-04-03T02:00:07.951+0600][18.327s][info][gc          ] GC(13) Pause Final Roots 0.083ms
[2026-04-03T02:00:07.952+0600][18.328s][info][gc,ergo     ] Free: 991M, Max: 512K regular, 592M humongous, Frag: 41% external, 0% internal; Reserve: 64000K, Max: 512K
[2026-04-03T02:00:07.952+0600][18.328s][info][gc,stats    ] 
[2026-04-03T02:00:07.952+0600][18.328s][info][gc,stats    ] All times are wall-clock times, except per-root-class counters, that are sum over
[2026-04-03T02:00:07.952+0600][18.328s][info][gc,stats    ] all workers. Dividing the <total> over the root stage time estimates parallelism.
[2026-04-03T02:00:07.952+0600][18.328s][info][gc,stats    ] 
[2026-04-03T02:00:07.952+0600][18.328s][info][gc,stats    ] Concurrent Reset                   1271 us
[2026-04-03T02:00:07.952+0600][18.328s][info][gc,stats    ] Pause Init Mark (G)                 539 us
[2026-04-03T02:00:07.952+0600][18.328s][info][gc,stats    ] Pause Init Mark (N)                 201 us
[2026-04-03T02:00:07.952+0600][18.328s][info][gc,stats    ]   Update Region States               30 us
[2026-04-03T02:00:07.952+0600][18.328s][info][gc,stats    ] Concurrent Mark Roots               839 us, parallelism: 1.12x
[2026-04-03T02:00:07.952+0600][18.328s][info][gc,stats    ]   CMR: <total>                      936 us
[2026-04-03T02:00:07.952+0600][18.328s][info][gc,stats    ]   CMR: Thread Roots                 671 us, workers (us): 107, 287, 277, ---, ---, ---, 
[2026-04-03T02:00:07.952+0600][18.328s][info][gc,stats    ]   CMR: VM Strong Roots               24 us, workers (us):  22,   1,   1, ---, ---, ---, 
[2026-04-03T02:00:07.952+0600][18.328s][info][gc,stats    ]   CMR: CLDG Roots                   241 us, workers (us): 241, ---, ---, ---, ---, ---, 
[2026-04-03T02:00:07.952+0600][18.328s][info][gc,stats    ] Concurrent Marking                68269 us
[2026-04-03T02:00:07.952+0600][18.328s][info][gc,stats    ] Pause Final Mark (G)                970 us
[2026-04-03T02:00:07.952+0600][18.328s][info][gc,stats    ] Pause Final Mark (N)                703 us
[2026-04-03T02:00:07.952+0600][18.328s][info][gc,stats    ]   Finish Mark                       295 us
[2026-04-03T02:00:07.952+0600][18.328s][info][gc,stats    ]   Update Region States               73 us
[2026-04-03T02:00:07.952+0600][18.328s][info][gc,stats    ]   Choose Collection Set             198 us
[2026-04-03T02:00:07.952+0600][18.328s][info][gc,stats    ]   Rebuild Free Set                   42 us
[2026-04-03T02:00:07.952+0600][18.328s][info][gc,stats    ] Concurrent Weak References          864 us, parallelism: 0.93x
[2026-04-03T02:00:07.952+0600][18.328s][info][gc,stats    ]   CWRF: <total>                     805 us
[2026-04-03T02:00:07.952+0600][18.328s][info][gc,stats    ]   CWRF: Weak References             805 us, workers (us): 555, 172,  79, ---, ---, ---, 
[2026-04-03T02:00:07.952+0600][18.328s][info][gc,stats    ] Concurrent Weak Roots              1846 us
[2026-04-03T02:00:07.952+0600][18.328s][info][gc,stats    ]   Roots                            1519 us, parallelism: 2.24x
[2026-04-03T02:00:07.952+0600][18.328s][info][gc,stats    ]     CWR: <total>                   3396 us
[2026-04-03T02:00:07.952+0600][18.328s][info][gc,stats    ]     CWR: Code Cache Roots          2231 us, workers (us): 654, 840, 737, ---, ---, ---, 
[2026-04-03T02:00:07.952+0600][18.328s][info][gc,stats    ]     CWR: VM Weak Roots             1113 us, workers (us): 426, 372, 315, ---, ---, ---, 
[2026-04-03T02:00:07.952+0600][18.328s][info][gc,stats    ]     CWR: CLDG Roots                  53 us, workers (us):  53, ---, ---, ---, ---, ---, 
[2026-04-03T02:00:07.952+0600][18.328s][info][gc,stats    ]   Rendezvous                        246 us
[2026-04-03T02:00:07.952+0600][18.328s][info][gc,stats    ] Concurrent Cleanup                  478 us
[2026-04-03T02:00:07.952+0600][18.328s][info][gc,stats    ] Concurrent Class Unloading        15079 us
[2026-04-03T02:00:07.952+0600][18.328s][info][gc,stats    ]   Unlink Stale                    13642 us
[2026-04-03T02:00:07.952+0600][18.328s][info][gc,stats    ]     System Dictionary               368 us
[2026-04-03T02:00:07.952+0600][18.328s][info][gc,stats    ]     Weak Class Links               8189 us
[2026-04-03T02:00:07.952+0600][18.328s][info][gc,stats    ]     Code Roots                     5081 us
[2026-04-03T02:00:07.952+0600][18.328s][info][gc,stats    ]   Rendezvous                        371 us
[2026-04-03T02:00:07.952+0600][18.328s][info][gc,stats    ]   Purge Unlinked                    945 us
[2026-04-03T02:00:07.952+0600][18.328s][info][gc,stats    ]     Code Roots                      424 us
[2026-04-03T02:00:07.952+0600][18.328s][info][gc,stats    ]     CLDG                            519 us
[2026-04-03T02:00:07.952+0600][18.328s][info][gc,stats    ]     Exception Caches                  0 us
[2026-04-03T02:00:07.952+0600][18.328s][info][gc,stats    ] Pause Final Roots (G)              1062 us
[2026-04-03T02:00:07.952+0600][18.328s][info][gc,stats    ] Pause Final Roots (N)               104 us
[2026-04-03T02:00:07.952+0600][18.328s][info][gc,stats    ] 
[2026-04-03T02:00:07.952+0600][18.328s][info][gc,stats    ] Allocation pacing accrued:
[2026-04-03T02:00:07.952+0600][18.328s][info][gc,stats    ]       0 of   344 ms (  0.0%): <total>
[2026-04-03T02:00:07.952+0600][18.328s][info][gc,stats    ]       0 of   344 ms (  0.0%): <average total>
[2026-04-03T02:00:07.952+0600][18.328s][info][gc,stats    ] 
[2026-04-03T02:00:07.952+0600][18.328s][info][gc,metaspace] Metaspace: 66136K(66944K)->65825K(67008K) NonClass: 57740K(58176K)->57489K(58240K) Class: 8395K(8768K)->8336K(8768K)
[2026-04-03T02:00:07.952+0600][18.328s][info][gc,ergo     ] Pacer for Idle. Initial: 25600K, Alloc Tax Rate: 1.0x
[2026-04-03T02:00:07.952+0600][18.328s][info][gc,start    ] Concurrent uncommit
[2026-04-03T02:00:08.111+0600][18.487s][info][gc          ] Concurrent uncommit 195M->215M(220M) 159.146ms
[2026-04-03T02:00:08.438+0600][18.814s][info][gc          ] Trigger: Learning 2 of 5. Free (874M) is below initial threshold (875M)
[2026-04-03T02:00:08.438+0600][18.814s][info][gc,ergo     ] Free: 874M, Max: 512K regular, 592M humongous, Frag: 33% external, 0% internal; Reserve: 64000K, Max: 512K
[2026-04-03T02:00:08.438+0600][18.814s][info][gc,start    ] GC(14) Concurrent reset
[2026-04-03T02:00:08.438+0600][18.814s][info][gc,task     ] GC(14) Using 3 of 6 workers for concurrent reset
[2026-04-03T02:00:08.438+0600][18.814s][info][gc,ergo     ] GC(14) Pacer for Reset. Non-Taxable: 1250M
[2026-04-03T02:00:08.439+0600][18.815s][info][gc          ] GC(14) Concurrent reset 0.755ms
[2026-04-03T02:00:08.439+0600][18.815s][info][gc,start    ] GC(14) Pause Init Mark (unload classes)
[2026-04-03T02:00:08.439+0600][18.815s][info][gc,task     ] GC(14) Using 6 of 6 workers for init marking
[2026-04-03T02:00:08.439+0600][18.815s][info][gc,ergo     ] GC(14) Pacer for Mark. Expected Live: 151M, Free: 873M, Non-Taxable: 89464K, Alloc Tax Rate: 0.2x
[2026-04-03T02:00:08.439+0600][18.815s][info][gc          ] GC(14) Pause Init Mark (unload classes) 0.107ms
[2026-04-03T02:00:08.439+0600][18.815s][info][gc,start    ] GC(14) Concurrent marking roots
[2026-04-03T02:00:08.439+0600][18.815s][info][gc,task     ] GC(14) Using 3 of 6 workers for concurrent marking roots
[2026-04-03T02:00:08.440+0600][18.816s][info][gc          ] GC(14) Concurrent marking roots 0.640ms
[2026-04-03T02:00:08.440+0600][18.816s][info][gc,start    ] GC(14) Concurrent marking (unload classes)
[2026-04-03T02:00:08.440+0600][18.816s][info][gc,task     ] GC(14) Using 3 of 6 workers for concurrent marking
[2026-04-03T02:00:08.516+0600][18.892s][info][gc          ] GC(14) Concurrent marking (unload classes) 75.838ms
[2026-04-03T02:00:08.516+0600][18.892s][info][gc,start    ] GC(14) Pause Final Mark (unload classes)
[2026-04-03T02:00:08.516+0600][18.892s][info][gc,task     ] GC(14) Using 6 of 6 workers for final marking
[2026-04-03T02:00:08.517+0600][18.893s][info][gc,ergo     ] GC(14) Adaptive CSet Selection. Target Free: 177M, Actual Free: 961M, Max CSet: 53333K, Min Garbage: 0B
[2026-04-03T02:00:08.517+0600][18.893s][info][gc,ergo     ] GC(14) Collectable Garbage: 133M (97%), Immediate: 92048K (65%), CSet: 44963K (32%)
[2026-04-03T02:00:08.517+0600][18.893s][info][gc,ergo     ] GC(14) Pacer for Evacuation. Used CSet: 49594K, Free: 901M, Non-Taxable: 92333K, Alloc Tax Rate: 1.1x
[2026-04-03T02:00:08.517+0600][18.893s][info][gc          ] GC(14) Pause Final Mark (unload classes) 0.683ms
[2026-04-03T02:00:08.517+0600][18.893s][info][gc,start    ] GC(14) Concurrent thread roots
[2026-04-03T02:00:08.517+0600][18.893s][info][gc,task     ] GC(14) Using 3 of 6 workers for Concurrent thread roots
[2026-04-03T02:00:08.518+0600][18.894s][info][gc          ] GC(14) Concurrent thread roots 0.504ms
[2026-04-03T02:00:08.518+0600][18.894s][info][gc,start    ] GC(14) Concurrent weak references
[2026-04-03T02:00:08.518+0600][18.894s][info][gc,task     ] GC(14) Using 3 of 6 workers for concurrent weak references
[2026-04-03T02:00:08.518+0600][18.894s][info][gc,ref      ] GC(14) Encountered references: Soft: 3110, Weak: 5863, Final: 82, Phantom: 594
[2026-04-03T02:00:08.518+0600][18.894s][info][gc,ref      ] GC(14) Discovered  references: Soft: 0, Weak: 597, Final: 0, Phantom: 591
[2026-04-03T02:00:08.518+0600][18.894s][info][gc,ref      ] GC(14) Enqueued    references: Soft: 0, Weak: 215, Final: 0, Phantom: 0
[2026-04-03T02:00:08.518+0600][18.894s][info][gc          ] GC(14) Concurrent weak references 0.389ms
[2026-04-03T02:00:08.518+0600][18.894s][info][gc,start    ] GC(14) Concurrent weak roots
[2026-04-03T02:00:08.518+0600][18.894s][info][gc,task     ] GC(14) Using 3 of 6 workers for concurrent weak root
[2026-04-03T02:00:08.520+0600][18.896s][info][gc          ] GC(14) Concurrent weak roots 1.906ms
[2026-04-03T02:00:08.520+0600][18.896s][info][gc,start    ] GC(14) Concurrent cleanup
[2026-04-03T02:00:08.520+0600][18.896s][info][gc          ] GC(14) Concurrent cleanup 376M->286M(382M) 0.162ms
[2026-04-03T02:00:08.520+0600][18.896s][info][gc,ergo     ] GC(14) Free: 898M, Max: 512K regular, 592M humongous, Frag: 35% external, 0% internal; Reserve: 63544K, Max: 512K
[2026-04-03T02:00:08.520+0600][18.896s][info][gc,start    ] GC(14) Concurrent class unloading
[2026-04-03T02:00:08.520+0600][18.896s][info][gc,task     ] GC(14) Using 3 of 6 workers for concurrent class unloading
[2026-04-03T02:00:08.525+0600][18.901s][info][gc          ] GC(14) Concurrent class unloading 4.376ms
[2026-04-03T02:00:08.525+0600][18.901s][info][gc,start    ] GC(14) Concurrent strong roots
[2026-04-03T02:00:08.525+0600][18.901s][info][gc,task     ] GC(14) Using 3 of 6 workers for concurrent strong root
[2026-04-03T02:00:08.525+0600][18.901s][info][gc          ] GC(14) Concurrent strong roots 0.665ms
[2026-04-03T02:00:08.525+0600][18.901s][info][gc,start    ] GC(14) Concurrent evacuation
[2026-04-03T02:00:08.525+0600][18.901s][info][gc,task     ] GC(14) Using 3 of 6 workers for concurrent evacuation
[2026-04-03T02:00:08.530+0600][18.906s][info][gc          ] GC(14) Concurrent evacuation 4.212ms
[2026-04-03T02:00:08.530+0600][18.906s][info][gc,start    ] GC(14) Pause Init Update Refs
[2026-04-03T02:00:08.530+0600][18.906s][info][gc,ergo     ] GC(14) Pacer for Update Refs. Used: 302M, Free: 887M, Non-Taxable: 90895K, Alloc Tax Rate: 1.1x
[2026-04-03T02:00:08.530+0600][18.906s][info][gc          ] GC(14) Pause Init Update Refs 0.093ms
[2026-04-03T02:00:08.530+0600][18.906s][info][gc,start    ] GC(14) Concurrent update references
[2026-04-03T02:00:08.530+0600][18.906s][info][gc,task     ] GC(14) Using 3 of 6 workers for concurrent reference update
[2026-04-03T02:00:08.597+0600][18.973s][info][gc          ] GC(14) Concurrent update references 67.091ms
[2026-04-03T02:00:08.597+0600][18.973s][info][gc,start    ] GC(14) Concurrent update thread roots
[2026-04-03T02:00:08.598+0600][18.974s][info][gc          ] GC(14) Concurrent update thread roots 0.725ms
[2026-04-03T02:00:08.598+0600][18.974s][info][gc,start    ] GC(14) Pause Final Update Refs
[2026-04-03T02:00:08.598+0600][18.974s][info][gc,task     ] GC(14) Using 6 of 6 workers for final reference update
[2026-04-03T02:00:08.598+0600][18.974s][info][gc          ] GC(14) Pause Final Update Refs 0.107ms
[2026-04-03T02:00:08.598+0600][18.974s][info][gc,start    ] GC(14) Concurrent cleanup
[2026-04-03T02:00:08.598+0600][18.975s][info][gc          ] GC(14) Concurrent cleanup 390M->342M(393M) 0.407ms
[2026-04-03T02:00:08.599+0600][18.975s][info][gc,ergo     ] Free: 842M, Max: 512K regular, 592M humongous, Frag: 30% external, 0% internal; Reserve: 64000K, Max: 512K
[2026-04-03T02:00:08.599+0600][18.975s][info][gc,stats    ] 
[2026-04-03T02:00:08.599+0600][18.975s][info][gc,stats    ] All times are wall-clock times, except per-root-class counters, that are sum over
[2026-04-03T02:00:08.599+0600][18.975s][info][gc,stats    ] all workers. Dividing the <total> over the root stage time estimates parallelism.
[2026-04-03T02:00:08.599+0600][18.975s][info][gc,stats    ] 
[2026-04-03T02:00:08.599+0600][18.975s][info][gc,stats    ] Concurrent Reset                    799 us
[2026-04-03T02:00:08.599+0600][18.975s][info][gc,stats    ] Pause Init Mark (G)                 468 us
[2026-04-03T02:00:08.599+0600][18.975s][info][gc,stats    ] Pause Init Mark (N)                 117 us
[2026-04-03T02:00:08.599+0600][18.975s][info][gc,stats    ]   Update Region States               22 us
[2026-04-03T02:00:08.599+0600][18.975s][info][gc,stats    ] Concurrent Mark Roots               659 us, parallelism: 1.81x
[2026-04-03T02:00:08.599+0600][18.975s][info][gc,stats    ]   CMR: <total>                     1191 us
[2026-04-03T02:00:08.599+0600][18.975s][info][gc,stats    ]   CMR: Thread Roots                 916 us, workers (us): 146, 393, 377, ---, ---, ---, 
[2026-04-03T02:00:08.599+0600][18.975s][info][gc,stats    ]   CMR: VM Strong Roots               24 us, workers (us):  14,  10,   1, ---, ---, ---, 
[2026-04-03T02:00:08.599+0600][18.975s][info][gc,stats    ]   CMR: CLDG Roots                   250 us, workers (us): 250, ---, ---, ---, ---, ---, 
[2026-04-03T02:00:08.599+0600][18.975s][info][gc,stats    ] Concurrent Marking                75915 us
[2026-04-03T02:00:08.599+0600][18.975s][info][gc,stats    ] Pause Final Mark (G)               1119 us
[2026-04-03T02:00:08.599+0600][18.975s][info][gc,stats    ] Pause Final Mark (N)                696 us
[2026-04-03T02:00:08.599+0600][18.975s][info][gc,stats    ]   Finish Mark                       237 us
[2026-04-03T02:00:08.599+0600][18.975s][info][gc,stats    ]   Update Region States               34 us
[2026-04-03T02:00:08.599+0600][18.975s][info][gc,stats    ]   Choose Collection Set             250 us
[2026-04-03T02:00:08.599+0600][18.975s][info][gc,stats    ]   Rebuild Free Set                   40 us
[2026-04-03T02:00:08.599+0600][18.975s][info][gc,stats    ] Concurrent Thread Roots             538 us, parallelism: 1.77x
[2026-04-03T02:00:08.599+0600][18.975s][info][gc,stats    ]   CTR: <total>                      952 us
[2026-04-03T02:00:08.599+0600][18.975s][info][gc,stats    ]   CTR: Thread Roots                 952 us, workers (us): 342, 310, 300, ---, ---, ---, 
[2026-04-03T02:00:08.599+0600][18.975s][info][gc,stats    ] Concurrent Weak References          419 us, parallelism: 0.87x
[2026-04-03T02:00:08.599+0600][18.975s][info][gc,stats    ]   CWRF: <total>                     364 us
[2026-04-03T02:00:08.599+0600][18.975s][info][gc,stats    ]   CWRF: Weak References             364 us, workers (us): 119, 183,  62, ---, ---, ---, 
[2026-04-03T02:00:08.599+0600][18.975s][info][gc,stats    ] Concurrent Weak Roots              1965 us
[2026-04-03T02:00:08.599+0600][18.975s][info][gc,stats    ]   Roots                            1735 us, parallelism: 2.50x
[2026-04-03T02:00:08.599+0600][18.975s][info][gc,stats    ]     CWR: <total>                   4346 us
[2026-04-03T02:00:08.599+0600][18.975s][info][gc,stats    ]     CWR: Code Cache Roots          2317 us, workers (us): 795, 799, 724, ---, ---, ---, 
[2026-04-03T02:00:08.599+0600][18.975s][info][gc,stats    ]     CWR: VM Weak Roots             1984 us, workers (us): 738, 656, 591, ---, ---, ---, 
[2026-04-03T02:00:08.599+0600][18.975s][info][gc,stats    ]     CWR: CLDG Roots                  44 us, workers (us): ---, ---,  44, ---, ---, ---, 
[2026-04-03T02:00:08.599+0600][18.975s][info][gc,stats    ]   Rendezvous                        144 us
[2026-04-03T02:00:08.599+0600][18.975s][info][gc,stats    ] Concurrent Cleanup                  179 us
[2026-04-03T02:00:08.599+0600][18.975s][info][gc,stats    ] Concurrent Class Unloading         4445 us
[2026-04-03T02:00:08.599+0600][18.975s][info][gc,stats    ]   Unlink Stale                     3699 us
[2026-04-03T02:00:08.599+0600][18.975s][info][gc,stats    ]     System Dictionary                72 us
[2026-04-03T02:00:08.599+0600][18.975s][info][gc,stats    ]     Weak Class Links                  0 us
[2026-04-03T02:00:08.599+0600][18.975s][info][gc,stats    ]     Code Roots                     3623 us
[2026-04-03T02:00:08.599+0600][18.975s][info][gc,stats    ]   Rendezvous                        319 us
[2026-04-03T02:00:08.599+0600][18.975s][info][gc,stats    ]   Purge Unlinked                    330 us
[2026-04-03T02:00:08.599+0600][18.975s][info][gc,stats    ]     Code Roots                      318 us
[2026-04-03T02:00:08.599+0600][18.975s][info][gc,stats    ]     CLDG                             12 us
[2026-04-03T02:00:08.599+0600][18.975s][info][gc,stats    ]     Exception Caches                  0 us
[2026-04-03T02:00:08.599+0600][18.975s][info][gc,stats    ] Concurrent Strong Roots             693 us, parallelism: 0.67x
[2026-04-03T02:00:08.599+0600][18.975s][info][gc,stats    ]   CSR: <total>                      463 us
[2026-04-03T02:00:08.599+0600][18.975s][info][gc,stats    ]   CSR: VM Strong Roots               24 us, workers (us):  21,   2,   2, ---, ---, ---, 
[2026-04-03T02:00:08.599+0600][18.975s][info][gc,stats    ]   CSR: CLDG Roots                   439 us, workers (us): 439, ---, ---, ---, ---, ---, 
[2026-04-03T02:00:08.599+0600][18.975s][info][gc,stats    ] Concurrent Evacuation              4241 us
[2026-04-03T02:00:08.599+0600][18.975s][info][gc,stats    ] Pause Init Update Refs (G)          186 us
[2026-04-03T02:00:08.599+0600][18.975s][info][gc,stats    ] Pause Init Update Refs (N)          102 us
[2026-04-03T02:00:08.599+0600][18.975s][info][gc,stats    ]   Manage GCLABs                      13 us
[2026-04-03T02:00:08.599+0600][18.975s][info][gc,stats    ] Concurrent Update Refs            67139 us
[2026-04-03T02:00:08.599+0600][18.975s][info][gc,stats    ] Concurrent Update Thread Roots      791 us
[2026-04-03T02:00:08.599+0600][18.975s][info][gc,stats    ] Pause Final Update Refs (G)         343 us
[2026-04-03T02:00:08.599+0600][18.975s][info][gc,stats    ] Pause Final Update Refs (N)         116 us
[2026-04-03T02:00:08.599+0600][18.975s][info][gc,stats    ]   Update Region States               33 us
[2026-04-03T02:00:08.599+0600][18.975s][info][gc,stats    ]   Trash Collection Set                6 us
[2026-04-03T02:00:08.599+0600][18.975s][info][gc,stats    ]   Rebuild Free Set                   22 us
[2026-04-03T02:00:08.599+0600][18.975s][info][gc,stats    ] Concurrent Cleanup                  425 us
[2026-04-03T02:00:08.599+0600][18.975s][info][gc,stats    ] 
[2026-04-03T02:00:08.599+0600][18.975s][info][gc,stats    ] Allocation pacing accrued:
[2026-04-03T02:00:08.599+0600][18.975s][info][gc,stats    ]       0 of   647 ms (  0.0%): <total>
[2026-04-03T02:00:08.599+0600][18.975s][info][gc,stats    ]       0 of   647 ms (  0.0%): <average total>
[2026-04-03T02:00:08.599+0600][18.975s][info][gc,stats    ] 
[2026-04-03T02:00:08.599+0600][18.975s][info][gc,metaspace] Metaspace: 66250K(67072K)->66252K(67072K) NonClass: 57857K(58304K)->57859K(58304K) Class: 8392K(8768K)->8392K(8768K)
[2026-04-03T02:00:08.599+0600][18.975s][info][gc,ergo     ] Pacer for Idle. Initial: 25600K, Alloc Tax Rate: 1.0x
[2026-04-03T02:00:08.600+0600][18.976s][info][gc          ] Trigger: Learning 3 of 5. Free (840M) is below initial threshold (875M)
[2026-04-03T02:00:08.600+0600][18.976s][info][gc,ergo     ] Free: 840M, Max: 512K regular, 592M humongous, Frag: 30% external, 0% internal; Reserve: 64000K, Max: 512K
[2026-04-03T02:00:08.600+0600][18.976s][info][gc,start    ] GC(15) Concurrent reset
[2026-04-03T02:00:08.600+0600][18.976s][info][gc,task     ] GC(15) Using 3 of 6 workers for concurrent reset
[2026-04-03T02:00:08.600+0600][18.976s][info][gc,ergo     ] GC(15) Pacer for Reset. Non-Taxable: 1250M
[2026-04-03T02:00:08.601+0600][18.977s][info][gc          ] GC(15) Concurrent reset 0.958ms
[2026-04-03T02:00:08.601+0600][18.977s][info][gc,start    ] GC(15) Pause Init Mark (unload classes)
[2026-04-03T02:00:08.601+0600][18.977s][info][gc,task     ] GC(15) Using 6 of 6 workers for init marking
[2026-04-03T02:00:08.601+0600][18.977s][info][gc,ergo     ] GC(15) Pacer for Mark. Expected Live: 165M, Free: 838M, Non-Taxable: 85882K, Alloc Tax Rate: 0.2x
[2026-04-03T02:00:08.601+0600][18.977s][info][gc          ] GC(15) Pause Init Mark (unload classes) 0.065ms
[2026-04-03T02:00:08.601+0600][18.977s][info][gc,start    ] GC(15) Concurrent marking roots
[2026-04-03T02:00:08.601+0600][18.977s][info][gc,task     ] GC(15) Using 3 of 6 workers for concurrent marking roots
[2026-04-03T02:00:08.602+0600][18.978s][info][gc          ] GC(15) Concurrent marking roots 0.612ms
[2026-04-03T02:00:08.602+0600][18.978s][info][gc,start    ] GC(15) Concurrent marking (unload classes)
[2026-04-03T02:00:08.602+0600][18.978s][info][gc,task     ] GC(15) Using 3 of 6 workers for concurrent marking
[2026-04-03T02:00:08.672+0600][19.048s][info][gc          ] GC(15) Concurrent marking (unload classes) 70.165ms
[2026-04-03T02:00:08.672+0600][19.048s][info][gc,start    ] GC(15) Pause Final Mark (unload classes)
[2026-04-03T02:00:08.672+0600][19.048s][info][gc,task     ] GC(15) Using 6 of 6 workers for final marking
[2026-04-03T02:00:08.673+0600][19.049s][info][gc,ergo     ] GC(15) Collectable Garbage: 160M (92%), Immediate: 160M (92%), CSet: 0B (0%)
[2026-04-03T02:00:08.673+0600][19.049s][info][gc          ] GC(15) Pause Final Mark (unload classes) 0.596ms
[2026-04-03T02:00:08.673+0600][19.049s][info][gc,start    ] GC(15) Concurrent weak references
[2026-04-03T02:00:08.673+0600][19.049s][info][gc,task     ] GC(15) Using 3 of 6 workers for concurrent weak references
[2026-04-03T02:00:08.673+0600][19.049s][info][gc,ref      ] GC(15) Encountered references: Soft: 3110, Weak: 5656, Final: 82, Phantom: 594
[2026-04-03T02:00:08.673+0600][19.049s][info][gc,ref      ] GC(15) Discovered  references: Soft: 0, Weak: 468, Final: 0, Phantom: 591
[2026-04-03T02:00:08.673+0600][19.049s][info][gc,ref      ] GC(15) Enqueued    references: Soft: 0, Weak: 16, Final: 0, Phantom: 0
[2026-04-03T02:00:08.673+0600][19.050s][info][gc          ] GC(15) Concurrent weak references 0.370ms
[2026-04-03T02:00:08.673+0600][19.050s][info][gc,start    ] GC(15) Concurrent weak roots
[2026-04-03T02:00:08.673+0600][19.050s][info][gc,task     ] GC(15) Using 3 of 6 workers for concurrent weak root
[2026-04-03T02:00:08.676+0600][19.052s][info][gc          ] GC(15) Concurrent weak roots 2.018ms
[2026-04-03T02:00:08.676+0600][19.052s][info][gc,start    ] GC(15) Concurrent cleanup
[2026-04-03T02:00:08.676+0600][19.052s][info][gc          ] GC(15) Concurrent cleanup 427M->267M(435M) 0.401ms
[2026-04-03T02:00:08.676+0600][19.052s][info][gc,ergo     ] GC(15) Free: 918M, Max: 512K regular, 592M humongous, Frag: 36% external, 0% internal; Reserve: 64000K, Max: 512K
[2026-04-03T02:00:08.676+0600][19.052s][info][gc,start    ] GC(15) Concurrent class unloading
[2026-04-03T02:00:08.676+0600][19.052s][info][gc,task     ] GC(15) Using 3 of 6 workers for concurrent class unloading
[2026-04-03T02:00:08.679+0600][19.055s][info][gc          ] GC(15) Concurrent class unloading 3.249ms
[2026-04-03T02:00:08.679+0600][19.055s][info][gc,start    ] GC(15) Pause Final Roots
[2026-04-03T02:00:08.679+0600][19.055s][info][gc          ] GC(15) Pause Final Roots 0.036ms
[2026-04-03T02:00:08.680+0600][19.056s][info][gc,ergo     ] Free: 912M, Max: 512K regular, 592M humongous, Frag: 36% external, 0% internal; Reserve: 64000K, Max: 512K
[2026-04-03T02:00:08.680+0600][19.056s][info][gc,stats    ] 
[2026-04-03T02:00:08.680+0600][19.056s][info][gc,stats    ] All times are wall-clock times, except per-root-class counters, that are sum over
[2026-04-03T02:00:08.680+0600][19.056s][info][gc,stats    ] all workers. Dividing the <total> over the root stage time estimates parallelism.
[2026-04-03T02:00:08.680+0600][19.056s][info][gc,stats    ] 
[2026-04-03T02:00:08.680+0600][19.056s][info][gc,stats    ] Concurrent Reset                    991 us
[2026-04-03T02:00:08.680+0600][19.056s][info][gc,stats    ] Pause Init Mark (G)                 279 us
[2026-04-03T02:00:08.680+0600][19.056s][info][gc,stats    ] Pause Init Mark (N)                  72 us
[2026-04-03T02:00:08.680+0600][19.056s][info][gc,stats    ]   Update Region States               21 us
[2026-04-03T02:00:08.680+0600][19.056s][info][gc,stats    ] Concurrent Mark Roots               643 us, parallelism: 1.45x
[2026-04-03T02:00:08.680+0600][19.056s][info][gc,stats    ]   CMR: <total>                      931 us
[2026-04-03T02:00:08.680+0600][19.056s][info][gc,stats    ]   CMR: Thread Roots                 713 us, workers (us): 168, 284, 261, ---, ---, ---, 
[2026-04-03T02:00:08.680+0600][19.056s][info][gc,stats    ]   CMR: VM Strong Roots               48 us, workers (us):  46,   1,   1, ---, ---, ---, 
[2026-04-03T02:00:08.680+0600][19.056s][info][gc,stats    ]   CMR: CLDG Roots                   171 us, workers (us): 171, ---, ---, ---, ---, ---, 
[2026-04-03T02:00:08.680+0600][19.056s][info][gc,stats    ] Concurrent Marking                70256 us
[2026-04-03T02:00:08.680+0600][19.056s][info][gc,stats    ] Pause Final Mark (G)                807 us
[2026-04-03T02:00:08.680+0600][19.056s][info][gc,stats    ] Pause Final Mark (N)                612 us
[2026-04-03T02:00:08.680+0600][19.056s][info][gc,stats    ]   Finish Mark                       259 us
[2026-04-03T02:00:08.680+0600][19.056s][info][gc,stats    ]   Update Region States              112 us
[2026-04-03T02:00:08.680+0600][19.056s][info][gc,stats    ]   Choose Collection Set              85 us
[2026-04-03T02:00:08.680+0600][19.056s][info][gc,stats    ]   Rebuild Free Set                   34 us
[2026-04-03T02:00:08.680+0600][19.056s][info][gc,stats    ] Concurrent Weak References          382 us, parallelism: 0.41x
[2026-04-03T02:00:08.680+0600][19.056s][info][gc,stats    ]   CWRF: <total>                     157 us
[2026-04-03T02:00:08.680+0600][19.056s][info][gc,stats    ]   CWRF: Weak References             157 us, workers (us):  60,  97,   1, ---, ---, ---, 
[2026-04-03T02:00:08.680+0600][19.056s][info][gc,stats    ] Concurrent Weak Roots              2066 us
[2026-04-03T02:00:08.680+0600][19.056s][info][gc,stats    ]   Roots                            1747 us, parallelism: 2.39x
[2026-04-03T02:00:08.680+0600][19.056s][info][gc,stats    ]     CWR: <total>                   4176 us
[2026-04-03T02:00:08.680+0600][19.056s][info][gc,stats    ]     CWR: Code Cache Roots          3063 us, workers (us): 986, 1074, 1003, ---, ---, ---, 
[2026-04-03T02:00:08.680+0600][19.056s][info][gc,stats    ]     CWR: VM Weak Roots             1059 us, workers (us): 405, 327, 327, ---, ---, ---, 
[2026-04-03T02:00:08.680+0600][19.056s][info][gc,stats    ]     CWR: CLDG Roots                  54 us, workers (us):  54, ---, ---, ---, ---, ---, 
[2026-04-03T02:00:08.680+0600][19.056s][info][gc,stats    ]   Rendezvous                        251 us
[2026-04-03T02:00:08.680+0600][19.056s][info][gc,stats    ] Concurrent Cleanup                  413 us
[2026-04-03T02:00:08.680+0600][19.056s][info][gc,stats    ] Concurrent Class Unloading         3302 us
[2026-04-03T02:00:08.680+0600][19.056s][info][gc,stats    ]   Unlink Stale                     2973 us
[2026-04-03T02:00:08.680+0600][19.056s][info][gc,stats    ]     System Dictionary                57 us
[2026-04-03T02:00:08.680+0600][19.056s][info][gc,stats    ]     Weak Class Links                  0 us
[2026-04-03T02:00:08.680+0600][19.056s][info][gc,stats    ]     Code Roots                     2913 us
[2026-04-03T02:00:08.680+0600][19.056s][info][gc,stats    ]   Rendezvous                        209 us
[2026-04-03T02:00:08.680+0600][19.056s][info][gc,stats    ]   Purge Unlinked                     50 us
[2026-04-03T02:00:08.680+0600][19.056s][info][gc,stats    ]     Code Roots                       41 us
[2026-04-03T02:00:08.680+0600][19.056s][info][gc,stats    ]     CLDG                              8 us
[2026-04-03T02:00:08.680+0600][19.056s][info][gc,stats    ]     Exception Caches                  0 us
[2026-04-03T02:00:08.680+0600][19.056s][info][gc,stats    ] Pause Final Roots (G)               252 us
[2026-04-03T02:00:08.680+0600][19.056s][info][gc,stats    ] Pause Final Roots (N)                47 us
[2026-04-03T02:00:08.680+0600][19.056s][info][gc,stats    ] 
[2026-04-03T02:00:08.680+0600][19.056s][info][gc,stats    ] Allocation pacing accrued:
[2026-04-03T02:00:08.680+0600][19.056s][info][gc,stats    ]       0 of    81 ms (  0.0%): <total>
[2026-04-03T02:00:08.680+0600][19.056s][info][gc,stats    ]       0 of    81 ms (  0.0%): <average total>
[2026-04-03T02:00:08.680+0600][19.056s][info][gc,stats    ] 
[2026-04-03T02:00:08.680+0600][19.056s][info][gc,metaspace] Metaspace: 66252K(67072K)->66252K(67072K) NonClass: 57859K(58304K)->57859K(58304K) Class: 8392K(8768K)->8392K(8768K)
[2026-04-03T02:00:08.680+0600][19.056s][info][gc,ergo     ] Pacer for Idle. Initial: 25600K, Alloc Tax Rate: 1.0x
[2026-04-03T02:00:08.701+0600][19.077s][info][gc          ] Trigger: Learning 4 of 5. Free (874M) is below initial threshold (875M)
[2026-04-03T02:00:08.701+0600][19.077s][info][gc,ergo     ] Free: 874M, Max: 512K regular, 592M humongous, Frag: 33% external, 0% internal; Reserve: 64000K, Max: 512K
[2026-04-03T02:00:08.701+0600][19.077s][info][gc,start    ] GC(16) Concurrent reset
[2026-04-03T02:00:08.701+0600][19.077s][info][gc,task     ] GC(16) Using 3 of 6 workers for concurrent reset
[2026-04-03T02:00:08.701+0600][19.077s][info][gc,ergo     ] GC(16) Pacer for Reset. Non-Taxable: 1250M
[2026-04-03T02:00:08.702+0600][19.078s][info][gc          ] GC(16) Concurrent reset 0.837ms
[2026-04-03T02:00:08.702+0600][19.078s][info][gc,start    ] GC(16) Pause Init Mark (unload classes)
[2026-04-03T02:00:08.702+0600][19.078s][info][gc,task     ] GC(16) Using 6 of 6 workers for init marking
[2026-04-03T02:00:08.702+0600][19.078s][info][gc,ergo     ] GC(16) Pacer for Mark. Expected Live: 171M, Free: 872M, Non-Taxable: 89312K, Alloc Tax Rate: 0.2x
[2026-04-03T02:00:08.702+0600][19.078s][info][gc          ] GC(16) Pause Init Mark (unload classes) 0.090ms
[2026-04-03T02:00:08.702+0600][19.078s][info][gc,start    ] GC(16) Concurrent marking roots
[2026-04-03T02:00:08.702+0600][19.078s][info][gc,task     ] GC(16) Using 3 of 6 workers for concurrent marking roots
[2026-04-03T02:00:08.703+0600][19.079s][info][gc          ] GC(16) Concurrent marking roots 0.528ms
[2026-04-03T02:00:08.703+0600][19.079s][info][gc,start    ] GC(16) Concurrent marking (unload classes)
[2026-04-03T02:00:08.703+0600][19.079s][info][gc,task     ] GC(16) Using 3 of 6 workers for concurrent marking
[2026-04-03T02:00:08.774+0600][19.150s][info][gc          ] GC(16) Concurrent marking (unload classes) 71.427ms
[2026-04-03T02:00:08.774+0600][19.150s][info][gc,start    ] GC(16) Pause Final Mark (unload classes)
[2026-04-03T02:00:08.774+0600][19.151s][info][gc,task     ] GC(16) Using 6 of 6 workers for final marking
[2026-04-03T02:00:08.775+0600][19.151s][info][gc,ergo     ] GC(16) Adaptive CSet Selection. Target Free: 177M, Actual Free: 954M, Max CSet: 53333K, Min Garbage: 0B
[2026-04-03T02:00:08.775+0600][19.151s][info][gc,ergo     ] GC(16) Collectable Garbage: 137M (97%), Immediate: 127M (90%), CSet: 10518K (7%)
[2026-04-03T02:00:08.775+0600][19.151s][info][gc,ergo     ] GC(16) Pacer for Evacuation. Used CSet: 11264K, Free: 891M, Non-Taxable: 91309K, Alloc Tax Rate: 1.1x
[2026-04-03T02:00:08.775+0600][19.151s][info][gc          ] GC(16) Pause Final Mark (unload classes) 0.708ms
[2026-04-03T02:00:08.775+0600][19.151s][info][gc,start    ] GC(16) Concurrent thread roots
[2026-04-03T02:00:08.775+0600][19.151s][info][gc,task     ] GC(16) Using 3 of 6 workers for Concurrent thread roots
[2026-04-03T02:00:08.776+0600][19.152s][info][gc          ] GC(16) Concurrent thread roots 0.685ms
[2026-04-03T02:00:08.776+0600][19.152s][info][gc,start    ] GC(16) Concurrent weak references
[2026-04-03T02:00:08.776+0600][19.152s][info][gc,task     ] GC(16) Using 3 of 6 workers for concurrent weak references
[2026-04-03T02:00:08.776+0600][19.152s][info][gc,ref      ] GC(16) Encountered references: Soft: 3110, Weak: 5640, Final: 82, Phantom: 594
[2026-04-03T02:00:08.776+0600][19.152s][info][gc,ref      ] GC(16) Discovered  references: Soft: 0, Weak: 443, Final: 0, Phantom: 591
[2026-04-03T02:00:08.776+0600][19.152s][info][gc,ref      ] GC(16) Enqueued    references: Soft: 0, Weak: 0, Final: 0, Phantom: 0
[2026-04-03T02:00:08.776+0600][19.152s][info][gc          ] GC(16) Concurrent weak references 0.308ms
[2026-04-03T02:00:08.776+0600][19.152s][info][gc,start    ] GC(16) Concurrent weak roots
[2026-04-03T02:00:08.776+0600][19.152s][info][gc,task     ] GC(16) Using 3 of 6 workers for concurrent weak root
[2026-04-03T02:00:08.778+0600][19.154s][info][gc          ] GC(16) Concurrent weak roots 1.896ms
[2026-04-03T02:00:08.778+0600][19.154s][info][gc,start    ] GC(16) Concurrent cleanup
[2026-04-03T02:00:08.779+0600][19.155s][info][gc          ] GC(16) Concurrent cleanup 425M->298M(435M) 0.449ms
[2026-04-03T02:00:08.779+0600][19.155s][info][gc,ergo     ] GC(16) Free: 886M, Max: 512K regular, 592M humongous, Frag: 34% external, 0% internal; Reserve: 63568K, Max: 512K
[2026-04-03T02:00:08.779+0600][19.155s][info][gc,start    ] GC(16) Concurrent class unloading
[2026-04-03T02:00:08.779+0600][19.155s][info][gc,task     ] GC(16) Using 3 of 6 workers for concurrent class unloading
[2026-04-03T02:00:08.783+0600][19.159s][info][gc          ] GC(16) Concurrent class unloading 3.773ms
[2026-04-03T02:00:08.783+0600][19.159s][info][gc,start    ] GC(16) Concurrent strong roots
[2026-04-03T02:00:08.783+0600][19.159s][info][gc,task     ] GC(16) Using 3 of 6 workers for concurrent strong root
[2026-04-03T02:00:08.783+0600][19.159s][info][gc          ] GC(16) Concurrent strong roots 0.678ms
[2026-04-03T02:00:08.783+0600][19.159s][info][gc,start    ] GC(16) Concurrent evacuation
[2026-04-03T02:00:08.783+0600][19.159s][info][gc,task     ] GC(16) Using 3 of 6 workers for concurrent evacuation
[2026-04-03T02:00:08.784+0600][19.160s][info][gc          ] GC(16) Concurrent evacuation 0.474ms
[2026-04-03T02:00:08.784+0600][19.160s][info][gc,start    ] GC(16) Pause Init Update Refs
[2026-04-03T02:00:08.784+0600][19.160s][info][gc,ergo     ] GC(16) Pacer for Update Refs. Used: 305M, Free: 881M, Non-Taxable: 90234K, Alloc Tax Rate: 1.1x
[2026-04-03T02:00:08.784+0600][19.160s][info][gc          ] GC(16) Pause Init Update Refs 0.039ms
[2026-04-03T02:00:08.784+0600][19.160s][info][gc,start    ] GC(16) Concurrent update references
[2026-04-03T02:00:08.784+0600][19.160s][info][gc,task     ] GC(16) Using 3 of 6 workers for concurrent reference update
[2026-04-03T02:00:08.879+0600][19.255s][info][gc          ] GC(16) Concurrent update references 95.046ms
[2026-04-03T02:00:08.879+0600][19.255s][info][gc,start    ] GC(16) Concurrent update thread roots
[2026-04-03T02:00:08.880+0600][19.256s][info][gc          ] GC(16) Concurrent update thread roots 0.972ms
[2026-04-03T02:00:08.880+0600][19.256s][info][gc,start    ] GC(16) Pause Final Update Refs
[2026-04-03T02:00:08.880+0600][19.256s][info][gc,task     ] GC(16) Using 6 of 6 workers for final reference update
[2026-04-03T02:00:08.881+0600][19.257s][info][gc          ] GC(16) Pause Final Update Refs 0.177ms
[2026-04-03T02:00:08.881+0600][19.257s][info][gc,start    ] GC(16) Concurrent cleanup
[2026-04-03T02:00:08.881+0600][19.257s][info][gc          ] GC(16) Concurrent cleanup 425M->415M(435M) 0.478ms
[2026-04-03T02:00:08.881+0600][19.257s][info][gc,ergo     ] Free: 769M, Max: 512K regular, 592M humongous, Frag: 24% external, 0% internal; Reserve: 64000K, Max: 512K
[2026-04-03T02:00:08.881+0600][19.257s][info][gc,stats    ] 
[2026-04-03T02:00:08.881+0600][19.257s][info][gc,stats    ] All times are wall-clock times, except per-root-class counters, that are sum over
[2026-04-03T02:00:08.881+0600][19.257s][info][gc,stats    ] all workers. Dividing the <total> over the root stage time estimates parallelism.
[2026-04-03T02:00:08.881+0600][19.257s][info][gc,stats    ] 
[2026-04-03T02:00:08.881+0600][19.257s][info][gc,stats    ] Concurrent Reset                    875 us
[2026-04-03T02:00:08.881+0600][19.257s][info][gc,stats    ] Pause Init Mark (G)                 257 us
[2026-04-03T02:00:08.881+0600][19.257s][info][gc,stats    ] Pause Init Mark (N)                  97 us
[2026-04-03T02:00:08.881+0600][19.257s][info][gc,stats    ]   Update Region States               25 us
[2026-04-03T02:00:08.881+0600][19.257s][info][gc,stats    ] Concurrent Mark Roots               546 us, parallelism: 1.52x
[2026-04-03T02:00:08.881+0600][19.257s][info][gc,stats    ]   CMR: <total>                      831 us
[2026-04-03T02:00:08.881+0600][19.257s][info][gc,stats    ]   CMR: Thread Roots                 678 us, workers (us): 174, 269, 235, ---, ---, ---, 
[2026-04-03T02:00:08.881+0600][19.257s][info][gc,stats    ]   CMR: VM Strong Roots               17 us, workers (us):  15,   1,   0, ---, ---, ---, 
[2026-04-03T02:00:08.881+0600][19.257s][info][gc,stats    ]   CMR: CLDG Roots                   137 us, workers (us): 137, ---, ---, ---, ---, ---, 
[2026-04-03T02:00:08.881+0600][19.257s][info][gc,stats    ] Concurrent Marking                71499 us
[2026-04-03T02:00:08.881+0600][19.257s][info][gc,stats    ] Pause Final Mark (G)                923 us
[2026-04-03T02:00:08.881+0600][19.257s][info][gc,stats    ] Pause Final Mark (N)                720 us
[2026-04-03T02:00:08.881+0600][19.257s][info][gc,stats    ]   Finish Mark                       376 us
[2026-04-03T02:00:08.881+0600][19.257s][info][gc,stats    ]   Update Region States               39 us
[2026-04-03T02:00:08.881+0600][19.257s][info][gc,stats    ]   Choose Collection Set             167 us
[2026-04-03T02:00:08.881+0600][19.257s][info][gc,stats    ]   Rebuild Free Set                   31 us
[2026-04-03T02:00:08.881+0600][19.257s][info][gc,stats    ] Concurrent Thread Roots             729 us, parallelism: 1.56x
[2026-04-03T02:00:08.881+0600][19.257s][info][gc,stats    ]   CTR: <total>                     1136 us
[2026-04-03T02:00:08.881+0600][19.257s][info][gc,stats    ]   CTR: Thread Roots                1136 us, workers (us): 382, 379, 376, ---, ---, ---, 
[2026-04-03T02:00:08.881+0600][19.257s][info][gc,stats    ] Concurrent Weak References          318 us, parallelism: 0.46x
[2026-04-03T02:00:08.881+0600][19.257s][info][gc,stats    ]   CWRF: <total>                     145 us
[2026-04-03T02:00:08.881+0600][19.258s][info][gc,stats    ]   CWRF: Weak References             145 us, workers (us):  84,  59,   1, ---, ---, ---, 
[2026-04-03T02:00:08.881+0600][19.258s][info][gc,stats    ] Concurrent Weak Roots              1949 us
[2026-04-03T02:00:08.881+0600][19.258s][info][gc,stats    ]   Roots                            1680 us, parallelism: 2.44x
[2026-04-03T02:00:08.881+0600][19.258s][info][gc,stats    ]     CWR: <total>                   4100 us
[2026-04-03T02:00:08.881+0600][19.258s][info][gc,stats    ]     CWR: Code Cache Roots          2469 us, workers (us): 761, 838, 870, ---, ---, ---, 
[2026-04-03T02:00:08.881+0600][19.258s][info][gc,stats    ]     CWR: VM Weak Roots             1585 us, workers (us): 549, 524, 513, ---, ---, ---, 
[2026-04-03T02:00:08.882+0600][19.258s][info][gc,stats    ]     CWR: CLDG Roots                  46 us, workers (us):  46, ---, ---, ---, ---, ---, 
[2026-04-03T02:00:08.882+0600][19.258s][info][gc,stats    ]   Rendezvous                        195 us
[2026-04-03T02:00:08.882+0600][19.258s][info][gc,stats    ] Concurrent Cleanup                  462 us
[2026-04-03T02:00:08.882+0600][19.258s][info][gc,stats    ] Concurrent Class Unloading         3832 us
[2026-04-03T02:00:08.882+0600][19.258s][info][gc,stats    ]   Unlink Stale                     3545 us
[2026-04-03T02:00:08.882+0600][19.258s][info][gc,stats    ]     System Dictionary                64 us
[2026-04-03T02:00:08.882+0600][19.258s][info][gc,stats    ]     Weak Class Links                  0 us
[2026-04-03T02:00:08.882+0600][19.258s][info][gc,stats    ]     Code Roots                     3478 us
[2026-04-03T02:00:08.882+0600][19.258s][info][gc,stats    ]   Rendezvous                        196 us
[2026-04-03T02:00:08.882+0600][19.258s][info][gc,stats    ]   Purge Unlinked                     11 us
[2026-04-03T02:00:08.882+0600][19.258s][info][gc,stats    ]     Code Roots                        4 us
[2026-04-03T02:00:08.882+0600][19.258s][info][gc,stats    ]     CLDG                              6 us
[2026-04-03T02:00:08.882+0600][19.258s][info][gc,stats    ]     Exception Caches                  0 us
[2026-04-03T02:00:08.882+0600][19.258s][info][gc,stats    ] Concurrent Strong Roots             722 us, parallelism: 0.54x
[2026-04-03T02:00:08.882+0600][19.258s][info][gc,stats    ]   CSR: <total>                      392 us
[2026-04-03T02:00:08.882+0600][19.258s][info][gc,stats    ]   CSR: VM Strong Roots               53 us, workers (us):  51,   1,   1, ---, ---, ---, 
[2026-04-03T02:00:08.882+0600][19.258s][info][gc,stats    ]   CSR: CLDG Roots                   339 us, workers (us): 339, ---, ---, ---, ---, ---, 
[2026-04-03T02:00:08.882+0600][19.258s][info][gc,stats    ] Concurrent Evacuation               493 us
[2026-04-03T02:00:08.882+0600][19.258s][info][gc,stats    ] Pause Init Update Refs (G)          187 us
[2026-04-03T02:00:08.882+0600][19.258s][info][gc,stats    ] Pause Init Update Refs (N)           47 us
[2026-04-03T02:00:08.882+0600][19.258s][info][gc,stats    ]   Manage GCLABs                       7 us
[2026-04-03T02:00:08.882+0600][19.258s][info][gc,stats    ] Concurrent Update Refs            95131 us
[2026-04-03T02:00:08.882+0600][19.258s][info][gc,stats    ] Concurrent Update Thread Roots     1021 us
[2026-04-03T02:00:08.882+0600][19.258s][info][gc,stats    ] Pause Final Update Refs (G)         502 us
[2026-04-03T02:00:08.882+0600][19.258s][info][gc,stats    ] Pause Final Update Refs (N)         202 us
[2026-04-03T02:00:08.882+0600][19.258s][info][gc,stats    ]   Update Region States               47 us
[2026-04-03T02:00:08.882+0600][19.258s][info][gc,stats    ]   Trash Collection Set                7 us
[2026-04-03T02:00:08.882+0600][19.258s][info][gc,stats    ]   Rebuild Free Set                   24 us
[2026-04-03T02:00:08.882+0600][19.258s][info][gc,stats    ] Concurrent Cleanup                  496 us
[2026-04-03T02:00:08.882+0600][19.258s][info][gc,stats    ] 
[2026-04-03T02:00:08.882+0600][19.258s][info][gc,stats    ] Allocation pacing accrued:
[2026-04-03T02:00:08.882+0600][19.258s][info][gc,stats    ]       0 of   202 ms (  0.0%): <total>
[2026-04-03T02:00:08.882+0600][19.258s][info][gc,stats    ]       0 of   202 ms (  0.0%): <average total>
[2026-04-03T02:00:08.882+0600][19.258s][info][gc,stats    ] 
[2026-04-03T02:00:08.882+0600][19.258s][info][gc,metaspace] Metaspace: 66252K(67072K)->66657K(67456K) NonClass: 57859K(58304K)->58183K(58624K) Class: 8392K(8768K)->8473K(8832K)
[2026-04-03T02:00:08.882+0600][19.258s][info][gc,ergo     ] Pacer for Idle. Initial: 25600K, Alloc Tax Rate: 1.0x
[2026-04-03T02:00:08.883+0600][19.259s][info][gc          ] Trigger: Learning 5 of 5. Free (767M) is below initial threshold (875M)
[2026-04-03T02:00:08.883+0600][19.259s][info][gc,ergo     ] Free: 767M, Max: 512K regular, 592M humongous, Frag: 23% external, 0% internal; Reserve: 64000K, Max: 512K
[2026-04-03T02:00:08.883+0600][19.259s][info][gc,start    ] GC(17) Concurrent reset
[2026-04-03T02:00:08.883+0600][19.259s][info][gc,task     ] GC(17) Using 3 of 6 workers for concurrent reset
[2026-04-03T02:00:08.883+0600][19.259s][info][gc,ergo     ] GC(17) Pacer for Reset. Non-Taxable: 1250M
[2026-04-03T02:00:08.884+0600][19.260s][info][gc          ] GC(17) Concurrent reset 0.953ms
[2026-04-03T02:00:08.884+0600][19.260s][info][gc,start    ] GC(17) Pause Init Mark (unload classes)
[2026-04-03T02:00:08.884+0600][19.260s][info][gc,task     ] GC(17) Using 6 of 6 workers for init marking
[2026-04-03T02:00:08.884+0600][19.260s][info][gc,ergo     ] GC(17) Pacer for Mark. Expected Live: 172M, Free: 766M, Non-Taxable: 78483K, Alloc Tax Rate: 0.3x
[2026-04-03T02:00:08.884+0600][19.260s][info][gc          ] GC(17) Pause Init Mark (unload classes) 0.160ms
[2026-04-03T02:00:08.884+0600][19.260s][info][gc,start    ] GC(17) Concurrent marking roots
[2026-04-03T02:00:08.884+0600][19.260s][info][gc,task     ] GC(17) Using 3 of 6 workers for concurrent marking roots
[2026-04-03T02:00:08.885+0600][19.261s][info][gc          ] GC(17) Concurrent marking roots 0.767ms
[2026-04-03T02:00:08.885+0600][19.261s][info][gc,start    ] GC(17) Concurrent marking (unload classes)
[2026-04-03T02:00:08.885+0600][19.261s][info][gc,task     ] GC(17) Using 3 of 6 workers for concurrent marking
[2026-04-03T02:00:08.965+0600][19.341s][info][gc          ] GC(17) Concurrent marking (unload classes) 79.798ms
[2026-04-03T02:00:08.965+0600][19.341s][info][gc,start    ] GC(17) Pause Final Mark (unload classes)
[2026-04-03T02:00:08.965+0600][19.341s][info][gc,task     ] GC(17) Using 6 of 6 workers for final marking
[2026-04-03T02:00:08.966+0600][19.342s][info][gc,ergo     ] GC(17) Adaptive CSet Selection. Target Free: 177M, Actual Free: 973M, Max CSet: 53333K, Min Garbage: 0B
[2026-04-03T02:00:08.966+0600][19.342s][info][gc,ergo     ] GC(17) Collectable Garbage: 242M (98%), Immediate: 213M (86%), CSet: 30033K (11%)
[2026-04-03T02:00:08.966+0600][19.342s][info][gc,ergo     ] GC(17) Pacer for Evacuation. Used CSet: 30466K, Free: 910M, Non-Taxable: 93254K, Alloc Tax Rate: 1.1x
[2026-04-03T02:00:08.966+0600][19.342s][info][gc          ] GC(17) Pause Final Mark (unload classes) 0.499ms
[2026-04-03T02:00:08.966+0600][19.342s][info][gc,start    ] GC(17) Concurrent thread roots
[2026-04-03T02:00:08.966+0600][19.342s][info][gc,task     ] GC(17) Using 3 of 6 workers for Concurrent thread roots
[2026-04-03T02:00:08.966+0600][19.342s][info][gc          ] GC(17) Concurrent thread roots 0.416ms
[2026-04-03T02:00:08.966+0600][19.342s][info][gc,start    ] GC(17) Concurrent weak references
[2026-04-03T02:00:08.966+0600][19.342s][info][gc,task     ] GC(17) Using 3 of 6 workers for concurrent weak references
[2026-04-03T02:00:08.967+0600][19.343s][info][gc,ref      ] GC(17) Encountered references: Soft: 3126, Weak: 5821, Final: 82, Phantom: 595
[2026-04-03T02:00:08.967+0600][19.343s][info][gc,ref      ] GC(17) Discovered  references: Soft: 0, Weak: 533, Final: 0, Phantom: 592
[2026-04-03T02:00:08.967+0600][19.343s][info][gc,ref      ] GC(17) Enqueued    references: Soft: 0, Weak: 67, Final: 0, Phantom: 0
[2026-04-03T02:00:08.967+0600][19.343s][info][gc          ] GC(17) Concurrent weak references 0.268ms
[2026-04-03T02:00:08.967+0600][19.343s][info][gc,start    ] GC(17) Concurrent weak roots
[2026-04-03T02:00:08.967+0600][19.343s][info][gc,task     ] GC(17) Using 3 of 6 workers for concurrent weak root
[2026-04-03T02:00:08.968+0600][19.344s][info][gc          ] GC(17) Concurrent weak roots 1.730ms
[2026-04-03T02:00:08.968+0600][19.344s][info][gc,start    ] GC(17) Concurrent cleanup
[2026-04-03T02:00:08.969+0600][19.345s][info][gc          ] GC(17) Concurrent cleanup 489M->276M(497M) 0.478ms
[2026-04-03T02:00:08.969+0600][19.345s][info][gc,ergo     ] GC(17) Free: 908M, Max: 512K regular, 592M humongous, Frag: 35% external, 0% internal; Reserve: 63981K, Max: 512K
[2026-04-03T02:00:08.969+0600][19.345s][info][gc,start    ] GC(17) Concurrent class unloading
[2026-04-03T02:00:08.969+0600][19.345s][info][gc,task     ] GC(17) Using 3 of 6 workers for concurrent class unloading
[2026-04-03T02:00:08.974+0600][19.350s][info][gc          ] GC(17) Concurrent class unloading 4.945ms
[2026-04-03T02:00:08.974+0600][19.350s][info][gc,start    ] GC(17) Concurrent strong roots
[2026-04-03T02:00:08.974+0600][19.350s][info][gc,task     ] GC(17) Using 3 of 6 workers for concurrent strong root
[2026-04-03T02:00:08.975+0600][19.351s][info][gc          ] GC(17) Concurrent strong roots 0.691ms
[2026-04-03T02:00:08.975+0600][19.351s][info][gc,start    ] GC(17) Concurrent evacuation
[2026-04-03T02:00:08.975+0600][19.351s][info][gc,task     ] GC(17) Using 3 of 6 workers for concurrent evacuation
[2026-04-03T02:00:08.976+0600][19.352s][info][gc          ] GC(17) Concurrent evacuation 1.026ms
[2026-04-03T02:00:08.976+0600][19.352s][info][gc,start    ] GC(17) Pause Init Update Refs
[2026-04-03T02:00:08.976+0600][19.352s][info][gc,ergo     ] GC(17) Pacer for Update Refs. Used: 284M, Free: 901M, Non-Taxable: 92282K, Alloc Tax Rate: 1.1x
[2026-04-03T02:00:08.976+0600][19.352s][info][gc          ] GC(17) Pause Init Update Refs 0.083ms
[2026-04-03T02:00:08.976+0600][19.352s][info][gc,start    ] GC(17) Concurrent update references
[2026-04-03T02:00:08.976+0600][19.352s][info][gc,task     ] GC(17) Using 3 of 6 workers for concurrent reference update
[2026-04-03T02:00:09.052+0600][19.428s][info][gc          ] GC(17) Concurrent update references 75.966ms
[2026-04-03T02:00:09.052+0600][19.428s][info][gc,start    ] GC(17) Concurrent update thread roots
[2026-04-03T02:00:09.053+0600][19.429s][info][gc          ] GC(17) Concurrent update thread roots 0.990ms
[2026-04-03T02:00:09.053+0600][19.429s][info][gc,start    ] GC(17) Pause Final Update Refs
[2026-04-03T02:00:09.053+0600][19.429s][info][gc,task     ] GC(17) Using 6 of 6 workers for final reference update
[2026-04-03T02:00:09.054+0600][19.430s][info][gc          ] GC(17) Pause Final Update Refs 0.166ms
[2026-04-03T02:00:09.054+0600][19.430s][info][gc,start    ] GC(17) Concurrent cleanup
[2026-04-03T02:00:09.054+0600][19.430s][info][gc          ] GC(17) Concurrent cleanup 377M->347M(497M) 0.537ms
[2026-04-03T02:00:09.054+0600][19.430s][info][gc,ergo     ] Free: 837M, Max: 512K regular, 592M humongous, Frag: 30% external, 0% internal; Reserve: 64000K, Max: 512K
[2026-04-03T02:00:09.054+0600][19.430s][info][gc,stats    ] 
[2026-04-03T02:00:09.054+0600][19.430s][info][gc,stats    ] All times are wall-clock times, except per-root-class counters, that are sum over
[2026-04-03T02:00:09.054+0600][19.430s][info][gc,stats    ] all workers. Dividing the <total> over the root stage time estimates parallelism.
[2026-04-03T02:00:09.054+0600][19.430s][info][gc,stats    ] 
[2026-04-03T02:00:09.054+0600][19.430s][info][gc,stats    ] Concurrent Reset                   1004 us
[2026-04-03T02:00:09.054+0600][19.430s][info][gc,stats    ] Pause Init Mark (G)                 453 us
[2026-04-03T02:00:09.054+0600][19.430s][info][gc,stats    ] Pause Init Mark (N)                 174 us
[2026-04-03T02:00:09.054+0600][19.430s][info][gc,stats    ]   Update Region States               35 us
[2026-04-03T02:00:09.054+0600][19.430s][info][gc,stats    ] Concurrent Mark Roots               791 us, parallelism: 1.72x
[2026-04-03T02:00:09.054+0600][19.430s][info][gc,stats    ]   CMR: <total>                     1362 us
[2026-04-03T02:00:09.054+0600][19.430s][info][gc,stats    ]   CMR: Thread Roots                1083 us, workers (us): 228, 427, 428, ---, ---, ---, 
[2026-04-03T02:00:09.054+0600][19.430s][info][gc,stats    ]   CMR: VM Strong Roots               76 us, workers (us):  58,  14,   4, ---, ---, ---, 
[2026-04-03T02:00:09.054+0600][19.430s][info][gc,stats    ]   CMR: CLDG Roots                   203 us, workers (us): 203, ---, ---, ---, ---, ---, 
[2026-04-03T02:00:09.054+0600][19.430s][info][gc,stats    ] Concurrent Marking                79880 us
[2026-04-03T02:00:09.054+0600][19.430s][info][gc,stats    ] Pause Final Mark (G)                779 us
[2026-04-03T02:00:09.054+0600][19.430s][info][gc,stats    ] Pause Final Mark (N)                509 us
[2026-04-03T02:00:09.054+0600][19.430s][info][gc,stats    ]   Finish Mark                       169 us
[2026-04-03T02:00:09.054+0600][19.430s][info][gc,stats    ]   Update Region States               34 us
[2026-04-03T02:00:09.054+0600][19.430s][info][gc,stats    ]   Choose Collection Set             170 us
[2026-04-03T02:00:09.054+0600][19.430s][info][gc,stats    ]   Rebuild Free Set                   27 us
[2026-04-03T02:00:09.054+0600][19.430s][info][gc,stats    ] Concurrent Thread Roots             438 us, parallelism: 2.00x
[2026-04-03T02:00:09.054+0600][19.430s][info][gc,stats    ]   CTR: <total>                      876 us
[2026-04-03T02:00:09.054+0600][19.430s][info][gc,stats    ]   CTR: Thread Roots                 876 us, workers (us): 314, 303, 259, ---, ---, ---, 
[2026-04-03T02:00:09.054+0600][19.430s][info][gc,stats    ] Concurrent Weak References          275 us, parallelism: 0.74x
[2026-04-03T02:00:09.054+0600][19.430s][info][gc,stats    ]   CWRF: <total>                     203 us
[2026-04-03T02:00:09.054+0600][19.430s][info][gc,stats    ]   CWRF: Weak References             203 us, workers (us):  74,  13, 117, ---, ---, ---, 
[2026-04-03T02:00:09.054+0600][19.430s][info][gc,stats    ] Concurrent Weak Roots              1782 us
[2026-04-03T02:00:09.054+0600][19.430s][info][gc,stats    ]   Roots                            1507 us, parallelism: 2.42x
[2026-04-03T02:00:09.054+0600][19.430s][info][gc,stats    ]     CWR: <total>                   3647 us
[2026-04-03T02:00:09.054+0600][19.431s][info][gc,stats    ]     CWR: Code Cache Roots          2299 us, workers (us): 738, 762, 799, ---, ---, ---, 
[2026-04-03T02:00:09.054+0600][19.431s][info][gc,stats    ]     CWR: VM Weak Roots             1309 us, workers (us): 466, 470, 373, ---, ---, ---, 
[2026-04-03T02:00:09.054+0600][19.431s][info][gc,stats    ]     CWR: CLDG Roots                  39 us, workers (us):  39, ---, ---, ---, ---, ---, 
[2026-04-03T02:00:09.054+0600][19.431s][info][gc,stats    ]   Rendezvous                        205 us
[2026-04-03T02:00:09.054+0600][19.431s][info][gc,stats    ] Concurrent Cleanup                  493 us
[2026-04-03T02:00:09.055+0600][19.431s][info][gc,stats    ] Concurrent Class Unloading         5012 us
[2026-04-03T02:00:09.055+0600][19.431s][info][gc,stats    ]   Unlink Stale                     4549 us
[2026-04-03T02:00:09.055+0600][19.431s][info][gc,stats    ]     System Dictionary               117 us
[2026-04-03T02:00:09.055+0600][19.431s][info][gc,stats    ]     Weak Class Links                  0 us
[2026-04-03T02:00:09.055+0600][19.431s][info][gc,stats    ]     Code Roots                     4429 us
[2026-04-03T02:00:09.055+0600][19.431s][info][gc,stats    ]   Rendezvous                        223 us
[2026-04-03T02:00:09.055+0600][19.431s][info][gc,stats    ]   Purge Unlinked                    151 us
[2026-04-03T02:00:09.055+0600][19.431s][info][gc,stats    ]     Code Roots                      144 us
[2026-04-03T02:00:09.055+0600][19.431s][info][gc,stats    ]     CLDG                              6 us
[2026-04-03T02:00:09.055+0600][19.431s][info][gc,stats    ]     Exception Caches                  0 us
[2026-04-03T02:00:09.055+0600][19.431s][info][gc,stats    ] Concurrent Strong Roots             740 us, parallelism: 0.63x
[2026-04-03T02:00:09.055+0600][19.431s][info][gc,stats    ]   CSR: <total>                      463 us
[2026-04-03T02:00:09.055+0600][19.431s][info][gc,stats    ]   CSR: VM Strong Roots               26 us, workers (us):  19,   4,   3, ---, ---, ---, 
[2026-04-03T02:00:09.055+0600][19.431s][info][gc,stats    ]   CSR: CLDG Roots                   437 us, workers (us): 437, ---, ---, ---, ---, ---, 
[2026-04-03T02:00:09.055+0600][19.431s][info][gc,stats    ] Concurrent Evacuation              1092 us
[2026-04-03T02:00:09.055+0600][19.431s][info][gc,stats    ] Pause Init Update Refs (G)          314 us
[2026-04-03T02:00:09.055+0600][19.431s][info][gc,stats    ] Pause Init Update Refs (N)           97 us
[2026-04-03T02:00:09.055+0600][19.431s][info][gc,stats    ]   Manage GCLABs                      12 us
[2026-04-03T02:00:09.055+0600][19.431s][info][gc,stats    ] Concurrent Update Refs            76050 us
[2026-04-03T02:00:09.055+0600][19.431s][info][gc,stats    ] Concurrent Update Thread Roots     1044 us
[2026-04-03T02:00:09.055+0600][19.431s][info][gc,stats    ] Pause Final Update Refs (G)         527 us
[2026-04-03T02:00:09.055+0600][19.431s][info][gc,stats    ] Pause Final Update Refs (N)         181 us
[2026-04-03T02:00:09.055+0600][19.431s][info][gc,stats    ]   Update Region States               47 us
[2026-04-03T02:00:09.055+0600][19.431s][info][gc,stats    ]   Trash Collection Set                9 us
[2026-04-03T02:00:09.055+0600][19.431s][info][gc,stats    ]   Rebuild Free Set                   25 us
[2026-04-03T02:00:09.055+0600][19.431s][info][gc,stats    ] Concurrent Cleanup                  554 us
[2026-04-03T02:00:09.055+0600][19.431s][info][gc,stats    ] 
[2026-04-03T02:00:09.055+0600][19.431s][info][gc,stats    ] Allocation pacing accrued:
[2026-04-03T02:00:09.055+0600][19.431s][info][gc,stats    ]       0 of   173 ms (  0.0%): <total>
[2026-04-03T02:00:09.055+0600][19.431s][info][gc,stats    ]       0 of   173 ms (  0.0%): <average total>
[2026-04-03T02:00:09.055+0600][19.431s][info][gc,stats    ] 
[2026-04-03T02:00:09.055+0600][19.431s][info][gc,metaspace] Metaspace: 66657K(67456K)->66658K(67456K) NonClass: 58183K(58624K)->58184K(58624K) Class: 8473K(8832K)->8473K(8832K)
[2026-04-03T02:00:09.055+0600][19.431s][info][gc,ergo     ] Pacer for Idle. Initial: 25600K, Alloc Tax Rate: 1.0x
[2026-04-03T02:00:09.334+0600][19.710s][info][gc          ] Trigger: Explicit GC request (System.gc())
[2026-04-03T02:00:09.334+0600][19.710s][info][gc,ergo     ] Free: 537M, Max: 512K regular, 537M humongous, Frag: 0% external, 0% internal; Reserve: 64000K, Max: 512K
[2026-04-03T02:00:09.334+0600][19.710s][info][gc,start    ] GC(18) Concurrent reset
[2026-04-03T02:00:09.334+0600][19.710s][info][gc,task     ] GC(18) Using 3 of 6 workers for concurrent reset
[2026-04-03T02:00:09.334+0600][19.710s][info][gc,ergo     ] GC(18) Pacer for Reset. Non-Taxable: 1250M
[2026-04-03T02:00:09.336+0600][19.712s][info][gc          ] GC(18) Concurrent reset 1.381ms
[2026-04-03T02:00:09.336+0600][19.712s][info][gc,start    ] GC(18) Pause Init Mark (unload classes)
[2026-04-03T02:00:09.336+0600][19.712s][info][gc,task     ] GC(18) Using 6 of 6 workers for init marking
[2026-04-03T02:00:09.336+0600][19.712s][info][gc,ref      ] GC(18) Clearing All SoftReferences
[2026-04-03T02:00:09.336+0600][19.712s][info][gc,ergo     ] GC(18) Pacer for Mark. Expected Live: 172M, Free: 537M, Non-Taxable: 55011K, Alloc Tax Rate: 0.4x
[2026-04-03T02:00:09.336+0600][19.712s][info][gc          ] GC(18) Pause Init Mark (unload classes) 0.134ms
[2026-04-03T02:00:09.336+0600][19.712s][info][gc,start    ] GC(18) Concurrent marking roots
[2026-04-03T02:00:09.336+0600][19.712s][info][gc,task     ] GC(18) Using 3 of 6 workers for concurrent marking roots
[2026-04-03T02:00:09.337+0600][19.713s][info][gc          ] GC(18) Concurrent marking roots 0.802ms
[2026-04-03T02:00:09.337+0600][19.713s][info][gc,start    ] GC(18) Concurrent marking (unload classes)
[2026-04-03T02:00:09.337+0600][19.713s][info][gc,task     ] GC(18) Using 3 of 6 workers for concurrent marking
[2026-04-03T02:00:09.409+0600][19.785s][info][gc          ] GC(18) Concurrent marking (unload classes) 72.405ms
[2026-04-03T02:00:09.409+0600][19.786s][info][gc,start    ] GC(18) Pause Final Mark (unload classes)
[2026-04-03T02:00:09.410+0600][19.786s][info][gc,task     ] GC(18) Using 6 of 6 workers for final marking
[2026-04-03T02:00:09.410+0600][19.786s][info][gc,ergo     ] GC(18) Collectable Garbage: 459M (96%), Immediate: 459M (96%), CSet: 0B (0%)
[2026-04-03T02:00:09.410+0600][19.786s][info][gc          ] GC(18) Pause Final Mark (unload classes) 0.707ms
[2026-04-03T02:00:09.410+0600][19.786s][info][gc,start    ] GC(18) Concurrent weak references
[2026-04-03T02:00:09.410+0600][19.786s][info][gc,task     ] GC(18) Using 3 of 6 workers for concurrent weak references
[2026-04-03T02:00:09.411+0600][19.787s][info][gc,ref      ] GC(18) Encountered references: Soft: 3031, Weak: 5762, Final: 82, Phantom: 595
[2026-04-03T02:00:09.411+0600][19.787s][info][gc,ref      ] GC(18) Discovered  references: Soft: 722, Weak: 3797, Final: 66, Phantom: 593
[2026-04-03T02:00:09.411+0600][19.787s][info][gc,ref      ] GC(18) Enqueued    references: Soft: 320, Weak: 203, Final: 0, Phantom: 0
[2026-04-03T02:00:09.411+0600][19.787s][info][gc          ] GC(18) Concurrent weak references 0.820ms
[2026-04-03T02:00:09.411+0600][19.787s][info][gc,start    ] GC(18) Concurrent weak roots
[2026-04-03T02:00:09.411+0600][19.787s][info][gc,task     ] GC(18) Using 3 of 6 workers for concurrent weak root
[2026-04-03T02:00:09.413+0600][19.789s][info][gc          ] GC(18) Concurrent weak roots 1.761ms
[2026-04-03T02:00:09.413+0600][19.789s][info][gc,start    ] GC(18) Concurrent cleanup
[2026-04-03T02:00:09.413+0600][19.789s][info][gc          ] GC(18) Concurrent cleanup 646M->186M(657M) 0.266ms
[2026-04-03T02:00:09.413+0600][19.789s][info][gc,ergo     ] GC(18) Free: 998M, Max: 512K regular, 536M humongous, Frag: 47% external, 0% internal; Reserve: 64000K, Max: 512K
[2026-04-03T02:00:09.413+0600][19.789s][info][gc,start    ] GC(18) Concurrent class unloading
[2026-04-03T02:00:09.413+0600][19.789s][info][gc,task     ] GC(18) Using 3 of 6 workers for concurrent class unloading
[2026-04-03T02:00:09.431+0600][19.807s][info][gc          ] GC(18) Concurrent class unloading 17.984ms
[2026-04-03T02:00:09.432+0600][19.808s][info][gc,start    ] GC(18) Pause Final Roots
[2026-04-03T02:00:09.432+0600][19.808s][info][gc          ] GC(18) Pause Final Roots 0.080ms
[2026-04-03T02:00:09.432+0600][19.808s][info][gc,ergo     ] Free: 991M, Max: 512K regular, 536M humongous, Frag: 46% external, 0% internal; Reserve: 64000K, Max: 512K
[2026-04-03T02:00:09.432+0600][19.808s][info][gc,stats    ] 
[2026-04-03T02:00:09.432+0600][19.808s][info][gc,stats    ] All times are wall-clock times, except per-root-class counters, that are sum over
[2026-04-03T02:00:09.432+0600][19.808s][info][gc,stats    ] all workers. Dividing the <total> over the root stage time estimates parallelism.
[2026-04-03T02:00:09.432+0600][19.808s][info][gc,stats    ] 
[2026-04-03T02:00:09.432+0600][19.808s][info][gc,stats    ] Concurrent Reset                   1452 us
[2026-04-03T02:00:09.432+0600][19.808s][info][gc,stats    ] Pause Init Mark (G)                 388 us
[2026-04-03T02:00:09.432+0600][19.808s][info][gc,stats    ] Pause Init Mark (N)                 146 us
[2026-04-03T02:00:09.432+0600][19.808s][info][gc,stats    ]   Update Region States               30 us
[2026-04-03T02:00:09.432+0600][19.808s][info][gc,stats    ] Concurrent Mark Roots               849 us, parallelism: 1.57x
[2026-04-03T02:00:09.432+0600][19.808s][info][gc,stats    ]   CMR: <total>                     1335 us
[2026-04-03T02:00:09.432+0600][19.808s][info][gc,stats    ]   CMR: Thread Roots                1097 us, workers (us): 236, 441, 420, ---, ---, ---, 
[2026-04-03T02:00:09.432+0600][19.808s][info][gc,stats    ]   CMR: VM Strong Roots               19 us, workers (us):  17,   1,   0, ---, ---, ---, 
[2026-04-03T02:00:09.432+0600][19.808s][info][gc,stats    ]   CMR: CLDG Roots                   220 us, workers (us): 220, ---, ---, ---, ---, ---, 
[2026-04-03T02:00:09.432+0600][19.808s][info][gc,stats    ] Concurrent Marking                72475 us
[2026-04-03T02:00:09.432+0600][19.808s][info][gc,stats    ] Pause Final Mark (G)                912 us
[2026-04-03T02:00:09.432+0600][19.808s][info][gc,stats    ] Pause Final Mark (N)                722 us
[2026-04-03T02:00:09.432+0600][19.808s][info][gc,stats    ]   Finish Mark                       324 us
[2026-04-03T02:00:09.432+0600][19.808s][info][gc,stats    ]   Update Region States              148 us
[2026-04-03T02:00:09.432+0600][19.808s][info][gc,stats    ]   Choose Collection Set             117 us
[2026-04-03T02:00:09.432+0600][19.808s][info][gc,stats    ]   Rebuild Free Set                   23 us
[2026-04-03T02:00:09.432+0600][19.808s][info][gc,stats    ] Concurrent Weak References          830 us, parallelism: 0.97x
[2026-04-03T02:00:09.432+0600][19.808s][info][gc,stats    ]   CWRF: <total>                     809 us
[2026-04-03T02:00:09.432+0600][19.808s][info][gc,stats    ]   CWRF: Weak References             809 us, workers (us): 511, 218,  79, ---, ---, ---, 
[2026-04-03T02:00:09.432+0600][19.808s][info][gc,stats    ] Concurrent Weak Roots              1860 us
[2026-04-03T02:00:09.432+0600][19.808s][info][gc,stats    ]   Roots                            1468 us, parallelism: 2.30x
[2026-04-03T02:00:09.432+0600][19.808s][info][gc,stats    ]     CWR: <total>                   3376 us
[2026-04-03T02:00:09.432+0600][19.808s][info][gc,stats    ]     CWR: Code Cache Roots          2226 us, workers (us): 770, 769, 687, ---, ---, ---, 
[2026-04-03T02:00:09.432+0600][19.808s][info][gc,stats    ]     CWR: VM Weak Roots             1023 us, workers (us): 405, 315, 302, ---, ---, ---, 
[2026-04-03T02:00:09.432+0600][19.808s][info][gc,stats    ]     CWR: CLDG Roots                 127 us, workers (us): ---, ---, 127, ---, ---, ---, 
[2026-04-03T02:00:09.432+0600][19.808s][info][gc,stats    ]   Rendezvous                        271 us
[2026-04-03T02:00:09.432+0600][19.808s][info][gc,stats    ] Concurrent Cleanup                  317 us
[2026-04-03T02:00:09.432+0600][19.808s][info][gc,stats    ] Concurrent Class Unloading        18075 us
[2026-04-03T02:00:09.432+0600][19.808s][info][gc,stats    ]   Unlink Stale                    16682 us
[2026-04-03T02:00:09.432+0600][19.808s][info][gc,stats    ]     System Dictionary               548 us
[2026-04-03T02:00:09.432+0600][19.808s][info][gc,stats    ]     Weak Class Links              11581 us
[2026-04-03T02:00:09.432+0600][19.808s][info][gc,stats    ]     Code Roots                     4548 us
[2026-04-03T02:00:09.432+0600][19.808s][info][gc,stats    ]   Rendezvous                        316 us
[2026-04-03T02:00:09.432+0600][19.808s][info][gc,stats    ]   Purge Unlinked                    935 us
[2026-04-03T02:00:09.432+0600][19.808s][info][gc,stats    ]     Code Roots                      314 us
[2026-04-03T02:00:09.432+0600][19.808s][info][gc,stats    ]     CLDG                            620 us
[2026-04-03T02:00:09.432+0600][19.808s][info][gc,stats    ]     Exception Caches                  0 us
[2026-04-03T02:00:09.432+0600][19.808s][info][gc,stats    ] Pause Final Roots (G)               417 us
[2026-04-03T02:00:09.432+0600][19.809s][info][gc,stats    ] Pause Final Roots (N)                96 us
[2026-04-03T02:00:09.432+0600][19.809s][info][gc,stats    ] 
[2026-04-03T02:00:09.432+0600][19.809s][info][gc,stats    ] Allocation pacing accrued:
[2026-04-03T02:00:09.433+0600][19.809s][info][gc,stats    ]       0 of   378 ms (  0.0%): <total>
[2026-04-03T02:00:09.433+0600][19.809s][info][gc,stats    ]       0 of   378 ms (  0.0%): <average total>
[2026-04-03T02:00:09.433+0600][19.809s][info][gc,stats    ] 
[2026-04-03T02:00:09.433+0600][19.809s][info][gc,metaspace] Metaspace: 66744K(67520K)->66421K(67584K) NonClass: 58269K(58688K)->58005K(58752K) Class: 8475K(8832K)->8416K(8832K)
[2026-04-03T02:00:09.433+0600][19.809s][info][gc,ergo     ] Pacer for Idle. Initial: 25600K, Alloc Tax Rate: 1.0x
[2026-04-03T02:00:09.433+0600][19.809s][info][gc,start    ] Concurrent uncommit
[2026-04-03T02:00:09.505+0600][19.881s][info][gc          ] Concurrent uncommit 194M->201M(205M) 71.925ms
[2026-04-03T02:00:09.790+0600][20.166s][info][gc          ] Trigger: Learning 2 of 5. Free (874M) is below initial threshold (875M)
[2026-04-03T02:00:09.790+0600][20.166s][info][gc,ergo     ] Free: 874M, Max: 512K regular, 536M humongous, Frag: 39% external, 0% internal; Reserve: 64000K, Max: 512K
[2026-04-03T02:00:09.790+0600][20.166s][info][gc,start    ] GC(19) Concurrent reset
[2026-04-03T02:00:09.790+0600][20.166s][info][gc,task     ] GC(19) Using 3 of 6 workers for concurrent reset
[2026-04-03T02:00:09.790+0600][20.166s][info][gc,ergo     ] GC(19) Pacer for Reset. Non-Taxable: 1250M
[2026-04-03T02:00:09.791+0600][20.167s][info][gc          ] GC(19) Concurrent reset 0.714ms
[2026-04-03T02:00:09.791+0600][20.167s][info][gc,start    ] GC(19) Pause Init Mark (unload classes)
[2026-04-03T02:00:09.791+0600][20.167s][info][gc,task     ] GC(19) Using 6 of 6 workers for init marking
[2026-04-03T02:00:09.791+0600][20.167s][info][gc,ergo     ] GC(19) Pacer for Mark. Expected Live: 172M, Free: 874M, Non-Taxable: 89511K, Alloc Tax Rate: 0.2x
[2026-04-03T02:00:09.791+0600][20.167s][info][gc          ] GC(19) Pause Init Mark (unload classes) 0.125ms
[2026-04-03T02:00:09.791+0600][20.167s][info][gc,start    ] GC(19) Concurrent marking roots
[2026-04-03T02:00:09.791+0600][20.167s][info][gc,task     ] GC(19) Using 3 of 6 workers for concurrent marking roots
[2026-04-03T02:00:09.792+0600][20.168s][info][gc          ] GC(19) Concurrent marking roots 0.793ms
[2026-04-03T02:00:09.792+0600][20.168s][info][gc,start    ] GC(19) Concurrent marking (unload classes)
[2026-04-03T02:00:09.792+0600][20.168s][info][gc,task     ] GC(19) Using 3 of 6 workers for concurrent marking
[2026-04-03T02:00:09.875+0600][20.251s][info][gc          ] GC(19) Concurrent marking (unload classes) 83.012ms
[2026-04-03T02:00:09.875+0600][20.251s][info][gc,start    ] GC(19) Pause Final Mark (unload classes)
[2026-04-03T02:00:09.875+0600][20.251s][info][gc,task     ] GC(19) Using 6 of 6 workers for final marking
[2026-04-03T02:00:09.875+0600][20.251s][info][gc,ergo     ] GC(19) Adaptive CSet Selection. Target Free: 177M, Actual Free: 964M, Max CSet: 53333K, Min Garbage: 0B
[2026-04-03T02:00:09.875+0600][20.252s][info][gc,ergo     ] GC(19) Collectable Garbage: 132M (97%), Immediate: 99649K (71%), CSet: 36479K (26%)
[2026-04-03T02:00:09.876+0600][20.252s][info][gc,ergo     ] GC(19) Pacer for Evacuation. Used CSet: 38883K, Free: 905M, Non-Taxable: 92682K, Alloc Tax Rate: 1.1x
[2026-04-03T02:00:09.876+0600][20.252s][info][gc          ] GC(19) Pause Final Mark (unload classes) 0.622ms
[2026-04-03T02:00:09.876+0600][20.252s][info][gc,start    ] GC(19) Concurrent thread roots
[2026-04-03T02:00:09.876+0600][20.252s][info][gc,task     ] GC(19) Using 3 of 6 workers for Concurrent thread roots
[2026-04-03T02:00:09.876+0600][20.252s][info][gc          ] GC(19) Concurrent thread roots 0.595ms
[2026-04-03T02:00:09.876+0600][20.252s][info][gc,start    ] GC(19) Concurrent weak references
[2026-04-03T02:00:09.876+0600][20.252s][info][gc,task     ] GC(19) Using 3 of 6 workers for concurrent weak references
[2026-04-03T02:00:09.877+0600][20.253s][info][gc,ref      ] GC(19) Encountered references: Soft: 3115, Weak: 6003, Final: 82, Phantom: 595
[2026-04-03T02:00:09.877+0600][20.253s][info][gc,ref      ] GC(19) Discovered  references: Soft: 0, Weak: 614, Final: 0, Phantom: 592
[2026-04-03T02:00:09.877+0600][20.253s][info][gc,ref      ] GC(19) Enqueued    references: Soft: 0, Weak: 194, Final: 0, Phantom: 0
[2026-04-03T02:00:09.877+0600][20.253s][info][gc          ] GC(19) Concurrent weak references 0.384ms
[2026-04-03T02:00:09.877+0600][20.253s][info][gc,start    ] GC(19) Concurrent weak roots
[2026-04-03T02:00:09.877+0600][20.253s][info][gc,task     ] GC(19) Using 3 of 6 workers for concurrent weak root
[2026-04-03T02:00:09.880+0600][20.256s][info][gc          ] GC(19) Concurrent weak roots 2.872ms
[2026-04-03T02:00:09.880+0600][20.256s][info][gc,start    ] GC(19) Concurrent cleanup
[2026-04-03T02:00:09.880+0600][20.256s][info][gc          ] GC(19) Concurrent cleanup 380M->284M(385M) 0.422ms
[2026-04-03T02:00:09.880+0600][20.256s][info][gc,ergo     ] GC(19) Free: 901M, Max: 512K regular, 536M humongous, Frag: 41% external, 0% internal; Reserve: 63538K, Max: 512K
[2026-04-03T02:00:09.880+0600][20.256s][info][gc,start    ] GC(19) Concurrent class unloading
[2026-04-03T02:00:09.880+0600][20.256s][info][gc,task     ] GC(19) Using 3 of 6 workers for concurrent class unloading
[2026-04-03T02:00:09.895+0600][20.271s][info][gc          ] GC(19) Concurrent class unloading 15.007ms
[2026-04-03T02:00:09.895+0600][20.271s][info][gc,start    ] GC(19) Concurrent strong roots
[2026-04-03T02:00:09.895+0600][20.271s][info][gc,task     ] GC(19) Using 3 of 6 workers for concurrent strong root
[2026-04-03T02:00:09.896+0600][20.273s][info][gc          ] GC(19) Concurrent strong roots 1.197ms
[2026-04-03T02:00:09.897+0600][20.273s][info][gc,start    ] GC(19) Concurrent evacuation
[2026-04-03T02:00:09.897+0600][20.273s][info][gc,task     ] GC(19) Using 3 of 6 workers for concurrent evacuation
[2026-04-03T02:00:09.899+0600][20.275s][info][gc          ] GC(19) Concurrent evacuation 2.529ms
[2026-04-03T02:00:09.899+0600][20.275s][info][gc,start    ] GC(19) Pause Init Update Refs
[2026-04-03T02:00:09.899+0600][20.275s][info][gc,ergo     ] GC(19) Pacer for Update Refs. Used: 300M, Free: 888M, Non-Taxable: 90942K, Alloc Tax Rate: 1.1x
[2026-04-03T02:00:09.899+0600][20.275s][info][gc          ] GC(19) Pause Init Update Refs 0.120ms
[2026-04-03T02:00:09.899+0600][20.275s][info][gc,start    ] GC(19) Concurrent update references
[2026-04-03T02:00:09.900+0600][20.276s][info][gc,task     ] GC(19) Using 3 of 6 workers for concurrent reference update
[2026-04-03T02:00:09.982+0600][20.358s][info][gc          ] GC(19) Concurrent update references 82.036ms
[2026-04-03T02:00:09.982+0600][20.358s][info][gc,start    ] GC(19) Concurrent update thread roots
[2026-04-03T02:00:09.982+0600][20.358s][info][gc          ] GC(19) Concurrent update thread roots 0.818ms
[2026-04-03T02:00:09.982+0600][20.359s][info][gc,start    ] GC(19) Pause Final Update Refs
[2026-04-03T02:00:09.983+0600][20.359s][info][gc,task     ] GC(19) Using 6 of 6 workers for final reference update
[2026-04-03T02:00:09.983+0600][20.359s][info][gc          ] GC(19) Pause Final Update Refs 0.139ms
[2026-04-03T02:00:09.983+0600][20.359s][info][gc,start    ] GC(19) Concurrent cleanup
[2026-04-03T02:00:09.983+0600][20.359s][info][gc          ] GC(19) Concurrent cleanup 363M->325M(388M) 0.405ms
[2026-04-03T02:00:09.983+0600][20.359s][info][gc,ergo     ] Free: 859M, Max: 512K regular, 535M humongous, Frag: 38% external, 0% internal; Reserve: 64000K, Max: 512K
[2026-04-03T02:00:09.983+0600][20.359s][info][gc,stats    ] 
[2026-04-03T02:00:09.983+0600][20.359s][info][gc,stats    ] All times are wall-clock times, except per-root-class counters, that are sum over
[2026-04-03T02:00:09.983+0600][20.359s][info][gc,stats    ] all workers. Dividing the <total> over the root stage time estimates parallelism.
[2026-04-03T02:00:09.983+0600][20.359s][info][gc,stats    ] 
[2026-04-03T02:00:09.983+0600][20.359s][info][gc,stats    ] Concurrent Reset                    742 us
[2026-04-03T02:00:09.983+0600][20.359s][info][gc,stats    ] Pause Init Mark (G)                 381 us
[2026-04-03T02:00:09.983+0600][20.359s][info][gc,stats    ] Pause Init Mark (N)                 135 us
[2026-04-03T02:00:09.983+0600][20.359s][info][gc,stats    ]   Update Region States               30 us
[2026-04-03T02:00:09.983+0600][20.359s][info][gc,stats    ] Concurrent Mark Roots               818 us, parallelism: 1.84x
[2026-04-03T02:00:09.983+0600][20.359s][info][gc,stats    ]   CMR: <total>                     1505 us
[2026-04-03T02:00:09.983+0600][20.359s][info][gc,stats    ]   CMR: Thread Roots                1126 us, workers (us): 433, 438, 255, ---, ---, ---, 
[2026-04-03T02:00:09.983+0600][20.359s][info][gc,stats    ]   CMR: VM Strong Roots              142 us, workers (us):  68,  63,  11, ---, ---, ---, 
[2026-04-03T02:00:09.983+0600][20.359s][info][gc,stats    ]   CMR: CLDG Roots                   237 us, workers (us): ---, ---, 237, ---, ---, ---, 
[2026-04-03T02:00:09.983+0600][20.359s][info][gc,stats    ] Concurrent Marking                83091 us
[2026-04-03T02:00:09.983+0600][20.359s][info][gc,stats    ] Pause Final Mark (G)                831 us
[2026-04-03T02:00:09.983+0600][20.359s][info][gc,stats    ] Pause Final Mark (N)                636 us
[2026-04-03T02:00:09.983+0600][20.359s][info][gc,stats    ]   Finish Mark                       250 us
[2026-04-03T02:00:09.983+0600][20.359s][info][gc,stats    ]   Update Region States               42 us
[2026-04-03T02:00:09.983+0600][20.359s][info][gc,stats    ]   Choose Collection Set             177 us
[2026-04-03T02:00:09.983+0600][20.359s][info][gc,stats    ]   Rebuild Free Set                   25 us
[2026-04-03T02:00:09.983+0600][20.359s][info][gc,stats    ] Concurrent Thread Roots             618 us, parallelism: 1.90x
[2026-04-03T02:00:09.983+0600][20.359s][info][gc,stats    ]   CTR: <total>                     1172 us
[2026-04-03T02:00:09.983+0600][20.359s][info][gc,stats    ]   CTR: Thread Roots                1172 us, workers (us): 425, 382, 365, ---, ---, ---, 
[2026-04-03T02:00:09.983+0600][20.359s][info][gc,stats    ] Concurrent Weak References          395 us, parallelism: 0.91x
[2026-04-03T02:00:09.983+0600][20.359s][info][gc,stats    ]   CWRF: <total>                     360 us
[2026-04-03T02:00:09.983+0600][20.359s][info][gc,stats    ]   CWRF: Weak References             360 us, workers (us): 212, 135,  14, ---, ---, ---, 
[2026-04-03T02:00:09.983+0600][20.359s][info][gc,stats    ] Concurrent Weak Roots              2960 us
[2026-04-03T02:00:09.983+0600][20.359s][info][gc,stats    ]   Roots                            2581 us, parallelism: 2.53x
[2026-04-03T02:00:09.983+0600][20.359s][info][gc,stats    ]     CWR: <total>                   6527 us
[2026-04-03T02:00:09.983+0600][20.359s][info][gc,stats    ]     CWR: Code Cache Roots          3885 us, workers (us): 1246, 1278, 1361, ---, ---, ---, 
[2026-04-03T02:00:09.983+0600][20.359s][info][gc,stats    ]     CWR: VM Weak Roots             2553 us, workers (us): 854, 853, 846, ---, ---, ---, 
[2026-04-03T02:00:09.983+0600][20.359s][info][gc,stats    ]     CWR: CLDG Roots                  89 us, workers (us):  89, ---, ---, ---, ---, ---, 
[2026-04-03T02:00:09.983+0600][20.359s][info][gc,stats    ]   Rendezvous                        267 us
[2026-04-03T02:00:09.983+0600][20.359s][info][gc,stats    ] Concurrent Cleanup                  437 us
[2026-04-03T02:00:09.983+0600][20.359s][info][gc,stats    ] Concurrent Class Unloading        15087 us
[2026-04-03T02:00:09.983+0600][20.359s][info][gc,stats    ]   Unlink Stale                    14311 us
[2026-04-03T02:00:09.983+0600][20.359s][info][gc,stats    ]     System Dictionary               223 us
[2026-04-03T02:00:09.983+0600][20.359s][info][gc,stats    ]     Weak Class Links               8774 us
[2026-04-03T02:00:09.983+0600][20.359s][info][gc,stats    ]     Code Roots                     5309 us
[2026-04-03T02:00:09.983+0600][20.359s][info][gc,stats    ]   Rendezvous                        290 us
[2026-04-03T02:00:09.983+0600][20.359s][info][gc,stats    ]   Purge Unlinked                    381 us
[2026-04-03T02:00:09.983+0600][20.359s][info][gc,stats    ]     Code Roots                      341 us
[2026-04-03T02:00:09.983+0600][20.359s][info][gc,stats    ]     CLDG                             40 us
[2026-04-03T02:00:09.983+0600][20.359s][info][gc,stats    ]     Exception Caches                  1 us
[2026-04-03T02:00:09.983+0600][20.359s][info][gc,stats    ] Concurrent Strong Roots            1254 us, parallelism: 0.69x
[2026-04-03T02:00:09.983+0600][20.359s][info][gc,stats    ]   CSR: <total>                      867 us
[2026-04-03T02:00:09.983+0600][20.360s][info][gc,stats    ]   CSR: VM Strong Roots               47 us, workers (us):  22,  17,   9, ---, ---, ---, 
[2026-04-03T02:00:09.983+0600][20.360s][info][gc,stats    ]   CSR: CLDG Roots                   820 us, workers (us): ---, ---, 820, ---, ---, ---, 
[2026-04-03T02:00:09.983+0600][20.360s][info][gc,stats    ] Concurrent Evacuation              2590 us
[2026-04-03T02:00:09.983+0600][20.360s][info][gc,stats    ] Pause Init Update Refs (G)          337 us
[2026-04-03T02:00:09.983+0600][20.360s][info][gc,stats    ] Pause Init Update Refs (N)          134 us
[2026-04-03T02:00:09.984+0600][20.360s][info][gc,stats    ]   Manage GCLABs                      31 us
[2026-04-03T02:00:09.984+0600][20.360s][info][gc,stats    ] Concurrent Update Refs            82115 us
[2026-04-03T02:00:09.984+0600][20.360s][info][gc,stats    ] Concurrent Update Thread Roots      871 us
[2026-04-03T02:00:09.984+0600][20.360s][info][gc,stats    ] Pause Final Update Refs (G)         218 us
[2026-04-03T02:00:09.984+0600][20.360s][info][gc,stats    ] Pause Final Update Refs (N)         147 us
[2026-04-03T02:00:09.984+0600][20.360s][info][gc,stats    ]   Update Region States               66 us
[2026-04-03T02:00:09.984+0600][20.360s][info][gc,stats    ]   Trash Collection Set                7 us
[2026-04-03T02:00:09.984+0600][20.360s][info][gc,stats    ]   Rebuild Free Set                   26 us
[2026-04-03T02:00:09.984+0600][20.360s][info][gc,stats    ] Concurrent Cleanup                  417 us
[2026-04-03T02:00:09.984+0600][20.360s][info][gc,stats    ] 
[2026-04-03T02:00:09.984+0600][20.360s][info][gc,stats    ] Allocation pacing accrued:
[2026-04-03T02:00:09.984+0600][20.360s][info][gc,stats    ]       0 of   551 ms (  0.0%): <total>
[2026-04-03T02:00:09.984+0600][20.360s][info][gc,stats    ]       0 of   551 ms (  0.0%): <average total>
[2026-04-03T02:00:09.984+0600][20.360s][info][gc,stats    ] 
[2026-04-03T02:00:09.984+0600][20.360s][info][gc,metaspace] Metaspace: 66855K(67712K)->66857K(67712K) NonClass: 58381K(58880K)->58384K(58880K) Class: 8474K(8832K)->8473K(8832K)
[2026-04-03T02:00:09.984+0600][20.360s][info][gc,ergo     ] Pacer for Idle. Initial: 25600K, Alloc Tax Rate: 1.0x
[2026-04-03T02:00:09.985+0600][20.361s][info][gc          ] Trigger: Learning 3 of 5. Free (858M) is below initial threshold (875M)
[2026-04-03T02:00:09.985+0600][20.361s][info][gc,ergo     ] Free: 858M, Max: 512K regular, 535M humongous, Frag: 38% external, 0% internal; Reserve: 64000K, Max: 512K
[2026-04-03T02:00:09.985+0600][20.361s][info][gc,start    ] GC(20) Concurrent reset
[2026-04-03T02:00:09.985+0600][20.361s][info][gc,task     ] GC(20) Using 3 of 6 workers for concurrent reset
[2026-04-03T02:00:09.985+0600][20.361s][info][gc,ergo     ] GC(20) Pacer for Reset. Non-Taxable: 1250M
[2026-04-03T02:00:09.986+0600][20.362s][info][gc          ] GC(20) Concurrent reset 1.425ms
[2026-04-03T02:00:09.987+0600][20.363s][info][gc,start    ] GC(20) Pause Init Mark (unload classes)
[2026-04-03T02:00:09.987+0600][20.363s][info][gc,task     ] GC(20) Using 6 of 6 workers for init marking
[2026-04-03T02:00:09.987+0600][20.363s][info][gc,ergo     ] GC(20) Pacer for Mark. Expected Live: 172M, Free: 857M, Non-Taxable: 87767K, Alloc Tax Rate: 0.2x
[2026-04-03T02:00:09.987+0600][20.363s][info][gc          ] GC(20) Pause Init Mark (unload classes) 0.126ms
[2026-04-03T02:00:09.987+0600][20.363s][info][gc,start    ] GC(20) Concurrent marking roots
[2026-04-03T02:00:09.987+0600][20.363s][info][gc,task     ] GC(20) Using 3 of 6 workers for concurrent marking roots
[2026-04-03T02:00:09.987+0600][20.363s][info][gc          ] GC(20) Concurrent marking roots 0.723ms
[2026-04-03T02:00:09.987+0600][20.363s][info][gc,start    ] GC(20) Concurrent marking (unload classes)
[2026-04-03T02:00:09.987+0600][20.363s][info][gc,task     ] GC(20) Using 3 of 6 workers for concurrent marking
[2026-04-03T02:00:10.071+0600][20.447s][info][gc          ] GC(20) Concurrent marking (unload classes) 83.656ms
[2026-04-03T02:00:10.071+0600][20.447s][info][gc,start    ] GC(20) Pause Final Mark (unload classes)
[2026-04-03T02:00:10.071+0600][20.447s][info][gc,task     ] GC(20) Using 6 of 6 workers for final marking
[2026-04-03T02:00:10.072+0600][20.448s][info][gc,ergo     ] GC(20) Collectable Garbage: 144M (92%), Immediate: 144M (92%), CSet: 0B (0%)
[2026-04-03T02:00:10.072+0600][20.448s][info][gc          ] GC(20) Pause Final Mark (unload classes) 0.303ms
[2026-04-03T02:00:10.072+0600][20.448s][info][gc,start    ] GC(20) Concurrent weak references
[2026-04-03T02:00:10.072+0600][20.448s][info][gc,task     ] GC(20) Using 3 of 6 workers for concurrent weak references
[2026-04-03T02:00:10.072+0600][20.448s][info][gc,ref      ] GC(20) Encountered references: Soft: 3115, Weak: 5817, Final: 82, Phantom: 595
[2026-04-03T02:00:10.072+0600][20.448s][info][gc,ref      ] GC(20) Discovered  references: Soft: 0, Weak: 441, Final: 0, Phantom: 592
[2026-04-03T02:00:10.072+0600][20.448s][info][gc,ref      ] GC(20) Enqueued    references: Soft: 0, Weak: 21, Final: 0, Phantom: 0
[2026-04-03T02:00:10.072+0600][20.448s][info][gc          ] GC(20) Concurrent weak references 0.244ms
[2026-04-03T02:00:10.072+0600][20.448s][info][gc,start    ] GC(20) Concurrent weak roots
[2026-04-03T02:00:10.072+0600][20.448s][info][gc,task     ] GC(20) Using 3 of 6 workers for concurrent weak root
[2026-04-03T02:00:10.074+0600][20.450s][info][gc          ] GC(20) Concurrent weak roots 1.787ms
[2026-04-03T02:00:10.074+0600][20.450s][info][gc,start    ] GC(20) Concurrent cleanup
[2026-04-03T02:00:10.074+0600][20.450s][info][gc          ] GC(20) Concurrent cleanup 393M->249M(408M) 0.414ms
[2026-04-03T02:00:10.074+0600][20.450s][info][gc,ergo     ] GC(20) Free: 936M, Max: 512K regular, 535M humongous, Frag: 43% external, 0% internal; Reserve: 64000K, Max: 512K
[2026-04-03T02:00:10.074+0600][20.450s][info][gc,start    ] GC(20) Concurrent class unloading
[2026-04-03T02:00:10.074+0600][20.450s][info][gc,task     ] GC(20) Using 3 of 6 workers for concurrent class unloading
[2026-04-03T02:00:10.079+0600][20.455s][info][gc          ] GC(20) Concurrent class unloading 4.417ms
[2026-04-03T02:00:10.079+0600][20.455s][info][gc,start    ] GC(20) Pause Final Roots
[2026-04-03T02:00:10.079+0600][20.455s][info][gc          ] GC(20) Pause Final Roots 0.024ms
[2026-04-03T02:00:10.079+0600][20.455s][info][gc,ergo     ] Free: 933M, Max: 512K regular, 535M humongous, Frag: 43% external, 0% internal; Reserve: 64000K, Max: 512K
[2026-04-03T02:00:10.079+0600][20.455s][info][gc,stats    ] 
[2026-04-03T02:00:10.079+0600][20.455s][info][gc,stats    ] All times are wall-clock times, except per-root-class counters, that are sum over
[2026-04-03T02:00:10.079+0600][20.455s][info][gc,stats    ] all workers. Dividing the <total> over the root stage time estimates parallelism.
[2026-04-03T02:00:10.079+0600][20.455s][info][gc,stats    ] 
[2026-04-03T02:00:10.079+0600][20.455s][info][gc,stats    ] Concurrent Reset                   1479 us
[2026-04-03T02:00:10.079+0600][20.455s][info][gc,stats    ] Pause Init Mark (G)                 302 us
[2026-04-03T02:00:10.079+0600][20.455s][info][gc,stats    ] Pause Init Mark (N)                 133 us
[2026-04-03T02:00:10.079+0600][20.455s][info][gc,stats    ]   Update Region States               18 us
[2026-04-03T02:00:10.079+0600][20.455s][info][gc,stats    ] Concurrent Mark Roots               743 us, parallelism: 1.86x
[2026-04-03T02:00:10.079+0600][20.455s][info][gc,stats    ]   CMR: <total>                     1380 us
[2026-04-03T02:00:10.079+0600][20.455s][info][gc,stats    ]   CMR: Thread Roots                 992 us, workers (us): 426, 154, 412, ---, ---, ---, 
[2026-04-03T02:00:10.079+0600][20.455s][info][gc,stats    ]   CMR: VM Strong Roots               93 us, workers (us):  78,  14,   0, ---, ---, ---, 
[2026-04-03T02:00:10.079+0600][20.455s][info][gc,stats    ]   CMR: CLDG Roots                   295 us, workers (us): ---, 295, ---, ---, ---, ---, 
[2026-04-03T02:00:10.079+0600][20.455s][info][gc,stats    ] Concurrent Marking                83734 us
[2026-04-03T02:00:10.079+0600][20.455s][info][gc,stats    ] Pause Final Mark (G)                448 us
[2026-04-03T02:00:10.079+0600][20.455s][info][gc,stats    ] Pause Final Mark (N)                313 us
[2026-04-03T02:00:10.079+0600][20.455s][info][gc,stats    ]   Finish Mark                       144 us
[2026-04-03T02:00:10.079+0600][20.455s][info][gc,stats    ]   Update Region States               36 us
[2026-04-03T02:00:10.079+0600][20.455s][info][gc,stats    ]   Choose Collection Set              43 us
[2026-04-03T02:00:10.079+0600][20.455s][info][gc,stats    ]   Rebuild Free Set                   25 us
[2026-04-03T02:00:10.079+0600][20.455s][info][gc,stats    ] Concurrent Weak References          253 us, parallelism: 0.56x
[2026-04-03T02:00:10.079+0600][20.455s][info][gc,stats    ]   CWRF: <total>                     140 us
[2026-04-03T02:00:10.079+0600][20.455s][info][gc,stats    ]   CWRF: Weak References             140 us, workers (us):  67,  72,   1, ---, ---, ---, 
[2026-04-03T02:00:10.079+0600][20.455s][info][gc,stats    ] Concurrent Weak Roots              1829 us
[2026-04-03T02:00:10.079+0600][20.455s][info][gc,stats    ]   Roots                            1640 us, parallelism: 2.55x
[2026-04-03T02:00:10.079+0600][20.455s][info][gc,stats    ]     CWR: <total>                   4191 us
[2026-04-03T02:00:10.079+0600][20.455s][info][gc,stats    ]     CWR: Code Cache Roots          2948 us, workers (us): 1007, 983, 957, ---, ---, ---, 
[2026-04-03T02:00:10.079+0600][20.455s][info][gc,stats    ]     CWR: VM Weak Roots             1178 us, workers (us): 426, 386, 366, ---, ---, ---, 
[2026-04-03T02:00:10.079+0600][20.455s][info][gc,stats    ]     CWR: CLDG Roots                  65 us, workers (us): ---, ---,  65, ---, ---, ---, 
[2026-04-03T02:00:10.079+0600][20.455s][info][gc,stats    ]   Rendezvous                        129 us
[2026-04-03T02:00:10.079+0600][20.455s][info][gc,stats    ] Concurrent Cleanup                  425 us
[2026-04-03T02:00:10.079+0600][20.455s][info][gc,stats    ] Concurrent Class Unloading         4460 us
[2026-04-03T02:00:10.079+0600][20.455s][info][gc,stats    ]   Unlink Stale                     4275 us
[2026-04-03T02:00:10.079+0600][20.455s][info][gc,stats    ]     System Dictionary                67 us
[2026-04-03T02:00:10.079+0600][20.455s][info][gc,stats    ]     Weak Class Links                  0 us
[2026-04-03T02:00:10.079+0600][20.455s][info][gc,stats    ]     Code Roots                     4205 us
[2026-04-03T02:00:10.079+0600][20.455s][info][gc,stats    ]   Rendezvous                        114 us
[2026-04-03T02:00:10.079+0600][20.455s][info][gc,stats    ]   Purge Unlinked                     10 us
[2026-04-03T02:00:10.079+0600][20.455s][info][gc,stats    ]     Code Roots                        4 us
[2026-04-03T02:00:10.079+0600][20.455s][info][gc,stats    ]     CLDG                              5 us
[2026-04-03T02:00:10.079+0600][20.455s][info][gc,stats    ]     Exception Caches                  0 us
[2026-04-03T02:00:10.079+0600][20.455s][info][gc,stats    ] Pause Final Roots (G)               102 us
[2026-04-03T02:00:10.079+0600][20.455s][info][gc,stats    ] Pause Final Roots (N)                33 us
[2026-04-03T02:00:10.079+0600][20.455s][info][gc,stats    ] 
[2026-04-03T02:00:10.079+0600][20.455s][info][gc,stats    ] Allocation pacing accrued:
[2026-04-03T02:00:10.079+0600][20.455s][info][gc,stats    ]       0 of    96 ms (  0.0%): <total>
[2026-04-03T02:00:10.079+0600][20.455s][info][gc,stats    ]       0 of    96 ms (  0.0%): <average total>
[2026-04-03T02:00:10.079+0600][20.455s][info][gc,stats    ] 
[2026-04-03T02:00:10.079+0600][20.455s][info][gc,metaspace] Metaspace: 66857K(67712K)->66857K(67712K) NonClass: 58384K(58880K)->58384K(58880K) Class: 8473K(8832K)->8473K(8832K)
[2026-04-03T02:00:10.079+0600][20.455s][info][gc,ergo     ] Pacer for Idle. Initial: 25600K, Alloc Tax Rate: 1.0x
[2026-04-03T02:00:10.136+0600][20.512s][info][gc          ] Trigger: Learning 4 of 5. Free (873M) is below initial threshold (875M)
[2026-04-03T02:00:10.136+0600][20.512s][info][gc,ergo     ] Free: 873M, Max: 512K regular, 535M humongous, Frag: 39% external, 0% internal; Reserve: 64000K, Max: 512K
[2026-04-03T02:00:10.136+0600][20.512s][info][gc,start    ] GC(21) Concurrent reset
[2026-04-03T02:00:10.136+0600][20.512s][info][gc,task     ] GC(21) Using 3 of 6 workers for concurrent reset
[2026-04-03T02:00:10.136+0600][20.512s][info][gc,ergo     ] GC(21) Pacer for Reset. Non-Taxable: 1250M
[2026-04-03T02:00:10.137+0600][20.513s][info][gc          ] GC(21) Concurrent reset 0.824ms
[2026-04-03T02:00:10.137+0600][20.513s][info][gc,start    ] GC(21) Pause Init Mark (unload classes)
[2026-04-03T02:00:10.137+0600][20.513s][info][gc,task     ] GC(21) Using 6 of 6 workers for init marking
[2026-04-03T02:00:10.137+0600][20.513s][info][gc,ergo     ] GC(21) Pacer for Mark. Expected Live: 172M, Free: 872M, Non-Taxable: 89354K, Alloc Tax Rate: 0.2x
[2026-04-03T02:00:10.137+0600][20.513s][info][gc          ] GC(21) Pause Init Mark (unload classes) 0.070ms
[2026-04-03T02:00:10.137+0600][20.513s][info][gc,start    ] GC(21) Concurrent marking roots
[2026-04-03T02:00:10.137+0600][20.513s][info][gc,task     ] GC(21) Using 3 of 6 workers for concurrent marking roots
[2026-04-03T02:00:10.138+0600][20.514s][info][gc          ] GC(21) Concurrent marking roots 0.556ms
[2026-04-03T02:00:10.138+0600][20.514s][info][gc,start    ] GC(21) Concurrent marking (unload classes)
[2026-04-03T02:00:10.138+0600][20.514s][info][gc,task     ] GC(21) Using 3 of 6 workers for concurrent marking
[2026-04-03T02:00:10.214+0600][20.590s][info][gc          ] GC(21) Concurrent marking (unload classes) 76.051ms
[2026-04-03T02:00:10.214+0600][20.590s][info][gc,start    ] GC(21) Pause Final Mark (unload classes)
[2026-04-03T02:00:10.214+0600][20.590s][info][gc,task     ] GC(21) Using 6 of 6 workers for final marking
[2026-04-03T02:00:10.215+0600][20.591s][info][gc,ergo     ] GC(21) Collectable Garbage: 128M (91%), Immediate: 128M (91%), CSet: 0B (0%)
[2026-04-03T02:00:10.215+0600][20.591s][info][gc          ] GC(21) Pause Final Mark (unload classes) 0.579ms
[2026-04-03T02:00:10.215+0600][20.591s][info][gc,start    ] GC(21) Concurrent weak references
[2026-04-03T02:00:10.215+0600][20.591s][info][gc,task     ] GC(21) Using 3 of 6 workers for concurrent weak references
[2026-04-03T02:00:10.215+0600][20.591s][info][gc,ref      ] GC(21) Encountered references: Soft: 3115, Weak: 5796, Final: 82, Phantom: 595
[2026-04-03T02:00:10.215+0600][20.591s][info][gc,ref      ] GC(21) Discovered  references: Soft: 0, Weak: 457, Final: 0, Phantom: 592
[2026-04-03T02:00:10.215+0600][20.591s][info][gc,ref      ] GC(21) Enqueued    references: Soft: 0, Weak: 0, Final: 0, Phantom: 0
[2026-04-03T02:00:10.215+0600][20.591s][info][gc          ] GC(21) Concurrent weak references 0.321ms
[2026-04-03T02:00:10.215+0600][20.591s][info][gc,start    ] GC(21) Concurrent weak roots
[2026-04-03T02:00:10.215+0600][20.591s][info][gc,task     ] GC(21) Using 3 of 6 workers for concurrent weak root
[2026-04-03T02:00:10.217+0600][20.593s][info][gc          ] GC(21) Concurrent weak roots 2.046ms
[2026-04-03T02:00:10.217+0600][20.593s][info][gc,start    ] GC(21) Concurrent cleanup
[2026-04-03T02:00:10.218+0600][20.594s][info][gc          ] GC(21) Concurrent cleanup 382M->255M(408M) 0.388ms
[2026-04-03T02:00:10.218+0600][20.594s][info][gc,ergo     ] GC(21) Free: 929M, Max: 512K regular, 535M humongous, Frag: 43% external, 0% internal; Reserve: 64000K, Max: 512K
[2026-04-03T02:00:10.218+0600][20.594s][info][gc,start    ] GC(21) Concurrent class unloading
[2026-04-03T02:00:10.218+0600][20.594s][info][gc,task     ] GC(21) Using 3 of 6 workers for concurrent class unloading
[2026-04-03T02:00:10.222+0600][20.598s][info][gc          ] GC(21) Concurrent class unloading 4.451ms
[2026-04-03T02:00:10.222+0600][20.598s][info][gc,start    ] GC(21) Pause Final Roots
[2026-04-03T02:00:10.222+0600][20.598s][info][gc          ] GC(21) Pause Final Roots 0.044ms
[2026-04-03T02:00:10.222+0600][20.599s][info][gc,ergo     ] Free: 925M, Max: 512K regular, 535M humongous, Frag: 43% external, 0% internal; Reserve: 64000K, Max: 512K
[2026-04-03T02:00:10.223+0600][20.599s][info][gc,stats    ] 
[2026-04-03T02:00:10.223+0600][20.599s][info][gc,stats    ] All times are wall-clock times, except per-root-class counters, that are sum over
[2026-04-03T02:00:10.223+0600][20.599s][info][gc,stats    ] all workers. Dividing the <total> over the root stage time estimates parallelism.
[2026-04-03T02:00:10.223+0600][20.599s][info][gc,stats    ] 
[2026-04-03T02:00:10.223+0600][20.599s][info][gc,stats    ] Concurrent Reset                    867 us
[2026-04-03T02:00:10.223+0600][20.599s][info][gc,stats    ] Pause Init Mark (G)                 246 us
[2026-04-03T02:00:10.223+0600][20.599s][info][gc,stats    ] Pause Init Mark (N)                  78 us
[2026-04-03T02:00:10.223+0600][20.599s][info][gc,stats    ]   Update Region States               14 us
[2026-04-03T02:00:10.223+0600][20.599s][info][gc,stats    ] Concurrent Mark Roots               572 us, parallelism: 1.84x
[2026-04-03T02:00:10.223+0600][20.599s][info][gc,stats    ]   CMR: <total>                     1053 us
[2026-04-03T02:00:10.223+0600][20.599s][info][gc,stats    ]   CMR: Thread Roots                 907 us, workers (us): 231, 338, 337, ---, ---, ---, 
[2026-04-03T02:00:10.223+0600][20.599s][info][gc,stats    ]   CMR: VM Strong Roots               19 us, workers (us):  17,   1,   0, ---, ---, ---, 
[2026-04-03T02:00:10.223+0600][20.599s][info][gc,stats    ]   CMR: CLDG Roots                   128 us, workers (us): 128, ---, ---, ---, ---, ---, 
[2026-04-03T02:00:10.223+0600][20.599s][info][gc,stats    ] Concurrent Marking                76156 us
[2026-04-03T02:00:10.223+0600][20.599s][info][gc,stats    ] Pause Final Mark (G)               1000 us
[2026-04-03T02:00:10.223+0600][20.599s][info][gc,stats    ] Pause Final Mark (N)                594 us
[2026-04-03T02:00:10.223+0600][20.599s][info][gc,stats    ]   Finish Mark                       354 us
[2026-04-03T02:00:10.223+0600][20.599s][info][gc,stats    ]   Update Region States               37 us
[2026-04-03T02:00:10.223+0600][20.599s][info][gc,stats    ]   Choose Collection Set              78 us
[2026-04-03T02:00:10.223+0600][20.599s][info][gc,stats    ]   Rebuild Free Set                   28 us
[2026-04-03T02:00:10.223+0600][20.599s][info][gc,stats    ] Concurrent Weak References          334 us, parallelism: 0.38x
[2026-04-03T02:00:10.223+0600][20.599s][info][gc,stats    ]   CWRF: <total>                     126 us
[2026-04-03T02:00:10.223+0600][20.599s][info][gc,stats    ]   CWRF: Weak References             126 us, workers (us):  20,  40,  66, ---, ---, ---, 
[2026-04-03T02:00:10.223+0600][20.599s][info][gc,stats    ] Concurrent Weak Roots              2102 us
[2026-04-03T02:00:10.223+0600][20.599s][info][gc,stats    ]   Roots                            1850 us, parallelism: 2.50x
[2026-04-03T02:00:10.223+0600][20.599s][info][gc,stats    ]     CWR: <total>                   4624 us
[2026-04-03T02:00:10.223+0600][20.599s][info][gc,stats    ]     CWR: Code Cache Roots          3349 us, workers (us): 1141, 982, 1226, ---, ---, ---, 
[2026-04-03T02:00:10.223+0600][20.599s][info][gc,stats    ]     CWR: VM Weak Roots             1168 us, workers (us): 409, 393, 367, ---, ---, ---, 
[2026-04-03T02:00:10.223+0600][20.599s][info][gc,stats    ]     CWR: CLDG Roots                 107 us, workers (us): ---, 107, ---, ---, ---, ---, 
[2026-04-03T02:00:10.223+0600][20.599s][info][gc,stats    ]   Rendezvous                        173 us
[2026-04-03T02:00:10.223+0600][20.599s][info][gc,stats    ] Concurrent Cleanup                  402 us
[2026-04-03T02:00:10.223+0600][20.599s][info][gc,stats    ] Concurrent Class Unloading         4488 us
[2026-04-03T02:00:10.223+0600][20.599s][info][gc,stats    ]   Unlink Stale                     4090 us
[2026-04-03T02:00:10.223+0600][20.599s][info][gc,stats    ]     System Dictionary                71 us
[2026-04-03T02:00:10.223+0600][20.599s][info][gc,stats    ]     Weak Class Links                  0 us
[2026-04-03T02:00:10.223+0600][20.599s][info][gc,stats    ]     Code Roots                     4016 us
[2026-04-03T02:00:10.223+0600][20.599s][info][gc,stats    ]   Rendezvous                        240 us
[2026-04-03T02:00:10.223+0600][20.599s][info][gc,stats    ]   Purge Unlinked                     98 us
[2026-04-03T02:00:10.223+0600][20.599s][info][gc,stats    ]     Code Roots                       91 us
[2026-04-03T02:00:10.223+0600][20.599s][info][gc,stats    ]     CLDG                              6 us
[2026-04-03T02:00:10.223+0600][20.599s][info][gc,stats    ]     Exception Caches                  0 us
[2026-04-03T02:00:10.223+0600][20.599s][info][gc,stats    ] Pause Final Roots (G)               313 us
[2026-04-03T02:00:10.223+0600][20.599s][info][gc,stats    ] Pause Final Roots (N)                56 us
[2026-04-03T02:00:10.223+0600][20.599s][info][gc,stats    ] 
[2026-04-03T02:00:10.223+0600][20.599s][info][gc,stats    ] Allocation pacing accrued:
[2026-04-03T02:00:10.223+0600][20.599s][info][gc,stats    ]       0 of   144 ms (  0.0%): <total>
[2026-04-03T02:00:10.223+0600][20.599s][info][gc,stats    ]       0 of   144 ms (  0.0%): <average total>
[2026-04-03T02:00:10.223+0600][20.599s][info][gc,stats    ] 
[2026-04-03T02:00:10.223+0600][20.599s][info][gc,metaspace] Metaspace: 66857K(67712K)->66857K(67712K) NonClass: 58384K(58880K)->58384K(58880K) Class: 8473K(8832K)->8473K(8832K)
[2026-04-03T02:00:10.223+0600][20.599s][info][gc,ergo     ] Pacer for Idle. Initial: 25600K, Alloc Tax Rate: 1.0x
[2026-04-03T02:00:10.267+0600][20.643s][info][gc          ] Trigger: Learning 5 of 5. Free (874M) is below initial threshold (875M)
[2026-04-03T02:00:10.267+0600][20.643s][info][gc,ergo     ] Free: 873M, Max: 512K regular, 535M humongous, Frag: 39% external, 0% internal; Reserve: 64000K, Max: 512K
[2026-04-03T02:00:10.267+0600][20.643s][info][gc,start    ] GC(22) Concurrent reset
[2026-04-03T02:00:10.267+0600][20.643s][info][gc,task     ] GC(22) Using 3 of 6 workers for concurrent reset
[2026-04-03T02:00:10.267+0600][20.643s][info][gc,ergo     ] GC(22) Pacer for Reset. Non-Taxable: 1250M
[2026-04-03T02:00:10.267+0600][20.644s][info][gc          ] GC(22) Concurrent reset 0.706ms
[2026-04-03T02:00:10.268+0600][20.644s][info][gc,start    ] GC(22) Pause Init Mark (unload classes)
[2026-04-03T02:00:10.268+0600][20.644s][info][gc,task     ] GC(22) Using 6 of 6 workers for init marking
[2026-04-03T02:00:10.268+0600][20.644s][info][gc,ergo     ] GC(22) Pacer for Mark. Expected Live: 172M, Free: 873M, Non-Taxable: 89406K, Alloc Tax Rate: 0.2x
[2026-04-03T02:00:10.268+0600][20.644s][info][gc          ] GC(22) Pause Init Mark (unload classes) 0.091ms
[2026-04-03T02:00:10.268+0600][20.644s][info][gc,start    ] GC(22) Concurrent marking roots
[2026-04-03T02:00:10.268+0600][20.644s][info][gc,task     ] GC(22) Using 3 of 6 workers for concurrent marking roots
[2026-04-03T02:00:10.269+0600][20.645s][info][gc          ] GC(22) Concurrent marking roots 0.764ms
[2026-04-03T02:00:10.269+0600][20.645s][info][gc,start    ] GC(22) Concurrent marking (unload classes)
[2026-04-03T02:00:10.269+0600][20.645s][info][gc,task     ] GC(22) Using 3 of 6 workers for concurrent marking
[2026-04-03T02:00:10.340+0600][20.716s][info][gc          ] GC(22) Concurrent marking (unload classes) 71.327ms
[2026-04-03T02:00:10.340+0600][20.716s][info][gc,start    ] GC(22) Pause Final Mark (unload classes)
[2026-04-03T02:00:10.340+0600][20.716s][info][gc,task     ] GC(22) Using 6 of 6 workers for final marking
[2026-04-03T02:00:10.341+0600][20.717s][info][gc,ergo     ] GC(22) Collectable Garbage: 127M (91%), Immediate: 127M (91%), CSet: 0B (0%)
[2026-04-03T02:00:10.341+0600][20.717s][info][gc          ] GC(22) Pause Final Mark (unload classes) 0.490ms
[2026-04-03T02:00:10.341+0600][20.717s][info][gc,start    ] GC(22) Concurrent weak references
[2026-04-03T02:00:10.341+0600][20.717s][info][gc,task     ] GC(22) Using 3 of 6 workers for concurrent weak references
[2026-04-03T02:00:10.341+0600][20.717s][info][gc,ref      ] GC(22) Encountered references: Soft: 3115, Weak: 5796, Final: 82, Phantom: 595
[2026-04-03T02:00:10.341+0600][20.717s][info][gc,ref      ] GC(22) Discovered  references: Soft: 0, Weak: 1031, Final: 0, Phantom: 592
[2026-04-03T02:00:10.341+0600][20.717s][info][gc,ref      ] GC(22) Enqueued    references: Soft: 0, Weak: 0, Final: 0, Phantom: 0
[2026-04-03T02:00:10.341+0600][20.717s][info][gc          ] GC(22) Concurrent weak references 0.177ms
[2026-04-03T02:00:10.341+0600][20.717s][info][gc,start    ] GC(22) Concurrent weak roots
[2026-04-03T02:00:10.341+0600][20.717s][info][gc,task     ] GC(22) Using 3 of 6 workers for concurrent weak root
[2026-04-03T02:00:10.343+0600][20.719s][info][gc          ] GC(22) Concurrent weak roots 1.714ms
[2026-04-03T02:00:10.343+0600][20.719s][info][gc,start    ] GC(22) Concurrent cleanup
[2026-04-03T02:00:10.343+0600][20.719s][info][gc          ] GC(22) Concurrent cleanup 384M->258M(408M) 0.361ms
[2026-04-03T02:00:10.343+0600][20.719s][info][gc,ergo     ] GC(22) Free: 926M, Max: 512K regular, 535M humongous, Frag: 43% external, 0% internal; Reserve: 64000K, Max: 512K
[2026-04-03T02:00:10.343+0600][20.719s][info][gc,start    ] GC(22) Concurrent class unloading
[2026-04-03T02:00:10.343+0600][20.719s][info][gc,task     ] GC(22) Using 3 of 6 workers for concurrent class unloading
[2026-04-03T02:00:10.347+0600][20.723s][info][gc          ] GC(22) Concurrent class unloading 3.632ms
[2026-04-03T02:00:10.347+0600][20.723s][info][gc,start    ] GC(22) Pause Final Roots
[2026-04-03T02:00:10.347+0600][20.723s][info][gc          ] GC(22) Pause Final Roots 0.021ms
[2026-04-03T02:00:10.347+0600][20.723s][info][gc,ergo     ] Free: 923M, Max: 512K regular, 535M humongous, Frag: 43% external, 0% internal; Reserve: 64000K, Max: 512K
[2026-04-03T02:00:10.347+0600][20.723s][info][gc,stats    ] 
[2026-04-03T02:00:10.347+0600][20.723s][info][gc,stats    ] All times are wall-clock times, except per-root-class counters, that are sum over
[2026-04-03T02:00:10.347+0600][20.723s][info][gc,stats    ] all workers. Dividing the <total> over the root stage time estimates parallelism.
[2026-04-03T02:00:10.347+0600][20.723s][info][gc,stats    ] 
[2026-04-03T02:00:10.347+0600][20.723s][info][gc,stats    ] Concurrent Reset                    727 us
[2026-04-03T02:00:10.347+0600][20.723s][info][gc,stats    ] Pause Init Mark (G)                 501 us
[2026-04-03T02:00:10.347+0600][20.723s][info][gc,stats    ] Pause Init Mark (N)                  98 us
[2026-04-03T02:00:10.347+0600][20.723s][info][gc,stats    ]   Update Region States               17 us
[2026-04-03T02:00:10.347+0600][20.723s][info][gc,stats    ] Concurrent Mark Roots               789 us, parallelism: 1.43x
[2026-04-03T02:00:10.347+0600][20.723s][info][gc,stats    ]   CMR: <total>                     1132 us
[2026-04-03T02:00:10.347+0600][20.723s][info][gc,stats    ]   CMR: Thread Roots                 902 us, workers (us): 370, 166, 366, ---, ---, ---, 
[2026-04-03T02:00:10.347+0600][20.723s][info][gc,stats    ]   CMR: VM Strong Roots               26 us, workers (us):  10,   9,   8, ---, ---, ---, 
[2026-04-03T02:00:10.347+0600][20.723s][info][gc,stats    ]   CMR: CLDG Roots                   203 us, workers (us): ---, 203, ---, ---, ---, ---, 
[2026-04-03T02:00:10.347+0600][20.723s][info][gc,stats    ] Concurrent Marking                71408 us
[2026-04-03T02:00:10.347+0600][20.723s][info][gc,stats    ] Pause Final Mark (G)                723 us
[2026-04-03T02:00:10.347+0600][20.723s][info][gc,stats    ] Pause Final Mark (N)                500 us
[2026-04-03T02:00:10.347+0600][20.723s][info][gc,stats    ]   Finish Mark                       189 us
[2026-04-03T02:00:10.347+0600][20.723s][info][gc,stats    ]   Update Region States              105 us
[2026-04-03T02:00:10.347+0600][20.723s][info][gc,stats    ]   Choose Collection Set              93 us
[2026-04-03T02:00:10.347+0600][20.723s][info][gc,stats    ]   Rebuild Free Set                   22 us
[2026-04-03T02:00:10.347+0600][20.723s][info][gc,stats    ] Concurrent Weak References          183 us, parallelism: 0.89x
[2026-04-03T02:00:10.347+0600][20.723s][info][gc,stats    ]   CWRF: <total>                     163 us
[2026-04-03T02:00:10.347+0600][20.723s][info][gc,stats    ]   CWRF: Weak References             163 us, workers (us):  68,  95,   0, ---, ---, ---, 
[2026-04-03T02:00:10.347+0600][20.723s][info][gc,stats    ] Concurrent Weak Roots              1756 us
[2026-04-03T02:00:10.347+0600][20.723s][info][gc,stats    ]   Roots                            1558 us, parallelism: 2.30x
[2026-04-03T02:00:10.347+0600][20.723s][info][gc,stats    ]     CWR: <total>                   3587 us
[2026-04-03T02:00:10.347+0600][20.723s][info][gc,stats    ]     CWR: Code Cache Roots          2615 us, workers (us): 828, 862, 925, ---, ---, ---, 
[2026-04-03T02:00:10.347+0600][20.723s][info][gc,stats    ]     CWR: VM Weak Roots              928 us, workers (us): 369, 279, 280, ---, ---, ---, 
[2026-04-03T02:00:10.347+0600][20.723s][info][gc,stats    ]     CWR: CLDG Roots                  45 us, workers (us):  45, ---, ---, ---, ---, ---, 
[2026-04-03T02:00:10.347+0600][20.723s][info][gc,stats    ]   Rendezvous                        138 us
[2026-04-03T02:00:10.347+0600][20.723s][info][gc,stats    ] Concurrent Cleanup                  371 us
[2026-04-03T02:00:10.347+0600][20.723s][info][gc,stats    ] Concurrent Class Unloading         3658 us
[2026-04-03T02:00:10.347+0600][20.723s][info][gc,stats    ]   Unlink Stale                     3501 us
[2026-04-03T02:00:10.347+0600][20.723s][info][gc,stats    ]     System Dictionary                53 us
[2026-04-03T02:00:10.347+0600][20.723s][info][gc,stats    ]     Weak Class Links                  0 us
[2026-04-03T02:00:10.347+0600][20.723s][info][gc,stats    ]     Code Roots                     3446 us
[2026-04-03T02:00:10.347+0600][20.723s][info][gc,stats    ]   Rendezvous                        107 us
[2026-04-03T02:00:10.347+0600][20.723s][info][gc,stats    ]   Purge Unlinked                      8 us
[2026-04-03T02:00:10.347+0600][20.723s][info][gc,stats    ]     Code Roots                        3 us
[2026-04-03T02:00:10.347+0600][20.723s][info][gc,stats    ]     CLDG                              4 us
[2026-04-03T02:00:10.347+0600][20.723s][info][gc,stats    ]     Exception Caches                  0 us
[2026-04-03T02:00:10.347+0600][20.723s][info][gc,stats    ] Pause Final Roots (G)                79 us
[2026-04-03T02:00:10.347+0600][20.723s][info][gc,stats    ] Pause Final Roots (N)                29 us
[2026-04-03T02:00:10.347+0600][20.723s][info][gc,stats    ] 
[2026-04-03T02:00:10.347+0600][20.723s][info][gc,stats    ] Allocation pacing accrued:
[2026-04-03T02:00:10.347+0600][20.723s][info][gc,stats    ]       0 of   124 ms (  0.0%): <total>
[2026-04-03T02:00:10.347+0600][20.723s][info][gc,stats    ]       0 of   124 ms (  0.0%): <average total>
[2026-04-03T02:00:10.347+0600][20.723s][info][gc,stats    ] 
[2026-04-03T02:00:10.347+0600][20.723s][info][gc,metaspace] Metaspace: 66859K(67712K)->66859K(67712K) NonClass: 58386K(58880K)->58386K(58880K) Class: 8473K(8832K)->8473K(8832K)
[2026-04-03T02:00:10.347+0600][20.723s][info][gc,ergo     ] Pacer for Idle. Initial: 25600K, Alloc Tax Rate: 1.0x
[2026-04-03T02:00:11.674+0600][22.050s][info][gc          ] Cancelling GC: Stopping VM
[2026-04-03T02:00:11.674+0600][22.050s][info][gc,heap,exit] Heap
[2026-04-03T02:00:11.674+0600][22.050s][info][gc,heap,exit] Shenandoah Heap
[2026-04-03T02:00:11.674+0600][22.050s][info][gc,heap,exit]  1250M max, 1250M soft max, 810M committed, 801M used
[2026-04-03T02:00:11.674+0600][22.050s][info][gc,heap,exit]  2500 x 512K regions
[2026-04-03T02:00:11.674+0600][22.050s][info][gc,heap,exit] Status: cancelled
[2026-04-03T02:00:11.674+0600][22.050s][info][gc,heap,exit] Reserved region:
[2026-04-03T02:00:11.674+0600][22.050s][info][gc,heap,exit]  - [0x00000000b1e00000, 0x0000000100000000) 
[2026-04-03T02:00:11.674+0600][22.050s][info][gc,heap,exit] Collection set:
[2026-04-03T02:00:11.674+0600][22.050s][info][gc,heap,exit]  - map (vanilla): 0x000000000001163c
[2026-04-03T02:00:11.674+0600][22.050s][info][gc,heap,exit]  - map (biased):  0x0000000000010000
[2026-04-03T02:00:11.674+0600][22.050s][info][gc,heap,exit] 
[2026-04-03T02:00:11.674+0600][22.050s][info][gc,heap,exit]  Metaspace       used 67373K, committed 68224K, reserved 1114112K
[2026-04-03T02:00:11.674+0600][22.050s][info][gc,heap,exit]   class space    used 8571K, committed 8960K, reserved 1048576K
[2026-04-03T02:00:11.674+0600][22.050s][info][gc,stats    ] 
[2026-04-03T02:00:11.674+0600][22.050s][info][gc,stats    ] GC STATISTICS:
[2026-04-03T02:00:11.674+0600][22.050s][info][gc,stats    ]   "(G)" (gross) pauses include VM time: time to notify and block threads, do the pre-
[2026-04-03T02:00:11.674+0600][22.050s][info][gc,stats    ]         and post-safepoint housekeeping. Use -Xlog:safepoint+stats to dissect.
[2026-04-03T02:00:11.674+0600][22.050s][info][gc,stats    ]   "(N)" (net) pauses are the times spent in the actual GC code.
[2026-04-03T02:00:11.674+0600][22.050s][info][gc,stats    ]   "a" is average time for each phase, look at levels to see if average makes sense.
[2026-04-03T02:00:11.674+0600][22.050s][info][gc,stats    ]   "lvls" are quantiles: 0% (minimum), 25%, 50% (median), 75%, 100% (maximum).
[2026-04-03T02:00:11.674+0600][22.050s][info][gc,stats    ] 
[2026-04-03T02:00:11.674+0600][22.050s][info][gc,stats    ]   All times are wall-clock times, except per-root-class counters, that are sum over
[2026-04-03T02:00:11.674+0600][22.050s][info][gc,stats    ]   all workers. Dividing the <total> over the root stage time estimates parallelism.
[2026-04-03T02:00:11.674+0600][22.050s][info][gc,stats    ] 
[2026-04-03T02:00:11.674+0600][22.050s][info][gc,stats    ]   Pacing delays are measured from entering the pacing code till exiting it. Therefore,
[2026-04-03T02:00:11.674+0600][22.050s][info][gc,stats    ]   observed pacing delays may be higher than the threshold when paced thread spent more
[2026-04-03T02:00:11.674+0600][22.050s][info][gc,stats    ]   time in the pacing code. It usually happens when thread is de-scheduled while paced,
[2026-04-03T02:00:11.674+0600][22.050s][info][gc,stats    ]   OS takes longer to unblock the thread, or JVM experiences an STW pause.
[2026-04-03T02:00:11.674+0600][22.050s][info][gc,stats    ] 
[2026-04-03T02:00:11.674+0600][22.050s][info][gc,stats    ]   Higher delay would prevent application outpacing the GC, but it will hide the GC latencies
[2026-04-03T02:00:11.674+0600][22.050s][info][gc,stats    ]   from the STW pause times. Pacing affects the individual threads, and so it would also be
[2026-04-03T02:00:11.674+0600][22.050s][info][gc,stats    ]   invisible to the usual profiling tools, but would add up to end-to-end application latency.
[2026-04-03T02:00:11.674+0600][22.050s][info][gc,stats    ]   Raise max pacing delay with care.
[2026-04-03T02:00:11.674+0600][22.050s][info][gc,stats    ] 
[2026-04-03T02:00:11.674+0600][22.050s][info][gc,stats    ] Concurrent Reset               =    0.034 s (a =     1489 us) (n =    23) (lvls, us =      650,      797,      996,     1133,     7522)
[2026-04-03T02:00:11.674+0600][22.050s][info][gc,stats    ] Pause Init Mark (G)            =    0.009 s (a =      406 us) (n =    23) (lvls, us =      197,      301,      389,      463,      707)
[2026-04-03T02:00:11.674+0600][22.050s][info][gc,stats    ] Pause Init Mark (N)            =    0.003 s (a =      133 us) (n =    23) (lvls, us =       62,       83,      107,      133,      506)
[2026-04-03T02:00:11.674+0600][22.050s][info][gc,stats    ]   Update Region States         =    0.000 s (a =       21 us) (n =    23) (lvls, us =       12,       14,       20,       25,       35)
[2026-04-03T02:00:11.674+0600][22.050s][info][gc,stats    ] Concurrent Mark Roots          =    0.019 s (a =      814 us) (n =    23) (lvls, us =      441,      545,      678,      838,     2108)
[2026-04-03T02:00:11.674+0600][22.050s][info][gc,stats    ]   CMR: <total>                 =    0.030 s (a =     1310 us) (n =    23) (lvls, us =      582,      813,     1035,     1348,     3601)
[2026-04-03T02:00:11.674+0600][22.050s][info][gc,stats    ]   CMR: Thread Roots            =    0.023 s (a =     1009 us) (n =    23) (lvls, us =      443,      639,      748,     1035,     3340)
[2026-04-03T02:00:11.674+0600][22.050s][info][gc,stats    ]   CMR: VM Strong Roots         =    0.002 s (a =       72 us) (n =    23) (lvls, us =       13,       19,       31,       76,      340)
[2026-04-03T02:00:11.674+0600][22.050s][info][gc,stats    ]   CMR: CLDG Roots              =    0.005 s (a =      229 us) (n =    23) (lvls, us =      109,      137,      203,      258,      499)
[2026-04-03T02:00:11.674+0600][22.050s][info][gc,stats    ] Concurrent Marking             =    1.257 s (a =    54670 us) (n =    23) (lvls, us =     6738,    23828,    68164,    75781,    90507)
[2026-04-03T02:00:11.674+0600][22.050s][info][gc,stats    ] Pause Final Mark (G)           =    0.020 s (a =      869 us) (n =    23) (lvls, us =      447,      746,      826,      969,     1163)
[2026-04-03T02:00:11.674+0600][22.050s][info][gc,stats    ] Pause Final Mark (N)           =    0.014 s (a =      624 us) (n =    23) (lvls, us =      312,      508,      621,      703,      900)
[2026-04-03T02:00:11.674+0600][22.050s][info][gc,stats    ]   Finish Mark                  =    0.006 s (a =      257 us) (n =    23) (lvls, us =      143,      174,      248,      299,      376)
[2026-04-03T02:00:11.674+0600][22.050s][info][gc,stats    ]   Update Region States         =    0.001 s (a =       53 us) (n =    23) (lvls, us =       25,       32,       38,       50,      148)
[2026-04-03T02:00:11.674+0600][22.050s][info][gc,stats    ]   Choose Collection Set        =    0.004 s (a =      176 us) (n =    23) (lvls, us =       43,      105,      176,      197,      421)
[2026-04-03T02:00:11.674+0600][22.050s][info][gc,stats    ]   Rebuild Free Set             =    0.001 s (a =       26 us) (n =    23) (lvls, us =       19,       22,       23,       27,       42)
[2026-04-03T02:00:11.674+0600][22.050s][info][gc,stats    ] Concurrent Thread Roots        =    0.009 s (a =      582 us) (n =    16) (lvls, us =      307,      467,      545,      617,     1132)
[2026-04-03T02:00:11.674+0600][22.050s][info][gc,stats    ]   CTR: <total>                 =    0.014 s (a =      881 us) (n =    16) (lvls, us =      344,      613,      920,     1035,     1472)
[2026-04-03T02:00:11.674+0600][22.050s][info][gc,stats    ]   CTR: Thread Roots            =    0.014 s (a =      881 us) (n =    16) (lvls, us =      344,      613,      920,     1035,     1472)
[2026-04-03T02:00:11.674+0600][22.050s][info][gc,stats    ] Concurrent Weak References     =    0.011 s (a =      494 us) (n =    23) (lvls, us =      182,      273,      365,      672,     1050)
[2026-04-03T02:00:11.674+0600][22.050s][info][gc,stats    ]   CWRF: <total>                =    0.009 s (a =      398 us) (n =    23) (lvls, us =      102,      156,      229,      518,      960)
[2026-04-03T02:00:11.674+0600][22.050s][info][gc,stats    ]   CWRF: Weak References        =    0.009 s (a =      398 us) (n =    23) (lvls, us =      102,      156,      229,      518,      960)
[2026-04-03T02:00:11.674+0600][22.050s][info][gc,stats    ] Concurrent Weak Roots          =    0.042 s (a =     1824 us) (n =    23) (lvls, us =      996,     1367,     1797,     1953,     2960)
[2026-04-03T02:00:11.674+0600][22.050s][info][gc,stats    ]   Roots                        =    0.036 s (a =     1544 us) (n =    23) (lvls, us =      654,     1113,     1504,     1719,     2581)
[2026-04-03T02:00:11.674+0600][22.050s][info][gc,stats    ]     CWR: <total>               =    0.085 s (a =     3698 us) (n =    23) (lvls, us =     1504,     2441,     3574,     4180,     6527)
[2026-04-03T02:00:11.674+0600][22.050s][info][gc,stats    ]     CWR: Code Cache Roots      =    0.050 s (a =     2193 us) (n =    23) (lvls, us =      484,     1406,     2227,     2598,     3885)
[2026-04-03T02:00:11.674+0600][22.050s][info][gc,stats    ]     CWR: VM Weak Roots         =    0.033 s (a =     1446 us) (n =    23) (lvls, us =      764,     1016,     1152,     1621,     2704)
[2026-04-03T02:00:11.674+0600][22.050s][info][gc,stats    ]     CWR: CLDG Roots            =    0.001 s (a =       59 us) (n =    23) (lvls, us =        5,       30,       46,       69,      138)
[2026-04-03T02:00:11.674+0600][22.050s][info][gc,stats    ]   Rendezvous                   =    0.005 s (a =      201 us) (n =    23) (lvls, us =       77,      135,      189,      248,      303)
[2026-04-03T02:00:11.674+0600][22.050s][info][gc,stats    ] Concurrent Cleanup             =    0.009 s (a =      374 us) (n =    23) (lvls, us =      133,      205,      393,      438,      660)
[2026-04-03T02:00:11.674+0600][22.050s][info][gc,stats    ] Concurrent Class Unloading     =    0.148 s (a =     6429 us) (n =    23) (lvls, us =     1816,     3203,     3828,     5879,    18868)
[2026-04-03T02:00:11.674+0600][22.050s][info][gc,stats    ]   Unlink Stale                 =    0.130 s (a =     5644 us) (n =    23) (lvls, us =     1113,     2598,     3496,     4258,    17153)
[2026-04-03T02:00:11.674+0600][22.050s][info][gc,stats    ]     System Dictionary          =    0.003 s (a =      122 us) (n =    23) (lvls, us =        7,       32,       67,       99,      548)
[2026-04-03T02:00:11.674+0600][22.050s][info][gc,stats    ]     Weak Class Links           =    0.047 s (a =     2035 us) (n =    23) (lvls, us =        0,        0,        0,        0,    11581)
[2026-04-03T02:00:11.674+0600][22.050s][info][gc,stats    ]     Code Roots                 =    0.080 s (a =     3485 us) (n =    23) (lvls, us =     1113,     2559,     3438,     4102,     5309)
[2026-04-03T02:00:11.674+0600][22.050s][info][gc,stats    ]   Rendezvous                   =    0.005 s (a =      230 us) (n =    23) (lvls, us =       47,      170,      207,      271,      412)
[2026-04-03T02:00:11.674+0600][22.050s][info][gc,stats    ]   Purge Unlinked               =    0.011 s (a =      466 us) (n =    23) (lvls, us =        8,       49,      330,      576,     1489)
[2026-04-03T02:00:11.674+0600][22.050s][info][gc,stats    ]     Code Roots                 =    0.009 s (a =      396 us) (n =    23) (lvls, us =        3,       41,      314,      424,     1476)
[2026-04-03T02:00:11.674+0600][22.050s][info][gc,stats    ]     CLDG                       =    0.002 s (a =       69 us) (n =    23) (lvls, us =        4,        6,        8,       13,      620)
[2026-04-03T02:00:11.674+0600][22.050s][info][gc,stats    ]     Exception Caches           =    0.000 s (a =        0 us) (n =    23) (lvls, us =        0,        0,        0,        0,        1)
[2026-04-03T02:00:11.674+0600][22.050s][info][gc,stats    ] Concurrent Strong Roots        =    0.014 s (a =      904 us) (n =    16) (lvls, us =      461,      529,      809,     1133,     1772)
[2026-04-03T02:00:11.674+0600][22.050s][info][gc,stats    ]   CSR: <total>                 =    0.010 s (a =      645 us) (n =    16) (lvls, us =      188,      322,      521,      869,     1497)
[2026-04-03T02:00:11.674+0600][22.050s][info][gc,stats    ]   CSR: VM Strong Roots         =    0.000 s (a =       29 us) (n =    16) (lvls, us =       10,       14,       26,       38,       58)
[2026-04-03T02:00:11.674+0600][22.050s][info][gc,stats    ]   CSR: CLDG Roots              =    0.010 s (a =      617 us) (n =    16) (lvls, us =      176,      307,      496,      832,     1470)
[2026-04-03T02:00:11.674+0600][22.051s][info][gc,stats    ] Concurrent Evacuation          =    0.213 s (a =    13340 us) (n =    16) (lvls, us =      492,     4238,     7363,    18359,    43933)
[2026-04-03T02:00:11.674+0600][22.051s][info][gc,stats    ] Pause Final Roots (G)          =    0.003 s (a =      453 us) (n =     7) (lvls, us =       79,       79,      252,      416,     1062)
[2026-04-03T02:00:11.674+0600][22.051s][info][gc,stats    ] Pause Final Roots (N)          =    0.000 s (a =       66 us) (n =     7) (lvls, us =       29,       29,       47,       96,      104)
[2026-04-03T02:00:11.674+0600][22.051s][info][gc,stats    ] Pause Init Update Refs (G)     =    0.011 s (a =      676 us) (n =    16) (lvls, us =      186,      277,      354,      459,     4896)
[2026-04-03T02:00:11.674+0600][22.051s][info][gc,stats    ] Pause Init Update Refs (N)     =    0.002 s (a =      109 us) (n =    16) (lvls, us =       47,       88,      102,      135,      151)
[2026-04-03T02:00:11.675+0600][22.051s][info][gc,stats    ]   Manage GCLABs                =    0.000 s (a =       15 us) (n =    16) (lvls, us =        5,       11,       13,       20,       31)
[2026-04-03T02:00:11.675+0600][22.051s][info][gc,stats    ] Concurrent Update Refs         =    0.779 s (a =    48688 us) (n =    16) (lvls, us =     3262,    19727,    40430,    75977,    95131)
[2026-04-03T02:00:11.675+0600][22.051s][info][gc,stats    ] Concurrent Update Thread Roots =    0.011 s (a =      716 us) (n =    16) (lvls, us =      367,      449,      750,      887,     1044)
[2026-04-03T02:00:11.675+0600][22.051s][info][gc,stats    ] Pause Final Update Refs (G)    =    0.007 s (a =      431 us) (n =    16) (lvls, us =      211,      279,      449,      527,      762)
[2026-04-03T02:00:11.675+0600][22.051s][info][gc,stats    ] Pause Final Update Refs (N)    =    0.003 s (a =      171 us) (n =    16) (lvls, us =       98,      131,      154,      197,      339)
[2026-04-03T02:00:11.675+0600][22.051s][info][gc,stats    ]   Update Region States         =    0.001 s (a =       42 us) (n =    16) (lvls, us =       28,       34,       37,       47,       69)
[2026-04-03T02:00:11.675+0600][22.051s][info][gc,stats    ]   Trash Collection Set         =    0.000 s (a =       11 us) (n =    16) (lvls, us =        6,        7,        9,       14,       22)
[2026-04-03T02:00:11.675+0600][22.051s][info][gc,stats    ]   Rebuild Free Set             =    0.000 s (a =       25 us) (n =    16) (lvls, us =       21,       22,       24,       25,       33)
[2026-04-03T02:00:11.675+0600][22.051s][info][gc,stats    ] Concurrent Cleanup             =    0.007 s (a =      450 us) (n =    16) (lvls, us =      209,      387,      445,      543,      623)
[2026-04-03T02:00:11.675+0600][22.051s][info][gc,stats    ] Concurrent Uncommit            =    0.347 s (a =   115614 us) (n =     3) (lvls, us =    71875,    71875,    71875,   115234,   159245)
[2026-04-03T02:00:11.675+0600][22.051s][info][gc,stats    ] Pacing                         =    0.096 s (a =     4156 us) (n =    23) (lvls, us =        0,        0,        0,        0,    52785)
[2026-04-03T02:00:11.675+0600][22.051s][info][gc,stats    ] 
[2026-04-03T02:00:11.675+0600][22.051s][info][gc,stats    ] 
[2026-04-03T02:00:11.675+0600][22.051s][info][gc,stats    ] Under allocation pressure, concurrent cycles may cancel, and either continue cycle
[2026-04-03T02:00:11.675+0600][22.051s][info][gc,stats    ] under stop-the-world pause or result in stop-the-world Full GC. Increase heap size,
[2026-04-03T02:00:11.675+0600][22.051s][info][gc,stats    ] tune GC heuristics, set more aggressive pacing delay, or lower allocation rate
[2026-04-03T02:00:11.675+0600][22.051s][info][gc,stats    ] to avoid Degenerated and Full GC cycles.
[2026-04-03T02:00:11.675+0600][22.051s][info][gc,stats    ] 
[2026-04-03T02:00:11.675+0600][22.051s][info][gc,stats    ]    23 successful concurrent GCs
[2026-04-03T02:00:11.675+0600][22.051s][info][gc,stats    ]       3 invoked explicitly
[2026-04-03T02:00:11.675+0600][22.051s][info][gc,stats    ]       0 invoked implicitly
[2026-04-03T02:00:11.675+0600][22.051s][info][gc,stats    ] 
[2026-04-03T02:00:11.675+0600][22.051s][info][gc,stats    ]     0 Degenerated GCs
[2026-04-03T02:00:11.675+0600][22.051s][info][gc,stats    ]       0 caused by allocation failure
[2026-04-03T02:00:11.675+0600][22.051s][info][gc,stats    ]       0 upgraded to Full GC
[2026-04-03T02:00:11.675+0600][22.051s][info][gc,stats    ] 
[2026-04-03T02:00:11.675+0600][22.051s][info][gc,stats    ]     0 Full GCs
[2026-04-03T02:00:11.675+0600][22.051s][info][gc,stats    ]       0 invoked explicitly
[2026-04-03T02:00:11.675+0600][22.051s][info][gc,stats    ]       0 invoked implicitly
[2026-04-03T02:00:11.675+0600][22.051s][info][gc,stats    ]       0 caused by allocation failure
[2026-04-03T02:00:11.675+0600][22.051s][info][gc,stats    ]       0 upgraded from Degenerated GC
[2026-04-03T02:00:11.675+0600][22.051s][info][gc,stats    ] 
[2026-04-03T02:00:11.675+0600][22.051s][info][gc,stats    ] 
