[2026-04-03T02:01:16.354+0600][0.005s][info][gc] Heuristics ergonomically sets -XX:+ExplicitGCInvokesConcurrent
[2026-04-03T02:01:16.354+0600][0.005s][info][gc] Heuristics ergonomically sets -XX:+ShenandoahImplicitGCInvokesConcurrent
[2026-04-03T02:01:16.355+0600][0.005s][info][gc] Using Shenandoah
[2026-04-03T02:01:16.355+0600][0.006s][info][gc,ergo] Pacer for Idle. Initial: 30720K, Alloc Tax Rate: 1.0x
[2026-04-03T02:01:16.356+0600][0.006s][info][gc,init] Version: 21.0.10+7-Ubuntu-124.04 (release)
[2026-04-03T02:01:16.356+0600][0.006s][info][gc,init] CPUs: 12 total, 12 available
[2026-04-03T02:01:16.356+0600][0.006s][info][gc,init] Memory: 15683M
[2026-04-03T02:01:16.356+0600][0.006s][info][gc,init] Large Page Support: Disabled
[2026-04-03T02:01:16.356+0600][0.006s][info][gc,init] NUMA Support: Disabled
[2026-04-03T02:01:16.356+0600][0.006s][info][gc,init] Compressed Oops: Enabled (32-bit)
[2026-04-03T02:01:16.356+0600][0.006s][info][gc,init] Heap Min Capacity: 6656K
[2026-04-03T02:01:16.356+0600][0.006s][info][gc,init] Heap Initial Capacity: 251392K
[2026-04-03T02:01:16.356+0600][0.006s][info][gc,init] Heap Max Capacity: 1500M
[2026-04-03T02:01:16.356+0600][0.006s][info][gc,init] Pre-touch: Disabled
[2026-04-03T02:01:16.356+0600][0.006s][info][gc,init] Mode: Snapshot-At-The-Beginning (SATB)
[2026-04-03T02:01:16.356+0600][0.006s][info][gc,init] Heuristics: Adaptive
[2026-04-03T02:01:16.356+0600][0.006s][info][gc,init] Heap Region Count: 3000
[2026-04-03T02:01:16.356+0600][0.006s][info][gc,init] Heap Region Size: 512K
[2026-04-03T02:01:16.356+0600][0.006s][info][gc,init] TLAB Size Max: 512K
[2026-04-03T02:01:16.356+0600][0.006s][info][gc,init] Humongous Object Threshold: 512K
[2026-04-03T02:01:16.356+0600][0.006s][info][gc,init] Parallel Workers: 6
[2026-04-03T02:01:16.356+0600][0.006s][info][gc,init] Concurrent Workers: 3
[2026-04-03T02:01:16.370+0600][0.021s][info][gc,metaspace] CDS archive(s) mapped at: [0x000075d273000000-0x000075d273c9c000-0x000075d273c9c000), size 13221888, SharedBaseAddress: 0x000075d273000000, ArchiveRelocationMode: 1.
[2026-04-03T02:01:16.371+0600][0.021s][info][gc,metaspace] Compressed class space mapped at: 0x000075d274000000-0x000075d2b4000000, reserved size: 1073741824
[2026-04-03T02:01:16.371+0600][0.021s][info][gc,metaspace] Narrow klass base: 0x000075d273000000, Narrow klass shift: 0, Narrow klass range: 0x100000000
[2026-04-03T02:01:20.578+0600][4.229s][info][gc          ] Trigger: Metadata GC Threshold
[2026-04-03T02:01:20.578+0600][4.229s][info][gc,ergo     ] Free: 1058M, Max: 512K regular, 1058M humongous, Frag: 0% external, 0% internal; Reserve: 76800K, Max: 512K
[2026-04-03T02:01:20.578+0600][4.229s][info][gc,start    ] GC(0) Concurrent reset
[2026-04-03T02:01:20.579+0600][4.229s][info][gc,task     ] GC(0) Using 3 of 6 workers for concurrent reset
[2026-04-03T02:01:20.579+0600][4.229s][info][gc,ergo     ] GC(0) Pacer for Reset. Non-Taxable: 1500M
[2026-04-03T02:01:20.579+0600][4.230s][info][gc          ] GC(0) Concurrent reset 0.734ms
[2026-04-03T02:01:20.579+0600][4.230s][info][gc,start    ] GC(0) Pause Init Mark (unload classes)
[2026-04-03T02:01:20.580+0600][4.230s][info][gc,task     ] GC(0) Using 6 of 6 workers for init marking
[2026-04-03T02:01:20.580+0600][4.230s][info][gc,ergo     ] GC(0) Pacer for Mark. Expected Live: 150M, Free: 1058M, Non-Taxable: 105M, Alloc Tax Rate: 0.2x
[2026-04-03T02:01:20.580+0600][4.230s][info][gc          ] GC(0) Pause Init Mark (unload classes) 0.450ms
[2026-04-03T02:01:20.580+0600][4.230s][info][gc,start    ] GC(0) Concurrent marking roots
[2026-04-03T02:01:20.580+0600][4.230s][info][gc,task     ] GC(0) Using 3 of 6 workers for concurrent marking roots
[2026-04-03T02:01:20.583+0600][4.233s][info][gc          ] GC(0) Concurrent marking roots 2.732ms
[2026-04-03T02:01:20.583+0600][4.233s][info][gc,start    ] GC(0) Concurrent marking (unload classes)
[2026-04-03T02:01:20.583+0600][4.233s][info][gc,task     ] GC(0) Using 3 of 6 workers for concurrent marking
[2026-04-03T02:01:20.591+0600][4.242s][info][gc          ] GC(0) Concurrent marking (unload classes) 8.811ms
[2026-04-03T02:01:20.592+0600][4.242s][info][gc,start    ] GC(0) Pause Final Mark (unload classes)
[2026-04-03T02:01:20.592+0600][4.242s][info][gc,task     ] GC(0) Using 6 of 6 workers for final marking
[2026-04-03T02:01:20.592+0600][4.243s][info][gc,ergo     ] GC(0) Adaptive CSet Selection. Target Free: 212M, Actual Free: 1133M, Max CSet: 64000K, Min Garbage: 0B
[2026-04-03T02:01:20.592+0600][4.243s][info][gc,ergo     ] GC(0) Collectable Garbage: 346M (99%), Immediate: 0B (0%), CSet: 346M (99%)
[2026-04-03T02:01:20.592+0600][4.243s][info][gc,ergo     ] GC(0) Pacer for Evacuation. Used CSet: 358M, Free: 1058M, Non-Taxable: 105M, Alloc Tax Rate: 1.1x
[2026-04-03T02:01:20.592+0600][4.243s][info][gc          ] GC(0) Pause Final Mark (unload classes) 0.758ms
[2026-04-03T02:01:20.592+0600][4.243s][info][gc,start    ] GC(0) Concurrent thread roots
[2026-04-03T02:01:20.592+0600][4.243s][info][gc,task     ] GC(0) Using 3 of 6 workers for Concurrent thread roots
[2026-04-03T02:01:20.593+0600][4.243s][info][gc          ] GC(0) Concurrent thread roots 0.599ms
[2026-04-03T02:01:20.593+0600][4.244s][info][gc,start    ] GC(0) Concurrent weak references
[2026-04-03T02:01:20.593+0600][4.244s][info][gc,task     ] GC(0) Using 3 of 6 workers for concurrent weak references
[2026-04-03T02:01:20.594+0600][4.244s][info][gc,ref      ] GC(0) Encountered references: Soft: 3498, Weak: 1459, Final: 0, Phantom: 563
[2026-04-03T02:01:20.594+0600][4.244s][info][gc,ref      ] GC(0) Discovered  references: Soft: 0, Weak: 1146, Final: 0, Phantom: 560
[2026-04-03T02:01:20.594+0600][4.244s][info][gc,ref      ] GC(0) Enqueued    references: Soft: 0, Weak: 452, Final: 0, Phantom: 0
[2026-04-03T02:01:20.594+0600][4.244s][info][gc          ] GC(0) Concurrent weak references 0.664ms
[2026-04-03T02:01:20.594+0600][4.244s][info][gc,start    ] GC(0) Concurrent weak roots
[2026-04-03T02:01:20.594+0600][4.244s][info][gc,task     ] GC(0) Using 3 of 6 workers for concurrent weak root
[2026-04-03T02:01:20.595+0600][4.245s][info][gc          ] GC(0) Concurrent weak roots 1.162ms
[2026-04-03T02:01:20.595+0600][4.245s][info][gc,start    ] GC(0) Concurrent cleanup
[2026-04-03T02:01:20.595+0600][4.246s][info][gc          ] GC(0) Concurrent cleanup 366M->366M(368M) 0.153ms
[2026-04-03T02:01:20.595+0600][4.246s][info][gc,ergo     ] GC(0) Free: 1058M, Max: 512K regular, 1058M humongous, Frag: 0% external, 0% internal; Reserve: 75264K, Max: 512K
[2026-04-03T02:01:20.595+0600][4.246s][info][gc,start    ] GC(0) Concurrent class unloading
[2026-04-03T02:01:20.595+0600][4.246s][info][gc,task     ] GC(0) Using 3 of 6 workers for concurrent class unloading
[2026-04-03T02:01:20.597+0600][4.248s][info][gc          ] GC(0) Concurrent class unloading 2.282ms
[2026-04-03T02:01:20.597+0600][4.248s][info][gc,start    ] GC(0) Concurrent strong roots
[2026-04-03T02:01:20.597+0600][4.248s][info][gc,task     ] GC(0) Using 3 of 6 workers for concurrent strong root
[2026-04-03T02:01:20.599+0600][4.249s][info][gc          ] GC(0) Concurrent strong roots 1.243ms
[2026-04-03T02:01:20.599+0600][4.249s][info][gc,start    ] GC(0) Concurrent evacuation
[2026-04-03T02:01:20.599+0600][4.249s][info][gc,task     ] GC(0) Using 3 of 6 workers for concurrent evacuation
[2026-04-03T02:01:20.607+0600][4.258s][info][gc          ] GC(0) Concurrent evacuation 8.271ms
[2026-04-03T02:01:20.607+0600][4.258s][info][gc,start    ] GC(0) Pause Init Update Refs
[2026-04-03T02:01:20.607+0600][4.258s][info][gc,ergo     ] GC(0) Pacer for Update Refs. Used: 379M, Free: 1057M, Non-Taxable: 105M, Alloc Tax Rate: 1.1x
[2026-04-03T02:01:20.607+0600][4.258s][info][gc          ] GC(0) Pause Init Update Refs 0.086ms
[2026-04-03T02:01:20.607+0600][4.258s][info][gc,start    ] GC(0) Concurrent update references
[2026-04-03T02:01:20.607+0600][4.258s][info][gc,task     ] GC(0) Using 3 of 6 workers for concurrent reference update
[2026-04-03T02:01:20.611+0600][4.262s][info][gc          ] GC(0) Concurrent update references 3.874ms
[2026-04-03T02:01:20.611+0600][4.262s][info][gc,start    ] GC(0) Concurrent update thread roots
[2026-04-03T02:01:20.612+0600][4.263s][info][gc          ] GC(0) Concurrent update thread roots 0.988ms
[2026-04-03T02:01:20.612+0600][4.263s][info][gc,start    ] GC(0) Pause Final Update Refs
[2026-04-03T02:01:20.613+0600][4.263s][info][gc,task     ] GC(0) Using 6 of 6 workers for final reference update
[2026-04-03T02:01:20.613+0600][4.263s][info][gc          ] GC(0) Pause Final Update Refs 0.135ms
[2026-04-03T02:01:20.613+0600][4.263s][info][gc,start    ] GC(0) Concurrent cleanup
[2026-04-03T02:01:20.613+0600][4.263s][info][gc          ] GC(0) Concurrent cleanup 379M->21M(381M) 0.253ms
[2026-04-03T02:01:20.613+0600][4.263s][info][gc,ergo     ] Free: 1402M, Max: 512K regular, 1044M humongous, Frag: 26% external, 0% internal; Reserve: 76800K, Max: 512K
[2026-04-03T02:01:20.613+0600][4.264s][info][gc,stats    ] 
[2026-04-03T02:01:20.613+0600][4.264s][info][gc,stats    ] All times are wall-clock times, except per-root-class counters, that are sum over
[2026-04-03T02:01:20.613+0600][4.264s][info][gc,stats    ] all workers. Dividing the <total> over the root stage time estimates parallelism.
[2026-04-03T02:01:20.613+0600][4.264s][info][gc,stats    ] 
[2026-04-03T02:01:20.613+0600][4.264s][info][gc,stats    ] Concurrent Reset                    763 us
[2026-04-03T02:01:20.613+0600][4.264s][info][gc,stats    ] Pause Init Mark (G)                 729 us
[2026-04-03T02:01:20.613+0600][4.264s][info][gc,stats    ] Pause Init Mark (N)                 461 us
[2026-04-03T02:01:20.613+0600][4.264s][info][gc,stats    ]   Update Region States               33 us
[2026-04-03T02:01:20.613+0600][4.264s][info][gc,stats    ] Concurrent Mark Roots              2772 us, parallelism: 1.36x
[2026-04-03T02:01:20.613+0600][4.264s][info][gc,stats    ]   CMR: <total>                     3769 us
[2026-04-03T02:01:20.613+0600][4.264s][info][gc,stats    ]   CMR: Thread Roots                2765 us, workers (us): 2434, 331,   0, ---, ---, ---, 
[2026-04-03T02:01:20.613+0600][4.264s][info][gc,stats    ]   CMR: VM Strong Roots              331 us, workers (us): 130, 197,   3, ---, ---, ---, 
[2026-04-03T02:01:20.613+0600][4.264s][info][gc,stats    ]   CMR: CLDG Roots                   673 us, workers (us): ---, ---, 673, ---, ---, ---, 
[2026-04-03T02:01:20.613+0600][4.264s][info][gc,stats    ] Concurrent Marking                 8889 us
[2026-04-03T02:01:20.613+0600][4.264s][info][gc,stats    ] Pause Final Mark (G)                878 us
[2026-04-03T02:01:20.613+0600][4.264s][info][gc,stats    ] Pause Final Mark (N)                770 us
[2026-04-03T02:01:20.613+0600][4.264s][info][gc,stats    ]   Finish Mark                       333 us
[2026-04-03T02:01:20.613+0600][4.264s][info][gc,stats    ]   Update Region States               32 us
[2026-04-03T02:01:20.613+0600][4.264s][info][gc,stats    ]   Choose Collection Set             309 us
[2026-04-03T02:01:20.613+0600][4.264s][info][gc,stats    ]   Rebuild Free Set                   22 us
[2026-04-03T02:01:20.613+0600][4.264s][info][gc,stats    ] Concurrent Thread Roots             662 us, parallelism: 0.81x
[2026-04-03T02:01:20.613+0600][4.264s][info][gc,stats    ]   CTR: <total>                      537 us
[2026-04-03T02:01:20.613+0600][4.264s][info][gc,stats    ]   CTR: Thread Roots                 537 us, workers (us): 441,  60,  35, ---, ---, ---, 
[2026-04-03T02:01:20.613+0600][4.264s][info][gc,stats    ] Concurrent Weak References          676 us, parallelism: 0.89x
[2026-04-03T02:01:20.613+0600][4.264s][info][gc,stats    ]   CWRF: <total>                     599 us
[2026-04-03T02:01:20.613+0600][4.264s][info][gc,stats    ]   CWRF: Weak References             599 us, workers (us): 193,   1, 405, ---, ---, ---, 
[2026-04-03T02:01:20.613+0600][4.264s][info][gc,stats    ] Concurrent Weak Roots              1209 us
[2026-04-03T02:01:20.613+0600][4.264s][info][gc,stats    ]   Roots                             885 us, parallelism: 2.55x
[2026-04-03T02:01:20.613+0600][4.264s][info][gc,stats    ]     CWR: <total>                   2255 us
[2026-04-03T02:01:20.613+0600][4.264s][info][gc,stats    ]     CWR: Code Cache Roots           663 us, workers (us): 253, 217, 193, ---, ---, ---, 
[2026-04-03T02:01:20.613+0600][4.264s][info][gc,stats    ]     CWR: VM Weak Roots             1580 us, workers (us): 563, 511, 506, ---, ---, ---, 
[2026-04-03T02:01:20.613+0600][4.264s][info][gc,stats    ]     CWR: CLDG Roots                  12 us, workers (us): ---, ---,  12, ---, ---, ---, 
[2026-04-03T02:01:20.613+0600][4.264s][info][gc,stats    ]   Rendezvous                        232 us
[2026-04-03T02:01:20.613+0600][4.264s][info][gc,stats    ] Concurrent Cleanup                  166 us
[2026-04-03T02:01:20.613+0600][4.264s][info][gc,stats    ] Concurrent Class Unloading         2329 us
[2026-04-03T02:01:20.613+0600][4.264s][info][gc,stats    ]   Unlink Stale                     1592 us
[2026-04-03T02:01:20.613+0600][4.264s][info][gc,stats    ]     System Dictionary                27 us
[2026-04-03T02:01:20.613+0600][4.264s][info][gc,stats    ]     Weak Class Links                  0 us
[2026-04-03T02:01:20.613+0600][4.264s][info][gc,stats    ]     Code Roots                     1552 us
[2026-04-03T02:01:20.613+0600][4.264s][info][gc,stats    ]   Rendezvous                         99 us
[2026-04-03T02:01:20.613+0600][4.264s][info][gc,stats    ]   Purge Unlinked                    567 us
[2026-04-03T02:01:20.613+0600][4.264s][info][gc,stats    ]     Code Roots                      556 us
[2026-04-03T02:01:20.613+0600][4.264s][info][gc,stats    ]     CLDG                             10 us
[2026-04-03T02:01:20.613+0600][4.264s][info][gc,stats    ]     Exception Caches                  0 us
[2026-04-03T02:01:20.613+0600][4.264s][info][gc,stats    ] Concurrent Strong Roots            1302 us, parallelism: 0.87x
[2026-04-03T02:01:20.613+0600][4.264s][info][gc,stats    ]   CSR: <total>                     1131 us
[2026-04-03T02:01:20.613+0600][4.264s][info][gc,stats    ]   CSR: VM Strong Roots               27 us, workers (us):  25,   1,   1, ---, ---, ---, 
[2026-04-03T02:01:20.613+0600][4.264s][info][gc,stats    ]   CSR: CLDG Roots                  1105 us, workers (us): 1105, ---, ---, ---, ---, ---, 
[2026-04-03T02:01:20.613+0600][4.264s][info][gc,stats    ] Concurrent Evacuation              8342 us
[2026-04-03T02:01:20.613+0600][4.264s][info][gc,stats    ] Pause Init Update Refs (G)          309 us
[2026-04-03T02:01:20.613+0600][4.264s][info][gc,stats    ] Pause Init Update Refs (N)           97 us
[2026-04-03T02:01:20.613+0600][4.264s][info][gc,stats    ]   Manage GCLABs                       4 us
[2026-04-03T02:01:20.613+0600][4.264s][info][gc,stats    ] Concurrent Update Refs             3939 us
[2026-04-03T02:01:20.613+0600][4.264s][info][gc,stats    ] Concurrent Update Thread Roots     1020 us
[2026-04-03T02:01:20.613+0600][4.264s][info][gc,stats    ] Pause Final Update Refs (G)         323 us
[2026-04-03T02:01:20.613+0600][4.264s][info][gc,stats    ] Pause Final Update Refs (N)         150 us
[2026-04-03T02:01:20.613+0600][4.264s][info][gc,stats    ]   Update Region States               42 us
[2026-04-03T02:01:20.613+0600][4.264s][info][gc,stats    ]   Trash Collection Set               15 us
[2026-04-03T02:01:20.613+0600][4.264s][info][gc,stats    ]   Rebuild Free Set                   25 us
[2026-04-03T02:01:20.614+0600][4.264s][info][gc,stats    ] Concurrent Cleanup                  272 us
[2026-04-03T02:01:20.614+0600][4.264s][info][gc,stats    ] 
[2026-04-03T02:01:20.614+0600][4.264s][info][gc,stats    ] Allocation pacing accrued:
[2026-04-03T02:01:20.614+0600][4.264s][info][gc,stats    ]       0 of  4258 ms (  0.0%): <total>
[2026-04-03T02:01:20.614+0600][4.264s][info][gc,stats    ]       0 of  4258 ms (  0.0%): <average total>
[2026-04-03T02:01:20.614+0600][4.264s][info][gc,stats    ] 
[2026-04-03T02:01:20.614+0600][4.264s][info][gc,metaspace] Metaspace: 21329K(21568K)->21426K(21760K) NonClass: 18686K(18816K)->18761K(18944K) Class: 2642K(2752K)->2665K(2816K)
[2026-04-03T02:01:20.614+0600][4.264s][info][gc,ergo     ] Pacer for Idle. Initial: 30720K, Alloc Tax Rate: 1.0x
[2026-04-03T02:01:23.434+0600][7.084s][info][gc          ] Trigger: Metadata GC Threshold
[2026-04-03T02:01:23.434+0600][7.085s][info][gc,ergo     ] Free: 1279M, Max: 512K regular, 1044M humongous, Frag: 19% external, 0% internal; Reserve: 76800K, Max: 512K
[2026-04-03T02:01:23.434+0600][7.085s][info][gc,start    ] GC(1) Concurrent reset
[2026-04-03T02:01:23.434+0600][7.085s][info][gc,task     ] GC(1) Using 3 of 6 workers for concurrent reset
[2026-04-03T02:01:23.434+0600][7.085s][info][gc,ergo     ] GC(1) Pacer for Reset. Non-Taxable: 1500M
[2026-04-03T02:01:23.442+0600][7.092s][info][gc          ] GC(1) Concurrent reset 7.899ms
[2026-04-03T02:01:23.442+0600][7.093s][info][gc,start    ] GC(1) Pause Init Mark (unload classes)
[2026-04-03T02:01:23.442+0600][7.093s][info][gc,task     ] GC(1) Using 6 of 6 workers for init marking
[2026-04-03T02:01:23.442+0600][7.093s][info][gc,ergo     ] GC(1) Pacer for Mark. Expected Live: 18344K, Free: 1278M, Non-Taxable: 127M, Alloc Tax Rate: 0.0x
[2026-04-03T02:01:23.442+0600][7.093s][info][gc          ] GC(1) Pause Init Mark (unload classes) 0.101ms
[2026-04-03T02:01:23.442+0600][7.093s][info][gc,start    ] GC(1) Concurrent marking roots
[2026-04-03T02:01:23.442+0600][7.093s][info][gc,task     ] GC(1) Using 3 of 6 workers for concurrent marking roots
[2026-04-03T02:01:23.444+0600][7.094s][info][gc          ] GC(1) Concurrent marking roots 1.178ms
[2026-04-03T02:01:23.444+0600][7.094s][info][gc,start    ] GC(1) Concurrent marking (unload classes)
[2026-04-03T02:01:23.444+0600][7.094s][info][gc,task     ] GC(1) Using 3 of 6 workers for concurrent marking
[2026-04-03T02:01:23.454+0600][7.105s][info][gc          ] GC(1) Concurrent marking (unload classes) 10.383ms
[2026-04-03T02:01:23.454+0600][7.105s][info][gc,start    ] GC(1) Pause Final Mark (unload classes)
[2026-04-03T02:01:23.454+0600][7.105s][info][gc,task     ] GC(1) Using 6 of 6 workers for final marking
[2026-04-03T02:01:23.455+0600][7.105s][info][gc,ergo     ] GC(1) Adaptive CSet Selection. Target Free: 212M, Actual Free: 1363M, Max CSet: 64000K, Min Garbage: 0B
[2026-04-03T02:01:23.455+0600][7.105s][info][gc,ergo     ] GC(1) Collectable Garbage: 117M (99%), Immediate: 11148K (9%), CSet: 107M (90%)
[2026-04-03T02:01:23.455+0600][7.105s][info][gc,ergo     ] GC(1) Pacer for Evacuation. Used CSet: 112M, Free: 1293M, Non-Taxable: 129M, Alloc Tax Rate: 1.1x
[2026-04-03T02:01:23.455+0600][7.105s][info][gc          ] GC(1) Pause Final Mark (unload classes) 0.613ms
[2026-04-03T02:01:23.455+0600][7.105s][info][gc,start    ] GC(1) Concurrent thread roots
[2026-04-03T02:01:23.455+0600][7.106s][info][gc,task     ] GC(1) Using 3 of 6 workers for Concurrent thread roots
[2026-04-03T02:01:23.456+0600][7.106s][info][gc          ] GC(1) Concurrent thread roots 0.803ms
[2026-04-03T02:01:23.456+0600][7.106s][info][gc,start    ] GC(1) Concurrent weak references
[2026-04-03T02:01:23.456+0600][7.106s][info][gc,task     ] GC(1) Using 3 of 6 workers for concurrent weak references
[2026-04-03T02:01:23.456+0600][7.107s][info][gc,ref      ] GC(1) Encountered references: Soft: 3854, Weak: 2530, Final: 80, Phantom: 568
[2026-04-03T02:01:23.456+0600][7.107s][info][gc,ref      ] GC(1) Discovered  references: Soft: 0, Weak: 873, Final: 48, Phantom: 288
[2026-04-03T02:01:23.456+0600][7.107s][info][gc,ref      ] GC(1) Enqueued    references: Soft: 0, Weak: 479, Final: 0, Phantom: 1
[2026-04-03T02:01:23.456+0600][7.107s][info][gc          ] GC(1) Concurrent weak references 0.552ms
[2026-04-03T02:01:23.456+0600][7.107s][info][gc,start    ] GC(1) Concurrent weak roots
[2026-04-03T02:01:23.456+0600][7.107s][info][gc,task     ] GC(1) Using 3 of 6 workers for concurrent weak root
[2026-04-03T02:01:23.458+0600][7.109s][info][gc          ] GC(1) Concurrent weak roots 1.852ms
[2026-04-03T02:01:23.458+0600][7.109s][info][gc,start    ] GC(1) Concurrent cleanup
[2026-04-03T02:01:23.459+0600][7.109s][info][gc          ] GC(1) Concurrent cleanup 142M->131M(382M) 0.181ms
[2026-04-03T02:01:23.459+0600][7.109s][info][gc,ergo     ] GC(1) Free: 1292M, Max: 512K regular, 1044M humongous, Frag: 20% external, 0% internal; Reserve: 76030K, Max: 512K
[2026-04-03T02:01:23.459+0600][7.109s][info][gc,start    ] GC(1) Concurrent class unloading
[2026-04-03T02:01:23.459+0600][7.109s][info][gc,task     ] GC(1) Using 3 of 6 workers for concurrent class unloading
[2026-04-03T02:01:23.462+0600][7.113s][info][gc          ] GC(1) Concurrent class unloading 3.650ms
[2026-04-03T02:01:23.462+0600][7.113s][info][gc,start    ] GC(1) Concurrent strong roots
[2026-04-03T02:01:23.462+0600][7.113s][info][gc,task     ] GC(1) Using 3 of 6 workers for concurrent strong root
[2026-04-03T02:01:23.463+0600][7.114s][info][gc          ] GC(1) Concurrent strong roots 0.970ms
[2026-04-03T02:01:23.463+0600][7.114s][info][gc,start    ] GC(1) Concurrent evacuation
[2026-04-03T02:01:23.463+0600][7.114s][info][gc,task     ] GC(1) Using 3 of 6 workers for concurrent evacuation
[2026-04-03T02:01:23.468+0600][7.119s][info][gc          ] GC(1) Concurrent evacuation 4.903ms
[2026-04-03T02:01:23.469+0600][7.119s][info][gc,start    ] GC(1) Pause Init Update Refs
[2026-04-03T02:01:23.469+0600][7.119s][info][gc,ergo     ] GC(1) Pacer for Update Refs. Used: 138M, Free: 1292M, Non-Taxable: 129M, Alloc Tax Rate: 1.1x
[2026-04-03T02:01:23.469+0600][7.119s][info][gc          ] GC(1) Pause Init Update Refs 0.094ms
[2026-04-03T02:01:23.469+0600][7.119s][info][gc,start    ] GC(1) Concurrent update references
[2026-04-03T02:01:23.469+0600][7.119s][info][gc,task     ] GC(1) Using 3 of 6 workers for concurrent reference update
[2026-04-03T02:01:23.475+0600][7.126s][info][gc          ] GC(1) Concurrent update references 6.161ms
[2026-04-03T02:01:23.475+0600][7.126s][info][gc,start    ] GC(1) Concurrent update thread roots
[2026-04-03T02:01:23.476+0600][7.126s][info][gc          ] GC(1) Concurrent update thread roots 0.421ms
[2026-04-03T02:01:23.476+0600][7.126s][info][gc,start    ] GC(1) Pause Final Update Refs
[2026-04-03T02:01:23.476+0600][7.126s][info][gc,task     ] GC(1) Using 6 of 6 workers for final reference update
[2026-04-03T02:01:23.476+0600][7.126s][info][gc          ] GC(1) Pause Final Update Refs 0.173ms
[2026-04-03T02:01:23.476+0600][7.126s][info][gc,start    ] GC(1) Concurrent cleanup
[2026-04-03T02:01:23.476+0600][7.127s][info][gc          ] GC(1) Concurrent cleanup 139M->26M(388M) 0.220ms
[2026-04-03T02:01:23.476+0600][7.127s][info][gc,ergo     ] Free: 1397M, Max: 512K regular, 1121M humongous, Frag: 20% external, 0% internal; Reserve: 76800K, Max: 512K
[2026-04-03T02:01:23.476+0600][7.127s][info][gc,stats    ] 
[2026-04-03T02:01:23.476+0600][7.127s][info][gc,stats    ] All times are wall-clock times, except per-root-class counters, that are sum over
[2026-04-03T02:01:23.476+0600][7.127s][info][gc,stats    ] all workers. Dividing the <total> over the root stage time estimates parallelism.
[2026-04-03T02:01:23.476+0600][7.127s][info][gc,stats    ] 
[2026-04-03T02:01:23.476+0600][7.127s][info][gc,stats    ] Concurrent Reset                   7963 us
[2026-04-03T02:01:23.476+0600][7.127s][info][gc,stats    ] Pause Init Mark (G)                 424 us
[2026-04-03T02:01:23.476+0600][7.127s][info][gc,stats    ] Pause Init Mark (N)                 111 us
[2026-04-03T02:01:23.476+0600][7.127s][info][gc,stats    ]   Update Region States               19 us
[2026-04-03T02:01:23.476+0600][7.127s][info][gc,stats    ] Concurrent Mark Roots              1208 us, parallelism: 2.29x
[2026-04-03T02:01:23.476+0600][7.127s][info][gc,stats    ]   CMR: <total>                     2771 us
[2026-04-03T02:01:23.476+0600][7.127s][info][gc,stats    ]   CMR: Thread Roots                2304 us, workers (us): 763, 579, 962, ---, ---, ---, 
[2026-04-03T02:01:23.476+0600][7.127s][info][gc,stats    ]   CMR: VM Strong Roots              190 us, workers (us):  97,  59,  34, ---, ---, ---, 
[2026-04-03T02:01:23.476+0600][7.127s][info][gc,stats    ]   CMR: CLDG Roots                   277 us, workers (us): ---, 277, ---, ---, ---, ---, 
[2026-04-03T02:01:23.476+0600][7.127s][info][gc,stats    ] Concurrent Marking                10459 us
[2026-04-03T02:01:23.476+0600][7.127s][info][gc,stats    ] Pause Final Mark (G)                846 us
[2026-04-03T02:01:23.476+0600][7.127s][info][gc,stats    ] Pause Final Mark (N)                625 us
[2026-04-03T02:01:23.476+0600][7.127s][info][gc,stats    ]   Finish Mark                       218 us
[2026-04-03T02:01:23.476+0600][7.127s][info][gc,stats    ]   Update Region States               82 us
[2026-04-03T02:01:23.476+0600][7.127s][info][gc,stats    ]   Choose Collection Set             204 us
[2026-04-03T02:01:23.476+0600][7.127s][info][gc,stats    ]   Rebuild Free Set                   30 us
[2026-04-03T02:01:23.476+0600][7.127s][info][gc,stats    ] Concurrent Thread Roots             851 us, parallelism: 1.15x
[2026-04-03T02:01:23.476+0600][7.127s][info][gc,stats    ]   CTR: <total>                      975 us
[2026-04-03T02:01:23.476+0600][7.127s][info][gc,stats    ]   CTR: Thread Roots                 975 us, workers (us): 597, 192, 186, ---, ---, ---, 
[2026-04-03T02:01:23.476+0600][7.127s][info][gc,stats    ] Concurrent Weak References          566 us, parallelism: 0.69x
[2026-04-03T02:01:23.476+0600][7.127s][info][gc,stats    ]   CWRF: <total>                     388 us
[2026-04-03T02:01:23.476+0600][7.127s][info][gc,stats    ]   CWRF: Weak References             388 us, workers (us): 101, 286,   1, ---, ---, ---, 
[2026-04-03T02:01:23.476+0600][7.127s][info][gc,stats    ] Concurrent Weak Roots              1922 us
[2026-04-03T02:01:23.476+0600][7.127s][info][gc,stats    ]   Roots                            1597 us, parallelism: 2.59x
[2026-04-03T02:01:23.476+0600][7.127s][info][gc,stats    ]     CWR: <total>                   4132 us
[2026-04-03T02:01:23.477+0600][7.127s][info][gc,stats    ]     CWR: Code Cache Roots          1384 us, workers (us): 466, 431, 487, ---, ---, ---, 
[2026-04-03T02:01:23.477+0600][7.127s][info][gc,stats    ]     CWR: VM Weak Roots             2725 us, workers (us): 954, 882, 890, ---, ---, ---, 
[2026-04-03T02:01:23.477+0600][7.127s][info][gc,stats    ]     CWR: CLDG Roots                  22 us, workers (us): ---,  22, ---, ---, ---, ---, 
[2026-04-03T02:01:23.477+0600][7.127s][info][gc,stats    ]   Rendezvous                        223 us
[2026-04-03T02:01:23.477+0600][7.127s][info][gc,stats    ] Concurrent Cleanup                  194 us
[2026-04-03T02:01:23.477+0600][7.127s][info][gc,stats    ] Concurrent Class Unloading         3731 us
[2026-04-03T02:01:23.477+0600][7.127s][info][gc,stats    ]   Unlink Stale                     2228 us
[2026-04-03T02:01:23.477+0600][7.127s][info][gc,stats    ]     System Dictionary                29 us
[2026-04-03T02:01:23.477+0600][7.127s][info][gc,stats    ]     Weak Class Links                  0 us
[2026-04-03T02:01:23.477+0600][7.127s][info][gc,stats    ]     Code Roots                     2191 us
[2026-04-03T02:01:23.477+0600][7.127s][info][gc,stats    ]   Rendezvous                        117 us
[2026-04-03T02:01:23.477+0600][7.127s][info][gc,stats    ]   Purge Unlinked                   1273 us
[2026-04-03T02:01:23.477+0600][7.127s][info][gc,stats    ]     Code Roots                     1250 us
[2026-04-03T02:01:23.477+0600][7.127s][info][gc,stats    ]     CLDG                             22 us
[2026-04-03T02:01:23.477+0600][7.127s][info][gc,stats    ]     Exception Caches                  0 us
[2026-04-03T02:01:23.477+0600][7.127s][info][gc,stats    ] Concurrent Strong Roots            1052 us, parallelism: 0.67x
[2026-04-03T02:01:23.477+0600][7.127s][info][gc,stats    ]   CSR: <total>                      700 us
[2026-04-03T02:01:23.477+0600][7.127s][info][gc,stats    ]   CSR: VM Strong Roots               26 us, workers (us):  25,   1,   0, ---, ---, ---, 
[2026-04-03T02:01:23.477+0600][7.127s][info][gc,stats    ]   CSR: CLDG Roots                   674 us, workers (us): 674, ---, ---, ---, ---, ---, 
[2026-04-03T02:01:23.477+0600][7.127s][info][gc,stats    ] Concurrent Evacuation              4971 us
[2026-04-03T02:01:23.477+0600][7.127s][info][gc,stats    ] Pause Init Update Refs (G)          494 us
[2026-04-03T02:01:23.477+0600][7.127s][info][gc,stats    ] Pause Init Update Refs (N)          104 us
[2026-04-03T02:01:23.477+0600][7.127s][info][gc,stats    ]   Manage GCLABs                       7 us
[2026-04-03T02:01:23.477+0600][7.127s][info][gc,stats    ] Concurrent Update Refs             6240 us
[2026-04-03T02:01:23.477+0600][7.127s][info][gc,stats    ] Concurrent Update Thread Roots      456 us
[2026-04-03T02:01:23.477+0600][7.127s][info][gc,stats    ] Pause Final Update Refs (G)         353 us
[2026-04-03T02:01:23.477+0600][7.127s][info][gc,stats    ] Pause Final Update Refs (N)         184 us
[2026-04-03T02:01:23.477+0600][7.127s][info][gc,stats    ]   Update Region States               40 us
[2026-04-03T02:01:23.477+0600][7.127s][info][gc,stats    ]   Trash Collection Set                7 us
[2026-04-03T02:01:23.477+0600][7.127s][info][gc,stats    ]   Rebuild Free Set                   29 us
[2026-04-03T02:01:23.477+0600][7.127s][info][gc,stats    ] Concurrent Cleanup                  239 us
[2026-04-03T02:01:23.477+0600][7.127s][info][gc,stats    ] 
[2026-04-03T02:01:23.477+0600][7.127s][info][gc,stats    ] Allocation pacing accrued:
[2026-04-03T02:01:23.477+0600][7.127s][info][gc,stats    ]       0 of  2863 ms (  0.0%): <total>
[2026-04-03T02:01:23.477+0600][7.127s][info][gc,stats    ]       0 of  2863 ms (  0.0%): <average total>
[2026-04-03T02:01:23.477+0600][7.127s][info][gc,stats    ] 
[2026-04-03T02:01:23.477+0600][7.127s][info][gc,metaspace] Metaspace: 35957K(36352K)->36241K(36672K) NonClass: 31490K(31744K)->31738K(32000K) Class: 4467K(4608K)->4502K(4672K)
[2026-04-03T02:01:23.477+0600][7.127s][info][gc,ergo     ] Pacer for Idle. Initial: 30720K, Alloc Tax Rate: 1.0x
[2026-04-03T02:01:26.110+0600][9.761s][info][gc          ] Trigger: Learning 3 of 5. Free (1049M) is below initial threshold (1050M)
[2026-04-03T02:01:26.110+0600][9.761s][info][gc,ergo     ] Free: 1049M, Max: 512K regular, 1049M humongous, Frag: 0% external, 0% internal; Reserve: 76800K, Max: 512K
[2026-04-03T02:01:26.110+0600][9.761s][info][gc,start    ] GC(2) Concurrent reset
[2026-04-03T02:01:26.110+0600][9.761s][info][gc,task     ] GC(2) Using 3 of 6 workers for concurrent reset
[2026-04-03T02:01:26.110+0600][9.761s][info][gc,ergo     ] GC(2) Pacer for Reset. Non-Taxable: 1500M
[2026-04-03T02:01:26.111+0600][9.762s][info][gc          ] GC(2) Concurrent reset 0.934ms
[2026-04-03T02:01:26.112+0600][9.762s][info][gc,start    ] GC(2) Pause Init Mark (unload classes)
[2026-04-03T02:01:26.112+0600][9.762s][info][gc,task     ] GC(2) Using 6 of 6 workers for init marking
[2026-04-03T02:01:26.112+0600][9.762s][info][gc,ergo     ] GC(2) Pacer for Mark. Expected Live: 20098K, Free: 1049M, Non-Taxable: 104M, Alloc Tax Rate: 0.0x
[2026-04-03T02:01:26.112+0600][9.763s][info][gc          ] GC(2) Pause Init Mark (unload classes) 0.132ms
[2026-04-03T02:01:26.112+0600][9.763s][info][gc,start    ] GC(2) Concurrent marking roots
[2026-04-03T02:01:26.112+0600][9.763s][info][gc,task     ] GC(2) Using 3 of 6 workers for concurrent marking roots
[2026-04-03T02:01:26.114+0600][9.764s][info][gc          ] GC(2) Concurrent marking roots 1.497ms
[2026-04-03T02:01:26.114+0600][9.764s][info][gc,start    ] GC(2) Concurrent marking (unload classes)
[2026-04-03T02:01:26.114+0600][9.764s][info][gc,task     ] GC(2) Using 3 of 6 workers for concurrent marking
[2026-04-03T02:01:26.147+0600][9.797s][info][gc          ] GC(2) Concurrent marking (unload classes) 33.107ms
[2026-04-03T02:01:26.147+0600][9.798s][info][gc,start    ] GC(2) Pause Final Mark (unload classes)
[2026-04-03T02:01:26.147+0600][9.798s][info][gc,task     ] GC(2) Using 6 of 6 workers for final marking
[2026-04-03T02:01:26.148+0600][9.798s][info][gc,ergo     ] GC(2) Adaptive CSet Selection. Target Free: 212M, Actual Free: 1114M, Max CSet: 64000K, Min Garbage: 0B
[2026-04-03T02:01:26.148+0600][9.798s][info][gc,ergo     ] GC(2) Collectable Garbage: 323M (99%), Immediate: 6816K (2%), CSet: 317M (97%)
[2026-04-03T02:01:26.148+0600][9.798s][info][gc,ergo     ] GC(2) Pacer for Evacuation. Used CSet: 343M, Free: 1042M, Non-Taxable: 104M, Alloc Tax Rate: 1.1x
[2026-04-03T02:01:26.148+0600][9.798s][info][gc          ] GC(2) Pause Final Mark (unload classes) 0.850ms
[2026-04-03T02:01:26.148+0600][9.799s][info][gc,start    ] GC(2) Concurrent thread roots
[2026-04-03T02:01:26.148+0600][9.799s][info][gc,task     ] GC(2) Using 3 of 6 workers for Concurrent thread roots
[2026-04-03T02:01:26.149+0600][9.799s][info][gc          ] GC(2) Concurrent thread roots 0.665ms
[2026-04-03T02:01:26.149+0600][9.799s][info][gc,start    ] GC(2) Concurrent weak references
[2026-04-03T02:01:26.149+0600][9.799s][info][gc,task     ] GC(2) Using 3 of 6 workers for concurrent weak references
[2026-04-03T02:01:26.149+0600][9.800s][info][gc,ref      ] GC(2) Encountered references: Soft: 3982, Weak: 3254, Final: 82, Phantom: 580
[2026-04-03T02:01:26.149+0600][9.800s][info][gc,ref      ] GC(2) Discovered  references: Soft: 0, Weak: 628, Final: 0, Phantom: 577
[2026-04-03T02:01:26.149+0600][9.800s][info][gc,ref      ] GC(2) Enqueued    references: Soft: 0, Weak: 521, Final: 0, Phantom: 0
[2026-04-03T02:01:26.149+0600][9.800s][info][gc          ] GC(2) Concurrent weak references 0.572ms
[2026-04-03T02:01:26.149+0600][9.800s][info][gc,start    ] GC(2) Concurrent weak roots
[2026-04-03T02:01:26.149+0600][9.800s][info][gc,task     ] GC(2) Using 3 of 6 workers for concurrent weak root
[2026-04-03T02:01:26.152+0600][9.802s][info][gc          ] GC(2) Concurrent weak roots 2.369ms
[2026-04-03T02:01:26.152+0600][9.802s][info][gc,start    ] GC(2) Concurrent cleanup
[2026-04-03T02:01:26.152+0600][9.803s][info][gc          ] GC(2) Concurrent cleanup 388M->381M(397M) 0.554ms
[2026-04-03T02:01:26.152+0600][9.803s][info][gc,ergo     ] GC(2) Free: 1041M, Max: 512K regular, 1031M humongous, Frag: 1% external, 0% internal; Reserve: 76495K, Max: 512K
[2026-04-03T02:01:26.152+0600][9.803s][info][gc,start    ] GC(2) Concurrent class unloading
[2026-04-03T02:01:26.152+0600][9.803s][info][gc,task     ] GC(2) Using 3 of 6 workers for concurrent class unloading
[2026-04-03T02:01:26.157+0600][9.808s][info][gc          ] GC(2) Concurrent class unloading 4.644ms
[2026-04-03T02:01:26.157+0600][9.808s][info][gc,start    ] GC(2) Concurrent strong roots
[2026-04-03T02:01:26.157+0600][9.808s][info][gc,task     ] GC(2) Using 3 of 6 workers for concurrent strong root
[2026-04-03T02:01:26.159+0600][9.810s][info][gc          ] GC(2) Concurrent strong roots 2.270ms
[2026-04-03T02:01:26.160+0600][9.810s][info][gc,start    ] GC(2) Concurrent evacuation
[2026-04-03T02:01:26.160+0600][9.810s][info][gc,task     ] GC(2) Using 3 of 6 workers for concurrent evacuation
[2026-04-03T02:01:26.190+0600][9.840s][info][gc          ] GC(2) Concurrent evacuation 30.359ms
[2026-04-03T02:01:26.190+0600][9.841s][info][gc,start    ] GC(2) Pause Init Update Refs
[2026-04-03T02:01:26.190+0600][9.841s][info][gc,ergo     ] GC(2) Pacer for Update Refs. Used: 424M, Free: 1026M, Non-Taxable: 102M, Alloc Tax Rate: 1.1x
[2026-04-03T02:01:26.190+0600][9.841s][info][gc          ] GC(2) Pause Init Update Refs 0.154ms
[2026-04-03T02:01:26.191+0600][9.841s][info][gc,start    ] GC(2) Concurrent update references
[2026-04-03T02:01:26.191+0600][9.841s][info][gc,task     ] GC(2) Using 3 of 6 workers for concurrent reference update
[2026-04-03T02:01:26.218+0600][9.869s][info][gc          ] GC(2) Concurrent update references 27.533ms
[2026-04-03T02:01:26.218+0600][9.869s][info][gc,start    ] GC(2) Concurrent update thread roots
[2026-04-03T02:01:26.219+0600][9.870s][info][gc          ] GC(2) Concurrent update thread roots 0.729ms
[2026-04-03T02:01:26.219+0600][9.870s][info][gc,start    ] GC(2) Pause Final Update Refs
[2026-04-03T02:01:26.219+0600][9.870s][info][gc,task     ] GC(2) Using 6 of 6 workers for final reference update
[2026-04-03T02:01:26.220+0600][9.870s][info][gc          ] GC(2) Pause Final Update Refs 0.167ms
[2026-04-03T02:01:26.220+0600][9.870s][info][gc,start    ] GC(2) Concurrent cleanup
[2026-04-03T02:01:26.220+0600][9.871s][info][gc          ] GC(2) Concurrent cleanup 434M->90M(436M) 0.630ms
[2026-04-03T02:01:26.220+0600][9.871s][info][gc,ergo     ] Free: 1332M, Max: 512K regular, 992M humongous, Frag: 26% external, 0% internal; Reserve: 76800K, Max: 512K
[2026-04-03T02:01:26.220+0600][9.871s][info][gc,stats    ] 
[2026-04-03T02:01:26.220+0600][9.871s][info][gc,stats    ] All times are wall-clock times, except per-root-class counters, that are sum over
[2026-04-03T02:01:26.220+0600][9.871s][info][gc,stats    ] all workers. Dividing the <total> over the root stage time estimates parallelism.
[2026-04-03T02:01:26.220+0600][9.871s][info][gc,stats    ] 
[2026-04-03T02:01:26.220+0600][9.871s][info][gc,stats    ] Concurrent Reset                    988 us
[2026-04-03T02:01:26.220+0600][9.871s][info][gc,stats    ] Pause Init Mark (G)                 686 us
[2026-04-03T02:01:26.220+0600][9.871s][info][gc,stats    ] Pause Init Mark (N)                 146 us
[2026-04-03T02:01:26.220+0600][9.871s][info][gc,stats    ]   Update Region States               29 us
[2026-04-03T02:01:26.220+0600][9.871s][info][gc,stats    ] Concurrent Mark Roots              1538 us, parallelism: 2.32x
[2026-04-03T02:01:26.220+0600][9.871s][info][gc,stats    ]   CMR: <total>                     3560 us
[2026-04-03T02:01:26.220+0600][9.871s][info][gc,stats    ]   CMR: Thread Roots                3081 us, workers (us): 777, 1179, 1124, ---, ---, ---, 
[2026-04-03T02:01:26.220+0600][9.871s][info][gc,stats    ]   CMR: VM Strong Roots              112 us, workers (us):  54,  30,  28, ---, ---, ---, 
[2026-04-03T02:01:26.220+0600][9.871s][info][gc,stats    ]   CMR: CLDG Roots                   367 us, workers (us): 367, ---, ---, ---, ---, ---, 
[2026-04-03T02:01:26.220+0600][9.871s][info][gc,stats    ] Concurrent Marking                33219 us
[2026-04-03T02:01:26.220+0600][9.871s][info][gc,stats    ] Pause Final Mark (G)               1213 us
[2026-04-03T02:01:26.220+0600][9.871s][info][gc,stats    ] Pause Final Mark (N)                909 us
[2026-04-03T02:01:26.220+0600][9.871s][info][gc,stats    ]   Finish Mark                       241 us
[2026-04-03T02:01:26.220+0600][9.871s][info][gc,stats    ]   Update Region States               67 us
[2026-04-03T02:01:26.221+0600][9.871s][info][gc,stats    ]   Choose Collection Set             352 us
[2026-04-03T02:01:26.221+0600][9.871s][info][gc,stats    ]   Rebuild Free Set                   47 us
[2026-04-03T02:01:26.221+0600][9.871s][info][gc,stats    ] Concurrent Thread Roots             739 us, parallelism: 1.75x
[2026-04-03T02:01:26.221+0600][9.871s][info][gc,stats    ]   CTR: <total>                     1294 us
[2026-04-03T02:01:26.221+0600][9.871s][info][gc,stats    ]   CTR: Thread Roots                1294 us, workers (us): 447, 422, 426, ---, ---, ---, 
[2026-04-03T02:01:26.221+0600][9.871s][info][gc,stats    ] Concurrent Weak References          584 us, parallelism: 0.87x
[2026-04-03T02:01:26.221+0600][9.871s][info][gc,stats    ]   CWRF: <total>                     510 us
[2026-04-03T02:01:26.221+0600][9.871s][info][gc,stats    ]   CWRF: Weak References             510 us, workers (us): 118, 248, 143, ---, ---, ---, 
[2026-04-03T02:01:26.221+0600][9.871s][info][gc,stats    ] Concurrent Weak Roots              2445 us
[2026-04-03T02:01:26.221+0600][9.871s][info][gc,stats    ]   Roots                            2039 us, parallelism: 2.52x
[2026-04-03T02:01:26.221+0600][9.871s][info][gc,stats    ]     CWR: <total>                   5129 us
[2026-04-03T02:01:26.221+0600][9.871s][info][gc,stats    ]     CWR: Code Cache Roots          2262 us, workers (us): 747, 707, 807, ---, ---, ---, 
[2026-04-03T02:01:26.221+0600][9.871s][info][gc,stats    ]     CWR: VM Weak Roots             2829 us, workers (us): 974, 934, 922, ---, ---, ---, 
[2026-04-03T02:01:26.221+0600][9.871s][info][gc,stats    ]     CWR: CLDG Roots                  38 us, workers (us): ---,  38, ---, ---, ---, ---, 
[2026-04-03T02:01:26.221+0600][9.871s][info][gc,stats    ]   Rendezvous                        301 us
[2026-04-03T02:01:26.221+0600][9.871s][info][gc,stats    ] Concurrent Cleanup                  574 us
[2026-04-03T02:01:26.221+0600][9.871s][info][gc,stats    ] Concurrent Class Unloading         4737 us
[2026-04-03T02:01:26.221+0600][9.871s][info][gc,stats    ]   Unlink Stale                     3467 us
[2026-04-03T02:01:26.221+0600][9.871s][info][gc,stats    ]     System Dictionary                44 us
[2026-04-03T02:01:26.221+0600][9.871s][info][gc,stats    ]     Weak Class Links                  0 us
[2026-04-03T02:01:26.221+0600][9.871s][info][gc,stats    ]     Code Roots                     3418 us
[2026-04-03T02:01:26.221+0600][9.871s][info][gc,stats    ]   Rendezvous                        297 us
[2026-04-03T02:01:26.221+0600][9.871s][info][gc,stats    ]   Purge Unlinked                    851 us
[2026-04-03T02:01:26.221+0600][9.871s][info][gc,stats    ]     Code Roots                      834 us
[2026-04-03T02:01:26.221+0600][9.871s][info][gc,stats    ]     CLDG                             16 us
[2026-04-03T02:01:26.221+0600][9.871s][info][gc,stats    ]     Exception Caches                  0 us
[2026-04-03T02:01:26.221+0600][9.871s][info][gc,stats    ] Concurrent Strong Roots            2330 us, parallelism: 0.85x
[2026-04-03T02:01:26.221+0600][9.871s][info][gc,stats    ]   CSR: <total>                     1990 us
[2026-04-03T02:01:26.221+0600][9.871s][info][gc,stats    ]   CSR: VM Strong Roots               46 us, workers (us):  44,   2,   0, ---, ---, ---, 
[2026-04-03T02:01:26.221+0600][9.871s][info][gc,stats    ]   CSR: CLDG Roots                  1945 us, workers (us): ---, 1945, ---, ---, ---, ---, 
[2026-04-03T02:01:26.221+0600][9.871s][info][gc,stats    ] Concurrent Evacuation             30454 us
[2026-04-03T02:01:26.221+0600][9.871s][info][gc,stats    ] Pause Init Update Refs (G)          535 us
[2026-04-03T02:01:26.221+0600][9.871s][info][gc,stats    ] Pause Init Update Refs (N)          177 us
[2026-04-03T02:01:26.221+0600][9.871s][info][gc,stats    ]   Manage GCLABs                      15 us
[2026-04-03T02:01:26.221+0600][9.871s][info][gc,stats    ] Concurrent Update Refs            27653 us
[2026-04-03T02:01:26.221+0600][9.871s][info][gc,stats    ] Concurrent Update Thread Roots      851 us
[2026-04-03T02:01:26.221+0600][9.871s][info][gc,stats    ] Pause Final Update Refs (G)         529 us
[2026-04-03T02:01:26.221+0600][9.871s][info][gc,stats    ] Pause Final Update Refs (N)         183 us
[2026-04-03T02:01:26.221+0600][9.871s][info][gc,stats    ]   Update Region States               66 us
[2026-04-03T02:01:26.221+0600][9.871s][info][gc,stats    ]   Trash Collection Set               15 us
[2026-04-03T02:01:26.221+0600][9.871s][info][gc,stats    ]   Rebuild Free Set                   32 us
[2026-04-03T02:01:26.221+0600][9.871s][info][gc,stats    ] Concurrent Cleanup                  651 us
[2026-04-03T02:01:26.221+0600][9.871s][info][gc,stats    ] 
[2026-04-03T02:01:26.221+0600][9.871s][info][gc,stats    ] Allocation pacing accrued:
[2026-04-03T02:01:26.221+0600][9.871s][info][gc,stats    ]       0 of  2744 ms (  0.0%): <total>
[2026-04-03T02:01:26.221+0600][9.871s][info][gc,stats    ]       0 of  2744 ms (  0.0%): <average total>
[2026-04-03T02:01:26.221+0600][9.871s][info][gc,stats    ] 
[2026-04-03T02:01:26.221+0600][9.871s][info][gc,metaspace] Metaspace: 49254K(49664K)->49254K(49664K) NonClass: 43155K(43392K)->43155K(43392K) Class: 6099K(6272K)->6099K(6272K)
[2026-04-03T02:01:26.221+0600][9.872s][info][gc,ergo     ] Pacer for Idle. Initial: 30720K, Alloc Tax Rate: 1.0x
[2026-04-03T02:01:26.560+0600][10.210s][info][gc          ] Trigger: Learning 4 of 5. Free (1049M) is below initial threshold (1050M)
[2026-04-03T02:01:26.560+0600][10.210s][info][gc,ergo     ] Free: 1049M, Max: 512K regular, 992M humongous, Frag: 6% external, 0% internal; Reserve: 76800K, Max: 512K
[2026-04-03T02:01:26.560+0600][10.210s][info][gc,start    ] GC(3) Concurrent reset
[2026-04-03T02:01:26.560+0600][10.210s][info][gc,task     ] GC(3) Using 3 of 6 workers for concurrent reset
[2026-04-03T02:01:26.560+0600][10.210s][info][gc,ergo     ] GC(3) Pacer for Reset. Non-Taxable: 1500M
[2026-04-03T02:01:26.561+0600][10.212s][info][gc          ] GC(3) Concurrent reset 1.146ms
[2026-04-03T02:01:26.561+0600][10.212s][info][gc,start    ] GC(3) Pause Init Mark (unload classes)
[2026-04-03T02:01:26.561+0600][10.212s][info][gc,task     ] GC(3) Using 6 of 6 workers for init marking
[2026-04-03T02:01:26.561+0600][10.212s][info][gc,ergo     ] GC(3) Pacer for Mark. Expected Live: 29092K, Free: 1048M, Non-Taxable: 104M, Alloc Tax Rate: 0.0x
[2026-04-03T02:01:26.561+0600][10.212s][info][gc          ] GC(3) Pause Init Mark (unload classes) 0.124ms
[2026-04-03T02:01:26.561+0600][10.212s][info][gc,start    ] GC(3) Concurrent marking roots
[2026-04-03T02:01:26.561+0600][10.212s][info][gc,task     ] GC(3) Using 3 of 6 workers for concurrent marking roots
[2026-04-03T02:01:26.562+0600][10.212s][info][gc          ] GC(3) Concurrent marking roots 0.523ms
[2026-04-03T02:01:26.562+0600][10.213s][info][gc,start    ] GC(3) Concurrent marking (unload classes)
[2026-04-03T02:01:26.562+0600][10.213s][info][gc,task     ] GC(3) Using 3 of 6 workers for concurrent marking
[2026-04-03T02:01:26.610+0600][10.261s][info][gc          ] GC(3) Concurrent marking (unload classes) 48.347ms
[2026-04-03T02:01:26.611+0600][10.261s][info][gc,start    ] GC(3) Pause Final Mark (unload classes)
[2026-04-03T02:01:26.611+0600][10.261s][info][gc,task     ] GC(3) Using 6 of 6 workers for final marking
[2026-04-03T02:01:26.611+0600][10.262s][info][gc,ergo     ] GC(3) Adaptive CSet Selection. Target Free: 212M, Actual Free: 1094M, Max CSet: 64000K, Min Garbage: 0B
[2026-04-03T02:01:26.611+0600][10.262s][info][gc,ergo     ] GC(3) Collectable Garbage: 299M (99%), Immediate: 0B (0%), CSet: 299M (99%)
[2026-04-03T02:01:26.612+0600][10.262s][info][gc,ergo     ] GC(3) Pacer for Evacuation. Used CSet: 328M, Free: 1019M, Non-Taxable: 101M, Alloc Tax Rate: 1.1x
[2026-04-03T02:01:26.612+0600][10.262s][info][gc          ] GC(3) Pause Final Mark (unload classes) 0.924ms
[2026-04-03T02:01:26.612+0600][10.262s][info][gc,start    ] GC(3) Concurrent thread roots
[2026-04-03T02:01:26.612+0600][10.262s][info][gc,task     ] GC(3) Using 3 of 6 workers for Concurrent thread roots
[2026-04-03T02:01:26.612+0600][10.263s][info][gc          ] GC(3) Concurrent thread roots 0.741ms
[2026-04-03T02:01:26.612+0600][10.263s][info][gc,start    ] GC(3) Concurrent weak references
[2026-04-03T02:01:26.612+0600][10.263s][info][gc,task     ] GC(3) Using 3 of 6 workers for concurrent weak references
[2026-04-03T02:01:26.613+0600][10.263s][info][gc,ref      ] GC(3) Encountered references: Soft: 3982, Weak: 2733, Final: 82, Phantom: 580
[2026-04-03T02:01:26.613+0600][10.263s][info][gc,ref      ] GC(3) Discovered  references: Soft: 0, Weak: 880, Final: 18, Phantom: 577
[2026-04-03T02:01:26.613+0600][10.263s][info][gc,ref      ] GC(3) Enqueued    references: Soft: 0, Weak: 0, Final: 0, Phantom: 0
[2026-04-03T02:01:26.613+0600][10.263s][info][gc          ] GC(3) Concurrent weak references 0.386ms
[2026-04-03T02:01:26.613+0600][10.263s][info][gc,start    ] GC(3) Concurrent weak roots
[2026-04-03T02:01:26.613+0600][10.263s][info][gc,task     ] GC(3) Using 3 of 6 workers for concurrent weak root
[2026-04-03T02:01:26.614+0600][10.265s][info][gc          ] GC(3) Concurrent weak roots 1.649ms
[2026-04-03T02:01:26.615+0600][10.265s][info][gc,start    ] GC(3) Concurrent cleanup
[2026-04-03T02:01:26.615+0600][10.266s][info][gc          ] GC(3) Concurrent cleanup 404M->405M(436M) 0.614ms
[2026-04-03T02:01:26.615+0600][10.266s][info][gc,ergo     ] GC(3) Free: 1017M, Max: 512K regular, 992M humongous, Frag: 3% external, 0% internal; Reserve: 76797K, Max: 512K
[2026-04-03T02:01:26.615+0600][10.266s][info][gc,start    ] GC(3) Concurrent class unloading
[2026-04-03T02:01:26.615+0600][10.266s][info][gc,task     ] GC(3) Using 3 of 6 workers for concurrent class unloading
[2026-04-03T02:01:26.619+0600][10.270s][info][gc          ] GC(3) Concurrent class unloading 3.856ms
[2026-04-03T02:01:26.619+0600][10.270s][info][gc,start    ] GC(3) Concurrent strong roots
[2026-04-03T02:01:26.619+0600][10.270s][info][gc,task     ] GC(3) Using 3 of 6 workers for concurrent strong root
[2026-04-03T02:01:26.620+0600][10.270s][info][gc          ] GC(3) Concurrent strong roots 0.720ms
[2026-04-03T02:01:26.620+0600][10.271s][info][gc,start    ] GC(3) Concurrent evacuation
[2026-04-03T02:01:26.620+0600][10.271s][info][gc,task     ] GC(3) Using 3 of 6 workers for concurrent evacuation
[2026-04-03T02:01:26.652+0600][10.303s][info][gc          ] GC(3) Concurrent evacuation 32.142ms
[2026-04-03T02:01:26.652+0600][10.303s][info][gc,start    ] GC(3) Pause Init Update Refs
[2026-04-03T02:01:26.653+0600][10.303s][info][gc,ergo     ] GC(3) Pacer for Update Refs. Used: 453M, Free: 999M, Non-Taxable: 102297K, Alloc Tax Rate: 1.1x
[2026-04-03T02:01:26.653+0600][10.303s][info][gc          ] GC(3) Pause Init Update Refs 0.089ms
[2026-04-03T02:01:26.653+0600][10.303s][info][gc,start    ] GC(3) Concurrent update references
[2026-04-03T02:01:26.653+0600][10.303s][info][gc,task     ] GC(3) Using 3 of 6 workers for concurrent reference update
[2026-04-03T02:01:26.702+0600][10.353s][info][gc          ] GC(3) Concurrent update references 49.496ms
[2026-04-03T02:01:26.702+0600][10.353s][info][gc,start    ] GC(3) Concurrent update thread roots
[2026-04-03T02:01:26.703+0600][10.354s][info][gc          ] GC(3) Concurrent update thread roots 0.752ms
[2026-04-03T02:01:26.703+0600][10.354s][info][gc,start    ] GC(3) Pause Final Update Refs
[2026-04-03T02:01:26.703+0600][10.354s][info][gc,task     ] GC(3) Using 6 of 6 workers for final reference update
[2026-04-03T02:01:26.704+0600][10.354s][info][gc          ] GC(3) Pause Final Update Refs 0.217ms
[2026-04-03T02:01:26.704+0600][10.354s][info][gc,start    ] GC(3) Concurrent cleanup
[2026-04-03T02:01:26.704+0600][10.355s][info][gc          ] GC(3) Concurrent cleanup 468M->140M(470M) 0.752ms
[2026-04-03T02:01:26.705+0600][10.355s][info][gc,ergo     ] Free: 1282M, Max: 512K regular, 956M humongous, Frag: 26% external, 0% internal; Reserve: 76800K, Max: 512K
[2026-04-03T02:01:26.705+0600][10.355s][info][gc,stats    ] 
[2026-04-03T02:01:26.705+0600][10.355s][info][gc,stats    ] All times are wall-clock times, except per-root-class counters, that are sum over
[2026-04-03T02:01:26.705+0600][10.355s][info][gc,stats    ] all workers. Dividing the <total> over the root stage time estimates parallelism.
[2026-04-03T02:01:26.705+0600][10.355s][info][gc,stats    ] 
[2026-04-03T02:01:26.705+0600][10.355s][info][gc,stats    ] Concurrent Reset                   1202 us
[2026-04-03T02:01:26.705+0600][10.355s][info][gc,stats    ] Pause Init Mark (G)                 340 us
[2026-04-03T02:01:26.705+0600][10.355s][info][gc,stats    ] Pause Init Mark (N)                 132 us
[2026-04-03T02:01:26.705+0600][10.355s][info][gc,stats    ]   Update Region States               20 us
[2026-04-03T02:01:26.705+0600][10.355s][info][gc,stats    ] Concurrent Mark Roots               561 us, parallelism: 1.44x
[2026-04-03T02:01:26.705+0600][10.355s][info][gc,stats    ]   CMR: <total>                      809 us
[2026-04-03T02:01:26.705+0600][10.355s][info][gc,stats    ]   CMR: Thread Roots                 623 us, workers (us): 290, 125, 208, ---, ---, ---, 
[2026-04-03T02:01:26.705+0600][10.355s][info][gc,stats    ]   CMR: VM Strong Roots               21 us, workers (us):  14,   6,   1, ---, ---, ---, 
[2026-04-03T02:01:26.705+0600][10.355s][info][gc,stats    ]   CMR: CLDG Roots                   165 us, workers (us): ---, 165, ---, ---, ---, ---, 
[2026-04-03T02:01:26.705+0600][10.355s][info][gc,stats    ] Concurrent Marking                48458 us
[2026-04-03T02:01:26.705+0600][10.355s][info][gc,stats    ] Pause Final Mark (G)               1147 us
[2026-04-03T02:01:26.705+0600][10.355s][info][gc,stats    ] Pause Final Mark (N)                945 us
[2026-04-03T02:01:26.705+0600][10.355s][info][gc,stats    ]   Finish Mark                       301 us
[2026-04-03T02:01:26.705+0600][10.355s][info][gc,stats    ]   Update Region States               60 us
[2026-04-03T02:01:26.705+0600][10.355s][info][gc,stats    ]   Choose Collection Set             325 us
[2026-04-03T02:01:26.705+0600][10.355s][info][gc,stats    ]   Rebuild Free Set                   55 us
[2026-04-03T02:01:26.705+0600][10.355s][info][gc,stats    ] Concurrent Thread Roots             811 us, parallelism: 1.40x
[2026-04-03T02:01:26.705+0600][10.355s][info][gc,stats    ]   CTR: <total>                     1132 us
[2026-04-03T02:01:26.705+0600][10.355s][info][gc,stats    ]   CTR: Thread Roots                1132 us, workers (us): 397, 380, 355, ---, ---, ---, 
[2026-04-03T02:01:26.705+0600][10.356s][info][gc,stats    ] Concurrent Weak References          396 us, parallelism: 0.78x
[2026-04-03T02:01:26.705+0600][10.356s][info][gc,stats    ]   CWRF: <total>                     308 us
[2026-04-03T02:01:26.705+0600][10.356s][info][gc,stats    ]   CWRF: Weak References             308 us, workers (us): 231,  76,   2, ---, ---, ---, 
[2026-04-03T02:01:26.705+0600][10.356s][info][gc,stats    ] Concurrent Weak Roots              1733 us
[2026-04-03T02:01:26.705+0600][10.356s][info][gc,stats    ]   Roots                            1457 us, parallelism: 2.28x
[2026-04-03T02:01:26.705+0600][10.356s][info][gc,stats    ]     CWR: <total>                   3328 us
[2026-04-03T02:01:26.705+0600][10.356s][info][gc,stats    ]     CWR: Code Cache Roots          2072 us, workers (us): 666, 692, 714, ---, ---, ---, 
[2026-04-03T02:01:26.705+0600][10.356s][info][gc,stats    ]     CWR: VM Weak Roots             1223 us, workers (us): 422, 421, 379, ---, ---, ---, 
[2026-04-03T02:01:26.705+0600][10.356s][info][gc,stats    ]     CWR: CLDG Roots                  33 us, workers (us): ---, ---,  33, ---, ---, ---, 
[2026-04-03T02:01:26.705+0600][10.356s][info][gc,stats    ]   Rendezvous                        166 us
[2026-04-03T02:01:26.705+0600][10.356s][info][gc,stats    ] Concurrent Cleanup                  631 us
[2026-04-03T02:01:26.705+0600][10.356s][info][gc,stats    ] Concurrent Class Unloading         3956 us
[2026-04-03T02:01:26.705+0600][10.356s][info][gc,stats    ]   Unlink Stale                     3546 us
[2026-04-03T02:01:26.705+0600][10.356s][info][gc,stats    ]     System Dictionary                42 us
[2026-04-03T02:01:26.705+0600][10.356s][info][gc,stats    ]     Weak Class Links                  0 us
[2026-04-03T02:01:26.705+0600][10.356s][info][gc,stats    ]     Code Roots                     3499 us
[2026-04-03T02:01:26.705+0600][10.356s][info][gc,stats    ]   Rendezvous                        243 us
[2026-04-03T02:01:26.705+0600][10.356s][info][gc,stats    ]   Purge Unlinked                     38 us
[2026-04-03T02:01:26.705+0600][10.356s][info][gc,stats    ]     Code Roots                        4 us
[2026-04-03T02:01:26.705+0600][10.356s][info][gc,stats    ]     CLDG                             33 us
[2026-04-03T02:01:26.705+0600][10.356s][info][gc,stats    ]     Exception Caches                  1 us
[2026-04-03T02:01:26.705+0600][10.356s][info][gc,stats    ] Concurrent Strong Roots             808 us, parallelism: 0.55x
[2026-04-03T02:01:26.705+0600][10.356s][info][gc,stats    ]   CSR: <total>                      445 us
[2026-04-03T02:01:26.705+0600][10.356s][info][gc,stats    ]   CSR: VM Strong Roots               20 us, workers (us):  15,   2,   2, ---, ---, ---, 
[2026-04-03T02:01:26.705+0600][10.356s][info][gc,stats    ]   CSR: CLDG Roots                   426 us, workers (us): 426, ---, ---, ---, ---, ---, 
[2026-04-03T02:01:26.705+0600][10.356s][info][gc,stats    ] Concurrent Evacuation             32238 us
[2026-04-03T02:01:26.705+0600][10.356s][info][gc,stats    ] Pause Init Update Refs (G)          401 us
[2026-04-03T02:01:26.705+0600][10.356s][info][gc,stats    ] Pause Init Update Refs (N)          108 us
[2026-04-03T02:01:26.705+0600][10.356s][info][gc,stats    ]   Manage GCLABs                      13 us
[2026-04-03T02:01:26.705+0600][10.356s][info][gc,stats    ] Concurrent Update Refs            49636 us
[2026-04-03T02:01:26.705+0600][10.356s][info][gc,stats    ] Concurrent Update Thread Roots      890 us
[2026-04-03T02:01:26.705+0600][10.356s][info][gc,stats    ] Pause Final Update Refs (G)         474 us
[2026-04-03T02:01:26.705+0600][10.356s][info][gc,stats    ] Pause Final Update Refs (N)         247 us
[2026-04-03T02:01:26.705+0600][10.356s][info][gc,stats    ]   Update Region States               78 us
[2026-04-03T02:01:26.705+0600][10.356s][info][gc,stats    ]   Trash Collection Set               21 us
[2026-04-03T02:01:26.705+0600][10.356s][info][gc,stats    ]   Rebuild Free Set                   56 us
[2026-04-03T02:01:26.705+0600][10.356s][info][gc,stats    ] Concurrent Cleanup                  792 us
[2026-04-03T02:01:26.705+0600][10.356s][info][gc,stats    ] 
[2026-04-03T02:01:26.706+0600][10.356s][info][gc,stats    ] Allocation pacing accrued:
[2026-04-03T02:01:26.706+0600][10.356s][info][gc,stats    ]       0 of   485 ms (  0.0%): <total>
[2026-04-03T02:01:26.706+0600][10.356s][info][gc,stats    ]       0 of   485 ms (  0.0%): <average total>
[2026-04-03T02:01:26.706+0600][10.356s][info][gc,stats    ] 
[2026-04-03T02:01:26.706+0600][10.356s][info][gc,metaspace] Metaspace: 49254K(49664K)->49254K(49664K) NonClass: 43155K(43392K)->43155K(43392K) Class: 6099K(6272K)->6099K(6272K)
[2026-04-03T02:01:26.706+0600][10.356s][info][gc,ergo     ] Pacer for Idle. Initial: 30720K, Alloc Tax Rate: 1.0x
[2026-04-03T02:01:27.047+0600][10.697s][info][gc          ] Trigger: Learning 5 of 5. Free (1049M) is below initial threshold (1050M)
[2026-04-03T02:01:27.047+0600][10.697s][info][gc,ergo     ] Free: 1049M, Max: 512K regular, 956M humongous, Frag: 9% external, 0% internal; Reserve: 76800K, Max: 512K
[2026-04-03T02:01:27.047+0600][10.697s][info][gc,start    ] GC(4) Concurrent reset
[2026-04-03T02:01:27.047+0600][10.697s][info][gc,task     ] GC(4) Using 3 of 6 workers for concurrent reset
[2026-04-03T02:01:27.047+0600][10.697s][info][gc,ergo     ] GC(4) Pacer for Reset. Non-Taxable: 1500M
[2026-04-03T02:01:27.048+0600][10.698s][info][gc          ] GC(4) Concurrent reset 1.040ms
[2026-04-03T02:01:27.048+0600][10.699s][info][gc,start    ] GC(4) Pause Init Mark (unload classes)
[2026-04-03T02:01:27.048+0600][10.699s][info][gc,task     ] GC(4) Using 6 of 6 workers for init marking
[2026-04-03T02:01:27.048+0600][10.699s][info][gc,ergo     ] GC(4) Pacer for Mark. Expected Live: 40795K, Free: 1048M, Non-Taxable: 104M, Alloc Tax Rate: 0.0x
[2026-04-03T02:01:27.048+0600][10.699s][info][gc          ] GC(4) Pause Init Mark (unload classes) 0.071ms
[2026-04-03T02:01:27.048+0600][10.699s][info][gc,start    ] GC(4) Concurrent marking roots
[2026-04-03T02:01:27.048+0600][10.699s][info][gc,task     ] GC(4) Using 3 of 6 workers for concurrent marking roots
[2026-04-03T02:01:27.049+0600][10.699s][info][gc          ] GC(4) Concurrent marking roots 0.524ms
[2026-04-03T02:01:27.049+0600][10.699s][info][gc,start    ] GC(4) Concurrent marking (unload classes)
[2026-04-03T02:01:27.049+0600][10.699s][info][gc,task     ] GC(4) Using 3 of 6 workers for concurrent marking
[2026-04-03T02:01:27.094+0600][10.744s][info][gc          ] GC(4) Concurrent marking (unload classes) 45.038ms
[2026-04-03T02:01:27.094+0600][10.745s][info][gc,start    ] GC(4) Pause Final Mark (unload classes)
[2026-04-03T02:01:27.094+0600][10.745s][info][gc,task     ] GC(4) Using 6 of 6 workers for final marking
[2026-04-03T02:01:27.095+0600][10.745s][info][gc,ergo     ] GC(4) Adaptive CSet Selection. Target Free: 212M, Actual Free: 1087M, Max CSet: 64000K, Min Garbage: 0B
[2026-04-03T02:01:27.095+0600][10.745s][info][gc,ergo     ] GC(4) Collectable Garbage: 273M (99%), Immediate: 0B (0%), CSet: 273M (99%)
[2026-04-03T02:01:27.095+0600][10.745s][info][gc,ergo     ] GC(4) Pacer for Evacuation. Used CSet: 299M, Free: 1012M, Non-Taxable: 101M, Alloc Tax Rate: 1.1x
[2026-04-03T02:01:27.095+0600][10.745s][info][gc          ] GC(4) Pause Final Mark (unload classes) 0.517ms
[2026-04-03T02:01:27.095+0600][10.745s][info][gc,start    ] GC(4) Concurrent thread roots
[2026-04-03T02:01:27.095+0600][10.745s][info][gc,task     ] GC(4) Using 3 of 6 workers for Concurrent thread roots
[2026-04-03T02:01:27.095+0600][10.746s][info][gc          ] GC(4) Concurrent thread roots 0.283ms
[2026-04-03T02:01:27.095+0600][10.746s][info][gc,start    ] GC(4) Concurrent weak references
[2026-04-03T02:01:27.095+0600][10.746s][info][gc,task     ] GC(4) Using 3 of 6 workers for concurrent weak references
[2026-04-03T02:01:27.095+0600][10.746s][info][gc,ref      ] GC(4) Encountered references: Soft: 3982, Weak: 2733, Final: 82, Phantom: 580
[2026-04-03T02:01:27.095+0600][10.746s][info][gc,ref      ] GC(4) Discovered  references: Soft: 0, Weak: 437, Final: 0, Phantom: 577
[2026-04-03T02:01:27.095+0600][10.746s][info][gc,ref      ] GC(4) Enqueued    references: Soft: 0, Weak: 0, Final: 0, Phantom: 0
[2026-04-03T02:01:27.096+0600][10.746s][info][gc          ] GC(4) Concurrent weak references 0.317ms
[2026-04-03T02:01:27.096+0600][10.746s][info][gc,start    ] GC(4) Concurrent weak roots
[2026-04-03T02:01:27.096+0600][10.746s][info][gc,task     ] GC(4) Using 3 of 6 workers for concurrent weak root
[2026-04-03T02:01:27.097+0600][10.747s][info][gc          ] GC(4) Concurrent weak roots 0.997ms
[2026-04-03T02:01:27.097+0600][10.747s][info][gc,start    ] GC(4) Concurrent cleanup
[2026-04-03T02:01:27.097+0600][10.748s][info][gc          ] GC(4) Concurrent cleanup 411M->412M(470M) 0.432ms
[2026-04-03T02:01:27.097+0600][10.748s][info][gc,ergo     ] GC(4) Free: 1010M, Max: 512K regular, 956M humongous, Frag: 6% external, 0% internal; Reserve: 76800K, Max: 512K
[2026-04-03T02:01:27.097+0600][10.748s][info][gc,start    ] GC(4) Concurrent class unloading
[2026-04-03T02:01:27.097+0600][10.748s][info][gc,task     ] GC(4) Using 3 of 6 workers for concurrent class unloading
[2026-04-03T02:01:27.099+0600][10.750s][info][gc          ] GC(4) Concurrent class unloading 2.355ms
[2026-04-03T02:01:27.099+0600][10.750s][info][gc,start    ] GC(4) Concurrent strong roots
[2026-04-03T02:01:27.099+0600][10.750s][info][gc,task     ] GC(4) Using 3 of 6 workers for concurrent strong root
[2026-04-03T02:01:27.100+0600][10.750s][info][gc          ] GC(4) Concurrent strong roots 0.302ms
[2026-04-03T02:01:27.100+0600][10.750s][info][gc,start    ] GC(4) Concurrent evacuation
[2026-04-03T02:01:27.100+0600][10.750s][info][gc,task     ] GC(4) Using 3 of 6 workers for concurrent evacuation
[2026-04-03T02:01:27.120+0600][10.770s][info][gc          ] GC(4) Concurrent evacuation 19.883ms
[2026-04-03T02:01:27.120+0600][10.770s][info][gc,start    ] GC(4) Pause Init Update Refs
[2026-04-03T02:01:27.120+0600][10.770s][info][gc,ergo     ] GC(4) Pacer for Update Refs. Used: 455M, Free: 994M, Non-Taxable: 101800K, Alloc Tax Rate: 1.1x
[2026-04-03T02:01:27.120+0600][10.770s][info][gc          ] GC(4) Pause Init Update Refs 0.080ms
[2026-04-03T02:01:27.120+0600][10.771s][info][gc,start    ] GC(4) Concurrent update references
[2026-04-03T02:01:27.120+0600][10.771s][info][gc,task     ] GC(4) Using 3 of 6 workers for concurrent reference update
[2026-04-03T02:01:27.157+0600][10.808s][info][gc          ] GC(4) Concurrent update references 37.321ms
[2026-04-03T02:01:27.157+0600][10.808s][info][gc,start    ] GC(4) Concurrent update thread roots
[2026-04-03T02:01:27.158+0600][10.808s][info][gc          ] GC(4) Concurrent update thread roots 0.545ms
[2026-04-03T02:01:27.158+0600][10.809s][info][gc,start    ] GC(4) Pause Final Update Refs
[2026-04-03T02:01:27.158+0600][10.809s][info][gc,task     ] GC(4) Using 6 of 6 workers for final reference update
[2026-04-03T02:01:27.158+0600][10.809s][info][gc          ] GC(4) Pause Final Update Refs 0.171ms
[2026-04-03T02:01:27.158+0600][10.809s][info][gc,start    ] GC(4) Concurrent cleanup
[2026-04-03T02:01:27.159+0600][10.809s][info][gc          ] GC(4) Concurrent cleanup 478M->179M(496M) 0.573ms
[2026-04-03T02:01:27.159+0600][10.810s][info][gc,ergo     ] Free: 1243M, Max: 512K regular, 954M humongous, Frag: 24% external, 0% internal; Reserve: 76800K, Max: 512K
[2026-04-03T02:01:27.159+0600][10.810s][info][gc,stats    ] 
[2026-04-03T02:01:27.159+0600][10.810s][info][gc,stats    ] All times are wall-clock times, except per-root-class counters, that are sum over
[2026-04-03T02:01:27.159+0600][10.810s][info][gc,stats    ] all workers. Dividing the <total> over the root stage time estimates parallelism.
[2026-04-03T02:01:27.159+0600][10.810s][info][gc,stats    ] 
[2026-04-03T02:01:27.159+0600][10.810s][info][gc,stats    ] Concurrent Reset                   1086 us
[2026-04-03T02:01:27.159+0600][10.810s][info][gc,stats    ] Pause Init Mark (G)                 418 us
[2026-04-03T02:01:27.159+0600][10.810s][info][gc,stats    ] Pause Init Mark (N)                  77 us
[2026-04-03T02:01:27.159+0600][10.810s][info][gc,stats    ]   Update Region States               16 us
[2026-04-03T02:01:27.159+0600][10.810s][info][gc,stats    ] Concurrent Mark Roots               553 us, parallelism: 1.11x
[2026-04-03T02:01:27.159+0600][10.810s][info][gc,stats    ]   CMR: <total>                      612 us
[2026-04-03T02:01:27.159+0600][10.810s][info][gc,stats    ]   CMR: Thread Roots                 486 us, workers (us): 110, 218, 158, ---, ---, ---, 
[2026-04-03T02:01:27.159+0600][10.810s][info][gc,stats    ]   CMR: VM Strong Roots               12 us, workers (us):   9,   3,   0, ---, ---, ---, 
[2026-04-03T02:01:27.159+0600][10.810s][info][gc,stats    ]   CMR: CLDG Roots                   114 us, workers (us): 114, ---, ---, ---, ---, ---, 
[2026-04-03T02:01:27.159+0600][10.810s][info][gc,stats    ] Concurrent Marking                45101 us
[2026-04-03T02:01:27.159+0600][10.810s][info][gc,stats    ] Pause Final Mark (G)                858 us
[2026-04-03T02:01:27.159+0600][10.810s][info][gc,stats    ] Pause Final Mark (N)                526 us
[2026-04-03T02:01:27.159+0600][10.810s][info][gc,stats    ]   Finish Mark                       216 us
[2026-04-03T02:01:27.159+0600][10.810s][info][gc,stats    ]   Update Region States               30 us
[2026-04-03T02:01:27.159+0600][10.810s][info][gc,stats    ]   Choose Collection Set             159 us
[2026-04-03T02:01:27.159+0600][10.810s][info][gc,stats    ]   Rebuild Free Set                   44 us
[2026-04-03T02:01:27.159+0600][10.810s][info][gc,stats    ] Concurrent Thread Roots             307 us, parallelism: 1.68x
[2026-04-03T02:01:27.159+0600][10.810s][info][gc,stats    ]   CTR: <total>                      518 us
[2026-04-03T02:01:27.159+0600][10.810s][info][gc,stats    ]   CTR: Thread Roots                 518 us, workers (us): 181, 164, 172, ---, ---, ---, 
[2026-04-03T02:01:27.159+0600][10.810s][info][gc,stats    ] Concurrent Weak References          326 us, parallelism: 0.34x
[2026-04-03T02:01:27.159+0600][10.810s][info][gc,stats    ]   CWRF: <total>                     111 us
[2026-04-03T02:01:27.159+0600][10.810s][info][gc,stats    ]   CWRF: Weak References             111 us, workers (us):  41,   9,  60, ---, ---, ---, 
[2026-04-03T02:01:27.159+0600][10.810s][info][gc,stats    ] Concurrent Weak Roots              1038 us
[2026-04-03T02:01:27.159+0600][10.810s][info][gc,stats    ]   Roots                             793 us, parallelism: 2.38x
[2026-04-03T02:01:27.159+0600][10.810s][info][gc,stats    ]     CWR: <total>                   1888 us
[2026-04-03T02:01:27.159+0600][10.810s][info][gc,stats    ]     CWR: Code Cache Roots          1036 us, workers (us): 350, 350, 336, ---, ---, ---, 
[2026-04-03T02:01:27.159+0600][10.810s][info][gc,stats    ]     CWR: VM Weak Roots              822 us, workers (us): 291, 286, 245, ---, ---, ---, 
[2026-04-03T02:01:27.159+0600][10.810s][info][gc,stats    ]     CWR: CLDG Roots                  30 us, workers (us): ---, ---,  30, ---, ---, ---, 
[2026-04-03T02:01:27.159+0600][10.810s][info][gc,stats    ]   Rendezvous                        186 us
[2026-04-03T02:01:27.159+0600][10.810s][info][gc,stats    ] Concurrent Cleanup                  443 us
[2026-04-03T02:01:27.159+0600][10.810s][info][gc,stats    ] Concurrent Class Unloading         2397 us
[2026-04-03T02:01:27.159+0600][10.810s][info][gc,stats    ]   Unlink Stale                     2160 us
[2026-04-03T02:01:27.159+0600][10.810s][info][gc,stats    ]     System Dictionary                25 us
[2026-04-03T02:01:27.159+0600][10.810s][info][gc,stats    ]     Weak Class Links                  0 us
[2026-04-03T02:01:27.159+0600][10.810s][info][gc,stats    ]     Code Roots                     2133 us
[2026-04-03T02:01:27.159+0600][10.810s][info][gc,stats    ]   Rendezvous                        170 us
[2026-04-03T02:01:27.159+0600][10.810s][info][gc,stats    ]   Purge Unlinked                      7 us
[2026-04-03T02:01:27.159+0600][10.810s][info][gc,stats    ]     Code Roots                        2 us
[2026-04-03T02:01:27.159+0600][10.810s][info][gc,stats    ]     CLDG                              4 us
[2026-04-03T02:01:27.159+0600][10.810s][info][gc,stats    ]     Exception Caches                  0 us
[2026-04-03T02:01:27.159+0600][10.810s][info][gc,stats    ] Concurrent Strong Roots             341 us, parallelism: 0.49x
[2026-04-03T02:01:27.159+0600][10.810s][info][gc,stats    ]   CSR: <total>                      167 us
[2026-04-03T02:01:27.159+0600][10.810s][info][gc,stats    ]   CSR: VM Strong Roots               10 us, workers (us):   9,   1,   1, ---, ---, ---, 
[2026-04-03T02:01:27.159+0600][10.810s][info][gc,stats    ]   CSR: CLDG Roots                   157 us, workers (us): 157, ---, ---, ---, ---, ---, 
[2026-04-03T02:01:27.159+0600][10.810s][info][gc,stats    ] Concurrent Evacuation             19955 us
[2026-04-03T02:01:27.159+0600][10.810s][info][gc,stats    ] Pause Init Update Refs (G)          268 us
[2026-04-03T02:01:27.159+0600][10.810s][info][gc,stats    ] Pause Init Update Refs (N)           90 us
[2026-04-03T02:01:27.159+0600][10.810s][info][gc,stats    ]   Manage GCLABs                      14 us
[2026-04-03T02:01:27.159+0600][10.810s][info][gc,stats    ] Concurrent Update Refs            37392 us
[2026-04-03T02:01:27.159+0600][10.810s][info][gc,stats    ] Concurrent Update Thread Roots      589 us
[2026-04-03T02:01:27.159+0600][10.810s][info][gc,stats    ] Pause Final Update Refs (G)         404 us
[2026-04-03T02:01:27.159+0600][10.810s][info][gc,stats    ] Pause Final Update Refs (N)         184 us
[2026-04-03T02:01:27.159+0600][10.810s][info][gc,stats    ]   Update Region States               41 us
[2026-04-03T02:01:27.159+0600][10.810s][info][gc,stats    ]   Trash Collection Set               10 us
[2026-04-03T02:01:27.159+0600][10.810s][info][gc,stats    ]   Rebuild Free Set                   28 us
[2026-04-03T02:01:27.159+0600][10.810s][info][gc,stats    ] Concurrent Cleanup                  584 us
[2026-04-03T02:01:27.159+0600][10.810s][info][gc,stats    ] 
[2026-04-03T02:01:27.159+0600][10.810s][info][gc,stats    ] Allocation pacing accrued:
[2026-04-03T02:01:27.159+0600][10.810s][info][gc,stats    ]       0 of   454 ms (  0.0%): <total>
[2026-04-03T02:01:27.159+0600][10.810s][info][gc,stats    ]       0 of   454 ms (  0.0%): <average total>
[2026-04-03T02:01:27.159+0600][10.810s][info][gc,stats    ] 
[2026-04-03T02:01:27.159+0600][10.810s][info][gc,metaspace] Metaspace: 49254K(49664K)->49254K(49664K) NonClass: 43155K(43392K)->43155K(43392K) Class: 6099K(6272K)->6099K(6272K)
[2026-04-03T02:01:27.159+0600][10.810s][info][gc,ergo     ] Pacer for Idle. Initial: 30720K, Alloc Tax Rate: 1.0x
[2026-04-03T02:01:29.552+0600][13.203s][info][gc          ] Trigger: Explicit GC request (System.gc())
[2026-04-03T02:01:29.553+0600][13.203s][info][gc,ergo     ] Free: 968M, Max: 512K regular, 954M humongous, Frag: 2% external, 0% internal; Reserve: 76800K, Max: 512K
[2026-04-03T02:01:29.553+0600][13.203s][info][gc,start    ] GC(5) Concurrent reset
[2026-04-03T02:01:29.553+0600][13.203s][info][gc,task     ] GC(5) Using 3 of 6 workers for concurrent reset
[2026-04-03T02:01:29.553+0600][13.203s][info][gc,ergo     ] GC(5) Pacer for Reset. Non-Taxable: 1500M
[2026-04-03T02:01:29.554+0600][13.204s][info][gc          ] GC(5) Concurrent reset 1.316ms
[2026-04-03T02:01:29.554+0600][13.205s][info][gc,start    ] GC(5) Pause Init Mark (unload classes)
[2026-04-03T02:01:29.554+0600][13.205s][info][gc,task     ] GC(5) Using 6 of 6 workers for init marking
[2026-04-03T02:01:29.554+0600][13.205s][info][gc,ref      ] GC(5) Clearing All SoftReferences
[2026-04-03T02:01:29.554+0600][13.205s][info][gc,ergo     ] GC(5) Pacer for Mark. Expected Live: 53086K, Free: 968M, Non-Taxable: 99138K, Alloc Tax Rate: 0.1x
[2026-04-03T02:01:29.554+0600][13.205s][info][gc          ] GC(5) Pause Init Mark (unload classes) 0.140ms
[2026-04-03T02:01:29.554+0600][13.205s][info][gc,start    ] GC(5) Concurrent marking roots
[2026-04-03T02:01:29.554+0600][13.205s][info][gc,task     ] GC(5) Using 3 of 6 workers for concurrent marking roots
[2026-04-03T02:01:29.555+0600][13.206s][info][gc          ] GC(5) Concurrent marking roots 0.813ms
[2026-04-03T02:01:29.555+0600][13.206s][info][gc,start    ] GC(5) Concurrent marking (unload classes)
[2026-04-03T02:01:29.555+0600][13.206s][info][gc,task     ] GC(5) Using 3 of 6 workers for concurrent marking
[2026-04-03T02:01:29.569+0600][13.219s][info][gc          ] GC(5) Concurrent marking (unload classes) 13.484ms
[2026-04-03T02:01:29.569+0600][13.220s][info][gc,start    ] GC(5) Pause Final Mark (unload classes)
[2026-04-03T02:01:29.569+0600][13.220s][info][gc,task     ] GC(5) Using 6 of 6 workers for final marking
[2026-04-03T02:01:29.569+0600][13.220s][info][gc,ergo     ] GC(5) Adaptive CSet Selection. Target Free: 212M, Actual Free: 1402M, Max CSet: 64000K, Min Garbage: 0B
[2026-04-03T02:01:29.570+0600][13.220s][info][gc,ergo     ] GC(5) Collectable Garbage: 423M (99%), Immediate: 359M (84%), CSet: 65000K (14%)
[2026-04-03T02:01:29.570+0600][13.220s][info][gc,ergo     ] GC(5) Pacer for Evacuation. Used CSet: 68281K, Free: 1332M, Non-Taxable: 133M, Alloc Tax Rate: 1.1x
[2026-04-03T02:01:29.570+0600][13.220s][info][gc          ] GC(5) Pause Final Mark (unload classes) 0.581ms
[2026-04-03T02:01:29.570+0600][13.220s][info][gc,start    ] GC(5) Concurrent thread roots
[2026-04-03T02:01:29.570+0600][13.220s][info][gc,task     ] GC(5) Using 3 of 6 workers for Concurrent thread roots
[2026-04-03T02:01:29.570+0600][13.221s][info][gc          ] GC(5) Concurrent thread roots 0.602ms
[2026-04-03T02:01:29.570+0600][13.221s][info][gc,start    ] GC(5) Concurrent weak references
[2026-04-03T02:01:29.570+0600][13.221s][info][gc,task     ] GC(5) Using 3 of 6 workers for concurrent weak references
[2026-04-03T02:01:29.571+0600][13.222s][info][gc,ref      ] GC(5) Encountered references: Soft: 4058, Weak: 3671, Final: 82, Phantom: 587
[2026-04-03T02:01:29.571+0600][13.222s][info][gc,ref      ] GC(5) Discovered  references: Soft: 3417, Weak: 740, Final: 0, Phantom: 582
[2026-04-03T02:01:29.571+0600][13.222s][info][gc,ref      ] GC(5) Enqueued    references: Soft: 1591, Weak: 478, Final: 0, Phantom: 1
[2026-04-03T02:01:29.571+0600][13.222s][info][gc          ] GC(5) Concurrent weak references 0.779ms
[2026-04-03T02:01:29.571+0600][13.222s][info][gc,start    ] GC(5) Concurrent weak roots
[2026-04-03T02:01:29.571+0600][13.222s][info][gc,task     ] GC(5) Using 3 of 6 workers for concurrent weak root
[2026-04-03T02:01:29.573+0600][13.223s][info][gc          ] GC(5) Concurrent weak roots 1.760ms
[2026-04-03T02:01:29.573+0600][13.223s][info][gc,start    ] GC(5) Concurrent cleanup
[2026-04-03T02:01:29.574+0600][13.224s][info][gc          ] GC(5) Concurrent cleanup 451M->91M(496M) 0.570ms
[2026-04-03T02:01:29.574+0600][13.224s][info][gc,ergo     ] GC(5) Free: 1331M, Max: 512K regular, 1056M humongous, Frag: 21% external, 0% internal; Reserve: 76604K, Max: 512K
[2026-04-03T02:01:29.574+0600][13.224s][info][gc,start    ] GC(5) Concurrent class unloading
[2026-04-03T02:01:29.574+0600][13.224s][info][gc,task     ] GC(5) Using 3 of 6 workers for concurrent class unloading
[2026-04-03T02:01:29.584+0600][13.235s][info][gc          ] GC(5) Concurrent class unloading 10.839ms
[2026-04-03T02:01:29.584+0600][13.235s][info][gc,start    ] GC(5) Concurrent strong roots
[2026-04-03T02:01:29.584+0600][13.235s][info][gc,task     ] GC(5) Using 3 of 6 workers for concurrent strong root
[2026-04-03T02:01:29.585+0600][13.236s][info][gc          ] GC(5) Concurrent strong roots 0.669ms
[2026-04-03T02:01:29.585+0600][13.236s][info][gc,start    ] GC(5) Concurrent evacuation
[2026-04-03T02:01:29.585+0600][13.236s][info][gc,task     ] GC(5) Using 3 of 6 workers for concurrent evacuation
[2026-04-03T02:01:29.587+0600][13.238s][info][gc          ] GC(5) Concurrent evacuation 2.200ms
[2026-04-03T02:01:29.588+0600][13.238s][info][gc,start    ] GC(5) Pause Init Update Refs
[2026-04-03T02:01:29.588+0600][13.238s][info][gc,ergo     ] GC(5) Pacer for Update Refs. Used: 98106K, Free: 1331M, Non-Taxable: 133M, Alloc Tax Rate: 1.1x
[2026-04-03T02:01:29.588+0600][13.238s][info][gc          ] GC(5) Pause Init Update Refs 0.125ms
[2026-04-03T02:01:29.588+0600][13.238s][info][gc,start    ] GC(5) Concurrent update references
[2026-04-03T02:01:29.588+0600][13.238s][info][gc,task     ] GC(5) Using 3 of 6 workers for concurrent reference update
[2026-04-03T02:01:29.595+0600][13.246s][info][gc          ] GC(5) Concurrent update references 7.463ms
[2026-04-03T02:01:29.595+0600][13.246s][info][gc,start    ] GC(5) Concurrent update thread roots
[2026-04-03T02:01:29.596+0600][13.247s][info][gc          ] GC(5) Concurrent update thread roots 0.660ms
[2026-04-03T02:01:29.596+0600][13.247s][info][gc,start    ] GC(5) Pause Final Update Refs
[2026-04-03T02:01:29.596+0600][13.247s][info][gc,task     ] GC(5) Using 6 of 6 workers for final reference update
[2026-04-03T02:01:29.596+0600][13.247s][info][gc          ] GC(5) Pause Final Update Refs 0.141ms
[2026-04-03T02:01:29.597+0600][13.247s][info][gc,start    ] GC(5) Concurrent cleanup
[2026-04-03T02:01:29.597+0600][13.248s][info][gc          ] GC(5) Concurrent cleanup 95M->29M(496M) 0.543ms
[2026-04-03T02:01:29.597+0600][13.248s][info][gc,ergo     ] Free: 1393M, Max: 512K regular, 1058M humongous, Frag: 25% external, 0% internal; Reserve: 76800K, Max: 512K
[2026-04-03T02:01:29.597+0600][13.248s][info][gc,stats    ] 
[2026-04-03T02:01:29.597+0600][13.248s][info][gc,stats    ] All times are wall-clock times, except per-root-class counters, that are sum over
[2026-04-03T02:01:29.597+0600][13.248s][info][gc,stats    ] all workers. Dividing the <total> over the root stage time estimates parallelism.
[2026-04-03T02:01:29.597+0600][13.248s][info][gc,stats    ] 
[2026-04-03T02:01:29.597+0600][13.248s][info][gc,stats    ] Concurrent Reset                   1391 us
[2026-04-03T02:01:29.597+0600][13.248s][info][gc,stats    ] Pause Init Mark (G)                 416 us
[2026-04-03T02:01:29.597+0600][13.248s][info][gc,stats    ] Pause Init Mark (N)                 149 us
[2026-04-03T02:01:29.597+0600][13.248s][info][gc,stats    ]   Update Region States               30 us
[2026-04-03T02:01:29.597+0600][13.248s][info][gc,stats    ] Concurrent Mark Roots               865 us, parallelism: 1.42x
[2026-04-03T02:01:29.597+0600][13.248s][info][gc,stats    ]   CMR: <total>                     1227 us
[2026-04-03T02:01:29.597+0600][13.248s][info][gc,stats    ]   CMR: Thread Roots                1009 us, workers (us): 190, 391, 429, ---, ---, ---, 
[2026-04-03T02:01:29.597+0600][13.248s][info][gc,stats    ]   CMR: VM Strong Roots               18 us, workers (us):  16,   1,   1, ---, ---, ---, 
[2026-04-03T02:01:29.597+0600][13.248s][info][gc,stats    ]   CMR: CLDG Roots                   200 us, workers (us): 200, ---, ---, ---, ---, ---, 
[2026-04-03T02:01:29.597+0600][13.248s][info][gc,stats    ] Concurrent Marking                13574 us
[2026-04-03T02:01:29.597+0600][13.248s][info][gc,stats    ] Pause Final Mark (G)                803 us
[2026-04-03T02:01:29.597+0600][13.248s][info][gc,stats    ] Pause Final Mark (N)                594 us
[2026-04-03T02:01:29.597+0600][13.248s][info][gc,stats    ]   Finish Mark                       255 us
[2026-04-03T02:01:29.597+0600][13.248s][info][gc,stats    ]   Update Region States               47 us
[2026-04-03T02:01:29.597+0600][13.248s][info][gc,stats    ]   Choose Collection Set             134 us
[2026-04-03T02:01:29.597+0600][13.248s][info][gc,stats    ]   Rebuild Free Set                   37 us
[2026-04-03T02:01:29.597+0600][13.248s][info][gc,stats    ] Concurrent Thread Roots             643 us, parallelism: 1.50x
[2026-04-03T02:01:29.597+0600][13.248s][info][gc,stats    ]   CTR: <total>                      961 us
[2026-04-03T02:01:29.597+0600][13.248s][info][gc,stats    ]   CTR: Thread Roots                 961 us, workers (us): 320, 326, 315, ---, ---, ---, 
[2026-04-03T02:01:29.597+0600][13.248s][info][gc,stats    ] Concurrent Weak References          795 us, parallelism: 1.22x
[2026-04-03T02:01:29.597+0600][13.248s][info][gc,stats    ]   CWRF: <total>                     967 us
[2026-04-03T02:01:29.598+0600][13.248s][info][gc,stats    ]   CWRF: Weak References             967 us, workers (us): 119, 534, 314, ---, ---, ---, 
[2026-04-03T02:01:29.598+0600][13.248s][info][gc,stats    ] Concurrent Weak Roots              1816 us
[2026-04-03T02:01:29.598+0600][13.248s][info][gc,stats    ]   Roots                            1502 us, parallelism: 2.38x
[2026-04-03T02:01:29.598+0600][13.248s][info][gc,stats    ]     CWR: <total>                   3574 us
[2026-04-03T02:01:29.598+0600][13.248s][info][gc,stats    ]     CWR: Code Cache Roots          1793 us, workers (us): 602, 668, 523, ---, ---, ---, 
[2026-04-03T02:01:29.598+0600][13.248s][info][gc,stats    ]     CWR: VM Weak Roots             1714 us, workers (us): 599, 598, 517, ---, ---, ---, 
[2026-04-03T02:01:29.598+0600][13.248s][info][gc,stats    ]     CWR: CLDG Roots                  67 us, workers (us): ---, ---,  67, ---, ---, ---, 
[2026-04-03T02:01:29.598+0600][13.248s][info][gc,stats    ]   Rendezvous                        229 us
[2026-04-03T02:01:29.598+0600][13.248s][info][gc,stats    ] Concurrent Cleanup                  586 us
[2026-04-03T02:01:29.598+0600][13.248s][info][gc,stats    ] Concurrent Class Unloading        10906 us
[2026-04-03T02:01:29.598+0600][13.248s][info][gc,stats    ]   Unlink Stale                     9760 us
[2026-04-03T02:01:29.598+0600][13.248s][info][gc,stats    ]     System Dictionary               230 us
[2026-04-03T02:01:29.598+0600][13.248s][info][gc,stats    ]     Weak Class Links               6468 us
[2026-04-03T02:01:29.598+0600][13.248s][info][gc,stats    ]     Code Roots                     3059 us
[2026-04-03T02:01:29.598+0600][13.248s][info][gc,stats    ]   Rendezvous                        263 us
[2026-04-03T02:01:29.598+0600][13.248s][info][gc,stats    ]   Purge Unlinked                    795 us
[2026-04-03T02:01:29.598+0600][13.248s][info][gc,stats    ]     Code Roots                      626 us
[2026-04-03T02:01:29.598+0600][13.248s][info][gc,stats    ]     CLDG                            168 us
[2026-04-03T02:01:29.598+0600][13.248s][info][gc,stats    ]     Exception Caches                  0 us
[2026-04-03T02:01:29.598+0600][13.248s][info][gc,stats    ] Concurrent Strong Roots             724 us, parallelism: 0.62x
[2026-04-03T02:01:29.598+0600][13.248s][info][gc,stats    ]   CSR: <total>                      450 us
[2026-04-03T02:01:29.598+0600][13.248s][info][gc,stats    ]   CSR: VM Strong Roots               17 us, workers (us):  15,   1,   1, ---, ---, ---, 
[2026-04-03T02:01:29.598+0600][13.248s][info][gc,stats    ]   CSR: CLDG Roots                   433 us, workers (us): 433, ---, ---, ---, ---, ---, 
[2026-04-03T02:01:29.598+0600][13.248s][info][gc,stats    ] Concurrent Evacuation              2256 us
[2026-04-03T02:01:29.598+0600][13.248s][info][gc,stats    ] Pause Init Update Refs (G)          447 us
[2026-04-03T02:01:29.598+0600][13.248s][info][gc,stats    ] Pause Init Update Refs (N)          141 us
[2026-04-03T02:01:29.598+0600][13.248s][info][gc,stats    ]   Manage GCLABs                      23 us
[2026-04-03T02:01:29.598+0600][13.248s][info][gc,stats    ] Concurrent Update Refs             7526 us
[2026-04-03T02:01:29.598+0600][13.248s][info][gc,stats    ] Concurrent Update Thread Roots      711 us
[2026-04-03T02:01:29.598+0600][13.248s][info][gc,stats    ] Pause Final Update Refs (G)         421 us
[2026-04-03T02:01:29.598+0600][13.248s][info][gc,stats    ] Pause Final Update Refs (N)         162 us
[2026-04-03T02:01:29.598+0600][13.248s][info][gc,stats    ]   Update Region States               42 us
[2026-04-03T02:01:29.598+0600][13.248s][info][gc,stats    ]   Trash Collection Set               12 us
[2026-04-03T02:01:29.598+0600][13.248s][info][gc,stats    ]   Rebuild Free Set                   27 us
[2026-04-03T02:01:29.598+0600][13.248s][info][gc,stats    ] Concurrent Cleanup                  562 us
[2026-04-03T02:01:29.598+0600][13.248s][info][gc,stats    ] 
[2026-04-03T02:01:29.598+0600][13.248s][info][gc,stats    ] Allocation pacing accrued:
[2026-04-03T02:01:29.598+0600][13.248s][info][gc,stats    ]       0 of  2438 ms (  0.0%): <total>
[2026-04-03T02:01:29.598+0600][13.248s][info][gc,stats    ]       0 of  2438 ms (  0.0%): <average total>
[2026-04-03T02:01:29.598+0600][13.248s][info][gc,stats    ] 
[2026-04-03T02:01:29.598+0600][13.248s][info][gc,metaspace] Metaspace: 55301K(55808K)->55164K(55808K) NonClass: 48337K(48640K)->48238K(48640K) Class: 6964K(7168K)->6926K(7168K)
[2026-04-03T02:01:29.598+0600][13.249s][info][gc,ergo     ] Pacer for Idle. Initial: 30720K, Alloc Tax Rate: 1.0x
[2026-04-03T02:01:29.598+0600][13.249s][info][gc,start    ] Concurrent uncommit
[2026-04-03T02:01:29.670+0600][13.321s][info][gc          ] Concurrent uncommit 29M->30M(32M) 72.228ms
[2026-04-03T02:01:32.924+0600][16.575s][info][gc          ] Trigger: Learning 2 of 5. Free (1049M) is below initial threshold (1050M)
[2026-04-03T02:01:32.924+0600][16.575s][info][gc,ergo     ] Free: 1049M, Max: 512K regular, 1049M humongous, Frag: 0% external, 0% internal; Reserve: 76800K, Max: 512K
[2026-04-03T02:01:32.924+0600][16.575s][info][gc,start    ] GC(6) Concurrent reset
[2026-04-03T02:01:32.924+0600][16.575s][info][gc,task     ] GC(6) Using 3 of 6 workers for concurrent reset
[2026-04-03T02:01:32.924+0600][16.575s][info][gc,ergo     ] GC(6) Pacer for Reset. Non-Taxable: 1500M
[2026-04-03T02:01:32.925+0600][16.576s][info][gc          ] GC(6) Concurrent reset 1.101ms
[2026-04-03T02:01:32.926+0600][16.576s][info][gc,start    ] GC(6) Pause Init Mark (unload classes)
[2026-04-03T02:01:32.926+0600][16.576s][info][gc,task     ] GC(6) Using 6 of 6 workers for init marking
[2026-04-03T02:01:32.926+0600][16.576s][info][gc,ergo     ] GC(6) Pacer for Mark. Expected Live: 54682K, Free: 1048M, Non-Taxable: 104M, Alloc Tax Rate: 0.1x
[2026-04-03T02:01:32.926+0600][16.576s][info][gc          ] GC(6) Pause Init Mark (unload classes) 0.121ms
[2026-04-03T02:01:32.926+0600][16.577s][info][gc,start    ] GC(6) Concurrent marking roots
[2026-04-03T02:01:32.926+0600][16.577s][info][gc,task     ] GC(6) Using 3 of 6 workers for concurrent marking roots
[2026-04-03T02:01:32.928+0600][16.578s][info][gc          ] GC(6) Concurrent marking roots 1.792ms
[2026-04-03T02:01:32.928+0600][16.578s][info][gc,start    ] GC(6) Concurrent marking (unload classes)
[2026-04-03T02:01:32.928+0600][16.578s][info][gc,task     ] GC(6) Using 3 of 6 workers for concurrent marking
[2026-04-03T02:01:32.970+0600][16.620s][info][gc          ] GC(6) Concurrent marking (unload classes) 41.688ms
[2026-04-03T02:01:32.970+0600][16.621s][info][gc,start    ] GC(6) Pause Final Mark (unload classes)
[2026-04-03T02:01:32.970+0600][16.621s][info][gc,task     ] GC(6) Using 6 of 6 workers for final marking
[2026-04-03T02:01:32.970+0600][16.621s][info][gc,ergo     ] GC(6) Adaptive CSet Selection. Target Free: 212M, Actual Free: 1116M, Max CSet: 64000K, Min Garbage: 0B
[2026-04-03T02:01:32.971+0600][16.621s][info][gc,ergo     ] GC(6) Collectable Garbage: 316M (99%), Immediate: 14767K (4%), CSet: 302M (94%)
[2026-04-03T02:01:32.971+0600][16.621s][info][gc,ergo     ] GC(6) Pacer for Evacuation. Used CSet: 326M, Free: 1046M, Non-Taxable: 104M, Alloc Tax Rate: 1.1x
[2026-04-03T02:01:32.971+0600][16.621s][info][gc          ] GC(6) Pause Final Mark (unload classes) 0.735ms
[2026-04-03T02:01:32.971+0600][16.621s][info][gc,start    ] GC(6) Concurrent thread roots
[2026-04-03T02:01:32.971+0600][16.621s][info][gc,task     ] GC(6) Using 3 of 6 workers for Concurrent thread roots
[2026-04-03T02:01:32.971+0600][16.622s][info][gc          ] GC(6) Concurrent thread roots 0.595ms
[2026-04-03T02:01:32.971+0600][16.622s][info][gc,start    ] GC(6) Concurrent weak references
[2026-04-03T02:01:32.971+0600][16.622s][info][gc,task     ] GC(6) Using 3 of 6 workers for concurrent weak references
[2026-04-03T02:01:32.972+0600][16.623s][info][gc,ref      ] GC(6) Encountered references: Soft: 2956, Weak: 5080, Final: 82, Phantom: 593
[2026-04-03T02:01:32.972+0600][16.623s][info][gc,ref      ] GC(6) Discovered  references: Soft: 0, Weak: 852, Final: 0, Phantom: 590
[2026-04-03T02:01:32.972+0600][16.623s][info][gc,ref      ] GC(6) Enqueued    references: Soft: 0, Weak: 573, Final: 0, Phantom: 0
[2026-04-03T02:01:32.972+0600][16.623s][info][gc          ] GC(6) Concurrent weak references 0.711ms
[2026-04-03T02:01:32.972+0600][16.623s][info][gc,start    ] GC(6) Concurrent weak roots
[2026-04-03T02:01:32.972+0600][16.623s][info][gc,task     ] GC(6) Using 3 of 6 workers for concurrent weak root
[2026-04-03T02:01:32.975+0600][16.625s][info][gc          ] GC(6) Concurrent weak roots 2.559ms
[2026-04-03T02:01:32.975+0600][16.625s][info][gc,start    ] GC(6) Concurrent cleanup
[2026-04-03T02:01:32.975+0600][16.626s][info][gc          ] GC(6) Concurrent cleanup 392M->377M(400M) 0.243ms
[2026-04-03T02:01:32.975+0600][16.626s][info][gc,ergo     ] GC(6) Free: 1044M, Max: 512K regular, 1025M humongous, Frag: 2% external, 0% internal; Reserve: 76502K, Max: 512K
[2026-04-03T02:01:32.975+0600][16.626s][info][gc,start    ] GC(6) Concurrent class unloading
[2026-04-03T02:01:32.975+0600][16.626s][info][gc,task     ] GC(6) Using 3 of 6 workers for concurrent class unloading
[2026-04-03T02:01:32.982+0600][16.632s][info][gc          ] GC(6) Concurrent class unloading 6.801ms
[2026-04-03T02:01:32.982+0600][16.633s][info][gc,start    ] GC(6) Concurrent strong roots
[2026-04-03T02:01:32.982+0600][16.633s][info][gc,task     ] GC(6) Using 3 of 6 workers for concurrent strong root
[2026-04-03T02:01:32.983+0600][16.633s][info][gc          ] GC(6) Concurrent strong roots 0.752ms
[2026-04-03T02:01:32.983+0600][16.633s][info][gc,start    ] GC(6) Concurrent evacuation
[2026-04-03T02:01:32.983+0600][16.633s][info][gc,task     ] GC(6) Using 3 of 6 workers for concurrent evacuation
[2026-04-03T02:01:33.011+0600][16.662s][info][gc          ] GC(6) Concurrent evacuation 28.562ms
[2026-04-03T02:01:33.012+0600][16.662s][info][gc,start    ] GC(6) Pause Init Update Refs
[2026-04-03T02:01:33.012+0600][16.662s][info][gc,ergo     ] GC(6) Pacer for Update Refs. Used: 418M, Free: 1029M, Non-Taxable: 102M, Alloc Tax Rate: 1.1x
[2026-04-03T02:01:33.012+0600][16.662s][info][gc          ] GC(6) Pause Init Update Refs 0.118ms
[2026-04-03T02:01:33.012+0600][16.662s][info][gc,start    ] GC(6) Concurrent update references
[2026-04-03T02:01:33.012+0600][16.663s][info][gc,task     ] GC(6) Using 3 of 6 workers for concurrent reference update
[2026-04-03T02:01:33.040+0600][16.690s][info][gc          ] GC(6) Concurrent update references 27.816ms
[2026-04-03T02:01:33.040+0600][16.690s][info][gc,start    ] GC(6) Concurrent update thread roots
[2026-04-03T02:01:33.041+0600][16.691s][info][gc          ] GC(6) Concurrent update thread roots 0.723ms
[2026-04-03T02:01:33.041+0600][16.691s][info][gc,start    ] GC(6) Pause Final Update Refs
[2026-04-03T02:01:33.041+0600][16.691s][info][gc,task     ] GC(6) Using 6 of 6 workers for final reference update
[2026-04-03T02:01:33.041+0600][16.692s][info][gc          ] GC(6) Pause Final Update Refs 0.189ms
[2026-04-03T02:01:33.041+0600][16.692s][info][gc,start    ] GC(6) Concurrent cleanup
[2026-04-03T02:01:33.042+0600][16.692s][info][gc          ] GC(6) Concurrent cleanup 431M->104M(435M) 0.798ms
[2026-04-03T02:01:33.042+0600][16.693s][info][gc,ergo     ] Free: 1317M, Max: 512K regular, 991M humongous, Frag: 25% external, 0% internal; Reserve: 76800K, Max: 512K
[2026-04-03T02:01:33.042+0600][16.693s][info][gc,stats    ] 
[2026-04-03T02:01:33.042+0600][16.693s][info][gc,stats    ] All times are wall-clock times, except per-root-class counters, that are sum over
[2026-04-03T02:01:33.042+0600][16.693s][info][gc,stats    ] all workers. Dividing the <total> over the root stage time estimates parallelism.
[2026-04-03T02:01:33.042+0600][16.693s][info][gc,stats    ] 
[2026-04-03T02:01:33.042+0600][16.693s][info][gc,stats    ] Concurrent Reset                   1140 us
[2026-04-03T02:01:33.042+0600][16.693s][info][gc,stats    ] Pause Init Mark (G)                 553 us
[2026-04-03T02:01:33.042+0600][16.693s][info][gc,stats    ] Pause Init Mark (N)                 129 us
[2026-04-03T02:01:33.042+0600][16.693s][info][gc,stats    ]   Update Region States               24 us
[2026-04-03T02:01:33.042+0600][16.693s][info][gc,stats    ] Concurrent Mark Roots              1848 us, parallelism: 1.49x
[2026-04-03T02:01:33.042+0600][16.693s][info][gc,stats    ]   CMR: <total>                     2746 us
[2026-04-03T02:01:33.042+0600][16.693s][info][gc,stats    ]   CMR: Thread Roots                2085 us, workers (us): 1313, 136, 636, ---, ---, ---, 
[2026-04-03T02:01:33.042+0600][16.693s][info][gc,stats    ]   CMR: VM Strong Roots              261 us, workers (us): 172,  22,  66, ---, ---, ---, 
[2026-04-03T02:01:33.042+0600][16.693s][info][gc,stats    ]   CMR: CLDG Roots                   401 us, workers (us): ---, 401, ---, ---, ---, ---, 
[2026-04-03T02:01:33.042+0600][16.693s][info][gc,stats    ] Concurrent Marking                41805 us
[2026-04-03T02:01:33.042+0600][16.693s][info][gc,stats    ] Pause Final Mark (G)               1065 us
[2026-04-03T02:01:33.042+0600][16.693s][info][gc,stats    ] Pause Final Mark (N)                748 us
[2026-04-03T02:01:33.042+0600][16.693s][info][gc,stats    ]   Finish Mark                       264 us
[2026-04-03T02:01:33.042+0600][16.693s][info][gc,stats    ]   Update Region States               50 us
[2026-04-03T02:01:33.042+0600][16.693s][info][gc,stats    ]   Choose Collection Set             231 us
[2026-04-03T02:01:33.042+0600][16.693s][info][gc,stats    ]   Rebuild Free Set                   58 us
[2026-04-03T02:01:33.042+0600][16.693s][info][gc,stats    ] Concurrent Thread Roots             633 us, parallelism: 1.71x
[2026-04-03T02:01:33.042+0600][16.693s][info][gc,stats    ]   CTR: <total>                     1086 us
[2026-04-03T02:01:33.042+0600][16.693s][info][gc,stats    ]   CTR: Thread Roots                1086 us, workers (us): 360, 409, 317, ---, ---, ---, 
[2026-04-03T02:01:33.042+0600][16.693s][info][gc,stats    ] Concurrent Weak References          727 us, parallelism: 0.74x
[2026-04-03T02:01:33.042+0600][16.693s][info][gc,stats    ]   CWRF: <total>                     538 us
[2026-04-03T02:01:33.042+0600][16.693s][info][gc,stats    ]   CWRF: Weak References             538 us, workers (us):  99, 404,  35, ---, ---, ---, 
[2026-04-03T02:01:33.042+0600][16.693s][info][gc,stats    ] Concurrent Weak Roots              2653 us
[2026-04-03T02:01:33.042+0600][16.693s][info][gc,stats    ]   Roots                            2265 us, parallelism: 2.59x
[2026-04-03T02:01:33.042+0600][16.693s][info][gc,stats    ]     CWR: <total>                   5868 us
[2026-04-03T02:01:33.042+0600][16.693s][info][gc,stats    ]     CWR: Code Cache Roots          2996 us, workers (us): 1043, 1003, 949, ---, ---, ---, 
[2026-04-03T02:01:33.042+0600][16.693s][info][gc,stats    ]     CWR: VM Weak Roots             2820 us, workers (us): 949, 949, 921, ---, ---, ---, 
[2026-04-03T02:01:33.042+0600][16.693s][info][gc,stats    ]     CWR: CLDG Roots                  52 us, workers (us): ---, ---,  52, ---, ---, ---, 
[2026-04-03T02:01:33.042+0600][16.693s][info][gc,stats    ]   Rendezvous                        245 us
[2026-04-03T02:01:33.042+0600][16.693s][info][gc,stats    ] Concurrent Cleanup                  272 us
[2026-04-03T02:01:33.042+0600][16.693s][info][gc,stats    ] Concurrent Class Unloading         6880 us
[2026-04-03T02:01:33.042+0600][16.693s][info][gc,stats    ]   Unlink Stale                     4388 us
[2026-04-03T02:01:33.042+0600][16.693s][info][gc,stats    ]     System Dictionary                82 us
[2026-04-03T02:01:33.042+0600][16.693s][info][gc,stats    ]     Weak Class Links                  1 us
[2026-04-03T02:01:33.042+0600][16.693s][info][gc,stats    ]     Code Roots                     4300 us
[2026-04-03T02:01:33.042+0600][16.693s][info][gc,stats    ]   Rendezvous                        273 us
[2026-04-03T02:01:33.042+0600][16.693s][info][gc,stats    ]   Purge Unlinked                   2100 us
[2026-04-03T02:01:33.042+0600][16.693s][info][gc,stats    ]     Code Roots                     2072 us
[2026-04-03T02:01:33.042+0600][16.693s][info][gc,stats    ]     CLDG                             26 us
[2026-04-03T02:01:33.042+0600][16.693s][info][gc,stats    ]     Exception Caches                  0 us
[2026-04-03T02:01:33.042+0600][16.693s][info][gc,stats    ] Concurrent Strong Roots             785 us, parallelism: 0.75x
[2026-04-03T02:01:33.042+0600][16.693s][info][gc,stats    ]   CSR: <total>                      589 us
[2026-04-03T02:01:33.042+0600][16.693s][info][gc,stats    ]   CSR: VM Strong Roots               22 us, workers (us):  21,   1,   0, ---, ---, ---, 
[2026-04-03T02:01:33.042+0600][16.693s][info][gc,stats    ]   CSR: CLDG Roots                   567 us, workers (us): 567, ---, ---, ---, ---, ---, 
[2026-04-03T02:01:33.043+0600][16.693s][info][gc,stats    ] Concurrent Evacuation             28645 us
[2026-04-03T02:01:33.043+0600][16.693s][info][gc,stats    ] Pause Init Update Refs (G)          514 us
[2026-04-03T02:01:33.043+0600][16.693s][info][gc,stats    ] Pause Init Update Refs (N)          130 us
[2026-04-03T02:01:33.043+0600][16.693s][info][gc,stats    ]   Manage GCLABs                      41 us
[2026-04-03T02:01:33.043+0600][16.693s][info][gc,stats    ] Concurrent Update Refs            27902 us
[2026-04-03T02:01:33.043+0600][16.693s][info][gc,stats    ] Concurrent Update Thread Roots      787 us
[2026-04-03T02:01:33.043+0600][16.693s][info][gc,stats    ] Pause Final Update Refs (G)         501 us
[2026-04-03T02:01:33.043+0600][16.693s][info][gc,stats    ] Pause Final Update Refs (N)         211 us
[2026-04-03T02:01:33.043+0600][16.693s][info][gc,stats    ]   Update Region States               53 us
[2026-04-03T02:01:33.043+0600][16.693s][info][gc,stats    ]   Trash Collection Set               14 us
[2026-04-03T02:01:33.043+0600][16.693s][info][gc,stats    ]   Rebuild Free Set                   36 us
[2026-04-03T02:01:33.043+0600][16.693s][info][gc,stats    ] Concurrent Cleanup                  828 us
[2026-04-03T02:01:33.043+0600][16.693s][info][gc,stats    ] 
[2026-04-03T02:01:33.043+0600][16.693s][info][gc,stats    ] Allocation pacing accrued:
[2026-04-03T02:01:33.043+0600][16.693s][info][gc,stats    ]       0 of  3445 ms (  0.0%): <total>
[2026-04-03T02:01:33.043+0600][16.693s][info][gc,stats    ]       0 of  3445 ms (  0.0%): <average total>
[2026-04-03T02:01:33.043+0600][16.693s][info][gc,stats    ] 
[2026-04-03T02:01:33.043+0600][16.693s][info][gc,metaspace] Metaspace: 61557K(62144K)->61562K(62144K) NonClass: 53855K(54208K)->53860K(54208K) Class: 7702K(7936K)->7702K(7936K)
[2026-04-03T02:01:33.043+0600][16.693s][info][gc,ergo     ] Pacer for Idle. Initial: 30720K, Alloc Tax Rate: 1.0x
[2026-04-03T02:01:33.220+0600][16.871s][info][gc          ] Trigger: Learning 3 of 5. Free (1049M) is below initial threshold (1050M)
[2026-04-03T02:01:33.220+0600][16.871s][info][gc,ergo     ] Free: 1049M, Max: 512K regular, 991M humongous, Frag: 6% external, 0% internal; Reserve: 76800K, Max: 512K
[2026-04-03T02:01:33.220+0600][16.871s][info][gc,start    ] GC(7) Concurrent reset
[2026-04-03T02:01:33.220+0600][16.871s][info][gc,task     ] GC(7) Using 3 of 6 workers for concurrent reset
[2026-04-03T02:01:33.220+0600][16.871s][info][gc,ergo     ] GC(7) Pacer for Reset. Non-Taxable: 1500M
[2026-04-03T02:01:33.223+0600][16.873s][info][gc          ] GC(7) Concurrent reset 2.083ms
[2026-04-03T02:01:33.223+0600][16.873s][info][gc,start    ] GC(7) Pause Init Mark (unload classes)
[2026-04-03T02:01:33.223+0600][16.873s][info][gc,task     ] GC(7) Using 6 of 6 workers for init marking
[2026-04-03T02:01:33.223+0600][16.874s][info][gc,ergo     ] GC(7) Pacer for Mark. Expected Live: 60647K, Free: 1043M, Non-Taxable: 104M, Alloc Tax Rate: 0.1x
[2026-04-03T02:01:33.223+0600][16.874s][info][gc          ] GC(7) Pause Init Mark (unload classes) 0.111ms
[2026-04-03T02:01:33.223+0600][16.874s][info][gc,start    ] GC(7) Concurrent marking roots
[2026-04-03T02:01:33.223+0600][16.874s][info][gc,task     ] GC(7) Using 3 of 6 workers for concurrent marking roots
[2026-04-03T02:01:33.224+0600][16.874s][info][gc          ] GC(7) Concurrent marking roots 0.569ms
[2026-04-03T02:01:33.224+0600][16.874s][info][gc,start    ] GC(7) Concurrent marking (unload classes)
[2026-04-03T02:01:33.224+0600][16.874s][info][gc,task     ] GC(7) Using 3 of 6 workers for concurrent marking
[2026-04-03T02:01:33.289+0600][16.940s][info][gc          ] GC(7) Concurrent marking (unload classes) 65.342ms
[2026-04-03T02:01:33.289+0600][16.940s][info][gc,start    ] GC(7) Pause Final Mark (unload classes)
[2026-04-03T02:01:33.289+0600][16.940s][info][gc,task     ] GC(7) Using 6 of 6 workers for final marking
[2026-04-03T02:01:33.290+0600][16.940s][info][gc,ergo     ] GC(7) Adaptive CSet Selection. Target Free: 212M, Actual Free: 1066M, Max CSet: 64000K, Min Garbage: 0B
[2026-04-03T02:01:33.290+0600][16.941s][info][gc,ergo     ] GC(7) Collectable Garbage: 293M (99%), Immediate: 1024K (0%), CSet: 292M (99%)
[2026-04-03T02:01:33.290+0600][16.941s][info][gc,ergo     ] GC(7) Pacer for Evacuation. Used CSet: 320M, Free: 992M, Non-Taxable: 101616K, Alloc Tax Rate: 1.1x
[2026-04-03T02:01:33.290+0600][16.941s][info][gc          ] GC(7) Pause Final Mark (unload classes) 0.759ms
[2026-04-03T02:01:33.290+0600][16.941s][info][gc,start    ] GC(7) Concurrent thread roots
[2026-04-03T02:01:33.290+0600][16.941s][info][gc,task     ] GC(7) Using 3 of 6 workers for Concurrent thread roots
[2026-04-03T02:01:33.291+0600][16.941s][info][gc          ] GC(7) Concurrent thread roots 0.615ms
[2026-04-03T02:01:33.291+0600][16.941s][info][gc,start    ] GC(7) Concurrent weak references
[2026-04-03T02:01:33.291+0600][16.941s][info][gc,task     ] GC(7) Using 3 of 6 workers for concurrent weak references
[2026-04-03T02:01:33.291+0600][16.942s][info][gc,ref      ] GC(7) Encountered references: Soft: 2956, Weak: 4507, Final: 82, Phantom: 593
[2026-04-03T02:01:33.292+0600][16.942s][info][gc,ref      ] GC(7) Discovered  references: Soft: 0, Weak: 1789, Final: 2, Phantom: 271
[2026-04-03T02:01:33.292+0600][16.942s][info][gc,ref      ] GC(7) Enqueued    references: Soft: 0, Weak: 0, Final: 0, Phantom: 0
[2026-04-03T02:01:33.292+0600][16.942s][info][gc          ] GC(7) Concurrent weak references 0.713ms
[2026-04-03T02:01:33.292+0600][16.942s][info][gc,start    ] GC(7) Concurrent weak roots
[2026-04-03T02:01:33.292+0600][16.942s][info][gc,task     ] GC(7) Using 3 of 6 workers for concurrent weak root
[2026-04-03T02:01:33.294+0600][16.944s][info][gc          ] GC(7) Concurrent weak roots 1.965ms
[2026-04-03T02:01:33.294+0600][16.944s][info][gc,start    ] GC(7) Concurrent cleanup
[2026-04-03T02:01:33.294+0600][16.944s][info][gc          ] GC(7) Concurrent cleanup 432M->431M(437M) 0.214ms
[2026-04-03T02:01:33.294+0600][16.944s][info][gc,ergo     ] GC(7) Free: 990M, Max: 512K regular, 989M humongous, Frag: 1% external, 0% internal; Reserve: 76797K, Max: 512K
[2026-04-03T02:01:33.294+0600][16.944s][info][gc,start    ] GC(7) Concurrent class unloading
[2026-04-03T02:01:33.294+0600][16.944s][info][gc,task     ] GC(7) Using 3 of 6 workers for concurrent class unloading
[2026-04-03T02:01:33.298+0600][16.949s][info][gc          ] GC(7) Concurrent class unloading 4.116ms
[2026-04-03T02:01:33.298+0600][16.949s][info][gc,start    ] GC(7) Concurrent strong roots
[2026-04-03T02:01:33.298+0600][16.949s][info][gc,task     ] GC(7) Using 3 of 6 workers for concurrent strong root
[2026-04-03T02:01:33.299+0600][16.949s][info][gc          ] GC(7) Concurrent strong roots 0.734ms
[2026-04-03T02:01:33.299+0600][16.949s][info][gc,start    ] GC(7) Concurrent evacuation
[2026-04-03T02:01:33.299+0600][16.949s][info][gc,task     ] GC(7) Using 3 of 6 workers for concurrent evacuation
[2026-04-03T02:01:33.327+0600][16.978s][info][gc          ] GC(7) Concurrent evacuation 28.392ms
[2026-04-03T02:01:33.328+0600][16.978s][info][gc,start    ] GC(7) Pause Init Update Refs
[2026-04-03T02:01:33.328+0600][16.978s][info][gc,ergo     ] GC(7) Pacer for Update Refs. Used: 473M, Free: 976M, Non-Taxable: 100041K, Alloc Tax Rate: 1.1x
[2026-04-03T02:01:33.328+0600][16.978s][info][gc          ] GC(7) Pause Init Update Refs 0.089ms
[2026-04-03T02:01:33.328+0600][16.978s][info][gc,start    ] GC(7) Concurrent update references
[2026-04-03T02:01:33.328+0600][16.978s][info][gc,task     ] GC(7) Using 3 of 6 workers for concurrent reference update
[2026-04-03T02:01:33.390+0600][17.041s][info][gc          ] GC(7) Concurrent update references 62.483ms
[2026-04-03T02:01:33.390+0600][17.041s][info][gc,start    ] GC(7) Concurrent update thread roots
[2026-04-03T02:01:33.391+0600][17.042s][info][gc          ] GC(7) Concurrent update thread roots 0.790ms
[2026-04-03T02:01:33.391+0600][17.042s][info][gc,start    ] GC(7) Pause Final Update Refs
[2026-04-03T02:01:33.392+0600][17.042s][info][gc,task     ] GC(7) Using 6 of 6 workers for final reference update
[2026-04-03T02:01:33.392+0600][17.042s][info][gc          ] GC(7) Pause Final Update Refs 0.251ms
[2026-04-03T02:01:33.392+0600][17.042s][info][gc,start    ] GC(7) Concurrent cleanup
[2026-04-03T02:01:33.393+0600][17.043s][info][gc          ] GC(7) Concurrent cleanup 499M->180M(503M) 0.835ms
[2026-04-03T02:01:33.393+0600][17.043s][info][gc,ergo     ] Free: 1241M, Max: 512K regular, 923M humongous, Frag: 26% external, 0% internal; Reserve: 76800K, Max: 512K
[2026-04-03T02:01:33.393+0600][17.043s][info][gc,stats    ] 
[2026-04-03T02:01:33.393+0600][17.043s][info][gc,stats    ] All times are wall-clock times, except per-root-class counters, that are sum over
[2026-04-03T02:01:33.393+0600][17.043s][info][gc,stats    ] all workers. Dividing the <total> over the root stage time estimates parallelism.
[2026-04-03T02:01:33.393+0600][17.043s][info][gc,stats    ] 
[2026-04-03T02:01:33.393+0600][17.043s][info][gc,stats    ] Concurrent Reset                   2160 us
[2026-04-03T02:01:33.393+0600][17.043s][info][gc,stats    ] Pause Init Mark (G)                 393 us
[2026-04-03T02:01:33.393+0600][17.043s][info][gc,stats    ] Pause Init Mark (N)                 119 us
[2026-04-03T02:01:33.393+0600][17.043s][info][gc,stats    ]   Update Region States               24 us
[2026-04-03T02:01:33.393+0600][17.043s][info][gc,stats    ] Concurrent Mark Roots               609 us, parallelism: 1.43x
[2026-04-03T02:01:33.393+0600][17.043s][info][gc,stats    ]   CMR: <total>                      874 us
[2026-04-03T02:01:33.393+0600][17.043s][info][gc,stats    ]   CMR: Thread Roots                 667 us, workers (us): 149, 307, 212, ---, ---, ---, 
[2026-04-03T02:01:33.393+0600][17.043s][info][gc,stats    ]   CMR: VM Strong Roots               15 us, workers (us):  14,   1,   1, ---, ---, ---, 
[2026-04-03T02:01:33.393+0600][17.043s][info][gc,stats    ]   CMR: CLDG Roots                   191 us, workers (us): 191, ---, ---, ---, ---, ---, 
[2026-04-03T02:01:33.393+0600][17.043s][info][gc,stats    ] Concurrent Marking                65437 us
[2026-04-03T02:01:33.393+0600][17.043s][info][gc,stats    ] Pause Final Mark (G)               1078 us
[2026-04-03T02:01:33.393+0600][17.043s][info][gc,stats    ] Pause Final Mark (N)                770 us
[2026-04-03T02:01:33.393+0600][17.043s][info][gc,stats    ]   Finish Mark                       265 us
[2026-04-03T02:01:33.393+0600][17.043s][info][gc,stats    ]   Update Region States               66 us
[2026-04-03T02:01:33.393+0600][17.043s][info][gc,stats    ]   Choose Collection Set             294 us
[2026-04-03T02:01:33.393+0600][17.043s][info][gc,stats    ]   Rebuild Free Set                   31 us
[2026-04-03T02:01:33.393+0600][17.043s][info][gc,stats    ] Concurrent Thread Roots             664 us, parallelism: 1.58x
[2026-04-03T02:01:33.393+0600][17.043s][info][gc,stats    ]   CTR: <total>                     1047 us
[2026-04-03T02:01:33.393+0600][17.043s][info][gc,stats    ]   CTR: Thread Roots                1047 us, workers (us): 378, 326, 343, ---, ---, ---, 
[2026-04-03T02:01:33.393+0600][17.043s][info][gc,stats    ] Concurrent Weak References          728 us, parallelism: 0.78x
[2026-04-03T02:01:33.393+0600][17.043s][info][gc,stats    ]   CWRF: <total>                     571 us
[2026-04-03T02:01:33.393+0600][17.043s][info][gc,stats    ]   CWRF: Weak References             571 us, workers (us): 502,  68,   1, ---, ---, ---, 
[2026-04-03T02:01:33.393+0600][17.043s][info][gc,stats    ] Concurrent Weak Roots              2034 us
[2026-04-03T02:01:33.393+0600][17.044s][info][gc,stats    ]   Roots                            1793 us, parallelism: 2.46x
[2026-04-03T02:01:33.393+0600][17.044s][info][gc,stats    ]     CWR: <total>                   4409 us
[2026-04-03T02:01:33.393+0600][17.044s][info][gc,stats    ]     CWR: Code Cache Roots          2857 us, workers (us): 958, 929, 971, ---, ---, ---, 
[2026-04-03T02:01:33.393+0600][17.044s][info][gc,stats    ]     CWR: VM Weak Roots             1499 us, workers (us): 553, 510, 436, ---, ---, ---, 
[2026-04-03T02:01:33.393+0600][17.044s][info][gc,stats    ]     CWR: CLDG Roots                  53 us, workers (us): ---,  53, ---, ---, ---, ---, 
[2026-04-03T02:01:33.393+0600][17.044s][info][gc,stats    ]   Rendezvous                        140 us
[2026-04-03T02:01:33.393+0600][17.044s][info][gc,stats    ] Concurrent Cleanup                  236 us
[2026-04-03T02:01:33.393+0600][17.044s][info][gc,stats    ] Concurrent Class Unloading         4217 us
[2026-04-03T02:01:33.393+0600][17.044s][info][gc,stats    ]   Unlink Stale                     3718 us
[2026-04-03T02:01:33.393+0600][17.044s][info][gc,stats    ]     System Dictionary                61 us
[2026-04-03T02:01:33.393+0600][17.044s][info][gc,stats    ]     Weak Class Links                  1 us
[2026-04-03T02:01:33.393+0600][17.044s][info][gc,stats    ]     Code Roots                     3651 us
[2026-04-03T02:01:33.393+0600][17.044s][info][gc,stats    ]   Rendezvous                        198 us
[2026-04-03T02:01:33.393+0600][17.044s][info][gc,stats    ]   Purge Unlinked                    164 us
[2026-04-03T02:01:33.393+0600][17.044s][info][gc,stats    ]     Code Roots                      154 us
[2026-04-03T02:01:33.393+0600][17.044s][info][gc,stats    ]     CLDG                             10 us
[2026-04-03T02:01:33.393+0600][17.044s][info][gc,stats    ]     Exception Caches                  0 us
[2026-04-03T02:01:33.393+0600][17.044s][info][gc,stats    ] Concurrent Strong Roots             784 us, parallelism: 0.57x
[2026-04-03T02:01:33.393+0600][17.044s][info][gc,stats    ]   CSR: <total>                      444 us
[2026-04-03T02:01:33.393+0600][17.044s][info][gc,stats    ]   CSR: VM Strong Roots               18 us, workers (us):  16,   2,   0, ---, ---, ---, 
[2026-04-03T02:01:33.393+0600][17.044s][info][gc,stats    ]   CSR: CLDG Roots                   426 us, workers (us): 426, ---, ---, ---, ---, ---, 
[2026-04-03T02:01:33.393+0600][17.044s][info][gc,stats    ] Concurrent Evacuation             28485 us
[2026-04-03T02:01:33.393+0600][17.044s][info][gc,stats    ] Pause Init Update Refs (G)          322 us
[2026-04-03T02:01:33.393+0600][17.044s][info][gc,stats    ] Pause Init Update Refs (N)          116 us
[2026-04-03T02:01:33.393+0600][17.044s][info][gc,stats    ]   Manage GCLABs                       8 us
[2026-04-03T02:01:33.393+0600][17.044s][info][gc,stats    ] Concurrent Update Refs            62619 us
[2026-04-03T02:01:33.393+0600][17.044s][info][gc,stats    ] Concurrent Update Thread Roots      861 us
[2026-04-03T02:01:33.393+0600][17.044s][info][gc,stats    ] Pause Final Update Refs (G)         563 us
[2026-04-03T02:01:33.393+0600][17.044s][info][gc,stats    ] Pause Final Update Refs (N)         267 us
[2026-04-03T02:01:33.393+0600][17.044s][info][gc,stats    ]   Update Region States               65 us
[2026-04-03T02:01:33.393+0600][17.044s][info][gc,stats    ]   Trash Collection Set               16 us
[2026-04-03T02:01:33.393+0600][17.044s][info][gc,stats    ]   Rebuild Free Set                   41 us
[2026-04-03T02:01:33.393+0600][17.044s][info][gc,stats    ] Concurrent Cleanup                  853 us
[2026-04-03T02:01:33.393+0600][17.044s][info][gc,stats    ] 
[2026-04-03T02:01:33.393+0600][17.044s][info][gc,stats    ] Allocation pacing accrued:
[2026-04-03T02:01:33.393+0600][17.044s][info][gc,stats    ]       0 of   351 ms (  0.0%): <total>
[2026-04-03T02:01:33.393+0600][17.044s][info][gc,stats    ]       0 of   351 ms (  0.0%): <average total>
[2026-04-03T02:01:33.393+0600][17.044s][info][gc,stats    ] 
[2026-04-03T02:01:33.393+0600][17.044s][info][gc,metaspace] Metaspace: 61562K(62144K)->61562K(62144K) NonClass: 53860K(54208K)->53860K(54208K) Class: 7702K(7936K)->7702K(7936K)
[2026-04-03T02:01:33.393+0600][17.044s][info][gc,ergo     ] Pacer for Idle. Initial: 30720K, Alloc Tax Rate: 1.0x
[2026-04-03T02:01:33.847+0600][17.497s][info][gc          ] Trigger: Learning 4 of 5. Free (1049M) is below initial threshold (1050M)
[2026-04-03T02:01:33.847+0600][17.497s][info][gc,ergo     ] Free: 1049M, Max: 512K regular, 923M humongous, Frag: 13% external, 0% internal; Reserve: 76800K, Max: 512K
[2026-04-03T02:01:33.847+0600][17.497s][info][gc,start    ] GC(8) Concurrent reset
[2026-04-03T02:01:33.847+0600][17.497s][info][gc,task     ] GC(8) Using 3 of 6 workers for concurrent reset
[2026-04-03T02:01:33.847+0600][17.497s][info][gc,ergo     ] GC(8) Pacer for Reset. Non-Taxable: 1500M
[2026-04-03T02:01:33.849+0600][17.499s][info][gc          ] GC(8) Concurrent reset 1.745ms
[2026-04-03T02:01:33.849+0600][17.500s][info][gc,start    ] GC(8) Pause Init Mark (unload classes)
[2026-04-03T02:01:33.849+0600][17.500s][info][gc,task     ] GC(8) Using 6 of 6 workers for init marking
[2026-04-03T02:01:33.849+0600][17.500s][info][gc,ergo     ] GC(8) Pacer for Mark. Expected Live: 68125K, Free: 1049M, Non-Taxable: 104M, Alloc Tax Rate: 0.1x
[2026-04-03T02:01:33.849+0600][17.500s][info][gc          ] GC(8) Pause Init Mark (unload classes) 0.192ms
[2026-04-03T02:01:33.849+0600][17.500s][info][gc,start    ] GC(8) Concurrent marking roots
[2026-04-03T02:01:33.849+0600][17.500s][info][gc,task     ] GC(8) Using 3 of 6 workers for concurrent marking roots
[2026-04-03T02:01:33.851+0600][17.501s][info][gc          ] GC(8) Concurrent marking roots 1.271ms
[2026-04-03T02:01:33.851+0600][17.501s][info][gc,start    ] GC(8) Concurrent marking (unload classes)
[2026-04-03T02:01:33.851+0600][17.501s][info][gc,task     ] GC(8) Using 3 of 6 workers for concurrent marking
[2026-04-03T02:01:33.932+0600][17.583s][info][gc          ] GC(8) Concurrent marking (unload classes) 81.795ms
[2026-04-03T02:01:33.933+0600][17.583s][info][gc,start    ] GC(8) Pause Final Mark (unload classes)
[2026-04-03T02:01:33.933+0600][17.583s][info][gc,task     ] GC(8) Using 6 of 6 workers for final marking
[2026-04-03T02:01:33.933+0600][17.584s][info][gc,ergo     ] GC(8) Adaptive CSet Selection. Target Free: 212M, Actual Free: 1129M, Max CSet: 64000K, Min Garbage: 0B
[2026-04-03T02:01:33.933+0600][17.584s][info][gc,ergo     ] GC(8) Collectable Garbage: 267M (99%), Immediate: 14870K (5%), CSet: 253M (93%)
[2026-04-03T02:01:33.933+0600][17.584s][info][gc,ergo     ] GC(8) Pacer for Evacuation. Used CSet: 275M, Free: 1057M, Non-Taxable: 105M, Alloc Tax Rate: 1.1x
[2026-04-03T02:01:33.933+0600][17.584s][info][gc          ] GC(8) Pause Final Mark (unload classes) 0.783ms
[2026-04-03T02:01:33.933+0600][17.584s][info][gc,start    ] GC(8) Concurrent thread roots
[2026-04-03T02:01:33.934+0600][17.584s][info][gc,task     ] GC(8) Using 3 of 6 workers for Concurrent thread roots
[2026-04-03T02:01:33.934+0600][17.585s][info][gc          ] GC(8) Concurrent thread roots 0.734ms
[2026-04-03T02:01:33.934+0600][17.585s][info][gc,start    ] GC(8) Concurrent weak references
[2026-04-03T02:01:33.934+0600][17.585s][info][gc,task     ] GC(8) Using 3 of 6 workers for concurrent weak references
[2026-04-03T02:01:33.936+0600][17.586s][info][gc,ref      ] GC(8) Encountered references: Soft: 3145, Weak: 5611, Final: 82, Phantom: 594
[2026-04-03T02:01:33.936+0600][17.586s][info][gc,ref      ] GC(8) Discovered  references: Soft: 0, Weak: 3270, Final: 50, Phantom: 591
[2026-04-03T02:01:33.936+0600][17.586s][info][gc,ref      ] GC(8) Enqueued    references: Soft: 0, Weak: 400, Final: 0, Phantom: 0
[2026-04-03T02:01:33.936+0600][17.586s][info][gc          ] GC(8) Concurrent weak references 1.465ms
[2026-04-03T02:01:33.936+0600][17.586s][info][gc,start    ] GC(8) Concurrent weak roots
[2026-04-03T02:01:33.936+0600][17.586s][info][gc,task     ] GC(8) Using 3 of 6 workers for concurrent weak root
[2026-04-03T02:01:33.938+0600][17.589s][info][gc          ] GC(8) Concurrent weak roots 2.497ms
[2026-04-03T02:01:33.938+0600][17.589s][info][gc,start    ] GC(8) Concurrent cleanup
[2026-04-03T02:01:33.939+0600][17.589s][info][gc          ] GC(8) Concurrent cleanup 381M->366M(503M) 0.218ms
[2026-04-03T02:01:33.939+0600][17.589s][info][gc,ergo     ] GC(8) Free: 1056M, Max: 512K regular, 923M humongous, Frag: 13% external, 0% internal; Reserve: 76357K, Max: 512K
[2026-04-03T02:01:33.939+0600][17.589s][info][gc,start    ] GC(8) Concurrent class unloading
[2026-04-03T02:01:33.939+0600][17.589s][info][gc,task     ] GC(8) Using 3 of 6 workers for concurrent class unloading
[2026-04-03T02:01:33.962+0600][17.612s][info][gc          ] GC(8) Concurrent class unloading 23.134ms
[2026-04-03T02:01:33.962+0600][17.612s][info][gc,start    ] GC(8) Concurrent strong roots
[2026-04-03T02:01:33.962+0600][17.612s][info][gc,task     ] GC(8) Using 3 of 6 workers for concurrent strong root
[2026-04-03T02:01:33.963+0600][17.613s][info][gc          ] GC(8) Concurrent strong roots 0.851ms
[2026-04-03T02:01:33.963+0600][17.613s][info][gc,start    ] GC(8) Concurrent evacuation
[2026-04-03T02:01:33.963+0600][17.613s][info][gc,task     ] GC(8) Using 3 of 6 workers for concurrent evacuation
[2026-04-03T02:01:33.998+0600][17.649s][info][gc          ] GC(8) Concurrent evacuation 35.431ms
[2026-04-03T02:01:33.998+0600][17.649s][info][gc,start    ] GC(8) Pause Init Update Refs
[2026-04-03T02:01:33.999+0600][17.649s][info][gc,ergo     ] GC(8) Pacer for Update Refs. Used: 401M, Free: 1044M, Non-Taxable: 104M, Alloc Tax Rate: 1.1x
[2026-04-03T02:01:33.999+0600][17.649s][info][gc          ] GC(8) Pause Init Update Refs 0.139ms
[2026-04-03T02:01:33.999+0600][17.649s][info][gc,start    ] GC(8) Concurrent update references
[2026-04-03T02:01:33.999+0600][17.649s][info][gc,task     ] GC(8) Using 3 of 6 workers for concurrent reference update
[2026-04-03T02:01:34.069+0600][17.720s][info][gc          ] GC(8) Concurrent update references 70.499ms
[2026-04-03T02:01:34.069+0600][17.720s][info][gc,start    ] GC(8) Concurrent update thread roots
[2026-04-03T02:01:34.071+0600][17.721s][info][gc          ] GC(8) Concurrent update thread roots 1.151ms
[2026-04-03T02:01:34.071+0600][17.721s][info][gc,start    ] GC(8) Pause Final Update Refs
[2026-04-03T02:01:34.071+0600][17.722s][info][gc,task     ] GC(8) Using 6 of 6 workers for final reference update
[2026-04-03T02:01:34.071+0600][17.722s][info][gc          ] GC(8) Pause Final Update Refs 0.304ms
[2026-04-03T02:01:34.071+0600][17.722s][info][gc,start    ] GC(8) Concurrent cleanup
[2026-04-03T02:01:34.072+0600][17.722s][info][gc          ] GC(8) Concurrent cleanup 414M->139M(525M) 0.390ms
[2026-04-03T02:01:34.072+0600][17.722s][info][gc,ergo     ] Free: 1283M, Max: 512K regular, 1044M humongous, Frag: 19% external, 0% internal; Reserve: 76800K, Max: 512K
[2026-04-03T02:01:34.072+0600][17.722s][info][gc,stats    ] 
[2026-04-03T02:01:34.072+0600][17.722s][info][gc,stats    ] All times are wall-clock times, except per-root-class counters, that are sum over
[2026-04-03T02:01:34.072+0600][17.722s][info][gc,stats    ] all workers. Dividing the <total> over the root stage time estimates parallelism.
[2026-04-03T02:01:34.072+0600][17.722s][info][gc,stats    ] 
[2026-04-03T02:01:34.072+0600][17.722s][info][gc,stats    ] Concurrent Reset                   1843 us
[2026-04-03T02:01:34.072+0600][17.722s][info][gc,stats    ] Pause Init Mark (G)                 715 us
[2026-04-03T02:01:34.072+0600][17.722s][info][gc,stats    ] Pause Init Mark (N)                 205 us
[2026-04-03T02:01:34.072+0600][17.722s][info][gc,stats    ]   Update Region States               49 us
[2026-04-03T02:01:34.072+0600][17.722s][info][gc,stats    ] Concurrent Mark Roots              1327 us, parallelism: 1.92x
[2026-04-03T02:01:34.072+0600][17.723s][info][gc,stats    ]   CMR: <total>                     2553 us
[2026-04-03T02:01:34.072+0600][17.723s][info][gc,stats    ]   CMR: Thread Roots                2236 us, workers (us): 781, 790, 665, ---, ---, ---, 
[2026-04-03T02:01:34.072+0600][17.723s][info][gc,stats    ]   CMR: VM Strong Roots               45 us, workers (us):  19,  19,   8, ---, ---, ---, 
[2026-04-03T02:01:34.072+0600][17.723s][info][gc,stats    ]   CMR: CLDG Roots                   271 us, workers (us): ---, ---, 271, ---, ---, ---, 
[2026-04-03T02:01:34.072+0600][17.723s][info][gc,stats    ] Concurrent Marking                81880 us
[2026-04-03T02:01:34.072+0600][17.723s][info][gc,stats    ] Pause Final Mark (G)                925 us
[2026-04-03T02:01:34.072+0600][17.723s][info][gc,stats    ] Pause Final Mark (N)                801 us
[2026-04-03T02:01:34.072+0600][17.723s][info][gc,stats    ]   Finish Mark                       304 us
[2026-04-03T02:01:34.072+0600][17.723s][info][gc,stats    ]   Update Region States               57 us
[2026-04-03T02:01:34.072+0600][17.723s][info][gc,stats    ]   Choose Collection Set             271 us
[2026-04-03T02:01:34.072+0600][17.723s][info][gc,stats    ]   Rebuild Free Set                   38 us
[2026-04-03T02:01:34.072+0600][17.723s][info][gc,stats    ] Concurrent Thread Roots             806 us, parallelism: 1.66x
[2026-04-03T02:01:34.072+0600][17.723s][info][gc,stats    ]   CTR: <total>                     1336 us
[2026-04-03T02:01:34.072+0600][17.723s][info][gc,stats    ]   CTR: Thread Roots                1336 us, workers (us): 454, 533, 349, ---, ---, ---, 
[2026-04-03T02:01:34.072+0600][17.723s][info][gc,stats    ] Concurrent Weak References         1482 us, parallelism: 0.79x
[2026-04-03T02:01:34.072+0600][17.723s][info][gc,stats    ]   CWRF: <total>                    1169 us
[2026-04-03T02:01:34.072+0600][17.723s][info][gc,stats    ]   CWRF: Weak References            1169 us, workers (us): 1141,  27,   1, ---, ---, ---, 
[2026-04-03T02:01:34.072+0600][17.723s][info][gc,stats    ] Concurrent Weak Roots              2579 us
[2026-04-03T02:01:34.072+0600][17.723s][info][gc,stats    ]   Roots                            2237 us, parallelism: 2.53x
[2026-04-03T02:01:34.072+0600][17.723s][info][gc,stats    ]     CWR: <total>                   5664 us
[2026-04-03T02:01:34.072+0600][17.723s][info][gc,stats    ]     CWR: Code Cache Roots          2728 us, workers (us): 1032, 799, 897, ---, ---, ---, 
[2026-04-03T02:01:34.072+0600][17.723s][info][gc,stats    ]     CWR: VM Weak Roots             2836 us, workers (us): 968, 932, 935, ---, ---, ---, 
[2026-04-03T02:01:34.072+0600][17.723s][info][gc,stats    ]     CWR: CLDG Roots                 101 us, workers (us): ---, 101, ---, ---, ---, ---, 
[2026-04-03T02:01:34.072+0600][17.723s][info][gc,stats    ]   Rendezvous                        198 us
[2026-04-03T02:01:34.072+0600][17.723s][info][gc,stats    ] Concurrent Cleanup                  243 us
[2026-04-03T02:01:34.072+0600][17.723s][info][gc,stats    ] Concurrent Class Unloading        23234 us
[2026-04-03T02:01:34.072+0600][17.723s][info][gc,stats    ]   Unlink Stale                    21379 us
[2026-04-03T02:01:34.072+0600][17.723s][info][gc,stats    ]     System Dictionary               398 us
[2026-04-03T02:01:34.072+0600][17.723s][info][gc,stats    ]     Weak Class Links              15025 us
[2026-04-03T02:01:34.072+0600][17.723s][info][gc,stats    ]     Code Roots                     5950 us
[2026-04-03T02:01:34.072+0600][17.723s][info][gc,stats    ]   Rendezvous                        728 us
[2026-04-03T02:01:34.072+0600][17.723s][info][gc,stats    ]   Purge Unlinked                    982 us
[2026-04-03T02:01:34.072+0600][17.723s][info][gc,stats    ]     Code Roots                      865 us
[2026-04-03T02:01:34.072+0600][17.723s][info][gc,stats    ]     CLDG                            117 us
[2026-04-03T02:01:34.072+0600][17.723s][info][gc,stats    ]     Exception Caches                  0 us
[2026-04-03T02:01:34.072+0600][17.723s][info][gc,stats    ] Concurrent Strong Roots             870 us, parallelism: 0.72x
[2026-04-03T02:01:34.072+0600][17.723s][info][gc,stats    ]   CSR: <total>                      631 us
[2026-04-03T02:01:34.072+0600][17.723s][info][gc,stats    ]   CSR: VM Strong Roots               44 us, workers (us):  31,  13,   0, ---, ---, ---, 
[2026-04-03T02:01:34.072+0600][17.723s][info][gc,stats    ]   CSR: CLDG Roots                   586 us, workers (us): ---, 586, ---, ---, ---, ---, 
[2026-04-03T02:01:34.073+0600][17.723s][info][gc,stats    ] Concurrent Evacuation             35555 us
[2026-04-03T02:01:34.073+0600][17.723s][info][gc,stats    ] Pause Init Update Refs (G)          460 us
[2026-04-03T02:01:34.073+0600][17.723s][info][gc,stats    ] Pause Init Update Refs (N)          176 us
[2026-04-03T02:01:34.073+0600][17.723s][info][gc,stats    ]   Manage GCLABs                      19 us
[2026-04-03T02:01:34.073+0600][17.723s][info][gc,stats    ] Concurrent Update Refs            70606 us
[2026-04-03T02:01:34.073+0600][17.723s][info][gc,stats    ] Concurrent Update Thread Roots     1249 us
[2026-04-03T02:01:34.073+0600][17.723s][info][gc,stats    ] Pause Final Update Refs (G)         697 us
[2026-04-03T02:01:34.073+0600][17.723s][info][gc,stats    ] Pause Final Update Refs (N)         328 us
[2026-04-03T02:01:34.073+0600][17.723s][info][gc,stats    ]   Update Region States               76 us
[2026-04-03T02:01:34.073+0600][17.723s][info][gc,stats    ]   Trash Collection Set               18 us
[2026-04-03T02:01:34.073+0600][17.723s][info][gc,stats    ]   Rebuild Free Set                   48 us
[2026-04-03T02:01:34.073+0600][17.723s][info][gc,stats    ] Concurrent Cleanup                  426 us
[2026-04-03T02:01:34.073+0600][17.723s][info][gc,stats    ] 
[2026-04-03T02:01:34.073+0600][17.723s][info][gc,stats    ] Allocation pacing accrued:
[2026-04-03T02:01:34.073+0600][17.723s][info][gc,stats    ]       0 of   679 ms (  0.0%): <total>
[2026-04-03T02:01:34.073+0600][17.723s][info][gc,stats    ]       0 of   679 ms (  0.0%): <average total>
[2026-04-03T02:01:34.073+0600][17.723s][info][gc,stats    ] 
[2026-04-03T02:01:34.073+0600][17.723s][info][gc,metaspace] Metaspace: 63781K(64640K)->64013K(64832K) NonClass: 55727K(56192K)->55907K(56384K) Class: 8053K(8448K)->8105K(8448K)
[2026-04-03T02:01:34.073+0600][17.723s][info][gc,ergo     ] Pacer for Idle. Initial: 30720K, Alloc Tax Rate: 1.0x
[2026-04-03T02:01:34.401+0600][18.051s][info][gc          ] Trigger: Learning 5 of 5. Free (1049M) is below initial threshold (1050M)
[2026-04-03T02:01:34.401+0600][18.051s][info][gc,ergo     ] Free: 1049M, Max: 512K regular, 1044M humongous, Frag: 1% external, 0% internal; Reserve: 76800K, Max: 512K
[2026-04-03T02:01:34.401+0600][18.052s][info][gc,start    ] GC(9) Concurrent reset
[2026-04-03T02:01:34.401+0600][18.052s][info][gc,task     ] GC(9) Using 3 of 6 workers for concurrent reset
[2026-04-03T02:01:34.401+0600][18.052s][info][gc,ergo     ] GC(9) Pacer for Reset. Non-Taxable: 1500M
[2026-04-03T02:01:34.402+0600][18.053s][info][gc          ] GC(9) Concurrent reset 1.266ms
[2026-04-03T02:01:34.402+0600][18.053s][info][gc,start    ] GC(9) Pause Init Mark (unload classes)
[2026-04-03T02:01:34.403+0600][18.053s][info][gc,task     ] GC(9) Using 6 of 6 workers for init marking
[2026-04-03T02:01:34.403+0600][18.053s][info][gc,ergo     ] GC(9) Pacer for Mark. Expected Live: 73612K, Free: 1048M, Non-Taxable: 104M, Alloc Tax Rate: 0.1x
[2026-04-03T02:01:34.403+0600][18.053s][info][gc          ] GC(9) Pause Init Mark (unload classes) 0.134ms
[2026-04-03T02:01:34.403+0600][18.053s][info][gc,start    ] GC(9) Concurrent marking roots
[2026-04-03T02:01:34.403+0600][18.053s][info][gc,task     ] GC(9) Using 3 of 6 workers for concurrent marking roots
[2026-04-03T02:01:34.403+0600][18.054s][info][gc          ] GC(9) Concurrent marking roots 0.718ms
[2026-04-03T02:01:34.403+0600][18.054s][info][gc,start    ] GC(9) Concurrent marking (unload classes)
[2026-04-03T02:01:34.403+0600][18.054s][info][gc,task     ] GC(9) Using 3 of 6 workers for concurrent marking
[2026-04-03T02:01:34.485+0600][18.136s][info][gc          ] GC(9) Concurrent marking (unload classes) 81.568ms
[2026-04-03T02:01:34.485+0600][18.136s][info][gc,start    ] GC(9) Pause Final Mark (unload classes)
[2026-04-03T02:01:34.485+0600][18.136s][info][gc,task     ] GC(9) Using 6 of 6 workers for final marking
[2026-04-03T02:01:34.486+0600][18.136s][info][gc,ergo     ] GC(9) Adaptive CSet Selection. Target Free: 212M, Actual Free: 1053M, Max CSet: 64000K, Min Garbage: 0B
[2026-04-03T02:01:34.486+0600][18.137s][info][gc,ergo     ] GC(9) Collectable Garbage: 254M (98%), Immediate: 3072K (1%), CSet: 251M (97%)
[2026-04-03T02:01:34.486+0600][18.137s][info][gc,ergo     ] GC(9) Pacer for Evacuation. Used CSet: 266M, Free: 979M, Non-Taxable: 100282K, Alloc Tax Rate: 1.1x
[2026-04-03T02:01:34.486+0600][18.137s][info][gc          ] GC(9) Pause Final Mark (unload classes) 0.877ms
[2026-04-03T02:01:34.486+0600][18.137s][info][gc,start    ] GC(9) Concurrent thread roots
[2026-04-03T02:01:34.486+0600][18.137s][info][gc,task     ] GC(9) Using 3 of 6 workers for Concurrent thread roots
[2026-04-03T02:01:34.487+0600][18.137s][info][gc          ] GC(9) Concurrent thread roots 0.562ms
[2026-04-03T02:01:34.487+0600][18.137s][info][gc,start    ] GC(9) Concurrent weak references
[2026-04-03T02:01:34.487+0600][18.137s][info][gc,task     ] GC(9) Using 3 of 6 workers for concurrent weak references
[2026-04-03T02:01:34.487+0600][18.138s][info][gc,ref      ] GC(9) Encountered references: Soft: 3150, Weak: 5334, Final: 82, Phantom: 594
[2026-04-03T02:01:34.487+0600][18.138s][info][gc,ref      ] GC(9) Discovered  references: Soft: 0, Weak: 925, Final: 0, Phantom: 591
[2026-04-03T02:01:34.487+0600][18.138s][info][gc,ref      ] GC(9) Enqueued    references: Soft: 0, Weak: 44, Final: 0, Phantom: 0
[2026-04-03T02:01:34.487+0600][18.138s][info][gc          ] GC(9) Concurrent weak references 0.278ms
[2026-04-03T02:01:34.487+0600][18.138s][info][gc,start    ] GC(9) Concurrent weak roots
[2026-04-03T02:01:34.487+0600][18.138s][info][gc,task     ] GC(9) Using 3 of 6 workers for concurrent weak root
[2026-04-03T02:01:34.489+0600][18.140s][info][gc          ] GC(9) Concurrent weak roots 2.028ms
[2026-04-03T02:01:34.489+0600][18.140s][info][gc,start    ] GC(9) Concurrent cleanup
[2026-04-03T02:01:34.490+0600][18.140s][info][gc          ] GC(9) Concurrent cleanup 447M->445M(525M) 0.656ms
[2026-04-03T02:01:34.490+0600][18.140s][info][gc,ergo     ] GC(9) Free: 976M, Max: 512K regular, 973M humongous, Frag: 1% external, 0% internal; Reserve: 76773K, Max: 512K
[2026-04-03T02:01:34.490+0600][18.140s][info][gc,start    ] GC(9) Concurrent class unloading
[2026-04-03T02:01:34.490+0600][18.140s][info][gc,task     ] GC(9) Using 3 of 6 workers for concurrent class unloading
[2026-04-03T02:01:34.496+0600][18.146s][info][gc          ] GC(9) Concurrent class unloading 5.759ms
[2026-04-03T02:01:34.496+0600][18.146s][info][gc,start    ] GC(9) Concurrent strong roots
[2026-04-03T02:01:34.496+0600][18.146s][info][gc,task     ] GC(9) Using 3 of 6 workers for concurrent strong root
[2026-04-03T02:01:34.497+0600][18.147s][info][gc          ] GC(9) Concurrent strong roots 0.747ms
[2026-04-03T02:01:34.497+0600][18.147s][info][gc,start    ] GC(9) Concurrent evacuation
[2026-04-03T02:01:34.497+0600][18.147s][info][gc,task     ] GC(9) Using 3 of 6 workers for concurrent evacuation
[2026-04-03T02:01:34.515+0600][18.166s][info][gc          ] GC(9) Concurrent evacuation 18.564ms
[2026-04-03T02:01:34.515+0600][18.166s][info][gc,start    ] GC(9) Pause Init Update Refs
[2026-04-03T02:01:34.516+0600][18.166s][info][gc,ergo     ] GC(9) Pacer for Update Refs. Used: 482M, Free: 955M, Non-Taxable: 97887K, Alloc Tax Rate: 1.1x
[2026-04-03T02:01:34.516+0600][18.166s][info][gc          ] GC(9) Pause Init Update Refs 0.110ms
[2026-04-03T02:01:34.516+0600][18.166s][info][gc,start    ] GC(9) Concurrent update references
[2026-04-03T02:01:34.516+0600][18.166s][info][gc,task     ] GC(9) Using 3 of 6 workers for concurrent reference update
[2026-04-03T02:01:34.593+0600][18.244s][info][gc          ] GC(9) Concurrent update references 77.743ms
[2026-04-03T02:01:34.593+0600][18.244s][info][gc,start    ] GC(9) Concurrent update thread roots
[2026-04-03T02:01:34.594+0600][18.245s][info][gc          ] GC(9) Concurrent update thread roots 0.593ms
[2026-04-03T02:01:34.594+0600][18.245s][info][gc,start    ] GC(9) Pause Final Update Refs
[2026-04-03T02:01:34.594+0600][18.245s][info][gc,task     ] GC(9) Using 6 of 6 workers for final reference update
[2026-04-03T02:01:34.594+0600][18.245s][info][gc          ] GC(9) Pause Final Update Refs 0.149ms
[2026-04-03T02:01:34.594+0600][18.245s][info][gc,start    ] GC(9) Concurrent cleanup
[2026-04-03T02:01:34.595+0600][18.246s][info][gc          ] GC(9) Concurrent cleanup 533M->267M(539M) 0.617ms
[2026-04-03T02:01:34.595+0600][18.246s][info][gc,ergo     ] Free: 1155M, Max: 512K regular, 889M humongous, Frag: 23% external, 0% internal; Reserve: 76800K, Max: 512K
[2026-04-03T02:01:34.595+0600][18.246s][info][gc,stats    ] 
[2026-04-03T02:01:34.595+0600][18.246s][info][gc,stats    ] All times are wall-clock times, except per-root-class counters, that are sum over
[2026-04-03T02:01:34.595+0600][18.246s][info][gc,stats    ] all workers. Dividing the <total> over the root stage time estimates parallelism.
[2026-04-03T02:01:34.595+0600][18.246s][info][gc,stats    ] 
[2026-04-03T02:01:34.595+0600][18.246s][info][gc,stats    ] Concurrent Reset                   1330 us
[2026-04-03T02:01:34.595+0600][18.246s][info][gc,stats    ] Pause Init Mark (G)                 290 us
[2026-04-03T02:01:34.595+0600][18.246s][info][gc,stats    ] Pause Init Mark (N)                 146 us
[2026-04-03T02:01:34.595+0600][18.246s][info][gc,stats    ]   Update Region States               28 us
[2026-04-03T02:01:34.595+0600][18.246s][info][gc,stats    ] Concurrent Mark Roots               773 us, parallelism: 1.64x
[2026-04-03T02:01:34.595+0600][18.246s][info][gc,stats    ]   CMR: <total>                     1267 us
[2026-04-03T02:01:34.595+0600][18.246s][info][gc,stats    ]   CMR: Thread Roots                 945 us, workers (us): 417, 122, 406, ---, ---, ---, 
[2026-04-03T02:01:34.595+0600][18.246s][info][gc,stats    ]   CMR: VM Strong Roots               29 us, workers (us):  17,  12,   1, ---, ---, ---, 
[2026-04-03T02:01:34.595+0600][18.246s][info][gc,stats    ]   CMR: CLDG Roots                   293 us, workers (us): ---, 293, ---, ---, ---, ---, 
[2026-04-03T02:01:34.595+0600][18.246s][info][gc,stats    ] Concurrent Marking                81663 us
[2026-04-03T02:01:34.595+0600][18.246s][info][gc,stats    ] Pause Final Mark (G)               1167 us
[2026-04-03T02:01:34.595+0600][18.246s][info][gc,stats    ] Pause Final Mark (N)                891 us
[2026-04-03T02:01:34.595+0600][18.246s][info][gc,stats    ]   Finish Mark                       205 us
[2026-04-03T02:01:34.595+0600][18.246s][info][gc,stats    ]   Update Region States              102 us
[2026-04-03T02:01:34.595+0600][18.246s][info][gc,stats    ]   Choose Collection Set             415 us
[2026-04-03T02:01:34.595+0600][18.246s][info][gc,stats    ]   Rebuild Free Set                   35 us
[2026-04-03T02:01:34.595+0600][18.246s][info][gc,stats    ] Concurrent Thread Roots             591 us, parallelism: 1.85x
[2026-04-03T02:01:34.595+0600][18.246s][info][gc,stats    ]   CTR: <total>                     1095 us
[2026-04-03T02:01:34.595+0600][18.246s][info][gc,stats    ]   CTR: Thread Roots                1095 us, workers (us): 390, 354, 352, ---, ---, ---, 
[2026-04-03T02:01:34.595+0600][18.246s][info][gc,stats    ] Concurrent Weak References          286 us, parallelism: 0.99x
[2026-04-03T02:01:34.595+0600][18.246s][info][gc,stats    ]   CWRF: <total>                     283 us
[2026-04-03T02:01:34.595+0600][18.246s][info][gc,stats    ]   CWRF: Weak References             283 us, workers (us): 180,   2, 101, ---, ---, ---, 
[2026-04-03T02:01:34.595+0600][18.246s][info][gc,stats    ] Concurrent Weak Roots              2105 us
[2026-04-03T02:01:34.595+0600][18.246s][info][gc,stats    ]   Roots                            1802 us, parallelism: 2.50x
[2026-04-03T02:01:34.595+0600][18.246s][info][gc,stats    ]     CWR: <total>                   4498 us
[2026-04-03T02:01:34.595+0600][18.246s][info][gc,stats    ]     CWR: Code Cache Roots          2692 us, workers (us): 872, 858, 962, ---, ---, ---, 
[2026-04-03T02:01:34.595+0600][18.246s][info][gc,stats    ]     CWR: VM Weak Roots             1748 us, workers (us): 586, 580, 583, ---, ---, ---, 
[2026-04-03T02:01:34.595+0600][18.246s][info][gc,stats    ]     CWR: CLDG Roots                  57 us, workers (us):  57, ---, ---, ---, ---, ---, 
[2026-04-03T02:01:34.595+0600][18.246s][info][gc,stats    ]   Rendezvous                        201 us
[2026-04-03T02:01:34.595+0600][18.246s][info][gc,stats    ] Concurrent Cleanup                  681 us
[2026-04-03T02:01:34.595+0600][18.246s][info][gc,stats    ] Concurrent Class Unloading         5847 us
[2026-04-03T02:01:34.595+0600][18.246s][info][gc,stats    ]   Unlink Stale                     5062 us
[2026-04-03T02:01:34.595+0600][18.246s][info][gc,stats    ]     System Dictionary               144 us
[2026-04-03T02:01:34.595+0600][18.246s][info][gc,stats    ]     Weak Class Links                  1 us
[2026-04-03T02:01:34.595+0600][18.246s][info][gc,stats    ]     Code Roots                     4914 us
[2026-04-03T02:01:34.595+0600][18.246s][info][gc,stats    ]   Rendezvous                        292 us
[2026-04-03T02:01:34.595+0600][18.246s][info][gc,stats    ]   Purge Unlinked                    343 us
[2026-04-03T02:01:34.596+0600][18.246s][info][gc,stats    ]     Code Roots                      330 us
[2026-04-03T02:01:34.596+0600][18.246s][info][gc,stats    ]     CLDG                             12 us
[2026-04-03T02:01:34.596+0600][18.246s][info][gc,stats    ]     Exception Caches                  1 us
[2026-04-03T02:01:34.596+0600][18.246s][info][gc,stats    ] Concurrent Strong Roots             819 us, parallelism: 0.53x
[2026-04-03T02:01:34.596+0600][18.246s][info][gc,stats    ]   CSR: <total>                      431 us
[2026-04-03T02:01:34.596+0600][18.246s][info][gc,stats    ]   CSR: VM Strong Roots               30 us, workers (us):  27,   1,   1, ---, ---, ---, 
[2026-04-03T02:01:34.596+0600][18.246s][info][gc,stats    ]   CSR: CLDG Roots                   401 us, workers (us): 401, ---, ---, ---, ---, ---, 
[2026-04-03T02:01:34.596+0600][18.246s][info][gc,stats    ] Concurrent Evacuation             18653 us
[2026-04-03T02:01:34.596+0600][18.246s][info][gc,stats    ] Pause Init Update Refs (G)          355 us
[2026-04-03T02:01:34.596+0600][18.246s][info][gc,stats    ] Pause Init Update Refs (N)          124 us
[2026-04-03T02:01:34.596+0600][18.246s][info][gc,stats    ]   Manage GCLABs                      13 us
[2026-04-03T02:01:34.596+0600][18.246s][info][gc,stats    ] Concurrent Update Refs            77836 us
[2026-04-03T02:01:34.596+0600][18.246s][info][gc,stats    ] Concurrent Update Thread Roots      649 us
[2026-04-03T02:01:34.596+0600][18.246s][info][gc,stats    ] Pause Final Update Refs (G)         330 us
[2026-04-03T02:01:34.596+0600][18.246s][info][gc,stats    ] Pause Final Update Refs (N)         167 us
[2026-04-03T02:01:34.596+0600][18.246s][info][gc,stats    ]   Update Region States               56 us
[2026-04-03T02:01:34.596+0600][18.246s][info][gc,stats    ]   Trash Collection Set               11 us
[2026-04-03T02:01:34.596+0600][18.246s][info][gc,stats    ]   Rebuild Free Set                   34 us
[2026-04-03T02:01:34.596+0600][18.246s][info][gc,stats    ] Concurrent Cleanup                  634 us
[2026-04-03T02:01:34.596+0600][18.246s][info][gc,stats    ] 
[2026-04-03T02:01:34.596+0600][18.246s][info][gc,stats    ] Allocation pacing accrued:
[2026-04-03T02:01:34.596+0600][18.246s][info][gc,stats    ]       0 of   523 ms (  0.0%): <total>
[2026-04-03T02:01:34.596+0600][18.246s][info][gc,stats    ]       0 of   523 ms (  0.0%): <average total>
[2026-04-03T02:01:34.596+0600][18.246s][info][gc,stats    ] 
[2026-04-03T02:01:34.596+0600][18.246s][info][gc,metaspace] Metaspace: 64024K(64832K)->64030K(64832K) NonClass: 55918K(56384K)->55924K(56384K) Class: 8105K(8448K)->8105K(8448K)
[2026-04-03T02:01:34.596+0600][18.246s][info][gc,ergo     ] Pacer for Idle. Initial: 30720K, Alloc Tax Rate: 1.0x
[2026-04-03T02:01:35.418+0600][19.069s][info][gc          ] Trigger: Average GC time (258.12 ms) is above the time for average allocation rate (830 MB/s) to deplete free headroom (213M) (margin of error = 1.80)
[2026-04-03T02:01:35.419+0600][19.069s][info][gc,ergo     ] Free headroom: 288M (free) - 76800K (spike) - 0B (penalties) = 213M
[2026-04-03T02:01:35.419+0600][19.069s][info][gc,ergo     ] Free: 288M, Max: 512K regular, 288M humongous, Frag: 0% external, 0% internal; Reserve: 76800K, Max: 512K
[2026-04-03T02:01:35.419+0600][19.069s][info][gc,start    ] GC(10) Concurrent reset
[2026-04-03T02:01:35.419+0600][19.069s][info][gc,task     ] GC(10) Using 3 of 6 workers for concurrent reset
[2026-04-03T02:01:35.419+0600][19.069s][info][gc,ergo     ] GC(10) Pacer for Reset. Non-Taxable: 1500M
[2026-04-03T02:01:35.420+0600][19.070s][info][gc          ] GC(10) Concurrent reset 1.116ms
[2026-04-03T02:01:35.420+0600][19.070s][info][gc,start    ] GC(10) Pause Init Mark (unload classes)
[2026-04-03T02:01:35.420+0600][19.070s][info][gc,task     ] GC(10) Using 6 of 6 workers for init marking
[2026-04-03T02:01:35.420+0600][19.071s][info][gc,ergo     ] GC(10) Pacer for Mark. Expected Live: 76996K, Free: 287M, Non-Taxable: 29432K, Alloc Tax Rate: 0.3x
[2026-04-03T02:01:35.420+0600][19.071s][info][gc          ] GC(10) Pause Init Mark (unload classes) 0.102ms
[2026-04-03T02:01:35.420+0600][19.071s][info][gc,start    ] GC(10) Concurrent marking roots
[2026-04-03T02:01:35.420+0600][19.071s][info][gc,task     ] GC(10) Using 3 of 6 workers for concurrent marking roots
[2026-04-03T02:01:35.421+0600][19.071s][info][gc          ] GC(10) Concurrent marking roots 0.682ms
[2026-04-03T02:01:35.421+0600][19.071s][info][gc,start    ] GC(10) Concurrent marking (unload classes)
[2026-04-03T02:01:35.421+0600][19.071s][info][gc,task     ] GC(10) Using 3 of 6 workers for concurrent marking
[2026-04-03T02:01:35.518+0600][19.168s][info][gc          ] GC(10) Concurrent marking (unload classes) 96.744ms
[2026-04-03T02:01:35.518+0600][19.168s][info][gc,start    ] GC(10) Pause Final Mark (unload classes)
[2026-04-03T02:01:35.518+0600][19.168s][info][gc,task     ] GC(10) Using 6 of 6 workers for final marking
[2026-04-03T02:01:35.518+0600][19.169s][info][gc,ergo     ] GC(10) Adaptive CSet Selection. Target Free: 212M, Actual Free: 302M, Max CSet: 64000K, Min Garbage: 0B
[2026-04-03T02:01:35.518+0600][19.169s][info][gc,ergo     ] GC(10) Collectable Garbage: 963M (99%), Immediate: 8192K (0%), CSet: 955M (98%)
[2026-04-03T02:01:35.518+0600][19.169s][info][gc,ergo     ] GC(10) Pacer for Evacuation. Used CSet: 1004M, Free: 228M, Non-Taxable: 23431K, Alloc Tax Rate: 10.7x
[2026-04-03T02:01:35.518+0600][19.169s][info][gc          ] GC(10) Pause Final Mark (unload classes) 0.765ms
[2026-04-03T02:01:35.518+0600][19.169s][info][gc,start    ] GC(10) Concurrent thread roots
[2026-04-03T02:01:35.518+0600][19.169s][info][gc,task     ] GC(10) Using 3 of 6 workers for Concurrent thread roots
[2026-04-03T02:01:35.519+0600][19.169s][info][gc          ] GC(10) Concurrent thread roots 0.478ms
[2026-04-03T02:01:35.519+0600][19.169s][info][gc,start    ] GC(10) Concurrent weak references
[2026-04-03T02:01:35.519+0600][19.169s][info][gc,task     ] GC(10) Using 3 of 6 workers for concurrent weak references
[2026-04-03T02:01:35.519+0600][19.170s][info][gc,ref      ] GC(10) Encountered references: Soft: 3150, Weak: 5290, Final: 82, Phantom: 594
[2026-04-03T02:01:35.519+0600][19.170s][info][gc,ref      ] GC(10) Discovered  references: Soft: 0, Weak: 517, Final: 0, Phantom: 591
[2026-04-03T02:01:35.519+0600][19.170s][info][gc,ref      ] GC(10) Enqueued    references: Soft: 0, Weak: 0, Final: 0, Phantom: 0
[2026-04-03T02:01:35.519+0600][19.170s][info][gc          ] GC(10) Concurrent weak references 0.303ms
[2026-04-03T02:01:35.519+0600][19.170s][info][gc,start    ] GC(10) Concurrent weak roots
[2026-04-03T02:01:35.519+0600][19.170s][info][gc,task     ] GC(10) Using 3 of 6 workers for concurrent weak root
[2026-04-03T02:01:35.521+0600][19.171s][info][gc          ] GC(10) Concurrent weak roots 1.421ms
[2026-04-03T02:01:35.521+0600][19.171s][info][gc,start    ] GC(10) Concurrent cleanup
[2026-04-03T02:01:35.521+0600][19.171s][info][gc          ] GC(10) Concurrent cleanup 1204M->1196M(1209M) 0.192ms
[2026-04-03T02:01:35.521+0600][19.172s][info][gc,ergo     ] GC(10) Free: 226M, Max: 512K regular, 217M humongous, Frag: 4% external, 0% internal; Reserve: 76789K, Max: 512K
[2026-04-03T02:01:35.521+0600][19.172s][info][gc,start    ] GC(10) Concurrent class unloading
[2026-04-03T02:01:35.521+0600][19.172s][info][gc,task     ] GC(10) Using 3 of 6 workers for concurrent class unloading
[2026-04-03T02:01:35.525+0600][19.176s][info][gc          ] GC(10) Concurrent class unloading 4.411ms
[2026-04-03T02:01:35.525+0600][19.176s][info][gc,start    ] GC(10) Concurrent strong roots
[2026-04-03T02:01:35.526+0600][19.176s][info][gc,task     ] GC(10) Using 3 of 6 workers for concurrent strong root
[2026-04-03T02:01:35.526+0600][19.177s][info][gc          ] GC(10) Concurrent strong roots 0.599ms
[2026-04-03T02:01:35.526+0600][19.177s][info][gc,start    ] GC(10) Concurrent evacuation
[2026-04-03T02:01:35.526+0600][19.177s][info][gc,task     ] GC(10) Using 3 of 6 workers for concurrent evacuation
[2026-04-03T02:01:35.568+0600][19.219s][info][gc          ] GC(10) Concurrent evacuation 42.338ms
[2026-04-03T02:01:35.569+0600][19.219s][info][gc,start    ] GC(10) Pause Init Update Refs
[2026-04-03T02:01:35.569+0600][19.219s][info][gc,ergo     ] GC(10) Pacer for Update Refs. Used: 1293M, Free: 178M, Non-Taxable: 18311K, Alloc Tax Rate: 8.8x
[2026-04-03T02:01:35.569+0600][19.219s][info][gc          ] GC(10) Pause Init Update Refs 0.102ms
[2026-04-03T02:01:35.569+0600][19.219s][info][gc,start    ] GC(10) Concurrent update references
[2026-04-03T02:01:35.569+0600][19.219s][info][gc,task     ] GC(10) Using 3 of 6 workers for concurrent reference update
[2026-04-03T02:01:35.698+0600][19.348s][info][gc          ] GC(10) Concurrent update references 128.956ms
[2026-04-03T02:01:35.698+0600][19.348s][info][gc,start    ] GC(10) Concurrent update thread roots
[2026-04-03T02:01:35.699+0600][19.349s][info][gc          ] GC(10) Concurrent update thread roots 0.650ms
[2026-04-03T02:01:35.699+0600][19.349s][info][gc,start    ] GC(10) Pause Final Update Refs
[2026-04-03T02:01:35.699+0600][19.350s][info][gc,task     ] GC(10) Using 6 of 6 workers for final reference update
[2026-04-03T02:01:35.699+0600][19.350s][info][gc          ] GC(10) Pause Final Update Refs 0.261ms
[2026-04-03T02:01:35.699+0600][19.350s][info][gc,start    ] GC(10) Concurrent cleanup
[2026-04-03T02:01:35.700+0600][19.351s][info][gc          ] GC(10) Concurrent cleanup 1318M->313M(1321M) 0.759ms
[2026-04-03T02:01:35.700+0600][19.351s][info][gc,ergo     ] Free: 1108M, Max: 512K regular, 334M humongous, Frag: 70% external, 0% internal; Reserve: 76800K, Max: 512K
[2026-04-03T02:01:35.700+0600][19.351s][info][gc,stats    ] 
[2026-04-03T02:01:35.700+0600][19.351s][info][gc,stats    ] All times are wall-clock times, except per-root-class counters, that are sum over
[2026-04-03T02:01:35.700+0600][19.351s][info][gc,stats    ] all workers. Dividing the <total> over the root stage time estimates parallelism.
[2026-04-03T02:01:35.700+0600][19.351s][info][gc,stats    ] 
[2026-04-03T02:01:35.700+0600][19.351s][info][gc,stats    ] Concurrent Reset                   1158 us
[2026-04-03T02:01:35.700+0600][19.351s][info][gc,stats    ] Pause Init Mark (G)                 314 us
[2026-04-03T02:01:35.700+0600][19.351s][info][gc,stats    ] Pause Init Mark (N)                 109 us
[2026-04-03T02:01:35.700+0600][19.351s][info][gc,stats    ]   Update Region States               23 us
[2026-04-03T02:01:35.700+0600][19.351s][info][gc,stats    ] Concurrent Mark Roots               709 us, parallelism: 1.58x
[2026-04-03T02:01:35.700+0600][19.351s][info][gc,stats    ]   CMR: <total>                     1121 us
[2026-04-03T02:01:35.700+0600][19.351s][info][gc,stats    ]   CMR: Thread Roots                 845 us, workers (us): 138, 389, 318, ---, ---, ---, 
[2026-04-03T02:01:35.700+0600][19.351s][info][gc,stats    ]   CMR: VM Strong Roots               22 us, workers (us):  14,   8,   1, ---, ---, ---, 
[2026-04-03T02:01:35.700+0600][19.351s][info][gc,stats    ]   CMR: CLDG Roots                   254 us, workers (us): 254, ---, ---, ---, ---, ---, 
[2026-04-03T02:01:35.700+0600][19.351s][info][gc,stats    ] Concurrent Marking                96816 us
[2026-04-03T02:01:35.700+0600][19.351s][info][gc,stats    ] Pause Final Mark (G)                829 us
[2026-04-03T02:01:35.700+0600][19.351s][info][gc,stats    ] Pause Final Mark (N)                775 us
[2026-04-03T02:01:35.700+0600][19.351s][info][gc,stats    ]   Finish Mark                       197 us
[2026-04-03T02:01:35.700+0600][19.351s][info][gc,stats    ]   Update Region States               33 us
[2026-04-03T02:01:35.700+0600][19.351s][info][gc,stats    ]   Choose Collection Set             404 us
[2026-04-03T02:01:35.700+0600][19.351s][info][gc,stats    ]   Rebuild Free Set                   20 us
[2026-04-03T02:01:35.701+0600][19.351s][info][gc,stats    ] Concurrent Thread Roots             515 us, parallelism: 1.74x
[2026-04-03T02:01:35.701+0600][19.351s][info][gc,stats    ]   CTR: <total>                      894 us
[2026-04-03T02:01:35.701+0600][19.351s][info][gc,stats    ]   CTR: Thread Roots                 894 us, workers (us): 312, 290, 291, ---, ---, ---, 
[2026-04-03T02:01:35.701+0600][19.351s][info][gc,stats    ] Concurrent Weak References          315 us, parallelism: 0.41x
[2026-04-03T02:01:35.701+0600][19.351s][info][gc,stats    ]   CWRF: <total>                     130 us
[2026-04-03T02:01:35.701+0600][19.351s][info][gc,stats    ]   CWRF: Weak References             130 us, workers (us):  58,  64,   8, ---, ---, ---, 
[2026-04-03T02:01:35.701+0600][19.351s][info][gc,stats    ] Concurrent Weak Roots              1483 us
[2026-04-03T02:01:35.701+0600][19.351s][info][gc,stats    ]   Roots                            1286 us, parallelism: 2.35x
[2026-04-03T02:01:35.701+0600][19.351s][info][gc,stats    ]     CWR: <total>                   3018 us
[2026-04-03T02:01:35.701+0600][19.351s][info][gc,stats    ]     CWR: Code Cache Roots          1812 us, workers (us): 630, 540, 641, ---, ---, ---, 
[2026-04-03T02:01:35.701+0600][19.351s][info][gc,stats    ]     CWR: VM Weak Roots             1120 us, workers (us): 396, 385, 339, ---, ---, ---, 
[2026-04-03T02:01:35.701+0600][19.351s][info][gc,stats    ]     CWR: CLDG Roots                  85 us, workers (us): ---,  85, ---, ---, ---, ---, 
[2026-04-03T02:01:35.701+0600][19.351s][info][gc,stats    ]   Rendezvous                        108 us
[2026-04-03T02:01:35.701+0600][19.351s][info][gc,stats    ] Concurrent Cleanup                  212 us
[2026-04-03T02:01:35.701+0600][19.351s][info][gc,stats    ] Concurrent Class Unloading         4476 us
[2026-04-03T02:01:35.701+0600][19.351s][info][gc,stats    ]   Unlink Stale                     3335 us
[2026-04-03T02:01:35.701+0600][19.351s][info][gc,stats    ]     System Dictionary                71 us
[2026-04-03T02:01:35.701+0600][19.351s][info][gc,stats    ]     Weak Class Links                  0 us
[2026-04-03T02:01:35.701+0600][19.351s][info][gc,stats    ]     Code Roots                     3260 us
[2026-04-03T02:01:35.701+0600][19.351s][info][gc,stats    ]   Rendezvous                        106 us
[2026-04-03T02:01:35.701+0600][19.351s][info][gc,stats    ]   Purge Unlinked                    942 us
[2026-04-03T02:01:35.701+0600][19.351s][info][gc,stats    ]     Code Roots                      933 us
[2026-04-03T02:01:35.701+0600][19.351s][info][gc,stats    ]     CLDG                              8 us
[2026-04-03T02:01:35.701+0600][19.351s][info][gc,stats    ]     Exception Caches                  0 us
[2026-04-03T02:01:35.701+0600][19.351s][info][gc,stats    ] Concurrent Strong Roots             642 us, parallelism: 0.50x
[2026-04-03T02:01:35.701+0600][19.351s][info][gc,stats    ]   CSR: <total>                      321 us
[2026-04-03T02:01:35.701+0600][19.351s][info][gc,stats    ]   CSR: VM Strong Roots               17 us, workers (us):  11,   6,   0, ---, ---, ---, 
[2026-04-03T02:01:35.701+0600][19.351s][info][gc,stats    ]   CSR: CLDG Roots                   304 us, workers (us): 304, ---, ---, ---, ---, ---, 
[2026-04-03T02:01:35.701+0600][19.351s][info][gc,stats    ] Concurrent Evacuation             42424 us
[2026-04-03T02:01:35.701+0600][19.351s][info][gc,stats    ] Pause Init Update Refs (G)          343 us
[2026-04-03T02:01:35.701+0600][19.351s][info][gc,stats    ] Pause Init Update Refs (N)          114 us
[2026-04-03T02:01:35.701+0600][19.351s][info][gc,stats    ]   Manage GCLABs                      18 us
[2026-04-03T02:01:35.701+0600][19.351s][info][gc,stats    ] Concurrent Update Refs           129065 us
[2026-04-03T02:01:35.701+0600][19.351s][info][gc,stats    ] Concurrent Update Thread Roots      708 us
[2026-04-03T02:01:35.701+0600][19.351s][info][gc,stats    ] Pause Final Update Refs (G)         566 us
[2026-04-03T02:01:35.701+0600][19.352s][info][gc,stats    ] Pause Final Update Refs (N)         277 us
[2026-04-03T02:01:35.701+0600][19.352s][info][gc,stats    ]   Update Region States               69 us
[2026-04-03T02:01:35.701+0600][19.352s][info][gc,stats    ]   Trash Collection Set               29 us
[2026-04-03T02:01:35.701+0600][19.352s][info][gc,stats    ]   Rebuild Free Set                   38 us
[2026-04-03T02:01:35.701+0600][19.352s][info][gc,stats    ] Concurrent Cleanup                  801 us
[2026-04-03T02:01:35.701+0600][19.352s][info][gc,stats    ] Pacing                            76358 us
[2026-04-03T02:01:35.701+0600][19.352s][info][gc,stats    ] 
[2026-04-03T02:01:35.701+0600][19.352s][info][gc,stats    ] Allocation pacing accrued:
[2026-04-03T02:01:35.701+0600][19.352s][info][gc,stats    ]      10 of  1105 ms (  0.9%): Spark Context Cleaner
[2026-04-03T02:01:35.701+0600][19.352s][info][gc,stats    ]      33 of  1105 ms (  3.0%): Executor task launch worker for task 0.0 in stage 1.0 (TID 1)
[2026-04-03T02:01:35.701+0600][19.352s][info][gc,stats    ]      33 of  1105 ms (  3.0%): Executor task launch worker for task 1.0 in stage 1.0 (TID 2)
[2026-04-03T02:01:35.701+0600][19.352s][info][gc,stats    ]      76 of  1105 ms (  6.9%): <total>
[2026-04-03T02:01:35.701+0600][19.352s][info][gc,stats    ]       1 of  1105 ms (  0.1%): <average total>
[2026-04-03T02:01:35.701+0600][19.352s][info][gc,stats    ]      25 of  1105 ms (  2.3%): <average non-zero>
[2026-04-03T02:01:35.701+0600][19.352s][info][gc,stats    ] 
[2026-04-03T02:01:35.701+0600][19.352s][info][gc,metaspace] Metaspace: 64061K(64896K)->64134K(64960K) NonClass: 55952K(56384K)->56014K(56448K) Class: 8108K(8512K)->8120K(8512K)
[2026-04-03T02:01:35.701+0600][19.352s][info][gc,ergo     ] Pacer for Idle. Initial: 30720K, Alloc Tax Rate: 1.0x
[2026-04-03T02:01:36.651+0600][20.301s][info][gc          ] Trigger: Explicit GC request (System.gc())
[2026-04-03T02:01:36.651+0600][20.302s][info][gc,ergo     ] Free: 455M, Max: 512K regular, 334M humongous, Frag: 27% external, 0% internal; Reserve: 76800K, Max: 512K
[2026-04-03T02:01:36.651+0600][20.302s][info][gc,start    ] GC(11) Concurrent reset
[2026-04-03T02:01:36.651+0600][20.302s][info][gc,task     ] GC(11) Using 3 of 6 workers for concurrent reset
[2026-04-03T02:01:36.651+0600][20.302s][info][gc,ergo     ] GC(11) Pacer for Reset. Non-Taxable: 1500M
[2026-04-03T02:01:36.658+0600][20.309s][info][gc          ] GC(11) Concurrent reset 7.205ms
[2026-04-03T02:01:36.659+0600][20.309s][info][gc,start    ] GC(11) Pause Init Mark (unload classes)
[2026-04-03T02:01:36.659+0600][20.309s][info][gc,task     ] GC(11) Using 6 of 6 workers for init marking
[2026-04-03T02:01:36.659+0600][20.309s][info][gc,ref      ] GC(11) Clearing All SoftReferences
[2026-04-03T02:01:36.659+0600][20.309s][info][gc,ergo     ] GC(11) Pacer for Mark. Expected Live: 103M, Free: 455M, Non-Taxable: 46693K, Alloc Tax Rate: 0.3x
[2026-04-03T02:01:36.659+0600][20.309s][info][gc          ] GC(11) Pause Init Mark (unload classes) 0.224ms
[2026-04-03T02:01:36.659+0600][20.309s][info][gc,start    ] GC(11) Concurrent marking roots
[2026-04-03T02:01:36.659+0600][20.309s][info][gc,task     ] GC(11) Using 3 of 6 workers for concurrent marking roots
[2026-04-03T02:01:36.660+0600][20.310s][info][gc          ] GC(11) Concurrent marking roots 0.711ms
[2026-04-03T02:01:36.660+0600][20.310s][info][gc,start    ] GC(11) Concurrent marking (unload classes)
[2026-04-03T02:01:36.660+0600][20.310s][info][gc,task     ] GC(11) Using 3 of 6 workers for concurrent marking
[2026-04-03T02:01:36.741+0600][20.391s][info][gc          ] GC(11) Concurrent marking (unload classes) 80.999ms
[2026-04-03T02:01:36.741+0600][20.391s][info][gc,start    ] GC(11) Pause Final Mark (unload classes)
[2026-04-03T02:01:36.741+0600][20.391s][info][gc,task     ] GC(11) Using 6 of 6 workers for final marking
[2026-04-03T02:01:36.741+0600][20.392s][info][gc,ergo     ] GC(11) Adaptive CSet Selection. Target Free: 212M, Actual Free: 1225M, Max CSet: 64000K, Min Garbage: 0B
[2026-04-03T02:01:36.741+0600][20.392s][info][gc,ergo     ] GC(11) Collectable Garbage: 789M (99%), Immediate: 694M (87%), CSet: 97376K (12%)
[2026-04-03T02:01:36.741+0600][20.392s][info][gc,ergo     ] GC(11) Pacer for Evacuation. Used CSet: 103M, Free: 1153M, Non-Taxable: 115M, Alloc Tax Rate: 1.1x
[2026-04-03T02:01:36.741+0600][20.392s][info][gc          ] GC(11) Pause Final Mark (unload classes) 0.539ms
[2026-04-03T02:01:36.741+0600][20.392s][info][gc,start    ] GC(11) Concurrent thread roots
[2026-04-03T02:01:36.741+0600][20.392s][info][gc,task     ] GC(11) Using 3 of 6 workers for Concurrent thread roots
[2026-04-03T02:01:36.742+0600][20.392s][info][gc          ] GC(11) Concurrent thread roots 0.377ms
[2026-04-03T02:01:36.742+0600][20.392s][info][gc,start    ] GC(11) Concurrent weak references
[2026-04-03T02:01:36.742+0600][20.392s][info][gc,task     ] GC(11) Using 3 of 6 workers for concurrent weak references
[2026-04-03T02:01:36.742+0600][20.393s][info][gc,ref      ] GC(11) Encountered references: Soft: 3082, Weak: 5821, Final: 82, Phantom: 594
[2026-04-03T02:01:36.743+0600][20.393s][info][gc,ref      ] GC(11) Discovered  references: Soft: 763, Weak: 3198, Final: 2, Phantom: 591
[2026-04-03T02:01:36.743+0600][20.393s][info][gc,ref      ] GC(11) Enqueued    references: Soft: 382, Weak: 419, Final: 0, Phantom: 0
[2026-04-03T02:01:36.743+0600][20.393s][info][gc          ] GC(11) Concurrent weak references 0.841ms
[2026-04-03T02:01:36.743+0600][20.393s][info][gc,start    ] GC(11) Concurrent weak roots
[2026-04-03T02:01:36.743+0600][20.393s][info][gc,task     ] GC(11) Using 3 of 6 workers for concurrent weak root
[2026-04-03T02:01:36.744+0600][20.395s][info][gc          ] GC(11) Concurrent weak roots 1.590ms
[2026-04-03T02:01:36.744+0600][20.395s][info][gc,start    ] GC(11) Concurrent cleanup
[2026-04-03T02:01:36.745+0600][20.395s][info][gc          ] GC(11) Concurrent cleanup 964M->269M(1321M) 0.536ms
[2026-04-03T02:01:36.745+0600][20.395s][info][gc,ergo     ] GC(11) Free: 1153M, Max: 512K regular, 334M humongous, Frag: 71% external, 0% internal; Reserve: 76429K, Max: 512K
[2026-04-03T02:01:36.745+0600][20.395s][info][gc,start    ] GC(11) Concurrent class unloading
[2026-04-03T02:01:36.745+0600][20.395s][info][gc,task     ] GC(11) Using 3 of 6 workers for concurrent class unloading
[2026-04-03T02:01:36.757+0600][20.408s][info][gc          ] GC(11) Concurrent class unloading 12.705ms
[2026-04-03T02:01:36.758+0600][20.408s][info][gc,start    ] GC(11) Concurrent strong roots
[2026-04-03T02:01:36.758+0600][20.408s][info][gc,task     ] GC(11) Using 3 of 6 workers for concurrent strong root
[2026-04-03T02:01:36.758+0600][20.409s][info][gc          ] GC(11) Concurrent strong roots 0.741ms
[2026-04-03T02:01:36.758+0600][20.409s][info][gc,start    ] GC(11) Concurrent evacuation
[2026-04-03T02:01:36.758+0600][20.409s][info][gc,task     ] GC(11) Using 3 of 6 workers for concurrent evacuation
[2026-04-03T02:01:36.768+0600][20.418s][info][gc          ] GC(11) Concurrent evacuation 9.185ms
[2026-04-03T02:01:36.768+0600][20.418s][info][gc,start    ] GC(11) Pause Init Update Refs
[2026-04-03T02:01:36.768+0600][20.418s][info][gc,ergo     ] GC(11) Pacer for Update Refs. Used: 286M, Free: 1145M, Non-Taxable: 114M, Alloc Tax Rate: 1.1x
[2026-04-03T02:01:36.768+0600][20.418s][info][gc          ] GC(11) Pause Init Update Refs 0.091ms
[2026-04-03T02:01:36.768+0600][20.418s][info][gc,start    ] GC(11) Concurrent update references
[2026-04-03T02:01:36.768+0600][20.419s][info][gc,task     ] GC(11) Using 3 of 6 workers for concurrent reference update
[2026-04-03T02:01:36.833+0600][20.484s][info][gc          ] GC(11) Concurrent update references 65.036ms
[2026-04-03T02:01:36.833+0600][20.484s][info][gc,start    ] GC(11) Concurrent update thread roots
[2026-04-03T02:01:36.834+0600][20.484s][info][gc          ] GC(11) Concurrent update thread roots 0.555ms
[2026-04-03T02:01:36.834+0600][20.484s][info][gc,start    ] GC(11) Pause Final Update Refs
[2026-04-03T02:01:36.834+0600][20.484s][info][gc,task     ] GC(11) Using 6 of 6 workers for final reference update
[2026-04-03T02:01:36.834+0600][20.484s][info][gc          ] GC(11) Pause Final Update Refs 0.151ms
[2026-04-03T02:01:36.834+0600][20.484s][info][gc,start    ] GC(11) Concurrent cleanup
[2026-04-03T02:01:36.834+0600][20.485s][info][gc          ] GC(11) Concurrent cleanup 286M->182M(1329M) 0.525ms
[2026-04-03T02:01:36.835+0600][20.485s][info][gc,ergo     ] Free: 1239M, Max: 512K regular, 477M humongous, Frag: 62% external, 0% internal; Reserve: 76800K, Max: 512K
[2026-04-03T02:01:36.835+0600][20.485s][info][gc,stats    ] 
[2026-04-03T02:01:36.835+0600][20.485s][info][gc,stats    ] All times are wall-clock times, except per-root-class counters, that are sum over
[2026-04-03T02:01:36.835+0600][20.485s][info][gc,stats    ] all workers. Dividing the <total> over the root stage time estimates parallelism.
[2026-04-03T02:01:36.835+0600][20.485s][info][gc,stats    ] 
[2026-04-03T02:01:36.835+0600][20.485s][info][gc,stats    ] Concurrent Reset                   7251 us
[2026-04-03T02:01:36.835+0600][20.485s][info][gc,stats    ] Pause Init Mark (G)                 545 us
[2026-04-03T02:01:36.835+0600][20.485s][info][gc,stats    ] Pause Init Mark (N)                 237 us
[2026-04-03T02:01:36.835+0600][20.485s][info][gc,stats    ]   Update Region States               86 us
[2026-04-03T02:01:36.835+0600][20.485s][info][gc,stats    ] Concurrent Mark Roots               737 us, parallelism: 1.54x
[2026-04-03T02:01:36.835+0600][20.485s][info][gc,stats    ]   CMR: <total>                     1135 us
[2026-04-03T02:01:36.835+0600][20.485s][info][gc,stats    ]   CMR: Thread Roots                 823 us, workers (us):  92, 365, 366, ---, ---, ---, 
[2026-04-03T02:01:36.835+0600][20.485s][info][gc,stats    ]   CMR: VM Strong Roots               28 us, workers (us):  26,   1,   1, ---, ---, ---, 
[2026-04-03T02:01:36.835+0600][20.485s][info][gc,stats    ]   CMR: CLDG Roots                   285 us, workers (us): 285, ---, ---, ---, ---, ---, 
[2026-04-03T02:01:36.835+0600][20.485s][info][gc,stats    ] Concurrent Marking                81048 us
[2026-04-03T02:01:36.835+0600][20.485s][info][gc,stats    ] Pause Final Mark (G)                662 us
[2026-04-03T02:01:36.835+0600][20.485s][info][gc,stats    ] Pause Final Mark (N)                547 us
[2026-04-03T02:01:36.835+0600][20.485s][info][gc,stats    ]   Finish Mark                       269 us
[2026-04-03T02:01:36.835+0600][20.485s][info][gc,stats    ]   Update Region States               40 us
[2026-04-03T02:01:36.835+0600][20.485s][info][gc,stats    ]   Choose Collection Set             122 us
[2026-04-03T02:01:36.835+0600][20.485s][info][gc,stats    ]   Rebuild Free Set                   26 us
[2026-04-03T02:01:36.835+0600][20.485s][info][gc,stats    ] Concurrent Thread Roots             406 us, parallelism: 1.60x
[2026-04-03T02:01:36.835+0600][20.485s][info][gc,stats    ]   CTR: <total>                      649 us
[2026-04-03T02:01:36.835+0600][20.485s][info][gc,stats    ]   CTR: Thread Roots                 649 us, workers (us): 280, 200, 169, ---, ---, ---, 
[2026-04-03T02:01:36.835+0600][20.485s][info][gc,stats    ] Concurrent Weak References          850 us, parallelism: 0.97x
[2026-04-03T02:01:36.835+0600][20.485s][info][gc,stats    ]   CWRF: <total>                     821 us
[2026-04-03T02:01:36.835+0600][20.485s][info][gc,stats    ]   CWRF: Weak References             821 us, workers (us): 598,  45, 178, ---, ---, ---, 
[2026-04-03T02:01:36.835+0600][20.485s][info][gc,stats    ] Concurrent Weak Roots              1633 us
[2026-04-03T02:01:36.835+0600][20.485s][info][gc,stats    ]   Roots                            1381 us, parallelism: 2.26x
[2026-04-03T02:01:36.835+0600][20.485s][info][gc,stats    ]     CWR: <total>                   3120 us
[2026-04-03T02:01:36.835+0600][20.485s][info][gc,stats    ]     CWR: Code Cache Roots          1839 us, workers (us): 513, 724, 602, ---, ---, ---, 
[2026-04-03T02:01:36.835+0600][20.486s][info][gc,stats    ]     CWR: VM Weak Roots             1212 us, workers (us): 444, 398, 370, ---, ---, ---, 
[2026-04-03T02:01:36.835+0600][20.486s][info][gc,stats    ]     CWR: CLDG Roots                  68 us, workers (us):  68, ---, ---, ---, ---, ---, 
[2026-04-03T02:01:36.835+0600][20.486s][info][gc,stats    ]   Rendezvous                        191 us
[2026-04-03T02:01:36.835+0600][20.486s][info][gc,stats    ] Concurrent Cleanup                  548 us
[2026-04-03T02:01:36.835+0600][20.486s][info][gc,stats    ] Concurrent Class Unloading        12805 us
[2026-04-03T02:01:36.835+0600][20.486s][info][gc,stats    ]   Unlink Stale                    10970 us
[2026-04-03T02:01:36.835+0600][20.486s][info][gc,stats    ]     System Dictionary               281 us
[2026-04-03T02:01:36.835+0600][20.486s][info][gc,stats    ]     Weak Class Links               6920 us
[2026-04-03T02:01:36.835+0600][20.486s][info][gc,stats    ]     Code Roots                     3766 us
[2026-04-03T02:01:36.835+0600][20.486s][info][gc,stats    ]   Rendezvous                        123 us
[2026-04-03T02:01:36.835+0600][20.486s][info][gc,stats    ]   Purge Unlinked                   1588 us
[2026-04-03T02:01:36.835+0600][20.486s][info][gc,stats    ]     Code Roots                      945 us
[2026-04-03T02:01:36.835+0600][20.486s][info][gc,stats    ]     CLDG                            642 us
[2026-04-03T02:01:36.835+0600][20.486s][info][gc,stats    ]     Exception Caches                  1 us
[2026-04-03T02:01:36.835+0600][20.486s][info][gc,stats    ] Concurrent Strong Roots             808 us, parallelism: 0.54x
[2026-04-03T02:01:36.835+0600][20.486s][info][gc,stats    ]   CSR: <total>                      433 us
[2026-04-03T02:01:36.835+0600][20.486s][info][gc,stats    ]   CSR: VM Strong Roots               36 us, workers (us):  19,  17,   0, ---, ---, ---, 
[2026-04-03T02:01:36.835+0600][20.486s][info][gc,stats    ]   CSR: CLDG Roots                   397 us, workers (us): 397, ---, ---, ---, ---, ---, 
[2026-04-03T02:01:36.835+0600][20.486s][info][gc,stats    ] Concurrent Evacuation              9267 us
[2026-04-03T02:01:36.835+0600][20.486s][info][gc,stats    ] Pause Init Update Refs (G)          280 us
[2026-04-03T02:01:36.835+0600][20.486s][info][gc,stats    ] Pause Init Update Refs (N)          117 us
[2026-04-03T02:01:36.835+0600][20.486s][info][gc,stats    ]   Manage GCLABs                      17 us
[2026-04-03T02:01:36.835+0600][20.486s][info][gc,stats    ] Concurrent Update Refs            65124 us
[2026-04-03T02:01:36.835+0600][20.486s][info][gc,stats    ] Concurrent Update Thread Roots      585 us
[2026-04-03T02:01:36.835+0600][20.486s][info][gc,stats    ] Pause Final Update Refs (G)         293 us
[2026-04-03T02:01:36.835+0600][20.486s][info][gc,stats    ] Pause Final Update Refs (N)         161 us
[2026-04-03T02:01:36.835+0600][20.486s][info][gc,stats    ]   Update Region States               43 us
[2026-04-03T02:01:36.835+0600][20.486s][info][gc,stats    ]   Trash Collection Set                9 us
[2026-04-03T02:01:36.835+0600][20.486s][info][gc,stats    ]   Rebuild Free Set                   30 us
[2026-04-03T02:01:36.835+0600][20.486s][info][gc,stats    ] Concurrent Cleanup                  557 us
[2026-04-03T02:01:36.835+0600][20.486s][info][gc,stats    ] 
[2026-04-03T02:01:36.835+0600][20.486s][info][gc,stats    ] Allocation pacing accrued:
[2026-04-03T02:01:36.835+0600][20.486s][info][gc,stats    ]       0 of  1134 ms (  0.0%): <total>
[2026-04-03T02:01:36.835+0600][20.486s][info][gc,stats    ]       0 of  1134 ms (  0.0%): <average total>
[2026-04-03T02:01:36.835+0600][20.486s][info][gc,stats    ] 
[2026-04-03T02:01:36.835+0600][20.486s][info][gc,metaspace] Metaspace: 66157K(67008K)->65841K(67072K) NonClass: 57763K(58240K)->57504K(58304K) Class: 8393K(8768K)->8337K(8768K)
[2026-04-03T02:01:36.835+0600][20.486s][info][gc,ergo     ] Pacer for Idle. Initial: 30720K, Alloc Tax Rate: 1.0x
[2026-04-03T02:01:36.835+0600][20.486s][info][gc,start    ] Concurrent uncommit
[2026-04-03T02:01:37.035+0600][20.685s][info][gc          ] Concurrent uncommit 182M->196M(201M) 199.487ms
[2026-04-03T02:01:37.309+0600][20.960s][info][gc          ] Trigger: Learning 2 of 5. Free (1049M) is below initial threshold (1050M)
[2026-04-03T02:01:37.309+0600][20.960s][info][gc,ergo     ] Free: 1049M, Max: 512K regular, 477M humongous, Frag: 55% external, 0% internal; Reserve: 76800K, Max: 512K
[2026-04-03T02:01:37.309+0600][20.960s][info][gc,start    ] GC(12) Concurrent reset
[2026-04-03T02:01:37.309+0600][20.960s][info][gc,task     ] GC(12) Using 3 of 6 workers for concurrent reset
[2026-04-03T02:01:37.309+0600][20.960s][info][gc,ergo     ] GC(12) Pacer for Reset. Non-Taxable: 1500M
[2026-04-03T02:01:37.310+0600][20.961s][info][gc          ] GC(12) Concurrent reset 0.755ms
[2026-04-03T02:01:37.310+0600][20.961s][info][gc,start    ] GC(12) Pause Init Mark (unload classes)
[2026-04-03T02:01:37.310+0600][20.961s][info][gc,task     ] GC(12) Using 6 of 6 workers for init marking
[2026-04-03T02:01:37.310+0600][20.961s][info][gc,ergo     ] GC(12) Pacer for Mark. Expected Live: 127M, Free: 1048M, Non-Taxable: 104M, Alloc Tax Rate: 0.1x
[2026-04-03T02:01:37.311+0600][20.961s][info][gc          ] GC(12) Pause Init Mark (unload classes) 0.114ms
[2026-04-03T02:01:37.311+0600][20.961s][info][gc,start    ] GC(12) Concurrent marking roots
[2026-04-03T02:01:37.311+0600][20.961s][info][gc,task     ] GC(12) Using 3 of 6 workers for concurrent marking roots
[2026-04-03T02:01:37.311+0600][20.962s][info][gc          ] GC(12) Concurrent marking roots 0.816ms
[2026-04-03T02:01:37.311+0600][20.962s][info][gc,start    ] GC(12) Concurrent marking (unload classes)
[2026-04-03T02:01:37.311+0600][20.962s][info][gc,task     ] GC(12) Using 3 of 6 workers for concurrent marking
[2026-04-03T02:01:37.411+0600][21.062s][info][gc          ] GC(12) Concurrent marking (unload classes) 99.711ms
[2026-04-03T02:01:37.411+0600][21.062s][info][gc,start    ] GC(12) Pause Final Mark (unload classes)
[2026-04-03T02:01:37.412+0600][21.062s][info][gc,task     ] GC(12) Using 6 of 6 workers for final marking
[2026-04-03T02:01:37.412+0600][21.062s][info][gc,ergo     ] GC(12) Adaptive CSet Selection. Target Free: 212M, Actual Free: 1231M, Max CSet: 64000K, Min Garbage: 0B
[2026-04-03T02:01:37.412+0600][21.062s][info][gc,ergo     ] GC(12) Collectable Garbage: 196M (98%), Immediate: 170M (85%), CSet: 25713K (12%)
[2026-04-03T02:01:37.412+0600][21.062s][info][gc,ergo     ] GC(12) Pacer for Evacuation. Used CSet: 28714K, Free: 1159M, Non-Taxable: 115M, Alloc Tax Rate: 1.1x
[2026-04-03T02:01:37.412+0600][21.063s][info][gc          ] GC(12) Pause Final Mark (unload classes) 0.558ms
[2026-04-03T02:01:37.412+0600][21.063s][info][gc,start    ] GC(12) Concurrent thread roots
[2026-04-03T02:01:37.412+0600][21.063s][info][gc,task     ] GC(12) Using 3 of 6 workers for Concurrent thread roots
[2026-04-03T02:01:37.413+0600][21.063s][info][gc          ] GC(12) Concurrent thread roots 0.692ms
[2026-04-03T02:01:37.413+0600][21.063s][info][gc,start    ] GC(12) Concurrent weak references
[2026-04-03T02:01:37.413+0600][21.063s][info][gc,task     ] GC(12) Using 3 of 6 workers for concurrent weak references
[2026-04-03T02:01:37.413+0600][21.064s][info][gc,ref      ] GC(12) Encountered references: Soft: 3110, Weak: 5864, Final: 82, Phantom: 594
[2026-04-03T02:01:37.413+0600][21.064s][info][gc,ref      ] GC(12) Discovered  references: Soft: 0, Weak: 645, Final: 0, Phantom: 591
[2026-04-03T02:01:37.413+0600][21.064s][info][gc,ref      ] GC(12) Enqueued    references: Soft: 0, Weak: 216, Final: 0, Phantom: 0
[2026-04-03T02:01:37.413+0600][21.064s][info][gc          ] GC(12) Concurrent weak references 0.350ms
[2026-04-03T02:01:37.413+0600][21.064s][info][gc,start    ] GC(12) Concurrent weak roots
[2026-04-03T02:01:37.413+0600][21.064s][info][gc,task     ] GC(12) Using 3 of 6 workers for concurrent weak root
[2026-04-03T02:01:37.416+0600][21.067s][info][gc          ] GC(12) Concurrent weak roots 2.895ms
[2026-04-03T02:01:37.416+0600][21.067s][info][gc,start    ] GC(12) Concurrent cleanup
[2026-04-03T02:01:37.417+0600][21.067s][info][gc          ] GC(12) Concurrent cleanup 436M->266M(442M) 0.682ms
[2026-04-03T02:01:37.417+0600][21.068s][info][gc,ergo     ] GC(12) Free: 1156M, Max: 512K regular, 477M humongous, Frag: 59% external, 0% internal; Reserve: 76421K, Max: 512K
[2026-04-03T02:01:37.417+0600][21.068s][info][gc,start    ] GC(12) Concurrent class unloading
[2026-04-03T02:01:37.417+0600][21.068s][info][gc,task     ] GC(12) Using 3 of 6 workers for concurrent class unloading
[2026-04-03T02:01:37.423+0600][21.074s][info][gc          ] GC(12) Concurrent class unloading 6.418ms
[2026-04-03T02:01:37.424+0600][21.074s][info][gc,start    ] GC(12) Concurrent strong roots
[2026-04-03T02:01:37.424+0600][21.074s][info][gc,task     ] GC(12) Using 3 of 6 workers for concurrent strong root
[2026-04-03T02:01:37.425+0600][21.076s][info][gc          ] GC(12) Concurrent strong roots 1.498ms
[2026-04-03T02:01:37.425+0600][21.076s][info][gc,start    ] GC(12) Concurrent evacuation
[2026-04-03T02:01:37.425+0600][21.076s][info][gc,task     ] GC(12) Using 3 of 6 workers for concurrent evacuation
[2026-04-03T02:01:37.430+0600][21.080s][info][gc          ] GC(12) Concurrent evacuation 4.449ms
[2026-04-03T02:01:37.430+0600][21.080s][info][gc,start    ] GC(12) Pause Init Update Refs
[2026-04-03T02:01:37.430+0600][21.081s][info][gc,ergo     ] GC(12) Pacer for Update Refs. Used: 283M, Free: 1143M, Non-Taxable: 114M, Alloc Tax Rate: 1.1x
[2026-04-03T02:01:37.430+0600][21.081s][info][gc          ] GC(12) Pause Init Update Refs 0.132ms
[2026-04-03T02:01:37.430+0600][21.081s][info][gc,start    ] GC(12) Concurrent update references
[2026-04-03T02:01:37.430+0600][21.081s][info][gc,task     ] GC(12) Using 3 of 6 workers for concurrent reference update
[2026-04-03T02:01:37.516+0600][21.166s][info][gc          ] GC(12) Concurrent update references 85.620ms
[2026-04-03T02:01:37.516+0600][21.166s][info][gc,start    ] GC(12) Concurrent update thread roots
[2026-04-03T02:01:37.517+0600][21.167s][info][gc          ] GC(12) Concurrent update thread roots 0.774ms
[2026-04-03T02:01:37.517+0600][21.167s][info][gc,start    ] GC(12) Pause Final Update Refs
[2026-04-03T02:01:37.517+0600][21.167s][info][gc,task     ] GC(12) Using 6 of 6 workers for final reference update
[2026-04-03T02:01:37.517+0600][21.168s][info][gc          ] GC(12) Pause Final Update Refs 0.178ms
[2026-04-03T02:01:37.517+0600][21.168s][info][gc,start    ] GC(12) Concurrent cleanup
[2026-04-03T02:01:37.517+0600][21.168s][info][gc          ] GC(12) Concurrent cleanup 381M->354M(446M) 0.204ms
[2026-04-03T02:01:37.517+0600][21.168s][info][gc,ergo     ] Free: 1068M, Max: 512K regular, 477M humongous, Frag: 56% external, 0% internal; Reserve: 76800K, Max: 512K
[2026-04-03T02:01:37.517+0600][21.168s][info][gc,stats    ] 
[2026-04-03T02:01:37.517+0600][21.168s][info][gc,stats    ] All times are wall-clock times, except per-root-class counters, that are sum over
[2026-04-03T02:01:37.517+0600][21.168s][info][gc,stats    ] all workers. Dividing the <total> over the root stage time estimates parallelism.
[2026-04-03T02:01:37.517+0600][21.168s][info][gc,stats    ] 
[2026-04-03T02:01:37.517+0600][21.168s][info][gc,stats    ] Concurrent Reset                    833 us
[2026-04-03T02:01:37.517+0600][21.168s][info][gc,stats    ] Pause Init Mark (G)                 401 us
[2026-04-03T02:01:37.517+0600][21.168s][info][gc,stats    ] Pause Init Mark (N)                 122 us
[2026-04-03T02:01:37.517+0600][21.168s][info][gc,stats    ]   Update Region States               26 us
[2026-04-03T02:01:37.517+0600][21.168s][info][gc,stats    ] Concurrent Mark Roots               867 us, parallelism: 1.56x
[2026-04-03T02:01:37.518+0600][21.168s][info][gc,stats    ]   CMR: <total>                     1357 us
[2026-04-03T02:01:37.518+0600][21.168s][info][gc,stats    ]   CMR: Thread Roots                1066 us, workers (us): 186, 440, 440, ---, ---, ---, 
[2026-04-03T02:01:37.518+0600][21.168s][info][gc,stats    ]   CMR: VM Strong Roots               26 us, workers (us):  24,   1,   1, ---, ---, ---, 
[2026-04-03T02:01:37.518+0600][21.168s][info][gc,stats    ]   CMR: CLDG Roots                   265 us, workers (us): 265, ---, ---, ---, ---, ---, 
[2026-04-03T02:01:37.518+0600][21.168s][info][gc,stats    ] Concurrent Marking                99806 us
[2026-04-03T02:01:37.518+0600][21.168s][info][gc,stats    ] Pause Final Mark (G)                954 us
[2026-04-03T02:01:37.518+0600][21.168s][info][gc,stats    ] Pause Final Mark (N)                570 us
[2026-04-03T02:01:37.518+0600][21.168s][info][gc,stats    ]   Finish Mark                       193 us
[2026-04-03T02:01:37.518+0600][21.168s][info][gc,stats    ]   Update Region States               54 us
[2026-04-03T02:01:37.518+0600][21.168s][info][gc,stats    ]   Choose Collection Set             146 us
[2026-04-03T02:01:37.518+0600][21.168s][info][gc,stats    ]   Rebuild Free Set                   33 us
[2026-04-03T02:01:37.518+0600][21.168s][info][gc,stats    ] Concurrent Thread Roots             731 us, parallelism: 1.90x
[2026-04-03T02:01:37.518+0600][21.168s][info][gc,stats    ]   CTR: <total>                     1393 us
[2026-04-03T02:01:37.518+0600][21.168s][info][gc,stats    ]   CTR: Thread Roots                1393 us, workers (us): 489, 472, 431, ---, ---, ---, 
[2026-04-03T02:01:37.518+0600][21.168s][info][gc,stats    ] Concurrent Weak References          367 us, parallelism: 1.03x
[2026-04-03T02:01:37.518+0600][21.168s][info][gc,stats    ]   CWRF: <total>                     376 us
[2026-04-03T02:01:37.518+0600][21.168s][info][gc,stats    ]   CWRF: Weak References             376 us, workers (us):  99, 117, 160, ---, ---, ---, 
[2026-04-03T02:01:37.518+0600][21.168s][info][gc,stats    ] Concurrent Weak Roots              2997 us
[2026-04-03T02:01:37.518+0600][21.168s][info][gc,stats    ]   Roots                            2602 us, parallelism: 2.66x
[2026-04-03T02:01:37.518+0600][21.168s][info][gc,stats    ]     CWR: <total>                   6927 us
[2026-04-03T02:01:37.518+0600][21.168s][info][gc,stats    ]     CWR: Code Cache Roots          3935 us, workers (us): 1356, 1262, 1318, ---, ---, ---, 
[2026-04-03T02:01:37.518+0600][21.168s][info][gc,stats    ]     CWR: VM Weak Roots             2882 us, workers (us): 1009, 933, 939, ---, ---, ---, 
[2026-04-03T02:01:37.518+0600][21.168s][info][gc,stats    ]     CWR: CLDG Roots                 110 us, workers (us): ---, 110, ---, ---, ---, ---, 
[2026-04-03T02:01:37.518+0600][21.168s][info][gc,stats    ]   Rendezvous                        260 us
[2026-04-03T02:01:37.518+0600][21.168s][info][gc,stats    ] Concurrent Cleanup                  710 us
[2026-04-03T02:01:37.518+0600][21.168s][info][gc,stats    ] Concurrent Class Unloading         6544 us
[2026-04-03T02:01:37.518+0600][21.168s][info][gc,stats    ]   Unlink Stale                     5487 us
[2026-04-03T02:01:37.518+0600][21.168s][info][gc,stats    ]     System Dictionary               102 us
[2026-04-03T02:01:37.518+0600][21.168s][info][gc,stats    ]     Weak Class Links                  0 us
[2026-04-03T02:01:37.518+0600][21.168s][info][gc,stats    ]     Code Roots                     5380 us
[2026-04-03T02:01:37.518+0600][21.168s][info][gc,stats    ]   Rendezvous                        267 us
[2026-04-03T02:01:37.518+0600][21.168s][info][gc,stats    ]   Purge Unlinked                    630 us
[2026-04-03T02:01:37.518+0600][21.168s][info][gc,stats    ]     Code Roots                      605 us
[2026-04-03T02:01:37.518+0600][21.168s][info][gc,stats    ]     CLDG                             24 us
[2026-04-03T02:01:37.518+0600][21.168s][info][gc,stats    ]     Exception Caches                  1 us
[2026-04-03T02:01:37.518+0600][21.168s][info][gc,stats    ] Concurrent Strong Roots            1562 us, parallelism: 0.77x
[2026-04-03T02:01:37.518+0600][21.168s][info][gc,stats    ]   CSR: <total>                     1198 us
[2026-04-03T02:01:37.518+0600][21.168s][info][gc,stats    ]   CSR: VM Strong Roots               54 us, workers (us):  20,  15,  19, ---, ---, ---, 
[2026-04-03T02:01:37.518+0600][21.168s][info][gc,stats    ]   CSR: CLDG Roots                  1144 us, workers (us): 1144, ---, ---, ---, ---, ---, 
[2026-04-03T02:01:37.518+0600][21.168s][info][gc,stats    ] Concurrent Evacuation              4548 us
[2026-04-03T02:01:37.518+0600][21.168s][info][gc,stats    ] Pause Init Update Refs (G)          408 us
[2026-04-03T02:01:37.518+0600][21.168s][info][gc,stats    ] Pause Init Update Refs (N)          150 us
[2026-04-03T02:01:37.518+0600][21.168s][info][gc,stats    ]   Manage GCLABs                      20 us
[2026-04-03T02:01:37.518+0600][21.168s][info][gc,stats    ] Concurrent Update Refs            85709 us
[2026-04-03T02:01:37.518+0600][21.168s][info][gc,stats    ] Concurrent Update Thread Roots      813 us
[2026-04-03T02:01:37.518+0600][21.168s][info][gc,stats    ] Pause Final Update Refs (G)         446 us
[2026-04-03T02:01:37.518+0600][21.168s][info][gc,stats    ] Pause Final Update Refs (N)         195 us
[2026-04-03T02:01:37.518+0600][21.168s][info][gc,stats    ]   Update Region States               51 us
[2026-04-03T02:01:37.518+0600][21.168s][info][gc,stats    ]   Trash Collection Set                9 us
[2026-04-03T02:01:37.518+0600][21.168s][info][gc,stats    ]   Rebuild Free Set                   29 us
[2026-04-03T02:01:37.518+0600][21.168s][info][gc,stats    ] Concurrent Cleanup                  223 us
[2026-04-03T02:01:37.518+0600][21.168s][info][gc,stats    ] 
[2026-04-03T02:01:37.518+0600][21.168s][info][gc,stats    ] Allocation pacing accrued:
[2026-04-03T02:01:37.518+0600][21.169s][info][gc,stats    ]       0 of   683 ms (  0.0%): <total>
[2026-04-03T02:01:37.518+0600][21.169s][info][gc,stats    ]       0 of   683 ms (  0.0%): <average total>
[2026-04-03T02:01:37.518+0600][21.169s][info][gc,stats    ] 
[2026-04-03T02:01:37.518+0600][21.169s][info][gc,metaspace] Metaspace: 66265K(67136K)->66269K(67136K) NonClass: 57872K(58368K)->57875K(58368K) Class: 8393K(8768K)->8393K(8768K)
[2026-04-03T02:01:37.518+0600][21.169s][info][gc,ergo     ] Pacer for Idle. Initial: 30720K, Alloc Tax Rate: 1.0x
[2026-04-03T02:01:37.530+0600][21.181s][info][gc          ] Trigger: Learning 3 of 5. Free (1048M) is below initial threshold (1050M)
[2026-04-03T02:01:37.530+0600][21.181s][info][gc,ergo     ] Free: 1048M, Max: 512K regular, 477M humongous, Frag: 55% external, 0% internal; Reserve: 76800K, Max: 512K
[2026-04-03T02:01:37.531+0600][21.181s][info][gc,start    ] GC(13) Concurrent reset
[2026-04-03T02:01:37.531+0600][21.181s][info][gc,task     ] GC(13) Using 3 of 6 workers for concurrent reset
[2026-04-03T02:01:37.531+0600][21.181s][info][gc,ergo     ] GC(13) Pacer for Reset. Non-Taxable: 1500M
[2026-04-03T02:01:37.532+0600][21.182s][info][gc          ] GC(13) Concurrent reset 1.210ms
[2026-04-03T02:01:37.532+0600][21.182s][info][gc,start    ] GC(13) Pause Init Mark (unload classes)
[2026-04-03T02:01:37.532+0600][21.182s][info][gc,task     ] GC(13) Using 6 of 6 workers for init marking
[2026-04-03T02:01:37.532+0600][21.183s][info][gc,ergo     ] GC(13) Pacer for Mark. Expected Live: 145M, Free: 1046M, Non-Taxable: 104M, Alloc Tax Rate: 0.2x
[2026-04-03T02:01:37.532+0600][21.183s][info][gc          ] GC(13) Pause Init Mark (unload classes) 0.094ms
[2026-04-03T02:01:37.532+0600][21.183s][info][gc,start    ] GC(13) Concurrent marking roots
[2026-04-03T02:01:37.532+0600][21.183s][info][gc,task     ] GC(13) Using 3 of 6 workers for concurrent marking roots
[2026-04-03T02:01:37.533+0600][21.183s][info][gc          ] GC(13) Concurrent marking roots 0.850ms
[2026-04-03T02:01:37.533+0600][21.184s][info][gc,start    ] GC(13) Concurrent marking (unload classes)
[2026-04-03T02:01:37.533+0600][21.184s][info][gc,task     ] GC(13) Using 3 of 6 workers for concurrent marking
[2026-04-03T02:01:37.627+0600][21.278s][info][gc          ] GC(13) Concurrent marking (unload classes) 94.299ms
[2026-04-03T02:01:37.628+0600][21.278s][info][gc,start    ] GC(13) Pause Final Mark (unload classes)
[2026-04-03T02:01:37.628+0600][21.278s][info][gc,task     ] GC(13) Using 6 of 6 workers for final marking
[2026-04-03T02:01:37.628+0600][21.279s][info][gc,ergo     ] GC(13) Collectable Garbage: 191M (93%), Immediate: 191M (93%), CSet: 0B (0%)
[2026-04-03T02:01:37.628+0600][21.279s][info][gc          ] GC(13) Pause Final Mark (unload classes) 0.512ms
[2026-04-03T02:01:37.628+0600][21.279s][info][gc,start    ] GC(13) Concurrent weak references
[2026-04-03T02:01:37.628+0600][21.279s][info][gc,task     ] GC(13) Using 3 of 6 workers for concurrent weak references
[2026-04-03T02:01:37.629+0600][21.279s][info][gc,ref      ] GC(13) Encountered references: Soft: 3110, Weak: 5656, Final: 82, Phantom: 594
[2026-04-03T02:01:37.629+0600][21.279s][info][gc,ref      ] GC(13) Discovered  references: Soft: 0, Weak: 2971, Final: 0, Phantom: 272
[2026-04-03T02:01:37.629+0600][21.279s][info][gc,ref      ] GC(13) Enqueued    references: Soft: 0, Weak: 16, Final: 0, Phantom: 0
[2026-04-03T02:01:37.629+0600][21.279s][info][gc          ] GC(13) Concurrent weak references 0.767ms
[2026-04-03T02:01:37.629+0600][21.279s][info][gc,start    ] GC(13) Concurrent weak roots
[2026-04-03T02:01:37.629+0600][21.279s][info][gc,task     ] GC(13) Using 3 of 6 workers for concurrent weak root
[2026-04-03T02:01:37.631+0600][21.282s][info][gc          ] GC(13) Concurrent weak roots 2.282ms
[2026-04-03T02:01:37.631+0600][21.282s][info][gc,start    ] GC(13) Concurrent cleanup
[2026-04-03T02:01:37.632+0600][21.282s][info][gc          ] GC(13) Concurrent cleanup 473M->282M(479M) 0.274ms
[2026-04-03T02:01:37.632+0600][21.282s][info][gc,ergo     ] GC(13) Free: 1139M, Max: 512K regular, 477M humongous, Frag: 59% external, 0% internal; Reserve: 76800K, Max: 512K
[2026-04-03T02:01:37.632+0600][21.282s][info][gc,start    ] GC(13) Concurrent class unloading
[2026-04-03T02:01:37.632+0600][21.282s][info][gc,task     ] GC(13) Using 3 of 6 workers for concurrent class unloading
[2026-04-03T02:01:37.637+0600][21.287s][info][gc          ] GC(13) Concurrent class unloading 5.264ms
[2026-04-03T02:01:37.637+0600][21.288s][info][gc,start    ] GC(13) Pause Final Roots
[2026-04-03T02:01:37.637+0600][21.288s][info][gc          ] GC(13) Pause Final Roots 0.046ms
[2026-04-03T02:01:37.637+0600][21.288s][info][gc,ergo     ] Free: 1133M, Max: 512K regular, 477M humongous, Frag: 58% external, 0% internal; Reserve: 76800K, Max: 512K
[2026-04-03T02:01:37.637+0600][21.288s][info][gc,stats    ] 
[2026-04-03T02:01:37.637+0600][21.288s][info][gc,stats    ] All times are wall-clock times, except per-root-class counters, that are sum over
[2026-04-03T02:01:37.637+0600][21.288s][info][gc,stats    ] all workers. Dividing the <total> over the root stage time estimates parallelism.
[2026-04-03T02:01:37.637+0600][21.288s][info][gc,stats    ] 
[2026-04-03T02:01:37.638+0600][21.288s][info][gc,stats    ] Concurrent Reset                   1265 us
[2026-04-03T02:01:37.638+0600][21.288s][info][gc,stats    ] Pause Init Mark (G)                 308 us
[2026-04-03T02:01:37.638+0600][21.288s][info][gc,stats    ] Pause Init Mark (N)                 105 us
[2026-04-03T02:01:37.638+0600][21.288s][info][gc,stats    ]   Update Region States               20 us
[2026-04-03T02:01:37.638+0600][21.288s][info][gc,stats    ] Concurrent Mark Roots               889 us, parallelism: 1.65x
[2026-04-03T02:01:37.638+0600][21.288s][info][gc,stats    ]   CMR: <total>                     1468 us
[2026-04-03T02:01:37.638+0600][21.288s][info][gc,stats    ]   CMR: Thread Roots                1214 us, workers (us): 473, 295, 446, ---, ---, ---, 
[2026-04-03T02:01:37.638+0600][21.288s][info][gc,stats    ]   CMR: VM Strong Roots               66 us, workers (us):  50,  15,   1, ---, ---, ---, 
[2026-04-03T02:01:37.638+0600][21.288s][info][gc,stats    ]   CMR: CLDG Roots                   189 us, workers (us): ---, 189, ---, ---, ---, ---, 
[2026-04-03T02:01:37.638+0600][21.288s][info][gc,stats    ] Concurrent Marking                94388 us
[2026-04-03T02:01:37.638+0600][21.288s][info][gc,stats    ] Pause Final Mark (G)                733 us
[2026-04-03T02:01:37.638+0600][21.288s][info][gc,stats    ] Pause Final Mark (N)                528 us
[2026-04-03T02:01:37.638+0600][21.288s][info][gc,stats    ]   Finish Mark                       255 us
[2026-04-03T02:01:37.638+0600][21.288s][info][gc,stats    ]   Update Region States               53 us
[2026-04-03T02:01:37.638+0600][21.288s][info][gc,stats    ]   Choose Collection Set              79 us
[2026-04-03T02:01:37.638+0600][21.288s][info][gc,stats    ]   Rebuild Free Set                   31 us
[2026-04-03T02:01:37.638+0600][21.288s][info][gc,stats    ] Concurrent Weak References          783 us, parallelism: 0.76x
[2026-04-03T02:01:37.638+0600][21.288s][info][gc,stats    ]   CWRF: <total>                     597 us
[2026-04-03T02:01:37.638+0600][21.288s][info][gc,stats    ]   CWRF: Weak References             597 us, workers (us):  50, 541,   6, ---, ---, ---, 
[2026-04-03T02:01:37.638+0600][21.288s][info][gc,stats    ] Concurrent Weak Roots              2356 us
[2026-04-03T02:01:37.638+0600][21.288s][info][gc,stats    ]   Roots                            2033 us, parallelism: 2.47x
[2026-04-03T02:01:37.638+0600][21.288s][info][gc,stats    ]     CWR: <total>                   5011 us
[2026-04-03T02:01:37.638+0600][21.288s][info][gc,stats    ]     CWR: Code Cache Roots          3840 us, workers (us): 1303, 1231, 1305, ---, ---, ---, 
[2026-04-03T02:01:37.638+0600][21.288s][info][gc,stats    ]     CWR: VM Weak Roots             1138 us, workers (us): 420, 360, 358, ---, ---, ---, 
[2026-04-03T02:01:37.638+0600][21.288s][info][gc,stats    ]     CWR: CLDG Roots                  34 us, workers (us): ---, ---,  34, ---, ---, ---, 
[2026-04-03T02:01:37.638+0600][21.288s][info][gc,stats    ]   Rendezvous                        220 us
[2026-04-03T02:01:37.638+0600][21.288s][info][gc,stats    ] Concurrent Cleanup                  296 us
[2026-04-03T02:01:37.638+0600][21.288s][info][gc,stats    ] Concurrent Class Unloading         5346 us
[2026-04-03T02:01:37.638+0600][21.288s][info][gc,stats    ]   Unlink Stale                     4946 us
[2026-04-03T02:01:37.638+0600][21.288s][info][gc,stats    ]     System Dictionary               151 us
[2026-04-03T02:01:37.638+0600][21.288s][info][gc,stats    ]     Weak Class Links                  0 us
[2026-04-03T02:01:37.638+0600][21.288s][info][gc,stats    ]     Code Roots                     4789 us
[2026-04-03T02:01:37.638+0600][21.288s][info][gc,stats    ]   Rendezvous                        253 us
[2026-04-03T02:01:37.638+0600][21.288s][info][gc,stats    ]   Purge Unlinked                     33 us
[2026-04-03T02:01:37.638+0600][21.288s][info][gc,stats    ]     Code Roots                       24 us
[2026-04-03T02:01:37.638+0600][21.288s][info][gc,stats    ]     CLDG                              8 us
[2026-04-03T02:01:37.638+0600][21.288s][info][gc,stats    ]     Exception Caches                  0 us
[2026-04-03T02:01:37.638+0600][21.288s][info][gc,stats    ] Pause Final Roots (G)               324 us
[2026-04-03T02:01:37.638+0600][21.288s][info][gc,stats    ] Pause Final Roots (N)                64 us
[2026-04-03T02:01:37.638+0600][21.288s][info][gc,stats    ] 
[2026-04-03T02:01:37.638+0600][21.288s][info][gc,stats    ] Allocation pacing accrued:
[2026-04-03T02:01:37.638+0600][21.289s][info][gc,stats    ]       0 of   120 ms (  0.0%): <total>
[2026-04-03T02:01:37.638+0600][21.289s][info][gc,stats    ]       0 of   120 ms (  0.0%): <average total>
[2026-04-03T02:01:37.638+0600][21.289s][info][gc,stats    ] 
[2026-04-03T02:01:37.638+0600][21.289s][info][gc,metaspace] Metaspace: 66269K(67136K)->66269K(67136K) NonClass: 57875K(58368K)->57875K(58368K) Class: 8393K(8768K)->8393K(8768K)
[2026-04-03T02:01:37.638+0600][21.289s][info][gc,ergo     ] Pacer for Idle. Initial: 30720K, Alloc Tax Rate: 1.0x
[2026-04-03T02:01:37.688+0600][21.339s][info][gc          ] Trigger: Learning 4 of 5. Free (1047M) is below initial threshold (1050M)
[2026-04-03T02:01:37.688+0600][21.339s][info][gc,ergo     ] Free: 1047M, Max: 512K regular, 477M humongous, Frag: 55% external, 0% internal; Reserve: 76800K, Max: 512K
[2026-04-03T02:01:37.688+0600][21.339s][info][gc,start    ] GC(14) Concurrent reset
[2026-04-03T02:01:37.688+0600][21.339s][info][gc,task     ] GC(14) Using 3 of 6 workers for concurrent reset
[2026-04-03T02:01:37.688+0600][21.339s][info][gc,ergo     ] GC(14) Pacer for Reset. Non-Taxable: 1500M
[2026-04-03T02:01:37.689+0600][21.340s][info][gc          ] GC(14) Concurrent reset 0.789ms
[2026-04-03T02:01:37.689+0600][21.340s][info][gc,start    ] GC(14) Pause Init Mark (unload classes)
[2026-04-03T02:01:37.689+0600][21.340s][info][gc,task     ] GC(14) Using 6 of 6 workers for init marking
[2026-04-03T02:01:37.689+0600][21.340s][info][gc,ergo     ] GC(14) Pacer for Mark. Expected Live: 160M, Free: 1045M, Non-Taxable: 104M, Alloc Tax Rate: 0.2x
[2026-04-03T02:01:37.689+0600][21.340s][info][gc          ] GC(14) Pause Init Mark (unload classes) 0.097ms
[2026-04-03T02:01:37.689+0600][21.340s][info][gc,start    ] GC(14) Concurrent marking roots
[2026-04-03T02:01:37.689+0600][21.340s][info][gc,task     ] GC(14) Using 3 of 6 workers for concurrent marking roots
[2026-04-03T02:01:37.690+0600][21.341s][info][gc          ] GC(14) Concurrent marking roots 0.626ms
[2026-04-03T02:01:37.690+0600][21.341s][info][gc,start    ] GC(14) Concurrent marking (unload classes)
[2026-04-03T02:01:37.690+0600][21.341s][info][gc,task     ] GC(14) Using 3 of 6 workers for concurrent marking
[2026-04-03T02:01:37.761+0600][21.411s][info][gc          ] GC(14) Concurrent marking (unload classes) 70.688ms
[2026-04-03T02:01:37.761+0600][21.411s][info][gc,start    ] GC(14) Pause Final Mark (unload classes)
[2026-04-03T02:01:37.761+0600][21.412s][info][gc,task     ] GC(14) Using 6 of 6 workers for final marking
[2026-04-03T02:01:37.761+0600][21.412s][info][gc,ergo     ] GC(14) Collectable Garbage: 191M (93%), Immediate: 191M (93%), CSet: 0B (0%)
[2026-04-03T02:01:37.761+0600][21.412s][info][gc          ] GC(14) Pause Final Mark (unload classes) 0.526ms
[2026-04-03T02:01:37.762+0600][21.412s][info][gc,start    ] GC(14) Concurrent weak references
[2026-04-03T02:01:37.762+0600][21.412s][info][gc,task     ] GC(14) Using 3 of 6 workers for concurrent weak references
[2026-04-03T02:01:37.762+0600][21.413s][info][gc,ref      ] GC(14) Encountered references: Soft: 3110, Weak: 5640, Final: 82, Phantom: 594
[2026-04-03T02:01:37.762+0600][21.413s][info][gc,ref      ] GC(14) Discovered  references: Soft: 0, Weak: 3442, Final: 50, Phantom: 592
[2026-04-03T02:01:37.762+0600][21.413s][info][gc,ref      ] GC(14) Enqueued    references: Soft: 0, Weak: 0, Final: 0, Phantom: 0
[2026-04-03T02:01:37.762+0600][21.413s][info][gc          ] GC(14) Concurrent weak references 0.820ms
[2026-04-03T02:01:37.762+0600][21.413s][info][gc,start    ] GC(14) Concurrent weak roots
[2026-04-03T02:01:37.762+0600][21.413s][info][gc,task     ] GC(14) Using 3 of 6 workers for concurrent weak root
[2026-04-03T02:01:37.764+0600][21.415s][info][gc          ] GC(14) Concurrent weak roots 1.843ms
[2026-04-03T02:01:37.764+0600][21.415s][info][gc,start    ] GC(14) Concurrent cleanup
[2026-04-03T02:01:37.765+0600][21.415s][info][gc          ] GC(14) Concurrent cleanup 483M->292M(489M) 0.245ms
[2026-04-03T02:01:37.765+0600][21.415s][info][gc,ergo     ] GC(14) Free: 1129M, Max: 512K regular, 477M humongous, Frag: 58% external, 0% internal; Reserve: 76800K, Max: 512K
[2026-04-03T02:01:37.765+0600][21.415s][info][gc,start    ] GC(14) Concurrent class unloading
[2026-04-03T02:01:37.765+0600][21.415s][info][gc,task     ] GC(14) Using 3 of 6 workers for concurrent class unloading
[2026-04-03T02:01:37.768+0600][21.419s][info][gc          ] GC(14) Concurrent class unloading 3.778ms
[2026-04-03T02:01:37.769+0600][21.419s][info][gc,start    ] GC(14) Pause Final Roots
[2026-04-03T02:01:37.769+0600][21.419s][info][gc          ] GC(14) Pause Final Roots 0.057ms
[2026-04-03T02:01:37.769+0600][21.419s][info][gc,ergo     ] Free: 1124M, Max: 512K regular, 477M humongous, Frag: 58% external, 0% internal; Reserve: 76800K, Max: 512K
[2026-04-03T02:01:37.769+0600][21.419s][info][gc,stats    ] 
[2026-04-03T02:01:37.769+0600][21.419s][info][gc,stats    ] All times are wall-clock times, except per-root-class counters, that are sum over
[2026-04-03T02:01:37.769+0600][21.419s][info][gc,stats    ] all workers. Dividing the <total> over the root stage time estimates parallelism.
[2026-04-03T02:01:37.769+0600][21.419s][info][gc,stats    ] 
[2026-04-03T02:01:37.769+0600][21.419s][info][gc,stats    ] Concurrent Reset                    835 us
[2026-04-03T02:01:37.769+0600][21.419s][info][gc,stats    ] Pause Init Mark (G)                 286 us
[2026-04-03T02:01:37.769+0600][21.419s][info][gc,stats    ] Pause Init Mark (N)                 107 us
[2026-04-03T02:01:37.769+0600][21.419s][info][gc,stats    ]   Update Region States               20 us
[2026-04-03T02:01:37.769+0600][21.419s][info][gc,stats    ] Concurrent Mark Roots               657 us, parallelism: 1.68x
[2026-04-03T02:01:37.769+0600][21.419s][info][gc,stats    ]   CMR: <total>                     1104 us
[2026-04-03T02:01:37.769+0600][21.419s][info][gc,stats    ]   CMR: Thread Roots                 851 us, workers (us): 140, 368, 342, ---, ---, ---, 
[2026-04-03T02:01:37.769+0600][21.419s][info][gc,stats    ]   CMR: VM Strong Roots               21 us, workers (us):  20,   1,   0, ---, ---, ---, 
[2026-04-03T02:01:37.769+0600][21.419s][info][gc,stats    ]   CMR: CLDG Roots                   232 us, workers (us): 232, ---, ---, ---, ---, ---, 
[2026-04-03T02:01:37.769+0600][21.419s][info][gc,stats    ] Concurrent Marking                70773 us
[2026-04-03T02:01:37.769+0600][21.419s][info][gc,stats    ] Pause Final Mark (G)                787 us
[2026-04-03T02:01:37.769+0600][21.419s][info][gc,stats    ] Pause Final Mark (N)                543 us
[2026-04-03T02:01:37.769+0600][21.419s][info][gc,stats    ]   Finish Mark                       312 us
[2026-04-03T02:01:37.769+0600][21.419s][info][gc,stats    ]   Update Region States               43 us
[2026-04-03T02:01:37.769+0600][21.420s][info][gc,stats    ]   Choose Collection Set              77 us
[2026-04-03T02:01:37.769+0600][21.420s][info][gc,stats    ]   Rebuild Free Set                   26 us
[2026-04-03T02:01:37.769+0600][21.420s][info][gc,stats    ] Concurrent Weak References          835 us, parallelism: 0.69x
[2026-04-03T02:01:37.769+0600][21.420s][info][gc,stats    ]   CWRF: <total>                     575 us
[2026-04-03T02:01:37.769+0600][21.420s][info][gc,stats    ]   CWRF: Weak References             575 us, workers (us): 495,  79,   1, ---, ---, ---, 
[2026-04-03T02:01:37.769+0600][21.420s][info][gc,stats    ] Concurrent Weak Roots              1895 us
[2026-04-03T02:01:37.769+0600][21.420s][info][gc,stats    ]   Roots                            1618 us, parallelism: 2.36x
[2026-04-03T02:01:37.769+0600][21.420s][info][gc,stats    ]     CWR: <total>                   3815 us
[2026-04-03T02:01:37.769+0600][21.420s][info][gc,stats    ]     CWR: Code Cache Roots          2685 us, workers (us): 970, 903, 812, ---, ---, ---, 
[2026-04-03T02:01:37.769+0600][21.420s][info][gc,stats    ]     CWR: VM Weak Roots             1033 us, workers (us): 364, 358, 312, ---, ---, ---, 
[2026-04-03T02:01:37.769+0600][21.420s][info][gc,stats    ]     CWR: CLDG Roots                  97 us, workers (us): ---, ---,  97, ---, ---, ---, 
[2026-04-03T02:01:37.769+0600][21.420s][info][gc,stats    ]   Rendezvous                        196 us
[2026-04-03T02:01:37.769+0600][21.420s][info][gc,stats    ] Concurrent Cleanup                  263 us
[2026-04-03T02:01:37.769+0600][21.420s][info][gc,stats    ] Concurrent Class Unloading         3833 us
[2026-04-03T02:01:37.769+0600][21.420s][info][gc,stats    ]   Unlink Stale                     3506 us
[2026-04-03T02:01:37.769+0600][21.420s][info][gc,stats    ]     System Dictionary                84 us
[2026-04-03T02:01:37.769+0600][21.420s][info][gc,stats    ]     Weak Class Links                  0 us
[2026-04-03T02:01:37.769+0600][21.420s][info][gc,stats    ]     Code Roots                     3411 us
[2026-04-03T02:01:37.769+0600][21.420s][info][gc,stats    ]   Rendezvous                        204 us
[2026-04-03T02:01:37.769+0600][21.420s][info][gc,stats    ]   Purge Unlinked                     42 us
[2026-04-03T02:01:37.769+0600][21.420s][info][gc,stats    ]     Code Roots                       33 us
[2026-04-03T02:01:37.769+0600][21.420s][info][gc,stats    ]     CLDG                              8 us
[2026-04-03T02:01:37.769+0600][21.420s][info][gc,stats    ]     Exception Caches                  0 us
[2026-04-03T02:01:37.769+0600][21.420s][info][gc,stats    ] Pause Final Roots (G)               252 us
[2026-04-03T02:01:37.769+0600][21.420s][info][gc,stats    ] Pause Final Roots (N)                73 us
[2026-04-03T02:01:37.769+0600][21.420s][info][gc,stats    ] 
[2026-04-03T02:01:37.769+0600][21.420s][info][gc,stats    ] Allocation pacing accrued:
[2026-04-03T02:01:37.769+0600][21.420s][info][gc,stats    ]       0 of   131 ms (  0.0%): <total>
[2026-04-03T02:01:37.769+0600][21.420s][info][gc,stats    ]       0 of   131 ms (  0.0%): <average total>
[2026-04-03T02:01:37.769+0600][21.420s][info][gc,stats    ] 
[2026-04-03T02:01:37.769+0600][21.420s][info][gc,metaspace] Metaspace: 66269K(67136K)->66269K(67136K) NonClass: 57875K(58368K)->57875K(58368K) Class: 8393K(8768K)->8393K(8768K)
[2026-04-03T02:01:37.769+0600][21.420s][info][gc,ergo     ] Pacer for Idle. Initial: 30720K, Alloc Tax Rate: 1.0x
[2026-04-03T02:01:37.808+0600][21.459s][info][gc          ] Trigger: Learning 5 of 5. Free (1048M) is below initial threshold (1050M)
[2026-04-03T02:01:37.809+0600][21.459s][info][gc,ergo     ] Free: 1048M, Max: 512K regular, 477M humongous, Frag: 55% external, 0% internal; Reserve: 76800K, Max: 512K
[2026-04-03T02:01:37.809+0600][21.459s][info][gc,start    ] GC(15) Concurrent reset
[2026-04-03T02:01:37.809+0600][21.459s][info][gc,task     ] GC(15) Using 3 of 6 workers for concurrent reset
[2026-04-03T02:01:37.809+0600][21.459s][info][gc,ergo     ] GC(15) Pacer for Reset. Non-Taxable: 1500M
[2026-04-03T02:01:37.809+0600][21.460s][info][gc          ] GC(15) Concurrent reset 0.814ms
[2026-04-03T02:01:37.810+0600][21.460s][info][gc,start    ] GC(15) Pause Init Mark (unload classes)
[2026-04-03T02:01:37.810+0600][21.460s][info][gc,task     ] GC(15) Using 6 of 6 workers for init marking
[2026-04-03T02:01:37.810+0600][21.460s][info][gc,ergo     ] GC(15) Pacer for Mark. Expected Live: 171M, Free: 1046M, Non-Taxable: 104M, Alloc Tax Rate: 0.2x
[2026-04-03T02:01:37.810+0600][21.460s][info][gc          ] GC(15) Pause Init Mark (unload classes) 0.108ms
[2026-04-03T02:01:37.810+0600][21.460s][info][gc,start    ] GC(15) Concurrent marking roots
[2026-04-03T02:01:37.810+0600][21.460s][info][gc,task     ] GC(15) Using 3 of 6 workers for concurrent marking roots
[2026-04-03T02:01:37.810+0600][21.461s][info][gc          ] GC(15) Concurrent marking roots 0.673ms
[2026-04-03T02:01:37.810+0600][21.461s][info][gc,start    ] GC(15) Concurrent marking (unload classes)
[2026-04-03T02:01:37.811+0600][21.461s][info][gc,task     ] GC(15) Using 3 of 6 workers for concurrent marking
[2026-04-03T02:01:37.881+0600][21.531s][info][gc          ] GC(15) Concurrent marking (unload classes) 70.279ms
[2026-04-03T02:01:37.881+0600][21.531s][info][gc,start    ] GC(15) Pause Final Mark (unload classes)
[2026-04-03T02:01:37.881+0600][21.532s][info][gc,task     ] GC(15) Using 6 of 6 workers for final marking
[2026-04-03T02:01:37.881+0600][21.532s][info][gc,ergo     ] GC(15) Collectable Garbage: 190M (93%), Immediate: 190M (93%), CSet: 0B (0%)
[2026-04-03T02:01:37.881+0600][21.532s][info][gc          ] GC(15) Pause Final Mark (unload classes) 0.534ms
[2026-04-03T02:01:37.882+0600][21.532s][info][gc,start    ] GC(15) Concurrent weak references
[2026-04-03T02:01:37.882+0600][21.532s][info][gc,task     ] GC(15) Using 3 of 6 workers for concurrent weak references
[2026-04-03T02:01:37.882+0600][21.532s][info][gc,ref      ] GC(15) Encountered references: Soft: 3110, Weak: 5640, Final: 82, Phantom: 594
[2026-04-03T02:01:37.882+0600][21.532s][info][gc,ref      ] GC(15) Discovered  references: Soft: 0, Weak: 463, Final: 0, Phantom: 591
[2026-04-03T02:01:37.882+0600][21.532s][info][gc,ref      ] GC(15) Enqueued    references: Soft: 0, Weak: 0, Final: 0, Phantom: 0
[2026-04-03T02:01:37.882+0600][21.532s][info][gc          ] GC(15) Concurrent weak references 0.324ms
[2026-04-03T02:01:37.882+0600][21.532s][info][gc,start    ] GC(15) Concurrent weak roots
[2026-04-03T02:01:37.882+0600][21.532s][info][gc,task     ] GC(15) Using 3 of 6 workers for concurrent weak root
[2026-04-03T02:01:37.884+0600][21.534s][info][gc          ] GC(15) Concurrent weak roots 1.803ms
[2026-04-03T02:01:37.884+0600][21.534s][info][gc,start    ] GC(15) Concurrent cleanup
[2026-04-03T02:01:37.884+0600][21.535s][info][gc          ] GC(15) Concurrent cleanup 479M->289M(489M) 0.252ms
[2026-04-03T02:01:37.884+0600][21.535s][info][gc,ergo     ] GC(15) Free: 1133M, Max: 512K regular, 477M humongous, Frag: 58% external, 0% internal; Reserve: 76800K, Max: 512K
[2026-04-03T02:01:37.884+0600][21.535s][info][gc,start    ] GC(15) Concurrent class unloading
[2026-04-03T02:01:37.884+0600][21.535s][info][gc,task     ] GC(15) Using 3 of 6 workers for concurrent class unloading
[2026-04-03T02:01:37.889+0600][21.539s][info][gc          ] GC(15) Concurrent class unloading 4.564ms
[2026-04-03T02:01:37.889+0600][21.539s][info][gc,start    ] GC(15) Pause Final Roots
[2026-04-03T02:01:37.889+0600][21.540s][info][gc          ] GC(15) Pause Final Roots 0.071ms
[2026-04-03T02:01:37.889+0600][21.540s][info][gc,ergo     ] Free: 1128M, Max: 512K regular, 477M humongous, Frag: 58% external, 0% internal; Reserve: 76800K, Max: 512K
[2026-04-03T02:01:37.889+0600][21.540s][info][gc,stats    ] 
[2026-04-03T02:01:37.889+0600][21.540s][info][gc,stats    ] All times are wall-clock times, except per-root-class counters, that are sum over
[2026-04-03T02:01:37.889+0600][21.540s][info][gc,stats    ] all workers. Dividing the <total> over the root stage time estimates parallelism.
[2026-04-03T02:01:37.889+0600][21.540s][info][gc,stats    ] 
[2026-04-03T02:01:37.889+0600][21.540s][info][gc,stats    ] Concurrent Reset                    853 us
[2026-04-03T02:01:37.889+0600][21.540s][info][gc,stats    ] Pause Init Mark (G)                 348 us
[2026-04-03T02:01:37.889+0600][21.540s][info][gc,stats    ] Pause Init Mark (N)                 118 us
[2026-04-03T02:01:37.889+0600][21.540s][info][gc,stats    ]   Update Region States               24 us
[2026-04-03T02:01:37.889+0600][21.540s][info][gc,stats    ] Concurrent Mark Roots               703 us, parallelism: 1.52x
[2026-04-03T02:01:37.889+0600][21.540s][info][gc,stats    ]   CMR: <total>                     1069 us
[2026-04-03T02:01:37.889+0600][21.540s][info][gc,stats    ]   CMR: Thread Roots                 850 us, workers (us): 346, 357, 147, ---, ---, ---, 
[2026-04-03T02:01:37.889+0600][21.540s][info][gc,stats    ]   CMR: VM Strong Roots               25 us, workers (us):   9,   9,   7, ---, ---, ---, 
[2026-04-03T02:01:37.889+0600][21.540s][info][gc,stats    ]   CMR: CLDG Roots                   195 us, workers (us): ---, ---, 195, ---, ---, ---, 
[2026-04-03T02:01:37.889+0600][21.540s][info][gc,stats    ] Concurrent Marking                70353 us
[2026-04-03T02:01:37.889+0600][21.540s][info][gc,stats    ] Pause Final Mark (G)                721 us
[2026-04-03T02:01:37.889+0600][21.540s][info][gc,stats    ] Pause Final Mark (N)                549 us
[2026-04-03T02:01:37.889+0600][21.540s][info][gc,stats    ]   Finish Mark                       292 us
[2026-04-03T02:01:37.889+0600][21.540s][info][gc,stats    ]   Update Region States               76 us
[2026-04-03T02:01:37.889+0600][21.540s][info][gc,stats    ]   Choose Collection Set              71 us
[2026-04-03T02:01:37.889+0600][21.540s][info][gc,stats    ]   Rebuild Free Set                   29 us
[2026-04-03T02:01:37.890+0600][21.540s][info][gc,stats    ] Concurrent Weak References          339 us, parallelism: 0.40x
[2026-04-03T02:01:37.890+0600][21.540s][info][gc,stats    ]   CWRF: <total>                     135 us
[2026-04-03T02:01:37.890+0600][21.540s][info][gc,stats    ]   CWRF: Weak References             135 us, workers (us):  74,  61,   0, ---, ---, ---, 
[2026-04-03T02:01:37.890+0600][21.540s][info][gc,stats    ] Concurrent Weak Roots              1865 us
[2026-04-03T02:01:37.890+0600][21.540s][info][gc,stats    ]   Roots                            1639 us, parallelism: 2.25x
[2026-04-03T02:01:37.890+0600][21.540s][info][gc,stats    ]     CWR: <total>                   3686 us
[2026-04-03T02:01:37.890+0600][21.540s][info][gc,stats    ]     CWR: Code Cache Roots          2630 us, workers (us): 984, 789, 857, ---, ---, ---, 
[2026-04-03T02:01:37.890+0600][21.540s][info][gc,stats    ]     CWR: VM Weak Roots              961 us, workers (us): 365, 312, 284, ---, ---, ---, 
[2026-04-03T02:01:37.890+0600][21.540s][info][gc,stats    ]     CWR: CLDG Roots                  95 us, workers (us): ---,  95, ---, ---, ---, ---, 
[2026-04-03T02:01:37.890+0600][21.540s][info][gc,stats    ]   Rendezvous                        138 us
[2026-04-03T02:01:37.890+0600][21.540s][info][gc,stats    ] Concurrent Cleanup                  274 us
[2026-04-03T02:01:37.890+0600][21.540s][info][gc,stats    ] Concurrent Class Unloading         4717 us
[2026-04-03T02:01:37.890+0600][21.540s][info][gc,stats    ]   Unlink Stale                     4250 us
[2026-04-03T02:01:37.890+0600][21.540s][info][gc,stats    ]     System Dictionary                74 us
[2026-04-03T02:01:37.890+0600][21.540s][info][gc,stats    ]     Weak Class Links                  0 us
[2026-04-03T02:01:37.890+0600][21.540s][info][gc,stats    ]     Code Roots                     4169 us
[2026-04-03T02:01:37.890+0600][21.540s][info][gc,stats    ]   Rendezvous                        266 us
[2026-04-03T02:01:37.890+0600][21.540s][info][gc,stats    ]   Purge Unlinked                     13 us
[2026-04-03T02:01:37.890+0600][21.540s][info][gc,stats    ]     Code Roots                        4 us
[2026-04-03T02:01:37.890+0600][21.540s][info][gc,stats    ]     CLDG                              8 us
[2026-04-03T02:01:37.890+0600][21.540s][info][gc,stats    ]     Exception Caches                  0 us
[2026-04-03T02:01:37.890+0600][21.540s][info][gc,stats    ] Pause Final Roots (G)               284 us
[2026-04-03T02:01:37.890+0600][21.540s][info][gc,stats    ] Pause Final Roots (N)                88 us
[2026-04-03T02:01:37.890+0600][21.540s][info][gc,stats    ] 
[2026-04-03T02:01:37.890+0600][21.540s][info][gc,stats    ] Allocation pacing accrued:
[2026-04-03T02:01:37.890+0600][21.540s][info][gc,stats    ]       0 of   121 ms (  0.0%): <total>
[2026-04-03T02:01:37.890+0600][21.540s][info][gc,stats    ]       0 of   121 ms (  0.0%): <average total>
[2026-04-03T02:01:37.890+0600][21.540s][info][gc,stats    ] 
[2026-04-03T02:01:37.890+0600][21.540s][info][gc,metaspace] Metaspace: 66269K(67136K)->66269K(67136K) NonClass: 57875K(58368K)->57875K(58368K) Class: 8393K(8768K)->8393K(8768K)
[2026-04-03T02:01:37.890+0600][21.540s][info][gc,ergo     ] Pacer for Idle. Initial: 30720K, Alloc Tax Rate: 1.0x
[2026-04-03T02:01:38.096+0600][21.747s][info][gc          ] Trigger: Explicit GC request (System.gc())
[2026-04-03T02:01:38.096+0600][21.747s][info][gc,ergo     ] Free: 904M, Max: 512K regular, 477M humongous, Frag: 48% external, 0% internal; Reserve: 76800K, Max: 512K
[2026-04-03T02:01:38.096+0600][21.747s][info][gc,start    ] GC(16) Concurrent reset
[2026-04-03T02:01:38.096+0600][21.747s][info][gc,task     ] GC(16) Using 3 of 6 workers for concurrent reset
[2026-04-03T02:01:38.096+0600][21.747s][info][gc,ergo     ] GC(16) Pacer for Reset. Non-Taxable: 1500M
[2026-04-03T02:01:38.097+0600][21.748s][info][gc          ] GC(16) Concurrent reset 0.888ms
[2026-04-03T02:01:38.097+0600][21.748s][info][gc,start    ] GC(16) Pause Init Mark (unload classes)
[2026-04-03T02:01:38.098+0600][21.748s][info][gc,task     ] GC(16) Using 6 of 6 workers for init marking
[2026-04-03T02:01:38.098+0600][21.748s][info][gc,ref      ] GC(16) Clearing All SoftReferences
[2026-04-03T02:01:38.098+0600][21.748s][info][gc,ergo     ] GC(16) Pacer for Mark. Expected Live: 172M, Free: 904M, Non-Taxable: 92586K, Alloc Tax Rate: 0.2x
[2026-04-03T02:01:38.098+0600][21.748s][info][gc          ] GC(16) Pause Init Mark (unload classes) 0.144ms
[2026-04-03T02:01:38.098+0600][21.748s][info][gc,start    ] GC(16) Concurrent marking roots
[2026-04-03T02:01:38.098+0600][21.748s][info][gc,task     ] GC(16) Using 3 of 6 workers for concurrent marking roots
[2026-04-03T02:01:38.098+0600][21.749s][info][gc          ] GC(16) Concurrent marking roots 0.747ms
[2026-04-03T02:01:38.098+0600][21.749s][info][gc,start    ] GC(16) Concurrent marking (unload classes)
[2026-04-03T02:01:38.098+0600][21.749s][info][gc,task     ] GC(16) Using 3 of 6 workers for concurrent marking
[2026-04-03T02:01:38.180+0600][21.830s][info][gc          ] GC(16) Concurrent marking (unload classes) 81.334ms
[2026-04-03T02:01:38.180+0600][21.831s][info][gc,start    ] GC(16) Pause Final Mark (unload classes)
[2026-04-03T02:01:38.180+0600][21.831s][info][gc,task     ] GC(16) Using 6 of 6 workers for final marking
[2026-04-03T02:01:38.181+0600][21.831s][info][gc,ergo     ] GC(16) Collectable Garbage: 328M (95%), Immediate: 328M (95%), CSet: 0B (0%)
[2026-04-03T02:01:38.181+0600][21.831s][info][gc          ] GC(16) Pause Final Mark (unload classes) 0.626ms
[2026-04-03T02:01:38.181+0600][21.831s][info][gc,start    ] GC(16) Concurrent weak references
[2026-04-03T02:01:38.181+0600][21.831s][info][gc,task     ] GC(16) Using 3 of 6 workers for concurrent weak references
[2026-04-03T02:01:38.181+0600][21.832s][info][gc,ref      ] GC(16) Encountered references: Soft: 3016, Weak: 5647, Final: 82, Phantom: 594
[2026-04-03T02:01:38.181+0600][21.832s][info][gc,ref      ] GC(16) Discovered  references: Soft: 695, Weak: 755, Final: 0, Phantom: 591
[2026-04-03T02:01:38.181+0600][21.832s][info][gc,ref      ] GC(16) Enqueued    references: Soft: 315, Weak: 203, Final: 0, Phantom: 0
[2026-04-03T02:01:38.181+0600][21.832s][info][gc          ] GC(16) Concurrent weak references 0.380ms
[2026-04-03T02:01:38.181+0600][21.832s][info][gc,start    ] GC(16) Concurrent weak roots
[2026-04-03T02:01:38.181+0600][21.832s][info][gc,task     ] GC(16) Using 3 of 6 workers for concurrent weak root
[2026-04-03T02:01:38.183+0600][21.834s][info][gc          ] GC(16) Concurrent weak roots 2.098ms
[2026-04-03T02:01:38.183+0600][21.834s][info][gc,start    ] GC(16) Concurrent cleanup
[2026-04-03T02:01:38.184+0600][21.834s][info][gc          ] GC(16) Concurrent cleanup 516M->188M(524M) 0.558ms
[2026-04-03T02:01:38.184+0600][21.834s][info][gc,ergo     ] GC(16) Free: 1234M, Max: 512K regular, 477M humongous, Frag: 62% external, 0% internal; Reserve: 76800K, Max: 512K
[2026-04-03T02:01:38.184+0600][21.834s][info][gc,start    ] GC(16) Concurrent class unloading
[2026-04-03T02:01:38.184+0600][21.834s][info][gc,task     ] GC(16) Using 3 of 6 workers for concurrent class unloading
[2026-04-03T02:01:38.200+0600][21.850s][info][gc          ] GC(16) Concurrent class unloading 15.999ms
[2026-04-03T02:01:38.200+0600][21.851s][info][gc,start    ] GC(16) Pause Final Roots
[2026-04-03T02:01:38.200+0600][21.851s][info][gc          ] GC(16) Pause Final Roots 0.107ms
[2026-04-03T02:01:38.201+0600][21.851s][info][gc,ergo     ] Free: 1227M, Max: 512K regular, 477M humongous, Frag: 62% external, 0% internal; Reserve: 76800K, Max: 512K
[2026-04-03T02:01:38.201+0600][21.851s][info][gc,stats    ] 
[2026-04-03T02:01:38.201+0600][21.851s][info][gc,stats    ] All times are wall-clock times, except per-root-class counters, that are sum over
[2026-04-03T02:01:38.201+0600][21.851s][info][gc,stats    ] all workers. Dividing the <total> over the root stage time estimates parallelism.
[2026-04-03T02:01:38.201+0600][21.851s][info][gc,stats    ] 
[2026-04-03T02:01:38.201+0600][21.851s][info][gc,stats    ] Concurrent Reset                    945 us
[2026-04-03T02:01:38.201+0600][21.851s][info][gc,stats    ] Pause Init Mark (G)                 305 us
[2026-04-03T02:01:38.201+0600][21.851s][info][gc,stats    ] Pause Init Mark (N)                 153 us
[2026-04-03T02:01:38.201+0600][21.851s][info][gc,stats    ]   Update Region States               32 us
[2026-04-03T02:01:38.201+0600][21.851s][info][gc,stats    ] Concurrent Mark Roots               771 us, parallelism: 1.74x
[2026-04-03T02:01:38.201+0600][21.851s][info][gc,stats    ]   CMR: <total>                     1342 us
[2026-04-03T02:01:38.201+0600][21.851s][info][gc,stats    ]   CMR: Thread Roots                1159 us, workers (us): 295, 440, 424, ---, ---, ---, 
[2026-04-03T02:01:38.201+0600][21.851s][info][gc,stats    ]   CMR: VM Strong Roots               22 us, workers (us):  20,   1,   1, ---, ---, ---, 
[2026-04-03T02:01:38.201+0600][21.851s][info][gc,stats    ]   CMR: CLDG Roots                   161 us, workers (us): 161, ---, ---, ---, ---, ---, 
[2026-04-03T02:01:38.201+0600][21.851s][info][gc,stats    ] Concurrent Marking                81405 us
[2026-04-03T02:01:38.201+0600][21.851s][info][gc,stats    ] Pause Final Mark (G)                920 us
[2026-04-03T02:01:38.201+0600][21.851s][info][gc,stats    ] Pause Final Mark (N)                639 us
[2026-04-03T02:01:38.201+0600][21.851s][info][gc,stats    ]   Finish Mark                       343 us
[2026-04-03T02:01:38.201+0600][21.851s][info][gc,stats    ]   Update Region States               67 us
[2026-04-03T02:01:38.201+0600][21.851s][info][gc,stats    ]   Choose Collection Set             116 us
[2026-04-03T02:01:38.201+0600][21.851s][info][gc,stats    ]   Rebuild Free Set                   37 us
[2026-04-03T02:01:38.201+0600][21.851s][info][gc,stats    ] Concurrent Weak References          390 us, parallelism: 0.78x
[2026-04-03T02:01:38.201+0600][21.851s][info][gc,stats    ]   CWRF: <total>                     304 us
[2026-04-03T02:01:38.201+0600][21.851s][info][gc,stats    ]   CWRF: Weak References             304 us, workers (us): 185,  67,  52, ---, ---, ---, 
[2026-04-03T02:01:38.201+0600][21.851s][info][gc,stats    ] Concurrent Weak Roots              2164 us
[2026-04-03T02:01:38.201+0600][21.851s][info][gc,stats    ]   Roots                            1762 us, parallelism: 2.40x
[2026-04-03T02:01:38.201+0600][21.851s][info][gc,stats    ]     CWR: <total>                   4237 us
[2026-04-03T02:01:38.201+0600][21.851s][info][gc,stats    ]     CWR: Code Cache Roots          3065 us, workers (us): 931, 988, 1146, ---, ---, ---, 
[2026-04-03T02:01:38.201+0600][21.851s][info][gc,stats    ]     CWR: VM Weak Roots             1079 us, workers (us): 385, 348, 345, ---, ---, ---, 
[2026-04-03T02:01:38.201+0600][21.851s][info][gc,stats    ]     CWR: CLDG Roots                  94 us, workers (us): ---,  94, ---, ---, ---, ---, 
[2026-04-03T02:01:38.201+0600][21.851s][info][gc,stats    ]   Rendezvous                        316 us
[2026-04-03T02:01:38.201+0600][21.851s][info][gc,stats    ] Concurrent Cleanup                  580 us
[2026-04-03T02:01:38.201+0600][21.851s][info][gc,stats    ] Concurrent Class Unloading        16092 us
[2026-04-03T02:01:38.201+0600][21.851s][info][gc,stats    ]   Unlink Stale                    15027 us
[2026-04-03T02:01:38.201+0600][21.851s][info][gc,stats    ]     System Dictionary               380 us
[2026-04-03T02:01:38.201+0600][21.851s][info][gc,stats    ]     Weak Class Links               9832 us
[2026-04-03T02:01:38.201+0600][21.851s][info][gc,stats    ]     Code Roots                     4812 us
[2026-04-03T02:01:38.201+0600][21.851s][info][gc,stats    ]   Rendezvous                        204 us
[2026-04-03T02:01:38.201+0600][21.851s][info][gc,stats    ]   Purge Unlinked                    740 us
[2026-04-03T02:01:38.201+0600][21.851s][info][gc,stats    ]     Code Roots                      236 us
[2026-04-03T02:01:38.201+0600][21.851s][info][gc,stats    ]     CLDG                            504 us
[2026-04-03T02:01:38.201+0600][21.851s][info][gc,stats    ]     Exception Caches                  0 us
[2026-04-03T02:01:38.201+0600][21.851s][info][gc,stats    ] Pause Final Roots (G)               402 us
[2026-04-03T02:01:38.201+0600][21.851s][info][gc,stats    ] Pause Final Roots (N)               127 us
[2026-04-03T02:01:38.201+0600][21.851s][info][gc,stats    ] 
[2026-04-03T02:01:38.201+0600][21.851s][info][gc,stats    ] Allocation pacing accrued:
[2026-04-03T02:01:38.201+0600][21.852s][info][gc,stats    ]       0 of   311 ms (  0.0%): <total>
[2026-04-03T02:01:38.201+0600][21.852s][info][gc,stats    ]       0 of   311 ms (  0.0%): <average total>
[2026-04-03T02:01:38.201+0600][21.852s][info][gc,stats    ] 
[2026-04-03T02:01:38.201+0600][21.852s][info][gc,metaspace] Metaspace: 66334K(67200K)->66004K(67200K) NonClass: 57938K(58432K)->57667K(58432K) Class: 8396K(8768K)->8337K(8768K)
[2026-04-03T02:01:38.201+0600][21.852s][info][gc,ergo     ] Pacer for Idle. Initial: 30720K, Alloc Tax Rate: 1.0x
[2026-04-03T02:01:38.201+0600][21.852s][info][gc,start    ] Concurrent uncommit
[2026-04-03T02:01:38.268+0600][21.919s][info][gc          ] Concurrent uncommit 195M->198M(202M) 67.376ms
[2026-04-03T02:01:38.761+0600][22.412s][info][gc          ] Trigger: Learning 2 of 5. Free (1049M) is below initial threshold (1050M)
[2026-04-03T02:01:38.762+0600][22.412s][info][gc,ergo     ] Free: 1049M, Max: 512K regular, 477M humongous, Frag: 55% external, 0% internal; Reserve: 76800K, Max: 512K
[2026-04-03T02:01:38.762+0600][22.412s][info][gc,start    ] GC(17) Concurrent reset
[2026-04-03T02:01:38.762+0600][22.412s][info][gc,task     ] GC(17) Using 3 of 6 workers for concurrent reset
[2026-04-03T02:01:38.762+0600][22.412s][info][gc,ergo     ] GC(17) Pacer for Reset. Non-Taxable: 1500M
[2026-04-03T02:01:38.762+0600][22.413s][info][gc          ] GC(17) Concurrent reset 0.792ms
[2026-04-03T02:01:38.763+0600][22.413s][info][gc,start    ] GC(17) Pause Init Mark (unload classes)
[2026-04-03T02:01:38.763+0600][22.413s][info][gc,task     ] GC(17) Using 6 of 6 workers for init marking
[2026-04-03T02:01:38.763+0600][22.413s][info][gc,ergo     ] GC(17) Pacer for Mark. Expected Live: 172M, Free: 1048M, Non-Taxable: 104M, Alloc Tax Rate: 0.2x
[2026-04-03T02:01:38.763+0600][22.413s][info][gc          ] GC(17) Pause Init Mark (unload classes) 0.093ms
[2026-04-03T02:01:38.763+0600][22.413s][info][gc,start    ] GC(17) Concurrent marking roots
[2026-04-03T02:01:38.763+0600][22.413s][info][gc,task     ] GC(17) Using 3 of 6 workers for concurrent marking roots
[2026-04-03T02:01:38.764+0600][22.414s][info][gc          ] GC(17) Concurrent marking roots 0.735ms
[2026-04-03T02:01:38.764+0600][22.414s][info][gc,start    ] GC(17) Concurrent marking (unload classes)
[2026-04-03T02:01:38.764+0600][22.414s][info][gc,task     ] GC(17) Using 3 of 6 workers for concurrent marking
[2026-04-03T02:01:38.854+0600][22.505s][info][gc          ] GC(17) Concurrent marking (unload classes) 90.801ms
[2026-04-03T02:01:38.855+0600][22.505s][info][gc,start    ] GC(17) Pause Final Mark (unload classes)
[2026-04-03T02:01:38.855+0600][22.505s][info][gc,task     ] GC(17) Using 6 of 6 workers for final marking
[2026-04-03T02:01:38.855+0600][22.506s][info][gc,ergo     ] GC(17) Adaptive CSet Selection. Target Free: 212M, Actual Free: 1219M, Max CSet: 64000K, Min Garbage: 0B
[2026-04-03T02:01:38.855+0600][22.506s][info][gc,ergo     ] GC(17) Collectable Garbage: 196M (98%), Immediate: 159M (80%), CSet: 36932K (18%)
[2026-04-03T02:01:38.855+0600][22.506s][info][gc,ergo     ] GC(17) Pacer for Evacuation. Used CSet: 39468K, Free: 1147M, Non-Taxable: 114M, Alloc Tax Rate: 1.1x
[2026-04-03T02:01:38.855+0600][22.506s][info][gc          ] GC(17) Pause Final Mark (unload classes) 0.727ms
[2026-04-03T02:01:38.856+0600][22.506s][info][gc,start    ] GC(17) Concurrent thread roots
[2026-04-03T02:01:38.856+0600][22.506s][info][gc,task     ] GC(17) Using 3 of 6 workers for Concurrent thread roots
[2026-04-03T02:01:38.856+0600][22.507s][info][gc          ] GC(17) Concurrent thread roots 0.948ms
[2026-04-03T02:01:38.857+0600][22.507s][info][gc,start    ] GC(17) Concurrent weak references
[2026-04-03T02:01:38.857+0600][22.507s][info][gc,task     ] GC(17) Using 3 of 6 workers for concurrent weak references
[2026-04-03T02:01:38.857+0600][22.508s][info][gc,ref      ] GC(17) Encountered references: Soft: 3105, Weak: 5889, Final: 82, Phantom: 594
[2026-04-03T02:01:38.857+0600][22.508s][info][gc,ref      ] GC(17) Discovered  references: Soft: 0, Weak: 1267, Final: 0, Phantom: 591
[2026-04-03T02:01:38.857+0600][22.508s][info][gc,ref      ] GC(17) Enqueued    references: Soft: 0, Weak: 194, Final: 0, Phantom: 0
[2026-04-03T02:01:38.857+0600][22.508s][info][gc          ] GC(17) Concurrent weak references 0.723ms
[2026-04-03T02:01:38.857+0600][22.508s][info][gc,start    ] GC(17) Concurrent weak roots
[2026-04-03T02:01:38.857+0600][22.508s][info][gc,task     ] GC(17) Using 3 of 6 workers for concurrent weak root
[2026-04-03T02:01:38.859+0600][22.510s][info][gc          ] GC(17) Concurrent weak roots 2.160ms
[2026-04-03T02:01:38.860+0600][22.510s][info][gc,start    ] GC(17) Concurrent cleanup
[2026-04-03T02:01:38.860+0600][22.510s][info][gc          ] GC(17) Concurrent cleanup 437M->278M(443M) 0.288ms
[2026-04-03T02:01:38.860+0600][22.510s][info][gc,ergo     ] GC(17) Free: 1144M, Max: 512K regular, 477M humongous, Frag: 59% external, 0% internal; Reserve: 76413K, Max: 512K
[2026-04-03T02:01:38.860+0600][22.510s][info][gc,start    ] GC(17) Concurrent class unloading
[2026-04-03T02:01:38.860+0600][22.510s][info][gc,task     ] GC(17) Using 3 of 6 workers for concurrent class unloading
[2026-04-03T02:01:38.865+0600][22.516s][info][gc          ] GC(17) Concurrent class unloading 5.433ms
[2026-04-03T02:01:38.865+0600][22.516s][info][gc,start    ] GC(17) Concurrent strong roots
[2026-04-03T02:01:38.865+0600][22.516s][info][gc,task     ] GC(17) Using 3 of 6 workers for concurrent strong root
[2026-04-03T02:01:38.866+0600][22.517s][info][gc          ] GC(17) Concurrent strong roots 1.080ms
[2026-04-03T02:01:38.867+0600][22.517s][info][gc,start    ] GC(17) Concurrent evacuation
[2026-04-03T02:01:38.867+0600][22.517s][info][gc,task     ] GC(17) Using 3 of 6 workers for concurrent evacuation
[2026-04-03T02:01:38.870+0600][22.520s][info][gc          ] GC(17) Concurrent evacuation 2.983ms
[2026-04-03T02:01:38.870+0600][22.520s][info][gc,start    ] GC(17) Pause Init Update Refs
[2026-04-03T02:01:38.870+0600][22.520s][info][gc,ergo     ] GC(17) Pacer for Update Refs. Used: 291M, Free: 1133M, Non-Taxable: 113M, Alloc Tax Rate: 1.1x
[2026-04-03T02:01:38.870+0600][22.520s][info][gc          ] GC(17) Pause Init Update Refs 0.210ms
[2026-04-03T02:01:38.870+0600][22.521s][info][gc,start    ] GC(17) Concurrent update references
[2026-04-03T02:01:38.870+0600][22.521s][info][gc,task     ] GC(17) Using 3 of 6 workers for concurrent reference update
[2026-04-03T02:01:38.962+0600][22.612s][info][gc          ] GC(17) Concurrent update references 91.457ms
[2026-04-03T02:01:38.962+0600][22.612s][info][gc,start    ] GC(17) Concurrent update thread roots
[2026-04-03T02:01:38.963+0600][22.613s][info][gc          ] GC(17) Concurrent update thread roots 1.036ms
[2026-04-03T02:01:38.963+0600][22.613s][info][gc,start    ] GC(17) Pause Final Update Refs
[2026-04-03T02:01:38.963+0600][22.613s][info][gc,task     ] GC(17) Using 6 of 6 workers for final reference update
[2026-04-03T02:01:38.963+0600][22.613s][info][gc          ] GC(17) Pause Final Update Refs 0.201ms
[2026-04-03T02:01:38.963+0600][22.614s][info][gc,start    ] GC(17) Concurrent cleanup
[2026-04-03T02:01:38.963+0600][22.614s][info][gc          ] GC(17) Concurrent cleanup 378M->340M(446M) 0.222ms
[2026-04-03T02:01:38.963+0600][22.614s][info][gc,ergo     ] Free: 1082M, Max: 512K regular, 477M humongous, Frag: 56% external, 0% internal; Reserve: 76800K, Max: 512K
[2026-04-03T02:01:38.963+0600][22.614s][info][gc,stats    ] 
[2026-04-03T02:01:38.963+0600][22.614s][info][gc,stats    ] All times are wall-clock times, except per-root-class counters, that are sum over
[2026-04-03T02:01:38.963+0600][22.614s][info][gc,stats    ] all workers. Dividing the <total> over the root stage time estimates parallelism.
[2026-04-03T02:01:38.963+0600][22.614s][info][gc,stats    ] 
[2026-04-03T02:01:38.963+0600][22.614s][info][gc,stats    ] Concurrent Reset                    845 us
[2026-04-03T02:01:38.963+0600][22.614s][info][gc,stats    ] Pause Init Mark (G)                 396 us
[2026-04-03T02:01:38.963+0600][22.614s][info][gc,stats    ] Pause Init Mark (N)                 117 us
[2026-04-03T02:01:38.963+0600][22.614s][info][gc,stats    ]   Update Region States               19 us
[2026-04-03T02:01:38.964+0600][22.614s][info][gc,stats    ] Concurrent Mark Roots               782 us, parallelism: 1.72x
[2026-04-03T02:01:38.964+0600][22.614s][info][gc,stats    ]   CMR: <total>                     1341 us
[2026-04-03T02:01:38.964+0600][22.614s][info][gc,stats    ]   CMR: Thread Roots                1058 us, workers (us): 451, 192, 415, ---, ---, ---, 
[2026-04-03T02:01:38.964+0600][22.614s][info][gc,stats    ]   CMR: VM Strong Roots               30 us, workers (us):  16,  13,   1, ---, ---, ---, 
[2026-04-03T02:01:38.964+0600][22.614s][info][gc,stats    ]   CMR: CLDG Roots                   254 us, workers (us): ---, 254, ---, ---, ---, ---, 
[2026-04-03T02:01:38.964+0600][22.614s][info][gc,stats    ] Concurrent Marking                90904 us
[2026-04-03T02:01:38.964+0600][22.614s][info][gc,stats    ] Pause Final Mark (G)                985 us
[2026-04-03T02:01:38.964+0600][22.614s][info][gc,stats    ] Pause Final Mark (N)                743 us
[2026-04-03T02:01:38.964+0600][22.614s][info][gc,stats    ]   Finish Mark                       238 us
[2026-04-03T02:01:38.964+0600][22.614s][info][gc,stats    ]   Update Region States               54 us
[2026-04-03T02:01:38.964+0600][22.614s][info][gc,stats    ]   Choose Collection Set             190 us
[2026-04-03T02:01:38.964+0600][22.614s][info][gc,stats    ]   Rebuild Free Set                   41 us
[2026-04-03T02:01:38.964+0600][22.614s][info][gc,stats    ] Concurrent Thread Roots            1007 us, parallelism: 1.99x
[2026-04-03T02:01:38.964+0600][22.614s][info][gc,stats    ]   CTR: <total>                     2004 us
[2026-04-03T02:01:38.964+0600][22.614s][info][gc,stats    ]   CTR: Thread Roots                2004 us, workers (us): 673, 693, 638, ---, ---, ---, 
[2026-04-03T02:01:38.964+0600][22.614s][info][gc,stats    ] Concurrent Weak References          739 us, parallelism: 0.74x
[2026-04-03T02:01:38.964+0600][22.614s][info][gc,stats    ]   CWRF: <total>                     544 us
[2026-04-03T02:01:38.964+0600][22.614s][info][gc,stats    ]   CWRF: Weak References             544 us, workers (us): 412, 131,   1, ---, ---, ---, 
[2026-04-03T02:01:38.964+0600][22.614s][info][gc,stats    ] Concurrent Weak Roots              2233 us
[2026-04-03T02:01:38.964+0600][22.614s][info][gc,stats    ]   Roots                            1967 us, parallelism: 2.47x
[2026-04-03T02:01:38.964+0600][22.614s][info][gc,stats    ]     CWR: <total>                   4855 us
[2026-04-03T02:01:38.964+0600][22.614s][info][gc,stats    ]     CWR: Code Cache Roots          2589 us, workers (us): 820, 916, 853, ---, ---, ---, 
[2026-04-03T02:01:38.964+0600][22.614s][info][gc,stats    ]     CWR: VM Weak Roots             2175 us, workers (us): 762, 719, 693, ---, ---, ---, 
[2026-04-03T02:01:38.964+0600][22.614s][info][gc,stats    ]     CWR: CLDG Roots                  92 us, workers (us):  92, ---, ---, ---, ---, ---, 
[2026-04-03T02:01:38.964+0600][22.614s][info][gc,stats    ]   Rendezvous                        162 us
[2026-04-03T02:01:38.964+0600][22.614s][info][gc,stats    ] Concurrent Cleanup                  313 us
[2026-04-03T02:01:38.964+0600][22.614s][info][gc,stats    ] Concurrent Class Unloading         5520 us
[2026-04-03T02:01:38.964+0600][22.614s][info][gc,stats    ]   Unlink Stale                     4828 us
[2026-04-03T02:01:38.964+0600][22.614s][info][gc,stats    ]     System Dictionary                93 us
[2026-04-03T02:01:38.964+0600][22.614s][info][gc,stats    ]     Weak Class Links                  0 us
[2026-04-03T02:01:38.964+0600][22.614s][info][gc,stats    ]     Code Roots                     4730 us
[2026-04-03T02:01:38.964+0600][22.614s][info][gc,stats    ]   Rendezvous                        152 us
[2026-04-03T02:01:38.964+0600][22.614s][info][gc,stats    ]   Purge Unlinked                    418 us
[2026-04-03T02:01:38.964+0600][22.614s][info][gc,stats    ]     Code Roots                      408 us
[2026-04-03T02:01:38.964+0600][22.614s][info][gc,stats    ]     CLDG                             10 us
[2026-04-03T02:01:38.964+0600][22.614s][info][gc,stats    ]     Exception Caches                  0 us
[2026-04-03T02:01:38.964+0600][22.614s][info][gc,stats    ] Concurrent Strong Roots            1114 us, parallelism: 0.77x
[2026-04-03T02:01:38.964+0600][22.614s][info][gc,stats    ]   CSR: <total>                      854 us
[2026-04-03T02:01:38.964+0600][22.614s][info][gc,stats    ]   CSR: VM Strong Roots               46 us, workers (us):  15,  16,  15, ---, ---, ---, 
[2026-04-03T02:01:38.964+0600][22.614s][info][gc,stats    ]   CSR: CLDG Roots                   808 us, workers (us): 808, ---, ---, ---, ---, ---, 
[2026-04-03T02:01:38.964+0600][22.614s][info][gc,stats    ] Concurrent Evacuation              3058 us
[2026-04-03T02:01:38.964+0600][22.615s][info][gc,stats    ] Pause Init Update Refs (G)          434 us
[2026-04-03T02:01:38.964+0600][22.615s][info][gc,stats    ] Pause Init Update Refs (N)          224 us
[2026-04-03T02:01:38.964+0600][22.615s][info][gc,stats    ]   Manage GCLABs                      19 us
[2026-04-03T02:01:38.964+0600][22.615s][info][gc,stats    ] Concurrent Update Refs            91580 us
[2026-04-03T02:01:38.964+0600][22.615s][info][gc,stats    ] Concurrent Update Thread Roots     1078 us
[2026-04-03T02:01:38.964+0600][22.615s][info][gc,stats    ] Pause Final Update Refs (G)         377 us
[2026-04-03T02:01:38.964+0600][22.615s][info][gc,stats    ] Pause Final Update Refs (N)         218 us
[2026-04-03T02:01:38.964+0600][22.615s][info][gc,stats    ]   Update Region States               91 us
[2026-04-03T02:01:38.964+0600][22.615s][info][gc,stats    ]   Trash Collection Set               10 us
[2026-04-03T02:01:38.964+0600][22.615s][info][gc,stats    ]   Rebuild Free Set                   32 us
[2026-04-03T02:01:38.964+0600][22.615s][info][gc,stats    ] Concurrent Cleanup                  247 us
[2026-04-03T02:01:38.964+0600][22.615s][info][gc,stats    ] 
[2026-04-03T02:01:38.964+0600][22.615s][info][gc,stats    ] Allocation pacing accrued:
[2026-04-03T02:01:38.964+0600][22.615s][info][gc,stats    ]       0 of   763 ms (  0.0%): <total>
[2026-04-03T02:01:38.964+0600][22.615s][info][gc,stats    ]       0 of   763 ms (  0.0%): <average total>
[2026-04-03T02:01:38.964+0600][22.615s][info][gc,stats    ] 
[2026-04-03T02:01:38.964+0600][22.615s][info][gc,metaspace] Metaspace: 66430K(67200K)->66439K(67264K) NonClass: 58035K(58432K)->58044K(58496K) Class: 8394K(8768K)->8394K(8768K)
[2026-04-03T02:01:38.964+0600][22.615s][info][gc,ergo     ] Pacer for Idle. Initial: 30720K, Alloc Tax Rate: 1.0x
[2026-04-03T02:01:38.988+0600][22.638s][info][gc          ] Trigger: Learning 3 of 5. Free (1048M) is below initial threshold (1050M)
[2026-04-03T02:01:38.988+0600][22.638s][info][gc,ergo     ] Free: 1048M, Max: 512K regular, 477M humongous, Frag: 55% external, 0% internal; Reserve: 76800K, Max: 512K
[2026-04-03T02:01:38.988+0600][22.638s][info][gc,start    ] GC(18) Concurrent reset
[2026-04-03T02:01:38.988+0600][22.638s][info][gc,task     ] GC(18) Using 3 of 6 workers for concurrent reset
[2026-04-03T02:01:38.988+0600][22.638s][info][gc,ergo     ] GC(18) Pacer for Reset. Non-Taxable: 1500M
[2026-04-03T02:01:38.989+0600][22.639s][info][gc          ] GC(18) Concurrent reset 1.201ms
[2026-04-03T02:01:38.989+0600][22.640s][info][gc,start    ] GC(18) Pause Init Mark (unload classes)
[2026-04-03T02:01:38.989+0600][22.640s][info][gc,task     ] GC(18) Using 6 of 6 workers for init marking
[2026-04-03T02:01:38.989+0600][22.640s][info][gc,ergo     ] GC(18) Pacer for Mark. Expected Live: 172M, Free: 1046M, Non-Taxable: 104M, Alloc Tax Rate: 0.2x
[2026-04-03T02:01:38.989+0600][22.640s][info][gc          ] GC(18) Pause Init Mark (unload classes) 0.124ms
[2026-04-03T02:01:38.989+0600][22.640s][info][gc,start    ] GC(18) Concurrent marking roots
[2026-04-03T02:01:38.989+0600][22.640s][info][gc,task     ] GC(18) Using 3 of 6 workers for concurrent marking roots
[2026-04-03T02:01:38.990+0600][22.641s][info][gc          ] GC(18) Concurrent marking roots 1.024ms
[2026-04-03T02:01:38.990+0600][22.641s][info][gc,start    ] GC(18) Concurrent marking (unload classes)
[2026-04-03T02:01:38.990+0600][22.641s][info][gc,task     ] GC(18) Using 3 of 6 workers for concurrent marking
[2026-04-03T02:01:39.088+0600][22.738s][info][gc          ] GC(18) Concurrent marking (unload classes) 97.395ms
[2026-04-03T02:01:39.088+0600][22.739s][info][gc,start    ] GC(18) Pause Final Mark (unload classes)
[2026-04-03T02:01:39.088+0600][22.739s][info][gc,task     ] GC(18) Using 6 of 6 workers for final marking
[2026-04-03T02:01:39.089+0600][22.739s][info][gc,ergo     ] GC(18) Collectable Garbage: 191M (94%), Immediate: 191M (94%), CSet: 0B (0%)
[2026-04-03T02:01:39.089+0600][22.739s][info][gc          ] GC(18) Pause Final Mark (unload classes) 0.699ms
[2026-04-03T02:01:39.089+0600][22.739s][info][gc,start    ] GC(18) Concurrent weak references
[2026-04-03T02:01:39.089+0600][22.739s][info][gc,task     ] GC(18) Using 3 of 6 workers for concurrent weak references
[2026-04-03T02:01:39.089+0600][22.740s][info][gc,ref      ] GC(18) Encountered references: Soft: 3105, Weak: 5703, Final: 82, Phantom: 594
[2026-04-03T02:01:39.089+0600][22.740s][info][gc,ref      ] GC(18) Discovered  references: Soft: 0, Weak: 448, Final: 0, Phantom: 591
[2026-04-03T02:01:39.089+0600][22.740s][info][gc,ref      ] GC(18) Enqueued    references: Soft: 0, Weak: 21, Final: 0, Phantom: 0
[2026-04-03T02:01:39.089+0600][22.740s][info][gc          ] GC(18) Concurrent weak references 0.284ms
[2026-04-03T02:01:39.089+0600][22.740s][info][gc,start    ] GC(18) Concurrent weak roots
[2026-04-03T02:01:39.089+0600][22.740s][info][gc,task     ] GC(18) Using 3 of 6 workers for concurrent weak root
[2026-04-03T02:01:39.092+0600][22.743s][info][gc          ] GC(18) Concurrent weak roots 3.170ms
[2026-04-03T02:01:39.092+0600][22.743s][info][gc,start    ] GC(18) Concurrent cleanup
[2026-04-03T02:01:39.093+0600][22.743s][info][gc          ] GC(18) Concurrent cleanup 463M->271M(476M) 0.305ms
[2026-04-03T02:01:39.093+0600][22.743s][info][gc,ergo     ] GC(18) Free: 1150M, Max: 512K regular, 477M humongous, Frag: 59% external, 0% internal; Reserve: 76800K, Max: 512K
[2026-04-03T02:01:39.093+0600][22.743s][info][gc,start    ] GC(18) Concurrent class unloading
[2026-04-03T02:01:39.093+0600][22.743s][info][gc,task     ] GC(18) Using 3 of 6 workers for concurrent class unloading
[2026-04-03T02:01:39.100+0600][22.750s][info][gc          ] GC(18) Concurrent class unloading 7.042ms
[2026-04-03T02:01:39.100+0600][22.751s][info][gc,start    ] GC(18) Pause Final Roots
[2026-04-03T02:01:39.100+0600][22.751s][info][gc          ] GC(18) Pause Final Roots 0.045ms
[2026-04-03T02:01:39.100+0600][22.751s][info][gc,ergo     ] Free: 1143M, Max: 512K regular, 477M humongous, Frag: 59% external, 0% internal; Reserve: 76800K, Max: 512K
[2026-04-03T02:01:39.100+0600][22.751s][info][gc,stats    ] 
[2026-04-03T02:01:39.100+0600][22.751s][info][gc,stats    ] All times are wall-clock times, except per-root-class counters, that are sum over
[2026-04-03T02:01:39.100+0600][22.751s][info][gc,stats    ] all workers. Dividing the <total> over the root stage time estimates parallelism.
[2026-04-03T02:01:39.100+0600][22.751s][info][gc,stats    ] 
[2026-04-03T02:01:39.100+0600][22.751s][info][gc,stats    ] Concurrent Reset                   1266 us
[2026-04-03T02:01:39.100+0600][22.751s][info][gc,stats    ] Pause Init Mark (G)                 326 us
[2026-04-03T02:01:39.100+0600][22.751s][info][gc,stats    ] Pause Init Mark (N)                 167 us
[2026-04-03T02:01:39.100+0600][22.751s][info][gc,stats    ]   Update Region States               33 us
[2026-04-03T02:01:39.100+0600][22.751s][info][gc,stats    ] Concurrent Mark Roots              1076 us, parallelism: 1.78x
[2026-04-03T02:01:39.100+0600][22.751s][info][gc,stats    ]   CMR: <total>                     1915 us
[2026-04-03T02:01:39.100+0600][22.751s][info][gc,stats    ]   CMR: Thread Roots                1458 us, workers (us): 567, 620, 271, ---, ---, ---, 
[2026-04-03T02:01:39.101+0600][22.751s][info][gc,stats    ]   CMR: VM Strong Roots              135 us, workers (us):  94,  40,   1, ---, ---, ---, 
[2026-04-03T02:01:39.101+0600][22.751s][info][gc,stats    ]   CMR: CLDG Roots                   323 us, workers (us): ---, ---, 323, ---, ---, ---, 
[2026-04-03T02:01:39.101+0600][22.751s][info][gc,stats    ] Concurrent Marking                97502 us
[2026-04-03T02:01:39.101+0600][22.751s][info][gc,stats    ] Pause Final Mark (G)                901 us
[2026-04-03T02:01:39.101+0600][22.751s][info][gc,stats    ] Pause Final Mark (N)                713 us
[2026-04-03T02:01:39.101+0600][22.751s][info][gc,stats    ]   Finish Mark                       430 us
[2026-04-03T02:01:39.101+0600][22.751s][info][gc,stats    ]   Update Region States               49 us
[2026-04-03T02:01:39.101+0600][22.751s][info][gc,stats    ]   Choose Collection Set              72 us
[2026-04-03T02:01:39.101+0600][22.751s][info][gc,stats    ]   Rebuild Free Set                   47 us
[2026-04-03T02:01:39.101+0600][22.751s][info][gc,stats    ] Concurrent Weak References          301 us, parallelism: 0.48x
[2026-04-03T02:01:39.101+0600][22.751s][info][gc,stats    ]   CWRF: <total>                     144 us
[2026-04-03T02:01:39.101+0600][22.751s][info][gc,stats    ]   CWRF: Weak References             144 us, workers (us):  55,  81,   7, ---, ---, ---, 
[2026-04-03T02:01:39.101+0600][22.751s][info][gc,stats    ] Concurrent Weak Roots              3265 us
[2026-04-03T02:01:39.101+0600][22.751s][info][gc,stats    ]   Roots                            2867 us, parallelism: 2.63x
[2026-04-03T02:01:39.101+0600][22.751s][info][gc,stats    ]     CWR: <total>                   7533 us
[2026-04-03T02:01:39.101+0600][22.751s][info][gc,stats    ]     CWR: Code Cache Roots          5689 us, workers (us): 1906, 2002, 1781, ---, ---, ---, 
[2026-04-03T02:01:39.101+0600][22.751s][info][gc,stats    ]     CWR: VM Weak Roots             1681 us, workers (us): 568, 560, 554, ---, ---, ---, 
[2026-04-03T02:01:39.101+0600][22.751s][info][gc,stats    ]     CWR: CLDG Roots                 162 us, workers (us): ---, ---, 162, ---, ---, ---, 
[2026-04-03T02:01:39.101+0600][22.751s][info][gc,stats    ]   Rendezvous                        270 us
[2026-04-03T02:01:39.101+0600][22.751s][info][gc,stats    ] Concurrent Cleanup                  355 us
[2026-04-03T02:01:39.101+0600][22.751s][info][gc,stats    ] Concurrent Class Unloading         7144 us
[2026-04-03T02:01:39.101+0600][22.751s][info][gc,stats    ]   Unlink Stale                     6709 us
[2026-04-03T02:01:39.101+0600][22.751s][info][gc,stats    ]     System Dictionary               136 us
[2026-04-03T02:01:39.101+0600][22.751s][info][gc,stats    ]     Weak Class Links                  1 us
[2026-04-03T02:01:39.101+0600][22.751s][info][gc,stats    ]     Code Roots                     6568 us
[2026-04-03T02:01:39.101+0600][22.751s][info][gc,stats    ]   Rendezvous                        277 us
[2026-04-03T02:01:39.101+0600][22.751s][info][gc,stats    ]   Purge Unlinked                     18 us
[2026-04-03T02:01:39.101+0600][22.751s][info][gc,stats    ]     Code Roots                        4 us
[2026-04-03T02:01:39.101+0600][22.751s][info][gc,stats    ]     CLDG                             13 us
[2026-04-03T02:01:39.101+0600][22.751s][info][gc,stats    ]     Exception Caches                  1 us
[2026-04-03T02:01:39.101+0600][22.751s][info][gc,stats    ] Pause Final Roots (G)               216 us
[2026-04-03T02:01:39.101+0600][22.751s][info][gc,stats    ] Pause Final Roots (N)                68 us
[2026-04-03T02:01:39.101+0600][22.751s][info][gc,stats    ] 
[2026-04-03T02:01:39.101+0600][22.751s][info][gc,stats    ] Allocation pacing accrued:
[2026-04-03T02:01:39.101+0600][22.752s][info][gc,stats    ]       0 of   137 ms (  0.0%): <total>
[2026-04-03T02:01:39.101+0600][22.752s][info][gc,stats    ]       0 of   137 ms (  0.0%): <average total>
[2026-04-03T02:01:39.101+0600][22.752s][info][gc,stats    ] 
[2026-04-03T02:01:39.101+0600][22.752s][info][gc,metaspace] Metaspace: 66439K(67264K)->66439K(67264K) NonClass: 58044K(58496K)->58044K(58496K) Class: 8394K(8768K)->8394K(8768K)
[2026-04-03T02:01:39.101+0600][22.752s][info][gc,ergo     ] Pacer for Idle. Initial: 30720K, Alloc Tax Rate: 1.0x
[2026-04-03T02:01:39.166+0600][22.817s][info][gc          ] Trigger: Learning 4 of 5. Free (1049M) is below initial threshold (1050M)
[2026-04-03T02:01:39.167+0600][22.817s][info][gc,ergo     ] Free: 1049M, Max: 512K regular, 477M humongous, Frag: 55% external, 0% internal; Reserve: 76800K, Max: 512K
[2026-04-03T02:01:39.167+0600][22.817s][info][gc,start    ] GC(19) Concurrent reset
[2026-04-03T02:01:39.167+0600][22.817s][info][gc,task     ] GC(19) Using 3 of 6 workers for concurrent reset
[2026-04-03T02:01:39.167+0600][22.817s][info][gc,ergo     ] GC(19) Pacer for Reset. Non-Taxable: 1500M
[2026-04-03T02:01:39.168+0600][22.819s][info][gc          ] GC(19) Concurrent reset 1.313ms
[2026-04-03T02:01:39.168+0600][22.819s][info][gc,start    ] GC(19) Pause Init Mark (unload classes)
[2026-04-03T02:01:39.168+0600][22.819s][info][gc,task     ] GC(19) Using 6 of 6 workers for init marking
[2026-04-03T02:01:39.168+0600][22.819s][info][gc,ergo     ] GC(19) Pacer for Mark. Expected Live: 172M, Free: 1047M, Non-Taxable: 104M, Alloc Tax Rate: 0.2x
[2026-04-03T02:01:39.168+0600][22.819s][info][gc          ] GC(19) Pause Init Mark (unload classes) 0.162ms
[2026-04-03T02:01:39.169+0600][22.819s][info][gc,start    ] GC(19) Concurrent marking roots
[2026-04-03T02:01:39.169+0600][22.819s][info][gc,task     ] GC(19) Using 3 of 6 workers for concurrent marking roots
[2026-04-03T02:01:39.170+0600][22.820s][info][gc          ] GC(19) Concurrent marking roots 1.040ms
[2026-04-03T02:01:39.170+0600][22.820s][info][gc,start    ] GC(19) Concurrent marking (unload classes)
[2026-04-03T02:01:39.170+0600][22.820s][info][gc,task     ] GC(19) Using 3 of 6 workers for concurrent marking
[2026-04-03T02:01:39.266+0600][22.916s][info][gc          ] GC(19) Concurrent marking (unload classes) 96.087ms
[2026-04-03T02:01:39.266+0600][22.917s][info][gc,start    ] GC(19) Pause Final Mark (unload classes)
[2026-04-03T02:01:39.266+0600][22.917s][info][gc,task     ] GC(19) Using 6 of 6 workers for final marking
[2026-04-03T02:01:39.267+0600][22.917s][info][gc,ergo     ] GC(19) Collectable Garbage: 190M (93%), Immediate: 190M (93%), CSet: 0B (0%)
[2026-04-03T02:01:39.267+0600][22.917s][info][gc          ] GC(19) Pause Final Mark (unload classes) 0.632ms
[2026-04-03T02:01:39.267+0600][22.917s][info][gc,start    ] GC(19) Concurrent weak references
[2026-04-03T02:01:39.267+0600][22.917s][info][gc,task     ] GC(19) Using 3 of 6 workers for concurrent weak references
[2026-04-03T02:01:39.267+0600][22.918s][info][gc,ref      ] GC(19) Encountered references: Soft: 3105, Weak: 5682, Final: 82, Phantom: 594
[2026-04-03T02:01:39.267+0600][22.918s][info][gc,ref      ] GC(19) Discovered  references: Soft: 0, Weak: 394, Final: 0, Phantom: 591
[2026-04-03T02:01:39.267+0600][22.918s][info][gc,ref      ] GC(19) Enqueued    references: Soft: 0, Weak: 0, Final: 0, Phantom: 0
[2026-04-03T02:01:39.267+0600][22.918s][info][gc          ] GC(19) Concurrent weak references 0.359ms
[2026-04-03T02:01:39.267+0600][22.918s][info][gc,start    ] GC(19) Concurrent weak roots
[2026-04-03T02:01:39.267+0600][22.918s][info][gc,task     ] GC(19) Using 3 of 6 workers for concurrent weak root
[2026-04-03T02:01:39.269+0600][22.920s][info][gc          ] GC(19) Concurrent weak roots 2.090ms
[2026-04-03T02:01:39.269+0600][22.920s][info][gc,start    ] GC(19) Concurrent cleanup
[2026-04-03T02:01:39.270+0600][22.920s][info][gc          ] GC(19) Concurrent cleanup 467M->278M(480M) 0.343ms
[2026-04-03T02:01:39.270+0600][22.920s][info][gc,ergo     ] GC(19) Free: 1144M, Max: 512K regular, 477M humongous, Frag: 59% external, 0% internal; Reserve: 76800K, Max: 512K
[2026-04-03T02:01:39.270+0600][22.920s][info][gc,start    ] GC(19) Concurrent class unloading
[2026-04-03T02:01:39.270+0600][22.920s][info][gc,task     ] GC(19) Using 3 of 6 workers for concurrent class unloading
[2026-04-03T02:01:39.276+0600][22.926s][info][gc          ] GC(19) Concurrent class unloading 5.774ms
[2026-04-03T02:01:39.276+0600][22.926s][info][gc,start    ] GC(19) Pause Final Roots
[2026-04-03T02:01:39.276+0600][22.926s][info][gc          ] GC(19) Pause Final Roots 0.049ms
[2026-04-03T02:01:39.276+0600][22.927s][info][gc,ergo     ] Free: 1139M, Max: 512K regular, 477M humongous, Frag: 59% external, 0% internal; Reserve: 76800K, Max: 512K
[2026-04-03T02:01:39.276+0600][22.927s][info][gc,stats    ] 
[2026-04-03T02:01:39.276+0600][22.927s][info][gc,stats    ] All times are wall-clock times, except per-root-class counters, that are sum over
[2026-04-03T02:01:39.276+0600][22.927s][info][gc,stats    ] all workers. Dividing the <total> over the root stage time estimates parallelism.
[2026-04-03T02:01:39.276+0600][22.927s][info][gc,stats    ] 
[2026-04-03T02:01:39.276+0600][22.927s][info][gc,stats    ] Concurrent Reset                   1384 us
[2026-04-03T02:01:39.276+0600][22.927s][info][gc,stats    ] Pause Init Mark (G)                 455 us
[2026-04-03T02:01:39.276+0600][22.927s][info][gc,stats    ] Pause Init Mark (N)                 174 us
[2026-04-03T02:01:39.276+0600][22.927s][info][gc,stats    ]   Update Region States               67 us
[2026-04-03T02:01:39.276+0600][22.927s][info][gc,stats    ] Concurrent Mark Roots              1093 us, parallelism: 1.52x
[2026-04-03T02:01:39.276+0600][22.927s][info][gc,stats    ]   CMR: <total>                     1662 us
[2026-04-03T02:01:39.276+0600][22.927s][info][gc,stats    ]   CMR: Thread Roots                1368 us, workers (us): 311, 530, 527, ---, ---, ---, 
[2026-04-03T02:01:39.276+0600][22.927s][info][gc,stats    ]   CMR: VM Strong Roots               31 us, workers (us):  29,   1,   1, ---, ---, ---, 
[2026-04-03T02:01:39.276+0600][22.927s][info][gc,stats    ]   CMR: CLDG Roots                   263 us, workers (us): 263, ---, ---, ---, ---, ---, 
[2026-04-03T02:01:39.276+0600][22.927s][info][gc,stats    ] Concurrent Marking                96206 us
[2026-04-03T02:01:39.276+0600][22.927s][info][gc,stats    ] Pause Final Mark (G)               1004 us
[2026-04-03T02:01:39.276+0600][22.927s][info][gc,stats    ] Pause Final Mark (N)                684 us
[2026-04-03T02:01:39.276+0600][22.927s][info][gc,stats    ]   Finish Mark                       288 us
[2026-04-03T02:01:39.276+0600][22.927s][info][gc,stats    ]   Update Region States               71 us
[2026-04-03T02:01:39.276+0600][22.927s][info][gc,stats    ]   Choose Collection Set             126 us
[2026-04-03T02:01:39.276+0600][22.927s][info][gc,stats    ]   Rebuild Free Set                   41 us
[2026-04-03T02:01:39.276+0600][22.927s][info][gc,stats    ] Concurrent Weak References          377 us, parallelism: 0.42x
[2026-04-03T02:01:39.276+0600][22.927s][info][gc,stats    ]   CWRF: <total>                     157 us
[2026-04-03T02:01:39.276+0600][22.927s][info][gc,stats    ]   CWRF: Weak References             157 us, workers (us):  90,  66,   2, ---, ---, ---, 
[2026-04-03T02:01:39.276+0600][22.927s][info][gc,stats    ] Concurrent Weak Roots              2177 us
[2026-04-03T02:01:39.276+0600][22.927s][info][gc,stats    ]   Roots                            1813 us, parallelism: 2.45x
[2026-04-03T02:01:39.276+0600][22.927s][info][gc,stats    ]     CWR: <total>                   4446 us
[2026-04-03T02:01:39.276+0600][22.927s][info][gc,stats    ]     CWR: Code Cache Roots          3017 us, workers (us): 977, 1023, 1016, ---, ---, ---, 
[2026-04-03T02:01:39.276+0600][22.927s][info][gc,stats    ]     CWR: VM Weak Roots             1386 us, workers (us): 491, 484, 411, ---, ---, ---, 
[2026-04-03T02:01:39.276+0600][22.927s][info][gc,stats    ]     CWR: CLDG Roots                  43 us, workers (us):  43, ---, ---, ---, ---, ---, 
[2026-04-03T02:01:39.277+0600][22.927s][info][gc,stats    ]   Rendezvous                        240 us
[2026-04-03T02:01:39.277+0600][22.927s][info][gc,stats    ] Concurrent Cleanup                  376 us
[2026-04-03T02:01:39.277+0600][22.927s][info][gc,stats    ] Concurrent Class Unloading         5874 us
[2026-04-03T02:01:39.277+0600][22.927s][info][gc,stats    ]   Unlink Stale                     5450 us
[2026-04-03T02:01:39.277+0600][22.927s][info][gc,stats    ]     System Dictionary               103 us
[2026-04-03T02:01:39.277+0600][22.927s][info][gc,stats    ]     Weak Class Links                  1 us
[2026-04-03T02:01:39.277+0600][22.927s][info][gc,stats    ]     Code Roots                     5341 us
[2026-04-03T02:01:39.277+0600][22.927s][info][gc,stats    ]   Rendezvous                        267 us
[2026-04-03T02:01:39.277+0600][22.927s][info][gc,stats    ]   Purge Unlinked                     14 us
[2026-04-03T02:01:39.277+0600][22.927s][info][gc,stats    ]     Code Roots                        4 us
[2026-04-03T02:01:39.277+0600][22.927s][info][gc,stats    ]     CLDG                              9 us
[2026-04-03T02:01:39.277+0600][22.927s][info][gc,stats    ]     Exception Caches                  0 us
[2026-04-03T02:01:39.277+0600][22.927s][info][gc,stats    ] Pause Final Roots (G)               286 us
[2026-04-03T02:01:39.277+0600][22.927s][info][gc,stats    ] Pause Final Roots (N)                69 us
[2026-04-03T02:01:39.277+0600][22.927s][info][gc,stats    ] 
[2026-04-03T02:01:39.277+0600][22.927s][info][gc,stats    ] Allocation pacing accrued:
[2026-04-03T02:01:39.277+0600][22.927s][info][gc,stats    ]       0 of   176 ms (  0.0%): <total>
[2026-04-03T02:01:39.277+0600][22.927s][info][gc,stats    ]       0 of   176 ms (  0.0%): <average total>
[2026-04-03T02:01:39.277+0600][22.927s][info][gc,stats    ] 
[2026-04-03T02:01:39.277+0600][22.927s][info][gc,metaspace] Metaspace: 66439K(67264K)->66439K(67264K) NonClass: 58044K(58496K)->58044K(58496K) Class: 8394K(8768K)->8394K(8768K)
[2026-04-03T02:01:39.277+0600][22.927s][info][gc,ergo     ] Pacer for Idle. Initial: 30720K, Alloc Tax Rate: 1.0x
[2026-04-03T02:01:39.343+0600][22.994s][info][gc          ] Trigger: Learning 5 of 5. Free (1049M) is below initial threshold (1050M)
[2026-04-03T02:01:39.343+0600][22.994s][info][gc,ergo     ] Free: 1049M, Max: 512K regular, 477M humongous, Frag: 55% external, 0% internal; Reserve: 76800K, Max: 512K
[2026-04-03T02:01:39.343+0600][22.994s][info][gc,start    ] GC(20) Concurrent reset
[2026-04-03T02:01:39.343+0600][22.994s][info][gc,task     ] GC(20) Using 3 of 6 workers for concurrent reset
[2026-04-03T02:01:39.343+0600][22.994s][info][gc,ergo     ] GC(20) Pacer for Reset. Non-Taxable: 1500M
[2026-04-03T02:01:39.344+0600][22.995s][info][gc          ] GC(20) Concurrent reset 0.897ms
[2026-04-03T02:01:39.344+0600][22.995s][info][gc,start    ] GC(20) Pause Init Mark (unload classes)
[2026-04-03T02:01:39.344+0600][22.995s][info][gc,task     ] GC(20) Using 6 of 6 workers for init marking
[2026-04-03T02:01:39.344+0600][22.995s][info][gc,ergo     ] GC(20) Pacer for Mark. Expected Live: 172M, Free: 1047M, Non-Taxable: 104M, Alloc Tax Rate: 0.2x
[2026-04-03T02:01:39.345+0600][22.995s][info][gc          ] GC(20) Pause Init Mark (unload classes) 0.123ms
[2026-04-03T02:01:39.345+0600][22.995s][info][gc,start    ] GC(20) Concurrent marking roots
[2026-04-03T02:01:39.345+0600][22.995s][info][gc,task     ] GC(20) Using 3 of 6 workers for concurrent marking roots
[2026-04-03T02:01:39.345+0600][22.996s][info][gc          ] GC(20) Concurrent marking roots 0.749ms
[2026-04-03T02:01:39.345+0600][22.996s][info][gc,start    ] GC(20) Concurrent marking (unload classes)
[2026-04-03T02:01:39.345+0600][22.996s][info][gc,task     ] GC(20) Using 3 of 6 workers for concurrent marking
[2026-04-03T02:01:39.430+0600][23.081s][info][gc          ] GC(20) Concurrent marking (unload classes) 84.695ms
[2026-04-03T02:01:39.430+0600][23.081s][info][gc,start    ] GC(20) Pause Final Mark (unload classes)
[2026-04-03T02:01:39.430+0600][23.081s][info][gc,task     ] GC(20) Using 6 of 6 workers for final marking
[2026-04-03T02:01:39.431+0600][23.081s][info][gc,ergo     ] GC(20) Collectable Garbage: 190M (93%), Immediate: 190M (93%), CSet: 0B (0%)
[2026-04-03T02:01:39.431+0600][23.081s][info][gc          ] GC(20) Pause Final Mark (unload classes) 0.530ms
[2026-04-03T02:01:39.431+0600][23.082s][info][gc,start    ] GC(20) Concurrent weak references
[2026-04-03T02:01:39.431+0600][23.082s][info][gc,task     ] GC(20) Using 3 of 6 workers for concurrent weak references
[2026-04-03T02:01:39.431+0600][23.082s][info][gc,ref      ] GC(20) Encountered references: Soft: 3105, Weak: 5682, Final: 82, Phantom: 594
[2026-04-03T02:01:39.431+0600][23.082s][info][gc,ref      ] GC(20) Discovered  references: Soft: 0, Weak: 413, Final: 0, Phantom: 591
[2026-04-03T02:01:39.431+0600][23.082s][info][gc,ref      ] GC(20) Enqueued    references: Soft: 0, Weak: 0, Final: 0, Phantom: 0
[2026-04-03T02:01:39.431+0600][23.082s][info][gc          ] GC(20) Concurrent weak references 0.321ms
[2026-04-03T02:01:39.431+0600][23.082s][info][gc,start    ] GC(20) Concurrent weak roots
[2026-04-03T02:01:39.431+0600][23.082s][info][gc,task     ] GC(20) Using 3 of 6 workers for concurrent weak root
[2026-04-03T02:01:39.433+0600][23.084s][info][gc          ] GC(20) Concurrent weak roots 1.924ms
[2026-04-03T02:01:39.433+0600][23.084s][info][gc,start    ] GC(20) Concurrent cleanup
[2026-04-03T02:01:39.434+0600][23.084s][info][gc          ] GC(20) Concurrent cleanup 477M->287M(490M) 0.231ms
[2026-04-03T02:01:39.434+0600][23.084s][info][gc,ergo     ] GC(20) Free: 1134M, Max: 512K regular, 477M humongous, Frag: 58% external, 0% internal; Reserve: 76800K, Max: 512K
[2026-04-03T02:01:39.434+0600][23.084s][info][gc,start    ] GC(20) Concurrent class unloading
[2026-04-03T02:01:39.434+0600][23.084s][info][gc,task     ] GC(20) Using 3 of 6 workers for concurrent class unloading
[2026-04-03T02:01:39.437+0600][23.088s][info][gc          ] GC(20) Concurrent class unloading 3.786ms
[2026-04-03T02:01:39.438+0600][23.088s][info][gc,start    ] GC(20) Pause Final Roots
[2026-04-03T02:01:39.438+0600][23.088s][info][gc          ] GC(20) Pause Final Roots 0.057ms
[2026-04-03T02:01:39.438+0600][23.088s][info][gc,ergo     ] Free: 1128M, Max: 512K regular, 477M humongous, Frag: 58% external, 0% internal; Reserve: 76800K, Max: 512K
[2026-04-03T02:01:39.438+0600][23.088s][info][gc,stats    ] 
[2026-04-03T02:01:39.438+0600][23.088s][info][gc,stats    ] All times are wall-clock times, except per-root-class counters, that are sum over
[2026-04-03T02:01:39.438+0600][23.088s][info][gc,stats    ] all workers. Dividing the <total> over the root stage time estimates parallelism.
[2026-04-03T02:01:39.438+0600][23.088s][info][gc,stats    ] 
[2026-04-03T02:01:39.438+0600][23.088s][info][gc,stats    ] Concurrent Reset                    956 us
[2026-04-03T02:01:39.438+0600][23.088s][info][gc,stats    ] Pause Init Mark (G)                 418 us
[2026-04-03T02:01:39.438+0600][23.088s][info][gc,stats    ] Pause Init Mark (N)                 134 us
[2026-04-03T02:01:39.438+0600][23.088s][info][gc,stats    ]   Update Region States               31 us
[2026-04-03T02:01:39.438+0600][23.088s][info][gc,stats    ] Concurrent Mark Roots               790 us, parallelism: 1.44x
[2026-04-03T02:01:39.438+0600][23.088s][info][gc,stats    ]   CMR: <total>                     1137 us
[2026-04-03T02:01:39.438+0600][23.088s][info][gc,stats    ]   CMR: Thread Roots                 901 us, workers (us): 382, 181, 338, ---, ---, ---, 
[2026-04-03T02:01:39.438+0600][23.088s][info][gc,stats    ]   CMR: VM Strong Roots               31 us, workers (us):  17,  13,   1, ---, ---, ---, 
[2026-04-03T02:01:39.438+0600][23.088s][info][gc,stats    ]   CMR: CLDG Roots                   205 us, workers (us): ---, 205, ---, ---, ---, ---, 
[2026-04-03T02:01:39.438+0600][23.088s][info][gc,stats    ] Concurrent Marking                84772 us
[2026-04-03T02:01:39.438+0600][23.088s][info][gc,stats    ] Pause Final Mark (G)                822 us
[2026-04-03T02:01:39.438+0600][23.088s][info][gc,stats    ] Pause Final Mark (N)                549 us
[2026-04-03T02:01:39.438+0600][23.088s][info][gc,stats    ]   Finish Mark                       265 us
[2026-04-03T02:01:39.438+0600][23.088s][info][gc,stats    ]   Update Region States               41 us
[2026-04-03T02:01:39.438+0600][23.088s][info][gc,stats    ]   Choose Collection Set             101 us
[2026-04-03T02:01:39.438+0600][23.089s][info][gc,stats    ]   Rebuild Free Set                   30 us
[2026-04-03T02:01:39.438+0600][23.089s][info][gc,stats    ] Concurrent Weak References          333 us, parallelism: 0.27x
[2026-04-03T02:01:39.438+0600][23.089s][info][gc,stats    ]   CWRF: <total>                      90 us
[2026-04-03T02:01:39.438+0600][23.089s][info][gc,stats    ]   CWRF: Weak References              90 us, workers (us):  29,  61,   0, ---, ---, ---, 
[2026-04-03T02:01:39.438+0600][23.089s][info][gc,stats    ] Concurrent Weak Roots              1972 us
[2026-04-03T02:01:39.438+0600][23.089s][info][gc,stats    ]   Roots                            1678 us, parallelism: 2.38x
[2026-04-03T02:01:39.438+0600][23.089s][info][gc,stats    ]     CWR: <total>                   3996 us
[2026-04-03T02:01:39.438+0600][23.089s][info][gc,stats    ]     CWR: Code Cache Roots          2800 us, workers (us): 952, 1021, 827, ---, ---, ---, 
[2026-04-03T02:01:39.438+0600][23.089s][info][gc,stats    ]     CWR: VM Weak Roots             1102 us, workers (us): 416, 389, 297, ---, ---, ---, 
[2026-04-03T02:01:39.438+0600][23.089s][info][gc,stats    ]     CWR: CLDG Roots                  95 us, workers (us): ---, ---,  95, ---, ---, ---, 
[2026-04-03T02:01:39.438+0600][23.089s][info][gc,stats    ]   Rendezvous                        220 us
[2026-04-03T02:01:39.438+0600][23.089s][info][gc,stats    ] Concurrent Cleanup                  250 us
[2026-04-03T02:01:39.438+0600][23.089s][info][gc,stats    ] Concurrent Class Unloading         3850 us
[2026-04-03T02:01:39.438+0600][23.089s][info][gc,stats    ]   Unlink Stale                     3472 us
[2026-04-03T02:01:39.438+0600][23.089s][info][gc,stats    ]     System Dictionary                62 us
[2026-04-03T02:01:39.438+0600][23.089s][info][gc,stats    ]     Weak Class Links                  0 us
[2026-04-03T02:01:39.438+0600][23.089s][info][gc,stats    ]     Code Roots                     3406 us
[2026-04-03T02:01:39.438+0600][23.089s][info][gc,stats    ]   Rendezvous                        253 us
[2026-04-03T02:01:39.438+0600][23.089s][info][gc,stats    ]   Purge Unlinked                     14 us
[2026-04-03T02:01:39.438+0600][23.089s][info][gc,stats    ]     Code Roots                        5 us
[2026-04-03T02:01:39.438+0600][23.089s][info][gc,stats    ]     CLDG                              9 us
[2026-04-03T02:01:39.438+0600][23.089s][info][gc,stats    ]     Exception Caches                  0 us
[2026-04-03T02:01:39.438+0600][23.089s][info][gc,stats    ] Pause Final Roots (G)               138 us
[2026-04-03T02:01:39.438+0600][23.089s][info][gc,stats    ] Pause Final Roots (N)                70 us
[2026-04-03T02:01:39.438+0600][23.089s][info][gc,stats    ] 
[2026-04-03T02:01:39.438+0600][23.089s][info][gc,stats    ] Allocation pacing accrued:
[2026-04-03T02:01:39.438+0600][23.089s][info][gc,stats    ]       0 of   162 ms (  0.0%): <total>
[2026-04-03T02:01:39.438+0600][23.089s][info][gc,stats    ]       0 of   162 ms (  0.0%): <average total>
[2026-04-03T02:01:39.438+0600][23.089s][info][gc,stats    ] 
[2026-04-03T02:01:39.438+0600][23.089s][info][gc,metaspace] Metaspace: 66439K(67264K)->66439K(67264K) NonClass: 58044K(58496K)->58044K(58496K) Class: 8394K(8768K)->8394K(8768K)
[2026-04-03T02:01:39.438+0600][23.089s][info][gc,ergo     ] Pacer for Idle. Initial: 30720K, Alloc Tax Rate: 1.0x
[2026-04-03T02:01:40.730+0600][24.381s][info][gc          ] Cancelling GC: Stopping VM
[2026-04-03T02:01:40.731+0600][24.382s][info][gc,heap,exit] Heap
[2026-04-03T02:01:40.731+0600][24.382s][info][gc,heap,exit] Shenandoah Heap
[2026-04-03T02:01:40.731+0600][24.382s][info][gc,heap,exit]  1500M max, 1500M soft max, 577M committed, 566M used
[2026-04-03T02:01:40.731+0600][24.382s][info][gc,heap,exit]  3000 x 512K regions
[2026-04-03T02:01:40.731+0600][24.382s][info][gc,heap,exit] Status: cancelled
[2026-04-03T02:01:40.731+0600][24.382s][info][gc,heap,exit] Reserved region:
[2026-04-03T02:01:40.731+0600][24.382s][info][gc,heap,exit]  - [0x00000000a2400000, 0x0000000100000000) 
[2026-04-03T02:01:40.731+0600][24.382s][info][gc,heap,exit] Collection set:
[2026-04-03T02:01:40.731+0600][24.382s][info][gc,heap,exit]  - map (vanilla): 0x0000000000011448
[2026-04-03T02:01:40.731+0600][24.382s][info][gc,heap,exit]  - map (biased):  0x0000000000010000
[2026-04-03T02:01:40.731+0600][24.382s][info][gc,heap,exit] 
[2026-04-03T02:01:40.731+0600][24.382s][info][gc,heap,exit]  Metaspace       used 67001K, committed 67840K, reserved 1114112K
[2026-04-03T02:01:40.732+0600][24.382s][info][gc,heap,exit]   class space    used 8493K, committed 8896K, reserved 1048576K
[2026-04-03T02:01:40.732+0600][24.382s][info][gc,stats    ] 
[2026-04-03T02:01:40.732+0600][24.382s][info][gc,stats    ] GC STATISTICS:
[2026-04-03T02:01:40.732+0600][24.382s][info][gc,stats    ]   "(G)" (gross) pauses include VM time: time to notify and block threads, do the pre-
[2026-04-03T02:01:40.732+0600][24.382s][info][gc,stats    ]         and post-safepoint housekeeping. Use -Xlog:safepoint+stats to dissect.
[2026-04-03T02:01:40.732+0600][24.382s][info][gc,stats    ]   "(N)" (net) pauses are the times spent in the actual GC code.
[2026-04-03T02:01:40.732+0600][24.382s][info][gc,stats    ]   "a" is average time for each phase, look at levels to see if average makes sense.
[2026-04-03T02:01:40.732+0600][24.382s][info][gc,stats    ]   "lvls" are quantiles: 0% (minimum), 25%, 50% (median), 75%, 100% (maximum).
[2026-04-03T02:01:40.732+0600][24.382s][info][gc,stats    ] 
[2026-04-03T02:01:40.732+0600][24.382s][info][gc,stats    ]   All times are wall-clock times, except per-root-class counters, that are sum over
[2026-04-03T02:01:40.732+0600][24.382s][info][gc,stats    ]   all workers. Dividing the <total> over the root stage time estimates parallelism.
[2026-04-03T02:01:40.732+0600][24.382s][info][gc,stats    ] 
[2026-04-03T02:01:40.732+0600][24.382s][info][gc,stats    ]   Pacing delays are measured from entering the pacing code till exiting it. Therefore,
[2026-04-03T02:01:40.732+0600][24.382s][info][gc,stats    ]   observed pacing delays may be higher than the threshold when paced thread spent more
[2026-04-03T02:01:40.732+0600][24.382s][info][gc,stats    ]   time in the pacing code. It usually happens when thread is de-scheduled while paced,
[2026-04-03T02:01:40.732+0600][24.382s][info][gc,stats    ]   OS takes longer to unblock the thread, or JVM experiences an STW pause.
[2026-04-03T02:01:40.732+0600][24.382s][info][gc,stats    ] 
[2026-04-03T02:01:40.732+0600][24.382s][info][gc,stats    ]   Higher delay would prevent application outpacing the GC, but it will hide the GC latencies
[2026-04-03T02:01:40.732+0600][24.382s][info][gc,stats    ]   from the STW pause times. Pacing affects the individual threads, and so it would also be
[2026-04-03T02:01:40.732+0600][24.382s][info][gc,stats    ]   invisible to the usual profiling tools, but would add up to end-to-end application latency.
[2026-04-03T02:01:40.732+0600][24.382s][info][gc,stats    ]   Raise max pacing delay with care.
[2026-04-03T02:01:40.732+0600][24.382s][info][gc,stats    ] 
[2026-04-03T02:01:40.732+0600][24.382s][info][gc,stats    ] Concurrent Reset               =    0.037 s (a =     1784 us) (n =    21) (lvls, us =      762,      852,     1133,     1328,     7963)
[2026-04-03T02:01:40.732+0600][24.382s][info][gc,stats    ] Pause Init Mark (G)            =    0.009 s (a =      432 us) (n =    21) (lvls, us =      285,      312,      395,      424,      729)
[2026-04-03T02:01:40.732+0600][24.382s][info][gc,stats    ] Pause Init Mark (N)            =    0.003 s (a =      153 us) (n =    21) (lvls, us =       77,      109,      129,      148,      461)
[2026-04-03T02:01:40.732+0600][24.382s][info][gc,stats    ]   Update Region States         =    0.001 s (a =       31 us) (n =    21) (lvls, us =       16,       20,       24,       31,       86)
[2026-04-03T02:01:40.732+0600][24.382s][info][gc,stats    ] Concurrent Mark Roots          =    0.021 s (a =     1006 us) (n =    21) (lvls, us =      551,      703,      781,     1074,     2772)
[2026-04-03T02:01:40.732+0600][24.382s][info][gc,stats    ]   CMR: <total>                 =    0.035 s (a =     1659 us) (n =    21) (lvls, us =      611,     1094,     1250,     1660,     3769)
[2026-04-03T02:01:40.732+0600][24.382s][info][gc,stats    ]   CMR: Thread Roots            =    0.028 s (a =     1324 us) (n =    21) (lvls, us =      484,      844,      996,     1367,     3081)
[2026-04-03T02:01:40.732+0600][24.382s][info][gc,stats    ]   CMR: VM Strong Roots         =    0.001 s (a =       70 us) (n =    21) (lvls, us =       12,       21,       28,       45,      331)
[2026-04-03T02:01:40.732+0600][24.382s][info][gc,stats    ]   CMR: CLDG Roots              =    0.006 s (a =      266 us) (n =    21) (lvls, us =      113,      189,      252,      275,      673)
[2026-04-03T02:01:40.732+0600][24.382s][info][gc,stats    ] Concurrent Marking             =    1.394 s (a =    66403 us) (n =    21) (lvls, us =     8887,    41797,    70703,    84766,    99806)
[2026-04-03T02:01:40.732+0600][24.382s][info][gc,stats    ] Pause Final Mark (G)           =    0.019 s (a =      919 us) (n =    21) (lvls, us =      660,      803,      877,      984,     1213)
[2026-04-03T02:01:40.732+0600][24.382s][info][gc,stats    ] Pause Final Mark (N)           =    0.014 s (a =      687 us) (n =    21) (lvls, us =      525,      549,      639,      770,      945)
[2026-04-03T02:01:40.732+0600][24.382s][info][gc,stats    ]   Finish Mark                  =    0.006 s (a =      271 us) (n =    21) (lvls, us =      191,      217,      262,      291,      430)
[2026-04-03T02:01:40.732+0600][24.382s][info][gc,stats    ]   Update Region States         =    0.001 s (a =       56 us) (n =    21) (lvls, us =       30,       40,       53,       65,      102)
[2026-04-03T02:01:40.732+0600][24.382s][info][gc,stats    ]   Choose Collection Set        =    0.004 s (a =      200 us) (n =    21) (lvls, us =       71,      100,      145,      271,      415)
[2026-04-03T02:01:40.732+0600][24.383s][info][gc,stats    ]   Rebuild Free Set             =    0.001 s (a =       36 us) (n =    21) (lvls, us =       20,       29,       33,       41,       58)
[2026-04-03T02:01:40.732+0600][24.383s][info][gc,stats    ] Concurrent Thread Roots        =    0.009 s (a =      669 us) (n =    14) (lvls, us =      307,      514,      660,      738,     1007)
[2026-04-03T02:01:40.732+0600][24.383s][info][gc,stats    ]   CTR: <total>                 =    0.015 s (a =     1066 us) (n =    14) (lvls, us =      518,      648,     1035,     1113,     2004)
[2026-04-03T02:01:40.732+0600][24.383s][info][gc,stats    ]   CTR: Thread Roots            =    0.015 s (a =     1066 us) (n =    14) (lvls, us =      518,      648,     1035,     1113,     2004)
[2026-04-03T02:01:40.732+0600][24.383s][info][gc,stats    ] Concurrent Weak References     =    0.012 s (a =      581 us) (n =    21) (lvls, us =      285,      332,      395,      727,     1482)
[2026-04-03T02:01:40.732+0600][24.383s][info][gc,stats    ]   CWRF: <total>                =    0.009 s (a =      444 us) (n =    21) (lvls, us =       90,      143,      375,      570,     1169)
[2026-04-03T02:01:40.732+0600][24.383s][info][gc,stats    ]   CWRF: Weak References        =    0.009 s (a =      444 us) (n =    21) (lvls, us =       90,      143,      375,      570,     1169)
[2026-04-03T02:01:40.732+0600][24.383s][info][gc,stats    ] Concurrent Weak Roots          =    0.044 s (a =     2075 us) (n =    21) (lvls, us =     1035,     1719,     1953,     2227,     3265)
[2026-04-03T02:01:40.732+0600][24.383s][info][gc,stats    ]   Roots                        =    0.037 s (a =     1763 us) (n =    21) (lvls, us =      793,     1445,     1660,     1953,     2867)
[2026-04-03T02:01:40.732+0600][24.383s][info][gc,stats    ]     CWR: <total>               =    0.091 s (a =     4352 us) (n =    21) (lvls, us =     1875,     3320,     4121,     4844,     7533)
[2026-04-03T02:01:40.732+0600][24.383s][info][gc,stats    ]     CWR: Code Cache Roots      =    0.054 s (a =     2590 us) (n =    21) (lvls, us =      662,     1797,     2617,     2852,     5689)
[2026-04-03T02:01:40.732+0600][24.383s][info][gc,stats    ]     CWR: VM Weak Roots         =    0.036 s (a =     1694 us) (n =    21) (lvls, us =      820,     1094,     1367,     1738,     2882)
[2026-04-03T02:01:40.732+0600][24.383s][info][gc,stats    ]     CWR: CLDG Roots            =    0.001 s (a =       69 us) (n =    21) (lvls, us =       12,       34,       57,       94,      162)
[2026-04-03T02:01:40.732+0600][24.383s][info][gc,stats    ]   Rendezvous                   =    0.004 s (a =      211 us) (n =    21) (lvls, us =      107,      164,      201,      230,      316)
[2026-04-03T02:01:40.732+0600][24.383s][info][gc,stats    ] Concurrent Cleanup             =    0.008 s (a =      391 us) (n =    21) (lvls, us =      164,      242,      295,      547,      710)
[2026-04-03T02:01:40.732+0600][24.383s][info][gc,stats    ] Concurrent Class Unloading     =    0.144 s (a =     6878 us) (n =    21) (lvls, us =     2324,     3848,     4727,     6543,    23234)
[2026-04-03T02:01:40.732+0600][24.383s][info][gc,stats    ]   Unlink Stale                 =    0.125 s (a =     5966 us) (n =    21) (lvls, us =     1582,     3457,     4238,     5449,    21379)
[2026-04-03T02:01:40.732+0600][24.383s][info][gc,stats    ]     System Dictionary          =    0.003 s (a =      125 us) (n =    21) (lvls, us =       24,       44,       82,      135,      398)
[2026-04-03T02:01:40.732+0600][24.383s][info][gc,stats    ]     Weak Class Links           =    0.038 s (a =     1822 us) (n =    21) (lvls, us =        0,        0,        0,        1,    15025)
[2026-04-03T02:01:40.732+0600][24.383s][info][gc,stats    ]     Code Roots                 =    0.084 s (a =     4014 us) (n =    21) (lvls, us =     1543,     3242,     3633,     4785,     6568)
[2026-04-03T02:01:40.732+0600][24.383s][info][gc,stats    ]   Rendezvous                   =    0.005 s (a =      241 us) (n =    21) (lvls, us =       99,      150,      242,      266,      728)
[2026-04-03T02:01:40.732+0600][24.383s][info][gc,stats    ]   Purge Unlinked               =    0.012 s (a =      551 us) (n =    21) (lvls, us =        7,       18,      342,      795,     2100)
[2026-04-03T02:01:40.732+0600][24.383s][info][gc,stats    ]     Code Roots                 =    0.010 s (a =      471 us) (n =    21) (lvls, us =        2,        4,      234,      625,     2072)
[2026-04-03T02:01:40.732+0600][24.383s][info][gc,stats    ]     CLDG                       =    0.002 s (a =       79 us) (n =    21) (lvls, us =        4,        8,       10,       24,      642)
[2026-04-03T02:01:40.732+0600][24.383s][info][gc,stats    ]     Exception Caches           =    0.000 s (a =        0 us) (n =    21) (lvls, us =        0,        0,        0,        0,        1)
[2026-04-03T02:01:40.732+0600][24.383s][info][gc,stats    ] Concurrent Strong Roots        =    0.014 s (a =      996 us) (n =    14) (lvls, us =      340,      723,      807,     1035,     2330)
[2026-04-03T02:01:40.732+0600][24.383s][info][gc,stats    ]   CSR: <total>                 =    0.010 s (a =      699 us) (n =    14) (lvls, us =      166,      430,      449,      699,     1990)
[2026-04-03T02:01:40.732+0600][24.383s][info][gc,stats    ]   CSR: VM Strong Roots         =    0.000 s (a =       30 us) (n =    14) (lvls, us =       10,       17,       26,       36,       54)
[2026-04-03T02:01:40.732+0600][24.383s][info][gc,stats    ]   CSR: CLDG Roots              =    0.009 s (a =      669 us) (n =    14) (lvls, us =      156,      396,      432,      674,     1945)
[2026-04-03T02:01:40.732+0600][24.383s][info][gc,stats    ] Concurrent Evacuation          =    0.269 s (a =    19204 us) (n =    14) (lvls, us =     2246,     4531,    18555,    28516,    42424)
[2026-04-03T02:01:40.732+0600][24.383s][info][gc,stats    ] Pause Final Roots (G)          =    0.002 s (a =      272 us) (n =     7) (lvls, us =      137,      137,      252,      285,      402)
[2026-04-03T02:01:40.732+0600][24.383s][info][gc,stats    ] Pause Final Roots (N)          =    0.001 s (a =       80 us) (n =     7) (lvls, us =       63,       63,       69,       73,      127)
[2026-04-03T02:01:40.732+0600][24.383s][info][gc,stats    ] Pause Init Update Refs (G)     =    0.006 s (a =      398 us) (n =    14) (lvls, us =      268,      309,      400,      447,      535)
[2026-04-03T02:01:40.732+0600][24.383s][info][gc,stats    ] Pause Init Update Refs (N)     =    0.002 s (a =      133 us) (n =    14) (lvls, us =       90,      104,      117,      139,      224)
[2026-04-03T02:01:40.732+0600][24.383s][info][gc,stats    ]   Manage GCLABs                =    0.000 s (a =       17 us) (n =    14) (lvls, us =        4,        8,       15,       19,       41)
[2026-04-03T02:01:40.732+0600][24.383s][info][gc,stats    ] Concurrent Update Refs         =    0.743 s (a =    53059 us) (n =    14) (lvls, us =     3926,     7520,    49609,    70508,   129065)
[2026-04-03T02:01:40.732+0600][24.383s][info][gc,stats    ] Concurrent Update Thread Roots =    0.011 s (a =      803 us) (n =    14) (lvls, us =      455,      588,      785,      861,     1249)
[2026-04-03T02:01:40.732+0600][24.383s][info][gc,stats    ] Pause Final Update Refs (G)    =    0.006 s (a =      448 us) (n =    14) (lvls, us =      291,      330,      420,      500,      697)
[2026-04-03T02:01:40.732+0600][24.383s][info][gc,stats    ] Pause Final Update Refs (N)    =    0.003 s (a =      210 us) (n =    14) (lvls, us =      148,      162,      184,      217,      328)
[2026-04-03T02:01:40.732+0600][24.383s][info][gc,stats    ]   Update Region States         =    0.001 s (a =       58 us) (n =    14) (lvls, us =       40,       42,       53,       66,       91)
[2026-04-03T02:01:40.732+0600][24.383s][info][gc,stats    ]   Trash Collection Set         =    0.000 s (a =       14 us) (n =    14) (lvls, us =        7,        9,       12,       15,       29)
[2026-04-03T02:01:40.732+0600][24.383s][info][gc,stats    ]   Rebuild Free Set             =    0.000 s (a =       35 us) (n =    14) (lvls, us =       24,       28,       31,       36,       56)
[2026-04-03T02:01:40.733+0600][24.383s][info][gc,stats    ] Concurrent Cleanup             =    0.008 s (a =      548 us) (n =    14) (lvls, us =      223,      246,      561,      650,      853)
[2026-04-03T02:01:40.733+0600][24.383s][info][gc,stats    ] Concurrent Uncommit            =    0.339 s (a =   113113 us) (n =     3) (lvls, us =    67383,    67383,    67383,    72266,   199575)
[2026-04-03T02:01:40.733+0600][24.383s][info][gc,stats    ] Pacing                         =    0.076 s (a =     3636 us) (n =    21) (lvls, us =        0,        0,        0,        0,    76358)
[2026-04-03T02:01:40.733+0600][24.383s][info][gc,stats    ] 
[2026-04-03T02:01:40.733+0600][24.383s][info][gc,stats    ] 
[2026-04-03T02:01:40.733+0600][24.383s][info][gc,stats    ] Under allocation pressure, concurrent cycles may cancel, and either continue cycle
[2026-04-03T02:01:40.733+0600][24.383s][info][gc,stats    ] under stop-the-world pause or result in stop-the-world Full GC. Increase heap size,
[2026-04-03T02:01:40.733+0600][24.383s][info][gc,stats    ] tune GC heuristics, set more aggressive pacing delay, or lower allocation rate
[2026-04-03T02:01:40.733+0600][24.383s][info][gc,stats    ] to avoid Degenerated and Full GC cycles.
[2026-04-03T02:01:40.733+0600][24.383s][info][gc,stats    ] 
[2026-04-03T02:01:40.733+0600][24.383s][info][gc,stats    ]    21 successful concurrent GCs
[2026-04-03T02:01:40.733+0600][24.383s][info][gc,stats    ]       3 invoked explicitly
[2026-04-03T02:01:40.733+0600][24.383s][info][gc,stats    ]       0 invoked implicitly
[2026-04-03T02:01:40.733+0600][24.383s][info][gc,stats    ] 
[2026-04-03T02:01:40.733+0600][24.383s][info][gc,stats    ]     0 Degenerated GCs
[2026-04-03T02:01:40.733+0600][24.383s][info][gc,stats    ]       0 caused by allocation failure
[2026-04-03T02:01:40.733+0600][24.383s][info][gc,stats    ]       0 upgraded to Full GC
[2026-04-03T02:01:40.733+0600][24.383s][info][gc,stats    ] 
[2026-04-03T02:01:40.733+0600][24.383s][info][gc,stats    ]     0 Full GCs
[2026-04-03T02:01:40.733+0600][24.383s][info][gc,stats    ]       0 invoked explicitly
[2026-04-03T02:01:40.733+0600][24.383s][info][gc,stats    ]       0 invoked implicitly
[2026-04-03T02:01:40.733+0600][24.383s][info][gc,stats    ]       0 caused by allocation failure
[2026-04-03T02:01:40.733+0600][24.383s][info][gc,stats    ]       0 upgraded from Degenerated GC
[2026-04-03T02:01:40.733+0600][24.383s][info][gc,stats    ] 
[2026-04-03T02:01:40.733+0600][24.383s][info][gc,stats    ] 
