[2026-04-03T02:02:45.359+0600][0.005s][info][gc] Heuristics ergonomically sets -XX:+ExplicitGCInvokesConcurrent
[2026-04-03T02:02:45.359+0600][0.005s][info][gc] Heuristics ergonomically sets -XX:+ShenandoahImplicitGCInvokesConcurrent
[2026-04-03T02:02:45.359+0600][0.006s][info][gc] Using Shenandoah
[2026-04-03T02:02:45.360+0600][0.007s][info][gc,ergo] Pacer for Idle. Initial: 35840K, Alloc Tax Rate: 1.0x
[2026-04-03T02:02:45.360+0600][0.007s][info][gc,init] Version: 21.0.10+7-Ubuntu-124.04 (release)
[2026-04-03T02:02:45.360+0600][0.007s][info][gc,init] CPUs: 12 total, 12 available
[2026-04-03T02:02:45.360+0600][0.007s][info][gc,init] Memory: 15683M
[2026-04-03T02:02:45.360+0600][0.007s][info][gc,init] Large Page Support: Disabled
[2026-04-03T02:02:45.361+0600][0.007s][info][gc,init] NUMA Support: Disabled
[2026-04-03T02:02:45.361+0600][0.007s][info][gc,init] Compressed Oops: Enabled (32-bit)
[2026-04-03T02:02:45.361+0600][0.007s][info][gc,init] Heap Min Capacity: 6656K
[2026-04-03T02:02:45.361+0600][0.007s][info][gc,init] Heap Initial Capacity: 251392K
[2026-04-03T02:02:45.361+0600][0.007s][info][gc,init] Heap Max Capacity: 1750M
[2026-04-03T02:02:45.361+0600][0.007s][info][gc,init] Pre-touch: Disabled
[2026-04-03T02:02:45.361+0600][0.007s][info][gc,init] Mode: Snapshot-At-The-Beginning (SATB)
[2026-04-03T02:02:45.361+0600][0.007s][info][gc,init] Heuristics: Adaptive
[2026-04-03T02:02:45.361+0600][0.007s][info][gc,init] Heap Region Count: 3500
[2026-04-03T02:02:45.361+0600][0.007s][info][gc,init] Heap Region Size: 512K
[2026-04-03T02:02:45.361+0600][0.007s][info][gc,init] TLAB Size Max: 512K
[2026-04-03T02:02:45.361+0600][0.007s][info][gc,init] Humongous Object Threshold: 512K
[2026-04-03T02:02:45.361+0600][0.007s][info][gc,init] Parallel Workers: 6
[2026-04-03T02:02:45.361+0600][0.007s][info][gc,init] Concurrent Workers: 3
[2026-04-03T02:02:45.371+0600][0.017s][info][gc,metaspace] CDS archive(s) mapped at: [0x000072faab000000-0x000072faabc9c000-0x000072faabc9c000), size 13221888, SharedBaseAddress: 0x000072faab000000, ArchiveRelocationMode: 1.
[2026-04-03T02:02:45.371+0600][0.017s][info][gc,metaspace] Compressed class space mapped at: 0x000072faac000000-0x000072faec000000, reserved size: 1073741824
[2026-04-03T02:02:45.371+0600][0.017s][info][gc,metaspace] Narrow klass base: 0x000072faab000000, Narrow klass shift: 0, Narrow klass range: 0x100000000
[2026-04-03T02:02:49.480+0600][4.126s][info][gc          ] Trigger: Metadata GC Threshold
[2026-04-03T02:02:49.480+0600][4.127s][info][gc,ergo     ] Free: 1296M, Max: 512K regular, 1296M humongous, Frag: 0% external, 0% internal; Reserve: 89600K, Max: 512K
[2026-04-03T02:02:49.480+0600][4.127s][info][gc,start    ] GC(0) Concurrent reset
[2026-04-03T02:02:49.481+0600][4.127s][info][gc,task     ] GC(0) Using 3 of 6 workers for concurrent reset
[2026-04-03T02:02:49.481+0600][4.127s][info][gc,ergo     ] GC(0) Pacer for Reset. Non-Taxable: 1750M
[2026-04-03T02:02:49.481+0600][4.127s][info][gc          ] GC(0) Concurrent reset 0.885ms
[2026-04-03T02:02:49.481+0600][4.128s][info][gc,start    ] GC(0) Pause Init Mark (unload classes)
[2026-04-03T02:02:49.482+0600][4.129s][info][gc,task     ] GC(0) Using 6 of 6 workers for init marking
[2026-04-03T02:02:49.482+0600][4.129s][info][gc,ergo     ] GC(0) Pacer for Mark. Expected Live: 175M, Free: 1296M, Non-Taxable: 129M, Alloc Tax Rate: 0.2x
[2026-04-03T02:02:49.482+0600][4.129s][info][gc          ] GC(0) Pause Init Mark (unload classes) 0.892ms
[2026-04-03T02:02:49.482+0600][4.129s][info][gc,start    ] GC(0) Concurrent marking roots
[2026-04-03T02:02:49.482+0600][4.129s][info][gc,task     ] GC(0) Using 3 of 6 workers for concurrent marking roots
[2026-04-03T02:02:49.485+0600][4.131s][info][gc          ] GC(0) Concurrent marking roots 2.737ms
[2026-04-03T02:02:49.485+0600][4.132s][info][gc,start    ] GC(0) Concurrent marking (unload classes)
[2026-04-03T02:02:49.485+0600][4.132s][info][gc,task     ] GC(0) Using 3 of 6 workers for concurrent marking
[2026-04-03T02:02:49.495+0600][4.141s][info][gc          ] GC(0) Concurrent marking (unload classes) 9.896ms
[2026-04-03T02:02:49.495+0600][4.142s][info][gc,start    ] GC(0) Pause Final Mark (unload classes)
[2026-04-03T02:02:49.495+0600][4.142s][info][gc,task     ] GC(0) Using 6 of 6 workers for final marking
[2026-04-03T02:02:49.496+0600][4.142s][info][gc,ergo     ] GC(0) Adaptive CSet Selection. Target Free: 247M, Actual Free: 1383M, Max CSet: 74666K, Min Garbage: 0B
[2026-04-03T02:02:49.496+0600][4.142s][info][gc,ergo     ] GC(0) Collectable Garbage: 346M (99%), Immediate: 0B (0%), CSet: 346M (99%)
[2026-04-03T02:02:49.496+0600][4.142s][info][gc,ergo     ] GC(0) Pacer for Evacuation. Used CSet: 358M, Free: 1295M, Non-Taxable: 129M, Alloc Tax Rate: 1.1x
[2026-04-03T02:02:49.496+0600][4.142s][info][gc          ] GC(0) Pause Final Mark (unload classes) 0.798ms
[2026-04-03T02:02:49.496+0600][4.143s][info][gc,start    ] GC(0) Concurrent thread roots
[2026-04-03T02:02:49.496+0600][4.143s][info][gc,task     ] GC(0) Using 3 of 6 workers for Concurrent thread roots
[2026-04-03T02:02:49.497+0600][4.143s][info][gc          ] GC(0) Concurrent thread roots 0.570ms
[2026-04-03T02:02:49.497+0600][4.143s][info][gc,start    ] GC(0) Concurrent weak references
[2026-04-03T02:02:49.497+0600][4.143s][info][gc,task     ] GC(0) Using 3 of 6 workers for concurrent weak references
[2026-04-03T02:02:49.497+0600][4.144s][info][gc,ref      ] GC(0) Encountered references: Soft: 3498, Weak: 1459, Final: 0, Phantom: 563
[2026-04-03T02:02:49.497+0600][4.144s][info][gc,ref      ] GC(0) Discovered  references: Soft: 0, Weak: 1114, Final: 0, Phantom: 560
[2026-04-03T02:02:49.497+0600][4.144s][info][gc,ref      ] GC(0) Enqueued    references: Soft: 0, Weak: 452, Final: 0, Phantom: 0
[2026-04-03T02:02:49.498+0600][4.144s][info][gc          ] GC(0) Concurrent weak references 0.640ms
[2026-04-03T02:02:49.498+0600][4.144s][info][gc,start    ] GC(0) Concurrent weak roots
[2026-04-03T02:02:49.498+0600][4.144s][info][gc,task     ] GC(0) Using 3 of 6 workers for concurrent weak root
[2026-04-03T02:02:49.499+0600][4.145s][info][gc          ] GC(0) Concurrent weak roots 1.198ms
[2026-04-03T02:02:49.499+0600][4.145s][info][gc,start    ] GC(0) Concurrent cleanup
[2026-04-03T02:02:49.499+0600][4.146s][info][gc          ] GC(0) Concurrent cleanup 366M->367M(369M) 0.487ms
[2026-04-03T02:02:49.499+0600][4.146s][info][gc,ergo     ] GC(0) Free: 1295M, Max: 512K regular, 1295M humongous, Frag: 0% external, 0% internal; Reserve: 87552K, Max: 512K
[2026-04-03T02:02:49.499+0600][4.146s][info][gc,start    ] GC(0) Concurrent class unloading
[2026-04-03T02:02:49.499+0600][4.146s][info][gc,task     ] GC(0) Using 3 of 6 workers for concurrent class unloading
[2026-04-03T02:02:49.502+0600][4.148s][info][gc          ] GC(0) Concurrent class unloading 2.680ms
[2026-04-03T02:02:49.502+0600][4.148s][info][gc,start    ] GC(0) Concurrent strong roots
[2026-04-03T02:02:49.502+0600][4.148s][info][gc,task     ] GC(0) Using 3 of 6 workers for concurrent strong root
[2026-04-03T02:02:49.503+0600][4.149s][info][gc          ] GC(0) Concurrent strong roots 0.915ms
[2026-04-03T02:02:49.503+0600][4.149s][info][gc,start    ] GC(0) Concurrent evacuation
[2026-04-03T02:02:49.503+0600][4.149s][info][gc,task     ] GC(0) Using 3 of 6 workers for concurrent evacuation
[2026-04-03T02:02:49.512+0600][4.158s][info][gc          ] GC(0) Concurrent evacuation 8.913ms
[2026-04-03T02:02:49.512+0600][4.159s][info][gc,start    ] GC(0) Pause Init Update Refs
[2026-04-03T02:02:49.512+0600][4.159s][info][gc,ergo     ] GC(0) Pacer for Update Refs. Used: 379M, Free: 1295M, Non-Taxable: 129M, Alloc Tax Rate: 1.1x
[2026-04-03T02:02:49.512+0600][4.159s][info][gc          ] GC(0) Pause Init Update Refs 0.093ms
[2026-04-03T02:02:49.512+0600][4.159s][info][gc,start    ] GC(0) Concurrent update references
[2026-04-03T02:02:49.512+0600][4.159s][info][gc,task     ] GC(0) Using 3 of 6 workers for concurrent reference update
[2026-04-03T02:02:49.517+0600][4.164s][info][gc          ] GC(0) Concurrent update references 4.942ms
[2026-04-03T02:02:49.517+0600][4.164s][info][gc,start    ] GC(0) Concurrent update thread roots
[2026-04-03T02:02:49.518+0600][4.165s][info][gc          ] GC(0) Concurrent update thread roots 1.150ms
[2026-04-03T02:02:49.519+0600][4.165s][info][gc,start    ] GC(0) Pause Final Update Refs
[2026-04-03T02:02:49.519+0600][4.165s][info][gc,task     ] GC(0) Using 6 of 6 workers for final reference update
[2026-04-03T02:02:49.519+0600][4.165s][info][gc          ] GC(0) Pause Final Update Refs 0.191ms
[2026-04-03T02:02:49.519+0600][4.165s][info][gc,start    ] GC(0) Concurrent cleanup
[2026-04-03T02:02:49.520+0600][4.166s][info][gc          ] GC(0) Concurrent cleanup 379M->21M(381M) 0.701ms
[2026-04-03T02:02:49.520+0600][4.166s][info][gc,ergo     ] Free: 1639M, Max: 512K regular, 1281M humongous, Frag: 22% external, 0% internal; Reserve: 89600K, Max: 512K
[2026-04-03T02:02:49.520+0600][4.166s][info][gc,stats    ] 
[2026-04-03T02:02:49.520+0600][4.166s][info][gc,stats    ] All times are wall-clock times, except per-root-class counters, that are sum over
[2026-04-03T02:02:49.520+0600][4.166s][info][gc,stats    ] all workers. Dividing the <total> over the root stage time estimates parallelism.
[2026-04-03T02:02:49.520+0600][4.166s][info][gc,stats    ] 
[2026-04-03T02:02:49.520+0600][4.166s][info][gc,stats    ] Concurrent Reset                    943 us
[2026-04-03T02:02:49.520+0600][4.166s][info][gc,stats    ] Pause Init Mark (G)                1189 us
[2026-04-03T02:02:49.520+0600][4.166s][info][gc,stats    ] Pause Init Mark (N)                 911 us
[2026-04-03T02:02:49.520+0600][4.166s][info][gc,stats    ]   Update Region States               31 us
[2026-04-03T02:02:49.520+0600][4.166s][info][gc,stats    ] Concurrent Mark Roots              2799 us, parallelism: 1.42x
[2026-04-03T02:02:49.520+0600][4.166s][info][gc,stats    ]   CMR: <total>                     3985 us
[2026-04-03T02:02:49.520+0600][4.166s][info][gc,stats    ]   CMR: Thread Roots                2787 us, workers (us): 362, 2425,   0, ---, ---, ---, 
[2026-04-03T02:02:49.520+0600][4.166s][info][gc,stats    ]   CMR: VM Strong Roots              472 us, workers (us): 280, 185,   7, ---, ---, ---, 
[2026-04-03T02:02:49.520+0600][4.166s][info][gc,stats    ]   CMR: CLDG Roots                   726 us, workers (us): ---, ---, 726, ---, ---, ---, 
[2026-04-03T02:02:49.520+0600][4.166s][info][gc,stats    ] Concurrent Marking                 9971 us
[2026-04-03T02:02:49.520+0600][4.166s][info][gc,stats    ] Pause Final Mark (G)               1161 us
[2026-04-03T02:02:49.520+0600][4.166s][info][gc,stats    ] Pause Final Mark (N)                809 us
[2026-04-03T02:02:49.520+0600][4.166s][info][gc,stats    ]   Finish Mark                       193 us
[2026-04-03T02:02:49.520+0600][4.166s][info][gc,stats    ]   Update Region States               52 us
[2026-04-03T02:02:49.520+0600][4.166s][info][gc,stats    ]   Choose Collection Set             398 us
[2026-04-03T02:02:49.520+0600][4.166s][info][gc,stats    ]   Rebuild Free Set                   58 us
[2026-04-03T02:02:49.520+0600][4.166s][info][gc,stats    ] Concurrent Thread Roots             608 us, parallelism: 0.76x
[2026-04-03T02:02:49.520+0600][4.166s][info][gc,stats    ]   CTR: <total>                      461 us
[2026-04-03T02:02:49.520+0600][4.166s][info][gc,stats    ]   CTR: Thread Roots                 461 us, workers (us): 373,  80,   9, ---, ---, ---, 
[2026-04-03T02:02:49.520+0600][4.166s][info][gc,stats    ] Concurrent Weak References          649 us, parallelism: 0.87x
[2026-04-03T02:02:49.520+0600][4.166s][info][gc,stats    ]   CWRF: <total>                     563 us
[2026-04-03T02:02:49.520+0600][4.166s][info][gc,stats    ]   CWRF: Weak References             563 us, workers (us): 199,  15, 348, ---, ---, ---, 
[2026-04-03T02:02:49.520+0600][4.166s][info][gc,stats    ] Concurrent Weak Roots              1238 us
[2026-04-03T02:02:49.520+0600][4.166s][info][gc,stats    ]   Roots                             999 us, parallelism: 2.44x
[2026-04-03T02:02:49.520+0600][4.166s][info][gc,stats    ]     CWR: <total>                   2435 us
[2026-04-03T02:02:49.520+0600][4.166s][info][gc,stats    ]     CWR: Code Cache Roots           830 us, workers (us): 307, 291, 231, ---, ---, ---, 
[2026-04-03T02:02:49.520+0600][4.166s][info][gc,stats    ]     CWR: VM Weak Roots             1594 us, workers (us): 525, 528, 540, ---, ---, ---, 
[2026-04-03T02:02:49.520+0600][4.166s][info][gc,stats    ]     CWR: CLDG Roots                  11 us, workers (us):  11, ---, ---, ---, ---, ---, 
[2026-04-03T02:02:49.520+0600][4.166s][info][gc,stats    ]   Rendezvous                        180 us
[2026-04-03T02:02:49.520+0600][4.166s][info][gc,stats    ] Concurrent Cleanup                  499 us
[2026-04-03T02:02:49.520+0600][4.166s][info][gc,stats    ] Concurrent Class Unloading         2724 us
[2026-04-03T02:02:49.520+0600][4.166s][info][gc,stats    ]   Unlink Stale                     1941 us
[2026-04-03T02:02:49.520+0600][4.166s][info][gc,stats    ]     System Dictionary                39 us
[2026-04-03T02:02:49.520+0600][4.166s][info][gc,stats    ]     Weak Class Links                  0 us
[2026-04-03T02:02:49.520+0600][4.166s][info][gc,stats    ]     Code Roots                     1899 us
[2026-04-03T02:02:49.520+0600][4.166s][info][gc,stats    ]   Rendezvous                        236 us
[2026-04-03T02:02:49.520+0600][4.166s][info][gc,stats    ]   Purge Unlinked                    488 us
[2026-04-03T02:02:49.520+0600][4.166s][info][gc,stats    ]     Code Roots                      476 us
[2026-04-03T02:02:49.520+0600][4.166s][info][gc,stats    ]     CLDG                             11 us
[2026-04-03T02:02:49.520+0600][4.166s][info][gc,stats    ]     Exception Caches                  0 us
[2026-04-03T02:02:49.520+0600][4.166s][info][gc,stats    ] Concurrent Strong Roots             956 us, parallelism: 0.82x
[2026-04-03T02:02:49.520+0600][4.166s][info][gc,stats    ]   CSR: <total>                      785 us
[2026-04-03T02:02:49.520+0600][4.166s][info][gc,stats    ]   CSR: VM Strong Roots               19 us, workers (us):  12,   7,   0, ---, ---, ---, 
[2026-04-03T02:02:49.520+0600][4.166s][info][gc,stats    ]   CSR: CLDG Roots                   766 us, workers (us): ---, 766, ---, ---, ---, ---, 
[2026-04-03T02:02:49.520+0600][4.166s][info][gc,stats    ] Concurrent Evacuation              8977 us
[2026-04-03T02:02:49.520+0600][4.166s][info][gc,stats    ] Pause Init Update Refs (G)          300 us
[2026-04-03T02:02:49.520+0600][4.166s][info][gc,stats    ] Pause Init Update Refs (N)          107 us
[2026-04-03T02:02:49.520+0600][4.166s][info][gc,stats    ]   Manage GCLABs                       7 us
[2026-04-03T02:02:49.520+0600][4.167s][info][gc,stats    ] Concurrent Update Refs             5015 us
[2026-04-03T02:02:49.520+0600][4.167s][info][gc,stats    ] Concurrent Update Thread Roots     1196 us
[2026-04-03T02:02:49.520+0600][4.167s][info][gc,stats    ] Pause Final Update Refs (G)         498 us
[2026-04-03T02:02:49.520+0600][4.167s][info][gc,stats    ] Pause Final Update Refs (N)         245 us
[2026-04-03T02:02:49.520+0600][4.167s][info][gc,stats    ]   Update Region States               78 us
[2026-04-03T02:02:49.520+0600][4.167s][info][gc,stats    ]   Trash Collection Set               18 us
[2026-04-03T02:02:49.520+0600][4.167s][info][gc,stats    ]   Rebuild Free Set                   31 us
[2026-04-03T02:02:49.520+0600][4.167s][info][gc,stats    ] Concurrent Cleanup                  740 us
[2026-04-03T02:02:49.520+0600][4.167s][info][gc,stats    ] 
[2026-04-03T02:02:49.520+0600][4.167s][info][gc,stats    ] Allocation pacing accrued:
[2026-04-03T02:02:49.520+0600][4.167s][info][gc,stats    ]       0 of  4160 ms (  0.0%): <total>
[2026-04-03T02:02:49.520+0600][4.167s][info][gc,stats    ]       0 of  4160 ms (  0.0%): <average total>
[2026-04-03T02:02:49.520+0600][4.167s][info][gc,stats    ] 
[2026-04-03T02:02:49.520+0600][4.167s][info][gc,metaspace] Metaspace: 21286K(21568K)->21432K(21760K) NonClass: 18649K(18816K)->18766K(18944K) Class: 2637K(2752K)->2665K(2816K)
[2026-04-03T02:02:49.520+0600][4.167s][info][gc,ergo     ] Pacer for Idle. Initial: 35840K, Alloc Tax Rate: 1.0x
[2026-04-03T02:02:52.312+0600][6.959s][info][gc          ] Trigger: Metadata GC Threshold
[2026-04-03T02:02:52.312+0600][6.959s][info][gc,ergo     ] Free: 1516M, Max: 512K regular, 1281M humongous, Frag: 16% external, 0% internal; Reserve: 89600K, Max: 512K
[2026-04-03T02:02:52.312+0600][6.959s][info][gc,start    ] GC(1) Concurrent reset
[2026-04-03T02:02:52.312+0600][6.959s][info][gc,task     ] GC(1) Using 3 of 6 workers for concurrent reset
[2026-04-03T02:02:52.312+0600][6.959s][info][gc,ergo     ] GC(1) Pacer for Reset. Non-Taxable: 1750M
[2026-04-03T02:02:52.320+0600][6.966s][info][gc          ] GC(1) Concurrent reset 7.473ms
[2026-04-03T02:02:52.320+0600][6.967s][info][gc,start    ] GC(1) Pause Init Mark (unload classes)
[2026-04-03T02:02:52.320+0600][6.967s][info][gc,task     ] GC(1) Using 6 of 6 workers for init marking
[2026-04-03T02:02:52.320+0600][6.967s][info][gc,ergo     ] GC(1) Pacer for Mark. Expected Live: 18353K, Free: 1516M, Non-Taxable: 151M, Alloc Tax Rate: 0.0x
[2026-04-03T02:02:52.320+0600][6.967s][info][gc          ] GC(1) Pause Init Mark (unload classes) 0.119ms
[2026-04-03T02:02:52.320+0600][6.967s][info][gc,start    ] GC(1) Concurrent marking roots
[2026-04-03T02:02:52.320+0600][6.967s][info][gc,task     ] GC(1) Using 3 of 6 workers for concurrent marking roots
[2026-04-03T02:02:52.322+0600][6.968s][info][gc          ] GC(1) Concurrent marking roots 1.144ms
[2026-04-03T02:02:52.322+0600][6.968s][info][gc,start    ] GC(1) Concurrent marking (unload classes)
[2026-04-03T02:02:52.322+0600][6.968s][info][gc,task     ] GC(1) Using 3 of 6 workers for concurrent marking
[2026-04-03T02:02:52.332+0600][6.978s][info][gc          ] GC(1) Concurrent marking (unload classes) 10.303ms
[2026-04-03T02:02:52.332+0600][6.978s][info][gc,start    ] GC(1) Pause Final Mark (unload classes)
[2026-04-03T02:02:52.332+0600][6.978s][info][gc,task     ] GC(1) Using 6 of 6 workers for final marking
[2026-04-03T02:02:52.332+0600][6.979s][info][gc,ergo     ] GC(1) Adaptive CSet Selection. Target Free: 247M, Actual Free: 1613M, Max CSet: 74666K, Min Garbage: 0B
[2026-04-03T02:02:52.332+0600][6.979s][info][gc,ergo     ] GC(1) Collectable Garbage: 117M (99%), Immediate: 11148K (9%), CSet: 106M (89%)
[2026-04-03T02:02:52.332+0600][6.979s][info][gc,ergo     ] GC(1) Pacer for Evacuation. Used CSet: 111M, Free: 1530M, Non-Taxable: 153M, Alloc Tax Rate: 1.1x
[2026-04-03T02:02:52.332+0600][6.979s][info][gc          ] GC(1) Pause Final Mark (unload classes) 0.541ms
[2026-04-03T02:02:52.333+0600][6.979s][info][gc,start    ] GC(1) Concurrent thread roots
[2026-04-03T02:02:52.333+0600][6.979s][info][gc,task     ] GC(1) Using 3 of 6 workers for Concurrent thread roots
[2026-04-03T02:02:52.333+0600][6.980s][info][gc          ] GC(1) Concurrent thread roots 0.602ms
[2026-04-03T02:02:52.333+0600][6.980s][info][gc,start    ] GC(1) Concurrent weak references
[2026-04-03T02:02:52.333+0600][6.980s][info][gc,task     ] GC(1) Using 3 of 6 workers for concurrent weak references
[2026-04-03T02:02:52.334+0600][6.980s][info][gc,ref      ] GC(1) Encountered references: Soft: 3854, Weak: 2530, Final: 80, Phantom: 569
[2026-04-03T02:02:52.334+0600][6.980s][info][gc,ref      ] GC(1) Discovered  references: Soft: 0, Weak: 805, Final: 48, Phantom: 247
[2026-04-03T02:02:52.334+0600][6.980s][info][gc,ref      ] GC(1) Enqueued    references: Soft: 0, Weak: 479, Final: 0, Phantom: 1
[2026-04-03T02:02:52.334+0600][6.980s][info][gc          ] GC(1) Concurrent weak references 0.588ms
[2026-04-03T02:02:52.334+0600][6.980s][info][gc,start    ] GC(1) Concurrent weak roots
[2026-04-03T02:02:52.334+0600][6.980s][info][gc,task     ] GC(1) Using 3 of 6 workers for concurrent weak root
[2026-04-03T02:02:52.336+0600][6.982s][info][gc          ] GC(1) Concurrent weak roots 1.876ms
[2026-04-03T02:02:52.336+0600][6.982s][info][gc,start    ] GC(1) Concurrent cleanup
[2026-04-03T02:02:52.336+0600][6.983s][info][gc          ] GC(1) Concurrent cleanup 141M->131M(382M) 0.503ms
[2026-04-03T02:02:52.336+0600][6.983s][info][gc,ergo     ] GC(1) Free: 1530M, Max: 512K regular, 1281M humongous, Frag: 17% external, 0% internal; Reserve: 88701K, Max: 512K
[2026-04-03T02:02:52.336+0600][6.983s][info][gc,start    ] GC(1) Concurrent class unloading
[2026-04-03T02:02:52.336+0600][6.983s][info][gc,task     ] GC(1) Using 3 of 6 workers for concurrent class unloading
[2026-04-03T02:02:52.340+0600][6.986s][info][gc          ] GC(1) Concurrent class unloading 3.265ms
[2026-04-03T02:02:52.340+0600][6.986s][info][gc,start    ] GC(1) Concurrent strong roots
[2026-04-03T02:02:52.340+0600][6.986s][info][gc,task     ] GC(1) Using 3 of 6 workers for concurrent strong root
[2026-04-03T02:02:52.340+0600][6.987s][info][gc          ] GC(1) Concurrent strong roots 0.688ms
[2026-04-03T02:02:52.340+0600][6.987s][info][gc,start    ] GC(1) Concurrent evacuation
[2026-04-03T02:02:52.340+0600][6.987s][info][gc,task     ] GC(1) Using 3 of 6 workers for concurrent evacuation
[2026-04-03T02:02:52.345+0600][6.992s][info][gc          ] GC(1) Concurrent evacuation 4.922ms
[2026-04-03T02:02:52.346+0600][6.992s][info][gc,start    ] GC(1) Pause Init Update Refs
[2026-04-03T02:02:52.346+0600][6.992s][info][gc,ergo     ] GC(1) Pacer for Update Refs. Used: 137M, Free: 1529M, Non-Taxable: 152M, Alloc Tax Rate: 1.1x
[2026-04-03T02:02:52.346+0600][6.992s][info][gc          ] GC(1) Pause Init Update Refs 0.067ms
[2026-04-03T02:02:52.346+0600][6.992s][info][gc,start    ] GC(1) Concurrent update references
[2026-04-03T02:02:52.346+0600][6.992s][info][gc,task     ] GC(1) Using 3 of 6 workers for concurrent reference update
[2026-04-03T02:02:52.353+0600][6.999s][info][gc          ] GC(1) Concurrent update references 6.721ms
[2026-04-03T02:02:52.353+0600][6.999s][info][gc,start    ] GC(1) Concurrent update thread roots
[2026-04-03T02:02:52.353+0600][7.000s][info][gc          ] GC(1) Concurrent update thread roots 0.548ms
[2026-04-03T02:02:52.353+0600][7.000s][info][gc,start    ] GC(1) Pause Final Update Refs
[2026-04-03T02:02:52.353+0600][7.000s][info][gc,task     ] GC(1) Using 6 of 6 workers for final reference update
[2026-04-03T02:02:52.354+0600][7.000s][info][gc          ] GC(1) Pause Final Update Refs 0.153ms
[2026-04-03T02:02:52.354+0600][7.000s][info][gc,start    ] GC(1) Concurrent cleanup
[2026-04-03T02:02:52.354+0600][7.001s][info][gc          ] GC(1) Concurrent cleanup 138M->26M(387M) 0.576ms
[2026-04-03T02:02:52.354+0600][7.001s][info][gc,ergo     ] Free: 1634M, Max: 512K regular, 1358M humongous, Frag: 17% external, 0% internal; Reserve: 89600K, Max: 512K
[2026-04-03T02:02:52.354+0600][7.001s][info][gc,stats    ] 
[2026-04-03T02:02:52.354+0600][7.001s][info][gc,stats    ] All times are wall-clock times, except per-root-class counters, that are sum over
[2026-04-03T02:02:52.354+0600][7.001s][info][gc,stats    ] all workers. Dividing the <total> over the root stage time estimates parallelism.
[2026-04-03T02:02:52.354+0600][7.001s][info][gc,stats    ] 
[2026-04-03T02:02:52.354+0600][7.001s][info][gc,stats    ] Concurrent Reset                   7529 us
[2026-04-03T02:02:52.354+0600][7.001s][info][gc,stats    ] Pause Init Mark (G)                 506 us
[2026-04-03T02:02:52.354+0600][7.001s][info][gc,stats    ] Pause Init Mark (N)                 127 us
[2026-04-03T02:02:52.354+0600][7.001s][info][gc,stats    ]   Update Region States               27 us
[2026-04-03T02:02:52.354+0600][7.001s][info][gc,stats    ] Concurrent Mark Roots              1175 us, parallelism: 2.00x
[2026-04-03T02:02:52.354+0600][7.001s][info][gc,stats    ]   CMR: <total>                     2356 us
[2026-04-03T02:02:52.354+0600][7.001s][info][gc,stats    ]   CMR: Thread Roots                1971 us, workers (us): 850, 495, 627, ---, ---, ---, 
[2026-04-03T02:02:52.354+0600][7.001s][info][gc,stats    ]   CMR: VM Strong Roots              116 us, workers (us): 114,   1,   1, ---, ---, ---, 
[2026-04-03T02:02:52.354+0600][7.001s][info][gc,stats    ]   CMR: CLDG Roots                   269 us, workers (us): ---, 269, ---, ---, ---, ---, 
[2026-04-03T02:02:52.354+0600][7.001s][info][gc,stats    ] Concurrent Marking                10371 us
[2026-04-03T02:02:52.354+0600][7.001s][info][gc,stats    ] Pause Final Mark (G)                731 us
[2026-04-03T02:02:52.354+0600][7.001s][info][gc,stats    ] Pause Final Mark (N)                551 us
[2026-04-03T02:02:52.354+0600][7.001s][info][gc,stats    ]   Finish Mark                       219 us
[2026-04-03T02:02:52.354+0600][7.001s][info][gc,stats    ]   Update Region States               46 us
[2026-04-03T02:02:52.354+0600][7.001s][info][gc,stats    ]   Choose Collection Set             150 us
[2026-04-03T02:02:52.354+0600][7.001s][info][gc,stats    ]   Rebuild Free Set                   30 us
[2026-04-03T02:02:52.354+0600][7.001s][info][gc,stats    ] Concurrent Thread Roots             648 us, parallelism: 0.90x
[2026-04-03T02:02:52.354+0600][7.001s][info][gc,stats    ]   CTR: <total>                      586 us
[2026-04-03T02:02:52.354+0600][7.001s][info][gc,stats    ]   CTR: Thread Roots                 586 us, workers (us): 294, 292,   0, ---, ---, ---, 
[2026-04-03T02:02:52.354+0600][7.001s][info][gc,stats    ] Concurrent Weak References          598 us, parallelism: 0.71x
[2026-04-03T02:02:52.354+0600][7.001s][info][gc,stats    ]   CWRF: <total>                     425 us
[2026-04-03T02:02:52.354+0600][7.001s][info][gc,stats    ]   CWRF: Weak References             425 us, workers (us):  38,  75, 312, ---, ---, ---, 
[2026-04-03T02:02:52.354+0600][7.001s][info][gc,stats    ] Concurrent Weak Roots              1925 us
[2026-04-03T02:02:52.354+0600][7.001s][info][gc,stats    ]   Roots                            1580 us, parallelism: 2.42x
[2026-04-03T02:02:52.354+0600][7.001s][info][gc,stats    ]     CWR: <total>                   3819 us
[2026-04-03T02:02:52.354+0600][7.001s][info][gc,stats    ]     CWR: Code Cache Roots          1540 us, workers (us): 562, 516, 462, ---, ---, ---, 
[2026-04-03T02:02:52.354+0600][7.001s][info][gc,stats    ]     CWR: VM Weak Roots             2255 us, workers (us): 759, 750, 746, ---, ---, ---, 
[2026-04-03T02:02:52.354+0600][7.001s][info][gc,stats    ]     CWR: CLDG Roots                  24 us, workers (us): ---,  24, ---, ---, ---, ---, 
[2026-04-03T02:02:52.354+0600][7.001s][info][gc,stats    ]   Rendezvous                        275 us
[2026-04-03T02:02:52.354+0600][7.001s][info][gc,stats    ] Concurrent Cleanup                  516 us
[2026-04-03T02:02:52.355+0600][7.001s][info][gc,stats    ] Concurrent Class Unloading         3345 us
[2026-04-03T02:02:52.355+0600][7.001s][info][gc,stats    ]   Unlink Stale                     2409 us
[2026-04-03T02:02:52.355+0600][7.001s][info][gc,stats    ]     System Dictionary                26 us
[2026-04-03T02:02:52.355+0600][7.001s][info][gc,stats    ]     Weak Class Links                  0 us
[2026-04-03T02:02:52.355+0600][7.001s][info][gc,stats    ]     Code Roots                     2380 us
[2026-04-03T02:02:52.355+0600][7.001s][info][gc,stats    ]   Rendezvous                        189 us
[2026-04-03T02:02:52.355+0600][7.001s][info][gc,stats    ]   Purge Unlinked                    647 us
[2026-04-03T02:02:52.355+0600][7.001s][info][gc,stats    ]     Code Roots                      633 us
[2026-04-03T02:02:52.355+0600][7.001s][info][gc,stats    ]     CLDG                             13 us
[2026-04-03T02:02:52.355+0600][7.001s][info][gc,stats    ]     Exception Caches                  0 us
[2026-04-03T02:02:52.355+0600][7.001s][info][gc,stats    ] Concurrent Strong Roots             742 us, parallelism: 0.67x
[2026-04-03T02:02:52.355+0600][7.001s][info][gc,stats    ]   CSR: <total>                      495 us
[2026-04-03T02:02:52.355+0600][7.001s][info][gc,stats    ]   CSR: VM Strong Roots               58 us, workers (us):  53,   3,   2, ---, ---, ---, 
[2026-04-03T02:02:52.355+0600][7.001s][info][gc,stats    ]   CSR: CLDG Roots                   436 us, workers (us): 436, ---, ---, ---, ---, ---, 
[2026-04-03T02:02:52.355+0600][7.001s][info][gc,stats    ] Concurrent Evacuation              4990 us
[2026-04-03T02:02:52.355+0600][7.001s][info][gc,stats    ] Pause Init Update Refs (G)          515 us
[2026-04-03T02:02:52.355+0600][7.001s][info][gc,stats    ] Pause Init Update Refs (N)           77 us
[2026-04-03T02:02:52.355+0600][7.001s][info][gc,stats    ]   Manage GCLABs                       5 us
[2026-04-03T02:02:52.355+0600][7.001s][info][gc,stats    ] Concurrent Update Refs             6799 us
[2026-04-03T02:02:52.355+0600][7.001s][info][gc,stats    ] Concurrent Update Thread Roots      599 us
[2026-04-03T02:02:52.355+0600][7.001s][info][gc,stats    ] Pause Final Update Refs (G)         223 us
[2026-04-03T02:02:52.355+0600][7.001s][info][gc,stats    ] Pause Final Update Refs (N)         165 us
[2026-04-03T02:02:52.355+0600][7.001s][info][gc,stats    ]   Update Region States               46 us
[2026-04-03T02:02:52.355+0600][7.001s][info][gc,stats    ]   Trash Collection Set               13 us
[2026-04-03T02:02:52.355+0600][7.001s][info][gc,stats    ]   Rebuild Free Set                   32 us
[2026-04-03T02:02:52.355+0600][7.001s][info][gc,stats    ] Concurrent Cleanup                  589 us
[2026-04-03T02:02:52.355+0600][7.001s][info][gc,stats    ] 
[2026-04-03T02:02:52.355+0600][7.001s][info][gc,stats    ] Allocation pacing accrued:
[2026-04-03T02:02:52.355+0600][7.001s][info][gc,stats    ]       0 of  2834 ms (  0.0%): <total>
[2026-04-03T02:02:52.355+0600][7.001s][info][gc,stats    ]       0 of  2834 ms (  0.0%): <average total>
[2026-04-03T02:02:52.355+0600][7.001s][info][gc,stats    ] 
[2026-04-03T02:02:52.355+0600][7.001s][info][gc,metaspace] Metaspace: 35960K(36352K)->36249K(36672K) NonClass: 31492K(31744K)->31744K(32000K) Class: 4467K(4608K)->4505K(4672K)
[2026-04-03T02:02:52.355+0600][7.001s][info][gc,ergo     ] Pacer for Idle. Initial: 35840K, Alloc Tax Rate: 1.0x
[2026-04-03T02:02:54.801+0600][9.447s][info][gc          ] Trigger: Learning 3 of 5. Free (1224M) is below initial threshold (1225M)
[2026-04-03T02:02:54.801+0600][9.447s][info][gc,ergo     ] Free: 1224M, Max: 512K regular, 1224M humongous, Frag: 0% external, 0% internal; Reserve: 89600K, Max: 512K
[2026-04-03T02:02:54.801+0600][9.447s][info][gc,start    ] GC(2) Concurrent reset
[2026-04-03T02:02:54.801+0600][9.447s][info][gc,task     ] GC(2) Using 3 of 6 workers for concurrent reset
[2026-04-03T02:02:54.801+0600][9.447s][info][gc,ergo     ] GC(2) Pacer for Reset. Non-Taxable: 1750M
[2026-04-03T02:02:54.802+0600][9.448s][info][gc          ] GC(2) Concurrent reset 0.705ms
[2026-04-03T02:02:54.802+0600][9.448s][info][gc,start    ] GC(2) Pause Init Mark (unload classes)
[2026-04-03T02:02:54.802+0600][9.448s][info][gc,task     ] GC(2) Using 6 of 6 workers for init marking
[2026-04-03T02:02:54.802+0600][9.448s][info][gc,ergo     ] GC(2) Pacer for Mark. Expected Live: 20104K, Free: 1224M, Non-Taxable: 122M, Alloc Tax Rate: 0.0x
[2026-04-03T02:02:54.802+0600][9.448s][info][gc          ] GC(2) Pause Init Mark (unload classes) 0.088ms
[2026-04-03T02:02:54.802+0600][9.448s][info][gc,start    ] GC(2) Concurrent marking roots
[2026-04-03T02:02:54.802+0600][9.448s][info][gc,task     ] GC(2) Using 3 of 6 workers for concurrent marking roots
[2026-04-03T02:02:54.803+0600][9.449s][info][gc          ] GC(2) Concurrent marking roots 1.041ms
[2026-04-03T02:02:54.803+0600][9.450s][info][gc,start    ] GC(2) Concurrent marking (unload classes)
[2026-04-03T02:02:54.803+0600][9.450s][info][gc,task     ] GC(2) Using 3 of 6 workers for concurrent marking
[2026-04-03T02:02:54.833+0600][9.479s][info][gc          ] GC(2) Concurrent marking (unload classes) 29.513ms
[2026-04-03T02:02:54.833+0600][9.479s][info][gc,start    ] GC(2) Pause Final Mark (unload classes)
[2026-04-03T02:02:54.833+0600][9.479s][info][gc,task     ] GC(2) Using 6 of 6 workers for final marking
[2026-04-03T02:02:54.833+0600][9.480s][info][gc,ergo     ] GC(2) Adaptive CSet Selection. Target Free: 247M, Actual Free: 1301M, Max CSet: 74666K, Min Garbage: 0B
[2026-04-03T02:02:54.833+0600][9.480s][info][gc,ergo     ] GC(2) Collectable Garbage: 381M (99%), Immediate: 6382K (1%), CSet: 375M (97%)
[2026-04-03T02:02:54.833+0600][9.480s][info][gc,ergo     ] GC(2) Pacer for Evacuation. Used CSet: 405M, Free: 1217M, Non-Taxable: 121M, Alloc Tax Rate: 1.1x
[2026-04-03T02:02:54.834+0600][9.480s][info][gc          ] GC(2) Pause Final Mark (unload classes) 0.636ms
[2026-04-03T02:02:54.834+0600][9.480s][info][gc,start    ] GC(2) Concurrent thread roots
[2026-04-03T02:02:54.834+0600][9.480s][info][gc,task     ] GC(2) Using 3 of 6 workers for Concurrent thread roots
[2026-04-03T02:02:54.834+0600][9.481s][info][gc          ] GC(2) Concurrent thread roots 0.517ms
[2026-04-03T02:02:54.834+0600][9.481s][info][gc,start    ] GC(2) Concurrent weak references
[2026-04-03T02:02:54.834+0600][9.481s][info][gc,task     ] GC(2) Using 3 of 6 workers for concurrent weak references
[2026-04-03T02:02:54.835+0600][9.481s][info][gc,ref      ] GC(2) Encountered references: Soft: 3982, Weak: 3248, Final: 82, Phantom: 580
[2026-04-03T02:02:54.835+0600][9.481s][info][gc,ref      ] GC(2) Discovered  references: Soft: 0, Weak: 627, Final: 0, Phantom: 577
[2026-04-03T02:02:54.835+0600][9.481s][info][gc,ref      ] GC(2) Enqueued    references: Soft: 0, Weak: 521, Final: 0, Phantom: 0
[2026-04-03T02:02:54.835+0600][9.481s][info][gc          ] GC(2) Concurrent weak references 0.357ms
[2026-04-03T02:02:54.835+0600][9.481s][info][gc,start    ] GC(2) Concurrent weak roots
[2026-04-03T02:02:54.835+0600][9.481s][info][gc,task     ] GC(2) Using 3 of 6 workers for concurrent weak root
[2026-04-03T02:02:54.836+0600][9.483s][info][gc          ] GC(2) Concurrent weak roots 1.664ms
[2026-04-03T02:02:54.836+0600][9.483s][info][gc,start    ] GC(2) Concurrent cleanup
[2026-04-03T02:02:54.837+0600][9.483s][info][gc          ] GC(2) Concurrent cleanup 451M->445M(458M) 0.192ms
[2026-04-03T02:02:54.837+0600][9.483s][info][gc,ergo     ] GC(2) Free: 1215M, Max: 512K regular, 1206M humongous, Frag: 1% external, 0% internal; Reserve: 89172K, Max: 512K
[2026-04-03T02:02:54.837+0600][9.483s][info][gc,start    ] GC(2) Concurrent class unloading
[2026-04-03T02:02:54.837+0600][9.483s][info][gc,task     ] GC(2) Using 3 of 6 workers for concurrent class unloading
[2026-04-03T02:02:54.840+0600][9.486s][info][gc          ] GC(2) Concurrent class unloading 3.148ms
[2026-04-03T02:02:54.840+0600][9.486s][info][gc,start    ] GC(2) Concurrent strong roots
[2026-04-03T02:02:54.840+0600][9.486s][info][gc,task     ] GC(2) Using 3 of 6 workers for concurrent strong root
[2026-04-03T02:02:54.841+0600][9.488s][info][gc          ] GC(2) Concurrent strong roots 1.430ms
[2026-04-03T02:02:54.841+0600][9.488s][info][gc,start    ] GC(2) Concurrent evacuation
[2026-04-03T02:02:54.841+0600][9.488s][info][gc,task     ] GC(2) Using 3 of 6 workers for concurrent evacuation
[2026-04-03T02:02:54.866+0600][9.512s][info][gc          ] GC(2) Concurrent evacuation 24.628ms
[2026-04-03T02:02:54.866+0600][9.513s][info][gc,start    ] GC(2) Pause Init Update Refs
[2026-04-03T02:02:54.866+0600][9.513s][info][gc,ergo     ] GC(2) Pacer for Update Refs. Used: 492M, Free: 1199M, Non-Taxable: 119M, Alloc Tax Rate: 1.1x
[2026-04-03T02:02:54.866+0600][9.513s][info][gc          ] GC(2) Pause Init Update Refs 0.072ms
[2026-04-03T02:02:54.866+0600][9.513s][info][gc,start    ] GC(2) Concurrent update references
[2026-04-03T02:02:54.866+0600][9.513s][info][gc,task     ] GC(2) Using 3 of 6 workers for concurrent reference update
[2026-04-03T02:02:54.888+0600][9.534s][info][gc          ] GC(2) Concurrent update references 21.323ms
[2026-04-03T02:02:54.888+0600][9.534s][info][gc,start    ] GC(2) Concurrent update thread roots
[2026-04-03T02:02:54.888+0600][9.535s][info][gc          ] GC(2) Concurrent update thread roots 0.591ms
[2026-04-03T02:02:54.888+0600][9.535s][info][gc,start    ] GC(2) Pause Final Update Refs
[2026-04-03T02:02:54.888+0600][9.535s][info][gc,task     ] GC(2) Using 6 of 6 workers for final reference update
[2026-04-03T02:02:54.889+0600][9.535s][info][gc          ] GC(2) Pause Final Update Refs 0.162ms
[2026-04-03T02:02:54.889+0600][9.535s][info][gc,start    ] GC(2) Concurrent cleanup
[2026-04-03T02:02:54.889+0600][9.535s][info][gc          ] GC(2) Concurrent cleanup 502M->97M(505M) 0.330ms
[2026-04-03T02:02:54.889+0600][9.535s][info][gc,ergo     ] Free: 1563M, Max: 512K regular, 1160M humongous, Frag: 26% external, 0% internal; Reserve: 89600K, Max: 512K
[2026-04-03T02:02:54.889+0600][9.535s][info][gc,stats    ] 
[2026-04-03T02:02:54.889+0600][9.535s][info][gc,stats    ] All times are wall-clock times, except per-root-class counters, that are sum over
[2026-04-03T02:02:54.889+0600][9.536s][info][gc,stats    ] all workers. Dividing the <total> over the root stage time estimates parallelism.
[2026-04-03T02:02:54.889+0600][9.536s][info][gc,stats    ] 
[2026-04-03T02:02:54.889+0600][9.536s][info][gc,stats    ] Concurrent Reset                    739 us
[2026-04-03T02:02:54.889+0600][9.536s][info][gc,stats    ] Pause Init Mark (G)                 406 us
[2026-04-03T02:02:54.889+0600][9.536s][info][gc,stats    ] Pause Init Mark (N)                  94 us
[2026-04-03T02:02:54.889+0600][9.536s][info][gc,stats    ]   Update Region States               23 us
[2026-04-03T02:02:54.889+0600][9.536s][info][gc,stats    ] Concurrent Mark Roots              1068 us, parallelism: 2.14x
[2026-04-03T02:02:54.889+0600][9.536s][info][gc,stats    ]   CMR: <total>                     2290 us
[2026-04-03T02:02:54.889+0600][9.536s][info][gc,stats    ]   CMR: Thread Roots                2086 us, workers (us): 601, 743, 742, ---, ---, ---, 
[2026-04-03T02:02:54.889+0600][9.536s][info][gc,stats    ]   CMR: VM Strong Roots               60 us, workers (us):  29,  21,  11, ---, ---, ---, 
[2026-04-03T02:02:54.889+0600][9.536s][info][gc,stats    ]   CMR: CLDG Roots                   144 us, workers (us): 144, ---, ---, ---, ---, ---, 
[2026-04-03T02:02:54.889+0600][9.536s][info][gc,stats    ] Concurrent Marking                29609 us
[2026-04-03T02:02:54.889+0600][9.536s][info][gc,stats    ] Pause Final Mark (G)                948 us
[2026-04-03T02:02:54.889+0600][9.536s][info][gc,stats    ] Pause Final Mark (N)                663 us
[2026-04-03T02:02:54.889+0600][9.536s][info][gc,stats    ]   Finish Mark                       258 us
[2026-04-03T02:02:54.889+0600][9.536s][info][gc,stats    ]   Update Region States               42 us
[2026-04-03T02:02:54.889+0600][9.536s][info][gc,stats    ]   Choose Collection Set             225 us
[2026-04-03T02:02:54.889+0600][9.536s][info][gc,stats    ]   Rebuild Free Set                   28 us
[2026-04-03T02:02:54.889+0600][9.536s][info][gc,stats    ] Concurrent Thread Roots             550 us, parallelism: 1.49x
[2026-04-03T02:02:54.889+0600][9.536s][info][gc,stats    ]   CTR: <total>                      819 us
[2026-04-03T02:02:54.889+0600][9.536s][info][gc,stats    ]   CTR: Thread Roots                 819 us, workers (us): 289, 289, 242, ---, ---, ---, 
[2026-04-03T02:02:54.889+0600][9.536s][info][gc,stats    ] Concurrent Weak References          369 us, parallelism: 0.82x
[2026-04-03T02:02:54.889+0600][9.536s][info][gc,stats    ]   CWRF: <total>                     303 us
[2026-04-03T02:02:54.889+0600][9.536s][info][gc,stats    ]   CWRF: Weak References             303 us, workers (us): 133,  87,  83, ---, ---, ---, 
[2026-04-03T02:02:54.889+0600][9.536s][info][gc,stats    ] Concurrent Weak Roots              1716 us
[2026-04-03T02:02:54.889+0600][9.536s][info][gc,stats    ]   Roots                            1503 us, parallelism: 2.48x
[2026-04-03T02:02:54.889+0600][9.536s][info][gc,stats    ]     CWR: <total>                   3732 us
[2026-04-03T02:02:54.889+0600][9.536s][info][gc,stats    ]     CWR: Code Cache Roots          1581 us, workers (us): 518, 535, 529, ---, ---, ---, 
[2026-04-03T02:02:54.889+0600][9.536s][info][gc,stats    ]     CWR: VM Weak Roots             2125 us, workers (us): 734, 734, 657, ---, ---, ---, 
[2026-04-03T02:02:54.889+0600][9.536s][info][gc,stats    ]     CWR: CLDG Roots                  26 us, workers (us): ---, ---,  26, ---, ---, ---, 
[2026-04-03T02:02:54.889+0600][9.536s][info][gc,stats    ]   Rendezvous                        135 us
[2026-04-03T02:02:54.889+0600][9.536s][info][gc,stats    ] Concurrent Cleanup                  206 us
[2026-04-03T02:02:54.889+0600][9.536s][info][gc,stats    ] Concurrent Class Unloading         3211 us
[2026-04-03T02:02:54.889+0600][9.536s][info][gc,stats    ]   Unlink Stale                     2295 us
[2026-04-03T02:02:54.889+0600][9.536s][info][gc,stats    ]     System Dictionary                28 us
[2026-04-03T02:02:54.889+0600][9.536s][info][gc,stats    ]     Weak Class Links                  1 us
[2026-04-03T02:02:54.889+0600][9.536s][info][gc,stats    ]     Code Roots                     2264 us
[2026-04-03T02:02:54.889+0600][9.536s][info][gc,stats    ]   Rendezvous                        128 us
[2026-04-03T02:02:54.889+0600][9.536s][info][gc,stats    ]   Purge Unlinked                    696 us
[2026-04-03T02:02:54.889+0600][9.536s][info][gc,stats    ]     Code Roots                      686 us
[2026-04-03T02:02:54.889+0600][9.536s][info][gc,stats    ]     CLDG                              9 us
[2026-04-03T02:02:54.889+0600][9.536s][info][gc,stats    ]     Exception Caches                  0 us
[2026-04-03T02:02:54.889+0600][9.536s][info][gc,stats    ] Concurrent Strong Roots            1478 us, parallelism: 0.84x
[2026-04-03T02:02:54.890+0600][9.536s][info][gc,stats    ]   CSR: <total>                     1240 us
[2026-04-03T02:02:54.890+0600][9.536s][info][gc,stats    ]   CSR: VM Strong Roots               47 us, workers (us):  31,  15,   0, ---, ---, ---, 
[2026-04-03T02:02:54.890+0600][9.536s][info][gc,stats    ]   CSR: CLDG Roots                  1194 us, workers (us): ---, 1194, ---, ---, ---, ---, 
[2026-04-03T02:02:54.890+0600][9.536s][info][gc,stats    ] Concurrent Evacuation             24710 us
[2026-04-03T02:02:54.890+0600][9.536s][info][gc,stats    ] Pause Init Update Refs (G)          243 us
[2026-04-03T02:02:54.890+0600][9.536s][info][gc,stats    ] Pause Init Update Refs (N)           83 us
[2026-04-03T02:02:54.890+0600][9.536s][info][gc,stats    ]   Manage GCLABs                       9 us
[2026-04-03T02:02:54.890+0600][9.536s][info][gc,stats    ] Concurrent Update Refs            21406 us
[2026-04-03T02:02:54.890+0600][9.536s][info][gc,stats    ] Concurrent Update Thread Roots      673 us
[2026-04-03T02:02:54.890+0600][9.536s][info][gc,stats    ] Pause Final Update Refs (G)         323 us
[2026-04-03T02:02:54.890+0600][9.536s][info][gc,stats    ] Pause Final Update Refs (N)         184 us
[2026-04-03T02:02:54.890+0600][9.536s][info][gc,stats    ]   Update Region States               48 us
[2026-04-03T02:02:54.890+0600][9.536s][info][gc,stats    ]   Trash Collection Set               12 us
[2026-04-03T02:02:54.890+0600][9.536s][info][gc,stats    ]   Rebuild Free Set                   31 us
[2026-04-03T02:02:54.890+0600][9.536s][info][gc,stats    ] Concurrent Cleanup                  348 us
[2026-04-03T02:02:54.890+0600][9.536s][info][gc,stats    ] 
[2026-04-03T02:02:54.890+0600][9.536s][info][gc,stats    ] Allocation pacing accrued:
[2026-04-03T02:02:54.890+0600][9.536s][info][gc,stats    ]       0 of  2535 ms (  0.0%): <total>
[2026-04-03T02:02:54.890+0600][9.536s][info][gc,stats    ]       0 of  2535 ms (  0.0%): <average total>
[2026-04-03T02:02:54.890+0600][9.536s][info][gc,stats    ] 
[2026-04-03T02:02:54.890+0600][9.536s][info][gc,metaspace] Metaspace: 49242K(49664K)->49242K(49664K) NonClass: 43142K(43392K)->43142K(43392K) Class: 6099K(6272K)->6099K(6272K)
[2026-04-03T02:02:54.890+0600][9.536s][info][gc,ergo     ] Pacer for Idle. Initial: 35840K, Alloc Tax Rate: 1.0x
[2026-04-03T02:02:55.232+0600][9.878s][info][gc          ] Trigger: Learning 4 of 5. Free (1224M) is below initial threshold (1225M)
[2026-04-03T02:02:55.232+0600][9.879s][info][gc,ergo     ] Free: 1224M, Max: 512K regular, 1160M humongous, Frag: 6% external, 0% internal; Reserve: 89600K, Max: 512K
[2026-04-03T02:02:55.232+0600][9.879s][info][gc,start    ] GC(3) Concurrent reset
[2026-04-03T02:02:55.232+0600][9.879s][info][gc,task     ] GC(3) Using 3 of 6 workers for concurrent reset
[2026-04-03T02:02:55.232+0600][9.879s][info][gc,ergo     ] GC(3) Pacer for Reset. Non-Taxable: 1750M
[2026-04-03T02:02:55.233+0600][9.880s][info][gc          ] GC(3) Concurrent reset 1.145ms
[2026-04-03T02:02:55.234+0600][9.880s][info][gc,start    ] GC(3) Pause Init Mark (unload classes)
[2026-04-03T02:02:55.234+0600][9.880s][info][gc,task     ] GC(3) Using 6 of 6 workers for init marking
[2026-04-03T02:02:55.234+0600][9.880s][info][gc,ergo     ] GC(3) Pacer for Mark. Expected Live: 30591K, Free: 1222M, Non-Taxable: 122M, Alloc Tax Rate: 0.0x
[2026-04-03T02:02:55.234+0600][9.880s][info][gc          ] GC(3) Pause Init Mark (unload classes) 0.165ms
[2026-04-03T02:02:55.234+0600][9.880s][info][gc,start    ] GC(3) Concurrent marking roots
[2026-04-03T02:02:55.234+0600][9.880s][info][gc,task     ] GC(3) Using 3 of 6 workers for concurrent marking roots
[2026-04-03T02:02:55.234+0600][9.881s][info][gc          ] GC(3) Concurrent marking roots 0.462ms
[2026-04-03T02:02:55.234+0600][9.881s][info][gc,start    ] GC(3) Concurrent marking (unload classes)
[2026-04-03T02:02:55.234+0600][9.881s][info][gc,task     ] GC(3) Using 3 of 6 workers for concurrent marking
[2026-04-03T02:02:55.278+0600][9.924s][info][gc          ] GC(3) Concurrent marking (unload classes) 43.559ms
[2026-04-03T02:02:55.278+0600][9.925s][info][gc,start    ] GC(3) Pause Final Mark (unload classes)
[2026-04-03T02:02:55.278+0600][9.925s][info][gc,task     ] GC(3) Using 6 of 6 workers for final marking
[2026-04-03T02:02:55.279+0600][9.925s][info][gc,ergo     ] GC(3) Adaptive CSet Selection. Target Free: 247M, Actual Free: 1278M, Max CSet: 74666K, Min Garbage: 0B
[2026-04-03T02:02:55.279+0600][9.925s][info][gc,ergo     ] GC(3) Collectable Garbage: 354M (99%), Immediate: 0B (0%), CSet: 354M (99%)
[2026-04-03T02:02:55.279+0600][9.925s][info][gc,ergo     ] GC(3) Pacer for Evacuation. Used CSet: 386M, Free: 1190M, Non-Taxable: 119M, Alloc Tax Rate: 1.1x
[2026-04-03T02:02:55.279+0600][9.925s][info][gc          ] GC(3) Pause Final Mark (unload classes) 0.688ms
[2026-04-03T02:02:55.279+0600][9.925s][info][gc,start    ] GC(3) Concurrent thread roots
[2026-04-03T02:02:55.279+0600][9.925s][info][gc,task     ] GC(3) Using 3 of 6 workers for Concurrent thread roots
[2026-04-03T02:02:55.280+0600][9.926s][info][gc          ] GC(3) Concurrent thread roots 0.550ms
[2026-04-03T02:02:55.280+0600][9.926s][info][gc,start    ] GC(3) Concurrent weak references
[2026-04-03T02:02:55.280+0600][9.926s][info][gc,task     ] GC(3) Using 3 of 6 workers for concurrent weak references
[2026-04-03T02:02:55.280+0600][9.926s][info][gc,ref      ] GC(3) Encountered references: Soft: 3982, Weak: 2727, Final: 82, Phantom: 580
[2026-04-03T02:02:55.280+0600][9.926s][info][gc,ref      ] GC(3) Discovered  references: Soft: 0, Weak: 772, Final: 1, Phantom: 577
[2026-04-03T02:02:55.280+0600][9.926s][info][gc,ref      ] GC(3) Enqueued    references: Soft: 0, Weak: 0, Final: 0, Phantom: 0
[2026-04-03T02:02:55.280+0600][9.927s][info][gc          ] GC(3) Concurrent weak references 0.537ms
[2026-04-03T02:02:55.280+0600][9.927s][info][gc,start    ] GC(3) Concurrent weak roots
[2026-04-03T02:02:55.280+0600][9.927s][info][gc,task     ] GC(3) Using 3 of 6 workers for concurrent weak root
[2026-04-03T02:02:55.282+0600][9.928s][info][gc          ] GC(3) Concurrent weak roots 1.469ms
[2026-04-03T02:02:55.282+0600][9.928s][info][gc,start    ] GC(3) Concurrent cleanup
[2026-04-03T02:02:55.282+0600][9.929s][info][gc          ] GC(3) Concurrent cleanup 471M->471M(505M) 0.589ms
[2026-04-03T02:02:55.282+0600][9.929s][info][gc,ergo     ] GC(3) Free: 1188M, Max: 512K regular, 1160M humongous, Frag: 3% external, 0% internal; Reserve: 89595K, Max: 512K
[2026-04-03T02:02:55.282+0600][9.929s][info][gc,start    ] GC(3) Concurrent class unloading
[2026-04-03T02:02:55.282+0600][9.929s][info][gc,task     ] GC(3) Using 3 of 6 workers for concurrent class unloading
[2026-04-03T02:02:55.285+0600][9.931s][info][gc          ] GC(3) Concurrent class unloading 2.784ms
[2026-04-03T02:02:55.285+0600][9.932s][info][gc,start    ] GC(3) Concurrent strong roots
[2026-04-03T02:02:55.285+0600][9.932s][info][gc,task     ] GC(3) Using 3 of 6 workers for concurrent strong root
[2026-04-03T02:02:55.286+0600][9.932s][info][gc          ] GC(3) Concurrent strong roots 0.548ms
[2026-04-03T02:02:55.286+0600][9.932s][info][gc,start    ] GC(3) Concurrent evacuation
[2026-04-03T02:02:55.286+0600][9.932s][info][gc,task     ] GC(3) Using 3 of 6 workers for concurrent evacuation
[2026-04-03T02:02:55.313+0600][9.959s][info][gc          ] GC(3) Concurrent evacuation 27.242ms
[2026-04-03T02:02:55.313+0600][9.960s][info][gc,start    ] GC(3) Pause Init Update Refs
[2026-04-03T02:02:55.313+0600][9.960s][info][gc,ergo     ] GC(3) Pacer for Update Refs. Used: 524M, Free: 1168M, Non-Taxable: 116M, Alloc Tax Rate: 1.1x
[2026-04-03T02:02:55.313+0600][9.960s][info][gc          ] GC(3) Pause Init Update Refs 0.109ms
[2026-04-03T02:02:55.313+0600][9.960s][info][gc,start    ] GC(3) Concurrent update references
[2026-04-03T02:02:55.313+0600][9.960s][info][gc,task     ] GC(3) Using 3 of 6 workers for concurrent reference update
[2026-04-03T02:02:55.349+0600][9.995s][info][gc          ] GC(3) Concurrent update references 35.296ms
[2026-04-03T02:02:55.349+0600][9.995s][info][gc,start    ] GC(3) Concurrent update thread roots
[2026-04-03T02:02:55.349+0600][9.996s][info][gc          ] GC(3) Concurrent update thread roots 0.513ms
[2026-04-03T02:02:55.349+0600][9.996s][info][gc,start    ] GC(3) Pause Final Update Refs
[2026-04-03T02:02:55.350+0600][9.996s][info][gc,task     ] GC(3) Using 6 of 6 workers for final reference update
[2026-04-03T02:02:55.350+0600][9.996s][info][gc          ] GC(3) Pause Final Update Refs 0.146ms
[2026-04-03T02:02:55.350+0600][9.996s][info][gc,start    ] GC(3) Concurrent cleanup
[2026-04-03T02:02:55.350+0600][9.997s][info][gc          ] GC(3) Concurrent cleanup 544M->158M(546M) 0.639ms
[2026-04-03T02:02:55.350+0600][9.997s][info][gc,ergo     ] Free: 1501M, Max: 512K regular, 1117M humongous, Frag: 26% external, 0% internal; Reserve: 89600K, Max: 512K
[2026-04-03T02:02:55.351+0600][9.997s][info][gc,stats    ] 
[2026-04-03T02:02:55.351+0600][9.997s][info][gc,stats    ] All times are wall-clock times, except per-root-class counters, that are sum over
[2026-04-03T02:02:55.351+0600][9.997s][info][gc,stats    ] all workers. Dividing the <total> over the root stage time estimates parallelism.
[2026-04-03T02:02:55.351+0600][9.997s][info][gc,stats    ] 
[2026-04-03T02:02:55.351+0600][9.997s][info][gc,stats    ] Concurrent Reset                   1179 us
[2026-04-03T02:02:55.351+0600][9.997s][info][gc,stats    ] Pause Init Mark (G)                 435 us
[2026-04-03T02:02:55.351+0600][9.997s][info][gc,stats    ] Pause Init Mark (N)                 174 us
[2026-04-03T02:02:55.351+0600][9.997s][info][gc,stats    ]   Update Region States               46 us
[2026-04-03T02:02:55.351+0600][9.997s][info][gc,stats    ] Concurrent Mark Roots               493 us, parallelism: 1.54x
[2026-04-03T02:02:55.351+0600][9.997s][info][gc,stats    ]   CMR: <total>                      759 us
[2026-04-03T02:02:55.351+0600][9.997s][info][gc,stats    ]   CMR: Thread Roots                 590 us, workers (us): 260, 124, 206, ---, ---, ---, 
[2026-04-03T02:02:55.351+0600][9.997s][info][gc,stats    ]   CMR: VM Strong Roots               23 us, workers (us):  19,   4,   1, ---, ---, ---, 
[2026-04-03T02:02:55.351+0600][9.997s][info][gc,stats    ]   CMR: CLDG Roots                   146 us, workers (us): ---, 146, ---, ---, ---, ---, 
[2026-04-03T02:02:55.351+0600][9.997s][info][gc,stats    ] Concurrent Marking                43656 us
[2026-04-03T02:02:55.351+0600][9.997s][info][gc,stats    ] Pause Final Mark (G)                978 us
[2026-04-03T02:02:55.351+0600][9.997s][info][gc,stats    ] Pause Final Mark (N)                698 us
[2026-04-03T02:02:55.351+0600][9.997s][info][gc,stats    ]   Finish Mark                       191 us
[2026-04-03T02:02:55.351+0600][9.997s][info][gc,stats    ]   Update Region States               50 us
[2026-04-03T02:02:55.351+0600][9.997s][info][gc,stats    ]   Choose Collection Set             242 us
[2026-04-03T02:02:55.351+0600][9.997s][info][gc,stats    ]   Rebuild Free Set                   35 us
[2026-04-03T02:02:55.351+0600][9.997s][info][gc,stats    ] Concurrent Thread Roots             597 us, parallelism: 1.44x
[2026-04-03T02:02:55.351+0600][9.997s][info][gc,stats    ]   CTR: <total>                      861 us
[2026-04-03T02:02:55.351+0600][9.997s][info][gc,stats    ]   CTR: Thread Roots                 861 us, workers (us): 331, 262, 268, ---, ---, ---, 
[2026-04-03T02:02:55.351+0600][9.997s][info][gc,stats    ] Concurrent Weak References          548 us, parallelism: 0.64x
[2026-04-03T02:02:55.351+0600][9.997s][info][gc,stats    ]   CWRF: <total>                     350 us
[2026-04-03T02:02:55.351+0600][9.997s][info][gc,stats    ]   CWRF: Weak References             350 us, workers (us): 313,  37,   0, ---, ---, ---, 
[2026-04-03T02:02:55.351+0600][9.997s][info][gc,stats    ] Concurrent Weak Roots              1516 us
[2026-04-03T02:02:55.351+0600][9.997s][info][gc,stats    ]   Roots                            1232 us, parallelism: 2.20x
[2026-04-03T02:02:55.351+0600][9.997s][info][gc,stats    ]     CWR: <total>                   2706 us
[2026-04-03T02:02:55.351+0600][9.997s][info][gc,stats    ]     CWR: Code Cache Roots          1697 us, workers (us): 605, 551, 541, ---, ---, ---, 
[2026-04-03T02:02:55.351+0600][9.997s][info][gc,stats    ]     CWR: VM Weak Roots              967 us, workers (us): 330, 331, 306, ---, ---, ---, 
[2026-04-03T02:02:55.351+0600][9.997s][info][gc,stats    ]     CWR: CLDG Roots                  42 us, workers (us): ---, ---,  42, ---, ---, ---, 
[2026-04-03T02:02:55.351+0600][9.997s][info][gc,stats    ]   Rendezvous                        215 us
[2026-04-03T02:02:55.351+0600][9.997s][info][gc,stats    ] Concurrent Cleanup                  603 us
[2026-04-03T02:02:55.351+0600][9.997s][info][gc,stats    ] Concurrent Class Unloading         2833 us
[2026-04-03T02:02:55.351+0600][9.997s][info][gc,stats    ]   Unlink Stale                     2522 us
[2026-04-03T02:02:55.351+0600][9.997s][info][gc,stats    ]     System Dictionary                32 us
[2026-04-03T02:02:55.351+0600][9.997s][info][gc,stats    ]     Weak Class Links                  0 us
[2026-04-03T02:02:55.351+0600][9.997s][info][gc,stats    ]     Code Roots                     2487 us
[2026-04-03T02:02:55.351+0600][9.997s][info][gc,stats    ]   Rendezvous                        222 us
[2026-04-03T02:02:55.351+0600][9.997s][info][gc,stats    ]   Purge Unlinked                     17 us
[2026-04-03T02:02:55.351+0600][9.997s][info][gc,stats    ]     Code Roots                        4 us
[2026-04-03T02:02:55.351+0600][9.997s][info][gc,stats    ]     CLDG                             12 us
[2026-04-03T02:02:55.351+0600][9.997s][info][gc,stats    ]     Exception Caches                  0 us
[2026-04-03T02:02:55.351+0600][9.997s][info][gc,stats    ] Concurrent Strong Roots             608 us, parallelism: 0.57x
[2026-04-03T02:02:55.351+0600][9.997s][info][gc,stats    ]   CSR: <total>                      344 us
[2026-04-03T02:02:55.351+0600][9.997s][info][gc,stats    ]   CSR: VM Strong Roots               14 us, workers (us):  10,   5,   0, ---, ---, ---, 
[2026-04-03T02:02:55.351+0600][9.997s][info][gc,stats    ]   CSR: CLDG Roots                   329 us, workers (us): 329, ---, ---, ---, ---, ---, 
[2026-04-03T02:02:55.351+0600][9.997s][info][gc,stats    ] Concurrent Evacuation             27312 us
[2026-04-03T02:02:55.351+0600][9.997s][info][gc,stats    ] Pause Init Update Refs (G)          266 us
[2026-04-03T02:02:55.351+0600][9.997s][info][gc,stats    ] Pause Init Update Refs (N)          118 us
[2026-04-03T02:02:55.351+0600][9.997s][info][gc,stats    ]   Manage GCLABs                      12 us
[2026-04-03T02:02:55.351+0600][9.997s][info][gc,stats    ] Concurrent Update Refs            35384 us
[2026-04-03T02:02:55.351+0600][9.997s][info][gc,stats    ] Concurrent Update Thread Roots      557 us
[2026-04-03T02:02:55.351+0600][9.997s][info][gc,stats    ] Pause Final Update Refs (G)         509 us
[2026-04-03T02:02:55.351+0600][9.997s][info][gc,stats    ] Pause Final Update Refs (N)         156 us
[2026-04-03T02:02:55.351+0600][9.997s][info][gc,stats    ]   Update Region States               44 us
[2026-04-03T02:02:55.351+0600][9.997s][info][gc,stats    ]   Trash Collection Set               12 us
[2026-04-03T02:02:55.351+0600][9.997s][info][gc,stats    ]   Rebuild Free Set                   30 us
[2026-04-03T02:02:55.351+0600][9.997s][info][gc,stats    ] Concurrent Cleanup                  655 us
[2026-04-03T02:02:55.351+0600][9.997s][info][gc,stats    ] 
[2026-04-03T02:02:55.351+0600][9.997s][info][gc,stats    ] Allocation pacing accrued:
[2026-04-03T02:02:55.351+0600][9.997s][info][gc,stats    ]       0 of   461 ms (  0.0%): <total>
[2026-04-03T02:02:55.351+0600][9.997s][info][gc,stats    ]       0 of   461 ms (  0.0%): <average total>
[2026-04-03T02:02:55.351+0600][9.997s][info][gc,stats    ] 
[2026-04-03T02:02:55.351+0600][9.997s][info][gc,metaspace] Metaspace: 49242K(49664K)->49242K(49664K) NonClass: 43142K(43392K)->43142K(43392K) Class: 6099K(6272K)->6099K(6272K)
[2026-04-03T02:02:55.351+0600][9.997s][info][gc,ergo     ] Pacer for Idle. Initial: 35840K, Alloc Tax Rate: 1.0x
[2026-04-03T02:02:55.614+0600][10.260s][info][gc          ] Trigger: Learning 5 of 5. Free (1224M) is below initial threshold (1225M)
[2026-04-03T02:02:55.614+0600][10.260s][info][gc,ergo     ] Free: 1224M, Max: 512K regular, 1117M humongous, Frag: 9% external, 0% internal; Reserve: 89600K, Max: 512K
[2026-04-03T02:02:55.614+0600][10.260s][info][gc,start    ] GC(4) Concurrent reset
[2026-04-03T02:02:55.614+0600][10.261s][info][gc,task     ] GC(4) Using 3 of 6 workers for concurrent reset
[2026-04-03T02:02:55.614+0600][10.261s][info][gc,ergo     ] GC(4) Pacer for Reset. Non-Taxable: 1750M
[2026-04-03T02:02:55.615+0600][10.262s][info][gc          ] GC(4) Concurrent reset 1.302ms
[2026-04-03T02:02:55.616+0600][10.262s][info][gc,start    ] GC(4) Pause Init Mark (unload classes)
[2026-04-03T02:02:55.616+0600][10.262s][info][gc,task     ] GC(4) Using 6 of 6 workers for init marking
[2026-04-03T02:02:55.616+0600][10.262s][info][gc,ergo     ] GC(4) Pacer for Mark. Expected Live: 43923K, Free: 1222M, Non-Taxable: 122M, Alloc Tax Rate: 0.0x
[2026-04-03T02:02:55.616+0600][10.262s][info][gc          ] GC(4) Pause Init Mark (unload classes) 0.081ms
[2026-04-03T02:02:55.616+0600][10.262s][info][gc,start    ] GC(4) Concurrent marking roots
[2026-04-03T02:02:55.616+0600][10.262s][info][gc,task     ] GC(4) Using 3 of 6 workers for concurrent marking roots
[2026-04-03T02:02:55.616+0600][10.263s][info][gc          ] GC(4) Concurrent marking roots 0.495ms
[2026-04-03T02:02:55.616+0600][10.263s][info][gc,start    ] GC(4) Concurrent marking (unload classes)
[2026-04-03T02:02:55.616+0600][10.263s][info][gc,task     ] GC(4) Using 3 of 6 workers for concurrent marking
[2026-04-03T02:02:55.670+0600][10.317s][info][gc          ] GC(4) Concurrent marking (unload classes) 53.940ms
[2026-04-03T02:02:55.671+0600][10.317s][info][gc,start    ] GC(4) Pause Final Mark (unload classes)
[2026-04-03T02:02:55.671+0600][10.317s][info][gc,task     ] GC(4) Using 6 of 6 workers for final marking
[2026-04-03T02:02:55.671+0600][10.317s][info][gc,ergo     ] GC(4) Adaptive CSet Selection. Target Free: 247M, Actual Free: 1266M, Max CSet: 74666K, Min Garbage: 0B
[2026-04-03T02:02:55.671+0600][10.317s][info][gc,ergo     ] GC(4) Collectable Garbage: 324M (99%), Immediate: 0B (0%), CSet: 324M (99%)
[2026-04-03T02:02:55.671+0600][10.318s][info][gc,ergo     ] GC(4) Pacer for Evacuation. Used CSet: 354M, Free: 1179M, Non-Taxable: 117M, Alloc Tax Rate: 1.1x
[2026-04-03T02:02:55.671+0600][10.318s][info][gc          ] GC(4) Pause Final Mark (unload classes) 0.577ms
[2026-04-03T02:02:55.671+0600][10.318s][info][gc,start    ] GC(4) Concurrent thread roots
[2026-04-03T02:02:55.671+0600][10.318s][info][gc,task     ] GC(4) Using 3 of 6 workers for Concurrent thread roots
[2026-04-03T02:02:55.672+0600][10.318s][info][gc          ] GC(4) Concurrent thread roots 0.326ms
[2026-04-03T02:02:55.672+0600][10.318s][info][gc,start    ] GC(4) Concurrent weak references
[2026-04-03T02:02:55.672+0600][10.318s][info][gc,task     ] GC(4) Using 3 of 6 workers for concurrent weak references
[2026-04-03T02:02:55.672+0600][10.318s][info][gc,ref      ] GC(4) Encountered references: Soft: 3982, Weak: 2727, Final: 82, Phantom: 580
[2026-04-03T02:02:55.672+0600][10.318s][info][gc,ref      ] GC(4) Discovered  references: Soft: 0, Weak: 425, Final: 0, Phantom: 577
[2026-04-03T02:02:55.672+0600][10.318s][info][gc,ref      ] GC(4) Enqueued    references: Soft: 0, Weak: 0, Final: 0, Phantom: 0
[2026-04-03T02:02:55.672+0600][10.318s][info][gc          ] GC(4) Concurrent weak references 0.200ms
[2026-04-03T02:02:55.672+0600][10.318s][info][gc,start    ] GC(4) Concurrent weak roots
[2026-04-03T02:02:55.672+0600][10.318s][info][gc,task     ] GC(4) Using 3 of 6 workers for concurrent weak root
[2026-04-03T02:02:55.673+0600][10.319s][info][gc          ] GC(4) Concurrent weak roots 1.136ms
[2026-04-03T02:02:55.673+0600][10.319s][info][gc,start    ] GC(4) Concurrent cleanup
[2026-04-03T02:02:55.674+0600][10.320s][info][gc          ] GC(4) Concurrent cleanup 482M->482M(546M) 0.486ms
[2026-04-03T02:02:55.674+0600][10.320s][info][gc,ergo     ] GC(4) Free: 1177M, Max: 512K regular, 1117M humongous, Frag: 6% external, 0% internal; Reserve: 89600K, Max: 512K
[2026-04-03T02:02:55.674+0600][10.320s][info][gc,start    ] GC(4) Concurrent class unloading
[2026-04-03T02:02:55.674+0600][10.320s][info][gc,task     ] GC(4) Using 3 of 6 workers for concurrent class unloading
[2026-04-03T02:02:55.676+0600][10.322s][info][gc          ] GC(4) Concurrent class unloading 2.371ms
[2026-04-03T02:02:55.676+0600][10.322s][info][gc,start    ] GC(4) Concurrent strong roots
[2026-04-03T02:02:55.676+0600][10.322s][info][gc,task     ] GC(4) Using 3 of 6 workers for concurrent strong root
[2026-04-03T02:02:55.676+0600][10.323s][info][gc          ] GC(4) Concurrent strong roots 0.304ms
[2026-04-03T02:02:55.676+0600][10.323s][info][gc,start    ] GC(4) Concurrent evacuation
[2026-04-03T02:02:55.676+0600][10.323s][info][gc,task     ] GC(4) Using 3 of 6 workers for concurrent evacuation
[2026-04-03T02:02:55.699+0600][10.346s][info][gc          ] GC(4) Concurrent evacuation 23.021ms
[2026-04-03T02:02:55.700+0600][10.346s][info][gc,start    ] GC(4) Pause Init Update Refs
[2026-04-03T02:02:55.700+0600][10.346s][info][gc,ergo     ] GC(4) Pacer for Update Refs. Used: 532M, Free: 1158M, Non-Taxable: 115M, Alloc Tax Rate: 1.1x
[2026-04-03T02:02:55.700+0600][10.346s][info][gc          ] GC(4) Pause Init Update Refs 0.066ms
[2026-04-03T02:02:55.700+0600][10.346s][info][gc,start    ] GC(4) Concurrent update references
[2026-04-03T02:02:55.700+0600][10.346s][info][gc,task     ] GC(4) Using 3 of 6 workers for concurrent reference update
[2026-04-03T02:02:55.743+0600][10.389s][info][gc          ] GC(4) Concurrent update references 43.279ms
[2026-04-03T02:02:55.743+0600][10.389s][info][gc,start    ] GC(4) Concurrent update thread roots
[2026-04-03T02:02:55.744+0600][10.390s][info][gc          ] GC(4) Concurrent update thread roots 0.493ms
[2026-04-03T02:02:55.744+0600][10.390s][info][gc,start    ] GC(4) Pause Final Update Refs
[2026-04-03T02:02:55.744+0600][10.390s][info][gc,task     ] GC(4) Using 6 of 6 workers for final reference update
[2026-04-03T02:02:55.744+0600][10.390s][info][gc          ] GC(4) Pause Final Update Refs 0.152ms
[2026-04-03T02:02:55.744+0600][10.390s][info][gc,start    ] GC(4) Concurrent cleanup
[2026-04-03T02:02:55.745+0600][10.391s][info][gc          ] GC(4) Concurrent cleanup 564M->210M(575M) 0.583ms
[2026-04-03T02:02:55.745+0600][10.391s][info][gc,ergo     ] Free: 1450M, Max: 512K regular, 1108M humongous, Frag: 24% external, 0% internal; Reserve: 89600K, Max: 512K
[2026-04-03T02:02:55.745+0600][10.391s][info][gc,stats    ] 
[2026-04-03T02:02:55.745+0600][10.391s][info][gc,stats    ] All times are wall-clock times, except per-root-class counters, that are sum over
[2026-04-03T02:02:55.745+0600][10.391s][info][gc,stats    ] all workers. Dividing the <total> over the root stage time estimates parallelism.
[2026-04-03T02:02:55.745+0600][10.391s][info][gc,stats    ] 
[2026-04-03T02:02:55.745+0600][10.391s][info][gc,stats    ] Concurrent Reset                   1349 us
[2026-04-03T02:02:55.745+0600][10.391s][info][gc,stats    ] Pause Init Mark (G)                 450 us
[2026-04-03T02:02:55.745+0600][10.391s][info][gc,stats    ] Pause Init Mark (N)                  87 us
[2026-04-03T02:02:55.745+0600][10.391s][info][gc,stats    ]   Update Region States               19 us
[2026-04-03T02:02:55.745+0600][10.391s][info][gc,stats    ] Concurrent Mark Roots               524 us, parallelism: 1.50x
[2026-04-03T02:02:55.745+0600][10.391s][info][gc,stats    ]   CMR: <total>                      788 us
[2026-04-03T02:02:55.745+0600][10.391s][info][gc,stats    ]   CMR: Thread Roots                 606 us, workers (us): 135, 233, 238, ---, ---, ---, 
[2026-04-03T02:02:55.745+0600][10.391s][info][gc,stats    ]   CMR: VM Strong Roots               11 us, workers (us):  10,   1,   0, ---, ---, ---, 
[2026-04-03T02:02:55.745+0600][10.391s][info][gc,stats    ]   CMR: CLDG Roots                   171 us, workers (us): 171, ---, ---, ---, ---, ---, 
[2026-04-03T02:02:55.745+0600][10.391s][info][gc,stats    ] Concurrent Marking                54000 us
[2026-04-03T02:02:55.745+0600][10.391s][info][gc,stats    ] Pause Final Mark (G)                839 us
[2026-04-03T02:02:55.745+0600][10.391s][info][gc,stats    ] Pause Final Mark (N)                587 us
[2026-04-03T02:02:55.745+0600][10.391s][info][gc,stats    ]   Finish Mark                       230 us
[2026-04-03T02:02:55.745+0600][10.391s][info][gc,stats    ]   Update Region States               37 us
[2026-04-03T02:02:55.745+0600][10.391s][info][gc,stats    ]   Choose Collection Set             203 us
[2026-04-03T02:02:55.745+0600][10.391s][info][gc,stats    ]   Rebuild Free Set                   30 us
[2026-04-03T02:02:55.745+0600][10.391s][info][gc,stats    ] Concurrent Thread Roots             338 us, parallelism: 1.73x
[2026-04-03T02:02:55.745+0600][10.391s][info][gc,stats    ]   CTR: <total>                      584 us
[2026-04-03T02:02:55.745+0600][10.391s][info][gc,stats    ]   CTR: Thread Roots                 584 us, workers (us): 230, 196, 158, ---, ---, ---, 
[2026-04-03T02:02:55.745+0600][10.391s][info][gc,stats    ] Concurrent Weak References          207 us, parallelism: 0.69x
[2026-04-03T02:02:55.745+0600][10.391s][info][gc,stats    ]   CWRF: <total>                     143 us
[2026-04-03T02:02:55.745+0600][10.391s][info][gc,stats    ]   CWRF: Weak References             143 us, workers (us):  65,  78,   1, ---, ---, ---, 
[2026-04-03T02:02:55.745+0600][10.391s][info][gc,stats    ] Concurrent Weak Roots              1176 us
[2026-04-03T02:02:55.745+0600][10.391s][info][gc,stats    ]   Roots                             958 us, parallelism: 2.30x
[2026-04-03T02:02:55.745+0600][10.391s][info][gc,stats    ]     CWR: <total>                   2205 us
[2026-04-03T02:02:55.745+0600][10.391s][info][gc,stats    ]     CWR: Code Cache Roots          1326 us, workers (us): 494, 427, 405, ---, ---, ---, 
[2026-04-03T02:02:55.745+0600][10.391s][info][gc,stats    ]     CWR: VM Weak Roots              859 us, workers (us): 321, 289, 250, ---, ---, ---, 
[2026-04-03T02:02:55.745+0600][10.391s][info][gc,stats    ]     CWR: CLDG Roots                  20 us, workers (us): ---, ---,  20, ---, ---, ---, 
[2026-04-03T02:02:55.745+0600][10.391s][info][gc,stats    ]   Rendezvous                        161 us
[2026-04-03T02:02:55.745+0600][10.391s][info][gc,stats    ] Concurrent Cleanup                  498 us
[2026-04-03T02:02:55.745+0600][10.391s][info][gc,stats    ] Concurrent Class Unloading         2412 us
[2026-04-03T02:02:55.745+0600][10.391s][info][gc,stats    ]   Unlink Stale                     2196 us
[2026-04-03T02:02:55.745+0600][10.391s][info][gc,stats    ]     System Dictionary                26 us
[2026-04-03T02:02:55.745+0600][10.391s][info][gc,stats    ]     Weak Class Links                  0 us
[2026-04-03T02:02:55.745+0600][10.391s][info][gc,stats    ]     Code Roots                     2168 us
[2026-04-03T02:02:55.745+0600][10.391s][info][gc,stats    ]   Rendezvous                        147 us
[2026-04-03T02:02:55.745+0600][10.391s][info][gc,stats    ]   Purge Unlinked                      9 us
[2026-04-03T02:02:55.745+0600][10.391s][info][gc,stats    ]     Code Roots                        3 us
[2026-04-03T02:02:55.745+0600][10.391s][info][gc,stats    ]     CLDG                              5 us
[2026-04-03T02:02:55.745+0600][10.391s][info][gc,stats    ]     Exception Caches                  0 us
[2026-04-03T02:02:55.745+0600][10.391s][info][gc,stats    ] Concurrent Strong Roots             356 us, parallelism: 0.46x
[2026-04-03T02:02:55.745+0600][10.391s][info][gc,stats    ]   CSR: <total>                      162 us
[2026-04-03T02:02:55.745+0600][10.391s][info][gc,stats    ]   CSR: VM Strong Roots               10 us, workers (us):   8,   2,   0, ---, ---, ---, 
[2026-04-03T02:02:55.745+0600][10.391s][info][gc,stats    ]   CSR: CLDG Roots                   152 us, workers (us): 152, ---, ---, ---, ---, ---, 
[2026-04-03T02:02:55.745+0600][10.391s][info][gc,stats    ] Concurrent Evacuation             23088 us
[2026-04-03T02:02:55.745+0600][10.391s][info][gc,stats    ] Pause Init Update Refs (G)          244 us
[2026-04-03T02:02:55.745+0600][10.391s][info][gc,stats    ] Pause Init Update Refs (N)           74 us
[2026-04-03T02:02:55.745+0600][10.391s][info][gc,stats    ]   Manage GCLABs                      11 us
[2026-04-03T02:02:55.745+0600][10.391s][info][gc,stats    ] Concurrent Update Refs            43352 us
[2026-04-03T02:02:55.745+0600][10.391s][info][gc,stats    ] Concurrent Update Thread Roots      536 us
[2026-04-03T02:02:55.745+0600][10.391s][info][gc,stats    ] Pause Final Update Refs (G)         463 us
[2026-04-03T02:02:55.745+0600][10.391s][info][gc,stats    ] Pause Final Update Refs (N)         162 us
[2026-04-03T02:02:55.745+0600][10.391s][info][gc,stats    ]   Update Region States               40 us
[2026-04-03T02:02:55.745+0600][10.391s][info][gc,stats    ]   Trash Collection Set               10 us
[2026-04-03T02:02:55.745+0600][10.391s][info][gc,stats    ]   Rebuild Free Set                   27 us
[2026-04-03T02:02:55.745+0600][10.391s][info][gc,stats    ] Concurrent Cleanup                  604 us
[2026-04-03T02:02:55.745+0600][10.391s][info][gc,stats    ] 
[2026-04-03T02:02:55.745+0600][10.391s][info][gc,stats    ] Allocation pacing accrued:
[2026-04-03T02:02:55.745+0600][10.391s][info][gc,stats    ]       0 of   394 ms (  0.0%): <total>
[2026-04-03T02:02:55.745+0600][10.391s][info][gc,stats    ]       0 of   394 ms (  0.0%): <average total>
[2026-04-03T02:02:55.745+0600][10.391s][info][gc,stats    ] 
[2026-04-03T02:02:55.745+0600][10.391s][info][gc,metaspace] Metaspace: 49242K(49664K)->49242K(49664K) NonClass: 43142K(43392K)->43142K(43392K) Class: 6099K(6272K)->6099K(6272K)
[2026-04-03T02:02:55.745+0600][10.391s][info][gc,ergo     ] Pacer for Idle. Initial: 35840K, Alloc Tax Rate: 1.0x
[2026-04-03T02:02:57.808+0600][12.454s][info][gc          ] Trigger: Explicit GC request (System.gc())
[2026-04-03T02:02:57.808+0600][12.454s][info][gc,ergo     ] Free: 1315M, Max: 512K regular, 1108M humongous, Frag: 16% external, 0% internal; Reserve: 89600K, Max: 512K
[2026-04-03T02:02:57.808+0600][12.454s][info][gc,start    ] GC(5) Concurrent reset
[2026-04-03T02:02:57.808+0600][12.454s][info][gc,task     ] GC(5) Using 3 of 6 workers for concurrent reset
[2026-04-03T02:02:57.808+0600][12.454s][info][gc,ergo     ] GC(5) Pacer for Reset. Non-Taxable: 1750M
[2026-04-03T02:02:57.809+0600][12.456s][info][gc          ] GC(5) Concurrent reset 1.293ms
[2026-04-03T02:02:57.810+0600][12.456s][info][gc,start    ] GC(5) Pause Init Mark (unload classes)
[2026-04-03T02:02:57.810+0600][12.456s][info][gc,task     ] GC(5) Using 6 of 6 workers for init marking
[2026-04-03T02:02:57.810+0600][12.456s][info][gc,ref      ] GC(5) Clearing All SoftReferences
[2026-04-03T02:02:57.810+0600][12.456s][info][gc,ergo     ] GC(5) Pacer for Mark. Expected Live: 57868K, Free: 1315M, Non-Taxable: 131M, Alloc Tax Rate: 0.1x
[2026-04-03T02:02:57.810+0600][12.456s][info][gc          ] GC(5) Pause Init Mark (unload classes) 0.121ms
[2026-04-03T02:02:57.810+0600][12.456s][info][gc,start    ] GC(5) Concurrent marking roots
[2026-04-03T02:02:57.810+0600][12.456s][info][gc,task     ] GC(5) Using 3 of 6 workers for concurrent marking roots
[2026-04-03T02:02:57.810+0600][12.457s][info][gc          ] GC(5) Concurrent marking roots 0.596ms
[2026-04-03T02:02:57.810+0600][12.457s][info][gc,start    ] GC(5) Concurrent marking (unload classes)
[2026-04-03T02:02:57.810+0600][12.457s][info][gc,task     ] GC(5) Using 3 of 6 workers for concurrent marking
[2026-04-03T02:02:57.820+0600][12.466s][info][gc          ] GC(5) Concurrent marking (unload classes) 9.235ms
[2026-04-03T02:02:57.820+0600][12.466s][info][gc,start    ] GC(5) Pause Final Mark (unload classes)
[2026-04-03T02:02:57.820+0600][12.466s][info][gc,task     ] GC(5) Using 6 of 6 workers for final marking
[2026-04-03T02:02:57.820+0600][12.467s][info][gc,ergo     ] GC(5) Adaptive CSet Selection. Target Free: 247M, Actual Free: 1651M, Max CSet: 74666K, Min Garbage: 0B
[2026-04-03T02:02:57.820+0600][12.467s][info][gc,ergo     ] GC(5) Collectable Garbage: 313M (99%), Immediate: 248M (78%), CSet: 66498K (20%)
[2026-04-03T02:02:57.820+0600][12.467s][info][gc,ergo     ] GC(5) Pacer for Evacuation. Used CSet: 70779K, Free: 1568M, Non-Taxable: 156M, Alloc Tax Rate: 1.1x
[2026-04-03T02:02:57.820+0600][12.467s][info][gc          ] GC(5) Pause Final Mark (unload classes) 0.570ms
[2026-04-03T02:02:57.820+0600][12.467s][info][gc,start    ] GC(5) Concurrent thread roots
[2026-04-03T02:02:57.820+0600][12.467s][info][gc,task     ] GC(5) Using 3 of 6 workers for Concurrent thread roots
[2026-04-03T02:02:57.821+0600][12.467s][info][gc          ] GC(5) Concurrent thread roots 0.334ms
[2026-04-03T02:02:57.821+0600][12.467s][info][gc,start    ] GC(5) Concurrent weak references
[2026-04-03T02:02:57.821+0600][12.467s][info][gc,task     ] GC(5) Using 3 of 6 workers for concurrent weak references
[2026-04-03T02:02:57.821+0600][12.468s][info][gc,ref      ] GC(5) Encountered references: Soft: 4058, Weak: 3671, Final: 82, Phantom: 587
[2026-04-03T02:02:57.821+0600][12.468s][info][gc,ref      ] GC(5) Discovered  references: Soft: 3208, Weak: 608, Final: 0, Phantom: 582
[2026-04-03T02:02:57.821+0600][12.468s][info][gc,ref      ] GC(5) Enqueued    references: Soft: 1591, Weak: 478, Final: 0, Phantom: 1
[2026-04-03T02:02:57.821+0600][12.468s][info][gc          ] GC(5) Concurrent weak references 0.582ms
[2026-04-03T02:02:57.821+0600][12.468s][info][gc,start    ] GC(5) Concurrent weak roots
[2026-04-03T02:02:57.821+0600][12.468s][info][gc,task     ] GC(5) Using 3 of 6 workers for concurrent weak root
[2026-04-03T02:02:57.823+0600][12.469s][info][gc          ] GC(5) Concurrent weak roots 1.230ms
[2026-04-03T02:02:57.823+0600][12.469s][info][gc,start    ] GC(5) Concurrent cleanup
[2026-04-03T02:02:57.823+0600][12.469s][info][gc          ] GC(5) Concurrent cleanup 341M->93M(575M) 0.249ms
[2026-04-03T02:02:57.823+0600][12.469s][info][gc,ergo     ] GC(5) Free: 1567M, Max: 512K regular, 1351M humongous, Frag: 14% external, 0% internal; Reserve: 89380K, Max: 512K
[2026-04-03T02:02:57.823+0600][12.469s][info][gc,start    ] GC(5) Concurrent class unloading
[2026-04-03T02:02:57.823+0600][12.469s][info][gc,task     ] GC(5) Using 3 of 6 workers for concurrent class unloading
[2026-04-03T02:02:57.836+0600][12.482s][info][gc          ] GC(5) Concurrent class unloading 12.866ms
[2026-04-03T02:02:57.836+0600][12.482s][info][gc,start    ] GC(5) Concurrent strong roots
[2026-04-03T02:02:57.836+0600][12.482s][info][gc,task     ] GC(5) Using 3 of 6 workers for concurrent strong root
[2026-04-03T02:02:57.836+0600][12.483s][info][gc          ] GC(5) Concurrent strong roots 0.515ms
[2026-04-03T02:02:57.837+0600][12.483s][info][gc,start    ] GC(5) Concurrent evacuation
[2026-04-03T02:02:57.837+0600][12.483s][info][gc,task     ] GC(5) Using 3 of 6 workers for concurrent evacuation
[2026-04-03T02:02:57.839+0600][12.485s][info][gc          ] GC(5) Concurrent evacuation 2.470ms
[2026-04-03T02:02:57.839+0600][12.486s][info][gc,start    ] GC(5) Pause Init Update Refs
[2026-04-03T02:02:57.839+0600][12.486s][info][gc,ergo     ] GC(5) Pacer for Update Refs. Used: 100623K, Free: 1567M, Non-Taxable: 156M, Alloc Tax Rate: 1.1x
[2026-04-03T02:02:57.839+0600][12.486s][info][gc          ] GC(5) Pause Init Update Refs 0.090ms
[2026-04-03T02:02:57.839+0600][12.486s][info][gc,start    ] GC(5) Concurrent update references
[2026-04-03T02:02:57.840+0600][12.486s][info][gc,task     ] GC(5) Using 3 of 6 workers for concurrent reference update
[2026-04-03T02:02:57.846+0600][12.493s][info][gc          ] GC(5) Concurrent update references 6.968ms
[2026-04-03T02:02:57.847+0600][12.493s][info][gc,start    ] GC(5) Concurrent update thread roots
[2026-04-03T02:02:57.847+0600][12.493s][info][gc          ] GC(5) Concurrent update thread roots 0.538ms
[2026-04-03T02:02:57.847+0600][12.494s][info][gc,start    ] GC(5) Pause Final Update Refs
[2026-04-03T02:02:57.847+0600][12.494s][info][gc,task     ] GC(5) Using 6 of 6 workers for final reference update
[2026-04-03T02:02:57.847+0600][12.494s][info][gc          ] GC(5) Pause Final Update Refs 0.145ms
[2026-04-03T02:02:57.848+0600][12.494s][info][gc,start    ] GC(5) Concurrent cleanup
[2026-04-03T02:02:57.848+0600][12.495s][info][gc          ] GC(5) Concurrent cleanup 98M->29M(575M) 0.639ms
[2026-04-03T02:02:57.848+0600][12.495s][info][gc,ergo     ] Free: 1631M, Max: 512K regular, 1354M humongous, Frag: 17% external, 0% internal; Reserve: 89600K, Max: 512K
[2026-04-03T02:02:57.848+0600][12.495s][info][gc,stats    ] 
[2026-04-03T02:02:57.848+0600][12.495s][info][gc,stats    ] All times are wall-clock times, except per-root-class counters, that are sum over
[2026-04-03T02:02:57.848+0600][12.495s][info][gc,stats    ] all workers. Dividing the <total> over the root stage time estimates parallelism.
[2026-04-03T02:02:57.848+0600][12.495s][info][gc,stats    ] 
[2026-04-03T02:02:57.848+0600][12.495s][info][gc,stats    ] Concurrent Reset                   1333 us
[2026-04-03T02:02:57.848+0600][12.495s][info][gc,stats    ] Pause Init Mark (G)                 392 us
[2026-04-03T02:02:57.848+0600][12.495s][info][gc,stats    ] Pause Init Mark (N)                 147 us
[2026-04-03T02:02:57.848+0600][12.495s][info][gc,stats    ]   Update Region States               29 us
[2026-04-03T02:02:57.848+0600][12.495s][info][gc,stats    ] Concurrent Mark Roots               625 us, parallelism: 1.31x
[2026-04-03T02:02:57.848+0600][12.495s][info][gc,stats    ]   CMR: <total>                      822 us
[2026-04-03T02:02:57.848+0600][12.495s][info][gc,stats    ]   CMR: Thread Roots                 642 us, workers (us): 102, 281, 259, ---, ---, ---, 
[2026-04-03T02:02:57.848+0600][12.495s][info][gc,stats    ]   CMR: VM Strong Roots               15 us, workers (us):  14,   1,   1, ---, ---, ---, 
[2026-04-03T02:02:57.848+0600][12.495s][info][gc,stats    ]   CMR: CLDG Roots                   164 us, workers (us): 164, ---, ---, ---, ---, ---, 
[2026-04-03T02:02:57.848+0600][12.495s][info][gc,stats    ] Concurrent Marking                 9313 us
[2026-04-03T02:02:57.848+0600][12.495s][info][gc,stats    ] Pause Final Mark (G)                684 us
[2026-04-03T02:02:57.848+0600][12.495s][info][gc,stats    ] Pause Final Mark (N)                579 us
[2026-04-03T02:02:57.848+0600][12.495s][info][gc,stats    ]   Finish Mark                       289 us
[2026-04-03T02:02:57.848+0600][12.495s][info][gc,stats    ]   Update Region States               37 us
[2026-04-03T02:02:57.848+0600][12.495s][info][gc,stats    ]   Choose Collection Set             117 us
[2026-04-03T02:02:57.848+0600][12.495s][info][gc,stats    ]   Rebuild Free Set                   33 us
[2026-04-03T02:02:57.848+0600][12.495s][info][gc,stats    ] Concurrent Thread Roots             353 us, parallelism: 1.69x
[2026-04-03T02:02:57.848+0600][12.495s][info][gc,stats    ]   CTR: <total>                      597 us
[2026-04-03T02:02:57.848+0600][12.495s][info][gc,stats    ]   CTR: Thread Roots                 597 us, workers (us): 230, 210, 157, ---, ---, ---, 
[2026-04-03T02:02:57.848+0600][12.495s][info][gc,stats    ] Concurrent Weak References          591 us, parallelism: 1.19x
[2026-04-03T02:02:57.848+0600][12.495s][info][gc,stats    ]   CWRF: <total>                     703 us
[2026-04-03T02:02:57.848+0600][12.495s][info][gc,stats    ]   CWRF: Weak References             703 us, workers (us): 137, 299, 267, ---, ---, ---, 
[2026-04-03T02:02:57.848+0600][12.495s][info][gc,stats    ] Concurrent Weak Roots              1289 us
[2026-04-03T02:02:57.848+0600][12.495s][info][gc,stats    ]   Roots                            1109 us, parallelism: 2.46x
[2026-04-03T02:02:57.848+0600][12.495s][info][gc,stats    ]     CWR: <total>                   2729 us
[2026-04-03T02:02:57.848+0600][12.495s][info][gc,stats    ]     CWR: Code Cache Roots          1503 us, workers (us): 476, 460, 567, ---, ---, ---, 
[2026-04-03T02:02:57.848+0600][12.495s][info][gc,stats    ]     CWR: VM Weak Roots             1193 us, workers (us): 425, 386, 382, ---, ---, ---, 
[2026-04-03T02:02:57.848+0600][12.495s][info][gc,stats    ]     CWR: CLDG Roots                  32 us, workers (us):  32, ---, ---, ---, ---, ---, 
[2026-04-03T02:02:57.848+0600][12.495s][info][gc,stats    ]   Rendezvous                        101 us
[2026-04-03T02:02:57.848+0600][12.495s][info][gc,stats    ] Concurrent Cleanup                  267 us
[2026-04-03T02:02:57.848+0600][12.495s][info][gc,stats    ] Concurrent Class Unloading        12965 us
[2026-04-03T02:02:57.848+0600][12.495s][info][gc,stats    ]   Unlink Stale                    11570 us
[2026-04-03T02:02:57.848+0600][12.495s][info][gc,stats    ]     System Dictionary               249 us
[2026-04-03T02:02:57.848+0600][12.495s][info][gc,stats    ]     Weak Class Links               8300 us
[2026-04-03T02:02:57.848+0600][12.495s][info][gc,stats    ]     Code Roots                     3016 us
[2026-04-03T02:02:57.849+0600][12.495s][info][gc,stats    ]   Rendezvous                        233 us
[2026-04-03T02:02:57.849+0600][12.495s][info][gc,stats    ]   Purge Unlinked                   1035 us
[2026-04-03T02:02:57.849+0600][12.495s][info][gc,stats    ]     Code Roots                      832 us
[2026-04-03T02:02:57.849+0600][12.495s][info][gc,stats    ]     CLDG                            202 us
[2026-04-03T02:02:57.849+0600][12.495s][info][gc,stats    ]     Exception Caches                  0 us
[2026-04-03T02:02:57.849+0600][12.495s][info][gc,stats    ] Concurrent Strong Roots             604 us, parallelism: 0.63x
[2026-04-03T02:02:57.849+0600][12.495s][info][gc,stats    ]   CSR: <total>                      378 us
[2026-04-03T02:02:57.849+0600][12.495s][info][gc,stats    ]   CSR: VM Strong Roots               47 us, workers (us):  45,   2,   0, ---, ---, ---, 
[2026-04-03T02:02:57.849+0600][12.495s][info][gc,stats    ]   CSR: CLDG Roots                   331 us, workers (us): 331, ---, ---, ---, ---, ---, 
[2026-04-03T02:02:57.849+0600][12.495s][info][gc,stats    ] Concurrent Evacuation              2526 us
[2026-04-03T02:02:57.849+0600][12.495s][info][gc,stats    ] Pause Init Update Refs (G)          421 us
[2026-04-03T02:02:57.849+0600][12.495s][info][gc,stats    ] Pause Init Update Refs (N)          100 us
[2026-04-03T02:02:57.849+0600][12.495s][info][gc,stats    ]   Manage GCLABs                      16 us
[2026-04-03T02:02:57.849+0600][12.495s][info][gc,stats    ] Concurrent Update Refs             7037 us
[2026-04-03T02:02:57.849+0600][12.495s][info][gc,stats    ] Concurrent Update Thread Roots      589 us
[2026-04-03T02:02:57.849+0600][12.495s][info][gc,stats    ] Pause Final Update Refs (G)         409 us
[2026-04-03T02:02:57.849+0600][12.495s][info][gc,stats    ] Pause Final Update Refs (N)         164 us
[2026-04-03T02:02:57.849+0600][12.495s][info][gc,stats    ]   Update Region States               47 us
[2026-04-03T02:02:57.849+0600][12.495s][info][gc,stats    ]   Trash Collection Set                8 us
[2026-04-03T02:02:57.849+0600][12.495s][info][gc,stats    ]   Rebuild Free Set                   39 us
[2026-04-03T02:02:57.849+0600][12.495s][info][gc,stats    ] Concurrent Cleanup                  656 us
[2026-04-03T02:02:57.849+0600][12.495s][info][gc,stats    ] 
[2026-04-03T02:02:57.849+0600][12.495s][info][gc,stats    ] Allocation pacing accrued:
[2026-04-03T02:02:57.849+0600][12.495s][info][gc,stats    ]       0 of  2104 ms (  0.0%): <total>
[2026-04-03T02:02:57.849+0600][12.495s][info][gc,stats    ]       0 of  2104 ms (  0.0%): <average total>
[2026-04-03T02:02:57.849+0600][12.495s][info][gc,stats    ] 
[2026-04-03T02:02:57.849+0600][12.495s][info][gc,metaspace] Metaspace: 55295K(55808K)->55156K(55808K) NonClass: 48330K(48640K)->48229K(48640K) Class: 6964K(7168K)->6926K(7168K)
[2026-04-03T02:02:57.849+0600][12.495s][info][gc,ergo     ] Pacer for Idle. Initial: 35840K, Alloc Tax Rate: 1.0x
[2026-04-03T02:02:57.849+0600][12.495s][info][gc,start    ] Concurrent uncommit
[2026-04-03T02:02:57.928+0600][12.574s][info][gc          ] Concurrent uncommit 29M->30M(32M) 79.141ms
[2026-04-03T02:03:00.473+0600][15.119s][info][gc          ] Trigger: Learning 2 of 5. Free (1224M) is below initial threshold (1225M)
[2026-04-03T02:03:00.473+0600][15.119s][info][gc,ergo     ] Free: 1224M, Max: 512K regular, 1224M humongous, Frag: 0% external, 0% internal; Reserve: 89600K, Max: 512K
[2026-04-03T02:03:00.473+0600][15.119s][info][gc,start    ] GC(6) Concurrent reset
[2026-04-03T02:03:00.473+0600][15.119s][info][gc,task     ] GC(6) Using 3 of 6 workers for concurrent reset
[2026-04-03T02:03:00.473+0600][15.119s][info][gc,ergo     ] GC(6) Pacer for Reset. Non-Taxable: 1750M
[2026-04-03T02:03:00.474+0600][15.120s][info][gc          ] GC(6) Concurrent reset 0.970ms
[2026-04-03T02:03:00.474+0600][15.121s][info][gc,start    ] GC(6) Pause Init Mark (unload classes)
[2026-04-03T02:03:00.474+0600][15.121s][info][gc,task     ] GC(6) Using 6 of 6 workers for init marking
[2026-04-03T02:03:00.474+0600][15.121s][info][gc,ergo     ] GC(6) Pacer for Mark. Expected Live: 59463K, Free: 1223M, Non-Taxable: 122M, Alloc Tax Rate: 0.1x
[2026-04-03T02:03:00.474+0600][15.121s][info][gc          ] GC(6) Pause Init Mark (unload classes) 0.086ms
[2026-04-03T02:03:00.474+0600][15.121s][info][gc,start    ] GC(6) Concurrent marking roots
[2026-04-03T02:03:00.474+0600][15.121s][info][gc,task     ] GC(6) Using 3 of 6 workers for concurrent marking roots
[2026-04-03T02:03:00.476+0600][15.122s][info][gc          ] GC(6) Concurrent marking roots 1.373ms
[2026-04-03T02:03:00.476+0600][15.122s][info][gc,start    ] GC(6) Concurrent marking (unload classes)
[2026-04-03T02:03:00.476+0600][15.122s][info][gc,task     ] GC(6) Using 3 of 6 workers for concurrent marking
[2026-04-03T02:03:00.514+0600][15.160s][info][gc          ] GC(6) Concurrent marking (unload classes) 37.863ms
[2026-04-03T02:03:00.514+0600][15.160s][info][gc,start    ] GC(6) Pause Final Mark (unload classes)
[2026-04-03T02:03:00.514+0600][15.160s][info][gc,task     ] GC(6) Using 6 of 6 workers for final marking
[2026-04-03T02:03:00.514+0600][15.161s][info][gc,ergo     ] GC(6) Adaptive CSet Selection. Target Free: 247M, Actual Free: 1302M, Max CSet: 74666K, Min Garbage: 0B
[2026-04-03T02:03:00.515+0600][15.161s][info][gc,ergo     ] GC(6) Collectable Garbage: 373M (99%), Immediate: 15760K (4%), CSet: 358M (95%)
[2026-04-03T02:03:00.515+0600][15.161s][info][gc,ergo     ] GC(6) Pacer for Evacuation. Used CSet: 387M, Free: 1220M, Non-Taxable: 122M, Alloc Tax Rate: 1.1x
[2026-04-03T02:03:00.515+0600][15.161s][info][gc          ] GC(6) Pause Final Mark (unload classes) 0.759ms
[2026-04-03T02:03:00.515+0600][15.161s][info][gc,start    ] GC(6) Concurrent thread roots
[2026-04-03T02:03:00.515+0600][15.161s][info][gc,task     ] GC(6) Using 3 of 6 workers for Concurrent thread roots
[2026-04-03T02:03:00.515+0600][15.162s][info][gc          ] GC(6) Concurrent thread roots 0.503ms
[2026-04-03T02:03:00.515+0600][15.162s][info][gc,start    ] GC(6) Concurrent weak references
[2026-04-03T02:03:00.515+0600][15.162s][info][gc,task     ] GC(6) Using 3 of 6 workers for concurrent weak references
[2026-04-03T02:03:00.516+0600][15.162s][info][gc,ref      ] GC(6) Encountered references: Soft: 2956, Weak: 5080, Final: 82, Phantom: 593
[2026-04-03T02:03:00.516+0600][15.162s][info][gc,ref      ] GC(6) Discovered  references: Soft: 0, Weak: 925, Final: 0, Phantom: 590
[2026-04-03T02:03:00.516+0600][15.162s][info][gc,ref      ] GC(6) Enqueued    references: Soft: 0, Weak: 573, Final: 0, Phantom: 0
[2026-04-03T02:03:00.516+0600][15.162s][info][gc          ] GC(6) Concurrent weak references 0.515ms
[2026-04-03T02:03:00.516+0600][15.162s][info][gc,start    ] GC(6) Concurrent weak roots
[2026-04-03T02:03:00.516+0600][15.162s][info][gc,task     ] GC(6) Using 3 of 6 workers for concurrent weak root
[2026-04-03T02:03:00.518+0600][15.164s][info][gc          ] GC(6) Concurrent weak roots 1.683ms
[2026-04-03T02:03:00.518+0600][15.164s][info][gc,start    ] GC(6) Concurrent cleanup
[2026-04-03T02:03:00.518+0600][15.164s][info][gc          ] GC(6) Concurrent cleanup 456M->441M(465M) 0.205ms
[2026-04-03T02:03:00.518+0600][15.164s][info][gc,ergo     ] GC(6) Free: 1218M, Max: 512K regular, 1198M humongous, Frag: 2% external, 0% internal; Reserve: 89238K, Max: 512K
[2026-04-03T02:03:00.518+0600][15.164s][info][gc,start    ] GC(6) Concurrent class unloading
[2026-04-03T02:03:00.518+0600][15.164s][info][gc,task     ] GC(6) Using 3 of 6 workers for concurrent class unloading
[2026-04-03T02:03:00.524+0600][15.170s][info][gc          ] GC(6) Concurrent class unloading 5.709ms
[2026-04-03T02:03:00.524+0600][15.170s][info][gc,start    ] GC(6) Concurrent strong roots
[2026-04-03T02:03:00.524+0600][15.170s][info][gc,task     ] GC(6) Using 3 of 6 workers for concurrent strong root
[2026-04-03T02:03:00.525+0600][15.171s][info][gc          ] GC(6) Concurrent strong roots 0.828ms
[2026-04-03T02:03:00.525+0600][15.171s][info][gc,start    ] GC(6) Concurrent evacuation
[2026-04-03T02:03:00.525+0600][15.171s][info][gc,task     ] GC(6) Using 3 of 6 workers for concurrent evacuation
[2026-04-03T02:03:00.549+0600][15.195s][info][gc          ] GC(6) Concurrent evacuation 23.975ms
[2026-04-03T02:03:00.549+0600][15.195s][info][gc,start    ] GC(6) Pause Init Update Refs
[2026-04-03T02:03:00.549+0600][15.195s][info][gc,ergo     ] GC(6) Pacer for Update Refs. Used: 496M, Free: 1193M, Non-Taxable: 119M, Alloc Tax Rate: 1.1x
[2026-04-03T02:03:00.549+0600][15.195s][info][gc          ] GC(6) Pause Init Update Refs 0.071ms
[2026-04-03T02:03:00.549+0600][15.195s][info][gc,start    ] GC(6) Concurrent update references
[2026-04-03T02:03:00.549+0600][15.195s][info][gc,task     ] GC(6) Using 3 of 6 workers for concurrent reference update
[2026-04-03T02:03:00.578+0600][15.224s][info][gc          ] GC(6) Concurrent update references 28.765ms
[2026-04-03T02:03:00.578+0600][15.224s][info][gc,start    ] GC(6) Concurrent update thread roots
[2026-04-03T02:03:00.579+0600][15.225s][info][gc          ] GC(6) Concurrent update thread roots 0.715ms
[2026-04-03T02:03:00.579+0600][15.225s][info][gc,start    ] GC(6) Pause Final Update Refs
[2026-04-03T02:03:00.579+0600][15.225s][info][gc,task     ] GC(6) Using 6 of 6 workers for final reference update
[2026-04-03T02:03:00.579+0600][15.225s][info][gc          ] GC(6) Pause Final Update Refs 0.183ms
[2026-04-03T02:03:00.579+0600][15.226s][info][gc,start    ] GC(6) Concurrent cleanup
[2026-04-03T02:03:00.580+0600][15.226s][info][gc          ] GC(6) Concurrent cleanup 513M->126M(517M) 0.735ms
[2026-04-03T02:03:00.580+0600][15.226s][info][gc,ergo     ] Free: 1533M, Max: 512K regular, 1147M humongous, Frag: 26% external, 0% internal; Reserve: 89600K, Max: 512K
[2026-04-03T02:03:00.580+0600][15.226s][info][gc,stats    ] 
[2026-04-03T02:03:00.580+0600][15.226s][info][gc,stats    ] All times are wall-clock times, except per-root-class counters, that are sum over
[2026-04-03T02:03:00.580+0600][15.226s][info][gc,stats    ] all workers. Dividing the <total> over the root stage time estimates parallelism.
[2026-04-03T02:03:00.580+0600][15.226s][info][gc,stats    ] 
[2026-04-03T02:03:00.580+0600][15.226s][info][gc,stats    ] Concurrent Reset                   1001 us
[2026-04-03T02:03:00.580+0600][15.226s][info][gc,stats    ] Pause Init Mark (G)                 400 us
[2026-04-03T02:03:00.580+0600][15.226s][info][gc,stats    ] Pause Init Mark (N)                  92 us
[2026-04-03T02:03:00.580+0600][15.226s][info][gc,stats    ]   Update Region States               21 us
[2026-04-03T02:03:00.580+0600][15.226s][info][gc,stats    ] Concurrent Mark Roots              1400 us, parallelism: 1.43x
[2026-04-03T02:03:00.580+0600][15.226s][info][gc,stats    ]   CMR: <total>                     1996 us
[2026-04-03T02:03:00.580+0600][15.226s][info][gc,stats    ]   CMR: Thread Roots                1653 us, workers (us): 818, 473, 362, ---, ---, ---, 
[2026-04-03T02:03:00.580+0600][15.226s][info][gc,stats    ]   CMR: VM Strong Roots               87 us, workers (us):  70,  17,   0, ---, ---, ---, 
[2026-04-03T02:03:00.580+0600][15.227s][info][gc,stats    ]   CMR: CLDG Roots                   256 us, workers (us): 256, ---, ---, ---, ---, ---, 
[2026-04-03T02:03:00.580+0600][15.227s][info][gc,stats    ] Concurrent Marking                37962 us
[2026-04-03T02:03:00.580+0600][15.227s][info][gc,stats    ] Pause Final Mark (G)               1152 us
[2026-04-03T02:03:00.580+0600][15.227s][info][gc,stats    ] Pause Final Mark (N)                772 us
[2026-04-03T02:03:00.580+0600][15.227s][info][gc,stats    ]   Finish Mark                       278 us
[2026-04-03T02:03:00.580+0600][15.227s][info][gc,stats    ]   Update Region States               42 us
[2026-04-03T02:03:00.580+0600][15.227s][info][gc,stats    ]   Choose Collection Set             280 us
[2026-04-03T02:03:00.580+0600][15.227s][info][gc,stats    ]   Rebuild Free Set                   35 us
[2026-04-03T02:03:00.580+0600][15.227s][info][gc,stats    ] Concurrent Thread Roots             538 us, parallelism: 1.56x
[2026-04-03T02:03:00.580+0600][15.227s][info][gc,stats    ]   CTR: <total>                      840 us
[2026-04-03T02:03:00.580+0600][15.227s][info][gc,stats    ]   CTR: Thread Roots                 840 us, workers (us): 275, 316, 249, ---, ---, ---, 
[2026-04-03T02:03:00.580+0600][15.227s][info][gc,stats    ] Concurrent Weak References          527 us, parallelism: 0.87x
[2026-04-03T02:03:00.580+0600][15.227s][info][gc,stats    ]   CWRF: <total>                     457 us
[2026-04-03T02:03:00.580+0600][15.227s][info][gc,stats    ]   CWRF: Weak References             457 us, workers (us): 355,  10,  91, ---, ---, ---, 
[2026-04-03T02:03:00.580+0600][15.227s][info][gc,stats    ] Concurrent Weak Roots              1769 us
[2026-04-03T02:03:00.580+0600][15.227s][info][gc,stats    ]   Roots                            1460 us, parallelism: 2.39x
[2026-04-03T02:03:00.580+0600][15.227s][info][gc,stats    ]     CWR: <total>                   3493 us
[2026-04-03T02:03:00.580+0600][15.227s][info][gc,stats    ]     CWR: Code Cache Roots          1671 us, workers (us): 597, 528, 547, ---, ---, ---, 
[2026-04-03T02:03:00.580+0600][15.227s][info][gc,stats    ]     CWR: VM Weak Roots             1767 us, workers (us): 645, 581, 540, ---, ---, ---, 
[2026-04-03T02:03:00.580+0600][15.227s][info][gc,stats    ]     CWR: CLDG Roots                  54 us, workers (us): ---,  54, ---, ---, ---, ---, 
[2026-04-03T02:03:00.580+0600][15.227s][info][gc,stats    ]   Rendezvous                        199 us
[2026-04-03T02:03:00.580+0600][15.227s][info][gc,stats    ] Concurrent Cleanup                  219 us
[2026-04-03T02:03:00.580+0600][15.227s][info][gc,stats    ] Concurrent Class Unloading         5773 us
[2026-04-03T02:03:00.580+0600][15.227s][info][gc,stats    ]   Unlink Stale                     3346 us
[2026-04-03T02:03:00.580+0600][15.227s][info][gc,stats    ]     System Dictionary                49 us
[2026-04-03T02:03:00.580+0600][15.227s][info][gc,stats    ]     Weak Class Links                  0 us
[2026-04-03T02:03:00.580+0600][15.227s][info][gc,stats    ]     Code Roots                     3293 us
[2026-04-03T02:03:00.580+0600][15.227s][info][gc,stats    ]   Rendezvous                        195 us
[2026-04-03T02:03:00.580+0600][15.227s][info][gc,stats    ]   Purge Unlinked                   2132 us
[2026-04-03T02:03:00.580+0600][15.227s][info][gc,stats    ]     Code Roots                     2116 us
[2026-04-03T02:03:00.580+0600][15.227s][info][gc,stats    ]     CLDG                             15 us
[2026-04-03T02:03:00.580+0600][15.227s][info][gc,stats    ]     Exception Caches                  0 us
[2026-04-03T02:03:00.580+0600][15.227s][info][gc,stats    ] Concurrent Strong Roots             898 us, parallelism: 0.66x
[2026-04-03T02:03:00.580+0600][15.227s][info][gc,stats    ]   CSR: <total>                      597 us
[2026-04-03T02:03:00.580+0600][15.227s][info][gc,stats    ]   CSR: VM Strong Roots               15 us, workers (us):  14,   1,   0, ---, ---, ---, 
[2026-04-03T02:03:00.580+0600][15.227s][info][gc,stats    ]   CSR: CLDG Roots                   582 us, workers (us): 582, ---, ---, ---, ---, ---, 
[2026-04-03T02:03:00.580+0600][15.227s][info][gc,stats    ] Concurrent Evacuation             24071 us
[2026-04-03T02:03:00.580+0600][15.227s][info][gc,stats    ] Pause Init Update Refs (G)          286 us
[2026-04-03T02:03:00.580+0600][15.227s][info][gc,stats    ] Pause Init Update Refs (N)           84 us
[2026-04-03T02:03:00.580+0600][15.227s][info][gc,stats    ]   Manage GCLABs                      11 us
[2026-04-03T02:03:00.580+0600][15.227s][info][gc,stats    ] Concurrent Update Refs            28874 us
[2026-04-03T02:03:00.580+0600][15.227s][info][gc,stats    ] Concurrent Update Thread Roots      765 us
[2026-04-03T02:03:00.580+0600][15.227s][info][gc,stats    ] Pause Final Update Refs (G)         519 us
[2026-04-03T02:03:00.580+0600][15.227s][info][gc,stats    ] Pause Final Update Refs (N)         197 us
[2026-04-03T02:03:00.580+0600][15.227s][info][gc,stats    ]   Update Region States               58 us
[2026-04-03T02:03:00.580+0600][15.227s][info][gc,stats    ]   Trash Collection Set               18 us
[2026-04-03T02:03:00.580+0600][15.227s][info][gc,stats    ]   Rebuild Free Set                   33 us
[2026-04-03T02:03:00.580+0600][15.227s][info][gc,stats    ] Concurrent Cleanup                  755 us
[2026-04-03T02:03:00.580+0600][15.227s][info][gc,stats    ] 
[2026-04-03T02:03:00.580+0600][15.227s][info][gc,stats    ] Allocation pacing accrued:
[2026-04-03T02:03:00.580+0600][15.227s][info][gc,stats    ]       0 of  2732 ms (  0.0%): <total>
[2026-04-03T02:03:00.580+0600][15.227s][info][gc,stats    ]       0 of  2732 ms (  0.0%): <average total>
[2026-04-03T02:03:00.580+0600][15.227s][info][gc,stats    ] 
[2026-04-03T02:03:00.580+0600][15.227s][info][gc,metaspace] Metaspace: 61558K(62144K)->61558K(62144K) NonClass: 53854K(54208K)->53854K(54208K) Class: 7704K(7936K)->7704K(7936K)
[2026-04-03T02:03:00.580+0600][15.227s][info][gc,ergo     ] Pacer for Idle. Initial: 35840K, Alloc Tax Rate: 1.0x
[2026-04-03T02:03:00.746+0600][15.392s][info][gc          ] Trigger: Learning 3 of 5. Free (1223M) is below initial threshold (1225M)
[2026-04-03T02:03:00.746+0600][15.393s][info][gc,ergo     ] Free: 1223M, Max: 512K regular, 1147M humongous, Frag: 7% external, 0% internal; Reserve: 89600K, Max: 512K
[2026-04-03T02:03:00.746+0600][15.393s][info][gc,start    ] GC(7) Concurrent reset
[2026-04-03T02:03:00.746+0600][15.393s][info][gc,task     ] GC(7) Using 3 of 6 workers for concurrent reset
[2026-04-03T02:03:00.746+0600][15.393s][info][gc,ergo     ] GC(7) Pacer for Reset. Non-Taxable: 1750M
[2026-04-03T02:03:00.748+0600][15.394s][info][gc          ] GC(7) Concurrent reset 1.576ms
[2026-04-03T02:03:00.748+0600][15.394s][info][gc,start    ] GC(7) Pause Init Mark (unload classes)
[2026-04-03T02:03:00.748+0600][15.394s][info][gc,task     ] GC(7) Using 6 of 6 workers for init marking
[2026-04-03T02:03:00.748+0600][15.394s][info][gc,ergo     ] GC(7) Pacer for Mark. Expected Live: 66608K, Free: 1220M, Non-Taxable: 122M, Alloc Tax Rate: 0.1x
[2026-04-03T02:03:00.748+0600][15.394s][info][gc          ] GC(7) Pause Init Mark (unload classes) 0.088ms
[2026-04-03T02:03:00.748+0600][15.395s][info][gc,start    ] GC(7) Concurrent marking roots
[2026-04-03T02:03:00.748+0600][15.395s][info][gc,task     ] GC(7) Using 3 of 6 workers for concurrent marking roots
[2026-04-03T02:03:00.749+0600][15.395s][info][gc          ] GC(7) Concurrent marking roots 0.596ms
[2026-04-03T02:03:00.749+0600][15.395s][info][gc,start    ] GC(7) Concurrent marking (unload classes)
[2026-04-03T02:03:00.749+0600][15.395s][info][gc,task     ] GC(7) Using 3 of 6 workers for concurrent marking
[2026-04-03T02:03:00.796+0600][15.442s][info][gc          ] GC(7) Concurrent marking (unload classes) 47.013ms
[2026-04-03T02:03:00.796+0600][15.442s][info][gc,start    ] GC(7) Pause Final Mark (unload classes)
[2026-04-03T02:03:00.796+0600][15.443s][info][gc,task     ] GC(7) Using 6 of 6 workers for final marking
[2026-04-03T02:03:00.797+0600][15.443s][info][gc,ergo     ] GC(7) Adaptive CSet Selection. Target Free: 247M, Actual Free: 1247M, Max CSet: 74666K, Min Garbage: 0B
[2026-04-03T02:03:00.797+0600][15.443s][info][gc,ergo     ] GC(7) Collectable Garbage: 346M (99%), Immediate: 2048K (0%), CSet: 344M (98%)
[2026-04-03T02:03:00.797+0600][15.444s][info][gc,ergo     ] GC(7) Pacer for Evacuation. Used CSet: 377M, Free: 1160M, Non-Taxable: 116M, Alloc Tax Rate: 1.1x
[2026-04-03T02:03:00.797+0600][15.444s][info][gc          ] GC(7) Pause Final Mark (unload classes) 1.068ms
[2026-04-03T02:03:00.797+0600][15.444s][info][gc,start    ] GC(7) Concurrent thread roots
[2026-04-03T02:03:00.797+0600][15.444s][info][gc,task     ] GC(7) Using 3 of 6 workers for Concurrent thread roots
[2026-04-03T02:03:00.798+0600][15.444s][info][gc          ] GC(7) Concurrent thread roots 0.560ms
[2026-04-03T02:03:00.798+0600][15.444s][info][gc,start    ] GC(7) Concurrent weak references
[2026-04-03T02:03:00.798+0600][15.444s][info][gc,task     ] GC(7) Using 3 of 6 workers for concurrent weak references
[2026-04-03T02:03:00.798+0600][15.445s][info][gc,ref      ] GC(7) Encountered references: Soft: 2956, Weak: 4507, Final: 82, Phantom: 593
[2026-04-03T02:03:00.799+0600][15.445s][info][gc,ref      ] GC(7) Discovered  references: Soft: 0, Weak: 2121, Final: 50, Phantom: 590
[2026-04-03T02:03:00.799+0600][15.445s][info][gc,ref      ] GC(7) Enqueued    references: Soft: 0, Weak: 0, Final: 0, Phantom: 0
[2026-04-03T02:03:00.799+0600][15.445s][info][gc          ] GC(7) Concurrent weak references 0.588ms
[2026-04-03T02:03:00.799+0600][15.445s][info][gc,start    ] GC(7) Concurrent weak roots
[2026-04-03T02:03:00.799+0600][15.445s][info][gc,task     ] GC(7) Using 3 of 6 workers for concurrent weak root
[2026-04-03T02:03:00.800+0600][15.447s][info][gc          ] GC(7) Concurrent weak roots 1.821ms
[2026-04-03T02:03:00.800+0600][15.447s][info][gc,start    ] GC(7) Concurrent cleanup
[2026-04-03T02:03:00.801+0600][15.447s][info][gc          ] GC(7) Concurrent cleanup 504M->502M(517M) 0.538ms
[2026-04-03T02:03:00.801+0600][15.447s][info][gc,ergo     ] GC(7) Free: 1156M, Max: 512K regular, 1147M humongous, Frag: 1% external, 0% internal; Reserve: 89583K, Max: 512K
[2026-04-03T02:03:00.801+0600][15.447s][info][gc,start    ] GC(7) Concurrent class unloading
[2026-04-03T02:03:00.801+0600][15.447s][info][gc,task     ] GC(7) Using 3 of 6 workers for concurrent class unloading
[2026-04-03T02:03:00.804+0600][15.451s][info][gc          ] GC(7) Concurrent class unloading 3.274ms
[2026-04-03T02:03:00.804+0600][15.451s][info][gc,start    ] GC(7) Concurrent strong roots
[2026-04-03T02:03:00.804+0600][15.451s][info][gc,task     ] GC(7) Using 3 of 6 workers for concurrent strong root
[2026-04-03T02:03:00.805+0600][15.451s][info][gc          ] GC(7) Concurrent strong roots 0.572ms
[2026-04-03T02:03:00.805+0600][15.451s][info][gc,start    ] GC(7) Concurrent evacuation
[2026-04-03T02:03:00.805+0600][15.451s][info][gc,task     ] GC(7) Using 3 of 6 workers for concurrent evacuation
[2026-04-03T02:03:00.833+0600][15.479s][info][gc          ] GC(7) Concurrent evacuation 27.747ms
[2026-04-03T02:03:00.833+0600][15.479s][info][gc,start    ] GC(7) Pause Init Update Refs
[2026-04-03T02:03:00.833+0600][15.479s][info][gc,ergo     ] GC(7) Pacer for Update Refs. Used: 558M, Free: 1133M, Non-Taxable: 113M, Alloc Tax Rate: 1.1x
[2026-04-03T02:03:00.833+0600][15.479s][info][gc          ] GC(7) Pause Init Update Refs 0.064ms
[2026-04-03T02:03:00.833+0600][15.479s][info][gc,start    ] GC(7) Concurrent update references
[2026-04-03T02:03:00.833+0600][15.479s][info][gc,task     ] GC(7) Using 3 of 6 workers for concurrent reference update
[2026-04-03T02:03:00.883+0600][15.529s][info][gc          ] GC(7) Concurrent update references 49.913ms
[2026-04-03T02:03:00.883+0600][15.529s][info][gc,start    ] GC(7) Concurrent update thread roots
[2026-04-03T02:03:00.884+0600][15.530s][info][gc          ] GC(7) Concurrent update thread roots 0.698ms
[2026-04-03T02:03:00.884+0600][15.530s][info][gc,start    ] GC(7) Pause Final Update Refs
[2026-04-03T02:03:00.884+0600][15.530s][info][gc,task     ] GC(7) Using 6 of 6 workers for final reference update
[2026-04-03T02:03:00.884+0600][15.531s][info][gc          ] GC(7) Pause Final Update Refs 0.152ms
[2026-04-03T02:03:00.884+0600][15.531s][info][gc,start    ] GC(7) Concurrent cleanup
[2026-04-03T02:03:00.885+0600][15.531s][info][gc          ] GC(7) Concurrent cleanup 587M->211M(591M) 0.649ms
[2026-04-03T02:03:00.885+0600][15.531s][info][gc,ergo     ] Free: 1448M, Max: 512K regular, 1073M humongous, Frag: 26% external, 0% internal; Reserve: 89600K, Max: 512K
[2026-04-03T02:03:00.885+0600][15.531s][info][gc,stats    ] 
[2026-04-03T02:03:00.885+0600][15.531s][info][gc,stats    ] All times are wall-clock times, except per-root-class counters, that are sum over
[2026-04-03T02:03:00.885+0600][15.531s][info][gc,stats    ] all workers. Dividing the <total> over the root stage time estimates parallelism.
[2026-04-03T02:03:00.885+0600][15.531s][info][gc,stats    ] 
[2026-04-03T02:03:00.885+0600][15.531s][info][gc,stats    ] Concurrent Reset                   1628 us
[2026-04-03T02:03:00.885+0600][15.531s][info][gc,stats    ] Pause Init Mark (G)                 443 us
[2026-04-03T02:03:00.885+0600][15.531s][info][gc,stats    ] Pause Init Mark (N)                  96 us
[2026-04-03T02:03:00.885+0600][15.531s][info][gc,stats    ]   Update Region States               24 us
[2026-04-03T02:03:00.885+0600][15.531s][info][gc,stats    ] Concurrent Mark Roots               627 us, parallelism: 1.08x
[2026-04-03T02:03:00.885+0600][15.531s][info][gc,stats    ]   CMR: <total>                      676 us
[2026-04-03T02:03:00.885+0600][15.531s][info][gc,stats    ]   CMR: Thread Roots                 529 us, workers (us): 111, 219, 198, ---, ---, ---, 
[2026-04-03T02:03:00.885+0600][15.531s][info][gc,stats    ]   CMR: VM Strong Roots               14 us, workers (us):  12,   1,   0, ---, ---, ---, 
[2026-04-03T02:03:00.885+0600][15.531s][info][gc,stats    ]   CMR: CLDG Roots                   133 us, workers (us): 133, ---, ---, ---, ---, ---, 
[2026-04-03T02:03:00.885+0600][15.532s][info][gc,stats    ] Concurrent Marking                47087 us
[2026-04-03T02:03:00.885+0600][15.532s][info][gc,stats    ] Pause Final Mark (G)               1393 us
[2026-04-03T02:03:00.885+0600][15.532s][info][gc,stats    ] Pause Final Mark (N)               1080 us
[2026-04-03T02:03:00.885+0600][15.532s][info][gc,stats    ]   Finish Mark                       293 us
[2026-04-03T02:03:00.885+0600][15.532s][info][gc,stats    ]   Update Region States               49 us
[2026-04-03T02:03:00.885+0600][15.532s][info][gc,stats    ]   Choose Collection Set             536 us
[2026-04-03T02:03:00.885+0600][15.532s][info][gc,stats    ]   Rebuild Free Set                   65 us
[2026-04-03T02:03:00.885+0600][15.532s][info][gc,stats    ] Concurrent Thread Roots             603 us, parallelism: 1.28x
[2026-04-03T02:03:00.885+0600][15.532s][info][gc,stats    ]   CTR: <total>                      773 us
[2026-04-03T02:03:00.885+0600][15.532s][info][gc,stats    ]   CTR: Thread Roots                 773 us, workers (us): 281, 257, 235, ---, ---, ---, 
[2026-04-03T02:03:00.885+0600][15.532s][info][gc,stats    ] Concurrent Weak References          597 us, parallelism: 0.67x
[2026-04-03T02:03:00.885+0600][15.532s][info][gc,stats    ]   CWRF: <total>                     400 us
[2026-04-03T02:03:00.885+0600][15.532s][info][gc,stats    ]   CWRF: Weak References             400 us, workers (us): 318,  23,  59, ---, ---, ---, 
[2026-04-03T02:03:00.885+0600][15.532s][info][gc,stats    ] Concurrent Weak Roots              1864 us
[2026-04-03T02:03:00.885+0600][15.532s][info][gc,stats    ]   Roots                            1569 us, parallelism: 2.37x
[2026-04-03T02:03:00.885+0600][15.532s][info][gc,stats    ]     CWR: <total>                   3714 us
[2026-04-03T02:03:00.885+0600][15.532s][info][gc,stats    ]     CWR: Code Cache Roots          2291 us, workers (us): 779, 784, 728, ---, ---, ---, 
[2026-04-03T02:03:00.885+0600][15.532s][info][gc,stats    ]     CWR: VM Weak Roots             1379 us, workers (us): 496, 442, 442, ---, ---, ---, 
[2026-04-03T02:03:00.885+0600][15.532s][info][gc,stats    ]     CWR: CLDG Roots                  44 us, workers (us): ---, ---,  44, ---, ---, ---, 
[2026-04-03T02:03:00.885+0600][15.532s][info][gc,stats    ]   Rendezvous                        232 us
[2026-04-03T02:03:00.885+0600][15.532s][info][gc,stats    ] Concurrent Cleanup                  551 us
[2026-04-03T02:03:00.885+0600][15.532s][info][gc,stats    ] Concurrent Class Unloading         3323 us
[2026-04-03T02:03:00.885+0600][15.532s][info][gc,stats    ]   Unlink Stale                     2960 us
[2026-04-03T02:03:00.885+0600][15.532s][info][gc,stats    ]     System Dictionary                44 us
[2026-04-03T02:03:00.885+0600][15.532s][info][gc,stats    ]     Weak Class Links                  0 us
[2026-04-03T02:03:00.885+0600][15.532s][info][gc,stats    ]     Code Roots                     2914 us
[2026-04-03T02:03:00.885+0600][15.532s][info][gc,stats    ]   Rendezvous                        210 us
[2026-04-03T02:03:00.885+0600][15.532s][info][gc,stats    ]   Purge Unlinked                     85 us
[2026-04-03T02:03:00.885+0600][15.532s][info][gc,stats    ]     Code Roots                       76 us
[2026-04-03T02:03:00.885+0600][15.532s][info][gc,stats    ]     CLDG                              8 us
[2026-04-03T02:03:00.885+0600][15.532s][info][gc,stats    ]     Exception Caches                  0 us
[2026-04-03T02:03:00.885+0600][15.532s][info][gc,stats    ] Concurrent Strong Roots             614 us, parallelism: 0.59x
[2026-04-03T02:03:00.885+0600][15.532s][info][gc,stats    ]   CSR: <total>                      361 us
[2026-04-03T02:03:00.885+0600][15.532s][info][gc,stats    ]   CSR: VM Strong Roots               14 us, workers (us):  12,   1,   1, ---, ---, ---, 
[2026-04-03T02:03:00.885+0600][15.532s][info][gc,stats    ]   CSR: CLDG Roots                   347 us, workers (us): 347, ---, ---, ---, ---, ---, 
[2026-04-03T02:03:00.885+0600][15.532s][info][gc,stats    ] Concurrent Evacuation             27817 us
[2026-04-03T02:03:00.885+0600][15.532s][info][gc,stats    ] Pause Init Update Refs (G)          276 us
[2026-04-03T02:03:00.885+0600][15.532s][info][gc,stats    ] Pause Init Update Refs (N)           73 us
[2026-04-03T02:03:00.885+0600][15.532s][info][gc,stats    ]   Manage GCLABs                      16 us
[2026-04-03T02:03:00.885+0600][15.532s][info][gc,stats    ] Concurrent Update Refs            49990 us
[2026-04-03T02:03:00.885+0600][15.532s][info][gc,stats    ] Concurrent Update Thread Roots      745 us
[2026-04-03T02:03:00.885+0600][15.532s][info][gc,stats    ] Pause Final Update Refs (G)         514 us
[2026-04-03T02:03:00.885+0600][15.532s][info][gc,stats    ] Pause Final Update Refs (N)         163 us
[2026-04-03T02:03:00.885+0600][15.532s][info][gc,stats    ]   Update Region States               47 us
[2026-04-03T02:03:00.885+0600][15.532s][info][gc,stats    ]   Trash Collection Set               13 us
[2026-04-03T02:03:00.885+0600][15.532s][info][gc,stats    ]   Rebuild Free Set                   31 us
[2026-04-03T02:03:00.885+0600][15.532s][info][gc,stats    ] Concurrent Cleanup                  667 us
[2026-04-03T02:03:00.885+0600][15.532s][info][gc,stats    ] 
[2026-04-03T02:03:00.885+0600][15.532s][info][gc,stats    ] Allocation pacing accrued:
[2026-04-03T02:03:00.885+0600][15.532s][info][gc,stats    ]       0 of   305 ms (  0.0%): <total>
[2026-04-03T02:03:00.885+0600][15.532s][info][gc,stats    ]       0 of   305 ms (  0.0%): <average total>
[2026-04-03T02:03:00.885+0600][15.532s][info][gc,stats    ] 
[2026-04-03T02:03:00.885+0600][15.532s][info][gc,metaspace] Metaspace: 61558K(62144K)->61558K(62144K) NonClass: 53854K(54208K)->53854K(54208K) Class: 7704K(7936K)->7704K(7936K)
[2026-04-03T02:03:00.885+0600][15.532s][info][gc,ergo     ] Pacer for Idle. Initial: 35840K, Alloc Tax Rate: 1.0x
[2026-04-03T02:03:01.587+0600][16.234s][info][gc          ] Trigger: Learning 4 of 5. Free (1224M) is below initial threshold (1225M)
[2026-04-03T02:03:01.587+0600][16.234s][info][gc,ergo     ] Free: 1224M, Max: 512K regular, 1073M humongous, Frag: 13% external, 0% internal; Reserve: 89600K, Max: 512K
[2026-04-03T02:03:01.588+0600][16.234s][info][gc,start    ] GC(8) Concurrent reset
[2026-04-03T02:03:01.588+0600][16.234s][info][gc,task     ] GC(8) Using 3 of 6 workers for concurrent reset
[2026-04-03T02:03:01.588+0600][16.234s][info][gc,ergo     ] GC(8) Pacer for Reset. Non-Taxable: 1750M
[2026-04-03T02:03:01.589+0600][16.236s][info][gc          ] GC(8) Concurrent reset 1.784ms
[2026-04-03T02:03:01.590+0600][16.236s][info][gc,start    ] GC(8) Pause Init Mark (unload classes)
[2026-04-03T02:03:01.590+0600][16.236s][info][gc,task     ] GC(8) Using 6 of 6 workers for init marking
[2026-04-03T02:03:01.590+0600][16.236s][info][gc,ergo     ] GC(8) Pacer for Mark. Expected Live: 74764K, Free: 1223M, Non-Taxable: 122M, Alloc Tax Rate: 0.1x
[2026-04-03T02:03:01.590+0600][16.236s][info][gc          ] GC(8) Pause Init Mark (unload classes) 0.338ms
[2026-04-03T02:03:01.590+0600][16.236s][info][gc,start    ] GC(8) Concurrent marking roots
[2026-04-03T02:03:01.590+0600][16.237s][info][gc,task     ] GC(8) Using 3 of 6 workers for concurrent marking roots
[2026-04-03T02:03:01.591+0600][16.238s][info][gc          ] GC(8) Concurrent marking roots 1.217ms
[2026-04-03T02:03:01.591+0600][16.238s][info][gc,start    ] GC(8) Concurrent marking (unload classes)
[2026-04-03T02:03:01.591+0600][16.238s][info][gc,task     ] GC(8) Using 3 of 6 workers for concurrent marking
[2026-04-03T02:03:01.679+0600][16.326s][info][gc          ] GC(8) Concurrent marking (unload classes) 88.059ms
[2026-04-03T02:03:01.680+0600][16.326s][info][gc,start    ] GC(8) Pause Final Mark (unload classes)
[2026-04-03T02:03:01.680+0600][16.326s][info][gc,task     ] GC(8) Using 6 of 6 workers for final marking
[2026-04-03T02:03:01.680+0600][16.327s][info][gc,ergo     ] GC(8) Adaptive CSet Selection. Target Free: 247M, Actual Free: 1281M, Max CSet: 74666K, Min Garbage: 0B
[2026-04-03T02:03:01.681+0600][16.327s][info][gc,ergo     ] GC(8) Collectable Garbage: 321M (99%), Immediate: 13541K (4%), CSet: 307M (95%)
[2026-04-03T02:03:01.681+0600][16.327s][info][gc,ergo     ] GC(8) Pacer for Evacuation. Used CSet: 329M, Free: 1195M, Non-Taxable: 119M, Alloc Tax Rate: 1.1x
[2026-04-03T02:03:01.681+0600][16.327s][info][gc          ] GC(8) Pause Final Mark (unload classes) 1.347ms
[2026-04-03T02:03:01.681+0600][16.327s][info][gc,start    ] GC(8) Concurrent thread roots
[2026-04-03T02:03:01.681+0600][16.328s][info][gc,task     ] GC(8) Using 3 of 6 workers for Concurrent thread roots
[2026-04-03T02:03:01.682+0600][16.328s][info][gc          ] GC(8) Concurrent thread roots 0.676ms
[2026-04-03T02:03:01.682+0600][16.328s][info][gc,start    ] GC(8) Concurrent weak references
[2026-04-03T02:03:01.682+0600][16.328s][info][gc,task     ] GC(8) Using 3 of 6 workers for concurrent weak references
[2026-04-03T02:03:01.682+0600][16.329s][info][gc,ref      ] GC(8) Encountered references: Soft: 3145, Weak: 5610, Final: 82, Phantom: 594
[2026-04-03T02:03:01.682+0600][16.329s][info][gc,ref      ] GC(8) Discovered  references: Soft: 0, Weak: 1148, Final: 0, Phantom: 591
[2026-04-03T02:03:01.682+0600][16.329s][info][gc,ref      ] GC(8) Enqueued    references: Soft: 0, Weak: 400, Final: 0, Phantom: 0
[2026-04-03T02:03:01.682+0600][16.329s][info][gc          ] GC(8) Concurrent weak references 0.583ms
[2026-04-03T02:03:01.682+0600][16.329s][info][gc,start    ] GC(8) Concurrent weak roots
[2026-04-03T02:03:01.682+0600][16.329s][info][gc,task     ] GC(8) Using 3 of 6 workers for concurrent weak root
[2026-04-03T02:03:01.685+0600][16.331s][info][gc          ] GC(8) Concurrent weak roots 2.504ms
[2026-04-03T02:03:01.685+0600][16.331s][info][gc,start    ] GC(8) Concurrent cleanup
[2026-04-03T02:03:01.686+0600][16.332s][info][gc          ] GC(8) Concurrent cleanup 478M->465M(591M) 0.699ms
[2026-04-03T02:03:01.686+0600][16.332s][info][gc,ergo     ] GC(8) Free: 1194M, Max: 512K regular, 1073M humongous, Frag: 11% external, 0% internal; Reserve: 89140K, Max: 512K
[2026-04-03T02:03:01.686+0600][16.332s][info][gc,start    ] GC(8) Concurrent class unloading
[2026-04-03T02:03:01.686+0600][16.332s][info][gc,task     ] GC(8) Using 3 of 6 workers for concurrent class unloading
[2026-04-03T02:03:01.707+0600][16.353s][info][gc          ] GC(8) Concurrent class unloading 21.184ms
[2026-04-03T02:03:01.707+0600][16.353s][info][gc,start    ] GC(8) Concurrent strong roots
[2026-04-03T02:03:01.707+0600][16.354s][info][gc,task     ] GC(8) Using 3 of 6 workers for concurrent strong root
[2026-04-03T02:03:01.708+0600][16.355s][info][gc          ] GC(8) Concurrent strong roots 1.235ms
[2026-04-03T02:03:01.708+0600][16.355s][info][gc,start    ] GC(8) Concurrent evacuation
[2026-04-03T02:03:01.708+0600][16.355s][info][gc,task     ] GC(8) Using 3 of 6 workers for concurrent evacuation
[2026-04-03T02:03:01.738+0600][16.385s][info][gc          ] GC(8) Concurrent evacuation 30.010ms
[2026-04-03T02:03:01.739+0600][16.385s][info][gc,start    ] GC(8) Pause Init Update Refs
[2026-04-03T02:03:01.739+0600][16.385s][info][gc,ergo     ] GC(8) Pacer for Update Refs. Used: 508M, Free: 1173M, Non-Taxable: 117M, Alloc Tax Rate: 1.1x
[2026-04-03T02:03:01.739+0600][16.386s][info][gc          ] GC(8) Pause Init Update Refs 0.139ms
[2026-04-03T02:03:01.739+0600][16.386s][info][gc,start    ] GC(8) Concurrent update references
[2026-04-03T02:03:01.739+0600][16.386s][info][gc,task     ] GC(8) Using 3 of 6 workers for concurrent reference update
[2026-04-03T02:03:01.815+0600][16.462s][info][gc          ] GC(8) Concurrent update references 76.188ms
[2026-04-03T02:03:01.816+0600][16.462s][info][gc,start    ] GC(8) Concurrent update thread roots
[2026-04-03T02:03:01.817+0600][16.463s][info][gc          ] GC(8) Concurrent update thread roots 1.055ms
[2026-04-03T02:03:01.817+0600][16.463s][info][gc,start    ] GC(8) Pause Final Update Refs
[2026-04-03T02:03:01.817+0600][16.463s][info][gc,task     ] GC(8) Using 6 of 6 workers for final reference update
[2026-04-03T02:03:01.817+0600][16.464s][info][gc          ] GC(8) Pause Final Update Refs 0.262ms
[2026-04-03T02:03:01.817+0600][16.464s][info][gc,start    ] GC(8) Concurrent cleanup
[2026-04-03T02:03:01.818+0600][16.464s][info][gc          ] GC(8) Concurrent cleanup 551M->221M(612M) 0.433ms
[2026-04-03T02:03:01.818+0600][16.464s][info][gc,ergo     ] Free: 1437M, Max: 512K regular, 1226M humongous, Frag: 15% external, 0% internal; Reserve: 89600K, Max: 512K
[2026-04-03T02:03:01.818+0600][16.464s][info][gc,stats    ] 
[2026-04-03T02:03:01.818+0600][16.464s][info][gc,stats    ] All times are wall-clock times, except per-root-class counters, that are sum over
[2026-04-03T02:03:01.818+0600][16.465s][info][gc,stats    ] all workers. Dividing the <total> over the root stage time estimates parallelism.
[2026-04-03T02:03:01.818+0600][16.465s][info][gc,stats    ] 
[2026-04-03T02:03:01.818+0600][16.465s][info][gc,stats    ] Concurrent Reset                   1848 us
[2026-04-03T02:03:01.818+0600][16.465s][info][gc,stats    ] Pause Init Mark (G)                 718 us
[2026-04-03T02:03:01.818+0600][16.465s][info][gc,stats    ] Pause Init Mark (N)                 348 us
[2026-04-03T02:03:01.818+0600][16.465s][info][gc,stats    ]   Update Region States               37 us
[2026-04-03T02:03:01.818+0600][16.465s][info][gc,stats    ] Concurrent Mark Roots              1264 us, parallelism: 1.70x
[2026-04-03T02:03:01.818+0600][16.465s][info][gc,stats    ]   CMR: <total>                     2149 us
[2026-04-03T02:03:01.818+0600][16.465s][info][gc,stats    ]   CMR: Thread Roots                1759 us, workers (us): 352, 670, 737, ---, ---, ---, 
[2026-04-03T02:03:01.818+0600][16.465s][info][gc,stats    ]   CMR: VM Strong Roots               31 us, workers (us):  28,   1,   1, ---, ---, ---, 
[2026-04-03T02:03:01.818+0600][16.465s][info][gc,stats    ]   CMR: CLDG Roots                   359 us, workers (us): 359, ---, ---, ---, ---, ---, 
[2026-04-03T02:03:01.818+0600][16.465s][info][gc,stats    ] Concurrent Marking                88184 us
[2026-04-03T02:03:01.818+0600][16.465s][info][gc,stats    ] Pause Final Mark (G)               1555 us
[2026-04-03T02:03:01.818+0600][16.465s][info][gc,stats    ] Pause Final Mark (N)               1363 us
[2026-04-03T02:03:01.818+0600][16.465s][info][gc,stats    ]   Finish Mark                       272 us
[2026-04-03T02:03:01.818+0600][16.465s][info][gc,stats    ]   Update Region States               91 us
[2026-04-03T02:03:01.818+0600][16.465s][info][gc,stats    ]   Choose Collection Set             541 us
[2026-04-03T02:03:01.818+0600][16.465s][info][gc,stats    ]   Rebuild Free Set                  168 us
[2026-04-03T02:03:01.818+0600][16.465s][info][gc,stats    ] Concurrent Thread Roots             716 us, parallelism: 1.81x
[2026-04-03T02:03:01.818+0600][16.465s][info][gc,stats    ]   CTR: <total>                     1294 us
[2026-04-03T02:03:01.818+0600][16.465s][info][gc,stats    ]   CTR: Thread Roots                1294 us, workers (us): 408, 536, 351, ---, ---, ---, 
[2026-04-03T02:03:01.818+0600][16.465s][info][gc,stats    ] Concurrent Weak References          596 us, parallelism: 0.95x
[2026-04-03T02:03:01.818+0600][16.465s][info][gc,stats    ]   CWRF: <total>                     566 us
[2026-04-03T02:03:01.818+0600][16.465s][info][gc,stats    ]   CWRF: Weak References             566 us, workers (us): 391,  99,  75, ---, ---, ---, 
[2026-04-03T02:03:01.818+0600][16.465s][info][gc,stats    ] Concurrent Weak Roots              2597 us
[2026-04-03T02:03:01.819+0600][16.465s][info][gc,stats    ]   Roots                            2165 us, parallelism: 2.51x
[2026-04-03T02:03:01.819+0600][16.465s][info][gc,stats    ]     CWR: <total>                   5431 us
[2026-04-03T02:03:01.819+0600][16.465s][info][gc,stats    ]     CWR: Code Cache Roots          2698 us, workers (us): 896, 914, 887, ---, ---, ---, 
[2026-04-03T02:03:01.819+0600][16.465s][info][gc,stats    ]     CWR: VM Weak Roots             2593 us, workers (us): 893, 899, 801, ---, ---, ---, 
[2026-04-03T02:03:01.819+0600][16.465s][info][gc,stats    ]     CWR: CLDG Roots                 140 us, workers (us): 140, ---, ---, ---, ---, ---, 
[2026-04-03T02:03:01.819+0600][16.465s][info][gc,stats    ]   Rendezvous                        308 us
[2026-04-03T02:03:01.819+0600][16.465s][info][gc,stats    ] Concurrent Cleanup                  734 us
[2026-04-03T02:03:01.819+0600][16.465s][info][gc,stats    ] Concurrent Class Unloading        21273 us
[2026-04-03T02:03:01.819+0600][16.465s][info][gc,stats    ]   Unlink Stale                    19247 us
[2026-04-03T02:03:01.819+0600][16.465s][info][gc,stats    ]     System Dictionary               350 us
[2026-04-03T02:03:01.819+0600][16.465s][info][gc,stats    ]     Weak Class Links              13313 us
[2026-04-03T02:03:01.819+0600][16.465s][info][gc,stats    ]     Code Roots                     5578 us
[2026-04-03T02:03:01.819+0600][16.465s][info][gc,stats    ]   Rendezvous                        241 us
[2026-04-03T02:03:01.819+0600][16.465s][info][gc,stats    ]   Purge Unlinked                   1661 us
[2026-04-03T02:03:01.819+0600][16.465s][info][gc,stats    ]     Code Roots                     1588 us
[2026-04-03T02:03:01.819+0600][16.465s][info][gc,stats    ]     CLDG                             71 us
[2026-04-03T02:03:01.819+0600][16.465s][info][gc,stats    ]     Exception Caches                  1 us
[2026-04-03T02:03:01.819+0600][16.465s][info][gc,stats    ] Concurrent Strong Roots            1289 us, parallelism: 0.77x
[2026-04-03T02:03:01.819+0600][16.465s][info][gc,stats    ]   CSR: <total>                      989 us
[2026-04-03T02:03:01.819+0600][16.465s][info][gc,stats    ]   CSR: VM Strong Roots               27 us, workers (us):  19,   8,   0, ---, ---, ---, 
[2026-04-03T02:03:01.819+0600][16.465s][info][gc,stats    ]   CSR: CLDG Roots                   962 us, workers (us): ---, 962, ---, ---, ---, ---, 
[2026-04-03T02:03:01.819+0600][16.465s][info][gc,stats    ] Concurrent Evacuation             30129 us
[2026-04-03T02:03:01.819+0600][16.465s][info][gc,stats    ] Pause Init Update Refs (G)          661 us
[2026-04-03T02:03:01.819+0600][16.465s][info][gc,stats    ] Pause Init Update Refs (N)          156 us
[2026-04-03T02:03:01.819+0600][16.465s][info][gc,stats    ]   Manage GCLABs                      17 us
[2026-04-03T02:03:01.819+0600][16.465s][info][gc,stats    ] Concurrent Update Refs            76329 us
[2026-04-03T02:03:01.819+0600][16.465s][info][gc,stats    ] Concurrent Update Thread Roots     1178 us
[2026-04-03T02:03:01.819+0600][16.465s][info][gc,stats    ] Pause Final Update Refs (G)         621 us
[2026-04-03T02:03:01.819+0600][16.465s][info][gc,stats    ] Pause Final Update Refs (N)         278 us
[2026-04-03T02:03:01.819+0600][16.465s][info][gc,stats    ]   Update Region States               63 us
[2026-04-03T02:03:01.819+0600][16.465s][info][gc,stats    ]   Trash Collection Set               16 us
[2026-04-03T02:03:01.819+0600][16.465s][info][gc,stats    ]   Rebuild Free Set                   41 us
[2026-04-03T02:03:01.819+0600][16.465s][info][gc,stats    ] Concurrent Cleanup                  509 us
[2026-04-03T02:03:01.819+0600][16.465s][info][gc,stats    ] 
[2026-04-03T02:03:01.819+0600][16.465s][info][gc,stats    ] Allocation pacing accrued:
[2026-04-03T02:03:01.819+0600][16.465s][info][gc,stats    ]       0 of   934 ms (  0.0%): <total>
[2026-04-03T02:03:01.819+0600][16.465s][info][gc,stats    ]       0 of   934 ms (  0.0%): <average total>
[2026-04-03T02:03:01.819+0600][16.465s][info][gc,stats    ] 
[2026-04-03T02:03:01.819+0600][16.465s][info][gc,metaspace] Metaspace: 63758K(64576K)->63995K(64768K) NonClass: 55708K(56128K)->55888K(56320K) Class: 8050K(8448K)->8107K(8448K)
[2026-04-03T02:03:01.819+0600][16.465s][info][gc,ergo     ] Pacer for Idle. Initial: 35840K, Alloc Tax Rate: 1.0x
[2026-04-03T02:03:01.972+0600][16.618s][info][gc          ] Trigger: Learning 5 of 5. Free (1223M) is below initial threshold (1225M)
[2026-04-03T02:03:01.972+0600][16.618s][info][gc,ergo     ] Free: 1223M, Max: 512K regular, 1223M humongous, Frag: 0% external, 0% internal; Reserve: 89600K, Max: 512K
[2026-04-03T02:03:01.972+0600][16.618s][info][gc,start    ] GC(9) Concurrent reset
[2026-04-03T02:03:01.972+0600][16.618s][info][gc,task     ] GC(9) Using 3 of 6 workers for concurrent reset
[2026-04-03T02:03:01.972+0600][16.618s][info][gc,ergo     ] GC(9) Pacer for Reset. Non-Taxable: 1750M
[2026-04-03T02:03:01.973+0600][16.620s][info][gc          ] GC(9) Concurrent reset 1.311ms
[2026-04-03T02:03:01.973+0600][16.620s][info][gc,start    ] GC(9) Pause Init Mark (unload classes)
[2026-04-03T02:03:01.974+0600][16.620s][info][gc,task     ] GC(9) Using 6 of 6 workers for init marking
[2026-04-03T02:03:01.974+0600][16.620s][info][gc,ergo     ] GC(9) Pacer for Mark. Expected Live: 80694K, Free: 1221M, Non-Taxable: 122M, Alloc Tax Rate: 0.1x
[2026-04-03T02:03:01.974+0600][16.620s][info][gc          ] GC(9) Pause Init Mark (unload classes) 0.132ms
[2026-04-03T02:03:01.974+0600][16.620s][info][gc,start    ] GC(9) Concurrent marking roots
[2026-04-03T02:03:01.974+0600][16.620s][info][gc,task     ] GC(9) Using 3 of 6 workers for concurrent marking roots
[2026-04-03T02:03:01.974+0600][16.621s][info][gc          ] GC(9) Concurrent marking roots 0.690ms
[2026-04-03T02:03:01.974+0600][16.621s][info][gc,start    ] GC(9) Concurrent marking (unload classes)
[2026-04-03T02:03:01.974+0600][16.621s][info][gc,task     ] GC(9) Using 3 of 6 workers for concurrent marking
[2026-04-03T02:03:02.051+0600][16.697s][info][gc          ] GC(9) Concurrent marking (unload classes) 76.273ms
[2026-04-03T02:03:02.051+0600][16.697s][info][gc,start    ] GC(9) Pause Final Mark (unload classes)
[2026-04-03T02:03:02.051+0600][16.697s][info][gc,task     ] GC(9) Using 6 of 6 workers for final marking
[2026-04-03T02:03:02.052+0600][16.698s][info][gc,ergo     ] GC(9) Adaptive CSet Selection. Target Free: 247M, Actual Free: 1223M, Max CSet: 74666K, Min Garbage: 0B
[2026-04-03T02:03:02.052+0600][16.698s][info][gc,ergo     ] GC(9) Collectable Garbage: 301M (99%), Immediate: 2048K (0%), CSet: 299M (98%)
[2026-04-03T02:03:02.052+0600][16.698s][info][gc,ergo     ] GC(9) Pacer for Evacuation. Used CSet: 321M, Free: 1136M, Non-Taxable: 113M, Alloc Tax Rate: 1.1x
[2026-04-03T02:03:02.052+0600][16.698s][info][gc          ] GC(9) Pause Final Mark (unload classes) 0.810ms
[2026-04-03T02:03:02.052+0600][16.698s][info][gc,start    ] GC(9) Concurrent thread roots
[2026-04-03T02:03:02.052+0600][16.698s][info][gc,task     ] GC(9) Using 3 of 6 workers for Concurrent thread roots
[2026-04-03T02:03:02.052+0600][16.699s][info][gc          ] GC(9) Concurrent thread roots 0.555ms
[2026-04-03T02:03:02.053+0600][16.699s][info][gc,start    ] GC(9) Concurrent weak references
[2026-04-03T02:03:02.053+0600][16.699s][info][gc,task     ] GC(9) Using 3 of 6 workers for concurrent weak references
[2026-04-03T02:03:02.053+0600][16.700s][info][gc,ref      ] GC(9) Encountered references: Soft: 3150, Weak: 5333, Final: 82, Phantom: 594
[2026-04-03T02:03:02.053+0600][16.700s][info][gc,ref      ] GC(9) Discovered  references: Soft: 0, Weak: 3157, Final: 50, Phantom: 592
[2026-04-03T02:03:02.053+0600][16.700s][info][gc,ref      ] GC(9) Enqueued    references: Soft: 0, Weak: 44, Final: 0, Phantom: 0
[2026-04-03T02:03:02.053+0600][16.700s][info][gc          ] GC(9) Concurrent weak references 0.856ms
[2026-04-03T02:03:02.053+0600][16.700s][info][gc,start    ] GC(9) Concurrent weak roots
[2026-04-03T02:03:02.053+0600][16.700s][info][gc,task     ] GC(9) Using 3 of 6 workers for concurrent weak root
[2026-04-03T02:03:02.056+0600][16.702s][info][gc          ] GC(9) Concurrent weak roots 2.037ms
[2026-04-03T02:03:02.056+0600][16.702s][info][gc,start    ] GC(9) Concurrent cleanup
[2026-04-03T02:03:02.056+0600][16.702s][info][gc          ] GC(9) Concurrent cleanup 528M->526M(612M) 0.261ms
[2026-04-03T02:03:02.056+0600][16.702s][info][gc,ergo     ] GC(9) Free: 1133M, Max: 512K regular, 1130M humongous, Frag: 1% external, 0% internal; Reserve: 89565K, Max: 512K
[2026-04-03T02:03:02.056+0600][16.702s][info][gc,start    ] GC(9) Concurrent class unloading
[2026-04-03T02:03:02.056+0600][16.702s][info][gc,task     ] GC(9) Using 3 of 6 workers for concurrent class unloading
[2026-04-03T02:03:02.061+0600][16.708s][info][gc          ] GC(9) Concurrent class unloading 5.458ms
[2026-04-03T02:03:02.062+0600][16.708s][info][gc,start    ] GC(9) Concurrent strong roots
[2026-04-03T02:03:02.062+0600][16.708s][info][gc,task     ] GC(9) Using 3 of 6 workers for concurrent strong root
[2026-04-03T02:03:02.062+0600][16.709s][info][gc          ] GC(9) Concurrent strong roots 0.872ms
[2026-04-03T02:03:02.062+0600][16.709s][info][gc,start    ] GC(9) Concurrent evacuation
[2026-04-03T02:03:02.062+0600][16.709s][info][gc,task     ] GC(9) Using 3 of 6 workers for concurrent evacuation
[2026-04-03T02:03:02.091+0600][16.737s][info][gc          ] GC(9) Concurrent evacuation 28.633ms
[2026-04-03T02:03:02.091+0600][16.738s][info][gc,start    ] GC(9) Pause Init Update Refs
[2026-04-03T02:03:02.091+0600][16.738s][info][gc,ergo     ] GC(9) Pacer for Update Refs. Used: 578M, Free: 1102M, Non-Taxable: 110M, Alloc Tax Rate: 1.1x
[2026-04-03T02:03:02.091+0600][16.738s][info][gc          ] GC(9) Pause Init Update Refs 0.076ms
[2026-04-03T02:03:02.091+0600][16.738s][info][gc,start    ] GC(9) Concurrent update references
[2026-04-03T02:03:02.091+0600][16.738s][info][gc,task     ] GC(9) Using 3 of 6 workers for concurrent reference update
[2026-04-03T02:03:02.180+0600][16.826s][info][gc          ] GC(9) Concurrent update references 88.603ms
[2026-04-03T02:03:02.180+0600][16.827s][info][gc,start    ] GC(9) Concurrent update thread roots
[2026-04-03T02:03:02.181+0600][16.827s][info][gc          ] GC(9) Concurrent update thread roots 0.725ms
[2026-04-03T02:03:02.181+0600][16.828s][info][gc,start    ] GC(9) Pause Final Update Refs
[2026-04-03T02:03:02.181+0600][16.828s][info][gc,task     ] GC(9) Using 6 of 6 workers for final reference update
[2026-04-03T02:03:02.181+0600][16.828s][info][gc          ] GC(9) Pause Final Update Refs 0.234ms
[2026-04-03T02:03:02.182+0600][16.828s][info][gc,start    ] GC(9) Concurrent cleanup
[2026-04-03T02:03:02.182+0600][16.828s][info][gc          ] GC(9) Concurrent cleanup 656M->335M(659M) 0.366ms
[2026-04-03T02:03:02.182+0600][16.828s][info][gc,ergo     ] Free: 1324M, Max: 512K regular, 1004M humongous, Frag: 25% external, 0% internal; Reserve: 89600K, Max: 512K
[2026-04-03T02:03:02.182+0600][16.828s][info][gc,stats    ] 
[2026-04-03T02:03:02.182+0600][16.828s][info][gc,stats    ] All times are wall-clock times, except per-root-class counters, that are sum over
[2026-04-03T02:03:02.182+0600][16.828s][info][gc,stats    ] all workers. Dividing the <total> over the root stage time estimates parallelism.
[2026-04-03T02:03:02.182+0600][16.828s][info][gc,stats    ] 
[2026-04-03T02:03:02.182+0600][16.828s][info][gc,stats    ] Concurrent Reset                   1368 us
[2026-04-03T02:03:02.182+0600][16.828s][info][gc,stats    ] Pause Init Mark (G)                 365 us
[2026-04-03T02:03:02.182+0600][16.828s][info][gc,stats    ] Pause Init Mark (N)                 144 us
[2026-04-03T02:03:02.182+0600][16.828s][info][gc,stats    ]   Update Region States               28 us
[2026-04-03T02:03:02.182+0600][16.828s][info][gc,stats    ] Concurrent Mark Roots               729 us, parallelism: 1.66x
[2026-04-03T02:03:02.182+0600][16.828s][info][gc,stats    ]   CMR: <total>                     1210 us
[2026-04-03T02:03:02.182+0600][16.829s][info][gc,stats    ]   CMR: Thread Roots                 825 us, workers (us): 325, 120, 381, ---, ---, ---, 
[2026-04-03T02:03:02.182+0600][16.829s][info][gc,stats    ]   CMR: VM Strong Roots              109 us, workers (us):  92,  16,   1, ---, ---, ---, 
[2026-04-03T02:03:02.182+0600][16.829s][info][gc,stats    ]   CMR: CLDG Roots                   275 us, workers (us): ---, 275, ---, ---, ---, ---, 
[2026-04-03T02:03:02.182+0600][16.829s][info][gc,stats    ] Concurrent Marking                76368 us
[2026-04-03T02:03:02.182+0600][16.829s][info][gc,stats    ] Pause Final Mark (G)               1101 us
[2026-04-03T02:03:02.182+0600][16.829s][info][gc,stats    ] Pause Final Mark (N)                824 us
[2026-04-03T02:03:02.182+0600][16.829s][info][gc,stats    ]   Finish Mark                       260 us
[2026-04-03T02:03:02.182+0600][16.829s][info][gc,stats    ]   Update Region States               48 us
[2026-04-03T02:03:02.182+0600][16.829s][info][gc,stats    ]   Choose Collection Set             310 us
[2026-04-03T02:03:02.182+0600][16.829s][info][gc,stats    ]   Rebuild Free Set                   64 us
[2026-04-03T02:03:02.182+0600][16.829s][info][gc,stats    ] Concurrent Thread Roots             610 us, parallelism: 1.87x
[2026-04-03T02:03:02.182+0600][16.829s][info][gc,stats    ]   CTR: <total>                     1143 us
[2026-04-03T02:03:02.182+0600][16.829s][info][gc,stats    ]   CTR: Thread Roots                1143 us, workers (us): 379, 387, 377, ---, ---, ---, 
[2026-04-03T02:03:02.182+0600][16.829s][info][gc,stats    ] Concurrent Weak References          868 us, parallelism: 0.86x
[2026-04-03T02:03:02.182+0600][16.829s][info][gc,stats    ]   CWRF: <total>                     749 us
[2026-04-03T02:03:02.182+0600][16.829s][info][gc,stats    ]   CWRF: Weak References             749 us, workers (us):  37, 711,   0, ---, ---, ---, 
[2026-04-03T02:03:02.182+0600][16.829s][info][gc,stats    ] Concurrent Weak Roots              2220 us
[2026-04-03T02:03:02.182+0600][16.829s][info][gc,stats    ]   Roots                            1761 us, parallelism: 2.37x
[2026-04-03T02:03:02.182+0600][16.829s][info][gc,stats    ]     CWR: <total>                   4181 us
[2026-04-03T02:03:02.182+0600][16.829s][info][gc,stats    ]     CWR: Code Cache Roots          2472 us, workers (us): 827, 849, 796, ---, ---, ---, 
[2026-04-03T02:03:02.182+0600][16.829s][info][gc,stats    ]     CWR: VM Weak Roots             1587 us, workers (us): 642, 642, 303, ---, ---, ---, 
[2026-04-03T02:03:02.182+0600][16.829s][info][gc,stats    ]     CWR: CLDG Roots                 121 us, workers (us): ---, ---, 121, ---, ---, ---, 
[2026-04-03T02:03:02.182+0600][16.829s][info][gc,stats    ]   Rendezvous                        252 us
[2026-04-03T02:03:02.182+0600][16.829s][info][gc,stats    ] Concurrent Cleanup                  303 us
[2026-04-03T02:03:02.182+0600][16.829s][info][gc,stats    ] Concurrent Class Unloading         5548 us
[2026-04-03T02:03:02.182+0600][16.829s][info][gc,stats    ]   Unlink Stale                     4661 us
[2026-04-03T02:03:02.182+0600][16.829s][info][gc,stats    ]     System Dictionary               128 us
[2026-04-03T02:03:02.182+0600][16.829s][info][gc,stats    ]     Weak Class Links                  0 us
[2026-04-03T02:03:02.182+0600][16.829s][info][gc,stats    ]     Code Roots                     4527 us
[2026-04-03T02:03:02.182+0600][16.829s][info][gc,stats    ]   Rendezvous                        227 us
[2026-04-03T02:03:02.182+0600][16.829s][info][gc,stats    ]   Purge Unlinked                    529 us
[2026-04-03T02:03:02.182+0600][16.829s][info][gc,stats    ]     Code Roots                      516 us
[2026-04-03T02:03:02.182+0600][16.829s][info][gc,stats    ]     CLDG                             12 us
[2026-04-03T02:03:02.183+0600][16.829s][info][gc,stats    ]     Exception Caches                  0 us
[2026-04-03T02:03:02.183+0600][16.829s][info][gc,stats    ] Concurrent Strong Roots             941 us, parallelism: 0.56x
[2026-04-03T02:03:02.183+0600][16.829s][info][gc,stats    ]   CSR: <total>                      522 us
[2026-04-03T02:03:02.183+0600][16.829s][info][gc,stats    ]   CSR: VM Strong Roots               29 us, workers (us):   2,  27,   1, ---, ---, ---, 
[2026-04-03T02:03:02.183+0600][16.829s][info][gc,stats    ]   CSR: CLDG Roots                   493 us, workers (us): ---, 493, ---, ---, ---, ---, 
[2026-04-03T02:03:02.183+0600][16.829s][info][gc,stats    ] Concurrent Evacuation             28731 us
[2026-04-03T02:03:02.183+0600][16.829s][info][gc,stats    ] Pause Init Update Refs (G)          244 us
[2026-04-03T02:03:02.183+0600][16.829s][info][gc,stats    ] Pause Init Update Refs (N)           92 us
[2026-04-03T02:03:02.183+0600][16.829s][info][gc,stats    ]   Manage GCLABs                      14 us
[2026-04-03T02:03:02.183+0600][16.829s][info][gc,stats    ] Concurrent Update Refs            88705 us
[2026-04-03T02:03:02.183+0600][16.829s][info][gc,stats    ] Concurrent Update Thread Roots      796 us
[2026-04-03T02:03:02.183+0600][16.829s][info][gc,stats    ] Pause Final Update Refs (G)         567 us
[2026-04-03T02:03:02.183+0600][16.829s][info][gc,stats    ] Pause Final Update Refs (N)         248 us
[2026-04-03T02:03:02.183+0600][16.829s][info][gc,stats    ]   Update Region States               57 us
[2026-04-03T02:03:02.183+0600][16.829s][info][gc,stats    ]   Trash Collection Set               14 us
[2026-04-03T02:03:02.183+0600][16.829s][info][gc,stats    ]   Rebuild Free Set                   36 us
[2026-04-03T02:03:02.183+0600][16.829s][info][gc,stats    ] Concurrent Cleanup                  397 us
[2026-04-03T02:03:02.183+0600][16.829s][info][gc,stats    ] 
[2026-04-03T02:03:02.183+0600][16.829s][info][gc,stats    ] Allocation pacing accrued:
[2026-04-03T02:03:02.183+0600][16.829s][info][gc,stats    ]       0 of   364 ms (  0.0%): <total>
[2026-04-03T02:03:02.183+0600][16.829s][info][gc,stats    ]       0 of   364 ms (  0.0%): <average total>
[2026-04-03T02:03:02.183+0600][16.829s][info][gc,stats    ] 
[2026-04-03T02:03:02.183+0600][16.829s][info][gc,metaspace] Metaspace: 64003K(64768K)->64015K(64768K) NonClass: 55896K(56320K)->55908K(56320K) Class: 8107K(8448K)->8107K(8448K)
[2026-04-03T02:03:02.183+0600][16.829s][info][gc,ergo     ] Pacer for Idle. Initial: 35840K, Alloc Tax Rate: 1.0x
[2026-04-03T02:03:02.788+0600][17.435s][info][gc          ] Trigger: Average GC time (277.43 ms) is above the time for average allocation rate (1293 MB/s) to deplete free headroom (342M) (margin of error = 1.80)
[2026-04-03T02:03:02.788+0600][17.435s][info][gc,ergo     ] Free headroom: 430M (free) - 89600K (spike) - 0B (penalties) = 342M
[2026-04-03T02:03:02.788+0600][17.435s][info][gc,ergo     ] Free: 430M, Max: 512K regular, 430M humongous, Frag: 0% external, 0% internal; Reserve: 89600K, Max: 512K
[2026-04-03T02:03:02.788+0600][17.435s][info][gc,start    ] GC(10) Concurrent reset
[2026-04-03T02:03:02.788+0600][17.435s][info][gc,task     ] GC(10) Using 3 of 6 workers for concurrent reset
[2026-04-03T02:03:02.788+0600][17.435s][info][gc,ergo     ] GC(10) Pacer for Reset. Non-Taxable: 1750M
[2026-04-03T02:03:02.790+0600][17.436s][info][gc          ] GC(10) Concurrent reset 1.383ms
[2026-04-03T02:03:02.790+0600][17.436s][info][gc,start    ] GC(10) Pause Init Mark (unload classes)
[2026-04-03T02:03:02.790+0600][17.436s][info][gc,task     ] GC(10) Using 6 of 6 workers for init marking
[2026-04-03T02:03:02.790+0600][17.437s][info][gc,ergo     ] GC(10) Pacer for Mark. Expected Live: 85154K, Free: 428M, Non-Taxable: 43860K, Alloc Tax Rate: 0.2x
[2026-04-03T02:03:02.790+0600][17.437s][info][gc          ] GC(10) Pause Init Mark (unload classes) 0.108ms
[2026-04-03T02:03:02.790+0600][17.437s][info][gc,start    ] GC(10) Concurrent marking roots
[2026-04-03T02:03:02.790+0600][17.437s][info][gc,task     ] GC(10) Using 3 of 6 workers for concurrent marking roots
[2026-04-03T02:03:02.791+0600][17.437s][info][gc          ] GC(10) Concurrent marking roots 0.614ms
[2026-04-03T02:03:02.791+0600][17.437s][info][gc,start    ] GC(10) Concurrent marking (unload classes)
[2026-04-03T02:03:02.791+0600][17.437s][info][gc,task     ] GC(10) Using 3 of 6 workers for concurrent marking
[2026-04-03T02:03:02.891+0600][17.537s][info][gc          ] GC(10) Concurrent marking (unload classes) 100.159ms
[2026-04-03T02:03:02.891+0600][17.538s][info][gc,start    ] GC(10) Pause Final Mark (unload classes)
[2026-04-03T02:03:02.891+0600][17.538s][info][gc,task     ] GC(10) Using 6 of 6 workers for final marking
[2026-04-03T02:03:02.892+0600][17.538s][info][gc,ergo     ] GC(10) Adaptive CSet Selection. Target Free: 247M, Actual Free: 694M, Max CSet: 74666K, Min Garbage: 0B
[2026-04-03T02:03:02.894+0600][17.541s][info][gc,ergo     ] GC(10) Collectable Garbage: 1056M (99%), Immediate: 267M (25%), CSet: 788M (74%)
[2026-04-03T02:03:02.894+0600][17.541s][info][gc,ergo     ] GC(10) Pacer for Evacuation. Used CSet: 827M, Free: 608M, Non-Taxable: 62288K, Alloc Tax Rate: 3.3x
[2026-04-03T02:03:02.894+0600][17.541s][info][gc          ] GC(10) Pause Final Mark (unload classes) 3.234ms
[2026-04-03T02:03:02.895+0600][17.541s][info][gc,start    ] GC(10) Concurrent thread roots
[2026-04-03T02:03:02.895+0600][17.541s][info][gc,task     ] GC(10) Using 3 of 6 workers for Concurrent thread roots
[2026-04-03T02:03:02.895+0600][17.542s][info][gc          ] GC(10) Concurrent thread roots 0.579ms
[2026-04-03T02:03:02.895+0600][17.542s][info][gc,start    ] GC(10) Concurrent weak references
[2026-04-03T02:03:02.895+0600][17.542s][info][gc,task     ] GC(10) Using 3 of 6 workers for concurrent weak references
[2026-04-03T02:03:02.896+0600][17.542s][info][gc,ref      ] GC(10) Encountered references: Soft: 3150, Weak: 5289, Final: 82, Phantom: 593
[2026-04-03T02:03:02.896+0600][17.542s][info][gc,ref      ] GC(10) Discovered  references: Soft: 0, Weak: 1054, Final: 0, Phantom: 590
[2026-04-03T02:03:02.896+0600][17.542s][info][gc,ref      ] GC(10) Enqueued    references: Soft: 0, Weak: 1, Final: 0, Phantom: 0
[2026-04-03T02:03:02.896+0600][17.542s][info][gc          ] GC(10) Concurrent weak references 0.394ms
[2026-04-03T02:03:02.896+0600][17.542s][info][gc,start    ] GC(10) Concurrent weak roots
[2026-04-03T02:03:02.896+0600][17.542s][info][gc,task     ] GC(10) Using 3 of 6 workers for concurrent weak root
[2026-04-03T02:03:02.897+0600][17.544s][info][gc          ] GC(10) Concurrent weak roots 1.542ms
[2026-04-03T02:03:02.897+0600][17.544s][info][gc,start    ] GC(10) Concurrent cleanup
[2026-04-03T02:03:02.898+0600][17.544s][info][gc          ] GC(10) Concurrent cleanup 1319M->1052M(1324M) 0.596ms
[2026-04-03T02:03:02.898+0600][17.544s][info][gc,ergo     ] GC(10) Free: 608M, Max: 512K regular, 339M humongous, Frag: 45% external, 0% internal; Reserve: 89275K, Max: 512K
[2026-04-03T02:03:02.898+0600][17.544s][info][gc,start    ] GC(10) Concurrent class unloading
[2026-04-03T02:03:02.898+0600][17.544s][info][gc,task     ] GC(10) Using 3 of 6 workers for concurrent class unloading
[2026-04-03T02:03:02.902+0600][17.549s][info][gc          ] GC(10) Concurrent class unloading 4.250ms
[2026-04-03T02:03:02.902+0600][17.549s][info][gc,start    ] GC(10) Concurrent strong roots
[2026-04-03T02:03:02.902+0600][17.549s][info][gc,task     ] GC(10) Using 3 of 6 workers for concurrent strong root
[2026-04-03T02:03:02.903+0600][17.549s][info][gc          ] GC(10) Concurrent strong roots 0.589ms
[2026-04-03T02:03:02.903+0600][17.549s][info][gc,start    ] GC(10) Concurrent evacuation
[2026-04-03T02:03:02.903+0600][17.549s][info][gc,task     ] GC(10) Using 3 of 6 workers for concurrent evacuation
[2026-04-03T02:03:02.935+0600][17.582s][info][gc          ] GC(10) Concurrent evacuation 32.299ms
[2026-04-03T02:03:02.935+0600][17.582s][info][gc,start    ] GC(10) Pause Init Update Refs
[2026-04-03T02:03:02.935+0600][17.582s][info][gc,ergo     ] GC(10) Pacer for Update Refs. Used: 1145M, Free: 554M, Non-Taxable: 56810K, Alloc Tax Rate: 2.5x
[2026-04-03T02:03:02.935+0600][17.582s][info][gc          ] GC(10) Pause Init Update Refs 0.084ms
[2026-04-03T02:03:02.935+0600][17.582s][info][gc,start    ] GC(10) Concurrent update references
[2026-04-03T02:03:02.936+0600][17.582s][info][gc,task     ] GC(10) Using 3 of 6 workers for concurrent reference update
[2026-04-03T02:03:03.028+0600][17.675s][info][gc          ] GC(10) Concurrent update references 92.957ms
[2026-04-03T02:03:03.029+0600][17.675s][info][gc,start    ] GC(10) Concurrent update thread roots
[2026-04-03T02:03:03.029+0600][17.676s][info][gc          ] GC(10) Concurrent update thread roots 0.717ms
[2026-04-03T02:03:03.030+0600][17.676s][info][gc,start    ] GC(10) Pause Final Update Refs
[2026-04-03T02:03:03.030+0600][17.676s][info][gc,task     ] GC(10) Using 6 of 6 workers for final reference update
[2026-04-03T02:03:03.030+0600][17.676s][info][gc          ] GC(10) Pause Final Update Refs 0.205ms
[2026-04-03T02:03:03.030+0600][17.676s][info][gc,start    ] GC(10) Concurrent cleanup
[2026-04-03T02:03:03.030+0600][17.677s][info][gc          ] GC(10) Concurrent cleanup 1302M->475M(1363M) 0.398ms
[2026-04-03T02:03:03.030+0600][17.677s][info][gc,ergo     ] Free: 1184M, Max: 512K regular, 490M humongous, Frag: 59% external, 0% internal; Reserve: 89600K, Max: 512K
[2026-04-03T02:03:03.030+0600][17.677s][info][gc,stats    ] 
[2026-04-03T02:03:03.030+0600][17.677s][info][gc,stats    ] All times are wall-clock times, except per-root-class counters, that are sum over
[2026-04-03T02:03:03.030+0600][17.677s][info][gc,stats    ] all workers. Dividing the <total> over the root stage time estimates parallelism.
[2026-04-03T02:03:03.030+0600][17.677s][info][gc,stats    ] 
[2026-04-03T02:03:03.030+0600][17.677s][info][gc,stats    ] Concurrent Reset                   1439 us
[2026-04-03T02:03:03.030+0600][17.677s][info][gc,stats    ] Pause Init Mark (G)                 371 us
[2026-04-03T02:03:03.030+0600][17.677s][info][gc,stats    ] Pause Init Mark (N)                 120 us
[2026-04-03T02:03:03.030+0600][17.677s][info][gc,stats    ]   Update Region States               27 us
[2026-04-03T02:03:03.030+0600][17.677s][info][gc,stats    ] Concurrent Mark Roots               645 us, parallelism: 1.49x
[2026-04-03T02:03:03.030+0600][17.677s][info][gc,stats    ]   CMR: <total>                      962 us
[2026-04-03T02:03:03.030+0600][17.677s][info][gc,stats    ]   CMR: Thread Roots                 735 us, workers (us): 313, 107, 314, ---, ---, ---, 
[2026-04-03T02:03:03.030+0600][17.677s][info][gc,stats    ]   CMR: VM Strong Roots               21 us, workers (us):  13,   6,   2, ---, ---, ---, 
[2026-04-03T02:03:03.030+0600][17.677s][info][gc,stats    ]   CMR: CLDG Roots                   206 us, workers (us): ---, 206, ---, ---, ---, ---, 
[2026-04-03T02:03:03.030+0600][17.677s][info][gc,stats    ] Concurrent Marking               100225 us
[2026-04-03T02:03:03.031+0600][17.677s][info][gc,stats    ] Pause Final Mark (G)               3483 us
[2026-04-03T02:03:03.031+0600][17.677s][info][gc,stats    ] Pause Final Mark (N)               3245 us
[2026-04-03T02:03:03.031+0600][17.677s][info][gc,stats    ]   Finish Mark                       202 us
[2026-04-03T02:03:03.031+0600][17.677s][info][gc,stats    ]   Update Region States               34 us
[2026-04-03T02:03:03.031+0600][17.677s][info][gc,stats    ]   Choose Collection Set            2869 us
[2026-04-03T02:03:03.031+0600][17.677s][info][gc,stats    ]   Rebuild Free Set                   36 us
[2026-04-03T02:03:03.031+0600][17.677s][info][gc,stats    ] Concurrent Thread Roots             634 us, parallelism: 1.26x
[2026-04-03T02:03:03.031+0600][17.677s][info][gc,stats    ]   CTR: <total>                      796 us
[2026-04-03T02:03:03.031+0600][17.677s][info][gc,stats    ]   CTR: Thread Roots                 796 us, workers (us): 277, 266, 252, ---, ---, ---, 
[2026-04-03T02:03:03.031+0600][17.677s][info][gc,stats    ] Concurrent Weak References          401 us, parallelism: 0.83x
[2026-04-03T02:03:03.031+0600][17.677s][info][gc,stats    ]   CWRF: <total>                     333 us
[2026-04-03T02:03:03.031+0600][17.677s][info][gc,stats    ]   CWRF: Weak References             333 us, workers (us): 257,  75,   1, ---, ---, ---, 
[2026-04-03T02:03:03.031+0600][17.677s][info][gc,stats    ] Concurrent Weak Roots              1588 us
[2026-04-03T02:03:03.031+0600][17.677s][info][gc,stats    ]   Roots                            1313 us, parallelism: 2.33x
[2026-04-03T02:03:03.031+0600][17.677s][info][gc,stats    ]     CWR: <total>                   3056 us
[2026-04-03T02:03:03.031+0600][17.677s][info][gc,stats    ]     CWR: Code Cache Roots          1581 us, workers (us): 521, 580, 480, ---, ---, ---, 
[2026-04-03T02:03:03.031+0600][17.677s][info][gc,stats    ]     CWR: VM Weak Roots             1417 us, workers (us): 494, 483, 440, ---, ---, ---, 
[2026-04-03T02:03:03.031+0600][17.677s][info][gc,stats    ]     CWR: CLDG Roots                  58 us, workers (us): ---, ---,  58, ---, ---, ---, 
[2026-04-03T02:03:03.031+0600][17.677s][info][gc,stats    ]   Rendezvous                        191 us
[2026-04-03T02:03:03.031+0600][17.677s][info][gc,stats    ] Concurrent Cleanup                  627 us
[2026-04-03T02:03:03.031+0600][17.677s][info][gc,stats    ] Concurrent Class Unloading         4297 us
[2026-04-03T02:03:03.031+0600][17.677s][info][gc,stats    ]   Unlink Stale                     3427 us
[2026-04-03T02:03:03.031+0600][17.677s][info][gc,stats    ]     System Dictionary                51 us
[2026-04-03T02:03:03.031+0600][17.677s][info][gc,stats    ]     Weak Class Links                  0 us
[2026-04-03T02:03:03.031+0600][17.677s][info][gc,stats    ]     Code Roots                     3373 us
[2026-04-03T02:03:03.031+0600][17.677s][info][gc,stats    ]   Rendezvous                        247 us
[2026-04-03T02:03:03.031+0600][17.677s][info][gc,stats    ]   Purge Unlinked                    558 us
[2026-04-03T02:03:03.031+0600][17.677s][info][gc,stats    ]     Code Roots                      545 us
[2026-04-03T02:03:03.031+0600][17.677s][info][gc,stats    ]     CLDG                             12 us
[2026-04-03T02:03:03.031+0600][17.677s][info][gc,stats    ]     Exception Caches                  0 us
[2026-04-03T02:03:03.031+0600][17.677s][info][gc,stats    ] Concurrent Strong Roots             636 us, parallelism: 0.55x
[2026-04-03T02:03:03.031+0600][17.677s][info][gc,stats    ]   CSR: <total>                      350 us
[2026-04-03T02:03:03.031+0600][17.677s][info][gc,stats    ]   CSR: VM Strong Roots               14 us, workers (us):  13,   1,   0, ---, ---, ---, 
[2026-04-03T02:03:03.031+0600][17.677s][info][gc,stats    ]   CSR: CLDG Roots                   336 us, workers (us): 336, ---, ---, ---, ---, ---, 
[2026-04-03T02:03:03.031+0600][17.677s][info][gc,stats    ] Concurrent Evacuation             32368 us
[2026-04-03T02:03:03.031+0600][17.677s][info][gc,stats    ] Pause Init Update Refs (G)          273 us
[2026-04-03T02:03:03.031+0600][17.677s][info][gc,stats    ] Pause Init Update Refs (N)           95 us
[2026-04-03T02:03:03.031+0600][17.677s][info][gc,stats    ]   Manage GCLABs                      13 us
[2026-04-03T02:03:03.031+0600][17.677s][info][gc,stats    ] Concurrent Update Refs            93039 us
[2026-04-03T02:03:03.031+0600][17.677s][info][gc,stats    ] Concurrent Update Thread Roots      801 us
[2026-04-03T02:03:03.031+0600][17.677s][info][gc,stats    ] Pause Final Update Refs (G)         520 us
[2026-04-03T02:03:03.031+0600][17.677s][info][gc,stats    ] Pause Final Update Refs (N)         249 us
[2026-04-03T02:03:03.031+0600][17.677s][info][gc,stats    ]   Update Region States               50 us
[2026-04-03T02:03:03.031+0600][17.677s][info][gc,stats    ]   Trash Collection Set               36 us
[2026-04-03T02:03:03.031+0600][17.677s][info][gc,stats    ]   Rebuild Free Set                   32 us
[2026-04-03T02:03:03.031+0600][17.677s][info][gc,stats    ] Concurrent Cleanup                  414 us
[2026-04-03T02:03:03.031+0600][17.677s][info][gc,stats    ] Pacing                            38500 us
[2026-04-03T02:03:03.031+0600][17.677s][info][gc,stats    ] 
[2026-04-03T02:03:03.031+0600][17.677s][info][gc,stats    ] Allocation pacing accrued:
[2026-04-03T02:03:03.031+0600][17.677s][info][gc,stats    ]      19 of   848 ms (  2.3%): Executor task launch worker for task 0.0 in stage 1.0 (TID 1)
[2026-04-03T02:03:03.031+0600][17.677s][info][gc,stats    ]      19 of   848 ms (  2.3%): Executor task launch worker for task 1.0 in stage 1.0 (TID 2)
[2026-04-03T02:03:03.031+0600][17.677s][info][gc,stats    ]      38 of   848 ms (  4.5%): <total>
[2026-04-03T02:03:03.031+0600][17.677s][info][gc,stats    ]       1 of   848 ms (  0.1%): <average total>
[2026-04-03T02:03:03.031+0600][17.677s][info][gc,stats    ]      19 of   848 ms (  2.3%): <average non-zero>
[2026-04-03T02:03:03.031+0600][17.677s][info][gc,stats    ] 
[2026-04-03T02:03:03.031+0600][17.677s][info][gc,metaspace] Metaspace: 64108K(64960K)->64108K(64960K) NonClass: 55986K(56448K)->55986K(56448K) Class: 8122K(8512K)->8122K(8512K)
[2026-04-03T02:03:03.031+0600][17.677s][info][gc,ergo     ] Pacer for Idle. Initial: 35840K, Alloc Tax Rate: 1.0x
[2026-04-03T02:03:03.408+0600][18.054s][info][gc          ] Trigger: Average GC time (293.48 ms) is above the time for average allocation rate (1546 MB/s) to deplete free headroom (453M) (margin of error = 1.82)
[2026-04-03T02:03:03.408+0600][18.054s][info][gc,ergo     ] Free headroom: 540M (free) - 89600K (spike) - 0B (penalties) = 453M
[2026-04-03T02:03:03.408+0600][18.054s][info][gc,ergo     ] Free: 540M, Max: 512K regular, 300M humongous, Frag: 45% external, 0% internal; Reserve: 89600K, Max: 512K
[2026-04-03T02:03:03.408+0600][18.054s][info][gc,start    ] GC(11) Concurrent reset
[2026-04-03T02:03:03.408+0600][18.055s][info][gc,task     ] GC(11) Using 3 of 6 workers for concurrent reset
[2026-04-03T02:03:03.408+0600][18.055s][info][gc,ergo     ] GC(11) Pacer for Reset. Non-Taxable: 1750M
[2026-04-03T02:03:03.412+0600][18.059s][info][gc          ] GC(11) Concurrent reset 4.369ms
[2026-04-03T02:03:03.413+0600][18.059s][info][gc,start    ] GC(11) Pause Init Mark (unload classes)
[2026-04-03T02:03:03.413+0600][18.059s][info][gc,task     ] GC(11) Using 6 of 6 workers for init marking
[2026-04-03T02:03:03.413+0600][18.059s][info][gc,ergo     ] GC(11) Pacer for Mark. Expected Live: 112M, Free: 536M, Non-Taxable: 54967K, Alloc Tax Rate: 0.3x
[2026-04-03T02:03:03.413+0600][18.059s][info][gc          ] GC(11) Pause Init Mark (unload classes) 0.103ms
[2026-04-03T02:03:03.413+0600][18.059s][info][gc,start    ] GC(11) Concurrent marking roots
[2026-04-03T02:03:03.413+0600][18.059s][info][gc,task     ] GC(11) Using 3 of 6 workers for concurrent marking roots
[2026-04-03T02:03:03.414+0600][18.060s][info][gc          ] GC(11) Concurrent marking roots 0.687ms
[2026-04-03T02:03:03.414+0600][18.060s][info][gc,start    ] GC(11) Concurrent marking (unload classes)
[2026-04-03T02:03:03.414+0600][18.060s][info][gc,task     ] GC(11) Using 3 of 6 workers for concurrent marking
[2026-04-03T02:03:03.491+0600][18.137s][info][gc          ] GC(11) Concurrent marking (unload classes) 77.082ms
[2026-04-03T02:03:03.491+0600][18.137s][info][gc,start    ] GC(11) Pause Final Mark (unload classes)
[2026-04-03T02:03:03.491+0600][18.137s][info][gc,task     ] GC(11) Using 6 of 6 workers for final marking
[2026-04-03T02:03:03.491+0600][18.138s][info][gc,ergo     ] GC(11) Collectable Garbage: 940M (98%), Immediate: 940M (98%), CSet: 0B (0%)
[2026-04-03T02:03:03.491+0600][18.138s][info][gc          ] GC(11) Pause Final Mark (unload classes) 0.407ms
[2026-04-03T02:03:03.491+0600][18.138s][info][gc,start    ] GC(11) Concurrent weak references
[2026-04-03T02:03:03.492+0600][18.138s][info][gc,task     ] GC(11) Using 3 of 6 workers for concurrent weak references
[2026-04-03T02:03:03.492+0600][18.138s][info][gc,ref      ] GC(11) Encountered references: Soft: 3159, Weak: 5425, Final: 82, Phantom: 593
[2026-04-03T02:03:03.492+0600][18.138s][info][gc,ref      ] GC(11) Discovered  references: Soft: 0, Weak: 327, Final: 0, Phantom: 271
[2026-04-03T02:03:03.492+0600][18.138s][info][gc,ref      ] GC(11) Enqueued    references: Soft: 0, Weak: 52, Final: 0, Phantom: 0
[2026-04-03T02:03:03.492+0600][18.138s][info][gc          ] GC(11) Concurrent weak references 0.250ms
[2026-04-03T02:03:03.492+0600][18.138s][info][gc,start    ] GC(11) Concurrent weak roots
[2026-04-03T02:03:03.492+0600][18.138s][info][gc,task     ] GC(11) Using 3 of 6 workers for concurrent weak root
[2026-04-03T02:03:03.494+0600][18.140s][info][gc          ] GC(11) Concurrent weak roots 2.035ms
[2026-04-03T02:03:03.494+0600][18.140s][info][gc,start    ] GC(11) Concurrent cleanup
[2026-04-03T02:03:03.494+0600][18.141s][info][gc          ] GC(11) Concurrent cleanup 1176M->235M(1363M) 0.444ms
[2026-04-03T02:03:03.494+0600][18.141s][info][gc,ergo     ] GC(11) Free: 1424M, Max: 512K regular, 486M humongous, Frag: 66% external, 0% internal; Reserve: 89600K, Max: 512K
[2026-04-03T02:03:03.494+0600][18.141s][info][gc,start    ] GC(11) Concurrent class unloading
[2026-04-03T02:03:03.494+0600][18.141s][info][gc,task     ] GC(11) Using 3 of 6 workers for concurrent class unloading
[2026-04-03T02:03:03.499+0600][18.146s][info][gc          ] GC(11) Concurrent class unloading 4.774ms
[2026-04-03T02:03:03.499+0600][18.146s][info][gc,start    ] GC(11) Pause Final Roots
[2026-04-03T02:03:03.499+0600][18.146s][info][gc          ] GC(11) Pause Final Roots 0.035ms
[2026-04-03T02:03:03.500+0600][18.146s][info][gc,ergo     ] Free: 1423M, Max: 512K regular, 486M humongous, Frag: 66% external, 0% internal; Reserve: 89600K, Max: 512K
[2026-04-03T02:03:03.500+0600][18.146s][info][gc,stats    ] 
[2026-04-03T02:03:03.500+0600][18.146s][info][gc,stats    ] All times are wall-clock times, except per-root-class counters, that are sum over
[2026-04-03T02:03:03.500+0600][18.146s][info][gc,stats    ] all workers. Dividing the <total> over the root stage time estimates parallelism.
[2026-04-03T02:03:03.500+0600][18.146s][info][gc,stats    ] 
[2026-04-03T02:03:03.500+0600][18.146s][info][gc,stats    ] Concurrent Reset                   4414 us
[2026-04-03T02:03:03.500+0600][18.146s][info][gc,stats    ] Pause Init Mark (G)                 367 us
[2026-04-03T02:03:03.500+0600][18.146s][info][gc,stats    ] Pause Init Mark (N)                 110 us
[2026-04-03T02:03:03.500+0600][18.146s][info][gc,stats    ]   Update Region States               30 us
[2026-04-03T02:03:03.500+0600][18.146s][info][gc,stats    ] Concurrent Mark Roots               740 us, parallelism: 1.23x
[2026-04-03T02:03:03.500+0600][18.146s][info][gc,stats    ]   CMR: <total>                      909 us
[2026-04-03T02:03:03.500+0600][18.146s][info][gc,stats    ]   CMR: Thread Roots                 698 us, workers (us): 325, 141, 231, ---, ---, ---, 
[2026-04-03T02:03:03.500+0600][18.146s][info][gc,stats    ]   CMR: VM Strong Roots               21 us, workers (us):  10,  10,   1, ---, ---, ---, 
[2026-04-03T02:03:03.500+0600][18.146s][info][gc,stats    ]   CMR: CLDG Roots                   190 us, workers (us): ---, 190, ---, ---, ---, ---, 
[2026-04-03T02:03:03.500+0600][18.146s][info][gc,stats    ] Concurrent Marking                77160 us
[2026-04-03T02:03:03.500+0600][18.146s][info][gc,stats    ] Pause Final Mark (G)                680 us
[2026-04-03T02:03:03.500+0600][18.146s][info][gc,stats    ] Pause Final Mark (N)                418 us
[2026-04-03T02:03:03.500+0600][18.146s][info][gc,stats    ]   Finish Mark                       178 us
[2026-04-03T02:03:03.500+0600][18.146s][info][gc,stats    ]   Update Region States               50 us
[2026-04-03T02:03:03.500+0600][18.146s][info][gc,stats    ]   Choose Collection Set              67 us
[2026-04-03T02:03:03.500+0600][18.146s][info][gc,stats    ]   Rebuild Free Set                   37 us
[2026-04-03T02:03:03.500+0600][18.146s][info][gc,stats    ] Concurrent Weak References          265 us, parallelism: 0.29x
[2026-04-03T02:03:03.500+0600][18.146s][info][gc,stats    ]   CWRF: <total>                      77 us
[2026-04-03T02:03:03.500+0600][18.146s][info][gc,stats    ]   CWRF: Weak References              77 us, workers (us):  75,   2,   0, ---, ---, ---, 
[2026-04-03T02:03:03.500+0600][18.146s][info][gc,stats    ] Concurrent Weak Roots              2107 us
[2026-04-03T02:03:03.500+0600][18.146s][info][gc,stats    ]   Roots                            1725 us, parallelism: 2.40x
[2026-04-03T02:03:03.500+0600][18.146s][info][gc,stats    ]     CWR: <total>                   4131 us
[2026-04-03T02:03:03.500+0600][18.146s][info][gc,stats    ]     CWR: Code Cache Roots          2982 us, workers (us): 1093, 925, 965, ---, ---, ---, 
[2026-04-03T02:03:03.500+0600][18.146s][info][gc,stats    ]     CWR: VM Weak Roots             1099 us, workers (us): 398, 355, 347, ---, ---, ---, 
[2026-04-03T02:03:03.500+0600][18.146s][info][gc,stats    ]     CWR: CLDG Roots                  50 us, workers (us): ---, ---,  50, ---, ---, ---, 
[2026-04-03T02:03:03.500+0600][18.146s][info][gc,stats    ]   Rendezvous                        219 us
[2026-04-03T02:03:03.500+0600][18.146s][info][gc,stats    ] Concurrent Cleanup                  470 us
[2026-04-03T02:03:03.500+0600][18.146s][info][gc,stats    ] Concurrent Class Unloading         4847 us
[2026-04-03T02:03:03.500+0600][18.146s][info][gc,stats    ]   Unlink Stale                     4302 us
[2026-04-03T02:03:03.500+0600][18.146s][info][gc,stats    ]     System Dictionary                92 us
[2026-04-03T02:03:03.500+0600][18.146s][info][gc,stats    ]     Weak Class Links                  0 us
[2026-04-03T02:03:03.500+0600][18.146s][info][gc,stats    ]     Code Roots                     4206 us
[2026-04-03T02:03:03.500+0600][18.146s][info][gc,stats    ]   Rendezvous                        189 us
[2026-04-03T02:03:03.500+0600][18.146s][info][gc,stats    ]   Purge Unlinked                    250 us
[2026-04-03T02:03:03.500+0600][18.146s][info][gc,stats    ]     Code Roots                      242 us
[2026-04-03T02:03:03.500+0600][18.146s][info][gc,stats    ]     CLDG                              8 us
[2026-04-03T02:03:03.500+0600][18.146s][info][gc,stats    ]     Exception Caches                  0 us
[2026-04-03T02:03:03.500+0600][18.146s][info][gc,stats    ] Pause Final Roots (G)               229 us
[2026-04-03T02:03:03.500+0600][18.147s][info][gc,stats    ] Pause Final Roots (N)                51 us
[2026-04-03T02:03:03.500+0600][18.147s][info][gc,stats    ] 
[2026-04-03T02:03:03.500+0600][18.147s][info][gc,stats    ] Allocation pacing accrued:
[2026-04-03T02:03:03.500+0600][18.147s][info][gc,stats    ]       0 of   469 ms (  0.0%): <total>
[2026-04-03T02:03:03.500+0600][18.147s][info][gc,stats    ]       0 of   469 ms (  0.0%): <average total>
[2026-04-03T02:03:03.500+0600][18.147s][info][gc,stats    ] 
[2026-04-03T02:03:03.500+0600][18.147s][info][gc,metaspace] Metaspace: 64384K(65152K)->64474K(65280K) NonClass: 56212K(56640K)->56281K(56704K) Class: 8172K(8512K)->8192K(8576K)
[2026-04-03T02:03:03.500+0600][18.147s][info][gc,ergo     ] Pacer for Idle. Initial: 35840K, Alloc Tax Rate: 1.0x
[2026-04-03T02:03:03.654+0600][18.300s][info][gc          ] Trigger: Explicit GC request (System.gc())
[2026-04-03T02:03:03.654+0600][18.300s][info][gc,ergo     ] Free: 1403M, Max: 512K regular, 486M humongous, Frag: 66% external, 0% internal; Reserve: 89600K, Max: 512K
[2026-04-03T02:03:03.654+0600][18.300s][info][gc,start    ] GC(12) Concurrent reset
[2026-04-03T02:03:03.654+0600][18.300s][info][gc,task     ] GC(12) Using 3 of 6 workers for concurrent reset
[2026-04-03T02:03:03.654+0600][18.300s][info][gc,ergo     ] GC(12) Pacer for Reset. Non-Taxable: 1750M
[2026-04-03T02:03:03.655+0600][18.301s][info][gc          ] GC(12) Concurrent reset 0.947ms
[2026-04-03T02:03:03.655+0600][18.302s][info][gc,start    ] GC(12) Pause Init Mark (unload classes)
[2026-04-03T02:03:03.655+0600][18.302s][info][gc,task     ] GC(12) Using 6 of 6 workers for init marking
[2026-04-03T02:03:03.655+0600][18.302s][info][gc,ref      ] GC(12) Clearing All SoftReferences
[2026-04-03T02:03:03.655+0600][18.302s][info][gc,ergo     ] GC(12) Pacer for Mark. Expected Live: 135M, Free: 1403M, Non-Taxable: 140M, Alloc Tax Rate: 0.1x
[2026-04-03T02:03:03.655+0600][18.302s][info][gc          ] GC(12) Pause Init Mark (unload classes) 0.132ms
[2026-04-03T02:03:03.655+0600][18.302s][info][gc,start    ] GC(12) Concurrent marking roots
[2026-04-03T02:03:03.655+0600][18.302s][info][gc,task     ] GC(12) Using 3 of 6 workers for concurrent marking roots
[2026-04-03T02:03:03.656+0600][18.302s][info][gc          ] GC(12) Concurrent marking roots 0.669ms
[2026-04-03T02:03:03.656+0600][18.303s][info][gc,start    ] GC(12) Concurrent marking (unload classes)
[2026-04-03T02:03:03.656+0600][18.303s][info][gc,task     ] GC(12) Using 3 of 6 workers for concurrent marking
[2026-04-03T02:03:03.732+0600][18.378s][info][gc          ] GC(12) Concurrent marking (unload classes) 75.931ms
[2026-04-03T02:03:03.732+0600][18.379s][info][gc,start    ] GC(12) Pause Final Mark (unload classes)
[2026-04-03T02:03:03.732+0600][18.379s][info][gc,task     ] GC(12) Using 6 of 6 workers for final marking
[2026-04-03T02:03:03.733+0600][18.379s][info][gc,ergo     ] GC(12) Adaptive CSet Selection. Target Free: 247M, Actual Free: 1549M, Max CSet: 74666K, Min Garbage: 0B
[2026-04-03T02:03:03.733+0600][18.379s][info][gc,ergo     ] GC(12) Collectable Garbage: 82774K (97%), Immediate: 60416K (70%), CSet: 22358K (26%)
[2026-04-03T02:03:03.733+0600][18.379s][info][gc,ergo     ] GC(12) Pacer for Evacuation. Used CSet: 25731K, Free: 1464M, Non-Taxable: 146M, Alloc Tax Rate: 1.1x
[2026-04-03T02:03:03.733+0600][18.379s][info][gc          ] GC(12) Pause Final Mark (unload classes) 0.520ms
[2026-04-03T02:03:03.733+0600][18.379s][info][gc,start    ] GC(12) Concurrent thread roots
[2026-04-03T02:03:03.733+0600][18.379s][info][gc,task     ] GC(12) Using 3 of 6 workers for Concurrent thread roots
[2026-04-03T02:03:03.733+0600][18.380s][info][gc          ] GC(12) Concurrent thread roots 0.477ms
[2026-04-03T02:03:03.733+0600][18.380s][info][gc,start    ] GC(12) Concurrent weak references
[2026-04-03T02:03:03.733+0600][18.380s][info][gc,task     ] GC(12) Using 3 of 6 workers for concurrent weak references
[2026-04-03T02:03:03.735+0600][18.381s][info][gc,ref      ] GC(12) Encountered references: Soft: 3082, Weak: 5772, Final: 82, Phantom: 594
[2026-04-03T02:03:03.735+0600][18.381s][info][gc,ref      ] GC(12) Discovered  references: Soft: 2792, Weak: 4356, Final: 0, Phantom: 591
[2026-04-03T02:03:03.735+0600][18.381s][info][gc,ref      ] GC(12) Enqueued    references: Soft: 382, Weak: 371, Final: 0, Phantom: 0
[2026-04-03T02:03:03.735+0600][18.381s][info][gc          ] GC(12) Concurrent weak references 1.330ms
[2026-04-03T02:03:03.735+0600][18.381s][info][gc,start    ] GC(12) Concurrent weak roots
[2026-04-03T02:03:03.735+0600][18.381s][info][gc,task     ] GC(12) Using 3 of 6 workers for concurrent weak root
[2026-04-03T02:03:03.737+0600][18.384s][info][gc          ] GC(12) Concurrent weak roots 2.448ms
[2026-04-03T02:03:03.737+0600][18.384s][info][gc,start    ] GC(12) Concurrent cleanup
[2026-04-03T02:03:03.738+0600][18.384s][info][gc          ] GC(12) Concurrent cleanup 255M->196M(1363M) 0.210ms
[2026-04-03T02:03:03.738+0600][18.384s][info][gc,ergo     ] GC(12) Free: 1463M, Max: 512K regular, 486M humongous, Frag: 67% external, 0% internal; Reserve: 89301K, Max: 512K
[2026-04-03T02:03:03.738+0600][18.384s][info][gc,start    ] GC(12) Concurrent class unloading
[2026-04-03T02:03:03.738+0600][18.384s][info][gc,task     ] GC(12) Using 3 of 6 workers for concurrent class unloading
[2026-04-03T02:03:03.757+0600][18.404s][info][gc          ] GC(12) Concurrent class unloading 19.618ms
[2026-04-03T02:03:03.757+0600][18.404s][info][gc,start    ] GC(12) Concurrent strong roots
[2026-04-03T02:03:03.757+0600][18.404s][info][gc,task     ] GC(12) Using 3 of 6 workers for concurrent strong root
[2026-04-03T02:03:03.758+0600][18.404s][info][gc          ] GC(12) Concurrent strong roots 0.743ms
[2026-04-03T02:03:03.758+0600][18.405s][info][gc,start    ] GC(12) Concurrent evacuation
[2026-04-03T02:03:03.758+0600][18.405s][info][gc,task     ] GC(12) Using 3 of 6 workers for concurrent evacuation
[2026-04-03T02:03:03.762+0600][18.409s][info][gc          ] GC(12) Concurrent evacuation 4.042ms
[2026-04-03T02:03:03.763+0600][18.409s][info][gc,start    ] GC(12) Pause Init Update Refs
[2026-04-03T02:03:03.763+0600][18.409s][info][gc,ergo     ] GC(12) Pacer for Update Refs. Used: 206M, Free: 1457M, Non-Taxable: 145M, Alloc Tax Rate: 1.1x
[2026-04-03T02:03:03.763+0600][18.409s][info][gc          ] GC(12) Pause Init Update Refs 0.112ms
[2026-04-03T02:03:03.763+0600][18.409s][info][gc,start    ] GC(12) Concurrent update references
[2026-04-03T02:03:03.763+0600][18.409s][info][gc,task     ] GC(12) Using 3 of 6 workers for concurrent reference update
[2026-04-03T02:03:03.823+0600][18.469s][info][gc          ] GC(12) Concurrent update references 59.908ms
[2026-04-03T02:03:03.823+0600][18.469s][info][gc,start    ] GC(12) Concurrent update thread roots
[2026-04-03T02:03:03.824+0600][18.470s][info][gc          ] GC(12) Concurrent update thread roots 0.655ms
[2026-04-03T02:03:03.824+0600][18.470s][info][gc,start    ] GC(12) Pause Final Update Refs
[2026-04-03T02:03:03.824+0600][18.470s][info][gc,task     ] GC(12) Using 6 of 6 workers for final reference update
[2026-04-03T02:03:03.824+0600][18.470s][info][gc          ] GC(12) Pause Final Update Refs 0.146ms
[2026-04-03T02:03:03.824+0600][18.470s][info][gc,start    ] GC(12) Concurrent cleanup
[2026-04-03T02:03:03.824+0600][18.471s][info][gc          ] GC(12) Concurrent cleanup 207M->182M(1366M) 0.209ms
[2026-04-03T02:03:03.824+0600][18.471s][info][gc,ergo     ] Free: 1477M, Max: 512K regular, 652M humongous, Frag: 56% external, 0% internal; Reserve: 89600K, Max: 512K
[2026-04-03T02:03:03.824+0600][18.471s][info][gc,stats    ] 
[2026-04-03T02:03:03.824+0600][18.471s][info][gc,stats    ] All times are wall-clock times, except per-root-class counters, that are sum over
[2026-04-03T02:03:03.824+0600][18.471s][info][gc,stats    ] all workers. Dividing the <total> over the root stage time estimates parallelism.
[2026-04-03T02:03:03.824+0600][18.471s][info][gc,stats    ] 
[2026-04-03T02:03:03.824+0600][18.471s][info][gc,stats    ] Concurrent Reset                   1009 us
[2026-04-03T02:03:03.824+0600][18.471s][info][gc,stats    ] Pause Init Mark (G)                 366 us
[2026-04-03T02:03:03.824+0600][18.471s][info][gc,stats    ] Pause Init Mark (N)                 143 us
[2026-04-03T02:03:03.824+0600][18.471s][info][gc,stats    ]   Update Region States               29 us
[2026-04-03T02:03:03.824+0600][18.471s][info][gc,stats    ] Concurrent Mark Roots               708 us, parallelism: 1.38x
[2026-04-03T02:03:03.824+0600][18.471s][info][gc,stats    ]   CMR: <total>                      978 us
[2026-04-03T02:03:03.824+0600][18.471s][info][gc,stats    ]   CMR: Thread Roots                 759 us, workers (us): 316, 132, 311, ---, ---, ---, 
[2026-04-03T02:03:03.824+0600][18.471s][info][gc,stats    ]   CMR: VM Strong Roots               27 us, workers (us):  26,   1,   0, ---, ---, ---, 
[2026-04-03T02:03:03.824+0600][18.471s][info][gc,stats    ]   CMR: CLDG Roots                   192 us, workers (us): ---, 192, ---, ---, ---, ---, 
[2026-04-03T02:03:03.824+0600][18.471s][info][gc,stats    ] Concurrent Marking                76013 us
[2026-04-03T02:03:03.824+0600][18.471s][info][gc,stats    ] Pause Final Mark (G)                734 us
[2026-04-03T02:03:03.824+0600][18.471s][info][gc,stats    ] Pause Final Mark (N)                530 us
[2026-04-03T02:03:03.824+0600][18.471s][info][gc,stats    ]   Finish Mark                       206 us
[2026-04-03T02:03:03.824+0600][18.471s][info][gc,stats    ]   Update Region States               44 us
[2026-04-03T02:03:03.824+0600][18.471s][info][gc,stats    ]   Choose Collection Set             149 us
[2026-04-03T02:03:03.824+0600][18.471s][info][gc,stats    ]   Rebuild Free Set                   32 us
[2026-04-03T02:03:03.825+0600][18.471s][info][gc,stats    ] Concurrent Thread Roots             517 us, parallelism: 1.60x
[2026-04-03T02:03:03.825+0600][18.471s][info][gc,stats    ]   CTR: <total>                      826 us
[2026-04-03T02:03:03.825+0600][18.471s][info][gc,stats    ]   CTR: Thread Roots                 826 us, workers (us): 277, 279, 271, ---, ---, ---, 
[2026-04-03T02:03:03.825+0600][18.471s][info][gc,stats    ] Concurrent Weak References         1344 us, parallelism: 1.10x
[2026-04-03T02:03:03.825+0600][18.471s][info][gc,stats    ]   CWRF: <total>                    1476 us
[2026-04-03T02:03:03.825+0600][18.471s][info][gc,stats    ]   CWRF: Weak References            1476 us, workers (us): 1143, 133, 201, ---, ---, ---, 
[2026-04-03T02:03:03.825+0600][18.471s][info][gc,stats    ] Concurrent Weak Roots              2565 us
[2026-04-03T02:03:03.825+0600][18.471s][info][gc,stats    ]   Roots                            1967 us, parallelism: 2.43x
[2026-04-03T02:03:03.825+0600][18.471s][info][gc,stats    ]     CWR: <total>                   4785 us
[2026-04-03T02:03:03.825+0600][18.471s][info][gc,stats    ]     CWR: Code Cache Roots          2728 us, workers (us): 964, 918, 846, ---, ---, ---, 
[2026-04-03T02:03:03.825+0600][18.471s][info][gc,stats    ]     CWR: VM Weak Roots             1996 us, workers (us): 669, 671, 656, ---, ---, ---, 
[2026-04-03T02:03:03.825+0600][18.471s][info][gc,stats    ]     CWR: CLDG Roots                  61 us, workers (us): ---, ---,  61, ---, ---, ---, 
[2026-04-03T02:03:03.825+0600][18.471s][info][gc,stats    ]   Rendezvous                        455 us
[2026-04-03T02:03:03.825+0600][18.471s][info][gc,stats    ] Concurrent Cleanup                  233 us
[2026-04-03T02:03:03.825+0600][18.471s][info][gc,stats    ] Concurrent Class Unloading        19735 us
[2026-04-03T02:03:03.825+0600][18.471s][info][gc,stats    ]   Unlink Stale                    17022 us
[2026-04-03T02:03:03.825+0600][18.471s][info][gc,stats    ]     System Dictionary               482 us
[2026-04-03T02:03:03.825+0600][18.471s][info][gc,stats    ]     Weak Class Links              11836 us
[2026-04-03T02:03:03.825+0600][18.471s][info][gc,stats    ]     Code Roots                     4698 us
[2026-04-03T02:03:03.825+0600][18.471s][info][gc,stats    ]   Rendezvous                       1089 us
[2026-04-03T02:03:03.825+0600][18.471s][info][gc,stats    ]   Purge Unlinked                   1469 us
[2026-04-03T02:03:03.825+0600][18.471s][info][gc,stats    ]     Code Roots                      715 us
[2026-04-03T02:03:03.825+0600][18.471s][info][gc,stats    ]     CLDG                            752 us
[2026-04-03T02:03:03.825+0600][18.471s][info][gc,stats    ]     Exception Caches                  1 us
[2026-04-03T02:03:03.825+0600][18.471s][info][gc,stats    ] Concurrent Strong Roots             813 us, parallelism: 0.59x
[2026-04-03T02:03:03.825+0600][18.471s][info][gc,stats    ]   CSR: <total>                      481 us
[2026-04-03T02:03:03.825+0600][18.471s][info][gc,stats    ]   CSR: VM Strong Roots               31 us, workers (us):  20,  10,   0, ---, ---, ---, 
[2026-04-03T02:03:03.825+0600][18.471s][info][gc,stats    ]   CSR: CLDG Roots                   450 us, workers (us): ---, 450, ---, ---, ---, ---, 
[2026-04-03T02:03:03.825+0600][18.471s][info][gc,stats    ] Concurrent Evacuation              4125 us
[2026-04-03T02:03:03.825+0600][18.471s][info][gc,stats    ] Pause Init Update Refs (G)          648 us
[2026-04-03T02:03:03.825+0600][18.471s][info][gc,stats    ] Pause Init Update Refs (N)          129 us
[2026-04-03T02:03:03.825+0600][18.471s][info][gc,stats    ]   Manage GCLABs                      20 us
[2026-04-03T02:03:03.825+0600][18.471s][info][gc,stats    ] Concurrent Update Refs            59987 us
[2026-04-03T02:03:03.825+0600][18.471s][info][gc,stats    ] Concurrent Update Thread Roots      692 us
[2026-04-03T02:03:03.825+0600][18.471s][info][gc,stats    ] Pause Final Update Refs (G)         320 us
[2026-04-03T02:03:03.825+0600][18.471s][info][gc,stats    ] Pause Final Update Refs (N)         165 us
[2026-04-03T02:03:03.825+0600][18.471s][info][gc,stats    ]   Update Region States               56 us
[2026-04-03T02:03:03.825+0600][18.471s][info][gc,stats    ]   Trash Collection Set               10 us
[2026-04-03T02:03:03.825+0600][18.471s][info][gc,stats    ]   Rebuild Free Set                   31 us
[2026-04-03T02:03:03.825+0600][18.471s][info][gc,stats    ] Concurrent Cleanup                  230 us
[2026-04-03T02:03:03.825+0600][18.471s][info][gc,stats    ] 
[2026-04-03T02:03:03.825+0600][18.471s][info][gc,stats    ] Allocation pacing accrued:
[2026-04-03T02:03:03.825+0600][18.471s][info][gc,stats    ]       0 of   325 ms (  0.0%): <total>
[2026-04-03T02:03:03.825+0600][18.471s][info][gc,stats    ]       0 of   325 ms (  0.0%): <average total>
[2026-04-03T02:03:03.825+0600][18.471s][info][gc,stats    ] 
[2026-04-03T02:03:03.825+0600][18.471s][info][gc,metaspace] Metaspace: 66149K(67072K)->65848K(67136K) NonClass: 57746K(58240K)->57503K(58304K) Class: 8402K(8832K)->8344K(8832K)
[2026-04-03T02:03:03.825+0600][18.471s][info][gc,ergo     ] Pacer for Idle. Initial: 35840K, Alloc Tax Rate: 1.0x
[2026-04-03T02:03:03.825+0600][18.471s][info][gc,start    ] Concurrent uncommit
[2026-04-03T02:03:04.006+0600][18.652s][info][gc          ] Concurrent uncommit 182M->197M(201M) 180.705ms
[2026-04-03T02:03:04.430+0600][19.076s][info][gc          ] Trigger: Learning 2 of 5. Free (1224M) is below initial threshold (1225M)
[2026-04-03T02:03:04.430+0600][19.077s][info][gc,ergo     ] Free: 1224M, Max: 512K regular, 652M humongous, Frag: 47% external, 0% internal; Reserve: 89600K, Max: 512K
[2026-04-03T02:03:04.430+0600][19.077s][info][gc,start    ] GC(13) Concurrent reset
[2026-04-03T02:03:04.430+0600][19.077s][info][gc,task     ] GC(13) Using 3 of 6 workers for concurrent reset
[2026-04-03T02:03:04.430+0600][19.077s][info][gc,ergo     ] GC(13) Pacer for Reset. Non-Taxable: 1750M
[2026-04-03T02:03:04.431+0600][19.077s][info][gc          ] GC(13) Concurrent reset 0.834ms
[2026-04-03T02:03:04.431+0600][19.078s][info][gc,start    ] GC(13) Pause Init Mark (unload classes)
[2026-04-03T02:03:04.431+0600][19.078s][info][gc,task     ] GC(13) Using 6 of 6 workers for init marking
[2026-04-03T02:03:04.431+0600][19.078s][info][gc,ergo     ] GC(13) Pacer for Mark. Expected Live: 151M, Free: 1223M, Non-Taxable: 122M, Alloc Tax Rate: 0.2x
[2026-04-03T02:03:04.431+0600][19.078s][info][gc          ] GC(13) Pause Init Mark (unload classes) 0.096ms
[2026-04-03T02:03:04.431+0600][19.078s][info][gc,start    ] GC(13) Concurrent marking roots
[2026-04-03T02:03:04.432+0600][19.078s][info][gc,task     ] GC(13) Using 3 of 6 workers for concurrent marking roots
[2026-04-03T02:03:04.432+0600][19.078s][info][gc          ] GC(13) Concurrent marking roots 0.637ms
[2026-04-03T02:03:04.432+0600][19.079s][info][gc,start    ] GC(13) Concurrent marking (unload classes)
[2026-04-03T02:03:04.432+0600][19.079s][info][gc,task     ] GC(13) Using 3 of 6 workers for concurrent marking
[2026-04-03T02:03:04.510+0600][19.156s][info][gc          ] GC(13) Concurrent marking (unload classes) 77.895ms
[2026-04-03T02:03:04.510+0600][19.157s][info][gc,start    ] GC(13) Pause Final Mark (unload classes)
[2026-04-03T02:03:04.510+0600][19.157s][info][gc,task     ] GC(13) Using 6 of 6 workers for final marking
[2026-04-03T02:03:04.511+0600][19.157s][info][gc,ergo     ] GC(13) Adaptive CSet Selection. Target Free: 247M, Actual Free: 1469M, Max CSet: 74666K, Min Garbage: 0B
[2026-04-03T02:03:04.511+0600][19.157s][info][gc,ergo     ] GC(13) Collectable Garbage: 259M (99%), Immediate: 233M (89%), CSet: 26792K (9%)
[2026-04-03T02:03:04.511+0600][19.157s][info][gc,ergo     ] GC(13) Pacer for Evacuation. Used CSet: 29934K, Free: 1383M, Non-Taxable: 138M, Alloc Tax Rate: 1.1x
[2026-04-03T02:03:04.511+0600][19.157s][info][gc          ] GC(13) Pause Final Mark (unload classes) 0.595ms
[2026-04-03T02:03:04.511+0600][19.157s][info][gc,start    ] GC(13) Concurrent thread roots
[2026-04-03T02:03:04.511+0600][19.157s][info][gc,task     ] GC(13) Using 3 of 6 workers for Concurrent thread roots
[2026-04-03T02:03:04.511+0600][19.158s][info][gc          ] GC(13) Concurrent thread roots 0.605ms
[2026-04-03T02:03:04.512+0600][19.158s][info][gc,start    ] GC(13) Concurrent weak references
[2026-04-03T02:03:04.512+0600][19.158s][info][gc,task     ] GC(13) Using 3 of 6 workers for concurrent weak references
[2026-04-03T02:03:04.512+0600][19.158s][info][gc,ref      ] GC(13) Encountered references: Soft: 3110, Weak: 5864, Final: 82, Phantom: 594
[2026-04-03T02:03:04.512+0600][19.158s][info][gc,ref      ] GC(13) Discovered  references: Soft: 0, Weak: 862, Final: 2, Phantom: 591
[2026-04-03T02:03:04.512+0600][19.158s][info][gc,ref      ] GC(13) Enqueued    references: Soft: 0, Weak: 217, Final: 0, Phantom: 0
[2026-04-03T02:03:04.512+0600][19.158s][info][gc          ] GC(13) Concurrent weak references 0.462ms
[2026-04-03T02:03:04.512+0600][19.158s][info][gc,start    ] GC(13) Concurrent weak roots
[2026-04-03T02:03:04.512+0600][19.158s][info][gc,task     ] GC(13) Using 3 of 6 workers for concurrent weak root
[2026-04-03T02:03:04.514+0600][19.161s][info][gc          ] GC(13) Concurrent weak roots 2.166ms
[2026-04-03T02:03:04.514+0600][19.161s][info][gc,start    ] GC(13) Concurrent cleanup
[2026-04-03T02:03:04.515+0600][19.161s][info][gc          ] GC(13) Concurrent cleanup 511M->279M(517M) 0.680ms
[2026-04-03T02:03:04.515+0600][19.161s][info][gc,ergo     ] GC(13) Free: 1381M, Max: 512K regular, 652M humongous, Frag: 53% external, 0% internal; Reserve: 89279K, Max: 512K
[2026-04-03T02:03:04.515+0600][19.161s][info][gc,start    ] GC(13) Concurrent class unloading
[2026-04-03T02:03:04.515+0600][19.161s][info][gc,task     ] GC(13) Using 3 of 6 workers for concurrent class unloading
[2026-04-03T02:03:04.521+0600][19.167s][info][gc          ] GC(13) Concurrent class unloading 5.595ms
[2026-04-03T02:03:04.521+0600][19.167s][info][gc,start    ] GC(13) Concurrent strong roots
[2026-04-03T02:03:04.521+0600][19.167s][info][gc,task     ] GC(13) Using 3 of 6 workers for concurrent strong root
[2026-04-03T02:03:04.522+0600][19.168s][info][gc          ] GC(13) Concurrent strong roots 0.992ms
[2026-04-03T02:03:04.522+0600][19.168s][info][gc,start    ] GC(13) Concurrent evacuation
[2026-04-03T02:03:04.522+0600][19.168s][info][gc,task     ] GC(13) Using 3 of 6 workers for concurrent evacuation
[2026-04-03T02:03:04.525+0600][19.172s][info][gc          ] GC(13) Concurrent evacuation 3.556ms
[2026-04-03T02:03:04.526+0600][19.172s][info][gc,start    ] GC(13) Pause Init Update Refs
[2026-04-03T02:03:04.526+0600][19.172s][info][gc,ergo     ] GC(13) Pacer for Update Refs. Used: 295M, Free: 1368M, Non-Taxable: 136M, Alloc Tax Rate: 1.1x
[2026-04-03T02:03:04.526+0600][19.172s][info][gc          ] GC(13) Pause Init Update Refs 0.099ms
[2026-04-03T02:03:04.526+0600][19.172s][info][gc,start    ] GC(13) Concurrent update references
[2026-04-03T02:03:04.526+0600][19.172s][info][gc,task     ] GC(13) Using 3 of 6 workers for concurrent reference update
[2026-04-03T02:03:04.613+0600][19.259s][info][gc          ] GC(13) Concurrent update references 87.184ms
[2026-04-03T02:03:04.613+0600][19.259s][info][gc,start    ] GC(13) Concurrent update thread roots
[2026-04-03T02:03:04.614+0600][19.260s][info][gc          ] GC(13) Concurrent update thread roots 1.064ms
[2026-04-03T02:03:04.614+0600][19.261s][info][gc,start    ] GC(13) Pause Final Update Refs
[2026-04-03T02:03:04.614+0600][19.261s][info][gc,task     ] GC(13) Using 6 of 6 workers for final reference update
[2026-04-03T02:03:04.614+0600][19.261s][info][gc          ] GC(13) Pause Final Update Refs 0.238ms
[2026-04-03T02:03:04.615+0600][19.261s][info][gc,start    ] GC(13) Concurrent cleanup
[2026-04-03T02:03:04.615+0600][19.261s][info][gc          ] GC(13) Concurrent cleanup 433M->404M(520M) 0.250ms
[2026-04-03T02:03:04.615+0600][19.261s][info][gc,ergo     ] Free: 1256M, Max: 512K regular, 651M humongous, Frag: 49% external, 0% internal; Reserve: 89600K, Max: 512K
[2026-04-03T02:03:04.615+0600][19.261s][info][gc,stats    ] 
[2026-04-03T02:03:04.615+0600][19.261s][info][gc,stats    ] All times are wall-clock times, except per-root-class counters, that are sum over
[2026-04-03T02:03:04.615+0600][19.261s][info][gc,stats    ] all workers. Dividing the <total> over the root stage time estimates parallelism.
[2026-04-03T02:03:04.615+0600][19.261s][info][gc,stats    ] 
[2026-04-03T02:03:04.615+0600][19.261s][info][gc,stats    ] Concurrent Reset                    875 us
[2026-04-03T02:03:04.615+0600][19.261s][info][gc,stats    ] Pause Init Mark (G)                 354 us
[2026-04-03T02:03:04.615+0600][19.261s][info][gc,stats    ] Pause Init Mark (N)                 106 us
[2026-04-03T02:03:04.615+0600][19.261s][info][gc,stats    ]   Update Region States               25 us
[2026-04-03T02:03:04.615+0600][19.261s][info][gc,stats    ] Concurrent Mark Roots               671 us, parallelism: 1.52x
[2026-04-03T02:03:04.615+0600][19.261s][info][gc,stats    ]   CMR: <total>                     1020 us
[2026-04-03T02:03:04.615+0600][19.261s][info][gc,stats    ]   CMR: Thread Roots                 825 us, workers (us): 197, 336, 292, ---, ---, ---, 
[2026-04-03T02:03:04.615+0600][19.261s][info][gc,stats    ]   CMR: VM Strong Roots               39 us, workers (us):  37,   0,   1, ---, ---, ---, 
[2026-04-03T02:03:04.615+0600][19.261s][info][gc,stats    ]   CMR: CLDG Roots                   156 us, workers (us): 156, ---, ---, ---, ---, ---, 
[2026-04-03T02:03:04.615+0600][19.261s][info][gc,stats    ] Concurrent Marking                77997 us
[2026-04-03T02:03:04.615+0600][19.261s][info][gc,stats    ] Pause Final Mark (G)                731 us
[2026-04-03T02:03:04.615+0600][19.261s][info][gc,stats    ] Pause Final Mark (N)                608 us
[2026-04-03T02:03:04.615+0600][19.261s][info][gc,stats    ]   Finish Mark                       218 us
[2026-04-03T02:03:04.615+0600][19.261s][info][gc,stats    ]   Update Region States               61 us
[2026-04-03T02:03:04.615+0600][19.262s][info][gc,stats    ]   Choose Collection Set             207 us
[2026-04-03T02:03:04.615+0600][19.262s][info][gc,stats    ]   Rebuild Free Set                   32 us
[2026-04-03T02:03:04.615+0600][19.262s][info][gc,stats    ] Concurrent Thread Roots             655 us, parallelism: 1.88x
[2026-04-03T02:03:04.615+0600][19.262s][info][gc,stats    ]   CTR: <total>                     1234 us
[2026-04-03T02:03:04.615+0600][19.262s][info][gc,stats    ]   CTR: Thread Roots                1234 us, workers (us): 420, 409, 405, ---, ---, ---, 
[2026-04-03T02:03:04.615+0600][19.262s][info][gc,stats    ] Concurrent Weak References          475 us, parallelism: 1.03x
[2026-04-03T02:03:04.615+0600][19.262s][info][gc,stats    ]   CWRF: <total>                     491 us
[2026-04-03T02:03:04.615+0600][19.262s][info][gc,stats    ]   CWRF: Weak References             491 us, workers (us): 283, 190,  18, ---, ---, ---, 
[2026-04-03T02:03:04.615+0600][19.262s][info][gc,stats    ] Concurrent Weak Roots              2252 us
[2026-04-03T02:03:04.615+0600][19.262s][info][gc,stats    ]   Roots                            1930 us, parallelism: 2.51x
[2026-04-03T02:03:04.615+0600][19.262s][info][gc,stats    ]     CWR: <total>                   4845 us
[2026-04-03T02:03:04.615+0600][19.262s][info][gc,stats    ]     CWR: Code Cache Roots          2535 us, workers (us): 834, 844, 858, ---, ---, ---, 
[2026-04-03T02:03:04.615+0600][19.262s][info][gc,stats    ]     CWR: VM Weak Roots             2241 us, workers (us): 829, 702, 710, ---, ---, ---, 
[2026-04-03T02:03:04.615+0600][19.262s][info][gc,stats    ]     CWR: CLDG Roots                  68 us, workers (us): ---,  68, ---, ---, ---, ---, 
[2026-04-03T02:03:04.615+0600][19.262s][info][gc,stats    ]   Rendezvous                        205 us
[2026-04-03T02:03:04.615+0600][19.262s][info][gc,stats    ] Concurrent Cleanup                  710 us
[2026-04-03T02:03:04.615+0600][19.262s][info][gc,stats    ] Concurrent Class Unloading         5701 us
[2026-04-03T02:03:04.615+0600][19.262s][info][gc,stats    ]   Unlink Stale                     4725 us
[2026-04-03T02:03:04.615+0600][19.262s][info][gc,stats    ]     System Dictionary                80 us
[2026-04-03T02:03:04.615+0600][19.262s][info][gc,stats    ]     Weak Class Links                  1 us
[2026-04-03T02:03:04.615+0600][19.262s][info][gc,stats    ]     Code Roots                     4642 us
[2026-04-03T02:03:04.615+0600][19.262s][info][gc,stats    ]   Rendezvous                        430 us
[2026-04-03T02:03:04.615+0600][19.262s][info][gc,stats    ]   Purge Unlinked                    413 us
[2026-04-03T02:03:04.615+0600][19.262s][info][gc,stats    ]     Code Roots                      403 us
[2026-04-03T02:03:04.615+0600][19.262s][info][gc,stats    ]     CLDG                              9 us
[2026-04-03T02:03:04.615+0600][19.262s][info][gc,stats    ]     Exception Caches                  0 us
[2026-04-03T02:03:04.615+0600][19.262s][info][gc,stats    ] Concurrent Strong Roots            1049 us, parallelism: 0.66x
[2026-04-03T02:03:04.615+0600][19.262s][info][gc,stats    ]   CSR: <total>                      697 us
[2026-04-03T02:03:04.615+0600][19.262s][info][gc,stats    ]   CSR: VM Strong Roots               37 us, workers (us):  20,  17,   0, ---, ---, ---, 
[2026-04-03T02:03:04.615+0600][19.262s][info][gc,stats    ]   CSR: CLDG Roots                   660 us, workers (us): 660, ---, ---, ---, ---, ---, 
[2026-04-03T02:03:04.615+0600][19.262s][info][gc,stats    ] Concurrent Evacuation              3629 us
[2026-04-03T02:03:04.615+0600][19.262s][info][gc,stats    ] Pause Init Update Refs (G)          289 us
[2026-04-03T02:03:04.615+0600][19.262s][info][gc,stats    ] Pause Init Update Refs (N)          115 us
[2026-04-03T02:03:04.615+0600][19.262s][info][gc,stats    ]   Manage GCLABs                      17 us
[2026-04-03T02:03:04.615+0600][19.262s][info][gc,stats    ] Concurrent Update Refs            87264 us
[2026-04-03T02:03:04.615+0600][19.262s][info][gc,stats    ] Concurrent Update Thread Roots     1127 us
[2026-04-03T02:03:04.615+0600][19.262s][info][gc,stats    ] Pause Final Update Refs (G)         488 us
[2026-04-03T02:03:04.615+0600][19.262s][info][gc,stats    ] Pause Final Update Refs (N)         261 us
[2026-04-03T02:03:04.615+0600][19.262s][info][gc,stats    ]   Update Region States              120 us
[2026-04-03T02:03:04.616+0600][19.262s][info][gc,stats    ]   Trash Collection Set                7 us
[2026-04-03T02:03:04.616+0600][19.262s][info][gc,stats    ]   Rebuild Free Set                   39 us
[2026-04-03T02:03:04.616+0600][19.262s][info][gc,stats    ] Concurrent Cleanup                  274 us
[2026-04-03T02:03:04.616+0600][19.262s][info][gc,stats    ] 
[2026-04-03T02:03:04.616+0600][19.262s][info][gc,stats    ] Allocation pacing accrued:
[2026-04-03T02:03:04.616+0600][19.262s][info][gc,stats    ]       0 of   791 ms (  0.0%): <total>
[2026-04-03T02:03:04.616+0600][19.262s][info][gc,stats    ]       0 of   791 ms (  0.0%): <average total>
[2026-04-03T02:03:04.616+0600][19.262s][info][gc,stats    ] 
[2026-04-03T02:03:04.616+0600][19.262s][info][gc,metaspace] Metaspace: 66268K(67200K)->66271K(67200K) NonClass: 57867K(58368K)->57869K(58368K) Class: 8401K(8832K)->8401K(8832K)
[2026-04-03T02:03:04.616+0600][19.262s][info][gc,ergo     ] Pacer for Idle. Initial: 35840K, Alloc Tax Rate: 1.0x
[2026-04-03T02:03:04.630+0600][19.276s][info][gc          ] Trigger: Learning 3 of 5. Free (1223M) is below initial threshold (1225M)
[2026-04-03T02:03:04.630+0600][19.277s][info][gc,ergo     ] Free: 1222M, Max: 512K regular, 651M humongous, Frag: 47% external, 0% internal; Reserve: 89600K, Max: 512K
[2026-04-03T02:03:04.630+0600][19.277s][info][gc,start    ] GC(14) Concurrent reset
[2026-04-03T02:03:04.630+0600][19.277s][info][gc,task     ] GC(14) Using 3 of 6 workers for concurrent reset
[2026-04-03T02:03:04.630+0600][19.277s][info][gc,ergo     ] GC(14) Pacer for Reset. Non-Taxable: 1750M
[2026-04-03T02:03:04.631+0600][19.278s][info][gc          ] GC(14) Concurrent reset 1.122ms
[2026-04-03T02:03:04.632+0600][19.278s][info][gc,start    ] GC(14) Pause Init Mark (unload classes)
[2026-04-03T02:03:04.632+0600][19.278s][info][gc,task     ] GC(14) Using 6 of 6 workers for init marking
[2026-04-03T02:03:04.632+0600][19.278s][info][gc,ergo     ] GC(14) Pacer for Mark. Expected Live: 164M, Free: 1219M, Non-Taxable: 121M, Alloc Tax Rate: 0.2x
[2026-04-03T02:03:04.632+0600][19.278s][info][gc          ] GC(14) Pause Init Mark (unload classes) 0.135ms
[2026-04-03T02:03:04.632+0600][19.278s][info][gc,start    ] GC(14) Concurrent marking roots
[2026-04-03T02:03:04.632+0600][19.278s][info][gc,task     ] GC(14) Using 3 of 6 workers for concurrent marking roots
[2026-04-03T02:03:04.633+0600][19.279s][info][gc          ] GC(14) Concurrent marking roots 0.705ms
[2026-04-03T02:03:04.633+0600][19.279s][info][gc,start    ] GC(14) Concurrent marking (unload classes)
[2026-04-03T02:03:04.633+0600][19.279s][info][gc,task     ] GC(14) Using 3 of 6 workers for concurrent marking
[2026-04-03T02:03:04.710+0600][19.356s][info][gc          ] GC(14) Concurrent marking (unload classes) 76.957ms
[2026-04-03T02:03:04.710+0600][19.356s][info][gc,start    ] GC(14) Pause Final Mark (unload classes)
[2026-04-03T02:03:04.710+0600][19.356s][info][gc,task     ] GC(14) Using 6 of 6 workers for final marking
[2026-04-03T02:03:04.710+0600][19.357s][info][gc,ergo     ] GC(14) Collectable Garbage: 257M (96%), Immediate: 257M (96%), CSet: 0B (0%)
[2026-04-03T02:03:04.710+0600][19.357s][info][gc          ] GC(14) Pause Final Mark (unload classes) 0.513ms
[2026-04-03T02:03:04.710+0600][19.357s][info][gc,start    ] GC(14) Concurrent weak references
[2026-04-03T02:03:04.710+0600][19.357s][info][gc,task     ] GC(14) Using 3 of 6 workers for concurrent weak references
[2026-04-03T02:03:04.711+0600][19.357s][info][gc,ref      ] GC(14) Encountered references: Soft: 3110, Weak: 5655, Final: 82, Phantom: 594
[2026-04-03T02:03:04.711+0600][19.357s][info][gc,ref      ] GC(14) Discovered  references: Soft: 0, Weak: 468, Final: 0, Phantom: 591
[2026-04-03T02:03:04.711+0600][19.357s][info][gc,ref      ] GC(14) Enqueued    references: Soft: 0, Weak: 16, Final: 0, Phantom: 0
[2026-04-03T02:03:04.711+0600][19.357s][info][gc          ] GC(14) Concurrent weak references 0.452ms
[2026-04-03T02:03:04.711+0600][19.357s][info][gc,start    ] GC(14) Concurrent weak roots
[2026-04-03T02:03:04.711+0600][19.357s][info][gc,task     ] GC(14) Using 3 of 6 workers for concurrent weak root
[2026-04-03T02:03:04.713+0600][19.359s][info][gc          ] GC(14) Concurrent weak roots 1.884ms
[2026-04-03T02:03:04.713+0600][19.359s][info][gc,start    ] GC(14) Concurrent cleanup
[2026-04-03T02:03:04.713+0600][19.360s][info][gc          ] GC(14) Concurrent cleanup 554M->298M(560M) 0.590ms
[2026-04-03T02:03:04.713+0600][19.360s][info][gc,ergo     ] GC(14) Free: 1361M, Max: 512K regular, 651M humongous, Frag: 53% external, 0% internal; Reserve: 89600K, Max: 512K
[2026-04-03T02:03:04.713+0600][19.360s][info][gc,start    ] GC(14) Concurrent class unloading
[2026-04-03T02:03:04.713+0600][19.360s][info][gc,task     ] GC(14) Using 3 of 6 workers for concurrent class unloading
[2026-04-03T02:03:04.717+0600][19.364s][info][gc          ] GC(14) Concurrent class unloading 3.979ms
[2026-04-03T02:03:04.718+0600][19.364s][info][gc,start    ] GC(14) Pause Final Roots
[2026-04-03T02:03:04.718+0600][19.364s][info][gc          ] GC(14) Pause Final Roots 0.072ms
[2026-04-03T02:03:04.718+0600][19.364s][info][gc,ergo     ] Free: 1354M, Max: 512K regular, 651M humongous, Frag: 52% external, 0% internal; Reserve: 89600K, Max: 512K
[2026-04-03T02:03:04.718+0600][19.364s][info][gc,stats    ] 
[2026-04-03T02:03:04.718+0600][19.364s][info][gc,stats    ] All times are wall-clock times, except per-root-class counters, that are sum over
[2026-04-03T02:03:04.718+0600][19.364s][info][gc,stats    ] all workers. Dividing the <total> over the root stage time estimates parallelism.
[2026-04-03T02:03:04.718+0600][19.364s][info][gc,stats    ] 
[2026-04-03T02:03:04.718+0600][19.364s][info][gc,stats    ] Concurrent Reset                   1176 us
[2026-04-03T02:03:04.718+0600][19.364s][info][gc,stats    ] Pause Init Mark (G)                 444 us
[2026-04-03T02:03:04.718+0600][19.364s][info][gc,stats    ] Pause Init Mark (N)                 142 us
[2026-04-03T02:03:04.718+0600][19.364s][info][gc,stats    ]   Update Region States               29 us
[2026-04-03T02:03:04.718+0600][19.364s][info][gc,stats    ] Concurrent Mark Roots               737 us, parallelism: 1.54x
[2026-04-03T02:03:04.718+0600][19.364s][info][gc,stats    ]   CMR: <total>                     1135 us
[2026-04-03T02:03:04.718+0600][19.364s][info][gc,stats    ]   CMR: Thread Roots                 952 us, workers (us): 360, 380, 212, ---, ---, ---, 
[2026-04-03T02:03:04.718+0600][19.364s][info][gc,stats    ]   CMR: VM Strong Roots               33 us, workers (us):  18,  15,   1, ---, ---, ---, 
[2026-04-03T02:03:04.718+0600][19.364s][info][gc,stats    ]   CMR: CLDG Roots                   150 us, workers (us): ---, ---, 150, ---, ---, ---, 
[2026-04-03T02:03:04.718+0600][19.364s][info][gc,stats    ] Concurrent Marking                77036 us
[2026-04-03T02:03:04.718+0600][19.364s][info][gc,stats    ] Pause Final Mark (G)                764 us
[2026-04-03T02:03:04.718+0600][19.364s][info][gc,stats    ] Pause Final Mark (N)                528 us
[2026-04-03T02:03:04.718+0600][19.364s][info][gc,stats    ]   Finish Mark                       233 us
[2026-04-03T02:03:04.718+0600][19.364s][info][gc,stats    ]   Update Region States               51 us
[2026-04-03T02:03:04.718+0600][19.364s][info][gc,stats    ]   Choose Collection Set              90 us
[2026-04-03T02:03:04.718+0600][19.364s][info][gc,stats    ]   Rebuild Free Set                   43 us
[2026-04-03T02:03:04.718+0600][19.364s][info][gc,stats    ] Concurrent Weak References          463 us, parallelism: 0.24x
[2026-04-03T02:03:04.718+0600][19.364s][info][gc,stats    ]   CWRF: <total>                     112 us
[2026-04-03T02:03:04.718+0600][19.364s][info][gc,stats    ]   CWRF: Weak References             112 us, workers (us):  64,  47,   1, ---, ---, ---, 
[2026-04-03T02:03:04.718+0600][19.364s][info][gc,stats    ] Concurrent Weak Roots              1929 us
[2026-04-03T02:03:04.718+0600][19.364s][info][gc,stats    ]   Roots                            1611 us, parallelism: 2.34x
[2026-04-03T02:03:04.718+0600][19.364s][info][gc,stats    ]     CWR: <total>                   3770 us
[2026-04-03T02:03:04.718+0600][19.364s][info][gc,stats    ]     CWR: Code Cache Roots          2653 us, workers (us): 914, 917, 822, ---, ---, ---, 
[2026-04-03T02:03:04.718+0600][19.364s][info][gc,stats    ]     CWR: VM Weak Roots             1070 us, workers (us): 408, 346, 316, ---, ---, ---, 
[2026-04-03T02:03:04.718+0600][19.364s][info][gc,stats    ]     CWR: CLDG Roots                  47 us, workers (us): ---, ---,  47, ---, ---, ---, 
[2026-04-03T02:03:04.718+0600][19.364s][info][gc,stats    ]   Rendezvous                        248 us
[2026-04-03T02:03:04.718+0600][19.364s][info][gc,stats    ] Concurrent Cleanup                  603 us
[2026-04-03T02:03:04.718+0600][19.364s][info][gc,stats    ] Concurrent Class Unloading         4030 us
[2026-04-03T02:03:04.718+0600][19.364s][info][gc,stats    ]   Unlink Stale                     3683 us
[2026-04-03T02:03:04.718+0600][19.364s][info][gc,stats    ]     System Dictionary                54 us
[2026-04-03T02:03:04.718+0600][19.364s][info][gc,stats    ]     Weak Class Links                  0 us
[2026-04-03T02:03:04.718+0600][19.364s][info][gc,stats    ]     Code Roots                     3626 us
[2026-04-03T02:03:04.718+0600][19.364s][info][gc,stats    ]   Rendezvous                        211 us
[2026-04-03T02:03:04.718+0600][19.364s][info][gc,stats    ]   Purge Unlinked                     66 us
[2026-04-03T02:03:04.718+0600][19.365s][info][gc,stats    ]     Code Roots                       59 us
[2026-04-03T02:03:04.718+0600][19.365s][info][gc,stats    ]     CLDG                              7 us
[2026-04-03T02:03:04.718+0600][19.365s][info][gc,stats    ]     Exception Caches                  0 us
[2026-04-03T02:03:04.718+0600][19.365s][info][gc,stats    ] Pause Final Roots (G)               265 us
[2026-04-03T02:03:04.718+0600][19.365s][info][gc,stats    ] Pause Final Roots (N)                95 us
[2026-04-03T02:03:04.718+0600][19.365s][info][gc,stats    ] 
[2026-04-03T02:03:04.718+0600][19.365s][info][gc,stats    ] Allocation pacing accrued:
[2026-04-03T02:03:04.718+0600][19.365s][info][gc,stats    ]       0 of   103 ms (  0.0%): <total>
[2026-04-03T02:03:04.718+0600][19.365s][info][gc,stats    ]       0 of   103 ms (  0.0%): <average total>
[2026-04-03T02:03:04.718+0600][19.365s][info][gc,stats    ] 
[2026-04-03T02:03:04.718+0600][19.365s][info][gc,metaspace] Metaspace: 66271K(67200K)->66271K(67200K) NonClass: 57869K(58368K)->57869K(58368K) Class: 8401K(8832K)->8401K(8832K)
[2026-04-03T02:03:04.718+0600][19.365s][info][gc,ergo     ] Pacer for Idle. Initial: 35840K, Alloc Tax Rate: 1.0x
[2026-04-03T02:03:04.773+0600][19.419s][info][gc          ] Trigger: Learning 4 of 5. Free (1222M) is below initial threshold (1225M)
[2026-04-03T02:03:04.773+0600][19.419s][info][gc,ergo     ] Free: 1222M, Max: 512K regular, 651M humongous, Frag: 47% external, 0% internal; Reserve: 89600K, Max: 512K
[2026-04-03T02:03:04.773+0600][19.419s][info][gc,start    ] GC(15) Concurrent reset
[2026-04-03T02:03:04.773+0600][19.419s][info][gc,task     ] GC(15) Using 3 of 6 workers for concurrent reset
[2026-04-03T02:03:04.773+0600][19.419s][info][gc,ergo     ] GC(15) Pacer for Reset. Non-Taxable: 1750M
[2026-04-03T02:03:04.774+0600][19.420s][info][gc          ] GC(15) Concurrent reset 0.846ms
[2026-04-03T02:03:04.774+0600][19.420s][info][gc,start    ] GC(15) Pause Init Mark (unload classes)
[2026-04-03T02:03:04.774+0600][19.420s][info][gc,task     ] GC(15) Using 6 of 6 workers for init marking
[2026-04-03T02:03:04.774+0600][19.420s][info][gc,ergo     ] GC(15) Pacer for Mark. Expected Live: 172M, Free: 1220M, Non-Taxable: 122M, Alloc Tax Rate: 0.2x
[2026-04-03T02:03:04.774+0600][19.420s][info][gc          ] GC(15) Pause Init Mark (unload classes) 0.141ms
[2026-04-03T02:03:04.774+0600][19.421s][info][gc,start    ] GC(15) Concurrent marking roots
[2026-04-03T02:03:04.774+0600][19.421s][info][gc,task     ] GC(15) Using 3 of 6 workers for concurrent marking roots
[2026-04-03T02:03:04.775+0600][19.421s][info][gc          ] GC(15) Concurrent marking roots 0.772ms
[2026-04-03T02:03:04.775+0600][19.421s][info][gc,start    ] GC(15) Concurrent marking (unload classes)
[2026-04-03T02:03:04.775+0600][19.421s][info][gc,task     ] GC(15) Using 3 of 6 workers for concurrent marking
[2026-04-03T02:03:04.849+0600][19.495s][info][gc          ] GC(15) Concurrent marking (unload classes) 73.680ms
[2026-04-03T02:03:04.849+0600][19.495s][info][gc,start    ] GC(15) Pause Final Mark (unload classes)
[2026-04-03T02:03:04.849+0600][19.495s][info][gc,task     ] GC(15) Using 6 of 6 workers for final marking
[2026-04-03T02:03:04.849+0600][19.496s][info][gc,ergo     ] GC(15) Collectable Garbage: 256M (95%), Immediate: 256M (95%), CSet: 0B (0%)
[2026-04-03T02:03:04.850+0600][19.496s][info][gc          ] GC(15) Pause Final Mark (unload classes) 0.522ms
[2026-04-03T02:03:04.850+0600][19.496s][info][gc,start    ] GC(15) Concurrent weak references
[2026-04-03T02:03:04.850+0600][19.496s][info][gc,task     ] GC(15) Using 3 of 6 workers for concurrent weak references
[2026-04-03T02:03:04.850+0600][19.497s][info][gc,ref      ] GC(15) Encountered references: Soft: 3110, Weak: 5639, Final: 82, Phantom: 594
[2026-04-03T02:03:04.850+0600][19.497s][info][gc,ref      ] GC(15) Discovered  references: Soft: 0, Weak: 1059, Final: 0, Phantom: 591
[2026-04-03T02:03:04.850+0600][19.497s][info][gc,ref      ] GC(15) Enqueued    references: Soft: 0, Weak: 0, Final: 0, Phantom: 0
[2026-04-03T02:03:04.850+0600][19.497s][info][gc          ] GC(15) Concurrent weak references 0.504ms
[2026-04-03T02:03:04.850+0600][19.497s][info][gc,start    ] GC(15) Concurrent weak roots
[2026-04-03T02:03:04.850+0600][19.497s][info][gc,task     ] GC(15) Using 3 of 6 workers for concurrent weak root
[2026-04-03T02:03:04.852+0600][19.499s][info][gc          ] GC(15) Concurrent weak roots 2.061ms
[2026-04-03T02:03:04.852+0600][19.499s][info][gc,start    ] GC(15) Concurrent cleanup
[2026-04-03T02:03:04.853+0600][19.499s][info][gc          ] GC(15) Concurrent cleanup 569M->313M(574M) 0.601ms
[2026-04-03T02:03:04.853+0600][19.499s][info][gc,ergo     ] GC(15) Free: 1346M, Max: 512K regular, 651M humongous, Frag: 52% external, 0% internal; Reserve: 89600K, Max: 512K
[2026-04-03T02:03:04.853+0600][19.499s][info][gc,start    ] GC(15) Concurrent class unloading
[2026-04-03T02:03:04.853+0600][19.499s][info][gc,task     ] GC(15) Using 3 of 6 workers for concurrent class unloading
[2026-04-03T02:03:04.857+0600][19.504s][info][gc          ] GC(15) Concurrent class unloading 4.140ms
[2026-04-03T02:03:04.857+0600][19.504s][info][gc,start    ] GC(15) Pause Final Roots
[2026-04-03T02:03:04.857+0600][19.504s][info][gc          ] GC(15) Pause Final Roots 0.041ms
[2026-04-03T02:03:04.858+0600][19.504s][info][gc,ergo     ] Free: 1338M, Max: 512K regular, 651M humongous, Frag: 52% external, 0% internal; Reserve: 89600K, Max: 512K
[2026-04-03T02:03:04.858+0600][19.504s][info][gc,stats    ] 
[2026-04-03T02:03:04.858+0600][19.504s][info][gc,stats    ] All times are wall-clock times, except per-root-class counters, that are sum over
[2026-04-03T02:03:04.858+0600][19.504s][info][gc,stats    ] all workers. Dividing the <total> over the root stage time estimates parallelism.
[2026-04-03T02:03:04.858+0600][19.504s][info][gc,stats    ] 
[2026-04-03T02:03:04.858+0600][19.504s][info][gc,stats    ] Concurrent Reset                    887 us
[2026-04-03T02:03:04.858+0600][19.504s][info][gc,stats    ] Pause Init Mark (G)                 356 us
[2026-04-03T02:03:04.858+0600][19.504s][info][gc,stats    ] Pause Init Mark (N)                 151 us
[2026-04-03T02:03:04.858+0600][19.504s][info][gc,stats    ]   Update Region States               51 us
[2026-04-03T02:03:04.858+0600][19.504s][info][gc,stats    ] Concurrent Mark Roots               808 us, parallelism: 1.46x
[2026-04-03T02:03:04.858+0600][19.504s][info][gc,stats    ]   CMR: <total>                     1177 us
[2026-04-03T02:03:04.858+0600][19.504s][info][gc,stats    ]   CMR: Thread Roots                 972 us, workers (us): 381, 199, 391, ---, ---, ---, 
[2026-04-03T02:03:04.858+0600][19.504s][info][gc,stats    ]   CMR: VM Strong Roots               21 us, workers (us):  20,   1,   0, ---, ---, ---, 
[2026-04-03T02:03:04.858+0600][19.504s][info][gc,stats    ]   CMR: CLDG Roots                   184 us, workers (us): ---, 184, ---, ---, ---, ---, 
[2026-04-03T02:03:04.858+0600][19.504s][info][gc,stats    ] Concurrent Marking                73830 us
[2026-04-03T02:03:04.858+0600][19.504s][info][gc,stats    ] Pause Final Mark (G)                880 us
[2026-04-03T02:03:04.858+0600][19.504s][info][gc,stats    ] Pause Final Mark (N)                539 us
[2026-04-03T02:03:04.858+0600][19.504s][info][gc,stats    ]   Finish Mark                       276 us
[2026-04-03T02:03:04.858+0600][19.504s][info][gc,stats    ]   Update Region States               52 us
[2026-04-03T02:03:04.858+0600][19.504s][info][gc,stats    ]   Choose Collection Set              81 us
[2026-04-03T02:03:04.858+0600][19.504s][info][gc,stats    ]   Rebuild Free Set                   29 us
[2026-04-03T02:03:04.858+0600][19.504s][info][gc,stats    ] Concurrent Weak References          515 us, parallelism: 0.53x
[2026-04-03T02:03:04.858+0600][19.504s][info][gc,stats    ]   CWRF: <total>                     271 us
[2026-04-03T02:03:04.858+0600][19.504s][info][gc,stats    ]   CWRF: Weak References             271 us, workers (us):  83, 180,   8, ---, ---, ---, 
[2026-04-03T02:03:04.858+0600][19.504s][info][gc,stats    ] Concurrent Weak Roots              2107 us
[2026-04-03T02:03:04.858+0600][19.504s][info][gc,stats    ]   Roots                            1823 us, parallelism: 2.40x
[2026-04-03T02:03:04.858+0600][19.504s][info][gc,stats    ]     CWR: <total>                   4369 us
[2026-04-03T02:03:04.858+0600][19.504s][info][gc,stats    ]     CWR: Code Cache Roots          3109 us, workers (us): 1050, 1010, 1050, ---, ---, ---, 
[2026-04-03T02:03:04.858+0600][19.504s][info][gc,stats    ]     CWR: VM Weak Roots             1202 us, workers (us): 443, 380, 378, ---, ---, ---, 
[2026-04-03T02:03:04.858+0600][19.504s][info][gc,stats    ]     CWR: CLDG Roots                  58 us, workers (us): ---,  58, ---, ---, ---, ---, 
[2026-04-03T02:03:04.858+0600][19.504s][info][gc,stats    ]   Rendezvous                        216 us
[2026-04-03T02:03:04.858+0600][19.504s][info][gc,stats    ] Concurrent Cleanup                  614 us
[2026-04-03T02:03:04.858+0600][19.504s][info][gc,stats    ] Concurrent Class Unloading         4192 us
[2026-04-03T02:03:04.858+0600][19.504s][info][gc,stats    ]   Unlink Stale                     3847 us
[2026-04-03T02:03:04.858+0600][19.504s][info][gc,stats    ]     System Dictionary                56 us
[2026-04-03T02:03:04.858+0600][19.504s][info][gc,stats    ]     Weak Class Links                  0 us
[2026-04-03T02:03:04.858+0600][19.504s][info][gc,stats    ]     Code Roots                     3788 us
[2026-04-03T02:03:04.858+0600][19.504s][info][gc,stats    ]   Rendezvous                        259 us
[2026-04-03T02:03:04.858+0600][19.504s][info][gc,stats    ]   Purge Unlinked                     11 us
[2026-04-03T02:03:04.858+0600][19.504s][info][gc,stats    ]     Code Roots                        4 us
[2026-04-03T02:03:04.858+0600][19.504s][info][gc,stats    ]     CLDG                              7 us
[2026-04-03T02:03:04.858+0600][19.504s][info][gc,stats    ]     Exception Caches                  0 us
[2026-04-03T02:03:04.858+0600][19.504s][info][gc,stats    ] Pause Final Roots (G)               251 us
[2026-04-03T02:03:04.858+0600][19.504s][info][gc,stats    ] Pause Final Roots (N)                56 us
[2026-04-03T02:03:04.858+0600][19.504s][info][gc,stats    ] 
[2026-04-03T02:03:04.858+0600][19.504s][info][gc,stats    ] Allocation pacing accrued:
[2026-04-03T02:03:04.858+0600][19.504s][info][gc,stats    ]       0 of   140 ms (  0.0%): <total>
[2026-04-03T02:03:04.858+0600][19.504s][info][gc,stats    ]       0 of   140 ms (  0.0%): <average total>
[2026-04-03T02:03:04.858+0600][19.504s][info][gc,stats    ] 
[2026-04-03T02:03:04.858+0600][19.504s][info][gc,metaspace] Metaspace: 66271K(67200K)->66271K(67200K) NonClass: 57869K(58368K)->57869K(58368K) Class: 8401K(8832K)->8401K(8832K)
[2026-04-03T02:03:04.858+0600][19.504s][info][gc,ergo     ] Pacer for Idle. Initial: 35840K, Alloc Tax Rate: 1.0x
[2026-04-03T02:03:04.904+0600][19.550s][info][gc          ] Trigger: Learning 5 of 5. Free (1224M) is below initial threshold (1225M)
[2026-04-03T02:03:04.904+0600][19.550s][info][gc,ergo     ] Free: 1224M, Max: 512K regular, 651M humongous, Frag: 47% external, 0% internal; Reserve: 89600K, Max: 512K
[2026-04-03T02:03:04.904+0600][19.550s][info][gc,start    ] GC(16) Concurrent reset
[2026-04-03T02:03:04.904+0600][19.550s][info][gc,task     ] GC(16) Using 3 of 6 workers for concurrent reset
[2026-04-03T02:03:04.904+0600][19.550s][info][gc,ergo     ] GC(16) Pacer for Reset. Non-Taxable: 1750M
[2026-04-03T02:03:04.904+0600][19.551s][info][gc          ] GC(16) Concurrent reset 0.860ms
[2026-04-03T02:03:04.905+0600][19.551s][info][gc,start    ] GC(16) Pause Init Mark (unload classes)
[2026-04-03T02:03:04.905+0600][19.551s][info][gc,task     ] GC(16) Using 6 of 6 workers for init marking
[2026-04-03T02:03:04.905+0600][19.551s][info][gc,ergo     ] GC(16) Pacer for Mark. Expected Live: 172M, Free: 1221M, Non-Taxable: 122M, Alloc Tax Rate: 0.2x
[2026-04-03T02:03:04.905+0600][19.551s][info][gc          ] GC(16) Pause Init Mark (unload classes) 0.171ms
[2026-04-03T02:03:04.905+0600][19.551s][info][gc,start    ] GC(16) Concurrent marking roots
[2026-04-03T02:03:04.905+0600][19.551s][info][gc,task     ] GC(16) Using 3 of 6 workers for concurrent marking roots
[2026-04-03T02:03:04.906+0600][19.552s][info][gc          ] GC(16) Concurrent marking roots 0.685ms
[2026-04-03T02:03:04.906+0600][19.552s][info][gc,start    ] GC(16) Concurrent marking (unload classes)
[2026-04-03T02:03:04.906+0600][19.552s][info][gc,task     ] GC(16) Using 3 of 6 workers for concurrent marking
[2026-04-03T02:03:04.976+0600][19.622s][info][gc          ] GC(16) Concurrent marking (unload classes) 70.300ms
[2026-04-03T02:03:04.976+0600][19.623s][info][gc,start    ] GC(16) Pause Final Mark (unload classes)
[2026-04-03T02:03:04.976+0600][19.623s][info][gc,task     ] GC(16) Using 6 of 6 workers for final marking
[2026-04-03T02:03:04.977+0600][19.623s][info][gc,ergo     ] GC(16) Collectable Garbage: 254M (95%), Immediate: 254M (95%), CSet: 0B (0%)
[2026-04-03T02:03:04.977+0600][19.623s][info][gc          ] GC(16) Pause Final Mark (unload classes) 0.411ms
[2026-04-03T02:03:04.977+0600][19.623s][info][gc,start    ] GC(16) Concurrent weak references
[2026-04-03T02:03:04.977+0600][19.623s][info][gc,task     ] GC(16) Using 3 of 6 workers for concurrent weak references
[2026-04-03T02:03:04.977+0600][19.623s][info][gc,ref      ] GC(16) Encountered references: Soft: 3110, Weak: 5639, Final: 82, Phantom: 594
[2026-04-03T02:03:04.977+0600][19.623s][info][gc,ref      ] GC(16) Discovered  references: Soft: 0, Weak: 447, Final: 0, Phantom: 591
[2026-04-03T02:03:04.977+0600][19.623s][info][gc,ref      ] GC(16) Enqueued    references: Soft: 0, Weak: 0, Final: 0, Phantom: 0
[2026-04-03T02:03:04.977+0600][19.623s][info][gc          ] GC(16) Concurrent weak references 0.300ms
[2026-04-03T02:03:04.977+0600][19.623s][info][gc,start    ] GC(16) Concurrent weak roots
[2026-04-03T02:03:04.977+0600][19.623s][info][gc,task     ] GC(16) Using 3 of 6 workers for concurrent weak root
[2026-04-03T02:03:04.979+0600][19.625s][info][gc          ] GC(16) Concurrent weak roots 1.799ms
[2026-04-03T02:03:04.979+0600][19.625s][info][gc,start    ] GC(16) Concurrent cleanup
[2026-04-03T02:03:04.979+0600][19.626s][info][gc          ] GC(16) Concurrent cleanup 579M->325M(584M) 0.545ms
[2026-04-03T02:03:04.979+0600][19.626s][info][gc,ergo     ] GC(16) Free: 1334M, Max: 512K regular, 651M humongous, Frag: 52% external, 0% internal; Reserve: 89600K, Max: 512K
[2026-04-03T02:03:04.979+0600][19.626s][info][gc,start    ] GC(16) Concurrent class unloading
[2026-04-03T02:03:04.979+0600][19.626s][info][gc,task     ] GC(16) Using 3 of 6 workers for concurrent class unloading
[2026-04-03T02:03:04.983+0600][19.630s][info][gc          ] GC(16) Concurrent class unloading 3.762ms
[2026-04-03T02:03:04.983+0600][19.630s][info][gc,start    ] GC(16) Pause Final Roots
[2026-04-03T02:03:04.983+0600][19.630s][info][gc          ] GC(16) Pause Final Roots 0.037ms
[2026-04-03T02:03:04.984+0600][19.630s][info][gc,ergo     ] Free: 1329M, Max: 512K regular, 651M humongous, Frag: 52% external, 0% internal; Reserve: 89600K, Max: 512K
[2026-04-03T02:03:04.984+0600][19.630s][info][gc,stats    ] 
[2026-04-03T02:03:04.984+0600][19.630s][info][gc,stats    ] All times are wall-clock times, except per-root-class counters, that are sum over
[2026-04-03T02:03:04.984+0600][19.630s][info][gc,stats    ] all workers. Dividing the <total> over the root stage time estimates parallelism.
[2026-04-03T02:03:04.984+0600][19.630s][info][gc,stats    ] 
[2026-04-03T02:03:04.984+0600][19.630s][info][gc,stats    ] Concurrent Reset                    898 us
[2026-04-03T02:03:04.984+0600][19.630s][info][gc,stats    ] Pause Init Mark (G)                 478 us
[2026-04-03T02:03:04.984+0600][19.630s][info][gc,stats    ] Pause Init Mark (N)                 181 us
[2026-04-03T02:03:04.984+0600][19.630s][info][gc,stats    ]   Update Region States               43 us
[2026-04-03T02:03:04.984+0600][19.630s][info][gc,stats    ] Concurrent Mark Roots               730 us, parallelism: 1.47x
[2026-04-03T02:03:04.984+0600][19.630s][info][gc,stats    ]   CMR: <total>                     1074 us
[2026-04-03T02:03:04.984+0600][19.630s][info][gc,stats    ]   CMR: Thread Roots                 853 us, workers (us): 163, 348, 341, ---, ---, ---, 
[2026-04-03T02:03:04.984+0600][19.630s][info][gc,stats    ]   CMR: VM Strong Roots               34 us, workers (us):  33,   1,   0, ---, ---, ---, 
[2026-04-03T02:03:04.984+0600][19.630s][info][gc,stats    ]   CMR: CLDG Roots                   187 us, workers (us): 187, ---, ---, ---, ---, ---, 
[2026-04-03T02:03:04.984+0600][19.630s][info][gc,stats    ] Concurrent Marking                70368 us
[2026-04-03T02:03:04.984+0600][19.630s][info][gc,stats    ] Pause Final Mark (G)                662 us
[2026-04-03T02:03:04.984+0600][19.630s][info][gc,stats    ] Pause Final Mark (N)                426 us
[2026-04-03T02:03:04.984+0600][19.630s][info][gc,stats    ]   Finish Mark                       180 us
[2026-04-03T02:03:04.984+0600][19.630s][info][gc,stats    ]   Update Region States               49 us
[2026-04-03T02:03:04.984+0600][19.630s][info][gc,stats    ]   Choose Collection Set              83 us
[2026-04-03T02:03:04.984+0600][19.630s][info][gc,stats    ]   Rebuild Free Set                   27 us
[2026-04-03T02:03:04.984+0600][19.630s][info][gc,stats    ] Concurrent Weak References          310 us, parallelism: 0.51x
[2026-04-03T02:03:04.984+0600][19.630s][info][gc,stats    ]   CWRF: <total>                     158 us
[2026-04-03T02:03:04.984+0600][19.630s][info][gc,stats    ]   CWRF: Weak References             158 us, workers (us):  85,  72,   1, ---, ---, ---, 
[2026-04-03T02:03:04.984+0600][19.630s][info][gc,stats    ] Concurrent Weak Roots              1845 us
[2026-04-03T02:03:04.984+0600][19.630s][info][gc,stats    ]   Roots                            1543 us, parallelism: 2.35x
[2026-04-03T02:03:04.984+0600][19.630s][info][gc,stats    ]     CWR: <total>                   3630 us
[2026-04-03T02:03:04.984+0600][19.630s][info][gc,stats    ]     CWR: Code Cache Roots          2625 us, workers (us): 886, 871, 868, ---, ---, ---, 
[2026-04-03T02:03:04.984+0600][19.630s][info][gc,stats    ]     CWR: VM Weak Roots              952 us, workers (us): 346, 322, 284, ---, ---, ---, 
[2026-04-03T02:03:04.984+0600][19.630s][info][gc,stats    ]     CWR: CLDG Roots                  53 us, workers (us): ---, ---,  53, ---, ---, ---, 
[2026-04-03T02:03:04.984+0600][19.630s][info][gc,stats    ]   Rendezvous                        237 us
[2026-04-03T02:03:04.984+0600][19.630s][info][gc,stats    ] Concurrent Cleanup                  557 us
[2026-04-03T02:03:04.984+0600][19.630s][info][gc,stats    ] Concurrent Class Unloading         3808 us
[2026-04-03T02:03:04.984+0600][19.630s][info][gc,stats    ]   Unlink Stale                     3439 us
[2026-04-03T02:03:04.984+0600][19.630s][info][gc,stats    ]     System Dictionary                57 us
[2026-04-03T02:03:04.984+0600][19.630s][info][gc,stats    ]     Weak Class Links                  0 us
[2026-04-03T02:03:04.984+0600][19.630s][info][gc,stats    ]     Code Roots                     3379 us
[2026-04-03T02:03:04.984+0600][19.630s][info][gc,stats    ]   Rendezvous                        293 us
[2026-04-03T02:03:04.984+0600][19.630s][info][gc,stats    ]   Purge Unlinked                     10 us
[2026-04-03T02:03:04.984+0600][19.630s][info][gc,stats    ]     Code Roots                        3 us
[2026-04-03T02:03:04.984+0600][19.630s][info][gc,stats    ]     CLDG                              6 us
[2026-04-03T02:03:04.984+0600][19.630s][info][gc,stats    ]     Exception Caches                  0 us
[2026-04-03T02:03:04.984+0600][19.630s][info][gc,stats    ] Pause Final Roots (G)               242 us
[2026-04-03T02:03:04.984+0600][19.630s][info][gc,stats    ] Pause Final Roots (N)                51 us
[2026-04-03T02:03:04.984+0600][19.630s][info][gc,stats    ] 
[2026-04-03T02:03:04.984+0600][19.630s][info][gc,stats    ] Allocation pacing accrued:
[2026-04-03T02:03:04.984+0600][19.630s][info][gc,stats    ]       0 of   126 ms (  0.0%): <total>
[2026-04-03T02:03:04.984+0600][19.630s][info][gc,stats    ]       0 of   126 ms (  0.0%): <average total>
[2026-04-03T02:03:04.984+0600][19.630s][info][gc,stats    ] 
[2026-04-03T02:03:04.984+0600][19.630s][info][gc,metaspace] Metaspace: 66271K(67200K)->66271K(67200K) NonClass: 57869K(58368K)->57869K(58368K) Class: 8401K(8832K)->8401K(8832K)
[2026-04-03T02:03:04.984+0600][19.630s][info][gc,ergo     ] Pacer for Idle. Initial: 35840K, Alloc Tax Rate: 1.0x
[2026-04-03T02:03:05.295+0600][19.941s][info][gc          ] Trigger: Explicit GC request (System.gc())
[2026-04-03T02:03:05.295+0600][19.941s][info][gc,ergo     ] Free: 856M, Max: 512K regular, 651M humongous, Frag: 24% external, 0% internal; Reserve: 89600K, Max: 512K
[2026-04-03T02:03:05.295+0600][19.942s][info][gc,start    ] GC(17) Concurrent reset
[2026-04-03T02:03:05.295+0600][19.942s][info][gc,task     ] GC(17) Using 3 of 6 workers for concurrent reset
[2026-04-03T02:03:05.295+0600][19.942s][info][gc,ergo     ] GC(17) Pacer for Reset. Non-Taxable: 1750M
[2026-04-03T02:03:05.296+0600][19.942s][info][gc          ] GC(17) Concurrent reset 0.940ms
[2026-04-03T02:03:05.296+0600][19.943s][info][gc,start    ] GC(17) Pause Init Mark (unload classes)
[2026-04-03T02:03:05.296+0600][19.943s][info][gc,task     ] GC(17) Using 6 of 6 workers for init marking
[2026-04-03T02:03:05.296+0600][19.943s][info][gc,ref      ] GC(17) Clearing All SoftReferences
[2026-04-03T02:03:05.296+0600][19.943s][info][gc,ergo     ] GC(17) Pacer for Mark. Expected Live: 172M, Free: 856M, Non-Taxable: 87734K, Alloc Tax Rate: 0.2x
[2026-04-03T02:03:05.296+0600][19.943s][info][gc          ] GC(17) Pause Init Mark (unload classes) 0.140ms
[2026-04-03T02:03:05.297+0600][19.943s][info][gc,start    ] GC(17) Concurrent marking roots
[2026-04-03T02:03:05.297+0600][19.943s][info][gc,task     ] GC(17) Using 3 of 6 workers for concurrent marking roots
[2026-04-03T02:03:05.297+0600][19.944s][info][gc          ] GC(17) Concurrent marking roots 0.894ms
[2026-04-03T02:03:05.298+0600][19.944s][info][gc,start    ] GC(17) Concurrent marking (unload classes)
[2026-04-03T02:03:05.298+0600][19.944s][info][gc,task     ] GC(17) Using 3 of 6 workers for concurrent marking
[2026-04-03T02:03:05.362+0600][20.008s][info][gc          ] GC(17) Concurrent marking (unload classes) 64.142ms
[2026-04-03T02:03:05.362+0600][20.008s][info][gc,start    ] GC(17) Pause Final Mark (unload classes)
[2026-04-03T02:03:05.362+0600][20.008s][info][gc,task     ] GC(17) Using 6 of 6 workers for final marking
[2026-04-03T02:03:05.362+0600][20.009s][info][gc,ergo     ] GC(17) Collectable Garbage: 612M (97%), Immediate: 612M (97%), CSet: 0B (0%)
[2026-04-03T02:03:05.362+0600][20.009s][info][gc          ] GC(17) Pause Final Mark (unload classes) 0.403ms
[2026-04-03T02:03:05.362+0600][20.009s][info][gc,start    ] GC(17) Concurrent weak references
[2026-04-03T02:03:05.362+0600][20.009s][info][gc,task     ] GC(17) Using 3 of 6 workers for concurrent weak references
[2026-04-03T02:03:05.363+0600][20.009s][info][gc,ref      ] GC(17) Encountered references: Soft: 3016, Weak: 5646, Final: 82, Phantom: 594
[2026-04-03T02:03:05.363+0600][20.009s][info][gc,ref      ] GC(17) Discovered  references: Soft: 1481, Weak: 486, Final: 0, Phantom: 591
[2026-04-03T02:03:05.363+0600][20.009s][info][gc,ref      ] GC(17) Enqueued    references: Soft: 315, Weak: 203, Final: 0, Phantom: 0
[2026-04-03T02:03:05.363+0600][20.009s][info][gc          ] GC(17) Concurrent weak references 0.487ms
[2026-04-03T02:03:05.363+0600][20.009s][info][gc,start    ] GC(17) Concurrent weak roots
[2026-04-03T02:03:05.363+0600][20.009s][info][gc,task     ] GC(17) Using 3 of 6 workers for concurrent weak root
[2026-04-03T02:03:05.365+0600][20.011s][info][gc          ] GC(17) Concurrent weak roots 1.971ms
[2026-04-03T02:03:05.365+0600][20.011s][info][gc,start    ] GC(17) Concurrent cleanup
[2026-04-03T02:03:05.366+0600][20.012s][info][gc          ] GC(17) Concurrent cleanup 801M->189M(809M) 0.655ms
[2026-04-03T02:03:05.366+0600][20.012s][info][gc,ergo     ] GC(17) Free: 1470M, Max: 512K regular, 651M humongous, Frag: 56% external, 0% internal; Reserve: 89600K, Max: 512K
[2026-04-03T02:03:05.366+0600][20.012s][info][gc,start    ] GC(17) Concurrent class unloading
[2026-04-03T02:03:05.366+0600][20.012s][info][gc,task     ] GC(17) Using 3 of 6 workers for concurrent class unloading
[2026-04-03T02:03:05.379+0600][20.026s][info][gc          ] GC(17) Concurrent class unloading 13.604ms
[2026-04-03T02:03:05.380+0600][20.026s][info][gc,start    ] GC(17) Pause Final Roots
[2026-04-03T02:03:05.380+0600][20.026s][info][gc          ] GC(17) Pause Final Roots 0.065ms
[2026-04-03T02:03:05.380+0600][20.026s][info][gc,ergo     ] Free: 1463M, Max: 512K regular, 651M humongous, Frag: 56% external, 0% internal; Reserve: 89600K, Max: 512K
[2026-04-03T02:03:05.380+0600][20.026s][info][gc,stats    ] 
[2026-04-03T02:03:05.380+0600][20.026s][info][gc,stats    ] All times are wall-clock times, except per-root-class counters, that are sum over
[2026-04-03T02:03:05.380+0600][20.026s][info][gc,stats    ] all workers. Dividing the <total> over the root stage time estimates parallelism.
[2026-04-03T02:03:05.380+0600][20.026s][info][gc,stats    ] 
[2026-04-03T02:03:05.380+0600][20.026s][info][gc,stats    ] Concurrent Reset                    996 us
[2026-04-03T02:03:05.380+0600][20.026s][info][gc,stats    ] Pause Init Mark (G)                 452 us
[2026-04-03T02:03:05.380+0600][20.026s][info][gc,stats    ] Pause Init Mark (N)                 150 us
[2026-04-03T02:03:05.380+0600][20.026s][info][gc,stats    ]   Update Region States               38 us
[2026-04-03T02:03:05.380+0600][20.026s][info][gc,stats    ] Concurrent Mark Roots               941 us, parallelism: 1.51x
[2026-04-03T02:03:05.380+0600][20.026s][info][gc,stats    ]   CMR: <total>                     1425 us
[2026-04-03T02:03:05.380+0600][20.026s][info][gc,stats    ]   CMR: Thread Roots                1122 us, workers (us): 197, 469, 456, ---, ---, ---, 
[2026-04-03T02:03:05.380+0600][20.026s][info][gc,stats    ]   CMR: VM Strong Roots               26 us, workers (us):  25,   1,   1, ---, ---, ---, 
[2026-04-03T02:03:05.380+0600][20.026s][info][gc,stats    ]   CMR: CLDG Roots                   276 us, workers (us): 276, ---, ---, ---, ---, ---, 
[2026-04-03T02:03:05.380+0600][20.026s][info][gc,stats    ] Concurrent Marking                64217 us
[2026-04-03T02:03:05.380+0600][20.026s][info][gc,stats    ] Pause Final Mark (G)                675 us
[2026-04-03T02:03:05.380+0600][20.026s][info][gc,stats    ] Pause Final Mark (N)                413 us
[2026-04-03T02:03:05.380+0600][20.026s][info][gc,stats    ]   Finish Mark                       223 us
[2026-04-03T02:03:05.380+0600][20.026s][info][gc,stats    ]   Update Region States               39 us
[2026-04-03T02:03:05.380+0600][20.026s][info][gc,stats    ]   Choose Collection Set              53 us
[2026-04-03T02:03:05.380+0600][20.026s][info][gc,stats    ]   Rebuild Free Set                   29 us
[2026-04-03T02:03:05.380+0600][20.026s][info][gc,stats    ] Concurrent Weak References          497 us, parallelism: 0.69x
[2026-04-03T02:03:05.380+0600][20.026s][info][gc,stats    ]   CWRF: <total>                     345 us
[2026-04-03T02:03:05.380+0600][20.026s][info][gc,stats    ]   CWRF: Weak References             345 us, workers (us): 141, 202,   1, ---, ---, ---, 
[2026-04-03T02:03:05.380+0600][20.026s][info][gc,stats    ] Concurrent Weak Roots              2022 us
[2026-04-03T02:03:05.380+0600][20.027s][info][gc,stats    ]   Roots                            1660 us, parallelism: 2.32x
[2026-04-03T02:03:05.380+0600][20.027s][info][gc,stats    ]     CWR: <total>                   3845 us
[2026-04-03T02:03:05.380+0600][20.027s][info][gc,stats    ]     CWR: Code Cache Roots          2705 us, workers (us): 968, 951, 785, ---, ---, ---, 
[2026-04-03T02:03:05.380+0600][20.027s][info][gc,stats    ]     CWR: VM Weak Roots             1093 us, workers (us): 421, 360, 313, ---, ---, ---, 
[2026-04-03T02:03:05.380+0600][20.027s][info][gc,stats    ]     CWR: CLDG Roots                  47 us, workers (us): ---, ---,  47, ---, ---, ---, 
[2026-04-03T02:03:05.380+0600][20.027s][info][gc,stats    ]   Rendezvous                        270 us
[2026-04-03T02:03:05.380+0600][20.027s][info][gc,stats    ] Concurrent Cleanup                  671 us
[2026-04-03T02:03:05.380+0600][20.027s][info][gc,stats    ] Concurrent Class Unloading        13684 us
[2026-04-03T02:03:05.380+0600][20.027s][info][gc,stats    ]   Unlink Stale                    12723 us
[2026-04-03T02:03:05.380+0600][20.027s][info][gc,stats    ]     System Dictionary               345 us
[2026-04-03T02:03:05.380+0600][20.027s][info][gc,stats    ]     Weak Class Links               8234 us
[2026-04-03T02:03:05.380+0600][20.027s][info][gc,stats    ]     Code Roots                     4140 us
[2026-04-03T02:03:05.380+0600][20.027s][info][gc,stats    ]   Rendezvous                        201 us
[2026-04-03T02:03:05.380+0600][20.027s][info][gc,stats    ]   Purge Unlinked                    658 us
[2026-04-03T02:03:05.380+0600][20.027s][info][gc,stats    ]     Code Roots                      195 us
[2026-04-03T02:03:05.380+0600][20.027s][info][gc,stats    ]     CLDG                            463 us
[2026-04-03T02:03:05.380+0600][20.027s][info][gc,stats    ]     Exception Caches                  0 us
[2026-04-03T02:03:05.380+0600][20.027s][info][gc,stats    ] Pause Final Roots (G)               448 us
[2026-04-03T02:03:05.380+0600][20.027s][info][gc,stats    ] Pause Final Roots (N)                87 us
[2026-04-03T02:03:05.380+0600][20.027s][info][gc,stats    ] 
[2026-04-03T02:03:05.380+0600][20.027s][info][gc,stats    ] Allocation pacing accrued:
[2026-04-03T02:03:05.380+0600][20.027s][info][gc,stats    ]       0 of   396 ms (  0.0%): <total>
[2026-04-03T02:03:05.380+0600][20.027s][info][gc,stats    ]       0 of   396 ms (  0.0%): <average total>
[2026-04-03T02:03:05.380+0600][20.027s][info][gc,stats    ] 
[2026-04-03T02:03:05.380+0600][20.027s][info][gc,metaspace] Metaspace: 66342K(67200K)->66013K(67200K) NonClass: 57938K(58368K)->57668K(58368K) Class: 8403K(8832K)->8344K(8832K)
[2026-04-03T02:03:05.380+0600][20.027s][info][gc,ergo     ] Pacer for Idle. Initial: 35840K, Alloc Tax Rate: 1.0x
[2026-04-03T02:03:05.380+0600][20.027s][info][gc,start    ] Concurrent uncommit
[2026-04-03T02:03:05.474+0600][20.120s][info][gc          ] Concurrent uncommit 197M->208M(212M) 93.389ms
[2026-04-03T02:03:05.847+0600][20.493s][info][gc          ] Trigger: Learning 2 of 5. Free (1224M) is below initial threshold (1225M)
[2026-04-03T02:03:05.847+0600][20.493s][info][gc,ergo     ] Free: 1224M, Max: 512K regular, 651M humongous, Frag: 47% external, 0% internal; Reserve: 89600K, Max: 512K
[2026-04-03T02:03:05.847+0600][20.493s][info][gc,start    ] GC(18) Concurrent reset
[2026-04-03T02:03:05.847+0600][20.493s][info][gc,task     ] GC(18) Using 3 of 6 workers for concurrent reset
[2026-04-03T02:03:05.847+0600][20.493s][info][gc,ergo     ] GC(18) Pacer for Reset. Non-Taxable: 1750M
[2026-04-03T02:03:05.847+0600][20.494s][info][gc          ] GC(18) Concurrent reset 0.743ms
[2026-04-03T02:03:05.848+0600][20.494s][info][gc,start    ] GC(18) Pause Init Mark (unload classes)
[2026-04-03T02:03:05.848+0600][20.494s][info][gc,task     ] GC(18) Using 6 of 6 workers for init marking
[2026-04-03T02:03:05.848+0600][20.494s][info][gc,ergo     ] GC(18) Pacer for Mark. Expected Live: 172M, Free: 1223M, Non-Taxable: 122M, Alloc Tax Rate: 0.2x
[2026-04-03T02:03:05.848+0600][20.494s][info][gc          ] GC(18) Pause Init Mark (unload classes) 0.101ms
[2026-04-03T02:03:05.848+0600][20.494s][info][gc,start    ] GC(18) Concurrent marking roots
[2026-04-03T02:03:05.848+0600][20.494s][info][gc,task     ] GC(18) Using 3 of 6 workers for concurrent marking roots
[2026-04-03T02:03:05.849+0600][20.495s][info][gc          ] GC(18) Concurrent marking roots 0.705ms
[2026-04-03T02:03:05.849+0600][20.495s][info][gc,start    ] GC(18) Concurrent marking (unload classes)
[2026-04-03T02:03:05.849+0600][20.495s][info][gc,task     ] GC(18) Using 3 of 6 workers for concurrent marking
[2026-04-03T02:03:05.919+0600][20.566s][info][gc          ] GC(18) Concurrent marking (unload classes) 70.799ms
[2026-04-03T02:03:05.920+0600][20.566s][info][gc,start    ] GC(18) Pause Final Mark (unload classes)
[2026-04-03T02:03:05.920+0600][20.566s][info][gc,task     ] GC(18) Using 6 of 6 workers for final marking
[2026-04-03T02:03:05.920+0600][20.566s][info][gc,ergo     ] GC(18) Adaptive CSet Selection. Target Free: 247M, Actual Free: 1456M, Max CSet: 74666K, Min Garbage: 0B
[2026-04-03T02:03:05.920+0600][20.566s][info][gc,ergo     ] GC(18) Collectable Garbage: 258M (99%), Immediate: 220M (84%), CSet: 39455K (14%)
[2026-04-03T02:03:05.920+0600][20.566s][info][gc,ergo     ] GC(18) Pacer for Evacuation. Used CSet: 42133K, Free: 1371M, Non-Taxable: 137M, Alloc Tax Rate: 1.1x
[2026-04-03T02:03:05.920+0600][20.566s][info][gc          ] GC(18) Pause Final Mark (unload classes) 0.623ms
[2026-04-03T02:03:05.920+0600][20.567s][info][gc,start    ] GC(18) Concurrent thread roots
[2026-04-03T02:03:05.920+0600][20.567s][info][gc,task     ] GC(18) Using 3 of 6 workers for Concurrent thread roots
[2026-04-03T02:03:05.921+0600][20.567s][info][gc          ] GC(18) Concurrent thread roots 0.616ms
[2026-04-03T02:03:05.921+0600][20.567s][info][gc,start    ] GC(18) Concurrent weak references
[2026-04-03T02:03:05.921+0600][20.567s][info][gc,task     ] GC(18) Using 3 of 6 workers for concurrent weak references
[2026-04-03T02:03:05.921+0600][20.568s][info][gc,ref      ] GC(18) Encountered references: Soft: 3105, Weak: 5889, Final: 82, Phantom: 594
[2026-04-03T02:03:05.921+0600][20.568s][info][gc,ref      ] GC(18) Discovered  references: Soft: 0, Weak: 618, Final: 0, Phantom: 591
[2026-04-03T02:03:05.921+0600][20.568s][info][gc,ref      ] GC(18) Enqueued    references: Soft: 0, Weak: 194, Final: 0, Phantom: 0
[2026-04-03T02:03:05.921+0600][20.568s][info][gc          ] GC(18) Concurrent weak references 0.394ms
[2026-04-03T02:03:05.921+0600][20.568s][info][gc,start    ] GC(18) Concurrent weak roots
[2026-04-03T02:03:05.921+0600][20.568s][info][gc,task     ] GC(18) Using 3 of 6 workers for concurrent weak root
[2026-04-03T02:03:05.923+0600][20.570s][info][gc          ] GC(18) Concurrent weak roots 2.265ms
[2026-04-03T02:03:05.924+0600][20.570s][info][gc,start    ] GC(18) Concurrent cleanup
[2026-04-03T02:03:05.924+0600][20.570s][info][gc          ] GC(18) Concurrent cleanup 513M->293M(518M) 0.265ms
[2026-04-03T02:03:05.924+0600][20.570s][info][gc,ergo     ] GC(18) Free: 1366M, Max: 512K regular, 651M humongous, Frag: 53% external, 0% internal; Reserve: 89208K, Max: 512K
[2026-04-03T02:03:05.924+0600][20.570s][info][gc,start    ] GC(18) Concurrent class unloading
[2026-04-03T02:03:05.924+0600][20.570s][info][gc,task     ] GC(18) Using 3 of 6 workers for concurrent class unloading
[2026-04-03T02:03:05.929+0600][20.575s][info][gc          ] GC(18) Concurrent class unloading 5.204ms
[2026-04-03T02:03:05.929+0600][20.576s][info][gc,start    ] GC(18) Concurrent strong roots
[2026-04-03T02:03:05.929+0600][20.576s][info][gc,task     ] GC(18) Using 3 of 6 workers for concurrent strong root
[2026-04-03T02:03:05.930+0600][20.576s][info][gc          ] GC(18) Concurrent strong roots 0.871ms
[2026-04-03T02:03:05.930+0600][20.576s][info][gc,start    ] GC(18) Concurrent evacuation
[2026-04-03T02:03:05.930+0600][20.576s][info][gc,task     ] GC(18) Using 3 of 6 workers for concurrent evacuation
[2026-04-03T02:03:05.933+0600][20.579s][info][gc          ] GC(18) Concurrent evacuation 2.638ms
[2026-04-03T02:03:05.933+0600][20.579s][info][gc,start    ] GC(18) Pause Init Update Refs
[2026-04-03T02:03:05.933+0600][20.579s][info][gc,ergo     ] GC(18) Pacer for Update Refs. Used: 312M, Free: 1350M, Non-Taxable: 135M, Alloc Tax Rate: 1.1x
[2026-04-03T02:03:05.933+0600][20.579s][info][gc          ] GC(18) Pause Init Update Refs 0.074ms
[2026-04-03T02:03:05.933+0600][20.579s][info][gc,start    ] GC(18) Concurrent update references
[2026-04-03T02:03:05.933+0600][20.580s][info][gc,task     ] GC(18) Using 3 of 6 workers for concurrent reference update
[2026-04-03T02:03:06.003+0600][20.649s][info][gc          ] GC(18) Concurrent update references 69.805ms
[2026-04-03T02:03:06.003+0600][20.649s][info][gc,start    ] GC(18) Concurrent update thread roots
[2026-04-03T02:03:06.004+0600][20.650s][info][gc          ] GC(18) Concurrent update thread roots 0.724ms
[2026-04-03T02:03:06.004+0600][20.650s][info][gc,start    ] GC(18) Pause Final Update Refs
[2026-04-03T02:03:06.004+0600][20.650s][info][gc,task     ] GC(18) Using 6 of 6 workers for final reference update
[2026-04-03T02:03:06.004+0600][20.650s][info][gc          ] GC(18) Pause Final Update Refs 0.166ms
[2026-04-03T02:03:06.004+0600][20.650s][info][gc,start    ] GC(18) Concurrent cleanup
[2026-04-03T02:03:06.004+0600][20.651s][info][gc          ] GC(18) Concurrent cleanup 443M->402M(521M) 0.200ms
[2026-04-03T02:03:06.004+0600][20.651s][info][gc,ergo     ] Free: 1257M, Max: 512K regular, 651M humongous, Frag: 49% external, 0% internal; Reserve: 89600K, Max: 512K
[2026-04-03T02:03:06.004+0600][20.651s][info][gc,stats    ] 
[2026-04-03T02:03:06.004+0600][20.651s][info][gc,stats    ] All times are wall-clock times, except per-root-class counters, that are sum over
[2026-04-03T02:03:06.004+0600][20.651s][info][gc,stats    ] all workers. Dividing the <total> over the root stage time estimates parallelism.
[2026-04-03T02:03:06.004+0600][20.651s][info][gc,stats    ] 
[2026-04-03T02:03:06.004+0600][20.651s][info][gc,stats    ] Concurrent Reset                    780 us
[2026-04-03T02:03:06.004+0600][20.651s][info][gc,stats    ] Pause Init Mark (G)                 300 us
[2026-04-03T02:03:06.004+0600][20.651s][info][gc,stats    ] Pause Init Mark (N)                 112 us
[2026-04-03T02:03:06.004+0600][20.651s][info][gc,stats    ]   Update Region States               21 us
[2026-04-03T02:03:06.004+0600][20.651s][info][gc,stats    ] Concurrent Mark Roots               739 us, parallelism: 1.52x
[2026-04-03T02:03:06.004+0600][20.651s][info][gc,stats    ]   CMR: <total>                     1125 us
[2026-04-03T02:03:06.004+0600][20.651s][info][gc,stats    ]   CMR: Thread Roots                 924 us, workers (us): 202, 372, 350, ---, ---, ---, 
[2026-04-03T02:03:06.004+0600][20.651s][info][gc,stats    ]   CMR: VM Strong Roots               27 us, workers (us):  13,  13,   1, ---, ---, ---, 
[2026-04-03T02:03:06.005+0600][20.651s][info][gc,stats    ]   CMR: CLDG Roots                   174 us, workers (us): 174, ---, ---, ---, ---, ---, 
[2026-04-03T02:03:06.005+0600][20.651s][info][gc,stats    ] Concurrent Marking                70877 us
[2026-04-03T02:03:06.005+0600][20.651s][info][gc,stats    ] Pause Final Mark (G)                716 us
[2026-04-03T02:03:06.005+0600][20.651s][info][gc,stats    ] Pause Final Mark (N)                634 us
[2026-04-03T02:03:06.005+0600][20.651s][info][gc,stats    ]   Finish Mark                       309 us
[2026-04-03T02:03:06.005+0600][20.651s][info][gc,stats    ]   Update Region States               46 us
[2026-04-03T02:03:06.005+0600][20.651s][info][gc,stats    ]   Choose Collection Set             167 us
[2026-04-03T02:03:06.005+0600][20.651s][info][gc,stats    ]   Rebuild Free Set                   28 us
[2026-04-03T02:03:06.005+0600][20.651s][info][gc,stats    ] Concurrent Thread Roots             651 us, parallelism: 1.87x
[2026-04-03T02:03:06.005+0600][20.651s][info][gc,stats    ]   CTR: <total>                     1219 us
[2026-04-03T02:03:06.005+0600][20.651s][info][gc,stats    ]   CTR: Thread Roots                1219 us, workers (us): 447, 386, 386, ---, ---, ---, 
[2026-04-03T02:03:06.005+0600][20.651s][info][gc,stats    ] Concurrent Weak References          406 us, parallelism: 0.71x
[2026-04-03T02:03:06.005+0600][20.651s][info][gc,stats    ]   CWRF: <total>                     287 us
[2026-04-03T02:03:06.005+0600][20.651s][info][gc,stats    ]   CWRF: Weak References             287 us, workers (us): 182, 104,   2, ---, ---, ---, 
[2026-04-03T02:03:06.005+0600][20.651s][info][gc,stats    ] Concurrent Weak Roots              2322 us
[2026-04-03T02:03:06.005+0600][20.651s][info][gc,stats    ]   Roots                            2079 us, parallelism: 2.54x
[2026-04-03T02:03:06.005+0600][20.651s][info][gc,stats    ]     CWR: <total>                   5277 us
[2026-04-03T02:03:06.005+0600][20.651s][info][gc,stats    ]     CWR: Code Cache Roots          2944 us, workers (us): 987, 954, 1003, ---, ---, ---, 
[2026-04-03T02:03:06.005+0600][20.651s][info][gc,stats    ]     CWR: VM Weak Roots             2257 us, workers (us): 826, 715, 715, ---, ---, ---, 
[2026-04-03T02:03:06.005+0600][20.651s][info][gc,stats    ]     CWR: CLDG Roots                  76 us, workers (us): ---,  76, ---, ---, ---, ---, 
[2026-04-03T02:03:06.005+0600][20.651s][info][gc,stats    ]   Rendezvous                        163 us
[2026-04-03T02:03:06.005+0600][20.651s][info][gc,stats    ] Concurrent Cleanup                  286 us
[2026-04-03T02:03:06.005+0600][20.651s][info][gc,stats    ] Concurrent Class Unloading         5278 us
[2026-04-03T02:03:06.005+0600][20.651s][info][gc,stats    ]   Unlink Stale                     4587 us
[2026-04-03T02:03:06.005+0600][20.651s][info][gc,stats    ]     System Dictionary                78 us
[2026-04-03T02:03:06.005+0600][20.651s][info][gc,stats    ]     Weak Class Links                  0 us
[2026-04-03T02:03:06.005+0600][20.651s][info][gc,stats    ]     Code Roots                     4504 us
[2026-04-03T02:03:06.005+0600][20.651s][info][gc,stats    ]   Rendezvous                        172 us
[2026-04-03T02:03:06.005+0600][20.651s][info][gc,stats    ]   Purge Unlinked                    417 us
[2026-04-03T02:03:06.005+0600][20.651s][info][gc,stats    ]     Code Roots                      409 us
[2026-04-03T02:03:06.005+0600][20.651s][info][gc,stats    ]     CLDG                              7 us
[2026-04-03T02:03:06.005+0600][20.651s][info][gc,stats    ]     Exception Caches                  0 us
[2026-04-03T02:03:06.005+0600][20.651s][info][gc,stats    ] Concurrent Strong Roots             916 us, parallelism: 0.66x
[2026-04-03T02:03:06.005+0600][20.651s][info][gc,stats    ]   CSR: <total>                      608 us
[2026-04-03T02:03:06.005+0600][20.651s][info][gc,stats    ]   CSR: VM Strong Roots               33 us, workers (us):  31,   1,   1, ---, ---, ---, 
[2026-04-03T02:03:06.005+0600][20.651s][info][gc,stats    ]   CSR: CLDG Roots                   574 us, workers (us): 574, ---, ---, ---, ---, ---, 
[2026-04-03T02:03:06.005+0600][20.651s][info][gc,stats    ] Concurrent Evacuation              2696 us
[2026-04-03T02:03:06.005+0600][20.651s][info][gc,stats    ] Pause Init Update Refs (G)          342 us
[2026-04-03T02:03:06.005+0600][20.651s][info][gc,stats    ] Pause Init Update Refs (N)          106 us
[2026-04-03T02:03:06.005+0600][20.651s][info][gc,stats    ]   Manage GCLABs                      17 us
[2026-04-03T02:03:06.005+0600][20.651s][info][gc,stats    ] Concurrent Update Refs            69878 us
[2026-04-03T02:03:06.005+0600][20.651s][info][gc,stats    ] Concurrent Update Thread Roots      759 us
[2026-04-03T02:03:06.005+0600][20.651s][info][gc,stats    ] Pause Final Update Refs (G)         354 us
[2026-04-03T02:03:06.005+0600][20.651s][info][gc,stats    ] Pause Final Update Refs (N)         185 us
[2026-04-03T02:03:06.005+0600][20.651s][info][gc,stats    ]   Update Region States               81 us
[2026-04-03T02:03:06.005+0600][20.651s][info][gc,stats    ]   Trash Collection Set                9 us
[2026-04-03T02:03:06.005+0600][20.651s][info][gc,stats    ]   Rebuild Free Set                   29 us
[2026-04-03T02:03:06.005+0600][20.651s][info][gc,stats    ] Concurrent Cleanup                  220 us
[2026-04-03T02:03:06.005+0600][20.651s][info][gc,stats    ] 
[2026-04-03T02:03:06.005+0600][20.651s][info][gc,stats    ] Allocation pacing accrued:
[2026-04-03T02:03:06.005+0600][20.651s][info][gc,stats    ]       0 of   625 ms (  0.0%): <total>
[2026-04-03T02:03:06.005+0600][20.651s][info][gc,stats    ]       0 of   625 ms (  0.0%): <average total>
[2026-04-03T02:03:06.005+0600][20.651s][info][gc,stats    ] 
[2026-04-03T02:03:06.005+0600][20.651s][info][gc,metaspace] Metaspace: 66450K(67328K)->66460K(67328K) NonClass: 58048K(58496K)->58057K(58496K) Class: 8402K(8832K)->8402K(8832K)
[2026-04-03T02:03:06.005+0600][20.651s][info][gc,ergo     ] Pacer for Idle. Initial: 35840K, Alloc Tax Rate: 1.0x
[2026-04-03T02:03:06.020+0600][20.667s][info][gc          ] Trigger: Learning 3 of 5. Free (1223M) is below initial threshold (1225M)
[2026-04-03T02:03:06.021+0600][20.667s][info][gc,ergo     ] Free: 1223M, Max: 512K regular, 651M humongous, Frag: 47% external, 0% internal; Reserve: 89600K, Max: 512K
[2026-04-03T02:03:06.021+0600][20.667s][info][gc,start    ] GC(19) Concurrent reset
[2026-04-03T02:03:06.021+0600][20.667s][info][gc,task     ] GC(19) Using 3 of 6 workers for concurrent reset
[2026-04-03T02:03:06.021+0600][20.667s][info][gc,ergo     ] GC(19) Pacer for Reset. Non-Taxable: 1750M
[2026-04-03T02:03:06.022+0600][20.668s][info][gc          ] GC(19) Concurrent reset 1.041ms
[2026-04-03T02:03:06.022+0600][20.668s][info][gc,start    ] GC(19) Pause Init Mark (unload classes)
[2026-04-03T02:03:06.022+0600][20.668s][info][gc,task     ] GC(19) Using 6 of 6 workers for init marking
[2026-04-03T02:03:06.022+0600][20.668s][info][gc,ergo     ] GC(19) Pacer for Mark. Expected Live: 172M, Free: 1220M, Non-Taxable: 122M, Alloc Tax Rate: 0.2x
[2026-04-03T02:03:06.022+0600][20.668s][info][gc          ] GC(19) Pause Init Mark (unload classes) 0.141ms
[2026-04-03T02:03:06.022+0600][20.668s][info][gc,start    ] GC(19) Concurrent marking roots
[2026-04-03T02:03:06.022+0600][20.668s][info][gc,task     ] GC(19) Using 3 of 6 workers for concurrent marking roots
[2026-04-03T02:03:06.023+0600][20.669s][info][gc          ] GC(19) Concurrent marking roots 0.826ms
[2026-04-03T02:03:06.023+0600][20.669s][info][gc,start    ] GC(19) Concurrent marking (unload classes)
[2026-04-03T02:03:06.023+0600][20.669s][info][gc,task     ] GC(19) Using 3 of 6 workers for concurrent marking
[2026-04-03T02:03:06.091+0600][20.738s][info][gc          ] GC(19) Concurrent marking (unload classes) 68.372ms
[2026-04-03T02:03:06.092+0600][20.738s][info][gc,start    ] GC(19) Pause Final Mark (unload classes)
[2026-04-03T02:03:06.092+0600][20.738s][info][gc,task     ] GC(19) Using 6 of 6 workers for final marking
[2026-04-03T02:03:06.092+0600][20.739s][info][gc,ergo     ] GC(19) Collectable Garbage: 255M (95%), Immediate: 255M (95%), CSet: 0B (0%)
[2026-04-03T02:03:06.092+0600][20.739s][info][gc          ] GC(19) Pause Final Mark (unload classes) 0.657ms
[2026-04-03T02:03:06.092+0600][20.739s][info][gc,start    ] GC(19) Concurrent weak references
[2026-04-03T02:03:06.092+0600][20.739s][info][gc,task     ] GC(19) Using 3 of 6 workers for concurrent weak references
[2026-04-03T02:03:06.092+0600][20.739s][info][gc,ref      ] GC(19) Encountered references: Soft: 3105, Weak: 5703, Final: 82, Phantom: 594
[2026-04-03T02:03:06.093+0600][20.739s][info][gc,ref      ] GC(19) Discovered  references: Soft: 0, Weak: 471, Final: 0, Phantom: 591
[2026-04-03T02:03:06.093+0600][20.739s][info][gc,ref      ] GC(19) Enqueued    references: Soft: 0, Weak: 21, Final: 0, Phantom: 0
[2026-04-03T02:03:06.093+0600][20.739s][info][gc          ] GC(19) Concurrent weak references 0.218ms
[2026-04-03T02:03:06.093+0600][20.739s][info][gc,start    ] GC(19) Concurrent weak roots
[2026-04-03T02:03:06.093+0600][20.739s][info][gc,task     ] GC(19) Using 3 of 6 workers for concurrent weak root
[2026-04-03T02:03:06.094+0600][20.740s][info][gc          ] GC(19) Concurrent weak roots 1.462ms
[2026-04-03T02:03:06.094+0600][20.740s][info][gc,start    ] GC(19) Concurrent cleanup
[2026-04-03T02:03:06.094+0600][20.741s][info][gc          ] GC(19) Concurrent cleanup 549M->294M(563M) 0.249ms
[2026-04-03T02:03:06.094+0600][20.741s][info][gc,ergo     ] GC(19) Free: 1365M, Max: 512K regular, 651M humongous, Frag: 53% external, 0% internal; Reserve: 89600K, Max: 512K
[2026-04-03T02:03:06.094+0600][20.741s][info][gc,start    ] GC(19) Concurrent class unloading
[2026-04-03T02:03:06.094+0600][20.741s][info][gc,task     ] GC(19) Using 3 of 6 workers for concurrent class unloading
[2026-04-03T02:03:06.098+0600][20.745s][info][gc          ] GC(19) Concurrent class unloading 3.886ms
[2026-04-03T02:03:06.098+0600][20.745s][info][gc,start    ] GC(19) Pause Final Roots
[2026-04-03T02:03:06.098+0600][20.745s][info][gc          ] GC(19) Pause Final Roots 0.029ms
[2026-04-03T02:03:06.099+0600][20.745s][info][gc,ergo     ] Free: 1358M, Max: 512K regular, 651M humongous, Frag: 53% external, 0% internal; Reserve: 89600K, Max: 512K
[2026-04-03T02:03:06.099+0600][20.745s][info][gc,stats    ] 
[2026-04-03T02:03:06.099+0600][20.745s][info][gc,stats    ] All times are wall-clock times, except per-root-class counters, that are sum over
[2026-04-03T02:03:06.099+0600][20.745s][info][gc,stats    ] all workers. Dividing the <total> over the root stage time estimates parallelism.
[2026-04-03T02:03:06.099+0600][20.745s][info][gc,stats    ] 
[2026-04-03T02:03:06.099+0600][20.745s][info][gc,stats    ] Concurrent Reset                   1097 us
[2026-04-03T02:03:06.099+0600][20.745s][info][gc,stats    ] Pause Init Mark (G)                 381 us
[2026-04-03T02:03:06.099+0600][20.745s][info][gc,stats    ] Pause Init Mark (N)                 150 us
[2026-04-03T02:03:06.099+0600][20.745s][info][gc,stats    ]   Update Region States               49 us
[2026-04-03T02:03:06.099+0600][20.745s][info][gc,stats    ] Concurrent Mark Roots               860 us, parallelism: 1.76x
[2026-04-03T02:03:06.099+0600][20.745s][info][gc,stats    ]   CMR: <total>                     1516 us
[2026-04-03T02:03:06.099+0600][20.745s][info][gc,stats    ]   CMR: Thread Roots                1118 us, workers (us): 212, 434, 472, ---, ---, ---, 
[2026-04-03T02:03:06.099+0600][20.745s][info][gc,stats    ]   CMR: VM Strong Roots              146 us, workers (us):  75,  70,   1, ---, ---, ---, 
[2026-04-03T02:03:06.099+0600][20.745s][info][gc,stats    ]   CMR: CLDG Roots                   253 us, workers (us): 253, ---, ---, ---, ---, ---, 
[2026-04-03T02:03:06.099+0600][20.745s][info][gc,stats    ] Concurrent Marking                68446 us
[2026-04-03T02:03:06.099+0600][20.745s][info][gc,stats    ] Pause Final Mark (G)                915 us
[2026-04-03T02:03:06.099+0600][20.745s][info][gc,stats    ] Pause Final Mark (N)                672 us
[2026-04-03T02:03:06.099+0600][20.745s][info][gc,stats    ]   Finish Mark                       423 us
[2026-04-03T02:03:06.099+0600][20.745s][info][gc,stats    ]   Update Region States               46 us
[2026-04-03T02:03:06.099+0600][20.745s][info][gc,stats    ]   Choose Collection Set              92 us
[2026-04-03T02:03:06.099+0600][20.745s][info][gc,stats    ]   Rebuild Free Set                   27 us
[2026-04-03T02:03:06.099+0600][20.745s][info][gc,stats    ] Concurrent Weak References          229 us, parallelism: 0.48x
[2026-04-03T02:03:06.099+0600][20.745s][info][gc,stats    ]   CWRF: <total>                     109 us
[2026-04-03T02:03:06.099+0600][20.745s][info][gc,stats    ]   CWRF: Weak References             109 us, workers (us): 100,   9,   0, ---, ---, ---, 
[2026-04-03T02:03:06.099+0600][20.745s][info][gc,stats    ] Concurrent Weak Roots              1510 us
[2026-04-03T02:03:06.099+0600][20.745s][info][gc,stats    ]   Roots                            1279 us, parallelism: 2.31x
[2026-04-03T02:03:06.099+0600][20.745s][info][gc,stats    ]     CWR: <total>                   2950 us
[2026-04-03T02:03:06.099+0600][20.745s][info][gc,stats    ]     CWR: Code Cache Roots          2045 us, workers (us): 693, 659, 693, ---, ---, ---, 
[2026-04-03T02:03:06.099+0600][20.745s][info][gc,stats    ]     CWR: VM Weak Roots              820 us, workers (us): 296, 266, 259, ---, ---, ---, 
[2026-04-03T02:03:06.099+0600][20.745s][info][gc,stats    ]     CWR: CLDG Roots                  85 us, workers (us): ---,  85, ---, ---, ---, ---, 
[2026-04-03T02:03:06.099+0600][20.745s][info][gc,stats    ]   Rendezvous                        162 us
[2026-04-03T02:03:06.099+0600][20.745s][info][gc,stats    ] Concurrent Cleanup                  271 us
[2026-04-03T02:03:06.099+0600][20.745s][info][gc,stats    ] Concurrent Class Unloading         3938 us
[2026-04-03T02:03:06.099+0600][20.745s][info][gc,stats    ]   Unlink Stale                     3674 us
[2026-04-03T02:03:06.099+0600][20.745s][info][gc,stats    ]     System Dictionary                61 us
[2026-04-03T02:03:06.099+0600][20.745s][info][gc,stats    ]     Weak Class Links                  0 us
[2026-04-03T02:03:06.099+0600][20.745s][info][gc,stats    ]     Code Roots                     3609 us
[2026-04-03T02:03:06.099+0600][20.745s][info][gc,stats    ]   Rendezvous                        174 us
[2026-04-03T02:03:06.099+0600][20.745s][info][gc,stats    ]   Purge Unlinked                     11 us
[2026-04-03T02:03:06.099+0600][20.745s][info][gc,stats    ]     Code Roots                        2 us
[2026-04-03T02:03:06.099+0600][20.745s][info][gc,stats    ]     CLDG                              8 us
[2026-04-03T02:03:06.099+0600][20.745s][info][gc,stats    ]     Exception Caches                  0 us
[2026-04-03T02:03:06.099+0600][20.745s][info][gc,stats    ] Pause Final Roots (G)               174 us
[2026-04-03T02:03:06.099+0600][20.745s][info][gc,stats    ] Pause Final Roots (N)                43 us
[2026-04-03T02:03:06.099+0600][20.745s][info][gc,stats    ] 
[2026-04-03T02:03:06.099+0600][20.745s][info][gc,stats    ] Allocation pacing accrued:
[2026-04-03T02:03:06.099+0600][20.745s][info][gc,stats    ]       0 of    94 ms (  0.0%): <total>
[2026-04-03T02:03:06.099+0600][20.745s][info][gc,stats    ]       0 of    94 ms (  0.0%): <average total>
[2026-04-03T02:03:06.099+0600][20.745s][info][gc,stats    ] 
[2026-04-03T02:03:06.099+0600][20.745s][info][gc,metaspace] Metaspace: 66460K(67328K)->66460K(67328K) NonClass: 58057K(58496K)->58057K(58496K) Class: 8402K(8832K)->8402K(8832K)
[2026-04-03T02:03:06.099+0600][20.745s][info][gc,ergo     ] Pacer for Idle. Initial: 35840K, Alloc Tax Rate: 1.0x
[2026-04-03T02:03:06.152+0600][20.798s][info][gc          ] Trigger: Learning 4 of 5. Free (1224M) is below initial threshold (1225M)
[2026-04-03T02:03:06.152+0600][20.799s][info][gc,ergo     ] Free: 1224M, Max: 512K regular, 651M humongous, Frag: 47% external, 0% internal; Reserve: 89600K, Max: 512K
[2026-04-03T02:03:06.152+0600][20.799s][info][gc,start    ] GC(20) Concurrent reset
[2026-04-03T02:03:06.152+0600][20.799s][info][gc,task     ] GC(20) Using 3 of 6 workers for concurrent reset
[2026-04-03T02:03:06.152+0600][20.799s][info][gc,ergo     ] GC(20) Pacer for Reset. Non-Taxable: 1750M
[2026-04-03T02:03:06.153+0600][20.799s][info][gc          ] GC(20) Concurrent reset 0.793ms
[2026-04-03T02:03:06.153+0600][20.799s][info][gc,start    ] GC(20) Pause Init Mark (unload classes)
[2026-04-03T02:03:06.153+0600][20.800s][info][gc,task     ] GC(20) Using 6 of 6 workers for init marking
[2026-04-03T02:03:06.153+0600][20.800s][info][gc,ergo     ] GC(20) Pacer for Mark. Expected Live: 172M, Free: 1221M, Non-Taxable: 122M, Alloc Tax Rate: 0.2x
[2026-04-03T02:03:06.153+0600][20.800s][info][gc          ] GC(20) Pause Init Mark (unload classes) 0.114ms
[2026-04-03T02:03:06.153+0600][20.800s][info][gc,start    ] GC(20) Concurrent marking roots
[2026-04-03T02:03:06.153+0600][20.800s][info][gc,task     ] GC(20) Using 3 of 6 workers for concurrent marking roots
[2026-04-03T02:03:06.154+0600][20.800s][info][gc          ] GC(20) Concurrent marking roots 0.636ms
[2026-04-03T02:03:06.154+0600][20.800s][info][gc,start    ] GC(20) Concurrent marking (unload classes)
[2026-04-03T02:03:06.154+0600][20.800s][info][gc,task     ] GC(20) Using 3 of 6 workers for concurrent marking
[2026-04-03T02:03:06.219+0600][20.865s][info][gc          ] GC(20) Concurrent marking (unload classes) 65.109ms
[2026-04-03T02:03:06.219+0600][20.866s][info][gc,start    ] GC(20) Pause Final Mark (unload classes)
[2026-04-03T02:03:06.219+0600][20.866s][info][gc,task     ] GC(20) Using 6 of 6 workers for final marking
[2026-04-03T02:03:06.220+0600][20.866s][info][gc,ergo     ] GC(20) Collectable Garbage: 253M (95%), Immediate: 253M (95%), CSet: 0B (0%)
[2026-04-03T02:03:06.220+0600][20.866s][info][gc          ] GC(20) Pause Final Mark (unload classes) 0.557ms
[2026-04-03T02:03:06.220+0600][20.866s][info][gc,start    ] GC(20) Concurrent weak references
[2026-04-03T02:03:06.220+0600][20.866s][info][gc,task     ] GC(20) Using 3 of 6 workers for concurrent weak references
[2026-04-03T02:03:06.220+0600][20.866s][info][gc,ref      ] GC(20) Encountered references: Soft: 3105, Weak: 5682, Final: 82, Phantom: 594
[2026-04-03T02:03:06.220+0600][20.867s][info][gc,ref      ] GC(20) Discovered  references: Soft: 0, Weak: 366, Final: 0, Phantom: 591
[2026-04-03T02:03:06.220+0600][20.867s][info][gc,ref      ] GC(20) Enqueued    references: Soft: 0, Weak: 0, Final: 0, Phantom: 0
[2026-04-03T02:03:06.220+0600][20.867s][info][gc          ] GC(20) Concurrent weak references 0.247ms
[2026-04-03T02:03:06.220+0600][20.867s][info][gc,start    ] GC(20) Concurrent weak roots
[2026-04-03T02:03:06.220+0600][20.867s][info][gc,task     ] GC(20) Using 3 of 6 workers for concurrent weak root
[2026-04-03T02:03:06.222+0600][20.869s][info][gc          ] GC(20) Concurrent weak roots 1.965ms
[2026-04-03T02:03:06.222+0600][20.869s][info][gc,start    ] GC(20) Concurrent cleanup
[2026-04-03T02:03:06.222+0600][20.869s][info][gc          ] GC(20) Concurrent cleanup 568M->314M(582M) 0.251ms
[2026-04-03T02:03:06.223+0600][20.869s][info][gc,ergo     ] GC(20) Free: 1345M, Max: 512K regular, 651M humongous, Frag: 52% external, 0% internal; Reserve: 89600K, Max: 512K
[2026-04-03T02:03:06.223+0600][20.869s][info][gc,start    ] GC(20) Concurrent class unloading
[2026-04-03T02:03:06.223+0600][20.869s][info][gc,task     ] GC(20) Using 3 of 6 workers for concurrent class unloading
[2026-04-03T02:03:06.226+0600][20.872s][info][gc          ] GC(20) Concurrent class unloading 3.193ms
[2026-04-03T02:03:06.226+0600][20.872s][info][gc,start    ] GC(20) Pause Final Roots
[2026-04-03T02:03:06.226+0600][20.872s][info][gc          ] GC(20) Pause Final Roots 0.028ms
[2026-04-03T02:03:06.226+0600][20.872s][info][gc,ergo     ] Free: 1339M, Max: 512K regular, 651M humongous, Frag: 52% external, 0% internal; Reserve: 89600K, Max: 512K
[2026-04-03T02:03:06.226+0600][20.872s][info][gc,stats    ] 
[2026-04-03T02:03:06.226+0600][20.872s][info][gc,stats    ] All times are wall-clock times, except per-root-class counters, that are sum over
[2026-04-03T02:03:06.226+0600][20.873s][info][gc,stats    ] all workers. Dividing the <total> over the root stage time estimates parallelism.
[2026-04-03T02:03:06.226+0600][20.873s][info][gc,stats    ] 
[2026-04-03T02:03:06.226+0600][20.873s][info][gc,stats    ] Concurrent Reset                    830 us
[2026-04-03T02:03:06.226+0600][20.873s][info][gc,stats    ] Pause Init Mark (G)                 317 us
[2026-04-03T02:03:06.226+0600][20.873s][info][gc,stats    ] Pause Init Mark (N)                 124 us
[2026-04-03T02:03:06.226+0600][20.873s][info][gc,stats    ]   Update Region States               38 us
[2026-04-03T02:03:06.226+0600][20.873s][info][gc,stats    ] Concurrent Mark Roots               655 us, parallelism: 1.66x
[2026-04-03T02:03:06.226+0600][20.873s][info][gc,stats    ]   CMR: <total>                     1084 us
[2026-04-03T02:03:06.226+0600][20.873s][info][gc,stats    ]   CMR: Thread Roots                 799 us, workers (us): 116, 365, 319, ---, ---, ---, 
[2026-04-03T02:03:06.226+0600][20.873s][info][gc,stats    ]   CMR: VM Strong Roots               23 us, workers (us):  22,   1,   0, ---, ---, ---, 
[2026-04-03T02:03:06.226+0600][20.873s][info][gc,stats    ]   CMR: CLDG Roots                   262 us, workers (us): 262, ---, ---, ---, ---, ---, 
[2026-04-03T02:03:06.226+0600][20.873s][info][gc,stats    ] Concurrent Marking                65183 us
[2026-04-03T02:03:06.226+0600][20.873s][info][gc,stats    ] Pause Final Mark (G)                772 us
[2026-04-03T02:03:06.226+0600][20.873s][info][gc,stats    ] Pause Final Mark (N)                573 us
[2026-04-03T02:03:06.226+0600][20.873s][info][gc,stats    ]   Finish Mark                       271 us
[2026-04-03T02:03:06.226+0600][20.873s][info][gc,stats    ]   Update Region States               48 us
[2026-04-03T02:03:06.226+0600][20.873s][info][gc,stats    ]   Choose Collection Set             107 us
[2026-04-03T02:03:06.226+0600][20.873s][info][gc,stats    ]   Rebuild Free Set                   27 us
[2026-04-03T02:03:06.226+0600][20.873s][info][gc,stats    ] Concurrent Weak References          258 us, parallelism: 0.39x
[2026-04-03T02:03:06.226+0600][20.873s][info][gc,stats    ]   CWRF: <total>                     100 us
[2026-04-03T02:03:06.226+0600][20.873s][info][gc,stats    ]   CWRF: Weak References             100 us, workers (us):  54,  45,   1, ---, ---, ---, 
[2026-04-03T02:03:06.226+0600][20.873s][info][gc,stats    ] Concurrent Weak Roots              2015 us
[2026-04-03T02:03:06.226+0600][20.873s][info][gc,stats    ]   Roots                            1774 us, parallelism: 2.48x
[2026-04-03T02:03:06.226+0600][20.873s][info][gc,stats    ]     CWR: <total>                   4399 us
[2026-04-03T02:03:06.226+0600][20.873s][info][gc,stats    ]     CWR: Code Cache Roots          3237 us, workers (us): 1078, 1040, 1119, ---, ---, ---, 
[2026-04-03T02:03:06.226+0600][20.873s][info][gc,stats    ]     CWR: VM Weak Roots             1124 us, workers (us): 420, 357, 346, ---, ---, ---, 
[2026-04-03T02:03:06.226+0600][20.873s][info][gc,stats    ]     CWR: CLDG Roots                  38 us, workers (us): ---, ---,  38, ---, ---, ---, 
[2026-04-03T02:03:06.226+0600][20.873s][info][gc,stats    ]   Rendezvous                        168 us
[2026-04-03T02:03:06.226+0600][20.873s][info][gc,stats    ] Concurrent Cleanup                  268 us
[2026-04-03T02:03:06.226+0600][20.873s][info][gc,stats    ] Concurrent Class Unloading         3253 us
[2026-04-03T02:03:06.226+0600][20.873s][info][gc,stats    ]   Unlink Stale                     3001 us
[2026-04-03T02:03:06.226+0600][20.873s][info][gc,stats    ]     System Dictionary                65 us
[2026-04-03T02:03:06.226+0600][20.873s][info][gc,stats    ]     Weak Class Links                  0 us
[2026-04-03T02:03:06.226+0600][20.873s][info][gc,stats    ]     Code Roots                     2932 us
[2026-04-03T02:03:06.226+0600][20.873s][info][gc,stats    ]   Rendezvous                        159 us
[2026-04-03T02:03:06.226+0600][20.873s][info][gc,stats    ]   Purge Unlinked                      8 us
[2026-04-03T02:03:06.226+0600][20.873s][info][gc,stats    ]     Code Roots                        3 us
[2026-04-03T02:03:06.226+0600][20.873s][info][gc,stats    ]     CLDG                              5 us
[2026-04-03T02:03:06.226+0600][20.873s][info][gc,stats    ]     Exception Caches                  0 us
[2026-04-03T02:03:06.226+0600][20.873s][info][gc,stats    ] Pause Final Roots (G)               216 us
[2026-04-03T02:03:06.226+0600][20.873s][info][gc,stats    ] Pause Final Roots (N)                42 us
[2026-04-03T02:03:06.227+0600][20.873s][info][gc,stats    ] 
[2026-04-03T02:03:06.227+0600][20.873s][info][gc,stats    ] Allocation pacing accrued:
[2026-04-03T02:03:06.227+0600][20.873s][info][gc,stats    ]       0 of   128 ms (  0.0%): <total>
[2026-04-03T02:03:06.227+0600][20.873s][info][gc,stats    ]       0 of   128 ms (  0.0%): <average total>
[2026-04-03T02:03:06.227+0600][20.873s][info][gc,stats    ] 
[2026-04-03T02:03:06.227+0600][20.873s][info][gc,metaspace] Metaspace: 66460K(67328K)->66460K(67328K) NonClass: 58057K(58496K)->58057K(58496K) Class: 8402K(8832K)->8402K(8832K)
[2026-04-03T02:03:06.227+0600][20.873s][info][gc,ergo     ] Pacer for Idle. Initial: 35840K, Alloc Tax Rate: 1.0x
[2026-04-03T02:03:06.273+0600][20.920s][info][gc          ] Trigger: Learning 5 of 5. Free (1224M) is below initial threshold (1225M)
[2026-04-03T02:03:06.273+0600][20.920s][info][gc,ergo     ] Free: 1223M, Max: 512K regular, 651M humongous, Frag: 47% external, 0% internal; Reserve: 89600K, Max: 512K
[2026-04-03T02:03:06.273+0600][20.920s][info][gc,start    ] GC(21) Concurrent reset
[2026-04-03T02:03:06.273+0600][20.920s][info][gc,task     ] GC(21) Using 3 of 6 workers for concurrent reset
[2026-04-03T02:03:06.273+0600][20.920s][info][gc,ergo     ] GC(21) Pacer for Reset. Non-Taxable: 1750M
[2026-04-03T02:03:06.274+0600][20.921s][info][gc          ] GC(21) Concurrent reset 0.810ms
[2026-04-03T02:03:06.274+0600][20.921s][info][gc,start    ] GC(21) Pause Init Mark (unload classes)
[2026-04-03T02:03:06.274+0600][20.921s][info][gc,task     ] GC(21) Using 6 of 6 workers for init marking
[2026-04-03T02:03:06.274+0600][20.921s][info][gc,ergo     ] GC(21) Pacer for Mark. Expected Live: 172M, Free: 1222M, Non-Taxable: 122M, Alloc Tax Rate: 0.2x
[2026-04-03T02:03:06.274+0600][20.921s][info][gc          ] GC(21) Pause Init Mark (unload classes) 0.145ms
[2026-04-03T02:03:06.275+0600][20.921s][info][gc,start    ] GC(21) Concurrent marking roots
[2026-04-03T02:03:06.275+0600][20.921s][info][gc,task     ] GC(21) Using 3 of 6 workers for concurrent marking roots
[2026-04-03T02:03:06.275+0600][20.922s][info][gc          ] GC(21) Concurrent marking roots 0.803ms
[2026-04-03T02:03:06.275+0600][20.922s][info][gc,start    ] GC(21) Concurrent marking (unload classes)
[2026-04-03T02:03:06.275+0600][20.922s][info][gc,task     ] GC(21) Using 3 of 6 workers for concurrent marking
[2026-04-03T02:03:06.350+0600][20.996s][info][gc          ] GC(21) Concurrent marking (unload classes) 74.220ms
[2026-04-03T02:03:06.350+0600][20.996s][info][gc,start    ] GC(21) Pause Final Mark (unload classes)
[2026-04-03T02:03:06.350+0600][20.996s][info][gc,task     ] GC(21) Using 6 of 6 workers for final marking
[2026-04-03T02:03:06.350+0600][20.997s][info][gc,ergo     ] GC(21) Collectable Garbage: 253M (95%), Immediate: 253M (95%), CSet: 0B (0%)
[2026-04-03T02:03:06.350+0600][20.997s][info][gc          ] GC(21) Pause Final Mark (unload classes) 0.527ms
[2026-04-03T02:03:06.350+0600][20.997s][info][gc,start    ] GC(21) Concurrent weak references
[2026-04-03T02:03:06.351+0600][20.997s][info][gc,task     ] GC(21) Using 3 of 6 workers for concurrent weak references
[2026-04-03T02:03:06.351+0600][20.997s][info][gc,ref      ] GC(21) Encountered references: Soft: 3105, Weak: 5682, Final: 82, Phantom: 594
[2026-04-03T02:03:06.351+0600][20.997s][info][gc,ref      ] GC(21) Discovered  references: Soft: 0, Weak: 458, Final: 0, Phantom: 591
[2026-04-03T02:03:06.351+0600][20.997s][info][gc,ref      ] GC(21) Enqueued    references: Soft: 0, Weak: 0, Final: 0, Phantom: 0
[2026-04-03T02:03:06.351+0600][20.997s][info][gc          ] GC(21) Concurrent weak references 0.286ms
[2026-04-03T02:03:06.351+0600][20.997s][info][gc,start    ] GC(21) Concurrent weak roots
[2026-04-03T02:03:06.351+0600][20.997s][info][gc,task     ] GC(21) Using 3 of 6 workers for concurrent weak root
[2026-04-03T02:03:06.353+0600][21.000s][info][gc          ] GC(21) Concurrent weak roots 2.357ms
[2026-04-03T02:03:06.353+0600][21.000s][info][gc,start    ] GC(21) Concurrent cleanup
[2026-04-03T02:03:06.353+0600][21.000s][info][gc          ] GC(21) Concurrent cleanup 580M->328M(594M) 0.275ms
[2026-04-03T02:03:06.354+0600][21.000s][info][gc,ergo     ] GC(21) Free: 1331M, Max: 512K regular, 651M humongous, Frag: 52% external, 0% internal; Reserve: 89600K, Max: 512K
[2026-04-03T02:03:06.354+0600][21.000s][info][gc,start    ] GC(21) Concurrent class unloading
[2026-04-03T02:03:06.354+0600][21.000s][info][gc,task     ] GC(21) Using 3 of 6 workers for concurrent class unloading
[2026-04-03T02:03:06.358+0600][21.004s][info][gc          ] GC(21) Concurrent class unloading 4.429ms
[2026-04-03T02:03:06.358+0600][21.005s][info][gc,start    ] GC(21) Pause Final Roots
[2026-04-03T02:03:06.358+0600][21.005s][info][gc          ] GC(21) Pause Final Roots 0.065ms
[2026-04-03T02:03:06.358+0600][21.005s][info][gc,ergo     ] Free: 1322M, Max: 512K regular, 651M humongous, Frag: 51% external, 0% internal; Reserve: 89600K, Max: 512K
[2026-04-03T02:03:06.358+0600][21.005s][info][gc,stats    ] 
[2026-04-03T02:03:06.359+0600][21.005s][info][gc,stats    ] All times are wall-clock times, except per-root-class counters, that are sum over
[2026-04-03T02:03:06.359+0600][21.005s][info][gc,stats    ] all workers. Dividing the <total> over the root stage time estimates parallelism.
[2026-04-03T02:03:06.359+0600][21.005s][info][gc,stats    ] 
[2026-04-03T02:03:06.359+0600][21.005s][info][gc,stats    ] Concurrent Reset                    854 us
[2026-04-03T02:03:06.359+0600][21.005s][info][gc,stats    ] Pause Init Mark (G)                 351 us
[2026-04-03T02:03:06.359+0600][21.005s][info][gc,stats    ] Pause Init Mark (N)                 155 us
[2026-04-03T02:03:06.359+0600][21.005s][info][gc,stats    ]   Update Region States               34 us
[2026-04-03T02:03:06.359+0600][21.005s][info][gc,stats    ] Concurrent Mark Roots               869 us, parallelism: 1.38x
[2026-04-03T02:03:06.359+0600][21.005s][info][gc,stats    ]   CMR: <total>                     1201 us
[2026-04-03T02:03:06.359+0600][21.005s][info][gc,stats    ]   CMR: Thread Roots                 890 us, workers (us): 108, 387, 394, ---, ---, ---, 
[2026-04-03T02:03:06.359+0600][21.005s][info][gc,stats    ]   CMR: VM Strong Roots               23 us, workers (us):  22,   1,   1, ---, ---, ---, 
[2026-04-03T02:03:06.359+0600][21.005s][info][gc,stats    ]   CMR: CLDG Roots                   288 us, workers (us): 288, ---, ---, ---, ---, ---, 
[2026-04-03T02:03:06.359+0600][21.005s][info][gc,stats    ] Concurrent Marking                74315 us
[2026-04-03T02:03:06.359+0600][21.005s][info][gc,stats    ] Pause Final Mark (G)                742 us
[2026-04-03T02:03:06.359+0600][21.005s][info][gc,stats    ] Pause Final Mark (N)                543 us
[2026-04-03T02:03:06.359+0600][21.005s][info][gc,stats    ]   Finish Mark                       289 us
[2026-04-03T02:03:06.359+0600][21.005s][info][gc,stats    ]   Update Region States               54 us
[2026-04-03T02:03:06.359+0600][21.005s][info][gc,stats    ]   Choose Collection Set              91 us
[2026-04-03T02:03:06.359+0600][21.005s][info][gc,stats    ]   Rebuild Free Set                   30 us
[2026-04-03T02:03:06.359+0600][21.005s][info][gc,stats    ] Concurrent Weak References          296 us, parallelism: 0.42x
[2026-04-03T02:03:06.359+0600][21.005s][info][gc,stats    ]   CWRF: <total>                     126 us
[2026-04-03T02:03:06.359+0600][21.005s][info][gc,stats    ]   CWRF: Weak References             126 us, workers (us):  64,  51,  10, ---, ---, ---, 
[2026-04-03T02:03:06.359+0600][21.005s][info][gc,stats    ] Concurrent Weak Roots              2436 us
[2026-04-03T02:03:06.359+0600][21.005s][info][gc,stats    ]   Roots                            1879 us, parallelism: 2.42x
[2026-04-03T02:03:06.359+0600][21.005s][info][gc,stats    ]     CWR: <total>                   4549 us
[2026-04-03T02:03:06.359+0600][21.005s][info][gc,stats    ]     CWR: Code Cache Roots          3128 us, workers (us): 1029, 1012, 1087, ---, ---, ---, 
[2026-04-03T02:03:06.359+0600][21.005s][info][gc,stats    ]     CWR: VM Weak Roots             1323 us, workers (us): 450, 445, 429, ---, ---, ---, 
[2026-04-03T02:03:06.359+0600][21.005s][info][gc,stats    ]     CWR: CLDG Roots                  98 us, workers (us): ---,  98, ---, ---, ---, ---, 
[2026-04-03T02:03:06.359+0600][21.005s][info][gc,stats    ]   Rendezvous                        450 us
[2026-04-03T02:03:06.359+0600][21.005s][info][gc,stats    ] Concurrent Cleanup                  292 us
[2026-04-03T02:03:06.359+0600][21.005s][info][gc,stats    ] Concurrent Class Unloading         4485 us
[2026-04-03T02:03:06.359+0600][21.005s][info][gc,stats    ]   Unlink Stale                     4241 us
[2026-04-03T02:03:06.359+0600][21.005s][info][gc,stats    ]     System Dictionary                64 us
[2026-04-03T02:03:06.359+0600][21.005s][info][gc,stats    ]     Weak Class Links                  0 us
[2026-04-03T02:03:06.359+0600][21.005s][info][gc,stats    ]     Code Roots                     4173 us
[2026-04-03T02:03:06.359+0600][21.005s][info][gc,stats    ]   Rendezvous                        145 us
[2026-04-03T02:03:06.359+0600][21.005s][info][gc,stats    ]   Purge Unlinked                     13 us
[2026-04-03T02:03:06.359+0600][21.005s][info][gc,stats    ]     Code Roots                        6 us
[2026-04-03T02:03:06.359+0600][21.005s][info][gc,stats    ]     CLDG                              7 us
[2026-04-03T02:03:06.359+0600][21.005s][info][gc,stats    ]     Exception Caches                  0 us
[2026-04-03T02:03:06.359+0600][21.005s][info][gc,stats    ] Pause Final Roots (G)               328 us
[2026-04-03T02:03:06.359+0600][21.005s][info][gc,stats    ] Pause Final Roots (N)                77 us
[2026-04-03T02:03:06.359+0600][21.005s][info][gc,stats    ] 
[2026-04-03T02:03:06.359+0600][21.005s][info][gc,stats    ] Allocation pacing accrued:
[2026-04-03T02:03:06.359+0600][21.005s][info][gc,stats    ]       0 of   132 ms (  0.0%): <total>
[2026-04-03T02:03:06.359+0600][21.005s][info][gc,stats    ]       0 of   132 ms (  0.0%): <average total>
[2026-04-03T02:03:06.359+0600][21.005s][info][gc,stats    ] 
[2026-04-03T02:03:06.359+0600][21.005s][info][gc,metaspace] Metaspace: 66460K(67328K)->66460K(67328K) NonClass: 58057K(58496K)->58057K(58496K) Class: 8402K(8832K)->8402K(8832K)
[2026-04-03T02:03:06.359+0600][21.005s][info][gc,ergo     ] Pacer for Idle. Initial: 35840K, Alloc Tax Rate: 1.0x
[2026-04-03T02:03:07.341+0600][21.987s][info][gc          ] Cancelling GC: Stopping VM
[2026-04-03T02:03:07.342+0600][21.988s][info][gc,heap,exit] Heap
[2026-04-03T02:03:07.342+0600][21.988s][info][gc,heap,exit] Shenandoah Heap
[2026-04-03T02:03:07.342+0600][21.988s][info][gc,heap,exit]  1750M max, 1750M soft max, 862M committed, 852M used
[2026-04-03T02:03:07.342+0600][21.988s][info][gc,heap,exit]  3500 x 512K regions
[2026-04-03T02:03:07.342+0600][21.988s][info][gc,heap,exit] Status: cancelled
[2026-04-03T02:03:07.342+0600][21.988s][info][gc,heap,exit] Reserved region:
[2026-04-03T02:03:07.342+0600][21.988s][info][gc,heap,exit]  - [0x0000000092a00000, 0x0000000100000000) 
[2026-04-03T02:03:07.342+0600][21.988s][info][gc,heap,exit] Collection set:
[2026-04-03T02:03:07.342+0600][21.988s][info][gc,heap,exit]  - map (vanilla): 0x0000000000011254
[2026-04-03T02:03:07.342+0600][21.988s][info][gc,heap,exit]  - map (biased):  0x0000000000010000
[2026-04-03T02:03:07.342+0600][21.988s][info][gc,heap,exit] 
[2026-04-03T02:03:07.342+0600][21.988s][info][gc,heap,exit]  Metaspace       used 67003K, committed 67840K, reserved 1114112K
[2026-04-03T02:03:07.342+0600][21.988s][info][gc,heap,exit]   class space    used 8502K, committed 8896K, reserved 1048576K
[2026-04-03T02:03:07.342+0600][21.988s][info][gc,stats    ] 
[2026-04-03T02:03:07.342+0600][21.988s][info][gc,stats    ] GC STATISTICS:
[2026-04-03T02:03:07.342+0600][21.988s][info][gc,stats    ]   "(G)" (gross) pauses include VM time: time to notify and block threads, do the pre-
[2026-04-03T02:03:07.342+0600][21.988s][info][gc,stats    ]         and post-safepoint housekeeping. Use -Xlog:safepoint+stats to dissect.
[2026-04-03T02:03:07.342+0600][21.988s][info][gc,stats    ]   "(N)" (net) pauses are the times spent in the actual GC code.
[2026-04-03T02:03:07.342+0600][21.988s][info][gc,stats    ]   "a" is average time for each phase, look at levels to see if average makes sense.
[2026-04-03T02:03:07.342+0600][21.988s][info][gc,stats    ]   "lvls" are quantiles: 0% (minimum), 25%, 50% (median), 75%, 100% (maximum).
[2026-04-03T02:03:07.342+0600][21.988s][info][gc,stats    ] 
[2026-04-03T02:03:07.342+0600][21.988s][info][gc,stats    ]   All times are wall-clock times, except per-root-class counters, that are sum over
[2026-04-03T02:03:07.342+0600][21.988s][info][gc,stats    ]   all workers. Dividing the <total> over the root stage time estimates parallelism.
[2026-04-03T02:03:07.342+0600][21.988s][info][gc,stats    ] 
[2026-04-03T02:03:07.342+0600][21.988s][info][gc,stats    ]   Pacing delays are measured from entering the pacing code till exiting it. Therefore,
[2026-04-03T02:03:07.342+0600][21.988s][info][gc,stats    ]   observed pacing delays may be higher than the threshold when paced thread spent more
[2026-04-03T02:03:07.342+0600][21.988s][info][gc,stats    ]   time in the pacing code. It usually happens when thread is de-scheduled while paced,
[2026-04-03T02:03:07.342+0600][21.988s][info][gc,stats    ]   OS takes longer to unblock the thread, or JVM experiences an STW pause.
[2026-04-03T02:03:07.342+0600][21.988s][info][gc,stats    ] 
[2026-04-03T02:03:07.342+0600][21.988s][info][gc,stats    ]   Higher delay would prevent application outpacing the GC, but it will hide the GC latencies
[2026-04-03T02:03:07.342+0600][21.988s][info][gc,stats    ]   from the STW pause times. Pacing affects the individual threads, and so it would also be
[2026-04-03T02:03:07.342+0600][21.988s][info][gc,stats    ]   invisible to the usual profiling tools, but would add up to end-to-end application latency.
[2026-04-03T02:03:07.342+0600][21.988s][info][gc,stats    ]   Raise max pacing delay with care.
[2026-04-03T02:03:07.342+0600][21.988s][info][gc,stats    ] 
[2026-04-03T02:03:07.342+0600][21.988s][info][gc,stats    ] Concurrent Reset               =    0.034 s (a =     1553 us) (n =    22) (lvls, us =      738,      873,      996,     1348,     7529)
[2026-04-03T02:03:07.342+0600][21.988s][info][gc,stats    ] Pause Init Mark (G)            =    0.010 s (a =      447 us) (n =    22) (lvls, us =      299,      355,      391,      443,     1189)
[2026-04-03T02:03:07.342+0600][21.988s][info][gc,stats    ] Pause Init Mark (N)            =    0.004 s (a =      176 us) (n =    22) (lvls, us =       87,      105,      141,      148,      911)
[2026-04-03T02:03:07.342+0600][21.988s][info][gc,stats    ]   Update Region States         =    0.001 s (a =       32 us) (n =    22) (lvls, us =       19,       24,       29,       37,       51)
[2026-04-03T02:03:07.342+0600][21.988s][info][gc,stats    ] Concurrent Mark Roots          =    0.020 s (a =      900 us) (n =    22) (lvls, us =      492,      645,      736,      867,     2799)
[2026-04-03T02:03:07.342+0600][21.988s][info][gc,stats    ]   CMR: <total>                 =    0.031 s (a =     1393 us) (n =    22) (lvls, us =      674,      908,     1113,     1406,     3985)
[2026-04-03T02:03:07.342+0600][21.988s][info][gc,stats    ]   CMR: Thread Roots            =    0.024 s (a =     1095 us) (n =    22) (lvls, us =      527,      697,      852,     1113,     2787)
[2026-04-03T02:03:07.342+0600][21.988s][info][gc,stats    ]   CMR: VM Strong Roots         =    0.001 s (a =       63 us) (n =    22) (lvls, us =       11,       21,       27,       38,      472)
[2026-04-03T02:03:07.342+0600][21.988s][info][gc,stats    ]   CMR: CLDG Roots              =    0.005 s (a =      235 us) (n =    22) (lvls, us =      133,      156,      189,      260,      726)
[2026-04-03T02:03:07.342+0600][21.988s][info][gc,stats    ] Concurrent Marking             =    1.302 s (a =    59190 us) (n =    22) (lvls, us =     9297,    37891,    68359,    75977,   100225)
[2026-04-03T02:03:07.342+0600][21.988s][info][gc,stats    ] Pause Final Mark (G)           =    0.022 s (a =     1013 us) (n =    22) (lvls, us =      660,      715,      771,      977,     3483)
[2026-04-03T02:03:07.342+0600][21.988s][info][gc,stats    ] Pause Final Mark (N)           =    0.017 s (a =      775 us) (n =    22) (lvls, us =      412,      529,      586,      697,     3245)
[2026-04-03T02:03:07.342+0600][21.988s][info][gc,stats    ]   Finish Mark                  =    0.005 s (a =      250 us) (n =    22) (lvls, us =      178,      201,      232,      275,      423)
[2026-04-03T02:03:07.342+0600][21.988s][info][gc,stats    ]   Update Region States         =    0.001 s (a =       49 us) (n =    22) (lvls, us =       34,       42,       48,       50,       91)
[2026-04-03T02:03:07.342+0600][21.988s][info][gc,stats    ]   Choose Collection Set        =    0.007 s (a =      321 us) (n =    22) (lvls, us =       53,       90,      148,      240,     2869)
[2026-04-03T02:03:07.342+0600][21.988s][info][gc,stats    ]   Rebuild Free Set             =    0.001 s (a =       42 us) (n =    22) (lvls, us =       27,       28,       32,       36,      168)
[2026-04-03T02:03:07.342+0600][21.988s][info][gc,stats    ] Concurrent Thread Roots        =    0.008 s (a =      573 us) (n =    14) (lvls, us =      338,      516,      602,      633,      716)
[2026-04-03T02:03:07.342+0600][21.988s][info][gc,stats    ]   CTR: <total>                 =    0.012 s (a =      860 us) (n =    14) (lvls, us =      461,      586,      818,      859,     1294)
[2026-04-03T02:03:07.342+0600][21.988s][info][gc,stats    ]   CTR: Thread Roots            =    0.012 s (a =      860 us) (n =    14) (lvls, us =      461,      586,      818,      859,     1294)
[2026-04-03T02:03:07.342+0600][21.988s][info][gc,stats    ] Concurrent Weak References     =    0.011 s (a =      500 us) (n =    22) (lvls, us =      205,      295,      475,      590,     1344)
[2026-04-03T02:03:07.342+0600][21.988s][info][gc,stats    ]   CWRF: <total>                =    0.009 s (a =      388 us) (n =    22) (lvls, us =       77,      125,      332,      455,     1476)
[2026-04-03T02:03:07.342+0600][21.988s][info][gc,stats    ]   CWRF: Weak References        =    0.009 s (a =      388 us) (n =    22) (lvls, us =       77,      125,      332,      455,     1476)
[2026-04-03T02:03:07.342+0600][21.988s][info][gc,stats    ] Concurrent Weak Roots          =    0.042 s (a =     1909 us) (n =    22) (lvls, us =     1172,     1504,     1914,     2090,     2597)
[2026-04-03T02:03:07.342+0600][21.988s][info][gc,stats    ]   Roots                        =    0.035 s (a =     1587 us) (n =    22) (lvls, us =      957,     1270,     1562,     1758,     2165)
[2026-04-03T02:03:07.342+0600][21.988s][info][gc,stats    ]     CWR: <total>               =    0.084 s (a =     3820 us) (n =    22) (lvls, us =     2188,     2949,     3770,     4355,     5431)
[2026-04-03T02:03:07.342+0600][21.988s][info][gc,stats    ]     CWR: Code Cache Roots      =    0.050 s (a =     2267 us) (n =    22) (lvls, us =      828,     1562,     2461,     2695,     3237)
[2026-04-03T02:03:07.342+0600][21.988s][info][gc,stats    ]     CWR: VM Weak Roots         =    0.033 s (a =     1496 us) (n =    22) (lvls, us =      820,     1055,     1309,     1758,     2593)
[2026-04-03T02:03:07.342+0600][21.988s][info][gc,stats    ]     CWR: CLDG Roots            =    0.001 s (a =       57 us) (n =    22) (lvls, us =       11,       32,       50,       61,      140)
[2026-04-03T02:03:07.342+0600][21.988s][info][gc,stats    ]   Rendezvous                   =    0.005 s (a =      229 us) (n =    22) (lvls, us =      100,      162,      215,      246,      455)
[2026-04-03T02:03:07.342+0600][21.988s][info][gc,stats    ] Concurrent Cleanup             =    0.010 s (a =      454 us) (n =    22) (lvls, us =      205,      268,      496,      602,      734)
[2026-04-03T02:03:07.342+0600][21.988s][info][gc,stats    ] Concurrent Class Unloading     =    0.141 s (a =     6393 us) (n =    22) (lvls, us =     2402,     3242,     4180,     5547,    21273)
[2026-04-03T02:03:07.342+0600][21.988s][info][gc,stats    ]   Unlink Stale                 =    0.122 s (a =     5537 us) (n =    22) (lvls, us =     1934,     2520,     3672,     4570,    19247)
[2026-04-03T02:03:07.342+0600][21.988s][info][gc,stats    ]     System Dictionary          =    0.002 s (a =      112 us) (n =    22) (lvls, us =       26,       38,       57,       80,      482)
[2026-04-03T02:03:07.342+0600][21.988s][info][gc,stats    ]     Weak Class Links           =    0.042 s (a =     1895 us) (n =    22) (lvls, us =        0,        0,        0,        0,    13313)
[2026-04-03T02:03:07.342+0600][21.988s][info][gc,stats    ]     Code Roots                 =    0.078 s (a =     3527 us) (n =    22) (lvls, us =     1895,     2480,     3379,     4160,     5578)
[2026-04-03T02:03:07.342+0600][21.989s][info][gc,stats    ]   Rendezvous                   =    0.006 s (a =      255 us) (n =    22) (lvls, us =      127,      172,      209,      234,     1089)
[2026-04-03T02:03:07.342+0600][21.989s][info][gc,stats    ]   Purge Unlinked               =    0.011 s (a =      508 us) (n =    22) (lvls, us =        8,       11,      412,      646,     2132)
[2026-04-03T02:03:07.342+0600][21.989s][info][gc,stats    ]     Code Roots                 =    0.010 s (a =      433 us) (n =    22) (lvls, us =        2,        4,      240,      545,     2116)
[2026-04-03T02:03:07.342+0600][21.989s][info][gc,stats    ]     CLDG                       =    0.002 s (a =       75 us) (n =    22) (lvls, us =        5,        7,        9,       12,      752)
[2026-04-03T02:03:07.342+0600][21.989s][info][gc,stats    ]     Exception Caches           =    0.000 s (a =        0 us) (n =    22) (lvls, us =        0,        0,        0,        0,        1)
[2026-04-03T02:03:07.342+0600][21.989s][info][gc,stats    ] Concurrent Strong Roots        =    0.012 s (a =      850 us) (n =    14) (lvls, us =      355,      607,      813,      939,     1478)
[2026-04-03T02:03:07.342+0600][21.989s][info][gc,stats    ]   CSR: <total>                 =    0.008 s (a =      572 us) (n =    14) (lvls, us =      162,      350,      494,      607,     1240)
[2026-04-03T02:03:07.342+0600][21.989s][info][gc,stats    ]   CSR: VM Strong Roots         =    0.000 s (a =       28 us) (n =    14) (lvls, us =       10,       14,       27,       33,       58)
[2026-04-03T02:03:07.342+0600][21.989s][info][gc,stats    ]   CSR: CLDG Roots              =    0.008 s (a =      544 us) (n =    14) (lvls, us =      150,      330,      449,      582,     1194)
[2026-04-03T02:03:07.342+0600][21.989s][info][gc,stats    ] Concurrent Evacuation          =    0.245 s (a =    17512 us) (n =    14) (lvls, us =     2520,     3613,    23047,    27148,    32368)
[2026-04-03T02:03:07.342+0600][21.989s][info][gc,stats    ] Pause Final Roots (G)          =    0.002 s (a =      269 us) (n =     8) (lvls, us =      174,      215,      242,      264,      448)
[2026-04-03T02:03:07.342+0600][21.989s][info][gc,stats    ] Pause Final Roots (N)          =    0.001 s (a =       63 us) (n =     8) (lvls, us =       42,       43,       51,       77,       95)
[2026-04-03T02:03:07.342+0600][21.989s][info][gc,stats    ] Pause Init Update Refs (G)     =    0.005 s (a =      358 us) (n =    14) (lvls, us =      242,      242,      285,      342,      661)
[2026-04-03T02:03:07.342+0600][21.989s][info][gc,stats    ] Pause Init Update Refs (N)     =    0.001 s (a =      101 us) (n =    14) (lvls, us =       72,       77,       95,      105,      156)
[2026-04-03T02:03:07.342+0600][21.989s][info][gc,stats    ]   Manage GCLABs                =    0.000 s (a =       13 us) (n =    14) (lvls, us =        5,        9,       13,       16,       20)
[2026-04-03T02:03:07.342+0600][21.989s][info][gc,stats    ] Concurrent Update Refs         =    0.673 s (a =    48076 us) (n =    14) (lvls, us =     5000,     7031,    43164,    69727,    93039)
[2026-04-03T02:03:07.342+0600][21.989s][info][gc,stats    ] Concurrent Update Thread Roots =    0.011 s (a =      787 us) (n =    14) (lvls, us =      535,      588,      744,      795,     1196)
[2026-04-03T02:03:07.342+0600][21.989s][info][gc,stats    ] Pause Final Update Refs (G)    =    0.006 s (a =      452 us) (n =    14) (lvls, us =      223,      322,      486,      512,      621)
[2026-04-03T02:03:07.342+0600][21.989s][info][gc,stats    ] Pause Final Update Refs (N)    =    0.003 s (a =      201 us) (n =    14) (lvls, us =      154,      162,      184,      244,      278)
[2026-04-03T02:03:07.342+0600][21.989s][info][gc,stats    ]   Update Region States         =    0.001 s (a =       60 us) (n =    14) (lvls, us =       40,       46,       50,       58,      120)
[2026-04-03T02:03:07.342+0600][21.989s][info][gc,stats    ]   Trash Collection Set         =    0.000 s (a =       14 us) (n =    14) (lvls, us =        7,        9,       12,       14,       36)
[2026-04-03T02:03:07.342+0600][21.989s][info][gc,stats    ]   Rebuild Free Set             =    0.000 s (a =       33 us) (n =    14) (lvls, us =       27,       30,       31,       32,       41)
[2026-04-03T02:03:07.342+0600][21.989s][info][gc,stats    ] Concurrent Cleanup             =    0.007 s (a =      504 us) (n =    14) (lvls, us =      219,      273,      508,      654,      755)
[2026-04-03T02:03:07.342+0600][21.989s][info][gc,stats    ] Concurrent Uncommit            =    0.353 s (a =   117816 us) (n =     3) (lvls, us =    79102,    79102,    79102,    93359,   180790)
[2026-04-03T02:03:07.342+0600][21.989s][info][gc,stats    ] Pacing                         =    0.038 s (a =     1750 us) (n =    22) (lvls, us =        0,        0,        0,        0,    38500)
[2026-04-03T02:03:07.342+0600][21.989s][info][gc,stats    ] 
[2026-04-03T02:03:07.342+0600][21.989s][info][gc,stats    ] 
[2026-04-03T02:03:07.342+0600][21.989s][info][gc,stats    ] Under allocation pressure, concurrent cycles may cancel, and either continue cycle
[2026-04-03T02:03:07.342+0600][21.989s][info][gc,stats    ] under stop-the-world pause or result in stop-the-world Full GC. Increase heap size,
[2026-04-03T02:03:07.342+0600][21.989s][info][gc,stats    ] tune GC heuristics, set more aggressive pacing delay, or lower allocation rate
[2026-04-03T02:03:07.342+0600][21.989s][info][gc,stats    ] to avoid Degenerated and Full GC cycles.
[2026-04-03T02:03:07.342+0600][21.989s][info][gc,stats    ] 
[2026-04-03T02:03:07.342+0600][21.989s][info][gc,stats    ]    22 successful concurrent GCs
[2026-04-03T02:03:07.342+0600][21.989s][info][gc,stats    ]       3 invoked explicitly
[2026-04-03T02:03:07.342+0600][21.989s][info][gc,stats    ]       0 invoked implicitly
[2026-04-03T02:03:07.342+0600][21.989s][info][gc,stats    ] 
[2026-04-03T02:03:07.342+0600][21.989s][info][gc,stats    ]     0 Degenerated GCs
[2026-04-03T02:03:07.342+0600][21.989s][info][gc,stats    ]       0 caused by allocation failure
[2026-04-03T02:03:07.342+0600][21.989s][info][gc,stats    ]       0 upgraded to Full GC
[2026-04-03T02:03:07.342+0600][21.989s][info][gc,stats    ] 
[2026-04-03T02:03:07.342+0600][21.989s][info][gc,stats    ]     0 Full GCs
[2026-04-03T02:03:07.342+0600][21.989s][info][gc,stats    ]       0 invoked explicitly
[2026-04-03T02:03:07.342+0600][21.989s][info][gc,stats    ]       0 invoked implicitly
[2026-04-03T02:03:07.342+0600][21.989s][info][gc,stats    ]       0 caused by allocation failure
[2026-04-03T02:03:07.342+0600][21.989s][info][gc,stats    ]       0 upgraded from Degenerated GC
[2026-04-03T02:03:07.342+0600][21.989s][info][gc,stats    ] 
[2026-04-03T02:03:07.342+0600][21.989s][info][gc,stats    ] 
