[2026-04-03T01:55:32.512+0600][0.005s][info][gc] Heuristics ergonomically sets -XX:+ExplicitGCInvokesConcurrent
[2026-04-03T01:55:32.512+0600][0.005s][info][gc] Heuristics ergonomically sets -XX:+ShenandoahImplicitGCInvokesConcurrent
[2026-04-03T01:55:32.513+0600][0.006s][info][gc] Using Shenandoah
[2026-04-03T01:55:32.514+0600][0.007s][info][gc,ergo] Pacer for Idle. Initial: 10240K, Alloc Tax Rate: 1.0x
[2026-04-03T01:55:32.514+0600][0.007s][info][gc,init] Version: 21.0.10+7-Ubuntu-124.04 (release)
[2026-04-03T01:55:32.514+0600][0.007s][info][gc,init] CPUs: 12 total, 12 available
[2026-04-03T01:55:32.514+0600][0.007s][info][gc,init] Memory: 15683M
[2026-04-03T01:55:32.514+0600][0.007s][info][gc,init] Large Page Support: Disabled
[2026-04-03T01:55:32.514+0600][0.007s][info][gc,init] NUMA Support: Disabled
[2026-04-03T01:55:32.514+0600][0.007s][info][gc,init] Compressed Oops: Enabled (32-bit)
[2026-04-03T01:55:32.514+0600][0.007s][info][gc,init] Heap Min Capacity: 6656K
[2026-04-03T01:55:32.514+0600][0.007s][info][gc,init] Heap Initial Capacity: 251136K
[2026-04-03T01:55:32.514+0600][0.007s][info][gc,init] Heap Max Capacity: 500M
[2026-04-03T01:55:32.514+0600][0.007s][info][gc,init] Pre-touch: Disabled
[2026-04-03T01:55:32.514+0600][0.007s][info][gc,init] Mode: Snapshot-At-The-Beginning (SATB)
[2026-04-03T01:55:32.514+0600][0.007s][info][gc,init] Heuristics: Adaptive
[2026-04-03T01:55:32.514+0600][0.007s][info][gc,init] Heap Region Count: 2000
[2026-04-03T01:55:32.514+0600][0.007s][info][gc,init] Heap Region Size: 256K
[2026-04-03T01:55:32.514+0600][0.007s][info][gc,init] TLAB Size Max: 256K
[2026-04-03T01:55:32.514+0600][0.007s][info][gc,init] Humongous Object Threshold: 256K
[2026-04-03T01:55:32.514+0600][0.007s][info][gc,init] Parallel Workers: 6
[2026-04-03T01:55:32.514+0600][0.007s][info][gc,init] Concurrent Workers: 3
[2026-04-03T01:55:32.527+0600][0.020s][info][gc,metaspace] CDS archive(s) mapped at: [0x000078be87000000-0x000078be87c9c000-0x000078be87c9c000), size 13221888, SharedBaseAddress: 0x000078be87000000, ArchiveRelocationMode: 1.
[2026-04-03T01:55:32.527+0600][0.020s][info][gc,metaspace] Compressed class space mapped at: 0x000078be88000000-0x000078bec8000000, reserved size: 1073741824
[2026-04-03T01:55:32.527+0600][0.020s][info][gc,metaspace] Narrow klass base: 0x000078be87000000, Narrow klass shift: 0, Narrow klass range: 0x100000000
[2026-04-03T01:55:33.289+0600][0.782s][info][gc          ] Trigger: Learning 1 of 5. Free (349M) is below initial threshold (350M)
[2026-04-03T01:55:33.289+0600][0.782s][info][gc,ergo     ] Free: 349M, Max: 256K regular, 349M humongous, Frag: 0% external, 0% internal; Reserve: 25600K, Max: 256K
[2026-04-03T01:55:33.289+0600][0.782s][info][gc,start    ] GC(0) Concurrent reset
[2026-04-03T01:55:33.289+0600][0.782s][info][gc,task     ] GC(0) Using 3 of 6 workers for concurrent reset
[2026-04-03T01:55:33.289+0600][0.782s][info][gc,ergo     ] GC(0) Pacer for Reset. Non-Taxable: 500M
[2026-04-03T01:55:33.290+0600][0.783s][info][gc          ] GC(0) Concurrent reset 0.685ms
[2026-04-03T01:55:33.290+0600][0.783s][info][gc,start    ] GC(0) Pause Init Mark (unload classes)
[2026-04-03T01:55:33.290+0600][0.783s][info][gc,task     ] GC(0) Using 5 of 6 workers for init marking
[2026-04-03T01:55:33.290+0600][0.783s][info][gc,ergo     ] GC(0) Pacer for Mark. Expected Live: 51200K, Free: 349M, Non-Taxable: 35788K, Alloc Tax Rate: 0.2x
[2026-04-03T01:55:33.290+0600][0.783s][info][gc          ] GC(0) Pause Init Mark (unload classes) 0.536ms
[2026-04-03T01:55:33.290+0600][0.783s][info][gc,start    ] GC(0) Concurrent marking roots
[2026-04-03T01:55:33.290+0600][0.783s][info][gc,task     ] GC(0) Using 3 of 6 workers for concurrent marking roots
[2026-04-03T01:55:33.291+0600][0.784s][info][gc          ] GC(0) Concurrent marking roots 0.754ms
[2026-04-03T01:55:33.291+0600][0.784s][info][gc,start    ] GC(0) Concurrent marking (unload classes)
[2026-04-03T01:55:33.291+0600][0.784s][info][gc,task     ] GC(0) Using 3 of 6 workers for concurrent marking
[2026-04-03T01:55:33.296+0600][0.789s][info][gc          ] GC(0) Concurrent marking (unload classes) 4.405ms
[2026-04-03T01:55:33.296+0600][0.789s][info][gc,start    ] GC(0) Pause Final Mark (unload classes)
[2026-04-03T01:55:33.296+0600][0.789s][info][gc,task     ] GC(0) Using 5 of 6 workers for final marking
[2026-04-03T01:55:33.297+0600][0.790s][info][gc,ergo     ] GC(0) Adaptive CSet Selection. Target Free: 72533K, Actual Free: 411M, Max CSet: 21333K, Min Garbage: 0B
[2026-04-03T01:55:33.297+0600][0.790s][info][gc,ergo     ] GC(0) Collectable Garbage: 122M (99%), Immediate: 38656K (30%), CSet: 86364K (68%)
[2026-04-03T01:55:33.297+0600][0.790s][info][gc,ergo     ] GC(0) Pacer for Evacuation. Used CSet: 88514K, Free: 386M, Non-Taxable: 39603K, Alloc Tax Rate: 1.1x
[2026-04-03T01:55:33.297+0600][0.790s][info][gc          ] GC(0) Pause Final Mark (unload classes) 0.425ms
[2026-04-03T01:55:33.297+0600][0.790s][info][gc,start    ] GC(0) Concurrent thread roots
[2026-04-03T01:55:33.297+0600][0.790s][info][gc,task     ] GC(0) Using 3 of 6 workers for Concurrent thread roots
[2026-04-03T01:55:33.297+0600][0.790s][info][gc          ] GC(0) Concurrent thread roots 0.228ms
[2026-04-03T01:55:33.297+0600][0.790s][info][gc,start    ] GC(0) Concurrent weak references
[2026-04-03T01:55:33.297+0600][0.790s][info][gc,task     ] GC(0) Using 3 of 6 workers for concurrent weak references
[2026-04-03T01:55:33.297+0600][0.790s][info][gc,ref      ] GC(0) Encountered references: Soft: 186, Weak: 623, Final: 0, Phantom: 25
[2026-04-03T01:55:33.297+0600][0.790s][info][gc,ref      ] GC(0) Discovered  references: Soft: 0, Weak: 372, Final: 0, Phantom: 23
[2026-04-03T01:55:33.297+0600][0.790s][info][gc,ref      ] GC(0) Enqueued    references: Soft: 0, Weak: 166, Final: 0, Phantom: 0
[2026-04-03T01:55:33.297+0600][0.790s][info][gc          ] GC(0) Concurrent weak references 0.159ms
[2026-04-03T01:55:33.297+0600][0.790s][info][gc,start    ] GC(0) Concurrent weak roots
[2026-04-03T01:55:33.297+0600][0.790s][info][gc,task     ] GC(0) Using 3 of 6 workers for concurrent weak root
[2026-04-03T01:55:33.298+0600][0.791s][info][gc          ] GC(0) Concurrent weak roots 1.028ms
[2026-04-03T01:55:33.298+0600][0.791s][info][gc,start    ] GC(0) Concurrent cleanup
[2026-04-03T01:55:33.298+0600][0.791s][info][gc          ] GC(0) Concurrent cleanup 126M->88M(245M) 0.155ms
[2026-04-03T01:55:33.298+0600][0.791s][info][gc,ergo     ] GC(0) Free: 386M, Max: 256K regular, 348M humongous, Frag: 10% external, 0% internal; Reserve: 25327K, Max: 256K
[2026-04-03T01:55:33.298+0600][0.791s][info][gc,start    ] GC(0) Concurrent class unloading
[2026-04-03T01:55:33.298+0600][0.791s][info][gc,task     ] GC(0) Using 3 of 6 workers for concurrent class unloading
[2026-04-03T01:55:33.299+0600][0.792s][info][gc          ] GC(0) Concurrent class unloading 0.956ms
[2026-04-03T01:55:33.299+0600][0.792s][info][gc,start    ] GC(0) Concurrent strong roots
[2026-04-03T01:55:33.299+0600][0.792s][info][gc,task     ] GC(0) Using 3 of 6 workers for concurrent strong root
[2026-04-03T01:55:33.300+0600][0.793s][info][gc          ] GC(0) Concurrent strong roots 0.517ms
[2026-04-03T01:55:33.300+0600][0.793s][info][gc,start    ] GC(0) Concurrent evacuation
[2026-04-03T01:55:33.300+0600][0.793s][info][gc,task     ] GC(0) Using 3 of 6 workers for concurrent evacuation
[2026-04-03T01:55:33.302+0600][0.795s][info][gc          ] GC(0) Concurrent evacuation 1.856ms
[2026-04-03T01:55:33.302+0600][0.795s][info][gc,start    ] GC(0) Pause Init Update Refs
[2026-04-03T01:55:33.302+0600][0.795s][info][gc,ergo     ] GC(0) Pacer for Update Refs. Used: 93546K, Free: 386M, Non-Taxable: 39535K, Alloc Tax Rate: 1.1x
[2026-04-03T01:55:33.302+0600][0.795s][info][gc          ] GC(0) Pause Init Update Refs 0.051ms
[2026-04-03T01:55:33.302+0600][0.795s][info][gc,start    ] GC(0) Concurrent update references
[2026-04-03T01:55:33.302+0600][0.795s][info][gc,task     ] GC(0) Using 3 of 6 workers for concurrent reference update
[2026-04-03T01:55:33.304+0600][0.797s][info][gc          ] GC(0) Concurrent update references 1.562ms
[2026-04-03T01:55:33.304+0600][0.797s][info][gc,start    ] GC(0) Concurrent update thread roots
[2026-04-03T01:55:33.306+0600][0.799s][info][gc          ] GC(0) Concurrent update thread roots 2.293ms
[2026-04-03T01:55:33.306+0600][0.799s][info][gc,start    ] GC(0) Pause Final Update Refs
[2026-04-03T01:55:33.306+0600][0.799s][info][gc,task     ] GC(0) Using 5 of 6 workers for final reference update
[2026-04-03T01:55:33.306+0600][0.799s][info][gc          ] GC(0) Pause Final Update Refs 0.102ms
[2026-04-03T01:55:33.307+0600][0.800s][info][gc,start    ] GC(0) Concurrent cleanup
[2026-04-03T01:55:33.307+0600][0.800s][info][gc          ] GC(0) Concurrent cleanup 92M->5M(247M) 0.139ms
[2026-04-03T01:55:33.307+0600][0.800s][info][gc,ergo     ] Free: 469M, Max: 256K regular, 346M humongous, Frag: 27% external, 0% internal; Reserve: 25600K, Max: 256K
[2026-04-03T01:55:33.307+0600][0.800s][info][gc,stats    ] 
[2026-04-03T01:55:33.307+0600][0.800s][info][gc,stats    ] All times are wall-clock times, except per-root-class counters, that are sum over
[2026-04-03T01:55:33.307+0600][0.800s][info][gc,stats    ] all workers. Dividing the <total> over the root stage time estimates parallelism.
[2026-04-03T01:55:33.307+0600][0.800s][info][gc,stats    ] 
[2026-04-03T01:55:33.307+0600][0.800s][info][gc,stats    ] Concurrent Reset                    716 us
[2026-04-03T01:55:33.307+0600][0.800s][info][gc,stats    ] Pause Init Mark (G)                 775 us
[2026-04-03T01:55:33.307+0600][0.800s][info][gc,stats    ] Pause Init Mark (N)                 553 us
[2026-04-03T01:55:33.307+0600][0.800s][info][gc,stats    ]   Update Region States               13 us
[2026-04-03T01:55:33.307+0600][0.800s][info][gc,stats    ] Concurrent Mark Roots               801 us, parallelism: 1.72x
[2026-04-03T01:55:33.307+0600][0.800s][info][gc,stats    ]   CMR: <total>                     1377 us
[2026-04-03T01:55:33.307+0600][0.800s][info][gc,stats    ]   CMR: Thread Roots                 860 us, workers (us): 335,   1, 523, ---, ---, ---, 
[2026-04-03T01:55:33.307+0600][0.800s][info][gc,stats    ]   CMR: VM Strong Roots              141 us, workers (us): 120,  20,   1, ---, ---, ---, 
[2026-04-03T01:55:33.307+0600][0.800s][info][gc,stats    ]   CMR: CLDG Roots                   377 us, workers (us): ---, 377, ---, ---, ---, ---, 
[2026-04-03T01:55:33.307+0600][0.800s][info][gc,stats    ] Concurrent Marking                 4469 us
[2026-04-03T01:55:33.307+0600][0.800s][info][gc,stats    ] Pause Final Mark (G)               1106 us
[2026-04-03T01:55:33.307+0600][0.800s][info][gc,stats    ] Pause Final Mark (N)                435 us
[2026-04-03T01:55:33.307+0600][0.800s][info][gc,stats    ]   Finish Mark                       166 us
[2026-04-03T01:55:33.307+0600][0.800s][info][gc,stats    ]   Update Region States               43 us
[2026-04-03T01:55:33.307+0600][0.800s][info][gc,stats    ]   Choose Collection Set             140 us
[2026-04-03T01:55:33.307+0600][0.800s][info][gc,stats    ]   Rebuild Free Set                   16 us
[2026-04-03T01:55:33.307+0600][0.800s][info][gc,stats    ] Concurrent Thread Roots             256 us, parallelism: 0.42x
[2026-04-03T01:55:33.307+0600][0.800s][info][gc,stats    ]   CTR: <total>                      109 us
[2026-04-03T01:55:33.307+0600][0.800s][info][gc,stats    ]   CTR: Thread Roots                 109 us, workers (us): 108,   0,   0, ---, ---, ---, 
[2026-04-03T01:55:33.307+0600][0.800s][info][gc,stats    ] Concurrent Weak References          167 us, parallelism: 0.56x
[2026-04-03T01:55:33.307+0600][0.800s][info][gc,stats    ]   CWRF: <total>                      94 us
[2026-04-03T01:55:33.307+0600][0.800s][info][gc,stats    ]   CWRF: Weak References              94 us, workers (us):  81,  12,   1, ---, ---, ---, 
[2026-04-03T01:55:33.307+0600][0.800s][info][gc,stats    ] Concurrent Weak Roots              1061 us
[2026-04-03T01:55:33.307+0600][0.800s][info][gc,stats    ]   Roots                             407 us, parallelism: 2.22x
[2026-04-03T01:55:33.307+0600][0.800s][info][gc,stats    ]     CWR: <total>                    906 us
[2026-04-03T01:55:33.307+0600][0.800s][info][gc,stats    ]     CWR: Code Cache Roots           361 us, workers (us): 142, 144,  75, ---, ---, ---, 
[2026-04-03T01:55:33.307+0600][0.800s][info][gc,stats    ]     CWR: VM Weak Roots              540 us, workers (us): 224, 171, 145, ---, ---, ---, 
[2026-04-03T01:55:33.307+0600][0.800s][info][gc,stats    ]     CWR: CLDG Roots                   5 us, workers (us): ---,   5, ---, ---, ---, ---, 
[2026-04-03T01:55:33.307+0600][0.800s][info][gc,stats    ]   Rendezvous                        601 us
[2026-04-03T01:55:33.307+0600][0.800s][info][gc,stats    ] Concurrent Cleanup                  166 us
[2026-04-03T01:55:33.307+0600][0.800s][info][gc,stats    ] Concurrent Class Unloading          994 us
[2026-04-03T01:55:33.307+0600][0.800s][info][gc,stats    ]   Unlink Stale                      750 us
[2026-04-03T01:55:33.307+0600][0.800s][info][gc,stats    ]     System Dictionary                 6 us
[2026-04-03T01:55:33.307+0600][0.800s][info][gc,stats    ]     Weak Class Links                  0 us
[2026-04-03T01:55:33.307+0600][0.800s][info][gc,stats    ]     Code Roots                      742 us
[2026-04-03T01:55:33.307+0600][0.800s][info][gc,stats    ]   Rendezvous                         36 us
[2026-04-03T01:55:33.307+0600][0.800s][info][gc,stats    ]   Purge Unlinked                    149 us
[2026-04-03T01:55:33.307+0600][0.800s][info][gc,stats    ]     Code Roots                      144 us
[2026-04-03T01:55:33.307+0600][0.800s][info][gc,stats    ]     CLDG                              5 us
[2026-04-03T01:55:33.307+0600][0.800s][info][gc,stats    ]     Exception Caches                  0 us
[2026-04-03T01:55:33.307+0600][0.800s][info][gc,stats    ] Concurrent Strong Roots             555 us, parallelism: 0.77x
[2026-04-03T01:55:33.307+0600][0.800s][info][gc,stats    ]   CSR: <total>                      425 us
[2026-04-03T01:55:33.307+0600][0.800s][info][gc,stats    ]   CSR: VM Strong Roots               53 us, workers (us):  53,   1,   0, ---, ---, ---, 
[2026-04-03T01:55:33.307+0600][0.800s][info][gc,stats    ]   CSR: CLDG Roots                   372 us, workers (us): ---, 372, ---, ---, ---, ---, 
[2026-04-03T01:55:33.307+0600][0.800s][info][gc,stats    ] Concurrent Evacuation              1891 us
[2026-04-03T01:55:33.307+0600][0.800s][info][gc,stats    ] Pause Init Update Refs (G)          218 us
[2026-04-03T01:55:33.307+0600][0.800s][info][gc,stats    ] Pause Init Update Refs (N)           61 us
[2026-04-03T01:55:33.307+0600][0.800s][info][gc,stats    ]   Manage GCLABs                       4 us
[2026-04-03T01:55:33.307+0600][0.800s][info][gc,stats    ] Concurrent Update Refs             1619 us
[2026-04-03T01:55:33.307+0600][0.800s][info][gc,stats    ] Concurrent Update Thread Roots     2321 us
[2026-04-03T01:55:33.307+0600][0.800s][info][gc,stats    ] Pause Final Update Refs (G)         420 us
[2026-04-03T01:55:33.307+0600][0.800s][info][gc,stats    ] Pause Final Update Refs (N)         114 us
[2026-04-03T01:55:33.307+0600][0.800s][info][gc,stats    ]   Update Region States               21 us
[2026-04-03T01:55:33.307+0600][0.800s][info][gc,stats    ]   Trash Collection Set               15 us
[2026-04-03T01:55:33.307+0600][0.800s][info][gc,stats    ]   Rebuild Free Set                   17 us
[2026-04-03T01:55:33.307+0600][0.800s][info][gc,stats    ] Concurrent Cleanup                  152 us
[2026-04-03T01:55:33.307+0600][0.800s][info][gc,stats    ] 
[2026-04-03T01:55:33.307+0600][0.800s][info][gc,stats    ] Allocation pacing accrued:
[2026-04-03T01:55:33.307+0600][0.800s][info][gc,stats    ]       0 of   793 ms (  0.0%): <total>
[2026-04-03T01:55:33.307+0600][0.800s][info][gc,stats    ]       0 of   793 ms (  0.0%): <average total>
[2026-04-03T01:55:33.307+0600][0.800s][info][gc,stats    ] 
[2026-04-03T01:55:33.307+0600][0.800s][info][gc,metaspace] Metaspace: 6572K(6720K)->6679K(6848K) NonClass: 5769K(5824K)->5854K(5952K) Class: 803K(896K)->824K(896K)
[2026-04-03T01:55:33.307+0600][0.800s][info][gc,ergo     ] Pacer for Idle. Initial: 10240K, Alloc Tax Rate: 1.0x
[2026-04-03T01:55:33.675+0600][1.168s][info][gc          ] Trigger: Learning 2 of 5. Free (348M) is below initial threshold (350M)
[2026-04-03T01:55:33.675+0600][1.168s][info][gc,ergo     ] Free: 348M, Max: 256K regular, 346M humongous, Frag: 1% external, 0% internal; Reserve: 25600K, Max: 256K
[2026-04-03T01:55:33.675+0600][1.168s][info][gc,start    ] GC(1) Concurrent reset
[2026-04-03T01:55:33.675+0600][1.168s][info][gc,task     ] GC(1) Using 3 of 6 workers for concurrent reset
[2026-04-03T01:55:33.675+0600][1.168s][info][gc,ergo     ] GC(1) Pacer for Reset. Non-Taxable: 500M
[2026-04-03T01:55:33.677+0600][1.170s][info][gc          ] GC(1) Concurrent reset 1.606ms
[2026-04-03T01:55:33.677+0600][1.170s][info][gc,start    ] GC(1) Pause Init Mark (unload classes)
[2026-04-03T01:55:33.677+0600][1.170s][info][gc,task     ] GC(1) Using 5 of 6 workers for init marking
[2026-04-03T01:55:33.677+0600][1.170s][info][gc,ergo     ] GC(1) Pacer for Mark. Expected Live: 3258K, Free: 347M, Non-Taxable: 35617K, Alloc Tax Rate: 0.0x
[2026-04-03T01:55:33.677+0600][1.170s][info][gc          ] GC(1) Pause Init Mark (unload classes) 0.065ms
[2026-04-03T01:55:33.677+0600][1.170s][info][gc,start    ] GC(1) Concurrent marking roots
[2026-04-03T01:55:33.677+0600][1.170s][info][gc,task     ] GC(1) Using 3 of 6 workers for concurrent marking roots
[2026-04-03T01:55:33.678+0600][1.171s][info][gc          ] GC(1) Concurrent marking roots 0.494ms
[2026-04-03T01:55:33.678+0600][1.171s][info][gc,start    ] GC(1) Concurrent marking (unload classes)
[2026-04-03T01:55:33.678+0600][1.171s][info][gc,task     ] GC(1) Using 3 of 6 workers for concurrent marking
[2026-04-03T01:55:33.681+0600][1.174s][info][gc          ] GC(1) Concurrent marking (unload classes) 3.527ms
[2026-04-03T01:55:33.681+0600][1.174s][info][gc,start    ] GC(1) Pause Final Mark (unload classes)
[2026-04-03T01:55:33.681+0600][1.175s][info][gc,task     ] GC(1) Using 5 of 6 workers for final marking
[2026-04-03T01:55:33.682+0600][1.175s][info][gc,ergo     ] GC(1) Adaptive CSet Selection. Target Free: 72533K, Actual Free: 408M, Max CSet: 21333K, Min Garbage: 0B
[2026-04-03T01:55:33.682+0600][1.175s][info][gc,ergo     ] GC(1) Collectable Garbage: 122M (99%), Immediate: 38608K (30%), CSet: 87285K (69%)
[2026-04-03T01:55:33.682+0600][1.175s][info][gc,ergo     ] GC(1) Pacer for Evacuation. Used CSet: 88345K, Free: 383M, Non-Taxable: 39271K, Alloc Tax Rate: 1.1x
[2026-04-03T01:55:33.682+0600][1.175s][info][gc          ] GC(1) Pause Final Mark (unload classes) 0.443ms
[2026-04-03T01:55:33.682+0600][1.175s][info][gc,start    ] GC(1) Concurrent thread roots
[2026-04-03T01:55:33.682+0600][1.175s][info][gc,task     ] GC(1) Using 3 of 6 workers for Concurrent thread roots
[2026-04-03T01:55:33.682+0600][1.175s][info][gc          ] GC(1) Concurrent thread roots 0.219ms
[2026-04-03T01:55:33.682+0600][1.175s][info][gc,start    ] GC(1) Concurrent weak references
[2026-04-03T01:55:33.682+0600][1.175s][info][gc,task     ] GC(1) Using 3 of 6 workers for concurrent weak references
[2026-04-03T01:55:33.682+0600][1.175s][info][gc,ref      ] GC(1) Encountered references: Soft: 211, Weak: 766, Final: 0, Phantom: 28
[2026-04-03T01:55:33.682+0600][1.175s][info][gc,ref      ] GC(1) Discovered  references: Soft: 0, Weak: 367, Final: 0, Phantom: 14
[2026-04-03T01:55:33.682+0600][1.175s][info][gc,ref      ] GC(1) Enqueued    references: Soft: 0, Weak: 117, Final: 0, Phantom: 0
[2026-04-03T01:55:33.682+0600][1.175s][info][gc          ] GC(1) Concurrent weak references 0.211ms
[2026-04-03T01:55:33.682+0600][1.175s][info][gc,start    ] GC(1) Concurrent weak roots
[2026-04-03T01:55:33.682+0600][1.175s][info][gc,task     ] GC(1) Using 3 of 6 workers for concurrent weak root
[2026-04-03T01:55:33.683+0600][1.176s][info][gc          ] GC(1) Concurrent weak roots 0.774ms
[2026-04-03T01:55:33.683+0600][1.176s][info][gc,start    ] GC(1) Concurrent cleanup
[2026-04-03T01:55:33.683+0600][1.176s][info][gc          ] GC(1) Concurrent cleanup 129M->91M(248M) 0.120ms
[2026-04-03T01:55:33.683+0600][1.176s][info][gc,ergo     ] GC(1) Free: 383M, Max: 256K regular, 345M humongous, Frag: 10% external, 0% internal; Reserve: 25390K, Max: 256K
[2026-04-03T01:55:33.683+0600][1.176s][info][gc,start    ] GC(1) Concurrent class unloading
[2026-04-03T01:55:33.683+0600][1.176s][info][gc,task     ] GC(1) Using 3 of 6 workers for concurrent class unloading
[2026-04-03T01:55:33.685+0600][1.178s][info][gc          ] GC(1) Concurrent class unloading 1.184ms
[2026-04-03T01:55:33.685+0600][1.178s][info][gc,start    ] GC(1) Concurrent strong roots
[2026-04-03T01:55:33.685+0600][1.178s][info][gc,task     ] GC(1) Using 3 of 6 workers for concurrent strong root
[2026-04-03T01:55:33.685+0600][1.178s][info][gc          ] GC(1) Concurrent strong roots 0.423ms
[2026-04-03T01:55:33.685+0600][1.178s][info][gc,start    ] GC(1) Concurrent evacuation
[2026-04-03T01:55:33.685+0600][1.178s][info][gc,task     ] GC(1) Using 3 of 6 workers for concurrent evacuation
[2026-04-03T01:55:33.687+0600][1.180s][info][gc          ] GC(1) Concurrent evacuation 1.949ms
[2026-04-03T01:55:33.687+0600][1.180s][info][gc,start    ] GC(1) Pause Init Update Refs
[2026-04-03T01:55:33.687+0600][1.180s][info][gc,ergo     ] GC(1) Pacer for Update Refs. Used: 95975K, Free: 382M, Non-Taxable: 39172K, Alloc Tax Rate: 1.1x
[2026-04-03T01:55:33.687+0600][1.180s][info][gc          ] GC(1) Pause Init Update Refs 0.045ms
[2026-04-03T01:55:33.687+0600][1.180s][info][gc,start    ] GC(1) Concurrent update references
[2026-04-03T01:55:33.687+0600][1.180s][info][gc,task     ] GC(1) Using 3 of 6 workers for concurrent reference update
[2026-04-03T01:55:33.690+0600][1.183s][info][gc          ] GC(1) Concurrent update references 2.469ms
[2026-04-03T01:55:33.690+0600][1.183s][info][gc,start    ] GC(1) Concurrent update thread roots
[2026-04-03T01:55:33.690+0600][1.183s][info][gc          ] GC(1) Concurrent update thread roots 0.497ms
[2026-04-03T01:55:33.691+0600][1.184s][info][gc,start    ] GC(1) Pause Final Update Refs
[2026-04-03T01:55:33.691+0600][1.184s][info][gc,task     ] GC(1) Using 5 of 6 workers for final reference update
[2026-04-03T01:55:33.691+0600][1.184s][info][gc          ] GC(1) Pause Final Update Refs 0.138ms
[2026-04-03T01:55:33.691+0600][1.184s][info][gc,start    ] GC(1) Concurrent cleanup
[2026-04-03T01:55:33.691+0600][1.184s][info][gc          ] GC(1) Concurrent cleanup 94M->8M(249M) 0.331ms
[2026-04-03T01:55:33.691+0600][1.184s][info][gc,ergo     ] Free: 466M, Max: 256K regular, 344M humongous, Frag: 27% external, 0% internal; Reserve: 25600K, Max: 256K
[2026-04-03T01:55:33.691+0600][1.184s][info][gc,stats    ] 
[2026-04-03T01:55:33.691+0600][1.184s][info][gc,stats    ] All times are wall-clock times, except per-root-class counters, that are sum over
[2026-04-03T01:55:33.691+0600][1.184s][info][gc,stats    ] all workers. Dividing the <total> over the root stage time estimates parallelism.
[2026-04-03T01:55:33.691+0600][1.184s][info][gc,stats    ] 
[2026-04-03T01:55:33.691+0600][1.184s][info][gc,stats    ] Concurrent Reset                   1641 us
[2026-04-03T01:55:33.691+0600][1.184s][info][gc,stats    ] Pause Init Mark (G)                 338 us
[2026-04-03T01:55:33.691+0600][1.184s][info][gc,stats    ] Pause Init Mark (N)                  73 us
[2026-04-03T01:55:33.691+0600][1.184s][info][gc,stats    ]   Update Region States                9 us
[2026-04-03T01:55:33.691+0600][1.184s][info][gc,stats    ] Concurrent Mark Roots               518 us, parallelism: 1.02x
[2026-04-03T01:55:33.691+0600][1.184s][info][gc,stats    ]   CMR: <total>                      529 us
[2026-04-03T01:55:33.691+0600][1.184s][info][gc,stats    ]   CMR: Thread Roots                 352 us, workers (us): 291,  60,   0, ---, ---, ---, 
[2026-04-03T01:55:33.691+0600][1.184s][info][gc,stats    ]   CMR: VM Strong Roots               69 us, workers (us):  34,  34,   1, ---, ---, ---, 
[2026-04-03T01:55:33.691+0600][1.184s][info][gc,stats    ]   CMR: CLDG Roots                   108 us, workers (us): ---, ---, 108, ---, ---, ---, 
[2026-04-03T01:55:33.691+0600][1.184s][info][gc,stats    ] Concurrent Marking                 3571 us
[2026-04-03T01:55:33.691+0600][1.184s][info][gc,stats    ] Pause Final Mark (G)                600 us
[2026-04-03T01:55:33.691+0600][1.184s][info][gc,stats    ] Pause Final Mark (N)                453 us
[2026-04-03T01:55:33.691+0600][1.184s][info][gc,stats    ]   Finish Mark                       211 us
[2026-04-03T01:55:33.691+0600][1.184s][info][gc,stats    ]   Update Region States               17 us
[2026-04-03T01:55:33.691+0600][1.184s][info][gc,stats    ]   Choose Collection Set             143 us
[2026-04-03T01:55:33.691+0600][1.184s][info][gc,stats    ]   Rebuild Free Set                   16 us
[2026-04-03T01:55:33.691+0600][1.184s][info][gc,stats    ] Concurrent Thread Roots             246 us, parallelism: 0.77x
[2026-04-03T01:55:33.691+0600][1.184s][info][gc,stats    ]   CTR: <total>                      189 us
[2026-04-03T01:55:33.691+0600][1.184s][info][gc,stats    ]   CTR: Thread Roots                 189 us, workers (us): 116,  67,   6, ---, ---, ---, 
[2026-04-03T01:55:33.691+0600][1.184s][info][gc,stats    ] Concurrent Weak References          221 us, parallelism: 0.41x
[2026-04-03T01:55:33.691+0600][1.184s][info][gc,stats    ]   CWRF: <total>                      90 us
[2026-04-03T01:55:33.691+0600][1.184s][info][gc,stats    ]   CWRF: Weak References              90 us, workers (us):  90,   1,   0, ---, ---, ---, 
[2026-04-03T01:55:33.691+0600][1.184s][info][gc,stats    ] Concurrent Weak Roots               815 us
[2026-04-03T01:55:33.691+0600][1.184s][info][gc,stats    ]   Roots                             585 us, parallelism: 2.17x
[2026-04-03T01:55:33.691+0600][1.184s][info][gc,stats    ]     CWR: <total>                   1270 us
[2026-04-03T01:55:33.691+0600][1.184s][info][gc,stats    ]     CWR: Code Cache Roots           561 us, workers (us): 245, 196, 119, ---, ---, ---, 
[2026-04-03T01:55:33.691+0600][1.184s][info][gc,stats    ]     CWR: VM Weak Roots              705 us, workers (us): 250, 246, 209, ---, ---, ---, 
[2026-04-03T01:55:33.691+0600][1.184s][info][gc,stats    ]     CWR: CLDG Roots                   4 us, workers (us): ---, ---,   4, ---, ---, ---, 
[2026-04-03T01:55:33.691+0600][1.184s][info][gc,stats    ]   Rendezvous                        169 us
[2026-04-03T01:55:33.691+0600][1.184s][info][gc,stats    ] Concurrent Cleanup                  130 us
[2026-04-03T01:55:33.691+0600][1.184s][info][gc,stats    ] Concurrent Class Unloading         1222 us
[2026-04-03T01:55:33.691+0600][1.184s][info][gc,stats    ]   Unlink Stale                      987 us
[2026-04-03T01:55:33.691+0600][1.184s][info][gc,stats    ]     System Dictionary                 7 us
[2026-04-03T01:55:33.691+0600][1.184s][info][gc,stats    ]     Weak Class Links                  0 us
[2026-04-03T01:55:33.691+0600][1.184s][info][gc,stats    ]     Code Roots                      977 us
[2026-04-03T01:55:33.691+0600][1.184s][info][gc,stats    ]   Rendezvous                         94 us
[2026-04-03T01:55:33.691+0600][1.184s][info][gc,stats    ]   Purge Unlinked                     81 us
[2026-04-03T01:55:33.691+0600][1.184s][info][gc,stats    ]     Code Roots                       75 us
[2026-04-03T01:55:33.691+0600][1.184s][info][gc,stats    ]     CLDG                              5 us
[2026-04-03T01:55:33.691+0600][1.184s][info][gc,stats    ]     Exception Caches                  0 us
[2026-04-03T01:55:33.691+0600][1.184s][info][gc,stats    ] Concurrent Strong Roots             451 us, parallelism: 0.62x
[2026-04-03T01:55:33.691+0600][1.184s][info][gc,stats    ]   CSR: <total>                      277 us
[2026-04-03T01:55:33.691+0600][1.184s][info][gc,stats    ]   CSR: VM Strong Roots                9 us, workers (us):   8,   1,   0, ---, ---, ---, 
[2026-04-03T01:55:33.691+0600][1.184s][info][gc,stats    ]   CSR: CLDG Roots                   269 us, workers (us): 269, ---, ---, ---, ---, ---, 
[2026-04-03T01:55:33.691+0600][1.184s][info][gc,stats    ] Concurrent Evacuation              1991 us
[2026-04-03T01:55:33.691+0600][1.184s][info][gc,stats    ] Pause Init Update Refs (G)          195 us
[2026-04-03T01:55:33.691+0600][1.185s][info][gc,stats    ] Pause Init Update Refs (N)           55 us
[2026-04-03T01:55:33.692+0600][1.185s][info][gc,stats    ]   Manage GCLABs                       4 us
[2026-04-03T01:55:33.692+0600][1.185s][info][gc,stats    ] Concurrent Update Refs             2576 us
[2026-04-03T01:55:33.692+0600][1.185s][info][gc,stats    ] Concurrent Update Thread Roots      535 us
[2026-04-03T01:55:33.692+0600][1.185s][info][gc,stats    ] Pause Final Update Refs (G)         414 us
[2026-04-03T01:55:33.692+0600][1.185s][info][gc,stats    ] Pause Final Update Refs (N)         152 us
[2026-04-03T01:55:33.692+0600][1.185s][info][gc,stats    ]   Update Region States               31 us
[2026-04-03T01:55:33.692+0600][1.185s][info][gc,stats    ]   Trash Collection Set               27 us
[2026-04-03T01:55:33.692+0600][1.185s][info][gc,stats    ]   Rebuild Free Set                   18 us
[2026-04-03T01:55:33.692+0600][1.185s][info][gc,stats    ] Concurrent Cleanup                  346 us
[2026-04-03T01:55:33.692+0600][1.185s][info][gc,stats    ] 
[2026-04-03T01:55:33.692+0600][1.185s][info][gc,stats    ] Allocation pacing accrued:
[2026-04-03T01:55:33.692+0600][1.185s][info][gc,stats    ]       0 of   384 ms (  0.0%): <total>
[2026-04-03T01:55:33.692+0600][1.185s][info][gc,stats    ]       0 of   384 ms (  0.0%): <average total>
[2026-04-03T01:55:33.692+0600][1.185s][info][gc,stats    ] 
[2026-04-03T01:55:33.692+0600][1.185s][info][gc,metaspace] Metaspace: 10903K(11136K)->11074K(11328K) NonClass: 9465K(9600K)->9582K(9728K) Class: 1437K(1536K)->1491K(1600K)
[2026-04-03T01:55:33.692+0600][1.185s][info][gc,ergo     ] Pacer for Idle. Initial: 10240K, Alloc Tax Rate: 1.0x
[2026-04-03T01:55:36.556+0600][4.049s][info][gc          ] Trigger: Metadata GC Threshold
[2026-04-03T01:55:36.556+0600][4.049s][info][gc,ergo     ] Free: 351M, Max: 256K regular, 344M humongous, Frag: 2% external, 0% internal; Reserve: 25600K, Max: 256K
[2026-04-03T01:55:36.556+0600][4.049s][info][gc,start    ] GC(2) Concurrent reset
[2026-04-03T01:55:36.556+0600][4.049s][info][gc,task     ] GC(2) Using 3 of 6 workers for concurrent reset
[2026-04-03T01:55:36.556+0600][4.049s][info][gc,ergo     ] GC(2) Pacer for Reset. Non-Taxable: 500M
[2026-04-03T01:55:36.557+0600][4.050s][info][gc          ] GC(2) Concurrent reset 0.873ms
[2026-04-03T01:55:36.558+0600][4.051s][info][gc,start    ] GC(2) Pause Init Mark (unload classes)
[2026-04-03T01:55:36.558+0600][4.051s][info][gc,task     ] GC(2) Using 5 of 6 workers for init marking
[2026-04-03T01:55:36.558+0600][4.051s][info][gc,ergo     ] GC(2) Pacer for Mark. Expected Live: 3512K, Free: 351M, Non-Taxable: 35952K, Alloc Tax Rate: 0.0x
[2026-04-03T01:55:36.558+0600][4.051s][info][gc          ] GC(2) Pause Init Mark (unload classes) 0.124ms
[2026-04-03T01:55:36.558+0600][4.051s][info][gc,start    ] GC(2) Concurrent marking roots
[2026-04-03T01:55:36.558+0600][4.051s][info][gc,task     ] GC(2) Using 3 of 6 workers for concurrent marking roots
[2026-04-03T01:55:36.560+0600][4.053s][info][gc          ] GC(2) Concurrent marking roots 2.556ms
[2026-04-03T01:55:36.560+0600][4.053s][info][gc,start    ] GC(2) Concurrent marking (unload classes)
[2026-04-03T01:55:36.560+0600][4.053s][info][gc,task     ] GC(2) Using 3 of 6 workers for concurrent marking
[2026-04-03T01:55:36.566+0600][4.059s][info][gc          ] GC(2) Concurrent marking (unload classes) 5.650ms
[2026-04-03T01:55:36.566+0600][4.059s][info][gc,start    ] GC(2) Pause Final Mark (unload classes)
[2026-04-03T01:55:36.566+0600][4.059s][info][gc,task     ] GC(2) Using 5 of 6 workers for final marking
[2026-04-03T01:55:36.567+0600][4.060s][info][gc,ergo     ] GC(2) Adaptive CSet Selection. Target Free: 72533K, Actual Free: 398M, Max CSet: 21333K, Min Garbage: 0B
[2026-04-03T01:55:36.567+0600][4.060s][info][gc,ergo     ] GC(2) Collectable Garbage: 103M (99%), Immediate: 23451K (22%), CSet: 82021K (77%)
[2026-04-03T01:55:36.567+0600][4.060s][info][gc,ergo     ] GC(2) Pacer for Evacuation. Used CSet: 89618K, Free: 373M, Non-Taxable: 38272K, Alloc Tax Rate: 1.1x
[2026-04-03T01:55:36.567+0600][4.060s][info][gc          ] GC(2) Pause Final Mark (unload classes) 0.630ms
[2026-04-03T01:55:36.567+0600][4.060s][info][gc,start    ] GC(2) Concurrent thread roots
[2026-04-03T01:55:36.567+0600][4.060s][info][gc,task     ] GC(2) Using 3 of 6 workers for Concurrent thread roots
[2026-04-03T01:55:36.568+0600][4.061s][info][gc          ] GC(2) Concurrent thread roots 0.783ms
[2026-04-03T01:55:36.568+0600][4.061s][info][gc,start    ] GC(2) Concurrent weak references
[2026-04-03T01:55:36.568+0600][4.061s][info][gc,task     ] GC(2) Using 3 of 6 workers for concurrent weak references
[2026-04-03T01:55:36.568+0600][4.061s][info][gc,ref      ] GC(2) Encountered references: Soft: 3546, Weak: 1254, Final: 0, Phantom: 563
[2026-04-03T01:55:36.568+0600][4.061s][info][gc,ref      ] GC(2) Discovered  references: Soft: 0, Weak: 881, Final: 0, Phantom: 561
[2026-04-03T01:55:36.568+0600][4.061s][info][gc,ref      ] GC(2) Enqueued    references: Soft: 0, Weak: 232, Final: 0, Phantom: 0
[2026-04-03T01:55:36.568+0600][4.061s][info][gc          ] GC(2) Concurrent weak references 0.516ms
[2026-04-03T01:55:36.568+0600][4.061s][info][gc,start    ] GC(2) Concurrent weak roots
[2026-04-03T01:55:36.568+0600][4.061s][info][gc,task     ] GC(2) Using 3 of 6 workers for concurrent weak root
[2026-04-03T01:55:36.569+0600][4.062s][info][gc          ] GC(2) Concurrent weak roots 1.066ms
[2026-04-03T01:55:36.570+0600][4.063s][info][gc,start    ] GC(2) Concurrent cleanup
[2026-04-03T01:55:36.570+0600][4.063s][info][gc          ] GC(2) Concurrent cleanup 122M->100M(249M) 0.356ms
[2026-04-03T01:55:36.570+0600][4.063s][info][gc,ergo     ] GC(2) Free: 373M, Max: 256K regular, 344M humongous, Frag: 8% external, 0% internal; Reserve: 24576K, Max: 256K
[2026-04-03T01:55:36.570+0600][4.063s][info][gc,start    ] GC(2) Concurrent class unloading
[2026-04-03T01:55:36.570+0600][4.063s][info][gc,task     ] GC(2) Using 3 of 6 workers for concurrent class unloading
[2026-04-03T01:55:36.572+0600][4.065s][info][gc          ] GC(2) Concurrent class unloading 2.477ms
[2026-04-03T01:55:36.572+0600][4.065s][info][gc,start    ] GC(2) Concurrent strong roots
[2026-04-03T01:55:36.572+0600][4.065s][info][gc,task     ] GC(2) Using 3 of 6 workers for concurrent strong root
[2026-04-03T01:55:36.573+0600][4.066s][info][gc          ] GC(2) Concurrent strong roots 0.843ms
[2026-04-03T01:55:36.573+0600][4.066s][info][gc,start    ] GC(2) Concurrent evacuation
[2026-04-03T01:55:36.573+0600][4.066s][info][gc,task     ] GC(2) Using 3 of 6 workers for concurrent evacuation
[2026-04-03T01:55:36.579+0600][4.072s][info][gc          ] GC(2) Concurrent evacuation 5.630ms
[2026-04-03T01:55:36.579+0600][4.072s][info][gc,start    ] GC(2) Pause Init Update Refs
[2026-04-03T01:55:36.579+0600][4.072s][info][gc,ergo     ] GC(2) Pacer for Update Refs. Used: 108M, Free: 373M, Non-Taxable: 38248K, Alloc Tax Rate: 1.1x
[2026-04-03T01:55:36.579+0600][4.072s][info][gc          ] GC(2) Pause Init Update Refs 0.072ms
[2026-04-03T01:55:36.579+0600][4.072s][info][gc,start    ] GC(2) Concurrent update references
[2026-04-03T01:55:36.579+0600][4.072s][info][gc,task     ] GC(2) Using 3 of 6 workers for concurrent reference update
[2026-04-03T01:55:36.583+0600][4.076s][info][gc          ] GC(2) Concurrent update references 4.244ms
[2026-04-03T01:55:36.584+0600][4.077s][info][gc,start    ] GC(2) Concurrent update thread roots
[2026-04-03T01:55:36.584+0600][4.077s][info][gc          ] GC(2) Concurrent update thread roots 0.445ms
[2026-04-03T01:55:36.584+0600][4.077s][info][gc,start    ] GC(2) Pause Final Update Refs
[2026-04-03T01:55:36.584+0600][4.077s][info][gc,task     ] GC(2) Using 6 of 6 workers for final reference update
[2026-04-03T01:55:36.585+0600][4.078s][info][gc          ] GC(2) Pause Final Update Refs 0.405ms
[2026-04-03T01:55:36.585+0600][4.078s][info][gc,start    ] GC(2) Concurrent cleanup
[2026-04-03T01:55:36.585+0600][4.078s][info][gc          ] GC(2) Concurrent cleanup 108M->21M(257M) 0.393ms
[2026-04-03T01:55:36.585+0600][4.078s][info][gc,ergo     ] Free: 452M, Max: 256K regular, 344M humongous, Frag: 24% external, 0% internal; Reserve: 25600K, Max: 256K
[2026-04-03T01:55:36.585+0600][4.078s][info][gc,stats    ] 
[2026-04-03T01:55:36.585+0600][4.078s][info][gc,stats    ] All times are wall-clock times, except per-root-class counters, that are sum over
[2026-04-03T01:55:36.585+0600][4.078s][info][gc,stats    ] all workers. Dividing the <total> over the root stage time estimates parallelism.
[2026-04-03T01:55:36.585+0600][4.078s][info][gc,stats    ] 
[2026-04-03T01:55:36.585+0600][4.078s][info][gc,stats    ] Concurrent Reset                    899 us
[2026-04-03T01:55:36.585+0600][4.078s][info][gc,stats    ] Pause Init Mark (G)                 531 us
[2026-04-03T01:55:36.585+0600][4.078s][info][gc,stats    ] Pause Init Mark (N)                 134 us
[2026-04-03T01:55:36.585+0600][4.078s][info][gc,stats    ]   Update Region States               23 us
[2026-04-03T01:55:36.585+0600][4.078s][info][gc,stats    ] Concurrent Mark Roots              2604 us, parallelism: 1.00x
[2026-04-03T01:55:36.585+0600][4.078s][info][gc,stats    ]   CMR: <total>                     2616 us
[2026-04-03T01:55:36.585+0600][4.078s][info][gc,stats    ]   CMR: Thread Roots                2407 us, workers (us):   0,  66, 2340, ---, ---, ---, 
[2026-04-03T01:55:36.585+0600][4.078s][info][gc,stats    ]   CMR: VM Strong Roots               60 us, workers (us):  31,  29,   1, ---, ---, ---, 
[2026-04-03T01:55:36.585+0600][4.078s][info][gc,stats    ]   CMR: CLDG Roots                   150 us, workers (us): 150, ---, ---, ---, ---, ---, 
[2026-04-03T01:55:36.585+0600][4.078s][info][gc,stats    ] Concurrent Marking                 5728 us
[2026-04-03T01:55:36.585+0600][4.078s][info][gc,stats    ] Pause Final Mark (G)                909 us
[2026-04-03T01:55:36.585+0600][4.078s][info][gc,stats    ] Pause Final Mark (N)                670 us
[2026-04-03T01:55:36.585+0600][4.078s][info][gc,stats    ]   Finish Mark                       217 us
[2026-04-03T01:55:36.585+0600][4.078s][info][gc,stats    ]   Update Region States               33 us
[2026-04-03T01:55:36.585+0600][4.078s][info][gc,stats    ]   Choose Collection Set             226 us
[2026-04-03T01:55:36.585+0600][4.078s][info][gc,stats    ]   Rebuild Free Set                   33 us
[2026-04-03T01:55:36.585+0600][4.078s][info][gc,stats    ] Concurrent Thread Roots             830 us, parallelism: 0.75x
[2026-04-03T01:55:36.585+0600][4.078s][info][gc,stats    ]   CTR: <total>                      624 us
[2026-04-03T01:55:36.585+0600][4.078s][info][gc,stats    ]   CTR: Thread Roots                 624 us, workers (us): 560,  64,   0, ---, ---, ---, 
[2026-04-03T01:55:36.585+0600][4.078s][info][gc,stats    ] Concurrent Weak References          527 us, parallelism: 0.83x
[2026-04-03T01:55:36.585+0600][4.078s][info][gc,stats    ]   CWRF: <total>                     436 us
[2026-04-03T01:55:36.585+0600][4.078s][info][gc,stats    ]   CWRF: Weak References             436 us, workers (us): 244, 185,   7, ---, ---, ---, 
[2026-04-03T01:55:36.585+0600][4.078s][info][gc,stats    ] Concurrent Weak Roots              1114 us
[2026-04-03T01:55:36.585+0600][4.078s][info][gc,stats    ]   Roots                             876 us, parallelism: 2.29x
[2026-04-03T01:55:36.585+0600][4.078s][info][gc,stats    ]     CWR: <total>                   2001 us
[2026-04-03T01:55:36.585+0600][4.078s][info][gc,stats    ]     CWR: Code Cache Roots           860 us, workers (us): 250, 278, 331, ---, ---, ---, 
[2026-04-03T01:55:36.585+0600][4.078s][info][gc,stats    ]     CWR: VM Weak Roots             1127 us, workers (us): 377, 385, 365, ---, ---, ---, 
[2026-04-03T01:55:36.585+0600][4.078s][info][gc,stats    ]     CWR: CLDG Roots                  14 us, workers (us):  14, ---, ---, ---, ---, ---, 
[2026-04-03T01:55:36.585+0600][4.078s][info][gc,stats    ]   Rendezvous                        168 us
[2026-04-03T01:55:36.585+0600][4.078s][info][gc,stats    ] Concurrent Cleanup                  372 us
[2026-04-03T01:55:36.585+0600][4.078s][info][gc,stats    ] Concurrent Class Unloading         2552 us
[2026-04-03T01:55:36.585+0600][4.078s][info][gc,stats    ]   Unlink Stale                     1678 us
[2026-04-03T01:55:36.585+0600][4.078s][info][gc,stats    ]     System Dictionary                16 us
[2026-04-03T01:55:36.585+0600][4.078s][info][gc,stats    ]     Weak Class Links                  0 us
[2026-04-03T01:55:36.585+0600][4.078s][info][gc,stats    ]     Code Roots                     1658 us
[2026-04-03T01:55:36.585+0600][4.078s][info][gc,stats    ]   Rendezvous                        324 us
[2026-04-03T01:55:36.585+0600][4.078s][info][gc,stats    ]   Purge Unlinked                    456 us
[2026-04-03T01:55:36.585+0600][4.078s][info][gc,stats    ]     Code Roots                      438 us
[2026-04-03T01:55:36.585+0600][4.078s][info][gc,stats    ]     CLDG                             17 us
[2026-04-03T01:55:36.585+0600][4.078s][info][gc,stats    ]     Exception Caches                  0 us
[2026-04-03T01:55:36.585+0600][4.078s][info][gc,stats    ] Concurrent Strong Roots             895 us, parallelism: 0.77x
[2026-04-03T01:55:36.585+0600][4.078s][info][gc,stats    ]   CSR: <total>                      693 us
[2026-04-03T01:55:36.585+0600][4.078s][info][gc,stats    ]   CSR: VM Strong Roots               16 us, workers (us):  14,   1,   1, ---, ---, ---, 
[2026-04-03T01:55:36.585+0600][4.078s][info][gc,stats    ]   CSR: CLDG Roots                   677 us, workers (us): 677, ---, ---, ---, ---, ---, 
[2026-04-03T01:55:36.585+0600][4.078s][info][gc,stats    ] Concurrent Evacuation              5704 us
[2026-04-03T01:55:36.585+0600][4.078s][info][gc,stats    ] Pause Init Update Refs (G)          145 us
[2026-04-03T01:55:36.585+0600][4.078s][info][gc,stats    ] Pause Init Update Refs (N)           83 us
[2026-04-03T01:55:36.585+0600][4.078s][info][gc,stats    ]   Manage GCLABs                       8 us
[2026-04-03T01:55:36.585+0600][4.078s][info][gc,stats    ] Concurrent Update Refs             4315 us
[2026-04-03T01:55:36.585+0600][4.078s][info][gc,stats    ] Concurrent Update Thread Roots      483 us
[2026-04-03T01:55:36.585+0600][4.078s][info][gc,stats    ] Pause Final Update Refs (G)         558 us
[2026-04-03T01:55:36.585+0600][4.078s][info][gc,stats    ] Pause Final Update Refs (N)         422 us
[2026-04-03T01:55:36.585+0600][4.078s][info][gc,stats    ]   Update Region States               29 us
[2026-04-03T01:55:36.585+0600][4.078s][info][gc,stats    ]   Trash Collection Set               11 us
[2026-04-03T01:55:36.585+0600][4.078s][info][gc,stats    ]   Rebuild Free Set                   23 us
[2026-04-03T01:55:36.585+0600][4.078s][info][gc,stats    ] Concurrent Cleanup                  409 us
[2026-04-03T01:55:36.585+0600][4.078s][info][gc,stats    ] 
[2026-04-03T01:55:36.585+0600][4.078s][info][gc,stats    ] Allocation pacing accrued:
[2026-04-03T01:55:36.585+0600][4.078s][info][gc,stats    ]       0 of  2894 ms (  0.0%): <total>
[2026-04-03T01:55:36.585+0600][4.078s][info][gc,stats    ]       0 of  2894 ms (  0.0%): <average total>
[2026-04-03T01:55:36.585+0600][4.078s][info][gc,stats    ] 
[2026-04-03T01:55:36.586+0600][4.079s][info][gc,metaspace] Metaspace: 21233K(21568K)->21314K(21696K) NonClass: 18544K(18752K)->18613K(18816K) Class: 2688K(2816K)->2701K(2880K)
[2026-04-03T01:55:36.586+0600][4.079s][info][gc,ergo     ] Pacer for Idle. Initial: 10240K, Alloc Tax Rate: 1.0x
[2026-04-03T01:55:39.260+0600][6.753s][info][gc          ] Trigger: Learning 4 of 5. Free (349M) is below initial threshold (350M)
[2026-04-03T01:55:39.260+0600][6.753s][info][gc,ergo     ] Free: 349M, Max: 256K regular, 344M humongous, Frag: 2% external, 0% internal; Reserve: 25600K, Max: 256K
[2026-04-03T01:55:39.260+0600][6.753s][info][gc,start    ] GC(3) Concurrent reset
[2026-04-03T01:55:39.260+0600][6.753s][info][gc,task     ] GC(3) Using 3 of 6 workers for concurrent reset
[2026-04-03T01:55:39.260+0600][6.753s][info][gc,ergo     ] GC(3) Pacer for Reset. Non-Taxable: 500M
[2026-04-03T01:55:39.261+0600][6.754s][info][gc          ] GC(3) Concurrent reset 0.568ms
[2026-04-03T01:55:39.261+0600][6.754s][info][gc,start    ] GC(3) Pause Init Mark (unload classes)
[2026-04-03T01:55:39.261+0600][6.754s][info][gc,task     ] GC(3) Using 6 of 6 workers for init marking
[2026-04-03T01:55:39.261+0600][6.754s][info][gc,ergo     ] GC(3) Pacer for Mark. Expected Live: 8481K, Free: 349M, Non-Taxable: 35837K, Alloc Tax Rate: 0.0x
[2026-04-03T01:55:39.261+0600][6.754s][info][gc          ] GC(3) Pause Init Mark (unload classes) 0.105ms
[2026-04-03T01:55:39.261+0600][6.754s][info][gc,start    ] GC(3) Concurrent marking roots
[2026-04-03T01:55:39.261+0600][6.754s][info][gc,task     ] GC(3) Using 3 of 6 workers for concurrent marking roots
[2026-04-03T01:55:39.262+0600][6.755s][info][gc          ] GC(3) Concurrent marking roots 1.246ms
[2026-04-03T01:55:39.262+0600][6.755s][info][gc,start    ] GC(3) Concurrent marking (unload classes)
[2026-04-03T01:55:39.262+0600][6.755s][info][gc,task     ] GC(3) Using 3 of 6 workers for concurrent marking
[2026-04-03T01:55:39.269+0600][6.762s][info][gc          ] GC(3) Concurrent marking (unload classes) 6.834ms
[2026-04-03T01:55:39.269+0600][6.762s][info][gc,start    ] GC(3) Pause Final Mark (unload classes)
[2026-04-03T01:55:39.269+0600][6.762s][info][gc,task     ] GC(3) Using 6 of 6 workers for final marking
[2026-04-03T01:55:39.270+0600][6.763s][info][gc,ergo     ] GC(3) Adaptive CSet Selection. Target Free: 72533K, Actual Free: 402M, Max CSet: 21333K, Min Garbage: 0B
[2026-04-03T01:55:39.270+0600][6.763s][info][gc,ergo     ] GC(3) Collectable Garbage: 102185K (98%), Immediate: 29099K (28%), CSet: 73086K (70%)
[2026-04-03T01:55:39.270+0600][6.763s][info][gc,ergo     ] GC(3) Pacer for Evacuation. Used CSet: 77045K, Free: 380M, Non-Taxable: 38928K, Alloc Tax Rate: 1.1x
[2026-04-03T01:55:39.270+0600][6.763s][info][gc          ] GC(3) Pause Final Mark (unload classes) 0.457ms
[2026-04-03T01:55:39.270+0600][6.763s][info][gc,start    ] GC(3) Concurrent thread roots
[2026-04-03T01:55:39.270+0600][6.763s][info][gc,task     ] GC(3) Using 3 of 6 workers for Concurrent thread roots
[2026-04-03T01:55:39.270+0600][6.763s][info][gc          ] GC(3) Concurrent thread roots 0.309ms
[2026-04-03T01:55:39.270+0600][6.763s][info][gc,start    ] GC(3) Concurrent weak references
[2026-04-03T01:55:39.270+0600][6.763s][info][gc,task     ] GC(3) Using 3 of 6 workers for concurrent weak references
[2026-04-03T01:55:39.271+0600][6.764s][info][gc,ref      ] GC(3) Encountered references: Soft: 3812, Weak: 2341, Final: 0, Phantom: 568
[2026-04-03T01:55:39.271+0600][6.764s][info][gc,ref      ] GC(3) Discovered  references: Soft: 0, Weak: 1577, Final: 0, Phantom: 565
[2026-04-03T01:55:39.271+0600][6.764s][info][gc,ref      ] GC(3) Enqueued    references: Soft: 0, Weak: 410, Final: 0, Phantom: 1
[2026-04-03T01:55:39.271+0600][6.764s][info][gc          ] GC(3) Concurrent weak references 0.407ms
[2026-04-03T01:55:39.271+0600][6.764s][info][gc,start    ] GC(3) Concurrent weak roots
[2026-04-03T01:55:39.271+0600][6.764s][info][gc,task     ] GC(3) Using 3 of 6 workers for concurrent weak root
[2026-04-03T01:55:39.272+0600][6.765s][info][gc          ] GC(3) Concurrent weak roots 0.909ms
[2026-04-03T01:55:39.272+0600][6.765s][info][gc,start    ] GC(3) Concurrent cleanup
[2026-04-03T01:55:39.272+0600][6.765s][info][gc          ] GC(3) Concurrent cleanup 122M->94M(257M) 0.133ms
[2026-04-03T01:55:39.272+0600][6.765s][info][gc,ergo     ] GC(3) Free: 379M, Max: 256K regular, 344M humongous, Frag: 10% external, 0% internal; Reserve: 24832K, Max: 256K
[2026-04-03T01:55:39.272+0600][6.765s][info][gc,start    ] GC(3) Concurrent class unloading
[2026-04-03T01:55:39.272+0600][6.765s][info][gc,task     ] GC(3) Using 3 of 6 workers for concurrent class unloading
[2026-04-03T01:55:39.275+0600][6.768s][info][gc          ] GC(3) Concurrent class unloading 3.406ms
[2026-04-03T01:55:39.275+0600][6.768s][info][gc,start    ] GC(3) Concurrent strong roots
[2026-04-03T01:55:39.275+0600][6.768s][info][gc,task     ] GC(3) Using 3 of 6 workers for concurrent strong root
[2026-04-03T01:55:39.276+0600][6.769s][info][gc          ] GC(3) Concurrent strong roots 0.775ms
[2026-04-03T01:55:39.276+0600][6.769s][info][gc,start    ] GC(3) Concurrent evacuation
[2026-04-03T01:55:39.276+0600][6.769s][info][gc,task     ] GC(3) Using 3 of 6 workers for concurrent evacuation
[2026-04-03T01:55:39.280+0600][6.773s][info][gc          ] GC(3) Concurrent evacuation 3.388ms
[2026-04-03T01:55:39.280+0600][6.773s][info][gc,start    ] GC(3) Pause Init Update Refs
[2026-04-03T01:55:39.280+0600][6.773s][info][gc,ergo     ] GC(3) Pacer for Update Refs. Used: 101170K, Free: 379M, Non-Taxable: 38881K, Alloc Tax Rate: 1.1x
[2026-04-03T01:55:39.280+0600][6.773s][info][gc          ] GC(3) Pause Init Update Refs 0.062ms
[2026-04-03T01:55:39.280+0600][6.773s][info][gc,start    ] GC(3) Concurrent update references
[2026-04-03T01:55:39.280+0600][6.773s][info][gc,task     ] GC(3) Using 3 of 6 workers for concurrent reference update
[2026-04-03T01:55:39.285+0600][6.778s][info][gc          ] GC(3) Concurrent update references 4.772ms
[2026-04-03T01:55:39.285+0600][6.778s][info][gc,start    ] GC(3) Concurrent update thread roots
[2026-04-03T01:55:39.286+0600][6.779s][info][gc          ] GC(3) Concurrent update thread roots 0.975ms
[2026-04-03T01:55:39.286+0600][6.779s][info][gc,start    ] GC(3) Pause Final Update Refs
[2026-04-03T01:55:39.286+0600][6.779s][info][gc,task     ] GC(3) Using 6 of 6 workers for final reference update
[2026-04-03T01:55:39.286+0600][6.779s][info][gc          ] GC(3) Pause Final Update Refs 0.125ms
[2026-04-03T01:55:39.286+0600][6.779s][info][gc,start    ] GC(3) Concurrent cleanup
[2026-04-03T01:55:39.286+0600][6.779s][info][gc          ] GC(3) Concurrent cleanup 99M->24M(261M) 0.204ms
[2026-04-03T01:55:39.286+0600][6.779s][info][gc,ergo     ] Free: 449M, Max: 256K regular, 346M humongous, Frag: 23% external, 0% internal; Reserve: 25600K, Max: 256K
[2026-04-03T01:55:39.286+0600][6.779s][info][gc,stats    ] 
[2026-04-03T01:55:39.286+0600][6.779s][info][gc,stats    ] All times are wall-clock times, except per-root-class counters, that are sum over
[2026-04-03T01:55:39.286+0600][6.779s][info][gc,stats    ] all workers. Dividing the <total> over the root stage time estimates parallelism.
[2026-04-03T01:55:39.286+0600][6.779s][info][gc,stats    ] 
[2026-04-03T01:55:39.286+0600][6.780s][info][gc,stats    ] Concurrent Reset                    605 us
[2026-04-03T01:55:39.287+0600][6.780s][info][gc,stats    ] Pause Init Mark (G)                 376 us
[2026-04-03T01:55:39.287+0600][6.780s][info][gc,stats    ] Pause Init Mark (N)                 114 us
[2026-04-03T01:55:39.287+0600][6.780s][info][gc,stats    ]   Update Region States               11 us
[2026-04-03T01:55:39.287+0600][6.780s][info][gc,stats    ] Concurrent Mark Roots              1276 us, parallelism: 1.19x
[2026-04-03T01:55:39.287+0600][6.780s][info][gc,stats    ]   CMR: <total>                     1512 us
[2026-04-03T01:55:39.287+0600][6.780s][info][gc,stats    ]   CMR: Thread Roots                1285 us, workers (us): 1017,   3, 265, ---, ---, ---, 
[2026-04-03T01:55:39.287+0600][6.780s][info][gc,stats    ]   CMR: VM Strong Roots               49 us, workers (us):  43,   5,   1, ---, ---, ---, 
[2026-04-03T01:55:39.287+0600][6.780s][info][gc,stats    ]   CMR: CLDG Roots                   178 us, workers (us): ---, 178, ---, ---, ---, ---, 
[2026-04-03T01:55:39.287+0600][6.780s][info][gc,stats    ] Concurrent Marking                 6893 us
[2026-04-03T01:55:39.287+0600][6.780s][info][gc,stats    ] Pause Final Mark (G)                784 us
[2026-04-03T01:55:39.287+0600][6.780s][info][gc,stats    ] Pause Final Mark (N)                467 us
[2026-04-03T01:55:39.287+0600][6.780s][info][gc,stats    ]   Finish Mark                       181 us
[2026-04-03T01:55:39.287+0600][6.780s][info][gc,stats    ]   Update Region States               32 us
[2026-04-03T01:55:39.287+0600][6.780s][info][gc,stats    ]   Choose Collection Set             156 us
[2026-04-03T01:55:39.287+0600][6.780s][info][gc,stats    ]   Rebuild Free Set                   18 us
[2026-04-03T01:55:39.287+0600][6.780s][info][gc,stats    ] Concurrent Thread Roots             340 us, parallelism: 0.71x
[2026-04-03T01:55:39.287+0600][6.780s][info][gc,stats    ]   CTR: <total>                      241 us
[2026-04-03T01:55:39.287+0600][6.780s][info][gc,stats    ]   CTR: Thread Roots                 241 us, workers (us): 171,  64,   6, ---, ---, ---, 
[2026-04-03T01:55:39.287+0600][6.780s][info][gc,stats    ] Concurrent Weak References          416 us, parallelism: 0.84x
[2026-04-03T01:55:39.287+0600][6.780s][info][gc,stats    ]   CWRF: <total>                     348 us
[2026-04-03T01:55:39.287+0600][6.780s][info][gc,stats    ]   CWRF: Weak References             348 us, workers (us):  55, 292,   1, ---, ---, ---, 
[2026-04-03T01:55:39.287+0600][6.780s][info][gc,stats    ] Concurrent Weak Roots               970 us
[2026-04-03T01:55:39.287+0600][6.780s][info][gc,stats    ]   Roots                             793 us, parallelism: 2.51x
[2026-04-03T01:55:39.287+0600][6.780s][info][gc,stats    ]     CWR: <total>                   1987 us
[2026-04-03T01:55:39.287+0600][6.780s][info][gc,stats    ]     CWR: Code Cache Roots           806 us, workers (us): 274, 274, 259, ---, ---, ---, 
[2026-04-03T01:55:39.287+0600][6.780s][info][gc,stats    ]     CWR: VM Weak Roots             1157 us, workers (us): 413, 368, 376, ---, ---, ---, 
[2026-04-03T01:55:39.287+0600][6.780s][info][gc,stats    ]     CWR: CLDG Roots                  24 us, workers (us): ---,  24, ---, ---, ---, ---, 
[2026-04-03T01:55:39.287+0600][6.780s][info][gc,stats    ]   Rendezvous                         96 us
[2026-04-03T01:55:39.287+0600][6.780s][info][gc,stats    ] Concurrent Cleanup                  145 us
[2026-04-03T01:55:39.287+0600][6.780s][info][gc,stats    ] Concurrent Class Unloading         3459 us
[2026-04-03T01:55:39.287+0600][6.780s][info][gc,stats    ]   Unlink Stale                     2173 us
[2026-04-03T01:55:39.287+0600][6.780s][info][gc,stats    ]     System Dictionary                21 us
[2026-04-03T01:55:39.287+0600][6.780s][info][gc,stats    ]     Weak Class Links                  0 us
[2026-04-03T01:55:39.287+0600][6.780s][info][gc,stats    ]     Code Roots                     2150 us
[2026-04-03T01:55:39.287+0600][6.780s][info][gc,stats    ]   Rendezvous                        257 us
[2026-04-03T01:55:39.287+0600][6.780s][info][gc,stats    ]   Purge Unlinked                    951 us
[2026-04-03T01:55:39.287+0600][6.780s][info][gc,stats    ]     Code Roots                      940 us
[2026-04-03T01:55:39.287+0600][6.780s][info][gc,stats    ]     CLDG                             10 us
[2026-04-03T01:55:39.287+0600][6.780s][info][gc,stats    ]     Exception Caches                  0 us
[2026-04-03T01:55:39.287+0600][6.780s][info][gc,stats    ] Concurrent Strong Roots             798 us, parallelism: 0.85x
[2026-04-03T01:55:39.287+0600][6.780s][info][gc,stats    ]   CSR: <total>                      678 us
[2026-04-03T01:55:39.287+0600][6.780s][info][gc,stats    ]   CSR: VM Strong Roots               18 us, workers (us):  17,   1,   0, ---, ---, ---, 
[2026-04-03T01:55:39.287+0600][6.780s][info][gc,stats    ]   CSR: CLDG Roots                   660 us, workers (us): 660, ---, ---, ---, ---, ---, 
[2026-04-03T01:55:39.287+0600][6.780s][info][gc,stats    ] Concurrent Evacuation              3443 us
[2026-04-03T01:55:39.287+0600][6.780s][info][gc,stats    ] Pause Init Update Refs (G)          419 us
[2026-04-03T01:55:39.287+0600][6.780s][info][gc,stats    ] Pause Init Update Refs (N)           71 us
[2026-04-03T01:55:39.287+0600][6.780s][info][gc,stats    ]   Manage GCLABs                       7 us
[2026-04-03T01:55:39.287+0600][6.780s][info][gc,stats    ] Concurrent Update Refs             4842 us
[2026-04-03T01:55:39.287+0600][6.780s][info][gc,stats    ] Concurrent Update Thread Roots     1045 us
[2026-04-03T01:55:39.287+0600][6.780s][info][gc,stats    ] Pause Final Update Refs (G)         260 us
[2026-04-03T01:55:39.287+0600][6.780s][info][gc,stats    ] Pause Final Update Refs (N)         136 us
[2026-04-03T01:55:39.287+0600][6.780s][info][gc,stats    ]   Update Region States               28 us
[2026-04-03T01:55:39.287+0600][6.780s][info][gc,stats    ]   Trash Collection Set               12 us
[2026-04-03T01:55:39.287+0600][6.780s][info][gc,stats    ]   Rebuild Free Set                   23 us
[2026-04-03T01:55:39.287+0600][6.780s][info][gc,stats    ] Concurrent Cleanup                  230 us
[2026-04-03T01:55:39.287+0600][6.780s][info][gc,stats    ] 
[2026-04-03T01:55:39.287+0600][6.780s][info][gc,stats    ] Allocation pacing accrued:
[2026-04-03T01:55:39.287+0600][6.780s][info][gc,stats    ]       0 of  2702 ms (  0.0%): <total>
[2026-04-03T01:55:39.287+0600][6.780s][info][gc,stats    ]       0 of  2702 ms (  0.0%): <average total>
[2026-04-03T01:55:39.287+0600][6.780s][info][gc,stats    ] 
[2026-04-03T01:55:39.287+0600][6.780s][info][gc,metaspace] Metaspace: 33020K(33472K)->33343K(33728K) NonClass: 28882K(29120K)->29160K(29376K) Class: 4138K(4352K)->4182K(4352K)
[2026-04-03T01:55:39.287+0600][6.780s][info][gc,ergo     ] Pacer for Idle. Initial: 10240K, Alloc Tax Rate: 1.0x
[2026-04-03T01:55:41.328+0600][8.821s][info][gc          ] Trigger: Learning 5 of 5. Free (349M) is below initial threshold (350M)
[2026-04-03T01:55:41.328+0600][8.821s][info][gc,ergo     ] Free: 349M, Max: 256K regular, 346M humongous, Frag: 1% external, 0% internal; Reserve: 25600K, Max: 256K
[2026-04-03T01:55:41.328+0600][8.821s][info][gc,start    ] GC(4) Concurrent reset
[2026-04-03T01:55:41.328+0600][8.821s][info][gc,task     ] GC(4) Using 3 of 6 workers for concurrent reset
[2026-04-03T01:55:41.328+0600][8.821s][info][gc,ergo     ] GC(4) Pacer for Reset. Non-Taxable: 500M
[2026-04-03T01:55:41.328+0600][8.821s][info][gc          ] GC(4) Concurrent reset 0.517ms
[2026-04-03T01:55:41.329+0600][8.822s][info][gc,start    ] GC(4) Pause Init Mark (unload classes)
[2026-04-03T01:55:41.329+0600][8.822s][info][gc,task     ] GC(4) Using 6 of 6 workers for init marking
[2026-04-03T01:55:41.329+0600][8.822s][info][gc,ergo     ] GC(4) Pacer for Mark. Expected Live: 11587K, Free: 349M, Non-Taxable: 35758K, Alloc Tax Rate: 0.0x
[2026-04-03T01:55:41.329+0600][8.822s][info][gc          ] GC(4) Pause Init Mark (unload classes) 0.108ms
[2026-04-03T01:55:41.329+0600][8.822s][info][gc,start    ] GC(4) Concurrent marking roots
[2026-04-03T01:55:41.329+0600][8.822s][info][gc,task     ] GC(4) Using 3 of 6 workers for concurrent marking roots
[2026-04-03T01:55:41.330+0600][8.823s][info][gc          ] GC(4) Concurrent marking roots 1.594ms
[2026-04-03T01:55:41.330+0600][8.823s][info][gc,start    ] GC(4) Concurrent marking (unload classes)
[2026-04-03T01:55:41.331+0600][8.824s][info][gc,task     ] GC(4) Using 3 of 6 workers for concurrent marking
[2026-04-03T01:55:41.342+0600][8.835s][info][gc          ] GC(4) Concurrent marking (unload classes) 11.890ms
[2026-04-03T01:55:41.343+0600][8.836s][info][gc,start    ] GC(4) Pause Final Mark (unload classes)
[2026-04-03T01:55:41.343+0600][8.836s][info][gc,task     ] GC(4) Using 6 of 6 workers for final marking
[2026-04-03T01:55:41.343+0600][8.836s][info][gc,ergo     ] GC(4) Adaptive CSet Selection. Target Free: 72533K, Actual Free: 392M, Max CSet: 21333K, Min Garbage: 0B
[2026-04-03T01:55:41.343+0600][8.836s][info][gc,ergo     ] GC(4) Collectable Garbage: 99372K (98%), Immediate: 20313K (20%), CSet: 79059K (78%)
[2026-04-03T01:55:41.343+0600][8.836s][info][gc,ergo     ] GC(4) Pacer for Evacuation. Used CSet: 83108K, Free: 368M, Non-Taxable: 37752K, Alloc Tax Rate: 1.1x
[2026-04-03T01:55:41.343+0600][8.836s][info][gc          ] GC(4) Pause Final Mark (unload classes) 0.751ms
[2026-04-03T01:55:41.343+0600][8.836s][info][gc,start    ] GC(4) Concurrent thread roots
[2026-04-03T01:55:41.343+0600][8.836s][info][gc,task     ] GC(4) Using 3 of 6 workers for Concurrent thread roots
[2026-04-03T01:55:41.344+0600][8.837s][info][gc          ] GC(4) Concurrent thread roots 0.522ms
[2026-04-03T01:55:41.344+0600][8.837s][info][gc,start    ] GC(4) Concurrent weak references
[2026-04-03T01:55:41.344+0600][8.837s][info][gc,task     ] GC(4) Using 3 of 6 workers for concurrent weak references
[2026-04-03T01:55:41.344+0600][8.837s][info][gc,ref      ] GC(4) Encountered references: Soft: 3941, Weak: 3029, Final: 72, Phantom: 581
[2026-04-03T01:55:41.344+0600][8.837s][info][gc,ref      ] GC(4) Discovered  references: Soft: 0, Weak: 565, Final: 0, Phantom: 578
[2026-04-03T01:55:41.344+0600][8.837s][info][gc,ref      ] GC(4) Enqueued    references: Soft: 0, Weak: 388, Final: 0, Phantom: 0
[2026-04-03T01:55:41.344+0600][8.837s][info][gc          ] GC(4) Concurrent weak references 0.407ms
[2026-04-03T01:55:41.344+0600][8.837s][info][gc,start    ] GC(4) Concurrent weak roots
[2026-04-03T01:55:41.344+0600][8.837s][info][gc,task     ] GC(4) Using 3 of 6 workers for concurrent weak root
[2026-04-03T01:55:41.346+0600][8.839s][info][gc          ] GC(4) Concurrent weak roots 1.493ms
[2026-04-03T01:55:41.346+0600][8.839s][info][gc,start    ] GC(4) Concurrent cleanup
[2026-04-03T01:55:41.346+0600][8.839s][info][gc          ] GC(4) Concurrent cleanup 125M->105M(261M) 0.321ms
[2026-04-03T01:55:41.346+0600][8.839s][info][gc,ergo     ] GC(4) Free: 368M, Max: 256K regular, 346M humongous, Frag: 6% external, 0% internal; Reserve: 25055K, Max: 256K
[2026-04-03T01:55:41.346+0600][8.839s][info][gc,start    ] GC(4) Concurrent class unloading
[2026-04-03T01:55:41.346+0600][8.839s][info][gc,task     ] GC(4) Using 3 of 6 workers for concurrent class unloading
[2026-04-03T01:55:41.349+0600][8.842s][info][gc          ] GC(4) Concurrent class unloading 2.985ms
[2026-04-03T01:55:41.349+0600][8.842s][info][gc,start    ] GC(4) Concurrent strong roots
[2026-04-03T01:55:41.349+0600][8.842s][info][gc,task     ] GC(4) Using 3 of 6 workers for concurrent strong root
[2026-04-03T01:55:41.351+0600][8.844s][info][gc          ] GC(4) Concurrent strong roots 1.130ms
[2026-04-03T01:55:41.351+0600][8.844s][info][gc,start    ] GC(4) Concurrent evacuation
[2026-04-03T01:55:41.351+0600][8.844s][info][gc,task     ] GC(4) Using 3 of 6 workers for concurrent evacuation
[2026-04-03T01:55:41.354+0600][8.847s][info][gc          ] GC(4) Concurrent evacuation 3.367ms
[2026-04-03T01:55:41.354+0600][8.847s][info][gc,start    ] GC(4) Pause Init Update Refs
[2026-04-03T01:55:41.354+0600][8.847s][info][gc,ergo     ] GC(4) Pacer for Update Refs. Used: 109M, Free: 368M, Non-Taxable: 37684K, Alloc Tax Rate: 1.1x
[2026-04-03T01:55:41.354+0600][8.847s][info][gc          ] GC(4) Pause Init Update Refs 0.108ms
[2026-04-03T01:55:41.354+0600][8.847s][info][gc,start    ] GC(4) Concurrent update references
[2026-04-03T01:55:41.354+0600][8.847s][info][gc,task     ] GC(4) Using 3 of 6 workers for concurrent reference update
[2026-04-03T01:55:41.361+0600][8.854s][info][gc          ] GC(4) Concurrent update references 6.998ms
[2026-04-03T01:55:41.361+0600][8.854s][info][gc,start    ] GC(4) Concurrent update thread roots
[2026-04-03T01:55:41.362+0600][8.855s][info][gc          ] GC(4) Concurrent update thread roots 0.565ms
[2026-04-03T01:55:41.362+0600][8.855s][info][gc,start    ] GC(4) Pause Final Update Refs
[2026-04-03T01:55:41.362+0600][8.855s][info][gc,task     ] GC(4) Using 6 of 6 workers for final reference update
[2026-04-03T01:55:41.362+0600][8.855s][info][gc          ] GC(4) Pause Final Update Refs 0.148ms
[2026-04-03T01:55:41.362+0600][8.855s][info][gc,start    ] GC(4) Concurrent cleanup
[2026-04-03T01:55:41.363+0600][8.856s][info][gc          ] GC(4) Concurrent cleanup 110M->29M(264M) 0.428ms
[2026-04-03T01:55:41.363+0600][8.856s][info][gc,ergo     ] Free: 444M, Max: 256K regular, 344M humongous, Frag: 23% external, 0% internal; Reserve: 25600K, Max: 256K
[2026-04-03T01:55:41.363+0600][8.856s][info][gc,stats    ] 
[2026-04-03T01:55:41.363+0600][8.856s][info][gc,stats    ] All times are wall-clock times, except per-root-class counters, that are sum over
[2026-04-03T01:55:41.363+0600][8.856s][info][gc,stats    ] all workers. Dividing the <total> over the root stage time estimates parallelism.
[2026-04-03T01:55:41.363+0600][8.856s][info][gc,stats    ] 
[2026-04-03T01:55:41.363+0600][8.856s][info][gc,stats    ] Concurrent Reset                    564 us
[2026-04-03T01:55:41.363+0600][8.856s][info][gc,stats    ] Pause Init Mark (G)                 410 us
[2026-04-03T01:55:41.363+0600][8.856s][info][gc,stats    ] Pause Init Mark (N)                 116 us
[2026-04-03T01:55:41.363+0600][8.856s][info][gc,stats    ]   Update Region States               15 us
[2026-04-03T01:55:41.363+0600][8.856s][info][gc,stats    ] Concurrent Mark Roots              1638 us, parallelism: 2.52x
[2026-04-03T01:55:41.363+0600][8.856s][info][gc,stats    ]   CMR: <total>                     4124 us
[2026-04-03T01:55:41.363+0600][8.856s][info][gc,stats    ]   CMR: Thread Roots                3891 us, workers (us): 1358, 1190, 1343, ---, ---, ---, 
[2026-04-03T01:55:41.363+0600][8.856s][info][gc,stats    ]   CMR: VM Strong Roots               42 us, workers (us):  29,  12,   1, ---, ---, ---, 
[2026-04-03T01:55:41.363+0600][8.856s][info][gc,stats    ]   CMR: CLDG Roots                   192 us, workers (us): ---, 192, ---, ---, ---, ---, 
[2026-04-03T01:55:41.363+0600][8.856s][info][gc,stats    ] Concurrent Marking                11972 us
[2026-04-03T01:55:41.363+0600][8.856s][info][gc,stats    ] Pause Final Mark (G)                912 us
[2026-04-03T01:55:41.363+0600][8.856s][info][gc,stats    ] Pause Final Mark (N)                762 us
[2026-04-03T01:55:41.363+0600][8.856s][info][gc,stats    ]   Finish Mark                       348 us
[2026-04-03T01:55:41.363+0600][8.856s][info][gc,stats    ]   Update Region States               27 us
[2026-04-03T01:55:41.363+0600][8.856s][info][gc,stats    ]   Choose Collection Set             172 us
[2026-04-03T01:55:41.363+0600][8.856s][info][gc,stats    ]   Rebuild Free Set                   28 us
[2026-04-03T01:55:41.363+0600][8.856s][info][gc,stats    ] Concurrent Thread Roots             595 us, parallelism: 1.48x
[2026-04-03T01:55:41.363+0600][8.856s][info][gc,stats    ]   CTR: <total>                      879 us
[2026-04-03T01:55:41.363+0600][8.856s][info][gc,stats    ]   CTR: Thread Roots                 879 us, workers (us): 355, 265, 259, ---, ---, ---, 
[2026-04-03T01:55:41.363+0600][8.856s][info][gc,stats    ] Concurrent Weak References          421 us, parallelism: 0.73x
[2026-04-03T01:55:41.363+0600][8.856s][info][gc,stats    ]   CWRF: <total>                     306 us
[2026-04-03T01:55:41.363+0600][8.856s][info][gc,stats    ]   CWRF: Weak References             306 us, workers (us): 192,  11, 103, ---, ---, ---, 
[2026-04-03T01:55:41.363+0600][8.856s][info][gc,stats    ] Concurrent Weak Roots              1550 us
[2026-04-03T01:55:41.363+0600][8.856s][info][gc,stats    ]   Roots                            1189 us, parallelism: 2.43x
[2026-04-03T01:55:41.363+0600][8.856s][info][gc,stats    ]     CWR: <total>                   2886 us
[2026-04-03T01:55:41.363+0600][8.856s][info][gc,stats    ]     CWR: Code Cache Roots          1350 us, workers (us): 466, 419, 465, ---, ---, ---, 
[2026-04-03T01:55:41.363+0600][8.856s][info][gc,stats    ]     CWR: VM Weak Roots             1512 us, workers (us): 518, 494, 499, ---, ---, ---, 
[2026-04-03T01:55:41.363+0600][8.856s][info][gc,stats    ]     CWR: CLDG Roots                  24 us, workers (us): ---,  24, ---, ---, ---, ---, 
[2026-04-03T01:55:41.363+0600][8.856s][info][gc,stats    ]   Rendezvous                        277 us
[2026-04-03T01:55:41.363+0600][8.856s][info][gc,stats    ] Concurrent Cleanup                  333 us
[2026-04-03T01:55:41.363+0600][8.856s][info][gc,stats    ] Concurrent Class Unloading         3060 us
[2026-04-03T01:55:41.363+0600][8.856s][info][gc,stats    ]   Unlink Stale                     2240 us
[2026-04-03T01:55:41.363+0600][8.856s][info][gc,stats    ]     System Dictionary                27 us
[2026-04-03T01:55:41.363+0600][8.856s][info][gc,stats    ]     Weak Class Links                  0 us
[2026-04-03T01:55:41.363+0600][8.856s][info][gc,stats    ]     Code Roots                     2210 us
[2026-04-03T01:55:41.363+0600][8.856s][info][gc,stats    ]   Rendezvous                         84 us
[2026-04-03T01:55:41.363+0600][8.856s][info][gc,stats    ]   Purge Unlinked                    640 us
[2026-04-03T01:55:41.363+0600][8.856s][info][gc,stats    ]     Code Roots                      629 us
[2026-04-03T01:55:41.363+0600][8.856s][info][gc,stats    ]     CLDG                             10 us
[2026-04-03T01:55:41.363+0600][8.856s][info][gc,stats    ]     Exception Caches                  0 us
[2026-04-03T01:55:41.363+0600][8.856s][info][gc,stats    ] Concurrent Strong Roots            1172 us, parallelism: 0.81x
[2026-04-03T01:55:41.363+0600][8.856s][info][gc,stats    ]   CSR: <total>                      948 us
[2026-04-03T01:55:41.363+0600][8.856s][info][gc,stats    ]   CSR: VM Strong Roots               43 us, workers (us):  39,   4,   0, ---, ---, ---, 
[2026-04-03T01:55:41.363+0600][8.856s][info][gc,stats    ]   CSR: CLDG Roots                   906 us, workers (us): 906, ---, ---, ---, ---, ---, 
[2026-04-03T01:55:41.363+0600][8.856s][info][gc,stats    ] Concurrent Evacuation              3447 us
[2026-04-03T01:55:41.363+0600][8.856s][info][gc,stats    ] Pause Init Update Refs (G)          320 us
[2026-04-03T01:55:41.363+0600][8.856s][info][gc,stats    ] Pause Init Update Refs (N)          117 us
[2026-04-03T01:55:41.363+0600][8.856s][info][gc,stats    ]   Manage GCLABs                      27 us
[2026-04-03T01:55:41.363+0600][8.856s][info][gc,stats    ] Concurrent Update Refs             7069 us
[2026-04-03T01:55:41.363+0600][8.856s][info][gc,stats    ] Concurrent Update Thread Roots      614 us
[2026-04-03T01:55:41.363+0600][8.856s][info][gc,stats    ] Pause Final Update Refs (G)         419 us
[2026-04-03T01:55:41.363+0600][8.856s][info][gc,stats    ] Pause Final Update Refs (N)         166 us
[2026-04-03T01:55:41.363+0600][8.856s][info][gc,stats    ]   Update Region States               31 us
[2026-04-03T01:55:41.363+0600][8.856s][info][gc,stats    ]   Trash Collection Set               11 us
[2026-04-03T01:55:41.363+0600][8.856s][info][gc,stats    ]   Rebuild Free Set                   25 us
[2026-04-03T01:55:41.363+0600][8.856s][info][gc,stats    ] Concurrent Cleanup                  447 us
[2026-04-03T01:55:41.363+0600][8.856s][info][gc,stats    ] 
[2026-04-03T01:55:41.363+0600][8.856s][info][gc,stats    ] Allocation pacing accrued:
[2026-04-03T01:55:41.363+0600][8.856s][info][gc,stats    ]       0 of  2076 ms (  0.0%): <total>
[2026-04-03T01:55:41.363+0600][8.856s][info][gc,stats    ]       0 of  2076 ms (  0.0%): <average total>
[2026-04-03T01:55:41.363+0600][8.856s][info][gc,stats    ] 
[2026-04-03T01:55:41.363+0600][8.856s][info][gc,metaspace] Metaspace: 46841K(47296K)->46915K(47360K) NonClass: 41015K(41280K)->41079K(41344K) Class: 5826K(6016K)->5835K(6016K)
[2026-04-03T01:55:41.363+0600][8.856s][info][gc,ergo     ] Pacer for Idle. Initial: 10240K, Alloc Tax Rate: 1.0x
[2026-04-03T01:55:42.140+0600][9.633s][info][gc          ] Trigger: Average GC time (40.85 ms) is above the time for average allocation rate (665 MB/s) to deplete free headroom (27096K) (margin of error = 1.80)
[2026-04-03T01:55:42.140+0600][9.633s][info][gc,ergo     ] Free headroom: 52696K (free) - 25600K (spike) - 0B (penalties) = 27096K
[2026-04-03T01:55:42.140+0600][9.633s][info][gc,ergo     ] Free: 52696K, Max: 256K regular, 52480K humongous, Frag: 0% external, 1% internal; Reserve: 25600K, Max: 256K
[2026-04-03T01:55:42.140+0600][9.633s][info][gc,start    ] GC(5) Concurrent reset
[2026-04-03T01:55:42.140+0600][9.633s][info][gc,task     ] GC(5) Using 3 of 6 workers for concurrent reset
[2026-04-03T01:55:42.140+0600][9.633s][info][gc,ergo     ] GC(5) Pacer for Reset. Non-Taxable: 500M
[2026-04-03T01:55:42.141+0600][9.634s][info][gc          ] GC(5) Concurrent reset 0.603ms
[2026-04-03T01:55:42.141+0600][9.634s][info][gc,start    ] GC(5) Pause Init Mark (unload classes)
[2026-04-03T01:55:42.141+0600][9.634s][info][gc,task     ] GC(5) Using 6 of 6 workers for init marking
[2026-04-03T01:55:42.141+0600][9.634s][info][gc,ergo     ] GC(5) Pacer for Mark. Expected Live: 14246K, Free: 52383K, Non-Taxable: 5238K, Alloc Tax Rate: 0.3x
[2026-04-03T01:55:42.141+0600][9.634s][info][gc          ] GC(5) Pause Init Mark (unload classes) 0.062ms
[2026-04-03T01:55:42.141+0600][9.634s][info][gc,start    ] GC(5) Concurrent marking roots
[2026-04-03T01:55:42.141+0600][9.634s][info][gc,task     ] GC(5) Using 3 of 6 workers for concurrent marking roots
[2026-04-03T01:55:42.142+0600][9.635s][info][gc          ] GC(5) Concurrent marking roots 0.432ms
[2026-04-03T01:55:42.142+0600][9.635s][info][gc,start    ] GC(5) Concurrent marking (unload classes)
[2026-04-03T01:55:42.142+0600][9.635s][info][gc,task     ] GC(5) Using 3 of 6 workers for concurrent marking
[2026-04-03T01:55:42.178+0600][9.671s][info][gc          ] GC(5) Concurrent marking (unload classes) 36.644ms
[2026-04-03T01:55:42.179+0600][9.672s][info][gc,start    ] GC(5) Pause Final Mark (unload classes)
[2026-04-03T01:55:42.179+0600][9.672s][info][gc,task     ] GC(5) Using 6 of 6 workers for final marking
[2026-04-03T01:55:42.179+0600][9.672s][info][gc,ergo     ] GC(5) Adaptive CSet Selection. Target Free: 72533K, Actual Free: 62366K, Max CSet: 21333K, Min Garbage: 10166K
[2026-04-03T01:55:42.179+0600][9.672s][info][gc,ergo     ] GC(5) Collectable Garbage: 243M (66%), Immediate: 2206K (0%), CSet: 241M (65%)
[2026-04-03T01:55:42.179+0600][9.672s][info][gc,ergo     ] GC(5) Pacer for Evacuation. Used CSet: 261M, Free: 37238K, Non-Taxable: 3723K, Alloc Tax Rate: 17.6x
[2026-04-03T01:55:42.179+0600][9.672s][info][gc          ] GC(5) Pause Final Mark (unload classes) 0.727ms
[2026-04-03T01:55:42.179+0600][9.673s][info][gc,start    ] GC(5) Concurrent thread roots
[2026-04-03T01:55:42.180+0600][9.673s][info][gc,task     ] GC(5) Using 3 of 6 workers for Concurrent thread roots
[2026-04-03T01:55:42.180+0600][9.673s][info][gc          ] GC(5) Concurrent thread roots 0.732ms
[2026-04-03T01:55:42.180+0600][9.673s][info][gc,start    ] GC(5) Concurrent weak references
[2026-04-03T01:55:42.180+0600][9.673s][info][gc,task     ] GC(5) Using 3 of 6 workers for concurrent weak references
[2026-04-03T01:55:42.180+0600][9.673s][info][gc,ref      ] GC(5) Encountered references: Soft: 3982, Weak: 2907, Final: 74, Phantom: 581
[2026-04-03T01:55:42.180+0600][9.673s][info][gc,ref      ] GC(5) Discovered  references: Soft: 0, Weak: 291, Final: 0, Phantom: 578
[2026-04-03T01:55:42.180+0600][9.673s][info][gc,ref      ] GC(5) Enqueued    references: Soft: 0, Weak: 176, Final: 0, Phantom: 0
[2026-04-03T01:55:42.180+0600][9.673s][info][gc          ] GC(5) Concurrent weak references 0.211ms
[2026-04-03T01:55:42.180+0600][9.673s][info][gc,start    ] GC(5) Concurrent weak roots
[2026-04-03T01:55:42.180+0600][9.673s][info][gc,task     ] GC(5) Using 3 of 6 workers for concurrent weak root
[2026-04-03T01:55:42.182+0600][9.675s][info][gc          ] GC(5) Concurrent weak roots 1.168ms
[2026-04-03T01:55:42.182+0600][9.675s][info][gc,start    ] GC(5) Concurrent cleanup
[2026-04-03T01:55:42.182+0600][9.675s][info][gc          ] GC(5) Concurrent cleanup 440M->438M(443M) 0.287ms
[2026-04-03T01:55:42.182+0600][9.675s][info][gc,ergo     ] GC(5) Free: 35999K, Max: 256K regular, 33792K humongous, Frag: 6% external, 1% internal; Reserve: 25549K, Max: 256K
[2026-04-03T01:55:42.182+0600][9.675s][info][gc,start    ] GC(5) Concurrent class unloading
[2026-04-03T01:55:42.182+0600][9.675s][info][gc,task     ] GC(5) Using 3 of 6 workers for concurrent class unloading
[2026-04-03T01:55:42.185+0600][9.678s][info][gc          ] GC(5) Concurrent class unloading 2.586ms
[2026-04-03T01:55:42.185+0600][9.678s][info][gc,start    ] GC(5) Concurrent strong roots
[2026-04-03T01:55:42.185+0600][9.678s][info][gc,task     ] GC(5) Using 3 of 6 workers for concurrent strong root
[2026-04-03T01:55:42.185+0600][9.678s][info][gc          ] GC(5) Concurrent strong roots 0.584ms
[2026-04-03T01:55:42.185+0600][9.678s][info][gc,start    ] GC(5) Concurrent evacuation
[2026-04-03T01:55:42.185+0600][9.678s][info][gc,task     ] GC(5) Using 3 of 6 workers for concurrent evacuation
[2026-04-03T01:55:42.201+0600][9.694s][info][gc          ] GC(5) Concurrent evacuation 16.068ms
[2026-04-03T01:55:42.202+0600][9.695s][info][gc,start    ] GC(5) Pause Init Update Refs
[2026-04-03T01:55:42.202+0600][9.695s][info][gc,ergo     ] GC(5) Pacer for Update Refs. Used: 469M, Free: 26015K, Non-Taxable: 2601K, Alloc Tax Rate: 22.6x
[2026-04-03T01:55:42.202+0600][9.695s][info][gc          ] GC(5) Pause Init Update Refs 0.068ms
[2026-04-03T01:55:42.202+0600][9.695s][info][gc,start    ] GC(5) Concurrent update references
[2026-04-03T01:55:42.202+0600][9.695s][info][gc,task     ] GC(5) Using 3 of 6 workers for concurrent reference update
[2026-04-03T01:55:42.223+0600][9.716s][info][gc          ] GC(5) Concurrent update references 21.846ms
[2026-04-03T01:55:42.224+0600][9.717s][info][gc,start    ] GC(5) Concurrent update thread roots
[2026-04-03T01:55:42.224+0600][9.717s][info][gc          ] GC(5) Concurrent update thread roots 0.764ms
[2026-04-03T01:55:42.225+0600][9.718s][info][gc,start    ] GC(5) Pause Final Update Refs
[2026-04-03T01:55:42.225+0600][9.718s][info][gc,task     ] GC(5) Using 6 of 6 workers for final reference update
[2026-04-03T01:55:42.225+0600][9.718s][info][gc          ] GC(5) Pause Final Update Refs 0.147ms
[2026-04-03T01:55:42.225+0600][9.718s][info][gc,start    ] GC(5) Concurrent cleanup
[2026-04-03T01:55:42.225+0600][9.718s][info][gc          ] GC(5) Concurrent cleanup 480M->218M(481M) 0.480ms
[2026-04-03T01:55:42.225+0600][9.718s][info][gc,ergo     ] Free: 255M, Max: 256K regular, 24320K humongous, Frag: 91% external, 0% internal; Reserve: 25600K, Max: 256K
[2026-04-03T01:55:42.225+0600][9.718s][info][gc,stats    ] 
[2026-04-03T01:55:42.225+0600][9.718s][info][gc,stats    ] All times are wall-clock times, except per-root-class counters, that are sum over
[2026-04-03T01:55:42.225+0600][9.718s][info][gc,stats    ] all workers. Dividing the <total> over the root stage time estimates parallelism.
[2026-04-03T01:55:42.225+0600][9.718s][info][gc,stats    ] 
[2026-04-03T01:55:42.225+0600][9.718s][info][gc,stats    ] Concurrent Reset                    660 us
[2026-04-03T01:55:42.225+0600][9.718s][info][gc,stats    ] Pause Init Mark (G)                 357 us
[2026-04-03T01:55:42.225+0600][9.718s][info][gc,stats    ] Pause Init Mark (N)                  68 us
[2026-04-03T01:55:42.225+0600][9.718s][info][gc,stats    ]   Update Region States               11 us
[2026-04-03T01:55:42.225+0600][9.718s][info][gc,stats    ] Concurrent Mark Roots               447 us, parallelism: 1.46x
[2026-04-03T01:55:42.225+0600][9.718s][info][gc,stats    ]   CMR: <total>                      651 us
[2026-04-03T01:55:42.225+0600][9.718s][info][gc,stats    ]   CMR: Thread Roots                 537 us, workers (us): 226, 172, 139, ---, ---, ---, 
[2026-04-03T01:55:42.225+0600][9.718s][info][gc,stats    ]   CMR: VM Strong Roots               16 us, workers (us):  12,   3,   0, ---, ---, ---, 
[2026-04-03T01:55:42.225+0600][9.718s][info][gc,stats    ]   CMR: CLDG Roots                    98 us, workers (us): ---,  98, ---, ---, ---, ---, 
[2026-04-03T01:55:42.225+0600][9.718s][info][gc,stats    ] Concurrent Marking                36713 us
[2026-04-03T01:55:42.225+0600][9.718s][info][gc,stats    ] Pause Final Mark (G)                959 us
[2026-04-03T01:55:42.225+0600][9.718s][info][gc,stats    ] Pause Final Mark (N)                737 us
[2026-04-03T01:55:42.225+0600][9.718s][info][gc,stats    ]   Finish Mark                       233 us
[2026-04-03T01:55:42.225+0600][9.718s][info][gc,stats    ]   Update Region States               31 us
[2026-04-03T01:55:42.225+0600][9.718s][info][gc,stats    ]   Choose Collection Set             341 us
[2026-04-03T01:55:42.225+0600][9.718s][info][gc,stats    ]   Rebuild Free Set                   27 us
[2026-04-03T01:55:42.225+0600][9.719s][info][gc,stats    ] Concurrent Thread Roots             776 us, parallelism: 1.51x
[2026-04-03T01:55:42.226+0600][9.719s][info][gc,stats    ]   CTR: <total>                     1172 us
[2026-04-03T01:55:42.226+0600][9.719s][info][gc,stats    ]   CTR: Thread Roots                1172 us, workers (us): 410, 386, 377, ---, ---, ---, 
[2026-04-03T01:55:42.226+0600][9.719s][info][gc,stats    ] Concurrent Weak References          217 us, parallelism: 0.56x
[2026-04-03T01:55:42.226+0600][9.719s][info][gc,stats    ]   CWRF: <total>                     123 us
[2026-04-03T01:55:42.226+0600][9.719s][info][gc,stats    ]   CWRF: Weak References             123 us, workers (us): 121,   1,   1, ---, ---, ---, 
[2026-04-03T01:55:42.226+0600][9.719s][info][gc,stats    ] Concurrent Weak Roots              1229 us
[2026-04-03T01:55:42.226+0600][9.719s][info][gc,stats    ]   Roots                            1074 us, parallelism: 2.14x
[2026-04-03T01:55:42.226+0600][9.719s][info][gc,stats    ]     CWR: <total>                   2301 us
[2026-04-03T01:55:42.226+0600][9.719s][info][gc,stats    ]     CWR: Code Cache Roots          1294 us, workers (us): 467, 434, 393, ---, ---, ---, 
[2026-04-03T01:55:42.226+0600][9.719s][info][gc,stats    ]     CWR: VM Weak Roots              985 us, workers (us): 343, 334, 309, ---, ---, ---, 
[2026-04-03T01:55:42.226+0600][9.719s][info][gc,stats    ]     CWR: CLDG Roots                  22 us, workers (us): ---, ---,  22, ---, ---, ---, 
[2026-04-03T01:55:42.226+0600][9.719s][info][gc,stats    ]   Rendezvous                         78 us
[2026-04-03T01:55:42.226+0600][9.719s][info][gc,stats    ] Concurrent Cleanup                  298 us
[2026-04-03T01:55:42.226+0600][9.719s][info][gc,stats    ] Concurrent Class Unloading         2628 us
[2026-04-03T01:55:42.226+0600][9.719s][info][gc,stats    ]   Unlink Stale                     2127 us
[2026-04-03T01:55:42.226+0600][9.719s][info][gc,stats    ]     System Dictionary                26 us
[2026-04-03T01:55:42.226+0600][9.719s][info][gc,stats    ]     Weak Class Links                  0 us
[2026-04-03T01:55:42.226+0600][9.719s][info][gc,stats    ]     Code Roots                     2099 us
[2026-04-03T01:55:42.226+0600][9.719s][info][gc,stats    ]   Rendezvous                        178 us
[2026-04-03T01:55:42.226+0600][9.719s][info][gc,stats    ]   Purge Unlinked                    262 us
[2026-04-03T01:55:42.226+0600][9.719s][info][gc,stats    ]     Code Roots                      254 us
[2026-04-03T01:55:42.226+0600][9.719s][info][gc,stats    ]     CLDG                              8 us
[2026-04-03T01:55:42.226+0600][9.719s][info][gc,stats    ]     Exception Caches                  0 us
[2026-04-03T01:55:42.226+0600][9.719s][info][gc,stats    ] Concurrent Strong Roots             628 us, parallelism: 0.51x
[2026-04-03T01:55:42.226+0600][9.719s][info][gc,stats    ]   CSR: <total>                      321 us
[2026-04-03T01:55:42.226+0600][9.719s][info][gc,stats    ]   CSR: VM Strong Roots               13 us, workers (us):  12,   1,   1, ---, ---, ---, 
[2026-04-03T01:55:42.226+0600][9.719s][info][gc,stats    ]   CSR: CLDG Roots                   308 us, workers (us): 308, ---, ---, ---, ---, ---, 
[2026-04-03T01:55:42.226+0600][9.719s][info][gc,stats    ] Concurrent Evacuation             16114 us
[2026-04-03T01:55:42.226+0600][9.719s][info][gc,stats    ] Pause Init Update Refs (G)          213 us
[2026-04-03T01:55:42.226+0600][9.719s][info][gc,stats    ] Pause Init Update Refs (N)           77 us
[2026-04-03T01:55:42.226+0600][9.719s][info][gc,stats    ]   Manage GCLABs                       9 us
[2026-04-03T01:55:42.226+0600][9.719s][info][gc,stats    ] Concurrent Update Refs            21920 us
[2026-04-03T01:55:42.226+0600][9.719s][info][gc,stats    ] Concurrent Update Thread Roots      809 us
[2026-04-03T01:55:42.226+0600][9.719s][info][gc,stats    ] Pause Final Update Refs (G)         456 us
[2026-04-03T01:55:42.226+0600][9.719s][info][gc,stats    ] Pause Final Update Refs (N)         170 us
[2026-04-03T01:55:42.226+0600][9.719s][info][gc,stats    ]   Update Region States               34 us
[2026-04-03T01:55:42.226+0600][9.719s][info][gc,stats    ]   Trash Collection Set               23 us
[2026-04-03T01:55:42.226+0600][9.719s][info][gc,stats    ]   Rebuild Free Set                   28 us
[2026-04-03T01:55:42.226+0600][9.719s][info][gc,stats    ] Concurrent Cleanup                  496 us
[2026-04-03T01:55:42.226+0600][9.719s][info][gc,stats    ] 
[2026-04-03T01:55:42.226+0600][9.719s][info][gc,stats    ] Allocation pacing accrued:
[2026-04-03T01:55:42.226+0600][9.719s][info][gc,stats    ]       0 of   862 ms (  0.0%): <total>
[2026-04-03T01:55:42.226+0600][9.719s][info][gc,stats    ]       0 of   862 ms (  0.0%): <average total>
[2026-04-03T01:55:42.226+0600][9.719s][info][gc,stats    ] 
[2026-04-03T01:55:42.226+0600][9.719s][info][gc,metaspace] Metaspace: 48938K(49408K)->48938K(49408K) NonClass: 42838K(43136K)->42838K(43136K) Class: 6100K(6272K)->6100K(6272K)
[2026-04-03T01:55:42.226+0600][9.719s][info][gc,ergo     ] Pacer for Idle. Initial: 10240K, Alloc Tax Rate: 1.0x
[2026-04-03T01:55:42.342+0600][9.835s][info][gc          ] Trigger: Average GC time (108.28 ms) is above the time for instantaneous allocation rate (1061 MB/s) to deplete free headroom (109M) (spike threshold = 1.80)
[2026-04-03T01:55:42.342+0600][9.835s][info][gc,ergo     ] Free: 134M, Max: 256K regular, 1536K humongous, Frag: 99% external, 0% internal; Reserve: 25600K, Max: 256K
[2026-04-03T01:55:42.342+0600][9.835s][info][gc,start    ] GC(6) Concurrent reset
[2026-04-03T01:55:42.342+0600][9.835s][info][gc,task     ] GC(6) Using 3 of 6 workers for concurrent reset
[2026-04-03T01:55:42.342+0600][9.835s][info][gc,ergo     ] GC(6) Pacer for Reset. Non-Taxable: 500M
[2026-04-03T01:55:42.343+0600][9.836s][info][gc          ] GC(6) Concurrent reset 1.116ms
[2026-04-03T01:55:42.343+0600][9.836s][info][gc,start    ] GC(6) Pause Init Mark (unload classes)
[2026-04-03T01:55:42.343+0600][9.836s][info][gc,task     ] GC(6) Using 6 of 6 workers for init marking
[2026-04-03T01:55:42.343+0600][9.836s][info][gc,ergo     ] GC(6) Pacer for Mark. Expected Live: 25163K, Free: 133M, Non-Taxable: 13660K, Alloc Tax Rate: 0.2x
[2026-04-03T01:55:42.343+0600][9.836s][info][gc          ] GC(6) Pause Init Mark (unload classes) 0.084ms
[2026-04-03T01:55:42.343+0600][9.836s][info][gc,start    ] GC(6) Concurrent marking roots
[2026-04-03T01:55:42.344+0600][9.837s][info][gc,task     ] GC(6) Using 3 of 6 workers for concurrent marking roots
[2026-04-03T01:55:42.344+0600][9.837s][info][gc          ] GC(6) Concurrent marking roots 0.762ms
[2026-04-03T01:55:42.344+0600][9.837s][info][gc,start    ] GC(6) Concurrent marking (unload classes)
[2026-04-03T01:55:42.344+0600][9.837s][info][gc,task     ] GC(6) Using 3 of 6 workers for concurrent marking
[2026-04-03T01:55:42.378+0600][9.871s][info][gc          ] GC(6) Concurrent marking (unload classes) 33.480ms
[2026-04-03T01:55:42.378+0600][9.871s][info][gc,start    ] GC(6) Pause Final Mark (unload classes)
[2026-04-03T01:55:42.378+0600][9.871s][info][gc,task     ] GC(6) Using 6 of 6 workers for final marking
[2026-04-03T01:55:42.379+0600][9.872s][info][gc,ergo     ] GC(6) Adaptive CSet Selection. Target Free: 72533K, Actual Free: 130M, Max CSet: 21333K, Min Garbage: 0B
[2026-04-03T01:55:42.379+0600][9.872s][info][gc,ergo     ] GC(6) Collectable Garbage: 233M (86%), Immediate: 0B (0%), CSet: 233M (86%)
[2026-04-03T01:55:42.379+0600][9.872s][info][gc,ergo     ] GC(6) Pacer for Evacuation. Used CSet: 254M, Free: 105M, Non-Taxable: 10819K, Alloc Tax Rate: 5.9x
[2026-04-03T01:55:42.379+0600][9.872s][info][gc          ] GC(6) Pause Final Mark (unload classes) 1.008ms
[2026-04-03T01:55:42.379+0600][9.872s][info][gc,start    ] GC(6) Concurrent thread roots
[2026-04-03T01:55:42.379+0600][9.872s][info][gc,task     ] GC(6) Using 3 of 6 workers for Concurrent thread roots
[2026-04-03T01:55:42.380+0600][9.873s][info][gc          ] GC(6) Concurrent thread roots 0.474ms
[2026-04-03T01:55:42.380+0600][9.873s][info][gc,start    ] GC(6) Concurrent weak references
[2026-04-03T01:55:42.380+0600][9.873s][info][gc,task     ] GC(6) Using 3 of 6 workers for concurrent weak references
[2026-04-03T01:55:42.380+0600][9.873s][info][gc,ref      ] GC(6) Encountered references: Soft: 3982, Weak: 2731, Final: 74, Phantom: 581
[2026-04-03T01:55:42.380+0600][9.873s][info][gc,ref      ] GC(6) Discovered  references: Soft: 0, Weak: 108, Final: 0, Phantom: 578
[2026-04-03T01:55:42.380+0600][9.873s][info][gc,ref      ] GC(6) Enqueued    references: Soft: 0, Weak: 0, Final: 0, Phantom: 0
[2026-04-03T01:55:42.380+0600][9.873s][info][gc          ] GC(6) Concurrent weak references 0.159ms
[2026-04-03T01:55:42.380+0600][9.873s][info][gc,start    ] GC(6) Concurrent weak roots
[2026-04-03T01:55:42.380+0600][9.873s][info][gc,task     ] GC(6) Using 3 of 6 workers for concurrent weak root
[2026-04-03T01:55:42.381+0600][9.874s][info][gc          ] GC(6) Concurrent weak roots 1.239ms
[2026-04-03T01:55:42.381+0600][9.874s][info][gc,start    ] GC(6) Concurrent cleanup
[2026-04-03T01:55:42.382+0600][9.875s][info][gc          ] GC(6) Concurrent cleanup 369M->369M(481M) 0.283ms
[2026-04-03T01:55:42.382+0600][9.875s][info][gc,ergo     ] GC(6) Free: 103M, Max: 256K regular, 1536K humongous, Frag: 99% external, 0% internal; Reserve: 25595K, Max: 256K
[2026-04-03T01:55:42.382+0600][9.875s][info][gc,start    ] GC(6) Concurrent class unloading
[2026-04-03T01:55:42.382+0600][9.875s][info][gc,task     ] GC(6) Using 3 of 6 workers for concurrent class unloading
[2026-04-03T01:55:42.384+0600][9.877s][info][gc          ] GC(6) Concurrent class unloading 2.216ms
[2026-04-03T01:55:42.384+0600][9.877s][info][gc,start    ] GC(6) Concurrent strong roots
[2026-04-03T01:55:42.384+0600][9.877s][info][gc,task     ] GC(6) Using 3 of 6 workers for concurrent strong root
[2026-04-03T01:55:42.384+0600][9.877s][info][gc          ] GC(6) Concurrent strong roots 0.410ms
[2026-04-03T01:55:42.384+0600][9.877s][info][gc,start    ] GC(6) Concurrent evacuation
[2026-04-03T01:55:42.384+0600][9.877s][info][gc,task     ] GC(6) Using 3 of 6 workers for concurrent evacuation
[2026-04-03T01:55:42.401+0600][9.894s][info][gc          ] GC(6) Concurrent evacuation 17.227ms
[2026-04-03T01:55:42.402+0600][9.895s][info][gc,start    ] GC(6) Pause Init Update Refs
[2026-04-03T01:55:42.402+0600][9.895s][info][gc,ergo     ] GC(6) Pacer for Update Refs. Used: 406M, Free: 90527K, Non-Taxable: 9052K, Alloc Tax Rate: 5.6x
[2026-04-03T01:55:42.402+0600][9.895s][info][gc          ] GC(6) Pause Init Update Refs 0.058ms
[2026-04-03T01:55:42.402+0600][9.895s][info][gc,start    ] GC(6) Concurrent update references
[2026-04-03T01:55:42.402+0600][9.895s][info][gc,task     ] GC(6) Using 3 of 6 workers for concurrent reference update
[2026-04-03T01:55:42.427+0600][9.920s][info][gc          ] GC(6) Concurrent update references 24.839ms
[2026-04-03T01:55:42.427+0600][9.920s][info][gc,start    ] GC(6) Concurrent update thread roots
[2026-04-03T01:55:42.427+0600][9.920s][info][gc          ] GC(6) Concurrent update thread roots 0.597ms
[2026-04-03T01:55:42.427+0600][9.920s][info][gc,start    ] GC(6) Pause Final Update Refs
[2026-04-03T01:55:42.427+0600][9.921s][info][gc,task     ] GC(6) Using 6 of 6 workers for final reference update
[2026-04-03T01:55:42.428+0600][9.921s][info][gc          ] GC(6) Pause Final Update Refs 0.129ms
[2026-04-03T01:55:42.428+0600][9.921s][info][gc,start    ] GC(6) Concurrent cleanup
[2026-04-03T01:55:42.428+0600][9.921s][info][gc          ] GC(6) Concurrent cleanup 426M->172M(500M) 0.418ms
[2026-04-03T01:55:42.428+0600][9.921s][info][gc,ergo     ] Free: 300M, Max: 256K regular, 53504K humongous, Frag: 83% external, 0% internal; Reserve: 25600K, Max: 256K
[2026-04-03T01:55:42.428+0600][9.921s][info][gc,stats    ] 
[2026-04-03T01:55:42.428+0600][9.921s][info][gc,stats    ] All times are wall-clock times, except per-root-class counters, that are sum over
[2026-04-03T01:55:42.428+0600][9.921s][info][gc,stats    ] all workers. Dividing the <total> over the root stage time estimates parallelism.
[2026-04-03T01:55:42.428+0600][9.921s][info][gc,stats    ] 
[2026-04-03T01:55:42.428+0600][9.921s][info][gc,stats    ] Concurrent Reset                   1168 us
[2026-04-03T01:55:42.428+0600][9.921s][info][gc,stats    ] Pause Init Mark (G)                 436 us
[2026-04-03T01:55:42.428+0600][9.921s][info][gc,stats    ] Pause Init Mark (N)                  92 us
[2026-04-03T01:55:42.428+0600][9.921s][info][gc,stats    ]   Update Region States               20 us
[2026-04-03T01:55:42.428+0600][9.921s][info][gc,stats    ] Concurrent Mark Roots               792 us, parallelism: 1.05x
[2026-04-03T01:55:42.428+0600][9.921s][info][gc,stats    ]   CMR: <total>                      835 us
[2026-04-03T01:55:42.428+0600][9.921s][info][gc,stats    ]   CMR: Thread Roots                 676 us, workers (us): 118, 328, 229, ---, ---, ---, 
[2026-04-03T01:55:42.428+0600][9.921s][info][gc,stats    ]   CMR: VM Strong Roots               23 us, workers (us):  22,   0,   1, ---, ---, ---, 
[2026-04-03T01:55:42.428+0600][9.921s][info][gc,stats    ]   CMR: CLDG Roots                   136 us, workers (us): 136, ---, ---, ---, ---, ---, 
[2026-04-03T01:55:42.428+0600][9.921s][info][gc,stats    ] Concurrent Marking                33560 us
[2026-04-03T01:55:42.428+0600][9.921s][info][gc,stats    ] Pause Final Mark (G)               1406 us
[2026-04-03T01:55:42.428+0600][9.921s][info][gc,stats    ] Pause Final Mark (N)               1020 us
[2026-04-03T01:55:42.428+0600][9.921s][info][gc,stats    ]   Finish Mark                       351 us
[2026-04-03T01:55:42.428+0600][9.921s][info][gc,stats    ]   Update Region States               34 us
[2026-04-03T01:55:42.428+0600][9.921s][info][gc,stats    ]   Choose Collection Set             466 us
[2026-04-03T01:55:42.428+0600][9.921s][info][gc,stats    ]   Rebuild Free Set                   41 us
[2026-04-03T01:55:42.428+0600][9.921s][info][gc,stats    ] Concurrent Thread Roots             518 us, parallelism: 1.03x
[2026-04-03T01:55:42.428+0600][9.921s][info][gc,stats    ]   CTR: <total>                      532 us
[2026-04-03T01:55:42.428+0600][9.921s][info][gc,stats    ]   CTR: Thread Roots                 532 us, workers (us): 185, 183, 164, ---, ---, ---, 
[2026-04-03T01:55:42.428+0600][9.921s][info][gc,stats    ] Concurrent Weak References          166 us, parallelism: 0.38x
[2026-04-03T01:55:42.428+0600][9.921s][info][gc,stats    ]   CWRF: <total>                      64 us
[2026-04-03T01:55:42.428+0600][9.921s][info][gc,stats    ]   CWRF: Weak References              64 us, workers (us):  52,   1,  10, ---, ---, ---, 
[2026-04-03T01:55:42.428+0600][9.921s][info][gc,stats    ] Concurrent Weak Roots              1277 us
[2026-04-03T01:55:42.428+0600][9.921s][info][gc,stats    ]   Roots                            1024 us, parallelism: 2.18x
[2026-04-03T01:55:42.428+0600][9.921s][info][gc,stats    ]     CWR: <total>                   2237 us
[2026-04-03T01:55:42.428+0600][9.921s][info][gc,stats    ]     CWR: Code Cache Roots          1309 us, workers (us): 481, 373, 455, ---, ---, ---, 
[2026-04-03T01:55:42.428+0600][9.921s][info][gc,stats    ]     CWR: VM Weak Roots              907 us, workers (us): 323, 313, 272, ---, ---, ---, 
[2026-04-03T01:55:42.428+0600][9.921s][info][gc,stats    ]     CWR: CLDG Roots                  20 us, workers (us): ---,  20, ---, ---, ---, ---, 
[2026-04-03T01:55:42.428+0600][9.921s][info][gc,stats    ]   Rendezvous                        180 us
[2026-04-03T01:55:42.428+0600][9.921s][info][gc,stats    ] Concurrent Cleanup                  293 us
[2026-04-03T01:55:42.428+0600][9.921s][info][gc,stats    ] Concurrent Class Unloading         2256 us
[2026-04-03T01:55:42.428+0600][9.921s][info][gc,stats    ]   Unlink Stale                     2044 us
[2026-04-03T01:55:42.428+0600][9.921s][info][gc,stats    ]     System Dictionary                24 us
[2026-04-03T01:55:42.428+0600][9.921s][info][gc,stats    ]     Weak Class Links                  0 us
[2026-04-03T01:55:42.428+0600][9.921s][info][gc,stats    ]     Code Roots                     2017 us
[2026-04-03T01:55:42.428+0600][9.921s][info][gc,stats    ]   Rendezvous                        146 us
[2026-04-03T01:55:42.428+0600][9.921s][info][gc,stats    ]   Purge Unlinked                      8 us
[2026-04-03T01:55:42.428+0600][9.921s][info][gc,stats    ]     Code Roots                        3 us
[2026-04-03T01:55:42.428+0600][9.921s][info][gc,stats    ]     CLDG                              5 us
[2026-04-03T01:55:42.428+0600][9.921s][info][gc,stats    ]     Exception Caches                  0 us
[2026-04-03T01:55:42.428+0600][9.921s][info][gc,stats    ] Concurrent Strong Roots             449 us, parallelism: 0.54x
[2026-04-03T01:55:42.428+0600][9.921s][info][gc,stats    ]   CSR: <total>                      242 us
[2026-04-03T01:55:42.429+0600][9.922s][info][gc,stats    ]   CSR: VM Strong Roots               12 us, workers (us):  11,   1,   1, ---, ---, ---, 
[2026-04-03T01:55:42.429+0600][9.922s][info][gc,stats    ]   CSR: CLDG Roots                   229 us, workers (us): 229, ---, ---, ---, ---, ---, 
[2026-04-03T01:55:42.429+0600][9.922s][info][gc,stats    ] Concurrent Evacuation             17263 us
[2026-04-03T01:55:42.429+0600][9.922s][info][gc,stats    ] Pause Init Update Refs (G)          217 us
[2026-04-03T01:55:42.429+0600][9.922s][info][gc,stats    ] Pause Init Update Refs (N)           85 us
[2026-04-03T01:55:42.429+0600][9.922s][info][gc,stats    ]   Manage GCLABs                       8 us
[2026-04-03T01:55:42.429+0600][9.922s][info][gc,stats    ] Concurrent Update Refs            24908 us
[2026-04-03T01:55:42.429+0600][9.922s][info][gc,stats    ] Concurrent Update Thread Roots      638 us
[2026-04-03T01:55:42.429+0600][9.922s][info][gc,stats    ] Pause Final Update Refs (G)         469 us
[2026-04-03T01:55:42.429+0600][9.922s][info][gc,stats    ] Pause Final Update Refs (N)         140 us
[2026-04-03T01:55:42.429+0600][9.922s][info][gc,stats    ]   Update Region States               27 us
[2026-04-03T01:55:42.429+0600][9.922s][info][gc,stats    ]   Trash Collection Set               21 us
[2026-04-03T01:55:42.429+0600][9.922s][info][gc,stats    ]   Rebuild Free Set                   26 us
[2026-04-03T01:55:42.429+0600][9.922s][info][gc,stats    ] Concurrent Cleanup                  435 us
[2026-04-03T01:55:42.429+0600][9.922s][info][gc,stats    ] 
[2026-04-03T01:55:42.429+0600][9.922s][info][gc,stats    ] Allocation pacing accrued:
[2026-04-03T01:55:42.429+0600][9.922s][info][gc,stats    ]       0 of   203 ms (  0.0%): <total>
[2026-04-03T01:55:42.429+0600][9.922s][info][gc,stats    ]       0 of   203 ms (  0.0%): <average total>
[2026-04-03T01:55:42.429+0600][9.922s][info][gc,stats    ] 
[2026-04-03T01:55:42.429+0600][9.922s][info][gc,metaspace] Metaspace: 48938K(49408K)->48938K(49408K) NonClass: 42838K(43136K)->42838K(43136K) Class: 6100K(6272K)->6100K(6272K)
[2026-04-03T01:55:42.429+0600][9.922s][info][gc,ergo     ] Pacer for Idle. Initial: 10240K, Alloc Tax Rate: 1.0x
[2026-04-03T01:55:42.588+0600][10.081s][info][gc          ] Trigger: Average GC time (116.45 ms) is above the time for average allocation rate (949 MB/s) to deplete free headroom (109M) (margin of error = 1.82)
[2026-04-03T01:55:42.588+0600][10.081s][info][gc,ergo     ] Free headroom: 134M (free) - 25600K (spike) - 0B (penalties) = 109M
[2026-04-03T01:55:42.588+0600][10.081s][info][gc,ergo     ] Free: 134M, Max: 256K regular, 53504K humongous, Frag: 62% external, 0% internal; Reserve: 25600K, Max: 256K
[2026-04-03T01:55:42.588+0600][10.081s][info][gc,start    ] GC(7) Concurrent reset
[2026-04-03T01:55:42.588+0600][10.081s][info][gc,task     ] GC(7) Using 3 of 6 workers for concurrent reset
[2026-04-03T01:55:42.588+0600][10.081s][info][gc,ergo     ] GC(7) Pacer for Reset. Non-Taxable: 500M
[2026-04-03T01:55:42.589+0600][10.082s][info][gc          ] GC(7) Concurrent reset 0.974ms
[2026-04-03T01:55:42.589+0600][10.082s][info][gc,start    ] GC(7) Pause Init Mark (unload classes)
[2026-04-03T01:55:42.589+0600][10.082s][info][gc,task     ] GC(7) Using 6 of 6 workers for init marking
[2026-04-03T01:55:42.589+0600][10.082s][info][gc,ergo     ] GC(7) Pacer for Mark. Expected Live: 38685K, Free: 133M, Non-Taxable: 13686K, Alloc Tax Rate: 0.3x
[2026-04-03T01:55:42.589+0600][10.082s][info][gc          ] GC(7) Pause Init Mark (unload classes) 0.097ms
[2026-04-03T01:55:42.589+0600][10.082s][info][gc,start    ] GC(7) Concurrent marking roots
[2026-04-03T01:55:42.589+0600][10.082s][info][gc,task     ] GC(7) Using 3 of 6 workers for concurrent marking roots
[2026-04-03T01:55:42.589+0600][10.083s][info][gc          ] GC(7) Concurrent marking roots 0.417ms
[2026-04-03T01:55:42.590+0600][10.083s][info][gc,start    ] GC(7) Concurrent marking (unload classes)
[2026-04-03T01:55:42.590+0600][10.083s][info][gc,task     ] GC(7) Using 3 of 6 workers for concurrent marking
[2026-04-03T01:55:42.631+0600][10.124s][info][gc          ] GC(7) Concurrent marking (unload classes) 41.302ms
[2026-04-03T01:55:42.631+0600][10.124s][info][gc,start    ] GC(7) Pause Final Mark (unload classes)
[2026-04-03T01:55:42.631+0600][10.124s][info][gc,task     ] GC(7) Using 6 of 6 workers for final marking
[2026-04-03T01:55:42.631+0600][10.124s][info][gc,ergo     ] GC(7) Adaptive CSet Selection. Target Free: 72533K, Actual Free: 125M, Max CSet: 21333K, Min Garbage: 0B
[2026-04-03T01:55:42.632+0600][10.125s][info][gc,ergo     ] GC(7) Collectable Garbage: 232M (92%), Immediate: 0B (0%), CSet: 232M (92%)
[2026-04-03T01:55:42.632+0600][10.125s][info][gc,ergo     ] GC(7) Pacer for Evacuation. Used CSet: 253M, Free: 100M, Non-Taxable: 10332K, Alloc Tax Rate: 6.1x
[2026-04-03T01:55:42.632+0600][10.125s][info][gc          ] GC(7) Pause Final Mark (unload classes) 0.509ms
[2026-04-03T01:55:42.632+0600][10.125s][info][gc,start    ] GC(7) Concurrent thread roots
[2026-04-03T01:55:42.632+0600][10.125s][info][gc,task     ] GC(7) Using 3 of 6 workers for Concurrent thread roots
[2026-04-03T01:55:42.632+0600][10.125s][info][gc          ] GC(7) Concurrent thread roots 0.605ms
[2026-04-03T01:55:42.632+0600][10.125s][info][gc,start    ] GC(7) Concurrent weak references
[2026-04-03T01:55:42.632+0600][10.125s][info][gc,task     ] GC(7) Using 3 of 6 workers for concurrent weak references
[2026-04-03T01:55:42.633+0600][10.126s][info][gc,ref      ] GC(7) Encountered references: Soft: 3982, Weak: 2731, Final: 74, Phantom: 581
[2026-04-03T01:55:42.633+0600][10.126s][info][gc,ref      ] GC(7) Discovered  references: Soft: 0, Weak: 1119, Final: 40, Phantom: 579
[2026-04-03T01:55:42.633+0600][10.126s][info][gc,ref      ] GC(7) Enqueued    references: Soft: 0, Weak: 0, Final: 0, Phantom: 0
[2026-04-03T01:55:42.633+0600][10.126s][info][gc          ] GC(7) Concurrent weak references 0.470ms
[2026-04-03T01:55:42.633+0600][10.126s][info][gc,start    ] GC(7) Concurrent weak roots
[2026-04-03T01:55:42.633+0600][10.126s][info][gc,task     ] GC(7) Using 3 of 6 workers for concurrent weak root
[2026-04-03T01:55:42.634+0600][10.127s][info][gc          ] GC(7) Concurrent weak roots 1.523ms
[2026-04-03T01:55:42.634+0600][10.127s][info][gc,start    ] GC(7) Concurrent cleanup
[2026-04-03T01:55:42.635+0600][10.128s][info][gc          ] GC(7) Concurrent cleanup 374M->375M(500M) 0.299ms
[2026-04-03T01:55:42.635+0600][10.128s][info][gc,ergo     ] GC(7) Free: 101023K, Max: 256K regular, 53504K humongous, Frag: 47% external, 0% internal; Reserve: 25597K, Max: 256K
[2026-04-03T01:55:42.635+0600][10.128s][info][gc,start    ] GC(7) Concurrent class unloading
[2026-04-03T01:55:42.635+0600][10.128s][info][gc,task     ] GC(7) Using 3 of 6 workers for concurrent class unloading
[2026-04-03T01:55:42.637+0600][10.130s][info][gc          ] GC(7) Concurrent class unloading 2.340ms
[2026-04-03T01:55:42.637+0600][10.130s][info][gc,start    ] GC(7) Concurrent strong roots
[2026-04-03T01:55:42.637+0600][10.130s][info][gc,task     ] GC(7) Using 3 of 6 workers for concurrent strong root
[2026-04-03T01:55:42.638+0600][10.131s][info][gc          ] GC(7) Concurrent strong roots 0.353ms
[2026-04-03T01:55:42.638+0600][10.131s][info][gc,start    ] GC(7) Concurrent evacuation
[2026-04-03T01:55:42.638+0600][10.131s][info][gc,task     ] GC(7) Using 3 of 6 workers for concurrent evacuation
[2026-04-03T01:55:42.648+0600][10.141s][info][gc          ] GC(7) Concurrent evacuation 10.730ms
[2026-04-03T01:55:42.649+0600][10.142s][info][gc,start    ] GC(7) Pause Init Update Refs
[2026-04-03T01:55:42.649+0600][10.142s][info][gc,ergo     ] GC(7) Pacer for Update Refs. Used: 406M, Free: 90527K, Non-Taxable: 9052K, Alloc Tax Rate: 5.6x
[2026-04-03T01:55:42.649+0600][10.142s][info][gc          ] GC(7) Pause Init Update Refs 0.071ms
[2026-04-03T01:55:42.649+0600][10.142s][info][gc,start    ] GC(7) Concurrent update references
[2026-04-03T01:55:42.649+0600][10.142s][info][gc,task     ] GC(7) Using 3 of 6 workers for concurrent reference update
[2026-04-03T01:55:42.686+0600][10.179s][info][gc          ] GC(7) Concurrent update references 36.717ms
[2026-04-03T01:55:42.686+0600][10.179s][info][gc,start    ] GC(7) Concurrent update thread roots
[2026-04-03T01:55:42.686+0600][10.179s][info][gc          ] GC(7) Concurrent update thread roots 0.532ms
[2026-04-03T01:55:42.686+0600][10.179s][info][gc,start    ] GC(7) Pause Final Update Refs
[2026-04-03T01:55:42.686+0600][10.179s][info][gc,task     ] GC(7) Using 6 of 6 workers for final reference update
[2026-04-03T01:55:42.687+0600][10.180s][info][gc          ] GC(7) Pause Final Update Refs 0.115ms
[2026-04-03T01:55:42.687+0600][10.180s][info][gc,start    ] GC(7) Concurrent cleanup
[2026-04-03T01:55:42.687+0600][10.180s][info][gc          ] GC(7) Concurrent cleanup 433M->180M(500M) 0.487ms
[2026-04-03T01:55:42.687+0600][10.180s][info][gc,ergo     ] Free: 292M, Max: 256K regular, 121M humongous, Frag: 59% external, 0% internal; Reserve: 25600K, Max: 256K
[2026-04-03T01:55:42.687+0600][10.180s][info][gc,stats    ] 
[2026-04-03T01:55:42.687+0600][10.180s][info][gc,stats    ] All times are wall-clock times, except per-root-class counters, that are sum over
[2026-04-03T01:55:42.687+0600][10.180s][info][gc,stats    ] all workers. Dividing the <total> over the root stage time estimates parallelism.
[2026-04-03T01:55:42.687+0600][10.180s][info][gc,stats    ] 
[2026-04-03T01:55:42.687+0600][10.180s][info][gc,stats    ] Concurrent Reset                   1015 us
[2026-04-03T01:55:42.687+0600][10.180s][info][gc,stats    ] Pause Init Mark (G)                 362 us
[2026-04-03T01:55:42.687+0600][10.180s][info][gc,stats    ] Pause Init Mark (N)                 103 us
[2026-04-03T01:55:42.687+0600][10.180s][info][gc,stats    ]   Update Region States               42 us
[2026-04-03T01:55:42.687+0600][10.180s][info][gc,stats    ] Concurrent Mark Roots               449 us, parallelism: 1.25x
[2026-04-03T01:55:42.687+0600][10.180s][info][gc,stats    ]   CMR: <total>                      563 us
[2026-04-03T01:55:42.687+0600][10.180s][info][gc,stats    ]   CMR: Thread Roots                 402 us, workers (us): 189,  38, 175, ---, ---, ---, 
[2026-04-03T01:55:42.687+0600][10.180s][info][gc,stats    ]   CMR: VM Strong Roots               15 us, workers (us):  10,   4,   1, ---, ---, ---, 
[2026-04-03T01:55:42.687+0600][10.180s][info][gc,stats    ]   CMR: CLDG Roots                   146 us, workers (us): ---, 146, ---, ---, ---, ---, 
[2026-04-03T01:55:42.687+0600][10.180s][info][gc,stats    ] Concurrent Marking                41369 us
[2026-04-03T01:55:42.687+0600][10.180s][info][gc,stats    ] Pause Final Mark (G)                871 us
[2026-04-03T01:55:42.687+0600][10.180s][info][gc,stats    ] Pause Final Mark (N)                518 us
[2026-04-03T01:55:42.687+0600][10.180s][info][gc,stats    ]   Finish Mark                       138 us
[2026-04-03T01:55:42.687+0600][10.180s][info][gc,stats    ]   Update Region States               22 us
[2026-04-03T01:55:42.687+0600][10.180s][info][gc,stats    ]   Choose Collection Set             253 us
[2026-04-03T01:55:42.687+0600][10.180s][info][gc,stats    ]   Rebuild Free Set                   19 us
[2026-04-03T01:55:42.687+0600][10.180s][info][gc,stats    ] Concurrent Thread Roots             649 us, parallelism: 1.35x
[2026-04-03T01:55:42.687+0600][10.180s][info][gc,stats    ]   CTR: <total>                      873 us
[2026-04-03T01:55:42.687+0600][10.180s][info][gc,stats    ]   CTR: Thread Roots                 873 us, workers (us): 286, 266, 320, ---, ---, ---, 
[2026-04-03T01:55:42.687+0600][10.180s][info][gc,stats    ] Concurrent Weak References          480 us, parallelism: 0.61x
[2026-04-03T01:55:42.687+0600][10.180s][info][gc,stats    ]   CWRF: <total>                     294 us
[2026-04-03T01:55:42.687+0600][10.180s][info][gc,stats    ]   CWRF: Weak References             294 us, workers (us): 221,  72,   1, ---, ---, ---, 
[2026-04-03T01:55:42.687+0600][10.180s][info][gc,stats    ] Concurrent Weak Roots              1565 us
[2026-04-03T01:55:42.687+0600][10.180s][info][gc,stats    ]   Roots                            1272 us, parallelism: 2.19x
[2026-04-03T01:55:42.687+0600][10.180s][info][gc,stats    ]     CWR: <total>                   2784 us
[2026-04-03T01:55:42.687+0600][10.180s][info][gc,stats    ]     CWR: Code Cache Roots          1867 us, workers (us): 608, 669, 590, ---, ---, ---, 
[2026-04-03T01:55:42.687+0600][10.180s][info][gc,stats    ]     CWR: VM Weak Roots              892 us, workers (us): 297, 299, 296, ---, ---, ---, 
[2026-04-03T01:55:42.687+0600][10.180s][info][gc,stats    ]     CWR: CLDG Roots                  24 us, workers (us): ---, ---,  24, ---, ---, ---, 
[2026-04-03T01:55:42.687+0600][10.180s][info][gc,stats    ]   Rendezvous                        232 us
[2026-04-03T01:55:42.687+0600][10.180s][info][gc,stats    ] Concurrent Cleanup                  310 us
[2026-04-03T01:55:42.687+0600][10.180s][info][gc,stats    ] Concurrent Class Unloading         2380 us
[2026-04-03T01:55:42.687+0600][10.180s][info][gc,stats    ]   Unlink Stale                     2080 us
[2026-04-03T01:55:42.687+0600][10.180s][info][gc,stats    ]     System Dictionary                25 us
[2026-04-03T01:55:42.687+0600][10.180s][info][gc,stats    ]     Weak Class Links                  0 us
[2026-04-03T01:55:42.687+0600][10.180s][info][gc,stats    ]     Code Roots                     2053 us
[2026-04-03T01:55:42.687+0600][10.180s][info][gc,stats    ]   Rendezvous                        233 us
[2026-04-03T01:55:42.687+0600][10.180s][info][gc,stats    ]   Purge Unlinked                      9 us
[2026-04-03T01:55:42.687+0600][10.180s][info][gc,stats    ]     Code Roots                        3 us
[2026-04-03T01:55:42.687+0600][10.180s][info][gc,stats    ]     CLDG                              5 us
[2026-04-03T01:55:42.687+0600][10.180s][info][gc,stats    ]     Exception Caches                  0 us
[2026-04-03T01:55:42.687+0600][10.180s][info][gc,stats    ] Concurrent Strong Roots             392 us, parallelism: 0.56x
[2026-04-03T01:55:42.687+0600][10.180s][info][gc,stats    ]   CSR: <total>                      219 us
[2026-04-03T01:55:42.687+0600][10.180s][info][gc,stats    ]   CSR: VM Strong Roots               13 us, workers (us):   6,   7,   0, ---, ---, ---, 
[2026-04-03T01:55:42.687+0600][10.181s][info][gc,stats    ]   CSR: CLDG Roots                   206 us, workers (us): 206, ---, ---, ---, ---, ---, 
[2026-04-03T01:55:42.688+0600][10.181s][info][gc,stats    ] Concurrent Evacuation             10794 us
[2026-04-03T01:55:42.688+0600][10.181s][info][gc,stats    ] Pause Init Update Refs (G)          455 us
[2026-04-03T01:55:42.688+0600][10.181s][info][gc,stats    ] Pause Init Update Refs (N)           80 us
[2026-04-03T01:55:42.688+0600][10.181s][info][gc,stats    ]   Manage GCLABs                      13 us
[2026-04-03T01:55:42.688+0600][10.181s][info][gc,stats    ] Concurrent Update Refs            36802 us
[2026-04-03T01:55:42.688+0600][10.181s][info][gc,stats    ] Concurrent Update Thread Roots      571 us
[2026-04-03T01:55:42.688+0600][10.181s][info][gc,stats    ] Pause Final Update Refs (G)         454 us
[2026-04-03T01:55:42.688+0600][10.181s][info][gc,stats    ] Pause Final Update Refs (N)         127 us
[2026-04-03T01:55:42.688+0600][10.181s][info][gc,stats    ]   Update Region States               27 us
[2026-04-03T01:55:42.688+0600][10.181s][info][gc,stats    ]   Trash Collection Set               14 us
[2026-04-03T01:55:42.688+0600][10.181s][info][gc,stats    ]   Rebuild Free Set                   22 us
[2026-04-03T01:55:42.688+0600][10.181s][info][gc,stats    ] Concurrent Cleanup                  501 us
[2026-04-03T01:55:42.688+0600][10.181s][info][gc,stats    ] 
[2026-04-03T01:55:42.688+0600][10.181s][info][gc,stats    ] Allocation pacing accrued:
[2026-04-03T01:55:42.688+0600][10.181s][info][gc,stats    ]       0 of   259 ms (  0.0%): <total>
[2026-04-03T01:55:42.688+0600][10.181s][info][gc,stats    ]       0 of   259 ms (  0.0%): <average total>
[2026-04-03T01:55:42.688+0600][10.181s][info][gc,stats    ] 
[2026-04-03T01:55:42.688+0600][10.181s][info][gc,metaspace] Metaspace: 48938K(49408K)->48938K(49408K) NonClass: 42838K(43136K)->42838K(43136K) Class: 6100K(6272K)->6100K(6272K)
[2026-04-03T01:55:42.688+0600][10.181s][info][gc,ergo     ] Pacer for Idle. Initial: 10240K, Alloc Tax Rate: 1.0x
[2026-04-03T01:55:42.833+0600][10.326s][info][gc          ] Trigger: Average GC time (126.27 ms) is above the time for average allocation rate (949 MB/s) to deplete free headroom (119M) (margin of error = 1.83)
[2026-04-03T01:55:42.833+0600][10.326s][info][gc,ergo     ] Free headroom: 144M (free) - 25600K (spike) - 0B (penalties) = 119M
[2026-04-03T01:55:42.833+0600][10.326s][info][gc,ergo     ] Free: 144M, Max: 256K regular, 60672K humongous, Frag: 59% external, 0% internal; Reserve: 25600K, Max: 256K
[2026-04-03T01:55:42.833+0600][10.326s][info][gc,start    ] GC(8) Concurrent reset
[2026-04-03T01:55:42.833+0600][10.326s][info][gc,task     ] GC(8) Using 3 of 6 workers for concurrent reset
[2026-04-03T01:55:42.833+0600][10.326s][info][gc,ergo     ] GC(8) Pacer for Reset. Non-Taxable: 500M
[2026-04-03T01:55:42.834+0600][10.327s][info][gc          ] GC(8) Concurrent reset 0.928ms
[2026-04-03T01:55:42.835+0600][10.328s][info][gc,start    ] GC(8) Pause Init Mark (unload classes)
[2026-04-03T01:55:42.835+0600][10.328s][info][gc,task     ] GC(8) Using 6 of 6 workers for init marking
[2026-04-03T01:55:42.835+0600][10.328s][info][gc,ergo     ] GC(8) Pacer for Mark. Expected Live: 53184K, Free: 143M, Non-Taxable: 14684K, Alloc Tax Rate: 0.4x
[2026-04-03T01:55:42.835+0600][10.328s][info][gc          ] GC(8) Pause Init Mark (unload classes) 0.100ms
[2026-04-03T01:55:42.835+0600][10.328s][info][gc,start    ] GC(8) Concurrent marking roots
[2026-04-03T01:55:42.835+0600][10.328s][info][gc,task     ] GC(8) Using 3 of 6 workers for concurrent marking roots
[2026-04-03T01:55:42.835+0600][10.328s][info][gc          ] GC(8) Concurrent marking roots 0.457ms
[2026-04-03T01:55:42.835+0600][10.328s][info][gc,start    ] GC(8) Concurrent marking (unload classes)
[2026-04-03T01:55:42.835+0600][10.328s][info][gc,task     ] GC(8) Using 3 of 6 workers for concurrent marking
[2026-04-03T01:55:42.881+0600][10.374s][info][gc          ] GC(8) Concurrent marking (unload classes) 45.840ms
[2026-04-03T01:55:42.881+0600][10.374s][info][gc,start    ] GC(8) Pause Final Mark (unload classes)
[2026-04-03T01:55:42.881+0600][10.374s][info][gc,task     ] GC(8) Using 6 of 6 workers for final marking
[2026-04-03T01:55:42.882+0600][10.375s][info][gc,ergo     ] GC(8) Adaptive CSet Selection. Target Free: 72533K, Actual Free: 130M, Max CSet: 21333K, Min Garbage: 0B
[2026-04-03T01:55:42.882+0600][10.375s][info][gc,ergo     ] GC(8) Collectable Garbage: 221M (99%), Immediate: 0B (0%), CSet: 221M (99%)
[2026-04-03T01:55:42.882+0600][10.375s][info][gc,ergo     ] GC(8) Pacer for Evacuation. Used CSet: 242M, Free: 105M, Non-Taxable: 10768K, Alloc Tax Rate: 5.6x
[2026-04-03T01:55:42.882+0600][10.375s][info][gc          ] GC(8) Pause Final Mark (unload classes) 0.673ms
[2026-04-03T01:55:42.882+0600][10.375s][info][gc,start    ] GC(8) Concurrent thread roots
[2026-04-03T01:55:42.882+0600][10.375s][info][gc,task     ] GC(8) Using 3 of 6 workers for Concurrent thread roots
[2026-04-03T01:55:42.883+0600][10.376s][info][gc          ] GC(8) Concurrent thread roots 0.446ms
[2026-04-03T01:55:42.883+0600][10.376s][info][gc,start    ] GC(8) Concurrent weak references
[2026-04-03T01:55:42.883+0600][10.376s][info][gc,task     ] GC(8) Using 3 of 6 workers for concurrent weak references
[2026-04-03T01:55:42.883+0600][10.376s][info][gc,ref      ] GC(8) Encountered references: Soft: 3982, Weak: 2731, Final: 74, Phantom: 581
[2026-04-03T01:55:42.883+0600][10.376s][info][gc,ref      ] GC(8) Discovered  references: Soft: 0, Weak: 142, Final: 0, Phantom: 578
[2026-04-03T01:55:42.883+0600][10.376s][info][gc,ref      ] GC(8) Enqueued    references: Soft: 0, Weak: 0, Final: 0, Phantom: 0
[2026-04-03T01:55:42.883+0600][10.376s][info][gc          ] GC(8) Concurrent weak references 0.333ms
[2026-04-03T01:55:42.883+0600][10.376s][info][gc,start    ] GC(8) Concurrent weak roots
[2026-04-03T01:55:42.883+0600][10.376s][info][gc,task     ] GC(8) Using 3 of 6 workers for concurrent weak root
[2026-04-03T01:55:42.884+0600][10.377s][info][gc          ] GC(8) Concurrent weak roots 1.278ms
[2026-04-03T01:55:42.884+0600][10.377s][info][gc,start    ] GC(8) Concurrent cleanup
[2026-04-03T01:55:42.885+0600][10.378s][info][gc          ] GC(8) Concurrent cleanup 370M->370M(500M) 0.285ms
[2026-04-03T01:55:42.885+0600][10.378s][info][gc,ergo     ] GC(8) Free: 103M, Max: 256K regular, 41984K humongous, Frag: 61% external, 0% internal; Reserve: 25561K, Max: 256K
[2026-04-03T01:55:42.885+0600][10.378s][info][gc,start    ] GC(8) Concurrent class unloading
[2026-04-03T01:55:42.885+0600][10.378s][info][gc,task     ] GC(8) Using 3 of 6 workers for concurrent class unloading
[2026-04-03T01:55:42.887+0600][10.380s][info][gc          ] GC(8) Concurrent class unloading 2.547ms
[2026-04-03T01:55:42.887+0600][10.380s][info][gc,start    ] GC(8) Concurrent strong roots
[2026-04-03T01:55:42.887+0600][10.380s][info][gc,task     ] GC(8) Using 3 of 6 workers for concurrent strong root
[2026-04-03T01:55:42.888+0600][10.381s][info][gc          ] GC(8) Concurrent strong roots 0.548ms
[2026-04-03T01:55:42.888+0600][10.381s][info][gc,start    ] GC(8) Concurrent evacuation
[2026-04-03T01:55:42.888+0600][10.381s][info][gc,task     ] GC(8) Using 3 of 6 workers for concurrent evacuation
[2026-04-03T01:55:42.899+0600][10.392s][info][gc          ] GC(8) Concurrent evacuation 11.044ms
[2026-04-03T01:55:42.899+0600][10.392s][info][gc,start    ] GC(8) Pause Init Update Refs
[2026-04-03T01:55:42.899+0600][10.392s][info][gc,ergo     ] GC(8) Pacer for Update Refs. Used: 402M, Free: 94623K, Non-Taxable: 9462K, Alloc Tax Rate: 5.3x
[2026-04-03T01:55:42.899+0600][10.392s][info][gc          ] GC(8) Pause Init Update Refs 0.081ms
[2026-04-03T01:55:42.899+0600][10.392s][info][gc,start    ] GC(8) Concurrent update references
[2026-04-03T01:55:42.899+0600][10.392s][info][gc,task     ] GC(8) Using 3 of 6 workers for concurrent reference update
[2026-04-03T01:55:42.941+0600][10.434s][info][gc          ] GC(8) Concurrent update references 41.872ms
[2026-04-03T01:55:42.941+0600][10.434s][info][gc,start    ] GC(8) Concurrent update thread roots
[2026-04-03T01:55:42.942+0600][10.435s][info][gc          ] GC(8) Concurrent update thread roots 0.600ms
[2026-04-03T01:55:42.942+0600][10.435s][info][gc,start    ] GC(8) Pause Final Update Refs
[2026-04-03T01:55:42.942+0600][10.435s][info][gc,task     ] GC(8) Using 6 of 6 workers for final reference update
[2026-04-03T01:55:42.942+0600][10.435s][info][gc          ] GC(8) Pause Final Update Refs 0.113ms
[2026-04-03T01:55:42.942+0600][10.435s][info][gc,start    ] GC(8) Concurrent cleanup
[2026-04-03T01:55:42.943+0600][10.436s][info][gc          ] GC(8) Concurrent cleanup 434M->192M(500M) 0.433ms
[2026-04-03T01:55:42.943+0600][10.436s][info][gc,ergo     ] Free: 281M, Max: 256K regular, 101M humongous, Frag: 64% external, 0% internal; Reserve: 25600K, Max: 256K
[2026-04-03T01:55:42.943+0600][10.436s][info][gc,stats    ] 
[2026-04-03T01:55:42.943+0600][10.436s][info][gc,stats    ] All times are wall-clock times, except per-root-class counters, that are sum over
[2026-04-03T01:55:42.943+0600][10.436s][info][gc,stats    ] all workers. Dividing the <total> over the root stage time estimates parallelism.
[2026-04-03T01:55:42.943+0600][10.436s][info][gc,stats    ] 
[2026-04-03T01:55:42.943+0600][10.436s][info][gc,stats    ] Concurrent Reset                    956 us
[2026-04-03T01:55:42.943+0600][10.436s][info][gc,stats    ] Pause Init Mark (G)                 318 us
[2026-04-03T01:55:42.943+0600][10.436s][info][gc,stats    ] Pause Init Mark (N)                 107 us
[2026-04-03T01:55:42.943+0600][10.436s][info][gc,stats    ]   Update Region States               15 us
[2026-04-03T01:55:42.943+0600][10.436s][info][gc,stats    ] Concurrent Mark Roots               489 us, parallelism: 1.19x
[2026-04-03T01:55:42.943+0600][10.436s][info][gc,stats    ]   CMR: <total>                      583 us
[2026-04-03T01:55:42.943+0600][10.436s][info][gc,stats    ]   CMR: Thread Roots                 457 us, workers (us):  91, 193, 173, ---, ---, ---, 
[2026-04-03T01:55:42.943+0600][10.436s][info][gc,stats    ]   CMR: VM Strong Roots               16 us, workers (us):   9,   7,   0, ---, ---, ---, 
[2026-04-03T01:55:42.943+0600][10.436s][info][gc,stats    ]   CMR: CLDG Roots                   110 us, workers (us): 110, ---, ---, ---, ---, ---, 
[2026-04-03T01:55:42.943+0600][10.436s][info][gc,stats    ] Concurrent Marking                45908 us
[2026-04-03T01:55:42.943+0600][10.436s][info][gc,stats    ] Pause Final Mark (G)                990 us
[2026-04-03T01:55:42.943+0600][10.436s][info][gc,stats    ] Pause Final Mark (N)                682 us
[2026-04-03T01:55:42.943+0600][10.436s][info][gc,stats    ]   Finish Mark                       304 us
[2026-04-03T01:55:42.943+0600][10.436s][info][gc,stats    ]   Update Region States               21 us
[2026-04-03T01:55:42.943+0600][10.436s][info][gc,stats    ]   Choose Collection Set             266 us
[2026-04-03T01:55:42.943+0600][10.436s][info][gc,stats    ]   Rebuild Free Set                   18 us
[2026-04-03T01:55:42.943+0600][10.436s][info][gc,stats    ] Concurrent Thread Roots             486 us, parallelism: 1.09x
[2026-04-03T01:55:42.943+0600][10.436s][info][gc,stats    ]   CTR: <total>                      531 us
[2026-04-03T01:55:42.943+0600][10.436s][info][gc,stats    ]   CTR: Thread Roots                 531 us, workers (us): 183, 175, 173, ---, ---, ---, 
[2026-04-03T01:55:42.943+0600][10.436s][info][gc,stats    ] Concurrent Weak References          342 us, parallelism: 0.36x
[2026-04-03T01:55:42.943+0600][10.436s][info][gc,stats    ]   CWRF: <total>                     123 us
[2026-04-03T01:55:42.943+0600][10.436s][info][gc,stats    ]   CWRF: Weak References             123 us, workers (us): 110,  14,   0, ---, ---, ---, 
[2026-04-03T01:55:42.943+0600][10.436s][info][gc,stats    ] Concurrent Weak Roots              1318 us
[2026-04-03T01:55:42.943+0600][10.436s][info][gc,stats    ]   Roots                            1025 us, parallelism: 2.25x
[2026-04-03T01:55:42.943+0600][10.436s][info][gc,stats    ]     CWR: <total>                   2308 us
[2026-04-03T01:55:42.943+0600][10.436s][info][gc,stats    ]     CWR: Code Cache Roots          1383 us, workers (us): 485, 450, 448, ---, ---, ---, 
[2026-04-03T01:55:42.943+0600][10.436s][info][gc,stats    ]     CWR: VM Weak Roots              900 us, workers (us): 349, 274, 277, ---, ---, ---, 
[2026-04-03T01:55:42.943+0600][10.436s][info][gc,stats    ]     CWR: CLDG Roots                  25 us, workers (us): ---,  25, ---, ---, ---, ---, 
[2026-04-03T01:55:42.943+0600][10.436s][info][gc,stats    ]   Rendezvous                        217 us
[2026-04-03T01:55:42.943+0600][10.436s][info][gc,stats    ] Concurrent Cleanup                  297 us
[2026-04-03T01:55:42.943+0600][10.436s][info][gc,stats    ] Concurrent Class Unloading         2587 us
[2026-04-03T01:55:42.943+0600][10.436s][info][gc,stats    ]   Unlink Stale                     2301 us
[2026-04-03T01:55:42.943+0600][10.436s][info][gc,stats    ]     System Dictionary                34 us
[2026-04-03T01:55:42.943+0600][10.436s][info][gc,stats    ]     Weak Class Links                  0 us
[2026-04-03T01:55:42.943+0600][10.436s][info][gc,stats    ]     Code Roots                     2265 us
[2026-04-03T01:55:42.943+0600][10.436s][info][gc,stats    ]   Rendezvous                        219 us
[2026-04-03T01:55:42.943+0600][10.436s][info][gc,stats    ]   Purge Unlinked                      9 us
[2026-04-03T01:55:42.943+0600][10.436s][info][gc,stats    ]     Code Roots                        3 us
[2026-04-03T01:55:42.943+0600][10.436s][info][gc,stats    ]     CLDG                              5 us
[2026-04-03T01:55:42.943+0600][10.436s][info][gc,stats    ]     Exception Caches                  0 us
[2026-04-03T01:55:42.943+0600][10.436s][info][gc,stats    ] Concurrent Strong Roots             588 us, parallelism: 0.53x
[2026-04-03T01:55:42.943+0600][10.436s][info][gc,stats    ]   CSR: <total>                      313 us
[2026-04-03T01:55:42.943+0600][10.436s][info][gc,stats    ]   CSR: VM Strong Roots               15 us, workers (us):   8,   4,   3, ---, ---, ---, 
[2026-04-03T01:55:42.943+0600][10.436s][info][gc,stats    ]   CSR: CLDG Roots                   299 us, workers (us): ---, 299, ---, ---, ---, ---, 
[2026-04-03T01:55:42.943+0600][10.436s][info][gc,stats    ] Concurrent Evacuation             11113 us
[2026-04-03T01:55:42.943+0600][10.436s][info][gc,stats    ] Pause Init Update Refs (G)          467 us
[2026-04-03T01:55:42.943+0600][10.436s][info][gc,stats    ] Pause Init Update Refs (N)           91 us
[2026-04-03T01:55:42.943+0600][10.436s][info][gc,stats    ]   Manage GCLABs                      26 us
[2026-04-03T01:55:42.943+0600][10.436s][info][gc,stats    ] Concurrent Update Refs            41941 us
[2026-04-03T01:55:42.943+0600][10.436s][info][gc,stats    ] Concurrent Update Thread Roots      640 us
[2026-04-03T01:55:42.943+0600][10.436s][info][gc,stats    ] Pause Final Update Refs (G)         455 us
[2026-04-03T01:55:42.943+0600][10.436s][info][gc,stats    ] Pause Final Update Refs (N)         124 us
[2026-04-03T01:55:42.943+0600][10.436s][info][gc,stats    ]   Update Region States               27 us
[2026-04-03T01:55:42.943+0600][10.436s][info][gc,stats    ]   Trash Collection Set               13 us
[2026-04-03T01:55:42.943+0600][10.436s][info][gc,stats    ]   Rebuild Free Set                   20 us
[2026-04-03T01:55:42.943+0600][10.436s][info][gc,stats    ] Concurrent Cleanup                  448 us
[2026-04-03T01:55:42.943+0600][10.436s][info][gc,stats    ] 
[2026-04-03T01:55:42.943+0600][10.436s][info][gc,stats    ] Allocation pacing accrued:
[2026-04-03T01:55:42.943+0600][10.436s][info][gc,stats    ]       0 of   256 ms (  0.0%): <total>
[2026-04-03T01:55:42.943+0600][10.436s][info][gc,stats    ]       0 of   256 ms (  0.0%): <average total>
[2026-04-03T01:55:42.943+0600][10.436s][info][gc,stats    ] 
[2026-04-03T01:55:42.943+0600][10.436s][info][gc,metaspace] Metaspace: 48938K(49408K)->48938K(49408K) NonClass: 42838K(43136K)->42838K(43136K) Class: 6100K(6272K)->6100K(6272K)
[2026-04-03T01:55:42.943+0600][10.436s][info][gc,ergo     ] Pacer for Idle. Initial: 10240K, Alloc Tax Rate: 1.0x
[2026-04-03T01:55:44.996+0600][12.489s][info][gc          ] Trigger: Explicit GC request (System.gc())
[2026-04-03T01:55:44.996+0600][12.489s][info][gc,ergo     ] Free: 90527K, Max: 256K regular, 90368K humongous, Frag: 0% external, 0% internal; Reserve: 25600K, Max: 256K
[2026-04-03T01:55:44.997+0600][12.490s][info][gc,start    ] GC(9) Concurrent reset
[2026-04-03T01:55:44.997+0600][12.490s][info][gc,task     ] GC(9) Using 3 of 6 workers for concurrent reset
[2026-04-03T01:55:44.997+0600][12.490s][info][gc,ergo     ] GC(9) Pacer for Reset. Non-Taxable: 500M
[2026-04-03T01:55:44.998+0600][12.491s][info][gc          ] GC(9) Concurrent reset 1.013ms
[2026-04-03T01:55:44.998+0600][12.491s][info][gc,start    ] GC(9) Pause Init Mark (unload classes)
[2026-04-03T01:55:44.998+0600][12.491s][info][gc,task     ] GC(9) Using 6 of 6 workers for init marking
[2026-04-03T01:55:44.998+0600][12.491s][info][gc,ref      ] GC(9) Clearing All SoftReferences
[2026-04-03T01:55:44.998+0600][12.491s][info][gc,ergo     ] GC(9) Pacer for Mark. Expected Live: 70924K, Free: 90527K, Non-Taxable: 9052K, Alloc Tax Rate: 1.0x
[2026-04-03T01:55:44.998+0600][12.491s][info][gc          ] GC(9) Pause Init Mark (unload classes) 0.201ms
[2026-04-03T01:55:44.998+0600][12.491s][info][gc,start    ] GC(9) Concurrent marking roots
[2026-04-03T01:55:44.998+0600][12.491s][info][gc,task     ] GC(9) Using 3 of 6 workers for concurrent marking roots
[2026-04-03T01:55:44.999+0600][12.492s][info][gc          ] GC(9) Concurrent marking roots 0.717ms
[2026-04-03T01:55:44.999+0600][12.492s][info][gc,start    ] GC(9) Concurrent marking (unload classes)
[2026-04-03T01:55:44.999+0600][12.492s][info][gc,task     ] GC(9) Using 3 of 6 workers for concurrent marking
[2026-04-03T01:55:45.013+0600][12.506s][info][gc          ] GC(9) Concurrent marking (unload classes) 14.099ms
[2026-04-03T01:55:45.013+0600][12.506s][info][gc,start    ] GC(9) Pause Final Mark (unload classes)
[2026-04-03T01:55:45.013+0600][12.506s][info][gc,task     ] GC(9) Using 6 of 6 workers for final marking
[2026-04-03T01:55:45.014+0600][12.507s][info][gc,ergo     ] GC(9) Adaptive CSet Selection. Target Free: 72533K, Actual Free: 418M, Max CSet: 21333K, Min Garbage: 0B
[2026-04-03T01:55:45.014+0600][12.507s][info][gc,ergo     ] GC(9) Collectable Garbage: 355M (99%), Immediate: 304M (85%), CSet: 51489K (14%)
[2026-04-03T01:55:45.014+0600][12.507s][info][gc,ergo     ] GC(9) Pacer for Evacuation. Used CSet: 54784K, Free: 395M, Non-Taxable: 40540K, Alloc Tax Rate: 1.1x
[2026-04-03T01:55:45.014+0600][12.507s][info][gc          ] GC(9) Pause Final Mark (unload classes) 0.792ms
[2026-04-03T01:55:45.014+0600][12.507s][info][gc,start    ] GC(9) Concurrent thread roots
[2026-04-03T01:55:45.014+0600][12.507s][info][gc,task     ] GC(9) Using 3 of 6 workers for Concurrent thread roots
[2026-04-03T01:55:45.015+0600][12.508s][info][gc          ] GC(9) Concurrent thread roots 0.530ms
[2026-04-03T01:55:45.015+0600][12.508s][info][gc,start    ] GC(9) Concurrent weak references
[2026-04-03T01:55:45.015+0600][12.508s][info][gc,task     ] GC(9) Using 3 of 6 workers for concurrent weak references
[2026-04-03T01:55:45.015+0600][12.508s][info][gc,ref      ] GC(9) Encountered references: Soft: 4058, Weak: 3670, Final: 74, Phantom: 588
[2026-04-03T01:55:45.015+0600][12.508s][info][gc,ref      ] GC(9) Discovered  references: Soft: 3317, Weak: 619, Final: 0, Phantom: 583
[2026-04-03T01:55:45.015+0600][12.508s][info][gc,ref      ] GC(9) Enqueued    references: Soft: 1591, Weak: 480, Final: 0, Phantom: 1
[2026-04-03T01:55:45.015+0600][12.508s][info][gc          ] GC(9) Concurrent weak references 0.581ms
[2026-04-03T01:55:45.015+0600][12.508s][info][gc,start    ] GC(9) Concurrent weak roots
[2026-04-03T01:55:45.015+0600][12.508s][info][gc,task     ] GC(9) Using 3 of 6 workers for concurrent weak root
[2026-04-03T01:55:45.017+0600][12.510s][info][gc          ] GC(9) Concurrent weak roots 2.104ms
[2026-04-03T01:55:45.018+0600][12.511s][info][gc,start    ] GC(9) Concurrent cleanup
[2026-04-03T01:55:45.018+0600][12.511s][info][gc          ] GC(9) Concurrent cleanup 383M->78M(500M) 0.493ms
[2026-04-03T01:55:45.018+0600][12.511s][info][gc,ergo     ] GC(9) Free: 395M, Max: 256K regular, 112M humongous, Frag: 72% external, 0% internal; Reserve: 25466K, Max: 256K
[2026-04-03T01:55:45.018+0600][12.511s][info][gc,start    ] GC(9) Concurrent class unloading
[2026-04-03T01:55:45.018+0600][12.511s][info][gc,task     ] GC(9) Using 3 of 6 workers for concurrent class unloading
[2026-04-03T01:55:45.031+0600][12.524s][info][gc          ] GC(9) Concurrent class unloading 12.671ms
[2026-04-03T01:55:45.031+0600][12.524s][info][gc,start    ] GC(9) Concurrent strong roots
[2026-04-03T01:55:45.031+0600][12.524s][info][gc,task     ] GC(9) Using 3 of 6 workers for concurrent strong root
[2026-04-03T01:55:45.032+0600][12.525s][info][gc          ] GC(9) Concurrent strong roots 1.242ms
[2026-04-03T01:55:45.032+0600][12.525s][info][gc,start    ] GC(9) Concurrent evacuation
[2026-04-03T01:55:45.032+0600][12.525s][info][gc,task     ] GC(9) Using 3 of 6 workers for concurrent evacuation
[2026-04-03T01:55:45.034+0600][12.527s][info][gc          ] GC(9) Concurrent evacuation 2.307ms
[2026-04-03T01:55:45.035+0600][12.528s][info][gc,start    ] GC(9) Pause Init Update Refs
[2026-04-03T01:55:45.035+0600][12.528s][info][gc,ergo     ] GC(9) Pacer for Update Refs. Used: 84055K, Free: 395M, Non-Taxable: 40519K, Alloc Tax Rate: 1.1x
[2026-04-03T01:55:45.035+0600][12.528s][info][gc          ] GC(9) Pause Init Update Refs 0.135ms
[2026-04-03T01:55:45.035+0600][12.528s][info][gc,start    ] GC(9) Concurrent update references
[2026-04-03T01:55:45.035+0600][12.528s][info][gc,task     ] GC(9) Using 3 of 6 workers for concurrent reference update
[2026-04-03T01:55:45.044+0600][12.537s][info][gc          ] GC(9) Concurrent update references 9.310ms
[2026-04-03T01:55:45.044+0600][12.537s][info][gc,start    ] GC(9) Concurrent update thread roots
[2026-04-03T01:55:45.045+0600][12.538s][info][gc          ] GC(9) Concurrent update thread roots 0.815ms
[2026-04-03T01:55:45.045+0600][12.538s][info][gc,start    ] GC(9) Pause Final Update Refs
[2026-04-03T01:55:45.045+0600][12.538s][info][gc,task     ] GC(9) Using 6 of 6 workers for final reference update
[2026-04-03T01:55:45.045+0600][12.538s][info][gc          ] GC(9) Pause Final Update Refs 0.118ms
[2026-04-03T01:55:45.045+0600][12.538s][info][gc,start    ] GC(9) Concurrent cleanup
[2026-04-03T01:55:45.046+0600][12.539s][info][gc          ] GC(9) Concurrent cleanup 82M->28M(500M) 0.375ms
[2026-04-03T01:55:45.046+0600][12.539s][info][gc,ergo     ] Free: 445M, Max: 256K regular, 179M humongous, Frag: 60% external, 0% internal; Reserve: 25600K, Max: 256K
[2026-04-03T01:55:45.046+0600][12.539s][info][gc,stats    ] 
[2026-04-03T01:55:45.046+0600][12.539s][info][gc,stats    ] All times are wall-clock times, except per-root-class counters, that are sum over
[2026-04-03T01:55:45.046+0600][12.539s][info][gc,stats    ] all workers. Dividing the <total> over the root stage time estimates parallelism.
[2026-04-03T01:55:45.046+0600][12.539s][info][gc,stats    ] 
[2026-04-03T01:55:45.046+0600][12.539s][info][gc,stats    ] Concurrent Reset                   1065 us
[2026-04-03T01:55:45.046+0600][12.539s][info][gc,stats    ] Pause Init Mark (G)                 454 us
[2026-04-03T01:55:45.046+0600][12.539s][info][gc,stats    ] Pause Init Mark (N)                 211 us
[2026-04-03T01:55:45.046+0600][12.539s][info][gc,stats    ]   Update Region States               24 us
[2026-04-03T01:55:45.046+0600][12.539s][info][gc,stats    ] Concurrent Mark Roots               778 us, parallelism: 1.24x
[2026-04-03T01:55:45.046+0600][12.539s][info][gc,stats    ]   CMR: <total>                      967 us
[2026-04-03T01:55:45.046+0600][12.539s][info][gc,stats    ]   CMR: Thread Roots                 696 us, workers (us): 120, 298, 277, ---, ---, ---, 
[2026-04-03T01:55:45.046+0600][12.539s][info][gc,stats    ]   CMR: VM Strong Roots               26 us, workers (us):  21,   5,   1, ---, ---, ---, 
[2026-04-03T01:55:45.046+0600][12.539s][info][gc,stats    ]   CMR: CLDG Roots                   245 us, workers (us): 245, ---, ---, ---, ---, ---, 
[2026-04-03T01:55:45.046+0600][12.539s][info][gc,stats    ] Concurrent Marking                14219 us
[2026-04-03T01:55:45.046+0600][12.539s][info][gc,stats    ] Pause Final Mark (G)               1138 us
[2026-04-03T01:55:45.046+0600][12.539s][info][gc,stats    ] Pause Final Mark (N)                807 us
[2026-04-03T01:55:45.046+0600][12.539s][info][gc,stats    ]   Finish Mark                       150 us
[2026-04-03T01:55:45.046+0600][12.539s][info][gc,stats    ]   Update Region States               91 us
[2026-04-03T01:55:45.046+0600][12.539s][info][gc,stats    ]   Choose Collection Set             301 us
[2026-04-03T01:55:45.046+0600][12.539s][info][gc,stats    ]   Rebuild Free Set                   39 us
[2026-04-03T01:55:45.046+0600][12.539s][info][gc,stats    ] Concurrent Thread Roots             583 us, parallelism: 1.55x
[2026-04-03T01:55:45.046+0600][12.539s][info][gc,stats    ]   CTR: <total>                      902 us
[2026-04-03T01:55:45.046+0600][12.539s][info][gc,stats    ]   CTR: Thread Roots                 902 us, workers (us): 335, 294, 273, ---, ---, ---, 
[2026-04-03T01:55:45.046+0600][12.539s][info][gc,stats    ] Concurrent Weak References          597 us, parallelism: 1.50x
[2026-04-03T01:55:45.046+0600][12.539s][info][gc,stats    ]   CWRF: <total>                     897 us
[2026-04-03T01:55:45.046+0600][12.539s][info][gc,stats    ]   CWRF: Weak References             897 us, workers (us): 159, 354, 384, ---, ---, ---, 
[2026-04-03T01:55:45.046+0600][12.539s][info][gc,stats    ] Concurrent Weak Roots              2171 us
[2026-04-03T01:55:45.046+0600][12.539s][info][gc,stats    ]   Roots                            1929 us, parallelism: 2.62x
[2026-04-03T01:55:45.046+0600][12.539s][info][gc,stats    ]     CWR: <total>                   5051 us
[2026-04-03T01:55:45.046+0600][12.539s][info][gc,stats    ]     CWR: Code Cache Roots          3121 us, workers (us): 908, 1146, 1067, ---, ---, ---, 
[2026-04-03T01:55:45.046+0600][12.539s][info][gc,stats    ]     CWR: VM Weak Roots             1855 us, workers (us): 627, 625, 602, ---, ---, ---, 
[2026-04-03T01:55:45.046+0600][12.539s][info][gc,stats    ]     CWR: CLDG Roots                  75 us, workers (us):  75, ---, ---, ---, ---, ---, 
[2026-04-03T01:55:45.046+0600][12.539s][info][gc,stats    ]   Rendezvous                        144 us
[2026-04-03T01:55:45.046+0600][12.539s][info][gc,stats    ] Concurrent Cleanup                  510 us
[2026-04-03T01:55:45.046+0600][12.539s][info][gc,stats    ] Concurrent Class Unloading        12762 us
[2026-04-03T01:55:45.046+0600][12.539s][info][gc,stats    ]   Unlink Stale                    11367 us
[2026-04-03T01:55:45.046+0600][12.539s][info][gc,stats    ]     System Dictionary               258 us
[2026-04-03T01:55:45.046+0600][12.539s][info][gc,stats    ]     Weak Class Links               7416 us
[2026-04-03T01:55:45.046+0600][12.539s][info][gc,stats    ]     Code Roots                     3689 us
[2026-04-03T01:55:45.046+0600][12.539s][info][gc,stats    ]   Rendezvous                        280 us
[2026-04-03T01:55:45.046+0600][12.539s][info][gc,stats    ]   Purge Unlinked                    999 us
[2026-04-03T01:55:45.046+0600][12.539s][info][gc,stats    ]     Code Roots                      767 us
[2026-04-03T01:55:45.046+0600][12.539s][info][gc,stats    ]     CLDG                            231 us
[2026-04-03T01:55:45.046+0600][12.539s][info][gc,stats    ]     Exception Caches                  0 us
[2026-04-03T01:55:45.046+0600][12.539s][info][gc,stats    ] Concurrent Strong Roots            1307 us, parallelism: 0.77x
[2026-04-03T01:55:45.046+0600][12.539s][info][gc,stats    ]   CSR: <total>                     1003 us
[2026-04-03T01:55:45.046+0600][12.539s][info][gc,stats    ]   CSR: VM Strong Roots               31 us, workers (us):  30,   1,   0, ---, ---, ---, 
[2026-04-03T01:55:45.046+0600][12.539s][info][gc,stats    ]   CSR: CLDG Roots                   972 us, workers (us): 972, ---, ---, ---, ---, ---, 
[2026-04-03T01:55:45.046+0600][12.539s][info][gc,stats    ] Concurrent Evacuation              2348 us
[2026-04-03T01:55:45.046+0600][12.539s][info][gc,stats    ] Pause Init Update Refs (G)          441 us
[2026-04-03T01:55:45.046+0600][12.539s][info][gc,stats    ] Pause Init Update Refs (N)          156 us
[2026-04-03T01:55:45.046+0600][12.539s][info][gc,stats    ]   Manage GCLABs                      14 us
[2026-04-03T01:55:45.046+0600][12.539s][info][gc,stats    ] Concurrent Update Refs             9394 us
[2026-04-03T01:55:45.046+0600][12.539s][info][gc,stats    ] Concurrent Update Thread Roots      873 us
[2026-04-03T01:55:45.046+0600][12.539s][info][gc,stats    ] Pause Final Update Refs (G)         201 us
[2026-04-03T01:55:45.046+0600][12.539s][info][gc,stats    ] Pause Final Update Refs (N)         128 us
[2026-04-03T01:55:45.046+0600][12.539s][info][gc,stats    ]   Update Region States               36 us
[2026-04-03T01:55:45.046+0600][12.539s][info][gc,stats    ]   Trash Collection Set               10 us
[2026-04-03T01:55:45.046+0600][12.539s][info][gc,stats    ]   Rebuild Free Set                   26 us
[2026-04-03T01:55:45.046+0600][12.539s][info][gc,stats    ] Concurrent Cleanup                  390 us
[2026-04-03T01:55:45.046+0600][12.539s][info][gc,stats    ] 
[2026-04-03T01:55:45.046+0600][12.539s][info][gc,stats    ] Allocation pacing accrued:
[2026-04-03T01:55:45.046+0600][12.539s][info][gc,stats    ]       0 of  2103 ms (  0.0%): <total>
[2026-04-03T01:55:45.046+0600][12.539s][info][gc,stats    ]       0 of  2103 ms (  0.0%): <average total>
[2026-04-03T01:55:45.046+0600][12.539s][info][gc,stats    ] 
[2026-04-03T01:55:45.046+0600][12.539s][info][gc,metaspace] Metaspace: 55079K(55616K)->54941K(55616K) NonClass: 48114K(48448K)->48014K(48448K) Class: 6964K(7168K)->6926K(7168K)
[2026-04-03T01:55:45.046+0600][12.539s][info][gc,ergo     ] Pacer for Idle. Initial: 10240K, Alloc Tax Rate: 1.0x
[2026-04-03T01:55:45.046+0600][12.539s][info][gc,start    ] Concurrent uncommit
[2026-04-03T01:55:45.138+0600][12.631s][info][gc          ] Concurrent uncommit 28M->29M(31M) 91.193ms
[2026-04-03T01:55:47.304+0600][14.797s][info][gc          ] Trigger: Learning 2 of 5. Free (349M) is below initial threshold (350M)
[2026-04-03T01:55:47.304+0600][14.797s][info][gc,ergo     ] Free: 349M, Max: 256K regular, 179M humongous, Frag: 49% external, 0% internal; Reserve: 25600K, Max: 256K
[2026-04-03T01:55:47.304+0600][14.797s][info][gc,start    ] GC(10) Concurrent reset
[2026-04-03T01:55:47.304+0600][14.797s][info][gc,task     ] GC(10) Using 3 of 6 workers for concurrent reset
[2026-04-03T01:55:47.304+0600][14.797s][info][gc,ergo     ] GC(10) Pacer for Reset. Non-Taxable: 500M
[2026-04-03T01:55:47.304+0600][14.797s][info][gc          ] GC(10) Concurrent reset 0.332ms
[2026-04-03T01:55:47.305+0600][14.798s][info][gc,start    ] GC(10) Pause Init Mark (unload classes)
[2026-04-03T01:55:47.305+0600][14.798s][info][gc,task     ] GC(10) Using 4 of 6 workers for init marking
[2026-04-03T01:55:47.305+0600][14.798s][info][gc,ergo     ] GC(10) Pacer for Mark. Expected Live: 71204K, Free: 349M, Non-Taxable: 35809K, Alloc Tax Rate: 0.2x
[2026-04-03T01:55:47.305+0600][14.798s][info][gc          ] GC(10) Pause Init Mark (unload classes) 0.083ms
[2026-04-03T01:55:47.305+0600][14.798s][info][gc,start    ] GC(10) Concurrent marking roots
[2026-04-03T01:55:47.305+0600][14.798s][info][gc,task     ] GC(10) Using 3 of 6 workers for concurrent marking roots
[2026-04-03T01:55:47.307+0600][14.800s][info][gc          ] GC(10) Concurrent marking roots 1.965ms
[2026-04-03T01:55:47.307+0600][14.800s][info][gc,start    ] GC(10) Concurrent marking (unload classes)
[2026-04-03T01:55:47.307+0600][14.800s][info][gc,task     ] GC(10) Using 3 of 6 workers for concurrent marking
[2026-04-03T01:55:47.326+0600][14.819s][info][gc          ] GC(10) Concurrent marking (unload classes) 18.929ms
[2026-04-03T01:55:47.326+0600][14.819s][info][gc,start    ] GC(10) Pause Final Mark (unload classes)
[2026-04-03T01:55:47.326+0600][14.819s][info][gc,task     ] GC(10) Using 4 of 6 workers for final marking
[2026-04-03T01:55:47.326+0600][14.819s][info][gc,ergo     ] GC(10) Adaptive CSet Selection. Target Free: 72533K, Actual Free: 389M, Max CSet: 21333K, Min Garbage: 0B
[2026-04-03T01:55:47.327+0600][14.820s][info][gc,ergo     ] GC(10) Collectable Garbage: 90863K (97%), Immediate: 19591K (21%), CSet: 71272K (76%)
[2026-04-03T01:55:47.327+0600][14.820s][info][gc,ergo     ] GC(10) Pacer for Evacuation. Used CSet: 75901K, Free: 367M, Non-Taxable: 37648K, Alloc Tax Rate: 1.1x
[2026-04-03T01:55:47.327+0600][14.820s][info][gc          ] GC(10) Pause Final Mark (unload classes) 0.578ms
[2026-04-03T01:55:47.327+0600][14.820s][info][gc,start    ] GC(10) Concurrent thread roots
[2026-04-03T01:55:47.327+0600][14.820s][info][gc,task     ] GC(10) Using 3 of 6 workers for Concurrent thread roots
[2026-04-03T01:55:47.327+0600][14.820s][info][gc          ] GC(10) Concurrent thread roots 0.543ms
[2026-04-03T01:55:47.327+0600][14.820s][info][gc,start    ] GC(10) Concurrent weak references
[2026-04-03T01:55:47.327+0600][14.820s][info][gc,task     ] GC(10) Using 3 of 6 workers for concurrent weak references
[2026-04-03T01:55:47.328+0600][14.821s][info][gc,ref      ] GC(10) Encountered references: Soft: 2956, Weak: 5077, Final: 74, Phantom: 594
[2026-04-03T01:55:47.328+0600][14.821s][info][gc,ref      ] GC(10) Discovered  references: Soft: 0, Weak: 860, Final: 0, Phantom: 591
[2026-04-03T01:55:47.328+0600][14.821s][info][gc,ref      ] GC(10) Enqueued    references: Soft: 0, Weak: 571, Final: 0, Phantom: 0
[2026-04-03T01:55:47.328+0600][14.821s][info][gc          ] GC(10) Concurrent weak references 0.330ms
[2026-04-03T01:55:47.328+0600][14.821s][info][gc,start    ] GC(10) Concurrent weak roots
[2026-04-03T01:55:47.328+0600][14.821s][info][gc,task     ] GC(10) Using 3 of 6 workers for concurrent weak root
[2026-04-03T01:55:47.330+0600][14.823s][info][gc          ] GC(10) Concurrent weak roots 2.432ms
[2026-04-03T01:55:47.330+0600][14.823s][info][gc,start    ] GC(10) Concurrent cleanup
[2026-04-03T01:55:47.331+0600][14.824s][info][gc          ] GC(10) Concurrent cleanup 126M->106M(131M) 0.377ms
[2026-04-03T01:55:47.331+0600][14.824s][info][gc,ergo     ] GC(10) Free: 367M, Max: 256K regular, 175M humongous, Frag: 53% external, 0% internal; Reserve: 25102K, Max: 256K
[2026-04-03T01:55:47.331+0600][14.824s][info][gc,start    ] GC(10) Concurrent class unloading
[2026-04-03T01:55:47.331+0600][14.824s][info][gc,task     ] GC(10) Using 3 of 6 workers for concurrent class unloading
[2026-04-03T01:55:47.336+0600][14.829s][info][gc          ] GC(10) Concurrent class unloading 5.738ms
[2026-04-03T01:55:47.336+0600][14.829s][info][gc,start    ] GC(10) Concurrent strong roots
[2026-04-03T01:55:47.336+0600][14.829s][info][gc,task     ] GC(10) Using 3 of 6 workers for concurrent strong root
[2026-04-03T01:55:47.338+0600][14.831s][info][gc          ] GC(10) Concurrent strong roots 1.449ms
[2026-04-03T01:55:47.338+0600][14.831s][info][gc,start    ] GC(10) Concurrent evacuation
[2026-04-03T01:55:47.338+0600][14.831s][info][gc,task     ] GC(10) Using 3 of 6 workers for concurrent evacuation
[2026-04-03T01:55:47.343+0600][14.836s][info][gc          ] GC(10) Concurrent evacuation 4.719ms
[2026-04-03T01:55:47.343+0600][14.836s][info][gc,start    ] GC(10) Pause Init Update Refs
[2026-04-03T01:55:47.343+0600][14.836s][info][gc,ergo     ] GC(10) Pacer for Update Refs. Used: 113M, Free: 365M, Non-Taxable: 37400K, Alloc Tax Rate: 1.1x
[2026-04-03T01:55:47.343+0600][14.836s][info][gc          ] GC(10) Pause Init Update Refs 0.103ms
[2026-04-03T01:55:47.343+0600][14.836s][info][gc,start    ] GC(10) Concurrent update references
[2026-04-03T01:55:47.343+0600][14.836s][info][gc,task     ] GC(10) Using 3 of 6 workers for concurrent reference update
[2026-04-03T01:55:47.354+0600][14.847s][info][gc          ] GC(10) Concurrent update references 11.468ms
[2026-04-03T01:55:47.354+0600][14.847s][info][gc,start    ] GC(10) Concurrent update thread roots
[2026-04-03T01:55:47.355+0600][14.848s][info][gc          ] GC(10) Concurrent update thread roots 0.595ms
[2026-04-03T01:55:47.355+0600][14.848s][info][gc,start    ] GC(10) Pause Final Update Refs
[2026-04-03T01:55:47.355+0600][14.848s][info][gc,task     ] GC(10) Using 4 of 6 workers for final reference update
[2026-04-03T01:55:47.355+0600][14.848s][info][gc          ] GC(10) Pause Final Update Refs 0.154ms
[2026-04-03T01:55:47.355+0600][14.848s][info][gc,start    ] GC(10) Concurrent cleanup
[2026-04-03T01:55:47.356+0600][14.849s][info][gc          ] GC(10) Concurrent cleanup 115M->41M(135M) 0.401ms
[2026-04-03T01:55:47.356+0600][14.849s][info][gc,ergo     ] Free: 432M, Max: 256K regular, 340M humongous, Frag: 22% external, 0% internal; Reserve: 25600K, Max: 256K
[2026-04-03T01:55:47.356+0600][14.849s][info][gc,stats    ] 
[2026-04-03T01:55:47.356+0600][14.849s][info][gc,stats    ] All times are wall-clock times, except per-root-class counters, that are sum over
[2026-04-03T01:55:47.356+0600][14.849s][info][gc,stats    ] all workers. Dividing the <total> over the root stage time estimates parallelism.
[2026-04-03T01:55:47.356+0600][14.849s][info][gc,stats    ] 
[2026-04-03T01:55:47.356+0600][14.849s][info][gc,stats    ] Concurrent Reset                    369 us
[2026-04-03T01:55:47.356+0600][14.849s][info][gc,stats    ] Pause Init Mark (G)                 411 us
[2026-04-03T01:55:47.356+0600][14.849s][info][gc,stats    ] Pause Init Mark (N)                  93 us
[2026-04-03T01:55:47.356+0600][14.849s][info][gc,stats    ]   Update Region States               13 us
[2026-04-03T01:55:47.356+0600][14.849s][info][gc,stats    ] Concurrent Mark Roots              2009 us, parallelism: 1.54x
[2026-04-03T01:55:47.356+0600][14.849s][info][gc,stats    ]   CMR: <total>                     3090 us
[2026-04-03T01:55:47.356+0600][14.849s][info][gc,stats    ]   CMR: Thread Roots                2477 us, workers (us): 1578, 782, 117, ---, ---, ---, 
[2026-04-03T01:55:47.356+0600][14.849s][info][gc,stats    ]   CMR: VM Strong Roots              164 us, workers (us): 121,  40,   3, ---, ---, ---, 
[2026-04-03T01:55:47.356+0600][14.849s][info][gc,stats    ]   CMR: CLDG Roots                   449 us, workers (us): ---, ---, 449, ---, ---, ---, 
[2026-04-03T01:55:47.356+0600][14.849s][info][gc,stats    ] Concurrent Marking                19109 us
[2026-04-03T01:55:47.356+0600][14.849s][info][gc,stats    ] Pause Final Mark (G)                932 us
[2026-04-03T01:55:47.356+0600][14.849s][info][gc,stats    ] Pause Final Mark (N)                598 us
[2026-04-03T01:55:47.356+0600][14.849s][info][gc,stats    ]   Finish Mark                       185 us
[2026-04-03T01:55:47.356+0600][14.849s][info][gc,stats    ]   Update Region States               37 us
[2026-04-03T01:55:47.356+0600][14.849s][info][gc,stats    ]   Choose Collection Set             188 us
[2026-04-03T01:55:47.356+0600][14.849s][info][gc,stats    ]   Rebuild Free Set                   24 us
[2026-04-03T01:55:47.356+0600][14.849s][info][gc,stats    ] Concurrent Thread Roots             573 us, parallelism: 1.93x
[2026-04-03T01:55:47.356+0600][14.849s][info][gc,stats    ]   CTR: <total>                     1103 us
[2026-04-03T01:55:47.356+0600][14.849s][info][gc,stats    ]   CTR: Thread Roots                1103 us, workers (us): 411, 369, 323, ---, ---, ---, 
[2026-04-03T01:55:47.356+0600][14.849s][info][gc,stats    ] Concurrent Weak References          337 us, parallelism: 1.31x
[2026-04-03T01:55:47.356+0600][14.849s][info][gc,stats    ]   CWRF: <total>                     442 us
[2026-04-03T01:55:47.356+0600][14.849s][info][gc,stats    ]   CWRF: Weak References             442 us, workers (us): 244, 109,  89, ---, ---, ---, 
[2026-04-03T01:55:47.356+0600][14.849s][info][gc,stats    ] Concurrent Weak Roots              2532 us
[2026-04-03T01:55:47.356+0600][14.849s][info][gc,stats    ]   Roots                            2040 us, parallelism: 2.58x
[2026-04-03T01:55:47.356+0600][14.849s][info][gc,stats    ]     CWR: <total>                   5263 us
[2026-04-03T01:55:47.356+0600][14.849s][info][gc,stats    ]     CWR: Code Cache Roots          2327 us, workers (us): 711, 817, 800, ---, ---, ---, 
[2026-04-03T01:55:47.356+0600][14.849s][info][gc,stats    ]     CWR: VM Weak Roots             2854 us, workers (us): 960, 964, 930, ---, ---, ---, 
[2026-04-03T01:55:47.356+0600][14.849s][info][gc,stats    ]     CWR: CLDG Roots                  81 us, workers (us):  81, ---, ---, ---, ---, ---, 
[2026-04-03T01:55:47.356+0600][14.849s][info][gc,stats    ]   Rendezvous                        369 us
[2026-04-03T01:55:47.356+0600][14.849s][info][gc,stats    ] Concurrent Cleanup                  392 us
[2026-04-03T01:55:47.356+0600][14.849s][info][gc,stats    ] Concurrent Class Unloading         5814 us
[2026-04-03T01:55:47.356+0600][14.849s][info][gc,stats    ]   Unlink Stale                     4544 us
[2026-04-03T01:55:47.356+0600][14.849s][info][gc,stats    ]     System Dictionary               117 us
[2026-04-03T01:55:47.356+0600][14.849s][info][gc,stats    ]     Weak Class Links                  0 us
[2026-04-03T01:55:47.356+0600][14.849s][info][gc,stats    ]     Code Roots                     4423 us
[2026-04-03T01:55:47.356+0600][14.849s][info][gc,stats    ]   Rendezvous                        199 us
[2026-04-03T01:55:47.356+0600][14.849s][info][gc,stats    ]   Purge Unlinked                    971 us
[2026-04-03T01:55:47.356+0600][14.849s][info][gc,stats    ]     Code Roots                      951 us
[2026-04-03T01:55:47.356+0600][14.849s][info][gc,stats    ]     CLDG                             19 us
[2026-04-03T01:55:47.356+0600][14.849s][info][gc,stats    ]     Exception Caches                  0 us
[2026-04-03T01:55:47.356+0600][14.849s][info][gc,stats    ] Concurrent Strong Roots            1508 us, parallelism: 0.78x
[2026-04-03T01:55:47.356+0600][14.849s][info][gc,stats    ]   CSR: <total>                     1172 us
[2026-04-03T01:55:47.356+0600][14.849s][info][gc,stats    ]   CSR: VM Strong Roots               27 us, workers (us):  14,  12,   0, ---, ---, ---, 
[2026-04-03T01:55:47.356+0600][14.849s][info][gc,stats    ]   CSR: CLDG Roots                  1145 us, workers (us): 1145, ---, ---, ---, ---, ---, 
[2026-04-03T01:55:47.356+0600][14.849s][info][gc,stats    ] Concurrent Evacuation              4790 us
[2026-04-03T01:55:47.356+0600][14.849s][info][gc,stats    ] Pause Init Update Refs (G)          232 us
[2026-04-03T01:55:47.356+0600][14.849s][info][gc,stats    ] Pause Init Update Refs (N)          118 us
[2026-04-03T01:55:47.356+0600][14.849s][info][gc,stats    ]   Manage GCLABs                      11 us
[2026-04-03T01:55:47.356+0600][14.849s][info][gc,stats    ] Concurrent Update Refs            11522 us
[2026-04-03T01:55:47.356+0600][14.849s][info][gc,stats    ] Concurrent Update Thread Roots      612 us
[2026-04-03T01:55:47.356+0600][14.849s][info][gc,stats    ] Pause Final Update Refs (G)         336 us
[2026-04-03T01:55:47.356+0600][14.849s][info][gc,stats    ] Pause Final Update Refs (N)         185 us
[2026-04-03T01:55:47.356+0600][14.849s][info][gc,stats    ]   Update Region States               41 us
[2026-04-03T01:55:47.356+0600][14.849s][info][gc,stats    ]   Trash Collection Set               12 us
[2026-04-03T01:55:47.356+0600][14.849s][info][gc,stats    ]   Rebuild Free Set                   24 us
[2026-04-03T01:55:47.356+0600][14.849s][info][gc,stats    ] Concurrent Cleanup                  416 us
[2026-04-03T01:55:47.356+0600][14.849s][info][gc,stats    ] 
[2026-04-03T01:55:47.356+0600][14.849s][info][gc,stats    ] Allocation pacing accrued:
[2026-04-03T01:55:47.356+0600][14.849s][info][gc,stats    ]       0 of  2310 ms (  0.0%): <total>
[2026-04-03T01:55:47.356+0600][14.849s][info][gc,stats    ]       0 of  2310 ms (  0.0%): <average total>
[2026-04-03T01:55:47.356+0600][14.849s][info][gc,stats    ] 
[2026-04-03T01:55:47.356+0600][14.849s][info][gc,metaspace] Metaspace: 61285K(61888K)->61286K(61888K) NonClass: 53583K(53952K)->53584K(53952K) Class: 7702K(7936K)->7702K(7936K)
[2026-04-03T01:55:47.356+0600][14.849s][info][gc,ergo     ] Pacer for Idle. Initial: 10240K, Alloc Tax Rate: 1.0x
[2026-04-03T01:55:47.523+0600][15.016s][info][gc          ] Trigger: Learning 3 of 5. Free (349M) is below initial threshold (350M)
[2026-04-03T01:55:47.523+0600][15.016s][info][gc,ergo     ] Free: 349M, Max: 256K regular, 340M humongous, Frag: 3% external, 0% internal; Reserve: 25600K, Max: 256K
[2026-04-03T01:55:47.523+0600][15.016s][info][gc,start    ] GC(11) Concurrent reset
[2026-04-03T01:55:47.523+0600][15.016s][info][gc,task     ] GC(11) Using 3 of 6 workers for concurrent reset
[2026-04-03T01:55:47.523+0600][15.016s][info][gc,ergo     ] GC(11) Pacer for Reset. Non-Taxable: 500M
[2026-04-03T01:55:47.524+0600][15.017s][info][gc          ] GC(11) Concurrent reset 0.864ms
[2026-04-03T01:55:47.524+0600][15.017s][info][gc,start    ] GC(11) Pause Init Mark (unload classes)
[2026-04-03T01:55:47.524+0600][15.017s][info][gc,task     ] GC(11) Using 3 of 6 workers for init marking
[2026-04-03T01:55:47.524+0600][15.017s][info][gc,ergo     ] GC(11) Pacer for Mark. Expected Live: 65753K, Free: 349M, Non-Taxable: 35763K, Alloc Tax Rate: 0.2x
[2026-04-03T01:55:47.524+0600][15.017s][info][gc          ] GC(11) Pause Init Mark (unload classes) 0.096ms
[2026-04-03T01:55:47.524+0600][15.017s][info][gc,start    ] GC(11) Concurrent marking roots
[2026-04-03T01:55:47.525+0600][15.018s][info][gc,task     ] GC(11) Using 3 of 6 workers for concurrent marking roots
[2026-04-03T01:55:47.525+0600][15.018s][info][gc          ] GC(11) Concurrent marking roots 0.631ms
[2026-04-03T01:55:47.525+0600][15.018s][info][gc,start    ] GC(11) Concurrent marking (unload classes)
[2026-04-03T01:55:47.525+0600][15.018s][info][gc,task     ] GC(11) Using 3 of 6 workers for concurrent marking
[2026-04-03T01:55:47.547+0600][15.041s][info][gc          ] GC(11) Concurrent marking (unload classes) 22.338ms
[2026-04-03T01:55:47.548+0600][15.041s][info][gc,start    ] GC(11) Pause Final Mark (unload classes)
[2026-04-03T01:55:47.548+0600][15.041s][info][gc,task     ] GC(11) Using 3 of 6 workers for final marking
[2026-04-03T01:55:47.548+0600][15.041s][info][gc,ergo     ] GC(11) Adaptive CSet Selection. Target Free: 72533K, Actual Free: 360M, Max CSet: 21333K, Min Garbage: 0B
[2026-04-03T01:55:47.548+0600][15.041s][info][gc,ergo     ] GC(11) Collectable Garbage: 86900K (97%), Immediate: 256K (0%), CSet: 86644K (97%)
[2026-04-03T01:55:47.548+0600][15.041s][info][gc,ergo     ] GC(11) Pacer for Evacuation. Used CSet: 94451K, Free: 336M, Non-Taxable: 34423K, Alloc Tax Rate: 1.1x
[2026-04-03T01:55:47.548+0600][15.041s][info][gc          ] GC(11) Pause Final Mark (unload classes) 0.729ms
[2026-04-03T01:55:47.549+0600][15.042s][info][gc,start    ] GC(11) Concurrent thread roots
[2026-04-03T01:55:47.549+0600][15.042s][info][gc,task     ] GC(11) Using 3 of 6 workers for Concurrent thread roots
[2026-04-03T01:55:47.549+0600][15.042s][info][gc          ] GC(11) Concurrent thread roots 0.495ms
[2026-04-03T01:55:47.549+0600][15.042s][info][gc,start    ] GC(11) Concurrent weak references
[2026-04-03T01:55:47.549+0600][15.042s][info][gc,task     ] GC(11) Using 3 of 6 workers for concurrent weak references
[2026-04-03T01:55:47.549+0600][15.042s][info][gc,ref      ] GC(11) Encountered references: Soft: 2956, Weak: 4506, Final: 74, Phantom: 594
[2026-04-03T01:55:47.549+0600][15.042s][info][gc,ref      ] GC(11) Discovered  references: Soft: 0, Weak: 278, Final: 0, Phantom: 591
[2026-04-03T01:55:47.549+0600][15.042s][info][gc,ref      ] GC(11) Enqueued    references: Soft: 0, Weak: 0, Final: 0, Phantom: 0
[2026-04-03T01:55:47.549+0600][15.042s][info][gc          ] GC(11) Concurrent weak references 0.156ms
[2026-04-03T01:55:47.549+0600][15.042s][info][gc,start    ] GC(11) Concurrent weak roots
[2026-04-03T01:55:47.549+0600][15.042s][info][gc,task     ] GC(11) Using 3 of 6 workers for concurrent weak root
[2026-04-03T01:55:47.551+0600][15.044s][info][gc          ] GC(11) Concurrent weak roots 1.739ms
[2026-04-03T01:55:47.551+0600][15.044s][info][gc,start    ] GC(11) Concurrent cleanup
[2026-04-03T01:55:47.551+0600][15.044s][info][gc          ] GC(11) Concurrent cleanup 138M->138M(141M) 0.341ms
[2026-04-03T01:55:47.551+0600][15.044s][info][gc,ergo     ] GC(11) Free: 335M, Max: 256K regular, 335M humongous, Frag: 1% external, 0% internal; Reserve: 25394K, Max: 256K
[2026-04-03T01:55:47.551+0600][15.044s][info][gc,start    ] GC(11) Concurrent class unloading
[2026-04-03T01:55:47.551+0600][15.044s][info][gc,task     ] GC(11) Using 3 of 6 workers for concurrent class unloading
[2026-04-03T01:55:47.556+0600][15.049s][info][gc          ] GC(11) Concurrent class unloading 4.171ms
[2026-04-03T01:55:47.556+0600][15.049s][info][gc,start    ] GC(11) Concurrent strong roots
[2026-04-03T01:55:47.556+0600][15.049s][info][gc,task     ] GC(11) Using 3 of 6 workers for concurrent strong root
[2026-04-03T01:55:47.556+0600][15.049s][info][gc          ] GC(11) Concurrent strong roots 0.578ms
[2026-04-03T01:55:47.556+0600][15.049s][info][gc,start    ] GC(11) Concurrent evacuation
[2026-04-03T01:55:47.556+0600][15.049s][info][gc,task     ] GC(11) Using 3 of 6 workers for concurrent evacuation
[2026-04-03T01:55:47.565+0600][15.058s][info][gc          ] GC(11) Concurrent evacuation 8.296ms
[2026-04-03T01:55:47.565+0600][15.058s][info][gc,start    ] GC(11) Pause Init Update Refs
[2026-04-03T01:55:47.565+0600][15.058s][info][gc,ergo     ] GC(11) Pacer for Update Refs. Used: 151M, Free: 330M, Non-Taxable: 33839K, Alloc Tax Rate: 1.1x
[2026-04-03T01:55:47.565+0600][15.058s][info][gc          ] GC(11) Pause Init Update Refs 0.106ms
[2026-04-03T01:55:47.565+0600][15.058s][info][gc,start    ] GC(11) Concurrent update references
[2026-04-03T01:55:47.565+0600][15.058s][info][gc,task     ] GC(11) Using 3 of 6 workers for concurrent reference update
[2026-04-03T01:55:47.583+0600][15.076s][info][gc          ] GC(11) Concurrent update references 17.838ms
[2026-04-03T01:55:47.583+0600][15.076s][info][gc,start    ] GC(11) Concurrent update thread roots
[2026-04-03T01:55:47.583+0600][15.076s][info][gc          ] GC(11) Concurrent update thread roots 0.559ms
[2026-04-03T01:55:47.583+0600][15.076s][info][gc,start    ] GC(11) Pause Final Update Refs
[2026-04-03T01:55:47.584+0600][15.077s][info][gc,task     ] GC(11) Using 3 of 6 workers for final reference update
[2026-04-03T01:55:47.584+0600][15.077s][info][gc          ] GC(11) Pause Final Update Refs 0.164ms
[2026-04-03T01:55:47.584+0600][15.077s][info][gc,start    ] GC(11) Concurrent cleanup
[2026-04-03T01:55:47.584+0600][15.077s][info][gc          ] GC(11) Concurrent cleanup 159M->67M(161M) 0.411ms
[2026-04-03T01:55:47.584+0600][15.077s][info][gc,ergo     ] Free: 405M, Max: 256K regular, 315M humongous, Frag: 23% external, 0% internal; Reserve: 25600K, Max: 256K
[2026-04-03T01:55:47.584+0600][15.077s][info][gc,stats    ] 
[2026-04-03T01:55:47.584+0600][15.077s][info][gc,stats    ] All times are wall-clock times, except per-root-class counters, that are sum over
[2026-04-03T01:55:47.584+0600][15.077s][info][gc,stats    ] all workers. Dividing the <total> over the root stage time estimates parallelism.
[2026-04-03T01:55:47.584+0600][15.077s][info][gc,stats    ] 
[2026-04-03T01:55:47.584+0600][15.077s][info][gc,stats    ] Concurrent Reset                    978 us
[2026-04-03T01:55:47.584+0600][15.077s][info][gc,stats    ] Pause Init Mark (G)                 445 us
[2026-04-03T01:55:47.584+0600][15.077s][info][gc,stats    ] Pause Init Mark (N)                 105 us
[2026-04-03T01:55:47.584+0600][15.077s][info][gc,stats    ]   Update Region States               18 us
[2026-04-03T01:55:47.584+0600][15.077s][info][gc,stats    ] Concurrent Mark Roots               669 us, parallelism: 1.30x
[2026-04-03T01:55:47.584+0600][15.077s][info][gc,stats    ]   CMR: <total>                      870 us
[2026-04-03T01:55:47.584+0600][15.077s][info][gc,stats    ]   CMR: Thread Roots                 610 us, workers (us):  86, 270, 255, ---, ---, ---, 
[2026-04-03T01:55:47.584+0600][15.077s][info][gc,stats    ]   CMR: VM Strong Roots               41 us, workers (us):  23,  17,   1, ---, ---, ---, 
[2026-04-03T01:55:47.584+0600][15.077s][info][gc,stats    ]   CMR: CLDG Roots                   219 us, workers (us): 219, ---, ---, ---, ---, ---, 
[2026-04-03T01:55:47.584+0600][15.077s][info][gc,stats    ] Concurrent Marking                22392 us
[2026-04-03T01:55:47.584+0600][15.077s][info][gc,stats    ] Pause Final Mark (G)                943 us
[2026-04-03T01:55:47.584+0600][15.077s][info][gc,stats    ] Pause Final Mark (N)                744 us
[2026-04-03T01:55:47.584+0600][15.077s][info][gc,stats    ]   Finish Mark                       299 us
[2026-04-03T01:55:47.584+0600][15.077s][info][gc,stats    ]   Update Region States               31 us
[2026-04-03T01:55:47.584+0600][15.077s][info][gc,stats    ]   Choose Collection Set             230 us
[2026-04-03T01:55:47.584+0600][15.077s][info][gc,stats    ]   Rebuild Free Set                   20 us
[2026-04-03T01:55:47.584+0600][15.077s][info][gc,stats    ] Concurrent Thread Roots             522 us, parallelism: 1.74x
[2026-04-03T01:55:47.584+0600][15.077s][info][gc,stats    ]   CTR: <total>                      908 us
[2026-04-03T01:55:47.584+0600][15.077s][info][gc,stats    ]   CTR: Thread Roots                 908 us, workers (us): 314, 332, 262, ---, ---, ---, 
[2026-04-03T01:55:47.584+0600][15.077s][info][gc,stats    ] Concurrent Weak References          163 us, parallelism: 0.53x
[2026-04-03T01:55:47.584+0600][15.077s][info][gc,stats    ]   CWRF: <total>                      86 us
[2026-04-03T01:55:47.584+0600][15.077s][info][gc,stats    ]   CWRF: Weak References              86 us, workers (us):  82,   4,   0, ---, ---, ---, 
[2026-04-03T01:55:47.584+0600][15.077s][info][gc,stats    ] Concurrent Weak Roots              1771 us
[2026-04-03T01:55:47.584+0600][15.077s][info][gc,stats    ]   Roots                            1557 us, parallelism: 2.62x
[2026-04-03T01:55:47.584+0600][15.077s][info][gc,stats    ]     CWR: <total>                   4084 us
[2026-04-03T01:55:47.584+0600][15.077s][info][gc,stats    ]     CWR: Code Cache Roots          2478 us, workers (us): 800, 842, 837, ---, ---, ---, 
[2026-04-03T01:55:47.584+0600][15.077s][info][gc,stats    ]     CWR: VM Weak Roots             1574 us, workers (us): 554, 512, 508, ---, ---, ---, 
[2026-04-03T01:55:47.584+0600][15.077s][info][gc,stats    ]     CWR: CLDG Roots                  32 us, workers (us):  32, ---, ---, ---, ---, ---, 
[2026-04-03T01:55:47.584+0600][15.077s][info][gc,stats    ]   Rendezvous                        164 us
[2026-04-03T01:55:47.584+0600][15.077s][info][gc,stats    ] Concurrent Cleanup                  360 us
[2026-04-03T01:55:47.584+0600][15.077s][info][gc,stats    ] Concurrent Class Unloading         4246 us
[2026-04-03T01:55:47.584+0600][15.077s][info][gc,stats    ]   Unlink Stale                     3536 us
[2026-04-03T01:55:47.584+0600][15.077s][info][gc,stats    ]     System Dictionary                87 us
[2026-04-03T01:55:47.584+0600][15.077s][info][gc,stats    ]     Weak Class Links                  0 us
[2026-04-03T01:55:47.584+0600][15.077s][info][gc,stats    ]     Code Roots                     3446 us
[2026-04-03T01:55:47.584+0600][15.077s][info][gc,stats    ]   Rendezvous                        263 us
[2026-04-03T01:55:47.584+0600][15.077s][info][gc,stats    ]   Purge Unlinked                    350 us
[2026-04-03T01:55:47.584+0600][15.077s][info][gc,stats    ]     Code Roots                      337 us
[2026-04-03T01:55:47.584+0600][15.077s][info][gc,stats    ]     CLDG                             13 us
[2026-04-03T01:55:47.584+0600][15.077s][info][gc,stats    ]     Exception Caches                  0 us
[2026-04-03T01:55:47.584+0600][15.077s][info][gc,stats    ] Concurrent Strong Roots             606 us, parallelism: 0.60x
[2026-04-03T01:55:47.584+0600][15.077s][info][gc,stats    ]   CSR: <total>                      361 us
[2026-04-03T01:55:47.584+0600][15.078s][info][gc,stats    ]   CSR: VM Strong Roots               24 us, workers (us):  13,  10,   0, ---, ---, ---, 
[2026-04-03T01:55:47.585+0600][15.078s][info][gc,stats    ]   CSR: CLDG Roots                   337 us, workers (us): 337, ---, ---, ---, ---, ---, 
[2026-04-03T01:55:47.585+0600][15.078s][info][gc,stats    ] Concurrent Evacuation              8376 us
[2026-04-03T01:55:47.585+0600][15.078s][info][gc,stats    ] Pause Init Update Refs (G)          298 us
[2026-04-03T01:55:47.585+0600][15.078s][info][gc,stats    ] Pause Init Update Refs (N)          120 us
[2026-04-03T01:55:47.585+0600][15.078s][info][gc,stats    ]   Manage GCLABs                      17 us
[2026-04-03T01:55:47.585+0600][15.078s][info][gc,stats    ] Concurrent Update Refs            17924 us
[2026-04-03T01:55:47.585+0600][15.078s][info][gc,stats    ] Concurrent Update Thread Roots      578 us
[2026-04-03T01:55:47.585+0600][15.078s][info][gc,stats    ] Pause Final Update Refs (G)         291 us
[2026-04-03T01:55:47.585+0600][15.078s][info][gc,stats    ] Pause Final Update Refs (N)         187 us
[2026-04-03T01:55:47.585+0600][15.078s][info][gc,stats    ]   Update Region States               33 us
[2026-04-03T01:55:47.585+0600][15.078s][info][gc,stats    ]   Trash Collection Set                9 us
[2026-04-03T01:55:47.585+0600][15.078s][info][gc,stats    ]   Rebuild Free Set                   23 us
[2026-04-03T01:55:47.585+0600][15.078s][info][gc,stats    ] Concurrent Cleanup                  424 us
[2026-04-03T01:55:47.585+0600][15.078s][info][gc,stats    ] 
[2026-04-03T01:55:47.585+0600][15.078s][info][gc,stats    ] Allocation pacing accrued:
[2026-04-03T01:55:47.585+0600][15.078s][info][gc,stats    ]       0 of   228 ms (  0.0%): <total>
[2026-04-03T01:55:47.585+0600][15.078s][info][gc,stats    ]       0 of   228 ms (  0.0%): <average total>
[2026-04-03T01:55:47.585+0600][15.078s][info][gc,stats    ] 
[2026-04-03T01:55:47.585+0600][15.078s][info][gc,metaspace] Metaspace: 61290K(61888K)->61291K(61888K) NonClass: 53587K(53952K)->53588K(53952K) Class: 7702K(7936K)->7702K(7936K)
[2026-04-03T01:55:47.585+0600][15.078s][info][gc,ergo     ] Pacer for Idle. Initial: 10240K, Alloc Tax Rate: 1.0x
[2026-04-03T01:55:47.633+0600][15.126s][info][gc          ] Trigger: Learning 4 of 5. Free (349M) is below initial threshold (350M)
[2026-04-03T01:55:47.633+0600][15.126s][info][gc,ergo     ] Free: 349M, Max: 256K regular, 315M humongous, Frag: 10% external, 0% internal; Reserve: 25600K, Max: 256K
[2026-04-03T01:55:47.633+0600][15.126s][info][gc,start    ] GC(12) Concurrent reset
[2026-04-03T01:55:47.633+0600][15.126s][info][gc,task     ] GC(12) Using 3 of 6 workers for concurrent reset
[2026-04-03T01:55:47.633+0600][15.126s][info][gc,ergo     ] GC(12) Pacer for Reset. Non-Taxable: 500M
[2026-04-03T01:55:47.634+0600][15.127s][info][gc          ] GC(12) Concurrent reset 0.592ms
[2026-04-03T01:55:47.634+0600][15.127s][info][gc,start    ] GC(12) Pause Init Mark (unload classes)
[2026-04-03T01:55:47.634+0600][15.127s][info][gc,task     ] GC(12) Using 3 of 6 workers for init marking
[2026-04-03T01:55:47.634+0600][15.127s][info][gc,ergo     ] GC(12) Pacer for Mark. Expected Live: 59080K, Free: 348M, Non-Taxable: 35708K, Alloc Tax Rate: 0.2x
[2026-04-03T01:55:47.634+0600][15.127s][info][gc          ] GC(12) Pause Init Mark (unload classes) 0.084ms
[2026-04-03T01:55:47.634+0600][15.127s][info][gc,start    ] GC(12) Concurrent marking roots
[2026-04-03T01:55:47.634+0600][15.127s][info][gc,task     ] GC(12) Using 3 of 6 workers for concurrent marking roots
[2026-04-03T01:55:47.634+0600][15.127s][info][gc          ] GC(12) Concurrent marking roots 0.494ms
[2026-04-03T01:55:47.635+0600][15.128s][info][gc,start    ] GC(12) Concurrent marking (unload classes)
[2026-04-03T01:55:47.635+0600][15.128s][info][gc,task     ] GC(12) Using 3 of 6 workers for concurrent marking
[2026-04-03T01:55:47.659+0600][15.152s][info][gc          ] GC(12) Concurrent marking (unload classes) 24.807ms
[2026-04-03T01:55:47.660+0600][15.153s][info][gc,start    ] GC(12) Pause Final Mark (unload classes)
[2026-04-03T01:55:47.660+0600][15.153s][info][gc,task     ] GC(12) Using 3 of 6 workers for final marking
[2026-04-03T01:55:47.660+0600][15.153s][info][gc,ergo     ] GC(12) Adaptive CSet Selection. Target Free: 72533K, Actual Free: 350M, Max CSet: 21333K, Min Garbage: 0B
[2026-04-03T01:55:47.660+0600][15.153s][info][gc,ergo     ] GC(12) Collectable Garbage: 79731K (97%), Immediate: 512K (0%), CSet: 79219K (96%)
[2026-04-03T01:55:47.660+0600][15.153s][info][gc,ergo     ] GC(12) Pacer for Evacuation. Used CSet: 86784K, Free: 325M, Non-Taxable: 33323K, Alloc Tax Rate: 1.1x
[2026-04-03T01:55:47.660+0600][15.153s][info][gc          ] GC(12) Pause Final Mark (unload classes) 0.500ms
[2026-04-03T01:55:47.660+0600][15.153s][info][gc,start    ] GC(12) Concurrent thread roots
[2026-04-03T01:55:47.660+0600][15.153s][info][gc,task     ] GC(12) Using 3 of 6 workers for Concurrent thread roots
[2026-04-03T01:55:47.661+0600][15.154s][info][gc          ] GC(12) Concurrent thread roots 0.408ms
[2026-04-03T01:55:47.661+0600][15.154s][info][gc,start    ] GC(12) Concurrent weak references
[2026-04-03T01:55:47.661+0600][15.154s][info][gc,task     ] GC(12) Using 3 of 6 workers for concurrent weak references
[2026-04-03T01:55:47.661+0600][15.154s][info][gc,ref      ] GC(12) Encountered references: Soft: 2956, Weak: 4506, Final: 74, Phantom: 594
[2026-04-03T01:55:47.661+0600][15.154s][info][gc,ref      ] GC(12) Discovered  references: Soft: 0, Weak: 2479, Final: 42, Phantom: 592
[2026-04-03T01:55:47.661+0600][15.154s][info][gc,ref      ] GC(12) Enqueued    references: Soft: 0, Weak: 0, Final: 0, Phantom: 0
[2026-04-03T01:55:47.661+0600][15.154s][info][gc          ] GC(12) Concurrent weak references 0.865ms
[2026-04-03T01:55:47.661+0600][15.154s][info][gc,start    ] GC(12) Concurrent weak roots
[2026-04-03T01:55:47.661+0600][15.154s][info][gc,task     ] GC(12) Using 3 of 6 workers for concurrent weak root
[2026-04-03T01:55:47.663+0600][15.156s][info][gc          ] GC(12) Concurrent weak roots 1.734ms
[2026-04-03T01:55:47.663+0600][15.156s][info][gc,start    ] GC(12) Concurrent cleanup
[2026-04-03T01:55:47.663+0600][15.156s][info][gc          ] GC(12) Concurrent cleanup 150M->150M(161M) 0.136ms
[2026-04-03T01:55:47.663+0600][15.156s][info][gc,ergo     ] GC(12) Free: 323M, Max: 256K regular, 315M humongous, Frag: 3% external, 0% internal; Reserve: 25591K, Max: 256K
[2026-04-03T01:55:47.663+0600][15.156s][info][gc,start    ] GC(12) Concurrent class unloading
[2026-04-03T01:55:47.664+0600][15.157s][info][gc,task     ] GC(12) Using 3 of 6 workers for concurrent class unloading
[2026-04-03T01:55:47.668+0600][15.161s][info][gc          ] GC(12) Concurrent class unloading 4.020ms
[2026-04-03T01:55:47.668+0600][15.161s][info][gc,start    ] GC(12) Concurrent strong roots
[2026-04-03T01:55:47.668+0600][15.161s][info][gc,task     ] GC(12) Using 3 of 6 workers for concurrent strong root
[2026-04-03T01:55:47.668+0600][15.161s][info][gc          ] GC(12) Concurrent strong roots 0.683ms
[2026-04-03T01:55:47.668+0600][15.161s][info][gc,start    ] GC(12) Concurrent evacuation
[2026-04-03T01:55:47.668+0600][15.161s][info][gc,task     ] GC(12) Using 3 of 6 workers for concurrent evacuation
[2026-04-03T01:55:47.677+0600][15.170s][info][gc          ] GC(12) Concurrent evacuation 8.732ms
[2026-04-03T01:55:47.677+0600][15.170s][info][gc,start    ] GC(12) Pause Init Update Refs
[2026-04-03T01:55:47.677+0600][15.170s][info][gc,ergo     ] GC(12) Pacer for Update Refs. Used: 167M, Free: 314M, Non-Taxable: 32194K, Alloc Tax Rate: 1.1x
[2026-04-03T01:55:47.677+0600][15.170s][info][gc          ] GC(12) Pause Init Update Refs 0.082ms
[2026-04-03T01:55:47.677+0600][15.170s][info][gc,start    ] GC(12) Concurrent update references
[2026-04-03T01:55:47.677+0600][15.170s][info][gc,task     ] GC(12) Using 3 of 6 workers for concurrent reference update
[2026-04-03T01:55:47.702+0600][15.195s][info][gc          ] GC(12) Concurrent update references 24.454ms
[2026-04-03T01:55:47.702+0600][15.195s][info][gc,start    ] GC(12) Concurrent update thread roots
[2026-04-03T01:55:47.703+0600][15.196s][info][gc          ] GC(12) Concurrent update thread roots 0.692ms
[2026-04-03T01:55:47.703+0600][15.196s][info][gc,start    ] GC(12) Pause Final Update Refs
[2026-04-03T01:55:47.703+0600][15.196s][info][gc,task     ] GC(12) Using 4 of 6 workers for final reference update
[2026-04-03T01:55:47.703+0600][15.196s][info][gc          ] GC(12) Pause Final Update Refs 0.137ms
[2026-04-03T01:55:47.703+0600][15.196s][info][gc,start    ] GC(12) Concurrent cleanup
[2026-04-03T01:55:47.703+0600][15.196s][info][gc          ] GC(12) Concurrent cleanup 178M->94M(180M) 0.190ms
[2026-04-03T01:55:47.703+0600][15.196s][info][gc,ergo     ] Free: 379M, Max: 256K regular, 295M humongous, Frag: 23% external, 0% internal; Reserve: 25600K, Max: 256K
[2026-04-03T01:55:47.703+0600][15.196s][info][gc,stats    ] 
[2026-04-03T01:55:47.703+0600][15.196s][info][gc,stats    ] All times are wall-clock times, except per-root-class counters, that are sum over
[2026-04-03T01:55:47.703+0600][15.196s][info][gc,stats    ] all workers. Dividing the <total> over the root stage time estimates parallelism.
[2026-04-03T01:55:47.703+0600][15.196s][info][gc,stats    ] 
[2026-04-03T01:55:47.703+0600][15.196s][info][gc,stats    ] Concurrent Reset                    636 us
[2026-04-03T01:55:47.703+0600][15.196s][info][gc,stats    ] Pause Init Mark (G)                 334 us
[2026-04-03T01:55:47.703+0600][15.197s][info][gc,stats    ] Pause Init Mark (N)                  94 us
[2026-04-03T01:55:47.704+0600][15.197s][info][gc,stats    ]   Update Region States               14 us
[2026-04-03T01:55:47.704+0600][15.197s][info][gc,stats    ] Concurrent Mark Roots               524 us, parallelism: 1.35x
[2026-04-03T01:55:47.704+0600][15.197s][info][gc,stats    ]   CMR: <total>                      707 us
[2026-04-03T01:55:47.704+0600][15.197s][info][gc,stats    ]   CMR: Thread Roots                 523 us, workers (us): 228,  66, 229, ---, ---, ---, 
[2026-04-03T01:55:47.704+0600][15.197s][info][gc,stats    ]   CMR: VM Strong Roots               20 us, workers (us):  18,   1,   0, ---, ---, ---, 
[2026-04-03T01:55:47.704+0600][15.197s][info][gc,stats    ]   CMR: CLDG Roots                   164 us, workers (us): ---, 164, ---, ---, ---, ---, 
[2026-04-03T01:55:47.704+0600][15.197s][info][gc,stats    ] Concurrent Marking                24893 us
[2026-04-03T01:55:47.704+0600][15.197s][info][gc,stats    ] Pause Final Mark (G)                717 us
[2026-04-03T01:55:47.704+0600][15.197s][info][gc,stats    ] Pause Final Mark (N)                515 us
[2026-04-03T01:55:47.704+0600][15.197s][info][gc,stats    ]   Finish Mark                       157 us
[2026-04-03T01:55:47.704+0600][15.197s][info][gc,stats    ]   Update Region States               35 us
[2026-04-03T01:55:47.704+0600][15.197s][info][gc,stats    ]   Choose Collection Set             196 us
[2026-04-03T01:55:47.704+0600][15.197s][info][gc,stats    ]   Rebuild Free Set                   20 us
[2026-04-03T01:55:47.704+0600][15.197s][info][gc,stats    ] Concurrent Thread Roots             458 us, parallelism: 1.96x
[2026-04-03T01:55:47.704+0600][15.197s][info][gc,stats    ]   CTR: <total>                      897 us
[2026-04-03T01:55:47.704+0600][15.197s][info][gc,stats    ]   CTR: Thread Roots                 897 us, workers (us): 285, 303, 309, ---, ---, ---, 
[2026-04-03T01:55:47.704+0600][15.197s][info][gc,stats    ] Concurrent Weak References          878 us, parallelism: 0.81x
[2026-04-03T01:55:47.704+0600][15.197s][info][gc,stats    ]   CWRF: <total>                     713 us
[2026-04-03T01:55:47.704+0600][15.197s][info][gc,stats    ]   CWRF: Weak References             713 us, workers (us): 697,  14,   3, ---, ---, ---, 
[2026-04-03T01:55:47.704+0600][15.197s][info][gc,stats    ] Concurrent Weak Roots              1801 us
[2026-04-03T01:55:47.704+0600][15.197s][info][gc,stats    ]   Roots                            1488 us, parallelism: 2.60x
[2026-04-03T01:55:47.704+0600][15.197s][info][gc,stats    ]     CWR: <total>                   3864 us
[2026-04-03T01:55:47.704+0600][15.197s][info][gc,stats    ]     CWR: Code Cache Roots          2393 us, workers (us): 841, 809, 744, ---, ---, ---, 
[2026-04-03T01:55:47.704+0600][15.197s][info][gc,stats    ]     CWR: VM Weak Roots             1377 us, workers (us): 468, 458, 450, ---, ---, ---, 
[2026-04-03T01:55:47.704+0600][15.197s][info][gc,stats    ]     CWR: CLDG Roots                  94 us, workers (us): ---, ---,  94, ---, ---, ---, 
[2026-04-03T01:55:47.704+0600][15.197s][info][gc,stats    ]   Rendezvous                        218 us
[2026-04-03T01:55:47.704+0600][15.197s][info][gc,stats    ] Concurrent Cleanup                  151 us
[2026-04-03T01:55:47.704+0600][15.197s][info][gc,stats    ] Concurrent Class Unloading         4104 us
[2026-04-03T01:55:47.704+0600][15.197s][info][gc,stats    ]   Unlink Stale                     3440 us
[2026-04-03T01:55:47.704+0600][15.197s][info][gc,stats    ]     System Dictionary                78 us
[2026-04-03T01:55:47.704+0600][15.197s][info][gc,stats    ]     Weak Class Links                  1 us
[2026-04-03T01:55:47.704+0600][15.197s][info][gc,stats    ]     Code Roots                     3358 us
[2026-04-03T01:55:47.704+0600][15.197s][info][gc,stats    ]   Rendezvous                        190 us
[2026-04-03T01:55:47.704+0600][15.197s][info][gc,stats    ]   Purge Unlinked                    357 us
[2026-04-03T01:55:47.704+0600][15.197s][info][gc,stats    ]     Code Roots                      342 us
[2026-04-03T01:55:47.704+0600][15.197s][info][gc,stats    ]     CLDG                             14 us
[2026-04-03T01:55:47.704+0600][15.197s][info][gc,stats    ]     Exception Caches                  1 us
[2026-04-03T01:55:47.704+0600][15.197s][info][gc,stats    ] Concurrent Strong Roots             738 us, parallelism: 0.60x
[2026-04-03T01:55:47.704+0600][15.197s][info][gc,stats    ]   CSR: <total>                      444 us
[2026-04-03T01:55:47.704+0600][15.197s][info][gc,stats    ]   CSR: VM Strong Roots               20 us, workers (us):  10,   9,   0, ---, ---, ---, 
[2026-04-03T01:55:47.704+0600][15.197s][info][gc,stats    ]   CSR: CLDG Roots                   424 us, workers (us): ---, 424, ---, ---, ---, ---, 
[2026-04-03T01:55:47.704+0600][15.197s][info][gc,stats    ] Concurrent Evacuation              8825 us
[2026-04-03T01:55:47.704+0600][15.197s][info][gc,stats    ] Pause Init Update Refs (G)          289 us
[2026-04-03T01:55:47.704+0600][15.197s][info][gc,stats    ] Pause Init Update Refs (N)           98 us
[2026-04-03T01:55:47.704+0600][15.197s][info][gc,stats    ]   Manage GCLABs                      11 us
[2026-04-03T01:55:47.704+0600][15.197s][info][gc,stats    ] Concurrent Update Refs            24550 us
[2026-04-03T01:55:47.704+0600][15.197s][info][gc,stats    ] Concurrent Update Thread Roots      734 us
[2026-04-03T01:55:47.704+0600][15.197s][info][gc,stats    ] Pause Final Update Refs (G)         391 us
[2026-04-03T01:55:47.704+0600][15.197s][info][gc,stats    ] Pause Final Update Refs (N)         154 us
[2026-04-03T01:55:47.704+0600][15.197s][info][gc,stats    ]   Update Region States               38 us
[2026-04-03T01:55:47.704+0600][15.197s][info][gc,stats    ]   Trash Collection Set               11 us
[2026-04-03T01:55:47.704+0600][15.197s][info][gc,stats    ]   Rebuild Free Set                   21 us
[2026-04-03T01:55:47.704+0600][15.197s][info][gc,stats    ] Concurrent Cleanup                  213 us
[2026-04-03T01:55:47.704+0600][15.197s][info][gc,stats    ] 
[2026-04-03T01:55:47.704+0600][15.197s][info][gc,stats    ] Allocation pacing accrued:
[2026-04-03T01:55:47.704+0600][15.197s][info][gc,stats    ]       0 of   120 ms (  0.0%): <total>
[2026-04-03T01:55:47.704+0600][15.197s][info][gc,stats    ]       0 of   120 ms (  0.0%): <average total>
[2026-04-03T01:55:47.704+0600][15.197s][info][gc,stats    ] 
[2026-04-03T01:55:47.704+0600][15.197s][info][gc,metaspace] Metaspace: 61293K(61888K)->61303K(61888K) NonClass: 53590K(53952K)->53601K(53952K) Class: 7702K(7936K)->7702K(7936K)
[2026-04-03T01:55:47.704+0600][15.197s][info][gc,ergo     ] Pacer for Idle. Initial: 10240K, Alloc Tax Rate: 1.0x
[2026-04-03T01:55:47.729+0600][15.222s][info][gc          ] Trigger: Learning 5 of 5. Free (348M) is below initial threshold (350M)
[2026-04-03T01:55:47.729+0600][15.222s][info][gc,ergo     ] Free: 348M, Max: 256K regular, 295M humongous, Frag: 16% external, 0% internal; Reserve: 25600K, Max: 256K
[2026-04-03T01:55:47.729+0600][15.222s][info][gc,start    ] GC(13) Concurrent reset
[2026-04-03T01:55:47.729+0600][15.222s][info][gc,task     ] GC(13) Using 3 of 6 workers for concurrent reset
[2026-04-03T01:55:47.729+0600][15.222s][info][gc,ergo     ] GC(13) Pacer for Reset. Non-Taxable: 500M
[2026-04-03T01:55:47.730+0600][15.223s][info][gc          ] GC(13) Concurrent reset 0.774ms
[2026-04-03T01:55:47.730+0600][15.223s][info][gc,start    ] GC(13) Pause Init Mark (unload classes)
[2026-04-03T01:55:47.730+0600][15.223s][info][gc,task     ] GC(13) Using 4 of 6 workers for init marking
[2026-04-03T01:55:47.730+0600][15.223s][info][gc,ergo     ] GC(13) Pacer for Mark. Expected Live: 50016K, Free: 347M, Non-Taxable: 35536K, Alloc Tax Rate: 0.2x
[2026-04-03T01:55:47.730+0600][15.223s][info][gc          ] GC(13) Pause Init Mark (unload classes) 0.115ms
[2026-04-03T01:55:47.730+0600][15.223s][info][gc,start    ] GC(13) Concurrent marking roots
[2026-04-03T01:55:47.730+0600][15.223s][info][gc,task     ] GC(13) Using 3 of 6 workers for concurrent marking roots
[2026-04-03T01:55:47.731+0600][15.224s][info][gc          ] GC(13) Concurrent marking roots 0.513ms
[2026-04-03T01:55:47.731+0600][15.224s][info][gc,start    ] GC(13) Concurrent marking (unload classes)
[2026-04-03T01:55:47.731+0600][15.224s][info][gc,task     ] GC(13) Using 3 of 6 workers for concurrent marking
[2026-04-03T01:55:47.760+0600][15.253s][info][gc          ] GC(13) Concurrent marking (unload classes) 29.241ms
[2026-04-03T01:55:47.760+0600][15.253s][info][gc,start    ] GC(13) Pause Final Mark (unload classes)
[2026-04-03T01:55:47.760+0600][15.253s][info][gc,task     ] GC(13) Using 4 of 6 workers for final marking
[2026-04-03T01:55:47.761+0600][15.254s][info][gc,ergo     ] GC(13) Adaptive CSet Selection. Target Free: 72533K, Actual Free: 343M, Max CSet: 21333K, Min Garbage: 0B
[2026-04-03T01:55:47.761+0600][15.254s][info][gc,ergo     ] GC(13) Collectable Garbage: 74702K (96%), Immediate: 0B (0%), CSet: 74702K (96%)
[2026-04-03T01:55:47.761+0600][15.254s][info][gc,ergo     ] GC(13) Pacer for Evacuation. Used CSet: 81851K, Free: 318M, Non-Taxable: 32582K, Alloc Tax Rate: 1.1x
[2026-04-03T01:55:47.761+0600][15.254s][info][gc          ] GC(13) Pause Final Mark (unload classes) 0.803ms
[2026-04-03T01:55:47.761+0600][15.254s][info][gc,start    ] GC(13) Concurrent thread roots
[2026-04-03T01:55:47.761+0600][15.254s][info][gc,task     ] GC(13) Using 3 of 6 workers for Concurrent thread roots
[2026-04-03T01:55:47.762+0600][15.255s][info][gc          ] GC(13) Concurrent thread roots 0.460ms
[2026-04-03T01:55:47.762+0600][15.255s][info][gc,start    ] GC(13) Concurrent weak references
[2026-04-03T01:55:47.762+0600][15.255s][info][gc,task     ] GC(13) Using 3 of 6 workers for concurrent weak references
[2026-04-03T01:55:47.762+0600][15.255s][info][gc,ref      ] GC(13) Encountered references: Soft: 2956, Weak: 4506, Final: 74, Phantom: 594
[2026-04-03T01:55:47.762+0600][15.255s][info][gc,ref      ] GC(13) Discovered  references: Soft: 0, Weak: 326, Final: 0, Phantom: 590
[2026-04-03T01:55:47.762+0600][15.255s][info][gc,ref      ] GC(13) Enqueued    references: Soft: 0, Weak: 0, Final: 0, Phantom: 0
[2026-04-03T01:55:47.762+0600][15.255s][info][gc          ] GC(13) Concurrent weak references 0.187ms
[2026-04-03T01:55:47.762+0600][15.255s][info][gc,start    ] GC(13) Concurrent weak roots
[2026-04-03T01:55:47.762+0600][15.255s][info][gc,task     ] GC(13) Using 3 of 6 workers for concurrent weak root
[2026-04-03T01:55:47.763+0600][15.256s][info][gc          ] GC(13) Concurrent weak roots 1.319ms
[2026-04-03T01:55:47.763+0600][15.256s][info][gc,start    ] GC(13) Concurrent cleanup
[2026-04-03T01:55:47.764+0600][15.257s][info][gc          ] GC(13) Concurrent cleanup 155M->155M(180M) 0.303ms
[2026-04-03T01:55:47.764+0600][15.257s][info][gc,ergo     ] GC(13) Free: 317M, Max: 256K regular, 295M humongous, Frag: 7% external, 0% internal; Reserve: 25591K, Max: 256K
[2026-04-03T01:55:47.764+0600][15.257s][info][gc,start    ] GC(13) Concurrent class unloading
[2026-04-03T01:55:47.764+0600][15.257s][info][gc,task     ] GC(13) Using 3 of 6 workers for concurrent class unloading
[2026-04-03T01:55:47.767+0600][15.260s][info][gc          ] GC(13) Concurrent class unloading 3.412ms
[2026-04-03T01:55:47.767+0600][15.260s][info][gc,start    ] GC(13) Concurrent strong roots
[2026-04-03T01:55:47.767+0600][15.260s][info][gc,task     ] GC(13) Using 3 of 6 workers for concurrent strong root
[2026-04-03T01:55:47.768+0600][15.261s][info][gc          ] GC(13) Concurrent strong roots 0.505ms
[2026-04-03T01:55:47.768+0600][15.261s][info][gc,start    ] GC(13) Concurrent evacuation
[2026-04-03T01:55:47.768+0600][15.261s][info][gc,task     ] GC(13) Using 3 of 6 workers for concurrent evacuation
[2026-04-03T01:55:47.774+0600][15.267s][info][gc          ] GC(13) Concurrent evacuation 6.748ms
[2026-04-03T01:55:47.775+0600][15.268s][info][gc,start    ] GC(13) Pause Init Update Refs
[2026-04-03T01:55:47.775+0600][15.268s][info][gc,ergo     ] GC(13) Pacer for Update Refs. Used: 170M, Free: 309M, Non-Taxable: 31708K, Alloc Tax Rate: 1.1x
[2026-04-03T01:55:47.775+0600][15.268s][info][gc          ] GC(13) Pause Init Update Refs 0.111ms
[2026-04-03T01:55:47.775+0600][15.268s][info][gc,start    ] GC(13) Concurrent update references
[2026-04-03T01:55:47.775+0600][15.268s][info][gc,task     ] GC(13) Using 3 of 6 workers for concurrent reference update
[2026-04-03T01:55:47.799+0600][15.292s][info][gc          ] GC(13) Concurrent update references 23.748ms
[2026-04-03T01:55:47.799+0600][15.292s][info][gc,start    ] GC(13) Concurrent update thread roots
[2026-04-03T01:55:47.799+0600][15.292s][info][gc          ] GC(13) Concurrent update thread roots 0.585ms
[2026-04-03T01:55:47.800+0600][15.293s][info][gc,start    ] GC(13) Pause Final Update Refs
[2026-04-03T01:55:47.800+0600][15.293s][info][gc,task     ] GC(13) Using 4 of 6 workers for final reference update
[2026-04-03T01:55:47.800+0600][15.293s][info][gc          ] GC(13) Pause Final Update Refs 0.157ms
[2026-04-03T01:55:47.800+0600][15.293s][info][gc,start    ] GC(13) Concurrent cleanup
[2026-04-03T01:55:47.800+0600][15.293s][info][gc          ] GC(13) Concurrent cleanup 190M->110M(192M) 0.233ms
[2026-04-03T01:55:47.800+0600][15.293s][info][gc,ergo     ] Free: 362M, Max: 256K regular, 283M humongous, Frag: 22% external, 0% internal; Reserve: 25600K, Max: 256K
[2026-04-03T01:55:47.800+0600][15.293s][info][gc,stats    ] 
[2026-04-03T01:55:47.800+0600][15.293s][info][gc,stats    ] All times are wall-clock times, except per-root-class counters, that are sum over
[2026-04-03T01:55:47.800+0600][15.293s][info][gc,stats    ] all workers. Dividing the <total> over the root stage time estimates parallelism.
[2026-04-03T01:55:47.800+0600][15.293s][info][gc,stats    ] 
[2026-04-03T01:55:47.800+0600][15.293s][info][gc,stats    ] Concurrent Reset                    838 us
[2026-04-03T01:55:47.800+0600][15.293s][info][gc,stats    ] Pause Init Mark (G)                 378 us
[2026-04-03T01:55:47.800+0600][15.293s][info][gc,stats    ] Pause Init Mark (N)                 126 us
[2026-04-03T01:55:47.800+0600][15.293s][info][gc,stats    ]   Update Region States               30 us
[2026-04-03T01:55:47.800+0600][15.293s][info][gc,stats    ] Concurrent Mark Roots               533 us, parallelism: 1.46x
[2026-04-03T01:55:47.800+0600][15.293s][info][gc,stats    ]   CMR: <total>                      780 us
[2026-04-03T01:55:47.800+0600][15.293s][info][gc,stats    ]   CMR: Thread Roots                 634 us, workers (us): 131, 259, 243, ---, ---, ---, 
[2026-04-03T01:55:47.800+0600][15.293s][info][gc,stats    ]   CMR: VM Strong Roots               15 us, workers (us):  14,   1,   0, ---, ---, ---, 
[2026-04-03T01:55:47.800+0600][15.293s][info][gc,stats    ]   CMR: CLDG Roots                   131 us, workers (us): 131, ---, ---, ---, ---, ---, 
[2026-04-03T01:55:47.800+0600][15.293s][info][gc,stats    ] Concurrent Marking                29322 us
[2026-04-03T01:55:47.800+0600][15.293s][info][gc,stats    ] Pause Final Mark (G)               1158 us
[2026-04-03T01:55:47.800+0600][15.293s][info][gc,stats    ] Pause Final Mark (N)                816 us
[2026-04-03T01:55:47.800+0600][15.293s][info][gc,stats    ]   Finish Mark                       196 us
[2026-04-03T01:55:47.800+0600][15.293s][info][gc,stats    ]   Update Region States              169 us
[2026-04-03T01:55:47.800+0600][15.293s][info][gc,stats    ]   Choose Collection Set             218 us
[2026-04-03T01:55:47.800+0600][15.293s][info][gc,stats    ]   Rebuild Free Set                   25 us
[2026-04-03T01:55:47.800+0600][15.293s][info][gc,stats    ] Concurrent Thread Roots             483 us, parallelism: 1.51x
[2026-04-03T01:55:47.800+0600][15.293s][info][gc,stats    ]   CTR: <total>                      729 us
[2026-04-03T01:55:47.800+0600][15.293s][info][gc,stats    ]   CTR: Thread Roots                 729 us, workers (us): 346, 207, 175, ---, ---, ---, 
[2026-04-03T01:55:47.800+0600][15.293s][info][gc,stats    ] Concurrent Weak References          196 us, parallelism: 0.49x
[2026-04-03T01:55:47.800+0600][15.293s][info][gc,stats    ]   CWRF: <total>                      97 us
[2026-04-03T01:55:47.800+0600][15.293s][info][gc,stats    ]   CWRF: Weak References              97 us, workers (us):  72,  23,   1, ---, ---, ---, 
[2026-04-03T01:55:47.800+0600][15.293s][info][gc,stats    ] Concurrent Weak Roots              1361 us
[2026-04-03T01:55:47.800+0600][15.293s][info][gc,stats    ]   Roots                            1149 us, parallelism: 2.46x
[2026-04-03T01:55:47.800+0600][15.293s][info][gc,stats    ]     CWR: <total>                   2824 us
[2026-04-03T01:55:47.800+0600][15.293s][info][gc,stats    ]     CWR: Code Cache Roots          1652 us, workers (us): 575, 493, 584, ---, ---, ---, 
[2026-04-03T01:55:47.800+0600][15.293s][info][gc,stats    ]     CWR: VM Weak Roots             1086 us, workers (us): 422, 358, 306, ---, ---, ---, 
[2026-04-03T01:55:47.800+0600][15.293s][info][gc,stats    ]     CWR: CLDG Roots                  87 us, workers (us): ---,  87, ---, ---, ---, ---, 
[2026-04-03T01:55:47.800+0600][15.293s][info][gc,stats    ]   Rendezvous                        152 us
[2026-04-03T01:55:47.800+0600][15.293s][info][gc,stats    ] Concurrent Cleanup                  315 us
[2026-04-03T01:55:47.800+0600][15.293s][info][gc,stats    ] Concurrent Class Unloading         3480 us
[2026-04-03T01:55:47.800+0600][15.293s][info][gc,stats    ]   Unlink Stale                     3157 us
[2026-04-03T01:55:47.800+0600][15.293s][info][gc,stats    ]     System Dictionary                64 us
[2026-04-03T01:55:47.800+0600][15.293s][info][gc,stats    ]     Weak Class Links                  0 us
[2026-04-03T01:55:47.800+0600][15.293s][info][gc,stats    ]     Code Roots                     3089 us
[2026-04-03T01:55:47.800+0600][15.293s][info][gc,stats    ]   Rendezvous                        188 us
[2026-04-03T01:55:47.800+0600][15.293s][info][gc,stats    ]   Purge Unlinked                     49 us
[2026-04-03T01:55:47.800+0600][15.293s][info][gc,stats    ]     Code Roots                       44 us
[2026-04-03T01:55:47.800+0600][15.293s][info][gc,stats    ]     CLDG                              5 us
[2026-04-03T01:55:47.800+0600][15.294s][info][gc,stats    ]     Exception Caches                  0 us
[2026-04-03T01:55:47.801+0600][15.294s][info][gc,stats    ] Concurrent Strong Roots             552 us, parallelism: 0.58x
[2026-04-03T01:55:47.801+0600][15.294s][info][gc,stats    ]   CSR: <total>                      319 us
[2026-04-03T01:55:47.801+0600][15.294s][info][gc,stats    ]   CSR: VM Strong Roots               17 us, workers (us):  15,   1,   1, ---, ---, ---, 
[2026-04-03T01:55:47.801+0600][15.294s][info][gc,stats    ]   CSR: CLDG Roots                   302 us, workers (us): 302, ---, ---, ---, ---, ---, 
[2026-04-03T01:55:47.801+0600][15.294s][info][gc,stats    ] Concurrent Evacuation              6821 us
[2026-04-03T01:55:47.801+0600][15.294s][info][gc,stats    ] Pause Init Update Refs (G)          334 us
[2026-04-03T01:55:47.801+0600][15.294s][info][gc,stats    ] Pause Init Update Refs (N)          120 us
[2026-04-03T01:55:47.801+0600][15.294s][info][gc,stats    ]   Manage GCLABs                      15 us
[2026-04-03T01:55:47.801+0600][15.294s][info][gc,stats    ] Concurrent Update Refs            23845 us
[2026-04-03T01:55:47.801+0600][15.294s][info][gc,stats    ] Concurrent Update Thread Roots      660 us
[2026-04-03T01:55:47.801+0600][15.294s][info][gc,stats    ] Pause Final Update Refs (G)         418 us
[2026-04-03T01:55:47.801+0600][15.294s][info][gc,stats    ] Pause Final Update Refs (N)         170 us
[2026-04-03T01:55:47.801+0600][15.294s][info][gc,stats    ]   Update Region States               26 us
[2026-04-03T01:55:47.801+0600][15.294s][info][gc,stats    ]   Trash Collection Set                7 us
[2026-04-03T01:55:47.801+0600][15.294s][info][gc,stats    ]   Rebuild Free Set                   37 us
[2026-04-03T01:55:47.801+0600][15.294s][info][gc,stats    ] Concurrent Cleanup                  250 us
[2026-04-03T01:55:47.801+0600][15.294s][info][gc,stats    ] 
[2026-04-03T01:55:47.801+0600][15.294s][info][gc,stats    ] Allocation pacing accrued:
[2026-04-03T01:55:47.801+0600][15.294s][info][gc,stats    ]       0 of    97 ms (  0.0%): <total>
[2026-04-03T01:55:47.801+0600][15.294s][info][gc,stats    ]       0 of    97 ms (  0.0%): <average total>
[2026-04-03T01:55:47.801+0600][15.294s][info][gc,stats    ] 
[2026-04-03T01:55:47.801+0600][15.294s][info][gc,metaspace] Metaspace: 61304K(61888K)->61311K(61952K) NonClass: 53601K(53952K)->53609K(54016K) Class: 7702K(7936K)->7702K(7936K)
[2026-04-03T01:55:47.801+0600][15.294s][info][gc,ergo     ] Pacer for Idle. Initial: 10240K, Alloc Tax Rate: 1.0x
[2026-04-03T01:55:48.061+0600][15.554s][info][gc          ] Trigger: Average GC time (84.84 ms) is above the time for average allocation rate (905 MB/s) to deplete free headroom (78566K) (margin of error = 1.84)
[2026-04-03T01:55:48.061+0600][15.554s][info][gc,ergo     ] Free headroom: 101M (free) - 25600K (spike) - 0B (penalties) = 78566K
[2026-04-03T01:55:48.061+0600][15.554s][info][gc,ergo     ] Free: 101M, Max: 256K regular, 101M humongous, Frag: 0% external, 0% internal; Reserve: 25600K, Max: 256K
[2026-04-03T01:55:48.061+0600][15.554s][info][gc,start    ] GC(14) Concurrent reset
[2026-04-03T01:55:48.061+0600][15.554s][info][gc,task     ] GC(14) Using 3 of 6 workers for concurrent reset
[2026-04-03T01:55:48.061+0600][15.554s][info][gc,ergo     ] GC(14) Pacer for Reset. Non-Taxable: 500M
[2026-04-03T01:55:48.062+0600][15.555s][info][gc          ] GC(14) Concurrent reset 1.079ms
[2026-04-03T01:55:48.062+0600][15.555s][info][gc,start    ] GC(14) Pause Init Mark (unload classes)
[2026-04-03T01:55:48.062+0600][15.555s][info][gc,task     ] GC(14) Using 6 of 6 workers for init marking
[2026-04-03T01:55:48.062+0600][15.555s][info][gc,ergo     ] GC(14) Pacer for Mark. Expected Live: 38595K, Free: 100M, Non-Taxable: 10314K, Alloc Tax Rate: 0.5x
[2026-04-03T01:55:48.062+0600][15.555s][info][gc          ] GC(14) Pause Init Mark (unload classes) 0.105ms
[2026-04-03T01:55:48.062+0600][15.555s][info][gc,start    ] GC(14) Concurrent marking roots
[2026-04-03T01:55:48.062+0600][15.555s][info][gc,task     ] GC(14) Using 3 of 6 workers for concurrent marking roots
[2026-04-03T01:55:48.063+0600][15.556s][info][gc          ] GC(14) Concurrent marking roots 0.619ms
[2026-04-03T01:55:48.063+0600][15.556s][info][gc,start    ] GC(14) Concurrent marking (unload classes)
[2026-04-03T01:55:48.063+0600][15.556s][info][gc,task     ] GC(14) Using 3 of 6 workers for concurrent marking
[2026-04-03T01:55:48.105+0600][15.598s][info][gc          ] GC(14) Concurrent marking (unload classes) 42.255ms
[2026-04-03T01:55:48.106+0600][15.599s][info][gc,start    ] GC(14) Pause Final Mark (unload classes)
[2026-04-03T01:55:48.106+0600][15.599s][info][gc,task     ] GC(14) Using 6 of 6 workers for final marking
[2026-04-03T01:55:48.106+0600][15.599s][info][gc,ergo     ] GC(14) Adaptive CSet Selection. Target Free: 72533K, Actual Free: 102M, Max CSet: 21333K, Min Garbage: 0B
[2026-04-03T01:55:48.106+0600][15.599s][info][gc,ergo     ] GC(14) Collectable Garbage: 230M (79%), Immediate: 3072K (1%), CSet: 227M (78%)
[2026-04-03T01:55:48.106+0600][15.599s][info][gc,ergo     ] GC(14) Pacer for Evacuation. Used CSet: 248M, Free: 80287K, Non-Taxable: 8028K, Alloc Tax Rate: 7.7x
[2026-04-03T01:55:48.106+0600][15.599s][info][gc          ] GC(14) Pause Final Mark (unload classes) 0.748ms
[2026-04-03T01:55:48.106+0600][15.599s][info][gc,start    ] GC(14) Concurrent thread roots
[2026-04-03T01:55:48.106+0600][15.599s][info][gc,task     ] GC(14) Using 3 of 6 workers for Concurrent thread roots
[2026-04-03T01:55:48.107+0600][15.600s][info][gc          ] GC(14) Concurrent thread roots 0.359ms
[2026-04-03T01:55:48.107+0600][15.600s][info][gc,start    ] GC(14) Concurrent weak references
[2026-04-03T01:55:48.107+0600][15.600s][info][gc,task     ] GC(14) Using 3 of 6 workers for concurrent weak references
[2026-04-03T01:55:48.107+0600][15.600s][info][gc,ref      ] GC(14) Encountered references: Soft: 2956, Weak: 4506, Final: 74, Phantom: 594
[2026-04-03T01:55:48.107+0600][15.600s][info][gc,ref      ] GC(14) Discovered  references: Soft: 0, Weak: 273, Final: 0, Phantom: 591
[2026-04-03T01:55:48.107+0600][15.600s][info][gc,ref      ] GC(14) Enqueued    references: Soft: 0, Weak: 0, Final: 0, Phantom: 0
[2026-04-03T01:55:48.107+0600][15.600s][info][gc          ] GC(14) Concurrent weak references 0.229ms
[2026-04-03T01:55:48.107+0600][15.600s][info][gc,start    ] GC(14) Concurrent weak roots
[2026-04-03T01:55:48.107+0600][15.600s][info][gc,task     ] GC(14) Using 3 of 6 workers for concurrent weak root
[2026-04-03T01:55:48.108+0600][15.601s][info][gc          ] GC(14) Concurrent weak roots 1.426ms
[2026-04-03T01:55:48.108+0600][15.601s][info][gc,start    ] GC(14) Concurrent cleanup
[2026-04-03T01:55:48.109+0600][15.602s][info][gc          ] GC(14) Concurrent cleanup 399M->396M(402M) 0.118ms
[2026-04-03T01:55:48.109+0600][15.602s][info][gc,ergo     ] GC(14) Free: 79005K, Max: 256K regular, 75264K humongous, Frag: 5% external, 0% internal; Reserve: 25597K, Max: 256K
[2026-04-03T01:55:48.109+0600][15.602s][info][gc,start    ] GC(14) Concurrent class unloading
[2026-04-03T01:55:48.109+0600][15.602s][info][gc,task     ] GC(14) Using 3 of 6 workers for concurrent class unloading
[2026-04-03T01:55:48.112+0600][15.605s][info][gc          ] GC(14) Concurrent class unloading 3.458ms
[2026-04-03T01:55:48.112+0600][15.605s][info][gc,start    ] GC(14) Concurrent strong roots
[2026-04-03T01:55:48.112+0600][15.605s][info][gc,task     ] GC(14) Using 3 of 6 workers for concurrent strong root
[2026-04-03T01:55:48.113+0600][15.606s][info][gc          ] GC(14) Concurrent strong roots 0.521ms
[2026-04-03T01:55:48.113+0600][15.606s][info][gc,start    ] GC(14) Concurrent evacuation
[2026-04-03T01:55:48.113+0600][15.606s][info][gc,task     ] GC(14) Using 3 of 6 workers for concurrent evacuation
[2026-04-03T01:55:48.133+0600][15.626s][info][gc          ] GC(14) Concurrent evacuation 19.866ms
[2026-04-03T01:55:48.133+0600][15.626s][info][gc,start    ] GC(14) Pause Init Update Refs
[2026-04-03T01:55:48.133+0600][15.626s][info][gc,ergo     ] GC(14) Pacer for Update Refs. Used: 431M, Free: 64413K, Non-Taxable: 6441K, Alloc Tax Rate: 8.4x
[2026-04-03T01:55:48.133+0600][15.626s][info][gc          ] GC(14) Pause Init Update Refs 0.097ms
[2026-04-03T01:55:48.133+0600][15.626s][info][gc,start    ] GC(14) Concurrent update references
[2026-04-03T01:55:48.133+0600][15.626s][info][gc,task     ] GC(14) Using 3 of 6 workers for concurrent reference update
[2026-04-03T01:55:48.176+0600][15.669s][info][gc          ] GC(14) Concurrent update references 43.095ms
[2026-04-03T01:55:48.176+0600][15.669s][info][gc,start    ] GC(14) Concurrent update thread roots
[2026-04-03T01:55:48.177+0600][15.670s][info][gc          ] GC(14) Concurrent update thread roots 0.939ms
[2026-04-03T01:55:48.177+0600][15.670s][info][gc,start    ] GC(14) Pause Final Update Refs
[2026-04-03T01:55:48.177+0600][15.670s][info][gc,task     ] GC(14) Using 6 of 6 workers for final reference update
[2026-04-03T01:55:48.178+0600][15.671s][info][gc          ] GC(14) Pause Final Update Refs 0.188ms
[2026-04-03T01:55:48.178+0600][15.671s][info][gc,start    ] GC(14) Concurrent cleanup
[2026-04-03T01:55:48.178+0600][15.671s][info][gc          ] GC(14) Concurrent cleanup 453M->205M(455M) 0.563ms
[2026-04-03T01:55:48.178+0600][15.671s][info][gc,ergo     ] Free: 267M, Max: 256K regular, 20992K humongous, Frag: 93% external, 0% internal; Reserve: 25600K, Max: 256K
[2026-04-03T01:55:48.178+0600][15.671s][info][gc,stats    ] 
[2026-04-03T01:55:48.178+0600][15.671s][info][gc,stats    ] All times are wall-clock times, except per-root-class counters, that are sum over
[2026-04-03T01:55:48.178+0600][15.671s][info][gc,stats    ] all workers. Dividing the <total> over the root stage time estimates parallelism.
[2026-04-03T01:55:48.178+0600][15.671s][info][gc,stats    ] 
[2026-04-03T01:55:48.178+0600][15.671s][info][gc,stats    ] Concurrent Reset                   1111 us
[2026-04-03T01:55:48.178+0600][15.671s][info][gc,stats    ] Pause Init Mark (G)                 369 us
[2026-04-03T01:55:48.178+0600][15.671s][info][gc,stats    ] Pause Init Mark (N)                 113 us
[2026-04-03T01:55:48.178+0600][15.671s][info][gc,stats    ]   Update Region States               28 us
[2026-04-03T01:55:48.178+0600][15.671s][info][gc,stats    ] Concurrent Mark Roots               651 us, parallelism: 1.03x
[2026-04-03T01:55:48.178+0600][15.671s][info][gc,stats    ]   CMR: <total>                      672 us
[2026-04-03T01:55:48.178+0600][15.671s][info][gc,stats    ]   CMR: Thread Roots                 465 us, workers (us): 263,  25, 176, ---, ---, ---, 
[2026-04-03T01:55:48.178+0600][15.671s][info][gc,stats    ]   CMR: VM Strong Roots               17 us, workers (us):  11,   5,   1, ---, ---, ---, 
[2026-04-03T01:55:48.178+0600][15.671s][info][gc,stats    ]   CMR: CLDG Roots                   190 us, workers (us): ---, 190, ---, ---, ---, ---, 
[2026-04-03T01:55:48.178+0600][15.671s][info][gc,stats    ] Concurrent Marking                42323 us
[2026-04-03T01:55:48.178+0600][15.671s][info][gc,stats    ] Pause Final Mark (G)               1001 us
[2026-04-03T01:55:48.178+0600][15.671s][info][gc,stats    ] Pause Final Mark (N)                760 us
[2026-04-03T01:55:48.178+0600][15.671s][info][gc,stats    ]   Finish Mark                       344 us
[2026-04-03T01:55:48.178+0600][15.671s][info][gc,stats    ]   Update Region States               31 us
[2026-04-03T01:55:48.178+0600][15.671s][info][gc,stats    ]   Choose Collection Set             276 us
[2026-04-03T01:55:48.178+0600][15.671s][info][gc,stats    ]   Rebuild Free Set                   21 us
[2026-04-03T01:55:48.178+0600][15.671s][info][gc,stats    ] Concurrent Thread Roots             397 us, parallelism: 1.51x
[2026-04-03T01:55:48.178+0600][15.671s][info][gc,stats    ]   CTR: <total>                      598 us
[2026-04-03T01:55:48.178+0600][15.671s][info][gc,stats    ]   CTR: Thread Roots                 598 us, workers (us): 237, 187, 174, ---, ---, ---, 
[2026-04-03T01:55:48.178+0600][15.671s][info][gc,stats    ] Concurrent Weak References          239 us, parallelism: 0.43x
[2026-04-03T01:55:48.178+0600][15.671s][info][gc,stats    ]   CWRF: <total>                     102 us
[2026-04-03T01:55:48.178+0600][15.671s][info][gc,stats    ]   CWRF: Weak References             102 us, workers (us):  19,  82,   0, ---, ---, ---, 
[2026-04-03T01:55:48.178+0600][15.671s][info][gc,stats    ] Concurrent Weak Roots              1474 us
[2026-04-03T01:55:48.178+0600][15.671s][info][gc,stats    ]   Roots                            1231 us, parallelism: 2.29x
[2026-04-03T01:55:48.178+0600][15.671s][info][gc,stats    ]     CWR: <total>                   2816 us
[2026-04-03T01:55:48.179+0600][15.672s][info][gc,stats    ]     CWR: Code Cache Roots          1751 us, workers (us): 651, 519, 581, ---, ---, ---, 
[2026-04-03T01:55:48.179+0600][15.672s][info][gc,stats    ]     CWR: VM Weak Roots              989 us, workers (us): 369, 324, 296, ---, ---, ---, 
[2026-04-03T01:55:48.179+0600][15.672s][info][gc,stats    ]     CWR: CLDG Roots                  76 us, workers (us): ---,  76, ---, ---, ---, ---, 
[2026-04-03T01:55:48.179+0600][15.672s][info][gc,stats    ]   Rendezvous                        173 us
[2026-04-03T01:55:48.179+0600][15.672s][info][gc,stats    ] Concurrent Cleanup                  131 us
[2026-04-03T01:55:48.179+0600][15.672s][info][gc,stats    ] Concurrent Class Unloading         3513 us
[2026-04-03T01:55:48.179+0600][15.672s][info][gc,stats    ]   Unlink Stale                     2956 us
[2026-04-03T01:55:48.179+0600][15.672s][info][gc,stats    ]     System Dictionary                66 us
[2026-04-03T01:55:48.179+0600][15.672s][info][gc,stats    ]     Weak Class Links                  0 us
[2026-04-03T01:55:48.179+0600][15.672s][info][gc,stats    ]     Code Roots                     2887 us
[2026-04-03T01:55:48.179+0600][15.672s][info][gc,stats    ]   Rendezvous                        180 us
[2026-04-03T01:55:48.179+0600][15.672s][info][gc,stats    ]   Purge Unlinked                    272 us
[2026-04-03T01:55:48.179+0600][15.672s][info][gc,stats    ]     Code Roots                      260 us
[2026-04-03T01:55:48.179+0600][15.672s][info][gc,stats    ]     CLDG                             11 us
[2026-04-03T01:55:48.179+0600][15.672s][info][gc,stats    ]     Exception Caches                  0 us
[2026-04-03T01:55:48.179+0600][15.672s][info][gc,stats    ] Concurrent Strong Roots             577 us, parallelism: 0.61x
[2026-04-03T01:55:48.179+0600][15.672s][info][gc,stats    ]   CSR: <total>                      355 us
[2026-04-03T01:55:48.179+0600][15.672s][info][gc,stats    ]   CSR: VM Strong Roots               14 us, workers (us):  12,   1,   0, ---, ---, ---, 
[2026-04-03T01:55:48.179+0600][15.672s][info][gc,stats    ]   CSR: CLDG Roots                   341 us, workers (us): 341, ---, ---, ---, ---, ---, 
[2026-04-03T01:55:48.179+0600][15.672s][info][gc,stats    ] Concurrent Evacuation             19939 us
[2026-04-03T01:55:48.179+0600][15.672s][info][gc,stats    ] Pause Init Update Refs (G)          360 us
[2026-04-03T01:55:48.179+0600][15.672s][info][gc,stats    ] Pause Init Update Refs (N)          112 us
[2026-04-03T01:55:48.179+0600][15.672s][info][gc,stats    ]   Manage GCLABs                      10 us
[2026-04-03T01:55:48.179+0600][15.672s][info][gc,stats    ] Concurrent Update Refs            43177 us
[2026-04-03T01:55:48.179+0600][15.672s][info][gc,stats    ] Concurrent Update Thread Roots      993 us
[2026-04-03T01:55:48.179+0600][15.672s][info][gc,stats    ] Pause Final Update Refs (G)         428 us
[2026-04-03T01:55:48.179+0600][15.672s][info][gc,stats    ] Pause Final Update Refs (N)         204 us
[2026-04-03T01:55:48.179+0600][15.672s][info][gc,stats    ]   Update Region States               41 us
[2026-04-03T01:55:48.179+0600][15.672s][info][gc,stats    ]   Trash Collection Set               24 us
[2026-04-03T01:55:48.179+0600][15.672s][info][gc,stats    ]   Rebuild Free Set                   31 us
[2026-04-03T01:55:48.179+0600][15.672s][info][gc,stats    ] Concurrent Cleanup                  584 us
[2026-04-03T01:55:48.179+0600][15.672s][info][gc,stats    ] 
[2026-04-03T01:55:48.179+0600][15.672s][info][gc,stats    ] Allocation pacing accrued:
[2026-04-03T01:55:48.179+0600][15.672s][info][gc,stats    ]       0 of   378 ms (  0.0%): <total>
[2026-04-03T01:55:48.179+0600][15.672s][info][gc,stats    ]       0 of   378 ms (  0.0%): <average total>
[2026-04-03T01:55:48.179+0600][15.672s][info][gc,stats    ] 
[2026-04-03T01:55:48.179+0600][15.672s][info][gc,metaspace] Metaspace: 61324K(61952K)->61324K(61952K) NonClass: 53621K(54016K)->53622K(54016K) Class: 7702K(7936K)->7702K(7936K)
[2026-04-03T01:55:48.179+0600][15.672s][info][gc,ergo     ] Pacer for Idle. Initial: 10240K, Alloc Tax Rate: 1.0x
[2026-04-03T01:55:48.261+0600][15.754s][info][gc          ] Trigger: Average GC time (139.66 ms) is above the time for average allocation rate (742 MB/s) to deplete free headroom (102M) (margin of error = 1.86)
[2026-04-03T01:55:48.261+0600][15.754s][info][gc,ergo     ] Free headroom: 127M (free) - 25600K (spike) - 0B (penalties) = 102M
[2026-04-03T01:55:48.261+0600][15.754s][info][gc,ergo     ] Free: 127M, Max: 256K regular, 20992K humongous, Frag: 84% external, 0% internal; Reserve: 25600K, Max: 256K
[2026-04-03T01:55:48.261+0600][15.754s][info][gc,start    ] GC(15) Concurrent reset
[2026-04-03T01:55:48.261+0600][15.754s][info][gc,task     ] GC(15) Using 3 of 6 workers for concurrent reset
[2026-04-03T01:55:48.261+0600][15.754s][info][gc,ergo     ] GC(15) Pacer for Reset. Non-Taxable: 500M
[2026-04-03T01:55:48.262+0600][15.755s][info][gc          ] GC(15) Concurrent reset 1.046ms
[2026-04-03T01:55:48.262+0600][15.755s][info][gc,start    ] GC(15) Pause Init Mark (unload classes)
[2026-04-03T01:55:48.262+0600][15.755s][info][gc,task     ] GC(15) Using 6 of 6 workers for init marking
[2026-04-03T01:55:48.262+0600][15.755s][info][gc,ergo     ] GC(15) Pacer for Mark. Expected Live: 49846K, Free: 125M, Non-Taxable: 12841K, Alloc Tax Rate: 0.5x
[2026-04-03T01:55:48.262+0600][15.755s][info][gc          ] GC(15) Pause Init Mark (unload classes) 0.086ms
[2026-04-03T01:55:48.262+0600][15.755s][info][gc,start    ] GC(15) Concurrent marking roots
[2026-04-03T01:55:48.262+0600][15.755s][info][gc,task     ] GC(15) Using 3 of 6 workers for concurrent marking roots
[2026-04-03T01:55:48.263+0600][15.756s][info][gc          ] GC(15) Concurrent marking roots 0.725ms
[2026-04-03T01:55:48.263+0600][15.756s][info][gc,start    ] GC(15) Concurrent marking (unload classes)
[2026-04-03T01:55:48.263+0600][15.756s][info][gc,task     ] GC(15) Using 3 of 6 workers for concurrent marking
[2026-04-03T01:55:48.307+0600][15.800s][info][gc          ] GC(15) Concurrent marking (unload classes) 43.687ms
[2026-04-03T01:55:48.307+0600][15.800s][info][gc,start    ] GC(15) Pause Final Mark (unload classes)
[2026-04-03T01:55:48.307+0600][15.800s][info][gc,task     ] GC(15) Using 6 of 6 workers for final marking
[2026-04-03T01:55:48.307+0600][15.800s][info][gc,ergo     ] GC(15) Adaptive CSet Selection. Target Free: 72533K, Actual Free: 117M, Max CSet: 21333K, Min Garbage: 0B
[2026-04-03T01:55:48.307+0600][15.800s][info][gc,ergo     ] GC(15) Collectable Garbage: 223M (89%), Immediate: 0B (0%), CSet: 223M (89%)
[2026-04-03T01:55:48.307+0600][15.800s][info][gc,ergo     ] GC(15) Pacer for Evacuation. Used CSet: 244M, Free: 94367K, Non-Taxable: 9436K, Alloc Tax Rate: 6.5x
[2026-04-03T01:55:48.307+0600][15.800s][info][gc          ] GC(15) Pause Final Mark (unload classes) 0.496ms
[2026-04-03T01:55:48.308+0600][15.801s][info][gc,start    ] GC(15) Concurrent thread roots
[2026-04-03T01:55:48.308+0600][15.801s][info][gc,task     ] GC(15) Using 3 of 6 workers for Concurrent thread roots
[2026-04-03T01:55:48.308+0600][15.801s][info][gc          ] GC(15) Concurrent thread roots 0.461ms
[2026-04-03T01:55:48.308+0600][15.801s][info][gc,start    ] GC(15) Concurrent weak references
[2026-04-03T01:55:48.308+0600][15.801s][info][gc,task     ] GC(15) Using 3 of 6 workers for concurrent weak references
[2026-04-03T01:55:48.308+0600][15.801s][info][gc,ref      ] GC(15) Encountered references: Soft: 2956, Weak: 4506, Final: 74, Phantom: 594
[2026-04-03T01:55:48.308+0600][15.801s][info][gc,ref      ] GC(15) Discovered  references: Soft: 0, Weak: 269, Final: 0, Phantom: 591
[2026-04-03T01:55:48.308+0600][15.801s][info][gc,ref      ] GC(15) Enqueued    references: Soft: 0, Weak: 0, Final: 0, Phantom: 0
[2026-04-03T01:55:48.308+0600][15.801s][info][gc          ] GC(15) Concurrent weak references 0.295ms
[2026-04-03T01:55:48.308+0600][15.801s][info][gc,start    ] GC(15) Concurrent weak roots
[2026-04-03T01:55:48.308+0600][15.801s][info][gc,task     ] GC(15) Using 3 of 6 workers for concurrent weak root
[2026-04-03T01:55:48.309+0600][15.802s][info][gc          ] GC(15) Concurrent weak roots 1.150ms
[2026-04-03T01:55:48.309+0600][15.802s][info][gc,start    ] GC(15) Concurrent cleanup
[2026-04-03T01:55:48.310+0600][15.803s][info][gc          ] GC(15) Concurrent cleanup 382M->382M(455M) 0.273ms
[2026-04-03T01:55:48.310+0600][15.803s][info][gc,ergo     ] GC(15) Free: 93341K, Max: 256K regular, 20992K humongous, Frag: 78% external, 0% internal; Reserve: 25597K, Max: 256K
[2026-04-03T01:55:48.310+0600][15.803s][info][gc,start    ] GC(15) Concurrent class unloading
[2026-04-03T01:55:48.310+0600][15.803s][info][gc,task     ] GC(15) Using 3 of 6 workers for concurrent class unloading
[2026-04-03T01:55:48.313+0600][15.806s][info][gc          ] GC(15) Concurrent class unloading 3.018ms
[2026-04-03T01:55:48.313+0600][15.806s][info][gc,start    ] GC(15) Concurrent strong roots
[2026-04-03T01:55:48.313+0600][15.806s][info][gc,task     ] GC(15) Using 3 of 6 workers for concurrent strong root
[2026-04-03T01:55:48.313+0600][15.806s][info][gc          ] GC(15) Concurrent strong roots 0.308ms
[2026-04-03T01:55:48.313+0600][15.806s][info][gc,start    ] GC(15) Concurrent evacuation
[2026-04-03T01:55:48.313+0600][15.806s][info][gc,task     ] GC(15) Using 3 of 6 workers for concurrent evacuation
[2026-04-03T01:55:48.329+0600][15.822s][info][gc          ] GC(15) Concurrent evacuation 16.052ms
[2026-04-03T01:55:48.330+0600][15.823s][info][gc,start    ] GC(15) Pause Init Update Refs
[2026-04-03T01:55:48.331+0600][15.824s][info][gc,ergo     ] GC(15) Pacer for Update Refs. Used: 407M, Free: 89501K, Non-Taxable: 8950K, Alloc Tax Rate: 5.7x
[2026-04-03T01:55:48.331+0600][15.824s][info][gc          ] GC(15) Pause Init Update Refs 0.124ms
[2026-04-03T01:55:48.331+0600][15.824s][info][gc,start    ] GC(15) Concurrent update references
[2026-04-03T01:55:48.331+0600][15.824s][info][gc,task     ] GC(15) Using 3 of 6 workers for concurrent reference update
[2026-04-03T01:55:48.378+0600][15.871s][info][gc          ] GC(15) Concurrent update references 47.749ms
[2026-04-03T01:55:48.378+0600][15.871s][info][gc,start    ] GC(15) Concurrent update thread roots
[2026-04-03T01:55:48.381+0600][15.874s][info][gc          ] GC(15) Concurrent update thread roots 2.512ms
[2026-04-03T01:55:48.381+0600][15.874s][info][gc,start    ] GC(15) Pause Final Update Refs
[2026-04-03T01:55:48.382+0600][15.875s][info][gc,task     ] GC(15) Using 6 of 6 workers for final reference update
[2026-04-03T01:55:48.382+0600][15.875s][info][gc          ] GC(15) Pause Final Update Refs 0.159ms
[2026-04-03T01:55:48.382+0600][15.875s][info][gc,start    ] GC(15) Concurrent cleanup
[2026-04-03T01:55:48.382+0600][15.875s][info][gc          ] GC(15) Concurrent cleanup 411M->167M(477M) 0.510ms
[2026-04-03T01:55:48.382+0600][15.875s][info][gc,ergo     ] Free: 306M, Max: 256K regular, 64512K humongous, Frag: 80% external, 0% internal; Reserve: 25600K, Max: 256K
[2026-04-03T01:55:48.382+0600][15.875s][info][gc,stats    ] 
[2026-04-03T01:55:48.382+0600][15.875s][info][gc,stats    ] All times are wall-clock times, except per-root-class counters, that are sum over
[2026-04-03T01:55:48.382+0600][15.875s][info][gc,stats    ] all workers. Dividing the <total> over the root stage time estimates parallelism.
[2026-04-03T01:55:48.382+0600][15.875s][info][gc,stats    ] 
[2026-04-03T01:55:48.382+0600][15.875s][info][gc,stats    ] Concurrent Reset                   1086 us
[2026-04-03T01:55:48.382+0600][15.875s][info][gc,stats    ] Pause Init Mark (G)                 417 us
[2026-04-03T01:55:48.382+0600][15.875s][info][gc,stats    ] Pause Init Mark (N)                  94 us
[2026-04-03T01:55:48.382+0600][15.875s][info][gc,stats    ]   Update Region States               16 us
[2026-04-03T01:55:48.382+0600][15.875s][info][gc,stats    ] Concurrent Mark Roots               758 us, parallelism: 1.13x
[2026-04-03T01:55:48.382+0600][15.875s][info][gc,stats    ]   CMR: <total>                      855 us
[2026-04-03T01:55:48.382+0600][15.875s][info][gc,stats    ]   CMR: Thread Roots                 667 us, workers (us): 243, 225, 199, ---, ---, ---, 
[2026-04-03T01:55:48.382+0600][15.875s][info][gc,stats    ]   CMR: VM Strong Roots               17 us, workers (us):  10,   6,   1, ---, ---, ---, 
[2026-04-03T01:55:48.382+0600][15.875s][info][gc,stats    ]   CMR: CLDG Roots                   171 us, workers (us): ---, 171, ---, ---, ---, ---, 
[2026-04-03T01:55:48.382+0600][15.876s][info][gc,stats    ] Concurrent Marking                43744 us
[2026-04-03T01:55:48.383+0600][15.876s][info][gc,stats    ] Pause Final Mark (G)                715 us
[2026-04-03T01:55:48.383+0600][15.876s][info][gc,stats    ] Pause Final Mark (N)                507 us
[2026-04-03T01:55:48.383+0600][15.876s][info][gc,stats    ]   Finish Mark                       135 us
[2026-04-03T01:55:48.383+0600][15.876s][info][gc,stats    ]   Update Region States               21 us
[2026-04-03T01:55:48.383+0600][15.876s][info][gc,stats    ]   Choose Collection Set             236 us
[2026-04-03T01:55:48.383+0600][15.876s][info][gc,stats    ]   Rebuild Free Set                   19 us
[2026-04-03T01:55:48.383+0600][15.876s][info][gc,stats    ] Concurrent Thread Roots             502 us, parallelism: 1.41x
[2026-04-03T01:55:48.383+0600][15.876s][info][gc,stats    ]   CTR: <total>                      705 us
[2026-04-03T01:55:48.383+0600][15.876s][info][gc,stats    ]   CTR: Thread Roots                 705 us, workers (us): 244, 279, 182, ---, ---, ---, 
[2026-04-03T01:55:48.383+0600][15.876s][info][gc,stats    ] Concurrent Weak References          304 us, parallelism: 0.26x
[2026-04-03T01:55:48.383+0600][15.876s][info][gc,stats    ]   CWRF: <total>                      80 us
[2026-04-03T01:55:48.383+0600][15.876s][info][gc,stats    ]   CWRF: Weak References              80 us, workers (us):  12,  60,   8, ---, ---, ---, 
[2026-04-03T01:55:48.383+0600][15.876s][info][gc,stats    ] Concurrent Weak Roots              1169 us
[2026-04-03T01:55:48.383+0600][15.876s][info][gc,stats    ]   Roots                            1071 us, parallelism: 2.42x
[2026-04-03T01:55:48.383+0600][15.876s][info][gc,stats    ]     CWR: <total>                   2590 us
[2026-04-03T01:55:48.383+0600][15.876s][info][gc,stats    ]     CWR: Code Cache Roots          1593 us, workers (us): 489, 538, 566, ---, ---, ---, 
[2026-04-03T01:55:48.383+0600][15.876s][info][gc,stats    ]     CWR: VM Weak Roots              966 us, workers (us): 372, 298, 296, ---, ---, ---, 
[2026-04-03T01:55:48.383+0600][15.876s][info][gc,stats    ]     CWR: CLDG Roots                  31 us, workers (us):  31, ---, ---, ---, ---, ---, 
[2026-04-03T01:55:48.383+0600][15.876s][info][gc,stats    ]   Rendezvous                         63 us
[2026-04-03T01:55:48.383+0600][15.876s][info][gc,stats    ] Concurrent Cleanup                  282 us
[2026-04-03T01:55:48.383+0600][15.876s][info][gc,stats    ] Concurrent Class Unloading         3066 us
[2026-04-03T01:55:48.383+0600][15.876s][info][gc,stats    ]   Unlink Stale                     2798 us
[2026-04-03T01:55:48.383+0600][15.876s][info][gc,stats    ]     System Dictionary                63 us
[2026-04-03T01:55:48.383+0600][15.876s][info][gc,stats    ]     Weak Class Links                  0 us
[2026-04-03T01:55:48.383+0600][15.876s][info][gc,stats    ]     Code Roots                     2732 us
[2026-04-03T01:55:48.383+0600][15.876s][info][gc,stats    ]   Rendezvous                        144 us
[2026-04-03T01:55:48.383+0600][15.876s][info][gc,stats    ]   Purge Unlinked                     61 us
[2026-04-03T01:55:48.383+0600][15.876s][info][gc,stats    ]     Code Roots                       53 us
[2026-04-03T01:55:48.383+0600][15.876s][info][gc,stats    ]     CLDG                              7 us
[2026-04-03T01:55:48.383+0600][15.876s][info][gc,stats    ]     Exception Caches                  0 us
[2026-04-03T01:55:48.383+0600][15.876s][info][gc,stats    ] Concurrent Strong Roots             327 us, parallelism: 0.57x
[2026-04-03T01:55:48.383+0600][15.876s][info][gc,stats    ]   CSR: <total>                      186 us
[2026-04-03T01:55:48.383+0600][15.876s][info][gc,stats    ]   CSR: VM Strong Roots               12 us, workers (us):  11,   1,   0, ---, ---, ---, 
[2026-04-03T01:55:48.383+0600][15.876s][info][gc,stats    ]   CSR: CLDG Roots                   174 us, workers (us): 174, ---, ---, ---, ---, ---, 
[2026-04-03T01:55:48.383+0600][15.876s][info][gc,stats    ] Concurrent Evacuation             16118 us
[2026-04-03T01:55:48.383+0600][15.876s][info][gc,stats    ] Pause Init Update Refs (G)         1335 us
[2026-04-03T01:55:48.383+0600][15.876s][info][gc,stats    ] Pause Init Update Refs (N)          139 us
[2026-04-03T01:55:48.383+0600][15.876s][info][gc,stats    ]   Manage GCLABs                      10 us
[2026-04-03T01:55:48.383+0600][15.876s][info][gc,stats    ] Concurrent Update Refs            47831 us
[2026-04-03T01:55:48.383+0600][15.876s][info][gc,stats    ] Concurrent Update Thread Roots     2565 us
[2026-04-03T01:55:48.383+0600][15.876s][info][gc,stats    ] Pause Final Update Refs (G)         754 us
[2026-04-03T01:55:48.383+0600][15.876s][info][gc,stats    ] Pause Final Update Refs (N)         194 us
[2026-04-03T01:55:48.383+0600][15.876s][info][gc,stats    ]   Update Region States               34 us
[2026-04-03T01:55:48.383+0600][15.876s][info][gc,stats    ]   Trash Collection Set               20 us
[2026-04-03T01:55:48.383+0600][15.876s][info][gc,stats    ]   Rebuild Free Set                   26 us
[2026-04-03T01:55:48.383+0600][15.876s][info][gc,stats    ] Concurrent Cleanup                  533 us
[2026-04-03T01:55:48.383+0600][15.876s][info][gc,stats    ] Pacing                            21312 us
[2026-04-03T01:55:48.383+0600][15.876s][info][gc,stats    ] 
[2026-04-03T01:55:48.383+0600][15.876s][info][gc,stats    ] Allocation pacing accrued:
[2026-04-03T01:55:48.383+0600][15.876s][info][gc,stats    ]      21 of   204 ms ( 10.4%): Executor task launch worker for task 0.0 in stage 0.0 (TID 0)
[2026-04-03T01:55:48.383+0600][15.876s][info][gc,stats    ]      21 of   204 ms ( 10.4%): <total>
[2026-04-03T01:55:48.383+0600][15.876s][info][gc,stats    ]       0 of   204 ms (  0.2%): <average total>
[2026-04-03T01:55:48.383+0600][15.876s][info][gc,stats    ]      21 of   204 ms ( 10.4%): <average non-zero>
[2026-04-03T01:55:48.383+0600][15.876s][info][gc,stats    ] 
[2026-04-03T01:55:48.383+0600][15.876s][info][gc,metaspace] Metaspace: 61325K(61952K)->61787K(62464K) NonClass: 53623K(54016K)->53989K(54336K) Class: 7702K(7936K)->7798K(8128K)
[2026-04-03T01:55:48.383+0600][15.876s][info][gc,ergo     ] Pacer for Idle. Initial: 10240K, Alloc Tax Rate: 1.0x
[2026-04-03T01:55:48.932+0600][16.425s][info][gc          ] Trigger: Average GC time (149.79 ms) is above the time for average allocation rate (536 MB/s) to deplete free headroom (82077K) (margin of error = 1.86)
[2026-04-03T01:55:48.932+0600][16.425s][info][gc,ergo     ] Free headroom: 105M (free) - 25600K (spike) - 0B (penalties) = 82077K
[2026-04-03T01:55:48.932+0600][16.425s][info][gc,ergo     ] Free: 104M, Max: 256K regular, 49152K humongous, Frag: 55% external, 0% internal; Reserve: 25600K, Max: 256K
[2026-04-03T01:55:48.932+0600][16.425s][info][gc,start    ] GC(16) Concurrent reset
[2026-04-03T01:55:48.932+0600][16.425s][info][gc,task     ] GC(16) Using 3 of 6 workers for concurrent reset
[2026-04-03T01:55:48.932+0600][16.425s][info][gc,ergo     ] GC(16) Pacer for Reset. Non-Taxable: 500M
[2026-04-03T01:55:48.934+0600][16.427s][info][gc          ] GC(16) Concurrent reset 1.335ms
[2026-04-03T01:55:48.934+0600][16.427s][info][gc,start    ] GC(16) Pause Init Mark (unload classes)
[2026-04-03T01:55:48.934+0600][16.427s][info][gc,task     ] GC(16) Using 6 of 6 workers for init marking
[2026-04-03T01:55:48.934+0600][16.427s][info][gc,ergo     ] GC(16) Pacer for Mark. Expected Live: 63838K, Free: 103M, Non-Taxable: 10614K, Alloc Tax Rate: 0.7x
[2026-04-03T01:55:48.934+0600][16.427s][info][gc          ] GC(16) Pause Init Mark (unload classes) 0.127ms
[2026-04-03T01:55:48.934+0600][16.427s][info][gc,start    ] GC(16) Concurrent marking roots
[2026-04-03T01:55:48.935+0600][16.428s][info][gc,task     ] GC(16) Using 3 of 6 workers for concurrent marking roots
[2026-04-03T01:55:48.935+0600][16.428s][info][gc          ] GC(16) Concurrent marking roots 0.855ms
[2026-04-03T01:55:48.935+0600][16.428s][info][gc,start    ] GC(16) Concurrent marking (unload classes)
[2026-04-03T01:55:48.935+0600][16.428s][info][gc,task     ] GC(16) Using 3 of 6 workers for concurrent marking
[2026-04-03T01:55:49.001+0600][16.494s][info][gc          ] GC(16) Concurrent marking (unload classes) 66.024ms
[2026-04-03T01:55:49.002+0600][16.495s][info][gc,start    ] GC(16) Pause Final Mark (unload classes)
[2026-04-03T01:55:49.002+0600][16.495s][info][gc,task     ] GC(16) Using 6 of 6 workers for final marking
[2026-04-03T01:55:49.002+0600][16.495s][info][gc,ergo     ] GC(16) Adaptive CSet Selection. Target Free: 72533K, Actual Free: 150M, Max CSet: 21333K, Min Garbage: 0B
[2026-04-03T01:55:49.002+0600][16.495s][info][gc,ergo     ] GC(16) Collectable Garbage: 254M (99%), Immediate: 46852K (17%), CSet: 209M (81%)
[2026-04-03T01:55:49.002+0600][16.495s][info][gc,ergo     ] GC(16) Pacer for Evacuation. Used CSet: 225M, Free: 127M, Non-Taxable: 13020K, Alloc Tax Rate: 4.3x
[2026-04-03T01:55:49.002+0600][16.496s][info][gc          ] GC(16) Pause Final Mark (unload classes) 0.726ms
[2026-04-03T01:55:49.003+0600][16.496s][info][gc,start    ] GC(16) Concurrent thread roots
[2026-04-03T01:55:49.003+0600][16.496s][info][gc,task     ] GC(16) Using 3 of 6 workers for Concurrent thread roots
[2026-04-03T01:55:49.003+0600][16.496s][info][gc          ] GC(16) Concurrent thread roots 0.717ms
[2026-04-03T01:55:49.003+0600][16.496s][info][gc,start    ] GC(16) Concurrent weak references
[2026-04-03T01:55:49.003+0600][16.496s][info][gc,task     ] GC(16) Using 3 of 6 workers for concurrent weak references
[2026-04-03T01:55:49.004+0600][16.497s][info][gc,ref      ] GC(16) Encountered references: Soft: 3145, Weak: 5610, Final: 74, Phantom: 595
[2026-04-03T01:55:49.005+0600][16.498s][info][gc,ref      ] GC(16) Discovered  references: Soft: 0, Weak: 3994, Final: 42, Phantom: 593
[2026-04-03T01:55:49.005+0600][16.498s][info][gc,ref      ] GC(16) Enqueued    references: Soft: 0, Weak: 400, Final: 0, Phantom: 0
[2026-04-03T01:55:49.005+0600][16.498s][info][gc          ] GC(16) Concurrent weak references 1.265ms
[2026-04-03T01:55:49.005+0600][16.498s][info][gc,start    ] GC(16) Concurrent weak roots
[2026-04-03T01:55:49.005+0600][16.498s][info][gc,task     ] GC(16) Using 3 of 6 workers for concurrent weak root
[2026-04-03T01:55:49.007+0600][16.500s][info][gc          ] GC(16) Concurrent weak roots 2.263ms
[2026-04-03T01:55:49.007+0600][16.500s][info][gc,start    ] GC(16) Concurrent cleanup
[2026-04-03T01:55:49.007+0600][16.500s][info][gc          ] GC(16) Concurrent cleanup 395M->349M(477M) 0.199ms
[2026-04-03T01:55:49.007+0600][16.500s][info][gc,ergo     ] GC(16) Free: 123M, Max: 256K regular, 57856K humongous, Frag: 55% external, 0% internal; Reserve: 25090K, Max: 256K
[2026-04-03T01:55:49.007+0600][16.500s][info][gc,start    ] GC(16) Concurrent class unloading
[2026-04-03T01:55:49.007+0600][16.500s][info][gc,task     ] GC(16) Using 3 of 6 workers for concurrent class unloading
[2026-04-03T01:55:49.028+0600][16.521s][info][gc          ] GC(16) Concurrent class unloading 20.543ms
[2026-04-03T01:55:49.028+0600][16.521s][info][gc,start    ] GC(16) Concurrent strong roots
[2026-04-03T01:55:49.028+0600][16.521s][info][gc,task     ] GC(16) Using 3 of 6 workers for concurrent strong root
[2026-04-03T01:55:49.029+0600][16.522s][info][gc          ] GC(16) Concurrent strong roots 1.494ms
[2026-04-03T01:55:49.029+0600][16.522s][info][gc,start    ] GC(16) Concurrent evacuation
[2026-04-03T01:55:49.030+0600][16.523s][info][gc,task     ] GC(16) Using 3 of 6 workers for concurrent evacuation
[2026-04-03T01:55:49.049+0600][16.542s][info][gc          ] GC(16) Concurrent evacuation 19.009ms
[2026-04-03T01:55:49.049+0600][16.542s][info][gc,start    ] GC(16) Pause Init Update Refs
[2026-04-03T01:55:49.049+0600][16.542s][info][gc,ergo     ] GC(16) Pacer for Update Refs. Used: 386M, Free: 103M, Non-Taxable: 10631K, Alloc Tax Rate: 4.5x
[2026-04-03T01:55:49.049+0600][16.542s][info][gc          ] GC(16) Pause Init Update Refs 0.075ms
[2026-04-03T01:55:49.049+0600][16.542s][info][gc,start    ] GC(16) Concurrent update references
[2026-04-03T01:55:49.049+0600][16.542s][info][gc,task     ] GC(16) Using 3 of 6 workers for concurrent reference update
[2026-04-03T01:55:49.112+0600][16.605s][info][gc          ] GC(16) Concurrent update references 63.308ms
[2026-04-03T01:55:49.112+0600][16.605s][info][gc,start    ] GC(16) Concurrent update thread roots
[2026-04-03T01:55:49.113+0600][16.606s][info][gc          ] GC(16) Concurrent update thread roots 0.596ms
[2026-04-03T01:55:49.113+0600][16.606s][info][gc,start    ] GC(16) Pause Final Update Refs
[2026-04-03T01:55:49.113+0600][16.606s][info][gc,task     ] GC(16) Using 6 of 6 workers for final reference update
[2026-04-03T01:55:49.113+0600][16.606s][info][gc          ] GC(16) Pause Final Update Refs 0.180ms
[2026-04-03T01:55:49.113+0600][16.606s][info][gc,start    ] GC(16) Concurrent cleanup
[2026-04-03T01:55:49.114+0600][16.607s][info][gc          ] GC(16) Concurrent cleanup 431M->205M(493M) 0.507ms
[2026-04-03T01:55:49.114+0600][16.607s][info][gc,ergo     ] Free: 267M, Max: 256K regular, 49664K humongous, Frag: 82% external, 0% internal; Reserve: 25600K, Max: 256K
[2026-04-03T01:55:49.114+0600][16.607s][info][gc,stats    ] 
[2026-04-03T01:55:49.114+0600][16.607s][info][gc,stats    ] All times are wall-clock times, except per-root-class counters, that are sum over
[2026-04-03T01:55:49.114+0600][16.607s][info][gc,stats    ] all workers. Dividing the <total> over the root stage time estimates parallelism.
[2026-04-03T01:55:49.114+0600][16.607s][info][gc,stats    ] 
[2026-04-03T01:55:49.114+0600][16.607s][info][gc,stats    ] Concurrent Reset                   1381 us
[2026-04-03T01:55:49.114+0600][16.607s][info][gc,stats    ] Pause Init Mark (G)                 633 us
[2026-04-03T01:55:49.114+0600][16.607s][info][gc,stats    ] Pause Init Mark (N)                 138 us
[2026-04-03T01:55:49.114+0600][16.607s][info][gc,stats    ]   Update Region States               27 us
[2026-04-03T01:55:49.114+0600][16.607s][info][gc,stats    ] Concurrent Mark Roots               907 us, parallelism: 1.36x
[2026-04-03T01:55:49.114+0600][16.607s][info][gc,stats    ]   CMR: <total>                     1235 us
[2026-04-03T01:55:49.114+0600][16.607s][info][gc,stats    ]   CMR: Thread Roots                 931 us, workers (us):  68, 433, 430, ---, ---, ---, 
[2026-04-03T01:55:49.114+0600][16.607s][info][gc,stats    ]   CMR: VM Strong Roots               27 us, workers (us):  25,   1,   1, ---, ---, ---, 
[2026-04-03T01:55:49.114+0600][16.607s][info][gc,stats    ]   CMR: CLDG Roots                   278 us, workers (us): 278, ---, ---, ---, ---, ---, 
[2026-04-03T01:55:49.114+0600][16.607s][info][gc,stats    ] Concurrent Marking                66111 us
[2026-04-03T01:55:49.114+0600][16.607s][info][gc,stats    ] Pause Final Mark (G)               1059 us
[2026-04-03T01:55:49.114+0600][16.607s][info][gc,stats    ] Pause Final Mark (N)                739 us
[2026-04-03T01:55:49.114+0600][16.607s][info][gc,stats    ]   Finish Mark                       227 us
[2026-04-03T01:55:49.114+0600][16.607s][info][gc,stats    ]   Update Region States               28 us
[2026-04-03T01:55:49.114+0600][16.607s][info][gc,stats    ]   Choose Collection Set             344 us
[2026-04-03T01:55:49.114+0600][16.607s][info][gc,stats    ]   Rebuild Free Set                   27 us
[2026-04-03T01:55:49.114+0600][16.607s][info][gc,stats    ] Concurrent Thread Roots             765 us, parallelism: 1.53x
[2026-04-03T01:55:49.114+0600][16.607s][info][gc,stats    ]   CTR: <total>                     1168 us
[2026-04-03T01:55:49.114+0600][16.607s][info][gc,stats    ]   CTR: Thread Roots                1168 us, workers (us): 394, 359, 416, ---, ---, ---, 
[2026-04-03T01:55:49.114+0600][16.607s][info][gc,stats    ] Concurrent Weak References         1283 us, parallelism: 0.92x
[2026-04-03T01:55:49.114+0600][16.607s][info][gc,stats    ]   CWRF: <total>                    1182 us
[2026-04-03T01:55:49.114+0600][16.607s][info][gc,stats    ]   CWRF: Weak References            1182 us, workers (us): 1008,  87,  87, ---, ---, ---, 
[2026-04-03T01:55:49.114+0600][16.607s][info][gc,stats    ] Concurrent Weak Roots              2368 us
[2026-04-03T01:55:49.114+0600][16.607s][info][gc,stats    ]   Roots                            1952 us, parallelism: 2.51x
[2026-04-03T01:55:49.114+0600][16.607s][info][gc,stats    ]     CWR: <total>                   4907 us
[2026-04-03T01:55:49.114+0600][16.607s][info][gc,stats    ]     CWR: Code Cache Roots          2433 us, workers (us): 820, 830, 782, ---, ---, ---, 
[2026-04-03T01:55:49.114+0600][16.607s][info][gc,stats    ]     CWR: VM Weak Roots             2386 us, workers (us): 804, 799, 783, ---, ---, ---, 
[2026-04-03T01:55:49.114+0600][16.607s][info][gc,stats    ]     CWR: CLDG Roots                  88 us, workers (us): ---, ---,  88, ---, ---, ---, 
[2026-04-03T01:55:49.114+0600][16.607s][info][gc,stats    ]   Rendezvous                        279 us
[2026-04-03T01:55:49.114+0600][16.607s][info][gc,stats    ] Concurrent Cleanup                  218 us
[2026-04-03T01:55:49.114+0600][16.607s][info][gc,stats    ] Concurrent Class Unloading        20647 us
[2026-04-03T01:55:49.114+0600][16.607s][info][gc,stats    ]   Unlink Stale                    18601 us
[2026-04-03T01:55:49.114+0600][16.607s][info][gc,stats    ]     System Dictionary               304 us
[2026-04-03T01:55:49.114+0600][16.607s][info][gc,stats    ]     Weak Class Links              13637 us
[2026-04-03T01:55:49.114+0600][16.607s][info][gc,stats    ]     Code Roots                     4651 us
[2026-04-03T01:55:49.114+0600][16.607s][info][gc,stats    ]   Rendezvous                        300 us
[2026-04-03T01:55:49.114+0600][16.607s][info][gc,stats    ]   Purge Unlinked                   1603 us
[2026-04-03T01:55:49.114+0600][16.607s][info][gc,stats    ]     Code Roots                     1540 us
[2026-04-03T01:55:49.114+0600][16.607s][info][gc,stats    ]     CLDG                             62 us
[2026-04-03T01:55:49.114+0600][16.607s][info][gc,stats    ]     Exception Caches                  1 us
[2026-04-03T01:55:49.114+0600][16.607s][info][gc,stats    ] Concurrent Strong Roots            1579 us, parallelism: 0.74x
[2026-04-03T01:55:49.114+0600][16.607s][info][gc,stats    ]   CSR: <total>                     1166 us
[2026-04-03T01:55:49.114+0600][16.607s][info][gc,stats    ]   CSR: VM Strong Roots               35 us, workers (us):  33,   2,   0, ---, ---, ---, 
[2026-04-03T01:55:49.114+0600][16.607s][info][gc,stats    ]   CSR: CLDG Roots                  1131 us, workers (us): ---, 1131, ---, ---, ---, ---, 
[2026-04-03T01:55:49.114+0600][16.607s][info][gc,stats    ] Concurrent Evacuation             19114 us
[2026-04-03T01:55:49.114+0600][16.607s][info][gc,stats    ] Pause Init Update Refs (G)          322 us
[2026-04-03T01:55:49.114+0600][16.607s][info][gc,stats    ] Pause Init Update Refs (N)           88 us
[2026-04-03T01:55:49.114+0600][16.607s][info][gc,stats    ]   Manage GCLABs                      10 us
[2026-04-03T01:55:49.114+0600][16.607s][info][gc,stats    ] Concurrent Update Refs            63408 us
[2026-04-03T01:55:49.114+0600][16.607s][info][gc,stats    ] Concurrent Update Thread Roots      630 us
[2026-04-03T01:55:49.114+0600][16.607s][info][gc,stats    ] Pause Final Update Refs (G)         354 us
[2026-04-03T01:55:49.114+0600][16.607s][info][gc,stats    ] Pause Final Update Refs (N)         199 us
[2026-04-03T01:55:49.114+0600][16.607s][info][gc,stats    ]   Update Region States               41 us
[2026-04-03T01:55:49.114+0600][16.607s][info][gc,stats    ]   Trash Collection Set               21 us
[2026-04-03T01:55:49.114+0600][16.607s][info][gc,stats    ]   Rebuild Free Set                   31 us
[2026-04-03T01:55:49.114+0600][16.607s][info][gc,stats    ] Concurrent Cleanup                  522 us
[2026-04-03T01:55:49.114+0600][16.607s][info][gc,stats    ] Pacing                           116895 us
[2026-04-03T01:55:49.114+0600][16.607s][info][gc,stats    ] 
[2026-04-03T01:55:49.114+0600][16.607s][info][gc,stats    ] Allocation pacing accrued:
[2026-04-03T01:55:49.114+0600][16.607s][info][gc,stats    ]      11 of   732 ms (  1.5%): dispatcher-BlockManagerMaster
[2026-04-03T01:55:49.114+0600][16.607s][info][gc,stats    ]      11 of   732 ms (  1.5%): Spark Context Cleaner
[2026-04-03T01:55:49.114+0600][16.607s][info][gc,stats    ]      44 of   732 ms (  6.0%): Executor task launch worker for task 0.0 in stage 1.0 (TID 1)
[2026-04-03T01:55:49.114+0600][16.607s][info][gc,stats    ]      51 of   732 ms (  6.9%): Executor task launch worker for task 1.0 in stage 1.0 (TID 2)
[2026-04-03T01:55:49.114+0600][16.607s][info][gc,stats    ]     117 of   732 ms ( 16.0%): <total>
[2026-04-03T01:55:49.114+0600][16.607s][info][gc,stats    ]       2 of   732 ms (  0.2%): <average total>
[2026-04-03T01:55:49.115+0600][16.608s][info][gc,stats    ]      29 of   732 ms (  4.0%): <average non-zero>
[2026-04-03T01:55:49.115+0600][16.608s][info][gc,stats    ] 
[2026-04-03T01:55:49.115+0600][16.608s][info][gc,metaspace] Metaspace: 63541K(64320K)->63782K(64512K) NonClass: 55492K(55872K)->55676K(56064K) Class: 8048K(8448K)->8105K(8448K)
[2026-04-03T01:55:49.115+0600][16.608s][info][gc,ergo     ] Pacer for Idle. Initial: 10240K, Alloc Tax Rate: 1.0x
[2026-04-03T01:55:49.205+0600][16.698s][info][gc          ] Trigger: Average GC time (220.13 ms) is above the time for average allocation rate (536 MB/s) to deplete free headroom (116M) (margin of error = 1.87)
[2026-04-03T01:55:49.205+0600][16.698s][info][gc,ergo     ] Free headroom: 141M (free) - 25600K (spike) - 0B (penalties) = 116M
[2026-04-03T01:55:49.205+0600][16.698s][info][gc,ergo     ] Free: 141M, Max: 256K regular, 49664K humongous, Frag: 66% external, 0% internal; Reserve: 25600K, Max: 256K
[2026-04-03T01:55:49.205+0600][16.698s][info][gc,start    ] GC(17) Concurrent reset
[2026-04-03T01:55:49.205+0600][16.698s][info][gc,task     ] GC(17) Using 3 of 6 workers for concurrent reset
[2026-04-03T01:55:49.205+0600][16.698s][info][gc,ergo     ] GC(17) Pacer for Reset. Non-Taxable: 500M
[2026-04-03T01:55:49.206+0600][16.699s][info][gc          ] GC(17) Concurrent reset 1.046ms
[2026-04-03T01:55:49.207+0600][16.700s][info][gc,start    ] GC(17) Pause Init Mark (unload classes)
[2026-04-03T01:55:49.207+0600][16.700s][info][gc,task     ] GC(17) Using 6 of 6 workers for init marking
[2026-04-03T01:55:49.207+0600][16.700s][info][gc,ergo     ] GC(17) Pacer for Mark. Expected Live: 78834K, Free: 140M, Non-Taxable: 14407K, Alloc Tax Rate: 0.7x
[2026-04-03T01:55:49.207+0600][16.700s][info][gc          ] GC(17) Pause Init Mark (unload classes) 0.133ms
[2026-04-03T01:55:49.207+0600][16.700s][info][gc,start    ] GC(17) Concurrent marking roots
[2026-04-03T01:55:49.207+0600][16.700s][info][gc,task     ] GC(17) Using 3 of 6 workers for concurrent marking roots
[2026-04-03T01:55:49.207+0600][16.700s][info][gc          ] GC(17) Concurrent marking roots 0.707ms
[2026-04-03T01:55:49.208+0600][16.701s][info][gc,start    ] GC(17) Concurrent marking (unload classes)
[2026-04-03T01:55:49.208+0600][16.701s][info][gc,task     ] GC(17) Using 3 of 6 workers for concurrent marking
[2026-04-03T01:55:49.274+0600][16.767s][info][gc          ] GC(17) Concurrent marking (unload classes) 66.194ms
[2026-04-03T01:55:49.274+0600][16.767s][info][gc,start    ] GC(17) Pause Final Mark (unload classes)
[2026-04-03T01:55:49.274+0600][16.767s][info][gc,task     ] GC(17) Using 6 of 6 workers for final marking
[2026-04-03T01:55:49.274+0600][16.767s][info][gc,ergo     ] GC(17) Adaptive CSet Selection. Target Free: 72533K, Actual Free: 164M, Max CSet: 21333K, Min Garbage: 0B
[2026-04-03T01:55:49.275+0600][16.768s][info][gc,ergo     ] GC(17) Collectable Garbage: 205M (98%), Immediate: 29184K (13%), CSet: 176M (84%)
[2026-04-03T01:55:49.275+0600][16.768s][info][gc,ergo     ] GC(17) Pacer for Evacuation. Used CSet: 190M, Free: 139M, Non-Taxable: 14304K, Alloc Tax Rate: 3.3x
[2026-04-03T01:55:49.275+0600][16.768s][info][gc          ] GC(17) Pause Final Mark (unload classes) 0.768ms
[2026-04-03T01:55:49.275+0600][16.768s][info][gc,start    ] GC(17) Concurrent thread roots
[2026-04-03T01:55:49.275+0600][16.768s][info][gc,task     ] GC(17) Using 3 of 6 workers for Concurrent thread roots
[2026-04-03T01:55:49.275+0600][16.769s][info][gc          ] GC(17) Concurrent thread roots 0.550ms
[2026-04-03T01:55:49.276+0600][16.769s][info][gc,start    ] GC(17) Concurrent weak references
[2026-04-03T01:55:49.276+0600][16.769s][info][gc,task     ] GC(17) Using 3 of 6 workers for concurrent weak references
[2026-04-03T01:55:49.276+0600][16.769s][info][gc,ref      ] GC(17) Encountered references: Soft: 3150, Weak: 5333, Final: 74, Phantom: 595
[2026-04-03T01:55:49.276+0600][16.769s][info][gc,ref      ] GC(17) Discovered  references: Soft: 0, Weak: 306, Final: 0, Phantom: 592
[2026-04-03T01:55:49.276+0600][16.769s][info][gc,ref      ] GC(17) Enqueued    references: Soft: 0, Weak: 44, Final: 0, Phantom: 0
[2026-04-03T01:55:49.276+0600][16.769s][info][gc          ] GC(17) Concurrent weak references 0.329ms
[2026-04-03T01:55:49.276+0600][16.769s][info][gc,start    ] GC(17) Concurrent weak roots
[2026-04-03T01:55:49.276+0600][16.769s][info][gc,task     ] GC(17) Using 3 of 6 workers for concurrent weak root
[2026-04-03T01:55:49.278+0600][16.771s][info][gc          ] GC(17) Concurrent weak roots 1.841ms
[2026-04-03T01:55:49.278+0600][16.771s][info][gc,start    ] GC(17) Concurrent cleanup
[2026-04-03T01:55:49.278+0600][16.771s][info][gc          ] GC(17) Concurrent cleanup 363M->334M(493M) 0.325ms
[2026-04-03T01:55:49.278+0600][16.771s][info][gc,ergo     ] GC(17) Free: 138M, Max: 256K regular, 49664K humongous, Frag: 65% external, 0% internal; Reserve: 25569K, Max: 256K
[2026-04-03T01:55:49.278+0600][16.771s][info][gc,start    ] GC(17) Concurrent class unloading
[2026-04-03T01:55:49.278+0600][16.771s][info][gc,task     ] GC(17) Using 3 of 6 workers for concurrent class unloading
[2026-04-03T01:55:49.283+0600][16.776s][info][gc          ] GC(17) Concurrent class unloading 4.806ms
[2026-04-03T01:55:49.283+0600][16.776s][info][gc,start    ] GC(17) Concurrent strong roots
[2026-04-03T01:55:49.283+0600][16.776s][info][gc,task     ] GC(17) Using 3 of 6 workers for concurrent strong root
[2026-04-03T01:55:49.284+0600][16.777s][info][gc          ] GC(17) Concurrent strong roots 0.505ms
[2026-04-03T01:55:49.284+0600][16.777s][info][gc,start    ] GC(17) Concurrent evacuation
[2026-04-03T01:55:49.284+0600][16.777s][info][gc,task     ] GC(17) Using 3 of 6 workers for concurrent evacuation
[2026-04-03T01:55:49.296+0600][16.789s][info][gc          ] GC(17) Concurrent evacuation 12.071ms
[2026-04-03T01:55:49.296+0600][16.789s][info][gc,start    ] GC(17) Pause Init Update Refs
[2026-04-03T01:55:49.296+0600][16.789s][info][gc,ergo     ] GC(17) Pacer for Update Refs. Used: 364M, Free: 122M, Non-Taxable: 12538K, Alloc Tax Rate: 3.6x
[2026-04-03T01:55:49.296+0600][16.789s][info][gc          ] GC(17) Pause Init Update Refs 0.104ms
[2026-04-03T01:55:49.296+0600][16.789s][info][gc,start    ] GC(17) Concurrent update references
[2026-04-03T01:55:49.296+0600][16.789s][info][gc,task     ] GC(17) Using 3 of 6 workers for concurrent reference update
[2026-04-03T01:55:49.364+0600][16.857s][info][gc          ] GC(17) Concurrent update references 68.143ms
[2026-04-03T01:55:49.364+0600][16.857s][info][gc,start    ] GC(17) Concurrent update thread roots
[2026-04-03T01:55:49.365+0600][16.858s][info][gc          ] GC(17) Concurrent update thread roots 0.838ms
[2026-04-03T01:55:49.366+0600][16.859s][info][gc,start    ] GC(17) Pause Final Update Refs
[2026-04-03T01:55:49.366+0600][16.859s][info][gc,task     ] GC(17) Using 6 of 6 workers for final reference update
[2026-04-03T01:55:49.366+0600][16.859s][info][gc          ] GC(17) Pause Final Update Refs 0.211ms
[2026-04-03T01:55:49.366+0600][16.859s][info][gc,start    ] GC(17) Concurrent cleanup
[2026-04-03T01:55:49.366+0600][16.859s][info][gc          ] GC(17) Concurrent cleanup 430M->240M(500M) 0.536ms
[2026-04-03T01:55:49.367+0600][16.860s][info][gc,ergo     ] Free: 232M, Max: 256K regular, 86528K humongous, Frag: 64% external, 0% internal; Reserve: 25600K, Max: 256K
[2026-04-03T01:55:49.367+0600][16.860s][info][gc,stats    ] 
[2026-04-03T01:55:49.367+0600][16.860s][info][gc,stats    ] All times are wall-clock times, except per-root-class counters, that are sum over
[2026-04-03T01:55:49.367+0600][16.860s][info][gc,stats    ] all workers. Dividing the <total> over the root stage time estimates parallelism.
[2026-04-03T01:55:49.367+0600][16.860s][info][gc,stats    ] 
[2026-04-03T01:55:49.367+0600][16.860s][info][gc,stats    ] Concurrent Reset                   1094 us
[2026-04-03T01:55:49.367+0600][16.860s][info][gc,stats    ] Pause Init Mark (G)                 406 us
[2026-04-03T01:55:49.367+0600][16.860s][info][gc,stats    ] Pause Init Mark (N)                 141 us
[2026-04-03T01:55:49.367+0600][16.860s][info][gc,stats    ]   Update Region States               18 us
[2026-04-03T01:55:49.367+0600][16.860s][info][gc,stats    ] Concurrent Mark Roots               756 us, parallelism: 1.54x
[2026-04-03T01:55:49.367+0600][16.860s][info][gc,stats    ]   CMR: <total>                     1162 us
[2026-04-03T01:55:49.367+0600][16.860s][info][gc,stats    ]   CMR: Thread Roots                 733 us, workers (us): 336,  53, 344, ---, ---, ---, 
[2026-04-03T01:55:49.367+0600][16.860s][info][gc,stats    ]   CMR: VM Strong Roots              102 us, workers (us):  55,   7,  40, ---, ---, ---, 
[2026-04-03T01:55:49.367+0600][16.860s][info][gc,stats    ]   CMR: CLDG Roots                   327 us, workers (us): ---, 327, ---, ---, ---, ---, 
[2026-04-03T01:55:49.367+0600][16.860s][info][gc,stats    ] Concurrent Marking                66267 us
[2026-04-03T01:55:49.367+0600][16.860s][info][gc,stats    ] Pause Final Mark (G)               1137 us
[2026-04-03T01:55:49.367+0600][16.860s][info][gc,stats    ] Pause Final Mark (N)                786 us
[2026-04-03T01:55:49.367+0600][16.860s][info][gc,stats    ]   Finish Mark                       273 us
[2026-04-03T01:55:49.367+0600][16.860s][info][gc,stats    ]   Update Region States               61 us
[2026-04-03T01:55:49.367+0600][16.860s][info][gc,stats    ]   Choose Collection Set             322 us
[2026-04-03T01:55:49.367+0600][16.860s][info][gc,stats    ]   Rebuild Free Set                   24 us
[2026-04-03T01:55:49.367+0600][16.860s][info][gc,stats    ] Concurrent Thread Roots             599 us, parallelism: 1.39x
[2026-04-03T01:55:49.367+0600][16.860s][info][gc,stats    ]   CTR: <total>                      834 us
[2026-04-03T01:55:49.367+0600][16.860s][info][gc,stats    ]   CTR: Thread Roots                 834 us, workers (us): 285, 308, 241, ---, ---, ---, 
[2026-04-03T01:55:49.367+0600][16.860s][info][gc,stats    ] Concurrent Weak References          340 us, parallelism: 0.55x
[2026-04-03T01:55:49.367+0600][16.860s][info][gc,stats    ]   CWRF: <total>                     188 us
[2026-04-03T01:55:49.367+0600][16.860s][info][gc,stats    ]   CWRF: Weak References             188 us, workers (us):  25, 162,   1, ---, ---, ---, 
[2026-04-03T01:55:49.367+0600][16.860s][info][gc,stats    ] Concurrent Weak Roots              1899 us
[2026-04-03T01:55:49.367+0600][16.860s][info][gc,stats    ]   Roots                            1588 us, parallelism: 2.36x
[2026-04-03T01:55:49.367+0600][16.860s][info][gc,stats    ]     CWR: <total>                   3754 us
[2026-04-03T01:55:49.367+0600][16.860s][info][gc,stats    ]     CWR: Code Cache Roots          2399 us, workers (us): 771, 896, 731, ---, ---, ---, 
[2026-04-03T01:55:49.367+0600][16.860s][info][gc,stats    ]     CWR: VM Weak Roots             1249 us, workers (us): 443, 411, 394, ---, ---, ---, 
[2026-04-03T01:55:49.367+0600][16.860s][info][gc,stats    ]     CWR: CLDG Roots                 107 us, workers (us): ---, ---, 107, ---, ---, ---, 
[2026-04-03T01:55:49.367+0600][16.860s][info][gc,stats    ]   Rendezvous                        230 us
[2026-04-03T01:55:49.367+0600][16.860s][info][gc,stats    ] Concurrent Cleanup                  339 us
[2026-04-03T01:55:49.367+0600][16.860s][info][gc,stats    ] Concurrent Class Unloading         4878 us
[2026-04-03T01:55:49.367+0600][16.860s][info][gc,stats    ]   Unlink Stale                     4162 us
[2026-04-03T01:55:49.367+0600][16.860s][info][gc,stats    ]     System Dictionary                68 us
[2026-04-03T01:55:49.367+0600][16.860s][info][gc,stats    ]     Weak Class Links                  1 us
[2026-04-03T01:55:49.367+0600][16.860s][info][gc,stats    ]     Code Roots                     4090 us
[2026-04-03T01:55:49.367+0600][16.860s][info][gc,stats    ]   Rendezvous                        312 us
[2026-04-03T01:55:49.367+0600][16.860s][info][gc,stats    ]   Purge Unlinked                    311 us
[2026-04-03T01:55:49.367+0600][16.860s][info][gc,stats    ]     Code Roots                      302 us
[2026-04-03T01:55:49.367+0600][16.860s][info][gc,stats    ]     CLDG                              8 us
[2026-04-03T01:55:49.367+0600][16.860s][info][gc,stats    ]     Exception Caches                  0 us
[2026-04-03T01:55:49.367+0600][16.860s][info][gc,stats    ] Concurrent Strong Roots             531 us, parallelism: 0.60x
[2026-04-03T01:55:49.367+0600][16.860s][info][gc,stats    ]   CSR: <total>                      316 us
[2026-04-03T01:55:49.367+0600][16.860s][info][gc,stats    ]   CSR: VM Strong Roots               19 us, workers (us):  18,   1,   0, ---, ---, ---, 
[2026-04-03T01:55:49.367+0600][16.860s][info][gc,stats    ]   CSR: CLDG Roots                   297 us, workers (us): 297, ---, ---, ---, ---, ---, 
[2026-04-03T01:55:49.367+0600][16.860s][info][gc,stats    ] Concurrent Evacuation             12170 us
[2026-04-03T01:55:49.367+0600][16.860s][info][gc,stats    ] Pause Init Update Refs (G)          506 us
[2026-04-03T01:55:49.367+0600][16.860s][info][gc,stats    ] Pause Init Update Refs (N)          121 us
[2026-04-03T01:55:49.367+0600][16.860s][info][gc,stats    ]   Manage GCLABs                      13 us
[2026-04-03T01:55:49.367+0600][16.860s][info][gc,stats    ] Concurrent Update Refs            68220 us
[2026-04-03T01:55:49.367+0600][16.860s][info][gc,stats    ] Concurrent Update Thread Roots      897 us
[2026-04-03T01:55:49.367+0600][16.860s][info][gc,stats    ] Pause Final Update Refs (G)         524 us
[2026-04-03T01:55:49.367+0600][16.860s][info][gc,stats    ] Pause Final Update Refs (N)         231 us
[2026-04-03T01:55:49.367+0600][16.860s][info][gc,stats    ]   Update Region States               47 us
[2026-04-03T01:55:49.367+0600][16.860s][info][gc,stats    ]   Trash Collection Set               22 us
[2026-04-03T01:55:49.367+0600][16.860s][info][gc,stats    ]   Rebuild Free Set                   28 us
[2026-04-03T01:55:49.367+0600][16.860s][info][gc,stats    ] Concurrent Cleanup                  567 us
[2026-04-03T01:55:49.367+0600][16.860s][info][gc,stats    ] Pacing                            71392 us
[2026-04-03T01:55:49.367+0600][16.860s][info][gc,stats    ] 
[2026-04-03T01:55:49.367+0600][16.860s][info][gc,stats    ] Allocation pacing accrued:
[2026-04-03T01:55:49.367+0600][16.860s][info][gc,stats    ]      33 of   253 ms ( 12.9%): Executor task launch worker for task 0.0 in stage 1.0 (TID 1)
[2026-04-03T01:55:49.367+0600][16.860s][info][gc,stats    ]      39 of   253 ms ( 15.4%): Executor task launch worker for task 1.0 in stage 1.0 (TID 2)
[2026-04-03T01:55:49.367+0600][16.860s][info][gc,stats    ]      71 of   253 ms ( 28.2%): <total>
[2026-04-03T01:55:49.367+0600][16.860s][info][gc,stats    ]       1 of   253 ms (  0.4%): <average total>
[2026-04-03T01:55:49.367+0600][16.860s][info][gc,stats    ]      36 of   253 ms ( 14.1%): <average non-zero>
[2026-04-03T01:55:49.367+0600][16.860s][info][gc,stats    ] 
[2026-04-03T01:55:49.367+0600][16.860s][info][gc,metaspace] Metaspace: 63790K(64512K)->63790K(64512K) NonClass: 55684K(56064K)->55684K(56064K) Class: 8105K(8448K)->8105K(8448K)
[2026-04-03T01:55:49.367+0600][16.860s][info][gc,ergo     ] Pacer for Idle. Initial: 10240K, Alloc Tax Rate: 1.0x
[2026-04-03T01:55:49.415+0600][16.908s][info][gc          ] Trigger: Average GC time (209.08 ms) is above the time for average allocation rate (629 MB/s) to deplete free headroom (130M) (margin of error = 1.89)
[2026-04-03T01:55:49.415+0600][16.908s][info][gc,ergo     ] Free headroom: 155M (free) - 25600K (spike) - 0B (penalties) = 130M
[2026-04-03T01:55:49.415+0600][16.908s][info][gc,ergo     ] Free: 155M, Max: 256K regular, 86528K humongous, Frag: 46% external, 0% internal; Reserve: 25600K, Max: 256K
[2026-04-03T01:55:49.415+0600][16.908s][info][gc,start    ] GC(18) Concurrent reset
[2026-04-03T01:55:49.415+0600][16.908s][info][gc,task     ] GC(18) Using 3 of 6 workers for concurrent reset
[2026-04-03T01:55:49.415+0600][16.908s][info][gc,ergo     ] GC(18) Pacer for Reset. Non-Taxable: 500M
[2026-04-03T01:55:49.416+0600][16.909s][info][gc          ] GC(18) Concurrent reset 1.050ms
[2026-04-03T01:55:49.417+0600][16.910s][info][gc,start    ] GC(18) Pause Init Mark (unload classes)
[2026-04-03T01:55:49.417+0600][16.910s][info][gc,task     ] GC(18) Using 6 of 6 workers for init marking
[2026-04-03T01:55:49.417+0600][16.910s][info][gc,ergo     ] GC(18) Pacer for Mark. Expected Live: 95229K, Free: 153M, Non-Taxable: 15712K, Alloc Tax Rate: 0.7x
[2026-04-03T01:55:49.417+0600][16.910s][info][gc          ] GC(18) Pause Init Mark (unload classes) 0.142ms
[2026-04-03T01:55:49.417+0600][16.910s][info][gc,start    ] GC(18) Concurrent marking roots
[2026-04-03T01:55:49.417+0600][16.910s][info][gc,task     ] GC(18) Using 3 of 6 workers for concurrent marking roots
[2026-04-03T01:55:49.418+0600][16.911s][info][gc          ] GC(18) Concurrent marking roots 0.653ms
[2026-04-03T01:55:49.418+0600][16.911s][info][gc,start    ] GC(18) Concurrent marking (unload classes)
[2026-04-03T01:55:49.418+0600][16.911s][info][gc,task     ] GC(18) Using 3 of 6 workers for concurrent marking
[2026-04-03T01:55:49.486+0600][16.979s][info][gc          ] GC(18) Concurrent marking (unload classes) 68.005ms
[2026-04-03T01:55:49.486+0600][16.979s][info][gc,start    ] GC(18) Pause Final Mark (unload classes)
[2026-04-03T01:55:49.486+0600][16.979s][info][gc,task     ] GC(18) Using 6 of 6 workers for final marking
[2026-04-03T01:55:49.486+0600][16.979s][info][gc,ergo     ] GC(18) Adaptive CSet Selection. Target Free: 72533K, Actual Free: 186M, Max CSet: 21333K, Min Garbage: 0B
[2026-04-03T01:55:49.487+0600][16.980s][info][gc,ergo     ] GC(18) Collectable Garbage: 180M (98%), Immediate: 41728K (22%), CSet: 139M (76%)
[2026-04-03T01:55:49.487+0600][16.980s][info][gc,ergo     ] GC(18) Pacer for Evacuation. Used CSet: 151M, Free: 161M, Non-Taxable: 16557K, Alloc Tax Rate: 2.3x
[2026-04-03T01:55:49.487+0600][16.980s][info][gc          ] GC(18) Pause Final Mark (unload classes) 0.606ms
[2026-04-03T01:55:49.487+0600][16.980s][info][gc,start    ] GC(18) Concurrent thread roots
[2026-04-03T01:55:49.487+0600][16.980s][info][gc,task     ] GC(18) Using 3 of 6 workers for Concurrent thread roots
[2026-04-03T01:55:49.487+0600][16.980s][info][gc          ] GC(18) Concurrent thread roots 0.371ms
[2026-04-03T01:55:49.487+0600][16.980s][info][gc,start    ] GC(18) Concurrent weak references
[2026-04-03T01:55:49.487+0600][16.980s][info][gc,task     ] GC(18) Using 3 of 6 workers for concurrent weak references
[2026-04-03T01:55:49.487+0600][16.980s][info][gc,ref      ] GC(18) Encountered references: Soft: 3150, Weak: 5289, Final: 74, Phantom: 595
[2026-04-03T01:55:49.487+0600][16.980s][info][gc,ref      ] GC(18) Discovered  references: Soft: 0, Weak: 368, Final: 0, Phantom: 592
[2026-04-03T01:55:49.487+0600][16.980s][info][gc,ref      ] GC(18) Enqueued    references: Soft: 0, Weak: 0, Final: 0, Phantom: 0
[2026-04-03T01:55:49.487+0600][16.980s][info][gc          ] GC(18) Concurrent weak references 0.251ms
[2026-04-03T01:55:49.487+0600][16.980s][info][gc,start    ] GC(18) Concurrent weak roots
[2026-04-03T01:55:49.487+0600][16.980s][info][gc,task     ] GC(18) Using 3 of 6 workers for concurrent weak root
[2026-04-03T01:55:49.489+0600][16.982s][info][gc          ] GC(18) Concurrent weak roots 1.893ms
[2026-04-03T01:55:49.489+0600][16.982s][info][gc,start    ] GC(18) Concurrent cleanup
[2026-04-03T01:55:49.490+0600][16.983s][info][gc          ] GC(18) Concurrent cleanup 355M->315M(500M) 0.138ms
[2026-04-03T01:55:49.490+0600][16.983s][info][gc,ergo     ] GC(18) Free: 158M, Max: 256K regular, 86528K humongous, Frag: 47% external, 0% internal; Reserve: 25600K, Max: 256K
[2026-04-03T01:55:49.490+0600][16.983s][info][gc,start    ] GC(18) Concurrent class unloading
[2026-04-03T01:55:49.490+0600][16.983s][info][gc,task     ] GC(18) Using 3 of 6 workers for concurrent class unloading
[2026-04-03T01:55:49.494+0600][16.987s][info][gc          ] GC(18) Concurrent class unloading 4.118ms
[2026-04-03T01:55:49.494+0600][16.987s][info][gc,start    ] GC(18) Concurrent strong roots
[2026-04-03T01:55:49.494+0600][16.987s][info][gc,task     ] GC(18) Using 3 of 6 workers for concurrent strong root
[2026-04-03T01:55:49.494+0600][16.987s][info][gc          ] GC(18) Concurrent strong roots 0.590ms
[2026-04-03T01:55:49.494+0600][16.987s][info][gc,start    ] GC(18) Concurrent evacuation
[2026-04-03T01:55:49.494+0600][16.987s][info][gc,task     ] GC(18) Using 3 of 6 workers for concurrent evacuation
[2026-04-03T01:55:49.502+0600][16.995s][info][gc          ] GC(18) Concurrent evacuation 7.321ms
[2026-04-03T01:55:49.502+0600][16.995s][info][gc,start    ] GC(18) Pause Init Update Refs
[2026-04-03T01:55:49.502+0600][16.995s][info][gc,ergo     ] GC(18) Pacer for Update Refs. Used: 342M, Free: 143M, Non-Taxable: 14688K, Alloc Tax Rate: 2.9x
[2026-04-03T01:55:49.502+0600][16.995s][info][gc          ] GC(18) Pause Init Update Refs 0.108ms
[2026-04-03T01:55:49.502+0600][16.995s][info][gc,start    ] GC(18) Concurrent update references
[2026-04-03T01:55:49.502+0600][16.995s][info][gc,task     ] GC(18) Using 3 of 6 workers for concurrent reference update
[2026-04-03T01:55:49.569+0600][17.062s][info][gc          ] GC(18) Concurrent update references 66.581ms
[2026-04-03T01:55:49.569+0600][17.062s][info][gc,start    ] GC(18) Concurrent update thread roots
[2026-04-03T01:55:49.570+0600][17.063s][info][gc          ] GC(18) Concurrent update thread roots 0.762ms
[2026-04-03T01:55:49.570+0600][17.063s][info][gc,start    ] GC(18) Pause Final Update Refs
[2026-04-03T01:55:49.570+0600][17.063s][info][gc,task     ] GC(18) Using 6 of 6 workers for final reference update
[2026-04-03T01:55:49.570+0600][17.063s][info][gc          ] GC(18) Pause Final Update Refs 0.188ms
[2026-04-03T01:55:49.570+0600][17.063s][info][gc,start    ] GC(18) Concurrent cleanup
[2026-04-03T01:55:49.571+0600][17.064s][info][gc          ] GC(18) Concurrent cleanup 425M->274M(500M) 0.245ms
[2026-04-03T01:55:49.571+0600][17.064s][info][gc,ergo     ] Free: 198M, Max: 256K regular, 49152K humongous, Frag: 76% external, 0% internal; Reserve: 25600K, Max: 256K
[2026-04-03T01:55:49.571+0600][17.064s][info][gc,stats    ] 
[2026-04-03T01:55:49.571+0600][17.064s][info][gc,stats    ] All times are wall-clock times, except per-root-class counters, that are sum over
[2026-04-03T01:55:49.571+0600][17.064s][info][gc,stats    ] all workers. Dividing the <total> over the root stage time estimates parallelism.
[2026-04-03T01:55:49.571+0600][17.064s][info][gc,stats    ] 
[2026-04-03T01:55:49.571+0600][17.064s][info][gc,stats    ] Concurrent Reset                   1110 us
[2026-04-03T01:55:49.571+0600][17.064s][info][gc,stats    ] Pause Init Mark (G)                 434 us
[2026-04-03T01:55:49.571+0600][17.064s][info][gc,stats    ] Pause Init Mark (N)                 149 us
[2026-04-03T01:55:49.571+0600][17.064s][info][gc,stats    ]   Update Region States               19 us
[2026-04-03T01:55:49.571+0600][17.064s][info][gc,stats    ] Concurrent Mark Roots               697 us, parallelism: 1.57x
[2026-04-03T01:55:49.571+0600][17.064s][info][gc,stats    ]   CMR: <total>                     1092 us
[2026-04-03T01:55:49.571+0600][17.064s][info][gc,stats    ]   CMR: Thread Roots                 817 us, workers (us): 118, 364, 335, ---, ---, ---, 
[2026-04-03T01:55:49.571+0600][17.064s][info][gc,stats    ]   CMR: VM Strong Roots               27 us, workers (us):  14,  13,   1, ---, ---, ---, 
[2026-04-03T01:55:49.571+0600][17.064s][info][gc,stats    ]   CMR: CLDG Roots                   248 us, workers (us): 248, ---, ---, ---, ---, ---, 
[2026-04-03T01:55:49.571+0600][17.064s][info][gc,stats    ] Concurrent Marking                68117 us
[2026-04-03T01:55:49.571+0600][17.064s][info][gc,stats    ] Pause Final Mark (G)                977 us
[2026-04-03T01:55:49.571+0600][17.064s][info][gc,stats    ] Pause Final Mark (N)                639 us
[2026-04-03T01:55:49.571+0600][17.064s][info][gc,stats    ]   Finish Mark                       241 us
[2026-04-03T01:55:49.571+0600][17.064s][info][gc,stats    ]   Update Region States               51 us
[2026-04-03T01:55:49.571+0600][17.064s][info][gc,stats    ]   Choose Collection Set             198 us
[2026-04-03T01:55:49.571+0600][17.064s][info][gc,stats    ]   Rebuild Free Set                   24 us
[2026-04-03T01:55:49.571+0600][17.064s][info][gc,stats    ] Concurrent Thread Roots             401 us, parallelism: 1.85x
[2026-04-03T01:55:49.571+0600][17.064s][info][gc,stats    ]   CTR: <total>                      743 us
[2026-04-03T01:55:49.571+0600][17.064s][info][gc,stats    ]   CTR: Thread Roots                 743 us, workers (us): 280, 236, 227, ---, ---, ---, 
[2026-04-03T01:55:49.571+0600][17.064s][info][gc,stats    ] Concurrent Weak References          261 us, parallelism: 0.44x
[2026-04-03T01:55:49.571+0600][17.064s][info][gc,stats    ]   CWRF: <total>                     115 us
[2026-04-03T01:55:49.571+0600][17.064s][info][gc,stats    ]   CWRF: Weak References             115 us, workers (us):  77,  36,   1, ---, ---, ---, 
[2026-04-03T01:55:49.571+0600][17.064s][info][gc,stats    ] Concurrent Weak Roots              1948 us
[2026-04-03T01:55:49.571+0600][17.064s][info][gc,stats    ]   Roots                            1639 us, parallelism: 2.44x
[2026-04-03T01:55:49.571+0600][17.064s][info][gc,stats    ]     CWR: <total>                   4004 us
[2026-04-03T01:55:49.571+0600][17.064s][info][gc,stats    ]     CWR: Code Cache Roots          2332 us, workers (us): 800, 743, 788, ---, ---, ---, 
[2026-04-03T01:55:49.571+0600][17.064s][info][gc,stats    ]     CWR: VM Weak Roots             1569 us, workers (us): 539, 521, 510, ---, ---, ---, 
[2026-04-03T01:55:49.571+0600][17.064s][info][gc,stats    ]     CWR: CLDG Roots                 102 us, workers (us): ---, 102, ---, ---, ---, ---, 
[2026-04-03T01:55:49.571+0600][17.064s][info][gc,stats    ]   Rendezvous                        230 us
[2026-04-03T01:55:49.571+0600][17.064s][info][gc,stats    ] Concurrent Cleanup                  150 us
[2026-04-03T01:55:49.571+0600][17.064s][info][gc,stats    ] Concurrent Class Unloading         4196 us
[2026-04-03T01:55:49.571+0600][17.064s][info][gc,stats    ]   Unlink Stale                     3364 us
[2026-04-03T01:55:49.571+0600][17.064s][info][gc,stats    ]     System Dictionary                67 us
[2026-04-03T01:55:49.571+0600][17.064s][info][gc,stats    ]     Weak Class Links                  0 us
[2026-04-03T01:55:49.571+0600][17.064s][info][gc,stats    ]     Code Roots                     3293 us
[2026-04-03T01:55:49.571+0600][17.064s][info][gc,stats    ]   Rendezvous                        285 us
[2026-04-03T01:55:49.571+0600][17.064s][info][gc,stats    ]   Purge Unlinked                    441 us
[2026-04-03T01:55:49.571+0600][17.064s][info][gc,stats    ]     Code Roots                      433 us
[2026-04-03T01:55:49.571+0600][17.064s][info][gc,stats    ]     CLDG                              7 us
[2026-04-03T01:55:49.571+0600][17.064s][info][gc,stats    ]     Exception Caches                  0 us
[2026-04-03T01:55:49.571+0600][17.064s][info][gc,stats    ] Concurrent Strong Roots             661 us, parallelism: 0.39x
[2026-04-03T01:55:49.571+0600][17.064s][info][gc,stats    ]   CSR: <total>                      259 us
[2026-04-03T01:55:49.571+0600][17.064s][info][gc,stats    ]   CSR: VM Strong Roots               18 us, workers (us):   7,   6,   6, ---, ---, ---, 
[2026-04-03T01:55:49.571+0600][17.064s][info][gc,stats    ]   CSR: CLDG Roots                   240 us, workers (us): ---, 240, ---, ---, ---, ---, 
[2026-04-03T01:55:49.571+0600][17.064s][info][gc,stats    ] Concurrent Evacuation              7403 us
[2026-04-03T01:55:49.571+0600][17.064s][info][gc,stats    ] Pause Init Update Refs (G)          499 us
[2026-04-03T01:55:49.571+0600][17.064s][info][gc,stats    ] Pause Init Update Refs (N)          118 us
[2026-04-03T01:55:49.571+0600][17.064s][info][gc,stats    ]   Manage GCLABs                      20 us
[2026-04-03T01:55:49.571+0600][17.064s][info][gc,stats    ] Concurrent Update Refs            66687 us
[2026-04-03T01:55:49.571+0600][17.064s][info][gc,stats    ] Concurrent Update Thread Roots      827 us
[2026-04-03T01:55:49.571+0600][17.064s][info][gc,stats    ] Pause Final Update Refs (G)         560 us
[2026-04-03T01:55:49.571+0600][17.064s][info][gc,stats    ] Pause Final Update Refs (N)         203 us
[2026-04-03T01:55:49.571+0600][17.064s][info][gc,stats    ]   Update Region States               35 us
[2026-04-03T01:55:49.571+0600][17.064s][info][gc,stats    ]   Trash Collection Set               18 us
[2026-04-03T01:55:49.571+0600][17.064s][info][gc,stats    ]   Rebuild Free Set                   32 us
[2026-04-03T01:55:49.571+0600][17.064s][info][gc,stats    ] Concurrent Cleanup                  269 us
[2026-04-03T01:55:49.571+0600][17.064s][info][gc,stats    ] Pacing                            94099 us
[2026-04-03T01:55:49.571+0600][17.064s][info][gc,stats    ] 
[2026-04-03T01:55:49.571+0600][17.064s][info][gc,stats    ] Allocation pacing accrued:
[2026-04-03T01:55:49.571+0600][17.064s][info][gc,stats    ]      47 of   204 ms ( 23.1%): Executor task launch worker for task 0.0 in stage 1.0 (TID 1)
[2026-04-03T01:55:49.571+0600][17.064s][info][gc,stats    ]      47 of   204 ms ( 23.0%): Executor task launch worker for task 1.0 in stage 1.0 (TID 2)
[2026-04-03T01:55:49.571+0600][17.064s][info][gc,stats    ]      94 of   204 ms ( 46.1%): <total>
[2026-04-03T01:55:49.571+0600][17.065s][info][gc,stats    ]       1 of   204 ms (  0.7%): <average total>
[2026-04-03T01:55:49.572+0600][17.065s][info][gc,stats    ]      47 of   204 ms ( 23.0%): <average non-zero>
[2026-04-03T01:55:49.572+0600][17.065s][info][gc,stats    ] 
[2026-04-03T01:55:49.572+0600][17.065s][info][gc,metaspace] Metaspace: 63790K(64512K)->64000K(64832K) NonClass: 55684K(56064K)->55868K(56320K) Class: 8105K(8448K)->8131K(8512K)
[2026-04-03T01:55:49.572+0600][17.065s][info][gc,ergo     ] Pacer for Idle. Initial: 10240K, Alloc Tax Rate: 1.0x
[2026-04-03T01:55:49.616+0600][17.109s][info][gc          ] Trigger: Average GC time (194.24 ms) is above the time for average allocation rate (763 MB/s) to deplete free headroom (147M) (margin of error = 1.90)
[2026-04-03T01:55:49.616+0600][17.109s][info][gc,ergo     ] Free headroom: 172M (free) - 25600K (spike) - 0B (penalties) = 147M
[2026-04-03T01:55:49.616+0600][17.109s][info][gc,ergo     ] Free: 172M, Max: 256K regular, 49152K humongous, Frag: 73% external, 0% internal; Reserve: 25600K, Max: 256K
[2026-04-03T01:55:49.616+0600][17.109s][info][gc,start    ] GC(19) Concurrent reset
[2026-04-03T01:55:49.616+0600][17.109s][info][gc,task     ] GC(19) Using 3 of 6 workers for concurrent reset
[2026-04-03T01:55:49.616+0600][17.109s][info][gc,ergo     ] GC(19) Pacer for Reset. Non-Taxable: 500M
[2026-04-03T01:55:49.617+0600][17.110s][info][gc          ] GC(19) Concurrent reset 0.959ms
[2026-04-03T01:55:49.617+0600][17.110s][info][gc,start    ] GC(19) Pause Init Mark (unload classes)
[2026-04-03T01:55:49.618+0600][17.111s][info][gc,task     ] GC(19) Using 6 of 6 workers for init marking
[2026-04-03T01:55:49.618+0600][17.111s][info][gc,ergo     ] GC(19) Pacer for Mark. Expected Live: 110M, Free: 171M, Non-Taxable: 17581K, Alloc Tax Rate: 0.8x
[2026-04-03T01:55:49.618+0600][17.111s][info][gc          ] GC(19) Pause Init Mark (unload classes) 0.113ms
[2026-04-03T01:55:49.618+0600][17.111s][info][gc,start    ] GC(19) Concurrent marking roots
[2026-04-03T01:55:49.618+0600][17.111s][info][gc,task     ] GC(19) Using 3 of 6 workers for concurrent marking roots
[2026-04-03T01:55:49.618+0600][17.111s][info][gc          ] GC(19) Concurrent marking roots 0.639ms
[2026-04-03T01:55:49.618+0600][17.111s][info][gc,start    ] GC(19) Concurrent marking (unload classes)
[2026-04-03T01:55:49.618+0600][17.111s][info][gc,task     ] GC(19) Using 3 of 6 workers for concurrent marking
[2026-04-03T01:55:49.685+0600][17.178s][info][gc          ] GC(19) Concurrent marking (unload classes) 66.392ms
[2026-04-03T01:55:49.685+0600][17.178s][info][gc,start    ] GC(19) Pause Final Mark (unload classes)
[2026-04-03T01:55:49.685+0600][17.178s][info][gc,task     ] GC(19) Using 6 of 6 workers for final marking
[2026-04-03T01:55:49.686+0600][17.179s][info][gc,ergo     ] GC(19) Adaptive CSet Selection. Target Free: 72533K, Actual Free: 251M, Max CSet: 21333K, Min Garbage: 0B
[2026-04-03T01:55:49.686+0600][17.179s][info][gc,ergo     ] GC(19) Collectable Garbage: 156M (98%), Immediate: 89088K (54%), CSet: 71421K (43%)
[2026-04-03T01:55:49.686+0600][17.179s][info][gc,ergo     ] GC(19) Pacer for Evacuation. Used CSet: 77056K, Free: 226M, Non-Taxable: 23187K, Alloc Tax Rate: 1.1x
[2026-04-03T01:55:49.686+0600][17.179s][info][gc          ] GC(19) Pause Final Mark (unload classes) 0.589ms
[2026-04-03T01:55:49.686+0600][17.179s][info][gc,start    ] GC(19) Concurrent thread roots
[2026-04-03T01:55:49.686+0600][17.179s][info][gc,task     ] GC(19) Using 3 of 6 workers for Concurrent thread roots
[2026-04-03T01:55:49.686+0600][17.179s][info][gc          ] GC(19) Concurrent thread roots 0.511ms
[2026-04-03T01:55:49.686+0600][17.179s][info][gc,start    ] GC(19) Concurrent weak references
[2026-04-03T01:55:49.686+0600][17.179s][info][gc,task     ] GC(19) Using 3 of 6 workers for concurrent weak references
[2026-04-03T01:55:49.687+0600][17.180s][info][gc,ref      ] GC(19) Encountered references: Soft: 3151, Weak: 5315, Final: 74, Phantom: 595
[2026-04-03T01:55:49.687+0600][17.180s][info][gc,ref      ] GC(19) Discovered  references: Soft: 0, Weak: 1056, Final: 0, Phantom: 592
[2026-04-03T01:55:49.687+0600][17.180s][info][gc,ref      ] GC(19) Enqueued    references: Soft: 0, Weak: 15, Final: 0, Phantom: 0
[2026-04-03T01:55:49.687+0600][17.180s][info][gc          ] GC(19) Concurrent weak references 0.540ms
[2026-04-03T01:55:49.687+0600][17.180s][info][gc,start    ] GC(19) Concurrent weak roots
[2026-04-03T01:55:49.687+0600][17.180s][info][gc,task     ] GC(19) Using 3 of 6 workers for concurrent weak root
[2026-04-03T01:55:49.689+0600][17.182s][info][gc          ] GC(19) Concurrent weak roots 1.645ms
[2026-04-03T01:55:49.689+0600][17.182s][info][gc,start    ] GC(19) Concurrent cleanup
[2026-04-03T01:55:49.689+0600][17.182s][info][gc          ] GC(19) Concurrent cleanup 333M->246M(500M) 0.330ms
[2026-04-03T01:55:49.689+0600][17.182s][info][gc,ergo     ] GC(19) Free: 226M, Max: 256K regular, 52224K humongous, Frag: 78% external, 0% internal; Reserve: 25591K, Max: 256K
[2026-04-03T01:55:49.689+0600][17.182s][info][gc,start    ] GC(19) Concurrent class unloading
[2026-04-03T01:55:49.689+0600][17.182s][info][gc,task     ] GC(19) Using 3 of 6 workers for concurrent class unloading
[2026-04-03T01:55:49.692+0600][17.185s][info][gc          ] GC(19) Concurrent class unloading 3.428ms
[2026-04-03T01:55:49.693+0600][17.186s][info][gc,start    ] GC(19) Concurrent strong roots
[2026-04-03T01:55:49.693+0600][17.186s][info][gc,task     ] GC(19) Using 3 of 6 workers for concurrent strong root
[2026-04-03T01:55:49.693+0600][17.186s][info][gc          ] GC(19) Concurrent strong roots 0.432ms
[2026-04-03T01:55:49.693+0600][17.186s][info][gc,start    ] GC(19) Concurrent evacuation
[2026-04-03T01:55:49.693+0600][17.186s][info][gc,task     ] GC(19) Using 3 of 6 workers for concurrent evacuation
[2026-04-03T01:55:49.696+0600][17.189s][info][gc          ] GC(19) Concurrent evacuation 3.153ms
[2026-04-03T01:55:49.696+0600][17.189s][info][gc,start    ] GC(19) Pause Init Update Refs
[2026-04-03T01:55:49.696+0600][17.189s][info][gc,ergo     ] GC(19) Pacer for Update Refs. Used: 261M, Free: 217M, Non-Taxable: 22291K, Alloc Tax Rate: 1.5x
[2026-04-03T01:55:49.696+0600][17.189s][info][gc          ] GC(19) Pause Init Update Refs 0.060ms
[2026-04-03T01:55:49.696+0600][17.189s][info][gc,start    ] GC(19) Concurrent update references
[2026-04-03T01:55:49.697+0600][17.190s][info][gc,task     ] GC(19) Using 3 of 6 workers for concurrent reference update
[2026-04-03T01:55:49.758+0600][17.251s][info][gc          ] GC(19) Concurrent update references 61.381ms
[2026-04-03T01:55:49.758+0600][17.251s][info][gc,start    ] GC(19) Concurrent update thread roots
[2026-04-03T01:55:49.759+0600][17.252s][info][gc          ] GC(19) Concurrent update thread roots 0.653ms
[2026-04-03T01:55:49.781+0600][17.274s][info][gc,start    ] GC(19) Pause Final Update Refs
[2026-04-03T01:55:49.781+0600][17.274s][info][gc,task     ] GC(19) Using 6 of 6 workers for final reference update
[2026-04-03T01:55:49.781+0600][17.274s][info][gc          ] GC(19) Pause Final Update Refs 0.125ms
[2026-04-03T01:55:49.782+0600][17.275s][info][gc,start    ] GC(19) Concurrent cleanup
[2026-04-03T01:55:49.782+0600][17.275s][info][gc          ] GC(19) Concurrent cleanup 377M->303M(500M) 0.361ms
[2026-04-03T01:55:49.782+0600][17.275s][info][gc,ergo     ] Free: 170M, Max: 256K regular, 89856K humongous, Frag: 49% external, 0% internal; Reserve: 25600K, Max: 256K
[2026-04-03T01:55:49.782+0600][17.275s][info][gc,stats    ] 
[2026-04-03T01:55:49.782+0600][17.275s][info][gc,stats    ] All times are wall-clock times, except per-root-class counters, that are sum over
[2026-04-03T01:55:49.782+0600][17.275s][info][gc,stats    ] all workers. Dividing the <total> over the root stage time estimates parallelism.
[2026-04-03T01:55:49.782+0600][17.275s][info][gc,stats    ] 
[2026-04-03T01:55:49.782+0600][17.275s][info][gc,stats    ] Concurrent Reset                   1016 us
[2026-04-03T01:55:49.782+0600][17.275s][info][gc,stats    ] Pause Init Mark (G)                 478 us
[2026-04-03T01:55:49.782+0600][17.275s][info][gc,stats    ] Pause Init Mark (N)                 125 us
[2026-04-03T01:55:49.782+0600][17.275s][info][gc,stats    ]   Update Region States               26 us
[2026-04-03T01:55:49.782+0600][17.275s][info][gc,stats    ] Concurrent Mark Roots               687 us, parallelism: 1.48x
[2026-04-03T01:55:49.782+0600][17.275s][info][gc,stats    ]   CMR: <total>                     1018 us
[2026-04-03T01:55:49.782+0600][17.275s][info][gc,stats    ]   CMR: Thread Roots                 774 us, workers (us): 329, 116, 330, ---, ---, ---, 
[2026-04-03T01:55:49.782+0600][17.275s][info][gc,stats    ]   CMR: VM Strong Roots               31 us, workers (us):  17,  13,   1, ---, ---, ---, 
[2026-04-03T01:55:49.782+0600][17.275s][info][gc,stats    ]   CMR: CLDG Roots                   213 us, workers (us): ---, 213, ---, ---, ---, ---, 
[2026-04-03T01:55:49.782+0600][17.275s][info][gc,stats    ] Concurrent Marking                66600 us
[2026-04-03T01:55:49.782+0600][17.275s][info][gc,stats    ] Pause Final Mark (G)                864 us
[2026-04-03T01:55:49.782+0600][17.275s][info][gc,stats    ] Pause Final Mark (N)                599 us
[2026-04-03T01:55:49.782+0600][17.275s][info][gc,stats    ]   Finish Mark                       284 us
[2026-04-03T01:55:49.782+0600][17.275s][info][gc,stats    ]   Update Region States               28 us
[2026-04-03T01:55:49.782+0600][17.275s][info][gc,stats    ]   Choose Collection Set             165 us
[2026-04-03T01:55:49.782+0600][17.275s][info][gc,stats    ]   Rebuild Free Set                   39 us
[2026-04-03T01:55:49.782+0600][17.275s][info][gc,stats    ] Concurrent Thread Roots             548 us, parallelism: 1.43x
[2026-04-03T01:55:49.782+0600][17.275s][info][gc,stats    ]   CTR: <total>                      785 us
[2026-04-03T01:55:49.782+0600][17.275s][info][gc,stats    ]   CTR: Thread Roots                 785 us, workers (us): 284, 250, 250, ---, ---, ---, 
[2026-04-03T01:55:49.782+0600][17.275s][info][gc,stats    ] Concurrent Weak References          549 us, parallelism: 0.42x
[2026-04-03T01:55:49.782+0600][17.275s][info][gc,stats    ]   CWRF: <total>                     231 us
[2026-04-03T01:55:49.782+0600][17.275s][info][gc,stats    ]   CWRF: Weak References             231 us, workers (us):  45, 179,   6, ---, ---, ---, 
[2026-04-03T01:55:49.782+0600][17.275s][info][gc,stats    ] Concurrent Weak Roots              1682 us
[2026-04-03T01:55:49.782+0600][17.275s][info][gc,stats    ]   Roots                            1437 us, parallelism: 2.19x
[2026-04-03T01:55:49.782+0600][17.275s][info][gc,stats    ]     CWR: <total>                   3150 us
[2026-04-03T01:55:49.782+0600][17.275s][info][gc,stats    ]     CWR: Code Cache Roots          1935 us, workers (us): 697, 619, 619, ---, ---, ---, 
[2026-04-03T01:55:49.782+0600][17.275s][info][gc,stats    ]     CWR: VM Weak Roots             1168 us, workers (us): 393, 389, 385, ---, ---, ---, 
[2026-04-03T01:55:49.782+0600][17.275s][info][gc,stats    ]     CWR: CLDG Roots                  47 us, workers (us): ---, ---,  47, ---, ---, ---, 
[2026-04-03T01:55:49.782+0600][17.275s][info][gc,stats    ]   Rendezvous                        192 us
[2026-04-03T01:55:49.782+0600][17.275s][info][gc,stats    ] Concurrent Cleanup                  358 us
[2026-04-03T01:55:49.782+0600][17.275s][info][gc,stats    ] Concurrent Class Unloading         3472 us
[2026-04-03T01:55:49.782+0600][17.275s][info][gc,stats    ]   Unlink Stale                     2996 us
[2026-04-03T01:55:49.782+0600][17.275s][info][gc,stats    ]     System Dictionary                52 us
[2026-04-03T01:55:49.782+0600][17.275s][info][gc,stats    ]     Weak Class Links                  0 us
[2026-04-03T01:55:49.782+0600][17.275s][info][gc,stats    ]     Code Roots                     2942 us
[2026-04-03T01:55:49.782+0600][17.275s][info][gc,stats    ]   Rendezvous                        165 us
[2026-04-03T01:55:49.782+0600][17.275s][info][gc,stats    ]   Purge Unlinked                    250 us
[2026-04-03T01:55:49.782+0600][17.275s][info][gc,stats    ]     Code Roots                      242 us
[2026-04-03T01:55:49.782+0600][17.275s][info][gc,stats    ]     CLDG                              8 us
[2026-04-03T01:55:49.782+0600][17.275s][info][gc,stats    ]     Exception Caches                  0 us
[2026-04-03T01:55:49.782+0600][17.275s][info][gc,stats    ] Concurrent Strong Roots             470 us, parallelism: 0.54x
[2026-04-03T01:55:49.782+0600][17.275s][info][gc,stats    ]   CSR: <total>                      256 us
[2026-04-03T01:55:49.782+0600][17.275s][info][gc,stats    ]   CSR: VM Strong Roots               17 us, workers (us):  10,   7,   0, ---, ---, ---, 
[2026-04-03T01:55:49.782+0600][17.275s][info][gc,stats    ]   CSR: CLDG Roots                   239 us, workers (us): ---, 239, ---, ---, ---, ---, 
[2026-04-03T01:55:49.782+0600][17.275s][info][gc,stats    ] Concurrent Evacuation              3218 us
[2026-04-03T01:55:49.782+0600][17.275s][info][gc,stats    ] Pause Init Update Refs (G)          256 us
[2026-04-03T01:55:49.782+0600][17.275s][info][gc,stats    ] Pause Init Update Refs (N)           69 us
[2026-04-03T01:55:49.782+0600][17.275s][info][gc,stats    ]   Manage GCLABs                       7 us
[2026-04-03T01:55:49.782+0600][17.275s][info][gc,stats    ] Concurrent Update Refs            61476 us
[2026-04-03T01:55:49.782+0600][17.275s][info][gc,stats    ] Concurrent Update Thread Roots    23220 us
[2026-04-03T01:55:49.782+0600][17.275s][info][gc,stats    ] Pause Final Update Refs (G)         405 us
[2026-04-03T01:55:49.782+0600][17.275s][info][gc,stats    ] Pause Final Update Refs (N)         138 us
[2026-04-03T01:55:49.782+0600][17.275s][info][gc,stats    ]   Update Region States               25 us
[2026-04-03T01:55:49.782+0600][17.275s][info][gc,stats    ]   Trash Collection Set               11 us
[2026-04-03T01:55:49.782+0600][17.275s][info][gc,stats    ]   Rebuild Free Set                   24 us
[2026-04-03T01:55:49.782+0600][17.275s][info][gc,stats    ] Concurrent Cleanup                  375 us
[2026-04-03T01:55:49.782+0600][17.275s][info][gc,stats    ] Pacing                            82614 us
[2026-04-03T01:55:49.782+0600][17.275s][info][gc,stats    ] 
[2026-04-03T01:55:49.782+0600][17.275s][info][gc,stats    ] Allocation pacing accrued:
[2026-04-03T01:55:49.782+0600][17.275s][info][gc,stats    ]      42 of   211 ms ( 19.7%): Executor task launch worker for task 0.0 in stage 1.0 (TID 1)
[2026-04-03T01:55:49.782+0600][17.275s][info][gc,stats    ]      41 of   211 ms ( 19.5%): Executor task launch worker for task 1.0 in stage 1.0 (TID 2)
[2026-04-03T01:55:49.782+0600][17.275s][info][gc,stats    ]      83 of   211 ms ( 39.2%): <total>
[2026-04-03T01:55:49.782+0600][17.275s][info][gc,stats    ]       1 of   211 ms (  0.6%): <average total>
[2026-04-03T01:55:49.782+0600][17.275s][info][gc,stats    ]      41 of   211 ms ( 19.6%): <average non-zero>
[2026-04-03T01:55:49.782+0600][17.275s][info][gc,stats    ] 
[2026-04-03T01:55:49.782+0600][17.275s][info][gc,metaspace] Metaspace: 64024K(64832K)->64025K(64832K) NonClass: 55891K(56320K)->55892K(56320K) Class: 8133K(8512K)->8133K(8512K)
[2026-04-03T01:55:49.782+0600][17.275s][info][gc,ergo     ] Pacer for Idle. Initial: 10240K, Alloc Tax Rate: 1.0x
[2026-04-03T01:55:49.784+0600][17.277s][info][gc          ] Trigger: Average GC time (190.68 ms) is above the time for average allocation rate (875 MB/s) to deplete free headroom (142M) (margin of error = 1.92)
[2026-04-03T01:55:49.784+0600][17.277s][info][gc,ergo     ] Free headroom: 167M (free) - 25600K (spike) - 0B (penalties) = 142M
[2026-04-03T01:55:49.784+0600][17.277s][info][gc,ergo     ] Free: 167M, Max: 256K regular, 89856K humongous, Frag: 48% external, 0% internal; Reserve: 25600K, Max: 256K
[2026-04-03T01:55:49.784+0600][17.277s][info][gc,start    ] GC(20) Concurrent reset
[2026-04-03T01:55:49.784+0600][17.277s][info][gc,task     ] GC(20) Using 3 of 6 workers for concurrent reset
[2026-04-03T01:55:49.784+0600][17.277s][info][gc,ergo     ] GC(20) Pacer for Reset. Non-Taxable: 500M
[2026-04-03T01:55:49.784+0600][17.277s][info][gc          ] GC(20) Concurrent reset 0.636ms
[2026-04-03T01:55:49.785+0600][17.278s][info][gc,start    ] GC(20) Pause Init Mark (unload classes)
[2026-04-03T01:55:49.785+0600][17.278s][info][gc,task     ] GC(20) Using 6 of 6 workers for init marking
[2026-04-03T01:55:49.785+0600][17.278s][info][gc,ergo     ] GC(20) Pacer for Mark. Expected Live: 122M, Free: 166M, Non-Taxable: 17018K, Alloc Tax Rate: 0.9x
[2026-04-03T01:55:49.785+0600][17.278s][info][gc          ] GC(20) Pause Init Mark (unload classes) 0.102ms
[2026-04-03T01:55:49.785+0600][17.278s][info][gc,start    ] GC(20) Concurrent marking roots
[2026-04-03T01:55:49.785+0600][17.278s][info][gc,task     ] GC(20) Using 3 of 6 workers for concurrent marking roots
[2026-04-03T01:55:49.785+0600][17.278s][info][gc          ] GC(20) Concurrent marking roots 0.541ms
[2026-04-03T01:55:49.785+0600][17.278s][info][gc,start    ] GC(20) Concurrent marking (unload classes)
[2026-04-03T01:55:49.785+0600][17.278s][info][gc,task     ] GC(20) Using 3 of 6 workers for concurrent marking
[2026-04-03T01:55:49.840+0600][17.333s][info][gc          ] GC(20) Concurrent marking (unload classes) 54.382ms
[2026-04-03T01:55:49.840+0600][17.333s][info][gc,start    ] GC(20) Pause Final Mark (unload classes)
[2026-04-03T01:55:49.840+0600][17.333s][info][gc,task     ] GC(20) Using 6 of 6 workers for final marking
[2026-04-03T01:55:49.841+0600][17.334s][info][gc,ergo     ] GC(20) Collectable Garbage: 160M (96%), Immediate: 160M (96%), CSet: 0B (0%)
[2026-04-03T01:55:49.841+0600][17.334s][info][gc          ] GC(20) Pause Final Mark (unload classes) 0.542ms
[2026-04-03T01:55:49.841+0600][17.334s][info][gc,start    ] GC(20) Concurrent weak references
[2026-04-03T01:55:49.841+0600][17.334s][info][gc,task     ] GC(20) Using 3 of 6 workers for concurrent weak references
[2026-04-03T01:55:49.841+0600][17.334s][info][gc,ref      ] GC(20) Encountered references: Soft: 3151, Weak: 5300, Final: 74, Phantom: 595
[2026-04-03T01:55:49.841+0600][17.334s][info][gc,ref      ] GC(20) Discovered  references: Soft: 0, Weak: 310, Final: 0, Phantom: 446
[2026-04-03T01:55:49.841+0600][17.334s][info][gc,ref      ] GC(20) Enqueued    references: Soft: 0, Weak: 0, Final: 0, Phantom: 0
[2026-04-03T01:55:49.841+0600][17.334s][info][gc          ] GC(20) Concurrent weak references 0.281ms
[2026-04-03T01:55:49.841+0600][17.334s][info][gc,start    ] GC(20) Concurrent weak roots
[2026-04-03T01:55:49.841+0600][17.334s][info][gc,task     ] GC(20) Using 3 of 6 workers for concurrent weak root
[2026-04-03T01:55:49.842+0600][17.335s][info][gc          ] GC(20) Concurrent weak roots 1.451ms
[2026-04-03T01:55:49.842+0600][17.335s][info][gc,start    ] GC(20) Concurrent cleanup
[2026-04-03T01:55:49.843+0600][17.336s][info][gc          ] GC(20) Concurrent cleanup 340M->180M(500M) 0.200ms
[2026-04-03T01:55:49.843+0600][17.336s][info][gc,ergo     ] GC(20) Free: 293M, Max: 256K regular, 89856K humongous, Frag: 71% external, 0% internal; Reserve: 25600K, Max: 256K
[2026-04-03T01:55:49.843+0600][17.336s][info][gc,start    ] GC(20) Concurrent class unloading
[2026-04-03T01:55:49.843+0600][17.336s][info][gc,task     ] GC(20) Using 3 of 6 workers for concurrent class unloading
[2026-04-03T01:55:49.846+0600][17.339s][info][gc          ] GC(20) Concurrent class unloading 3.095ms
[2026-04-03T01:55:49.846+0600][17.339s][info][gc,start    ] GC(20) Pause Final Roots
[2026-04-03T01:55:49.846+0600][17.339s][info][gc          ] GC(20) Pause Final Roots 0.065ms
[2026-04-03T01:55:49.846+0600][17.339s][info][gc,ergo     ] Free: 287M, Max: 256K regular, 89856K humongous, Frag: 70% external, 0% internal; Reserve: 25600K, Max: 256K
[2026-04-03T01:55:49.846+0600][17.339s][info][gc,stats    ] 
[2026-04-03T01:55:49.846+0600][17.339s][info][gc,stats    ] All times are wall-clock times, except per-root-class counters, that are sum over
[2026-04-03T01:55:49.846+0600][17.339s][info][gc,stats    ] all workers. Dividing the <total> over the root stage time estimates parallelism.
[2026-04-03T01:55:49.846+0600][17.339s][info][gc,stats    ] 
[2026-04-03T01:55:49.846+0600][17.339s][info][gc,stats    ] Concurrent Reset                    693 us
[2026-04-03T01:55:49.846+0600][17.339s][info][gc,stats    ] Pause Init Mark (G)                 379 us
[2026-04-03T01:55:49.846+0600][17.339s][info][gc,stats    ] Pause Init Mark (N)                 126 us
[2026-04-03T01:55:49.846+0600][17.339s][info][gc,stats    ]   Update Region States               19 us
[2026-04-03T01:55:49.846+0600][17.339s][info][gc,stats    ] Concurrent Mark Roots               592 us, parallelism: 1.53x
[2026-04-03T01:55:49.846+0600][17.339s][info][gc,stats    ]   CMR: <total>                      905 us
[2026-04-03T01:55:49.846+0600][17.339s][info][gc,stats    ]   CMR: Thread Roots                 657 us, workers (us): 278, 294,  86, ---, ---, ---, 
[2026-04-03T01:55:49.846+0600][17.339s][info][gc,stats    ]   CMR: VM Strong Roots               23 us, workers (us):  14,   8,   1, ---, ---, ---, 
[2026-04-03T01:55:49.846+0600][17.339s][info][gc,stats    ]   CMR: CLDG Roots                   225 us, workers (us): ---, ---, 225, ---, ---, ---, 
[2026-04-03T01:55:49.846+0600][17.339s][info][gc,stats    ] Concurrent Marking                54446 us
[2026-04-03T01:55:49.846+0600][17.339s][info][gc,stats    ] Pause Final Mark (G)                870 us
[2026-04-03T01:55:49.846+0600][17.339s][info][gc,stats    ] Pause Final Mark (N)                554 us
[2026-04-03T01:55:49.846+0600][17.339s][info][gc,stats    ]   Finish Mark                       325 us
[2026-04-03T01:55:49.846+0600][17.340s][info][gc,stats    ]   Update Region States               28 us
[2026-04-03T01:55:49.847+0600][17.340s][info][gc,stats    ]   Choose Collection Set              66 us
[2026-04-03T01:55:49.847+0600][17.340s][info][gc,stats    ]   Rebuild Free Set                   26 us
[2026-04-03T01:55:49.847+0600][17.340s][info][gc,stats    ] Concurrent Weak References          291 us, parallelism: 0.26x
[2026-04-03T01:55:49.847+0600][17.340s][info][gc,stats    ]   CWRF: <total>                      77 us
[2026-04-03T01:55:49.847+0600][17.340s][info][gc,stats    ]   CWRF: Weak References              77 us, workers (us):  34,  14,  29, ---, ---, ---, 
[2026-04-03T01:55:49.847+0600][17.340s][info][gc,stats    ] Concurrent Weak Roots              1487 us
[2026-04-03T01:55:49.847+0600][17.340s][info][gc,stats    ]   Roots                            1220 us, parallelism: 2.29x
[2026-04-03T01:55:49.847+0600][17.340s][info][gc,stats    ]     CWR: <total>                   2788 us
[2026-04-03T01:55:49.847+0600][17.340s][info][gc,stats    ]     CWR: Code Cache Roots          1787 us, workers (us): 628, 656, 503, ---, ---, ---, 
[2026-04-03T01:55:49.847+0600][17.340s][info][gc,stats    ]     CWR: VM Weak Roots              919 us, workers (us): 348, 298, 273, ---, ---, ---, 
[2026-04-03T01:55:49.847+0600][17.340s][info][gc,stats    ]     CWR: CLDG Roots                  81 us, workers (us): ---, ---,  81, ---, ---, ---, 
[2026-04-03T01:55:49.847+0600][17.340s][info][gc,stats    ]   Rendezvous                        210 us
[2026-04-03T01:55:49.847+0600][17.340s][info][gc,stats    ] Concurrent Cleanup                  226 us
[2026-04-03T01:55:49.847+0600][17.340s][info][gc,stats    ] Concurrent Class Unloading         3150 us
[2026-04-03T01:55:49.847+0600][17.340s][info][gc,stats    ]   Unlink Stale                     2792 us
[2026-04-03T01:55:49.847+0600][17.340s][info][gc,stats    ]     System Dictionary                59 us
[2026-04-03T01:55:49.847+0600][17.340s][info][gc,stats    ]     Weak Class Links                  0 us
[2026-04-03T01:55:49.847+0600][17.340s][info][gc,stats    ]     Code Roots                     2729 us
[2026-04-03T01:55:49.847+0600][17.340s][info][gc,stats    ]   Rendezvous                        223 us
[2026-04-03T01:55:49.847+0600][17.340s][info][gc,stats    ]   Purge Unlinked                     51 us
[2026-04-03T01:55:49.847+0600][17.340s][info][gc,stats    ]     Code Roots                       45 us
[2026-04-03T01:55:49.847+0600][17.340s][info][gc,stats    ]     CLDG                              5 us
[2026-04-03T01:55:49.847+0600][17.340s][info][gc,stats    ]     Exception Caches                  0 us
[2026-04-03T01:55:49.847+0600][17.340s][info][gc,stats    ] Pause Final Roots (G)               358 us
[2026-04-03T01:55:49.847+0600][17.340s][info][gc,stats    ] Pause Final Roots (N)                77 us
[2026-04-03T01:55:49.847+0600][17.340s][info][gc,stats    ] Pacing                            67479 us
[2026-04-03T01:55:49.847+0600][17.340s][info][gc,stats    ] 
[2026-04-03T01:55:49.847+0600][17.340s][info][gc,stats    ] Allocation pacing accrued:
[2026-04-03T01:55:49.847+0600][17.340s][info][gc,stats    ]      34 of    64 ms ( 52.4%): Executor task launch worker for task 0.0 in stage 1.0 (TID 1)
[2026-04-03T01:55:49.847+0600][17.340s][info][gc,stats    ]      34 of    64 ms ( 52.4%): Executor task launch worker for task 1.0 in stage 1.0 (TID 2)
[2026-04-03T01:55:49.847+0600][17.340s][info][gc,stats    ]      67 of    64 ms (104.8%): <total>
[2026-04-03T01:55:49.847+0600][17.340s][info][gc,stats    ]       1 of    64 ms (  1.6%): <average total>
[2026-04-03T01:55:49.847+0600][17.340s][info][gc,stats    ]      34 of    64 ms ( 52.4%): <average non-zero>
[2026-04-03T01:55:49.847+0600][17.340s][info][gc,stats    ] 
[2026-04-03T01:55:49.847+0600][17.340s][info][gc,metaspace] Metaspace: 64025K(64832K)->64025K(64832K) NonClass: 55892K(56320K)->55892K(56320K) Class: 8133K(8512K)->8133K(8512K)
[2026-04-03T01:55:49.847+0600][17.340s][info][gc,ergo     ] Pacer for Idle. Initial: 10240K, Alloc Tax Rate: 1.0x
[2026-04-03T01:55:49.885+0600][17.378s][info][gc          ] Trigger: Average GC time (207.17 ms) is above the time for average allocation rate (1022 MB/s) to deplete free headroom (186M) (margin of error = 1.92)
[2026-04-03T01:55:49.885+0600][17.378s][info][gc,ergo     ] Free headroom: 211M (free) - 25600K (spike) - 0B (penalties) = 186M
[2026-04-03T01:55:49.885+0600][17.378s][info][gc,ergo     ] Free: 211M, Max: 256K regular, 89856K humongous, Frag: 59% external, 0% internal; Reserve: 25600K, Max: 256K
[2026-04-03T01:55:49.885+0600][17.378s][info][gc,start    ] GC(21) Concurrent reset
[2026-04-03T01:55:49.885+0600][17.378s][info][gc,task     ] GC(21) Using 3 of 6 workers for concurrent reset
[2026-04-03T01:55:49.885+0600][17.378s][info][gc,ergo     ] GC(21) Pacer for Reset. Non-Taxable: 500M
[2026-04-03T01:55:49.885+0600][17.378s][info][gc          ] GC(21) Concurrent reset 0.590ms
[2026-04-03T01:55:49.886+0600][17.379s][info][gc,start    ] GC(21) Pause Init Mark (unload classes)
[2026-04-03T01:55:49.886+0600][17.379s][info][gc,task     ] GC(21) Using 6 of 6 workers for init marking
[2026-04-03T01:55:49.886+0600][17.379s][info][gc,ergo     ] GC(21) Pacer for Mark. Expected Live: 131M, Free: 210M, Non-Taxable: 21549K, Alloc Tax Rate: 0.8x
[2026-04-03T01:55:49.886+0600][17.379s][info][gc          ] GC(21) Pause Init Mark (unload classes) 0.095ms
[2026-04-03T01:55:49.886+0600][17.379s][info][gc,start    ] GC(21) Concurrent marking roots
[2026-04-03T01:55:49.886+0600][17.379s][info][gc,task     ] GC(21) Using 3 of 6 workers for concurrent marking roots
[2026-04-03T01:55:49.886+0600][17.379s][info][gc          ] GC(21) Concurrent marking roots 0.500ms
[2026-04-03T01:55:49.886+0600][17.379s][info][gc,start    ] GC(21) Concurrent marking (unload classes)
[2026-04-03T01:55:49.886+0600][17.379s][info][gc,task     ] GC(21) Using 3 of 6 workers for concurrent marking
[2026-04-03T01:55:49.940+0600][17.433s][info][gc          ] GC(21) Concurrent marking (unload classes) 53.244ms
[2026-04-03T01:55:49.940+0600][17.433s][info][gc,start    ] GC(21) Pause Final Mark (unload classes)
[2026-04-03T01:55:49.940+0600][17.433s][info][gc,task     ] GC(21) Using 6 of 6 workers for final marking
[2026-04-03T01:55:49.940+0600][17.433s][info][gc,ergo     ] GC(21) Collectable Garbage: 115M (95%), Immediate: 115M (95%), CSet: 0B (0%)
[2026-04-03T01:55:49.940+0600][17.433s][info][gc          ] GC(21) Pause Final Mark (unload classes) 0.413ms
[2026-04-03T01:55:49.940+0600][17.433s][info][gc,start    ] GC(21) Concurrent weak references
[2026-04-03T01:55:49.940+0600][17.433s][info][gc,task     ] GC(21) Using 3 of 6 workers for concurrent weak references
[2026-04-03T01:55:49.940+0600][17.433s][info][gc,ref      ] GC(21) Encountered references: Soft: 3151, Weak: 5300, Final: 74, Phantom: 595
[2026-04-03T01:55:49.940+0600][17.433s][info][gc,ref      ] GC(21) Discovered  references: Soft: 0, Weak: 286, Final: 0, Phantom: 462
[2026-04-03T01:55:49.940+0600][17.433s][info][gc,ref      ] GC(21) Enqueued    references: Soft: 0, Weak: 0, Final: 0, Phantom: 0
[2026-04-03T01:55:49.940+0600][17.433s][info][gc          ] GC(21) Concurrent weak references 0.266ms
[2026-04-03T01:55:49.940+0600][17.433s][info][gc,start    ] GC(21) Concurrent weak roots
[2026-04-03T01:55:49.940+0600][17.433s][info][gc,task     ] GC(21) Using 3 of 6 workers for concurrent weak root
[2026-04-03T01:55:49.942+0600][17.435s][info][gc          ] GC(21) Concurrent weak roots 1.631ms
[2026-04-03T01:55:49.942+0600][17.435s][info][gc,start    ] GC(21) Concurrent cleanup
[2026-04-03T01:55:49.942+0600][17.435s][info][gc          ] GC(21) Concurrent cleanup 302M->187M(500M) 0.313ms
[2026-04-03T01:55:49.942+0600][17.435s][info][gc,ergo     ] GC(21) Free: 285M, Max: 256K regular, 89856K humongous, Frag: 70% external, 0% internal; Reserve: 25600K, Max: 256K
[2026-04-03T01:55:49.942+0600][17.435s][info][gc,start    ] GC(21) Concurrent class unloading
[2026-04-03T01:55:49.942+0600][17.435s][info][gc,task     ] GC(21) Using 3 of 6 workers for concurrent class unloading
[2026-04-03T01:55:49.946+0600][17.439s][info][gc          ] GC(21) Concurrent class unloading 3.280ms
[2026-04-03T01:55:49.946+0600][17.439s][info][gc,start    ] GC(21) Pause Final Roots
[2026-04-03T01:55:49.946+0600][17.439s][info][gc          ] GC(21) Pause Final Roots 0.044ms
[2026-04-03T01:55:49.946+0600][17.439s][info][gc,ergo     ] Free: 280M, Max: 256K regular, 89856K humongous, Frag: 69% external, 0% internal; Reserve: 25600K, Max: 256K
[2026-04-03T01:55:49.946+0600][17.439s][info][gc,stats    ] 
[2026-04-03T01:55:49.946+0600][17.439s][info][gc,stats    ] All times are wall-clock times, except per-root-class counters, that are sum over
[2026-04-03T01:55:49.946+0600][17.439s][info][gc,stats    ] all workers. Dividing the <total> over the root stage time estimates parallelism.
[2026-04-03T01:55:49.946+0600][17.439s][info][gc,stats    ] 
[2026-04-03T01:55:49.946+0600][17.439s][info][gc,stats    ] Concurrent Reset                    617 us
[2026-04-03T01:55:49.946+0600][17.439s][info][gc,stats    ] Pause Init Mark (G)                 408 us
[2026-04-03T01:55:49.946+0600][17.439s][info][gc,stats    ] Pause Init Mark (N)                 103 us
[2026-04-03T01:55:49.946+0600][17.439s][info][gc,stats    ]   Update Region States               16 us
[2026-04-03T01:55:49.946+0600][17.439s][info][gc,stats    ] Concurrent Mark Roots               522 us, parallelism: 1.46x
[2026-04-03T01:55:49.946+0600][17.439s][info][gc,stats    ]   CMR: <total>                      763 us
[2026-04-03T01:55:49.946+0600][17.439s][info][gc,stats    ]   CMR: Thread Roots                 534 us, workers (us): 235,  70, 229, ---, ---, ---, 
[2026-04-03T01:55:49.946+0600][17.439s][info][gc,stats    ]   CMR: VM Strong Roots               60 us, workers (us):  50,  10,   0, ---, ---, ---, 
[2026-04-03T01:55:49.946+0600][17.439s][info][gc,stats    ]   CMR: CLDG Roots                   169 us, workers (us): ---, 169, ---, ---, ---, ---, 
[2026-04-03T01:55:49.946+0600][17.439s][info][gc,stats    ] Concurrent Marking                53302 us
[2026-04-03T01:55:49.946+0600][17.439s][info][gc,stats    ] Pause Final Mark (G)                524 us
[2026-04-03T01:55:49.946+0600][17.439s][info][gc,stats    ] Pause Final Mark (N)                421 us
[2026-04-03T01:55:49.946+0600][17.439s][info][gc,stats    ]   Finish Mark                       267 us
[2026-04-03T01:55:49.946+0600][17.439s][info][gc,stats    ]   Update Region States               20 us
[2026-04-03T01:55:49.946+0600][17.439s][info][gc,stats    ]   Choose Collection Set              38 us
[2026-04-03T01:55:49.946+0600][17.439s][info][gc,stats    ]   Rebuild Free Set                   19 us
[2026-04-03T01:55:49.946+0600][17.439s][info][gc,stats    ] Concurrent Weak References          274 us, parallelism: 0.29x
[2026-04-03T01:55:49.946+0600][17.439s][info][gc,stats    ]   CWRF: <total>                      79 us
[2026-04-03T01:55:49.946+0600][17.439s][info][gc,stats    ]   CWRF: Weak References              79 us, workers (us):  79,   0,   0, ---, ---, ---, 
[2026-04-03T01:55:49.946+0600][17.439s][info][gc,stats    ] Concurrent Weak Roots              1671 us
[2026-04-03T01:55:49.946+0600][17.439s][info][gc,stats    ]   Roots                            1460 us, parallelism: 2.27x
[2026-04-03T01:55:49.946+0600][17.439s][info][gc,stats    ]     CWR: <total>                   3320 us
[2026-04-03T01:55:49.946+0600][17.439s][info][gc,stats    ]     CWR: Code Cache Roots          2280 us, workers (us): 719, 721, 840, ---, ---, ---, 
[2026-04-03T01:55:49.946+0600][17.439s][info][gc,stats    ]     CWR: VM Weak Roots              999 us, workers (us): 360, 351, 288, ---, ---, ---, 
[2026-04-03T01:55:49.946+0600][17.439s][info][gc,stats    ]     CWR: CLDG Roots                  41 us, workers (us):  41, ---, ---, ---, ---, ---, 
[2026-04-03T01:55:49.946+0600][17.439s][info][gc,stats    ]   Rendezvous                        125 us
[2026-04-03T01:55:49.946+0600][17.439s][info][gc,stats    ] Concurrent Cleanup                  323 us
[2026-04-03T01:55:49.946+0600][17.439s][info][gc,stats    ] Concurrent Class Unloading         3328 us
[2026-04-03T01:55:49.946+0600][17.439s][info][gc,stats    ]   Unlink Stale                     3004 us
[2026-04-03T01:55:49.946+0600][17.439s][info][gc,stats    ]     System Dictionary                46 us
[2026-04-03T01:55:49.946+0600][17.439s][info][gc,stats    ]     Weak Class Links                  0 us
[2026-04-03T01:55:49.946+0600][17.439s][info][gc,stats    ]     Code Roots                     2957 us
[2026-04-03T01:55:49.946+0600][17.439s][info][gc,stats    ]   Rendezvous                        250 us
[2026-04-03T01:55:49.946+0600][17.439s][info][gc,stats    ]   Purge Unlinked                      9 us
[2026-04-03T01:55:49.946+0600][17.439s][info][gc,stats    ]     Code Roots                        3 us
[2026-04-03T01:55:49.946+0600][17.439s][info][gc,stats    ]     CLDG                              5 us
[2026-04-03T01:55:49.946+0600][17.439s][info][gc,stats    ]     Exception Caches                  0 us
[2026-04-03T01:55:49.946+0600][17.439s][info][gc,stats    ] Pause Final Roots (G)               344 us
[2026-04-03T01:55:49.946+0600][17.439s][info][gc,stats    ] Pause Final Roots (N)                55 us
[2026-04-03T01:55:49.946+0600][17.439s][info][gc,stats    ] Pacing                            65745 us
[2026-04-03T01:55:49.946+0600][17.439s][info][gc,stats    ] 
[2026-04-03T01:55:49.946+0600][17.439s][info][gc,stats    ] Allocation pacing accrued:
[2026-04-03T01:55:49.946+0600][17.439s][info][gc,stats    ]      33 of   100 ms ( 32.7%): Executor task launch worker for task 0.0 in stage 1.0 (TID 1)
[2026-04-03T01:55:49.946+0600][17.439s][info][gc,stats    ]      33 of   100 ms ( 33.2%): Executor task launch worker for task 1.0 in stage 1.0 (TID 2)
[2026-04-03T01:55:49.946+0600][17.439s][info][gc,stats    ]      66 of   100 ms ( 65.9%): <total>
[2026-04-03T01:55:49.946+0600][17.440s][info][gc,stats    ]       1 of   100 ms (  1.0%): <average total>
[2026-04-03T01:55:49.947+0600][17.440s][info][gc,stats    ]      33 of   100 ms ( 33.0%): <average non-zero>
[2026-04-03T01:55:49.947+0600][17.440s][info][gc,stats    ] 
[2026-04-03T01:55:49.947+0600][17.440s][info][gc,metaspace] Metaspace: 64025K(64832K)->64025K(64832K) NonClass: 55892K(56320K)->55892K(56320K) Class: 8133K(8512K)->8133K(8512K)
[2026-04-03T01:55:49.947+0600][17.440s][info][gc,ergo     ] Pacer for Idle. Initial: 10240K, Alloc Tax Rate: 1.0x
[2026-04-03T01:55:49.985+0600][17.478s][info][gc          ] Trigger: Average GC time (169.32 ms) is above the time for average allocation rate (1152 MB/s) to deplete free headroom (176M) (margin of error = 1.92)
[2026-04-03T01:55:49.985+0600][17.478s][info][gc,ergo     ] Free headroom: 201M (free) - 25600K (spike) - 0B (penalties) = 176M
[2026-04-03T01:55:49.985+0600][17.478s][info][gc,ergo     ] Free: 201M, Max: 256K regular, 89856K humongous, Frag: 57% external, 0% internal; Reserve: 25600K, Max: 256K
[2026-04-03T01:55:49.985+0600][17.478s][info][gc,start    ] GC(22) Concurrent reset
[2026-04-03T01:55:49.985+0600][17.478s][info][gc,task     ] GC(22) Using 3 of 6 workers for concurrent reset
[2026-04-03T01:55:49.985+0600][17.478s][info][gc,ergo     ] GC(22) Pacer for Reset. Non-Taxable: 500M
[2026-04-03T01:55:49.986+0600][17.479s][info][gc          ] GC(22) Concurrent reset 0.786ms
[2026-04-03T01:55:49.986+0600][17.479s][info][gc,start    ] GC(22) Pause Init Mark (unload classes)
[2026-04-03T01:55:49.986+0600][17.479s][info][gc,task     ] GC(22) Using 6 of 6 workers for init marking
[2026-04-03T01:55:49.987+0600][17.480s][info][gc,ergo     ] GC(22) Pacer for Mark. Expected Live: 137M, Free: 199M, Non-Taxable: 20474K, Alloc Tax Rate: 0.8x
[2026-04-03T01:55:49.987+0600][17.480s][info][gc          ] GC(22) Pause Init Mark (unload classes) 0.088ms
[2026-04-03T01:55:49.987+0600][17.480s][info][gc,start    ] GC(22) Concurrent marking roots
[2026-04-03T01:55:49.987+0600][17.480s][info][gc,task     ] GC(22) Using 3 of 6 workers for concurrent marking roots
[2026-04-03T01:55:49.987+0600][17.480s][info][gc          ] GC(22) Concurrent marking roots 0.607ms
[2026-04-03T01:55:49.987+0600][17.480s][info][gc,start    ] GC(22) Concurrent marking (unload classes)
[2026-04-03T01:55:49.987+0600][17.480s][info][gc,task     ] GC(22) Using 3 of 6 workers for concurrent marking
[2026-04-03T01:55:50.042+0600][17.535s][info][gc          ] GC(22) Concurrent marking (unload classes) 54.953ms
[2026-04-03T01:55:50.042+0600][17.535s][info][gc,start    ] GC(22) Pause Final Mark (unload classes)
[2026-04-03T01:55:50.043+0600][17.536s][info][gc,task     ] GC(22) Using 6 of 6 workers for final marking
[2026-04-03T01:55:50.043+0600][17.536s][info][gc,ergo     ] GC(22) Collectable Garbage: 126M (96%), Immediate: 126M (96%), CSet: 0B (0%)
[2026-04-03T01:55:50.043+0600][17.536s][info][gc          ] GC(22) Pause Final Mark (unload classes) 0.538ms
[2026-04-03T01:55:50.043+0600][17.536s][info][gc,start    ] GC(22) Concurrent weak references
[2026-04-03T01:55:50.043+0600][17.536s][info][gc,task     ] GC(22) Using 3 of 6 workers for concurrent weak references
[2026-04-03T01:55:50.044+0600][17.537s][info][gc,ref      ] GC(22) Encountered references: Soft: 3151, Weak: 5300, Final: 74, Phantom: 595
[2026-04-03T01:55:50.044+0600][17.537s][info][gc,ref      ] GC(22) Discovered  references: Soft: 0, Weak: 2013, Final: 0, Phantom: 592
[2026-04-03T01:55:50.044+0600][17.537s][info][gc,ref      ] GC(22) Enqueued    references: Soft: 0, Weak: 0, Final: 0, Phantom: 0
[2026-04-03T01:55:50.044+0600][17.537s][info][gc          ] GC(22) Concurrent weak references 0.457ms
[2026-04-03T01:55:50.044+0600][17.537s][info][gc,start    ] GC(22) Concurrent weak roots
[2026-04-03T01:55:50.044+0600][17.537s][info][gc,task     ] GC(22) Using 3 of 6 workers for concurrent weak root
[2026-04-03T01:55:50.045+0600][17.538s][info][gc          ] GC(22) Concurrent weak roots 1.574ms
[2026-04-03T01:55:50.045+0600][17.538s][info][gc,start    ] GC(22) Concurrent cleanup
[2026-04-03T01:55:50.046+0600][17.539s][info][gc          ] GC(22) Concurrent cleanup 309M->184M(500M) 0.319ms
[2026-04-03T01:55:50.046+0600][17.539s][info][gc,ergo     ] GC(22) Free: 288M, Max: 256K regular, 89856K humongous, Frag: 70% external, 0% internal; Reserve: 25600K, Max: 256K
[2026-04-03T01:55:50.046+0600][17.539s][info][gc,start    ] GC(22) Concurrent class unloading
[2026-04-03T01:55:50.046+0600][17.539s][info][gc,task     ] GC(22) Using 3 of 6 workers for concurrent class unloading
[2026-04-03T01:55:50.049+0600][17.542s][info][gc          ] GC(22) Concurrent class unloading 3.108ms
[2026-04-03T01:55:50.049+0600][17.542s][info][gc,start    ] GC(22) Pause Final Roots
[2026-04-03T01:55:50.049+0600][17.542s][info][gc          ] GC(22) Pause Final Roots 0.064ms
[2026-04-03T01:55:50.049+0600][17.542s][info][gc,ergo     ] Free: 283M, Max: 256K regular, 89856K humongous, Frag: 69% external, 0% internal; Reserve: 25600K, Max: 256K
[2026-04-03T01:55:50.049+0600][17.542s][info][gc,stats    ] 
[2026-04-03T01:55:50.049+0600][17.542s][info][gc,stats    ] All times are wall-clock times, except per-root-class counters, that are sum over
[2026-04-03T01:55:50.049+0600][17.542s][info][gc,stats    ] all workers. Dividing the <total> over the root stage time estimates parallelism.
[2026-04-03T01:55:50.049+0600][17.542s][info][gc,stats    ] 
[2026-04-03T01:55:50.049+0600][17.542s][info][gc,stats    ] Concurrent Reset                    821 us
[2026-04-03T01:55:50.049+0600][17.542s][info][gc,stats    ] Pause Init Mark (G)                 433 us
[2026-04-03T01:55:50.049+0600][17.542s][info][gc,stats    ] Pause Init Mark (N)                  95 us
[2026-04-03T01:55:50.049+0600][17.542s][info][gc,stats    ]   Update Region States               14 us
[2026-04-03T01:55:50.049+0600][17.542s][info][gc,stats    ] Concurrent Mark Roots               642 us, parallelism: 1.32x
[2026-04-03T01:55:50.049+0600][17.542s][info][gc,stats    ]   CMR: <total>                      846 us
[2026-04-03T01:55:50.049+0600][17.542s][info][gc,stats    ]   CMR: Thread Roots                 609 us, workers (us):  73, 293, 242, ---, ---, ---, 
[2026-04-03T01:55:50.049+0600][17.542s][info][gc,stats    ]   CMR: VM Strong Roots               21 us, workers (us):  15,   5,   0, ---, ---, ---, 
[2026-04-03T01:55:50.049+0600][17.542s][info][gc,stats    ]   CMR: CLDG Roots                   216 us, workers (us): 216, ---, ---, ---, ---, ---, 
[2026-04-03T01:55:50.049+0600][17.542s][info][gc,stats    ] Concurrent Marking                55011 us
[2026-04-03T01:55:50.049+0600][17.542s][info][gc,stats    ] Pause Final Mark (G)                805 us
[2026-04-03T01:55:50.049+0600][17.542s][info][gc,stats    ] Pause Final Mark (N)                550 us
[2026-04-03T01:55:50.049+0600][17.542s][info][gc,stats    ]   Finish Mark                       377 us
[2026-04-03T01:55:50.049+0600][17.542s][info][gc,stats    ]   Update Region States               25 us
[2026-04-03T01:55:50.049+0600][17.542s][info][gc,stats    ]   Choose Collection Set              63 us
[2026-04-03T01:55:50.049+0600][17.542s][info][gc,stats    ]   Rebuild Free Set                   23 us
[2026-04-03T01:55:50.049+0600][17.542s][info][gc,stats    ] Concurrent Weak References          466 us, parallelism: 0.73x
[2026-04-03T01:55:50.049+0600][17.542s][info][gc,stats    ]   CWRF: <total>                     339 us
[2026-04-03T01:55:50.049+0600][17.542s][info][gc,stats    ]   CWRF: Weak References             339 us, workers (us): 248,  43,  48, ---, ---, ---, 
[2026-04-03T01:55:50.049+0600][17.542s][info][gc,stats    ] Concurrent Weak Roots              1616 us
[2026-04-03T01:55:50.049+0600][17.542s][info][gc,stats    ]   Roots                            1364 us, parallelism: 2.12x
[2026-04-03T01:55:50.049+0600][17.542s][info][gc,stats    ]     CWR: <total>                   2897 us
[2026-04-03T01:55:50.049+0600][17.542s][info][gc,stats    ]     CWR: Code Cache Roots          2057 us, workers (us): 728, 743, 586, ---, ---, ---, 
[2026-04-03T01:55:50.049+0600][17.542s][info][gc,stats    ]     CWR: VM Weak Roots              799 us, workers (us): 272, 270, 257, ---, ---, ---, 
[2026-04-03T01:55:50.049+0600][17.542s][info][gc,stats    ]     CWR: CLDG Roots                  41 us, workers (us): ---, ---,  41, ---, ---, ---, 
[2026-04-03T01:55:50.049+0600][17.542s][info][gc,stats    ]   Rendezvous                        193 us
[2026-04-03T01:55:50.049+0600][17.542s][info][gc,stats    ] Concurrent Cleanup                  330 us
[2026-04-03T01:55:50.049+0600][17.542s][info][gc,stats    ] Concurrent Class Unloading         3197 us
[2026-04-03T01:55:50.049+0600][17.543s][info][gc,stats    ]   Unlink Stale                     2927 us
[2026-04-03T01:55:50.050+0600][17.543s][info][gc,stats    ]     System Dictionary                49 us
[2026-04-03T01:55:50.050+0600][17.543s][info][gc,stats    ]     Weak Class Links                  0 us
[2026-04-03T01:55:50.050+0600][17.543s][info][gc,stats    ]     Code Roots                     2875 us
[2026-04-03T01:55:50.050+0600][17.543s][info][gc,stats    ]   Rendezvous                        153 us
[2026-04-03T01:55:50.050+0600][17.543s][info][gc,stats    ]   Purge Unlinked                      8 us
[2026-04-03T01:55:50.050+0600][17.543s][info][gc,stats    ]     Code Roots                        3 us
[2026-04-03T01:55:50.050+0600][17.543s][info][gc,stats    ]     CLDG                              5 us
[2026-04-03T01:55:50.050+0600][17.543s][info][gc,stats    ]     Exception Caches                  0 us
[2026-04-03T01:55:50.050+0600][17.543s][info][gc,stats    ] Pause Final Roots (G)               332 us
[2026-04-03T01:55:50.050+0600][17.543s][info][gc,stats    ] Pause Final Roots (N)                76 us
[2026-04-03T01:55:50.050+0600][17.543s][info][gc,stats    ] Pacing                            71043 us
[2026-04-03T01:55:50.050+0600][17.543s][info][gc,stats    ] 
[2026-04-03T01:55:50.050+0600][17.543s][info][gc,stats    ] Allocation pacing accrued:
[2026-04-03T01:55:50.050+0600][17.543s][info][gc,stats    ]      34 of   103 ms ( 33.0%): Executor task launch worker for task 0.0 in stage 1.0 (TID 1)
[2026-04-03T01:55:50.050+0600][17.543s][info][gc,stats    ]      37 of   103 ms ( 35.9%): Executor task launch worker for task 1.0 in stage 1.0 (TID 2)
[2026-04-03T01:55:50.050+0600][17.543s][info][gc,stats    ]      71 of   103 ms ( 68.9%): <total>
[2026-04-03T01:55:50.050+0600][17.543s][info][gc,stats    ]       1 of   103 ms (  1.1%): <average total>
[2026-04-03T01:55:50.050+0600][17.543s][info][gc,stats    ]      36 of   103 ms ( 34.4%): <average non-zero>
[2026-04-03T01:55:50.050+0600][17.543s][info][gc,stats    ] 
[2026-04-03T01:55:50.050+0600][17.543s][info][gc,metaspace] Metaspace: 64025K(64832K)->64025K(64832K) NonClass: 55892K(56320K)->55892K(56320K) Class: 8133K(8512K)->8133K(8512K)
[2026-04-03T01:55:50.050+0600][17.543s][info][gc,ergo     ] Pacer for Idle. Initial: 10240K, Alloc Tax Rate: 1.0x
[2026-04-03T01:55:50.097+0600][17.590s][info][gc          ] Trigger: Average GC time (137.58 ms) is above the time for average allocation rate (1180 MB/s) to deplete free headroom (161M) (margin of error = 1.92)
[2026-04-03T01:55:50.097+0600][17.590s][info][gc,ergo     ] Free headroom: 186M (free) - 25600K (spike) - 0B (penalties) = 161M
[2026-04-03T01:55:50.097+0600][17.590s][info][gc,ergo     ] Free: 186M, Max: 256K regular, 89856K humongous, Frag: 53% external, 0% internal; Reserve: 25600K, Max: 256K
[2026-04-03T01:55:50.097+0600][17.590s][info][gc,start    ] GC(23) Concurrent reset
[2026-04-03T01:55:50.097+0600][17.590s][info][gc,task     ] GC(23) Using 3 of 6 workers for concurrent reset
[2026-04-03T01:55:50.097+0600][17.590s][info][gc,ergo     ] GC(23) Pacer for Reset. Non-Taxable: 500M
[2026-04-03T01:55:50.098+0600][17.591s][info][gc          ] GC(23) Concurrent reset 0.619ms
[2026-04-03T01:55:50.098+0600][17.591s][info][gc,start    ] GC(23) Pause Init Mark (unload classes)
[2026-04-03T01:55:50.098+0600][17.591s][info][gc,task     ] GC(23) Using 6 of 6 workers for init marking
[2026-04-03T01:55:50.098+0600][17.591s][info][gc,ergo     ] GC(23) Pacer for Mark. Expected Live: 141M, Free: 185M, Non-Taxable: 18989K, Alloc Tax Rate: 0.9x
[2026-04-03T01:55:50.098+0600][17.591s][info][gc          ] GC(23) Pause Init Mark (unload classes) 0.103ms
[2026-04-03T01:55:50.099+0600][17.592s][info][gc,start    ] GC(23) Concurrent marking roots
[2026-04-03T01:55:50.099+0600][17.592s][info][gc,task     ] GC(23) Using 3 of 6 workers for concurrent marking roots
[2026-04-03T01:55:50.099+0600][17.592s][info][gc          ] GC(23) Concurrent marking roots 0.577ms
[2026-04-03T01:55:50.099+0600][17.592s][info][gc,start    ] GC(23) Concurrent marking (unload classes)
[2026-04-03T01:55:50.099+0600][17.592s][info][gc,task     ] GC(23) Using 3 of 6 workers for concurrent marking
[2026-04-03T01:55:50.154+0600][17.647s][info][gc          ] GC(23) Concurrent marking (unload classes) 55.028ms
[2026-04-03T01:55:50.154+0600][17.647s][info][gc,start    ] GC(23) Pause Final Mark (unload classes)
[2026-04-03T01:55:50.154+0600][17.647s][info][gc,task     ] GC(23) Using 6 of 6 workers for final marking
[2026-04-03T01:55:50.155+0600][17.648s][info][gc,ergo     ] GC(23) Collectable Garbage: 140M (96%), Immediate: 140M (96%), CSet: 0B (0%)
[2026-04-03T01:55:50.155+0600][17.648s][info][gc          ] GC(23) Pause Final Mark (unload classes) 0.467ms
[2026-04-03T01:55:50.155+0600][17.648s][info][gc,start    ] GC(23) Concurrent weak references
[2026-04-03T01:55:50.155+0600][17.648s][info][gc,task     ] GC(23) Using 3 of 6 workers for concurrent weak references
[2026-04-03T01:55:50.155+0600][17.648s][info][gc,ref      ] GC(23) Encountered references: Soft: 3151, Weak: 5300, Final: 74, Phantom: 595
[2026-04-03T01:55:50.155+0600][17.648s][info][gc,ref      ] GC(23) Discovered  references: Soft: 0, Weak: 1031, Final: 0, Phantom: 592
[2026-04-03T01:55:50.155+0600][17.648s][info][gc,ref      ] GC(23) Enqueued    references: Soft: 0, Weak: 0, Final: 0, Phantom: 0
[2026-04-03T01:55:50.155+0600][17.648s][info][gc          ] GC(23) Concurrent weak references 0.378ms
[2026-04-03T01:55:50.155+0600][17.648s][info][gc,start    ] GC(23) Concurrent weak roots
[2026-04-03T01:55:50.155+0600][17.648s][info][gc,task     ] GC(23) Using 3 of 6 workers for concurrent weak root
[2026-04-03T01:55:50.157+0600][17.650s][info][gc          ] GC(23) Concurrent weak roots 1.483ms
[2026-04-03T01:55:50.157+0600][17.650s][info][gc,start    ] GC(23) Concurrent cleanup
[2026-04-03T01:55:50.157+0600][17.650s][info][gc          ] GC(23) Concurrent cleanup 320M->180M(500M) 0.205ms
[2026-04-03T01:55:50.157+0600][17.650s][info][gc,ergo     ] GC(23) Free: 293M, Max: 256K regular, 89856K humongous, Frag: 71% external, 0% internal; Reserve: 25600K, Max: 256K
[2026-04-03T01:55:50.157+0600][17.650s][info][gc,start    ] GC(23) Concurrent class unloading
[2026-04-03T01:55:50.157+0600][17.650s][info][gc,task     ] GC(23) Using 3 of 6 workers for concurrent class unloading
[2026-04-03T01:55:50.160+0600][17.653s][info][gc          ] GC(23) Concurrent class unloading 3.262ms
[2026-04-03T01:55:50.161+0600][17.654s][info][gc,start    ] GC(23) Pause Final Roots
[2026-04-03T01:55:50.161+0600][17.654s][info][gc          ] GC(23) Pause Final Roots 0.057ms
[2026-04-03T01:55:50.161+0600][17.654s][info][gc,ergo     ] Free: 287M, Max: 256K regular, 89856K humongous, Frag: 70% external, 0% internal; Reserve: 25600K, Max: 256K
[2026-04-03T01:55:50.161+0600][17.654s][info][gc,stats    ] 
[2026-04-03T01:55:50.161+0600][17.654s][info][gc,stats    ] All times are wall-clock times, except per-root-class counters, that are sum over
[2026-04-03T01:55:50.161+0600][17.654s][info][gc,stats    ] all workers. Dividing the <total> over the root stage time estimates parallelism.
[2026-04-03T01:55:50.161+0600][17.654s][info][gc,stats    ] 
[2026-04-03T01:55:50.161+0600][17.654s][info][gc,stats    ] Concurrent Reset                    660 us
[2026-04-03T01:55:50.161+0600][17.654s][info][gc,stats    ] Pause Init Mark (G)                 461 us
[2026-04-03T01:55:50.161+0600][17.654s][info][gc,stats    ] Pause Init Mark (N)                 111 us
[2026-04-03T01:55:50.161+0600][17.654s][info][gc,stats    ]   Update Region States               20 us
[2026-04-03T01:55:50.161+0600][17.654s][info][gc,stats    ] Concurrent Mark Roots               607 us, parallelism: 1.33x
[2026-04-03T01:55:50.161+0600][17.654s][info][gc,stats    ]   CMR: <total>                      804 us
[2026-04-03T01:55:50.161+0600][17.654s][info][gc,stats    ]   CMR: Thread Roots                 584 us, workers (us):  81, 282, 222, ---, ---, ---, 
[2026-04-03T01:55:50.161+0600][17.654s][info][gc,stats    ]   CMR: VM Strong Roots               19 us, workers (us):  18,   1,   0, ---, ---, ---, 
[2026-04-03T01:55:50.161+0600][17.654s][info][gc,stats    ]   CMR: CLDG Roots                   200 us, workers (us): 200, ---, ---, ---, ---, ---, 
[2026-04-03T01:55:50.161+0600][17.654s][info][gc,stats    ] Concurrent Marking                55097 us
[2026-04-03T01:55:50.161+0600][17.654s][info][gc,stats    ] Pause Final Mark (G)                665 us
[2026-04-03T01:55:50.161+0600][17.654s][info][gc,stats    ] Pause Final Mark (N)                476 us
[2026-04-03T01:55:50.161+0600][17.654s][info][gc,stats    ]   Finish Mark                       298 us
[2026-04-03T01:55:50.161+0600][17.654s][info][gc,stats    ]   Update Region States               34 us
[2026-04-03T01:55:50.161+0600][17.654s][info][gc,stats    ]   Choose Collection Set              42 us
[2026-04-03T01:55:50.161+0600][17.654s][info][gc,stats    ]   Rebuild Free Set                   19 us
[2026-04-03T01:55:50.161+0600][17.654s][info][gc,stats    ] Concurrent Weak References          389 us, parallelism: 0.52x
[2026-04-03T01:55:50.161+0600][17.654s][info][gc,stats    ]   CWRF: <total>                     203 us
[2026-04-03T01:55:50.161+0600][17.654s][info][gc,stats    ]   CWRF: Weak References             203 us, workers (us): 128,  71,   5, ---, ---, ---, 
[2026-04-03T01:55:50.161+0600][17.654s][info][gc,stats    ] Concurrent Weak Roots              1528 us
[2026-04-03T01:55:50.161+0600][17.654s][info][gc,stats    ]   Roots                            1267 us, parallelism: 2.30x
[2026-04-03T01:55:50.161+0600][17.654s][info][gc,stats    ]     CWR: <total>                   2915 us
[2026-04-03T01:55:50.161+0600][17.654s][info][gc,stats    ]     CWR: Code Cache Roots          1967 us, workers (us): 752, 592, 624, ---, ---, ---, 
[2026-04-03T01:55:50.161+0600][17.654s][info][gc,stats    ]     CWR: VM Weak Roots              858 us, workers (us): 320, 308, 231, ---, ---, ---, 
[2026-04-03T01:55:50.161+0600][17.654s][info][gc,stats    ]     CWR: CLDG Roots                  89 us, workers (us): ---,  89, ---, ---, ---, ---, 
[2026-04-03T01:55:50.161+0600][17.654s][info][gc,stats    ]   Rendezvous                        192 us
[2026-04-03T01:55:50.161+0600][17.654s][info][gc,stats    ] Concurrent Cleanup                  220 us
[2026-04-03T01:55:50.161+0600][17.654s][info][gc,stats    ] Concurrent Class Unloading         3317 us
[2026-04-03T01:55:50.161+0600][17.654s][info][gc,stats    ]   Unlink Stale                     3003 us
[2026-04-03T01:55:50.161+0600][17.654s][info][gc,stats    ]     System Dictionary                70 us
[2026-04-03T01:55:50.161+0600][17.654s][info][gc,stats    ]     Weak Class Links                  0 us
[2026-04-03T01:55:50.161+0600][17.654s][info][gc,stats    ]     Code Roots                     2930 us
[2026-04-03T01:55:50.161+0600][17.654s][info][gc,stats    ]   Rendezvous                        226 us
[2026-04-03T01:55:50.161+0600][17.654s][info][gc,stats    ]   Purge Unlinked                      9 us
[2026-04-03T01:55:50.161+0600][17.654s][info][gc,stats    ]     Code Roots                        3 us
[2026-04-03T01:55:50.161+0600][17.654s][info][gc,stats    ]     CLDG                              6 us
[2026-04-03T01:55:50.161+0600][17.654s][info][gc,stats    ]     Exception Caches                  0 us
[2026-04-03T01:55:50.161+0600][17.654s][info][gc,stats    ] Pause Final Roots (G)               312 us
[2026-04-03T01:55:50.161+0600][17.654s][info][gc,stats    ] Pause Final Roots (N)                68 us
[2026-04-03T01:55:50.161+0600][17.654s][info][gc,stats    ] Pacing                            74708 us
[2026-04-03T01:55:50.161+0600][17.654s][info][gc,stats    ] 
[2026-04-03T01:55:50.161+0600][17.654s][info][gc,stats    ] Allocation pacing accrued:
[2026-04-03T01:55:50.161+0600][17.654s][info][gc,stats    ]      37 of   112 ms ( 33.5%): Executor task launch worker for task 0.0 in stage 1.0 (TID 1)
[2026-04-03T01:55:50.161+0600][17.654s][info][gc,stats    ]      37 of   112 ms ( 33.5%): Executor task launch worker for task 1.0 in stage 1.0 (TID 2)
[2026-04-03T01:55:50.161+0600][17.654s][info][gc,stats    ]      75 of   112 ms ( 66.9%): <total>
[2026-04-03T01:55:50.161+0600][17.654s][info][gc,stats    ]       1 of   112 ms (  1.0%): <average total>
[2026-04-03T01:55:50.161+0600][17.654s][info][gc,stats    ]      37 of   112 ms ( 33.5%): <average non-zero>
[2026-04-03T01:55:50.161+0600][17.654s][info][gc,stats    ] 
[2026-04-03T01:55:50.161+0600][17.654s][info][gc,metaspace] Metaspace: 64032K(64832K)->64032K(64832K) NonClass: 55898K(56320K)->55898K(56320K) Class: 8133K(8512K)->8133K(8512K)
[2026-04-03T01:55:50.161+0600][17.654s][info][gc,ergo     ] Pacer for Idle. Initial: 10240K, Alloc Tax Rate: 1.0x
[2026-04-03T01:55:50.223+0600][17.716s][info][gc          ] Trigger: Average GC time (114.64 ms) is above the time for average allocation rate (1167 MB/s) to deplete free headroom (131M) (margin of error = 1.91)
[2026-04-03T01:55:50.223+0600][17.716s][info][gc,ergo     ] Free headroom: 156M (free) - 25600K (spike) - 0B (penalties) = 131M
[2026-04-03T01:55:50.223+0600][17.716s][info][gc,ergo     ] Free: 156M, Max: 256K regular, 89856K humongous, Frag: 44% external, 0% internal; Reserve: 25600K, Max: 256K
[2026-04-03T01:55:50.223+0600][17.716s][info][gc,start    ] GC(24) Concurrent reset
[2026-04-03T01:55:50.223+0600][17.716s][info][gc,task     ] GC(24) Using 3 of 6 workers for concurrent reset
[2026-04-03T01:55:50.223+0600][17.716s][info][gc,ergo     ] GC(24) Pacer for Reset. Non-Taxable: 500M
[2026-04-03T01:55:50.224+0600][17.717s][info][gc          ] GC(24) Concurrent reset 0.604ms
[2026-04-03T01:55:50.224+0600][17.717s][info][gc,start    ] GC(24) Pause Init Mark (unload classes)
[2026-04-03T01:55:50.224+0600][17.717s][info][gc,task     ] GC(24) Using 6 of 6 workers for init marking
[2026-04-03T01:55:50.224+0600][17.717s][info][gc,ergo     ] GC(24) Pacer for Mark. Expected Live: 142M, Free: 155M, Non-Taxable: 15891K, Alloc Tax Rate: 1.1x
[2026-04-03T01:55:50.224+0600][17.717s][info][gc          ] GC(24) Pause Init Mark (unload classes) 0.119ms
[2026-04-03T01:55:50.224+0600][17.717s][info][gc,start    ] GC(24) Concurrent marking roots
[2026-04-03T01:55:50.224+0600][17.717s][info][gc,task     ] GC(24) Using 3 of 6 workers for concurrent marking roots
[2026-04-03T01:55:50.225+0600][17.718s][info][gc          ] GC(24) Concurrent marking roots 0.561ms
[2026-04-03T01:55:50.225+0600][17.718s][info][gc,start    ] GC(24) Concurrent marking (unload classes)
[2026-04-03T01:55:50.225+0600][17.718s][info][gc,task     ] GC(24) Using 3 of 6 workers for concurrent marking
[2026-04-03T01:55:50.262+0600][17.755s][info][gc          ] GC(24) Concurrent marking (unload classes) 37.170ms
[2026-04-03T01:55:50.262+0600][17.755s][info][gc,start    ] GC(24) Pause Final Mark (unload classes)
[2026-04-03T01:55:50.262+0600][17.755s][info][gc,task     ] GC(24) Using 6 of 6 workers for final marking
[2026-04-03T01:55:50.263+0600][17.756s][info][gc,ergo     ] GC(24) Adaptive CSet Selection. Target Free: 72533K, Actual Free: 352M, Max CSet: 21333K, Min Garbage: 0B
[2026-04-03T01:55:50.263+0600][17.756s][info][gc,ergo     ] GC(24) Collectable Garbage: 214M (98%), Immediate: 196M (90%), CSet: 18329K (8%)
[2026-04-03T01:55:50.263+0600][17.756s][info][gc,ergo     ] GC(24) Pacer for Evacuation. Used CSet: 21760K, Free: 327M, Non-Taxable: 33555K, Alloc Tax Rate: 1.1x
[2026-04-03T01:55:50.263+0600][17.756s][info][gc          ] GC(24) Pause Final Mark (unload classes) 0.465ms
[2026-04-03T01:55:50.263+0600][17.756s][info][gc,start    ] GC(24) Concurrent thread roots
[2026-04-03T01:55:50.263+0600][17.756s][info][gc,task     ] GC(24) Using 3 of 6 workers for Concurrent thread roots
[2026-04-03T01:55:50.263+0600][17.756s][info][gc          ] GC(24) Concurrent thread roots 0.515ms
[2026-04-03T01:55:50.263+0600][17.756s][info][gc,start    ] GC(24) Concurrent weak references
[2026-04-03T01:55:50.263+0600][17.756s][info][gc,task     ] GC(24) Using 3 of 6 workers for concurrent weak references
[2026-04-03T01:55:50.264+0600][17.757s][info][gc,ref      ] GC(24) Encountered references: Soft: 3151, Weak: 5300, Final: 74, Phantom: 595
[2026-04-03T01:55:50.264+0600][17.757s][info][gc,ref      ] GC(24) Discovered  references: Soft: 0, Weak: 321, Final: 0, Phantom: 592
[2026-04-03T01:55:50.264+0600][17.757s][info][gc,ref      ] GC(24) Enqueued    references: Soft: 0, Weak: 0, Final: 0, Phantom: 0
[2026-04-03T01:55:50.264+0600][17.757s][info][gc          ] GC(24) Concurrent weak references 0.210ms
[2026-04-03T01:55:50.264+0600][17.757s][info][gc,start    ] GC(24) Concurrent weak roots
[2026-04-03T01:55:50.264+0600][17.757s][info][gc,task     ] GC(24) Using 3 of 6 workers for concurrent weak root
[2026-04-03T01:55:50.265+0600][17.758s][info][gc          ] GC(24) Concurrent weak roots 1.710ms
[2026-04-03T01:55:50.265+0600][17.758s][info][gc,start    ] GC(24) Concurrent cleanup
[2026-04-03T01:55:50.266+0600][17.759s][info][gc          ] GC(24) Concurrent cleanup 346M->150M(500M) 0.358ms
[2026-04-03T01:55:50.266+0600][17.759s][info][gc,ergo     ] GC(24) Free: 323M, Max: 256K regular, 111M humongous, Frag: 66% external, 0% internal; Reserve: 25537K, Max: 256K
[2026-04-03T01:55:50.266+0600][17.759s][info][gc,start    ] GC(24) Concurrent class unloading
[2026-04-03T01:55:50.266+0600][17.759s][info][gc,task     ] GC(24) Using 3 of 6 workers for concurrent class unloading
[2026-04-03T01:55:50.269+0600][17.762s][info][gc          ] GC(24) Concurrent class unloading 3.030ms
[2026-04-03T01:55:50.269+0600][17.762s][info][gc,start    ] GC(24) Concurrent strong roots
[2026-04-03T01:55:50.269+0600][17.762s][info][gc,task     ] GC(24) Using 3 of 6 workers for concurrent strong root
[2026-04-03T01:55:50.269+0600][17.762s][info][gc          ] GC(24) Concurrent strong roots 0.476ms
[2026-04-03T01:55:50.269+0600][17.762s][info][gc,start    ] GC(24) Concurrent evacuation
[2026-04-03T01:55:50.269+0600][17.762s][info][gc,task     ] GC(24) Using 3 of 6 workers for concurrent evacuation
[2026-04-03T01:55:50.271+0600][17.764s][info][gc          ] GC(24) Concurrent evacuation 1.896ms
[2026-04-03T01:55:50.272+0600][17.765s][info][gc,start    ] GC(24) Pause Init Update Refs
[2026-04-03T01:55:50.272+0600][17.765s][info][gc,ergo     ] GC(24) Pacer for Update Refs. Used: 162M, Free: 315M, Non-Taxable: 32275K, Alloc Tax Rate: 1.1x
[2026-04-03T01:55:50.272+0600][17.765s][info][gc          ] GC(24) Pause Init Update Refs 0.077ms
[2026-04-03T01:55:50.272+0600][17.765s][info][gc,start    ] GC(24) Concurrent update references
[2026-04-03T01:55:50.272+0600][17.765s][info][gc,task     ] GC(24) Using 3 of 6 workers for concurrent reference update
[2026-04-03T01:55:50.307+0600][17.800s][info][gc          ] GC(24) Concurrent update references 34.950ms
[2026-04-03T01:55:50.307+0600][17.800s][info][gc,start    ] GC(24) Concurrent update thread roots
[2026-04-03T01:55:50.307+0600][17.800s][info][gc          ] GC(24) Concurrent update thread roots 0.723ms
[2026-04-03T01:55:50.308+0600][17.801s][info][gc,start    ] GC(24) Pause Final Update Refs
[2026-04-03T01:55:50.308+0600][17.801s][info][gc,task     ] GC(24) Using 6 of 6 workers for final reference update
[2026-04-03T01:55:50.308+0600][17.801s][info][gc          ] GC(24) Pause Final Update Refs 0.141ms
[2026-04-03T01:55:50.308+0600][17.801s][info][gc,start    ] GC(24) Concurrent cleanup
[2026-04-03T01:55:50.308+0600][17.801s][info][gc          ] GC(24) Concurrent cleanup 216M->195M(500M) 0.138ms
[2026-04-03T01:55:50.308+0600][17.801s][info][gc,ergo     ] Free: 278M, Max: 256K regular, 117M humongous, Frag: 58% external, 0% internal; Reserve: 25600K, Max: 256K
[2026-04-03T01:55:50.308+0600][17.801s][info][gc,stats    ] 
[2026-04-03T01:55:50.308+0600][17.801s][info][gc,stats    ] All times are wall-clock times, except per-root-class counters, that are sum over
[2026-04-03T01:55:50.308+0600][17.801s][info][gc,stats    ] all workers. Dividing the <total> over the root stage time estimates parallelism.
[2026-04-03T01:55:50.308+0600][17.801s][info][gc,stats    ] 
[2026-04-03T01:55:50.308+0600][17.801s][info][gc,stats    ] Concurrent Reset                    656 us
[2026-04-03T01:55:50.308+0600][17.801s][info][gc,stats    ] Pause Init Mark (G)                 411 us
[2026-04-03T01:55:50.308+0600][17.801s][info][gc,stats    ] Pause Init Mark (N)                 127 us
[2026-04-03T01:55:50.308+0600][17.801s][info][gc,stats    ]   Update Region States               17 us
[2026-04-03T01:55:50.308+0600][17.801s][info][gc,stats    ] Concurrent Mark Roots               587 us, parallelism: 1.45x
[2026-04-03T01:55:50.308+0600][17.801s][info][gc,stats    ]   CMR: <total>                      851 us
[2026-04-03T01:55:50.308+0600][17.801s][info][gc,stats    ]   CMR: Thread Roots                 649 us, workers (us): 272, 273, 104, ---, ---, ---, 
[2026-04-03T01:55:50.308+0600][17.801s][info][gc,stats    ]   CMR: VM Strong Roots               33 us, workers (us):  17,  11,   5, ---, ---, ---, 
[2026-04-03T01:55:50.308+0600][17.801s][info][gc,stats    ]   CMR: CLDG Roots                   169 us, workers (us): ---, ---, 169, ---, ---, ---, 
[2026-04-03T01:55:50.308+0600][17.801s][info][gc,stats    ] Concurrent Marking                37233 us
[2026-04-03T01:55:50.308+0600][17.801s][info][gc,stats    ] Pause Final Mark (G)                756 us
[2026-04-03T01:55:50.308+0600][17.801s][info][gc,stats    ] Pause Final Mark (N)                474 us
[2026-04-03T01:55:50.308+0600][17.801s][info][gc,stats    ]   Finish Mark                       187 us
[2026-04-03T01:55:50.308+0600][17.801s][info][gc,stats    ]   Update Region States               51 us
[2026-04-03T01:55:50.308+0600][17.801s][info][gc,stats    ]   Choose Collection Set             143 us
[2026-04-03T01:55:50.308+0600][17.801s][info][gc,stats    ]   Rebuild Free Set                   20 us
[2026-04-03T01:55:50.308+0600][17.801s][info][gc,stats    ] Concurrent Thread Roots             553 us, parallelism: 1.55x
[2026-04-03T01:55:50.308+0600][17.801s][info][gc,stats    ]   CTR: <total>                      860 us
[2026-04-03T01:55:50.308+0600][17.801s][info][gc,stats    ]   CTR: Thread Roots                 860 us, workers (us): 292, 296, 272, ---, ---, ---, 
[2026-04-03T01:55:50.308+0600][17.801s][info][gc,stats    ] Concurrent Weak References          216 us, parallelism: 0.56x
[2026-04-03T01:55:50.308+0600][17.801s][info][gc,stats    ]   CWRF: <total>                     121 us
[2026-04-03T01:55:50.308+0600][17.801s][info][gc,stats    ]   CWRF: Weak References             121 us, workers (us):  27,  19,  75, ---, ---, ---, 
[2026-04-03T01:55:50.308+0600][17.801s][info][gc,stats    ] Concurrent Weak Roots              1750 us
[2026-04-03T01:55:50.308+0600][17.801s][info][gc,stats    ]   Roots                            1509 us, parallelism: 2.37x
[2026-04-03T01:55:50.308+0600][17.801s][info][gc,stats    ]     CWR: <total>                   3574 us
[2026-04-03T01:55:50.308+0600][17.801s][info][gc,stats    ]     CWR: Code Cache Roots          2201 us, workers (us): 691, 725, 785, ---, ---, ---, 
[2026-04-03T01:55:50.308+0600][17.801s][info][gc,stats    ]     CWR: VM Weak Roots             1320 us, workers (us): 445, 440, 435, ---, ---, ---, 
[2026-04-03T01:55:50.308+0600][17.801s][info][gc,stats    ]     CWR: CLDG Roots                  52 us, workers (us):  52, ---, ---, ---, ---, ---, 
[2026-04-03T01:55:50.308+0600][17.801s][info][gc,stats    ]   Rendezvous                        186 us
[2026-04-03T01:55:50.308+0600][17.801s][info][gc,stats    ] Concurrent Cleanup                  371 us
[2026-04-03T01:55:50.308+0600][17.801s][info][gc,stats    ] Concurrent Class Unloading         3079 us
[2026-04-03T01:55:50.308+0600][17.801s][info][gc,stats    ]   Unlink Stale                     2745 us
[2026-04-03T01:55:50.308+0600][17.801s][info][gc,stats    ]     System Dictionary                46 us
[2026-04-03T01:55:50.308+0600][17.801s][info][gc,stats    ]     Weak Class Links                  0 us
[2026-04-03T01:55:50.308+0600][17.801s][info][gc,stats    ]     Code Roots                     2697 us
[2026-04-03T01:55:50.308+0600][17.801s][info][gc,stats    ]   Rendezvous                        127 us
[2026-04-03T01:55:50.308+0600][17.801s][info][gc,stats    ]   Purge Unlinked                    125 us
[2026-04-03T01:55:50.308+0600][17.802s][info][gc,stats    ]     Code Roots                      120 us
[2026-04-03T01:55:50.309+0600][17.802s][info][gc,stats    ]     CLDG                              5 us
[2026-04-03T01:55:50.309+0600][17.802s][info][gc,stats    ]     Exception Caches                  0 us
[2026-04-03T01:55:50.309+0600][17.802s][info][gc,stats    ] Concurrent Strong Roots             514 us, parallelism: 0.61x
[2026-04-03T01:55:50.309+0600][17.802s][info][gc,stats    ]   CSR: <total>                      313 us
[2026-04-03T01:55:50.309+0600][17.802s][info][gc,stats    ]   CSR: VM Strong Roots               18 us, workers (us):  17,   1,   1, ---, ---, ---, 
[2026-04-03T01:55:50.309+0600][17.802s][info][gc,stats    ]   CSR: CLDG Roots                   294 us, workers (us): 294, ---, ---, ---, ---, ---, 
[2026-04-03T01:55:50.309+0600][17.802s][info][gc,stats    ] Concurrent Evacuation              1939 us
[2026-04-03T01:55:50.309+0600][17.802s][info][gc,stats    ] Pause Init Update Refs (G)          299 us
[2026-04-03T01:55:50.309+0600][17.802s][info][gc,stats    ] Pause Init Update Refs (N)           89 us
[2026-04-03T01:55:50.309+0600][17.802s][info][gc,stats    ]   Manage GCLABs                       8 us
[2026-04-03T01:55:50.309+0600][17.802s][info][gc,stats    ] Concurrent Update Refs            35016 us
[2026-04-03T01:55:50.309+0600][17.802s][info][gc,stats    ] Concurrent Update Thread Roots      764 us
[2026-04-03T01:55:50.309+0600][17.802s][info][gc,stats    ] Pause Final Update Refs (G)         514 us
[2026-04-03T01:55:50.309+0600][17.802s][info][gc,stats    ] Pause Final Update Refs (N)         262 us
[2026-04-03T01:55:50.309+0600][17.802s][info][gc,stats    ]   Update Region States               39 us
[2026-04-03T01:55:50.309+0600][17.802s][info][gc,stats    ]   Trash Collection Set                6 us
[2026-04-03T01:55:50.309+0600][17.802s][info][gc,stats    ]   Rebuild Free Set                   20 us
[2026-04-03T01:55:50.309+0600][17.802s][info][gc,stats    ] Concurrent Cleanup                  163 us
[2026-04-03T01:55:50.309+0600][17.802s][info][gc,stats    ] Pacing                            45207 us
[2026-04-03T01:55:50.309+0600][17.802s][info][gc,stats    ] 
[2026-04-03T01:55:50.309+0600][17.802s][info][gc,stats    ] Allocation pacing accrued:
[2026-04-03T01:55:50.309+0600][17.802s][info][gc,stats    ]      23 of   147 ms ( 15.3%): Executor task launch worker for task 0.0 in stage 1.0 (TID 1)
[2026-04-03T01:55:50.309+0600][17.802s][info][gc,stats    ]      23 of   147 ms ( 15.3%): Executor task launch worker for task 1.0 in stage 1.0 (TID 2)
[2026-04-03T01:55:50.309+0600][17.802s][info][gc,stats    ]      45 of   147 ms ( 30.7%): <total>
[2026-04-03T01:55:50.309+0600][17.802s][info][gc,stats    ]       1 of   147 ms (  0.5%): <average total>
[2026-04-03T01:55:50.309+0600][17.802s][info][gc,stats    ]      23 of   147 ms ( 15.3%): <average non-zero>
[2026-04-03T01:55:50.309+0600][17.802s][info][gc,stats    ] 
[2026-04-03T01:55:50.309+0600][17.802s][info][gc,metaspace] Metaspace: 64032K(64832K)->64042K(64832K) NonClass: 55898K(56320K)->55907K(56320K) Class: 8133K(8512K)->8134K(8512K)
[2026-04-03T01:55:50.309+0600][17.802s][info][gc,ergo     ] Pacer for Idle. Initial: 10240K, Alloc Tax Rate: 1.0x
[2026-04-03T01:55:50.431+0600][17.924s][info][gc          ] Trigger: Average GC time (112.52 ms) is above the time for average allocation rate (1110 MB/s) to deplete free headroom (124M) (margin of error = 1.91)
[2026-04-03T01:55:50.431+0600][17.924s][info][gc,ergo     ] Free headroom: 149M (free) - 25600K (spike) - 0B (penalties) = 124M
[2026-04-03T01:55:50.431+0600][17.924s][info][gc,ergo     ] Free: 149M, Max: 256K regular, 117M humongous, Frag: 22% external, 0% internal; Reserve: 25600K, Max: 256K
[2026-04-03T01:55:50.431+0600][17.924s][info][gc,start    ] GC(25) Concurrent reset
[2026-04-03T01:55:50.431+0600][17.924s][info][gc,task     ] GC(25) Using 3 of 6 workers for concurrent reset
[2026-04-03T01:55:50.431+0600][17.924s][info][gc,ergo     ] GC(25) Pacer for Reset. Non-Taxable: 500M
[2026-04-03T01:55:50.431+0600][17.924s][info][gc          ] GC(25) Concurrent reset 0.601ms
[2026-04-03T01:55:50.432+0600][17.925s][info][gc,start    ] GC(25) Pause Init Mark (unload classes)
[2026-04-03T01:55:50.432+0600][17.925s][info][gc,task     ] GC(25) Using 6 of 6 workers for init marking
[2026-04-03T01:55:50.432+0600][17.925s][info][gc,ergo     ] GC(25) Pacer for Mark. Expected Live: 133M, Free: 149M, Non-Taxable: 15271K, Alloc Tax Rate: 1.1x
[2026-04-03T01:55:50.432+0600][17.925s][info][gc          ] GC(25) Pause Init Mark (unload classes) 0.168ms
[2026-04-03T01:55:50.432+0600][17.925s][info][gc,start    ] GC(25) Concurrent marking roots
[2026-04-03T01:55:50.432+0600][17.925s][info][gc,task     ] GC(25) Using 3 of 6 workers for concurrent marking roots
[2026-04-03T01:55:50.433+0600][17.926s][info][gc          ] GC(25) Concurrent marking roots 0.643ms
[2026-04-03T01:55:50.433+0600][17.926s][info][gc,start    ] GC(25) Concurrent marking (unload classes)
[2026-04-03T01:55:50.433+0600][17.926s][info][gc,task     ] GC(25) Using 3 of 6 workers for concurrent marking
[2026-04-03T01:55:50.474+0600][17.967s][info][gc          ] GC(25) Concurrent marking (unload classes) 41.194ms
[2026-04-03T01:55:50.474+0600][17.967s][info][gc,start    ] GC(25) Pause Final Mark (unload classes)
[2026-04-03T01:55:50.474+0600][17.967s][info][gc,task     ] GC(25) Using 6 of 6 workers for final marking
[2026-04-03T01:55:50.474+0600][17.967s][info][gc,ergo     ] GC(25) Collectable Garbage: 216M (96%), Immediate: 216M (96%), CSet: 0B (0%)
[2026-04-03T01:55:50.474+0600][17.967s][info][gc          ] GC(25) Pause Final Mark (unload classes) 0.457ms
[2026-04-03T01:55:50.474+0600][17.968s][info][gc,start    ] GC(25) Concurrent weak references
[2026-04-03T01:55:50.475+0600][17.968s][info][gc,task     ] GC(25) Using 3 of 6 workers for concurrent weak references
[2026-04-03T01:55:50.475+0600][17.968s][info][gc,ref      ] GC(25) Encountered references: Soft: 3160, Weak: 5437, Final: 74, Phantom: 595
[2026-04-03T01:55:50.475+0600][17.968s][info][gc,ref      ] GC(25) Discovered  references: Soft: 0, Weak: 433, Final: 0, Phantom: 592
[2026-04-03T01:55:50.475+0600][17.968s][info][gc,ref      ] GC(25) Enqueued    references: Soft: 0, Weak: 55, Final: 0, Phantom: 0
[2026-04-03T01:55:50.475+0600][17.968s][info][gc          ] GC(25) Concurrent weak references 0.400ms
[2026-04-03T01:55:50.475+0600][17.968s][info][gc,start    ] GC(25) Concurrent weak roots
[2026-04-03T01:55:50.475+0600][17.968s][info][gc,task     ] GC(25) Using 3 of 6 workers for concurrent weak root
[2026-04-03T01:55:50.476+0600][17.969s][info][gc          ] GC(25) Concurrent weak roots 1.540ms
[2026-04-03T01:55:50.476+0600][17.969s][info][gc,start    ] GC(25) Concurrent cleanup
[2026-04-03T01:55:50.477+0600][17.970s][info][gc          ] GC(25) Concurrent cleanup 349M->133M(500M) 0.358ms
[2026-04-03T01:55:50.477+0600][17.970s][info][gc,ergo     ] GC(25) Free: 339M, Max: 256K regular, 114M humongous, Frag: 67% external, 0% internal; Reserve: 25600K, Max: 256K
[2026-04-03T01:55:50.477+0600][17.970s][info][gc,start    ] GC(25) Concurrent class unloading
[2026-04-03T01:55:50.477+0600][17.970s][info][gc,task     ] GC(25) Using 3 of 6 workers for concurrent class unloading
[2026-04-03T01:55:50.480+0600][17.973s][info][gc          ] GC(25) Concurrent class unloading 3.454ms
[2026-04-03T01:55:50.481+0600][17.974s][info][gc,start    ] GC(25) Pause Final Roots
[2026-04-03T01:55:50.481+0600][17.974s][info][gc          ] GC(25) Pause Final Roots 0.033ms
[2026-04-03T01:55:50.481+0600][17.974s][info][gc,ergo     ] Free: 336M, Max: 256K regular, 114M humongous, Frag: 66% external, 0% internal; Reserve: 25600K, Max: 256K
[2026-04-03T01:55:50.481+0600][17.974s][info][gc,stats    ] 
[2026-04-03T01:55:50.481+0600][17.974s][info][gc,stats    ] All times are wall-clock times, except per-root-class counters, that are sum over
[2026-04-03T01:55:50.481+0600][17.974s][info][gc,stats    ] all workers. Dividing the <total> over the root stage time estimates parallelism.
[2026-04-03T01:55:50.481+0600][17.974s][info][gc,stats    ] 
[2026-04-03T01:55:50.481+0600][17.974s][info][gc,stats    ] Concurrent Reset                    642 us
[2026-04-03T01:55:50.481+0600][17.974s][info][gc,stats    ] Pause Init Mark (G)                 566 us
[2026-04-03T01:55:50.481+0600][17.974s][info][gc,stats    ] Pause Init Mark (N)                 176 us
[2026-04-03T01:55:50.481+0600][17.974s][info][gc,stats    ]   Update Region States               32 us
[2026-04-03T01:55:50.481+0600][17.974s][info][gc,stats    ] Concurrent Mark Roots               670 us, parallelism: 1.30x
[2026-04-03T01:55:50.481+0600][17.974s][info][gc,stats    ]   CMR: <total>                      868 us
[2026-04-03T01:55:50.481+0600][17.974s][info][gc,stats    ]   CMR: Thread Roots                 607 us, workers (us):  72, 306, 229, ---, ---, ---, 
[2026-04-03T01:55:50.481+0600][17.974s][info][gc,stats    ]   CMR: VM Strong Roots               20 us, workers (us):  19,   1,   0, ---, ---, ---, 
[2026-04-03T01:55:50.481+0600][17.974s][info][gc,stats    ]   CMR: CLDG Roots                   240 us, workers (us): 240, ---, ---, ---, ---, ---, 
[2026-04-03T01:55:50.481+0600][17.974s][info][gc,stats    ] Concurrent Marking                41278 us
[2026-04-03T01:55:50.481+0600][17.974s][info][gc,stats    ] Pause Final Mark (G)                650 us
[2026-04-03T01:55:50.481+0600][17.974s][info][gc,stats    ] Pause Final Mark (N)                465 us
[2026-04-03T01:55:50.481+0600][17.974s][info][gc,stats    ]   Finish Mark                       270 us
[2026-04-03T01:55:50.481+0600][17.974s][info][gc,stats    ]   Update Region States               39 us
[2026-04-03T01:55:50.481+0600][17.974s][info][gc,stats    ]   Choose Collection Set              32 us
[2026-04-03T01:55:50.481+0600][17.974s][info][gc,stats    ]   Rebuild Free Set                   19 us
[2026-04-03T01:55:50.481+0600][17.974s][info][gc,stats    ] Concurrent Weak References          412 us, parallelism: 0.27x
[2026-04-03T01:55:50.481+0600][17.974s][info][gc,stats    ]   CWRF: <total>                     112 us
[2026-04-03T01:55:50.481+0600][17.974s][info][gc,stats    ]   CWRF: Weak References             112 us, workers (us):  41,  48,  23, ---, ---, ---, 
[2026-04-03T01:55:50.481+0600][17.974s][info][gc,stats    ] Concurrent Weak Roots              1579 us
[2026-04-03T01:55:50.481+0600][17.974s][info][gc,stats    ]   Roots                            1306 us, parallelism: 2.16x
[2026-04-03T01:55:50.481+0600][17.974s][info][gc,stats    ]     CWR: <total>                   2820 us
[2026-04-03T01:55:50.481+0600][17.974s][info][gc,stats    ]     CWR: Code Cache Roots          1960 us, workers (us): 631, 727, 602, ---, ---, ---, 
[2026-04-03T01:55:50.481+0600][17.974s][info][gc,stats    ]     CWR: VM Weak Roots              816 us, workers (us): 285, 291, 241, ---, ---, ---, 
[2026-04-03T01:55:50.481+0600][17.974s][info][gc,stats    ]     CWR: CLDG Roots                  44 us, workers (us):  44, ---, ---, ---, ---, ---, 
[2026-04-03T01:55:50.481+0600][17.974s][info][gc,stats    ]   Rendezvous                        214 us
[2026-04-03T01:55:50.481+0600][17.974s][info][gc,stats    ] Concurrent Cleanup                  368 us
[2026-04-03T01:55:50.481+0600][17.974s][info][gc,stats    ] Concurrent Class Unloading         3513 us
[2026-04-03T01:55:50.481+0600][17.974s][info][gc,stats    ]   Unlink Stale                     3076 us
[2026-04-03T01:55:50.481+0600][17.974s][info][gc,stats    ]     System Dictionary                49 us
[2026-04-03T01:55:50.481+0600][17.974s][info][gc,stats    ]     Weak Class Links                  0 us
[2026-04-03T01:55:50.481+0600][17.974s][info][gc,stats    ]     Code Roots                     3024 us
[2026-04-03T01:55:50.481+0600][17.974s][info][gc,stats    ]   Rendezvous                        237 us
[2026-04-03T01:55:50.481+0600][17.974s][info][gc,stats    ]   Purge Unlinked                    125 us
[2026-04-03T01:55:50.481+0600][17.974s][info][gc,stats    ]     Code Roots                      118 us
[2026-04-03T01:55:50.481+0600][17.974s][info][gc,stats    ]     CLDG                              7 us
[2026-04-03T01:55:50.481+0600][17.974s][info][gc,stats    ]     Exception Caches                  0 us
[2026-04-03T01:55:50.481+0600][17.974s][info][gc,stats    ] Pause Final Roots (G)               423 us
[2026-04-03T01:55:50.481+0600][17.974s][info][gc,stats    ] Pause Final Roots (N)                48 us
[2026-04-03T01:55:50.481+0600][17.974s][info][gc,stats    ] Pacing                            11305 us
[2026-04-03T01:55:50.481+0600][17.974s][info][gc,stats    ] 
[2026-04-03T01:55:50.481+0600][17.974s][info][gc,stats    ] Allocation pacing accrued:
[2026-04-03T01:55:50.481+0600][17.974s][info][gc,stats    ]      11 of   173 ms (  6.6%): Executor task launch worker for task 1.0 in stage 1.0 (TID 2)
[2026-04-03T01:55:50.481+0600][17.974s][info][gc,stats    ]      11 of   173 ms (  6.6%): <total>
[2026-04-03T01:55:50.481+0600][17.974s][info][gc,stats    ]       0 of   173 ms (  0.1%): <average total>
[2026-04-03T01:55:50.481+0600][17.974s][info][gc,stats    ]      11 of   173 ms (  6.6%): <average non-zero>
[2026-04-03T01:55:50.481+0600][17.974s][info][gc,stats    ] 
[2026-04-03T01:55:50.481+0600][17.974s][info][gc,metaspace] Metaspace: 64312K(65152K)->64312K(65152K) NonClass: 56127K(56576K)->56127K(56576K) Class: 8184K(8576K)->8184K(8576K)
[2026-04-03T01:55:50.481+0600][17.974s][info][gc,ergo     ] Pacer for Idle. Initial: 10240K, Alloc Tax Rate: 1.0x
[2026-04-03T01:55:50.629+0600][18.122s][info][gc          ] Trigger: Average GC time (99.20 ms) is above the time for average allocation rate (1042 MB/s) to deplete free headroom (103M) (margin of error = 1.90)
[2026-04-03T01:55:50.629+0600][18.122s][info][gc,ergo     ] Free headroom: 128M (free) - 25600K (spike) - 0B (penalties) = 103M
[2026-04-03T01:55:50.629+0600][18.122s][info][gc,ergo     ] Free: 127M, Max: 256K regular, 114M humongous, Frag: 11% external, 0% internal; Reserve: 25600K, Max: 256K
[2026-04-03T01:55:50.629+0600][18.122s][info][gc,start    ] GC(26) Concurrent reset
[2026-04-03T01:55:50.629+0600][18.122s][info][gc,task     ] GC(26) Using 3 of 6 workers for concurrent reset
[2026-04-03T01:55:50.629+0600][18.122s][info][gc,ergo     ] GC(26) Pacer for Reset. Non-Taxable: 500M
[2026-04-03T01:55:50.630+0600][18.123s][info][gc          ] GC(26) Concurrent reset 0.546ms
[2026-04-03T01:55:50.630+0600][18.123s][info][gc,start    ] GC(26) Pause Init Mark (unload classes)
[2026-04-03T01:55:50.630+0600][18.123s][info][gc,task     ] GC(26) Using 6 of 6 workers for init marking
[2026-04-03T01:55:50.630+0600][18.123s][info][gc,ergo     ] GC(26) Pacer for Mark. Expected Live: 125M, Free: 127M, Non-Taxable: 13018K, Alloc Tax Rate: 1.2x
[2026-04-03T01:55:50.630+0600][18.123s][info][gc          ] GC(26) Pause Init Mark (unload classes) 0.110ms
[2026-04-03T01:55:50.630+0600][18.123s][info][gc,start    ] GC(26) Concurrent marking roots
[2026-04-03T01:55:50.630+0600][18.123s][info][gc,task     ] GC(26) Using 3 of 6 workers for concurrent marking roots
[2026-04-03T01:55:50.631+0600][18.124s][info][gc          ] GC(26) Concurrent marking roots 0.581ms
[2026-04-03T01:55:50.631+0600][18.124s][info][gc,start    ] GC(26) Concurrent marking (unload classes)
[2026-04-03T01:55:50.631+0600][18.124s][info][gc,task     ] GC(26) Using 3 of 6 workers for concurrent marking
[2026-04-03T01:55:50.668+0600][18.161s][info][gc          ] GC(26) Concurrent marking (unload classes) 37.054ms
[2026-04-03T01:55:50.668+0600][18.161s][info][gc,start    ] GC(26) Pause Final Mark (unload classes)
[2026-04-03T01:55:50.668+0600][18.161s][info][gc,task     ] GC(26) Using 6 of 6 workers for final marking
[2026-04-03T01:55:50.668+0600][18.162s][info][gc,ergo     ] GC(26) Collectable Garbage: 238M (96%), Immediate: 238M (96%), CSet: 0B (0%)
[2026-04-03T01:55:50.669+0600][18.162s][info][gc          ] GC(26) Pause Final Mark (unload classes) 0.574ms
[2026-04-03T01:55:50.669+0600][18.162s][info][gc,start    ] GC(26) Concurrent weak references
[2026-04-03T01:55:50.669+0600][18.162s][info][gc,task     ] GC(26) Using 3 of 6 workers for concurrent weak references
[2026-04-03T01:55:50.669+0600][18.162s][info][gc,ref      ] GC(26) Encountered references: Soft: 3160, Weak: 5382, Final: 74, Phantom: 595
[2026-04-03T01:55:50.669+0600][18.162s][info][gc,ref      ] GC(26) Discovered  references: Soft: 0, Weak: 542, Final: 0, Phantom: 592
[2026-04-03T01:55:50.669+0600][18.162s][info][gc,ref      ] GC(26) Enqueued    references: Soft: 0, Weak: 0, Final: 0, Phantom: 0
[2026-04-03T01:55:50.669+0600][18.162s][info][gc          ] GC(26) Concurrent weak references 0.385ms
[2026-04-03T01:55:50.669+0600][18.162s][info][gc,start    ] GC(26) Concurrent weak roots
[2026-04-03T01:55:50.669+0600][18.162s][info][gc,task     ] GC(26) Using 3 of 6 workers for concurrent weak root
[2026-04-03T01:55:50.671+0600][18.164s][info][gc          ] GC(26) Concurrent weak roots 1.531ms
[2026-04-03T01:55:50.671+0600][18.164s][info][gc,start    ] GC(26) Concurrent cleanup
[2026-04-03T01:55:50.671+0600][18.164s][info][gc          ] GC(26) Concurrent cleanup 367M->129M(500M) 0.225ms
[2026-04-03T01:55:50.671+0600][18.164s][info][gc,ergo     ] GC(26) Free: 344M, Max: 256K regular, 99328K humongous, Frag: 72% external, 0% internal; Reserve: 25600K, Max: 256K
[2026-04-03T01:55:50.671+0600][18.164s][info][gc,start    ] GC(26) Concurrent class unloading
[2026-04-03T01:55:50.671+0600][18.164s][info][gc,task     ] GC(26) Using 3 of 6 workers for concurrent class unloading
[2026-04-03T01:55:50.674+0600][18.167s][info][gc          ] GC(26) Concurrent class unloading 3.107ms
[2026-04-03T01:55:50.674+0600][18.167s][info][gc,start    ] GC(26) Pause Final Roots
[2026-04-03T01:55:50.674+0600][18.167s][info][gc          ] GC(26) Pause Final Roots 0.028ms
[2026-04-03T01:55:50.674+0600][18.167s][info][gc,ergo     ] Free: 340M, Max: 256K regular, 99328K humongous, Frag: 72% external, 0% internal; Reserve: 25600K, Max: 256K
[2026-04-03T01:55:50.674+0600][18.167s][info][gc,stats    ] 
[2026-04-03T01:55:50.674+0600][18.167s][info][gc,stats    ] All times are wall-clock times, except per-root-class counters, that are sum over
[2026-04-03T01:55:50.674+0600][18.167s][info][gc,stats    ] all workers. Dividing the <total> over the root stage time estimates parallelism.
[2026-04-03T01:55:50.674+0600][18.167s][info][gc,stats    ] 
[2026-04-03T01:55:50.674+0600][18.167s][info][gc,stats    ] Concurrent Reset                    581 us
[2026-04-03T01:55:50.674+0600][18.167s][info][gc,stats    ] Pause Init Mark (G)                 423 us
[2026-04-03T01:55:50.674+0600][18.167s][info][gc,stats    ] Pause Init Mark (N)                 117 us
[2026-04-03T01:55:50.674+0600][18.168s][info][gc,stats    ]   Update Region States               16 us
[2026-04-03T01:55:50.675+0600][18.168s][info][gc,stats    ] Concurrent Mark Roots               605 us, parallelism: 1.12x
[2026-04-03T01:55:50.675+0600][18.168s][info][gc,stats    ]   CMR: <total>                      680 us
[2026-04-03T01:55:50.675+0600][18.168s][info][gc,stats    ]   CMR: Thread Roots                 496 us, workers (us):  86, 229, 180, ---, ---, ---, 
[2026-04-03T01:55:50.675+0600][18.168s][info][gc,stats    ]   CMR: VM Strong Roots               18 us, workers (us):  16,   1,   0, ---, ---, ---, 
[2026-04-03T01:55:50.675+0600][18.168s][info][gc,stats    ]   CMR: CLDG Roots                   167 us, workers (us): 167, ---, ---, ---, ---, ---, 
[2026-04-03T01:55:50.675+0600][18.168s][info][gc,stats    ] Concurrent Marking                37126 us
[2026-04-03T01:55:50.675+0600][18.168s][info][gc,stats    ] Pause Final Mark (G)                775 us
[2026-04-03T01:55:50.675+0600][18.168s][info][gc,stats    ] Pause Final Mark (N)                588 us
[2026-04-03T01:55:50.675+0600][18.168s][info][gc,stats    ]   Finish Mark                       361 us
[2026-04-03T01:55:50.675+0600][18.168s][info][gc,stats    ]   Update Region States               28 us
[2026-04-03T01:55:50.675+0600][18.168s][info][gc,stats    ]   Choose Collection Set              80 us
[2026-04-03T01:55:50.675+0600][18.168s][info][gc,stats    ]   Rebuild Free Set                   23 us
[2026-04-03T01:55:50.675+0600][18.168s][info][gc,stats    ] Concurrent Weak References          396 us, parallelism: 0.27x
[2026-04-03T01:55:50.675+0600][18.168s][info][gc,stats    ]   CWRF: <total>                     108 us
[2026-04-03T01:55:50.675+0600][18.168s][info][gc,stats    ]   CWRF: Weak References             108 us, workers (us): 107,   1,   1, ---, ---, ---, 
[2026-04-03T01:55:50.675+0600][18.168s][info][gc,stats    ] Concurrent Weak Roots              1580 us
[2026-04-03T01:55:50.675+0600][18.168s][info][gc,stats    ]   Roots                            1399 us, parallelism: 2.17x
[2026-04-03T01:55:50.675+0600][18.168s][info][gc,stats    ]     CWR: <total>                   3030 us
[2026-04-03T01:55:50.675+0600][18.168s][info][gc,stats    ]     CWR: Code Cache Roots          2112 us, workers (us): 735, 589, 788, ---, ---, ---, 
[2026-04-03T01:55:50.675+0600][18.168s][info][gc,stats    ]     CWR: VM Weak Roots              823 us, workers (us): 395, 219, 209, ---, ---, ---, 
[2026-04-03T01:55:50.675+0600][18.168s][info][gc,stats    ]     CWR: CLDG Roots                  95 us, workers (us): ---,  95, ---, ---, ---, ---, 
[2026-04-03T01:55:50.675+0600][18.168s][info][gc,stats    ]   Rendezvous                        115 us
[2026-04-03T01:55:50.675+0600][18.168s][info][gc,stats    ] Concurrent Cleanup                  242 us
[2026-04-03T01:55:50.675+0600][18.168s][info][gc,stats    ] Concurrent Class Unloading         3146 us
[2026-04-03T01:55:50.675+0600][18.168s][info][gc,stats    ]   Unlink Stale                     2977 us
[2026-04-03T01:55:50.675+0600][18.168s][info][gc,stats    ]     System Dictionary                68 us
[2026-04-03T01:55:50.675+0600][18.168s][info][gc,stats    ]     Weak Class Links                  0 us
[2026-04-03T01:55:50.675+0600][18.168s][info][gc,stats    ]     Code Roots                     2907 us
[2026-04-03T01:55:50.675+0600][18.168s][info][gc,stats    ]   Rendezvous                         97 us
[2026-04-03T01:55:50.675+0600][18.168s][info][gc,stats    ]   Purge Unlinked                      8 us
[2026-04-03T01:55:50.675+0600][18.168s][info][gc,stats    ]     Code Roots                        2 us
[2026-04-03T01:55:50.675+0600][18.168s][info][gc,stats    ]     CLDG                              5 us
[2026-04-03T01:55:50.675+0600][18.168s][info][gc,stats    ]     Exception Caches                  0 us
[2026-04-03T01:55:50.675+0600][18.168s][info][gc,stats    ] Pause Final Roots (G)               270 us
[2026-04-03T01:55:50.675+0600][18.168s][info][gc,stats    ] Pause Final Roots (N)                41 us
[2026-04-03T01:55:50.675+0600][18.168s][info][gc,stats    ] Pacing                            21418 us
[2026-04-03T01:55:50.675+0600][18.168s][info][gc,stats    ] 
[2026-04-03T01:55:50.675+0600][18.168s][info][gc,stats    ] Allocation pacing accrued:
[2026-04-03T01:55:50.675+0600][18.168s][info][gc,stats    ]      21 of   194 ms ( 11.1%): Executor task launch worker for task 1.0 in stage 1.0 (TID 2)
[2026-04-03T01:55:50.675+0600][18.168s][info][gc,stats    ]      21 of   194 ms ( 11.1%): <total>
[2026-04-03T01:55:50.675+0600][18.168s][info][gc,stats    ]       0 of   194 ms (  0.2%): <average total>
[2026-04-03T01:55:50.675+0600][18.168s][info][gc,stats    ]      21 of   194 ms ( 11.1%): <average non-zero>
[2026-04-03T01:55:50.675+0600][18.168s][info][gc,stats    ] 
[2026-04-03T01:55:50.675+0600][18.168s][info][gc,metaspace] Metaspace: 64312K(65152K)->64312K(65152K) NonClass: 56127K(56576K)->56127K(56576K) Class: 8184K(8576K)->8184K(8576K)
[2026-04-03T01:55:50.675+0600][18.168s][info][gc,ergo     ] Pacer for Idle. Initial: 10240K, Alloc Tax Rate: 1.0x
[2026-04-03T01:55:50.902+0600][18.395s][info][gc          ] Trigger: Explicit GC request (System.gc())
[2026-04-03T01:55:50.902+0600][18.395s][info][gc,ergo     ] Free: 215M, Max: 256K regular, 99328K humongous, Frag: 55% external, 0% internal; Reserve: 25600K, Max: 256K
[2026-04-03T01:55:50.902+0600][18.395s][info][gc,start    ] GC(27) Concurrent reset
[2026-04-03T01:55:50.902+0600][18.395s][info][gc,task     ] GC(27) Using 3 of 6 workers for concurrent reset
[2026-04-03T01:55:50.902+0600][18.395s][info][gc,ergo     ] GC(27) Pacer for Reset. Non-Taxable: 500M
[2026-04-03T01:55:50.903+0600][18.396s][info][gc          ] GC(27) Concurrent reset 0.663ms
[2026-04-03T01:55:50.903+0600][18.396s][info][gc,start    ] GC(27) Pause Init Mark (unload classes)
[2026-04-03T01:55:50.903+0600][18.396s][info][gc,task     ] GC(27) Using 6 of 6 workers for init marking
[2026-04-03T01:55:50.903+0600][18.396s][info][gc,ref      ] GC(27) Clearing All SoftReferences
[2026-04-03T01:55:50.903+0600][18.396s][info][gc,ergo     ] GC(27) Pacer for Mark. Expected Live: 117M, Free: 215M, Non-Taxable: 22106K, Alloc Tax Rate: 0.7x
[2026-04-03T01:55:50.903+0600][18.396s][info][gc          ] GC(27) Pause Init Mark (unload classes) 0.127ms
[2026-04-03T01:55:50.904+0600][18.397s][info][gc,start    ] GC(27) Concurrent marking roots
[2026-04-03T01:55:50.904+0600][18.397s][info][gc,task     ] GC(27) Using 3 of 6 workers for concurrent marking roots
[2026-04-03T01:55:50.904+0600][18.397s][info][gc          ] GC(27) Concurrent marking roots 0.729ms
[2026-04-03T01:55:50.904+0600][18.397s][info][gc,start    ] GC(27) Concurrent marking (unload classes)
[2026-04-03T01:55:50.904+0600][18.397s][info][gc,task     ] GC(27) Using 3 of 6 workers for concurrent marking
[2026-04-03T01:55:50.944+0600][18.437s][info][gc          ] GC(27) Concurrent marking (unload classes) 39.700ms
[2026-04-03T01:55:50.944+0600][18.437s][info][gc,start    ] GC(27) Pause Final Mark (unload classes)
[2026-04-03T01:55:50.944+0600][18.437s][info][gc,task     ] GC(27) Using 6 of 6 workers for final marking
[2026-04-03T01:55:50.945+0600][18.438s][info][gc,ergo     ] GC(27) Adaptive CSet Selection. Target Free: 72533K, Actual Free: 378M, Max CSet: 21333K, Min Garbage: 0B
[2026-04-03T01:55:50.945+0600][18.438s][info][gc,ergo     ] GC(27) Collectable Garbage: 154M (98%), Immediate: 137M (87%), CSet: 16710K (10%)
[2026-04-03T01:55:50.945+0600][18.438s][info][gc,ergo     ] GC(27) Pacer for Evacuation. Used CSet: 19671K, Free: 354M, Non-Taxable: 36336K, Alloc Tax Rate: 1.1x
[2026-04-03T01:55:50.945+0600][18.438s][info][gc          ] GC(27) Pause Final Mark (unload classes) 0.568ms
[2026-04-03T01:55:50.945+0600][18.438s][info][gc,start    ] GC(27) Concurrent thread roots
[2026-04-03T01:55:50.945+0600][18.438s][info][gc,task     ] GC(27) Using 3 of 6 workers for Concurrent thread roots
[2026-04-03T01:55:50.945+0600][18.438s][info][gc          ] GC(27) Concurrent thread roots 0.423ms
[2026-04-03T01:55:50.945+0600][18.438s][info][gc,start    ] GC(27) Concurrent weak references
[2026-04-03T01:55:50.945+0600][18.438s][info][gc,task     ] GC(27) Using 3 of 6 workers for concurrent weak references
[2026-04-03T01:55:50.946+0600][18.439s][info][gc,ref      ] GC(27) Encountered references: Soft: 3083, Weak: 5780, Final: 74, Phantom: 595
[2026-04-03T01:55:50.946+0600][18.439s][info][gc,ref      ] GC(27) Discovered  references: Soft: 761, Weak: 1220, Final: 0, Phantom: 592
[2026-04-03T01:55:50.946+0600][18.439s][info][gc,ref      ] GC(27) Enqueued    references: Soft: 383, Weak: 368, Final: 0, Phantom: 0
[2026-04-03T01:55:50.946+0600][18.439s][info][gc          ] GC(27) Concurrent weak references 0.583ms
[2026-04-03T01:55:50.946+0600][18.439s][info][gc,start    ] GC(27) Concurrent weak roots
[2026-04-03T01:55:50.946+0600][18.439s][info][gc,task     ] GC(27) Using 3 of 6 workers for concurrent weak root
[2026-04-03T01:55:50.948+0600][18.441s][info][gc          ] GC(27) Concurrent weak roots 1.638ms
[2026-04-03T01:55:50.948+0600][18.441s][info][gc,start    ] GC(27) Concurrent cleanup
[2026-04-03T01:55:50.948+0600][18.441s][info][gc          ] GC(27) Concurrent cleanup 257M->119M(500M) 0.346ms
[2026-04-03T01:55:50.948+0600][18.441s][info][gc,ergo     ] GC(27) Free: 354M, Max: 256K regular, 117M humongous, Frag: 67% external, 0% internal; Reserve: 25083K, Max: 256K
[2026-04-03T01:55:50.948+0600][18.441s][info][gc,start    ] GC(27) Concurrent class unloading
[2026-04-03T01:55:50.948+0600][18.441s][info][gc,task     ] GC(27) Using 3 of 6 workers for concurrent class unloading
[2026-04-03T01:55:50.961+0600][18.454s][info][gc          ] GC(27) Concurrent class unloading 13.004ms
[2026-04-03T01:55:50.961+0600][18.454s][info][gc,start    ] GC(27) Concurrent strong roots
[2026-04-03T01:55:50.961+0600][18.454s][info][gc,task     ] GC(27) Using 3 of 6 workers for concurrent strong root
[2026-04-03T01:55:50.962+0600][18.455s][info][gc          ] GC(27) Concurrent strong roots 0.817ms
[2026-04-03T01:55:50.962+0600][18.455s][info][gc,start    ] GC(27) Concurrent evacuation
[2026-04-03T01:55:50.962+0600][18.455s][info][gc,task     ] GC(27) Using 3 of 6 workers for concurrent evacuation
[2026-04-03T01:55:50.964+0600][18.457s][info][gc          ] GC(27) Concurrent evacuation 1.760ms
[2026-04-03T01:55:50.964+0600][18.457s][info][gc,start    ] GC(27) Pause Init Update Refs
[2026-04-03T01:55:50.964+0600][18.457s][info][gc,ergo     ] GC(27) Pacer for Update Refs. Used: 125M, Free: 352M, Non-Taxable: 36046K, Alloc Tax Rate: 1.1x
[2026-04-03T01:55:50.964+0600][18.457s][info][gc          ] GC(27) Pause Init Update Refs 0.117ms
[2026-04-03T01:55:50.964+0600][18.457s][info][gc,start    ] GC(27) Concurrent update references
[2026-04-03T01:55:50.964+0600][18.457s][info][gc,task     ] GC(27) Using 3 of 6 workers for concurrent reference update
[2026-04-03T01:55:50.996+0600][18.489s][info][gc          ] GC(27) Concurrent update references 31.971ms
[2026-04-03T01:55:50.996+0600][18.489s][info][gc,start    ] GC(27) Concurrent update thread roots
[2026-04-03T01:55:50.997+0600][18.490s][info][gc          ] GC(27) Concurrent update thread roots 0.708ms
[2026-04-03T01:55:50.997+0600][18.490s][info][gc,start    ] GC(27) Pause Final Update Refs
[2026-04-03T01:55:50.997+0600][18.490s][info][gc,task     ] GC(27) Using 6 of 6 workers for final reference update
[2026-04-03T01:55:50.997+0600][18.490s][info][gc          ] GC(27) Pause Final Update Refs 0.119ms
[2026-04-03T01:55:50.997+0600][18.490s][info][gc,start    ] GC(27) Concurrent cleanup
[2026-04-03T01:55:50.998+0600][18.491s][info][gc          ] GC(27) Concurrent cleanup 126M->107M(500M) 0.140ms
[2026-04-03T01:55:50.998+0600][18.491s][info][gc,ergo     ] Free: 366M, Max: 256K regular, 117M humongous, Frag: 68% external, 0% internal; Reserve: 25600K, Max: 256K
[2026-04-03T01:55:50.998+0600][18.491s][info][gc,stats    ] 
[2026-04-03T01:55:50.998+0600][18.491s][info][gc,stats    ] All times are wall-clock times, except per-root-class counters, that are sum over
[2026-04-03T01:55:50.998+0600][18.491s][info][gc,stats    ] all workers. Dividing the <total> over the root stage time estimates parallelism.
[2026-04-03T01:55:50.998+0600][18.491s][info][gc,stats    ] 
[2026-04-03T01:55:50.998+0600][18.491s][info][gc,stats    ] Concurrent Reset                    709 us
[2026-04-03T01:55:50.998+0600][18.491s][info][gc,stats    ] Pause Init Mark (G)                 523 us
[2026-04-03T01:55:50.998+0600][18.491s][info][gc,stats    ] Pause Init Mark (N)                 138 us
[2026-04-03T01:55:50.998+0600][18.491s][info][gc,stats    ]   Update Region States               24 us
[2026-04-03T01:55:50.998+0600][18.491s][info][gc,stats    ] Concurrent Mark Roots               773 us, parallelism: 1.15x
[2026-04-03T01:55:50.998+0600][18.491s][info][gc,stats    ]   CMR: <total>                      890 us
[2026-04-03T01:55:50.998+0600][18.491s][info][gc,stats    ]   CMR: Thread Roots                 649 us, workers (us):  83, 283, 283, ---, ---, ---, 
[2026-04-03T01:55:50.998+0600][18.491s][info][gc,stats    ]   CMR: VM Strong Roots               24 us, workers (us):  23,   1,   0, ---, ---, ---, 
[2026-04-03T01:55:50.998+0600][18.491s][info][gc,stats    ]   CMR: CLDG Roots                   216 us, workers (us): 216, ---, ---, ---, ---, ---, 
[2026-04-03T01:55:50.998+0600][18.491s][info][gc,stats    ] Concurrent Marking                39766 us
[2026-04-03T01:55:50.998+0600][18.491s][info][gc,stats    ] Pause Final Mark (G)                852 us
[2026-04-03T01:55:50.998+0600][18.491s][info][gc,stats    ] Pause Final Mark (N)                584 us
[2026-04-03T01:55:50.998+0600][18.491s][info][gc,stats    ]   Finish Mark                       230 us
[2026-04-03T01:55:50.998+0600][18.491s][info][gc,stats    ]   Update Region States               59 us
[2026-04-03T01:55:50.998+0600][18.491s][info][gc,stats    ]   Choose Collection Set             155 us
[2026-04-03T01:55:50.998+0600][18.491s][info][gc,stats    ]   Rebuild Free Set                   20 us
[2026-04-03T01:55:50.998+0600][18.491s][info][gc,stats    ] Concurrent Thread Roots             471 us, parallelism: 1.66x
[2026-04-03T01:55:50.998+0600][18.491s][info][gc,stats    ]   CTR: <total>                      782 us
[2026-04-03T01:55:50.998+0600][18.491s][info][gc,stats    ]   CTR: Thread Roots                 782 us, workers (us): 308, 257, 217, ---, ---, ---, 
[2026-04-03T01:55:50.998+0600][18.491s][info][gc,stats    ] Concurrent Weak References          592 us, parallelism: 0.88x
[2026-04-03T01:55:50.998+0600][18.491s][info][gc,stats    ]   CWRF: <total>                     521 us
[2026-04-03T01:55:50.998+0600][18.491s][info][gc,stats    ]   CWRF: Weak References             521 us, workers (us): 349, 109,  63, ---, ---, ---, 
[2026-04-03T01:55:50.998+0600][18.491s][info][gc,stats    ] Concurrent Weak Roots              1682 us
[2026-04-03T01:55:50.998+0600][18.491s][info][gc,stats    ]   Roots                            1433 us, parallelism: 2.46x
[2026-04-03T01:55:50.998+0600][18.491s][info][gc,stats    ]     CWR: <total>                   3527 us
[2026-04-03T01:55:50.998+0600][18.491s][info][gc,stats    ]     CWR: Code Cache Roots          2007 us, workers (us): 719, 708, 580, ---, ---, ---, 
[2026-04-03T01:55:50.998+0600][18.491s][info][gc,stats    ]     CWR: VM Weak Roots             1415 us, workers (us): 526, 479, 409, ---, ---, ---, 
[2026-04-03T01:55:50.998+0600][18.491s][info][gc,stats    ]     CWR: CLDG Roots                 105 us, workers (us): ---, ---, 105, ---, ---, ---, 
[2026-04-03T01:55:50.998+0600][18.491s][info][gc,stats    ]   Rendezvous                        188 us
[2026-04-03T01:55:50.998+0600][18.491s][info][gc,stats    ] Concurrent Cleanup                  357 us
[2026-04-03T01:55:50.998+0600][18.491s][info][gc,stats    ] Concurrent Class Unloading        13076 us
[2026-04-03T01:55:50.998+0600][18.491s][info][gc,stats    ]   Unlink Stale                    11747 us
[2026-04-03T01:55:50.998+0600][18.491s][info][gc,stats    ]     System Dictionary               325 us
[2026-04-03T01:55:50.998+0600][18.491s][info][gc,stats    ]     Weak Class Links               7297 us
[2026-04-03T01:55:50.998+0600][18.491s][info][gc,stats    ]     Code Roots                     4122 us
[2026-04-03T01:55:50.998+0600][18.491s][info][gc,stats    ]   Rendezvous                        434 us
[2026-04-03T01:55:50.998+0600][18.491s][info][gc,stats    ]   Purge Unlinked                    802 us
[2026-04-03T01:55:50.998+0600][18.491s][info][gc,stats    ]     Code Roots                      335 us
[2026-04-03T01:55:50.998+0600][18.491s][info][gc,stats    ]     CLDG                            465 us
[2026-04-03T01:55:50.998+0600][18.491s][info][gc,stats    ]     Exception Caches                  1 us
[2026-04-03T01:55:50.998+0600][18.491s][info][gc,stats    ] Concurrent Strong Roots             871 us, parallelism: 0.63x
[2026-04-03T01:55:50.998+0600][18.491s][info][gc,stats    ]   CSR: <total>                      551 us
[2026-04-03T01:55:50.998+0600][18.491s][info][gc,stats    ]   CSR: VM Strong Roots               33 us, workers (us):  32,   1,   0, ---, ---, ---, 
[2026-04-03T01:55:50.998+0600][18.491s][info][gc,stats    ]   CSR: CLDG Roots                   518 us, workers (us): 518, ---, ---, ---, ---, ---, 
[2026-04-03T01:55:50.998+0600][18.491s][info][gc,stats    ] Concurrent Evacuation              1857 us
[2026-04-03T01:55:50.998+0600][18.491s][info][gc,stats    ] Pause Init Update Refs (G)          407 us
[2026-04-03T01:55:50.998+0600][18.491s][info][gc,stats    ] Pause Init Update Refs (N)          128 us
[2026-04-03T01:55:50.998+0600][18.491s][info][gc,stats    ]   Manage GCLABs                      25 us
[2026-04-03T01:55:50.998+0600][18.491s][info][gc,stats    ] Concurrent Update Refs            32042 us
[2026-04-03T01:55:50.998+0600][18.491s][info][gc,stats    ] Concurrent Update Thread Roots      780 us
[2026-04-03T01:55:50.998+0600][18.491s][info][gc,stats    ] Pause Final Update Refs (G)         313 us
[2026-04-03T01:55:50.998+0600][18.491s][info][gc,stats    ] Pause Final Update Refs (N)         141 us
[2026-04-03T01:55:50.998+0600][18.491s][info][gc,stats    ]   Update Region States               26 us
[2026-04-03T01:55:50.998+0600][18.491s][info][gc,stats    ]   Trash Collection Set                6 us
[2026-04-03T01:55:50.998+0600][18.491s][info][gc,stats    ]   Rebuild Free Set                   21 us
[2026-04-03T01:55:50.998+0600][18.491s][info][gc,stats    ] Concurrent Cleanup                  157 us
[2026-04-03T01:55:50.998+0600][18.491s][info][gc,stats    ] 
[2026-04-03T01:55:50.998+0600][18.491s][info][gc,stats    ] Allocation pacing accrued:
[2026-04-03T01:55:50.998+0600][18.491s][info][gc,stats    ]       0 of   323 ms (  0.0%): <total>
[2026-04-03T01:55:50.998+0600][18.491s][info][gc,stats    ]       0 of   323 ms (  0.0%): <average total>
[2026-04-03T01:55:50.998+0600][18.491s][info][gc,stats    ] 
[2026-04-03T01:55:50.998+0600][18.491s][info][gc,metaspace] Metaspace: 66061K(66944K)->65738K(66944K) NonClass: 57652K(58112K)->57385K(58112K) Class: 8409K(8832K)->8353K(8832K)
[2026-04-03T01:55:50.998+0600][18.491s][info][gc,ergo     ] Pacer for Idle. Initial: 10240K, Alloc Tax Rate: 1.0x
[2026-04-03T01:55:50.998+0600][18.491s][info][gc,start    ] Concurrent uncommit
[2026-04-03T01:55:51.084+0600][18.577s][info][gc          ] Concurrent uncommit 107M->114M(117M) 85.857ms
[2026-04-03T01:55:51.162+0600][18.655s][info][gc          ] Trigger: Learning 2 of 5. Free (349M) is below initial threshold (350M)
[2026-04-03T01:55:51.162+0600][18.655s][info][gc,ergo     ] Free: 349M, Max: 256K regular, 117M humongous, Frag: 67% external, 0% internal; Reserve: 25600K, Max: 256K
[2026-04-03T01:55:51.162+0600][18.655s][info][gc,start    ] GC(28) Concurrent reset
[2026-04-03T01:55:51.162+0600][18.655s][info][gc,task     ] GC(28) Using 3 of 6 workers for concurrent reset
[2026-04-03T01:55:51.162+0600][18.655s][info][gc,ergo     ] GC(28) Pacer for Reset. Non-Taxable: 500M
[2026-04-03T01:55:51.162+0600][18.655s][info][gc          ] GC(28) Concurrent reset 0.568ms
[2026-04-03T01:55:51.163+0600][18.656s][info][gc,start    ] GC(28) Pause Init Mark (unload classes)
[2026-04-03T01:55:51.163+0600][18.656s][info][gc,task     ] GC(28) Using 4 of 6 workers for init marking
[2026-04-03T01:55:51.163+0600][18.656s][info][gc,ergo     ] GC(28) Pacer for Mark. Expected Live: 108M, Free: 349M, Non-Taxable: 35828K, Alloc Tax Rate: 0.4x
[2026-04-03T01:55:51.163+0600][18.656s][info][gc          ] GC(28) Pause Init Mark (unload classes) 0.119ms
[2026-04-03T01:55:51.163+0600][18.656s][info][gc,start    ] GC(28) Concurrent marking roots
[2026-04-03T01:55:51.163+0600][18.656s][info][gc,task     ] GC(28) Using 3 of 6 workers for concurrent marking roots
[2026-04-03T01:55:51.163+0600][18.656s][info][gc          ] GC(28) Concurrent marking roots 0.785ms
[2026-04-03T01:55:51.164+0600][18.657s][info][gc,start    ] GC(28) Concurrent marking (unload classes)
[2026-04-03T01:55:51.164+0600][18.657s][info][gc,task     ] GC(28) Using 3 of 6 workers for concurrent marking
[2026-04-03T01:55:51.212+0600][18.705s][info][gc          ] GC(28) Concurrent marking (unload classes) 48.510ms
[2026-04-03T01:55:51.212+0600][18.705s][info][gc,start    ] GC(28) Pause Final Mark (unload classes)
[2026-04-03T01:55:51.212+0600][18.705s][info][gc,task     ] GC(28) Using 4 of 6 workers for final marking
[2026-04-03T01:55:51.213+0600][18.706s][info][gc,ergo     ] GC(28) Adaptive CSet Selection. Target Free: 72533K, Actual Free: 377M, Max CSet: 21333K, Min Garbage: 0B
[2026-04-03T01:55:51.213+0600][18.706s][info][gc,ergo     ] GC(28) Collectable Garbage: 19273K (86%), Immediate: 7937K (35%), CSet: 11335K (51%)
[2026-04-03T01:55:51.213+0600][18.706s][info][gc,ergo     ] GC(28) Pacer for Evacuation. Used CSet: 12753K, Free: 354M, Non-Taxable: 36310K, Alloc Tax Rate: 1.1x
[2026-04-03T01:55:51.213+0600][18.706s][info][gc          ] GC(28) Pause Final Mark (unload classes) 0.738ms
[2026-04-03T01:55:51.213+0600][18.706s][info][gc,start    ] GC(28) Concurrent thread roots
[2026-04-03T01:55:51.213+0600][18.706s][info][gc,task     ] GC(28) Using 3 of 6 workers for Concurrent thread roots
[2026-04-03T01:55:51.214+0600][18.707s][info][gc          ] GC(28) Concurrent thread roots 0.902ms
[2026-04-03T01:55:51.214+0600][18.707s][info][gc,start    ] GC(28) Concurrent weak references
[2026-04-03T01:55:51.214+0600][18.707s][info][gc,task     ] GC(28) Using 3 of 6 workers for concurrent weak references
[2026-04-03T01:55:51.215+0600][18.708s][info][gc,ref      ] GC(28) Encountered references: Soft: 3029, Weak: 5668, Final: 74, Phantom: 595
[2026-04-03T01:55:51.215+0600][18.708s][info][gc,ref      ] GC(28) Discovered  references: Soft: 0, Weak: 3749, Final: 74, Phantom: 593
[2026-04-03T01:55:51.215+0600][18.708s][info][gc,ref      ] GC(28) Enqueued    references: Soft: 0, Weak: 198, Final: 0, Phantom: 0
[2026-04-03T01:55:51.216+0600][18.709s][info][gc          ] GC(28) Concurrent weak references 1.395ms
[2026-04-03T01:55:51.216+0600][18.709s][info][gc,start    ] GC(28) Concurrent weak roots
[2026-04-03T01:55:51.216+0600][18.709s][info][gc,task     ] GC(28) Using 3 of 6 workers for concurrent weak root
[2026-04-03T01:55:51.219+0600][18.712s][info][gc          ] GC(28) Concurrent weak roots 3.060ms
[2026-04-03T01:55:51.219+0600][18.712s][info][gc,start    ] GC(28) Concurrent cleanup
[2026-04-03T01:55:51.219+0600][18.712s][info][gc          ] GC(28) Concurrent cleanup 127M->119M(131M) 0.361ms
[2026-04-03T01:55:51.219+0600][18.712s][info][gc,ergo     ] GC(28) Free: 353M, Max: 256K regular, 117M humongous, Frag: 67% external, 0% internal; Reserve: 25368K, Max: 256K
[2026-04-03T01:55:51.219+0600][18.712s][info][gc,start    ] GC(28) Concurrent class unloading
[2026-04-03T01:55:51.219+0600][18.712s][info][gc,task     ] GC(28) Using 3 of 6 workers for concurrent class unloading
[2026-04-03T01:55:51.224+0600][18.717s][info][gc          ] GC(28) Concurrent class unloading 5.360ms
[2026-04-03T01:55:51.225+0600][18.718s][info][gc,start    ] GC(28) Concurrent strong roots
[2026-04-03T01:55:51.225+0600][18.718s][info][gc,task     ] GC(28) Using 3 of 6 workers for concurrent strong root
[2026-04-03T01:55:51.226+0600][18.719s][info][gc          ] GC(28) Concurrent strong roots 1.143ms
[2026-04-03T01:55:51.226+0600][18.719s][info][gc,start    ] GC(28) Concurrent evacuation
[2026-04-03T01:55:51.226+0600][18.719s][info][gc,task     ] GC(28) Using 3 of 6 workers for concurrent evacuation
[2026-04-03T01:55:51.228+0600][18.721s][info][gc          ] GC(28) Concurrent evacuation 1.732ms
[2026-04-03T01:55:51.228+0600][18.721s][info][gc,start    ] GC(28) Pause Init Update Refs
[2026-04-03T01:55:51.228+0600][18.721s][info][gc,ergo     ] GC(28) Pacer for Update Refs. Used: 122M, Free: 352M, Non-Taxable: 36083K, Alloc Tax Rate: 1.1x
[2026-04-03T01:55:51.228+0600][18.721s][info][gc          ] GC(28) Pause Init Update Refs 0.187ms
[2026-04-03T01:55:51.228+0600][18.721s][info][gc,start    ] GC(28) Concurrent update references
[2026-04-03T01:55:51.228+0600][18.721s][info][gc,task     ] GC(28) Using 3 of 6 workers for concurrent reference update
[2026-04-03T01:55:51.269+0600][18.762s][info][gc          ] GC(28) Concurrent update references 40.793ms
[2026-04-03T01:55:51.269+0600][18.762s][info][gc,start    ] GC(28) Concurrent update thread roots
[2026-04-03T01:55:51.271+0600][18.764s][info][gc          ] GC(28) Concurrent update thread roots 2.332ms
[2026-04-03T01:55:51.276+0600][18.769s][info][gc,start    ] GC(28) Pause Final Update Refs
[2026-04-03T01:55:51.276+0600][18.769s][info][gc,task     ] GC(28) Using 4 of 6 workers for final reference update
[2026-04-03T01:55:51.276+0600][18.769s][info][gc          ] GC(28) Pause Final Update Refs 0.160ms
[2026-04-03T01:55:51.276+0600][18.769s][info][gc,start    ] GC(28) Concurrent cleanup
[2026-04-03T01:55:51.276+0600][18.769s][info][gc          ] GC(28) Concurrent cleanup 129M->116M(137M) 0.369ms
[2026-04-03T01:55:51.276+0600][18.769s][info][gc,ergo     ] Free: 356M, Max: 256K regular, 145M humongous, Frag: 60% external, 0% internal; Reserve: 25600K, Max: 256K
[2026-04-03T01:55:51.276+0600][18.769s][info][gc,stats    ] 
[2026-04-03T01:55:51.276+0600][18.769s][info][gc,stats    ] All times are wall-clock times, except per-root-class counters, that are sum over
[2026-04-03T01:55:51.276+0600][18.769s][info][gc,stats    ] all workers. Dividing the <total> over the root stage time estimates parallelism.
[2026-04-03T01:55:51.276+0600][18.770s][info][gc,stats    ] 
[2026-04-03T01:55:51.277+0600][18.770s][info][gc,stats    ] Concurrent Reset                    631 us
[2026-04-03T01:55:51.277+0600][18.770s][info][gc,stats    ] Pause Init Mark (G)                 284 us
[2026-04-03T01:55:51.277+0600][18.770s][info][gc,stats    ] Pause Init Mark (N)                 128 us
[2026-04-03T01:55:51.277+0600][18.770s][info][gc,stats    ]   Update Region States               22 us
[2026-04-03T01:55:51.277+0600][18.770s][info][gc,stats    ] Concurrent Mark Roots               831 us, parallelism: 1.60x
[2026-04-03T01:55:51.277+0600][18.770s][info][gc,stats    ]   CMR: <total>                     1333 us
[2026-04-03T01:55:51.277+0600][18.770s][info][gc,stats    ]   CMR: Thread Roots                1013 us, workers (us): 138, 457, 418, ---, ---, ---, 
[2026-04-03T01:55:51.277+0600][18.770s][info][gc,stats    ]   CMR: VM Strong Roots               36 us, workers (us):  17,  18,   1, ---, ---, ---, 
[2026-04-03T01:55:51.277+0600][18.770s][info][gc,stats    ]   CMR: CLDG Roots                   285 us, workers (us): 285, ---, ---, ---, ---, ---, 
[2026-04-03T01:55:51.277+0600][18.770s][info][gc,stats    ] Concurrent Marking                48621 us
[2026-04-03T01:55:51.277+0600][18.770s][info][gc,stats    ] Pause Final Mark (G)                954 us
[2026-04-03T01:55:51.277+0600][18.770s][info][gc,stats    ] Pause Final Mark (N)                752 us
[2026-04-03T01:55:51.277+0600][18.770s][info][gc,stats    ]   Finish Mark                       225 us
[2026-04-03T01:55:51.277+0600][18.770s][info][gc,stats    ]   Update Region States               80 us
[2026-04-03T01:55:51.277+0600][18.770s][info][gc,stats    ]   Choose Collection Set             246 us
[2026-04-03T01:55:51.277+0600][18.770s][info][gc,stats    ]   Rebuild Free Set                   33 us
[2026-04-03T01:55:51.277+0600][18.770s][info][gc,stats    ] Concurrent Thread Roots             983 us, parallelism: 1.86x
[2026-04-03T01:55:51.277+0600][18.770s][info][gc,stats    ]   CTR: <total>                     1824 us
[2026-04-03T01:55:51.277+0600][18.770s][info][gc,stats    ]   CTR: Thread Roots                1824 us, workers (us): 607, 638, 579, ---, ---, ---, 
[2026-04-03T01:55:51.277+0600][18.770s][info][gc,stats    ] Concurrent Weak References         1414 us, parallelism: 0.90x
[2026-04-03T01:55:51.277+0600][18.770s][info][gc,stats    ]   CWRF: <total>                    1267 us
[2026-04-03T01:55:51.277+0600][18.770s][info][gc,stats    ]   CWRF: Weak References            1267 us, workers (us): 1076, 100,  92, ---, ---, ---, 
[2026-04-03T01:55:51.277+0600][18.770s][info][gc,stats    ] Concurrent Weak Roots              3131 us
[2026-04-03T01:55:51.277+0600][18.770s][info][gc,stats    ]   Roots                            2734 us, parallelism: 2.47x
[2026-04-03T01:55:51.277+0600][18.770s][info][gc,stats    ]     CWR: <total>                   6743 us
[2026-04-03T01:55:51.277+0600][18.770s][info][gc,stats    ]     CWR: Code Cache Roots          3611 us, workers (us): 1221, 1311, 1079, ---, ---, ---, 
[2026-04-03T01:55:51.277+0600][18.770s][info][gc,stats    ]     CWR: VM Weak Roots             3023 us, workers (us): 1017, 1065, 942, ---, ---, ---, 
[2026-04-03T01:55:51.277+0600][18.770s][info][gc,stats    ]     CWR: CLDG Roots                 109 us, workers (us): ---, ---, 109, ---, ---, ---, 
[2026-04-03T01:55:51.277+0600][18.770s][info][gc,stats    ]   Rendezvous                        265 us
[2026-04-03T01:55:51.277+0600][18.770s][info][gc,stats    ] Concurrent Cleanup                  393 us
[2026-04-03T01:55:51.277+0600][18.770s][info][gc,stats    ] Concurrent Class Unloading         5446 us
[2026-04-03T01:55:51.277+0600][18.770s][info][gc,stats    ]   Unlink Stale                     4950 us
[2026-04-03T01:55:51.277+0600][18.770s][info][gc,stats    ]     System Dictionary               100 us
[2026-04-03T01:55:51.277+0600][18.770s][info][gc,stats    ]     Weak Class Links                  0 us
[2026-04-03T01:55:51.277+0600][18.770s][info][gc,stats    ]     Code Roots                     4846 us
[2026-04-03T01:55:51.277+0600][18.770s][info][gc,stats    ]   Rendezvous                        196 us
[2026-04-03T01:55:51.277+0600][18.770s][info][gc,stats    ]   Purge Unlinked                    179 us
[2026-04-03T01:55:51.277+0600][18.770s][info][gc,stats    ]     Code Roots                      171 us
[2026-04-03T01:55:51.277+0600][18.770s][info][gc,stats    ]     CLDG                              7 us
[2026-04-03T01:55:51.277+0600][18.770s][info][gc,stats    ]     Exception Caches                  0 us
[2026-04-03T01:55:51.277+0600][18.770s][info][gc,stats    ] Concurrent Strong Roots            1246 us, parallelism: 0.65x
[2026-04-03T01:55:51.277+0600][18.770s][info][gc,stats    ]   CSR: <total>                      810 us
[2026-04-03T01:55:51.277+0600][18.770s][info][gc,stats    ]   CSR: VM Strong Roots               50 us, workers (us):  30,  19,   0, ---, ---, ---, 
[2026-04-03T01:55:51.277+0600][18.770s][info][gc,stats    ]   CSR: CLDG Roots                   760 us, workers (us): ---, 760, ---, ---, ---, ---, 
[2026-04-03T01:55:51.277+0600][18.770s][info][gc,stats    ] Concurrent Evacuation              1777 us
[2026-04-03T01:55:51.277+0600][18.770s][info][gc,stats    ] Pause Init Update Refs (G)          354 us
[2026-04-03T01:55:51.277+0600][18.770s][info][gc,stats    ] Pause Init Update Refs (N)          203 us
[2026-04-03T01:55:51.277+0600][18.770s][info][gc,stats    ]   Manage GCLABs                      31 us
[2026-04-03T01:55:51.277+0600][18.770s][info][gc,stats    ] Concurrent Update Refs            40899 us
[2026-04-03T01:55:51.277+0600][18.770s][info][gc,stats    ] Concurrent Update Thread Roots     2401 us
[2026-04-03T01:55:51.277+0600][18.770s][info][gc,stats    ] Pause Final Update Refs (G)        4765 us
[2026-04-03T01:55:51.277+0600][18.770s][info][gc,stats    ] Pause Final Update Refs (N)         171 us
[2026-04-03T01:55:51.277+0600][18.770s][info][gc,stats    ]   Update Region States               41 us
[2026-04-03T01:55:51.277+0600][18.770s][info][gc,stats    ]   Trash Collection Set                5 us
[2026-04-03T01:55:51.277+0600][18.770s][info][gc,stats    ]   Rebuild Free Set                   24 us
[2026-04-03T01:55:51.277+0600][18.770s][info][gc,stats    ] Concurrent Cleanup                  399 us
[2026-04-03T01:55:51.277+0600][18.770s][info][gc,stats    ] Pacing                             7106 us
[2026-04-03T01:55:51.277+0600][18.770s][info][gc,stats    ] 
[2026-04-03T01:55:51.277+0600][18.770s][info][gc,stats    ] Allocation pacing accrued:
[2026-04-03T01:55:51.277+0600][18.770s][info][gc,stats    ]       7 of   279 ms (  2.5%): dag-scheduler-event-loop
[2026-04-03T01:55:51.277+0600][18.770s][info][gc,stats    ]       7 of   279 ms (  2.5%): <total>
[2026-04-03T01:55:51.277+0600][18.770s][info][gc,stats    ]       0 of   279 ms (  0.0%): <average total>
[2026-04-03T01:55:51.277+0600][18.770s][info][gc,stats    ]       7 of   279 ms (  2.5%): <average non-zero>
[2026-04-03T01:55:51.277+0600][18.770s][info][gc,stats    ] 
[2026-04-03T01:55:51.277+0600][18.770s][info][gc,metaspace] Metaspace: 66060K(67008K)->66157K(67008K) NonClass: 57662K(58176K)->57749K(58176K) Class: 8398K(8832K)->8408K(8832K)
[2026-04-03T01:55:51.277+0600][18.770s][info][gc,ergo     ] Pacer for Idle. Initial: 10240K, Alloc Tax Rate: 1.0x
[2026-04-03T01:55:51.316+0600][18.809s][info][gc          ] Trigger: Learning 3 of 5. Free (349M) is below initial threshold (350M)
[2026-04-03T01:55:51.316+0600][18.809s][info][gc,ergo     ] Free: 349M, Max: 256K regular, 145M humongous, Frag: 59% external, 0% internal; Reserve: 25600K, Max: 256K
[2026-04-03T01:55:51.316+0600][18.809s][info][gc,start    ] GC(29) Concurrent reset
[2026-04-03T01:55:51.316+0600][18.809s][info][gc,task     ] GC(29) Using 3 of 6 workers for concurrent reset
[2026-04-03T01:55:51.316+0600][18.809s][info][gc,ergo     ] GC(29) Pacer for Reset. Non-Taxable: 500M
[2026-04-03T01:55:51.316+0600][18.809s][info][gc          ] GC(29) Concurrent reset 0.681ms
[2026-04-03T01:55:51.317+0600][18.810s][info][gc,start    ] GC(29) Pause Init Mark (unload classes)
[2026-04-03T01:55:51.317+0600][18.810s][info][gc,task     ] GC(29) Using 3 of 6 workers for init marking
[2026-04-03T01:55:51.317+0600][18.810s][info][gc,ergo     ] GC(29) Pacer for Mark. Expected Live: 100M, Free: 349M, Non-Taxable: 35767K, Alloc Tax Rate: 0.4x
[2026-04-03T01:55:51.317+0600][18.810s][info][gc          ] GC(29) Pause Init Mark (unload classes) 0.126ms
[2026-04-03T01:55:51.317+0600][18.810s][info][gc,start    ] GC(29) Concurrent marking roots
[2026-04-03T01:55:51.317+0600][18.810s][info][gc,task     ] GC(29) Using 3 of 6 workers for concurrent marking roots
[2026-04-03T01:55:51.318+0600][18.811s][info][gc          ] GC(29) Concurrent marking roots 0.841ms
[2026-04-03T01:55:51.318+0600][18.811s][info][gc,start    ] GC(29) Concurrent marking (unload classes)
[2026-04-03T01:55:51.318+0600][18.811s][info][gc,task     ] GC(29) Using 3 of 6 workers for concurrent marking
[2026-04-03T01:55:51.382+0600][18.875s][info][gc          ] GC(29) Concurrent marking (unload classes) 63.934ms
[2026-04-03T01:55:51.382+0600][18.875s][info][gc,start    ] GC(29) Pause Final Mark (unload classes)
[2026-04-03T01:55:51.382+0600][18.875s][info][gc,task     ] GC(29) Using 3 of 6 workers for final marking
[2026-04-03T01:55:51.382+0600][18.875s][info][gc,ergo     ] GC(29) Adaptive CSet Selection. Target Free: 72533K, Actual Free: 364M, Max CSet: 21333K, Min Garbage: 0B
[2026-04-03T01:55:51.382+0600][18.875s][info][gc,ergo     ] GC(29) Collectable Garbage: 19817K (86%), Immediate: 9726K (42%), CSet: 10090K (44%)
[2026-04-03T01:55:51.382+0600][18.876s][info][gc,ergo     ] GC(29) Pacer for Evacuation. Used CSet: 11264K, Free: 340M, Non-Taxable: 34904K, Alloc Tax Rate: 1.1x
[2026-04-03T01:55:51.383+0600][18.876s][info][gc          ] GC(29) Pause Final Mark (unload classes) 0.610ms
[2026-04-03T01:55:51.383+0600][18.876s][info][gc,start    ] GC(29) Concurrent thread roots
[2026-04-03T01:55:51.383+0600][18.876s][info][gc,task     ] GC(29) Using 3 of 6 workers for Concurrent thread roots
[2026-04-03T01:55:51.383+0600][18.876s][info][gc          ] GC(29) Concurrent thread roots 0.574ms
[2026-04-03T01:55:51.383+0600][18.876s][info][gc,start    ] GC(29) Concurrent weak references
[2026-04-03T01:55:51.383+0600][18.876s][info][gc,task     ] GC(29) Using 3 of 6 workers for concurrent weak references
[2026-04-03T01:55:51.384+0600][18.877s][info][gc,ref      ] GC(29) Encountered references: Soft: 3125, Weak: 5695, Final: 74, Phantom: 596
[2026-04-03T01:55:51.384+0600][18.877s][info][gc,ref      ] GC(29) Discovered  references: Soft: 0, Weak: 3726, Final: 0, Phantom: 593
[2026-04-03T01:55:51.384+0600][18.877s][info][gc,ref      ] GC(29) Enqueued    references: Soft: 0, Weak: 45, Final: 0, Phantom: 0
[2026-04-03T01:55:51.384+0600][18.877s][info][gc          ] GC(29) Concurrent weak references 1.040ms
[2026-04-03T01:55:51.384+0600][18.877s][info][gc,start    ] GC(29) Concurrent weak roots
[2026-04-03T01:55:51.384+0600][18.877s][info][gc,task     ] GC(29) Using 3 of 6 workers for concurrent weak root
[2026-04-03T01:55:51.386+0600][18.879s][info][gc          ] GC(29) Concurrent weak roots 2.099ms
[2026-04-03T01:55:51.386+0600][18.879s][info][gc,start    ] GC(29) Concurrent cleanup
[2026-04-03T01:55:51.387+0600][18.880s][info][gc          ] GC(29) Concurrent cleanup 143M->133M(147M) 0.404ms
[2026-04-03T01:55:51.387+0600][18.880s][info][gc,ergo     ] GC(29) Free: 339M, Max: 256K regular, 145M humongous, Frag: 58% external, 0% internal; Reserve: 25401K, Max: 256K
[2026-04-03T01:55:51.387+0600][18.880s][info][gc,start    ] GC(29) Concurrent class unloading
[2026-04-03T01:55:51.387+0600][18.880s][info][gc,task     ] GC(29) Using 3 of 6 workers for concurrent class unloading
[2026-04-03T01:55:51.392+0600][18.885s][info][gc          ] GC(29) Concurrent class unloading 4.839ms
[2026-04-03T01:55:51.392+0600][18.885s][info][gc,start    ] GC(29) Concurrent strong roots
[2026-04-03T01:55:51.392+0600][18.885s][info][gc,task     ] GC(29) Using 3 of 6 workers for concurrent strong root
[2026-04-03T01:55:51.393+0600][18.886s][info][gc          ] GC(29) Concurrent strong roots 0.876ms
[2026-04-03T01:55:51.393+0600][18.886s][info][gc,start    ] GC(29) Concurrent evacuation
[2026-04-03T01:55:51.393+0600][18.886s][info][gc,task     ] GC(29) Using 3 of 6 workers for concurrent evacuation
[2026-04-03T01:55:51.394+0600][18.887s][info][gc          ] GC(29) Concurrent evacuation 1.450ms
[2026-04-03T01:55:51.394+0600][18.887s][info][gc,start    ] GC(29) Pause Init Update Refs
[2026-04-03T01:55:51.395+0600][18.888s][info][gc,ergo     ] GC(29) Pacer for Update Refs. Used: 139M, Free: 335M, Non-Taxable: 34341K, Alloc Tax Rate: 1.1x
[2026-04-03T01:55:51.395+0600][18.888s][info][gc          ] GC(29) Pause Init Update Refs 0.116ms
[2026-04-03T01:55:51.395+0600][18.888s][info][gc,start    ] GC(29) Concurrent update references
[2026-04-03T01:55:51.395+0600][18.888s][info][gc,task     ] GC(29) Using 3 of 6 workers for concurrent reference update
[2026-04-03T01:55:51.442+0600][18.935s][info][gc          ] GC(29) Concurrent update references 47.793ms
[2026-04-03T01:55:51.443+0600][18.936s][info][gc,start    ] GC(29) Concurrent update thread roots
[2026-04-03T01:55:51.443+0600][18.936s][info][gc          ] GC(29) Concurrent update thread roots 0.844ms
[2026-04-03T01:55:51.444+0600][18.937s][info][gc,start    ] GC(29) Pause Final Update Refs
[2026-04-03T01:55:51.444+0600][18.937s][info][gc,task     ] GC(29) Using 3 of 6 workers for final reference update
[2026-04-03T01:55:51.444+0600][18.937s][info][gc          ] GC(29) Pause Final Update Refs 0.198ms
[2026-04-03T01:55:51.444+0600][18.937s][info][gc,start    ] GC(29) Concurrent cleanup
[2026-04-03T01:55:51.444+0600][18.937s][info][gc          ] GC(29) Concurrent cleanup 162M->151M(164M) 0.383ms
[2026-04-03T01:55:51.444+0600][18.937s][info][gc,ergo     ] Free: 322M, Max: 256K regular, 145M humongous, Frag: 55% external, 0% internal; Reserve: 25600K, Max: 256K
[2026-04-03T01:55:51.444+0600][18.937s][info][gc,stats    ] 
[2026-04-03T01:55:51.444+0600][18.937s][info][gc,stats    ] All times are wall-clock times, except per-root-class counters, that are sum over
[2026-04-03T01:55:51.444+0600][18.937s][info][gc,stats    ] all workers. Dividing the <total> over the root stage time estimates parallelism.
[2026-04-03T01:55:51.444+0600][18.937s][info][gc,stats    ] 
[2026-04-03T01:55:51.444+0600][18.937s][info][gc,stats    ] Concurrent Reset                    734 us
[2026-04-03T01:55:51.444+0600][18.937s][info][gc,stats    ] Pause Init Mark (G)                 403 us
[2026-04-03T01:55:51.444+0600][18.937s][info][gc,stats    ] Pause Init Mark (N)                 138 us
[2026-04-03T01:55:51.444+0600][18.937s][info][gc,stats    ]   Update Region States               20 us
[2026-04-03T01:55:51.444+0600][18.937s][info][gc,stats    ] Concurrent Mark Roots               914 us, parallelism: 1.66x
[2026-04-03T01:55:51.444+0600][18.937s][info][gc,stats    ]   CMR: <total>                     1522 us
[2026-04-03T01:55:51.444+0600][18.937s][info][gc,stats    ]   CMR: Thread Roots                1164 us, workers (us): 210, 477, 477, ---, ---, ---, 
[2026-04-03T01:55:51.444+0600][18.937s][info][gc,stats    ]   CMR: VM Strong Roots               62 us, workers (us):  23,  38,   1, ---, ---, ---, 
[2026-04-03T01:55:51.444+0600][18.937s][info][gc,stats    ]   CMR: CLDG Roots                   296 us, workers (us): 296, ---, ---, ---, ---, ---, 
[2026-04-03T01:55:51.444+0600][18.937s][info][gc,stats    ] Concurrent Marking                64046 us
[2026-04-03T01:55:51.444+0600][18.937s][info][gc,stats    ] Pause Final Mark (G)                835 us
[2026-04-03T01:55:51.444+0600][18.938s][info][gc,stats    ] Pause Final Mark (N)                626 us
[2026-04-03T01:55:51.445+0600][18.938s][info][gc,stats    ]   Finish Mark                       132 us
[2026-04-03T01:55:51.445+0600][18.938s][info][gc,stats    ]   Update Region States               38 us
[2026-04-03T01:55:51.445+0600][18.938s][info][gc,stats    ]   Choose Collection Set             236 us
[2026-04-03T01:55:51.445+0600][18.938s][info][gc,stats    ]   Rebuild Free Set                   24 us
[2026-04-03T01:55:51.445+0600][18.938s][info][gc,stats    ] Concurrent Thread Roots             609 us, parallelism: 2.01x
[2026-04-03T01:55:51.445+0600][18.938s][info][gc,stats    ]   CTR: <total>                     1224 us
[2026-04-03T01:55:51.445+0600][18.938s][info][gc,stats    ]   CTR: Thread Roots                1224 us, workers (us): 407, 407, 409, ---, ---, ---, 
[2026-04-03T01:55:51.445+0600][18.938s][info][gc,stats    ] Concurrent Weak References         1054 us, parallelism: 0.94x
[2026-04-03T01:55:51.445+0600][18.938s][info][gc,stats    ]   CWRF: <total>                     986 us
[2026-04-03T01:55:51.445+0600][18.938s][info][gc,stats    ]   CWRF: Weak References             986 us, workers (us):  78,  79, 828, ---, ---, ---, 
[2026-04-03T01:55:51.445+0600][18.938s][info][gc,stats    ] Concurrent Weak Roots              2169 us
[2026-04-03T01:55:51.445+0600][18.938s][info][gc,stats    ]   Roots                            1856 us, parallelism: 2.57x
[2026-04-03T01:55:51.445+0600][18.938s][info][gc,stats    ]     CWR: <total>                   4764 us
[2026-04-03T01:55:51.445+0600][18.938s][info][gc,stats    ]     CWR: Code Cache Roots          2806 us, workers (us): 966, 999, 841, ---, ---, ---, 
[2026-04-03T01:55:51.445+0600][18.938s][info][gc,stats    ]     CWR: VM Weak Roots             1841 us, workers (us): 632, 629, 581, ---, ---, ---, 
[2026-04-03T01:55:51.445+0600][18.938s][info][gc,stats    ]     CWR: CLDG Roots                 116 us, workers (us): ---, ---, 116, ---, ---, ---, 
[2026-04-03T01:55:51.445+0600][18.938s][info][gc,stats    ]   Rendezvous                        215 us
[2026-04-03T01:55:51.445+0600][18.938s][info][gc,stats    ] Concurrent Cleanup                  436 us
[2026-04-03T01:55:51.445+0600][18.938s][info][gc,stats    ] Concurrent Class Unloading         4958 us
[2026-04-03T01:55:51.445+0600][18.938s][info][gc,stats    ]   Unlink Stale                     4400 us
[2026-04-03T01:55:51.445+0600][18.938s][info][gc,stats    ]     System Dictionary               129 us
[2026-04-03T01:55:51.445+0600][18.938s][info][gc,stats    ]     Weak Class Links                  0 us
[2026-04-03T01:55:51.445+0600][18.938s][info][gc,stats    ]     Code Roots                     4267 us
[2026-04-03T01:55:51.445+0600][18.938s][info][gc,stats    ]   Rendezvous                        194 us
[2026-04-03T01:55:51.445+0600][18.938s][info][gc,stats    ]   Purge Unlinked                    210 us
[2026-04-03T01:55:51.445+0600][18.938s][info][gc,stats    ]     Code Roots                      197 us
[2026-04-03T01:55:51.445+0600][18.938s][info][gc,stats    ]     CLDG                             12 us
[2026-04-03T01:55:51.445+0600][18.938s][info][gc,stats    ]     Exception Caches                  0 us
[2026-04-03T01:55:51.445+0600][18.938s][info][gc,stats    ] Concurrent Strong Roots             942 us, parallelism: 0.69x
[2026-04-03T01:55:51.445+0600][18.938s][info][gc,stats    ]   CSR: <total>                      649 us
[2026-04-03T01:55:51.445+0600][18.938s][info][gc,stats    ]   CSR: VM Strong Roots               30 us, workers (us):  21,   9,   0, ---, ---, ---, 
[2026-04-03T01:55:51.445+0600][18.938s][info][gc,stats    ]   CSR: CLDG Roots                   619 us, workers (us): 619, ---, ---, ---, ---, ---, 
[2026-04-03T01:55:51.445+0600][18.938s][info][gc,stats    ] Concurrent Evacuation              1488 us
[2026-04-03T01:55:51.445+0600][18.938s][info][gc,stats    ] Pause Init Update Refs (G)          266 us
[2026-04-03T01:55:51.445+0600][18.938s][info][gc,stats    ] Pause Init Update Refs (N)          155 us
[2026-04-03T01:55:51.445+0600][18.938s][info][gc,stats    ]   Manage GCLABs                      15 us
[2026-04-03T01:55:51.445+0600][18.938s][info][gc,stats    ] Concurrent Update Refs            47895 us
[2026-04-03T01:55:51.445+0600][18.938s][info][gc,stats    ] Concurrent Update Thread Roots      893 us
[2026-04-03T01:55:51.445+0600][18.938s][info][gc,stats    ] Pause Final Update Refs (G)         398 us
[2026-04-03T01:55:51.445+0600][18.938s][info][gc,stats    ] Pause Final Update Refs (N)         230 us
[2026-04-03T01:55:51.445+0600][18.938s][info][gc,stats    ]   Update Region States               45 us
[2026-04-03T01:55:51.445+0600][18.938s][info][gc,stats    ]   Trash Collection Set                7 us
[2026-04-03T01:55:51.445+0600][18.938s][info][gc,stats    ]   Rebuild Free Set                   49 us
[2026-04-03T01:55:51.445+0600][18.938s][info][gc,stats    ] Concurrent Cleanup                  409 us
[2026-04-03T01:55:51.445+0600][18.938s][info][gc,stats    ] 
[2026-04-03T01:55:51.445+0600][18.938s][info][gc,stats    ] Allocation pacing accrued:
[2026-04-03T01:55:51.445+0600][18.938s][info][gc,stats    ]       0 of   168 ms (  0.0%): <total>
[2026-04-03T01:55:51.445+0600][18.938s][info][gc,stats    ]       0 of   168 ms (  0.0%): <average total>
[2026-04-03T01:55:51.445+0600][18.938s][info][gc,stats    ] 
[2026-04-03T01:55:51.445+0600][18.938s][info][gc,metaspace] Metaspace: 66243K(67072K)->66247K(67136K) NonClass: 57820K(58240K)->57824K(58304K) Class: 8423K(8832K)->8423K(8832K)
[2026-04-03T01:55:51.445+0600][18.938s][info][gc,ergo     ] Pacer for Idle. Initial: 10240K, Alloc Tax Rate: 1.0x
[2026-04-03T01:55:51.446+0600][18.939s][info][gc          ] Trigger: Learning 4 of 5. Free (320M) is below initial threshold (350M)
[2026-04-03T01:55:51.446+0600][18.939s][info][gc,ergo     ] Free: 320M, Max: 256K regular, 145M humongous, Frag: 55% external, 0% internal; Reserve: 25600K, Max: 256K
[2026-04-03T01:55:51.446+0600][18.939s][info][gc,start    ] GC(30) Concurrent reset
[2026-04-03T01:55:51.446+0600][18.939s][info][gc,task     ] GC(30) Using 3 of 6 workers for concurrent reset
[2026-04-03T01:55:51.446+0600][18.939s][info][gc,ergo     ] GC(30) Pacer for Reset. Non-Taxable: 500M
[2026-04-03T01:55:51.447+0600][18.940s][info][gc          ] GC(30) Concurrent reset 0.790ms
[2026-04-03T01:55:51.447+0600][18.940s][info][gc,start    ] GC(30) Pause Init Mark (unload classes)
[2026-04-03T01:55:51.448+0600][18.941s][info][gc,task     ] GC(30) Using 3 of 6 workers for init marking
[2026-04-03T01:55:51.448+0600][18.941s][info][gc,ergo     ] GC(30) Pacer for Mark. Expected Live: 100M, Free: 319M, Non-Taxable: 32766K, Alloc Tax Rate: 0.4x
[2026-04-03T01:55:51.448+0600][18.941s][info][gc          ] GC(30) Pause Init Mark (unload classes) 0.174ms
[2026-04-03T01:55:51.448+0600][18.941s][info][gc,start    ] GC(30) Concurrent marking roots
[2026-04-03T01:55:51.448+0600][18.941s][info][gc,task     ] GC(30) Using 3 of 6 workers for concurrent marking roots
[2026-04-03T01:55:51.449+0600][18.942s][info][gc          ] GC(30) Concurrent marking roots 0.897ms
[2026-04-03T01:55:51.449+0600][18.942s][info][gc,start    ] GC(30) Concurrent marking (unload classes)
[2026-04-03T01:55:51.449+0600][18.942s][info][gc,task     ] GC(30) Using 3 of 6 workers for concurrent marking
[2026-04-03T01:55:51.503+0600][18.997s][info][gc          ] GC(30) Concurrent marking (unload classes) 54.834ms
[2026-04-03T01:55:51.504+0600][18.997s][info][gc,start    ] GC(30) Pause Final Mark (unload classes)
[2026-04-03T01:55:51.504+0600][18.997s][info][gc,task     ] GC(30) Using 3 of 6 workers for final marking
[2026-04-03T01:55:51.504+0600][18.997s][info][gc,ergo     ] GC(30) Adaptive CSet Selection. Target Free: 72533K, Actual Free: 338M, Max CSet: 21333K, Min Garbage: 0B
[2026-04-03T01:55:51.504+0600][18.997s][info][gc,ergo     ] GC(30) Collectable Garbage: 49642K (94%), Immediate: 25600K (48%), CSet: 24042K (45%)
[2026-04-03T01:55:51.504+0600][18.997s][info][gc,ergo     ] GC(30) Pacer for Evacuation. Used CSet: 25473K, Free: 314M, Non-Taxable: 32165K, Alloc Tax Rate: 1.1x
[2026-04-03T01:55:51.504+0600][18.997s][info][gc          ] GC(30) Pause Final Mark (unload classes) 0.689ms
[2026-04-03T01:55:51.505+0600][18.998s][info][gc,start    ] GC(30) Concurrent thread roots
[2026-04-03T01:55:51.505+0600][18.998s][info][gc,task     ] GC(30) Using 3 of 6 workers for Concurrent thread roots
[2026-04-03T01:55:51.505+0600][18.998s][info][gc          ] GC(30) Concurrent thread roots 0.566ms
[2026-04-03T01:55:51.505+0600][18.998s][info][gc,start    ] GC(30) Concurrent weak references
[2026-04-03T01:55:51.505+0600][18.998s][info][gc,task     ] GC(30) Using 3 of 6 workers for concurrent weak references
[2026-04-03T01:55:51.505+0600][18.998s][info][gc,ref      ] GC(30) Encountered references: Soft: 3125, Weak: 5650, Final: 74, Phantom: 596
[2026-04-03T01:55:51.505+0600][18.998s][info][gc,ref      ] GC(30) Discovered  references: Soft: 0, Weak: 475, Final: 2, Phantom: 593
[2026-04-03T01:55:51.505+0600][18.998s][info][gc,ref      ] GC(30) Enqueued    references: Soft: 0, Weak: 0, Final: 0, Phantom: 0
[2026-04-03T01:55:51.506+0600][18.999s][info][gc          ] GC(30) Concurrent weak references 0.404ms
[2026-04-03T01:55:51.506+0600][18.999s][info][gc,start    ] GC(30) Concurrent weak roots
[2026-04-03T01:55:51.506+0600][18.999s][info][gc,task     ] GC(30) Using 3 of 6 workers for concurrent weak root
[2026-04-03T01:55:51.508+0600][19.001s][info][gc          ] GC(30) Concurrent weak roots 2.367ms
[2026-04-03T01:55:51.508+0600][19.001s][info][gc,start    ] GC(30) Concurrent cleanup
[2026-04-03T01:55:51.508+0600][19.001s][info][gc          ] GC(30) Concurrent cleanup 186M->161M(189M) 0.166ms
[2026-04-03T01:55:51.508+0600][19.001s][info][gc,ergo     ] GC(30) Free: 312M, Max: 256K regular, 145M humongous, Frag: 54% external, 0% internal; Reserve: 25585K, Max: 256K
[2026-04-03T01:55:51.508+0600][19.001s][info][gc,start    ] GC(30) Concurrent class unloading
[2026-04-03T01:55:51.508+0600][19.001s][info][gc,task     ] GC(30) Using 3 of 6 workers for concurrent class unloading
[2026-04-03T01:55:51.514+0600][19.007s][info][gc          ] GC(30) Concurrent class unloading 5.585ms
[2026-04-03T01:55:51.514+0600][19.007s][info][gc,start    ] GC(30) Concurrent strong roots
[2026-04-03T01:55:51.514+0600][19.007s][info][gc,task     ] GC(30) Using 3 of 6 workers for concurrent strong root
[2026-04-03T01:55:51.515+0600][19.008s][info][gc          ] GC(30) Concurrent strong roots 0.849ms
[2026-04-03T01:55:51.515+0600][19.008s][info][gc,start    ] GC(30) Concurrent evacuation
[2026-04-03T01:55:51.515+0600][19.008s][info][gc,task     ] GC(30) Using 3 of 6 workers for concurrent evacuation
[2026-04-03T01:55:51.517+0600][19.010s][info][gc          ] GC(30) Concurrent evacuation 2.110ms
[2026-04-03T01:55:51.517+0600][19.010s][info][gc,start    ] GC(30) Pause Init Update Refs
[2026-04-03T01:55:51.517+0600][19.010s][info][gc,ergo     ] GC(30) Pacer for Update Refs. Used: 168M, Free: 306M, Non-Taxable: 31423K, Alloc Tax Rate: 1.1x
[2026-04-03T01:55:51.517+0600][19.010s][info][gc          ] GC(30) Pause Init Update Refs 0.112ms
[2026-04-03T01:55:51.517+0600][19.010s][info][gc,start    ] GC(30) Concurrent update references
[2026-04-03T01:55:51.517+0600][19.010s][info][gc,task     ] GC(30) Using 3 of 6 workers for concurrent reference update
[2026-04-03T01:55:51.568+0600][19.061s][info][gc          ] GC(30) Concurrent update references 51.097ms
[2026-04-03T01:55:51.569+0600][19.062s][info][gc,start    ] GC(30) Concurrent update thread roots
[2026-04-03T01:55:51.569+0600][19.062s][info][gc          ] GC(30) Concurrent update thread roots 0.637ms
[2026-04-03T01:55:51.569+0600][19.062s][info][gc,start    ] GC(30) Pause Final Update Refs
[2026-04-03T01:55:51.569+0600][19.062s][info][gc,task     ] GC(30) Using 4 of 6 workers for final reference update
[2026-04-03T01:55:51.570+0600][19.063s][info][gc          ] GC(30) Pause Final Update Refs 0.165ms
[2026-04-03T01:55:51.570+0600][19.063s][info][gc,start    ] GC(30) Concurrent cleanup
[2026-04-03T01:55:51.570+0600][19.063s][info][gc          ] GC(30) Concurrent cleanup 202M->177M(205M) 0.202ms
[2026-04-03T01:55:51.570+0600][19.063s][info][gc,ergo     ] Free: 295M, Max: 256K regular, 145M humongous, Frag: 51% external, 0% internal; Reserve: 25600K, Max: 256K
[2026-04-03T01:55:51.570+0600][19.063s][info][gc,stats    ] 
[2026-04-03T01:55:51.570+0600][19.063s][info][gc,stats    ] All times are wall-clock times, except per-root-class counters, that are sum over
[2026-04-03T01:55:51.570+0600][19.063s][info][gc,stats    ] all workers. Dividing the <total> over the root stage time estimates parallelism.
[2026-04-03T01:55:51.570+0600][19.063s][info][gc,stats    ] 
[2026-04-03T01:55:51.570+0600][19.063s][info][gc,stats    ] Concurrent Reset                    843 us
[2026-04-03T01:55:51.570+0600][19.063s][info][gc,stats    ] Pause Init Mark (G)                 465 us
[2026-04-03T01:55:51.570+0600][19.063s][info][gc,stats    ] Pause Init Mark (N)                 188 us
[2026-04-03T01:55:51.570+0600][19.063s][info][gc,stats    ]   Update Region States               36 us
[2026-04-03T01:55:51.570+0600][19.063s][info][gc,stats    ] Concurrent Mark Roots               934 us, parallelism: 1.73x
[2026-04-03T01:55:51.570+0600][19.063s][info][gc,stats    ]   CMR: <total>                     1614 us
[2026-04-03T01:55:51.570+0600][19.063s][info][gc,stats    ]   CMR: Thread Roots                1253 us, workers (us): 525, 203, 525, ---, ---, ---, 
[2026-04-03T01:55:51.570+0600][19.063s][info][gc,stats    ]   CMR: VM Strong Roots               43 us, workers (us):  16,  13,  14, ---, ---, ---, 
[2026-04-03T01:55:51.570+0600][19.063s][info][gc,stats    ]   CMR: CLDG Roots                   318 us, workers (us): ---, 318, ---, ---, ---, ---, 
[2026-04-03T01:55:51.570+0600][19.063s][info][gc,stats    ] Concurrent Marking                54958 us
[2026-04-03T01:55:51.570+0600][19.063s][info][gc,stats    ] Pause Final Mark (G)                908 us
[2026-04-03T01:55:51.570+0600][19.063s][info][gc,stats    ] Pause Final Mark (N)                701 us
[2026-04-03T01:55:51.570+0600][19.063s][info][gc,stats    ]   Finish Mark                       275 us
[2026-04-03T01:55:51.570+0600][19.063s][info][gc,stats    ]   Update Region States               35 us
[2026-04-03T01:55:51.570+0600][19.063s][info][gc,stats    ]   Choose Collection Set             210 us
[2026-04-03T01:55:51.570+0600][19.063s][info][gc,stats    ]   Rebuild Free Set                   33 us
[2026-04-03T01:55:51.570+0600][19.063s][info][gc,stats    ] Concurrent Thread Roots             599 us, parallelism: 1.84x
[2026-04-03T01:55:51.570+0600][19.063s][info][gc,stats    ]   CTR: <total>                     1102 us
[2026-04-03T01:55:51.570+0600][19.063s][info][gc,stats    ]   CTR: Thread Roots                1102 us, workers (us): 421, 339, 342, ---, ---, ---, 
[2026-04-03T01:55:51.570+0600][19.063s][info][gc,stats    ] Concurrent Weak References          442 us, parallelism: 0.46x
[2026-04-03T01:55:51.570+0600][19.063s][info][gc,stats    ]   CWRF: <total>                     205 us
[2026-04-03T01:55:51.570+0600][19.063s][info][gc,stats    ]   CWRF: Weak References             205 us, workers (us): 147,   2,  57, ---, ---, ---, 
[2026-04-03T01:55:51.570+0600][19.063s][info][gc,stats    ] Concurrent Weak Roots              2444 us
[2026-04-03T01:55:51.570+0600][19.063s][info][gc,stats    ]   Roots                            2053 us, parallelism: 2.26x
[2026-04-03T01:55:51.570+0600][19.063s][info][gc,stats    ]     CWR: <total>                   4638 us
[2026-04-03T01:55:51.570+0600][19.063s][info][gc,stats    ]     CWR: Code Cache Roots          2897 us, workers (us): 1011, 1002, 883, ---, ---, ---, 
[2026-04-03T01:55:51.570+0600][19.063s][info][gc,stats    ]     CWR: VM Weak Roots             1644 us, workers (us): 566, 566, 512, ---, ---, ---, 
[2026-04-03T01:55:51.570+0600][19.063s][info][gc,stats    ]     CWR: CLDG Roots                  98 us, workers (us): ---, ---,  98, ---, ---, ---, 
[2026-04-03T01:55:51.570+0600][19.063s][info][gc,stats    ]   Rendezvous                        281 us
[2026-04-03T01:55:51.570+0600][19.063s][info][gc,stats    ] Concurrent Cleanup                  183 us
[2026-04-03T01:55:51.570+0600][19.063s][info][gc,stats    ] Concurrent Class Unloading         5675 us
[2026-04-03T01:55:51.570+0600][19.063s][info][gc,stats    ]   Unlink Stale                     4999 us
[2026-04-03T01:55:51.570+0600][19.063s][info][gc,stats    ]     System Dictionary               104 us
[2026-04-03T01:55:51.570+0600][19.063s][info][gc,stats    ]     Weak Class Links                  1 us
[2026-04-03T01:55:51.570+0600][19.063s][info][gc,stats    ]     Code Roots                     4890 us
[2026-04-03T01:55:51.570+0600][19.063s][info][gc,stats    ]   Rendezvous                        280 us
[2026-04-03T01:55:51.570+0600][19.063s][info][gc,stats    ]   Purge Unlinked                    264 us
[2026-04-03T01:55:51.570+0600][19.063s][info][gc,stats    ]     Code Roots                      252 us
[2026-04-03T01:55:51.570+0600][19.063s][info][gc,stats    ]     CLDG                             12 us
[2026-04-03T01:55:51.570+0600][19.063s][info][gc,stats    ]     Exception Caches                  0 us
[2026-04-03T01:55:51.570+0600][19.063s][info][gc,stats    ] Concurrent Strong Roots             919 us, parallelism: 0.53x
[2026-04-03T01:55:51.570+0600][19.063s][info][gc,stats    ]   CSR: <total>                      489 us
[2026-04-03T01:55:51.570+0600][19.063s][info][gc,stats    ]   CSR: VM Strong Roots               28 us, workers (us):  18,   9,   1, ---, ---, ---, 
[2026-04-03T01:55:51.570+0600][19.063s][info][gc,stats    ]   CSR: CLDG Roots                   460 us, workers (us): 460, ---, ---, ---, ---, ---, 
[2026-04-03T01:55:51.570+0600][19.063s][info][gc,stats    ] Concurrent Evacuation              2179 us
[2026-04-03T01:55:51.570+0600][19.063s][info][gc,stats    ] Pause Init Update Refs (G)          321 us
[2026-04-03T01:55:51.571+0600][19.064s][info][gc,stats    ] Pause Init Update Refs (N)          125 us
[2026-04-03T01:55:51.571+0600][19.064s][info][gc,stats    ]   Manage GCLABs                      29 us
[2026-04-03T01:55:51.571+0600][19.064s][info][gc,stats    ] Concurrent Update Refs            51189 us
[2026-04-03T01:55:51.571+0600][19.064s][info][gc,stats    ] Concurrent Update Thread Roots      698 us
[2026-04-03T01:55:51.571+0600][19.064s][info][gc,stats    ] Pause Final Update Refs (G)         449 us
[2026-04-03T01:55:51.571+0600][19.064s][info][gc,stats    ] Pause Final Update Refs (N)         179 us
[2026-04-03T01:55:51.571+0600][19.064s][info][gc,stats    ]   Update Region States               34 us
[2026-04-03T01:55:51.571+0600][19.064s][info][gc,stats    ]   Trash Collection Set                8 us
[2026-04-03T01:55:51.571+0600][19.064s][info][gc,stats    ]   Rebuild Free Set                   27 us
[2026-04-03T01:55:51.571+0600][19.064s][info][gc,stats    ] Concurrent Cleanup                  226 us
[2026-04-03T01:55:51.571+0600][19.064s][info][gc,stats    ] 
[2026-04-03T01:55:51.571+0600][19.064s][info][gc,stats    ] Allocation pacing accrued:
[2026-04-03T01:55:51.571+0600][19.064s][info][gc,stats    ]       0 of   126 ms (  0.0%): <total>
[2026-04-03T01:55:51.571+0600][19.064s][info][gc,stats    ]       0 of   126 ms (  0.0%): <average total>
[2026-04-03T01:55:51.571+0600][19.064s][info][gc,stats    ] 
[2026-04-03T01:55:51.571+0600][19.064s][info][gc,metaspace] Metaspace: 66247K(67136K)->66250K(67136K) NonClass: 57824K(58304K)->57827K(58304K) Class: 8423K(8832K)->8423K(8832K)
[2026-04-03T01:55:51.571+0600][19.064s][info][gc,ergo     ] Pacer for Idle. Initial: 10240K, Alloc Tax Rate: 1.0x
[2026-04-03T01:55:51.572+0600][19.065s][info][gc          ] Trigger: Learning 5 of 5. Free (293M) is below initial threshold (350M)
[2026-04-03T01:55:51.572+0600][19.065s][info][gc,ergo     ] Free: 293M, Max: 256K regular, 145M humongous, Frag: 51% external, 0% internal; Reserve: 25600K, Max: 256K
[2026-04-03T01:55:51.572+0600][19.065s][info][gc,start    ] GC(31) Concurrent reset
[2026-04-03T01:55:51.572+0600][19.065s][info][gc,task     ] GC(31) Using 3 of 6 workers for concurrent reset
[2026-04-03T01:55:51.572+0600][19.065s][info][gc,ergo     ] GC(31) Pacer for Reset. Non-Taxable: 500M
[2026-04-03T01:55:51.573+0600][19.066s][info][gc          ] GC(31) Concurrent reset 0.926ms
[2026-04-03T01:55:51.573+0600][19.066s][info][gc,start    ] GC(31) Pause Init Mark (unload classes)
[2026-04-03T01:55:51.573+0600][19.066s][info][gc,task     ] GC(31) Using 4 of 6 workers for init marking
[2026-04-03T01:55:51.573+0600][19.066s][info][gc,ergo     ] GC(31) Pacer for Mark. Expected Live: 100M, Free: 291M, Non-Taxable: 29887K, Alloc Tax Rate: 0.4x
[2026-04-03T01:55:51.573+0600][19.066s][info][gc          ] GC(31) Pause Init Mark (unload classes) 0.126ms
[2026-04-03T01:55:51.573+0600][19.066s][info][gc,start    ] GC(31) Concurrent marking roots
[2026-04-03T01:55:51.573+0600][19.066s][info][gc,task     ] GC(31) Using 3 of 6 workers for concurrent marking roots
[2026-04-03T01:55:51.574+0600][19.067s][info][gc          ] GC(31) Concurrent marking roots 0.907ms
[2026-04-03T01:55:51.574+0600][19.067s][info][gc,start    ] GC(31) Concurrent marking (unload classes)
[2026-04-03T01:55:51.574+0600][19.067s][info][gc,task     ] GC(31) Using 3 of 6 workers for concurrent marking
[2026-04-03T01:55:51.636+0600][19.129s][info][gc          ] GC(31) Concurrent marking (unload classes) 61.910ms
[2026-04-03T01:55:51.637+0600][19.130s][info][gc,start    ] GC(31) Pause Final Mark (unload classes)
[2026-04-03T01:55:51.637+0600][19.130s][info][gc,task     ] GC(31) Using 4 of 6 workers for final marking
[2026-04-03T01:55:51.637+0600][19.130s][info][gc,ergo     ] GC(31) Adaptive CSet Selection. Target Free: 72533K, Actual Free: 312M, Max CSet: 21333K, Min Garbage: 0B
[2026-04-03T01:55:51.637+0600][19.130s][info][gc,ergo     ] GC(31) Collectable Garbage: 75687K (95%), Immediate: 40960K (51%), CSet: 34727K (44%)
[2026-04-03T01:55:51.637+0600][19.130s][info][gc,ergo     ] GC(31) Pacer for Evacuation. Used CSet: 37376K, Free: 287M, Non-Taxable: 29451K, Alloc Tax Rate: 1.1x
[2026-04-03T01:55:51.637+0600][19.130s][info][gc          ] GC(31) Pause Final Mark (unload classes) 0.559ms
[2026-04-03T01:55:51.637+0600][19.130s][info][gc,start    ] GC(31) Concurrent thread roots
[2026-04-03T01:55:51.637+0600][19.130s][info][gc,task     ] GC(31) Using 3 of 6 workers for Concurrent thread roots
[2026-04-03T01:55:51.638+0600][19.131s][info][gc          ] GC(31) Concurrent thread roots 0.584ms
[2026-04-03T01:55:51.638+0600][19.131s][info][gc,start    ] GC(31) Concurrent weak references
[2026-04-03T01:55:51.638+0600][19.131s][info][gc,task     ] GC(31) Using 3 of 6 workers for concurrent weak references
[2026-04-03T01:55:51.638+0600][19.131s][info][gc,ref      ] GC(31) Encountered references: Soft: 3125, Weak: 5650, Final: 74, Phantom: 596
[2026-04-03T01:55:51.638+0600][19.131s][info][gc,ref      ] GC(31) Discovered  references: Soft: 0, Weak: 637, Final: 0, Phantom: 593
[2026-04-03T01:55:51.638+0600][19.131s][info][gc,ref      ] GC(31) Enqueued    references: Soft: 0, Weak: 0, Final: 0, Phantom: 0
[2026-04-03T01:55:51.638+0600][19.131s][info][gc          ] GC(31) Concurrent weak references 0.375ms
[2026-04-03T01:55:51.638+0600][19.131s][info][gc,start    ] GC(31) Concurrent weak roots
[2026-04-03T01:55:51.638+0600][19.131s][info][gc,task     ] GC(31) Using 3 of 6 workers for concurrent weak root
[2026-04-03T01:55:51.641+0600][19.134s][info][gc          ] GC(31) Concurrent weak roots 2.208ms
[2026-04-03T01:55:51.641+0600][19.134s][info][gc,start    ] GC(31) Concurrent cleanup
[2026-04-03T01:55:51.641+0600][19.134s][info][gc          ] GC(31) Concurrent cleanup 227M->187M(231M) 0.398ms
[2026-04-03T01:55:51.641+0600][19.134s][info][gc,ergo     ] GC(31) Free: 285M, Max: 256K regular, 119M humongous, Frag: 59% external, 0% internal; Reserve: 25579K, Max: 256K
[2026-04-03T01:55:51.641+0600][19.134s][info][gc,start    ] GC(31) Concurrent class unloading
[2026-04-03T01:55:51.641+0600][19.134s][info][gc,task     ] GC(31) Using 3 of 6 workers for concurrent class unloading
[2026-04-03T01:55:51.646+0600][19.139s][info][gc          ] GC(31) Concurrent class unloading 5.099ms
[2026-04-03T01:55:51.646+0600][19.139s][info][gc,start    ] GC(31) Concurrent strong roots
[2026-04-03T01:55:51.646+0600][19.139s][info][gc,task     ] GC(31) Using 3 of 6 workers for concurrent strong root
[2026-04-03T01:55:51.647+0600][19.140s][info][gc          ] GC(31) Concurrent strong roots 0.876ms
[2026-04-03T01:55:51.647+0600][19.140s][info][gc,start    ] GC(31) Concurrent evacuation
[2026-04-03T01:55:51.647+0600][19.140s][info][gc,task     ] GC(31) Using 3 of 6 workers for concurrent evacuation
[2026-04-03T01:55:51.650+0600][19.143s][info][gc          ] GC(31) Concurrent evacuation 2.988ms
[2026-04-03T01:55:51.650+0600][19.143s][info][gc,start    ] GC(31) Pause Init Update Refs
[2026-04-03T01:55:51.650+0600][19.143s][info][gc,ergo     ] GC(31) Pacer for Update Refs. Used: 199M, Free: 276M, Non-Taxable: 28325K, Alloc Tax Rate: 1.1x
[2026-04-03T01:55:51.650+0600][19.143s][info][gc          ] GC(31) Pause Init Update Refs 0.078ms
[2026-04-03T01:55:51.650+0600][19.144s][info][gc,start    ] GC(31) Concurrent update references
[2026-04-03T01:55:51.651+0600][19.144s][info][gc,task     ] GC(31) Using 3 of 6 workers for concurrent reference update
[2026-04-03T01:55:51.703+0600][19.196s][info][gc          ] GC(31) Concurrent update references 52.660ms
[2026-04-03T01:55:51.703+0600][19.196s][info][gc,start    ] GC(31) Concurrent update thread roots
[2026-04-03T01:55:51.704+0600][19.197s][info][gc          ] GC(31) Concurrent update thread roots 0.553ms
[2026-04-03T01:55:51.704+0600][19.197s][info][gc,start    ] GC(31) Pause Final Update Refs
[2026-04-03T01:55:51.704+0600][19.197s][info][gc,task     ] GC(31) Using 5 of 6 workers for final reference update
[2026-04-03T01:55:51.704+0600][19.197s][info][gc          ] GC(31) Pause Final Update Refs 0.100ms
[2026-04-03T01:55:51.704+0600][19.197s][info][gc,start    ] GC(31) Concurrent cleanup
[2026-04-03T01:55:51.704+0600][19.197s][info][gc          ] GC(31) Concurrent cleanup 246M->210M(248M) 0.328ms
[2026-04-03T01:55:51.704+0600][19.197s][info][gc,ergo     ] Free: 262M, Max: 256K regular, 117M humongous, Frag: 56% external, 0% internal; Reserve: 25600K, Max: 256K
[2026-04-03T01:55:51.705+0600][19.198s][info][gc,stats    ] 
[2026-04-03T01:55:51.705+0600][19.198s][info][gc,stats    ] All times are wall-clock times, except per-root-class counters, that are sum over
[2026-04-03T01:55:51.705+0600][19.198s][info][gc,stats    ] all workers. Dividing the <total> over the root stage time estimates parallelism.
[2026-04-03T01:55:51.705+0600][19.198s][info][gc,stats    ] 
[2026-04-03T01:55:51.705+0600][19.198s][info][gc,stats    ] Concurrent Reset                    992 us
[2026-04-03T01:55:51.705+0600][19.198s][info][gc,stats    ] Pause Init Mark (G)                 411 us
[2026-04-03T01:55:51.705+0600][19.198s][info][gc,stats    ] Pause Init Mark (N)                 135 us
[2026-04-03T01:55:51.705+0600][19.198s][info][gc,stats    ]   Update Region States               29 us
[2026-04-03T01:55:51.705+0600][19.198s][info][gc,stats    ] Concurrent Mark Roots               967 us, parallelism: 1.36x
[2026-04-03T01:55:51.705+0600][19.198s][info][gc,stats    ]   CMR: <total>                     1313 us
[2026-04-03T01:55:51.705+0600][19.198s][info][gc,stats    ]   CMR: Thread Roots                1066 us, workers (us): 252, 407, 407, ---, ---, ---, 
[2026-04-03T01:55:51.705+0600][19.198s][info][gc,stats    ]   CMR: VM Strong Roots               42 us, workers (us):  39,   1,   1, ---, ---, ---, 
[2026-04-03T01:55:51.705+0600][19.198s][info][gc,stats    ]   CMR: CLDG Roots                   205 us, workers (us): 205, ---, ---, ---, ---, ---, 
[2026-04-03T01:55:51.705+0600][19.198s][info][gc,stats    ] Concurrent Marking                62009 us
[2026-04-03T01:55:51.705+0600][19.198s][info][gc,stats    ] Pause Final Mark (G)                974 us
[2026-04-03T01:55:51.705+0600][19.198s][info][gc,stats    ] Pause Final Mark (N)                575 us
[2026-04-03T01:55:51.705+0600][19.198s][info][gc,stats    ]   Finish Mark                       146 us
[2026-04-03T01:55:51.705+0600][19.198s][info][gc,stats    ]   Update Region States               37 us
[2026-04-03T01:55:51.705+0600][19.198s][info][gc,stats    ]   Choose Collection Set             228 us
[2026-04-03T01:55:51.705+0600][19.198s][info][gc,stats    ]   Rebuild Free Set                   37 us
[2026-04-03T01:55:51.705+0600][19.198s][info][gc,stats    ] Concurrent Thread Roots             609 us, parallelism: 2.07x
[2026-04-03T01:55:51.705+0600][19.198s][info][gc,stats    ]   CTR: <total>                     1259 us
[2026-04-03T01:55:51.705+0600][19.198s][info][gc,stats    ]   CTR: Thread Roots                1259 us, workers (us): 440, 419, 400, ---, ---, ---, 
[2026-04-03T01:55:51.705+0600][19.198s][info][gc,stats    ] Concurrent Weak References          386 us, parallelism: 0.55x
[2026-04-03T01:55:51.705+0600][19.198s][info][gc,stats    ]   CWRF: <total>                     213 us
[2026-04-03T01:55:51.705+0600][19.198s][info][gc,stats    ]   CWRF: Weak References             213 us, workers (us):  89,  10, 114, ---, ---, ---, 
[2026-04-03T01:55:51.705+0600][19.198s][info][gc,stats    ] Concurrent Weak Roots              2270 us
[2026-04-03T01:55:51.705+0600][19.198s][info][gc,stats    ]   Roots                            1875 us, parallelism: 2.41x
[2026-04-03T01:55:51.705+0600][19.198s][info][gc,stats    ]     CWR: <total>                   4512 us
[2026-04-03T01:55:51.705+0600][19.198s][info][gc,stats    ]     CWR: Code Cache Roots          2863 us, workers (us): 946, 865, 1051, ---, ---, ---, 
[2026-04-03T01:55:51.705+0600][19.198s][info][gc,stats    ]     CWR: VM Weak Roots             1604 us, workers (us): 556, 546, 502, ---, ---, ---, 
[2026-04-03T01:55:51.705+0600][19.198s][info][gc,stats    ]     CWR: CLDG Roots                  45 us, workers (us): ---,  45, ---, ---, ---, ---, 
[2026-04-03T01:55:51.705+0600][19.198s][info][gc,stats    ]   Rendezvous                        308 us
[2026-04-03T01:55:51.705+0600][19.198s][info][gc,stats    ] Concurrent Cleanup                  415 us
[2026-04-03T01:55:51.705+0600][19.198s][info][gc,stats    ] Concurrent Class Unloading         5177 us
[2026-04-03T01:55:51.705+0600][19.198s][info][gc,stats    ]   Unlink Stale                     4772 us
[2026-04-03T01:55:51.705+0600][19.198s][info][gc,stats    ]     System Dictionary               112 us
[2026-04-03T01:55:51.705+0600][19.198s][info][gc,stats    ]     Weak Class Links                  0 us
[2026-04-03T01:55:51.705+0600][19.198s][info][gc,stats    ]     Code Roots                     4657 us
[2026-04-03T01:55:51.705+0600][19.198s][info][gc,stats    ]   Rendezvous                        157 us
[2026-04-03T01:55:51.705+0600][19.198s][info][gc,stats    ]   Purge Unlinked                    146 us
[2026-04-03T01:55:51.705+0600][19.198s][info][gc,stats    ]     Code Roots                      133 us
[2026-04-03T01:55:51.705+0600][19.198s][info][gc,stats    ]     CLDG                             13 us
[2026-04-03T01:55:51.705+0600][19.198s][info][gc,stats    ]     Exception Caches                  1 us
[2026-04-03T01:55:51.705+0600][19.198s][info][gc,stats    ] Concurrent Strong Roots             930 us, parallelism: 0.62x
[2026-04-03T01:55:51.705+0600][19.198s][info][gc,stats    ]   CSR: <total>                      573 us
[2026-04-03T01:55:51.705+0600][19.198s][info][gc,stats    ]   CSR: VM Strong Roots               26 us, workers (us):  24,   2,   0, ---, ---, ---, 
[2026-04-03T01:55:51.705+0600][19.198s][info][gc,stats    ]   CSR: CLDG Roots                   548 us, workers (us): 548, ---, ---, ---, ---, ---, 
[2026-04-03T01:55:51.705+0600][19.198s][info][gc,stats    ] Concurrent Evacuation              3065 us
[2026-04-03T01:55:51.705+0600][19.198s][info][gc,stats    ] Pause Init Update Refs (G)          287 us
[2026-04-03T01:55:51.705+0600][19.198s][info][gc,stats    ] Pause Init Update Refs (N)           95 us
[2026-04-03T01:55:51.705+0600][19.198s][info][gc,stats    ]   Manage GCLABs                      27 us
[2026-04-03T01:55:51.705+0600][19.198s][info][gc,stats    ] Concurrent Update Refs            52751 us
[2026-04-03T01:55:51.705+0600][19.198s][info][gc,stats    ] Concurrent Update Thread Roots      580 us
[2026-04-03T01:55:51.705+0600][19.198s][info][gc,stats    ] Pause Final Update Refs (G)         281 us
[2026-04-03T01:55:51.705+0600][19.198s][info][gc,stats    ] Pause Final Update Refs (N)         115 us
[2026-04-03T01:55:51.705+0600][19.198s][info][gc,stats    ]   Update Region States               33 us
[2026-04-03T01:55:51.705+0600][19.198s][info][gc,stats    ]   Trash Collection Set                8 us
[2026-04-03T01:55:51.705+0600][19.198s][info][gc,stats    ]   Rebuild Free Set                   26 us
[2026-04-03T01:55:51.705+0600][19.198s][info][gc,stats    ] Concurrent Cleanup                  340 us
[2026-04-03T01:55:51.705+0600][19.198s][info][gc,stats    ] 
[2026-04-03T01:55:51.705+0600][19.198s][info][gc,stats    ] Allocation pacing accrued:
[2026-04-03T01:55:51.705+0600][19.198s][info][gc,stats    ]       0 of   134 ms (  0.0%): <total>
[2026-04-03T01:55:51.705+0600][19.198s][info][gc,stats    ]       0 of   134 ms (  0.0%): <average total>
[2026-04-03T01:55:51.705+0600][19.198s][info][gc,stats    ] 
[2026-04-03T01:55:51.705+0600][19.198s][info][gc,metaspace] Metaspace: 66250K(67136K)->66250K(67136K) NonClass: 57827K(58304K)->57827K(58304K) Class: 8423K(8832K)->8423K(8832K)
[2026-04-03T01:55:51.705+0600][19.198s][info][gc,ergo     ] Pacer for Idle. Initial: 10240K, Alloc Tax Rate: 1.0x
[2026-04-03T01:55:51.807+0600][19.300s][info][gc          ] Trigger: Average GC time (153.52 ms) is above the time for average allocation rate (1014 MB/s) to deplete free headroom (100469K) (margin of error = 1.88)
[2026-04-03T01:55:51.807+0600][19.300s][info][gc,ergo     ] Free headroom: 123M (free) - 25600K (spike) - 0B (penalties) = 100469K
[2026-04-03T01:55:51.807+0600][19.300s][info][gc,ergo     ] Free: 123M, Max: 256K regular, 117M humongous, Frag: 5% external, 0% internal; Reserve: 25600K, Max: 256K
[2026-04-03T01:55:51.807+0600][19.300s][info][gc,start    ] GC(32) Concurrent reset
[2026-04-03T01:55:51.807+0600][19.300s][info][gc,task     ] GC(32) Using 3 of 6 workers for concurrent reset
[2026-04-03T01:55:51.807+0600][19.300s][info][gc,ergo     ] GC(32) Pacer for Reset. Non-Taxable: 500M
[2026-04-03T01:55:51.808+0600][19.301s][info][gc          ] GC(32) Concurrent reset 0.770ms
[2026-04-03T01:55:51.808+0600][19.301s][info][gc,start    ] GC(32) Pause Init Mark (unload classes)
[2026-04-03T01:55:51.808+0600][19.301s][info][gc,task     ] GC(32) Using 6 of 6 workers for init marking
[2026-04-03T01:55:51.808+0600][19.301s][info][gc,ergo     ] GC(32) Pacer for Mark. Expected Live: 101M, Free: 122M, Non-Taxable: 12504K, Alloc Tax Rate: 1.0x
[2026-04-03T01:55:51.808+0600][19.301s][info][gc          ] GC(32) Pause Init Mark (unload classes) 0.122ms
[2026-04-03T01:55:51.808+0600][19.301s][info][gc,start    ] GC(32) Concurrent marking roots
[2026-04-03T01:55:51.808+0600][19.301s][info][gc,task     ] GC(32) Using 3 of 6 workers for concurrent marking roots
[2026-04-03T01:55:51.809+0600][19.302s][info][gc          ] GC(32) Concurrent marking roots 0.680ms
[2026-04-03T01:55:51.809+0600][19.302s][info][gc,start    ] GC(32) Concurrent marking (unload classes)
[2026-04-03T01:55:51.809+0600][19.302s][info][gc,task     ] GC(32) Using 3 of 6 workers for concurrent marking
[2026-04-03T01:55:51.867+0600][19.360s][info][gc          ] GC(32) Concurrent marking (unload classes) 58.237ms
[2026-04-03T01:55:51.867+0600][19.360s][info][gc,start    ] GC(32) Pause Final Mark (unload classes)
[2026-04-03T01:55:51.867+0600][19.360s][info][gc,task     ] GC(32) Using 6 of 6 workers for final marking
[2026-04-03T01:55:51.868+0600][19.361s][info][gc,ergo     ] GC(32) Adaptive CSet Selection. Target Free: 72533K, Actual Free: 239M, Max CSet: 21333K, Min Garbage: 0B
[2026-04-03T01:55:51.868+0600][19.361s][info][gc,ergo     ] GC(32) Collectable Garbage: 233M (98%), Immediate: 115M (48%), CSet: 118M (49%)
[2026-04-03T01:55:51.868+0600][19.361s][info][gc,ergo     ] GC(32) Pacer for Evacuation. Used CSet: 127M, Free: 215M, Non-Taxable: 22053K, Alloc Tax Rate: 1.4x
[2026-04-03T01:55:51.868+0600][19.361s][info][gc          ] GC(32) Pause Final Mark (unload classes) 0.698ms
[2026-04-03T01:55:51.868+0600][19.361s][info][gc,start    ] GC(32) Concurrent thread roots
[2026-04-03T01:55:51.868+0600][19.361s][info][gc,task     ] GC(32) Using 3 of 6 workers for Concurrent thread roots
[2026-04-03T01:55:51.869+0600][19.362s][info][gc          ] GC(32) Concurrent thread roots 0.572ms
[2026-04-03T01:55:51.869+0600][19.362s][info][gc,start    ] GC(32) Concurrent weak references
[2026-04-03T01:55:51.869+0600][19.362s][info][gc,task     ] GC(32) Using 3 of 6 workers for concurrent weak references
[2026-04-03T01:55:51.869+0600][19.362s][info][gc,ref      ] GC(32) Encountered references: Soft: 3125, Weak: 5650, Final: 74, Phantom: 596
[2026-04-03T01:55:51.869+0600][19.362s][info][gc,ref      ] GC(32) Discovered  references: Soft: 0, Weak: 418, Final: 0, Phantom: 593
[2026-04-03T01:55:51.869+0600][19.362s][info][gc,ref      ] GC(32) Enqueued    references: Soft: 0, Weak: 0, Final: 0, Phantom: 0
[2026-04-03T01:55:51.869+0600][19.362s][info][gc          ] GC(32) Concurrent weak references 0.262ms
[2026-04-03T01:55:51.869+0600][19.362s][info][gc,start    ] GC(32) Concurrent weak roots
[2026-04-03T01:55:51.869+0600][19.362s][info][gc,task     ] GC(32) Using 3 of 6 workers for concurrent weak root
[2026-04-03T01:55:51.871+0600][19.364s][info][gc          ] GC(32) Concurrent weak roots 1.761ms
[2026-04-03T01:55:51.871+0600][19.364s][info][gc,start    ] GC(32) Concurrent cleanup
[2026-04-03T01:55:51.871+0600][19.364s][info][gc          ] GC(32) Concurrent cleanup 373M->258M(376M) 0.166ms
[2026-04-03T01:55:51.871+0600][19.364s][info][gc,ergo     ] GC(32) Free: 215M, Max: 256K regular, 95744K humongous, Frag: 57% external, 0% internal; Reserve: 25600K, Max: 256K
[2026-04-03T01:55:51.871+0600][19.364s][info][gc,start    ] GC(32) Concurrent class unloading
[2026-04-03T01:55:51.871+0600][19.364s][info][gc,task     ] GC(32) Using 3 of 6 workers for concurrent class unloading
[2026-04-03T01:55:51.875+0600][19.368s][info][gc          ] GC(32) Concurrent class unloading 3.716ms
[2026-04-03T01:55:51.875+0600][19.368s][info][gc,start    ] GC(32) Concurrent strong roots
[2026-04-03T01:55:51.875+0600][19.368s][info][gc,task     ] GC(32) Using 3 of 6 workers for concurrent strong root
[2026-04-03T01:55:51.875+0600][19.368s][info][gc          ] GC(32) Concurrent strong roots 0.592ms
[2026-04-03T01:55:51.876+0600][19.369s][info][gc,start    ] GC(32) Concurrent evacuation
[2026-04-03T01:55:51.876+0600][19.369s][info][gc,task     ] GC(32) Using 3 of 6 workers for concurrent evacuation
[2026-04-03T01:55:51.885+0600][19.378s][info][gc          ] GC(32) Concurrent evacuation 9.741ms
[2026-04-03T01:55:51.886+0600][19.379s][info][gc,start    ] GC(32) Pause Init Update Refs
[2026-04-03T01:55:51.886+0600][19.379s][info][gc,ergo     ] GC(32) Pacer for Update Refs. Used: 285M, Free: 197M, Non-Taxable: 20235K, Alloc Tax Rate: 1.8x
[2026-04-03T01:55:51.886+0600][19.379s][info][gc          ] GC(32) Pause Init Update Refs 0.120ms
[2026-04-03T01:55:51.886+0600][19.379s][info][gc,start    ] GC(32) Concurrent update references
[2026-04-03T01:55:51.886+0600][19.379s][info][gc,task     ] GC(32) Using 3 of 6 workers for concurrent reference update
[2026-04-03T01:55:51.935+0600][19.428s][info][gc          ] GC(32) Concurrent update references 48.701ms
[2026-04-03T01:55:51.935+0600][19.428s][info][gc,start    ] GC(32) Concurrent update thread roots
[2026-04-03T01:55:51.935+0600][19.428s][info][gc          ] GC(32) Concurrent update thread roots 0.706ms
[2026-04-03T01:55:51.936+0600][19.429s][info][gc,start    ] GC(32) Pause Final Update Refs
[2026-04-03T01:55:51.936+0600][19.429s][info][gc,task     ] GC(32) Using 6 of 6 workers for final reference update
[2026-04-03T01:55:51.936+0600][19.429s][info][gc          ] GC(32) Pause Final Update Refs 0.185ms
[2026-04-03T01:55:51.936+0600][19.429s][info][gc,start    ] GC(32) Concurrent cleanup
[2026-04-03T01:55:51.936+0600][19.429s][info][gc          ] GC(32) Concurrent cleanup 351M->224M(385M) 0.265ms
[2026-04-03T01:55:51.936+0600][19.429s][info][gc,ergo     ] Free: 248M, Max: 256K regular, 91904K humongous, Frag: 64% external, 0% internal; Reserve: 25600K, Max: 256K
[2026-04-03T01:55:51.936+0600][19.429s][info][gc,stats    ] 
[2026-04-03T01:55:51.936+0600][19.429s][info][gc,stats    ] All times are wall-clock times, except per-root-class counters, that are sum over
[2026-04-03T01:55:51.936+0600][19.429s][info][gc,stats    ] all workers. Dividing the <total> over the root stage time estimates parallelism.
[2026-04-03T01:55:51.936+0600][19.429s][info][gc,stats    ] 
[2026-04-03T01:55:51.936+0600][19.429s][info][gc,stats    ] Concurrent Reset                    817 us
[2026-04-03T01:55:51.936+0600][19.429s][info][gc,stats    ] Pause Init Mark (G)                 336 us
[2026-04-03T01:55:51.936+0600][19.429s][info][gc,stats    ] Pause Init Mark (N)                 134 us
[2026-04-03T01:55:51.936+0600][19.429s][info][gc,stats    ]   Update Region States               19 us
[2026-04-03T01:55:51.936+0600][19.429s][info][gc,stats    ] Concurrent Mark Roots               710 us, parallelism: 1.61x
[2026-04-03T01:55:51.936+0600][19.429s][info][gc,stats    ]   CMR: <total>                     1142 us
[2026-04-03T01:55:51.936+0600][19.429s][info][gc,stats    ]   CMR: Thread Roots                 870 us, workers (us): 144, 366, 360, ---, ---, ---, 
[2026-04-03T01:55:51.936+0600][19.429s][info][gc,stats    ]   CMR: VM Strong Roots               31 us, workers (us):  29,   1,   0, ---, ---, ---, 
[2026-04-03T01:55:51.936+0600][19.429s][info][gc,stats    ]   CMR: CLDG Roots                   241 us, workers (us): 241, ---, ---, ---, ---, ---, 
[2026-04-03T01:55:51.936+0600][19.429s][info][gc,stats    ] Concurrent Marking                58311 us
[2026-04-03T01:55:51.936+0600][19.429s][info][gc,stats    ] Pause Final Mark (G)                974 us
[2026-04-03T01:55:51.936+0600][19.429s][info][gc,stats    ] Pause Final Mark (N)                709 us
[2026-04-03T01:55:51.936+0600][19.429s][info][gc,stats    ]   Finish Mark                       319 us
[2026-04-03T01:55:51.936+0600][19.430s][info][gc,stats    ]   Update Region States               27 us
[2026-04-03T01:55:51.937+0600][19.430s][info][gc,stats    ]   Choose Collection Set             225 us
[2026-04-03T01:55:51.937+0600][19.430s][info][gc,stats    ]   Rebuild Free Set                   26 us
[2026-04-03T01:55:51.937+0600][19.430s][info][gc,stats    ] Concurrent Thread Roots             602 us, parallelism: 1.64x
[2026-04-03T01:55:51.937+0600][19.430s][info][gc,stats    ]   CTR: <total>                      986 us
[2026-04-03T01:55:51.937+0600][19.430s][info][gc,stats    ]   CTR: Thread Roots                 986 us, workers (us): 339, 337, 310, ---, ---, ---, 
[2026-04-03T01:55:51.937+0600][19.430s][info][gc,stats    ] Concurrent Weak References          273 us, parallelism: 0.45x
[2026-04-03T01:55:51.937+0600][19.430s][info][gc,stats    ]   CWRF: <total>                     124 us
[2026-04-03T01:55:51.937+0600][19.430s][info][gc,stats    ]   CWRF: Weak References             124 us, workers (us):  66,  57,   1, ---, ---, ---, 
[2026-04-03T01:55:51.937+0600][19.430s][info][gc,stats    ] Concurrent Weak Roots              1810 us
[2026-04-03T01:55:51.937+0600][19.430s][info][gc,stats    ]   Roots                            1449 us, parallelism: 2.31x
[2026-04-03T01:55:51.937+0600][19.430s][info][gc,stats    ]     CWR: <total>                   3352 us
[2026-04-03T01:55:51.937+0600][19.430s][info][gc,stats    ]     CWR: Code Cache Roots          2186 us, workers (us): 725, 720, 741, ---, ---, ---, 
[2026-04-03T01:55:51.937+0600][19.430s][info][gc,stats    ]     CWR: VM Weak Roots             1123 us, workers (us): 404, 384, 336, ---, ---, ---, 
[2026-04-03T01:55:51.937+0600][19.430s][info][gc,stats    ]     CWR: CLDG Roots                  43 us, workers (us):  43, ---, ---, ---, ---, ---, 
[2026-04-03T01:55:51.937+0600][19.430s][info][gc,stats    ]   Rendezvous                        267 us
[2026-04-03T01:55:51.937+0600][19.430s][info][gc,stats    ] Concurrent Cleanup                  177 us
[2026-04-03T01:55:51.937+0600][19.430s][info][gc,stats    ] Concurrent Class Unloading         3781 us
[2026-04-03T01:55:51.937+0600][19.430s][info][gc,stats    ]   Unlink Stale                     3263 us
[2026-04-03T01:55:51.937+0600][19.430s][info][gc,stats    ]     System Dictionary                68 us
[2026-04-03T01:55:51.937+0600][19.430s][info][gc,stats    ]     Weak Class Links                  0 us
[2026-04-03T01:55:51.937+0600][19.430s][info][gc,stats    ]     Code Roots                     3191 us
[2026-04-03T01:55:51.937+0600][19.430s][info][gc,stats    ]   Rendezvous                        243 us
[2026-04-03T01:55:51.937+0600][19.430s][info][gc,stats    ]   Purge Unlinked                    181 us
[2026-04-03T01:55:51.937+0600][19.430s][info][gc,stats    ]     Code Roots                      173 us
[2026-04-03T01:55:51.937+0600][19.430s][info][gc,stats    ]     CLDG                              8 us
[2026-04-03T01:55:51.937+0600][19.430s][info][gc,stats    ]     Exception Caches                  0 us
[2026-04-03T01:55:51.937+0600][19.430s][info][gc,stats    ] Concurrent Strong Roots             637 us, parallelism: 0.57x
[2026-04-03T01:55:51.937+0600][19.430s][info][gc,stats    ]   CSR: <total>                      360 us
[2026-04-03T01:55:51.937+0600][19.430s][info][gc,stats    ]   CSR: VM Strong Roots               16 us, workers (us):  16,   0,   0, ---, ---, ---, 
[2026-04-03T01:55:51.937+0600][19.430s][info][gc,stats    ]   CSR: CLDG Roots                   344 us, workers (us): 344, ---, ---, ---, ---, ---, 
[2026-04-03T01:55:51.937+0600][19.430s][info][gc,stats    ] Concurrent Evacuation              9837 us
[2026-04-03T01:55:51.937+0600][19.430s][info][gc,stats    ] Pause Init Update Refs (G)          452 us
[2026-04-03T01:55:51.937+0600][19.430s][info][gc,stats    ] Pause Init Update Refs (N)          134 us
[2026-04-03T01:55:51.937+0600][19.430s][info][gc,stats    ]   Manage GCLABs                      23 us
[2026-04-03T01:55:51.937+0600][19.430s][info][gc,stats    ] Concurrent Update Refs            48791 us
[2026-04-03T01:55:51.937+0600][19.430s][info][gc,stats    ] Concurrent Update Thread Roots      795 us
[2026-04-03T01:55:51.937+0600][19.430s][info][gc,stats    ] Pause Final Update Refs (G)         518 us
[2026-04-03T01:55:51.937+0600][19.430s][info][gc,stats    ] Pause Final Update Refs (N)         200 us
[2026-04-03T01:55:51.937+0600][19.430s][info][gc,stats    ]   Update Region States               37 us
[2026-04-03T01:55:51.937+0600][19.430s][info][gc,stats    ]   Trash Collection Set               17 us
[2026-04-03T01:55:51.937+0600][19.430s][info][gc,stats    ]   Rebuild Free Set                   29 us
[2026-04-03T01:55:51.937+0600][19.430s][info][gc,stats    ] Concurrent Cleanup                  289 us
[2026-04-03T01:55:51.937+0600][19.430s][info][gc,stats    ] Pacing                            65004 us
[2026-04-03T01:55:51.937+0600][19.430s][info][gc,stats    ] 
[2026-04-03T01:55:51.937+0600][19.430s][info][gc,stats    ] Allocation pacing accrued:
[2026-04-03T01:55:51.937+0600][19.430s][info][gc,stats    ]      33 of   232 ms ( 14.1%): Executor task launch worker for task 1.0 in stage 4.0 (TID 7)
[2026-04-03T01:55:51.937+0600][19.430s][info][gc,stats    ]      32 of   232 ms ( 14.0%): Executor task launch worker for task 0.0 in stage 4.0 (TID 6)
[2026-04-03T01:55:51.937+0600][19.430s][info][gc,stats    ]      65 of   232 ms ( 28.0%): <total>
[2026-04-03T01:55:51.937+0600][19.430s][info][gc,stats    ]       1 of   232 ms (  0.3%): <average total>
[2026-04-03T01:55:51.937+0600][19.430s][info][gc,stats    ]      33 of   232 ms ( 14.0%): <average non-zero>
[2026-04-03T01:55:51.937+0600][19.430s][info][gc,stats    ] 
[2026-04-03T01:55:51.937+0600][19.430s][info][gc,metaspace] Metaspace: 66250K(67136K)->66250K(67136K) NonClass: 57827K(58304K)->57827K(58304K) Class: 8423K(8832K)->8423K(8832K)
[2026-04-03T01:55:51.937+0600][19.430s][info][gc,ergo     ] Pacer for Idle. Initial: 10240K, Alloc Tax Rate: 1.0x
[2026-04-03T01:55:51.979+0600][19.472s][info][gc          ] Trigger: Average GC time (147.80 ms) is above the time for average allocation rate (942 MB/s) to deplete free headroom (137M) (margin of error = 1.90)
[2026-04-03T01:55:51.979+0600][19.472s][info][gc,ergo     ] Free headroom: 162M (free) - 25600K (spike) - 0B (penalties) = 137M
[2026-04-03T01:55:51.979+0600][19.472s][info][gc,ergo     ] Free: 162M, Max: 256K regular, 91904K humongous, Frag: 45% external, 0% internal; Reserve: 25600K, Max: 256K
[2026-04-03T01:55:51.979+0600][19.472s][info][gc,start    ] GC(33) Concurrent reset
[2026-04-03T01:55:51.979+0600][19.472s][info][gc,task     ] GC(33) Using 3 of 6 workers for concurrent reset
[2026-04-03T01:55:51.979+0600][19.472s][info][gc,ergo     ] GC(33) Pacer for Reset. Non-Taxable: 500M
[2026-04-03T01:55:51.980+0600][19.473s][info][gc          ] GC(33) Concurrent reset 0.964ms
[2026-04-03T01:55:51.980+0600][19.473s][info][gc,start    ] GC(33) Pause Init Mark (unload classes)
[2026-04-03T01:55:51.980+0600][19.473s][info][gc,task     ] GC(33) Using 6 of 6 workers for init marking
[2026-04-03T01:55:51.981+0600][19.474s][info][gc,ergo     ] GC(33) Pacer for Mark. Expected Live: 104M, Free: 160M, Non-Taxable: 16472K, Alloc Tax Rate: 0.8x
[2026-04-03T01:55:51.981+0600][19.474s][info][gc          ] GC(33) Pause Init Mark (unload classes) 0.122ms
[2026-04-03T01:55:51.981+0600][19.474s][info][gc,start    ] GC(33) Concurrent marking roots
[2026-04-03T01:55:51.981+0600][19.474s][info][gc,task     ] GC(33) Using 3 of 6 workers for concurrent marking roots
[2026-04-03T01:55:51.982+0600][19.475s][info][gc          ] GC(33) Concurrent marking roots 0.855ms
[2026-04-03T01:55:51.982+0600][19.475s][info][gc,start    ] GC(33) Concurrent marking (unload classes)
[2026-04-03T01:55:51.982+0600][19.475s][info][gc,task     ] GC(33) Using 3 of 6 workers for concurrent marking
[2026-04-03T01:55:52.049+0600][19.542s][info][gc          ] GC(33) Concurrent marking (unload classes) 67.346ms
[2026-04-03T01:55:52.049+0600][19.542s][info][gc,start    ] GC(33) Pause Final Mark (unload classes)
[2026-04-03T01:55:52.049+0600][19.542s][info][gc,task     ] GC(33) Using 6 of 6 workers for final marking
[2026-04-03T01:55:52.050+0600][19.543s][info][gc,ergo     ] GC(33) Adaptive CSet Selection. Target Free: 72533K, Actual Free: 243M, Max CSet: 21333K, Min Garbage: 0B
[2026-04-03T01:55:52.050+0600][19.543s][info][gc,ergo     ] GC(33) Collectable Garbage: 187M (98%), Immediate: 89088K (45%), CSet: 100M (52%)
[2026-04-03T01:55:52.050+0600][19.543s][info][gc,ergo     ] GC(33) Pacer for Evacuation. Used CSet: 108M, Free: 218M, Non-Taxable: 22360K, Alloc Tax Rate: 1.2x
[2026-04-03T01:55:52.050+0600][19.543s][info][gc          ] GC(33) Pause Final Mark (unload classes) 0.724ms
[2026-04-03T01:55:52.050+0600][19.543s][info][gc,start    ] GC(33) Concurrent thread roots
[2026-04-03T01:55:52.050+0600][19.543s][info][gc,task     ] GC(33) Using 3 of 6 workers for Concurrent thread roots
[2026-04-03T01:55:52.050+0600][19.543s][info][gc          ] GC(33) Concurrent thread roots 0.515ms
[2026-04-03T01:55:52.051+0600][19.544s][info][gc,start    ] GC(33) Concurrent weak references
[2026-04-03T01:55:52.051+0600][19.544s][info][gc,task     ] GC(33) Using 3 of 6 workers for concurrent weak references
[2026-04-03T01:55:52.051+0600][19.544s][info][gc,ref      ] GC(33) Encountered references: Soft: 3131, Weak: 5694, Final: 74, Phantom: 596
[2026-04-03T01:55:52.051+0600][19.544s][info][gc,ref      ] GC(33) Discovered  references: Soft: 0, Weak: 630, Final: 0, Phantom: 593
[2026-04-03T01:55:52.051+0600][19.544s][info][gc,ref      ] GC(33) Enqueued    references: Soft: 0, Weak: 17, Final: 0, Phantom: 0
[2026-04-03T01:55:52.051+0600][19.544s][info][gc          ] GC(33) Concurrent weak references 0.360ms
[2026-04-03T01:55:52.051+0600][19.544s][info][gc,start    ] GC(33) Concurrent weak roots
[2026-04-03T01:55:52.051+0600][19.544s][info][gc,task     ] GC(33) Using 3 of 6 workers for concurrent weak root
[2026-04-03T01:55:52.053+0600][19.546s][info][gc          ] GC(33) Concurrent weak roots 1.723ms
[2026-04-03T01:55:52.053+0600][19.546s][info][gc,start    ] GC(33) Concurrent cleanup
[2026-04-03T01:55:52.053+0600][19.546s][info][gc          ] GC(33) Concurrent cleanup 342M->255M(385M) 0.171ms
[2026-04-03T01:55:52.053+0600][19.546s][info][gc,ergo     ] GC(33) Free: 218M, Max: 256K regular, 92160K humongous, Frag: 59% external, 0% internal; Reserve: 25591K, Max: 256K
[2026-04-03T01:55:52.053+0600][19.546s][info][gc,start    ] GC(33) Concurrent class unloading
[2026-04-03T01:55:52.053+0600][19.546s][info][gc,task     ] GC(33) Using 3 of 6 workers for concurrent class unloading
[2026-04-03T01:55:52.058+0600][19.551s][info][gc          ] GC(33) Concurrent class unloading 5.113ms
[2026-04-03T01:55:52.058+0600][19.551s][info][gc,start    ] GC(33) Concurrent strong roots
[2026-04-03T01:55:52.058+0600][19.551s][info][gc,task     ] GC(33) Using 3 of 6 workers for concurrent strong root
[2026-04-03T01:55:52.059+0600][19.552s][info][gc          ] GC(33) Concurrent strong roots 0.706ms
[2026-04-03T01:55:52.059+0600][19.552s][info][gc,start    ] GC(33) Concurrent evacuation
[2026-04-03T01:55:52.059+0600][19.552s][info][gc,task     ] GC(33) Using 3 of 6 workers for concurrent evacuation
[2026-04-03T01:55:52.068+0600][19.561s][info][gc          ] GC(33) Concurrent evacuation 9.160ms
[2026-04-03T01:55:52.068+0600][19.561s][info][gc,start    ] GC(33) Pause Init Update Refs
[2026-04-03T01:55:52.068+0600][19.561s][info][gc,ergo     ] GC(33) Pacer for Update Refs. Used: 280M, Free: 201M, Non-Taxable: 20645K, Alloc Tax Rate: 1.7x
[2026-04-03T01:55:52.068+0600][19.561s][info][gc          ] GC(33) Pause Init Update Refs 0.091ms
[2026-04-03T01:55:52.068+0600][19.561s][info][gc,start    ] GC(33) Concurrent update references
[2026-04-03T01:55:52.068+0600][19.561s][info][gc,task     ] GC(33) Using 3 of 6 workers for concurrent reference update
[2026-04-03T01:55:52.133+0600][19.626s][info][gc          ] GC(33) Concurrent update references 64.496ms
[2026-04-03T01:55:52.133+0600][19.626s][info][gc,start    ] GC(33) Concurrent update thread roots
[2026-04-03T01:55:52.134+0600][19.627s][info][gc          ] GC(33) Concurrent update thread roots 0.767ms
[2026-04-03T01:55:52.134+0600][19.627s][info][gc,start    ] GC(33) Pause Final Update Refs
[2026-04-03T01:55:52.134+0600][19.627s][info][gc,task     ] GC(33) Using 6 of 6 workers for final reference update
[2026-04-03T01:55:52.134+0600][19.627s][info][gc          ] GC(33) Pause Final Update Refs 0.146ms
[2026-04-03T01:55:52.134+0600][19.627s][info][gc,start    ] GC(33) Concurrent cleanup
[2026-04-03T01:55:52.134+0600][19.627s][info][gc          ] GC(33) Concurrent cleanup 365M->258M(393M) 0.205ms
[2026-04-03T01:55:52.134+0600][19.627s][info][gc,ergo     ] Free: 215M, Max: 256K regular, 106M humongous, Frag: 51% external, 0% internal; Reserve: 25600K, Max: 256K
[2026-04-03T01:55:52.135+0600][19.628s][info][gc,stats    ] 
[2026-04-03T01:55:52.135+0600][19.628s][info][gc,stats    ] All times are wall-clock times, except per-root-class counters, that are sum over
[2026-04-03T01:55:52.135+0600][19.628s][info][gc,stats    ] all workers. Dividing the <total> over the root stage time estimates parallelism.
[2026-04-03T01:55:52.135+0600][19.628s][info][gc,stats    ] 
[2026-04-03T01:55:52.135+0600][19.628s][info][gc,stats    ] Concurrent Reset                   1026 us
[2026-04-03T01:55:52.135+0600][19.628s][info][gc,stats    ] Pause Init Mark (G)                 443 us
[2026-04-03T01:55:52.135+0600][19.628s][info][gc,stats    ] Pause Init Mark (N)                 152 us
[2026-04-03T01:55:52.135+0600][19.628s][info][gc,stats    ]   Update Region States               19 us
[2026-04-03T01:55:52.135+0600][19.628s][info][gc,stats    ] Concurrent Mark Roots               937 us, parallelism: 1.78x
[2026-04-03T01:55:52.135+0600][19.628s][info][gc,stats    ]   CMR: <total>                     1667 us
[2026-04-03T01:55:52.135+0600][19.628s][info][gc,stats    ]   CMR: Thread Roots                1410 us, workers (us): 553, 330, 526, ---, ---, ---, 
[2026-04-03T01:55:52.135+0600][19.628s][info][gc,stats    ]   CMR: VM Strong Roots               27 us, workers (us):  23,   3,   1, ---, ---, ---, 
[2026-04-03T01:55:52.135+0600][19.628s][info][gc,stats    ]   CMR: CLDG Roots                   230 us, workers (us): ---, 230, ---, ---, ---, ---, 
[2026-04-03T01:55:52.135+0600][19.628s][info][gc,stats    ] Concurrent Marking                67428 us
[2026-04-03T01:55:52.135+0600][19.628s][info][gc,stats    ] Pause Final Mark (G)                922 us
[2026-04-03T01:55:52.135+0600][19.628s][info][gc,stats    ] Pause Final Mark (N)                738 us
[2026-04-03T01:55:52.135+0600][19.628s][info][gc,stats    ]   Finish Mark                       304 us
[2026-04-03T01:55:52.135+0600][19.628s][info][gc,stats    ]   Update Region States               32 us
[2026-04-03T01:55:52.135+0600][19.628s][info][gc,stats    ]   Choose Collection Set             264 us
[2026-04-03T01:55:52.135+0600][19.628s][info][gc,stats    ]   Rebuild Free Set                   25 us
[2026-04-03T01:55:52.135+0600][19.628s][info][gc,stats    ] Concurrent Thread Roots             594 us, parallelism: 1.91x
[2026-04-03T01:55:52.135+0600][19.628s][info][gc,stats    ]   CTR: <total>                     1135 us
[2026-04-03T01:55:52.135+0600][19.628s][info][gc,stats    ]   CTR: Thread Roots                1135 us, workers (us): 398, 367, 370, ---, ---, ---, 
[2026-04-03T01:55:52.135+0600][19.628s][info][gc,stats    ] Concurrent Weak References          374 us, parallelism: 0.49x
[2026-04-03T01:55:52.135+0600][19.628s][info][gc,stats    ]   CWRF: <total>                     185 us
[2026-04-03T01:55:52.135+0600][19.628s][info][gc,stats    ]   CWRF: Weak References             185 us, workers (us):  73, 103,   8, ---, ---, ---, 
[2026-04-03T01:55:52.135+0600][19.628s][info][gc,stats    ] Concurrent Weak Roots              1797 us
[2026-04-03T01:55:52.135+0600][19.628s][info][gc,stats    ]   Roots                            1523 us, parallelism: 2.29x
[2026-04-03T01:55:52.135+0600][19.628s][info][gc,stats    ]     CWR: <total>                   3491 us
[2026-04-03T01:55:52.135+0600][19.628s][info][gc,stats    ]     CWR: Code Cache Roots          2294 us, workers (us): 710, 852, 732, ---, ---, ---, 
[2026-04-03T01:55:52.135+0600][19.628s][info][gc,stats    ]     CWR: VM Weak Roots             1115 us, workers (us): 408, 376, 332, ---, ---, ---, 
[2026-04-03T01:55:52.135+0600][19.628s][info][gc,stats    ]     CWR: CLDG Roots                  82 us, workers (us):  82, ---, ---, ---, ---, ---, 
[2026-04-03T01:55:52.135+0600][19.628s][info][gc,stats    ]   Rendezvous                        174 us
[2026-04-03T01:55:52.135+0600][19.628s][info][gc,stats    ] Concurrent Cleanup                  188 us
[2026-04-03T01:55:52.135+0600][19.628s][info][gc,stats    ] Concurrent Class Unloading         5229 us
[2026-04-03T01:55:52.135+0600][19.628s][info][gc,stats    ]   Unlink Stale                     4702 us
[2026-04-03T01:55:52.135+0600][19.628s][info][gc,stats    ]     System Dictionary                92 us
[2026-04-03T01:55:52.135+0600][19.628s][info][gc,stats    ]     Weak Class Links                  0 us
[2026-04-03T01:55:52.135+0600][19.628s][info][gc,stats    ]     Code Roots                     4604 us
[2026-04-03T01:55:52.135+0600][19.628s][info][gc,stats    ]   Rendezvous                        217 us
[2026-04-03T01:55:52.135+0600][19.628s][info][gc,stats    ]   Purge Unlinked                    159 us
[2026-04-03T01:55:52.135+0600][19.628s][info][gc,stats    ]     Code Roots                      148 us
[2026-04-03T01:55:52.135+0600][19.628s][info][gc,stats    ]     CLDG                             11 us
[2026-04-03T01:55:52.135+0600][19.628s][info][gc,stats    ]     Exception Caches                  0 us
[2026-04-03T01:55:52.135+0600][19.628s][info][gc,stats    ] Concurrent Strong Roots             746 us, parallelism: 0.61x
[2026-04-03T01:55:52.135+0600][19.628s][info][gc,stats    ]   CSR: <total>                      454 us
[2026-04-03T01:55:52.135+0600][19.628s][info][gc,stats    ]   CSR: VM Strong Roots               26 us, workers (us):  17,   8,   0, ---, ---, ---, 
[2026-04-03T01:55:52.135+0600][19.628s][info][gc,stats    ]   CSR: CLDG Roots                   428 us, workers (us): 428, ---, ---, ---, ---, ---, 
[2026-04-03T01:55:52.135+0600][19.628s][info][gc,stats    ] Concurrent Evacuation              9247 us
[2026-04-03T01:55:52.135+0600][19.628s][info][gc,stats    ] Pause Init Update Refs (G)          239 us
[2026-04-03T01:55:52.135+0600][19.628s][info][gc,stats    ] Pause Init Update Refs (N)          112 us
[2026-04-03T01:55:52.135+0600][19.628s][info][gc,stats    ]   Manage GCLABs                      14 us
[2026-04-03T01:55:52.135+0600][19.628s][info][gc,stats    ] Concurrent Update Refs            64582 us
[2026-04-03T01:55:52.135+0600][19.628s][info][gc,stats    ] Concurrent Update Thread Roots      805 us
[2026-04-03T01:55:52.135+0600][19.628s][info][gc,stats    ] Pause Final Update Refs (G)         402 us
[2026-04-03T01:55:52.135+0600][19.628s][info][gc,stats    ] Pause Final Update Refs (N)         161 us
[2026-04-03T01:55:52.135+0600][19.628s][info][gc,stats    ]   Update Region States               37 us
[2026-04-03T01:55:52.135+0600][19.628s][info][gc,stats    ]   Trash Collection Set               16 us
[2026-04-03T01:55:52.135+0600][19.628s][info][gc,stats    ]   Rebuild Free Set                   30 us
[2026-04-03T01:55:52.135+0600][19.628s][info][gc,stats    ] Concurrent Cleanup                  225 us
[2026-04-03T01:55:52.135+0600][19.628s][info][gc,stats    ] Pacing                            98372 us
[2026-04-03T01:55:52.135+0600][19.628s][info][gc,stats    ] 
[2026-04-03T01:55:52.135+0600][19.628s][info][gc,stats    ] Allocation pacing accrued:
[2026-04-03T01:55:52.135+0600][19.628s][info][gc,stats    ]      11 of   198 ms (  5.7%): Spark Context Cleaner
[2026-04-03T01:55:52.135+0600][19.628s][info][gc,stats    ]      44 of   198 ms ( 22.0%): Executor task launch worker for task 1.0 in stage 4.0 (TID 7)
[2026-04-03T01:55:52.135+0600][19.628s][info][gc,stats    ]      44 of   198 ms ( 22.0%): Executor task launch worker for task 0.0 in stage 4.0 (TID 6)
[2026-04-03T01:55:52.135+0600][19.628s][info][gc,stats    ]      98 of   198 ms ( 49.7%): <total>
[2026-04-03T01:55:52.135+0600][19.628s][info][gc,stats    ]       1 of   198 ms (  0.6%): <average total>
[2026-04-03T01:55:52.135+0600][19.628s][info][gc,stats    ]      33 of   198 ms ( 16.6%): <average non-zero>
[2026-04-03T01:55:52.135+0600][19.628s][info][gc,stats    ] 
[2026-04-03T01:55:52.135+0600][19.628s][info][gc,metaspace] Metaspace: 66467K(67264K)->66553K(67328K) NonClass: 58013K(58432K)->58073K(58496K) Class: 8454K(8832K)->8480K(8832K)
[2026-04-03T01:55:52.135+0600][19.628s][info][gc,ergo     ] Pacer for Idle. Initial: 10240K, Alloc Tax Rate: 1.0x
[2026-04-03T01:55:52.150+0600][19.643s][info][gc          ] Trigger: Average GC time (171.95 ms) is above the time for average allocation rate (920 MB/s) to deplete free headroom (157M) (margin of error = 1.92)
[2026-04-03T01:55:52.150+0600][19.643s][info][gc,ergo     ] Free headroom: 182M (free) - 25600K (spike) - 0B (penalties) = 157M
[2026-04-03T01:55:52.150+0600][19.643s][info][gc,ergo     ] Free: 181M, Max: 256K regular, 106M humongous, Frag: 42% external, 0% internal; Reserve: 25600K, Max: 256K
[2026-04-03T01:55:52.150+0600][19.643s][info][gc,start    ] GC(34) Concurrent reset
[2026-04-03T01:55:52.150+0600][19.643s][info][gc,task     ] GC(34) Using 3 of 6 workers for concurrent reset
[2026-04-03T01:55:52.150+0600][19.643s][info][gc,ergo     ] GC(34) Pacer for Reset. Non-Taxable: 500M
[2026-04-03T01:55:52.151+0600][19.644s][info][gc          ] GC(34) Concurrent reset 0.896ms
[2026-04-03T01:55:52.151+0600][19.644s][info][gc,start    ] GC(34) Pause Init Mark (unload classes)
[2026-04-03T01:55:52.151+0600][19.644s][info][gc,task     ] GC(34) Using 6 of 6 workers for init marking
[2026-04-03T01:55:52.151+0600][19.644s][info][gc,ergo     ] GC(34) Pacer for Mark. Expected Live: 108M, Free: 179M, Non-Taxable: 18392K, Alloc Tax Rate: 0.7x
[2026-04-03T01:55:52.151+0600][19.644s][info][gc          ] GC(34) Pause Init Mark (unload classes) 0.110ms
[2026-04-03T01:55:52.151+0600][19.644s][info][gc,start    ] GC(34) Concurrent marking roots
[2026-04-03T01:55:52.151+0600][19.644s][info][gc,task     ] GC(34) Using 3 of 6 workers for concurrent marking roots
[2026-04-03T01:55:52.152+0600][19.645s][info][gc          ] GC(34) Concurrent marking roots 0.651ms
[2026-04-03T01:55:52.152+0600][19.645s][info][gc,start    ] GC(34) Concurrent marking (unload classes)
[2026-04-03T01:55:52.152+0600][19.645s][info][gc,task     ] GC(34) Using 3 of 6 workers for concurrent marking
[2026-04-03T01:55:52.212+0600][19.705s][info][gc          ] GC(34) Concurrent marking (unload classes) 60.347ms
[2026-04-03T01:55:52.213+0600][19.706s][info][gc,start    ] GC(34) Pause Final Mark (unload classes)
[2026-04-03T01:55:52.213+0600][19.706s][info][gc,task     ] GC(34) Using 6 of 6 workers for final marking
[2026-04-03T01:55:52.213+0600][19.706s][info][gc,ergo     ] GC(34) Adaptive CSet Selection. Target Free: 72533K, Actual Free: 240M, Max CSet: 21333K, Min Garbage: 0B
[2026-04-03T01:55:52.213+0600][19.706s][info][gc,ergo     ] GC(34) Collectable Garbage: 160M (98%), Immediate: 71424K (42%), CSet: 93081K (55%)
[2026-04-03T01:55:52.213+0600][19.706s][info][gc,ergo     ] GC(34) Pacer for Evacuation. Used CSet: 100352K, Free: 215M, Non-Taxable: 22104K, Alloc Tax Rate: 1.1x
[2026-04-03T01:55:52.213+0600][19.706s][info][gc          ] GC(34) Pause Final Mark (unload classes) 0.683ms
[2026-04-03T01:55:52.213+0600][19.706s][info][gc,start    ] GC(34) Concurrent thread roots
[2026-04-03T01:55:52.213+0600][19.706s][info][gc,task     ] GC(34) Using 3 of 6 workers for Concurrent thread roots
[2026-04-03T01:55:52.214+0600][19.707s][info][gc          ] GC(34) Concurrent thread roots 0.650ms
[2026-04-03T01:55:52.214+0600][19.707s][info][gc,start    ] GC(34) Concurrent weak references
[2026-04-03T01:55:52.214+0600][19.707s][info][gc,task     ] GC(34) Using 3 of 6 workers for concurrent weak references
[2026-04-03T01:55:52.214+0600][19.707s][info][gc,ref      ] GC(34) Encountered references: Soft: 3136, Weak: 5723, Final: 74, Phantom: 597
[2026-04-03T01:55:52.214+0600][19.707s][info][gc,ref      ] GC(34) Discovered  references: Soft: 0, Weak: 554, Final: 0, Phantom: 594
[2026-04-03T01:55:52.214+0600][19.707s][info][gc,ref      ] GC(34) Enqueued    references: Soft: 0, Weak: 18, Final: 0, Phantom: 0
[2026-04-03T01:55:52.214+0600][19.707s][info][gc          ] GC(34) Concurrent weak references 0.297ms
[2026-04-03T01:55:52.214+0600][19.707s][info][gc,start    ] GC(34) Concurrent weak roots
[2026-04-03T01:55:52.214+0600][19.707s][info][gc,task     ] GC(34) Using 3 of 6 workers for concurrent weak root
[2026-04-03T01:55:52.216+0600][19.709s][info][gc          ] GC(34) Concurrent weak roots 1.624ms
[2026-04-03T01:55:52.216+0600][19.709s][info][gc,start    ] GC(34) Concurrent cleanup
[2026-04-03T01:55:52.216+0600][19.709s][info][gc          ] GC(34) Concurrent cleanup 330M->260M(393M) 0.161ms
[2026-04-03T01:55:52.216+0600][19.709s][info][gc,ergo     ] GC(34) Free: 212M, Max: 256K regular, 106M humongous, Frag: 50% external, 0% internal; Reserve: 25581K, Max: 256K
[2026-04-03T01:55:52.216+0600][19.709s][info][gc,start    ] GC(34) Concurrent class unloading
[2026-04-03T01:55:52.216+0600][19.709s][info][gc,task     ] GC(34) Using 3 of 6 workers for concurrent class unloading
[2026-04-03T01:55:52.220+0600][19.713s][info][gc          ] GC(34) Concurrent class unloading 3.903ms
[2026-04-03T01:55:52.220+0600][19.713s][info][gc,start    ] GC(34) Concurrent strong roots
[2026-04-03T01:55:52.220+0600][19.713s][info][gc,task     ] GC(34) Using 3 of 6 workers for concurrent strong root
[2026-04-03T01:55:52.221+0600][19.714s][info][gc          ] GC(34) Concurrent strong roots 0.555ms
[2026-04-03T01:55:52.221+0600][19.714s][info][gc,start    ] GC(34) Concurrent evacuation
[2026-04-03T01:55:52.221+0600][19.714s][info][gc,task     ] GC(34) Using 3 of 6 workers for concurrent evacuation
[2026-04-03T01:55:52.229+0600][19.722s][info][gc          ] GC(34) Concurrent evacuation 8.167ms
[2026-04-03T01:55:52.229+0600][19.722s][info][gc,start    ] GC(34) Pause Init Update Refs
[2026-04-03T01:55:52.229+0600][19.722s][info][gc,ergo     ] GC(34) Pacer for Update Refs. Used: 286M, Free: 194M, Non-Taxable: 19928K, Alloc Tax Rate: 1.8x
[2026-04-03T01:55:52.229+0600][19.722s][info][gc          ] GC(34) Pause Init Update Refs 0.107ms
[2026-04-03T01:55:52.229+0600][19.722s][info][gc,start    ] GC(34) Concurrent update references
[2026-04-03T01:55:52.230+0600][19.723s][info][gc,task     ] GC(34) Using 3 of 6 workers for concurrent reference update
[2026-04-03T01:55:52.288+0600][19.781s][info][gc          ] GC(34) Concurrent update references 58.286ms
[2026-04-03T01:55:52.288+0600][19.781s][info][gc,start    ] GC(34) Concurrent update thread roots
[2026-04-03T01:55:52.289+0600][19.782s][info][gc          ] GC(34) Concurrent update thread roots 0.755ms
[2026-04-03T01:55:52.289+0600][19.782s][info][gc,start    ] GC(34) Pause Final Update Refs
[2026-04-03T01:55:52.289+0600][19.782s][info][gc,task     ] GC(34) Using 6 of 6 workers for final reference update
[2026-04-03T01:55:52.289+0600][19.782s][info][gc          ] GC(34) Pause Final Update Refs 0.237ms
[2026-04-03T01:55:52.289+0600][19.782s][info][gc,start    ] GC(34) Concurrent cleanup
[2026-04-03T01:55:52.289+0600][19.782s][info][gc          ] GC(34) Concurrent cleanup 383M->285M(400M) 0.200ms
[2026-04-03T01:55:52.289+0600][19.782s][info][gc,ergo     ] Free: 187M, Max: 256K regular, 92928K humongous, Frag: 52% external, 0% internal; Reserve: 25600K, Max: 256K
[2026-04-03T01:55:52.289+0600][19.782s][info][gc,stats    ] 
[2026-04-03T01:55:52.289+0600][19.782s][info][gc,stats    ] All times are wall-clock times, except per-root-class counters, that are sum over
[2026-04-03T01:55:52.289+0600][19.782s][info][gc,stats    ] all workers. Dividing the <total> over the root stage time estimates parallelism.
[2026-04-03T01:55:52.289+0600][19.782s][info][gc,stats    ] 
[2026-04-03T01:55:52.289+0600][19.782s][info][gc,stats    ] Concurrent Reset                    946 us
[2026-04-03T01:55:52.289+0600][19.783s][info][gc,stats    ] Pause Init Mark (G)                 410 us
[2026-04-03T01:55:52.290+0600][19.783s][info][gc,stats    ] Pause Init Mark (N)                 120 us
[2026-04-03T01:55:52.290+0600][19.783s][info][gc,stats    ]   Update Region States               17 us
[2026-04-03T01:55:52.290+0600][19.783s][info][gc,stats    ] Concurrent Mark Roots               687 us, parallelism: 1.54x
[2026-04-03T01:55:52.290+0600][19.783s][info][gc,stats    ]   CMR: <total>                     1060 us
[2026-04-03T01:55:52.290+0600][19.783s][info][gc,stats    ]   CMR: Thread Roots                 879 us, workers (us): 194, 343, 342, ---, ---, ---, 
[2026-04-03T01:55:52.290+0600][19.783s][info][gc,stats    ]   CMR: VM Strong Roots               20 us, workers (us):  19,   0,   0, ---, ---, ---, 
[2026-04-03T01:55:52.290+0600][19.783s][info][gc,stats    ]   CMR: CLDG Roots                   161 us, workers (us): 161, ---, ---, ---, ---, ---, 
[2026-04-03T01:55:52.290+0600][19.783s][info][gc,stats    ] Concurrent Marking                60423 us
[2026-04-03T01:55:52.290+0600][19.783s][info][gc,stats    ] Pause Final Mark (G)                809 us
[2026-04-03T01:55:52.290+0600][19.783s][info][gc,stats    ] Pause Final Mark (N)                719 us
[2026-04-03T01:55:52.290+0600][19.783s][info][gc,stats    ]   Finish Mark                       319 us
[2026-04-03T01:55:52.290+0600][19.783s][info][gc,stats    ]   Update Region States               31 us
[2026-04-03T01:55:52.290+0600][19.783s][info][gc,stats    ]   Choose Collection Set             237 us
[2026-04-03T01:55:52.290+0600][19.783s][info][gc,stats    ]   Rebuild Free Set                   26 us
[2026-04-03T01:55:52.290+0600][19.783s][info][gc,stats    ] Concurrent Thread Roots             727 us, parallelism: 1.57x
[2026-04-03T01:55:52.290+0600][19.783s][info][gc,stats    ]   CTR: <total>                     1141 us
[2026-04-03T01:55:52.290+0600][19.783s][info][gc,stats    ]   CTR: Thread Roots                1141 us, workers (us): 392, 375, 374, ---, ---, ---, 
[2026-04-03T01:55:52.290+0600][19.783s][info][gc,stats    ] Concurrent Weak References          311 us, parallelism: 0.53x
[2026-04-03T01:55:52.290+0600][19.783s][info][gc,stats    ]   CWRF: <total>                     164 us
[2026-04-03T01:55:52.290+0600][19.783s][info][gc,stats    ]   CWRF: Weak References             164 us, workers (us):  98,  66,   1, ---, ---, ---, 
[2026-04-03T01:55:52.290+0600][19.783s][info][gc,stats    ] Concurrent Weak Roots              1670 us
[2026-04-03T01:55:52.290+0600][19.783s][info][gc,stats    ]   Roots                            1426 us, parallelism: 2.35x
[2026-04-03T01:55:52.290+0600][19.783s][info][gc,stats    ]     CWR: <total>                   3351 us
[2026-04-03T01:55:52.290+0600][19.783s][info][gc,stats    ]     CWR: Code Cache Roots          2042 us, workers (us): 684, 705, 653, ---, ---, ---, 
[2026-04-03T01:55:52.290+0600][19.783s][info][gc,stats    ]     CWR: VM Weak Roots             1267 us, workers (us): 472, 423, 372, ---, ---, ---, 
[2026-04-03T01:55:52.290+0600][19.783s][info][gc,stats    ]     CWR: CLDG Roots                  42 us, workers (us): ---,  42, ---, ---, ---, ---, 
[2026-04-03T01:55:52.290+0600][19.783s][info][gc,stats    ]   Rendezvous                        169 us
[2026-04-03T01:55:52.290+0600][19.783s][info][gc,stats    ] Concurrent Cleanup                  178 us
[2026-04-03T01:55:52.290+0600][19.783s][info][gc,stats    ] Concurrent Class Unloading         3978 us
[2026-04-03T01:55:52.290+0600][19.783s][info][gc,stats    ]   Unlink Stale                     3571 us
[2026-04-03T01:55:52.290+0600][19.783s][info][gc,stats    ]     System Dictionary                50 us
[2026-04-03T01:55:52.290+0600][19.783s][info][gc,stats    ]     Weak Class Links                  0 us
[2026-04-03T01:55:52.290+0600][19.783s][info][gc,stats    ]     Code Roots                     3517 us
[2026-04-03T01:55:52.290+0600][19.783s][info][gc,stats    ]   Rendezvous                        165 us
[2026-04-03T01:55:52.290+0600][19.783s][info][gc,stats    ]   Purge Unlinked                    144 us
[2026-04-03T01:55:52.290+0600][19.783s][info][gc,stats    ]     Code Roots                      138 us
[2026-04-03T01:55:52.290+0600][19.783s][info][gc,stats    ]     CLDG                              5 us
[2026-04-03T01:55:52.290+0600][19.783s][info][gc,stats    ]     Exception Caches                  0 us
[2026-04-03T01:55:52.290+0600][19.783s][info][gc,stats    ] Concurrent Strong Roots             579 us, parallelism: 0.66x
[2026-04-03T01:55:52.290+0600][19.783s][info][gc,stats    ]   CSR: <total>                      382 us
[2026-04-03T01:55:52.290+0600][19.783s][info][gc,stats    ]   CSR: VM Strong Roots               21 us, workers (us):  19,   1,   0, ---, ---, ---, 
[2026-04-03T01:55:52.290+0600][19.783s][info][gc,stats    ]   CSR: CLDG Roots                   362 us, workers (us): 362, ---, ---, ---, ---, ---, 
[2026-04-03T01:55:52.290+0600][19.783s][info][gc,stats    ] Concurrent Evacuation              8239 us
[2026-04-03T01:55:52.290+0600][19.783s][info][gc,stats    ] Pause Init Update Refs (G)          452 us
[2026-04-03T01:55:52.290+0600][19.783s][info][gc,stats    ] Pause Init Update Refs (N)          121 us
[2026-04-03T01:55:52.290+0600][19.783s][info][gc,stats    ]   Manage GCLABs                      13 us
[2026-04-03T01:55:52.290+0600][19.783s][info][gc,stats    ] Concurrent Update Refs            58375 us
[2026-04-03T01:55:52.290+0600][19.783s][info][gc,stats    ] Concurrent Update Thread Roots      796 us
[2026-04-03T01:55:52.290+0600][19.783s][info][gc,stats    ] Pause Final Update Refs (G)         469 us
[2026-04-03T01:55:52.290+0600][19.783s][info][gc,stats    ] Pause Final Update Refs (N)         259 us
[2026-04-03T01:55:52.290+0600][19.783s][info][gc,stats    ]   Update Region States              134 us
[2026-04-03T01:55:52.290+0600][19.783s][info][gc,stats    ]   Trash Collection Set               16 us
[2026-04-03T01:55:52.290+0600][19.783s][info][gc,stats    ]   Rebuild Free Set                   30 us
[2026-04-03T01:55:52.290+0600][19.783s][info][gc,stats    ] Concurrent Cleanup                  221 us
[2026-04-03T01:55:52.290+0600][19.783s][info][gc,stats    ] Pacing                            87174 us
[2026-04-03T01:55:52.290+0600][19.783s][info][gc,stats    ] 
[2026-04-03T01:55:52.290+0600][19.783s][info][gc,stats    ] Allocation pacing accrued:
[2026-04-03T01:55:52.290+0600][19.783s][info][gc,stats    ]      44 of   155 ms ( 28.1%): Executor task launch worker for task 1.0 in stage 4.0 (TID 7)
[2026-04-03T01:55:52.290+0600][19.783s][info][gc,stats    ]      44 of   155 ms ( 28.1%): Executor task launch worker for task 0.0 in stage 4.0 (TID 6)
[2026-04-03T01:55:52.290+0600][19.783s][info][gc,stats    ]      87 of   155 ms ( 56.3%): <total>
[2026-04-03T01:55:52.290+0600][19.783s][info][gc,stats    ]       1 of   155 ms (  0.6%): <average total>
[2026-04-03T01:55:52.290+0600][19.783s][info][gc,stats    ]      44 of   155 ms ( 28.1%): <average non-zero>
[2026-04-03T01:55:52.290+0600][19.783s][info][gc,stats    ] 
[2026-04-03T01:55:52.290+0600][19.783s][info][gc,metaspace] Metaspace: 66554K(67328K)->66554K(67328K) NonClass: 58073K(58496K)->58073K(58496K) Class: 8480K(8832K)->8480K(8832K)
[2026-04-03T01:55:52.290+0600][19.783s][info][gc,ergo     ] Pacer for Idle. Initial: 10240K, Alloc Tax Rate: 1.0x
[2026-04-03T01:55:52.291+0600][19.784s][info][gc          ] Trigger: Average GC time (162.29 ms) is above the time for average allocation rate (1033 MB/s) to deplete free headroom (159M) (margin of error = 1.94)
[2026-04-03T01:55:52.291+0600][19.784s][info][gc,ergo     ] Free headroom: 184M (free) - 25600K (spike) - 0B (penalties) = 159M
[2026-04-03T01:55:52.291+0600][19.784s][info][gc,ergo     ] Free: 183M, Max: 256K regular, 92928K humongous, Frag: 51% external, 0% internal; Reserve: 25600K, Max: 256K
[2026-04-03T01:55:52.291+0600][19.785s][info][gc,start    ] GC(35) Concurrent reset
[2026-04-03T01:55:52.292+0600][19.785s][info][gc,task     ] GC(35) Using 3 of 6 workers for concurrent reset
[2026-04-03T01:55:52.292+0600][19.785s][info][gc,ergo     ] GC(35) Pacer for Reset. Non-Taxable: 500M
[2026-04-03T01:55:52.293+0600][19.786s][info][gc          ] GC(35) Concurrent reset 1.080ms
[2026-04-03T01:55:52.293+0600][19.786s][info][gc,start    ] GC(35) Pause Init Mark (unload classes)
[2026-04-03T01:55:52.293+0600][19.786s][info][gc,task     ] GC(35) Using 6 of 6 workers for init marking
[2026-04-03T01:55:52.293+0600][19.786s][info][gc,ergo     ] GC(35) Pacer for Mark. Expected Live: 114M, Free: 181M, Non-Taxable: 18571K, Alloc Tax Rate: 0.8x
[2026-04-03T01:55:52.293+0600][19.786s][info][gc          ] GC(35) Pause Init Mark (unload classes) 0.104ms
[2026-04-03T01:55:52.293+0600][19.786s][info][gc,start    ] GC(35) Concurrent marking roots
[2026-04-03T01:55:52.293+0600][19.786s][info][gc,task     ] GC(35) Using 3 of 6 workers for concurrent marking roots
[2026-04-03T01:55:52.294+0600][19.787s][info][gc          ] GC(35) Concurrent marking roots 0.795ms
[2026-04-03T01:55:52.294+0600][19.787s][info][gc,start    ] GC(35) Concurrent marking (unload classes)
[2026-04-03T01:55:52.294+0600][19.787s][info][gc,task     ] GC(35) Using 3 of 6 workers for concurrent marking
[2026-04-03T01:55:52.358+0600][19.851s][info][gc          ] GC(35) Concurrent marking (unload classes) 63.781ms
[2026-04-03T01:55:52.358+0600][19.851s][info][gc,start    ] GC(35) Pause Final Mark (unload classes)
[2026-04-03T01:55:52.358+0600][19.851s][info][gc,task     ] GC(35) Using 6 of 6 workers for final marking
[2026-04-03T01:55:52.358+0600][19.851s][info][gc,ergo     ] GC(35) Adaptive CSet Selection. Target Free: 72533K, Actual Free: 230M, Max CSet: 21333K, Min Garbage: 0B
[2026-04-03T01:55:52.358+0600][19.851s][info][gc,ergo     ] GC(35) Collectable Garbage: 151M (97%), Immediate: 58880K (37%), CSet: 96230K (60%)
[2026-04-03T01:55:52.358+0600][19.851s][info][gc,ergo     ] GC(35) Pacer for Evacuation. Used CSet: 101M, Free: 205M, Non-Taxable: 21029K, Alloc Tax Rate: 1.2x
[2026-04-03T01:55:52.358+0600][19.851s][info][gc          ] GC(35) Pause Final Mark (unload classes) 0.725ms
[2026-04-03T01:55:52.359+0600][19.852s][info][gc,start    ] GC(35) Concurrent thread roots
[2026-04-03T01:55:52.359+0600][19.852s][info][gc,task     ] GC(35) Using 3 of 6 workers for Concurrent thread roots
[2026-04-03T01:55:52.359+0600][19.852s][info][gc          ] GC(35) Concurrent thread roots 0.485ms
[2026-04-03T01:55:52.359+0600][19.852s][info][gc,start    ] GC(35) Concurrent weak references
[2026-04-03T01:55:52.359+0600][19.852s][info][gc,task     ] GC(35) Using 3 of 6 workers for concurrent weak references
[2026-04-03T01:55:52.359+0600][19.852s][info][gc,ref      ] GC(35) Encountered references: Soft: 3136, Weak: 5705, Final: 74, Phantom: 597
[2026-04-03T01:55:52.359+0600][19.852s][info][gc,ref      ] GC(35) Discovered  references: Soft: 0, Weak: 467, Final: 0, Phantom: 594
[2026-04-03T01:55:52.359+0600][19.852s][info][gc,ref      ] GC(35) Enqueued    references: Soft: 0, Weak: 0, Final: 0, Phantom: 0
[2026-04-03T01:55:52.359+0600][19.852s][info][gc          ] GC(35) Concurrent weak references 0.317ms
[2026-04-03T01:55:52.359+0600][19.852s][info][gc,start    ] GC(35) Concurrent weak roots
[2026-04-03T01:55:52.359+0600][19.852s][info][gc,task     ] GC(35) Using 3 of 6 workers for concurrent weak root
[2026-04-03T01:55:52.361+0600][19.854s][info][gc          ] GC(35) Concurrent weak roots 1.749ms
[2026-04-03T01:55:52.361+0600][19.854s][info][gc,start    ] GC(35) Concurrent cleanup
[2026-04-03T01:55:52.361+0600][19.854s][info][gc          ] GC(35) Concurrent cleanup 328M->270M(400M) 0.176ms
[2026-04-03T01:55:52.361+0600][19.854s][info][gc,ergo     ] GC(35) Free: 202M, Max: 256K regular, 92928K humongous, Frag: 56% external, 0% internal; Reserve: 25600K, Max: 256K
[2026-04-03T01:55:52.361+0600][19.854s][info][gc,start    ] GC(35) Concurrent class unloading
[2026-04-03T01:55:52.361+0600][19.854s][info][gc,task     ] GC(35) Using 3 of 6 workers for concurrent class unloading
[2026-04-03T01:55:52.366+0600][19.859s][info][gc          ] GC(35) Concurrent class unloading 4.237ms
[2026-04-03T01:55:52.366+0600][19.859s][info][gc,start    ] GC(35) Concurrent strong roots
[2026-04-03T01:55:52.366+0600][19.859s][info][gc,task     ] GC(35) Using 3 of 6 workers for concurrent strong root
[2026-04-03T01:55:52.366+0600][19.859s][info][gc          ] GC(35) Concurrent strong roots 0.619ms
[2026-04-03T01:55:52.366+0600][19.859s][info][gc,start    ] GC(35) Concurrent evacuation
[2026-04-03T01:55:52.366+0600][19.859s][info][gc,task     ] GC(35) Using 3 of 6 workers for concurrent evacuation
[2026-04-03T01:55:52.375+0600][19.868s][info][gc          ] GC(35) Concurrent evacuation 8.502ms
[2026-04-03T01:55:52.375+0600][19.868s][info][gc,start    ] GC(35) Pause Init Update Refs
[2026-04-03T01:55:52.375+0600][19.868s][info][gc,ergo     ] GC(35) Pacer for Update Refs. Used: 301M, Free: 179M, Non-Taxable: 18392K, Alloc Tax Rate: 2.1x
[2026-04-03T01:55:52.375+0600][19.868s][info][gc          ] GC(35) Pause Init Update Refs 0.063ms
[2026-04-03T01:55:52.375+0600][19.868s][info][gc,start    ] GC(35) Concurrent update references
[2026-04-03T01:55:52.375+0600][19.868s][info][gc,task     ] GC(35) Using 3 of 6 workers for concurrent reference update
[2026-04-03T01:55:52.438+0600][19.931s][info][gc          ] GC(35) Concurrent update references 62.983ms
[2026-04-03T01:55:52.438+0600][19.931s][info][gc,start    ] GC(35) Concurrent update thread roots
[2026-04-03T01:55:52.439+0600][19.932s][info][gc          ] GC(35) Concurrent update thread roots 0.783ms
[2026-04-03T01:55:52.439+0600][19.932s][info][gc,start    ] GC(35) Pause Final Update Refs
[2026-04-03T01:55:52.439+0600][19.932s][info][gc,task     ] GC(35) Using 6 of 6 workers for final reference update
[2026-04-03T01:55:52.439+0600][19.932s][info][gc          ] GC(35) Pause Final Update Refs 0.141ms
[2026-04-03T01:55:52.440+0600][19.933s][info][gc,start    ] GC(35) Concurrent cleanup
[2026-04-03T01:55:52.440+0600][19.933s][info][gc          ] GC(35) Concurrent cleanup 386M->285M(407M) 0.215ms
[2026-04-03T01:55:52.440+0600][19.933s][info][gc,ergo     ] Free: 187M, Max: 256K regular, 94464K humongous, Frag: 51% external, 0% internal; Reserve: 25600K, Max: 256K
[2026-04-03T01:55:52.440+0600][19.933s][info][gc,stats    ] 
[2026-04-03T01:55:52.440+0600][19.933s][info][gc,stats    ] All times are wall-clock times, except per-root-class counters, that are sum over
[2026-04-03T01:55:52.440+0600][19.933s][info][gc,stats    ] all workers. Dividing the <total> over the root stage time estimates parallelism.
[2026-04-03T01:55:52.440+0600][19.933s][info][gc,stats    ] 
[2026-04-03T01:55:52.440+0600][19.933s][info][gc,stats    ] Concurrent Reset                   1140 us
[2026-04-03T01:55:52.440+0600][19.933s][info][gc,stats    ] Pause Init Mark (G)                 325 us
[2026-04-03T01:55:52.440+0600][19.933s][info][gc,stats    ] Pause Init Mark (N)                 117 us
[2026-04-03T01:55:52.440+0600][19.933s][info][gc,stats    ]   Update Region States               25 us
[2026-04-03T01:55:52.440+0600][19.933s][info][gc,stats    ] Concurrent Mark Roots               842 us, parallelism: 1.51x
[2026-04-03T01:55:52.440+0600][19.933s][info][gc,stats    ]   CMR: <total>                     1272 us
[2026-04-03T01:55:52.440+0600][19.933s][info][gc,stats    ]   CMR: Thread Roots                1037 us, workers (us): 231, 434, 371, ---, ---, ---, 
[2026-04-03T01:55:52.440+0600][19.933s][info][gc,stats    ]   CMR: VM Strong Roots               25 us, workers (us):  24,   0,   1, ---, ---, ---, 
[2026-04-03T01:55:52.440+0600][19.933s][info][gc,stats    ]   CMR: CLDG Roots                   210 us, workers (us): 210, ---, ---, ---, ---, ---, 
[2026-04-03T01:55:52.440+0600][19.933s][info][gc,stats    ] Concurrent Marking                63849 us
[2026-04-03T01:55:52.440+0600][19.933s][info][gc,stats    ] Pause Final Mark (G)                864 us
[2026-04-03T01:55:52.440+0600][19.933s][info][gc,stats    ] Pause Final Mark (N)                740 us
[2026-04-03T01:55:52.440+0600][19.933s][info][gc,stats    ]   Finish Mark                       312 us
[2026-04-03T01:55:52.440+0600][19.933s][info][gc,stats    ]   Update Region States               36 us
[2026-04-03T01:55:52.440+0600][19.933s][info][gc,stats    ]   Choose Collection Set             256 us
[2026-04-03T01:55:52.440+0600][19.933s][info][gc,stats    ]   Rebuild Free Set                   33 us
[2026-04-03T01:55:52.440+0600][19.933s][info][gc,stats    ] Concurrent Thread Roots             530 us, parallelism: 1.51x
[2026-04-03T01:55:52.440+0600][19.933s][info][gc,stats    ]   CTR: <total>                      800 us
[2026-04-03T01:55:52.440+0600][19.933s][info][gc,stats    ]   CTR: Thread Roots                 800 us, workers (us): 334, 245, 221, ---, ---, ---, 
[2026-04-03T01:55:52.440+0600][19.933s][info][gc,stats    ] Concurrent Weak References          327 us, parallelism: 0.33x
[2026-04-03T01:55:52.440+0600][19.933s][info][gc,stats    ]   CWRF: <total>                     107 us
[2026-04-03T01:55:52.440+0600][19.933s][info][gc,stats    ]   CWRF: Weak References             107 us, workers (us):  56,  49,   1, ---, ---, ---, 
[2026-04-03T01:55:52.440+0600][19.933s][info][gc,stats    ] Concurrent Weak Roots              1799 us
[2026-04-03T01:55:52.440+0600][19.933s][info][gc,stats    ]   Roots                            1533 us, parallelism: 2.38x
[2026-04-03T01:55:52.440+0600][19.933s][info][gc,stats    ]     CWR: <total>                   3644 us
[2026-04-03T01:55:52.440+0600][19.933s][info][gc,stats    ]     CWR: Code Cache Roots          2465 us, workers (us): 837, 802, 826, ---, ---, ---, 
[2026-04-03T01:55:52.440+0600][19.933s][info][gc,stats    ]     CWR: VM Weak Roots             1090 us, workers (us): 436, 327, 327, ---, ---, ---, 
[2026-04-03T01:55:52.440+0600][19.933s][info][gc,stats    ]     CWR: CLDG Roots                  88 us, workers (us): ---,  88, ---, ---, ---, ---, 
[2026-04-03T01:55:52.440+0600][19.933s][info][gc,stats    ]   Rendezvous                        193 us
[2026-04-03T01:55:52.440+0600][19.933s][info][gc,stats    ] Concurrent Cleanup                  189 us
[2026-04-03T01:55:52.440+0600][19.933s][info][gc,stats    ] Concurrent Class Unloading         4331 us
[2026-04-03T01:55:52.440+0600][19.933s][info][gc,stats    ]   Unlink Stale                     4000 us
[2026-04-03T01:55:52.440+0600][19.933s][info][gc,stats    ]     System Dictionary                73 us
[2026-04-03T01:55:52.440+0600][19.933s][info][gc,stats    ]     Weak Class Links                  0 us
[2026-04-03T01:55:52.440+0600][19.933s][info][gc,stats    ]     Code Roots                     3923 us
[2026-04-03T01:55:52.440+0600][19.933s][info][gc,stats    ]   Rendezvous                        170 us
[2026-04-03T01:55:52.440+0600][19.933s][info][gc,stats    ]   Purge Unlinked                     37 us
[2026-04-03T01:55:52.440+0600][19.933s][info][gc,stats    ]     Code Roots                       31 us
[2026-04-03T01:55:52.440+0600][19.933s][info][gc,stats    ]     CLDG                              5 us
[2026-04-03T01:55:52.440+0600][19.933s][info][gc,stats    ]     Exception Caches                  0 us
[2026-04-03T01:55:52.440+0600][19.933s][info][gc,stats    ] Concurrent Strong Roots             700 us, parallelism: 0.41x
[2026-04-03T01:55:52.440+0600][19.933s][info][gc,stats    ]   CSR: <total>                      284 us
[2026-04-03T01:55:52.440+0600][19.933s][info][gc,stats    ]   CSR: VM Strong Roots               17 us, workers (us):  14,   2,   0, ---, ---, ---, 
[2026-04-03T01:55:52.440+0600][19.933s][info][gc,stats    ]   CSR: CLDG Roots                   267 us, workers (us): 267, ---, ---, ---, ---, ---, 
[2026-04-03T01:55:52.440+0600][19.933s][info][gc,stats    ] Concurrent Evacuation              8584 us
[2026-04-03T01:55:52.440+0600][19.933s][info][gc,stats    ] Pause Init Update Refs (G)          279 us
[2026-04-03T01:55:52.440+0600][19.933s][info][gc,stats    ] Pause Init Update Refs (N)           75 us
[2026-04-03T01:55:52.440+0600][19.933s][info][gc,stats    ]   Manage GCLABs                      13 us
[2026-04-03T01:55:52.440+0600][19.933s][info][gc,stats    ] Concurrent Update Refs            63070 us
[2026-04-03T01:55:52.440+0600][19.933s][info][gc,stats    ] Concurrent Update Thread Roots      819 us
[2026-04-03T01:55:52.440+0600][19.933s][info][gc,stats    ] Pause Final Update Refs (G)         356 us
[2026-04-03T01:55:52.440+0600][19.933s][info][gc,stats    ] Pause Final Update Refs (N)         163 us
[2026-04-03T01:55:52.440+0600][19.933s][info][gc,stats    ]   Update Region States               39 us
[2026-04-03T01:55:52.440+0600][19.933s][info][gc,stats    ]   Trash Collection Set               19 us
[2026-04-03T01:55:52.440+0600][19.933s][info][gc,stats    ]   Rebuild Free Set                   32 us
[2026-04-03T01:55:52.440+0600][19.933s][info][gc,stats    ] Concurrent Cleanup                  238 us
[2026-04-03T01:55:52.440+0600][19.933s][info][gc,stats    ] Pacing                           104797 us
[2026-04-03T01:55:52.440+0600][19.933s][info][gc,stats    ] 
[2026-04-03T01:55:52.440+0600][19.934s][info][gc,stats    ] Allocation pacing accrued:
[2026-04-03T01:55:52.441+0600][19.934s][info][gc,stats    ]      11 of   150 ms (  7.4%): Spark Context Cleaner
[2026-04-03T01:55:52.441+0600][19.934s][info][gc,stats    ]      48 of   150 ms ( 32.0%): Executor task launch worker for task 1.0 in stage 4.0 (TID 7)
[2026-04-03T01:55:52.441+0600][19.934s][info][gc,stats    ]      45 of   150 ms ( 30.2%): Executor task launch worker for task 0.0 in stage 4.0 (TID 6)
[2026-04-03T01:55:52.441+0600][19.934s][info][gc,stats    ]     105 of   150 ms ( 69.7%): <total>
[2026-04-03T01:55:52.441+0600][19.934s][info][gc,stats    ]       1 of   150 ms (  0.8%): <average total>
[2026-04-03T01:55:52.441+0600][19.934s][info][gc,stats    ]      35 of   150 ms ( 23.2%): <average non-zero>
[2026-04-03T01:55:52.441+0600][19.934s][info][gc,stats    ] 
[2026-04-03T01:55:52.441+0600][19.934s][info][gc,metaspace] Metaspace: 66554K(67328K)->66561K(67328K) NonClass: 58073K(58496K)->58081K(58496K) Class: 8480K(8832K)->8480K(8832K)
[2026-04-03T01:55:52.441+0600][19.934s][info][gc,ergo     ] Pacer for Idle. Initial: 10240K, Alloc Tax Rate: 1.0x
[2026-04-03T01:55:52.442+0600][19.935s][info][gc          ] Trigger: Average GC time (161.84 ms) is above the time for average allocation rate (1030 MB/s) to deplete free headroom (159M) (margin of error = 1.95)
[2026-04-03T01:55:52.442+0600][19.935s][info][gc,ergo     ] Free headroom: 184M (free) - 25600K (spike) - 0B (penalties) = 159M
[2026-04-03T01:55:52.442+0600][19.935s][info][gc,ergo     ] Free: 184M, Max: 256K regular, 94464K humongous, Frag: 50% external, 0% internal; Reserve: 25600K, Max: 256K
[2026-04-03T01:55:52.442+0600][19.935s][info][gc,start    ] GC(36) Concurrent reset
[2026-04-03T01:55:52.442+0600][19.935s][info][gc,task     ] GC(36) Using 3 of 6 workers for concurrent reset
[2026-04-03T01:55:52.442+0600][19.935s][info][gc,ergo     ] GC(36) Pacer for Reset. Non-Taxable: 500M
[2026-04-03T01:55:52.443+0600][19.936s][info][gc          ] GC(36) Concurrent reset 0.994ms
[2026-04-03T01:55:52.443+0600][19.936s][info][gc,start    ] GC(36) Pause Init Mark (unload classes)
[2026-04-03T01:55:52.443+0600][19.936s][info][gc,task     ] GC(36) Using 6 of 6 workers for init marking
[2026-04-03T01:55:52.443+0600][19.936s][info][gc,ergo     ] GC(36) Pacer for Mark. Expected Live: 121M, Free: 182M, Non-Taxable: 18725K, Alloc Tax Rate: 0.8x
[2026-04-03T01:55:52.443+0600][19.936s][info][gc          ] GC(36) Pause Init Mark (unload classes) 0.130ms
[2026-04-03T01:55:52.443+0600][19.936s][info][gc,start    ] GC(36) Concurrent marking roots
[2026-04-03T01:55:52.443+0600][19.936s][info][gc,task     ] GC(36) Using 3 of 6 workers for concurrent marking roots
[2026-04-03T01:55:52.444+0600][19.937s][info][gc          ] GC(36) Concurrent marking roots 0.741ms
[2026-04-03T01:55:52.444+0600][19.937s][info][gc,start    ] GC(36) Concurrent marking (unload classes)
[2026-04-03T01:55:52.444+0600][19.937s][info][gc,task     ] GC(36) Using 3 of 6 workers for concurrent marking
[2026-04-03T01:55:52.502+0600][19.995s][info][gc          ] GC(36) Concurrent marking (unload classes) 58.252ms
[2026-04-03T01:55:52.503+0600][19.996s][info][gc,start    ] GC(36) Pause Final Mark (unload classes)
[2026-04-03T01:55:52.503+0600][19.996s][info][gc,task     ] GC(36) Using 6 of 6 workers for final marking
[2026-04-03T01:55:52.503+0600][19.996s][info][gc,ergo     ] GC(36) Adaptive CSet Selection. Target Free: 72533K, Actual Free: 252M, Max CSet: 21333K, Min Garbage: 0B
[2026-04-03T01:55:52.503+0600][19.996s][info][gc,ergo     ] GC(36) Collectable Garbage: 144M (97%), Immediate: 79616K (52%), CSet: 68479K (45%)
[2026-04-03T01:55:52.503+0600][19.996s][info][gc,ergo     ] GC(36) Pacer for Evacuation. Used CSet: 74240K, Free: 227M, Non-Taxable: 23333K, Alloc Tax Rate: 1.1x
[2026-04-03T01:55:52.503+0600][19.996s][info][gc          ] GC(36) Pause Final Mark (unload classes) 0.643ms
[2026-04-03T01:55:52.503+0600][19.996s][info][gc,start    ] GC(36) Concurrent thread roots
[2026-04-03T01:55:52.503+0600][19.996s][info][gc,task     ] GC(36) Using 3 of 6 workers for Concurrent thread roots
[2026-04-03T01:55:52.504+0600][19.997s][info][gc          ] GC(36) Concurrent thread roots 0.473ms
[2026-04-03T01:55:52.504+0600][19.997s][info][gc,start    ] GC(36) Concurrent weak references
[2026-04-03T01:55:52.504+0600][19.997s][info][gc,task     ] GC(36) Using 3 of 6 workers for concurrent weak references
[2026-04-03T01:55:52.504+0600][19.997s][info][gc,ref      ] GC(36) Encountered references: Soft: 3137, Weak: 5710, Final: 74, Phantom: 597
[2026-04-03T01:55:52.504+0600][19.997s][info][gc,ref      ] GC(36) Discovered  references: Soft: 0, Weak: 1025, Final: 0, Phantom: 594
[2026-04-03T01:55:52.504+0600][19.997s][info][gc,ref      ] GC(36) Enqueued    references: Soft: 0, Weak: 0, Final: 0, Phantom: 0
[2026-04-03T01:55:52.504+0600][19.997s][info][gc          ] GC(36) Concurrent weak references 0.355ms
[2026-04-03T01:55:52.504+0600][19.997s][info][gc,start    ] GC(36) Concurrent weak roots
[2026-04-03T01:55:52.504+0600][19.997s][info][gc,task     ] GC(36) Using 3 of 6 workers for concurrent weak root
[2026-04-03T01:55:52.506+0600][19.999s][info][gc          ] GC(36) Concurrent weak roots 1.381ms
[2026-04-03T01:55:52.506+0600][19.999s][info][gc,start    ] GC(36) Concurrent cleanup
[2026-04-03T01:55:52.506+0600][19.999s][info][gc          ] GC(36) Concurrent cleanup 323M->245M(407M) 0.155ms
[2026-04-03T01:55:52.506+0600][19.999s][info][gc,ergo     ] GC(36) Free: 227M, Max: 256K regular, 94464K humongous, Frag: 60% external, 0% internal; Reserve: 25593K, Max: 256K
[2026-04-03T01:55:52.506+0600][19.999s][info][gc,start    ] GC(36) Concurrent class unloading
[2026-04-03T01:55:52.506+0600][19.999s][info][gc,task     ] GC(36) Using 3 of 6 workers for concurrent class unloading
[2026-04-03T01:55:52.509+0600][20.002s][info][gc          ] GC(36) Concurrent class unloading 3.250ms
[2026-04-03T01:55:52.509+0600][20.002s][info][gc,start    ] GC(36) Concurrent strong roots
[2026-04-03T01:55:52.509+0600][20.002s][info][gc,task     ] GC(36) Using 3 of 6 workers for concurrent strong root
[2026-04-03T01:55:52.510+0600][20.003s][info][gc          ] GC(36) Concurrent strong roots 0.445ms
[2026-04-03T01:55:52.510+0600][20.003s][info][gc,start    ] GC(36) Concurrent evacuation
[2026-04-03T01:55:52.510+0600][20.003s][info][gc,task     ] GC(36) Using 3 of 6 workers for concurrent evacuation
[2026-04-03T01:55:52.514+0600][20.007s][info][gc          ] GC(36) Concurrent evacuation 4.548ms
[2026-04-03T01:55:52.514+0600][20.007s][info][gc,start    ] GC(36) Pause Init Update Refs
[2026-04-03T01:55:52.514+0600][20.007s][info][gc,ergo     ] GC(36) Pacer for Update Refs. Used: 259M, Free: 220M, Non-Taxable: 22539K, Alloc Tax Rate: 1.4x
[2026-04-03T01:55:52.514+0600][20.007s][info][gc          ] GC(36) Pause Init Update Refs 0.074ms
[2026-04-03T01:55:52.514+0600][20.007s][info][gc,start    ] GC(36) Concurrent update references
[2026-04-03T01:55:52.514+0600][20.007s][info][gc,task     ] GC(36) Using 3 of 6 workers for concurrent reference update
[2026-04-03T01:55:52.569+0600][20.062s][info][gc          ] GC(36) Concurrent update references 54.088ms
[2026-04-03T01:55:52.569+0600][20.062s][info][gc,start    ] GC(36) Concurrent update thread roots
[2026-04-03T01:55:52.569+0600][20.062s][info][gc          ] GC(36) Concurrent update thread roots 0.803ms
[2026-04-03T01:55:52.570+0600][20.063s][info][gc,start    ] GC(36) Pause Final Update Refs
[2026-04-03T01:55:52.570+0600][20.063s][info][gc,task     ] GC(36) Using 6 of 6 workers for final reference update
[2026-04-03T01:55:52.570+0600][20.063s][info][gc          ] GC(36) Pause Final Update Refs 0.213ms
[2026-04-03T01:55:52.570+0600][20.063s][info][gc,start    ] GC(36) Concurrent cleanup
[2026-04-03T01:55:52.570+0600][20.063s][info][gc          ] GC(36) Concurrent cleanup 329M->257M(412M) 0.159ms
[2026-04-03T01:55:52.570+0600][20.063s][info][gc,ergo     ] Free: 216M, Max: 256K regular, 89088K humongous, Frag: 60% external, 0% internal; Reserve: 25600K, Max: 256K
[2026-04-03T01:55:52.570+0600][20.063s][info][gc,stats    ] 
[2026-04-03T01:55:52.570+0600][20.063s][info][gc,stats    ] All times are wall-clock times, except per-root-class counters, that are sum over
[2026-04-03T01:55:52.570+0600][20.063s][info][gc,stats    ] all workers. Dividing the <total> over the root stage time estimates parallelism.
[2026-04-03T01:55:52.570+0600][20.063s][info][gc,stats    ] 
[2026-04-03T01:55:52.570+0600][20.063s][info][gc,stats    ] Concurrent Reset                   1045 us
[2026-04-03T01:55:52.570+0600][20.063s][info][gc,stats    ] Pause Init Mark (G)                 340 us
[2026-04-03T01:55:52.570+0600][20.063s][info][gc,stats    ] Pause Init Mark (N)                 142 us
[2026-04-03T01:55:52.570+0600][20.063s][info][gc,stats    ]   Update Region States               51 us
[2026-04-03T01:55:52.570+0600][20.063s][info][gc,stats    ] Concurrent Mark Roots               793 us, parallelism: 1.22x
[2026-04-03T01:55:52.570+0600][20.063s][info][gc,stats    ]   CMR: <total>                      968 us
[2026-04-03T01:55:52.570+0600][20.063s][info][gc,stats    ]   CMR: Thread Roots                 775 us, workers (us): 169, 304, 301, ---, ---, ---, 
[2026-04-03T01:55:52.570+0600][20.063s][info][gc,stats    ]   CMR: VM Strong Roots               24 us, workers (us):  22,   1,   1, ---, ---, ---, 
[2026-04-03T01:55:52.570+0600][20.063s][info][gc,stats    ]   CMR: CLDG Roots                   170 us, workers (us): 170, ---, ---, ---, ---, ---, 
[2026-04-03T01:55:52.570+0600][20.063s][info][gc,stats    ] Concurrent Marking                58314 us
[2026-04-03T01:55:52.570+0600][20.063s][info][gc,stats    ] Pause Final Mark (G)                789 us
[2026-04-03T01:55:52.570+0600][20.063s][info][gc,stats    ] Pause Final Mark (N)                654 us
[2026-04-03T01:55:52.570+0600][20.063s][info][gc,stats    ]   Finish Mark                       330 us
[2026-04-03T01:55:52.570+0600][20.063s][info][gc,stats    ]   Update Region States               31 us
[2026-04-03T01:55:52.570+0600][20.063s][info][gc,stats    ]   Choose Collection Set             190 us
[2026-04-03T01:55:52.570+0600][20.063s][info][gc,stats    ]   Rebuild Free Set                   29 us
[2026-04-03T01:55:52.570+0600][20.063s][info][gc,stats    ] Concurrent Thread Roots             501 us, parallelism: 1.42x
[2026-04-03T01:55:52.570+0600][20.063s][info][gc,stats    ]   CTR: <total>                      712 us
[2026-04-03T01:55:52.570+0600][20.063s][info][gc,stats    ]   CTR: Thread Roots                 712 us, workers (us): 261, 234, 217, ---, ---, ---, 
[2026-04-03T01:55:52.570+0600][20.063s][info][gc,stats    ] Concurrent Weak References          365 us, parallelism: 0.52x
[2026-04-03T01:55:52.570+0600][20.063s][info][gc,stats    ]   CWRF: <total>                     188 us
[2026-04-03T01:55:52.570+0600][20.063s][info][gc,stats    ]   CWRF: Weak References             188 us, workers (us): 145,  43,   0, ---, ---, ---, 
[2026-04-03T01:55:52.570+0600][20.063s][info][gc,stats    ] Concurrent Weak Roots              1424 us
[2026-04-03T01:55:52.570+0600][20.063s][info][gc,stats    ]   Roots                            1237 us, parallelism: 2.26x
[2026-04-03T01:55:52.570+0600][20.063s][info][gc,stats    ]     CWR: <total>                   2793 us
[2026-04-03T01:55:52.570+0600][20.063s][info][gc,stats    ]     CWR: Code Cache Roots          1752 us, workers (us): 580, 580, 591, ---, ---, ---, 
[2026-04-03T01:55:52.570+0600][20.063s][info][gc,stats    ]     CWR: VM Weak Roots             1001 us, workers (us): 358, 334, 309, ---, ---, ---, 
[2026-04-03T01:55:52.570+0600][20.063s][info][gc,stats    ]     CWR: CLDG Roots                  40 us, workers (us):  40, ---, ---, ---, ---, ---, 
[2026-04-03T01:55:52.570+0600][20.063s][info][gc,stats    ]   Rendezvous                        124 us
[2026-04-03T01:55:52.570+0600][20.063s][info][gc,stats    ] Concurrent Cleanup                  170 us
[2026-04-03T01:55:52.570+0600][20.063s][info][gc,stats    ] Concurrent Class Unloading         3296 us
[2026-04-03T01:55:52.570+0600][20.064s][info][gc,stats    ]   Unlink Stale                     2849 us
[2026-04-03T01:55:52.571+0600][20.064s][info][gc,stats    ]     System Dictionary                49 us
[2026-04-03T01:55:52.571+0600][20.064s][info][gc,stats    ]     Weak Class Links                  0 us
[2026-04-03T01:55:52.571+0600][20.064s][info][gc,stats    ]     Code Roots                     2796 us
[2026-04-03T01:55:52.571+0600][20.064s][info][gc,stats    ]   Rendezvous                        194 us
[2026-04-03T01:55:52.571+0600][20.064s][info][gc,stats    ]   Purge Unlinked                    184 us
[2026-04-03T01:55:52.571+0600][20.064s][info][gc,stats    ]     Code Roots                      178 us
[2026-04-03T01:55:52.571+0600][20.064s][info][gc,stats    ]     CLDG                              6 us
[2026-04-03T01:55:52.571+0600][20.064s][info][gc,stats    ]     Exception Caches                  0 us
[2026-04-03T01:55:52.571+0600][20.064s][info][gc,stats    ] Concurrent Strong Roots             473 us, parallelism: 0.62x
[2026-04-03T01:55:52.571+0600][20.064s][info][gc,stats    ]   CSR: <total>                      296 us
[2026-04-03T01:55:52.571+0600][20.064s][info][gc,stats    ]   CSR: VM Strong Roots               17 us, workers (us):  16,   1,   0, ---, ---, ---, 
[2026-04-03T01:55:52.571+0600][20.064s][info][gc,stats    ]   CSR: CLDG Roots                   279 us, workers (us): 279, ---, ---, ---, ---, ---, 
[2026-04-03T01:55:52.571+0600][20.064s][info][gc,stats    ] Concurrent Evacuation              4609 us
[2026-04-03T01:55:52.571+0600][20.064s][info][gc,stats    ] Pause Init Update Refs (G)          263 us
[2026-04-03T01:55:52.571+0600][20.064s][info][gc,stats    ] Pause Init Update Refs (N)           87 us
[2026-04-03T01:55:52.571+0600][20.064s][info][gc,stats    ]   Manage GCLABs                      11 us
[2026-04-03T01:55:52.571+0600][20.064s][info][gc,stats    ] Concurrent Update Refs            54167 us
[2026-04-03T01:55:52.571+0600][20.064s][info][gc,stats    ] Concurrent Update Thread Roots      881 us
[2026-04-03T01:55:52.571+0600][20.064s][info][gc,stats    ] Pause Final Update Refs (G)         436 us
[2026-04-03T01:55:52.571+0600][20.064s][info][gc,stats    ] Pause Final Update Refs (N)         223 us
[2026-04-03T01:55:52.571+0600][20.064s][info][gc,stats    ]   Update Region States               57 us
[2026-04-03T01:55:52.571+0600][20.064s][info][gc,stats    ]   Trash Collection Set               13 us
[2026-04-03T01:55:52.571+0600][20.064s][info][gc,stats    ]   Rebuild Free Set                   27 us
[2026-04-03T01:55:52.571+0600][20.064s][info][gc,stats    ] Concurrent Cleanup                  173 us
[2026-04-03T01:55:52.571+0600][20.064s][info][gc,stats    ] Pacing                            87674 us
[2026-04-03T01:55:52.571+0600][20.064s][info][gc,stats    ] 
[2026-04-03T01:55:52.571+0600][20.064s][info][gc,stats    ] Allocation pacing accrued:
[2026-04-03T01:55:52.571+0600][20.064s][info][gc,stats    ]      44 of   130 ms ( 33.9%): Executor task launch worker for task 1.0 in stage 4.0 (TID 7)
[2026-04-03T01:55:52.571+0600][20.064s][info][gc,stats    ]      44 of   130 ms ( 33.5%): Executor task launch worker for task 0.0 in stage 4.0 (TID 6)
[2026-04-03T01:55:52.571+0600][20.064s][info][gc,stats    ]      88 of   130 ms ( 67.3%): <total>
[2026-04-03T01:55:52.571+0600][20.064s][info][gc,stats    ]       1 of   130 ms (  0.8%): <average total>
[2026-04-03T01:55:52.571+0600][20.064s][info][gc,stats    ]      44 of   130 ms ( 33.7%): <average non-zero>
[2026-04-03T01:55:52.571+0600][20.064s][info][gc,stats    ] 
[2026-04-03T01:55:52.571+0600][20.064s][info][gc,metaspace] Metaspace: 66561K(67328K)->66562K(67328K) NonClass: 58081K(58496K)->58082K(58496K) Class: 8480K(8832K)->8480K(8832K)
[2026-04-03T01:55:52.571+0600][20.064s][info][gc,ergo     ] Pacer for Idle. Initial: 10240K, Alloc Tax Rate: 1.0x
[2026-04-03T01:55:52.598+0600][20.091s][info][gc          ] Trigger: Average GC time (156.35 ms) is above the time for average allocation rate (974 MB/s) to deplete free headroom (151M) (margin of error = 1.96)
[2026-04-03T01:55:52.598+0600][20.091s][info][gc,ergo     ] Free headroom: 176M (free) - 25600K (spike) - 0B (penalties) = 151M
[2026-04-03T01:55:52.598+0600][20.091s][info][gc,ergo     ] Free: 176M, Max: 256K regular, 89088K humongous, Frag: 51% external, 0% internal; Reserve: 25600K, Max: 256K
[2026-04-03T01:55:52.598+0600][20.091s][info][gc,start    ] GC(37) Concurrent reset
[2026-04-03T01:55:52.598+0600][20.091s][info][gc,task     ] GC(37) Using 3 of 6 workers for concurrent reset
[2026-04-03T01:55:52.598+0600][20.091s][info][gc,ergo     ] GC(37) Pacer for Reset. Non-Taxable: 500M
[2026-04-03T01:55:52.599+0600][20.092s][info][gc          ] GC(37) Concurrent reset 0.691ms
[2026-04-03T01:55:52.599+0600][20.092s][info][gc,start    ] GC(37) Pause Init Mark (unload classes)
[2026-04-03T01:55:52.599+0600][20.092s][info][gc,task     ] GC(37) Using 6 of 6 workers for init marking
[2026-04-03T01:55:52.599+0600][20.092s][info][gc,ergo     ] GC(37) Pacer for Mark. Expected Live: 129M, Free: 175M, Non-Taxable: 17983K, Alloc Tax Rate: 0.9x
[2026-04-03T01:55:52.599+0600][20.092s][info][gc          ] GC(37) Pause Init Mark (unload classes) 0.113ms
[2026-04-03T01:55:52.599+0600][20.092s][info][gc,start    ] GC(37) Concurrent marking roots
[2026-04-03T01:55:52.599+0600][20.092s][info][gc,task     ] GC(37) Using 3 of 6 workers for concurrent marking roots
[2026-04-03T01:55:52.600+0600][20.093s][info][gc          ] GC(37) Concurrent marking roots 0.584ms
[2026-04-03T01:55:52.600+0600][20.093s][info][gc,start    ] GC(37) Concurrent marking (unload classes)
[2026-04-03T01:55:52.600+0600][20.093s][info][gc,task     ] GC(37) Using 3 of 6 workers for concurrent marking
[2026-04-03T01:55:52.652+0600][20.145s][info][gc          ] GC(37) Concurrent marking (unload classes) 52.889ms
[2026-04-03T01:55:52.653+0600][20.146s][info][gc,start    ] GC(37) Pause Final Mark (unload classes)
[2026-04-03T01:55:52.653+0600][20.146s][info][gc,task     ] GC(37) Using 6 of 6 workers for final marking
[2026-04-03T01:55:52.653+0600][20.146s][info][gc,ergo     ] GC(37) Collectable Garbage: 149M (96%), Immediate: 149M (96%), CSet: 0B (0%)
[2026-04-03T01:55:52.653+0600][20.146s][info][gc          ] GC(37) Pause Final Mark (unload classes) 0.541ms
[2026-04-03T01:55:52.653+0600][20.146s][info][gc,start    ] GC(37) Concurrent weak references
[2026-04-03T01:55:52.653+0600][20.146s][info][gc,task     ] GC(37) Using 3 of 6 workers for concurrent weak references
[2026-04-03T01:55:52.654+0600][20.147s][info][gc,ref      ] GC(37) Encountered references: Soft: 3142, Weak: 5732, Final: 74, Phantom: 597
[2026-04-03T01:55:52.654+0600][20.147s][info][gc,ref      ] GC(37) Discovered  references: Soft: 0, Weak: 1077, Final: 0, Phantom: 594
[2026-04-03T01:55:52.654+0600][20.147s][info][gc,ref      ] GC(37) Enqueued    references: Soft: 0, Weak: 7, Final: 0, Phantom: 0
[2026-04-03T01:55:52.654+0600][20.147s][info][gc          ] GC(37) Concurrent weak references 0.398ms
[2026-04-03T01:55:52.654+0600][20.147s][info][gc,start    ] GC(37) Concurrent weak roots
[2026-04-03T01:55:52.654+0600][20.147s][info][gc,task     ] GC(37) Using 3 of 6 workers for concurrent weak root
[2026-04-03T01:55:52.655+0600][20.148s][info][gc          ] GC(37) Concurrent weak roots 1.495ms
[2026-04-03T01:55:52.655+0600][20.148s][info][gc,start    ] GC(37) Concurrent cleanup
[2026-04-03T01:55:52.655+0600][20.148s][info][gc          ] GC(37) Concurrent cleanup 328M->179M(412M) 0.196ms
[2026-04-03T01:55:52.655+0600][20.148s][info][gc,ergo     ] GC(37) Free: 293M, Max: 256K regular, 89088K humongous, Frag: 71% external, 0% internal; Reserve: 25600K, Max: 256K
[2026-04-03T01:55:52.655+0600][20.148s][info][gc,start    ] GC(37) Concurrent class unloading
[2026-04-03T01:55:52.655+0600][20.148s][info][gc,task     ] GC(37) Using 3 of 6 workers for concurrent class unloading
[2026-04-03T01:55:52.659+0600][20.152s][info][gc          ] GC(37) Concurrent class unloading 3.476ms
[2026-04-03T01:55:52.659+0600][20.152s][info][gc,start    ] GC(37) Pause Final Roots
[2026-04-03T01:55:52.659+0600][20.152s][info][gc          ] GC(37) Pause Final Roots 0.042ms
[2026-04-03T01:55:52.659+0600][20.152s][info][gc,ergo     ] Free: 290M, Max: 256K regular, 89088K humongous, Frag: 71% external, 0% internal; Reserve: 25600K, Max: 256K
[2026-04-03T01:55:52.659+0600][20.152s][info][gc,stats    ] 
[2026-04-03T01:55:52.659+0600][20.152s][info][gc,stats    ] All times are wall-clock times, except per-root-class counters, that are sum over
[2026-04-03T01:55:52.659+0600][20.152s][info][gc,stats    ] all workers. Dividing the <total> over the root stage time estimates parallelism.
[2026-04-03T01:55:52.659+0600][20.152s][info][gc,stats    ] 
[2026-04-03T01:55:52.659+0600][20.152s][info][gc,stats    ] Concurrent Reset                    729 us
[2026-04-03T01:55:52.659+0600][20.152s][info][gc,stats    ] Pause Init Mark (G)                 370 us
[2026-04-03T01:55:52.659+0600][20.152s][info][gc,stats    ] Pause Init Mark (N)                 121 us
[2026-04-03T01:55:52.659+0600][20.152s][info][gc,stats    ]   Update Region States               21 us
[2026-04-03T01:55:52.659+0600][20.152s][info][gc,stats    ] Concurrent Mark Roots               613 us, parallelism: 1.47x
[2026-04-03T01:55:52.659+0600][20.152s][info][gc,stats    ]   CMR: <total>                      901 us
[2026-04-03T01:55:52.659+0600][20.152s][info][gc,stats    ]   CMR: Thread Roots                 648 us, workers (us):  79, 292, 277, ---, ---, ---, 
[2026-04-03T01:55:52.659+0600][20.152s][info][gc,stats    ]   CMR: VM Strong Roots               22 us, workers (us):  21,   1,   1, ---, ---, ---, 
[2026-04-03T01:55:52.659+0600][20.152s][info][gc,stats    ]   CMR: CLDG Roots                   231 us, workers (us): 231, ---, ---, ---, ---, ---, 
[2026-04-03T01:55:52.659+0600][20.152s][info][gc,stats    ] Concurrent Marking                52952 us
[2026-04-03T01:55:52.659+0600][20.152s][info][gc,stats    ] Pause Final Mark (G)                690 us
[2026-04-03T01:55:52.659+0600][20.152s][info][gc,stats    ] Pause Final Mark (N)                555 us
[2026-04-03T01:55:52.659+0600][20.152s][info][gc,stats    ]   Finish Mark                       347 us
[2026-04-03T01:55:52.659+0600][20.152s][info][gc,stats    ]   Update Region States               28 us
[2026-04-03T01:55:52.659+0600][20.152s][info][gc,stats    ]   Choose Collection Set              75 us
[2026-04-03T01:55:52.659+0600][20.152s][info][gc,stats    ]   Rebuild Free Set                   24 us
[2026-04-03T01:55:52.659+0600][20.152s][info][gc,stats    ] Concurrent Weak References          411 us, parallelism: 0.46x
[2026-04-03T01:55:52.659+0600][20.152s][info][gc,stats    ]   CWRF: <total>                     190 us
[2026-04-03T01:55:52.659+0600][20.152s][info][gc,stats    ]   CWRF: Weak References             190 us, workers (us): 136,   6,  48, ---, ---, ---, 
[2026-04-03T01:55:52.659+0600][20.152s][info][gc,stats    ] Concurrent Weak Roots              1539 us
[2026-04-03T01:55:52.659+0600][20.153s][info][gc,stats    ]   Roots                            1280 us, parallelism: 2.36x
[2026-04-03T01:55:52.660+0600][20.153s][info][gc,stats    ]     CWR: <total>                   3020 us
[2026-04-03T01:55:52.660+0600][20.153s][info][gc,stats    ]     CWR: Code Cache Roots          1993 us, workers (us): 708, 669, 616, ---, ---, ---, 
[2026-04-03T01:55:52.660+0600][20.153s][info][gc,stats    ]     CWR: VM Weak Roots              932 us, workers (us): 332, 303, 297, ---, ---, ---, 
[2026-04-03T01:55:52.660+0600][20.153s][info][gc,stats    ]     CWR: CLDG Roots                  95 us, workers (us): ---, ---,  95, ---, ---, ---, 
[2026-04-03T01:55:52.660+0600][20.153s][info][gc,stats    ]   Rendezvous                        191 us
[2026-04-03T01:55:52.660+0600][20.153s][info][gc,stats    ] Concurrent Cleanup                  211 us
[2026-04-03T01:55:52.660+0600][20.153s][info][gc,stats    ] Concurrent Class Unloading         3531 us
[2026-04-03T01:55:52.660+0600][20.153s][info][gc,stats    ]   Unlink Stale                     3132 us
[2026-04-03T01:55:52.660+0600][20.153s][info][gc,stats    ]     System Dictionary                57 us
[2026-04-03T01:55:52.660+0600][20.153s][info][gc,stats    ]     Weak Class Links                  0 us
[2026-04-03T01:55:52.660+0600][20.153s][info][gc,stats    ]     Code Roots                     3071 us
[2026-04-03T01:55:52.660+0600][20.153s][info][gc,stats    ]   Rendezvous                        242 us
[2026-04-03T01:55:52.660+0600][20.153s][info][gc,stats    ]   Purge Unlinked                     78 us
[2026-04-03T01:55:52.660+0600][20.153s][info][gc,stats    ]     Code Roots                       71 us
[2026-04-03T01:55:52.660+0600][20.153s][info][gc,stats    ]     CLDG                              7 us
[2026-04-03T01:55:52.660+0600][20.153s][info][gc,stats    ]     Exception Caches                  0 us
[2026-04-03T01:55:52.660+0600][20.153s][info][gc,stats    ] Pause Final Roots (G)               252 us
[2026-04-03T01:55:52.660+0600][20.153s][info][gc,stats    ] Pause Final Roots (N)                58 us
[2026-04-03T01:55:52.660+0600][20.153s][info][gc,stats    ] Pacing                            20213 us
[2026-04-03T01:55:52.660+0600][20.153s][info][gc,stats    ] 
[2026-04-03T01:55:52.660+0600][20.153s][info][gc,stats    ] Allocation pacing accrued:
[2026-04-03T01:55:52.660+0600][20.153s][info][gc,stats    ]       2 of    89 ms (  2.8%): Spark Context Cleaner
[2026-04-03T01:55:52.660+0600][20.153s][info][gc,stats    ]      18 of    89 ms ( 19.9%): Executor task launch worker for task 1.0 in stage 4.0 (TID 7)
[2026-04-03T01:55:52.660+0600][20.153s][info][gc,stats    ]      20 of    89 ms ( 22.7%): <total>
[2026-04-03T01:55:52.660+0600][20.153s][info][gc,stats    ]       0 of    89 ms (  0.3%): <average total>
[2026-04-03T01:55:52.660+0600][20.153s][info][gc,stats    ]      10 of    89 ms ( 11.4%): <average non-zero>
[2026-04-03T01:55:52.660+0600][20.153s][info][gc,stats    ] 
[2026-04-03T01:55:52.660+0600][20.153s][info][gc,metaspace] Metaspace: 66578K(67328K)->66578K(67328K) NonClass: 58097K(58496K)->58097K(58496K) Class: 8480K(8832K)->8480K(8832K)
[2026-04-03T01:55:52.660+0600][20.153s][info][gc,ergo     ] Pacer for Idle. Initial: 10240K, Alloc Tax Rate: 1.0x
[2026-04-03T01:55:52.764+0600][20.257s][info][gc          ] Trigger: Average GC time (173.17 ms) is above the time for average allocation rate (877 MB/s) to deplete free headroom (150M) (margin of error = 1.95)
[2026-04-03T01:55:52.764+0600][20.257s][info][gc,ergo     ] Free headroom: 175M (free) - 25600K (spike) - 0B (penalties) = 150M
[2026-04-03T01:55:52.764+0600][20.257s][info][gc,ergo     ] Free: 175M, Max: 256K regular, 89088K humongous, Frag: 51% external, 0% internal; Reserve: 25600K, Max: 256K
[2026-04-03T01:55:52.764+0600][20.257s][info][gc,start    ] GC(38) Concurrent reset
[2026-04-03T01:55:52.764+0600][20.257s][info][gc,task     ] GC(38) Using 3 of 6 workers for concurrent reset
[2026-04-03T01:55:52.764+0600][20.257s][info][gc,ergo     ] GC(38) Pacer for Reset. Non-Taxable: 500M
[2026-04-03T01:55:52.765+0600][20.258s][info][gc          ] GC(38) Concurrent reset 0.570ms
[2026-04-03T01:55:52.765+0600][20.258s][info][gc,start    ] GC(38) Pause Init Mark (unload classes)
[2026-04-03T01:55:52.765+0600][20.258s][info][gc,task     ] GC(38) Using 6 of 6 workers for init marking
[2026-04-03T01:55:52.765+0600][20.258s][info][gc,ergo     ] GC(38) Pacer for Mark. Expected Live: 134M, Free: 174M, Non-Taxable: 17906K, Alloc Tax Rate: 0.9x
[2026-04-03T01:55:52.765+0600][20.258s][info][gc          ] GC(38) Pause Init Mark (unload classes) 0.084ms
[2026-04-03T01:55:52.765+0600][20.258s][info][gc,start    ] GC(38) Concurrent marking roots
[2026-04-03T01:55:52.765+0600][20.258s][info][gc,task     ] GC(38) Using 3 of 6 workers for concurrent marking roots
[2026-04-03T01:55:52.766+0600][20.259s][info][gc          ] GC(38) Concurrent marking roots 0.548ms
[2026-04-03T01:55:52.766+0600][20.259s][info][gc,start    ] GC(38) Concurrent marking (unload classes)
[2026-04-03T01:55:52.766+0600][20.259s][info][gc,task     ] GC(38) Using 3 of 6 workers for concurrent marking
[2026-04-03T01:55:52.818+0600][20.311s][info][gc          ] GC(38) Concurrent marking (unload classes) 51.937ms
[2026-04-03T01:55:52.818+0600][20.311s][info][gc,start    ] GC(38) Pause Final Mark (unload classes)
[2026-04-03T01:55:52.818+0600][20.311s][info][gc,task     ] GC(38) Using 6 of 6 workers for final marking
[2026-04-03T01:55:52.818+0600][20.311s][info][gc,ergo     ] GC(38) Collectable Garbage: 150M (96%), Immediate: 150M (96%), CSet: 0B (0%)
[2026-04-03T01:55:52.818+0600][20.311s][info][gc          ] GC(38) Pause Final Mark (unload classes) 0.488ms
[2026-04-03T01:55:52.819+0600][20.312s][info][gc,start    ] GC(38) Concurrent weak references
[2026-04-03T01:55:52.819+0600][20.312s][info][gc,task     ] GC(38) Using 3 of 6 workers for concurrent weak references
[2026-04-03T01:55:52.819+0600][20.312s][info][gc,ref      ] GC(38) Encountered references: Soft: 3142, Weak: 5725, Final: 74, Phantom: 597
[2026-04-03T01:55:52.819+0600][20.312s][info][gc,ref      ] GC(38) Discovered  references: Soft: 0, Weak: 392, Final: 0, Phantom: 594
[2026-04-03T01:55:52.819+0600][20.312s][info][gc,ref      ] GC(38) Enqueued    references: Soft: 0, Weak: 0, Final: 0, Phantom: 0
[2026-04-03T01:55:52.819+0600][20.312s][info][gc          ] GC(38) Concurrent weak references 0.285ms
[2026-04-03T01:55:52.819+0600][20.312s][info][gc,start    ] GC(38) Concurrent weak roots
[2026-04-03T01:55:52.819+0600][20.312s][info][gc,task     ] GC(38) Using 3 of 6 workers for concurrent weak root
[2026-04-03T01:55:52.820+0600][20.313s][info][gc          ] GC(38) Concurrent weak roots 1.510ms
[2026-04-03T01:55:52.820+0600][20.313s][info][gc,start    ] GC(38) Concurrent cleanup
[2026-04-03T01:55:52.821+0600][20.314s][info][gc          ] GC(38) Concurrent cleanup 329M->179M(412M) 0.161ms
[2026-04-03T01:55:52.821+0600][20.314s][info][gc,ergo     ] GC(38) Free: 293M, Max: 256K regular, 89088K humongous, Frag: 71% external, 0% internal; Reserve: 25600K, Max: 256K
[2026-04-03T01:55:52.821+0600][20.314s][info][gc,start    ] GC(38) Concurrent class unloading
[2026-04-03T01:55:52.821+0600][20.314s][info][gc,task     ] GC(38) Using 3 of 6 workers for concurrent class unloading
[2026-04-03T01:55:52.824+0600][20.317s][info][gc          ] GC(38) Concurrent class unloading 3.311ms
[2026-04-03T01:55:52.824+0600][20.317s][info][gc,start    ] GC(38) Pause Final Roots
[2026-04-03T01:55:52.824+0600][20.317s][info][gc          ] GC(38) Pause Final Roots 0.032ms
[2026-04-03T01:55:52.824+0600][20.317s][info][gc,ergo     ] Free: 291M, Max: 256K regular, 89088K humongous, Frag: 71% external, 0% internal; Reserve: 25600K, Max: 256K
[2026-04-03T01:55:52.824+0600][20.317s][info][gc,stats    ] 
[2026-04-03T01:55:52.824+0600][20.317s][info][gc,stats    ] All times are wall-clock times, except per-root-class counters, that are sum over
[2026-04-03T01:55:52.824+0600][20.317s][info][gc,stats    ] all workers. Dividing the <total> over the root stage time estimates parallelism.
[2026-04-03T01:55:52.824+0600][20.317s][info][gc,stats    ] 
[2026-04-03T01:55:52.824+0600][20.317s][info][gc,stats    ] Concurrent Reset                    602 us
[2026-04-03T01:55:52.824+0600][20.317s][info][gc,stats    ] Pause Init Mark (G)                 417 us
[2026-04-03T01:55:52.824+0600][20.317s][info][gc,stats    ] Pause Init Mark (N)                  91 us
[2026-04-03T01:55:52.824+0600][20.317s][info][gc,stats    ]   Update Region States               16 us
[2026-04-03T01:55:52.824+0600][20.317s][info][gc,stats    ] Concurrent Mark Roots               573 us, parallelism: 1.30x
[2026-04-03T01:55:52.824+0600][20.317s][info][gc,stats    ]   CMR: <total>                      743 us
[2026-04-03T01:55:52.824+0600][20.317s][info][gc,stats    ]   CMR: Thread Roots                 605 us, workers (us): 163, 251, 191, ---, ---, ---, 
[2026-04-03T01:55:52.824+0600][20.317s][info][gc,stats    ]   CMR: VM Strong Roots               17 us, workers (us):  16,   1,   0, ---, ---, ---, 
[2026-04-03T01:55:52.824+0600][20.317s][info][gc,stats    ]   CMR: CLDG Roots                   121 us, workers (us): 121, ---, ---, ---, ---, ---, 
[2026-04-03T01:55:52.824+0600][20.317s][info][gc,stats    ] Concurrent Marking                51999 us
[2026-04-03T01:55:52.824+0600][20.317s][info][gc,stats    ] Pause Final Mark (G)                690 us
[2026-04-03T01:55:52.824+0600][20.317s][info][gc,stats    ] Pause Final Mark (N)                500 us
[2026-04-03T01:55:52.824+0600][20.317s][info][gc,stats    ]   Finish Mark                       294 us
[2026-04-03T01:55:52.824+0600][20.317s][info][gc,stats    ]   Update Region States               25 us
[2026-04-03T01:55:52.824+0600][20.317s][info][gc,stats    ]   Choose Collection Set              69 us
[2026-04-03T01:55:52.824+0600][20.317s][info][gc,stats    ]   Rebuild Free Set                   23 us
[2026-04-03T01:55:52.824+0600][20.318s][info][gc,stats    ] Concurrent Weak References          294 us, parallelism: 0.39x
[2026-04-03T01:55:52.825+0600][20.318s][info][gc,stats    ]   CWRF: <total>                     115 us
[2026-04-03T01:55:52.825+0600][20.318s][info][gc,stats    ]   CWRF: Weak References             115 us, workers (us): 114,   1,   0, ---, ---, ---, 
[2026-04-03T01:55:52.825+0600][20.318s][info][gc,stats    ] Concurrent Weak Roots              1563 us
[2026-04-03T01:55:52.825+0600][20.318s][info][gc,stats    ]   Roots                            1309 us, parallelism: 2.36x
[2026-04-03T01:55:52.825+0600][20.318s][info][gc,stats    ]     CWR: <total>                   3093 us
[2026-04-03T01:55:52.825+0600][20.318s][info][gc,stats    ]     CWR: Code Cache Roots          2227 us, workers (us): 740, 711, 776, ---, ---, ---, 
[2026-04-03T01:55:52.825+0600][20.318s][info][gc,stats    ]     CWR: VM Weak Roots              845 us, workers (us): 298, 298, 248, ---, ---, ---, 
[2026-04-03T01:55:52.825+0600][20.318s][info][gc,stats    ]     CWR: CLDG Roots                  22 us, workers (us): ---,  22, ---, ---, ---, ---, 
[2026-04-03T01:55:52.825+0600][20.318s][info][gc,stats    ]   Rendezvous                        180 us
[2026-04-03T01:55:52.825+0600][20.318s][info][gc,stats    ] Concurrent Cleanup                  172 us
[2026-04-03T01:55:52.825+0600][20.318s][info][gc,stats    ] Concurrent Class Unloading         3374 us
[2026-04-03T01:55:52.825+0600][20.318s][info][gc,stats    ]   Unlink Stale                     2950 us
[2026-04-03T01:55:52.825+0600][20.318s][info][gc,stats    ]     System Dictionary                70 us
[2026-04-03T01:55:52.825+0600][20.318s][info][gc,stats    ]     Weak Class Links                  0 us
[2026-04-03T01:55:52.825+0600][20.318s][info][gc,stats    ]     Code Roots                     2877 us
[2026-04-03T01:55:52.825+0600][20.318s][info][gc,stats    ]   Rendezvous                        327 us
[2026-04-03T01:55:52.825+0600][20.318s][info][gc,stats    ]   Purge Unlinked                     10 us
[2026-04-03T01:55:52.825+0600][20.318s][info][gc,stats    ]     Code Roots                        3 us
[2026-04-03T01:55:52.825+0600][20.318s][info][gc,stats    ]     CLDG                              6 us
[2026-04-03T01:55:52.825+0600][20.318s][info][gc,stats    ]     Exception Caches                  0 us
[2026-04-03T01:55:52.825+0600][20.318s][info][gc,stats    ] Pause Final Roots (G)               243 us
[2026-04-03T01:55:52.825+0600][20.318s][info][gc,stats    ] Pause Final Roots (N)                43 us
[2026-04-03T01:55:52.825+0600][20.318s][info][gc,stats    ] Pacing                            17296 us
[2026-04-03T01:55:52.825+0600][20.318s][info][gc,stats    ] 
[2026-04-03T01:55:52.825+0600][20.318s][info][gc,stats    ] Allocation pacing accrued:
[2026-04-03T01:55:52.825+0600][20.318s][info][gc,stats    ]      17 of   165 ms ( 10.5%): Executor task launch worker for task 1.0 in stage 4.0 (TID 7)
[2026-04-03T01:55:52.825+0600][20.318s][info][gc,stats    ]      17 of   165 ms ( 10.5%): <total>
[2026-04-03T01:55:52.825+0600][20.318s][info][gc,stats    ]       0 of   165 ms (  0.1%): <average total>
[2026-04-03T01:55:52.825+0600][20.318s][info][gc,stats    ]      17 of   165 ms ( 10.5%): <average non-zero>
[2026-04-03T01:55:52.825+0600][20.318s][info][gc,stats    ] 
[2026-04-03T01:55:52.825+0600][20.318s][info][gc,metaspace] Metaspace: 66578K(67328K)->66578K(67328K) NonClass: 58097K(58496K)->58097K(58496K) Class: 8480K(8832K)->8480K(8832K)
[2026-04-03T01:55:52.825+0600][20.318s][info][gc,ergo     ] Pacer for Idle. Initial: 10240K, Alloc Tax Rate: 1.0x
[2026-04-03T01:55:52.936+0600][20.429s][info][gc          ] Trigger: Average GC time (143.90 ms) is above the time for average allocation rate (853 MB/s) to deplete free headroom (121M) (margin of error = 1.94)
[2026-04-03T01:55:52.936+0600][20.429s][info][gc,ergo     ] Free headroom: 146M (free) - 25600K (spike) - 0B (penalties) = 121M
[2026-04-03T01:55:52.936+0600][20.429s][info][gc,ergo     ] Free: 146M, Max: 256K regular, 89088K humongous, Frag: 41% external, 0% internal; Reserve: 25600K, Max: 256K
[2026-04-03T01:55:52.936+0600][20.429s][info][gc,start    ] GC(39) Concurrent reset
[2026-04-03T01:55:52.936+0600][20.429s][info][gc,task     ] GC(39) Using 3 of 6 workers for concurrent reset
[2026-04-03T01:55:52.936+0600][20.429s][info][gc,ergo     ] GC(39) Pacer for Reset. Non-Taxable: 500M
[2026-04-03T01:55:52.937+0600][20.430s][info][gc          ] GC(39) Concurrent reset 0.707ms
[2026-04-03T01:55:52.937+0600][20.430s][info][gc,start    ] GC(39) Pause Init Mark (unload classes)
[2026-04-03T01:55:52.937+0600][20.430s][info][gc,task     ] GC(39) Using 6 of 6 workers for init marking
[2026-04-03T01:55:52.937+0600][20.430s][info][gc,ergo     ] GC(39) Pacer for Mark. Expected Live: 138M, Free: 144M, Non-Taxable: 14834K, Alloc Tax Rate: 1.2x
[2026-04-03T01:55:52.937+0600][20.430s][info][gc          ] GC(39) Pause Init Mark (unload classes) 0.066ms
[2026-04-03T01:55:52.937+0600][20.430s][info][gc,start    ] GC(39) Concurrent marking roots
[2026-04-03T01:55:52.937+0600][20.430s][info][gc,task     ] GC(39) Using 3 of 6 workers for concurrent marking roots
[2026-04-03T01:55:52.938+0600][20.431s][info][gc          ] GC(39) Concurrent marking roots 0.531ms
[2026-04-03T01:55:52.938+0600][20.431s][info][gc,start    ] GC(39) Concurrent marking (unload classes)
[2026-04-03T01:55:52.938+0600][20.431s][info][gc,task     ] GC(39) Using 3 of 6 workers for concurrent marking
[2026-04-03T01:55:52.977+0600][20.470s][info][gc          ] GC(39) Concurrent marking (unload classes) 38.810ms
[2026-04-03T01:55:52.977+0600][20.470s][info][gc,start    ] GC(39) Pause Final Mark (unload classes)
[2026-04-03T01:55:52.977+0600][20.470s][info][gc,task     ] GC(39) Using 6 of 6 workers for final marking
[2026-04-03T01:55:52.977+0600][20.470s][info][gc,ergo     ] GC(39) Collectable Garbage: 215M (94%), Immediate: 215M (94%), CSet: 0B (0%)
[2026-04-03T01:55:52.977+0600][20.470s][info][gc          ] GC(39) Pause Final Mark (unload classes) 0.450ms
[2026-04-03T01:55:52.977+0600][20.470s][info][gc,start    ] GC(39) Concurrent weak references
[2026-04-03T01:55:52.977+0600][20.470s][info][gc,task     ] GC(39) Using 3 of 6 workers for concurrent weak references
[2026-04-03T01:55:52.977+0600][20.470s][info][gc,ref      ] GC(39) Encountered references: Soft: 3142, Weak: 5725, Final: 74, Phantom: 597
[2026-04-03T01:55:52.977+0600][20.471s][info][gc,ref      ] GC(39) Discovered  references: Soft: 0, Weak: 370, Final: 0, Phantom: 594
[2026-04-03T01:55:52.978+0600][20.471s][info][gc,ref      ] GC(39) Enqueued    references: Soft: 0, Weak: 0, Final: 0, Phantom: 0
[2026-04-03T01:55:52.978+0600][20.471s][info][gc          ] GC(39) Concurrent weak references 0.293ms
[2026-04-03T01:55:52.978+0600][20.471s][info][gc,start    ] GC(39) Concurrent weak roots
[2026-04-03T01:55:52.978+0600][20.471s][info][gc,task     ] GC(39) Using 3 of 6 workers for concurrent weak root
[2026-04-03T01:55:52.979+0600][20.472s][info][gc          ] GC(39) Concurrent weak roots 1.436ms
[2026-04-03T01:55:52.979+0600][20.472s][info][gc,start    ] GC(39) Concurrent cleanup
[2026-04-03T01:55:52.979+0600][20.472s][info][gc          ] GC(39) Concurrent cleanup 350M->135M(412M) 0.383ms
[2026-04-03T01:55:52.979+0600][20.472s][info][gc,ergo     ] GC(39) Free: 338M, Max: 256K regular, 112M humongous, Frag: 67% external, 0% internal; Reserve: 25600K, Max: 256K
[2026-04-03T01:55:52.979+0600][20.472s][info][gc,start    ] GC(39) Concurrent class unloading
[2026-04-03T01:55:52.979+0600][20.472s][info][gc,task     ] GC(39) Using 3 of 6 workers for concurrent class unloading
[2026-04-03T01:55:52.983+0600][20.476s][info][gc          ] GC(39) Concurrent class unloading 3.733ms
[2026-04-03T01:55:52.983+0600][20.476s][info][gc,start    ] GC(39) Pause Final Roots
[2026-04-03T01:55:52.983+0600][20.476s][info][gc          ] GC(39) Pause Final Roots 0.040ms
[2026-04-03T01:55:52.984+0600][20.477s][info][gc,ergo     ] Free: 334M, Max: 256K regular, 112M humongous, Frag: 67% external, 0% internal; Reserve: 25600K, Max: 256K
[2026-04-03T01:55:52.984+0600][20.477s][info][gc,stats    ] 
[2026-04-03T01:55:52.984+0600][20.477s][info][gc,stats    ] All times are wall-clock times, except per-root-class counters, that are sum over
[2026-04-03T01:55:52.984+0600][20.477s][info][gc,stats    ] all workers. Dividing the <total> over the root stage time estimates parallelism.
[2026-04-03T01:55:52.984+0600][20.477s][info][gc,stats    ] 
[2026-04-03T01:55:52.984+0600][20.477s][info][gc,stats    ] Concurrent Reset                    741 us
[2026-04-03T01:55:52.984+0600][20.477s][info][gc,stats    ] Pause Init Mark (G)                 316 us
[2026-04-03T01:55:52.984+0600][20.477s][info][gc,stats    ] Pause Init Mark (N)                  72 us
[2026-04-03T01:55:52.984+0600][20.477s][info][gc,stats    ]   Update Region States               13 us
[2026-04-03T01:55:52.984+0600][20.477s][info][gc,stats    ] Concurrent Mark Roots               586 us, parallelism: 1.37x
[2026-04-03T01:55:52.984+0600][20.477s][info][gc,stats    ]   CMR: <total>                      802 us
[2026-04-03T01:55:52.984+0600][20.477s][info][gc,stats    ]   CMR: Thread Roots                 605 us, workers (us): 118, 276, 211, ---, ---, ---, 
[2026-04-03T01:55:52.984+0600][20.477s][info][gc,stats    ]   CMR: VM Strong Roots               18 us, workers (us):  17,   1,   0, ---, ---, ---, 
[2026-04-03T01:55:52.984+0600][20.477s][info][gc,stats    ]   CMR: CLDG Roots                   179 us, workers (us): 179, ---, ---, ---, ---, ---, 
[2026-04-03T01:55:52.984+0600][20.477s][info][gc,stats    ] Concurrent Marking                38886 us
[2026-04-03T01:55:52.984+0600][20.477s][info][gc,stats    ] Pause Final Mark (G)                616 us
[2026-04-03T01:55:52.984+0600][20.477s][info][gc,stats    ] Pause Final Mark (N)                462 us
[2026-04-03T01:55:52.984+0600][20.477s][info][gc,stats    ]   Finish Mark                       256 us
[2026-04-03T01:55:52.984+0600][20.477s][info][gc,stats    ]   Update Region States               23 us
[2026-04-03T01:55:52.984+0600][20.477s][info][gc,stats    ]   Choose Collection Set              66 us
[2026-04-03T01:55:52.984+0600][20.477s][info][gc,stats    ]   Rebuild Free Set                   25 us
[2026-04-03T01:55:52.984+0600][20.477s][info][gc,stats    ] Concurrent Weak References          311 us, parallelism: 0.28x
[2026-04-03T01:55:52.984+0600][20.477s][info][gc,stats    ]   CWRF: <total>                      87 us
[2026-04-03T01:55:52.984+0600][20.477s][info][gc,stats    ]   CWRF: Weak References              87 us, workers (us):  85,   1,   1, ---, ---, ---, 
[2026-04-03T01:55:52.984+0600][20.477s][info][gc,stats    ] Concurrent Weak Roots              1482 us
[2026-04-03T01:55:52.984+0600][20.477s][info][gc,stats    ]   Roots                            1258 us, parallelism: 2.33x
[2026-04-03T01:55:52.984+0600][20.477s][info][gc,stats    ]     CWR: <total>                   2931 us
[2026-04-03T01:55:52.984+0600][20.477s][info][gc,stats    ]     CWR: Code Cache Roots          2001 us, workers (us): 632, 671, 698, ---, ---, ---, 
[2026-04-03T01:55:52.984+0600][20.477s][info][gc,stats    ]     CWR: VM Weak Roots              844 us, workers (us): 298, 293, 254, ---, ---, ---, 
[2026-04-03T01:55:52.984+0600][20.477s][info][gc,stats    ]     CWR: CLDG Roots                  86 us, workers (us):  86, ---, ---, ---, ---, ---, 
[2026-04-03T01:55:52.984+0600][20.477s][info][gc,stats    ]   Rendezvous                        156 us
[2026-04-03T01:55:52.984+0600][20.477s][info][gc,stats    ] Concurrent Cleanup                  398 us
[2026-04-03T01:55:52.984+0600][20.477s][info][gc,stats    ] Concurrent Class Unloading         3769 us
[2026-04-03T01:55:52.984+0600][20.477s][info][gc,stats    ]   Unlink Stale                     3458 us
[2026-04-03T01:55:52.984+0600][20.477s][info][gc,stats    ]     System Dictionary                56 us
[2026-04-03T01:55:52.984+0600][20.477s][info][gc,stats    ]     Weak Class Links                  0 us
[2026-04-03T01:55:52.984+0600][20.477s][info][gc,stats    ]     Code Roots                     3400 us
[2026-04-03T01:55:52.984+0600][20.477s][info][gc,stats    ]   Rendezvous                        197 us
[2026-04-03T01:55:52.984+0600][20.477s][info][gc,stats    ]   Purge Unlinked                     49 us
[2026-04-03T01:55:52.984+0600][20.477s][info][gc,stats    ]     Code Roots                       27 us
[2026-04-03T01:55:52.984+0600][20.477s][info][gc,stats    ]     CLDG                             21 us
[2026-04-03T01:55:52.984+0600][20.477s][info][gc,stats    ]     Exception Caches                  1 us
[2026-04-03T01:55:52.984+0600][20.477s][info][gc,stats    ] Pause Final Roots (G)               217 us
[2026-04-03T01:55:52.984+0600][20.477s][info][gc,stats    ] Pause Final Roots (N)                50 us
[2026-04-03T01:55:52.984+0600][20.477s][info][gc,stats    ] Pacing                            21082 us
[2026-04-03T01:55:52.984+0600][20.477s][info][gc,stats    ] 
[2026-04-03T01:55:52.984+0600][20.477s][info][gc,stats    ] Allocation pacing accrued:
[2026-04-03T01:55:52.984+0600][20.477s][info][gc,stats    ]      21 of   159 ms ( 13.2%): Executor task launch worker for task 1.0 in stage 4.0 (TID 7)
[2026-04-03T01:55:52.984+0600][20.477s][info][gc,stats    ]      21 of   159 ms ( 13.2%): <total>
[2026-04-03T01:55:52.984+0600][20.477s][info][gc,stats    ]       0 of   159 ms (  0.2%): <average total>
[2026-04-03T01:55:52.984+0600][20.477s][info][gc,stats    ]      21 of   159 ms ( 13.2%): <average non-zero>
[2026-04-03T01:55:52.984+0600][20.477s][info][gc,stats    ] 
[2026-04-03T01:55:52.984+0600][20.477s][info][gc,metaspace] Metaspace: 66578K(67328K)->66578K(67328K) NonClass: 58097K(58496K)->58097K(58496K) Class: 8480K(8832K)->8480K(8832K)
[2026-04-03T01:55:52.984+0600][20.477s][info][gc,ergo     ] Pacer for Idle. Initial: 10240K, Alloc Tax Rate: 1.0x
[2026-04-03T01:55:53.135+0600][20.628s][info][gc          ] Trigger: Average GC time (118.10 ms) is above the time for average allocation rate (898 MB/s) to deplete free headroom (105M) (margin of error = 1.93)
[2026-04-03T01:55:53.135+0600][20.628s][info][gc,ergo     ] Free headroom: 130M (free) - 25600K (spike) - 0B (penalties) = 105M
[2026-04-03T01:55:53.135+0600][20.628s][info][gc,ergo     ] Free: 130M, Max: 256K regular, 112M humongous, Frag: 14% external, 0% internal; Reserve: 25600K, Max: 256K
[2026-04-03T01:55:53.135+0600][20.628s][info][gc,start    ] GC(40) Concurrent reset
[2026-04-03T01:55:53.135+0600][20.628s][info][gc,task     ] GC(40) Using 3 of 6 workers for concurrent reset
[2026-04-03T01:55:53.135+0600][20.628s][info][gc,ergo     ] GC(40) Pacer for Reset. Non-Taxable: 500M
[2026-04-03T01:55:53.135+0600][20.628s][info][gc          ] GC(40) Concurrent reset 0.511ms
[2026-04-03T01:55:53.136+0600][20.629s][info][gc,start    ] GC(40) Pause Init Mark (unload classes)
[2026-04-03T01:55:53.136+0600][20.629s][info][gc,task     ] GC(40) Using 6 of 6 workers for init marking
[2026-04-03T01:55:53.136+0600][20.629s][info][gc,ergo     ] GC(40) Pacer for Mark. Expected Live: 133M, Free: 129M, Non-Taxable: 13246K, Alloc Tax Rate: 1.3x
[2026-04-03T01:55:53.136+0600][20.629s][info][gc          ] GC(40) Pause Init Mark (unload classes) 0.085ms
[2026-04-03T01:55:53.136+0600][20.629s][info][gc,start    ] GC(40) Concurrent marking roots
[2026-04-03T01:55:53.136+0600][20.629s][info][gc,task     ] GC(40) Using 3 of 6 workers for concurrent marking roots
[2026-04-03T01:55:53.136+0600][20.629s][info][gc          ] GC(40) Concurrent marking roots 0.564ms
[2026-04-03T01:55:53.136+0600][20.629s][info][gc,start    ] GC(40) Concurrent marking (unload classes)
[2026-04-03T01:55:53.136+0600][20.629s][info][gc,task     ] GC(40) Using 3 of 6 workers for concurrent marking
[2026-04-03T01:55:53.174+0600][20.667s][info][gc          ] GC(40) Concurrent marking (unload classes) 38.042ms
[2026-04-03T01:55:53.175+0600][20.668s][info][gc,start    ] GC(40) Pause Final Mark (unload classes)
[2026-04-03T01:55:53.175+0600][20.668s][info][gc,task     ] GC(40) Using 6 of 6 workers for final marking
[2026-04-03T01:55:53.175+0600][20.668s][info][gc,ergo     ] GC(40) Collectable Garbage: 231M (95%), Immediate: 231M (95%), CSet: 0B (0%)
[2026-04-03T01:55:53.175+0600][20.668s][info][gc          ] GC(40) Pause Final Mark (unload classes) 0.591ms
[2026-04-03T01:55:53.175+0600][20.668s][info][gc,start    ] GC(40) Concurrent weak references
[2026-04-03T01:55:53.175+0600][20.668s][info][gc,task     ] GC(40) Using 3 of 6 workers for concurrent weak references
[2026-04-03T01:55:53.176+0600][20.669s][info][gc,ref      ] GC(40) Encountered references: Soft: 3142, Weak: 5725, Final: 74, Phantom: 597
[2026-04-03T01:55:53.176+0600][20.669s][info][gc,ref      ] GC(40) Discovered  references: Soft: 0, Weak: 293, Final: 0, Phantom: 594
[2026-04-03T01:55:53.176+0600][20.669s][info][gc,ref      ] GC(40) Enqueued    references: Soft: 0, Weak: 0, Final: 0, Phantom: 0
[2026-04-03T01:55:53.176+0600][20.669s][info][gc          ] GC(40) Concurrent weak references 0.352ms
[2026-04-03T01:55:53.176+0600][20.669s][info][gc,start    ] GC(40) Concurrent weak roots
[2026-04-03T01:55:53.176+0600][20.669s][info][gc,task     ] GC(40) Using 3 of 6 workers for concurrent weak root
[2026-04-03T01:55:53.177+0600][20.670s][info][gc          ] GC(40) Concurrent weak roots 1.409ms
[2026-04-03T01:55:53.177+0600][20.670s][info][gc,start    ] GC(40) Concurrent cleanup
[2026-04-03T01:55:53.177+0600][20.670s][info][gc          ] GC(40) Concurrent cleanup 365M->134M(412M) 0.348ms
[2026-04-03T01:55:53.177+0600][20.670s][info][gc,ergo     ] GC(40) Free: 339M, Max: 256K regular, 101888K humongous, Frag: 71% external, 0% internal; Reserve: 25600K, Max: 256K
[2026-04-03T01:55:53.177+0600][20.670s][info][gc,start    ] GC(40) Concurrent class unloading
[2026-04-03T01:55:53.177+0600][20.670s][info][gc,task     ] GC(40) Using 3 of 6 workers for concurrent class unloading
[2026-04-03T01:55:53.181+0600][20.674s][info][gc          ] GC(40) Concurrent class unloading 3.301ms
[2026-04-03T01:55:53.181+0600][20.674s][info][gc,start    ] GC(40) Pause Final Roots
[2026-04-03T01:55:53.181+0600][20.674s][info][gc          ] GC(40) Pause Final Roots 0.052ms
[2026-04-03T01:55:53.181+0600][20.674s][info][gc,ergo     ] Free: 335M, Max: 256K regular, 101888K humongous, Frag: 71% external, 0% internal; Reserve: 25600K, Max: 256K
[2026-04-03T01:55:53.181+0600][20.674s][info][gc,stats    ] 
[2026-04-03T01:55:53.181+0600][20.674s][info][gc,stats    ] All times are wall-clock times, except per-root-class counters, that are sum over
[2026-04-03T01:55:53.181+0600][20.674s][info][gc,stats    ] all workers. Dividing the <total> over the root stage time estimates parallelism.
[2026-04-03T01:55:53.181+0600][20.674s][info][gc,stats    ] 
[2026-04-03T01:55:53.181+0600][20.674s][info][gc,stats    ] Concurrent Reset                    546 us
[2026-04-03T01:55:53.181+0600][20.674s][info][gc,stats    ] Pause Init Mark (G)                 336 us
[2026-04-03T01:55:53.181+0600][20.674s][info][gc,stats    ] Pause Init Mark (N)                  92 us
[2026-04-03T01:55:53.181+0600][20.674s][info][gc,stats    ]   Update Region States               15 us
[2026-04-03T01:55:53.181+0600][20.674s][info][gc,stats    ] Concurrent Mark Roots               589 us, parallelism: 1.27x
[2026-04-03T01:55:53.181+0600][20.674s][info][gc,stats    ]   CMR: <total>                      751 us
[2026-04-03T01:55:53.181+0600][20.674s][info][gc,stats    ]   CMR: Thread Roots                 578 us, workers (us): 107, 237, 234, ---, ---, ---, 
[2026-04-03T01:55:53.181+0600][20.674s][info][gc,stats    ]   CMR: VM Strong Roots               15 us, workers (us):  14,   1,   0, ---, ---, ---, 
[2026-04-03T01:55:53.181+0600][20.674s][info][gc,stats    ]   CMR: CLDG Roots                   158 us, workers (us): 158, ---, ---, ---, ---, ---, 
[2026-04-03T01:55:53.181+0600][20.674s][info][gc,stats    ] Concurrent Marking                38104 us
[2026-04-03T01:55:53.181+0600][20.674s][info][gc,stats    ] Pause Final Mark (G)                793 us
[2026-04-03T01:55:53.181+0600][20.674s][info][gc,stats    ] Pause Final Mark (N)                603 us
[2026-04-03T01:55:53.181+0600][20.674s][info][gc,stats    ]   Finish Mark                       396 us
[2026-04-03T01:55:53.181+0600][20.674s][info][gc,stats    ]   Update Region States               26 us
[2026-04-03T01:55:53.181+0600][20.674s][info][gc,stats    ]   Choose Collection Set              72 us
[2026-04-03T01:55:53.181+0600][20.674s][info][gc,stats    ]   Rebuild Free Set                   23 us
[2026-04-03T01:55:53.181+0600][20.674s][info][gc,stats    ] Concurrent Weak References          361 us, parallelism: 0.20x
[2026-04-03T01:55:53.181+0600][20.674s][info][gc,stats    ]   CWRF: <total>                      73 us
[2026-04-03T01:55:53.181+0600][20.674s][info][gc,stats    ]   CWRF: Weak References              73 us, workers (us):  52,   1,  20, ---, ---, ---, 
[2026-04-03T01:55:53.181+0600][20.674s][info][gc,stats    ] Concurrent Weak Roots              1446 us
[2026-04-03T01:55:53.181+0600][20.674s][info][gc,stats    ]   Roots                            1197 us, parallelism: 2.09x
[2026-04-03T01:55:53.181+0600][20.674s][info][gc,stats    ]     CWR: <total>                   2501 us
[2026-04-03T01:55:53.181+0600][20.674s][info][gc,stats    ]     CWR: Code Cache Roots          1720 us, workers (us): 584, 604, 532, ---, ---, ---, 
[2026-04-03T01:55:53.181+0600][20.674s][info][gc,stats    ]     CWR: VM Weak Roots              738 us, workers (us): 267, 258, 213, ---, ---, ---, 
[2026-04-03T01:55:53.181+0600][20.674s][info][gc,stats    ]     CWR: CLDG Roots                  43 us, workers (us): ---, ---,  43, ---, ---, ---, 
[2026-04-03T01:55:53.181+0600][20.674s][info][gc,stats    ]   Rendezvous                        193 us
[2026-04-03T01:55:53.181+0600][20.674s][info][gc,stats    ] Concurrent Cleanup                  359 us
[2026-04-03T01:55:53.181+0600][20.674s][info][gc,stats    ] Concurrent Class Unloading         3367 us
[2026-04-03T01:55:53.181+0600][20.674s][info][gc,stats    ]   Unlink Stale                     3081 us
[2026-04-03T01:55:53.181+0600][20.674s][info][gc,stats    ]     System Dictionary                46 us
[2026-04-03T01:55:53.181+0600][20.674s][info][gc,stats    ]     Weak Class Links                  0 us
[2026-04-03T01:55:53.181+0600][20.674s][info][gc,stats    ]     Code Roots                     3032 us
[2026-04-03T01:55:53.182+0600][20.675s][info][gc,stats    ]   Rendezvous                        195 us
[2026-04-03T01:55:53.182+0600][20.675s][info][gc,stats    ]   Purge Unlinked                      8 us
[2026-04-03T01:55:53.182+0600][20.675s][info][gc,stats    ]     Code Roots                        3 us
[2026-04-03T01:55:53.182+0600][20.675s][info][gc,stats    ]     CLDG                              5 us
[2026-04-03T01:55:53.182+0600][20.675s][info][gc,stats    ]     Exception Caches                  0 us
[2026-04-03T01:55:53.182+0600][20.675s][info][gc,stats    ] Pause Final Roots (G)               319 us
[2026-04-03T01:55:53.182+0600][20.675s][info][gc,stats    ] Pause Final Roots (N)                63 us
[2026-04-03T01:55:53.182+0600][20.675s][info][gc,stats    ] Pacing                            32641 us
[2026-04-03T01:55:53.182+0600][20.675s][info][gc,stats    ] 
[2026-04-03T01:55:53.182+0600][20.675s][info][gc,stats    ] Allocation pacing accrued:
[2026-04-03T01:55:53.182+0600][20.675s][info][gc,stats    ]      11 of   198 ms (  5.7%): Spark Context Cleaner
[2026-04-03T01:55:53.182+0600][20.675s][info][gc,stats    ]      21 of   198 ms ( 10.8%): Executor task launch worker for task 1.0 in stage 4.0 (TID 7)
[2026-04-03T01:55:53.182+0600][20.675s][info][gc,stats    ]      33 of   198 ms ( 16.5%): <total>
[2026-04-03T01:55:53.182+0600][20.675s][info][gc,stats    ]       0 of   198 ms (  0.2%): <average total>
[2026-04-03T01:55:53.182+0600][20.675s][info][gc,stats    ]      16 of   198 ms (  8.3%): <average non-zero>
[2026-04-03T01:55:53.182+0600][20.675s][info][gc,stats    ] 
[2026-04-03T01:55:53.182+0600][20.675s][info][gc,metaspace] Metaspace: 66578K(67328K)->66578K(67328K) NonClass: 58097K(58496K)->58097K(58496K) Class: 8480K(8832K)->8480K(8832K)
[2026-04-03T01:55:53.182+0600][20.675s][info][gc,ergo     ] Pacer for Idle. Initial: 10240K, Alloc Tax Rate: 1.0x
[2026-04-03T01:55:53.336+0600][20.829s][info][gc          ] Trigger: Average GC time (96.55 ms) is above the time for average allocation rate (1214 MB/s) to deplete free headroom (94325K) (margin of error = 1.91)
[2026-04-03T01:55:53.336+0600][20.829s][info][gc,ergo     ] Free headroom: 117M (free) - 25600K (spike) - 0B (penalties) = 94325K
[2026-04-03T01:55:53.336+0600][20.829s][info][gc,ergo     ] Free: 117M, Max: 256K regular, 101888K humongous, Frag: 15% external, 0% internal; Reserve: 25600K, Max: 256K
[2026-04-03T01:55:53.336+0600][20.829s][info][gc,start    ] GC(41) Concurrent reset
[2026-04-03T01:55:53.336+0600][20.829s][info][gc,task     ] GC(41) Using 3 of 6 workers for concurrent reset
[2026-04-03T01:55:53.336+0600][20.829s][info][gc,ergo     ] GC(41) Pacer for Reset. Non-Taxable: 500M
[2026-04-03T01:55:53.336+0600][20.829s][info][gc          ] GC(41) Concurrent reset 0.435ms
[2026-04-03T01:55:53.336+0600][20.829s][info][gc,start    ] GC(41) Pause Init Mark (unload classes)
[2026-04-03T01:55:53.336+0600][20.829s][info][gc,task     ] GC(41) Using 6 of 6 workers for init marking
[2026-04-03T01:55:53.336+0600][20.829s][info][gc,ergo     ] GC(41) Pacer for Mark. Expected Live: 126M, Free: 116M, Non-Taxable: 11941K, Alloc Tax Rate: 1.3x
[2026-04-03T01:55:53.336+0600][20.829s][info][gc          ] GC(41) Pause Init Mark (unload classes) 0.086ms
[2026-04-03T01:55:53.337+0600][20.830s][info][gc,start    ] GC(41) Concurrent marking roots
[2026-04-03T01:55:53.337+0600][20.830s][info][gc,task     ] GC(41) Using 3 of 6 workers for concurrent marking roots
[2026-04-03T01:55:53.337+0600][20.830s][info][gc          ] GC(41) Concurrent marking roots 0.588ms
[2026-04-03T01:55:53.337+0600][20.830s][info][gc,start    ] GC(41) Concurrent marking (unload classes)
[2026-04-03T01:55:53.337+0600][20.830s][info][gc,task     ] GC(41) Using 3 of 6 workers for concurrent marking
[2026-04-03T01:55:53.378+0600][20.871s][info][gc          ] GC(41) Concurrent marking (unload classes) 40.786ms
[2026-04-03T01:55:53.378+0600][20.871s][info][gc,start    ] GC(41) Pause Final Mark (unload classes)
[2026-04-03T01:55:53.378+0600][20.871s][info][gc,task     ] GC(41) Using 6 of 6 workers for final marking
[2026-04-03T01:55:53.379+0600][20.872s][info][gc,ergo     ] GC(41) Collectable Garbage: 243M (95%), Immediate: 243M (95%), CSet: 0B (0%)
[2026-04-03T01:55:53.379+0600][20.872s][info][gc          ] GC(41) Pause Final Mark (unload classes) 0.419ms
[2026-04-03T01:55:53.379+0600][20.872s][info][gc,start    ] GC(41) Concurrent weak references
[2026-04-03T01:55:53.379+0600][20.872s][info][gc,task     ] GC(41) Using 3 of 6 workers for concurrent weak references
[2026-04-03T01:55:53.379+0600][20.872s][info][gc,ref      ] GC(41) Encountered references: Soft: 3142, Weak: 5725, Final: 74, Phantom: 597
[2026-04-03T01:55:53.379+0600][20.872s][info][gc,ref      ] GC(41) Discovered  references: Soft: 0, Weak: 1000, Final: 0, Phantom: 594
[2026-04-03T01:55:53.379+0600][20.872s][info][gc,ref      ] GC(41) Enqueued    references: Soft: 0, Weak: 0, Final: 0, Phantom: 0
[2026-04-03T01:55:53.379+0600][20.872s][info][gc          ] GC(41) Concurrent weak references 0.393ms
[2026-04-03T01:55:53.379+0600][20.872s][info][gc,start    ] GC(41) Concurrent weak roots
[2026-04-03T01:55:53.379+0600][20.872s][info][gc,task     ] GC(41) Using 3 of 6 workers for concurrent weak root
[2026-04-03T01:55:53.381+0600][20.874s][info][gc          ] GC(41) Concurrent weak roots 1.802ms
[2026-04-03T01:55:53.381+0600][20.874s][info][gc,start    ] GC(41) Concurrent cleanup
[2026-04-03T01:55:53.381+0600][20.874s][info][gc          ] GC(41) Concurrent cleanup 374M->131M(412M) 0.476ms
[2026-04-03T01:55:53.381+0600][20.874s][info][gc,ergo     ] GC(41) Free: 342M, Max: 256K regular, 91392K humongous, Frag: 74% external, 0% internal; Reserve: 25600K, Max: 256K
[2026-04-03T01:55:53.381+0600][20.874s][info][gc,start    ] GC(41) Concurrent class unloading
[2026-04-03T01:55:53.381+0600][20.874s][info][gc,task     ] GC(41) Using 3 of 6 workers for concurrent class unloading
[2026-04-03T01:55:53.386+0600][20.879s][info][gc          ] GC(41) Concurrent class unloading 4.720ms
[2026-04-03T01:55:53.386+0600][20.879s][info][gc,start    ] GC(41) Pause Final Roots
[2026-04-03T01:55:53.386+0600][20.879s][info][gc          ] GC(41) Pause Final Roots 0.052ms
[2026-04-03T01:55:53.387+0600][20.880s][info][gc,ergo     ] Free: 341M, Max: 256K regular, 91392K humongous, Frag: 74% external, 0% internal; Reserve: 25600K, Max: 256K
[2026-04-03T01:55:53.387+0600][20.880s][info][gc,stats    ] 
[2026-04-03T01:55:53.387+0600][20.880s][info][gc,stats    ] All times are wall-clock times, except per-root-class counters, that are sum over
[2026-04-03T01:55:53.387+0600][20.880s][info][gc,stats    ] all workers. Dividing the <total> over the root stage time estimates parallelism.
[2026-04-03T01:55:53.387+0600][20.880s][info][gc,stats    ] 
[2026-04-03T01:55:53.387+0600][20.880s][info][gc,stats    ] Concurrent Reset                    473 us
[2026-04-03T01:55:53.387+0600][20.880s][info][gc,stats    ] Pause Init Mark (G)                 412 us
[2026-04-03T01:55:53.387+0600][20.880s][info][gc,stats    ] Pause Init Mark (N)                  93 us
[2026-04-03T01:55:53.387+0600][20.880s][info][gc,stats    ]   Update Region States               17 us
[2026-04-03T01:55:53.387+0600][20.880s][info][gc,stats    ] Concurrent Mark Roots               618 us, parallelism: 1.40x
[2026-04-03T01:55:53.387+0600][20.880s][info][gc,stats    ]   CMR: <total>                      867 us
[2026-04-03T01:55:53.387+0600][20.880s][info][gc,stats    ]   CMR: Thread Roots                 694 us, workers (us): 144, 297, 253, ---, ---, ---, 
[2026-04-03T01:55:53.387+0600][20.880s][info][gc,stats    ]   CMR: VM Strong Roots               19 us, workers (us):  16,   3,   1, ---, ---, ---, 
[2026-04-03T01:55:53.387+0600][20.880s][info][gc,stats    ]   CMR: CLDG Roots                   154 us, workers (us): 154, ---, ---, ---, ---, ---, 
[2026-04-03T01:55:53.387+0600][20.880s][info][gc,stats    ] Concurrent Marking                40901 us
[2026-04-03T01:55:53.387+0600][20.880s][info][gc,stats    ] Pause Final Mark (G)                606 us
[2026-04-03T01:55:53.387+0600][20.880s][info][gc,stats    ] Pause Final Mark (N)                431 us
[2026-04-03T01:55:53.387+0600][20.880s][info][gc,stats    ]   Finish Mark                       211 us
[2026-04-03T01:55:53.387+0600][20.880s][info][gc,stats    ]   Update Region States               28 us
[2026-04-03T01:55:53.387+0600][20.880s][info][gc,stats    ]   Choose Collection Set              60 us
[2026-04-03T01:55:53.387+0600][20.880s][info][gc,stats    ]   Rebuild Free Set                   25 us
[2026-04-03T01:55:53.387+0600][20.880s][info][gc,stats    ] Concurrent Weak References          406 us, parallelism: 0.55x
[2026-04-03T01:55:53.387+0600][20.880s][info][gc,stats    ]   CWRF: <total>                     222 us
[2026-04-03T01:55:53.387+0600][20.880s][info][gc,stats    ]   CWRF: Weak References             222 us, workers (us):  14, 141,  66, ---, ---, ---, 
[2026-04-03T01:55:53.387+0600][20.880s][info][gc,stats    ] Concurrent Weak Roots              1857 us
[2026-04-03T01:55:53.387+0600][20.880s][info][gc,stats    ]   Roots                            1592 us, parallelism: 2.34x
[2026-04-03T01:55:53.387+0600][20.880s][info][gc,stats    ]     CWR: <total>                   3725 us
[2026-04-03T01:55:53.387+0600][20.880s][info][gc,stats    ]     CWR: Code Cache Roots          2449 us, workers (us): 901, 838, 709, ---, ---, ---, 
[2026-04-03T01:55:53.387+0600][20.880s][info][gc,stats    ]     CWR: VM Weak Roots             1173 us, workers (us): 447, 374, 352, ---, ---, ---, 
[2026-04-03T01:55:53.387+0600][20.880s][info][gc,stats    ]     CWR: CLDG Roots                 103 us, workers (us): ---, ---, 103, ---, ---, ---, 
[2026-04-03T01:55:53.387+0600][20.880s][info][gc,stats    ]   Rendezvous                        182 us
[2026-04-03T01:55:53.387+0600][20.880s][info][gc,stats    ] Concurrent Cleanup                  503 us
[2026-04-03T01:55:53.387+0600][20.880s][info][gc,stats    ] Concurrent Class Unloading         4798 us
[2026-04-03T01:55:53.387+0600][20.880s][info][gc,stats    ]   Unlink Stale                     4523 us
[2026-04-03T01:55:53.387+0600][20.880s][info][gc,stats    ]     System Dictionary               121 us
[2026-04-03T01:55:53.387+0600][20.880s][info][gc,stats    ]     Weak Class Links                  0 us
[2026-04-03T01:55:53.387+0600][20.880s][info][gc,stats    ]     Code Roots                     4399 us
[2026-04-03T01:55:53.387+0600][20.880s][info][gc,stats    ]   Rendezvous                        149 us
[2026-04-03T01:55:53.387+0600][20.880s][info][gc,stats    ]   Purge Unlinked                     17 us
[2026-04-03T01:55:53.387+0600][20.880s][info][gc,stats    ]     Code Roots                        5 us
[2026-04-03T01:55:53.387+0600][20.880s][info][gc,stats    ]     CLDG                             11 us
[2026-04-03T01:55:53.387+0600][20.880s][info][gc,stats    ]     Exception Caches                  0 us
[2026-04-03T01:55:53.387+0600][20.880s][info][gc,stats    ] Pause Final Roots (G)               258 us
[2026-04-03T01:55:53.387+0600][20.880s][info][gc,stats    ] Pause Final Roots (N)                65 us
[2026-04-03T01:55:53.387+0600][20.880s][info][gc,stats    ] 
[2026-04-03T01:55:53.387+0600][20.880s][info][gc,stats    ] Allocation pacing accrued:
[2026-04-03T01:55:53.387+0600][20.880s][info][gc,stats    ]       0 of   206 ms (  0.0%): <total>
[2026-04-03T01:55:53.387+0600][20.880s][info][gc,stats    ]       0 of   206 ms (  0.0%): <average total>
[2026-04-03T01:55:53.387+0600][20.880s][info][gc,stats    ] 
[2026-04-03T01:55:53.387+0600][20.880s][info][gc,metaspace] Metaspace: 66578K(67328K)->66614K(67456K) NonClass: 58097K(58496K)->58132K(58624K) Class: 8480K(8832K)->8482K(8832K)
[2026-04-03T01:55:53.387+0600][20.880s][info][gc,ergo     ] Pacer for Idle. Initial: 10240K, Alloc Tax Rate: 1.0x
[2026-04-03T01:55:53.407+0600][20.900s][info][gc          ] Trigger: Explicit GC request (System.gc())
[2026-04-03T01:55:53.407+0600][20.900s][info][gc,ergo     ] Free: 337M, Max: 256K regular, 91392K humongous, Frag: 74% external, 0% internal; Reserve: 25600K, Max: 256K
[2026-04-03T01:55:53.407+0600][20.900s][info][gc,start    ] GC(42) Concurrent reset
[2026-04-03T01:55:53.407+0600][20.900s][info][gc,task     ] GC(42) Using 3 of 6 workers for concurrent reset
[2026-04-03T01:55:53.407+0600][20.900s][info][gc,ergo     ] GC(42) Pacer for Reset. Non-Taxable: 500M
[2026-04-03T01:55:53.407+0600][20.900s][info][gc          ] GC(42) Concurrent reset 0.703ms
[2026-04-03T01:55:53.408+0600][20.901s][info][gc,start    ] GC(42) Pause Init Mark (unload classes)
[2026-04-03T01:55:53.408+0600][20.901s][info][gc,task     ] GC(42) Using 6 of 6 workers for init marking
[2026-04-03T01:55:53.408+0600][20.901s][info][gc,ref      ] GC(42) Clearing All SoftReferences
[2026-04-03T01:55:53.408+0600][20.901s][info][gc,ergo     ] GC(42) Pacer for Mark. Expected Live: 117M, Free: 337M, Non-Taxable: 34592K, Alloc Tax Rate: 0.4x
[2026-04-03T01:55:53.408+0600][20.901s][info][gc          ] GC(42) Pause Init Mark (unload classes) 0.173ms
[2026-04-03T01:55:53.408+0600][20.901s][info][gc,start    ] GC(42) Concurrent marking roots
[2026-04-03T01:55:53.408+0600][20.901s][info][gc,task     ] GC(42) Using 3 of 6 workers for concurrent marking roots
[2026-04-03T01:55:53.409+0600][20.902s][info][gc          ] GC(42) Concurrent marking roots 0.930ms
[2026-04-03T01:55:53.409+0600][20.902s][info][gc,start    ] GC(42) Concurrent marking (unload classes)
[2026-04-03T01:55:53.409+0600][20.902s][info][gc,task     ] GC(42) Using 3 of 6 workers for concurrent marking
[2026-04-03T01:55:53.454+0600][20.947s][info][gc          ] GC(42) Concurrent marking (unload classes) 44.943ms
[2026-04-03T01:55:53.454+0600][20.947s][info][gc,start    ] GC(42) Pause Final Mark (unload classes)
[2026-04-03T01:55:53.454+0600][20.947s][info][gc,task     ] GC(42) Using 6 of 6 workers for final marking
[2026-04-03T01:55:53.455+0600][20.948s][info][gc,ergo     ] GC(42) Adaptive CSet Selection. Target Free: 72533K, Actual Free: 381M, Max CSet: 21333K, Min Garbage: 0B
[2026-04-03T01:55:53.455+0600][20.948s][info][gc,ergo     ] GC(42) Collectable Garbage: 32873K (91%), Immediate: 20224K (56%), CSet: 12649K (35%)
[2026-04-03T01:55:53.455+0600][20.948s][info][gc,ergo     ] GC(42) Pacer for Evacuation. Used CSet: 13288K, Free: 358M, Non-Taxable: 36689K, Alloc Tax Rate: 1.1x
[2026-04-03T01:55:53.455+0600][20.948s][info][gc          ] GC(42) Pause Final Mark (unload classes) 0.578ms
[2026-04-03T01:55:53.455+0600][20.948s][info][gc,start    ] GC(42) Concurrent thread roots
[2026-04-03T01:55:53.455+0600][20.948s][info][gc,task     ] GC(42) Using 3 of 6 workers for Concurrent thread roots
[2026-04-03T01:55:53.456+0600][20.949s][info][gc          ] GC(42) Concurrent thread roots 0.606ms
[2026-04-03T01:55:53.456+0600][20.949s][info][gc,start    ] GC(42) Concurrent weak references
[2026-04-03T01:55:53.456+0600][20.949s][info][gc,task     ] GC(42) Using 3 of 6 workers for concurrent weak references
[2026-04-03T01:55:53.456+0600][20.949s][info][gc,ref      ] GC(42) Encountered references: Soft: 3042, Weak: 5716, Final: 74, Phantom: 596
[2026-04-03T01:55:53.456+0600][20.949s][info][gc,ref      ] GC(42) Discovered  references: Soft: 2829, Weak: 1126, Final: 0, Phantom: 593
[2026-04-03T01:55:53.456+0600][20.949s][info][gc,ref      ] GC(42) Enqueued    references: Soft: 336, Weak: 204, Final: 0, Phantom: 0
[2026-04-03T01:55:53.456+0600][20.949s][info][gc          ] GC(42) Concurrent weak references 0.659ms
[2026-04-03T01:55:53.456+0600][20.949s][info][gc,start    ] GC(42) Concurrent weak roots
[2026-04-03T01:55:53.456+0600][20.949s][info][gc,task     ] GC(42) Using 3 of 6 workers for concurrent weak root
[2026-04-03T01:55:53.458+0600][20.951s][info][gc          ] GC(42) Concurrent weak roots 2.148ms
[2026-04-03T01:55:53.458+0600][20.951s][info][gc,start    ] GC(42) Concurrent cleanup
[2026-04-03T01:55:53.459+0600][20.952s][info][gc          ] GC(42) Concurrent cleanup 135M->115M(412M) 0.330ms
[2026-04-03T01:55:53.459+0600][20.952s][info][gc,ergo     ] GC(42) Free: 358M, Max: 256K regular, 91392K humongous, Frag: 76% external, 0% internal; Reserve: 25376K, Max: 256K
[2026-04-03T01:55:53.459+0600][20.952s][info][gc,start    ] GC(42) Concurrent class unloading
[2026-04-03T01:55:53.459+0600][20.952s][info][gc,task     ] GC(42) Using 3 of 6 workers for concurrent class unloading
[2026-04-03T01:55:53.477+0600][20.970s][info][gc          ] GC(42) Concurrent class unloading 18.256ms
[2026-04-03T01:55:53.477+0600][20.970s][info][gc,start    ] GC(42) Concurrent strong roots
[2026-04-03T01:55:53.477+0600][20.970s][info][gc,task     ] GC(42) Using 3 of 6 workers for concurrent strong root
[2026-04-03T01:55:53.478+0600][20.971s][info][gc          ] GC(42) Concurrent strong roots 1.017ms
[2026-04-03T01:55:53.478+0600][20.971s][info][gc,start    ] GC(42) Concurrent evacuation
[2026-04-03T01:55:53.478+0600][20.971s][info][gc,task     ] GC(42) Using 3 of 6 workers for concurrent evacuation
[2026-04-03T01:55:53.479+0600][20.972s][info][gc          ] GC(42) Concurrent evacuation 0.668ms
[2026-04-03T01:55:53.479+0600][20.972s][info][gc,start    ] GC(42) Pause Init Update Refs
[2026-04-03T01:55:53.479+0600][20.972s][info][gc,ergo     ] GC(42) Pacer for Update Refs. Used: 119M, Free: 354M, Non-Taxable: 36303K, Alloc Tax Rate: 1.1x
[2026-04-03T01:55:53.479+0600][20.972s][info][gc          ] GC(42) Pause Init Update Refs 0.158ms
[2026-04-03T01:55:53.480+0600][20.973s][info][gc,start    ] GC(42) Concurrent update references
[2026-04-03T01:55:53.480+0600][20.973s][info][gc,task     ] GC(42) Using 3 of 6 workers for concurrent reference update
[2026-04-03T01:55:53.513+0600][21.006s][info][gc          ] GC(42) Concurrent update references 33.725ms
[2026-04-03T01:55:53.513+0600][21.006s][info][gc,start    ] GC(42) Concurrent update thread roots
[2026-04-03T01:55:53.514+0600][21.007s][info][gc          ] GC(42) Concurrent update thread roots 0.815ms
[2026-04-03T01:55:53.514+0600][21.007s][info][gc,start    ] GC(42) Pause Final Update Refs
[2026-04-03T01:55:53.514+0600][21.007s][info][gc,task     ] GC(42) Using 6 of 6 workers for final reference update
[2026-04-03T01:55:53.515+0600][21.008s][info][gc          ] GC(42) Pause Final Update Refs 0.136ms
[2026-04-03T01:55:53.515+0600][21.008s][info][gc,start    ] GC(42) Concurrent cleanup
[2026-04-03T01:55:53.515+0600][21.008s][info][gc          ] GC(42) Concurrent cleanup 119M->106M(412M) 0.169ms
[2026-04-03T01:55:53.515+0600][21.008s][info][gc,ergo     ] Free: 366M, Max: 256K regular, 145M humongous, Frag: 61% external, 0% internal; Reserve: 25600K, Max: 256K
[2026-04-03T01:55:53.515+0600][21.008s][info][gc,stats    ] 
[2026-04-03T01:55:53.515+0600][21.008s][info][gc,stats    ] All times are wall-clock times, except per-root-class counters, that are sum over
[2026-04-03T01:55:53.515+0600][21.008s][info][gc,stats    ] all workers. Dividing the <total> over the root stage time estimates parallelism.
[2026-04-03T01:55:53.515+0600][21.008s][info][gc,stats    ] 
[2026-04-03T01:55:53.515+0600][21.008s][info][gc,stats    ] Concurrent Reset                    765 us
[2026-04-03T01:55:53.515+0600][21.008s][info][gc,stats    ] Pause Init Mark (G)                 462 us
[2026-04-03T01:55:53.515+0600][21.008s][info][gc,stats    ] Pause Init Mark (N)                 186 us
[2026-04-03T01:55:53.515+0600][21.008s][info][gc,stats    ]   Update Region States               30 us
[2026-04-03T01:55:53.515+0600][21.008s][info][gc,stats    ] Concurrent Mark Roots               969 us, parallelism: 1.72x
[2026-04-03T01:55:53.515+0600][21.008s][info][gc,stats    ]   CMR: <total>                     1664 us
[2026-04-03T01:55:53.515+0600][21.008s][info][gc,stats    ]   CMR: Thread Roots                1345 us, workers (us): 263, 548, 534, ---, ---, ---, 
[2026-04-03T01:55:53.515+0600][21.008s][info][gc,stats    ]   CMR: VM Strong Roots               32 us, workers (us):  24,   7,   1, ---, ---, ---, 
[2026-04-03T01:55:53.515+0600][21.008s][info][gc,stats    ]   CMR: CLDG Roots                   288 us, workers (us): 288, ---, ---, ---, ---, ---, 
[2026-04-03T01:55:53.515+0600][21.008s][info][gc,stats    ] Concurrent Marking                45027 us
[2026-04-03T01:55:53.515+0600][21.008s][info][gc,stats    ] Pause Final Mark (G)                945 us
[2026-04-03T01:55:53.515+0600][21.008s][info][gc,stats    ] Pause Final Mark (N)                720 us
[2026-04-03T01:55:53.515+0600][21.008s][info][gc,stats    ]   Finish Mark                       254 us
[2026-04-03T01:55:53.515+0600][21.008s][info][gc,stats    ]   Update Region States               28 us
[2026-04-03T01:55:53.515+0600][21.008s][info][gc,stats    ]   Choose Collection Set             156 us
[2026-04-03T01:55:53.515+0600][21.008s][info][gc,stats    ]   Rebuild Free Set                   22 us
[2026-04-03T01:55:53.515+0600][21.008s][info][gc,stats    ] Concurrent Thread Roots             665 us, parallelism: 1.85x
[2026-04-03T01:55:53.515+0600][21.008s][info][gc,stats    ]   CTR: <total>                     1233 us
[2026-04-03T01:55:53.515+0600][21.008s][info][gc,stats    ]   CTR: Thread Roots                1233 us, workers (us): 415, 410, 408, ---, ---, ---, 
[2026-04-03T01:55:53.515+0600][21.008s][info][gc,stats    ] Concurrent Weak References          670 us, parallelism: 1.13x
[2026-04-03T01:55:53.515+0600][21.008s][info][gc,stats    ]   CWRF: <total>                     758 us
[2026-04-03T01:55:53.515+0600][21.008s][info][gc,stats    ]   CWRF: Weak References             758 us, workers (us): 192,  63, 503, ---, ---, ---, 
[2026-04-03T01:55:53.515+0600][21.008s][info][gc,stats    ] Concurrent Weak Roots              2218 us
[2026-04-03T01:55:53.515+0600][21.008s][info][gc,stats    ]   Roots                            1973 us, parallelism: 2.49x
[2026-04-03T01:55:53.515+0600][21.008s][info][gc,stats    ]     CWR: <total>                   4908 us
[2026-04-03T01:55:53.515+0600][21.008s][info][gc,stats    ]     CWR: Code Cache Roots          3006 us, workers (us): 880, 1027, 1099, ---, ---, ---, 
[2026-04-03T01:55:53.515+0600][21.008s][info][gc,stats    ]     CWR: VM Weak Roots             1790 us, workers (us): 627, 582, 582, ---, ---, ---, 
[2026-04-03T01:55:53.515+0600][21.008s][info][gc,stats    ]     CWR: CLDG Roots                 111 us, workers (us): 111, ---, ---, ---, ---, ---, 
[2026-04-03T01:55:53.515+0600][21.008s][info][gc,stats    ]   Rendezvous                        150 us
[2026-04-03T01:55:53.515+0600][21.008s][info][gc,stats    ] Concurrent Cleanup                  356 us
[2026-04-03T01:55:53.515+0600][21.008s][info][gc,stats    ] Concurrent Class Unloading        18348 us
[2026-04-03T01:55:53.515+0600][21.008s][info][gc,stats    ]   Unlink Stale                    16821 us
[2026-04-03T01:55:53.515+0600][21.008s][info][gc,stats    ]     System Dictionary               452 us
[2026-04-03T01:55:53.515+0600][21.008s][info][gc,stats    ]     Weak Class Links              11660 us
[2026-04-03T01:55:53.515+0600][21.008s][info][gc,stats    ]     Code Roots                     4706 us
[2026-04-03T01:55:53.515+0600][21.008s][info][gc,stats    ]   Rendezvous                        189 us
[2026-04-03T01:55:53.515+0600][21.008s][info][gc,stats    ]   Purge Unlinked                   1186 us
[2026-04-03T01:55:53.515+0600][21.008s][info][gc,stats    ]     Code Roots                      242 us
[2026-04-03T01:55:53.515+0600][21.008s][info][gc,stats    ]     CLDG                            942 us
[2026-04-03T01:55:53.515+0600][21.008s][info][gc,stats    ]     Exception Caches                  1 us
[2026-04-03T01:55:53.515+0600][21.008s][info][gc,stats    ] Concurrent Strong Roots            1115 us, parallelism: 0.57x
[2026-04-03T01:55:53.515+0600][21.008s][info][gc,stats    ]   CSR: <total>                      638 us
[2026-04-03T01:55:53.515+0600][21.008s][info][gc,stats    ]   CSR: VM Strong Roots               33 us, workers (us):  29,   2,   2, ---, ---, ---, 
[2026-04-03T01:55:53.515+0600][21.008s][info][gc,stats    ]   CSR: CLDG Roots                   606 us, workers (us): 606, ---, ---, ---, ---, ---, 
[2026-04-03T01:55:53.515+0600][21.008s][info][gc,stats    ] Concurrent Evacuation               710 us
[2026-04-03T01:55:53.515+0600][21.008s][info][gc,stats    ] Pause Init Update Refs (G)          465 us
[2026-04-03T01:55:53.515+0600][21.008s][info][gc,stats    ] Pause Init Update Refs (N)          171 us
[2026-04-03T01:55:53.515+0600][21.008s][info][gc,stats    ]   Manage GCLABs                      32 us
[2026-04-03T01:55:53.515+0600][21.008s][info][gc,stats    ] Concurrent Update Refs            33809 us
[2026-04-03T01:55:53.515+0600][21.008s][info][gc,stats    ] Concurrent Update Thread Roots      902 us
[2026-04-03T01:55:53.515+0600][21.008s][info][gc,stats    ] Pause Final Update Refs (G)         369 us
[2026-04-03T01:55:53.515+0600][21.008s][info][gc,stats    ] Pause Final Update Refs (N)         159 us
[2026-04-03T01:55:53.515+0600][21.008s][info][gc,stats    ]   Update Region States               31 us
[2026-04-03T01:55:53.515+0600][21.008s][info][gc,stats    ]   Trash Collection Set                6 us
[2026-04-03T01:55:53.515+0600][21.008s][info][gc,stats    ]   Rebuild Free Set                   25 us
[2026-04-03T01:55:53.515+0600][21.008s][info][gc,stats    ] Concurrent Cleanup                  301 us
[2026-04-03T01:55:53.515+0600][21.008s][info][gc,stats    ] 
[2026-04-03T01:55:53.515+0600][21.008s][info][gc,stats    ] Allocation pacing accrued:
[2026-04-03T01:55:53.515+0600][21.008s][info][gc,stats    ]       0 of   128 ms (  0.0%): <total>
[2026-04-03T01:55:53.515+0600][21.008s][info][gc,stats    ]       0 of   128 ms (  0.0%): <average total>
[2026-04-03T01:55:53.515+0600][21.008s][info][gc,stats    ] 
[2026-04-03T01:55:53.515+0600][21.008s][info][gc,metaspace] Metaspace: 66643K(67456K)->66314K(67456K) NonClass: 58160K(58624K)->57891K(58624K) Class: 8482K(8832K)->8422K(8832K)
[2026-04-03T01:55:53.515+0600][21.008s][info][gc,ergo     ] Pacer for Idle. Initial: 10240K, Alloc Tax Rate: 1.0x
[2026-04-03T01:55:53.515+0600][21.008s][info][gc,start    ] Concurrent uncommit
[2026-04-03T01:55:53.565+0600][21.058s][info][gc          ] Concurrent uncommit 107M->111M(114M) 49.032ms
[2026-04-03T01:55:53.640+0600][21.133s][info][gc          ] Trigger: Learning 2 of 5. Free (349M) is below initial threshold (350M)
[2026-04-03T01:55:53.640+0600][21.133s][info][gc,ergo     ] Free: 349M, Max: 256K regular, 145M humongous, Frag: 59% external, 0% internal; Reserve: 25600K, Max: 256K
[2026-04-03T01:55:53.640+0600][21.133s][info][gc,start    ] GC(43) Concurrent reset
[2026-04-03T01:55:53.640+0600][21.133s][info][gc,task     ] GC(43) Using 3 of 6 workers for concurrent reset
[2026-04-03T01:55:53.640+0600][21.133s][info][gc,ergo     ] GC(43) Pacer for Reset. Non-Taxable: 500M
[2026-04-03T01:55:53.640+0600][21.133s][info][gc          ] GC(43) Concurrent reset 0.495ms
[2026-04-03T01:55:53.640+0600][21.133s][info][gc,start    ] GC(43) Pause Init Mark (unload classes)
[2026-04-03T01:55:53.640+0600][21.133s][info][gc,task     ] GC(43) Using 4 of 6 workers for init marking
[2026-04-03T01:55:53.640+0600][21.133s][info][gc,ergo     ] GC(43) Pacer for Mark. Expected Live: 109M, Free: 349M, Non-Taxable: 35806K, Alloc Tax Rate: 0.4x
[2026-04-03T01:55:53.640+0600][21.133s][info][gc          ] GC(43) Pause Init Mark (unload classes) 0.098ms
[2026-04-03T01:55:53.640+0600][21.133s][info][gc,start    ] GC(43) Concurrent marking roots
[2026-04-03T01:55:53.640+0600][21.133s][info][gc,task     ] GC(43) Using 3 of 6 workers for concurrent marking roots
[2026-04-03T01:55:53.641+0600][21.134s][info][gc          ] GC(43) Concurrent marking roots 0.793ms
[2026-04-03T01:55:53.641+0600][21.134s][info][gc,start    ] GC(43) Concurrent marking (unload classes)
[2026-04-03T01:55:53.641+0600][21.134s][info][gc,task     ] GC(43) Using 3 of 6 workers for concurrent marking
[2026-04-03T01:55:53.693+0600][21.186s][info][gc          ] GC(43) Concurrent marking (unload classes) 51.443ms
[2026-04-03T01:55:53.693+0600][21.186s][info][gc,start    ] GC(43) Pause Final Mark (unload classes)
[2026-04-03T01:55:53.693+0600][21.186s][info][gc,task     ] GC(43) Using 4 of 6 workers for final marking
[2026-04-03T01:55:53.693+0600][21.186s][info][gc,ergo     ] GC(43) Adaptive CSet Selection. Target Free: 72533K, Actual Free: 375M, Max CSet: 21333K, Min Garbage: 0B
[2026-04-03T01:55:53.693+0600][21.186s][info][gc,ergo     ] GC(43) Collectable Garbage: 19280K (86%), Immediate: 8250K (37%), CSet: 11030K (49%)
[2026-04-03T01:55:53.694+0600][21.187s][info][gc,ergo     ] GC(43) Pacer for Evacuation. Used CSet: 12481K, Free: 352M, Non-Taxable: 36136K, Alloc Tax Rate: 1.1x
[2026-04-03T01:55:53.694+0600][21.187s][info][gc          ] GC(43) Pause Final Mark (unload classes) 0.539ms
[2026-04-03T01:55:53.694+0600][21.187s][info][gc,start    ] GC(43) Concurrent thread roots
[2026-04-03T01:55:53.694+0600][21.187s][info][gc,task     ] GC(43) Using 3 of 6 workers for Concurrent thread roots
[2026-04-03T01:55:53.695+0600][21.188s][info][gc          ] GC(43) Concurrent thread roots 0.910ms
[2026-04-03T01:55:53.695+0600][21.188s][info][gc,start    ] GC(43) Concurrent weak references
[2026-04-03T01:55:53.695+0600][21.188s][info][gc,task     ] GC(43) Using 3 of 6 workers for concurrent weak references
[2026-04-03T01:55:53.695+0600][21.188s][info][gc,ref      ] GC(43) Encountered references: Soft: 3032, Weak: 5752, Final: 74, Phantom: 596
[2026-04-03T01:55:53.695+0600][21.188s][info][gc,ref      ] GC(43) Discovered  references: Soft: 0, Weak: 3460, Final: 0, Phantom: 593
[2026-04-03T01:55:53.695+0600][21.188s][info][gc,ref      ] GC(43) Enqueued    references: Soft: 0, Weak: 182, Final: 0, Phantom: 0
[2026-04-03T01:55:53.695+0600][21.188s][info][gc          ] GC(43) Concurrent weak references 0.841ms
[2026-04-03T01:55:53.695+0600][21.188s][info][gc,start    ] GC(43) Concurrent weak roots
[2026-04-03T01:55:53.695+0600][21.188s][info][gc,task     ] GC(43) Using 3 of 6 workers for concurrent weak root
[2026-04-03T01:55:53.698+0600][21.191s][info][gc          ] GC(43) Concurrent weak roots 2.424ms
[2026-04-03T01:55:53.698+0600][21.191s][info][gc,start    ] GC(43) Concurrent cleanup
[2026-04-03T01:55:53.698+0600][21.191s][info][gc          ] GC(43) Concurrent cleanup 128M->120M(133M) 0.352ms
[2026-04-03T01:55:53.698+0600][21.191s][info][gc,ergo     ] GC(43) Free: 352M, Max: 256K regular, 145M humongous, Frag: 59% external, 0% internal; Reserve: 25356K, Max: 256K
[2026-04-03T01:55:53.698+0600][21.191s][info][gc,start    ] GC(43) Concurrent class unloading
[2026-04-03T01:55:53.698+0600][21.191s][info][gc,task     ] GC(43) Using 3 of 6 workers for concurrent class unloading
[2026-04-03T01:55:53.715+0600][21.208s][info][gc          ] GC(43) Concurrent class unloading 16.657ms
[2026-04-03T01:55:53.715+0600][21.208s][info][gc,start    ] GC(43) Concurrent strong roots
[2026-04-03T01:55:53.715+0600][21.208s][info][gc,task     ] GC(43) Using 3 of 6 workers for concurrent strong root
[2026-04-03T01:55:53.716+0600][21.209s][info][gc          ] GC(43) Concurrent strong roots 1.346ms
[2026-04-03T01:55:53.716+0600][21.209s][info][gc,start    ] GC(43) Concurrent evacuation
[2026-04-03T01:55:53.716+0600][21.209s][info][gc,task     ] GC(43) Using 3 of 6 workers for concurrent evacuation
[2026-04-03T01:55:53.718+0600][21.211s][info][gc          ] GC(43) Concurrent evacuation 2.021ms
[2026-04-03T01:55:53.719+0600][21.212s][info][gc,start    ] GC(43) Pause Init Update Refs
[2026-04-03T01:55:53.719+0600][21.212s][info][gc,ergo     ] GC(43) Pacer for Update Refs. Used: 124M, Free: 350M, Non-Taxable: 35908K, Alloc Tax Rate: 1.1x
[2026-04-03T01:55:53.719+0600][21.212s][info][gc          ] GC(43) Pause Init Update Refs 0.132ms
[2026-04-03T01:55:53.719+0600][21.212s][info][gc,start    ] GC(43) Concurrent update references
[2026-04-03T01:55:53.719+0600][21.212s][info][gc,task     ] GC(43) Using 3 of 6 workers for concurrent reference update
[2026-04-03T01:55:53.761+0600][21.254s][info][gc          ] GC(43) Concurrent update references 41.892ms
[2026-04-03T01:55:53.761+0600][21.254s][info][gc,start    ] GC(43) Concurrent update thread roots
[2026-04-03T01:55:53.762+0600][21.255s][info][gc          ] GC(43) Concurrent update thread roots 0.920ms
[2026-04-03T01:55:53.762+0600][21.255s][info][gc,start    ] GC(43) Pause Final Update Refs
[2026-04-03T01:55:53.762+0600][21.255s][info][gc,task     ] GC(43) Using 4 of 6 workers for final reference update
[2026-04-03T01:55:53.762+0600][21.255s][info][gc          ] GC(43) Pause Final Update Refs 0.143ms
[2026-04-03T01:55:53.762+0600][21.255s][info][gc,start    ] GC(43) Concurrent cleanup
[2026-04-03T01:55:53.762+0600][21.255s][info][gc          ] GC(43) Concurrent cleanup 133M->121M(136M) 0.184ms
[2026-04-03T01:55:53.763+0600][21.256s][info][gc,ergo     ] Free: 351M, Max: 256K regular, 145M humongous, Frag: 59% external, 0% internal; Reserve: 25600K, Max: 256K
[2026-04-03T01:55:53.763+0600][21.256s][info][gc,stats    ] 
[2026-04-03T01:55:53.763+0600][21.256s][info][gc,stats    ] All times are wall-clock times, except per-root-class counters, that are sum over
[2026-04-03T01:55:53.763+0600][21.256s][info][gc,stats    ] all workers. Dividing the <total> over the root stage time estimates parallelism.
[2026-04-03T01:55:53.763+0600][21.256s][info][gc,stats    ] 
[2026-04-03T01:55:53.763+0600][21.256s][info][gc,stats    ] Concurrent Reset                    526 us
[2026-04-03T01:55:53.763+0600][21.256s][info][gc,stats    ] Pause Init Mark (G)                 230 us
[2026-04-03T01:55:53.763+0600][21.256s][info][gc,stats    ] Pause Init Mark (N)                 107 us
[2026-04-03T01:55:53.763+0600][21.256s][info][gc,stats    ]   Update Region States               16 us
[2026-04-03T01:55:53.763+0600][21.256s][info][gc,stats    ] Concurrent Mark Roots               831 us, parallelism: 1.76x
[2026-04-03T01:55:53.763+0600][21.256s][info][gc,stats    ]   CMR: <total>                     1462 us
[2026-04-03T01:55:53.763+0600][21.256s][info][gc,stats    ]   CMR: Thread Roots                1183 us, workers (us): 249, 474, 460, ---, ---, ---, 
[2026-04-03T01:55:53.763+0600][21.256s][info][gc,stats    ]   CMR: VM Strong Roots               35 us, workers (us):  34,   1,   0, ---, ---, ---, 
[2026-04-03T01:55:53.763+0600][21.256s][info][gc,stats    ]   CMR: CLDG Roots                   244 us, workers (us): 244, ---, ---, ---, ---, ---, 
[2026-04-03T01:55:53.763+0600][21.256s][info][gc,stats    ] Concurrent Marking                51560 us
[2026-04-03T01:55:53.763+0600][21.256s][info][gc,stats    ] Pause Final Mark (G)                722 us
[2026-04-03T01:55:53.763+0600][21.256s][info][gc,stats    ] Pause Final Mark (N)                551 us
[2026-04-03T01:55:53.763+0600][21.256s][info][gc,stats    ]   Finish Mark                       176 us
[2026-04-03T01:55:53.763+0600][21.256s][info][gc,stats    ]   Update Region States               32 us
[2026-04-03T01:55:53.763+0600][21.256s][info][gc,stats    ]   Choose Collection Set             182 us
[2026-04-03T01:55:53.763+0600][21.256s][info][gc,stats    ]   Rebuild Free Set                   26 us
[2026-04-03T01:55:53.763+0600][21.256s][info][gc,stats    ] Concurrent Thread Roots             946 us, parallelism: 2.50x
[2026-04-03T01:55:53.763+0600][21.256s][info][gc,stats    ]   CTR: <total>                     2368 us
[2026-04-03T01:55:53.763+0600][21.256s][info][gc,stats    ]   CTR: Thread Roots                2368 us, workers (us): 813, 802, 753, ---, ---, ---, 
[2026-04-03T01:55:53.763+0600][21.256s][info][gc,stats    ] Concurrent Weak References          853 us, parallelism: 0.99x
[2026-04-03T01:55:53.763+0600][21.256s][info][gc,stats    ]   CWRF: <total>                     846 us
[2026-04-03T01:55:53.763+0600][21.256s][info][gc,stats    ]   CWRF: Weak References             846 us, workers (us): 128, 672,  46, ---, ---, ---, 
[2026-04-03T01:55:53.763+0600][21.256s][info][gc,stats    ] Concurrent Weak Roots              2495 us
[2026-04-03T01:55:53.763+0600][21.256s][info][gc,stats    ]   Roots                            2229 us, parallelism: 2.55x
[2026-04-03T01:55:53.763+0600][21.256s][info][gc,stats    ]     CWR: <total>                   5690 us
[2026-04-03T01:55:53.763+0600][21.256s][info][gc,stats    ]     CWR: Code Cache Roots          3377 us, workers (us): 1242, 1150, 985, ---, ---, ---, 
[2026-04-03T01:55:53.763+0600][21.256s][info][gc,stats    ]     CWR: VM Weak Roots             2207 us, workers (us): 773, 728, 707, ---, ---, ---, 
[2026-04-03T01:55:53.763+0600][21.256s][info][gc,stats    ]     CWR: CLDG Roots                 105 us, workers (us): ---, ---, 105, ---, ---, ---, 
[2026-04-03T01:55:53.763+0600][21.256s][info][gc,stats    ]   Rendezvous                        168 us
[2026-04-03T01:55:53.763+0600][21.256s][info][gc,stats    ] Concurrent Cleanup                  369 us
[2026-04-03T01:55:53.763+0600][21.256s][info][gc,stats    ] Concurrent Class Unloading        16734 us
[2026-04-03T01:55:53.763+0600][21.256s][info][gc,stats    ]   Unlink Stale                    16197 us
[2026-04-03T01:55:53.763+0600][21.256s][info][gc,stats    ]     System Dictionary               279 us
[2026-04-03T01:55:53.763+0600][21.256s][info][gc,stats    ]     Weak Class Links              10911 us
[2026-04-03T01:55:53.763+0600][21.256s][info][gc,stats    ]     Code Roots                     5003 us
[2026-04-03T01:55:53.763+0600][21.256s][info][gc,stats    ]   Rendezvous                        158 us
[2026-04-03T01:55:53.763+0600][21.256s][info][gc,stats    ]   Purge Unlinked                    269 us
[2026-04-03T01:55:53.763+0600][21.256s][info][gc,stats    ]     Code Roots                      243 us
[2026-04-03T01:55:53.763+0600][21.256s][info][gc,stats    ]     CLDG                             25 us
[2026-04-03T01:55:53.763+0600][21.256s][info][gc,stats    ]     Exception Caches                  1 us
[2026-04-03T01:55:53.763+0600][21.256s][info][gc,stats    ] Concurrent Strong Roots            1397 us, parallelism: 0.70x
[2026-04-03T01:55:53.763+0600][21.256s][info][gc,stats    ]   CSR: <total>                      978 us
[2026-04-03T01:55:53.763+0600][21.256s][info][gc,stats    ]   CSR: VM Strong Roots               40 us, workers (us):  22,  17,   1, ---, ---, ---, 
[2026-04-03T01:55:53.763+0600][21.256s][info][gc,stats    ]   CSR: CLDG Roots                   938 us, workers (us): ---, 938, ---, ---, ---, ---, 
[2026-04-03T01:55:53.763+0600][21.256s][info][gc,stats    ] Concurrent Evacuation              2080 us
[2026-04-03T01:55:53.763+0600][21.256s][info][gc,stats    ] Pause Init Update Refs (G)          289 us
[2026-04-03T01:55:53.763+0600][21.256s][info][gc,stats    ] Pause Init Update Refs (N)          150 us
[2026-04-03T01:55:53.763+0600][21.256s][info][gc,stats    ]   Manage GCLABs                      38 us
[2026-04-03T01:55:53.763+0600][21.256s][info][gc,stats    ] Concurrent Update Refs            41983 us
[2026-04-03T01:55:53.763+0600][21.256s][info][gc,stats    ] Concurrent Update Thread Roots      989 us
[2026-04-03T01:55:53.763+0600][21.256s][info][gc,stats    ] Pause Final Update Refs (G)         474 us
[2026-04-03T01:55:53.763+0600][21.256s][info][gc,stats    ] Pause Final Update Refs (N)         159 us
[2026-04-03T01:55:53.763+0600][21.256s][info][gc,stats    ]   Update Region States               38 us
[2026-04-03T01:55:53.763+0600][21.256s][info][gc,stats    ]   Trash Collection Set                7 us
[2026-04-03T01:55:53.763+0600][21.256s][info][gc,stats    ]   Rebuild Free Set                   24 us
[2026-04-03T01:55:53.763+0600][21.256s][info][gc,stats    ] Concurrent Cleanup                  207 us
[2026-04-03T01:55:53.763+0600][21.256s][info][gc,stats    ] 
[2026-04-03T01:55:53.763+0600][21.256s][info][gc,stats    ] Allocation pacing accrued:
[2026-04-03T01:55:53.763+0600][21.256s][info][gc,stats    ]       0 of   248 ms (  0.0%): <total>
[2026-04-03T01:55:53.763+0600][21.256s][info][gc,stats    ]       0 of   248 ms (  0.0%): <average total>
[2026-04-03T01:55:53.763+0600][21.256s][info][gc,stats    ] 
[2026-04-03T01:55:53.763+0600][21.256s][info][gc,metaspace] Metaspace: 66649K(67520K)->66747K(67584K) NonClass: 58180K(58688K)->58267K(58752K) Class: 8468K(8832K)->8480K(8832K)
[2026-04-03T01:55:53.763+0600][21.256s][info][gc,ergo     ] Pacer for Idle. Initial: 10240K, Alloc Tax Rate: 1.0x
[2026-04-03T01:55:53.765+0600][21.258s][info][gc          ] Trigger: Learning 3 of 5. Free (349M) is below initial threshold (350M)
[2026-04-03T01:55:53.766+0600][21.259s][info][gc,ergo     ] Free: 349M, Max: 256K regular, 145M humongous, Frag: 59% external, 0% internal; Reserve: 25600K, Max: 256K
[2026-04-03T01:55:53.766+0600][21.259s][info][gc,start    ] GC(44) Concurrent reset
[2026-04-03T01:55:53.766+0600][21.259s][info][gc,task     ] GC(44) Using 3 of 6 workers for concurrent reset
[2026-04-03T01:55:53.766+0600][21.259s][info][gc,ergo     ] GC(44) Pacer for Reset. Non-Taxable: 500M
[2026-04-03T01:55:53.766+0600][21.259s][info][gc          ] GC(44) Concurrent reset 0.781ms
[2026-04-03T01:55:53.767+0600][21.260s][info][gc,start    ] GC(44) Pause Init Mark (unload classes)
[2026-04-03T01:55:53.767+0600][21.260s][info][gc,task     ] GC(44) Using 3 of 6 workers for init marking
[2026-04-03T01:55:53.767+0600][21.260s][info][gc,ergo     ] GC(44) Pacer for Mark. Expected Live: 100M, Free: 349M, Non-Taxable: 35785K, Alloc Tax Rate: 0.4x
[2026-04-03T01:55:53.767+0600][21.260s][info][gc          ] GC(44) Pause Init Mark (unload classes) 0.112ms
[2026-04-03T01:55:53.767+0600][21.260s][info][gc,start    ] GC(44) Concurrent marking roots
[2026-04-03T01:55:53.767+0600][21.260s][info][gc,task     ] GC(44) Using 3 of 6 workers for concurrent marking roots
[2026-04-03T01:55:53.768+0600][21.261s][info][gc          ] GC(44) Concurrent marking roots 1.060ms
[2026-04-03T01:55:53.768+0600][21.261s][info][gc,start    ] GC(44) Concurrent marking (unload classes)
[2026-04-03T01:55:53.768+0600][21.261s][info][gc,task     ] GC(44) Using 3 of 6 workers for concurrent marking
[2026-04-03T01:55:53.821+0600][21.314s][info][gc          ] GC(44) Concurrent marking (unload classes) 53.309ms
[2026-04-03T01:55:53.821+0600][21.314s][info][gc,start    ] GC(44) Pause Final Mark (unload classes)
[2026-04-03T01:55:53.821+0600][21.314s][info][gc,task     ] GC(44) Using 3 of 6 workers for final marking
[2026-04-03T01:55:53.822+0600][21.315s][info][gc,ergo     ] GC(44) Adaptive CSet Selection. Target Free: 72533K, Actual Free: 346M, Max CSet: 21333K, Min Garbage: 0B
[2026-04-03T01:55:53.822+0600][21.315s][info][gc,ergo     ] GC(44) Collectable Garbage: 19519K (86%), Immediate: 7936K (35%), CSet: 11583K (51%)
[2026-04-03T01:55:53.822+0600][21.315s][info][gc,ergo     ] GC(44) Pacer for Evacuation. Used CSet: 12544K, Free: 322M, Non-Taxable: 33071K, Alloc Tax Rate: 1.1x
[2026-04-03T01:55:53.822+0600][21.315s][info][gc          ] GC(44) Pause Final Mark (unload classes) 0.545ms
[2026-04-03T01:55:53.822+0600][21.315s][info][gc,start    ] GC(44) Concurrent thread roots
[2026-04-03T01:55:53.822+0600][21.315s][info][gc,task     ] GC(44) Using 3 of 6 workers for Concurrent thread roots
[2026-04-03T01:55:53.823+0600][21.316s][info][gc          ] GC(44) Concurrent thread roots 0.676ms
[2026-04-03T01:55:53.823+0600][21.316s][info][gc,start    ] GC(44) Concurrent weak references
[2026-04-03T01:55:53.823+0600][21.316s][info][gc,task     ] GC(44) Using 3 of 6 workers for concurrent weak references
[2026-04-03T01:55:53.823+0600][21.316s][info][gc,ref      ] GC(44) Encountered references: Soft: 3125, Weak: 5787, Final: 74, Phantom: 597
[2026-04-03T01:55:53.823+0600][21.316s][info][gc,ref      ] GC(44) Discovered  references: Soft: 0, Weak: 469, Final: 0, Phantom: 594
[2026-04-03T01:55:53.823+0600][21.316s][info][gc,ref      ] GC(44) Enqueued    references: Soft: 0, Weak: 44, Final: 0, Phantom: 0
[2026-04-03T01:55:53.823+0600][21.316s][info][gc          ] GC(44) Concurrent weak references 0.287ms
[2026-04-03T01:55:53.823+0600][21.316s][info][gc,start    ] GC(44) Concurrent weak roots
[2026-04-03T01:55:53.823+0600][21.316s][info][gc,task     ] GC(44) Using 3 of 6 workers for concurrent weak root
[2026-04-03T01:55:53.825+0600][21.318s][info][gc          ] GC(44) Concurrent weak roots 2.089ms
[2026-04-03T01:55:53.825+0600][21.318s][info][gc,start    ] GC(44) Concurrent cleanup
[2026-04-03T01:55:53.825+0600][21.318s][info][gc          ] GC(44) Concurrent cleanup 160M->152M(163M) 0.167ms
[2026-04-03T01:55:53.825+0600][21.318s][info][gc,ergo     ] GC(44) Free: 320M, Max: 256K regular, 145M humongous, Frag: 55% external, 0% internal; Reserve: 25491K, Max: 256K
[2026-04-03T01:55:53.825+0600][21.318s][info][gc,start    ] GC(44) Concurrent class unloading
[2026-04-03T01:55:53.825+0600][21.318s][info][gc,task     ] GC(44) Using 3 of 6 workers for concurrent class unloading
[2026-04-03T01:55:53.843+0600][21.337s][info][gc          ] GC(44) Concurrent class unloading 18.048ms
[2026-04-03T01:55:53.844+0600][21.337s][info][gc,start    ] GC(44) Concurrent strong roots
[2026-04-03T01:55:53.844+0600][21.337s][info][gc,task     ] GC(44) Using 3 of 6 workers for concurrent strong root
[2026-04-03T01:55:53.844+0600][21.337s][info][gc          ] GC(44) Concurrent strong roots 0.702ms
[2026-04-03T01:55:53.844+0600][21.337s][info][gc,start    ] GC(44) Concurrent evacuation
[2026-04-03T01:55:53.844+0600][21.337s][info][gc,task     ] GC(44) Using 3 of 6 workers for concurrent evacuation
[2026-04-03T01:55:53.845+0600][21.338s][info][gc          ] GC(44) Concurrent evacuation 1.097ms
[2026-04-03T01:55:53.846+0600][21.339s][info][gc,start    ] GC(44) Pause Init Update Refs
[2026-04-03T01:55:53.846+0600][21.339s][info][gc,ergo     ] GC(44) Pacer for Update Refs. Used: 169M, Free: 305M, Non-Taxable: 31279K, Alloc Tax Rate: 1.1x
[2026-04-03T01:55:53.846+0600][21.339s][info][gc          ] GC(44) Pause Init Update Refs 0.111ms
[2026-04-03T01:55:53.846+0600][21.339s][info][gc,start    ] GC(44) Concurrent update references
[2026-04-03T01:55:53.846+0600][21.339s][info][gc,task     ] GC(44) Using 3 of 6 workers for concurrent reference update
[2026-04-03T01:55:53.893+0600][21.386s][info][gc          ] GC(44) Concurrent update references 46.681ms
[2026-04-03T01:55:53.893+0600][21.386s][info][gc,start    ] GC(44) Concurrent update thread roots
[2026-04-03T01:55:53.894+0600][21.387s][info][gc          ] GC(44) Concurrent update thread roots 0.865ms
[2026-04-03T01:55:53.894+0600][21.387s][info][gc,start    ] GC(44) Pause Final Update Refs
[2026-04-03T01:55:53.894+0600][21.387s][info][gc,task     ] GC(44) Using 4 of 6 workers for final reference update
[2026-04-03T01:55:53.894+0600][21.387s][info][gc          ] GC(44) Pause Final Update Refs 0.116ms
[2026-04-03T01:55:53.894+0600][21.387s][info][gc,start    ] GC(44) Concurrent cleanup
[2026-04-03T01:55:53.894+0600][21.387s][info][gc          ] GC(44) Concurrent cleanup 204M->192M(206M) 0.147ms
[2026-04-03T01:55:53.894+0600][21.387s][info][gc,ergo     ] Free: 281M, Max: 256K regular, 144M humongous, Frag: 49% external, 0% internal; Reserve: 25600K, Max: 256K
[2026-04-03T01:55:53.894+0600][21.387s][info][gc,stats    ] 
[2026-04-03T01:55:53.894+0600][21.387s][info][gc,stats    ] All times are wall-clock times, except per-root-class counters, that are sum over
[2026-04-03T01:55:53.894+0600][21.387s][info][gc,stats    ] all workers. Dividing the <total> over the root stage time estimates parallelism.
[2026-04-03T01:55:53.894+0600][21.387s][info][gc,stats    ] 
[2026-04-03T01:55:53.894+0600][21.387s][info][gc,stats    ] Concurrent Reset                    843 us
[2026-04-03T01:55:53.894+0600][21.387s][info][gc,stats    ] Pause Init Mark (G)                 356 us
[2026-04-03T01:55:53.894+0600][21.387s][info][gc,stats    ] Pause Init Mark (N)                 126 us
[2026-04-03T01:55:53.894+0600][21.387s][info][gc,stats    ]   Update Region States               21 us
[2026-04-03T01:55:53.894+0600][21.387s][info][gc,stats    ] Concurrent Mark Roots              1127 us, parallelism: 1.80x
[2026-04-03T01:55:53.894+0600][21.387s][info][gc,stats    ]   CMR: <total>                     2026 us
[2026-04-03T01:55:53.894+0600][21.387s][info][gc,stats    ]   CMR: Thread Roots                1626 us, workers (us): 678, 349, 600, ---, ---, ---, 
[2026-04-03T01:55:53.894+0600][21.387s][info][gc,stats    ]   CMR: VM Strong Roots               59 us, workers (us):  47,  12,   0, ---, ---, ---, 
[2026-04-03T01:55:53.894+0600][21.387s][info][gc,stats    ]   CMR: CLDG Roots                   341 us, workers (us): ---, 341, ---, ---, ---, ---, 
[2026-04-03T01:55:53.894+0600][21.387s][info][gc,stats    ] Concurrent Marking                53396 us
[2026-04-03T01:55:53.894+0600][21.387s][info][gc,stats    ] Pause Final Mark (G)                764 us
[2026-04-03T01:55:53.894+0600][21.387s][info][gc,stats    ] Pause Final Mark (N)                559 us
[2026-04-03T01:55:53.894+0600][21.387s][info][gc,stats    ]   Finish Mark                       166 us
[2026-04-03T01:55:53.894+0600][21.387s][info][gc,stats    ]   Update Region States               33 us
[2026-04-03T01:55:53.894+0600][21.387s][info][gc,stats    ]   Choose Collection Set             207 us
[2026-04-03T01:55:53.894+0600][21.387s][info][gc,stats    ]   Rebuild Free Set                   23 us
[2026-04-03T01:55:53.894+0600][21.387s][info][gc,stats    ] Concurrent Thread Roots             721 us, parallelism: 1.82x
[2026-04-03T01:55:53.894+0600][21.387s][info][gc,stats    ]   CTR: <total>                     1310 us
[2026-04-03T01:55:53.894+0600][21.387s][info][gc,stats    ]   CTR: Thread Roots                1310 us, workers (us): 503, 398, 409, ---, ---, ---, 
[2026-04-03T01:55:53.894+0600][21.387s][info][gc,stats    ] Concurrent Weak References          301 us, parallelism: 0.67x
[2026-04-03T01:55:53.894+0600][21.387s][info][gc,stats    ]   CWRF: <total>                     200 us
[2026-04-03T01:55:53.894+0600][21.387s][info][gc,stats    ]   CWRF: Weak References             200 us, workers (us):  42,  81,  77, ---, ---, ---, 
[2026-04-03T01:55:53.894+0600][21.387s][info][gc,stats    ] Concurrent Weak Roots              2152 us
[2026-04-03T01:55:53.894+0600][21.387s][info][gc,stats    ]   Roots                            1858 us, parallelism: 2.51x
[2026-04-03T01:55:53.894+0600][21.387s][info][gc,stats    ]     CWR: <total>                   4670 us
[2026-04-03T01:55:53.894+0600][21.387s][info][gc,stats    ]     CWR: Code Cache Roots          3116 us, workers (us): 1020, 1084, 1012, ---, ---, ---, 
[2026-04-03T01:55:53.894+0600][21.387s][info][gc,stats    ]     CWR: VM Weak Roots             1502 us, workers (us): 519, 514, 470, ---, ---, ---, 
[2026-04-03T01:55:53.894+0600][21.387s][info][gc,stats    ]     CWR: CLDG Roots                  52 us, workers (us):  52, ---, ---, ---, ---, ---, 
[2026-04-03T01:55:53.894+0600][21.387s][info][gc,stats    ]   Rendezvous                        205 us
[2026-04-03T01:55:53.894+0600][21.387s][info][gc,stats    ] Concurrent Cleanup                  181 us
[2026-04-03T01:55:53.894+0600][21.387s][info][gc,stats    ] Concurrent Class Unloading        18148 us
[2026-04-03T01:55:53.894+0600][21.387s][info][gc,stats    ]   Unlink Stale                    17406 us
[2026-04-03T01:55:53.895+0600][21.388s][info][gc,stats    ]     System Dictionary               272 us
[2026-04-03T01:55:53.895+0600][21.388s][info][gc,stats    ]     Weak Class Links              11304 us
[2026-04-03T01:55:53.895+0600][21.388s][info][gc,stats    ]     Code Roots                     5823 us
[2026-04-03T01:55:53.895+0600][21.388s][info][gc,stats    ]   Rendezvous                        276 us
[2026-04-03T01:55:53.895+0600][21.388s][info][gc,stats    ]   Purge Unlinked                    313 us
[2026-04-03T01:55:53.895+0600][21.388s][info][gc,stats    ]     Code Roots                      284 us
[2026-04-03T01:55:53.895+0600][21.388s][info][gc,stats    ]     CLDG                             27 us
[2026-04-03T01:55:53.895+0600][21.388s][info][gc,stats    ]     Exception Caches                  0 us
[2026-04-03T01:55:53.895+0600][21.388s][info][gc,stats    ] Concurrent Strong Roots             767 us, parallelism: 0.53x
[2026-04-03T01:55:53.895+0600][21.388s][info][gc,stats    ]   CSR: <total>                      403 us
[2026-04-03T01:55:53.895+0600][21.388s][info][gc,stats    ]   CSR: VM Strong Roots               29 us, workers (us):  17,  12,   0, ---, ---, ---, 
[2026-04-03T01:55:53.895+0600][21.388s][info][gc,stats    ]   CSR: CLDG Roots                   374 us, workers (us): ---, 374, ---, ---, ---, ---, 
[2026-04-03T01:55:53.895+0600][21.388s][info][gc,stats    ] Concurrent Evacuation              1159 us
[2026-04-03T01:55:53.895+0600][21.388s][info][gc,stats    ] Pause Init Update Refs (G)          363 us
[2026-04-03T01:55:53.895+0600][21.388s][info][gc,stats    ] Pause Init Update Refs (N)          130 us
[2026-04-03T01:55:53.895+0600][21.388s][info][gc,stats    ]   Manage GCLABs                      19 us
[2026-04-03T01:55:53.895+0600][21.388s][info][gc,stats    ] Concurrent Update Refs            46793 us
[2026-04-03T01:55:53.895+0600][21.388s][info][gc,stats    ] Concurrent Update Thread Roots      904 us
[2026-04-03T01:55:53.895+0600][21.388s][info][gc,stats    ] Pause Final Update Refs (G)         318 us
[2026-04-03T01:55:53.895+0600][21.388s][info][gc,stats    ] Pause Final Update Refs (N)         131 us
[2026-04-03T01:55:53.895+0600][21.388s][info][gc,stats    ]   Update Region States               35 us
[2026-04-03T01:55:53.895+0600][21.388s][info][gc,stats    ]   Trash Collection Set                7 us
[2026-04-03T01:55:53.895+0600][21.388s][info][gc,stats    ]   Rebuild Free Set                   22 us
[2026-04-03T01:55:53.895+0600][21.388s][info][gc,stats    ] Concurrent Cleanup                  168 us
[2026-04-03T01:55:53.895+0600][21.388s][info][gc,stats    ] 
[2026-04-03T01:55:53.895+0600][21.388s][info][gc,stats    ] Allocation pacing accrued:
[2026-04-03T01:55:53.895+0600][21.388s][info][gc,stats    ]       0 of   132 ms (  0.0%): <total>
[2026-04-03T01:55:53.895+0600][21.388s][info][gc,stats    ]       0 of   132 ms (  0.0%): <average total>
[2026-04-03T01:55:53.895+0600][21.388s][info][gc,stats    ] 
[2026-04-03T01:55:53.895+0600][21.388s][info][gc,metaspace] Metaspace: 66747K(67584K)->66745K(67584K) NonClass: 58267K(58752K)->58265K(58752K) Class: 8480K(8832K)->8479K(8832K)
[2026-04-03T01:55:53.895+0600][21.388s][info][gc,ergo     ] Pacer for Idle. Initial: 10240K, Alloc Tax Rate: 1.0x
[2026-04-03T01:55:53.896+0600][21.389s][info][gc          ] Trigger: Learning 4 of 5. Free (278M) is below initial threshold (350M)
[2026-04-03T01:55:53.896+0600][21.389s][info][gc,ergo     ] Free: 278M, Max: 256K regular, 144M humongous, Frag: 49% external, 0% internal; Reserve: 25600K, Max: 256K
[2026-04-03T01:55:53.896+0600][21.389s][info][gc,start    ] GC(45) Concurrent reset
[2026-04-03T01:55:53.896+0600][21.389s][info][gc,task     ] GC(45) Using 3 of 6 workers for concurrent reset
[2026-04-03T01:55:53.896+0600][21.389s][info][gc,ergo     ] GC(45) Pacer for Reset. Non-Taxable: 500M
[2026-04-03T01:55:53.897+0600][21.390s][info][gc          ] GC(45) Concurrent reset 0.773ms
[2026-04-03T01:55:53.897+0600][21.390s][info][gc,start    ] GC(45) Pause Init Mark (unload classes)
[2026-04-03T01:55:53.897+0600][21.390s][info][gc,task     ] GC(45) Using 4 of 6 workers for init marking
[2026-04-03T01:55:53.897+0600][21.390s][info][gc,ergo     ] GC(45) Pacer for Mark. Expected Live: 100M, Free: 277M, Non-Taxable: 28402K, Alloc Tax Rate: 0.4x
[2026-04-03T01:55:53.897+0600][21.390s][info][gc          ] GC(45) Pause Init Mark (unload classes) 0.101ms
[2026-04-03T01:55:53.897+0600][21.390s][info][gc,start    ] GC(45) Concurrent marking roots
[2026-04-03T01:55:53.897+0600][21.390s][info][gc,task     ] GC(45) Using 3 of 6 workers for concurrent marking roots
[2026-04-03T01:55:53.898+0600][21.391s][info][gc          ] GC(45) Concurrent marking roots 0.849ms
[2026-04-03T01:55:53.898+0600][21.391s][info][gc,start    ] GC(45) Concurrent marking (unload classes)
[2026-04-03T01:55:53.898+0600][21.391s][info][gc,task     ] GC(45) Using 3 of 6 workers for concurrent marking
[2026-04-03T01:55:53.950+0600][21.443s][info][gc          ] GC(45) Concurrent marking (unload classes) 51.797ms
[2026-04-03T01:55:53.950+0600][21.443s][info][gc,start    ] GC(45) Pause Final Mark (unload classes)
[2026-04-03T01:55:53.950+0600][21.443s][info][gc,task     ] GC(45) Using 4 of 6 workers for final marking
[2026-04-03T01:55:53.950+0600][21.443s][info][gc,ergo     ] GC(45) Adaptive CSet Selection. Target Free: 72533K, Actual Free: 291M, Max CSet: 21333K, Min Garbage: 0B
[2026-04-03T01:55:53.951+0600][21.444s][info][gc,ergo     ] GC(45) Collectable Garbage: 90458K (96%), Immediate: 37376K (39%), CSet: 53082K (56%)
[2026-04-03T01:55:53.951+0600][21.444s][info][gc,ergo     ] GC(45) Pacer for Evacuation. Used CSet: 56320K, Free: 266M, Non-Taxable: 27327K, Alloc Tax Rate: 1.1x
[2026-04-03T01:55:53.951+0600][21.444s][info][gc          ] GC(45) Pause Final Mark (unload classes) 0.576ms
[2026-04-03T01:55:53.951+0600][21.444s][info][gc,start    ] GC(45) Concurrent thread roots
[2026-04-03T01:55:53.951+0600][21.444s][info][gc,task     ] GC(45) Using 3 of 6 workers for Concurrent thread roots
[2026-04-03T01:55:53.951+0600][21.444s][info][gc          ] GC(45) Concurrent thread roots 0.558ms
[2026-04-03T01:55:53.951+0600][21.444s][info][gc,start    ] GC(45) Concurrent weak references
[2026-04-03T01:55:53.951+0600][21.444s][info][gc,task     ] GC(45) Using 3 of 6 workers for concurrent weak references
[2026-04-03T01:55:53.952+0600][21.445s][info][gc,ref      ] GC(45) Encountered references: Soft: 3125, Weak: 5743, Final: 74, Phantom: 597
[2026-04-03T01:55:53.952+0600][21.445s][info][gc,ref      ] GC(45) Discovered  references: Soft: 0, Weak: 419, Final: 0, Phantom: 594
[2026-04-03T01:55:53.952+0600][21.445s][info][gc,ref      ] GC(45) Enqueued    references: Soft: 0, Weak: 0, Final: 0, Phantom: 0
[2026-04-03T01:55:53.952+0600][21.445s][info][gc          ] GC(45) Concurrent weak references 0.273ms
[2026-04-03T01:55:53.952+0600][21.445s][info][gc,start    ] GC(45) Concurrent weak roots
[2026-04-03T01:55:53.952+0600][21.445s][info][gc,task     ] GC(45) Using 3 of 6 workers for concurrent weak root
[2026-04-03T01:55:53.953+0600][21.446s][info][gc          ] GC(45) Concurrent weak roots 1.763ms
[2026-04-03T01:55:53.953+0600][21.446s][info][gc,start    ] GC(45) Concurrent cleanup
[2026-04-03T01:55:53.954+0600][21.447s][info][gc          ] GC(45) Concurrent cleanup 245M->209M(249M) 0.148ms
[2026-04-03T01:55:53.954+0600][21.447s][info][gc,ergo     ] GC(45) Free: 264M, Max: 256K regular, 117M humongous, Frag: 56% external, 0% internal; Reserve: 25583K, Max: 256K
[2026-04-03T01:55:53.954+0600][21.447s][info][gc,start    ] GC(45) Concurrent class unloading
[2026-04-03T01:55:53.954+0600][21.447s][info][gc,task     ] GC(45) Using 3 of 6 workers for concurrent class unloading
[2026-04-03T01:55:53.958+0600][21.451s][info][gc          ] GC(45) Concurrent class unloading 4.458ms
[2026-04-03T01:55:53.958+0600][21.451s][info][gc,start    ] GC(45) Concurrent strong roots
[2026-04-03T01:55:53.958+0600][21.451s][info][gc,task     ] GC(45) Using 3 of 6 workers for concurrent strong root
[2026-04-03T01:55:53.959+0600][21.452s][info][gc          ] GC(45) Concurrent strong roots 0.722ms
[2026-04-03T01:55:53.959+0600][21.452s][info][gc,start    ] GC(45) Concurrent evacuation
[2026-04-03T01:55:53.959+0600][21.452s][info][gc,task     ] GC(45) Using 3 of 6 workers for concurrent evacuation
[2026-04-03T01:55:53.963+0600][21.456s][info][gc          ] GC(45) Concurrent evacuation 3.606ms
[2026-04-03T01:55:53.963+0600][21.456s][info][gc,start    ] GC(45) Pause Init Update Refs
[2026-04-03T01:55:53.963+0600][21.456s][info][gc,ergo     ] GC(45) Pacer for Update Refs. Used: 227M, Free: 249M, Non-Taxable: 25535K, Alloc Tax Rate: 1.1x
[2026-04-03T01:55:53.963+0600][21.456s][info][gc          ] GC(45) Pause Init Update Refs 0.121ms
[2026-04-03T01:55:53.963+0600][21.456s][info][gc,start    ] GC(45) Concurrent update references
[2026-04-03T01:55:53.963+0600][21.456s][info][gc,task     ] GC(45) Using 3 of 6 workers for concurrent reference update
[2026-04-03T01:55:54.009+0600][21.502s][info][gc          ] GC(45) Concurrent update references 46.088ms
[2026-04-03T01:55:54.009+0600][21.502s][info][gc,start    ] GC(45) Concurrent update thread roots
[2026-04-03T01:55:54.010+0600][21.503s][info][gc          ] GC(45) Concurrent update thread roots 1.028ms
[2026-04-03T01:55:54.010+0600][21.503s][info][gc,start    ] GC(45) Pause Final Update Refs
[2026-04-03T01:55:54.010+0600][21.503s][info][gc,task     ] GC(45) Using 6 of 6 workers for final reference update
[2026-04-03T01:55:54.010+0600][21.503s][info][gc          ] GC(45) Pause Final Update Refs 0.136ms
[2026-04-03T01:55:54.011+0600][21.504s][info][gc,start    ] GC(45) Concurrent cleanup
[2026-04-03T01:55:54.011+0600][21.504s][info][gc          ] GC(45) Concurrent cleanup 280M->225M(283M) 0.201ms
[2026-04-03T01:55:54.011+0600][21.504s][info][gc,ergo     ] Free: 247M, Max: 256K regular, 117M humongous, Frag: 53% external, 0% internal; Reserve: 25600K, Max: 256K
[2026-04-03T01:55:54.011+0600][21.504s][info][gc,stats    ] 
[2026-04-03T01:55:54.011+0600][21.504s][info][gc,stats    ] All times are wall-clock times, except per-root-class counters, that are sum over
[2026-04-03T01:55:54.011+0600][21.504s][info][gc,stats    ] all workers. Dividing the <total> over the root stage time estimates parallelism.
[2026-04-03T01:55:54.011+0600][21.504s][info][gc,stats    ] 
[2026-04-03T01:55:54.011+0600][21.504s][info][gc,stats    ] Concurrent Reset                    832 us
[2026-04-03T01:55:54.011+0600][21.504s][info][gc,stats    ] Pause Init Mark (G)                 301 us
[2026-04-03T01:55:54.011+0600][21.504s][info][gc,stats    ] Pause Init Mark (N)                 113 us
[2026-04-03T01:55:54.011+0600][21.504s][info][gc,stats    ]   Update Region States               20 us
[2026-04-03T01:55:54.011+0600][21.504s][info][gc,stats    ] Concurrent Mark Roots               891 us, parallelism: 1.73x
[2026-04-03T01:55:54.011+0600][21.504s][info][gc,stats    ]   CMR: <total>                     1544 us
[2026-04-03T01:55:54.011+0600][21.504s][info][gc,stats    ]   CMR: Thread Roots                1340 us, workers (us): 364, 523, 452, ---, ---, ---, 
[2026-04-03T01:55:54.011+0600][21.504s][info][gc,stats    ]   CMR: VM Strong Roots               28 us, workers (us):  27,   0,   1, ---, ---, ---, 
[2026-04-03T01:55:54.011+0600][21.504s][info][gc,stats    ]   CMR: CLDG Roots                   176 us, workers (us): 176, ---, ---, ---, ---, ---, 
[2026-04-03T01:55:54.011+0600][21.504s][info][gc,stats    ] Concurrent Marking                51872 us
[2026-04-03T01:55:54.011+0600][21.504s][info][gc,stats    ] Pause Final Mark (G)                745 us
[2026-04-03T01:55:54.011+0600][21.504s][info][gc,stats    ] Pause Final Mark (N)                608 us
[2026-04-03T01:55:54.011+0600][21.504s][info][gc,stats    ]   Finish Mark                       239 us
[2026-04-03T01:55:54.011+0600][21.504s][info][gc,stats    ]   Update Region States               34 us
[2026-04-03T01:55:54.011+0600][21.504s][info][gc,stats    ]   Choose Collection Set             203 us
[2026-04-03T01:55:54.011+0600][21.504s][info][gc,stats    ]   Rebuild Free Set                   22 us
[2026-04-03T01:55:54.011+0600][21.504s][info][gc,stats    ] Concurrent Thread Roots             591 us, parallelism: 1.65x
[2026-04-03T01:55:54.011+0600][21.504s][info][gc,stats    ]   CTR: <total>                      975 us
[2026-04-03T01:55:54.011+0600][21.504s][info][gc,stats    ]   CTR: Thread Roots                 975 us, workers (us): 352, 310, 313, ---, ---, ---, 
[2026-04-03T01:55:54.011+0600][21.504s][info][gc,stats    ] Concurrent Weak References          283 us, parallelism: 0.49x
[2026-04-03T01:55:54.011+0600][21.504s][info][gc,stats    ]   CWRF: <total>                     138 us
[2026-04-03T01:55:54.011+0600][21.504s][info][gc,stats    ]   CWRF: Weak References             138 us, workers (us):  67,  26,  44, ---, ---, ---, 
[2026-04-03T01:55:54.011+0600][21.504s][info][gc,stats    ] Concurrent Weak Roots              1817 us
[2026-04-03T01:55:54.011+0600][21.504s][info][gc,stats    ]   Roots                            1526 us, parallelism: 2.38x
[2026-04-03T01:55:54.011+0600][21.504s][info][gc,stats    ]     CWR: <total>                   3631 us
[2026-04-03T01:55:54.011+0600][21.504s][info][gc,stats    ]     CWR: Code Cache Roots          2432 us, workers (us): 843, 847, 742, ---, ---, ---, 
[2026-04-03T01:55:54.011+0600][21.504s][info][gc,stats    ]     CWR: VM Weak Roots             1103 us, workers (us): 396, 379, 328, ---, ---, ---, 
[2026-04-03T01:55:54.011+0600][21.504s][info][gc,stats    ]     CWR: CLDG Roots                  96 us, workers (us): ---, ---,  96, ---, ---, ---, 
[2026-04-03T01:55:54.011+0600][21.504s][info][gc,stats    ]   Rendezvous                        211 us
[2026-04-03T01:55:54.011+0600][21.504s][info][gc,stats    ] Concurrent Cleanup                  162 us
[2026-04-03T01:55:54.011+0600][21.504s][info][gc,stats    ] Concurrent Class Unloading         4518 us
[2026-04-03T01:55:54.011+0600][21.504s][info][gc,stats    ]   Unlink Stale                     4047 us
[2026-04-03T01:55:54.011+0600][21.504s][info][gc,stats    ]     System Dictionary               143 us
[2026-04-03T01:55:54.011+0600][21.504s][info][gc,stats    ]     Weak Class Links                  0 us
[2026-04-03T01:55:54.011+0600][21.504s][info][gc,stats    ]     Code Roots                     3901 us
[2026-04-03T01:55:54.011+0600][21.504s][info][gc,stats    ]   Rendezvous                        250 us
[2026-04-03T01:55:54.011+0600][21.504s][info][gc,stats    ]   Purge Unlinked                    129 us
[2026-04-03T01:55:54.011+0600][21.504s][info][gc,stats    ]     Code Roots                      120 us
[2026-04-03T01:55:54.011+0600][21.504s][info][gc,stats    ]     CLDG                              9 us
[2026-04-03T01:55:54.011+0600][21.504s][info][gc,stats    ]     Exception Caches                  0 us
[2026-04-03T01:55:54.011+0600][21.504s][info][gc,stats    ] Concurrent Strong Roots             765 us, parallelism: 0.59x
[2026-04-03T01:55:54.011+0600][21.504s][info][gc,stats    ]   CSR: <total>                      451 us
[2026-04-03T01:55:54.011+0600][21.504s][info][gc,stats    ]   CSR: VM Strong Roots               20 us, workers (us):  10,   9,   0, ---, ---, ---, 
[2026-04-03T01:55:54.011+0600][21.504s][info][gc,stats    ]   CSR: CLDG Roots                   431 us, workers (us): ---, 431, ---, ---, ---, ---, 
[2026-04-03T01:55:54.011+0600][21.504s][info][gc,stats    ] Concurrent Evacuation              3672 us
[2026-04-03T01:55:54.011+0600][21.504s][info][gc,stats    ] Pause Init Update Refs (G)          325 us
[2026-04-03T01:55:54.011+0600][21.504s][info][gc,stats    ] Pause Init Update Refs (N)          134 us
[2026-04-03T01:55:54.011+0600][21.504s][info][gc,stats    ]   Manage GCLABs                      16 us
[2026-04-03T01:55:54.011+0600][21.504s][info][gc,stats    ] Concurrent Update Refs            46160 us
[2026-04-03T01:55:54.011+0600][21.504s][info][gc,stats    ] Concurrent Update Thread Roots     1075 us
[2026-04-03T01:55:54.011+0600][21.504s][info][gc,stats    ] Pause Final Update Refs (G)         358 us
[2026-04-03T01:55:54.011+0600][21.504s][info][gc,stats    ] Pause Final Update Refs (N)         147 us
[2026-04-03T01:55:54.011+0600][21.504s][info][gc,stats    ]   Update Region States               30 us
[2026-04-03T01:55:54.011+0600][21.504s][info][gc,stats    ]   Trash Collection Set                9 us
[2026-04-03T01:55:54.011+0600][21.504s][info][gc,stats    ]   Rebuild Free Set                   24 us
[2026-04-03T01:55:54.011+0600][21.504s][info][gc,stats    ] Concurrent Cleanup                  225 us
[2026-04-03T01:55:54.011+0600][21.504s][info][gc,stats    ] 
[2026-04-03T01:55:54.011+0600][21.504s][info][gc,stats    ] Allocation pacing accrued:
[2026-04-03T01:55:54.011+0600][21.504s][info][gc,stats    ]       0 of   117 ms (  0.0%): <total>
[2026-04-03T01:55:54.011+0600][21.504s][info][gc,stats    ]       0 of   117 ms (  0.0%): <average total>
[2026-04-03T01:55:54.011+0600][21.504s][info][gc,stats    ] 
[2026-04-03T01:55:54.011+0600][21.504s][info][gc,metaspace] Metaspace: 66745K(67584K)->66745K(67584K) NonClass: 58265K(58752K)->58265K(58752K) Class: 8479K(8832K)->8479K(8832K)
[2026-04-03T01:55:54.011+0600][21.504s][info][gc,ergo     ] Pacer for Idle. Initial: 10240K, Alloc Tax Rate: 1.0x
[2026-04-03T01:55:54.013+0600][21.506s][info][gc          ] Trigger: Learning 5 of 5. Free (244M) is below initial threshold (350M)
[2026-04-03T01:55:54.013+0600][21.506s][info][gc,ergo     ] Free: 244M, Max: 256K regular, 117M humongous, Frag: 52% external, 0% internal; Reserve: 25600K, Max: 256K
[2026-04-03T01:55:54.013+0600][21.506s][info][gc,start    ] GC(46) Concurrent reset
[2026-04-03T01:55:54.013+0600][21.506s][info][gc,task     ] GC(46) Using 3 of 6 workers for concurrent reset
[2026-04-03T01:55:54.013+0600][21.506s][info][gc,ergo     ] GC(46) Pacer for Reset. Non-Taxable: 500M
[2026-04-03T01:55:54.013+0600][21.506s][info][gc          ] GC(46) Concurrent reset 0.780ms
[2026-04-03T01:55:54.014+0600][21.507s][info][gc,start    ] GC(46) Pause Init Mark (unload classes)
[2026-04-03T01:55:54.014+0600][21.507s][info][gc,task     ] GC(46) Using 6 of 6 workers for init marking
[2026-04-03T01:55:54.014+0600][21.507s][info][gc,ergo     ] GC(46) Pacer for Mark. Expected Live: 101M, Free: 242M, Non-Taxable: 24793K, Alloc Tax Rate: 0.5x
[2026-04-03T01:55:54.014+0600][21.507s][info][gc          ] GC(46) Pause Init Mark (unload classes) 0.116ms
[2026-04-03T01:55:54.014+0600][21.507s][info][gc,start    ] GC(46) Concurrent marking roots
[2026-04-03T01:55:54.014+0600][21.507s][info][gc,task     ] GC(46) Using 3 of 6 workers for concurrent marking roots
[2026-04-03T01:55:54.015+0600][21.508s][info][gc          ] GC(46) Concurrent marking roots 0.707ms
[2026-04-03T01:55:54.015+0600][21.508s][info][gc,start    ] GC(46) Concurrent marking (unload classes)
[2026-04-03T01:55:54.015+0600][21.508s][info][gc,task     ] GC(46) Using 3 of 6 workers for concurrent marking
[2026-04-03T01:55:54.063+0600][21.556s][info][gc          ] GC(46) Concurrent marking (unload classes) 48.418ms
[2026-04-03T01:55:54.063+0600][21.556s][info][gc,start    ] GC(46) Pause Final Mark (unload classes)
[2026-04-03T01:55:54.063+0600][21.556s][info][gc,task     ] GC(46) Using 6 of 6 workers for final marking
[2026-04-03T01:55:54.064+0600][21.557s][info][gc,ergo     ] GC(46) Adaptive CSet Selection. Target Free: 72533K, Actual Free: 279M, Max CSet: 21333K, Min Garbage: 0B
[2026-04-03T01:55:54.064+0600][21.557s][info][gc,ergo     ] GC(46) Collectable Garbage: 118M (97%), Immediate: 57088K (45%), CSet: 64227K (51%)
[2026-04-03T01:55:54.064+0600][21.557s][info][gc,ergo     ] GC(46) Pacer for Evacuation. Used CSet: 69120K, Free: 255M, Non-Taxable: 26124K, Alloc Tax Rate: 1.1x
[2026-04-03T01:55:54.064+0600][21.557s][info][gc          ] GC(46) Pause Final Mark (unload classes) 0.593ms
[2026-04-03T01:55:54.064+0600][21.557s][info][gc,start    ] GC(46) Concurrent thread roots
[2026-04-03T01:55:54.064+0600][21.557s][info][gc,task     ] GC(46) Using 3 of 6 workers for Concurrent thread roots
[2026-04-03T01:55:54.065+0600][21.558s][info][gc          ] GC(46) Concurrent thread roots 0.509ms
[2026-04-03T01:55:54.065+0600][21.558s][info][gc,start    ] GC(46) Concurrent weak references
[2026-04-03T01:55:54.065+0600][21.558s][info][gc,task     ] GC(46) Using 3 of 6 workers for concurrent weak references
[2026-04-03T01:55:54.065+0600][21.558s][info][gc,ref      ] GC(46) Encountered references: Soft: 3125, Weak: 5743, Final: 74, Phantom: 597
[2026-04-03T01:55:54.065+0600][21.558s][info][gc,ref      ] GC(46) Discovered  references: Soft: 0, Weak: 1025, Final: 0, Phantom: 428
[2026-04-03T01:55:54.065+0600][21.558s][info][gc,ref      ] GC(46) Enqueued    references: Soft: 0, Weak: 0, Final: 0, Phantom: 0
[2026-04-03T01:55:54.065+0600][21.558s][info][gc          ] GC(46) Concurrent weak references 0.430ms
[2026-04-03T01:55:54.065+0600][21.558s][info][gc,start    ] GC(46) Concurrent weak roots
[2026-04-03T01:55:54.065+0600][21.558s][info][gc,task     ] GC(46) Using 3 of 6 workers for concurrent weak root
[2026-04-03T01:55:54.067+0600][21.560s][info][gc          ] GC(46) Concurrent weak roots 1.581ms
[2026-04-03T01:55:54.067+0600][21.560s][info][gc,start    ] GC(46) Concurrent cleanup
[2026-04-03T01:55:54.067+0600][21.560s][info][gc          ] GC(46) Concurrent cleanup 274M->218M(283M) 0.150ms
[2026-04-03T01:55:54.067+0600][21.560s][info][gc,ergo     ] GC(46) Free: 255M, Max: 256K regular, 117M humongous, Frag: 54% external, 0% internal; Reserve: 25595K, Max: 256K
[2026-04-03T01:55:54.067+0600][21.560s][info][gc,start    ] GC(46) Concurrent class unloading
[2026-04-03T01:55:54.067+0600][21.560s][info][gc,task     ] GC(46) Using 3 of 6 workers for concurrent class unloading
[2026-04-03T01:55:54.070+0600][21.563s][info][gc          ] GC(46) Concurrent class unloading 3.166ms
[2026-04-03T01:55:54.070+0600][21.563s][info][gc,start    ] GC(46) Concurrent strong roots
[2026-04-03T01:55:54.070+0600][21.563s][info][gc,task     ] GC(46) Using 3 of 6 workers for concurrent strong root
[2026-04-03T01:55:54.071+0600][21.564s][info][gc          ] GC(46) Concurrent strong roots 0.551ms
[2026-04-03T01:55:54.071+0600][21.564s][info][gc,start    ] GC(46) Concurrent evacuation
[2026-04-03T01:55:54.071+0600][21.564s][info][gc,task     ] GC(46) Using 3 of 6 workers for concurrent evacuation
[2026-04-03T01:55:54.075+0600][21.568s][info][gc          ] GC(46) Concurrent evacuation 4.591ms
[2026-04-03T01:55:54.075+0600][21.568s][info][gc,start    ] GC(46) Pause Init Update Refs
[2026-04-03T01:55:54.076+0600][21.569s][info][gc,ergo     ] GC(46) Pacer for Update Refs. Used: 230M, Free: 247M, Non-Taxable: 25381K, Alloc Tax Rate: 1.1x
[2026-04-03T01:55:54.076+0600][21.569s][info][gc          ] GC(46) Pause Init Update Refs 0.084ms
[2026-04-03T01:55:54.076+0600][21.569s][info][gc,start    ] GC(46) Concurrent update references
[2026-04-03T01:55:54.076+0600][21.569s][info][gc,task     ] GC(46) Using 3 of 6 workers for concurrent reference update
[2026-04-03T01:55:54.123+0600][21.616s][info][gc          ] GC(46) Concurrent update references 47.244ms
[2026-04-03T01:55:54.123+0600][21.616s][info][gc,start    ] GC(46) Concurrent update thread roots
[2026-04-03T01:55:54.124+0600][21.617s][info][gc          ] GC(46) Concurrent update thread roots 0.828ms
[2026-04-03T01:55:54.124+0600][21.617s][info][gc,start    ] GC(46) Pause Final Update Refs
[2026-04-03T01:55:54.124+0600][21.617s][info][gc,task     ] GC(46) Using 6 of 6 workers for final reference update
[2026-04-03T01:55:54.124+0600][21.617s][info][gc          ] GC(46) Pause Final Update Refs 0.152ms
[2026-04-03T01:55:54.124+0600][21.617s][info][gc,start    ] GC(46) Concurrent cleanup
[2026-04-03T01:55:54.125+0600][21.618s][info][gc          ] GC(46) Concurrent cleanup 299M->232M(302M) 0.393ms
[2026-04-03T01:55:54.125+0600][21.618s][info][gc,ergo     ] Free: 240M, Max: 256K regular, 117M humongous, Frag: 51% external, 0% internal; Reserve: 25600K, Max: 256K
[2026-04-03T01:55:54.125+0600][21.618s][info][gc,stats    ] 
[2026-04-03T01:55:54.125+0600][21.618s][info][gc,stats    ] All times are wall-clock times, except per-root-class counters, that are sum over
[2026-04-03T01:55:54.125+0600][21.618s][info][gc,stats    ] all workers. Dividing the <total> over the root stage time estimates parallelism.
[2026-04-03T01:55:54.125+0600][21.618s][info][gc,stats    ] 
[2026-04-03T01:55:54.125+0600][21.618s][info][gc,stats    ] Concurrent Reset                    827 us
[2026-04-03T01:55:54.125+0600][21.618s][info][gc,stats    ] Pause Init Mark (G)                 382 us
[2026-04-03T01:55:54.125+0600][21.618s][info][gc,stats    ] Pause Init Mark (N)                 124 us
[2026-04-03T01:55:54.125+0600][21.618s][info][gc,stats    ]   Update Region States               22 us
[2026-04-03T01:55:54.125+0600][21.618s][info][gc,stats    ] Concurrent Mark Roots               801 us, parallelism: 1.40x
[2026-04-03T01:55:54.125+0600][21.618s][info][gc,stats    ]   CMR: <total>                     1120 us
[2026-04-03T01:55:54.125+0600][21.618s][info][gc,stats    ]   CMR: Thread Roots                 862 us, workers (us): 152, 375, 335, ---, ---, ---, 
[2026-04-03T01:55:54.125+0600][21.618s][info][gc,stats    ]   CMR: VM Strong Roots               30 us, workers (us):  20,   9,   1, ---, ---, ---, 
[2026-04-03T01:55:54.125+0600][21.618s][info][gc,stats    ]   CMR: CLDG Roots                   228 us, workers (us): 228, ---, ---, ---, ---, ---, 
[2026-04-03T01:55:54.125+0600][21.618s][info][gc,stats    ] Concurrent Marking                48484 us
[2026-04-03T01:55:54.125+0600][21.618s][info][gc,stats    ] Pause Final Mark (G)                785 us
[2026-04-03T01:55:54.125+0600][21.618s][info][gc,stats    ] Pause Final Mark (N)                603 us
[2026-04-03T01:55:54.125+0600][21.618s][info][gc,stats    ]   Finish Mark                       239 us
[2026-04-03T01:55:54.125+0600][21.618s][info][gc,stats    ]   Update Region States               38 us
[2026-04-03T01:55:54.125+0600][21.618s][info][gc,stats    ]   Choose Collection Set             203 us
[2026-04-03T01:55:54.125+0600][21.618s][info][gc,stats    ]   Rebuild Free Set                   25 us
[2026-04-03T01:55:54.125+0600][21.618s][info][gc,stats    ] Concurrent Thread Roots             540 us, parallelism: 1.65x
[2026-04-03T01:55:54.125+0600][21.618s][info][gc,stats    ]   CTR: <total>                      890 us
[2026-04-03T01:55:54.125+0600][21.618s][info][gc,stats    ]   CTR: Thread Roots                 890 us, workers (us): 334, 275, 280, ---, ---, ---, 
[2026-04-03T01:55:54.125+0600][21.618s][info][gc,stats    ] Concurrent Weak References          440 us, parallelism: 0.77x
[2026-04-03T01:55:54.125+0600][21.618s][info][gc,stats    ]   CWRF: <total>                     337 us
[2026-04-03T01:55:54.125+0600][21.618s][info][gc,stats    ]   CWRF: Weak References             337 us, workers (us): 294,  36,   7, ---, ---, ---, 
[2026-04-03T01:55:54.125+0600][21.618s][info][gc,stats    ] Concurrent Weak Roots              1639 us
[2026-04-03T01:55:54.125+0600][21.618s][info][gc,stats    ]   Roots                            1377 us, parallelism: 2.33x
[2026-04-03T01:55:54.125+0600][21.618s][info][gc,stats    ]     CWR: <total>                   3205 us
[2026-04-03T01:55:54.125+0600][21.618s][info][gc,stats    ]     CWR: Code Cache Roots          2101 us, workers (us): 749, 741, 610, ---, ---, ---, 
[2026-04-03T01:55:54.125+0600][21.618s][info][gc,stats    ]     CWR: VM Weak Roots             1013 us, workers (us): 371, 328, 314, ---, ---, ---, 
[2026-04-03T01:55:54.125+0600][21.618s][info][gc,stats    ]     CWR: CLDG Roots                  91 us, workers (us): ---, ---,  91, ---, ---, ---, 
[2026-04-03T01:55:54.125+0600][21.618s][info][gc,stats    ]   Rendezvous                        181 us
[2026-04-03T01:55:54.125+0600][21.618s][info][gc,stats    ] Concurrent Cleanup                  167 us
[2026-04-03T01:55:54.125+0600][21.618s][info][gc,stats    ] Concurrent Class Unloading         3213 us
[2026-04-03T01:55:54.125+0600][21.618s][info][gc,stats    ]   Unlink Stale                     2991 us
[2026-04-03T01:55:54.125+0600][21.618s][info][gc,stats    ]     System Dictionary                60 us
[2026-04-03T01:55:54.125+0600][21.618s][info][gc,stats    ]     Weak Class Links                  0 us
[2026-04-03T01:55:54.125+0600][21.618s][info][gc,stats    ]     Code Roots                     2928 us
[2026-04-03T01:55:54.125+0600][21.618s][info][gc,stats    ]   Rendezvous                        110 us
[2026-04-03T01:55:54.125+0600][21.618s][info][gc,stats    ]   Purge Unlinked                     41 us
[2026-04-03T01:55:54.125+0600][21.618s][info][gc,stats    ]     Code Roots                       36 us
[2026-04-03T01:55:54.125+0600][21.618s][info][gc,stats    ]     CLDG                              5 us
[2026-04-03T01:55:54.125+0600][21.618s][info][gc,stats    ]     Exception Caches                  0 us
[2026-04-03T01:55:54.125+0600][21.618s][info][gc,stats    ] Concurrent Strong Roots             621 us, parallelism: 0.56x
[2026-04-03T01:55:54.125+0600][21.618s][info][gc,stats    ]   CSR: <total>                      346 us
[2026-04-03T01:55:54.125+0600][21.618s][info][gc,stats    ]   CSR: VM Strong Roots               18 us, workers (us):   9,   9,   0, ---, ---, ---, 
[2026-04-03T01:55:54.125+0600][21.618s][info][gc,stats    ]   CSR: CLDG Roots                   328 us, workers (us): 328, ---, ---, ---, ---, ---, 
[2026-04-03T01:55:54.125+0600][21.618s][info][gc,stats    ] Concurrent Evacuation              4658 us
[2026-04-03T01:55:54.125+0600][21.618s][info][gc,stats    ] Pause Init Update Refs (G)          266 us
[2026-04-03T01:55:54.125+0600][21.618s][info][gc,stats    ] Pause Init Update Refs (N)           95 us
[2026-04-03T01:55:54.125+0600][21.618s][info][gc,stats    ]   Manage GCLABs                      12 us
[2026-04-03T01:55:54.125+0600][21.618s][info][gc,stats    ] Concurrent Update Refs            47326 us
[2026-04-03T01:55:54.125+0600][21.618s][info][gc,stats    ] Concurrent Update Thread Roots      913 us
[2026-04-03T01:55:54.125+0600][21.618s][info][gc,stats    ] Pause Final Update Refs (G)         628 us
[2026-04-03T01:55:54.125+0600][21.618s][info][gc,stats    ] Pause Final Update Refs (N)         163 us
[2026-04-03T01:55:54.125+0600][21.618s][info][gc,stats    ]   Update Region States               28 us
[2026-04-03T01:55:54.125+0600][21.618s][info][gc,stats    ]   Trash Collection Set               10 us
[2026-04-03T01:55:54.125+0600][21.618s][info][gc,stats    ]   Rebuild Free Set                   25 us
[2026-04-03T01:55:54.125+0600][21.618s][info][gc,stats    ] Concurrent Cleanup                  410 us
[2026-04-03T01:55:54.125+0600][21.618s][info][gc,stats    ] Pacing                            64901 us
[2026-04-03T01:55:54.125+0600][21.618s][info][gc,stats    ] 
[2026-04-03T01:55:54.125+0600][21.618s][info][gc,stats    ] Allocation pacing accrued:
[2026-04-03T01:55:54.125+0600][21.618s][info][gc,stats    ]      33 of   114 ms ( 28.6%): Executor task launch worker for task 0.0 in stage 7.0 (TID 11)
[2026-04-03T01:55:54.125+0600][21.618s][info][gc,stats    ]      32 of   114 ms ( 28.4%): Executor task launch worker for task 1.0 in stage 7.0 (TID 12)
[2026-04-03T01:55:54.125+0600][21.618s][info][gc,stats    ]      65 of   114 ms ( 57.0%): <total>
[2026-04-03T01:55:54.125+0600][21.618s][info][gc,stats    ]       1 of   114 ms (  0.5%): <average total>
[2026-04-03T01:55:54.125+0600][21.618s][info][gc,stats    ]      32 of   114 ms ( 28.5%): <average non-zero>
[2026-04-03T01:55:54.125+0600][21.618s][info][gc,stats    ] 
[2026-04-03T01:55:54.125+0600][21.618s][info][gc,metaspace] Metaspace: 66745K(67584K)->66745K(67584K) NonClass: 58265K(58752K)->58265K(58752K) Class: 8479K(8832K)->8479K(8832K)
[2026-04-03T01:55:54.125+0600][21.618s][info][gc,ergo     ] Pacer for Idle. Initial: 10240K, Alloc Tax Rate: 1.0x
[2026-04-03T01:55:54.166+0600][21.659s][info][gc          ] Trigger: Average GC time (137.40 ms) is above the time for average allocation rate (960 MB/s) to deplete free headroom (130M) (margin of error = 1.90)
[2026-04-03T01:55:54.166+0600][21.659s][info][gc,ergo     ] Free headroom: 155M (free) - 25600K (spike) - 0B (penalties) = 130M
[2026-04-03T01:55:54.166+0600][21.659s][info][gc,ergo     ] Free: 155M, Max: 256K regular, 117M humongous, Frag: 25% external, 0% internal; Reserve: 25600K, Max: 256K
[2026-04-03T01:55:54.166+0600][21.659s][info][gc,start    ] GC(47) Concurrent reset
[2026-04-03T01:55:54.166+0600][21.659s][info][gc,task     ] GC(47) Using 3 of 6 workers for concurrent reset
[2026-04-03T01:55:54.166+0600][21.659s][info][gc,ergo     ] GC(47) Pacer for Reset. Non-Taxable: 500M
[2026-04-03T01:55:54.167+0600][21.660s][info][gc          ] GC(47) Concurrent reset 0.850ms
[2026-04-03T01:55:54.167+0600][21.660s][info][gc,start    ] GC(47) Pause Init Mark (unload classes)
[2026-04-03T01:55:54.167+0600][21.660s][info][gc,task     ] GC(47) Using 6 of 6 workers for init marking
[2026-04-03T01:55:54.167+0600][21.660s][info][gc,ergo     ] GC(47) Pacer for Mark. Expected Live: 103M, Free: 154M, Non-Taxable: 15833K, Alloc Tax Rate: 0.8x
[2026-04-03T01:55:54.167+0600][21.660s][info][gc          ] GC(47) Pause Init Mark (unload classes) 0.095ms
[2026-04-03T01:55:54.167+0600][21.660s][info][gc,start    ] GC(47) Concurrent marking roots
[2026-04-03T01:55:54.167+0600][21.660s][info][gc,task     ] GC(47) Using 3 of 6 workers for concurrent marking roots
[2026-04-03T01:55:54.168+0600][21.661s][info][gc          ] GC(47) Concurrent marking roots 0.775ms
[2026-04-03T01:55:54.168+0600][21.661s][info][gc,start    ] GC(47) Concurrent marking (unload classes)
[2026-04-03T01:55:54.168+0600][21.661s][info][gc,task     ] GC(47) Using 3 of 6 workers for concurrent marking
[2026-04-03T01:55:54.221+0600][21.714s][info][gc          ] GC(47) Concurrent marking (unload classes) 53.240ms
[2026-04-03T01:55:54.222+0600][21.715s][info][gc,start    ] GC(47) Pause Final Mark (unload classes)
[2026-04-03T01:55:54.222+0600][21.715s][info][gc,task     ] GC(47) Using 6 of 6 workers for final marking
[2026-04-03T01:55:54.222+0600][21.715s][info][gc,ergo     ] GC(47) Adaptive CSet Selection. Target Free: 72533K, Actual Free: 231M, Max CSet: 21333K, Min Garbage: 0B
[2026-04-03T01:55:54.222+0600][21.715s][info][gc,ergo     ] GC(47) Collectable Garbage: 196M (98%), Immediate: 82944K (40%), CSet: 115M (57%)
[2026-04-03T01:55:54.222+0600][21.715s][info][gc,ergo     ] GC(47) Pacer for Evacuation. Used CSet: 124M, Free: 207M, Non-Taxable: 21260K, Alloc Tax Rate: 1.5x
[2026-04-03T01:55:54.222+0600][21.715s][info][gc          ] GC(47) Pause Final Mark (unload classes) 0.671ms
[2026-04-03T01:55:54.222+0600][21.715s][info][gc,start    ] GC(47) Concurrent thread roots
[2026-04-03T01:55:54.222+0600][21.715s][info][gc,task     ] GC(47) Using 3 of 6 workers for Concurrent thread roots
[2026-04-03T01:55:54.223+0600][21.716s][info][gc          ] GC(47) Concurrent thread roots 0.570ms
[2026-04-03T01:55:54.223+0600][21.716s][info][gc,start    ] GC(47) Concurrent weak references
[2026-04-03T01:55:54.223+0600][21.716s][info][gc,task     ] GC(47) Using 3 of 6 workers for concurrent weak references
[2026-04-03T01:55:54.223+0600][21.716s][info][gc,ref      ] GC(47) Encountered references: Soft: 3125, Weak: 5743, Final: 74, Phantom: 597
[2026-04-03T01:55:54.223+0600][21.716s][info][gc,ref      ] GC(47) Discovered  references: Soft: 0, Weak: 433, Final: 0, Phantom: 594
[2026-04-03T01:55:54.223+0600][21.716s][info][gc,ref      ] GC(47) Enqueued    references: Soft: 0, Weak: 0, Final: 0, Phantom: 0
[2026-04-03T01:55:54.223+0600][21.716s][info][gc          ] GC(47) Concurrent weak references 0.299ms
[2026-04-03T01:55:54.223+0600][21.716s][info][gc,start    ] GC(47) Concurrent weak roots
[2026-04-03T01:55:54.223+0600][21.716s][info][gc,task     ] GC(47) Using 3 of 6 workers for concurrent weak root
[2026-04-03T01:55:54.225+0600][21.718s][info][gc          ] GC(47) Concurrent weak roots 1.451ms
[2026-04-03T01:55:54.225+0600][21.718s][info][gc,start    ] GC(47) Concurrent cleanup
[2026-04-03T01:55:54.225+0600][21.718s][info][gc          ] GC(47) Concurrent cleanup 347M->266M(351M) 0.150ms
[2026-04-03T01:55:54.225+0600][21.718s][info][gc,ergo     ] GC(47) Free: 206M, Max: 256K regular, 117M humongous, Frag: 43% external, 0% internal; Reserve: 25595K, Max: 256K
[2026-04-03T01:55:54.225+0600][21.718s][info][gc,start    ] GC(47) Concurrent class unloading
[2026-04-03T01:55:54.225+0600][21.718s][info][gc,task     ] GC(47) Using 3 of 6 workers for concurrent class unloading
[2026-04-03T01:55:54.228+0600][21.721s][info][gc          ] GC(47) Concurrent class unloading 3.486ms
[2026-04-03T01:55:54.229+0600][21.722s][info][gc,start    ] GC(47) Concurrent strong roots
[2026-04-03T01:55:54.229+0600][21.722s][info][gc,task     ] GC(47) Using 3 of 6 workers for concurrent strong root
[2026-04-03T01:55:54.229+0600][21.722s][info][gc          ] GC(47) Concurrent strong roots 0.592ms
[2026-04-03T01:55:54.229+0600][21.722s][info][gc,start    ] GC(47) Concurrent evacuation
[2026-04-03T01:55:54.229+0600][21.722s][info][gc,task     ] GC(47) Using 3 of 6 workers for concurrent evacuation
[2026-04-03T01:55:54.238+0600][21.731s][info][gc          ] GC(47) Concurrent evacuation 8.470ms
[2026-04-03T01:55:54.238+0600][21.731s][info][gc,start    ] GC(47) Pause Init Update Refs
[2026-04-03T01:55:54.238+0600][21.731s][info][gc,ergo     ] GC(47) Pacer for Update Refs. Used: 296M, Free: 186M, Non-Taxable: 19109K, Alloc Tax Rate: 1.9x
[2026-04-03T01:55:54.238+0600][21.731s][info][gc          ] GC(47) Pause Init Update Refs 0.076ms
[2026-04-03T01:55:54.238+0600][21.731s][info][gc,start    ] GC(47) Concurrent update references
[2026-04-03T01:55:54.238+0600][21.731s][info][gc,task     ] GC(47) Using 3 of 6 workers for concurrent reference update
[2026-04-03T01:55:54.284+0600][21.777s][info][gc          ] GC(47) Concurrent update references 46.150ms
[2026-04-03T01:55:54.284+0600][21.777s][info][gc,start    ] GC(47) Concurrent update thread roots
[2026-04-03T01:55:54.285+0600][21.778s][info][gc          ] GC(47) Concurrent update thread roots 0.891ms
[2026-04-03T01:55:54.285+0600][21.778s][info][gc,start    ] GC(47) Pause Final Update Refs
[2026-04-03T01:55:54.285+0600][21.778s][info][gc,task     ] GC(47) Using 6 of 6 workers for final reference update
[2026-04-03T01:55:54.286+0600][21.779s][info][gc          ] GC(47) Pause Final Update Refs 0.140ms
[2026-04-03T01:55:54.286+0600][21.779s][info][gc,start    ] GC(47) Concurrent cleanup
[2026-04-03T01:55:54.286+0600][21.779s][info][gc          ] GC(47) Concurrent cleanup 361M->237M(364M) 0.230ms
[2026-04-03T01:55:54.286+0600][21.779s][info][gc,ergo     ] Free: 236M, Max: 256K regular, 109M humongous, Frag: 54% external, 0% internal; Reserve: 25600K, Max: 256K
[2026-04-03T01:55:54.286+0600][21.779s][info][gc,stats    ] 
[2026-04-03T01:55:54.286+0600][21.779s][info][gc,stats    ] All times are wall-clock times, except per-root-class counters, that are sum over
[2026-04-03T01:55:54.286+0600][21.779s][info][gc,stats    ] all workers. Dividing the <total> over the root stage time estimates parallelism.
[2026-04-03T01:55:54.286+0600][21.779s][info][gc,stats    ] 
[2026-04-03T01:55:54.286+0600][21.779s][info][gc,stats    ] Concurrent Reset                    889 us
[2026-04-03T01:55:54.286+0600][21.779s][info][gc,stats    ] Pause Init Mark (G)                 363 us
[2026-04-03T01:55:54.286+0600][21.779s][info][gc,stats    ] Pause Init Mark (N)                 105 us
[2026-04-03T01:55:54.286+0600][21.779s][info][gc,stats    ]   Update Region States               18 us
[2026-04-03T01:55:54.286+0600][21.779s][info][gc,stats    ] Concurrent Mark Roots               810 us, parallelism: 1.37x
[2026-04-03T01:55:54.286+0600][21.779s][info][gc,stats    ]   CMR: <total>                     1109 us
[2026-04-03T01:55:54.286+0600][21.779s][info][gc,stats    ]   CMR: Thread Roots                 853 us, workers (us): 151, 381, 321, ---, ---, ---, 
[2026-04-03T01:55:54.286+0600][21.779s][info][gc,stats    ]   CMR: VM Strong Roots               22 us, workers (us):  21,   0,   1, ---, ---, ---, 
[2026-04-03T01:55:54.286+0600][21.779s][info][gc,stats    ]   CMR: CLDG Roots                   234 us, workers (us): 234, ---, ---, ---, ---, ---, 
[2026-04-03T01:55:54.286+0600][21.779s][info][gc,stats    ] Concurrent Marking                53306 us
[2026-04-03T01:55:54.286+0600][21.779s][info][gc,stats    ] Pause Final Mark (G)                842 us
[2026-04-03T01:55:54.286+0600][21.779s][info][gc,stats    ] Pause Final Mark (N)                683 us
[2026-04-03T01:55:54.286+0600][21.779s][info][gc,stats    ]   Finish Mark                       334 us
[2026-04-03T01:55:54.286+0600][21.779s][info][gc,stats    ]   Update Region States               27 us
[2026-04-03T01:55:54.286+0600][21.779s][info][gc,stats    ]   Choose Collection Set             217 us
[2026-04-03T01:55:54.286+0600][21.779s][info][gc,stats    ]   Rebuild Free Set                   22 us
[2026-04-03T01:55:54.286+0600][21.779s][info][gc,stats    ] Concurrent Thread Roots             644 us, parallelism: 1.43x
[2026-04-03T01:55:54.286+0600][21.779s][info][gc,stats    ]   CTR: <total>                      922 us
[2026-04-03T01:55:54.286+0600][21.779s][info][gc,stats    ]   CTR: Thread Roots                 922 us, workers (us): 307, 310, 305, ---, ---, ---, 
[2026-04-03T01:55:54.286+0600][21.779s][info][gc,stats    ] Concurrent Weak References          309 us, parallelism: 0.32x
[2026-04-03T01:55:54.286+0600][21.779s][info][gc,stats    ]   CWRF: <total>                      98 us
[2026-04-03T01:55:54.286+0600][21.779s][info][gc,stats    ]   CWRF: Weak References              98 us, workers (us):  46,  46,   6, ---, ---, ---, 
[2026-04-03T01:55:54.286+0600][21.779s][info][gc,stats    ] Concurrent Weak Roots              1516 us
[2026-04-03T01:55:54.286+0600][21.779s][info][gc,stats    ]   Roots                            1230 us, parallelism: 2.12x
[2026-04-03T01:55:54.286+0600][21.779s][info][gc,stats    ]     CWR: <total>                   2611 us
[2026-04-03T01:55:54.286+0600][21.779s][info][gc,stats    ]     CWR: Code Cache Roots          1563 us, workers (us): 559, 433, 572, ---, ---, ---, 
[2026-04-03T01:55:54.286+0600][21.779s][info][gc,stats    ]     CWR: VM Weak Roots              924 us, workers (us): 373, 286, 265, ---, ---, ---, 
[2026-04-03T01:55:54.286+0600][21.779s][info][gc,stats    ]     CWR: CLDG Roots                 123 us, workers (us): ---, 123, ---, ---, ---, ---, 
[2026-04-03T01:55:54.286+0600][21.779s][info][gc,stats    ]   Rendezvous                        199 us
[2026-04-03T01:55:54.286+0600][21.779s][info][gc,stats    ] Concurrent Cleanup                  161 us
[2026-04-03T01:55:54.286+0600][21.779s][info][gc,stats    ] Concurrent Class Unloading         3539 us
[2026-04-03T01:55:54.286+0600][21.779s][info][gc,stats    ]   Unlink Stale                     3259 us
[2026-04-03T01:55:54.286+0600][21.779s][info][gc,stats    ]     System Dictionary                95 us
[2026-04-03T01:55:54.286+0600][21.779s][info][gc,stats    ]     Weak Class Links                  0 us
[2026-04-03T01:55:54.286+0600][21.779s][info][gc,stats    ]     Code Roots                     3161 us
[2026-04-03T01:55:54.286+0600][21.779s][info][gc,stats    ]   Rendezvous                        193 us
[2026-04-03T01:55:54.286+0600][21.779s][info][gc,stats    ]   Purge Unlinked                      8 us
[2026-04-03T01:55:54.286+0600][21.779s][info][gc,stats    ]     Code Roots                        3 us
[2026-04-03T01:55:54.286+0600][21.779s][info][gc,stats    ]     CLDG                              5 us
[2026-04-03T01:55:54.286+0600][21.779s][info][gc,stats    ]     Exception Caches                  0 us
[2026-04-03T01:55:54.286+0600][21.779s][info][gc,stats    ] Concurrent Strong Roots             634 us, parallelism: 0.47x
[2026-04-03T01:55:54.286+0600][21.779s][info][gc,stats    ]   CSR: <total>                      301 us
[2026-04-03T01:55:54.286+0600][21.779s][info][gc,stats    ]   CSR: VM Strong Roots               18 us, workers (us):  10,   7,   1, ---, ---, ---, 
[2026-04-03T01:55:54.286+0600][21.779s][info][gc,stats    ]   CSR: CLDG Roots                   283 us, workers (us): ---, 283, ---, ---, ---, ---, 
[2026-04-03T01:55:54.287+0600][21.780s][info][gc,stats    ] Concurrent Evacuation              8602 us
[2026-04-03T01:55:54.287+0600][21.780s][info][gc,stats    ] Pause Init Update Refs (G)          249 us
[2026-04-03T01:55:54.287+0600][21.780s][info][gc,stats    ] Pause Init Update Refs (N)           88 us
[2026-04-03T01:55:54.287+0600][21.780s][info][gc,stats    ]   Manage GCLABs                      18 us
[2026-04-03T01:55:54.287+0600][21.780s][info][gc,stats    ] Concurrent Update Refs            46230 us
[2026-04-03T01:55:54.287+0600][21.780s][info][gc,stats    ] Concurrent Update Thread Roots      945 us
[2026-04-03T01:55:54.287+0600][21.780s][info][gc,stats    ] Pause Final Update Refs (G)         499 us
[2026-04-03T01:55:54.287+0600][21.780s][info][gc,stats    ] Pause Final Update Refs (N)         205 us
[2026-04-03T01:55:54.287+0600][21.780s][info][gc,stats    ]   Update Region States               37 us
[2026-04-03T01:55:54.287+0600][21.780s][info][gc,stats    ]   Trash Collection Set               16 us
[2026-04-03T01:55:54.287+0600][21.780s][info][gc,stats    ]   Rebuild Free Set                   28 us
[2026-04-03T01:55:54.287+0600][21.780s][info][gc,stats    ] Concurrent Cleanup                  251 us
[2026-04-03T01:55:54.287+0600][21.780s][info][gc,stats    ] Pacing                            66405 us
[2026-04-03T01:55:54.287+0600][21.780s][info][gc,stats    ] 
[2026-04-03T01:55:54.287+0600][21.780s][info][gc,stats    ] Allocation pacing accrued:
[2026-04-03T01:55:54.287+0600][21.780s][info][gc,stats    ]      11 of   161 ms (  6.9%): Spark Context Cleaner
[2026-04-03T01:55:54.287+0600][21.780s][info][gc,stats    ]      27 of   161 ms ( 17.0%): Executor task launch worker for task 0.0 in stage 7.0 (TID 11)
[2026-04-03T01:55:54.287+0600][21.780s][info][gc,stats    ]      28 of   161 ms ( 17.3%): Executor task launch worker for task 1.0 in stage 7.0 (TID 12)
[2026-04-03T01:55:54.287+0600][21.780s][info][gc,stats    ]      66 of   161 ms ( 41.2%): <total>
[2026-04-03T01:55:54.287+0600][21.780s][info][gc,stats    ]       1 of   161 ms (  0.4%): <average total>
[2026-04-03T01:55:54.287+0600][21.780s][info][gc,stats    ]      22 of   161 ms ( 13.7%): <average non-zero>
[2026-04-03T01:55:54.287+0600][21.780s][info][gc,stats    ] 
[2026-04-03T01:55:54.287+0600][21.780s][info][gc,metaspace] Metaspace: 66745K(67584K)->66745K(67584K) NonClass: 58265K(58752K)->58265K(58752K) Class: 8479K(8832K)->8479K(8832K)
[2026-04-03T01:55:54.287+0600][21.780s][info][gc,ergo     ] Pacer for Idle. Initial: 10240K, Alloc Tax Rate: 1.0x
[2026-04-03T01:55:54.320+0600][21.813s][info][gc          ] Trigger: Average GC time (134.74 ms) is above the time for average allocation rate (979 MB/s) to deplete free headroom (129M) (margin of error = 1.91)
[2026-04-03T01:55:54.320+0600][21.813s][info][gc,ergo     ] Free headroom: 154M (free) - 25600K (spike) - 0B (penalties) = 129M
[2026-04-03T01:55:54.320+0600][21.813s][info][gc,ergo     ] Free: 154M, Max: 256K regular, 109M humongous, Frag: 29% external, 0% internal; Reserve: 25600K, Max: 256K
[2026-04-03T01:55:54.320+0600][21.813s][info][gc,start    ] GC(48) Concurrent reset
[2026-04-03T01:55:54.320+0600][21.813s][info][gc,task     ] GC(48) Using 3 of 6 workers for concurrent reset
[2026-04-03T01:55:54.320+0600][21.813s][info][gc,ergo     ] GC(48) Pacer for Reset. Non-Taxable: 500M
[2026-04-03T01:55:54.321+0600][21.814s][info][gc          ] GC(48) Concurrent reset 1.053ms
[2026-04-03T01:55:54.322+0600][21.815s][info][gc,start    ] GC(48) Pause Init Mark (unload classes)
[2026-04-03T01:55:54.322+0600][21.815s][info][gc,task     ] GC(48) Using 6 of 6 workers for init marking
[2026-04-03T01:55:54.322+0600][21.815s][info][gc,ergo     ] GC(48) Pacer for Mark. Expected Live: 107M, Free: 151M, Non-Taxable: 15474K, Alloc Tax Rate: 0.9x
[2026-04-03T01:55:54.322+0600][21.815s][info][gc          ] GC(48) Pause Init Mark (unload classes) 0.116ms
[2026-04-03T01:55:54.322+0600][21.815s][info][gc,start    ] GC(48) Concurrent marking roots
[2026-04-03T01:55:54.322+0600][21.815s][info][gc,task     ] GC(48) Using 3 of 6 workers for concurrent marking roots
[2026-04-03T01:55:54.322+0600][21.815s][info][gc          ] GC(48) Concurrent marking roots 0.583ms
[2026-04-03T01:55:54.322+0600][21.815s][info][gc,start    ] GC(48) Concurrent marking (unload classes)
[2026-04-03T01:55:54.322+0600][21.815s][info][gc,task     ] GC(48) Using 3 of 6 workers for concurrent marking
[2026-04-03T01:55:54.374+0600][21.867s][info][gc          ] GC(48) Concurrent marking (unload classes) 51.704ms
[2026-04-03T01:55:54.374+0600][21.867s][info][gc,start    ] GC(48) Pause Final Mark (unload classes)
[2026-04-03T01:55:54.374+0600][21.867s][info][gc,task     ] GC(48) Using 6 of 6 workers for final marking
[2026-04-03T01:55:54.375+0600][21.868s][info][gc,ergo     ] GC(48) Adaptive CSet Selection. Target Free: 72533K, Actual Free: 230M, Max CSet: 21333K, Min Garbage: 0B
[2026-04-03T01:55:54.375+0600][21.868s][info][gc,ergo     ] GC(48) Collectable Garbage: 190M (98%), Immediate: 84992K (42%), CSet: 107M (55%)
[2026-04-03T01:55:54.375+0600][21.868s][info][gc,ergo     ] GC(48) Pacer for Evacuation. Used CSet: 116M, Free: 206M, Non-Taxable: 21106K, Alloc Tax Rate: 1.4x
[2026-04-03T01:55:54.375+0600][21.868s][info][gc          ] GC(48) Pause Final Mark (unload classes) 0.657ms
[2026-04-03T01:55:54.375+0600][21.868s][info][gc,start    ] GC(48) Concurrent thread roots
[2026-04-03T01:55:54.375+0600][21.868s][info][gc,task     ] GC(48) Using 3 of 6 workers for Concurrent thread roots
[2026-04-03T01:55:54.376+0600][21.869s][info][gc          ] GC(48) Concurrent thread roots 0.595ms
[2026-04-03T01:55:54.376+0600][21.869s][info][gc,start    ] GC(48) Concurrent weak references
[2026-04-03T01:55:54.376+0600][21.869s][info][gc,task     ] GC(48) Using 3 of 6 workers for concurrent weak references
[2026-04-03T01:55:54.376+0600][21.869s][info][gc,ref      ] GC(48) Encountered references: Soft: 3125, Weak: 5743, Final: 74, Phantom: 597
[2026-04-03T01:55:54.376+0600][21.869s][info][gc,ref      ] GC(48) Discovered  references: Soft: 0, Weak: 450, Final: 0, Phantom: 339
[2026-04-03T01:55:54.376+0600][21.869s][info][gc,ref      ] GC(48) Enqueued    references: Soft: 0, Weak: 0, Final: 0, Phantom: 0
[2026-04-03T01:55:54.376+0600][21.869s][info][gc          ] GC(48) Concurrent weak references 0.245ms
[2026-04-03T01:55:54.376+0600][21.869s][info][gc,start    ] GC(48) Concurrent weak roots
[2026-04-03T01:55:54.376+0600][21.869s][info][gc,task     ] GC(48) Using 3 of 6 workers for concurrent weak root
[2026-04-03T01:55:54.378+0600][21.871s][info][gc          ] GC(48) Concurrent weak roots 1.717ms
[2026-04-03T01:55:54.378+0600][21.871s][info][gc,start    ] GC(48) Concurrent cleanup
[2026-04-03T01:55:54.378+0600][21.871s][info][gc          ] GC(48) Concurrent cleanup 352M->270M(366M) 0.318ms
[2026-04-03T01:55:54.378+0600][21.871s][info][gc,ergo     ] GC(48) Free: 203M, Max: 256K regular, 109M humongous, Frag: 46% external, 0% internal; Reserve: 25589K, Max: 256K
[2026-04-03T01:55:54.378+0600][21.871s][info][gc,start    ] GC(48) Concurrent class unloading
[2026-04-03T01:55:54.378+0600][21.871s][info][gc,task     ] GC(48) Using 3 of 6 workers for concurrent class unloading
[2026-04-03T01:55:54.382+0600][21.875s][info][gc          ] GC(48) Concurrent class unloading 3.598ms
[2026-04-03T01:55:54.382+0600][21.875s][info][gc,start    ] GC(48) Concurrent strong roots
[2026-04-03T01:55:54.382+0600][21.875s][info][gc,task     ] GC(48) Using 3 of 6 workers for concurrent strong root
[2026-04-03T01:55:54.382+0600][21.875s][info][gc          ] GC(48) Concurrent strong roots 0.539ms
[2026-04-03T01:55:54.382+0600][21.875s][info][gc,start    ] GC(48) Concurrent evacuation
[2026-04-03T01:55:54.382+0600][21.875s][info][gc,task     ] GC(48) Using 3 of 6 workers for concurrent evacuation
[2026-04-03T01:55:54.390+0600][21.883s][info][gc          ] GC(48) Concurrent evacuation 7.733ms
[2026-04-03T01:55:54.390+0600][21.883s][info][gc,start    ] GC(48) Pause Init Update Refs
[2026-04-03T01:55:54.390+0600][21.883s][info][gc,ergo     ] GC(48) Pacer for Update Refs. Used: 295M, Free: 187M, Non-Taxable: 19186K, Alloc Tax Rate: 1.9x
[2026-04-03T01:55:54.390+0600][21.883s][info][gc          ] GC(48) Pause Init Update Refs 0.082ms
[2026-04-03T01:55:54.390+0600][21.883s][info][gc,start    ] GC(48) Concurrent update references
[2026-04-03T01:55:54.390+0600][21.883s][info][gc,task     ] GC(48) Using 3 of 6 workers for concurrent reference update
[2026-04-03T01:55:54.440+0600][21.933s][info][gc          ] GC(48) Concurrent update references 49.788ms
[2026-04-03T01:55:54.440+0600][21.933s][info][gc,start    ] GC(48) Concurrent update thread roots
[2026-04-03T01:55:54.441+0600][21.934s][info][gc          ] GC(48) Concurrent update thread roots 1.066ms
[2026-04-03T01:55:54.441+0600][21.934s][info][gc,start    ] GC(48) Pause Final Update Refs
[2026-04-03T01:55:54.441+0600][21.934s][info][gc,task     ] GC(48) Using 6 of 6 workers for final reference update
[2026-04-03T01:55:54.442+0600][21.935s][info][gc          ] GC(48) Pause Final Update Refs 0.125ms
[2026-04-03T01:55:54.442+0600][21.935s][info][gc,start    ] GC(48) Concurrent cleanup
[2026-04-03T01:55:54.442+0600][21.935s][info][gc          ] GC(48) Concurrent cleanup 379M->264M(381M) 0.395ms
[2026-04-03T01:55:54.442+0600][21.935s][info][gc,ergo     ] Free: 209M, Max: 256K regular, 96000K humongous, Frag: 56% external, 0% internal; Reserve: 25600K, Max: 256K
[2026-04-03T01:55:54.442+0600][21.935s][info][gc,stats    ] 
[2026-04-03T01:55:54.442+0600][21.935s][info][gc,stats    ] All times are wall-clock times, except per-root-class counters, that are sum over
[2026-04-03T01:55:54.442+0600][21.935s][info][gc,stats    ] all workers. Dividing the <total> over the root stage time estimates parallelism.
[2026-04-03T01:55:54.442+0600][21.935s][info][gc,stats    ] 
[2026-04-03T01:55:54.442+0600][21.935s][info][gc,stats    ] Concurrent Reset                   1094 us
[2026-04-03T01:55:54.442+0600][21.935s][info][gc,stats    ] Pause Init Mark (G)                 269 us
[2026-04-03T01:55:54.442+0600][21.935s][info][gc,stats    ] Pause Init Mark (N)                 126 us
[2026-04-03T01:55:54.442+0600][21.935s][info][gc,stats    ]   Update Region States               22 us
[2026-04-03T01:55:54.442+0600][21.935s][info][gc,stats    ] Concurrent Mark Roots               602 us, parallelism: 1.78x
[2026-04-03T01:55:54.442+0600][21.935s][info][gc,stats    ]   CMR: <total>                     1068 us
[2026-04-03T01:55:54.442+0600][21.935s][info][gc,stats    ]   CMR: Thread Roots                 859 us, workers (us): 190, 366, 302, ---, ---, ---, 
[2026-04-03T01:55:54.442+0600][21.935s][info][gc,stats    ]   CMR: VM Strong Roots               26 us, workers (us):  14,  12,   1, ---, ---, ---, 
[2026-04-03T01:55:54.442+0600][21.935s][info][gc,stats    ]   CMR: CLDG Roots                   183 us, workers (us): 183, ---, ---, ---, ---, ---, 
[2026-04-03T01:55:54.442+0600][21.935s][info][gc,stats    ] Concurrent Marking                51767 us
[2026-04-03T01:55:54.442+0600][21.935s][info][gc,stats    ] Pause Final Mark (G)                873 us
[2026-04-03T01:55:54.442+0600][21.935s][info][gc,stats    ] Pause Final Mark (N)                668 us
[2026-04-03T01:55:54.442+0600][21.935s][info][gc,stats    ]   Finish Mark                       316 us
[2026-04-03T01:55:54.442+0600][21.935s][info][gc,stats    ]   Update Region States               27 us
[2026-04-03T01:55:54.442+0600][21.935s][info][gc,stats    ]   Choose Collection Set             218 us
[2026-04-03T01:55:54.442+0600][21.935s][info][gc,stats    ]   Rebuild Free Set                   24 us
[2026-04-03T01:55:54.442+0600][21.935s][info][gc,stats    ] Concurrent Thread Roots             632 us, parallelism: 1.41x
[2026-04-03T01:55:54.442+0600][21.935s][info][gc,stats    ]   CTR: <total>                      889 us
[2026-04-03T01:55:54.442+0600][21.935s][info][gc,stats    ]   CTR: Thread Roots                 889 us, workers (us): 313, 287, 290, ---, ---, ---, 
[2026-04-03T01:55:54.442+0600][21.935s][info][gc,stats    ] Concurrent Weak References          270 us, parallelism: 0.38x
[2026-04-03T01:55:54.442+0600][21.935s][info][gc,stats    ]   CWRF: <total>                     102 us
[2026-04-03T01:55:54.442+0600][21.935s][info][gc,stats    ]   CWRF: Weak References             102 us, workers (us):  88,  14,   0, ---, ---, ---, 
[2026-04-03T01:55:54.442+0600][21.935s][info][gc,stats    ] Concurrent Weak Roots              1760 us
[2026-04-03T01:55:54.442+0600][21.935s][info][gc,stats    ]   Roots                            1463 us, parallelism: 2.34x
[2026-04-03T01:55:54.442+0600][21.935s][info][gc,stats    ]     CWR: <total>                   3421 us
[2026-04-03T01:55:54.442+0600][21.935s][info][gc,stats    ]     CWR: Code Cache Roots          2239 us, workers (us): 757, 775, 707, ---, ---, ---, 
[2026-04-03T01:55:54.442+0600][21.935s][info][gc,stats    ]     CWR: VM Weak Roots             1126 us, workers (us): 444, 360, 322, ---, ---, ---, 
[2026-04-03T01:55:54.442+0600][21.935s][info][gc,stats    ]     CWR: CLDG Roots                  57 us, workers (us): ---, ---,  57, ---, ---, ---, 
[2026-04-03T01:55:54.442+0600][21.935s][info][gc,stats    ]   Rendezvous                        235 us
[2026-04-03T01:55:54.442+0600][21.935s][info][gc,stats    ] Concurrent Cleanup                  331 us
[2026-04-03T01:55:54.442+0600][21.935s][info][gc,stats    ] Concurrent Class Unloading         3642 us
[2026-04-03T01:55:54.442+0600][21.935s][info][gc,stats    ]   Unlink Stale                     3303 us
[2026-04-03T01:55:54.442+0600][21.935s][info][gc,stats    ]     System Dictionary                78 us
[2026-04-03T01:55:54.442+0600][21.935s][info][gc,stats    ]     Weak Class Links                  0 us
[2026-04-03T01:55:54.442+0600][21.935s][info][gc,stats    ]     Code Roots                     3222 us
[2026-04-03T01:55:54.442+0600][21.935s][info][gc,stats    ]   Rendezvous                        268 us
[2026-04-03T01:55:54.442+0600][21.935s][info][gc,stats    ]   Purge Unlinked                      9 us
[2026-04-03T01:55:54.442+0600][21.935s][info][gc,stats    ]     Code Roots                        3 us
[2026-04-03T01:55:54.442+0600][21.935s][info][gc,stats    ]     CLDG                              5 us
[2026-04-03T01:55:54.442+0600][21.935s][info][gc,stats    ]     Exception Caches                  0 us
[2026-04-03T01:55:54.442+0600][21.936s][info][gc,stats    ] Concurrent Strong Roots             576 us, parallelism: 0.53x
[2026-04-03T01:55:54.443+0600][21.936s][info][gc,stats    ]   CSR: <total>                      308 us
[2026-04-03T01:55:54.443+0600][21.936s][info][gc,stats    ]   CSR: VM Strong Roots               19 us, workers (us):  19,   1,   0, ---, ---, ---, 
[2026-04-03T01:55:54.443+0600][21.936s][info][gc,stats    ]   CSR: CLDG Roots                   289 us, workers (us): 289, ---, ---, ---, ---, ---, 
[2026-04-03T01:55:54.443+0600][21.936s][info][gc,stats    ] Concurrent Evacuation              7794 us
[2026-04-03T01:55:54.443+0600][21.936s][info][gc,stats    ] Pause Init Update Refs (G)          363 us
[2026-04-03T01:55:54.443+0600][21.936s][info][gc,stats    ] Pause Init Update Refs (N)           92 us
[2026-04-03T01:55:54.443+0600][21.936s][info][gc,stats    ]   Manage GCLABs                      27 us
[2026-04-03T01:55:54.443+0600][21.936s][info][gc,stats    ] Concurrent Update Refs            49859 us
[2026-04-03T01:55:54.443+0600][21.936s][info][gc,stats    ] Concurrent Update Thread Roots     1113 us
[2026-04-03T01:55:54.443+0600][21.936s][info][gc,stats    ] Pause Final Update Refs (G)         435 us
[2026-04-03T01:55:54.443+0600][21.936s][info][gc,stats    ] Pause Final Update Refs (N)         135 us
[2026-04-03T01:55:54.443+0600][21.936s][info][gc,stats    ]   Update Region States               28 us
[2026-04-03T01:55:54.443+0600][21.936s][info][gc,stats    ]   Trash Collection Set               16 us
[2026-04-03T01:55:54.443+0600][21.936s][info][gc,stats    ]   Rebuild Free Set                   30 us
[2026-04-03T01:55:54.443+0600][21.936s][info][gc,stats    ] Concurrent Cleanup                  413 us
[2026-04-03T01:55:54.443+0600][21.936s][info][gc,stats    ] Pacing                            77719 us
[2026-04-03T01:55:54.443+0600][21.936s][info][gc,stats    ] 
[2026-04-03T01:55:54.443+0600][21.936s][info][gc,stats    ] Allocation pacing accrued:
[2026-04-03T01:55:54.443+0600][21.936s][info][gc,stats    ]      39 of   156 ms ( 24.9%): Executor task launch worker for task 0.0 in stage 7.0 (TID 11)
[2026-04-03T01:55:54.443+0600][21.936s][info][gc,stats    ]      39 of   156 ms ( 24.9%): Executor task launch worker for task 1.0 in stage 7.0 (TID 12)
[2026-04-03T01:55:54.443+0600][21.936s][info][gc,stats    ]      78 of   156 ms ( 49.8%): <total>
[2026-04-03T01:55:54.443+0600][21.936s][info][gc,stats    ]       1 of   156 ms (  0.5%): <average total>
[2026-04-03T01:55:54.443+0600][21.936s][info][gc,stats    ]      39 of   156 ms ( 24.9%): <average non-zero>
[2026-04-03T01:55:54.443+0600][21.936s][info][gc,stats    ] 
[2026-04-03T01:55:54.443+0600][21.936s][info][gc,metaspace] Metaspace: 66745K(67584K)->66745K(67584K) NonClass: 58265K(58752K)->58265K(58752K) Class: 8479K(8832K)->8479K(8832K)
[2026-04-03T01:55:54.443+0600][21.936s][info][gc,ergo     ] Pacer for Idle. Initial: 10240K, Alloc Tax Rate: 1.0x
[2026-04-03T01:55:54.460+0600][21.953s][info][gc          ] Trigger: Average GC time (133.07 ms) is above the time for average allocation rate (1061 MB/s) to deplete free headroom (139M) (margin of error = 1.93)
[2026-04-03T01:55:54.460+0600][21.953s][info][gc,ergo     ] Free headroom: 164M (free) - 25600K (spike) - 0B (penalties) = 139M
[2026-04-03T01:55:54.460+0600][21.953s][info][gc,ergo     ] Free: 164M, Max: 256K regular, 96000K humongous, Frag: 43% external, 0% internal; Reserve: 25600K, Max: 256K
[2026-04-03T01:55:54.460+0600][21.953s][info][gc,start    ] GC(49) Concurrent reset
[2026-04-03T01:55:54.460+0600][21.953s][info][gc,task     ] GC(49) Using 3 of 6 workers for concurrent reset
[2026-04-03T01:55:54.460+0600][21.953s][info][gc,ergo     ] GC(49) Pacer for Reset. Non-Taxable: 500M
[2026-04-03T01:55:54.461+0600][21.954s][info][gc          ] GC(49) Concurrent reset 0.891ms
[2026-04-03T01:55:54.461+0600][21.954s][info][gc,start    ] GC(49) Pause Init Mark (unload classes)
[2026-04-03T01:55:54.461+0600][21.954s][info][gc,task     ] GC(49) Using 6 of 6 workers for init marking
[2026-04-03T01:55:54.462+0600][21.955s][info][gc,ergo     ] GC(49) Pacer for Mark. Expected Live: 112M, Free: 162M, Non-Taxable: 16601K, Alloc Tax Rate: 0.8x
[2026-04-03T01:55:54.462+0600][21.955s][info][gc          ] GC(49) Pause Init Mark (unload classes) 0.112ms
[2026-04-03T01:55:54.462+0600][21.955s][info][gc,start    ] GC(49) Concurrent marking roots
[2026-04-03T01:55:54.462+0600][21.955s][info][gc,task     ] GC(49) Using 3 of 6 workers for concurrent marking roots
[2026-04-03T01:55:54.462+0600][21.955s][info][gc          ] GC(49) Concurrent marking roots 0.711ms
[2026-04-03T01:55:54.462+0600][21.955s][info][gc,start    ] GC(49) Concurrent marking (unload classes)
[2026-04-03T01:55:54.462+0600][21.955s][info][gc,task     ] GC(49) Using 3 of 6 workers for concurrent marking
[2026-04-03T01:55:54.520+0600][22.013s][info][gc          ] GC(49) Concurrent marking (unload classes) 57.316ms
[2026-04-03T01:55:54.520+0600][22.013s][info][gc,start    ] GC(49) Pause Final Mark (unload classes)
[2026-04-03T01:55:54.520+0600][22.013s][info][gc,task     ] GC(49) Using 6 of 6 workers for final marking
[2026-04-03T01:55:54.520+0600][22.013s][info][gc,ergo     ] GC(49) Adaptive CSet Selection. Target Free: 72533K, Actual Free: 221M, Max CSet: 21333K, Min Garbage: 0B
[2026-04-03T01:55:54.520+0600][22.013s][info][gc,ergo     ] GC(49) Collectable Garbage: 171M (98%), Immediate: 66816K (37%), CSet: 105M (60%)
[2026-04-03T01:55:54.521+0600][22.014s][info][gc,ergo     ] GC(49) Pacer for Evacuation. Used CSet: 114M, Free: 197M, Non-Taxable: 20185K, Alloc Tax Rate: 1.4x
[2026-04-03T01:55:54.521+0600][22.014s][info][gc          ] GC(49) Pause Final Mark (unload classes) 0.600ms
[2026-04-03T01:55:54.521+0600][22.014s][info][gc,start    ] GC(49) Concurrent thread roots
[2026-04-03T01:55:54.521+0600][22.014s][info][gc,task     ] GC(49) Using 3 of 6 workers for Concurrent thread roots
[2026-04-03T01:55:54.521+0600][22.014s][info][gc          ] GC(49) Concurrent thread roots 0.470ms
[2026-04-03T01:55:54.521+0600][22.014s][info][gc,start    ] GC(49) Concurrent weak references
[2026-04-03T01:55:54.521+0600][22.014s][info][gc,task     ] GC(49) Using 3 of 6 workers for concurrent weak references
[2026-04-03T01:55:54.522+0600][22.015s][info][gc,ref      ] GC(49) Encountered references: Soft: 3125, Weak: 5743, Final: 74, Phantom: 597
[2026-04-03T01:55:54.522+0600][22.015s][info][gc,ref      ] GC(49) Discovered  references: Soft: 0, Weak: 2388, Final: 42, Phantom: 594
[2026-04-03T01:55:54.522+0600][22.015s][info][gc,ref      ] GC(49) Enqueued    references: Soft: 0, Weak: 0, Final: 0, Phantom: 0
[2026-04-03T01:55:54.522+0600][22.015s][info][gc          ] GC(49) Concurrent weak references 0.474ms
[2026-04-03T01:55:54.522+0600][22.015s][info][gc,start    ] GC(49) Concurrent weak roots
[2026-04-03T01:55:54.522+0600][22.015s][info][gc,task     ] GC(49) Using 3 of 6 workers for concurrent weak root
[2026-04-03T01:55:54.523+0600][22.016s][info][gc          ] GC(49) Concurrent weak roots 1.740ms
[2026-04-03T01:55:54.523+0600][22.016s][info][gc,start    ] GC(49) Concurrent cleanup
[2026-04-03T01:55:54.524+0600][22.017s][info][gc          ] GC(49) Concurrent cleanup 346M->281M(381M) 0.313ms
[2026-04-03T01:55:54.524+0600][22.017s][info][gc,ergo     ] GC(49) Free: 191M, Max: 256K regular, 96000K humongous, Frag: 51% external, 0% internal; Reserve: 25595K, Max: 256K
[2026-04-03T01:55:54.524+0600][22.017s][info][gc,start    ] GC(49) Concurrent class unloading
[2026-04-03T01:55:54.524+0600][22.017s][info][gc,task     ] GC(49) Using 3 of 6 workers for concurrent class unloading
[2026-04-03T01:55:54.527+0600][22.020s][info][gc          ] GC(49) Concurrent class unloading 3.737ms
[2026-04-03T01:55:54.527+0600][22.020s][info][gc,start    ] GC(49) Concurrent strong roots
[2026-04-03T01:55:54.527+0600][22.020s][info][gc,task     ] GC(49) Using 3 of 6 workers for concurrent strong root
[2026-04-03T01:55:54.528+0600][22.021s][info][gc          ] GC(49) Concurrent strong roots 0.478ms
[2026-04-03T01:55:54.528+0600][22.021s][info][gc,start    ] GC(49) Concurrent evacuation
[2026-04-03T01:55:54.528+0600][22.021s][info][gc,task     ] GC(49) Using 3 of 6 workers for concurrent evacuation
[2026-04-03T01:55:54.537+0600][22.030s][info][gc          ] GC(49) Concurrent evacuation 9.249ms
[2026-04-03T01:55:54.537+0600][22.030s][info][gc,start    ] GC(49) Pause Init Update Refs
[2026-04-03T01:55:54.538+0600][22.031s][info][gc,ergo     ] GC(49) Pacer for Update Refs. Used: 311M, Free: 171M, Non-Taxable: 17522K, Alloc Tax Rate: 2.2x
[2026-04-03T01:55:54.538+0600][22.031s][info][gc          ] GC(49) Pause Init Update Refs 0.162ms
[2026-04-03T01:55:54.538+0600][22.031s][info][gc,start    ] GC(49) Concurrent update references
[2026-04-03T01:55:54.538+0600][22.031s][info][gc,task     ] GC(49) Using 3 of 6 workers for concurrent reference update
[2026-04-03T01:55:54.605+0600][22.098s][info][gc          ] GC(49) Concurrent update references 67.652ms
[2026-04-03T01:55:54.605+0600][22.098s][info][gc,start    ] GC(49) Concurrent update thread roots
[2026-04-03T01:55:54.606+0600][22.099s][info][gc          ] GC(49) Concurrent update thread roots 0.757ms
[2026-04-03T01:55:54.606+0600][22.099s][info][gc,start    ] GC(49) Pause Final Update Refs
[2026-04-03T01:55:54.606+0600][22.099s][info][gc,task     ] GC(49) Using 6 of 6 workers for final reference update
[2026-04-03T01:55:54.606+0600][22.099s][info][gc          ] GC(49) Pause Final Update Refs 0.138ms
[2026-04-03T01:55:54.607+0600][22.100s][info][gc,start    ] GC(49) Concurrent cleanup
[2026-04-03T01:55:54.607+0600][22.100s][info][gc          ] GC(49) Concurrent cleanup 396M->282M(398M) 0.428ms
[2026-04-03T01:55:54.607+0600][22.100s][info][gc,ergo     ] Free: 191M, Max: 256K regular, 79104K humongous, Frag: 60% external, 0% internal; Reserve: 25600K, Max: 256K
[2026-04-03T01:55:54.607+0600][22.100s][info][gc,stats    ] 
[2026-04-03T01:55:54.607+0600][22.100s][info][gc,stats    ] All times are wall-clock times, except per-root-class counters, that are sum over
[2026-04-03T01:55:54.607+0600][22.100s][info][gc,stats    ] all workers. Dividing the <total> over the root stage time estimates parallelism.
[2026-04-03T01:55:54.607+0600][22.100s][info][gc,stats    ] 
[2026-04-03T01:55:54.607+0600][22.100s][info][gc,stats    ] Concurrent Reset                    929 us
[2026-04-03T01:55:54.607+0600][22.100s][info][gc,stats    ] Pause Init Mark (G)                 452 us
[2026-04-03T01:55:54.607+0600][22.100s][info][gc,stats    ] Pause Init Mark (N)                 120 us
[2026-04-03T01:55:54.607+0600][22.100s][info][gc,stats    ]   Update Region States               21 us
[2026-04-03T01:55:54.607+0600][22.100s][info][gc,stats    ] Concurrent Mark Roots               749 us, parallelism: 1.30x
[2026-04-03T01:55:54.607+0600][22.100s][info][gc,stats    ]   CMR: <total>                      974 us
[2026-04-03T01:55:54.607+0600][22.100s][info][gc,stats    ]   CMR: Thread Roots                 767 us, workers (us): 327, 148, 292, ---, ---, ---, 
[2026-04-03T01:55:54.607+0600][22.100s][info][gc,stats    ]   CMR: VM Strong Roots               27 us, workers (us):  14,  12,   1, ---, ---, ---, 
[2026-04-03T01:55:54.607+0600][22.100s][info][gc,stats    ]   CMR: CLDG Roots                   181 us, workers (us): ---, 181, ---, ---, ---, ---, 
[2026-04-03T01:55:54.607+0600][22.100s][info][gc,stats    ] Concurrent Marking                57390 us
[2026-04-03T01:55:54.607+0600][22.100s][info][gc,stats    ] Pause Final Mark (G)                736 us
[2026-04-03T01:55:54.607+0600][22.100s][info][gc,stats    ] Pause Final Mark (N)                610 us
[2026-04-03T01:55:54.607+0600][22.100s][info][gc,stats    ]   Finish Mark                       259 us
[2026-04-03T01:55:54.607+0600][22.100s][info][gc,stats    ]   Update Region States               28 us
[2026-04-03T01:55:54.607+0600][22.100s][info][gc,stats    ]   Choose Collection Set             208 us
[2026-04-03T01:55:54.607+0600][22.100s][info][gc,stats    ]   Rebuild Free Set                   29 us
[2026-04-03T01:55:54.607+0600][22.100s][info][gc,stats    ] Concurrent Thread Roots             488 us, parallelism: 2.05x
[2026-04-03T01:55:54.607+0600][22.100s][info][gc,stats    ]   CTR: <total>                     1000 us
[2026-04-03T01:55:54.607+0600][22.100s][info][gc,stats    ]   CTR: Thread Roots                1000 us, workers (us): 395, 302, 303, ---, ---, ---, 
[2026-04-03T01:55:54.607+0600][22.100s][info][gc,stats    ] Concurrent Weak References          483 us, parallelism: 0.78x
[2026-04-03T01:55:54.607+0600][22.100s][info][gc,stats    ]   CWRF: <total>                     376 us
[2026-04-03T01:55:54.607+0600][22.100s][info][gc,stats    ]   CWRF: Weak References             376 us, workers (us): 375,   1,   0, ---, ---, ---, 
[2026-04-03T01:55:54.607+0600][22.100s][info][gc,stats    ] Concurrent Weak Roots              1770 us
[2026-04-03T01:55:54.607+0600][22.100s][info][gc,stats    ]   Roots                            1602 us, parallelism: 2.51x
[2026-04-03T01:55:54.607+0600][22.100s][info][gc,stats    ]     CWR: <total>                   4028 us
[2026-04-03T01:55:54.607+0600][22.100s][info][gc,stats    ]     CWR: Code Cache Roots          2606 us, workers (us): 865, 911, 830, ---, ---, ---, 
[2026-04-03T01:55:54.607+0600][22.100s][info][gc,stats    ]     CWR: VM Weak Roots             1347 us, workers (us): 475, 436, 436, ---, ---, ---, 
[2026-04-03T01:55:54.607+0600][22.100s][info][gc,stats    ]     CWR: CLDG Roots                  76 us, workers (us): ---, ---,  76, ---, ---, ---, 
[2026-04-03T01:55:54.607+0600][22.100s][info][gc,stats    ]   Rendezvous                        117 us
[2026-04-03T01:55:54.607+0600][22.100s][info][gc,stats    ] Concurrent Cleanup                  329 us
[2026-04-03T01:55:54.607+0600][22.100s][info][gc,stats    ] Concurrent Class Unloading         3775 us
[2026-04-03T01:55:54.607+0600][22.100s][info][gc,stats    ]   Unlink Stale                     3472 us
[2026-04-03T01:55:54.607+0600][22.100s][info][gc,stats    ]     System Dictionary                57 us
[2026-04-03T01:55:54.607+0600][22.100s][info][gc,stats    ]     Weak Class Links                  0 us
[2026-04-03T01:55:54.607+0600][22.100s][info][gc,stats    ]     Code Roots                     3413 us
[2026-04-03T01:55:54.607+0600][22.100s][info][gc,stats    ]   Rendezvous                        151 us
[2026-04-03T01:55:54.607+0600][22.100s][info][gc,stats    ]   Purge Unlinked                     90 us
[2026-04-03T01:55:54.607+0600][22.100s][info][gc,stats    ]     Code Roots                       85 us
[2026-04-03T01:55:54.607+0600][22.100s][info][gc,stats    ]     CLDG                              4 us
[2026-04-03T01:55:54.607+0600][22.100s][info][gc,stats    ]     Exception Caches                  0 us
[2026-04-03T01:55:54.607+0600][22.100s][info][gc,stats    ] Concurrent Strong Roots             496 us, parallelism: 0.73x
[2026-04-03T01:55:54.607+0600][22.100s][info][gc,stats    ]   CSR: <total>                      360 us
[2026-04-03T01:55:54.607+0600][22.100s][info][gc,stats    ]   CSR: VM Strong Roots               18 us, workers (us):  16,   1,   1, ---, ---, ---, 
[2026-04-03T01:55:54.607+0600][22.100s][info][gc,stats    ]   CSR: CLDG Roots                   342 us, workers (us): 342, ---, ---, ---, ---, ---, 
[2026-04-03T01:55:54.607+0600][22.100s][info][gc,stats    ] Concurrent Evacuation              9307 us
[2026-04-03T01:55:54.607+0600][22.100s][info][gc,stats    ] Pause Init Update Refs (G)          314 us
[2026-04-03T01:55:54.607+0600][22.100s][info][gc,stats    ] Pause Init Update Refs (N)          190 us
[2026-04-03T01:55:54.607+0600][22.100s][info][gc,stats    ]   Manage GCLABs                      21 us
[2026-04-03T01:55:54.607+0600][22.100s][info][gc,stats    ] Concurrent Update Refs            67730 us
[2026-04-03T01:55:54.607+0600][22.100s][info][gc,stats    ] Concurrent Update Thread Roots      807 us
[2026-04-03T01:55:54.607+0600][22.100s][info][gc,stats    ] Pause Final Update Refs (G)         454 us
[2026-04-03T01:55:54.607+0600][22.100s][info][gc,stats    ] Pause Final Update Refs (N)         149 us
[2026-04-03T01:55:54.607+0600][22.100s][info][gc,stats    ]   Update Region States               31 us
[2026-04-03T01:55:54.607+0600][22.100s][info][gc,stats    ]   Trash Collection Set               18 us
[2026-04-03T01:55:54.607+0600][22.100s][info][gc,stats    ]   Rebuild Free Set                   33 us
[2026-04-03T01:55:54.607+0600][22.100s][info][gc,stats    ] Concurrent Cleanup                  446 us
[2026-04-03T01:55:54.607+0600][22.100s][info][gc,stats    ] Pacing                            98531 us
[2026-04-03T01:55:54.607+0600][22.100s][info][gc,stats    ] 
[2026-04-03T01:55:54.607+0600][22.100s][info][gc,stats    ] Allocation pacing accrued:
[2026-04-03T01:55:54.608+0600][22.101s][info][gc,stats    ]      10 of   165 ms (  5.9%): Spark Context Cleaner
[2026-04-03T01:55:54.608+0600][22.101s][info][gc,stats    ]      44 of   165 ms ( 27.0%): Executor task launch worker for task 0.0 in stage 7.0 (TID 11)
[2026-04-03T01:55:54.608+0600][22.101s][info][gc,stats    ]      44 of   165 ms ( 26.9%): Executor task launch worker for task 1.0 in stage 7.0 (TID 12)
[2026-04-03T01:55:54.608+0600][22.101s][info][gc,stats    ]      99 of   165 ms ( 59.8%): <total>
[2026-04-03T01:55:54.608+0600][22.101s][info][gc,stats    ]       1 of   165 ms (  0.6%): <average total>
[2026-04-03T01:55:54.608+0600][22.101s][info][gc,stats    ]      33 of   165 ms ( 19.9%): <average non-zero>
[2026-04-03T01:55:54.608+0600][22.101s][info][gc,stats    ] 
[2026-04-03T01:55:54.608+0600][22.101s][info][gc,metaspace] Metaspace: 66745K(67584K)->66746K(67584K) NonClass: 58265K(58752K)->58266K(58752K) Class: 8479K(8832K)->8479K(8832K)
[2026-04-03T01:55:54.608+0600][22.101s][info][gc,ergo     ] Pacer for Idle. Initial: 10240K, Alloc Tax Rate: 1.0x
[2026-04-03T01:55:54.609+0600][22.102s][info][gc          ] Trigger: Average GC time (161.42 ms) is above the time for average allocation rate (1029 MB/s) to deplete free headroom (163M) (margin of error = 1.94)
[2026-04-03T01:55:54.609+0600][22.102s][info][gc,ergo     ] Free headroom: 188M (free) - 25600K (spike) - 0B (penalties) = 163M
[2026-04-03T01:55:54.609+0600][22.102s][info][gc,ergo     ] Free: 188M, Max: 256K regular, 79104K humongous, Frag: 59% external, 0% internal; Reserve: 25600K, Max: 256K
[2026-04-03T01:55:54.609+0600][22.102s][info][gc,start    ] GC(50) Concurrent reset
[2026-04-03T01:55:54.609+0600][22.102s][info][gc,task     ] GC(50) Using 3 of 6 workers for concurrent reset
[2026-04-03T01:55:54.609+0600][22.102s][info][gc,ergo     ] GC(50) Pacer for Reset. Non-Taxable: 500M
[2026-04-03T01:55:54.610+0600][22.103s][info][gc          ] GC(50) Concurrent reset 0.954ms
[2026-04-03T01:55:54.610+0600][22.103s][info][gc,start    ] GC(50) Pause Init Mark (unload classes)
[2026-04-03T01:55:54.610+0600][22.103s][info][gc,task     ] GC(50) Using 6 of 6 workers for init marking
[2026-04-03T01:55:54.610+0600][22.103s][info][gc,ergo     ] GC(50) Pacer for Mark. Expected Live: 119M, Free: 186M, Non-Taxable: 19135K, Alloc Tax Rate: 0.8x
[2026-04-03T01:55:54.610+0600][22.103s][info][gc          ] GC(50) Pause Init Mark (unload classes) 0.106ms
[2026-04-03T01:55:54.610+0600][22.103s][info][gc,start    ] GC(50) Concurrent marking roots
[2026-04-03T01:55:54.610+0600][22.103s][info][gc,task     ] GC(50) Using 3 of 6 workers for concurrent marking roots
[2026-04-03T01:55:54.611+0600][22.104s][info][gc          ] GC(50) Concurrent marking roots 0.822ms
[2026-04-03T01:55:54.611+0600][22.104s][info][gc,start    ] GC(50) Concurrent marking (unload classes)
[2026-04-03T01:55:54.611+0600][22.104s][info][gc,task     ] GC(50) Using 3 of 6 workers for concurrent marking
[2026-04-03T01:55:54.670+0600][22.163s][info][gc          ] GC(50) Concurrent marking (unload classes) 59.171ms
[2026-04-03T01:55:54.670+0600][22.163s][info][gc,start    ] GC(50) Pause Final Mark (unload classes)
[2026-04-03T01:55:54.670+0600][22.163s][info][gc,task     ] GC(50) Using 6 of 6 workers for final marking
[2026-04-03T01:55:54.671+0600][22.164s][info][gc,ergo     ] GC(50) Adaptive CSet Selection. Target Free: 72533K, Actual Free: 249M, Max CSet: 21333K, Min Garbage: 0B
[2026-04-03T01:55:54.671+0600][22.164s][info][gc,ergo     ] GC(50) Collectable Garbage: 140M (97%), Immediate: 73216K (49%), CSet: 70902K (48%)
[2026-04-03T01:55:54.671+0600][22.164s][info][gc,ergo     ] GC(50) Pacer for Evacuation. Used CSet: 77056K, Free: 224M, Non-Taxable: 23001K, Alloc Tax Rate: 1.1x
[2026-04-03T01:55:54.671+0600][22.164s][info][gc          ] GC(50) Pause Final Mark (unload classes) 0.567ms
[2026-04-03T01:55:54.671+0600][22.164s][info][gc,start    ] GC(50) Concurrent thread roots
[2026-04-03T01:55:54.671+0600][22.164s][info][gc,task     ] GC(50) Using 3 of 6 workers for Concurrent thread roots
[2026-04-03T01:55:54.672+0600][22.165s][info][gc          ] GC(50) Concurrent thread roots 0.630ms
[2026-04-03T01:55:54.672+0600][22.165s][info][gc,start    ] GC(50) Concurrent weak references
[2026-04-03T01:55:54.672+0600][22.165s][info][gc,task     ] GC(50) Using 3 of 6 workers for concurrent weak references
[2026-04-03T01:55:54.672+0600][22.165s][info][gc,ref      ] GC(50) Encountered references: Soft: 3126, Weak: 5743, Final: 74, Phantom: 597
[2026-04-03T01:55:54.672+0600][22.165s][info][gc,ref      ] GC(50) Discovered  references: Soft: 0, Weak: 435, Final: 0, Phantom: 462
[2026-04-03T01:55:54.672+0600][22.165s][info][gc,ref      ] GC(50) Enqueued    references: Soft: 0, Weak: 0, Final: 0, Phantom: 0
[2026-04-03T01:55:54.672+0600][22.165s][info][gc          ] GC(50) Concurrent weak references 0.251ms
[2026-04-03T01:55:54.672+0600][22.165s][info][gc,start    ] GC(50) Concurrent weak roots
[2026-04-03T01:55:54.672+0600][22.165s][info][gc,task     ] GC(50) Using 3 of 6 workers for concurrent weak root
[2026-04-03T01:55:54.674+0600][22.167s][info][gc          ] GC(50) Concurrent weak roots 1.581ms
[2026-04-03T01:55:54.674+0600][22.167s][info][gc,start    ] GC(50) Concurrent cleanup
[2026-04-03T01:55:54.674+0600][22.167s][info][gc          ] GC(50) Concurrent cleanup 320M->248M(398M) 0.156ms
[2026-04-03T01:55:54.674+0600][22.167s][info][gc,ergo     ] GC(50) Free: 224M, Max: 256K regular, 94464K humongous, Frag: 59% external, 0% internal; Reserve: 25595K, Max: 256K
[2026-04-03T01:55:54.674+0600][22.167s][info][gc,start    ] GC(50) Concurrent class unloading
[2026-04-03T01:55:54.674+0600][22.167s][info][gc,task     ] GC(50) Using 3 of 6 workers for concurrent class unloading
[2026-04-03T01:55:54.677+0600][22.170s][info][gc          ] GC(50) Concurrent class unloading 3.534ms
[2026-04-03T01:55:54.677+0600][22.170s][info][gc,start    ] GC(50) Concurrent strong roots
[2026-04-03T01:55:54.677+0600][22.170s][info][gc,task     ] GC(50) Using 3 of 6 workers for concurrent strong root
[2026-04-03T01:55:54.678+0600][22.171s][info][gc          ] GC(50) Concurrent strong roots 0.580ms
[2026-04-03T01:55:54.678+0600][22.171s][info][gc,start    ] GC(50) Concurrent evacuation
[2026-04-03T01:55:54.678+0600][22.171s][info][gc,task     ] GC(50) Using 3 of 6 workers for concurrent evacuation
[2026-04-03T01:55:54.684+0600][22.177s][info][gc          ] GC(50) Concurrent evacuation 5.600ms
[2026-04-03T01:55:54.684+0600][22.177s][info][gc,start    ] GC(50) Pause Init Update Refs
[2026-04-03T01:55:54.684+0600][22.177s][info][gc,ergo     ] GC(50) Pacer for Update Refs. Used: 260M, Free: 218M, Non-Taxable: 22412K, Alloc Tax Rate: 1.5x
[2026-04-03T01:55:54.684+0600][22.177s][info][gc          ] GC(50) Pause Init Update Refs 0.092ms
[2026-04-03T01:55:54.684+0600][22.177s][info][gc,start    ] GC(50) Concurrent update references
[2026-04-03T01:55:54.684+0600][22.177s][info][gc,task     ] GC(50) Using 3 of 6 workers for concurrent reference update
[2026-04-03T01:55:54.736+0600][22.229s][info][gc          ] GC(50) Concurrent update references 51.512ms
[2026-04-03T01:55:54.736+0600][22.229s][info][gc,start    ] GC(50) Concurrent update thread roots
[2026-04-03T01:55:54.737+0600][22.230s][info][gc          ] GC(50) Concurrent update thread roots 0.871ms
[2026-04-03T01:55:54.737+0600][22.230s][info][gc,start    ] GC(50) Pause Final Update Refs
[2026-04-03T01:55:54.737+0600][22.230s][info][gc,task     ] GC(50) Using 6 of 6 workers for final reference update
[2026-04-03T01:55:54.737+0600][22.230s][info][gc          ] GC(50) Pause Final Update Refs 0.130ms
[2026-04-03T01:55:54.737+0600][22.230s][info][gc,start    ] GC(50) Concurrent cleanup
[2026-04-03T01:55:54.738+0600][22.231s][info][gc          ] GC(50) Concurrent cleanup 329M->254M(404M) 0.388ms
[2026-04-03T01:55:54.738+0600][22.231s][info][gc,ergo     ] Free: 218M, Max: 256K regular, 88832K humongous, Frag: 61% external, 0% internal; Reserve: 25600K, Max: 256K
[2026-04-03T01:55:54.738+0600][22.231s][info][gc,stats    ] 
[2026-04-03T01:55:54.738+0600][22.231s][info][gc,stats    ] All times are wall-clock times, except per-root-class counters, that are sum over
[2026-04-03T01:55:54.738+0600][22.231s][info][gc,stats    ] all workers. Dividing the <total> over the root stage time estimates parallelism.
[2026-04-03T01:55:54.738+0600][22.231s][info][gc,stats    ] 
[2026-04-03T01:55:54.738+0600][22.231s][info][gc,stats    ] Concurrent Reset                   1000 us
[2026-04-03T01:55:54.738+0600][22.231s][info][gc,stats    ] Pause Init Mark (G)                 359 us
[2026-04-03T01:55:54.738+0600][22.231s][info][gc,stats    ] Pause Init Mark (N)                 115 us
[2026-04-03T01:55:54.738+0600][22.231s][info][gc,stats    ]   Update Region States               29 us
[2026-04-03T01:55:54.738+0600][22.231s][info][gc,stats    ] Concurrent Mark Roots               869 us, parallelism: 1.67x
[2026-04-03T01:55:54.738+0600][22.231s][info][gc,stats    ]   CMR: <total>                     1454 us
[2026-04-03T01:55:54.738+0600][22.231s][info][gc,stats    ]   CMR: Thread Roots                1176 us, workers (us): 495, 242, 439, ---, ---, ---, 
[2026-04-03T01:55:54.738+0600][22.231s][info][gc,stats    ]   CMR: VM Strong Roots               28 us, workers (us):  14,  13,   1, ---, ---, ---, 
[2026-04-03T01:55:54.738+0600][22.231s][info][gc,stats    ]   CMR: CLDG Roots                   250 us, workers (us): ---, 250, ---, ---, ---, ---, 
[2026-04-03T01:55:54.738+0600][22.231s][info][gc,stats    ] Concurrent Marking                59242 us
[2026-04-03T01:55:54.738+0600][22.231s][info][gc,stats    ] Pause Final Mark (G)                739 us
[2026-04-03T01:55:54.738+0600][22.231s][info][gc,stats    ] Pause Final Mark (N)                576 us
[2026-04-03T01:55:54.738+0600][22.231s][info][gc,stats    ]   Finish Mark                       243 us
[2026-04-03T01:55:54.738+0600][22.231s][info][gc,stats    ]   Update Region States               24 us
[2026-04-03T01:55:54.738+0600][22.231s][info][gc,stats    ]   Choose Collection Set             177 us
[2026-04-03T01:55:54.738+0600][22.231s][info][gc,stats    ]   Rebuild Free Set                   29 us
[2026-04-03T01:55:54.738+0600][22.231s][info][gc,stats    ] Concurrent Thread Roots             674 us, parallelism: 1.41x
[2026-04-03T01:55:54.738+0600][22.231s][info][gc,stats    ]   CTR: <total>                      951 us
[2026-04-03T01:55:54.738+0600][22.231s][info][gc,stats    ]   CTR: Thread Roots                 951 us, workers (us): 337, 337, 278, ---, ---, ---, 
[2026-04-03T01:55:54.738+0600][22.231s][info][gc,stats    ] Concurrent Weak References          261 us, parallelism: 0.45x
[2026-04-03T01:55:54.738+0600][22.231s][info][gc,stats    ]   CWRF: <total>                     119 us
[2026-04-03T01:55:54.738+0600][22.231s][info][gc,stats    ]   CWRF: Weak References             119 us, workers (us):  23,  47,  48, ---, ---, ---, 
[2026-04-03T01:55:54.738+0600][22.231s][info][gc,stats    ] Concurrent Weak Roots              1626 us
[2026-04-03T01:55:54.738+0600][22.231s][info][gc,stats    ]   Roots                            1329 us, parallelism: 2.03x
[2026-04-03T01:55:54.738+0600][22.231s][info][gc,stats    ]     CWR: <total>                   2701 us
[2026-04-03T01:55:54.738+0600][22.231s][info][gc,stats    ]     CWR: Code Cache Roots          1670 us, workers (us): 587, 466, 617, ---, ---, ---, 
[2026-04-03T01:55:54.738+0600][22.231s][info][gc,stats    ]     CWR: VM Weak Roots              889 us, workers (us): 297, 296, 296, ---, ---, ---, 
[2026-04-03T01:55:54.738+0600][22.231s][info][gc,stats    ]     CWR: CLDG Roots                 142 us, workers (us): ---, 142, ---, ---, ---, ---, 
[2026-04-03T01:55:54.738+0600][22.231s][info][gc,stats    ]   Rendezvous                        229 us
[2026-04-03T01:55:54.738+0600][22.231s][info][gc,stats    ] Concurrent Cleanup                  170 us
[2026-04-03T01:55:54.738+0600][22.231s][info][gc,stats    ] Concurrent Class Unloading         3586 us
[2026-04-03T01:55:54.738+0600][22.231s][info][gc,stats    ]   Unlink Stale                     3187 us
[2026-04-03T01:55:54.738+0600][22.231s][info][gc,stats    ]     System Dictionary                96 us
[2026-04-03T01:55:54.738+0600][22.231s][info][gc,stats    ]     Weak Class Links                  0 us
[2026-04-03T01:55:54.738+0600][22.231s][info][gc,stats    ]     Code Roots                     3087 us
[2026-04-03T01:55:54.738+0600][22.231s][info][gc,stats    ]   Rendezvous                        236 us
[2026-04-03T01:55:54.738+0600][22.231s][info][gc,stats    ]   Purge Unlinked                     85 us
[2026-04-03T01:55:54.738+0600][22.231s][info][gc,stats    ]     Code Roots                       78 us
[2026-04-03T01:55:54.738+0600][22.231s][info][gc,stats    ]     CLDG                              6 us
[2026-04-03T01:55:54.738+0600][22.231s][info][gc,stats    ]     Exception Caches                  0 us
[2026-04-03T01:55:54.738+0600][22.231s][info][gc,stats    ] Concurrent Strong Roots             640 us, parallelism: 0.41x
[2026-04-03T01:55:54.738+0600][22.231s][info][gc,stats    ]   CSR: <total>                      265 us
[2026-04-03T01:55:54.738+0600][22.231s][info][gc,stats    ]   CSR: VM Strong Roots               16 us, workers (us):   8,   8,   0, ---, ---, ---, 
[2026-04-03T01:55:54.738+0600][22.231s][info][gc,stats    ]   CSR: CLDG Roots                   249 us, workers (us): 249, ---, ---, ---, ---, ---, 
[2026-04-03T01:55:54.738+0600][22.231s][info][gc,stats    ] Concurrent Evacuation              5681 us
[2026-04-03T01:55:54.738+0600][22.231s][info][gc,stats    ] Pause Init Update Refs (G)          358 us
[2026-04-03T01:55:54.738+0600][22.231s][info][gc,stats    ] Pause Init Update Refs (N)          102 us
[2026-04-03T01:55:54.738+0600][22.231s][info][gc,stats    ]   Manage GCLABs                      21 us
[2026-04-03T01:55:54.738+0600][22.231s][info][gc,stats    ] Concurrent Update Refs            51709 us
[2026-04-03T01:55:54.738+0600][22.231s][info][gc,stats    ] Concurrent Update Thread Roots      911 us
[2026-04-03T01:55:54.738+0600][22.231s][info][gc,stats    ] Pause Final Update Refs (G)         439 us
[2026-04-03T01:55:54.738+0600][22.231s][info][gc,stats    ] Pause Final Update Refs (N)         150 us
[2026-04-03T01:55:54.738+0600][22.231s][info][gc,stats    ]   Update Region States               34 us
[2026-04-03T01:55:54.738+0600][22.231s][info][gc,stats    ]   Trash Collection Set               13 us
[2026-04-03T01:55:54.738+0600][22.231s][info][gc,stats    ]   Rebuild Free Set                   26 us
[2026-04-03T01:55:54.738+0600][22.231s][info][gc,stats    ] Concurrent Cleanup                  408 us
[2026-04-03T01:55:54.738+0600][22.231s][info][gc,stats    ] Pacing                            87349 us
[2026-04-03T01:55:54.738+0600][22.231s][info][gc,stats    ] 
[2026-04-03T01:55:54.738+0600][22.231s][info][gc,stats    ] Allocation pacing accrued:
[2026-04-03T01:55:54.738+0600][22.231s][info][gc,stats    ]      44 of   131 ms ( 33.6%): Executor task launch worker for task 0.0 in stage 7.0 (TID 11)
[2026-04-03T01:55:54.738+0600][22.231s][info][gc,stats    ]      43 of   131 ms ( 33.3%): Executor task launch worker for task 1.0 in stage 7.0 (TID 12)
[2026-04-03T01:55:54.738+0600][22.231s][info][gc,stats    ]      87 of   131 ms ( 66.9%): <total>
[2026-04-03T01:55:54.738+0600][22.231s][info][gc,stats    ]       1 of   131 ms (  0.6%): <average total>
[2026-04-03T01:55:54.738+0600][22.231s][info][gc,stats    ]      44 of   131 ms ( 33.5%): <average non-zero>
[2026-04-03T01:55:54.738+0600][22.231s][info][gc,stats    ] 
[2026-04-03T01:55:54.738+0600][22.231s][info][gc,metaspace] Metaspace: 66746K(67584K)->66746K(67584K) NonClass: 58266K(58752K)->58266K(58752K) Class: 8479K(8832K)->8479K(8832K)
[2026-04-03T01:55:54.738+0600][22.231s][info][gc,ergo     ] Pacer for Idle. Initial: 10240K, Alloc Tax Rate: 1.0x
[2026-04-03T01:55:54.765+0600][22.258s][info][gc          ] Trigger: Average GC time (151.48 ms) is above the time for average allocation rate (951 MB/s) to deplete free headroom (143M) (margin of error = 1.95)
[2026-04-03T01:55:54.765+0600][22.258s][info][gc,ergo     ] Free headroom: 168M (free) - 25600K (spike) - 0B (penalties) = 143M
[2026-04-03T01:55:54.765+0600][22.258s][info][gc,ergo     ] Free: 168M, Max: 256K regular, 88832K humongous, Frag: 49% external, 0% internal; Reserve: 25600K, Max: 256K
[2026-04-03T01:55:54.765+0600][22.258s][info][gc,start    ] GC(51) Concurrent reset
[2026-04-03T01:55:54.765+0600][22.258s][info][gc,task     ] GC(51) Using 3 of 6 workers for concurrent reset
[2026-04-03T01:55:54.765+0600][22.258s][info][gc,ergo     ] GC(51) Pacer for Reset. Non-Taxable: 500M
[2026-04-03T01:55:54.766+0600][22.259s][info][gc          ] GC(51) Concurrent reset 0.845ms
[2026-04-03T01:55:54.788+0600][22.281s][info][gc,start    ] GC(51) Pause Init Mark (unload classes)
[2026-04-03T01:55:54.788+0600][22.281s][info][gc,task     ] GC(51) Using 6 of 6 workers for init marking
[2026-04-03T01:55:54.788+0600][22.281s][info][gc,ergo     ] GC(51) Pacer for Mark. Expected Live: 127M, Free: 122M, Non-Taxable: 12581K, Alloc Tax Rate: 1.3x
[2026-04-03T01:55:54.788+0600][22.281s][info][gc          ] GC(51) Pause Init Mark (unload classes) 0.106ms
[2026-04-03T01:55:54.788+0600][22.281s][info][gc,start    ] GC(51) Concurrent marking roots
[2026-04-03T01:55:54.788+0600][22.281s][info][gc,task     ] GC(51) Using 3 of 6 workers for concurrent marking roots
[2026-04-03T01:55:54.789+0600][22.282s][info][gc          ] GC(51) Concurrent marking roots 0.668ms
[2026-04-03T01:55:54.789+0600][22.282s][info][gc,start    ] GC(51) Concurrent marking (unload classes)
[2026-04-03T01:55:54.789+0600][22.282s][info][gc,task     ] GC(51) Using 3 of 6 workers for concurrent marking
[2026-04-03T01:55:54.840+0600][22.333s][info][gc          ] GC(51) Concurrent marking (unload classes) 50.815ms
[2026-04-03T01:55:54.840+0600][22.333s][info][gc,start    ] GC(51) Pause Final Mark (unload classes)
[2026-04-03T01:55:54.840+0600][22.333s][info][gc,task     ] GC(51) Using 6 of 6 workers for final marking
[2026-04-03T01:55:54.840+0600][22.333s][info][gc,ergo     ] GC(51) Collectable Garbage: 202M (97%), Immediate: 202M (97%), CSet: 0B (0%)
[2026-04-03T01:55:54.840+0600][22.333s][info][gc          ] GC(51) Pause Final Mark (unload classes) 0.413ms
[2026-04-03T01:55:54.841+0600][22.334s][info][gc,start    ] GC(51) Concurrent weak references
[2026-04-03T01:55:54.841+0600][22.334s][info][gc,task     ] GC(51) Using 3 of 6 workers for concurrent weak references
[2026-04-03T01:55:54.841+0600][22.334s][info][gc,ref      ] GC(51) Encountered references: Soft: 3126, Weak: 5743, Final: 74, Phantom: 597
[2026-04-03T01:55:54.841+0600][22.334s][info][gc,ref      ] GC(51) Discovered  references: Soft: 0, Weak: 1025, Final: 0, Phantom: 594
[2026-04-03T01:55:54.841+0600][22.334s][info][gc,ref      ] GC(51) Enqueued    references: Soft: 0, Weak: 0, Final: 0, Phantom: 0
[2026-04-03T01:55:54.841+0600][22.334s][info][gc          ] GC(51) Concurrent weak references 0.324ms
[2026-04-03T01:55:54.841+0600][22.334s][info][gc,start    ] GC(51) Concurrent weak roots
[2026-04-03T01:55:54.841+0600][22.334s][info][gc,task     ] GC(51) Using 3 of 6 workers for concurrent weak root
[2026-04-03T01:55:54.843+0600][22.336s][info][gc          ] GC(51) Concurrent weak roots 1.622ms
[2026-04-03T01:55:54.843+0600][22.336s][info][gc,start    ] GC(51) Concurrent cleanup
[2026-04-03T01:55:54.843+0600][22.336s][info][gc          ] GC(51) Concurrent cleanup 375M->173M(404M) 0.252ms
[2026-04-03T01:55:54.843+0600][22.336s][info][gc,ergo     ] GC(51) Free: 300M, Max: 256K regular, 88832K humongous, Frag: 72% external, 0% internal; Reserve: 25600K, Max: 256K
[2026-04-03T01:55:54.843+0600][22.336s][info][gc,start    ] GC(51) Concurrent class unloading
[2026-04-03T01:55:54.843+0600][22.336s][info][gc,task     ] GC(51) Using 3 of 6 workers for concurrent class unloading
[2026-04-03T01:55:54.846+0600][22.339s][info][gc          ] GC(51) Concurrent class unloading 3.523ms
[2026-04-03T01:55:54.847+0600][22.340s][info][gc,start    ] GC(51) Pause Final Roots
[2026-04-03T01:55:54.847+0600][22.340s][info][gc          ] GC(51) Pause Final Roots 0.031ms
[2026-04-03T01:55:54.847+0600][22.340s][info][gc,ergo     ] Free: 295M, Max: 256K regular, 88832K humongous, Frag: 71% external, 0% internal; Reserve: 25600K, Max: 256K
[2026-04-03T01:55:54.847+0600][22.340s][info][gc,stats    ] 
[2026-04-03T01:55:54.847+0600][22.340s][info][gc,stats    ] All times are wall-clock times, except per-root-class counters, that are sum over
[2026-04-03T01:55:54.847+0600][22.340s][info][gc,stats    ] all workers. Dividing the <total> over the root stage time estimates parallelism.
[2026-04-03T01:55:54.847+0600][22.340s][info][gc,stats    ] 
[2026-04-03T01:55:54.847+0600][22.340s][info][gc,stats    ] Concurrent Reset                  23252 us
[2026-04-03T01:55:54.847+0600][22.340s][info][gc,stats    ] Pause Init Mark (G)                 307 us
[2026-04-03T01:55:54.847+0600][22.340s][info][gc,stats    ] Pause Init Mark (N)                 117 us
[2026-04-03T01:55:54.847+0600][22.340s][info][gc,stats    ]   Update Region States               26 us
[2026-04-03T01:55:54.847+0600][22.340s][info][gc,stats    ] Concurrent Mark Roots               699 us, parallelism: 1.51x
[2026-04-03T01:55:54.847+0600][22.340s][info][gc,stats    ]   CMR: <total>                     1057 us
[2026-04-03T01:55:54.847+0600][22.340s][info][gc,stats    ]   CMR: Thread Roots                 864 us, workers (us): 210, 355, 299, ---, ---, ---, 
[2026-04-03T01:55:54.847+0600][22.340s][info][gc,stats    ]   CMR: VM Strong Roots               22 us, workers (us):  21,   0,   1, ---, ---, ---, 
[2026-04-03T01:55:54.847+0600][22.340s][info][gc,stats    ]   CMR: CLDG Roots                   171 us, workers (us): 171, ---, ---, ---, ---, ---, 
[2026-04-03T01:55:54.847+0600][22.340s][info][gc,stats    ] Concurrent Marking                50881 us
[2026-04-03T01:55:54.847+0600][22.340s][info][gc,stats    ] Pause Final Mark (G)                581 us
[2026-04-03T01:55:54.847+0600][22.340s][info][gc,stats    ] Pause Final Mark (N)                427 us
[2026-04-03T01:55:54.847+0600][22.340s][info][gc,stats    ]   Finish Mark                       254 us
[2026-04-03T01:55:54.847+0600][22.340s][info][gc,stats    ]   Update Region States               37 us
[2026-04-03T01:55:54.847+0600][22.340s][info][gc,stats    ]   Choose Collection Set              54 us
[2026-04-03T01:55:54.847+0600][22.340s][info][gc,stats    ]   Rebuild Free Set                   17 us
[2026-04-03T01:55:54.847+0600][22.340s][info][gc,stats    ] Concurrent Weak References          334 us, parallelism: 0.53x
[2026-04-03T01:55:54.847+0600][22.340s][info][gc,stats    ]   CWRF: <total>                     176 us
[2026-04-03T01:55:54.847+0600][22.340s][info][gc,stats    ]   CWRF: Weak References             176 us, workers (us): 126,   5,  44, ---, ---, ---, 
[2026-04-03T01:55:54.847+0600][22.340s][info][gc,stats    ] Concurrent Weak Roots              1671 us
[2026-04-03T01:55:54.847+0600][22.340s][info][gc,stats    ]   Roots                            1427 us, parallelism: 2.45x
[2026-04-03T01:55:54.847+0600][22.340s][info][gc,stats    ]     CWR: <total>                   3497 us
[2026-04-03T01:55:54.847+0600][22.340s][info][gc,stats    ]     CWR: Code Cache Roots          2549 us, workers (us): 891, 859, 798, ---, ---, ---, 
[2026-04-03T01:55:54.847+0600][22.340s][info][gc,stats    ]     CWR: VM Weak Roots              872 us, workers (us): 315, 281, 276, ---, ---, ---, 
[2026-04-03T01:55:54.847+0600][22.340s][info][gc,stats    ]     CWR: CLDG Roots                  76 us, workers (us): ---, ---,  76, ---, ---, ---, 
[2026-04-03T01:55:54.847+0600][22.340s][info][gc,stats    ]   Rendezvous                        174 us
[2026-04-03T01:55:54.847+0600][22.340s][info][gc,stats    ] Concurrent Cleanup                  268 us
[2026-04-03T01:55:54.847+0600][22.340s][info][gc,stats    ] Concurrent Class Unloading         3590 us
[2026-04-03T01:55:54.847+0600][22.340s][info][gc,stats    ]   Unlink Stale                     3276 us
[2026-04-03T01:55:54.847+0600][22.340s][info][gc,stats    ]     System Dictionary                68 us
[2026-04-03T01:55:54.847+0600][22.340s][info][gc,stats    ]     Weak Class Links                  1 us
[2026-04-03T01:55:54.847+0600][22.340s][info][gc,stats    ]     Code Roots                     3204 us
[2026-04-03T01:55:54.847+0600][22.340s][info][gc,stats    ]   Rendezvous                        193 us
[2026-04-03T01:55:54.847+0600][22.340s][info][gc,stats    ]   Purge Unlinked                      8 us
[2026-04-03T01:55:54.847+0600][22.340s][info][gc,stats    ]     Code Roots                        2 us
[2026-04-03T01:55:54.847+0600][22.340s][info][gc,stats    ]     CLDG                              5 us
[2026-04-03T01:55:54.847+0600][22.340s][info][gc,stats    ]     Exception Caches                  0 us
[2026-04-03T01:55:54.847+0600][22.340s][info][gc,stats    ] Pause Final Roots (G)               205 us
[2026-04-03T01:55:54.847+0600][22.340s][info][gc,stats    ] Pause Final Roots (N)                45 us
[2026-04-03T01:55:54.847+0600][22.340s][info][gc,stats    ] Pacing                            88226 us
[2026-04-03T01:55:54.847+0600][22.340s][info][gc,stats    ] 
[2026-04-03T01:55:54.847+0600][22.340s][info][gc,stats    ] Allocation pacing accrued:
[2026-04-03T01:55:54.847+0600][22.340s][info][gc,stats    ]      11 of   109 ms ( 10.3%): Spark Context Cleaner
[2026-04-03T01:55:54.847+0600][22.340s][info][gc,stats    ]      39 of   109 ms ( 35.6%): Executor task launch worker for task 0.0 in stage 7.0 (TID 11)
[2026-04-03T01:55:54.847+0600][22.340s][info][gc,stats    ]      38 of   109 ms ( 35.0%): Executor task launch worker for task 1.0 in stage 7.0 (TID 12)
[2026-04-03T01:55:54.847+0600][22.340s][info][gc,stats    ]      88 of   109 ms ( 80.9%): <total>
[2026-04-03T01:55:54.847+0600][22.340s][info][gc,stats    ]       1 of   109 ms (  0.8%): <average total>
[2026-04-03T01:55:54.847+0600][22.340s][info][gc,stats    ]      29 of   109 ms ( 27.0%): <average non-zero>
[2026-04-03T01:55:54.847+0600][22.340s][info][gc,stats    ] 
[2026-04-03T01:55:54.847+0600][22.340s][info][gc,metaspace] Metaspace: 66746K(67584K)->66746K(67584K) NonClass: 58266K(58752K)->58266K(58752K) Class: 8479K(8832K)->8479K(8832K)
[2026-04-03T01:55:54.847+0600][22.340s][info][gc,ergo     ] Pacer for Idle. Initial: 10240K, Alloc Tax Rate: 1.0x
[2026-04-03T01:55:54.933+0600][22.426s][info][gc          ] Trigger: Average GC time (156.20 ms) is above the time for average allocation rate (1031 MB/s) to deplete free headroom (160M) (margin of error = 1.94)
[2026-04-03T01:55:54.933+0600][22.426s][info][gc,ergo     ] Free headroom: 185M (free) - 25600K (spike) - 0B (penalties) = 160M
[2026-04-03T01:55:54.933+0600][22.426s][info][gc,ergo     ] Free: 185M, Max: 256K regular, 88832K humongous, Frag: 54% external, 0% internal; Reserve: 25600K, Max: 256K
[2026-04-03T01:55:54.933+0600][22.426s][info][gc,start    ] GC(52) Concurrent reset
[2026-04-03T01:55:54.933+0600][22.426s][info][gc,task     ] GC(52) Using 3 of 6 workers for concurrent reset
[2026-04-03T01:55:54.933+0600][22.426s][info][gc,ergo     ] GC(52) Pacer for Reset. Non-Taxable: 500M
[2026-04-03T01:55:54.934+0600][22.427s][info][gc          ] GC(52) Concurrent reset 0.526ms
[2026-04-03T01:55:54.934+0600][22.427s][info][gc,start    ] GC(52) Pause Init Mark (unload classes)
[2026-04-03T01:55:54.934+0600][22.427s][info][gc,task     ] GC(52) Using 6 of 6 workers for init marking
[2026-04-03T01:55:54.934+0600][22.427s][info][gc,ergo     ] GC(52) Pacer for Mark. Expected Live: 134M, Free: 184M, Non-Taxable: 18930K, Alloc Tax Rate: 0.9x
[2026-04-03T01:55:54.934+0600][22.427s][info][gc          ] GC(52) Pause Init Mark (unload classes) 0.068ms
[2026-04-03T01:55:54.934+0600][22.427s][info][gc,start    ] GC(52) Concurrent marking roots
[2026-04-03T01:55:54.934+0600][22.427s][info][gc,task     ] GC(52) Using 3 of 6 workers for concurrent marking roots
[2026-04-03T01:55:54.935+0600][22.428s][info][gc          ] GC(52) Concurrent marking roots 0.642ms
[2026-04-03T01:55:54.935+0600][22.428s][info][gc,start    ] GC(52) Concurrent marking (unload classes)
[2026-04-03T01:55:54.935+0600][22.428s][info][gc,task     ] GC(52) Using 3 of 6 workers for concurrent marking
[2026-04-03T01:55:54.989+0600][22.482s][info][gc          ] GC(52) Concurrent marking (unload classes) 54.521ms
[2026-04-03T01:55:54.989+0600][22.482s][info][gc,start    ] GC(52) Pause Final Mark (unload classes)
[2026-04-03T01:55:54.989+0600][22.482s][info][gc,task     ] GC(52) Using 6 of 6 workers for final marking
[2026-04-03T01:55:54.990+0600][22.483s][info][gc,ergo     ] GC(52) Collectable Garbage: 139M (95%), Immediate: 139M (95%), CSet: 0B (0%)
[2026-04-03T01:55:54.990+0600][22.483s][info][gc          ] GC(52) Pause Final Mark (unload classes) 0.491ms
[2026-04-03T01:55:54.990+0600][22.483s][info][gc,start    ] GC(52) Concurrent weak references
[2026-04-03T01:55:54.990+0600][22.483s][info][gc,task     ] GC(52) Using 3 of 6 workers for concurrent weak references
[2026-04-03T01:55:54.990+0600][22.483s][info][gc,ref      ] GC(52) Encountered references: Soft: 3131, Weak: 5765, Final: 74, Phantom: 597
[2026-04-03T01:55:54.990+0600][22.483s][info][gc,ref      ] GC(52) Discovered  references: Soft: 0, Weak: 352, Final: 0, Phantom: 594
[2026-04-03T01:55:54.990+0600][22.483s][info][gc,ref      ] GC(52) Enqueued    references: Soft: 0, Weak: 7, Final: 0, Phantom: 0
[2026-04-03T01:55:54.990+0600][22.483s][info][gc          ] GC(52) Concurrent weak references 0.355ms
[2026-04-03T01:55:54.990+0600][22.483s][info][gc,start    ] GC(52) Concurrent weak roots
[2026-04-03T01:55:54.990+0600][22.483s][info][gc,task     ] GC(52) Using 3 of 6 workers for concurrent weak root
[2026-04-03T01:55:54.992+0600][22.485s][info][gc          ] GC(52) Concurrent weak roots 1.543ms
[2026-04-03T01:55:54.992+0600][22.485s][info][gc,start    ] GC(52) Concurrent cleanup
[2026-04-03T01:55:54.992+0600][22.485s][info][gc          ] GC(52) Concurrent cleanup 319M->179M(404M) 0.157ms
[2026-04-03T01:55:54.992+0600][22.485s][info][gc,ergo     ] GC(52) Free: 294M, Max: 256K regular, 88832K humongous, Frag: 71% external, 0% internal; Reserve: 25600K, Max: 256K
[2026-04-03T01:55:54.992+0600][22.485s][info][gc,start    ] GC(52) Concurrent class unloading
[2026-04-03T01:55:54.992+0600][22.485s][info][gc,task     ] GC(52) Using 3 of 6 workers for concurrent class unloading
[2026-04-03T01:55:54.996+0600][22.489s][info][gc          ] GC(52) Concurrent class unloading 3.331ms
[2026-04-03T01:55:54.996+0600][22.489s][info][gc,start    ] GC(52) Pause Final Roots
[2026-04-03T01:55:54.996+0600][22.489s][info][gc          ] GC(52) Pause Final Roots 0.027ms
[2026-04-03T01:55:54.996+0600][22.489s][info][gc,ergo     ] Free: 291M, Max: 256K regular, 88832K humongous, Frag: 71% external, 0% internal; Reserve: 25600K, Max: 256K
[2026-04-03T01:55:54.996+0600][22.489s][info][gc,stats    ] 
[2026-04-03T01:55:54.996+0600][22.489s][info][gc,stats    ] All times are wall-clock times, except per-root-class counters, that are sum over
[2026-04-03T01:55:54.996+0600][22.489s][info][gc,stats    ] all workers. Dividing the <total> over the root stage time estimates parallelism.
[2026-04-03T01:55:54.996+0600][22.489s][info][gc,stats    ] 
[2026-04-03T01:55:54.996+0600][22.489s][info][gc,stats    ] Concurrent Reset                    573 us
[2026-04-03T01:55:54.996+0600][22.489s][info][gc,stats    ] Pause Init Mark (G)                 341 us
[2026-04-03T01:55:54.996+0600][22.489s][info][gc,stats    ] Pause Init Mark (N)                  76 us
[2026-04-03T01:55:54.996+0600][22.489s][info][gc,stats    ]   Update Region States               11 us
[2026-04-03T01:55:54.996+0600][22.489s][info][gc,stats    ] Concurrent Mark Roots               713 us, parallelism: 1.13x
[2026-04-03T01:55:54.996+0600][22.489s][info][gc,stats    ]   CMR: <total>                      803 us
[2026-04-03T01:55:54.996+0600][22.489s][info][gc,stats    ]   CMR: Thread Roots                 558 us, workers (us):  70, 270, 218, ---, ---, ---, 
[2026-04-03T01:55:54.996+0600][22.489s][info][gc,stats    ]   CMR: VM Strong Roots               19 us, workers (us):  18,   1,   0, ---, ---, ---, 
[2026-04-03T01:55:54.996+0600][22.489s][info][gc,stats    ]   CMR: CLDG Roots                   225 us, workers (us): 225, ---, ---, ---, ---, ---, 
[2026-04-03T01:55:54.996+0600][22.489s][info][gc,stats    ] Concurrent Marking                54586 us
[2026-04-03T01:55:54.996+0600][22.489s][info][gc,stats    ] Pause Final Mark (G)                607 us
[2026-04-03T01:55:54.996+0600][22.489s][info][gc,stats    ] Pause Final Mark (N)                505 us
[2026-04-03T01:55:54.996+0600][22.489s][info][gc,stats    ]   Finish Mark                       330 us
[2026-04-03T01:55:54.996+0600][22.489s][info][gc,stats    ]   Update Region States               41 us
[2026-04-03T01:55:54.996+0600][22.489s][info][gc,stats    ]   Choose Collection Set              53 us
[2026-04-03T01:55:54.996+0600][22.489s][info][gc,stats    ]   Rebuild Free Set                   17 us
[2026-04-03T01:55:54.996+0600][22.489s][info][gc,stats    ] Concurrent Weak References          366 us, parallelism: 0.26x
[2026-04-03T01:55:54.996+0600][22.489s][info][gc,stats    ]   CWRF: <total>                      97 us
[2026-04-03T01:55:54.996+0600][22.489s][info][gc,stats    ]   CWRF: Weak References              97 us, workers (us):  95,   1,   1, ---, ---, ---, 
[2026-04-03T01:55:54.996+0600][22.489s][info][gc,stats    ] Concurrent Weak Roots              1611 us
[2026-04-03T01:55:54.996+0600][22.489s][info][gc,stats    ]   Roots                            1326 us, parallelism: 2.04x
[2026-04-03T01:55:54.996+0600][22.489s][info][gc,stats    ]     CWR: <total>                   2701 us
[2026-04-03T01:55:54.996+0600][22.489s][info][gc,stats    ]     CWR: Code Cache Roots          1657 us, workers (us): 614, 576, 467, ---, ---, ---, 
[2026-04-03T01:55:54.996+0600][22.489s][info][gc,stats    ]     CWR: VM Weak Roots              930 us, workers (us): 336, 298, 297, ---, ---, ---, 
[2026-04-03T01:55:54.996+0600][22.489s][info][gc,stats    ]     CWR: CLDG Roots                 115 us, workers (us): ---, ---, 115, ---, ---, ---, 
[2026-04-03T01:55:54.996+0600][22.489s][info][gc,stats    ]   Rendezvous                        195 us
[2026-04-03T01:55:54.996+0600][22.489s][info][gc,stats    ] Concurrent Cleanup                  168 us
[2026-04-03T01:55:54.996+0600][22.489s][info][gc,stats    ] Concurrent Class Unloading         3400 us
[2026-04-03T01:55:54.996+0600][22.489s][info][gc,stats    ]   Unlink Stale                     3029 us
[2026-04-03T01:55:54.996+0600][22.489s][info][gc,stats    ]     System Dictionary                86 us
[2026-04-03T01:55:54.996+0600][22.489s][info][gc,stats    ]     Weak Class Links                  0 us
[2026-04-03T01:55:54.996+0600][22.489s][info][gc,stats    ]     Code Roots                     2939 us
[2026-04-03T01:55:54.996+0600][22.489s][info][gc,stats    ]   Rendezvous                        211 us
[2026-04-03T01:55:54.996+0600][22.489s][info][gc,stats    ]   Purge Unlinked                     65 us
[2026-04-03T01:55:54.996+0600][22.489s][info][gc,stats    ]     Code Roots                       59 us
[2026-04-03T01:55:54.996+0600][22.489s][info][gc,stats    ]     CLDG                              5 us
[2026-04-03T01:55:54.996+0600][22.489s][info][gc,stats    ]     Exception Caches                  0 us
[2026-04-03T01:55:54.996+0600][22.489s][info][gc,stats    ] Pause Final Roots (G)               134 us
[2026-04-03T01:55:54.996+0600][22.489s][info][gc,stats    ] Pause Final Roots (N)                40 us
[2026-04-03T01:55:54.996+0600][22.489s][info][gc,stats    ] Pacing                            20961 us
[2026-04-03T01:55:54.996+0600][22.489s][info][gc,stats    ] 
[2026-04-03T01:55:54.996+0600][22.489s][info][gc,stats    ] Allocation pacing accrued:
[2026-04-03T01:55:54.996+0600][22.489s][info][gc,stats    ]      21 of   149 ms ( 14.1%): Executor task launch worker for task 1.0 in stage 7.0 (TID 12)
[2026-04-03T01:55:54.996+0600][22.489s][info][gc,stats    ]      21 of   149 ms ( 14.1%): <total>
[2026-04-03T01:55:54.996+0600][22.489s][info][gc,stats    ]       0 of   149 ms (  0.1%): <average total>
[2026-04-03T01:55:54.996+0600][22.489s][info][gc,stats    ]      21 of   149 ms ( 14.1%): <average non-zero>
[2026-04-03T01:55:54.996+0600][22.489s][info][gc,stats    ] 
[2026-04-03T01:55:54.996+0600][22.489s][info][gc,metaspace] Metaspace: 66753K(67584K)->66753K(67584K) NonClass: 58273K(58752K)->58273K(58752K) Class: 8480K(8832K)->8480K(8832K)
[2026-04-03T01:55:54.996+0600][22.489s][info][gc,ergo     ] Pacer for Idle. Initial: 10240K, Alloc Tax Rate: 1.0x
[2026-04-03T01:55:55.114+0600][22.607s][info][gc          ] Trigger: Average GC time (139.52 ms) is above the time for average allocation rate (879 MB/s) to deplete free headroom (122M) (margin of error = 1.94)
[2026-04-03T01:55:55.114+0600][22.607s][info][gc,ergo     ] Free headroom: 147M (free) - 25600K (spike) - 0B (penalties) = 122M
[2026-04-03T01:55:55.114+0600][22.607s][info][gc,ergo     ] Free: 147M, Max: 256K regular, 88832K humongous, Frag: 41% external, 0% internal; Reserve: 25600K, Max: 256K
[2026-04-03T01:55:55.114+0600][22.607s][info][gc,start    ] GC(53) Concurrent reset
[2026-04-03T01:55:55.114+0600][22.607s][info][gc,task     ] GC(53) Using 3 of 6 workers for concurrent reset
[2026-04-03T01:55:55.114+0600][22.607s][info][gc,ergo     ] GC(53) Pacer for Reset. Non-Taxable: 500M
[2026-04-03T01:55:55.115+0600][22.608s][info][gc          ] GC(53) Concurrent reset 0.558ms
[2026-04-03T01:55:55.115+0600][22.608s][info][gc,start    ] GC(53) Pause Init Mark (unload classes)
[2026-04-03T01:55:55.115+0600][22.608s][info][gc,task     ] GC(53) Using 6 of 6 workers for init marking
[2026-04-03T01:55:55.115+0600][22.608s][info][gc,ergo     ] GC(53) Pacer for Mark. Expected Live: 138M, Free: 146M, Non-Taxable: 14988K, Alloc Tax Rate: 1.2x
[2026-04-03T01:55:55.115+0600][22.608s][info][gc          ] GC(53) Pause Init Mark (unload classes) 0.087ms
[2026-04-03T01:55:55.115+0600][22.608s][info][gc,start    ] GC(53) Concurrent marking roots
[2026-04-03T01:55:55.115+0600][22.608s][info][gc,task     ] GC(53) Using 3 of 6 workers for concurrent marking roots
[2026-04-03T01:55:55.116+0600][22.609s][info][gc          ] GC(53) Concurrent marking roots 0.731ms
[2026-04-03T01:55:55.116+0600][22.609s][info][gc,start    ] GC(53) Concurrent marking (unload classes)
[2026-04-03T01:55:55.116+0600][22.609s][info][gc,task     ] GC(53) Using 3 of 6 workers for concurrent marking
[2026-04-03T01:55:55.152+0600][22.645s][info][gc          ] GC(53) Concurrent marking (unload classes) 36.094ms
[2026-04-03T01:55:55.152+0600][22.645s][info][gc,start    ] GC(53) Pause Final Mark (unload classes)
[2026-04-03T01:55:55.152+0600][22.645s][info][gc,task     ] GC(53) Using 6 of 6 workers for final marking
[2026-04-03T01:55:55.152+0600][22.645s][info][gc,ergo     ] GC(53) Collectable Garbage: 216M (96%), Immediate: 216M (96%), CSet: 0B (0%)
[2026-04-03T01:55:55.153+0600][22.646s][info][gc          ] GC(53) Pause Final Mark (unload classes) 0.419ms
[2026-04-03T01:55:55.153+0600][22.646s][info][gc,start    ] GC(53) Concurrent weak references
[2026-04-03T01:55:55.153+0600][22.646s][info][gc,task     ] GC(53) Using 3 of 6 workers for concurrent weak references
[2026-04-03T01:55:55.153+0600][22.646s][info][gc,ref      ] GC(53) Encountered references: Soft: 3131, Weak: 5758, Final: 74, Phantom: 597
[2026-04-03T01:55:55.153+0600][22.646s][info][gc,ref      ] GC(53) Discovered  references: Soft: 0, Weak: 741, Final: 0, Phantom: 594
[2026-04-03T01:55:55.153+0600][22.646s][info][gc,ref      ] GC(53) Enqueued    references: Soft: 0, Weak: 0, Final: 0, Phantom: 0
[2026-04-03T01:55:55.153+0600][22.646s][info][gc          ] GC(53) Concurrent weak references 0.356ms
[2026-04-03T01:55:55.153+0600][22.646s][info][gc,start    ] GC(53) Concurrent weak roots
[2026-04-03T01:55:55.153+0600][22.646s][info][gc,task     ] GC(53) Using 3 of 6 workers for concurrent weak root
[2026-04-03T01:55:55.155+0600][22.648s][info][gc          ] GC(53) Concurrent weak roots 1.609ms
[2026-04-03T01:55:55.155+0600][22.648s][info][gc,start    ] GC(53) Concurrent cleanup
[2026-04-03T01:55:55.155+0600][22.648s][info][gc          ] GC(53) Concurrent cleanup 349M->132M(404M) 0.231ms
[2026-04-03T01:55:55.155+0600][22.648s][info][gc,ergo     ] GC(53) Free: 340M, Max: 256K regular, 111M humongous, Frag: 68% external, 0% internal; Reserve: 25600K, Max: 256K
[2026-04-03T01:55:55.155+0600][22.648s][info][gc,start    ] GC(53) Concurrent class unloading
[2026-04-03T01:55:55.155+0600][22.648s][info][gc,task     ] GC(53) Using 3 of 6 workers for concurrent class unloading
[2026-04-03T01:55:55.158+0600][22.652s][info][gc          ] GC(53) Concurrent class unloading 3.463ms
[2026-04-03T01:55:55.159+0600][22.652s][info][gc,start    ] GC(53) Pause Final Roots
[2026-04-03T01:55:55.159+0600][22.652s][info][gc          ] GC(53) Pause Final Roots 0.038ms
[2026-04-03T01:55:55.159+0600][22.652s][info][gc,ergo     ] Free: 336M, Max: 256K regular, 111M humongous, Frag: 67% external, 0% internal; Reserve: 25600K, Max: 256K
[2026-04-03T01:55:55.159+0600][22.652s][info][gc,stats    ] 
[2026-04-03T01:55:55.159+0600][22.652s][info][gc,stats    ] All times are wall-clock times, except per-root-class counters, that are sum over
[2026-04-03T01:55:55.159+0600][22.652s][info][gc,stats    ] all workers. Dividing the <total> over the root stage time estimates parallelism.
[2026-04-03T01:55:55.159+0600][22.652s][info][gc,stats    ] 
[2026-04-03T01:55:55.159+0600][22.652s][info][gc,stats    ] Concurrent Reset                    602 us
[2026-04-03T01:55:55.159+0600][22.652s][info][gc,stats    ] Pause Init Mark (G)                 465 us
[2026-04-03T01:55:55.159+0600][22.652s][info][gc,stats    ] Pause Init Mark (N)                  95 us
[2026-04-03T01:55:55.159+0600][22.652s][info][gc,stats    ]   Update Region States               16 us
[2026-04-03T01:55:55.159+0600][22.652s][info][gc,stats    ] Concurrent Mark Roots               762 us, parallelism: 1.24x
[2026-04-03T01:55:55.159+0600][22.652s][info][gc,stats    ]   CMR: <total>                      942 us
[2026-04-03T01:55:55.159+0600][22.652s][info][gc,stats    ]   CMR: Thread Roots                 722 us, workers (us): 306, 116, 300, ---, ---, ---, 
[2026-04-03T01:55:55.159+0600][22.652s][info][gc,stats    ]   CMR: VM Strong Roots               30 us, workers (us):  15,  15,   1, ---, ---, ---, 
[2026-04-03T01:55:55.159+0600][22.652s][info][gc,stats    ]   CMR: CLDG Roots                   190 us, workers (us): ---, 190, ---, ---, ---, ---, 
[2026-04-03T01:55:55.159+0600][22.652s][info][gc,stats    ] Concurrent Marking                36155 us
[2026-04-03T01:55:55.159+0600][22.652s][info][gc,stats    ] Pause Final Mark (G)                732 us
[2026-04-03T01:55:55.159+0600][22.652s][info][gc,stats    ] Pause Final Mark (N)                432 us
[2026-04-03T01:55:55.159+0600][22.652s][info][gc,stats    ]   Finish Mark                       217 us
[2026-04-03T01:55:55.159+0600][22.652s][info][gc,stats    ]   Update Region States               27 us
[2026-04-03T01:55:55.159+0600][22.652s][info][gc,stats    ]   Choose Collection Set              75 us
[2026-04-03T01:55:55.159+0600][22.652s][info][gc,stats    ]   Rebuild Free Set                   23 us
[2026-04-03T01:55:55.159+0600][22.652s][info][gc,stats    ] Concurrent Weak References          364 us, parallelism: 0.43x
[2026-04-03T01:55:55.159+0600][22.652s][info][gc,stats    ]   CWRF: <total>                     157 us
[2026-04-03T01:55:55.159+0600][22.652s][info][gc,stats    ]   CWRF: Weak References             157 us, workers (us): 103,  52,   1, ---, ---, ---, 
[2026-04-03T01:55:55.159+0600][22.652s][info][gc,stats    ] Concurrent Weak Roots              1662 us
[2026-04-03T01:55:55.159+0600][22.652s][info][gc,stats    ]   Roots                            1404 us, parallelism: 2.38x
[2026-04-03T01:55:55.159+0600][22.652s][info][gc,stats    ]     CWR: <total>                   3337 us
[2026-04-03T01:55:55.159+0600][22.652s][info][gc,stats    ]     CWR: Code Cache Roots          2218 us, workers (us): 756, 774, 689, ---, ---, ---, 
[2026-04-03T01:55:55.159+0600][22.652s][info][gc,stats    ]     CWR: VM Weak Roots             1063 us, workers (us): 394, 334, 334, ---, ---, ---, 
[2026-04-03T01:55:55.159+0600][22.652s][info][gc,stats    ]     CWR: CLDG Roots                  56 us, workers (us): ---, ---,  56, ---, ---, ---, 
[2026-04-03T01:55:55.159+0600][22.652s][info][gc,stats    ]   Rendezvous                        175 us
[2026-04-03T01:55:55.159+0600][22.652s][info][gc,stats    ] Concurrent Cleanup                  248 us
[2026-04-03T01:55:55.159+0600][22.652s][info][gc,stats    ] Concurrent Class Unloading         3516 us
[2026-04-03T01:55:55.159+0600][22.652s][info][gc,stats    ]   Unlink Stale                     3334 us
[2026-04-03T01:55:55.159+0600][22.652s][info][gc,stats    ]     System Dictionary                53 us
[2026-04-03T01:55:55.159+0600][22.652s][info][gc,stats    ]     Weak Class Links                  0 us
[2026-04-03T01:55:55.159+0600][22.652s][info][gc,stats    ]     Code Roots                     3278 us
[2026-04-03T01:55:55.159+0600][22.652s][info][gc,stats    ]   Rendezvous                         95 us
[2026-04-03T01:55:55.159+0600][22.652s][info][gc,stats    ]   Purge Unlinked                      8 us
[2026-04-03T01:55:55.159+0600][22.652s][info][gc,stats    ]     Code Roots                        3 us
[2026-04-03T01:55:55.159+0600][22.652s][info][gc,stats    ]     CLDG                              4 us
[2026-04-03T01:55:55.159+0600][22.652s][info][gc,stats    ]     Exception Caches                  0 us
[2026-04-03T01:55:55.159+0600][22.652s][info][gc,stats    ] Pause Final Roots (G)                99 us
[2026-04-03T01:55:55.159+0600][22.652s][info][gc,stats    ] Pause Final Roots (N)                49 us
[2026-04-03T01:55:55.159+0600][22.652s][info][gc,stats    ] Pacing                            26321 us
[2026-04-03T01:55:55.159+0600][22.652s][info][gc,stats    ] 
[2026-04-03T01:55:55.159+0600][22.652s][info][gc,stats    ] Allocation pacing accrued:
[2026-04-03T01:55:55.159+0600][22.652s][info][gc,stats    ]      11 of   163 ms (  6.8%): Spark Context Cleaner
[2026-04-03T01:55:55.159+0600][22.652s][info][gc,stats    ]      15 of   163 ms (  9.3%): Executor task launch worker for task 1.0 in stage 7.0 (TID 12)
[2026-04-03T01:55:55.159+0600][22.652s][info][gc,stats    ]      26 of   163 ms ( 16.2%): <total>
[2026-04-03T01:55:55.159+0600][22.652s][info][gc,stats    ]       0 of   163 ms (  0.2%): <average total>
[2026-04-03T01:55:55.159+0600][22.652s][info][gc,stats    ]      13 of   163 ms (  8.1%): <average non-zero>
[2026-04-03T01:55:55.159+0600][22.652s][info][gc,stats    ] 
[2026-04-03T01:55:55.159+0600][22.652s][info][gc,metaspace] Metaspace: 66753K(67584K)->66753K(67584K) NonClass: 58273K(58752K)->58273K(58752K) Class: 8480K(8832K)->8480K(8832K)
[2026-04-03T01:55:55.159+0600][22.652s][info][gc,ergo     ] Pacer for Idle. Initial: 10240K, Alloc Tax Rate: 1.0x
[2026-04-03T01:55:55.298+0600][22.791s][info][gc          ] Trigger: Average GC time (118.80 ms) is above the time for average allocation rate (959 MB/s) to deplete free headroom (112M) (margin of error = 1.92)
[2026-04-03T01:55:55.298+0600][22.791s][info][gc,ergo     ] Free headroom: 137M (free) - 25600K (spike) - 0B (penalties) = 112M
[2026-04-03T01:55:55.298+0600][22.791s][info][gc,ergo     ] Free: 137M, Max: 256K regular, 111M humongous, Frag: 19% external, 0% internal; Reserve: 25600K, Max: 256K
[2026-04-03T01:55:55.298+0600][22.791s][info][gc,start    ] GC(54) Concurrent reset
[2026-04-03T01:55:55.298+0600][22.791s][info][gc,task     ] GC(54) Using 3 of 6 workers for concurrent reset
[2026-04-03T01:55:55.298+0600][22.791s][info][gc,ergo     ] GC(54) Pacer for Reset. Non-Taxable: 500M
[2026-04-03T01:55:55.299+0600][22.792s][info][gc          ] GC(54) Concurrent reset 0.534ms
[2026-04-03T01:55:55.299+0600][22.792s][info][gc,start    ] GC(54) Pause Init Mark (unload classes)
[2026-04-03T01:55:55.299+0600][22.792s][info][gc,task     ] GC(54) Using 6 of 6 workers for init marking
[2026-04-03T01:55:55.299+0600][22.792s][info][gc,ergo     ] GC(54) Pacer for Mark. Expected Live: 133M, Free: 136M, Non-Taxable: 13964K, Alloc Tax Rate: 1.2x
[2026-04-03T01:55:55.299+0600][22.792s][info][gc          ] GC(54) Pause Init Mark (unload classes) 0.137ms
[2026-04-03T01:55:55.299+0600][22.792s][info][gc,start    ] GC(54) Concurrent marking roots
[2026-04-03T01:55:55.299+0600][22.792s][info][gc,task     ] GC(54) Using 3 of 6 workers for concurrent marking roots
[2026-04-03T01:55:55.300+0600][22.793s][info][gc          ] GC(54) Concurrent marking roots 0.535ms
[2026-04-03T01:55:55.300+0600][22.793s][info][gc,start    ] GC(54) Concurrent marking (unload classes)
[2026-04-03T01:55:55.300+0600][22.793s][info][gc,task     ] GC(54) Using 3 of 6 workers for concurrent marking
[2026-04-03T01:55:55.336+0600][22.829s][info][gc          ] GC(54) Concurrent marking (unload classes) 36.503ms
[2026-04-03T01:55:55.337+0600][22.830s][info][gc,start    ] GC(54) Pause Final Mark (unload classes)
[2026-04-03T01:55:55.337+0600][22.830s][info][gc,task     ] GC(54) Using 6 of 6 workers for final marking
[2026-04-03T01:55:55.337+0600][22.830s][info][gc,ergo     ] GC(54) Collectable Garbage: 227M (96%), Immediate: 227M (96%), CSet: 0B (0%)
[2026-04-03T01:55:55.337+0600][22.830s][info][gc          ] GC(54) Pause Final Mark (unload classes) 0.464ms
[2026-04-03T01:55:55.337+0600][22.830s][info][gc,start    ] GC(54) Concurrent weak references
[2026-04-03T01:55:55.337+0600][22.830s][info][gc,task     ] GC(54) Using 3 of 6 workers for concurrent weak references
[2026-04-03T01:55:55.338+0600][22.831s][info][gc,ref      ] GC(54) Encountered references: Soft: 3131, Weak: 5758, Final: 74, Phantom: 597
[2026-04-03T01:55:55.338+0600][22.831s][info][gc,ref      ] GC(54) Discovered  references: Soft: 0, Weak: 3210, Final: 42, Phantom: 594
[2026-04-03T01:55:55.338+0600][22.831s][info][gc,ref      ] GC(54) Enqueued    references: Soft: 0, Weak: 0, Final: 0, Phantom: 0
[2026-04-03T01:55:55.338+0600][22.831s][info][gc          ] GC(54) Concurrent weak references 0.572ms
[2026-04-03T01:55:55.338+0600][22.831s][info][gc,start    ] GC(54) Concurrent weak roots
[2026-04-03T01:55:55.338+0600][22.831s][info][gc,task     ] GC(54) Using 3 of 6 workers for concurrent weak root
[2026-04-03T01:55:55.339+0600][22.832s][info][gc          ] GC(54) Concurrent weak roots 1.673ms
[2026-04-03T01:55:55.339+0600][22.832s][info][gc,start    ] GC(54) Concurrent cleanup
[2026-04-03T01:55:55.340+0600][22.833s][info][gc          ] GC(54) Concurrent cleanup 360M->133M(404M) 0.191ms
[2026-04-03T01:55:55.340+0600][22.833s][info][gc,ergo     ] GC(54) Free: 340M, Max: 256K regular, 100M humongous, Frag: 71% external, 0% internal; Reserve: 25600K, Max: 256K
[2026-04-03T01:55:55.340+0600][22.833s][info][gc,start    ] GC(54) Concurrent class unloading
[2026-04-03T01:55:55.340+0600][22.833s][info][gc,task     ] GC(54) Using 3 of 6 workers for concurrent class unloading
[2026-04-03T01:55:55.343+0600][22.836s][info][gc          ] GC(54) Concurrent class unloading 3.406ms
[2026-04-03T01:55:55.343+0600][22.836s][info][gc,start    ] GC(54) Pause Final Roots
[2026-04-03T01:55:55.343+0600][22.836s][info][gc          ] GC(54) Pause Final Roots 0.026ms
[2026-04-03T01:55:55.343+0600][22.836s][info][gc,ergo     ] Free: 337M, Max: 256K regular, 100M humongous, Frag: 71% external, 0% internal; Reserve: 25600K, Max: 256K
[2026-04-03T01:55:55.343+0600][22.836s][info][gc,stats    ] 
[2026-04-03T01:55:55.343+0600][22.836s][info][gc,stats    ] All times are wall-clock times, except per-root-class counters, that are sum over
[2026-04-03T01:55:55.343+0600][22.836s][info][gc,stats    ] all workers. Dividing the <total> over the root stage time estimates parallelism.
[2026-04-03T01:55:55.343+0600][22.836s][info][gc,stats    ] 
[2026-04-03T01:55:55.343+0600][22.836s][info][gc,stats    ] Concurrent Reset                    564 us
[2026-04-03T01:55:55.343+0600][22.836s][info][gc,stats    ] Pause Init Mark (G)                 367 us
[2026-04-03T01:55:55.343+0600][22.836s][info][gc,stats    ] Pause Init Mark (N)                 144 us
[2026-04-03T01:55:55.343+0600][22.837s][info][gc,stats    ]   Update Region States               15 us
[2026-04-03T01:55:55.344+0600][22.837s][info][gc,stats    ] Concurrent Mark Roots               560 us, parallelism: 1.56x
[2026-04-03T01:55:55.344+0600][22.837s][info][gc,stats    ]   CMR: <total>                      872 us
[2026-04-03T01:55:55.344+0600][22.837s][info][gc,stats    ]   CMR: Thread Roots                 682 us, workers (us): 291, 123, 268, ---, ---, ---, 
[2026-04-03T01:55:55.344+0600][22.837s][info][gc,stats    ]   CMR: VM Strong Roots               20 us, workers (us):  10,  10,   0, ---, ---, ---, 
[2026-04-03T01:55:55.344+0600][22.837s][info][gc,stats    ]   CMR: CLDG Roots                   170 us, workers (us): ---, 170, ---, ---, ---, ---, 
[2026-04-03T01:55:55.344+0600][22.837s][info][gc,stats    ] Concurrent Marking                36567 us
[2026-04-03T01:55:55.344+0600][22.837s][info][gc,stats    ] Pause Final Mark (G)                652 us
[2026-04-03T01:55:55.344+0600][22.837s][info][gc,stats    ] Pause Final Mark (N)                479 us
[2026-04-03T01:55:55.344+0600][22.837s][info][gc,stats    ]   Finish Mark                       260 us
[2026-04-03T01:55:55.344+0600][22.837s][info][gc,stats    ]   Update Region States               41 us
[2026-04-03T01:55:55.344+0600][22.837s][info][gc,stats    ]   Choose Collection Set              73 us
[2026-04-03T01:55:55.344+0600][22.837s][info][gc,stats    ]   Rebuild Free Set                   19 us
[2026-04-03T01:55:55.344+0600][22.837s][info][gc,stats    ] Concurrent Weak References          582 us, parallelism: 0.83x
[2026-04-03T01:55:55.344+0600][22.837s][info][gc,stats    ]   CWRF: <total>                     481 us
[2026-04-03T01:55:55.344+0600][22.837s][info][gc,stats    ]   CWRF: Weak References             481 us, workers (us): 419,  61,   1, ---, ---, ---, 
[2026-04-03T01:55:55.344+0600][22.837s][info][gc,stats    ] Concurrent Weak Roots              1719 us
[2026-04-03T01:55:55.344+0600][22.837s][info][gc,stats    ]   Roots                            1481 us, parallelism: 2.35x
[2026-04-03T01:55:55.344+0600][22.837s][info][gc,stats    ]     CWR: <total>                   3485 us
[2026-04-03T01:55:55.344+0600][22.837s][info][gc,stats    ]     CWR: Code Cache Roots          2521 us, workers (us): 904, 858, 759, ---, ---, ---, 
[2026-04-03T01:55:55.344+0600][22.837s][info][gc,stats    ]     CWR: VM Weak Roots              888 us, workers (us): 319, 304, 265, ---, ---, ---, 
[2026-04-03T01:55:55.344+0600][22.837s][info][gc,stats    ]     CWR: CLDG Roots                  77 us, workers (us): ---, ---,  77, ---, ---, ---, 
[2026-04-03T01:55:55.344+0600][22.837s][info][gc,stats    ]   Rendezvous                        172 us
[2026-04-03T01:55:55.344+0600][22.837s][info][gc,stats    ] Concurrent Cleanup                  205 us
[2026-04-03T01:55:55.344+0600][22.837s][info][gc,stats    ] Concurrent Class Unloading         3456 us
[2026-04-03T01:55:55.344+0600][22.837s][info][gc,stats    ]   Unlink Stale                     3200 us
[2026-04-03T01:55:55.344+0600][22.837s][info][gc,stats    ]     System Dictionary                74 us
[2026-04-03T01:55:55.344+0600][22.837s][info][gc,stats    ]     Weak Class Links                  0 us
[2026-04-03T01:55:55.344+0600][22.837s][info][gc,stats    ]     Code Roots                     3124 us
[2026-04-03T01:55:55.344+0600][22.837s][info][gc,stats    ]   Rendezvous                        174 us
[2026-04-03T01:55:55.344+0600][22.837s][info][gc,stats    ]   Purge Unlinked                      9 us
[2026-04-03T01:55:55.344+0600][22.837s][info][gc,stats    ]     Code Roots                        3 us
[2026-04-03T01:55:55.344+0600][22.837s][info][gc,stats    ]     CLDG                              6 us
[2026-04-03T01:55:55.344+0600][22.837s][info][gc,stats    ]     Exception Caches                  0 us
[2026-04-03T01:55:55.344+0600][22.837s][info][gc,stats    ] Pause Final Roots (G)               289 us
[2026-04-03T01:55:55.344+0600][22.837s][info][gc,stats    ] Pause Final Roots (N)                39 us
[2026-04-03T01:55:55.344+0600][22.837s][info][gc,stats    ] Pacing                            17933 us
[2026-04-03T01:55:55.344+0600][22.837s][info][gc,stats    ] 
[2026-04-03T01:55:55.344+0600][22.837s][info][gc,stats    ] Allocation pacing accrued:
[2026-04-03T01:55:55.344+0600][22.837s][info][gc,stats    ]      18 of   185 ms (  9.7%): Executor task launch worker for task 1.0 in stage 7.0 (TID 12)
[2026-04-03T01:55:55.344+0600][22.837s][info][gc,stats    ]      18 of   185 ms (  9.7%): <total>
[2026-04-03T01:55:55.344+0600][22.837s][info][gc,stats    ]       0 of   185 ms (  0.1%): <average total>
[2026-04-03T01:55:55.344+0600][22.837s][info][gc,stats    ]      18 of   185 ms (  9.7%): <average non-zero>
[2026-04-03T01:55:55.344+0600][22.837s][info][gc,stats    ] 
[2026-04-03T01:55:55.344+0600][22.837s][info][gc,metaspace] Metaspace: 66753K(67584K)->66753K(67584K) NonClass: 58273K(58752K)->58273K(58752K) Class: 8480K(8832K)->8480K(8832K)
[2026-04-03T01:55:55.344+0600][22.837s][info][gc,ergo     ] Pacer for Idle. Initial: 10240K, Alloc Tax Rate: 1.0x
[2026-04-03T01:55:55.497+0600][22.990s][info][gc          ] Trigger: Average GC time (97.13 ms) is above the time for average allocation rate (990 MB/s) to deplete free headroom (97147K) (margin of error = 1.90)
[2026-04-03T01:55:55.497+0600][22.990s][info][gc,ergo     ] Free headroom: 119M (free) - 25600K (spike) - 0B (penalties) = 97147K
[2026-04-03T01:55:55.497+0600][22.990s][info][gc,ergo     ] Free: 119M, Max: 256K regular, 100M humongous, Frag: 16% external, 0% internal; Reserve: 25600K, Max: 256K
[2026-04-03T01:55:55.497+0600][22.990s][info][gc,start    ] GC(55) Concurrent reset
[2026-04-03T01:55:55.497+0600][22.990s][info][gc,task     ] GC(55) Using 3 of 6 workers for concurrent reset
[2026-04-03T01:55:55.497+0600][22.990s][info][gc,ergo     ] GC(55) Pacer for Reset. Non-Taxable: 500M
[2026-04-03T01:55:55.497+0600][22.990s][info][gc          ] GC(55) Concurrent reset 0.649ms
[2026-04-03T01:55:55.498+0600][22.991s][info][gc,start    ] GC(55) Pause Init Mark (unload classes)
[2026-04-03T01:55:55.498+0600][22.991s][info][gc,task     ] GC(55) Using 6 of 6 workers for init marking
[2026-04-03T01:55:55.498+0600][22.991s][info][gc,ergo     ] GC(55) Pacer for Mark. Expected Live: 126M, Free: 118M, Non-Taxable: 12146K, Alloc Tax Rate: 1.3x
[2026-04-03T01:55:55.498+0600][22.991s][info][gc          ] GC(55) Pause Init Mark (unload classes) 0.088ms
[2026-04-03T01:55:55.498+0600][22.991s][info][gc,start    ] GC(55) Concurrent marking roots
[2026-04-03T01:55:55.498+0600][22.991s][info][gc,task     ] GC(55) Using 3 of 6 workers for concurrent marking roots
[2026-04-03T01:55:55.498+0600][22.991s][info][gc          ] GC(55) Concurrent marking roots 0.517ms
[2026-04-03T01:55:55.498+0600][22.991s][info][gc,start    ] GC(55) Concurrent marking (unload classes)
[2026-04-03T01:55:55.498+0600][22.991s][info][gc,task     ] GC(55) Using 3 of 6 workers for concurrent marking
[2026-04-03T01:55:55.536+0600][23.029s][info][gc          ] GC(55) Concurrent marking (unload classes) 37.210ms
[2026-04-03T01:55:55.536+0600][23.029s][info][gc,start    ] GC(55) Pause Final Mark (unload classes)
[2026-04-03T01:55:55.536+0600][23.029s][info][gc,task     ] GC(55) Using 6 of 6 workers for final marking
[2026-04-03T01:55:55.536+0600][23.029s][info][gc,ergo     ] GC(55) Collectable Garbage: 244M (96%), Immediate: 244M (96%), CSet: 0B (0%)
[2026-04-03T01:55:55.536+0600][23.029s][info][gc          ] GC(55) Pause Final Mark (unload classes) 0.424ms
[2026-04-03T01:55:55.536+0600][23.029s][info][gc,start    ] GC(55) Concurrent weak references
[2026-04-03T01:55:55.536+0600][23.029s][info][gc,task     ] GC(55) Using 3 of 6 workers for concurrent weak references
[2026-04-03T01:55:55.537+0600][23.030s][info][gc,ref      ] GC(55) Encountered references: Soft: 3131, Weak: 5758, Final: 74, Phantom: 597
[2026-04-03T01:55:55.537+0600][23.030s][info][gc,ref      ] GC(55) Discovered  references: Soft: 0, Weak: 296, Final: 0, Phantom: 594
[2026-04-03T01:55:55.537+0600][23.030s][info][gc,ref      ] GC(55) Enqueued    references: Soft: 0, Weak: 0, Final: 0, Phantom: 0
[2026-04-03T01:55:55.537+0600][23.030s][info][gc          ] GC(55) Concurrent weak references 0.257ms
[2026-04-03T01:55:55.537+0600][23.030s][info][gc,start    ] GC(55) Concurrent weak roots
[2026-04-03T01:55:55.537+0600][23.030s][info][gc,task     ] GC(55) Using 3 of 6 workers for concurrent weak root
[2026-04-03T01:55:55.538+0600][23.031s][info][gc          ] GC(55) Concurrent weak roots 1.782ms
[2026-04-03T01:55:55.538+0600][23.031s][info][gc,start    ] GC(55) Concurrent cleanup
[2026-04-03T01:55:55.539+0600][23.032s][info][gc          ] GC(55) Concurrent cleanup 373M->129M(413M) 0.379ms
[2026-04-03T01:55:55.539+0600][23.032s][info][gc,ergo     ] GC(55) Free: 344M, Max: 256K regular, 89344K humongous, Frag: 75% external, 0% internal; Reserve: 25600K, Max: 256K
[2026-04-03T01:55:55.539+0600][23.032s][info][gc,start    ] GC(55) Concurrent class unloading
[2026-04-03T01:55:55.539+0600][23.032s][info][gc,task     ] GC(55) Using 3 of 6 workers for concurrent class unloading
[2026-04-03T01:55:55.543+0600][23.036s][info][gc          ] GC(55) Concurrent class unloading 3.783ms
[2026-04-03T01:55:55.543+0600][23.036s][info][gc,start    ] GC(55) Pause Final Roots
[2026-04-03T01:55:55.543+0600][23.036s][info][gc          ] GC(55) Pause Final Roots 0.042ms
[2026-04-03T01:55:55.543+0600][23.036s][info][gc,ergo     ] Free: 342M, Max: 256K regular, 89344K humongous, Frag: 75% external, 0% internal; Reserve: 25600K, Max: 256K
[2026-04-03T01:55:55.543+0600][23.036s][info][gc,stats    ] 
[2026-04-03T01:55:55.543+0600][23.036s][info][gc,stats    ] All times are wall-clock times, except per-root-class counters, that are sum over
[2026-04-03T01:55:55.543+0600][23.036s][info][gc,stats    ] all workers. Dividing the <total> over the root stage time estimates parallelism.
[2026-04-03T01:55:55.543+0600][23.036s][info][gc,stats    ] 
[2026-04-03T01:55:55.543+0600][23.036s][info][gc,stats    ] Concurrent Reset                    680 us
[2026-04-03T01:55:55.543+0600][23.036s][info][gc,stats    ] Pause Init Mark (G)                 465 us
[2026-04-03T01:55:55.543+0600][23.036s][info][gc,stats    ] Pause Init Mark (N)                  96 us
[2026-04-03T01:55:55.543+0600][23.036s][info][gc,stats    ]   Update Region States               16 us
[2026-04-03T01:55:55.543+0600][23.036s][info][gc,stats    ] Concurrent Mark Roots               531 us, parallelism: 1.47x
[2026-04-03T01:55:55.543+0600][23.036s][info][gc,stats    ]   CMR: <total>                      781 us
[2026-04-03T01:55:55.543+0600][23.036s][info][gc,stats    ]   CMR: Thread Roots                 649 us, workers (us): 183, 234, 232, ---, ---, ---, 
[2026-04-03T01:55:55.543+0600][23.036s][info][gc,stats    ]   CMR: VM Strong Roots               17 us, workers (us):  13,   2,   2, ---, ---, ---, 
[2026-04-03T01:55:55.543+0600][23.036s][info][gc,stats    ]   CMR: CLDG Roots                   114 us, workers (us): 114, ---, ---, ---, ---, ---, 
[2026-04-03T01:55:55.543+0600][23.036s][info][gc,stats    ] Concurrent Marking                37281 us
[2026-04-03T01:55:55.543+0600][23.036s][info][gc,stats    ] Pause Final Mark (G)                607 us
[2026-04-03T01:55:55.543+0600][23.036s][info][gc,stats    ] Pause Final Mark (N)                439 us
[2026-04-03T01:55:55.543+0600][23.036s][info][gc,stats    ]   Finish Mark                       247 us
[2026-04-03T01:55:55.543+0600][23.036s][info][gc,stats    ]   Update Region States               30 us
[2026-04-03T01:55:55.543+0600][23.036s][info][gc,stats    ]   Choose Collection Set              63 us
[2026-04-03T01:55:55.543+0600][23.036s][info][gc,stats    ]   Rebuild Free Set                   18 us
[2026-04-03T01:55:55.543+0600][23.036s][info][gc,stats    ] Concurrent Weak References          285 us, parallelism: 0.24x
[2026-04-03T01:55:55.543+0600][23.036s][info][gc,stats    ]   CWRF: <total>                      69 us
[2026-04-03T01:55:55.543+0600][23.036s][info][gc,stats    ]   CWRF: Weak References              69 us, workers (us):  18,  19,  32, ---, ---, ---, 
[2026-04-03T01:55:55.543+0600][23.036s][info][gc,stats    ] Concurrent Weak Roots              1828 us
[2026-04-03T01:55:55.543+0600][23.036s][info][gc,stats    ]   Roots                            1554 us, parallelism: 2.53x
[2026-04-03T01:55:55.543+0600][23.036s][info][gc,stats    ]     CWR: <total>                   3935 us
[2026-04-03T01:55:55.543+0600][23.036s][info][gc,stats    ]     CWR: Code Cache Roots          2957 us, workers (us): 975, 1000, 981, ---, ---, ---, 
[2026-04-03T01:55:55.543+0600][23.036s][info][gc,stats    ]     CWR: VM Weak Roots              928 us, workers (us): 340, 297, 291, ---, ---, ---, 
[2026-04-03T01:55:55.543+0600][23.036s][info][gc,stats    ]     CWR: CLDG Roots                  50 us, workers (us):  50, ---, ---, ---, ---, ---, 
[2026-04-03T01:55:55.543+0600][23.036s][info][gc,stats    ]   Rendezvous                        212 us
[2026-04-03T01:55:55.543+0600][23.036s][info][gc,stats    ] Concurrent Cleanup                  390 us
[2026-04-03T01:55:55.543+0600][23.036s][info][gc,stats    ] Concurrent Class Unloading         3825 us
[2026-04-03T01:55:55.543+0600][23.036s][info][gc,stats    ]   Unlink Stale                     3522 us
[2026-04-03T01:55:55.543+0600][23.036s][info][gc,stats    ]     System Dictionary                51 us
[2026-04-03T01:55:55.543+0600][23.036s][info][gc,stats    ]     Weak Class Links                  0 us
[2026-04-03T01:55:55.543+0600][23.036s][info][gc,stats    ]     Code Roots                     3468 us
[2026-04-03T01:55:55.543+0600][23.036s][info][gc,stats    ]   Rendezvous                        238 us
[2026-04-03T01:55:55.543+0600][23.036s][info][gc,stats    ]   Purge Unlinked                      6 us
[2026-04-03T01:55:55.543+0600][23.036s][info][gc,stats    ]     Code Roots                        3 us
[2026-04-03T01:55:55.543+0600][23.036s][info][gc,stats    ]     CLDG                              3 us
[2026-04-03T01:55:55.543+0600][23.036s][info][gc,stats    ]     Exception Caches                  0 us
[2026-04-03T01:55:55.543+0600][23.036s][info][gc,stats    ] Pause Final Roots (G)               263 us
[2026-04-03T01:55:55.543+0600][23.036s][info][gc,stats    ] Pause Final Roots (N)                63 us
[2026-04-03T01:55:55.543+0600][23.036s][info][gc,stats    ] Pacing                            18351 us
[2026-04-03T01:55:55.543+0600][23.036s][info][gc,stats    ] 
[2026-04-03T01:55:55.543+0600][23.036s][info][gc,stats    ] Allocation pacing accrued:
[2026-04-03T01:55:55.543+0600][23.036s][info][gc,stats    ]      18 of   199 ms (  9.2%): Executor task launch worker for task 1.0 in stage 7.0 (TID 12)
[2026-04-03T01:55:55.543+0600][23.036s][info][gc,stats    ]      18 of   199 ms (  9.2%): <total>
[2026-04-03T01:55:55.543+0600][23.036s][info][gc,stats    ]       0 of   199 ms (  0.1%): <average total>
[2026-04-03T01:55:55.543+0600][23.036s][info][gc,stats    ]      18 of   199 ms (  9.2%): <average non-zero>
[2026-04-03T01:55:55.543+0600][23.036s][info][gc,stats    ] 
[2026-04-03T01:55:55.543+0600][23.036s][info][gc,metaspace] Metaspace: 66753K(67584K)->66753K(67584K) NonClass: 58273K(58752K)->58273K(58752K) Class: 8480K(8832K)->8480K(8832K)
[2026-04-03T01:55:55.543+0600][23.036s][info][gc,ergo     ] Pacer for Idle. Initial: 10240K, Alloc Tax Rate: 1.0x
[2026-04-03T01:55:56.282+0600][23.775s][info][gc          ] Cancelling GC: Stopping VM
[2026-04-03T01:55:56.282+0600][23.775s][info][gc,heap,exit] Heap
[2026-04-03T01:55:56.282+0600][23.775s][info][gc,heap,exit] Shenandoah Heap
[2026-04-03T01:55:56.282+0600][23.775s][info][gc,heap,exit]  500M max, 500M soft max, 413M committed, 192M used
[2026-04-03T01:55:56.282+0600][23.775s][info][gc,heap,exit]  2000 x 256K regions
[2026-04-03T01:55:56.282+0600][23.775s][info][gc,heap,exit] Status: cancelled
[2026-04-03T01:55:56.282+0600][23.775s][info][gc,heap,exit] Reserved region:
[2026-04-03T01:55:56.282+0600][23.775s][info][gc,heap,exit]  - [0x00000000e0c00000, 0x0000000100000000) 
[2026-04-03T01:55:56.282+0600][23.775s][info][gc,heap,exit] Collection set:
[2026-04-03T01:55:56.282+0600][23.775s][info][gc,heap,exit]  - map (vanilla): 0x0000000000013830
[2026-04-03T01:55:56.282+0600][23.775s][info][gc,heap,exit]  - map (biased):  0x0000000000010000
[2026-04-03T01:55:56.282+0600][23.775s][info][gc,heap,exit] 
[2026-04-03T01:55:56.282+0600][23.775s][info][gc,heap,exit]  Metaspace       used 67283K, committed 68096K, reserved 1114112K
[2026-04-03T01:55:56.282+0600][23.775s][info][gc,heap,exit]   class space    used 8579K, committed 8960K, reserved 1048576K
[2026-04-03T01:55:56.282+0600][23.775s][info][gc,stats    ] 
[2026-04-03T01:55:56.282+0600][23.775s][info][gc,stats    ] GC STATISTICS:
[2026-04-03T01:55:56.282+0600][23.775s][info][gc,stats    ]   "(G)" (gross) pauses include VM time: time to notify and block threads, do the pre-
[2026-04-03T01:55:56.282+0600][23.775s][info][gc,stats    ]         and post-safepoint housekeeping. Use -Xlog:safepoint+stats to dissect.
[2026-04-03T01:55:56.282+0600][23.775s][info][gc,stats    ]   "(N)" (net) pauses are the times spent in the actual GC code.
[2026-04-03T01:55:56.282+0600][23.775s][info][gc,stats    ]   "a" is average time for each phase, look at levels to see if average makes sense.
[2026-04-03T01:55:56.282+0600][23.775s][info][gc,stats    ]   "lvls" are quantiles: 0% (minimum), 25%, 50% (median), 75%, 100% (maximum).
[2026-04-03T01:55:56.282+0600][23.775s][info][gc,stats    ] 
[2026-04-03T01:55:56.282+0600][23.775s][info][gc,stats    ]   All times are wall-clock times, except per-root-class counters, that are sum over
[2026-04-03T01:55:56.282+0600][23.775s][info][gc,stats    ]   all workers. Dividing the <total> over the root stage time estimates parallelism.
[2026-04-03T01:55:56.282+0600][23.775s][info][gc,stats    ] 
[2026-04-03T01:55:56.282+0600][23.775s][info][gc,stats    ]   Pacing delays are measured from entering the pacing code till exiting it. Therefore,
[2026-04-03T01:55:56.282+0600][23.775s][info][gc,stats    ]   observed pacing delays may be higher than the threshold when paced thread spent more
[2026-04-03T01:55:56.282+0600][23.775s][info][gc,stats    ]   time in the pacing code. It usually happens when thread is de-scheduled while paced,
[2026-04-03T01:55:56.282+0600][23.775s][info][gc,stats    ]   OS takes longer to unblock the thread, or JVM experiences an STW pause.
[2026-04-03T01:55:56.282+0600][23.775s][info][gc,stats    ] 
[2026-04-03T01:55:56.282+0600][23.775s][info][gc,stats    ]   Higher delay would prevent application outpacing the GC, but it will hide the GC latencies
[2026-04-03T01:55:56.282+0600][23.775s][info][gc,stats    ]   from the STW pause times. Pacing affects the individual threads, and so it would also be
[2026-04-03T01:55:56.282+0600][23.775s][info][gc,stats    ]   invisible to the usual profiling tools, but would add up to end-to-end application latency.
[2026-04-03T01:55:56.282+0600][23.775s][info][gc,stats    ]   Raise max pacing delay with care.
[2026-04-03T01:55:56.282+0600][23.775s][info][gc,stats    ] 
[2026-04-03T01:55:56.282+0600][23.775s][info][gc,stats    ] Concurrent Reset               =    0.069 s (a =     1231 us) (n =    56) (lvls, us =      367,      635,      820,      996,    23252)
[2026-04-03T01:55:56.282+0600][23.775s][info][gc,stats    ] Pause Init Mark (G)            =    0.023 s (a =      405 us) (n =    56) (lvls, us =      229,      340,      404,      441,      775)
[2026-04-03T01:55:56.282+0600][23.775s][info][gc,stats    ] Pause Init Mark (N)            =    0.007 s (a =      127 us) (n =    56) (lvls, us =       68,       96,      115,      133,      553)
[2026-04-03T01:55:56.282+0600][23.776s][info][gc,stats    ]   Update Region States         =    0.001 s (a =       21 us) (n =    56) (lvls, us =        9,       16,       19,       23,       51)
[2026-04-03T01:55:56.283+0600][23.776s][info][gc,stats    ] Concurrent Mark Roots          =    0.044 s (a =      794 us) (n =    56) (lvls, us =      445,      592,      709,      830,     2604)
[2026-04-03T01:55:56.283+0600][23.776s][info][gc,stats    ]   CMR: <total>                 =    0.065 s (a =     1155 us) (n =    56) (lvls, us =      527,      801,      967,     1309,     4124)
[2026-04-03T01:55:56.283+0600][23.776s][info][gc,stats    ]   CMR: Thread Roots            =    0.051 s (a =      912 us) (n =    56) (lvls, us =      352,      605,      721,      996,     3891)
[2026-04-03T01:55:56.283+0600][23.776s][info][gc,stats    ]   CMR: VM Strong Roots         =    0.002 s (a =       34 us) (n =    56) (lvls, us =       15,       19,       26,       35,      164)
[2026-04-03T01:55:56.283+0600][23.776s][info][gc,stats    ]   CMR: CLDG Roots              =    0.012 s (a =      209 us) (n =    56) (lvls, us =       98,      166,      191,      240,      449)
[2026-04-03T01:55:56.283+0600][23.776s][info][gc,stats    ] Concurrent Marking             =    2.475 s (a =    44194 us) (n =    56) (lvls, us =     3555,    36523,    48438,    54883,    68117)
[2026-04-03T01:55:56.283+0600][23.776s][info][gc,stats    ] Pause Final Mark (G)           =    0.047 s (a =      836 us) (n =    56) (lvls, us =      523,      715,      809,      943,     1406)
[2026-04-03T01:55:56.283+0600][23.776s][info][gc,stats    ] Pause Final Mark (N)           =    0.034 s (a =      607 us) (n =    56) (lvls, us =      420,      500,      596,      707,     1020)
[2026-04-03T01:55:56.283+0600][23.776s][info][gc,stats    ]   Finish Mark                  =    0.014 s (a =      256 us) (n =    56) (lvls, us =      131,      209,      254,      311,      396)
[2026-04-03T01:55:56.283+0600][23.776s][info][gc,stats    ]   Update Region States         =    0.002 s (a =       37 us) (n =    56) (lvls, us =       17,       27,       31,       37,      169)
[2026-04-03T01:55:56.283+0600][23.776s][info][gc,stats    ]   Choose Collection Set        =    0.010 s (a =      178 us) (n =    56) (lvls, us =       32,       74,      189,      229,      466)
[2026-04-03T01:55:56.283+0600][23.776s][info][gc,stats    ]   Rebuild Free Set             =    0.001 s (a =       24 us) (n =    56) (lvls, us =       16,       20,       23,       26,       41)
[2026-04-03T01:55:56.283+0600][23.776s][info][gc,stats    ] Concurrent Thread Roots        =    0.023 s (a =      580 us) (n =    40) (lvls, us =      244,      486,      582,      643,      983)
[2026-04-03T01:55:56.283+0600][23.776s][info][gc,stats    ]   CTR: <total>                 =    0.037 s (a =      922 us) (n =    40) (lvls, us =      107,      729,      889,     1094,     2368)
[2026-04-03T01:55:56.283+0600][23.776s][info][gc,stats    ]   CTR: Thread Roots            =    0.037 s (a =      922 us) (n =    40) (lvls, us =      107,      729,      889,     1094,     2368)
[2026-04-03T01:55:56.283+0600][23.776s][info][gc,stats    ] Concurrent Weak References     =    0.024 s (a =      423 us) (n =    56) (lvls, us =      162,      283,      359,      441,     1414)
[2026-04-03T01:55:56.283+0600][23.776s][info][gc,stats    ]   CWRF: <total>                =    0.016 s (a =      279 us) (n =    56) (lvls, us =       64,      102,      162,      336,     1267)
[2026-04-03T01:55:56.283+0600][23.776s][info][gc,stats    ]   CWRF: Weak References        =    0.016 s (a =      279 us) (n =    56) (lvls, us =       64,      102,      162,      336,     1267)
[2026-04-03T01:55:56.283+0600][23.776s][info][gc,stats    ] Concurrent Weak Roots          =    0.096 s (a =     1712 us) (n =    56) (lvls, us =      814,     1484,     1660,     1816,     3131)
[2026-04-03T01:55:56.283+0600][23.776s][info][gc,stats    ]   Roots                        =    0.080 s (a =     1435 us) (n =    56) (lvls, us =      406,     1230,     1406,     1543,     2734)
[2026-04-03T01:55:56.283+0600][23.776s][info][gc,stats    ]     CWR: <total>               =    0.190 s (a =     3397 us) (n =    56) (lvls, us =      904,     2773,     3301,     3848,     6743)
[2026-04-03T01:55:56.283+0600][23.776s][info][gc,stats    ]     CWR: Code Cache Roots      =    0.118 s (a =     2105 us) (n =    56) (lvls, us =      359,     1719,     2109,     2441,     3611)
[2026-04-03T01:55:56.283+0600][23.776s][info][gc,stats    ]     CWR: VM Weak Roots         =    0.069 s (a =     1225 us) (n =    56) (lvls, us =      539,      900,     1074,     1367,     3023)
[2026-04-03T01:55:56.283+0600][23.776s][info][gc,stats    ]     CWR: CLDG Roots            =    0.004 s (a =       67 us) (n =    56) (lvls, us =        4,       41,       76,       95,      142)
[2026-04-03T01:55:56.283+0600][23.776s][info][gc,stats    ]   Rendezvous                   =    0.011 s (a =      200 us) (n =    56) (lvls, us =       63,      168,      189,      215,      601)
[2026-04-03T01:55:56.283+0600][23.776s][info][gc,stats    ] Concurrent Cleanup             =    0.015 s (a =      276 us) (n =    56) (lvls, us =      129,      176,      281,      357,      510)
[2026-04-03T01:55:56.283+0600][23.776s][info][gc,stats    ] Concurrent Class Unloading     =    0.281 s (a =     5020 us) (n =    56) (lvls, us =      994,     3203,     3516,     4512,    20647)
[2026-04-03T01:55:56.283+0600][23.776s][info][gc,stats    ]   Unlink Stale                 =    0.251 s (a =     4487 us) (n =    56) (lvls, us =      750,     2910,     3184,     4043,    18601)
[2026-04-03T01:55:56.283+0600][23.776s][info][gc,stats    ]     System Dictionary          =    0.005 s (a =       91 us) (n =    56) (lvls, us =        6,       49,       67,       95,      452)
[2026-04-03T01:55:56.283+0600][23.776s][info][gc,stats    ]     Weak Class Links           =    0.062 s (a =     1111 us) (n =    56) (lvls, us =        0,        0,        0,        0,    13637)
[2026-04-03T01:55:56.283+0600][23.776s][info][gc,stats    ]     Code Roots                 =    0.184 s (a =     3281 us) (n =    56) (lvls, us =      740,     2871,     3105,     3887,     5823)
[2026-04-03T01:55:56.283+0600][23.776s][info][gc,stats    ]   Rendezvous                   =    0.011 s (a =      205 us) (n =    56) (lvls, us =       36,      158,      193,      242,      434)
[2026-04-03T01:55:56.283+0600][23.776s][info][gc,stats    ]   Purge Unlinked               =    0.013 s (a =      237 us) (n =    56) (lvls, us =        6,        9,      123,      268,     1603)
[2026-04-03T01:55:56.283+0600][23.776s][info][gc,stats    ]     Code Roots                 =    0.011 s (a =      198 us) (n =    56) (lvls, us =        2,        3,      117,      250,     1540)
[2026-04-03T01:55:56.283+0600][23.776s][info][gc,stats    ]     CLDG                       =    0.002 s (a =       38 us) (n =    56) (lvls, us =        3,        5,        6,       11,      942)
[2026-04-03T01:55:56.283+0600][23.776s][info][gc,stats    ]     Exception Caches           =    0.000 s (a =        0 us) (n =    56) (lvls, us =        0,        0,        0,        0,        1)
[2026-04-03T01:55:56.283+0600][23.776s][info][gc,stats    ] Concurrent Strong Roots        =    0.030 s (a =      759 us) (n =    40) (lvls, us =      326,      551,      637,      895,     1579)
[2026-04-03T01:55:56.283+0600][23.776s][info][gc,stats    ]   CSR: <total>                 =    0.019 s (a =      479 us) (n =    40) (lvls, us =      186,      301,      359,      572,     1172)
[2026-04-03T01:55:56.283+0600][23.776s][info][gc,stats    ]   CSR: VM Strong Roots         =    0.001 s (a =       23 us) (n =    40) (lvls, us =        9,       16,       18,       28,       53)
[2026-04-03T01:55:56.283+0600][23.776s][info][gc,stats    ]   CSR: CLDG Roots              =    0.018 s (a =      456 us) (n =    40) (lvls, us =      174,      281,      342,      547,     1145)
[2026-04-03T01:55:56.283+0600][23.776s][info][gc,stats    ] Concurrent Evacuation          =    0.277 s (a =     6934 us) (n =    40) (lvls, us =      709,     2168,     5664,     9238,    19939)
[2026-04-03T01:55:56.283+0600][23.776s][info][gc,stats    ] Pause Final Roots (G)          =    0.004 s (a =      270 us) (n =    16) (lvls, us =       99,      217,      262,      318,      423)
[2026-04-03T01:55:56.283+0600][23.776s][info][gc,stats    ] Pause Final Roots (N)          =    0.001 s (a =       55 us) (n =    16) (lvls, us =       39,       43,       50,       63,       77)
[2026-04-03T01:55:56.283+0600][23.776s][info][gc,stats    ] Pause Init Update Refs (G)     =    0.014 s (a =      353 us) (n =    40) (lvls, us =      145,      262,      318,      406,     1335)
[2026-04-03T01:55:56.283+0600][23.776s][info][gc,stats    ] Pause Init Update Refs (N)     =    0.004 s (a =      111 us) (n =    40) (lvls, us =       55,       87,      111,      127,      203)
[2026-04-03T01:55:56.283+0600][23.776s][info][gc,stats    ]   Manage GCLABs                =    0.001 s (a =       16 us) (n =    40) (lvls, us =        4,       10,       13,       21,       38)
[2026-04-03T01:55:56.283+0600][23.776s][info][gc,stats    ] Concurrent Update Refs         =    1.564 s (a =    39110 us) (n =    40) (lvls, us =     1602,    23828,    43164,    51563,    68220)
[2026-04-03T01:55:56.283+0600][23.776s][info][gc,stats    ] Concurrent Update Thread Roots =    0.059 s (a =     1475 us) (n =    40) (lvls, us =      482,      639,      809,      912,    23220)
[2026-04-03T01:55:56.283+0600][23.776s][info][gc,stats    ] Pause Final Update Refs (G)    =    0.021 s (a =      536 us) (n =    40) (lvls, us =      199,      357,      428,      469,     4765)
[2026-04-03T01:55:56.283+0600][23.776s][info][gc,stats    ] Pause Final Update Refs (N)    =    0.007 s (a =      176 us) (n =    40) (lvls, us =      113,      139,      162,      197,      422)
[2026-04-03T01:55:56.283+0600][23.776s][info][gc,stats    ]   Update Region States         =    0.001 s (a =       37 us) (n =    40) (lvls, us =       21,       28,       34,       38,      134)
[2026-04-03T01:55:56.283+0600][23.776s][info][gc,stats    ]   Trash Collection Set         =    0.001 s (a =       13 us) (n =    40) (lvls, us =        5,        8,       12,       17,       27)
[2026-04-03T01:55:56.283+0600][23.776s][info][gc,stats    ]   Rebuild Free Set             =    0.001 s (a =       26 us) (n =    40) (lvls, us =       17,       23,       25,       29,       49)
[2026-04-03T01:55:56.283+0600][23.776s][info][gc,stats    ] Concurrent Cleanup             =    0.014 s (a =      342 us) (n =    40) (lvls, us =      150,      225,      346,      424,      584)
[2026-04-03T01:55:56.283+0600][23.776s][info][gc,stats    ] Concurrent Uncommit            =    0.226 s (a =    75435 us) (n =     3) (lvls, us =    49023,    49023,    49023,    85742,    91261)
[2026-04-03T01:55:56.283+0600][23.776s][info][gc,stats    ] Pacing                         =    1.851 s (a =    33058 us) (n =    56) (lvls, us =        0,        0,    17773,    67383,   116895)
[2026-04-03T01:55:56.283+0600][23.776s][info][gc,stats    ] 
[2026-04-03T01:55:56.283+0600][23.776s][info][gc,stats    ] 
[2026-04-03T01:55:56.283+0600][23.776s][info][gc,stats    ] Under allocation pressure, concurrent cycles may cancel, and either continue cycle
[2026-04-03T01:55:56.283+0600][23.776s][info][gc,stats    ] under stop-the-world pause or result in stop-the-world Full GC. Increase heap size,
[2026-04-03T01:55:56.283+0600][23.776s][info][gc,stats    ] tune GC heuristics, set more aggressive pacing delay, or lower allocation rate
[2026-04-03T01:55:56.283+0600][23.776s][info][gc,stats    ] to avoid Degenerated and Full GC cycles.
[2026-04-03T01:55:56.283+0600][23.776s][info][gc,stats    ] 
[2026-04-03T01:55:56.283+0600][23.776s][info][gc,stats    ]    56 successful concurrent GCs
[2026-04-03T01:55:56.283+0600][23.776s][info][gc,stats    ]       3 invoked explicitly
[2026-04-03T01:55:56.283+0600][23.776s][info][gc,stats    ]       0 invoked implicitly
[2026-04-03T01:55:56.283+0600][23.776s][info][gc,stats    ] 
[2026-04-03T01:55:56.283+0600][23.776s][info][gc,stats    ]     0 Degenerated GCs
[2026-04-03T01:55:56.283+0600][23.776s][info][gc,stats    ]       0 caused by allocation failure
[2026-04-03T01:55:56.283+0600][23.776s][info][gc,stats    ]       0 upgraded to Full GC
[2026-04-03T01:55:56.283+0600][23.776s][info][gc,stats    ] 
[2026-04-03T01:55:56.283+0600][23.776s][info][gc,stats    ]     0 Full GCs
[2026-04-03T01:55:56.283+0600][23.776s][info][gc,stats    ]       0 invoked explicitly
[2026-04-03T01:55:56.283+0600][23.776s][info][gc,stats    ]       0 invoked implicitly
[2026-04-03T01:55:56.283+0600][23.776s][info][gc,stats    ]       0 caused by allocation failure
[2026-04-03T01:55:56.283+0600][23.776s][info][gc,stats    ]       0 upgraded from Degenerated GC
[2026-04-03T01:55:56.283+0600][23.776s][info][gc,stats    ] 
[2026-04-03T01:55:56.283+0600][23.776s][info][gc,stats    ] 
