[2026-04-03T02:04:09.256+0600][0.006s][info][gc] Heuristics ergonomically sets -XX:+ExplicitGCInvokesConcurrent
[2026-04-03T02:04:09.256+0600][0.006s][info][gc] Heuristics ergonomically sets -XX:+ShenandoahImplicitGCInvokesConcurrent
[2026-04-03T02:04:09.257+0600][0.006s][info][gc] Using Shenandoah
[2026-04-03T02:04:09.258+0600][0.007s][info][gc,ergo] Pacer for Idle. Initial: 40960K, Alloc Tax Rate: 1.0x
[2026-04-03T02:04:09.258+0600][0.008s][info][gc,init] Version: 21.0.10+7-Ubuntu-124.04 (release)
[2026-04-03T02:04:09.258+0600][0.008s][info][gc,init] CPUs: 12 total, 12 available
[2026-04-03T02:04:09.258+0600][0.008s][info][gc,init] Memory: 15683M
[2026-04-03T02:04:09.258+0600][0.008s][info][gc,init] Large Page Support: Disabled
[2026-04-03T02:04:09.258+0600][0.008s][info][gc,init] NUMA Support: Disabled
[2026-04-03T02:04:09.258+0600][0.008s][info][gc,init] Compressed Oops: Enabled (32-bit)
[2026-04-03T02:04:09.258+0600][0.008s][info][gc,init] Heap Min Capacity: 6656K
[2026-04-03T02:04:09.258+0600][0.008s][info][gc,init] Heap Initial Capacity: 251392K
[2026-04-03T02:04:09.258+0600][0.008s][info][gc,init] Heap Max Capacity: 2000M
[2026-04-03T02:04:09.258+0600][0.008s][info][gc,init] Pre-touch: Disabled
[2026-04-03T02:04:09.258+0600][0.008s][info][gc,init] Mode: Snapshot-At-The-Beginning (SATB)
[2026-04-03T02:04:09.258+0600][0.008s][info][gc,init] Heuristics: Adaptive
[2026-04-03T02:04:09.258+0600][0.008s][info][gc,init] Heap Region Count: 4000
[2026-04-03T02:04:09.258+0600][0.008s][info][gc,init] Heap Region Size: 512K
[2026-04-03T02:04:09.258+0600][0.008s][info][gc,init] TLAB Size Max: 512K
[2026-04-03T02:04:09.258+0600][0.008s][info][gc,init] Humongous Object Threshold: 512K
[2026-04-03T02:04:09.258+0600][0.008s][info][gc,init] Parallel Workers: 6
[2026-04-03T02:04:09.258+0600][0.008s][info][gc,init] Concurrent Workers: 3
[2026-04-03T02:04:09.269+0600][0.018s][info][gc,metaspace] CDS archive(s) mapped at: [0x000074b96f000000-0x000074b96fc9c000-0x000074b96fc9c000), size 13221888, SharedBaseAddress: 0x000074b96f000000, ArchiveRelocationMode: 1.
[2026-04-03T02:04:09.269+0600][0.018s][info][gc,metaspace] Compressed class space mapped at: 0x000074b970000000-0x000074b9b0000000, reserved size: 1073741824
[2026-04-03T02:04:09.269+0600][0.019s][info][gc,metaspace] Narrow klass base: 0x000074b96f000000, Narrow klass shift: 0, Narrow klass range: 0x100000000
[2026-04-03T02:04:13.367+0600][4.117s][info][gc          ] Trigger: Metadata GC Threshold
[2026-04-03T02:04:13.368+0600][4.117s][info][gc,ergo     ] Free: 1533M, Max: 512K regular, 1533M humongous, Frag: 0% external, 0% internal; Reserve: 100M, Max: 512K
[2026-04-03T02:04:13.368+0600][4.117s][info][gc,start    ] GC(0) Concurrent reset
[2026-04-03T02:04:13.368+0600][4.118s][info][gc,task     ] GC(0) Using 3 of 6 workers for concurrent reset
[2026-04-03T02:04:13.368+0600][4.118s][info][gc,ergo     ] GC(0) Pacer for Reset. Non-Taxable: 2000M
[2026-04-03T02:04:13.368+0600][4.118s][info][gc          ] GC(0) Concurrent reset 0.849ms
[2026-04-03T02:04:13.369+0600][4.118s][info][gc,start    ] GC(0) Pause Init Mark (unload classes)
[2026-04-03T02:04:13.369+0600][4.119s][info][gc,task     ] GC(0) Using 6 of 6 workers for init marking
[2026-04-03T02:04:13.369+0600][4.119s][info][gc,ergo     ] GC(0) Pacer for Mark. Expected Live: 200M, Free: 1533M, Non-Taxable: 153M, Alloc Tax Rate: 0.2x
[2026-04-03T02:04:13.369+0600][4.119s][info][gc          ] GC(0) Pause Init Mark (unload classes) 0.676ms
[2026-04-03T02:04:13.369+0600][4.119s][info][gc,start    ] GC(0) Concurrent marking roots
[2026-04-03T02:04:13.369+0600][4.119s][info][gc,task     ] GC(0) Using 3 of 6 workers for concurrent marking roots
[2026-04-03T02:04:13.372+0600][4.122s][info][gc          ] GC(0) Concurrent marking roots 2.773ms
[2026-04-03T02:04:13.372+0600][4.122s][info][gc,start    ] GC(0) Concurrent marking (unload classes)
[2026-04-03T02:04:13.372+0600][4.122s][info][gc,task     ] GC(0) Using 3 of 6 workers for concurrent marking
[2026-04-03T02:04:13.383+0600][4.132s][info][gc          ] GC(0) Concurrent marking (unload classes) 10.355ms
[2026-04-03T02:04:13.383+0600][4.133s][info][gc,start    ] GC(0) Pause Final Mark (unload classes)
[2026-04-03T02:04:13.383+0600][4.133s][info][gc,task     ] GC(0) Using 6 of 6 workers for final marking
[2026-04-03T02:04:13.383+0600][4.133s][info][gc,ergo     ] GC(0) Adaptive CSet Selection. Target Free: 283M, Actual Free: 1633M, Max CSet: 85333K, Min Garbage: 0B
[2026-04-03T02:04:13.384+0600][4.133s][info][gc,ergo     ] GC(0) Collectable Garbage: 346M (99%), Immediate: 0B (0%), CSet: 346M (99%)
[2026-04-03T02:04:13.384+0600][4.133s][info][gc,ergo     ] GC(0) Pacer for Evacuation. Used CSet: 358M, Free: 1533M, Non-Taxable: 153M, Alloc Tax Rate: 1.1x
[2026-04-03T02:04:13.384+0600][4.133s][info][gc          ] GC(0) Pause Final Mark (unload classes) 0.796ms
[2026-04-03T02:04:13.384+0600][4.133s][info][gc,start    ] GC(0) Concurrent thread roots
[2026-04-03T02:04:13.384+0600][4.133s][info][gc,task     ] GC(0) Using 3 of 6 workers for Concurrent thread roots
[2026-04-03T02:04:13.385+0600][4.135s][info][gc          ] GC(0) Concurrent thread roots 1.164ms
[2026-04-03T02:04:13.385+0600][4.135s][info][gc,start    ] GC(0) Concurrent weak references
[2026-04-03T02:04:13.385+0600][4.135s][info][gc,task     ] GC(0) Using 3 of 6 workers for concurrent weak references
[2026-04-03T02:04:13.385+0600][4.135s][info][gc,ref      ] GC(0) Encountered references: Soft: 3498, Weak: 1455, Final: 0, Phantom: 563
[2026-04-03T02:04:13.385+0600][4.135s][info][gc,ref      ] GC(0) Discovered  references: Soft: 0, Weak: 1040, Final: 0, Phantom: 189
[2026-04-03T02:04:13.385+0600][4.135s][info][gc,ref      ] GC(0) Enqueued    references: Soft: 0, Weak: 452, Final: 0, Phantom: 0
[2026-04-03T02:04:13.385+0600][4.135s][info][gc          ] GC(0) Concurrent weak references 0.579ms
[2026-04-03T02:04:13.385+0600][4.135s][info][gc,start    ] GC(0) Concurrent weak roots
[2026-04-03T02:04:13.385+0600][4.135s][info][gc,task     ] GC(0) Using 3 of 6 workers for concurrent weak root
[2026-04-03T02:04:13.387+0600][4.136s][info][gc          ] GC(0) Concurrent weak roots 1.098ms
[2026-04-03T02:04:13.387+0600][4.136s][info][gc,start    ] GC(0) Concurrent cleanup
[2026-04-03T02:04:13.387+0600][4.137s][info][gc          ] GC(0) Concurrent cleanup 365M->365M(367M) 0.607ms
[2026-04-03T02:04:13.387+0600][4.137s][info][gc,ergo     ] GC(0) Free: 1533M, Max: 512K regular, 1533M humongous, Frag: 0% external, 0% internal; Reserve: 101885K, Max: 512K
[2026-04-03T02:04:13.387+0600][4.137s][info][gc,start    ] GC(0) Concurrent class unloading
[2026-04-03T02:04:13.387+0600][4.137s][info][gc,task     ] GC(0) Using 3 of 6 workers for concurrent class unloading
[2026-04-03T02:04:13.390+0600][4.140s][info][gc          ] GC(0) Concurrent class unloading 2.739ms
[2026-04-03T02:04:13.390+0600][4.140s][info][gc,start    ] GC(0) Concurrent strong roots
[2026-04-03T02:04:13.390+0600][4.140s][info][gc,task     ] GC(0) Using 3 of 6 workers for concurrent strong root
[2026-04-03T02:04:13.391+0600][4.141s][info][gc          ] GC(0) Concurrent strong roots 1.330ms
[2026-04-03T02:04:13.391+0600][4.141s][info][gc,start    ] GC(0) Concurrent evacuation
[2026-04-03T02:04:13.391+0600][4.141s][info][gc,task     ] GC(0) Using 3 of 6 workers for concurrent evacuation
[2026-04-03T02:04:13.401+0600][4.150s][info][gc          ] GC(0) Concurrent evacuation 9.076ms
[2026-04-03T02:04:13.401+0600][4.151s][info][gc,start    ] GC(0) Pause Init Update Refs
[2026-04-03T02:04:13.401+0600][4.151s][info][gc,ergo     ] GC(0) Pacer for Update Refs. Used: 379M, Free: 1532M, Non-Taxable: 153M, Alloc Tax Rate: 1.1x
[2026-04-03T02:04:13.401+0600][4.151s][info][gc          ] GC(0) Pause Init Update Refs 0.060ms
[2026-04-03T02:04:13.401+0600][4.151s][info][gc,start    ] GC(0) Concurrent update references
[2026-04-03T02:04:13.401+0600][4.151s][info][gc,task     ] GC(0) Using 3 of 6 workers for concurrent reference update
[2026-04-03T02:04:13.407+0600][4.156s][info][gc          ] GC(0) Concurrent update references 5.666ms
[2026-04-03T02:04:13.407+0600][4.156s][info][gc,start    ] GC(0) Concurrent update thread roots
[2026-04-03T02:04:13.407+0600][4.157s][info][gc          ] GC(0) Concurrent update thread roots 0.759ms
[2026-04-03T02:04:13.408+0600][4.157s][info][gc,start    ] GC(0) Pause Final Update Refs
[2026-04-03T02:04:13.408+0600][4.158s][info][gc,task     ] GC(0) Using 6 of 6 workers for final reference update
[2026-04-03T02:04:13.408+0600][4.158s][info][gc          ] GC(0) Pause Final Update Refs 0.182ms
[2026-04-03T02:04:13.408+0600][4.158s][info][gc,start    ] GC(0) Concurrent cleanup
[2026-04-03T02:04:13.409+0600][4.159s][info][gc          ] GC(0) Concurrent cleanup 379M->21M(381M) 0.806ms
[2026-04-03T02:04:13.409+0600][4.159s][info][gc,ergo     ] Free: 1876M, Max: 512K regular, 1518M humongous, Frag: 20% external, 0% internal; Reserve: 100M, Max: 512K
[2026-04-03T02:04:13.409+0600][4.159s][info][gc,stats    ] 
[2026-04-03T02:04:13.409+0600][4.159s][info][gc,stats    ] All times are wall-clock times, except per-root-class counters, that are sum over
[2026-04-03T02:04:13.409+0600][4.159s][info][gc,stats    ] all workers. Dividing the <total> over the root stage time estimates parallelism.
[2026-04-03T02:04:13.409+0600][4.159s][info][gc,stats    ] 
[2026-04-03T02:04:13.409+0600][4.159s][info][gc,stats    ] Concurrent Reset                    872 us
[2026-04-03T02:04:13.409+0600][4.159s][info][gc,stats    ] Pause Init Mark (G)                 921 us
[2026-04-03T02:04:13.409+0600][4.159s][info][gc,stats    ] Pause Init Mark (N)                 690 us
[2026-04-03T02:04:13.409+0600][4.159s][info][gc,stats    ]   Update Region States               40 us
[2026-04-03T02:04:13.409+0600][4.159s][info][gc,stats    ] Concurrent Mark Roots              2813 us, parallelism: 1.40x
[2026-04-03T02:04:13.409+0600][4.159s][info][gc,stats    ]   CMR: <total>                     3927 us
[2026-04-03T02:04:13.409+0600][4.159s][info][gc,stats    ]   CMR: Thread Roots                2695 us, workers (us): 2376, 318,   0, ---, ---, ---, 
[2026-04-03T02:04:13.409+0600][4.159s][info][gc,stats    ]   CMR: VM Strong Roots              404 us, workers (us): 189, 212,   3, ---, ---, ---, 
[2026-04-03T02:04:13.409+0600][4.159s][info][gc,stats    ]   CMR: CLDG Roots                   828 us, workers (us): ---, ---, 828, ---, ---, ---, 
[2026-04-03T02:04:13.409+0600][4.159s][info][gc,stats    ] Concurrent Marking                10454 us
[2026-04-03T02:04:13.409+0600][4.159s][info][gc,stats    ] Pause Final Mark (G)               1007 us
[2026-04-03T02:04:13.409+0600][4.159s][info][gc,stats    ] Pause Final Mark (N)                810 us
[2026-04-03T02:04:13.409+0600][4.159s][info][gc,stats    ]   Finish Mark                       295 us
[2026-04-03T02:04:13.409+0600][4.159s][info][gc,stats    ]   Update Region States               49 us
[2026-04-03T02:04:13.409+0600][4.159s][info][gc,stats    ]   Choose Collection Set             338 us
[2026-04-03T02:04:13.409+0600][4.159s][info][gc,stats    ]   Rebuild Free Set                   33 us
[2026-04-03T02:04:13.409+0600][4.159s][info][gc,stats    ] Concurrent Thread Roots            1199 us, parallelism: 0.92x
[2026-04-03T02:04:13.409+0600][4.159s][info][gc,stats    ]   CTR: <total>                     1107 us
[2026-04-03T02:04:13.409+0600][4.159s][info][gc,stats    ]   CTR: Thread Roots                1107 us, workers (us): 1001,  94,  11, ---, ---, ---, 
[2026-04-03T02:04:13.409+0600][4.159s][info][gc,stats    ] Concurrent Weak References          592 us, parallelism: 0.86x
[2026-04-03T02:04:13.409+0600][4.159s][info][gc,stats    ]   CWRF: <total>                     509 us
[2026-04-03T02:04:13.409+0600][4.159s][info][gc,stats    ]   CWRF: Weak References             509 us, workers (us): 398, 110,   2, ---, ---, ---, 
[2026-04-03T02:04:13.409+0600][4.159s][info][gc,stats    ] Concurrent Weak Roots              1163 us
[2026-04-03T02:04:13.409+0600][4.159s][info][gc,stats    ]   Roots                            1002 us, parallelism: 2.56x
[2026-04-03T02:04:13.409+0600][4.159s][info][gc,stats    ]     CWR: <total>                   2562 us
[2026-04-03T02:04:13.409+0600][4.159s][info][gc,stats    ]     CWR: Code Cache Roots           858 us, workers (us): 273, 296, 289, ---, ---, ---, 
[2026-04-03T02:04:13.409+0600][4.159s][info][gc,stats    ]     CWR: VM Weak Roots             1689 us, workers (us): 597, 610, 482, ---, ---, ---, 
[2026-04-03T02:04:13.409+0600][4.159s][info][gc,stats    ]     CWR: CLDG Roots                  14 us, workers (us): ---, ---,  14, ---, ---, ---, 
[2026-04-03T02:04:13.409+0600][4.159s][info][gc,stats    ]   Rendezvous                         70 us
[2026-04-03T02:04:13.409+0600][4.159s][info][gc,stats    ] Concurrent Cleanup                  670 us
[2026-04-03T02:04:13.409+0600][4.159s][info][gc,stats    ] Concurrent Class Unloading         2786 us
[2026-04-03T02:04:13.409+0600][4.159s][info][gc,stats    ]   Unlink Stale                     1605 us
[2026-04-03T02:04:13.409+0600][4.159s][info][gc,stats    ]     System Dictionary                29 us
[2026-04-03T02:04:13.409+0600][4.159s][info][gc,stats    ]     Weak Class Links                  0 us
[2026-04-03T02:04:13.409+0600][4.159s][info][gc,stats    ]     Code Roots                     1573 us
[2026-04-03T02:04:13.409+0600][4.159s][info][gc,stats    ]   Rendezvous                        313 us
[2026-04-03T02:04:13.409+0600][4.159s][info][gc,stats    ]   Purge Unlinked                    799 us
[2026-04-03T02:04:13.409+0600][4.159s][info][gc,stats    ]     Code Roots                      787 us
[2026-04-03T02:04:13.409+0600][4.159s][info][gc,stats    ]     CLDG                             11 us
[2026-04-03T02:04:13.409+0600][4.159s][info][gc,stats    ]     Exception Caches                  0 us
[2026-04-03T02:04:13.409+0600][4.159s][info][gc,stats    ] Concurrent Strong Roots            1347 us, parallelism: 0.89x
[2026-04-03T02:04:13.409+0600][4.159s][info][gc,stats    ]   CSR: <total>                     1204 us
[2026-04-03T02:04:13.409+0600][4.159s][info][gc,stats    ]   CSR: VM Strong Roots               21 us, workers (us):   8,   8,   5, ---, ---, ---, 
[2026-04-03T02:04:13.409+0600][4.159s][info][gc,stats    ]   CSR: CLDG Roots                  1183 us, workers (us): ---, ---, 1183, ---, ---, ---, 
[2026-04-03T02:04:13.409+0600][4.159s][info][gc,stats    ] Concurrent Evacuation              9133 us
[2026-04-03T02:04:13.409+0600][4.159s][info][gc,stats    ] Pause Init Update Refs (G)          267 us
[2026-04-03T02:04:13.409+0600][4.159s][info][gc,stats    ] Pause Init Update Refs (N)           69 us
[2026-04-03T02:04:13.409+0600][4.159s][info][gc,stats    ]   Manage GCLABs                       5 us
[2026-04-03T02:04:13.409+0600][4.159s][info][gc,stats    ] Concurrent Update Refs             5746 us
[2026-04-03T02:04:13.409+0600][4.159s][info][gc,stats    ] Concurrent Update Thread Roots      810 us
[2026-04-03T02:04:13.409+0600][4.159s][info][gc,stats    ] Pause Final Update Refs (G)         519 us
[2026-04-03T02:04:13.409+0600][4.159s][info][gc,stats    ] Pause Final Update Refs (N)         193 us
[2026-04-03T02:04:13.409+0600][4.159s][info][gc,stats    ]   Update Region States               55 us
[2026-04-03T02:04:13.409+0600][4.159s][info][gc,stats    ]   Trash Collection Set               14 us
[2026-04-03T02:04:13.409+0600][4.159s][info][gc,stats    ]   Rebuild Free Set                   39 us
[2026-04-03T02:04:13.409+0600][4.159s][info][gc,stats    ] Concurrent Cleanup                  828 us
[2026-04-03T02:04:13.409+0600][4.159s][info][gc,stats    ] 
[2026-04-03T02:04:13.409+0600][4.159s][info][gc,stats    ] Allocation pacing accrued:
[2026-04-03T02:04:13.409+0600][4.159s][info][gc,stats    ]       0 of  4152 ms (  0.0%): <total>
[2026-04-03T02:04:13.409+0600][4.159s][info][gc,stats    ]       0 of  4152 ms (  0.0%): <average total>
[2026-04-03T02:04:13.409+0600][4.159s][info][gc,stats    ] 
[2026-04-03T02:04:13.409+0600][4.159s][info][gc,metaspace] Metaspace: 21296K(21568K)->21435K(21760K) NonClass: 18659K(18816K)->18767K(18944K) Class: 2637K(2752K)->2668K(2816K)
[2026-04-03T02:04:13.409+0600][4.159s][info][gc,ergo     ] Pacer for Idle. Initial: 40960K, Alloc Tax Rate: 1.0x
[2026-04-03T02:04:16.217+0600][6.967s][info][gc          ] Trigger: Metadata GC Threshold
[2026-04-03T02:04:16.217+0600][6.967s][info][gc,ergo     ] Free: 1753M, Max: 512K regular, 1518M humongous, Frag: 14% external, 0% internal; Reserve: 100M, Max: 512K
[2026-04-03T02:04:16.217+0600][6.967s][info][gc,start    ] GC(1) Concurrent reset
[2026-04-03T02:04:16.217+0600][6.967s][info][gc,task     ] GC(1) Using 3 of 6 workers for concurrent reset
[2026-04-03T02:04:16.217+0600][6.967s][info][gc,ergo     ] GC(1) Pacer for Reset. Non-Taxable: 2000M
[2026-04-03T02:04:16.225+0600][6.975s][info][gc          ] GC(1) Concurrent reset 8.256ms
[2026-04-03T02:04:16.226+0600][6.976s][info][gc,start    ] GC(1) Pause Init Mark (unload classes)
[2026-04-03T02:04:16.226+0600][6.976s][info][gc,task     ] GC(1) Using 6 of 6 workers for init marking
[2026-04-03T02:04:16.226+0600][6.976s][info][gc,ergo     ] GC(1) Pacer for Mark. Expected Live: 18337K, Free: 1753M, Non-Taxable: 175M, Alloc Tax Rate: 0.0x
[2026-04-03T02:04:16.226+0600][6.976s][info][gc          ] GC(1) Pause Init Mark (unload classes) 0.104ms
[2026-04-03T02:04:16.226+0600][6.976s][info][gc,start    ] GC(1) Concurrent marking roots
[2026-04-03T02:04:16.226+0600][6.976s][info][gc,task     ] GC(1) Using 3 of 6 workers for concurrent marking roots
[2026-04-03T02:04:16.227+0600][6.977s][info][gc          ] GC(1) Concurrent marking roots 1.179ms
[2026-04-03T02:04:16.227+0600][6.977s][info][gc,start    ] GC(1) Concurrent marking (unload classes)
[2026-04-03T02:04:16.227+0600][6.977s][info][gc,task     ] GC(1) Using 3 of 6 workers for concurrent marking
[2026-04-03T02:04:16.238+0600][6.988s][info][gc          ] GC(1) Concurrent marking (unload classes) 10.831ms
[2026-04-03T02:04:16.238+0600][6.988s][info][gc,start    ] GC(1) Pause Final Mark (unload classes)
[2026-04-03T02:04:16.238+0600][6.988s][info][gc,task     ] GC(1) Using 6 of 6 workers for final marking
[2026-04-03T02:04:16.239+0600][6.989s][info][gc,ergo     ] GC(1) Adaptive CSet Selection. Target Free: 283M, Actual Free: 1863M, Max CSet: 85333K, Min Garbage: 0B
[2026-04-03T02:04:16.239+0600][6.989s][info][gc,ergo     ] GC(1) Collectable Garbage: 117M (99%), Immediate: 11148K (9%), CSet: 106M (89%)
[2026-04-03T02:04:16.239+0600][6.989s][info][gc,ergo     ] GC(1) Pacer for Evacuation. Used CSet: 112M, Free: 1768M, Non-Taxable: 176M, Alloc Tax Rate: 1.1x
[2026-04-03T02:04:16.239+0600][6.989s][info][gc          ] GC(1) Pause Final Mark (unload classes) 0.668ms
[2026-04-03T02:04:16.239+0600][6.989s][info][gc,start    ] GC(1) Concurrent thread roots
[2026-04-03T02:04:16.239+0600][6.989s][info][gc,task     ] GC(1) Using 3 of 6 workers for Concurrent thread roots
[2026-04-03T02:04:16.240+0600][6.989s][info][gc          ] GC(1) Concurrent thread roots 0.444ms
[2026-04-03T02:04:16.240+0600][6.989s][info][gc,start    ] GC(1) Concurrent weak references
[2026-04-03T02:04:16.240+0600][6.989s][info][gc,task     ] GC(1) Using 3 of 6 workers for concurrent weak references
[2026-04-03T02:04:16.240+0600][6.990s][info][gc,ref      ] GC(1) Encountered references: Soft: 3854, Weak: 2526, Final: 80, Phantom: 569
[2026-04-03T02:04:16.240+0600][6.990s][info][gc,ref      ] GC(1) Discovered  references: Soft: 0, Weak: 841, Final: 1, Phantom: 248
[2026-04-03T02:04:16.240+0600][6.990s][info][gc,ref      ] GC(1) Enqueued    references: Soft: 0, Weak: 479, Final: 0, Phantom: 1
[2026-04-03T02:04:16.240+0600][6.990s][info][gc          ] GC(1) Concurrent weak references 0.603ms
[2026-04-03T02:04:16.240+0600][6.990s][info][gc,start    ] GC(1) Concurrent weak roots
[2026-04-03T02:04:16.240+0600][6.990s][info][gc,task     ] GC(1) Using 3 of 6 workers for concurrent weak root
[2026-04-03T02:04:16.242+0600][6.992s][info][gc          ] GC(1) Concurrent weak roots 1.803ms
[2026-04-03T02:04:16.242+0600][6.992s][info][gc,start    ] GC(1) Concurrent cleanup
[2026-04-03T02:04:16.242+0600][6.992s][info][gc          ] GC(1) Concurrent cleanup 141M->131M(382M) 0.237ms
[2026-04-03T02:04:16.242+0600][6.992s][info][gc,ergo     ] GC(1) Free: 1767M, Max: 512K regular, 1518M humongous, Frag: 15% external, 0% internal; Reserve: 101563K, Max: 512K
[2026-04-03T02:04:16.242+0600][6.992s][info][gc,start    ] GC(1) Concurrent class unloading
[2026-04-03T02:04:16.242+0600][6.992s][info][gc,task     ] GC(1) Using 3 of 6 workers for concurrent class unloading
[2026-04-03T02:04:16.246+0600][6.996s][info][gc          ] GC(1) Concurrent class unloading 3.778ms
[2026-04-03T02:04:16.246+0600][6.996s][info][gc,start    ] GC(1) Concurrent strong roots
[2026-04-03T02:04:16.246+0600][6.996s][info][gc,task     ] GC(1) Using 3 of 6 workers for concurrent strong root
[2026-04-03T02:04:16.247+0600][6.997s][info][gc          ] GC(1) Concurrent strong roots 0.543ms
[2026-04-03T02:04:16.247+0600][6.997s][info][gc,start    ] GC(1) Concurrent evacuation
[2026-04-03T02:04:16.247+0600][6.997s][info][gc,task     ] GC(1) Using 3 of 6 workers for concurrent evacuation
[2026-04-03T02:04:16.253+0600][7.002s][info][gc          ] GC(1) Concurrent evacuation 5.684ms
[2026-04-03T02:04:16.253+0600][7.003s][info][gc,start    ] GC(1) Pause Init Update Refs
[2026-04-03T02:04:16.253+0600][7.003s][info][gc,ergo     ] GC(1) Pacer for Update Refs. Used: 138M, Free: 1766M, Non-Taxable: 176M, Alloc Tax Rate: 1.1x
[2026-04-03T02:04:16.253+0600][7.003s][info][gc          ] GC(1) Pause Init Update Refs 0.067ms
[2026-04-03T02:04:16.253+0600][7.003s][info][gc,start    ] GC(1) Concurrent update references
[2026-04-03T02:04:16.253+0600][7.003s][info][gc,task     ] GC(1) Using 3 of 6 workers for concurrent reference update
[2026-04-03T02:04:16.259+0600][7.009s][info][gc          ] GC(1) Concurrent update references 6.383ms
[2026-04-03T02:04:16.259+0600][7.009s][info][gc,start    ] GC(1) Concurrent update thread roots
[2026-04-03T02:04:16.260+0600][7.010s][info][gc          ] GC(1) Concurrent update thread roots 0.448ms
[2026-04-03T02:04:16.260+0600][7.010s][info][gc,start    ] GC(1) Pause Final Update Refs
[2026-04-03T02:04:16.260+0600][7.010s][info][gc,task     ] GC(1) Using 6 of 6 workers for final reference update
[2026-04-03T02:04:16.260+0600][7.010s][info][gc          ] GC(1) Pause Final Update Refs 0.192ms
[2026-04-03T02:04:16.260+0600][7.010s][info][gc,start    ] GC(1) Concurrent cleanup
[2026-04-03T02:04:16.261+0600][7.010s][info][gc          ] GC(1) Concurrent cleanup 138M->26M(388M) 0.269ms
[2026-04-03T02:04:16.261+0600][7.010s][info][gc,ergo     ] Free: 1872M, Max: 512K regular, 1596M humongous, Frag: 15% external, 0% internal; Reserve: 100M, Max: 512K
[2026-04-03T02:04:16.261+0600][7.010s][info][gc,stats    ] 
[2026-04-03T02:04:16.261+0600][7.010s][info][gc,stats    ] All times are wall-clock times, except per-root-class counters, that are sum over
[2026-04-03T02:04:16.261+0600][7.010s][info][gc,stats    ] all workers. Dividing the <total> over the root stage time estimates parallelism.
[2026-04-03T02:04:16.261+0600][7.010s][info][gc,stats    ] 
[2026-04-03T02:04:16.261+0600][7.010s][info][gc,stats    ] Concurrent Reset                   8324 us
[2026-04-03T02:04:16.261+0600][7.010s][info][gc,stats    ] Pause Init Mark (G)                 476 us
[2026-04-03T02:04:16.261+0600][7.010s][info][gc,stats    ] Pause Init Mark (N)                 115 us
[2026-04-03T02:04:16.261+0600][7.010s][info][gc,stats    ]   Update Region States               26 us
[2026-04-03T02:04:16.261+0600][7.011s][info][gc,stats    ] Concurrent Mark Roots              1221 us, parallelism: 2.14x
[2026-04-03T02:04:16.261+0600][7.011s][info][gc,stats    ]   CMR: <total>                     2615 us
[2026-04-03T02:04:16.261+0600][7.011s][info][gc,stats    ]   CMR: Thread Roots                2206 us, workers (us): 758, 882, 566, ---, ---, ---, 
[2026-04-03T02:04:16.261+0600][7.011s][info][gc,stats    ]   CMR: VM Strong Roots              159 us, workers (us):  95,  61,   3, ---, ---, ---, 
[2026-04-03T02:04:16.261+0600][7.011s][info][gc,stats    ]   CMR: CLDG Roots                   250 us, workers (us): ---, ---, 250, ---, ---, ---, 
[2026-04-03T02:04:16.261+0600][7.011s][info][gc,stats    ] Concurrent Marking                10906 us
[2026-04-03T02:04:16.261+0600][7.011s][info][gc,stats    ] Pause Final Mark (G)                937 us
[2026-04-03T02:04:16.261+0600][7.011s][info][gc,stats    ] Pause Final Mark (N)                680 us
[2026-04-03T02:04:16.261+0600][7.011s][info][gc,stats    ]   Finish Mark                       194 us
[2026-04-03T02:04:16.261+0600][7.011s][info][gc,stats    ]   Update Region States               55 us
[2026-04-03T02:04:16.261+0600][7.011s][info][gc,stats    ]   Choose Collection Set             294 us
[2026-04-03T02:04:16.261+0600][7.011s][info][gc,stats    ]   Rebuild Free Set                   38 us
[2026-04-03T02:04:16.261+0600][7.011s][info][gc,stats    ] Concurrent Thread Roots             524 us, parallelism: 1.33x
[2026-04-03T02:04:16.261+0600][7.011s][info][gc,stats    ]   CTR: <total>                      696 us
[2026-04-03T02:04:16.261+0600][7.011s][info][gc,stats    ]   CTR: Thread Roots                 696 us, workers (us): 339, 215, 142, ---, ---, ---, 
[2026-04-03T02:04:16.261+0600][7.011s][info][gc,stats    ] Concurrent Weak References          617 us, parallelism: 0.74x
[2026-04-03T02:04:16.261+0600][7.011s][info][gc,stats    ]   CWRF: <total>                     458 us
[2026-04-03T02:04:16.261+0600][7.011s][info][gc,stats    ]   CWRF: Weak References             458 us, workers (us):  42,  51, 365, ---, ---, ---, 
[2026-04-03T02:04:16.261+0600][7.011s][info][gc,stats    ] Concurrent Weak Roots              1853 us
[2026-04-03T02:04:16.261+0600][7.011s][info][gc,stats    ]   Roots                            1625 us, parallelism: 2.49x
[2026-04-03T02:04:16.261+0600][7.011s][info][gc,stats    ]     CWR: <total>                   4046 us
[2026-04-03T02:04:16.261+0600][7.011s][info][gc,stats    ]     CWR: Code Cache Roots          1411 us, workers (us): 415, 441, 555, ---, ---, ---, 
[2026-04-03T02:04:16.261+0600][7.011s][info][gc,stats    ]     CWR: VM Weak Roots             2600 us, workers (us): 907, 909, 784, ---, ---, ---, 
[2026-04-03T02:04:16.261+0600][7.011s][info][gc,stats    ]     CWR: CLDG Roots                  35 us, workers (us):  35, ---, ---, ---, ---, ---, 
[2026-04-03T02:04:16.261+0600][7.011s][info][gc,stats    ]   Rendezvous                        153 us
[2026-04-03T02:04:16.261+0600][7.011s][info][gc,stats    ] Concurrent Cleanup                  255 us
[2026-04-03T02:04:16.261+0600][7.011s][info][gc,stats    ] Concurrent Class Unloading         3847 us
[2026-04-03T02:04:16.261+0600][7.011s][info][gc,stats    ]   Unlink Stale                     2366 us
[2026-04-03T02:04:16.261+0600][7.011s][info][gc,stats    ]     System Dictionary                27 us
[2026-04-03T02:04:16.261+0600][7.011s][info][gc,stats    ]     Weak Class Links                  0 us
[2026-04-03T02:04:16.261+0600][7.011s][info][gc,stats    ]     Code Roots                     2335 us
[2026-04-03T02:04:16.261+0600][7.011s][info][gc,stats    ]   Rendezvous                        257 us
[2026-04-03T02:04:16.261+0600][7.011s][info][gc,stats    ]   Purge Unlinked                   1125 us
[2026-04-03T02:04:16.261+0600][7.011s][info][gc,stats    ]     Code Roots                     1111 us
[2026-04-03T02:04:16.261+0600][7.011s][info][gc,stats    ]     CLDG                             13 us
[2026-04-03T02:04:16.261+0600][7.011s][info][gc,stats    ]     Exception Caches                  0 us
[2026-04-03T02:04:16.261+0600][7.011s][info][gc,stats    ] Concurrent Strong Roots             581 us, parallelism: 0.80x
[2026-04-03T02:04:16.261+0600][7.011s][info][gc,stats    ]   CSR: <total>                      465 us
[2026-04-03T02:04:16.261+0600][7.011s][info][gc,stats    ]   CSR: VM Strong Roots              111 us, workers (us):  87,  23,   1, ---, ---, ---, 
[2026-04-03T02:04:16.261+0600][7.011s][info][gc,stats    ]   CSR: CLDG Roots                   354 us, workers (us): ---, 354, ---, ---, ---, ---, 
[2026-04-03T02:04:16.261+0600][7.011s][info][gc,stats    ] Concurrent Evacuation              5755 us
[2026-04-03T02:04:16.261+0600][7.011s][info][gc,stats    ] Pause Init Update Refs (G)          280 us
[2026-04-03T02:04:16.261+0600][7.011s][info][gc,stats    ] Pause Init Update Refs (N)           81 us
[2026-04-03T02:04:16.261+0600][7.011s][info][gc,stats    ]   Manage GCLABs                       9 us
[2026-04-03T02:04:16.261+0600][7.011s][info][gc,stats    ] Concurrent Update Refs             6461 us
[2026-04-03T02:04:16.261+0600][7.011s][info][gc,stats    ] Concurrent Update Thread Roots      484 us
[2026-04-03T02:04:16.261+0600][7.011s][info][gc,stats    ] Pause Final Update Refs (G)         427 us
[2026-04-03T02:04:16.261+0600][7.011s][info][gc,stats    ] Pause Final Update Refs (N)         223 us
[2026-04-03T02:04:16.261+0600][7.011s][info][gc,stats    ]   Update Region States               90 us
[2026-04-03T02:04:16.261+0600][7.011s][info][gc,stats    ]   Trash Collection Set               13 us
[2026-04-03T02:04:16.261+0600][7.011s][info][gc,stats    ]   Rebuild Free Set                   37 us
[2026-04-03T02:04:16.261+0600][7.011s][info][gc,stats    ] Concurrent Cleanup                  291 us
[2026-04-03T02:04:16.261+0600][7.011s][info][gc,stats    ] 
[2026-04-03T02:04:16.261+0600][7.011s][info][gc,stats    ] Allocation pacing accrued:
[2026-04-03T02:04:16.261+0600][7.011s][info][gc,stats    ]       0 of  2852 ms (  0.0%): <total>
[2026-04-03T02:04:16.261+0600][7.011s][info][gc,stats    ]       0 of  2852 ms (  0.0%): <average total>
[2026-04-03T02:04:16.261+0600][7.011s][info][gc,stats    ] 
[2026-04-03T02:04:16.261+0600][7.011s][info][gc,metaspace] Metaspace: 35946K(36352K)->36235K(36672K) NonClass: 31479K(31744K)->31734K(32000K) Class: 4467K(4608K)->4501K(4672K)
[2026-04-03T02:04:16.261+0600][7.011s][info][gc,ergo     ] Pacer for Idle. Initial: 40960K, Alloc Tax Rate: 1.0x
[2026-04-03T02:04:18.807+0600][9.557s][info][gc          ] Trigger: Learning 3 of 5. Free (1399M) is below initial threshold (1400M)
[2026-04-03T02:04:18.807+0600][9.557s][info][gc,ergo     ] Free: 1399M, Max: 512K regular, 1399M humongous, Frag: 0% external, 0% internal; Reserve: 100M, Max: 512K
[2026-04-03T02:04:18.807+0600][9.557s][info][gc,start    ] GC(2) Concurrent reset
[2026-04-03T02:04:18.807+0600][9.557s][info][gc,task     ] GC(2) Using 3 of 6 workers for concurrent reset
[2026-04-03T02:04:18.807+0600][9.557s][info][gc,ergo     ] GC(2) Pacer for Reset. Non-Taxable: 2000M
[2026-04-03T02:04:18.808+0600][9.558s][info][gc          ] GC(2) Concurrent reset 0.659ms
[2026-04-03T02:04:18.808+0600][9.558s][info][gc,start    ] GC(2) Pause Init Mark (unload classes)
[2026-04-03T02:04:18.808+0600][9.558s][info][gc,task     ] GC(2) Using 6 of 6 workers for init marking
[2026-04-03T02:04:18.808+0600][9.558s][info][gc,ergo     ] GC(2) Pacer for Mark. Expected Live: 20092K, Free: 1399M, Non-Taxable: 139M, Alloc Tax Rate: 0.0x
[2026-04-03T02:04:18.808+0600][9.558s][info][gc          ] GC(2) Pause Init Mark (unload classes) 0.079ms
[2026-04-03T02:04:18.809+0600][9.558s][info][gc,start    ] GC(2) Concurrent marking roots
[2026-04-03T02:04:18.809+0600][9.558s][info][gc,task     ] GC(2) Using 3 of 6 workers for concurrent marking roots
[2026-04-03T02:04:18.809+0600][9.559s][info][gc          ] GC(2) Concurrent marking roots 0.935ms
[2026-04-03T02:04:18.809+0600][9.559s][info][gc,start    ] GC(2) Concurrent marking (unload classes)
[2026-04-03T02:04:18.809+0600][9.559s][info][gc,task     ] GC(2) Using 3 of 6 workers for concurrent marking
[2026-04-03T02:04:18.841+0600][9.591s][info][gc          ] GC(2) Concurrent marking (unload classes) 31.810ms
[2026-04-03T02:04:18.842+0600][9.591s][info][gc,start    ] GC(2) Pause Final Mark (unload classes)
[2026-04-03T02:04:18.842+0600][9.591s][info][gc,task     ] GC(2) Using 6 of 6 workers for final marking
[2026-04-03T02:04:18.842+0600][9.592s][info][gc,ergo     ] GC(2) Adaptive CSet Selection. Target Free: 283M, Actual Free: 1489M, Max CSet: 85333K, Min Garbage: 0B
[2026-04-03T02:04:18.842+0600][9.592s][info][gc,ergo     ] GC(2) Collectable Garbage: 437M (99%), Immediate: 6894K (1%), CSet: 430M (98%)
[2026-04-03T02:04:18.842+0600][9.592s][info][gc,ergo     ] GC(2) Pacer for Evacuation. Used CSet: 466M, Free: 1392M, Non-Taxable: 139M, Alloc Tax Rate: 1.1x
[2026-04-03T02:04:18.842+0600][9.592s][info][gc          ] GC(2) Pause Final Mark (unload classes) 0.826ms
[2026-04-03T02:04:18.843+0600][9.592s][info][gc,start    ] GC(2) Concurrent thread roots
[2026-04-03T02:04:18.843+0600][9.592s][info][gc,task     ] GC(2) Using 3 of 6 workers for Concurrent thread roots
[2026-04-03T02:04:18.843+0600][9.593s][info][gc          ] GC(2) Concurrent thread roots 0.497ms
[2026-04-03T02:04:18.843+0600][9.593s][info][gc,start    ] GC(2) Concurrent weak references
[2026-04-03T02:04:18.843+0600][9.593s][info][gc,task     ] GC(2) Using 3 of 6 workers for concurrent weak references
[2026-04-03T02:04:18.843+0600][9.593s][info][gc,ref      ] GC(2) Encountered references: Soft: 3982, Weak: 3254, Final: 82, Phantom: 580
[2026-04-03T02:04:18.843+0600][9.593s][info][gc,ref      ] GC(2) Discovered  references: Soft: 0, Weak: 640, Final: 0, Phantom: 577
[2026-04-03T02:04:18.844+0600][9.593s][info][gc,ref      ] GC(2) Enqueued    references: Soft: 0, Weak: 521, Final: 0, Phantom: 0
[2026-04-03T02:04:18.844+0600][9.593s][info][gc          ] GC(2) Concurrent weak references 0.468ms
[2026-04-03T02:04:18.844+0600][9.593s][info][gc,start    ] GC(2) Concurrent weak roots
[2026-04-03T02:04:18.844+0600][9.593s][info][gc,task     ] GC(2) Using 3 of 6 workers for concurrent weak root
[2026-04-03T02:04:18.845+0600][9.595s][info][gc          ] GC(2) Concurrent weak roots 1.543ms
[2026-04-03T02:04:18.845+0600][9.595s][info][gc,start    ] GC(2) Concurrent cleanup
[2026-04-03T02:04:18.845+0600][9.595s][info][gc          ] GC(2) Concurrent cleanup 513M->507M(522M) 0.221ms
[2026-04-03T02:04:18.845+0600][9.595s][info][gc,ergo     ] GC(2) Free: 1390M, Max: 512K regular, 1381M humongous, Frag: 1% external, 0% internal; Reserve: 102182K, Max: 512K
[2026-04-03T02:04:18.845+0600][9.595s][info][gc,start    ] GC(2) Concurrent class unloading
[2026-04-03T02:04:18.845+0600][9.595s][info][gc,task     ] GC(2) Using 3 of 6 workers for concurrent class unloading
[2026-04-03T02:04:18.849+0600][9.599s][info][gc          ] GC(2) Concurrent class unloading 3.609ms
[2026-04-03T02:04:18.849+0600][9.599s][info][gc,start    ] GC(2) Concurrent strong roots
[2026-04-03T02:04:18.849+0600][9.599s][info][gc,task     ] GC(2) Using 3 of 6 workers for concurrent strong root
[2026-04-03T02:04:18.850+0600][9.600s][info][gc          ] GC(2) Concurrent strong roots 1.133ms
[2026-04-03T02:04:18.850+0600][9.600s][info][gc,start    ] GC(2) Concurrent evacuation
[2026-04-03T02:04:18.850+0600][9.600s][info][gc,task     ] GC(2) Using 3 of 6 workers for concurrent evacuation
[2026-04-03T02:04:18.882+0600][9.632s][info][gc          ] GC(2) Concurrent evacuation 31.679ms
[2026-04-03T02:04:18.882+0600][9.632s][info][gc,start    ] GC(2) Pause Init Update Refs
[2026-04-03T02:04:18.882+0600][9.632s][info][gc,ergo     ] GC(2) Pacer for Update Refs. Used: 561M, Free: 1372M, Non-Taxable: 137M, Alloc Tax Rate: 1.1x
[2026-04-03T02:04:18.882+0600][9.632s][info][gc          ] GC(2) Pause Init Update Refs 0.079ms
[2026-04-03T02:04:18.882+0600][9.632s][info][gc,start    ] GC(2) Concurrent update references
[2026-04-03T02:04:18.882+0600][9.632s][info][gc,task     ] GC(2) Using 3 of 6 workers for concurrent reference update
[2026-04-03T02:04:18.910+0600][9.660s][info][gc          ] GC(2) Concurrent update references 27.672ms
[2026-04-03T02:04:18.910+0600][9.660s][info][gc,start    ] GC(2) Concurrent update thread roots
[2026-04-03T02:04:18.911+0600][9.660s][info][gc          ] GC(2) Concurrent update thread roots 0.524ms
[2026-04-03T02:04:18.911+0600][9.661s][info][gc,start    ] GC(2) Pause Final Update Refs
[2026-04-03T02:04:18.911+0600][9.661s][info][gc,task     ] GC(2) Using 6 of 6 workers for final reference update
[2026-04-03T02:04:18.911+0600][9.661s][info][gc          ] GC(2) Pause Final Update Refs 0.186ms
[2026-04-03T02:04:18.911+0600][9.661s][info][gc,start    ] GC(2) Concurrent cleanup
[2026-04-03T02:04:18.911+0600][9.661s][info][gc          ] GC(2) Concurrent cleanup 571M->104M(574M) 0.351ms
[2026-04-03T02:04:18.912+0600][9.661s][info][gc,ergo     ] Free: 1793M, Max: 512K regular, 1328M humongous, Frag: 26% external, 0% internal; Reserve: 100M, Max: 512K
[2026-04-03T02:04:18.912+0600][9.661s][info][gc,stats    ] 
[2026-04-03T02:04:18.912+0600][9.661s][info][gc,stats    ] All times are wall-clock times, except per-root-class counters, that are sum over
[2026-04-03T02:04:18.912+0600][9.661s][info][gc,stats    ] all workers. Dividing the <total> over the root stage time estimates parallelism.
[2026-04-03T02:04:18.912+0600][9.661s][info][gc,stats    ] 
[2026-04-03T02:04:18.912+0600][9.661s][info][gc,stats    ] Concurrent Reset                    696 us
[2026-04-03T02:04:18.912+0600][9.661s][info][gc,stats    ] Pause Init Mark (G)                 442 us
[2026-04-03T02:04:18.912+0600][9.661s][info][gc,stats    ] Pause Init Mark (N)                  91 us
[2026-04-03T02:04:18.912+0600][9.661s][info][gc,stats    ]   Update Region States               18 us
[2026-04-03T02:04:18.912+0600][9.661s][info][gc,stats    ] Concurrent Mark Roots               961 us, parallelism: 2.13x
[2026-04-03T02:04:18.912+0600][9.661s][info][gc,stats    ]   CMR: <total>                     2046 us
[2026-04-03T02:04:18.912+0600][9.661s][info][gc,stats    ]   CMR: Thread Roots                1784 us, workers (us): 499, 635, 650, ---, ---, ---, 
[2026-04-03T02:04:18.912+0600][9.661s][info][gc,stats    ]   CMR: VM Strong Roots              125 us, workers (us):  74,  51,   1, ---, ---, ---, 
[2026-04-03T02:04:18.912+0600][9.661s][info][gc,stats    ]   CMR: CLDG Roots                   137 us, workers (us): 137, ---, ---, ---, ---, ---, 
[2026-04-03T02:04:18.912+0600][9.661s][info][gc,stats    ] Concurrent Marking                31882 us
[2026-04-03T02:04:18.912+0600][9.662s][info][gc,stats    ] Pause Final Mark (G)               1163 us
[2026-04-03T02:04:18.912+0600][9.662s][info][gc,stats    ] Pause Final Mark (N)                861 us
[2026-04-03T02:04:18.912+0600][9.662s][info][gc,stats    ]   Finish Mark                       323 us
[2026-04-03T02:04:18.912+0600][9.662s][info][gc,stats    ]   Update Region States               82 us
[2026-04-03T02:04:18.912+0600][9.662s][info][gc,stats    ]   Choose Collection Set             299 us
[2026-04-03T02:04:18.912+0600][9.662s][info][gc,stats    ]   Rebuild Free Set                   31 us
[2026-04-03T02:04:18.912+0600][9.662s][info][gc,stats    ] Concurrent Thread Roots             538 us, parallelism: 1.47x
[2026-04-03T02:04:18.912+0600][9.662s][info][gc,stats    ]   CTR: <total>                      792 us
[2026-04-03T02:04:18.912+0600][9.662s][info][gc,stats    ]   CTR: Thread Roots                 792 us, workers (us): 325, 262, 205, ---, ---, ---, 
[2026-04-03T02:04:18.912+0600][9.662s][info][gc,stats    ] Concurrent Weak References          480 us, parallelism: 0.70x
[2026-04-03T02:04:18.912+0600][9.662s][info][gc,stats    ]   CWRF: <total>                     335 us
[2026-04-03T02:04:18.912+0600][9.662s][info][gc,stats    ]   CWRF: Weak References             335 us, workers (us): 125, 208,   2, ---, ---, ---, 
[2026-04-03T02:04:18.912+0600][9.662s][info][gc,stats    ] Concurrent Weak Roots              1590 us
[2026-04-03T02:04:18.912+0600][9.662s][info][gc,stats    ]   Roots                            1349 us, parallelism: 2.36x
[2026-04-03T02:04:18.912+0600][9.662s][info][gc,stats    ]     CWR: <total>                   3181 us
[2026-04-03T02:04:18.912+0600][9.662s][info][gc,stats    ]     CWR: Code Cache Roots          1443 us, workers (us): 415, 575, 454, ---, ---, ---, 
[2026-04-03T02:04:18.912+0600][9.662s][info][gc,stats    ]     CWR: VM Weak Roots             1703 us, workers (us): 607, 594, 502, ---, ---, ---, 
[2026-04-03T02:04:18.912+0600][9.662s][info][gc,stats    ]     CWR: CLDG Roots                  35 us, workers (us):  35, ---, ---, ---, ---, ---, 
[2026-04-03T02:04:18.912+0600][9.662s][info][gc,stats    ]   Rendezvous                        171 us
[2026-04-03T02:04:18.912+0600][9.662s][info][gc,stats    ] Concurrent Cleanup                  241 us
[2026-04-03T02:04:18.912+0600][9.662s][info][gc,stats    ] Concurrent Class Unloading         3666 us
[2026-04-03T02:04:18.912+0600][9.662s][info][gc,stats    ]   Unlink Stale                     2519 us
[2026-04-03T02:04:18.912+0600][9.662s][info][gc,stats    ]     System Dictionary                32 us
[2026-04-03T02:04:18.912+0600][9.662s][info][gc,stats    ]     Weak Class Links                  0 us
[2026-04-03T02:04:18.912+0600][9.662s][info][gc,stats    ]     Code Roots                     2484 us
[2026-04-03T02:04:18.912+0600][9.662s][info][gc,stats    ]   Rendezvous                        154 us
[2026-04-03T02:04:18.912+0600][9.662s][info][gc,stats    ]   Purge Unlinked                    904 us
[2026-04-03T02:04:18.912+0600][9.662s][info][gc,stats    ]     Code Roots                      882 us
[2026-04-03T02:04:18.912+0600][9.662s][info][gc,stats    ]     CLDG                             20 us
[2026-04-03T02:04:18.912+0600][9.662s][info][gc,stats    ]     Exception Caches                  0 us
[2026-04-03T02:04:18.912+0600][9.662s][info][gc,stats    ] Concurrent Strong Roots            1192 us, parallelism: 0.83x
[2026-04-03T02:04:18.912+0600][9.662s][info][gc,stats    ]   CSR: <total>                      990 us
[2026-04-03T02:04:18.912+0600][9.662s][info][gc,stats    ]   CSR: VM Strong Roots               35 us, workers (us):  20,  15,   0, ---, ---, ---, 
[2026-04-03T02:04:18.912+0600][9.662s][info][gc,stats    ]   CSR: CLDG Roots                   955 us, workers (us): 955, ---, ---, ---, ---, ---, 
[2026-04-03T02:04:18.912+0600][9.662s][info][gc,stats    ] Concurrent Evacuation             31767 us
[2026-04-03T02:04:18.912+0600][9.662s][info][gc,stats    ] Pause Init Update Refs (G)          295 us
[2026-04-03T02:04:18.912+0600][9.662s][info][gc,stats    ] Pause Init Update Refs (N)           89 us
[2026-04-03T02:04:18.912+0600][9.662s][info][gc,stats    ]   Manage GCLABs                      13 us
[2026-04-03T02:04:18.912+0600][9.662s][info][gc,stats    ] Concurrent Update Refs            27765 us
[2026-04-03T02:04:18.912+0600][9.662s][info][gc,stats    ] Concurrent Update Thread Roots      566 us
[2026-04-03T02:04:18.912+0600][9.662s][info][gc,stats    ] Pause Final Update Refs (G)         413 us
[2026-04-03T02:04:18.912+0600][9.662s][info][gc,stats    ] Pause Final Update Refs (N)         204 us
[2026-04-03T02:04:18.912+0600][9.662s][info][gc,stats    ]   Update Region States               68 us
[2026-04-03T02:04:18.912+0600][9.662s][info][gc,stats    ]   Trash Collection Set               20 us
[2026-04-03T02:04:18.912+0600][9.662s][info][gc,stats    ]   Rebuild Free Set                   36 us
[2026-04-03T02:04:18.912+0600][9.662s][info][gc,stats    ] Concurrent Cleanup                  372 us
[2026-04-03T02:04:18.912+0600][9.662s][info][gc,stats    ] 
[2026-04-03T02:04:18.912+0600][9.662s][info][gc,stats    ] Allocation pacing accrued:
[2026-04-03T02:04:18.912+0600][9.662s][info][gc,stats    ]       0 of  2651 ms (  0.0%): <total>
[2026-04-03T02:04:18.912+0600][9.662s][info][gc,stats    ]       0 of  2651 ms (  0.0%): <average total>
[2026-04-03T02:04:18.912+0600][9.662s][info][gc,stats    ] 
[2026-04-03T02:04:18.912+0600][9.662s][info][gc,metaspace] Metaspace: 49251K(49728K)->49251K(49728K) NonClass: 43152K(43456K)->43152K(43456K) Class: 6099K(6272K)->6099K(6272K)
[2026-04-03T02:04:18.912+0600][9.662s][info][gc,ergo     ] Pacer for Idle. Initial: 40960K, Alloc Tax Rate: 1.0x
[2026-04-03T02:04:19.310+0600][10.059s][info][gc          ] Trigger: Learning 4 of 5. Free (1398M) is below initial threshold (1400M)
[2026-04-03T02:04:19.310+0600][10.060s][info][gc,ergo     ] Free: 1398M, Max: 512K regular, 1328M humongous, Frag: 6% external, 0% internal; Reserve: 100M, Max: 512K
[2026-04-03T02:04:19.310+0600][10.060s][info][gc,start    ] GC(3) Concurrent reset
[2026-04-03T02:04:19.310+0600][10.060s][info][gc,task     ] GC(3) Using 3 of 6 workers for concurrent reset
[2026-04-03T02:04:19.310+0600][10.060s][info][gc,ergo     ] GC(3) Pacer for Reset. Non-Taxable: 2000M
[2026-04-03T02:04:19.311+0600][10.061s][info][gc          ] GC(3) Concurrent reset 1.271ms
[2026-04-03T02:04:19.311+0600][10.061s][info][gc,start    ] GC(3) Pause Init Mark (unload classes)
[2026-04-03T02:04:19.311+0600][10.061s][info][gc,task     ] GC(3) Using 6 of 6 workers for init marking
[2026-04-03T02:04:19.311+0600][10.061s][info][gc,ergo     ] GC(3) Pacer for Mark. Expected Live: 32758K, Free: 1397M, Non-Taxable: 139M, Alloc Tax Rate: 0.0x
[2026-04-03T02:04:19.311+0600][10.061s][info][gc          ] GC(3) Pause Init Mark (unload classes) 0.093ms
[2026-04-03T02:04:19.312+0600][10.061s][info][gc,start    ] GC(3) Concurrent marking roots
[2026-04-03T02:04:19.312+0600][10.061s][info][gc,task     ] GC(3) Using 3 of 6 workers for concurrent marking roots
[2026-04-03T02:04:19.312+0600][10.062s][info][gc          ] GC(3) Concurrent marking roots 0.434ms
[2026-04-03T02:04:19.312+0600][10.062s][info][gc,start    ] GC(3) Concurrent marking (unload classes)
[2026-04-03T02:04:19.312+0600][10.062s][info][gc,task     ] GC(3) Using 3 of 6 workers for concurrent marking
[2026-04-03T02:04:19.362+0600][10.112s][info][gc          ] GC(3) Concurrent marking (unload classes) 49.743ms
[2026-04-03T02:04:19.362+0600][10.112s][info][gc,start    ] GC(3) Pause Final Mark (unload classes)
[2026-04-03T02:04:19.362+0600][10.112s][info][gc,task     ] GC(3) Using 6 of 6 workers for final marking
[2026-04-03T02:04:19.363+0600][10.112s][info][gc,ergo     ] GC(3) Adaptive CSet Selection. Target Free: 283M, Actual Free: 1458M, Max CSet: 85333K, Min Garbage: 0B
[2026-04-03T02:04:19.363+0600][10.113s][info][gc,ergo     ] GC(3) Collectable Garbage: 404M (99%), Immediate: 0B (0%), CSet: 404M (99%)
[2026-04-03T02:04:19.363+0600][10.113s][info][gc,ergo     ] GC(3) Pacer for Evacuation. Used CSet: 443M, Free: 1358M, Non-Taxable: 135M, Alloc Tax Rate: 1.1x
[2026-04-03T02:04:19.363+0600][10.113s][info][gc          ] GC(3) Pause Final Mark (unload classes) 1.144ms
[2026-04-03T02:04:19.363+0600][10.113s][info][gc,start    ] GC(3) Concurrent thread roots
[2026-04-03T02:04:19.363+0600][10.113s][info][gc,task     ] GC(3) Using 3 of 6 workers for Concurrent thread roots
[2026-04-03T02:04:19.364+0600][10.114s][info][gc          ] GC(3) Concurrent thread roots 0.451ms
[2026-04-03T02:04:19.364+0600][10.114s][info][gc,start    ] GC(3) Concurrent weak references
[2026-04-03T02:04:19.364+0600][10.114s][info][gc,task     ] GC(3) Using 3 of 6 workers for concurrent weak references
[2026-04-03T02:04:19.364+0600][10.114s][info][gc,ref      ] GC(3) Encountered references: Soft: 3982, Weak: 2733, Final: 82, Phantom: 580
[2026-04-03T02:04:19.364+0600][10.114s][info][gc,ref      ] GC(3) Discovered  references: Soft: 0, Weak: 122, Final: 0, Phantom: 577
[2026-04-03T02:04:19.364+0600][10.114s][info][gc,ref      ] GC(3) Enqueued    references: Soft: 0, Weak: 0, Final: 0, Phantom: 0
[2026-04-03T02:04:19.364+0600][10.114s][info][gc          ] GC(3) Concurrent weak references 0.433ms
[2026-04-03T02:04:19.364+0600][10.114s][info][gc,start    ] GC(3) Concurrent weak roots
[2026-04-03T02:04:19.364+0600][10.114s][info][gc,task     ] GC(3) Using 3 of 6 workers for concurrent weak root
[2026-04-03T02:04:19.366+0600][10.115s][info][gc          ] GC(3) Concurrent weak roots 1.224ms
[2026-04-03T02:04:19.366+0600][10.115s][info][gc,start    ] GC(3) Concurrent cleanup
[2026-04-03T02:04:19.366+0600][10.116s][info][gc          ] GC(3) Concurrent cleanup 540M->540M(574M) 0.243ms
[2026-04-03T02:04:19.366+0600][10.116s][info][gc,ergo     ] GC(3) Free: 1357M, Max: 512K regular, 1328M humongous, Frag: 3% external, 0% internal; Reserve: 102395K, Max: 512K
[2026-04-03T02:04:19.366+0600][10.116s][info][gc,start    ] GC(3) Concurrent class unloading
[2026-04-03T02:04:19.366+0600][10.116s][info][gc,task     ] GC(3) Using 3 of 6 workers for concurrent class unloading
[2026-04-03T02:04:19.369+0600][10.118s][info][gc          ] GC(3) Concurrent class unloading 2.696ms
[2026-04-03T02:04:19.369+0600][10.119s][info][gc,start    ] GC(3) Concurrent strong roots
[2026-04-03T02:04:19.369+0600][10.119s][info][gc,task     ] GC(3) Using 3 of 6 workers for concurrent strong root
[2026-04-03T02:04:19.369+0600][10.119s][info][gc          ] GC(3) Concurrent strong roots 0.404ms
[2026-04-03T02:04:19.369+0600][10.119s][info][gc,start    ] GC(3) Concurrent evacuation
[2026-04-03T02:04:19.369+0600][10.119s][info][gc,task     ] GC(3) Using 3 of 6 workers for concurrent evacuation
[2026-04-03T02:04:19.400+0600][10.150s][info][gc          ] GC(3) Concurrent evacuation 30.842ms
[2026-04-03T02:04:19.400+0600][10.150s][info][gc,start    ] GC(3) Pause Init Update Refs
[2026-04-03T02:04:19.400+0600][10.150s][info][gc,ergo     ] GC(3) Pacer for Update Refs. Used: 604M, Free: 1333M, Non-Taxable: 133M, Alloc Tax Rate: 1.1x
[2026-04-03T02:04:19.400+0600][10.150s][info][gc          ] GC(3) Pause Init Update Refs 0.108ms
[2026-04-03T02:04:19.401+0600][10.150s][info][gc,start    ] GC(3) Concurrent update references
[2026-04-03T02:04:19.401+0600][10.150s][info][gc,task     ] GC(3) Using 3 of 6 workers for concurrent reference update
[2026-04-03T02:04:19.440+0600][10.189s][info][gc          ] GC(3) Concurrent update references 39.144ms
[2026-04-03T02:04:19.440+0600][10.190s][info][gc,start    ] GC(3) Concurrent update thread roots
[2026-04-03T02:04:19.441+0600][10.190s][info][gc          ] GC(3) Concurrent update thread roots 0.587ms
[2026-04-03T02:04:19.441+0600][10.191s][info][gc,start    ] GC(3) Pause Final Update Refs
[2026-04-03T02:04:19.441+0600][10.191s][info][gc,task     ] GC(3) Using 6 of 6 workers for final reference update
[2026-04-03T02:04:19.441+0600][10.191s][info][gc          ] GC(3) Pause Final Update Refs 0.200ms
[2026-04-03T02:04:19.441+0600][10.191s][info][gc,start    ] GC(3) Concurrent cleanup
[2026-04-03T02:04:19.442+0600][10.191s][info][gc          ] GC(3) Concurrent cleanup 623M->180M(626M) 0.357ms
[2026-04-03T02:04:19.442+0600][10.191s][info][gc,ergo     ] Free: 1717M, Max: 512K regular, 1276M humongous, Frag: 26% external, 0% internal; Reserve: 100M, Max: 512K
[2026-04-03T02:04:19.442+0600][10.191s][info][gc,stats    ] 
[2026-04-03T02:04:19.442+0600][10.191s][info][gc,stats    ] All times are wall-clock times, except per-root-class counters, that are sum over
[2026-04-03T02:04:19.442+0600][10.191s][info][gc,stats    ] all workers. Dividing the <total> over the root stage time estimates parallelism.
[2026-04-03T02:04:19.442+0600][10.191s][info][gc,stats    ] 
[2026-04-03T02:04:19.442+0600][10.191s][info][gc,stats    ] Concurrent Reset                   1322 us
[2026-04-03T02:04:19.442+0600][10.191s][info][gc,stats    ] Pause Init Mark (G)                 377 us
[2026-04-03T02:04:19.442+0600][10.191s][info][gc,stats    ] Pause Init Mark (N)                 102 us
[2026-04-03T02:04:19.442+0600][10.192s][info][gc,stats    ]   Update Region States               17 us
[2026-04-03T02:04:19.442+0600][10.192s][info][gc,stats    ] Concurrent Mark Roots               459 us, parallelism: 1.49x
[2026-04-03T02:04:19.442+0600][10.192s][info][gc,stats    ]   CMR: <total>                      681 us
[2026-04-03T02:04:19.442+0600][10.192s][info][gc,stats    ]   CMR: Thread Roots                 541 us, workers (us): 102, 217, 222, ---, ---, ---, 
[2026-04-03T02:04:19.442+0600][10.192s][info][gc,stats    ]   CMR: VM Strong Roots               12 us, workers (us):  11,   1,   0, ---, ---, ---, 
[2026-04-03T02:04:19.442+0600][10.192s][info][gc,stats    ]   CMR: CLDG Roots                   128 us, workers (us): 128, ---, ---, ---, ---, ---, 
[2026-04-03T02:04:19.442+0600][10.192s][info][gc,stats    ] Concurrent Marking                49829 us
[2026-04-03T02:04:19.442+0600][10.192s][info][gc,stats    ] Pause Final Mark (G)               1602 us
[2026-04-03T02:04:19.442+0600][10.192s][info][gc,stats    ] Pause Final Mark (N)               1163 us
[2026-04-03T02:04:19.442+0600][10.192s][info][gc,stats    ]   Finish Mark                       327 us
[2026-04-03T02:04:19.442+0600][10.192s][info][gc,stats    ]   Update Region States               54 us
[2026-04-03T02:04:19.442+0600][10.192s][info][gc,stats    ]   Choose Collection Set             532 us
[2026-04-03T02:04:19.442+0600][10.192s][info][gc,stats    ]   Rebuild Free Set                   94 us
[2026-04-03T02:04:19.442+0600][10.192s][info][gc,stats    ] Concurrent Thread Roots             493 us, parallelism: 1.52x
[2026-04-03T02:04:19.442+0600][10.192s][info][gc,stats    ]   CTR: <total>                      749 us
[2026-04-03T02:04:19.442+0600][10.192s][info][gc,stats    ]   CTR: Thread Roots                 749 us, workers (us): 273, 257, 219, ---, ---, ---, 
[2026-04-03T02:04:19.442+0600][10.192s][info][gc,stats    ] Concurrent Weak References          447 us, parallelism: 0.29x
[2026-04-03T02:04:19.442+0600][10.192s][info][gc,stats    ]   CWRF: <total>                     129 us
[2026-04-03T02:04:19.442+0600][10.192s][info][gc,stats    ]   CWRF: Weak References             129 us, workers (us):  14, 112,   2, ---, ---, ---, 
[2026-04-03T02:04:19.442+0600][10.192s][info][gc,stats    ] Concurrent Weak Roots              1290 us
[2026-04-03T02:04:19.442+0600][10.192s][info][gc,stats    ]   Roots                            1000 us, parallelism: 2.27x
[2026-04-03T02:04:19.442+0600][10.192s][info][gc,stats    ]     CWR: <total>                   2266 us
[2026-04-03T02:04:19.442+0600][10.192s][info][gc,stats    ]     CWR: Code Cache Roots          1322 us, workers (us): 393, 434, 495, ---, ---, ---, 
[2026-04-03T02:04:19.442+0600][10.192s][info][gc,stats    ]     CWR: VM Weak Roots              901 us, workers (us): 326, 290, 285, ---, ---, ---, 
[2026-04-03T02:04:19.442+0600][10.192s][info][gc,stats    ]     CWR: CLDG Roots                  43 us, workers (us):  43, ---, ---, ---, ---, ---, 
[2026-04-03T02:04:19.442+0600][10.192s][info][gc,stats    ]   Rendezvous                        196 us
[2026-04-03T02:04:19.442+0600][10.192s][info][gc,stats    ] Concurrent Cleanup                  262 us
[2026-04-03T02:04:19.442+0600][10.192s][info][gc,stats    ] Concurrent Class Unloading         2786 us
[2026-04-03T02:04:19.442+0600][10.192s][info][gc,stats    ]   Unlink Stale                     2479 us
[2026-04-03T02:04:19.442+0600][10.192s][info][gc,stats    ]     System Dictionary                28 us
[2026-04-03T02:04:19.442+0600][10.192s][info][gc,stats    ]     Weak Class Links                  0 us
[2026-04-03T02:04:19.442+0600][10.192s][info][gc,stats    ]     Code Roots                     2439 us
[2026-04-03T02:04:19.442+0600][10.192s][info][gc,stats    ]   Rendezvous                        181 us
[2026-04-03T02:04:19.442+0600][10.192s][info][gc,stats    ]   Purge Unlinked                      8 us
[2026-04-03T02:04:19.442+0600][10.192s][info][gc,stats    ]     Code Roots                        2 us
[2026-04-03T02:04:19.442+0600][10.192s][info][gc,stats    ]     CLDG                              5 us
[2026-04-03T02:04:19.442+0600][10.192s][info][gc,stats    ]     Exception Caches                  0 us
[2026-04-03T02:04:19.442+0600][10.192s][info][gc,stats    ] Concurrent Strong Roots             437 us, parallelism: 0.53x
[2026-04-03T02:04:19.442+0600][10.192s][info][gc,stats    ]   CSR: <total>                      233 us
[2026-04-03T02:04:19.442+0600][10.192s][info][gc,stats    ]   CSR: VM Strong Roots               12 us, workers (us):  10,   1,   1, ---, ---, ---, 
[2026-04-03T02:04:19.442+0600][10.192s][info][gc,stats    ]   CSR: CLDG Roots                   221 us, workers (us): 221, ---, ---, ---, ---, ---, 
[2026-04-03T02:04:19.442+0600][10.192s][info][gc,stats    ] Concurrent Evacuation             30912 us
[2026-04-03T02:04:19.442+0600][10.192s][info][gc,stats    ] Pause Init Update Refs (G)          456 us
[2026-04-03T02:04:19.442+0600][10.192s][info][gc,stats    ] Pause Init Update Refs (N)          119 us
[2026-04-03T02:04:19.442+0600][10.192s][info][gc,stats    ]   Manage GCLABs                      14 us
[2026-04-03T02:04:19.442+0600][10.192s][info][gc,stats    ] Concurrent Update Refs            39385 us
[2026-04-03T02:04:19.442+0600][10.192s][info][gc,stats    ] Concurrent Update Thread Roots      638 us
[2026-04-03T02:04:19.442+0600][10.192s][info][gc,stats    ] Pause Final Update Refs (G)         599 us
[2026-04-03T02:04:19.442+0600][10.192s][info][gc,stats    ] Pause Final Update Refs (N)         210 us
[2026-04-03T02:04:19.442+0600][10.192s][info][gc,stats    ]   Update Region States               55 us
[2026-04-03T02:04:19.442+0600][10.192s][info][gc,stats    ]   Trash Collection Set               13 us
[2026-04-03T02:04:19.442+0600][10.192s][info][gc,stats    ]   Rebuild Free Set                   35 us
[2026-04-03T02:04:19.442+0600][10.192s][info][gc,stats    ] Concurrent Cleanup                  382 us
[2026-04-03T02:04:19.442+0600][10.192s][info][gc,stats    ] 
[2026-04-03T02:04:19.442+0600][10.192s][info][gc,stats    ] Allocation pacing accrued:
[2026-04-03T02:04:19.442+0600][10.192s][info][gc,stats    ]       0 of   530 ms (  0.0%): <total>
[2026-04-03T02:04:19.442+0600][10.192s][info][gc,stats    ]       0 of   530 ms (  0.0%): <average total>
[2026-04-03T02:04:19.442+0600][10.192s][info][gc,stats    ] 
[2026-04-03T02:04:19.442+0600][10.192s][info][gc,metaspace] Metaspace: 49251K(49728K)->49251K(49728K) NonClass: 43152K(43456K)->43152K(43456K) Class: 6099K(6272K)->6099K(6272K)
[2026-04-03T02:04:19.442+0600][10.192s][info][gc,ergo     ] Pacer for Idle. Initial: 40960K, Alloc Tax Rate: 1.0x
[2026-04-03T02:04:21.568+0600][12.318s][info][gc          ] Trigger: Learning 5 of 5. Free (1397M) is below initial threshold (1400M)
[2026-04-03T02:04:21.568+0600][12.318s][info][gc,ergo     ] Free: 1397M, Max: 512K regular, 1276M humongous, Frag: 9% external, 0% internal; Reserve: 100M, Max: 512K
[2026-04-03T02:04:21.568+0600][12.318s][info][gc,start    ] GC(4) Concurrent reset
[2026-04-03T02:04:21.568+0600][12.318s][info][gc,task     ] GC(4) Using 3 of 6 workers for concurrent reset
[2026-04-03T02:04:21.568+0600][12.318s][info][gc,ergo     ] GC(4) Pacer for Reset. Non-Taxable: 2000M
[2026-04-03T02:04:21.570+0600][12.320s][info][gc          ] GC(4) Concurrent reset 1.757ms
[2026-04-03T02:04:21.570+0600][12.320s][info][gc,start    ] GC(4) Pause Init Mark (unload classes)
[2026-04-03T02:04:21.570+0600][12.320s][info][gc,task     ] GC(4) Using 6 of 6 workers for init marking
[2026-04-03T02:04:21.570+0600][12.320s][info][gc,ergo     ] GC(4) Pacer for Mark. Expected Live: 48832K, Free: 1396M, Non-Taxable: 139M, Alloc Tax Rate: 0.0x
[2026-04-03T02:04:21.570+0600][12.320s][info][gc          ] GC(4) Pause Init Mark (unload classes) 0.112ms
[2026-04-03T02:04:21.571+0600][12.320s][info][gc,start    ] GC(4) Concurrent marking roots
[2026-04-03T02:04:21.571+0600][12.320s][info][gc,task     ] GC(4) Using 3 of 6 workers for concurrent marking roots
[2026-04-03T02:04:21.572+0600][12.321s][info][gc          ] GC(4) Concurrent marking roots 1.030ms
[2026-04-03T02:04:21.572+0600][12.321s][info][gc,start    ] GC(4) Concurrent marking (unload classes)
[2026-04-03T02:04:21.572+0600][12.321s][info][gc,task     ] GC(4) Using 3 of 6 workers for concurrent marking
[2026-04-03T02:04:21.585+0600][12.335s][info][gc          ] GC(4) Concurrent marking (unload classes) 13.387ms
[2026-04-03T02:04:21.585+0600][12.335s][info][gc,start    ] GC(4) Pause Final Mark (unload classes)
[2026-04-03T02:04:21.585+0600][12.335s][info][gc,task     ] GC(4) Using 6 of 6 workers for final marking
[2026-04-03T02:04:21.586+0600][12.336s][info][gc,ergo     ] GC(4) Adaptive CSet Selection. Target Free: 283M, Actual Free: 1904M, Max CSet: 85333K, Min Garbage: 0B
[2026-04-03T02:04:21.586+0600][12.336s][info][gc,ergo     ] GC(4) Collectable Garbage: 465M (99%), Immediate: 408M (87%), CSet: 58083K (12%)
[2026-04-03T02:04:21.586+0600][12.336s][info][gc,ergo     ] GC(4) Pacer for Evacuation. Used CSet: 60276K, Free: 1807M, Non-Taxable: 180M, Alloc Tax Rate: 1.1x
[2026-04-03T02:04:21.586+0600][12.336s][info][gc          ] GC(4) Pause Final Mark (unload classes) 0.796ms
[2026-04-03T02:04:21.586+0600][12.336s][info][gc,start    ] GC(4) Concurrent thread roots
[2026-04-03T02:04:21.586+0600][12.336s][info][gc,task     ] GC(4) Using 3 of 6 workers for Concurrent thread roots
[2026-04-03T02:04:21.587+0600][12.336s][info][gc          ] GC(4) Concurrent thread roots 0.537ms
[2026-04-03T02:04:21.587+0600][12.336s][info][gc,start    ] GC(4) Concurrent weak references
[2026-04-03T02:04:21.587+0600][12.336s][info][gc,task     ] GC(4) Using 3 of 6 workers for concurrent weak references
[2026-04-03T02:04:21.587+0600][12.337s][info][gc,ref      ] GC(4) Encountered references: Soft: 4100, Weak: 3492, Final: 82, Phantom: 584
[2026-04-03T02:04:21.588+0600][12.337s][info][gc,ref      ] GC(4) Discovered  references: Soft: 0, Weak: 1778, Final: 0, Phantom: 297
[2026-04-03T02:04:21.588+0600][12.337s][info][gc,ref      ] GC(4) Enqueued    references: Soft: 0, Weak: 271, Final: 0, Phantom: 1
[2026-04-03T02:04:21.588+0600][12.337s][info][gc          ] GC(4) Concurrent weak references 0.889ms
[2026-04-03T02:04:21.588+0600][12.337s][info][gc,start    ] GC(4) Concurrent weak roots
[2026-04-03T02:04:21.588+0600][12.337s][info][gc,task     ] GC(4) Using 3 of 6 workers for concurrent weak root
[2026-04-03T02:04:21.589+0600][12.339s][info][gc          ] GC(4) Concurrent weak roots 1.377ms
[2026-04-03T02:04:21.589+0600][12.339s][info][gc,start    ] GC(4) Concurrent cleanup
[2026-04-03T02:04:21.590+0600][12.339s][info][gc          ] GC(4) Concurrent cleanup 499M->90M(626M) 0.683ms
[2026-04-03T02:04:21.590+0600][12.339s][info][gc,ergo     ] GC(4) Free: 1807M, Max: 512K regular, 1544M humongous, Frag: 15% external, 0% internal; Reserve: 102184K, Max: 512K
[2026-04-03T02:04:21.590+0600][12.339s][info][gc,start    ] GC(4) Concurrent class unloading
[2026-04-03T02:04:21.590+0600][12.340s][info][gc,task     ] GC(4) Using 3 of 6 workers for concurrent class unloading
[2026-04-03T02:04:21.594+0600][12.344s][info][gc          ] GC(4) Concurrent class unloading 4.107ms
[2026-04-03T02:04:21.594+0600][12.344s][info][gc,start    ] GC(4) Concurrent strong roots
[2026-04-03T02:04:21.594+0600][12.344s][info][gc,task     ] GC(4) Using 3 of 6 workers for concurrent strong root
[2026-04-03T02:04:21.595+0600][12.344s][info][gc          ] GC(4) Concurrent strong roots 0.713ms
[2026-04-03T02:04:21.595+0600][12.344s][info][gc,start    ] GC(4) Concurrent evacuation
[2026-04-03T02:04:21.595+0600][12.344s][info][gc,task     ] GC(4) Using 3 of 6 workers for concurrent evacuation
[2026-04-03T02:04:21.597+0600][12.346s][info][gc          ] GC(4) Concurrent evacuation 1.942ms
[2026-04-03T02:04:21.597+0600][12.347s][info][gc,start    ] GC(4) Pause Init Update Refs
[2026-04-03T02:04:21.597+0600][12.347s][info][gc,ergo     ] GC(4) Pacer for Update Refs. Used: 97076K, Free: 1806M, Non-Taxable: 180M, Alloc Tax Rate: 1.1x
[2026-04-03T02:04:21.597+0600][12.347s][info][gc          ] GC(4) Pause Init Update Refs 0.074ms
[2026-04-03T02:04:21.597+0600][12.347s][info][gc,start    ] GC(4) Concurrent update references
[2026-04-03T02:04:21.597+0600][12.347s][info][gc,task     ] GC(4) Using 3 of 6 workers for concurrent reference update
[2026-04-03T02:04:21.605+0600][12.355s][info][gc          ] GC(4) Concurrent update references 8.466ms
[2026-04-03T02:04:21.605+0600][12.355s][info][gc,start    ] GC(4) Concurrent update thread roots
[2026-04-03T02:04:21.606+0600][12.356s][info][gc          ] GC(4) Concurrent update thread roots 0.640ms
[2026-04-03T02:04:21.606+0600][12.356s][info][gc,start    ] GC(4) Pause Final Update Refs
[2026-04-03T02:04:21.606+0600][12.356s][info][gc,task     ] GC(4) Using 6 of 6 workers for final reference update
[2026-04-03T02:04:21.606+0600][12.356s][info][gc          ] GC(4) Pause Final Update Refs 0.139ms
[2026-04-03T02:04:21.607+0600][12.356s][info][gc,start    ] GC(4) Concurrent cleanup
[2026-04-03T02:04:21.607+0600][12.357s][info][gc          ] GC(4) Concurrent cleanup 94M->35M(626M) 0.637ms
[2026-04-03T02:04:21.607+0600][12.357s][info][gc,ergo     ] Free: 1861M, Max: 512K regular, 1546M humongous, Frag: 17% external, 0% internal; Reserve: 100M, Max: 512K
[2026-04-03T02:04:21.607+0600][12.357s][info][gc,stats    ] 
[2026-04-03T02:04:21.607+0600][12.357s][info][gc,stats    ] All times are wall-clock times, except per-root-class counters, that are sum over
[2026-04-03T02:04:21.607+0600][12.357s][info][gc,stats    ] all workers. Dividing the <total> over the root stage time estimates parallelism.
[2026-04-03T02:04:21.607+0600][12.357s][info][gc,stats    ] 
[2026-04-03T02:04:21.607+0600][12.357s][info][gc,stats    ] Concurrent Reset                   1822 us
[2026-04-03T02:04:21.607+0600][12.357s][info][gc,stats    ] Pause Init Mark (G)                 419 us
[2026-04-03T02:04:21.607+0600][12.357s][info][gc,stats    ] Pause Init Mark (N)                 124 us
[2026-04-03T02:04:21.607+0600][12.357s][info][gc,stats    ]   Update Region States               31 us
[2026-04-03T02:04:21.607+0600][12.357s][info][gc,stats    ] Concurrent Mark Roots              1072 us, parallelism: 1.44x
[2026-04-03T02:04:21.607+0600][12.357s][info][gc,stats    ]   CMR: <total>                     1538 us
[2026-04-03T02:04:21.607+0600][12.357s][info][gc,stats    ]   CMR: Thread Roots                1287 us, workers (us): 703, 169, 416, ---, ---, ---, 
[2026-04-03T02:04:21.607+0600][12.357s][info][gc,stats    ]   CMR: VM Strong Roots               25 us, workers (us):  14,  11,   0, ---, ---, ---, 
[2026-04-03T02:04:21.607+0600][12.357s][info][gc,stats    ]   CMR: CLDG Roots                   226 us, workers (us): ---, 226, ---, ---, ---, ---, 
[2026-04-03T02:04:21.607+0600][12.357s][info][gc,stats    ] Concurrent Marking                13471 us
[2026-04-03T02:04:21.607+0600][12.357s][info][gc,stats    ] Pause Final Mark (G)               1010 us
[2026-04-03T02:04:21.607+0600][12.357s][info][gc,stats    ] Pause Final Mark (N)                810 us
[2026-04-03T02:04:21.607+0600][12.357s][info][gc,stats    ]   Finish Mark                       248 us
[2026-04-03T02:04:21.607+0600][12.357s][info][gc,stats    ]   Update Region States              141 us
[2026-04-03T02:04:21.607+0600][12.357s][info][gc,stats    ]   Choose Collection Set             174 us
[2026-04-03T02:04:21.607+0600][12.357s][info][gc,stats    ]   Rebuild Free Set                   60 us
[2026-04-03T02:04:21.607+0600][12.357s][info][gc,stats    ] Concurrent Thread Roots             559 us, parallelism: 2.32x
[2026-04-03T02:04:21.607+0600][12.357s][info][gc,stats    ]   CTR: <total>                     1298 us
[2026-04-03T02:04:21.607+0600][12.357s][info][gc,stats    ]   CTR: Thread Roots                1298 us, workers (us): 472, 420, 407, ---, ---, ---, 
[2026-04-03T02:04:21.607+0600][12.357s][info][gc,stats    ] Concurrent Weak References          901 us, parallelism: 0.68x
[2026-04-03T02:04:21.607+0600][12.357s][info][gc,stats    ]   CWRF: <total>                     616 us
[2026-04-03T02:04:21.607+0600][12.357s][info][gc,stats    ]   CWRF: Weak References             616 us, workers (us):  32,  10, 575, ---, ---, ---, 
[2026-04-03T02:04:21.607+0600][12.357s][info][gc,stats    ] Concurrent Weak Roots              1407 us
[2026-04-03T02:04:21.607+0600][12.357s][info][gc,stats    ]   Roots                            1276 us, parallelism: 2.63x
[2026-04-03T02:04:21.607+0600][12.357s][info][gc,stats    ]     CWR: <total>                   3349 us
[2026-04-03T02:04:21.607+0600][12.357s][info][gc,stats    ]     CWR: Code Cache Roots          1776 us, workers (us): 552, 608, 616, ---, ---, ---, 
[2026-04-03T02:04:21.607+0600][12.357s][info][gc,stats    ]     CWR: VM Weak Roots             1519 us, workers (us): 527, 513, 479, ---, ---, ---, 
[2026-04-03T02:04:21.607+0600][12.357s][info][gc,stats    ]     CWR: CLDG Roots                  54 us, workers (us):  54, ---, ---, ---, ---, ---, 
[2026-04-03T02:04:21.607+0600][12.357s][info][gc,stats    ]   Rendezvous                         81 us
[2026-04-03T02:04:21.607+0600][12.357s][info][gc,stats    ] Concurrent Cleanup                  695 us
[2026-04-03T02:04:21.607+0600][12.357s][info][gc,stats    ] Concurrent Class Unloading         4175 us
[2026-04-03T02:04:21.607+0600][12.357s][info][gc,stats    ]   Unlink Stale                     3372 us
[2026-04-03T02:04:21.607+0600][12.357s][info][gc,stats    ]     System Dictionary                47 us
[2026-04-03T02:04:21.607+0600][12.357s][info][gc,stats    ]     Weak Class Links                  0 us
[2026-04-03T02:04:21.608+0600][12.357s][info][gc,stats    ]     Code Roots                     3319 us
[2026-04-03T02:04:21.608+0600][12.357s][info][gc,stats    ]   Rendezvous                        127 us
[2026-04-03T02:04:21.608+0600][12.357s][info][gc,stats    ]   Purge Unlinked                    581 us
[2026-04-03T02:04:21.608+0600][12.357s][info][gc,stats    ]     Code Roots                      568 us
[2026-04-03T02:04:21.608+0600][12.357s][info][gc,stats    ]     CLDG                             12 us
[2026-04-03T02:04:21.608+0600][12.357s][info][gc,stats    ]     Exception Caches                  0 us
[2026-04-03T02:04:21.608+0600][12.357s][info][gc,stats    ] Concurrent Strong Roots             741 us, parallelism: 0.79x
[2026-04-03T02:04:21.608+0600][12.357s][info][gc,stats    ]   CSR: <total>                      584 us
[2026-04-03T02:04:21.608+0600][12.357s][info][gc,stats    ]   CSR: VM Strong Roots               20 us, workers (us):  19,   2,   0, ---, ---, ---, 
[2026-04-03T02:04:21.608+0600][12.357s][info][gc,stats    ]   CSR: CLDG Roots                   564 us, workers (us): 564, ---, ---, ---, ---, ---, 
[2026-04-03T02:04:21.608+0600][12.357s][info][gc,stats    ] Concurrent Evacuation              1998 us
[2026-04-03T02:04:21.608+0600][12.357s][info][gc,stats    ] Pause Init Update Refs (G)          324 us
[2026-04-03T02:04:21.608+0600][12.357s][info][gc,stats    ] Pause Init Update Refs (N)           83 us
[2026-04-03T02:04:21.608+0600][12.357s][info][gc,stats    ]   Manage GCLABs                      11 us
[2026-04-03T02:04:21.608+0600][12.357s][info][gc,stats    ] Concurrent Update Refs             8527 us
[2026-04-03T02:04:21.608+0600][12.357s][info][gc,stats    ] Concurrent Update Thread Roots      686 us
[2026-04-03T02:04:21.608+0600][12.357s][info][gc,stats    ] Pause Final Update Refs (G)         360 us
[2026-04-03T02:04:21.608+0600][12.357s][info][gc,stats    ] Pause Final Update Refs (N)         151 us
[2026-04-03T02:04:21.608+0600][12.357s][info][gc,stats    ]   Update Region States               48 us
[2026-04-03T02:04:21.608+0600][12.357s][info][gc,stats    ]   Trash Collection Set                7 us
[2026-04-03T02:04:21.608+0600][12.357s][info][gc,stats    ]   Rebuild Free Set                   35 us
[2026-04-03T02:04:21.608+0600][12.357s][info][gc,stats    ] Concurrent Cleanup                  658 us
[2026-04-03T02:04:21.608+0600][12.357s][info][gc,stats    ] 
[2026-04-03T02:04:21.608+0600][12.357s][info][gc,stats    ] Allocation pacing accrued:
[2026-04-03T02:04:21.608+0600][12.357s][info][gc,stats    ]       0 of  2165 ms (  0.0%): <total>
[2026-04-03T02:04:21.608+0600][12.357s][info][gc,stats    ]       0 of  2165 ms (  0.0%): <average total>
[2026-04-03T02:04:21.608+0600][12.357s][info][gc,stats    ] 
[2026-04-03T02:04:21.608+0600][12.358s][info][gc,metaspace] Metaspace: 54375K(54912K)->54502K(55040K) NonClass: 47519K(47808K)->47624K(47936K) Class: 6855K(7104K)->6877K(7104K)
[2026-04-03T02:04:21.608+0600][12.358s][info][gc,ergo     ] Pacer for Idle. Initial: 40960K, Alloc Tax Rate: 1.0x
[2026-04-03T02:04:21.724+0600][12.473s][info][gc          ] Trigger: Explicit GC request (System.gc())
[2026-04-03T02:04:21.724+0600][12.474s][info][gc,ergo     ] Free: 1853M, Max: 512K regular, 1546M humongous, Frag: 17% external, 0% internal; Reserve: 100M, Max: 512K
[2026-04-03T02:04:21.724+0600][12.474s][info][gc,start    ] GC(5) Concurrent reset
[2026-04-03T02:04:21.724+0600][12.474s][info][gc,task     ] GC(5) Using 3 of 6 workers for concurrent reset
[2026-04-03T02:04:21.724+0600][12.474s][info][gc,ergo     ] GC(5) Pacer for Reset. Non-Taxable: 2000M
[2026-04-03T02:04:21.724+0600][12.474s][info][gc          ] GC(5) Concurrent reset 0.579ms
[2026-04-03T02:04:21.724+0600][12.474s][info][gc,start    ] GC(5) Pause Init Mark (unload classes)
[2026-04-03T02:04:21.725+0600][12.474s][info][gc,task     ] GC(5) Using 6 of 6 workers for init marking
[2026-04-03T02:04:21.725+0600][12.474s][info][gc,ref      ] GC(5) Clearing All SoftReferences
[2026-04-03T02:04:21.725+0600][12.474s][info][gc,ergo     ] GC(5) Pacer for Mark. Expected Live: 45274K, Free: 1853M, Non-Taxable: 185M, Alloc Tax Rate: 0.0x
[2026-04-03T02:04:21.725+0600][12.474s][info][gc          ] GC(5) Pause Init Mark (unload classes) 0.093ms
[2026-04-03T02:04:21.725+0600][12.474s][info][gc,start    ] GC(5) Concurrent marking roots
[2026-04-03T02:04:21.725+0600][12.474s][info][gc,task     ] GC(5) Using 3 of 6 workers for concurrent marking roots
[2026-04-03T02:04:21.725+0600][12.475s][info][gc          ] GC(5) Concurrent marking roots 0.525ms
[2026-04-03T02:04:21.725+0600][12.475s][info][gc,start    ] GC(5) Concurrent marking (unload classes)
[2026-04-03T02:04:21.725+0600][12.475s][info][gc,task     ] GC(5) Using 3 of 6 workers for concurrent marking
[2026-04-03T02:04:21.734+0600][12.484s][info][gc          ] GC(5) Concurrent marking (unload classes) 8.584ms
[2026-04-03T02:04:21.734+0600][12.484s][info][gc,start    ] GC(5) Pause Final Mark (unload classes)
[2026-04-03T02:04:21.734+0600][12.484s][info][gc,task     ] GC(5) Using 6 of 6 workers for final marking
[2026-04-03T02:04:21.734+0600][12.484s][info][gc,ergo     ] GC(5) Adaptive CSet Selection. Target Free: 283M, Actual Free: 1959M, Max CSet: 85333K, Min Garbage: 0B
[2026-04-03T02:04:21.734+0600][12.484s][info][gc,ergo     ] GC(5) Collectable Garbage: 16062K (88%), Immediate: 5735K (31%), CSet: 10327K (56%)
[2026-04-03T02:04:21.734+0600][12.484s][info][gc,ergo     ] GC(5) Pacer for Evacuation. Used CSet: 12165K, Free: 1860M, Non-Taxable: 186M, Alloc Tax Rate: 1.1x
[2026-04-03T02:04:21.734+0600][12.484s][info][gc          ] GC(5) Pause Final Mark (unload classes) 0.546ms
[2026-04-03T02:04:21.735+0600][12.484s][info][gc,start    ] GC(5) Concurrent thread roots
[2026-04-03T02:04:21.735+0600][12.484s][info][gc,task     ] GC(5) Using 3 of 6 workers for Concurrent thread roots
[2026-04-03T02:04:21.735+0600][12.485s][info][gc          ] GC(5) Concurrent thread roots 0.357ms
[2026-04-03T02:04:21.735+0600][12.485s][info][gc,start    ] GC(5) Concurrent weak references
[2026-04-03T02:04:21.735+0600][12.485s][info][gc,task     ] GC(5) Using 3 of 6 workers for concurrent weak references
[2026-04-03T02:04:21.735+0600][12.485s][info][gc,ref      ] GC(5) Encountered references: Soft: 4058, Weak: 3403, Final: 82, Phantom: 586
[2026-04-03T02:04:21.735+0600][12.485s][info][gc,ref      ] GC(5) Discovered  references: Soft: 3179, Weak: 357, Final: 0, Phantom: 583
[2026-04-03T02:04:21.735+0600][12.485s][info][gc,ref      ] GC(5) Enqueued    references: Soft: 1591, Weak: 222, Final: 0, Phantom: 0
[2026-04-03T02:04:21.735+0600][12.485s][info][gc          ] GC(5) Concurrent weak references 0.495ms
[2026-04-03T02:04:21.735+0600][12.485s][info][gc,start    ] GC(5) Concurrent weak roots
[2026-04-03T02:04:21.735+0600][12.485s][info][gc,task     ] GC(5) Using 3 of 6 workers for concurrent weak root
[2026-04-03T02:04:21.737+0600][12.486s][info][gc          ] GC(5) Concurrent weak roots 1.053ms
[2026-04-03T02:04:21.737+0600][12.486s][info][gc,start    ] GC(5) Concurrent cleanup
[2026-04-03T02:04:21.737+0600][12.487s][info][gc          ] GC(5) Concurrent cleanup 43M->38M(626M) 0.611ms
[2026-04-03T02:04:21.737+0600][12.487s][info][gc,ergo     ] GC(5) Free: 1860M, Max: 512K regular, 1546M humongous, Frag: 17% external, 0% internal; Reserve: 102264K, Max: 512K
[2026-04-03T02:04:21.737+0600][12.487s][info][gc,start    ] GC(5) Concurrent class unloading
[2026-04-03T02:04:21.737+0600][12.487s][info][gc,task     ] GC(5) Using 3 of 6 workers for concurrent class unloading
[2026-04-03T02:04:21.746+0600][12.496s][info][gc          ] GC(5) Concurrent class unloading 8.655ms
[2026-04-03T02:04:21.746+0600][12.496s][info][gc,start    ] GC(5) Concurrent strong roots
[2026-04-03T02:04:21.746+0600][12.496s][info][gc,task     ] GC(5) Using 3 of 6 workers for concurrent strong root
[2026-04-03T02:04:21.747+0600][12.496s][info][gc          ] GC(5) Concurrent strong roots 0.567ms
[2026-04-03T02:04:21.747+0600][12.496s][info][gc,start    ] GC(5) Concurrent evacuation
[2026-04-03T02:04:21.747+0600][12.496s][info][gc,task     ] GC(5) Using 3 of 6 workers for concurrent evacuation
[2026-04-03T02:04:21.748+0600][12.497s][info][gc          ] GC(5) Concurrent evacuation 0.914ms
[2026-04-03T02:04:21.748+0600][12.497s][info][gc,start    ] GC(5) Pause Init Update Refs
[2026-04-03T02:04:21.748+0600][12.497s][info][gc,ergo     ] GC(5) Pacer for Update Refs. Used: 41340K, Free: 1860M, Non-Taxable: 186M, Alloc Tax Rate: 1.1x
[2026-04-03T02:04:21.748+0600][12.498s][info][gc          ] GC(5) Pause Init Update Refs 0.103ms
[2026-04-03T02:04:21.748+0600][12.498s][info][gc,start    ] GC(5) Concurrent update references
[2026-04-03T02:04:21.748+0600][12.498s][info][gc,task     ] GC(5) Using 3 of 6 workers for concurrent reference update
[2026-04-03T02:04:21.754+0600][12.504s][info][gc          ] GC(5) Concurrent update references 6.110ms
[2026-04-03T02:04:21.754+0600][12.504s][info][gc,start    ] GC(5) Concurrent update thread roots
[2026-04-03T02:04:21.755+0600][12.504s][info][gc          ] GC(5) Concurrent update thread roots 0.592ms
[2026-04-03T02:04:21.755+0600][12.504s][info][gc,start    ] GC(5) Pause Final Update Refs
[2026-04-03T02:04:21.755+0600][12.505s][info][gc,task     ] GC(5) Using 6 of 6 workers for final reference update
[2026-04-03T02:04:21.755+0600][12.505s][info][gc          ] GC(5) Pause Final Update Refs 0.162ms
[2026-04-03T02:04:21.755+0600][12.505s][info][gc,start    ] GC(5) Concurrent cleanup
[2026-04-03T02:04:21.755+0600][12.505s][info][gc          ] GC(5) Concurrent cleanup 40M->28M(626M) 0.616ms
[2026-04-03T02:04:21.756+0600][12.505s][info][gc,ergo     ] Free: 1869M, Max: 512K regular, 1592M humongous, Frag: 15% external, 0% internal; Reserve: 100M, Max: 512K
[2026-04-03T02:04:21.756+0600][12.505s][info][gc,stats    ] 
[2026-04-03T02:04:21.756+0600][12.505s][info][gc,stats    ] All times are wall-clock times, except per-root-class counters, that are sum over
[2026-04-03T02:04:21.756+0600][12.505s][info][gc,stats    ] all workers. Dividing the <total> over the root stage time estimates parallelism.
[2026-04-03T02:04:21.756+0600][12.505s][info][gc,stats    ] 
[2026-04-03T02:04:21.756+0600][12.505s][info][gc,stats    ] Concurrent Reset                    617 us
[2026-04-03T02:04:21.756+0600][12.505s][info][gc,stats    ] Pause Init Mark (G)                 229 us
[2026-04-03T02:04:21.756+0600][12.505s][info][gc,stats    ] Pause Init Mark (N)                 101 us
[2026-04-03T02:04:21.756+0600][12.505s][info][gc,stats    ]   Update Region States               24 us
[2026-04-03T02:04:21.756+0600][12.505s][info][gc,stats    ] Concurrent Mark Roots               560 us, parallelism: 1.16x
[2026-04-03T02:04:21.756+0600][12.505s][info][gc,stats    ]   CMR: <total>                      652 us
[2026-04-03T02:04:21.756+0600][12.505s][info][gc,stats    ]   CMR: Thread Roots                 517 us, workers (us): 134, 215, 168, ---, ---, ---, 
[2026-04-03T02:04:21.756+0600][12.505s][info][gc,stats    ]   CMR: VM Strong Roots               12 us, workers (us):  11,   1,   1, ---, ---, ---, 
[2026-04-03T02:04:21.756+0600][12.506s][info][gc,stats    ]   CMR: CLDG Roots                   122 us, workers (us): 122, ---, ---, ---, ---, ---, 
[2026-04-03T02:04:21.756+0600][12.506s][info][gc,stats    ] Concurrent Marking                 8646 us
[2026-04-03T02:04:21.756+0600][12.506s][info][gc,stats    ] Pause Final Mark (G)                778 us
[2026-04-03T02:04:21.756+0600][12.506s][info][gc,stats    ] Pause Final Mark (N)                555 us
[2026-04-03T02:04:21.756+0600][12.506s][info][gc,stats    ]   Finish Mark                       312 us
[2026-04-03T02:04:21.756+0600][12.506s][info][gc,stats    ]   Update Region States               39 us
[2026-04-03T02:04:21.756+0600][12.506s][info][gc,stats    ]   Choose Collection Set              98 us
[2026-04-03T02:04:21.756+0600][12.506s][info][gc,stats    ]   Rebuild Free Set                   38 us
[2026-04-03T02:04:21.756+0600][12.506s][info][gc,stats    ] Concurrent Thread Roots             395 us, parallelism: 1.14x
[2026-04-03T02:04:21.756+0600][12.506s][info][gc,stats    ]   CTR: <total>                      450 us
[2026-04-03T02:04:21.756+0600][12.506s][info][gc,stats    ]   CTR: Thread Roots                 450 us, workers (us): 213, 139,  99, ---, ---, ---, 
[2026-04-03T02:04:21.756+0600][12.506s][info][gc,stats    ] Concurrent Weak References          504 us, parallelism: 1.03x
[2026-04-03T02:04:21.756+0600][12.506s][info][gc,stats    ]   CWRF: <total>                     519 us
[2026-04-03T02:04:21.756+0600][12.506s][info][gc,stats    ]   CWRF: Weak References             519 us, workers (us): 123, 158, 238, ---, ---, ---, 
[2026-04-03T02:04:21.756+0600][12.506s][info][gc,stats    ] Concurrent Weak Roots              1108 us
[2026-04-03T02:04:21.756+0600][12.506s][info][gc,stats    ]   Roots                             889 us, parallelism: 2.56x
[2026-04-03T02:04:21.756+0600][12.506s][info][gc,stats    ]     CWR: <total>                   2277 us
[2026-04-03T02:04:21.756+0600][12.506s][info][gc,stats    ]     CWR: Code Cache Roots          1207 us, workers (us): 415, 395, 398, ---, ---, ---, 
[2026-04-03T02:04:21.756+0600][12.506s][info][gc,stats    ]     CWR: VM Weak Roots             1032 us, workers (us): 364, 353, 316, ---, ---, ---, 
[2026-04-03T02:04:21.756+0600][12.506s][info][gc,stats    ]     CWR: CLDG Roots                  38 us, workers (us): ---,  38, ---, ---, ---, ---, 
[2026-04-03T02:04:21.756+0600][12.506s][info][gc,stats    ]   Rendezvous                        147 us
[2026-04-03T02:04:21.756+0600][12.506s][info][gc,stats    ] Concurrent Cleanup                  656 us
[2026-04-03T02:04:21.756+0600][12.506s][info][gc,stats    ] Concurrent Class Unloading         8710 us
[2026-04-03T02:04:21.756+0600][12.506s][info][gc,stats    ]   Unlink Stale                     8096 us
[2026-04-03T02:04:21.756+0600][12.506s][info][gc,stats    ]     System Dictionary               185 us
[2026-04-03T02:04:21.756+0600][12.506s][info][gc,stats    ]     Weak Class Links               5314 us
[2026-04-03T02:04:21.756+0600][12.506s][info][gc,stats    ]     Code Roots                     2595 us
[2026-04-03T02:04:21.756+0600][12.506s][info][gc,stats    ]   Rendezvous                        180 us
[2026-04-03T02:04:21.756+0600][12.506s][info][gc,stats    ]   Purge Unlinked                    359 us
[2026-04-03T02:04:21.756+0600][12.506s][info][gc,stats    ]     Code Roots                      223 us
[2026-04-03T02:04:21.756+0600][12.506s][info][gc,stats    ]     CLDG                            135 us
[2026-04-03T02:04:21.756+0600][12.506s][info][gc,stats    ]     Exception Caches                  0 us
[2026-04-03T02:04:21.756+0600][12.506s][info][gc,stats    ] Concurrent Strong Roots             613 us, parallelism: 0.54x
[2026-04-03T02:04:21.756+0600][12.506s][info][gc,stats    ]   CSR: <total>                      331 us
[2026-04-03T02:04:21.756+0600][12.506s][info][gc,stats    ]   CSR: VM Strong Roots               18 us, workers (us):  13,   5,   0, ---, ---, ---, 
[2026-04-03T02:04:21.756+0600][12.506s][info][gc,stats    ]   CSR: CLDG Roots                   313 us, workers (us): ---, 313, ---, ---, ---, ---, 
[2026-04-03T02:04:21.756+0600][12.506s][info][gc,stats    ] Concurrent Evacuation               957 us
[2026-04-03T02:04:21.756+0600][12.506s][info][gc,stats    ] Pause Init Update Refs (G)          225 us
[2026-04-03T02:04:21.756+0600][12.506s][info][gc,stats    ] Pause Init Update Refs (N)          116 us
[2026-04-03T02:04:21.756+0600][12.506s][info][gc,stats    ]   Manage GCLABs                       7 us
[2026-04-03T02:04:21.756+0600][12.506s][info][gc,stats    ] Concurrent Update Refs             6175 us
[2026-04-03T02:04:21.756+0600][12.506s][info][gc,stats    ] Concurrent Update Thread Roots      633 us
[2026-04-03T02:04:21.756+0600][12.506s][info][gc,stats    ] Pause Final Update Refs (G)         234 us
[2026-04-03T02:04:21.756+0600][12.506s][info][gc,stats    ] Pause Final Update Refs (N)         185 us
[2026-04-03T02:04:21.756+0600][12.506s][info][gc,stats    ]   Update Region States               49 us
[2026-04-03T02:04:21.756+0600][12.506s][info][gc,stats    ]   Trash Collection Set               10 us
[2026-04-03T02:04:21.756+0600][12.506s][info][gc,stats    ]   Rebuild Free Set                   32 us
[2026-04-03T02:04:21.756+0600][12.506s][info][gc,stats    ] Concurrent Cleanup                  628 us
[2026-04-03T02:04:21.756+0600][12.506s][info][gc,stats    ] 
[2026-04-03T02:04:21.756+0600][12.506s][info][gc,stats    ] Allocation pacing accrued:
[2026-04-03T02:04:21.756+0600][12.506s][info][gc,stats    ]       0 of   149 ms (  0.0%): <total>
[2026-04-03T02:04:21.756+0600][12.506s][info][gc,stats    ]       0 of   149 ms (  0.0%): <average total>
[2026-04-03T02:04:21.756+0600][12.506s][info][gc,stats    ] 
[2026-04-03T02:04:21.756+0600][12.506s][info][gc,metaspace] Metaspace: 55267K(55744K)->55130K(55744K) NonClass: 48303K(48576K)->48204K(48576K) Class: 6964K(7168K)->6926K(7168K)
[2026-04-03T02:04:21.756+0600][12.506s][info][gc,ergo     ] Pacer for Idle. Initial: 40960K, Alloc Tax Rate: 1.0x
[2026-04-03T02:04:21.756+0600][12.506s][info][gc,start    ] Concurrent uncommit
[2026-04-03T02:04:21.835+0600][12.585s][info][gc          ] Concurrent uncommit 28M->29M(31M) 78.983ms
[2026-04-03T02:04:24.597+0600][15.347s][info][gc          ] Trigger: Learning 2 of 5. Free (1399M) is below initial threshold (1400M)
[2026-04-03T02:04:24.597+0600][15.347s][info][gc,ergo     ] Free: 1399M, Max: 512K regular, 1399M humongous, Frag: 0% external, 0% internal; Reserve: 100M, Max: 512K
[2026-04-03T02:04:24.597+0600][15.347s][info][gc,start    ] GC(6) Concurrent reset
[2026-04-03T02:04:24.597+0600][15.347s][info][gc,task     ] GC(6) Using 3 of 6 workers for concurrent reset
[2026-04-03T02:04:24.597+0600][15.347s][info][gc,ergo     ] GC(6) Pacer for Reset. Non-Taxable: 2000M
[2026-04-03T02:04:24.598+0600][15.348s][info][gc          ] GC(6) Concurrent reset 0.586ms
[2026-04-03T02:04:24.600+0600][15.350s][info][gc,start    ] GC(6) Pause Init Mark (unload classes)
[2026-04-03T02:04:24.600+0600][15.350s][info][gc,task     ] GC(6) Using 6 of 6 workers for init marking
[2026-04-03T02:04:24.600+0600][15.350s][info][gc,ergo     ] GC(6) Pacer for Mark. Expected Live: 46868K, Free: 1397M, Non-Taxable: 139M, Alloc Tax Rate: 0.0x
[2026-04-03T02:04:24.600+0600][15.350s][info][gc          ] GC(6) Pause Init Mark (unload classes) 0.078ms
[2026-04-03T02:04:24.600+0600][15.350s][info][gc,start    ] GC(6) Concurrent marking roots
[2026-04-03T02:04:24.601+0600][15.350s][info][gc,task     ] GC(6) Using 3 of 6 workers for concurrent marking roots
[2026-04-03T02:04:24.602+0600][15.352s][info][gc          ] GC(6) Concurrent marking roots 1.408ms
[2026-04-03T02:04:24.602+0600][15.352s][info][gc,start    ] GC(6) Concurrent marking (unload classes)
[2026-04-03T02:04:24.602+0600][15.352s][info][gc,task     ] GC(6) Using 3 of 6 workers for concurrent marking
[2026-04-03T02:04:24.648+0600][15.397s][info][gc          ] GC(6) Concurrent marking (unload classes) 45.681ms
[2026-04-03T02:04:24.648+0600][15.398s][info][gc,start    ] GC(6) Pause Final Mark (unload classes)
[2026-04-03T02:04:24.648+0600][15.398s][info][gc,task     ] GC(6) Using 6 of 6 workers for final marking
[2026-04-03T02:04:24.648+0600][15.398s][info][gc,ergo     ] GC(6) Adaptive CSet Selection. Target Free: 283M, Actual Free: 1489M, Max CSet: 85333K, Min Garbage: 0B
[2026-04-03T02:04:24.649+0600][15.398s][info][gc,ergo     ] GC(6) Collectable Garbage: 430M (99%), Immediate: 16272K (3%), CSet: 414M (95%)
[2026-04-03T02:04:24.649+0600][15.398s][info][gc,ergo     ] GC(6) Pacer for Evacuation. Used CSet: 449M, Free: 1395M, Non-Taxable: 139M, Alloc Tax Rate: 1.1x
[2026-04-03T02:04:24.649+0600][15.398s][info][gc          ] GC(6) Pause Final Mark (unload classes) 0.830ms
[2026-04-03T02:04:24.649+0600][15.399s][info][gc,start    ] GC(6) Concurrent thread roots
[2026-04-03T02:04:24.649+0600][15.399s][info][gc,task     ] GC(6) Using 3 of 6 workers for Concurrent thread roots
[2026-04-03T02:04:24.649+0600][15.399s][info][gc          ] GC(6) Concurrent thread roots 0.546ms
[2026-04-03T02:04:24.649+0600][15.399s][info][gc,start    ] GC(6) Concurrent weak references
[2026-04-03T02:04:24.649+0600][15.399s][info][gc,task     ] GC(6) Using 3 of 6 workers for concurrent weak references
[2026-04-03T02:04:24.650+0600][15.400s][info][gc,ref      ] GC(6) Encountered references: Soft: 2956, Weak: 5072, Final: 82, Phantom: 593
[2026-04-03T02:04:24.650+0600][15.400s][info][gc,ref      ] GC(6) Discovered  references: Soft: 0, Weak: 843, Final: 0, Phantom: 590
[2026-04-03T02:04:24.650+0600][15.400s][info][gc,ref      ] GC(6) Enqueued    references: Soft: 0, Weak: 565, Final: 0, Phantom: 0
[2026-04-03T02:04:24.650+0600][15.400s][info][gc          ] GC(6) Concurrent weak references 0.539ms
[2026-04-03T02:04:24.650+0600][15.400s][info][gc,start    ] GC(6) Concurrent weak roots
[2026-04-03T02:04:24.650+0600][15.400s][info][gc,task     ] GC(6) Using 3 of 6 workers for concurrent weak root
[2026-04-03T02:04:24.652+0600][15.402s][info][gc          ] GC(6) Concurrent weak roots 1.953ms
[2026-04-03T02:04:24.652+0600][15.402s][info][gc,start    ] GC(6) Concurrent cleanup
[2026-04-03T02:04:24.652+0600][15.402s][info][gc          ] GC(6) Concurrent cleanup 520M->504M(528M) 0.220ms
[2026-04-03T02:04:24.652+0600][15.402s][info][gc,ergo     ] GC(6) Free: 1393M, Max: 512K regular, 1372M humongous, Frag: 2% external, 0% internal; Reserve: 102067K, Max: 512K
[2026-04-03T02:04:24.652+0600][15.402s][info][gc,start    ] GC(6) Concurrent class unloading
[2026-04-03T02:04:24.652+0600][15.402s][info][gc,task     ] GC(6) Using 3 of 6 workers for concurrent class unloading
[2026-04-03T02:04:24.658+0600][15.408s][info][gc          ] GC(6) Concurrent class unloading 5.910ms
[2026-04-03T02:04:24.658+0600][15.408s][info][gc,start    ] GC(6) Concurrent strong roots
[2026-04-03T02:04:24.658+0600][15.408s][info][gc,task     ] GC(6) Using 3 of 6 workers for concurrent strong root
[2026-04-03T02:04:24.659+0600][15.409s][info][gc          ] GC(6) Concurrent strong roots 0.854ms
[2026-04-03T02:04:24.659+0600][15.409s][info][gc,start    ] GC(6) Concurrent evacuation
[2026-04-03T02:04:24.659+0600][15.409s][info][gc,task     ] GC(6) Using 3 of 6 workers for concurrent evacuation
[2026-04-03T02:04:24.689+0600][15.439s][info][gc          ] GC(6) Concurrent evacuation 30.000ms
[2026-04-03T02:04:24.689+0600][15.439s][info][gc,start    ] GC(6) Pause Init Update Refs
[2026-04-03T02:04:24.689+0600][15.439s][info][gc,ergo     ] GC(6) Pacer for Update Refs. Used: 567M, Free: 1365M, Non-Taxable: 136M, Alloc Tax Rate: 1.1x
[2026-04-03T02:04:24.689+0600][15.439s][info][gc          ] GC(6) Pause Init Update Refs 0.100ms
[2026-04-03T02:04:24.690+0600][15.439s][info][gc,start    ] GC(6) Concurrent update references
[2026-04-03T02:04:24.690+0600][15.439s][info][gc,task     ] GC(6) Using 3 of 6 workers for concurrent reference update
[2026-04-03T02:04:24.720+0600][15.470s][info][gc          ] GC(6) Concurrent update references 30.353ms
[2026-04-03T02:04:24.720+0600][15.470s][info][gc,start    ] GC(6) Concurrent update thread roots
[2026-04-03T02:04:24.720+0600][15.470s][info][gc          ] GC(6) Concurrent update thread roots 0.499ms
[2026-04-03T02:04:24.721+0600][15.470s][info][gc,start    ] GC(6) Pause Final Update Refs
[2026-04-03T02:04:24.721+0600][15.471s][info][gc,task     ] GC(6) Using 6 of 6 workers for final reference update
[2026-04-03T02:04:24.721+0600][15.471s][info][gc          ] GC(6) Pause Final Update Refs 0.202ms
[2026-04-03T02:04:24.721+0600][15.471s][info][gc,start    ] GC(6) Concurrent cleanup
[2026-04-03T02:04:24.721+0600][15.471s][info][gc          ] GC(6) Concurrent cleanup 585M->136M(588M) 0.373ms
[2026-04-03T02:04:24.721+0600][15.471s][info][gc,ergo     ] Free: 1761M, Max: 512K regular, 1312M humongous, Frag: 26% external, 0% internal; Reserve: 100M, Max: 512K
[2026-04-03T02:04:24.722+0600][15.471s][info][gc,stats    ] 
[2026-04-03T02:04:24.722+0600][15.471s][info][gc,stats    ] All times are wall-clock times, except per-root-class counters, that are sum over
[2026-04-03T02:04:24.722+0600][15.471s][info][gc,stats    ] all workers. Dividing the <total> over the root stage time estimates parallelism.
[2026-04-03T02:04:24.722+0600][15.471s][info][gc,stats    ] 
[2026-04-03T02:04:24.722+0600][15.471s][info][gc,stats    ] Concurrent Reset                   2659 us
[2026-04-03T02:04:24.722+0600][15.471s][info][gc,stats    ] Pause Init Mark (G)                 502 us
[2026-04-03T02:04:24.722+0600][15.471s][info][gc,stats    ] Pause Init Mark (N)                  84 us
[2026-04-03T02:04:24.722+0600][15.471s][info][gc,stats    ]   Update Region States               22 us
[2026-04-03T02:04:24.722+0600][15.471s][info][gc,stats    ] Concurrent Mark Roots              1439 us, parallelism: 1.41x
[2026-04-03T02:04:24.722+0600][15.471s][info][gc,stats    ]   CMR: <total>                     2032 us
[2026-04-03T02:04:24.722+0600][15.471s][info][gc,stats    ]   CMR: Thread Roots                1682 us, workers (us): 825, 482, 375, ---, ---, ---, 
[2026-04-03T02:04:24.722+0600][15.471s][info][gc,stats    ]   CMR: VM Strong Roots              123 us, workers (us):  88,  18,  18, ---, ---, ---, 
[2026-04-03T02:04:24.722+0600][15.471s][info][gc,stats    ]   CMR: CLDG Roots                   227 us, workers (us): 227, ---, ---, ---, ---, ---, 
[2026-04-03T02:04:24.722+0600][15.471s][info][gc,stats    ] Concurrent Marking                45760 us
[2026-04-03T02:04:24.722+0600][15.472s][info][gc,stats    ] Pause Final Mark (G)               1072 us
[2026-04-03T02:04:24.722+0600][15.472s][info][gc,stats    ] Pause Final Mark (N)                842 us
[2026-04-03T02:04:24.722+0600][15.472s][info][gc,stats    ]   Finish Mark                       335 us
[2026-04-03T02:04:24.722+0600][15.472s][info][gc,stats    ]   Update Region States               53 us
[2026-04-03T02:04:24.722+0600][15.472s][info][gc,stats    ]   Choose Collection Set             288 us
[2026-04-03T02:04:24.722+0600][15.472s][info][gc,stats    ]   Rebuild Free Set                   45 us
[2026-04-03T02:04:24.722+0600][15.472s][info][gc,stats    ] Concurrent Thread Roots             596 us, parallelism: 1.23x
[2026-04-03T02:04:24.722+0600][15.472s][info][gc,stats    ]   CTR: <total>                      730 us
[2026-04-03T02:04:24.722+0600][15.472s][info][gc,stats    ]   CTR: Thread Roots                 730 us, workers (us): 302, 232, 196, ---, ---, ---, 
[2026-04-03T02:04:24.722+0600][15.472s][info][gc,stats    ] Concurrent Weak References          552 us, parallelism: 0.80x
[2026-04-03T02:04:24.722+0600][15.472s][info][gc,stats    ]   CWRF: <total>                     444 us
[2026-04-03T02:04:24.722+0600][15.472s][info][gc,stats    ]   CWRF: Weak References             444 us, workers (us): 287, 156,   1, ---, ---, ---, 
[2026-04-03T02:04:24.722+0600][15.472s][info][gc,stats    ] Concurrent Weak Roots              2007 us
[2026-04-03T02:04:24.722+0600][15.472s][info][gc,stats    ]   Roots                            1689 us, parallelism: 2.43x
[2026-04-03T02:04:24.722+0600][15.472s][info][gc,stats    ]     CWR: <total>                   4108 us
[2026-04-03T02:04:24.722+0600][15.472s][info][gc,stats    ]     CWR: Code Cache Roots          1763 us, workers (us): 627, 499, 636, ---, ---, ---, 
[2026-04-03T02:04:24.722+0600][15.472s][info][gc,stats    ]     CWR: VM Weak Roots             2226 us, workers (us): 804, 710, 712, ---, ---, ---, 
[2026-04-03T02:04:24.722+0600][15.472s][info][gc,stats    ]     CWR: CLDG Roots                 119 us, workers (us): ---, 119, ---, ---, ---, ---, 
[2026-04-03T02:04:24.722+0600][15.472s][info][gc,stats    ]   Rendezvous                        238 us
[2026-04-03T02:04:24.722+0600][15.472s][info][gc,stats    ] Concurrent Cleanup                  238 us
[2026-04-03T02:04:24.722+0600][15.472s][info][gc,stats    ] Concurrent Class Unloading         5979 us
[2026-04-03T02:04:24.722+0600][15.472s][info][gc,stats    ]   Unlink Stale                     3240 us
[2026-04-03T02:04:24.722+0600][15.472s][info][gc,stats    ]     System Dictionary                89 us
[2026-04-03T02:04:24.722+0600][15.472s][info][gc,stats    ]     Weak Class Links                  0 us
[2026-04-03T02:04:24.722+0600][15.472s][info][gc,stats    ]     Code Roots                     3147 us
[2026-04-03T02:04:24.722+0600][15.472s][info][gc,stats    ]   Rendezvous                        186 us
[2026-04-03T02:04:24.722+0600][15.472s][info][gc,stats    ]   Purge Unlinked                   2453 us
[2026-04-03T02:04:24.722+0600][15.472s][info][gc,stats    ]     Code Roots                     2426 us
[2026-04-03T02:04:24.722+0600][15.472s][info][gc,stats    ]     CLDG                             26 us
[2026-04-03T02:04:24.722+0600][15.472s][info][gc,stats    ]     Exception Caches                  0 us
[2026-04-03T02:04:24.722+0600][15.472s][info][gc,stats    ] Concurrent Strong Roots             895 us, parallelism: 0.74x
[2026-04-03T02:04:24.722+0600][15.472s][info][gc,stats    ]   CSR: <total>                      659 us
[2026-04-03T02:04:24.722+0600][15.472s][info][gc,stats    ]   CSR: VM Strong Roots               30 us, workers (us):  29,   1,   0, ---, ---, ---, 
[2026-04-03T02:04:24.722+0600][15.472s][info][gc,stats    ]   CSR: CLDG Roots                   629 us, workers (us): 629, ---, ---, ---, ---, ---, 
[2026-04-03T02:04:24.722+0600][15.472s][info][gc,stats    ] Concurrent Evacuation             30084 us
[2026-04-03T02:04:24.722+0600][15.472s][info][gc,stats    ] Pause Init Update Refs (G)          349 us
[2026-04-03T02:04:24.722+0600][15.472s][info][gc,stats    ] Pause Init Update Refs (N)          112 us
[2026-04-03T02:04:24.722+0600][15.472s][info][gc,stats    ]   Manage GCLABs                      16 us
[2026-04-03T02:04:24.722+0600][15.472s][info][gc,stats    ] Concurrent Update Refs            30466 us
[2026-04-03T02:04:24.722+0600][15.472s][info][gc,stats    ] Concurrent Update Thread Roots      525 us
[2026-04-03T02:04:24.722+0600][15.472s][info][gc,stats    ] Pause Final Update Refs (G)         511 us
[2026-04-03T02:04:24.722+0600][15.472s][info][gc,stats    ] Pause Final Update Refs (N)         229 us
[2026-04-03T02:04:24.722+0600][15.472s][info][gc,stats    ]   Update Region States               54 us
[2026-04-03T02:04:24.722+0600][15.472s][info][gc,stats    ]   Trash Collection Set               16 us
[2026-04-03T02:04:24.722+0600][15.472s][info][gc,stats    ]   Rebuild Free Set                   36 us
[2026-04-03T02:04:24.722+0600][15.472s][info][gc,stats    ] Concurrent Cleanup                  395 us
[2026-04-03T02:04:24.722+0600][15.472s][info][gc,stats    ] 
[2026-04-03T02:04:24.722+0600][15.472s][info][gc,stats    ] Allocation pacing accrued:
[2026-04-03T02:04:24.722+0600][15.472s][info][gc,stats    ]       0 of  2966 ms (  0.0%): <total>
[2026-04-03T02:04:24.722+0600][15.472s][info][gc,stats    ]       0 of  2966 ms (  0.0%): <average total>
[2026-04-03T02:04:24.722+0600][15.472s][info][gc,stats    ] 
[2026-04-03T02:04:24.722+0600][15.472s][info][gc,metaspace] Metaspace: 61558K(62144K)->61561K(62144K) NonClass: 53856K(54208K)->53859K(54208K) Class: 7702K(7936K)->7702K(7936K)
[2026-04-03T02:04:24.722+0600][15.472s][info][gc,ergo     ] Pacer for Idle. Initial: 40960K, Alloc Tax Rate: 1.0x
[2026-04-03T02:04:24.916+0600][15.666s][info][gc          ] Trigger: Learning 3 of 5. Free (1399M) is below initial threshold (1400M)
[2026-04-03T02:04:24.917+0600][15.666s][info][gc,ergo     ] Free: 1399M, Max: 512K regular, 1312M humongous, Frag: 7% external, 0% internal; Reserve: 100M, Max: 512K
[2026-04-03T02:04:24.917+0600][15.666s][info][gc,start    ] GC(7) Concurrent reset
[2026-04-03T02:04:24.917+0600][15.666s][info][gc,task     ] GC(7) Using 3 of 6 workers for concurrent reset
[2026-04-03T02:04:24.917+0600][15.666s][info][gc,ergo     ] GC(7) Pacer for Reset. Non-Taxable: 2000M
[2026-04-03T02:04:24.918+0600][15.668s][info][gc          ] GC(7) Concurrent reset 1.624ms
[2026-04-03T02:04:24.918+0600][15.668s][info][gc,start    ] GC(7) Pause Init Mark (unload classes)
[2026-04-03T02:04:24.918+0600][15.668s][info][gc,task     ] GC(7) Using 6 of 6 workers for init marking
[2026-04-03T02:04:24.919+0600][15.668s][info][gc,ergo     ] GC(7) Pacer for Mark. Expected Live: 55223K, Free: 1396M, Non-Taxable: 139M, Alloc Tax Rate: 0.0x
[2026-04-03T02:04:24.919+0600][15.668s][info][gc          ] GC(7) Pause Init Mark (unload classes) 0.093ms
[2026-04-03T02:04:24.919+0600][15.668s][info][gc,start    ] GC(7) Concurrent marking roots
[2026-04-03T02:04:24.919+0600][15.669s][info][gc,task     ] GC(7) Using 3 of 6 workers for concurrent marking roots
[2026-04-03T02:04:24.919+0600][15.669s][info][gc          ] GC(7) Concurrent marking roots 0.556ms
[2026-04-03T02:04:24.919+0600][15.669s][info][gc,start    ] GC(7) Concurrent marking (unload classes)
[2026-04-03T02:04:24.919+0600][15.669s][info][gc,task     ] GC(7) Using 3 of 6 workers for concurrent marking
[2026-04-03T02:04:24.977+0600][15.727s][info][gc          ] GC(7) Concurrent marking (unload classes) 57.630ms
[2026-04-03T02:04:24.977+0600][15.727s][info][gc,start    ] GC(7) Pause Final Mark (unload classes)
[2026-04-03T02:04:24.977+0600][15.727s][info][gc,task     ] GC(7) Using 6 of 6 workers for final marking
[2026-04-03T02:04:24.978+0600][15.727s][info][gc,ergo     ] GC(7) Adaptive CSet Selection. Target Free: 283M, Actual Free: 1485M, Max CSet: 85333K, Min Garbage: 0B
[2026-04-03T02:04:24.978+0600][15.728s][info][gc,ergo     ] GC(7) Collectable Garbage: 397M (99%), Immediate: 2048K (0%), CSet: 395M (98%)
[2026-04-03T02:04:24.978+0600][15.728s][info][gc,ergo     ] GC(7) Pacer for Evacuation. Used CSet: 433M, Free: 1386M, Non-Taxable: 138M, Alloc Tax Rate: 1.1x
[2026-04-03T02:04:24.978+0600][15.728s][info][gc          ] GC(7) Pause Final Mark (unload classes) 0.748ms
[2026-04-03T02:04:24.978+0600][15.728s][info][gc,start    ] GC(7) Concurrent thread roots
[2026-04-03T02:04:24.978+0600][15.728s][info][gc,task     ] GC(7) Using 3 of 6 workers for Concurrent thread roots
[2026-04-03T02:04:24.979+0600][15.729s][info][gc          ] GC(7) Concurrent thread roots 1.528ms
[2026-04-03T02:04:24.980+0600][15.729s][info][gc,start    ] GC(7) Concurrent weak references
[2026-04-03T02:04:24.980+0600][15.729s][info][gc,task     ] GC(7) Using 3 of 6 workers for concurrent weak references
[2026-04-03T02:04:24.980+0600][15.730s][info][gc,ref      ] GC(7) Encountered references: Soft: 2956, Weak: 4506, Final: 82, Phantom: 593
[2026-04-03T02:04:24.980+0600][15.730s][info][gc,ref      ] GC(7) Discovered  references: Soft: 0, Weak: 2618, Final: 0, Phantom: 590
[2026-04-03T02:04:24.980+0600][15.730s][info][gc,ref      ] GC(7) Enqueued    references: Soft: 0, Weak: 0, Final: 0, Phantom: 0
[2026-04-03T02:04:24.980+0600][15.730s][info][gc          ] GC(7) Concurrent weak references 0.724ms
[2026-04-03T02:04:24.980+0600][15.730s][info][gc,start    ] GC(7) Concurrent weak roots
[2026-04-03T02:04:24.980+0600][15.730s][info][gc,task     ] GC(7) Using 3 of 6 workers for concurrent weak root
[2026-04-03T02:04:24.982+0600][15.732s][info][gc          ] GC(7) Concurrent weak roots 1.559ms
[2026-04-03T02:04:24.982+0600][15.732s][info][gc,start    ] GC(7) Concurrent cleanup
[2026-04-03T02:04:24.982+0600][15.732s][info][gc          ] GC(7) Concurrent cleanup 512M->510M(588M) 0.231ms
[2026-04-03T02:04:24.982+0600][15.732s][info][gc,ergo     ] GC(7) Free: 1385M, Max: 512K regular, 1312M humongous, Frag: 6% external, 0% internal; Reserve: 102355K, Max: 512K
[2026-04-03T02:04:24.982+0600][15.732s][info][gc,start    ] GC(7) Concurrent class unloading
[2026-04-03T02:04:24.982+0600][15.732s][info][gc,task     ] GC(7) Using 3 of 6 workers for concurrent class unloading
[2026-04-03T02:04:24.986+0600][15.736s][info][gc          ] GC(7) Concurrent class unloading 4.079ms
[2026-04-03T02:04:24.986+0600][15.736s][info][gc,start    ] GC(7) Concurrent strong roots
[2026-04-03T02:04:24.986+0600][15.736s][info][gc,task     ] GC(7) Using 3 of 6 workers for concurrent strong root
[2026-04-03T02:04:24.987+0600][15.737s][info][gc          ] GC(7) Concurrent strong roots 0.653ms
[2026-04-03T02:04:24.987+0600][15.737s][info][gc,start    ] GC(7) Concurrent evacuation
[2026-04-03T02:04:24.987+0600][15.737s][info][gc,task     ] GC(7) Using 3 of 6 workers for concurrent evacuation
[2026-04-03T02:04:25.024+0600][15.774s][info][gc          ] GC(7) Concurrent evacuation 36.849ms
[2026-04-03T02:04:25.024+0600][15.774s][info][gc,start    ] GC(7) Pause Init Update Refs
[2026-04-03T02:04:25.024+0600][15.774s][info][gc,ergo     ] GC(7) Pacer for Update Refs. Used: 551M, Free: 1383M, Non-Taxable: 138M, Alloc Tax Rate: 1.1x
[2026-04-03T02:04:25.024+0600][15.774s][info][gc          ] GC(7) Pause Init Update Refs 0.146ms
[2026-04-03T02:04:25.024+0600][15.774s][info][gc,start    ] GC(7) Concurrent update references
[2026-04-03T02:04:25.025+0600][15.774s][info][gc,task     ] GC(7) Using 3 of 6 workers for concurrent reference update
[2026-04-03T02:04:25.101+0600][15.851s][info][gc          ] GC(7) Concurrent update references 76.620ms
[2026-04-03T02:04:25.101+0600][15.851s][info][gc,start    ] GC(7) Concurrent update thread roots
[2026-04-03T02:04:25.102+0600][15.852s][info][gc          ] GC(7) Concurrent update thread roots 1.273ms
[2026-04-03T02:04:25.103+0600][15.852s][info][gc,start    ] GC(7) Pause Final Update Refs
[2026-04-03T02:04:25.103+0600][15.853s][info][gc,task     ] GC(7) Using 6 of 6 workers for final reference update
[2026-04-03T02:04:25.103+0600][15.853s][info][gc          ] GC(7) Pause Final Update Refs 0.266ms
[2026-04-03T02:04:25.103+0600][15.853s][info][gc,start    ] GC(7) Concurrent cleanup
[2026-04-03T02:04:25.104+0600][15.853s][info][gc          ] GC(7) Concurrent cleanup 557M->124M(626M) 0.474ms
[2026-04-03T02:04:25.104+0600][15.853s][info][gc,ergo     ] Free: 1772M, Max: 512K regular, 1391M humongous, Frag: 22% external, 0% internal; Reserve: 100M, Max: 512K
[2026-04-03T02:04:25.104+0600][15.854s][info][gc,stats    ] 
[2026-04-03T02:04:25.104+0600][15.854s][info][gc,stats    ] All times are wall-clock times, except per-root-class counters, that are sum over
[2026-04-03T02:04:25.104+0600][15.854s][info][gc,stats    ] all workers. Dividing the <total> over the root stage time estimates parallelism.
[2026-04-03T02:04:25.104+0600][15.854s][info][gc,stats    ] 
[2026-04-03T02:04:25.104+0600][15.854s][info][gc,stats    ] Concurrent Reset                   1672 us
[2026-04-03T02:04:25.104+0600][15.854s][info][gc,stats    ] Pause Init Mark (G)                 448 us
[2026-04-03T02:04:25.104+0600][15.854s][info][gc,stats    ] Pause Init Mark (N)                 100 us
[2026-04-03T02:04:25.104+0600][15.854s][info][gc,stats    ]   Update Region States               25 us
[2026-04-03T02:04:25.104+0600][15.854s][info][gc,stats    ] Concurrent Mark Roots               593 us, parallelism: 1.09x
[2026-04-03T02:04:25.104+0600][15.854s][info][gc,stats    ]   CMR: <total>                      645 us
[2026-04-03T02:04:25.104+0600][15.854s][info][gc,stats    ]   CMR: Thread Roots                 424 us, workers (us):  30, 188, 206, ---, ---, ---, 
[2026-04-03T02:04:25.104+0600][15.854s][info][gc,stats    ]   CMR: VM Strong Roots               17 us, workers (us):  16,   1,   0, ---, ---, ---, 
[2026-04-03T02:04:25.104+0600][15.854s][info][gc,stats    ]   CMR: CLDG Roots                   204 us, workers (us): 204, ---, ---, ---, ---, ---, 
[2026-04-03T02:04:25.104+0600][15.854s][info][gc,stats    ] Concurrent Marking                57709 us
[2026-04-03T02:04:25.104+0600][15.854s][info][gc,stats    ] Pause Final Mark (G)                935 us
[2026-04-03T02:04:25.104+0600][15.854s][info][gc,stats    ] Pause Final Mark (N)                761 us
[2026-04-03T02:04:25.104+0600][15.854s][info][gc,stats    ]   Finish Mark                       227 us
[2026-04-03T02:04:25.104+0600][15.854s][info][gc,stats    ]   Update Region States              117 us
[2026-04-03T02:04:25.104+0600][15.854s][info][gc,stats    ]   Choose Collection Set             254 us
[2026-04-03T02:04:25.104+0600][15.854s][info][gc,stats    ]   Rebuild Free Set                   40 us
[2026-04-03T02:04:25.104+0600][15.854s][info][gc,stats    ] Concurrent Thread Roots            1570 us, parallelism: 1.40x
[2026-04-03T02:04:25.104+0600][15.854s][info][gc,stats    ]   CTR: <total>                     2200 us
[2026-04-03T02:04:25.104+0600][15.854s][info][gc,stats    ]   CTR: Thread Roots                2200 us, workers (us): 471, 483, 1245, ---, ---, ---, 
[2026-04-03T02:04:25.104+0600][15.854s][info][gc,stats    ] Concurrent Weak References          737 us, parallelism: 0.85x
[2026-04-03T02:04:25.104+0600][15.854s][info][gc,stats    ]   CWRF: <total>                     625 us
[2026-04-03T02:04:25.104+0600][15.854s][info][gc,stats    ]   CWRF: Weak References             625 us, workers (us): 519,   1, 105, ---, ---, ---, 
[2026-04-03T02:04:25.104+0600][15.854s][info][gc,stats    ] Concurrent Weak Roots              1621 us
[2026-04-03T02:04:25.104+0600][15.854s][info][gc,stats    ]   Roots                            1306 us, parallelism: 2.33x
[2026-04-03T02:04:25.104+0600][15.854s][info][gc,stats    ]     CWR: <total>                   3037 us
[2026-04-03T02:04:25.104+0600][15.854s][info][gc,stats    ]     CWR: Code Cache Roots          1871 us, workers (us): 631, 660, 581, ---, ---, ---, 
[2026-04-03T02:04:25.104+0600][15.854s][info][gc,stats    ]     CWR: VM Weak Roots             1092 us, workers (us): 416, 339, 337, ---, ---, ---, 
[2026-04-03T02:04:25.104+0600][15.854s][info][gc,stats    ]     CWR: CLDG Roots                  74 us, workers (us): ---, ---,  74, ---, ---, ---, 
[2026-04-03T02:04:25.104+0600][15.854s][info][gc,stats    ]   Rendezvous                        225 us
[2026-04-03T02:04:25.104+0600][15.854s][info][gc,stats    ] Concurrent Cleanup                  252 us
[2026-04-03T02:04:25.104+0600][15.854s][info][gc,stats    ] Concurrent Class Unloading         4151 us
[2026-04-03T02:04:25.104+0600][15.854s][info][gc,stats    ]   Unlink Stale                     3510 us
[2026-04-03T02:04:25.104+0600][15.854s][info][gc,stats    ]     System Dictionary                65 us
[2026-04-03T02:04:25.104+0600][15.854s][info][gc,stats    ]     Weak Class Links                  0 us
[2026-04-03T02:04:25.104+0600][15.854s][info][gc,stats    ]     Code Roots                     3441 us
[2026-04-03T02:04:25.104+0600][15.854s][info][gc,stats    ]   Rendezvous                        288 us
[2026-04-03T02:04:25.104+0600][15.854s][info][gc,stats    ]   Purge Unlinked                    251 us
[2026-04-03T02:04:25.104+0600][15.854s][info][gc,stats    ]     Code Roots                      240 us
[2026-04-03T02:04:25.104+0600][15.854s][info][gc,stats    ]     CLDG                             10 us
[2026-04-03T02:04:25.104+0600][15.854s][info][gc,stats    ]     Exception Caches                  0 us
[2026-04-03T02:04:25.104+0600][15.854s][info][gc,stats    ] Concurrent Strong Roots             703 us, parallelism: 0.58x
[2026-04-03T02:04:25.104+0600][15.854s][info][gc,stats    ]   CSR: <total>                      408 us
[2026-04-03T02:04:25.104+0600][15.854s][info][gc,stats    ]   CSR: VM Strong Roots               15 us, workers (us):  13,   2,   1, ---, ---, ---, 
[2026-04-03T02:04:25.104+0600][15.854s][info][gc,stats    ]   CSR: CLDG Roots                   392 us, workers (us): 392, ---, ---, ---, ---, ---, 
[2026-04-03T02:04:25.104+0600][15.854s][info][gc,stats    ] Concurrent Evacuation             36937 us
[2026-04-03T02:04:25.104+0600][15.854s][info][gc,stats    ] Pause Init Update Refs (G)          467 us
[2026-04-03T02:04:25.104+0600][15.854s][info][gc,stats    ] Pause Init Update Refs (N)          165 us
[2026-04-03T02:04:25.104+0600][15.854s][info][gc,stats    ]   Manage GCLABs                      19 us
[2026-04-03T02:04:25.104+0600][15.854s][info][gc,stats    ] Concurrent Update Refs            76719 us
[2026-04-03T02:04:25.104+0600][15.854s][info][gc,stats    ] Concurrent Update Thread Roots     1373 us
[2026-04-03T02:04:25.104+0600][15.854s][info][gc,stats    ] Pause Final Update Refs (G)         537 us
[2026-04-03T02:04:25.104+0600][15.854s][info][gc,stats    ] Pause Final Update Refs (N)         280 us
[2026-04-03T02:04:25.104+0600][15.854s][info][gc,stats    ]   Update Region States               76 us
[2026-04-03T02:04:25.104+0600][15.854s][info][gc,stats    ]   Trash Collection Set               17 us
[2026-04-03T02:04:25.104+0600][15.854s][info][gc,stats    ]   Rebuild Free Set                   44 us
[2026-04-03T02:04:25.104+0600][15.854s][info][gc,stats    ] Concurrent Cleanup                  501 us
[2026-04-03T02:04:25.104+0600][15.854s][info][gc,stats    ] 
[2026-04-03T02:04:25.104+0600][15.854s][info][gc,stats    ] Allocation pacing accrued:
[2026-04-03T02:04:25.104+0600][15.854s][info][gc,stats    ]       0 of   382 ms (  0.0%): <total>
[2026-04-03T02:04:25.104+0600][15.854s][info][gc,stats    ]       0 of   382 ms (  0.0%): <average total>
[2026-04-03T02:04:25.104+0600][15.854s][info][gc,stats    ] 
[2026-04-03T02:04:25.104+0600][15.854s][info][gc,metaspace] Metaspace: 61561K(62144K)->62545K(63296K) NonClass: 53859K(54208K)->54649K(55040K) Class: 7702K(7936K)->7895K(8256K)
[2026-04-03T02:04:25.104+0600][15.854s][info][gc,ergo     ] Pacer for Idle. Initial: 40960K, Alloc Tax Rate: 1.0x
[2026-04-03T02:04:25.804+0600][16.554s][info][gc          ] Trigger: Learning 4 of 5. Free (1398M) is below initial threshold (1400M)
[2026-04-03T02:04:25.804+0600][16.554s][info][gc,ergo     ] Free: 1398M, Max: 512K regular, 1391M humongous, Frag: 1% external, 0% internal; Reserve: 100M, Max: 512K
[2026-04-03T02:04:25.804+0600][16.554s][info][gc,start    ] GC(8) Concurrent reset
[2026-04-03T02:04:25.804+0600][16.554s][info][gc,task     ] GC(8) Using 3 of 6 workers for concurrent reset
[2026-04-03T02:04:25.804+0600][16.554s][info][gc,ergo     ] GC(8) Pacer for Reset. Non-Taxable: 2000M
[2026-04-03T02:04:25.805+0600][16.555s][info][gc          ] GC(8) Concurrent reset 1.546ms
[2026-04-03T02:04:25.806+0600][16.556s][info][gc,start    ] GC(8) Pause Init Mark (unload classes)
[2026-04-03T02:04:25.806+0600][16.556s][info][gc,task     ] GC(8) Using 6 of 6 workers for init marking
[2026-04-03T02:04:25.806+0600][16.556s][info][gc,ergo     ] GC(8) Pacer for Mark. Expected Live: 64262K, Free: 1395M, Non-Taxable: 139M, Alloc Tax Rate: 0.1x
[2026-04-03T02:04:25.806+0600][16.556s][info][gc          ] GC(8) Pause Init Mark (unload classes) 0.136ms
[2026-04-03T02:04:25.806+0600][16.556s][info][gc,start    ] GC(8) Concurrent marking roots
[2026-04-03T02:04:25.806+0600][16.556s][info][gc,task     ] GC(8) Using 3 of 6 workers for concurrent marking roots
[2026-04-03T02:04:25.807+0600][16.557s][info][gc          ] GC(8) Concurrent marking roots 0.860ms
[2026-04-03T02:04:25.807+0600][16.557s][info][gc,start    ] GC(8) Concurrent marking (unload classes)
[2026-04-03T02:04:25.807+0600][16.557s][info][gc,task     ] GC(8) Using 3 of 6 workers for concurrent marking
[2026-04-03T02:04:25.888+0600][16.638s][info][gc          ] GC(8) Concurrent marking (unload classes) 81.103ms
[2026-04-03T02:04:25.888+0600][16.638s][info][gc,start    ] GC(8) Pause Final Mark (unload classes)
[2026-04-03T02:04:25.888+0600][16.638s][info][gc,task     ] GC(8) Using 6 of 6 workers for final marking
[2026-04-03T02:04:25.889+0600][16.639s][info][gc,ergo     ] GC(8) Adaptive CSet Selection. Target Free: 283M, Actual Free: 1420M, Max CSet: 85333K, Min Garbage: 0B
[2026-04-03T02:04:25.889+0600][16.639s][info][gc,ergo     ] GC(8) Collectable Garbage: 371M (99%), Immediate: 12898K (3%), CSet: 358M (95%)
[2026-04-03T02:04:25.889+0600][16.639s][info][gc,ergo     ] GC(8) Pacer for Evacuation. Used CSet: 384M, Free: 1322M, Non-Taxable: 132M, Alloc Tax Rate: 1.1x
[2026-04-03T02:04:25.889+0600][16.639s][info][gc          ] GC(8) Pause Final Mark (unload classes) 0.770ms
[2026-04-03T02:04:25.889+0600][16.639s][info][gc,start    ] GC(8) Concurrent thread roots
[2026-04-03T02:04:25.889+0600][16.639s][info][gc,task     ] GC(8) Using 3 of 6 workers for Concurrent thread roots
[2026-04-03T02:04:25.890+0600][16.640s][info][gc          ] GC(8) Concurrent thread roots 0.605ms
[2026-04-03T02:04:25.890+0600][16.640s][info][gc,start    ] GC(8) Concurrent weak references
[2026-04-03T02:04:25.890+0600][16.640s][info][gc,task     ] GC(8) Using 3 of 6 workers for concurrent weak references
[2026-04-03T02:04:25.891+0600][16.641s][info][gc,ref      ] GC(8) Encountered references: Soft: 3145, Weak: 5611, Final: 82, Phantom: 594
[2026-04-03T02:04:25.891+0600][16.641s][info][gc,ref      ] GC(8) Discovered  references: Soft: 0, Weak: 3228, Final: 50, Phantom: 591
[2026-04-03T02:04:25.891+0600][16.641s][info][gc,ref      ] GC(8) Enqueued    references: Soft: 0, Weak: 400, Final: 0, Phantom: 0
[2026-04-03T02:04:25.891+0600][16.641s][info][gc          ] GC(8) Concurrent weak references 1.337ms
[2026-04-03T02:04:25.891+0600][16.641s][info][gc,start    ] GC(8) Concurrent weak roots
[2026-04-03T02:04:25.891+0600][16.641s][info][gc,task     ] GC(8) Using 3 of 6 workers for concurrent weak root
[2026-04-03T02:04:25.894+0600][16.643s][info][gc          ] GC(8) Concurrent weak roots 2.246ms
[2026-04-03T02:04:25.894+0600][16.643s][info][gc,start    ] GC(8) Concurrent cleanup
[2026-04-03T02:04:25.894+0600][16.644s][info][gc          ] GC(8) Concurrent cleanup 591M->579M(626M) 0.278ms
[2026-04-03T02:04:25.894+0600][16.644s][info][gc,ergo     ] GC(8) Free: 1318M, Max: 512K regular, 1303M humongous, Frag: 2% external, 0% internal; Reserve: 101888K, Max: 512K
[2026-04-03T02:04:25.894+0600][16.644s][info][gc,start    ] GC(8) Concurrent class unloading
[2026-04-03T02:04:25.894+0600][16.644s][info][gc,task     ] GC(8) Using 3 of 6 workers for concurrent class unloading
[2026-04-03T02:04:25.913+0600][16.663s][info][gc          ] GC(8) Concurrent class unloading 19.520ms
[2026-04-03T02:04:25.914+0600][16.663s][info][gc,start    ] GC(8) Concurrent strong roots
[2026-04-03T02:04:25.914+0600][16.663s][info][gc,task     ] GC(8) Using 3 of 6 workers for concurrent strong root
[2026-04-03T02:04:25.915+0600][16.665s][info][gc          ] GC(8) Concurrent strong roots 1.203ms
[2026-04-03T02:04:25.915+0600][16.665s][info][gc,start    ] GC(8) Concurrent evacuation
[2026-04-03T02:04:25.915+0600][16.665s][info][gc,task     ] GC(8) Using 3 of 6 workers for concurrent evacuation
[2026-04-03T02:04:25.950+0600][16.699s][info][gc          ] GC(8) Concurrent evacuation 34.660ms
[2026-04-03T02:04:25.950+0600][16.700s][info][gc,start    ] GC(8) Pause Init Update Refs
[2026-04-03T02:04:25.950+0600][16.700s][info][gc,ergo     ] GC(8) Pacer for Update Refs. Used: 648M, Free: 1275M, Non-Taxable: 127M, Alloc Tax Rate: 1.1x
[2026-04-03T02:04:25.950+0600][16.700s][info][gc          ] GC(8) Pause Init Update Refs 0.145ms
[2026-04-03T02:04:25.950+0600][16.700s][info][gc,start    ] GC(8) Concurrent update references
[2026-04-03T02:04:25.950+0600][16.700s][info][gc,task     ] GC(8) Using 3 of 6 workers for concurrent reference update
[2026-04-03T02:04:26.060+0600][16.810s][info][gc          ] GC(8) Concurrent update references 110.297ms
[2026-04-03T02:04:26.060+0600][16.810s][info][gc,start    ] GC(8) Concurrent update thread roots
[2026-04-03T02:04:26.061+0600][16.811s][info][gc          ] GC(8) Concurrent update thread roots 0.782ms
[2026-04-03T02:04:26.061+0600][16.811s][info][gc,start    ] GC(8) Pause Final Update Refs
[2026-04-03T02:04:26.062+0600][16.811s][info][gc,task     ] GC(8) Using 6 of 6 workers for final reference update
[2026-04-03T02:04:26.062+0600][16.812s][info][gc          ] GC(8) Pause Final Update Refs 0.269ms
[2026-04-03T02:04:26.062+0600][16.812s][info][gc,start    ] GC(8) Concurrent cleanup
[2026-04-03T02:04:26.063+0600][16.813s][info][gc          ] GC(8) Concurrent cleanup 720M->337M(724M) 0.883ms
[2026-04-03T02:04:26.063+0600][16.813s][info][gc,ergo     ] Free: 1559M, Max: 512K regular, 1177M humongous, Frag: 25% external, 0% internal; Reserve: 100M, Max: 512K
[2026-04-03T02:04:26.063+0600][16.813s][info][gc,stats    ] 
[2026-04-03T02:04:26.063+0600][16.813s][info][gc,stats    ] All times are wall-clock times, except per-root-class counters, that are sum over
[2026-04-03T02:04:26.063+0600][16.813s][info][gc,stats    ] all workers. Dividing the <total> over the root stage time estimates parallelism.
[2026-04-03T02:04:26.063+0600][16.813s][info][gc,stats    ] 
[2026-04-03T02:04:26.063+0600][16.813s][info][gc,stats    ] Concurrent Reset                   1610 us
[2026-04-03T02:04:26.063+0600][16.813s][info][gc,stats    ] Pause Init Mark (G)                 566 us
[2026-04-03T02:04:26.063+0600][16.813s][info][gc,stats    ] Pause Init Mark (N)                 145 us
[2026-04-03T02:04:26.063+0600][16.813s][info][gc,stats    ]   Update Region States               36 us
[2026-04-03T02:04:26.063+0600][16.813s][info][gc,stats    ] Concurrent Mark Roots               900 us, parallelism: 1.53x
[2026-04-03T02:04:26.063+0600][16.813s][info][gc,stats    ]   CMR: <total>                     1381 us
[2026-04-03T02:04:26.063+0600][16.813s][info][gc,stats    ]   CMR: Thread Roots                1063 us, workers (us): 233, 436, 395, ---, ---, ---, 
[2026-04-03T02:04:26.063+0600][16.813s][info][gc,stats    ]   CMR: VM Strong Roots               28 us, workers (us):  22,   5,   1, ---, ---, ---, 
[2026-04-03T02:04:26.063+0600][16.813s][info][gc,stats    ]   CMR: CLDG Roots                   290 us, workers (us): 290, ---, ---, ---, ---, ---, 
[2026-04-03T02:04:26.063+0600][16.813s][info][gc,stats    ] Concurrent Marking                81198 us
[2026-04-03T02:04:26.063+0600][16.813s][info][gc,stats    ] Pause Final Mark (G)               1055 us
[2026-04-03T02:04:26.063+0600][16.813s][info][gc,stats    ] Pause Final Mark (N)                782 us
[2026-04-03T02:04:26.063+0600][16.813s][info][gc,stats    ]   Finish Mark                       244 us
[2026-04-03T02:04:26.063+0600][16.813s][info][gc,stats    ]   Update Region States               86 us
[2026-04-03T02:04:26.063+0600][16.813s][info][gc,stats    ]   Choose Collection Set             290 us
[2026-04-03T02:04:26.063+0600][16.813s][info][gc,stats    ]   Rebuild Free Set                   39 us
[2026-04-03T02:04:26.063+0600][16.813s][info][gc,stats    ] Concurrent Thread Roots             651 us, parallelism: 1.67x
[2026-04-03T02:04:26.063+0600][16.813s][info][gc,stats    ]   CTR: <total>                     1088 us
[2026-04-03T02:04:26.063+0600][16.813s][info][gc,stats    ]   CTR: Thread Roots                1088 us, workers (us): 381, 367, 341, ---, ---, ---, 
[2026-04-03T02:04:26.063+0600][16.813s][info][gc,stats    ] Concurrent Weak References         1353 us, parallelism: 0.80x
[2026-04-03T02:04:26.063+0600][16.813s][info][gc,stats    ]   CWRF: <total>                    1081 us
[2026-04-03T02:04:26.063+0600][16.813s][info][gc,stats    ]   CWRF: Weak References            1081 us, workers (us): 1078,   1,   1, ---, ---, ---, 
[2026-04-03T02:04:26.063+0600][16.813s][info][gc,stats    ] Concurrent Weak Roots              2323 us
[2026-04-03T02:04:26.063+0600][16.813s][info][gc,stats    ]   Roots                            1980 us, parallelism: 2.49x
[2026-04-03T02:04:26.063+0600][16.813s][info][gc,stats    ]     CWR: <total>                   4928 us
[2026-04-03T02:04:26.063+0600][16.813s][info][gc,stats    ]     CWR: Code Cache Roots          2583 us, workers (us): 872, 875, 835, ---, ---, ---, 
[2026-04-03T02:04:26.063+0600][16.813s][info][gc,stats    ]     CWR: VM Weak Roots             2266 us, workers (us): 767, 754, 745, ---, ---, ---, 
[2026-04-03T02:04:26.063+0600][16.813s][info][gc,stats    ]     CWR: CLDG Roots                  79 us, workers (us):  79, ---, ---, ---, ---, ---, 
[2026-04-03T02:04:26.063+0600][16.813s][info][gc,stats    ]   Rendezvous                        206 us
[2026-04-03T02:04:26.063+0600][16.813s][info][gc,stats    ] Concurrent Cleanup                  313 us
[2026-04-03T02:04:26.063+0600][16.813s][info][gc,stats    ] Concurrent Class Unloading        19617 us
[2026-04-03T02:04:26.063+0600][16.813s][info][gc,stats    ]   Unlink Stale                    18064 us
[2026-04-03T02:04:26.063+0600][16.813s][info][gc,stats    ]     System Dictionary               319 us
[2026-04-03T02:04:26.063+0600][16.813s][info][gc,stats    ]     Weak Class Links              12499 us
[2026-04-03T02:04:26.063+0600][16.813s][info][gc,stats    ]     Code Roots                     5240 us
[2026-04-03T02:04:26.063+0600][16.813s][info][gc,stats    ]   Rendezvous                        205 us
[2026-04-03T02:04:26.063+0600][16.813s][info][gc,stats    ]   Purge Unlinked                   1214 us
[2026-04-03T02:04:26.063+0600][16.813s][info][gc,stats    ]     Code Roots                     1141 us
[2026-04-03T02:04:26.063+0600][16.813s][info][gc,stats    ]     CLDG                             71 us
[2026-04-03T02:04:26.063+0600][16.813s][info][gc,stats    ]     Exception Caches                  1 us
[2026-04-03T02:04:26.063+0600][16.813s][info][gc,stats    ] Concurrent Strong Roots            1282 us, parallelism: 0.68x
[2026-04-03T02:04:26.063+0600][16.813s][info][gc,stats    ]   CSR: <total>                      871 us
[2026-04-03T02:04:26.063+0600][16.813s][info][gc,stats    ]   CSR: VM Strong Roots               54 us, workers (us):  39,  14,   0, ---, ---, ---, 
[2026-04-03T02:04:26.064+0600][16.813s][info][gc,stats    ]   CSR: CLDG Roots                   817 us, workers (us): 817, ---, ---, ---, ---, ---, 
[2026-04-03T02:04:26.064+0600][16.813s][info][gc,stats    ] Concurrent Evacuation             34768 us
[2026-04-03T02:04:26.064+0600][16.813s][info][gc,stats    ] Pause Init Update Refs (G)          393 us
[2026-04-03T02:04:26.064+0600][16.813s][info][gc,stats    ] Pause Init Update Refs (N)          165 us
[2026-04-03T02:04:26.064+0600][16.813s][info][gc,stats    ]   Manage GCLABs                      19 us
[2026-04-03T02:04:26.064+0600][16.813s][info][gc,stats    ] Concurrent Update Refs           110394 us
[2026-04-03T02:04:26.064+0600][16.813s][info][gc,stats    ] Concurrent Update Thread Roots      840 us
[2026-04-03T02:04:26.064+0600][16.813s][info][gc,stats    ] Pause Final Update Refs (G)         616 us
[2026-04-03T02:04:26.064+0600][16.813s][info][gc,stats    ] Pause Final Update Refs (N)         294 us
[2026-04-03T02:04:26.064+0600][16.813s][info][gc,stats    ]   Update Region States               76 us
[2026-04-03T02:04:26.064+0600][16.813s][info][gc,stats    ]   Trash Collection Set               36 us
[2026-04-03T02:04:26.064+0600][16.813s][info][gc,stats    ]   Rebuild Free Set                   43 us
[2026-04-03T02:04:26.064+0600][16.813s][info][gc,stats    ] Concurrent Cleanup                  932 us
[2026-04-03T02:04:26.064+0600][16.813s][info][gc,stats    ] 
[2026-04-03T02:04:26.064+0600][16.813s][info][gc,stats    ] Allocation pacing accrued:
[2026-04-03T02:04:26.064+0600][16.813s][info][gc,stats    ]       0 of   959 ms (  0.0%): <total>
[2026-04-03T02:04:26.064+0600][16.814s][info][gc,stats    ]       0 of   959 ms (  0.0%): <average total>
[2026-04-03T02:04:26.064+0600][16.814s][info][gc,stats    ] 
[2026-04-03T02:04:26.064+0600][16.814s][info][gc,metaspace] Metaspace: 63784K(64640K)->64028K(64832K) NonClass: 55734K(56192K)->55923K(56384K) Class: 8050K(8448K)->8104K(8448K)
[2026-04-03T02:04:26.064+0600][16.814s][info][gc,ergo     ] Pacer for Idle. Initial: 40960K, Alloc Tax Rate: 1.0x
[2026-04-03T02:04:26.129+0600][16.879s][info][gc          ] Trigger: Learning 5 of 5. Free (1396M) is below initial threshold (1400M)
[2026-04-03T02:04:26.129+0600][16.879s][info][gc,ergo     ] Free: 1396M, Max: 512K regular, 1177M humongous, Frag: 16% external, 0% internal; Reserve: 100M, Max: 512K
[2026-04-03T02:04:26.129+0600][16.879s][info][gc,start    ] GC(9) Concurrent reset
[2026-04-03T02:04:26.129+0600][16.879s][info][gc,task     ] GC(9) Using 3 of 6 workers for concurrent reset
[2026-04-03T02:04:26.129+0600][16.879s][info][gc,ergo     ] GC(9) Pacer for Reset. Non-Taxable: 2000M
[2026-04-03T02:04:26.131+0600][16.881s][info][gc          ] GC(9) Concurrent reset 1.823ms
[2026-04-03T02:04:26.131+0600][16.881s][info][gc,start    ] GC(9) Pause Init Mark (unload classes)
[2026-04-03T02:04:26.131+0600][16.881s][info][gc,task     ] GC(9) Using 6 of 6 workers for init marking
[2026-04-03T02:04:26.131+0600][16.881s][info][gc,ergo     ] GC(9) Pacer for Mark. Expected Live: 70485K, Free: 1390M, Non-Taxable: 139M, Alloc Tax Rate: 0.1x
[2026-04-03T02:04:26.131+0600][16.881s][info][gc          ] GC(9) Pause Init Mark (unload classes) 0.132ms
[2026-04-03T02:04:26.131+0600][16.881s][info][gc,start    ] GC(9) Concurrent marking roots
[2026-04-03T02:04:26.131+0600][16.881s][info][gc,task     ] GC(9) Using 3 of 6 workers for concurrent marking roots
[2026-04-03T02:04:26.132+0600][16.882s][info][gc          ] GC(9) Concurrent marking roots 0.604ms
[2026-04-03T02:04:26.132+0600][16.882s][info][gc,start    ] GC(9) Concurrent marking (unload classes)
[2026-04-03T02:04:26.132+0600][16.882s][info][gc,task     ] GC(9) Using 3 of 6 workers for concurrent marking
[2026-04-03T02:04:26.218+0600][16.968s][info][gc          ] GC(9) Concurrent marking (unload classes) 86.020ms
[2026-04-03T02:04:26.218+0600][16.968s][info][gc,start    ] GC(9) Pause Final Mark (unload classes)
[2026-04-03T02:04:26.218+0600][16.968s][info][gc,task     ] GC(9) Using 6 of 6 workers for final marking
[2026-04-03T02:04:26.219+0600][16.968s][info][gc,ergo     ] GC(9) Adaptive CSet Selection. Target Free: 283M, Actual Free: 1325M, Max CSet: 85333K, Min Garbage: 0B
[2026-04-03T02:04:26.219+0600][16.969s][info][gc,ergo     ] GC(9) Collectable Garbage: 358M (99%), Immediate: 2410K (0%), CSet: 355M (98%)
[2026-04-03T02:04:26.219+0600][16.969s][info][gc,ergo     ] GC(9) Pacer for Evacuation. Used CSet: 376M, Free: 1226M, Non-Taxable: 122M, Alloc Tax Rate: 1.1x
[2026-04-03T02:04:26.219+0600][16.969s][info][gc          ] GC(9) Pause Final Mark (unload classes) 1.070ms
[2026-04-03T02:04:26.219+0600][16.969s][info][gc,start    ] GC(9) Concurrent thread roots
[2026-04-03T02:04:26.220+0600][16.969s][info][gc,task     ] GC(9) Using 3 of 6 workers for Concurrent thread roots
[2026-04-03T02:04:26.220+0600][16.970s][info][gc          ] GC(9) Concurrent thread roots 0.495ms
[2026-04-03T02:04:26.220+0600][16.970s][info][gc,start    ] GC(9) Concurrent weak references
[2026-04-03T02:04:26.220+0600][16.970s][info][gc,task     ] GC(9) Using 3 of 6 workers for concurrent weak references
[2026-04-03T02:04:26.220+0600][16.970s][info][gc,ref      ] GC(9) Encountered references: Soft: 3150, Weak: 5334, Final: 82, Phantom: 594
[2026-04-03T02:04:26.220+0600][16.970s][info][gc,ref      ] GC(9) Discovered  references: Soft: 0, Weak: 622, Final: 0, Phantom: 590
[2026-04-03T02:04:26.220+0600][16.970s][info][gc,ref      ] GC(9) Enqueued    references: Soft: 0, Weak: 44, Final: 0, Phantom: 0
[2026-04-03T02:04:26.220+0600][16.970s][info][gc          ] GC(9) Concurrent weak references 0.386ms
[2026-04-03T02:04:26.220+0600][16.970s][info][gc,start    ] GC(9) Concurrent weak roots
[2026-04-03T02:04:26.220+0600][16.970s][info][gc,task     ] GC(9) Using 3 of 6 workers for concurrent weak root
[2026-04-03T02:04:26.222+0600][16.972s][info][gc          ] GC(9) Concurrent weak roots 1.918ms
[2026-04-03T02:04:26.222+0600][16.972s][info][gc,start    ] GC(9) Concurrent cleanup
[2026-04-03T02:04:26.223+0600][16.972s][info][gc          ] GC(9) Concurrent cleanup 677M->675M(724M) 0.233ms
[2026-04-03T02:04:26.223+0600][16.972s][info][gc,ergo     ] GC(9) Free: 1221M, Max: 512K regular, 1178M humongous, Frag: 4% external, 0% internal; Reserve: 101917K, Max: 512K
[2026-04-03T02:04:26.223+0600][16.972s][info][gc,start    ] GC(9) Concurrent class unloading
[2026-04-03T02:04:26.223+0600][16.972s][info][gc,task     ] GC(9) Using 3 of 6 workers for concurrent class unloading
[2026-04-03T02:04:26.227+0600][16.977s][info][gc          ] GC(9) Concurrent class unloading 4.609ms
[2026-04-03T02:04:26.227+0600][16.977s][info][gc,start    ] GC(9) Concurrent strong roots
[2026-04-03T02:04:26.227+0600][16.977s][info][gc,task     ] GC(9) Using 3 of 6 workers for concurrent strong root
[2026-04-03T02:04:26.228+0600][16.978s][info][gc          ] GC(9) Concurrent strong roots 0.729ms
[2026-04-03T02:04:26.228+0600][16.978s][info][gc,start    ] GC(9) Concurrent evacuation
[2026-04-03T02:04:26.228+0600][16.978s][info][gc,task     ] GC(9) Using 3 of 6 workers for concurrent evacuation
[2026-04-03T02:04:26.249+0600][16.999s][info][gc          ] GC(9) Concurrent evacuation 20.818ms
[2026-04-03T02:04:26.249+0600][16.999s][info][gc,start    ] GC(9) Pause Init Update Refs
[2026-04-03T02:04:26.249+0600][16.999s][info][gc,ergo     ] GC(9) Pacer for Update Refs. Used: 741M, Free: 1176M, Non-Taxable: 117M, Alloc Tax Rate: 1.1x
[2026-04-03T02:04:26.249+0600][16.999s][info][gc          ] GC(9) Pause Init Update Refs 0.066ms
[2026-04-03T02:04:26.249+0600][16.999s][info][gc,start    ] GC(9) Concurrent update references
[2026-04-03T02:04:26.249+0600][16.999s][info][gc,task     ] GC(9) Using 3 of 6 workers for concurrent reference update
[2026-04-03T02:04:26.353+0600][17.103s][info][gc          ] GC(9) Concurrent update references 103.526ms
[2026-04-03T02:04:26.353+0600][17.103s][info][gc,start    ] GC(9) Concurrent update thread roots
[2026-04-03T02:04:26.354+0600][17.103s][info][gc          ] GC(9) Concurrent update thread roots 0.661ms
[2026-04-03T02:04:26.354+0600][17.104s][info][gc,start    ] GC(9) Pause Final Update Refs
[2026-04-03T02:04:26.354+0600][17.104s][info][gc,task     ] GC(9) Using 6 of 6 workers for final reference update
[2026-04-03T02:04:26.354+0600][17.104s][info][gc          ] GC(9) Pause Final Update Refs 0.190ms
[2026-04-03T02:04:26.354+0600][17.104s][info][gc,start    ] GC(9) Concurrent cleanup
[2026-04-03T02:04:26.355+0600][17.104s][info][gc          ] GC(9) Concurrent cleanup 842M->466M(845M) 0.329ms
[2026-04-03T02:04:26.355+0600][17.105s][info][gc,ergo     ] Free: 1430M, Max: 512K regular, 1056M humongous, Frag: 27% external, 0% internal; Reserve: 100M, Max: 512K
[2026-04-03T02:04:26.355+0600][17.105s][info][gc,stats    ] 
[2026-04-03T02:04:26.355+0600][17.105s][info][gc,stats    ] All times are wall-clock times, except per-root-class counters, that are sum over
[2026-04-03T02:04:26.355+0600][17.105s][info][gc,stats    ] all workers. Dividing the <total> over the root stage time estimates parallelism.
[2026-04-03T02:04:26.355+0600][17.105s][info][gc,stats    ] 
[2026-04-03T02:04:26.355+0600][17.105s][info][gc,stats    ] Concurrent Reset                   1897 us
[2026-04-03T02:04:26.355+0600][17.105s][info][gc,stats    ] Pause Init Mark (G)                 430 us
[2026-04-03T02:04:26.355+0600][17.105s][info][gc,stats    ] Pause Init Mark (N)                 141 us
[2026-04-03T02:04:26.355+0600][17.105s][info][gc,stats    ]   Update Region States               23 us
[2026-04-03T02:04:26.355+0600][17.105s][info][gc,stats    ] Concurrent Mark Roots               639 us, parallelism: 1.41x
[2026-04-03T02:04:26.355+0600][17.105s][info][gc,stats    ]   CMR: <total>                      902 us
[2026-04-03T02:04:26.355+0600][17.105s][info][gc,stats    ]   CMR: Thread Roots                 711 us, workers (us): 293, 128, 290, ---, ---, ---, 
[2026-04-03T02:04:26.355+0600][17.105s][info][gc,stats    ]   CMR: VM Strong Roots               25 us, workers (us):  13,   9,   3, ---, ---, ---, 
[2026-04-03T02:04:26.355+0600][17.105s][info][gc,stats    ]   CMR: CLDG Roots                   166 us, workers (us): ---, 166, ---, ---, ---, ---, 
[2026-04-03T02:04:26.355+0600][17.105s][info][gc,stats    ] Concurrent Marking                86110 us
[2026-04-03T02:04:26.355+0600][17.105s][info][gc,stats    ] Pause Final Mark (G)               1357 us
[2026-04-03T02:04:26.355+0600][17.105s][info][gc,stats    ] Pause Final Mark (N)               1085 us
[2026-04-03T02:04:26.355+0600][17.105s][info][gc,stats    ]   Finish Mark                       212 us
[2026-04-03T02:04:26.355+0600][17.105s][info][gc,stats    ]   Update Region States               57 us
[2026-04-03T02:04:26.355+0600][17.105s][info][gc,stats    ]   Choose Collection Set             585 us
[2026-04-03T02:04:26.355+0600][17.105s][info][gc,stats    ]   Rebuild Free Set                   85 us
[2026-04-03T02:04:26.355+0600][17.105s][info][gc,stats    ] Concurrent Thread Roots             538 us, parallelism: 1.79x
[2026-04-03T02:04:26.355+0600][17.105s][info][gc,stats    ]   CTR: <total>                      962 us
[2026-04-03T02:04:26.355+0600][17.105s][info][gc,stats    ]   CTR: Thread Roots                 962 us, workers (us): 358, 330, 274, ---, ---, ---, 
[2026-04-03T02:04:26.355+0600][17.105s][info][gc,stats    ] Concurrent Weak References          400 us, parallelism: 0.73x
[2026-04-03T02:04:26.355+0600][17.105s][info][gc,stats    ]   CWRF: <total>                     292 us
[2026-04-03T02:04:26.355+0600][17.105s][info][gc,stats    ]   CWRF: Weak References             292 us, workers (us): 170, 116,   6, ---, ---, ---, 
[2026-04-03T02:04:26.355+0600][17.105s][info][gc,stats    ] Concurrent Weak Roots              1976 us
[2026-04-03T02:04:26.355+0600][17.105s][info][gc,stats    ]   Roots                            1671 us, parallelism: 2.44x
[2026-04-03T02:04:26.355+0600][17.105s][info][gc,stats    ]     CWR: <total>                   4076 us
[2026-04-03T02:04:26.355+0600][17.105s][info][gc,stats    ]     CWR: Code Cache Roots          2110 us, workers (us): 694, 662, 753, ---, ---, ---, 
[2026-04-03T02:04:26.355+0600][17.105s][info][gc,stats    ]     CWR: VM Weak Roots             1902 us, workers (us): 671, 618, 613, ---, ---, ---, 
[2026-04-03T02:04:26.355+0600][17.105s][info][gc,stats    ]     CWR: CLDG Roots                  64 us, workers (us): ---,  64, ---, ---, ---, ---, 
[2026-04-03T02:04:26.355+0600][17.105s][info][gc,stats    ]   Rendezvous                        219 us
[2026-04-03T02:04:26.355+0600][17.105s][info][gc,stats    ] Concurrent Cleanup                  253 us
[2026-04-03T02:04:26.355+0600][17.105s][info][gc,stats    ] Concurrent Class Unloading         4684 us
[2026-04-03T02:04:26.355+0600][17.105s][info][gc,stats    ]   Unlink Stale                     3725 us
[2026-04-03T02:04:26.355+0600][17.105s][info][gc,stats    ]     System Dictionary                76 us
[2026-04-03T02:04:26.355+0600][17.105s][info][gc,stats    ]     Weak Class Links                  1 us
[2026-04-03T02:04:26.355+0600][17.105s][info][gc,stats    ]     Code Roots                     3645 us
[2026-04-03T02:04:26.355+0600][17.105s][info][gc,stats    ]   Rendezvous                        143 us
[2026-04-03T02:04:26.355+0600][17.105s][info][gc,stats    ]   Purge Unlinked                    696 us
[2026-04-03T02:04:26.355+0600][17.105s][info][gc,stats    ]     Code Roots                      685 us
[2026-04-03T02:04:26.355+0600][17.105s][info][gc,stats    ]     CLDG                             10 us
[2026-04-03T02:04:26.355+0600][17.105s][info][gc,stats    ]     Exception Caches                  0 us
[2026-04-03T02:04:26.355+0600][17.105s][info][gc,stats    ] Concurrent Strong Roots             829 us, parallelism: 0.52x
[2026-04-03T02:04:26.355+0600][17.105s][info][gc,stats    ]   CSR: <total>                      430 us
[2026-04-03T02:04:26.355+0600][17.105s][info][gc,stats    ]   CSR: VM Strong Roots               31 us, workers (us):   9,   8,  14, ---, ---, ---, 
[2026-04-03T02:04:26.355+0600][17.105s][info][gc,stats    ]   CSR: CLDG Roots                   399 us, workers (us): ---, 399, ---, ---, ---, ---, 
[2026-04-03T02:04:26.355+0600][17.105s][info][gc,stats    ] Concurrent Evacuation             20907 us
[2026-04-03T02:04:26.355+0600][17.105s][info][gc,stats    ] Pause Init Update Refs (G)          243 us
[2026-04-03T02:04:26.355+0600][17.105s][info][gc,stats    ] Pause Init Update Refs (N)           79 us
[2026-04-03T02:04:26.355+0600][17.105s][info][gc,stats    ]   Manage GCLABs                      12 us
[2026-04-03T02:04:26.355+0600][17.105s][info][gc,stats    ] Concurrent Update Refs           103612 us
[2026-04-03T02:04:26.355+0600][17.105s][info][gc,stats    ] Concurrent Update Thread Roots      750 us
[2026-04-03T02:04:26.355+0600][17.105s][info][gc,stats    ] Pause Final Update Refs (G)         607 us
[2026-04-03T02:04:26.355+0600][17.105s][info][gc,stats    ] Pause Final Update Refs (N)         205 us
[2026-04-03T02:04:26.355+0600][17.105s][info][gc,stats    ]   Update Region States               70 us
[2026-04-03T02:04:26.355+0600][17.105s][info][gc,stats    ]   Trash Collection Set               18 us
[2026-04-03T02:04:26.355+0600][17.105s][info][gc,stats    ]   Rebuild Free Set                   37 us
[2026-04-03T02:04:26.355+0600][17.105s][info][gc,stats    ] Concurrent Cleanup                  351 us
[2026-04-03T02:04:26.355+0600][17.105s][info][gc,stats    ] 
[2026-04-03T02:04:26.355+0600][17.105s][info][gc,stats    ] Allocation pacing accrued:
[2026-04-03T02:04:26.355+0600][17.105s][info][gc,stats    ]       0 of   292 ms (  0.0%): <total>
[2026-04-03T02:04:26.355+0600][17.105s][info][gc,stats    ]       0 of   292 ms (  0.0%): <average total>
[2026-04-03T02:04:26.355+0600][17.105s][info][gc,stats    ] 
[2026-04-03T02:04:26.355+0600][17.105s][info][gc,metaspace] Metaspace: 64039K(64832K)->64056K(64896K) NonClass: 55935K(56384K)->55949K(56384K) Class: 8104K(8448K)->8106K(8512K)
[2026-04-03T02:04:26.355+0600][17.105s][info][gc,ergo     ] Pacer for Idle. Initial: 40960K, Alloc Tax Rate: 1.0x
[2026-04-03T02:04:26.938+0600][17.688s][info][gc          ] Trigger: Average GC time (308.76 ms) is above the time for average allocation rate (1387 MB/s) to deplete free headroom (428M) (margin of error = 1.80)
[2026-04-03T02:04:26.938+0600][17.688s][info][gc,ergo     ] Free headroom: 528M (free) - 100M (spike) - 0B (penalties) = 428M
[2026-04-03T02:04:26.938+0600][17.688s][info][gc,ergo     ] Free: 528M, Max: 512K regular, 528M humongous, Frag: 0% external, 0% internal; Reserve: 100M, Max: 512K
[2026-04-03T02:04:26.938+0600][17.688s][info][gc,start    ] GC(10) Concurrent reset
[2026-04-03T02:04:26.938+0600][17.688s][info][gc,task     ] GC(10) Using 3 of 6 workers for concurrent reset
[2026-04-03T02:04:26.938+0600][17.688s][info][gc,ergo     ] GC(10) Pacer for Reset. Non-Taxable: 2000M
[2026-04-03T02:04:26.941+0600][17.690s][info][gc          ] GC(10) Concurrent reset 2.295ms
[2026-04-03T02:04:26.941+0600][17.691s][info][gc,start    ] GC(10) Pause Init Mark (unload classes)
[2026-04-03T02:04:26.941+0600][17.691s][info][gc,task     ] GC(10) Using 6 of 6 workers for init marking
[2026-04-03T02:04:26.941+0600][17.691s][info][gc,ergo     ] GC(10) Pacer for Mark. Expected Live: 94002K, Free: 525M, Non-Taxable: 53811K, Alloc Tax Rate: 0.2x
[2026-04-03T02:04:26.941+0600][17.691s][info][gc          ] GC(10) Pause Init Mark (unload classes) 0.105ms
[2026-04-03T02:04:26.941+0600][17.691s][info][gc,start    ] GC(10) Concurrent marking roots
[2026-04-03T02:04:26.941+0600][17.691s][info][gc,task     ] GC(10) Using 3 of 6 workers for concurrent marking roots
[2026-04-03T02:04:26.942+0600][17.691s][info][gc          ] GC(10) Concurrent marking roots 0.613ms
[2026-04-03T02:04:26.942+0600][17.691s][info][gc,start    ] GC(10) Concurrent marking (unload classes)
[2026-04-03T02:04:26.942+0600][17.691s][info][gc,task     ] GC(10) Using 3 of 6 workers for concurrent marking
[2026-04-03T02:04:27.025+0600][17.774s][info][gc          ] GC(10) Concurrent marking (unload classes) 82.921ms
[2026-04-03T02:04:27.025+0600][17.775s][info][gc,start    ] GC(10) Pause Final Mark (unload classes)
[2026-04-03T02:04:27.025+0600][17.775s][info][gc,task     ] GC(10) Using 6 of 6 workers for final marking
[2026-04-03T02:04:27.025+0600][17.775s][info][gc,ergo     ] GC(10) Adaptive CSet Selection. Target Free: 283M, Actual Free: 1126M, Max CSet: 85333K, Min Garbage: 0B
[2026-04-03T02:04:27.026+0600][17.775s][info][gc,ergo     ] GC(10) Collectable Garbage: 1196M (99%), Immediate: 589M (49%), CSet: 607M (50%)
[2026-04-03T02:04:27.026+0600][17.775s][info][gc,ergo     ] GC(10) Pacer for Evacuation. Used CSet: 635M, Free: 1027M, Non-Taxable: 102M, Alloc Tax Rate: 1.5x
[2026-04-03T02:04:27.026+0600][17.775s][info][gc          ] GC(10) Pause Final Mark (unload classes) 0.839ms
[2026-04-03T02:04:27.026+0600][17.776s][info][gc,start    ] GC(10) Concurrent thread roots
[2026-04-03T02:04:27.026+0600][17.776s][info][gc,task     ] GC(10) Using 3 of 6 workers for Concurrent thread roots
[2026-04-03T02:04:27.026+0600][17.776s][info][gc          ] GC(10) Concurrent thread roots 0.511ms
[2026-04-03T02:04:27.026+0600][17.776s][info][gc,start    ] GC(10) Concurrent weak references
[2026-04-03T02:04:27.026+0600][17.776s][info][gc,task     ] GC(10) Using 3 of 6 workers for concurrent weak references
[2026-04-03T02:04:27.027+0600][17.777s][info][gc,ref      ] GC(10) Encountered references: Soft: 3150, Weak: 5290, Final: 82, Phantom: 593
[2026-04-03T02:04:27.027+0600][17.777s][info][gc,ref      ] GC(10) Discovered  references: Soft: 0, Weak: 3108, Final: 50, Phantom: 591
[2026-04-03T02:04:27.027+0600][17.777s][info][gc,ref      ] GC(10) Enqueued    references: Soft: 0, Weak: 1, Final: 0, Phantom: 0
[2026-04-03T02:04:27.027+0600][17.777s][info][gc          ] GC(10) Concurrent weak references 0.848ms
[2026-04-03T02:04:27.027+0600][17.777s][info][gc,start    ] GC(10) Concurrent weak roots
[2026-04-03T02:04:27.027+0600][17.777s][info][gc,task     ] GC(10) Using 3 of 6 workers for concurrent weak root
[2026-04-03T02:04:27.029+0600][17.779s][info][gc          ] GC(10) Concurrent weak roots 1.958ms
[2026-04-03T02:04:27.029+0600][17.779s][info][gc,start    ] GC(10) Concurrent cleanup
[2026-04-03T02:04:27.030+0600][17.779s][info][gc          ] GC(10) Concurrent cleanup 1463M->874M(1468M) 0.437ms
[2026-04-03T02:04:27.030+0600][17.779s][info][gc,ergo     ] GC(10) Free: 1023M, Max: 512K regular, 434M humongous, Frag: 58% external, 0% internal; Reserve: 102081K, Max: 512K
[2026-04-03T02:04:27.030+0600][17.780s][info][gc,start    ] GC(10) Concurrent class unloading
[2026-04-03T02:04:27.030+0600][17.780s][info][gc,task     ] GC(10) Using 3 of 6 workers for concurrent class unloading
[2026-04-03T02:04:27.034+0600][17.784s][info][gc          ] GC(10) Concurrent class unloading 4.568ms
[2026-04-03T02:04:27.034+0600][17.784s][info][gc,start    ] GC(10) Concurrent strong roots
[2026-04-03T02:04:27.034+0600][17.784s][info][gc,task     ] GC(10) Using 3 of 6 workers for concurrent strong root
[2026-04-03T02:04:27.035+0600][17.785s][info][gc          ] GC(10) Concurrent strong roots 0.582ms
[2026-04-03T02:04:27.035+0600][17.785s][info][gc,start    ] GC(10) Concurrent evacuation
[2026-04-03T02:04:27.035+0600][17.785s][info][gc,task     ] GC(10) Using 3 of 6 workers for concurrent evacuation
[2026-04-03T02:04:27.060+0600][17.810s][info][gc          ] GC(10) Concurrent evacuation 24.983ms
[2026-04-03T02:04:27.060+0600][17.810s][info][gc,start    ] GC(10) Pause Init Update Refs
[2026-04-03T02:04:27.060+0600][17.810s][info][gc,ergo     ] GC(10) Pacer for Update Refs. Used: 955M, Free: 970M, Non-Taxable: 99379K, Alloc Tax Rate: 1.2x
[2026-04-03T02:04:27.060+0600][17.810s][info][gc          ] GC(10) Pause Init Update Refs 0.103ms
[2026-04-03T02:04:27.060+0600][17.810s][info][gc,start    ] GC(10) Concurrent update references
[2026-04-03T02:04:27.060+0600][17.810s][info][gc,task     ] GC(10) Using 3 of 6 workers for concurrent reference update
[2026-04-03T02:04:27.156+0600][17.906s][info][gc          ] GC(10) Concurrent update references 95.371ms
[2026-04-03T02:04:27.156+0600][17.906s][info][gc,start    ] GC(10) Concurrent update thread roots
[2026-04-03T02:04:27.157+0600][17.906s][info][gc          ] GC(10) Concurrent update thread roots 0.662ms
[2026-04-03T02:04:27.157+0600][17.907s][info][gc,start    ] GC(10) Pause Final Update Refs
[2026-04-03T02:04:27.157+0600][17.907s][info][gc,task     ] GC(10) Using 6 of 6 workers for final reference update
[2026-04-03T02:04:27.157+0600][17.907s][info][gc          ] GC(10) Pause Final Update Refs 0.176ms
[2026-04-03T02:04:27.157+0600][17.907s][info][gc,start    ] GC(10) Concurrent cleanup
[2026-04-03T02:04:27.158+0600][17.908s][info][gc          ] GC(10) Concurrent cleanup 1046M->412M(1494M) 0.743ms
[2026-04-03T02:04:27.158+0600][17.908s][info][gc,ergo     ] Free: 1485M, Max: 512K regular, 448M humongous, Frag: 70% external, 0% internal; Reserve: 100M, Max: 512K
[2026-04-03T02:04:27.158+0600][17.908s][info][gc,stats    ] 
[2026-04-03T02:04:27.158+0600][17.908s][info][gc,stats    ] All times are wall-clock times, except per-root-class counters, that are sum over
[2026-04-03T02:04:27.158+0600][17.908s][info][gc,stats    ] all workers. Dividing the <total> over the root stage time estimates parallelism.
[2026-04-03T02:04:27.158+0600][17.908s][info][gc,stats    ] 
[2026-04-03T02:04:27.158+0600][17.908s][info][gc,stats    ] Concurrent Reset                   2355 us
[2026-04-03T02:04:27.158+0600][17.908s][info][gc,stats    ] Pause Init Mark (G)                 405 us
[2026-04-03T02:04:27.158+0600][17.908s][info][gc,stats    ] Pause Init Mark (N)                 115 us
[2026-04-03T02:04:27.158+0600][17.908s][info][gc,stats    ]   Update Region States               27 us
[2026-04-03T02:04:27.158+0600][17.908s][info][gc,stats    ] Concurrent Mark Roots               644 us, parallelism: 1.41x
[2026-04-03T02:04:27.158+0600][17.908s][info][gc,stats    ]   CMR: <total>                      908 us
[2026-04-03T02:04:27.158+0600][17.908s][info][gc,stats    ]   CMR: Thread Roots                 626 us, workers (us):  66, 320, 240, ---, ---, ---, 
[2026-04-03T02:04:27.158+0600][17.908s][info][gc,stats    ]   CMR: VM Strong Roots               22 us, workers (us):  21,   1,   1, ---, ---, ---, 
[2026-04-03T02:04:27.158+0600][17.908s][info][gc,stats    ]   CMR: CLDG Roots                   259 us, workers (us): 259, ---, ---, ---, ---, ---, 
[2026-04-03T02:04:27.158+0600][17.908s][info][gc,stats    ] Concurrent Marking                83001 us
[2026-04-03T02:04:27.158+0600][17.908s][info][gc,stats    ] Pause Final Mark (G)               1135 us
[2026-04-03T02:04:27.158+0600][17.908s][info][gc,stats    ] Pause Final Mark (N)                852 us
[2026-04-03T02:04:27.158+0600][17.908s][info][gc,stats    ]   Finish Mark                       265 us
[2026-04-03T02:04:27.158+0600][17.908s][info][gc,stats    ]   Update Region States               67 us
[2026-04-03T02:04:27.158+0600][17.908s][info][gc,stats    ]   Choose Collection Set             363 us
[2026-04-03T02:04:27.158+0600][17.908s][info][gc,stats    ]   Rebuild Free Set                   31 us
[2026-04-03T02:04:27.158+0600][17.908s][info][gc,stats    ] Concurrent Thread Roots             544 us, parallelism: 1.87x
[2026-04-03T02:04:27.158+0600][17.908s][info][gc,stats    ]   CTR: <total>                     1016 us
[2026-04-03T02:04:27.158+0600][17.908s][info][gc,stats    ]   CTR: Thread Roots                1016 us, workers (us): 348, 324, 344, ---, ---, ---, 
[2026-04-03T02:04:27.158+0600][17.908s][info][gc,stats    ] Concurrent Weak References          861 us, parallelism: 0.84x
[2026-04-03T02:04:27.158+0600][17.908s][info][gc,stats    ]   CWRF: <total>                     720 us
[2026-04-03T02:04:27.158+0600][17.908s][info][gc,stats    ]   CWRF: Weak References             720 us, workers (us): 689,  24,   8, ---, ---, ---, 
[2026-04-03T02:04:27.158+0600][17.908s][info][gc,stats    ] Concurrent Weak Roots              2018 us
[2026-04-03T02:04:27.158+0600][17.908s][info][gc,stats    ]   Roots                            1768 us, parallelism: 2.28x
[2026-04-03T02:04:27.158+0600][17.908s][info][gc,stats    ]     CWR: <total>                   4036 us
[2026-04-03T02:04:27.158+0600][17.908s][info][gc,stats    ]     CWR: Code Cache Roots          2263 us, workers (us): 790, 719, 755, ---, ---, ---, 
[2026-04-03T02:04:27.158+0600][17.908s][info][gc,stats    ]     CWR: VM Weak Roots             1682 us, workers (us): 618, 547, 517, ---, ---, ---, 
[2026-04-03T02:04:27.158+0600][17.908s][info][gc,stats    ]     CWR: CLDG Roots                  91 us, workers (us):  91, ---, ---, ---, ---, ---, 
[2026-04-03T02:04:27.158+0600][17.908s][info][gc,stats    ]   Rendezvous                        165 us
[2026-04-03T02:04:27.158+0600][17.908s][info][gc,stats    ] Concurrent Cleanup                  456 us
[2026-04-03T02:04:27.158+0600][17.908s][info][gc,stats    ] Concurrent Class Unloading         4636 us
[2026-04-03T02:04:27.158+0600][17.908s][info][gc,stats    ]   Unlink Stale                     3980 us
[2026-04-03T02:04:27.158+0600][17.908s][info][gc,stats    ]     System Dictionary                61 us
[2026-04-03T02:04:27.158+0600][17.908s][info][gc,stats    ]     Weak Class Links                  0 us
[2026-04-03T02:04:27.158+0600][17.908s][info][gc,stats    ]     Code Roots                     3915 us
[2026-04-03T02:04:27.158+0600][17.908s][info][gc,stats    ]   Rendezvous                        174 us
[2026-04-03T02:04:27.158+0600][17.908s][info][gc,stats    ]   Purge Unlinked                    385 us
[2026-04-03T02:04:27.158+0600][17.908s][info][gc,stats    ]     Code Roots                      375 us
[2026-04-03T02:04:27.158+0600][17.908s][info][gc,stats    ]     CLDG                             10 us
[2026-04-03T02:04:27.158+0600][17.908s][info][gc,stats    ]     Exception Caches                  0 us
[2026-04-03T02:04:27.158+0600][17.908s][info][gc,stats    ] Concurrent Strong Roots             621 us, parallelism: 0.65x
[2026-04-03T02:04:27.158+0600][17.908s][info][gc,stats    ]   CSR: <total>                      402 us
[2026-04-03T02:04:27.158+0600][17.908s][info][gc,stats    ]   CSR: VM Strong Roots               22 us, workers (us):  15,   7,   0, ---, ---, ---, 
[2026-04-03T02:04:27.158+0600][17.908s][info][gc,stats    ]   CSR: CLDG Roots                   380 us, workers (us): ---, 380, ---, ---, ---, ---, 
[2026-04-03T02:04:27.158+0600][17.908s][info][gc,stats    ] Concurrent Evacuation             25063 us
[2026-04-03T02:04:27.158+0600][17.908s][info][gc,stats    ] Pause Init Update Refs (G)          347 us
[2026-04-03T02:04:27.158+0600][17.908s][info][gc,stats    ] Pause Init Update Refs (N)          116 us
[2026-04-03T02:04:27.158+0600][17.908s][info][gc,stats    ]   Manage GCLABs                      18 us
[2026-04-03T02:04:27.158+0600][17.908s][info][gc,stats    ] Concurrent Update Refs            95560 us
[2026-04-03T02:04:27.158+0600][17.908s][info][gc,stats    ] Concurrent Update Thread Roots      705 us
[2026-04-03T02:04:27.158+0600][17.908s][info][gc,stats    ] Pause Final Update Refs (G)         651 us
[2026-04-03T02:04:27.158+0600][17.908s][info][gc,stats    ] Pause Final Update Refs (N)         189 us
[2026-04-03T02:04:27.159+0600][17.908s][info][gc,stats    ]   Update Region States               56 us
[2026-04-03T02:04:27.159+0600][17.908s][info][gc,stats    ]   Trash Collection Set               21 us
[2026-04-03T02:04:27.159+0600][17.908s][info][gc,stats    ]   Rebuild Free Set                   32 us
[2026-04-03T02:04:27.159+0600][17.908s][info][gc,stats    ] Concurrent Cleanup                  760 us
[2026-04-03T02:04:27.159+0600][17.908s][info][gc,stats    ] 
[2026-04-03T02:04:27.159+0600][17.908s][info][gc,stats    ] Allocation pacing accrued:
[2026-04-03T02:04:27.159+0600][17.908s][info][gc,stats    ]       0 of   803 ms (  0.0%): <total>
[2026-04-03T02:04:27.159+0600][17.908s][info][gc,stats    ]       0 of   803 ms (  0.0%): <average total>
[2026-04-03T02:04:27.159+0600][17.908s][info][gc,stats    ] 
[2026-04-03T02:04:27.159+0600][17.908s][info][gc,metaspace] Metaspace: 64142K(64960K)->64414K(65216K) NonClass: 56022K(56448K)->56244K(56640K) Class: 8119K(8512K)->8169K(8576K)
[2026-04-03T02:04:27.159+0600][17.908s][info][gc,ergo     ] Pacer for Idle. Initial: 40960K, Alloc Tax Rate: 1.0x
[2026-04-03T02:04:27.562+0600][18.312s][info][gc          ] Trigger: Explicit GC request (System.gc())
[2026-04-03T02:04:27.562+0600][18.312s][info][gc,ergo     ] Free: 1080M, Max: 512K regular, 448M humongous, Frag: 59% external, 0% internal; Reserve: 100M, Max: 512K
[2026-04-03T02:04:27.562+0600][18.312s][info][gc,start    ] GC(11) Concurrent reset
[2026-04-03T02:04:27.562+0600][18.312s][info][gc,task     ] GC(11) Using 3 of 6 workers for concurrent reset
[2026-04-03T02:04:27.562+0600][18.312s][info][gc,ergo     ] GC(11) Pacer for Reset. Non-Taxable: 2000M
[2026-04-03T02:04:27.566+0600][18.316s][info][gc          ] GC(11) Concurrent reset 3.531ms
[2026-04-03T02:04:27.566+0600][18.316s][info][gc,start    ] GC(11) Pause Init Mark (unload classes)
[2026-04-03T02:04:27.566+0600][18.316s][info][gc,task     ] GC(11) Using 6 of 6 workers for init marking
[2026-04-03T02:04:27.566+0600][18.316s][info][gc,ref      ] GC(11) Clearing All SoftReferences
[2026-04-03T02:04:27.566+0600][18.316s][info][gc,ergo     ] GC(11) Pacer for Mark. Expected Live: 121M, Free: 1080M, Non-Taxable: 108M, Alloc Tax Rate: 0.1x
[2026-04-03T02:04:27.566+0600][18.316s][info][gc          ] GC(11) Pause Init Mark (unload classes) 0.128ms
[2026-04-03T02:04:27.567+0600][18.316s][info][gc,start    ] GC(11) Concurrent marking roots
[2026-04-03T02:04:27.567+0600][18.316s][info][gc,task     ] GC(11) Using 3 of 6 workers for concurrent marking roots
[2026-04-03T02:04:27.567+0600][18.317s][info][gc          ] GC(11) Concurrent marking roots 0.658ms
[2026-04-03T02:04:27.567+0600][18.317s][info][gc,start    ] GC(11) Concurrent marking (unload classes)
[2026-04-03T02:04:27.567+0600][18.317s][info][gc,task     ] GC(11) Using 3 of 6 workers for concurrent marking
[2026-04-03T02:04:27.639+0600][18.388s][info][gc          ] GC(11) Concurrent marking (unload classes) 71.288ms
[2026-04-03T02:04:27.639+0600][18.389s][info][gc,start    ] GC(11) Pause Final Mark (unload classes)
[2026-04-03T02:04:27.639+0600][18.389s][info][gc,task     ] GC(11) Using 6 of 6 workers for final marking
[2026-04-03T02:04:27.639+0600][18.389s][info][gc,ergo     ] GC(11) Collectable Garbage: 619M (96%), Immediate: 619M (96%), CSet: 0B (0%)
[2026-04-03T02:04:27.639+0600][18.389s][info][gc          ] GC(11) Pause Final Mark (unload classes) 0.613ms
[2026-04-03T02:04:27.640+0600][18.389s][info][gc,start    ] GC(11) Concurrent weak references
[2026-04-03T02:04:27.640+0600][18.389s][info][gc,task     ] GC(11) Using 3 of 6 workers for concurrent weak references
[2026-04-03T02:04:27.640+0600][18.390s][info][gc,ref      ] GC(11) Encountered references: Soft: 3082, Weak: 5826, Final: 82, Phantom: 594
[2026-04-03T02:04:27.640+0600][18.390s][info][gc,ref      ] GC(11) Discovered  references: Soft: 763, Weak: 3404, Final: 2, Phantom: 591
[2026-04-03T02:04:27.640+0600][18.390s][info][gc,ref      ] GC(11) Enqueued    references: Soft: 382, Weak: 425, Final: 0, Phantom: 0
[2026-04-03T02:04:27.640+0600][18.390s][info][gc          ] GC(11) Concurrent weak references 0.845ms
[2026-04-03T02:04:27.640+0600][18.390s][info][gc,start    ] GC(11) Concurrent weak roots
[2026-04-03T02:04:27.640+0600][18.390s][info][gc,task     ] GC(11) Using 3 of 6 workers for concurrent weak root
[2026-04-03T02:04:27.642+0600][18.392s][info][gc          ] GC(11) Concurrent weak roots 1.940ms
[2026-04-03T02:04:27.642+0600][18.392s][info][gc,start    ] GC(11) Concurrent cleanup
[2026-04-03T02:04:27.643+0600][18.393s][info][gc          ] GC(11) Concurrent cleanup 814M->195M(1494M) 0.711ms
[2026-04-03T02:04:27.643+0600][18.393s][info][gc,ergo     ] GC(11) Free: 1702M, Max: 512K regular, 974M humongous, Frag: 43% external, 0% internal; Reserve: 100M, Max: 512K
[2026-04-03T02:04:27.643+0600][18.393s][info][gc,start    ] GC(11) Concurrent class unloading
[2026-04-03T02:04:27.643+0600][18.393s][info][gc,task     ] GC(11) Using 3 of 6 workers for concurrent class unloading
[2026-04-03T02:04:27.658+0600][18.408s][info][gc          ] GC(11) Concurrent class unloading 15.211ms
[2026-04-03T02:04:27.659+0600][18.409s][info][gc,start    ] GC(11) Pause Final Roots
[2026-04-03T02:04:27.659+0600][18.409s][info][gc          ] GC(11) Pause Final Roots 0.059ms
[2026-04-03T02:04:27.659+0600][18.409s][info][gc,ergo     ] Free: 1697M, Max: 512K regular, 974M humongous, Frag: 43% external, 0% internal; Reserve: 100M, Max: 512K
[2026-04-03T02:04:27.659+0600][18.409s][info][gc,stats    ] 
[2026-04-03T02:04:27.659+0600][18.409s][info][gc,stats    ] All times are wall-clock times, except per-root-class counters, that are sum over
[2026-04-03T02:04:27.659+0600][18.409s][info][gc,stats    ] all workers. Dividing the <total> over the root stage time estimates parallelism.
[2026-04-03T02:04:27.659+0600][18.409s][info][gc,stats    ] 
[2026-04-03T02:04:27.659+0600][18.409s][info][gc,stats    ] Concurrent Reset                   3603 us
[2026-04-03T02:04:27.659+0600][18.409s][info][gc,stats    ] Pause Init Mark (G)                 576 us
[2026-04-03T02:04:27.659+0600][18.409s][info][gc,stats    ] Pause Init Mark (N)                 136 us
[2026-04-03T02:04:27.659+0600][18.409s][info][gc,stats    ]   Update Region States               32 us
[2026-04-03T02:04:27.659+0600][18.409s][info][gc,stats    ] Concurrent Mark Roots               682 us, parallelism: 1.52x
[2026-04-03T02:04:27.659+0600][18.409s][info][gc,stats    ]   CMR: <total>                     1037 us
[2026-04-03T02:04:27.659+0600][18.409s][info][gc,stats    ]   CMR: Thread Roots                 780 us, workers (us): 318, 164, 299, ---, ---, ---, 
[2026-04-03T02:04:27.659+0600][18.409s][info][gc,stats    ]   CMR: VM Strong Roots               84 us, workers (us):  50,  33,   1, ---, ---, ---, 
[2026-04-03T02:04:27.660+0600][18.409s][info][gc,stats    ]   CMR: CLDG Roots                   173 us, workers (us): ---, 173, ---, ---, ---, ---, 
[2026-04-03T02:04:27.660+0600][18.409s][info][gc,stats    ] Concurrent Marking                71360 us
[2026-04-03T02:04:27.660+0600][18.409s][info][gc,stats    ] Pause Final Mark (G)                920 us
[2026-04-03T02:04:27.660+0600][18.409s][info][gc,stats    ] Pause Final Mark (N)                628 us
[2026-04-03T02:04:27.660+0600][18.409s][info][gc,stats    ]   Finish Mark                       318 us
[2026-04-03T02:04:27.660+0600][18.409s][info][gc,stats    ]   Update Region States               57 us
[2026-04-03T02:04:27.660+0600][18.409s][info][gc,stats    ]   Choose Collection Set             120 us
[2026-04-03T02:04:27.660+0600][18.409s][info][gc,stats    ]   Rebuild Free Set                   48 us
[2026-04-03T02:04:27.660+0600][18.409s][info][gc,stats    ] Concurrent Weak References          855 us, parallelism: 0.94x
[2026-04-03T02:04:27.660+0600][18.409s][info][gc,stats    ]   CWRF: <total>                     801 us
[2026-04-03T02:04:27.660+0600][18.409s][info][gc,stats    ]   CWRF: Weak References             801 us, workers (us): 164, 531, 106, ---, ---, ---, 
[2026-04-03T02:04:27.660+0600][18.409s][info][gc,stats    ] Concurrent Weak Roots              2003 us
[2026-04-03T02:04:27.660+0600][18.409s][info][gc,stats    ]   Roots                            1636 us, parallelism: 2.38x
[2026-04-03T02:04:27.660+0600][18.409s][info][gc,stats    ]     CWR: <total>                   3892 us
[2026-04-03T02:04:27.660+0600][18.410s][info][gc,stats    ]     CWR: Code Cache Roots          2677 us, workers (us): 928, 889, 860, ---, ---, ---, 
[2026-04-03T02:04:27.660+0600][18.410s][info][gc,stats    ]     CWR: VM Weak Roots             1145 us, workers (us): 397, 398, 350, ---, ---, ---, 
[2026-04-03T02:04:27.660+0600][18.410s][info][gc,stats    ]     CWR: CLDG Roots                  70 us, workers (us):  70, ---, ---, ---, ---, ---, 
[2026-04-03T02:04:27.660+0600][18.410s][info][gc,stats    ]   Rendezvous                        283 us
[2026-04-03T02:04:27.660+0600][18.410s][info][gc,stats    ] Concurrent Cleanup                  728 us
[2026-04-03T02:04:27.660+0600][18.410s][info][gc,stats    ] Concurrent Class Unloading        15303 us
[2026-04-03T02:04:27.660+0600][18.410s][info][gc,stats    ]   Unlink Stale                    13828 us
[2026-04-03T02:04:27.660+0600][18.410s][info][gc,stats    ]     System Dictionary               325 us
[2026-04-03T02:04:27.660+0600][18.410s][info][gc,stats    ]     Weak Class Links               8661 us
[2026-04-03T02:04:27.660+0600][18.410s][info][gc,stats    ]     Code Roots                     4838 us
[2026-04-03T02:04:27.660+0600][18.410s][info][gc,stats    ]   Rendezvous                        300 us
[2026-04-03T02:04:27.660+0600][18.410s][info][gc,stats    ]   Purge Unlinked                   1057 us
[2026-04-03T02:04:27.660+0600][18.410s][info][gc,stats    ]     Code Roots                      529 us
[2026-04-03T02:04:27.660+0600][18.410s][info][gc,stats    ]     CLDG                            527 us
[2026-04-03T02:04:27.660+0600][18.410s][info][gc,stats    ]     Exception Caches                  0 us
[2026-04-03T02:04:27.660+0600][18.410s][info][gc,stats    ] Pause Final Roots (G)               714 us
[2026-04-03T02:04:27.660+0600][18.410s][info][gc,stats    ] Pause Final Roots (N)                71 us
[2026-04-03T02:04:27.660+0600][18.410s][info][gc,stats    ] 
[2026-04-03T02:04:27.660+0600][18.410s][info][gc,stats    ] Allocation pacing accrued:
[2026-04-03T02:04:27.660+0600][18.410s][info][gc,stats    ]       0 of   501 ms (  0.0%): <total>
[2026-04-03T02:04:27.660+0600][18.410s][info][gc,stats    ]       0 of   501 ms (  0.0%): <average total>
[2026-04-03T02:04:27.660+0600][18.410s][info][gc,stats    ] 
[2026-04-03T02:04:27.660+0600][18.410s][info][gc,metaspace] Metaspace: 66171K(67008K)->65807K(67008K) NonClass: 57772K(58240K)->57473K(58240K) Class: 8398K(8768K)->8333K(8768K)
[2026-04-03T02:04:27.660+0600][18.410s][info][gc,ergo     ] Pacer for Idle. Initial: 40960K, Alloc Tax Rate: 1.0x
[2026-04-03T02:04:27.660+0600][18.410s][info][gc,start    ] Concurrent uncommit
[2026-04-03T02:04:27.858+0600][18.608s][info][gc          ] Concurrent uncommit 201M->221M(225M) 197.834ms
[2026-04-03T02:04:28.254+0600][19.004s][info][gc          ] Trigger: Learning 2 of 5. Free (1398M) is below initial threshold (1400M)
[2026-04-03T02:04:28.254+0600][19.004s][info][gc,ergo     ] Free: 1398M, Max: 512K regular, 974M humongous, Frag: 31% external, 0% internal; Reserve: 100M, Max: 512K
[2026-04-03T02:04:28.254+0600][19.004s][info][gc,start    ] GC(12) Concurrent reset
[2026-04-03T02:04:28.254+0600][19.004s][info][gc,task     ] GC(12) Using 3 of 6 workers for concurrent reset
[2026-04-03T02:04:28.254+0600][19.004s][info][gc,ergo     ] GC(12) Pacer for Reset. Non-Taxable: 2000M
[2026-04-03T02:04:28.255+0600][19.005s][info][gc          ] GC(12) Concurrent reset 0.818ms
[2026-04-03T02:04:28.255+0600][19.005s][info][gc,start    ] GC(12) Pause Init Mark (unload classes)
[2026-04-03T02:04:28.255+0600][19.005s][info][gc,task     ] GC(12) Using 6 of 6 workers for init marking
[2026-04-03T02:04:28.256+0600][19.005s][info][gc,ergo     ] GC(12) Pacer for Mark. Expected Live: 142M, Free: 1397M, Non-Taxable: 139M, Alloc Tax Rate: 0.1x
[2026-04-03T02:04:28.256+0600][19.005s][info][gc          ] GC(12) Pause Init Mark (unload classes) 0.111ms
[2026-04-03T02:04:28.256+0600][19.005s][info][gc,start    ] GC(12) Concurrent marking roots
[2026-04-03T02:04:28.256+0600][19.005s][info][gc,task     ] GC(12) Using 3 of 6 workers for concurrent marking roots
[2026-04-03T02:04:28.256+0600][19.006s][info][gc          ] GC(12) Concurrent marking roots 0.752ms
[2026-04-03T02:04:28.256+0600][19.006s][info][gc,start    ] GC(12) Concurrent marking (unload classes)
[2026-04-03T02:04:28.256+0600][19.006s][info][gc,task     ] GC(12) Using 3 of 6 workers for concurrent marking
[2026-04-03T02:04:28.328+0600][19.078s][info][gc          ] GC(12) Concurrent marking (unload classes) 71.632ms
[2026-04-03T02:04:28.328+0600][19.078s][info][gc,start    ] GC(12) Pause Final Mark (unload classes)
[2026-04-03T02:04:28.328+0600][19.078s][info][gc,task     ] GC(12) Using 6 of 6 workers for final marking
[2026-04-03T02:04:28.329+0600][19.078s][info][gc,ergo     ] GC(12) Adaptive CSet Selection. Target Free: 283M, Actual Free: 1708M, Max CSet: 85333K, Min Garbage: 0B
[2026-04-03T02:04:28.329+0600][19.079s][info][gc,ergo     ] GC(12) Collectable Garbage: 322M (99%), Immediate: 277M (85%), CSet: 46854K (14%)
[2026-04-03T02:04:28.329+0600][19.079s][info][gc,ergo     ] GC(12) Pacer for Evacuation. Used CSet: 51390K, Free: 1611M, Non-Taxable: 161M, Alloc Tax Rate: 1.1x
[2026-04-03T02:04:28.329+0600][19.079s][info][gc          ] GC(12) Pause Final Mark (unload classes) 0.648ms
[2026-04-03T02:04:28.329+0600][19.079s][info][gc,start    ] GC(12) Concurrent thread roots
[2026-04-03T02:04:28.329+0600][19.079s][info][gc,task     ] GC(12) Using 3 of 6 workers for Concurrent thread roots
[2026-04-03T02:04:28.329+0600][19.079s][info][gc          ] GC(12) Concurrent thread roots 0.490ms
[2026-04-03T02:04:28.329+0600][19.079s][info][gc,start    ] GC(12) Concurrent weak references
[2026-04-03T02:04:28.330+0600][19.079s][info][gc,task     ] GC(12) Using 3 of 6 workers for concurrent weak references
[2026-04-03T02:04:28.330+0600][19.080s][info][gc,ref      ] GC(12) Encountered references: Soft: 3110, Weak: 5863, Final: 82, Phantom: 594
[2026-04-03T02:04:28.330+0600][19.080s][info][gc,ref      ] GC(12) Discovered  references: Soft: 0, Weak: 537, Final: 0, Phantom: 591
[2026-04-03T02:04:28.330+0600][19.080s][info][gc,ref      ] GC(12) Enqueued    references: Soft: 0, Weak: 215, Final: 0, Phantom: 0
[2026-04-03T02:04:28.330+0600][19.080s][info][gc          ] GC(12) Concurrent weak references 0.428ms
[2026-04-03T02:04:28.330+0600][19.080s][info][gc,start    ] GC(12) Concurrent weak roots
[2026-04-03T02:04:28.330+0600][19.080s][info][gc,task     ] GC(12) Using 3 of 6 workers for concurrent weak root
[2026-04-03T02:04:28.332+0600][19.082s][info][gc          ] GC(12) Concurrent weak roots 1.982ms
[2026-04-03T02:04:28.332+0600][19.082s][info][gc,start    ] GC(12) Concurrent cleanup
[2026-04-03T02:04:28.333+0600][19.083s][info][gc          ] GC(12) Concurrent cleanup 566M->290M(572M) 0.782ms
[2026-04-03T02:04:28.333+0600][19.083s][info][gc,ergo     ] GC(12) Free: 1606M, Max: 512K regular, 974M humongous, Frag: 40% external, 0% internal; Reserve: 102025K, Max: 512K
[2026-04-03T02:04:28.333+0600][19.083s][info][gc,start    ] GC(12) Concurrent class unloading
[2026-04-03T02:04:28.333+0600][19.083s][info][gc,task     ] GC(12) Using 3 of 6 workers for concurrent class unloading
[2026-04-03T02:04:28.338+0600][19.088s][info][gc          ] GC(12) Concurrent class unloading 4.974ms
[2026-04-03T02:04:28.338+0600][19.088s][info][gc,start    ] GC(12) Concurrent strong roots
[2026-04-03T02:04:28.338+0600][19.088s][info][gc,task     ] GC(12) Using 3 of 6 workers for concurrent strong root
[2026-04-03T02:04:28.339+0600][19.089s][info][gc          ] GC(12) Concurrent strong roots 0.921ms
[2026-04-03T02:04:28.339+0600][19.089s][info][gc,start    ] GC(12) Concurrent evacuation
[2026-04-03T02:04:28.339+0600][19.089s][info][gc,task     ] GC(12) Using 3 of 6 workers for concurrent evacuation
[2026-04-03T02:04:28.343+0600][19.092s][info][gc          ] GC(12) Concurrent evacuation 3.762ms
[2026-04-03T02:04:28.343+0600][19.093s][info][gc,start    ] GC(12) Pause Init Update Refs
[2026-04-03T02:04:28.343+0600][19.093s][info][gc,ergo     ] GC(12) Pacer for Update Refs. Used: 309M, Free: 1592M, Non-Taxable: 159M, Alloc Tax Rate: 1.1x
[2026-04-03T02:04:28.343+0600][19.093s][info][gc          ] GC(12) Pause Init Update Refs 0.070ms
[2026-04-03T02:04:28.343+0600][19.093s][info][gc,start    ] GC(12) Concurrent update references
[2026-04-03T02:04:28.343+0600][19.093s][info][gc,task     ] GC(12) Using 3 of 6 workers for concurrent reference update
[2026-04-03T02:04:28.416+0600][19.165s][info][gc          ] GC(12) Concurrent update references 72.704ms
[2026-04-03T02:04:28.416+0600][19.166s][info][gc,start    ] GC(12) Concurrent update thread roots
[2026-04-03T02:04:28.416+0600][19.166s][info][gc          ] GC(12) Concurrent update thread roots 0.740ms
[2026-04-03T02:04:28.417+0600][19.167s][info][gc,start    ] GC(12) Pause Final Update Refs
[2026-04-03T02:04:28.417+0600][19.167s][info][gc,task     ] GC(12) Using 6 of 6 workers for final reference update
[2026-04-03T02:04:28.417+0600][19.167s][info][gc          ] GC(12) Pause Final Update Refs 0.152ms
[2026-04-03T02:04:28.417+0600][19.167s][info][gc,start    ] GC(12) Concurrent cleanup
[2026-04-03T02:04:28.417+0600][19.167s][info][gc          ] GC(12) Concurrent cleanup 408M->358M(577M) 0.245ms
[2026-04-03T02:04:28.417+0600][19.167s][info][gc,ergo     ] Free: 1538M, Max: 512K regular, 1184M humongous, Frag: 23% external, 0% internal; Reserve: 100M, Max: 512K
[2026-04-03T02:04:28.417+0600][19.167s][info][gc,stats    ] 
[2026-04-03T02:04:28.417+0600][19.167s][info][gc,stats    ] All times are wall-clock times, except per-root-class counters, that are sum over
[2026-04-03T02:04:28.417+0600][19.167s][info][gc,stats    ] all workers. Dividing the <total> over the root stage time estimates parallelism.
[2026-04-03T02:04:28.417+0600][19.167s][info][gc,stats    ] 
[2026-04-03T02:04:28.417+0600][19.167s][info][gc,stats    ] Concurrent Reset                    861 us
[2026-04-03T02:04:28.417+0600][19.167s][info][gc,stats    ] Pause Init Mark (G)                 422 us
[2026-04-03T02:04:28.417+0600][19.167s][info][gc,stats    ] Pause Init Mark (N)                 118 us
[2026-04-03T02:04:28.417+0600][19.167s][info][gc,stats    ]   Update Region States               32 us
[2026-04-03T02:04:28.417+0600][19.167s][info][gc,stats    ] Concurrent Mark Roots               785 us, parallelism: 1.75x
[2026-04-03T02:04:28.418+0600][19.167s][info][gc,stats    ]   CMR: <total>                     1370 us
[2026-04-03T02:04:28.418+0600][19.167s][info][gc,stats    ]   CMR: Thread Roots                1112 us, workers (us): 229, 444, 439, ---, ---, ---, 
[2026-04-03T02:04:28.418+0600][19.167s][info][gc,stats    ]   CMR: VM Strong Roots               23 us, workers (us):  22,   1,   0, ---, ---, ---, 
[2026-04-03T02:04:28.418+0600][19.167s][info][gc,stats    ]   CMR: CLDG Roots                   235 us, workers (us): 235, ---, ---, ---, ---, ---, 
[2026-04-03T02:04:28.418+0600][19.167s][info][gc,stats    ] Concurrent Marking                71706 us
[2026-04-03T02:04:28.418+0600][19.167s][info][gc,stats    ] Pause Final Mark (G)                847 us
[2026-04-03T02:04:28.418+0600][19.167s][info][gc,stats    ] Pause Final Mark (N)                659 us
[2026-04-03T02:04:28.418+0600][19.167s][info][gc,stats    ]   Finish Mark                       217 us
[2026-04-03T02:04:28.418+0600][19.167s][info][gc,stats    ]   Update Region States               55 us
[2026-04-03T02:04:28.418+0600][19.167s][info][gc,stats    ]   Choose Collection Set             180 us
[2026-04-03T02:04:28.418+0600][19.167s][info][gc,stats    ]   Rebuild Free Set                   43 us
[2026-04-03T02:04:28.418+0600][19.167s][info][gc,stats    ] Concurrent Thread Roots             514 us, parallelism: 2.04x
[2026-04-03T02:04:28.418+0600][19.167s][info][gc,stats    ]   CTR: <total>                     1047 us
[2026-04-03T02:04:28.418+0600][19.167s][info][gc,stats    ]   CTR: Thread Roots                1047 us, workers (us): 364, 346, 338, ---, ---, ---, 
[2026-04-03T02:04:28.418+0600][19.167s][info][gc,stats    ] Concurrent Weak References          438 us, parallelism: 1.03x
[2026-04-03T02:04:28.418+0600][19.167s][info][gc,stats    ]   CWRF: <total>                     453 us
[2026-04-03T02:04:28.418+0600][19.167s][info][gc,stats    ]   CWRF: Weak References             453 us, workers (us): 101, 155, 198, ---, ---, ---, 
[2026-04-03T02:04:28.418+0600][19.167s][info][gc,stats    ] Concurrent Weak Roots              2042 us
[2026-04-03T02:04:28.418+0600][19.167s][info][gc,stats    ]   Roots                            1802 us, parallelism: 2.54x
[2026-04-03T02:04:28.418+0600][19.167s][info][gc,stats    ]     CWR: <total>                   4582 us
[2026-04-03T02:04:28.418+0600][19.167s][info][gc,stats    ]     CWR: Code Cache Roots          2377 us, workers (us): 692, 809, 876, ---, ---, ---, 
[2026-04-03T02:04:28.418+0600][19.167s][info][gc,stats    ]     CWR: VM Weak Roots             2095 us, workers (us): 711, 704, 681, ---, ---, ---, 
[2026-04-03T02:04:28.418+0600][19.168s][info][gc,stats    ]     CWR: CLDG Roots                 109 us, workers (us): 109, ---, ---, ---, ---, ---, 
[2026-04-03T02:04:28.418+0600][19.168s][info][gc,stats    ]   Rendezvous                        157 us
[2026-04-03T02:04:28.418+0600][19.168s][info][gc,stats    ] Concurrent Cleanup                  798 us
[2026-04-03T02:04:28.418+0600][19.168s][info][gc,stats    ] Concurrent Class Unloading         5052 us
[2026-04-03T02:04:28.418+0600][19.168s][info][gc,stats    ]   Unlink Stale                     4479 us
[2026-04-03T02:04:28.418+0600][19.168s][info][gc,stats    ]     System Dictionary               120 us
[2026-04-03T02:04:28.418+0600][19.168s][info][gc,stats    ]     Weak Class Links                  0 us
[2026-04-03T02:04:28.418+0600][19.168s][info][gc,stats    ]     Code Roots                     4355 us
[2026-04-03T02:04:28.418+0600][19.168s][info][gc,stats    ]   Rendezvous                        127 us
[2026-04-03T02:04:28.418+0600][19.168s][info][gc,stats    ]   Purge Unlinked                    325 us
[2026-04-03T02:04:28.418+0600][19.168s][info][gc,stats    ]     Code Roots                      316 us
[2026-04-03T02:04:28.418+0600][19.168s][info][gc,stats    ]     CLDG                              7 us
[2026-04-03T02:04:28.418+0600][19.168s][info][gc,stats    ]     Exception Caches                  0 us
[2026-04-03T02:04:28.418+0600][19.168s][info][gc,stats    ] Concurrent Strong Roots             951 us, parallelism: 0.77x
[2026-04-03T02:04:28.418+0600][19.168s][info][gc,stats    ]   CSR: <total>                      729 us
[2026-04-03T02:04:28.418+0600][19.168s][info][gc,stats    ]   CSR: VM Strong Roots               32 us, workers (us):  18,  14,   0, ---, ---, ---, 
[2026-04-03T02:04:28.418+0600][19.168s][info][gc,stats    ]   CSR: CLDG Roots                   698 us, workers (us): 698, ---, ---, ---, ---, ---, 
[2026-04-03T02:04:28.418+0600][19.168s][info][gc,stats    ] Concurrent Evacuation              3799 us
[2026-04-03T02:04:28.418+0600][19.168s][info][gc,stats    ] Pause Init Update Refs (G)          351 us
[2026-04-03T02:04:28.418+0600][19.168s][info][gc,stats    ] Pause Init Update Refs (N)           81 us
[2026-04-03T02:04:28.418+0600][19.168s][info][gc,stats    ]   Manage GCLABs                      16 us
[2026-04-03T02:04:28.418+0600][19.168s][info][gc,stats    ] Concurrent Update Refs            72751 us
[2026-04-03T02:04:28.418+0600][19.168s][info][gc,stats    ] Concurrent Update Thread Roots      788 us
[2026-04-03T02:04:28.418+0600][19.168s][info][gc,stats    ] Pause Final Update Refs (G)         552 us
[2026-04-03T02:04:28.418+0600][19.168s][info][gc,stats    ] Pause Final Update Refs (N)         170 us
[2026-04-03T02:04:28.418+0600][19.168s][info][gc,stats    ]   Update Region States               50 us
[2026-04-03T02:04:28.418+0600][19.168s][info][gc,stats    ]   Trash Collection Set                9 us
[2026-04-03T02:04:28.418+0600][19.168s][info][gc,stats    ]   Rebuild Free Set                   42 us
[2026-04-03T02:04:28.418+0600][19.168s][info][gc,stats    ] Concurrent Cleanup                  264 us
[2026-04-03T02:04:28.418+0600][19.168s][info][gc,stats    ] 
[2026-04-03T02:04:28.418+0600][19.168s][info][gc,stats    ] Allocation pacing accrued:
[2026-04-03T02:04:28.418+0600][19.168s][info][gc,stats    ]       0 of   758 ms (  0.0%): <total>
[2026-04-03T02:04:28.418+0600][19.168s][info][gc,stats    ]       0 of   758 ms (  0.0%): <average total>
[2026-04-03T02:04:28.418+0600][19.168s][info][gc,stats    ] 
[2026-04-03T02:04:28.418+0600][19.168s][info][gc,metaspace] Metaspace: 66281K(67072K)->66283K(67072K) NonClass: 57884K(58304K)->57886K(58304K) Class: 8397K(8768K)->8397K(8768K)
[2026-04-03T02:04:28.418+0600][19.168s][info][gc,ergo     ] Pacer for Idle. Initial: 40960K, Alloc Tax Rate: 1.0x
[2026-04-03T02:04:28.478+0600][19.228s][info][gc          ] Trigger: Learning 3 of 5. Free (1397M) is below initial threshold (1400M)
[2026-04-03T02:04:28.478+0600][19.228s][info][gc,ergo     ] Free: 1397M, Max: 512K regular, 1184M humongous, Frag: 16% external, 0% internal; Reserve: 100M, Max: 512K
[2026-04-03T02:04:28.478+0600][19.228s][info][gc,start    ] GC(13) Concurrent reset
[2026-04-03T02:04:28.478+0600][19.228s][info][gc,task     ] GC(13) Using 3 of 6 workers for concurrent reset
[2026-04-03T02:04:28.478+0600][19.228s][info][gc,ergo     ] GC(13) Pacer for Reset. Non-Taxable: 2000M
[2026-04-03T02:04:28.479+0600][19.229s][info][gc          ] GC(13) Concurrent reset 1.015ms
[2026-04-03T02:04:28.480+0600][19.229s][info][gc,start    ] GC(13) Pause Init Mark (unload classes)
[2026-04-03T02:04:28.480+0600][19.230s][info][gc,task     ] GC(13) Using 6 of 6 workers for init marking
[2026-04-03T02:04:28.480+0600][19.230s][info][gc,ergo     ] GC(13) Pacer for Mark. Expected Live: 157M, Free: 1394M, Non-Taxable: 139M, Alloc Tax Rate: 0.1x
[2026-04-03T02:04:28.480+0600][19.230s][info][gc          ] GC(13) Pause Init Mark (unload classes) 0.126ms
[2026-04-03T02:04:28.480+0600][19.230s][info][gc,start    ] GC(13) Concurrent marking roots
[2026-04-03T02:04:28.480+0600][19.230s][info][gc,task     ] GC(13) Using 3 of 6 workers for concurrent marking roots
[2026-04-03T02:04:28.481+0600][19.230s][info][gc          ] GC(13) Concurrent marking roots 0.744ms
[2026-04-03T02:04:28.481+0600][19.230s][info][gc,start    ] GC(13) Concurrent marking (unload classes)
[2026-04-03T02:04:28.481+0600][19.230s][info][gc,task     ] GC(13) Using 3 of 6 workers for concurrent marking
[2026-04-03T02:04:28.549+0600][19.299s][info][gc          ] GC(13) Concurrent marking (unload classes) 68.804ms
[2026-04-03T02:04:28.550+0600][19.299s][info][gc,start    ] GC(13) Pause Final Mark (unload classes)
[2026-04-03T02:04:28.550+0600][19.300s][info][gc,task     ] GC(13) Using 6 of 6 workers for final marking
[2026-04-03T02:04:28.550+0600][19.300s][info][gc,ergo     ] GC(13) Collectable Garbage: 319M (96%), Immediate: 319M (96%), CSet: 0B (0%)
[2026-04-03T02:04:28.550+0600][19.300s][info][gc          ] GC(13) Pause Final Mark (unload classes) 0.492ms
[2026-04-03T02:04:28.550+0600][19.300s][info][gc,start    ] GC(13) Concurrent weak references
[2026-04-03T02:04:28.550+0600][19.300s][info][gc,task     ] GC(13) Using 3 of 6 workers for concurrent weak references
[2026-04-03T02:04:28.551+0600][19.300s][info][gc,ref      ] GC(13) Encountered references: Soft: 3110, Weak: 5656, Final: 82, Phantom: 594
[2026-04-03T02:04:28.551+0600][19.300s][info][gc,ref      ] GC(13) Discovered  references: Soft: 0, Weak: 1047, Final: 0, Phantom: 591
[2026-04-03T02:04:28.551+0600][19.300s][info][gc,ref      ] GC(13) Enqueued    references: Soft: 0, Weak: 16, Final: 0, Phantom: 0
[2026-04-03T02:04:28.551+0600][19.300s][info][gc          ] GC(13) Concurrent weak references 0.411ms
[2026-04-03T02:04:28.551+0600][19.300s][info][gc,start    ] GC(13) Concurrent weak roots
[2026-04-03T02:04:28.551+0600][19.300s][info][gc,task     ] GC(13) Using 3 of 6 workers for concurrent weak root
[2026-04-03T02:04:28.552+0600][19.302s][info][gc          ] GC(13) Concurrent weak roots 1.793ms
[2026-04-03T02:04:28.553+0600][19.302s][info][gc,start    ] GC(13) Concurrent cleanup
[2026-04-03T02:04:28.553+0600][19.303s][info][gc          ] GC(13) Concurrent cleanup 607M->288M(620M) 0.299ms
[2026-04-03T02:04:28.553+0600][19.303s][info][gc,ergo     ] GC(13) Free: 1609M, Max: 512K regular, 1184M humongous, Frag: 27% external, 0% internal; Reserve: 100M, Max: 512K
[2026-04-03T02:04:28.553+0600][19.303s][info][gc,start    ] GC(13) Concurrent class unloading
[2026-04-03T02:04:28.553+0600][19.303s][info][gc,task     ] GC(13) Using 3 of 6 workers for concurrent class unloading
[2026-04-03T02:04:28.557+0600][19.306s][info][gc          ] GC(13) Concurrent class unloading 3.686ms
[2026-04-03T02:04:28.557+0600][19.306s][info][gc,start    ] GC(13) Pause Final Roots
[2026-04-03T02:04:28.557+0600][19.307s][info][gc          ] GC(13) Pause Final Roots 0.055ms
[2026-04-03T02:04:28.557+0600][19.307s][info][gc,ergo     ] Free: 1602M, Max: 512K regular, 1184M humongous, Frag: 27% external, 0% internal; Reserve: 100M, Max: 512K
[2026-04-03T02:04:28.557+0600][19.307s][info][gc,stats    ] 
[2026-04-03T02:04:28.557+0600][19.307s][info][gc,stats    ] All times are wall-clock times, except per-root-class counters, that are sum over
[2026-04-03T02:04:28.557+0600][19.307s][info][gc,stats    ] all workers. Dividing the <total> over the root stage time estimates parallelism.
[2026-04-03T02:04:28.557+0600][19.307s][info][gc,stats    ] 
[2026-04-03T02:04:28.557+0600][19.307s][info][gc,stats    ] Concurrent Reset                   1056 us
[2026-04-03T02:04:28.557+0600][19.307s][info][gc,stats    ] Pause Init Mark (G)                 414 us
[2026-04-03T02:04:28.557+0600][19.307s][info][gc,stats    ] Pause Init Mark (N)                 133 us
[2026-04-03T02:04:28.557+0600][19.307s][info][gc,stats    ]   Update Region States               29 us
[2026-04-03T02:04:28.557+0600][19.307s][info][gc,stats    ] Concurrent Mark Roots               771 us, parallelism: 1.41x
[2026-04-03T02:04:28.557+0600][19.307s][info][gc,stats    ]   CMR: <total>                     1090 us
[2026-04-03T02:04:28.557+0600][19.307s][info][gc,stats    ]   CMR: Thread Roots                 765 us, workers (us): 332, 121, 312, ---, ---, ---, 
[2026-04-03T02:04:28.557+0600][19.307s][info][gc,stats    ]   CMR: VM Strong Roots              100 us, workers (us):  50,  49,   1, ---, ---, ---, 
[2026-04-03T02:04:28.557+0600][19.307s][info][gc,stats    ]   CMR: CLDG Roots                   225 us, workers (us): ---, 225, ---, ---, ---, ---, 
[2026-04-03T02:04:28.557+0600][19.307s][info][gc,stats    ] Concurrent Marking                68878 us
[2026-04-03T02:04:28.557+0600][19.307s][info][gc,stats    ] Pause Final Mark (G)                698 us
[2026-04-03T02:04:28.557+0600][19.307s][info][gc,stats    ] Pause Final Mark (N)                505 us
[2026-04-03T02:04:28.557+0600][19.307s][info][gc,stats    ]   Finish Mark                       215 us
[2026-04-03T02:04:28.557+0600][19.307s][info][gc,stats    ]   Update Region States               46 us
[2026-04-03T02:04:28.557+0600][19.307s][info][gc,stats    ]   Choose Collection Set              80 us
[2026-04-03T02:04:28.557+0600][19.307s][info][gc,stats    ]   Rebuild Free Set                   36 us
[2026-04-03T02:04:28.557+0600][19.307s][info][gc,stats    ] Concurrent Weak References          423 us, parallelism: 0.68x
[2026-04-03T02:04:28.557+0600][19.307s][info][gc,stats    ]   CWRF: <total>                     286 us
[2026-04-03T02:04:28.557+0600][19.307s][info][gc,stats    ]   CWRF: Weak References             286 us, workers (us):  99, 187,   0, ---, ---, ---, 
[2026-04-03T02:04:28.557+0600][19.307s][info][gc,stats    ] Concurrent Weak Roots              1846 us
[2026-04-03T02:04:28.557+0600][19.307s][info][gc,stats    ]   Roots                            1614 us, parallelism: 2.21x
[2026-04-03T02:04:28.557+0600][19.307s][info][gc,stats    ]     CWR: <total>                   3568 us
[2026-04-03T02:04:28.557+0600][19.307s][info][gc,stats    ]     CWR: Code Cache Roots          2583 us, workers (us): 966, 846, 771, ---, ---, ---, 
[2026-04-03T02:04:28.557+0600][19.307s][info][gc,stats    ]     CWR: VM Weak Roots              899 us, workers (us): 336, 286, 278, ---, ---, ---, 
[2026-04-03T02:04:28.557+0600][19.307s][info][gc,stats    ]     CWR: CLDG Roots                  86 us, workers (us): ---, ---,  86, ---, ---, ---, 
[2026-04-03T02:04:28.557+0600][19.307s][info][gc,stats    ]   Rendezvous                        144 us
[2026-04-03T02:04:28.557+0600][19.307s][info][gc,stats    ] Concurrent Cleanup                  320 us
[2026-04-03T02:04:28.557+0600][19.307s][info][gc,stats    ] Concurrent Class Unloading         3746 us
[2026-04-03T02:04:28.557+0600][19.307s][info][gc,stats    ]   Unlink Stale                     3510 us
[2026-04-03T02:04:28.557+0600][19.307s][info][gc,stats    ]     System Dictionary                71 us
[2026-04-03T02:04:28.557+0600][19.307s][info][gc,stats    ]     Weak Class Links                  0 us
[2026-04-03T02:04:28.557+0600][19.307s][info][gc,stats    ]     Code Roots                     3435 us
[2026-04-03T02:04:28.557+0600][19.307s][info][gc,stats    ]   Rendezvous                        108 us
[2026-04-03T02:04:28.557+0600][19.307s][info][gc,stats    ]   Purge Unlinked                     43 us
[2026-04-03T02:04:28.557+0600][19.307s][info][gc,stats    ]     Code Roots                       33 us
[2026-04-03T02:04:28.557+0600][19.307s][info][gc,stats    ]     CLDG                             10 us
[2026-04-03T02:04:28.557+0600][19.307s][info][gc,stats    ]     Exception Caches                  0 us
[2026-04-03T02:04:28.557+0600][19.307s][info][gc,stats    ] Pause Final Roots (G)               198 us
[2026-04-03T02:04:28.557+0600][19.307s][info][gc,stats    ] Pause Final Roots (N)                66 us
[2026-04-03T02:04:28.557+0600][19.307s][info][gc,stats    ] 
[2026-04-03T02:04:28.557+0600][19.307s][info][gc,stats    ] Allocation pacing accrued:
[2026-04-03T02:04:28.557+0600][19.307s][info][gc,stats    ]       0 of   139 ms (  0.0%): <total>
[2026-04-03T02:04:28.557+0600][19.307s][info][gc,stats    ]       0 of   139 ms (  0.0%): <average total>
[2026-04-03T02:04:28.557+0600][19.307s][info][gc,stats    ] 
[2026-04-03T02:04:28.557+0600][19.307s][info][gc,metaspace] Metaspace: 66283K(67072K)->66283K(67072K) NonClass: 57886K(58304K)->57886K(58304K) Class: 8397K(8768K)->8397K(8768K)
[2026-04-03T02:04:28.557+0600][19.307s][info][gc,ergo     ] Pacer for Idle. Initial: 40960K, Alloc Tax Rate: 1.0x
[2026-04-03T02:04:28.644+0600][19.393s][info][gc          ] Trigger: Learning 4 of 5. Free (1399M) is below initial threshold (1400M)
[2026-04-03T02:04:28.644+0600][19.394s][info][gc,ergo     ] Free: 1399M, Max: 512K regular, 1184M humongous, Frag: 16% external, 0% internal; Reserve: 100M, Max: 512K
[2026-04-03T02:04:28.644+0600][19.394s][info][gc,start    ] GC(14) Concurrent reset
[2026-04-03T02:04:28.644+0600][19.394s][info][gc,task     ] GC(14) Using 3 of 6 workers for concurrent reset
[2026-04-03T02:04:28.644+0600][19.394s][info][gc,ergo     ] GC(14) Pacer for Reset. Non-Taxable: 2000M
[2026-04-03T02:04:28.645+0600][19.394s][info][gc          ] GC(14) Concurrent reset 0.872ms
[2026-04-03T02:04:28.645+0600][19.395s][info][gc,start    ] GC(14) Pause Init Mark (unload classes)
[2026-04-03T02:04:28.645+0600][19.395s][info][gc,task     ] GC(14) Using 6 of 6 workers for init marking
[2026-04-03T02:04:28.645+0600][19.395s][info][gc,ergo     ] GC(14) Pacer for Mark. Expected Live: 166M, Free: 1396M, Non-Taxable: 139M, Alloc Tax Rate: 0.1x
[2026-04-03T02:04:28.645+0600][19.395s][info][gc          ] GC(14) Pause Init Mark (unload classes) 0.149ms
[2026-04-03T02:04:28.645+0600][19.395s][info][gc,start    ] GC(14) Concurrent marking roots
[2026-04-03T02:04:28.645+0600][19.395s][info][gc,task     ] GC(14) Using 3 of 6 workers for concurrent marking roots
[2026-04-03T02:04:28.646+0600][19.395s][info][gc          ] GC(14) Concurrent marking roots 0.643ms
[2026-04-03T02:04:28.646+0600][19.396s][info][gc,start    ] GC(14) Concurrent marking (unload classes)
[2026-04-03T02:04:28.646+0600][19.396s][info][gc,task     ] GC(14) Using 3 of 6 workers for concurrent marking
[2026-04-03T02:04:28.717+0600][19.467s][info][gc          ] GC(14) Concurrent marking (unload classes) 71.407ms
[2026-04-03T02:04:28.717+0600][19.467s][info][gc,start    ] GC(14) Pause Final Mark (unload classes)
[2026-04-03T02:04:28.717+0600][19.467s][info][gc,task     ] GC(14) Using 6 of 6 workers for final marking
[2026-04-03T02:04:28.718+0600][19.467s][info][gc,ergo     ] GC(14) Collectable Garbage: 316M (96%), Immediate: 316M (96%), CSet: 0B (0%)
[2026-04-03T02:04:28.718+0600][19.467s][info][gc          ] GC(14) Pause Final Mark (unload classes) 0.409ms
[2026-04-03T02:04:28.718+0600][19.468s][info][gc,start    ] GC(14) Concurrent weak references
[2026-04-03T02:04:28.718+0600][19.468s][info][gc,task     ] GC(14) Using 3 of 6 workers for concurrent weak references
[2026-04-03T02:04:28.718+0600][19.468s][info][gc,ref      ] GC(14) Encountered references: Soft: 3110, Weak: 5640, Final: 82, Phantom: 594
[2026-04-03T02:04:28.718+0600][19.468s][info][gc,ref      ] GC(14) Discovered  references: Soft: 0, Weak: 428, Final: 0, Phantom: 591
[2026-04-03T02:04:28.718+0600][19.468s][info][gc,ref      ] GC(14) Enqueued    references: Soft: 0, Weak: 0, Final: 0, Phantom: 0
[2026-04-03T02:04:28.718+0600][19.468s][info][gc          ] GC(14) Concurrent weak references 0.367ms
[2026-04-03T02:04:28.718+0600][19.468s][info][gc,start    ] GC(14) Concurrent weak roots
[2026-04-03T02:04:28.718+0600][19.468s][info][gc,task     ] GC(14) Using 3 of 6 workers for concurrent weak root
[2026-04-03T02:04:28.720+0600][19.470s][info][gc          ] GC(14) Concurrent weak roots 1.669ms
[2026-04-03T02:04:28.720+0600][19.470s][info][gc,start    ] GC(14) Concurrent cleanup
[2026-04-03T02:04:28.720+0600][19.470s][info][gc          ] GC(14) Concurrent cleanup 627M->311M(639M) 0.324ms
[2026-04-03T02:04:28.720+0600][19.470s][info][gc,ergo     ] GC(14) Free: 1586M, Max: 512K regular, 1184M humongous, Frag: 26% external, 0% internal; Reserve: 100M, Max: 512K
[2026-04-03T02:04:28.720+0600][19.470s][info][gc,start    ] GC(14) Concurrent class unloading
[2026-04-03T02:04:28.720+0600][19.470s][info][gc,task     ] GC(14) Using 3 of 6 workers for concurrent class unloading
[2026-04-03T02:04:28.724+0600][19.474s][info][gc          ] GC(14) Concurrent class unloading 3.720ms
[2026-04-03T02:04:28.724+0600][19.474s][info][gc,start    ] GC(14) Pause Final Roots
[2026-04-03T02:04:28.724+0600][19.474s][info][gc          ] GC(14) Pause Final Roots 0.035ms
[2026-04-03T02:04:28.724+0600][19.474s][info][gc,ergo     ] Free: 1578M, Max: 512K regular, 1184M humongous, Frag: 25% external, 0% internal; Reserve: 100M, Max: 512K
[2026-04-03T02:04:28.724+0600][19.474s][info][gc,stats    ] 
[2026-04-03T02:04:28.724+0600][19.474s][info][gc,stats    ] All times are wall-clock times, except per-root-class counters, that are sum over
[2026-04-03T02:04:28.724+0600][19.474s][info][gc,stats    ] all workers. Dividing the <total> over the root stage time estimates parallelism.
[2026-04-03T02:04:28.724+0600][19.474s][info][gc,stats    ] 
[2026-04-03T02:04:28.724+0600][19.474s][info][gc,stats    ] Concurrent Reset                    930 us
[2026-04-03T02:04:28.724+0600][19.474s][info][gc,stats    ] Pause Init Mark (G)                 346 us
[2026-04-03T02:04:28.725+0600][19.474s][info][gc,stats    ] Pause Init Mark (N)                 157 us
[2026-04-03T02:04:28.725+0600][19.474s][info][gc,stats    ]   Update Region States               31 us
[2026-04-03T02:04:28.725+0600][19.474s][info][gc,stats    ] Concurrent Mark Roots               670 us, parallelism: 1.35x
[2026-04-03T02:04:28.725+0600][19.474s][info][gc,stats    ]   CMR: <total>                      905 us
[2026-04-03T02:04:28.725+0600][19.474s][info][gc,stats    ]   CMR: Thread Roots                 666 us, workers (us): 105, 307, 254, ---, ---, ---, 
[2026-04-03T02:04:28.725+0600][19.474s][info][gc,stats    ]   CMR: VM Strong Roots               22 us, workers (us):  20,   1,   1, ---, ---, ---, 
[2026-04-03T02:04:28.725+0600][19.474s][info][gc,stats    ]   CMR: CLDG Roots                   217 us, workers (us): 217, ---, ---, ---, ---, ---, 
[2026-04-03T02:04:28.725+0600][19.474s][info][gc,stats    ] Concurrent Marking                71489 us
[2026-04-03T02:04:28.725+0600][19.474s][info][gc,stats    ] Pause Final Mark (G)                565 us
[2026-04-03T02:04:28.725+0600][19.474s][info][gc,stats    ] Pause Final Mark (N)                418 us
[2026-04-03T02:04:28.725+0600][19.474s][info][gc,stats    ]   Finish Mark                       181 us
[2026-04-03T02:04:28.725+0600][19.474s][info][gc,stats    ]   Update Region States               79 us
[2026-04-03T02:04:28.725+0600][19.474s][info][gc,stats    ]   Choose Collection Set              60 us
[2026-04-03T02:04:28.725+0600][19.474s][info][gc,stats    ]   Rebuild Free Set                   34 us
[2026-04-03T02:04:28.725+0600][19.474s][info][gc,stats    ] Concurrent Weak References          378 us, parallelism: 0.75x
[2026-04-03T02:04:28.725+0600][19.474s][info][gc,stats    ]   CWRF: <total>                     281 us
[2026-04-03T02:04:28.725+0600][19.474s][info][gc,stats    ]   CWRF: Weak References             281 us, workers (us): 164, 115,   2, ---, ---, ---, 
[2026-04-03T02:04:28.725+0600][19.474s][info][gc,stats    ] Concurrent Weak Roots              1716 us
[2026-04-03T02:04:28.725+0600][19.474s][info][gc,stats    ]   Roots                            1483 us, parallelism: 2.32x
[2026-04-03T02:04:28.725+0600][19.475s][info][gc,stats    ]     CWR: <total>                   3444 us
[2026-04-03T02:04:28.725+0600][19.475s][info][gc,stats    ]     CWR: Code Cache Roots          2376 us, workers (us): 835, 786, 756, ---, ---, ---, 
[2026-04-03T02:04:28.725+0600][19.475s][info][gc,stats    ]     CWR: VM Weak Roots             1034 us, workers (us): 376, 361, 298, ---, ---, ---, 
[2026-04-03T02:04:28.725+0600][19.475s][info][gc,stats    ]     CWR: CLDG Roots                  34 us, workers (us): ---,  34, ---, ---, ---, ---, 
[2026-04-03T02:04:28.725+0600][19.475s][info][gc,stats    ]   Rendezvous                        162 us
[2026-04-03T02:04:28.725+0600][19.475s][info][gc,stats    ] Concurrent Cleanup                  339 us
[2026-04-03T02:04:28.725+0600][19.475s][info][gc,stats    ] Concurrent Class Unloading         3786 us
[2026-04-03T02:04:28.725+0600][19.475s][info][gc,stats    ]   Unlink Stale                     3430 us
[2026-04-03T02:04:28.725+0600][19.475s][info][gc,stats    ]     System Dictionary                51 us
[2026-04-03T02:04:28.725+0600][19.475s][info][gc,stats    ]     Weak Class Links                  0 us
[2026-04-03T02:04:28.725+0600][19.475s][info][gc,stats    ]     Code Roots                     3375 us
[2026-04-03T02:04:28.725+0600][19.475s][info][gc,stats    ]   Rendezvous                        223 us
[2026-04-03T02:04:28.725+0600][19.475s][info][gc,stats    ]   Purge Unlinked                     40 us
[2026-04-03T02:04:28.725+0600][19.475s][info][gc,stats    ]     Code Roots                       29 us
[2026-04-03T02:04:28.725+0600][19.475s][info][gc,stats    ]     CLDG                             11 us
[2026-04-03T02:04:28.725+0600][19.475s][info][gc,stats    ]     Exception Caches                  0 us
[2026-04-03T02:04:28.725+0600][19.475s][info][gc,stats    ] Pause Final Roots (G)               193 us
[2026-04-03T02:04:28.725+0600][19.475s][info][gc,stats    ] Pause Final Roots (N)                44 us
[2026-04-03T02:04:28.725+0600][19.475s][info][gc,stats    ] 
[2026-04-03T02:04:28.725+0600][19.475s][info][gc,stats    ] Allocation pacing accrued:
[2026-04-03T02:04:28.725+0600][19.475s][info][gc,stats    ]       0 of   168 ms (  0.0%): <total>
[2026-04-03T02:04:28.725+0600][19.475s][info][gc,stats    ]       0 of   168 ms (  0.0%): <average total>
[2026-04-03T02:04:28.725+0600][19.475s][info][gc,stats    ] 
[2026-04-03T02:04:28.725+0600][19.475s][info][gc,metaspace] Metaspace: 66283K(67072K)->66283K(67072K) NonClass: 57886K(58304K)->57886K(58304K) Class: 8397K(8768K)->8397K(8768K)
[2026-04-03T02:04:28.725+0600][19.475s][info][gc,ergo     ] Pacer for Idle. Initial: 40960K, Alloc Tax Rate: 1.0x
[2026-04-03T02:04:28.801+0600][19.551s][info][gc          ] Trigger: Learning 5 of 5. Free (1399M) is below initial threshold (1400M)
[2026-04-03T02:04:28.801+0600][19.551s][info][gc,ergo     ] Free: 1398M, Max: 512K regular, 1184M humongous, Frag: 16% external, 0% internal; Reserve: 100M, Max: 512K
[2026-04-03T02:04:28.801+0600][19.551s][info][gc,start    ] GC(15) Concurrent reset
[2026-04-03T02:04:28.801+0600][19.551s][info][gc,task     ] GC(15) Using 3 of 6 workers for concurrent reset
[2026-04-03T02:04:28.801+0600][19.551s][info][gc,ergo     ] GC(15) Pacer for Reset. Non-Taxable: 2000M
[2026-04-03T02:04:28.802+0600][19.552s][info][gc          ] GC(15) Concurrent reset 0.819ms
[2026-04-03T02:04:28.802+0600][19.552s][info][gc,start    ] GC(15) Pause Init Mark (unload classes)
[2026-04-03T02:04:28.802+0600][19.552s][info][gc,task     ] GC(15) Using 6 of 6 workers for init marking
[2026-04-03T02:04:28.802+0600][19.552s][info][gc,ergo     ] GC(15) Pacer for Mark. Expected Live: 172M, Free: 1397M, Non-Taxable: 139M, Alloc Tax Rate: 0.2x
[2026-04-03T02:04:28.802+0600][19.552s][info][gc          ] GC(15) Pause Init Mark (unload classes) 0.083ms
[2026-04-03T02:04:28.802+0600][19.552s][info][gc,start    ] GC(15) Concurrent marking roots
[2026-04-03T02:04:28.802+0600][19.552s][info][gc,task     ] GC(15) Using 3 of 6 workers for concurrent marking roots
[2026-04-03T02:04:28.803+0600][19.553s][info][gc          ] GC(15) Concurrent marking roots 0.662ms
[2026-04-03T02:04:28.803+0600][19.553s][info][gc,start    ] GC(15) Concurrent marking (unload classes)
[2026-04-03T02:04:28.803+0600][19.553s][info][gc,task     ] GC(15) Using 3 of 6 workers for concurrent marking
[2026-04-03T02:04:28.873+0600][19.622s][info][gc          ] GC(15) Concurrent marking (unload classes) 69.450ms
[2026-04-03T02:04:28.873+0600][19.623s][info][gc,start    ] GC(15) Pause Final Mark (unload classes)
[2026-04-03T02:04:28.873+0600][19.623s][info][gc,task     ] GC(15) Using 6 of 6 workers for final marking
[2026-04-03T02:04:28.873+0600][19.623s][info][gc,ergo     ] GC(15) Collectable Garbage: 315M (96%), Immediate: 315M (96%), CSet: 0B (0%)
[2026-04-03T02:04:28.873+0600][19.623s][info][gc          ] GC(15) Pause Final Mark (unload classes) 0.438ms
[2026-04-03T02:04:28.873+0600][19.623s][info][gc,start    ] GC(15) Concurrent weak references
[2026-04-03T02:04:28.873+0600][19.623s][info][gc,task     ] GC(15) Using 3 of 6 workers for concurrent weak references
[2026-04-03T02:04:28.874+0600][19.623s][info][gc,ref      ] GC(15) Encountered references: Soft: 3110, Weak: 5640, Final: 82, Phantom: 594
[2026-04-03T02:04:28.874+0600][19.623s][info][gc,ref      ] GC(15) Discovered  references: Soft: 0, Weak: 418, Final: 0, Phantom: 591
[2026-04-03T02:04:28.874+0600][19.623s][info][gc,ref      ] GC(15) Enqueued    references: Soft: 0, Weak: 0, Final: 0, Phantom: 0
[2026-04-03T02:04:28.874+0600][19.623s][info][gc          ] GC(15) Concurrent weak references 0.369ms
[2026-04-03T02:04:28.874+0600][19.623s][info][gc,start    ] GC(15) Concurrent weak roots
[2026-04-03T02:04:28.874+0600][19.623s][info][gc,task     ] GC(15) Using 3 of 6 workers for concurrent weak root
[2026-04-03T02:04:28.875+0600][19.625s][info][gc          ] GC(15) Concurrent weak roots 1.847ms
[2026-04-03T02:04:28.876+0600][19.625s][info][gc,start    ] GC(15) Concurrent cleanup
[2026-04-03T02:04:28.876+0600][19.626s][info][gc          ] GC(15) Concurrent cleanup 635M->319M(647M) 0.349ms
[2026-04-03T02:04:28.876+0600][19.626s][info][gc,ergo     ] GC(15) Free: 1578M, Max: 512K regular, 1184M humongous, Frag: 25% external, 0% internal; Reserve: 100M, Max: 512K
[2026-04-03T02:04:28.876+0600][19.626s][info][gc,start    ] GC(15) Concurrent class unloading
[2026-04-03T02:04:28.876+0600][19.626s][info][gc,task     ] GC(15) Using 3 of 6 workers for concurrent class unloading
[2026-04-03T02:04:28.880+0600][19.629s][info][gc          ] GC(15) Concurrent class unloading 3.620ms
[2026-04-03T02:04:28.880+0600][19.629s][info][gc,start    ] GC(15) Pause Final Roots
[2026-04-03T02:04:28.880+0600][19.629s][info][gc          ] GC(15) Pause Final Roots 0.029ms
[2026-04-03T02:04:28.880+0600][19.630s][info][gc,ergo     ] Free: 1571M, Max: 512K regular, 1184M humongous, Frag: 25% external, 0% internal; Reserve: 100M, Max: 512K
[2026-04-03T02:04:28.880+0600][19.630s][info][gc,stats    ] 
[2026-04-03T02:04:28.880+0600][19.630s][info][gc,stats    ] All times are wall-clock times, except per-root-class counters, that are sum over
[2026-04-03T02:04:28.880+0600][19.630s][info][gc,stats    ] all workers. Dividing the <total> over the root stage time estimates parallelism.
[2026-04-03T02:04:28.880+0600][19.630s][info][gc,stats    ] 
[2026-04-03T02:04:28.880+0600][19.630s][info][gc,stats    ] Concurrent Reset                    858 us
[2026-04-03T02:04:28.880+0600][19.630s][info][gc,stats    ] Pause Init Mark (G)                 357 us
[2026-04-03T02:04:28.880+0600][19.630s][info][gc,stats    ] Pause Init Mark (N)                  98 us
[2026-04-03T02:04:28.880+0600][19.630s][info][gc,stats    ]   Update Region States               35 us
[2026-04-03T02:04:28.880+0600][19.630s][info][gc,stats    ] Concurrent Mark Roots               694 us, parallelism: 1.15x
[2026-04-03T02:04:28.880+0600][19.630s][info][gc,stats    ]   CMR: <total>                      798 us
[2026-04-03T02:04:28.880+0600][19.630s][info][gc,stats    ]   CMR: Thread Roots                 637 us, workers (us): 164, 272, 201, ---, ---, ---, 
[2026-04-03T02:04:28.880+0600][19.630s][info][gc,stats    ]   CMR: VM Strong Roots               20 us, workers (us):  19,   1,   1, ---, ---, ---, 
[2026-04-03T02:04:28.880+0600][19.630s][info][gc,stats    ]   CMR: CLDG Roots                   141 us, workers (us): 141, ---, ---, ---, ---, ---, 
[2026-04-03T02:04:28.880+0600][19.630s][info][gc,stats    ] Concurrent Marking                69529 us
[2026-04-03T02:04:28.880+0600][19.630s][info][gc,stats    ] Pause Final Mark (G)                552 us
[2026-04-03T02:04:28.880+0600][19.630s][info][gc,stats    ] Pause Final Mark (N)                447 us
[2026-04-03T02:04:28.880+0600][19.630s][info][gc,stats    ]   Finish Mark                       247 us
[2026-04-03T02:04:28.880+0600][19.630s][info][gc,stats    ]   Update Region States               48 us
[2026-04-03T02:04:28.880+0600][19.630s][info][gc,stats    ]   Choose Collection Set              50 us
[2026-04-03T02:04:28.880+0600][19.630s][info][gc,stats    ]   Rebuild Free Set                   34 us
[2026-04-03T02:04:28.880+0600][19.630s][info][gc,stats    ] Concurrent Weak References          380 us, parallelism: 0.58x
[2026-04-03T02:04:28.880+0600][19.630s][info][gc,stats    ]   CWRF: <total>                     219 us
[2026-04-03T02:04:28.880+0600][19.630s][info][gc,stats    ]   CWRF: Weak References             219 us, workers (us): 134,  10,  76, ---, ---, ---, 
[2026-04-03T02:04:28.880+0600][19.630s][info][gc,stats    ] Concurrent Weak Roots              1902 us
[2026-04-03T02:04:28.880+0600][19.630s][info][gc,stats    ]   Roots                            1715 us, parallelism: 2.52x
[2026-04-03T02:04:28.880+0600][19.630s][info][gc,stats    ]     CWR: <total>                   4320 us
[2026-04-03T02:04:28.880+0600][19.630s][info][gc,stats    ]     CWR: Code Cache Roots          3191 us, workers (us): 1072, 1093, 1027, ---, ---, ---, 
[2026-04-03T02:04:28.880+0600][19.630s][info][gc,stats    ]     CWR: VM Weak Roots             1104 us, workers (us): 388, 379, 337, ---, ---, ---, 
[2026-04-03T02:04:28.880+0600][19.630s][info][gc,stats    ]     CWR: CLDG Roots                  25 us, workers (us): ---, ---,  25, ---, ---, ---, 
[2026-04-03T02:04:28.880+0600][19.630s][info][gc,stats    ]   Rendezvous                        108 us
[2026-04-03T02:04:28.880+0600][19.630s][info][gc,stats    ] Concurrent Cleanup                  368 us
[2026-04-03T02:04:28.880+0600][19.630s][info][gc,stats    ] Concurrent Class Unloading         3680 us
[2026-04-03T02:04:28.880+0600][19.630s][info][gc,stats    ]   Unlink Stale                     3477 us
[2026-04-03T02:04:28.880+0600][19.630s][info][gc,stats    ]     System Dictionary                70 us
[2026-04-03T02:04:28.880+0600][19.630s][info][gc,stats    ]     Weak Class Links                  0 us
[2026-04-03T02:04:28.880+0600][19.630s][info][gc,stats    ]     Code Roots                     3403 us
[2026-04-03T02:04:28.880+0600][19.630s][info][gc,stats    ]   Rendezvous                        108 us
[2026-04-03T02:04:28.880+0600][19.630s][info][gc,stats    ]   Purge Unlinked                      9 us
[2026-04-03T02:04:28.880+0600][19.630s][info][gc,stats    ]     Code Roots                        3 us
[2026-04-03T02:04:28.880+0600][19.630s][info][gc,stats    ]     CLDG                              5 us
[2026-04-03T02:04:28.880+0600][19.630s][info][gc,stats    ]     Exception Caches                  0 us
[2026-04-03T02:04:28.880+0600][19.630s][info][gc,stats    ] Pause Final Roots (G)               108 us
[2026-04-03T02:04:28.880+0600][19.630s][info][gc,stats    ] Pause Final Roots (N)                37 us
[2026-04-03T02:04:28.880+0600][19.630s][info][gc,stats    ] 
[2026-04-03T02:04:28.880+0600][19.630s][info][gc,stats    ] Allocation pacing accrued:
[2026-04-03T02:04:28.880+0600][19.630s][info][gc,stats    ]       0 of   155 ms (  0.0%): <total>
[2026-04-03T02:04:28.880+0600][19.630s][info][gc,stats    ]       0 of   155 ms (  0.0%): <average total>
[2026-04-03T02:04:28.880+0600][19.630s][info][gc,stats    ] 
[2026-04-03T02:04:28.880+0600][19.630s][info][gc,metaspace] Metaspace: 66283K(67072K)->66283K(67072K) NonClass: 57886K(58304K)->57886K(58304K) Class: 8397K(8768K)->8397K(8768K)
[2026-04-03T02:04:28.880+0600][19.630s][info][gc,ergo     ] Pacer for Idle. Initial: 40960K, Alloc Tax Rate: 1.0x
[2026-04-03T02:04:29.023+0600][19.773s][info][gc          ] Trigger: Explicit GC request (System.gc())
[2026-04-03T02:04:29.023+0600][19.773s][info][gc,ergo     ] Free: 1319M, Max: 512K regular, 1184M humongous, Frag: 11% external, 0% internal; Reserve: 100M, Max: 512K
[2026-04-03T02:04:29.023+0600][19.773s][info][gc,start    ] GC(16) Concurrent reset
[2026-04-03T02:04:29.023+0600][19.773s][info][gc,task     ] GC(16) Using 3 of 6 workers for concurrent reset
[2026-04-03T02:04:29.023+0600][19.773s][info][gc,ergo     ] GC(16) Pacer for Reset. Non-Taxable: 2000M
[2026-04-03T02:04:29.024+0600][19.774s][info][gc          ] GC(16) Concurrent reset 1.222ms
[2026-04-03T02:04:29.025+0600][19.774s][info][gc,start    ] GC(16) Pause Init Mark (unload classes)
[2026-04-03T02:04:29.025+0600][19.774s][info][gc,task     ] GC(16) Using 6 of 6 workers for init marking
[2026-04-03T02:04:29.025+0600][19.775s][info][gc,ref      ] GC(16) Clearing All SoftReferences
[2026-04-03T02:04:29.025+0600][19.775s][info][gc,ergo     ] GC(16) Pacer for Mark. Expected Live: 172M, Free: 1319M, Non-Taxable: 131M, Alloc Tax Rate: 0.2x
[2026-04-03T02:04:29.025+0600][19.775s][info][gc          ] GC(16) Pause Init Mark (unload classes) 0.148ms
[2026-04-03T02:04:29.025+0600][19.775s][info][gc,start    ] GC(16) Concurrent marking roots
[2026-04-03T02:04:29.025+0600][19.775s][info][gc,task     ] GC(16) Using 3 of 6 workers for concurrent marking roots
[2026-04-03T02:04:29.026+0600][19.776s][info][gc          ] GC(16) Concurrent marking roots 0.858ms
[2026-04-03T02:04:29.026+0600][19.776s][info][gc,start    ] GC(16) Concurrent marking (unload classes)
[2026-04-03T02:04:29.026+0600][19.776s][info][gc,task     ] GC(16) Using 3 of 6 workers for concurrent marking
[2026-04-03T02:04:29.093+0600][19.843s][info][gc          ] GC(16) Concurrent marking (unload classes) 67.611ms
[2026-04-03T02:04:29.094+0600][19.843s][info][gc,start    ] GC(16) Pause Final Mark (unload classes)
[2026-04-03T02:04:29.094+0600][19.843s][info][gc,task     ] GC(16) Using 6 of 6 workers for final marking
[2026-04-03T02:04:29.094+0600][19.844s][info][gc,ergo     ] GC(16) Collectable Garbage: 386M (95%), Immediate: 386M (95%), CSet: 0B (0%)
[2026-04-03T02:04:29.094+0600][19.844s][info][gc          ] GC(16) Pause Final Mark (unload classes) 0.637ms
[2026-04-03T02:04:29.094+0600][19.844s][info][gc,start    ] GC(16) Concurrent weak references
[2026-04-03T02:04:29.094+0600][19.844s][info][gc,task     ] GC(16) Using 3 of 6 workers for concurrent weak references
[2026-04-03T02:04:29.095+0600][19.844s][info][gc,ref      ] GC(16) Encountered references: Soft: 3016, Weak: 5647, Final: 82, Phantom: 594
[2026-04-03T02:04:29.095+0600][19.845s][info][gc,ref      ] GC(16) Discovered  references: Soft: 2790, Weak: 488, Final: 0, Phantom: 591
[2026-04-03T02:04:29.095+0600][19.845s][info][gc,ref      ] GC(16) Enqueued    references: Soft: 315, Weak: 204, Final: 0, Phantom: 0
[2026-04-03T02:04:29.095+0600][19.845s][info][gc          ] GC(16) Concurrent weak references 0.490ms
[2026-04-03T02:04:29.095+0600][19.845s][info][gc,start    ] GC(16) Concurrent weak roots
[2026-04-03T02:04:29.095+0600][19.845s][info][gc,task     ] GC(16) Using 3 of 6 workers for concurrent weak root
[2026-04-03T02:04:29.096+0600][19.846s][info][gc          ] GC(16) Concurrent weak roots 1.523ms
[2026-04-03T02:04:29.096+0600][19.846s][info][gc,start    ] GC(16) Concurrent cleanup
[2026-04-03T02:04:29.097+0600][19.846s][info][gc          ] GC(16) Concurrent cleanup 576M->190M(647M) 0.293ms
[2026-04-03T02:04:29.097+0600][19.846s][info][gc,ergo     ] GC(16) Free: 1707M, Max: 512K regular, 1184M humongous, Frag: 31% external, 0% internal; Reserve: 100M, Max: 512K
[2026-04-03T02:04:29.097+0600][19.846s][info][gc,start    ] GC(16) Concurrent class unloading
[2026-04-03T02:04:29.097+0600][19.847s][info][gc,task     ] GC(16) Using 3 of 6 workers for concurrent class unloading
[2026-04-03T02:04:29.113+0600][19.863s][info][gc          ] GC(16) Concurrent class unloading 16.549ms
[2026-04-03T02:04:29.113+0600][19.863s][info][gc,start    ] GC(16) Pause Final Roots
[2026-04-03T02:04:29.113+0600][19.863s][info][gc          ] GC(16) Pause Final Roots 0.039ms
[2026-04-03T02:04:29.114+0600][19.863s][info][gc,ergo     ] Free: 1699M, Max: 512K regular, 1184M humongous, Frag: 31% external, 0% internal; Reserve: 100M, Max: 512K
[2026-04-03T02:04:29.114+0600][19.864s][info][gc,stats    ] 
[2026-04-03T02:04:29.114+0600][19.864s][info][gc,stats    ] All times are wall-clock times, except per-root-class counters, that are sum over
[2026-04-03T02:04:29.114+0600][19.864s][info][gc,stats    ] all workers. Dividing the <total> over the root stage time estimates parallelism.
[2026-04-03T02:04:29.114+0600][19.864s][info][gc,stats    ] 
[2026-04-03T02:04:29.114+0600][19.864s][info][gc,stats    ] Concurrent Reset                   1286 us
[2026-04-03T02:04:29.114+0600][19.864s][info][gc,stats    ] Pause Init Mark (G)                 362 us
[2026-04-03T02:04:29.114+0600][19.864s][info][gc,stats    ] Pause Init Mark (N)                 160 us
[2026-04-03T02:04:29.114+0600][19.864s][info][gc,stats    ]   Update Region States               31 us
[2026-04-03T02:04:29.114+0600][19.864s][info][gc,stats    ] Concurrent Mark Roots               893 us, parallelism: 1.73x
[2026-04-03T02:04:29.114+0600][19.864s][info][gc,stats    ]   CMR: <total>                     1547 us
[2026-04-03T02:04:29.114+0600][19.864s][info][gc,stats    ]   CMR: Thread Roots                1312 us, workers (us): 299, 509, 504, ---, ---, ---, 
[2026-04-03T02:04:29.114+0600][19.864s][info][gc,stats    ]   CMR: VM Strong Roots               24 us, workers (us):  22,   1,   1, ---, ---, ---, 
[2026-04-03T02:04:29.114+0600][19.864s][info][gc,stats    ]   CMR: CLDG Roots                   211 us, workers (us): 211, ---, ---, ---, ---, ---, 
[2026-04-03T02:04:29.114+0600][19.864s][info][gc,stats    ] Concurrent Marking                67681 us
[2026-04-03T02:04:29.114+0600][19.864s][info][gc,stats    ] Pause Final Mark (G)                782 us
[2026-04-03T02:04:29.114+0600][19.864s][info][gc,stats    ] Pause Final Mark (N)                651 us
[2026-04-03T02:04:29.114+0600][19.864s][info][gc,stats    ]   Finish Mark                       389 us
[2026-04-03T02:04:29.114+0600][19.864s][info][gc,stats    ]   Update Region States               47 us
[2026-04-03T02:04:29.114+0600][19.864s][info][gc,stats    ]   Choose Collection Set             107 us
[2026-04-03T02:04:29.114+0600][19.864s][info][gc,stats    ]   Rebuild Free Set                   31 us
[2026-04-03T02:04:29.114+0600][19.864s][info][gc,stats    ] Concurrent Weak References          506 us, parallelism: 1.02x
[2026-04-03T02:04:29.114+0600][19.864s][info][gc,stats    ]   CWRF: <total>                     514 us
[2026-04-03T02:04:29.114+0600][19.864s][info][gc,stats    ]   CWRF: Weak References             514 us, workers (us): 123, 137, 254, ---, ---, ---, 
[2026-04-03T02:04:29.114+0600][19.864s][info][gc,stats    ] Concurrent Weak Roots              1577 us
[2026-04-03T02:04:29.114+0600][19.864s][info][gc,stats    ]   Roots                            1340 us, parallelism: 2.26x
[2026-04-03T02:04:29.114+0600][19.864s][info][gc,stats    ]     CWR: <total>                   3033 us
[2026-04-03T02:04:29.114+0600][19.864s][info][gc,stats    ]     CWR: Code Cache Roots          2157 us, workers (us): 672, 756, 730, ---, ---, ---, 
[2026-04-03T02:04:29.114+0600][19.864s][info][gc,stats    ]     CWR: VM Weak Roots              810 us, workers (us): 371, 243, 196, ---, ---, ---, 
[2026-04-03T02:04:29.114+0600][19.864s][info][gc,stats    ]     CWR: CLDG Roots                  66 us, workers (us):  66, ---, ---, ---, ---, ---, 
[2026-04-03T02:04:29.114+0600][19.864s][info][gc,stats    ]   Rendezvous                        163 us
[2026-04-03T02:04:29.114+0600][19.864s][info][gc,stats    ] Concurrent Cleanup                  310 us
[2026-04-03T02:04:29.114+0600][19.864s][info][gc,stats    ] Concurrent Class Unloading        16639 us
[2026-04-03T02:04:29.114+0600][19.864s][info][gc,stats    ]   Unlink Stale                    15072 us
[2026-04-03T02:04:29.114+0600][19.864s][info][gc,stats    ]     System Dictionary               453 us
[2026-04-03T02:04:29.114+0600][19.864s][info][gc,stats    ]     Weak Class Links              10102 us
[2026-04-03T02:04:29.114+0600][19.864s][info][gc,stats    ]     Code Roots                     4514 us
[2026-04-03T02:04:29.114+0600][19.864s][info][gc,stats    ]   Rendezvous                        376 us
[2026-04-03T02:04:29.114+0600][19.864s][info][gc,stats    ]   Purge Unlinked                   1069 us
[2026-04-03T02:04:29.114+0600][19.864s][info][gc,stats    ]     Code Roots                      387 us
[2026-04-03T02:04:29.114+0600][19.864s][info][gc,stats    ]     CLDG                            680 us
[2026-04-03T02:04:29.114+0600][19.864s][info][gc,stats    ]     Exception Caches                  1 us
[2026-04-03T02:04:29.114+0600][19.864s][info][gc,stats    ] Pause Final Roots (G)               201 us
[2026-04-03T02:04:29.114+0600][19.864s][info][gc,stats    ] Pause Final Roots (N)                58 us
[2026-04-03T02:04:29.114+0600][19.864s][info][gc,stats    ] 
[2026-04-03T02:04:29.114+0600][19.864s][info][gc,stats    ] Allocation pacing accrued:
[2026-04-03T02:04:29.114+0600][19.864s][info][gc,stats    ]       0 of   234 ms (  0.0%): <total>
[2026-04-03T02:04:29.114+0600][19.864s][info][gc,stats    ]       0 of   234 ms (  0.0%): <average total>
[2026-04-03T02:04:29.114+0600][19.864s][info][gc,stats    ] 
[2026-04-03T02:04:29.114+0600][19.864s][info][gc,metaspace] Metaspace: 66344K(67136K)->66017K(67136K) NonClass: 57945K(58368K)->57677K(58368K) Class: 8399K(8768K)->8340K(8768K)
[2026-04-03T02:04:29.114+0600][19.864s][info][gc,ergo     ] Pacer for Idle. Initial: 40960K, Alloc Tax Rate: 1.0x
[2026-04-03T02:04:29.114+0600][19.864s][info][gc,start    ] Concurrent uncommit
[2026-04-03T02:04:29.185+0600][19.935s][info][gc          ] Concurrent uncommit 198M->205M(208M) 70.743ms
[2026-04-03T02:04:29.606+0600][20.355s][info][gc          ] Trigger: Learning 2 of 5. Free (1398M) is below initial threshold (1400M)
[2026-04-03T02:04:29.606+0600][20.356s][info][gc,ergo     ] Free: 1398M, Max: 512K regular, 1184M humongous, Frag: 16% external, 0% internal; Reserve: 100M, Max: 512K
[2026-04-03T02:04:29.606+0600][20.356s][info][gc,start    ] GC(17) Concurrent reset
[2026-04-03T02:04:29.606+0600][20.356s][info][gc,task     ] GC(17) Using 3 of 6 workers for concurrent reset
[2026-04-03T02:04:29.606+0600][20.356s][info][gc,ergo     ] GC(17) Pacer for Reset. Non-Taxable: 2000M
[2026-04-03T02:04:29.607+0600][20.356s][info][gc          ] GC(17) Concurrent reset 0.830ms
[2026-04-03T02:04:29.629+0600][20.378s][info][gc,start    ] GC(17) Pause Init Mark (unload classes)
[2026-04-03T02:04:29.629+0600][20.379s][info][gc,task     ] GC(17) Using 6 of 6 workers for init marking
[2026-04-03T02:04:29.629+0600][20.379s][info][gc,ergo     ] GC(17) Pacer for Mark. Expected Live: 172M, Free: 1369M, Non-Taxable: 136M, Alloc Tax Rate: 0.2x
[2026-04-03T02:04:29.629+0600][20.379s][info][gc          ] GC(17) Pause Init Mark (unload classes) 0.120ms
[2026-04-03T02:04:29.629+0600][20.379s][info][gc,start    ] GC(17) Concurrent marking roots
[2026-04-03T02:04:29.629+0600][20.379s][info][gc,task     ] GC(17) Using 3 of 6 workers for concurrent marking roots
[2026-04-03T02:04:29.630+0600][20.380s][info][gc          ] GC(17) Concurrent marking roots 0.796ms
[2026-04-03T02:04:29.630+0600][20.380s][info][gc,start    ] GC(17) Concurrent marking (unload classes)
[2026-04-03T02:04:29.630+0600][20.380s][info][gc,task     ] GC(17) Using 3 of 6 workers for concurrent marking
[2026-04-03T02:04:29.698+0600][20.448s][info][gc          ] GC(17) Concurrent marking (unload classes) 68.388ms
[2026-04-03T02:04:29.698+0600][20.448s][info][gc,start    ] GC(17) Pause Final Mark (unload classes)
[2026-04-03T02:04:29.698+0600][20.448s][info][gc,task     ] GC(17) Using 6 of 6 workers for final marking
[2026-04-03T02:04:29.699+0600][20.449s][info][gc,ergo     ] GC(17) Adaptive CSet Selection. Target Free: 283M, Actual Free: 1704M, Max CSet: 85333K, Min Garbage: 0B
[2026-04-03T02:04:29.699+0600][20.449s][info][gc,ergo     ] GC(17) Collectable Garbage: 351M (99%), Immediate: 312M (88%), CSet: 39139K (10%)
[2026-04-03T02:04:29.699+0600][20.449s][info][gc,ergo     ] GC(17) Pacer for Evacuation. Used CSet: 41282K, Free: 1606M, Non-Taxable: 160M, Alloc Tax Rate: 1.1x
[2026-04-03T02:04:29.699+0600][20.449s][info][gc          ] GC(17) Pause Final Mark (unload classes) 0.686ms
[2026-04-03T02:04:29.699+0600][20.449s][info][gc,start    ] GC(17) Concurrent thread roots
[2026-04-03T02:04:29.699+0600][20.449s][info][gc,task     ] GC(17) Using 3 of 6 workers for Concurrent thread roots
[2026-04-03T02:04:29.700+0600][20.450s][info][gc          ] GC(17) Concurrent thread roots 0.721ms
[2026-04-03T02:04:29.700+0600][20.450s][info][gc,start    ] GC(17) Concurrent weak references
[2026-04-03T02:04:29.700+0600][20.450s][info][gc,task     ] GC(17) Using 3 of 6 workers for concurrent weak references
[2026-04-03T02:04:29.700+0600][20.450s][info][gc,ref      ] GC(17) Encountered references: Soft: 3105, Weak: 5889, Final: 82, Phantom: 594
[2026-04-03T02:04:29.700+0600][20.450s][info][gc,ref      ] GC(17) Discovered  references: Soft: 0, Weak: 474, Final: 0, Phantom: 591
[2026-04-03T02:04:29.700+0600][20.450s][info][gc,ref      ] GC(17) Enqueued    references: Soft: 0, Weak: 194, Final: 0, Phantom: 0
[2026-04-03T02:04:29.700+0600][20.450s][info][gc          ] GC(17) Concurrent weak references 0.412ms
[2026-04-03T02:04:29.700+0600][20.450s][info][gc,start    ] GC(17) Concurrent weak roots
[2026-04-03T02:04:29.700+0600][20.450s][info][gc,task     ] GC(17) Using 3 of 6 workers for concurrent weak root
[2026-04-03T02:04:29.702+0600][20.452s][info][gc          ] GC(17) Concurrent weak roots 1.960ms
[2026-04-03T02:04:29.702+0600][20.452s][info][gc,start    ] GC(17) Concurrent cleanup
[2026-04-03T02:04:29.703+0600][20.452s][info][gc          ] GC(17) Concurrent cleanup 608M->295M(613M) 0.301ms
[2026-04-03T02:04:29.703+0600][20.452s][info][gc,ergo     ] GC(17) Free: 1601M, Max: 512K regular, 1184M humongous, Frag: 27% external, 0% internal; Reserve: 102027K, Max: 512K
[2026-04-03T02:04:29.703+0600][20.452s][info][gc,start    ] GC(17) Concurrent class unloading
[2026-04-03T02:04:29.703+0600][20.452s][info][gc,task     ] GC(17) Using 3 of 6 workers for concurrent class unloading
[2026-04-03T02:04:29.718+0600][20.468s][info][gc          ] GC(17) Concurrent class unloading 15.542ms
[2026-04-03T02:04:29.718+0600][20.468s][info][gc,start    ] GC(17) Concurrent strong roots
[2026-04-03T02:04:29.718+0600][20.468s][info][gc,task     ] GC(17) Using 3 of 6 workers for concurrent strong root
[2026-04-03T02:04:29.720+0600][20.469s][info][gc          ] GC(17) Concurrent strong roots 1.313ms
[2026-04-03T02:04:29.720+0600][20.469s][info][gc,start    ] GC(17) Concurrent evacuation
[2026-04-03T02:04:29.720+0600][20.469s][info][gc,task     ] GC(17) Using 3 of 6 workers for concurrent evacuation
[2026-04-03T02:04:29.722+0600][20.471s][info][gc          ] GC(17) Concurrent evacuation 1.913ms
[2026-04-03T02:04:29.722+0600][20.472s][info][gc,start    ] GC(17) Pause Init Update Refs
[2026-04-03T02:04:29.722+0600][20.472s][info][gc,ergo     ] GC(17) Pacer for Update Refs. Used: 329M, Free: 1571M, Non-Taxable: 157M, Alloc Tax Rate: 1.1x
[2026-04-03T02:04:29.722+0600][20.472s][info][gc          ] GC(17) Pause Init Update Refs 0.123ms
[2026-04-03T02:04:29.722+0600][20.472s][info][gc,start    ] GC(17) Concurrent update references
[2026-04-03T02:04:29.722+0600][20.472s][info][gc,task     ] GC(17) Using 3 of 6 workers for concurrent reference update
[2026-04-03T02:04:29.797+0600][20.547s][info][gc          ] GC(17) Concurrent update references 74.827ms
[2026-04-03T02:04:29.797+0600][20.547s][info][gc,start    ] GC(17) Concurrent update thread roots
[2026-04-03T02:04:29.798+0600][20.548s][info][gc          ] GC(17) Concurrent update thread roots 0.859ms
[2026-04-03T02:04:29.798+0600][20.548s][info][gc,start    ] GC(17) Pause Final Update Refs
[2026-04-03T02:04:29.798+0600][20.548s][info][gc,task     ] GC(17) Using 6 of 6 workers for final reference update
[2026-04-03T02:04:29.798+0600][20.548s][info][gc          ] GC(17) Pause Final Update Refs 0.226ms
[2026-04-03T02:04:29.798+0600][20.548s][info][gc,start    ] GC(17) Concurrent cleanup
[2026-04-03T02:04:29.799+0600][20.549s][info][gc          ] GC(17) Concurrent cleanup 462M->422M(615M) 0.621ms
[2026-04-03T02:04:29.799+0600][20.549s][info][gc,ergo     ] Free: 1475M, Max: 512K regular, 1184M humongous, Frag: 20% external, 0% internal; Reserve: 100M, Max: 512K
[2026-04-03T02:04:29.799+0600][20.549s][info][gc,stats    ] 
[2026-04-03T02:04:29.799+0600][20.549s][info][gc,stats    ] All times are wall-clock times, except per-root-class counters, that are sum over
[2026-04-03T02:04:29.799+0600][20.549s][info][gc,stats    ] all workers. Dividing the <total> over the root stage time estimates parallelism.
[2026-04-03T02:04:29.799+0600][20.549s][info][gc,stats    ] 
[2026-04-03T02:04:29.799+0600][20.549s][info][gc,stats    ] Concurrent Reset                  22661 us
[2026-04-03T02:04:29.799+0600][20.549s][info][gc,stats    ] Pause Init Mark (G)                 415 us
[2026-04-03T02:04:29.799+0600][20.549s][info][gc,stats    ] Pause Init Mark (N)                 137 us
[2026-04-03T02:04:29.799+0600][20.549s][info][gc,stats    ]   Update Region States               48 us
[2026-04-03T02:04:29.799+0600][20.549s][info][gc,stats    ] Concurrent Mark Roots               823 us, parallelism: 1.68x
[2026-04-03T02:04:29.799+0600][20.549s][info][gc,stats    ]   CMR: <total>                     1387 us
[2026-04-03T02:04:29.799+0600][20.549s][info][gc,stats    ]   CMR: Thread Roots                1081 us, workers (us): 204, 461, 416, ---, ---, ---, 
[2026-04-03T02:04:29.799+0600][20.549s][info][gc,stats    ]   CMR: VM Strong Roots               45 us, workers (us):  44,   1,   1, ---, ---, ---, 
[2026-04-03T02:04:29.799+0600][20.549s][info][gc,stats    ]   CMR: CLDG Roots                   261 us, workers (us): 261, ---, ---, ---, ---, ---, 
[2026-04-03T02:04:29.799+0600][20.549s][info][gc,stats    ] Concurrent Marking                68463 us
[2026-04-03T02:04:29.799+0600][20.549s][info][gc,stats    ] Pause Final Mark (G)                870 us
[2026-04-03T02:04:29.799+0600][20.549s][info][gc,stats    ] Pause Final Mark (N)                698 us
[2026-04-03T02:04:29.799+0600][20.549s][info][gc,stats    ]   Finish Mark                       239 us
[2026-04-03T02:04:29.799+0600][20.549s][info][gc,stats    ]   Update Region States               53 us
[2026-04-03T02:04:29.799+0600][20.549s][info][gc,stats    ]   Choose Collection Set             265 us
[2026-04-03T02:04:29.799+0600][20.549s][info][gc,stats    ]   Rebuild Free Set                   53 us
[2026-04-03T02:04:29.799+0600][20.549s][info][gc,stats    ] Concurrent Thread Roots             747 us, parallelism: 2.03x
[2026-04-03T02:04:29.799+0600][20.549s][info][gc,stats    ]   CTR: <total>                     1516 us
[2026-04-03T02:04:29.799+0600][20.549s][info][gc,stats    ]   CTR: Thread Roots                1516 us, workers (us): 537, 501, 479, ---, ---, ---, 
[2026-04-03T02:04:29.799+0600][20.549s][info][gc,stats    ] Concurrent Weak References          423 us, parallelism: 0.66x
[2026-04-03T02:04:29.799+0600][20.549s][info][gc,stats    ]   CWRF: <total>                     279 us
[2026-04-03T02:04:29.799+0600][20.549s][info][gc,stats    ]   CWRF: Weak References             279 us, workers (us):  62,  38, 180, ---, ---, ---, 
[2026-04-03T02:04:29.799+0600][20.549s][info][gc,stats    ] Concurrent Weak Roots              2036 us
[2026-04-03T02:04:29.799+0600][20.549s][info][gc,stats    ]   Roots                            1736 us, parallelism: 2.34x
[2026-04-03T02:04:29.799+0600][20.549s][info][gc,stats    ]     CWR: <total>                   4067 us
[2026-04-03T02:04:29.799+0600][20.549s][info][gc,stats    ]     CWR: Code Cache Roots          2121 us, workers (us): 755, 665, 702, ---, ---, ---, 
[2026-04-03T02:04:29.799+0600][20.549s][info][gc,stats    ]     CWR: VM Weak Roots             1894 us, workers (us): 666, 613, 615, ---, ---, ---, 
[2026-04-03T02:04:29.799+0600][20.549s][info][gc,stats    ]     CWR: CLDG Roots                  51 us, workers (us): ---,  51, ---, ---, ---, ---, 
[2026-04-03T02:04:29.799+0600][20.549s][info][gc,stats    ]   Rendezvous                        201 us
[2026-04-03T02:04:29.799+0600][20.549s][info][gc,stats    ] Concurrent Cleanup                  321 us
[2026-04-03T02:04:29.799+0600][20.549s][info][gc,stats    ] Concurrent Class Unloading        15615 us
[2026-04-03T02:04:29.799+0600][20.549s][info][gc,stats    ]   Unlink Stale                    14870 us
[2026-04-03T02:04:29.799+0600][20.549s][info][gc,stats    ]     System Dictionary               214 us
[2026-04-03T02:04:29.799+0600][20.549s][info][gc,stats    ]     Weak Class Links              10014 us
[2026-04-03T02:04:29.799+0600][20.549s][info][gc,stats    ]     Code Roots                     4638 us
[2026-04-03T02:04:29.799+0600][20.549s][info][gc,stats    ]   Rendezvous                        281 us
[2026-04-03T02:04:29.799+0600][20.549s][info][gc,stats    ]   Purge Unlinked                    348 us
[2026-04-03T02:04:29.799+0600][20.549s][info][gc,stats    ]     Code Roots                      320 us
[2026-04-03T02:04:29.799+0600][20.549s][info][gc,stats    ]     CLDG                             26 us
[2026-04-03T02:04:29.799+0600][20.549s][info][gc,stats    ]     Exception Caches                  1 us
[2026-04-03T02:04:29.799+0600][20.549s][info][gc,stats    ] Concurrent Strong Roots            1363 us, parallelism: 0.73x
[2026-04-03T02:04:29.799+0600][20.549s][info][gc,stats    ]   CSR: <total>                      996 us
[2026-04-03T02:04:29.799+0600][20.549s][info][gc,stats    ]   CSR: VM Strong Roots               42 us, workers (us):  18,  12,  12, ---, ---, ---, 
[2026-04-03T02:04:29.799+0600][20.549s][info][gc,stats    ]   CSR: CLDG Roots                   954 us, workers (us): ---, ---, 954, ---, ---, ---, 
[2026-04-03T02:04:29.799+0600][20.549s][info][gc,stats    ] Concurrent Evacuation              1964 us
[2026-04-03T02:04:29.799+0600][20.549s][info][gc,stats    ] Pause Init Update Refs (G)          372 us
[2026-04-03T02:04:29.799+0600][20.549s][info][gc,stats    ] Pause Init Update Refs (N)          140 us
[2026-04-03T02:04:29.799+0600][20.549s][info][gc,stats    ]   Manage GCLABs                      16 us
[2026-04-03T02:04:29.799+0600][20.549s][info][gc,stats    ] Concurrent Update Refs            74923 us
[2026-04-03T02:04:29.799+0600][20.549s][info][gc,stats    ] Concurrent Update Thread Roots      907 us
[2026-04-03T02:04:29.799+0600][20.549s][info][gc,stats    ] Pause Final Update Refs (G)         547 us
[2026-04-03T02:04:29.799+0600][20.549s][info][gc,stats    ] Pause Final Update Refs (N)         246 us
[2026-04-03T02:04:29.799+0600][20.549s][info][gc,stats    ]   Update Region States               58 us
[2026-04-03T02:04:29.799+0600][20.549s][info][gc,stats    ]   Trash Collection Set               10 us
[2026-04-03T02:04:29.799+0600][20.549s][info][gc,stats    ]   Rebuild Free Set                   32 us
[2026-04-03T02:04:29.799+0600][20.549s][info][gc,stats    ] Concurrent Cleanup                  639 us
[2026-04-03T02:04:29.799+0600][20.549s][info][gc,stats    ] 
[2026-04-03T02:04:29.799+0600][20.549s][info][gc,stats    ] Allocation pacing accrued:
[2026-04-03T02:04:29.799+0600][20.549s][info][gc,stats    ]       0 of   685 ms (  0.0%): <total>
[2026-04-03T02:04:29.799+0600][20.549s][info][gc,stats    ]       0 of   685 ms (  0.0%): <average total>
[2026-04-03T02:04:29.799+0600][20.549s][info][gc,stats    ] 
[2026-04-03T02:04:29.799+0600][20.549s][info][gc,metaspace] Metaspace: 66433K(67264K)->66444K(67264K) NonClass: 58034K(58496K)->58046K(58496K) Class: 8398K(8768K)->8397K(8768K)
[2026-04-03T02:04:29.799+0600][20.549s][info][gc,ergo     ] Pacer for Idle. Initial: 40960K, Alloc Tax Rate: 1.0x
[2026-04-03T02:04:29.831+0600][20.580s][info][gc          ] Trigger: Learning 3 of 5. Free (1397M) is below initial threshold (1400M)
[2026-04-03T02:04:29.831+0600][20.581s][info][gc,ergo     ] Free: 1397M, Max: 512K regular, 1184M humongous, Frag: 16% external, 0% internal; Reserve: 100M, Max: 512K
[2026-04-03T02:04:29.831+0600][20.581s][info][gc,start    ] GC(18) Concurrent reset
[2026-04-03T02:04:29.831+0600][20.581s][info][gc,task     ] GC(18) Using 3 of 6 workers for concurrent reset
[2026-04-03T02:04:29.831+0600][20.581s][info][gc,ergo     ] GC(18) Pacer for Reset. Non-Taxable: 2000M
[2026-04-03T02:04:29.832+0600][20.582s][info][gc          ] GC(18) Concurrent reset 0.949ms
[2026-04-03T02:04:29.832+0600][20.582s][info][gc,start    ] GC(18) Pause Init Mark (unload classes)
[2026-04-03T02:04:29.832+0600][20.582s][info][gc,task     ] GC(18) Using 6 of 6 workers for init marking
[2026-04-03T02:04:29.832+0600][20.582s][info][gc,ergo     ] GC(18) Pacer for Mark. Expected Live: 172M, Free: 1395M, Non-Taxable: 139M, Alloc Tax Rate: 0.2x
[2026-04-03T02:04:29.832+0600][20.582s][info][gc          ] GC(18) Pause Init Mark (unload classes) 0.176ms
[2026-04-03T02:04:29.832+0600][20.582s][info][gc,start    ] GC(18) Concurrent marking roots
[2026-04-03T02:04:29.832+0600][20.582s][info][gc,task     ] GC(18) Using 3 of 6 workers for concurrent marking roots
[2026-04-03T02:04:29.833+0600][20.583s][info][gc          ] GC(18) Concurrent marking roots 0.827ms
[2026-04-03T02:04:29.833+0600][20.583s][info][gc,start    ] GC(18) Concurrent marking (unload classes)
[2026-04-03T02:04:29.833+0600][20.583s][info][gc,task     ] GC(18) Using 3 of 6 workers for concurrent marking
[2026-04-03T02:04:29.907+0600][20.656s][info][gc          ] GC(18) Concurrent marking (unload classes) 73.652ms
[2026-04-03T02:04:29.907+0600][20.657s][info][gc,start    ] GC(18) Pause Final Mark (unload classes)
[2026-04-03T02:04:29.907+0600][20.657s][info][gc,task     ] GC(18) Using 6 of 6 workers for final marking
[2026-04-03T02:04:29.907+0600][20.657s][info][gc,ergo     ] GC(18) Collectable Garbage: 319M (96%), Immediate: 319M (96%), CSet: 0B (0%)
[2026-04-03T02:04:29.907+0600][20.657s][info][gc          ] GC(18) Pause Final Mark (unload classes) 0.477ms
[2026-04-03T02:04:29.907+0600][20.657s][info][gc,start    ] GC(18) Concurrent weak references
[2026-04-03T02:04:29.907+0600][20.657s][info][gc,task     ] GC(18) Using 3 of 6 workers for concurrent weak references
[2026-04-03T02:04:29.908+0600][20.657s][info][gc,ref      ] GC(18) Encountered references: Soft: 3105, Weak: 5703, Final: 82, Phantom: 594
[2026-04-03T02:04:29.908+0600][20.657s][info][gc,ref      ] GC(18) Discovered  references: Soft: 0, Weak: 464, Final: 0, Phantom: 591
[2026-04-03T02:04:29.908+0600][20.657s][info][gc,ref      ] GC(18) Enqueued    references: Soft: 0, Weak: 21, Final: 0, Phantom: 0
[2026-04-03T02:04:29.908+0600][20.657s][info][gc          ] GC(18) Concurrent weak references 0.221ms
[2026-04-03T02:04:29.908+0600][20.657s][info][gc,start    ] GC(18) Concurrent weak roots
[2026-04-03T02:04:29.908+0600][20.657s][info][gc,task     ] GC(18) Using 3 of 6 workers for concurrent weak root
[2026-04-03T02:04:29.910+0600][20.659s][info][gc          ] GC(18) Concurrent weak roots 2.081ms
[2026-04-03T02:04:29.910+0600][20.660s][info][gc,start    ] GC(18) Concurrent cleanup
[2026-04-03T02:04:29.910+0600][20.660s][info][gc          ] GC(18) Concurrent cleanup 635M->316M(640M) 0.634ms
[2026-04-03T02:04:29.910+0600][20.660s][info][gc,ergo     ] GC(18) Free: 1581M, Max: 512K regular, 1184M humongous, Frag: 26% external, 0% internal; Reserve: 100M, Max: 512K
[2026-04-03T02:04:29.910+0600][20.660s][info][gc,start    ] GC(18) Concurrent class unloading
[2026-04-03T02:04:29.910+0600][20.660s][info][gc,task     ] GC(18) Using 3 of 6 workers for concurrent class unloading
[2026-04-03T02:04:29.915+0600][20.664s][info][gc          ] GC(18) Concurrent class unloading 4.200ms
[2026-04-03T02:04:29.915+0600][20.665s][info][gc,start    ] GC(18) Pause Final Roots
[2026-04-03T02:04:29.915+0600][20.665s][info][gc          ] GC(18) Pause Final Roots 0.055ms
[2026-04-03T02:04:29.915+0600][20.665s][info][gc,ergo     ] Free: 1572M, Max: 512K regular, 1184M humongous, Frag: 25% external, 0% internal; Reserve: 100M, Max: 512K
[2026-04-03T02:04:29.915+0600][20.665s][info][gc,stats    ] 
[2026-04-03T02:04:29.915+0600][20.665s][info][gc,stats    ] All times are wall-clock times, except per-root-class counters, that are sum over
[2026-04-03T02:04:29.915+0600][20.665s][info][gc,stats    ] all workers. Dividing the <total> over the root stage time estimates parallelism.
[2026-04-03T02:04:29.915+0600][20.665s][info][gc,stats    ] 
[2026-04-03T02:04:29.915+0600][20.665s][info][gc,stats    ] Concurrent Reset                    971 us
[2026-04-03T02:04:29.915+0600][20.665s][info][gc,stats    ] Pause Init Mark (G)                 387 us
[2026-04-03T02:04:29.915+0600][20.665s][info][gc,stats    ] Pause Init Mark (N)                 190 us
[2026-04-03T02:04:29.915+0600][20.665s][info][gc,stats    ]   Update Region States               33 us
[2026-04-03T02:04:29.915+0600][20.665s][info][gc,stats    ] Concurrent Mark Roots               864 us, parallelism: 1.63x
[2026-04-03T02:04:29.915+0600][20.665s][info][gc,stats    ]   CMR: <total>                     1405 us
[2026-04-03T02:04:29.915+0600][20.665s][info][gc,stats    ]   CMR: Thread Roots                1077 us, workers (us): 239, 429, 408, ---, ---, ---, 
[2026-04-03T02:04:29.915+0600][20.665s][info][gc,stats    ]   CMR: VM Strong Roots              125 us, workers (us):  49,  47,  28, ---, ---, ---, 
[2026-04-03T02:04:29.915+0600][20.665s][info][gc,stats    ]   CMR: CLDG Roots                   204 us, workers (us): 204, ---, ---, ---, ---, ---, 
[2026-04-03T02:04:29.915+0600][20.665s][info][gc,stats    ] Concurrent Marking                73722 us
[2026-04-03T02:04:29.915+0600][20.665s][info][gc,stats    ] Pause Final Mark (G)                638 us
[2026-04-03T02:04:29.915+0600][20.665s][info][gc,stats    ] Pause Final Mark (N)                494 us
[2026-04-03T02:04:29.915+0600][20.665s][info][gc,stats    ]   Finish Mark                       169 us
[2026-04-03T02:04:29.915+0600][20.665s][info][gc,stats    ]   Update Region States               60 us
[2026-04-03T02:04:29.915+0600][20.665s][info][gc,stats    ]   Choose Collection Set             121 us
[2026-04-03T02:04:29.915+0600][20.665s][info][gc,stats    ]   Rebuild Free Set                   34 us
[2026-04-03T02:04:29.915+0600][20.665s][info][gc,stats    ] Concurrent Weak References          232 us, parallelism: 0.78x
[2026-04-03T02:04:29.915+0600][20.665s][info][gc,stats    ]   CWRF: <total>                     181 us
[2026-04-03T02:04:29.915+0600][20.665s][info][gc,stats    ]   CWRF: Weak References             181 us, workers (us): 103,  78,   1, ---, ---, ---, 
[2026-04-03T02:04:29.915+0600][20.665s][info][gc,stats    ] Concurrent Weak Roots              2148 us
[2026-04-03T02:04:29.915+0600][20.665s][info][gc,stats    ]   Roots                            1828 us, parallelism: 2.41x
[2026-04-03T02:04:29.915+0600][20.665s][info][gc,stats    ]     CWR: <total>                   4398 us
[2026-04-03T02:04:29.915+0600][20.665s][info][gc,stats    ]     CWR: Code Cache Roots          3104 us, workers (us): 1000, 1116, 988, ---, ---, ---, 
[2026-04-03T02:04:29.915+0600][20.665s][info][gc,stats    ]     CWR: VM Weak Roots             1244 us, workers (us): 434, 433, 377, ---, ---, ---, 
[2026-04-03T02:04:29.915+0600][20.665s][info][gc,stats    ]     CWR: CLDG Roots                  51 us, workers (us):  51, ---, ---, ---, ---, ---, 
[2026-04-03T02:04:29.915+0600][20.665s][info][gc,stats    ]   Rendezvous                        231 us
[2026-04-03T02:04:29.915+0600][20.665s][info][gc,stats    ] Concurrent Cleanup                  648 us
[2026-04-03T02:04:29.915+0600][20.665s][info][gc,stats    ] Concurrent Class Unloading         4234 us
[2026-04-03T02:04:29.915+0600][20.665s][info][gc,stats    ]   Unlink Stale                     3959 us
[2026-04-03T02:04:29.915+0600][20.665s][info][gc,stats    ]     System Dictionary                57 us
[2026-04-03T02:04:29.915+0600][20.665s][info][gc,stats    ]     Weak Class Links                  1 us
[2026-04-03T02:04:29.915+0600][20.665s][info][gc,stats    ]     Code Roots                     3899 us
[2026-04-03T02:04:29.915+0600][20.665s][info][gc,stats    ]   Rendezvous                        163 us
[2026-04-03T02:04:29.915+0600][20.665s][info][gc,stats    ]   Purge Unlinked                     61 us
[2026-04-03T02:04:29.915+0600][20.665s][info][gc,stats    ]     Code Roots                       52 us
[2026-04-03T02:04:29.915+0600][20.665s][info][gc,stats    ]     CLDG                              9 us
[2026-04-03T02:04:29.915+0600][20.665s][info][gc,stats    ]     Exception Caches                  0 us
[2026-04-03T02:04:29.915+0600][20.665s][info][gc,stats    ] Pause Final Roots (G)               232 us
[2026-04-03T02:04:29.915+0600][20.665s][info][gc,stats    ] Pause Final Roots (N)                71 us
[2026-04-03T02:04:29.915+0600][20.665s][info][gc,stats    ] 
[2026-04-03T02:04:29.915+0600][20.665s][info][gc,stats    ] Allocation pacing accrued:
[2026-04-03T02:04:29.915+0600][20.665s][info][gc,stats    ]       0 of   116 ms (  0.0%): <total>
[2026-04-03T02:04:29.915+0600][20.665s][info][gc,stats    ]       0 of   116 ms (  0.0%): <average total>
[2026-04-03T02:04:29.915+0600][20.665s][info][gc,stats    ] 
[2026-04-03T02:04:29.915+0600][20.665s][info][gc,metaspace] Metaspace: 66444K(67264K)->66445K(67264K) NonClass: 58046K(58496K)->58048K(58496K) Class: 8397K(8768K)->8397K(8768K)
[2026-04-03T02:04:29.915+0600][20.665s][info][gc,ergo     ] Pacer for Idle. Initial: 40960K, Alloc Tax Rate: 1.0x
[2026-04-03T02:04:29.988+0600][20.738s][info][gc          ] Trigger: Learning 4 of 5. Free (1399M) is below initial threshold (1400M)
[2026-04-03T02:04:29.988+0600][20.738s][info][gc,ergo     ] Free: 1398M, Max: 512K regular, 1184M humongous, Frag: 16% external, 0% internal; Reserve: 100M, Max: 512K
[2026-04-03T02:04:29.988+0600][20.738s][info][gc,start    ] GC(19) Concurrent reset
[2026-04-03T02:04:29.988+0600][20.738s][info][gc,task     ] GC(19) Using 3 of 6 workers for concurrent reset
[2026-04-03T02:04:29.988+0600][20.738s][info][gc,ergo     ] GC(19) Pacer for Reset. Non-Taxable: 2000M
[2026-04-03T02:04:29.989+0600][20.739s][info][gc          ] GC(19) Concurrent reset 0.943ms
[2026-04-03T02:04:29.989+0600][20.739s][info][gc,start    ] GC(19) Pause Init Mark (unload classes)
[2026-04-03T02:04:29.989+0600][20.739s][info][gc,task     ] GC(19) Using 6 of 6 workers for init marking
[2026-04-03T02:04:29.989+0600][20.739s][info][gc,ergo     ] GC(19) Pacer for Mark. Expected Live: 172M, Free: 1396M, Non-Taxable: 139M, Alloc Tax Rate: 0.2x
[2026-04-03T02:04:29.989+0600][20.739s][info][gc          ] GC(19) Pause Init Mark (unload classes) 0.135ms
[2026-04-03T02:04:29.989+0600][20.739s][info][gc,start    ] GC(19) Concurrent marking roots
[2026-04-03T02:04:29.990+0600][20.739s][info][gc,task     ] GC(19) Using 3 of 6 workers for concurrent marking roots
[2026-04-03T02:04:29.990+0600][20.740s][info][gc          ] GC(19) Concurrent marking roots 0.811ms
[2026-04-03T02:04:29.990+0600][20.740s][info][gc,start    ] GC(19) Concurrent marking (unload classes)
[2026-04-03T02:04:29.990+0600][20.740s][info][gc,task     ] GC(19) Using 3 of 6 workers for concurrent marking
[2026-04-03T02:04:30.060+0600][20.810s][info][gc          ] GC(19) Concurrent marking (unload classes) 69.527ms
[2026-04-03T02:04:30.060+0600][20.810s][info][gc,start    ] GC(19) Pause Final Mark (unload classes)
[2026-04-03T02:04:30.060+0600][20.810s][info][gc,task     ] GC(19) Using 6 of 6 workers for final marking
[2026-04-03T02:04:30.061+0600][20.810s][info][gc,ergo     ] GC(19) Collectable Garbage: 316M (96%), Immediate: 316M (96%), CSet: 0B (0%)
[2026-04-03T02:04:30.061+0600][20.810s][info][gc          ] GC(19) Pause Final Mark (unload classes) 0.550ms
[2026-04-03T02:04:30.061+0600][20.810s][info][gc,start    ] GC(19) Concurrent weak references
[2026-04-03T02:04:30.061+0600][20.811s][info][gc,task     ] GC(19) Using 3 of 6 workers for concurrent weak references
[2026-04-03T02:04:30.061+0600][20.811s][info][gc,ref      ] GC(19) Encountered references: Soft: 3105, Weak: 5682, Final: 82, Phantom: 594
[2026-04-03T02:04:30.061+0600][20.811s][info][gc,ref      ] GC(19) Discovered  references: Soft: 0, Weak: 2223, Final: 0, Phantom: 591
[2026-04-03T02:04:30.061+0600][20.811s][info][gc,ref      ] GC(19) Enqueued    references: Soft: 0, Weak: 0, Final: 0, Phantom: 0
[2026-04-03T02:04:30.061+0600][20.811s][info][gc          ] GC(19) Concurrent weak references 0.572ms
[2026-04-03T02:04:30.061+0600][20.811s][info][gc,start    ] GC(19) Concurrent weak roots
[2026-04-03T02:04:30.061+0600][20.811s][info][gc,task     ] GC(19) Using 3 of 6 workers for concurrent weak root
[2026-04-03T02:04:30.063+0600][20.813s][info][gc          ] GC(19) Concurrent weak roots 1.503ms
[2026-04-03T02:04:30.063+0600][20.813s][info][gc,start    ] GC(19) Concurrent cleanup
[2026-04-03T02:04:30.063+0600][20.813s][info][gc          ] GC(19) Concurrent cleanup 642M->326M(647M) 0.598ms
[2026-04-03T02:04:30.063+0600][20.813s][info][gc,ergo     ] GC(19) Free: 1571M, Max: 512K regular, 1184M humongous, Frag: 25% external, 0% internal; Reserve: 100M, Max: 512K
[2026-04-03T02:04:30.063+0600][20.813s][info][gc,start    ] GC(19) Concurrent class unloading
[2026-04-03T02:04:30.063+0600][20.813s][info][gc,task     ] GC(19) Using 3 of 6 workers for concurrent class unloading
[2026-04-03T02:04:30.068+0600][20.818s][info][gc          ] GC(19) Concurrent class unloading 4.526ms
[2026-04-03T02:04:30.068+0600][20.818s][info][gc,start    ] GC(19) Pause Final Roots
[2026-04-03T02:04:30.068+0600][20.818s][info][gc          ] GC(19) Pause Final Roots 0.041ms
[2026-04-03T02:04:30.068+0600][20.818s][info][gc,ergo     ] Free: 1561M, Max: 512K regular, 1184M humongous, Frag: 25% external, 0% internal; Reserve: 100M, Max: 512K
[2026-04-03T02:04:30.069+0600][20.818s][info][gc,stats    ] 
[2026-04-03T02:04:30.069+0600][20.818s][info][gc,stats    ] All times are wall-clock times, except per-root-class counters, that are sum over
[2026-04-03T02:04:30.069+0600][20.818s][info][gc,stats    ] all workers. Dividing the <total> over the root stage time estimates parallelism.
[2026-04-03T02:04:30.069+0600][20.818s][info][gc,stats    ] 
[2026-04-03T02:04:30.069+0600][20.818s][info][gc,stats    ] Concurrent Reset                    984 us
[2026-04-03T02:04:30.069+0600][20.818s][info][gc,stats    ] Pause Init Mark (G)                 541 us
[2026-04-03T02:04:30.069+0600][20.818s][info][gc,stats    ] Pause Init Mark (N)                 144 us
[2026-04-03T02:04:30.069+0600][20.818s][info][gc,stats    ]   Update Region States               32 us
[2026-04-03T02:04:30.069+0600][20.818s][info][gc,stats    ] Concurrent Mark Roots               848 us, parallelism: 1.37x
[2026-04-03T02:04:30.069+0600][20.818s][info][gc,stats    ]   CMR: <total>                     1164 us
[2026-04-03T02:04:30.069+0600][20.818s][info][gc,stats    ]   CMR: Thread Roots                 968 us, workers (us): 258, 381, 330, ---, ---, ---, 
[2026-04-03T02:04:30.069+0600][20.818s][info][gc,stats    ]   CMR: VM Strong Roots               22 us, workers (us):  21,   0,   1, ---, ---, ---, 
[2026-04-03T02:04:30.069+0600][20.818s][info][gc,stats    ]   CMR: CLDG Roots                   173 us, workers (us): 173, ---, ---, ---, ---, ---, 
[2026-04-03T02:04:30.069+0600][20.818s][info][gc,stats    ] Concurrent Marking                69612 us
[2026-04-03T02:04:30.069+0600][20.818s][info][gc,stats    ] Pause Final Mark (G)                729 us
[2026-04-03T02:04:30.069+0600][20.818s][info][gc,stats    ] Pause Final Mark (N)                564 us
[2026-04-03T02:04:30.069+0600][20.818s][info][gc,stats    ]   Finish Mark                       249 us
[2026-04-03T02:04:30.069+0600][20.818s][info][gc,stats    ]   Update Region States               84 us
[2026-04-03T02:04:30.069+0600][20.818s][info][gc,stats    ]   Choose Collection Set              95 us
[2026-04-03T02:04:30.069+0600][20.818s][info][gc,stats    ]   Rebuild Free Set                   42 us
[2026-04-03T02:04:30.069+0600][20.818s][info][gc,stats    ] Concurrent Weak References          583 us, parallelism: 0.77x
[2026-04-03T02:04:30.069+0600][20.818s][info][gc,stats    ]   CWRF: <total>                     448 us
[2026-04-03T02:04:30.069+0600][20.818s][info][gc,stats    ]   CWRF: Weak References             448 us, workers (us): 294, 113,  40, ---, ---, ---, 
[2026-04-03T02:04:30.069+0600][20.818s][info][gc,stats    ] Concurrent Weak Roots              1549 us
[2026-04-03T02:04:30.069+0600][20.819s][info][gc,stats    ]   Roots                            1313 us, parallelism: 2.46x
[2026-04-03T02:04:30.069+0600][20.819s][info][gc,stats    ]     CWR: <total>                   3229 us
[2026-04-03T02:04:30.069+0600][20.819s][info][gc,stats    ]     CWR: Code Cache Roots          2165 us, workers (us): 728, 766, 670, ---, ---, ---, 
[2026-04-03T02:04:30.069+0600][20.819s][info][gc,stats    ]     CWR: VM Weak Roots              954 us, workers (us): 333, 327, 293, ---, ---, ---, 
[2026-04-03T02:04:30.069+0600][20.819s][info][gc,stats    ]     CWR: CLDG Roots                 110 us, workers (us): ---, ---, 110, ---, ---, ---, 
[2026-04-03T02:04:30.069+0600][20.819s][info][gc,stats    ]   Rendezvous                        170 us
[2026-04-03T02:04:30.069+0600][20.819s][info][gc,stats    ] Concurrent Cleanup                  610 us
[2026-04-03T02:04:30.069+0600][20.819s][info][gc,stats    ] Concurrent Class Unloading         4584 us
[2026-04-03T02:04:30.069+0600][20.819s][info][gc,stats    ]   Unlink Stale                     4289 us
[2026-04-03T02:04:30.069+0600][20.819s][info][gc,stats    ]     System Dictionary                83 us
[2026-04-03T02:04:30.069+0600][20.819s][info][gc,stats    ]     Weak Class Links                  0 us
[2026-04-03T02:04:30.069+0600][20.819s][info][gc,stats    ]     Code Roots                     4203 us
[2026-04-03T02:04:30.069+0600][20.819s][info][gc,stats    ]   Rendezvous                        202 us
[2026-04-03T02:04:30.069+0600][20.819s][info][gc,stats    ]   Purge Unlinked                     14 us
[2026-04-03T02:04:30.069+0600][20.819s][info][gc,stats    ]     Code Roots                        4 us
[2026-04-03T02:04:30.069+0600][20.819s][info][gc,stats    ]     CLDG                             10 us
[2026-04-03T02:04:30.069+0600][20.819s][info][gc,stats    ]     Exception Caches                  0 us
[2026-04-03T02:04:30.069+0600][20.819s][info][gc,stats    ] Pause Final Roots (G)               325 us
[2026-04-03T02:04:30.069+0600][20.819s][info][gc,stats    ] Pause Final Roots (N)                56 us
[2026-04-03T02:04:30.069+0600][20.819s][info][gc,stats    ] 
[2026-04-03T02:04:30.069+0600][20.819s][info][gc,stats    ] Allocation pacing accrued:
[2026-04-03T02:04:30.069+0600][20.819s][info][gc,stats    ]       0 of   154 ms (  0.0%): <total>
[2026-04-03T02:04:30.069+0600][20.819s][info][gc,stats    ]       0 of   154 ms (  0.0%): <average total>
[2026-04-03T02:04:30.069+0600][20.819s][info][gc,stats    ] 
[2026-04-03T02:04:30.069+0600][20.819s][info][gc,metaspace] Metaspace: 66445K(67264K)->66445K(67264K) NonClass: 58048K(58496K)->58048K(58496K) Class: 8397K(8768K)->8397K(8768K)
[2026-04-03T02:04:30.069+0600][20.819s][info][gc,ergo     ] Pacer for Idle. Initial: 40960K, Alloc Tax Rate: 1.0x
[2026-04-03T02:04:30.134+0600][20.884s][info][gc          ] Trigger: Learning 5 of 5. Free (1399M) is below initial threshold (1400M)
[2026-04-03T02:04:30.135+0600][20.884s][info][gc,ergo     ] Free: 1399M, Max: 512K regular, 1184M humongous, Frag: 16% external, 0% internal; Reserve: 100M, Max: 512K
[2026-04-03T02:04:30.135+0600][20.884s][info][gc,start    ] GC(20) Concurrent reset
[2026-04-03T02:04:30.135+0600][20.884s][info][gc,task     ] GC(20) Using 3 of 6 workers for concurrent reset
[2026-04-03T02:04:30.135+0600][20.884s][info][gc,ergo     ] GC(20) Pacer for Reset. Non-Taxable: 2000M
[2026-04-03T02:04:30.135+0600][20.885s][info][gc          ] GC(20) Concurrent reset 0.846ms
[2026-04-03T02:04:30.136+0600][20.885s][info][gc,start    ] GC(20) Pause Init Mark (unload classes)
[2026-04-03T02:04:30.136+0600][20.885s][info][gc,task     ] GC(20) Using 6 of 6 workers for init marking
[2026-04-03T02:04:30.136+0600][20.886s][info][gc,ergo     ] GC(20) Pacer for Mark. Expected Live: 172M, Free: 1396M, Non-Taxable: 139M, Alloc Tax Rate: 0.2x
[2026-04-03T02:04:30.136+0600][20.886s][info][gc          ] GC(20) Pause Init Mark (unload classes) 0.186ms
[2026-04-03T02:04:30.136+0600][20.886s][info][gc,start    ] GC(20) Concurrent marking roots
[2026-04-03T02:04:30.136+0600][20.886s][info][gc,task     ] GC(20) Using 3 of 6 workers for concurrent marking roots
[2026-04-03T02:04:30.137+0600][20.887s][info][gc          ] GC(20) Concurrent marking roots 0.753ms
[2026-04-03T02:04:30.137+0600][20.887s][info][gc,start    ] GC(20) Concurrent marking (unload classes)
[2026-04-03T02:04:30.137+0600][20.887s][info][gc,task     ] GC(20) Using 3 of 6 workers for concurrent marking
[2026-04-03T02:04:30.207+0600][20.957s][info][gc          ] GC(20) Concurrent marking (unload classes) 70.258ms
[2026-04-03T02:04:30.207+0600][20.957s][info][gc,start    ] GC(20) Pause Final Mark (unload classes)
[2026-04-03T02:04:30.207+0600][20.957s][info][gc,task     ] GC(20) Using 6 of 6 workers for final marking
[2026-04-03T02:04:30.208+0600][20.958s][info][gc,ergo     ] GC(20) Collectable Garbage: 316M (96%), Immediate: 316M (96%), CSet: 0B (0%)
[2026-04-03T02:04:30.208+0600][20.958s][info][gc          ] GC(20) Pause Final Mark (unload classes) 0.598ms
[2026-04-03T02:04:30.208+0600][20.958s][info][gc,start    ] GC(20) Concurrent weak references
[2026-04-03T02:04:30.208+0600][20.958s][info][gc,task     ] GC(20) Using 3 of 6 workers for concurrent weak references
[2026-04-03T02:04:30.208+0600][20.958s][info][gc,ref      ] GC(20) Encountered references: Soft: 3105, Weak: 5682, Final: 82, Phantom: 594
[2026-04-03T02:04:30.208+0600][20.958s][info][gc,ref      ] GC(20) Discovered  references: Soft: 0, Weak: 307, Final: 0, Phantom: 591
[2026-04-03T02:04:30.208+0600][20.958s][info][gc,ref      ] GC(20) Enqueued    references: Soft: 0, Weak: 0, Final: 0, Phantom: 0
[2026-04-03T02:04:30.208+0600][20.958s][info][gc          ] GC(20) Concurrent weak references 0.310ms
[2026-04-03T02:04:30.208+0600][20.958s][info][gc,start    ] GC(20) Concurrent weak roots
[2026-04-03T02:04:30.208+0600][20.958s][info][gc,task     ] GC(20) Using 3 of 6 workers for concurrent weak root
[2026-04-03T02:04:30.210+0600][20.960s][info][gc          ] GC(20) Concurrent weak roots 1.415ms
[2026-04-03T02:04:30.210+0600][20.960s][info][gc,start    ] GC(20) Concurrent cleanup
[2026-04-03T02:04:30.211+0600][20.960s][info][gc          ] GC(20) Concurrent cleanup 647M->332M(653M) 0.644ms
[2026-04-03T02:04:30.211+0600][20.960s][info][gc,ergo     ] GC(20) Free: 1565M, Max: 512K regular, 1184M humongous, Frag: 25% external, 0% internal; Reserve: 100M, Max: 512K
[2026-04-03T02:04:30.211+0600][20.960s][info][gc,start    ] GC(20) Concurrent class unloading
[2026-04-03T02:04:30.211+0600][20.960s][info][gc,task     ] GC(20) Using 3 of 6 workers for concurrent class unloading
[2026-04-03T02:04:30.215+0600][20.965s][info][gc          ] GC(20) Concurrent class unloading 4.248ms
[2026-04-03T02:04:30.215+0600][20.965s][info][gc,start    ] GC(20) Pause Final Roots
[2026-04-03T02:04:30.215+0600][20.965s][info][gc          ] GC(20) Pause Final Roots 0.069ms
[2026-04-03T02:04:30.215+0600][20.965s][info][gc,ergo     ] Free: 1558M, Max: 512K regular, 1184M humongous, Frag: 24% external, 0% internal; Reserve: 100M, Max: 512K
[2026-04-03T02:04:30.215+0600][20.965s][info][gc,stats    ] 
[2026-04-03T02:04:30.215+0600][20.965s][info][gc,stats    ] All times are wall-clock times, except per-root-class counters, that are sum over
[2026-04-03T02:04:30.215+0600][20.965s][info][gc,stats    ] all workers. Dividing the <total> over the root stage time estimates parallelism.
[2026-04-03T02:04:30.215+0600][20.965s][info][gc,stats    ] 
[2026-04-03T02:04:30.215+0600][20.965s][info][gc,stats    ] Concurrent Reset                    886 us
[2026-04-03T02:04:30.215+0600][20.965s][info][gc,stats    ] Pause Init Mark (G)                 475 us
[2026-04-03T02:04:30.215+0600][20.965s][info][gc,stats    ] Pause Init Mark (N)                 196 us
[2026-04-03T02:04:30.215+0600][20.965s][info][gc,stats    ]   Update Region States               35 us
[2026-04-03T02:04:30.215+0600][20.965s][info][gc,stats    ] Concurrent Mark Roots               790 us, parallelism: 1.21x
[2026-04-03T02:04:30.215+0600][20.965s][info][gc,stats    ]   CMR: <total>                      953 us
[2026-04-03T02:04:30.215+0600][20.965s][info][gc,stats    ]   CMR: Thread Roots                 756 us, workers (us): 308, 136, 312, ---, ---, ---, 
[2026-04-03T02:04:30.215+0600][20.965s][info][gc,stats    ]   CMR: VM Strong Roots               27 us, workers (us):  10,   9,   8, ---, ---, ---, 
[2026-04-03T02:04:30.215+0600][20.965s][info][gc,stats    ]   CMR: CLDG Roots                   169 us, workers (us): ---, 169, ---, ---, ---, ---, 
[2026-04-03T02:04:30.215+0600][20.965s][info][gc,stats    ] Concurrent Marking                70331 us
[2026-04-03T02:04:30.215+0600][20.965s][info][gc,stats    ] Pause Final Mark (G)                987 us
[2026-04-03T02:04:30.215+0600][20.965s][info][gc,stats    ] Pause Final Mark (N)                613 us
[2026-04-03T02:04:30.215+0600][20.965s][info][gc,stats    ]   Finish Mark                       248 us
[2026-04-03T02:04:30.215+0600][20.965s][info][gc,stats    ]   Update Region States               70 us
[2026-04-03T02:04:30.215+0600][20.965s][info][gc,stats    ]   Choose Collection Set             100 us
[2026-04-03T02:04:30.215+0600][20.965s][info][gc,stats    ]   Rebuild Free Set                   39 us
[2026-04-03T02:04:30.215+0600][20.965s][info][gc,stats    ] Concurrent Weak References          333 us, parallelism: 0.49x
[2026-04-03T02:04:30.215+0600][20.965s][info][gc,stats    ]   CWRF: <total>                     163 us
[2026-04-03T02:04:30.215+0600][20.965s][info][gc,stats    ]   CWRF: Weak References             163 us, workers (us): 162,   1,   0, ---, ---, ---, 
[2026-04-03T02:04:30.215+0600][20.965s][info][gc,stats    ] Concurrent Weak Roots              1462 us
[2026-04-03T02:04:30.215+0600][20.965s][info][gc,stats    ]   Roots                            1224 us, parallelism: 2.40x
[2026-04-03T02:04:30.215+0600][20.965s][info][gc,stats    ]     CWR: <total>                   2935 us
[2026-04-03T02:04:30.215+0600][20.965s][info][gc,stats    ]     CWR: Code Cache Roots          1953 us, workers (us): 669, 637, 647, ---, ---, ---, 
[2026-04-03T02:04:30.215+0600][20.965s][info][gc,stats    ]     CWR: VM Weak Roots              884 us, workers (us): 307, 294, 283, ---, ---, ---, 
[2026-04-03T02:04:30.216+0600][20.965s][info][gc,stats    ]     CWR: CLDG Roots                  98 us, workers (us): ---, ---,  98, ---, ---, ---, 
[2026-04-03T02:04:30.216+0600][20.965s][info][gc,stats    ]   Rendezvous                        172 us
[2026-04-03T02:04:30.216+0600][20.965s][info][gc,stats    ] Concurrent Cleanup                  657 us
[2026-04-03T02:04:30.216+0600][20.965s][info][gc,stats    ] Concurrent Class Unloading         4305 us
[2026-04-03T02:04:30.216+0600][20.965s][info][gc,stats    ]   Unlink Stale                     4024 us
[2026-04-03T02:04:30.216+0600][20.965s][info][gc,stats    ]     System Dictionary                58 us
[2026-04-03T02:04:30.216+0600][20.965s][info][gc,stats    ]     Weak Class Links                  0 us
[2026-04-03T02:04:30.216+0600][20.965s][info][gc,stats    ]     Code Roots                     3963 us
[2026-04-03T02:04:30.216+0600][20.965s][info][gc,stats    ]   Rendezvous                        193 us
[2026-04-03T02:04:30.216+0600][20.965s][info][gc,stats    ]   Purge Unlinked                     11 us
[2026-04-03T02:04:30.216+0600][20.965s][info][gc,stats    ]     Code Roots                        3 us
[2026-04-03T02:04:30.216+0600][20.965s][info][gc,stats    ]     CLDG                              7 us
[2026-04-03T02:04:30.216+0600][20.965s][info][gc,stats    ]     Exception Caches                  0 us
[2026-04-03T02:04:30.216+0600][20.965s][info][gc,stats    ] Pause Final Roots (G)               249 us
[2026-04-03T02:04:30.216+0600][20.965s][info][gc,stats    ] Pause Final Roots (N)                83 us
[2026-04-03T02:04:30.216+0600][20.965s][info][gc,stats    ] 
[2026-04-03T02:04:30.216+0600][20.965s][info][gc,stats    ] Allocation pacing accrued:
[2026-04-03T02:04:30.216+0600][20.965s][info][gc,stats    ]       0 of   147 ms (  0.0%): <total>
[2026-04-03T02:04:30.216+0600][20.965s][info][gc,stats    ]       0 of   147 ms (  0.0%): <average total>
[2026-04-03T02:04:30.216+0600][20.965s][info][gc,stats    ] 
[2026-04-03T02:04:30.216+0600][20.965s][info][gc,metaspace] Metaspace: 66445K(67264K)->66445K(67264K) NonClass: 58048K(58496K)->58048K(58496K) Class: 8397K(8768K)->8397K(8768K)
[2026-04-03T02:04:30.216+0600][20.965s][info][gc,ergo     ] Pacer for Idle. Initial: 40960K, Alloc Tax Rate: 1.0x
[2026-04-03T02:04:31.021+0600][21.770s][info][gc          ] Cancelling GC: Stopping VM
[2026-04-03T02:04:31.022+0600][21.771s][info][gc,heap,exit] Heap
[2026-04-03T02:04:31.022+0600][21.771s][info][gc,heap,exit] Shenandoah Heap
[2026-04-03T02:04:31.022+0600][21.771s][info][gc,heap,exit]  2000M max, 2000M soft max, 653M committed, 573M used
[2026-04-03T02:04:31.022+0600][21.771s][info][gc,heap,exit]  4000 x 512K regions
[2026-04-03T02:04:31.022+0600][21.771s][info][gc,heap,exit] Status: cancelled
[2026-04-03T02:04:31.022+0600][21.771s][info][gc,heap,exit] Reserved region:
[2026-04-03T02:04:31.022+0600][21.771s][info][gc,heap,exit]  - [0x0000000083000000, 0x0000000100000000) 
[2026-04-03T02:04:31.022+0600][21.771s][info][gc,heap,exit] Collection set:
[2026-04-03T02:04:31.022+0600][21.771s][info][gc,heap,exit]  - map (vanilla): 0x0000000000011060
[2026-04-03T02:04:31.022+0600][21.771s][info][gc,heap,exit]  - map (biased):  0x0000000000010000
[2026-04-03T02:04:31.022+0600][21.771s][info][gc,heap,exit] 
[2026-04-03T02:04:31.022+0600][21.771s][info][gc,heap,exit]  Metaspace       used 67010K, committed 67840K, reserved 1114112K
[2026-04-03T02:04:31.022+0600][21.771s][info][gc,heap,exit]   class space    used 8496K, committed 8896K, reserved 1048576K
[2026-04-03T02:04:31.022+0600][21.772s][info][gc,stats    ] 
[2026-04-03T02:04:31.022+0600][21.772s][info][gc,stats    ] GC STATISTICS:
[2026-04-03T02:04:31.022+0600][21.772s][info][gc,stats    ]   "(G)" (gross) pauses include VM time: time to notify and block threads, do the pre-
[2026-04-03T02:04:31.022+0600][21.772s][info][gc,stats    ]         and post-safepoint housekeeping. Use -Xlog:safepoint+stats to dissect.
[2026-04-03T02:04:31.022+0600][21.772s][info][gc,stats    ]   "(N)" (net) pauses are the times spent in the actual GC code.
[2026-04-03T02:04:31.022+0600][21.772s][info][gc,stats    ]   "a" is average time for each phase, look at levels to see if average makes sense.
[2026-04-03T02:04:31.022+0600][21.772s][info][gc,stats    ]   "lvls" are quantiles: 0% (minimum), 25%, 50% (median), 75%, 100% (maximum).
[2026-04-03T02:04:31.022+0600][21.772s][info][gc,stats    ] 
[2026-04-03T02:04:31.022+0600][21.772s][info][gc,stats    ]   All times are wall-clock times, except per-root-class counters, that are sum over
[2026-04-03T02:04:31.022+0600][21.772s][info][gc,stats    ]   all workers. Dividing the <total> over the root stage time estimates parallelism.
[2026-04-03T02:04:31.022+0600][21.772s][info][gc,stats    ] 
[2026-04-03T02:04:31.022+0600][21.772s][info][gc,stats    ]   Pacing delays are measured from entering the pacing code till exiting it. Therefore,
[2026-04-03T02:04:31.022+0600][21.772s][info][gc,stats    ]   observed pacing delays may be higher than the threshold when paced thread spent more
[2026-04-03T02:04:31.022+0600][21.772s][info][gc,stats    ]   time in the pacing code. It usually happens when thread is de-scheduled while paced,
[2026-04-03T02:04:31.022+0600][21.772s][info][gc,stats    ]   OS takes longer to unblock the thread, or JVM experiences an STW pause.
[2026-04-03T02:04:31.022+0600][21.772s][info][gc,stats    ] 
[2026-04-03T02:04:31.022+0600][21.772s][info][gc,stats    ]   Higher delay would prevent application outpacing the GC, but it will hide the GC latencies
[2026-04-03T02:04:31.022+0600][21.772s][info][gc,stats    ]   from the STW pause times. Pacing affects the individual threads, and so it would also be
[2026-04-03T02:04:31.022+0600][21.772s][info][gc,stats    ]   invisible to the usual profiling tools, but would add up to end-to-end application latency.
[2026-04-03T02:04:31.022+0600][21.772s][info][gc,stats    ]   Raise max pacing delay with care.
[2026-04-03T02:04:31.022+0600][21.772s][info][gc,stats    ] 
[2026-04-03T02:04:31.022+0600][21.772s][info][gc,stats    ] Concurrent Reset               =    0.058 s (a =     2759 us) (n =    21) (lvls, us =      615,      871,     1055,     1816,    22661)
[2026-04-03T02:04:31.022+0600][21.772s][info][gc,stats    ] Pause Init Mark (G)            =    0.010 s (a =      453 us) (n =    21) (lvls, us =      229,      375,      418,      475,      921)
[2026-04-03T02:04:31.022+0600][21.772s][info][gc,stats    ] Pause Init Mark (N)            =    0.003 s (a =      156 us) (n =    21) (lvls, us =       84,      100,      123,      143,      690)
[2026-04-03T02:04:31.022+0600][21.772s][info][gc,stats    ]   Update Region States         =    0.001 s (a =       30 us) (n =    21) (lvls, us =       17,       24,       31,       32,       48)
[2026-04-03T02:04:31.022+0600][21.772s][info][gc,stats    ] Concurrent Mark Roots          =    0.019 s (a =      911 us) (n =    21) (lvls, us =      457,      643,      783,      893,     2813)
[2026-04-03T02:04:31.022+0600][21.772s][info][gc,stats    ]   CMR: <total>                 =    0.029 s (a =     1380 us) (n =    21) (lvls, us =      645,      900,     1074,     1387,     3927)
[2026-04-03T02:04:31.022+0600][21.772s][info][gc,stats    ]   CMR: Thread Roots            =    0.023 s (a =     1080 us) (n =    21) (lvls, us =      422,      637,      779,     1094,     2695)
[2026-04-03T02:04:31.022+0600][21.772s][info][gc,stats    ]   CMR: VM Strong Roots         =    0.001 s (a =       69 us) (n =    21) (lvls, us =       12,       21,       25,       84,      404)
[2026-04-03T02:04:31.022+0600][21.772s][info][gc,stats    ]   CMR: CLDG Roots              =    0.005 s (a =      231 us) (n =    21) (lvls, us =      121,      164,      203,      227,      828)
[2026-04-03T02:04:31.022+0600][21.772s][info][gc,stats    ] Concurrent Marking             =    1.182 s (a =    56273 us) (n =    21) (lvls, us =     8633,    31836,    68359,    71289,    86110)
[2026-04-03T02:04:31.022+0600][21.772s][info][gc,stats    ] Pause Final Mark (G)           =    0.020 s (a =      935 us) (n =    21) (lvls, us =      551,      729,      918,      996,     1602)
[2026-04-03T02:04:31.022+0600][21.772s][info][gc,stats    ] Pause Final Mark (N)           =    0.015 s (a =      708 us) (n =    21) (lvls, us =      418,      555,      658,      809,     1163)
[2026-04-03T02:04:31.022+0600][21.772s][info][gc,stats    ]   Finish Mark                  =    0.005 s (a =      260 us) (n =    21) (lvls, us =      168,      213,      246,      295,      389)
[2026-04-03T02:04:31.022+0600][21.772s][info][gc,stats    ]   Update Region States         =    0.001 s (a =       67 us) (n =    21) (lvls, us =       39,       48,       55,       70,      141)
[2026-04-03T02:04:31.022+0600][21.772s][info][gc,stats    ]   Choose Collection Set        =    0.005 s (a =      224 us) (n =    21) (lvls, us =       50,       98,      174,      289,      585)
[2026-04-03T02:04:31.022+0600][21.772s][info][gc,stats    ]   Rebuild Free Set             =    0.001 s (a =       44 us) (n =    21) (lvls, us =       31,       34,       38,       43,       94)
[2026-04-03T02:04:31.022+0600][21.772s][info][gc,stats    ] Concurrent Thread Roots        =    0.009 s (a =      682 us) (n =    13) (lvls, us =      395,      514,      537,      596,     1570)
[2026-04-03T02:04:31.022+0600][21.772s][info][gc,stats    ]   CTR: <total>                 =    0.014 s (a =     1050 us) (n =    13) (lvls, us =      449,      729,      961,     1074,     2200)
[2026-04-03T02:04:31.022+0600][21.772s][info][gc,stats    ]   CTR: Thread Roots            =    0.014 s (a =     1050 us) (n =    13) (lvls, us =      449,      729,      961,     1074,     2200)
[2026-04-03T02:04:31.022+0600][21.772s][info][gc,stats    ] Concurrent Weak References     =    0.012 s (a =      571 us) (n =    21) (lvls, us =      230,      398,      479,      592,     1353)
[2026-04-03T02:04:31.022+0600][21.772s][info][gc,stats    ]   CWRF: <total>                =    0.009 s (a =      446 us) (n =    21) (lvls, us =      127,      279,      443,      514,     1081)
[2026-04-03T02:04:31.022+0600][21.772s][info][gc,stats    ]   CWRF: Weak References        =    0.009 s (a =      446 us) (n =    21) (lvls, us =      127,      279,      443,      514,     1081)
[2026-04-03T02:04:31.022+0600][21.772s][info][gc,stats    ] Concurrent Weak Roots          =    0.037 s (a =     1745 us) (n =    21) (lvls, us =     1094,     1445,     1699,     1992,     2323)
[2026-04-03T02:04:31.022+0600][21.772s][info][gc,stats    ]   Roots                        =    0.031 s (a =     1488 us) (n =    21) (lvls, us =      889,     1270,     1465,     1680,     1980)
[2026-04-03T02:04:31.022+0600][21.772s][info][gc,stats    ]     CWR: <total>               =    0.075 s (a =     3587 us) (n =    21) (lvls, us =     2266,     3027,     3438,     4062,     4928)
[2026-04-03T02:04:31.022+0600][21.772s][info][gc,stats    ]     CWR: Code Cache Roots      =    0.043 s (a =     2062 us) (n =    21) (lvls, us =      857,     1426,     2109,     2363,     3191)
[2026-04-03T02:04:31.022+0600][21.772s][info][gc,stats    ]     CWR: VM Weak Roots         =    0.031 s (a =     1461 us) (n =    21) (lvls, us =      809,      953,     1133,     1699,     2600)
[2026-04-03T02:04:31.022+0600][21.772s][info][gc,stats    ]     CWR: CLDG Roots            =    0.001 s (a =       64 us) (n =    21) (lvls, us =       14,       35,       54,       79,      119)
[2026-04-03T02:04:31.022+0600][21.772s][info][gc,stats    ]   Rendezvous                   =    0.004 s (a =      174 us) (n =    21) (lvls, us =       70,      146,      164,      199,      283)
[2026-04-03T02:04:31.022+0600][21.772s][info][gc,stats    ] Concurrent Cleanup             =    0.009 s (a =      447 us) (n =    21) (lvls, us =      236,      254,      320,      646,      798)
[2026-04-03T02:04:31.022+0600][21.772s][info][gc,stats    ] Concurrent Class Unloading     =    0.142 s (a =     6761 us) (n =    21) (lvls, us =     2773,     3730,     4219,     5039,    19617)
[2026-04-03T02:04:31.022+0600][21.772s][info][gc,stats    ]   Unlink Stale                 =    0.124 s (a =     5900 us) (n =    21) (lvls, us =     1602,     3223,     3496,     4277,    18064)
[2026-04-03T02:04:31.022+0600][21.772s][info][gc,stats    ]     System Dictionary          =    0.002 s (a =      117 us) (n =    21) (lvls, us =       26,       47,       65,       89,      453)
[2026-04-03T02:04:31.022+0600][21.772s][info][gc,stats    ]     Weak Class Links           =    0.047 s (a =     2219 us) (n =    21) (lvls, us =        0,        0,        0,        1,    12499)
[2026-04-03T02:04:31.022+0600][21.772s][info][gc,stats    ]     Code Roots                 =    0.075 s (a =     3560 us) (n =    21) (lvls, us =     1562,     2578,     3418,     3945,     5240)
[2026-04-03T02:04:31.022+0600][21.772s][info][gc,stats    ]   Rendezvous                   =    0.004 s (a =      204 us) (n =    21) (lvls, us =      107,      143,      180,      223,      376)
[2026-04-03T02:04:31.022+0600][21.772s][info][gc,stats    ]   Purge Unlinked               =    0.012 s (a =      560 us) (n =    21) (lvls, us =        8,       40,      348,      799,     2453)
[2026-04-03T02:04:31.022+0600][21.772s][info][gc,stats    ]     Code Roots                 =    0.010 s (a =      482 us) (n =    21) (lvls, us =        2,       29,      316,      566,     2426)
[2026-04-03T02:04:31.022+0600][21.772s][info][gc,stats    ]     CLDG                       =    0.002 s (a =       77 us) (n =    21) (lvls, us =        5,        9,       10,       20,      680)
[2026-04-03T02:04:31.022+0600][21.772s][info][gc,stats    ]     Exception Caches           =    0.000 s (a =        0 us) (n =    21) (lvls, us =        0,        0,        0,        0,        1)
[2026-04-03T02:04:31.022+0600][21.772s][info][gc,stats    ] Concurrent Strong Roots        =    0.012 s (a =      889 us) (n =    13) (lvls, us =      436,      611,      740,      951,     1363)
[2026-04-03T02:04:31.022+0600][21.772s][info][gc,stats    ]   CSR: <total>                 =    0.008 s (a =      639 us) (n =    13) (lvls, us =      232,      400,      465,      729,     1204)
[2026-04-03T02:04:31.022+0600][21.772s][info][gc,stats    ]   CSR: VM Strong Roots         =    0.000 s (a =       34 us) (n =    13) (lvls, us =       11,       18,       22,       32,      111)
[2026-04-03T02:04:31.022+0600][21.772s][info][gc,stats    ]   CSR: CLDG Roots              =    0.008 s (a =      605 us) (n =    13) (lvls, us =      221,      354,      398,      697,     1183)
[2026-04-03T02:04:31.022+0600][21.772s][info][gc,stats    ] Concurrent Evacuation          =    0.234 s (a =    18003 us) (n =    13) (lvls, us =      957,     1992,     9121,    30078,    36937)
[2026-04-03T02:04:31.022+0600][21.772s][info][gc,stats    ] Pause Final Roots (G)          =    0.002 s (a =      277 us) (n =     8) (lvls, us =      107,      193,      199,      248,      714)
[2026-04-03T02:04:31.022+0600][21.772s][info][gc,stats    ] Pause Final Roots (N)          =    0.000 s (a =       61 us) (n =     8) (lvls, us =       37,       44,       58,       71,       83)
[2026-04-03T02:04:31.022+0600][21.772s][info][gc,stats    ] Pause Init Update Refs (G)     =    0.004 s (a =      336 us) (n =    13) (lvls, us =      223,      266,      322,      350,      467)
[2026-04-03T02:04:31.022+0600][21.772s][info][gc,stats    ] Pause Init Update Refs (N)     =    0.001 s (a =      109 us) (n =    13) (lvls, us =       69,       81,       89,      115,      165)
[2026-04-03T02:04:31.022+0600][21.772s][info][gc,stats    ]   Manage GCLABs                =    0.000 s (a =       14 us) (n =    13) (lvls, us =        5,        9,       13,       16,       19)
[2026-04-03T02:04:31.022+0600][21.772s][info][gc,stats    ] Concurrent Update Refs         =    0.658 s (a =    50653 us) (n =    13) (lvls, us =     5742,     6445,    30273,    74805,   110394)
[2026-04-03T02:04:31.022+0600][21.772s][info][gc,stats    ] Concurrent Update Thread Roots =    0.010 s (a =      747 us) (n =    13) (lvls, us =      482,      564,      686,      787,     1373)
[2026-04-03T02:04:31.022+0600][21.772s][info][gc,stats    ] Pause Final Update Refs (G)    =    0.007 s (a =      506 us) (n =    13) (lvls, us =      232,      412,      518,      551,      651)
[2026-04-03T02:04:31.022+0600][21.772s][info][gc,stats    ] Pause Final Update Refs (N)    =    0.003 s (a =      214 us) (n =    13) (lvls, us =      150,      184,      203,      223,      294)
[2026-04-03T02:04:31.022+0600][21.772s][info][gc,stats    ]   Update Region States         =    0.001 s (a =       62 us) (n =    13) (lvls, us =       48,       50,       55,       68,       90)
[2026-04-03T02:04:31.022+0600][21.772s][info][gc,stats    ]   Trash Collection Set         =    0.000 s (a =       16 us) (n =    13) (lvls, us =        7,       10,       13,       17,       36)
[2026-04-03T02:04:31.022+0600][21.772s][info][gc,stats    ]   Rebuild Free Set             =    0.000 s (a =       37 us) (n =    13) (lvls, us =       31,       32,       36,       37,       44)
[2026-04-03T02:04:31.022+0600][21.772s][info][gc,stats    ] Concurrent Cleanup             =    0.007 s (a =      538 us) (n =    13) (lvls, us =      264,      350,      395,      637,      932)
[2026-04-03T02:04:31.022+0600][21.772s][info][gc,stats    ] Concurrent Uncommit            =    0.348 s (a =   115936 us) (n =     3) (lvls, us =    70703,    70703,    70703,    78906,   197938)
[2026-04-03T02:04:31.022+0600][21.772s][info][gc,stats    ] 
[2026-04-03T02:04:31.022+0600][21.772s][info][gc,stats    ] 
[2026-04-03T02:04:31.022+0600][21.772s][info][gc,stats    ] Under allocation pressure, concurrent cycles may cancel, and either continue cycle
[2026-04-03T02:04:31.022+0600][21.772s][info][gc,stats    ] under stop-the-world pause or result in stop-the-world Full GC. Increase heap size,
[2026-04-03T02:04:31.022+0600][21.772s][info][gc,stats    ] tune GC heuristics, set more aggressive pacing delay, or lower allocation rate
[2026-04-03T02:04:31.022+0600][21.772s][info][gc,stats    ] to avoid Degenerated and Full GC cycles.
[2026-04-03T02:04:31.022+0600][21.772s][info][gc,stats    ] 
[2026-04-03T02:04:31.022+0600][21.772s][info][gc,stats    ]    21 successful concurrent GCs
[2026-04-03T02:04:31.022+0600][21.772s][info][gc,stats    ]       3 invoked explicitly
[2026-04-03T02:04:31.022+0600][21.772s][info][gc,stats    ]       0 invoked implicitly
[2026-04-03T02:04:31.022+0600][21.772s][info][gc,stats    ] 
[2026-04-03T02:04:31.022+0600][21.772s][info][gc,stats    ]     0 Degenerated GCs
[2026-04-03T02:04:31.022+0600][21.772s][info][gc,stats    ]       0 caused by allocation failure
[2026-04-03T02:04:31.022+0600][21.772s][info][gc,stats    ]       0 upgraded to Full GC
[2026-04-03T02:04:31.022+0600][21.772s][info][gc,stats    ] 
[2026-04-03T02:04:31.022+0600][21.772s][info][gc,stats    ]     0 Full GCs
[2026-04-03T02:04:31.022+0600][21.772s][info][gc,stats    ]       0 invoked explicitly
[2026-04-03T02:04:31.022+0600][21.772s][info][gc,stats    ]       0 invoked implicitly
[2026-04-03T02:04:31.022+0600][21.772s][info][gc,stats    ]       0 caused by allocation failure
[2026-04-03T02:04:31.022+0600][21.772s][info][gc,stats    ]       0 upgraded from Degenerated GC
[2026-04-03T02:04:31.022+0600][21.772s][info][gc,stats    ] 
[2026-04-03T02:04:31.022+0600][21.772s][info][gc,stats    ] 
