[2026-04-03T01:58:24.233+0600][0.005s][info][gc] Heuristics ergonomically sets -XX:+ExplicitGCInvokesConcurrent
[2026-04-03T01:58:24.233+0600][0.005s][info][gc] Heuristics ergonomically sets -XX:+ShenandoahImplicitGCInvokesConcurrent
[2026-04-03T01:58:24.234+0600][0.005s][info][gc] Using Shenandoah
[2026-04-03T01:58:24.235+0600][0.006s][info][gc,ergo] Pacer for Idle. Initial: 20480K, Alloc Tax Rate: 1.0x
[2026-04-03T01:58:24.235+0600][0.007s][info][gc,init] Version: 21.0.10+7-Ubuntu-124.04 (release)
[2026-04-03T01:58:24.235+0600][0.007s][info][gc,init] CPUs: 12 total, 12 available
[2026-04-03T01:58:24.235+0600][0.007s][info][gc,init] Memory: 15683M
[2026-04-03T01:58:24.235+0600][0.007s][info][gc,init] Large Page Support: Disabled
[2026-04-03T01:58:24.235+0600][0.007s][info][gc,init] NUMA Support: Disabled
[2026-04-03T01:58:24.235+0600][0.007s][info][gc,init] Compressed Oops: Enabled (32-bit)
[2026-04-03T01:58:24.235+0600][0.007s][info][gc,init] Heap Min Capacity: 6656K
[2026-04-03T01:58:24.235+0600][0.007s][info][gc,init] Heap Initial Capacity: 251136K
[2026-04-03T01:58:24.235+0600][0.007s][info][gc,init] Heap Max Capacity: 1000M
[2026-04-03T01:58:24.235+0600][0.007s][info][gc,init] Pre-touch: Disabled
[2026-04-03T01:58:24.235+0600][0.007s][info][gc,init] Mode: Snapshot-At-The-Beginning (SATB)
[2026-04-03T01:58:24.235+0600][0.007s][info][gc,init] Heuristics: Adaptive
[2026-04-03T01:58:24.235+0600][0.007s][info][gc,init] Heap Region Count: 4000
[2026-04-03T01:58:24.235+0600][0.007s][info][gc,init] Heap Region Size: 256K
[2026-04-03T01:58:24.235+0600][0.007s][info][gc,init] TLAB Size Max: 256K
[2026-04-03T01:58:24.235+0600][0.007s][info][gc,init] Humongous Object Threshold: 256K
[2026-04-03T01:58:24.235+0600][0.007s][info][gc,init] Parallel Workers: 6
[2026-04-03T01:58:24.235+0600][0.007s][info][gc,init] Concurrent Workers: 3
[2026-04-03T01:58:24.247+0600][0.018s][info][gc,metaspace] CDS archive(s) mapped at: [0x000071c53b000000-0x000071c53bc9c000-0x000071c53bc9c000), size 13221888, SharedBaseAddress: 0x000071c53b000000, ArchiveRelocationMode: 1.
[2026-04-03T01:58:24.247+0600][0.018s][info][gc,metaspace] Compressed class space mapped at: 0x000071c53c000000-0x000071c57c000000, reserved size: 1073741824
[2026-04-03T01:58:24.247+0600][0.018s][info][gc,metaspace] Narrow klass base: 0x000071c53b000000, Narrow klass shift: 0, Narrow klass range: 0x100000000
[2026-04-03T01:58:25.470+0600][1.241s][info][gc          ] Trigger: Learning 1 of 5. Free (699M) is below initial threshold (700M)
[2026-04-03T01:58:25.470+0600][1.241s][info][gc,ergo     ] Free: 699M, Max: 256K regular, 699M humongous, Frag: 0% external, 0% internal; Reserve: 51200K, Max: 256K
[2026-04-03T01:58:25.470+0600][1.241s][info][gc,start    ] GC(0) Concurrent reset
[2026-04-03T01:58:25.470+0600][1.242s][info][gc,task     ] GC(0) Using 3 of 6 workers for concurrent reset
[2026-04-03T01:58:25.470+0600][1.242s][info][gc,ergo     ] GC(0) Pacer for Reset. Non-Taxable: 1000M
[2026-04-03T01:58:25.471+0600][1.242s][info][gc          ] GC(0) Concurrent reset 0.728ms
[2026-04-03T01:58:25.471+0600][1.242s][info][gc,start    ] GC(0) Pause Init Mark (unload classes)
[2026-04-03T01:58:25.471+0600][1.243s][info][gc,task     ] GC(0) Using 6 of 6 workers for init marking
[2026-04-03T01:58:25.471+0600][1.243s][info][gc,ergo     ] GC(0) Pacer for Mark. Expected Live: 100M, Free: 699M, Non-Taxable: 71603K, Alloc Tax Rate: 0.2x
[2026-04-03T01:58:25.471+0600][1.243s][info][gc          ] GC(0) Pause Init Mark (unload classes) 0.537ms
[2026-04-03T01:58:25.472+0600][1.243s][info][gc,start    ] GC(0) Concurrent marking roots
[2026-04-03T01:58:25.472+0600][1.243s][info][gc,task     ] GC(0) Using 3 of 6 workers for concurrent marking roots
[2026-04-03T01:58:25.473+0600][1.244s][info][gc          ] GC(0) Concurrent marking roots 0.969ms
[2026-04-03T01:58:25.473+0600][1.244s][info][gc,start    ] GC(0) Concurrent marking (unload classes)
[2026-04-03T01:58:25.473+0600][1.244s][info][gc,task     ] GC(0) Using 3 of 6 workers for concurrent marking
[2026-04-03T01:58:25.478+0600][1.249s][info][gc          ] GC(0) Concurrent marking (unload classes) 5.576ms
[2026-04-03T01:58:25.478+0600][1.250s][info][gc,start    ] GC(0) Pause Final Mark (unload classes)
[2026-04-03T01:58:25.478+0600][1.250s][info][gc,task     ] GC(0) Using 6 of 6 workers for final marking
[2026-04-03T01:58:25.479+0600][1.250s][info][gc,ergo     ] GC(0) Adaptive CSet Selection. Target Free: 141M, Actual Free: 823M, Max CSet: 42666K, Min Garbage: 0B
[2026-04-03T01:58:25.479+0600][1.250s][info][gc,ergo     ] GC(0) Collectable Garbage: 246M (99%), Immediate: 77824K (30%), CSet: 170M (69%)
[2026-04-03T01:58:25.479+0600][1.250s][info][gc,ergo     ] GC(0) Pacer for Evacuation. Used CSet: 173M, Free: 773M, Non-Taxable: 79180K, Alloc Tax Rate: 1.1x
[2026-04-03T01:58:25.479+0600][1.250s][info][gc          ] GC(0) Pause Final Mark (unload classes) 0.529ms
[2026-04-03T01:58:25.479+0600][1.250s][info][gc,start    ] GC(0) Concurrent thread roots
[2026-04-03T01:58:25.479+0600][1.250s][info][gc,task     ] GC(0) Using 3 of 6 workers for Concurrent thread roots
[2026-04-03T01:58:25.479+0600][1.250s][info][gc          ] GC(0) Concurrent thread roots 0.301ms
[2026-04-03T01:58:25.479+0600][1.251s][info][gc,start    ] GC(0) Concurrent weak references
[2026-04-03T01:58:25.479+0600][1.251s][info][gc,task     ] GC(0) Using 3 of 6 workers for concurrent weak references
[2026-04-03T01:58:25.480+0600][1.251s][info][gc,ref      ] GC(0) Encountered references: Soft: 211, Weak: 921, Final: 0, Phantom: 28
[2026-04-03T01:58:25.480+0600][1.251s][info][gc,ref      ] GC(0) Discovered  references: Soft: 0, Weak: 702, Final: 0, Phantom: 15
[2026-04-03T01:58:25.480+0600][1.251s][info][gc,ref      ] GC(0) Enqueued    references: Soft: 0, Weak: 272, Final: 0, Phantom: 0
[2026-04-03T01:58:25.480+0600][1.251s][info][gc          ] GC(0) Concurrent weak references 0.248ms
[2026-04-03T01:58:25.480+0600][1.251s][info][gc,start    ] GC(0) Concurrent weak roots
[2026-04-03T01:58:25.480+0600][1.251s][info][gc,task     ] GC(0) Using 3 of 6 workers for concurrent weak root
[2026-04-03T01:58:25.480+0600][1.251s][info][gc          ] GC(0) Concurrent weak roots 0.510ms
[2026-04-03T01:58:25.480+0600][1.251s][info][gc,start    ] GC(0) Concurrent cleanup
[2026-04-03T01:58:25.480+0600][1.252s][info][gc          ] GC(0) Concurrent cleanup 253M->177M(253M) 0.223ms
[2026-04-03T01:58:25.480+0600][1.252s][info][gc,ergo     ] GC(0) Free: 773M, Max: 256K regular, 697M humongous, Frag: 10% external, 0% internal; Reserve: 50762K, Max: 256K
[2026-04-03T01:58:25.480+0600][1.252s][info][gc,start    ] GC(0) Concurrent class unloading
[2026-04-03T01:58:25.480+0600][1.252s][info][gc,task     ] GC(0) Using 3 of 6 workers for concurrent class unloading
[2026-04-03T01:58:25.482+0600][1.253s][info][gc          ] GC(0) Concurrent class unloading 1.135ms
[2026-04-03T01:58:25.482+0600][1.253s][info][gc,start    ] GC(0) Concurrent strong roots
[2026-04-03T01:58:25.482+0600][1.253s][info][gc,task     ] GC(0) Using 3 of 6 workers for concurrent strong root
[2026-04-03T01:58:25.482+0600][1.253s][info][gc          ] GC(0) Concurrent strong roots 0.511ms
[2026-04-03T01:58:25.482+0600][1.253s][info][gc,start    ] GC(0) Concurrent evacuation
[2026-04-03T01:58:25.482+0600][1.253s][info][gc,task     ] GC(0) Using 3 of 6 workers for concurrent evacuation
[2026-04-03T01:58:25.485+0600][1.257s][info][gc          ] GC(0) Concurrent evacuation 3.391ms
[2026-04-03T01:58:25.486+0600][1.257s][info][gc,start    ] GC(0) Pause Init Update Refs
[2026-04-03T01:58:25.486+0600][1.257s][info][gc,ergo     ] GC(0) Pacer for Update Refs. Used: 182M, Free: 771M, Non-Taxable: 79011K, Alloc Tax Rate: 1.1x
[2026-04-03T01:58:25.486+0600][1.257s][info][gc          ] GC(0) Pause Init Update Refs 0.071ms
[2026-04-03T01:58:25.486+0600][1.257s][info][gc,start    ] GC(0) Concurrent update references
[2026-04-03T01:58:25.486+0600][1.257s][info][gc,task     ] GC(0) Using 3 of 6 workers for concurrent reference update
[2026-04-03T01:58:25.489+0600][1.260s][info][gc          ] GC(0) Concurrent update references 3.164ms
[2026-04-03T01:58:25.489+0600][1.260s][info][gc,start    ] GC(0) Concurrent update thread roots
[2026-04-03T01:58:25.490+0600][1.261s][info][gc          ] GC(0) Concurrent update thread roots 0.503ms
[2026-04-03T01:58:25.490+0600][1.261s][info][gc,start    ] GC(0) Pause Final Update Refs
[2026-04-03T01:58:25.490+0600][1.261s][info][gc,task     ] GC(0) Using 6 of 6 workers for final reference update
[2026-04-03T01:58:25.490+0600][1.261s][info][gc          ] GC(0) Pause Final Update Refs 0.160ms
[2026-04-03T01:58:25.490+0600][1.261s][info][gc,start    ] GC(0) Concurrent cleanup
[2026-04-03T01:58:25.490+0600][1.261s][info][gc          ] GC(0) Concurrent cleanup 183M->10M(256M) 0.287ms
[2026-04-03T01:58:25.490+0600][1.261s][info][gc,ergo     ] Free: 939M, Max: 256K regular, 693M humongous, Frag: 27% external, 0% internal; Reserve: 51200K, Max: 256K
[2026-04-03T01:58:25.490+0600][1.261s][info][gc,stats    ] 
[2026-04-03T01:58:25.490+0600][1.261s][info][gc,stats    ] All times are wall-clock times, except per-root-class counters, that are sum over
[2026-04-03T01:58:25.490+0600][1.261s][info][gc,stats    ] all workers. Dividing the <total> over the root stage time estimates parallelism.
[2026-04-03T01:58:25.490+0600][1.261s][info][gc,stats    ] 
[2026-04-03T01:58:25.490+0600][1.262s][info][gc,stats    ] Concurrent Reset                    754 us
[2026-04-03T01:58:25.490+0600][1.262s][info][gc,stats    ] Pause Init Mark (G)                 945 us
[2026-04-03T01:58:25.490+0600][1.262s][info][gc,stats    ] Pause Init Mark (N)                 548 us
[2026-04-03T01:58:25.490+0600][1.262s][info][gc,stats    ]   Update Region States               32 us
[2026-04-03T01:58:25.490+0600][1.262s][info][gc,stats    ] Concurrent Mark Roots              1012 us, parallelism: 1.72x
[2026-04-03T01:58:25.490+0600][1.262s][info][gc,stats    ]   CMR: <total>                     1738 us
[2026-04-03T01:58:25.490+0600][1.262s][info][gc,stats    ]   CMR: Thread Roots                 922 us, workers (us): 308, 611,   3, ---, ---, ---, 
[2026-04-03T01:58:25.490+0600][1.262s][info][gc,stats    ]   CMR: VM Strong Roots              457 us, workers (us): 240, 116, 100, ---, ---, ---, 
[2026-04-03T01:58:25.490+0600][1.262s][info][gc,stats    ]   CMR: CLDG Roots                   360 us, workers (us): ---, ---, 360, ---, ---, ---, 
[2026-04-03T01:58:25.490+0600][1.262s][info][gc,stats    ] Concurrent Marking                 5636 us
[2026-04-03T01:58:25.490+0600][1.262s][info][gc,stats    ] Pause Final Mark (G)                690 us
[2026-04-03T01:58:25.490+0600][1.262s][info][gc,stats    ] Pause Final Mark (N)                537 us
[2026-04-03T01:58:25.490+0600][1.262s][info][gc,stats    ]   Finish Mark                       205 us
[2026-04-03T01:58:25.490+0600][1.262s][info][gc,stats    ]   Update Region States               41 us
[2026-04-03T01:58:25.490+0600][1.262s][info][gc,stats    ]   Choose Collection Set             197 us
[2026-04-03T01:58:25.490+0600][1.262s][info][gc,stats    ]   Rebuild Free Set                   32 us
[2026-04-03T01:58:25.490+0600][1.262s][info][gc,stats    ] Concurrent Thread Roots             338 us, parallelism: 0.45x
[2026-04-03T01:58:25.490+0600][1.262s][info][gc,stats    ]   CTR: <total>                      153 us
[2026-04-03T01:58:25.490+0600][1.262s][info][gc,stats    ]   CTR: Thread Roots                 153 us, workers (us):  90,  57,   7, ---, ---, ---, 
[2026-04-03T01:58:25.490+0600][1.262s][info][gc,stats    ] Concurrent Weak References          254 us, parallelism: 0.77x
[2026-04-03T01:58:25.490+0600][1.262s][info][gc,stats    ]   CWRF: <total>                     194 us
[2026-04-03T01:58:25.490+0600][1.262s][info][gc,stats    ]   CWRF: Weak References             194 us, workers (us):  14, 180,   0, ---, ---, ---, 
[2026-04-03T01:58:25.490+0600][1.262s][info][gc,stats    ] Concurrent Weak Roots               551 us
[2026-04-03T01:58:25.490+0600][1.262s][info][gc,stats    ]   Roots                             452 us, parallelism: 2.38x
[2026-04-03T01:58:25.490+0600][1.262s][info][gc,stats    ]     CWR: <total>                   1076 us
[2026-04-03T01:58:25.490+0600][1.262s][info][gc,stats    ]     CWR: Code Cache Roots           364 us, workers (us): 103, 132, 129, ---, ---, ---, 
[2026-04-03T01:58:25.490+0600][1.262s][info][gc,stats    ]     CWR: VM Weak Roots              707 us, workers (us): 273, 256, 179, ---, ---, ---, 
[2026-04-03T01:58:25.490+0600][1.262s][info][gc,stats    ]     CWR: CLDG Roots                   5 us, workers (us): ---,   5, ---, ---, ---, ---, 
[2026-04-03T01:58:25.490+0600][1.262s][info][gc,stats    ]   Rendezvous                         44 us
[2026-04-03T01:58:25.491+0600][1.262s][info][gc,stats    ] Concurrent Cleanup                  237 us
[2026-04-03T01:58:25.491+0600][1.262s][info][gc,stats    ] Concurrent Class Unloading         1163 us
[2026-04-03T01:58:25.491+0600][1.262s][info][gc,stats    ]   Unlink Stale                      870 us
[2026-04-03T01:58:25.491+0600][1.262s][info][gc,stats    ]     System Dictionary                12 us
[2026-04-03T01:58:25.491+0600][1.262s][info][gc,stats    ]     Weak Class Links                  0 us
[2026-04-03T01:58:25.491+0600][1.262s][info][gc,stats    ]     Code Roots                      856 us
[2026-04-03T01:58:25.491+0600][1.262s][info][gc,stats    ]   Rendezvous                         32 us
[2026-04-03T01:58:25.491+0600][1.262s][info][gc,stats    ]   Purge Unlinked                    212 us
[2026-04-03T01:58:25.491+0600][1.262s][info][gc,stats    ]     Code Roots                      206 us
[2026-04-03T01:58:25.491+0600][1.262s][info][gc,stats    ]     CLDG                              5 us
[2026-04-03T01:58:25.491+0600][1.262s][info][gc,stats    ]     Exception Caches                  0 us
[2026-04-03T01:58:25.491+0600][1.262s][info][gc,stats    ] Concurrent Strong Roots             540 us, parallelism: 0.86x
[2026-04-03T01:58:25.491+0600][1.262s][info][gc,stats    ]   CSR: <total>                      462 us
[2026-04-03T01:58:25.491+0600][1.262s][info][gc,stats    ]   CSR: VM Strong Roots               14 us, workers (us):   9,   5,   0, ---, ---, ---, 
[2026-04-03T01:58:25.491+0600][1.262s][info][gc,stats    ]   CSR: CLDG Roots                   448 us, workers (us): ---, 448, ---, ---, ---, ---, 
[2026-04-03T01:58:25.491+0600][1.262s][info][gc,stats    ] Concurrent Evacuation              3446 us
[2026-04-03T01:58:25.491+0600][1.262s][info][gc,stats    ] Pause Init Update Refs (G)          258 us
[2026-04-03T01:58:25.491+0600][1.262s][info][gc,stats    ] Pause Init Update Refs (N)           80 us
[2026-04-03T01:58:25.491+0600][1.262s][info][gc,stats    ]   Manage GCLABs                       5 us
[2026-04-03T01:58:25.491+0600][1.262s][info][gc,stats    ] Concurrent Update Refs             3215 us
[2026-04-03T01:58:25.491+0600][1.262s][info][gc,stats    ] Concurrent Update Thread Roots      531 us
[2026-04-03T01:58:25.491+0600][1.262s][info][gc,stats    ] Pause Final Update Refs (G)         321 us
[2026-04-03T01:58:25.491+0600][1.262s][info][gc,stats    ] Pause Final Update Refs (N)         178 us
[2026-04-03T01:58:25.491+0600][1.262s][info][gc,stats    ]   Update Region States               38 us
[2026-04-03T01:58:25.491+0600][1.262s][info][gc,stats    ]   Trash Collection Set               26 us
[2026-04-03T01:58:25.491+0600][1.262s][info][gc,stats    ]   Rebuild Free Set                   34 us
[2026-04-03T01:58:25.491+0600][1.262s][info][gc,stats    ] Concurrent Cleanup                  304 us
[2026-04-03T01:58:25.491+0600][1.262s][info][gc,stats    ] 
[2026-04-03T01:58:25.491+0600][1.262s][info][gc,stats    ] Allocation pacing accrued:
[2026-04-03T01:58:25.491+0600][1.262s][info][gc,stats    ]       0 of  1256 ms (  0.0%): <total>
[2026-04-03T01:58:25.491+0600][1.262s][info][gc,stats    ]       0 of  1256 ms (  0.0%): <average total>
[2026-04-03T01:58:25.491+0600][1.262s][info][gc,stats    ] 
[2026-04-03T01:58:25.491+0600][1.262s][info][gc,metaspace] Metaspace: 11253K(11456K)->11394K(11584K) NonClass: 9803K(9920K)->9875K(9984K) Class: 1450K(1536K)->1518K(1600K)
[2026-04-03T01:58:25.491+0600][1.262s][info][gc,ergo     ] Pacer for Idle. Initial: 20480K, Alloc Tax Rate: 1.0x
[2026-04-03T01:58:28.323+0600][4.094s][info][gc          ] Trigger: Metadata GC Threshold
[2026-04-03T01:58:28.323+0600][4.094s][info][gc,ergo     ] Free: 829M, Max: 256K regular, 693M humongous, Frag: 17% external, 0% internal; Reserve: 51200K, Max: 256K
[2026-04-03T01:58:28.323+0600][4.094s][info][gc,start    ] GC(1) Concurrent reset
[2026-04-03T01:58:28.323+0600][4.094s][info][gc,task     ] GC(1) Using 3 of 6 workers for concurrent reset
[2026-04-03T01:58:28.323+0600][4.094s][info][gc,ergo     ] GC(1) Pacer for Reset. Non-Taxable: 1000M
[2026-04-03T01:58:28.326+0600][4.098s][info][gc          ] GC(1) Concurrent reset 3.325ms
[2026-04-03T01:58:28.327+0600][4.098s][info][gc,start    ] GC(1) Pause Init Mark (unload classes)
[2026-04-03T01:58:28.327+0600][4.098s][info][gc,task     ] GC(1) Using 6 of 6 workers for init marking
[2026-04-03T01:58:28.327+0600][4.098s][info][gc,ergo     ] GC(1) Pacer for Mark. Expected Live: 3953K, Free: 829M, Non-Taxable: 84945K, Alloc Tax Rate: 0.0x
[2026-04-03T01:58:28.327+0600][4.098s][info][gc          ] GC(1) Pause Init Mark (unload classes) 0.185ms
[2026-04-03T01:58:28.327+0600][4.098s][info][gc,start    ] GC(1) Concurrent marking roots
[2026-04-03T01:58:28.327+0600][4.098s][info][gc,task     ] GC(1) Using 3 of 6 workers for concurrent marking roots
[2026-04-03T01:58:28.329+0600][4.101s][info][gc          ] GC(1) Concurrent marking roots 2.399ms
[2026-04-03T01:58:28.329+0600][4.101s][info][gc,start    ] GC(1) Concurrent marking (unload classes)
[2026-04-03T01:58:28.329+0600][4.101s][info][gc,task     ] GC(1) Using 3 of 6 workers for concurrent marking
[2026-04-03T01:58:28.335+0600][4.106s][info][gc          ] GC(1) Concurrent marking (unload classes) 5.253ms
[2026-04-03T01:58:28.335+0600][4.106s][info][gc,start    ] GC(1) Pause Final Mark (unload classes)
[2026-04-03T01:58:28.335+0600][4.106s][info][gc,task     ] GC(1) Using 6 of 6 workers for final marking
[2026-04-03T01:58:28.335+0600][4.107s][info][gc,ergo     ] GC(1) Adaptive CSet Selection. Target Free: 141M, Actual Free: 902M, Max CSet: 42666K, Min Garbage: 0B
[2026-04-03T01:58:28.335+0600][4.107s][info][gc,ergo     ] GC(1) Collectable Garbage: 102346K (99%), Immediate: 23679K (22%), CSet: 78667K (76%)
[2026-04-03T01:58:28.335+0600][4.107s][info][gc,ergo     ] GC(1) Pacer for Evacuation. Used CSet: 85829K, Free: 852M, Non-Taxable: 87317K, Alloc Tax Rate: 1.1x
[2026-04-03T01:58:28.335+0600][4.107s][info][gc          ] GC(1) Pause Final Mark (unload classes) 0.616ms
[2026-04-03T01:58:28.336+0600][4.107s][info][gc,start    ] GC(1) Concurrent thread roots
[2026-04-03T01:58:28.336+0600][4.107s][info][gc,task     ] GC(1) Using 3 of 6 workers for Concurrent thread roots
[2026-04-03T01:58:28.336+0600][4.107s][info][gc          ] GC(1) Concurrent thread roots 0.497ms
[2026-04-03T01:58:28.336+0600][4.107s][info][gc,start    ] GC(1) Concurrent weak references
[2026-04-03T01:58:28.336+0600][4.107s][info][gc,task     ] GC(1) Using 3 of 6 workers for concurrent weak references
[2026-04-03T01:58:28.336+0600][4.108s][info][gc,ref      ] GC(1) Encountered references: Soft: 3499, Weak: 1210, Final: 0, Phantom: 563
[2026-04-03T01:58:28.336+0600][4.108s][info][gc,ref      ] GC(1) Discovered  references: Soft: 0, Weak: 855, Final: 0, Phantom: 561
[2026-04-03T01:58:28.336+0600][4.108s][info][gc,ref      ] GC(1) Enqueued    references: Soft: 0, Weak: 202, Final: 0, Phantom: 0
[2026-04-03T01:58:28.336+0600][4.108s][info][gc          ] GC(1) Concurrent weak references 0.389ms
[2026-04-03T01:58:28.336+0600][4.108s][info][gc,start    ] GC(1) Concurrent weak roots
[2026-04-03T01:58:28.336+0600][4.108s][info][gc,task     ] GC(1) Using 3 of 6 workers for concurrent weak root
[2026-04-03T01:58:28.337+0600][4.109s][info][gc          ] GC(1) Concurrent weak roots 0.899ms
[2026-04-03T01:58:28.337+0600][4.109s][info][gc,start    ] GC(1) Concurrent cleanup
[2026-04-03T01:58:28.338+0600][4.109s][info][gc          ] GC(1) Concurrent cleanup 118M->96M(257M) 0.212ms
[2026-04-03T01:58:28.338+0600][4.109s][info][gc,ergo     ] GC(1) Free: 852M, Max: 256K regular, 693M humongous, Frag: 19% external, 0% internal; Reserve: 50953K, Max: 256K
[2026-04-03T01:58:28.338+0600][4.109s][info][gc,start    ] GC(1) Concurrent class unloading
[2026-04-03T01:58:28.338+0600][4.109s][info][gc,task     ] GC(1) Using 3 of 6 workers for concurrent class unloading
[2026-04-03T01:58:28.340+0600][4.111s][info][gc          ] GC(1) Concurrent class unloading 2.414ms
[2026-04-03T01:58:28.340+0600][4.111s][info][gc,start    ] GC(1) Concurrent strong roots
[2026-04-03T01:58:28.340+0600][4.111s][info][gc,task     ] GC(1) Using 3 of 6 workers for concurrent strong root
[2026-04-03T01:58:28.341+0600][4.112s][info][gc          ] GC(1) Concurrent strong roots 0.857ms
[2026-04-03T01:58:28.341+0600][4.112s][info][gc,start    ] GC(1) Concurrent evacuation
[2026-04-03T01:58:28.341+0600][4.112s][info][gc,task     ] GC(1) Using 3 of 6 workers for concurrent evacuation
[2026-04-03T01:58:28.346+0600][4.117s][info][gc          ] GC(1) Concurrent evacuation 4.621ms
[2026-04-03T01:58:28.346+0600][4.117s][info][gc,start    ] GC(1) Pause Init Update Refs
[2026-04-03T01:58:28.346+0600][4.117s][info][gc,ergo     ] GC(1) Pacer for Update Refs. Used: 103M, Free: 852M, Non-Taxable: 87293K, Alloc Tax Rate: 1.1x
[2026-04-03T01:58:28.346+0600][4.117s][info][gc          ] GC(1) Pause Init Update Refs 0.070ms
[2026-04-03T01:58:28.346+0600][4.117s][info][gc,start    ] GC(1) Concurrent update references
[2026-04-03T01:58:28.346+0600][4.117s][info][gc,task     ] GC(1) Using 3 of 6 workers for concurrent reference update
[2026-04-03T01:58:28.350+0600][4.122s][info][gc          ] GC(1) Concurrent update references 4.348ms
[2026-04-03T01:58:28.350+0600][4.122s][info][gc,start    ] GC(1) Concurrent update thread roots
[2026-04-03T01:58:28.351+0600][4.122s][info][gc          ] GC(1) Concurrent update thread roots 0.389ms
[2026-04-03T01:58:28.351+0600][4.122s][info][gc,start    ] GC(1) Pause Final Update Refs
[2026-04-03T01:58:28.351+0600][4.122s][info][gc,task     ] GC(1) Using 6 of 6 workers for final reference update
[2026-04-03T01:58:28.351+0600][4.122s][info][gc          ] GC(1) Pause Final Update Refs 0.176ms
[2026-04-03T01:58:28.351+0600][4.123s][info][gc,start    ] GC(1) Concurrent cleanup
[2026-04-03T01:58:28.352+0600][4.123s][info][gc          ] GC(1) Concurrent cleanup 104M->20M(264M) 0.305ms
[2026-04-03T01:58:28.352+0600][4.123s][info][gc,ergo     ] Free: 928M, Max: 256K regular, 825M humongous, Frag: 12% external, 0% internal; Reserve: 51200K, Max: 256K
[2026-04-03T01:58:28.352+0600][4.123s][info][gc,stats    ] 
[2026-04-03T01:58:28.352+0600][4.123s][info][gc,stats    ] All times are wall-clock times, except per-root-class counters, that are sum over
[2026-04-03T01:58:28.352+0600][4.123s][info][gc,stats    ] all workers. Dividing the <total> over the root stage time estimates parallelism.
[2026-04-03T01:58:28.352+0600][4.123s][info][gc,stats    ] 
[2026-04-03T01:58:28.352+0600][4.123s][info][gc,stats    ] Concurrent Reset                   3374 us
[2026-04-03T01:58:28.352+0600][4.123s][info][gc,stats    ] Pause Init Mark (G)                 543 us
[2026-04-03T01:58:28.352+0600][4.123s][info][gc,stats    ] Pause Init Mark (N)                 197 us
[2026-04-03T01:58:28.352+0600][4.123s][info][gc,stats    ]   Update Region States               32 us
[2026-04-03T01:58:28.352+0600][4.123s][info][gc,stats    ] Concurrent Mark Roots              2444 us, parallelism: 1.07x
[2026-04-03T01:58:28.352+0600][4.123s][info][gc,stats    ]   CMR: <total>                     2615 us
[2026-04-03T01:58:28.352+0600][4.123s][info][gc,stats    ]   CMR: Thread Roots                2152 us, workers (us):  73, 2079,   0, ---, ---, ---, 
[2026-04-03T01:58:28.352+0600][4.123s][info][gc,stats    ]   CMR: VM Strong Roots              147 us, workers (us): 111,  35,   1, ---, ---, ---, 
[2026-04-03T01:58:28.352+0600][4.123s][info][gc,stats    ]   CMR: CLDG Roots                   316 us, workers (us): ---, ---, 316, ---, ---, ---, 
[2026-04-03T01:58:28.352+0600][4.123s][info][gc,stats    ] Concurrent Marking                 5307 us
[2026-04-03T01:58:28.352+0600][4.123s][info][gc,stats    ] Pause Final Mark (G)                864 us
[2026-04-03T01:58:28.352+0600][4.123s][info][gc,stats    ] Pause Final Mark (N)                626 us
[2026-04-03T01:58:28.352+0600][4.123s][info][gc,stats    ]   Finish Mark                       265 us
[2026-04-03T01:58:28.352+0600][4.123s][info][gc,stats    ]   Update Region States               46 us
[2026-04-03T01:58:28.352+0600][4.123s][info][gc,stats    ]   Choose Collection Set             173 us
[2026-04-03T01:58:28.352+0600][4.123s][info][gc,stats    ]   Rebuild Free Set                   41 us
[2026-04-03T01:58:28.352+0600][4.123s][info][gc,stats    ] Concurrent Thread Roots             517 us, parallelism: 0.99x
[2026-04-03T01:58:28.352+0600][4.123s][info][gc,stats    ]   CTR: <total>                      512 us
[2026-04-03T01:58:28.352+0600][4.123s][info][gc,stats    ]   CTR: Thread Roots                 512 us, workers (us): 426,  73,  13, ---, ---, ---, 
[2026-04-03T01:58:28.352+0600][4.123s][info][gc,stats    ] Concurrent Weak References          400 us, parallelism: 0.93x
[2026-04-03T01:58:28.352+0600][4.123s][info][gc,stats    ]   CWRF: <total>                     373 us
[2026-04-03T01:58:28.352+0600][4.123s][info][gc,stats    ]   CWRF: Weak References             373 us, workers (us): 178, 194,   1, ---, ---, ---, 
[2026-04-03T01:58:28.352+0600][4.123s][info][gc,stats    ] Concurrent Weak Roots               950 us
[2026-04-03T01:58:28.352+0600][4.123s][info][gc,stats    ]   Roots                             722 us, parallelism: 2.07x
[2026-04-03T01:58:28.352+0600][4.123s][info][gc,stats    ]     CWR: <total>                   1498 us
[2026-04-03T01:58:28.352+0600][4.123s][info][gc,stats    ]     CWR: Code Cache Roots           647 us, workers (us): 188, 174, 285, ---, ---, ---, 
[2026-04-03T01:58:28.352+0600][4.123s][info][gc,stats    ]     CWR: VM Weak Roots              833 us, workers (us): 316, 256, 262, ---, ---, ---, 
[2026-04-03T01:58:28.352+0600][4.123s][info][gc,stats    ]     CWR: CLDG Roots                  17 us, workers (us): ---,  17, ---, ---, ---, ---, 
[2026-04-03T01:58:28.352+0600][4.123s][info][gc,stats    ]   Rendezvous                        153 us
[2026-04-03T01:58:28.352+0600][4.123s][info][gc,stats    ] Concurrent Cleanup                  230 us
[2026-04-03T01:58:28.352+0600][4.123s][info][gc,stats    ] Concurrent Class Unloading         2466 us
[2026-04-03T01:58:28.352+0600][4.123s][info][gc,stats    ]   Unlink Stale                     1654 us
[2026-04-03T01:58:28.352+0600][4.123s][info][gc,stats    ]     System Dictionary                20 us
[2026-04-03T01:58:28.352+0600][4.123s][info][gc,stats    ]     Weak Class Links                  0 us
[2026-04-03T01:58:28.352+0600][4.123s][info][gc,stats    ]     Code Roots                     1630 us
[2026-04-03T01:58:28.352+0600][4.123s][info][gc,stats    ]   Rendezvous                         97 us
[2026-04-03T01:58:28.352+0600][4.123s][info][gc,stats    ]   Purge Unlinked                    633 us
[2026-04-03T01:58:28.352+0600][4.123s][info][gc,stats    ]     Code Roots                      618 us
[2026-04-03T01:58:28.352+0600][4.123s][info][gc,stats    ]     CLDG                             14 us
[2026-04-03T01:58:28.352+0600][4.123s][info][gc,stats    ]     Exception Caches                  0 us
[2026-04-03T01:58:28.352+0600][4.123s][info][gc,stats    ] Concurrent Strong Roots             904 us, parallelism: 0.72x
[2026-04-03T01:58:28.352+0600][4.123s][info][gc,stats    ]   CSR: <total>                      652 us
[2026-04-03T01:58:28.352+0600][4.123s][info][gc,stats    ]   CSR: VM Strong Roots               12 us, workers (us):  10,   1,   1, ---, ---, ---, 
[2026-04-03T01:58:28.352+0600][4.123s][info][gc,stats    ]   CSR: CLDG Roots                   640 us, workers (us): 640, ---, ---, ---, ---, ---, 
[2026-04-03T01:58:28.352+0600][4.123s][info][gc,stats    ] Concurrent Evacuation              4724 us
[2026-04-03T01:58:28.352+0600][4.123s][info][gc,stats    ] Pause Init Update Refs (G)          235 us
[2026-04-03T01:58:28.352+0600][4.123s][info][gc,stats    ] Pause Init Update Refs (N)           85 us
[2026-04-03T01:58:28.352+0600][4.123s][info][gc,stats    ]   Manage GCLABs                       5 us
[2026-04-03T01:58:28.352+0600][4.124s][info][gc,stats    ] Concurrent Update Refs             4413 us
[2026-04-03T01:58:28.352+0600][4.124s][info][gc,stats    ] Concurrent Update Thread Roots      437 us
[2026-04-03T01:58:28.352+0600][4.124s][info][gc,stats    ] Pause Final Update Refs (G)         400 us
[2026-04-03T01:58:28.352+0600][4.124s][info][gc,stats    ] Pause Final Update Refs (N)         202 us
[2026-04-03T01:58:28.352+0600][4.124s][info][gc,stats    ]   Update Region States               61 us
[2026-04-03T01:58:28.352+0600][4.124s][info][gc,stats    ]   Trash Collection Set               19 us
[2026-04-03T01:58:28.352+0600][4.124s][info][gc,stats    ]   Rebuild Free Set                   41 us
[2026-04-03T01:58:28.352+0600][4.124s][info][gc,stats    ] Concurrent Cleanup                  332 us
[2026-04-03T01:58:28.352+0600][4.124s][info][gc,stats    ] 
[2026-04-03T01:58:28.352+0600][4.124s][info][gc,stats    ] Allocation pacing accrued:
[2026-04-03T01:58:28.352+0600][4.124s][info][gc,stats    ]       0 of  2862 ms (  0.0%): <total>
[2026-04-03T01:58:28.352+0600][4.124s][info][gc,stats    ]       0 of  2862 ms (  0.0%): <average total>
[2026-04-03T01:58:28.352+0600][4.124s][info][gc,stats    ] 
[2026-04-03T01:58:28.352+0600][4.124s][info][gc,metaspace] Metaspace: 21202K(21568K)->21304K(21568K) NonClass: 18544K(18752K)->18627K(18752K) Class: 2657K(2816K)->2676K(2816K)
[2026-04-03T01:58:28.352+0600][4.124s][info][gc,ergo     ] Pacer for Idle. Initial: 20480K, Alloc Tax Rate: 1.0x
[2026-04-03T01:58:31.165+0600][6.936s][info][gc          ] Trigger: Metadata GC Threshold
[2026-04-03T01:58:31.165+0600][6.936s][info][gc,ergo     ] Free: 814M, Max: 256K regular, 814M humongous, Frag: 0% external, 0% internal; Reserve: 51200K, Max: 256K
[2026-04-03T01:58:31.165+0600][6.936s][info][gc,start    ] GC(2) Concurrent reset
[2026-04-03T01:58:31.165+0600][6.936s][info][gc,task     ] GC(2) Using 3 of 6 workers for concurrent reset
[2026-04-03T01:58:31.165+0600][6.936s][info][gc,ergo     ] GC(2) Pacer for Reset. Non-Taxable: 1000M
[2026-04-03T01:58:31.166+0600][6.937s][info][gc          ] GC(2) Concurrent reset 1.003ms
[2026-04-03T01:58:31.167+0600][6.938s][info][gc,start    ] GC(2) Pause Init Mark (unload classes)
[2026-04-03T01:58:31.167+0600][6.938s][info][gc,task     ] GC(2) Using 6 of 6 workers for init marking
[2026-04-03T01:58:31.167+0600][6.938s][info][gc,ergo     ] GC(2) Pacer for Mark. Expected Live: 11135K, Free: 814M, Non-Taxable: 83436K, Alloc Tax Rate: 0.0x
[2026-04-03T01:58:31.167+0600][6.938s][info][gc          ] GC(2) Pause Init Mark (unload classes) 0.111ms
[2026-04-03T01:58:31.167+0600][6.938s][info][gc,start    ] GC(2) Concurrent marking roots
[2026-04-03T01:58:31.167+0600][6.938s][info][gc,task     ] GC(2) Using 3 of 6 workers for concurrent marking roots
[2026-04-03T01:58:31.168+0600][6.939s][info][gc          ] GC(2) Concurrent marking roots 0.957ms
[2026-04-03T01:58:31.168+0600][6.939s][info][gc,start    ] GC(2) Concurrent marking (unload classes)
[2026-04-03T01:58:31.168+0600][6.939s][info][gc,task     ] GC(2) Using 3 of 6 workers for concurrent marking
[2026-04-03T01:58:31.177+0600][6.948s][info][gc          ] GC(2) Concurrent marking (unload classes) 8.613ms
[2026-04-03T01:58:31.177+0600][6.948s][info][gc,start    ] GC(2) Pause Final Mark (unload classes)
[2026-04-03T01:58:31.177+0600][6.948s][info][gc,task     ] GC(2) Using 6 of 6 workers for final marking
[2026-04-03T01:58:31.178+0600][6.949s][info][gc,ergo     ] GC(2) Adaptive CSet Selection. Target Free: 141M, Actual Free: 893M, Max CSet: 42666K, Min Garbage: 0B
[2026-04-03T01:58:31.178+0600][6.949s][info][gc,ergo     ] GC(2) Collectable Garbage: 108M (98%), Immediate: 31043K (27%), CSet: 80184K (71%)
[2026-04-03T01:58:31.178+0600][6.949s][info][gc,ergo     ] GC(2) Pacer for Evacuation. Used CSet: 84394K, Free: 846M, Non-Taxable: 86635K, Alloc Tax Rate: 1.1x
[2026-04-03T01:58:31.178+0600][6.949s][info][gc          ] GC(2) Pause Final Mark (unload classes) 0.659ms
[2026-04-03T01:58:31.178+0600][6.949s][info][gc,start    ] GC(2) Concurrent thread roots
[2026-04-03T01:58:31.178+0600][6.949s][info][gc,task     ] GC(2) Using 3 of 6 workers for Concurrent thread roots
[2026-04-03T01:58:31.178+0600][6.949s][info][gc          ] GC(2) Concurrent thread roots 0.301ms
[2026-04-03T01:58:31.178+0600][6.950s][info][gc,start    ] GC(2) Concurrent weak references
[2026-04-03T01:58:31.178+0600][6.950s][info][gc,task     ] GC(2) Using 3 of 6 workers for concurrent weak references
[2026-04-03T01:58:31.179+0600][6.950s][info][gc,ref      ] GC(2) Encountered references: Soft: 3851, Weak: 2471, Final: 80, Phantom: 568
[2026-04-03T01:58:31.179+0600][6.950s][info][gc,ref      ] GC(2) Discovered  references: Soft: 0, Weak: 989, Final: 48, Phantom: 246
[2026-04-03T01:58:31.179+0600][6.950s][info][gc,ref      ] GC(2) Enqueued    references: Soft: 0, Weak: 462, Final: 0, Phantom: 1
[2026-04-03T01:58:31.179+0600][6.950s][info][gc          ] GC(2) Concurrent weak references 0.533ms
[2026-04-03T01:58:31.179+0600][6.950s][info][gc,start    ] GC(2) Concurrent weak roots
[2026-04-03T01:58:31.179+0600][6.950s][info][gc,task     ] GC(2) Using 3 of 6 workers for concurrent weak root
[2026-04-03T01:58:31.181+0600][6.952s][info][gc          ] GC(2) Concurrent weak roots 2.223ms
[2026-04-03T01:58:31.181+0600][6.952s][info][gc,start    ] GC(2) Concurrent cleanup
[2026-04-03T01:58:31.182+0600][6.953s][info][gc          ] GC(2) Concurrent cleanup 133M->103M(264M) 0.637ms
[2026-04-03T01:58:31.182+0600][6.953s][info][gc,ergo     ] GC(2) Free: 845M, Max: 256K regular, 813M humongous, Frag: 4% external, 0% internal; Reserve: 50578K, Max: 256K
[2026-04-03T01:58:31.182+0600][6.953s][info][gc,start    ] GC(2) Concurrent class unloading
[2026-04-03T01:58:31.182+0600][6.953s][info][gc,task     ] GC(2) Using 3 of 6 workers for concurrent class unloading
[2026-04-03T01:58:31.185+0600][6.956s][info][gc          ] GC(2) Concurrent class unloading 3.445ms
[2026-04-03T01:58:31.185+0600][6.957s][info][gc,start    ] GC(2) Concurrent strong roots
[2026-04-03T01:58:31.185+0600][6.957s][info][gc,task     ] GC(2) Using 3 of 6 workers for concurrent strong root
[2026-04-03T01:58:31.186+0600][6.957s][info][gc          ] GC(2) Concurrent strong roots 0.913ms
[2026-04-03T01:58:31.186+0600][6.957s][info][gc,start    ] GC(2) Concurrent evacuation
[2026-04-03T01:58:31.186+0600][6.957s][info][gc,task     ] GC(2) Using 3 of 6 workers for concurrent evacuation
[2026-04-03T01:58:31.190+0600][6.961s][info][gc          ] GC(2) Concurrent evacuation 3.383ms
[2026-04-03T01:58:31.190+0600][6.961s][info][gc,start    ] GC(2) Pause Init Update Refs
[2026-04-03T01:58:31.190+0600][6.961s][info][gc,ergo     ] GC(2) Pacer for Update Refs. Used: 107M, Free: 845M, Non-Taxable: 86585K, Alloc Tax Rate: 1.1x
[2026-04-03T01:58:31.190+0600][6.961s][info][gc          ] GC(2) Pause Init Update Refs 0.057ms
[2026-04-03T01:58:31.190+0600][6.961s][info][gc,start    ] GC(2) Concurrent update references
[2026-04-03T01:58:31.190+0600][6.961s][info][gc,task     ] GC(2) Using 3 of 6 workers for concurrent reference update
[2026-04-03T01:58:31.197+0600][6.968s][info][gc          ] GC(2) Concurrent update references 6.791ms
[2026-04-03T01:58:31.197+0600][6.968s][info][gc,start    ] GC(2) Concurrent update thread roots
[2026-04-03T01:58:31.198+0600][6.969s][info][gc          ] GC(2) Concurrent update thread roots 0.742ms
[2026-04-03T01:58:31.198+0600][6.969s][info][gc,start    ] GC(2) Pause Final Update Refs
[2026-04-03T01:58:31.198+0600][6.969s][info][gc,task     ] GC(2) Using 6 of 6 workers for final reference update
[2026-04-03T01:58:31.198+0600][6.969s][info][gc          ] GC(2) Pause Final Update Refs 0.171ms
[2026-04-03T01:58:31.198+0600][6.969s][info][gc,start    ] GC(2) Concurrent cleanup
[2026-04-03T01:58:31.199+0600][6.970s][info][gc          ] GC(2) Concurrent cleanup 109M->27M(268M) 0.672ms
[2026-04-03T01:58:31.199+0600][6.970s][info][gc,ergo     ] Free: 921M, Max: 256K regular, 809M humongous, Frag: 13% external, 0% internal; Reserve: 51200K, Max: 256K
[2026-04-03T01:58:31.199+0600][6.970s][info][gc,stats    ] 
[2026-04-03T01:58:31.199+0600][6.970s][info][gc,stats    ] All times are wall-clock times, except per-root-class counters, that are sum over
[2026-04-03T01:58:31.199+0600][6.970s][info][gc,stats    ] all workers. Dividing the <total> over the root stage time estimates parallelism.
[2026-04-03T01:58:31.199+0600][6.970s][info][gc,stats    ] 
[2026-04-03T01:58:31.199+0600][6.970s][info][gc,stats    ] Concurrent Reset                   1051 us
[2026-04-03T01:58:31.199+0600][6.970s][info][gc,stats    ] Pause Init Mark (G)                 950 us
[2026-04-03T01:58:31.199+0600][6.970s][info][gc,stats    ] Pause Init Mark (N)                 121 us
[2026-04-03T01:58:31.199+0600][6.970s][info][gc,stats    ]   Update Region States               33 us
[2026-04-03T01:58:31.199+0600][6.970s][info][gc,stats    ] Concurrent Mark Roots               976 us, parallelism: 1.94x
[2026-04-03T01:58:31.199+0600][6.970s][info][gc,stats    ]   CMR: <total>                     1894 us
[2026-04-03T01:58:31.199+0600][6.970s][info][gc,stats    ]   CMR: Thread Roots                1539 us, workers (us): 482, 527, 530, ---, ---, ---, 
[2026-04-03T01:58:31.199+0600][6.970s][info][gc,stats    ]   CMR: VM Strong Roots               79 us, workers (us):  43,  29,   7, ---, ---, ---, 
[2026-04-03T01:58:31.199+0600][6.970s][info][gc,stats    ]   CMR: CLDG Roots                   276 us, workers (us): ---, ---, 276, ---, ---, ---, 
[2026-04-03T01:58:31.199+0600][6.970s][info][gc,stats    ] Concurrent Marking                 8673 us
[2026-04-03T01:58:31.199+0600][6.970s][info][gc,stats    ] Pause Final Mark (G)               1072 us
[2026-04-03T01:58:31.199+0600][6.970s][info][gc,stats    ] Pause Final Mark (N)                687 us
[2026-04-03T01:58:31.199+0600][6.970s][info][gc,stats    ]   Finish Mark                       251 us
[2026-04-03T01:58:31.199+0600][6.970s][info][gc,stats    ]   Update Region States               52 us
[2026-04-03T01:58:31.199+0600][6.970s][info][gc,stats    ]   Choose Collection Set             196 us
[2026-04-03T01:58:31.199+0600][6.970s][info][gc,stats    ]   Rebuild Free Set                   67 us
[2026-04-03T01:58:31.199+0600][6.970s][info][gc,stats    ] Concurrent Thread Roots             344 us, parallelism: 0.88x
[2026-04-03T01:58:31.199+0600][6.970s][info][gc,stats    ]   CTR: <total>                      301 us
[2026-04-03T01:58:31.199+0600][6.970s][info][gc,stats    ]   CTR: Thread Roots                 301 us, workers (us): 136,  84,  81, ---, ---, ---, 
[2026-04-03T01:58:31.199+0600][6.970s][info][gc,stats    ] Concurrent Weak References          543 us, parallelism: 0.54x
[2026-04-03T01:58:31.199+0600][6.970s][info][gc,stats    ]   CWRF: <total>                     293 us
[2026-04-03T01:58:31.199+0600][6.970s][info][gc,stats    ]   CWRF: Weak References             293 us, workers (us): 255,  38,   0, ---, ---, ---, 
[2026-04-03T01:58:31.199+0600][6.970s][info][gc,stats    ] Concurrent Weak Roots              2267 us
[2026-04-03T01:58:31.199+0600][6.970s][info][gc,stats    ]   Roots                            1350 us, parallelism: 2.45x
[2026-04-03T01:58:31.199+0600][6.970s][info][gc,stats    ]     CWR: <total>                   3313 us
[2026-04-03T01:58:31.199+0600][6.970s][info][gc,stats    ]     CWR: Code Cache Roots          1452 us, workers (us): 494, 493, 466, ---, ---, ---, 
[2026-04-03T01:58:31.199+0600][6.970s][info][gc,stats    ]     CWR: VM Weak Roots             1837 us, workers (us): 645, 595, 597, ---, ---, ---, 
[2026-04-03T01:58:31.199+0600][6.970s][info][gc,stats    ]     CWR: CLDG Roots                  24 us, workers (us): ---,  24, ---, ---, ---, ---, 
[2026-04-03T01:58:31.199+0600][6.970s][info][gc,stats    ]   Rendezvous                        853 us
[2026-04-03T01:58:31.199+0600][6.970s][info][gc,stats    ] Concurrent Cleanup                  653 us
[2026-04-03T01:58:31.199+0600][6.970s][info][gc,stats    ] Concurrent Class Unloading         3491 us
[2026-04-03T01:58:31.199+0600][6.970s][info][gc,stats    ]   Unlink Stale                     2321 us
[2026-04-03T01:58:31.199+0600][6.970s][info][gc,stats    ]     System Dictionary                26 us
[2026-04-03T01:58:31.199+0600][6.970s][info][gc,stats    ]     Weak Class Links                  0 us
[2026-04-03T01:58:31.199+0600][6.970s][info][gc,stats    ]     Code Roots                     2292 us
[2026-04-03T01:58:31.199+0600][6.970s][info][gc,stats    ]   Rendezvous                        362 us
[2026-04-03T01:58:31.199+0600][6.970s][info][gc,stats    ]   Purge Unlinked                    744 us
[2026-04-03T01:58:31.199+0600][6.970s][info][gc,stats    ]     Code Roots                      733 us
[2026-04-03T01:58:31.199+0600][6.970s][info][gc,stats    ]     CLDG                             10 us
[2026-04-03T01:58:31.199+0600][6.970s][info][gc,stats    ]     Exception Caches                  0 us
[2026-04-03T01:58:31.199+0600][6.970s][info][gc,stats    ] Concurrent Strong Roots             957 us, parallelism: 0.76x
[2026-04-03T01:58:31.199+0600][6.970s][info][gc,stats    ]   CSR: <total>                      726 us
[2026-04-03T01:58:31.199+0600][6.970s][info][gc,stats    ]   CSR: VM Strong Roots               21 us, workers (us):  12,   9,   0, ---, ---, ---, 
[2026-04-03T01:58:31.199+0600][6.970s][info][gc,stats    ]   CSR: CLDG Roots                   705 us, workers (us): ---, 705, ---, ---, ---, ---, 
[2026-04-03T01:58:31.199+0600][6.970s][info][gc,stats    ] Concurrent Evacuation              3448 us
[2026-04-03T01:58:31.199+0600][6.970s][info][gc,stats    ] Pause Init Update Refs (G)          256 us
[2026-04-03T01:58:31.199+0600][6.970s][info][gc,stats    ] Pause Init Update Refs (N)           65 us
[2026-04-03T01:58:31.199+0600][6.970s][info][gc,stats    ]   Manage GCLABs                       6 us
[2026-04-03T01:58:31.199+0600][6.970s][info][gc,stats    ] Concurrent Update Refs             6852 us
[2026-04-03T01:58:31.199+0600][6.970s][info][gc,stats    ] Concurrent Update Thread Roots      789 us
[2026-04-03T01:58:31.199+0600][6.970s][info][gc,stats    ] Pause Final Update Refs (G)         360 us
[2026-04-03T01:58:31.199+0600][6.970s][info][gc,stats    ] Pause Final Update Refs (N)         187 us
[2026-04-03T01:58:31.199+0600][6.970s][info][gc,stats    ]   Update Region States               54 us
[2026-04-03T01:58:31.199+0600][6.970s][info][gc,stats    ]   Trash Collection Set               11 us
[2026-04-03T01:58:31.199+0600][6.970s][info][gc,stats    ]   Rebuild Free Set                   38 us
[2026-04-03T01:58:31.199+0600][6.970s][info][gc,stats    ] Concurrent Cleanup                  698 us
[2026-04-03T01:58:31.199+0600][6.970s][info][gc,stats    ] 
[2026-04-03T01:58:31.199+0600][6.970s][info][gc,stats    ] Allocation pacing accrued:
[2026-04-03T01:58:31.199+0600][6.970s][info][gc,stats    ]       0 of  2847 ms (  0.0%): <total>
[2026-04-03T01:58:31.199+0600][6.970s][info][gc,stats    ]       0 of  2847 ms (  0.0%): <average total>
[2026-04-03T01:58:31.199+0600][6.970s][info][gc,stats    ] 
[2026-04-03T01:58:31.199+0600][6.970s][info][gc,metaspace] Metaspace: 35579K(36032K)->35872K(36224K) NonClass: 31157K(31424K)->31409K(31616K) Class: 4421K(4608K)->4462K(4608K)
[2026-04-03T01:58:31.199+0600][6.970s][info][gc,ergo     ] Pacer for Idle. Initial: 20480K, Alloc Tax Rate: 1.0x
[2026-04-03T01:58:33.476+0600][9.247s][info][gc          ] Trigger: Learning 4 of 5. Free (699M) is below initial threshold (700M)
[2026-04-03T01:58:33.476+0600][9.247s][info][gc,ergo     ] Free: 699M, Max: 256K regular, 699M humongous, Frag: 0% external, 0% internal; Reserve: 51200K, Max: 256K
[2026-04-03T01:58:33.476+0600][9.247s][info][gc,start    ] GC(3) Concurrent reset
[2026-04-03T01:58:33.476+0600][9.247s][info][gc,task     ] GC(3) Using 3 of 6 workers for concurrent reset
[2026-04-03T01:58:33.476+0600][9.247s][info][gc,ergo     ] GC(3) Pacer for Reset. Non-Taxable: 1000M
[2026-04-03T01:58:33.477+0600][9.248s][info][gc          ] GC(3) Concurrent reset 0.809ms
[2026-04-03T01:58:33.477+0600][9.249s][info][gc,start    ] GC(3) Pause Init Mark (unload classes)
[2026-04-03T01:58:33.477+0600][9.249s][info][gc,task     ] GC(3) Using 6 of 6 workers for init marking
[2026-04-03T01:58:33.477+0600][9.249s][info][gc,ergo     ] GC(3) Pacer for Mark. Expected Live: 14702K, Free: 698M, Non-Taxable: 71568K, Alloc Tax Rate: 0.0x
[2026-04-03T01:58:33.477+0600][9.249s][info][gc          ] GC(3) Pause Init Mark (unload classes) 0.110ms
[2026-04-03T01:58:33.478+0600][9.249s][info][gc,start    ] GC(3) Concurrent marking roots
[2026-04-03T01:58:33.478+0600][9.249s][info][gc,task     ] GC(3) Using 3 of 6 workers for concurrent marking roots
[2026-04-03T01:58:33.478+0600][9.250s][info][gc          ] GC(3) Concurrent marking roots 0.913ms
[2026-04-03T01:58:33.479+0600][9.250s][info][gc,start    ] GC(3) Concurrent marking (unload classes)
[2026-04-03T01:58:33.479+0600][9.250s][info][gc,task     ] GC(3) Using 3 of 6 workers for concurrent marking
[2026-04-03T01:58:33.495+0600][9.267s][info][gc          ] GC(3) Concurrent marking (unload classes) 16.815ms
[2026-04-03T01:58:33.496+0600][9.267s][info][gc,start    ] GC(3) Pause Final Mark (unload classes)
[2026-04-03T01:58:33.496+0600][9.267s][info][gc,task     ] GC(3) Using 6 of 6 workers for final marking
[2026-04-03T01:58:33.496+0600][9.267s][info][gc,ergo     ] GC(3) Adaptive CSet Selection. Target Free: 141M, Actual Free: 754M, Max CSet: 42666K, Min Garbage: 0B
[2026-04-03T01:58:33.496+0600][9.268s][info][gc,ergo     ] GC(3) Collectable Garbage: 211M (99%), Immediate: 20890K (9%), CSet: 190M (89%)
[2026-04-03T01:58:33.496+0600][9.268s][info][gc,ergo     ] GC(3) Pacer for Evacuation. Used CSet: 204M, Free: 706M, Non-Taxable: 72350K, Alloc Tax Rate: 1.1x
[2026-04-03T01:58:33.496+0600][9.268s][info][gc          ] GC(3) Pause Final Mark (unload classes) 0.775ms
[2026-04-03T01:58:33.497+0600][9.268s][info][gc,start    ] GC(3) Concurrent thread roots
[2026-04-03T01:58:33.497+0600][9.268s][info][gc,task     ] GC(3) Using 3 of 6 workers for Concurrent thread roots
[2026-04-03T01:58:33.497+0600][9.268s][info][gc          ] GC(3) Concurrent thread roots 0.433ms
[2026-04-03T01:58:33.497+0600][9.268s][info][gc,start    ] GC(3) Concurrent weak references
[2026-04-03T01:58:33.497+0600][9.268s][info][gc,task     ] GC(3) Using 3 of 6 workers for concurrent weak references
[2026-04-03T01:58:33.498+0600][9.269s][info][gc,ref      ] GC(3) Encountered references: Soft: 3982, Weak: 3260, Final: 82, Phantom: 580
[2026-04-03T01:58:33.498+0600][9.269s][info][gc,ref      ] GC(3) Discovered  references: Soft: 0, Weak: 1825, Final: 50, Phantom: 578
[2026-04-03T01:58:33.498+0600][9.269s][info][gc,ref      ] GC(3) Enqueued    references: Soft: 0, Weak: 533, Final: 0, Phantom: 0
[2026-04-03T01:58:33.498+0600][9.269s][info][gc          ] GC(3) Concurrent weak references 0.743ms
[2026-04-03T01:58:33.498+0600][9.269s][info][gc,start    ] GC(3) Concurrent weak roots
[2026-04-03T01:58:33.498+0600][9.269s][info][gc,task     ] GC(3) Using 3 of 6 workers for concurrent weak root
[2026-04-03T01:58:33.499+0600][9.271s][info][gc          ] GC(3) Concurrent weak roots 1.674ms
[2026-04-03T01:58:33.500+0600][9.271s][info][gc,start    ] GC(3) Concurrent cleanup
[2026-04-03T01:58:33.500+0600][9.271s][info][gc          ] GC(3) Concurrent cleanup 264M->243M(268M) 0.226ms
[2026-04-03T01:58:33.500+0600][9.271s][info][gc,ergo     ] GC(3) Free: 704M, Max: 256K regular, 682M humongous, Frag: 4% external, 0% internal; Reserve: 50750K, Max: 256K
[2026-04-03T01:58:33.500+0600][9.271s][info][gc,start    ] GC(3) Concurrent class unloading
[2026-04-03T01:58:33.500+0600][9.271s][info][gc,task     ] GC(3) Using 3 of 6 workers for concurrent class unloading
[2026-04-03T01:58:33.503+0600][9.274s][info][gc          ] GC(3) Concurrent class unloading 3.319ms
[2026-04-03T01:58:33.503+0600][9.274s][info][gc,start    ] GC(3) Concurrent strong roots
[2026-04-03T01:58:33.503+0600][9.274s][info][gc,task     ] GC(3) Using 3 of 6 workers for concurrent strong root
[2026-04-03T01:58:33.504+0600][9.275s][info][gc          ] GC(3) Concurrent strong roots 1.052ms
[2026-04-03T01:58:33.504+0600][9.276s][info][gc,start    ] GC(3) Concurrent evacuation
[2026-04-03T01:58:33.504+0600][9.276s][info][gc,task     ] GC(3) Using 3 of 6 workers for concurrent evacuation
[2026-04-03T01:58:33.516+0600][9.287s][info][gc          ] GC(3) Concurrent evacuation 11.632ms
[2026-04-03T01:58:33.516+0600][9.287s][info][gc,start    ] GC(3) Pause Init Update Refs
[2026-04-03T01:58:33.516+0600][9.287s][info][gc,ergo     ] GC(3) Pacer for Update Refs. Used: 269M, Free: 693M, Non-Taxable: 71005K, Alloc Tax Rate: 1.1x
[2026-04-03T01:58:33.516+0600][9.288s][info][gc          ] GC(3) Pause Init Update Refs 0.117ms
[2026-04-03T01:58:33.516+0600][9.288s][info][gc,start    ] GC(3) Concurrent update references
[2026-04-03T01:58:33.516+0600][9.288s][info][gc,task     ] GC(3) Using 3 of 6 workers for concurrent reference update
[2026-04-03T01:58:33.531+0600][9.303s][info][gc          ] GC(3) Concurrent update references 14.970ms
[2026-04-03T01:58:33.531+0600][9.303s][info][gc,start    ] GC(3) Concurrent update thread roots
[2026-04-03T01:58:33.532+0600][9.303s][info][gc          ] GC(3) Concurrent update thread roots 0.587ms
[2026-04-03T01:58:33.532+0600][9.303s][info][gc,start    ] GC(3) Pause Final Update Refs
[2026-04-03T01:58:33.532+0600][9.304s][info][gc,task     ] GC(3) Using 6 of 6 workers for final reference update
[2026-04-03T01:58:33.532+0600][9.304s][info][gc          ] GC(3) Pause Final Update Refs 0.235ms
[2026-04-03T01:58:33.533+0600][9.304s][info][gc,start    ] GC(3) Concurrent cleanup
[2026-04-03T01:58:33.533+0600][9.304s][info][gc          ] GC(3) Concurrent cleanup 280M->75M(282M) 0.400ms
[2026-04-03T01:58:33.533+0600][9.304s][info][gc,ergo     ] Free: 873M, Max: 256K regular, 669M humongous, Frag: 24% external, 0% internal; Reserve: 51200K, Max: 256K
[2026-04-03T01:58:33.533+0600][9.304s][info][gc,stats    ] 
[2026-04-03T01:58:33.533+0600][9.304s][info][gc,stats    ] All times are wall-clock times, except per-root-class counters, that are sum over
[2026-04-03T01:58:33.533+0600][9.304s][info][gc,stats    ] all workers. Dividing the <total> over the root stage time estimates parallelism.
[2026-04-03T01:58:33.533+0600][9.304s][info][gc,stats    ] 
[2026-04-03T01:58:33.533+0600][9.304s][info][gc,stats    ] Concurrent Reset                    845 us
[2026-04-03T01:58:33.533+0600][9.304s][info][gc,stats    ] Pause Init Mark (G)                 471 us
[2026-04-03T01:58:33.533+0600][9.304s][info][gc,stats    ] Pause Init Mark (N)                 116 us
[2026-04-03T01:58:33.533+0600][9.304s][info][gc,stats    ]   Update Region States               26 us
[2026-04-03T01:58:33.533+0600][9.304s][info][gc,stats    ] Concurrent Mark Roots               971 us, parallelism: 2.29x
[2026-04-03T01:58:33.533+0600][9.304s][info][gc,stats    ]   CMR: <total>                     2222 us
[2026-04-03T01:58:33.533+0600][9.304s][info][gc,stats    ]   CMR: Thread Roots                2034 us, workers (us): 738, 717, 580, ---, ---, ---, 
[2026-04-03T01:58:33.533+0600][9.305s][info][gc,stats    ]   CMR: VM Strong Roots               36 us, workers (us):   7,  22,   6, ---, ---, ---, 
[2026-04-03T01:58:33.533+0600][9.305s][info][gc,stats    ]   CMR: CLDG Roots                   152 us, workers (us): ---, ---, 152, ---, ---, ---, 
[2026-04-03T01:58:33.533+0600][9.305s][info][gc,stats    ] Concurrent Marking                16884 us
[2026-04-03T01:58:33.533+0600][9.305s][info][gc,stats    ] Pause Final Mark (G)               1165 us
[2026-04-03T01:58:33.533+0600][9.305s][info][gc,stats    ] Pause Final Mark (N)                787 us
[2026-04-03T01:58:33.533+0600][9.305s][info][gc,stats    ]   Finish Mark                       294 us
[2026-04-03T01:58:33.533+0600][9.305s][info][gc,stats    ]   Update Region States               47 us
[2026-04-03T01:58:33.533+0600][9.305s][info][gc,stats    ]   Choose Collection Set             272 us
[2026-04-03T01:58:33.533+0600][9.305s][info][gc,stats    ]   Rebuild Free Set                   36 us
[2026-04-03T01:58:33.533+0600][9.305s][info][gc,stats    ] Concurrent Thread Roots             463 us, parallelism: 1.58x
[2026-04-03T01:58:33.533+0600][9.305s][info][gc,stats    ]   CTR: <total>                      730 us
[2026-04-03T01:58:33.533+0600][9.305s][info][gc,stats    ]   CTR: Thread Roots                 730 us, workers (us): 260, 257, 213, ---, ---, ---, 
[2026-04-03T01:58:33.533+0600][9.305s][info][gc,stats    ] Concurrent Weak References          754 us, parallelism: 0.77x
[2026-04-03T01:58:33.533+0600][9.305s][info][gc,stats    ]   CWRF: <total>                     579 us
[2026-04-03T01:58:33.533+0600][9.305s][info][gc,stats    ]   CWRF: Weak References             579 us, workers (us): 559,  20,   0, ---, ---, ---, 
[2026-04-03T01:58:33.533+0600][9.305s][info][gc,stats    ] Concurrent Weak Roots              1724 us
[2026-04-03T01:58:33.533+0600][9.305s][info][gc,stats    ]   Roots                            1388 us, parallelism: 2.51x
[2026-04-03T01:58:33.533+0600][9.305s][info][gc,stats    ]     CWR: <total>                   3484 us
[2026-04-03T01:58:33.533+0600][9.305s][info][gc,stats    ]     CWR: Code Cache Roots          1524 us, workers (us): 486, 524, 514, ---, ---, ---, 
[2026-04-03T01:58:33.533+0600][9.305s][info][gc,stats    ]     CWR: VM Weak Roots             1935 us, workers (us): 674, 624, 637, ---, ---, ---, 
[2026-04-03T01:58:33.533+0600][9.305s][info][gc,stats    ]     CWR: CLDG Roots                  25 us, workers (us): ---,  25, ---, ---, ---, ---, 
[2026-04-03T01:58:33.533+0600][9.305s][info][gc,stats    ]   Rendezvous                        262 us
[2026-04-03T01:58:33.534+0600][9.305s][info][gc,stats    ] Concurrent Cleanup                  253 us
[2026-04-03T01:58:33.534+0600][9.305s][info][gc,stats    ] Concurrent Class Unloading         3377 us
[2026-04-03T01:58:33.534+0600][9.305s][info][gc,stats    ]   Unlink Stale                     2433 us
[2026-04-03T01:58:33.534+0600][9.305s][info][gc,stats    ]     System Dictionary                29 us
[2026-04-03T01:58:33.534+0600][9.305s][info][gc,stats    ]     Weak Class Links                  0 us
[2026-04-03T01:58:33.534+0600][9.305s][info][gc,stats    ]     Code Roots                     2401 us
[2026-04-03T01:58:33.534+0600][9.305s][info][gc,stats    ]   Rendezvous                        194 us
[2026-04-03T01:58:33.534+0600][9.305s][info][gc,stats    ]   Purge Unlinked                    668 us
[2026-04-03T01:58:33.534+0600][9.305s][info][gc,stats    ]     Code Roots                      659 us
[2026-04-03T01:58:33.534+0600][9.305s][info][gc,stats    ]     CLDG                              8 us
[2026-04-03T01:58:33.534+0600][9.305s][info][gc,stats    ]     Exception Caches                  0 us
[2026-04-03T01:58:33.534+0600][9.305s][info][gc,stats    ] Concurrent Strong Roots            1102 us, parallelism: 0.78x
[2026-04-03T01:58:33.534+0600][9.305s][info][gc,stats    ]   CSR: <total>                      863 us
[2026-04-03T01:58:33.534+0600][9.305s][info][gc,stats    ]   CSR: VM Strong Roots               48 us, workers (us):  36,   9,   3, ---, ---, ---, 
[2026-04-03T01:58:33.534+0600][9.305s][info][gc,stats    ]   CSR: CLDG Roots                   815 us, workers (us): ---, 815, ---, ---, ---, ---, 
[2026-04-03T01:58:33.534+0600][9.305s][info][gc,stats    ] Concurrent Evacuation             11710 us
[2026-04-03T01:58:33.534+0600][9.305s][info][gc,stats    ] Pause Init Update Refs (G)          347 us
[2026-04-03T01:58:33.534+0600][9.305s][info][gc,stats    ] Pause Init Update Refs (N)          128 us
[2026-04-03T01:58:33.534+0600][9.305s][info][gc,stats    ]   Manage GCLABs                      12 us
[2026-04-03T01:58:33.534+0600][9.305s][info][gc,stats    ] Concurrent Update Refs            15058 us
[2026-04-03T01:58:33.534+0600][9.305s][info][gc,stats    ] Concurrent Update Thread Roots      656 us
[2026-04-03T01:58:33.534+0600][9.305s][info][gc,stats    ] Pause Final Update Refs (G)         551 us
[2026-04-03T01:58:33.534+0600][9.305s][info][gc,stats    ] Pause Final Update Refs (N)         302 us
[2026-04-03T01:58:33.534+0600][9.305s][info][gc,stats    ]   Update Region States               57 us
[2026-04-03T01:58:33.534+0600][9.305s][info][gc,stats    ]   Trash Collection Set               19 us
[2026-04-03T01:58:33.534+0600][9.305s][info][gc,stats    ]   Rebuild Free Set                   44 us
[2026-04-03T01:58:33.534+0600][9.305s][info][gc,stats    ] Concurrent Cleanup                  423 us
[2026-04-03T01:58:33.534+0600][9.305s][info][gc,stats    ] 
[2026-04-03T01:58:33.534+0600][9.305s][info][gc,stats    ] Allocation pacing accrued:
[2026-04-03T01:58:33.534+0600][9.305s][info][gc,stats    ]       0 of  2335 ms (  0.0%): <total>
[2026-04-03T01:58:33.534+0600][9.305s][info][gc,stats    ]       0 of  2335 ms (  0.0%): <average total>
[2026-04-03T01:58:33.534+0600][9.305s][info][gc,stats    ] 
[2026-04-03T01:58:33.534+0600][9.305s][info][gc,metaspace] Metaspace: 49237K(49664K)->49237K(49664K) NonClass: 43138K(43392K)->43138K(43392K) Class: 6099K(6272K)->6099K(6272K)
[2026-04-03T01:58:33.534+0600][9.305s][info][gc,ergo     ] Pacer for Idle. Initial: 20480K, Alloc Tax Rate: 1.0x
[2026-04-03T01:58:33.710+0600][9.481s][info][gc          ] Trigger: Learning 5 of 5. Free (699M) is below initial threshold (700M)
[2026-04-03T01:58:33.710+0600][9.481s][info][gc,ergo     ] Free: 699M, Max: 256K regular, 669M humongous, Frag: 5% external, 0% internal; Reserve: 51200K, Max: 256K
[2026-04-03T01:58:33.710+0600][9.481s][info][gc,start    ] GC(4) Concurrent reset
[2026-04-03T01:58:33.710+0600][9.481s][info][gc,task     ] GC(4) Using 3 of 6 workers for concurrent reset
[2026-04-03T01:58:33.710+0600][9.481s][info][gc,ergo     ] GC(4) Pacer for Reset. Non-Taxable: 1000M
[2026-04-03T01:58:33.710+0600][9.482s][info][gc          ] GC(4) Concurrent reset 0.792ms
[2026-04-03T01:58:33.711+0600][9.482s][info][gc,start    ] GC(4) Pause Init Mark (unload classes)
[2026-04-03T01:58:33.711+0600][9.482s][info][gc,task     ] GC(4) Using 6 of 6 workers for init marking
[2026-04-03T01:58:33.711+0600][9.482s][info][gc,ergo     ] GC(4) Pacer for Mark. Expected Live: 20051K, Free: 698M, Non-Taxable: 71492K, Alloc Tax Rate: 0.0x
[2026-04-03T01:58:33.711+0600][9.482s][info][gc          ] GC(4) Pause Init Mark (unload classes) 0.106ms
[2026-04-03T01:58:33.711+0600][9.482s][info][gc,start    ] GC(4) Concurrent marking roots
[2026-04-03T01:58:33.711+0600][9.482s][info][gc,task     ] GC(4) Using 3 of 6 workers for concurrent marking roots
[2026-04-03T01:58:33.711+0600][9.483s][info][gc          ] GC(4) Concurrent marking roots 0.447ms
[2026-04-03T01:58:33.711+0600][9.483s][info][gc,start    ] GC(4) Concurrent marking (unload classes)
[2026-04-03T01:58:33.711+0600][9.483s][info][gc,task     ] GC(4) Using 3 of 6 workers for concurrent marking
[2026-04-03T01:58:33.735+0600][9.506s][info][gc          ] GC(4) Concurrent marking (unload classes) 23.667ms
[2026-04-03T01:58:33.735+0600][9.507s][info][gc,start    ] GC(4) Pause Final Mark (unload classes)
[2026-04-03T01:58:33.735+0600][9.507s][info][gc,task     ] GC(4) Using 6 of 6 workers for final marking
[2026-04-03T01:58:33.736+0600][9.507s][info][gc,ergo     ] GC(4) Adaptive CSet Selection. Target Free: 141M, Actual Free: 727M, Max CSet: 42666K, Min Garbage: 0B
[2026-04-03T01:58:33.736+0600][9.507s][info][gc,ergo     ] GC(4) Collectable Garbage: 196M (99%), Immediate: 0B (0%), CSet: 196M (99%)
[2026-04-03T01:58:33.736+0600][9.507s][info][gc,ergo     ] GC(4) Pacer for Evacuation. Used CSet: 214M, Free: 677M, Non-Taxable: 69382K, Alloc Tax Rate: 1.1x
[2026-04-03T01:58:33.736+0600][9.507s][info][gc          ] GC(4) Pause Final Mark (unload classes) 0.751ms
[2026-04-03T01:58:33.736+0600][9.507s][info][gc,start    ] GC(4) Concurrent thread roots
[2026-04-03T01:58:33.736+0600][9.507s][info][gc,task     ] GC(4) Using 3 of 6 workers for Concurrent thread roots
[2026-04-03T01:58:33.737+0600][9.508s][info][gc          ] GC(4) Concurrent thread roots 0.576ms
[2026-04-03T01:58:33.737+0600][9.508s][info][gc,start    ] GC(4) Concurrent weak references
[2026-04-03T01:58:33.737+0600][9.508s][info][gc,task     ] GC(4) Using 3 of 6 workers for concurrent weak references
[2026-04-03T01:58:33.737+0600][9.508s][info][gc,ref      ] GC(4) Encountered references: Soft: 3982, Weak: 2727, Final: 82, Phantom: 580
[2026-04-03T01:58:33.737+0600][9.508s][info][gc,ref      ] GC(4) Discovered  references: Soft: 0, Weak: 136, Final: 0, Phantom: 577
[2026-04-03T01:58:33.737+0600][9.508s][info][gc,ref      ] GC(4) Enqueued    references: Soft: 0, Weak: 0, Final: 0, Phantom: 0
[2026-04-03T01:58:33.737+0600][9.508s][info][gc          ] GC(4) Concurrent weak references 0.351ms
[2026-04-03T01:58:33.737+0600][9.508s][info][gc,start    ] GC(4) Concurrent weak roots
[2026-04-03T01:58:33.737+0600][9.508s][info][gc,task     ] GC(4) Using 3 of 6 workers for concurrent weak root
[2026-04-03T01:58:33.739+0600][9.510s][info][gc          ] GC(4) Concurrent weak roots 1.443ms
[2026-04-03T01:58:33.739+0600][9.510s][info][gc,start    ] GC(4) Concurrent cleanup
[2026-04-03T01:58:33.739+0600][9.510s][info][gc          ] GC(4) Concurrent cleanup 272M->272M(282M) 0.275ms
[2026-04-03T01:58:33.739+0600][9.510s][info][gc,ergo     ] GC(4) Free: 676M, Max: 256K regular, 669M humongous, Frag: 1% external, 0% internal; Reserve: 51195K, Max: 256K
[2026-04-03T01:58:33.739+0600][9.510s][info][gc,start    ] GC(4) Concurrent class unloading
[2026-04-03T01:58:33.739+0600][9.510s][info][gc,task     ] GC(4) Using 3 of 6 workers for concurrent class unloading
[2026-04-03T01:58:33.742+0600][9.513s][info][gc          ] GC(4) Concurrent class unloading 2.770ms
[2026-04-03T01:58:33.742+0600][9.513s][info][gc,start    ] GC(4) Concurrent strong roots
[2026-04-03T01:58:33.742+0600][9.513s][info][gc,task     ] GC(4) Using 3 of 6 workers for concurrent strong root
[2026-04-03T01:58:33.742+0600][9.514s][info][gc          ] GC(4) Concurrent strong roots 0.506ms
[2026-04-03T01:58:33.742+0600][9.514s][info][gc,start    ] GC(4) Concurrent evacuation
[2026-04-03T01:58:33.742+0600][9.514s][info][gc,task     ] GC(4) Using 3 of 6 workers for concurrent evacuation
[2026-04-03T01:58:33.758+0600][9.529s][info][gc          ] GC(4) Concurrent evacuation 15.359ms
[2026-04-03T01:58:33.758+0600][9.529s][info][gc,start    ] GC(4) Pause Init Update Refs
[2026-04-03T01:58:33.758+0600][9.529s][info][gc,ergo     ] GC(4) Pacer for Update Refs. Used: 301M, Free: 665M, Non-Taxable: 68132K, Alloc Tax Rate: 1.1x
[2026-04-03T01:58:33.758+0600][9.529s][info][gc          ] GC(4) Pause Init Update Refs 0.075ms
[2026-04-03T01:58:33.758+0600][9.529s][info][gc,start    ] GC(4) Concurrent update references
[2026-04-03T01:58:33.758+0600][9.529s][info][gc,task     ] GC(4) Using 3 of 6 workers for concurrent reference update
[2026-04-03T01:58:33.780+0600][9.552s][info][gc          ] GC(4) Concurrent update references 22.323ms
[2026-04-03T01:58:33.781+0600][9.552s][info][gc,start    ] GC(4) Concurrent update thread roots
[2026-04-03T01:58:33.781+0600][9.552s][info][gc          ] GC(4) Concurrent update thread roots 0.597ms
[2026-04-03T01:58:33.782+0600][9.553s][info][gc,start    ] GC(4) Pause Final Update Refs
[2026-04-03T01:58:33.782+0600][9.553s][info][gc,task     ] GC(4) Using 6 of 6 workers for final reference update
[2026-04-03T01:58:33.782+0600][9.553s][info][gc          ] GC(4) Pause Final Update Refs 0.206ms
[2026-04-03T01:58:33.782+0600][9.553s][info][gc,start    ] GC(4) Concurrent cleanup
[2026-04-03T01:58:33.782+0600][9.553s][info][gc          ] GC(4) Concurrent cleanup 312M->98M(313M) 0.321ms
[2026-04-03T01:58:33.782+0600][9.553s][info][gc,ergo     ] Free: 850M, Max: 256K regular, 637M humongous, Frag: 26% external, 0% internal; Reserve: 51200K, Max: 256K
[2026-04-03T01:58:33.782+0600][9.553s][info][gc,stats    ] 
[2026-04-03T01:58:33.782+0600][9.553s][info][gc,stats    ] All times are wall-clock times, except per-root-class counters, that are sum over
[2026-04-03T01:58:33.782+0600][9.554s][info][gc,stats    ] all workers. Dividing the <total> over the root stage time estimates parallelism.
[2026-04-03T01:58:33.782+0600][9.554s][info][gc,stats    ] 
[2026-04-03T01:58:33.782+0600][9.554s][info][gc,stats    ] Concurrent Reset                    839 us
[2026-04-03T01:58:33.782+0600][9.554s][info][gc,stats    ] Pause Init Mark (G)                 351 us
[2026-04-03T01:58:33.782+0600][9.554s][info][gc,stats    ] Pause Init Mark (N)                 112 us
[2026-04-03T01:58:33.782+0600][9.554s][info][gc,stats    ]   Update Region States               38 us
[2026-04-03T01:58:33.782+0600][9.554s][info][gc,stats    ] Concurrent Mark Roots               470 us, parallelism: 1.28x
[2026-04-03T01:58:33.782+0600][9.554s][info][gc,stats    ]   CMR: <total>                      599 us
[2026-04-03T01:58:33.782+0600][9.554s][info][gc,stats    ]   CMR: Thread Roots                 460 us, workers (us): 100, 209, 151, ---, ---, ---, 
[2026-04-03T01:58:33.782+0600][9.554s][info][gc,stats    ]   CMR: VM Strong Roots               11 us, workers (us):  10,   1,   0, ---, ---, ---, 
[2026-04-03T01:58:33.782+0600][9.554s][info][gc,stats    ]   CMR: CLDG Roots                   128 us, workers (us): 128, ---, ---, ---, ---, ---, 
[2026-04-03T01:58:33.782+0600][9.554s][info][gc,stats    ] Concurrent Marking                23743 us
[2026-04-03T01:58:33.782+0600][9.554s][info][gc,stats    ] Pause Final Mark (G)               1035 us
[2026-04-03T01:58:33.782+0600][9.554s][info][gc,stats    ] Pause Final Mark (N)                761 us
[2026-04-03T01:58:33.782+0600][9.554s][info][gc,stats    ]   Finish Mark                       232 us
[2026-04-03T01:58:33.782+0600][9.554s][info][gc,stats    ]   Update Region States               52 us
[2026-04-03T01:58:33.782+0600][9.554s][info][gc,stats    ]   Choose Collection Set             320 us
[2026-04-03T01:58:33.782+0600][9.554s][info][gc,stats    ]   Rebuild Free Set                   34 us
[2026-04-03T01:58:33.782+0600][9.554s][info][gc,stats    ] Concurrent Thread Roots             618 us, parallelism: 1.41x
[2026-04-03T01:58:33.782+0600][9.554s][info][gc,stats    ]   CTR: <total>                      868 us
[2026-04-03T01:58:33.782+0600][9.554s][info][gc,stats    ]   CTR: Thread Roots                 868 us, workers (us): 339, 270, 259, ---, ---, ---, 
[2026-04-03T01:58:33.782+0600][9.554s][info][gc,stats    ] Concurrent Weak References          362 us, parallelism: 0.26x
[2026-04-03T01:58:33.782+0600][9.554s][info][gc,stats    ]   CWRF: <total>                      94 us
[2026-04-03T01:58:33.783+0600][9.554s][info][gc,stats    ]   CWRF: Weak References              94 us, workers (us):  19,  75,   0, ---, ---, ---, 
[2026-04-03T01:58:33.783+0600][9.554s][info][gc,stats    ] Concurrent Weak Roots              1494 us
[2026-04-03T01:58:33.783+0600][9.554s][info][gc,stats    ]   Roots                            1231 us, parallelism: 2.33x
[2026-04-03T01:58:33.783+0600][9.554s][info][gc,stats    ]     CWR: <total>                   2870 us
[2026-04-03T01:58:33.783+0600][9.554s][info][gc,stats    ]     CWR: Code Cache Roots          1731 us, workers (us): 608, 578, 545, ---, ---, ---, 
[2026-04-03T01:58:33.783+0600][9.554s][info][gc,stats    ]     CWR: VM Weak Roots             1122 us, workers (us): 407, 357, 357, ---, ---, ---, 
[2026-04-03T01:58:33.783+0600][9.554s][info][gc,stats    ]     CWR: CLDG Roots                  18 us, workers (us):  18, ---, ---, ---, ---, ---, 
[2026-04-03T01:58:33.783+0600][9.554s][info][gc,stats    ]   Rendezvous                        188 us
[2026-04-03T01:58:33.783+0600][9.554s][info][gc,stats    ] Concurrent Cleanup                  324 us
[2026-04-03T01:58:33.783+0600][9.554s][info][gc,stats    ] Concurrent Class Unloading         2830 us
[2026-04-03T01:58:33.783+0600][9.554s][info][gc,stats    ]   Unlink Stale                     2416 us
[2026-04-03T01:58:33.783+0600][9.554s][info][gc,stats    ]     System Dictionary                32 us
[2026-04-03T01:58:33.783+0600][9.554s][info][gc,stats    ]     Weak Class Links                  1 us
[2026-04-03T01:58:33.783+0600][9.554s][info][gc,stats    ]     Code Roots                     2380 us
[2026-04-03T01:58:33.783+0600][9.554s][info][gc,stats    ]   Rendezvous                        180 us
[2026-04-03T01:58:33.783+0600][9.554s][info][gc,stats    ]   Purge Unlinked                    123 us
[2026-04-03T01:58:33.783+0600][9.554s][info][gc,stats    ]     Code Roots                      116 us
[2026-04-03T01:58:33.783+0600][9.554s][info][gc,stats    ]     CLDG                              6 us
[2026-04-03T01:58:33.783+0600][9.554s][info][gc,stats    ]     Exception Caches                  0 us
[2026-04-03T01:58:33.783+0600][9.554s][info][gc,stats    ] Concurrent Strong Roots             538 us, parallelism: 0.55x
[2026-04-03T01:58:33.783+0600][9.554s][info][gc,stats    ]   CSR: <total>                      297 us
[2026-04-03T01:58:33.783+0600][9.554s][info][gc,stats    ]   CSR: VM Strong Roots               18 us, workers (us):   8,   5,   5, ---, ---, ---, 
[2026-04-03T01:58:33.783+0600][9.554s][info][gc,stats    ]   CSR: CLDG Roots                   278 us, workers (us): 278, ---, ---, ---, ---, ---, 
[2026-04-03T01:58:33.783+0600][9.554s][info][gc,stats    ] Concurrent Evacuation             15444 us
[2026-04-03T01:58:33.783+0600][9.554s][info][gc,stats    ] Pause Init Update Refs (G)          284 us
[2026-04-03T01:58:33.783+0600][9.554s][info][gc,stats    ] Pause Init Update Refs (N)           84 us
[2026-04-03T01:58:33.783+0600][9.554s][info][gc,stats    ]   Manage GCLABs                      10 us
[2026-04-03T01:58:33.783+0600][9.554s][info][gc,stats    ] Concurrent Update Refs            22410 us
[2026-04-03T01:58:33.783+0600][9.554s][info][gc,stats    ] Concurrent Update Thread Roots      681 us
[2026-04-03T01:58:33.783+0600][9.554s][info][gc,stats    ] Pause Final Update Refs (G)         642 us
[2026-04-03T01:58:33.783+0600][9.554s][info][gc,stats    ] Pause Final Update Refs (N)         222 us
[2026-04-03T01:58:33.783+0600][9.554s][info][gc,stats    ]   Update Region States               49 us
[2026-04-03T01:58:33.783+0600][9.554s][info][gc,stats    ]   Trash Collection Set               15 us
[2026-04-03T01:58:33.783+0600][9.554s][info][gc,stats    ]   Rebuild Free Set                   55 us
[2026-04-03T01:58:33.783+0600][9.554s][info][gc,stats    ] Concurrent Cleanup                  342 us
[2026-04-03T01:58:33.783+0600][9.554s][info][gc,stats    ] 
[2026-04-03T01:58:33.783+0600][9.554s][info][gc,stats    ] Allocation pacing accrued:
[2026-04-03T01:58:33.783+0600][9.554s][info][gc,stats    ]       0 of   249 ms (  0.0%): <total>
[2026-04-03T01:58:33.783+0600][9.554s][info][gc,stats    ]       0 of   249 ms (  0.0%): <average total>
[2026-04-03T01:58:33.783+0600][9.554s][info][gc,stats    ] 
[2026-04-03T01:58:33.783+0600][9.554s][info][gc,metaspace] Metaspace: 49237K(49664K)->49237K(49664K) NonClass: 43138K(43392K)->43138K(43392K) Class: 6099K(6272K)->6099K(6272K)
[2026-04-03T01:58:33.783+0600][9.554s][info][gc,ergo     ] Pacer for Idle. Initial: 20480K, Alloc Tax Rate: 1.0x
[2026-04-03T01:58:34.768+0600][10.539s][info][gc          ] Trigger: Average GC time (90.07 ms) is above the time for average allocation rate (688 MB/s) to deplete free headroom (63015K) (margin of error = 1.80)
[2026-04-03T01:58:34.768+0600][10.539s][info][gc,ergo     ] Free headroom: 111M (free) - 51200K (spike) - 0B (penalties) = 63015K
[2026-04-03T01:58:34.768+0600][10.539s][info][gc,ergo     ] Free: 111M, Max: 256K regular, 111M humongous, Frag: 0% external, 0% internal; Reserve: 51200K, Max: 256K
[2026-04-03T01:58:34.768+0600][10.539s][info][gc,start    ] GC(5) Concurrent reset
[2026-04-03T01:58:34.768+0600][10.539s][info][gc,task     ] GC(5) Using 3 of 6 workers for concurrent reset
[2026-04-03T01:58:34.768+0600][10.539s][info][gc,ergo     ] GC(5) Pacer for Reset. Non-Taxable: 1000M
[2026-04-03T01:58:34.769+0600][10.540s][info][gc          ] GC(5) Concurrent reset 1.032ms
[2026-04-03T01:58:34.769+0600][10.541s][info][gc,start    ] GC(5) Pause Init Mark (unload classes)
[2026-04-03T01:58:34.769+0600][10.541s][info][gc,task     ] GC(5) Using 6 of 6 workers for init marking
[2026-04-03T01:58:34.770+0600][10.541s][info][gc,ergo     ] GC(5) Pacer for Mark. Expected Live: 26843K, Free: 110M, Non-Taxable: 11344K, Alloc Tax Rate: 0.3x
[2026-04-03T01:58:34.770+0600][10.541s][info][gc          ] GC(5) Pause Init Mark (unload classes) 0.095ms
[2026-04-03T01:58:34.770+0600][10.541s][info][gc,start    ] GC(5) Concurrent marking roots
[2026-04-03T01:58:34.770+0600][10.541s][info][gc,task     ] GC(5) Using 3 of 6 workers for concurrent marking roots
[2026-04-03T01:58:34.770+0600][10.541s][info][gc          ] GC(5) Concurrent marking roots 0.545ms
[2026-04-03T01:58:34.770+0600][10.541s][info][gc,start    ] GC(5) Concurrent marking (unload classes)
[2026-04-03T01:58:34.770+0600][10.541s][info][gc,task     ] GC(5) Using 3 of 6 workers for concurrent marking
[2026-04-03T01:58:34.844+0600][10.616s][info][gc          ] GC(5) Concurrent marking (unload classes) 74.009ms
[2026-04-03T01:58:34.845+0600][10.616s][info][gc,start    ] GC(5) Pause Final Mark (unload classes)
[2026-04-03T01:58:34.845+0600][10.616s][info][gc,task     ] GC(5) Using 6 of 6 workers for final marking
[2026-04-03T01:58:34.845+0600][10.616s][info][gc,ergo     ] GC(5) Adaptive CSet Selection. Target Free: 141M, Actual Free: 128M, Max CSet: 42666K, Min Garbage: 13482K
[2026-04-03T01:58:34.845+0600][10.617s][info][gc,ergo     ] GC(5) Collectable Garbage: 467M (64%), Immediate: 0B (0%), CSet: 467M (64%)
[2026-04-03T01:58:34.846+0600][10.617s][info][gc,ergo     ] GC(5) Pacer for Evacuation. Used CSet: 509M, Free: 80425K, Non-Taxable: 8042K, Alloc Tax Rate: 15.8x
[2026-04-03T01:58:34.846+0600][10.617s][info][gc          ] GC(5) Pause Final Mark (unload classes) 0.980ms
[2026-04-03T01:58:34.846+0600][10.617s][info][gc,start    ] GC(5) Concurrent thread roots
[2026-04-03T01:58:34.846+0600][10.617s][info][gc,task     ] GC(5) Using 3 of 6 workers for Concurrent thread roots
[2026-04-03T01:58:34.846+0600][10.617s][info][gc          ] GC(5) Concurrent thread roots 0.436ms
[2026-04-03T01:58:34.846+0600][10.617s][info][gc,start    ] GC(5) Concurrent weak references
[2026-04-03T01:58:34.846+0600][10.617s][info][gc,task     ] GC(5) Using 3 of 6 workers for concurrent weak references
[2026-04-03T01:58:34.846+0600][10.618s][info][gc,ref      ] GC(5) Encountered references: Soft: 3982, Weak: 2727, Final: 82, Phantom: 580
[2026-04-03T01:58:34.846+0600][10.618s][info][gc,ref      ] GC(5) Discovered  references: Soft: 0, Weak: 107, Final: 0, Phantom: 577
[2026-04-03T01:58:34.846+0600][10.618s][info][gc,ref      ] GC(5) Enqueued    references: Soft: 0, Weak: 0, Final: 0, Phantom: 0
[2026-04-03T01:58:34.847+0600][10.618s][info][gc          ] GC(5) Concurrent weak references 0.281ms
[2026-04-03T01:58:34.847+0600][10.618s][info][gc,start    ] GC(5) Concurrent weak roots
[2026-04-03T01:58:34.847+0600][10.618s][info][gc,task     ] GC(5) Using 3 of 6 workers for concurrent weak root
[2026-04-03T01:58:34.848+0600][10.619s][info][gc          ] GC(5) Concurrent weak roots 1.054ms
[2026-04-03T01:58:34.848+0600][10.619s][info][gc,start    ] GC(5) Concurrent cleanup
[2026-04-03T01:58:34.848+0600][10.619s][info][gc          ] GC(5) Concurrent cleanup 871M->871M(873M) 0.579ms
[2026-04-03T01:58:34.848+0600][10.619s][info][gc,ergo     ] GC(5) Free: 79143K, Max: 256K regular, 79104K humongous, Frag: 0% external, 0% internal; Reserve: 51197K, Max: 256K
[2026-04-03T01:58:34.848+0600][10.620s][info][gc,start    ] GC(5) Concurrent class unloading
[2026-04-03T01:58:34.848+0600][10.620s][info][gc,task     ] GC(5) Using 3 of 6 workers for concurrent class unloading
[2026-04-03T01:58:34.851+0600][10.622s][info][gc          ] GC(5) Concurrent class unloading 2.804ms
[2026-04-03T01:58:34.851+0600][10.622s][info][gc,start    ] GC(5) Concurrent strong roots
[2026-04-03T01:58:34.851+0600][10.622s][info][gc,task     ] GC(5) Using 3 of 6 workers for concurrent strong root
[2026-04-03T01:58:34.851+0600][10.623s][info][gc          ] GC(5) Concurrent strong roots 0.270ms
[2026-04-03T01:58:34.851+0600][10.623s][info][gc,start    ] GC(5) Concurrent evacuation
[2026-04-03T01:58:34.851+0600][10.623s][info][gc,task     ] GC(5) Using 3 of 6 workers for concurrent evacuation
[2026-04-03T01:58:34.886+0600][10.657s][info][gc          ] GC(5) Concurrent evacuation 34.535ms
[2026-04-03T01:58:34.886+0600][10.657s][info][gc,start    ] GC(5) Pause Init Update Refs
[2026-04-03T01:58:34.886+0600][10.657s][info][gc,ergo     ] GC(5) Pacer for Update Refs. Used: 929M, Free: 62759K, Non-Taxable: 6275K, Alloc Tax Rate: 18.5x
[2026-04-03T01:58:34.886+0600][10.657s][info][gc          ] GC(5) Pause Init Update Refs 0.057ms
[2026-04-03T01:58:34.886+0600][10.658s][info][gc,start    ] GC(5) Concurrent update references
[2026-04-03T01:58:34.886+0600][10.658s][info][gc,task     ] GC(5) Using 3 of 6 workers for concurrent reference update
[2026-04-03T01:58:34.931+0600][10.702s][info][gc          ] GC(5) Concurrent update references 44.431ms
[2026-04-03T01:58:34.931+0600][10.702s][info][gc,start    ] GC(5) Concurrent update thread roots
[2026-04-03T01:58:34.931+0600][10.703s][info][gc          ] GC(5) Concurrent update thread roots 0.495ms
[2026-04-03T01:58:34.932+0600][10.703s][info][gc,start    ] GC(5) Pause Final Update Refs
[2026-04-03T01:58:34.932+0600][10.703s][info][gc,task     ] GC(5) Using 6 of 6 workers for final reference update
[2026-04-03T01:58:34.932+0600][10.703s][info][gc          ] GC(5) Pause Final Update Refs 0.296ms
[2026-04-03T01:58:34.932+0600][10.703s][info][gc,start    ] GC(5) Concurrent cleanup
[2026-04-03T01:58:34.933+0600][10.704s][info][gc          ] GC(5) Concurrent cleanup 950M->441M(951M) 0.912ms
[2026-04-03T01:58:34.933+0600][10.704s][info][gc,ergo     ] Free: 506M, Max: 256K regular, 2304K humongous, Frag: 100% external, 0% internal; Reserve: 51200K, Max: 256K
[2026-04-03T01:58:34.933+0600][10.704s][info][gc,stats    ] 
[2026-04-03T01:58:34.933+0600][10.704s][info][gc,stats    ] All times are wall-clock times, except per-root-class counters, that are sum over
[2026-04-03T01:58:34.933+0600][10.704s][info][gc,stats    ] all workers. Dividing the <total> over the root stage time estimates parallelism.
[2026-04-03T01:58:34.933+0600][10.704s][info][gc,stats    ] 
[2026-04-03T01:58:34.933+0600][10.704s][info][gc,stats    ] Concurrent Reset                   1060 us
[2026-04-03T01:58:34.933+0600][10.704s][info][gc,stats    ] Pause Init Mark (G)                 430 us
[2026-04-03T01:58:34.933+0600][10.704s][info][gc,stats    ] Pause Init Mark (N)                 112 us
[2026-04-03T01:58:34.933+0600][10.704s][info][gc,stats    ]   Update Region States               25 us
[2026-04-03T01:58:34.933+0600][10.704s][info][gc,stats    ] Concurrent Mark Roots               570 us, parallelism: 1.28x
[2026-04-03T01:58:34.933+0600][10.704s][info][gc,stats    ]   CMR: <total>                      729 us
[2026-04-03T01:58:34.933+0600][10.704s][info][gc,stats    ]   CMR: Thread Roots                 513 us, workers (us):  79, 250, 184, ---, ---, ---, 
[2026-04-03T01:58:34.933+0600][10.704s][info][gc,stats    ]   CMR: VM Strong Roots               15 us, workers (us):  14,   1,   0, ---, ---, ---, 
[2026-04-03T01:58:34.933+0600][10.704s][info][gc,stats    ]   CMR: CLDG Roots                   201 us, workers (us): 201, ---, ---, ---, ---, ---, 
[2026-04-03T01:58:34.933+0600][10.704s][info][gc,stats    ] Concurrent Marking                74092 us
[2026-04-03T01:58:34.933+0600][10.704s][info][gc,stats    ] Pause Final Mark (G)               1386 us
[2026-04-03T01:58:34.933+0600][10.704s][info][gc,stats    ] Pause Final Mark (N)                993 us
[2026-04-03T01:58:34.933+0600][10.704s][info][gc,stats    ]   Finish Mark                       202 us
[2026-04-03T01:58:34.933+0600][10.704s][info][gc,stats    ]   Update Region States               71 us
[2026-04-03T01:58:34.933+0600][10.704s][info][gc,stats    ]   Choose Collection Set             560 us
[2026-04-03T01:58:34.933+0600][10.704s][info][gc,stats    ]   Rebuild Free Set                   53 us
[2026-04-03T01:58:34.933+0600][10.704s][info][gc,stats    ] Concurrent Thread Roots             471 us, parallelism: 1.41x
[2026-04-03T01:58:34.933+0600][10.704s][info][gc,stats    ]   CTR: <total>                      665 us
[2026-04-03T01:58:34.933+0600][10.704s][info][gc,stats    ]   CTR: Thread Roots                 665 us, workers (us): 241, 242, 182, ---, ---, ---, 
[2026-04-03T01:58:34.933+0600][10.704s][info][gc,stats    ] Concurrent Weak References          294 us, parallelism: 0.29x
[2026-04-03T01:58:34.933+0600][10.704s][info][gc,stats    ]   CWRF: <total>                      87 us
[2026-04-03T01:58:34.933+0600][10.704s][info][gc,stats    ]   CWRF: Weak References              87 us, workers (us):  73,  13,   1, ---, ---, ---, 
[2026-04-03T01:58:34.933+0600][10.704s][info][gc,stats    ] Concurrent Weak Roots              1104 us
[2026-04-03T01:58:34.933+0600][10.704s][info][gc,stats    ]   Roots                             932 us, parallelism: 2.25x
[2026-04-03T01:58:34.933+0600][10.704s][info][gc,stats    ]     CWR: <total>                   2097 us
[2026-04-03T01:58:34.933+0600][10.704s][info][gc,stats    ]     CWR: Code Cache Roots          1220 us, workers (us): 462, 389, 369, ---, ---, ---, 
[2026-04-03T01:58:34.933+0600][10.704s][info][gc,stats    ]     CWR: VM Weak Roots              839 us, workers (us): 318, 302, 220, ---, ---, ---, 
[2026-04-03T01:58:34.933+0600][10.704s][info][gc,stats    ]     CWR: CLDG Roots                  37 us, workers (us): ---, ---,  37, ---, ---, ---, 
[2026-04-03T01:58:34.933+0600][10.704s][info][gc,stats    ]   Rendezvous                         95 us
[2026-04-03T01:58:34.933+0600][10.704s][info][gc,stats    ] Concurrent Cleanup                  640 us
[2026-04-03T01:58:34.933+0600][10.704s][info][gc,stats    ] Concurrent Class Unloading         2848 us
[2026-04-03T01:58:34.933+0600][10.704s][info][gc,stats    ]   Unlink Stale                     2558 us
[2026-04-03T01:58:34.933+0600][10.704s][info][gc,stats    ]     System Dictionary                26 us
[2026-04-03T01:58:34.933+0600][10.704s][info][gc,stats    ]     Weak Class Links                  0 us
[2026-04-03T01:58:34.933+0600][10.704s][info][gc,stats    ]     Code Roots                     2529 us
[2026-04-03T01:58:34.933+0600][10.704s][info][gc,stats    ]   Rendezvous                        212 us
[2026-04-03T01:58:34.933+0600][10.704s][info][gc,stats    ]   Purge Unlinked                     10 us
[2026-04-03T01:58:34.933+0600][10.704s][info][gc,stats    ]     Code Roots                        3 us
[2026-04-03T01:58:34.933+0600][10.704s][info][gc,stats    ]     CLDG                              7 us
[2026-04-03T01:58:34.933+0600][10.704s][info][gc,stats    ]     Exception Caches                  0 us
[2026-04-03T01:58:34.933+0600][10.704s][info][gc,stats    ] Concurrent Strong Roots             288 us, parallelism: 0.58x
[2026-04-03T01:58:34.933+0600][10.704s][info][gc,stats    ]   CSR: <total>                      166 us
[2026-04-03T01:58:34.933+0600][10.704s][info][gc,stats    ]   CSR: VM Strong Roots               12 us, workers (us):  11,   1,   0, ---, ---, ---, 
[2026-04-03T01:58:34.933+0600][10.704s][info][gc,stats    ]   CSR: CLDG Roots                   154 us, workers (us): 154, ---, ---, ---, ---, ---, 
[2026-04-03T01:58:34.933+0600][10.704s][info][gc,stats    ] Concurrent Evacuation             34616 us
[2026-04-03T01:58:34.933+0600][10.704s][info][gc,stats    ] Pause Init Update Refs (G)          287 us
[2026-04-03T01:58:34.933+0600][10.704s][info][gc,stats    ] Pause Init Update Refs (N)           94 us
[2026-04-03T01:58:34.933+0600][10.704s][info][gc,stats    ]   Manage GCLABs                      10 us
[2026-04-03T01:58:34.933+0600][10.704s][info][gc,stats    ] Concurrent Update Refs            44544 us
[2026-04-03T01:58:34.933+0600][10.705s][info][gc,stats    ] Concurrent Update Thread Roots      517 us
[2026-04-03T01:58:34.933+0600][10.705s][info][gc,stats    ] Pause Final Update Refs (G)         518 us
[2026-04-03T01:58:34.933+0600][10.705s][info][gc,stats    ] Pause Final Update Refs (N)         316 us
[2026-04-03T01:58:34.933+0600][10.705s][info][gc,stats    ]   Update Region States               70 us
[2026-04-03T01:58:34.933+0600][10.705s][info][gc,stats    ]   Trash Collection Set               66 us
[2026-04-03T01:58:34.933+0600][10.705s][info][gc,stats    ]   Rebuild Free Set                   71 us
[2026-04-03T01:58:34.933+0600][10.705s][info][gc,stats    ] Concurrent Cleanup                  933 us
[2026-04-03T01:58:34.933+0600][10.705s][info][gc,stats    ] 
[2026-04-03T01:58:34.933+0600][10.705s][info][gc,stats    ] Allocation pacing accrued:
[2026-04-03T01:58:34.933+0600][10.705s][info][gc,stats    ]       0 of  1151 ms (  0.0%): <total>
[2026-04-03T01:58:34.933+0600][10.705s][info][gc,stats    ]       0 of  1151 ms (  0.0%): <average total>
[2026-04-03T01:58:34.933+0600][10.705s][info][gc,stats    ] 
[2026-04-03T01:58:34.933+0600][10.705s][info][gc,metaspace] Metaspace: 49237K(49664K)->49237K(49664K) NonClass: 43138K(43392K)->43138K(43392K) Class: 6099K(6272K)->6099K(6272K)
[2026-04-03T01:58:34.933+0600][10.705s][info][gc,ergo     ] Pacer for Idle. Initial: 20480K, Alloc Tax Rate: 1.0x
[2026-04-03T01:58:36.803+0600][12.575s][info][gc          ] Failed to allocate Shared, 4096K
[2026-04-03T01:58:36.803+0600][12.575s][info][gc          ] Cancelling GC: Allocation Failure
[2026-04-03T01:58:36.804+0600][12.575s][info][gc          ] Trigger: Handle Allocation Failure
[2026-04-03T01:58:36.804+0600][12.575s][info][gc,ergo     ] Free: 435M, Max: 256K regular, 2304K humongous, Frag: 100% external, 0% internal; Reserve: 51200K, Max: 256K
[2026-04-03T01:58:36.804+0600][12.575s][info][gc,start    ] GC(6) Pause Degenerated GC (Outside of Cycle)
[2026-04-03T01:58:36.804+0600][12.575s][info][gc,task     ] GC(6) Using 6 of 6 workers for stw degenerated gc
[2026-04-03T01:58:36.806+0600][12.577s][info][gc,ref      ] GC(6) Clearing All SoftReferences
[2026-04-03T01:58:36.815+0600][12.586s][info][gc,ref      ] GC(6) Encountered references: Soft: 4024, Weak: 3492, Final: 82, Phantom: 584
[2026-04-03T01:58:36.815+0600][12.586s][info][gc,ref      ] GC(6) Discovered  references: Soft: 1806, Weak: 2486, Final: 82, Phantom: 578
[2026-04-03T01:58:36.815+0600][12.586s][info][gc,ref      ] GC(6) Enqueued    references: Soft: 1565, Weak: 412, Final: 0, Phantom: 1
[2026-04-03T01:58:36.823+0600][12.594s][info][gc,ergo     ] GC(6) Collectable Garbage: 442M (91%), Immediate: 442M (91%), CSet: 0B (0%)
[2026-04-03T01:58:36.825+0600][12.596s][info][gc,ergo     ] GC(6) Good progress for free space: 879M, need 10240K
[2026-04-03T01:58:36.825+0600][12.596s][info][gc,ergo     ] GC(6) Good progress for used space: 442M, need 256K
[2026-04-03T01:58:36.825+0600][12.596s][info][gc          ] GC(6) Pause Degenerated GC (Outside of Cycle) 511M->69M(951M) 21.168ms
[2026-04-03T01:58:36.825+0600][12.597s][info][gc,ergo     ] Free: 879M, Max: 256K regular, 725M humongous, Frag: 18% external, 0% internal; Reserve: 51200K, Max: 256K
[2026-04-03T01:58:36.826+0600][12.597s][info][gc,stats    ] 
[2026-04-03T01:58:36.826+0600][12.597s][info][gc,stats    ] All times are wall-clock times, except per-root-class counters, that are sum over
[2026-04-03T01:58:36.826+0600][12.597s][info][gc,stats    ] all workers. Dividing the <total> over the root stage time estimates parallelism.
[2026-04-03T01:58:36.826+0600][12.597s][info][gc,stats    ] 
[2026-04-03T01:58:36.826+0600][12.597s][info][gc,stats    ] Pause Degenerated GC (G)          21559 us
[2026-04-03T01:58:36.826+0600][12.597s][info][gc,stats    ] Pause Degenerated GC (N)          21181 us
[2026-04-03T01:58:36.826+0600][12.597s][info][gc,stats    ]   Degen STW Mark                   7914 us, parallelism: 5.07x
[2026-04-03T01:58:36.826+0600][12.597s][info][gc,stats    ]     DSM: <total>                  40086 us
[2026-04-03T01:58:36.826+0600][12.597s][info][gc,stats    ]     DSM: Thread Roots              1494 us, workers (us): 830, 191, 136, 112, 112, 112, 
[2026-04-03T01:58:36.826+0600][12.597s][info][gc,stats    ]     DSM: VM Strong Roots             23 us, workers (us):   0,   7,   0,   6,   5,   5, 
[2026-04-03T01:58:36.826+0600][12.597s][info][gc,stats    ]     DSM: CLDG Roots                 337 us, workers (us):  12,  10, 180,  45,  46,  46, 
[2026-04-03T01:58:36.826+0600][12.597s][info][gc,stats    ]     DSM: Parallel Mark            38231 us, workers (us): 5929, 6511, 6369, 6464, 6517, 6441, 
[2026-04-03T01:58:36.826+0600][12.597s][info][gc,stats    ]     System Purge                   8699 us
[2026-04-03T01:58:36.826+0600][12.597s][info][gc,stats    ]       Weak References               645 us, parallelism: 0.98x
[2026-04-03T01:58:36.826+0600][12.597s][info][gc,stats    ]         WRP: <total>                633 us
[2026-04-03T01:58:36.826+0600][12.597s][info][gc,stats    ]         WRP: Weak References        633 us, workers (us): 322,  49, 135,  51,  75,   2, 
[2026-04-03T01:58:36.826+0600][12.597s][info][gc,stats    ]       Unload Classes               6978 us, parallelism: 5.57x
[2026-04-03T01:58:36.826+0600][12.597s][info][gc,stats    ]         DCU: <total>              38870 us
[2026-04-03T01:58:36.826+0600][12.597s][info][gc,stats    ]         DCU: Unload Code Caches     9550 us, workers (us): 1586, 1615, 1594, 1591, 1591, 1573, 
[2026-04-03T01:58:36.826+0600][12.597s][info][gc,stats    ]         DCU: Unlink CLDs          29320 us, workers (us): 4910, 4865, 4882, 4877, 4876, 4910, 
[2026-04-03T01:58:36.826+0600][12.597s][info][gc,stats    ]       Weak Roots                    242 us, parallelism: 2.26x
[2026-04-03T01:58:36.826+0600][12.597s][info][gc,stats    ]         DWR: <total>                548 us
[2026-04-03T01:58:36.826+0600][12.597s][info][gc,stats    ]         DWR: VM Weak Roots          548 us, workers (us): 119,  96,  93,  94,  74,  73, 
[2026-04-03T01:58:36.826+0600][12.597s][info][gc,stats    ]       CLDG                          297 us
[2026-04-03T01:58:36.826+0600][12.597s][info][gc,stats    ]   Update Region States               83 us
[2026-04-03T01:58:36.826+0600][12.597s][info][gc,stats    ]   Manage GC/TLABs                    10 us
[2026-04-03T01:58:36.826+0600][12.597s][info][gc,stats    ]   Choose Collection Set             147 us
[2026-04-03T01:58:36.826+0600][12.597s][info][gc,stats    ]   Rebuild Free Set                   64 us
[2026-04-03T01:58:36.826+0600][12.597s][info][gc,stats    ]   Cleanup                           622 us
[2026-04-03T01:58:36.826+0600][12.597s][info][gc,stats    ] 
[2026-04-03T01:58:36.826+0600][12.597s][info][gc,stats    ] Allocation pacing accrued:
[2026-04-03T01:58:36.826+0600][12.597s][info][gc,stats    ]       0 of  1892 ms (  0.0%): <total>
[2026-04-03T01:58:36.826+0600][12.597s][info][gc,stats    ]       0 of  1892 ms (  0.0%): <average total>
[2026-04-03T01:58:36.826+0600][12.597s][info][gc,stats    ] 
[2026-04-03T01:58:36.826+0600][12.597s][info][gc,metaspace] Metaspace: 54347K(54912K)->54228K(54912K) NonClass: 47491K(47808K)->47406K(47808K) Class: 6855K(7104K)->6821K(7104K)
[2026-04-03T01:58:36.826+0600][12.597s][info][gc,ergo     ] Pacer for Idle. Initial: 20480K, Alloc Tax Rate: 1.0x
[2026-04-03T01:58:36.983+0600][12.754s][info][gc          ] Trigger: Explicit GC request (System.gc())
[2026-04-03T01:58:36.983+0600][12.754s][info][gc,ergo     ] Free: 866M, Max: 256K regular, 725M humongous, Frag: 17% external, 0% internal; Reserve: 51200K, Max: 256K
[2026-04-03T01:58:36.983+0600][12.754s][info][gc,start    ] GC(7) Concurrent reset
[2026-04-03T01:58:36.983+0600][12.754s][info][gc,task     ] GC(7) Using 3 of 6 workers for concurrent reset
[2026-04-03T01:58:36.983+0600][12.754s][info][gc,ergo     ] GC(7) Pacer for Reset. Non-Taxable: 1000M
[2026-04-03T01:58:36.984+0600][12.755s][info][gc          ] GC(7) Concurrent reset 0.765ms
[2026-04-03T01:58:36.984+0600][12.755s][info][gc,start    ] GC(7) Pause Init Mark (unload classes)
[2026-04-03T01:58:36.984+0600][12.755s][info][gc,task     ] GC(7) Using 6 of 6 workers for init marking
[2026-04-03T01:58:36.984+0600][12.755s][info][gc,ref      ] GC(7) Clearing All SoftReferences
[2026-04-03T01:58:36.984+0600][12.755s][info][gc,ergo     ] GC(7) Pacer for Mark. Expected Live: 55265K, Free: 866M, Non-Taxable: 88759K, Alloc Tax Rate: 0.1x
[2026-04-03T01:58:36.984+0600][12.755s][info][gc          ] GC(7) Pause Init Mark (unload classes) 0.106ms
[2026-04-03T01:58:36.984+0600][12.756s][info][gc,start    ] GC(7) Concurrent marking roots
[2026-04-03T01:58:36.984+0600][12.756s][info][gc,task     ] GC(7) Using 3 of 6 workers for concurrent marking roots
[2026-04-03T01:58:36.985+0600][12.756s][info][gc          ] GC(7) Concurrent marking roots 0.437ms
[2026-04-03T01:58:36.985+0600][12.756s][info][gc,start    ] GC(7) Concurrent marking (unload classes)
[2026-04-03T01:58:36.985+0600][12.756s][info][gc,task     ] GC(7) Using 3 of 6 workers for concurrent marking
[2026-04-03T01:58:36.995+0600][12.766s][info][gc          ] GC(7) Concurrent marking (unload classes) 10.048ms
[2026-04-03T01:58:36.995+0600][12.766s][info][gc,start    ] GC(7) Pause Final Mark (unload classes)
[2026-04-03T01:58:36.995+0600][12.766s][info][gc,task     ] GC(7) Using 6 of 6 workers for final marking
[2026-04-03T01:58:36.995+0600][12.767s][info][gc,ergo     ] GC(7) Adaptive CSet Selection. Target Free: 141M, Actual Free: 924M, Max CSet: 42666K, Min Garbage: 0B
[2026-04-03T01:58:36.996+0600][12.767s][info][gc,ergo     ] GC(7) Collectable Garbage: 54350K (96%), Immediate: 7483K (13%), CSet: 46867K (83%)
[2026-04-03T01:58:36.996+0600][12.767s][info][gc,ergo     ] GC(7) Pacer for Evacuation. Used CSet: 48640K, Free: 875M, Non-Taxable: 89629K, Alloc Tax Rate: 1.1x
[2026-04-03T01:58:36.996+0600][12.767s][info][gc          ] GC(7) Pause Final Mark (unload classes) 0.527ms
[2026-04-03T01:58:36.996+0600][12.767s][info][gc,start    ] GC(7) Concurrent thread roots
[2026-04-03T01:58:36.996+0600][12.767s][info][gc,task     ] GC(7) Using 3 of 6 workers for Concurrent thread roots
[2026-04-03T01:58:36.996+0600][12.767s][info][gc          ] GC(7) Concurrent thread roots 0.506ms
[2026-04-03T01:58:36.996+0600][12.767s][info][gc,start    ] GC(7) Concurrent weak references
[2026-04-03T01:58:36.996+0600][12.767s][info][gc,task     ] GC(7) Using 3 of 6 workers for concurrent weak references
[2026-04-03T01:58:36.997+0600][12.768s][info][gc,ref      ] GC(7) Encountered references: Soft: 2507, Weak: 3265, Final: 82, Phantom: 586
[2026-04-03T01:58:36.997+0600][12.768s][info][gc,ref      ] GC(7) Discovered  references: Soft: 278, Weak: 1766, Final: 50, Phantom: 584
[2026-04-03T01:58:36.997+0600][12.768s][info][gc,ref      ] GC(7) Enqueued    references: Soft: 40, Weak: 84, Final: 0, Phantom: 0
[2026-04-03T01:58:36.997+0600][12.768s][info][gc          ] GC(7) Concurrent weak references 0.378ms
[2026-04-03T01:58:36.997+0600][12.768s][info][gc,start    ] GC(7) Concurrent weak roots
[2026-04-03T01:58:36.997+0600][12.768s][info][gc,task     ] GC(7) Using 3 of 6 workers for concurrent weak root
[2026-04-03T01:58:36.998+0600][12.769s][info][gc          ] GC(7) Concurrent weak roots 1.600ms
[2026-04-03T01:58:36.998+0600][12.769s][info][gc,start    ] GC(7) Concurrent cleanup
[2026-04-03T01:58:36.999+0600][12.770s][info][gc          ] GC(7) Concurrent cleanup 80M->73M(951M) 0.627ms
[2026-04-03T01:58:36.999+0600][12.770s][info][gc,ergo     ] GC(7) Free: 875M, Max: 256K regular, 813M humongous, Frag: 8% external, 0% internal; Reserve: 51087K, Max: 256K
[2026-04-03T01:58:36.999+0600][12.770s][info][gc,start    ] GC(7) Concurrent class unloading
[2026-04-03T01:58:36.999+0600][12.770s][info][gc,task     ] GC(7) Using 3 of 6 workers for concurrent class unloading
[2026-04-03T01:58:37.010+0600][12.781s][info][gc          ] GC(7) Concurrent class unloading 10.798ms
[2026-04-03T01:58:37.010+0600][12.781s][info][gc,start    ] GC(7) Concurrent strong roots
[2026-04-03T01:58:37.010+0600][12.781s][info][gc,task     ] GC(7) Using 3 of 6 workers for concurrent strong root
[2026-04-03T01:58:37.010+0600][12.782s][info][gc          ] GC(7) Concurrent strong roots 0.665ms
[2026-04-03T01:58:37.011+0600][12.782s][info][gc,start    ] GC(7) Concurrent evacuation
[2026-04-03T01:58:37.011+0600][12.782s][info][gc,task     ] GC(7) Using 3 of 6 workers for concurrent evacuation
[2026-04-03T01:58:37.012+0600][12.784s][info][gc          ] GC(7) Concurrent evacuation 1.748ms
[2026-04-03T01:58:37.013+0600][12.784s][info][gc,start    ] GC(7) Pause Init Update Refs
[2026-04-03T01:58:37.013+0600][12.784s][info][gc,ergo     ] GC(7) Pacer for Update Refs. Used: 77561K, Free: 875M, Non-Taxable: 89629K, Alloc Tax Rate: 1.1x
[2026-04-03T01:58:37.013+0600][12.784s][info][gc          ] GC(7) Pause Init Update Refs 0.075ms
[2026-04-03T01:58:37.013+0600][12.784s][info][gc,start    ] GC(7) Concurrent update references
[2026-04-03T01:58:37.013+0600][12.784s][info][gc,task     ] GC(7) Using 3 of 6 workers for concurrent reference update
[2026-04-03T01:58:37.021+0600][12.792s][info][gc          ] GC(7) Concurrent update references 8.237ms
[2026-04-03T01:58:37.021+0600][12.792s][info][gc,start    ] GC(7) Concurrent update thread roots
[2026-04-03T01:58:37.022+0600][12.793s][info][gc          ] GC(7) Concurrent update thread roots 0.767ms
[2026-04-03T01:58:37.022+0600][12.793s][info][gc,start    ] GC(7) Pause Final Update Refs
[2026-04-03T01:58:37.022+0600][12.793s][info][gc,task     ] GC(7) Using 6 of 6 workers for final reference update
[2026-04-03T01:58:37.022+0600][12.793s][info][gc          ] GC(7) Pause Final Update Refs 0.191ms
[2026-04-03T01:58:37.022+0600][12.794s][info][gc,start    ] GC(7) Concurrent cleanup
[2026-04-03T01:58:37.023+0600][12.794s][info][gc          ] GC(7) Concurrent cleanup 75M->28M(951M) 0.766ms
[2026-04-03T01:58:37.023+0600][12.794s][info][gc,ergo     ] Free: 920M, Max: 256K regular, 813M humongous, Frag: 12% external, 0% internal; Reserve: 51200K, Max: 256K
[2026-04-03T01:58:37.023+0600][12.795s][info][gc,stats    ] 
[2026-04-03T01:58:37.023+0600][12.795s][info][gc,stats    ] All times are wall-clock times, except per-root-class counters, that are sum over
[2026-04-03T01:58:37.023+0600][12.795s][info][gc,stats    ] all workers. Dividing the <total> over the root stage time estimates parallelism.
[2026-04-03T01:58:37.023+0600][12.795s][info][gc,stats    ] 
[2026-04-03T01:58:37.023+0600][12.795s][info][gc,stats    ] Concurrent Reset                    805 us
[2026-04-03T01:58:37.023+0600][12.795s][info][gc,stats    ] Pause Init Mark (G)                 408 us
[2026-04-03T01:58:37.023+0600][12.795s][info][gc,stats    ] Pause Init Mark (N)                 114 us
[2026-04-03T01:58:37.023+0600][12.795s][info][gc,stats    ]   Update Region States               34 us
[2026-04-03T01:58:37.023+0600][12.795s][info][gc,stats    ] Concurrent Mark Roots               455 us, parallelism: 1.87x
[2026-04-03T01:58:37.023+0600][12.795s][info][gc,stats    ]   CMR: <total>                      852 us
[2026-04-03T01:58:37.023+0600][12.795s][info][gc,stats    ]   CMR: Thread Roots                 618 us, workers (us): 280,  63, 276, ---, ---, ---, 
[2026-04-03T01:58:37.023+0600][12.795s][info][gc,stats    ]   CMR: VM Strong Roots               17 us, workers (us):  13,   4,   1, ---, ---, ---, 
[2026-04-03T01:58:37.023+0600][12.795s][info][gc,stats    ]   CMR: CLDG Roots                   217 us, workers (us): ---, 217, ---, ---, ---, ---, 
[2026-04-03T01:58:37.023+0600][12.795s][info][gc,stats    ] Concurrent Marking                10112 us
[2026-04-03T01:58:37.023+0600][12.795s][info][gc,stats    ] Pause Final Mark (G)                685 us
[2026-04-03T01:58:37.023+0600][12.795s][info][gc,stats    ] Pause Final Mark (N)                536 us
[2026-04-03T01:58:37.023+0600][12.795s][info][gc,stats    ]   Finish Mark                       224 us
[2026-04-03T01:58:37.023+0600][12.795s][info][gc,stats    ]   Update Region States               53 us
[2026-04-03T01:58:37.023+0600][12.795s][info][gc,stats    ]   Choose Collection Set             133 us
[2026-04-03T01:58:37.023+0600][12.795s][info][gc,stats    ]   Rebuild Free Set                   39 us
[2026-04-03T01:58:37.023+0600][12.795s][info][gc,stats    ] Concurrent Thread Roots             549 us, parallelism: 1.21x
[2026-04-03T01:58:37.023+0600][12.795s][info][gc,stats    ]   CTR: <total>                      663 us
[2026-04-03T01:58:37.023+0600][12.795s][info][gc,stats    ]   CTR: Thread Roots                 663 us, workers (us): 228, 216, 219, ---, ---, ---, 
[2026-04-03T01:58:37.023+0600][12.795s][info][gc,stats    ] Concurrent Weak References          385 us, parallelism: 0.94x
[2026-04-03T01:58:37.023+0600][12.795s][info][gc,stats    ]   CWRF: <total>                     363 us
[2026-04-03T01:58:37.023+0600][12.795s][info][gc,stats    ]   CWRF: Weak References             363 us, workers (us):  91, 272,   0, ---, ---, ---, 
[2026-04-03T01:58:37.023+0600][12.795s][info][gc,stats    ] Concurrent Weak Roots              1653 us
[2026-04-03T01:58:37.023+0600][12.795s][info][gc,stats    ]   Roots                            1359 us, parallelism: 2.41x
[2026-04-03T01:58:37.023+0600][12.795s][info][gc,stats    ]     CWR: <total>                   3275 us
[2026-04-03T01:58:37.024+0600][12.795s][info][gc,stats    ]     CWR: Code Cache Roots          1985 us, workers (us): 625, 747, 613, ---, ---, ---, 
[2026-04-03T01:58:37.024+0600][12.795s][info][gc,stats    ]     CWR: VM Weak Roots             1260 us, workers (us): 422, 425, 413, ---, ---, ---, 
[2026-04-03T01:58:37.024+0600][12.795s][info][gc,stats    ]     CWR: CLDG Roots                  30 us, workers (us): ---, ---,  30, ---, ---, ---, 
[2026-04-03T01:58:37.024+0600][12.795s][info][gc,stats    ]   Rendezvous                        223 us
[2026-04-03T01:58:37.024+0600][12.795s][info][gc,stats    ] Concurrent Cleanup                  641 us
[2026-04-03T01:58:37.024+0600][12.795s][info][gc,stats    ] Concurrent Class Unloading        10875 us
[2026-04-03T01:58:37.024+0600][12.795s][info][gc,stats    ]   Unlink Stale                    10294 us
[2026-04-03T01:58:37.024+0600][12.795s][info][gc,stats    ]     System Dictionary               154 us
[2026-04-03T01:58:37.024+0600][12.795s][info][gc,stats    ]     Weak Class Links               6940 us
[2026-04-03T01:58:37.024+0600][12.795s][info][gc,stats    ]     Code Roots                     3196 us
[2026-04-03T01:58:37.024+0600][12.795s][info][gc,stats    ]   Rendezvous                        169 us
[2026-04-03T01:58:37.024+0600][12.795s][info][gc,stats    ]   Purge Unlinked                    313 us
[2026-04-03T01:58:37.024+0600][12.795s][info][gc,stats    ]     Code Roots                      239 us
[2026-04-03T01:58:37.024+0600][12.795s][info][gc,stats    ]     CLDG                             73 us
[2026-04-03T01:58:37.024+0600][12.795s][info][gc,stats    ]     Exception Caches                  0 us
[2026-04-03T01:58:37.024+0600][12.795s][info][gc,stats    ] Concurrent Strong Roots             715 us, parallelism: 0.61x
[2026-04-03T01:58:37.024+0600][12.795s][info][gc,stats    ]   CSR: <total>                      434 us
[2026-04-03T01:58:37.024+0600][12.795s][info][gc,stats    ]   CSR: VM Strong Roots               19 us, workers (us):  18,   1,   0, ---, ---, ---, 
[2026-04-03T01:58:37.024+0600][12.795s][info][gc,stats    ]   CSR: CLDG Roots                   415 us, workers (us): 415, ---, ---, ---, ---, ---, 
[2026-04-03T01:58:37.024+0600][12.795s][info][gc,stats    ] Concurrent Evacuation              1806 us
[2026-04-03T01:58:37.024+0600][12.795s][info][gc,stats    ] Pause Init Update Refs (G)          390 us
[2026-04-03T01:58:37.024+0600][12.795s][info][gc,stats    ] Pause Init Update Refs (N)           89 us
[2026-04-03T01:58:37.024+0600][12.795s][info][gc,stats    ]   Manage GCLABs                      10 us
[2026-04-03T01:58:37.024+0600][12.795s][info][gc,stats    ] Concurrent Update Refs             8333 us
[2026-04-03T01:58:37.024+0600][12.795s][info][gc,stats    ] Concurrent Update Thread Roots      825 us
[2026-04-03T01:58:37.024+0600][12.795s][info][gc,stats    ] Pause Final Update Refs (G)         504 us
[2026-04-03T01:58:37.024+0600][12.795s][info][gc,stats    ] Pause Final Update Refs (N)         215 us
[2026-04-03T01:58:37.024+0600][12.795s][info][gc,stats    ]   Update Region States               68 us
[2026-04-03T01:58:37.024+0600][12.795s][info][gc,stats    ]   Trash Collection Set               15 us
[2026-04-03T01:58:37.024+0600][12.795s][info][gc,stats    ]   Rebuild Free Set                   40 us
[2026-04-03T01:58:37.024+0600][12.795s][info][gc,stats    ] Concurrent Cleanup                  789 us
[2026-04-03T01:58:37.024+0600][12.795s][info][gc,stats    ] 
[2026-04-03T01:58:37.024+0600][12.795s][info][gc,stats    ] Allocation pacing accrued:
[2026-04-03T01:58:37.024+0600][12.795s][info][gc,stats    ]       0 of   198 ms (  0.0%): <total>
[2026-04-03T01:58:37.024+0600][12.795s][info][gc,stats    ]       0 of   198 ms (  0.0%): <average total>
[2026-04-03T01:58:37.024+0600][12.795s][info][gc,stats    ] 
[2026-04-03T01:58:37.024+0600][12.795s][info][gc,metaspace] Metaspace: 55141K(55680K)->55118K(55680K) NonClass: 48204K(48512K)->48184K(48512K) Class: 6937K(7168K)->6933K(7168K)
[2026-04-03T01:58:37.024+0600][12.795s][info][gc,ergo     ] Pacer for Idle. Initial: 20480K, Alloc Tax Rate: 1.0x
[2026-04-03T01:58:37.024+0600][12.795s][info][gc,start    ] Concurrent uncommit
[2026-04-03T01:58:37.191+0600][12.963s][info][gc          ] Concurrent uncommit 28M->31M(32M) 167.586ms
[2026-04-03T01:58:39.596+0600][15.368s][info][gc          ] Trigger: Learning 2 of 5. Free (699M) is below initial threshold (700M)
[2026-04-03T01:58:39.597+0600][15.368s][info][gc,ergo     ] Free: 699M, Max: 256K regular, 699M humongous, Frag: 0% external, 0% internal; Reserve: 51200K, Max: 256K
[2026-04-03T01:58:39.597+0600][15.368s][info][gc,start    ] GC(8) Concurrent reset
[2026-04-03T01:58:39.597+0600][15.368s][info][gc,task     ] GC(8) Using 3 of 6 workers for concurrent reset
[2026-04-03T01:58:39.597+0600][15.368s][info][gc,ergo     ] GC(8) Pacer for Reset. Non-Taxable: 1000M
[2026-04-03T01:58:39.598+0600][15.369s][info][gc          ] GC(8) Concurrent reset 1.165ms
[2026-04-03T01:58:39.598+0600][15.369s][info][gc,start    ] GC(8) Pause Init Mark (unload classes)
[2026-04-03T01:58:39.598+0600][15.369s][info][gc,task     ] GC(8) Using 6 of 6 workers for init marking
[2026-04-03T01:58:39.598+0600][15.369s][info][gc,ergo     ] GC(8) Pacer for Mark. Expected Live: 56862K, Free: 698M, Non-Taxable: 71555K, Alloc Tax Rate: 0.1x
[2026-04-03T01:58:39.598+0600][15.369s][info][gc          ] GC(8) Pause Init Mark (unload classes) 0.103ms
[2026-04-03T01:58:39.598+0600][15.369s][info][gc,start    ] GC(8) Concurrent marking roots
[2026-04-03T01:58:39.598+0600][15.369s][info][gc,task     ] GC(8) Using 3 of 6 workers for concurrent marking roots
[2026-04-03T01:58:39.600+0600][15.371s][info][gc          ] GC(8) Concurrent marking roots 1.619ms
[2026-04-03T01:58:39.600+0600][15.371s][info][gc,start    ] GC(8) Concurrent marking (unload classes)
[2026-04-03T01:58:39.600+0600][15.371s][info][gc,task     ] GC(8) Using 3 of 6 workers for concurrent marking
[2026-04-03T01:58:39.629+0600][15.401s][info][gc          ] GC(8) Concurrent marking (unload classes) 29.609ms
[2026-04-03T01:58:39.630+0600][15.401s][info][gc,start    ] GC(8) Pause Final Mark (unload classes)
[2026-04-03T01:58:39.630+0600][15.401s][info][gc,task     ] GC(8) Using 6 of 6 workers for final marking
[2026-04-03T01:58:39.630+0600][15.401s][info][gc,ergo     ] GC(8) Adaptive CSet Selection. Target Free: 141M, Actual Free: 759M, Max CSet: 42666K, Min Garbage: 0B
[2026-04-03T01:58:39.631+0600][15.402s][info][gc,ergo     ] GC(8) Collectable Garbage: 203M (98%), Immediate: 21725K (10%), CSet: 182M (88%)
[2026-04-03T01:58:39.631+0600][15.402s][info][gc,ergo     ] GC(8) Pacer for Evacuation. Used CSet: 196M, Free: 713M, Non-Taxable: 73039K, Alloc Tax Rate: 1.1x
[2026-04-03T01:58:39.631+0600][15.402s][info][gc          ] GC(8) Pause Final Mark (unload classes) 0.904ms
[2026-04-03T01:58:39.631+0600][15.402s][info][gc,start    ] GC(8) Concurrent thread roots
[2026-04-03T01:58:39.631+0600][15.402s][info][gc,task     ] GC(8) Using 3 of 6 workers for Concurrent thread roots
[2026-04-03T01:58:39.631+0600][15.403s][info][gc          ] GC(8) Concurrent thread roots 0.526ms
[2026-04-03T01:58:39.631+0600][15.403s][info][gc,start    ] GC(8) Concurrent weak references
[2026-04-03T01:58:39.631+0600][15.403s][info][gc,task     ] GC(8) Using 3 of 6 workers for concurrent weak references
[2026-04-03T01:58:39.632+0600][15.403s][info][gc,ref      ] GC(8) Encountered references: Soft: 2956, Weak: 5072, Final: 82, Phantom: 593
[2026-04-03T01:58:39.632+0600][15.403s][info][gc,ref      ] GC(8) Discovered  references: Soft: 0, Weak: 960, Final: 0, Phantom: 590
[2026-04-03T01:58:39.632+0600][15.403s][info][gc,ref      ] GC(8) Enqueued    references: Soft: 0, Weak: 565, Final: 0, Phantom: 0
[2026-04-03T01:58:39.632+0600][15.403s][info][gc          ] GC(8) Concurrent weak references 0.448ms
[2026-04-03T01:58:39.632+0600][15.403s][info][gc,start    ] GC(8) Concurrent weak roots
[2026-04-03T01:58:39.632+0600][15.403s][info][gc,task     ] GC(8) Using 3 of 6 workers for concurrent weak root
[2026-04-03T01:58:39.634+0600][15.405s][info][gc          ] GC(8) Concurrent weak roots 2.349ms
[2026-04-03T01:58:39.634+0600][15.405s][info][gc,start    ] GC(8) Concurrent cleanup
[2026-04-03T01:58:39.635+0600][15.406s][info][gc          ] GC(8) Concurrent cleanup 257M->236M(263M) 0.744ms
[2026-04-03T01:58:39.635+0600][15.406s][info][gc,ergo     ] GC(8) Free: 711M, Max: 256K regular, 687M humongous, Frag: 4% external, 0% internal; Reserve: 50783K, Max: 256K
[2026-04-03T01:58:39.635+0600][15.406s][info][gc,start    ] GC(8) Concurrent class unloading
[2026-04-03T01:58:39.635+0600][15.406s][info][gc,task     ] GC(8) Using 3 of 6 workers for concurrent class unloading
[2026-04-03T01:58:39.641+0600][15.412s][info][gc          ] GC(8) Concurrent class unloading 6.031ms
[2026-04-03T01:58:39.641+0600][15.412s][info][gc,start    ] GC(8) Concurrent strong roots
[2026-04-03T01:58:39.641+0600][15.412s][info][gc,task     ] GC(8) Using 3 of 6 workers for concurrent strong root
[2026-04-03T01:58:39.642+0600][15.414s][info][gc          ] GC(8) Concurrent strong roots 1.238ms
[2026-04-03T01:58:39.642+0600][15.414s][info][gc,start    ] GC(8) Concurrent evacuation
[2026-04-03T01:58:39.642+0600][15.414s][info][gc,task     ] GC(8) Using 3 of 6 workers for concurrent evacuation
[2026-04-03T01:58:39.658+0600][15.429s][info][gc          ] GC(8) Concurrent evacuation 15.498ms
[2026-04-03T01:58:39.658+0600][15.429s][info][gc,start    ] GC(8) Pause Init Update Refs
[2026-04-03T01:58:39.658+0600][15.430s][info][gc,ergo     ] GC(8) Pacer for Update Refs. Used: 254M, Free: 708M, Non-Taxable: 72512K, Alloc Tax Rate: 1.1x
[2026-04-03T01:58:39.658+0600][15.430s][info][gc          ] GC(8) Pause Init Update Refs 0.127ms
[2026-04-03T01:58:39.658+0600][15.430s][info][gc,start    ] GC(8) Concurrent update references
[2026-04-03T01:58:39.658+0600][15.430s][info][gc,task     ] GC(8) Using 3 of 6 workers for concurrent reference update
[2026-04-03T01:58:39.678+0600][15.450s][info][gc          ] GC(8) Concurrent update references 19.919ms
[2026-04-03T01:58:39.678+0600][15.450s][info][gc,start    ] GC(8) Concurrent update thread roots
[2026-04-03T01:58:39.679+0600][15.450s][info][gc          ] GC(8) Concurrent update thread roots 0.584ms
[2026-04-03T01:58:39.679+0600][15.450s][info][gc,start    ] GC(8) Pause Final Update Refs
[2026-04-03T01:58:39.679+0600][15.450s][info][gc,task     ] GC(8) Using 6 of 6 workers for final reference update
[2026-04-03T01:58:39.679+0600][15.451s][info][gc          ] GC(8) Pause Final Update Refs 0.186ms
[2026-04-03T01:58:39.679+0600][15.451s][info][gc,start    ] GC(8) Concurrent cleanup
[2026-04-03T01:58:39.680+0600][15.451s][info][gc          ] GC(8) Concurrent cleanup 260M->64M(276M) 0.847ms
[2026-04-03T01:58:39.680+0600][15.452s][info][gc,ergo     ] Free: 884M, Max: 256K regular, 674M humongous, Frag: 24% external, 0% internal; Reserve: 51200K, Max: 256K
[2026-04-03T01:58:39.680+0600][15.452s][info][gc,stats    ] 
[2026-04-03T01:58:39.680+0600][15.452s][info][gc,stats    ] All times are wall-clock times, except per-root-class counters, that are sum over
[2026-04-03T01:58:39.680+0600][15.452s][info][gc,stats    ] all workers. Dividing the <total> over the root stage time estimates parallelism.
[2026-04-03T01:58:39.680+0600][15.452s][info][gc,stats    ] 
[2026-04-03T01:58:39.680+0600][15.452s][info][gc,stats    ] Concurrent Reset                   1216 us
[2026-04-03T01:58:39.680+0600][15.452s][info][gc,stats    ] Pause Init Mark (G)                 401 us
[2026-04-03T01:58:39.680+0600][15.452s][info][gc,stats    ] Pause Init Mark (N)                 116 us
[2026-04-03T01:58:39.680+0600][15.452s][info][gc,stats    ]   Update Region States               28 us
[2026-04-03T01:58:39.680+0600][15.452s][info][gc,stats    ] Concurrent Mark Roots              1663 us, parallelism: 1.36x
[2026-04-03T01:58:39.680+0600][15.452s][info][gc,stats    ]   CMR: <total>                     2269 us
[2026-04-03T01:58:39.680+0600][15.452s][info][gc,stats    ]   CMR: Thread Roots                1924 us, workers (us): 1276, 155, 492, ---, ---, ---, 
[2026-04-03T01:58:39.680+0600][15.452s][info][gc,stats    ]   CMR: VM Strong Roots              143 us, workers (us):  90,  52,   1, ---, ---, ---, 
[2026-04-03T01:58:39.680+0600][15.452s][info][gc,stats    ]   CMR: CLDG Roots                   202 us, workers (us): ---, 202, ---, ---, ---, ---, 
[2026-04-03T01:58:39.680+0600][15.452s][info][gc,stats    ] Concurrent Marking                29702 us
[2026-04-03T01:58:39.681+0600][15.452s][info][gc,stats    ] Pause Final Mark (G)               1234 us
[2026-04-03T01:58:39.681+0600][15.452s][info][gc,stats    ] Pause Final Mark (N)                922 us
[2026-04-03T01:58:39.681+0600][15.452s][info][gc,stats    ]   Finish Mark                       282 us
[2026-04-03T01:58:39.681+0600][15.452s][info][gc,stats    ]   Update Region States               84 us
[2026-04-03T01:58:39.681+0600][15.452s][info][gc,stats    ]   Choose Collection Set             364 us
[2026-04-03T01:58:39.681+0600][15.452s][info][gc,stats    ]   Rebuild Free Set                   39 us
[2026-04-03T01:58:39.681+0600][15.452s][info][gc,stats    ] Concurrent Thread Roots             581 us, parallelism: 1.59x
[2026-04-03T01:58:39.681+0600][15.452s][info][gc,stats    ]   CTR: <total>                      925 us
[2026-04-03T01:58:39.681+0600][15.452s][info][gc,stats    ]   CTR: Thread Roots                 925 us, workers (us): 313, 306, 305, ---, ---, ---, 
[2026-04-03T01:58:39.681+0600][15.452s][info][gc,stats    ] Concurrent Weak References          456 us, parallelism: 1.12x
[2026-04-03T01:58:39.681+0600][15.452s][info][gc,stats    ]   CWRF: <total>                     513 us
[2026-04-03T01:58:39.681+0600][15.452s][info][gc,stats    ]   CWRF: Weak References             513 us, workers (us): 115, 338,  60, ---, ---, ---, 
[2026-04-03T01:58:39.681+0600][15.452s][info][gc,stats    ] Concurrent Weak Roots              2421 us
[2026-04-03T01:58:39.681+0600][15.452s][info][gc,stats    ]   Roots                            2033 us, parallelism: 2.65x
[2026-04-03T01:58:39.681+0600][15.452s][info][gc,stats    ]     CWR: <total>                   5387 us
[2026-04-03T01:58:39.681+0600][15.452s][info][gc,stats    ]     CWR: Code Cache Roots          3182 us, workers (us): 1059, 1082, 1041, ---, ---, ---, 
[2026-04-03T01:58:39.681+0600][15.452s][info][gc,stats    ]     CWR: VM Weak Roots             2110 us, workers (us): 725, 700, 685, ---, ---, ---, 
[2026-04-03T01:58:39.681+0600][15.452s][info][gc,stats    ]     CWR: CLDG Roots                  96 us, workers (us): ---, ---,  96, ---, ---, ---, 
[2026-04-03T01:58:39.681+0600][15.452s][info][gc,stats    ]   Rendezvous                        271 us
[2026-04-03T01:58:39.681+0600][15.452s][info][gc,stats    ] Concurrent Cleanup                  762 us
[2026-04-03T01:58:39.681+0600][15.452s][info][gc,stats    ] Concurrent Class Unloading         6112 us
[2026-04-03T01:58:39.681+0600][15.452s][info][gc,stats    ]   Unlink Stale                     4205 us
[2026-04-03T01:58:39.681+0600][15.452s][info][gc,stats    ]     System Dictionary                78 us
[2026-04-03T01:58:39.681+0600][15.452s][info][gc,stats    ]     Weak Class Links                  0 us
[2026-04-03T01:58:39.681+0600][15.452s][info][gc,stats    ]     Code Roots                     4124 us
[2026-04-03T01:58:39.681+0600][15.452s][info][gc,stats    ]   Rendezvous                        259 us
[2026-04-03T01:58:39.681+0600][15.452s][info][gc,stats    ]   Purge Unlinked                   1542 us
[2026-04-03T01:58:39.681+0600][15.452s][info][gc,stats    ]     Code Roots                     1519 us
[2026-04-03T01:58:39.681+0600][15.452s][info][gc,stats    ]     CLDG                             23 us
[2026-04-03T01:58:39.681+0600][15.452s][info][gc,stats    ]     Exception Caches                  1 us
[2026-04-03T01:58:39.681+0600][15.452s][info][gc,stats    ] Concurrent Strong Roots            1292 us, parallelism: 0.75x
[2026-04-03T01:58:39.681+0600][15.452s][info][gc,stats    ]   CSR: <total>                      967 us
[2026-04-03T01:58:39.681+0600][15.452s][info][gc,stats    ]   CSR: VM Strong Roots               28 us, workers (us):   9,   9,   9, ---, ---, ---, 
[2026-04-03T01:58:39.681+0600][15.452s][info][gc,stats    ]   CSR: CLDG Roots                   939 us, workers (us): 939, ---, ---, ---, ---, ---, 
[2026-04-03T01:58:39.681+0600][15.452s][info][gc,stats    ] Concurrent Evacuation             15580 us
[2026-04-03T01:58:39.681+0600][15.452s][info][gc,stats    ] Pause Init Update Refs (G)          343 us
[2026-04-03T01:58:39.681+0600][15.452s][info][gc,stats    ] Pause Init Update Refs (N)          144 us
[2026-04-03T01:58:39.681+0600][15.452s][info][gc,stats    ]   Manage GCLABs                      13 us
[2026-04-03T01:58:39.681+0600][15.452s][info][gc,stats    ] Concurrent Update Refs            20015 us
[2026-04-03T01:58:39.681+0600][15.452s][info][gc,stats    ] Concurrent Update Thread Roots      619 us
[2026-04-03T01:58:39.681+0600][15.452s][info][gc,stats    ] Pause Final Update Refs (G)         358 us
[2026-04-03T01:58:39.681+0600][15.452s][info][gc,stats    ] Pause Final Update Refs (N)         213 us
[2026-04-03T01:58:39.681+0600][15.452s][info][gc,stats    ]   Update Region States               70 us
[2026-04-03T01:58:39.681+0600][15.452s][info][gc,stats    ]   Trash Collection Set               20 us
[2026-04-03T01:58:39.681+0600][15.452s][info][gc,stats    ]   Rebuild Free Set                   49 us
[2026-04-03T01:58:39.681+0600][15.452s][info][gc,stats    ] Concurrent Cleanup                  863 us
[2026-04-03T01:58:39.681+0600][15.452s][info][gc,stats    ] 
[2026-04-03T01:58:39.681+0600][15.452s][info][gc,stats    ] Allocation pacing accrued:
[2026-04-03T01:58:39.681+0600][15.452s][info][gc,stats    ]       0 of  2657 ms (  0.0%): <total>
[2026-04-03T01:58:39.681+0600][15.452s][info][gc,stats    ]       0 of  2657 ms (  0.0%): <average total>
[2026-04-03T01:58:39.681+0600][15.452s][info][gc,stats    ] 
[2026-04-03T01:58:39.681+0600][15.452s][info][gc,metaspace] Metaspace: 61518K(62208K)->61526K(62208K) NonClass: 53809K(54208K)->53817K(54208K) Class: 7709K(8000K)->7709K(8000K)
[2026-04-03T01:58:39.681+0600][15.452s][info][gc,ergo     ] Pacer for Idle. Initial: 20480K, Alloc Tax Rate: 1.0x
[2026-04-03T01:58:39.816+0600][15.587s][info][gc          ] Trigger: Learning 3 of 5. Free (698M) is below initial threshold (700M)
[2026-04-03T01:58:39.816+0600][15.587s][info][gc,ergo     ] Free: 698M, Max: 256K regular, 674M humongous, Frag: 4% external, 0% internal; Reserve: 51200K, Max: 256K
[2026-04-03T01:58:39.816+0600][15.587s][info][gc,start    ] GC(9) Concurrent reset
[2026-04-03T01:58:39.816+0600][15.587s][info][gc,task     ] GC(9) Using 3 of 6 workers for concurrent reset
[2026-04-03T01:58:39.816+0600][15.587s][info][gc,ergo     ] GC(9) Pacer for Reset. Non-Taxable: 1000M
[2026-04-03T01:58:39.817+0600][15.588s][info][gc          ] GC(9) Concurrent reset 1.044ms
[2026-04-03T01:58:39.817+0600][15.589s][info][gc,start    ] GC(9) Pause Init Mark (unload classes)
[2026-04-03T01:58:39.817+0600][15.589s][info][gc,task     ] GC(9) Using 6 of 6 workers for init marking
[2026-04-03T01:58:39.818+0600][15.589s][info][gc,ergo     ] GC(9) Pacer for Mark. Expected Live: 60644K, Free: 696M, Non-Taxable: 71331K, Alloc Tax Rate: 0.1x
[2026-04-03T01:58:39.818+0600][15.589s][info][gc          ] GC(9) Pause Init Mark (unload classes) 0.089ms
[2026-04-03T01:58:39.818+0600][15.589s][info][gc,start    ] GC(9) Concurrent marking roots
[2026-04-03T01:58:39.818+0600][15.589s][info][gc,task     ] GC(9) Using 3 of 6 workers for concurrent marking roots
[2026-04-03T01:58:39.818+0600][15.589s][info][gc          ] GC(9) Concurrent marking roots 0.505ms
[2026-04-03T01:58:39.818+0600][15.589s][info][gc,start    ] GC(9) Concurrent marking (unload classes)
[2026-04-03T01:58:39.818+0600][15.589s][info][gc,task     ] GC(9) Using 3 of 6 workers for concurrent marking
[2026-04-03T01:58:39.849+0600][15.620s][info][gc          ] GC(9) Concurrent marking (unload classes) 30.687ms
[2026-04-03T01:58:39.849+0600][15.620s][info][gc,start    ] GC(9) Pause Final Mark (unload classes)
[2026-04-03T01:58:39.849+0600][15.620s][info][gc,task     ] GC(9) Using 6 of 6 workers for final marking
[2026-04-03T01:58:39.850+0600][15.621s][info][gc,ergo     ] GC(9) Adaptive CSet Selection. Target Free: 141M, Actual Free: 716M, Max CSet: 42666K, Min Garbage: 0B
[2026-04-03T01:58:39.850+0600][15.621s][info][gc,ergo     ] GC(9) Collectable Garbage: 191M (98%), Immediate: 1536K (0%), CSet: 189M (98%)
[2026-04-03T01:58:39.850+0600][15.621s][info][gc,ergo     ] GC(9) Pacer for Evacuation. Used CSet: 207M, Free: 667M, Non-Taxable: 68306K, Alloc Tax Rate: 1.1x
[2026-04-03T01:58:39.850+0600][15.621s][info][gc          ] GC(9) Pause Final Mark (unload classes) 0.772ms
[2026-04-03T01:58:39.850+0600][15.621s][info][gc,start    ] GC(9) Concurrent thread roots
[2026-04-03T01:58:39.850+0600][15.621s][info][gc,task     ] GC(9) Using 3 of 6 workers for Concurrent thread roots
[2026-04-03T01:58:39.850+0600][15.622s][info][gc          ] GC(9) Concurrent thread roots 0.443ms
[2026-04-03T01:58:39.850+0600][15.622s][info][gc,start    ] GC(9) Concurrent weak references
[2026-04-03T01:58:39.850+0600][15.622s][info][gc,task     ] GC(9) Using 3 of 6 workers for concurrent weak references
[2026-04-03T01:58:39.851+0600][15.622s][info][gc,ref      ] GC(9) Encountered references: Soft: 2956, Weak: 4507, Final: 82, Phantom: 593
[2026-04-03T01:58:39.851+0600][15.622s][info][gc,ref      ] GC(9) Discovered  references: Soft: 0, Weak: 2220, Final: 48, Phantom: 590
[2026-04-03T01:58:39.851+0600][15.622s][info][gc,ref      ] GC(9) Enqueued    references: Soft: 0, Weak: 0, Final: 0, Phantom: 0
[2026-04-03T01:58:39.851+0600][15.622s][info][gc          ] GC(9) Concurrent weak references 0.518ms
[2026-04-03T01:58:39.851+0600][15.622s][info][gc,start    ] GC(9) Concurrent weak roots
[2026-04-03T01:58:39.851+0600][15.622s][info][gc,task     ] GC(9) Using 3 of 6 workers for concurrent weak root
[2026-04-03T01:58:39.852+0600][15.624s][info][gc          ] GC(9) Concurrent weak roots 1.427ms
[2026-04-03T01:58:39.852+0600][15.624s][info][gc,start    ] GC(9) Concurrent cleanup
[2026-04-03T01:58:39.853+0600][15.624s][info][gc          ] GC(9) Concurrent cleanup 284M->283M(287M) 0.554ms
[2026-04-03T01:58:39.853+0600][15.624s][info][gc,ergo     ] GC(9) Free: 665M, Max: 256K regular, 663M humongous, Frag: 1% external, 0% internal; Reserve: 51191K, Max: 256K
[2026-04-03T01:58:39.853+0600][15.624s][info][gc,start    ] GC(9) Concurrent class unloading
[2026-04-03T01:58:39.853+0600][15.624s][info][gc,task     ] GC(9) Using 3 of 6 workers for concurrent class unloading
[2026-04-03T01:58:39.857+0600][15.628s][info][gc          ] GC(9) Concurrent class unloading 3.511ms
[2026-04-03T01:58:39.857+0600][15.628s][info][gc,start    ] GC(9) Concurrent strong roots
[2026-04-03T01:58:39.857+0600][15.628s][info][gc,task     ] GC(9) Using 3 of 6 workers for concurrent strong root
[2026-04-03T01:58:39.857+0600][15.628s][info][gc          ] GC(9) Concurrent strong roots 0.451ms
[2026-04-03T01:58:39.857+0600][15.628s][info][gc,start    ] GC(9) Concurrent evacuation
[2026-04-03T01:58:39.857+0600][15.628s][info][gc,task     ] GC(9) Using 3 of 6 workers for concurrent evacuation
[2026-04-03T01:58:39.872+0600][15.643s][info][gc          ] GC(9) Concurrent evacuation 15.012ms
[2026-04-03T01:58:39.872+0600][15.644s][info][gc,start    ] GC(9) Pause Init Update Refs
[2026-04-03T01:58:39.872+0600][15.644s][info][gc,ergo     ] GC(9) Pacer for Update Refs. Used: 309M, Free: 656M, Non-Taxable: 67236K, Alloc Tax Rate: 1.1x
[2026-04-03T01:58:39.872+0600][15.644s][info][gc          ] GC(9) Pause Init Update Refs 0.057ms
[2026-04-03T01:58:39.873+0600][15.644s][info][gc,start    ] GC(9) Concurrent update references
[2026-04-03T01:58:39.873+0600][15.644s][info][gc,task     ] GC(9) Using 3 of 6 workers for concurrent reference update
[2026-04-03T01:58:39.899+0600][15.670s][info][gc          ] GC(9) Concurrent update references 26.241ms
[2026-04-03T01:58:39.899+0600][15.670s][info][gc,start    ] GC(9) Concurrent update thread roots
[2026-04-03T01:58:39.900+0600][15.671s][info][gc          ] GC(9) Concurrent update thread roots 0.643ms
[2026-04-03T01:58:39.900+0600][15.671s][info][gc,start    ] GC(9) Pause Final Update Refs
[2026-04-03T01:58:39.900+0600][15.671s][info][gc,task     ] GC(9) Using 6 of 6 workers for final reference update
[2026-04-03T01:58:39.900+0600][15.671s][info][gc          ] GC(9) Pause Final Update Refs 0.179ms
[2026-04-03T01:58:39.900+0600][15.671s][info][gc,start    ] GC(9) Concurrent cleanup
[2026-04-03T01:58:39.901+0600][15.672s][info][gc          ] GC(9) Concurrent cleanup 323M->117M(324M) 0.830ms
[2026-04-03T01:58:39.901+0600][15.672s][info][gc,ergo     ] Free: 831M, Max: 256K regular, 626M humongous, Frag: 25% external, 0% internal; Reserve: 51200K, Max: 256K
[2026-04-03T01:58:39.901+0600][15.672s][info][gc,stats    ] 
[2026-04-03T01:58:39.901+0600][15.672s][info][gc,stats    ] All times are wall-clock times, except per-root-class counters, that are sum over
[2026-04-03T01:58:39.901+0600][15.672s][info][gc,stats    ] all workers. Dividing the <total> over the root stage time estimates parallelism.
[2026-04-03T01:58:39.901+0600][15.672s][info][gc,stats    ] 
[2026-04-03T01:58:39.901+0600][15.672s][info][gc,stats    ] Concurrent Reset                   1083 us
[2026-04-03T01:58:39.901+0600][15.672s][info][gc,stats    ] Pause Init Mark (G)                 382 us
[2026-04-03T01:58:39.901+0600][15.672s][info][gc,stats    ] Pause Init Mark (N)                  95 us
[2026-04-03T01:58:39.901+0600][15.672s][info][gc,stats    ]   Update Region States               33 us
[2026-04-03T01:58:39.901+0600][15.672s][info][gc,stats    ] Concurrent Mark Roots               537 us, parallelism: 1.22x
[2026-04-03T01:58:39.901+0600][15.672s][info][gc,stats    ]   CMR: <total>                      656 us
[2026-04-03T01:58:39.901+0600][15.672s][info][gc,stats    ]   CMR: Thread Roots                 471 us, workers (us):  81, 216, 174, ---, ---, ---, 
[2026-04-03T01:58:39.901+0600][15.672s][info][gc,stats    ]   CMR: VM Strong Roots               30 us, workers (us):  29,   0,   0, ---, ---, ---, 
[2026-04-03T01:58:39.901+0600][15.672s][info][gc,stats    ]   CMR: CLDG Roots                   155 us, workers (us): 155, ---, ---, ---, ---, ---, 
[2026-04-03T01:58:39.901+0600][15.672s][info][gc,stats    ] Concurrent Marking                30751 us
[2026-04-03T01:58:39.901+0600][15.672s][info][gc,stats    ] Pause Final Mark (G)               1096 us
[2026-04-03T01:58:39.901+0600][15.672s][info][gc,stats    ] Pause Final Mark (N)                782 us
[2026-04-03T01:58:39.901+0600][15.672s][info][gc,stats    ]   Finish Mark                       304 us
[2026-04-03T01:58:39.901+0600][15.672s][info][gc,stats    ]   Update Region States               48 us
[2026-04-03T01:58:39.901+0600][15.672s][info][gc,stats    ]   Choose Collection Set             278 us
[2026-04-03T01:58:39.901+0600][15.672s][info][gc,stats    ]   Rebuild Free Set                   40 us
[2026-04-03T01:58:39.901+0600][15.672s][info][gc,stats    ] Concurrent Thread Roots             491 us, parallelism: 1.55x
[2026-04-03T01:58:39.901+0600][15.672s][info][gc,stats    ]   CTR: <total>                      764 us
[2026-04-03T01:58:39.901+0600][15.672s][info][gc,stats    ]   CTR: Thread Roots                 764 us, workers (us): 277, 276, 211, ---, ---, ---, 
[2026-04-03T01:58:39.901+0600][15.672s][info][gc,stats    ] Concurrent Weak References          527 us, parallelism: 0.86x
[2026-04-03T01:58:39.901+0600][15.672s][info][gc,stats    ]   CWRF: <total>                     455 us
[2026-04-03T01:58:39.901+0600][15.672s][info][gc,stats    ]   CWRF: Weak References             455 us, workers (us): 339, 115,   1, ---, ---, ---, 
[2026-04-03T01:58:39.901+0600][15.672s][info][gc,stats    ] Concurrent Weak Roots              1468 us
[2026-04-03T01:58:39.901+0600][15.672s][info][gc,stats    ]   Roots                            1219 us, parallelism: 2.14x
[2026-04-03T01:58:39.901+0600][15.672s][info][gc,stats    ]     CWR: <total>                   2613 us
[2026-04-03T01:58:39.901+0600][15.672s][info][gc,stats    ]     CWR: Code Cache Roots          1510 us, workers (us): 484, 472, 553, ---, ---, ---, 
[2026-04-03T01:58:39.901+0600][15.673s][info][gc,stats    ]     CWR: VM Weak Roots             1069 us, workers (us): 430, 331, 308, ---, ---, ---, 
[2026-04-03T01:58:39.901+0600][15.673s][info][gc,stats    ]     CWR: CLDG Roots                  34 us, workers (us): ---,  34, ---, ---, ---, ---, 
[2026-04-03T01:58:39.901+0600][15.673s][info][gc,stats    ]   Rendezvous                        189 us
[2026-04-03T01:58:39.901+0600][15.673s][info][gc,stats    ] Concurrent Cleanup                  567 us
[2026-04-03T01:58:39.901+0600][15.673s][info][gc,stats    ] Concurrent Class Unloading         3558 us
[2026-04-03T01:58:39.901+0600][15.673s][info][gc,stats    ]   Unlink Stale                     3119 us
[2026-04-03T01:58:39.901+0600][15.673s][info][gc,stats    ]     System Dictionary                41 us
[2026-04-03T01:58:39.901+0600][15.673s][info][gc,stats    ]     Weak Class Links                  0 us
[2026-04-03T01:58:39.901+0600][15.673s][info][gc,stats    ]     Code Roots                     3076 us
[2026-04-03T01:58:39.901+0600][15.673s][info][gc,stats    ]   Rendezvous                        236 us
[2026-04-03T01:58:39.901+0600][15.673s][info][gc,stats    ]   Purge Unlinked                    139 us
[2026-04-03T01:58:39.901+0600][15.673s][info][gc,stats    ]     Code Roots                      131 us
[2026-04-03T01:58:39.901+0600][15.673s][info][gc,stats    ]     CLDG                              8 us
[2026-04-03T01:58:39.901+0600][15.673s][info][gc,stats    ]     Exception Caches                  0 us
[2026-04-03T01:58:39.901+0600][15.673s][info][gc,stats    ] Concurrent Strong Roots             496 us, parallelism: 0.50x
[2026-04-03T01:58:39.901+0600][15.673s][info][gc,stats    ]   CSR: <total>                      247 us
[2026-04-03T01:58:39.901+0600][15.673s][info][gc,stats    ]   CSR: VM Strong Roots               17 us, workers (us):  16,   1,   0, ---, ---, ---, 
[2026-04-03T01:58:39.901+0600][15.673s][info][gc,stats    ]   CSR: CLDG Roots                   230 us, workers (us): 230, ---, ---, ---, ---, ---, 
[2026-04-03T01:58:39.901+0600][15.673s][info][gc,stats    ] Concurrent Evacuation             15078 us
[2026-04-03T01:58:39.901+0600][15.673s][info][gc,stats    ] Pause Init Update Refs (G)          304 us
[2026-04-03T01:58:39.901+0600][15.673s][info][gc,stats    ] Pause Init Update Refs (N)           72 us
[2026-04-03T01:58:39.901+0600][15.673s][info][gc,stats    ]   Manage GCLABs                      11 us
[2026-04-03T01:58:39.901+0600][15.673s][info][gc,stats    ] Concurrent Update Refs            26338 us
[2026-04-03T01:58:39.901+0600][15.673s][info][gc,stats    ] Concurrent Update Thread Roots      714 us
[2026-04-03T01:58:39.901+0600][15.673s][info][gc,stats    ] Pause Final Update Refs (G)         585 us
[2026-04-03T01:58:39.901+0600][15.673s][info][gc,stats    ] Pause Final Update Refs (N)         194 us
[2026-04-03T01:58:39.901+0600][15.673s][info][gc,stats    ]   Update Region States               57 us
[2026-04-03T01:58:39.901+0600][15.673s][info][gc,stats    ]   Trash Collection Set               16 us
[2026-04-03T01:58:39.901+0600][15.673s][info][gc,stats    ]   Rebuild Free Set                   40 us
[2026-04-03T01:58:39.901+0600][15.673s][info][gc,stats    ] Concurrent Cleanup                  849 us
[2026-04-03T01:58:39.901+0600][15.673s][info][gc,stats    ] 
[2026-04-03T01:58:39.901+0600][15.673s][info][gc,stats    ] Allocation pacing accrued:
[2026-04-03T01:58:39.901+0600][15.673s][info][gc,stats    ]       0 of   221 ms (  0.0%): <total>
[2026-04-03T01:58:39.902+0600][15.673s][info][gc,stats    ]       0 of   221 ms (  0.0%): <average total>
[2026-04-03T01:58:39.902+0600][15.673s][info][gc,stats    ] 
[2026-04-03T01:58:39.902+0600][15.673s][info][gc,metaspace] Metaspace: 61526K(62208K)->61526K(62208K) NonClass: 53817K(54208K)->53817K(54208K) Class: 7709K(8000K)->7709K(8000K)
[2026-04-03T01:58:39.902+0600][15.673s][info][gc,ergo     ] Pacer for Idle. Initial: 20480K, Alloc Tax Rate: 1.0x
[2026-04-03T01:58:39.977+0600][15.749s][info][gc          ] Trigger: Learning 4 of 5. Free (699M) is below initial threshold (700M)
[2026-04-03T01:58:39.977+0600][15.749s][info][gc,ergo     ] Free: 699M, Max: 256K regular, 626M humongous, Frag: 11% external, 0% internal; Reserve: 51200K, Max: 256K
[2026-04-03T01:58:39.977+0600][15.749s][info][gc,start    ] GC(10) Concurrent reset
[2026-04-03T01:58:39.977+0600][15.749s][info][gc,task     ] GC(10) Using 3 of 6 workers for concurrent reset
[2026-04-03T01:58:39.977+0600][15.749s][info][gc,ergo     ] GC(10) Pacer for Reset. Non-Taxable: 1000M
[2026-04-03T01:58:39.978+0600][15.750s][info][gc          ] GC(10) Concurrent reset 0.930ms
[2026-04-03T01:58:39.979+0600][15.750s][info][gc,start    ] GC(10) Pause Init Mark (unload classes)
[2026-04-03T01:58:39.979+0600][15.750s][info][gc,task     ] GC(10) Using 6 of 6 workers for init marking
[2026-04-03T01:58:39.979+0600][15.750s][info][gc,ergo     ] GC(10) Pacer for Mark. Expected Live: 65312K, Free: 697M, Non-Taxable: 71409K, Alloc Tax Rate: 0.1x
[2026-04-03T01:58:39.979+0600][15.750s][info][gc          ] GC(10) Pause Init Mark (unload classes) 0.087ms
[2026-04-03T01:58:39.979+0600][15.750s][info][gc,start    ] GC(10) Concurrent marking roots
[2026-04-03T01:58:39.979+0600][15.750s][info][gc,task     ] GC(10) Using 3 of 6 workers for concurrent marking roots
[2026-04-03T01:58:39.979+0600][15.751s][info][gc          ] GC(10) Concurrent marking roots 0.631ms
[2026-04-03T01:58:39.979+0600][15.751s][info][gc,start    ] GC(10) Concurrent marking (unload classes)
[2026-04-03T01:58:39.979+0600][15.751s][info][gc,task     ] GC(10) Using 3 of 6 workers for concurrent marking
[2026-04-03T01:58:40.014+0600][15.785s][info][gc          ] GC(10) Concurrent marking (unload classes) 34.825ms
[2026-04-03T01:58:40.014+0600][15.786s][info][gc,start    ] GC(10) Pause Final Mark (unload classes)
[2026-04-03T01:58:40.015+0600][15.786s][info][gc,task     ] GC(10) Using 6 of 6 workers for final marking
[2026-04-03T01:58:40.015+0600][15.786s][info][gc,ergo     ] GC(10) Adaptive CSet Selection. Target Free: 141M, Actual Free: 702M, Max CSet: 42666K, Min Garbage: 0B
[2026-04-03T01:58:40.015+0600][15.786s][info][gc,ergo     ] GC(10) Collectable Garbage: 174M (98%), Immediate: 0B (0%), CSet: 174M (98%)
[2026-04-03T01:58:40.015+0600][15.787s][info][gc,ergo     ] GC(10) Pacer for Evacuation. Used CSet: 190M, Free: 652M, Non-Taxable: 66794K, Alloc Tax Rate: 1.1x
[2026-04-03T01:58:40.015+0600][15.787s][info][gc          ] GC(10) Pause Final Mark (unload classes) 0.850ms
[2026-04-03T01:58:40.016+0600][15.787s][info][gc,start    ] GC(10) Concurrent thread roots
[2026-04-03T01:58:40.016+0600][15.787s][info][gc,task     ] GC(10) Using 3 of 6 workers for Concurrent thread roots
[2026-04-03T01:58:40.016+0600][15.787s][info][gc          ] GC(10) Concurrent thread roots 0.536ms
[2026-04-03T01:58:40.016+0600][15.787s][info][gc,start    ] GC(10) Concurrent weak references
[2026-04-03T01:58:40.016+0600][15.787s][info][gc,task     ] GC(10) Using 3 of 6 workers for concurrent weak references
[2026-04-03T01:58:40.016+0600][15.787s][info][gc,ref      ] GC(10) Encountered references: Soft: 2956, Weak: 4507, Final: 82, Phantom: 593
[2026-04-03T01:58:40.016+0600][15.788s][info][gc,ref      ] GC(10) Discovered  references: Soft: 0, Weak: 345, Final: 0, Phantom: 590
[2026-04-03T01:58:40.016+0600][15.788s][info][gc,ref      ] GC(10) Enqueued    references: Soft: 0, Weak: 0, Final: 0, Phantom: 0
[2026-04-03T01:58:40.016+0600][15.788s][info][gc          ] GC(10) Concurrent weak references 0.259ms
[2026-04-03T01:58:40.016+0600][15.788s][info][gc,start    ] GC(10) Concurrent weak roots
[2026-04-03T01:58:40.016+0600][15.788s][info][gc,task     ] GC(10) Using 3 of 6 workers for concurrent weak root
[2026-04-03T01:58:40.018+0600][15.789s][info][gc          ] GC(10) Concurrent weak roots 1.488ms
[2026-04-03T01:58:40.018+0600][15.789s][info][gc,start    ] GC(10) Concurrent cleanup
[2026-04-03T01:58:40.018+0600][15.789s][info][gc          ] GC(10) Concurrent cleanup 298M->298M(324M) 0.209ms
[2026-04-03T01:58:40.018+0600][15.789s][info][gc,ergo     ] GC(10) Free: 649M, Max: 256K regular, 626M humongous, Frag: 4% external, 0% internal; Reserve: 51195K, Max: 256K
[2026-04-03T01:58:40.018+0600][15.789s][info][gc,start    ] GC(10) Concurrent class unloading
[2026-04-03T01:58:40.018+0600][15.789s][info][gc,task     ] GC(10) Using 3 of 6 workers for concurrent class unloading
[2026-04-03T01:58:40.035+0600][15.806s][info][gc          ] GC(10) Concurrent class unloading 17.088ms
[2026-04-03T01:58:40.035+0600][15.807s][info][gc,start    ] GC(10) Concurrent strong roots
[2026-04-03T01:58:40.035+0600][15.807s][info][gc,task     ] GC(10) Using 3 of 6 workers for concurrent strong root
[2026-04-03T01:58:40.036+0600][15.807s][info][gc          ] GC(10) Concurrent strong roots 0.564ms
[2026-04-03T01:58:40.036+0600][15.807s][info][gc,start    ] GC(10) Concurrent evacuation
[2026-04-03T01:58:40.036+0600][15.807s][info][gc,task     ] GC(10) Using 3 of 6 workers for concurrent evacuation
[2026-04-03T01:58:40.047+0600][15.819s][info][gc          ] GC(10) Concurrent evacuation 11.488ms
[2026-04-03T01:58:40.048+0600][15.819s][info][gc,start    ] GC(10) Pause Init Update Refs
[2026-04-03T01:58:40.048+0600][15.819s][info][gc,ergo     ] GC(10) Pacer for Update Refs. Used: 332M, Free: 632M, Non-Taxable: 64779K, Alloc Tax Rate: 1.1x
[2026-04-03T01:58:40.048+0600][15.819s][info][gc          ] GC(10) Pause Init Update Refs 0.128ms
[2026-04-03T01:58:40.048+0600][15.819s][info][gc,start    ] GC(10) Concurrent update references
[2026-04-03T01:58:40.048+0600][15.819s][info][gc,task     ] GC(10) Using 3 of 6 workers for concurrent reference update
[2026-04-03T01:58:40.082+0600][15.853s][info][gc          ] GC(10) Concurrent update references 33.862ms
[2026-04-03T01:58:40.082+0600][15.853s][info][gc,start    ] GC(10) Concurrent update thread roots
[2026-04-03T01:58:40.083+0600][15.854s][info][gc          ] GC(10) Concurrent update thread roots 0.647ms
[2026-04-03T01:58:40.083+0600][15.854s][info][gc,start    ] GC(10) Pause Final Update Refs
[2026-04-03T01:58:40.083+0600][15.854s][info][gc,task     ] GC(10) Using 6 of 6 workers for final reference update
[2026-04-03T01:58:40.083+0600][15.854s][info][gc          ] GC(10) Pause Final Update Refs 0.162ms
[2026-04-03T01:58:40.083+0600][15.854s][info][gc,start    ] GC(10) Concurrent cleanup
[2026-04-03T01:58:40.084+0600][15.855s][info][gc          ] GC(10) Concurrent cleanup 355M->165M(357M) 0.691ms
[2026-04-03T01:58:40.084+0600][15.855s][info][gc,ergo     ] Free: 783M, Max: 256K regular, 593M humongous, Frag: 25% external, 0% internal; Reserve: 51200K, Max: 256K
[2026-04-03T01:58:40.084+0600][15.855s][info][gc,stats    ] 
[2026-04-03T01:58:40.084+0600][15.855s][info][gc,stats    ] All times are wall-clock times, except per-root-class counters, that are sum over
[2026-04-03T01:58:40.084+0600][15.855s][info][gc,stats    ] all workers. Dividing the <total> over the root stage time estimates parallelism.
[2026-04-03T01:58:40.084+0600][15.855s][info][gc,stats    ] 
[2026-04-03T01:58:40.084+0600][15.855s][info][gc,stats    ] Concurrent Reset                    970 us
[2026-04-03T01:58:40.084+0600][15.855s][info][gc,stats    ] Pause Init Mark (G)                 303 us
[2026-04-03T01:58:40.084+0600][15.855s][info][gc,stats    ] Pause Init Mark (N)                  93 us
[2026-04-03T01:58:40.084+0600][15.855s][info][gc,stats    ]   Update Region States               24 us
[2026-04-03T01:58:40.084+0600][15.855s][info][gc,stats    ] Concurrent Mark Roots               665 us, parallelism: 1.08x
[2026-04-03T01:58:40.084+0600][15.855s][info][gc,stats    ]   CMR: <total>                      721 us
[2026-04-03T01:58:40.084+0600][15.855s][info][gc,stats    ]   CMR: Thread Roots                 499 us, workers (us):  61, 218, 220, ---, ---, ---, 
[2026-04-03T01:58:40.084+0600][15.855s][info][gc,stats    ]   CMR: VM Strong Roots               12 us, workers (us):  11,   1,   1, ---, ---, ---, 
[2026-04-03T01:58:40.084+0600][15.855s][info][gc,stats    ]   CMR: CLDG Roots                   210 us, workers (us): 210, ---, ---, ---, ---, ---, 
[2026-04-03T01:58:40.084+0600][15.855s][info][gc,stats    ] Concurrent Marking                34896 us
[2026-04-03T01:58:40.084+0600][15.855s][info][gc,stats    ] Pause Final Mark (G)               1244 us
[2026-04-03T01:58:40.084+0600][15.855s][info][gc,stats    ] Pause Final Mark (N)                864 us
[2026-04-03T01:58:40.084+0600][15.855s][info][gc,stats    ]   Finish Mark                       413 us
[2026-04-03T01:58:40.084+0600][15.855s][info][gc,stats    ]   Update Region States               49 us
[2026-04-03T01:58:40.084+0600][15.855s][info][gc,stats    ]   Choose Collection Set             244 us
[2026-04-03T01:58:40.084+0600][15.855s][info][gc,stats    ]   Rebuild Free Set                   38 us
[2026-04-03T01:58:40.084+0600][15.855s][info][gc,stats    ] Concurrent Thread Roots             570 us, parallelism: 1.31x
[2026-04-03T01:58:40.084+0600][15.855s][info][gc,stats    ]   CTR: <total>                      745 us
[2026-04-03T01:58:40.084+0600][15.855s][info][gc,stats    ]   CTR: Thread Roots                 745 us, workers (us): 279, 243, 222, ---, ---, ---, 
[2026-04-03T01:58:40.084+0600][15.855s][info][gc,stats    ] Concurrent Weak References          270 us, parallelism: 0.37x
[2026-04-03T01:58:40.084+0600][15.855s][info][gc,stats    ]   CWRF: <total>                     101 us
[2026-04-03T01:58:40.084+0600][15.855s][info][gc,stats    ]   CWRF: Weak References             101 us, workers (us):  42,  43,  16, ---, ---, ---, 
[2026-04-03T01:58:40.084+0600][15.855s][info][gc,stats    ] Concurrent Weak Roots              1531 us
[2026-04-03T01:58:40.084+0600][15.855s][info][gc,stats    ]   Roots                            1266 us, parallelism: 2.23x
[2026-04-03T01:58:40.084+0600][15.855s][info][gc,stats    ]     CWR: <total>                   2818 us
[2026-04-03T01:58:40.084+0600][15.855s][info][gc,stats    ]     CWR: Code Cache Roots          1753 us, workers (us): 628, 573, 551, ---, ---, ---, 
[2026-04-03T01:58:40.084+0600][15.855s][info][gc,stats    ]     CWR: VM Weak Roots             1035 us, workers (us): 362, 347, 326, ---, ---, ---, 
[2026-04-03T01:58:40.084+0600][15.855s][info][gc,stats    ]     CWR: CLDG Roots                  30 us, workers (us):  30, ---, ---, ---, ---, ---, 
[2026-04-03T01:58:40.084+0600][15.855s][info][gc,stats    ]   Rendezvous                        197 us
[2026-04-03T01:58:40.084+0600][15.855s][info][gc,stats    ] Concurrent Cleanup                  225 us
[2026-04-03T01:58:40.084+0600][15.855s][info][gc,stats    ] Concurrent Class Unloading        17150 us
[2026-04-03T01:58:40.084+0600][15.855s][info][gc,stats    ]   Unlink Stale                     3092 us
[2026-04-03T01:58:40.084+0600][15.855s][info][gc,stats    ]     System Dictionary                82 us
[2026-04-03T01:58:40.084+0600][15.855s][info][gc,stats    ]     Weak Class Links                  0 us
[2026-04-03T01:58:40.084+0600][15.855s][info][gc,stats    ]     Code Roots                     3006 us
[2026-04-03T01:58:40.084+0600][15.855s][info][gc,stats    ]   Rendezvous                      13891 us
[2026-04-03T01:58:40.084+0600][15.855s][info][gc,stats    ]   Purge Unlinked                     78 us
[2026-04-03T01:58:40.084+0600][15.855s][info][gc,stats    ]     Code Roots                       71 us
[2026-04-03T01:58:40.084+0600][15.855s][info][gc,stats    ]     CLDG                              6 us
[2026-04-03T01:58:40.084+0600][15.855s][info][gc,stats    ]     Exception Caches                  0 us
[2026-04-03T01:58:40.084+0600][15.855s][info][gc,stats    ] Concurrent Strong Roots             594 us, parallelism: 0.52x
[2026-04-03T01:58:40.084+0600][15.855s][info][gc,stats    ]   CSR: <total>                      308 us
[2026-04-03T01:58:40.084+0600][15.855s][info][gc,stats    ]   CSR: VM Strong Roots               12 us, workers (us):  11,   1,   0, ---, ---, ---, 
[2026-04-03T01:58:40.084+0600][15.855s][info][gc,stats    ]   CSR: CLDG Roots                   295 us, workers (us): 295, ---, ---, ---, ---, ---, 
[2026-04-03T01:58:40.084+0600][15.855s][info][gc,stats    ] Concurrent Evacuation             11562 us
[2026-04-03T01:58:40.084+0600][15.855s][info][gc,stats    ] Pause Init Update Refs (G)          368 us
[2026-04-03T01:58:40.084+0600][15.855s][info][gc,stats    ] Pause Init Update Refs (N)          138 us
[2026-04-03T01:58:40.084+0600][15.855s][info][gc,stats    ]   Manage GCLABs                      12 us
[2026-04-03T01:58:40.084+0600][15.855s][info][gc,stats    ] Concurrent Update Refs            34003 us
[2026-04-03T01:58:40.084+0600][15.855s][info][gc,stats    ] Concurrent Update Thread Roots      691 us
[2026-04-03T01:58:40.084+0600][15.855s][info][gc,stats    ] Pause Final Update Refs (G)         499 us
[2026-04-03T01:58:40.084+0600][15.855s][info][gc,stats    ] Pause Final Update Refs (N)         176 us
[2026-04-03T01:58:40.084+0600][15.855s][info][gc,stats    ]   Update Region States               48 us
[2026-04-03T01:58:40.084+0600][15.855s][info][gc,stats    ]   Trash Collection Set               17 us
[2026-04-03T01:58:40.084+0600][15.855s][info][gc,stats    ]   Rebuild Free Set                   38 us
[2026-04-03T01:58:40.084+0600][15.855s][info][gc,stats    ] Concurrent Cleanup                  709 us
[2026-04-03T01:58:40.084+0600][15.855s][info][gc,stats    ] 
[2026-04-03T01:58:40.084+0600][15.855s][info][gc,stats    ] Allocation pacing accrued:
[2026-04-03T01:58:40.084+0600][15.855s][info][gc,stats    ]       0 of   183 ms (  0.0%): <total>
[2026-04-03T01:58:40.084+0600][15.855s][info][gc,stats    ]       0 of   183 ms (  0.0%): <average total>
[2026-04-03T01:58:40.084+0600][15.855s][info][gc,stats    ] 
[2026-04-03T01:58:40.084+0600][15.855s][info][gc,metaspace] Metaspace: 61526K(62208K)->61527K(62208K) NonClass: 53817K(54208K)->53818K(54208K) Class: 7709K(8000K)->7709K(8000K)
[2026-04-03T01:58:40.084+0600][15.855s][info][gc,ergo     ] Pacer for Idle. Initial: 20480K, Alloc Tax Rate: 1.0x
[2026-04-03T01:58:40.132+0600][15.903s][info][gc          ] Trigger: Learning 5 of 5. Free (698M) is below initial threshold (700M)
[2026-04-03T01:58:40.132+0600][15.903s][info][gc,ergo     ] Free: 698M, Max: 256K regular, 593M humongous, Frag: 16% external, 0% internal; Reserve: 51200K, Max: 256K
[2026-04-03T01:58:40.132+0600][15.903s][info][gc,start    ] GC(11) Concurrent reset
[2026-04-03T01:58:40.132+0600][15.903s][info][gc,task     ] GC(11) Using 3 of 6 workers for concurrent reset
[2026-04-03T01:58:40.132+0600][15.903s][info][gc,ergo     ] GC(11) Pacer for Reset. Non-Taxable: 1000M
[2026-04-03T01:58:40.133+0600][15.904s][info][gc          ] GC(11) Concurrent reset 0.932ms
[2026-04-03T01:58:40.133+0600][15.904s][info][gc,start    ] GC(11) Pause Init Mark (unload classes)
[2026-04-03T01:58:40.133+0600][15.904s][info][gc,task     ] GC(11) Using 6 of 6 workers for init marking
[2026-04-03T01:58:40.133+0600][15.904s][info][gc,ergo     ] GC(11) Pacer for Mark. Expected Live: 69726K, Free: 696M, Non-Taxable: 71340K, Alloc Tax Rate: 0.1x
[2026-04-03T01:58:40.133+0600][15.904s][info][gc          ] GC(11) Pause Init Mark (unload classes) 0.100ms
[2026-04-03T01:58:40.133+0600][15.904s][info][gc,start    ] GC(11) Concurrent marking roots
[2026-04-03T01:58:40.133+0600][15.905s][info][gc,task     ] GC(11) Using 3 of 6 workers for concurrent marking roots
[2026-04-03T01:58:40.134+0600][15.905s][info][gc          ] GC(11) Concurrent marking roots 0.623ms
[2026-04-03T01:58:40.134+0600][15.905s][info][gc,start    ] GC(11) Concurrent marking (unload classes)
[2026-04-03T01:58:40.134+0600][15.905s][info][gc,task     ] GC(11) Using 3 of 6 workers for concurrent marking
[2026-04-03T01:58:40.174+0600][15.945s][info][gc          ] GC(11) Concurrent marking (unload classes) 40.185ms
[2026-04-03T01:58:40.174+0600][15.946s][info][gc,start    ] GC(11) Pause Final Mark (unload classes)
[2026-04-03T01:58:40.174+0600][15.946s][info][gc,task     ] GC(11) Using 6 of 6 workers for final marking
[2026-04-03T01:58:40.175+0600][15.946s][info][gc,ergo     ] GC(11) Adaptive CSet Selection. Target Free: 141M, Actual Free: 695M, Max CSet: 42666K, Min Garbage: 0B
[2026-04-03T01:58:40.175+0600][15.946s][info][gc,ergo     ] GC(11) Collectable Garbage: 158M (98%), Immediate: 2048K (1%), CSet: 156M (97%)
[2026-04-03T01:58:40.175+0600][15.946s][info][gc,ergo     ] GC(11) Pacer for Evacuation. Used CSet: 171M, Free: 646M, Non-Taxable: 66158K, Alloc Tax Rate: 1.1x
[2026-04-03T01:58:40.175+0600][15.946s][info][gc          ] GC(11) Pause Final Mark (unload classes) 0.606ms
[2026-04-03T01:58:40.175+0600][15.946s][info][gc,start    ] GC(11) Concurrent thread roots
[2026-04-03T01:58:40.175+0600][15.946s][info][gc,task     ] GC(11) Using 3 of 6 workers for Concurrent thread roots
[2026-04-03T01:58:40.176+0600][15.947s][info][gc          ] GC(11) Concurrent thread roots 0.671ms
[2026-04-03T01:58:40.176+0600][15.947s][info][gc,start    ] GC(11) Concurrent weak references
[2026-04-03T01:58:40.176+0600][15.947s][info][gc,task     ] GC(11) Using 3 of 6 workers for concurrent weak references
[2026-04-03T01:58:40.176+0600][15.947s][info][gc,ref      ] GC(11) Encountered references: Soft: 2956, Weak: 4507, Final: 82, Phantom: 593
[2026-04-03T01:58:40.176+0600][15.947s][info][gc,ref      ] GC(11) Discovered  references: Soft: 0, Weak: 235, Final: 0, Phantom: 590
[2026-04-03T01:58:40.176+0600][15.947s][info][gc,ref      ] GC(11) Enqueued    references: Soft: 0, Weak: 0, Final: 0, Phantom: 0
[2026-04-03T01:58:40.176+0600][15.947s][info][gc          ] GC(11) Concurrent weak references 0.399ms
[2026-04-03T01:58:40.176+0600][15.947s][info][gc,start    ] GC(11) Concurrent weak roots
[2026-04-03T01:58:40.176+0600][15.947s][info][gc,task     ] GC(11) Using 3 of 6 workers for concurrent weak root
[2026-04-03T01:58:40.178+0600][15.949s][info][gc          ] GC(11) Concurrent weak roots 1.737ms
[2026-04-03T01:58:40.178+0600][15.949s][info][gc,start    ] GC(11) Concurrent cleanup
[2026-04-03T01:58:40.179+0600][15.950s][info][gc          ] GC(11) Concurrent cleanup 307M->306M(357M) 0.540ms
[2026-04-03T01:58:40.179+0600][15.950s][info][gc,ergo     ] GC(11) Free: 642M, Max: 256K regular, 593M humongous, Frag: 8% external, 0% internal; Reserve: 51200K, Max: 256K
[2026-04-03T01:58:40.179+0600][15.950s][info][gc,start    ] GC(11) Concurrent class unloading
[2026-04-03T01:58:40.179+0600][15.950s][info][gc,task     ] GC(11) Using 3 of 6 workers for concurrent class unloading
[2026-04-03T01:58:40.182+0600][15.953s][info][gc          ] GC(11) Concurrent class unloading 3.044ms
[2026-04-03T01:58:40.182+0600][15.953s][info][gc,start    ] GC(11) Concurrent strong roots
[2026-04-03T01:58:40.182+0600][15.953s][info][gc,task     ] GC(11) Using 3 of 6 workers for concurrent strong root
[2026-04-03T01:58:40.182+0600][15.953s][info][gc          ] GC(11) Concurrent strong roots 0.551ms
[2026-04-03T01:58:40.182+0600][15.954s][info][gc,start    ] GC(11) Concurrent evacuation
[2026-04-03T01:58:40.182+0600][15.954s][info][gc,task     ] GC(11) Using 3 of 6 workers for concurrent evacuation
[2026-04-03T01:58:40.195+0600][15.966s][info][gc          ] GC(11) Concurrent evacuation 12.314ms
[2026-04-03T01:58:40.195+0600][15.966s][info][gc,start    ] GC(11) Pause Init Update Refs
[2026-04-03T01:58:40.195+0600][15.966s][info][gc,ergo     ] GC(11) Pacer for Update Refs. Used: 339M, Free: 624M, Non-Taxable: 63901K, Alloc Tax Rate: 1.1x
[2026-04-03T01:58:40.195+0600][15.966s][info][gc          ] GC(11) Pause Init Update Refs 0.087ms
[2026-04-03T01:58:40.195+0600][15.966s][info][gc,start    ] GC(11) Concurrent update references
[2026-04-03T01:58:40.195+0600][15.966s][info][gc,task     ] GC(11) Using 3 of 6 workers for concurrent reference update
[2026-04-03T01:58:40.234+0600][16.005s][info][gc          ] GC(11) Concurrent update references 39.059ms
[2026-04-03T01:58:40.234+0600][16.005s][info][gc,start    ] GC(11) Concurrent update thread roots
[2026-04-03T01:58:40.235+0600][16.006s][info][gc          ] GC(11) Concurrent update thread roots 0.586ms
[2026-04-03T01:58:40.235+0600][16.006s][info][gc,start    ] GC(11) Pause Final Update Refs
[2026-04-03T01:58:40.235+0600][16.006s][info][gc,task     ] GC(11) Using 6 of 6 workers for final reference update
[2026-04-03T01:58:40.235+0600][16.007s][info][gc          ] GC(11) Pause Final Update Refs 0.219ms
[2026-04-03T01:58:40.235+0600][16.007s][info][gc,start    ] GC(11) Concurrent cleanup
[2026-04-03T01:58:40.236+0600][16.007s][info][gc          ] GC(11) Concurrent cleanup 377M->206M(379M) 0.329ms
[2026-04-03T01:58:40.236+0600][16.007s][info][gc,ergo     ] Free: 741M, Max: 256K regular, 571M humongous, Frag: 23% external, 0% internal; Reserve: 51200K, Max: 256K
[2026-04-03T01:58:40.236+0600][16.007s][info][gc,stats    ] 
[2026-04-03T01:58:40.236+0600][16.007s][info][gc,stats    ] All times are wall-clock times, except per-root-class counters, that are sum over
[2026-04-03T01:58:40.236+0600][16.007s][info][gc,stats    ] all workers. Dividing the <total> over the root stage time estimates parallelism.
[2026-04-03T01:58:40.236+0600][16.007s][info][gc,stats    ] 
[2026-04-03T01:58:40.236+0600][16.007s][info][gc,stats    ] Concurrent Reset                    967 us
[2026-04-03T01:58:40.236+0600][16.007s][info][gc,stats    ] Pause Init Mark (G)                 377 us
[2026-04-03T01:58:40.236+0600][16.007s][info][gc,stats    ] Pause Init Mark (N)                 106 us
[2026-04-03T01:58:40.236+0600][16.007s][info][gc,stats    ]   Update Region States               20 us
[2026-04-03T01:58:40.236+0600][16.007s][info][gc,stats    ] Concurrent Mark Roots               653 us, parallelism: 1.11x
[2026-04-03T01:58:40.236+0600][16.007s][info][gc,stats    ]   CMR: <total>                      723 us
[2026-04-03T01:58:40.236+0600][16.007s][info][gc,stats    ]   CMR: Thread Roots                 566 us, workers (us): 103, 205, 258, ---, ---, ---, 
[2026-04-03T01:58:40.236+0600][16.007s][info][gc,stats    ]   CMR: VM Strong Roots               12 us, workers (us):  11,   1,   1, ---, ---, ---, 
[2026-04-03T01:58:40.236+0600][16.007s][info][gc,stats    ]   CMR: CLDG Roots                   145 us, workers (us): 145, ---, ---, ---, ---, ---, 
[2026-04-03T01:58:40.236+0600][16.007s][info][gc,stats    ] Concurrent Marking                40247 us
[2026-04-03T01:58:40.236+0600][16.007s][info][gc,stats    ] Pause Final Mark (G)                944 us
[2026-04-03T01:58:40.236+0600][16.007s][info][gc,stats    ] Pause Final Mark (N)                616 us
[2026-04-03T01:58:40.236+0600][16.007s][info][gc,stats    ]   Finish Mark                       192 us
[2026-04-03T01:58:40.236+0600][16.007s][info][gc,stats    ]   Update Region States               63 us
[2026-04-03T01:58:40.236+0600][16.007s][info][gc,stats    ]   Choose Collection Set             224 us
[2026-04-03T01:58:40.236+0600][16.007s][info][gc,stats    ]   Rebuild Free Set                   33 us
[2026-04-03T01:58:40.236+0600][16.007s][info][gc,stats    ] Concurrent Thread Roots             711 us, parallelism: 1.53x
[2026-04-03T01:58:40.236+0600][16.007s][info][gc,stats    ]   CTR: <total>                     1088 us
[2026-04-03T01:58:40.236+0600][16.007s][info][gc,stats    ]   CTR: Thread Roots                1088 us, workers (us): 407, 370, 310, ---, ---, ---, 
[2026-04-03T01:58:40.236+0600][16.007s][info][gc,stats    ] Concurrent Weak References          408 us, parallelism: 0.20x
[2026-04-03T01:58:40.236+0600][16.007s][info][gc,stats    ]   CWRF: <total>                      82 us
[2026-04-03T01:58:40.236+0600][16.007s][info][gc,stats    ]   CWRF: Weak References              82 us, workers (us):  68,  13,   0, ---, ---, ---, 
[2026-04-03T01:58:40.236+0600][16.007s][info][gc,stats    ] Concurrent Weak Roots              1778 us
[2026-04-03T01:58:40.236+0600][16.007s][info][gc,stats    ]   Roots                            1532 us, parallelism: 2.29x
[2026-04-03T01:58:40.236+0600][16.007s][info][gc,stats    ]     CWR: <total>                   3506 us
[2026-04-03T01:58:40.236+0600][16.007s][info][gc,stats    ]     CWR: Code Cache Roots          2101 us, workers (us): 732, 658, 711, ---, ---, ---, 
[2026-04-03T01:58:40.236+0600][16.007s][info][gc,stats    ]     CWR: VM Weak Roots             1364 us, workers (us): 462, 462, 439, ---, ---, ---, 
[2026-04-03T01:58:40.236+0600][16.007s][info][gc,stats    ]     CWR: CLDG Roots                  42 us, workers (us): ---,  42, ---, ---, ---, ---, 
[2026-04-03T01:58:40.236+0600][16.007s][info][gc,stats    ]   Rendezvous                        187 us
[2026-04-03T01:58:40.236+0600][16.007s][info][gc,stats    ] Concurrent Cleanup                  554 us
[2026-04-03T01:58:40.236+0600][16.007s][info][gc,stats    ] Concurrent Class Unloading         3099 us
[2026-04-03T01:58:40.236+0600][16.007s][info][gc,stats    ]   Unlink Stale                     2753 us
[2026-04-03T01:58:40.236+0600][16.007s][info][gc,stats    ]     System Dictionary                40 us
[2026-04-03T01:58:40.236+0600][16.007s][info][gc,stats    ]     Weak Class Links                  0 us
[2026-04-03T01:58:40.236+0600][16.007s][info][gc,stats    ]     Code Roots                     2711 us
[2026-04-03T01:58:40.236+0600][16.007s][info][gc,stats    ]   Rendezvous                        229 us
[2026-04-03T01:58:40.236+0600][16.007s][info][gc,stats    ]   Purge Unlinked                     44 us
[2026-04-03T01:58:40.236+0600][16.007s][info][gc,stats    ]     Code Roots                       37 us
[2026-04-03T01:58:40.236+0600][16.007s][info][gc,stats    ]     CLDG                              6 us
[2026-04-03T01:58:40.236+0600][16.007s][info][gc,stats    ]     Exception Caches                  0 us
[2026-04-03T01:58:40.236+0600][16.007s][info][gc,stats    ] Concurrent Strong Roots             591 us, parallelism: 0.55x
[2026-04-03T01:58:40.236+0600][16.007s][info][gc,stats    ]   CSR: <total>                      325 us
[2026-04-03T01:58:40.236+0600][16.007s][info][gc,stats    ]   CSR: VM Strong Roots               14 us, workers (us):  11,   1,   1, ---, ---, ---, 
[2026-04-03T01:58:40.236+0600][16.007s][info][gc,stats    ]   CSR: CLDG Roots                   312 us, workers (us): 312, ---, ---, ---, ---, ---, 
[2026-04-03T01:58:40.236+0600][16.007s][info][gc,stats    ] Concurrent Evacuation             12401 us
[2026-04-03T01:58:40.236+0600][16.008s][info][gc,stats    ] Pause Init Update Refs (G)          401 us
[2026-04-03T01:58:40.236+0600][16.008s][info][gc,stats    ] Pause Init Update Refs (N)           98 us
[2026-04-03T01:58:40.236+0600][16.008s][info][gc,stats    ]   Manage GCLABs                      14 us
[2026-04-03T01:58:40.236+0600][16.008s][info][gc,stats    ] Concurrent Update Refs            39133 us
[2026-04-03T01:58:40.236+0600][16.008s][info][gc,stats    ] Concurrent Update Thread Roots      618 us
[2026-04-03T01:58:40.236+0600][16.008s][info][gc,stats    ] Pause Final Update Refs (G)         612 us
[2026-04-03T01:58:40.236+0600][16.008s][info][gc,stats    ] Pause Final Update Refs (N)         230 us
[2026-04-03T01:58:40.236+0600][16.008s][info][gc,stats    ]   Update Region States               48 us
[2026-04-03T01:58:40.236+0600][16.008s][info][gc,stats    ]   Trash Collection Set               37 us
[2026-04-03T01:58:40.236+0600][16.008s][info][gc,stats    ]   Rebuild Free Set                   36 us
[2026-04-03T01:58:40.236+0600][16.008s][info][gc,stats    ] Concurrent Cleanup                  349 us
[2026-04-03T01:58:40.236+0600][16.008s][info][gc,stats    ] 
[2026-04-03T01:58:40.236+0600][16.008s][info][gc,stats    ] Allocation pacing accrued:
[2026-04-03T01:58:40.236+0600][16.008s][info][gc,stats    ]       0 of   152 ms (  0.0%): <total>
[2026-04-03T01:58:40.236+0600][16.008s][info][gc,stats    ]       0 of   152 ms (  0.0%): <average total>
[2026-04-03T01:58:40.236+0600][16.008s][info][gc,stats    ] 
[2026-04-03T01:58:40.236+0600][16.008s][info][gc,metaspace] Metaspace: 61528K(62208K)->61528K(62208K) NonClass: 53818K(54208K)->53818K(54208K) Class: 7709K(8000K)->7709K(8000K)
[2026-04-03T01:58:40.236+0600][16.008s][info][gc,ergo     ] Pacer for Idle. Initial: 20480K, Alloc Tax Rate: 1.0x
[2026-04-03T01:58:41.168+0600][16.939s][info][gc          ] Trigger: Average GC time (130.85 ms) is above the time for average allocation rate (902 MB/s) to deplete free headroom (117M) (margin of error = 1.92)
[2026-04-03T01:58:41.168+0600][16.939s][info][gc,ergo     ] Free headroom: 217M (free) - 51200K (spike) - 51200K (penalties) = 117M
[2026-04-03T01:58:41.168+0600][16.939s][info][gc,ergo     ] Free: 217M, Max: 256K regular, 217M humongous, Frag: 0% external, 0% internal; Reserve: 51200K, Max: 256K
[2026-04-03T01:58:41.168+0600][16.939s][info][gc,start    ] GC(12) Concurrent reset
[2026-04-03T01:58:41.168+0600][16.939s][info][gc,task     ] GC(12) Using 3 of 6 workers for concurrent reset
[2026-04-03T01:58:41.168+0600][16.939s][info][gc,ergo     ] GC(12) Pacer for Reset. Non-Taxable: 1000M
[2026-04-03T01:58:41.169+0600][16.940s][info][gc          ] GC(12) Concurrent reset 1.147ms
[2026-04-03T01:58:41.169+0600][16.941s][info][gc,start    ] GC(12) Pause Init Mark (unload classes)
[2026-04-03T01:58:41.169+0600][16.941s][info][gc,task     ] GC(12) Using 6 of 6 workers for init marking
[2026-04-03T01:58:41.169+0600][16.941s][info][gc,ergo     ] GC(12) Pacer for Mark. Expected Live: 59074K, Free: 215M, Non-Taxable: 22104K, Alloc Tax Rate: 0.3x
[2026-04-03T01:58:41.169+0600][16.941s][info][gc          ] GC(12) Pause Init Mark (unload classes) 0.112ms
[2026-04-03T01:58:41.170+0600][16.941s][info][gc,start    ] GC(12) Concurrent marking roots
[2026-04-03T01:58:41.170+0600][16.941s][info][gc,task     ] GC(12) Using 3 of 6 workers for concurrent marking roots
[2026-04-03T01:58:41.170+0600][16.942s][info][gc          ] GC(12) Concurrent marking roots 0.780ms
[2026-04-03T01:58:41.170+0600][16.942s][info][gc,start    ] GC(12) Concurrent marking (unload classes)
[2026-04-03T01:58:41.170+0600][16.942s][info][gc,task     ] GC(12) Using 3 of 6 workers for concurrent marking
[2026-04-03T01:58:41.262+0600][17.033s][info][gc          ] GC(12) Concurrent marking (unload classes) 91.198ms
[2026-04-03T01:58:41.262+0600][17.033s][info][gc,start    ] GC(12) Pause Final Mark (unload classes)
[2026-04-03T01:58:41.262+0600][17.033s][info][gc,task     ] GC(12) Using 6 of 6 workers for final marking
[2026-04-03T01:58:41.262+0600][17.033s][info][gc,ergo     ] GC(12) Adaptive CSet Selection. Target Free: 141M, Actual Free: 236M, Max CSet: 42666K, Min Garbage: 0B
[2026-04-03T01:58:41.263+0600][17.034s][info][gc,ergo     ] GC(12) Collectable Garbage: 600M (99%), Immediate: 26876K (4%), CSet: 574M (95%)
[2026-04-03T01:58:41.263+0600][17.034s][info][gc,ergo     ] GC(12) Pacer for Evacuation. Used CSet: 610M, Free: 189M, Non-Taxable: 19408K, Alloc Tax Rate: 7.9x
[2026-04-03T01:58:41.263+0600][17.034s][info][gc          ] GC(12) Pause Final Mark (unload classes) 1.276ms
[2026-04-03T01:58:41.263+0600][17.034s][info][gc,start    ] GC(12) Concurrent thread roots
[2026-04-03T01:58:41.263+0600][17.035s][info][gc,task     ] GC(12) Using 3 of 6 workers for Concurrent thread roots
[2026-04-03T01:58:41.264+0600][17.035s][info][gc          ] GC(12) Concurrent thread roots 0.621ms
[2026-04-03T01:58:41.264+0600][17.035s][info][gc,start    ] GC(12) Concurrent weak references
[2026-04-03T01:58:41.264+0600][17.035s][info][gc,task     ] GC(12) Using 3 of 6 workers for concurrent weak references
[2026-04-03T01:58:41.264+0600][17.035s][info][gc,ref      ] GC(12) Encountered references: Soft: 3145, Weak: 5611, Final: 82, Phantom: 594
[2026-04-03T01:58:41.264+0600][17.036s][info][gc,ref      ] GC(12) Discovered  references: Soft: 0, Weak: 882, Final: 0, Phantom: 591
[2026-04-03T01:58:41.264+0600][17.036s][info][gc,ref      ] GC(12) Enqueued    references: Soft: 0, Weak: 400, Final: 0, Phantom: 0
[2026-04-03T01:58:41.264+0600][17.036s][info][gc          ] GC(12) Concurrent weak references 0.434ms
[2026-04-03T01:58:41.264+0600][17.036s][info][gc,start    ] GC(12) Concurrent weak roots
[2026-04-03T01:58:41.264+0600][17.036s][info][gc,task     ] GC(12) Using 3 of 6 workers for concurrent weak root
[2026-04-03T01:58:41.266+0600][17.037s][info][gc          ] GC(12) Concurrent weak roots 1.741ms
[2026-04-03T01:58:41.266+0600][17.037s][info][gc,start    ] GC(12) Concurrent cleanup
[2026-04-03T01:58:41.266+0600][17.038s][info][gc          ] GC(12) Concurrent cleanup 787M->761M(792M) 0.271ms
[2026-04-03T01:58:41.267+0600][17.038s][info][gc,ergo     ] GC(12) Free: 187M, Max: 256K regular, 158M humongous, Frag: 16% external, 0% internal; Reserve: 50736K, Max: 256K
[2026-04-03T01:58:41.267+0600][17.038s][info][gc,start    ] GC(12) Concurrent class unloading
[2026-04-03T01:58:41.267+0600][17.038s][info][gc,task     ] GC(12) Using 3 of 6 workers for concurrent class unloading
[2026-04-03T01:58:41.285+0600][17.056s][info][gc          ] GC(12) Concurrent class unloading 18.601ms
[2026-04-03T01:58:41.285+0600][17.056s][info][gc,start    ] GC(12) Concurrent strong roots
[2026-04-03T01:58:41.285+0600][17.056s][info][gc,task     ] GC(12) Using 3 of 6 workers for concurrent strong root
[2026-04-03T01:58:41.287+0600][17.058s][info][gc          ] GC(12) Concurrent strong roots 1.290ms
[2026-04-03T01:58:41.287+0600][17.058s][info][gc,start    ] GC(12) Concurrent evacuation
[2026-04-03T01:58:41.287+0600][17.058s][info][gc,task     ] GC(12) Using 3 of 6 workers for concurrent evacuation
[2026-04-03T01:58:41.334+0600][17.105s][info][gc          ] GC(12) Concurrent evacuation 47.252ms
[2026-04-03T01:58:41.334+0600][17.105s][info][gc,start    ] GC(12) Pause Init Update Refs
[2026-04-03T01:58:41.334+0600][17.105s][info][gc,ergo     ] GC(12) Pacer for Update Refs. Used: 846M, Free: 139M, Non-Taxable: 14237K, Alloc Tax Rate: 7.4x
[2026-04-03T01:58:41.334+0600][17.105s][info][gc          ] GC(12) Pause Init Update Refs 0.097ms
[2026-04-03T01:58:41.334+0600][17.106s][info][gc,start    ] GC(12) Concurrent update references
[2026-04-03T01:58:41.334+0600][17.106s][info][gc,task     ] GC(12) Using 3 of 6 workers for concurrent reference update
[2026-04-03T01:58:41.412+0600][17.183s][info][gc          ] GC(12) Concurrent update references 77.535ms
[2026-04-03T01:58:41.412+0600][17.183s][info][gc,start    ] GC(12) Concurrent update thread roots
[2026-04-03T01:58:41.413+0600][17.184s][info][gc          ] GC(12) Concurrent update thread roots 0.742ms
[2026-04-03T01:58:41.435+0600][17.206s][info][gc,start    ] GC(12) Pause Final Update Refs
[2026-04-03T01:58:41.435+0600][17.207s][info][gc,task     ] GC(12) Using 6 of 6 workers for final reference update
[2026-04-03T01:58:41.435+0600][17.207s][info][gc          ] GC(12) Pause Final Update Refs 0.182ms
[2026-04-03T01:58:41.436+0600][17.207s][info][gc,start    ] GC(12) Concurrent cleanup
[2026-04-03T01:58:41.436+0600][17.207s][info][gc          ] GC(12) Concurrent cleanup 931M->321M(932M) 0.481ms
[2026-04-03T01:58:41.436+0600][17.207s][info][gc,ergo     ] Free: 626M, Max: 256K regular, 109M humongous, Frag: 83% external, 0% internal; Reserve: 51200K, Max: 256K
[2026-04-03T01:58:41.436+0600][17.207s][info][gc,stats    ] 
[2026-04-03T01:58:41.436+0600][17.207s][info][gc,stats    ] All times are wall-clock times, except per-root-class counters, that are sum over
[2026-04-03T01:58:41.436+0600][17.207s][info][gc,stats    ] all workers. Dividing the <total> over the root stage time estimates parallelism.
[2026-04-03T01:58:41.436+0600][17.207s][info][gc,stats    ] 
[2026-04-03T01:58:41.436+0600][17.207s][info][gc,stats    ] Concurrent Reset                   1203 us
[2026-04-03T01:58:41.436+0600][17.207s][info][gc,stats    ] Pause Init Mark (G)                 422 us
[2026-04-03T01:58:41.436+0600][17.207s][info][gc,stats    ] Pause Init Mark (N)                 122 us
[2026-04-03T01:58:41.436+0600][17.207s][info][gc,stats    ]   Update Region States               34 us
[2026-04-03T01:58:41.436+0600][17.207s][info][gc,stats    ] Concurrent Mark Roots               823 us, parallelism: 1.87x
[2026-04-03T01:58:41.436+0600][17.207s][info][gc,stats    ]   CMR: <total>                     1541 us
[2026-04-03T01:58:41.436+0600][17.207s][info][gc,stats    ]   CMR: Thread Roots                1260 us, workers (us): 225, 524, 512, ---, ---, ---, 
[2026-04-03T01:58:41.436+0600][17.207s][info][gc,stats    ]   CMR: VM Strong Roots               26 us, workers (us):  12,  14,   0, ---, ---, ---, 
[2026-04-03T01:58:41.436+0600][17.207s][info][gc,stats    ]   CMR: CLDG Roots                   255 us, workers (us): 255, ---, ---, ---, ---, ---, 
[2026-04-03T01:58:41.436+0600][17.207s][info][gc,stats    ] Concurrent Marking                91280 us
[2026-04-03T01:58:41.436+0600][17.207s][info][gc,stats    ] Pause Final Mark (G)               1581 us
[2026-04-03T01:58:41.436+0600][17.207s][info][gc,stats    ] Pause Final Mark (N)               1288 us
[2026-04-03T01:58:41.436+0600][17.207s][info][gc,stats    ]   Finish Mark                       258 us
[2026-04-03T01:58:41.436+0600][17.207s][info][gc,stats    ]   Update Region States               78 us
[2026-04-03T01:58:41.436+0600][17.207s][info][gc,stats    ]   Choose Collection Set             803 us
[2026-04-03T01:58:41.436+0600][17.207s][info][gc,stats    ]   Rebuild Free Set                   48 us
[2026-04-03T01:58:41.436+0600][17.208s][info][gc,stats    ] Concurrent Thread Roots             657 us, parallelism: 1.51x
[2026-04-03T01:58:41.436+0600][17.208s][info][gc,stats    ]   CTR: <total>                      991 us
[2026-04-03T01:58:41.436+0600][17.208s][info][gc,stats    ]   CTR: Thread Roots                 991 us, workers (us): 415, 309, 266, ---, ---, ---, 
[2026-04-03T01:58:41.436+0600][17.208s][info][gc,stats    ] Concurrent Weak References          446 us, parallelism: 1.15x
[2026-04-03T01:58:41.436+0600][17.208s][info][gc,stats    ]   CWRF: <total>                     513 us
[2026-04-03T01:58:41.436+0600][17.208s][info][gc,stats    ]   CWRF: Weak References             513 us, workers (us):  79, 218, 216, ---, ---, ---, 
[2026-04-03T01:58:41.436+0600][17.208s][info][gc,stats    ] Concurrent Weak Roots              1827 us
[2026-04-03T01:58:41.436+0600][17.208s][info][gc,stats    ]   Roots                            1537 us, parallelism: 2.51x
[2026-04-03T01:58:41.436+0600][17.208s][info][gc,stats    ]     CWR: <total>                   3864 us
[2026-04-03T01:58:41.436+0600][17.208s][info][gc,stats    ]     CWR: Code Cache Roots          2109 us, workers (us): 735, 712, 662, ---, ---, ---, 
[2026-04-03T01:58:41.436+0600][17.208s][info][gc,stats    ]     CWR: VM Weak Roots             1690 us, workers (us): 590, 608, 493, ---, ---, ---, 
[2026-04-03T01:58:41.436+0600][17.208s][info][gc,stats    ]     CWR: CLDG Roots                  64 us, workers (us): ---, ---,  64, ---, ---, ---, 
[2026-04-03T01:58:41.436+0600][17.208s][info][gc,stats    ]   Rendezvous                        176 us
[2026-04-03T01:58:41.436+0600][17.208s][info][gc,stats    ] Concurrent Cleanup                  304 us
[2026-04-03T01:58:41.436+0600][17.208s][info][gc,stats    ] Concurrent Class Unloading        18696 us
[2026-04-03T01:58:41.436+0600][17.208s][info][gc,stats    ]   Unlink Stale                    16509 us
[2026-04-03T01:58:41.436+0600][17.208s][info][gc,stats    ]     System Dictionary               364 us
[2026-04-03T01:58:41.436+0600][17.208s][info][gc,stats    ]     Weak Class Links              10833 us
[2026-04-03T01:58:41.436+0600][17.208s][info][gc,stats    ]     Code Roots                     5306 us
[2026-04-03T01:58:41.436+0600][17.208s][info][gc,stats    ]   Rendezvous                        273 us
[2026-04-03T01:58:41.436+0600][17.208s][info][gc,stats    ]   Purge Unlinked                   1755 us
[2026-04-03T01:58:41.436+0600][17.208s][info][gc,stats    ]     Code Roots                     1706 us
[2026-04-03T01:58:41.436+0600][17.208s][info][gc,stats    ]     CLDG                             49 us
[2026-04-03T01:58:41.436+0600][17.208s][info][gc,stats    ]     Exception Caches                  1 us
[2026-04-03T01:58:41.436+0600][17.208s][info][gc,stats    ] Concurrent Strong Roots            1344 us, parallelism: 0.73x
[2026-04-03T01:58:41.436+0600][17.208s][info][gc,stats    ]   CSR: <total>                      979 us
[2026-04-03T01:58:41.436+0600][17.208s][info][gc,stats    ]   CSR: VM Strong Roots               31 us, workers (us):  27,   4,   0, ---, ---, ---, 
[2026-04-03T01:58:41.436+0600][17.208s][info][gc,stats    ]   CSR: CLDG Roots                   948 us, workers (us): 948, ---, ---, ---, ---, ---, 
[2026-04-03T01:58:41.436+0600][17.208s][info][gc,stats    ] Concurrent Evacuation             47365 us
[2026-04-03T01:58:41.437+0600][17.208s][info][gc,stats    ] Pause Init Update Refs (G)          382 us
[2026-04-03T01:58:41.437+0600][17.208s][info][gc,stats    ] Pause Init Update Refs (N)          115 us
[2026-04-03T01:58:41.437+0600][17.208s][info][gc,stats    ]   Manage GCLABs                      15 us
[2026-04-03T01:58:41.437+0600][17.208s][info][gc,stats    ] Concurrent Update Refs            77634 us
[2026-04-03T01:58:41.437+0600][17.208s][info][gc,stats    ] Concurrent Update Thread Roots    23179 us
[2026-04-03T01:58:41.437+0600][17.208s][info][gc,stats    ] Pause Final Update Refs (G)         384 us
[2026-04-03T01:58:41.437+0600][17.208s][info][gc,stats    ] Pause Final Update Refs (N)         198 us
[2026-04-03T01:58:41.437+0600][17.208s][info][gc,stats    ]   Update Region States               59 us
[2026-04-03T01:58:41.437+0600][17.208s][info][gc,stats    ]   Trash Collection Set               31 us
[2026-04-03T01:58:41.437+0600][17.208s][info][gc,stats    ]   Rebuild Free Set                   30 us
[2026-04-03T01:58:41.437+0600][17.208s][info][gc,stats    ] Concurrent Cleanup                  500 us
[2026-04-03T01:58:41.437+0600][17.208s][info][gc,stats    ] Pacing                            72709 us
[2026-04-03T01:58:41.437+0600][17.208s][info][gc,stats    ] 
[2026-04-03T01:58:41.437+0600][17.208s][info][gc,stats    ] Allocation pacing accrued:
[2026-04-03T01:58:41.437+0600][17.208s][info][gc,stats    ]      10 of  1200 ms (  0.8%): dispatcher-BlockManagerMaster
[2026-04-03T01:58:41.437+0600][17.208s][info][gc,stats    ]      11 of  1200 ms (  0.9%): Spark Context Cleaner
[2026-04-03T01:58:41.437+0600][17.208s][info][gc,stats    ]      26 of  1200 ms (  2.1%): Executor task launch worker for task 0.0 in stage 1.0 (TID 1)
[2026-04-03T01:58:41.437+0600][17.208s][info][gc,stats    ]      26 of  1200 ms (  2.1%): Executor task launch worker for task 1.0 in stage 1.0 (TID 2)
[2026-04-03T01:58:41.437+0600][17.208s][info][gc,stats    ]      73 of  1200 ms (  6.1%): <total>
[2026-04-03T01:58:41.437+0600][17.208s][info][gc,stats    ]       1 of  1200 ms (  0.1%): <average total>
[2026-04-03T01:58:41.437+0600][17.208s][info][gc,stats    ]      18 of  1200 ms (  1.5%): <average non-zero>
[2026-04-03T01:58:41.437+0600][17.208s][info][gc,stats    ] 
[2026-04-03T01:58:41.437+0600][17.208s][info][gc,metaspace] Metaspace: 63750K(64576K)->64002K(64768K) NonClass: 55699K(56128K)->55890K(56320K) Class: 8051K(8448K)->8111K(8448K)
[2026-04-03T01:58:41.437+0600][17.208s][info][gc,ergo     ] Pacer for Idle. Initial: 20480K, Alloc Tax Rate: 1.0x
[2026-04-03T01:58:41.523+0600][17.294s][info][gc          ] Trigger: Average GC time (348.67 ms) is above the time for average allocation rate (829 MB/s) to deplete free headroom (286M) (margin of error = 1.93)
[2026-04-03T01:58:41.523+0600][17.294s][info][gc,ergo     ] Free headroom: 376M (free) - 51200K (spike) - 40960K (penalties) = 286M
[2026-04-03T01:58:41.523+0600][17.294s][info][gc,ergo     ] Free: 376M, Max: 256K regular, 109M humongous, Frag: 71% external, 0% internal; Reserve: 51200K, Max: 256K
[2026-04-03T01:58:41.523+0600][17.295s][info][gc,start    ] GC(13) Concurrent reset
[2026-04-03T01:58:41.523+0600][17.295s][info][gc,task     ] GC(13) Using 3 of 6 workers for concurrent reset
[2026-04-03T01:58:41.523+0600][17.295s][info][gc,ergo     ] GC(13) Pacer for Reset. Non-Taxable: 1000M
[2026-04-03T01:58:41.527+0600][17.299s][info][gc          ] GC(13) Concurrent reset 4.096ms
[2026-04-03T01:58:41.528+0600][17.299s][info][gc,start    ] GC(13) Pause Init Mark (unload classes)
[2026-04-03T01:58:41.528+0600][17.299s][info][gc,task     ] GC(13) Using 6 of 6 workers for init marking
[2026-04-03T01:58:41.528+0600][17.299s][info][gc,ergo     ] GC(13) Pacer for Mark. Expected Live: 79829K, Free: 366M, Non-Taxable: 37487K, Alloc Tax Rate: 0.3x
[2026-04-03T01:58:41.528+0600][17.299s][info][gc          ] GC(13) Pause Init Mark (unload classes) 0.126ms
[2026-04-03T01:58:41.528+0600][17.299s][info][gc,start    ] GC(13) Concurrent marking roots
[2026-04-03T01:58:41.528+0600][17.299s][info][gc,task     ] GC(13) Using 3 of 6 workers for concurrent marking roots
[2026-04-03T01:58:41.529+0600][17.300s][info][gc          ] GC(13) Concurrent marking roots 0.767ms
[2026-04-03T01:58:41.529+0600][17.300s][info][gc,start    ] GC(13) Concurrent marking (unload classes)
[2026-04-03T01:58:41.529+0600][17.300s][info][gc,task     ] GC(13) Using 3 of 6 workers for concurrent marking
[2026-04-03T01:58:41.603+0600][17.374s][info][gc          ] GC(13) Concurrent marking (unload classes) 74.170ms
[2026-04-03T01:58:41.603+0600][17.374s][info][gc,start    ] GC(13) Pause Final Mark (unload classes)
[2026-04-03T01:58:41.603+0600][17.374s][info][gc,task     ] GC(13) Using 6 of 6 workers for final marking
[2026-04-03T01:58:41.604+0600][17.375s][info][gc,ergo     ] GC(13) Adaptive CSet Selection. Target Free: 141M, Actual Free: 535M, Max CSet: 42666K, Min Garbage: 0B
[2026-04-03T01:58:41.604+0600][17.375s][info][gc,ergo     ] GC(13) Collectable Garbage: 434M (99%), Immediate: 198M (45%), CSet: 236M (54%)
[2026-04-03T01:58:41.604+0600][17.375s][info][gc,ergo     ] GC(13) Pacer for Evacuation. Used CSet: 254M, Free: 485M, Non-Taxable: 49719K, Alloc Tax Rate: 1.3x
[2026-04-03T01:58:41.604+0600][17.375s][info][gc          ] GC(13) Pause Final Mark (unload classes) 0.749ms
[2026-04-03T01:58:41.604+0600][17.375s][info][gc,start    ] GC(13) Concurrent thread roots
[2026-04-03T01:58:41.604+0600][17.375s][info][gc,task     ] GC(13) Using 3 of 6 workers for Concurrent thread roots
[2026-04-03T01:58:41.604+0600][17.376s][info][gc          ] GC(13) Concurrent thread roots 0.516ms
[2026-04-03T01:58:41.604+0600][17.376s][info][gc,start    ] GC(13) Concurrent weak references
[2026-04-03T01:58:41.605+0600][17.376s][info][gc,task     ] GC(13) Using 3 of 6 workers for concurrent weak references
[2026-04-03T01:58:41.605+0600][17.376s][info][gc,ref      ] GC(13) Encountered references: Soft: 3150, Weak: 5334, Final: 82, Phantom: 594
[2026-04-03T01:58:41.605+0600][17.376s][info][gc,ref      ] GC(13) Discovered  references: Soft: 0, Weak: 568, Final: 0, Phantom: 591
[2026-04-03T01:58:41.605+0600][17.376s][info][gc,ref      ] GC(13) Enqueued    references: Soft: 0, Weak: 44, Final: 0, Phantom: 0
[2026-04-03T01:58:41.605+0600][17.376s][info][gc          ] GC(13) Concurrent weak references 0.230ms
[2026-04-03T01:58:41.605+0600][17.376s][info][gc,start    ] GC(13) Concurrent weak roots
[2026-04-03T01:58:41.605+0600][17.376s][info][gc,task     ] GC(13) Using 3 of 6 workers for concurrent weak root
[2026-04-03T01:58:41.606+0600][17.378s][info][gc          ] GC(13) Concurrent weak roots 1.611ms
[2026-04-03T01:58:41.606+0600][17.378s][info][gc,start    ] GC(13) Concurrent cleanup
[2026-04-03T01:58:41.607+0600][17.378s][info][gc          ] GC(13) Concurrent cleanup 663M->465M(932M) 0.357ms
[2026-04-03T01:58:41.607+0600][17.378s][info][gc,ergo     ] GC(13) Free: 482M, Max: 256K regular, 109M humongous, Frag: 78% external, 0% internal; Reserve: 51103K, Max: 256K
[2026-04-03T01:58:41.607+0600][17.378s][info][gc,start    ] GC(13) Concurrent class unloading
[2026-04-03T01:58:41.607+0600][17.378s][info][gc,task     ] GC(13) Using 3 of 6 workers for concurrent class unloading
[2026-04-03T01:58:41.610+0600][17.382s][info][gc          ] GC(13) Concurrent class unloading 3.647ms
[2026-04-03T01:58:41.611+0600][17.382s][info][gc,start    ] GC(13) Concurrent strong roots
[2026-04-03T01:58:41.611+0600][17.382s][info][gc,task     ] GC(13) Using 3 of 6 workers for concurrent strong root
[2026-04-03T01:58:41.611+0600][17.382s][info][gc          ] GC(13) Concurrent strong roots 0.636ms
[2026-04-03T01:58:41.611+0600][17.382s][info][gc,start    ] GC(13) Concurrent evacuation
[2026-04-03T01:58:41.611+0600][17.382s][info][gc,task     ] GC(13) Using 3 of 6 workers for concurrent evacuation
[2026-04-03T01:58:41.628+0600][17.400s][info][gc          ] GC(13) Concurrent evacuation 17.231ms
[2026-04-03T01:58:41.629+0600][17.400s][info][gc,start    ] GC(13) Pause Init Update Refs
[2026-04-03T01:58:41.629+0600][17.400s][info][gc,ergo     ] GC(13) Pacer for Update Refs. Used: 521M, Free: 446M, Non-Taxable: 45699K, Alloc Tax Rate: 1.4x
[2026-04-03T01:58:41.629+0600][17.400s][info][gc          ] GC(13) Pause Init Update Refs 0.125ms
[2026-04-03T01:58:41.629+0600][17.400s][info][gc,start    ] GC(13) Concurrent update references
[2026-04-03T01:58:41.629+0600][17.400s][info][gc,task     ] GC(13) Using 3 of 6 workers for concurrent reference update
[2026-04-03T01:58:41.712+0600][17.483s][info][gc          ] GC(13) Concurrent update references 82.672ms
[2026-04-03T01:58:41.712+0600][17.483s][info][gc,start    ] GC(13) Concurrent update thread roots
[2026-04-03T01:58:41.713+0600][17.484s][info][gc          ] GC(13) Concurrent update thread roots 0.720ms
[2026-04-03T01:58:41.713+0600][17.484s][info][gc,start    ] GC(13) Pause Final Update Refs
[2026-04-03T01:58:41.713+0600][17.484s][info][gc,task     ] GC(13) Using 6 of 6 workers for final reference update
[2026-04-03T01:58:41.713+0600][17.484s][info][gc          ] GC(13) Pause Final Update Refs 0.268ms
[2026-04-03T01:58:41.713+0600][17.484s][info][gc,start    ] GC(13) Concurrent cleanup
[2026-04-03T01:58:41.714+0600][17.485s][info][gc          ] GC(13) Concurrent cleanup 650M->397M(950M) 0.859ms
[2026-04-03T01:58:41.714+0600][17.485s][info][gc,ergo     ] Free: 550M, Max: 256K regular, 208M humongous, Frag: 63% external, 0% internal; Reserve: 51200K, Max: 256K
[2026-04-03T01:58:41.714+0600][17.485s][info][gc,stats    ] 
[2026-04-03T01:58:41.714+0600][17.485s][info][gc,stats    ] All times are wall-clock times, except per-root-class counters, that are sum over
[2026-04-03T01:58:41.714+0600][17.485s][info][gc,stats    ] all workers. Dividing the <total> over the root stage time estimates parallelism.
[2026-04-03T01:58:41.714+0600][17.485s][info][gc,stats    ] 
[2026-04-03T01:58:41.714+0600][17.485s][info][gc,stats    ] Concurrent Reset                   4162 us
[2026-04-03T01:58:41.714+0600][17.485s][info][gc,stats    ] Pause Init Mark (G)                 517 us
[2026-04-03T01:58:41.714+0600][17.485s][info][gc,stats    ] Pause Init Mark (N)                 203 us
[2026-04-03T01:58:41.714+0600][17.485s][info][gc,stats    ]   Update Region States               34 us
[2026-04-03T01:58:41.714+0600][17.485s][info][gc,stats    ] Concurrent Mark Roots               825 us, parallelism: 1.52x
[2026-04-03T01:58:41.714+0600][17.485s][info][gc,stats    ]   CMR: <total>                     1253 us
[2026-04-03T01:58:41.714+0600][17.485s][info][gc,stats    ]   CMR: Thread Roots                 897 us, workers (us): 154, 377, 366, ---, ---, ---, 
[2026-04-03T01:58:41.714+0600][17.485s][info][gc,stats    ]   CMR: VM Strong Roots               96 us, workers (us):  55,  41,   1, ---, ---, ---, 
[2026-04-03T01:58:41.714+0600][17.485s][info][gc,stats    ]   CMR: CLDG Roots                   261 us, workers (us): 261, ---, ---, ---, ---, ---, 
[2026-04-03T01:58:41.714+0600][17.485s][info][gc,stats    ] Concurrent Marking                74244 us
[2026-04-03T01:58:41.714+0600][17.485s][info][gc,stats    ] Pause Final Mark (G)                895 us
[2026-04-03T01:58:41.714+0600][17.485s][info][gc,stats    ] Pause Final Mark (N)                760 us
[2026-04-03T01:58:41.714+0600][17.485s][info][gc,stats    ]   Finish Mark                       201 us
[2026-04-03T01:58:41.714+0600][17.485s][info][gc,stats    ]   Update Region States               65 us
[2026-04-03T01:58:41.714+0600][17.485s][info][gc,stats    ]   Choose Collection Set             339 us
[2026-04-03T01:58:41.714+0600][17.485s][info][gc,stats    ]   Rebuild Free Set                   44 us
[2026-04-03T01:58:41.714+0600][17.485s][info][gc,stats    ] Concurrent Thread Roots             548 us, parallelism: 1.43x
[2026-04-03T01:58:41.714+0600][17.485s][info][gc,stats    ]   CTR: <total>                      781 us
[2026-04-03T01:58:41.714+0600][17.485s][info][gc,stats    ]   CTR: Thread Roots                 781 us, workers (us): 256, 247, 278, ---, ---, ---, 
[2026-04-03T01:58:41.714+0600][17.485s][info][gc,stats    ] Concurrent Weak References          240 us, parallelism: 0.62x
[2026-04-03T01:58:41.714+0600][17.485s][info][gc,stats    ]   CWRF: <total>                     148 us
[2026-04-03T01:58:41.714+0600][17.485s][info][gc,stats    ]   CWRF: Weak References             148 us, workers (us):  38,  49,  61, ---, ---, ---, 
[2026-04-03T01:58:41.714+0600][17.485s][info][gc,stats    ] Concurrent Weak Roots              1663 us
[2026-04-03T01:58:41.714+0600][17.485s][info][gc,stats    ]   Roots                            1444 us, parallelism: 2.29x
[2026-04-03T01:58:41.714+0600][17.485s][info][gc,stats    ]     CWR: <total>                   3306 us
[2026-04-03T01:58:41.714+0600][17.485s][info][gc,stats    ]     CWR: Code Cache Roots          2065 us, workers (us): 659, 764, 642, ---, ---, ---, 
[2026-04-03T01:58:41.714+0600][17.485s][info][gc,stats    ]     CWR: VM Weak Roots             1176 us, workers (us): 416, 396, 364, ---, ---, ---, 
[2026-04-03T01:58:41.714+0600][17.485s][info][gc,stats    ]     CWR: CLDG Roots                  65 us, workers (us): ---, ---,  65, ---, ---, ---, 
[2026-04-03T01:58:41.714+0600][17.485s][info][gc,stats    ]   Rendezvous                        144 us
[2026-04-03T01:58:41.714+0600][17.485s][info][gc,stats    ] Concurrent Cleanup                  384 us
[2026-04-03T01:58:41.714+0600][17.485s][info][gc,stats    ] Concurrent Class Unloading         3720 us
[2026-04-03T01:58:41.714+0600][17.485s][info][gc,stats    ]   Unlink Stale                     3257 us
[2026-04-03T01:58:41.714+0600][17.485s][info][gc,stats    ]     System Dictionary                73 us
[2026-04-03T01:58:41.714+0600][17.485s][info][gc,stats    ]     Weak Class Links                  0 us
[2026-04-03T01:58:41.714+0600][17.485s][info][gc,stats    ]     Code Roots                     3179 us
[2026-04-03T01:58:41.714+0600][17.485s][info][gc,stats    ]   Rendezvous                        154 us
[2026-04-03T01:58:41.714+0600][17.486s][info][gc,stats    ]   Purge Unlinked                    209 us
[2026-04-03T01:58:41.714+0600][17.486s][info][gc,stats    ]     Code Roots                      198 us
[2026-04-03T01:58:41.714+0600][17.486s][info][gc,stats    ]     CLDG                             10 us
[2026-04-03T01:58:41.714+0600][17.486s][info][gc,stats    ]     Exception Caches                  0 us
[2026-04-03T01:58:41.714+0600][17.486s][info][gc,stats    ] Concurrent Strong Roots             678 us, parallelism: 0.57x
[2026-04-03T01:58:41.714+0600][17.486s][info][gc,stats    ]   CSR: <total>                      385 us
[2026-04-03T01:58:41.714+0600][17.486s][info][gc,stats    ]   CSR: VM Strong Roots               22 us, workers (us):  21,   1,   0, ---, ---, ---, 
[2026-04-03T01:58:41.714+0600][17.486s][info][gc,stats    ]   CSR: CLDG Roots                   363 us, workers (us): 363, ---, ---, ---, ---, ---, 
[2026-04-03T01:58:41.714+0600][17.486s][info][gc,stats    ] Concurrent Evacuation             17319 us
[2026-04-03T01:58:41.714+0600][17.486s][info][gc,stats    ] Pause Init Update Refs (G)          409 us
[2026-04-03T01:58:41.714+0600][17.486s][info][gc,stats    ] Pause Init Update Refs (N)          138 us
[2026-04-03T01:58:41.714+0600][17.486s][info][gc,stats    ]   Manage GCLABs                      19 us
[2026-04-03T01:58:41.714+0600][17.486s][info][gc,stats    ] Concurrent Update Refs            82807 us
[2026-04-03T01:58:41.714+0600][17.486s][info][gc,stats    ] Concurrent Update Thread Roots      810 us
[2026-04-03T01:58:41.714+0600][17.486s][info][gc,stats    ] Pause Final Update Refs (G)         433 us
[2026-04-03T01:58:41.714+0600][17.486s][info][gc,stats    ] Pause Final Update Refs (N)         283 us
[2026-04-03T01:58:41.714+0600][17.486s][info][gc,stats    ]   Update Region States               91 us
[2026-04-03T01:58:41.714+0600][17.486s][info][gc,stats    ]   Trash Collection Set               26 us
[2026-04-03T01:58:41.714+0600][17.486s][info][gc,stats    ]   Rebuild Free Set                   48 us
[2026-04-03T01:58:41.714+0600][17.486s][info][gc,stats    ] Concurrent Cleanup                  881 us
[2026-04-03T01:58:41.714+0600][17.486s][info][gc,stats    ] Pacing                            76701 us
[2026-04-03T01:58:41.714+0600][17.486s][info][gc,stats    ] 
[2026-04-03T01:58:41.714+0600][17.486s][info][gc,stats    ] Allocation pacing accrued:
[2026-04-03T01:58:41.714+0600][17.486s][info][gc,stats    ]      38 of   278 ms ( 13.7%): Executor task launch worker for task 0.0 in stage 1.0 (TID 1)
[2026-04-03T01:58:41.714+0600][17.486s][info][gc,stats    ]      39 of   278 ms ( 13.9%): Executor task launch worker for task 1.0 in stage 1.0 (TID 2)
[2026-04-03T01:58:41.714+0600][17.486s][info][gc,stats    ]      77 of   278 ms ( 27.6%): <total>
[2026-04-03T01:58:41.714+0600][17.486s][info][gc,stats    ]       1 of   278 ms (  0.4%): <average total>
[2026-04-03T01:58:41.714+0600][17.486s][info][gc,stats    ]      38 of   278 ms ( 13.8%): <average non-zero>
[2026-04-03T01:58:41.714+0600][17.486s][info][gc,stats    ] 
[2026-04-03T01:58:41.714+0600][17.486s][info][gc,metaspace] Metaspace: 64021K(64768K)->64031K(64768K) NonClass: 55908K(56320K)->55918K(56320K) Class: 8113K(8448K)->8113K(8448K)
[2026-04-03T01:58:41.715+0600][17.486s][info][gc,ergo     ] Pacer for Idle. Initial: 20480K, Alloc Tax Rate: 1.0x
[2026-04-03T01:58:41.764+0600][17.535s][info][gc          ] Trigger: Average GC time (304.93 ms) is above the time for average allocation rate (1112 MB/s) to deplete free headroom (337M) (margin of error = 1.95)
[2026-04-03T01:58:41.764+0600][17.535s][info][gc,ergo     ] Free headroom: 417M (free) - 51200K (spike) - 30720K (penalties) = 337M
[2026-04-03T01:58:41.764+0600][17.535s][info][gc,ergo     ] Free: 417M, Max: 256K regular, 208M humongous, Frag: 50% external, 0% internal; Reserve: 51200K, Max: 256K
[2026-04-03T01:58:41.764+0600][17.535s][info][gc,start    ] GC(14) Concurrent reset
[2026-04-03T01:58:41.764+0600][17.535s][info][gc,task     ] GC(14) Using 3 of 6 workers for concurrent reset
[2026-04-03T01:58:41.764+0600][17.535s][info][gc,ergo     ] GC(14) Pacer for Reset. Non-Taxable: 1000M
[2026-04-03T01:58:41.765+0600][17.536s][info][gc          ] GC(14) Concurrent reset 1.313ms
[2026-04-03T01:58:41.765+0600][17.536s][info][gc,start    ] GC(14) Pause Init Mark (unload classes)
[2026-04-03T01:58:41.765+0600][17.537s][info][gc,task     ] GC(14) Using 6 of 6 workers for init marking
[2026-04-03T01:58:41.765+0600][17.537s][info][gc,ergo     ] GC(14) Pacer for Mark. Expected Live: 101399K, Free: 413M, Non-Taxable: 42371K, Alloc Tax Rate: 0.3x
[2026-04-03T01:58:41.765+0600][17.537s][info][gc          ] GC(14) Pause Init Mark (unload classes) 0.114ms
[2026-04-03T01:58:41.765+0600][17.537s][info][gc,start    ] GC(14) Concurrent marking roots
[2026-04-03T01:58:41.765+0600][17.537s][info][gc,task     ] GC(14) Using 3 of 6 workers for concurrent marking roots
[2026-04-03T01:58:41.766+0600][17.537s][info][gc          ] GC(14) Concurrent marking roots 0.549ms
[2026-04-03T01:58:41.766+0600][17.537s][info][gc,start    ] GC(14) Concurrent marking (unload classes)
[2026-04-03T01:58:41.766+0600][17.537s][info][gc,task     ] GC(14) Using 3 of 6 workers for concurrent marking
[2026-04-03T01:58:41.831+0600][17.603s][info][gc          ] GC(14) Concurrent marking (unload classes) 65.421ms
[2026-04-03T01:58:41.832+0600][17.603s][info][gc,start    ] GC(14) Pause Final Mark (unload classes)
[2026-04-03T01:58:41.832+0600][17.603s][info][gc,task     ] GC(14) Using 6 of 6 workers for final marking
[2026-04-03T01:58:41.832+0600][17.603s][info][gc,ergo     ] GC(14) Adaptive CSet Selection. Target Free: 141M, Actual Free: 552M, Max CSet: 42666K, Min Garbage: 0B
[2026-04-03T01:58:41.832+0600][17.604s][info][gc,ergo     ] GC(14) Collectable Garbage: 369M (99%), Immediate: 175M (47%), CSet: 193M (52%)
[2026-04-03T01:58:41.832+0600][17.604s][info][gc,ergo     ] GC(14) Pacer for Evacuation. Used CSet: 209M, Free: 503M, Non-Taxable: 51511K, Alloc Tax Rate: 1.1x
[2026-04-03T01:58:41.832+0600][17.604s][info][gc          ] GC(14) Pause Final Mark (unload classes) 0.812ms
[2026-04-03T01:58:41.833+0600][17.604s][info][gc,start    ] GC(14) Concurrent thread roots
[2026-04-03T01:58:41.833+0600][17.604s][info][gc,task     ] GC(14) Using 3 of 6 workers for Concurrent thread roots
[2026-04-03T01:58:41.833+0600][17.604s][info][gc          ] GC(14) Concurrent thread roots 0.435ms
[2026-04-03T01:58:41.833+0600][17.604s][info][gc,start    ] GC(14) Concurrent weak references
[2026-04-03T01:58:41.833+0600][17.604s][info][gc,task     ] GC(14) Using 3 of 6 workers for concurrent weak references
[2026-04-03T01:58:41.833+0600][17.604s][info][gc,ref      ] GC(14) Encountered references: Soft: 3150, Weak: 5290, Final: 82, Phantom: 594
[2026-04-03T01:58:41.833+0600][17.604s][info][gc,ref      ] GC(14) Discovered  references: Soft: 0, Weak: 436, Final: 0, Phantom: 591
[2026-04-03T01:58:41.833+0600][17.604s][info][gc,ref      ] GC(14) Enqueued    references: Soft: 0, Weak: 0, Final: 0, Phantom: 0
[2026-04-03T01:58:41.833+0600][17.604s][info][gc          ] GC(14) Concurrent weak references 0.252ms
[2026-04-03T01:58:41.833+0600][17.604s][info][gc,start    ] GC(14) Concurrent weak roots
[2026-04-03T01:58:41.833+0600][17.604s][info][gc,task     ] GC(14) Using 3 of 6 workers for concurrent weak root
[2026-04-03T01:58:41.834+0600][17.606s][info][gc          ] GC(14) Concurrent weak roots 1.198ms
[2026-04-03T01:58:41.834+0600][17.606s][info][gc,start    ] GC(14) Concurrent cleanup
[2026-04-03T01:58:41.835+0600][17.606s][info][gc          ] GC(14) Concurrent cleanup 624M->449M(950M) 0.446ms
[2026-04-03T01:58:41.835+0600][17.606s][info][gc,ergo     ] GC(14) Free: 498M, Max: 256K regular, 326M humongous, Frag: 35% external, 0% internal; Reserve: 51197K, Max: 256K
[2026-04-03T01:58:41.835+0600][17.606s][info][gc,start    ] GC(14) Concurrent class unloading
[2026-04-03T01:58:41.835+0600][17.606s][info][gc,task     ] GC(14) Using 3 of 6 workers for concurrent class unloading
[2026-04-03T01:58:41.838+0600][17.609s][info][gc          ] GC(14) Concurrent class unloading 3.104ms
[2026-04-03T01:58:41.838+0600][17.609s][info][gc,start    ] GC(14) Concurrent strong roots
[2026-04-03T01:58:41.838+0600][17.609s][info][gc,task     ] GC(14) Using 3 of 6 workers for concurrent strong root
[2026-04-03T01:58:41.839+0600][17.610s][info][gc          ] GC(14) Concurrent strong roots 0.318ms
[2026-04-03T01:58:41.839+0600][17.610s][info][gc,start    ] GC(14) Concurrent evacuation
[2026-04-03T01:58:41.839+0600][17.610s][info][gc,task     ] GC(14) Using 3 of 6 workers for concurrent evacuation
[2026-04-03T01:58:41.852+0600][17.623s][info][gc          ] GC(14) Concurrent evacuation 13.400ms
[2026-04-03T01:58:41.852+0600][17.623s][info][gc,start    ] GC(14) Pause Init Update Refs
[2026-04-03T01:58:41.852+0600][17.623s][info][gc,ergo     ] GC(14) Pacer for Update Refs. Used: 497M, Free: 467M, Non-Taxable: 47824K, Alloc Tax Rate: 1.3x
[2026-04-03T01:58:41.852+0600][17.623s][info][gc          ] GC(14) Pause Init Update Refs 0.052ms
[2026-04-03T01:58:41.852+0600][17.624s][info][gc,start    ] GC(14) Concurrent update references
[2026-04-03T01:58:41.852+0600][17.624s][info][gc,task     ] GC(14) Using 3 of 6 workers for concurrent reference update
[2026-04-03T01:58:41.932+0600][17.703s][info][gc          ] GC(14) Concurrent update references 79.761ms
[2026-04-03T01:58:41.932+0600][17.703s][info][gc,start    ] GC(14) Concurrent update thread roots
[2026-04-03T01:58:41.933+0600][17.704s][info][gc          ] GC(14) Concurrent update thread roots 0.697ms
[2026-04-03T01:58:41.933+0600][17.704s][info][gc,start    ] GC(14) Pause Final Update Refs
[2026-04-03T01:58:41.933+0600][17.704s][info][gc,task     ] GC(14) Using 6 of 6 workers for final reference update
[2026-04-03T01:58:41.933+0600][17.704s][info][gc          ] GC(14) Pause Final Update Refs 0.172ms
[2026-04-03T01:58:41.933+0600][17.705s][info][gc,start    ] GC(14) Concurrent cleanup
[2026-04-03T01:58:41.934+0600][17.705s][info][gc          ] GC(14) Concurrent cleanup 637M->429M(965M) 0.747ms
[2026-04-03T01:58:41.934+0600][17.705s][info][gc,ergo     ] Free: 518M, Max: 256K regular, 310M humongous, Frag: 41% external, 0% internal; Reserve: 51200K, Max: 256K
[2026-04-03T01:58:41.934+0600][17.705s][info][gc,stats    ] 
[2026-04-03T01:58:41.934+0600][17.705s][info][gc,stats    ] All times are wall-clock times, except per-root-class counters, that are sum over
[2026-04-03T01:58:41.934+0600][17.705s][info][gc,stats    ] all workers. Dividing the <total> over the root stage time estimates parallelism.
[2026-04-03T01:58:41.934+0600][17.705s][info][gc,stats    ] 
[2026-04-03T01:58:41.934+0600][17.705s][info][gc,stats    ] Concurrent Reset                   1363 us
[2026-04-03T01:58:41.934+0600][17.705s][info][gc,stats    ] Pause Init Mark (G)                 313 us
[2026-04-03T01:58:41.934+0600][17.705s][info][gc,stats    ] Pause Init Mark (N)                 122 us
[2026-04-03T01:58:41.934+0600][17.705s][info][gc,stats    ]   Update Region States               32 us
[2026-04-03T01:58:41.934+0600][17.705s][info][gc,stats    ] Concurrent Mark Roots               579 us, parallelism: 1.30x
[2026-04-03T01:58:41.934+0600][17.706s][info][gc,stats    ]   CMR: <total>                      755 us
[2026-04-03T01:58:41.934+0600][17.706s][info][gc,stats    ]   CMR: Thread Roots                 576 us, workers (us): 128, 253, 195, ---, ---, ---, 
[2026-04-03T01:58:41.934+0600][17.706s][info][gc,stats    ]   CMR: VM Strong Roots               19 us, workers (us):  18,   0,   1, ---, ---, ---, 
[2026-04-03T01:58:41.934+0600][17.706s][info][gc,stats    ]   CMR: CLDG Roots                   159 us, workers (us): 159, ---, ---, ---, ---, ---, 
[2026-04-03T01:58:41.934+0600][17.706s][info][gc,stats    ] Concurrent Marking                65484 us
[2026-04-03T01:58:41.934+0600][17.706s][info][gc,stats    ] Pause Final Mark (G)               1009 us
[2026-04-03T01:58:41.934+0600][17.706s][info][gc,stats    ] Pause Final Mark (N)                821 us
[2026-04-03T01:58:41.934+0600][17.706s][info][gc,stats    ]   Finish Mark                       338 us
[2026-04-03T01:58:41.934+0600][17.706s][info][gc,stats    ]   Update Region States               45 us
[2026-04-03T01:58:41.934+0600][17.706s][info][gc,stats    ]   Choose Collection Set             295 us
[2026-04-03T01:58:41.934+0600][17.706s][info][gc,stats    ]   Rebuild Free Set                   42 us
[2026-04-03T01:58:41.934+0600][17.706s][info][gc,stats    ] Concurrent Thread Roots             464 us, parallelism: 1.15x
[2026-04-03T01:58:41.934+0600][17.706s][info][gc,stats    ]   CTR: <total>                      534 us
[2026-04-03T01:58:41.934+0600][17.706s][info][gc,stats    ]   CTR: Thread Roots                 534 us, workers (us): 175, 176, 183, ---, ---, ---, 
[2026-04-03T01:58:41.934+0600][17.706s][info][gc,stats    ] Concurrent Weak References          262 us, parallelism: 0.39x
[2026-04-03T01:58:41.934+0600][17.706s][info][gc,stats    ]   CWRF: <total>                     102 us
[2026-04-03T01:58:41.934+0600][17.706s][info][gc,stats    ]   CWRF: Weak References             102 us, workers (us):  59,   1,  42, ---, ---, ---, 
[2026-04-03T01:58:41.934+0600][17.706s][info][gc,stats    ] Concurrent Weak Roots              1243 us
[2026-04-03T01:58:41.934+0600][17.706s][info][gc,stats    ]   Roots                            1070 us, parallelism: 2.17x
[2026-04-03T01:58:41.934+0600][17.706s][info][gc,stats    ]     CWR: <total>                   2324 us
[2026-04-03T01:58:41.934+0600][17.706s][info][gc,stats    ]     CWR: Code Cache Roots          1364 us, workers (us): 477, 426, 461, ---, ---, ---, 
[2026-04-03T01:58:41.934+0600][17.706s][info][gc,stats    ]     CWR: VM Weak Roots              900 us, workers (us): 327, 295, 278, ---, ---, ---, 
[2026-04-03T01:58:41.934+0600][17.706s][info][gc,stats    ]     CWR: CLDG Roots                  61 us, workers (us): ---,  61, ---, ---, ---, ---, 
[2026-04-03T01:58:41.934+0600][17.706s][info][gc,stats    ]   Rendezvous                        106 us
[2026-04-03T01:58:41.934+0600][17.706s][info][gc,stats    ] Concurrent Cleanup                  494 us
[2026-04-03T01:58:41.934+0600][17.706s][info][gc,stats    ] Concurrent Class Unloading         3151 us
[2026-04-03T01:58:41.934+0600][17.706s][info][gc,stats    ]   Unlink Stale                     2874 us
[2026-04-03T01:58:41.934+0600][17.706s][info][gc,stats    ]     System Dictionary                49 us
[2026-04-03T01:58:41.934+0600][17.706s][info][gc,stats    ]     Weak Class Links                  0 us
[2026-04-03T01:58:41.934+0600][17.706s][info][gc,stats    ]     Code Roots                     2823 us
[2026-04-03T01:58:41.934+0600][17.706s][info][gc,stats    ]   Rendezvous                        137 us
[2026-04-03T01:58:41.934+0600][17.706s][info][gc,stats    ]   Purge Unlinked                     73 us
[2026-04-03T01:58:41.934+0600][17.706s][info][gc,stats    ]     Code Roots                       63 us
[2026-04-03T01:58:41.934+0600][17.706s][info][gc,stats    ]     CLDG                              9 us
[2026-04-03T01:58:41.934+0600][17.706s][info][gc,stats    ]     Exception Caches                  0 us
[2026-04-03T01:58:41.934+0600][17.706s][info][gc,stats    ] Concurrent Strong Roots             341 us, parallelism: 0.59x
[2026-04-03T01:58:41.934+0600][17.706s][info][gc,stats    ]   CSR: <total>                      202 us
[2026-04-03T01:58:41.935+0600][17.706s][info][gc,stats    ]   CSR: VM Strong Roots               21 us, workers (us):  20,   1,   0, ---, ---, ---, 
[2026-04-03T01:58:41.935+0600][17.706s][info][gc,stats    ]   CSR: CLDG Roots                   181 us, workers (us): 181, ---, ---, ---, ---, ---, 
[2026-04-03T01:58:41.935+0600][17.706s][info][gc,stats    ] Concurrent Evacuation             13469 us
[2026-04-03T01:58:41.935+0600][17.706s][info][gc,stats    ] Pause Init Update Refs (G)          296 us
[2026-04-03T01:58:41.935+0600][17.706s][info][gc,stats    ] Pause Init Update Refs (N)           59 us
[2026-04-03T01:58:41.935+0600][17.706s][info][gc,stats    ]   Manage GCLABs                      18 us
[2026-04-03T01:58:41.935+0600][17.706s][info][gc,stats    ] Concurrent Update Refs            79837 us
[2026-04-03T01:58:41.935+0600][17.706s][info][gc,stats    ] Concurrent Update Thread Roots      749 us
[2026-04-03T01:58:41.935+0600][17.706s][info][gc,stats    ] Pause Final Update Refs (G)         467 us
[2026-04-03T01:58:41.935+0600][17.706s][info][gc,stats    ] Pause Final Update Refs (N)         191 us
[2026-04-03T01:58:41.935+0600][17.706s][info][gc,stats    ]   Update Region States               55 us
[2026-04-03T01:58:41.935+0600][17.706s][info][gc,stats    ]   Trash Collection Set               24 us
[2026-04-03T01:58:41.935+0600][17.706s][info][gc,stats    ]   Rebuild Free Set                   46 us
[2026-04-03T01:58:41.935+0600][17.706s][info][gc,stats    ] Concurrent Cleanup                  769 us
[2026-04-03T01:58:41.935+0600][17.706s][info][gc,stats    ] Pacing                            45108 us
[2026-04-03T01:58:41.935+0600][17.706s][info][gc,stats    ] 
[2026-04-03T01:58:41.935+0600][17.706s][info][gc,stats    ] Allocation pacing accrued:
[2026-04-03T01:58:41.935+0600][17.706s][info][gc,stats    ]      23 of   220 ms ( 10.3%): Executor task launch worker for task 0.0 in stage 1.0 (TID 1)
[2026-04-03T01:58:41.935+0600][17.706s][info][gc,stats    ]      23 of   220 ms ( 10.2%): Executor task launch worker for task 1.0 in stage 1.0 (TID 2)
[2026-04-03T01:58:41.935+0600][17.706s][info][gc,stats    ]      45 of   220 ms ( 20.5%): <total>
[2026-04-03T01:58:41.935+0600][17.706s][info][gc,stats    ]       1 of   220 ms (  0.3%): <average total>
[2026-04-03T01:58:41.935+0600][17.706s][info][gc,stats    ]      23 of   220 ms ( 10.2%): <average non-zero>
[2026-04-03T01:58:41.935+0600][17.706s][info][gc,stats    ] 
[2026-04-03T01:58:41.935+0600][17.706s][info][gc,metaspace] Metaspace: 64032K(64768K)->64038K(64768K) NonClass: 55919K(56320K)->55925K(56320K) Class: 8113K(8448K)->8113K(8448K)
[2026-04-03T01:58:41.935+0600][17.706s][info][gc,ergo     ] Pacer for Idle. Initial: 20480K, Alloc Tax Rate: 1.0x
[2026-04-03T01:58:42.017+0600][17.788s][info][gc          ] Trigger: Average GC time (264.23 ms) is above the time for average allocation rate (1365 MB/s) to deplete free headroom (360M) (margin of error = 1.96)
[2026-04-03T01:58:42.017+0600][17.788s][info][gc,ergo     ] Free headroom: 430M (free) - 51200K (spike) - 20480K (penalties) = 360M
[2026-04-03T01:58:42.017+0600][17.788s][info][gc,ergo     ] Free: 430M, Max: 256K regular, 310M humongous, Frag: 28% external, 0% internal; Reserve: 51200K, Max: 256K
[2026-04-03T01:58:42.017+0600][17.788s][info][gc,start    ] GC(15) Concurrent reset
[2026-04-03T01:58:42.017+0600][17.788s][info][gc,task     ] GC(15) Using 3 of 6 workers for concurrent reset
[2026-04-03T01:58:42.017+0600][17.788s][info][gc,ergo     ] GC(15) Pacer for Reset. Non-Taxable: 1000M
[2026-04-03T01:58:42.018+0600][17.790s][info][gc          ] GC(15) Concurrent reset 1.272ms
[2026-04-03T01:58:42.019+0600][17.790s][info][gc,start    ] GC(15) Pause Init Mark (unload classes)
[2026-04-03T01:58:42.019+0600][17.790s][info][gc,task     ] GC(15) Using 6 of 6 workers for init marking
[2026-04-03T01:58:42.019+0600][17.790s][info][gc,ergo     ] GC(15) Pacer for Mark. Expected Live: 119M, Free: 428M, Non-Taxable: 43856K, Alloc Tax Rate: 0.3x
[2026-04-03T01:58:42.019+0600][17.790s][info][gc          ] GC(15) Pause Init Mark (unload classes) 0.105ms
[2026-04-03T01:58:42.019+0600][17.790s][info][gc,start    ] GC(15) Concurrent marking roots
[2026-04-03T01:58:42.019+0600][17.790s][info][gc,task     ] GC(15) Using 3 of 6 workers for concurrent marking roots
[2026-04-03T01:58:42.019+0600][17.791s][info][gc          ] GC(15) Concurrent marking roots 0.600ms
[2026-04-03T01:58:42.019+0600][17.791s][info][gc,start    ] GC(15) Concurrent marking (unload classes)
[2026-04-03T01:58:42.019+0600][17.791s][info][gc,task     ] GC(15) Using 3 of 6 workers for concurrent marking
[2026-04-03T01:58:42.098+0600][17.869s][info][gc          ] GC(15) Concurrent marking (unload classes) 78.603ms
[2026-04-03T01:58:42.098+0600][17.869s][info][gc,start    ] GC(15) Pause Final Mark (unload classes)
[2026-04-03T01:58:42.098+0600][17.869s][info][gc,task     ] GC(15) Using 6 of 6 workers for final marking
[2026-04-03T01:58:42.099+0600][17.870s][info][gc,ergo     ] GC(15) Adaptive CSet Selection. Target Free: 141M, Actual Free: 609M, Max CSet: 42666K, Min Garbage: 0B
[2026-04-03T01:58:42.099+0600][17.870s][info][gc,ergo     ] GC(15) Collectable Garbage: 345M (99%), Immediate: 208M (59%), CSet: 137M (39%)
[2026-04-03T01:58:42.099+0600][17.870s][info][gc,ergo     ] GC(15) Pacer for Evacuation. Used CSet: 148M, Free: 559M, Non-Taxable: 57322K, Alloc Tax Rate: 1.1x
[2026-04-03T01:58:42.099+0600][17.870s][info][gc          ] GC(15) Pause Final Mark (unload classes) 0.781ms
[2026-04-03T01:58:42.099+0600][17.870s][info][gc,start    ] GC(15) Concurrent thread roots
[2026-04-03T01:58:42.099+0600][17.870s][info][gc,task     ] GC(15) Using 3 of 6 workers for Concurrent thread roots
[2026-04-03T01:58:42.100+0600][17.871s][info][gc          ] GC(15) Concurrent thread roots 0.522ms
[2026-04-03T01:58:42.100+0600][17.871s][info][gc,start    ] GC(15) Concurrent weak references
[2026-04-03T01:58:42.100+0600][17.871s][info][gc,task     ] GC(15) Using 3 of 6 workers for concurrent weak references
[2026-04-03T01:58:42.100+0600][17.871s][info][gc,ref      ] GC(15) Encountered references: Soft: 3150, Weak: 5290, Final: 82, Phantom: 593
[2026-04-03T01:58:42.100+0600][17.871s][info][gc,ref      ] GC(15) Discovered  references: Soft: 0, Weak: 457, Final: 0, Phantom: 590
[2026-04-03T01:58:42.100+0600][17.871s][info][gc,ref      ] GC(15) Enqueued    references: Soft: 0, Weak: 1, Final: 0, Phantom: 0
[2026-04-03T01:58:42.100+0600][17.871s][info][gc          ] GC(15) Concurrent weak references 0.234ms
[2026-04-03T01:58:42.100+0600][17.871s][info][gc,start    ] GC(15) Concurrent weak roots
[2026-04-03T01:58:42.100+0600][17.871s][info][gc,task     ] GC(15) Using 3 of 6 workers for concurrent weak root
[2026-04-03T01:58:42.102+0600][17.873s][info][gc          ] GC(15) Concurrent weak roots 1.781ms
[2026-04-03T01:58:42.102+0600][17.873s][info][gc,start    ] GC(15) Concurrent cleanup
[2026-04-03T01:58:42.102+0600][17.874s][info][gc          ] GC(15) Concurrent cleanup 599M->391M(965M) 0.601ms
[2026-04-03T01:58:42.102+0600][17.874s][info][gc,ergo     ] GC(15) Free: 556M, Max: 256K regular, 310M humongous, Frag: 45% external, 0% internal; Reserve: 50944K, Max: 256K
[2026-04-03T01:58:42.102+0600][17.874s][info][gc,start    ] GC(15) Concurrent class unloading
[2026-04-03T01:58:42.102+0600][17.874s][info][gc,task     ] GC(15) Using 3 of 6 workers for concurrent class unloading
[2026-04-03T01:58:42.106+0600][17.877s][info][gc          ] GC(15) Concurrent class unloading 3.418ms
[2026-04-03T01:58:42.106+0600][17.877s][info][gc,start    ] GC(15) Concurrent strong roots
[2026-04-03T01:58:42.106+0600][17.877s][info][gc,task     ] GC(15) Using 3 of 6 workers for concurrent strong root
[2026-04-03T01:58:42.107+0600][17.878s][info][gc          ] GC(15) Concurrent strong roots 0.781ms
[2026-04-03T01:58:42.107+0600][17.878s][info][gc,start    ] GC(15) Concurrent evacuation
[2026-04-03T01:58:42.107+0600][17.878s][info][gc,task     ] GC(15) Using 3 of 6 workers for concurrent evacuation
[2026-04-03T01:58:42.117+0600][17.888s][info][gc          ] GC(15) Concurrent evacuation 9.966ms
[2026-04-03T01:58:42.117+0600][17.888s][info][gc,start    ] GC(15) Pause Init Update Refs
[2026-04-03T01:58:42.117+0600][17.888s][info][gc,ergo     ] GC(15) Pacer for Update Refs. Used: 421M, Free: 539M, Non-Taxable: 55197K, Alloc Tax Rate: 1.1x
[2026-04-03T01:58:42.117+0600][17.888s][info][gc          ] GC(15) Pause Init Update Refs 0.112ms
[2026-04-03T01:58:42.117+0600][17.888s][info][gc,start    ] GC(15) Concurrent update references
[2026-04-03T01:58:42.117+0600][17.888s][info][gc,task     ] GC(15) Using 3 of 6 workers for concurrent reference update
[2026-04-03T01:58:42.201+0600][17.973s][info][gc          ] GC(15) Concurrent update references 84.341ms
[2026-04-03T01:58:42.201+0600][17.973s][info][gc,start    ] GC(15) Concurrent update thread roots
[2026-04-03T01:58:42.202+0600][17.973s][info][gc          ] GC(15) Concurrent update thread roots 0.715ms
[2026-04-03T01:58:42.202+0600][17.974s][info][gc,start    ] GC(15) Pause Final Update Refs
[2026-04-03T01:58:42.202+0600][17.974s][info][gc,task     ] GC(15) Using 6 of 6 workers for final reference update
[2026-04-03T01:58:42.203+0600][17.974s][info][gc          ] GC(15) Pause Final Update Refs 0.194ms
[2026-04-03T01:58:42.203+0600][17.974s][info][gc,start    ] GC(15) Concurrent cleanup
[2026-04-03T01:58:42.203+0600][17.975s][info][gc          ] GC(15) Concurrent cleanup 534M->387M(976M) 0.734ms
[2026-04-03T01:58:42.203+0600][17.975s][info][gc,ergo     ] Free: 561M, Max: 256K regular, 358M humongous, Frag: 37% external, 0% internal; Reserve: 51200K, Max: 256K
[2026-04-03T01:58:42.203+0600][17.975s][info][gc,stats    ] 
[2026-04-03T01:58:42.203+0600][17.975s][info][gc,stats    ] All times are wall-clock times, except per-root-class counters, that are sum over
[2026-04-03T01:58:42.203+0600][17.975s][info][gc,stats    ] all workers. Dividing the <total> over the root stage time estimates parallelism.
[2026-04-03T01:58:42.203+0600][17.975s][info][gc,stats    ] 
[2026-04-03T01:58:42.203+0600][17.975s][info][gc,stats    ] Concurrent Reset                   1312 us
[2026-04-03T01:58:42.203+0600][17.975s][info][gc,stats    ] Pause Init Mark (G)                 327 us
[2026-04-03T01:58:42.203+0600][17.975s][info][gc,stats    ] Pause Init Mark (N)                 113 us
[2026-04-03T01:58:42.203+0600][17.975s][info][gc,stats    ]   Update Region States               42 us
[2026-04-03T01:58:42.203+0600][17.975s][info][gc,stats    ] Concurrent Mark Roots               652 us, parallelism: 1.26x
[2026-04-03T01:58:42.203+0600][17.975s][info][gc,stats    ]   CMR: <total>                      822 us
[2026-04-03T01:58:42.203+0600][17.975s][info][gc,stats    ]   CMR: Thread Roots                 575 us, workers (us):  53, 278, 244, ---, ---, ---, 
[2026-04-03T01:58:42.203+0600][17.975s][info][gc,stats    ]   CMR: VM Strong Roots               23 us, workers (us):  11,  11,   1, ---, ---, ---, 
[2026-04-03T01:58:42.203+0600][17.975s][info][gc,stats    ]   CMR: CLDG Roots                   224 us, workers (us): 224, ---, ---, ---, ---, ---, 
[2026-04-03T01:58:42.203+0600][17.975s][info][gc,stats    ] Concurrent Marking                78671 us
[2026-04-03T01:58:42.203+0600][17.975s][info][gc,stats    ] Pause Final Mark (G)                977 us
[2026-04-03T01:58:42.203+0600][17.975s][info][gc,stats    ] Pause Final Mark (N)                792 us
[2026-04-03T01:58:42.204+0600][17.975s][info][gc,stats    ]   Finish Mark                       252 us
[2026-04-03T01:58:42.204+0600][17.975s][info][gc,stats    ]   Update Region States               55 us
[2026-04-03T01:58:42.204+0600][17.975s][info][gc,stats    ]   Choose Collection Set             339 us
[2026-04-03T01:58:42.204+0600][17.975s][info][gc,stats    ]   Rebuild Free Set                   55 us
[2026-04-03T01:58:42.204+0600][17.975s][info][gc,stats    ] Concurrent Thread Roots             565 us, parallelism: 1.51x
[2026-04-03T01:58:42.204+0600][17.975s][info][gc,stats    ]   CTR: <total>                      853 us
[2026-04-03T01:58:42.204+0600][17.975s][info][gc,stats    ]   CTR: Thread Roots                 853 us, workers (us): 298, 314, 241, ---, ---, ---, 
[2026-04-03T01:58:42.204+0600][17.975s][info][gc,stats    ] Concurrent Weak References          243 us, parallelism: 0.61x
[2026-04-03T01:58:42.204+0600][17.975s][info][gc,stats    ]   CWRF: <total>                     148 us
[2026-04-03T01:58:42.204+0600][17.975s][info][gc,stats    ]   CWRF: Weak References             148 us, workers (us):  76,  71,   0, ---, ---, ---, 
[2026-04-03T01:58:42.204+0600][17.975s][info][gc,stats    ] Concurrent Weak Roots              1835 us
[2026-04-03T01:58:42.204+0600][17.975s][info][gc,stats    ]   Roots                            1672 us, parallelism: 2.39x
[2026-04-03T01:58:42.204+0600][17.975s][info][gc,stats    ]     CWR: <total>                   4003 us
[2026-04-03T01:58:42.204+0600][17.975s][info][gc,stats    ]     CWR: Code Cache Roots          2201 us, workers (us): 676, 735, 791, ---, ---, ---, 
[2026-04-03T01:58:42.204+0600][17.975s][info][gc,stats    ]     CWR: VM Weak Roots             1742 us, workers (us): 592, 575, 575, ---, ---, ---, 
[2026-04-03T01:58:42.204+0600][17.975s][info][gc,stats    ]     CWR: CLDG Roots                  59 us, workers (us):  59, ---, ---, ---, ---, ---, 
[2026-04-03T01:58:42.204+0600][17.975s][info][gc,stats    ]   Rendezvous                         90 us
[2026-04-03T01:58:42.204+0600][17.975s][info][gc,stats    ] Concurrent Cleanup                  611 us
[2026-04-03T01:58:42.204+0600][17.975s][info][gc,stats    ] Concurrent Class Unloading         3450 us
[2026-04-03T01:58:42.204+0600][17.975s][info][gc,stats    ]   Unlink Stale                     2969 us
[2026-04-03T01:58:42.204+0600][17.975s][info][gc,stats    ]     System Dictionary                50 us
[2026-04-03T01:58:42.204+0600][17.975s][info][gc,stats    ]     Weak Class Links                  0 us
[2026-04-03T01:58:42.204+0600][17.975s][info][gc,stats    ]     Code Roots                     2917 us
[2026-04-03T01:58:42.204+0600][17.975s][info][gc,stats    ]   Rendezvous                        190 us
[2026-04-03T01:58:42.204+0600][17.975s][info][gc,stats    ]   Purge Unlinked                    228 us
[2026-04-03T01:58:42.204+0600][17.975s][info][gc,stats    ]     Code Roots                      222 us
[2026-04-03T01:58:42.204+0600][17.975s][info][gc,stats    ]     CLDG                              6 us
[2026-04-03T01:58:42.204+0600][17.975s][info][gc,stats    ]     Exception Caches                  0 us
[2026-04-03T01:58:42.204+0600][17.975s][info][gc,stats    ] Concurrent Strong Roots             827 us, parallelism: 0.66x
[2026-04-03T01:58:42.204+0600][17.975s][info][gc,stats    ]   CSR: <total>                      544 us
[2026-04-03T01:58:42.204+0600][17.975s][info][gc,stats    ]   CSR: VM Strong Roots               17 us, workers (us):  15,   1,   1, ---, ---, ---, 
[2026-04-03T01:58:42.204+0600][17.975s][info][gc,stats    ]   CSR: CLDG Roots                   527 us, workers (us): 527, ---, ---, ---, ---, ---, 
[2026-04-03T01:58:42.204+0600][17.975s][info][gc,stats    ] Concurrent Evacuation             10017 us
[2026-04-03T01:58:42.204+0600][17.975s][info][gc,stats    ] Pause Init Update Refs (G)          326 us
[2026-04-03T01:58:42.204+0600][17.975s][info][gc,stats    ] Pause Init Update Refs (N)          126 us
[2026-04-03T01:58:42.204+0600][17.975s][info][gc,stats    ]   Manage GCLABs                      13 us
[2026-04-03T01:58:42.204+0600][17.975s][info][gc,stats    ] Concurrent Update Refs            84449 us
[2026-04-03T01:58:42.204+0600][17.975s][info][gc,stats    ] Concurrent Update Thread Roots      740 us
[2026-04-03T01:58:42.204+0600][17.975s][info][gc,stats    ] Pause Final Update Refs (G)         372 us
[2026-04-03T01:58:42.204+0600][17.975s][info][gc,stats    ] Pause Final Update Refs (N)         218 us
[2026-04-03T01:58:42.204+0600][17.975s][info][gc,stats    ]   Update Region States               60 us
[2026-04-03T01:58:42.204+0600][17.975s][info][gc,stats    ]   Trash Collection Set               22 us
[2026-04-03T01:58:42.204+0600][17.975s][info][gc,stats    ]   Rebuild Free Set                   49 us
[2026-04-03T01:58:42.204+0600][17.975s][info][gc,stats    ] Concurrent Cleanup                  748 us
[2026-04-03T01:58:42.204+0600][17.975s][info][gc,stats    ] Pacing                            36283 us
[2026-04-03T01:58:42.204+0600][17.975s][info][gc,stats    ] 
[2026-04-03T01:58:42.204+0600][17.975s][info][gc,stats    ] Allocation pacing accrued:
[2026-04-03T01:58:42.204+0600][17.975s][info][gc,stats    ]      18 of   269 ms (  6.7%): Executor task launch worker for task 0.0 in stage 1.0 (TID 1)
[2026-04-03T01:58:42.204+0600][17.975s][info][gc,stats    ]      18 of   269 ms (  6.7%): Executor task launch worker for task 1.0 in stage 1.0 (TID 2)
[2026-04-03T01:58:42.204+0600][17.975s][info][gc,stats    ]      36 of   269 ms ( 13.5%): <total>
[2026-04-03T01:58:42.204+0600][17.975s][info][gc,stats    ]       1 of   269 ms (  0.2%): <average total>
[2026-04-03T01:58:42.204+0600][17.975s][info][gc,stats    ]      18 of   269 ms (  6.7%): <average non-zero>
[2026-04-03T01:58:42.204+0600][17.975s][info][gc,stats    ] 
[2026-04-03T01:58:42.204+0600][17.975s][info][gc,metaspace] Metaspace: 64116K(64960K)->64116K(64960K) NonClass: 55991K(56448K)->55991K(56448K) Class: 8125K(8512K)->8125K(8512K)
[2026-04-03T01:58:42.204+0600][17.975s][info][gc,ergo     ] Pacer for Idle. Initial: 20480K, Alloc Tax Rate: 1.0x
[2026-04-03T01:58:42.338+0600][18.110s][info][gc          ] Trigger: Average GC time (243.63 ms) is above the time for average allocation rate (1330 MB/s) to deplete free headroom (323M) (margin of error = 1.97)
[2026-04-03T01:58:42.338+0600][18.110s][info][gc,ergo     ] Free headroom: 383M (free) - 51200K (spike) - 10240K (penalties) = 323M
[2026-04-03T01:58:42.338+0600][18.110s][info][gc,ergo     ] Free: 383M, Max: 256K regular, 358M humongous, Frag: 7% external, 0% internal; Reserve: 51200K, Max: 256K
[2026-04-03T01:58:42.338+0600][18.110s][info][gc,start    ] GC(16) Concurrent reset
[2026-04-03T01:58:42.338+0600][18.110s][info][gc,task     ] GC(16) Using 3 of 6 workers for concurrent reset
[2026-04-03T01:58:42.338+0600][18.110s][info][gc,ergo     ] GC(16) Pacer for Reset. Non-Taxable: 1000M
[2026-04-03T01:58:42.340+0600][18.111s][info][gc          ] GC(16) Concurrent reset 1.089ms
[2026-04-03T01:58:42.340+0600][18.111s][info][gc,start    ] GC(16) Pause Init Mark (unload classes)
[2026-04-03T01:58:42.340+0600][18.111s][info][gc,task     ] GC(16) Using 6 of 6 workers for init marking
[2026-04-03T01:58:42.340+0600][18.111s][info][gc,ergo     ] GC(16) Pacer for Mark. Expected Live: 139M, Free: 382M, Non-Taxable: 39120K, Alloc Tax Rate: 0.4x
[2026-04-03T01:58:42.340+0600][18.111s][info][gc          ] GC(16) Pause Init Mark (unload classes) 0.124ms
[2026-04-03T01:58:42.340+0600][18.111s][info][gc,start    ] GC(16) Concurrent marking roots
[2026-04-03T01:58:42.340+0600][18.111s][info][gc,task     ] GC(16) Using 3 of 6 workers for concurrent marking roots
[2026-04-03T01:58:42.341+0600][18.112s][info][gc          ] GC(16) Concurrent marking roots 0.829ms
[2026-04-03T01:58:42.341+0600][18.112s][info][gc,start    ] GC(16) Concurrent marking (unload classes)
[2026-04-03T01:58:42.341+0600][18.112s][info][gc,task     ] GC(16) Using 3 of 6 workers for concurrent marking
[2026-04-03T01:58:42.409+0600][18.180s][info][gc          ] GC(16) Concurrent marking (unload classes) 67.899ms
[2026-04-03T01:58:42.409+0600][18.180s][info][gc,start    ] GC(16) Pause Final Mark (unload classes)
[2026-04-03T01:58:42.409+0600][18.180s][info][gc,task     ] GC(16) Using 6 of 6 workers for final marking
[2026-04-03T01:58:42.410+0600][18.181s][info][gc,ergo     ] GC(16) Collectable Garbage: 387M (98%), Immediate: 387M (98%), CSet: 0B (0%)
[2026-04-03T01:58:42.410+0600][18.181s][info][gc          ] GC(16) Pause Final Mark (unload classes) 0.527ms
[2026-04-03T01:58:42.410+0600][18.181s][info][gc,start    ] GC(16) Concurrent weak references
[2026-04-03T01:58:42.410+0600][18.181s][info][gc,task     ] GC(16) Using 3 of 6 workers for concurrent weak references
[2026-04-03T01:58:42.410+0600][18.181s][info][gc,ref      ] GC(16) Encountered references: Soft: 3159, Weak: 5426, Final: 82, Phantom: 593
[2026-04-03T01:58:42.410+0600][18.181s][info][gc,ref      ] GC(16) Discovered  references: Soft: 0, Weak: 491, Final: 0, Phantom: 590
[2026-04-03T01:58:42.410+0600][18.181s][info][gc,ref      ] GC(16) Enqueued    references: Soft: 0, Weak: 55, Final: 0, Phantom: 0
[2026-04-03T01:58:42.410+0600][18.181s][info][gc          ] GC(16) Concurrent weak references 0.364ms
[2026-04-03T01:58:42.410+0600][18.181s][info][gc,start    ] GC(16) Concurrent weak roots
[2026-04-03T01:58:42.410+0600][18.181s][info][gc,task     ] GC(16) Using 3 of 6 workers for concurrent weak root
[2026-04-03T01:58:42.412+0600][18.183s][info][gc          ] GC(16) Concurrent weak roots 1.464ms
[2026-04-03T01:58:42.412+0600][18.183s][info][gc,start    ] GC(16) Concurrent cleanup
[2026-04-03T01:58:42.412+0600][18.183s][info][gc          ] GC(16) Concurrent cleanup 620M->234M(976M) 0.395ms
[2026-04-03T01:58:42.412+0600][18.183s][info][gc,ergo     ] GC(16) Free: 714M, Max: 256K regular, 327M humongous, Frag: 55% external, 0% internal; Reserve: 51200K, Max: 256K
[2026-04-03T01:58:42.412+0600][18.183s][info][gc,start    ] GC(16) Concurrent class unloading
[2026-04-03T01:58:42.412+0600][18.183s][info][gc,task     ] GC(16) Using 3 of 6 workers for concurrent class unloading
[2026-04-03T01:58:42.416+0600][18.187s][info][gc          ] GC(16) Concurrent class unloading 3.948ms
[2026-04-03T01:58:42.416+0600][18.188s][info][gc,start    ] GC(16) Pause Final Roots
[2026-04-03T01:58:42.416+0600][18.188s][info][gc          ] GC(16) Pause Final Roots 0.052ms
[2026-04-03T01:58:42.417+0600][18.188s][info][gc,ergo     ] Free: 709M, Max: 256K regular, 327M humongous, Frag: 54% external, 0% internal; Reserve: 51200K, Max: 256K
[2026-04-03T01:58:42.417+0600][18.188s][info][gc,stats    ] 
[2026-04-03T01:58:42.417+0600][18.188s][info][gc,stats    ] All times are wall-clock times, except per-root-class counters, that are sum over
[2026-04-03T01:58:42.417+0600][18.188s][info][gc,stats    ] all workers. Dividing the <total> over the root stage time estimates parallelism.
[2026-04-03T01:58:42.417+0600][18.188s][info][gc,stats    ] 
[2026-04-03T01:58:42.417+0600][18.188s][info][gc,stats    ] Concurrent Reset                   1156 us
[2026-04-03T01:58:42.417+0600][18.188s][info][gc,stats    ] Pause Init Mark (G)                 437 us
[2026-04-03T01:58:42.417+0600][18.188s][info][gc,stats    ] Pause Init Mark (N)                 132 us
[2026-04-03T01:58:42.417+0600][18.188s][info][gc,stats    ]   Update Region States               36 us
[2026-04-03T01:58:42.417+0600][18.188s][info][gc,stats    ] Concurrent Mark Roots               871 us, parallelism: 1.76x
[2026-04-03T01:58:42.417+0600][18.188s][info][gc,stats    ]   CMR: <total>                     1531 us
[2026-04-03T01:58:42.417+0600][18.188s][info][gc,stats    ]   CMR: Thread Roots                1257 us, workers (us): 502, 491, 264, ---, ---, ---, 
[2026-04-03T01:58:42.417+0600][18.188s][info][gc,stats    ]   CMR: VM Strong Roots               32 us, workers (us):  15,  12,   6, ---, ---, ---, 
[2026-04-03T01:58:42.417+0600][18.188s][info][gc,stats    ]   CMR: CLDG Roots                   241 us, workers (us): ---, ---, 241, ---, ---, ---, 
[2026-04-03T01:58:42.417+0600][18.188s][info][gc,stats    ] Concurrent Marking                67981 us
[2026-04-03T01:58:42.417+0600][18.188s][info][gc,stats    ] Pause Final Mark (G)                831 us
[2026-04-03T01:58:42.417+0600][18.188s][info][gc,stats    ] Pause Final Mark (N)                539 us
[2026-04-03T01:58:42.417+0600][18.188s][info][gc,stats    ]   Finish Mark                       242 us
[2026-04-03T01:58:42.417+0600][18.188s][info][gc,stats    ]   Update Region States               49 us
[2026-04-03T01:58:42.417+0600][18.188s][info][gc,stats    ]   Choose Collection Set              86 us
[2026-04-03T01:58:42.417+0600][18.188s][info][gc,stats    ]   Rebuild Free Set                   38 us
[2026-04-03T01:58:42.417+0600][18.188s][info][gc,stats    ] Concurrent Weak References          376 us, parallelism: 0.51x
[2026-04-03T01:58:42.417+0600][18.188s][info][gc,stats    ]   CWRF: <total>                     191 us
[2026-04-03T01:58:42.417+0600][18.188s][info][gc,stats    ]   CWRF: Weak References             191 us, workers (us):  93,  32,  65, ---, ---, ---, 
[2026-04-03T01:58:42.417+0600][18.188s][info][gc,stats    ] Concurrent Weak Roots              1514 us
[2026-04-03T01:58:42.417+0600][18.188s][info][gc,stats    ]   Roots                            1250 us, parallelism: 2.31x
[2026-04-03T01:58:42.417+0600][18.188s][info][gc,stats    ]     CWR: <total>                   2884 us
[2026-04-03T01:58:42.417+0600][18.188s][info][gc,stats    ]     CWR: Code Cache Roots          1756 us, workers (us): 521, 585, 649, ---, ---, ---, 
[2026-04-03T01:58:42.417+0600][18.188s][info][gc,stats    ]     CWR: VM Weak Roots             1031 us, workers (us): 365, 343, 323, ---, ---, ---, 
[2026-04-03T01:58:42.417+0600][18.188s][info][gc,stats    ]     CWR: CLDG Roots                  97 us, workers (us):  97, ---, ---, ---, ---, ---, 
[2026-04-03T01:58:42.417+0600][18.188s][info][gc,stats    ]   Rendezvous                        183 us
[2026-04-03T01:58:42.417+0600][18.188s][info][gc,stats    ] Concurrent Cleanup                  418 us
[2026-04-03T01:58:42.417+0600][18.188s][info][gc,stats    ] Concurrent Class Unloading         4021 us
[2026-04-03T01:58:42.417+0600][18.188s][info][gc,stats    ]   Unlink Stale                     3401 us
[2026-04-03T01:58:42.417+0600][18.188s][info][gc,stats    ]     System Dictionary                67 us
[2026-04-03T01:58:42.417+0600][18.188s][info][gc,stats    ]     Weak Class Links                  0 us
[2026-04-03T01:58:42.417+0600][18.188s][info][gc,stats    ]     Code Roots                     3330 us
[2026-04-03T01:58:42.417+0600][18.188s][info][gc,stats    ]   Rendezvous                        280 us
[2026-04-03T01:58:42.417+0600][18.188s][info][gc,stats    ]   Purge Unlinked                    238 us
[2026-04-03T01:58:42.417+0600][18.188s][info][gc,stats    ]     Code Roots                      230 us
[2026-04-03T01:58:42.417+0600][18.188s][info][gc,stats    ]     CLDG                              8 us
[2026-04-03T01:58:42.417+0600][18.188s][info][gc,stats    ]     Exception Caches                  0 us
[2026-04-03T01:58:42.417+0600][18.188s][info][gc,stats    ] Pause Final Roots (G)               289 us
[2026-04-03T01:58:42.417+0600][18.188s][info][gc,stats    ] Pause Final Roots (N)                64 us
[2026-04-03T01:58:42.417+0600][18.188s][info][gc,stats    ] 
[2026-04-03T01:58:42.417+0600][18.188s][info][gc,stats    ] Allocation pacing accrued:
[2026-04-03T01:58:42.417+0600][18.188s][info][gc,stats    ]       0 of   213 ms (  0.0%): <total>
[2026-04-03T01:58:42.417+0600][18.188s][info][gc,stats    ]       0 of   213 ms (  0.0%): <average total>
[2026-04-03T01:58:42.417+0600][18.188s][info][gc,stats    ] 
[2026-04-03T01:58:42.417+0600][18.188s][info][gc,metaspace] Metaspace: 64389K(65216K)->64391K(65216K) NonClass: 56213K(56640K)->56214K(56640K) Class: 8176K(8576K)->8176K(8576K)
[2026-04-03T01:58:42.417+0600][18.188s][info][gc,ergo     ] Pacer for Idle. Initial: 20480K, Alloc Tax Rate: 1.0x
[2026-04-03T01:58:42.673+0600][18.444s][info][gc          ] Trigger: Average GC time (241.97 ms) is above the time for average allocation rate (1313 MB/s) to deplete free headroom (317M) (margin of error = 1.97)
[2026-04-03T01:58:42.673+0600][18.444s][info][gc,ergo     ] Free headroom: 367M (free) - 51200K (spike) - 0B (penalties) = 317M
[2026-04-03T01:58:42.673+0600][18.444s][info][gc,ergo     ] Free: 367M, Max: 256K regular, 327M humongous, Frag: 11% external, 0% internal; Reserve: 51200K, Max: 256K
[2026-04-03T01:58:42.673+0600][18.444s][info][gc,start    ] GC(17) Concurrent reset
[2026-04-03T01:58:42.673+0600][18.444s][info][gc,task     ] GC(17) Using 3 of 6 workers for concurrent reset
[2026-04-03T01:58:42.673+0600][18.444s][info][gc,ergo     ] GC(17) Pacer for Reset. Non-Taxable: 1000M
[2026-04-03T01:58:42.674+0600][18.445s][info][gc          ] GC(17) Concurrent reset 0.829ms
[2026-04-03T01:58:42.674+0600][18.445s][info][gc,start    ] GC(17) Pause Init Mark (unload classes)
[2026-04-03T01:58:42.674+0600][18.445s][info][gc,task     ] GC(17) Using 6 of 6 workers for init marking
[2026-04-03T01:58:42.674+0600][18.446s][info][gc,ergo     ] GC(17) Pacer for Mark. Expected Live: 155M, Free: 366M, Non-Taxable: 37507K, Alloc Tax Rate: 0.5x
[2026-04-03T01:58:42.674+0600][18.446s][info][gc          ] GC(17) Pause Init Mark (unload classes) 0.097ms
[2026-04-03T01:58:42.674+0600][18.446s][info][gc,start    ] GC(17) Concurrent marking roots
[2026-04-03T01:58:42.674+0600][18.446s][info][gc,task     ] GC(17) Using 3 of 6 workers for concurrent marking roots
[2026-04-03T01:58:42.675+0600][18.446s][info][gc          ] GC(17) Concurrent marking roots 0.536ms
[2026-04-03T01:58:42.675+0600][18.446s][info][gc,start    ] GC(17) Concurrent marking (unload classes)
[2026-04-03T01:58:42.675+0600][18.446s][info][gc,task     ] GC(17) Using 3 of 6 workers for concurrent marking
[2026-04-03T01:58:42.744+0600][18.515s][info][gc          ] GC(17) Concurrent marking (unload classes) 68.980ms
[2026-04-03T01:58:42.744+0600][18.515s][info][gc,start    ] GC(17) Pause Final Mark (unload classes)
[2026-04-03T01:58:42.744+0600][18.515s][info][gc,task     ] GC(17) Using 6 of 6 workers for final marking
[2026-04-03T01:58:42.745+0600][18.516s][info][gc,ergo     ] GC(17) Collectable Garbage: 403M (98%), Immediate: 403M (98%), CSet: 0B (0%)
[2026-04-03T01:58:42.745+0600][18.516s][info][gc          ] GC(17) Pause Final Mark (unload classes) 0.590ms
[2026-04-03T01:58:42.745+0600][18.516s][info][gc,start    ] GC(17) Concurrent weak references
[2026-04-03T01:58:42.745+0600][18.516s][info][gc,task     ] GC(17) Using 3 of 6 workers for concurrent weak references
[2026-04-03T01:58:42.745+0600][18.516s][info][gc,ref      ] GC(17) Encountered references: Soft: 3159, Weak: 5371, Final: 82, Phantom: 593
[2026-04-03T01:58:42.745+0600][18.516s][info][gc,ref      ] GC(17) Discovered  references: Soft: 0, Weak: 320, Final: 0, Phantom: 590
[2026-04-03T01:58:42.745+0600][18.516s][info][gc,ref      ] GC(17) Enqueued    references: Soft: 0, Weak: 0, Final: 0, Phantom: 0
[2026-04-03T01:58:42.745+0600][18.516s][info][gc          ] GC(17) Concurrent weak references 0.263ms
[2026-04-03T01:58:42.745+0600][18.516s][info][gc,start    ] GC(17) Concurrent weak roots
[2026-04-03T01:58:42.745+0600][18.516s][info][gc,task     ] GC(17) Using 3 of 6 workers for concurrent weak root
[2026-04-03T01:58:42.747+0600][18.518s][info][gc          ] GC(17) Concurrent weak roots 1.840ms
[2026-04-03T01:58:42.747+0600][18.518s][info][gc,start    ] GC(17) Concurrent cleanup
[2026-04-03T01:58:42.747+0600][18.519s][info][gc          ] GC(17) Concurrent cleanup 641M->238M(976M) 0.362ms
[2026-04-03T01:58:42.747+0600][18.519s][info][gc,ergo     ] GC(17) Free: 709M, Max: 256K regular, 307M humongous, Frag: 57% external, 0% internal; Reserve: 51200K, Max: 256K
[2026-04-03T01:58:42.747+0600][18.519s][info][gc,start    ] GC(17) Concurrent class unloading
[2026-04-03T01:58:42.747+0600][18.519s][info][gc,task     ] GC(17) Using 3 of 6 workers for concurrent class unloading
[2026-04-03T01:58:42.751+0600][18.522s][info][gc          ] GC(17) Concurrent class unloading 3.591ms
[2026-04-03T01:58:42.751+0600][18.522s][info][gc,start    ] GC(17) Pause Final Roots
[2026-04-03T01:58:42.751+0600][18.522s][info][gc          ] GC(17) Pause Final Roots 0.060ms
[2026-04-03T01:58:42.751+0600][18.523s][info][gc,ergo     ] Free: 706M, Max: 256K regular, 307M humongous, Frag: 57% external, 0% internal; Reserve: 51200K, Max: 256K
[2026-04-03T01:58:42.752+0600][18.523s][info][gc,stats    ] 
[2026-04-03T01:58:42.752+0600][18.523s][info][gc,stats    ] All times are wall-clock times, except per-root-class counters, that are sum over
[2026-04-03T01:58:42.752+0600][18.523s][info][gc,stats    ] all workers. Dividing the <total> over the root stage time estimates parallelism.
[2026-04-03T01:58:42.752+0600][18.523s][info][gc,stats    ] 
[2026-04-03T01:58:42.752+0600][18.523s][info][gc,stats    ] Concurrent Reset                    862 us
[2026-04-03T01:58:42.752+0600][18.523s][info][gc,stats    ] Pause Init Mark (G)                 373 us
[2026-04-03T01:58:42.752+0600][18.523s][info][gc,stats    ] Pause Init Mark (N)                 107 us
[2026-04-03T01:58:42.752+0600][18.523s][info][gc,stats    ]   Update Region States               29 us
[2026-04-03T01:58:42.752+0600][18.523s][info][gc,stats    ] Concurrent Mark Roots               568 us, parallelism: 1.34x
[2026-04-03T01:58:42.752+0600][18.523s][info][gc,stats    ]   CMR: <total>                      761 us
[2026-04-03T01:58:42.752+0600][18.523s][info][gc,stats    ]   CMR: Thread Roots                 577 us, workers (us): 279, 121, 177, ---, ---, ---, 
[2026-04-03T01:58:42.752+0600][18.523s][info][gc,stats    ]   CMR: VM Strong Roots               22 us, workers (us):  11,  10,   1, ---, ---, ---, 
[2026-04-03T01:58:42.752+0600][18.523s][info][gc,stats    ]   CMR: CLDG Roots                   162 us, workers (us): ---, 162, ---, ---, ---, ---, 
[2026-04-03T01:58:42.752+0600][18.523s][info][gc,stats    ] Concurrent Marking                69061 us
[2026-04-03T01:58:42.752+0600][18.523s][info][gc,stats    ] Pause Final Mark (G)                792 us
[2026-04-03T01:58:42.752+0600][18.523s][info][gc,stats    ] Pause Final Mark (N)                603 us
[2026-04-03T01:58:42.752+0600][18.523s][info][gc,stats    ]   Finish Mark                       289 us
[2026-04-03T01:58:42.752+0600][18.523s][info][gc,stats    ]   Update Region States               57 us
[2026-04-03T01:58:42.752+0600][18.523s][info][gc,stats    ]   Choose Collection Set             115 us
[2026-04-03T01:58:42.752+0600][18.523s][info][gc,stats    ]   Rebuild Free Set                   44 us
[2026-04-03T01:58:42.752+0600][18.523s][info][gc,stats    ] Concurrent Weak References          274 us, parallelism: 0.37x
[2026-04-03T01:58:42.752+0600][18.523s][info][gc,stats    ]   CWRF: <total>                     103 us
[2026-04-03T01:58:42.752+0600][18.523s][info][gc,stats    ]   CWRF: Weak References             103 us, workers (us):  77,  24,   1, ---, ---, ---, 
[2026-04-03T01:58:42.752+0600][18.523s][info][gc,stats    ] Concurrent Weak Roots              1899 us
[2026-04-03T01:58:42.752+0600][18.523s][info][gc,stats    ]   Roots                            1578 us, parallelism: 2.27x
[2026-04-03T01:58:42.752+0600][18.523s][info][gc,stats    ]     CWR: <total>                   3577 us
[2026-04-03T01:58:42.752+0600][18.523s][info][gc,stats    ]     CWR: Code Cache Roots          2408 us, workers (us): 856, 786, 766, ---, ---, ---, 
[2026-04-03T01:58:42.752+0600][18.523s][info][gc,stats    ]     CWR: VM Weak Roots             1139 us, workers (us): 402, 369, 368, ---, ---, ---, 
[2026-04-03T01:58:42.752+0600][18.523s][info][gc,stats    ]     CWR: CLDG Roots                  31 us, workers (us):  31, ---, ---, ---, ---, ---, 
[2026-04-03T01:58:42.752+0600][18.523s][info][gc,stats    ]   Rendezvous                        233 us
[2026-04-03T01:58:42.752+0600][18.523s][info][gc,stats    ] Concurrent Cleanup                  381 us
[2026-04-03T01:58:42.752+0600][18.523s][info][gc,stats    ] Concurrent Class Unloading         3662 us
[2026-04-03T01:58:42.752+0600][18.523s][info][gc,stats    ]   Unlink Stale                     3274 us
[2026-04-03T01:58:42.752+0600][18.523s][info][gc,stats    ]     System Dictionary                68 us
[2026-04-03T01:58:42.752+0600][18.523s][info][gc,stats    ]     Weak Class Links                  1 us
[2026-04-03T01:58:42.752+0600][18.523s][info][gc,stats    ]     Code Roots                     3202 us
[2026-04-03T01:58:42.752+0600][18.523s][info][gc,stats    ]   Rendezvous                        201 us
[2026-04-03T01:58:42.752+0600][18.523s][info][gc,stats    ]   Purge Unlinked                     88 us
[2026-04-03T01:58:42.752+0600][18.523s][info][gc,stats    ]     Code Roots                       81 us
[2026-04-03T01:58:42.752+0600][18.523s][info][gc,stats    ]     CLDG                              6 us
[2026-04-03T01:58:42.752+0600][18.523s][info][gc,stats    ]     Exception Caches                  0 us
[2026-04-03T01:58:42.752+0600][18.523s][info][gc,stats    ] Pause Final Roots (G)               261 us
[2026-04-03T01:58:42.752+0600][18.523s][info][gc,stats    ] Pause Final Roots (N)               102 us
[2026-04-03T01:58:42.752+0600][18.523s][info][gc,stats    ] Pacing                            18517 us
[2026-04-03T01:58:42.752+0600][18.523s][info][gc,stats    ] 
[2026-04-03T01:58:42.752+0600][18.523s][info][gc,stats    ] Allocation pacing accrued:
[2026-04-03T01:58:42.752+0600][18.523s][info][gc,stats    ]      19 of   335 ms (  5.5%): Executor task launch worker for task 1.0 in stage 1.0 (TID 2)
[2026-04-03T01:58:42.752+0600][18.523s][info][gc,stats    ]      19 of   335 ms (  5.5%): <total>
[2026-04-03T01:58:42.752+0600][18.523s][info][gc,stats    ]       0 of   335 ms (  0.1%): <average total>
[2026-04-03T01:58:42.752+0600][18.523s][info][gc,stats    ]      19 of   335 ms (  5.5%): <average non-zero>
[2026-04-03T01:58:42.752+0600][18.523s][info][gc,stats    ] 
[2026-04-03T01:58:42.752+0600][18.523s][info][gc,metaspace] Metaspace: 64392K(65216K)->64392K(65216K) NonClass: 56215K(56640K)->56215K(56640K) Class: 8176K(8576K)->8176K(8576K)
[2026-04-03T01:58:42.752+0600][18.523s][info][gc,ergo     ] Pacer for Idle. Initial: 20480K, Alloc Tax Rate: 1.0x
[2026-04-03T01:58:42.970+0600][18.741s][info][gc          ] Trigger: Explicit GC request (System.gc())
[2026-04-03T01:58:42.970+0600][18.741s][info][gc,ergo     ] Free: 633M, Max: 256K regular, 307M humongous, Frag: 52% external, 0% internal; Reserve: 51200K, Max: 256K
[2026-04-03T01:58:42.970+0600][18.741s][info][gc,start    ] GC(18) Concurrent reset
[2026-04-03T01:58:42.970+0600][18.741s][info][gc,task     ] GC(18) Using 3 of 6 workers for concurrent reset
[2026-04-03T01:58:42.970+0600][18.741s][info][gc,ergo     ] GC(18) Pacer for Reset. Non-Taxable: 1000M
[2026-04-03T01:58:42.971+0600][18.742s][info][gc          ] GC(18) Concurrent reset 0.946ms
[2026-04-03T01:58:42.971+0600][18.742s][info][gc,start    ] GC(18) Pause Init Mark (unload classes)
[2026-04-03T01:58:42.971+0600][18.742s][info][gc,task     ] GC(18) Using 6 of 6 workers for init marking
[2026-04-03T01:58:42.971+0600][18.742s][info][gc,ref      ] GC(18) Clearing All SoftReferences
[2026-04-03T01:58:42.971+0600][18.742s][info][gc,ergo     ] GC(18) Pacer for Mark. Expected Live: 164M, Free: 633M, Non-Taxable: 64900K, Alloc Tax Rate: 0.3x
[2026-04-03T01:58:42.971+0600][18.743s][info][gc          ] GC(18) Pause Init Mark (unload classes) 0.258ms
[2026-04-03T01:58:42.971+0600][18.743s][info][gc,start    ] GC(18) Concurrent marking roots
[2026-04-03T01:58:42.971+0600][18.743s][info][gc,task     ] GC(18) Using 3 of 6 workers for concurrent marking roots
[2026-04-03T01:58:42.972+0600][18.743s][info][gc          ] GC(18) Concurrent marking roots 0.750ms
[2026-04-03T01:58:42.972+0600][18.743s][info][gc,start    ] GC(18) Concurrent marking (unload classes)
[2026-04-03T01:58:42.972+0600][18.743s][info][gc,task     ] GC(18) Using 3 of 6 workers for concurrent marking
[2026-04-03T01:58:43.050+0600][18.821s][info][gc          ] GC(18) Concurrent marking (unload classes) 77.933ms
[2026-04-03T01:58:43.050+0600][18.821s][info][gc,start    ] GC(18) Pause Final Mark (unload classes)
[2026-04-03T01:58:43.050+0600][18.822s][info][gc,task     ] GC(18) Using 6 of 6 workers for final marking
[2026-04-03T01:58:43.051+0600][18.822s][info][gc,ergo     ] GC(18) Adaptive CSet Selection. Target Free: 141M, Actual Free: 807M, Max CSet: 42666K, Min Garbage: 0B
[2026-04-03T01:58:43.051+0600][18.822s][info][gc,ergo     ] GC(18) Collectable Garbage: 139M (98%), Immediate: 123M (86%), CSet: 16589K (11%)
[2026-04-03T01:58:43.051+0600][18.822s][info][gc,ergo     ] GC(18) Pacer for Evacuation. Used CSet: 18680K, Free: 758M, Non-Taxable: 77648K, Alloc Tax Rate: 1.1x
[2026-04-03T01:58:43.051+0600][18.822s][info][gc          ] GC(18) Pause Final Mark (unload classes) 0.945ms
[2026-04-03T01:58:43.051+0600][18.823s][info][gc,start    ] GC(18) Concurrent thread roots
[2026-04-03T01:58:43.051+0600][18.823s][info][gc,task     ] GC(18) Using 3 of 6 workers for Concurrent thread roots
[2026-04-03T01:58:43.052+0600][18.823s][info][gc          ] GC(18) Concurrent thread roots 0.611ms
[2026-04-03T01:58:43.052+0600][18.823s][info][gc,start    ] GC(18) Concurrent weak references
[2026-04-03T01:58:43.052+0600][18.823s][info][gc,task     ] GC(18) Using 3 of 6 workers for concurrent weak references
[2026-04-03T01:58:43.053+0600][18.824s][info][gc,ref      ] GC(18) Encountered references: Soft: 3082, Weak: 5768, Final: 82, Phantom: 594
[2026-04-03T01:58:43.053+0600][18.824s][info][gc,ref      ] GC(18) Discovered  references: Soft: 1477, Weak: 4555, Final: 0, Phantom: 591
[2026-04-03T01:58:43.053+0600][18.824s][info][gc,ref      ] GC(18) Enqueued    references: Soft: 382, Weak: 367, Final: 0, Phantom: 0
[2026-04-03T01:58:43.053+0600][18.824s][info][gc          ] GC(18) Concurrent weak references 1.111ms
[2026-04-03T01:58:43.053+0600][18.824s][info][gc,start    ] GC(18) Concurrent weak roots
[2026-04-03T01:58:43.053+0600][18.824s][info][gc,task     ] GC(18) Using 3 of 6 workers for concurrent weak root
[2026-04-03T01:58:43.055+0600][18.827s][info][gc          ] GC(18) Concurrent weak roots 2.145ms
[2026-04-03T01:58:43.055+0600][18.827s][info][gc,start    ] GC(18) Concurrent cleanup
[2026-04-03T01:58:43.056+0600][18.827s][info][gc          ] GC(18) Concurrent cleanup 314M->191M(976M) 0.691ms
[2026-04-03T01:58:43.056+0600][18.827s][info][gc,ergo     ] GC(18) Free: 757M, Max: 256K regular, 358M humongous, Frag: 53% external, 0% internal; Reserve: 50792K, Max: 256K
[2026-04-03T01:58:43.056+0600][18.827s][info][gc,start    ] GC(18) Concurrent class unloading
[2026-04-03T01:58:43.056+0600][18.827s][info][gc,task     ] GC(18) Using 3 of 6 workers for concurrent class unloading
[2026-04-03T01:58:43.071+0600][18.842s][info][gc          ] GC(18) Concurrent class unloading 14.372ms
[2026-04-03T01:58:43.071+0600][18.842s][info][gc,start    ] GC(18) Concurrent strong roots
[2026-04-03T01:58:43.071+0600][18.842s][info][gc,task     ] GC(18) Using 3 of 6 workers for concurrent strong root
[2026-04-03T01:58:43.072+0600][18.843s][info][gc          ] GC(18) Concurrent strong roots 0.852ms
[2026-04-03T01:58:43.072+0600][18.843s][info][gc,start    ] GC(18) Concurrent evacuation
[2026-04-03T01:58:43.072+0600][18.843s][info][gc,task     ] GC(18) Using 3 of 6 workers for concurrent evacuation
[2026-04-03T01:58:43.074+0600][18.845s][info][gc          ] GC(18) Concurrent evacuation 2.682ms
[2026-04-03T01:58:43.075+0600][18.846s][info][gc,start    ] GC(18) Pause Init Update Refs
[2026-04-03T01:58:43.075+0600][18.846s][info][gc,ergo     ] GC(18) Pacer for Update Refs. Used: 196M, Free: 755M, Non-Taxable: 77356K, Alloc Tax Rate: 1.1x
[2026-04-03T01:58:43.075+0600][18.846s][info][gc          ] GC(18) Pause Init Update Refs 0.105ms
[2026-04-03T01:58:43.075+0600][18.846s][info][gc,start    ] GC(18) Concurrent update references
[2026-04-03T01:58:43.075+0600][18.846s][info][gc,task     ] GC(18) Using 3 of 6 workers for concurrent reference update
[2026-04-03T01:58:43.135+0600][18.907s][info][gc          ] GC(18) Concurrent update references 60.507ms
[2026-04-03T01:58:43.135+0600][18.907s][info][gc,start    ] GC(18) Concurrent update thread roots
[2026-04-03T01:58:43.136+0600][18.907s][info][gc          ] GC(18) Concurrent update thread roots 0.715ms
[2026-04-03T01:58:43.136+0600][18.907s][info][gc,start    ] GC(18) Pause Final Update Refs
[2026-04-03T01:58:43.136+0600][18.908s][info][gc,task     ] GC(18) Using 6 of 6 workers for final reference update
[2026-04-03T01:58:43.136+0600][18.908s][info][gc          ] GC(18) Pause Final Update Refs 0.228ms
[2026-04-03T01:58:43.137+0600][18.908s][info][gc,start    ] GC(18) Concurrent cleanup
[2026-04-03T01:58:43.137+0600][18.909s][info][gc          ] GC(18) Concurrent cleanup 197M->179M(978M) 0.673ms
[2026-04-03T01:58:43.137+0600][18.909s][info][gc,ergo     ] Free: 769M, Max: 256K regular, 358M humongous, Frag: 54% external, 0% internal; Reserve: 51200K, Max: 256K
[2026-04-03T01:58:43.137+0600][18.909s][info][gc,stats    ] 
[2026-04-03T01:58:43.137+0600][18.909s][info][gc,stats    ] All times are wall-clock times, except per-root-class counters, that are sum over
[2026-04-03T01:58:43.137+0600][18.909s][info][gc,stats    ] all workers. Dividing the <total> over the root stage time estimates parallelism.
[2026-04-03T01:58:43.137+0600][18.909s][info][gc,stats    ] 
[2026-04-03T01:58:43.137+0600][18.909s][info][gc,stats    ] Concurrent Reset                   1013 us
[2026-04-03T01:58:43.137+0600][18.909s][info][gc,stats    ] Pause Init Mark (G)                 625 us
[2026-04-03T01:58:43.137+0600][18.909s][info][gc,stats    ] Pause Init Mark (N)                 274 us
[2026-04-03T01:58:43.137+0600][18.909s][info][gc,stats    ]   Update Region States               68 us
[2026-04-03T01:58:43.137+0600][18.909s][info][gc,stats    ] Concurrent Mark Roots               789 us, parallelism: 1.36x
[2026-04-03T01:58:43.137+0600][18.909s][info][gc,stats    ]   CMR: <total>                     1072 us
[2026-04-03T01:58:43.137+0600][18.909s][info][gc,stats    ]   CMR: Thread Roots                 735 us, workers (us):  67, 375, 294, ---, ---, ---, 
[2026-04-03T01:58:43.137+0600][18.909s][info][gc,stats    ]   CMR: VM Strong Roots               32 us, workers (us):  23,   8,   1, ---, ---, ---, 
[2026-04-03T01:58:43.137+0600][18.909s][info][gc,stats    ]   CMR: CLDG Roots                   306 us, workers (us): 306, ---, ---, ---, ---, ---, 
[2026-04-03T01:58:43.137+0600][18.909s][info][gc,stats    ] Concurrent Marking                78028 us
[2026-04-03T01:58:43.137+0600][18.909s][info][gc,stats    ] Pause Final Mark (G)               1156 us
[2026-04-03T01:58:43.137+0600][18.909s][info][gc,stats    ] Pause Final Mark (N)                960 us
[2026-04-03T01:58:43.138+0600][18.909s][info][gc,stats    ]   Finish Mark                       227 us
[2026-04-03T01:58:43.138+0600][18.909s][info][gc,stats    ]   Update Region States               83 us
[2026-04-03T01:58:43.138+0600][18.909s][info][gc,stats    ]   Choose Collection Set             403 us
[2026-04-03T01:58:43.138+0600][18.909s][info][gc,stats    ]   Rebuild Free Set                   54 us
[2026-04-03T01:58:43.138+0600][18.909s][info][gc,stats    ] Concurrent Thread Roots             692 us, parallelism: 1.81x
[2026-04-03T01:58:43.138+0600][18.909s][info][gc,stats    ]   CTR: <total>                     1251 us
[2026-04-03T01:58:43.138+0600][18.909s][info][gc,stats    ]   CTR: Thread Roots                1251 us, workers (us): 475, 394, 382, ---, ---, ---, 
[2026-04-03T01:58:43.138+0600][18.909s][info][gc,stats    ] Concurrent Weak References         1121 us, parallelism: 1.19x
[2026-04-03T01:58:43.138+0600][18.909s][info][gc,stats    ]   CWRF: <total>                    1334 us
[2026-04-03T01:58:43.138+0600][18.909s][info][gc,stats    ]   CWRF: Weak References            1334 us, workers (us): 117, 847, 371, ---, ---, ---, 
[2026-04-03T01:58:43.138+0600][18.909s][info][gc,stats    ] Concurrent Weak Roots              2201 us
[2026-04-03T01:58:43.138+0600][18.909s][info][gc,stats    ]   Roots                            1753 us, parallelism: 2.46x
[2026-04-03T01:58:43.138+0600][18.909s][info][gc,stats    ]     CWR: <total>                   4314 us
[2026-04-03T01:58:43.138+0600][18.909s][info][gc,stats    ]     CWR: Code Cache Roots          2500 us, workers (us): 808, 863, 830, ---, ---, ---, 
[2026-04-03T01:58:43.138+0600][18.909s][info][gc,stats    ]     CWR: VM Weak Roots             1726 us, workers (us): 640, 543, 543, ---, ---, ---, 
[2026-04-03T01:58:43.138+0600][18.909s][info][gc,stats    ]     CWR: CLDG Roots                  87 us, workers (us):  87, ---, ---, ---, ---, ---, 
[2026-04-03T01:58:43.138+0600][18.909s][info][gc,stats    ]   Rendezvous                        370 us
[2026-04-03T01:58:43.138+0600][18.909s][info][gc,stats    ] Concurrent Cleanup                  734 us
[2026-04-03T01:58:43.138+0600][18.909s][info][gc,stats    ] Concurrent Class Unloading        14463 us
[2026-04-03T01:58:43.138+0600][18.909s][info][gc,stats    ]   Unlink Stale                    13290 us
[2026-04-03T01:58:43.138+0600][18.909s][info][gc,stats    ]     System Dictionary               373 us
[2026-04-03T01:58:43.138+0600][18.909s][info][gc,stats    ]     Weak Class Links               8376 us
[2026-04-03T01:58:43.138+0600][18.909s][info][gc,stats    ]     Code Roots                     4538 us
[2026-04-03T01:58:43.138+0600][18.909s][info][gc,stats    ]   Rendezvous                        247 us
[2026-04-03T01:58:43.138+0600][18.909s][info][gc,stats    ]   Purge Unlinked                    810 us
[2026-04-03T01:58:43.138+0600][18.909s][info][gc,stats    ]     Code Roots                      360 us
[2026-04-03T01:58:43.138+0600][18.909s][info][gc,stats    ]     CLDG                            449 us
[2026-04-03T01:58:43.138+0600][18.909s][info][gc,stats    ]     Exception Caches                  0 us
[2026-04-03T01:58:43.138+0600][18.909s][info][gc,stats    ] Concurrent Strong Roots             909 us, parallelism: 0.58x
[2026-04-03T01:58:43.138+0600][18.909s][info][gc,stats    ]   CSR: <total>                      527 us
[2026-04-03T01:58:43.138+0600][18.909s][info][gc,stats    ]   CSR: VM Strong Roots               27 us, workers (us):  15,  12,   0, ---, ---, ---, 
[2026-04-03T01:58:43.138+0600][18.909s][info][gc,stats    ]   CSR: CLDG Roots                   500 us, workers (us): ---, 500, ---, ---, ---, ---, 
[2026-04-03T01:58:43.138+0600][18.909s][info][gc,stats    ] Concurrent Evacuation              2746 us
[2026-04-03T01:58:43.138+0600][18.909s][info][gc,stats    ] Pause Init Update Refs (G)          458 us
[2026-04-03T01:58:43.138+0600][18.909s][info][gc,stats    ] Pause Init Update Refs (N)          129 us
[2026-04-03T01:58:43.138+0600][18.909s][info][gc,stats    ]   Manage GCLABs                      19 us
[2026-04-03T01:58:43.138+0600][18.909s][info][gc,stats    ] Concurrent Update Refs            60581 us
[2026-04-03T01:58:43.138+0600][18.909s][info][gc,stats    ] Concurrent Update Thread Roots      765 us
[2026-04-03T01:58:43.138+0600][18.909s][info][gc,stats    ] Pause Final Update Refs (G)         506 us
[2026-04-03T01:58:43.138+0600][18.909s][info][gc,stats    ] Pause Final Update Refs (N)         249 us
[2026-04-03T01:58:43.138+0600][18.909s][info][gc,stats    ]   Update Region States               84 us
[2026-04-03T01:58:43.138+0600][18.909s][info][gc,stats    ]   Trash Collection Set                8 us
[2026-04-03T01:58:43.138+0600][18.909s][info][gc,stats    ]   Rebuild Free Set                   52 us
[2026-04-03T01:58:43.138+0600][18.909s][info][gc,stats    ] Concurrent Cleanup                  694 us
[2026-04-03T01:58:43.138+0600][18.909s][info][gc,stats    ] 
[2026-04-03T01:58:43.138+0600][18.909s][info][gc,stats    ] Allocation pacing accrued:
[2026-04-03T01:58:43.138+0600][18.909s][info][gc,stats    ]       0 of   386 ms (  0.0%): <total>
[2026-04-03T01:58:43.138+0600][18.909s][info][gc,stats    ]       0 of   386 ms (  0.0%): <average total>
[2026-04-03T01:58:43.138+0600][18.909s][info][gc,stats    ] 
[2026-04-03T01:58:43.138+0600][18.909s][info][gc,metaspace] Metaspace: 66133K(67008K)->65821K(67008K) NonClass: 57734K(58240K)->57480K(58240K) Class: 8399K(8768K)->8340K(8768K)
[2026-04-03T01:58:43.138+0600][18.909s][info][gc,ergo     ] Pacer for Idle. Initial: 20480K, Alloc Tax Rate: 1.0x
[2026-04-03T01:58:43.138+0600][18.909s][info][gc,start    ] Concurrent uncommit
[2026-04-03T01:58:43.293+0600][19.065s][info][gc          ] Concurrent uncommit 179M->191M(194M) 155.520ms
[2026-04-03T01:58:43.517+0600][19.288s][info][gc          ] Trigger: Learning 2 of 5. Free (699M) is below initial threshold (700M)
[2026-04-03T01:58:43.517+0600][19.288s][info][gc,ergo     ] Free: 699M, Max: 256K regular, 358M humongous, Frag: 49% external, 0% internal; Reserve: 51200K, Max: 256K
[2026-04-03T01:58:43.517+0600][19.288s][info][gc,start    ] GC(19) Concurrent reset
[2026-04-03T01:58:43.517+0600][19.288s][info][gc,task     ] GC(19) Using 3 of 6 workers for concurrent reset
[2026-04-03T01:58:43.517+0600][19.288s][info][gc,ergo     ] GC(19) Pacer for Reset. Non-Taxable: 1000M
[2026-04-03T01:58:43.518+0600][19.289s][info][gc          ] GC(19) Concurrent reset 1.029ms
[2026-04-03T01:58:43.518+0600][19.289s][info][gc,start    ] GC(19) Pause Init Mark (unload classes)
[2026-04-03T01:58:43.518+0600][19.290s][info][gc,task     ] GC(19) Using 6 of 6 workers for init marking
[2026-04-03T01:58:43.518+0600][19.290s][info][gc,ergo     ] GC(19) Pacer for Mark. Expected Live: 170M, Free: 698M, Non-Taxable: 71479K, Alloc Tax Rate: 0.3x
[2026-04-03T01:58:43.518+0600][19.290s][info][gc          ] GC(19) Pause Init Mark (unload classes) 0.129ms
[2026-04-03T01:58:43.519+0600][19.290s][info][gc,start    ] GC(19) Concurrent marking roots
[2026-04-03T01:58:43.519+0600][19.290s][info][gc,task     ] GC(19) Using 3 of 6 workers for concurrent marking roots
[2026-04-03T01:58:43.519+0600][19.291s][info][gc          ] GC(19) Concurrent marking roots 0.860ms
[2026-04-03T01:58:43.519+0600][19.291s][info][gc,start    ] GC(19) Concurrent marking (unload classes)
[2026-04-03T01:58:43.519+0600][19.291s][info][gc,task     ] GC(19) Using 3 of 6 workers for concurrent marking
[2026-04-03T01:58:43.591+0600][19.362s][info][gc          ] GC(19) Concurrent marking (unload classes) 71.206ms
[2026-04-03T01:58:43.591+0600][19.362s][info][gc,start    ] GC(19) Pause Final Mark (unload classes)
[2026-04-03T01:58:43.591+0600][19.362s][info][gc,task     ] GC(19) Using 6 of 6 workers for final marking
[2026-04-03T01:58:43.591+0600][19.363s][info][gc,ergo     ] GC(19) Adaptive CSet Selection. Target Free: 141M, Actual Free: 733M, Max CSet: 42666K, Min Garbage: 0B
[2026-04-03T01:58:43.592+0600][19.363s][info][gc,ergo     ] GC(19) Collectable Garbage: 73921K (96%), Immediate: 56123K (73%), CSet: 17797K (23%)
[2026-04-03T01:58:43.592+0600][19.363s][info][gc,ergo     ] GC(19) Pacer for Evacuation. Used CSet: 19455K, Free: 686M, Non-Taxable: 70327K, Alloc Tax Rate: 1.1x
[2026-04-03T01:58:43.592+0600][19.363s][info][gc          ] GC(19) Pause Final Mark (unload classes) 0.699ms
[2026-04-03T01:58:43.592+0600][19.363s][info][gc,start    ] GC(19) Concurrent thread roots
[2026-04-03T01:58:43.592+0600][19.363s][info][gc,task     ] GC(19) Using 3 of 6 workers for Concurrent thread roots
[2026-04-03T01:58:43.592+0600][19.363s][info][gc          ] GC(19) Concurrent thread roots 0.473ms
[2026-04-03T01:58:43.592+0600][19.363s][info][gc,start    ] GC(19) Concurrent weak references
[2026-04-03T01:58:43.592+0600][19.363s][info][gc,task     ] GC(19) Using 3 of 6 workers for concurrent weak references
[2026-04-03T01:58:43.592+0600][19.364s][info][gc,ref      ] GC(19) Encountered references: Soft: 3110, Weak: 5864, Final: 82, Phantom: 594
[2026-04-03T01:58:43.592+0600][19.364s][info][gc,ref      ] GC(19) Discovered  references: Soft: 0, Weak: 649, Final: 0, Phantom: 591
[2026-04-03T01:58:43.592+0600][19.364s][info][gc,ref      ] GC(19) Enqueued    references: Soft: 0, Weak: 216, Final: 0, Phantom: 0
[2026-04-03T01:58:43.592+0600][19.364s][info][gc          ] GC(19) Concurrent weak references 0.237ms
[2026-04-03T01:58:43.592+0600][19.364s][info][gc,start    ] GC(19) Concurrent weak roots
[2026-04-03T01:58:43.592+0600][19.364s][info][gc,task     ] GC(19) Using 3 of 6 workers for concurrent weak root
[2026-04-03T01:58:43.594+0600][19.365s][info][gc          ] GC(19) Concurrent weak roots 1.877ms
[2026-04-03T01:58:43.594+0600][19.366s][info][gc,start    ] GC(19) Concurrent cleanup
[2026-04-03T01:58:43.595+0600][19.366s][info][gc          ] GC(19) Concurrent cleanup 318M->264M(323M) 0.650ms
[2026-04-03T01:58:43.595+0600][19.366s][info][gc,ergo     ] GC(19) Free: 684M, Max: 256K regular, 358M humongous, Frag: 48% external, 0% internal; Reserve: 50966K, Max: 256K
[2026-04-03T01:58:43.595+0600][19.366s][info][gc,start    ] GC(19) Concurrent class unloading
[2026-04-03T01:58:43.595+0600][19.366s][info][gc,task     ] GC(19) Using 3 of 6 workers for concurrent class unloading
[2026-04-03T01:58:43.599+0600][19.371s][info][gc          ] GC(19) Concurrent class unloading 4.342ms
[2026-04-03T01:58:43.599+0600][19.371s][info][gc,start    ] GC(19) Concurrent strong roots
[2026-04-03T01:58:43.600+0600][19.371s][info][gc,task     ] GC(19) Using 3 of 6 workers for concurrent strong root
[2026-04-03T01:58:43.600+0600][19.372s][info][gc          ] GC(19) Concurrent strong roots 0.866ms
[2026-04-03T01:58:43.600+0600][19.372s][info][gc,start    ] GC(19) Concurrent evacuation
[2026-04-03T01:58:43.600+0600][19.372s][info][gc,task     ] GC(19) Using 3 of 6 workers for concurrent evacuation
[2026-04-03T01:58:43.602+0600][19.373s][info][gc          ] GC(19) Concurrent evacuation 1.518ms
[2026-04-03T01:58:43.602+0600][19.373s][info][gc,start    ] GC(19) Pause Init Update Refs
[2026-04-03T01:58:43.602+0600][19.373s][info][gc,ergo     ] GC(19) Pacer for Update Refs. Used: 274M, Free: 675M, Non-Taxable: 69207K, Alloc Tax Rate: 1.1x
[2026-04-03T01:58:43.602+0600][19.373s][info][gc          ] GC(19) Pause Init Update Refs 0.100ms
[2026-04-03T01:58:43.602+0600][19.373s][info][gc,start    ] GC(19) Concurrent update references
[2026-04-03T01:58:43.602+0600][19.373s][info][gc,task     ] GC(19) Using 3 of 6 workers for concurrent reference update
[2026-04-03T01:58:43.671+0600][19.443s][info][gc          ] GC(19) Concurrent update references 69.077ms
[2026-04-03T01:58:43.671+0600][19.443s][info][gc,start    ] GC(19) Concurrent update thread roots
[2026-04-03T01:58:43.672+0600][19.443s][info][gc          ] GC(19) Concurrent update thread roots 0.771ms
[2026-04-03T01:58:43.672+0600][19.444s][info][gc,start    ] GC(19) Pause Final Update Refs
[2026-04-03T01:58:43.672+0600][19.444s][info][gc,task     ] GC(19) Using 6 of 6 workers for final reference update
[2026-04-03T01:58:43.673+0600][19.444s][info][gc          ] GC(19) Pause Final Update Refs 0.208ms
[2026-04-03T01:58:43.673+0600][19.444s][info][gc,start    ] GC(19) Concurrent cleanup
[2026-04-03T01:58:43.673+0600][19.445s][info][gc          ] GC(19) Concurrent cleanup 355M->337M(357M) 0.613ms
[2026-04-03T01:58:43.673+0600][19.445s][info][gc,ergo     ] Free: 610M, Max: 256K regular, 357M humongous, Frag: 42% external, 0% internal; Reserve: 51200K, Max: 256K
[2026-04-03T01:58:43.673+0600][19.445s][info][gc,stats    ] 
[2026-04-03T01:58:43.673+0600][19.445s][info][gc,stats    ] All times are wall-clock times, except per-root-class counters, that are sum over
[2026-04-03T01:58:43.673+0600][19.445s][info][gc,stats    ] all workers. Dividing the <total> over the root stage time estimates parallelism.
[2026-04-03T01:58:43.673+0600][19.445s][info][gc,stats    ] 
[2026-04-03T01:58:43.673+0600][19.445s][info][gc,stats    ] Concurrent Reset                   1061 us
[2026-04-03T01:58:43.673+0600][19.445s][info][gc,stats    ] Pause Init Mark (G)                 520 us
[2026-04-03T01:58:43.673+0600][19.445s][info][gc,stats    ] Pause Init Mark (N)                 140 us
[2026-04-03T01:58:43.673+0600][19.445s][info][gc,stats    ]   Update Region States               42 us
[2026-04-03T01:58:43.673+0600][19.445s][info][gc,stats    ] Concurrent Mark Roots               886 us, parallelism: 1.81x
[2026-04-03T01:58:43.673+0600][19.445s][info][gc,stats    ]   CMR: <total>                     1599 us
[2026-04-03T01:58:43.673+0600][19.445s][info][gc,stats    ]   CMR: Thread Roots                1303 us, workers (us): 526, 259, 518, ---, ---, ---, 
[2026-04-03T01:58:43.673+0600][19.445s][info][gc,stats    ]   CMR: VM Strong Roots               27 us, workers (us):  26,   1,   1, ---, ---, ---, 
[2026-04-03T01:58:43.673+0600][19.445s][info][gc,stats    ]   CMR: CLDG Roots                   269 us, workers (us): ---, 269, ---, ---, ---, ---, 
[2026-04-03T01:58:43.674+0600][19.445s][info][gc,stats    ] Concurrent Marking                71301 us
[2026-04-03T01:58:43.674+0600][19.445s][info][gc,stats    ] Pause Final Mark (G)                924 us
[2026-04-03T01:58:43.674+0600][19.445s][info][gc,stats    ] Pause Final Mark (N)                712 us
[2026-04-03T01:58:43.674+0600][19.445s][info][gc,stats    ]   Finish Mark                       276 us
[2026-04-03T01:58:43.674+0600][19.445s][info][gc,stats    ]   Update Region States               52 us
[2026-04-03T01:58:43.674+0600][19.445s][info][gc,stats    ]   Choose Collection Set             230 us
[2026-04-03T01:58:43.674+0600][19.445s][info][gc,stats    ]   Rebuild Free Set                   33 us
[2026-04-03T01:58:43.674+0600][19.445s][info][gc,stats    ] Concurrent Thread Roots             501 us, parallelism: 1.87x
[2026-04-03T01:58:43.674+0600][19.445s][info][gc,stats    ]   CTR: <total>                      939 us
[2026-04-03T01:58:43.674+0600][19.445s][info][gc,stats    ]   CTR: Thread Roots                 939 us, workers (us): 359, 314, 265, ---, ---, ---, 
[2026-04-03T01:58:43.674+0600][19.445s][info][gc,stats    ] Concurrent Weak References          243 us, parallelism: 1.17x
[2026-04-03T01:58:43.674+0600][19.445s][info][gc,stats    ]   CWRF: <total>                     284 us
[2026-04-03T01:58:43.674+0600][19.445s][info][gc,stats    ]   CWRF: Weak References             284 us, workers (us): 141,  98,  44, ---, ---, ---, 
[2026-04-03T01:58:43.674+0600][19.445s][info][gc,stats    ] Concurrent Weak Roots              1954 us
[2026-04-03T01:58:43.674+0600][19.445s][info][gc,stats    ]   Roots                            1705 us, parallelism: 2.47x
[2026-04-03T01:58:43.674+0600][19.445s][info][gc,stats    ]     CWR: <total>                   4213 us
[2026-04-03T01:58:43.674+0600][19.445s][info][gc,stats    ]     CWR: Code Cache Roots          2424 us, workers (us): 844, 801, 779, ---, ---, ---, 
[2026-04-03T01:58:43.674+0600][19.445s][info][gc,stats    ]     CWR: VM Weak Roots             1684 us, workers (us): 591, 551, 542, ---, ---, ---, 
[2026-04-03T01:58:43.674+0600][19.445s][info][gc,stats    ]     CWR: CLDG Roots                 105 us, workers (us): ---, ---, 105, ---, ---, ---, 
[2026-04-03T01:58:43.674+0600][19.445s][info][gc,stats    ]   Rendezvous                        156 us
[2026-04-03T01:58:43.674+0600][19.445s][info][gc,stats    ] Concurrent Cleanup                  693 us
[2026-04-03T01:58:43.674+0600][19.445s][info][gc,stats    ] Concurrent Class Unloading         4406 us
[2026-04-03T01:58:43.674+0600][19.445s][info][gc,stats    ]   Unlink Stale                     3810 us
[2026-04-03T01:58:43.674+0600][19.445s][info][gc,stats    ]     System Dictionary                78 us
[2026-04-03T01:58:43.674+0600][19.445s][info][gc,stats    ]     Weak Class Links                  0 us
[2026-04-03T01:58:43.674+0600][19.445s][info][gc,stats    ]     Code Roots                     3729 us
[2026-04-03T01:58:43.674+0600][19.445s][info][gc,stats    ]   Rendezvous                        181 us
[2026-04-03T01:58:43.674+0600][19.445s][info][gc,stats    ]   Purge Unlinked                    328 us
[2026-04-03T01:58:43.674+0600][19.445s][info][gc,stats    ]     Code Roots                      322 us
[2026-04-03T01:58:43.674+0600][19.445s][info][gc,stats    ]     CLDG                              5 us
[2026-04-03T01:58:43.674+0600][19.445s][info][gc,stats    ]     Exception Caches                  0 us
[2026-04-03T01:58:43.674+0600][19.445s][info][gc,stats    ] Concurrent Strong Roots             915 us, parallelism: 0.67x
[2026-04-03T01:58:43.674+0600][19.445s][info][gc,stats    ]   CSR: <total>                      615 us
[2026-04-03T01:58:43.674+0600][19.445s][info][gc,stats    ]   CSR: VM Strong Roots               36 us, workers (us):  24,  12,   0, ---, ---, ---, 
[2026-04-03T01:58:43.674+0600][19.445s][info][gc,stats    ]   CSR: CLDG Roots                   579 us, workers (us): 579, ---, ---, ---, ---, ---, 
[2026-04-03T01:58:43.674+0600][19.445s][info][gc,stats    ] Concurrent Evacuation              1543 us
[2026-04-03T01:58:43.674+0600][19.445s][info][gc,stats    ] Pause Init Update Refs (G)          287 us
[2026-04-03T01:58:43.674+0600][19.445s][info][gc,stats    ] Pause Init Update Refs (N)          113 us
[2026-04-03T01:58:43.674+0600][19.445s][info][gc,stats    ]   Manage GCLABs                      14 us
[2026-04-03T01:58:43.674+0600][19.445s][info][gc,stats    ] Concurrent Update Refs            69167 us
[2026-04-03T01:58:43.674+0600][19.445s][info][gc,stats    ] Concurrent Update Thread Roots      795 us
[2026-04-03T01:58:43.674+0600][19.445s][info][gc,stats    ] Pause Final Update Refs (G)         469 us
[2026-04-03T01:58:43.674+0600][19.445s][info][gc,stats    ] Pause Final Update Refs (N)         228 us
[2026-04-03T01:58:43.674+0600][19.445s][info][gc,stats    ]   Update Region States               68 us
[2026-04-03T01:58:43.674+0600][19.445s][info][gc,stats    ]   Trash Collection Set               12 us
[2026-04-03T01:58:43.674+0600][19.445s][info][gc,stats    ]   Rebuild Free Set                   45 us
[2026-04-03T01:58:43.674+0600][19.445s][info][gc,stats    ] Concurrent Cleanup                  636 us
[2026-04-03T01:58:43.674+0600][19.445s][info][gc,stats    ] 
[2026-04-03T01:58:43.674+0600][19.445s][info][gc,stats    ] Allocation pacing accrued:
[2026-04-03T01:58:43.674+0600][19.445s][info][gc,stats    ]       0 of   536 ms (  0.0%): <total>
[2026-04-03T01:58:43.674+0600][19.445s][info][gc,stats    ]       0 of   536 ms (  0.0%): <average total>
[2026-04-03T01:58:43.674+0600][19.445s][info][gc,stats    ] 
[2026-04-03T01:58:43.674+0600][19.445s][info][gc,metaspace] Metaspace: 66257K(67072K)->66265K(67072K) NonClass: 57860K(58304K)->57868K(58304K) Class: 8397K(8768K)->8397K(8768K)
[2026-04-03T01:58:43.674+0600][19.445s][info][gc,ergo     ] Pacer for Idle. Initial: 20480K, Alloc Tax Rate: 1.0x
[2026-04-03T01:58:43.675+0600][19.446s][info][gc          ] Trigger: Learning 3 of 5. Free (608M) is below initial threshold (700M)
[2026-04-03T01:58:43.675+0600][19.446s][info][gc,ergo     ] Free: 608M, Max: 256K regular, 357M humongous, Frag: 42% external, 0% internal; Reserve: 51200K, Max: 256K
[2026-04-03T01:58:43.675+0600][19.446s][info][gc,start    ] GC(20) Concurrent reset
[2026-04-03T01:58:43.675+0600][19.446s][info][gc,task     ] GC(20) Using 3 of 6 workers for concurrent reset
[2026-04-03T01:58:43.675+0600][19.446s][info][gc,ergo     ] GC(20) Pacer for Reset. Non-Taxable: 1000M
[2026-04-03T01:58:43.676+0600][19.448s][info][gc          ] GC(20) Concurrent reset 1.279ms
[2026-04-03T01:58:43.676+0600][19.448s][info][gc,start    ] GC(20) Pause Init Mark (unload classes)
[2026-04-03T01:58:43.676+0600][19.448s][info][gc,task     ] GC(20) Using 6 of 6 workers for init marking
[2026-04-03T01:58:43.677+0600][19.448s][info][gc,ergo     ] GC(20) Pacer for Mark. Expected Live: 172M, Free: 606M, Non-Taxable: 62058K, Alloc Tax Rate: 0.3x
[2026-04-03T01:58:43.677+0600][19.448s][info][gc          ] GC(20) Pause Init Mark (unload classes) 0.165ms
[2026-04-03T01:58:43.677+0600][19.448s][info][gc,start    ] GC(20) Concurrent marking roots
[2026-04-03T01:58:43.677+0600][19.448s][info][gc,task     ] GC(20) Using 3 of 6 workers for concurrent marking roots
[2026-04-03T01:58:43.677+0600][19.449s][info][gc          ] GC(20) Concurrent marking roots 0.797ms
[2026-04-03T01:58:43.677+0600][19.449s][info][gc,start    ] GC(20) Concurrent marking (unload classes)
[2026-04-03T01:58:43.677+0600][19.449s][info][gc,task     ] GC(20) Using 3 of 6 workers for concurrent marking
[2026-04-03T01:58:43.760+0600][19.531s][info][gc          ] GC(20) Concurrent marking (unload classes) 82.709ms
[2026-04-03T01:58:43.760+0600][19.532s][info][gc,start    ] GC(20) Pause Final Mark (unload classes)
[2026-04-03T01:58:43.760+0600][19.532s][info][gc,task     ] GC(20) Using 6 of 6 workers for final marking
[2026-04-03T01:58:43.761+0600][19.532s][info][gc,ergo     ] GC(20) Collectable Garbage: 162M (95%), Immediate: 162M (95%), CSet: 0B (0%)
[2026-04-03T01:58:43.761+0600][19.532s][info][gc          ] GC(20) Pause Final Mark (unload classes) 0.581ms
[2026-04-03T01:58:43.761+0600][19.532s][info][gc,start    ] GC(20) Concurrent weak references
[2026-04-03T01:58:43.761+0600][19.532s][info][gc,task     ] GC(20) Using 3 of 6 workers for concurrent weak references
[2026-04-03T01:58:43.761+0600][19.532s][info][gc,ref      ] GC(20) Encountered references: Soft: 3110, Weak: 5656, Final: 82, Phantom: 594
[2026-04-03T01:58:43.761+0600][19.532s][info][gc,ref      ] GC(20) Discovered  references: Soft: 0, Weak: 1064, Final: 0, Phantom: 591
[2026-04-03T01:58:43.761+0600][19.532s][info][gc,ref      ] GC(20) Enqueued    references: Soft: 0, Weak: 16, Final: 0, Phantom: 0
[2026-04-03T01:58:43.761+0600][19.532s][info][gc          ] GC(20) Concurrent weak references 0.260ms
[2026-04-03T01:58:43.761+0600][19.532s][info][gc,start    ] GC(20) Concurrent weak roots
[2026-04-03T01:58:43.761+0600][19.532s][info][gc,task     ] GC(20) Using 3 of 6 workers for concurrent weak root
[2026-04-03T01:58:43.763+0600][19.534s][info][gc          ] GC(20) Concurrent weak roots 1.343ms
[2026-04-03T01:58:43.763+0600][19.534s][info][gc,start    ] GC(20) Concurrent cleanup
[2026-04-03T01:58:43.763+0600][19.535s][info][gc          ] GC(20) Concurrent cleanup 419M->257M(422M) 0.719ms
[2026-04-03T01:58:43.763+0600][19.535s][info][gc,ergo     ] GC(20) Free: 690M, Max: 256K regular, 357M humongous, Frag: 49% external, 0% internal; Reserve: 51200K, Max: 256K
[2026-04-03T01:58:43.763+0600][19.535s][info][gc,start    ] GC(20) Concurrent class unloading
[2026-04-03T01:58:43.763+0600][19.535s][info][gc,task     ] GC(20) Using 3 of 6 workers for concurrent class unloading
[2026-04-03T01:58:43.767+0600][19.538s][info][gc          ] GC(20) Concurrent class unloading 3.781ms
[2026-04-03T01:58:43.767+0600][19.539s][info][gc,start    ] GC(20) Pause Final Roots
[2026-04-03T01:58:43.768+0600][19.539s][info][gc          ] GC(20) Pause Final Roots 0.054ms
[2026-04-03T01:58:43.768+0600][19.539s][info][gc,ergo     ] Free: 684M, Max: 256K regular, 357M humongous, Frag: 48% external, 0% internal; Reserve: 51200K, Max: 256K
[2026-04-03T01:58:43.768+0600][19.539s][info][gc,stats    ] 
[2026-04-03T01:58:43.768+0600][19.539s][info][gc,stats    ] All times are wall-clock times, except per-root-class counters, that are sum over
[2026-04-03T01:58:43.768+0600][19.539s][info][gc,stats    ] all workers. Dividing the <total> over the root stage time estimates parallelism.
[2026-04-03T01:58:43.768+0600][19.539s][info][gc,stats    ] 
[2026-04-03T01:58:43.768+0600][19.539s][info][gc,stats    ] Concurrent Reset                   1348 us
[2026-04-03T01:58:43.768+0600][19.539s][info][gc,stats    ] Pause Init Mark (G)                 291 us
[2026-04-03T01:58:43.768+0600][19.539s][info][gc,stats    ] Pause Init Mark (N)                 178 us
[2026-04-03T01:58:43.768+0600][19.539s][info][gc,stats    ]   Update Region States               51 us
[2026-04-03T01:58:43.768+0600][19.539s][info][gc,stats    ] Concurrent Mark Roots               840 us, parallelism: 1.84x
[2026-04-03T01:58:43.768+0600][19.539s][info][gc,stats    ]   CMR: <total>                     1548 us
[2026-04-03T01:58:43.768+0600][19.539s][info][gc,stats    ]   CMR: Thread Roots                1182 us, workers (us): 479, 223, 480, ---, ---, ---, 
[2026-04-03T01:58:43.768+0600][19.539s][info][gc,stats    ]   CMR: VM Strong Roots               87 us, workers (us):  73,  10,   4, ---, ---, ---, 
[2026-04-03T01:58:43.768+0600][19.539s][info][gc,stats    ]   CMR: CLDG Roots                   279 us, workers (us): ---, 279, ---, ---, ---, ---, 
[2026-04-03T01:58:43.768+0600][19.539s][info][gc,stats    ] Concurrent Marking                82786 us
[2026-04-03T01:58:43.768+0600][19.539s][info][gc,stats    ] Pause Final Mark (G)                716 us
[2026-04-03T01:58:43.768+0600][19.539s][info][gc,stats    ] Pause Final Mark (N)                614 us
[2026-04-03T01:58:43.768+0600][19.539s][info][gc,stats    ]   Finish Mark                       187 us
[2026-04-03T01:58:43.768+0600][19.539s][info][gc,stats    ]   Update Region States               85 us
[2026-04-03T01:58:43.768+0600][19.539s][info][gc,stats    ]   Choose Collection Set             103 us
[2026-04-03T01:58:43.768+0600][19.539s][info][gc,stats    ]   Rebuild Free Set                   44 us
[2026-04-03T01:58:43.768+0600][19.539s][info][gc,stats    ] Concurrent Weak References          273 us, parallelism: 0.71x
[2026-04-03T01:58:43.768+0600][19.539s][info][gc,stats    ]   CWRF: <total>                     194 us
[2026-04-03T01:58:43.768+0600][19.539s][info][gc,stats    ]   CWRF: Weak References             194 us, workers (us): 125,  67,   1, ---, ---, ---, 
[2026-04-03T01:58:43.768+0600][19.539s][info][gc,stats    ] Concurrent Weak Roots              1376 us
[2026-04-03T01:58:43.768+0600][19.539s][info][gc,stats    ]   Roots                            1232 us, parallelism: 2.49x
[2026-04-03T01:58:43.768+0600][19.539s][info][gc,stats    ]     CWR: <total>                   3074 us
[2026-04-03T01:58:43.768+0600][19.539s][info][gc,stats    ]     CWR: Code Cache Roots          2023 us, workers (us): 696, 609, 718, ---, ---, ---, 
[2026-04-03T01:58:43.768+0600][19.539s][info][gc,stats    ]     CWR: VM Weak Roots              964 us, workers (us): 327, 326, 311, ---, ---, ---, 
[2026-04-03T01:58:43.768+0600][19.539s][info][gc,stats    ]     CWR: CLDG Roots                  88 us, workers (us): ---,  88, ---, ---, ---, ---, 
[2026-04-03T01:58:43.768+0600][19.539s][info][gc,stats    ]   Rendezvous                         86 us
[2026-04-03T01:58:43.768+0600][19.539s][info][gc,stats    ] Concurrent Cleanup                  741 us
[2026-04-03T01:58:43.768+0600][19.539s][info][gc,stats    ] Concurrent Class Unloading         3829 us
[2026-04-03T01:58:43.768+0600][19.539s][info][gc,stats    ]   Unlink Stale                     3514 us
[2026-04-03T01:58:43.768+0600][19.539s][info][gc,stats    ]     System Dictionary                63 us
[2026-04-03T01:58:43.768+0600][19.539s][info][gc,stats    ]     Weak Class Links                  1 us
[2026-04-03T01:58:43.768+0600][19.539s][info][gc,stats    ]     Code Roots                     3448 us
[2026-04-03T01:58:43.768+0600][19.539s][info][gc,stats    ]   Rendezvous                        208 us
[2026-04-03T01:58:43.768+0600][19.539s][info][gc,stats    ]   Purge Unlinked                     27 us
[2026-04-03T01:58:43.768+0600][19.539s][info][gc,stats    ]     Code Roots                       21 us
[2026-04-03T01:58:43.768+0600][19.539s][info][gc,stats    ]     CLDG                              5 us
[2026-04-03T01:58:43.768+0600][19.539s][info][gc,stats    ]     Exception Caches                  0 us
[2026-04-03T01:58:43.768+0600][19.539s][info][gc,stats    ] Pause Final Roots (G)               270 us
[2026-04-03T01:58:43.768+0600][19.539s][info][gc,stats    ] Pause Final Roots (N)                65 us
[2026-04-03T01:58:43.768+0600][19.539s][info][gc,stats    ] 
[2026-04-03T01:58:43.768+0600][19.539s][info][gc,stats    ] Allocation pacing accrued:
[2026-04-03T01:58:43.768+0600][19.539s][info][gc,stats    ]       0 of    94 ms (  0.0%): <total>
[2026-04-03T01:58:43.768+0600][19.539s][info][gc,stats    ]       0 of    94 ms (  0.0%): <average total>
[2026-04-03T01:58:43.768+0600][19.539s][info][gc,stats    ] 
[2026-04-03T01:58:43.768+0600][19.539s][info][gc,metaspace] Metaspace: 66265K(67072K)->66265K(67072K) NonClass: 57868K(58304K)->57868K(58304K) Class: 8397K(8768K)->8397K(8768K)
[2026-04-03T01:58:43.768+0600][19.539s][info][gc,ergo     ] Pacer for Idle. Initial: 20480K, Alloc Tax Rate: 1.0x
[2026-04-03T01:58:43.769+0600][19.541s][info][gc          ] Trigger: Learning 4 of 5. Free (681M) is below initial threshold (700M)
[2026-04-03T01:58:43.769+0600][19.541s][info][gc,ergo     ] Free: 681M, Max: 256K regular, 357M humongous, Frag: 48% external, 0% internal; Reserve: 51200K, Max: 256K
[2026-04-03T01:58:43.769+0600][19.541s][info][gc,start    ] GC(21) Concurrent reset
[2026-04-03T01:58:43.769+0600][19.541s][info][gc,task     ] GC(21) Using 3 of 6 workers for concurrent reset
[2026-04-03T01:58:43.769+0600][19.541s][info][gc,ergo     ] GC(21) Pacer for Reset. Non-Taxable: 1000M
[2026-04-03T01:58:43.770+0600][19.542s][info][gc          ] GC(21) Concurrent reset 0.942ms
[2026-04-03T01:58:43.771+0600][19.542s][info][gc,start    ] GC(21) Pause Init Mark (unload classes)
[2026-04-03T01:58:43.771+0600][19.542s][info][gc,task     ] GC(21) Using 6 of 6 workers for init marking
[2026-04-03T01:58:43.771+0600][19.542s][info][gc,ergo     ] GC(21) Pacer for Mark. Expected Live: 172M, Free: 680M, Non-Taxable: 69635K, Alloc Tax Rate: 0.3x
[2026-04-03T01:58:43.771+0600][19.542s][info][gc          ] GC(21) Pause Init Mark (unload classes) 0.102ms
[2026-04-03T01:58:43.771+0600][19.542s][info][gc,start    ] GC(21) Concurrent marking roots
[2026-04-03T01:58:43.771+0600][19.542s][info][gc,task     ] GC(21) Using 3 of 6 workers for concurrent marking roots
[2026-04-03T01:58:43.771+0600][19.543s][info][gc          ] GC(21) Concurrent marking roots 0.617ms
[2026-04-03T01:58:43.771+0600][19.543s][info][gc,start    ] GC(21) Concurrent marking (unload classes)
[2026-04-03T01:58:43.771+0600][19.543s][info][gc,task     ] GC(21) Using 3 of 6 workers for concurrent marking
[2026-04-03T01:58:43.838+0600][19.609s][info][gc          ] GC(21) Concurrent marking (unload classes) 66.835ms
[2026-04-03T01:58:43.838+0600][19.610s][info][gc,start    ] GC(21) Pause Final Mark (unload classes)
[2026-04-03T01:58:43.839+0600][19.610s][info][gc,task     ] GC(21) Using 6 of 6 workers for final marking
[2026-04-03T01:58:43.839+0600][19.610s][info][gc,ergo     ] GC(21) Collectable Garbage: 90624K (92%), Immediate: 90624K (92%), CSet: 0B (0%)
[2026-04-03T01:58:43.839+0600][19.610s][info][gc          ] GC(21) Pause Final Mark (unload classes) 0.553ms
[2026-04-03T01:58:43.839+0600][19.610s][info][gc,start    ] GC(21) Concurrent weak references
[2026-04-03T01:58:43.839+0600][19.610s][info][gc,task     ] GC(21) Using 3 of 6 workers for concurrent weak references
[2026-04-03T01:58:43.839+0600][19.611s][info][gc,ref      ] GC(21) Encountered references: Soft: 3110, Weak: 5640, Final: 82, Phantom: 594
[2026-04-03T01:58:43.839+0600][19.611s][info][gc,ref      ] GC(21) Discovered  references: Soft: 0, Weak: 477, Final: 0, Phantom: 591
[2026-04-03T01:58:43.839+0600][19.611s][info][gc,ref      ] GC(21) Enqueued    references: Soft: 0, Weak: 0, Final: 0, Phantom: 0
[2026-04-03T01:58:43.839+0600][19.611s][info][gc          ] GC(21) Concurrent weak references 0.303ms
[2026-04-03T01:58:43.839+0600][19.611s][info][gc,start    ] GC(21) Concurrent weak roots
[2026-04-03T01:58:43.839+0600][19.611s][info][gc,task     ] GC(21) Using 3 of 6 workers for concurrent weak root
[2026-04-03T01:58:43.841+0600][19.612s][info][gc          ] GC(21) Concurrent weak roots 1.274ms
[2026-04-03T01:58:43.841+0600][19.612s][info][gc,start    ] GC(21) Concurrent cleanup
[2026-04-03T01:58:43.841+0600][19.613s][info][gc          ] GC(21) Concurrent cleanup 376M->289M(422M) 0.600ms
[2026-04-03T01:58:43.841+0600][19.613s][info][gc,ergo     ] GC(21) Free: 659M, Max: 256K regular, 357M humongous, Frag: 46% external, 0% internal; Reserve: 51200K, Max: 256K
[2026-04-03T01:58:43.841+0600][19.613s][info][gc,start    ] GC(21) Concurrent class unloading
[2026-04-03T01:58:43.841+0600][19.613s][info][gc,task     ] GC(21) Using 3 of 6 workers for concurrent class unloading
[2026-04-03T01:58:43.845+0600][19.616s][info][gc          ] GC(21) Concurrent class unloading 3.577ms
[2026-04-03T01:58:43.845+0600][19.616s][info][gc,start    ] GC(21) Pause Final Roots
[2026-04-03T01:58:43.845+0600][19.616s][info][gc          ] GC(21) Pause Final Roots 0.041ms
[2026-04-03T01:58:43.845+0600][19.617s][info][gc,ergo     ] Free: 652M, Max: 256K regular, 357M humongous, Frag: 46% external, 0% internal; Reserve: 51200K, Max: 256K
[2026-04-03T01:58:43.845+0600][19.617s][info][gc,stats    ] 
[2026-04-03T01:58:43.846+0600][19.617s][info][gc,stats    ] All times are wall-clock times, except per-root-class counters, that are sum over
[2026-04-03T01:58:43.846+0600][19.617s][info][gc,stats    ] all workers. Dividing the <total> over the root stage time estimates parallelism.
[2026-04-03T01:58:43.846+0600][19.617s][info][gc,stats    ] 
[2026-04-03T01:58:43.846+0600][19.617s][info][gc,stats    ] Concurrent Reset                    979 us
[2026-04-03T01:58:43.846+0600][19.617s][info][gc,stats    ] Pause Init Mark (G)                 320 us
[2026-04-03T01:58:43.846+0600][19.617s][info][gc,stats    ] Pause Init Mark (N)                 120 us
[2026-04-03T01:58:43.846+0600][19.617s][info][gc,stats    ]   Update Region States               32 us
[2026-04-03T01:58:43.846+0600][19.617s][info][gc,stats    ] Concurrent Mark Roots               635 us, parallelism: 1.72x
[2026-04-03T01:58:43.846+0600][19.617s][info][gc,stats    ]   CMR: <total>                     1095 us
[2026-04-03T01:58:43.846+0600][19.617s][info][gc,stats    ]   CMR: Thread Roots                 832 us, workers (us): 115, 356, 361, ---, ---, ---, 
[2026-04-03T01:58:43.846+0600][19.617s][info][gc,stats    ]   CMR: VM Strong Roots               25 us, workers (us):  24,   1,   0, ---, ---, ---, 
[2026-04-03T01:58:43.846+0600][19.617s][info][gc,stats    ]   CMR: CLDG Roots                   238 us, workers (us): 238, ---, ---, ---, ---, ---, 
[2026-04-03T01:58:43.846+0600][19.617s][info][gc,stats    ] Concurrent Marking                66914 us
[2026-04-03T01:58:43.846+0600][19.617s][info][gc,stats    ] Pause Final Mark (G)                882 us
[2026-04-03T01:58:43.846+0600][19.617s][info][gc,stats    ] Pause Final Mark (N)                566 us
[2026-04-03T01:58:43.846+0600][19.617s][info][gc,stats    ]   Finish Mark                       309 us
[2026-04-03T01:58:43.846+0600][19.617s][info][gc,stats    ]   Update Region States               49 us
[2026-04-03T01:58:43.846+0600][19.617s][info][gc,stats    ]   Choose Collection Set              79 us
[2026-04-03T01:58:43.846+0600][19.617s][info][gc,stats    ]   Rebuild Free Set                   37 us
[2026-04-03T01:58:43.846+0600][19.617s][info][gc,stats    ] Concurrent Weak References          315 us, parallelism: 0.35x
[2026-04-03T01:58:43.846+0600][19.617s][info][gc,stats    ]   CWRF: <total>                     109 us
[2026-04-03T01:58:43.846+0600][19.617s][info][gc,stats    ]   CWRF: Weak References             109 us, workers (us):  15,  53,  41, ---, ---, ---, 
[2026-04-03T01:58:43.846+0600][19.617s][info][gc,stats    ] Concurrent Weak Roots              1316 us
[2026-04-03T01:58:43.846+0600][19.617s][info][gc,stats    ]   Roots                            1089 us, parallelism: 2.33x
[2026-04-03T01:58:43.846+0600][19.617s][info][gc,stats    ]     CWR: <total>                   2539 us
[2026-04-03T01:58:43.846+0600][19.617s][info][gc,stats    ]     CWR: Code Cache Roots          1637 us, workers (us): 586, 485, 566, ---, ---, ---, 
[2026-04-03T01:58:43.846+0600][19.617s][info][gc,stats    ]     CWR: VM Weak Roots              822 us, workers (us): 314, 258, 249, ---, ---, ---, 
[2026-04-03T01:58:43.846+0600][19.617s][info][gc,stats    ]     CWR: CLDG Roots                  80 us, workers (us): ---,  80, ---, ---, ---, ---, 
[2026-04-03T01:58:43.846+0600][19.617s][info][gc,stats    ]   Rendezvous                        162 us
[2026-04-03T01:58:43.846+0600][19.617s][info][gc,stats    ] Concurrent Cleanup                  616 us
[2026-04-03T01:58:43.846+0600][19.617s][info][gc,stats    ] Concurrent Class Unloading         3632 us
[2026-04-03T01:58:43.846+0600][19.617s][info][gc,stats    ]   Unlink Stale                     3379 us
[2026-04-03T01:58:43.846+0600][19.617s][info][gc,stats    ]     System Dictionary                58 us
[2026-04-03T01:58:43.846+0600][19.617s][info][gc,stats    ]     Weak Class Links                  0 us
[2026-04-03T01:58:43.846+0600][19.617s][info][gc,stats    ]     Code Roots                     3319 us
[2026-04-03T01:58:43.846+0600][19.617s][info][gc,stats    ]   Rendezvous                        166 us
[2026-04-03T01:58:43.846+0600][19.617s][info][gc,stats    ]   Purge Unlinked                      7 us
[2026-04-03T01:58:43.846+0600][19.617s][info][gc,stats    ]     Code Roots                        3 us
[2026-04-03T01:58:43.846+0600][19.617s][info][gc,stats    ]     CLDG                              4 us
[2026-04-03T01:58:43.846+0600][19.617s][info][gc,stats    ]     Exception Caches                  0 us
[2026-04-03T01:58:43.846+0600][19.617s][info][gc,stats    ] Pause Final Roots (G)               258 us
[2026-04-03T01:58:43.846+0600][19.617s][info][gc,stats    ] Pause Final Roots (N)                52 us
[2026-04-03T01:58:43.846+0600][19.617s][info][gc,stats    ] Pacing                             2095 us
[2026-04-03T01:58:43.846+0600][19.617s][info][gc,stats    ] 
[2026-04-03T01:58:43.846+0600][19.617s][info][gc,stats    ] Allocation pacing accrued:
[2026-04-03T01:58:43.846+0600][19.617s][info][gc,stats    ]       2 of    78 ms (  2.7%): Executor task launch worker for task 1.0 in stage 4.0 (TID 7)
[2026-04-03T01:58:43.846+0600][19.617s][info][gc,stats    ]       2 of    78 ms (  2.7%): <total>
[2026-04-03T01:58:43.846+0600][19.617s][info][gc,stats    ]       0 of    78 ms (  0.0%): <average total>
[2026-04-03T01:58:43.846+0600][19.617s][info][gc,stats    ]       2 of    78 ms (  2.7%): <average non-zero>
[2026-04-03T01:58:43.846+0600][19.617s][info][gc,stats    ] 
[2026-04-03T01:58:43.846+0600][19.617s][info][gc,metaspace] Metaspace: 66265K(67072K)->66265K(67072K) NonClass: 57868K(58304K)->57868K(58304K) Class: 8397K(8768K)->8397K(8768K)
[2026-04-03T01:58:43.846+0600][19.617s][info][gc,ergo     ] Pacer for Idle. Initial: 20480K, Alloc Tax Rate: 1.0x
[2026-04-03T01:58:43.847+0600][19.618s][info][gc          ] Trigger: Learning 5 of 5. Free (650M) is below initial threshold (700M)
[2026-04-03T01:58:43.847+0600][19.618s][info][gc,ergo     ] Free: 649M, Max: 256K regular, 357M humongous, Frag: 45% external, 0% internal; Reserve: 51200K, Max: 256K
[2026-04-03T01:58:43.847+0600][19.619s][info][gc,start    ] GC(22) Concurrent reset
[2026-04-03T01:58:43.847+0600][19.619s][info][gc,task     ] GC(22) Using 3 of 6 workers for concurrent reset
[2026-04-03T01:58:43.847+0600][19.619s][info][gc,ergo     ] GC(22) Pacer for Reset. Non-Taxable: 1000M
[2026-04-03T01:58:43.848+0600][19.619s][info][gc          ] GC(22) Concurrent reset 0.912ms
[2026-04-03T01:58:43.848+0600][19.620s][info][gc,start    ] GC(22) Pause Init Mark (unload classes)
[2026-04-03T01:58:43.848+0600][19.620s][info][gc,task     ] GC(22) Using 6 of 6 workers for init marking
[2026-04-03T01:58:43.849+0600][19.620s][info][gc,ergo     ] GC(22) Pacer for Mark. Expected Live: 172M, Free: 648M, Non-Taxable: 66359K, Alloc Tax Rate: 0.3x
[2026-04-03T01:58:43.849+0600][19.620s][info][gc          ] GC(22) Pause Init Mark (unload classes) 0.100ms
[2026-04-03T01:58:43.849+0600][19.620s][info][gc,start    ] GC(22) Concurrent marking roots
[2026-04-03T01:58:43.849+0600][19.620s][info][gc,task     ] GC(22) Using 3 of 6 workers for concurrent marking roots
[2026-04-03T01:58:43.849+0600][19.620s][info][gc          ] GC(22) Concurrent marking roots 0.653ms
[2026-04-03T01:58:43.849+0600][19.621s][info][gc,start    ] GC(22) Concurrent marking (unload classes)
[2026-04-03T01:58:43.849+0600][19.621s][info][gc,task     ] GC(22) Using 3 of 6 workers for concurrent marking
[2026-04-03T01:58:43.920+0600][19.691s][info][gc          ] GC(22) Concurrent marking (unload classes) 70.239ms
[2026-04-03T01:58:43.920+0600][19.691s][info][gc,start    ] GC(22) Pause Final Mark (unload classes)
[2026-04-03T01:58:43.920+0600][19.691s][info][gc,task     ] GC(22) Using 6 of 6 workers for final marking
[2026-04-03T01:58:43.920+0600][19.691s][info][gc,ergo     ] GC(22) Collectable Garbage: 120M (94%), Immediate: 120M (94%), CSet: 0B (0%)
[2026-04-03T01:58:43.920+0600][19.691s][info][gc          ] GC(22) Pause Final Mark (unload classes) 0.379ms
[2026-04-03T01:58:43.920+0600][19.692s][info][gc,start    ] GC(22) Concurrent weak references
[2026-04-03T01:58:43.920+0600][19.692s][info][gc,task     ] GC(22) Using 3 of 6 workers for concurrent weak references
[2026-04-03T01:58:43.921+0600][19.692s][info][gc,ref      ] GC(22) Encountered references: Soft: 3110, Weak: 5640, Final: 82, Phantom: 594
[2026-04-03T01:58:43.921+0600][19.692s][info][gc,ref      ] GC(22) Discovered  references: Soft: 0, Weak: 1040, Final: 0, Phantom: 591
[2026-04-03T01:58:43.921+0600][19.692s][info][gc,ref      ] GC(22) Enqueued    references: Soft: 0, Weak: 0, Final: 0, Phantom: 0
[2026-04-03T01:58:43.921+0600][19.692s][info][gc          ] GC(22) Concurrent weak references 0.355ms
[2026-04-03T01:58:43.921+0600][19.692s][info][gc,start    ] GC(22) Concurrent weak roots
[2026-04-03T01:58:43.921+0600][19.692s][info][gc,task     ] GC(22) Using 3 of 6 workers for concurrent weak root
[2026-04-03T01:58:43.923+0600][19.694s][info][gc          ] GC(22) Concurrent weak roots 1.870ms
[2026-04-03T01:58:43.923+0600][19.694s][info][gc,start    ] GC(22) Concurrent cleanup
[2026-04-03T01:58:43.923+0600][19.694s][info][gc          ] GC(22) Concurrent cleanup 404M->284M(422M) 0.600ms
[2026-04-03T01:58:43.923+0600][19.694s][info][gc,ergo     ] GC(22) Free: 663M, Max: 256K regular, 357M humongous, Frag: 47% external, 0% internal; Reserve: 51200K, Max: 256K
[2026-04-03T01:58:43.923+0600][19.694s][info][gc,start    ] GC(22) Concurrent class unloading
[2026-04-03T01:58:43.923+0600][19.694s][info][gc,task     ] GC(22) Using 3 of 6 workers for concurrent class unloading
[2026-04-03T01:58:43.926+0600][19.698s][info][gc          ] GC(22) Concurrent class unloading 3.232ms
[2026-04-03T01:58:43.927+0600][19.698s][info][gc,start    ] GC(22) Pause Final Roots
[2026-04-03T01:58:43.927+0600][19.698s][info][gc          ] GC(22) Pause Final Roots 0.040ms
[2026-04-03T01:58:43.927+0600][19.698s][info][gc,ergo     ] Free: 657M, Max: 256K regular, 357M humongous, Frag: 46% external, 0% internal; Reserve: 51200K, Max: 256K
[2026-04-03T01:58:43.927+0600][19.698s][info][gc,stats    ] 
[2026-04-03T01:58:43.927+0600][19.698s][info][gc,stats    ] All times are wall-clock times, except per-root-class counters, that are sum over
[2026-04-03T01:58:43.927+0600][19.698s][info][gc,stats    ] all workers. Dividing the <total> over the root stage time estimates parallelism.
[2026-04-03T01:58:43.927+0600][19.698s][info][gc,stats    ] 
[2026-04-03T01:58:43.927+0600][19.698s][info][gc,stats    ] Concurrent Reset                    939 us
[2026-04-03T01:58:43.927+0600][19.698s][info][gc,stats    ] Pause Init Mark (G)                 372 us
[2026-04-03T01:58:43.927+0600][19.698s][info][gc,stats    ] Pause Init Mark (N)                 107 us
[2026-04-03T01:58:43.927+0600][19.698s][info][gc,stats    ]   Update Region States               29 us
[2026-04-03T01:58:43.927+0600][19.698s][info][gc,stats    ] Concurrent Mark Roots               688 us, parallelism: 1.56x
[2026-04-03T01:58:43.927+0600][19.698s][info][gc,stats    ]   CMR: <total>                     1074 us
[2026-04-03T01:58:43.927+0600][19.698s][info][gc,stats    ]   CMR: Thread Roots                 842 us, workers (us): 154, 360, 328, ---, ---, ---, 
[2026-04-03T01:58:43.927+0600][19.698s][info][gc,stats    ]   CMR: VM Strong Roots               22 us, workers (us):  21,   0,   1, ---, ---, ---, 
[2026-04-03T01:58:43.927+0600][19.698s][info][gc,stats    ]   CMR: CLDG Roots                   210 us, workers (us): 210, ---, ---, ---, ---, ---, 
[2026-04-03T01:58:43.927+0600][19.698s][info][gc,stats    ] Concurrent Marking                70302 us
[2026-04-03T01:58:43.927+0600][19.698s][info][gc,stats    ] Pause Final Mark (G)                681 us
[2026-04-03T01:58:43.927+0600][19.698s][info][gc,stats    ] Pause Final Mark (N)                389 us
[2026-04-03T01:58:43.927+0600][19.698s][info][gc,stats    ]   Finish Mark                       191 us
[2026-04-03T01:58:43.927+0600][19.698s][info][gc,stats    ]   Update Region States               44 us
[2026-04-03T01:58:43.927+0600][19.698s][info][gc,stats    ]   Choose Collection Set              49 us
[2026-04-03T01:58:43.927+0600][19.698s][info][gc,stats    ]   Rebuild Free Set                   32 us
[2026-04-03T01:58:43.927+0600][19.698s][info][gc,stats    ] Concurrent Weak References          366 us, parallelism: 0.66x
[2026-04-03T01:58:43.927+0600][19.698s][info][gc,stats    ]   CWRF: <total>                     240 us
[2026-04-03T01:58:43.927+0600][19.698s][info][gc,stats    ]   CWRF: Weak References             240 us, workers (us): 153,   6,  81, ---, ---, ---, 
[2026-04-03T01:58:43.927+0600][19.698s][info][gc,stats    ] Concurrent Weak Roots              1934 us
[2026-04-03T01:58:43.927+0600][19.698s][info][gc,stats    ]   Roots                            1644 us, parallelism: 2.54x
[2026-04-03T01:58:43.927+0600][19.698s][info][gc,stats    ]     CWR: <total>                   4179 us
[2026-04-03T01:58:43.927+0600][19.698s][info][gc,stats    ]     CWR: Code Cache Roots          3055 us, workers (us): 1058, 1011, 986, ---, ---, ---, 
[2026-04-03T01:58:43.927+0600][19.698s][info][gc,stats    ]     CWR: VM Weak Roots             1037 us, workers (us): 345, 347, 345, ---, ---, ---, 
[2026-04-03T01:58:43.927+0600][19.698s][info][gc,stats    ]     CWR: CLDG Roots                  86 us, workers (us): ---, ---,  86, ---, ---, ---, 
[2026-04-03T01:58:43.927+0600][19.698s][info][gc,stats    ]   Rendezvous                        203 us
[2026-04-03T01:58:43.927+0600][19.698s][info][gc,stats    ] Concurrent Cleanup                  615 us
[2026-04-03T01:58:43.927+0600][19.698s][info][gc,stats    ] Concurrent Class Unloading         3267 us
[2026-04-03T01:58:43.927+0600][19.698s][info][gc,stats    ]   Unlink Stale                     3096 us
[2026-04-03T01:58:43.927+0600][19.698s][info][gc,stats    ]     System Dictionary                70 us
[2026-04-03T01:58:43.927+0600][19.698s][info][gc,stats    ]     Weak Class Links                  1 us
[2026-04-03T01:58:43.927+0600][19.698s][info][gc,stats    ]     Code Roots                     3023 us
[2026-04-03T01:58:43.927+0600][19.698s][info][gc,stats    ]   Rendezvous                        104 us
[2026-04-03T01:58:43.927+0600][19.698s][info][gc,stats    ]   Purge Unlinked                      9 us
[2026-04-03T01:58:43.927+0600][19.698s][info][gc,stats    ]     Code Roots                        3 us
[2026-04-03T01:58:43.927+0600][19.698s][info][gc,stats    ]     CLDG                              5 us
[2026-04-03T01:58:43.927+0600][19.699s][info][gc,stats    ]     Exception Caches                  0 us
[2026-04-03T01:58:43.927+0600][19.699s][info][gc,stats    ] Pause Final Roots (G)               201 us
[2026-04-03T01:58:43.927+0600][19.699s][info][gc,stats    ] Pause Final Roots (N)                50 us
[2026-04-03T01:58:43.927+0600][19.699s][info][gc,stats    ] Pacing                            11733 us
[2026-04-03T01:58:43.927+0600][19.699s][info][gc,stats    ] 
[2026-04-03T01:58:43.927+0600][19.699s][info][gc,stats    ] Allocation pacing accrued:
[2026-04-03T01:58:43.927+0600][19.699s][info][gc,stats    ]       6 of    81 ms (  7.6%): Executor task launch worker for task 1.0 in stage 4.0 (TID 7)
[2026-04-03T01:58:43.927+0600][19.699s][info][gc,stats    ]       6 of    81 ms (  6.9%): Executor task launch worker for task 0.0 in stage 4.0 (TID 6)
[2026-04-03T01:58:43.927+0600][19.699s][info][gc,stats    ]      12 of    81 ms ( 14.4%): <total>
[2026-04-03T01:58:43.927+0600][19.699s][info][gc,stats    ]       0 of    81 ms (  0.2%): <average total>
[2026-04-03T01:58:43.927+0600][19.699s][info][gc,stats    ]       6 of    81 ms (  7.2%): <average non-zero>
[2026-04-03T01:58:43.927+0600][19.699s][info][gc,stats    ] 
[2026-04-03T01:58:43.927+0600][19.699s][info][gc,metaspace] Metaspace: 66265K(67072K)->66265K(67072K) NonClass: 57868K(58304K)->57868K(58304K) Class: 8397K(8768K)->8397K(8768K)
[2026-04-03T01:58:43.927+0600][19.699s][info][gc,ergo     ] Pacer for Idle. Initial: 20480K, Alloc Tax Rate: 1.0x
[2026-04-03T01:58:44.225+0600][19.996s][info][gc          ] Trigger: Average GC time (138.63 ms) is above the time for average allocation rate (1332 MB/s) to deplete free headroom (184M) (margin of error = 1.97)
[2026-04-03T01:58:44.225+0600][19.996s][info][gc,ergo     ] Free headroom: 234M (free) - 51200K (spike) - 0B (penalties) = 184M
[2026-04-03T01:58:44.225+0600][19.996s][info][gc,ergo     ] Free: 234M, Max: 256K regular, 234M humongous, Frag: 0% external, 0% internal; Reserve: 51200K, Max: 256K
[2026-04-03T01:58:44.225+0600][19.996s][info][gc,start    ] GC(23) Concurrent reset
[2026-04-03T01:58:44.225+0600][19.996s][info][gc,task     ] GC(23) Using 3 of 6 workers for concurrent reset
[2026-04-03T01:58:44.225+0600][19.996s][info][gc,ergo     ] GC(23) Pacer for Reset. Non-Taxable: 1000M
[2026-04-03T01:58:44.226+0600][19.997s][info][gc          ] GC(23) Concurrent reset 0.860ms
[2026-04-03T01:58:44.226+0600][19.997s][info][gc,start    ] GC(23) Pause Init Mark (unload classes)
[2026-04-03T01:58:44.226+0600][19.997s][info][gc,task     ] GC(23) Using 6 of 6 workers for init marking
[2026-04-03T01:58:44.226+0600][19.997s][info][gc,ergo     ] GC(23) Pacer for Mark. Expected Live: 172M, Free: 233M, Non-Taxable: 23888K, Alloc Tax Rate: 0.9x
[2026-04-03T01:58:44.226+0600][19.997s][info][gc          ] GC(23) Pause Init Mark (unload classes) 0.117ms
[2026-04-03T01:58:44.226+0600][19.997s][info][gc,start    ] GC(23) Concurrent marking roots
[2026-04-03T01:58:44.226+0600][19.997s][info][gc,task     ] GC(23) Using 3 of 6 workers for concurrent marking roots
[2026-04-03T01:58:44.227+0600][19.998s][info][gc          ] GC(23) Concurrent marking roots 0.600ms
[2026-04-03T01:58:44.227+0600][19.998s][info][gc,start    ] GC(23) Concurrent marking (unload classes)
[2026-04-03T01:58:44.227+0600][19.998s][info][gc,task     ] GC(23) Using 3 of 6 workers for concurrent marking
[2026-04-03T01:58:44.293+0600][20.064s][info][gc          ] GC(23) Concurrent marking (unload classes) 65.986ms
[2026-04-03T01:58:44.293+0600][20.064s][info][gc,start    ] GC(23) Pause Final Mark (unload classes)
[2026-04-03T01:58:44.293+0600][20.064s][info][gc,task     ] GC(23) Using 6 of 6 workers for final marking
[2026-04-03T01:58:44.293+0600][20.065s][info][gc,ergo     ] GC(23) Collectable Garbage: 535M (98%), Immediate: 535M (98%), CSet: 0B (0%)
[2026-04-03T01:58:44.294+0600][20.065s][info][gc          ] GC(23) Pause Final Mark (unload classes) 0.682ms
[2026-04-03T01:58:44.294+0600][20.065s][info][gc,start    ] GC(23) Concurrent weak references
[2026-04-03T01:58:44.294+0600][20.065s][info][gc,task     ] GC(23) Using 3 of 6 workers for concurrent weak references
[2026-04-03T01:58:44.294+0600][20.065s][info][gc,ref      ] GC(23) Encountered references: Soft: 3110, Weak: 5640, Final: 82, Phantom: 594
[2026-04-03T01:58:44.294+0600][20.065s][info][gc,ref      ] GC(23) Discovered  references: Soft: 0, Weak: 2662, Final: 2, Phantom: 591
[2026-04-03T01:58:44.294+0600][20.065s][info][gc,ref      ] GC(23) Enqueued    references: Soft: 0, Weak: 0, Final: 0, Phantom: 0
[2026-04-03T01:58:44.294+0600][20.065s][info][gc          ] GC(23) Concurrent weak references 0.451ms
[2026-04-03T01:58:44.294+0600][20.065s][info][gc,start    ] GC(23) Concurrent weak roots
[2026-04-03T01:58:44.294+0600][20.065s][info][gc,task     ] GC(23) Using 3 of 6 workers for concurrent weak root
[2026-04-03T01:58:44.295+0600][20.067s][info][gc          ] GC(23) Concurrent weak roots 1.358ms
[2026-04-03T01:58:44.295+0600][20.067s][info][gc,start    ] GC(23) Concurrent cleanup
[2026-04-03T01:58:44.296+0600][20.067s][info][gc          ] GC(23) Concurrent cleanup 753M->219M(756M) 0.613ms
[2026-04-03T01:58:44.296+0600][20.067s][info][gc,ergo     ] GC(23) Free: 729M, Max: 256K regular, 194M humongous, Frag: 74% external, 0% internal; Reserve: 51200K, Max: 256K
[2026-04-03T01:58:44.296+0600][20.067s][info][gc,start    ] GC(23) Concurrent class unloading
[2026-04-03T01:58:44.296+0600][20.067s][info][gc,task     ] GC(23) Using 3 of 6 workers for concurrent class unloading
[2026-04-03T01:58:44.300+0600][20.071s][info][gc          ] GC(23) Concurrent class unloading 3.364ms
[2026-04-03T01:58:44.300+0600][20.071s][info][gc,start    ] GC(23) Pause Final Roots
[2026-04-03T01:58:44.300+0600][20.071s][info][gc          ] GC(23) Pause Final Roots 0.056ms
[2026-04-03T01:58:44.300+0600][20.071s][info][gc,ergo     ] Free: 722M, Max: 256K regular, 194M humongous, Frag: 74% external, 0% internal; Reserve: 51200K, Max: 256K
[2026-04-03T01:58:44.300+0600][20.071s][info][gc,stats    ] 
[2026-04-03T01:58:44.300+0600][20.071s][info][gc,stats    ] All times are wall-clock times, except per-root-class counters, that are sum over
[2026-04-03T01:58:44.300+0600][20.071s][info][gc,stats    ] all workers. Dividing the <total> over the root stage time estimates parallelism.
[2026-04-03T01:58:44.300+0600][20.071s][info][gc,stats    ] 
[2026-04-03T01:58:44.300+0600][20.071s][info][gc,stats    ] Concurrent Reset                    909 us
[2026-04-03T01:58:44.300+0600][20.071s][info][gc,stats    ] Pause Init Mark (G)                 375 us
[2026-04-03T01:58:44.300+0600][20.071s][info][gc,stats    ] Pause Init Mark (N)                 125 us
[2026-04-03T01:58:44.300+0600][20.071s][info][gc,stats    ]   Update Region States               34 us
[2026-04-03T01:58:44.300+0600][20.071s][info][gc,stats    ] Concurrent Mark Roots               619 us, parallelism: 1.40x
[2026-04-03T01:58:44.300+0600][20.071s][info][gc,stats    ]   CMR: <total>                      865 us
[2026-04-03T01:58:44.300+0600][20.071s][info][gc,stats    ]   CMR: Thread Roots                 695 us, workers (us): 140, 284, 270, ---, ---, ---, 
[2026-04-03T01:58:44.300+0600][20.071s][info][gc,stats    ]   CMR: VM Strong Roots               22 us, workers (us):  20,   2,   1, ---, ---, ---, 
[2026-04-03T01:58:44.300+0600][20.071s][info][gc,stats    ]   CMR: CLDG Roots                   149 us, workers (us): 149, ---, ---, ---, ---, ---, 
[2026-04-03T01:58:44.300+0600][20.071s][info][gc,stats    ] Concurrent Marking                66094 us
[2026-04-03T01:58:44.300+0600][20.071s][info][gc,stats    ] Pause Final Mark (G)                902 us
[2026-04-03T01:58:44.300+0600][20.071s][info][gc,stats    ] Pause Final Mark (N)                694 us
[2026-04-03T01:58:44.300+0600][20.071s][info][gc,stats    ]   Finish Mark                       427 us
[2026-04-03T01:58:44.300+0600][20.071s][info][gc,stats    ]   Update Region States               50 us
[2026-04-03T01:58:44.300+0600][20.071s][info][gc,stats    ]   Choose Collection Set              91 us
[2026-04-03T01:58:44.300+0600][20.071s][info][gc,stats    ]   Rebuild Free Set                   37 us
[2026-04-03T01:58:44.300+0600][20.071s][info][gc,stats    ] Concurrent Weak References          462 us, parallelism: 0.64x
[2026-04-03T01:58:44.300+0600][20.071s][info][gc,stats    ]   CWRF: <total>                     297 us
[2026-04-03T01:58:44.300+0600][20.071s][info][gc,stats    ]   CWRF: Weak References             297 us, workers (us): 229,  67,   1, ---, ---, ---, 
[2026-04-03T01:58:44.300+0600][20.071s][info][gc,stats    ] Concurrent Weak Roots              1400 us
[2026-04-03T01:58:44.300+0600][20.071s][info][gc,stats    ]   Roots                            1130 us, parallelism: 2.15x
[2026-04-03T01:58:44.300+0600][20.071s][info][gc,stats    ]     CWR: <total>                   2433 us
[2026-04-03T01:58:44.300+0600][20.071s][info][gc,stats    ]     CWR: Code Cache Roots          1647 us, workers (us): 585, 477, 585, ---, ---, ---, 
[2026-04-03T01:58:44.300+0600][20.071s][info][gc,stats    ]     CWR: VM Weak Roots              698 us, workers (us): 248, 226, 223, ---, ---, ---, 
[2026-04-03T01:58:44.300+0600][20.071s][info][gc,stats    ]     CWR: CLDG Roots                  88 us, workers (us): ---,  88, ---, ---, ---, ---, 
[2026-04-03T01:58:44.300+0600][20.072s][info][gc,stats    ]   Rendezvous                        205 us
[2026-04-03T01:58:44.300+0600][20.072s][info][gc,stats    ] Concurrent Cleanup                  632 us
[2026-04-03T01:58:44.300+0600][20.072s][info][gc,stats    ] Concurrent Class Unloading         3431 us
[2026-04-03T01:58:44.300+0600][20.072s][info][gc,stats    ]   Unlink Stale                     3066 us
[2026-04-03T01:58:44.300+0600][20.072s][info][gc,stats    ]     System Dictionary                60 us
[2026-04-03T01:58:44.300+0600][20.072s][info][gc,stats    ]     Weak Class Links                  0 us
[2026-04-03T01:58:44.300+0600][20.072s][info][gc,stats    ]     Code Roots                     3003 us
[2026-04-03T01:58:44.300+0600][20.072s][info][gc,stats    ]   Rendezvous                        258 us
[2026-04-03T01:58:44.300+0600][20.072s][info][gc,stats    ]   Purge Unlinked                     12 us
[2026-04-03T01:58:44.300+0600][20.072s][info][gc,stats    ]     Code Roots                        3 us
[2026-04-03T01:58:44.300+0600][20.072s][info][gc,stats    ]     CLDG                              9 us
[2026-04-03T01:58:44.300+0600][20.072s][info][gc,stats    ]     Exception Caches                  0 us
[2026-04-03T01:58:44.300+0600][20.072s][info][gc,stats    ] Pause Final Roots (G)               278 us
[2026-04-03T01:58:44.300+0600][20.072s][info][gc,stats    ] Pause Final Roots (N)                67 us
[2026-04-03T01:58:44.300+0600][20.072s][info][gc,stats    ] Pacing                            61924 us
[2026-04-03T01:58:44.300+0600][20.072s][info][gc,stats    ] 
[2026-04-03T01:58:44.300+0600][20.072s][info][gc,stats    ] Allocation pacing accrued:
[2026-04-03T01:58:44.300+0600][20.072s][info][gc,stats    ]      31 of   373 ms (  8.4%): Executor task launch worker for task 1.0 in stage 4.0 (TID 7)
[2026-04-03T01:58:44.300+0600][20.072s][info][gc,stats    ]      31 of   373 ms (  8.2%): Executor task launch worker for task 0.0 in stage 4.0 (TID 6)
[2026-04-03T01:58:44.300+0600][20.072s][info][gc,stats    ]      62 of   373 ms ( 16.6%): <total>
[2026-04-03T01:58:44.300+0600][20.072s][info][gc,stats    ]       1 of   373 ms (  0.2%): <average total>
[2026-04-03T01:58:44.300+0600][20.072s][info][gc,stats    ]      31 of   373 ms (  8.3%): <average non-zero>
[2026-04-03T01:58:44.300+0600][20.072s][info][gc,stats    ] 
[2026-04-03T01:58:44.300+0600][20.072s][info][gc,metaspace] Metaspace: 66266K(67072K)->66266K(67072K) NonClass: 57868K(58304K)->57868K(58304K) Class: 8397K(8768K)->8397K(8768K)
[2026-04-03T01:58:44.301+0600][20.072s][info][gc,ergo     ] Pacer for Idle. Initial: 20480K, Alloc Tax Rate: 1.0x
[2026-04-03T01:58:44.533+0600][20.304s][info][gc          ] Trigger: Explicit GC request (System.gc())
[2026-04-03T01:58:44.533+0600][20.304s][info][gc,ergo     ] Free: 302M, Max: 256K regular, 194M humongous, Frag: 36% external, 0% internal; Reserve: 51200K, Max: 256K
[2026-04-03T01:58:44.533+0600][20.304s][info][gc,start    ] GC(24) Concurrent reset
[2026-04-03T01:58:44.533+0600][20.304s][info][gc,task     ] GC(24) Using 3 of 6 workers for concurrent reset
[2026-04-03T01:58:44.533+0600][20.304s][info][gc,ergo     ] GC(24) Pacer for Reset. Non-Taxable: 1000M
[2026-04-03T01:58:44.534+0600][20.305s][info][gc          ] GC(24) Concurrent reset 0.966ms
[2026-04-03T01:58:44.534+0600][20.305s][info][gc,start    ] GC(24) Pause Init Mark (unload classes)
[2026-04-03T01:58:44.534+0600][20.305s][info][gc,task     ] GC(24) Using 6 of 6 workers for init marking
[2026-04-03T01:58:44.534+0600][20.305s][info][gc,ref      ] GC(24) Clearing All SoftReferences
[2026-04-03T01:58:44.534+0600][20.305s][info][gc,ergo     ] GC(24) Pacer for Mark. Expected Live: 172M, Free: 302M, Non-Taxable: 30928K, Alloc Tax Rate: 0.7x
[2026-04-03T01:58:44.534+0600][20.305s][info][gc          ] GC(24) Pause Init Mark (unload classes) 0.123ms
[2026-04-03T01:58:44.534+0600][20.305s][info][gc,start    ] GC(24) Concurrent marking roots
[2026-04-03T01:58:44.534+0600][20.305s][info][gc,task     ] GC(24) Using 3 of 6 workers for concurrent marking roots
[2026-04-03T01:58:44.535+0600][20.306s][info][gc          ] GC(24) Concurrent marking roots 0.836ms
[2026-04-03T01:58:44.535+0600][20.306s][info][gc,start    ] GC(24) Concurrent marking (unload classes)
[2026-04-03T01:58:44.535+0600][20.306s][info][gc,task     ] GC(24) Using 3 of 6 workers for concurrent marking
[2026-04-03T01:58:44.603+0600][20.374s][info][gc          ] GC(24) Concurrent marking (unload classes) 68.200ms
[2026-04-03T01:58:44.603+0600][20.375s][info][gc,start    ] GC(24) Pause Final Mark (unload classes)
[2026-04-03T01:58:44.603+0600][20.375s][info][gc,task     ] GC(24) Using 6 of 6 workers for final marking
[2026-04-03T01:58:44.604+0600][20.375s][info][gc,ergo     ] GC(24) Collectable Garbage: 462M (97%), Immediate: 462M (97%), CSet: 0B (0%)
[2026-04-03T01:58:44.604+0600][20.375s][info][gc          ] GC(24) Pause Final Mark (unload classes) 0.604ms
[2026-04-03T01:58:44.604+0600][20.375s][info][gc,start    ] GC(24) Concurrent weak references
[2026-04-03T01:58:44.604+0600][20.375s][info][gc,task     ] GC(24) Using 3 of 6 workers for concurrent weak references
[2026-04-03T01:58:44.605+0600][20.376s][info][gc,ref      ] GC(24) Encountered references: Soft: 3016, Weak: 5644, Final: 82, Phantom: 594
[2026-04-03T01:58:44.605+0600][20.376s][info][gc,ref      ] GC(24) Discovered  references: Soft: 698, Weak: 1021, Final: 0, Phantom: 591
[2026-04-03T01:58:44.605+0600][20.376s][info][gc,ref      ] GC(24) Enqueued    references: Soft: 315, Weak: 202, Final: 0, Phantom: 0
[2026-04-03T01:58:44.605+0600][20.376s][info][gc          ] GC(24) Concurrent weak references 0.501ms
[2026-04-03T01:58:44.605+0600][20.376s][info][gc,start    ] GC(24) Concurrent weak roots
[2026-04-03T01:58:44.605+0600][20.376s][info][gc,task     ] GC(24) Using 3 of 6 workers for concurrent weak root
[2026-04-03T01:58:44.606+0600][20.378s][info][gc          ] GC(24) Concurrent weak roots 1.674ms
[2026-04-03T01:58:44.606+0600][20.378s][info][gc,start    ] GC(24) Concurrent cleanup
[2026-04-03T01:58:44.607+0600][20.378s][info][gc          ] GC(24) Concurrent cleanup 645M->183M(756M) 0.725ms
[2026-04-03T01:58:44.607+0600][20.378s][info][gc,ergo     ] GC(24) Free: 765M, Max: 256K regular, 341M humongous, Frag: 56% external, 0% internal; Reserve: 51200K, Max: 256K
[2026-04-03T01:58:44.607+0600][20.378s][info][gc,start    ] GC(24) Concurrent class unloading
[2026-04-03T01:58:44.607+0600][20.378s][info][gc,task     ] GC(24) Using 3 of 6 workers for concurrent class unloading
[2026-04-03T01:58:44.621+0600][20.392s][info][gc          ] GC(24) Concurrent class unloading 13.436ms
[2026-04-03T01:58:44.621+0600][20.392s][info][gc,start    ] GC(24) Pause Final Roots
[2026-04-03T01:58:44.621+0600][20.392s][info][gc          ] GC(24) Pause Final Roots 0.069ms
[2026-04-03T01:58:44.621+0600][20.392s][info][gc,ergo     ] Free: 761M, Max: 256K regular, 341M humongous, Frag: 56% external, 0% internal; Reserve: 51200K, Max: 256K
[2026-04-03T01:58:44.621+0600][20.393s][info][gc,stats    ] 
[2026-04-03T01:58:44.621+0600][20.393s][info][gc,stats    ] All times are wall-clock times, except per-root-class counters, that are sum over
[2026-04-03T01:58:44.621+0600][20.393s][info][gc,stats    ] all workers. Dividing the <total> over the root stage time estimates parallelism.
[2026-04-03T01:58:44.621+0600][20.393s][info][gc,stats    ] 
[2026-04-03T01:58:44.621+0600][20.393s][info][gc,stats    ] Concurrent Reset                   1013 us
[2026-04-03T01:58:44.621+0600][20.393s][info][gc,stats    ] Pause Init Mark (G)                 384 us
[2026-04-03T01:58:44.621+0600][20.393s][info][gc,stats    ] Pause Init Mark (N)                 134 us
[2026-04-03T01:58:44.621+0600][20.393s][info][gc,stats    ]   Update Region States               33 us
[2026-04-03T01:58:44.621+0600][20.393s][info][gc,stats    ] Concurrent Mark Roots               886 us, parallelism: 1.70x
[2026-04-03T01:58:44.621+0600][20.393s][info][gc,stats    ]   CMR: <total>                     1502 us
[2026-04-03T01:58:44.621+0600][20.393s][info][gc,stats    ]   CMR: Thread Roots                1289 us, workers (us): 322, 505, 462, ---, ---, ---, 
[2026-04-03T01:58:44.621+0600][20.393s][info][gc,stats    ]   CMR: VM Strong Roots               29 us, workers (us):  15,  13,   1, ---, ---, ---, 
[2026-04-03T01:58:44.621+0600][20.393s][info][gc,stats    ]   CMR: CLDG Roots                   184 us, workers (us): 184, ---, ---, ---, ---, ---, 
[2026-04-03T01:58:44.621+0600][20.393s][info][gc,stats    ] Concurrent Marking                68263 us
[2026-04-03T01:58:44.621+0600][20.393s][info][gc,stats    ] Pause Final Mark (G)                911 us
[2026-04-03T01:58:44.621+0600][20.393s][info][gc,stats    ] Pause Final Mark (N)                618 us
[2026-04-03T01:58:44.621+0600][20.393s][info][gc,stats    ]   Finish Mark                       222 us
[2026-04-03T01:58:44.621+0600][20.393s][info][gc,stats    ]   Update Region States               69 us
[2026-04-03T01:58:44.621+0600][20.393s][info][gc,stats    ]   Choose Collection Set             203 us
[2026-04-03T01:58:44.621+0600][20.393s][info][gc,stats    ]   Rebuild Free Set                   39 us
[2026-04-03T01:58:44.621+0600][20.393s][info][gc,stats    ] Concurrent Weak References          510 us, parallelism: 0.71x
[2026-04-03T01:58:44.621+0600][20.393s][info][gc,stats    ]   CWRF: <total>                     362 us
[2026-04-03T01:58:44.621+0600][20.393s][info][gc,stats    ]   CWRF: Weak References             362 us, workers (us): 227,  57,  78, ---, ---, ---, 
[2026-04-03T01:58:44.621+0600][20.393s][info][gc,stats    ] Concurrent Weak Roots              1735 us
[2026-04-03T01:58:44.621+0600][20.393s][info][gc,stats    ]   Roots                            1490 us, parallelism: 2.57x
[2026-04-03T01:58:44.621+0600][20.393s][info][gc,stats    ]     CWR: <total>                   3832 us
[2026-04-03T01:58:44.622+0600][20.393s][info][gc,stats    ]     CWR: Code Cache Roots          2753 us, workers (us): 936, 879, 938, ---, ---, ---, 
[2026-04-03T01:58:44.622+0600][20.393s][info][gc,stats    ]     CWR: VM Weak Roots             1010 us, workers (us): 373, 342, 296, ---, ---, ---, 
[2026-04-03T01:58:44.622+0600][20.393s][info][gc,stats    ]     CWR: CLDG Roots                  69 us, workers (us): ---,  69, ---, ---, ---, ---, 
[2026-04-03T01:58:44.622+0600][20.393s][info][gc,stats    ]   Rendezvous                        165 us
[2026-04-03T01:58:44.622+0600][20.393s][info][gc,stats    ] Concurrent Cleanup                  742 us
[2026-04-03T01:58:44.622+0600][20.393s][info][gc,stats    ] Concurrent Class Unloading        13509 us
[2026-04-03T01:58:44.622+0600][20.393s][info][gc,stats    ]   Unlink Stale                    12564 us
[2026-04-03T01:58:44.622+0600][20.393s][info][gc,stats    ]     System Dictionary               270 us
[2026-04-03T01:58:44.622+0600][20.393s][info][gc,stats    ]     Weak Class Links               7581 us
[2026-04-03T01:58:44.622+0600][20.393s][info][gc,stats    ]     Code Roots                     4710 us
[2026-04-03T01:58:44.622+0600][20.393s][info][gc,stats    ]   Rendezvous                        141 us
[2026-04-03T01:58:44.622+0600][20.393s][info][gc,stats    ]   Purge Unlinked                    710 us
[2026-04-03T01:58:44.622+0600][20.393s][info][gc,stats    ]     Code Roots                      261 us
[2026-04-03T01:58:44.622+0600][20.393s][info][gc,stats    ]     CLDG                            448 us
[2026-04-03T01:58:44.622+0600][20.393s][info][gc,stats    ]     Exception Caches                  0 us
[2026-04-03T01:58:44.622+0600][20.393s][info][gc,stats    ] Pause Final Roots (G)               415 us
[2026-04-03T01:58:44.622+0600][20.393s][info][gc,stats    ] Pause Final Roots (N)                87 us
[2026-04-03T01:58:44.622+0600][20.393s][info][gc,stats    ] 
[2026-04-03T01:58:44.622+0600][20.393s][info][gc,stats    ] Allocation pacing accrued:
[2026-04-03T01:58:44.622+0600][20.393s][info][gc,stats    ]       0 of   321 ms (  0.0%): <total>
[2026-04-03T01:58:44.622+0600][20.393s][info][gc,stats    ]       0 of   321 ms (  0.0%): <average total>
[2026-04-03T01:58:44.622+0600][20.393s][info][gc,stats    ] 
[2026-04-03T01:58:44.622+0600][20.393s][info][gc,metaspace] Metaspace: 66346K(67136K)->66014K(67136K) NonClass: 57946K(58368K)->57673K(58368K) Class: 8399K(8768K)->8340K(8768K)
[2026-04-03T01:58:44.622+0600][20.393s][info][gc,ergo     ] Pacer for Idle. Initial: 20480K, Alloc Tax Rate: 1.0x
[2026-04-03T01:58:44.622+0600][20.393s][info][gc,start    ] Concurrent uncommit
[2026-04-03T01:58:44.713+0600][20.484s][info][gc          ] Concurrent uncommit 187M->198M(201M) 90.786ms
[2026-04-03T01:58:44.923+0600][20.694s][info][gc          ] Trigger: Learning 2 of 5. Free (699M) is below initial threshold (700M)
[2026-04-03T01:58:44.923+0600][20.694s][info][gc,ergo     ] Free: 699M, Max: 256K regular, 341M humongous, Frag: 52% external, 0% internal; Reserve: 51200K, Max: 256K
[2026-04-03T01:58:44.923+0600][20.694s][info][gc,start    ] GC(25) Concurrent reset
[2026-04-03T01:58:44.923+0600][20.694s][info][gc,task     ] GC(25) Using 3 of 6 workers for concurrent reset
[2026-04-03T01:58:44.923+0600][20.694s][info][gc,ergo     ] GC(25) Pacer for Reset. Non-Taxable: 1000M
[2026-04-03T01:58:44.924+0600][20.695s][info][gc          ] GC(25) Concurrent reset 0.897ms
[2026-04-03T01:58:44.924+0600][20.695s][info][gc,start    ] GC(25) Pause Init Mark (unload classes)
[2026-04-03T01:58:44.924+0600][20.696s][info][gc,task     ] GC(25) Using 6 of 6 workers for init marking
[2026-04-03T01:58:44.924+0600][20.696s][info][gc,ergo     ] GC(25) Pacer for Mark. Expected Live: 172M, Free: 697M, Non-Taxable: 71457K, Alloc Tax Rate: 0.3x
[2026-04-03T01:58:44.924+0600][20.696s][info][gc          ] GC(25) Pause Init Mark (unload classes) 0.106ms
[2026-04-03T01:58:44.924+0600][20.696s][info][gc,start    ] GC(25) Concurrent marking roots
[2026-04-03T01:58:44.924+0600][20.696s][info][gc,task     ] GC(25) Using 3 of 6 workers for concurrent marking roots
[2026-04-03T01:58:44.925+0600][20.697s][info][gc          ] GC(25) Concurrent marking roots 0.918ms
[2026-04-03T01:58:44.925+0600][20.697s][info][gc,start    ] GC(25) Concurrent marking (unload classes)
[2026-04-03T01:58:44.925+0600][20.697s][info][gc,task     ] GC(25) Using 3 of 6 workers for concurrent marking
[2026-04-03T01:58:45.003+0600][20.774s][info][gc          ] GC(25) Concurrent marking (unload classes) 77.318ms
[2026-04-03T01:58:45.003+0600][20.774s][info][gc,start    ] GC(25) Pause Final Mark (unload classes)
[2026-04-03T01:58:45.003+0600][20.774s][info][gc,task     ] GC(25) Using 6 of 6 workers for final marking
[2026-04-03T01:58:45.003+0600][20.775s][info][gc,ergo     ] GC(25) Adaptive CSet Selection. Target Free: 141M, Actual Free: 727M, Max CSet: 42666K, Min Garbage: 0B
[2026-04-03T01:58:45.003+0600][20.775s][info][gc,ergo     ] GC(25) Collectable Garbage: 73836K (96%), Immediate: 49088K (63%), CSet: 24747K (32%)
[2026-04-03T01:58:45.004+0600][20.775s][info][gc,ergo     ] GC(25) Pacer for Evacuation. Used CSet: 26456K, Free: 680M, Non-Taxable: 69636K, Alloc Tax Rate: 1.1x
[2026-04-03T01:58:45.004+0600][20.775s][info][gc          ] GC(25) Pause Final Mark (unload classes) 0.715ms
[2026-04-03T01:58:45.004+0600][20.775s][info][gc,start    ] GC(25) Concurrent thread roots
[2026-04-03T01:58:45.004+0600][20.775s][info][gc,task     ] GC(25) Using 3 of 6 workers for Concurrent thread roots
[2026-04-03T01:58:45.004+0600][20.776s][info][gc          ] GC(25) Concurrent thread roots 0.698ms
[2026-04-03T01:58:45.004+0600][20.776s][info][gc,start    ] GC(25) Concurrent weak references
[2026-04-03T01:58:45.004+0600][20.776s][info][gc,task     ] GC(25) Using 3 of 6 workers for concurrent weak references
[2026-04-03T01:58:45.005+0600][20.776s][info][gc,ref      ] GC(25) Encountered references: Soft: 3105, Weak: 5888, Final: 82, Phantom: 594
[2026-04-03T01:58:45.005+0600][20.776s][info][gc,ref      ] GC(25) Discovered  references: Soft: 0, Weak: 549, Final: 0, Phantom: 591
[2026-04-03T01:58:45.005+0600][20.776s][info][gc,ref      ] GC(25) Enqueued    references: Soft: 0, Weak: 194, Final: 0, Phantom: 0
[2026-04-03T01:58:45.005+0600][20.776s][info][gc          ] GC(25) Concurrent weak references 0.464ms
[2026-04-03T01:58:45.005+0600][20.776s][info][gc,start    ] GC(25) Concurrent weak roots
[2026-04-03T01:58:45.005+0600][20.776s][info][gc,task     ] GC(25) Using 3 of 6 workers for concurrent weak root
[2026-04-03T01:58:45.007+0600][20.778s][info][gc          ] GC(25) Concurrent weak roots 1.750ms
[2026-04-03T01:58:45.007+0600][20.778s][info][gc,start    ] GC(25) Concurrent cleanup
[2026-04-03T01:58:45.007+0600][20.779s][info][gc          ] GC(25) Concurrent cleanup 318M->271M(323M) 0.611ms
[2026-04-03T01:58:45.007+0600][20.779s][info][gc,ergo     ] GC(25) Free: 677M, Max: 256K regular, 341M humongous, Frag: 50% external, 0% internal; Reserve: 50950K, Max: 256K
[2026-04-03T01:58:45.007+0600][20.779s][info][gc,start    ] GC(25) Concurrent class unloading
[2026-04-03T01:58:45.007+0600][20.779s][info][gc,task     ] GC(25) Using 3 of 6 workers for concurrent class unloading
[2026-04-03T01:58:45.012+0600][20.783s][info][gc          ] GC(25) Concurrent class unloading 4.857ms
[2026-04-03T01:58:45.012+0600][20.784s][info][gc,start    ] GC(25) Concurrent strong roots
[2026-04-03T01:58:45.012+0600][20.784s][info][gc,task     ] GC(25) Using 3 of 6 workers for concurrent strong root
[2026-04-03T01:58:45.013+0600][20.784s][info][gc          ] GC(25) Concurrent strong roots 0.772ms
[2026-04-03T01:58:45.013+0600][20.784s][info][gc,start    ] GC(25) Concurrent evacuation
[2026-04-03T01:58:45.013+0600][20.784s][info][gc,task     ] GC(25) Using 3 of 6 workers for concurrent evacuation
[2026-04-03T01:58:45.015+0600][20.786s][info][gc          ] GC(25) Concurrent evacuation 1.730ms
[2026-04-03T01:58:45.015+0600][20.786s][info][gc,start    ] GC(25) Pause Init Update Refs
[2026-04-03T01:58:45.015+0600][20.786s][info][gc,ergo     ] GC(25) Pacer for Update Refs. Used: 284M, Free: 665M, Non-Taxable: 68151K, Alloc Tax Rate: 1.1x
[2026-04-03T01:58:45.015+0600][20.786s][info][gc          ] GC(25) Pause Init Update Refs 0.068ms
[2026-04-03T01:58:45.015+0600][20.786s][info][gc,start    ] GC(25) Concurrent update references
[2026-04-03T01:58:45.015+0600][20.786s][info][gc,task     ] GC(25) Using 3 of 6 workers for concurrent reference update
[2026-04-03T01:58:45.085+0600][20.856s][info][gc          ] GC(25) Concurrent update references 69.905ms
[2026-04-03T01:58:45.085+0600][20.856s][info][gc,start    ] GC(25) Concurrent update thread roots
[2026-04-03T01:58:45.086+0600][20.857s][info][gc          ] GC(25) Concurrent update thread roots 0.921ms
[2026-04-03T01:58:45.086+0600][20.858s][info][gc,start    ] GC(25) Pause Final Update Refs
[2026-04-03T01:58:45.086+0600][20.858s][info][gc,task     ] GC(25) Using 6 of 6 workers for final reference update
[2026-04-03T01:58:45.087+0600][20.858s][info][gc          ] GC(25) Pause Final Update Refs 0.180ms
[2026-04-03T01:58:45.087+0600][20.858s][info][gc,start    ] GC(25) Concurrent cleanup
[2026-04-03T01:58:45.087+0600][20.858s][info][gc          ] GC(25) Concurrent cleanup 365M->339M(367M) 0.445ms
[2026-04-03T01:58:45.087+0600][20.858s][info][gc,ergo     ] Free: 608M, Max: 256K regular, 357M humongous, Frag: 42% external, 0% internal; Reserve: 51200K, Max: 256K
[2026-04-03T01:58:45.087+0600][20.858s][info][gc,stats    ] 
[2026-04-03T01:58:45.087+0600][20.858s][info][gc,stats    ] All times are wall-clock times, except per-root-class counters, that are sum over
[2026-04-03T01:58:45.087+0600][20.858s][info][gc,stats    ] all workers. Dividing the <total> over the root stage time estimates parallelism.
[2026-04-03T01:58:45.087+0600][20.858s][info][gc,stats    ] 
[2026-04-03T01:58:45.087+0600][20.858s][info][gc,stats    ] Concurrent Reset                    947 us
[2026-04-03T01:58:45.087+0600][20.858s][info][gc,stats    ] Pause Init Mark (G)                 389 us
[2026-04-03T01:58:45.087+0600][20.858s][info][gc,stats    ] Pause Init Mark (N)                 117 us
[2026-04-03T01:58:45.087+0600][20.858s][info][gc,stats    ]   Update Region States               30 us
[2026-04-03T01:58:45.087+0600][20.858s][info][gc,stats    ] Concurrent Mark Roots               956 us, parallelism: 2.17x
[2026-04-03T01:58:45.087+0600][20.858s][info][gc,stats    ]   CMR: <total>                     2071 us
[2026-04-03T01:58:45.087+0600][20.858s][info][gc,stats    ]   CMR: Thread Roots                1733 us, workers (us): 663, 392, 677, ---, ---, ---, 
[2026-04-03T01:58:45.087+0600][20.858s][info][gc,stats    ]   CMR: VM Strong Roots               79 us, workers (us):  43,  36,   1, ---, ---, ---, 
[2026-04-03T01:58:45.087+0600][20.858s][info][gc,stats    ]   CMR: CLDG Roots                   260 us, workers (us): ---, 260, ---, ---, ---, ---, 
[2026-04-03T01:58:45.087+0600][20.858s][info][gc,stats    ] Concurrent Marking                77396 us
[2026-04-03T01:58:45.087+0600][20.858s][info][gc,stats    ] Pause Final Mark (G)                842 us
[2026-04-03T01:58:45.087+0600][20.858s][info][gc,stats    ] Pause Final Mark (N)                728 us
[2026-04-03T01:58:45.087+0600][20.859s][info][gc,stats    ]   Finish Mark                       249 us
[2026-04-03T01:58:45.087+0600][20.859s][info][gc,stats    ]   Update Region States               56 us
[2026-04-03T01:58:45.087+0600][20.859s][info][gc,stats    ]   Choose Collection Set             286 us
[2026-04-03T01:58:45.087+0600][20.859s][info][gc,stats    ]   Rebuild Free Set                   36 us
[2026-04-03T01:58:45.087+0600][20.859s][info][gc,stats    ] Concurrent Thread Roots             785 us, parallelism: 1.56x
[2026-04-03T01:58:45.087+0600][20.859s][info][gc,stats    ]   CTR: <total>                     1222 us
[2026-04-03T01:58:45.087+0600][20.859s][info][gc,stats    ]   CTR: Thread Roots                1222 us, workers (us): 461, 391, 370, ---, ---, ---, 
[2026-04-03T01:58:45.087+0600][20.859s][info][gc,stats    ] Concurrent Weak References          476 us, parallelism: 0.77x
[2026-04-03T01:58:45.087+0600][20.859s][info][gc,stats    ]   CWRF: <total>                     366 us
[2026-04-03T01:58:45.087+0600][20.859s][info][gc,stats    ]   CWRF: Weak References             366 us, workers (us): 107, 110, 149, ---, ---, ---, 
[2026-04-03T01:58:45.087+0600][20.859s][info][gc,stats    ] Concurrent Weak Roots              1841 us
[2026-04-03T01:58:45.087+0600][20.859s][info][gc,stats    ]   Roots                            1599 us, parallelism: 2.43x
[2026-04-03T01:58:45.087+0600][20.859s][info][gc,stats    ]     CWR: <total>                   3879 us
[2026-04-03T01:58:45.087+0600][20.859s][info][gc,stats    ]     CWR: Code Cache Roots          2114 us, workers (us): 675, 684, 755, ---, ---, ---, 
[2026-04-03T01:58:45.087+0600][20.859s][info][gc,stats    ]     CWR: VM Weak Roots             1665 us, workers (us): 600, 536, 528, ---, ---, ---, 
[2026-04-03T01:58:45.087+0600][20.859s][info][gc,stats    ]     CWR: CLDG Roots                 101 us, workers (us): 101, ---, ---, ---, ---, ---, 
[2026-04-03T01:58:45.087+0600][20.859s][info][gc,stats    ]   Rendezvous                        125 us
[2026-04-03T01:58:45.087+0600][20.859s][info][gc,stats    ] Concurrent Cleanup                  625 us
[2026-04-03T01:58:45.087+0600][20.859s][info][gc,stats    ] Concurrent Class Unloading         4942 us
[2026-04-03T01:58:45.087+0600][20.859s][info][gc,stats    ]   Unlink Stale                     4242 us
[2026-04-03T01:58:45.087+0600][20.859s][info][gc,stats    ]     System Dictionary                64 us
[2026-04-03T01:58:45.087+0600][20.859s][info][gc,stats    ]     Weak Class Links                  0 us
[2026-04-03T01:58:45.087+0600][20.859s][info][gc,stats    ]     Code Roots                     4176 us
[2026-04-03T01:58:45.087+0600][20.859s][info][gc,stats    ]   Rendezvous                        273 us
[2026-04-03T01:58:45.087+0600][20.859s][info][gc,stats    ]   Purge Unlinked                    321 us
[2026-04-03T01:58:45.087+0600][20.859s][info][gc,stats    ]     Code Roots                      314 us
[2026-04-03T01:58:45.087+0600][20.859s][info][gc,stats    ]     CLDG                              6 us
[2026-04-03T01:58:45.087+0600][20.859s][info][gc,stats    ]     Exception Caches                  0 us
[2026-04-03T01:58:45.087+0600][20.859s][info][gc,stats    ] Concurrent Strong Roots             825 us, parallelism: 0.68x
[2026-04-03T01:58:45.087+0600][20.859s][info][gc,stats    ]   CSR: <total>                      558 us
[2026-04-03T01:58:45.087+0600][20.859s][info][gc,stats    ]   CSR: VM Strong Roots               40 us, workers (us):  23,   1,  16, ---, ---, ---, 
[2026-04-03T01:58:45.087+0600][20.859s][info][gc,stats    ]   CSR: CLDG Roots                   518 us, workers (us): ---, ---, 518, ---, ---, ---, 
[2026-04-03T01:58:45.087+0600][20.859s][info][gc,stats    ] Concurrent Evacuation              1783 us
[2026-04-03T01:58:45.087+0600][20.859s][info][gc,stats    ] Pause Init Update Refs (G)          226 us
[2026-04-03T01:58:45.087+0600][20.859s][info][gc,stats    ] Pause Init Update Refs (N)           81 us
[2026-04-03T01:58:45.087+0600][20.859s][info][gc,stats    ]   Manage GCLABs                      17 us
[2026-04-03T01:58:45.087+0600][20.859s][info][gc,stats    ] Concurrent Update Refs            69986 us
[2026-04-03T01:58:45.088+0600][20.859s][info][gc,stats    ] Concurrent Update Thread Roots      997 us
[2026-04-03T01:58:45.088+0600][20.859s][info][gc,stats    ] Pause Final Update Refs (G)         427 us
[2026-04-03T01:58:45.088+0600][20.859s][info][gc,stats    ] Pause Final Update Refs (N)         196 us
[2026-04-03T01:58:45.088+0600][20.859s][info][gc,stats    ]   Update Region States               51 us
[2026-04-03T01:58:45.088+0600][20.859s][info][gc,stats    ]   Trash Collection Set                8 us
[2026-04-03T01:58:45.088+0600][20.859s][info][gc,stats    ]   Rebuild Free Set                   38 us
[2026-04-03T01:58:45.088+0600][20.859s][info][gc,stats    ] Concurrent Cleanup                  490 us
[2026-04-03T01:58:45.088+0600][20.859s][info][gc,stats    ] 
[2026-04-03T01:58:45.088+0600][20.859s][info][gc,stats    ] Allocation pacing accrued:
[2026-04-03T01:58:45.088+0600][20.859s][info][gc,stats    ]       0 of   466 ms (  0.0%): <total>
[2026-04-03T01:58:45.088+0600][20.859s][info][gc,stats    ]       0 of   466 ms (  0.0%): <average total>
[2026-04-03T01:58:45.088+0600][20.859s][info][gc,stats    ] 
[2026-04-03T01:58:45.088+0600][20.859s][info][gc,metaspace] Metaspace: 66442K(67200K)->66448K(67200K) NonClass: 58044K(58432K)->58050K(58432K) Class: 8398K(8768K)->8398K(8768K)
[2026-04-03T01:58:45.088+0600][20.859s][info][gc,ergo     ] Pacer for Idle. Initial: 20480K, Alloc Tax Rate: 1.0x
[2026-04-03T01:58:45.089+0600][20.860s][info][gc          ] Trigger: Learning 3 of 5. Free (605M) is below initial threshold (700M)
[2026-04-03T01:58:45.089+0600][20.860s][info][gc,ergo     ] Free: 605M, Max: 256K regular, 357M humongous, Frag: 41% external, 0% internal; Reserve: 51200K, Max: 256K
[2026-04-03T01:58:45.089+0600][20.860s][info][gc,start    ] GC(26) Concurrent reset
[2026-04-03T01:58:45.089+0600][20.860s][info][gc,task     ] GC(26) Using 3 of 6 workers for concurrent reset
[2026-04-03T01:58:45.089+0600][20.860s][info][gc,ergo     ] GC(26) Pacer for Reset. Non-Taxable: 1000M
[2026-04-03T01:58:45.090+0600][20.861s][info][gc          ] GC(26) Concurrent reset 0.959ms
[2026-04-03T01:58:45.090+0600][20.861s][info][gc,start    ] GC(26) Pause Init Mark (unload classes)
[2026-04-03T01:58:45.090+0600][20.861s][info][gc,task     ] GC(26) Using 6 of 6 workers for init marking
[2026-04-03T01:58:45.090+0600][20.861s][info][gc,ergo     ] GC(26) Pacer for Mark. Expected Live: 172M, Free: 603M, Non-Taxable: 61751K, Alloc Tax Rate: 0.3x
[2026-04-03T01:58:45.090+0600][20.861s][info][gc          ] GC(26) Pause Init Mark (unload classes) 0.099ms
[2026-04-03T01:58:45.090+0600][20.861s][info][gc,start    ] GC(26) Concurrent marking roots
[2026-04-03T01:58:45.090+0600][20.861s][info][gc,task     ] GC(26) Using 3 of 6 workers for concurrent marking roots
[2026-04-03T01:58:45.091+0600][20.862s][info][gc          ] GC(26) Concurrent marking roots 0.850ms
[2026-04-03T01:58:45.091+0600][20.862s][info][gc,start    ] GC(26) Concurrent marking (unload classes)
[2026-04-03T01:58:45.091+0600][20.862s][info][gc,task     ] GC(26) Using 3 of 6 workers for concurrent marking
[2026-04-03T01:58:45.163+0600][20.934s][info][gc          ] GC(26) Concurrent marking (unload classes) 71.579ms
[2026-04-03T01:58:45.163+0600][20.934s][info][gc,start    ] GC(26) Pause Final Mark (unload classes)
[2026-04-03T01:58:45.163+0600][20.934s][info][gc,task     ] GC(26) Using 6 of 6 workers for final marking
[2026-04-03T01:58:45.163+0600][20.935s][info][gc,ergo     ] GC(26) Collectable Garbage: 165M (95%), Immediate: 165M (95%), CSet: 0B (0%)
[2026-04-03T01:58:45.163+0600][20.935s][info][gc          ] GC(26) Pause Final Mark (unload classes) 0.534ms
[2026-04-03T01:58:45.164+0600][20.935s][info][gc,start    ] GC(26) Concurrent weak references
[2026-04-03T01:58:45.164+0600][20.935s][info][gc,task     ] GC(26) Using 3 of 6 workers for concurrent weak references
[2026-04-03T01:58:45.164+0600][20.935s][info][gc,ref      ] GC(26) Encountered references: Soft: 3105, Weak: 5702, Final: 82, Phantom: 594
[2026-04-03T01:58:45.164+0600][20.935s][info][gc,ref      ] GC(26) Discovered  references: Soft: 0, Weak: 1049, Final: 0, Phantom: 591
[2026-04-03T01:58:45.164+0600][20.935s][info][gc,ref      ] GC(26) Enqueued    references: Soft: 0, Weak: 21, Final: 0, Phantom: 0
[2026-04-03T01:58:45.164+0600][20.935s][info][gc          ] GC(26) Concurrent weak references 0.463ms
[2026-04-03T01:58:45.164+0600][20.935s][info][gc,start    ] GC(26) Concurrent weak roots
[2026-04-03T01:58:45.164+0600][20.935s][info][gc,task     ] GC(26) Using 3 of 6 workers for concurrent weak root
[2026-04-03T01:58:45.166+0600][20.937s][info][gc          ] GC(26) Concurrent weak roots 2.185ms
[2026-04-03T01:58:45.166+0600][20.938s][info][gc,start    ] GC(26) Concurrent cleanup
[2026-04-03T01:58:45.167+0600][20.938s][info][gc          ] GC(26) Concurrent cleanup 424M->260M(433M) 0.680ms
[2026-04-03T01:58:45.167+0600][20.938s][info][gc,ergo     ] GC(26) Free: 688M, Max: 256K regular, 357M humongous, Frag: 49% external, 0% internal; Reserve: 51200K, Max: 256K
[2026-04-03T01:58:45.167+0600][20.938s][info][gc,start    ] GC(26) Concurrent class unloading
[2026-04-03T01:58:45.167+0600][20.938s][info][gc,task     ] GC(26) Using 3 of 6 workers for concurrent class unloading
[2026-04-03T01:58:45.171+0600][20.942s][info][gc          ] GC(26) Concurrent class unloading 3.546ms
[2026-04-03T01:58:45.171+0600][20.942s][info][gc,start    ] GC(26) Pause Final Roots
[2026-04-03T01:58:45.171+0600][20.942s][info][gc          ] GC(26) Pause Final Roots 0.049ms
[2026-04-03T01:58:45.171+0600][20.942s][info][gc,ergo     ] Free: 682M, Max: 256K regular, 357M humongous, Frag: 48% external, 0% internal; Reserve: 51200K, Max: 256K
[2026-04-03T01:58:45.171+0600][20.942s][info][gc,stats    ] 
[2026-04-03T01:58:45.171+0600][20.942s][info][gc,stats    ] All times are wall-clock times, except per-root-class counters, that are sum over
[2026-04-03T01:58:45.171+0600][20.942s][info][gc,stats    ] all workers. Dividing the <total> over the root stage time estimates parallelism.
[2026-04-03T01:58:45.171+0600][20.942s][info][gc,stats    ] 
[2026-04-03T01:58:45.171+0600][20.942s][info][gc,stats    ] Concurrent Reset                    983 us
[2026-04-03T01:58:45.171+0600][20.942s][info][gc,stats    ] Pause Init Mark (G)                 326 us
[2026-04-03T01:58:45.171+0600][20.942s][info][gc,stats    ] Pause Init Mark (N)                 107 us
[2026-04-03T01:58:45.171+0600][20.942s][info][gc,stats    ]   Update Region States               30 us
[2026-04-03T01:58:45.171+0600][20.942s][info][gc,stats    ] Concurrent Mark Roots               892 us, parallelism: 1.67x
[2026-04-03T01:58:45.171+0600][20.942s][info][gc,stats    ]   CMR: <total>                     1490 us
[2026-04-03T01:58:45.171+0600][20.942s][info][gc,stats    ]   CMR: Thread Roots                1134 us, workers (us): 206, 449, 479, ---, ---, ---, 
[2026-04-03T01:58:45.171+0600][20.942s][info][gc,stats    ]   CMR: VM Strong Roots              104 us, workers (us):  39,  46,  19, ---, ---, ---, 
[2026-04-03T01:58:45.171+0600][20.942s][info][gc,stats    ]   CMR: CLDG Roots                   253 us, workers (us): 253, ---, ---, ---, ---, ---, 
[2026-04-03T01:58:45.171+0600][20.942s][info][gc,stats    ] Concurrent Marking                71680 us
[2026-04-03T01:58:45.171+0600][20.942s][info][gc,stats    ] Pause Final Mark (G)                823 us
[2026-04-03T01:58:45.171+0600][20.942s][info][gc,stats    ] Pause Final Mark (N)                550 us
[2026-04-03T01:58:45.171+0600][20.942s][info][gc,stats    ]   Finish Mark                       226 us
[2026-04-03T01:58:45.171+0600][20.942s][info][gc,stats    ]   Update Region States               93 us
[2026-04-03T01:58:45.171+0600][20.942s][info][gc,stats    ]   Choose Collection Set              96 us
[2026-04-03T01:58:45.171+0600][20.942s][info][gc,stats    ]   Rebuild Free Set                   36 us
[2026-04-03T01:58:45.171+0600][20.942s][info][gc,stats    ] Concurrent Weak References          474 us, parallelism: 0.56x
[2026-04-03T01:58:45.171+0600][20.942s][info][gc,stats    ]   CWRF: <total>                     265 us
[2026-04-03T01:58:45.171+0600][20.942s][info][gc,stats    ]   CWRF: Weak References             265 us, workers (us): 210,  55,   0, ---, ---, ---, 
[2026-04-03T01:58:45.171+0600][20.942s][info][gc,stats    ] Concurrent Weak Roots              2229 us
[2026-04-03T01:58:45.171+0600][20.942s][info][gc,stats    ]   Roots                            1926 us, parallelism: 2.45x
[2026-04-03T01:58:45.171+0600][20.942s][info][gc,stats    ]     CWR: <total>                   4717 us
[2026-04-03T01:58:45.171+0600][20.942s][info][gc,stats    ]     CWR: Code Cache Roots          3457 us, workers (us): 1149, 1122, 1187, ---, ---, ---, 
[2026-04-03T01:58:45.171+0600][20.942s][info][gc,stats    ]     CWR: VM Weak Roots             1185 us, workers (us): 444, 375, 366, ---, ---, ---, 
[2026-04-03T01:58:45.171+0600][20.942s][info][gc,stats    ]     CWR: CLDG Roots                  75 us, workers (us): ---, ---,  75, ---, ---, ---, 
[2026-04-03T01:58:45.171+0600][20.942s][info][gc,stats    ]   Rendezvous                        238 us
[2026-04-03T01:58:45.171+0600][20.942s][info][gc,stats    ] Concurrent Cleanup                  695 us
[2026-04-03T01:58:45.171+0600][20.942s][info][gc,stats    ] Concurrent Class Unloading         3591 us
[2026-04-03T01:58:45.171+0600][20.942s][info][gc,stats    ]   Unlink Stale                     3314 us
[2026-04-03T01:58:45.171+0600][20.942s][info][gc,stats    ]     System Dictionary                59 us
[2026-04-03T01:58:45.171+0600][20.942s][info][gc,stats    ]     Weak Class Links                  0 us
[2026-04-03T01:58:45.171+0600][20.942s][info][gc,stats    ]     Code Roots                     3252 us
[2026-04-03T01:58:45.171+0600][20.942s][info][gc,stats    ]   Rendezvous                        204 us
[2026-04-03T01:58:45.171+0600][20.942s][info][gc,stats    ]   Purge Unlinked                      7 us
[2026-04-03T01:58:45.171+0600][20.942s][info][gc,stats    ]     Code Roots                        3 us
[2026-04-03T01:58:45.171+0600][20.942s][info][gc,stats    ]     CLDG                              4 us
[2026-04-03T01:58:45.171+0600][20.942s][info][gc,stats    ]     Exception Caches                  0 us
[2026-04-03T01:58:45.171+0600][20.942s][info][gc,stats    ] Pause Final Roots (G)               273 us
[2026-04-03T01:58:45.171+0600][20.942s][info][gc,stats    ] Pause Final Roots (N)                61 us
[2026-04-03T01:58:45.171+0600][20.942s][info][gc,stats    ] 
[2026-04-03T01:58:45.171+0600][20.942s][info][gc,stats    ] Allocation pacing accrued:
[2026-04-03T01:58:45.171+0600][20.943s][info][gc,stats    ]       0 of    84 ms (  0.0%): <total>
[2026-04-03T01:58:45.171+0600][20.943s][info][gc,stats    ]       0 of    84 ms (  0.0%): <average total>
[2026-04-03T01:58:45.171+0600][20.943s][info][gc,stats    ] 
[2026-04-03T01:58:45.171+0600][20.943s][info][gc,metaspace] Metaspace: 66448K(67200K)->66448K(67200K) NonClass: 58050K(58432K)->58050K(58432K) Class: 8398K(8768K)->8398K(8768K)
[2026-04-03T01:58:45.171+0600][20.943s][info][gc,ergo     ] Pacer for Idle. Initial: 20480K, Alloc Tax Rate: 1.0x
[2026-04-03T01:58:45.172+0600][20.944s][info][gc          ] Trigger: Learning 4 of 5. Free (679M) is below initial threshold (700M)
[2026-04-03T01:58:45.173+0600][20.944s][info][gc,ergo     ] Free: 679M, Max: 256K regular, 357M humongous, Frag: 48% external, 0% internal; Reserve: 51200K, Max: 256K
[2026-04-03T01:58:45.173+0600][20.944s][info][gc,start    ] GC(27) Concurrent reset
[2026-04-03T01:58:45.173+0600][20.944s][info][gc,task     ] GC(27) Using 3 of 6 workers for concurrent reset
[2026-04-03T01:58:45.173+0600][20.944s][info][gc,ergo     ] GC(27) Pacer for Reset. Non-Taxable: 1000M
[2026-04-03T01:58:45.174+0600][20.945s][info][gc          ] GC(27) Concurrent reset 1.001ms
[2026-04-03T01:58:45.174+0600][20.945s][info][gc,start    ] GC(27) Pause Init Mark (unload classes)
[2026-04-03T01:58:45.174+0600][20.945s][info][gc,task     ] GC(27) Using 6 of 6 workers for init marking
[2026-04-03T01:58:45.174+0600][20.945s][info][gc,ergo     ] GC(27) Pacer for Mark. Expected Live: 172M, Free: 677M, Non-Taxable: 69354K, Alloc Tax Rate: 0.3x
[2026-04-03T01:58:45.174+0600][20.945s][info][gc          ] GC(27) Pause Init Mark (unload classes) 0.093ms
[2026-04-03T01:58:45.174+0600][20.945s][info][gc,start    ] GC(27) Concurrent marking roots
[2026-04-03T01:58:45.174+0600][20.945s][info][gc,task     ] GC(27) Using 3 of 6 workers for concurrent marking roots
[2026-04-03T01:58:45.175+0600][20.946s][info][gc          ] GC(27) Concurrent marking roots 0.579ms
[2026-04-03T01:58:45.175+0600][20.946s][info][gc,start    ] GC(27) Concurrent marking (unload classes)
[2026-04-03T01:58:45.175+0600][20.946s][info][gc,task     ] GC(27) Using 3 of 6 workers for concurrent marking
[2026-04-03T01:58:45.245+0600][21.016s][info][gc          ] GC(27) Concurrent marking (unload classes) 70.220ms
[2026-04-03T01:58:45.245+0600][21.016s][info][gc,start    ] GC(27) Pause Final Mark (unload classes)
[2026-04-03T01:58:45.245+0600][21.016s][info][gc,task     ] GC(27) Using 6 of 6 workers for final marking
[2026-04-03T01:58:45.245+0600][21.017s][info][gc,ergo     ] GC(27) Collectable Garbage: 93696K (92%), Immediate: 93696K (92%), CSet: 0B (0%)
[2026-04-03T01:58:45.246+0600][21.017s][info][gc          ] GC(27) Pause Final Mark (unload classes) 0.577ms
[2026-04-03T01:58:45.246+0600][21.017s][info][gc,start    ] GC(27) Concurrent weak references
[2026-04-03T01:58:45.246+0600][21.017s][info][gc,task     ] GC(27) Using 3 of 6 workers for concurrent weak references
[2026-04-03T01:58:45.246+0600][21.017s][info][gc,ref      ] GC(27) Encountered references: Soft: 3105, Weak: 5681, Final: 82, Phantom: 594
[2026-04-03T01:58:45.246+0600][21.017s][info][gc,ref      ] GC(27) Discovered  references: Soft: 0, Weak: 2863, Final: 64, Phantom: 591
[2026-04-03T01:58:45.246+0600][21.017s][info][gc,ref      ] GC(27) Enqueued    references: Soft: 0, Weak: 0, Final: 0, Phantom: 0
[2026-04-03T01:58:45.246+0600][21.017s][info][gc          ] GC(27) Concurrent weak references 0.604ms
[2026-04-03T01:58:45.246+0600][21.017s][info][gc,start    ] GC(27) Concurrent weak roots
[2026-04-03T01:58:45.246+0600][21.017s][info][gc,task     ] GC(27) Using 3 of 6 workers for concurrent weak root
[2026-04-03T01:58:45.248+0600][21.019s][info][gc          ] GC(27) Concurrent weak roots 1.647ms
[2026-04-03T01:58:45.248+0600][21.019s][info][gc,start    ] GC(27) Concurrent cleanup
[2026-04-03T01:58:45.249+0600][21.020s][info][gc          ] GC(27) Concurrent cleanup 379M->289M(433M) 0.561ms
[2026-04-03T01:58:45.249+0600][21.020s][info][gc,ergo     ] GC(27) Free: 659M, Max: 256K regular, 357M humongous, Frag: 46% external, 0% internal; Reserve: 51200K, Max: 256K
[2026-04-03T01:58:45.249+0600][21.020s][info][gc,start    ] GC(27) Concurrent class unloading
[2026-04-03T01:58:45.249+0600][21.020s][info][gc,task     ] GC(27) Using 3 of 6 workers for concurrent class unloading
[2026-04-03T01:58:45.252+0600][21.023s][info][gc          ] GC(27) Concurrent class unloading 3.701ms
[2026-04-03T01:58:45.252+0600][21.024s][info][gc,start    ] GC(27) Pause Final Roots
[2026-04-03T01:58:45.252+0600][21.024s][info][gc          ] GC(27) Pause Final Roots 0.025ms
[2026-04-03T01:58:45.252+0600][21.024s][info][gc,ergo     ] Free: 650M, Max: 256K regular, 357M humongous, Frag: 46% external, 0% internal; Reserve: 51200K, Max: 256K
[2026-04-03T01:58:45.252+0600][21.024s][info][gc,stats    ] 
[2026-04-03T01:58:45.252+0600][21.024s][info][gc,stats    ] All times are wall-clock times, except per-root-class counters, that are sum over
[2026-04-03T01:58:45.252+0600][21.024s][info][gc,stats    ] all workers. Dividing the <total> over the root stage time estimates parallelism.
[2026-04-03T01:58:45.252+0600][21.024s][info][gc,stats    ] 
[2026-04-03T01:58:45.253+0600][21.024s][info][gc,stats    ] Concurrent Reset                   1044 us
[2026-04-03T01:58:45.253+0600][21.024s][info][gc,stats    ] Pause Init Mark (G)                 273 us
[2026-04-03T01:58:45.253+0600][21.024s][info][gc,stats    ] Pause Init Mark (N)                 113 us
[2026-04-03T01:58:45.253+0600][21.024s][info][gc,stats    ]   Update Region States               32 us
[2026-04-03T01:58:45.253+0600][21.024s][info][gc,stats    ] Concurrent Mark Roots               600 us, parallelism: 1.83x
[2026-04-03T01:58:45.253+0600][21.024s][info][gc,stats    ]   CMR: <total>                     1097 us
[2026-04-03T01:58:45.253+0600][21.024s][info][gc,stats    ]   CMR: Thread Roots                 925 us, workers (us): 364, 226, 336, ---, ---, ---, 
[2026-04-03T01:58:45.253+0600][21.024s][info][gc,stats    ]   CMR: VM Strong Roots               28 us, workers (us):  18,  10,   1, ---, ---, ---, 
[2026-04-03T01:58:45.253+0600][21.024s][info][gc,stats    ]   CMR: CLDG Roots                   144 us, workers (us): ---, 144, ---, ---, ---, ---, 
[2026-04-03T01:58:45.253+0600][21.024s][info][gc,stats    ] Concurrent Marking                70284 us
[2026-04-03T01:58:45.253+0600][21.024s][info][gc,stats    ] Pause Final Mark (G)                827 us
[2026-04-03T01:58:45.253+0600][21.024s][info][gc,stats    ] Pause Final Mark (N)                589 us
[2026-04-03T01:58:45.253+0600][21.024s][info][gc,stats    ]   Finish Mark                       346 us
[2026-04-03T01:58:45.253+0600][21.024s][info][gc,stats    ]   Update Region States               51 us
[2026-04-03T01:58:45.253+0600][21.024s][info][gc,stats    ]   Choose Collection Set              83 us
[2026-04-03T01:58:45.253+0600][21.024s][info][gc,stats    ]   Rebuild Free Set                   38 us
[2026-04-03T01:58:45.253+0600][21.024s][info][gc,stats    ] Concurrent Weak References          612 us, parallelism: 0.71x
[2026-04-03T01:58:45.253+0600][21.024s][info][gc,stats    ]   CWRF: <total>                     435 us
[2026-04-03T01:58:45.253+0600][21.024s][info][gc,stats    ]   CWRF: Weak References             435 us, workers (us): 148, 286,   1, ---, ---, ---, 
[2026-04-03T01:58:45.253+0600][21.024s][info][gc,stats    ] Concurrent Weak Roots              1687 us
[2026-04-03T01:58:45.253+0600][21.024s][info][gc,stats    ]   Roots                            1481 us, parallelism: 2.27x
[2026-04-03T01:58:45.253+0600][21.024s][info][gc,stats    ]     CWR: <total>                   3356 us
[2026-04-03T01:58:45.253+0600][21.024s][info][gc,stats    ]     CWR: Code Cache Roots          2028 us, workers (us): 676, 651, 701, ---, ---, ---, 
[2026-04-03T01:58:45.253+0600][21.024s][info][gc,stats    ]     CWR: VM Weak Roots             1286 us, workers (us): 472, 378, 436, ---, ---, ---, 
[2026-04-03T01:58:45.253+0600][21.024s][info][gc,stats    ]     CWR: CLDG Roots                  41 us, workers (us): ---,  41, ---, ---, ---, ---, 
[2026-04-03T01:58:45.253+0600][21.024s][info][gc,stats    ]   Rendezvous                        148 us
[2026-04-03T01:58:45.253+0600][21.024s][info][gc,stats    ] Concurrent Cleanup                  573 us
[2026-04-03T01:58:45.253+0600][21.024s][info][gc,stats    ] Concurrent Class Unloading         3750 us
[2026-04-03T01:58:45.253+0600][21.024s][info][gc,stats    ]   Unlink Stale                     3510 us
[2026-04-03T01:58:45.253+0600][21.024s][info][gc,stats    ]     System Dictionary                46 us
[2026-04-03T01:58:45.253+0600][21.024s][info][gc,stats    ]     Weak Class Links                  0 us
[2026-04-03T01:58:45.253+0600][21.024s][info][gc,stats    ]     Code Roots                     3462 us
[2026-04-03T01:58:45.253+0600][21.024s][info][gc,stats    ]   Rendezvous                        163 us
[2026-04-03T01:58:45.253+0600][21.024s][info][gc,stats    ]   Purge Unlinked                      9 us
[2026-04-03T01:58:45.253+0600][21.024s][info][gc,stats    ]     Code Roots                        3 us
[2026-04-03T01:58:45.253+0600][21.024s][info][gc,stats    ]     CLDG                              6 us
[2026-04-03T01:58:45.253+0600][21.024s][info][gc,stats    ]     Exception Caches                  0 us
[2026-04-03T01:58:45.253+0600][21.024s][info][gc,stats    ] Pause Final Roots (G)                82 us
[2026-04-03T01:58:45.253+0600][21.024s][info][gc,stats    ] Pause Final Roots (N)                33 us
[2026-04-03T01:58:45.253+0600][21.024s][info][gc,stats    ] Pacing                            22648 us
[2026-04-03T01:58:45.253+0600][21.024s][info][gc,stats    ] 
[2026-04-03T01:58:45.253+0600][21.024s][info][gc,stats    ] Allocation pacing accrued:
[2026-04-03T01:58:45.253+0600][21.024s][info][gc,stats    ]      11 of    81 ms ( 13.8%): Executor task launch worker for task 0.0 in stage 7.0 (TID 11)
[2026-04-03T01:58:45.253+0600][21.024s][info][gc,stats    ]      11 of    81 ms ( 14.0%): Executor task launch worker for task 1.0 in stage 7.0 (TID 12)
[2026-04-03T01:58:45.253+0600][21.024s][info][gc,stats    ]      23 of    81 ms ( 27.8%): <total>
[2026-04-03T01:58:45.253+0600][21.024s][info][gc,stats    ]       0 of    81 ms (  0.3%): <average total>
[2026-04-03T01:58:45.253+0600][21.024s][info][gc,stats    ]      11 of    81 ms ( 13.9%): <average non-zero>
[2026-04-03T01:58:45.253+0600][21.024s][info][gc,stats    ] 
[2026-04-03T01:58:45.253+0600][21.024s][info][gc,metaspace] Metaspace: 66448K(67200K)->66448K(67200K) NonClass: 58050K(58432K)->58050K(58432K) Class: 8398K(8768K)->8398K(8768K)
[2026-04-03T01:58:45.253+0600][21.024s][info][gc,ergo     ] Pacer for Idle. Initial: 20480K, Alloc Tax Rate: 1.0x
[2026-04-03T01:58:45.254+0600][21.025s][info][gc          ] Trigger: Learning 5 of 5. Free (647M) is below initial threshold (700M)
[2026-04-03T01:58:45.254+0600][21.025s][info][gc,ergo     ] Free: 647M, Max: 256K regular, 357M humongous, Frag: 45% external, 0% internal; Reserve: 51200K, Max: 256K
[2026-04-03T01:58:45.254+0600][21.025s][info][gc,start    ] GC(28) Concurrent reset
[2026-04-03T01:58:45.254+0600][21.025s][info][gc,task     ] GC(28) Using 3 of 6 workers for concurrent reset
[2026-04-03T01:58:45.254+0600][21.025s][info][gc,ergo     ] GC(28) Pacer for Reset. Non-Taxable: 1000M
[2026-04-03T01:58:45.255+0600][21.026s][info][gc          ] GC(28) Concurrent reset 0.966ms
[2026-04-03T01:58:45.255+0600][21.026s][info][gc,start    ] GC(28) Pause Init Mark (unload classes)
[2026-04-03T01:58:45.255+0600][21.026s][info][gc,task     ] GC(28) Using 6 of 6 workers for init marking
[2026-04-03T01:58:45.255+0600][21.026s][info][gc,ergo     ] GC(28) Pacer for Mark. Expected Live: 172M, Free: 646M, Non-Taxable: 66154K, Alloc Tax Rate: 0.3x
[2026-04-03T01:58:45.255+0600][21.026s][info][gc          ] GC(28) Pause Init Mark (unload classes) 0.100ms
[2026-04-03T01:58:45.255+0600][21.026s][info][gc,start    ] GC(28) Concurrent marking roots
[2026-04-03T01:58:45.255+0600][21.026s][info][gc,task     ] GC(28) Using 3 of 6 workers for concurrent marking roots
[2026-04-03T01:58:45.256+0600][21.027s][info][gc          ] GC(28) Concurrent marking roots 0.743ms
[2026-04-03T01:58:45.256+0600][21.027s][info][gc,start    ] GC(28) Concurrent marking (unload classes)
[2026-04-03T01:58:45.256+0600][21.027s][info][gc,task     ] GC(28) Using 3 of 6 workers for concurrent marking
[2026-04-03T01:58:45.334+0600][21.105s][info][gc          ] GC(28) Concurrent marking (unload classes) 77.539ms
[2026-04-03T01:58:45.334+0600][21.105s][info][gc,start    ] GC(28) Pause Final Mark (unload classes)
[2026-04-03T01:58:45.334+0600][21.105s][info][gc,task     ] GC(28) Using 6 of 6 workers for final marking
[2026-04-03T01:58:45.334+0600][21.105s][info][gc,ergo     ] GC(28) Collectable Garbage: 122M (94%), Immediate: 122M (94%), CSet: 0B (0%)
[2026-04-03T01:58:45.334+0600][21.105s][info][gc          ] GC(28) Pause Final Mark (unload classes) 0.604ms
[2026-04-03T01:58:45.334+0600][21.106s][info][gc,start    ] GC(28) Concurrent weak references
[2026-04-03T01:58:45.334+0600][21.106s][info][gc,task     ] GC(28) Using 3 of 6 workers for concurrent weak references
[2026-04-03T01:58:45.335+0600][21.106s][info][gc,ref      ] GC(28) Encountered references: Soft: 3105, Weak: 5681, Final: 82, Phantom: 594
[2026-04-03T01:58:45.335+0600][21.106s][info][gc,ref      ] GC(28) Discovered  references: Soft: 0, Weak: 359, Final: 0, Phantom: 591
[2026-04-03T01:58:45.335+0600][21.106s][info][gc,ref      ] GC(28) Enqueued    references: Soft: 0, Weak: 0, Final: 0, Phantom: 0
[2026-04-03T01:58:45.335+0600][21.106s][info][gc          ] GC(28) Concurrent weak references 0.233ms
[2026-04-03T01:58:45.335+0600][21.106s][info][gc,start    ] GC(28) Concurrent weak roots
[2026-04-03T01:58:45.335+0600][21.106s][info][gc,task     ] GC(28) Using 3 of 6 workers for concurrent weak root
[2026-04-03T01:58:45.337+0600][21.108s][info][gc          ] GC(28) Concurrent weak roots 2.088ms
[2026-04-03T01:58:45.337+0600][21.108s][info][gc,start    ] GC(28) Concurrent cleanup
[2026-04-03T01:58:45.337+0600][21.109s][info][gc          ] GC(28) Concurrent cleanup 403M->281M(433M) 0.573ms
[2026-04-03T01:58:45.337+0600][21.109s][info][gc,ergo     ] GC(28) Free: 667M, Max: 256K regular, 357M humongous, Frag: 47% external, 0% internal; Reserve: 51200K, Max: 256K
[2026-04-03T01:58:45.337+0600][21.109s][info][gc,start    ] GC(28) Concurrent class unloading
[2026-04-03T01:58:45.337+0600][21.109s][info][gc,task     ] GC(28) Using 3 of 6 workers for concurrent class unloading
[2026-04-03T01:58:45.341+0600][21.112s][info][gc          ] GC(28) Concurrent class unloading 3.764ms
[2026-04-03T01:58:45.341+0600][21.113s][info][gc,start    ] GC(28) Pause Final Roots
[2026-04-03T01:58:45.341+0600][21.113s][info][gc          ] GC(28) Pause Final Roots 0.046ms
[2026-04-03T01:58:45.342+0600][21.113s][info][gc,ergo     ] Free: 660M, Max: 256K regular, 357M humongous, Frag: 46% external, 0% internal; Reserve: 51200K, Max: 256K
[2026-04-03T01:58:45.342+0600][21.113s][info][gc,stats    ] 
[2026-04-03T01:58:45.342+0600][21.113s][info][gc,stats    ] All times are wall-clock times, except per-root-class counters, that are sum over
[2026-04-03T01:58:45.342+0600][21.113s][info][gc,stats    ] all workers. Dividing the <total> over the root stage time estimates parallelism.
[2026-04-03T01:58:45.342+0600][21.113s][info][gc,stats    ] 
[2026-04-03T01:58:45.342+0600][21.113s][info][gc,stats    ] Concurrent Reset                   1010 us
[2026-04-03T01:58:45.342+0600][21.113s][info][gc,stats    ] Pause Init Mark (G)                 249 us
[2026-04-03T01:58:45.342+0600][21.113s][info][gc,stats    ] Pause Init Mark (N)                 109 us
[2026-04-03T01:58:45.342+0600][21.113s][info][gc,stats    ]   Update Region States               52 us
[2026-04-03T01:58:45.342+0600][21.113s][info][gc,stats    ] Concurrent Mark Roots               780 us, parallelism: 1.40x
[2026-04-03T01:58:45.342+0600][21.113s][info][gc,stats    ]   CMR: <total>                     1096 us
[2026-04-03T01:58:45.342+0600][21.113s][info][gc,stats    ]   CMR: Thread Roots                 849 us, workers (us): 161, 358, 330, ---, ---, ---, 
[2026-04-03T01:58:45.342+0600][21.113s][info][gc,stats    ]   CMR: VM Strong Roots               53 us, workers (us):  29,  24,   1, ---, ---, ---, 
[2026-04-03T01:58:45.342+0600][21.113s][info][gc,stats    ]   CMR: CLDG Roots                   193 us, workers (us): 193, ---, ---, ---, ---, ---, 
[2026-04-03T01:58:45.342+0600][21.113s][info][gc,stats    ] Concurrent Marking                77605 us
[2026-04-03T01:58:45.342+0600][21.113s][info][gc,stats    ] Pause Final Mark (G)                754 us
[2026-04-03T01:58:45.342+0600][21.113s][info][gc,stats    ] Pause Final Mark (N)                617 us
[2026-04-03T01:58:45.342+0600][21.113s][info][gc,stats    ]   Finish Mark                       327 us
[2026-04-03T01:58:45.342+0600][21.113s][info][gc,stats    ]   Update Region States               56 us
[2026-04-03T01:58:45.342+0600][21.113s][info][gc,stats    ]   Choose Collection Set             117 us
[2026-04-03T01:58:45.342+0600][21.113s][info][gc,stats    ]   Rebuild Free Set                   41 us
[2026-04-03T01:58:45.342+0600][21.113s][info][gc,stats    ] Concurrent Weak References          242 us, parallelism: 0.34x
[2026-04-03T01:58:45.342+0600][21.113s][info][gc,stats    ]   CWRF: <total>                      83 us
[2026-04-03T01:58:45.342+0600][21.113s][info][gc,stats    ]   CWRF: Weak References              83 us, workers (us):  82,   1,   0, ---, ---, ---, 
[2026-04-03T01:58:45.342+0600][21.113s][info][gc,stats    ] Concurrent Weak Roots              2152 us
[2026-04-03T01:58:45.342+0600][21.113s][info][gc,stats    ]   Roots                            1820 us, parallelism: 2.58x
[2026-04-03T01:58:45.342+0600][21.113s][info][gc,stats    ]     CWR: <total>                   4687 us
[2026-04-03T01:58:45.342+0600][21.113s][info][gc,stats    ]     CWR: Code Cache Roots          3387 us, workers (us): 1116, 1092, 1178, ---, ---, ---, 
[2026-04-03T01:58:45.342+0600][21.113s][info][gc,stats    ]     CWR: VM Weak Roots             1219 us, workers (us): 436, 404, 380, ---, ---, ---, 
[2026-04-03T01:58:45.342+0600][21.113s][info][gc,stats    ]     CWR: CLDG Roots                  81 us, workers (us): ---,  81, ---, ---, ---, ---, 
[2026-04-03T01:58:45.342+0600][21.113s][info][gc,stats    ]   Rendezvous                        225 us
[2026-04-03T01:58:45.342+0600][21.113s][info][gc,stats    ] Concurrent Cleanup                  585 us
[2026-04-03T01:58:45.342+0600][21.113s][info][gc,stats    ] Concurrent Class Unloading         3830 us
[2026-04-03T01:58:45.342+0600][21.113s][info][gc,stats    ]   Unlink Stale                     3568 us
[2026-04-03T01:58:45.342+0600][21.113s][info][gc,stats    ]     System Dictionary                61 us
[2026-04-03T01:58:45.342+0600][21.113s][info][gc,stats    ]     Weak Class Links                  0 us
[2026-04-03T01:58:45.342+0600][21.113s][info][gc,stats    ]     Code Roots                     3503 us
[2026-04-03T01:58:45.342+0600][21.113s][info][gc,stats    ]   Rendezvous                        164 us
[2026-04-03T01:58:45.342+0600][21.113s][info][gc,stats    ]   Purge Unlinked                     11 us
[2026-04-03T01:58:45.342+0600][21.113s][info][gc,stats    ]     Code Roots                        3 us
[2026-04-03T01:58:45.342+0600][21.113s][info][gc,stats    ]     CLDG                              7 us
[2026-04-03T01:58:45.342+0600][21.113s][info][gc,stats    ]     Exception Caches                  1 us
[2026-04-03T01:58:45.342+0600][21.113s][info][gc,stats    ] Pause Final Roots (G)               241 us
[2026-04-03T01:58:45.342+0600][21.113s][info][gc,stats    ] Pause Final Roots (N)                58 us
[2026-04-03T01:58:45.342+0600][21.113s][info][gc,stats    ] Pacing                            35651 us
[2026-04-03T01:58:45.342+0600][21.113s][info][gc,stats    ] 
[2026-04-03T01:58:45.342+0600][21.113s][info][gc,stats    ] Allocation pacing accrued:
[2026-04-03T01:58:45.342+0600][21.113s][info][gc,stats    ]      18 of    89 ms ( 19.8%): Executor task launch worker for task 0.0 in stage 7.0 (TID 11)
[2026-04-03T01:58:45.342+0600][21.113s][info][gc,stats    ]      18 of    89 ms ( 20.1%): Executor task launch worker for task 1.0 in stage 7.0 (TID 12)
[2026-04-03T01:58:45.342+0600][21.113s][info][gc,stats    ]      36 of    89 ms ( 39.9%): <total>
[2026-04-03T01:58:45.342+0600][21.113s][info][gc,stats    ]       0 of    89 ms (  0.4%): <average total>
[2026-04-03T01:58:45.342+0600][21.113s][info][gc,stats    ]      18 of    89 ms ( 20.0%): <average non-zero>
[2026-04-03T01:58:45.342+0600][21.113s][info][gc,stats    ] 
[2026-04-03T01:58:45.342+0600][21.113s][info][gc,metaspace] Metaspace: 66448K(67200K)->66448K(67200K) NonClass: 58050K(58432K)->58050K(58432K) Class: 8398K(8768K)->8398K(8768K)
[2026-04-03T01:58:45.342+0600][21.113s][info][gc,ergo     ] Pacer for Idle. Initial: 20480K, Alloc Tax Rate: 1.0x
[2026-04-03T01:58:45.647+0600][21.418s][info][gc          ] Trigger: Average GC time (128.44 ms) is above the time for average allocation rate (1347 MB/s) to deplete free headroom (172M) (margin of error = 1.96)
[2026-04-03T01:58:45.647+0600][21.418s][info][gc,ergo     ] Free headroom: 222M (free) - 51200K (spike) - 0B (penalties) = 172M
[2026-04-03T01:58:45.647+0600][21.418s][info][gc,ergo     ] Free: 222M, Max: 256K regular, 222M humongous, Frag: 0% external, 0% internal; Reserve: 51200K, Max: 256K
[2026-04-03T01:58:45.647+0600][21.418s][info][gc,start    ] GC(29) Concurrent reset
[2026-04-03T01:58:45.647+0600][21.418s][info][gc,task     ] GC(29) Using 3 of 6 workers for concurrent reset
[2026-04-03T01:58:45.647+0600][21.418s][info][gc,ergo     ] GC(29) Pacer for Reset. Non-Taxable: 1000M
[2026-04-03T01:58:45.648+0600][21.419s][info][gc          ] GC(29) Concurrent reset 0.996ms
[2026-04-03T01:58:45.648+0600][21.419s][info][gc,start    ] GC(29) Pause Init Mark (unload classes)
[2026-04-03T01:58:45.648+0600][21.420s][info][gc,task     ] GC(29) Using 6 of 6 workers for init marking
[2026-04-03T01:58:45.648+0600][21.420s][info][gc,ergo     ] GC(29) Pacer for Mark. Expected Live: 172M, Free: 220M, Non-Taxable: 22609K, Alloc Tax Rate: 1.0x
[2026-04-03T01:58:45.648+0600][21.420s][info][gc          ] GC(29) Pause Init Mark (unload classes) 0.150ms
[2026-04-03T01:58:45.648+0600][21.420s][info][gc,start    ] GC(29) Concurrent marking roots
[2026-04-03T01:58:45.648+0600][21.420s][info][gc,task     ] GC(29) Using 3 of 6 workers for concurrent marking roots
[2026-04-03T01:58:45.649+0600][21.420s][info][gc          ] GC(29) Concurrent marking roots 0.689ms
[2026-04-03T01:58:45.649+0600][21.420s][info][gc,start    ] GC(29) Concurrent marking (unload classes)
[2026-04-03T01:58:45.649+0600][21.420s][info][gc,task     ] GC(29) Using 3 of 6 workers for concurrent marking
[2026-04-03T01:58:45.715+0600][21.486s][info][gc          ] GC(29) Concurrent marking (unload classes) 66.067ms
[2026-04-03T01:58:45.715+0600][21.487s][info][gc,start    ] GC(29) Pause Final Mark (unload classes)
[2026-04-03T01:58:45.715+0600][21.487s][info][gc,task     ] GC(29) Using 6 of 6 workers for final marking
[2026-04-03T01:58:45.716+0600][21.487s][info][gc,ergo     ] GC(29) Collectable Garbage: 548M (98%), Immediate: 548M (98%), CSet: 0B (0%)
[2026-04-03T01:58:45.716+0600][21.487s][info][gc          ] GC(29) Pause Final Mark (unload classes) 0.490ms
[2026-04-03T01:58:45.716+0600][21.487s][info][gc,start    ] GC(29) Concurrent weak references
[2026-04-03T01:58:45.716+0600][21.487s][info][gc,task     ] GC(29) Using 3 of 6 workers for concurrent weak references
[2026-04-03T01:58:45.716+0600][21.488s][info][gc,ref      ] GC(29) Encountered references: Soft: 3105, Weak: 5681, Final: 82, Phantom: 594
[2026-04-03T01:58:45.716+0600][21.488s][info][gc,ref      ] GC(29) Discovered  references: Soft: 0, Weak: 1094, Final: 0, Phantom: 591
[2026-04-03T01:58:45.716+0600][21.488s][info][gc,ref      ] GC(29) Enqueued    references: Soft: 0, Weak: 0, Final: 0, Phantom: 0
[2026-04-03T01:58:45.716+0600][21.488s][info][gc          ] GC(29) Concurrent weak references 0.376ms
[2026-04-03T01:58:45.716+0600][21.488s][info][gc,start    ] GC(29) Concurrent weak roots
[2026-04-03T01:58:45.717+0600][21.488s][info][gc,task     ] GC(29) Using 3 of 6 workers for concurrent weak root
[2026-04-03T01:58:45.718+0600][21.489s][info][gc          ] GC(29) Concurrent weak roots 1.768ms
[2026-04-03T01:58:45.718+0600][21.490s][info][gc,start    ] GC(29) Concurrent cleanup
[2026-04-03T01:58:45.719+0600][21.490s][info][gc          ] GC(29) Concurrent cleanup 764M->217M(768M) 0.547ms
[2026-04-03T01:58:45.719+0600][21.490s][info][gc,ergo     ] GC(29) Free: 730M, Max: 256K regular, 183M humongous, Frag: 75% external, 0% internal; Reserve: 51200K, Max: 256K
[2026-04-03T01:58:45.719+0600][21.490s][info][gc,start    ] GC(29) Concurrent class unloading
[2026-04-03T01:58:45.719+0600][21.490s][info][gc,task     ] GC(29) Using 3 of 6 workers for concurrent class unloading
[2026-04-03T01:58:45.722+0600][21.494s][info][gc          ] GC(29) Concurrent class unloading 3.521ms
[2026-04-03T01:58:45.723+0600][21.494s][info][gc,start    ] GC(29) Pause Final Roots
[2026-04-03T01:58:45.723+0600][21.494s][info][gc          ] GC(29) Pause Final Roots 0.047ms
[2026-04-03T01:58:45.723+0600][21.494s][info][gc,ergo     ] Free: 724M, Max: 256K regular, 183M humongous, Frag: 75% external, 0% internal; Reserve: 51200K, Max: 256K
[2026-04-03T01:58:45.723+0600][21.494s][info][gc,stats    ] 
[2026-04-03T01:58:45.723+0600][21.494s][info][gc,stats    ] All times are wall-clock times, except per-root-class counters, that are sum over
[2026-04-03T01:58:45.723+0600][21.494s][info][gc,stats    ] all workers. Dividing the <total> over the root stage time estimates parallelism.
[2026-04-03T01:58:45.723+0600][21.494s][info][gc,stats    ] 
[2026-04-03T01:58:45.723+0600][21.494s][info][gc,stats    ] Concurrent Reset                   1065 us
[2026-04-03T01:58:45.723+0600][21.494s][info][gc,stats    ] Pause Init Mark (G)                 412 us
[2026-04-03T01:58:45.723+0600][21.494s][info][gc,stats    ] Pause Init Mark (N)                 157 us
[2026-04-03T01:58:45.723+0600][21.494s][info][gc,stats    ]   Update Region States               43 us
[2026-04-03T01:58:45.723+0600][21.494s][info][gc,stats    ] Concurrent Mark Roots               719 us, parallelism: 1.43x
[2026-04-03T01:58:45.723+0600][21.494s][info][gc,stats    ]   CMR: <total>                     1029 us
[2026-04-03T01:58:45.723+0600][21.494s][info][gc,stats    ]   CMR: Thread Roots                 859 us, workers (us): 338, 201, 320, ---, ---, ---, 
[2026-04-03T01:58:45.723+0600][21.494s][info][gc,stats    ]   CMR: VM Strong Roots               27 us, workers (us):  21,   5,   0, ---, ---, ---, 
[2026-04-03T01:58:45.723+0600][21.494s][info][gc,stats    ]   CMR: CLDG Roots                   144 us, workers (us): ---, 144, ---, ---, ---, ---, 
[2026-04-03T01:58:45.723+0600][21.494s][info][gc,stats    ] Concurrent Marking                66133 us
[2026-04-03T01:58:45.723+0600][21.494s][info][gc,stats    ] Pause Final Mark (G)                796 us
[2026-04-03T01:58:45.723+0600][21.494s][info][gc,stats    ] Pause Final Mark (N)                503 us
[2026-04-03T01:58:45.723+0600][21.494s][info][gc,stats    ]   Finish Mark                       229 us
[2026-04-03T01:58:45.723+0600][21.494s][info][gc,stats    ]   Update Region States               50 us
[2026-04-03T01:58:45.723+0600][21.494s][info][gc,stats    ]   Choose Collection Set              95 us
[2026-04-03T01:58:45.723+0600][21.494s][info][gc,stats    ]   Rebuild Free Set                   36 us
[2026-04-03T01:58:45.723+0600][21.494s][info][gc,stats    ] Concurrent Weak References          387 us, parallelism: 0.54x
[2026-04-03T01:58:45.723+0600][21.494s][info][gc,stats    ]   CWRF: <total>                     208 us
[2026-04-03T01:58:45.723+0600][21.494s][info][gc,stats    ]   CWRF: Weak References             208 us, workers (us):  60, 147,   1, ---, ---, ---, 
[2026-04-03T01:58:45.723+0600][21.494s][info][gc,stats    ] Concurrent Weak Roots              1816 us
[2026-04-03T01:58:45.723+0600][21.494s][info][gc,stats    ]   Roots                            1508 us, parallelism: 2.38x
[2026-04-03T01:58:45.723+0600][21.494s][info][gc,stats    ]     CWR: <total>                   3590 us
[2026-04-03T01:58:45.723+0600][21.494s][info][gc,stats    ]     CWR: Code Cache Roots          2471 us, workers (us): 776, 817, 877, ---, ---, ---, 
[2026-04-03T01:58:45.723+0600][21.494s][info][gc,stats    ]     CWR: VM Weak Roots             1086 us, workers (us): 409, 356, 321, ---, ---, ---, 
[2026-04-03T01:58:45.723+0600][21.494s][info][gc,stats    ]     CWR: CLDG Roots                  34 us, workers (us):  34, ---, ---, ---, ---, ---, 
[2026-04-03T01:58:45.723+0600][21.494s][info][gc,stats    ]   Rendezvous                        235 us
[2026-04-03T01:58:45.723+0600][21.494s][info][gc,stats    ] Concurrent Cleanup                  568 us
[2026-04-03T01:58:45.723+0600][21.494s][info][gc,stats    ] Concurrent Class Unloading         3574 us
[2026-04-03T01:58:45.723+0600][21.494s][info][gc,stats    ]   Unlink Stale                     3244 us
[2026-04-03T01:58:45.723+0600][21.494s][info][gc,stats    ]     System Dictionary                71 us
[2026-04-03T01:58:45.723+0600][21.494s][info][gc,stats    ]     Weak Class Links                  0 us
[2026-04-03T01:58:45.723+0600][21.494s][info][gc,stats    ]     Code Roots                     3169 us
[2026-04-03T01:58:45.723+0600][21.494s][info][gc,stats    ]   Rendezvous                        237 us
[2026-04-03T01:58:45.723+0600][21.494s][info][gc,stats    ]   Purge Unlinked                     13 us
[2026-04-03T01:58:45.723+0600][21.494s][info][gc,stats    ]     Code Roots                        4 us
[2026-04-03T01:58:45.723+0600][21.494s][info][gc,stats    ]     CLDG                              9 us
[2026-04-03T01:58:45.723+0600][21.494s][info][gc,stats    ]     Exception Caches                  0 us
[2026-04-03T01:58:45.723+0600][21.494s][info][gc,stats    ] Pause Final Roots (G)               252 us
[2026-04-03T01:58:45.723+0600][21.494s][info][gc,stats    ] Pause Final Roots (N)                80 us
[2026-04-03T01:58:45.723+0600][21.494s][info][gc,stats    ] Pacing                            72158 us
[2026-04-03T01:58:45.723+0600][21.494s][info][gc,stats    ] 
[2026-04-03T01:58:45.723+0600][21.494s][info][gc,stats    ] Allocation pacing accrued:
[2026-04-03T01:58:45.723+0600][21.494s][info][gc,stats    ]       7 of   381 ms (  1.9%): Spark Context Cleaner
[2026-04-03T01:58:45.723+0600][21.494s][info][gc,stats    ]      32 of   381 ms (  8.5%): Executor task launch worker for task 0.0 in stage 7.0 (TID 11)
[2026-04-03T01:58:45.723+0600][21.494s][info][gc,stats    ]      33 of   381 ms (  8.6%): Executor task launch worker for task 1.0 in stage 7.0 (TID 12)
[2026-04-03T01:58:45.723+0600][21.494s][info][gc,stats    ]      72 of   381 ms ( 18.9%): <total>
[2026-04-03T01:58:45.723+0600][21.494s][info][gc,stats    ]       1 of   381 ms (  0.2%): <average total>
[2026-04-03T01:58:45.723+0600][21.494s][info][gc,stats    ]      24 of   381 ms (  6.3%): <average non-zero>
[2026-04-03T01:58:45.723+0600][21.494s][info][gc,stats    ] 
[2026-04-03T01:58:45.723+0600][21.494s][info][gc,metaspace] Metaspace: 66448K(67200K)->66448K(67200K) NonClass: 58050K(58432K)->58050K(58432K) Class: 8398K(8768K)->8398K(8768K)
[2026-04-03T01:58:45.723+0600][21.494s][info][gc,ergo     ] Pacer for Idle. Initial: 20480K, Alloc Tax Rate: 1.0x
[2026-04-03T01:58:46.684+0600][22.455s][info][gc          ] Cancelling GC: Stopping VM
[2026-04-03T01:58:46.684+0600][22.455s][info][gc,heap,exit] Heap
[2026-04-03T01:58:46.684+0600][22.456s][info][gc,heap,exit] Shenandoah Heap
[2026-04-03T01:58:46.684+0600][22.456s][info][gc,heap,exit]  1000M max, 1000M soft max, 768M committed, 649M used
[2026-04-03T01:58:46.684+0600][22.456s][info][gc,heap,exit]  4000 x 256K regions
[2026-04-03T01:58:46.684+0600][22.456s][info][gc,heap,exit] Status: cancelled
[2026-04-03T01:58:46.684+0600][22.456s][info][gc,heap,exit] Reserved region:
[2026-04-03T01:58:46.684+0600][22.456s][info][gc,heap,exit]  - [0x00000000c1800000, 0x0000000100000000) 
[2026-04-03T01:58:46.684+0600][22.456s][info][gc,heap,exit] Collection set:
[2026-04-03T01:58:46.684+0600][22.456s][info][gc,heap,exit]  - map (vanilla): 0x0000000000013060
[2026-04-03T01:58:46.684+0600][22.456s][info][gc,heap,exit]  - map (biased):  0x0000000000010000
[2026-04-03T01:58:46.684+0600][22.456s][info][gc,heap,exit] 
[2026-04-03T01:58:46.684+0600][22.456s][info][gc,heap,exit]  Metaspace       used 67011K, committed 67904K, reserved 1114112K
[2026-04-03T01:58:46.684+0600][22.456s][info][gc,heap,exit]   class space    used 8496K, committed 8896K, reserved 1048576K
[2026-04-03T01:58:46.684+0600][22.456s][info][gc,stats    ] 
[2026-04-03T01:58:46.684+0600][22.456s][info][gc,stats    ] GC STATISTICS:
[2026-04-03T01:58:46.684+0600][22.456s][info][gc,stats    ]   "(G)" (gross) pauses include VM time: time to notify and block threads, do the pre-
[2026-04-03T01:58:46.684+0600][22.456s][info][gc,stats    ]         and post-safepoint housekeeping. Use -Xlog:safepoint+stats to dissect.
[2026-04-03T01:58:46.684+0600][22.456s][info][gc,stats    ]   "(N)" (net) pauses are the times spent in the actual GC code.
[2026-04-03T01:58:46.684+0600][22.456s][info][gc,stats    ]   "a" is average time for each phase, look at levels to see if average makes sense.
[2026-04-03T01:58:46.684+0600][22.456s][info][gc,stats    ]   "lvls" are quantiles: 0% (minimum), 25%, 50% (median), 75%, 100% (maximum).
[2026-04-03T01:58:46.684+0600][22.456s][info][gc,stats    ] 
[2026-04-03T01:58:46.684+0600][22.456s][info][gc,stats    ]   All times are wall-clock times, except per-root-class counters, that are sum over
[2026-04-03T01:58:46.684+0600][22.456s][info][gc,stats    ]   all workers. Dividing the <total> over the root stage time estimates parallelism.
[2026-04-03T01:58:46.684+0600][22.456s][info][gc,stats    ] 
[2026-04-03T01:58:46.684+0600][22.456s][info][gc,stats    ]   Pacing delays are measured from entering the pacing code till exiting it. Therefore,
[2026-04-03T01:58:46.684+0600][22.456s][info][gc,stats    ]   observed pacing delays may be higher than the threshold when paced thread spent more
[2026-04-03T01:58:46.684+0600][22.456s][info][gc,stats    ]   time in the pacing code. It usually happens when thread is de-scheduled while paced,
[2026-04-03T01:58:46.684+0600][22.456s][info][gc,stats    ]   OS takes longer to unblock the thread, or JVM experiences an STW pause.
[2026-04-03T01:58:46.684+0600][22.456s][info][gc,stats    ] 
[2026-04-03T01:58:46.685+0600][22.456s][info][gc,stats    ]   Higher delay would prevent application outpacing the GC, but it will hide the GC latencies
[2026-04-03T01:58:46.685+0600][22.456s][info][gc,stats    ]   from the STW pause times. Pacing affects the individual threads, and so it would also be
[2026-04-03T01:58:46.685+0600][22.456s][info][gc,stats    ]   invisible to the usual profiling tools, but would add up to end-to-end application latency.
[2026-04-03T01:58:46.685+0600][22.456s][info][gc,stats    ]   Raise max pacing delay with care.
[2026-04-03T01:58:46.685+0600][22.456s][info][gc,stats    ] 
[2026-04-03T01:58:46.685+0600][22.456s][info][gc,stats    ] Concurrent Reset               =    0.035 s (a =     1218 us) (n =    29) (lvls, us =      754,      938,      996,     1074,     4162)
[2026-04-03T01:58:46.685+0600][22.456s][info][gc,stats    ] Pause Init Mark (G)            =    0.012 s (a =      431 us) (n =    29) (lvls, us =      248,      326,      381,      430,      950)
[2026-04-03T01:58:46.685+0600][22.456s][info][gc,stats    ] Pause Init Mark (N)            =    0.004 s (a =      145 us) (n =    29) (lvls, us =       93,      107,      115,      131,      548)
[2026-04-03T01:58:46.685+0600][22.456s][info][gc,stats    ]   Update Region States         =    0.001 s (a =       35 us) (n =    29) (lvls, us =       20,       29,       32,       34,       68)
[2026-04-03T01:58:46.685+0600][22.456s][info][gc,stats    ] Concurrent Mark Roots          =    0.024 s (a =      828 us) (n =    29) (lvls, us =      455,      600,      717,      885,     2444)
[2026-04-03T01:58:46.685+0600][22.456s][info][gc,stats    ]   CMR: <total>                 =    0.037 s (a =     1283 us) (n =    29) (lvls, us =      598,      760,     1094,     1523,     2615)
[2026-04-03T01:58:46.685+0600][22.456s][info][gc,stats    ]   CMR: Thread Roots            =    0.029 s (a =     1007 us) (n =    29) (lvls, us =      459,      576,      848,     1250,     2152)
[2026-04-03T01:58:46.685+0600][22.456s][info][gc,stats    ]   CMR: VM Strong Roots         =    0.002 s (a =       59 us) (n =    29) (lvls, us =       11,       21,       27,       53,      457)
[2026-04-03T01:58:46.685+0600][22.456s][info][gc,stats    ]   CMR: CLDG Roots              =    0.006 s (a =      217 us) (n =    29) (lvls, us =      127,      154,      209,      254,      360)
[2026-04-03T01:58:46.685+0600][22.456s][info][gc,stats    ] Concurrent Marking             =    1.594 s (a =    54950 us) (n =    29) (lvls, us =     5293,    29688,    66797,    71680,    91280)
[2026-04-03T01:58:46.685+0600][22.456s][info][gc,stats    ] Pause Final Mark (G)           =    0.028 s (a =      956 us) (n =    29) (lvls, us =      680,      795,      895,     1035,     1581)
[2026-04-03T01:58:46.685+0600][22.456s][info][gc,stats    ] Pause Final Mark (N)           =    0.020 s (a =      705 us) (n =    29) (lvls, us =      389,      566,      625,      781,     1288)
[2026-04-03T01:58:46.685+0600][22.456s][info][gc,stats    ]   Finish Mark                  =    0.008 s (a =      264 us) (n =    29) (lvls, us =      186,      221,      248,      289,      427)
[2026-04-03T01:58:46.685+0600][22.456s][info][gc,stats    ]   Update Region States         =    0.002 s (a =       58 us) (n =    29) (lvls, us =       41,       49,       52,       62,       93)
[2026-04-03T01:58:46.685+0600][22.456s][info][gc,stats    ]   Choose Collection Set        =    0.007 s (a =      234 us) (n =    29) (lvls, us =       49,       96,      195,      285,      803)
[2026-04-03T01:58:46.685+0600][22.456s][info][gc,stats    ]   Rebuild Free Set             =    0.001 s (a =       41 us) (n =    29) (lvls, us =       32,       36,       38,       42,       67)
[2026-04-03T01:58:46.685+0600][22.456s][info][gc,stats    ] Concurrent Thread Roots        =    0.010 s (a =      548 us) (n =    18) (lvls, us =      338,      463,      547,      580,      785)
[2026-04-03T01:58:46.685+0600][22.456s][info][gc,stats    ]   CTR: <total>                 =    0.014 s (a =      777 us) (n =    18) (lvls, us =      152,      533,      764,      924,     1251)
[2026-04-03T01:58:46.685+0600][22.456s][info][gc,stats    ]   CTR: Thread Roots            =    0.014 s (a =      777 us) (n =    18) (lvls, us =      152,      533,      764,      924,     1251)
[2026-04-03T01:58:46.685+0600][22.456s][info][gc,stats    ] Concurrent Weak References     =    0.012 s (a =      413 us) (n =    29) (lvls, us =      238,      270,      375,      461,     1121)
[2026-04-03T01:58:46.685+0600][22.456s][info][gc,stats    ]   CWRF: <total>                =    0.009 s (a =      294 us) (n =    29) (lvls, us =       82,      102,      207,      361,     1334)
[2026-04-03T01:58:46.685+0600][22.456s][info][gc,stats    ]   CWRF: Weak References        =    0.009 s (a =      294 us) (n =    29) (lvls, us =       82,      102,      207,      361,     1334)
[2026-04-03T01:58:46.685+0600][22.456s][info][gc,stats    ] Concurrent Weak Roots          =    0.049 s (a =     1675 us) (n =    29) (lvls, us =      551,     1387,     1680,     1836,     2421)
[2026-04-03T01:58:46.685+0600][22.456s][info][gc,stats    ]   Roots                        =    0.040 s (a =     1394 us) (n =    29) (lvls, us =      451,     1211,     1387,     1562,     2033)
[2026-04-03T01:58:46.685+0600][22.456s][info][gc,stats    ]     CWR: <total>               =    0.097 s (a =     3335 us) (n =    29) (lvls, us =     1074,     2598,     3301,     3848,     5387)
[2026-04-03T01:58:46.685+0600][22.456s][info][gc,stats    ]     CWR: Code Cache Roots      =    0.059 s (a =     2030 us) (n =    29) (lvls, us =      363,     1523,     2012,     2402,     3457)
[2026-04-03T01:58:46.685+0600][22.456s][info][gc,stats    ]     CWR: VM Weak Roots         =    0.036 s (a =     1247 us) (n =    29) (lvls, us =      697,      963,     1113,     1348,     2110)
[2026-04-03T01:58:46.685+0600][22.456s][info][gc,stats    ]     CWR: CLDG Roots            =    0.002 s (a =       58 us) (n =    29) (lvls, us =        5,       30,       59,       81,      105)
[2026-04-03T01:58:46.685+0600][22.456s][info][gc,stats    ]   Rendezvous                   =    0.006 s (a =      204 us) (n =    29) (lvls, us =       44,      143,      182,      223,      853)
[2026-04-03T01:58:46.685+0600][22.456s][info][gc,stats    ] Concurrent Cleanup             =    0.016 s (a =      535 us) (n =    29) (lvls, us =      225,      381,      572,      639,      762)
[2026-04-03T01:58:46.685+0600][22.456s][info][gc,stats    ] Concurrent Class Unloading     =    0.160 s (a =     5514 us) (n =    29) (lvls, us =     1152,     3262,     3574,     4004,    18696)
[2026-04-03T01:58:46.685+0600][22.456s][info][gc,stats    ]   Unlink Stale                 =    0.129 s (a =     4434 us) (n =    29) (lvls, us =      869,     2734,     3242,     3496,    16509)
[2026-04-03T01:58:46.685+0600][22.456s][info][gc,stats    ]     System Dictionary          =    0.002 s (a =       86 us) (n =    29) (lvls, us =       12,       40,       59,       71,      373)
[2026-04-03T01:58:46.685+0600][22.456s][info][gc,stats    ]     Weak Class Links           =    0.034 s (a =     1163 us) (n =    29) (lvls, us =        0,        0,        0,        0,    10833)
[2026-04-03T01:58:46.685+0600][22.456s][info][gc,stats    ]     Code Roots                 =    0.092 s (a =     3182 us) (n =    29) (lvls, us =      855,     2695,     3164,     3438,     5306)
[2026-04-03T01:58:46.685+0600][22.456s][info][gc,stats    ]   Rendezvous                   =    0.019 s (a =      670 us) (n =    29) (lvls, us =       32,      162,      193,      236,    13891)
[2026-04-03T01:58:46.685+0600][22.456s][info][gc,stats    ]   Purge Unlinked               =    0.009 s (a =      323 us) (n =    29) (lvls, us =        7,       12,      121,      320,     1755)
[2026-04-03T01:58:46.685+0600][22.456s][info][gc,stats    ]     Code Roots                 =    0.008 s (a =      280 us) (n =    29) (lvls, us =        3,        3,      115,      260,     1706)
[2026-04-03T01:58:46.685+0600][22.456s][info][gc,stats    ]     CLDG                       =    0.001 s (a =       42 us) (n =    29) (lvls, us =        4,        5,        7,        9,      449)
[2026-04-03T01:58:46.685+0600][22.456s][info][gc,stats    ]     Exception Caches           =    0.000 s (a =        0 us) (n =    29) (lvls, us =        0,        0,        0,        0,        1)
[2026-04-03T01:58:46.685+0600][22.456s][info][gc,stats    ] Concurrent Strong Roots        =    0.014 s (a =      770 us) (n =    18) (lvls, us =      287,      537,      715,      908,     1344)
[2026-04-03T01:58:46.685+0600][22.456s][info][gc,stats    ]   CSR: <total>                 =    0.009 s (a =      514 us) (n =    18) (lvls, us =      166,      295,      461,      613,      979)
[2026-04-03T01:58:46.685+0600][22.456s][info][gc,stats    ]   CSR: VM Strong Roots         =    0.000 s (a =       23 us) (n =    18) (lvls, us =       12,       14,       19,       27,       48)
[2026-04-03T01:58:46.685+0600][22.456s][info][gc,stats    ]   CSR: CLDG Roots              =    0.009 s (a =      492 us) (n =    18) (lvls, us =      152,      277,      447,      578,      948)
[2026-04-03T01:58:46.685+0600][22.456s][info][gc,stats    ] Concurrent Evacuation          =    0.224 s (a =    12448 us) (n =    18) (lvls, us =     1523,     2734,    11523,    15039,    47365)
[2026-04-03T01:58:46.685+0600][22.456s][info][gc,stats    ] Pause Final Roots (G)          =    0.003 s (a =      257 us) (n =    11) (lvls, us =       82,      201,      258,      271,      415)
[2026-04-03T01:58:46.685+0600][22.456s][info][gc,stats    ] Pause Final Roots (N)          =    0.001 s (a =       65 us) (n =    11) (lvls, us =       33,       50,       61,       67,      102)
[2026-04-03T01:58:46.685+0600][22.456s][info][gc,stats    ] Pause Init Update Refs (G)     =    0.006 s (a =      325 us) (n =    18) (lvls, us =      225,      256,      303,      367,      458)
[2026-04-03T01:58:46.685+0600][22.456s][info][gc,stats    ] Pause Init Update Refs (N)     =    0.002 s (a =      102 us) (n =    18) (lvls, us =       59,       80,       94,      125,      144)
[2026-04-03T01:58:46.685+0600][22.456s][info][gc,stats    ]   Manage GCLABs                =    0.000 s (a =       12 us) (n =    18) (lvls, us =        5,       10,       12,       14,       19)
[2026-04-03T01:58:46.685+0600][22.456s][info][gc,stats    ] Concurrent Update Refs         =    0.749 s (a =    41599 us) (n =    18) (lvls, us =     3203,     8320,    33984,    69141,    84449)
[2026-04-03T01:58:46.685+0600][22.456s][info][gc,stats    ] Concurrent Update Thread Roots =    0.035 s (a =     1951 us) (n =    18) (lvls, us =      436,      617,      713,      787,    23179)
[2026-04-03T01:58:46.685+0600][22.456s][info][gc,stats    ] Pause Final Update Refs (G)    =    0.008 s (a =      467 us) (n =    18) (lvls, us =      320,      371,      467,      506,      642)
[2026-04-03T01:58:46.685+0600][22.456s][info][gc,stats    ] Pause Final Update Refs (N)    =    0.004 s (a =      222 us) (n =    18) (lvls, us =      174,      189,      211,      227,      316)
[2026-04-03T01:58:46.685+0600][22.456s][info][gc,stats    ]   Update Region States         =    0.001 s (a =       61 us) (n =    18) (lvls, us =       38,       49,       57,       68,       91)
[2026-04-03T01:58:46.685+0600][22.456s][info][gc,stats    ]   Trash Collection Set         =    0.000 s (a =       22 us) (n =    18) (lvls, us =        8,       12,       18,       24,       66)
[2026-04-03T01:58:46.685+0600][22.456s][info][gc,stats    ]   Rebuild Free Set             =    0.001 s (a =       44 us) (n =    18) (lvls, us =       29,       38,       41,       48,       71)
[2026-04-03T01:58:46.685+0600][22.456s][info][gc,stats    ] Concurrent Cleanup             =    0.011 s (a =      628 us) (n =    18) (lvls, us =      303,      348,      693,      768,      933)
[2026-04-03T01:58:46.685+0600][22.457s][info][gc,stats    ] Pause Degenerated GC (G)       =    0.022 s (a =    21559 us) (n =     1) (lvls, us =    21484,    21484,    21484,    21484,    21559)
[2026-04-03T01:58:46.685+0600][22.457s][info][gc,stats    ] Pause Degenerated GC (N)       =    0.021 s (a =    21181 us) (n =     1) (lvls, us =    21094,    21094,    21094,    21094,    21181)
[2026-04-03T01:58:46.685+0600][22.457s][info][gc,stats    ]   Degen STW Mark               =    0.008 s (a =     7914 us) (n =     1) (lvls, us =     7910,     7910,     7910,     7910,     7914)
[2026-04-03T01:58:46.685+0600][22.457s][info][gc,stats    ]     DSM: <total>               =    0.040 s (a =    40086 us) (n =     1) (lvls, us =    40039,    40039,    40039,    40039,    40086)
[2026-04-03T01:58:46.685+0600][22.457s][info][gc,stats    ]     DSM: Thread Roots          =    0.001 s (a =     1494 us) (n =     1) (lvls, us =     1484,     1484,     1484,     1484,     1494)
[2026-04-03T01:58:46.685+0600][22.457s][info][gc,stats    ]     DSM: VM Strong Roots       =    0.000 s (a =       23 us) (n =     1) (lvls, us =       23,       23,       23,       23,       23)
[2026-04-03T01:58:46.685+0600][22.457s][info][gc,stats    ]     DSM: CLDG Roots            =    0.000 s (a =      337 us) (n =     1) (lvls, us =      336,      336,      336,      336,      337)
[2026-04-03T01:58:46.685+0600][22.457s][info][gc,stats    ]     DSM: Parallel Mark         =    0.038 s (a =    38231 us) (n =     1) (lvls, us =    38086,    38086,    38086,    38086,    38231)
[2026-04-03T01:58:46.685+0600][22.457s][info][gc,stats    ]     System Purge               =    0.009 s (a =     8699 us) (n =     1) (lvls, us =     8691,     8691,     8691,     8691,     8699)
[2026-04-03T01:58:46.685+0600][22.457s][info][gc,stats    ]       Weak References          =    0.001 s (a =      645 us) (n =     1) (lvls, us =      643,      643,      643,      643,      645)
[2026-04-03T01:58:46.685+0600][22.457s][info][gc,stats    ]         WRP: <total>           =    0.001 s (a =      633 us) (n =     1) (lvls, us =      633,      633,      633,      633,      633)
[2026-04-03T01:58:46.685+0600][22.457s][info][gc,stats    ]         WRP: Weak References   =    0.001 s (a =      633 us) (n =     1) (lvls, us =      633,      633,      633,      633,      633)
[2026-04-03T01:58:46.685+0600][22.457s][info][gc,stats    ]       Unload Classes           =    0.007 s (a =     6978 us) (n =     1) (lvls, us =     6973,     6973,     6973,     6973,     6978)
[2026-04-03T01:58:46.685+0600][22.457s][info][gc,stats    ]         DCU: <total>           =    0.039 s (a =    38870 us) (n =     1) (lvls, us =    38867,    38867,    38867,    38867,    38870)
[2026-04-03T01:58:46.685+0600][22.457s][info][gc,stats    ]         DCU: Unload Code Caches =    0.010 s (a =     9550 us) (n =     1) (lvls, us =     9531,     9531,     9531,     9531,     9550)
[2026-04-03T01:58:46.685+0600][22.457s][info][gc,stats    ]         DCU: Unlink CLDs       =    0.029 s (a =    29320 us) (n =     1) (lvls, us =    29297,    29297,    29297,    29297,    29320)
[2026-04-03T01:58:46.685+0600][22.457s][info][gc,stats    ]       Weak Roots               =    0.000 s (a =      242 us) (n =     1) (lvls, us =      242,      242,      242,      242,      242)
[2026-04-03T01:58:46.685+0600][22.457s][info][gc,stats    ]         DWR: <total>           =    0.001 s (a =      548 us) (n =     1) (lvls, us =      547,      547,      547,      547,      548)
[2026-04-03T01:58:46.685+0600][22.457s][info][gc,stats    ]         DWR: VM Weak Roots     =    0.001 s (a =      548 us) (n =     1) (lvls, us =      547,      547,      547,      547,      548)
[2026-04-03T01:58:46.686+0600][22.457s][info][gc,stats    ]       CLDG                     =    0.000 s (a =      297 us) (n =     1) (lvls, us =      297,      297,      297,      297,      297)
[2026-04-03T01:58:46.686+0600][22.457s][info][gc,stats    ]   Update Region States         =    0.000 s (a =       83 us) (n =     1) (lvls, us =       83,       83,       83,       83,       83)
[2026-04-03T01:58:46.686+0600][22.457s][info][gc,stats    ]   Manage GC/TLABs              =    0.000 s (a =       10 us) (n =     1) (lvls, us =       10,       10,       10,       10,       10)
[2026-04-03T01:58:46.686+0600][22.457s][info][gc,stats    ]   Choose Collection Set        =    0.000 s (a =      147 us) (n =     1) (lvls, us =      146,      146,      146,      146,      147)
[2026-04-03T01:58:46.686+0600][22.457s][info][gc,stats    ]   Rebuild Free Set             =    0.000 s (a =       64 us) (n =     1) (lvls, us =       63,       63,       63,       63,       64)
[2026-04-03T01:58:46.686+0600][22.457s][info][gc,stats    ]   Cleanup                      =    0.001 s (a =      622 us) (n =     1) (lvls, us =      621,      621,      621,      621,      622)
[2026-04-03T01:58:46.686+0600][22.457s][info][gc,stats    ] Concurrent Uncommit            =    0.414 s (a =   138053 us) (n =     3) (lvls, us =    90820,    90820,    90820,   154297,   167668)
[2026-04-03T01:58:46.686+0600][22.457s][info][gc,stats    ] Pacing                         =    0.456 s (a =    15184 us) (n =    30) (lvls, us =        0,        0,        0,    18359,    76701)
[2026-04-03T01:58:46.686+0600][22.457s][info][gc,stats    ] 
[2026-04-03T01:58:46.686+0600][22.457s][info][gc,stats    ] 
[2026-04-03T01:58:46.686+0600][22.457s][info][gc,stats    ] Under allocation pressure, concurrent cycles may cancel, and either continue cycle
[2026-04-03T01:58:46.686+0600][22.457s][info][gc,stats    ] under stop-the-world pause or result in stop-the-world Full GC. Increase heap size,
[2026-04-03T01:58:46.686+0600][22.457s][info][gc,stats    ] tune GC heuristics, set more aggressive pacing delay, or lower allocation rate
[2026-04-03T01:58:46.686+0600][22.457s][info][gc,stats    ] to avoid Degenerated and Full GC cycles.
[2026-04-03T01:58:46.686+0600][22.457s][info][gc,stats    ] 
[2026-04-03T01:58:46.686+0600][22.457s][info][gc,stats    ]    29 successful concurrent GCs
[2026-04-03T01:58:46.686+0600][22.457s][info][gc,stats    ]       3 invoked explicitly
[2026-04-03T01:58:46.686+0600][22.457s][info][gc,stats    ]       0 invoked implicitly
[2026-04-03T01:58:46.686+0600][22.457s][info][gc,stats    ] 
[2026-04-03T01:58:46.686+0600][22.457s][info][gc,stats    ]     1 Degenerated GCs
[2026-04-03T01:58:46.686+0600][22.457s][info][gc,stats    ]       1 caused by allocation failure
[2026-04-03T01:58:46.686+0600][22.457s][info][gc,stats    ]         1 happened at Outside of Cycle
[2026-04-03T01:58:46.686+0600][22.457s][info][gc,stats    ]       0 upgraded to Full GC
[2026-04-03T01:58:46.686+0600][22.457s][info][gc,stats    ] 
[2026-04-03T01:58:46.686+0600][22.457s][info][gc,stats    ]     0 Full GCs
[2026-04-03T01:58:46.686+0600][22.457s][info][gc,stats    ]       0 invoked explicitly
[2026-04-03T01:58:46.686+0600][22.457s][info][gc,stats    ]       0 invoked implicitly
[2026-04-03T01:58:46.686+0600][22.457s][info][gc,stats    ]       0 caused by allocation failure
[2026-04-03T01:58:46.686+0600][22.457s][info][gc,stats    ]       0 upgraded from Degenerated GC
[2026-04-03T01:58:46.686+0600][22.457s][info][gc,stats    ] 
[2026-04-03T01:58:46.686+0600][22.457s][info][gc,stats    ] 
