[2026-04-03T01:55:56.441+0600][0.005s][info][gc,init] Initializing The Z Garbage Collector
[2026-04-03T01:55:56.441+0600][0.005s][info][gc,init] Version: 21.0.10+7-Ubuntu-124.04 (release)
[2026-04-03T01:55:56.441+0600][0.005s][info][gc,init] NUMA Support: Disabled
[2026-04-03T01:55:56.441+0600][0.005s][info][gc,init] CPUs: 12 total, 12 available
[2026-04-03T01:55:56.441+0600][0.005s][info][gc,init] Memory: 15683M
[2026-04-03T01:55:56.441+0600][0.005s][info][gc,init] Large Page Support: Disabled
[2026-04-03T01:55:56.441+0600][0.005s][info][gc,init] Address Space Type: Contiguous/Unrestricted/Complete
[2026-04-03T01:55:56.441+0600][0.005s][info][gc,init] Address Space Size: 12000M
[2026-04-03T01:55:56.441+0600][0.005s][info][gc,init] Heap Backing File: /memfd:java_heap
[2026-04-03T01:55:56.441+0600][0.005s][info][gc,init] Heap Backing Filesystem: tmpfs (0x1021994)
[2026-04-03T01:55:56.442+0600][0.006s][info][gc,init] Min Capacity: 8M
[2026-04-03T01:55:56.442+0600][0.006s][info][gc,init] Initial Capacity: 246M
[2026-04-03T01:55:56.442+0600][0.006s][info][gc,init] Max Capacity: 750M
[2026-04-03T01:55:56.442+0600][0.006s][info][gc,init] Soft Max Capacity: 750M
[2026-04-03T01:55:56.442+0600][0.006s][info][gc,init] Medium Page Size: 16M
[2026-04-03T01:55:56.442+0600][0.006s][info][gc,init] Pre-touch: Disabled
[2026-04-03T01:55:56.442+0600][0.006s][info][gc,init] Available space on backing filesystem: N/A
[2026-04-03T01:55:56.443+0600][0.007s][info][gc,init] Uncommit: Enabled
[2026-04-03T01:55:56.443+0600][0.007s][info][gc,init] Uncommit Delay: 300s
[2026-04-03T01:55:56.443+0600][0.007s][info][gc,init] GC Workers for Old Generation: 3 (dynamic)
[2026-04-03T01:55:56.443+0600][0.007s][info][gc,init] GC Workers for Young Generation: 3 (dynamic)
[2026-04-03T01:55:56.528+0600][0.092s][info][gc,init] GC Workers Max: 3 (dynamic)
[2026-04-03T01:55:56.528+0600][0.092s][info][gc,init] Runtime Workers: 7
[2026-04-03T01:55:56.529+0600][0.093s][info][gc     ] Using The Z Garbage Collector
[2026-04-03T01:55:56.540+0600][0.104s][info][gc,metaspace] CDS archive(s) mapped at: [0x000076df17000000-0x000076df17c9c000-0x000076df17c9c000), size 13221888, SharedBaseAddress: 0x000076df17000000, ArchiveRelocationMode: 1.
[2026-04-03T01:55:56.540+0600][0.104s][info][gc,metaspace] Compressed class space mapped at: 0x000076df18000000-0x000076df58000000, reserved size: 1073741824
[2026-04-03T01:55:56.540+0600][0.104s][info][gc,metaspace] Narrow klass base: 0x000076df17000000, Narrow klass shift: 0, Narrow klass range: 0x100000000
[2026-04-03T01:55:57.000+0600][0.564s][info][gc          ] GC(0) Major Collection (Warmup)
[2026-04-03T01:55:57.000+0600][0.564s][info][gc,task     ] GC(0) Using 3 Workers for Young Generation
[2026-04-03T01:55:57.000+0600][0.564s][info][gc,task     ] GC(0) Using 2 Workers for Old Generation
[2026-04-03T01:55:57.000+0600][0.564s][info][gc,phases   ] GC(0) Y: Young Generation
[2026-04-03T01:55:57.001+0600][0.565s][info][gc,phases   ] GC(0) Y: Pause Mark Start (Major) 0.018ms
[2026-04-03T01:55:57.007+0600][0.571s][info][gc,phases   ] GC(0) Y: Concurrent Mark 6.654ms
[2026-04-03T01:55:57.007+0600][0.572s][info][gc,phases   ] GC(0) Y: Pause Mark End 0.016ms
[2026-04-03T01:55:57.007+0600][0.572s][info][gc,phases   ] GC(0) Y: Concurrent Mark Free 0.001ms
[2026-04-03T01:55:57.008+0600][0.572s][info][gc,phases   ] GC(0) Y: Concurrent Reset Relocation Set 0.001ms
[2026-04-03T01:55:57.014+0600][0.578s][info][gc,reloc    ] GC(0) Y: Using tenuring threshold: 1 (Computed)
[2026-04-03T01:55:57.015+0600][0.579s][info][gc,phases   ] GC(0) Y: Concurrent Select Relocation Set 7.393ms
[2026-04-03T01:55:57.015+0600][0.579s][info][gc,phases   ] GC(0) Y: Pause Relocate Start 0.013ms
[2026-04-03T01:55:57.018+0600][0.582s][info][gc,phases   ] GC(0) Y: Concurrent Relocate 2.721ms
[2026-04-03T01:55:57.018+0600][0.582s][info][gc,alloc    ] GC(0) Y:                         Mark Start        Mark End      Relocate Start    Relocate End   
[2026-04-03T01:55:57.018+0600][0.582s][info][gc,alloc    ] GC(0) Y: Allocation Stalls:          0                0                0                0         
[2026-04-03T01:55:57.018+0600][0.582s][info][gc,load     ] GC(0) Y: Load: 4.43 (37%) / 6.78 (57%) / 7.15 (60%)
[2026-04-03T01:55:57.018+0600][0.582s][info][gc,mmu      ] GC(0) Y: MMU: 2ms/99.1%, 5ms/99.6%, 10ms/99.7%, 20ms/99.8%, 50ms/99.9%, 100ms/100.0%
[2026-04-03T01:55:57.018+0600][0.582s][info][gc,marking  ] GC(0) Y: Mark: 2 stripe(s), 10 proactive flush(es), 1 terminate flush(es), 0 completion(s), 0 continuation(s) 
[2026-04-03T01:55:57.018+0600][0.582s][info][gc,marking  ] GC(0) Y: Mark Stack Usage: 32M
[2026-04-03T01:55:57.018+0600][0.582s][info][gc,nmethod  ] GC(0) Y: NMethods: 699 registered, 0 unregistered
[2026-04-03T01:55:57.018+0600][0.582s][info][gc,metaspace] GC(0) Y: Metaspace: 3M used, 3M committed, 1088M reserved
[2026-04-03T01:55:57.018+0600][0.582s][info][gc,reloc    ] GC(0) Y:                        Candidates     Selected     In-Place         Size        Empty    Relocated 
[2026-04-03T01:55:57.018+0600][0.582s][info][gc,reloc    ] GC(0) Y: Small Pages:                   39           36            0          78M           0M           1M 
[2026-04-03T01:55:57.018+0600][0.582s][info][gc,reloc    ] GC(0) Y: Medium Pages:                   0            0            0           0M           0M           0M 
[2026-04-03T01:55:57.018+0600][0.582s][info][gc,reloc    ] GC(0) Y: Large Pages:                    0            0            0           0M           0M           0M 
[2026-04-03T01:55:57.018+0600][0.582s][info][gc,reloc    ] GC(0) Y: Forwarding Usage: 0M
[2026-04-03T01:55:57.018+0600][0.582s][info][gc,reloc    ] GC(0) Y: Age Table:
[2026-04-03T01:55:57.018+0600][0.582s][info][gc,reloc    ] GC(0) Y:                    Live             Garbage             Small              Medium             Large        
[2026-04-03T01:55:57.018+0600][0.582s][info][gc,reloc    ] GC(0) Y: Eden               3M (0%)           74M (10%)         39 / 36             0 / 0              0 / 0        
[2026-04-03T01:55:57.018+0600][0.582s][info][gc,heap     ] GC(0) Y: Min Capacity: 8M(1%)
[2026-04-03T01:55:57.018+0600][0.582s][info][gc,heap     ] GC(0) Y: Max Capacity: 750M(100%)
[2026-04-03T01:55:57.018+0600][0.582s][info][gc,heap     ] GC(0) Y: Soft Max Capacity: 750M(100%)
[2026-04-03T01:55:57.018+0600][0.582s][info][gc,heap     ] GC(0) Y: Heap Statistics:
[2026-04-03T01:55:57.018+0600][0.582s][info][gc,heap     ] GC(0) Y:                Mark Start          Mark End        Relocate Start      Relocate End           High               Low         
[2026-04-03T01:55:57.018+0600][0.582s][info][gc,heap     ] GC(0) Y:  Capacity:      246M (33%)         246M (33%)         246M (33%)         246M (33%)         246M (33%)         246M (33%)    
[2026-04-03T01:55:57.018+0600][0.582s][info][gc,heap     ] GC(0) Y:      Free:      672M (90%)         668M (89%)         664M (89%)         728M (97%)         728M (97%)         656M (87%)    
[2026-04-03T01:55:57.018+0600][0.582s][info][gc,heap     ] GC(0) Y:      Used:       78M (10%)          82M (11%)          86M (11%)          22M (3%)           94M (13%)          22M (3%)     
[2026-04-03T01:55:57.018+0600][0.582s][info][gc,heap     ] GC(0) Y: Young Generation Statistics:
[2026-04-03T01:55:57.018+0600][0.582s][info][gc,heap     ] GC(0) Y:                Mark Start          Mark End        Relocate Start      Relocate End    
[2026-04-03T01:55:57.018+0600][0.582s][info][gc,heap     ] GC(0) Y:      Used:       78M (10%)          82M (11%)          86M (11%)          22M (3%)     
[2026-04-03T01:55:57.018+0600][0.582s][info][gc,heap     ] GC(0) Y:      Live:         -                 3M (0%)            3M (0%)            3M (0%)     
[2026-04-03T01:55:57.018+0600][0.582s][info][gc,heap     ] GC(0) Y:   Garbage:         -                74M (10%)          74M (10%)           1M (0%)     
[2026-04-03T01:55:57.018+0600][0.582s][info][gc,heap     ] GC(0) Y: Allocated:         -                 4M (1%)            8M (1%)           16M (2%)     
[2026-04-03T01:55:57.018+0600][0.582s][info][gc,heap     ] GC(0) Y: Reclaimed:         -                  -                 0M (0%)           72M (10%)    
[2026-04-03T01:55:57.018+0600][0.582s][info][gc,heap     ] GC(0) Y:  Promoted:         -                  -                 0M (0%)            0M (0%)     
[2026-04-03T01:55:57.018+0600][0.582s][info][gc,heap     ] GC(0) Y: Compacted:         -                  -                  -                 1M (0%)     
[2026-04-03T01:55:57.018+0600][0.582s][info][gc,phases   ] GC(0) Y: Young Generation 78M(10%)->22M(3%) 0.018s
[2026-04-03T01:55:57.018+0600][0.582s][info][gc,phases   ] GC(0) O: Old Generation
[2026-04-03T01:55:57.019+0600][0.583s][info][gc,phases   ] GC(0) O: Concurrent Mark 0.739ms
[2026-04-03T01:55:57.019+0600][0.583s][info][gc,phases   ] GC(0) O: Pause Mark End 0.014ms
[2026-04-03T01:55:57.019+0600][0.583s][info][gc,phases   ] GC(0) O: Concurrent Mark Free 0.020ms
[2026-04-03T01:55:57.021+0600][0.585s][info][gc,phases   ] GC(0) O: Concurrent Process Non-Strong 1.331ms
[2026-04-03T01:55:57.021+0600][0.585s][info][gc,phases   ] GC(0) O: Concurrent Reset Relocation Set 0.000ms
[2026-04-03T01:55:57.022+0600][0.586s][info][gc,phases   ] GC(0) O: Concurrent Select Relocation Set 1.406ms
[2026-04-03T01:55:57.022+0600][0.586s][info][gc,task     ] GC(0) O: Using 3 Workers for Old Generation
[2026-04-03T01:55:57.035+0600][0.600s][info][gc,task     ] GC(0) O: Using 2 Workers for Old Generation
[2026-04-03T01:55:57.036+0600][0.600s][info][gc,phases   ] GC(0) O: Concurrent Remap Roots 13.345ms
[2026-04-03T01:55:57.036+0600][0.600s][info][gc,phases   ] GC(0) O: Pause Relocate Start 0.019ms
[2026-04-03T01:55:57.036+0600][0.600s][info][gc,phases   ] GC(0) O: Concurrent Relocate 0.107ms
[2026-04-03T01:55:57.036+0600][0.600s][info][gc,alloc    ] GC(0) O:                         Mark Start        Mark End      Relocate Start    Relocate End   
[2026-04-03T01:55:57.036+0600][0.600s][info][gc,alloc    ] GC(0) O: Allocation Stalls:          0                0                0                0         
[2026-04-03T01:55:57.036+0600][0.600s][info][gc,load     ] GC(0) O: Load: 4.43 (37%) / 6.78 (57%) / 7.15 (60%)
[2026-04-03T01:55:57.036+0600][0.600s][info][gc,mmu      ] GC(0) O: MMU: 2ms/99.1%, 5ms/99.5%, 10ms/99.7%, 20ms/99.7%, 50ms/99.8%, 100ms/99.9%
[2026-04-03T01:55:57.036+0600][0.600s][info][gc,marking  ] GC(0) O: Mark: 2 stripe(s), 1 proactive flush(es), 1 terminate flush(es), 0 completion(s), 0 continuation(s) 
[2026-04-03T01:55:57.036+0600][0.600s][info][gc,marking  ] GC(0) O: Mark Stack Usage: 0M
[2026-04-03T01:55:57.036+0600][0.600s][info][gc,nmethod  ] GC(0) O: NMethods: 635 registered, 67 unregistered
[2026-04-03T01:55:57.036+0600][0.600s][info][gc,metaspace] GC(0) O: Metaspace: 3M used, 3M committed, 1088M reserved
[2026-04-03T01:55:57.036+0600][0.600s][info][gc,ref      ] GC(0) O:                       Encountered   Discovered     Enqueued 
[2026-04-03T01:55:57.036+0600][0.600s][info][gc,ref      ] GC(0) O: Soft References:              134            0            0 
[2026-04-03T01:55:57.036+0600][0.600s][info][gc,ref      ] GC(0) O: Weak References:              405            0            0 
[2026-04-03T01:55:57.036+0600][0.600s][info][gc,ref      ] GC(0) O: Final References:               0            0            0 
[2026-04-03T01:55:57.036+0600][0.600s][info][gc,ref      ] GC(0) O: Phantom References:            25            0            0 
[2026-04-03T01:55:57.036+0600][0.600s][info][gc,heap     ] GC(0) O: Min Capacity: 8M(1%)
[2026-04-03T01:55:57.036+0600][0.600s][info][gc,heap     ] GC(0) O: Max Capacity: 750M(100%)
[2026-04-03T01:55:57.036+0600][0.600s][info][gc,heap     ] GC(0) O: Soft Max Capacity: 750M(100%)
[2026-04-03T01:55:57.036+0600][0.600s][info][gc,heap     ] GC(0) O: Heap Statistics:
[2026-04-03T01:55:57.036+0600][0.600s][info][gc,heap     ] GC(0) O:                Mark Start          Mark End        Relocate Start      Relocate End           High               Low         
[2026-04-03T01:55:57.036+0600][0.600s][info][gc,heap     ] GC(0) O:  Capacity:      246M (33%)         246M (33%)         246M (33%)         246M (33%)         246M (33%)         246M (33%)    
[2026-04-03T01:55:57.036+0600][0.600s][info][gc,heap     ] GC(0) O:      Free:      672M (90%)         726M (97%)         722M (96%)         722M (96%)         728M (97%)         656M (87%)    
[2026-04-03T01:55:57.036+0600][0.600s][info][gc,heap     ] GC(0) O:      Used:       78M (10%)          24M (3%)           28M (4%)           28M (4%)           94M (13%)          22M (3%)     
[2026-04-03T01:55:57.036+0600][0.600s][info][gc,heap     ] GC(0) O: Old Generation Statistics:
[2026-04-03T01:55:57.036+0600][0.600s][info][gc,heap     ] GC(0) O:                Mark Start          Mark End        Relocate Start      Relocate End    
[2026-04-03T01:55:57.036+0600][0.600s][info][gc,heap     ] GC(0) O:      Used:        0M (0%)            0M (0%)            0M (0%)            0M (0%)     
[2026-04-03T01:55:57.036+0600][0.600s][info][gc,heap     ] GC(0) O:      Live:         -                 0M (0%)            0M (0%)            0M (0%)     
[2026-04-03T01:55:57.036+0600][0.600s][info][gc,heap     ] GC(0) O:   Garbage:         -                 0M (0%)            0M (0%)            0M (0%)     
[2026-04-03T01:55:57.036+0600][0.600s][info][gc,heap     ] GC(0) O: Allocated:         -                 0M (0%)            0M (0%)            0M (0%)     
[2026-04-03T01:55:57.036+0600][0.601s][info][gc,heap     ] GC(0) O: Reclaimed:         -                  -                 0M (0%)            0M (0%)     
[2026-04-03T01:55:57.036+0600][0.601s][info][gc,heap     ] GC(0) O: Compacted:         -                  -                  -                 0M (0%)     
[2026-04-03T01:55:57.036+0600][0.601s][info][gc,phases   ] GC(0) O: Old Generation 22M(3%)->28M(4%) 0.018s
[2026-04-03T01:55:57.036+0600][0.601s][info][gc          ] GC(0) Major Collection (Warmup) 78M(10%)->30M(4%) 0.036s
[2026-04-03T01:55:57.376+0600][0.940s][info][gc          ] GC(1) Major Collection (Warmup)
[2026-04-03T01:55:57.376+0600][0.940s][info][gc,task     ] GC(1) Using 3 Workers for Young Generation
[2026-04-03T01:55:57.376+0600][0.941s][info][gc,task     ] GC(1) Using 1 Workers for Old Generation
[2026-04-03T01:55:57.376+0600][0.941s][info][gc,phases   ] GC(1) Y: Young Generation
[2026-04-03T01:55:57.377+0600][0.941s][info][gc,phases   ] GC(1) Y: Pause Mark Start (Major) 0.018ms
[2026-04-03T01:55:57.383+0600][0.947s][info][gc,phases   ] GC(1) Y: Concurrent Mark 6.652ms
[2026-04-03T01:55:57.384+0600][0.948s][info][gc,phases   ] GC(1) Y: Pause Mark End 0.014ms
[2026-04-03T01:55:57.384+0600][0.948s][info][gc,phases   ] GC(1) Y: Concurrent Mark Free 0.001ms
[2026-04-03T01:55:57.384+0600][0.948s][info][gc,phases   ] GC(1) Y: Concurrent Reset Relocation Set 0.007ms
[2026-04-03T01:55:57.385+0600][0.949s][info][gc,reloc    ] GC(1) Y: Using tenuring threshold: 1 (Computed)
[2026-04-03T01:55:57.389+0600][0.953s][info][gc,phases   ] GC(1) Y: Concurrent Select Relocation Set 5.679ms
[2026-04-03T01:55:57.390+0600][0.954s][info][gc,phases   ] GC(1) Y: Pause Relocate Start 0.016ms
[2026-04-03T01:55:57.398+0600][0.962s][info][gc,phases   ] GC(1) Y: Concurrent Relocate 8.058ms
[2026-04-03T01:55:57.398+0600][0.962s][info][gc,alloc    ] GC(1) Y:                         Mark Start        Mark End      Relocate Start    Relocate End   
[2026-04-03T01:55:57.398+0600][0.962s][info][gc,alloc    ] GC(1) Y: Allocation Stalls:          0                0                0                0         
[2026-04-03T01:55:57.398+0600][0.962s][info][gc,load     ] GC(1) Y: Load: 4.43 (37%) / 6.78 (57%) / 7.15 (60%)
[2026-04-03T01:55:57.398+0600][0.962s][info][gc,mmu      ] GC(1) Y: MMU: 2ms/99.1%, 5ms/99.5%, 10ms/99.7%, 20ms/99.7%, 50ms/99.8%, 100ms/99.9%
[2026-04-03T01:55:57.398+0600][0.962s][info][gc,marking  ] GC(1) Y: Mark: 2 stripe(s), 2 proactive flush(es), 1 terminate flush(es), 0 completion(s), 0 continuation(s) 
[2026-04-03T01:55:57.398+0600][0.962s][info][gc,marking  ] GC(1) Y: Mark Stack Usage: 32M
[2026-04-03T01:55:57.398+0600][0.962s][info][gc,nmethod  ] GC(1) Y: NMethods: 1024 registered, 0 unregistered
[2026-04-03T01:55:57.398+0600][0.962s][info][gc,metaspace] GC(1) Y: Metaspace: 7M used, 7M committed, 1088M reserved
[2026-04-03T01:55:57.398+0600][0.962s][info][gc,reloc    ] GC(1) Y:                        Candidates     Selected     In-Place         Size        Empty    Relocated 
[2026-04-03T01:55:57.398+0600][0.962s][info][gc,reloc    ] GC(1) Y: Small Pages:                   76           73            0         152M           0M           1M 
[2026-04-03T01:55:57.398+0600][0.962s][info][gc,reloc    ] GC(1) Y: Medium Pages:                   0            0            0           0M           0M           0M 
[2026-04-03T01:55:57.398+0600][0.962s][info][gc,reloc    ] GC(1) Y: Large Pages:                    0            0            0           0M           0M           0M 
[2026-04-03T01:55:57.398+0600][0.962s][info][gc,reloc    ] GC(1) Y: Forwarding Usage: 0M
[2026-04-03T01:55:57.398+0600][0.962s][info][gc,reloc    ] GC(1) Y: Age Table:
[2026-04-03T01:55:57.398+0600][0.962s][info][gc,reloc    ] GC(1) Y:                    Live             Garbage             Small              Medium             Large        
[2026-04-03T01:55:57.398+0600][0.962s][info][gc,reloc    ] GC(1) Y: Eden               0M (0%)          137M (18%)         69 / 69             0 / 0              0 / 0        
[2026-04-03T01:55:57.398+0600][0.962s][info][gc,reloc    ] GC(1) Y: Survivor 1         3M (0%)           10M (1%)           7 / 4              0 / 0              0 / 0        
[2026-04-03T01:55:57.398+0600][0.962s][info][gc,heap     ] GC(1) Y: Min Capacity: 8M(1%)
[2026-04-03T01:55:57.398+0600][0.962s][info][gc,heap     ] GC(1) Y: Max Capacity: 750M(100%)
[2026-04-03T01:55:57.398+0600][0.962s][info][gc,heap     ] GC(1) Y: Soft Max Capacity: 750M(100%)
[2026-04-03T01:55:57.398+0600][0.962s][info][gc,heap     ] GC(1) Y: Heap Statistics:
[2026-04-03T01:55:57.398+0600][0.962s][info][gc,heap     ] GC(1) Y:                Mark Start          Mark End        Relocate Start      Relocate End           High               Low         
[2026-04-03T01:55:57.398+0600][0.962s][info][gc,heap     ] GC(1) Y:  Capacity:      246M (33%)         246M (33%)         246M (33%)         246M (33%)         246M (33%)         246M (33%)    
[2026-04-03T01:55:57.398+0600][0.962s][info][gc,heap     ] GC(1) Y:      Free:      598M (80%)         594M (79%)         592M (79%)         726M (97%)         726M (97%)         584M (78%)    
[2026-04-03T01:55:57.398+0600][0.962s][info][gc,heap     ] GC(1) Y:      Used:      152M (20%)         156M (21%)         158M (21%)          24M (3%)          166M (22%)          24M (3%)     
[2026-04-03T01:55:57.398+0600][0.962s][info][gc,heap     ] GC(1) Y: Young Generation Statistics:
[2026-04-03T01:55:57.398+0600][0.962s][info][gc,heap     ] GC(1) Y:                Mark Start          Mark End        Relocate Start      Relocate End    
[2026-04-03T01:55:57.398+0600][0.962s][info][gc,heap     ] GC(1) Y:      Used:      152M (20%)         156M (21%)         154M (21%)          14M (2%)     
[2026-04-03T01:55:57.398+0600][0.962s][info][gc,heap     ] GC(1) Y:      Live:         -                 4M (1%)            1M (0%)            0M (0%)     
[2026-04-03T01:55:57.398+0600][0.962s][info][gc,heap     ] GC(1) Y:   Garbage:         -               147M (20%)         146M (20%)           0M (0%)     
[2026-04-03T01:55:57.398+0600][0.962s][info][gc,heap     ] GC(1) Y: Allocated:         -                 4M (1%)            6M (1%)           13M (2%)     
[2026-04-03T01:55:57.398+0600][0.962s][info][gc,heap     ] GC(1) Y: Reclaimed:         -                  -                 1M (0%)          147M (20%)    
[2026-04-03T01:55:57.398+0600][0.962s][info][gc,heap     ] GC(1) Y:  Promoted:         -                  -                 2M (0%)            3M (0%)     
[2026-04-03T01:55:57.398+0600][0.962s][info][gc,heap     ] GC(1) Y: Compacted:         -                  -                  -                 0M (0%)     
[2026-04-03T01:55:57.398+0600][0.962s][info][gc,phases   ] GC(1) Y: Young Generation 152M(20%)->24M(3%) 0.021s
[2026-04-03T01:55:57.398+0600][0.962s][info][gc,phases   ] GC(1) O: Old Generation
[2026-04-03T01:55:57.399+0600][0.963s][info][gc,phases   ] GC(1) O: Concurrent Mark 0.436ms
[2026-04-03T01:55:57.399+0600][0.963s][info][gc,phases   ] GC(1) O: Pause Mark End 0.020ms
[2026-04-03T01:55:57.399+0600][0.963s][info][gc,phases   ] GC(1) O: Concurrent Mark Free 0.001ms
[2026-04-03T01:55:57.402+0600][0.966s][info][gc,phases   ] GC(1) O: Concurrent Process Non-Strong 3.398ms
[2026-04-03T01:55:57.402+0600][0.966s][info][gc,phases   ] GC(1) O: Concurrent Reset Relocation Set 0.001ms
[2026-04-03T01:55:57.407+0600][0.971s][info][gc,phases   ] GC(1) O: Concurrent Select Relocation Set 4.491ms
[2026-04-03T01:55:57.407+0600][0.971s][info][gc,task     ] GC(1) O: Using 3 Workers for Old Generation
[2026-04-03T01:55:57.421+0600][0.985s][info][gc,task     ] GC(1) O: Using 1 Workers for Old Generation
[2026-04-03T01:55:57.421+0600][0.985s][info][gc,phases   ] GC(1) O: Concurrent Remap Roots 14.094ms
[2026-04-03T01:55:57.421+0600][0.985s][info][gc,phases   ] GC(1) O: Pause Relocate Start 0.019ms
[2026-04-03T01:55:57.422+0600][0.986s][info][gc,phases   ] GC(1) O: Concurrent Relocate 0.206ms
[2026-04-03T01:55:57.422+0600][0.986s][info][gc,alloc    ] GC(1) O:                         Mark Start        Mark End      Relocate Start    Relocate End   
[2026-04-03T01:55:57.422+0600][0.986s][info][gc,alloc    ] GC(1) O: Allocation Stalls:          0                0                0                0         
[2026-04-03T01:55:57.422+0600][0.986s][info][gc,load     ] GC(1) O: Load: 4.43 (37%) / 6.78 (57%) / 7.15 (60%)
[2026-04-03T01:55:57.422+0600][0.986s][info][gc,mmu      ] GC(1) O: MMU: 2ms/99.0%, 5ms/99.5%, 10ms/99.6%, 20ms/99.7%, 50ms/99.8%, 100ms/99.9%
[2026-04-03T01:55:57.422+0600][0.986s][info][gc,marking  ] GC(1) O: Mark: 1 stripe(s), 1 proactive flush(es), 1 terminate flush(es), 0 completion(s), 0 continuation(s) 
[2026-04-03T01:55:57.422+0600][0.986s][info][gc,marking  ] GC(1) O: Mark Stack Usage: 0M
[2026-04-03T01:55:57.422+0600][0.986s][info][gc,nmethod  ] GC(1) O: NMethods: 1012 registered, 28 unregistered
[2026-04-03T01:55:57.422+0600][0.986s][info][gc,metaspace] GC(1) O: Metaspace: 7M used, 7M committed, 1088M reserved
[2026-04-03T01:55:57.422+0600][0.986s][info][gc,ref      ] GC(1) O:                       Encountered   Discovered     Enqueued 
[2026-04-03T01:55:57.422+0600][0.986s][info][gc,ref      ] GC(1) O: Soft References:              198            0            0 
[2026-04-03T01:55:57.422+0600][0.986s][info][gc,ref      ] GC(1) O: Weak References:              746            0            0 
[2026-04-03T01:55:57.422+0600][0.986s][info][gc,ref      ] GC(1) O: Final References:               0            0            0 
[2026-04-03T01:55:57.422+0600][0.986s][info][gc,ref      ] GC(1) O: Phantom References:            25            0            0 
[2026-04-03T01:55:57.422+0600][0.986s][info][gc,heap     ] GC(1) O: Min Capacity: 8M(1%)
[2026-04-03T01:55:57.422+0600][0.986s][info][gc,heap     ] GC(1) O: Max Capacity: 750M(100%)
[2026-04-03T01:55:57.422+0600][0.986s][info][gc,heap     ] GC(1) O: Soft Max Capacity: 750M(100%)
[2026-04-03T01:55:57.422+0600][0.986s][info][gc,heap     ] GC(1) O: Heap Statistics:
[2026-04-03T01:55:57.422+0600][0.986s][info][gc,heap     ] GC(1) O:                Mark Start          Mark End        Relocate Start      Relocate End           High               Low         
[2026-04-03T01:55:57.422+0600][0.986s][info][gc,heap     ] GC(1) O:  Capacity:      246M (33%)         246M (33%)         246M (33%)         246M (33%)         246M (33%)         246M (33%)    
[2026-04-03T01:55:57.422+0600][0.986s][info][gc,heap     ] GC(1) O:      Free:      598M (80%)         726M (97%)         720M (96%)         720M (96%)         726M (97%)         584M (78%)    
[2026-04-03T01:55:57.422+0600][0.986s][info][gc,heap     ] GC(1) O:      Used:      152M (20%)          24M (3%)           30M (4%)           30M (4%)          166M (22%)          24M (3%)     
[2026-04-03T01:55:57.422+0600][0.986s][info][gc,heap     ] GC(1) O: Old Generation Statistics:
[2026-04-03T01:55:57.422+0600][0.986s][info][gc,heap     ] GC(1) O:                Mark Start          Mark End        Relocate Start      Relocate End    
[2026-04-03T01:55:57.422+0600][0.986s][info][gc,heap     ] GC(1) O:      Used:        0M (0%)           10M (1%)           10M (1%)           10M (1%)     
[2026-04-03T01:55:57.422+0600][0.986s][info][gc,heap     ] GC(1) O:      Live:         -                 0M (0%)            0M (0%)            0M (0%)     
[2026-04-03T01:55:57.422+0600][0.986s][info][gc,heap     ] GC(1) O:   Garbage:         -                 0M (0%)            0M (0%)            0M (0%)     
[2026-04-03T01:55:57.422+0600][0.986s][info][gc,heap     ] GC(1) O: Allocated:         -                10M (1%)           10M (1%)           10M (1%)     
[2026-04-03T01:55:57.422+0600][0.986s][info][gc,heap     ] GC(1) O: Reclaimed:         -                  -                 0M (0%)            0M (0%)     
[2026-04-03T01:55:57.422+0600][0.986s][info][gc,heap     ] GC(1) O: Compacted:         -                  -                  -                 0M (0%)     
[2026-04-03T01:55:57.422+0600][0.986s][info][gc,phases   ] GC(1) O: Old Generation 24M(3%)->30M(4%) 0.024s
[2026-04-03T01:55:57.422+0600][0.986s][info][gc          ] GC(1) Major Collection (Warmup) 152M(20%)->32M(4%) 0.046s
[2026-04-03T01:55:59.506+0600][3.070s][info][gc          ] GC(2) Major Collection (Warmup)
[2026-04-03T01:55:59.506+0600][3.070s][info][gc,task     ] GC(2) Using 3 Workers for Young Generation
[2026-04-03T01:55:59.506+0600][3.070s][info][gc,task     ] GC(2) Using 1 Workers for Old Generation
[2026-04-03T01:55:59.506+0600][3.070s][info][gc,phases   ] GC(2) Y: Young Generation
[2026-04-03T01:55:59.506+0600][3.070s][info][gc,phases   ] GC(2) Y: Pause Mark Start (Major) 0.017ms
[2026-04-03T01:55:59.512+0600][3.076s][info][gc,phases   ] GC(2) Y: Concurrent Mark 5.507ms
[2026-04-03T01:55:59.512+0600][3.076s][info][gc,phases   ] GC(2) Y: Pause Mark End 0.018ms
[2026-04-03T01:55:59.512+0600][3.076s][info][gc,phases   ] GC(2) Y: Concurrent Mark Free 0.001ms
[2026-04-03T01:55:59.512+0600][3.076s][info][gc,phases   ] GC(2) Y: Concurrent Reset Relocation Set 0.017ms
[2026-04-03T01:55:59.516+0600][3.080s][info][gc,reloc    ] GC(2) Y: Using tenuring threshold: 2 (Computed)
[2026-04-03T01:55:59.516+0600][3.080s][info][gc,phases   ] GC(2) Y: Concurrent Select Relocation Set 4.287ms
[2026-04-03T01:55:59.517+0600][3.081s][info][gc,phases   ] GC(2) Y: Pause Relocate Start 0.011ms
[2026-04-03T01:55:59.518+0600][3.083s][info][gc,phases   ] GC(2) Y: Concurrent Relocate 1.851ms
[2026-04-03T01:55:59.519+0600][3.083s][info][gc,alloc    ] GC(2) Y:                         Mark Start        Mark End      Relocate Start    Relocate End   
[2026-04-03T01:55:59.519+0600][3.083s][info][gc,alloc    ] GC(2) Y: Allocation Stalls:          0                0                0                0         
[2026-04-03T01:55:59.519+0600][3.083s][info][gc,load     ] GC(2) Y: Load: 4.40 (37%) / 6.74 (56%) / 7.13 (59%)
[2026-04-03T01:55:59.519+0600][3.083s][info][gc,mmu      ] GC(2) Y: MMU: 2ms/99.0%, 5ms/99.4%, 10ms/99.6%, 20ms/99.7%, 50ms/99.8%, 100ms/99.9%
[2026-04-03T01:55:59.519+0600][3.083s][info][gc,marking  ] GC(2) Y: Mark: 2 stripe(s), 3 proactive flush(es), 1 terminate flush(es), 0 completion(s), 0 continuation(s) 
[2026-04-03T01:55:59.519+0600][3.083s][info][gc,marking  ] GC(2) Y: Mark Stack Usage: 32M
[2026-04-03T01:55:59.519+0600][3.083s][info][gc,nmethod  ] GC(2) Y: NMethods: 1334 registered, 28 unregistered
[2026-04-03T01:55:59.519+0600][3.083s][info][gc,metaspace] GC(2) Y: Metaspace: 12M used, 12M committed, 1088M reserved
[2026-04-03T01:55:59.519+0600][3.083s][info][gc,reloc    ] GC(2) Y:                        Candidates     Selected     In-Place         Size        Empty    Relocated 
[2026-04-03T01:55:59.519+0600][3.083s][info][gc,reloc    ] GC(2) Y: Small Pages:                   98           94            0         196M           0M           3M 
[2026-04-03T01:55:59.519+0600][3.083s][info][gc,reloc    ] GC(2) Y: Medium Pages:                   1            0            0          16M           0M           0M 
[2026-04-03T01:55:59.519+0600][3.083s][info][gc,reloc    ] GC(2) Y: Large Pages:                    1            0            0           4M           0M           0M 
[2026-04-03T01:55:59.519+0600][3.083s][info][gc,reloc    ] GC(2) Y: Forwarding Usage: 0M
[2026-04-03T01:55:59.519+0600][3.083s][info][gc,reloc    ] GC(2) Y: Age Table:
[2026-04-03T01:55:59.519+0600][3.083s][info][gc,reloc    ] GC(2) Y:                    Live             Garbage             Small              Medium             Large        
[2026-04-03T01:55:59.519+0600][3.083s][info][gc,reloc    ] GC(2) Y: Eden              12M (2%)          195M (26%)         94 / 90             1 / 0              1 / 0        
[2026-04-03T01:55:59.519+0600][3.083s][info][gc,reloc    ] GC(2) Y: Survivor 1         0M (0%)            7M (1%)           4 / 4              0 / 0              0 / 0        
[2026-04-03T01:55:59.519+0600][3.083s][info][gc,heap     ] GC(2) Y: Min Capacity: 8M(1%)
[2026-04-03T01:55:59.519+0600][3.083s][info][gc,heap     ] GC(2) Y: Max Capacity: 750M(100%)
[2026-04-03T01:55:59.519+0600][3.083s][info][gc,heap     ] GC(2) Y: Soft Max Capacity: 750M(100%)
[2026-04-03T01:55:59.519+0600][3.083s][info][gc,heap     ] GC(2) Y: Heap Statistics:
[2026-04-03T01:55:59.519+0600][3.083s][info][gc,heap     ] GC(2) Y:                Mark Start          Mark End        Relocate Start      Relocate End           High               Low         
[2026-04-03T01:55:59.519+0600][3.083s][info][gc,heap     ] GC(2) Y:  Capacity:      246M (33%)         246M (33%)         246M (33%)         246M (33%)         246M (33%)         246M (33%)    
[2026-04-03T01:55:59.519+0600][3.083s][info][gc,heap     ] GC(2) Y:      Free:      524M (70%)         522M (70%)         522M (70%)         698M (93%)         698M (93%)         516M (69%)    
[2026-04-03T01:55:59.519+0600][3.083s][info][gc,heap     ] GC(2) Y:      Used:      226M (30%)         228M (30%)         228M (30%)          52M (7%)          234M (31%)          52M (7%)     
[2026-04-03T01:55:59.519+0600][3.083s][info][gc,heap     ] GC(2) Y: Young Generation Statistics:
[2026-04-03T01:55:59.519+0600][3.083s][info][gc,heap     ] GC(2) Y:                Mark Start          Mark End        Relocate Start      Relocate End    
[2026-04-03T01:55:59.519+0600][3.083s][info][gc,heap     ] GC(2) Y:      Used:      216M (29%)         218M (29%)         218M (29%)          42M (6%)     
[2026-04-03T01:55:59.519+0600][3.083s][info][gc,heap     ] GC(2) Y:      Live:         -                12M (2%)           12M (2%)           12M (2%)     
[2026-04-03T01:55:59.519+0600][3.083s][info][gc,heap     ] GC(2) Y:   Garbage:         -               203M (27%)         203M (27%)          14M (2%)     
[2026-04-03T01:55:59.519+0600][3.083s][info][gc,heap     ] GC(2) Y: Allocated:         -                 2M (0%)            2M (0%)           15M (2%)     
[2026-04-03T01:55:59.519+0600][3.083s][info][gc,heap     ] GC(2) Y: Reclaimed:         -                  -                 0M (0%)          189M (25%)    
[2026-04-03T01:55:59.519+0600][3.083s][info][gc,heap     ] GC(2) Y:  Promoted:         -                  -                 0M (0%)            0M (0%)     
[2026-04-03T01:55:59.519+0600][3.083s][info][gc,heap     ] GC(2) Y: Compacted:         -                  -                  -                 4M (1%)     
[2026-04-03T01:55:59.519+0600][3.083s][info][gc,phases   ] GC(2) Y: Young Generation 226M(30%)->52M(7%) 0.013s
[2026-04-03T01:55:59.519+0600][3.083s][info][gc,phases   ] GC(2) O: Old Generation
[2026-04-03T01:55:59.530+0600][3.094s][info][gc,phases   ] GC(2) O: Concurrent Mark 10.848ms
[2026-04-03T01:55:59.530+0600][3.094s][info][gc,phases   ] GC(2) O: Pause Mark End 0.019ms
[2026-04-03T01:55:59.530+0600][3.094s][info][gc,phases   ] GC(2) O: Concurrent Mark Free 0.002ms
[2026-04-03T01:55:59.534+0600][3.098s][info][gc,phases   ] GC(2) O: Concurrent Process Non-Strong 4.068ms
[2026-04-03T01:55:59.534+0600][3.098s][info][gc,phases   ] GC(2) O: Concurrent Reset Relocation Set 0.001ms
[2026-04-03T01:55:59.537+0600][3.101s][info][gc,phases   ] GC(2) O: Concurrent Select Relocation Set 2.585ms
[2026-04-03T01:55:59.537+0600][3.101s][info][gc,task     ] GC(2) O: Using 3 Workers for Old Generation
[2026-04-03T01:55:59.551+0600][3.115s][info][gc,task     ] GC(2) O: Using 1 Workers for Old Generation
[2026-04-03T01:55:59.551+0600][3.115s][info][gc,phases   ] GC(2) O: Concurrent Remap Roots 13.858ms
[2026-04-03T01:55:59.551+0600][3.115s][info][gc,phases   ] GC(2) O: Pause Relocate Start 0.023ms
[2026-04-03T01:55:59.560+0600][3.124s][info][gc,phases   ] GC(2) O: Concurrent Relocate 8.472ms
[2026-04-03T01:55:59.560+0600][3.124s][info][gc,alloc    ] GC(2) O:                         Mark Start        Mark End      Relocate Start    Relocate End   
[2026-04-03T01:55:59.560+0600][3.124s][info][gc,alloc    ] GC(2) O: Allocation Stalls:          0                0                0                0         
[2026-04-03T01:55:59.560+0600][3.124s][info][gc,load     ] GC(2) O: Load: 4.40 (37%) / 6.74 (56%) / 7.13 (59%)
[2026-04-03T01:55:59.560+0600][3.124s][info][gc,mmu      ] GC(2) O: MMU: 2ms/98.9%, 5ms/99.4%, 10ms/99.6%, 20ms/99.7%, 50ms/99.8%, 100ms/99.9%
[2026-04-03T01:55:59.560+0600][3.124s][info][gc,marking  ] GC(2) O: Mark: 1 stripe(s), 2 proactive flush(es), 1 terminate flush(es), 0 completion(s), 0 continuation(s) 
[2026-04-03T01:55:59.560+0600][3.124s][info][gc,marking  ] GC(2) O: Mark Stack Usage: 32M
[2026-04-03T01:55:59.560+0600][3.124s][info][gc,nmethod  ] GC(2) O: NMethods: 1252 registered, 114 unregistered
[2026-04-03T01:55:59.560+0600][3.124s][info][gc,metaspace] GC(2) O: Metaspace: 13M used, 13M committed, 1088M reserved
[2026-04-03T01:55:59.560+0600][3.124s][info][gc,ref      ] GC(2) O:                       Encountered   Discovered     Enqueued 
[2026-04-03T01:55:59.560+0600][3.124s][info][gc,ref      ] GC(2) O: Soft References:              244            0            0 
[2026-04-03T01:55:59.560+0600][3.124s][info][gc,ref      ] GC(2) O: Weak References:              996          306           96 
[2026-04-03T01:55:59.560+0600][3.124s][info][gc,ref      ] GC(2) O: Final References:               0            0            0 
[2026-04-03T01:55:59.560+0600][3.124s][info][gc,ref      ] GC(2) O: Phantom References:           311           11            0 
[2026-04-03T01:55:59.560+0600][3.124s][info][gc,reloc    ] GC(2) O:                        Candidates     Selected     In-Place         Size        Empty    Relocated 
[2026-04-03T01:55:59.560+0600][3.124s][info][gc,reloc    ] GC(2) O: Small Pages:                    5            3            0          10M           0M           2M 
[2026-04-03T01:55:59.560+0600][3.124s][info][gc,reloc    ] GC(2) O: Medium Pages:                   0            0            0           0M           0M           0M 
[2026-04-03T01:55:59.560+0600][3.124s][info][gc,reloc    ] GC(2) O: Large Pages:                    0            0            0           0M           0M           0M 
[2026-04-03T01:55:59.560+0600][3.124s][info][gc,reloc    ] GC(2) O: Forwarding Usage: 1M
[2026-04-03T01:55:59.560+0600][3.124s][info][gc,heap     ] GC(2) O: Min Capacity: 8M(1%)
[2026-04-03T01:55:59.560+0600][3.124s][info][gc,heap     ] GC(2) O: Max Capacity: 750M(100%)
[2026-04-03T01:55:59.560+0600][3.124s][info][gc,heap     ] GC(2) O: Soft Max Capacity: 750M(100%)
[2026-04-03T01:55:59.560+0600][3.124s][info][gc,heap     ] GC(2) O: Heap Statistics:
[2026-04-03T01:55:59.560+0600][3.124s][info][gc,heap     ] GC(2) O:                Mark Start          Mark End        Relocate Start      Relocate End           High               Low         
[2026-04-03T01:55:59.560+0600][3.124s][info][gc,heap     ] GC(2) O:  Capacity:      246M (33%)         246M (33%)         246M (33%)         246M (33%)         246M (33%)         246M (33%)    
[2026-04-03T01:55:59.560+0600][3.124s][info][gc,heap     ] GC(2) O:      Free:      524M (70%)         698M (93%)         694M (93%)         694M (93%)         698M (93%)         516M (69%)    
[2026-04-03T01:55:59.560+0600][3.124s][info][gc,heap     ] GC(2) O:      Used:      226M (30%)          52M (7%)           56M (7%)           56M (7%)          234M (31%)          52M (7%)     
[2026-04-03T01:55:59.560+0600][3.124s][info][gc,heap     ] GC(2) O: Old Generation Statistics:
[2026-04-03T01:55:59.560+0600][3.124s][info][gc,heap     ] GC(2) O:                Mark Start          Mark End        Relocate Start      Relocate End    
[2026-04-03T01:55:59.560+0600][3.124s][info][gc,heap     ] GC(2) O:      Used:       10M (1%)           10M (1%)           10M (1%)            8M (1%)     
[2026-04-03T01:55:59.560+0600][3.124s][info][gc,heap     ] GC(2) O:      Live:         -                 3M (0%)            3M (0%)            3M (0%)     
[2026-04-03T01:55:59.560+0600][3.124s][info][gc,heap     ] GC(2) O:   Garbage:         -                 6M (1%)            6M (1%)            0M (0%)     
[2026-04-03T01:55:59.560+0600][3.124s][info][gc,heap     ] GC(2) O: Allocated:         -                 0M (0%)            0M (0%)            4M (1%)     
[2026-04-03T01:55:59.560+0600][3.124s][info][gc,heap     ] GC(2) O: Reclaimed:         -                  -                 0M (0%)            6M (1%)     
[2026-04-03T01:55:59.560+0600][3.124s][info][gc,heap     ] GC(2) O: Compacted:         -                  -                  -                 3M (0%)     
[2026-04-03T01:55:59.560+0600][3.124s][info][gc,phases   ] GC(2) O: Old Generation 52M(7%)->56M(7%) 0.041s
[2026-04-03T01:55:59.560+0600][3.124s][info][gc          ] GC(2) Major Collection (Warmup) 226M(30%)->56M(7%) 0.054s
[2026-04-03T01:56:00.688+0600][4.252s][info][gc          ] GC(3) Major Collection (Metadata GC Threshold)
[2026-04-03T01:56:00.688+0600][4.252s][info][gc,task     ] GC(3) Using 1 Workers for Young Generation
[2026-04-03T01:56:00.688+0600][4.252s][info][gc,task     ] GC(3) Using 1 Workers for Old Generation
[2026-04-03T01:56:00.688+0600][4.252s][info][gc,phases   ] GC(3) Y: Young Generation
[2026-04-03T01:56:00.688+0600][4.252s][info][gc,phases   ] GC(3) Y: Pause Mark Start (Major) 0.023ms
[2026-04-03T01:56:00.712+0600][4.276s][info][gc,phases   ] GC(3) Y: Concurrent Mark 24.065ms
[2026-04-03T01:56:00.713+0600][4.277s][info][gc,phases   ] GC(3) Y: Pause Mark End 0.021ms
[2026-04-03T01:56:00.713+0600][4.277s][info][gc,phases   ] GC(3) Y: Concurrent Mark Free 0.001ms
[2026-04-03T01:56:00.713+0600][4.277s][info][gc,phases   ] GC(3) Y: Concurrent Reset Relocation Set 0.023ms
[2026-04-03T01:56:00.717+0600][4.281s][info][gc,reloc    ] GC(3) Y: Using tenuring threshold: 3 (Computed)
[2026-04-03T01:56:00.719+0600][4.283s][info][gc,phases   ] GC(3) Y: Concurrent Select Relocation Set 5.896ms
[2026-04-03T01:56:00.719+0600][4.283s][info][gc,phases   ] GC(3) Y: Pause Relocate Start 0.013ms
[2026-04-03T01:56:00.727+0600][4.291s][info][gc,phases   ] GC(3) Y: Concurrent Relocate 8.200ms
[2026-04-03T01:56:00.727+0600][4.291s][info][gc,alloc    ] GC(3) Y:                         Mark Start        Mark End      Relocate Start    Relocate End   
[2026-04-03T01:56:00.727+0600][4.291s][info][gc,alloc    ] GC(3) Y: Allocation Stalls:          0                0                0                0         
[2026-04-03T01:56:00.727+0600][4.291s][info][gc,load     ] GC(3) Y: Load: 4.40 (37%) / 6.74 (56%) / 7.13 (59%)
[2026-04-03T01:56:00.727+0600][4.291s][info][gc,mmu      ] GC(3) Y: MMU: 2ms/98.9%, 5ms/99.4%, 10ms/99.6%, 20ms/99.7%, 50ms/99.8%, 100ms/99.9%
[2026-04-03T01:56:00.727+0600][4.291s][info][gc,marking  ] GC(3) Y: Mark: 1 stripe(s), 2 proactive flush(es), 1 terminate flush(es), 0 completion(s), 0 continuation(s) 
[2026-04-03T01:56:00.727+0600][4.291s][info][gc,marking  ] GC(3) Y: Mark Stack Usage: 32M
[2026-04-03T01:56:00.727+0600][4.291s][info][gc,nmethod  ] GC(3) Y: NMethods: 2074 registered, 0 unregistered
[2026-04-03T01:56:00.727+0600][4.291s][info][gc,metaspace] GC(3) Y: Metaspace: 22M used, 23M committed, 1088M reserved
[2026-04-03T01:56:00.727+0600][4.291s][info][gc,reloc    ] GC(3) Y:                        Candidates     Selected     In-Place         Size        Empty    Relocated 
[2026-04-03T01:56:00.727+0600][4.291s][info][gc,reloc    ] GC(3) Y: Small Pages:                   61           54            0         122M           0M           6M 
[2026-04-03T01:56:00.727+0600][4.291s][info][gc,reloc    ] GC(3) Y: Medium Pages:                   1            0            0          16M           0M           0M 
[2026-04-03T01:56:00.727+0600][4.291s][info][gc,reloc    ] GC(3) Y: Large Pages:                    1            0            0           4M           0M           0M 
[2026-04-03T01:56:00.727+0600][4.291s][info][gc,reloc    ] GC(3) Y: Forwarding Usage: 1M
[2026-04-03T01:56:00.727+0600][4.291s][info][gc,reloc    ] GC(3) Y: Age Table:
[2026-04-03T01:56:00.727+0600][4.291s][info][gc,reloc    ] GC(3) Y:                    Live             Garbage             Small              Medium             Large        
[2026-04-03T01:56:00.727+0600][4.291s][info][gc,reloc    ] GC(3) Y: Eden               5M (1%)           96M (13%)         51 / 48             0 / 0              0 / 0        
[2026-04-03T01:56:00.727+0600][4.291s][info][gc,reloc    ] GC(3) Y: Survivor 1        11M (2%)           20M (3%)           6 / 3              1 / 0              1 / 0        
[2026-04-03T01:56:00.727+0600][4.291s][info][gc,reloc    ] GC(3) Y: Survivor 2         0M (0%)            7M (1%)           4 / 3              0 / 0              0 / 0        
[2026-04-03T01:56:00.727+0600][4.291s][info][gc,heap     ] GC(3) Y: Min Capacity: 8M(1%)
[2026-04-03T01:56:00.727+0600][4.292s][info][gc,heap     ] GC(3) Y: Max Capacity: 750M(100%)
[2026-04-03T01:56:00.727+0600][4.292s][info][gc,heap     ] GC(3) Y: Soft Max Capacity: 750M(100%)
[2026-04-03T01:56:00.727+0600][4.292s][info][gc,heap     ] GC(3) Y: Heap Statistics:
[2026-04-03T01:56:00.727+0600][4.292s][info][gc,heap     ] GC(3) Y:                Mark Start          Mark End        Relocate Start      Relocate End           High               Low         
[2026-04-03T01:56:00.727+0600][4.292s][info][gc,heap     ] GC(3) Y:  Capacity:      246M (33%)         246M (33%)         246M (33%)         246M (33%)         246M (33%)         246M (33%)    
[2026-04-03T01:56:00.727+0600][4.292s][info][gc,heap     ] GC(3) Y:      Free:      600M (80%)         596M (79%)         596M (79%)         694M (93%)         694M (93%)         590M (79%)    
[2026-04-03T01:56:00.727+0600][4.292s][info][gc,heap     ] GC(3) Y:      Used:      150M (20%)         154M (21%)         154M (21%)          56M (7%)          160M (21%)          56M (7%)     
[2026-04-03T01:56:00.727+0600][4.292s][info][gc,heap     ] GC(3) Y: Young Generation Statistics:
[2026-04-03T01:56:00.727+0600][4.292s][info][gc,heap     ] GC(3) Y:                Mark Start          Mark End        Relocate Start      Relocate End    
[2026-04-03T01:56:00.727+0600][4.292s][info][gc,heap     ] GC(3) Y:      Used:      142M (19%)         146M (19%)         146M (19%)          48M (6%)     
[2026-04-03T01:56:00.727+0600][4.292s][info][gc,heap     ] GC(3) Y:      Live:         -                18M (2%)           18M (2%)           18M (2%)     
[2026-04-03T01:56:00.728+0600][4.292s][info][gc,heap     ] GC(3) Y:   Garbage:         -               123M (16%)         123M (16%)          14M (2%)     
[2026-04-03T01:56:00.728+0600][4.292s][info][gc,heap     ] GC(3) Y: Allocated:         -                 4M (1%)            4M (1%)           15M (2%)     
[2026-04-03T01:56:00.728+0600][4.292s][info][gc,heap     ] GC(3) Y: Reclaimed:         -                  -                 0M (0%)          109M (15%)    
[2026-04-03T01:56:00.728+0600][4.292s][info][gc,heap     ] GC(3) Y:  Promoted:         -                  -                 0M (0%)            0M (0%)     
[2026-04-03T01:56:00.728+0600][4.292s][info][gc,heap     ] GC(3) Y: Compacted:         -                  -                  -                 8M (1%)     
[2026-04-03T01:56:00.728+0600][4.292s][info][gc,phases   ] GC(3) Y: Young Generation 150M(20%)->56M(7%) 0.039s
[2026-04-03T01:56:00.728+0600][4.292s][info][gc,phases   ] GC(3) O: Old Generation
[2026-04-03T01:56:00.743+0600][4.307s][info][gc,phases   ] GC(3) O: Concurrent Mark 15.415ms
[2026-04-03T01:56:00.743+0600][4.307s][info][gc,phases   ] GC(3) O: Pause Mark End 0.020ms
[2026-04-03T01:56:00.743+0600][4.308s][info][gc,phases   ] GC(3) O: Concurrent Mark Free 0.002ms
[2026-04-03T01:56:00.750+0600][4.315s][info][gc,phases   ] GC(3) O: Concurrent Process Non-Strong 6.987ms
[2026-04-03T01:56:00.750+0600][4.315s][info][gc,phases   ] GC(3) O: Concurrent Reset Relocation Set 0.003ms
[2026-04-03T01:56:00.755+0600][4.319s][info][gc,phases   ] GC(3) O: Concurrent Select Relocation Set 4.013ms
[2026-04-03T01:56:00.755+0600][4.319s][info][gc,task     ] GC(3) O: Using 2 Workers for Old Generation
[2026-04-03T01:56:00.779+0600][4.343s][info][gc,task     ] GC(3) O: Using 1 Workers for Old Generation
[2026-04-03T01:56:00.779+0600][4.343s][info][gc,phases   ] GC(3) O: Concurrent Remap Roots 24.365ms
[2026-04-03T01:56:00.779+0600][4.343s][info][gc,phases   ] GC(3) O: Pause Relocate Start 0.024ms
[2026-04-03T01:56:00.783+0600][4.347s][info][gc,phases   ] GC(3) O: Concurrent Relocate 3.609ms
[2026-04-03T01:56:00.783+0600][4.347s][info][gc,alloc    ] GC(3) O:                         Mark Start        Mark End      Relocate Start    Relocate End   
[2026-04-03T01:56:00.783+0600][4.347s][info][gc,alloc    ] GC(3) O: Allocation Stalls:          0                0                0                0         
[2026-04-03T01:56:00.783+0600][4.347s][info][gc,load     ] GC(3) O: Load: 4.40 (37%) / 6.74 (56%) / 7.13 (59%)
[2026-04-03T01:56:00.783+0600][4.347s][info][gc,mmu      ] GC(3) O: MMU: 2ms/98.8%, 5ms/99.4%, 10ms/99.6%, 20ms/99.7%, 50ms/99.8%, 100ms/99.9%
[2026-04-03T01:56:00.783+0600][4.347s][info][gc,marking  ] GC(3) O: Mark: 1 stripe(s), 2 proactive flush(es), 1 terminate flush(es), 0 completion(s), 0 continuation(s) 
[2026-04-03T01:56:00.783+0600][4.347s][info][gc,marking  ] GC(3) O: Mark Stack Usage: 32M
[2026-04-03T01:56:00.783+0600][4.347s][info][gc,nmethod  ] GC(3) O: NMethods: 2115 registered, 101 unregistered
[2026-04-03T01:56:00.783+0600][4.347s][info][gc,metaspace] GC(3) O: Metaspace: 22M used, 23M committed, 1088M reserved
[2026-04-03T01:56:00.783+0600][4.347s][info][gc,ref      ] GC(3) O:                       Encountered   Discovered     Enqueued 
[2026-04-03T01:56:00.783+0600][4.347s][info][gc,ref      ] GC(3) O: Soft References:             3635            0            0 
[2026-04-03T01:56:00.783+0600][4.347s][info][gc,ref      ] GC(3) O: Weak References:             1750          176            0 
[2026-04-03T01:56:00.783+0600][4.347s][info][gc,ref      ] GC(3) O: Final References:               0            0            0 
[2026-04-03T01:56:00.783+0600][4.347s][info][gc,ref      ] GC(3) O: Phantom References:           563           10            0 
[2026-04-03T01:56:00.783+0600][4.347s][info][gc,reloc    ] GC(3) O:                        Candidates     Selected     In-Place         Size        Empty    Relocated 
[2026-04-03T01:56:00.783+0600][4.347s][info][gc,reloc    ] GC(3) O: Small Pages:                    4            2            0           8M           0M           1M 
[2026-04-03T01:56:00.783+0600][4.347s][info][gc,reloc    ] GC(3) O: Medium Pages:                   0            0            0           0M           0M           0M 
[2026-04-03T01:56:00.783+0600][4.347s][info][gc,reloc    ] GC(3) O: Large Pages:                    0            0            0           0M           0M           0M 
[2026-04-03T01:56:00.783+0600][4.347s][info][gc,reloc    ] GC(3) O: Forwarding Usage: 0M
[2026-04-03T01:56:00.783+0600][4.347s][info][gc,heap     ] GC(3) O: Min Capacity: 8M(1%)
[2026-04-03T01:56:00.783+0600][4.347s][info][gc,heap     ] GC(3) O: Max Capacity: 750M(100%)
[2026-04-03T01:56:00.783+0600][4.347s][info][gc,heap     ] GC(3) O: Soft Max Capacity: 750M(100%)
[2026-04-03T01:56:00.783+0600][4.347s][info][gc,heap     ] GC(3) O: Heap Statistics:
[2026-04-03T01:56:00.783+0600][4.347s][info][gc,heap     ] GC(3) O:                Mark Start          Mark End        Relocate Start      Relocate End           High               Low         
[2026-04-03T01:56:00.783+0600][4.347s][info][gc,heap     ] GC(3) O:  Capacity:      246M (33%)         246M (33%)         246M (33%)         246M (33%)         246M (33%)         246M (33%)    
[2026-04-03T01:56:00.783+0600][4.347s][info][gc,heap     ] GC(3) O:      Free:      600M (80%)         692M (92%)         690M (92%)         690M (92%)         694M (93%)         590M (79%)    
[2026-04-03T01:56:00.783+0600][4.347s][info][gc,heap     ] GC(3) O:      Used:      150M (20%)          58M (8%)           60M (8%)           60M (8%)          160M (21%)          56M (7%)     
[2026-04-03T01:56:00.783+0600][4.347s][info][gc,heap     ] GC(3) O: Old Generation Statistics:
[2026-04-03T01:56:00.783+0600][4.347s][info][gc,heap     ] GC(3) O:                Mark Start          Mark End        Relocate Start      Relocate End    
[2026-04-03T01:56:00.783+0600][4.347s][info][gc,heap     ] GC(3) O:      Used:        8M (1%)            8M (1%)            8M (1%)            8M (1%)     
[2026-04-03T01:56:00.783+0600][4.348s][info][gc,heap     ] GC(3) O:      Live:         -                 3M (0%)            3M (0%)            3M (0%)     
[2026-04-03T01:56:00.783+0600][4.348s][info][gc,heap     ] GC(3) O:   Garbage:         -                 4M (1%)            4M (1%)            0M (0%)     
[2026-04-03T01:56:00.783+0600][4.348s][info][gc,heap     ] GC(3) O: Allocated:         -                 0M (0%)            0M (0%)            4M (1%)     
[2026-04-03T01:56:00.783+0600][4.348s][info][gc,heap     ] GC(3) O: Reclaimed:         -                  -                 0M (0%)            4M (1%)     
[2026-04-03T01:56:00.783+0600][4.348s][info][gc,heap     ] GC(3) O: Compacted:         -                  -                  -                 1M (0%)     
[2026-04-03T01:56:00.783+0600][4.348s][info][gc,phases   ] GC(3) O: Old Generation 56M(7%)->60M(8%) 0.056s
[2026-04-03T01:56:00.783+0600][4.348s][info][gc          ] GC(3) Major Collection (Metadata GC Threshold) 150M(20%)->60M(8%) 0.096s
[2026-04-03T01:56:04.173+0600][7.737s][info][gc          ] GC(4) Major Collection (Metadata GC Threshold)
[2026-04-03T01:56:04.173+0600][7.737s][info][gc,task     ] GC(4) Using 1 Workers for Young Generation
[2026-04-03T01:56:04.173+0600][7.737s][info][gc,task     ] GC(4) Using 1 Workers for Old Generation
[2026-04-03T01:56:04.173+0600][7.737s][info][gc,phases   ] GC(4) Y: Young Generation
[2026-04-03T01:56:04.173+0600][7.737s][info][gc,phases   ] GC(4) Y: Pause Mark Start (Major) 0.030ms
[2026-04-03T01:56:04.216+0600][7.780s][info][gc,phases   ] GC(4) Y: Concurrent Mark 42.740ms
[2026-04-03T01:56:04.216+0600][7.780s][info][gc,phases   ] GC(4) Y: Pause Mark End 0.019ms
[2026-04-03T01:56:04.216+0600][7.780s][info][gc,phases   ] GC(4) Y: Concurrent Mark Free 0.001ms
[2026-04-03T01:56:04.216+0600][7.780s][info][gc,phases   ] GC(4) Y: Concurrent Reset Relocation Set 0.005ms
[2026-04-03T01:56:04.218+0600][7.782s][info][gc,reloc    ] GC(4) Y: Using tenuring threshold: 4 (Computed)
[2026-04-03T01:56:04.219+0600][7.783s][info][gc,phases   ] GC(4) Y: Concurrent Select Relocation Set 2.508ms
[2026-04-03T01:56:04.219+0600][7.783s][info][gc,phases   ] GC(4) Y: Pause Relocate Start 0.013ms
[2026-04-03T01:56:04.240+0600][7.804s][info][gc,phases   ] GC(4) Y: Concurrent Relocate 20.634ms
[2026-04-03T01:56:04.240+0600][7.804s][info][gc,alloc    ] GC(4) Y:                         Mark Start        Mark End      Relocate Start    Relocate End   
[2026-04-03T01:56:04.240+0600][7.804s][info][gc,alloc    ] GC(4) Y: Allocation Stalls:          0                0                0                0         
[2026-04-03T01:56:04.240+0600][7.804s][info][gc,load     ] GC(4) Y: Load: 4.40 (37%) / 6.74 (56%) / 7.13 (59%)
[2026-04-03T01:56:04.240+0600][7.804s][info][gc,mmu      ] GC(4) Y: MMU: 2ms/98.5%, 5ms/99.4%, 10ms/99.6%, 20ms/99.7%, 50ms/99.8%, 100ms/99.9%
[2026-04-03T01:56:04.240+0600][7.804s][info][gc,marking  ] GC(4) Y: Mark: 1 stripe(s), 2 proactive flush(es), 1 terminate flush(es), 0 completion(s), 0 continuation(s) 
[2026-04-03T01:56:04.240+0600][7.804s][info][gc,marking  ] GC(4) Y: Mark Stack Usage: 32M
[2026-04-03T01:56:04.240+0600][7.804s][info][gc,nmethod  ] GC(4) Y: NMethods: 2828 registered, 0 unregistered
[2026-04-03T01:56:04.240+0600][7.804s][info][gc,metaspace] GC(4) Y: Metaspace: 38M used, 39M committed, 1088M reserved
[2026-04-03T01:56:04.240+0600][7.804s][info][gc,reloc    ] GC(4) Y:                        Candidates     Selected     In-Place         Size        Empty    Relocated 
[2026-04-03T01:56:04.240+0600][7.804s][info][gc,reloc    ] GC(4) Y: Small Pages:                   96           86            0         192M           0M           5M 
[2026-04-03T01:56:04.240+0600][7.804s][info][gc,reloc    ] GC(4) Y: Medium Pages:                   2            1            0          32M           0M           2M 
[2026-04-03T01:56:04.240+0600][7.804s][info][gc,reloc    ] GC(4) Y: Large Pages:                    1            0            0           4M           0M           0M 
[2026-04-03T01:56:04.240+0600][7.804s][info][gc,reloc    ] GC(4) Y: Forwarding Usage: 2M
[2026-04-03T01:56:04.240+0600][7.804s][info][gc,reloc    ] GC(4) Y: Age Table:
[2026-04-03T01:56:04.240+0600][7.804s][info][gc,reloc    ] GC(4) Y:                    Live             Garbage             Small              Medium             Large        
[2026-04-03T01:56:04.240+0600][7.804s][info][gc,reloc    ] GC(4) Y: Eden               5M (1%)          178M (24%)         84 / 80             1 / 0              0 / 0        
[2026-04-03T01:56:04.240+0600][7.804s][info][gc,reloc    ] GC(4) Y: Survivor 1         5M (1%)            4M (1%)           5 / 2              0 / 0              0 / 0        
[2026-04-03T01:56:04.240+0600][7.804s][info][gc,reloc    ] GC(4) Y: Survivor 2        11M (2%)           18M (2%)           5 / 2              1 / 1              1 / 0        
[2026-04-03T01:56:04.240+0600][7.804s][info][gc,reloc    ] GC(4) Y: Survivor 3         0M (0%)            3M (0%)           2 / 2              0 / 0              0 / 0        
[2026-04-03T01:56:04.240+0600][7.804s][info][gc,heap     ] GC(4) Y: Min Capacity: 8M(1%)
[2026-04-03T01:56:04.240+0600][7.804s][info][gc,heap     ] GC(4) Y: Max Capacity: 750M(100%)
[2026-04-03T01:56:04.240+0600][7.804s][info][gc,heap     ] GC(4) Y: Soft Max Capacity: 750M(100%)
[2026-04-03T01:56:04.240+0600][7.804s][info][gc,heap     ] GC(4) Y: Heap Statistics:
[2026-04-03T01:56:04.240+0600][7.804s][info][gc,heap     ] GC(4) Y:                Mark Start          Mark End        Relocate Start      Relocate End           High               Low         
[2026-04-03T01:56:04.240+0600][7.804s][info][gc,heap     ] GC(4) Y:  Capacity:      262M (35%)         262M (35%)         262M (35%)         294M (39%)         294M (39%)         262M (35%)    
[2026-04-03T01:56:04.240+0600][7.804s][info][gc,heap     ] GC(4) Y:      Free:      514M (69%)         510M (68%)         510M (68%)         654M (87%)         654M (87%)         472M (63%)    
[2026-04-03T01:56:04.240+0600][7.804s][info][gc,heap     ] GC(4) Y:      Used:      236M (31%)         240M (32%)         240M (32%)          96M (13%)         278M (37%)          96M (13%)    
[2026-04-03T01:56:04.240+0600][7.804s][info][gc,heap     ] GC(4) Y: Young Generation Statistics:
[2026-04-03T01:56:04.240+0600][7.804s][info][gc,heap     ] GC(4) Y:                Mark Start          Mark End        Relocate Start      Relocate End    
[2026-04-03T01:56:04.240+0600][7.804s][info][gc,heap     ] GC(4) Y:      Used:      228M (30%)         232M (31%)         232M (31%)          88M (12%)    
[2026-04-03T01:56:04.240+0600][7.804s][info][gc,heap     ] GC(4) Y:      Live:         -                23M (3%)           23M (3%)           23M (3%)     
[2026-04-03T01:56:04.240+0600][7.804s][info][gc,heap     ] GC(4) Y:   Garbage:         -               204M (27%)         204M (27%)           1M (0%)     
[2026-04-03T01:56:04.240+0600][7.804s][info][gc,heap     ] GC(4) Y: Allocated:         -                 4M (1%)            4M (1%)           62M (8%)     
[2026-04-03T01:56:04.240+0600][7.804s][info][gc,heap     ] GC(4) Y: Reclaimed:         -                  -                 0M (0%)          202M (27%)    
[2026-04-03T01:56:04.240+0600][7.804s][info][gc,heap     ] GC(4) Y:  Promoted:         -                  -                 0M (0%)            0M (0%)     
[2026-04-03T01:56:04.240+0600][7.804s][info][gc,heap     ] GC(4) Y: Compacted:         -                  -                  -                 9M (1%)     
[2026-04-03T01:56:04.240+0600][7.804s][info][gc,phases   ] GC(4) Y: Young Generation 236M(31%)->96M(13%) 0.067s
[2026-04-03T01:56:04.240+0600][7.804s][info][gc,phases   ] GC(4) O: Old Generation
[2026-04-03T01:56:04.251+0600][7.815s][info][gc,phases   ] GC(4) O: Concurrent Mark 10.930ms
[2026-04-03T01:56:04.251+0600][7.815s][info][gc,phases   ] GC(4) O: Pause Mark End 0.019ms
[2026-04-03T01:56:04.251+0600][7.816s][info][gc,phases   ] GC(4) O: Concurrent Mark Free 0.002ms
[2026-04-03T01:56:04.260+0600][7.824s][info][gc,phases   ] GC(4) O: Concurrent Process Non-Strong 8.204ms
[2026-04-03T01:56:04.260+0600][7.824s][info][gc,phases   ] GC(4) O: Concurrent Reset Relocation Set 0.002ms
[2026-04-03T01:56:04.261+0600][7.825s][info][gc,phases   ] GC(4) O: Concurrent Select Relocation Set 1.661ms
[2026-04-03T01:56:04.261+0600][7.825s][info][gc,task     ] GC(4) O: Using 2 Workers for Old Generation
[2026-04-03T01:56:04.282+0600][7.846s][info][gc,task     ] GC(4) O: Using 1 Workers for Old Generation
[2026-04-03T01:56:04.282+0600][7.846s][info][gc,phases   ] GC(4) O: Concurrent Remap Roots 20.251ms
[2026-04-03T01:56:04.282+0600][7.846s][info][gc,phases   ] GC(4) O: Pause Relocate Start 0.017ms
[2026-04-03T01:56:04.285+0600][7.849s][info][gc,phases   ] GC(4) O: Concurrent Relocate 2.602ms
[2026-04-03T01:56:04.285+0600][7.849s][info][gc,alloc    ] GC(4) O:                         Mark Start        Mark End      Relocate Start    Relocate End   
[2026-04-03T01:56:04.285+0600][7.849s][info][gc,alloc    ] GC(4) O: Allocation Stalls:          0                0                0                0         
[2026-04-03T01:56:04.285+0600][7.849s][info][gc,load     ] GC(4) O: Load: 4.40 (37%) / 6.74 (56%) / 7.13 (59%)
[2026-04-03T01:56:04.285+0600][7.849s][info][gc,mmu      ] GC(4) O: MMU: 2ms/98.5%, 5ms/99.4%, 10ms/99.6%, 20ms/99.7%, 50ms/99.8%, 100ms/99.9%
[2026-04-03T01:56:04.285+0600][7.849s][info][gc,marking  ] GC(4) O: Mark: 1 stripe(s), 2 proactive flush(es), 1 terminate flush(es), 0 completion(s), 0 continuation(s) 
[2026-04-03T01:56:04.285+0600][7.849s][info][gc,marking  ] GC(4) O: Mark Stack Usage: 32M
[2026-04-03T01:56:04.285+0600][7.849s][info][gc,nmethod  ] GC(4) O: NMethods: 2656 registered, 183 unregistered
[2026-04-03T01:56:04.285+0600][7.849s][info][gc,metaspace] GC(4) O: Metaspace: 39M used, 39M committed, 1088M reserved
[2026-04-03T01:56:04.285+0600][7.849s][info][gc,ref      ] GC(4) O:                       Encountered   Discovered     Enqueued 
[2026-04-03T01:56:04.285+0600][7.849s][info][gc,ref      ] GC(4) O: Soft References:             3885            0            0 
[2026-04-03T01:56:04.285+0600][7.849s][info][gc,ref      ] GC(4) O: Weak References:             3062          160            0 
[2026-04-03T01:56:04.285+0600][7.849s][info][gc,ref      ] GC(4) O: Final References:              80            0            0 
[2026-04-03T01:56:04.285+0600][7.849s][info][gc,ref      ] GC(4) O: Phantom References:           575           10            0 
[2026-04-03T01:56:04.285+0600][7.849s][info][gc,reloc    ] GC(4) O:                        Candidates     Selected     In-Place         Size        Empty    Relocated 
[2026-04-03T01:56:04.285+0600][7.849s][info][gc,reloc    ] GC(4) O: Small Pages:                    4            2            0           8M           0M           1M 
[2026-04-03T01:56:04.285+0600][7.849s][info][gc,reloc    ] GC(4) O: Medium Pages:                   0            0            0           0M           0M           0M 
[2026-04-03T01:56:04.285+0600][7.849s][info][gc,reloc    ] GC(4) O: Large Pages:                    0            0            0           0M           0M           0M 
[2026-04-03T01:56:04.285+0600][7.849s][info][gc,reloc    ] GC(4) O: Forwarding Usage: 0M
[2026-04-03T01:56:04.285+0600][7.849s][info][gc,heap     ] GC(4) O: Min Capacity: 8M(1%)
[2026-04-03T01:56:04.285+0600][7.849s][info][gc,heap     ] GC(4) O: Max Capacity: 750M(100%)
[2026-04-03T01:56:04.285+0600][7.849s][info][gc,heap     ] GC(4) O: Soft Max Capacity: 750M(100%)
[2026-04-03T01:56:04.285+0600][7.849s][info][gc,heap     ] GC(4) O: Heap Statistics:
[2026-04-03T01:56:04.285+0600][7.849s][info][gc,heap     ] GC(4) O:                Mark Start          Mark End        Relocate Start      Relocate End           High               Low         
[2026-04-03T01:56:04.285+0600][7.849s][info][gc,heap     ] GC(4) O:  Capacity:      262M (35%)         294M (39%)         294M (39%)         294M (39%)         294M (39%)         262M (35%)    
[2026-04-03T01:56:04.285+0600][7.849s][info][gc,heap     ] GC(4) O:      Free:      514M (69%)         654M (87%)         644M (86%)         644M (86%)         654M (87%)         472M (63%)    
[2026-04-03T01:56:04.285+0600][7.849s][info][gc,heap     ] GC(4) O:      Used:      236M (31%)          96M (13%)         106M (14%)         106M (14%)         278M (37%)          96M (13%)    
[2026-04-03T01:56:04.285+0600][7.849s][info][gc,heap     ] GC(4) O: Old Generation Statistics:
[2026-04-03T01:56:04.285+0600][7.849s][info][gc,heap     ] GC(4) O:                Mark Start          Mark End        Relocate Start      Relocate End    
[2026-04-03T01:56:04.285+0600][7.849s][info][gc,heap     ] GC(4) O:      Used:        8M (1%)            8M (1%)            8M (1%)            8M (1%)     
[2026-04-03T01:56:04.285+0600][7.849s][info][gc,heap     ] GC(4) O:      Live:         -                 3M (0%)            3M (0%)            3M (0%)     
[2026-04-03T01:56:04.285+0600][7.849s][info][gc,heap     ] GC(4) O:   Garbage:         -                 4M (1%)            4M (1%)            0M (0%)     
[2026-04-03T01:56:04.285+0600][7.849s][info][gc,heap     ] GC(4) O: Allocated:         -                 0M (0%)            0M (0%)            4M (1%)     
[2026-04-03T01:56:04.285+0600][7.849s][info][gc,heap     ] GC(4) O: Reclaimed:         -                  -                 0M (0%)            4M (1%)     
[2026-04-03T01:56:04.285+0600][7.849s][info][gc,heap     ] GC(4) O: Compacted:         -                  -                  -                 1M (0%)     
[2026-04-03T01:56:04.285+0600][7.849s][info][gc,phases   ] GC(4) O: Old Generation 96M(13%)->106M(14%) 0.044s
[2026-04-03T01:56:04.285+0600][7.849s][info][gc          ] GC(4) Major Collection (Metadata GC Threshold) 236M(31%)->106M(14%) 0.112s
[2026-04-03T01:56:06.127+0600][9.691s][info][gc          ] GC(5) Minor Collection (Allocation Rate)
[2026-04-03T01:56:06.127+0600][9.691s][info][gc,task     ] GC(5) Using 2 Workers for Young Generation
[2026-04-03T01:56:06.127+0600][9.691s][info][gc,phases   ] GC(5) y: Young Generation
[2026-04-03T01:56:06.127+0600][9.691s][info][gc,phases   ] GC(5) y: Pause Mark Start 0.015ms
[2026-04-03T01:56:06.196+0600][9.760s][info][gc,task     ] Adjusting Workers for Young Generation: 2 -> 3
[2026-04-03T01:56:06.205+0600][9.770s][info][gc,phases   ] GC(5) y: Concurrent Mark 78.116ms
[2026-04-03T01:56:06.206+0600][9.770s][info][gc,phases   ] GC(5) y: Pause Mark End 0.019ms
[2026-04-03T01:56:06.206+0600][9.770s][info][gc,phases   ] GC(5) y: Concurrent Mark Free 0.001ms
[2026-04-03T01:56:06.206+0600][9.770s][info][gc,phases   ] GC(5) y: Concurrent Reset Relocation Set 0.010ms
[2026-04-03T01:56:06.207+0600][9.771s][info][gc,reloc    ] GC(5) y: Using tenuring threshold: 2 (Computed)
[2026-04-03T01:56:06.222+0600][9.787s][info][gc,phases   ] GC(5) y: Concurrent Select Relocation Set 16.782ms
[2026-04-03T01:56:06.223+0600][9.787s][info][gc,phases   ] GC(5) y: Pause Relocate Start 0.020ms
[2026-04-03T01:56:06.274+0600][9.838s][info][gc,phases   ] GC(5) y: Concurrent Relocate 51.163ms
[2026-04-03T01:56:06.274+0600][9.838s][info][gc,alloc    ] GC(5) y:                         Mark Start        Mark End      Relocate Start    Relocate End   
[2026-04-03T01:56:06.274+0600][9.838s][info][gc,alloc    ] GC(5) y: Allocation Stalls:          0                0                0                0         
[2026-04-03T01:56:06.274+0600][9.838s][info][gc,load     ] GC(5) y: Load: 4.13 (34%) / 6.64 (55%) / 7.09 (59%)
[2026-04-03T01:56:06.274+0600][9.838s][info][gc,mmu      ] GC(5) y: MMU: 2ms/98.5%, 5ms/99.4%, 10ms/99.6%, 20ms/99.7%, 50ms/99.8%, 100ms/99.9%
[2026-04-03T01:56:06.274+0600][9.838s][info][gc,marking  ] GC(5) y: Mark: 2 stripe(s), 3 proactive flush(es), 1 terminate flush(es), 0 completion(s), 0 continuation(s) 
[2026-04-03T01:56:06.274+0600][9.838s][info][gc,marking  ] GC(5) y: Mark Stack Usage: 32M
[2026-04-03T01:56:06.274+0600][9.838s][info][gc,nmethod  ] GC(5) y: NMethods: 3149 registered, 183 unregistered
[2026-04-03T01:56:06.274+0600][9.838s][info][gc,metaspace] GC(5) y: Metaspace: 47M used, 48M committed, 1088M reserved
[2026-04-03T01:56:06.274+0600][9.838s][info][gc,reloc    ] GC(5) y:                        Candidates     Selected     In-Place         Size        Empty    Relocated 
[2026-04-03T01:56:06.274+0600][9.838s][info][gc,reloc    ] GC(5) y: Small Pages:                  303          270            0         606M           0M          39M 
[2026-04-03T01:56:06.274+0600][9.838s][info][gc,reloc    ] GC(5) y: Medium Pages:                   4            2            1          64M          16M           2M 
[2026-04-03T01:56:06.274+0600][9.838s][info][gc,reloc    ] GC(5) y: Large Pages:                    1            0            0           4M           0M           0M 
[2026-04-03T01:56:06.274+0600][9.838s][info][gc,reloc    ] GC(5) y: Forwarding Usage: 30M
[2026-04-03T01:56:06.274+0600][9.838s][info][gc,reloc    ] GC(5) y: Age Table:
[2026-04-03T01:56:06.274+0600][9.838s][info][gc,reloc    ] GC(5) y:                    Live             Garbage             Small              Medium             Large        
[2026-04-03T01:56:06.274+0600][9.838s][info][gc,reloc    ] GC(5) y: Eden              41M (6%)          550M (73%)        288 / 265            1 / 0              0 / 0        
[2026-04-03T01:56:06.274+0600][9.838s][info][gc,reloc    ] GC(5) y: Survivor 1         5M (1%)           18M (2%)           4 / 1              1 / 0              0 / 0        
[2026-04-03T01:56:06.274+0600][9.838s][info][gc,reloc    ] GC(5) y: Survivor 2         5M (1%)            2M (0%)           4 / 1              0 / 0              0 / 0        
[2026-04-03T01:56:06.274+0600][9.838s][info][gc,reloc    ] GC(5) y: Survivor 3        11M (2%)           34M (5%)           5 / 2              2 / 2              1 / 0        
[2026-04-03T01:56:06.274+0600][9.838s][info][gc,reloc    ] GC(5) y: Survivor 4         0M (0%)            3M (0%)           2 / 1              0 / 0              0 / 0        
[2026-04-03T01:56:06.274+0600][9.838s][info][gc,heap     ] GC(5) y: Min Capacity: 8M(1%)
[2026-04-03T01:56:06.274+0600][9.838s][info][gc,heap     ] GC(5) y: Max Capacity: 750M(100%)
[2026-04-03T01:56:06.274+0600][9.838s][info][gc,heap     ] GC(5) y: Soft Max Capacity: 750M(100%)
[2026-04-03T01:56:06.274+0600][9.838s][info][gc,heap     ] GC(5) y: Heap Statistics:
[2026-04-03T01:56:06.274+0600][9.838s][info][gc,heap     ] GC(5) y:                Mark Start          Mark End        Relocate Start      Relocate End           High               Low         
[2026-04-03T01:56:06.274+0600][9.838s][info][gc,heap     ] GC(5) y:  Capacity:      682M (91%)         726M (97%)         728M (97%)         744M (99%)         744M (99%)         682M (91%)    
[2026-04-03T01:56:06.274+0600][9.838s][info][gc,heap     ] GC(5) y:      Free:       68M (9%)           24M (3%)           28M (4%)          538M (72%)         542M (72%)           6M (1%)     
[2026-04-03T01:56:06.274+0600][9.838s][info][gc,heap     ] GC(5) y:      Used:      682M (91%)         726M (97%)         722M (96%)         212M (28%)         744M (99%)         208M (28%)    
[2026-04-03T01:56:06.274+0600][9.838s][info][gc,heap     ] GC(5) y: Young Generation Statistics:
[2026-04-03T01:56:06.274+0600][9.838s][info][gc,heap     ] GC(5) y:                Mark Start          Mark End        Relocate Start      Relocate End    
[2026-04-03T01:56:06.274+0600][9.838s][info][gc,heap     ] GC(5) y:      Used:      674M (90%)         718M (96%)         700M (93%)         168M (22%)    
[2026-04-03T01:56:06.274+0600][9.838s][info][gc,heap     ] GC(5) y:      Live:         -                65M (9%)           52M (7%)           47M (6%)     
[2026-04-03T01:56:06.274+0600][9.838s][info][gc,heap     ] GC(5) y:   Garbage:         -               608M (81%)         591M (79%)           0M (0%)     
[2026-04-03T01:56:06.274+0600][9.838s][info][gc,heap     ] GC(5) y: Allocated:         -                44M (6%)           56M (7%)          120M (16%)    
[2026-04-03T01:56:06.274+0600][9.838s][info][gc,heap     ] GC(5) y: Reclaimed:         -                  -                16M (2%)          608M (81%)    
[2026-04-03T01:56:06.274+0600][9.839s][info][gc,heap     ] GC(5) y:  Promoted:         -                  -                13M (2%)           18M (2%)     
[2026-04-03T01:56:06.274+0600][9.839s][info][gc,heap     ] GC(5) y: Compacted:         -                  -                  -                43M (6%)     
[2026-04-03T01:56:06.274+0600][9.839s][info][gc,phases   ] GC(5) y: Young Generation 682M(91%)->212M(28%) 0.147s
[2026-04-03T01:56:06.274+0600][9.839s][info][gc          ] GC(5) Minor Collection (Allocation Rate) 682M(91%)->212M(28%) 0.148s
[2026-04-03T01:56:06.275+0600][9.840s][info][gc          ] GC(6) Minor Collection (Allocation Rate)
[2026-04-03T01:56:06.276+0600][9.840s][info][gc,task     ] GC(6) Using 3 Workers for Young Generation
[2026-04-03T01:56:06.276+0600][9.840s][info][gc,phases   ] GC(6) y: Young Generation
[2026-04-03T01:56:06.276+0600][9.840s][info][gc,phases   ] GC(6) y: Pause Mark Start 0.043ms
[2026-04-03T01:56:06.537+0600][10.101s][info][gc,phases   ] GC(6) y: Concurrent Mark 260.576ms
[2026-04-03T01:56:06.537+0600][10.101s][info][gc,phases   ] GC(6) y: Pause Mark End 0.025ms
[2026-04-03T01:56:06.537+0600][10.101s][info][gc,phases   ] GC(6) y: Concurrent Mark Free 0.001ms
[2026-04-03T01:56:06.537+0600][10.101s][info][gc,phases   ] GC(6) y: Concurrent Reset Relocation Set 0.046ms
[2026-04-03T01:56:06.538+0600][10.102s][info][gc,reloc    ] GC(6) y: Using tenuring threshold: 1 (Computed)
[2026-04-03T01:56:06.552+0600][10.116s][info][gc,phases   ] GC(6) y: Concurrent Select Relocation Set 15.471ms
[2026-04-03T01:56:06.553+0600][10.117s][info][gc,phases   ] GC(6) y: Pause Relocate Start 0.016ms
[2026-04-03T01:56:06.581+0600][10.145s][info][gc,phases   ] GC(6) y: Concurrent Relocate 28.408ms
[2026-04-03T01:56:06.581+0600][10.145s][info][gc,alloc    ] GC(6) y:                         Mark Start        Mark End      Relocate Start    Relocate End   
[2026-04-03T01:56:06.581+0600][10.145s][info][gc,alloc    ] GC(6) y: Allocation Stalls:          0                0                0                0         
[2026-04-03T01:56:06.581+0600][10.145s][info][gc,load     ] GC(6) y: Load: 4.13 (34%) / 6.64 (55%) / 7.09 (59%)
[2026-04-03T01:56:06.581+0600][10.145s][info][gc,mmu      ] GC(6) y: MMU: 2ms/97.8%, 5ms/99.1%, 10ms/99.6%, 20ms/99.7%, 50ms/99.8%, 100ms/99.9%
[2026-04-03T01:56:06.581+0600][10.145s][info][gc,marking  ] GC(6) y: Mark: 2 stripe(s), 10 proactive flush(es), 1 terminate flush(es), 0 completion(s), 0 continuation(s) 
[2026-04-03T01:56:06.581+0600][10.145s][info][gc,marking  ] GC(6) y: Mark Stack Usage: 32M
[2026-04-03T01:56:06.581+0600][10.145s][info][gc,nmethod  ] GC(6) y: NMethods: 3150 registered, 183 unregistered
[2026-04-03T01:56:06.581+0600][10.145s][info][gc,metaspace] GC(6) y: Metaspace: 47M used, 48M committed, 1088M reserved
[2026-04-03T01:56:06.581+0600][10.145s][info][gc,reloc    ] GC(6) y:                        Candidates     Selected     In-Place         Size        Empty    Relocated 
[2026-04-03T01:56:06.581+0600][10.145s][info][gc,reloc    ] GC(6) y: Small Pages:                   77           48            0         154M           0M           8M 
[2026-04-03T01:56:06.581+0600][10.145s][info][gc,reloc    ] GC(6) y: Medium Pages:                   1            0            0          16M           0M           0M 
[2026-04-03T01:56:06.581+0600][10.145s][info][gc,reloc    ] GC(6) y: Large Pages:                    0            0            0           0M           0M           0M 
[2026-04-03T01:56:06.581+0600][10.145s][info][gc,reloc    ] GC(6) y: Forwarding Usage: 6M
[2026-04-03T01:56:06.581+0600][10.145s][info][gc,reloc    ] GC(6) y: Age Table:
[2026-04-03T01:56:06.581+0600][10.145s][info][gc,reloc    ] GC(6) y:                    Live             Garbage             Small              Medium             Large        
[2026-04-03T01:56:06.581+0600][10.145s][info][gc,reloc    ] GC(6) y: Eden               7M (1%)           92M (12%)         50 / 46             0 / 0              0 / 0        
[2026-04-03T01:56:06.581+0600][10.145s][info][gc,reloc    ] GC(6) y: Survivor 1        41M (6%)            4M (1%)          23 / 1              0 / 0              0 / 0        
[2026-04-03T01:56:06.581+0600][10.145s][info][gc,reloc    ] GC(6) y: Survivor 2         5M (1%)           18M (2%)           4 / 1              1 / 0              0 / 0        
[2026-04-03T01:56:06.581+0600][10.145s][info][gc,heap     ] GC(6) y: Min Capacity: 8M(1%)
[2026-04-03T01:56:06.581+0600][10.145s][info][gc,heap     ] GC(6) y: Max Capacity: 750M(100%)
[2026-04-03T01:56:06.581+0600][10.145s][info][gc,heap     ] GC(6) y: Soft Max Capacity: 750M(100%)
[2026-04-03T01:56:06.581+0600][10.145s][info][gc,heap     ] GC(6) y: Heap Statistics:
[2026-04-03T01:56:06.581+0600][10.145s][info][gc,heap     ] GC(6) y:                Mark Start          Mark End        Relocate Start      Relocate End           High               Low         
[2026-04-03T01:56:06.581+0600][10.145s][info][gc,heap     ] GC(6) y:  Capacity:      744M (99%)         744M (99%)         744M (99%)         744M (99%)         744M (99%)         744M (99%)    
[2026-04-03T01:56:06.581+0600][10.145s][info][gc,heap     ] GC(6) y:      Free:      536M (71%)         266M (35%)         248M (33%)         314M (42%)         536M (71%)         246M (33%)    
[2026-04-03T01:56:06.581+0600][10.145s][info][gc,heap     ] GC(6) y:      Used:      214M (29%)         484M (65%)         502M (67%)         436M (58%)         504M (67%)         214M (29%)    
[2026-04-03T01:56:06.581+0600][10.145s][info][gc,heap     ] GC(6) y: Young Generation Statistics:
[2026-04-03T01:56:06.581+0600][10.145s][info][gc,heap     ] GC(6) y:                Mark Start          Mark End        Relocate Start      Relocate End    
[2026-04-03T01:56:06.581+0600][10.145s][info][gc,heap     ] GC(6) y:      Used:      170M (23%)         440M (59%)         394M (53%)         324M (43%)    
[2026-04-03T01:56:06.581+0600][10.145s][info][gc,heap     ] GC(6) y:      Live:         -                55M (7%)            8M (1%)            7M (1%)     
[2026-04-03T01:56:06.581+0600][10.145s][info][gc,heap     ] GC(6) y:   Garbage:         -               114M (15%)          97M (13%)           0M (0%)     
[2026-04-03T01:56:06.581+0600][10.145s][info][gc,heap     ] GC(6) y: Allocated:         -               270M (36%)         288M (38%)         316M (42%)    
[2026-04-03T01:56:06.581+0600][10.145s][info][gc,heap     ] GC(6) y: Reclaimed:         -                  -                17M (2%)          114M (15%)    
[2026-04-03T01:56:06.581+0600][10.145s][info][gc,heap     ] GC(6) y:  Promoted:         -                  -                46M (6%)           47M (6%)     
[2026-04-03T01:56:06.581+0600][10.145s][info][gc,heap     ] GC(6) y: Compacted:         -                  -                  -                 7M (1%)     
[2026-04-03T01:56:06.581+0600][10.145s][info][gc,phases   ] GC(6) y: Young Generation 214M(29%)->436M(58%) 0.306s
[2026-04-03T01:56:06.581+0600][10.145s][info][gc          ] GC(6) Minor Collection (Allocation Rate) 214M(29%)->438M(58%) 0.306s
[2026-04-03T01:56:06.582+0600][10.146s][info][gc          ] GC(7) Major Collection (Allocation Rate)
[2026-04-03T01:56:06.582+0600][10.146s][info][gc,task     ] GC(7) Using 3 Workers for Young Generation
[2026-04-03T01:56:06.582+0600][10.146s][info][gc,task     ] GC(7) Using 1 Workers for Old Generation
[2026-04-03T01:56:06.582+0600][10.146s][info][gc,phases   ] GC(7) Y: Young Generation
[2026-04-03T01:56:06.582+0600][10.146s][info][gc,phases   ] GC(7) Y: Pause Mark Start (Major) 0.034ms
[2026-04-03T01:56:06.673+0600][10.237s][info][gc,phases   ] GC(7) Y: Concurrent Mark 90.548ms
[2026-04-03T01:56:06.673+0600][10.237s][info][gc,phases   ] GC(7) Y: Pause Mark End 0.030ms
[2026-04-03T01:56:06.674+0600][10.238s][info][gc,phases   ] GC(7) Y: Concurrent Mark Free 0.001ms
[2026-04-03T01:56:06.674+0600][10.238s][info][gc,phases   ] GC(7) Y: Concurrent Reset Relocation Set 0.054ms
[2026-04-03T01:56:06.678+0600][10.242s][info][gc,reloc    ] GC(7) Y: Using tenuring threshold: 2 (Computed)
[2026-04-03T01:56:06.683+0600][10.247s][info][gc,phases   ] GC(7) Y: Concurrent Select Relocation Set 9.491ms
[2026-04-03T01:56:06.683+0600][10.247s][info][gc,phases   ] GC(7) Y: Pause Relocate Start 0.022ms
[2026-04-03T01:56:06.707+0600][10.271s][info][gc,phases   ] GC(7) Y: Concurrent Relocate 23.358ms
[2026-04-03T01:56:06.707+0600][10.271s][info][gc,alloc    ] GC(7) Y:                         Mark Start        Mark End      Relocate Start    Relocate End   
[2026-04-03T01:56:06.707+0600][10.271s][info][gc,alloc    ] GC(7) Y: Allocation Stalls:          0                0                0                0         
[2026-04-03T01:56:06.707+0600][10.271s][info][gc,load     ] GC(7) Y: Load: 4.13 (34%) / 6.64 (55%) / 7.09 (59%)
[2026-04-03T01:56:06.707+0600][10.271s][info][gc,mmu      ] GC(7) Y: MMU: 2ms/97.8%, 5ms/99.1%, 10ms/99.6%, 20ms/99.7%, 50ms/99.8%, 100ms/99.9%
[2026-04-03T01:56:06.707+0600][10.271s][info][gc,marking  ] GC(7) Y: Mark: 2 stripe(s), 10 proactive flush(es), 1 terminate flush(es), 0 completion(s), 0 continuation(s) 
[2026-04-03T01:56:06.707+0600][10.271s][info][gc,marking  ] GC(7) Y: Mark Stack Usage: 32M
[2026-04-03T01:56:06.707+0600][10.271s][info][gc,nmethod  ] GC(7) Y: NMethods: 3150 registered, 183 unregistered
[2026-04-03T01:56:06.707+0600][10.271s][info][gc,metaspace] GC(7) Y: Metaspace: 47M used, 48M committed, 1088M reserved
[2026-04-03T01:56:06.707+0600][10.271s][info][gc,reloc    ] GC(7) Y:                        Candidates     Selected     In-Place         Size        Empty    Relocated 
[2026-04-03T01:56:06.707+0600][10.271s][info][gc,reloc    ] GC(7) Y: Small Pages:                  163          145            0         326M           0M          23M 
[2026-04-03T01:56:06.707+0600][10.271s][info][gc,reloc    ] GC(7) Y: Medium Pages:                   0            0            0           0M           0M           0M 
[2026-04-03T01:56:06.707+0600][10.271s][info][gc,reloc    ] GC(7) Y: Large Pages:                    0            0            0           0M           0M           0M 
[2026-04-03T01:56:06.707+0600][10.271s][info][gc,reloc    ] GC(7) Y: Forwarding Usage: 20M
[2026-04-03T01:56:06.707+0600][10.271s][info][gc,reloc    ] GC(7) Y: Age Table:
[2026-04-03T01:56:06.707+0600][10.271s][info][gc,reloc    ] GC(7) Y:                    Live             Garbage             Small              Medium             Large        
[2026-04-03T01:56:06.707+0600][10.271s][info][gc,reloc    ] GC(7) Y: Eden              24M (3%)          291M (39%)        158 / 144            0 / 0              0 / 0        
[2026-04-03T01:56:06.707+0600][10.271s][info][gc,reloc    ] GC(7) Y: Survivor 1         7M (1%)            2M (0%)           5 / 1              0 / 0              0 / 0        
[2026-04-03T01:56:06.707+0600][10.271s][info][gc,heap     ] GC(7) Y: Min Capacity: 8M(1%)
[2026-04-03T01:56:06.707+0600][10.271s][info][gc,heap     ] GC(7) Y: Max Capacity: 750M(100%)
[2026-04-03T01:56:06.707+0600][10.271s][info][gc,heap     ] GC(7) Y: Soft Max Capacity: 750M(100%)
[2026-04-03T01:56:06.707+0600][10.271s][info][gc,heap     ] GC(7) Y: Heap Statistics:
[2026-04-03T01:56:06.707+0600][10.271s][info][gc,heap     ] GC(7) Y:                Mark Start          Mark End        Relocate Start      Relocate End           High               Low         
[2026-04-03T01:56:06.707+0600][10.271s][info][gc,heap     ] GC(7) Y:  Capacity:      744M (99%)         744M (99%)         744M (99%)         744M (99%)         744M (99%)         744M (99%)    
[2026-04-03T01:56:06.707+0600][10.271s][info][gc,heap     ] GC(7) Y:      Free:      312M (42%)         224M (30%)         214M (29%)         482M (64%)         482M (64%)         208M (28%)    
[2026-04-03T01:56:06.707+0600][10.271s][info][gc,heap     ] GC(7) Y:      Used:      438M (58%)         526M (70%)         536M (71%)         268M (36%)         542M (72%)         268M (36%)    
[2026-04-03T01:56:06.707+0600][10.271s][info][gc,heap     ] GC(7) Y: Young Generation Statistics:
[2026-04-03T01:56:06.707+0600][10.271s][info][gc,heap     ] GC(7) Y:                Mark Start          Mark End        Relocate Start      Relocate End    
[2026-04-03T01:56:06.707+0600][10.271s][info][gc,heap     ] GC(7) Y:      Used:      326M (43%)         414M (55%)         424M (57%)         156M (21%)    
[2026-04-03T01:56:06.707+0600][10.271s][info][gc,heap     ] GC(7) Y:      Live:         -                32M (4%)           32M (4%)           32M (4%)     
[2026-04-03T01:56:06.707+0600][10.271s][info][gc,heap     ] GC(7) Y:   Garbage:         -               293M (39%)         293M (39%)           0M (0%)     
[2026-04-03T01:56:06.707+0600][10.271s][info][gc,heap     ] GC(7) Y: Allocated:         -                88M (12%)          98M (13%)         123M (17%)    
[2026-04-03T01:56:06.707+0600][10.271s][info][gc,heap     ] GC(7) Y: Reclaimed:         -                  -                 0M (0%)          293M (39%)    
[2026-04-03T01:56:06.707+0600][10.271s][info][gc,heap     ] GC(7) Y:  Promoted:         -                  -                 0M (0%)            0M (0%)     
[2026-04-03T01:56:06.707+0600][10.271s][info][gc,heap     ] GC(7) Y: Compacted:         -                  -                  -                26M (3%)     
[2026-04-03T01:56:06.707+0600][10.271s][info][gc,phases   ] GC(7) Y: Young Generation 438M(58%)->268M(36%) 0.125s
[2026-04-03T01:56:06.707+0600][10.271s][info][gc,phases   ] GC(7) O: Old Generation
[2026-04-03T01:56:06.708+0600][10.272s][info][gc          ] GC(8) Minor Collection (Allocation Rate)
[2026-04-03T01:56:06.708+0600][10.272s][info][gc,task     ] GC(8) Using 2 Workers for Young Generation
[2026-04-03T01:56:06.708+0600][10.272s][info][gc,phases   ] GC(8) y: Young Generation
[2026-04-03T01:56:06.709+0600][10.273s][info][gc,phases   ] GC(8) y: Pause Mark Start 0.042ms
[2026-04-03T01:56:06.791+0600][10.356s][info][gc,phases   ] GC(8) y: Concurrent Mark 82.634ms
[2026-04-03T01:56:06.792+0600][10.356s][info][gc,phases   ] GC(8) y: Pause Mark End 0.031ms
[2026-04-03T01:56:06.792+0600][10.356s][info][gc,phases   ] GC(8) y: Concurrent Mark Free 0.001ms
[2026-04-03T01:56:06.792+0600][10.356s][info][gc,phases   ] GC(8) y: Concurrent Reset Relocation Set 0.030ms
[2026-04-03T01:56:06.797+0600][10.361s][info][gc,reloc    ] GC(8) y: Using tenuring threshold: 1 (Computed)
[2026-04-03T01:56:06.812+0600][10.376s][info][gc,phases   ] GC(8) y: Concurrent Select Relocation Set 19.741ms
[2026-04-03T01:56:06.812+0600][10.376s][info][gc,phases   ] GC(8) y: Pause Relocate Start 0.027ms
[2026-04-03T01:56:06.850+0600][10.414s][info][gc,phases   ] GC(8) y: Concurrent Relocate 37.355ms
[2026-04-03T01:56:06.850+0600][10.414s][info][gc,alloc    ] GC(8) y:                         Mark Start        Mark End      Relocate Start    Relocate End   
[2026-04-03T01:56:06.850+0600][10.414s][info][gc,alloc    ] GC(8) y: Allocation Stalls:          0                0                0                0         
[2026-04-03T01:56:06.850+0600][10.414s][info][gc,load     ] GC(8) y: Load: 4.13 (34%) / 6.64 (55%) / 7.09 (59%)
[2026-04-03T01:56:06.850+0600][10.414s][info][gc,mmu      ] GC(8) y: MMU: 2ms/97.8%, 5ms/99.1%, 10ms/99.6%, 20ms/99.7%, 50ms/99.8%, 100ms/99.9%
[2026-04-03T01:56:06.850+0600][10.414s][info][gc,marking  ] GC(8) y: Mark: 2 stripe(s), 3 proactive flush(es), 1 terminate flush(es), 0 completion(s), 0 continuation(s) 
[2026-04-03T01:56:06.850+0600][10.414s][info][gc,marking  ] GC(8) y: Mark Stack Usage: 32M
[2026-04-03T01:56:06.850+0600][10.414s][info][gc,nmethod  ] GC(8) y: NMethods: 3150 registered, 183 unregistered
[2026-04-03T01:56:06.850+0600][10.414s][info][gc,metaspace] GC(8) y: Metaspace: 47M used, 48M committed, 1088M reserved
[2026-04-03T01:56:06.850+0600][10.414s][info][gc,reloc    ] GC(8) y:                        Candidates     Selected     In-Place         Size        Empty    Relocated 
[2026-04-03T01:56:06.850+0600][10.414s][info][gc,reloc    ] GC(8) y: Small Pages:                   79           57            0         158M           0M          10M 
[2026-04-03T01:56:06.850+0600][10.414s][info][gc,reloc    ] GC(8) y: Medium Pages:                   0            0            0           0M           0M           0M 
[2026-04-03T01:56:06.850+0600][10.414s][info][gc,reloc    ] GC(8) y: Large Pages:                    0            0            0           0M           0M           0M 
[2026-04-03T01:56:06.850+0600][10.414s][info][gc,reloc    ] GC(8) y: Forwarding Usage: 8M
[2026-04-03T01:56:06.850+0600][10.414s][info][gc,reloc    ] GC(8) y: Age Table:
[2026-04-03T01:56:06.850+0600][10.414s][info][gc,reloc    ] GC(8) y:                    Live             Garbage             Small              Medium             Large        
[2026-04-03T01:56:06.850+0600][10.414s][info][gc,reloc    ] GC(8) y: Eden               9M (1%)          112M (15%)         61 / 55             0 / 0              0 / 0        
[2026-04-03T01:56:06.850+0600][10.414s][info][gc,reloc    ] GC(8) y: Survivor 1        24M (3%)            1M (0%)          13 / 0              0 / 0              0 / 0        
[2026-04-03T01:56:06.850+0600][10.414s][info][gc,reloc    ] GC(8) y: Survivor 2         7M (1%)            2M (0%)           5 / 2              0 / 0              0 / 0        
[2026-04-03T01:56:06.850+0600][10.414s][info][gc,heap     ] GC(8) y: Min Capacity: 8M(1%)
[2026-04-03T01:56:06.850+0600][10.414s][info][gc,heap     ] GC(8) y: Max Capacity: 750M(100%)
[2026-04-03T01:56:06.850+0600][10.414s][info][gc,heap     ] GC(8) y: Soft Max Capacity: 750M(100%)
[2026-04-03T01:56:06.850+0600][10.414s][info][gc,heap     ] GC(8) y: Heap Statistics:
[2026-04-03T01:56:06.850+0600][10.414s][info][gc,heap     ] GC(8) y:                Mark Start          Mark End        Relocate Start      Relocate End           High               Low         
[2026-04-03T01:56:06.850+0600][10.414s][info][gc,heap     ] GC(8) y:  Capacity:      744M (99%)         744M (99%)         744M (99%)         744M (99%)         744M (99%)         744M (99%)    
[2026-04-03T01:56:06.850+0600][10.414s][info][gc,heap     ] GC(8) y:      Free:      480M (64%)         406M (54%)         390M (52%)         468M (62%)         484M (65%)         388M (52%)    
[2026-04-03T01:56:06.850+0600][10.414s][info][gc,heap     ] GC(8) y:      Used:      270M (36%)         344M (46%)         360M (48%)         282M (38%)         362M (48%)         266M (35%)    
[2026-04-03T01:56:06.850+0600][10.414s][info][gc,heap     ] GC(8) y: Young Generation Statistics:
[2026-04-03T01:56:06.850+0600][10.414s][info][gc,heap     ] GC(8) y:                Mark Start          Mark End        Relocate Start      Relocate End    
[2026-04-03T01:56:06.850+0600][10.414s][info][gc,heap     ] GC(8) y:      Used:      158M (21%)         232M (31%)         218M (29%)         136M (18%)    
[2026-04-03T01:56:06.850+0600][10.414s][info][gc,heap     ] GC(8) y:      Live:         -                41M (6%)           11M (2%)            9M (1%)     
[2026-04-03T01:56:06.850+0600][10.414s][info][gc,heap     ] GC(8) y:   Garbage:         -               116M (16%)         116M (16%)           0M (0%)     
[2026-04-03T01:56:06.850+0600][10.414s][info][gc,heap     ] GC(8) y: Allocated:         -                74M (10%)          90M (12%)         126M (17%)    
[2026-04-03T01:56:06.850+0600][10.414s][info][gc,heap     ] GC(8) y: Reclaimed:         -                  -                 0M (0%)          116M (16%)    
[2026-04-03T01:56:06.850+0600][10.414s][info][gc,heap     ] GC(8) y:  Promoted:         -                  -                29M (4%)           32M (4%)     
[2026-04-03T01:56:06.850+0600][10.414s][info][gc,heap     ] GC(8) y: Compacted:         -                  -                  -                 9M (1%)     
[2026-04-03T01:56:06.850+0600][10.414s][info][gc,phases   ] GC(8) y: Young Generation 270M(36%)->282M(38%) 0.142s
[2026-04-03T01:56:06.850+0600][10.414s][info][gc          ] GC(8) Minor Collection (Allocation Rate) 270M(36%)->282M(38%) 0.143s
[2026-04-03T01:56:06.850+0600][10.415s][info][gc          ] GC(9) Minor Collection (Allocation Rate)
[2026-04-03T01:56:06.851+0600][10.415s][info][gc,task     ] GC(9) Using 2 Workers for Young Generation
[2026-04-03T01:56:06.851+0600][10.415s][info][gc,phases   ] GC(9) y: Young Generation
[2026-04-03T01:56:06.851+0600][10.415s][info][gc,phases   ] GC(9) y: Pause Mark Start 0.025ms
[2026-04-03T01:56:06.862+0600][10.426s][info][gc,phases   ] GC(7) O: Concurrent Mark 154.229ms
[2026-04-03T01:56:06.862+0600][10.426s][info][gc,phases   ] GC(7) O: Pause Mark End 0.032ms
[2026-04-03T01:56:06.862+0600][10.426s][info][gc,phases   ] GC(7) O: Concurrent Mark Free 0.001ms
[2026-04-03T01:56:06.875+0600][10.439s][info][gc,phases   ] GC(7) O: Concurrent Process Non-Strong 12.382ms
[2026-04-03T01:56:06.875+0600][10.439s][info][gc,phases   ] GC(7) O: Concurrent Reset Relocation Set 0.002ms
[2026-04-03T01:56:06.878+0600][10.442s][info][gc,phases   ] GC(7) O: Concurrent Select Relocation Set 3.374ms
[2026-04-03T01:56:06.898+0600][10.462s][info][gc,phases   ] GC(9) y: Concurrent Mark 46.988ms
[2026-04-03T01:56:06.898+0600][10.462s][info][gc,phases   ] GC(9) y: Pause Mark End 0.027ms
[2026-04-03T01:56:06.899+0600][10.463s][info][gc,phases   ] GC(9) y: Concurrent Mark Free 0.001ms
[2026-04-03T01:56:06.899+0600][10.463s][info][gc,phases   ] GC(9) y: Concurrent Reset Relocation Set 0.042ms
[2026-04-03T01:56:06.903+0600][10.467s][info][gc,reloc    ] GC(9) y: Using tenuring threshold: 2 (Computed)
[2026-04-03T01:56:06.904+0600][10.468s][info][gc,phases   ] GC(9) y: Concurrent Select Relocation Set 5.517ms
[2026-04-03T01:56:06.905+0600][10.469s][info][gc,phases   ] GC(9) y: Pause Relocate Start 0.064ms
[2026-04-03T01:56:06.917+0600][10.482s][info][gc,phases   ] GC(9) y: Concurrent Relocate 12.803ms
[2026-04-03T01:56:06.918+0600][10.482s][info][gc,alloc    ] GC(9) y:                         Mark Start        Mark End      Relocate Start    Relocate End   
[2026-04-03T01:56:06.918+0600][10.482s][info][gc,alloc    ] GC(9) y: Allocation Stalls:          0                0                0                0         
[2026-04-03T01:56:06.918+0600][10.482s][info][gc,load     ] GC(9) y: Load: 4.13 (34%) / 6.64 (55%) / 7.09 (59%)
[2026-04-03T01:56:06.918+0600][10.482s][info][gc,mmu      ] GC(9) y: MMU: 2ms/96.8%, 5ms/98.7%, 10ms/99.1%, 20ms/99.5%, 50ms/99.8%, 100ms/99.8%
[2026-04-03T01:56:06.918+0600][10.482s][info][gc,marking  ] GC(9) y: Mark: 2 stripe(s), 10 proactive flush(es), 1 terminate flush(es), 0 completion(s), 0 continuation(s) 
[2026-04-03T01:56:06.918+0600][10.482s][info][gc,marking  ] GC(9) y: Mark Stack Usage: 32M
[2026-04-03T01:56:06.918+0600][10.482s][info][gc,nmethod  ] GC(9) y: NMethods: 3039 registered, 299 unregistered
[2026-04-03T01:56:06.918+0600][10.482s][info][gc,metaspace] GC(9) y: Metaspace: 47M used, 48M committed, 1088M reserved
[2026-04-03T01:56:06.918+0600][10.482s][info][gc,reloc    ] GC(9) y:                        Candidates     Selected     In-Place         Size        Empty    Relocated 
[2026-04-03T01:56:06.918+0600][10.482s][info][gc,reloc    ] GC(9) y: Small Pages:                   68           57            0         136M           0M           9M 
[2026-04-03T01:56:06.918+0600][10.482s][info][gc,reloc    ] GC(9) y: Medium Pages:                   0            0            0           0M           0M           0M 
[2026-04-03T01:56:06.918+0600][10.482s][info][gc,reloc    ] GC(9) y: Large Pages:                    0            0            0           0M           0M           0M 
[2026-04-03T01:56:06.918+0600][10.482s][info][gc,reloc    ] GC(9) y: Forwarding Usage: 8M
[2026-04-03T01:56:06.918+0600][10.482s][info][gc,reloc    ] GC(9) y: Age Table:
[2026-04-03T01:56:06.918+0600][10.482s][info][gc,reloc    ] GC(9) y:                    Live             Garbage             Small              Medium             Large        
[2026-04-03T01:56:06.918+0600][10.482s][info][gc,reloc    ] GC(9) y: Eden               9M (1%)          114M (15%)         62 / 56             0 / 0              0 / 0        
[2026-04-03T01:56:06.918+0600][10.482s][info][gc,reloc    ] GC(9) y: Survivor 1         9M (1%)            2M (0%)           6 / 1              0 / 0              0 / 0        
[2026-04-03T01:56:06.918+0600][10.482s][info][gc,heap     ] GC(9) y: Min Capacity: 8M(1%)
[2026-04-03T01:56:06.918+0600][10.482s][info][gc,heap     ] GC(9) y: Max Capacity: 750M(100%)
[2026-04-03T01:56:06.918+0600][10.482s][info][gc,heap     ] GC(9) y: Soft Max Capacity: 750M(100%)
[2026-04-03T01:56:06.918+0600][10.482s][info][gc,heap     ] GC(9) y: Heap Statistics:
[2026-04-03T01:56:06.918+0600][10.482s][info][gc,heap     ] GC(9) y:                Mark Start          Mark End        Relocate Start      Relocate End           High               Low         
[2026-04-03T01:56:06.918+0600][10.482s][info][gc,heap     ] GC(9) y:  Capacity:      744M (99%)         744M (99%)         744M (99%)         744M (99%)         744M (99%)         744M (99%)    
[2026-04-03T01:56:06.918+0600][10.482s][info][gc,heap     ] GC(9) y:      Free:      468M (62%)         424M (57%)         418M (56%)         518M (69%)         518M (69%)         416M (55%)    
[2026-04-03T01:56:06.918+0600][10.482s][info][gc,heap     ] GC(9) y:      Used:      282M (38%)         326M (43%)         332M (44%)         232M (31%)         334M (45%)         232M (31%)    
[2026-04-03T01:56:06.918+0600][10.482s][info][gc,heap     ] GC(9) y: Young Generation Statistics:
[2026-04-03T01:56:06.918+0600][10.482s][info][gc,heap     ] GC(9) y:                Mark Start          Mark End        Relocate Start      Relocate End    
[2026-04-03T01:56:06.918+0600][10.482s][info][gc,heap     ] GC(9) y:      Used:      136M (18%)         180M (24%)         186M (25%)          86M (11%)    
[2026-04-03T01:56:06.918+0600][10.482s][info][gc,heap     ] GC(9) y:      Live:         -                18M (3%)           18M (3%)           18M (3%)     
[2026-04-03T01:56:06.918+0600][10.482s][info][gc,heap     ] GC(9) y:   Garbage:         -               117M (16%)         117M (16%)           1M (0%)     
[2026-04-03T01:56:06.918+0600][10.482s][info][gc,heap     ] GC(9) y: Allocated:         -                44M (6%)           50M (7%)           65M (9%)     
[2026-04-03T01:56:06.918+0600][10.482s][info][gc,heap     ] GC(9) y: Reclaimed:         -                  -                 0M (0%)          115M (15%)    
[2026-04-03T01:56:06.918+0600][10.482s][info][gc,heap     ] GC(9) y:  Promoted:         -                  -                 0M (0%)            0M (0%)     
[2026-04-03T01:56:06.918+0600][10.482s][info][gc,heap     ] GC(9) y: Compacted:         -                  -                  -                10M (1%)     
[2026-04-03T01:56:06.918+0600][10.482s][info][gc,phases   ] GC(9) y: Young Generation 282M(38%)->232M(31%) 0.067s
[2026-04-03T01:56:06.918+0600][10.482s][info][gc          ] GC(9) Minor Collection (Allocation Rate) 282M(38%)->232M(31%) 0.068s
[2026-04-03T01:56:06.918+0600][10.482s][info][gc,task     ] GC(7) O: Using 3 Workers for Old Generation
[2026-04-03T01:56:06.935+0600][10.499s][info][gc,task     ] GC(7) O: Using 1 Workers for Old Generation
[2026-04-03T01:56:06.935+0600][10.499s][info][gc,phases   ] GC(7) O: Concurrent Remap Roots 17.159ms
[2026-04-03T01:56:06.936+0600][10.500s][info][gc,phases   ] GC(7) O: Pause Relocate Start 0.025ms
[2026-04-03T01:56:06.936+0600][10.500s][info][gc          ] GC(10) Minor Collection (Allocation Rate)
[2026-04-03T01:56:06.936+0600][10.500s][info][gc,task     ] GC(10) Using 2 Workers for Young Generation
[2026-04-03T01:56:06.936+0600][10.500s][info][gc,phases   ] GC(10) y: Young Generation
[2026-04-03T01:56:06.937+0600][10.501s][info][gc,phases   ] GC(10) y: Pause Mark Start 0.026ms
[2026-04-03T01:56:06.944+0600][10.508s][info][gc,phases   ] GC(7) O: Concurrent Relocate 8.284ms
[2026-04-03T01:56:06.980+0600][10.544s][info][gc,phases   ] GC(10) y: Concurrent Mark 42.259ms
[2026-04-03T01:56:06.980+0600][10.544s][info][gc,phases   ] GC(10) y: Pause Mark End 0.025ms
[2026-04-03T01:56:06.980+0600][10.544s][info][gc,phases   ] GC(10) y: Concurrent Mark Free 0.003ms
[2026-04-03T01:56:06.980+0600][10.544s][info][gc,phases   ] GC(10) y: Concurrent Reset Relocation Set 0.020ms
[2026-04-03T01:56:06.982+0600][10.546s][info][gc,reloc    ] GC(10) y: Using tenuring threshold: 1 (Computed)
[2026-04-03T01:56:06.989+0600][10.553s][info][gc,phases   ] GC(10) y: Concurrent Select Relocation Set 8.545ms
[2026-04-03T01:56:06.989+0600][10.553s][info][gc,phases   ] GC(10) y: Pause Relocate Start 0.033ms
[2026-04-03T01:56:07.008+0600][10.573s][info][gc,phases   ] GC(10) y: Concurrent Relocate 19.119ms
[2026-04-03T01:56:07.009+0600][10.573s][info][gc,alloc    ] GC(10) y:                         Mark Start        Mark End      Relocate Start    Relocate End   
[2026-04-03T01:56:07.009+0600][10.573s][info][gc,alloc    ] GC(10) y: Allocation Stalls:          0                0                0                0         
[2026-04-03T01:56:07.009+0600][10.573s][info][gc,load     ] GC(10) y: Load: 4.13 (34%) / 6.64 (55%) / 7.09 (59%)
[2026-04-03T01:56:07.009+0600][10.573s][info][gc,mmu      ] GC(10) y: MMU: 2ms/96.8%, 5ms/98.7%, 10ms/99.1%, 20ms/99.5%, 50ms/99.7%, 100ms/99.8%
[2026-04-03T01:56:07.009+0600][10.573s][info][gc,marking  ] GC(10) y: Mark: 2 stripe(s), 3 proactive flush(es), 1 terminate flush(es), 0 completion(s), 0 continuation(s) 
[2026-04-03T01:56:07.009+0600][10.573s][info][gc,marking  ] GC(10) y: Mark Stack Usage: 32M
[2026-04-03T01:56:07.009+0600][10.573s][info][gc,nmethod  ] GC(10) y: NMethods: 3039 registered, 299 unregistered
[2026-04-03T01:56:07.009+0600][10.573s][info][gc,metaspace] GC(10) y: Metaspace: 47M used, 48M committed, 1088M reserved
[2026-04-03T01:56:07.009+0600][10.573s][info][gc,reloc    ] GC(10) y:                        Candidates     Selected     In-Place         Size        Empty    Relocated 
[2026-04-03T01:56:07.009+0600][10.573s][info][gc,reloc    ] GC(10) y: Small Pages:                   52           38            0         104M           0M           6M 
[2026-04-03T01:56:07.009+0600][10.573s][info][gc,reloc    ] GC(10) y: Medium Pages:                   0            0            0           0M           0M           0M 
[2026-04-03T01:56:07.009+0600][10.573s][info][gc,reloc    ] GC(10) y: Large Pages:                    0            0            0           0M           0M           0M 
[2026-04-03T01:56:07.009+0600][10.573s][info][gc,reloc    ] GC(10) y: Forwarding Usage: 6M
[2026-04-03T01:56:07.009+0600][10.573s][info][gc,reloc    ] GC(10) y: Age Table:
[2026-04-03T01:56:07.009+0600][10.573s][info][gc,reloc    ] GC(10) y:                    Live             Garbage             Small              Medium             Large        
[2026-04-03T01:56:07.009+0600][10.573s][info][gc,reloc    ] GC(10) y: Eden               6M (1%)           73M (10%)         40 / 36             0 / 0              0 / 0        
[2026-04-03T01:56:07.009+0600][10.573s][info][gc,reloc    ] GC(10) y: Survivor 1         9M (1%)            2M (0%)           6 / 1              0 / 0              0 / 0        
[2026-04-03T01:56:07.009+0600][10.573s][info][gc,reloc    ] GC(10) y: Survivor 2         9M (1%)            2M (0%)           6 / 1              0 / 0              0 / 0        
[2026-04-03T01:56:07.009+0600][10.573s][info][gc,heap     ] GC(10) y: Min Capacity: 8M(1%)
[2026-04-03T01:56:07.009+0600][10.573s][info][gc,heap     ] GC(10) y: Max Capacity: 750M(100%)
[2026-04-03T01:56:07.009+0600][10.573s][info][gc,heap     ] GC(10) y: Soft Max Capacity: 750M(100%)
[2026-04-03T01:56:07.009+0600][10.573s][info][gc,heap     ] GC(10) y: Heap Statistics:
[2026-04-03T01:56:07.009+0600][10.573s][info][gc,heap     ] GC(10) y:                Mark Start          Mark End        Relocate Start      Relocate End           High               Low         
[2026-04-03T01:56:07.009+0600][10.573s][info][gc,heap     ] GC(10) y:  Capacity:      744M (99%)         744M (99%)         744M (99%)         744M (99%)         744M (99%)         744M (99%)    
[2026-04-03T01:56:07.009+0600][10.573s][info][gc,heap     ] GC(10) y:      Free:      498M (66%)         474M (63%)         466M (62%)         520M (69%)         528M (70%)         462M (62%)    
[2026-04-03T01:56:07.009+0600][10.573s][info][gc,heap     ] GC(10) y:      Used:      252M (34%)         276M (37%)         284M (38%)         230M (31%)         288M (38%)         222M (30%)    
[2026-04-03T01:56:07.009+0600][10.573s][info][gc,heap     ] GC(10) y: Young Generation Statistics:
[2026-04-03T01:56:07.009+0600][10.573s][info][gc,heap     ] GC(10) y:                Mark Start          Mark End        Relocate Start      Relocate End    
[2026-04-03T01:56:07.009+0600][10.573s][info][gc,heap     ] GC(10) y:      Used:      104M (14%)         150M (20%)         140M (19%)          82M (11%)    
[2026-04-03T01:56:07.009+0600][10.573s][info][gc,heap     ] GC(10) y:      Live:         -                24M (3%)            7M (1%)            6M (1%)     
[2026-04-03T01:56:07.009+0600][10.573s][info][gc,heap     ] GC(10) y:   Garbage:         -                79M (11%)          78M (10%)           0M (0%)     
[2026-04-03T01:56:07.009+0600][10.573s][info][gc,heap     ] GC(10) y: Allocated:         -                46M (6%)           54M (7%)           75M (10%)    
[2026-04-03T01:56:07.009+0600][10.573s][info][gc,heap     ] GC(10) y: Reclaimed:         -                  -                 0M (0%)           79M (11%)    
[2026-04-03T01:56:07.009+0600][10.573s][info][gc,heap     ] GC(10) y:  Promoted:         -                  -                17M (2%)           18M (3%)     
[2026-04-03T01:56:07.009+0600][10.573s][info][gc,heap     ] GC(10) y: Compacted:         -                  -                  -                 6M (1%)     
[2026-04-03T01:56:07.009+0600][10.573s][info][gc,phases   ] GC(10) y: Young Generation 250M(33%)->230M(31%) 0.072s
[2026-04-03T01:56:07.009+0600][10.573s][info][gc          ] GC(10) Minor Collection (Allocation Rate) 250M(33%)->230M(31%) 0.073s
[2026-04-03T01:56:07.009+0600][10.573s][info][gc,alloc    ] GC(7) O:                         Mark Start        Mark End      Relocate Start    Relocate End   
[2026-04-03T01:56:07.009+0600][10.573s][info][gc,alloc    ] GC(7) O: Allocation Stalls:          0                0                0                0         
[2026-04-03T01:56:07.009+0600][10.573s][info][gc,load     ] GC(7) O: Load: 4.13 (34%) / 6.64 (55%) / 7.09 (59%)
[2026-04-03T01:56:07.009+0600][10.573s][info][gc,mmu      ] GC(7) O: MMU: 2ms/96.8%, 5ms/98.7%, 10ms/99.1%, 20ms/99.5%, 50ms/99.7%, 100ms/99.8%
[2026-04-03T01:56:07.009+0600][10.573s][info][gc,marking  ] GC(7) O: Mark: 1 stripe(s), 3 proactive flush(es), 1 terminate flush(es), 0 completion(s), 0 continuation(s) 
[2026-04-03T01:56:07.009+0600][10.573s][info][gc,marking  ] GC(7) O: Mark Stack Usage: 32M
[2026-04-03T01:56:07.009+0600][10.573s][info][gc,nmethod  ] GC(7) O: NMethods: 3039 registered, 299 unregistered
[2026-04-03T01:56:07.009+0600][10.573s][info][gc,metaspace] GC(7) O: Metaspace: 47M used, 48M committed, 1088M reserved
[2026-04-03T01:56:07.009+0600][10.573s][info][gc,ref      ] GC(7) O:                       Encountered   Discovered     Enqueued 
[2026-04-03T01:56:07.009+0600][10.573s][info][gc,ref      ] GC(7) O: Soft References:             3982            0            0 
[2026-04-03T01:56:07.009+0600][10.573s][info][gc,ref      ] GC(7) O: Weak References:             4049         3401         1295 
[2026-04-03T01:56:07.009+0600][10.573s][info][gc,ref      ] GC(7) O: Final References:              82            0            0 
[2026-04-03T01:56:07.009+0600][10.573s][info][gc,ref      ] GC(7) O: Phantom References:           581          562            1 
[2026-04-03T01:56:07.009+0600][10.573s][info][gc,reloc    ] GC(7) O:                        Candidates     Selected     In-Place         Size        Empty    Relocated 
[2026-04-03T01:56:07.009+0600][10.573s][info][gc,reloc    ] GC(7) O: Small Pages:                   38            6            0          76M           0M           2M 
[2026-04-03T01:56:07.009+0600][10.573s][info][gc,reloc    ] GC(7) O: Medium Pages:                   2            1            0          32M           0M           2M 
[2026-04-03T01:56:07.009+0600][10.573s][info][gc,reloc    ] GC(7) O: Large Pages:                    1            0            0           4M           0M           0M 
[2026-04-03T01:56:07.009+0600][10.573s][info][gc,reloc    ] GC(7) O: Forwarding Usage: 0M
[2026-04-03T01:56:07.009+0600][10.573s][info][gc,heap     ] GC(7) O: Min Capacity: 8M(1%)
[2026-04-03T01:56:07.009+0600][10.573s][info][gc,heap     ] GC(7) O: Max Capacity: 750M(100%)
[2026-04-03T01:56:07.009+0600][10.573s][info][gc,heap     ] GC(7) O: Soft Max Capacity: 750M(100%)
[2026-04-03T01:56:07.009+0600][10.573s][info][gc,heap     ] GC(7) O: Heap Statistics:
[2026-04-03T01:56:07.009+0600][10.573s][info][gc,heap     ] GC(7) O:                Mark Start          Mark End        Relocate Start      Relocate End           High               Low         
[2026-04-03T01:56:07.009+0600][10.573s][info][gc,heap     ] GC(7) O:  Capacity:      744M (99%)         744M (99%)         744M (99%)         744M (99%)         744M (99%)         744M (99%)    
[2026-04-03T01:56:07.009+0600][10.573s][info][gc,heap     ] GC(7) O:      Free:      312M (42%)         456M (61%)         502M (67%)         512M (68%)         518M (69%)         208M (28%)    
[2026-04-03T01:56:07.009+0600][10.573s][info][gc,heap     ] GC(7) O:      Used:      438M (58%)         294M (39%)         248M (33%)         238M (32%)         542M (72%)         232M (31%)    
[2026-04-03T01:56:07.009+0600][10.573s][info][gc,heap     ] GC(7) O: Old Generation Statistics:
[2026-04-03T01:56:07.009+0600][10.573s][info][gc,heap     ] GC(7) O:                Mark Start          Mark End        Relocate Start      Relocate End    
[2026-04-03T01:56:07.009+0600][10.573s][info][gc,heap     ] GC(7) O:      Used:      112M (15%)         146M (19%)         146M (19%)         126M (17%)    
[2026-04-03T01:56:07.009+0600][10.573s][info][gc,heap     ] GC(7) O:      Live:         -                68M (9%)           68M (9%)           68M (9%)     
[2026-04-03T01:56:07.009+0600][10.573s][info][gc,heap     ] GC(7) O:   Garbage:         -                43M (6%)           43M (6%)            1M (0%)     
[2026-04-03T01:56:07.009+0600][10.573s][info][gc,heap     ] GC(7) O: Allocated:         -                34M (5%)           34M (5%)           55M (7%)     
[2026-04-03T01:56:07.009+0600][10.573s][info][gc,heap     ] GC(7) O: Reclaimed:         -                  -                 0M (0%)           41M (6%)     
[2026-04-03T01:56:07.009+0600][10.573s][info][gc,heap     ] GC(7) O: Compacted:         -                  -                  -                 8M (1%)     
[2026-04-03T01:56:07.009+0600][10.573s][info][gc,phases   ] GC(7) O: Old Generation 270M(36%)->238M(32%) 0.302s
[2026-04-03T01:56:07.009+0600][10.573s][info][gc          ] GC(7) Major Collection (Allocation Rate) 438M(58%)->230M(31%) 0.428s
[2026-04-03T01:56:07.141+0600][10.706s][info][gc          ] GC(11) Major Collection (Allocation Rate)
[2026-04-03T01:56:07.142+0600][10.706s][info][gc,task     ] GC(11) Using 3 Workers for Young Generation
[2026-04-03T01:56:07.142+0600][10.706s][info][gc,task     ] GC(11) Using 1 Workers for Old Generation
[2026-04-03T01:56:07.142+0600][10.706s][info][gc,phases   ] GC(11) Y: Young Generation
[2026-04-03T01:56:07.142+0600][10.706s][info][gc,phases   ] GC(11) Y: Pause Mark Start (Major) 0.098ms
[2026-04-03T01:56:07.242+0600][10.806s][info][gc,phases   ] GC(11) Y: Concurrent Mark 99.797ms
[2026-04-03T01:56:07.242+0600][10.806s][info][gc,phases   ] GC(11) Y: Pause Mark End 0.027ms
[2026-04-03T01:56:07.242+0600][10.806s][info][gc,phases   ] GC(11) Y: Concurrent Mark Free 0.001ms
[2026-04-03T01:56:07.242+0600][10.806s][info][gc,phases   ] GC(11) Y: Concurrent Reset Relocation Set 0.031ms
[2026-04-03T01:56:07.247+0600][10.811s][info][gc,reloc    ] GC(11) Y: Using tenuring threshold: 2 (Computed)
[2026-04-03T01:56:07.251+0600][10.815s][info][gc,phases   ] GC(11) Y: Concurrent Select Relocation Set 8.545ms
[2026-04-03T01:56:07.251+0600][10.815s][info][gc,phases   ] GC(11) Y: Pause Relocate Start 0.018ms
[2026-04-03T01:56:07.268+0600][10.832s][info][gc,phases   ] GC(11) Y: Concurrent Relocate 16.710ms
[2026-04-03T01:56:07.268+0600][10.832s][info][gc,alloc    ] GC(11) Y:                         Mark Start        Mark End      Relocate Start    Relocate End   
[2026-04-03T01:56:07.268+0600][10.832s][info][gc,alloc    ] GC(11) Y: Allocation Stalls:          0                0                0                0         
[2026-04-03T01:56:07.268+0600][10.832s][info][gc,load     ] GC(11) Y: Load: 4.13 (34%) / 6.64 (55%) / 7.09 (59%)
[2026-04-03T01:56:07.268+0600][10.832s][info][gc,mmu      ] GC(11) Y: MMU: 2ms/95.1%, 5ms/98.0%, 10ms/99.0%, 20ms/99.5%, 50ms/99.7%, 100ms/99.8%
[2026-04-03T01:56:07.268+0600][10.832s][info][gc,marking  ] GC(11) Y: Mark: 2 stripe(s), 10 proactive flush(es), 1 terminate flush(es), 0 completion(s), 0 continuation(s) 
[2026-04-03T01:56:07.268+0600][10.832s][info][gc,marking  ] GC(11) Y: Mark Stack Usage: 32M
[2026-04-03T01:56:07.268+0600][10.832s][info][gc,nmethod  ] GC(11) Y: NMethods: 3109 registered, 299 unregistered
[2026-04-03T01:56:07.268+0600][10.832s][info][gc,metaspace] GC(11) Y: Metaspace: 47M used, 48M committed, 1088M reserved
[2026-04-03T01:56:07.268+0600][10.832s][info][gc,reloc    ] GC(11) Y:                        Candidates     Selected     In-Place         Size        Empty    Relocated 
[2026-04-03T01:56:07.268+0600][10.832s][info][gc,reloc    ] GC(11) Y: Small Pages:                  117          103            0         234M           0M          15M 
[2026-04-03T01:56:07.268+0600][10.832s][info][gc,reloc    ] GC(11) Y: Medium Pages:                   0            0            0           0M           0M           0M 
[2026-04-03T01:56:07.268+0600][10.832s][info][gc,reloc    ] GC(11) Y: Large Pages:                    0            0            0           0M           0M           0M 
[2026-04-03T01:56:07.268+0600][10.832s][info][gc,reloc    ] GC(11) Y: Forwarding Usage: 13M
[2026-04-03T01:56:07.268+0600][10.832s][info][gc,reloc    ] GC(11) Y: Age Table:
[2026-04-03T01:56:07.268+0600][10.832s][info][gc,reloc    ] GC(11) Y:                    Live             Garbage             Small              Medium             Large        
[2026-04-03T01:56:07.268+0600][10.832s][info][gc,reloc    ] GC(11) Y: Eden              17M (2%)          208M (28%)        113 / 103            0 / 0              0 / 0        
[2026-04-03T01:56:07.268+0600][10.832s][info][gc,reloc    ] GC(11) Y: Survivor 1         6M (1%)            1M (0%)           4 / 0              0 / 0              0 / 0        
[2026-04-03T01:56:07.268+0600][10.832s][info][gc,heap     ] GC(11) Y: Min Capacity: 8M(1%)
[2026-04-03T01:56:07.268+0600][10.832s][info][gc,heap     ] GC(11) Y: Max Capacity: 750M(100%)
[2026-04-03T01:56:07.268+0600][10.832s][info][gc,heap     ] GC(11) Y: Soft Max Capacity: 750M(100%)
[2026-04-03T01:56:07.268+0600][10.832s][info][gc,heap     ] GC(11) Y: Heap Statistics:
[2026-04-03T01:56:07.268+0600][10.832s][info][gc,heap     ] GC(11) Y:                Mark Start          Mark End        Relocate Start      Relocate End           High               Low         
[2026-04-03T01:56:07.268+0600][10.832s][info][gc,heap     ] GC(11) Y:  Capacity:      744M (99%)         744M (99%)         744M (99%)         744M (99%)         744M (99%)         744M (99%)    
[2026-04-03T01:56:07.268+0600][10.832s][info][gc,heap     ] GC(11) Y:      Free:      368M (49%)         314M (42%)         312M (42%)         516M (69%)         516M (69%)         308M (41%)    
[2026-04-03T01:56:07.268+0600][10.832s][info][gc,heap     ] GC(11) Y:      Used:      382M (51%)         436M (58%)         438M (58%)         234M (31%)         442M (59%)         234M (31%)    
[2026-04-03T01:56:07.268+0600][10.832s][info][gc,heap     ] GC(11) Y: Young Generation Statistics:
[2026-04-03T01:56:07.268+0600][10.832s][info][gc,heap     ] GC(11) Y:                Mark Start          Mark End        Relocate Start      Relocate End    
[2026-04-03T01:56:07.268+0600][10.832s][info][gc,heap     ] GC(11) Y:      Used:      234M (31%)         288M (38%)         290M (39%)          86M (11%)    
[2026-04-03T01:56:07.268+0600][10.832s][info][gc,heap     ] GC(11) Y:      Live:         -                23M (3%)           23M (3%)           23M (3%)     
[2026-04-03T01:56:07.268+0600][10.832s][info][gc,heap     ] GC(11) Y:   Garbage:         -               210M (28%)         210M (28%)           1M (0%)     
[2026-04-03T01:56:07.268+0600][10.832s][info][gc,heap     ] GC(11) Y: Allocated:         -                54M (7%)           56M (7%)           60M (8%)     
[2026-04-03T01:56:07.268+0600][10.832s][info][gc,heap     ] GC(11) Y: Reclaimed:         -                  -                 0M (0%)          208M (28%)    
[2026-04-03T01:56:07.268+0600][10.832s][info][gc,heap     ] GC(11) Y:  Promoted:         -                  -                 0M (0%)            0M (0%)     
[2026-04-03T01:56:07.268+0600][10.832s][info][gc,heap     ] GC(11) Y: Compacted:         -                  -                  -                17M (2%)     
[2026-04-03T01:56:07.268+0600][10.832s][info][gc,phases   ] GC(11) Y: Young Generation 382M(51%)->234M(31%) 0.126s
[2026-04-03T01:56:07.268+0600][10.832s][info][gc,phases   ] GC(11) O: Old Generation
[2026-04-03T01:56:07.276+0600][10.840s][info][gc          ] GC(12) Minor Collection (Allocation Rate)
[2026-04-03T01:56:07.276+0600][10.840s][info][gc,task     ] GC(12) Using 2 Workers for Young Generation
[2026-04-03T01:56:07.276+0600][10.840s][info][gc,phases   ] GC(12) y: Young Generation
[2026-04-03T01:56:07.277+0600][10.841s][info][gc,phases   ] GC(12) y: Pause Mark Start 0.054ms
[2026-04-03T01:56:07.328+0600][10.892s][info][gc,phases   ] GC(12) y: Concurrent Mark 51.006ms
[2026-04-03T01:56:07.328+0600][10.892s][info][gc,phases   ] GC(12) y: Pause Mark End 0.029ms
[2026-04-03T01:56:07.328+0600][10.892s][info][gc,phases   ] GC(12) y: Concurrent Mark Free 0.003ms
[2026-04-03T01:56:07.328+0600][10.892s][info][gc,phases   ] GC(12) y: Concurrent Reset Relocation Set 0.015ms
[2026-04-03T01:56:07.330+0600][10.894s][info][gc,reloc    ] GC(12) y: Using tenuring threshold: 2 (Computed)
[2026-04-03T01:56:07.335+0600][10.899s][info][gc,phases   ] GC(12) y: Concurrent Select Relocation Set 6.761ms
[2026-04-03T01:56:07.335+0600][10.900s][info][gc,phases   ] GC(12) y: Pause Relocate Start 0.027ms
[2026-04-03T01:56:07.350+0600][10.914s][info][gc,phases   ] GC(12) y: Concurrent Relocate 14.700ms
[2026-04-03T01:56:07.350+0600][10.915s][info][gc,alloc    ] GC(12) y:                         Mark Start        Mark End      Relocate Start    Relocate End   
[2026-04-03T01:56:07.350+0600][10.915s][info][gc,alloc    ] GC(12) y: Allocation Stalls:          0                0                0                0         
[2026-04-03T01:56:07.350+0600][10.915s][info][gc,load     ] GC(12) y: Load: 4.13 (34%) / 6.64 (55%) / 7.09 (59%)
[2026-04-03T01:56:07.350+0600][10.915s][info][gc,mmu      ] GC(12) y: MMU: 2ms/95.1%, 5ms/98.0%, 10ms/99.0%, 20ms/99.5%, 50ms/99.7%, 100ms/99.8%
[2026-04-03T01:56:07.350+0600][10.915s][info][gc,marking  ] GC(12) y: Mark: 2 stripe(s), 2 proactive flush(es), 1 terminate flush(es), 0 completion(s), 0 continuation(s) 
[2026-04-03T01:56:07.350+0600][10.915s][info][gc,marking  ] GC(12) y: Mark Stack Usage: 32M
[2026-04-03T01:56:07.350+0600][10.915s][info][gc,nmethod  ] GC(12) y: NMethods: 3122 registered, 299 unregistered
[2026-04-03T01:56:07.351+0600][10.915s][info][gc,metaspace] GC(12) y: Metaspace: 47M used, 48M committed, 1088M reserved
[2026-04-03T01:56:07.351+0600][10.915s][info][gc,reloc    ] GC(12) y:                        Candidates     Selected     In-Place         Size        Empty    Relocated 
[2026-04-03T01:56:07.351+0600][10.915s][info][gc,reloc    ] GC(12) y: Small Pages:                   43           28            0          86M           0M           5M 
[2026-04-03T01:56:07.351+0600][10.915s][info][gc,reloc    ] GC(12) y: Medium Pages:                   0            0            0           0M           0M           0M 
[2026-04-03T01:56:07.351+0600][10.915s][info][gc,reloc    ] GC(12) y: Large Pages:                    0            0            0           0M           0M           0M 
[2026-04-03T01:56:07.351+0600][10.915s][info][gc,reloc    ] GC(12) y: Forwarding Usage: 4M
[2026-04-03T01:56:07.351+0600][10.915s][info][gc,reloc    ] GC(12) y: Age Table:
[2026-04-03T01:56:07.351+0600][10.915s][info][gc,reloc    ] GC(12) y:                    Live             Garbage             Small              Medium             Large        
[2026-04-03T01:56:07.351+0600][10.915s][info][gc,reloc    ] GC(12) y: Eden               4M (1%)           51M (7%)          28 / 25             0 / 0              0 / 0        
[2026-04-03T01:56:07.351+0600][10.915s][info][gc,reloc    ] GC(12) y: Survivor 1        17M (2%)            4M (1%)          11 / 2              0 / 0              0 / 0        
[2026-04-03T01:56:07.351+0600][10.915s][info][gc,reloc    ] GC(12) y: Survivor 2         6M (1%)            1M (0%)           4 / 1              0 / 0              0 / 0        
[2026-04-03T01:56:07.351+0600][10.915s][info][gc,heap     ] GC(12) y: Min Capacity: 8M(1%)
[2026-04-03T01:56:07.351+0600][10.915s][info][gc,heap     ] GC(12) y: Max Capacity: 750M(100%)
[2026-04-03T01:56:07.351+0600][10.915s][info][gc,heap     ] GC(12) y: Soft Max Capacity: 750M(100%)
[2026-04-03T01:56:07.351+0600][10.915s][info][gc,heap     ] GC(12) y: Heap Statistics:
[2026-04-03T01:56:07.351+0600][10.915s][info][gc,heap     ] GC(12) y:                Mark Start          Mark End        Relocate Start      Relocate End           High               Low         
[2026-04-03T01:56:07.351+0600][10.915s][info][gc,heap     ] GC(12) y:  Capacity:      744M (99%)         744M (99%)         744M (99%)         744M (99%)         744M (99%)         744M (99%)    
[2026-04-03T01:56:07.351+0600][10.915s][info][gc,heap     ] GC(12) y:      Free:      516M (69%)         514M (69%)         514M (69%)         564M (75%)         564M (75%)         510M (68%)    
[2026-04-03T01:56:07.351+0600][10.915s][info][gc,heap     ] GC(12) y:      Used:      234M (31%)         236M (31%)         236M (31%)         186M (25%)         240M (32%)         186M (25%)    
[2026-04-03T01:56:07.351+0600][10.915s][info][gc,heap     ] GC(12) y: Young Generation Statistics:
[2026-04-03T01:56:07.351+0600][10.915s][info][gc,heap     ] GC(12) y:                Mark Start          Mark End        Relocate Start      Relocate End    
[2026-04-03T01:56:07.351+0600][10.915s][info][gc,heap     ] GC(12) y:      Used:       86M (11%)          88M (12%)          82M (11%)          30M (4%)     
[2026-04-03T01:56:07.351+0600][10.915s][info][gc,heap     ] GC(12) y:      Live:         -                27M (4%)           22M (3%)           21M (3%)     
[2026-04-03T01:56:07.351+0600][10.915s][info][gc,heap     ] GC(12) y:   Garbage:         -                58M (8%)           57M (8%)            0M (0%)     
[2026-04-03T01:56:07.351+0600][10.915s][info][gc,heap     ] GC(12) y: Allocated:         -                 2M (0%)            2M (0%)            8M (1%)     
[2026-04-03T01:56:07.351+0600][10.915s][info][gc,heap     ] GC(12) y: Reclaimed:         -                  -                 0M (0%)           58M (8%)     
[2026-04-03T01:56:07.351+0600][10.915s][info][gc,heap     ] GC(12) y:  Promoted:         -                  -                 5M (1%)            6M (1%)     
[2026-04-03T01:56:07.351+0600][10.915s][info][gc,heap     ] GC(12) y: Compacted:         -                  -                  -                 5M (1%)     
[2026-04-03T01:56:07.351+0600][10.915s][info][gc,phases   ] GC(12) y: Young Generation 234M(31%)->186M(25%) 0.074s
[2026-04-03T01:56:07.351+0600][10.915s][info][gc          ] GC(12) Minor Collection (Allocation Rate) 234M(31%)->186M(25%) 0.075s
[2026-04-03T01:56:07.512+0600][11.076s][info][gc,phases   ] GC(11) O: Concurrent Mark 244.064ms
[2026-04-03T01:56:07.513+0600][11.077s][info][gc,phases   ] GC(11) O: Pause Mark End 0.023ms
[2026-04-03T01:56:07.513+0600][11.077s][info][gc,phases   ] GC(11) O: Concurrent Mark Free 0.001ms
[2026-04-03T01:56:07.523+0600][11.087s][info][gc,phases   ] GC(11) O: Concurrent Process Non-Strong 9.912ms
[2026-04-03T01:56:07.523+0600][11.087s][info][gc,phases   ] GC(11) O: Concurrent Reset Relocation Set 0.004ms
[2026-04-03T01:56:07.525+0600][11.089s][info][gc,phases   ] GC(11) O: Concurrent Select Relocation Set 2.691ms
[2026-04-03T01:56:07.525+0600][11.089s][info][gc,task     ] GC(11) O: Using 3 Workers for Old Generation
[2026-04-03T01:56:07.541+0600][11.105s][info][gc,task     ] GC(11) O: Using 1 Workers for Old Generation
[2026-04-03T01:56:07.541+0600][11.105s][info][gc,phases   ] GC(11) O: Concurrent Remap Roots 15.328ms
[2026-04-03T01:56:07.541+0600][11.105s][info][gc,phases   ] GC(11) O: Pause Relocate Start 0.024ms
[2026-04-03T01:56:07.549+0600][11.113s][info][gc,phases   ] GC(11) O: Concurrent Relocate 7.790ms
[2026-04-03T01:56:07.549+0600][11.113s][info][gc,alloc    ] GC(11) O:                         Mark Start        Mark End      Relocate Start    Relocate End   
[2026-04-03T01:56:07.549+0600][11.113s][info][gc,alloc    ] GC(11) O: Allocation Stalls:          0                0                0                0         
[2026-04-03T01:56:07.549+0600][11.113s][info][gc,load     ] GC(11) O: Load: 4.13 (34%) / 6.64 (55%) / 7.09 (59%)
[2026-04-03T01:56:07.549+0600][11.113s][info][gc,mmu      ] GC(11) O: MMU: 2ms/95.1%, 5ms/98.0%, 10ms/99.0%, 20ms/99.5%, 50ms/99.7%, 100ms/99.8%
[2026-04-03T01:56:07.549+0600][11.113s][info][gc,marking  ] GC(11) O: Mark: 1 stripe(s), 2 proactive flush(es), 1 terminate flush(es), 0 completion(s), 0 continuation(s) 
[2026-04-03T01:56:07.549+0600][11.113s][info][gc,marking  ] GC(11) O: Mark Stack Usage: 32M
[2026-04-03T01:56:07.549+0600][11.113s][info][gc,nmethod  ] GC(11) O: NMethods: 3132 registered, 299 unregistered
[2026-04-03T01:56:07.549+0600][11.113s][info][gc,metaspace] GC(11) O: Metaspace: 48M used, 48M committed, 1088M reserved
[2026-04-03T01:56:07.549+0600][11.113s][info][gc,ref      ] GC(11) O:                       Encountered   Discovered     Enqueued 
[2026-04-03T01:56:07.549+0600][11.113s][info][gc,ref      ] GC(11) O: Soft References:             3982            0            0 
[2026-04-03T01:56:07.549+0600][11.113s][info][gc,ref      ] GC(11) O: Weak References:             2754         2105            0 
[2026-04-03T01:56:07.549+0600][11.113s][info][gc,ref      ] GC(11) O: Final References:              82            0            0 
[2026-04-03T01:56:07.549+0600][11.113s][info][gc,ref      ] GC(11) O: Phantom References:           581          559            0 
[2026-04-03T01:56:07.549+0600][11.113s][info][gc,reloc    ] GC(11) O:                        Candidates     Selected     In-Place         Size        Empty    Relocated 
[2026-04-03T01:56:07.549+0600][11.113s][info][gc,reloc    ] GC(11) O: Small Pages:                   64            6            0         128M           0M           2M 
[2026-04-03T01:56:07.549+0600][11.113s][info][gc,reloc    ] GC(11) O: Medium Pages:                   1            0            0          16M           0M           0M 
[2026-04-03T01:56:07.549+0600][11.113s][info][gc,reloc    ] GC(11) O: Large Pages:                    1            0            0           4M           0M           0M 
[2026-04-03T01:56:07.549+0600][11.113s][info][gc,reloc    ] GC(11) O: Forwarding Usage: 1M
[2026-04-03T01:56:07.549+0600][11.113s][info][gc,heap     ] GC(11) O: Min Capacity: 8M(1%)
[2026-04-03T01:56:07.549+0600][11.113s][info][gc,heap     ] GC(11) O: Max Capacity: 750M(100%)
[2026-04-03T01:56:07.549+0600][11.113s][info][gc,heap     ] GC(11) O: Soft Max Capacity: 750M(100%)
[2026-04-03T01:56:07.549+0600][11.113s][info][gc,heap     ] GC(11) O: Heap Statistics:
[2026-04-03T01:56:07.549+0600][11.113s][info][gc,heap     ] GC(11) O:                Mark Start          Mark End        Relocate Start      Relocate End           High               Low         
[2026-04-03T01:56:07.549+0600][11.113s][info][gc,heap     ] GC(11) O:  Capacity:      744M (99%)         744M (99%)         744M (99%)         744M (99%)         744M (99%)         744M (99%)    
[2026-04-03T01:56:07.549+0600][11.113s][info][gc,heap     ] GC(11) O:      Free:      368M (49%)         558M (74%)         552M (74%)         558M (74%)         564M (75%)         308M (41%)    
[2026-04-03T01:56:07.549+0600][11.113s][info][gc,heap     ] GC(11) O:      Used:      382M (51%)         192M (26%)         198M (26%)         192M (26%)         442M (59%)         186M (25%)    
[2026-04-03T01:56:07.549+0600][11.113s][info][gc,heap     ] GC(11) O: Old Generation Statistics:
[2026-04-03T01:56:07.549+0600][11.113s][info][gc,heap     ] GC(11) O:                Mark Start          Mark End        Relocate Start      Relocate End    
[2026-04-03T01:56:07.549+0600][11.113s][info][gc,heap     ] GC(11) O:      Used:      148M (20%)         156M (21%)         156M (21%)         146M (19%)    
[2026-04-03T01:56:07.549+0600][11.113s][info][gc,heap     ] GC(11) O:      Live:         -               119M (16%)         119M (16%)         119M (16%)    
[2026-04-03T01:56:07.549+0600][11.113s][info][gc,heap     ] GC(11) O:   Garbage:         -                28M (4%)           28M (4%)           15M (2%)     
[2026-04-03T01:56:07.549+0600][11.113s][info][gc,heap     ] GC(11) O: Allocated:         -                 8M (1%)            8M (1%)           10M (1%)     
[2026-04-03T01:56:07.549+0600][11.113s][info][gc,heap     ] GC(11) O: Reclaimed:         -                  -                 0M (0%)           12M (2%)     
[2026-04-03T01:56:07.549+0600][11.113s][info][gc,heap     ] GC(11) O: Compacted:         -                  -                  -                 3M (0%)     
[2026-04-03T01:56:07.549+0600][11.113s][info][gc,phases   ] GC(11) O: Old Generation 234M(31%)->192M(26%) 0.281s
[2026-04-03T01:56:07.549+0600][11.113s][info][gc          ] GC(11) Major Collection (Allocation Rate) 382M(51%)->192M(26%) 0.408s
[2026-04-03T01:56:09.117+0600][12.682s][info][gc          ] GC(13) Minor Collection (Allocation Rate)
[2026-04-03T01:56:09.118+0600][12.682s][info][gc,task     ] GC(13) Using 3 Workers for Young Generation
[2026-04-03T01:56:09.118+0600][12.682s][info][gc,phases   ] GC(13) y: Young Generation
[2026-04-03T01:56:09.118+0600][12.682s][info][gc,phases   ] GC(13) y: Pause Mark Start 0.026ms
[2026-04-03T01:56:09.148+0600][12.712s][info][gc,phases   ] GC(13) y: Concurrent Mark 29.769ms
[2026-04-03T01:56:09.148+0600][12.712s][info][gc,phases   ] GC(13) y: Pause Mark End 0.023ms
[2026-04-03T01:56:09.148+0600][12.712s][info][gc,phases   ] GC(13) y: Concurrent Mark Free 0.001ms
[2026-04-03T01:56:09.148+0600][12.713s][info][gc,phases   ] GC(13) y: Concurrent Reset Relocation Set 0.018ms
[2026-04-03T01:56:09.153+0600][12.717s][info][gc,reloc    ] GC(13) y: Using tenuring threshold: 1 (Computed)
[2026-04-03T01:56:09.160+0600][12.724s][info][gc,phases   ] GC(13) y: Concurrent Select Relocation Set 11.082ms
[2026-04-03T01:56:09.160+0600][12.724s][info][gc,phases   ] GC(13) y: Pause Relocate Start 0.024ms
[2026-04-03T01:56:09.173+0600][12.737s][info][gc,phases   ] GC(13) y: Concurrent Relocate 12.631ms
[2026-04-03T01:56:09.173+0600][12.737s][info][gc,alloc    ] GC(13) y:                         Mark Start        Mark End      Relocate Start    Relocate End   
[2026-04-03T01:56:09.173+0600][12.737s][info][gc,alloc    ] GC(13) y: Allocation Stalls:          0                0                0                0         
[2026-04-03T01:56:09.173+0600][12.737s][info][gc,load     ] GC(13) y: Load: 4.13 (34%) / 6.64 (55%) / 7.09 (59%)
[2026-04-03T01:56:09.173+0600][12.737s][info][gc,mmu      ] GC(13) y: MMU: 2ms/95.1%, 5ms/98.0%, 10ms/99.0%, 20ms/99.5%, 50ms/99.7%, 100ms/99.8%
[2026-04-03T01:56:09.173+0600][12.737s][info][gc,marking  ] GC(13) y: Mark: 2 stripe(s), 7 proactive flush(es), 1 terminate flush(es), 0 completion(s), 0 continuation(s) 
[2026-04-03T01:56:09.173+0600][12.737s][info][gc,marking  ] GC(13) y: Mark Stack Usage: 32M
[2026-04-03T01:56:09.173+0600][12.737s][info][gc,nmethod  ] GC(13) y: NMethods: 3297 registered, 299 unregistered
[2026-04-03T01:56:09.173+0600][12.737s][info][gc,metaspace] GC(13) y: Metaspace: 52M used, 52M committed, 1088M reserved
[2026-04-03T01:56:09.173+0600][12.737s][info][gc,reloc    ] GC(13) y:                        Candidates     Selected     In-Place         Size        Empty    Relocated 
[2026-04-03T01:56:09.173+0600][12.737s][info][gc,reloc    ] GC(13) y: Small Pages:                   49           36            0          98M           2M           1M 
[2026-04-03T01:56:09.173+0600][12.737s][info][gc,reloc    ] GC(13) y: Medium Pages:                   1            0            0          16M          16M           0M 
[2026-04-03T01:56:09.173+0600][12.737s][info][gc,reloc    ] GC(13) y: Large Pages:                    0            0            0           0M           0M           0M 
[2026-04-03T01:56:09.173+0600][12.737s][info][gc,reloc    ] GC(13) y: Forwarding Usage: 0M
[2026-04-03T01:56:09.173+0600][12.737s][info][gc,reloc    ] GC(13) y: Age Table:
[2026-04-03T01:56:09.173+0600][12.737s][info][gc,reloc    ] GC(13) y:                    Live             Garbage             Small              Medium             Large        
[2026-04-03T01:56:09.173+0600][12.737s][info][gc,reloc    ] GC(13) y: Eden               1M (0%)           84M (11%)         35 / 34             1 / 0              0 / 0        
[2026-04-03T01:56:09.173+0600][12.737s][info][gc,reloc    ] GC(13) y: Survivor 1         4M (1%)            3M (1%)           4 / 1              0 / 0              0 / 0        
[2026-04-03T01:56:09.173+0600][12.737s][info][gc,reloc    ] GC(13) y: Survivor 2        17M (2%)            2M (0%)          10 / 1              0 / 0              0 / 0        
[2026-04-03T01:56:09.173+0600][12.737s][info][gc,heap     ] GC(13) y: Min Capacity: 8M(1%)
[2026-04-03T01:56:09.173+0600][12.737s][info][gc,heap     ] GC(13) y: Max Capacity: 750M(100%)
[2026-04-03T01:56:09.173+0600][12.737s][info][gc,heap     ] GC(13) y: Soft Max Capacity: 750M(100%)
[2026-04-03T01:56:09.173+0600][12.737s][info][gc,heap     ] GC(13) y: Heap Statistics:
[2026-04-03T01:56:09.173+0600][12.737s][info][gc,heap     ] GC(13) y:                Mark Start          Mark End        Relocate Start      Relocate End           High               Low         
[2026-04-03T01:56:09.173+0600][12.737s][info][gc,heap     ] GC(13) y:  Capacity:      744M (99%)         744M (99%)         744M (99%)         744M (99%)         744M (99%)         744M (99%)    
[2026-04-03T01:56:09.173+0600][12.737s][info][gc,heap     ] GC(13) y:      Free:      490M (65%)         486M (65%)         504M (67%)         566M (75%)         568M (76%)         486M (65%)    
[2026-04-03T01:56:09.173+0600][12.737s][info][gc,heap     ] GC(13) y:      Used:      260M (35%)         264M (35%)         246M (33%)         184M (25%)         264M (35%)         182M (24%)    
[2026-04-03T01:56:09.173+0600][12.737s][info][gc,heap     ] GC(13) y: Young Generation Statistics:
[2026-04-03T01:56:09.173+0600][12.737s][info][gc,heap     ] GC(13) y:                Mark Start          Mark End        Relocate Start      Relocate End    
[2026-04-03T01:56:09.173+0600][12.737s][info][gc,heap     ] GC(13) y:      Used:      114M (15%)         118M (16%)          78M (10%)          12M (2%)     
[2026-04-03T01:56:09.173+0600][12.737s][info][gc,heap     ] GC(13) y:      Live:         -                22M (3%)            1M (0%)            1M (0%)     
[2026-04-03T01:56:09.173+0600][12.737s][info][gc,heap     ] GC(13) y:   Garbage:         -                91M (12%)          72M (10%)           0M (0%)     
[2026-04-03T01:56:09.173+0600][12.738s][info][gc,heap     ] GC(13) y: Allocated:         -                 4M (1%)            4M (1%)           10M (1%)     
[2026-04-03T01:56:09.173+0600][12.738s][info][gc,heap     ] GC(13) y: Reclaimed:         -                  -                19M (3%)           91M (12%)    
[2026-04-03T01:56:09.173+0600][12.738s][info][gc,heap     ] GC(13) y:  Promoted:         -                  -                20M (3%)           21M (3%)     
[2026-04-03T01:56:09.173+0600][12.738s][info][gc,heap     ] GC(13) y: Compacted:         -                  -                  -                 1M (0%)     
[2026-04-03T01:56:09.173+0600][12.738s][info][gc,phases   ] GC(13) y: Young Generation 260M(35%)->184M(25%) 0.055s
[2026-04-03T01:56:09.173+0600][12.738s][info][gc          ] GC(13) Minor Collection (Allocation Rate) 260M(35%)->184M(25%) 0.056s
[2026-04-03T01:56:09.390+0600][12.954s][info][gc          ] GC(14) Major Collection (System.gc())
[2026-04-03T01:56:09.390+0600][12.954s][info][gc,task     ] GC(14) Using 3 Workers for Young Generation
[2026-04-03T01:56:09.390+0600][12.954s][info][gc,task     ] GC(14) Using 3 Workers for Old Generation
[2026-04-03T01:56:09.390+0600][12.954s][info][gc,phases   ] GC(14) Y: Young Generation (Promote All)
[2026-04-03T01:56:09.390+0600][12.954s][info][gc,phases   ] GC(14) Y: Pause Mark Start 0.024ms
[2026-04-03T01:56:09.400+0600][12.964s][info][gc,phases   ] GC(14) Y: Concurrent Mark 9.521ms
[2026-04-03T01:56:09.400+0600][12.964s][info][gc,phases   ] GC(14) Y: Pause Mark End 0.025ms
[2026-04-03T01:56:09.400+0600][12.964s][info][gc,phases   ] GC(14) Y: Concurrent Mark Free 0.001ms
[2026-04-03T01:56:09.400+0600][12.964s][info][gc,phases   ] GC(14) Y: Concurrent Reset Relocation Set 0.036ms
[2026-04-03T01:56:09.405+0600][12.969s][info][gc,reloc    ] GC(14) Y: Using tenuring threshold: 0 (Promote All)
[2026-04-03T01:56:09.406+0600][12.970s][info][gc,phases   ] GC(14) Y: Concurrent Select Relocation Set 6.106ms
[2026-04-03T01:56:09.406+0600][12.971s][info][gc,phases   ] GC(14) Y: Pause Relocate Start 0.019ms
[2026-04-03T01:56:09.410+0600][12.974s][info][gc,phases   ] GC(14) Y: Concurrent Relocate 3.150ms
[2026-04-03T01:56:09.410+0600][12.974s][info][gc,alloc    ] GC(14) Y:                         Mark Start        Mark End      Relocate Start    Relocate End   
[2026-04-03T01:56:09.410+0600][12.974s][info][gc,alloc    ] GC(14) Y: Allocation Stalls:          0                0                0                0         
[2026-04-03T01:56:09.410+0600][12.974s][info][gc,load     ] GC(14) Y: Load: 4.13 (34%) / 6.64 (55%) / 7.09 (59%)
[2026-04-03T01:56:09.410+0600][12.974s][info][gc,mmu      ] GC(14) Y: MMU: 2ms/95.1%, 5ms/98.0%, 10ms/99.0%, 20ms/99.5%, 50ms/99.7%, 100ms/99.8%
[2026-04-03T01:56:09.410+0600][12.974s][info][gc,marking  ] GC(14) Y: Mark: 2 stripe(s), 2 proactive flush(es), 1 terminate flush(es), 0 completion(s), 0 continuation(s) 
[2026-04-03T01:56:09.410+0600][12.974s][info][gc,marking  ] GC(14) Y: Mark Stack Usage: 32M
[2026-04-03T01:56:09.410+0600][12.974s][info][gc,nmethod  ] GC(14) Y: NMethods: 3533 registered, 299 unregistered
[2026-04-03T01:56:09.410+0600][12.974s][info][gc,metaspace] GC(14) Y: Metaspace: 53M used, 54M committed, 1088M reserved
[2026-04-03T01:56:09.410+0600][12.974s][info][gc,reloc    ] GC(14) Y:                        Candidates     Selected     In-Place         Size        Empty    Relocated 
[2026-04-03T01:56:09.410+0600][12.974s][info][gc,reloc    ] GC(14) Y: Small Pages:                   15           14            0          30M           0M           1M 
[2026-04-03T01:56:09.410+0600][12.974s][info][gc,reloc    ] GC(14) Y: Medium Pages:                   1            0            0          16M          16M           0M 
[2026-04-03T01:56:09.410+0600][12.974s][info][gc,reloc    ] GC(14) Y: Large Pages:                    1            0            0           6M           6M           0M 
[2026-04-03T01:56:09.410+0600][12.974s][info][gc,reloc    ] GC(14) Y: Forwarding Usage: 0M
[2026-04-03T01:56:09.410+0600][12.974s][info][gc,reloc    ] GC(14) Y: Age Table:
[2026-04-03T01:56:09.410+0600][12.974s][info][gc,reloc    ] GC(14) Y:                    Live             Garbage             Small              Medium             Large        
[2026-04-03T01:56:09.410+0600][12.974s][info][gc,reloc    ] GC(14) Y: Eden               0M (0%)           45M (6%)          12 / 11             1 / 0              1 / 0        
[2026-04-03T01:56:09.410+0600][12.974s][info][gc,reloc    ] GC(14) Y: Survivor 1         0M (0%)            5M (1%)           3 / 3              0 / 0              0 / 0        
[2026-04-03T01:56:09.410+0600][12.974s][info][gc,heap     ] GC(14) Y: Min Capacity: 8M(1%)
[2026-04-03T01:56:09.410+0600][12.974s][info][gc,heap     ] GC(14) Y: Max Capacity: 750M(100%)
[2026-04-03T01:56:09.410+0600][12.974s][info][gc,heap     ] GC(14) Y: Soft Max Capacity: 750M(100%)
[2026-04-03T01:56:09.410+0600][12.974s][info][gc,heap     ] GC(14) Y: Heap Statistics:
[2026-04-03T01:56:09.410+0600][12.974s][info][gc,heap     ] GC(14) Y:                Mark Start          Mark End        Relocate Start      Relocate End           High               Low         
[2026-04-03T01:56:09.410+0600][12.974s][info][gc,heap     ] GC(14) Y:  Capacity:      744M (99%)         744M (99%)         744M (99%)         744M (99%)         744M (99%)         744M (99%)    
[2026-04-03T01:56:09.410+0600][12.974s][info][gc,heap     ] GC(14) Y:      Free:      526M (70%)         526M (70%)         548M (73%)         572M (76%)         572M (76%)         526M (70%)    
[2026-04-03T01:56:09.410+0600][12.974s][info][gc,heap     ] GC(14) Y:      Used:      224M (30%)         224M (30%)         202M (27%)         178M (24%)         224M (30%)         178M (24%)    
[2026-04-03T01:56:09.410+0600][12.974s][info][gc,heap     ] GC(14) Y: Young Generation Statistics:
[2026-04-03T01:56:09.410+0600][12.974s][info][gc,heap     ] GC(14) Y:                Mark Start          Mark End        Relocate Start      Relocate End    
[2026-04-03T01:56:09.410+0600][12.974s][info][gc,heap     ] GC(14) Y:      Used:       52M (7%)           52M (7%)           30M (4%)            0M (0%)     
[2026-04-03T01:56:09.410+0600][12.974s][info][gc,heap     ] GC(14) Y:      Live:         -                 1M (0%)            1M (0%)            0M (0%)     
[2026-04-03T01:56:09.410+0600][12.974s][info][gc,heap     ] GC(14) Y:   Garbage:         -                50M (7%)           28M (4%)            0M (0%)     
[2026-04-03T01:56:09.410+0600][12.974s][info][gc,heap     ] GC(14) Y: Allocated:         -                 0M (0%)            0M (0%)            0M (0%)     
[2026-04-03T01:56:09.410+0600][12.974s][info][gc,heap     ] GC(14) Y: Reclaimed:         -                  -                22M (3%)           50M (7%)     
[2026-04-03T01:56:09.410+0600][12.974s][info][gc,heap     ] GC(14) Y:  Promoted:         -                  -                 0M (0%)            1M (0%)     
[2026-04-03T01:56:09.410+0600][12.974s][info][gc,heap     ] GC(14) Y: Compacted:         -                  -                  -                 0M (0%)     
[2026-04-03T01:56:09.410+0600][12.974s][info][gc,phases   ] GC(14) Y: Young Generation (Promote All) 224M(30%)->178M(24%) 0.020s
[2026-04-03T01:56:09.410+0600][12.974s][info][gc,phases   ] GC(14) Y: Young Generation (Collect Roots)
[2026-04-03T01:56:09.410+0600][12.974s][info][gc,phases   ] GC(14) Y: Pause Mark Start (Major) 0.023ms
[2026-04-03T01:56:09.417+0600][12.981s][info][gc,phases   ] GC(14) Y: Concurrent Mark 6.177ms
[2026-04-03T01:56:09.417+0600][12.981s][info][gc,phases   ] GC(14) Y: Pause Mark End 0.036ms
[2026-04-03T01:56:09.417+0600][12.981s][info][gc,phases   ] GC(14) Y: Concurrent Mark Free 0.337ms
[2026-04-03T01:56:09.417+0600][12.981s][info][gc,phases   ] GC(14) Y: Concurrent Reset Relocation Set 0.031ms
[2026-04-03T01:56:09.422+0600][12.986s][info][gc,reloc    ] GC(14) Y: Using tenuring threshold: 0 (Computed)
[2026-04-03T01:56:09.422+0600][12.986s][info][gc,phases   ] GC(14) Y: Concurrent Select Relocation Set 4.906ms
[2026-04-03T01:56:09.422+0600][12.986s][info][gc,phases   ] GC(14) Y: Pause Relocate Start 0.014ms
[2026-04-03T01:56:09.422+0600][12.986s][info][gc,phases   ] GC(14) Y: Concurrent Relocate 0.068ms
[2026-04-03T01:56:09.422+0600][12.986s][info][gc,alloc    ] GC(14) Y:                         Mark Start        Mark End      Relocate Start    Relocate End   
[2026-04-03T01:56:09.422+0600][12.986s][info][gc,alloc    ] GC(14) Y: Allocation Stalls:          0                0                0                0         
[2026-04-03T01:56:09.422+0600][12.987s][info][gc,load     ] GC(14) Y: Load: 4.20 (35%) / 6.61 (55%) / 7.08 (59%)
[2026-04-03T01:56:09.422+0600][12.987s][info][gc,mmu      ] GC(14) Y: MMU: 2ms/95.1%, 5ms/98.0%, 10ms/99.0%, 20ms/99.5%, 50ms/99.7%, 100ms/99.8%
[2026-04-03T01:56:09.422+0600][12.987s][info][gc,marking  ] GC(14) Y: Mark: 2 stripe(s), 1 proactive flush(es), 1 terminate flush(es), 0 completion(s), 0 continuation(s) 
[2026-04-03T01:56:09.422+0600][12.987s][info][gc,marking  ] GC(14) Y: Mark Stack Usage: 0M
[2026-04-03T01:56:09.422+0600][12.987s][info][gc,nmethod  ] GC(14) Y: NMethods: 3533 registered, 299 unregistered
[2026-04-03T01:56:09.422+0600][12.987s][info][gc,metaspace] GC(14) Y: Metaspace: 53M used, 54M committed, 1088M reserved
[2026-04-03T01:56:09.422+0600][12.987s][info][gc,heap     ] GC(14) Y: Min Capacity: 8M(1%)
[2026-04-03T01:56:09.423+0600][12.987s][info][gc,heap     ] GC(14) Y: Max Capacity: 750M(100%)
[2026-04-03T01:56:09.423+0600][12.987s][info][gc,heap     ] GC(14) Y: Soft Max Capacity: 750M(100%)
[2026-04-03T01:56:09.423+0600][12.987s][info][gc,heap     ] GC(14) Y: Heap Statistics:
[2026-04-03T01:56:09.423+0600][12.987s][info][gc,heap     ] GC(14) Y:                Mark Start          Mark End        Relocate Start      Relocate End           High               Low         
[2026-04-03T01:56:09.423+0600][12.987s][info][gc,heap     ] GC(14) Y:  Capacity:      744M (99%)         744M (99%)         744M (99%)         744M (99%)         744M (99%)         744M (99%)    
[2026-04-03T01:56:09.423+0600][12.987s][info][gc,heap     ] GC(14) Y:      Free:      572M (76%)         572M (76%)         572M (76%)         572M (76%)         572M (76%)         572M (76%)    
[2026-04-03T01:56:09.423+0600][12.987s][info][gc,heap     ] GC(14) Y:      Used:      178M (24%)         178M (24%)         178M (24%)         178M (24%)         178M (24%)         178M (24%)    
[2026-04-03T01:56:09.423+0600][12.987s][info][gc,heap     ] GC(14) Y: Young Generation Statistics:
[2026-04-03T01:56:09.423+0600][12.987s][info][gc,heap     ] GC(14) Y:                Mark Start          Mark End        Relocate Start      Relocate End    
[2026-04-03T01:56:09.423+0600][12.987s][info][gc,heap     ] GC(14) Y:      Used:        0M (0%)            0M (0%)            0M (0%)            0M (0%)     
[2026-04-03T01:56:09.423+0600][12.987s][info][gc,heap     ] GC(14) Y:      Live:         -                 0M (0%)            0M (0%)            0M (0%)     
[2026-04-03T01:56:09.423+0600][12.987s][info][gc,heap     ] GC(14) Y:   Garbage:         -                 0M (0%)            0M (0%)            0M (0%)     
[2026-04-03T01:56:09.423+0600][12.987s][info][gc,heap     ] GC(14) Y: Allocated:         -                 0M (0%)            0M (0%)            0M (0%)     
[2026-04-03T01:56:09.423+0600][12.987s][info][gc,heap     ] GC(14) Y: Reclaimed:         -                  -                 0M (0%)            0M (0%)     
[2026-04-03T01:56:09.423+0600][12.987s][info][gc,heap     ] GC(14) Y:  Promoted:         -                  -                 0M (0%)            0M (0%)     
[2026-04-03T01:56:09.423+0600][12.987s][info][gc,heap     ] GC(14) Y: Compacted:         -                  -                  -                 0M (0%)     
[2026-04-03T01:56:09.423+0600][12.987s][info][gc,phases   ] GC(14) Y: Young Generation (Collect Roots) 178M(24%)->178M(24%) 0.012s
[2026-04-03T01:56:09.423+0600][12.987s][info][gc,phases   ] GC(14) O: Old Generation
[2026-04-03T01:56:09.446+0600][13.010s][info][gc,phases   ] GC(14) O: Concurrent Mark 23.448ms
[2026-04-03T01:56:09.446+0600][13.010s][info][gc,phases   ] GC(14) O: Pause Mark End 0.034ms
[2026-04-03T01:56:09.446+0600][13.010s][info][gc,phases   ] GC(14) O: Concurrent Mark Free 0.001ms
[2026-04-03T01:56:09.453+0600][13.017s][info][gc,phases   ] GC(14) O: Concurrent Process Non-Strong 6.241ms
[2026-04-03T01:56:09.453+0600][13.017s][info][gc,phases   ] GC(14) O: Concurrent Reset Relocation Set 0.005ms
[2026-04-03T01:56:09.455+0600][13.020s][info][gc,phases   ] GC(14) O: Concurrent Select Relocation Set 2.699ms
[2026-04-03T01:56:09.456+0600][13.020s][info][gc,task     ] GC(14) O: Using 3 Workers for Old Generation
[2026-04-03T01:56:09.471+0600][13.035s][info][gc,task     ] GC(14) O: Using 3 Workers for Old Generation
[2026-04-03T01:56:09.471+0600][13.035s][info][gc,phases   ] GC(14) O: Concurrent Remap Roots 15.689ms
[2026-04-03T01:56:09.471+0600][13.036s][info][gc,phases   ] GC(14) O: Pause Relocate Start 0.026ms
[2026-04-03T01:56:09.476+0600][13.040s][info][gc,phases   ] GC(14) O: Concurrent Relocate 4.746ms
[2026-04-03T01:56:09.476+0600][13.041s][info][gc,alloc    ] GC(14) O:                         Mark Start        Mark End      Relocate Start    Relocate End   
[2026-04-03T01:56:09.476+0600][13.041s][info][gc,alloc    ] GC(14) O: Allocation Stalls:          0                0                0                0         
[2026-04-03T01:56:09.476+0600][13.041s][info][gc,load     ] GC(14) O: Load: 4.20 (35%) / 6.61 (55%) / 7.08 (59%)
[2026-04-03T01:56:09.476+0600][13.041s][info][gc,mmu      ] GC(14) O: MMU: 2ms/95.1%, 5ms/98.0%, 10ms/99.0%, 20ms/99.5%, 50ms/99.7%, 100ms/99.8%
[2026-04-03T01:56:09.476+0600][13.041s][info][gc,marking  ] GC(14) O: Mark: 2 stripe(s), 3 proactive flush(es), 1 terminate flush(es), 0 completion(s), 0 continuation(s) 
[2026-04-03T01:56:09.476+0600][13.041s][info][gc,marking  ] GC(14) O: Mark Stack Usage: 32M
[2026-04-03T01:56:09.476+0600][13.041s][info][gc,nmethod  ] GC(14) O: NMethods: 3392 registered, 440 unregistered
[2026-04-03T01:56:09.477+0600][13.041s][info][gc,metaspace] GC(14) O: Metaspace: 53M used, 54M committed, 1088M reserved
[2026-04-03T01:56:09.477+0600][13.041s][info][gc,ref      ] GC(14) O:                       Encountered   Discovered     Enqueued 
[2026-04-03T01:56:09.477+0600][13.041s][info][gc,ref      ] GC(14) O: Soft References:             4140            0            0 
[2026-04-03T01:56:09.477+0600][13.041s][info][gc,ref      ] GC(14) O: Weak References:             3696         2630          349 
[2026-04-03T01:56:09.477+0600][13.041s][info][gc,ref      ] GC(14) O: Final References:              82            0            0 
[2026-04-03T01:56:09.477+0600][13.041s][info][gc,ref      ] GC(14) O: Phantom References:           587          350            1 
[2026-04-03T01:56:09.477+0600][13.041s][info][gc,reloc    ] GC(14) O:                        Candidates     Selected     In-Place         Size        Empty    Relocated 
[2026-04-03T01:56:09.477+0600][13.041s][info][gc,reloc    ] GC(14) O: Small Pages:                   79           11            0         158M         108M           3M 
[2026-04-03T01:56:09.477+0600][13.041s][info][gc,reloc    ] GC(14) O: Medium Pages:                   1            0            0          16M           0M           0M 
[2026-04-03T01:56:09.477+0600][13.041s][info][gc,reloc    ] GC(14) O: Large Pages:                    1            0            0           4M           0M           0M 
[2026-04-03T01:56:09.477+0600][13.041s][info][gc,reloc    ] GC(14) O: Forwarding Usage: 1M
[2026-04-03T01:56:09.477+0600][13.041s][info][gc,heap     ] GC(14) O: Min Capacity: 8M(1%)
[2026-04-03T01:56:09.477+0600][13.041s][info][gc,heap     ] GC(14) O: Max Capacity: 750M(100%)
[2026-04-03T01:56:09.477+0600][13.041s][info][gc,heap     ] GC(14) O: Soft Max Capacity: 750M(100%)
[2026-04-03T01:56:09.477+0600][13.041s][info][gc,heap     ] GC(14) O: Heap Statistics:
[2026-04-03T01:56:09.477+0600][13.041s][info][gc,heap     ] GC(14) O:                Mark Start          Mark End        Relocate Start      Relocate End           High               Low         
[2026-04-03T01:56:09.477+0600][13.041s][info][gc,heap     ] GC(14) O:  Capacity:      744M (99%)         744M (99%)         744M (99%)         744M (99%)         744M (99%)         744M (99%)    
[2026-04-03T01:56:09.477+0600][13.041s][info][gc,heap     ] GC(14) O:      Free:      572M (76%)         572M (76%)         676M (90%)         696M (93%)         696M (93%)         570M (76%)    
[2026-04-03T01:56:09.477+0600][13.041s][info][gc,heap     ] GC(14) O:      Used:      178M (24%)         178M (24%)          74M (10%)          54M (7%)          180M (24%)          54M (7%)     
[2026-04-03T01:56:09.477+0600][13.041s][info][gc,heap     ] GC(14) O: Old Generation Statistics:
[2026-04-03T01:56:09.477+0600][13.041s][info][gc,heap     ] GC(14) O:                Mark Start          Mark End        Relocate Start      Relocate End    
[2026-04-03T01:56:09.477+0600][13.041s][info][gc,heap     ] GC(14) O:      Used:      178M (24%)         178M (24%)          70M (9%)           50M (7%)     
[2026-04-03T01:56:09.477+0600][13.041s][info][gc,heap     ] GC(14) O:      Live:         -                32M (4%)           32M (4%)           32M (4%)     
[2026-04-03T01:56:09.477+0600][13.041s][info][gc,heap     ] GC(14) O:   Garbage:         -               145M (19%)          37M (5%)           14M (2%)     
[2026-04-03T01:56:09.477+0600][13.041s][info][gc,heap     ] GC(14) O: Allocated:         -                 0M (0%)            0M (0%)            2M (0%)     
[2026-04-03T01:56:09.477+0600][13.041s][info][gc,heap     ] GC(14) O: Reclaimed:         -                  -               108M (14%)         130M (17%)    
[2026-04-03T01:56:09.477+0600][13.041s][info][gc,heap     ] GC(14) O: Compacted:         -                  -                  -                 5M (1%)     
[2026-04-03T01:56:09.477+0600][13.041s][info][gc,phases   ] GC(14) O: Old Generation 178M(24%)->54M(7%) 0.054s
[2026-04-03T01:56:09.477+0600][13.041s][info][gc          ] GC(14) Major Collection (System.gc()) 224M(30%)->54M(7%) 0.087s
[2026-04-03T01:56:09.973+0600][13.538s][info][gc          ] GC(15) Minor Collection (Allocation Rate)
[2026-04-03T01:56:09.974+0600][13.538s][info][gc,task     ] GC(15) Using 2 Workers for Young Generation
[2026-04-03T01:56:09.974+0600][13.538s][info][gc,phases   ] GC(15) y: Young Generation
[2026-04-03T01:56:09.974+0600][13.538s][info][gc,phases   ] GC(15) y: Pause Mark Start 0.027ms
[2026-04-03T01:56:09.987+0600][13.551s][info][gc,phases   ] GC(15) y: Concurrent Mark 12.583ms
[2026-04-03T01:56:09.987+0600][13.551s][info][gc,phases   ] GC(15) y: Pause Mark End 0.029ms
[2026-04-03T01:56:09.987+0600][13.551s][info][gc,phases   ] GC(15) y: Concurrent Mark Free 0.002ms
[2026-04-03T01:56:09.987+0600][13.551s][info][gc,phases   ] GC(15) y: Concurrent Reset Relocation Set 0.001ms
[2026-04-03T01:56:09.991+0600][13.555s][info][gc,reloc    ] GC(15) y: Using tenuring threshold: 1 (Computed)
[2026-04-03T01:56:09.991+0600][13.555s][info][gc,phases   ] GC(15) y: Concurrent Select Relocation Set 4.300ms
[2026-04-03T01:56:09.992+0600][13.556s][info][gc,phases   ] GC(15) y: Pause Relocate Start 0.025ms
[2026-04-03T01:56:09.994+0600][13.559s][info][gc,phases   ] GC(15) y: Concurrent Relocate 1.963ms
[2026-04-03T01:56:09.994+0600][13.559s][info][gc,alloc    ] GC(15) y:                         Mark Start        Mark End      Relocate Start    Relocate End   
[2026-04-03T01:56:09.994+0600][13.559s][info][gc,alloc    ] GC(15) y: Allocation Stalls:          0                0                0                0         
[2026-04-03T01:56:09.995+0600][13.559s][info][gc,load     ] GC(15) y: Load: 4.20 (35%) / 6.61 (55%) / 7.08 (59%)
[2026-04-03T01:56:09.995+0600][13.559s][info][gc,mmu      ] GC(15) y: MMU: 2ms/95.1%, 5ms/98.0%, 10ms/99.0%, 20ms/99.5%, 50ms/99.7%, 100ms/99.8%
[2026-04-03T01:56:09.995+0600][13.559s][info][gc,marking  ] GC(15) y: Mark: 2 stripe(s), 2 proactive flush(es), 1 terminate flush(es), 0 completion(s), 0 continuation(s) 
[2026-04-03T01:56:09.995+0600][13.559s][info][gc,marking  ] GC(15) y: Mark Stack Usage: 32M
[2026-04-03T01:56:09.995+0600][13.559s][info][gc,nmethod  ] GC(15) y: NMethods: 3553 registered, 440 unregistered
[2026-04-03T01:56:09.995+0600][13.559s][info][gc,metaspace] GC(15) y: Metaspace: 56M used, 56M committed, 1088M reserved
[2026-04-03T01:56:09.995+0600][13.559s][info][gc,reloc    ] GC(15) y:                        Candidates     Selected     In-Place         Size        Empty    Relocated 
[2026-04-03T01:56:09.995+0600][13.559s][info][gc,reloc    ] GC(15) y: Small Pages:                   17           16            0          34M           0M           1M 
[2026-04-03T01:56:09.995+0600][13.559s][info][gc,reloc    ] GC(15) y: Medium Pages:                   1            0            0          16M          16M           0M 
[2026-04-03T01:56:09.995+0600][13.559s][info][gc,reloc    ] GC(15) y: Large Pages:                    0            0            0           0M           0M           0M 
[2026-04-03T01:56:09.995+0600][13.559s][info][gc,reloc    ] GC(15) y: Forwarding Usage: 0M
[2026-04-03T01:56:09.995+0600][13.559s][info][gc,reloc    ] GC(15) y: Age Table:
[2026-04-03T01:56:09.995+0600][13.559s][info][gc,reloc    ] GC(15) y:                    Live             Garbage             Small              Medium             Large        
[2026-04-03T01:56:09.995+0600][13.559s][info][gc,reloc    ] GC(15) y: Eden               1M (0%)           48M (6%)          17 / 16             1 / 0              0 / 0        
[2026-04-03T01:56:09.995+0600][13.559s][info][gc,heap     ] GC(15) y: Min Capacity: 8M(1%)
[2026-04-03T01:56:09.995+0600][13.559s][info][gc,heap     ] GC(15) y: Max Capacity: 750M(100%)
[2026-04-03T01:56:09.995+0600][13.559s][info][gc,heap     ] GC(15) y: Soft Max Capacity: 750M(100%)
[2026-04-03T01:56:09.995+0600][13.559s][info][gc,heap     ] GC(15) y: Heap Statistics:
[2026-04-03T01:56:09.995+0600][13.559s][info][gc,heap     ] GC(15) y:                Mark Start          Mark End        Relocate Start      Relocate End           High               Low         
[2026-04-03T01:56:09.995+0600][13.559s][info][gc,heap     ] GC(15) y:  Capacity:      744M (99%)         744M (99%)         744M (99%)         744M (99%)         744M (99%)         744M (99%)    
[2026-04-03T01:56:09.995+0600][13.559s][info][gc,heap     ] GC(15) y:      Free:      650M (87%)         646M (86%)         662M (88%)         688M (92%)         688M (92%)         646M (86%)    
[2026-04-03T01:56:09.995+0600][13.559s][info][gc,heap     ] GC(15) y:      Used:      100M (13%)         104M (14%)          88M (12%)          62M (8%)          104M (14%)          62M (8%)     
[2026-04-03T01:56:09.995+0600][13.559s][info][gc,heap     ] GC(15) y: Young Generation Statistics:
[2026-04-03T01:56:09.995+0600][13.559s][info][gc,heap     ] GC(15) y:                Mark Start          Mark End        Relocate Start      Relocate End    
[2026-04-03T01:56:09.995+0600][13.559s][info][gc,heap     ] GC(15) y:      Used:       50M (7%)           54M (7%)           38M (5%)           12M (2%)     
[2026-04-03T01:56:09.995+0600][13.559s][info][gc,heap     ] GC(15) y:      Live:         -                 1M (0%)            1M (0%)            1M (0%)     
[2026-04-03T01:56:09.995+0600][13.559s][info][gc,heap     ] GC(15) y:   Garbage:         -                48M (6%)           32M (4%)            0M (0%)     
[2026-04-03T01:56:09.995+0600][13.559s][info][gc,heap     ] GC(15) y: Allocated:         -                 4M (1%)            4M (1%)           10M (1%)     
[2026-04-03T01:56:09.995+0600][13.559s][info][gc,heap     ] GC(15) y: Reclaimed:         -                  -                16M (2%)           48M (6%)     
[2026-04-03T01:56:09.995+0600][13.559s][info][gc,heap     ] GC(15) y:  Promoted:         -                  -                 0M (0%)            0M (0%)     
[2026-04-03T01:56:09.995+0600][13.559s][info][gc,heap     ] GC(15) y: Compacted:         -                  -                  -                 1M (0%)     
[2026-04-03T01:56:09.995+0600][13.559s][info][gc,phases   ] GC(15) y: Young Generation 100M(13%)->62M(8%) 0.021s
[2026-04-03T01:56:09.995+0600][13.559s][info][gc          ] GC(15) Minor Collection (Allocation Rate) 100M(13%)->62M(8%) 0.022s
[2026-04-03T01:56:11.516+0600][15.080s][info][gc          ] GC(16) Major Collection (Allocation Rate)
[2026-04-03T01:56:11.516+0600][15.080s][info][gc,task     ] GC(16) Using 2 Workers for Young Generation
[2026-04-03T01:56:11.516+0600][15.080s][info][gc,task     ] GC(16) Using 2 Workers for Old Generation
[2026-04-03T01:56:11.516+0600][15.080s][info][gc,phases   ] GC(16) Y: Young Generation
[2026-04-03T01:56:11.516+0600][15.080s][info][gc,phases   ] GC(16) Y: Pause Mark Start (Major) 0.023ms
[2026-04-03T01:56:11.533+0600][15.097s][info][gc,phases   ] GC(16) Y: Concurrent Mark 16.677ms
[2026-04-03T01:56:11.533+0600][15.097s][info][gc,phases   ] GC(16) Y: Pause Mark End 0.028ms
[2026-04-03T01:56:11.533+0600][15.097s][info][gc,phases   ] GC(16) Y: Concurrent Mark Free 0.002ms
[2026-04-03T01:56:11.533+0600][15.097s][info][gc,phases   ] GC(16) Y: Concurrent Reset Relocation Set 0.003ms
[2026-04-03T01:56:11.537+0600][15.101s][info][gc,reloc    ] GC(16) Y: Using tenuring threshold: 2 (Computed)
[2026-04-03T01:56:11.537+0600][15.102s][info][gc,phases   ] GC(16) Y: Concurrent Select Relocation Set 4.179ms
[2026-04-03T01:56:11.538+0600][15.102s][info][gc,phases   ] GC(16) Y: Pause Relocate Start 0.016ms
[2026-04-03T01:56:11.542+0600][15.106s][info][gc,phases   ] GC(16) Y: Concurrent Relocate 4.013ms
[2026-04-03T01:56:11.542+0600][15.106s][info][gc,alloc    ] GC(16) Y:                         Mark Start        Mark End      Relocate Start    Relocate End   
[2026-04-03T01:56:11.542+0600][15.106s][info][gc,alloc    ] GC(16) Y: Allocation Stalls:          0                0                0                0         
[2026-04-03T01:56:11.542+0600][15.106s][info][gc,load     ] GC(16) Y: Load: 4.20 (35%) / 6.61 (55%) / 7.08 (59%)
[2026-04-03T01:56:11.542+0600][15.106s][info][gc,mmu      ] GC(16) Y: MMU: 2ms/95.1%, 5ms/98.0%, 10ms/99.0%, 20ms/99.5%, 50ms/99.7%, 100ms/99.8%
[2026-04-03T01:56:11.542+0600][15.106s][info][gc,marking  ] GC(16) Y: Mark: 2 stripe(s), 4 proactive flush(es), 1 terminate flush(es), 0 completion(s), 0 continuation(s) 
[2026-04-03T01:56:11.542+0600][15.106s][info][gc,marking  ] GC(16) Y: Mark Stack Usage: 32M
[2026-04-03T01:56:11.542+0600][15.106s][info][gc,nmethod  ] GC(16) Y: NMethods: 4229 registered, 440 unregistered
[2026-04-03T01:56:11.542+0600][15.106s][info][gc,metaspace] GC(16) Y: Metaspace: 59M used, 60M committed, 1088M reserved
[2026-04-03T01:56:11.542+0600][15.106s][info][gc,reloc    ] GC(16) Y:                        Candidates     Selected     In-Place         Size        Empty    Relocated 
[2026-04-03T01:56:11.542+0600][15.106s][info][gc,reloc    ] GC(16) Y: Small Pages:                   32           29            0          64M           0M           2M 
[2026-04-03T01:56:11.542+0600][15.106s][info][gc,reloc    ] GC(16) Y: Medium Pages:                   1            0            0          16M          16M           0M 
[2026-04-03T01:56:11.542+0600][15.106s][info][gc,reloc    ] GC(16) Y: Large Pages:                    1            0            0           6M           6M           0M 
[2026-04-03T01:56:11.542+0600][15.106s][info][gc,reloc    ] GC(16) Y: Forwarding Usage: 1M
[2026-04-03T01:56:11.542+0600][15.106s][info][gc,reloc    ] GC(16) Y: Age Table:
[2026-04-03T01:56:11.542+0600][15.106s][info][gc,reloc    ] GC(16) Y:                    Live             Garbage             Small              Medium             Large        
[2026-04-03T01:56:11.542+0600][15.106s][info][gc,reloc    ] GC(16) Y: Eden               2M (0%)           75M (10%)         28 / 26             1 / 0              1 / 0        
[2026-04-03T01:56:11.542+0600][15.106s][info][gc,reloc    ] GC(16) Y: Survivor 1         1M (0%)            6M (1%)           4 / 3              0 / 0              0 / 0        
[2026-04-03T01:56:11.542+0600][15.106s][info][gc,heap     ] GC(16) Y: Min Capacity: 8M(1%)
[2026-04-03T01:56:11.542+0600][15.106s][info][gc,heap     ] GC(16) Y: Max Capacity: 750M(100%)
[2026-04-03T01:56:11.542+0600][15.106s][info][gc,heap     ] GC(16) Y: Soft Max Capacity: 750M(100%)
[2026-04-03T01:56:11.542+0600][15.106s][info][gc,heap     ] GC(16) Y: Heap Statistics:
[2026-04-03T01:56:11.542+0600][15.106s][info][gc,heap     ] GC(16) Y:                Mark Start          Mark End        Relocate Start      Relocate End           High               Low         
[2026-04-03T01:56:11.542+0600][15.106s][info][gc,heap     ] GC(16) Y:  Capacity:      744M (99%)         744M (99%)         744M (99%)         744M (99%)         744M (99%)         744M (99%)    
[2026-04-03T01:56:11.542+0600][15.106s][info][gc,heap     ] GC(16) Y:      Free:      614M (82%)         606M (81%)         628M (84%)         670M (89%)         670M (89%)         606M (81%)    
[2026-04-03T01:56:11.542+0600][15.106s][info][gc,heap     ] GC(16) Y:      Used:      136M (18%)         144M (19%)         122M (16%)          80M (11%)         144M (19%)          80M (11%)    
[2026-04-03T01:56:11.542+0600][15.106s][info][gc,heap     ] GC(16) Y: Young Generation Statistics:
[2026-04-03T01:56:11.542+0600][15.106s][info][gc,heap     ] GC(16) Y:                Mark Start          Mark End        Relocate Start      Relocate End    
[2026-04-03T01:56:11.542+0600][15.106s][info][gc,heap     ] GC(16) Y:      Used:       86M (11%)          94M (13%)          72M (10%)          30M (4%)     
[2026-04-03T01:56:11.542+0600][15.106s][info][gc,heap     ] GC(16) Y:      Live:         -                 3M (1%)            3M (1%)            3M (1%)     
[2026-04-03T01:56:11.542+0600][15.106s][info][gc,heap     ] GC(16) Y:   Garbage:         -                82M (11%)          60M (8%)            1M (0%)     
[2026-04-03T01:56:11.542+0600][15.106s][info][gc,heap     ] GC(16) Y: Allocated:         -                 8M (1%)            8M (1%)           24M (3%)     
[2026-04-03T01:56:11.542+0600][15.106s][info][gc,heap     ] GC(16) Y: Reclaimed:         -                  -                22M (3%)           80M (11%)    
[2026-04-03T01:56:11.542+0600][15.106s][info][gc,heap     ] GC(16) Y:  Promoted:         -                  -                 0M (0%)            0M (0%)     
[2026-04-03T01:56:11.542+0600][15.106s][info][gc,heap     ] GC(16) Y: Compacted:         -                  -                  -                 3M (0%)     
[2026-04-03T01:56:11.542+0600][15.106s][info][gc,phases   ] GC(16) Y: Young Generation 136M(18%)->80M(11%) 0.026s
[2026-04-03T01:56:11.542+0600][15.106s][info][gc,phases   ] GC(16) O: Old Generation
[2026-04-03T01:56:11.590+0600][15.154s][info][gc,phases   ] GC(16) O: Concurrent Mark 47.769ms
[2026-04-03T01:56:11.590+0600][15.154s][info][gc,phases   ] GC(16) O: Pause Mark End 0.032ms
[2026-04-03T01:56:11.590+0600][15.154s][info][gc,phases   ] GC(16) O: Concurrent Mark Free 0.003ms
[2026-04-03T01:56:11.600+0600][15.164s][info][gc,phases   ] GC(16) O: Concurrent Process Non-Strong 9.930ms
[2026-04-03T01:56:11.600+0600][15.165s][info][gc,phases   ] GC(16) O: Concurrent Reset Relocation Set 0.003ms
[2026-04-03T01:56:11.604+0600][15.168s][info][gc,phases   ] GC(16) O: Concurrent Select Relocation Set 3.446ms
[2026-04-03T01:56:11.604+0600][15.168s][info][gc,task     ] GC(16) O: Using 3 Workers for Old Generation
[2026-04-03T01:56:11.624+0600][15.188s][info][gc,task     ] GC(16) O: Using 2 Workers for Old Generation
[2026-04-03T01:56:11.624+0600][15.189s][info][gc,phases   ] GC(16) O: Concurrent Remap Roots 20.463ms
[2026-04-03T01:56:11.625+0600][15.189s][info][gc,phases   ] GC(16) O: Pause Relocate Start 0.033ms
[2026-04-03T01:56:11.628+0600][15.192s][info][gc,phases   ] GC(16) O: Concurrent Relocate 3.297ms
[2026-04-03T01:56:11.628+0600][15.192s][info][gc,alloc    ] GC(16) O:                         Mark Start        Mark End      Relocate Start    Relocate End   
[2026-04-03T01:56:11.628+0600][15.192s][info][gc,alloc    ] GC(16) O: Allocation Stalls:          0                0                0                0         
[2026-04-03T01:56:11.628+0600][15.192s][info][gc,load     ] GC(16) O: Load: 4.20 (35%) / 6.61 (55%) / 7.08 (59%)
[2026-04-03T01:56:11.628+0600][15.192s][info][gc,mmu      ] GC(16) O: MMU: 2ms/95.1%, 5ms/98.0%, 10ms/99.0%, 20ms/99.5%, 50ms/99.7%, 100ms/99.8%
[2026-04-03T01:56:11.628+0600][15.192s][info][gc,marking  ] GC(16) O: Mark: 2 stripe(s), 2 proactive flush(es), 1 terminate flush(es), 0 completion(s), 0 continuation(s) 
[2026-04-03T01:56:11.628+0600][15.192s][info][gc,marking  ] GC(16) O: Mark Stack Usage: 32M
[2026-04-03T01:56:11.628+0600][15.192s][info][gc,nmethod  ] GC(16) O: NMethods: 4087 registered, 610 unregistered
[2026-04-03T01:56:11.628+0600][15.192s][info][gc,metaspace] GC(16) O: Metaspace: 59M used, 60M committed, 1088M reserved
[2026-04-03T01:56:11.628+0600][15.192s][info][gc,ref      ] GC(16) O:                       Encountered   Discovered     Enqueued 
[2026-04-03T01:56:11.628+0600][15.192s][info][gc,ref      ] GC(16) O: Soft References:             4544            0            0 
[2026-04-03T01:56:11.628+0600][15.192s][info][gc,ref      ] GC(16) O: Weak References:             5200          943            0 
[2026-04-03T01:56:11.628+0600][15.192s][info][gc,ref      ] GC(16) O: Final References:              82            0            0 
[2026-04-03T01:56:11.628+0600][15.192s][info][gc,ref      ] GC(16) O: Phantom References:           593          404            0 
[2026-04-03T01:56:11.628+0600][15.193s][info][gc,reloc    ] GC(16) O:                        Candidates     Selected     In-Place         Size        Empty    Relocated 
[2026-04-03T01:56:11.628+0600][15.193s][info][gc,reloc    ] GC(16) O: Small Pages:                   15            1            0          30M           0M           1M 
[2026-04-03T01:56:11.628+0600][15.193s][info][gc,reloc    ] GC(16) O: Medium Pages:                   1            0            0          16M           0M           0M 
[2026-04-03T01:56:11.628+0600][15.193s][info][gc,reloc    ] GC(16) O: Large Pages:                    1            0            0           4M           0M           0M 
[2026-04-03T01:56:11.628+0600][15.193s][info][gc,reloc    ] GC(16) O: Forwarding Usage: 0M
[2026-04-03T01:56:11.628+0600][15.193s][info][gc,heap     ] GC(16) O: Min Capacity: 8M(1%)
[2026-04-03T01:56:11.628+0600][15.193s][info][gc,heap     ] GC(16) O: Max Capacity: 750M(100%)
[2026-04-03T01:56:11.628+0600][15.193s][info][gc,heap     ] GC(16) O: Soft Max Capacity: 750M(100%)
[2026-04-03T01:56:11.628+0600][15.193s][info][gc,heap     ] GC(16) O: Heap Statistics:
[2026-04-03T01:56:11.629+0600][15.193s][info][gc,heap     ] GC(16) O:                Mark Start          Mark End        Relocate Start      Relocate End           High               Low         
[2026-04-03T01:56:11.629+0600][15.193s][info][gc,heap     ] GC(16) O:  Capacity:      744M (99%)         744M (99%)         744M (99%)         744M (99%)         744M (99%)         744M (99%)    
[2026-04-03T01:56:11.629+0600][15.193s][info][gc,heap     ] GC(16) O:      Free:      614M (82%)         654M (87%)         644M (86%)         640M (85%)         670M (89%)         606M (81%)    
[2026-04-03T01:56:11.629+0600][15.193s][info][gc,heap     ] GC(16) O:      Used:      136M (18%)          96M (13%)         106M (14%)         110M (15%)         144M (19%)          80M (11%)    
[2026-04-03T01:56:11.629+0600][15.193s][info][gc,heap     ] GC(16) O: Old Generation Statistics:
[2026-04-03T01:56:11.629+0600][15.193s][info][gc,heap     ] GC(16) O:                Mark Start          Mark End        Relocate Start      Relocate End    
[2026-04-03T01:56:11.629+0600][15.193s][info][gc,heap     ] GC(16) O:      Used:       50M (7%)           50M (7%)           50M (7%)           54M (7%)     
[2026-04-03T01:56:11.629+0600][15.193s][info][gc,heap     ] GC(16) O:      Live:         -                32M (4%)           32M (4%)           32M (4%)     
[2026-04-03T01:56:11.629+0600][15.193s][info][gc,heap     ] GC(16) O:   Garbage:         -                17M (2%)           17M (2%)           15M (2%)     
[2026-04-03T01:56:11.629+0600][15.193s][info][gc,heap     ] GC(16) O: Allocated:         -                 0M (0%)            0M (0%)            6M (1%)     
[2026-04-03T01:56:11.629+0600][15.193s][info][gc,heap     ] GC(16) O: Reclaimed:         -                  -                 0M (0%)            2M (0%)     
[2026-04-03T01:56:11.629+0600][15.193s][info][gc,heap     ] GC(16) O: Compacted:         -                  -                  -                 1M (0%)     
[2026-04-03T01:56:11.629+0600][15.193s][info][gc,phases   ] GC(16) O: Old Generation 80M(11%)->110M(15%) 0.086s
[2026-04-03T01:56:11.629+0600][15.193s][info][gc          ] GC(16) Major Collection (Allocation Rate) 136M(18%)->110M(15%) 0.113s
[2026-04-03T01:56:11.936+0600][15.500s][info][gc          ] GC(17) Minor Collection (Allocation Rate)
[2026-04-03T01:56:11.936+0600][15.500s][info][gc,task     ] GC(17) Using 1 Workers for Young Generation
[2026-04-03T01:56:11.936+0600][15.500s][info][gc,phases   ] GC(17) y: Young Generation
[2026-04-03T01:56:11.936+0600][15.500s][info][gc,phases   ] GC(17) y: Pause Mark Start 0.018ms
[2026-04-03T01:56:12.036+0600][15.600s][info][gc,phases   ] GC(17) y: Concurrent Mark 99.128ms
[2026-04-03T01:56:12.036+0600][15.600s][info][gc,phases   ] GC(17) y: Pause Mark End 0.021ms
[2026-04-03T01:56:12.036+0600][15.600s][info][gc,phases   ] GC(17) y: Concurrent Mark Free 0.002ms
[2026-04-03T01:56:12.036+0600][15.600s][info][gc,phases   ] GC(17) y: Concurrent Reset Relocation Set 0.007ms
[2026-04-03T01:56:12.038+0600][15.602s][info][gc,reloc    ] GC(17) y: Using tenuring threshold: 3 (Computed)
[2026-04-03T01:56:12.052+0600][15.616s][info][gc,phases   ] GC(17) y: Concurrent Select Relocation Set 15.730ms
[2026-04-03T01:56:12.052+0600][15.616s][info][gc,phases   ] GC(17) y: Pause Relocate Start 0.017ms
[2026-04-03T01:56:12.113+0600][15.677s][info][gc,phases   ] GC(17) y: Concurrent Relocate 61.158ms
[2026-04-03T01:56:12.113+0600][15.678s][info][gc,alloc    ] GC(17) y:                         Mark Start        Mark End      Relocate Start    Relocate End   
[2026-04-03T01:56:12.113+0600][15.678s][info][gc,alloc    ] GC(17) y: Allocation Stalls:          0                0                0                0         
[2026-04-03T01:56:12.114+0600][15.678s][info][gc,load     ] GC(17) y: Load: 4.20 (35%) / 6.61 (55%) / 7.08 (59%)
[2026-04-03T01:56:12.114+0600][15.678s][info][gc,mmu      ] GC(17) y: MMU: 2ms/95.1%, 5ms/98.0%, 10ms/99.0%, 20ms/99.5%, 50ms/99.7%, 100ms/99.8%
[2026-04-03T01:56:12.114+0600][15.678s][info][gc,marking  ] GC(17) y: Mark: 1 stripe(s), 2 proactive flush(es), 1 terminate flush(es), 0 completion(s), 0 continuation(s) 
[2026-04-03T01:56:12.114+0600][15.678s][info][gc,marking  ] GC(17) y: Mark Stack Usage: 32M
[2026-04-03T01:56:12.114+0600][15.678s][info][gc,nmethod  ] GC(17) y: NMethods: 4247 registered, 610 unregistered
[2026-04-03T01:56:12.114+0600][15.678s][info][gc,metaspace] GC(17) y: Metaspace: 59M used, 60M committed, 1088M reserved
[2026-04-03T01:56:12.114+0600][15.678s][info][gc,reloc    ] GC(17) y:                        Candidates     Selected     In-Place         Size        Empty    Relocated 
[2026-04-03T01:56:12.114+0600][15.678s][info][gc,reloc    ] GC(17) y: Small Pages:                  197          178            0         394M           0M          27M 
[2026-04-03T01:56:12.114+0600][15.678s][info][gc,reloc    ] GC(17) y: Medium Pages:                   1            0            0          16M          16M           0M 
[2026-04-03T01:56:12.114+0600][15.678s][info][gc,reloc    ] GC(17) y: Large Pages:                    2            0            0          10M           4M           0M 
[2026-04-03T01:56:12.114+0600][15.678s][info][gc,reloc    ] GC(17) y: Forwarding Usage: 21M
[2026-04-03T01:56:12.114+0600][15.678s][info][gc,reloc    ] GC(17) y: Age Table:
[2026-04-03T01:56:12.114+0600][15.678s][info][gc,reloc    ] GC(17) y:                    Live             Garbage             Small              Medium             Large        
[2026-04-03T01:56:12.114+0600][15.678s][info][gc,reloc    ] GC(17) y: Eden              34M (5%)          365M (49%)        187 / 170            1 / 0              2 / 0        
[2026-04-03T01:56:12.114+0600][15.678s][info][gc,reloc    ] GC(17) y: Survivor 1         2M (0%)            7M (1%)           5 / 4              0 / 0              0 / 0        
[2026-04-03T01:56:12.114+0600][15.678s][info][gc,reloc    ] GC(17) y: Survivor 2         1M (0%)            8M (1%)           5 / 4              0 / 0              0 / 0        
[2026-04-03T01:56:12.114+0600][15.678s][info][gc,heap     ] GC(17) y: Min Capacity: 8M(1%)
[2026-04-03T01:56:12.114+0600][15.678s][info][gc,heap     ] GC(17) y: Max Capacity: 750M(100%)
[2026-04-03T01:56:12.114+0600][15.678s][info][gc,heap     ] GC(17) y: Soft Max Capacity: 750M(100%)
[2026-04-03T01:56:12.114+0600][15.678s][info][gc,heap     ] GC(17) y: Heap Statistics:
[2026-04-03T01:56:12.114+0600][15.678s][info][gc,heap     ] GC(17) y:                Mark Start          Mark End        Relocate Start      Relocate End           High               Low         
[2026-04-03T01:56:12.114+0600][15.678s][info][gc,heap     ] GC(17) y:  Capacity:      744M (99%)         744M (99%)         744M (99%)         744M (99%)         744M (99%)         744M (99%)    
[2026-04-03T01:56:12.114+0600][15.678s][info][gc,heap     ] GC(17) y:      Free:      276M (37%)          86M (11%)          76M (10%)         320M (43%)         320M (43%)          72M (10%)    
[2026-04-03T01:56:12.114+0600][15.678s][info][gc,heap     ] GC(17) y:      Used:      474M (63%)         664M (89%)         674M (90%)         430M (57%)         678M (90%)         430M (57%)    
[2026-04-03T01:56:12.114+0600][15.678s][info][gc,heap     ] GC(17) y: Young Generation Statistics:
[2026-04-03T01:56:12.114+0600][15.678s][info][gc,heap     ] GC(17) y:                Mark Start          Mark End        Relocate Start      Relocate End    
[2026-04-03T01:56:12.114+0600][15.678s][info][gc,heap     ] GC(17) y:      Used:      420M (56%)         610M (81%)         620M (83%)         376M (50%)    
[2026-04-03T01:56:12.114+0600][15.678s][info][gc,heap     ] GC(17) y:      Live:         -                38M (5%)           38M (5%)           38M (5%)     
[2026-04-03T01:56:12.114+0600][15.678s][info][gc,heap     ] GC(17) y:   Garbage:         -               381M (51%)         361M (48%)           0M (0%)     
[2026-04-03T01:56:12.114+0600][15.678s][info][gc,heap     ] GC(17) y: Allocated:         -               190M (25%)         220M (29%)         336M (45%)    
[2026-04-03T01:56:12.114+0600][15.678s][info][gc,heap     ] GC(17) y: Reclaimed:         -                  -                20M (3%)          380M (51%)    
[2026-04-03T01:56:12.114+0600][15.678s][info][gc,heap     ] GC(17) y:  Promoted:         -                  -                 0M (0%)            0M (0%)     
[2026-04-03T01:56:12.114+0600][15.678s][info][gc,heap     ] GC(17) y: Compacted:         -                  -                  -                31M (4%)     
[2026-04-03T01:56:12.114+0600][15.678s][info][gc,phases   ] GC(17) y: Young Generation 474M(63%)->430M(57%) 0.177s
[2026-04-03T01:56:12.114+0600][15.678s][info][gc          ] GC(17) Minor Collection (Allocation Rate) 474M(63%)->430M(57%) 0.178s
[2026-04-03T01:56:12.114+0600][15.678s][info][gc          ] GC(18) Minor Collection (Allocation Rate)
[2026-04-03T01:56:12.114+0600][15.678s][info][gc,task     ] GC(18) Using 3 Workers for Young Generation
[2026-04-03T01:56:12.114+0600][15.678s][info][gc,phases   ] GC(18) y: Young Generation
[2026-04-03T01:56:12.130+0600][15.694s][info][gc,phases   ] GC(18) y: Pause Mark Start 0.023ms
[2026-04-03T01:56:12.225+0600][15.789s][info][gc,phases   ] GC(18) y: Concurrent Mark 95.304ms
[2026-04-03T01:56:12.226+0600][15.790s][info][gc,phases   ] GC(18) y: Pause Mark End 0.020ms
[2026-04-03T01:56:12.226+0600][15.790s][info][gc,phases   ] GC(18) y: Concurrent Mark Free 0.002ms
[2026-04-03T01:56:12.226+0600][15.790s][info][gc,phases   ] GC(18) y: Concurrent Reset Relocation Set 0.018ms
[2026-04-03T01:56:12.227+0600][15.791s][info][gc,reloc    ] GC(18) y: Using tenuring threshold: 2 (Computed)
[2026-04-03T01:56:12.230+0600][15.794s][info][gc,phases   ] GC(18) y: Concurrent Select Relocation Set 4.611ms
[2026-04-03T01:56:12.231+0600][15.795s][info][gc,phases   ] GC(18) y: Pause Relocate Start 0.016ms
[2026-04-03T01:56:12.256+0600][15.820s][info][gc,phases   ] GC(18) y: Concurrent Relocate 25.159ms
[2026-04-03T01:56:12.256+0600][15.820s][info][gc,alloc    ] GC(18) y:                         Mark Start        Mark End      Relocate Start    Relocate End   
[2026-04-03T01:56:12.256+0600][15.820s][info][gc,alloc    ] GC(18) y: Allocation Stalls:          0                0                0                0         
[2026-04-03T01:56:12.256+0600][15.820s][info][gc,load     ] GC(18) y: Load: 4.20 (35%) / 6.61 (55%) / 7.08 (59%)
[2026-04-03T01:56:12.256+0600][15.820s][info][gc,mmu      ] GC(18) y: MMU: 2ms/95.1%, 5ms/98.0%, 10ms/99.0%, 20ms/99.5%, 50ms/99.7%, 100ms/99.8%
[2026-04-03T01:56:12.256+0600][15.820s][info][gc,marking  ] GC(18) y: Mark: 2 stripe(s), 10 proactive flush(es), 1 terminate flush(es), 0 completion(s), 0 continuation(s) 
[2026-04-03T01:56:12.256+0600][15.820s][info][gc,marking  ] GC(18) y: Mark Stack Usage: 32M
[2026-04-03T01:56:12.256+0600][15.820s][info][gc,nmethod  ] GC(18) y: NMethods: 4257 registered, 610 unregistered
[2026-04-03T01:56:12.256+0600][15.820s][info][gc,metaspace] GC(18) y: Metaspace: 59M used, 60M committed, 1088M reserved
[2026-04-03T01:56:12.256+0600][15.820s][info][gc,reloc    ] GC(18) y:                        Candidates     Selected     In-Place         Size        Empty    Relocated 
[2026-04-03T01:56:12.256+0600][15.820s][info][gc,reloc    ] GC(18) y: Small Pages:                  180          147            0         360M           0M          25M 
[2026-04-03T01:56:12.256+0600][15.820s][info][gc,reloc    ] GC(18) y: Medium Pages:                   0            0            0           0M           0M           0M 
[2026-04-03T01:56:12.256+0600][15.820s][info][gc,reloc    ] GC(18) y: Large Pages:                    2            0            0          16M           0M           0M 
[2026-04-03T01:56:12.256+0600][15.820s][info][gc,reloc    ] GC(18) y: Forwarding Usage: 19M
[2026-04-03T01:56:12.256+0600][15.820s][info][gc,reloc    ] GC(18) y: Age Table:
[2026-04-03T01:56:12.256+0600][15.820s][info][gc,reloc    ] GC(18) y:                    Live             Garbage             Small              Medium             Large        
[2026-04-03T01:56:12.256+0600][15.820s][info][gc,reloc    ] GC(18) y: Eden              37M (5%)          290M (39%)        159 / 143            0 / 0              1 / 0        
[2026-04-03T01:56:12.256+0600][15.820s][info][gc,reloc    ] GC(18) y: Survivor 1        34M (5%)            3M (0%)          16 / 2              0 / 0              1 / 0        
[2026-04-03T01:56:12.256+0600][15.820s][info][gc,reloc    ] GC(18) y: Survivor 2         2M (0%)            5M (1%)           4 / 2              0 / 0              0 / 0        
[2026-04-03T01:56:12.256+0600][15.820s][info][gc,reloc    ] GC(18) y: Survivor 3         1M (0%)            0M (0%)           1 / 0              0 / 0              0 / 0        
[2026-04-03T01:56:12.256+0600][15.820s][info][gc,heap     ] GC(18) y: Min Capacity: 8M(1%)
[2026-04-03T01:56:12.256+0600][15.820s][info][gc,heap     ] GC(18) y: Max Capacity: 750M(100%)
[2026-04-03T01:56:12.256+0600][15.820s][info][gc,heap     ] GC(18) y: Soft Max Capacity: 750M(100%)
[2026-04-03T01:56:12.256+0600][15.820s][info][gc,heap     ] GC(18) y: Heap Statistics:
[2026-04-03T01:56:12.256+0600][15.820s][info][gc,heap     ] GC(18) y:                Mark Start          Mark End        Relocate Start      Relocate End           High               Low         
[2026-04-03T01:56:12.256+0600][15.820s][info][gc,heap     ] GC(18) y:  Capacity:      744M (99%)         744M (99%)         744M (99%)         744M (99%)         744M (99%)         744M (99%)    
[2026-04-03T01:56:12.256+0600][15.820s][info][gc,heap     ] GC(18) y:      Free:      320M (43%)         170M (23%)         162M (22%)         406M (54%)         410M (55%)         154M (21%)    
[2026-04-03T01:56:12.256+0600][15.820s][info][gc,heap     ] GC(18) y:      Used:      430M (57%)         580M (77%)         588M (78%)         344M (46%)         596M (79%)         340M (45%)    
[2026-04-03T01:56:12.256+0600][15.820s][info][gc,heap     ] GC(18) y: Young Generation Statistics:
[2026-04-03T01:56:12.256+0600][15.820s][info][gc,heap     ] GC(18) y:                Mark Start          Mark End        Relocate Start      Relocate End    
[2026-04-03T01:56:12.256+0600][15.820s][info][gc,heap     ] GC(18) y:      Used:      376M (50%)         526M (70%)         528M (70%)         278M (37%)    
[2026-04-03T01:56:12.256+0600][15.820s][info][gc,heap     ] GC(18) y:      Live:         -                75M (10%)          71M (10%)          71M (10%)    
[2026-04-03T01:56:12.256+0600][15.820s][info][gc,heap     ] GC(18) y:   Garbage:         -               300M (40%)         298M (40%)           0M (0%)     
[2026-04-03T01:56:12.256+0600][15.820s][info][gc,heap     ] GC(18) y: Allocated:         -               150M (20%)         158M (21%)         206M (27%)    
[2026-04-03T01:56:12.256+0600][15.820s][info][gc,heap     ] GC(18) y: Reclaimed:         -                  -                 2M (0%)          300M (40%)    
[2026-04-03T01:56:12.256+0600][15.820s][info][gc,heap     ] GC(18) y:  Promoted:         -                  -                 3M (1%)            3M (1%)     
[2026-04-03T01:56:12.256+0600][15.820s][info][gc,heap     ] GC(18) y: Compacted:         -                  -                  -                27M (4%)     
[2026-04-03T01:56:12.256+0600][15.820s][info][gc,phases   ] GC(18) y: Young Generation 430M(57%)->344M(46%) 0.142s
[2026-04-03T01:56:12.256+0600][15.820s][info][gc          ] GC(18) Minor Collection (Allocation Rate) 430M(57%)->344M(46%) 0.142s
[2026-04-03T01:56:12.256+0600][15.820s][info][gc          ] GC(19) Minor Collection (Allocation Rate)
[2026-04-03T01:56:12.256+0600][15.820s][info][gc,task     ] GC(19) Using 3 Workers for Young Generation
[2026-04-03T01:56:12.256+0600][15.820s][info][gc,phases   ] GC(19) y: Young Generation
[2026-04-03T01:56:12.257+0600][15.821s][info][gc,phases   ] GC(19) y: Pause Mark Start 0.026ms
[2026-04-03T01:56:12.343+0600][15.907s][info][gc,phases   ] GC(19) y: Concurrent Mark 86.374ms
[2026-04-03T01:56:12.343+0600][15.907s][info][gc,phases   ] GC(19) y: Pause Mark End 0.025ms
[2026-04-03T01:56:12.343+0600][15.908s][info][gc,phases   ] GC(19) y: Concurrent Mark Free 0.002ms
[2026-04-03T01:56:12.344+0600][15.908s][info][gc,phases   ] GC(19) y: Concurrent Reset Relocation Set 0.032ms
[2026-04-03T01:56:12.345+0600][15.910s][info][gc,reloc    ] GC(19) y: Using tenuring threshold: 1 (Computed)
[2026-04-03T01:56:12.369+0600][15.934s][info][gc,phases   ] GC(19) y: Concurrent Select Relocation Set 25.900ms
[2026-04-03T01:56:12.370+0600][15.934s][info][gc,phases   ] GC(19) y: Pause Relocate Start 0.017ms
[2026-04-03T01:56:12.450+0600][16.014s][info][gc,phases   ] GC(19) y: Concurrent Relocate 79.487ms
[2026-04-03T01:56:12.450+0600][16.014s][info][gc,alloc    ] GC(19) y:                         Mark Start        Mark End      Relocate Start    Relocate End   
[2026-04-03T01:56:12.450+0600][16.014s][info][gc,alloc    ] GC(19) y: Allocation Stalls:          0                0                0                0         
[2026-04-03T01:56:12.450+0600][16.014s][info][gc,load     ] GC(19) y: Load: 4.20 (35%) / 6.61 (55%) / 7.08 (59%)
[2026-04-03T01:56:12.450+0600][16.014s][info][gc,mmu      ] GC(19) y: MMU: 2ms/95.1%, 5ms/98.0%, 10ms/99.0%, 20ms/99.5%, 50ms/99.7%, 100ms/99.8%
[2026-04-03T01:56:12.450+0600][16.014s][info][gc,marking  ] GC(19) y: Mark: 2 stripe(s), 2 proactive flush(es), 1 terminate flush(es), 0 completion(s), 0 continuation(s) 
[2026-04-03T01:56:12.450+0600][16.014s][info][gc,marking  ] GC(19) y: Mark Stack Usage: 32M
[2026-04-03T01:56:12.450+0600][16.014s][info][gc,nmethod  ] GC(19) y: NMethods: 4361 registered, 610 unregistered
[2026-04-03T01:56:12.450+0600][16.014s][info][gc,metaspace] GC(19) y: Metaspace: 60M used, 61M committed, 1088M reserved
[2026-04-03T01:56:12.450+0600][16.014s][info][gc,reloc    ] GC(19) y:                        Candidates     Selected     In-Place         Size        Empty    Relocated 
[2026-04-03T01:56:12.450+0600][16.014s][info][gc,reloc    ] GC(19) y: Small Pages:                  132           94            0         264M           0M          17M 
[2026-04-03T01:56:12.450+0600][16.014s][info][gc,reloc    ] GC(19) y: Medium Pages:                   0            0            0           0M           0M           0M 
[2026-04-03T01:56:12.450+0600][16.014s][info][gc,reloc    ] GC(19) y: Large Pages:                    2            0            0          16M           6M           0M 
[2026-04-03T01:56:12.450+0600][16.014s][info][gc,reloc    ] GC(19) y: Forwarding Usage: 15M
[2026-04-03T01:56:12.450+0600][16.014s][info][gc,reloc    ] GC(19) y: Age Table:
[2026-04-03T01:56:12.450+0600][16.014s][info][gc,reloc    ] GC(19) y:                    Live             Garbage             Small              Medium             Large        
[2026-04-03T01:56:12.450+0600][16.014s][info][gc,reloc    ] GC(19) y: Eden              16M (2%)          183M (24%)        100 / 90             0 / 0              0 / 0        
[2026-04-03T01:56:12.450+0600][16.014s][info][gc,reloc    ] GC(19) y: Survivor 1        37M (5%)            4M (1%)          16 / 2              0 / 0              1 / 0        
[2026-04-03T01:56:12.450+0600][16.014s][info][gc,reloc    ] GC(19) y: Survivor 2        28M (4%)            9M (1%)          16 / 2              0 / 0              1 / 0        
[2026-04-03T01:56:12.450+0600][16.014s][info][gc,heap     ] GC(19) y: Min Capacity: 8M(1%)
[2026-04-03T01:56:12.450+0600][16.014s][info][gc,heap     ] GC(19) y: Max Capacity: 750M(100%)
[2026-04-03T01:56:12.450+0600][16.014s][info][gc,heap     ] GC(19) y: Soft Max Capacity: 750M(100%)
[2026-04-03T01:56:12.450+0600][16.014s][info][gc,heap     ] GC(19) y: Heap Statistics:
[2026-04-03T01:56:12.450+0600][16.014s][info][gc,heap     ] GC(19) y:                Mark Start          Mark End        Relocate Start      Relocate End           High               Low         
[2026-04-03T01:56:12.450+0600][16.014s][info][gc,heap     ] GC(19) y:  Capacity:      744M (99%)         744M (99%)         744M (99%)         744M (99%)         744M (99%)         744M (99%)    
[2026-04-03T01:56:12.450+0600][16.014s][info][gc,heap     ] GC(19) y:      Free:      404M (54%)         300M (40%)         288M (38%)         466M (62%)         472M (63%)         282M (38%)    
[2026-04-03T01:56:12.450+0600][16.014s][info][gc,heap     ] GC(19) y:      Used:      346M (46%)         450M (60%)         462M (62%)         284M (38%)         468M (62%)         278M (37%)    
[2026-04-03T01:56:12.450+0600][16.014s][info][gc,heap     ] GC(19) y: Young Generation Statistics:
[2026-04-03T01:56:12.450+0600][16.014s][info][gc,heap     ] GC(19) y:                Mark Start          Mark End        Relocate Start      Relocate End    
[2026-04-03T01:56:12.450+0600][16.014s][info][gc,heap     ] GC(19) y:      Used:      280M (37%)         384M (51%)         334M (45%)         150M (20%)    
[2026-04-03T01:56:12.450+0600][16.014s][info][gc,heap     ] GC(19) y:      Live:         -                82M (11%)          20M (3%)           16M (2%)     
[2026-04-03T01:56:12.450+0600][16.014s][info][gc,heap     ] GC(19) y:   Garbage:         -               197M (26%)         191M (26%)           0M (0%)     
[2026-04-03T01:56:12.450+0600][16.014s][info][gc,heap     ] GC(19) y: Allocated:         -               104M (14%)         122M (16%)         133M (18%)    
[2026-04-03T01:56:12.450+0600][16.014s][info][gc,heap     ] GC(19) y: Reclaimed:         -                  -                 6M (1%)          197M (26%)    
[2026-04-03T01:56:12.450+0600][16.014s][info][gc,heap     ] GC(19) y:  Promoted:         -                  -                61M (8%)           65M (9%)     
[2026-04-03T01:56:12.450+0600][16.014s][info][gc,heap     ] GC(19) y: Compacted:         -                  -                  -                16M (2%)     
[2026-04-03T01:56:12.450+0600][16.014s][info][gc,phases   ] GC(19) y: Young Generation 346M(46%)->284M(38%) 0.193s
[2026-04-03T01:56:12.450+0600][16.014s][info][gc          ] GC(19) Minor Collection (Allocation Rate) 346M(46%)->284M(38%) 0.194s
[2026-04-03T01:56:12.450+0600][16.014s][info][gc          ] GC(20) Major Collection (Allocation Rate)
[2026-04-03T01:56:12.450+0600][16.014s][info][gc,task     ] GC(20) Using 3 Workers for Young Generation
[2026-04-03T01:56:12.450+0600][16.014s][info][gc,task     ] GC(20) Using 1 Workers for Old Generation
[2026-04-03T01:56:12.450+0600][16.014s][info][gc,phases   ] GC(20) Y: Young Generation
[2026-04-03T01:56:12.451+0600][16.015s][info][gc,phases   ] GC(20) Y: Pause Mark Start (Major) 0.023ms
[2026-04-03T01:56:12.539+0600][16.104s][info][gc,phases   ] GC(20) Y: Concurrent Mark 88.605ms
[2026-04-03T01:56:12.540+0600][16.104s][info][gc,phases   ] GC(20) Y: Pause Mark End 0.021ms
[2026-04-03T01:56:12.540+0600][16.104s][info][gc,phases   ] GC(20) Y: Concurrent Mark Free 0.001ms
[2026-04-03T01:56:12.540+0600][16.104s][info][gc,phases   ] GC(20) Y: Concurrent Reset Relocation Set 0.080ms
[2026-04-03T01:56:12.545+0600][16.109s][info][gc,reloc    ] GC(20) Y: Using tenuring threshold: 2 (Computed)
[2026-04-03T01:56:12.547+0600][16.111s][info][gc,phases   ] GC(20) Y: Concurrent Select Relocation Set 7.169ms
[2026-04-03T01:56:12.547+0600][16.112s][info][gc,phases   ] GC(20) Y: Pause Relocate Start 0.020ms
[2026-04-03T01:56:12.558+0600][16.122s][info][gc,phases   ] GC(20) Y: Concurrent Relocate 10.710ms
[2026-04-03T01:56:12.558+0600][16.122s][info][gc,alloc    ] GC(20) Y:                         Mark Start        Mark End      Relocate Start    Relocate End   
[2026-04-03T01:56:12.558+0600][16.122s][info][gc,alloc    ] GC(20) Y: Allocation Stalls:          0                0                0                0         
[2026-04-03T01:56:12.558+0600][16.122s][info][gc,load     ] GC(20) Y: Load: 4.20 (35%) / 6.61 (55%) / 7.08 (59%)
[2026-04-03T01:56:12.558+0600][16.122s][info][gc,mmu      ] GC(20) Y: MMU: 2ms/95.1%, 5ms/98.0%, 10ms/99.0%, 20ms/99.5%, 50ms/99.7%, 100ms/99.8%
[2026-04-03T01:56:12.558+0600][16.123s][info][gc,marking  ] GC(20) Y: Mark: 2 stripe(s), 2 proactive flush(es), 1 terminate flush(es), 0 completion(s), 0 continuation(s) 
[2026-04-03T01:56:12.558+0600][16.123s][info][gc,marking  ] GC(20) Y: Mark Stack Usage: 32M
[2026-04-03T01:56:12.558+0600][16.123s][info][gc,nmethod  ] GC(20) Y: NMethods: 4402 registered, 610 unregistered
[2026-04-03T01:56:12.558+0600][16.123s][info][gc,metaspace] GC(20) Y: Metaspace: 61M used, 62M committed, 1088M reserved
[2026-04-03T01:56:12.558+0600][16.123s][info][gc,reloc    ] GC(20) Y:                        Candidates     Selected     In-Place         Size        Empty    Relocated 
[2026-04-03T01:56:12.558+0600][16.123s][info][gc,reloc    ] GC(20) Y: Small Pages:                   64           51            0         128M           0M           7M 
[2026-04-03T01:56:12.558+0600][16.123s][info][gc,reloc    ] GC(20) Y: Medium Pages:                   1            0            0          16M          16M           0M 
[2026-04-03T01:56:12.558+0600][16.123s][info][gc,reloc    ] GC(20) Y: Large Pages:                    1            0            0           6M           0M           0M 
[2026-04-03T01:56:12.558+0600][16.123s][info][gc,reloc    ] GC(20) Y: Forwarding Usage: 5M
[2026-04-03T01:56:12.559+0600][16.123s][info][gc,reloc    ] GC(20) Y: Age Table:
[2026-04-03T01:56:12.559+0600][16.123s][info][gc,reloc    ] GC(20) Y:                    Live             Garbage             Small              Medium             Large        
[2026-04-03T01:56:12.559+0600][16.123s][info][gc,reloc    ] GC(20) Y: Eden              13M (2%)          114M (15%)         53 / 48             1 / 0              1 / 0        
[2026-04-03T01:56:12.559+0600][16.123s][info][gc,reloc    ] GC(20) Y: Survivor 1        16M (2%)            5M (1%)          11 / 3              0 / 0              0 / 0        
[2026-04-03T01:56:12.559+0600][16.123s][info][gc,heap     ] GC(20) Y: Min Capacity: 8M(1%)
[2026-04-03T01:56:12.559+0600][16.123s][info][gc,heap     ] GC(20) Y: Max Capacity: 750M(100%)
[2026-04-03T01:56:12.559+0600][16.123s][info][gc,heap     ] GC(20) Y: Soft Max Capacity: 750M(100%)
[2026-04-03T01:56:12.559+0600][16.123s][info][gc,heap     ] GC(20) Y: Heap Statistics:
[2026-04-03T01:56:12.559+0600][16.123s][info][gc,heap     ] GC(20) Y:                Mark Start          Mark End        Relocate Start      Relocate End           High               Low         
[2026-04-03T01:56:12.559+0600][16.123s][info][gc,heap     ] GC(20) Y:  Capacity:      744M (99%)         750M (100%)        750M (100%)        750M (100%)        750M (100%)        744M (99%)    
[2026-04-03T01:56:12.559+0600][16.123s][info][gc,heap     ] GC(20) Y:      Free:      466M (62%)         438M (58%)         452M (60%)         548M (73%)         548M (73%)         438M (58%)    
[2026-04-03T01:56:12.559+0600][16.123s][info][gc,heap     ] GC(20) Y:      Used:      284M (38%)         312M (42%)         298M (40%)         202M (27%)         312M (42%)         202M (27%)    
[2026-04-03T01:56:12.559+0600][16.123s][info][gc,heap     ] GC(20) Y: Young Generation Statistics:
[2026-04-03T01:56:12.559+0600][16.123s][info][gc,heap     ] GC(20) Y:                Mark Start          Mark End        Relocate Start      Relocate End    
[2026-04-03T01:56:12.559+0600][16.123s][info][gc,heap     ] GC(20) Y:      Used:      150M (20%)         178M (24%)         164M (22%)          68M (9%)     
[2026-04-03T01:56:12.559+0600][16.123s][info][gc,heap     ] GC(20) Y:      Live:         -                30M (4%)           30M (4%)           30M (4%)     
[2026-04-03T01:56:12.559+0600][16.123s][info][gc,heap     ] GC(20) Y:   Garbage:         -               119M (16%)         103M (14%)           0M (0%)     
[2026-04-03T01:56:12.559+0600][16.123s][info][gc,heap     ] GC(20) Y: Allocated:         -                28M (4%)           30M (4%)           37M (5%)     
[2026-04-03T01:56:12.559+0600][16.123s][info][gc,heap     ] GC(20) Y: Reclaimed:         -                  -                16M (2%)          119M (16%)    
[2026-04-03T01:56:12.559+0600][16.123s][info][gc,heap     ] GC(20) Y:  Promoted:         -                  -                 0M (0%)            0M (0%)     
[2026-04-03T01:56:12.559+0600][16.123s][info][gc,heap     ] GC(20) Y: Compacted:         -                  -                  -                 8M (1%)     
[2026-04-03T01:56:12.559+0600][16.123s][info][gc,phases   ] GC(20) Y: Young Generation 284M(38%)->202M(27%) 0.108s
[2026-04-03T01:56:12.559+0600][16.123s][info][gc,phases   ] GC(20) O: Old Generation
[2026-04-03T01:56:12.564+0600][16.128s][info][gc          ] GC(21) Minor Collection (Allocation Rate)
[2026-04-03T01:56:12.564+0600][16.128s][info][gc,task     ] GC(21) Using 2 Workers for Young Generation
[2026-04-03T01:56:12.564+0600][16.128s][info][gc,phases   ] GC(21) y: Young Generation
[2026-04-03T01:56:12.564+0600][16.128s][info][gc,phases   ] GC(21) y: Pause Mark Start 0.025ms
[2026-04-03T01:56:12.639+0600][16.203s][info][gc,phases   ] GC(21) y: Concurrent Mark 74.970ms
[2026-04-03T01:56:12.640+0600][16.204s][info][gc,phases   ] GC(21) y: Pause Mark End 0.026ms
[2026-04-03T01:56:12.640+0600][16.204s][info][gc,phases   ] GC(21) y: Concurrent Mark Free 0.002ms
[2026-04-03T01:56:12.640+0600][16.204s][info][gc,phases   ] GC(21) y: Concurrent Reset Relocation Set 0.039ms
[2026-04-03T01:56:12.643+0600][16.207s][info][gc,reloc    ] GC(21) y: Using tenuring threshold: 1 (Computed)
[2026-04-03T01:56:12.657+0600][16.221s][info][gc,phases   ] GC(21) y: Concurrent Select Relocation Set 17.169ms
[2026-04-03T01:56:12.657+0600][16.221s][info][gc,phases   ] GC(21) y: Pause Relocate Start 0.023ms
[2026-04-03T01:56:12.700+0600][16.264s][info][gc,phases   ] GC(21) y: Concurrent Relocate 42.679ms
[2026-04-03T01:56:12.700+0600][16.264s][info][gc,alloc    ] GC(21) y:                         Mark Start        Mark End      Relocate Start    Relocate End   
[2026-04-03T01:56:12.700+0600][16.264s][info][gc,alloc    ] GC(21) y: Allocation Stalls:          0                0                0                0         
[2026-04-03T01:56:12.700+0600][16.264s][info][gc,load     ] GC(21) y: Load: 4.20 (35%) / 6.61 (55%) / 7.08 (59%)
[2026-04-03T01:56:12.700+0600][16.264s][info][gc,mmu      ] GC(21) y: MMU: 2ms/95.1%, 5ms/98.0%, 10ms/99.0%, 20ms/99.5%, 50ms/99.7%, 100ms/99.8%
[2026-04-03T01:56:12.700+0600][16.264s][info][gc,marking  ] GC(21) y: Mark: 2 stripe(s), 2 proactive flush(es), 1 terminate flush(es), 0 completion(s), 0 continuation(s) 
[2026-04-03T01:56:12.700+0600][16.264s][info][gc,marking  ] GC(21) y: Mark Stack Usage: 32M
[2026-04-03T01:56:12.700+0600][16.264s][info][gc,nmethod  ] GC(21) y: NMethods: 4538 registered, 610 unregistered
[2026-04-03T01:56:12.700+0600][16.264s][info][gc,metaspace] GC(21) y: Metaspace: 62M used, 62M committed, 1088M reserved
[2026-04-03T01:56:12.700+0600][16.264s][info][gc,reloc    ] GC(21) y:                        Candidates     Selected     In-Place         Size        Empty    Relocated 
[2026-04-03T01:56:12.700+0600][16.264s][info][gc,reloc    ] GC(21) y: Small Pages:                   27           14            0          54M           0M           1M 
[2026-04-03T01:56:12.700+0600][16.264s][info][gc,reloc    ] GC(21) y: Medium Pages:                   1            0            0          16M          16M           0M 
[2026-04-03T01:56:12.700+0600][16.264s][info][gc,reloc    ] GC(21) y: Large Pages:                    1            0            0           6M           0M           0M 
[2026-04-03T01:56:12.700+0600][16.264s][info][gc,reloc    ] GC(21) y: Forwarding Usage: 0M
[2026-04-03T01:56:12.700+0600][16.264s][info][gc,reloc    ] GC(21) y: Age Table:
[2026-04-03T01:56:12.700+0600][16.264s][info][gc,reloc    ] GC(21) y:                    Live             Garbage             Small              Medium             Large        
[2026-04-03T01:56:12.700+0600][16.264s][info][gc,reloc    ] GC(21) y: Eden               0M (0%)           37M (5%)          11 / 10             1 / 0              0 / 0        
[2026-04-03T01:56:12.700+0600][16.265s][info][gc,reloc    ] GC(21) y: Survivor 1        13M (2%)            4M (1%)           6 / 2              0 / 0              1 / 0        
[2026-04-03T01:56:12.700+0600][16.265s][info][gc,reloc    ] GC(21) y: Survivor 2        16M (2%)            3M (0%)          10 / 2              0 / 0              0 / 0        
[2026-04-03T01:56:12.700+0600][16.265s][info][gc,heap     ] GC(21) y: Min Capacity: 8M(1%)
[2026-04-03T01:56:12.700+0600][16.265s][info][gc,heap     ] GC(21) y: Max Capacity: 750M(100%)
[2026-04-03T01:56:12.700+0600][16.265s][info][gc,heap     ] GC(21) y: Soft Max Capacity: 750M(100%)
[2026-04-03T01:56:12.700+0600][16.265s][info][gc,heap     ] GC(21) y: Heap Statistics:
[2026-04-03T01:56:12.700+0600][16.265s][info][gc,heap     ] GC(21) y:                Mark Start          Mark End        Relocate Start      Relocate End           High               Low         
[2026-04-03T01:56:12.701+0600][16.265s][info][gc,heap     ] GC(21) y:  Capacity:      750M (100%)        750M (100%)        750M (100%)        750M (100%)        750M (100%)        750M (100%)   
[2026-04-03T01:56:12.701+0600][16.265s][info][gc,heap     ] GC(21) y:      Free:      540M (72%)         516M (69%)         532M (71%)         548M (73%)         554M (74%)         516M (69%)    
[2026-04-03T01:56:12.701+0600][16.265s][info][gc,heap     ] GC(21) y:      Used:      210M (28%)         234M (31%)         218M (29%)         202M (27%)         234M (31%)         196M (26%)    
[2026-04-03T01:56:12.701+0600][16.265s][info][gc,heap     ] GC(21) y: Young Generation Statistics:
[2026-04-03T01:56:12.701+0600][16.265s][info][gc,heap     ] GC(21) y:                Mark Start          Mark End        Relocate Start      Relocate End    
[2026-04-03T01:56:12.701+0600][16.265s][info][gc,heap     ] GC(21) y:      Used:       76M (10%)         100M (13%)          54M (7%)           34M (5%)     
[2026-04-03T01:56:12.701+0600][16.265s][info][gc,heap     ] GC(21) y:      Live:         -                30M (4%)            1M (0%)            0M (0%)     
[2026-04-03T01:56:12.701+0600][16.265s][info][gc,heap     ] GC(21) y:   Garbage:         -                45M (6%)           28M (4%)            0M (0%)     
[2026-04-03T01:56:12.701+0600][16.265s][info][gc,heap     ] GC(21) y: Allocated:         -                24M (3%)           24M (3%)           33M (5%)     
[2026-04-03T01:56:12.701+0600][16.265s][info][gc,heap     ] GC(21) y: Reclaimed:         -                  -                16M (2%)           45M (6%)     
[2026-04-03T01:56:12.701+0600][16.265s][info][gc,heap     ] GC(21) y:  Promoted:         -                  -                29M (4%)           30M (4%)     
[2026-04-03T01:56:12.701+0600][16.265s][info][gc,heap     ] GC(21) y: Compacted:         -                  -                  -                 0M (0%)     
[2026-04-03T01:56:12.701+0600][16.265s][info][gc,phases   ] GC(21) y: Young Generation 210M(28%)->202M(27%) 0.136s
[2026-04-03T01:56:12.701+0600][16.265s][info][gc          ] GC(21) Minor Collection (Allocation Rate) 210M(28%)->202M(27%) 0.137s
[2026-04-03T01:56:12.744+0600][16.308s][info][gc,task     ] Adjusting Workers for Old Generation: 1 -> 2
[2026-04-03T01:56:12.744+0600][16.308s][info][gc          ] GC(22) Minor Collection (Allocation Rate)
[2026-04-03T01:56:12.744+0600][16.309s][info][gc,task     ] GC(22) Using 1 Workers for Young Generation
[2026-04-03T01:56:12.744+0600][16.309s][info][gc,phases   ] GC(22) y: Young Generation
[2026-04-03T01:56:12.745+0600][16.309s][info][gc,phases   ] GC(22) y: Pause Mark Start 0.023ms
[2026-04-03T01:56:12.761+0600][16.325s][info][gc,phases   ] GC(20) O: Concurrent Mark 202.190ms
[2026-04-03T01:56:12.761+0600][16.325s][info][gc,phases   ] GC(20) O: Pause Mark End 0.030ms
[2026-04-03T01:56:12.761+0600][16.326s][info][gc,phases   ] GC(20) O: Concurrent Mark Free 0.001ms
[2026-04-03T01:56:12.765+0600][16.330s][info][gc,phases   ] GC(22) y: Concurrent Mark 20.380ms
[2026-04-03T01:56:12.772+0600][16.336s][info][gc,phases   ] GC(22) y: Pause Mark End 0.032ms
[2026-04-03T01:56:12.772+0600][16.336s][info][gc,phases   ] GC(22) y: Concurrent Mark Free 0.003ms
[2026-04-03T01:56:12.773+0600][16.337s][info][gc,phases   ] GC(22) y: Concurrent Reset Relocation Set 0.026ms
[2026-04-03T01:56:12.773+0600][16.337s][info][gc,phases   ] GC(20) O: Concurrent Process Non-Strong 11.509ms
[2026-04-03T01:56:12.773+0600][16.337s][info][gc,phases   ] GC(20) O: Concurrent Reset Relocation Set 0.002ms
[2026-04-03T01:56:12.775+0600][16.340s][info][gc,reloc    ] GC(22) y: Using tenuring threshold: 2 (Computed)
[2026-04-03T01:56:12.776+0600][16.340s][info][gc,phases   ] GC(22) y: Concurrent Select Relocation Set 3.469ms
[2026-04-03T01:56:12.776+0600][16.340s][info][gc,phases   ] GC(22) y: Pause Relocate Start 0.023ms
[2026-04-03T01:56:12.778+0600][16.342s][info][gc,phases   ] GC(22) y: Concurrent Relocate 1.851ms
[2026-04-03T01:56:12.778+0600][16.342s][info][gc,alloc    ] GC(22) y:                         Mark Start        Mark End      Relocate Start    Relocate End   
[2026-04-03T01:56:12.778+0600][16.342s][info][gc,alloc    ] GC(22) y: Allocation Stalls:          0                0                0                0         
[2026-04-03T01:56:12.778+0600][16.342s][info][gc,load     ] GC(22) y: Load: 4.20 (35%) / 6.61 (55%) / 7.08 (59%)
[2026-04-03T01:56:12.778+0600][16.342s][info][gc,mmu      ] GC(22) y: MMU: 2ms/95.1%, 5ms/98.0%, 10ms/99.0%, 20ms/99.5%, 50ms/99.7%, 100ms/99.8%
[2026-04-03T01:56:12.778+0600][16.342s][info][gc,marking  ] GC(22) y: Mark: 1 stripe(s), 2 proactive flush(es), 1 terminate flush(es), 0 completion(s), 0 continuation(s) 
[2026-04-03T01:56:12.778+0600][16.342s][info][gc,marking  ] GC(22) y: Mark Stack Usage: 32M
[2026-04-03T01:56:12.778+0600][16.342s][info][gc,nmethod  ] GC(22) y: NMethods: 4516 registered, 709 unregistered
[2026-04-03T01:56:12.778+0600][16.342s][info][gc,metaspace] GC(22) y: Metaspace: 62M used, 63M committed, 1088M reserved
[2026-04-03T01:56:12.778+0600][16.342s][info][gc,reloc    ] GC(22) y:                        Candidates     Selected     In-Place         Size        Empty    Relocated 
[2026-04-03T01:56:12.778+0600][16.342s][info][gc,reloc    ] GC(22) y: Small Pages:                   16           15            0          32M           0M           0M 
[2026-04-03T01:56:12.778+0600][16.343s][info][gc,reloc    ] GC(22) y: Medium Pages:                   0            0            0           0M           0M           0M 
[2026-04-03T01:56:12.778+0600][16.343s][info][gc,reloc    ] GC(22) y: Large Pages:                    1            0            0           6M           6M           0M 
[2026-04-03T01:56:12.778+0600][16.343s][info][gc,reloc    ] GC(22) y: Forwarding Usage: 0M
[2026-04-03T01:56:12.778+0600][16.343s][info][gc,reloc    ] GC(22) y: Age Table:
[2026-04-03T01:56:12.778+0600][16.343s][info][gc,reloc    ] GC(22) y:                    Live             Garbage             Small              Medium             Large        
[2026-04-03T01:56:12.778+0600][16.343s][info][gc,phases   ] GC(20) O: Concurrent Select Relocation Set 5.378ms
[2026-04-03T01:56:12.779+0600][16.343s][info][gc,reloc    ] GC(22) y: Eden               0M (0%)           33M (4%)          14 / 13             0 / 0              1 / 0        
[2026-04-03T01:56:12.779+0600][16.343s][info][gc,reloc    ] GC(22) y: Survivor 1         0M (0%)            3M (1%)           2 / 2              0 / 0              0 / 0        
[2026-04-03T01:56:12.779+0600][16.343s][info][gc,heap     ] GC(22) y: Min Capacity: 8M(1%)
[2026-04-03T01:56:12.779+0600][16.343s][info][gc,heap     ] GC(22) y: Max Capacity: 750M(100%)
[2026-04-03T01:56:12.779+0600][16.343s][info][gc,heap     ] GC(22) y: Soft Max Capacity: 750M(100%)
[2026-04-03T01:56:12.779+0600][16.343s][info][gc,heap     ] GC(22) y: Heap Statistics:
[2026-04-03T01:56:12.779+0600][16.343s][info][gc,heap     ] GC(22) y:                Mark Start          Mark End        Relocate Start      Relocate End           High               Low         
[2026-04-03T01:56:12.779+0600][16.343s][info][gc,heap     ] GC(22) y:  Capacity:      750M (100%)        750M (100%)        750M (100%)        750M (100%)        750M (100%)        750M (100%)   
[2026-04-03T01:56:12.779+0600][16.343s][info][gc,heap     ] GC(22) y:      Free:      544M (73%)         538M (72%)         544M (73%)         576M (77%)         576M (77%)         538M (72%)    
[2026-04-03T01:56:12.779+0600][16.343s][info][gc,heap     ] GC(22) y:      Used:      206M (27%)         212M (28%)         206M (27%)         174M (23%)         212M (28%)         174M (23%)    
[2026-04-03T01:56:12.779+0600][16.343s][info][gc,heap     ] GC(22) y: Young Generation Statistics:
[2026-04-03T01:56:12.779+0600][16.343s][info][gc,heap     ] GC(22) y:                Mark Start          Mark End        Relocate Start      Relocate End    
[2026-04-03T01:56:12.779+0600][16.343s][info][gc,heap     ] GC(22) y:      Used:       38M (5%)           44M (6%)           38M (5%)           16M (2%)     
[2026-04-03T01:56:12.779+0600][16.343s][info][gc,heap     ] GC(22) y:      Live:         -                 0M (0%)            0M (0%)            0M (0%)     
[2026-04-03T01:56:12.779+0600][16.343s][info][gc,heap     ] GC(22) y:   Garbage:         -                37M (5%)           31M (4%)            0M (0%)     
[2026-04-03T01:56:12.779+0600][16.343s][info][gc,heap     ] GC(22) y: Allocated:         -                 6M (1%)            6M (1%)           15M (2%)     
[2026-04-03T01:56:12.779+0600][16.343s][info][gc,heap     ] GC(22) y: Reclaimed:         -                  -                 6M (1%)           37M (5%)     
[2026-04-03T01:56:12.779+0600][16.343s][info][gc,heap     ] GC(22) y:  Promoted:         -                  -                 0M (0%)            0M (0%)     
[2026-04-03T01:56:12.779+0600][16.343s][info][gc,heap     ] GC(22) y: Compacted:         -                  -                  -                 0M (0%)     
[2026-04-03T01:56:12.779+0600][16.343s][info][gc,phases   ] GC(22) y: Young Generation 206M(27%)->174M(23%) 0.034s
[2026-04-03T01:56:12.779+0600][16.343s][info][gc          ] GC(22) Minor Collection (Allocation Rate) 206M(27%)->174M(23%) 0.034s
[2026-04-03T01:56:12.779+0600][16.343s][info][gc,task     ] GC(20) O: Using 3 Workers for Old Generation
[2026-04-03T01:56:12.810+0600][16.374s][info][gc,task     ] GC(20) O: Using 2 Workers for Old Generation
[2026-04-03T01:56:12.810+0600][16.374s][info][gc,phases   ] GC(20) O: Concurrent Remap Roots 31.118ms
[2026-04-03T01:56:12.810+0600][16.374s][info][gc,phases   ] GC(20) O: Pause Relocate Start 0.028ms
[2026-04-03T01:56:12.823+0600][16.388s][info][gc,phases   ] GC(20) O: Concurrent Relocate 12.973ms
[2026-04-03T01:56:12.824+0600][16.388s][info][gc,alloc    ] GC(20) O:                         Mark Start        Mark End      Relocate Start    Relocate End   
[2026-04-03T01:56:12.824+0600][16.388s][info][gc,alloc    ] GC(20) O: Allocation Stalls:          0                0                0                0         
[2026-04-03T01:56:12.824+0600][16.388s][info][gc,load     ] GC(20) O: Load: 4.20 (35%) / 6.61 (55%) / 7.08 (59%)
[2026-04-03T01:56:12.824+0600][16.388s][info][gc,mmu      ] GC(20) O: MMU: 2ms/95.1%, 5ms/98.0%, 10ms/99.0%, 20ms/99.5%, 50ms/99.7%, 100ms/99.8%
[2026-04-03T01:56:12.824+0600][16.388s][info][gc,marking  ] GC(20) O: Mark: 1 stripe(s), 2 proactive flush(es), 1 terminate flush(es), 0 completion(s), 0 continuation(s) 
[2026-04-03T01:56:12.824+0600][16.388s][info][gc,marking  ] GC(20) O: Mark Stack Usage: 32M
[2026-04-03T01:56:12.824+0600][16.388s][info][gc,nmethod  ] GC(20) O: NMethods: 4569 registered, 709 unregistered
[2026-04-03T01:56:12.824+0600][16.388s][info][gc,metaspace] GC(20) O: Metaspace: 62M used, 63M committed, 1088M reserved
[2026-04-03T01:56:12.824+0600][16.388s][info][gc,ref      ] GC(20) O:                       Encountered   Discovered     Enqueued 
[2026-04-03T01:56:12.824+0600][16.388s][info][gc,ref      ] GC(20) O: Soft References:             4845            0            0 
[2026-04-03T01:56:12.824+0600][16.388s][info][gc,ref      ] GC(20) O: Weak References:             6711         3935          575 
[2026-04-03T01:56:12.824+0600][16.388s][info][gc,ref      ] GC(20) O: Final References:              82            0            0 
[2026-04-03T01:56:12.824+0600][16.388s][info][gc,ref      ] GC(20) O: Phantom References:           594          209            0 
[2026-04-03T01:56:12.824+0600][16.388s][info][gc,reloc    ] GC(20) O:                        Candidates     Selected     In-Place         Size        Empty    Relocated 
[2026-04-03T01:56:12.824+0600][16.388s][info][gc,reloc    ] GC(20) O: Small Pages:                   52            8            0         104M           0M           3M 
[2026-04-03T01:56:12.824+0600][16.388s][info][gc,reloc    ] GC(20) O: Medium Pages:                   1            0            0          16M           0M           0M 
[2026-04-03T01:56:12.824+0600][16.388s][info][gc,reloc    ] GC(20) O: Large Pages:                    2            0            0          14M          10M           0M 
[2026-04-03T01:56:12.824+0600][16.388s][info][gc,reloc    ] GC(20) O: Forwarding Usage: 3M
[2026-04-03T01:56:12.824+0600][16.388s][info][gc,heap     ] GC(20) O: Min Capacity: 8M(1%)
[2026-04-03T01:56:12.824+0600][16.388s][info][gc,heap     ] GC(20) O: Max Capacity: 750M(100%)
[2026-04-03T01:56:12.824+0600][16.388s][info][gc,heap     ] GC(20) O: Soft Max Capacity: 750M(100%)
[2026-04-03T01:56:12.824+0600][16.388s][info][gc,heap     ] GC(20) O: Heap Statistics:
[2026-04-03T01:56:12.824+0600][16.388s][info][gc,heap     ] GC(20) O:                Mark Start          Mark End        Relocate Start      Relocate End           High               Low         
[2026-04-03T01:56:12.824+0600][16.388s][info][gc,heap     ] GC(20) O:  Capacity:      744M (99%)         750M (100%)        750M (100%)        750M (100%)        750M (100%)        744M (99%)    
[2026-04-03T01:56:12.824+0600][16.388s][info][gc,heap     ] GC(20) O:      Free:      466M (62%)         540M (72%)         568M (76%)         566M (75%)         576M (77%)         438M (58%)    
[2026-04-03T01:56:12.824+0600][16.388s][info][gc,heap     ] GC(20) O:      Used:      284M (38%)         210M (28%)         182M (24%)         184M (25%)         312M (42%)         174M (23%)    
[2026-04-03T01:56:12.824+0600][16.388s][info][gc,heap     ] GC(20) O: Old Generation Statistics:
[2026-04-03T01:56:12.824+0600][16.388s][info][gc,heap     ] GC(20) O:                Mark Start          Mark End        Relocate Start      Relocate End    
[2026-04-03T01:56:12.824+0600][16.388s][info][gc,heap     ] GC(20) O:      Used:      134M (18%)         168M (22%)         158M (21%)         154M (21%)    
[2026-04-03T01:56:12.824+0600][16.388s][info][gc,heap     ] GC(20) O:      Live:         -                91M (12%)          91M (12%)          91M (12%)    
[2026-04-03T01:56:12.824+0600][16.388s][info][gc,heap     ] GC(20) O:   Garbage:         -                42M (6%)           32M (4%)           15M (2%)     
[2026-04-03T01:56:12.824+0600][16.388s][info][gc,heap     ] GC(20) O: Allocated:         -                34M (5%)           34M (5%)           47M (6%)     
[2026-04-03T01:56:12.824+0600][16.388s][info][gc,heap     ] GC(20) O: Reclaimed:         -                  -                10M (1%)           27M (4%)     
[2026-04-03T01:56:12.824+0600][16.388s][info][gc,heap     ] GC(20) O: Compacted:         -                  -                  -                 6M (1%)     
[2026-04-03T01:56:12.824+0600][16.388s][info][gc,phases   ] GC(20) O: Old Generation 202M(27%)->184M(25%) 0.265s
[2026-04-03T01:56:12.824+0600][16.388s][info][gc          ] GC(20) Major Collection (Allocation Rate) 284M(38%)->184M(25%) 0.374s
[2026-04-03T01:56:12.840+0600][16.405s][info][gc          ] GC(23) Major Collection (Allocation Rate)
[2026-04-03T01:56:12.841+0600][16.405s][info][gc,task     ] GC(23) Using 3 Workers for Young Generation
[2026-04-03T01:56:12.841+0600][16.405s][info][gc,task     ] GC(23) Using 2 Workers for Old Generation
[2026-04-03T01:56:12.841+0600][16.405s][info][gc,phases   ] GC(23) Y: Young Generation
[2026-04-03T01:56:12.841+0600][16.405s][info][gc,phases   ] GC(23) Y: Pause Mark Start (Major) 0.028ms
[2026-04-03T01:56:12.853+0600][16.417s][info][gc,phases   ] GC(23) Y: Concurrent Mark 11.603ms
[2026-04-03T01:56:12.853+0600][16.417s][info][gc,phases   ] GC(23) Y: Pause Mark End 0.028ms
[2026-04-03T01:56:12.853+0600][16.417s][info][gc,phases   ] GC(23) Y: Concurrent Mark Free 0.002ms
[2026-04-03T01:56:12.853+0600][16.417s][info][gc,phases   ] GC(23) Y: Concurrent Reset Relocation Set 0.006ms
[2026-04-03T01:56:12.857+0600][16.421s][info][gc,reloc    ] GC(23) Y: Using tenuring threshold: 3 (Computed)
[2026-04-03T01:56:12.857+0600][16.421s][info][gc,phases   ] GC(23) Y: Concurrent Select Relocation Set 4.004ms
[2026-04-03T01:56:12.857+0600][16.421s][info][gc,phases   ] GC(23) Y: Pause Relocate Start 0.017ms
[2026-04-03T01:56:12.859+0600][16.423s][info][gc,phases   ] GC(23) Y: Concurrent Relocate 1.856ms
[2026-04-03T01:56:12.859+0600][16.423s][info][gc,alloc    ] GC(23) Y:                         Mark Start        Mark End      Relocate Start    Relocate End   
[2026-04-03T01:56:12.859+0600][16.423s][info][gc,alloc    ] GC(23) Y: Allocation Stalls:          0                0                0                0         
[2026-04-03T01:56:12.859+0600][16.423s][info][gc,load     ] GC(23) Y: Load: 4.20 (35%) / 6.61 (55%) / 7.08 (59%)
[2026-04-03T01:56:12.859+0600][16.423s][info][gc,mmu      ] GC(23) Y: MMU: 2ms/95.1%, 5ms/98.0%, 10ms/99.0%, 20ms/99.5%, 50ms/99.7%, 100ms/99.8%
[2026-04-03T01:56:12.859+0600][16.423s][info][gc,marking  ] GC(23) Y: Mark: 2 stripe(s), 4 proactive flush(es), 1 terminate flush(es), 0 completion(s), 0 continuation(s) 
[2026-04-03T01:56:12.859+0600][16.423s][info][gc,marking  ] GC(23) Y: Mark Stack Usage: 32M
[2026-04-03T01:56:12.859+0600][16.423s][info][gc,nmethod  ] GC(23) Y: NMethods: 4595 registered, 709 unregistered
[2026-04-03T01:56:12.859+0600][16.423s][info][gc,metaspace] GC(23) Y: Metaspace: 62M used, 63M committed, 1088M reserved
[2026-04-03T01:56:12.859+0600][16.423s][info][gc,reloc    ] GC(23) Y:                        Candidates     Selected     In-Place         Size        Empty    Relocated 
[2026-04-03T01:56:12.859+0600][16.423s][info][gc,reloc    ] GC(23) Y: Small Pages:                   19           18            0          38M           0M           1M 
[2026-04-03T01:56:12.859+0600][16.423s][info][gc,reloc    ] GC(23) Y: Medium Pages:                   0            0            0           0M           0M           0M 
[2026-04-03T01:56:12.859+0600][16.423s][info][gc,reloc    ] GC(23) Y: Large Pages:                    0            0            0           0M           0M           0M 
[2026-04-03T01:56:12.859+0600][16.423s][info][gc,reloc    ] GC(23) Y: Forwarding Usage: 0M
[2026-04-03T01:56:12.859+0600][16.423s][info][gc,reloc    ] GC(23) Y: Age Table:
[2026-04-03T01:56:12.859+0600][16.423s][info][gc,reloc    ] GC(23) Y:                    Live             Garbage             Small              Medium             Large        
[2026-04-03T01:56:12.859+0600][16.424s][info][gc,reloc    ] GC(23) Y: Eden               0M (0%)           27M (4%)          14 / 13             0 / 0              0 / 0        
[2026-04-03T01:56:12.859+0600][16.424s][info][gc,reloc    ] GC(23) Y: Survivor 1         0M (0%)            5M (1%)           3 / 3              0 / 0              0 / 0        
[2026-04-03T01:56:12.859+0600][16.424s][info][gc,reloc    ] GC(23) Y: Survivor 2         0M (0%)            3M (1%)           2 / 2              0 / 0              0 / 0        
[2026-04-03T01:56:12.859+0600][16.424s][info][gc,heap     ] GC(23) Y: Min Capacity: 8M(1%)
[2026-04-03T01:56:12.859+0600][16.424s][info][gc,heap     ] GC(23) Y: Max Capacity: 750M(100%)
[2026-04-03T01:56:12.859+0600][16.424s][info][gc,heap     ] GC(23) Y: Soft Max Capacity: 750M(100%)
[2026-04-03T01:56:12.859+0600][16.424s][info][gc,heap     ] GC(23) Y: Heap Statistics:
[2026-04-03T01:56:12.859+0600][16.424s][info][gc,heap     ] GC(23) Y:                Mark Start          Mark End        Relocate Start      Relocate End           High               Low         
[2026-04-03T01:56:12.859+0600][16.424s][info][gc,heap     ] GC(23) Y:  Capacity:      750M (100%)        750M (100%)        750M (100%)        750M (100%)        750M (100%)        750M (100%)   
[2026-04-03T01:56:12.860+0600][16.424s][info][gc,heap     ] GC(23) Y:      Free:      558M (74%)         552M (74%)         550M (73%)         566M (75%)         566M (75%)         538M (72%)    
[2026-04-03T01:56:12.860+0600][16.424s][info][gc,heap     ] GC(23) Y:      Used:      192M (26%)         198M (26%)         200M (27%)         184M (25%)         212M (28%)         184M (25%)    
[2026-04-03T01:56:12.860+0600][16.424s][info][gc,heap     ] GC(23) Y: Young Generation Statistics:
[2026-04-03T01:56:12.860+0600][16.424s][info][gc,heap     ] GC(23) Y:                Mark Start          Mark End        Relocate Start      Relocate End    
[2026-04-03T01:56:12.860+0600][16.424s][info][gc,heap     ] GC(23) Y:      Used:       38M (5%)           44M (6%)           46M (6%)           30M (4%)     
[2026-04-03T01:56:12.860+0600][16.424s][info][gc,heap     ] GC(23) Y:      Live:         -                 1M (0%)            1M (0%)            1M (0%)     
[2026-04-03T01:56:12.860+0600][16.424s][info][gc,heap     ] GC(23) Y:   Garbage:         -                36M (5%)           36M (5%)            0M (0%)     
[2026-04-03T01:56:12.860+0600][16.424s][info][gc,heap     ] GC(23) Y: Allocated:         -                 6M (1%)            8M (1%)           28M (4%)     
[2026-04-03T01:56:12.860+0600][16.424s][info][gc,heap     ] GC(23) Y: Reclaimed:         -                  -                 0M (0%)           36M (5%)     
[2026-04-03T01:56:12.860+0600][16.424s][info][gc,heap     ] GC(23) Y:  Promoted:         -                  -                 0M (0%)            0M (0%)     
[2026-04-03T01:56:12.860+0600][16.424s][info][gc,heap     ] GC(23) Y: Compacted:         -                  -                  -                 1M (0%)     
[2026-04-03T01:56:12.860+0600][16.424s][info][gc,phases   ] GC(23) Y: Young Generation 192M(26%)->184M(25%) 0.019s
[2026-04-03T01:56:12.860+0600][16.424s][info][gc,phases   ] GC(23) O: Old Generation
[2026-04-03T01:56:12.885+0600][16.449s][info][gc,task     ] Adjusting Workers for Old Generation: 2 -> 1
[2026-04-03T01:56:12.885+0600][16.450s][info][gc          ] GC(24) Minor Collection (Allocation Rate)
[2026-04-03T01:56:12.885+0600][16.450s][info][gc,task     ] GC(24) Using 2 Workers for Young Generation
[2026-04-03T01:56:12.886+0600][16.450s][info][gc,phases   ] GC(24) y: Young Generation
[2026-04-03T01:56:12.886+0600][16.450s][info][gc,phases   ] GC(24) y: Pause Mark Start 0.019ms
[2026-04-03T01:56:12.900+0600][16.465s][info][gc,phases   ] GC(24) y: Concurrent Mark 14.546ms
[2026-04-03T01:56:12.901+0600][16.465s][info][gc,phases   ] GC(24) y: Pause Mark End 0.035ms
[2026-04-03T01:56:12.901+0600][16.465s][info][gc,phases   ] GC(24) y: Concurrent Mark Free 0.004ms
[2026-04-03T01:56:12.901+0600][16.465s][info][gc,phases   ] GC(24) y: Concurrent Reset Relocation Set 0.008ms
[2026-04-03T01:56:12.904+0600][16.469s][info][gc,reloc    ] GC(24) y: Using tenuring threshold: 3 (Computed)
[2026-04-03T01:56:12.905+0600][16.470s][info][gc,phases   ] GC(24) y: Concurrent Select Relocation Set 4.360ms
[2026-04-03T01:56:12.906+0600][16.470s][info][gc,phases   ] GC(24) y: Pause Relocate Start 0.023ms
[2026-04-03T01:56:12.909+0600][16.473s][info][gc,phases   ] GC(24) y: Concurrent Relocate 2.929ms
[2026-04-03T01:56:12.909+0600][16.473s][info][gc,alloc    ] GC(24) y:                         Mark Start        Mark End      Relocate Start    Relocate End   
[2026-04-03T01:56:12.909+0600][16.473s][info][gc,alloc    ] GC(24) y: Allocation Stalls:          0                0                0                0         
[2026-04-03T01:56:12.909+0600][16.473s][info][gc,load     ] GC(24) y: Load: 4.20 (35%) / 6.61 (55%) / 7.08 (59%)
[2026-04-03T01:56:12.909+0600][16.473s][info][gc,mmu      ] GC(24) y: MMU: 2ms/95.1%, 5ms/98.0%, 10ms/99.0%, 20ms/99.5%, 50ms/99.7%, 100ms/99.8%
[2026-04-03T01:56:12.909+0600][16.473s][info][gc,marking  ] GC(24) y: Mark: 2 stripe(s), 3 proactive flush(es), 1 terminate flush(es), 0 completion(s), 0 continuation(s) 
[2026-04-03T01:56:12.909+0600][16.473s][info][gc,marking  ] GC(24) y: Mark Stack Usage: 32M
[2026-04-03T01:56:12.909+0600][16.473s][info][gc,nmethod  ] GC(24) y: NMethods: 4600 registered, 709 unregistered
[2026-04-03T01:56:12.909+0600][16.473s][info][gc,metaspace] GC(24) y: Metaspace: 62M used, 63M committed, 1088M reserved
[2026-04-03T01:56:12.909+0600][16.473s][info][gc,reloc    ] GC(24) y:                        Candidates     Selected     In-Place         Size        Empty    Relocated 
[2026-04-03T01:56:12.909+0600][16.473s][info][gc,reloc    ] GC(24) y: Small Pages:                   21           19            0          42M           0M           1M 
[2026-04-03T01:56:12.909+0600][16.473s][info][gc,reloc    ] GC(24) y: Medium Pages:                   0            0            0           0M           0M           0M 
[2026-04-03T01:56:12.909+0600][16.473s][info][gc,reloc    ] GC(24) y: Large Pages:                    0            0            0           0M           0M           0M 
[2026-04-03T01:56:12.909+0600][16.473s][info][gc,reloc    ] GC(24) y: Forwarding Usage: 0M
[2026-04-03T01:56:12.909+0600][16.473s][info][gc,reloc    ] GC(24) y: Age Table:
[2026-04-03T01:56:12.909+0600][16.473s][info][gc,reloc    ] GC(24) y:                    Live             Garbage             Small              Medium             Large        
[2026-04-03T01:56:12.909+0600][16.473s][info][gc,reloc    ] GC(24) y: Eden               0M (0%)           19M (3%)          10 / 9              0 / 0              0 / 0        
[2026-04-03T01:56:12.909+0600][16.473s][info][gc,reloc    ] GC(24) y: Survivor 1         0M (0%)            7M (1%)           4 / 4              0 / 0              0 / 0        
[2026-04-03T01:56:12.909+0600][16.473s][info][gc,reloc    ] GC(24) y: Survivor 2         0M (0%)            7M (1%)           4 / 3              0 / 0              0 / 0        
[2026-04-03T01:56:12.909+0600][16.473s][info][gc,reloc    ] GC(24) y: Survivor 3         0M (0%)            5M (1%)           3 / 3              0 / 0              0 / 0        
[2026-04-03T01:56:12.909+0600][16.473s][info][gc,heap     ] GC(24) y: Min Capacity: 8M(1%)
[2026-04-03T01:56:12.909+0600][16.473s][info][gc,heap     ] GC(24) y: Max Capacity: 750M(100%)
[2026-04-03T01:56:12.909+0600][16.473s][info][gc,heap     ] GC(24) y: Soft Max Capacity: 750M(100%)
[2026-04-03T01:56:12.909+0600][16.473s][info][gc,heap     ] GC(24) y: Heap Statistics:
[2026-04-03T01:56:12.909+0600][16.473s][info][gc,heap     ] GC(24) y:                Mark Start          Mark End        Relocate Start      Relocate End           High               Low         
[2026-04-03T01:56:12.909+0600][16.473s][info][gc,heap     ] GC(24) y:  Capacity:      750M (100%)        750M (100%)        750M (100%)        750M (100%)        750M (100%)        750M (100%)   
[2026-04-03T01:56:12.909+0600][16.473s][info][gc,heap     ] GC(24) y:      Free:      554M (74%)         542M (72%)         540M (72%)         550M (73%)         554M (74%)         532M (71%)    
[2026-04-03T01:56:12.909+0600][16.473s][info][gc,heap     ] GC(24) y:      Used:      196M (26%)         208M (28%)         210M (28%)         200M (27%)         218M (29%)         196M (26%)    
[2026-04-03T01:56:12.909+0600][16.473s][info][gc,heap     ] GC(24) y: Young Generation Statistics:
[2026-04-03T01:56:12.909+0600][16.473s][info][gc,heap     ] GC(24) y:                Mark Start          Mark End        Relocate Start      Relocate End    
[2026-04-03T01:56:12.909+0600][16.473s][info][gc,heap     ] GC(24) y:      Used:       42M (6%)           54M (7%)           56M (7%)           40M (5%)     
[2026-04-03T01:56:12.909+0600][16.473s][info][gc,heap     ] GC(24) y:      Live:         -                 1M (0%)            1M (0%)            1M (0%)     
[2026-04-03T01:56:12.909+0600][16.473s][info][gc,heap     ] GC(24) y:   Garbage:         -                40M (5%)           40M (5%)            1M (0%)     
[2026-04-03T01:56:12.909+0600][16.473s][info][gc,heap     ] GC(24) y: Allocated:         -                12M (2%)           14M (2%)           36M (5%)     
[2026-04-03T01:56:12.909+0600][16.474s][info][gc,heap     ] GC(24) y: Reclaimed:         -                  -                 0M (0%)           38M (5%)     
[2026-04-03T01:56:12.909+0600][16.474s][info][gc,heap     ] GC(24) y:  Promoted:         -                  -                 0M (0%)            0M (0%)     
[2026-04-03T01:56:12.909+0600][16.474s][info][gc,heap     ] GC(24) y: Compacted:         -                  -                  -                 1M (0%)     
[2026-04-03T01:56:12.909+0600][16.474s][info][gc,phases   ] GC(24) y: Young Generation 196M(26%)->200M(27%) 0.023s
[2026-04-03T01:56:12.909+0600][16.474s][info][gc          ] GC(24) Minor Collection (Allocation Rate) 196M(26%)->200M(27%) 0.024s
[2026-04-03T01:56:12.910+0600][16.474s][info][gc          ] GC(25) Minor Collection (Allocation Rate)
[2026-04-03T01:56:12.910+0600][16.474s][info][gc,task     ] GC(25) Using 2 Workers for Young Generation
[2026-04-03T01:56:12.910+0600][16.474s][info][gc,phases   ] GC(25) y: Young Generation
[2026-04-03T01:56:12.910+0600][16.474s][info][gc,phases   ] GC(25) y: Pause Mark Start 0.033ms
[2026-04-03T01:56:12.926+0600][16.491s][info][gc,phases   ] GC(25) y: Concurrent Mark 16.447ms
[2026-04-03T01:56:12.927+0600][16.491s][info][gc,phases   ] GC(25) y: Pause Mark End 0.071ms
[2026-04-03T01:56:12.927+0600][16.491s][info][gc,phases   ] GC(25) y: Concurrent Mark Free 0.003ms
[2026-04-03T01:56:12.927+0600][16.491s][info][gc,phases   ] GC(25) y: Concurrent Reset Relocation Set 0.005ms
[2026-04-03T01:56:12.934+0600][16.498s][info][gc,reloc    ] GC(25) y: Using tenuring threshold: 2 (Computed)
[2026-04-03T01:56:12.936+0600][16.500s][info][gc,phases   ] GC(25) y: Concurrent Select Relocation Set 8.802ms
[2026-04-03T01:56:12.936+0600][16.500s][info][gc,phases   ] GC(25) y: Pause Relocate Start 0.024ms
[2026-04-03T01:56:12.941+0600][16.505s][info][gc,phases   ] GC(25) y: Concurrent Relocate 4.884ms
[2026-04-03T01:56:12.941+0600][16.506s][info][gc,alloc    ] GC(25) y:                         Mark Start        Mark End      Relocate Start    Relocate End   
[2026-04-03T01:56:12.941+0600][16.506s][info][gc,alloc    ] GC(25) y: Allocation Stalls:          0                0                0                0         
[2026-04-03T01:56:12.941+0600][16.506s][info][gc,load     ] GC(25) y: Load: 4.20 (35%) / 6.61 (55%) / 7.08 (59%)
[2026-04-03T01:56:12.941+0600][16.506s][info][gc,mmu      ] GC(25) y: MMU: 2ms/95.1%, 5ms/98.0%, 10ms/99.0%, 20ms/99.5%, 50ms/99.6%, 100ms/99.7%
[2026-04-03T01:56:12.941+0600][16.506s][info][gc,marking  ] GC(25) y: Mark: 2 stripe(s), 6 proactive flush(es), 1 terminate flush(es), 0 completion(s), 0 continuation(s) 
[2026-04-03T01:56:12.942+0600][16.506s][info][gc,marking  ] GC(25) y: Mark Stack Usage: 32M
[2026-04-03T01:56:12.942+0600][16.506s][info][gc,nmethod  ] GC(25) y: NMethods: 4611 registered, 709 unregistered
[2026-04-03T01:56:12.942+0600][16.506s][info][gc,metaspace] GC(25) y: Metaspace: 62M used, 63M committed, 1088M reserved
[2026-04-03T01:56:12.942+0600][16.506s][info][gc,reloc    ] GC(25) y:                        Candidates     Selected     In-Place         Size        Empty    Relocated 
[2026-04-03T01:56:12.942+0600][16.506s][info][gc,reloc    ] GC(25) y: Small Pages:                   20           18            0          40M           0M           1M 
[2026-04-03T01:56:12.942+0600][16.506s][info][gc,reloc    ] GC(25) y: Medium Pages:                   0            0            0           0M           0M           0M 
[2026-04-03T01:56:12.942+0600][16.506s][info][gc,reloc    ] GC(25) y: Large Pages:                    0            0            0           0M           0M           0M 
[2026-04-03T01:56:12.942+0600][16.506s][info][gc,reloc    ] GC(25) y: Forwarding Usage: 0M
[2026-04-03T01:56:12.942+0600][16.506s][info][gc,reloc    ] GC(25) y: Age Table:
[2026-04-03T01:56:12.942+0600][16.506s][info][gc,reloc    ] GC(25) y:                    Live             Garbage             Small              Medium             Large        
[2026-04-03T01:56:12.942+0600][16.506s][info][gc,reloc    ] GC(25) y: Eden               0M (0%)           15M (2%)           8 / 8              0 / 0              0 / 0        
[2026-04-03T01:56:12.942+0600][16.506s][info][gc,reloc    ] GC(25) y: Survivor 1         0M (0%)            5M (1%)           3 / 3              0 / 0              0 / 0        
[2026-04-03T01:56:12.942+0600][16.506s][info][gc,reloc    ] GC(25) y: Survivor 2         0M (0%)            7M (1%)           4 / 3              0 / 0              0 / 0        
[2026-04-03T01:56:12.942+0600][16.506s][info][gc,reloc    ] GC(25) y: Survivor 3         0M (0%)            9M (1%)           5 / 4              0 / 0              0 / 0        
[2026-04-03T01:56:12.942+0600][16.506s][info][gc,heap     ] GC(25) y: Min Capacity: 8M(1%)
[2026-04-03T01:56:12.942+0600][16.506s][info][gc,heap     ] GC(25) y: Max Capacity: 750M(100%)
[2026-04-03T01:56:12.942+0600][16.506s][info][gc,heap     ] GC(25) y: Soft Max Capacity: 750M(100%)
[2026-04-03T01:56:12.942+0600][16.506s][info][gc,heap     ] GC(25) y: Heap Statistics:
[2026-04-03T01:56:12.942+0600][16.506s][info][gc,heap     ] GC(25) y:                Mark Start          Mark End        Relocate Start      Relocate End           High               Low         
[2026-04-03T01:56:12.942+0600][16.506s][info][gc,heap     ] GC(25) y:  Capacity:      750M (100%)        750M (100%)        750M (100%)        750M (100%)        750M (100%)        750M (100%)   
[2026-04-03T01:56:12.942+0600][16.506s][info][gc,heap     ] GC(25) y:      Free:      550M (73%)         522M (70%)         514M (69%)         530M (71%)         550M (73%)         506M (67%)    
[2026-04-03T01:56:12.942+0600][16.506s][info][gc,heap     ] GC(25) y:      Used:      200M (27%)         228M (30%)         236M (31%)         220M (29%)         244M (33%)         200M (27%)    
[2026-04-03T01:56:12.942+0600][16.506s][info][gc,heap     ] GC(25) y: Young Generation Statistics:
[2026-04-03T01:56:12.942+0600][16.506s][info][gc,heap     ] GC(25) y:                Mark Start          Mark End        Relocate Start      Relocate End    
[2026-04-03T01:56:12.942+0600][16.506s][info][gc,heap     ] GC(25) y:      Used:       40M (5%)           68M (9%)           74M (10%)          50M (7%)     
[2026-04-03T01:56:12.942+0600][16.506s][info][gc,heap     ] GC(25) y:      Live:         -                 2M (0%)            1M (0%)            1M (0%)     
[2026-04-03T01:56:12.942+0600][16.506s][info][gc,heap     ] GC(25) y:   Garbage:         -                37M (5%)           36M (5%)            0M (0%)     
[2026-04-03T01:56:12.942+0600][16.506s][info][gc,heap     ] GC(25) y: Allocated:         -                28M (4%)           36M (5%)           48M (6%)     
[2026-04-03T01:56:12.942+0600][16.506s][info][gc,heap     ] GC(25) y: Reclaimed:         -                  -                 1M (0%)           37M (5%)     
[2026-04-03T01:56:12.942+0600][16.506s][info][gc,heap     ] GC(25) y:  Promoted:         -                  -                 0M (0%)            1M (0%)     
[2026-04-03T01:56:12.942+0600][16.506s][info][gc,heap     ] GC(25) y: Compacted:         -                  -                  -                 1M (0%)     
[2026-04-03T01:56:12.942+0600][16.506s][info][gc,phases   ] GC(25) y: Young Generation 200M(27%)->220M(29%) 0.032s
[2026-04-03T01:56:12.942+0600][16.506s][info][gc          ] GC(25) Minor Collection (Allocation Rate) 200M(27%)->220M(29%) 0.032s
[2026-04-03T01:56:13.026+0600][16.590s][info][gc          ] GC(26) Minor Collection (Allocation Rate)
[2026-04-03T01:56:13.026+0600][16.590s][info][gc,task     ] GC(26) Using 2 Workers for Young Generation
[2026-04-03T01:56:13.026+0600][16.590s][info][gc,phases   ] GC(26) y: Young Generation
[2026-04-03T01:56:13.026+0600][16.590s][info][gc,phases   ] GC(26) y: Pause Mark Start 0.057ms
[2026-04-03T01:56:13.058+0600][16.622s][info][gc,phases   ] GC(26) y: Concurrent Mark 32.074ms
[2026-04-03T01:56:13.058+0600][16.622s][info][gc,phases   ] GC(26) y: Pause Mark End 0.027ms
[2026-04-03T01:56:13.058+0600][16.623s][info][gc,phases   ] GC(26) y: Concurrent Mark Free 0.003ms
[2026-04-03T01:56:13.059+0600][16.623s][info][gc,phases   ] GC(26) y: Concurrent Reset Relocation Set 0.012ms
[2026-04-03T01:56:13.063+0600][16.627s][info][gc,reloc    ] GC(26) y: Using tenuring threshold: 3 (Computed)
[2026-04-03T01:56:13.066+0600][16.630s][info][gc,phases   ] GC(26) y: Concurrent Select Relocation Set 7.677ms
[2026-04-03T01:56:13.066+0600][16.631s][info][gc,phases   ] GC(26) y: Pause Relocate Start 0.020ms
[2026-04-03T01:56:13.080+0600][16.644s][info][gc,phases   ] GC(26) y: Concurrent Relocate 13.352ms
[2026-04-03T01:56:13.080+0600][16.644s][info][gc,alloc    ] GC(26) y:                         Mark Start        Mark End      Relocate Start    Relocate End   
[2026-04-03T01:56:13.080+0600][16.644s][info][gc,alloc    ] GC(26) y: Allocation Stalls:          0                0                0                0         
[2026-04-03T01:56:13.080+0600][16.644s][info][gc,load     ] GC(26) y: Load: 4.20 (35%) / 6.61 (55%) / 7.08 (59%)
[2026-04-03T01:56:13.080+0600][16.644s][info][gc,mmu      ] GC(26) y: MMU: 2ms/95.1%, 5ms/98.0%, 10ms/99.0%, 20ms/99.5%, 50ms/99.6%, 100ms/99.7%
[2026-04-03T01:56:13.080+0600][16.644s][info][gc,marking  ] GC(26) y: Mark: 2 stripe(s), 10 proactive flush(es), 1 terminate flush(es), 0 completion(s), 0 continuation(s) 
[2026-04-03T01:56:13.080+0600][16.644s][info][gc,marking  ] GC(26) y: Mark Stack Usage: 32M
[2026-04-03T01:56:13.080+0600][16.644s][info][gc,nmethod  ] GC(26) y: NMethods: 4625 registered, 709 unregistered
[2026-04-03T01:56:13.080+0600][16.644s][info][gc,metaspace] GC(26) y: Metaspace: 62M used, 63M committed, 1088M reserved
[2026-04-03T01:56:13.080+0600][16.644s][info][gc,reloc    ] GC(26) y:                        Candidates     Selected     In-Place         Size        Empty    Relocated 
[2026-04-03T01:56:13.080+0600][16.644s][info][gc,reloc    ] GC(26) y: Small Pages:                   63           57            0         126M           2M           7M 
[2026-04-03T01:56:13.080+0600][16.644s][info][gc,reloc    ] GC(26) y: Medium Pages:                   1            0            0          16M           0M           0M 
[2026-04-03T01:56:13.080+0600][16.644s][info][gc,reloc    ] GC(26) y: Large Pages:                    0            0            0           0M           0M           0M 
[2026-04-03T01:56:13.080+0600][16.644s][info][gc,reloc    ] GC(26) y: Forwarding Usage: 5M
[2026-04-03T01:56:13.080+0600][16.644s][info][gc,reloc    ] GC(26) y: Age Table:
[2026-04-03T01:56:13.080+0600][16.644s][info][gc,reloc    ] GC(26) y:                    Live             Garbage             Small              Medium             Large        
[2026-04-03T01:56:13.080+0600][16.644s][info][gc,reloc    ] GC(26) y: Eden               8M (1%)          121M (16%)         57 / 52             1 / 0              0 / 0        
[2026-04-03T01:56:13.080+0600][16.644s][info][gc,reloc    ] GC(26) y: Survivor 1         0M (0%)            5M (1%)           3 / 2              0 / 0              0 / 0        
[2026-04-03T01:56:13.080+0600][16.644s][info][gc,reloc    ] GC(26) y: Survivor 2         0M (0%)            5M (1%)           3 / 3              0 / 0              0 / 0        
[2026-04-03T01:56:13.080+0600][16.644s][info][gc,heap     ] GC(26) y: Min Capacity: 8M(1%)
[2026-04-03T01:56:13.080+0600][16.644s][info][gc,heap     ] GC(26) y: Max Capacity: 750M(100%)
[2026-04-03T01:56:13.080+0600][16.644s][info][gc,heap     ] GC(26) y: Soft Max Capacity: 750M(100%)
[2026-04-03T01:56:13.080+0600][16.644s][info][gc,heap     ] GC(26) y: Heap Statistics:
[2026-04-03T01:56:13.080+0600][16.644s][info][gc,heap     ] GC(26) y:                Mark Start          Mark End        Relocate Start      Relocate End           High               Low         
[2026-04-03T01:56:13.080+0600][16.644s][info][gc,heap     ] GC(26) y:  Capacity:      750M (100%)        750M (100%)        750M (100%)        750M (100%)        750M (100%)        750M (100%)   
[2026-04-03T01:56:13.080+0600][16.645s][info][gc,heap     ] GC(26) y:      Free:      438M (58%)         412M (55%)         404M (54%)         498M (66%)         498M (66%)         402M (54%)    
[2026-04-03T01:56:13.080+0600][16.645s][info][gc,heap     ] GC(26) y:      Used:      312M (42%)         338M (45%)         346M (46%)         252M (34%)         348M (46%)         252M (34%)    
[2026-04-03T01:56:13.080+0600][16.645s][info][gc,heap     ] GC(26) y: Young Generation Statistics:
[2026-04-03T01:56:13.080+0600][16.645s][info][gc,heap     ] GC(26) y:                Mark Start          Mark End        Relocate Start      Relocate End    
[2026-04-03T01:56:13.080+0600][16.645s][info][gc,heap     ] GC(26) y:      Used:      142M (19%)         168M (22%)         176M (23%)          82M (11%)    
[2026-04-03T01:56:13.080+0600][16.645s][info][gc,heap     ] GC(26) y:      Live:         -                 9M (1%)            9M (1%)            9M (1%)     
[2026-04-03T01:56:13.081+0600][16.645s][info][gc,heap     ] GC(26) y:   Garbage:         -               132M (18%)         130M (17%)          14M (2%)     
[2026-04-03T01:56:13.081+0600][16.645s][info][gc,heap     ] GC(26) y: Allocated:         -                26M (3%)           36M (5%)           57M (8%)     
[2026-04-03T01:56:13.081+0600][16.645s][info][gc,heap     ] GC(26) y: Reclaimed:         -                  -                 2M (0%)          117M (16%)    
[2026-04-03T01:56:13.081+0600][16.645s][info][gc,heap     ] GC(26) y:  Promoted:         -                  -                 0M (0%)            0M (0%)     
[2026-04-03T01:56:13.081+0600][16.645s][info][gc,heap     ] GC(26) y: Compacted:         -                  -                  -                 8M (1%)     
[2026-04-03T01:56:13.081+0600][16.645s][info][gc,phases   ] GC(26) y: Young Generation 312M(42%)->252M(34%) 0.054s
[2026-04-03T01:56:13.081+0600][16.645s][info][gc          ] GC(26) Minor Collection (Allocation Rate) 312M(42%)->254M(34%) 0.055s
[2026-04-03T01:56:13.175+0600][16.739s][info][gc,phases   ] GC(23) O: Concurrent Mark 315.229ms
[2026-04-03T01:56:13.175+0600][16.739s][info][gc,phases   ] GC(23) O: Pause Mark End 0.055ms
[2026-04-03T01:56:13.175+0600][16.739s][info][gc,phases   ] GC(23) O: Concurrent Mark Free 0.002ms
[2026-04-03T01:56:13.192+0600][16.756s][info][gc,phases   ] GC(23) O: Concurrent Process Non-Strong 17.046ms
[2026-04-03T01:56:13.192+0600][16.757s][info][gc,phases   ] GC(23) O: Concurrent Reset Relocation Set 0.005ms
[2026-04-03T01:56:13.198+0600][16.762s][info][gc,phases   ] GC(23) O: Concurrent Select Relocation Set 5.171ms
[2026-04-03T01:56:13.198+0600][16.762s][info][gc,task     ] GC(23) O: Using 3 Workers for Old Generation
[2026-04-03T01:56:13.219+0600][16.783s][info][gc,task     ] GC(23) O: Using 1 Workers for Old Generation
[2026-04-03T01:56:13.219+0600][16.783s][info][gc,phases   ] GC(23) O: Concurrent Remap Roots 21.521ms
[2026-04-03T01:56:13.220+0600][16.784s][info][gc,phases   ] GC(23) O: Pause Relocate Start 0.025ms
[2026-04-03T01:56:13.232+0600][16.796s][info][gc,phases   ] GC(23) O: Concurrent Relocate 12.452ms
[2026-04-03T01:56:13.232+0600][16.796s][info][gc,alloc    ] GC(23) O:                         Mark Start        Mark End      Relocate Start    Relocate End   
[2026-04-03T01:56:13.232+0600][16.796s][info][gc,alloc    ] GC(23) O: Allocation Stalls:          0                0                0                0         
[2026-04-03T01:56:13.232+0600][16.796s][info][gc,load     ] GC(23) O: Load: 4.20 (35%) / 6.61 (55%) / 7.08 (59%)
[2026-04-03T01:56:13.232+0600][16.797s][info][gc,mmu      ] GC(23) O: MMU: 2ms/95.1%, 5ms/98.0%, 10ms/99.0%, 20ms/99.5%, 50ms/99.6%, 100ms/99.7%
[2026-04-03T01:56:13.232+0600][16.797s][info][gc,marking  ] GC(23) O: Mark: 2 stripe(s), 2 proactive flush(es), 1 terminate flush(es), 0 completion(s), 0 continuation(s) 
[2026-04-03T01:56:13.232+0600][16.797s][info][gc,marking  ] GC(23) O: Mark Stack Usage: 32M
[2026-04-03T01:56:13.232+0600][16.797s][info][gc,nmethod  ] GC(23) O: NMethods: 4580 registered, 812 unregistered
[2026-04-03T01:56:13.232+0600][16.797s][info][gc,metaspace] GC(23) O: Metaspace: 62M used, 63M committed, 1088M reserved
[2026-04-03T01:56:13.232+0600][16.797s][info][gc,ref      ] GC(23) O:                       Encountered   Discovered     Enqueued 
[2026-04-03T01:56:13.232+0600][16.797s][info][gc,ref      ] GC(23) O: Soft References:             4887            0            0 
[2026-04-03T01:56:13.232+0600][16.797s][info][gc,ref      ] GC(23) O: Weak References:             7033         2947          213 
[2026-04-03T01:56:13.232+0600][16.797s][info][gc,ref      ] GC(23) O: Final References:              82           50            0 
[2026-04-03T01:56:13.232+0600][16.797s][info][gc,ref      ] GC(23) O: Phantom References:           598          565            0 
[2026-04-03T01:56:13.233+0600][16.797s][info][gc,reloc    ] GC(23) O:                        Candidates     Selected     In-Place         Size        Empty    Relocated 
[2026-04-03T01:56:13.233+0600][16.797s][info][gc,reloc    ] GC(23) O: Small Pages:                   64            8            0         128M           0M           3M 
[2026-04-03T01:56:13.233+0600][16.797s][info][gc,reloc    ] GC(23) O: Medium Pages:                   1            0            0          16M           0M           0M 
[2026-04-03T01:56:13.233+0600][16.797s][info][gc,reloc    ] GC(23) O: Large Pages:                    2            0            0          10M           0M           0M 
[2026-04-03T01:56:13.233+0600][16.797s][info][gc,reloc    ] GC(23) O: Forwarding Usage: 2M
[2026-04-03T01:56:13.233+0600][16.797s][info][gc,heap     ] GC(23) O: Min Capacity: 8M(1%)
[2026-04-03T01:56:13.233+0600][16.797s][info][gc,heap     ] GC(23) O: Max Capacity: 750M(100%)
[2026-04-03T01:56:13.233+0600][16.797s][info][gc,heap     ] GC(23) O: Soft Max Capacity: 750M(100%)
[2026-04-03T01:56:13.233+0600][16.797s][info][gc,heap     ] GC(23) O: Heap Statistics:
[2026-04-03T01:56:13.233+0600][16.797s][info][gc,heap     ] GC(23) O:                Mark Start          Mark End        Relocate Start      Relocate End           High               Low         
[2026-04-03T01:56:13.233+0600][16.797s][info][gc,heap     ] GC(23) O:  Capacity:      750M (100%)        750M (100%)        750M (100%)        750M (100%)        750M (100%)        750M (100%)   
[2026-04-03T01:56:13.233+0600][16.797s][info][gc,heap     ] GC(23) O:      Free:      558M (74%)         378M (50%)         322M (43%)         314M (42%)         566M (75%)         312M (42%)    
[2026-04-03T01:56:13.233+0600][16.797s][info][gc,heap     ] GC(23) O:      Used:      192M (26%)         372M (50%)         428M (57%)         436M (58%)         438M (58%)         184M (25%)    
[2026-04-03T01:56:13.233+0600][16.797s][info][gc,heap     ] GC(23) O: Old Generation Statistics:
[2026-04-03T01:56:13.233+0600][16.797s][info][gc,heap     ] GC(23) O:                Mark Start          Mark End        Relocate Start      Relocate End    
[2026-04-03T01:56:13.233+0600][16.797s][info][gc,heap     ] GC(23) O:      Used:      154M (21%)         170M (23%)         170M (23%)         160M (21%)    
[2026-04-03T01:56:13.233+0600][16.797s][info][gc,heap     ] GC(23) O:      Live:         -               122M (16%)         122M (16%)         122M (16%)    
[2026-04-03T01:56:13.233+0600][16.797s][info][gc,heap     ] GC(23) O:   Garbage:         -                31M (4%)           31M (4%)           15M (2%)     
[2026-04-03T01:56:13.233+0600][16.797s][info][gc,heap     ] GC(23) O: Allocated:         -                16M (2%)           16M (2%)           22M (3%)     
[2026-04-03T01:56:13.233+0600][16.797s][info][gc,heap     ] GC(23) O: Reclaimed:         -                  -                 0M (0%)           16M (2%)     
[2026-04-03T01:56:13.233+0600][16.797s][info][gc,heap     ] GC(23) O: Compacted:         -                  -                  -                 5M (1%)     
[2026-04-03T01:56:13.233+0600][16.797s][info][gc,phases   ] GC(23) O: Old Generation 184M(25%)->436M(58%) 0.373s
[2026-04-03T01:56:13.233+0600][16.797s][info][gc          ] GC(23) Major Collection (Allocation Rate) 192M(26%)->436M(58%) 0.392s
[2026-04-03T01:56:13.261+0600][16.825s][info][gc          ] GC(27) Minor Collection (Allocation Rate)
[2026-04-03T01:56:13.261+0600][16.825s][info][gc,task     ] GC(27) Using 2 Workers for Young Generation
[2026-04-03T01:56:13.261+0600][16.825s][info][gc,phases   ] GC(27) y: Young Generation
[2026-04-03T01:56:13.262+0600][16.826s][info][gc,phases   ] GC(27) y: Pause Mark Start 0.052ms
[2026-04-03T01:56:13.322+0600][16.886s][info][gc,phases   ] GC(27) y: Concurrent Mark 60.006ms
[2026-04-03T01:56:13.322+0600][16.886s][info][gc,phases   ] GC(27) y: Pause Mark End 0.026ms
[2026-04-03T01:56:13.322+0600][16.886s][info][gc,phases   ] GC(27) y: Concurrent Mark Free 0.003ms
[2026-04-03T01:56:13.322+0600][16.886s][info][gc,phases   ] GC(27) y: Concurrent Reset Relocation Set 0.011ms
[2026-04-03T01:56:13.326+0600][16.890s][info][gc,reloc    ] GC(27) y: Using tenuring threshold: 3 (Computed)
[2026-04-03T01:56:13.332+0600][16.896s][info][gc,phases   ] GC(27) y: Concurrent Select Relocation Set 9.961ms
[2026-04-03T01:56:13.333+0600][16.897s][info][gc,phases   ] GC(27) y: Pause Relocate Start 0.022ms
[2026-04-03T01:56:13.366+0600][16.931s][info][gc,phases   ] GC(27) y: Concurrent Relocate 33.716ms
[2026-04-03T01:56:13.367+0600][16.931s][info][gc,alloc    ] GC(27) y:                         Mark Start        Mark End      Relocate Start    Relocate End   
[2026-04-03T01:56:13.367+0600][16.931s][info][gc,alloc    ] GC(27) y: Allocation Stalls:          0                0                0                0         
[2026-04-03T01:56:13.367+0600][16.931s][info][gc,load     ] GC(27) y: Load: 4.20 (35%) / 6.61 (55%) / 7.08 (59%)
[2026-04-03T01:56:13.367+0600][16.931s][info][gc,mmu      ] GC(27) y: MMU: 2ms/95.1%, 5ms/98.0%, 10ms/99.0%, 20ms/99.5%, 50ms/99.6%, 100ms/99.7%
[2026-04-03T01:56:13.367+0600][16.931s][info][gc,marking  ] GC(27) y: Mark: 2 stripe(s), 2 proactive flush(es), 1 terminate flush(es), 0 completion(s), 0 continuation(s) 
[2026-04-03T01:56:13.367+0600][16.931s][info][gc,marking  ] GC(27) y: Mark Stack Usage: 32M
[2026-04-03T01:56:13.367+0600][16.931s][info][gc,nmethod  ] GC(27) y: NMethods: 4616 registered, 812 unregistered
[2026-04-03T01:56:13.367+0600][16.931s][info][gc,metaspace] GC(27) y: Metaspace: 62M used, 63M committed, 1088M reserved
[2026-04-03T01:56:13.367+0600][16.931s][info][gc,reloc    ] GC(27) y:                        Candidates     Selected     In-Place         Size        Empty    Relocated 
[2026-04-03T01:56:13.367+0600][16.931s][info][gc,reloc    ] GC(27) y: Small Pages:                  154          122            0         308M          34M          18M 
[2026-04-03T01:56:13.367+0600][16.931s][info][gc,reloc    ] GC(27) y: Medium Pages:                   1            0            0          16M          16M           0M 
[2026-04-03T01:56:13.367+0600][16.931s][info][gc,reloc    ] GC(27) y: Large Pages:                    1            0            0           4M           0M           0M 
[2026-04-03T01:56:13.367+0600][16.931s][info][gc,reloc    ] GC(27) y: Forwarding Usage: 16M
[2026-04-03T01:56:13.367+0600][16.931s][info][gc,reloc    ] GC(27) y: Age Table:
[2026-04-03T01:56:13.367+0600][16.931s][info][gc,reloc    ] GC(27) y:                    Live             Garbage             Small              Medium             Large        
[2026-04-03T01:56:13.367+0600][16.931s][info][gc,reloc    ] GC(27) y: Eden              22M (3%)          267M (36%)        143 / 115            0 / 0              1 / 0        
[2026-04-03T01:56:13.367+0600][16.931s][info][gc,reloc    ] GC(27) y: Survivor 1         6M (1%)           19M (3%)           5 / 2              1 / 0              0 / 0        
[2026-04-03T01:56:13.367+0600][16.931s][info][gc,reloc    ] GC(27) y: Survivor 2         0M (0%)            5M (1%)           3 / 2              0 / 0              0 / 0        
[2026-04-03T01:56:13.367+0600][16.931s][info][gc,reloc    ] GC(27) y: Survivor 3         0M (0%)            5M (1%)           3 / 3              0 / 0              0 / 0        
[2026-04-03T01:56:13.367+0600][16.931s][info][gc,heap     ] GC(27) y: Min Capacity: 8M(1%)
[2026-04-03T01:56:13.367+0600][16.931s][info][gc,heap     ] GC(27) y: Max Capacity: 750M(100%)
[2026-04-03T01:56:13.367+0600][16.931s][info][gc,heap     ] GC(27) y: Soft Max Capacity: 750M(100%)
[2026-04-03T01:56:13.367+0600][16.931s][info][gc,heap     ] GC(27) y: Heap Statistics:
[2026-04-03T01:56:13.367+0600][16.931s][info][gc,heap     ] GC(27) y:                Mark Start          Mark End        Relocate Start      Relocate End           High               Low         
[2026-04-03T01:56:13.367+0600][16.931s][info][gc,heap     ] GC(27) y:  Capacity:      750M (100%)        750M (100%)        750M (100%)        750M (100%)        750M (100%)        750M (100%)   
[2026-04-03T01:56:13.367+0600][16.931s][info][gc,heap     ] GC(27) y:      Free:      262M (35%)         134M (18%)         158M (21%)         304M (41%)         312M (42%)         126M (17%)    
[2026-04-03T01:56:13.367+0600][16.931s][info][gc,heap     ] GC(27) y:      Used:      488M (65%)         616M (82%)         592M (79%)         446M (59%)         624M (83%)         438M (58%)    
[2026-04-03T01:56:13.367+0600][16.931s][info][gc,heap     ] GC(27) y: Young Generation Statistics:
[2026-04-03T01:56:13.367+0600][16.931s][info][gc,heap     ] GC(27) y:                Mark Start          Mark End        Relocate Start      Relocate End    
[2026-04-03T01:56:13.367+0600][16.931s][info][gc,heap     ] GC(27) y:      Used:      328M (44%)         456M (61%)         432M (58%)         282M (38%)    
[2026-04-03T01:56:13.367+0600][16.931s][info][gc,heap     ] GC(27) y:      Live:         -                30M (4%)           30M (4%)           29M (4%)     
[2026-04-03T01:56:13.367+0600][16.931s][info][gc,heap     ] GC(27) y:   Garbage:         -               297M (40%)         247M (33%)           0M (0%)     
[2026-04-03T01:56:13.367+0600][16.931s][info][gc,heap     ] GC(27) y: Allocated:         -               128M (17%)         154M (21%)         251M (34%)    
[2026-04-03T01:56:13.367+0600][16.931s][info][gc,heap     ] GC(27) y: Reclaimed:         -                  -                50M (7%)          297M (40%)    
[2026-04-03T01:56:13.367+0600][16.931s][info][gc,heap     ] GC(27) y:  Promoted:         -                  -                 0M (0%)            0M (0%)     
[2026-04-03T01:56:13.367+0600][16.931s][info][gc,heap     ] GC(27) y: Compacted:         -                  -                  -                20M (3%)     
[2026-04-03T01:56:13.367+0600][16.931s][info][gc,phases   ] GC(27) y: Young Generation 488M(65%)->446M(59%) 0.105s
[2026-04-03T01:56:13.367+0600][16.931s][info][gc          ] GC(27) Minor Collection (Allocation Rate) 488M(65%)->446M(59%) 0.106s
[2026-04-03T01:56:13.367+0600][16.931s][info][gc          ] GC(28) Minor Collection (Allocation Rate)
[2026-04-03T01:56:13.367+0600][16.931s][info][gc,task     ] GC(28) Using 3 Workers for Young Generation
[2026-04-03T01:56:13.367+0600][16.932s][info][gc,phases   ] GC(28) y: Young Generation
[2026-04-03T01:56:13.368+0600][16.932s][info][gc,phases   ] GC(28) y: Pause Mark Start 0.058ms
[2026-04-03T01:56:13.463+0600][17.027s][info][gc,phases   ] GC(28) y: Concurrent Mark 95.228ms
[2026-04-03T01:56:13.464+0600][17.028s][info][gc,phases   ] GC(28) y: Pause Mark End 0.086ms
[2026-04-03T01:56:13.464+0600][17.028s][info][gc,phases   ] GC(28) y: Concurrent Mark Free 0.002ms
[2026-04-03T01:56:13.464+0600][17.028s][info][gc,phases   ] GC(28) y: Concurrent Reset Relocation Set 0.016ms
[2026-04-03T01:56:13.466+0600][17.030s][info][gc,reloc    ] GC(28) y: Using tenuring threshold: 2 (Computed)
[2026-04-03T01:56:13.469+0600][17.033s][info][gc,phases   ] GC(28) y: Concurrent Select Relocation Set 5.502ms
[2026-04-03T01:56:13.470+0600][17.034s][info][gc,phases   ] GC(28) y: Pause Relocate Start 0.047ms
[2026-04-03T01:56:13.484+0600][17.048s][info][gc,phases   ] GC(28) y: Concurrent Relocate 14.569ms
[2026-04-03T01:56:13.484+0600][17.048s][info][gc,alloc    ] GC(28) y:                         Mark Start        Mark End      Relocate Start    Relocate End   
[2026-04-03T01:56:13.484+0600][17.048s][info][gc,alloc    ] GC(28) y: Allocation Stalls:          0                0                0                0         
[2026-04-03T01:56:13.484+0600][17.048s][info][gc,load     ] GC(28) y: Load: 4.20 (35%) / 6.61 (55%) / 7.08 (59%)
[2026-04-03T01:56:13.484+0600][17.048s][info][gc,mmu      ] GC(28) y: MMU: 2ms/95.1%, 5ms/98.0%, 10ms/98.7%, 20ms/99.3%, 50ms/99.6%, 100ms/99.7%
[2026-04-03T01:56:13.484+0600][17.048s][info][gc,marking  ] GC(28) y: Mark: 2 stripe(s), 10 proactive flush(es), 1 terminate flush(es), 0 completion(s), 0 continuation(s) 
[2026-04-03T01:56:13.484+0600][17.048s][info][gc,marking  ] GC(28) y: Mark Stack Usage: 32M
[2026-04-03T01:56:13.484+0600][17.049s][info][gc,nmethod  ] GC(28) y: NMethods: 4624 registered, 812 unregistered
[2026-04-03T01:56:13.484+0600][17.049s][info][gc,metaspace] GC(28) y: Metaspace: 62M used, 63M committed, 1088M reserved
[2026-04-03T01:56:13.484+0600][17.049s][info][gc,reloc    ] GC(28) y:                        Candidates     Selected     In-Place         Size        Empty    Relocated 
[2026-04-03T01:56:13.484+0600][17.049s][info][gc,reloc    ] GC(28) y: Small Pages:                  136           69            0         272M          94M           9M 
[2026-04-03T01:56:13.484+0600][17.049s][info][gc,reloc    ] GC(28) y: Medium Pages:                   0            0            0           0M           0M           0M 
[2026-04-03T01:56:13.484+0600][17.049s][info][gc,reloc    ] GC(28) y: Large Pages:                    2            0            0          10M           4M           0M 
[2026-04-03T01:56:13.484+0600][17.049s][info][gc,reloc    ] GC(28) y: Forwarding Usage: 8M
[2026-04-03T01:56:13.484+0600][17.049s][info][gc,reloc    ] GC(28) y: Age Table:
[2026-04-03T01:56:13.484+0600][17.049s][info][gc,reloc    ] GC(28) y:                    Live             Garbage             Small              Medium             Large        
[2026-04-03T01:56:13.484+0600][17.049s][info][gc,reloc    ] GC(28) y: Eden              15M (2%)          224M (30%)        117 / 64             0 / 0              1 / 0        
[2026-04-03T01:56:13.484+0600][17.049s][info][gc,reloc    ] GC(28) y: Survivor 1        18M (2%)            9M (1%)          12 / 3              0 / 0              1 / 0        
[2026-04-03T01:56:13.485+0600][17.049s][info][gc,reloc    ] GC(28) y: Survivor 2         6M (1%)            3M (0%)           5 / 1              0 / 0              0 / 0        
[2026-04-03T01:56:13.485+0600][17.049s][info][gc,reloc    ] GC(28) y: Survivor 3         0M (0%)            3M (0%)           2 / 1              0 / 0              0 / 0        
[2026-04-03T01:56:13.485+0600][17.049s][info][gc,heap     ] GC(28) y: Min Capacity: 8M(1%)
[2026-04-03T01:56:13.485+0600][17.049s][info][gc,heap     ] GC(28) y: Max Capacity: 750M(100%)
[2026-04-03T01:56:13.485+0600][17.049s][info][gc,heap     ] GC(28) y: Soft Max Capacity: 750M(100%)
[2026-04-03T01:56:13.485+0600][17.049s][info][gc,heap     ] GC(28) y: Heap Statistics:
[2026-04-03T01:56:13.485+0600][17.049s][info][gc,heap     ] GC(28) y:                Mark Start          Mark End        Relocate Start      Relocate End           High               Low         
[2026-04-03T01:56:13.485+0600][17.049s][info][gc,heap     ] GC(28) y:  Capacity:      750M (100%)        750M (100%)        750M (100%)        750M (100%)        750M (100%)        750M (100%)   
[2026-04-03T01:56:13.485+0600][17.049s][info][gc,heap     ] GC(28) y:      Free:      304M (41%)          80M (11%)         162M (22%)         256M (34%)         304M (41%)          74M (10%)    
[2026-04-03T01:56:13.485+0600][17.049s][info][gc,heap     ] GC(28) y:      Used:      446M (59%)         670M (89%)         588M (78%)         494M (66%)         676M (90%)         446M (59%)    
[2026-04-03T01:56:13.485+0600][17.049s][info][gc,heap     ] GC(28) y: Young Generation Statistics:
[2026-04-03T01:56:13.485+0600][17.049s][info][gc,heap     ] GC(28) y:                Mark Start          Mark End        Relocate Start      Relocate End    
[2026-04-03T01:56:13.485+0600][17.049s][info][gc,heap     ] GC(28) y:      Used:      282M (38%)         506M (67%)         414M (55%)         316M (42%)    
[2026-04-03T01:56:13.485+0600][17.049s][info][gc,heap     ] GC(28) y:      Live:         -                41M (6%)           34M (5%)           34M (5%)     
[2026-04-03T01:56:13.485+0600][17.049s][info][gc,heap     ] GC(28) y:   Garbage:         -               240M (32%)         139M (19%)           0M (0%)     
[2026-04-03T01:56:13.485+0600][17.049s][info][gc,heap     ] GC(28) y: Allocated:         -               224M (30%)         240M (32%)         281M (38%)    
[2026-04-03T01:56:13.485+0600][17.049s][info][gc,heap     ] GC(28) y: Reclaimed:         -                  -               100M (13%)         240M (32%)    
[2026-04-03T01:56:13.485+0600][17.049s][info][gc,heap     ] GC(28) y:  Promoted:         -                  -                 7M (1%)            7M (1%)     
[2026-04-03T01:56:13.485+0600][17.049s][info][gc,heap     ] GC(28) y: Compacted:         -                  -                  -                10M (1%)     
[2026-04-03T01:56:13.485+0600][17.049s][info][gc,phases   ] GC(28) y: Young Generation 446M(59%)->494M(66%) 0.117s
[2026-04-03T01:56:13.485+0600][17.049s][info][gc          ] GC(28) Minor Collection (Allocation Rate) 446M(59%)->494M(66%) 0.117s
[2026-04-03T01:56:13.485+0600][17.049s][info][gc          ] GC(29) Major Collection (Allocation Rate)
[2026-04-03T01:56:13.485+0600][17.049s][info][gc,task     ] GC(29) Using 3 Workers for Young Generation
[2026-04-03T01:56:13.485+0600][17.049s][info][gc,task     ] GC(29) Using 1 Workers for Old Generation
[2026-04-03T01:56:13.485+0600][17.049s][info][gc,phases   ] GC(29) Y: Young Generation
[2026-04-03T01:56:13.485+0600][17.049s][info][gc,phases   ] GC(29) Y: Pause Mark Start (Major) 0.029ms
[2026-04-03T01:56:13.557+0600][17.122s][info][gc,phases   ] GC(29) Y: Concurrent Mark 72.009ms
[2026-04-03T01:56:13.558+0600][17.122s][info][gc,phases   ] GC(29) Y: Pause Mark End 0.026ms
[2026-04-03T01:56:13.558+0600][17.122s][info][gc,phases   ] GC(29) Y: Concurrent Mark Free 0.001ms
[2026-04-03T01:56:13.558+0600][17.122s][info][gc,phases   ] GC(29) Y: Concurrent Reset Relocation Set 0.032ms
[2026-04-03T01:56:13.560+0600][17.124s][info][gc,reloc    ] GC(29) Y: Using tenuring threshold: 1 (Computed)
[2026-04-03T01:56:13.571+0600][17.135s][info][gc,phases   ] GC(29) Y: Concurrent Select Relocation Set 13.497ms
[2026-04-03T01:56:13.572+0600][17.136s][info][gc,phases   ] GC(29) Y: Pause Relocate Start 0.023ms
[2026-04-03T01:56:13.618+0600][17.182s][info][gc,phases   ] GC(29) Y: Concurrent Relocate 45.839ms
[2026-04-03T01:56:13.618+0600][17.182s][info][gc,alloc    ] GC(29) Y:                         Mark Start        Mark End      Relocate Start    Relocate End   
[2026-04-03T01:56:13.618+0600][17.182s][info][gc,alloc    ] GC(29) Y: Allocation Stalls:          0                0                0                0         
[2026-04-03T01:56:13.618+0600][17.182s][info][gc,load     ] GC(29) Y: Load: 4.20 (35%) / 6.61 (55%) / 7.08 (59%)
[2026-04-03T01:56:13.618+0600][17.182s][info][gc,mmu      ] GC(29) Y: MMU: 2ms/95.1%, 5ms/98.0%, 10ms/98.7%, 20ms/99.3%, 50ms/99.6%, 100ms/99.7%
[2026-04-03T01:56:13.618+0600][17.182s][info][gc,marking  ] GC(29) Y: Mark: 2 stripe(s), 10 proactive flush(es), 1 terminate flush(es), 0 completion(s), 0 continuation(s) 
[2026-04-03T01:56:13.618+0600][17.182s][info][gc,marking  ] GC(29) Y: Mark Stack Usage: 32M
[2026-04-03T01:56:13.618+0600][17.182s][info][gc,nmethod  ] GC(29) Y: NMethods: 4641 registered, 812 unregistered
[2026-04-03T01:56:13.618+0600][17.182s][info][gc,metaspace] GC(29) Y: Metaspace: 62M used, 63M committed, 1088M reserved
[2026-04-03T01:56:13.618+0600][17.182s][info][gc,reloc    ] GC(29) Y:                        Candidates     Selected     In-Place         Size        Empty    Relocated 
[2026-04-03T01:56:13.618+0600][17.182s][info][gc,reloc    ] GC(29) Y: Small Pages:                  156           83            0         312M         102M          12M 
[2026-04-03T01:56:13.618+0600][17.182s][info][gc,reloc    ] GC(29) Y: Medium Pages:                   0            0            0           0M           0M           0M 
[2026-04-03T01:56:13.618+0600][17.182s][info][gc,reloc    ] GC(29) Y: Large Pages:                    1            0            0           6M           0M           0M 
[2026-04-03T01:56:13.618+0600][17.182s][info][gc,reloc    ] GC(29) Y: Forwarding Usage: 10M
[2026-04-03T01:56:13.618+0600][17.182s][info][gc,reloc    ] GC(29) Y: Age Table:
[2026-04-03T01:56:13.618+0600][17.182s][info][gc,reloc    ] GC(29) Y:                    Live             Garbage             Small              Medium             Large        
[2026-04-03T01:56:13.618+0600][17.182s][info][gc,reloc    ] GC(29) Y: Eden              12M (2%)          265M (35%)        139 / 80             0 / 0              0 / 0        
[2026-04-03T01:56:13.618+0600][17.182s][info][gc,reloc    ] GC(29) Y: Survivor 1        15M (2%)            2M (0%)           6 / 1              0 / 0              1 / 0        
[2026-04-03T01:56:13.618+0600][17.182s][info][gc,reloc    ] GC(29) Y: Survivor 2        18M (2%)            3M (1%)          11 / 2              0 / 0              0 / 0        
[2026-04-03T01:56:13.618+0600][17.182s][info][gc,heap     ] GC(29) Y: Min Capacity: 8M(1%)
[2026-04-03T01:56:13.618+0600][17.182s][info][gc,heap     ] GC(29) Y: Max Capacity: 750M(100%)
[2026-04-03T01:56:13.618+0600][17.182s][info][gc,heap     ] GC(29) Y: Soft Max Capacity: 750M(100%)
[2026-04-03T01:56:13.618+0600][17.182s][info][gc,heap     ] GC(29) Y: Heap Statistics:
[2026-04-03T01:56:13.618+0600][17.182s][info][gc,heap     ] GC(29) Y:                Mark Start          Mark End        Relocate Start      Relocate End           High               Low         
[2026-04-03T01:56:13.618+0600][17.182s][info][gc,heap     ] GC(29) Y:  Capacity:      750M (100%)        750M (100%)        750M (100%)        750M (100%)        750M (100%)        750M (100%)   
[2026-04-03T01:56:13.618+0600][17.182s][info][gc,heap     ] GC(29) Y:      Free:      254M (34%)          74M (10%)         144M (19%)         184M (25%)         270M (36%)          68M (9%)     
[2026-04-03T01:56:13.618+0600][17.182s][info][gc,heap     ] GC(29) Y:      Used:      496M (66%)         676M (90%)         606M (81%)         566M (75%)         682M (91%)         480M (64%)    
[2026-04-03T01:56:13.618+0600][17.182s][info][gc,heap     ] GC(29) Y: Young Generation Statistics:
[2026-04-03T01:56:13.618+0600][17.182s][info][gc,heap     ] GC(29) Y:                Mark Start          Mark End        Relocate Start      Relocate End    
[2026-04-03T01:56:13.618+0600][17.182s][info][gc,heap     ] GC(29) Y:      Used:      318M (42%)         498M (66%)         394M (53%)         348M (46%)    
[2026-04-03T01:56:13.618+0600][17.182s][info][gc,heap     ] GC(29) Y:      Live:         -                47M (6%)           13M (2%)           12M (2%)     
[2026-04-03T01:56:13.618+0600][17.182s][info][gc,heap     ] GC(29) Y:   Garbage:         -               270M (36%)         168M (22%)           0M (0%)     
[2026-04-03T01:56:13.618+0600][17.182s][info][gc,heap     ] GC(29) Y: Allocated:         -               180M (24%)         212M (28%)         335M (45%)    
[2026-04-03T01:56:13.618+0600][17.182s][info][gc,heap     ] GC(29) Y: Reclaimed:         -                  -               102M (14%)         270M (36%)    
[2026-04-03T01:56:13.618+0600][17.182s][info][gc,heap     ] GC(29) Y:  Promoted:         -                  -                33M (4%)           34M (5%)     
[2026-04-03T01:56:13.618+0600][17.182s][info][gc,heap     ] GC(29) Y: Compacted:         -                  -                  -                12M (2%)     
[2026-04-03T01:56:13.618+0600][17.182s][info][gc,phases   ] GC(29) Y: Young Generation 496M(66%)->566M(75%) 0.133s
[2026-04-03T01:56:13.618+0600][17.182s][info][gc,phases   ] GC(29) O: Old Generation
[2026-04-03T01:56:13.620+0600][17.184s][info][gc          ] GC(30) Minor Collection (Allocation Rate)
[2026-04-03T01:56:13.620+0600][17.184s][info][gc,task     ] GC(30) Using 2 Workers for Young Generation
[2026-04-03T01:56:13.620+0600][17.184s][info][gc,phases   ] GC(30) y: Young Generation
[2026-04-03T01:56:13.620+0600][17.184s][info][gc,phases   ] GC(30) y: Pause Mark Start 0.022ms
[2026-04-03T01:56:13.701+0600][17.265s][info][gc,phases   ] GC(30) y: Concurrent Mark 80.777ms
[2026-04-03T01:56:13.701+0600][17.266s][info][gc,phases   ] GC(30) y: Pause Mark End 0.027ms
[2026-04-03T01:56:13.702+0600][17.266s][info][gc,phases   ] GC(30) y: Concurrent Mark Free 0.002ms
[2026-04-03T01:56:13.702+0600][17.266s][info][gc,phases   ] GC(30) y: Concurrent Reset Relocation Set 0.067ms
[2026-04-03T01:56:13.704+0600][17.268s][info][gc          ] Allocation Stall (Executor task launch worker for task 1.0 in stage 1.0 (TID 2)) 3.274ms
[2026-04-03T01:56:13.704+0600][17.268s][info][gc          ] Allocation Stall (Executor task launch worker for task 0.0 in stage 1.0 (TID 1)) 3.041ms
[2026-04-03T01:56:13.704+0600][17.268s][info][gc,reloc    ] GC(30) y: Using tenuring threshold: 2 (Computed)
[2026-04-03T01:56:13.706+0600][17.271s][info][gc,phases   ] GC(30) y: Concurrent Select Relocation Set 4.736ms
[2026-04-03T01:56:13.707+0600][17.271s][info][gc,phases   ] GC(30) y: Pause Relocate Start 0.021ms
[2026-04-03T01:56:13.737+0600][17.301s][info][gc,phases   ] GC(30) y: Concurrent Relocate 30.017ms
[2026-04-03T01:56:13.737+0600][17.301s][info][gc,alloc    ] GC(30) y:                         Mark Start        Mark End      Relocate Start    Relocate End   
[2026-04-03T01:56:13.737+0600][17.301s][info][gc,alloc    ] GC(30) y: Allocation Stalls:          0                2                0                0         
[2026-04-03T01:56:13.737+0600][17.301s][info][gc,load     ] GC(30) y: Load: 4.20 (35%) / 6.61 (55%) / 7.08 (59%)
[2026-04-03T01:56:13.737+0600][17.301s][info][gc,mmu      ] GC(30) y: MMU: 2ms/95.1%, 5ms/98.0%, 10ms/98.7%, 20ms/99.3%, 50ms/99.6%, 100ms/99.7%
[2026-04-03T01:56:13.737+0600][17.301s][info][gc,marking  ] GC(30) y: Mark: 2 stripe(s), 2 proactive flush(es), 1 terminate flush(es), 0 completion(s), 0 continuation(s) 
[2026-04-03T01:56:13.737+0600][17.301s][info][gc,marking  ] GC(30) y: Mark Stack Usage: 32M
[2026-04-03T01:56:13.737+0600][17.301s][info][gc,nmethod  ] GC(30) y: NMethods: 4641 registered, 812 unregistered
[2026-04-03T01:56:13.737+0600][17.301s][info][gc,metaspace] GC(30) y: Metaspace: 62M used, 63M committed, 1088M reserved
[2026-04-03T01:56:13.737+0600][17.301s][info][gc,reloc    ] GC(30) y:                        Candidates     Selected     In-Place         Size        Empty    Relocated 
[2026-04-03T01:56:13.737+0600][17.301s][info][gc,reloc    ] GC(30) y: Small Pages:                  172           94            0         344M         126M          14M 
[2026-04-03T01:56:13.737+0600][17.301s][info][gc,reloc    ] GC(30) y: Medium Pages:                   0            0            0           0M           0M           0M 
[2026-04-03T01:56:13.737+0600][17.301s][info][gc,reloc    ] GC(30) y: Large Pages:                    1            0            0          10M           0M           0M 
[2026-04-03T01:56:13.737+0600][17.301s][info][gc,reloc    ] GC(30) y: Forwarding Usage: 11M
[2026-04-03T01:56:13.737+0600][17.301s][info][gc,reloc    ] GC(30) y: Age Table:
[2026-04-03T01:56:13.737+0600][17.301s][info][gc,reloc    ] GC(30) y:                    Live             Garbage             Small              Medium             Large        
[2026-04-03T01:56:13.737+0600][17.301s][info][gc,reloc    ] GC(30) y: Eden              24M (3%)          311M (42%)        163 / 91             0 / 0              1 / 0        
[2026-04-03T01:56:13.737+0600][17.301s][info][gc,reloc    ] GC(30) y: Survivor 1        12M (2%)            5M (1%)           9 / 3              0 / 0              0 / 0        
[2026-04-03T01:56:13.737+0600][17.301s][info][gc,heap     ] GC(30) y: Min Capacity: 8M(1%)
[2026-04-03T01:56:13.737+0600][17.301s][info][gc,heap     ] GC(30) y: Max Capacity: 750M(100%)
[2026-04-03T01:56:13.737+0600][17.301s][info][gc,heap     ] GC(30) y: Soft Max Capacity: 750M(100%)
[2026-04-03T01:56:13.737+0600][17.301s][info][gc,heap     ] GC(30) y: Heap Statistics:
[2026-04-03T01:56:13.737+0600][17.301s][info][gc,heap     ] GC(30) y:                Mark Start          Mark End        Relocate Start      Relocate End           High               Low         
[2026-04-03T01:56:13.737+0600][17.301s][info][gc,heap     ] GC(30) y:  Capacity:      750M (100%)        750M (100%)        750M (100%)        750M (100%)        750M (100%)        750M (100%)   
[2026-04-03T01:56:13.737+0600][17.301s][info][gc,heap     ] GC(30) y:      Free:      178M (24%)           0M (0%)          116M (15%)         230M (31%)         236M (31%)           0M (0%)     
[2026-04-03T01:56:13.737+0600][17.301s][info][gc,heap     ] GC(30) y:      Used:      572M (76%)         750M (100%)        634M (85%)         520M (69%)         750M (100%)        514M (69%)    
[2026-04-03T01:56:13.737+0600][17.301s][info][gc,heap     ] GC(30) y: Young Generation Statistics:
[2026-04-03T01:56:13.737+0600][17.301s][info][gc,heap     ] GC(30) y:                Mark Start          Mark End        Relocate Start      Relocate End    
[2026-04-03T01:56:13.737+0600][17.302s][info][gc,heap     ] GC(30) y:      Used:      354M (47%)         532M (71%)         416M (55%)         302M (40%)    
[2026-04-03T01:56:13.737+0600][17.302s][info][gc,heap     ] GC(30) y:      Live:         -                37M (5%)           37M (5%)           37M (5%)     
[2026-04-03T01:56:13.737+0600][17.302s][info][gc,heap     ] GC(30) y:   Garbage:         -               316M (42%)         190M (25%)           0M (0%)     
[2026-04-03T01:56:13.737+0600][17.302s][info][gc,heap     ] GC(30) y: Allocated:         -               178M (24%)         188M (25%)         264M (35%)    
[2026-04-03T01:56:13.737+0600][17.302s][info][gc,heap     ] GC(30) y: Reclaimed:         -                  -               126M (17%)         316M (42%)    
[2026-04-03T01:56:13.737+0600][17.302s][info][gc,heap     ] GC(30) y:  Promoted:         -                  -                 0M (0%)            0M (0%)     
[2026-04-03T01:56:13.737+0600][17.302s][info][gc,heap     ] GC(30) y: Compacted:         -                  -                  -                15M (2%)     
[2026-04-03T01:56:13.737+0600][17.302s][info][gc,phases   ] GC(30) y: Young Generation 572M(76%)->520M(69%) 0.117s
[2026-04-03T01:56:13.738+0600][17.302s][info][gc          ] GC(30) Minor Collection (Allocation Rate) 572M(76%)->520M(69%) 0.118s
[2026-04-03T01:56:13.738+0600][17.302s][info][gc          ] GC(31) Minor Collection (Allocation Rate)
[2026-04-03T01:56:13.738+0600][17.302s][info][gc,task     ] GC(31) Using 2 Workers for Young Generation
[2026-04-03T01:56:13.738+0600][17.302s][info][gc,phases   ] GC(31) y: Young Generation
[2026-04-03T01:56:13.738+0600][17.302s][info][gc,phases   ] GC(31) y: Pause Mark Start 0.028ms
[2026-04-03T01:56:13.857+0600][17.422s][info][gc,phases   ] GC(31) y: Concurrent Mark 119.252ms
[2026-04-03T01:56:13.858+0600][17.422s][info][gc,phases   ] GC(31) y: Pause Mark End 0.024ms
[2026-04-03T01:56:13.858+0600][17.422s][info][gc,phases   ] GC(31) y: Concurrent Mark Free 0.002ms
[2026-04-03T01:56:13.858+0600][17.422s][info][gc,phases   ] GC(31) y: Concurrent Reset Relocation Set 0.021ms
[2026-04-03T01:56:13.864+0600][17.428s][info][gc,reloc    ] GC(31) y: Using tenuring threshold: 1 (Computed)
[2026-04-03T01:56:13.884+0600][17.448s][info][gc,phases   ] GC(31) y: Concurrent Select Relocation Set 25.839ms
[2026-04-03T01:56:13.884+0600][17.448s][info][gc,phases   ] GC(31) y: Pause Relocate Start 0.052ms
[2026-04-03T01:56:13.942+0600][17.506s][info][gc,phases   ] GC(29) O: Concurrent Mark 323.536ms
[2026-04-03T01:56:13.956+0600][17.520s][info][gc,phases   ] GC(29) O: Pause Mark End 0.020ms
[2026-04-03T01:56:13.957+0600][17.521s][info][gc,phases   ] GC(29) O: Concurrent Mark Free 0.001ms
[2026-04-03T01:56:13.957+0600][17.521s][info][gc,phases   ] GC(31) y: Concurrent Relocate 72.329ms
[2026-04-03T01:56:13.957+0600][17.521s][info][gc,alloc    ] GC(31) y:                         Mark Start        Mark End      Relocate Start    Relocate End   
[2026-04-03T01:56:13.957+0600][17.521s][info][gc,alloc    ] GC(31) y: Allocation Stalls:          0                0                0                0         
[2026-04-03T01:56:13.957+0600][17.521s][info][gc,load     ] GC(31) y: Load: 4.20 (35%) / 6.61 (55%) / 7.08 (59%)
[2026-04-03T01:56:13.957+0600][17.521s][info][gc,mmu      ] GC(31) y: MMU: 2ms/95.1%, 5ms/98.0%, 10ms/98.7%, 20ms/99.3%, 50ms/99.6%, 100ms/99.7%
[2026-04-03T01:56:13.957+0600][17.521s][info][gc,marking  ] GC(31) y: Mark: 2 stripe(s), 2 proactive flush(es), 1 terminate flush(es), 0 completion(s), 0 continuation(s) 
[2026-04-03T01:56:13.957+0600][17.521s][info][gc,marking  ] GC(31) y: Mark Stack Usage: 32M
[2026-04-03T01:56:13.957+0600][17.521s][info][gc,nmethod  ] GC(31) y: NMethods: 4679 registered, 812 unregistered
[2026-04-03T01:56:13.957+0600][17.521s][info][gc,metaspace] GC(31) y: Metaspace: 62M used, 63M committed, 1088M reserved
[2026-04-03T01:56:13.957+0600][17.521s][info][gc,reloc    ] GC(31) y:                        Candidates     Selected     In-Place         Size        Empty    Relocated 
[2026-04-03T01:56:13.957+0600][17.521s][info][gc,reloc    ] GC(31) y: Small Pages:                  146           75            0         292M         100M          12M 
[2026-04-03T01:56:13.957+0600][17.521s][info][gc,reloc    ] GC(31) y: Medium Pages:                   0            0            0           0M           0M           0M 
[2026-04-03T01:56:13.957+0600][17.521s][info][gc,reloc    ] GC(31) y: Large Pages:                    1            0            0          10M           0M           0M 
[2026-04-03T01:56:13.957+0600][17.521s][info][gc,reloc    ] GC(31) y: Forwarding Usage: 10M
[2026-04-03T01:56:13.957+0600][17.521s][info][gc,reloc    ] GC(31) y: Age Table:
[2026-04-03T01:56:13.957+0600][17.521s][info][gc,reloc    ] GC(31) y:                    Live             Garbage             Small              Medium             Large        
[2026-04-03T01:56:13.957+0600][17.521s][info][gc,reloc    ] GC(31) y: Eden              11M (2%)          246M (33%)        129 / 72             0 / 0              0 / 0        
[2026-04-03T01:56:13.957+0600][17.521s][info][gc,reloc    ] GC(31) y: Survivor 1        24M (3%)            3M (1%)           9 / 2              0 / 0              1 / 0        
[2026-04-03T01:56:13.957+0600][17.521s][info][gc,reloc    ] GC(31) y: Survivor 2        12M (2%)            3M (0%)           8 / 1              0 / 0              0 / 0        
[2026-04-03T01:56:13.957+0600][17.521s][info][gc,heap     ] GC(31) y: Min Capacity: 8M(1%)
[2026-04-03T01:56:13.957+0600][17.521s][info][gc,heap     ] GC(31) y: Max Capacity: 750M(100%)
[2026-04-03T01:56:13.957+0600][17.521s][info][gc,heap     ] GC(31) y: Soft Max Capacity: 750M(100%)
[2026-04-03T01:56:13.957+0600][17.521s][info][gc,heap     ] GC(31) y: Heap Statistics:
[2026-04-03T01:56:13.957+0600][17.521s][info][gc,heap     ] GC(31) y:                Mark Start          Mark End        Relocate Start      Relocate End           High               Low         
[2026-04-03T01:56:13.957+0600][17.521s][info][gc,heap     ] GC(31) y:  Capacity:      750M (100%)        750M (100%)        750M (100%)        750M (100%)        750M (100%)        750M (100%)   
[2026-04-03T01:56:13.957+0600][17.521s][info][gc,heap     ] GC(31) y:      Free:      230M (31%)          60M (8%)          136M (18%)         170M (23%)         252M (34%)          58M (8%)     
[2026-04-03T01:56:13.957+0600][17.521s][info][gc,heap     ] GC(31) y:      Used:      520M (69%)         690M (92%)         614M (82%)         580M (77%)         692M (92%)         498M (66%)    
[2026-04-03T01:56:13.957+0600][17.521s][info][gc,heap     ] GC(31) y: Young Generation Statistics:
[2026-04-03T01:56:13.957+0600][17.521s][info][gc,heap     ] GC(31) y:                Mark Start          Mark End        Relocate Start      Relocate End    
[2026-04-03T01:56:13.957+0600][17.521s][info][gc,heap     ] GC(31) y:      Used:      302M (40%)         472M (63%)         362M (48%)         322M (43%)    
[2026-04-03T01:56:13.957+0600][17.521s][info][gc,heap     ] GC(31) y:      Live:         -                48M (6%)           15M (2%)           11M (2%)     
[2026-04-03T01:56:13.957+0600][17.521s][info][gc,heap     ] GC(31) y:   Garbage:         -               253M (34%)         152M (20%)           0M (0%)     
[2026-04-03T01:56:13.957+0600][17.521s][info][gc,heap     ] GC(31) y: Allocated:         -               170M (23%)         194M (26%)         310M (41%)    
[2026-04-03T01:56:13.957+0600][17.521s][info][gc,heap     ] GC(31) y: Reclaimed:         -                  -               100M (13%)         253M (34%)    
[2026-04-03T01:56:13.957+0600][17.521s][info][gc,heap     ] GC(31) y:  Promoted:         -                  -                33M (4%)           37M (5%)     
[2026-04-03T01:56:13.957+0600][17.521s][info][gc,heap     ] GC(31) y: Compacted:         -                  -                  -                11M (2%)     
[2026-04-03T01:56:13.957+0600][17.521s][info][gc,phases   ] GC(31) y: Young Generation 520M(69%)->580M(77%) 0.219s
[2026-04-03T01:56:13.957+0600][17.521s][info][gc          ] GC(31) Minor Collection (Allocation Rate) 520M(69%)->580M(77%) 0.219s
[2026-04-03T01:56:13.957+0600][17.521s][info][gc          ] GC(32) Minor Collection (Allocation Rate)
[2026-04-03T01:56:13.957+0600][17.521s][info][gc,task     ] GC(32) Using 2 Workers for Young Generation
[2026-04-03T01:56:13.957+0600][17.521s][info][gc,phases   ] GC(32) y: Young Generation
[2026-04-03T01:56:13.957+0600][17.521s][info][gc,phases   ] GC(32) y: Pause Mark Start 0.011ms
[2026-04-03T01:56:13.985+0600][17.549s][info][gc,phases   ] GC(29) O: Concurrent Process Non-Strong 28.221ms
[2026-04-03T01:56:13.985+0600][17.549s][info][gc,phases   ] GC(29) O: Concurrent Reset Relocation Set 0.004ms
[2026-04-03T01:56:13.990+0600][17.554s][info][gc,phases   ] GC(29) O: Concurrent Select Relocation Set 5.228ms
[2026-04-03T01:56:14.017+0600][17.582s][info][gc,phases   ] GC(32) y: Concurrent Mark 59.968ms
[2026-04-03T01:56:14.018+0600][17.582s][info][gc,phases   ] GC(32) y: Pause Mark End 0.019ms
[2026-04-03T01:56:14.018+0600][17.582s][info][gc,phases   ] GC(32) y: Concurrent Mark Free 0.001ms
[2026-04-03T01:56:14.018+0600][17.582s][info][gc,phases   ] GC(32) y: Concurrent Reset Relocation Set 0.059ms
[2026-04-03T01:56:14.022+0600][17.586s][info][gc,reloc    ] GC(32) y: Using tenuring threshold: 2 (Computed)
[2026-04-03T01:56:14.024+0600][17.588s][info][gc,phases   ] GC(32) y: Concurrent Select Relocation Set 5.920ms
[2026-04-03T01:56:14.024+0600][17.588s][info][gc,phases   ] GC(32) y: Pause Relocate Start 0.012ms
[2026-04-03T01:56:14.030+0600][17.594s][info][gc,phases   ] GC(32) y: Concurrent Relocate 6.448ms
[2026-04-03T01:56:14.030+0600][17.594s][info][gc,alloc    ] GC(32) y:                         Mark Start        Mark End      Relocate Start    Relocate End   
[2026-04-03T01:56:14.030+0600][17.594s][info][gc,alloc    ] GC(32) y: Allocation Stalls:          0                0                0                0         
[2026-04-03T01:56:14.030+0600][17.595s][info][gc,load     ] GC(32) y: Load: 4.20 (35%) / 6.61 (55%) / 7.08 (59%)
[2026-04-03T01:56:14.030+0600][17.595s][info][gc,mmu      ] GC(32) y: MMU: 2ms/95.1%, 5ms/98.0%, 10ms/98.7%, 20ms/99.3%, 50ms/99.6%, 100ms/99.7%
[2026-04-03T01:56:14.030+0600][17.595s][info][gc,marking  ] GC(32) y: Mark: 2 stripe(s), 3 proactive flush(es), 1 terminate flush(es), 0 completion(s), 0 continuation(s) 
[2026-04-03T01:56:14.030+0600][17.595s][info][gc,marking  ] GC(32) y: Mark Stack Usage: 32M
[2026-04-03T01:56:14.030+0600][17.595s][info][gc,nmethod  ] GC(32) y: NMethods: 4583 registered, 908 unregistered
[2026-04-03T01:56:14.030+0600][17.595s][info][gc,metaspace] GC(32) y: Metaspace: 62M used, 63M committed, 1088M reserved
[2026-04-03T01:56:14.030+0600][17.595s][info][gc,reloc    ] GC(32) y:                        Candidates     Selected     In-Place         Size        Empty    Relocated 
[2026-04-03T01:56:14.030+0600][17.595s][info][gc,reloc    ] GC(32) y: Small Pages:                  158           39            0         316M         220M           4M 
[2026-04-03T01:56:14.030+0600][17.595s][info][gc,reloc    ] GC(32) y: Medium Pages:                   0            0            0           0M           0M           0M 
[2026-04-03T01:56:14.030+0600][17.595s][info][gc,reloc    ] GC(32) y: Large Pages:                    1            0            0           6M           0M           0M 
[2026-04-03T01:56:14.030+0600][17.595s][info][gc,reloc    ] GC(32) y: Forwarding Usage: 3M
[2026-04-03T01:56:14.031+0600][17.595s][info][gc,reloc    ] GC(32) y: Age Table:
[2026-04-03T01:56:14.031+0600][17.595s][info][gc,reloc    ] GC(32) y:                    Live             Garbage             Small              Medium             Large        
[2026-04-03T01:56:14.031+0600][17.595s][info][gc,reloc    ] GC(32) y: Eden              10M (1%)          299M (40%)        152 / 39             0 / 0              1 / 0        
[2026-04-03T01:56:14.031+0600][17.595s][info][gc,reloc    ] GC(32) y: Survivor 1        11M (2%)            0M (0%)           6 / 0              0 / 0              0 / 0        
[2026-04-03T01:56:14.031+0600][17.595s][info][gc,heap     ] GC(32) y: Min Capacity: 8M(1%)
[2026-04-03T01:56:14.031+0600][17.595s][info][gc,heap     ] GC(32) y: Max Capacity: 750M(100%)
[2026-04-03T01:56:14.031+0600][17.595s][info][gc,heap     ] GC(32) y: Soft Max Capacity: 750M(100%)
[2026-04-03T01:56:14.031+0600][17.595s][info][gc,heap     ] GC(32) y: Heap Statistics:
[2026-04-03T01:56:14.031+0600][17.595s][info][gc,heap     ] GC(32) y:                Mark Start          Mark End        Relocate Start      Relocate End           High               Low         
[2026-04-03T01:56:14.031+0600][17.595s][info][gc,heap     ] GC(32) y:  Capacity:      750M (100%)        750M (100%)        750M (100%)        750M (100%)        750M (100%)        750M (100%)   
[2026-04-03T01:56:14.031+0600][17.595s][info][gc,heap     ] GC(32) y:      Free:      170M (23%)          64M (9%)          274M (37%)         334M (45%)         334M (45%)          64M (9%)     
[2026-04-03T01:56:14.031+0600][17.595s][info][gc,heap     ] GC(32) y:      Used:      580M (77%)         686M (91%)         476M (63%)         416M (55%)         686M (91%)         416M (55%)    
[2026-04-03T01:56:14.031+0600][17.595s][info][gc,heap     ] GC(32) y: Young Generation Statistics:
[2026-04-03T01:56:14.031+0600][17.595s][info][gc,heap     ] GC(32) y:                Mark Start          Mark End        Relocate Start      Relocate End    
[2026-04-03T01:56:14.031+0600][17.595s][info][gc,heap     ] GC(32) y:      Used:      322M (43%)         428M (57%)         218M (29%)         158M (21%)    
[2026-04-03T01:56:14.031+0600][17.595s][info][gc,heap     ] GC(32) y:      Live:         -                22M (3%)           22M (3%)           22M (3%)     
[2026-04-03T01:56:14.031+0600][17.595s][info][gc,heap     ] GC(32) y:   Garbage:         -               299M (40%)          79M (11%)           0M (0%)     
[2026-04-03T01:56:14.031+0600][17.595s][info][gc,heap     ] GC(32) y: Allocated:         -               106M (14%)         116M (15%)         135M (18%)    
[2026-04-03T01:56:14.031+0600][17.595s][info][gc,heap     ] GC(32) y: Reclaimed:         -                  -               220M (29%)         299M (40%)    
[2026-04-03T01:56:14.031+0600][17.595s][info][gc,heap     ] GC(32) y:  Promoted:         -                  -                 0M (0%)            0M (0%)     
[2026-04-03T01:56:14.031+0600][17.595s][info][gc,heap     ] GC(32) y: Compacted:         -                  -                  -                 4M (1%)     
[2026-04-03T01:56:14.031+0600][17.595s][info][gc,phases   ] GC(32) y: Young Generation 580M(77%)->416M(55%) 0.073s
[2026-04-03T01:56:14.031+0600][17.595s][info][gc          ] GC(32) Minor Collection (Allocation Rate) 580M(77%)->416M(55%) 0.074s
[2026-04-03T01:56:14.031+0600][17.595s][info][gc,task     ] GC(29) O: Using 3 Workers for Old Generation
[2026-04-03T01:56:14.051+0600][17.615s][info][gc,task     ] GC(29) O: Using 1 Workers for Old Generation
[2026-04-03T01:56:14.051+0600][17.615s][info][gc,phases   ] GC(29) O: Concurrent Remap Roots 20.294ms
[2026-04-03T01:56:14.051+0600][17.615s][info][gc,phases   ] GC(29) O: Pause Relocate Start 0.019ms
[2026-04-03T01:56:14.052+0600][17.616s][info][gc          ] GC(33) Minor Collection (Allocation Rate)
[2026-04-03T01:56:14.052+0600][17.616s][info][gc,task     ] GC(33) Using 2 Workers for Young Generation
[2026-04-03T01:56:14.052+0600][17.616s][info][gc,phases   ] GC(33) y: Young Generation
[2026-04-03T01:56:14.052+0600][17.616s][info][gc,phases   ] GC(33) y: Pause Mark Start 0.011ms
[2026-04-03T01:56:14.065+0600][17.630s][info][gc,phases   ] GC(29) O: Concurrent Relocate 14.009ms
[2026-04-03T01:56:14.069+0600][17.633s][info][gc,task     ] Adjusting Workers for Young Generation: 2 -> 3
[2026-04-03T01:56:14.100+0600][17.664s][info][gc,phases   ] GC(33) y: Concurrent Mark 48.348ms
[2026-04-03T01:56:14.100+0600][17.665s][info][gc,phases   ] GC(33) y: Pause Mark End 0.020ms
[2026-04-03T01:56:14.101+0600][17.665s][info][gc,phases   ] GC(33) y: Concurrent Mark Free 0.001ms
[2026-04-03T01:56:14.101+0600][17.665s][info][gc,phases   ] GC(33) y: Concurrent Reset Relocation Set 0.007ms
[2026-04-03T01:56:14.105+0600][17.669s][info][gc,reloc    ] GC(33) y: Using tenuring threshold: 1 (Computed)
[2026-04-03T01:56:14.113+0600][17.677s][info][gc,phases   ] GC(33) y: Concurrent Select Relocation Set 11.956ms
[2026-04-03T01:56:14.113+0600][17.677s][info][gc,phases   ] GC(33) y: Pause Relocate Start 0.013ms
[2026-04-03T01:56:14.135+0600][17.699s][info][gc,phases   ] GC(33) y: Concurrent Relocate 21.843ms
[2026-04-03T01:56:14.135+0600][17.699s][info][gc,alloc    ] GC(33) y:                         Mark Start        Mark End      Relocate Start    Relocate End   
[2026-04-03T01:56:14.135+0600][17.699s][info][gc,alloc    ] GC(33) y: Allocation Stalls:          0                0                0                0         
[2026-04-03T01:56:14.135+0600][17.699s][info][gc,load     ] GC(33) y: Load: 4.20 (35%) / 6.61 (55%) / 7.08 (59%)
[2026-04-03T01:56:14.135+0600][17.699s][info][gc,mmu      ] GC(33) y: MMU: 2ms/95.1%, 5ms/98.0%, 10ms/98.7%, 20ms/99.3%, 50ms/99.6%, 100ms/99.7%
[2026-04-03T01:56:14.135+0600][17.699s][info][gc,marking  ] GC(33) y: Mark: 2 stripe(s), 2 proactive flush(es), 1 terminate flush(es), 0 completion(s), 0 continuation(s) 
[2026-04-03T01:56:14.135+0600][17.699s][info][gc,marking  ] GC(33) y: Mark Stack Usage: 32M
[2026-04-03T01:56:14.135+0600][17.699s][info][gc,nmethod  ] GC(33) y: NMethods: 4583 registered, 908 unregistered
[2026-04-03T01:56:14.135+0600][17.699s][info][gc,metaspace] GC(33) y: Metaspace: 62M used, 63M committed, 1088M reserved
[2026-04-03T01:56:14.135+0600][17.699s][info][gc,reloc    ] GC(33) y:                        Candidates     Selected     In-Place         Size        Empty    Relocated 
[2026-04-03T01:56:14.135+0600][17.699s][info][gc,reloc    ] GC(33) y: Small Pages:                   95            9            0         190M         154M           0M 
[2026-04-03T01:56:14.135+0600][17.699s][info][gc,reloc    ] GC(33) y: Medium Pages:                   0            0            0           0M           0M           0M 
[2026-04-03T01:56:14.135+0600][17.699s][info][gc,reloc    ] GC(33) y: Large Pages:                    1            0            0           6M           0M           0M 
[2026-04-03T01:56:14.135+0600][17.699s][info][gc,reloc    ] GC(33) y: Forwarding Usage: 0M
[2026-04-03T01:56:14.135+0600][17.699s][info][gc,reloc    ] GC(33) y: Age Table:
[2026-04-03T01:56:14.135+0600][17.699s][info][gc,reloc    ] GC(33) y:                    Live             Garbage             Small              Medium             Large        
[2026-04-03T01:56:14.135+0600][17.699s][info][gc,reloc    ] GC(33) y: Eden               0M (0%)          167M (22%)         84 / 6              0 / 0              0 / 0        
[2026-04-03T01:56:14.135+0600][17.699s][info][gc,reloc    ] GC(33) y: Survivor 1        10M (1%)            5M (1%)           5 / 3              0 / 0              1 / 0        
[2026-04-03T01:56:14.135+0600][17.699s][info][gc,reloc    ] GC(33) y: Survivor 2        11M (2%)            0M (0%)           6 / 0              0 / 0              0 / 0        
[2026-04-03T01:56:14.135+0600][17.699s][info][gc,heap     ] GC(33) y: Min Capacity: 8M(1%)
[2026-04-03T01:56:14.135+0600][17.699s][info][gc,heap     ] GC(33) y: Max Capacity: 750M(100%)
[2026-04-03T01:56:14.135+0600][17.699s][info][gc,heap     ] GC(33) y: Soft Max Capacity: 750M(100%)
[2026-04-03T01:56:14.135+0600][17.699s][info][gc,heap     ] GC(33) y: Heap Statistics:
[2026-04-03T01:56:14.135+0600][17.699s][info][gc,heap     ] GC(33) y:                Mark Start          Mark End        Relocate Start      Relocate End           High               Low         
[2026-04-03T01:56:14.135+0600][17.699s][info][gc,heap     ] GC(33) y:  Capacity:      750M (100%)        750M (100%)        750M (100%)        750M (100%)        750M (100%)        750M (100%)   
[2026-04-03T01:56:14.135+0600][17.699s][info][gc,heap     ] GC(33) y:      Free:      292M (39%)         198M (26%)         318M (42%)         274M (37%)         340M (45%)         198M (26%)    
[2026-04-03T01:56:14.135+0600][17.699s][info][gc,heap     ] GC(33) y:      Used:      458M (61%)         552M (74%)         432M (58%)         476M (63%)         552M (74%)         410M (55%)    
[2026-04-03T01:56:14.135+0600][17.699s][info][gc,heap     ] GC(33) y: Young Generation Statistics:
[2026-04-03T01:56:14.135+0600][17.699s][info][gc,heap     ] GC(33) y:                Mark Start          Mark End        Relocate Start      Relocate End    
[2026-04-03T01:56:14.135+0600][17.699s][info][gc,heap     ] GC(33) y:      Used:      196M (26%)         316M (42%)         174M (23%)         214M (29%)    
[2026-04-03T01:56:14.135+0600][17.699s][info][gc,heap     ] GC(33) y:      Live:         -                22M (3%)            0M (0%)            0M (0%)     
[2026-04-03T01:56:14.135+0600][17.699s][info][gc,heap     ] GC(33) y:   Garbage:         -               173M (23%)          19M (3%)            0M (0%)     
[2026-04-03T01:56:14.135+0600][17.699s][info][gc,heap     ] GC(33) y: Allocated:         -               120M (16%)         154M (21%)         213M (29%)    
[2026-04-03T01:56:14.135+0600][17.699s][info][gc,heap     ] GC(33) y: Reclaimed:         -                  -               154M (21%)         173M (23%)    
[2026-04-03T01:56:14.135+0600][17.699s][info][gc,heap     ] GC(33) y:  Promoted:         -                  -                21M (3%)           22M (3%)     
[2026-04-03T01:56:14.135+0600][17.699s][info][gc,heap     ] GC(33) y: Compacted:         -                  -                  -                 0M (0%)     
[2026-04-03T01:56:14.135+0600][17.699s][info][gc,phases   ] GC(33) y: Young Generation 458M(61%)->476M(63%) 0.083s
[2026-04-03T01:56:14.135+0600][17.699s][info][gc          ] GC(33) Minor Collection (Allocation Rate) 458M(61%)->478M(64%) 0.084s
[2026-04-03T01:56:14.135+0600][17.699s][info][gc,alloc    ] GC(29) O:                         Mark Start        Mark End      Relocate Start    Relocate End   
[2026-04-03T01:56:14.135+0600][17.700s][info][gc,alloc    ] GC(29) O: Allocation Stalls:          0                0                0                0         
[2026-04-03T01:56:14.135+0600][17.700s][info][gc,load     ] GC(29) O: Load: 4.20 (35%) / 6.61 (55%) / 7.08 (59%)
[2026-04-03T01:56:14.135+0600][17.700s][info][gc,mmu      ] GC(29) O: MMU: 2ms/95.1%, 5ms/98.0%, 10ms/98.7%, 20ms/99.3%, 50ms/99.6%, 100ms/99.7%
[2026-04-03T01:56:14.135+0600][17.700s][info][gc,marking  ] GC(29) O: Mark: 1 stripe(s), 2 proactive flush(es), 1 terminate flush(es), 0 completion(s), 0 continuation(s) 
[2026-04-03T01:56:14.135+0600][17.700s][info][gc,marking  ] GC(29) O: Mark Stack Usage: 32M
[2026-04-03T01:56:14.135+0600][17.700s][info][gc,nmethod  ] GC(29) O: NMethods: 4583 registered, 908 unregistered
[2026-04-03T01:56:14.136+0600][17.700s][info][gc,metaspace] GC(29) O: Metaspace: 62M used, 63M committed, 1088M reserved
[2026-04-03T01:56:14.136+0600][17.700s][info][gc,ref      ] GC(29) O:                       Encountered   Discovered     Enqueued 
[2026-04-03T01:56:14.136+0600][17.700s][info][gc,ref      ] GC(29) O: Soft References:             4730            0            0 
[2026-04-03T01:56:14.136+0600][17.700s][info][gc,ref      ] GC(29) O: Weak References:             5616         4525          159 
[2026-04-03T01:56:14.136+0600][17.700s][info][gc,ref      ] GC(29) O: Final References:              82            0            0 
[2026-04-03T01:56:14.136+0600][17.700s][info][gc,ref      ] GC(29) O: Phantom References:           594          531            0 
[2026-04-03T01:56:14.136+0600][17.700s][info][gc,reloc    ] GC(29) O:                        Candidates     Selected     In-Place         Size        Empty    Relocated 
[2026-04-03T01:56:14.136+0600][17.700s][info][gc,reloc    ] GC(29) O: Small Pages:                   76           15            0         152M           0M           3M 
[2026-04-03T01:56:14.136+0600][17.700s][info][gc,reloc    ] GC(29) O: Medium Pages:                   1            0            0          16M           0M           0M 
[2026-04-03T01:56:14.136+0600][17.700s][info][gc,reloc    ] GC(29) O: Large Pages:                    2            0            0          10M           0M           0M 
[2026-04-03T01:56:14.136+0600][17.700s][info][gc,reloc    ] GC(29) O: Forwarding Usage: 2M
[2026-04-03T01:56:14.136+0600][17.700s][info][gc,heap     ] GC(29) O: Min Capacity: 8M(1%)
[2026-04-03T01:56:14.136+0600][17.700s][info][gc,heap     ] GC(29) O: Max Capacity: 750M(100%)
[2026-04-03T01:56:14.136+0600][17.700s][info][gc,heap     ] GC(29) O: Soft Max Capacity: 750M(100%)
[2026-04-03T01:56:14.136+0600][17.700s][info][gc,heap     ] GC(29) O: Heap Statistics:
[2026-04-03T01:56:14.136+0600][17.700s][info][gc,heap     ] GC(29) O:                Mark Start          Mark End        Relocate Start      Relocate End           High               Low         
[2026-04-03T01:56:14.136+0600][17.700s][info][gc,heap     ] GC(29) O:  Capacity:      750M (100%)        750M (100%)        750M (100%)        750M (100%)        750M (100%)        750M (100%)   
[2026-04-03T01:56:14.136+0600][17.700s][info][gc,heap     ] GC(29) O:      Free:      254M (34%)         170M (23%)         296M (39%)         284M (38%)         334M (45%)           0M (0%)     
[2026-04-03T01:56:14.136+0600][17.700s][info][gc,heap     ] GC(29) O:      Used:      496M (66%)         580M (77%)         454M (61%)         466M (62%)         750M (100%)        416M (55%)    
[2026-04-03T01:56:14.136+0600][17.700s][info][gc,heap     ] GC(29) O: Old Generation Statistics:
[2026-04-03T01:56:14.136+0600][17.700s][info][gc,heap     ] GC(29) O:                Mark Start          Mark End        Relocate Start      Relocate End    
[2026-04-03T01:56:14.136+0600][17.700s][info][gc,heap     ] GC(29) O:      Used:      178M (24%)         258M (34%)         258M (34%)         236M (31%)    
[2026-04-03T01:56:14.136+0600][17.700s][info][gc,heap     ] GC(29) O:      Live:         -               131M (18%)         131M (18%)         131M (18%)    
[2026-04-03T01:56:14.136+0600][17.700s][info][gc,heap     ] GC(29) O:   Garbage:         -                46M (6%)           46M (6%)           15M (2%)     
[2026-04-03T01:56:14.136+0600][17.700s][info][gc,heap     ] GC(29) O: Allocated:         -                80M (11%)          80M (11%)          88M (12%)    
[2026-04-03T01:56:14.136+0600][17.700s][info][gc,heap     ] GC(29) O: Reclaimed:         -                  -                 0M (0%)           30M (4%)     
[2026-04-03T01:56:14.136+0600][17.700s][info][gc,heap     ] GC(29) O: Compacted:         -                  -                  -                 5M (1%)     
[2026-04-03T01:56:14.136+0600][17.700s][info][gc,phases   ] GC(29) O: Old Generation 568M(76%)->466M(62%) 0.517s
[2026-04-03T01:56:14.136+0600][17.700s][info][gc          ] GC(29) Major Collection (Allocation Rate) 496M(66%)->478M(64%) 0.651s
[2026-04-03T01:56:14.136+0600][17.700s][info][gc          ] GC(34) Major Collection (Allocation Rate)
[2026-04-03T01:56:14.136+0600][17.700s][info][gc,task     ] GC(34) Using 3 Workers for Young Generation
[2026-04-03T01:56:14.136+0600][17.700s][info][gc,task     ] GC(34) Using 1 Workers for Old Generation
[2026-04-03T01:56:14.136+0600][17.700s][info][gc,phases   ] GC(34) Y: Young Generation
[2026-04-03T01:56:14.136+0600][17.700s][info][gc,phases   ] GC(34) Y: Pause Mark Start (Major) 0.018ms
[2026-04-03T01:56:14.147+0600][17.711s][info][gc,phases   ] GC(34) Y: Concurrent Mark 10.232ms
[2026-04-03T01:56:14.147+0600][17.711s][info][gc,phases   ] GC(34) Y: Pause Mark End 0.041ms
[2026-04-03T01:56:14.147+0600][17.711s][info][gc,phases   ] GC(34) Y: Concurrent Mark Free 0.002ms
[2026-04-03T01:56:14.147+0600][17.711s][info][gc,phases   ] GC(34) Y: Concurrent Reset Relocation Set 0.020ms
[2026-04-03T01:56:14.148+0600][17.712s][info][gc,reloc    ] GC(34) Y: Using tenuring threshold: 2 (Computed)
[2026-04-03T01:56:14.149+0600][17.713s][info][gc,phases   ] GC(34) Y: Concurrent Select Relocation Set 1.723ms
[2026-04-03T01:56:14.149+0600][17.713s][info][gc,phases   ] GC(34) Y: Pause Relocate Start 0.011ms
[2026-04-03T01:56:14.149+0600][17.713s][info][gc,phases   ] GC(34) Y: Concurrent Relocate 0.098ms
[2026-04-03T01:56:14.149+0600][17.713s][info][gc,alloc    ] GC(34) Y:                         Mark Start        Mark End      Relocate Start    Relocate End   
[2026-04-03T01:56:14.149+0600][17.713s][info][gc,alloc    ] GC(34) Y: Allocation Stalls:          0                0                0                0         
[2026-04-03T01:56:14.149+0600][17.713s][info][gc,load     ] GC(34) Y: Load: 4.20 (35%) / 6.61 (55%) / 7.08 (59%)
[2026-04-03T01:56:14.149+0600][17.713s][info][gc,mmu      ] GC(34) Y: MMU: 2ms/95.1%, 5ms/98.0%, 10ms/98.7%, 20ms/99.3%, 50ms/99.6%, 100ms/99.7%
[2026-04-03T01:56:14.149+0600][17.713s][info][gc,marking  ] GC(34) Y: Mark: 2 stripe(s), 2 proactive flush(es), 1 terminate flush(es), 0 completion(s), 0 continuation(s) 
[2026-04-03T01:56:14.149+0600][17.713s][info][gc,marking  ] GC(34) Y: Mark Stack Usage: 32M
[2026-04-03T01:56:14.149+0600][17.713s][info][gc,nmethod  ] GC(34) Y: NMethods: 4583 registered, 908 unregistered
[2026-04-03T01:56:14.149+0600][17.713s][info][gc,metaspace] GC(34) Y: Metaspace: 62M used, 63M committed, 1088M reserved
[2026-04-03T01:56:14.149+0600][17.713s][info][gc,reloc    ] GC(34) Y:                        Candidates     Selected     In-Place         Size        Empty    Relocated 
[2026-04-03T01:56:14.149+0600][17.713s][info][gc,reloc    ] GC(34) Y: Small Pages:                  109            6            0         218M         204M           0M 
[2026-04-03T01:56:14.149+0600][17.713s][info][gc,reloc    ] GC(34) Y: Medium Pages:                   0            0            0           0M           0M           0M 
[2026-04-03T01:56:14.149+0600][17.713s][info][gc,reloc    ] GC(34) Y: Large Pages:                    0            0            0           0M           0M           0M 
[2026-04-03T01:56:14.149+0600][17.713s][info][gc,reloc    ] GC(34) Y: Forwarding Usage: 0M
[2026-04-03T01:56:14.149+0600][17.713s][info][gc,reloc    ] GC(34) Y: Age Table:
[2026-04-03T01:56:14.149+0600][17.713s][info][gc,reloc    ] GC(34) Y:                    Live             Garbage             Small              Medium             Large        
[2026-04-03T01:56:14.149+0600][17.713s][info][gc,reloc    ] GC(34) Y: Eden               0M (0%)          215M (29%)        108 / 5              0 / 0              0 / 0        
[2026-04-03T01:56:14.149+0600][17.713s][info][gc,reloc    ] GC(34) Y: Survivor 1         0M (0%)            1M (0%)           1 / 1              0 / 0              0 / 0        
[2026-04-03T01:56:14.149+0600][17.713s][info][gc,heap     ] GC(34) Y: Min Capacity: 8M(1%)
[2026-04-03T01:56:14.149+0600][17.713s][info][gc,heap     ] GC(34) Y: Max Capacity: 750M(100%)
[2026-04-03T01:56:14.149+0600][17.713s][info][gc,heap     ] GC(34) Y: Soft Max Capacity: 750M(100%)
[2026-04-03T01:56:14.149+0600][17.713s][info][gc,heap     ] GC(34) Y: Heap Statistics:
[2026-04-03T01:56:14.149+0600][17.713s][info][gc,heap     ] GC(34) Y:                Mark Start          Mark End        Relocate Start      Relocate End           High               Low         
[2026-04-03T01:56:14.149+0600][17.713s][info][gc,heap     ] GC(34) Y:  Capacity:      750M (100%)        750M (100%)        750M (100%)        750M (100%)        750M (100%)        750M (100%)   
[2026-04-03T01:56:14.149+0600][17.713s][info][gc,heap     ] GC(34) Y:      Free:      270M (36%)         238M (32%)         436M (58%)         438M (58%)         438M (58%)         238M (32%)    
[2026-04-03T01:56:14.149+0600][17.713s][info][gc,heap     ] GC(34) Y:      Used:      480M (64%)         512M (68%)         314M (42%)         312M (42%)         512M (68%)         312M (42%)    
[2026-04-03T01:56:14.149+0600][17.713s][info][gc,heap     ] GC(34) Y: Young Generation Statistics:
[2026-04-03T01:56:14.149+0600][17.713s][info][gc,heap     ] GC(34) Y:                Mark Start          Mark End        Relocate Start      Relocate End    
[2026-04-03T01:56:14.149+0600][17.713s][info][gc,heap     ] GC(34) Y:      Used:      218M (29%)         250M (33%)          52M (7%)           50M (7%)     
[2026-04-03T01:56:14.149+0600][17.713s][info][gc,heap     ] GC(34) Y:      Live:         -                 0M (0%)            0M (0%)            0M (0%)     
[2026-04-03T01:56:14.149+0600][17.713s][info][gc,heap     ] GC(34) Y:   Garbage:         -               217M (29%)          13M (2%)            0M (0%)     
[2026-04-03T01:56:14.149+0600][17.713s][info][gc,heap     ] GC(34) Y: Allocated:         -                32M (4%)           38M (5%)           49M (7%)     
[2026-04-03T01:56:14.149+0600][17.713s][info][gc,heap     ] GC(34) Y: Reclaimed:         -                  -               204M (27%)         217M (29%)    
[2026-04-03T01:56:14.149+0600][17.713s][info][gc,heap     ] GC(34) Y:  Promoted:         -                  -                 0M (0%)            0M (0%)     
[2026-04-03T01:56:14.149+0600][17.713s][info][gc,heap     ] GC(34) Y: Compacted:         -                  -                  -                 0M (0%)     
[2026-04-03T01:56:14.149+0600][17.713s][info][gc,phases   ] GC(34) Y: Young Generation 480M(64%)->312M(42%) 0.013s
[2026-04-03T01:56:14.149+0600][17.713s][info][gc,phases   ] GC(34) O: Old Generation
[2026-04-03T01:56:14.151+0600][17.715s][info][gc          ] GC(35) Minor Collection (Allocation Rate)
[2026-04-03T01:56:14.151+0600][17.715s][info][gc,task     ] GC(35) Using 2 Workers for Young Generation
[2026-04-03T01:56:14.151+0600][17.715s][info][gc,phases   ] GC(35) y: Young Generation
[2026-04-03T01:56:14.151+0600][17.716s][info][gc,phases   ] GC(35) y: Pause Mark Start 0.011ms
[2026-04-03T01:56:14.158+0600][17.722s][info][gc,phases   ] GC(35) y: Concurrent Mark 6.776ms
[2026-04-03T01:56:14.158+0600][17.723s][info][gc,phases   ] GC(35) y: Pause Mark End 0.021ms
[2026-04-03T01:56:14.159+0600][17.723s][info][gc,phases   ] GC(35) y: Concurrent Mark Free 0.002ms
[2026-04-03T01:56:14.159+0600][17.723s][info][gc,phases   ] GC(35) y: Concurrent Reset Relocation Set 0.002ms
[2026-04-03T01:56:14.163+0600][17.727s][info][gc,reloc    ] GC(35) y: Using tenuring threshold: 3 (Computed)
[2026-04-03T01:56:14.163+0600][17.727s][info][gc,phases   ] GC(35) y: Concurrent Select Relocation Set 4.693ms
[2026-04-03T01:56:14.164+0600][17.728s][info][gc,phases   ] GC(35) y: Pause Relocate Start 0.011ms
[2026-04-03T01:56:14.164+0600][17.728s][info][gc,phases   ] GC(35) y: Concurrent Relocate 0.303ms
[2026-04-03T01:56:14.164+0600][17.728s][info][gc,alloc    ] GC(35) y:                         Mark Start        Mark End      Relocate Start    Relocate End   
[2026-04-03T01:56:14.164+0600][17.728s][info][gc,alloc    ] GC(35) y: Allocation Stalls:          0                0                0                0         
[2026-04-03T01:56:14.164+0600][17.728s][info][gc,load     ] GC(35) y: Load: 4.20 (35%) / 6.61 (55%) / 7.08 (59%)
[2026-04-03T01:56:14.164+0600][17.728s][info][gc,mmu      ] GC(35) y: MMU: 2ms/95.1%, 5ms/98.0%, 10ms/98.7%, 20ms/99.3%, 50ms/99.6%, 100ms/99.7%
[2026-04-03T01:56:14.164+0600][17.728s][info][gc,marking  ] GC(35) y: Mark: 2 stripe(s), 2 proactive flush(es), 1 terminate flush(es), 0 completion(s), 0 continuation(s) 
[2026-04-03T01:56:14.164+0600][17.728s][info][gc,marking  ] GC(35) y: Mark Stack Usage: 32M
[2026-04-03T01:56:14.164+0600][17.728s][info][gc,nmethod  ] GC(35) y: NMethods: 4583 registered, 908 unregistered
[2026-04-03T01:56:14.164+0600][17.728s][info][gc,metaspace] GC(35) y: Metaspace: 62M used, 63M committed, 1088M reserved
[2026-04-03T01:56:14.164+0600][17.728s][info][gc,reloc    ] GC(35) y:                        Candidates     Selected     In-Place         Size        Empty    Relocated 
[2026-04-03T01:56:14.164+0600][17.728s][info][gc,reloc    ] GC(35) y: Small Pages:                   29            9            0          58M          38M           0M 
[2026-04-03T01:56:14.164+0600][17.728s][info][gc,reloc    ] GC(35) y: Medium Pages:                   0            0            0           0M           0M           0M 
[2026-04-03T01:56:14.164+0600][17.728s][info][gc,reloc    ] GC(35) y: Large Pages:                    0            0            0           0M           0M           0M 
[2026-04-03T01:56:14.164+0600][17.728s][info][gc,reloc    ] GC(35) y: Forwarding Usage: 0M
[2026-04-03T01:56:14.164+0600][17.728s][info][gc,reloc    ] GC(35) y: Age Table:
[2026-04-03T01:56:14.164+0600][17.728s][info][gc,reloc    ] GC(35) y:                    Live             Garbage             Small              Medium             Large        
[2026-04-03T01:56:14.164+0600][17.728s][info][gc,reloc    ] GC(35) y: Eden               0M (0%)           45M (6%)          23 / 4              0 / 0              0 / 0        
[2026-04-03T01:56:14.164+0600][17.728s][info][gc,reloc    ] GC(35) y: Survivor 1         0M (0%)            9M (1%)           5 / 4              0 / 0              0 / 0        
[2026-04-03T01:56:14.164+0600][17.728s][info][gc,reloc    ] GC(35) y: Survivor 2         0M (0%)            1M (0%)           1 / 1              0 / 0              0 / 0        
[2026-04-03T01:56:14.164+0600][17.728s][info][gc,heap     ] GC(35) y: Min Capacity: 8M(1%)
[2026-04-03T01:56:14.164+0600][17.728s][info][gc,heap     ] GC(35) y: Max Capacity: 750M(100%)
[2026-04-03T01:56:14.164+0600][17.728s][info][gc,heap     ] GC(35) y: Soft Max Capacity: 750M(100%)
[2026-04-03T01:56:14.164+0600][17.728s][info][gc,heap     ] GC(35) y: Heap Statistics:
[2026-04-03T01:56:14.164+0600][17.728s][info][gc,heap     ] GC(35) y:                Mark Start          Mark End        Relocate Start      Relocate End           High               Low         
[2026-04-03T01:56:14.164+0600][17.728s][info][gc,heap     ] GC(35) y:  Capacity:      750M (100%)        750M (100%)        750M (100%)        750M (100%)        750M (100%)        750M (100%)   
[2026-04-03T01:56:14.164+0600][17.728s][info][gc,heap     ] GC(35) y:      Free:      430M (57%)         410M (55%)         436M (58%)         446M (59%)         446M (59%)         398M (53%)    
[2026-04-03T01:56:14.164+0600][17.728s][info][gc,heap     ] GC(35) y:      Used:      320M (43%)         340M (45%)         314M (42%)         304M (41%)         352M (47%)         304M (41%)    
[2026-04-03T01:56:14.164+0600][17.728s][info][gc,heap     ] GC(35) y: Young Generation Statistics:
[2026-04-03T01:56:14.164+0600][17.728s][info][gc,heap     ] GC(35) y:                Mark Start          Mark End        Relocate Start      Relocate End    
[2026-04-03T01:56:14.164+0600][17.728s][info][gc,heap     ] GC(35) y:      Used:       58M (8%)           78M (10%)          52M (7%)           42M (6%)     
[2026-04-03T01:56:14.164+0600][17.728s][info][gc,heap     ] GC(35) y:      Live:         -                 0M (0%)            0M (0%)            0M (0%)     
[2026-04-03T01:56:14.164+0600][17.728s][info][gc,heap     ] GC(35) y:   Garbage:         -                57M (8%)           19M (3%)            0M (0%)     
[2026-04-03T01:56:14.164+0600][17.728s][info][gc,heap     ] GC(35) y: Allocated:         -                20M (3%)           32M (4%)           41M (6%)     
[2026-04-03T01:56:14.164+0600][17.728s][info][gc,heap     ] GC(35) y: Reclaimed:         -                  -                38M (5%)           57M (8%)     
[2026-04-03T01:56:14.164+0600][17.728s][info][gc,heap     ] GC(35) y:  Promoted:         -                  -                 0M (0%)            0M (0%)     
[2026-04-03T01:56:14.164+0600][17.728s][info][gc,heap     ] GC(35) y: Compacted:         -                  -                  -                 0M (0%)     
[2026-04-03T01:56:14.164+0600][17.728s][info][gc,phases   ] GC(35) y: Young Generation 320M(43%)->304M(41%) 0.013s
[2026-04-03T01:56:14.164+0600][17.728s][info][gc          ] GC(35) Minor Collection (Allocation Rate) 318M(42%)->306M(41%) 0.013s
[2026-04-03T01:56:14.175+0600][17.739s][info][gc          ] GC(36) Minor Collection (Allocation Rate)
[2026-04-03T01:56:14.175+0600][17.739s][info][gc,task     ] GC(36) Using 2 Workers for Young Generation
[2026-04-03T01:56:14.175+0600][17.739s][info][gc,phases   ] GC(36) y: Young Generation
[2026-04-03T01:56:14.175+0600][17.739s][info][gc,phases   ] GC(36) y: Pause Mark Start 0.016ms
[2026-04-03T01:56:14.183+0600][17.747s][info][gc,phases   ] GC(36) y: Concurrent Mark 7.403ms
[2026-04-03T01:56:14.183+0600][17.747s][info][gc,phases   ] GC(36) y: Pause Mark End 0.017ms
[2026-04-03T01:56:14.183+0600][17.747s][info][gc,phases   ] GC(36) y: Concurrent Mark Free 0.002ms
[2026-04-03T01:56:14.183+0600][17.747s][info][gc,phases   ] GC(36) y: Concurrent Reset Relocation Set 0.002ms
[2026-04-03T01:56:14.187+0600][17.752s][info][gc,reloc    ] GC(36) y: Using tenuring threshold: 4 (Computed)
[2026-04-03T01:56:14.188+0600][17.752s][info][gc,phases   ] GC(36) y: Concurrent Select Relocation Set 4.580ms
[2026-04-03T01:56:14.188+0600][17.752s][info][gc,phases   ] GC(36) y: Pause Relocate Start 0.011ms
[2026-04-03T01:56:14.188+0600][17.752s][info][gc,phases   ] GC(36) y: Concurrent Relocate 0.223ms
[2026-04-03T01:56:14.188+0600][17.752s][info][gc,alloc    ] GC(36) y:                         Mark Start        Mark End      Relocate Start    Relocate End   
[2026-04-03T01:56:14.188+0600][17.752s][info][gc,alloc    ] GC(36) y: Allocation Stalls:          0                0                0                0         
[2026-04-03T01:56:14.188+0600][17.752s][info][gc,load     ] GC(36) y: Load: 4.20 (35%) / 6.61 (55%) / 7.08 (59%)
[2026-04-03T01:56:14.188+0600][17.752s][info][gc,mmu      ] GC(36) y: MMU: 2ms/95.1%, 5ms/98.0%, 10ms/98.7%, 20ms/99.3%, 50ms/99.6%, 100ms/99.7%
[2026-04-03T01:56:14.188+0600][17.752s][info][gc,marking  ] GC(36) y: Mark: 2 stripe(s), 2 proactive flush(es), 1 terminate flush(es), 0 completion(s), 0 continuation(s) 
[2026-04-03T01:56:14.188+0600][17.752s][info][gc,marking  ] GC(36) y: Mark Stack Usage: 32M
[2026-04-03T01:56:14.188+0600][17.752s][info][gc,nmethod  ] GC(36) y: NMethods: 4583 registered, 908 unregistered
[2026-04-03T01:56:14.188+0600][17.752s][info][gc,metaspace] GC(36) y: Metaspace: 62M used, 63M committed, 1088M reserved
[2026-04-03T01:56:14.188+0600][17.752s][info][gc,reloc    ] GC(36) y:                        Candidates     Selected     In-Place         Size        Empty    Relocated 
[2026-04-03T01:56:14.188+0600][17.752s][info][gc,reloc    ] GC(36) y: Small Pages:                   36            8            0          72M          54M           0M 
[2026-04-03T01:56:14.188+0600][17.752s][info][gc,reloc    ] GC(36) y: Medium Pages:                   0            0            0           0M           0M           0M 
[2026-04-03T01:56:14.188+0600][17.752s][info][gc,reloc    ] GC(36) y: Large Pages:                    0            0            0           0M           0M           0M 
[2026-04-03T01:56:14.188+0600][17.752s][info][gc,reloc    ] GC(36) y: Forwarding Usage: 0M
[2026-04-03T01:56:14.188+0600][17.752s][info][gc,reloc    ] GC(36) y: Age Table:
[2026-04-03T01:56:14.188+0600][17.752s][info][gc,reloc    ] GC(36) y:                    Live             Garbage             Small              Medium             Large        
[2026-04-03T01:56:14.188+0600][17.752s][info][gc,reloc    ] GC(36) y: Eden               0M (0%)           61M (8%)          31 / 4              0 / 0              0 / 0        
[2026-04-03T01:56:14.188+0600][17.752s][info][gc,reloc    ] GC(36) y: Survivor 1         0M (0%)            1M (0%)           1 / 1              0 / 0              0 / 0        
[2026-04-03T01:56:14.188+0600][17.752s][info][gc,reloc    ] GC(36) y: Survivor 2         0M (0%)            5M (1%)           3 / 2              0 / 0              0 / 0        
[2026-04-03T01:56:14.188+0600][17.752s][info][gc,reloc    ] GC(36) y: Survivor 3         0M (0%)            1M (0%)           1 / 1              0 / 0              0 / 0        
[2026-04-03T01:56:14.188+0600][17.752s][info][gc,heap     ] GC(36) y: Min Capacity: 8M(1%)
[2026-04-03T01:56:14.188+0600][17.753s][info][gc,heap     ] GC(36) y: Max Capacity: 750M(100%)
[2026-04-03T01:56:14.188+0600][17.753s][info][gc,heap     ] GC(36) y: Soft Max Capacity: 750M(100%)
[2026-04-03T01:56:14.188+0600][17.753s][info][gc,heap     ] GC(36) y: Heap Statistics:
[2026-04-03T01:56:14.188+0600][17.753s][info][gc,heap     ] GC(36) y:                Mark Start          Mark End        Relocate Start      Relocate End           High               Low         
[2026-04-03T01:56:14.188+0600][17.753s][info][gc,heap     ] GC(36) y:  Capacity:      750M (100%)        750M (100%)        750M (100%)        750M (100%)        750M (100%)        750M (100%)   
[2026-04-03T01:56:14.188+0600][17.753s][info][gc,heap     ] GC(36) y:      Free:      416M (55%)         398M (53%)         438M (58%)         446M (59%)         446M (59%)         386M (51%)    
[2026-04-03T01:56:14.188+0600][17.753s][info][gc,heap     ] GC(36) y:      Used:      334M (45%)         352M (47%)         312M (42%)         304M (41%)         364M (49%)         304M (41%)    
[2026-04-03T01:56:14.188+0600][17.753s][info][gc,heap     ] GC(36) y: Young Generation Statistics:
[2026-04-03T01:56:14.188+0600][17.753s][info][gc,heap     ] GC(36) y:                Mark Start          Mark End        Relocate Start      Relocate End    
[2026-04-03T01:56:14.189+0600][17.753s][info][gc,heap     ] GC(36) y:      Used:       72M (10%)          90M (12%)          50M (7%)           42M (6%)     
[2026-04-03T01:56:14.189+0600][17.753s][info][gc,heap     ] GC(36) y:      Live:         -                 0M (0%)            0M (0%)            0M (0%)     
[2026-04-03T01:56:14.189+0600][17.753s][info][gc,heap     ] GC(36) y:   Garbage:         -                71M (10%)          17M (2%)            0M (0%)     
[2026-04-03T01:56:14.189+0600][17.753s][info][gc,heap     ] GC(36) y: Allocated:         -                18M (2%)           32M (4%)           41M (6%)     
[2026-04-03T01:56:14.189+0600][17.753s][info][gc,heap     ] GC(36) y: Reclaimed:         -                  -                54M (7%)           71M (10%)    
[2026-04-03T01:56:14.189+0600][17.753s][info][gc,heap     ] GC(36) y:  Promoted:         -                  -                 0M (0%)            0M (0%)     
[2026-04-03T01:56:14.189+0600][17.753s][info][gc,heap     ] GC(36) y: Compacted:         -                  -                  -                 0M (0%)     
[2026-04-03T01:56:14.189+0600][17.753s][info][gc,phases   ] GC(36) y: Young Generation 334M(45%)->304M(41%) 0.013s
[2026-04-03T01:56:14.189+0600][17.753s][info][gc          ] GC(36) Minor Collection (Allocation Rate) 334M(45%)->304M(41%) 0.014s
[2026-04-03T01:56:14.195+0600][17.759s][info][gc          ] GC(37) Minor Collection (Allocation Rate)
[2026-04-03T01:56:14.195+0600][17.759s][info][gc,task     ] GC(37) Using 2 Workers for Young Generation
[2026-04-03T01:56:14.195+0600][17.759s][info][gc,phases   ] GC(37) y: Young Generation
[2026-04-03T01:56:14.195+0600][17.759s][info][gc,phases   ] GC(37) y: Pause Mark Start 0.013ms
[2026-04-03T01:56:14.202+0600][17.766s][info][gc,phases   ] GC(37) y: Concurrent Mark 6.816ms
[2026-04-03T01:56:14.202+0600][17.767s][info][gc,phases   ] GC(37) y: Pause Mark End 0.014ms
[2026-04-03T01:56:14.202+0600][17.767s][info][gc,phases   ] GC(37) y: Concurrent Mark Free 0.001ms
[2026-04-03T01:56:14.203+0600][17.767s][info][gc,phases   ] GC(37) y: Concurrent Reset Relocation Set 0.002ms
[2026-04-03T01:56:14.204+0600][17.768s][info][gc,reloc    ] GC(37) y: Using tenuring threshold: 5 (Computed)
[2026-04-03T01:56:14.204+0600][17.768s][info][gc,phases   ] GC(37) y: Concurrent Select Relocation Set 1.813ms
[2026-04-03T01:56:14.204+0600][17.769s][info][gc,phases   ] GC(37) y: Pause Relocate Start 0.007ms
[2026-04-03T01:56:14.205+0600][17.769s][info][gc,phases   ] GC(37) y: Concurrent Relocate 0.101ms
[2026-04-03T01:56:14.205+0600][17.769s][info][gc,alloc    ] GC(37) y:                         Mark Start        Mark End      Relocate Start    Relocate End   
[2026-04-03T01:56:14.205+0600][17.769s][info][gc,alloc    ] GC(37) y: Allocation Stalls:          0                0                0                0         
[2026-04-03T01:56:14.205+0600][17.769s][info][gc,load     ] GC(37) y: Load: 4.20 (35%) / 6.61 (55%) / 7.08 (59%)
[2026-04-03T01:56:14.205+0600][17.769s][info][gc,mmu      ] GC(37) y: MMU: 2ms/95.1%, 5ms/98.0%, 10ms/98.7%, 20ms/99.3%, 50ms/99.6%, 100ms/99.7%
[2026-04-03T01:56:14.205+0600][17.769s][info][gc,marking  ] GC(37) y: Mark: 2 stripe(s), 2 proactive flush(es), 1 terminate flush(es), 0 completion(s), 0 continuation(s) 
[2026-04-03T01:56:14.205+0600][17.769s][info][gc,marking  ] GC(37) y: Mark Stack Usage: 32M
[2026-04-03T01:56:14.205+0600][17.769s][info][gc,nmethod  ] GC(37) y: NMethods: 4583 registered, 908 unregistered
[2026-04-03T01:56:14.205+0600][17.769s][info][gc,metaspace] GC(37) y: Metaspace: 62M used, 63M committed, 1088M reserved
[2026-04-03T01:56:14.205+0600][17.769s][info][gc,reloc    ] GC(37) y:                        Candidates     Selected     In-Place         Size        Empty    Relocated 
[2026-04-03T01:56:14.205+0600][17.769s][info][gc,reloc    ] GC(37) y: Small Pages:                   31            9            0          62M          42M           0M 
[2026-04-03T01:56:14.205+0600][17.769s][info][gc,reloc    ] GC(37) y: Medium Pages:                   0            0            0           0M           0M           0M 
[2026-04-03T01:56:14.205+0600][17.769s][info][gc,reloc    ] GC(37) y: Large Pages:                    0            0            0           0M           0M           0M 
[2026-04-03T01:56:14.205+0600][17.769s][info][gc,reloc    ] GC(37) y: Forwarding Usage: 0M
[2026-04-03T01:56:14.205+0600][17.769s][info][gc,reloc    ] GC(37) y: Age Table:
[2026-04-03T01:56:14.205+0600][17.769s][info][gc,reloc    ] GC(37) y:                    Live             Garbage             Small              Medium             Large        
[2026-04-03T01:56:14.205+0600][17.769s][info][gc,reloc    ] GC(37) y: Eden               0M (0%)           51M (7%)          26 / 4              0 / 0              0 / 0        
[2026-04-03T01:56:14.205+0600][17.769s][info][gc,reloc    ] GC(37) y: Survivor 1         0M (0%)            1M (0%)           1 / 1              0 / 0              0 / 0        
[2026-04-03T01:56:14.205+0600][17.769s][info][gc,reloc    ] GC(37) y: Survivor 2         0M (0%)            1M (0%)           1 / 1              0 / 0              0 / 0        
[2026-04-03T01:56:14.205+0600][17.769s][info][gc,reloc    ] GC(37) y: Survivor 3         0M (0%)            3M (1%)           2 / 2              0 / 0              0 / 0        
[2026-04-03T01:56:14.205+0600][17.769s][info][gc,reloc    ] GC(37) y: Survivor 4         0M (0%)            1M (0%)           1 / 1              0 / 0              0 / 0        
[2026-04-03T01:56:14.205+0600][17.769s][info][gc,heap     ] GC(37) y: Min Capacity: 8M(1%)
[2026-04-03T01:56:14.205+0600][17.769s][info][gc,heap     ] GC(37) y: Max Capacity: 750M(100%)
[2026-04-03T01:56:14.205+0600][17.769s][info][gc,heap     ] GC(37) y: Soft Max Capacity: 750M(100%)
[2026-04-03T01:56:14.205+0600][17.769s][info][gc,heap     ] GC(37) y: Heap Statistics:
[2026-04-03T01:56:14.205+0600][17.769s][info][gc,heap     ] GC(37) y:                Mark Start          Mark End        Relocate Start      Relocate End           High               Low         
[2026-04-03T01:56:14.205+0600][17.769s][info][gc,heap     ] GC(37) y:  Capacity:      750M (100%)        750M (100%)        750M (100%)        750M (100%)        750M (100%)        750M (100%)   
[2026-04-03T01:56:14.205+0600][17.769s][info][gc,heap     ] GC(37) y:      Free:      426M (57%)         408M (54%)         444M (59%)         448M (60%)         448M (60%)         404M (54%)    
[2026-04-03T01:56:14.205+0600][17.769s][info][gc,heap     ] GC(37) y:      Used:      324M (43%)         342M (46%)         306M (41%)         302M (40%)         346M (46%)         302M (40%)    
[2026-04-03T01:56:14.205+0600][17.769s][info][gc,heap     ] GC(37) y: Young Generation Statistics:
[2026-04-03T01:56:14.205+0600][17.769s][info][gc,heap     ] GC(37) y:                Mark Start          Mark End        Relocate Start      Relocate End    
[2026-04-03T01:56:14.205+0600][17.769s][info][gc,heap     ] GC(37) y:      Used:       62M (8%)           80M (11%)          44M (6%)           40M (5%)     
[2026-04-03T01:56:14.205+0600][17.769s][info][gc,heap     ] GC(37) y:      Live:         -                 0M (0%)            0M (0%)            0M (0%)     
[2026-04-03T01:56:14.205+0600][17.769s][info][gc,heap     ] GC(37) y:   Garbage:         -                61M (8%)           19M (3%)            0M (0%)     
[2026-04-03T01:56:14.205+0600][17.769s][info][gc,heap     ] GC(37) y: Allocated:         -                18M (2%)           24M (3%)           39M (5%)     
[2026-04-03T01:56:14.205+0600][17.769s][info][gc,heap     ] GC(37) y: Reclaimed:         -                  -                42M (6%)           61M (8%)     
[2026-04-03T01:56:14.205+0600][17.769s][info][gc,heap     ] GC(37) y:  Promoted:         -                  -                 0M (0%)            0M (0%)     
[2026-04-03T01:56:14.205+0600][17.769s][info][gc,heap     ] GC(37) y: Compacted:         -                  -                  -                 0M (0%)     
[2026-04-03T01:56:14.205+0600][17.769s][info][gc,phases   ] GC(37) y: Young Generation 324M(43%)->302M(40%) 0.009s
[2026-04-03T01:56:14.205+0600][17.769s][info][gc          ] GC(37) Minor Collection (Allocation Rate) 324M(43%)->302M(40%) 0.010s
[2026-04-03T01:56:14.238+0600][17.802s][info][gc          ] GC(38) Minor Collection (Allocation Rate)
[2026-04-03T01:56:14.238+0600][17.802s][info][gc,task     ] GC(38) Using 2 Workers for Young Generation
[2026-04-03T01:56:14.238+0600][17.802s][info][gc,phases   ] GC(38) y: Young Generation
[2026-04-03T01:56:14.239+0600][17.803s][info][gc,phases   ] GC(38) y: Pause Mark Start 0.013ms
[2026-04-03T01:56:14.246+0600][17.810s][info][gc,phases   ] GC(38) y: Concurrent Mark 7.059ms
[2026-04-03T01:56:14.246+0600][17.810s][info][gc,phases   ] GC(38) y: Pause Mark End 0.014ms
[2026-04-03T01:56:14.246+0600][17.810s][info][gc,phases   ] GC(38) y: Concurrent Mark Free 0.002ms
[2026-04-03T01:56:14.246+0600][17.810s][info][gc,phases   ] GC(38) y: Concurrent Reset Relocation Set 0.002ms
[2026-04-03T01:56:14.251+0600][17.815s][info][gc,reloc    ] GC(38) y: Using tenuring threshold: 6 (Computed)
[2026-04-03T01:56:14.251+0600][17.815s][info][gc,phases   ] GC(38) y: Concurrent Select Relocation Set 5.192ms
[2026-04-03T01:56:14.251+0600][17.815s][info][gc,phases   ] GC(38) y: Pause Relocate Start 0.014ms
[2026-04-03T01:56:14.252+0600][17.816s][info][gc,phases   ] GC(38) y: Concurrent Relocate 0.189ms
[2026-04-03T01:56:14.252+0600][17.816s][info][gc,alloc    ] GC(38) y:                         Mark Start        Mark End      Relocate Start    Relocate End   
[2026-04-03T01:56:14.252+0600][17.816s][info][gc,alloc    ] GC(38) y: Allocation Stalls:          0                0                0                0         
[2026-04-03T01:56:14.252+0600][17.816s][info][gc,load     ] GC(38) y: Load: 4.20 (35%) / 6.61 (55%) / 7.08 (59%)
[2026-04-03T01:56:14.252+0600][17.816s][info][gc,mmu      ] GC(38) y: MMU: 2ms/95.1%, 5ms/98.0%, 10ms/98.7%, 20ms/99.3%, 50ms/99.6%, 100ms/99.7%
[2026-04-03T01:56:14.252+0600][17.816s][info][gc,marking  ] GC(38) y: Mark: 2 stripe(s), 2 proactive flush(es), 1 terminate flush(es), 0 completion(s), 0 continuation(s) 
[2026-04-03T01:56:14.252+0600][17.816s][info][gc,marking  ] GC(38) y: Mark Stack Usage: 32M
[2026-04-03T01:56:14.252+0600][17.816s][info][gc,nmethod  ] GC(38) y: NMethods: 4599 registered, 908 unregistered
[2026-04-03T01:56:14.252+0600][17.816s][info][gc,metaspace] GC(38) y: Metaspace: 62M used, 63M committed, 1088M reserved
[2026-04-03T01:56:14.252+0600][17.816s][info][gc,reloc    ] GC(38) y:                        Candidates     Selected     In-Place         Size        Empty    Relocated 
[2026-04-03T01:56:14.252+0600][17.816s][info][gc,reloc    ] GC(38) y: Small Pages:                   63           12            0         126M         100M           0M 
[2026-04-03T01:56:14.252+0600][17.816s][info][gc,reloc    ] GC(38) y: Medium Pages:                   0            0            0           0M           0M           0M 
[2026-04-03T01:56:14.252+0600][17.816s][info][gc,reloc    ] GC(38) y: Large Pages:                    0            0            0           0M           0M           0M 
[2026-04-03T01:56:14.252+0600][17.816s][info][gc,reloc    ] GC(38) y: Forwarding Usage: 0M
[2026-04-03T01:56:14.252+0600][17.816s][info][gc,reloc    ] GC(38) y: Age Table:
[2026-04-03T01:56:14.252+0600][17.816s][info][gc,reloc    ] GC(38) y:                    Live             Garbage             Small              Medium             Large        
[2026-04-03T01:56:14.252+0600][17.816s][info][gc,reloc    ] GC(38) y: Eden               0M (0%)          109M (15%)         55 / 7              0 / 0              0 / 0        
[2026-04-03T01:56:14.252+0600][17.816s][info][gc,reloc    ] GC(38) y: Survivor 1         0M (0%)            7M (1%)           4 / 2              0 / 0              0 / 0        
[2026-04-03T01:56:14.252+0600][17.816s][info][gc,reloc    ] GC(38) y: Survivor 2         0M (0%)            1M (0%)           1 / 1              0 / 0              0 / 0        
[2026-04-03T01:56:14.252+0600][17.816s][info][gc,reloc    ] GC(38) y: Survivor 3         0M (0%)            1M (0%)           1 / 1              0 / 0              0 / 0        
[2026-04-03T01:56:14.252+0600][17.816s][info][gc,reloc    ] GC(38) y: Survivor 4         0M (0%)            1M (0%)           1 / 1              0 / 0              0 / 0        
[2026-04-03T01:56:14.252+0600][17.816s][info][gc,reloc    ] GC(38) y: Survivor 5         0M (0%)            1M (0%)           1 / 0              0 / 0              0 / 0        
[2026-04-03T01:56:14.252+0600][17.816s][info][gc,heap     ] GC(38) y: Min Capacity: 8M(1%)
[2026-04-03T01:56:14.252+0600][17.816s][info][gc,heap     ] GC(38) y: Max Capacity: 750M(100%)
[2026-04-03T01:56:14.252+0600][17.816s][info][gc,heap     ] GC(38) y: Soft Max Capacity: 750M(100%)
[2026-04-03T01:56:14.252+0600][17.816s][info][gc,heap     ] GC(38) y: Heap Statistics:
[2026-04-03T01:56:14.252+0600][17.816s][info][gc,heap     ] GC(38) y:                Mark Start          Mark End        Relocate Start      Relocate End           High               Low         
[2026-04-03T01:56:14.252+0600][17.816s][info][gc,heap     ] GC(38) y:  Capacity:      750M (100%)        750M (100%)        750M (100%)        750M (100%)        750M (100%)        750M (100%)   
[2026-04-03T01:56:14.252+0600][17.816s][info][gc,heap     ] GC(38) y:      Free:      362M (48%)         350M (47%)         442M (59%)         450M (60%)         450M (60%)         342M (46%)    
[2026-04-03T01:56:14.252+0600][17.816s][info][gc,heap     ] GC(38) y:      Used:      388M (52%)         400M (53%)         308M (41%)         300M (40%)         408M (54%)         300M (40%)    
[2026-04-03T01:56:14.252+0600][17.816s][info][gc,heap     ] GC(38) y: Young Generation Statistics:
[2026-04-03T01:56:14.252+0600][17.816s][info][gc,heap     ] GC(38) y:                Mark Start          Mark End        Relocate Start      Relocate End    
[2026-04-03T01:56:14.252+0600][17.816s][info][gc,heap     ] GC(38) y:      Used:      126M (17%)         138M (18%)          46M (6%)           38M (5%)     
[2026-04-03T01:56:14.252+0600][17.816s][info][gc,heap     ] GC(38) y:      Live:         -                 0M (0%)            0M (0%)            0M (0%)     
[2026-04-03T01:56:14.252+0600][17.816s][info][gc,heap     ] GC(38) y:   Garbage:         -               125M (17%)          25M (3%)            0M (0%)     
[2026-04-03T01:56:14.252+0600][17.816s][info][gc,heap     ] GC(38) y: Allocated:         -                12M (2%)           20M (3%)           37M (5%)     
[2026-04-03T01:56:14.252+0600][17.816s][info][gc,heap     ] GC(38) y: Reclaimed:         -                  -               100M (13%)         125M (17%)    
[2026-04-03T01:56:14.252+0600][17.816s][info][gc,heap     ] GC(38) y:  Promoted:         -                  -                 0M (0%)            0M (0%)     
[2026-04-03T01:56:14.252+0600][17.816s][info][gc,heap     ] GC(38) y: Compacted:         -                  -                  -                 0M (0%)     
[2026-04-03T01:56:14.252+0600][17.816s][info][gc,phases   ] GC(38) y: Young Generation 388M(52%)->300M(40%) 0.013s
[2026-04-03T01:56:14.252+0600][17.816s][info][gc          ] GC(38) Minor Collection (Allocation Rate) 388M(52%)->300M(40%) 0.014s
[2026-04-03T01:56:14.352+0600][17.916s][info][gc          ] GC(39) Minor Collection (Allocation Rate)
[2026-04-03T01:56:14.352+0600][17.916s][info][gc,task     ] GC(39) Using 2 Workers for Young Generation
[2026-04-03T01:56:14.352+0600][17.916s][info][gc,phases   ] GC(39) y: Young Generation
[2026-04-03T01:56:14.352+0600][17.916s][info][gc,phases   ] GC(39) y: Pause Mark Start 0.013ms
[2026-04-03T01:56:14.360+0600][17.924s][info][gc,phases   ] GC(39) y: Concurrent Mark 7.361ms
[2026-04-03T01:56:14.360+0600][17.924s][info][gc,phases   ] GC(39) y: Pause Mark End 0.019ms
[2026-04-03T01:56:14.360+0600][17.924s][info][gc,phases   ] GC(39) y: Concurrent Mark Free 0.001ms
[2026-04-03T01:56:14.360+0600][17.924s][info][gc,phases   ] GC(39) y: Concurrent Reset Relocation Set 0.003ms
[2026-04-03T01:56:14.361+0600][17.926s][info][gc,reloc    ] GC(39) y: Using tenuring threshold: 7 (Computed)
[2026-04-03T01:56:14.362+0600][17.926s][info][gc,phases   ] GC(39) y: Concurrent Select Relocation Set 1.612ms
[2026-04-03T01:56:14.362+0600][17.926s][info][gc,phases   ] GC(39) y: Pause Relocate Start 0.011ms
[2026-04-03T01:56:14.362+0600][17.927s][info][gc,phases   ] GC(39) y: Concurrent Relocate 0.498ms
[2026-04-03T01:56:14.363+0600][17.927s][info][gc,alloc    ] GC(39) y:                         Mark Start        Mark End      Relocate Start    Relocate End   
[2026-04-03T01:56:14.363+0600][17.927s][info][gc,alloc    ] GC(39) y: Allocation Stalls:          0                0                0                0         
[2026-04-03T01:56:14.363+0600][17.927s][info][gc,load     ] GC(39) y: Load: 4.20 (35%) / 6.61 (55%) / 7.08 (59%)
[2026-04-03T01:56:14.363+0600][17.927s][info][gc,mmu      ] GC(39) y: MMU: 2ms/95.1%, 5ms/98.0%, 10ms/98.7%, 20ms/99.3%, 50ms/99.6%, 100ms/99.7%
[2026-04-03T01:56:14.363+0600][17.927s][info][gc,marking  ] GC(39) y: Mark: 2 stripe(s), 2 proactive flush(es), 1 terminate flush(es), 0 completion(s), 0 continuation(s) 
[2026-04-03T01:56:14.363+0600][17.927s][info][gc,marking  ] GC(39) y: Mark Stack Usage: 32M
[2026-04-03T01:56:14.363+0600][17.927s][info][gc,nmethod  ] GC(39) y: NMethods: 4619 registered, 908 unregistered
[2026-04-03T01:56:14.363+0600][17.927s][info][gc,metaspace] GC(39) y: Metaspace: 62M used, 63M committed, 1088M reserved
[2026-04-03T01:56:14.363+0600][17.927s][info][gc,reloc    ] GC(39) y:                        Candidates     Selected     In-Place         Size        Empty    Relocated 
[2026-04-03T01:56:14.363+0600][17.927s][info][gc,reloc    ] GC(39) y: Small Pages:                   93           15            0         186M         154M           0M 
[2026-04-03T01:56:14.363+0600][17.927s][info][gc,reloc    ] GC(39) y: Medium Pages:                   1            0            0          16M          16M           0M 
[2026-04-03T01:56:14.363+0600][17.927s][info][gc,reloc    ] GC(39) y: Large Pages:                    0            0            0           0M           0M           0M 
[2026-04-03T01:56:14.363+0600][17.927s][info][gc,reloc    ] GC(39) y: Forwarding Usage: 0M
[2026-04-03T01:56:14.363+0600][17.927s][info][gc,reloc    ] GC(39) y: Age Table:
[2026-04-03T01:56:14.363+0600][17.927s][info][gc,reloc    ] GC(39) y:                    Live             Garbage             Small              Medium             Large        
[2026-04-03T01:56:14.363+0600][17.927s][info][gc,reloc    ] GC(39) y: Eden               0M (0%)          185M (25%)         85 / 9              1 / 0              0 / 0        
[2026-04-03T01:56:14.363+0600][17.927s][info][gc,reloc    ] GC(39) y: Survivor 1         0M (0%)            5M (1%)           3 / 3              0 / 0              0 / 0        
[2026-04-03T01:56:14.363+0600][17.927s][info][gc,reloc    ] GC(39) y: Survivor 2         0M (0%)            1M (0%)           1 / 1              0 / 0              0 / 0        
[2026-04-03T01:56:14.363+0600][17.927s][info][gc,reloc    ] GC(39) y: Survivor 3          -                 2M (0%)           1 / 0              0 / 0              0 / 0        
[2026-04-03T01:56:14.363+0600][17.927s][info][gc,reloc    ] GC(39) y: Survivor 4          -                 2M (0%)           1 / 0              0 / 0              0 / 0        
[2026-04-03T01:56:14.363+0600][17.927s][info][gc,reloc    ] GC(39) y: Survivor 5         0M (0%)            1M (0%)           1 / 1              0 / 0              0 / 0        
[2026-04-03T01:56:14.363+0600][17.927s][info][gc,reloc    ] GC(39) y: Survivor 6         0M (0%)            1M (0%)           1 / 1              0 / 0              0 / 0        
[2026-04-03T01:56:14.363+0600][17.927s][info][gc,heap     ] GC(39) y: Min Capacity: 8M(1%)
[2026-04-03T01:56:14.363+0600][17.927s][info][gc,heap     ] GC(39) y: Max Capacity: 750M(100%)
[2026-04-03T01:56:14.363+0600][17.927s][info][gc,heap     ] GC(39) y: Soft Max Capacity: 750M(100%)
[2026-04-03T01:56:14.363+0600][17.927s][info][gc,heap     ] GC(39) y: Heap Statistics:
[2026-04-03T01:56:14.363+0600][17.927s][info][gc,heap     ] GC(39) y:                Mark Start          Mark End        Relocate Start      Relocate End           High               Low         
[2026-04-03T01:56:14.363+0600][17.927s][info][gc,heap     ] GC(39) y:  Capacity:      750M (100%)        750M (100%)        750M (100%)        750M (100%)        750M (100%)        750M (100%)   
[2026-04-03T01:56:14.363+0600][17.927s][info][gc,heap     ] GC(39) y:      Free:      286M (38%)         274M (37%)         442M (59%)         458M (61%)         458M (61%)         274M (37%)    
[2026-04-03T01:56:14.363+0600][17.927s][info][gc,heap     ] GC(39) y:      Used:      464M (62%)         476M (63%)         308M (41%)         292M (39%)         476M (63%)         292M (39%)    
[2026-04-03T01:56:14.363+0600][17.927s][info][gc,heap     ] GC(39) y: Young Generation Statistics:
[2026-04-03T01:56:14.363+0600][17.927s][info][gc,heap     ] GC(39) y:                Mark Start          Mark End        Relocate Start      Relocate End    
[2026-04-03T01:56:14.363+0600][17.927s][info][gc,heap     ] GC(39) y:      Used:      202M (27%)         214M (29%)          46M (6%)           30M (4%)     
[2026-04-03T01:56:14.363+0600][17.927s][info][gc,heap     ] GC(39) y:      Live:         -                 0M (0%)            0M (0%)            0M (0%)     
[2026-04-03T01:56:14.363+0600][17.927s][info][gc,heap     ] GC(39) y:   Garbage:         -               201M (27%)          31M (4%)            0M (0%)     
[2026-04-03T01:56:14.363+0600][17.927s][info][gc,heap     ] GC(39) y: Allocated:         -                12M (2%)           14M (2%)           29M (4%)     
[2026-04-03T01:56:14.363+0600][17.927s][info][gc,heap     ] GC(39) y: Reclaimed:         -                  -               170M (23%)         201M (27%)    
[2026-04-03T01:56:14.363+0600][17.927s][info][gc,heap     ] GC(39) y:  Promoted:         -                  -                 0M (0%)            0M (0%)     
[2026-04-03T01:56:14.363+0600][17.927s][info][gc,heap     ] GC(39) y: Compacted:         -                  -                  -                 0M (0%)     
[2026-04-03T01:56:14.363+0600][17.927s][info][gc,phases   ] GC(39) y: Young Generation 464M(62%)->292M(39%) 0.010s
[2026-04-03T01:56:14.363+0600][17.927s][info][gc          ] GC(39) Minor Collection (Allocation Rate) 464M(62%)->294M(39%) 0.011s
[2026-04-03T01:56:14.490+0600][18.054s][info][gc          ] GC(40) Minor Collection (Allocation Rate)
[2026-04-03T01:56:14.490+0600][18.054s][info][gc,task     ] GC(40) Using 1 Workers for Young Generation
[2026-04-03T01:56:14.490+0600][18.054s][info][gc,phases   ] GC(40) y: Young Generation
[2026-04-03T01:56:14.490+0600][18.054s][info][gc,phases   ] GC(40) y: Pause Mark Start 0.019ms
[2026-04-03T01:56:14.499+0600][18.063s][info][gc,phases   ] GC(40) y: Concurrent Mark 8.831ms
[2026-04-03T01:56:14.499+0600][18.063s][info][gc,phases   ] GC(40) y: Pause Mark End 0.018ms
[2026-04-03T01:56:14.499+0600][18.063s][info][gc,phases   ] GC(40) y: Concurrent Mark Free 0.001ms
[2026-04-03T01:56:14.499+0600][18.063s][info][gc,phases   ] GC(40) y: Concurrent Reset Relocation Set 0.003ms
[2026-04-03T01:56:14.503+0600][18.067s][info][gc,reloc    ] GC(40) y: Using tenuring threshold: 1 (Computed)
[2026-04-03T01:56:14.504+0600][18.068s][info][gc,phases   ] GC(40) y: Concurrent Select Relocation Set 4.765ms
[2026-04-03T01:56:14.504+0600][18.068s][info][gc,phases   ] GC(40) y: Pause Relocate Start 0.018ms
[2026-04-03T01:56:14.505+0600][18.069s][info][gc,phases   ] GC(40) y: Concurrent Relocate 0.836ms
[2026-04-03T01:56:14.505+0600][18.069s][info][gc,alloc    ] GC(40) y:                         Mark Start        Mark End      Relocate Start    Relocate End   
[2026-04-03T01:56:14.505+0600][18.069s][info][gc,alloc    ] GC(40) y: Allocation Stalls:          0                0                0                0         
[2026-04-03T01:56:14.505+0600][18.069s][info][gc,load     ] GC(40) y: Load: 4.10 (34%) / 6.55 (55%) / 7.06 (59%)
[2026-04-03T01:56:14.505+0600][18.069s][info][gc,mmu      ] GC(40) y: MMU: 2ms/95.1%, 5ms/98.0%, 10ms/98.7%, 20ms/99.3%, 50ms/99.6%, 100ms/99.7%
[2026-04-03T01:56:14.505+0600][18.069s][info][gc,marking  ] GC(40) y: Mark: 1 stripe(s), 2 proactive flush(es), 1 terminate flush(es), 0 completion(s), 0 continuation(s) 
[2026-04-03T01:56:14.505+0600][18.069s][info][gc,marking  ] GC(40) y: Mark Stack Usage: 32M
[2026-04-03T01:56:14.505+0600][18.069s][info][gc,nmethod  ] GC(40) y: NMethods: 4621 registered, 908 unregistered
[2026-04-03T01:56:14.505+0600][18.069s][info][gc,metaspace] GC(40) y: Metaspace: 62M used, 63M committed, 1088M reserved
[2026-04-03T01:56:14.505+0600][18.069s][info][gc,reloc    ] GC(40) y:                        Candidates     Selected     In-Place         Size        Empty    Relocated 
[2026-04-03T01:56:14.505+0600][18.069s][info][gc,reloc    ] GC(40) y: Small Pages:                  112           11            0         224M         200M           0M 
[2026-04-03T01:56:14.505+0600][18.069s][info][gc,reloc    ] GC(40) y: Medium Pages:                   0            0            0           0M           0M           0M 
[2026-04-03T01:56:14.505+0600][18.069s][info][gc,reloc    ] GC(40) y: Large Pages:                    0            0            0           0M           0M           0M 
[2026-04-03T01:56:14.505+0600][18.069s][info][gc,reloc    ] GC(40) y: Forwarding Usage: 0M
[2026-04-03T01:56:14.505+0600][18.069s][info][gc,reloc    ] GC(40) y: Age Table:
[2026-04-03T01:56:14.505+0600][18.069s][info][gc,reloc    ] GC(40) y:                    Live             Garbage             Small              Medium             Large        
[2026-04-03T01:56:14.505+0600][18.069s][info][gc,reloc    ] GC(40) y: Eden               0M (0%)          207M (28%)        104 / 4              0 / 0              0 / 0        
[2026-04-03T01:56:14.505+0600][18.069s][info][gc,reloc    ] GC(40) y: Survivor 1         0M (0%)            5M (1%)           3 / 3              0 / 0              0 / 0        
[2026-04-03T01:56:14.505+0600][18.069s][info][gc,reloc    ] GC(40) y: Survivor 2         0M (0%)            3M (1%)           2 / 1              0 / 0              0 / 0        
[2026-04-03T01:56:14.505+0600][18.069s][info][gc,reloc    ] GC(40) y: Survivor 3         0M (0%)            1M (0%)           1 / 1              0 / 0              0 / 0        
[2026-04-03T01:56:14.505+0600][18.069s][info][gc,reloc    ] GC(40) y: Survivor 4          -                 0M (0%)           0 / 0              0 / 0              0 / 0        
[2026-04-03T01:56:14.505+0600][18.069s][info][gc,reloc    ] GC(40) y: Survivor 5          -                 0M (0%)           0 / 0              0 / 0              0 / 0        
[2026-04-03T01:56:14.505+0600][18.069s][info][gc,reloc    ] GC(40) y: Survivor 6         0M (0%)            1M (0%)           1 / 1              0 / 0              0 / 0        
[2026-04-03T01:56:14.505+0600][18.069s][info][gc,reloc    ] GC(40) y: Survivor 7         0M (0%)            1M (0%)           1 / 1              0 / 0              0 / 0        
[2026-04-03T01:56:14.505+0600][18.070s][info][gc,heap     ] GC(40) y: Min Capacity: 8M(1%)
[2026-04-03T01:56:14.505+0600][18.070s][info][gc,heap     ] GC(40) y: Max Capacity: 750M(100%)
[2026-04-03T01:56:14.505+0600][18.070s][info][gc,heap     ] GC(40) y: Soft Max Capacity: 750M(100%)
[2026-04-03T01:56:14.505+0600][18.070s][info][gc,heap     ] GC(40) y: Heap Statistics:
[2026-04-03T01:56:14.505+0600][18.070s][info][gc,heap     ] GC(40) y:                Mark Start          Mark End        Relocate Start      Relocate End           High               Low         
[2026-04-03T01:56:14.505+0600][18.070s][info][gc,heap     ] GC(40) y:  Capacity:      750M (100%)        750M (100%)        750M (100%)        750M (100%)        750M (100%)        750M (100%)   
[2026-04-03T01:56:14.505+0600][18.070s][info][gc,heap     ] GC(40) y:      Free:      264M (35%)         250M (33%)         442M (59%)         460M (61%)         460M (61%)         250M (33%)    
[2026-04-03T01:56:14.505+0600][18.070s][info][gc,heap     ] GC(40) y:      Used:      486M (65%)         500M (67%)         308M (41%)         290M (39%)         500M (67%)         290M (39%)    
[2026-04-03T01:56:14.505+0600][18.070s][info][gc,heap     ] GC(40) y: Young Generation Statistics:
[2026-04-03T01:56:14.505+0600][18.070s][info][gc,heap     ] GC(40) y:                Mark Start          Mark End        Relocate Start      Relocate End    
[2026-04-03T01:56:14.505+0600][18.070s][info][gc,heap     ] GC(40) y:      Used:      224M (30%)         238M (32%)          46M (6%)           26M (3%)     
[2026-04-03T01:56:14.505+0600][18.070s][info][gc,heap     ] GC(40) y:      Live:         -                 0M (0%)            0M (0%)            0M (0%)     
[2026-04-03T01:56:14.505+0600][18.070s][info][gc,heap     ] GC(40) y:   Garbage:         -               223M (30%)          23M (3%)            0M (0%)     
[2026-04-03T01:56:14.505+0600][18.070s][info][gc,heap     ] GC(40) y: Allocated:         -                14M (2%)           22M (3%)           25M (3%)     
[2026-04-03T01:56:14.505+0600][18.070s][info][gc,heap     ] GC(40) y: Reclaimed:         -                  -               200M (27%)         223M (30%)    
[2026-04-03T01:56:14.506+0600][18.070s][info][gc,heap     ] GC(40) y:  Promoted:         -                  -                 0M (0%)            0M (0%)     
[2026-04-03T01:56:14.506+0600][18.070s][info][gc,heap     ] GC(40) y: Compacted:         -                  -                  -                 0M (0%)     
[2026-04-03T01:56:14.506+0600][18.070s][info][gc,phases   ] GC(40) y: Young Generation 486M(65%)->290M(39%) 0.015s
[2026-04-03T01:56:14.506+0600][18.070s][info][gc          ] GC(40) Minor Collection (Allocation Rate) 486M(65%)->292M(39%) 0.016s
[2026-04-03T01:56:14.535+0600][18.100s][info][gc,phases   ] GC(34) O: Concurrent Mark 386.324ms
[2026-04-03T01:56:14.536+0600][18.100s][info][gc,phases   ] GC(34) O: Pause Mark End 0.019ms
[2026-04-03T01:56:14.536+0600][18.100s][info][gc,phases   ] GC(34) O: Concurrent Mark Free 0.000ms
[2026-04-03T01:56:14.547+0600][18.111s][info][gc,phases   ] GC(34) O: Concurrent Process Non-Strong 11.582ms
[2026-04-03T01:56:14.547+0600][18.111s][info][gc,phases   ] GC(34) O: Concurrent Reset Relocation Set 0.003ms
[2026-04-03T01:56:14.556+0600][18.120s][info][gc,phases   ] GC(34) O: Concurrent Select Relocation Set 8.763ms
[2026-04-03T01:56:14.556+0600][18.120s][info][gc,task     ] GC(34) O: Using 2 Workers for Old Generation
[2026-04-03T01:56:14.578+0600][18.142s][info][gc,task     ] GC(34) O: Using 1 Workers for Old Generation
[2026-04-03T01:56:14.578+0600][18.143s][info][gc,phases   ] GC(34) O: Concurrent Remap Roots 22.257ms
[2026-04-03T01:56:14.579+0600][18.143s][info][gc,phases   ] GC(34) O: Pause Relocate Start 0.017ms
[2026-04-03T01:56:14.601+0600][18.165s][info][gc,phases   ] GC(34) O: Concurrent Relocate 22.664ms
[2026-04-03T01:56:14.601+0600][18.165s][info][gc,alloc    ] GC(34) O:                         Mark Start        Mark End      Relocate Start    Relocate End   
[2026-04-03T01:56:14.601+0600][18.165s][info][gc,alloc    ] GC(34) O: Allocation Stalls:          0                0                0                0         
[2026-04-03T01:56:14.601+0600][18.165s][info][gc,load     ] GC(34) O: Load: 4.10 (34%) / 6.55 (55%) / 7.06 (59%)
[2026-04-03T01:56:14.601+0600][18.165s][info][gc,mmu      ] GC(34) O: MMU: 2ms/95.1%, 5ms/98.0%, 10ms/98.7%, 20ms/99.3%, 50ms/99.6%, 100ms/99.7%
[2026-04-03T01:56:14.601+0600][18.166s][info][gc,marking  ] GC(34) O: Mark: 1 stripe(s), 2 proactive flush(es), 1 terminate flush(es), 0 completion(s), 0 continuation(s) 
[2026-04-03T01:56:14.601+0600][18.166s][info][gc,marking  ] GC(34) O: Mark Stack Usage: 32M
[2026-04-03T01:56:14.601+0600][18.166s][info][gc,nmethod  ] GC(34) O: NMethods: 4591 registered, 938 unregistered
[2026-04-03T01:56:14.601+0600][18.166s][info][gc,metaspace] GC(34) O: Metaspace: 62M used, 63M committed, 1088M reserved
[2026-04-03T01:56:14.601+0600][18.166s][info][gc,ref      ] GC(34) O:                       Encountered   Discovered     Enqueued 
[2026-04-03T01:56:14.601+0600][18.166s][info][gc,ref      ] GC(34) O: Soft References:             4750            0            0 
[2026-04-03T01:56:14.601+0600][18.166s][info][gc,ref      ] GC(34) O: Weak References:             5763         4296            1 
[2026-04-03T01:56:14.601+0600][18.166s][info][gc,ref      ] GC(34) O: Final References:              82            0            0 
[2026-04-03T01:56:14.601+0600][18.166s][info][gc,ref      ] GC(34) O: Phantom References:           593          579            0 
[2026-04-03T01:56:14.601+0600][18.166s][info][gc,reloc    ] GC(34) O:                        Candidates     Selected     In-Place         Size        Empty    Relocated 
[2026-04-03T01:56:14.601+0600][18.166s][info][gc,reloc    ] GC(34) O: Small Pages:                  107           10            0         214M           0M           3M 
[2026-04-03T01:56:14.602+0600][18.166s][info][gc,reloc    ] GC(34) O: Medium Pages:                   1            0            0          16M           0M           0M 
[2026-04-03T01:56:14.602+0600][18.166s][info][gc,reloc    ] GC(34) O: Large Pages:                    5            0            0          32M          16M           0M 
[2026-04-03T01:56:14.602+0600][18.166s][info][gc,reloc    ] GC(34) O: Forwarding Usage: 6M
[2026-04-03T01:56:14.602+0600][18.166s][info][gc,heap     ] GC(34) O: Min Capacity: 8M(1%)
[2026-04-03T01:56:14.602+0600][18.166s][info][gc,heap     ] GC(34) O: Max Capacity: 750M(100%)
[2026-04-03T01:56:14.602+0600][18.166s][info][gc,heap     ] GC(34) O: Soft Max Capacity: 750M(100%)
[2026-04-03T01:56:14.602+0600][18.166s][info][gc,heap     ] GC(34) O: Heap Statistics:
[2026-04-03T01:56:14.602+0600][18.166s][info][gc,heap     ] GC(34) O:                Mark Start          Mark End        Relocate Start      Relocate End           High               Low         
[2026-04-03T01:56:14.602+0600][18.166s][info][gc,heap     ] GC(34) O:  Capacity:      750M (100%)        750M (100%)        750M (100%)        750M (100%)        750M (100%)        750M (100%)   
[2026-04-03T01:56:14.602+0600][18.166s][info][gc,heap     ] GC(34) O:      Free:      270M (36%)         416M (55%)         368M (49%)         354M (47%)         460M (61%)         238M (32%)    
[2026-04-03T01:56:14.602+0600][18.166s][info][gc,heap     ] GC(34) O:      Used:      480M (64%)         334M (45%)         382M (51%)         396M (53%)         512M (68%)         290M (39%)    
[2026-04-03T01:56:14.602+0600][18.166s][info][gc,heap     ] GC(34) O: Old Generation Statistics:
[2026-04-03T01:56:14.602+0600][18.166s][info][gc,heap     ] GC(34) O:                Mark Start          Mark End        Relocate Start      Relocate End    
[2026-04-03T01:56:14.602+0600][18.166s][info][gc,heap     ] GC(34) O:      Used:      262M (35%)         264M (35%)         248M (33%)         230M (31%)    
[2026-04-03T01:56:14.602+0600][18.166s][info][gc,heap     ] GC(34) O:      Live:         -               209M (28%)         209M (28%)         209M (28%)    
[2026-04-03T01:56:14.602+0600][18.166s][info][gc,heap     ] GC(34) O:   Garbage:         -                52M (7%)           36M (5%)           15M (2%)     
[2026-04-03T01:56:14.602+0600][18.166s][info][gc,heap     ] GC(34) O: Allocated:         -                 2M (0%)            2M (0%)            5M (1%)     
[2026-04-03T01:56:14.602+0600][18.166s][info][gc,heap     ] GC(34) O: Reclaimed:         -                  -                16M (2%)           37M (5%)     
[2026-04-03T01:56:14.602+0600][18.166s][info][gc,heap     ] GC(34) O: Compacted:         -                  -                  -                10M (1%)     
[2026-04-03T01:56:14.602+0600][18.166s][info][gc,phases   ] GC(34) O: Old Generation 312M(42%)->396M(53%) 0.452s
[2026-04-03T01:56:14.602+0600][18.166s][info][gc          ] GC(34) Major Collection (Allocation Rate) 480M(64%)->396M(53%) 0.466s
[2026-04-03T01:56:14.768+0600][18.332s][info][gc          ] GC(41) Major Collection (System.gc())
[2026-04-03T01:56:14.770+0600][18.334s][info][gc,task     ] GC(41) Using 3 Workers for Young Generation
[2026-04-03T01:56:14.770+0600][18.334s][info][gc,task     ] GC(41) Using 3 Workers for Old Generation
[2026-04-03T01:56:14.770+0600][18.334s][info][gc,phases   ] GC(41) Y: Young Generation (Promote All)
[2026-04-03T01:56:14.770+0600][18.334s][info][gc,phases   ] GC(41) Y: Pause Mark Start 0.021ms
[2026-04-03T01:56:14.779+0600][18.343s][info][gc,phases   ] GC(41) Y: Concurrent Mark 8.908ms
[2026-04-03T01:56:14.779+0600][18.343s][info][gc,phases   ] GC(41) Y: Pause Mark End 0.026ms
[2026-04-03T01:56:14.779+0600][18.343s][info][gc,phases   ] GC(41) Y: Concurrent Mark Free 0.001ms
[2026-04-03T01:56:14.779+0600][18.344s][info][gc,phases   ] GC(41) Y: Concurrent Reset Relocation Set 0.003ms
[2026-04-03T01:56:14.782+0600][18.346s][info][gc,reloc    ] GC(41) Y: Using tenuring threshold: 0 (Promote All)
[2026-04-03T01:56:14.783+0600][18.347s][info][gc,phases   ] GC(41) Y: Concurrent Select Relocation Set 3.853ms
[2026-04-03T01:56:14.783+0600][18.348s][info][gc,phases   ] GC(41) Y: Pause Relocate Start 0.022ms
[2026-04-03T01:56:14.785+0600][18.349s][info][gc,phases   ] GC(41) Y: Concurrent Relocate 1.474ms
[2026-04-03T01:56:14.785+0600][18.349s][info][gc,alloc    ] GC(41) Y:                         Mark Start        Mark End      Relocate Start    Relocate End   
[2026-04-03T01:56:14.785+0600][18.349s][info][gc,alloc    ] GC(41) Y: Allocation Stalls:          0                0                0                0         
[2026-04-03T01:56:14.785+0600][18.349s][info][gc,load     ] GC(41) Y: Load: 4.10 (34%) / 6.55 (55%) / 7.06 (59%)
[2026-04-03T01:56:14.785+0600][18.349s][info][gc,mmu      ] GC(41) Y: MMU: 2ms/95.1%, 5ms/98.0%, 10ms/98.7%, 20ms/99.3%, 50ms/99.6%, 100ms/99.7%
[2026-04-03T01:56:14.785+0600][18.349s][info][gc,marking  ] GC(41) Y: Mark: 2 stripe(s), 1 proactive flush(es), 1 terminate flush(es), 0 completion(s), 0 continuation(s) 
[2026-04-03T01:56:14.785+0600][18.349s][info][gc,marking  ] GC(41) Y: Mark Stack Usage: 32M
[2026-04-03T01:56:14.785+0600][18.349s][info][gc,nmethod  ] GC(41) Y: NMethods: 4775 registered, 938 unregistered
[2026-04-03T01:56:14.785+0600][18.349s][info][gc,metaspace] GC(41) Y: Metaspace: 64M used, 65M committed, 1088M reserved
[2026-04-03T01:56:14.785+0600][18.349s][info][gc,reloc    ] GC(41) Y:                        Candidates     Selected     In-Place         Size        Empty    Relocated 
[2026-04-03T01:56:14.785+0600][18.349s][info][gc,reloc    ] GC(41) Y: Small Pages:                   97           17            0         194M         158M           0M 
[2026-04-03T01:56:14.785+0600][18.349s][info][gc,reloc    ] GC(41) Y: Medium Pages:                   1            0            0          16M          16M           0M 
[2026-04-03T01:56:14.785+0600][18.349s][info][gc,reloc    ] GC(41) Y: Large Pages:                    1            0            0           6M           6M           0M 
[2026-04-03T01:56:14.785+0600][18.349s][info][gc,reloc    ] GC(41) Y: Forwarding Usage: 0M
[2026-04-03T01:56:14.785+0600][18.349s][info][gc,reloc    ] GC(41) Y: Age Table:
[2026-04-03T01:56:14.785+0600][18.349s][info][gc,reloc    ] GC(41) Y:                    Live             Garbage             Small              Medium             Large        
[2026-04-03T01:56:14.785+0600][18.349s][info][gc,reloc    ] GC(41) Y: Eden               0M (0%)          211M (28%)         95 / 17             1 / 0              1 / 0        
[2026-04-03T01:56:14.785+0600][18.349s][info][gc,reloc    ] GC(41) Y: Survivor 1          -                 4M (1%)           2 / 0              0 / 0              0 / 0        
[2026-04-03T01:56:14.785+0600][18.349s][info][gc,heap     ] GC(41) Y: Min Capacity: 8M(1%)
[2026-04-03T01:56:14.785+0600][18.349s][info][gc,heap     ] GC(41) Y: Max Capacity: 750M(100%)
[2026-04-03T01:56:14.785+0600][18.349s][info][gc,heap     ] GC(41) Y: Soft Max Capacity: 750M(100%)
[2026-04-03T01:56:14.785+0600][18.349s][info][gc,heap     ] GC(41) Y: Heap Statistics:
[2026-04-03T01:56:14.785+0600][18.349s][info][gc,heap     ] GC(41) Y:                Mark Start          Mark End        Relocate Start      Relocate End           High               Low         
[2026-04-03T01:56:14.785+0600][18.349s][info][gc,heap     ] GC(41) Y:  Capacity:      750M (100%)        750M (100%)        750M (100%)        750M (100%)        750M (100%)        750M (100%)   
[2026-04-03T01:56:14.785+0600][18.349s][info][gc,heap     ] GC(41) Y:      Free:      304M (41%)         304M (41%)         484M (65%)         514M (69%)         514M (69%)         304M (41%)    
[2026-04-03T01:56:14.785+0600][18.349s][info][gc,heap     ] GC(41) Y:      Used:      446M (59%)         446M (59%)         266M (35%)         236M (31%)         446M (59%)         236M (31%)    
[2026-04-03T01:56:14.785+0600][18.349s][info][gc,heap     ] GC(41) Y: Young Generation Statistics:
[2026-04-03T01:56:14.785+0600][18.349s][info][gc,heap     ] GC(41) Y:                Mark Start          Mark End        Relocate Start      Relocate End    
[2026-04-03T01:56:14.785+0600][18.349s][info][gc,heap     ] GC(41) Y:      Used:      216M (29%)         216M (29%)          36M (5%)            0M (0%)     
[2026-04-03T01:56:14.785+0600][18.349s][info][gc,heap     ] GC(41) Y:      Live:         -                 0M (0%)            0M (0%)            0M (0%)     
[2026-04-03T01:56:14.785+0600][18.349s][info][gc,heap     ] GC(41) Y:   Garbage:         -               215M (29%)          35M (5%)            0M (0%)     
[2026-04-03T01:56:14.785+0600][18.349s][info][gc,heap     ] GC(41) Y: Allocated:         -                 0M (0%)            0M (0%)            0M (0%)     
[2026-04-03T01:56:14.785+0600][18.349s][info][gc,heap     ] GC(41) Y: Reclaimed:         -                  -               180M (24%)         215M (29%)    
[2026-04-03T01:56:14.785+0600][18.349s][info][gc,heap     ] GC(41) Y:  Promoted:         -                  -                 0M (0%)            0M (0%)     
[2026-04-03T01:56:14.785+0600][18.349s][info][gc,heap     ] GC(41) Y: Compacted:         -                  -                  -                 0M (0%)     
[2026-04-03T01:56:14.785+0600][18.349s][info][gc,phases   ] GC(41) Y: Young Generation (Promote All) 446M(59%)->236M(31%) 0.015s
[2026-04-03T01:56:14.785+0600][18.350s][info][gc,phases   ] GC(41) Y: Young Generation (Collect Roots)
[2026-04-03T01:56:14.786+0600][18.350s][info][gc,phases   ] GC(41) Y: Pause Mark Start (Major) 0.025ms
[2026-04-03T01:56:14.793+0600][18.357s][info][gc,phases   ] GC(41) Y: Concurrent Mark 6.928ms
[2026-04-03T01:56:14.793+0600][18.357s][info][gc,phases   ] GC(41) Y: Pause Mark End 0.028ms
[2026-04-03T01:56:14.793+0600][18.358s][info][gc,phases   ] GC(41) Y: Concurrent Mark Free 0.390ms
[2026-04-03T01:56:14.793+0600][18.358s][info][gc,phases   ] GC(41) Y: Concurrent Reset Relocation Set 0.003ms
[2026-04-03T01:56:14.795+0600][18.359s][info][gc,reloc    ] GC(41) Y: Using tenuring threshold: 0 (Computed)
[2026-04-03T01:56:14.796+0600][18.360s][info][gc,phases   ] GC(41) Y: Concurrent Select Relocation Set 2.030ms
[2026-04-03T01:56:14.796+0600][18.360s][info][gc,phases   ] GC(41) Y: Pause Relocate Start 0.028ms
[2026-04-03T01:56:14.796+0600][18.360s][info][gc,phases   ] GC(41) Y: Concurrent Relocate 0.204ms
[2026-04-03T01:56:14.796+0600][18.360s][info][gc,alloc    ] GC(41) Y:                         Mark Start        Mark End      Relocate Start    Relocate End   
[2026-04-03T01:56:14.796+0600][18.360s][info][gc,alloc    ] GC(41) Y: Allocation Stalls:          0                0                0                0         
[2026-04-03T01:56:14.796+0600][18.360s][info][gc,load     ] GC(41) Y: Load: 4.10 (34%) / 6.55 (55%) / 7.06 (59%)
[2026-04-03T01:56:14.796+0600][18.360s][info][gc,mmu      ] GC(41) Y: MMU: 2ms/95.1%, 5ms/98.0%, 10ms/98.7%, 20ms/99.3%, 50ms/99.6%, 100ms/99.7%
[2026-04-03T01:56:14.796+0600][18.360s][info][gc,marking  ] GC(41) Y: Mark: 2 stripe(s), 1 proactive flush(es), 1 terminate flush(es), 0 completion(s), 0 continuation(s) 
[2026-04-03T01:56:14.796+0600][18.360s][info][gc,marking  ] GC(41) Y: Mark Stack Usage: 0M
[2026-04-03T01:56:14.796+0600][18.360s][info][gc,nmethod  ] GC(41) Y: NMethods: 4775 registered, 938 unregistered
[2026-04-03T01:56:14.796+0600][18.360s][info][gc,metaspace] GC(41) Y: Metaspace: 64M used, 65M committed, 1088M reserved
[2026-04-03T01:56:14.796+0600][18.360s][info][gc,heap     ] GC(41) Y: Min Capacity: 8M(1%)
[2026-04-03T01:56:14.796+0600][18.360s][info][gc,heap     ] GC(41) Y: Max Capacity: 750M(100%)
[2026-04-03T01:56:14.796+0600][18.360s][info][gc,heap     ] GC(41) Y: Soft Max Capacity: 750M(100%)
[2026-04-03T01:56:14.796+0600][18.360s][info][gc,heap     ] GC(41) Y: Heap Statistics:
[2026-04-03T01:56:14.796+0600][18.360s][info][gc,heap     ] GC(41) Y:                Mark Start          Mark End        Relocate Start      Relocate End           High               Low         
[2026-04-03T01:56:14.796+0600][18.360s][info][gc,heap     ] GC(41) Y:  Capacity:      750M (100%)        750M (100%)        750M (100%)        750M (100%)        750M (100%)        750M (100%)   
[2026-04-03T01:56:14.796+0600][18.360s][info][gc,heap     ] GC(41) Y:      Free:      514M (69%)         514M (69%)         514M (69%)         514M (69%)         514M (69%)         514M (69%)    
[2026-04-03T01:56:14.796+0600][18.360s][info][gc,heap     ] GC(41) Y:      Used:      236M (31%)         236M (31%)         236M (31%)         236M (31%)         236M (31%)         236M (31%)    
[2026-04-03T01:56:14.796+0600][18.360s][info][gc,heap     ] GC(41) Y: Young Generation Statistics:
[2026-04-03T01:56:14.796+0600][18.360s][info][gc,heap     ] GC(41) Y:                Mark Start          Mark End        Relocate Start      Relocate End    
[2026-04-03T01:56:14.796+0600][18.360s][info][gc,heap     ] GC(41) Y:      Used:        0M (0%)            0M (0%)            0M (0%)            0M (0%)     
[2026-04-03T01:56:14.796+0600][18.360s][info][gc,heap     ] GC(41) Y:      Live:         -                 0M (0%)            0M (0%)            0M (0%)     
[2026-04-03T01:56:14.796+0600][18.360s][info][gc,heap     ] GC(41) Y:   Garbage:         -                 0M (0%)            0M (0%)            0M (0%)     
[2026-04-03T01:56:14.796+0600][18.360s][info][gc,heap     ] GC(41) Y: Allocated:         -                 0M (0%)            0M (0%)            0M (0%)     
[2026-04-03T01:56:14.796+0600][18.360s][info][gc,heap     ] GC(41) Y: Reclaimed:         -                  -                 0M (0%)            0M (0%)     
[2026-04-03T01:56:14.796+0600][18.360s][info][gc,heap     ] GC(41) Y:  Promoted:         -                  -                 0M (0%)            0M (0%)     
[2026-04-03T01:56:14.796+0600][18.360s][info][gc,heap     ] GC(41) Y: Compacted:         -                  -                  -                 0M (0%)     
[2026-04-03T01:56:14.796+0600][18.360s][info][gc,phases   ] GC(41) Y: Young Generation (Collect Roots) 236M(31%)->236M(31%) 0.011s
[2026-04-03T01:56:14.796+0600][18.361s][info][gc,phases   ] GC(41) O: Old Generation
[2026-04-03T01:56:14.973+0600][18.537s][info][gc,phases   ] GC(41) O: Concurrent Mark 176.422ms
[2026-04-03T01:56:14.973+0600][18.537s][info][gc,phases   ] GC(41) O: Pause Mark End 0.025ms
[2026-04-03T01:56:14.973+0600][18.537s][info][gc,phases   ] GC(41) O: Concurrent Mark Free 0.002ms
[2026-04-03T01:56:14.991+0600][18.555s][info][gc,phases   ] GC(41) O: Concurrent Process Non-Strong 17.876ms
[2026-04-03T01:56:14.991+0600][18.555s][info][gc,phases   ] GC(41) O: Concurrent Reset Relocation Set 0.007ms
[2026-04-03T01:56:14.993+0600][18.557s][info][gc,phases   ] GC(41) O: Concurrent Select Relocation Set 1.900ms
[2026-04-03T01:56:14.993+0600][18.557s][info][gc,task     ] GC(41) O: Using 3 Workers for Old Generation
[2026-04-03T01:56:15.011+0600][18.575s][info][gc,task     ] GC(41) O: Using 3 Workers for Old Generation
[2026-04-03T01:56:15.011+0600][18.576s][info][gc,phases   ] GC(41) O: Concurrent Remap Roots 18.358ms
[2026-04-03T01:56:15.012+0600][18.576s][info][gc,phases   ] GC(41) O: Pause Relocate Start 0.024ms
[2026-04-03T01:56:15.012+0600][18.577s][info][gc,phases   ] GC(41) O: Concurrent Relocate 0.812ms
[2026-04-03T01:56:15.013+0600][18.577s][info][gc,alloc    ] GC(41) O:                         Mark Start        Mark End      Relocate Start    Relocate End   
[2026-04-03T01:56:15.013+0600][18.577s][info][gc,alloc    ] GC(41) O: Allocation Stalls:          0                0                0                0         
[2026-04-03T01:56:15.013+0600][18.577s][info][gc,load     ] GC(41) O: Load: 4.10 (34%) / 6.55 (55%) / 7.06 (59%)
[2026-04-03T01:56:15.013+0600][18.577s][info][gc,mmu      ] GC(41) O: MMU: 2ms/95.1%, 5ms/98.0%, 10ms/98.7%, 20ms/99.3%, 50ms/99.6%, 100ms/99.7%
[2026-04-03T01:56:15.013+0600][18.577s][info][gc,marking  ] GC(41) O: Mark: 2 stripe(s), 2 proactive flush(es), 1 terminate flush(es), 0 completion(s), 0 continuation(s) 
[2026-04-03T01:56:15.013+0600][18.577s][info][gc,marking  ] GC(41) O: Mark Stack Usage: 32M
[2026-04-03T01:56:15.013+0600][18.577s][info][gc,nmethod  ] GC(41) O: NMethods: 4746 registered, 0 unregistered
[2026-04-03T01:56:15.013+0600][18.577s][info][gc,metaspace] GC(41) O: Metaspace: 64M used, 65M committed, 1088M reserved
[2026-04-03T01:56:15.013+0600][18.577s][info][gc,ref      ] GC(41) O:                       Encountered   Discovered     Enqueued 
[2026-04-03T01:56:15.013+0600][18.577s][info][gc,ref      ] GC(41) O: Soft References:             4784            0            0 
[2026-04-03T01:56:15.013+0600][18.577s][info][gc,ref      ] GC(41) O: Weak References:             6059         4413          384 
[2026-04-03T01:56:15.013+0600][18.577s][info][gc,ref      ] GC(41) O: Final References:              82           42            0 
[2026-04-03T01:56:15.013+0600][18.577s][info][gc,ref      ] GC(41) O: Phantom References:           594          336            0 
[2026-04-03T01:56:15.013+0600][18.577s][info][gc,reloc    ] GC(41) O:                        Candidates     Selected     In-Place         Size        Empty    Relocated 
[2026-04-03T01:56:15.013+0600][18.577s][info][gc,reloc    ] GC(41) O: Small Pages:                  102            5            0         204M           0M           0M 
[2026-04-03T01:56:15.013+0600][18.577s][info][gc,reloc    ] GC(41) O: Medium Pages:                   1            0            0          16M           0M           0M 
[2026-04-03T01:56:15.013+0600][18.577s][info][gc,reloc    ] GC(41) O: Large Pages:                    3            0            0          16M           0M           0M 
[2026-04-03T01:56:15.013+0600][18.577s][info][gc,reloc    ] GC(41) O: Forwarding Usage: 0M
[2026-04-03T01:56:15.013+0600][18.577s][info][gc,heap     ] GC(41) O: Min Capacity: 8M(1%)
[2026-04-03T01:56:15.013+0600][18.577s][info][gc,heap     ] GC(41) O: Max Capacity: 750M(100%)
[2026-04-03T01:56:15.013+0600][18.577s][info][gc,heap     ] GC(41) O: Soft Max Capacity: 750M(100%)
[2026-04-03T01:56:15.013+0600][18.577s][info][gc,heap     ] GC(41) O: Heap Statistics:
[2026-04-03T01:56:15.013+0600][18.577s][info][gc,heap     ] GC(41) O:                Mark Start          Mark End        Relocate Start      Relocate End           High               Low         
[2026-04-03T01:56:15.013+0600][18.577s][info][gc,heap     ] GC(41) O:  Capacity:      750M (100%)        750M (100%)        750M (100%)        750M (100%)        750M (100%)        750M (100%)   
[2026-04-03T01:56:15.013+0600][18.577s][info][gc,heap     ] GC(41) O:      Free:      514M (69%)         510M (68%)         492M (66%)         498M (66%)         514M (69%)         488M (65%)    
[2026-04-03T01:56:15.013+0600][18.577s][info][gc,heap     ] GC(41) O:      Used:      236M (31%)         240M (32%)         258M (34%)         252M (34%)         262M (35%)         236M (31%)    
[2026-04-03T01:56:15.013+0600][18.577s][info][gc,heap     ] GC(41) O: Old Generation Statistics:
[2026-04-03T01:56:15.013+0600][18.577s][info][gc,heap     ] GC(41) O:                Mark Start          Mark End        Relocate Start      Relocate End    
[2026-04-03T01:56:15.013+0600][18.577s][info][gc,heap     ] GC(41) O:      Used:      236M (31%)         236M (31%)         236M (31%)         230M (31%)    
[2026-04-03T01:56:15.013+0600][18.577s][info][gc,heap     ] GC(41) O:      Live:         -               209M (28%)         209M (28%)         209M (28%)    
[2026-04-03T01:56:15.013+0600][18.577s][info][gc,heap     ] GC(41) O:   Garbage:         -                26M (4%)           26M (4%)           15M (2%)     
[2026-04-03T01:56:15.013+0600][18.577s][info][gc,heap     ] GC(41) O: Allocated:         -                 0M (0%)            0M (0%)            5M (1%)     
[2026-04-03T01:56:15.013+0600][18.577s][info][gc,heap     ] GC(41) O: Reclaimed:         -                  -                 0M (0%)           11M (1%)     
[2026-04-03T01:56:15.013+0600][18.577s][info][gc,heap     ] GC(41) O: Compacted:         -                  -                  -                 0M (0%)     
[2026-04-03T01:56:15.013+0600][18.577s][info][gc,phases   ] GC(41) O: Old Generation 236M(31%)->252M(34%) 0.216s
[2026-04-03T01:56:15.013+0600][18.577s][info][gc          ] GC(41) Major Collection (System.gc()) 446M(59%)->252M(34%) 0.245s
[2026-04-03T01:56:15.237+0600][18.801s][info][gc          ] GC(42) Minor Collection (Allocation Rate)
[2026-04-03T01:56:15.237+0600][18.801s][info][gc,task     ] GC(42) Using 1 Workers for Young Generation
[2026-04-03T01:56:15.237+0600][18.801s][info][gc,phases   ] GC(42) y: Young Generation
[2026-04-03T01:56:15.237+0600][18.801s][info][gc,phases   ] GC(42) y: Pause Mark Start 0.021ms
[2026-04-03T01:56:15.249+0600][18.813s][info][gc,phases   ] GC(42) y: Concurrent Mark 11.918ms
[2026-04-03T01:56:15.250+0600][18.814s][info][gc,phases   ] GC(42) y: Pause Mark End 0.035ms
[2026-04-03T01:56:15.250+0600][18.814s][info][gc,phases   ] GC(42) y: Concurrent Mark Free 0.002ms
[2026-04-03T01:56:15.250+0600][18.814s][info][gc,phases   ] GC(42) y: Concurrent Reset Relocation Set 0.001ms
[2026-04-03T01:56:15.251+0600][18.815s][info][gc,reloc    ] GC(42) y: Using tenuring threshold: 1 (Computed)
[2026-04-03T01:56:15.252+0600][18.816s][info][gc,phases   ] GC(42) y: Concurrent Select Relocation Set 1.927ms
[2026-04-03T01:56:15.252+0600][18.816s][info][gc,phases   ] GC(42) y: Pause Relocate Start 0.019ms
[2026-04-03T01:56:15.253+0600][18.817s][info][gc,phases   ] GC(42) y: Concurrent Relocate 0.916ms
[2026-04-03T01:56:15.253+0600][18.817s][info][gc,alloc    ] GC(42) y:                         Mark Start        Mark End      Relocate Start    Relocate End   
[2026-04-03T01:56:15.253+0600][18.817s][info][gc,alloc    ] GC(42) y: Allocation Stalls:          0                0                0                0         
[2026-04-03T01:56:15.253+0600][18.817s][info][gc,load     ] GC(42) y: Load: 4.10 (34%) / 6.55 (55%) / 7.06 (59%)
[2026-04-03T01:56:15.253+0600][18.817s][info][gc,mmu      ] GC(42) y: MMU: 2ms/95.1%, 5ms/98.0%, 10ms/98.7%, 20ms/99.3%, 50ms/99.6%, 100ms/99.7%
[2026-04-03T01:56:15.253+0600][18.817s][info][gc,marking  ] GC(42) y: Mark: 1 stripe(s), 2 proactive flush(es), 1 terminate flush(es), 0 completion(s), 0 continuation(s) 
[2026-04-03T01:56:15.253+0600][18.817s][info][gc,marking  ] GC(42) y: Mark Stack Usage: 32M
[2026-04-03T01:56:15.253+0600][18.817s][info][gc,nmethod  ] GC(42) y: NMethods: 4898 registered, 0 unregistered
[2026-04-03T01:56:15.253+0600][18.817s][info][gc,metaspace] GC(42) y: Metaspace: 64M used, 65M committed, 1088M reserved
[2026-04-03T01:56:15.253+0600][18.817s][info][gc,reloc    ] GC(42) y:                        Candidates     Selected     In-Place         Size        Empty    Relocated 
[2026-04-03T01:56:15.253+0600][18.817s][info][gc,reloc    ] GC(42) y: Small Pages:                  128           22            0         256M         210M           0M 
[2026-04-03T01:56:15.253+0600][18.817s][info][gc,reloc    ] GC(42) y: Medium Pages:                   1            0            0          16M          16M           0M 
[2026-04-03T01:56:15.253+0600][18.817s][info][gc,reloc    ] GC(42) y: Large Pages:                    2            0            0          12M          12M           0M 
[2026-04-03T01:56:15.253+0600][18.817s][info][gc,reloc    ] GC(42) y: Forwarding Usage: 0M
[2026-04-03T01:56:15.253+0600][18.817s][info][gc,reloc    ] GC(42) y: Age Table:
[2026-04-03T01:56:15.253+0600][18.817s][info][gc,reloc    ] GC(42) y:                    Live             Garbage             Small              Medium             Large        
[2026-04-03T01:56:15.253+0600][18.817s][info][gc,reloc    ] GC(42) y: Eden               0M (0%)          283M (38%)        128 / 22             1 / 0              2 / 0        
[2026-04-03T01:56:15.253+0600][18.817s][info][gc,heap     ] GC(42) y: Min Capacity: 8M(1%)
[2026-04-03T01:56:15.253+0600][18.817s][info][gc,heap     ] GC(42) y: Max Capacity: 750M(100%)
[2026-04-03T01:56:15.253+0600][18.817s][info][gc,heap     ] GC(42) y: Soft Max Capacity: 750M(100%)
[2026-04-03T01:56:15.253+0600][18.817s][info][gc,heap     ] GC(42) y: Heap Statistics:
[2026-04-03T01:56:15.253+0600][18.817s][info][gc,heap     ] GC(42) y:                Mark Start          Mark End        Relocate Start      Relocate End           High               Low         
[2026-04-03T01:56:15.253+0600][18.817s][info][gc,heap     ] GC(42) y:  Capacity:      750M (100%)        750M (100%)        750M (100%)        750M (100%)        750M (100%)        750M (100%)   
[2026-04-03T01:56:15.253+0600][18.817s][info][gc,heap     ] GC(42) y:      Free:      236M (31%)         204M (27%)         438M (58%)         476M (63%)         478M (64%)         204M (27%)    
[2026-04-03T01:56:15.253+0600][18.817s][info][gc,heap     ] GC(42) y:      Used:      514M (69%)         546M (73%)         312M (42%)         274M (37%)         546M (73%)         272M (36%)    
[2026-04-03T01:56:15.253+0600][18.817s][info][gc,heap     ] GC(42) y: Young Generation Statistics:
[2026-04-03T01:56:15.253+0600][18.817s][info][gc,heap     ] GC(42) y:                Mark Start          Mark End        Relocate Start      Relocate End    
[2026-04-03T01:56:15.253+0600][18.817s][info][gc,heap     ] GC(42) y:      Used:      284M (38%)         316M (42%)          82M (11%)          44M (6%)     
[2026-04-03T01:56:15.253+0600][18.817s][info][gc,heap     ] GC(42) y:      Live:         -                 0M (0%)            0M (0%)            0M (0%)     
[2026-04-03T01:56:15.253+0600][18.817s][info][gc,heap     ] GC(42) y:   Garbage:         -               283M (38%)          45M (6%)            0M (0%)     
[2026-04-03T01:56:15.253+0600][18.817s][info][gc,heap     ] GC(42) y: Allocated:         -                32M (4%)           36M (5%)           43M (6%)     
[2026-04-03T01:56:15.253+0600][18.817s][info][gc,heap     ] GC(42) y: Reclaimed:         -                  -               238M (32%)         283M (38%)    
[2026-04-03T01:56:15.253+0600][18.817s][info][gc,heap     ] GC(42) y:  Promoted:         -                  -                 0M (0%)            0M (0%)     
[2026-04-03T01:56:15.253+0600][18.817s][info][gc,heap     ] GC(42) y: Compacted:         -                  -                  -                 0M (0%)     
[2026-04-03T01:56:15.253+0600][18.817s][info][gc,phases   ] GC(42) y: Young Generation 514M(69%)->274M(37%) 0.016s
[2026-04-03T01:56:15.253+0600][18.817s][info][gc          ] GC(42) Minor Collection (Allocation Rate) 514M(69%)->276M(37%) 0.016s
[2026-04-03T01:56:15.392+0600][18.957s][info][gc          ] GC(43) Minor Collection (Allocation Rate)
[2026-04-03T01:56:15.393+0600][18.957s][info][gc,task     ] GC(43) Using 3 Workers for Young Generation
[2026-04-03T01:56:15.393+0600][18.957s][info][gc,phases   ] GC(43) y: Young Generation
[2026-04-03T01:56:15.393+0600][18.957s][info][gc,phases   ] GC(43) y: Pause Mark Start 0.020ms
[2026-04-03T01:56:15.400+0600][18.964s][info][gc,phases   ] GC(43) y: Concurrent Mark 7.244ms
[2026-04-03T01:56:15.400+0600][18.964s][info][gc,phases   ] GC(43) y: Pause Mark End 0.047ms
[2026-04-03T01:56:15.400+0600][18.964s][info][gc,phases   ] GC(43) y: Concurrent Mark Free 0.002ms
[2026-04-03T01:56:15.400+0600][18.965s][info][gc,phases   ] GC(43) y: Concurrent Reset Relocation Set 0.005ms
[2026-04-03T01:56:15.402+0600][18.966s][info][gc,reloc    ] GC(43) y: Using tenuring threshold: 1 (Computed)
[2026-04-03T01:56:15.403+0600][18.967s][info][gc,phases   ] GC(43) y: Concurrent Select Relocation Set 2.492ms
[2026-04-03T01:56:15.403+0600][18.967s][info][gc,phases   ] GC(43) y: Pause Relocate Start 0.037ms
[2026-04-03T01:56:15.405+0600][18.969s][info][gc,phases   ] GC(43) y: Concurrent Relocate 1.337ms
[2026-04-03T01:56:15.405+0600][18.969s][info][gc,alloc    ] GC(43) y:                         Mark Start        Mark End      Relocate Start    Relocate End   
[2026-04-03T01:56:15.405+0600][18.969s][info][gc,alloc    ] GC(43) y: Allocation Stalls:          0                0                0                0         
[2026-04-03T01:56:15.405+0600][18.969s][info][gc,load     ] GC(43) y: Load: 4.10 (34%) / 6.55 (55%) / 7.06 (59%)
[2026-04-03T01:56:15.405+0600][18.969s][info][gc,mmu      ] GC(43) y: MMU: 2ms/95.1%, 5ms/98.0%, 10ms/98.7%, 20ms/99.3%, 50ms/99.6%, 100ms/99.7%
[2026-04-03T01:56:15.405+0600][18.969s][info][gc,marking  ] GC(43) y: Mark: 2 stripe(s), 2 proactive flush(es), 1 terminate flush(es), 0 completion(s), 0 continuation(s) 
[2026-04-03T01:56:15.405+0600][18.969s][info][gc,marking  ] GC(43) y: Mark Stack Usage: 32M
[2026-04-03T01:56:15.405+0600][18.969s][info][gc,nmethod  ] GC(43) y: NMethods: 4899 registered, 0 unregistered
[2026-04-03T01:56:15.405+0600][18.969s][info][gc,metaspace] GC(43) y: Metaspace: 64M used, 65M committed, 1088M reserved
[2026-04-03T01:56:15.405+0600][18.969s][info][gc,reloc    ] GC(43) y:                        Candidates     Selected     In-Place         Size        Empty    Relocated 
[2026-04-03T01:56:15.405+0600][18.969s][info][gc,reloc    ] GC(43) y: Small Pages:                  206            9            0         412M         392M           0M 
[2026-04-03T01:56:15.405+0600][18.969s][info][gc,reloc    ] GC(43) y: Medium Pages:                   0            0            0           0M           0M           0M 
[2026-04-03T01:56:15.405+0600][18.969s][info][gc,reloc    ] GC(43) y: Large Pages:                    0            0            0           0M           0M           0M 
[2026-04-03T01:56:15.405+0600][18.969s][info][gc,reloc    ] GC(43) y: Forwarding Usage: 0M
[2026-04-03T01:56:15.405+0600][18.969s][info][gc,reloc    ] GC(43) y: Age Table:
[2026-04-03T01:56:15.405+0600][18.969s][info][gc,reloc    ] GC(43) y:                    Live             Garbage             Small              Medium             Large        
[2026-04-03T01:56:15.405+0600][18.969s][info][gc,reloc    ] GC(43) y: Eden               0M (0%)          405M (54%)        203 / 6              0 / 0              0 / 0        
[2026-04-03T01:56:15.405+0600][18.969s][info][gc,reloc    ] GC(43) y: Survivor 1         0M (0%)            5M (1%)           3 / 3              0 / 0              0 / 0        
[2026-04-03T01:56:15.405+0600][18.969s][info][gc,heap     ] GC(43) y: Min Capacity: 8M(1%)
[2026-04-03T01:56:15.405+0600][18.969s][info][gc,heap     ] GC(43) y: Max Capacity: 750M(100%)
[2026-04-03T01:56:15.405+0600][18.969s][info][gc,heap     ] GC(43) y: Soft Max Capacity: 750M(100%)
[2026-04-03T01:56:15.405+0600][18.969s][info][gc,heap     ] GC(43) y: Heap Statistics:
[2026-04-03T01:56:15.405+0600][18.969s][info][gc,heap     ] GC(43) y:                Mark Start          Mark End        Relocate Start      Relocate End           High               Low         
[2026-04-03T01:56:15.405+0600][18.969s][info][gc,heap     ] GC(43) y:  Capacity:      750M (100%)        750M (100%)        750M (100%)        750M (100%)        750M (100%)        750M (100%)   
[2026-04-03T01:56:15.405+0600][18.969s][info][gc,heap     ] GC(43) y:      Free:      108M (14%)          88M (12%)         474M (63%)         476M (63%)         476M (63%)          88M (12%)    
[2026-04-03T01:56:15.405+0600][18.969s][info][gc,heap     ] GC(43) y:      Used:      642M (86%)         662M (88%)         276M (37%)         274M (37%)         662M (88%)         274M (37%)    
[2026-04-03T01:56:15.405+0600][18.969s][info][gc,heap     ] GC(43) y: Young Generation Statistics:
[2026-04-03T01:56:15.405+0600][18.969s][info][gc,heap     ] GC(43) y:                Mark Start          Mark End        Relocate Start      Relocate End    
[2026-04-03T01:56:15.405+0600][18.969s][info][gc,heap     ] GC(43) y:      Used:      412M (55%)         432M (58%)          46M (6%)           34M (5%)     
[2026-04-03T01:56:15.405+0600][18.969s][info][gc,heap     ] GC(43) y:      Live:         -                 0M (0%)            0M (0%)            0M (0%)     
[2026-04-03T01:56:15.405+0600][18.969s][info][gc,heap     ] GC(43) y:   Garbage:         -               411M (55%)          19M (3%)            0M (0%)     
[2026-04-03T01:56:15.405+0600][18.969s][info][gc,heap     ] GC(43) y: Allocated:         -                20M (3%)           26M (3%)           33M (5%)     
[2026-04-03T01:56:15.405+0600][18.969s][info][gc,heap     ] GC(43) y: Reclaimed:         -                  -               392M (52%)         411M (55%)    
[2026-04-03T01:56:15.405+0600][18.969s][info][gc,heap     ] GC(43) y:  Promoted:         -                  -                 0M (0%)            0M (0%)     
[2026-04-03T01:56:15.405+0600][18.969s][info][gc,heap     ] GC(43) y: Compacted:         -                  -                  -                 0M (0%)     
[2026-04-03T01:56:15.405+0600][18.969s][info][gc,phases   ] GC(43) y: Young Generation 642M(86%)->274M(37%) 0.012s
[2026-04-03T01:56:15.405+0600][18.969s][info][gc          ] GC(43) Minor Collection (Allocation Rate) 642M(86%)->274M(37%) 0.012s
[2026-04-03T01:56:15.439+0600][19.004s][info][gc          ] GC(44) Minor Collection (Allocation Rate)
[2026-04-03T01:56:15.439+0600][19.004s][info][gc,task     ] GC(44) Using 2 Workers for Young Generation
[2026-04-03T01:56:15.440+0600][19.004s][info][gc,phases   ] GC(44) y: Young Generation
[2026-04-03T01:56:15.440+0600][19.004s][info][gc,phases   ] GC(44) y: Pause Mark Start 0.016ms
[2026-04-03T01:56:15.447+0600][19.011s][info][gc,phases   ] GC(44) y: Concurrent Mark 7.221ms
[2026-04-03T01:56:15.447+0600][19.011s][info][gc,phases   ] GC(44) y: Pause Mark End 0.020ms
[2026-04-03T01:56:15.447+0600][19.011s][info][gc,phases   ] GC(44) y: Concurrent Mark Free 0.002ms
[2026-04-03T01:56:15.447+0600][19.011s][info][gc,phases   ] GC(44) y: Concurrent Reset Relocation Set 0.003ms
[2026-04-03T01:56:15.449+0600][19.013s][info][gc,reloc    ] GC(44) y: Using tenuring threshold: 2 (Computed)
[2026-04-03T01:56:15.449+0600][19.013s][info][gc,phases   ] GC(44) y: Concurrent Select Relocation Set 1.923ms
[2026-04-03T01:56:15.449+0600][19.013s][info][gc,phases   ] GC(44) y: Pause Relocate Start 0.014ms
[2026-04-03T01:56:15.450+0600][19.014s][info][gc,phases   ] GC(44) y: Concurrent Relocate 0.099ms
[2026-04-03T01:56:15.450+0600][19.014s][info][gc,alloc    ] GC(44) y:                         Mark Start        Mark End      Relocate Start    Relocate End   
[2026-04-03T01:56:15.450+0600][19.014s][info][gc,alloc    ] GC(44) y: Allocation Stalls:          0                0                0                0         
[2026-04-03T01:56:15.450+0600][19.014s][info][gc,load     ] GC(44) y: Load: 4.10 (34%) / 6.55 (55%) / 7.06 (59%)
[2026-04-03T01:56:15.450+0600][19.014s][info][gc,mmu      ] GC(44) y: MMU: 2ms/95.1%, 5ms/98.0%, 10ms/98.7%, 20ms/99.3%, 50ms/99.6%, 100ms/99.7%
[2026-04-03T01:56:15.450+0600][19.014s][info][gc,marking  ] GC(44) y: Mark: 2 stripe(s), 2 proactive flush(es), 1 terminate flush(es), 0 completion(s), 0 continuation(s) 
[2026-04-03T01:56:15.450+0600][19.014s][info][gc,marking  ] GC(44) y: Mark Stack Usage: 32M
[2026-04-03T01:56:15.450+0600][19.014s][info][gc,nmethod  ] GC(44) y: NMethods: 4899 registered, 0 unregistered
[2026-04-03T01:56:15.450+0600][19.014s][info][gc,metaspace] GC(44) y: Metaspace: 64M used, 65M committed, 1088M reserved
[2026-04-03T01:56:15.450+0600][19.014s][info][gc,reloc    ] GC(44) y:                        Candidates     Selected     In-Place         Size        Empty    Relocated 
[2026-04-03T01:56:15.450+0600][19.014s][info][gc,reloc    ] GC(44) y: Small Pages:                   63            5            0         126M         114M           0M 
[2026-04-03T01:56:15.450+0600][19.014s][info][gc,reloc    ] GC(44) y: Medium Pages:                   0            0            0           0M           0M           0M 
[2026-04-03T01:56:15.450+0600][19.014s][info][gc,reloc    ] GC(44) y: Large Pages:                    0            0            0           0M           0M           0M 
[2026-04-03T01:56:15.450+0600][19.014s][info][gc,reloc    ] GC(44) y: Forwarding Usage: 0M
[2026-04-03T01:56:15.450+0600][19.014s][info][gc,reloc    ] GC(44) y: Age Table:
[2026-04-03T01:56:15.450+0600][19.014s][info][gc,reloc    ] GC(44) y:                    Live             Garbage             Small              Medium             Large        
[2026-04-03T01:56:15.450+0600][19.014s][info][gc,reloc    ] GC(44) y: Eden               0M (0%)          119M (16%)         60 / 4              0 / 0              0 / 0        
[2026-04-03T01:56:15.450+0600][19.014s][info][gc,reloc    ] GC(44) y: Survivor 1         0M (0%)            5M (1%)           3 / 1              0 / 0              0 / 0        
[2026-04-03T01:56:15.450+0600][19.014s][info][gc,heap     ] GC(44) y: Min Capacity: 8M(1%)
[2026-04-03T01:56:15.450+0600][19.014s][info][gc,heap     ] GC(44) y: Max Capacity: 750M(100%)
[2026-04-03T01:56:15.450+0600][19.014s][info][gc,heap     ] GC(44) y: Soft Max Capacity: 750M(100%)
[2026-04-03T01:56:15.450+0600][19.014s][info][gc,heap     ] GC(44) y: Heap Statistics:
[2026-04-03T01:56:15.450+0600][19.014s][info][gc,heap     ] GC(44) y:                Mark Start          Mark End        Relocate Start      Relocate End           High               Low         
[2026-04-03T01:56:15.450+0600][19.014s][info][gc,heap     ] GC(44) y:  Capacity:      750M (100%)        750M (100%)        750M (100%)        750M (100%)        750M (100%)        750M (100%)   
[2026-04-03T01:56:15.450+0600][19.014s][info][gc,heap     ] GC(44) y:      Free:      384M (51%)         364M (49%)         474M (63%)         478M (64%)         478M (64%)         360M (48%)    
[2026-04-03T01:56:15.450+0600][19.014s][info][gc,heap     ] GC(44) y:      Used:      366M (49%)         386M (51%)         276M (37%)         272M (36%)         390M (52%)         272M (36%)    
[2026-04-03T01:56:15.450+0600][19.014s][info][gc,heap     ] GC(44) y: Young Generation Statistics:
[2026-04-03T01:56:15.450+0600][19.014s][info][gc,heap     ] GC(44) y:                Mark Start          Mark End        Relocate Start      Relocate End    
[2026-04-03T01:56:15.450+0600][19.014s][info][gc,heap     ] GC(44) y:      Used:      126M (17%)         146M (19%)          36M (5%)           32M (4%)     
[2026-04-03T01:56:15.450+0600][19.014s][info][gc,heap     ] GC(44) y:      Live:         -                 0M (0%)            0M (0%)            0M (0%)     
[2026-04-03T01:56:15.450+0600][19.014s][info][gc,heap     ] GC(44) y:   Garbage:         -               125M (17%)          11M (2%)            0M (0%)     
[2026-04-03T01:56:15.450+0600][19.014s][info][gc,heap     ] GC(44) y: Allocated:         -                20M (3%)           24M (3%)           31M (4%)     
[2026-04-03T01:56:15.450+0600][19.014s][info][gc,heap     ] GC(44) y: Reclaimed:         -                  -               114M (15%)         125M (17%)    
[2026-04-03T01:56:15.450+0600][19.014s][info][gc,heap     ] GC(44) y:  Promoted:         -                  -                 0M (0%)            0M (0%)     
[2026-04-03T01:56:15.450+0600][19.014s][info][gc,heap     ] GC(44) y: Compacted:         -                  -                  -                 0M (0%)     
[2026-04-03T01:56:15.450+0600][19.014s][info][gc,phases   ] GC(44) y: Young Generation 366M(49%)->272M(36%) 0.010s
[2026-04-03T01:56:15.450+0600][19.014s][info][gc          ] GC(44) Minor Collection (Allocation Rate) 366M(49%)->274M(37%) 0.010s
[2026-04-03T01:56:15.509+0600][19.073s][info][gc          ] GC(45) Minor Collection (Allocation Rate)
[2026-04-03T01:56:15.509+0600][19.073s][info][gc,task     ] GC(45) Using 2 Workers for Young Generation
[2026-04-03T01:56:15.509+0600][19.073s][info][gc,phases   ] GC(45) y: Young Generation
[2026-04-03T01:56:15.509+0600][19.073s][info][gc,phases   ] GC(45) y: Pause Mark Start 0.020ms
[2026-04-03T01:56:15.516+0600][19.080s][info][gc,phases   ] GC(45) y: Concurrent Mark 7.213ms
[2026-04-03T01:56:15.516+0600][19.081s][info][gc,phases   ] GC(45) y: Pause Mark End 0.045ms
[2026-04-03T01:56:15.517+0600][19.081s][info][gc,phases   ] GC(45) y: Concurrent Mark Free 0.002ms
[2026-04-03T01:56:15.517+0600][19.081s][info][gc,phases   ] GC(45) y: Concurrent Reset Relocation Set 0.002ms
[2026-04-03T01:56:15.518+0600][19.082s][info][gc,reloc    ] GC(45) y: Using tenuring threshold: 2 (Computed)
[2026-04-03T01:56:15.518+0600][19.082s][info][gc,phases   ] GC(45) y: Concurrent Select Relocation Set 1.805ms
[2026-04-03T01:56:15.519+0600][19.083s][info][gc,phases   ] GC(45) y: Pause Relocate Start 0.018ms
[2026-04-03T01:56:15.519+0600][19.083s][info][gc,phases   ] GC(45) y: Concurrent Relocate 0.324ms
[2026-04-03T01:56:15.519+0600][19.083s][info][gc,alloc    ] GC(45) y:                         Mark Start        Mark End      Relocate Start    Relocate End   
[2026-04-03T01:56:15.519+0600][19.083s][info][gc,alloc    ] GC(45) y: Allocation Stalls:          0                0                0                0         
[2026-04-03T01:56:15.519+0600][19.083s][info][gc,load     ] GC(45) y: Load: 4.10 (34%) / 6.55 (55%) / 7.06 (59%)
[2026-04-03T01:56:15.519+0600][19.083s][info][gc,mmu      ] GC(45) y: MMU: 2ms/95.1%, 5ms/98.0%, 10ms/98.7%, 20ms/99.3%, 50ms/99.6%, 100ms/99.7%
[2026-04-03T01:56:15.519+0600][19.083s][info][gc,marking  ] GC(45) y: Mark: 2 stripe(s), 2 proactive flush(es), 1 terminate flush(es), 0 completion(s), 0 continuation(s) 
[2026-04-03T01:56:15.519+0600][19.083s][info][gc,marking  ] GC(45) y: Mark Stack Usage: 32M
[2026-04-03T01:56:15.519+0600][19.083s][info][gc,nmethod  ] GC(45) y: NMethods: 4899 registered, 0 unregistered
[2026-04-03T01:56:15.519+0600][19.083s][info][gc,metaspace] GC(45) y: Metaspace: 64M used, 65M committed, 1088M reserved
[2026-04-03T01:56:15.519+0600][19.083s][info][gc,reloc    ] GC(45) y:                        Candidates     Selected     In-Place         Size        Empty    Relocated 
[2026-04-03T01:56:15.519+0600][19.083s][info][gc,reloc    ] GC(45) y: Small Pages:                   94            6            0         188M         174M           0M 
[2026-04-03T01:56:15.519+0600][19.083s][info][gc,reloc    ] GC(45) y: Medium Pages:                   0            0            0           0M           0M           0M 
[2026-04-03T01:56:15.519+0600][19.083s][info][gc,reloc    ] GC(45) y: Large Pages:                    0            0            0           0M           0M           0M 
[2026-04-03T01:56:15.519+0600][19.083s][info][gc,reloc    ] GC(45) y: Forwarding Usage: 0M
[2026-04-03T01:56:15.519+0600][19.083s][info][gc,reloc    ] GC(45) y: Age Table:
[2026-04-03T01:56:15.519+0600][19.083s][info][gc,reloc    ] GC(45) y:                    Live             Garbage             Small              Medium             Large        
[2026-04-03T01:56:15.519+0600][19.083s][info][gc,reloc    ] GC(45) y: Eden               0M (0%)          179M (24%)         90 / 5              0 / 0              0 / 0        
[2026-04-03T01:56:15.519+0600][19.083s][info][gc,reloc    ] GC(45) y: Survivor 1         0M (0%)            5M (1%)           3 / 1              0 / 0              0 / 0        
[2026-04-03T01:56:15.519+0600][19.083s][info][gc,reloc    ] GC(45) y: Survivor 2          -                 2M (0%)           1 / 0              0 / 0              0 / 0        
[2026-04-03T01:56:15.519+0600][19.083s][info][gc,heap     ] GC(45) y: Min Capacity: 8M(1%)
[2026-04-03T01:56:15.519+0600][19.083s][info][gc,heap     ] GC(45) y: Max Capacity: 750M(100%)
[2026-04-03T01:56:15.519+0600][19.083s][info][gc,heap     ] GC(45) y: Soft Max Capacity: 750M(100%)
[2026-04-03T01:56:15.519+0600][19.083s][info][gc,heap     ] GC(45) y: Heap Statistics:
[2026-04-03T01:56:15.519+0600][19.083s][info][gc,heap     ] GC(45) y:                Mark Start          Mark End        Relocate Start      Relocate End           High               Low         
[2026-04-03T01:56:15.519+0600][19.083s][info][gc,heap     ] GC(45) y:  Capacity:      750M (100%)        750M (100%)        750M (100%)        750M (100%)        750M (100%)        750M (100%)   
[2026-04-03T01:56:15.519+0600][19.083s][info][gc,heap     ] GC(45) y:      Free:      322M (43%)         300M (40%)         470M (63%)         476M (63%)         476M (63%)         300M (40%)    
[2026-04-03T01:56:15.519+0600][19.083s][info][gc,heap     ] GC(45) y:      Used:      428M (57%)         450M (60%)         280M (37%)         274M (37%)         450M (60%)         274M (37%)    
[2026-04-03T01:56:15.519+0600][19.083s][info][gc,heap     ] GC(45) y: Young Generation Statistics:
[2026-04-03T01:56:15.519+0600][19.083s][info][gc,heap     ] GC(45) y:                Mark Start          Mark End        Relocate Start      Relocate End    
[2026-04-03T01:56:15.519+0600][19.083s][info][gc,heap     ] GC(45) y:      Used:      188M (25%)         210M (28%)          40M (5%)           34M (5%)     
[2026-04-03T01:56:15.519+0600][19.083s][info][gc,heap     ] GC(45) y:      Live:         -                 0M (0%)            0M (0%)            0M (0%)     
[2026-04-03T01:56:15.519+0600][19.083s][info][gc,heap     ] GC(45) y:   Garbage:         -               187M (25%)          13M (2%)            0M (0%)     
[2026-04-03T01:56:15.519+0600][19.083s][info][gc,heap     ] GC(45) y: Allocated:         -                22M (3%)           26M (3%)           33M (5%)     
[2026-04-03T01:56:15.519+0600][19.083s][info][gc,heap     ] GC(45) y: Reclaimed:         -                  -               174M (23%)         187M (25%)    
[2026-04-03T01:56:15.519+0600][19.083s][info][gc,heap     ] GC(45) y:  Promoted:         -                  -                 0M (0%)            0M (0%)     
[2026-04-03T01:56:15.519+0600][19.083s][info][gc,heap     ] GC(45) y: Compacted:         -                  -                  -                 0M (0%)     
[2026-04-03T01:56:15.519+0600][19.083s][info][gc,phases   ] GC(45) y: Young Generation 428M(57%)->274M(37%) 0.010s
[2026-04-03T01:56:15.519+0600][19.083s][info][gc          ] GC(45) Minor Collection (Allocation Rate) 428M(57%)->276M(37%) 0.011s
[2026-04-03T01:56:15.628+0600][19.192s][info][gc          ] GC(46) Minor Collection (Allocation Rate)
[2026-04-03T01:56:15.628+0600][19.192s][info][gc,task     ] GC(46) Using 1 Workers for Young Generation
[2026-04-03T01:56:15.628+0600][19.192s][info][gc,phases   ] GC(46) y: Young Generation
[2026-04-03T01:56:15.628+0600][19.192s][info][gc,phases   ] GC(46) y: Pause Mark Start 0.021ms
[2026-04-03T01:56:15.638+0600][19.202s][info][gc,phases   ] GC(46) y: Concurrent Mark 9.497ms
[2026-04-03T01:56:15.638+0600][19.202s][info][gc,phases   ] GC(46) y: Pause Mark End 0.021ms
[2026-04-03T01:56:15.638+0600][19.202s][info][gc,phases   ] GC(46) y: Concurrent Mark Free 0.002ms
[2026-04-03T01:56:15.638+0600][19.202s][info][gc,phases   ] GC(46) y: Concurrent Reset Relocation Set 0.003ms
[2026-04-03T01:56:15.639+0600][19.204s][info][gc,reloc    ] GC(46) y: Using tenuring threshold: 1 (Computed)
[2026-04-03T01:56:15.640+0600][19.204s][info][gc,phases   ] GC(46) y: Concurrent Select Relocation Set 2.090ms
[2026-04-03T01:56:15.640+0600][19.204s][info][gc,phases   ] GC(46) y: Pause Relocate Start 0.018ms
[2026-04-03T01:56:15.641+0600][19.205s][info][gc,phases   ] GC(46) y: Concurrent Relocate 0.169ms
[2026-04-03T01:56:15.641+0600][19.205s][info][gc,alloc    ] GC(46) y:                         Mark Start        Mark End      Relocate Start    Relocate End   
[2026-04-03T01:56:15.641+0600][19.205s][info][gc,alloc    ] GC(46) y: Allocation Stalls:          0                0                0                0         
[2026-04-03T01:56:15.641+0600][19.205s][info][gc,load     ] GC(46) y: Load: 4.10 (34%) / 6.55 (55%) / 7.06 (59%)
[2026-04-03T01:56:15.641+0600][19.205s][info][gc,mmu      ] GC(46) y: MMU: 2ms/95.1%, 5ms/98.0%, 10ms/98.7%, 20ms/99.3%, 50ms/99.6%, 100ms/99.7%
[2026-04-03T01:56:15.641+0600][19.205s][info][gc,marking  ] GC(46) y: Mark: 1 stripe(s), 2 proactive flush(es), 1 terminate flush(es), 0 completion(s), 0 continuation(s) 
[2026-04-03T01:56:15.641+0600][19.205s][info][gc,marking  ] GC(46) y: Mark Stack Usage: 32M
[2026-04-03T01:56:15.641+0600][19.205s][info][gc,nmethod  ] GC(46) y: NMethods: 4899 registered, 0 unregistered
[2026-04-03T01:56:15.641+0600][19.205s][info][gc,metaspace] GC(46) y: Metaspace: 64M used, 65M committed, 1088M reserved
[2026-04-03T01:56:15.641+0600][19.205s][info][gc,reloc    ] GC(46) y:                        Candidates     Selected     In-Place         Size        Empty    Relocated 
[2026-04-03T01:56:15.641+0600][19.205s][info][gc,reloc    ] GC(46) y: Small Pages:                  160            6            0         320M         306M           0M 
[2026-04-03T01:56:15.641+0600][19.205s][info][gc,reloc    ] GC(46) y: Medium Pages:                   0            0            0           0M           0M           0M 
[2026-04-03T01:56:15.641+0600][19.205s][info][gc,reloc    ] GC(46) y: Large Pages:                    0            0            0           0M           0M           0M 
[2026-04-03T01:56:15.641+0600][19.205s][info][gc,reloc    ] GC(46) y: Forwarding Usage: 0M
[2026-04-03T01:56:15.641+0600][19.205s][info][gc,reloc    ] GC(46) y: Age Table:
[2026-04-03T01:56:15.641+0600][19.205s][info][gc,reloc    ] GC(46) y:                    Live             Garbage             Small              Medium             Large        
[2026-04-03T01:56:15.641+0600][19.205s][info][gc,reloc    ] GC(46) y: Eden               0M (0%)          311M (42%)        156 / 6              0 / 0              0 / 0        
[2026-04-03T01:56:15.641+0600][19.205s][info][gc,reloc    ] GC(46) y: Survivor 1          -                 6M (1%)           3 / 0              0 / 0              0 / 0        
[2026-04-03T01:56:15.641+0600][19.205s][info][gc,reloc    ] GC(46) y: Survivor 2          -                 2M (0%)           1 / 0              0 / 0              0 / 0        
[2026-04-03T01:56:15.641+0600][19.205s][info][gc,heap     ] GC(46) y: Min Capacity: 8M(1%)
[2026-04-03T01:56:15.641+0600][19.205s][info][gc,heap     ] GC(46) y: Max Capacity: 750M(100%)
[2026-04-03T01:56:15.641+0600][19.205s][info][gc,heap     ] GC(46) y: Soft Max Capacity: 750M(100%)
[2026-04-03T01:56:15.641+0600][19.205s][info][gc,heap     ] GC(46) y: Heap Statistics:
[2026-04-03T01:56:15.641+0600][19.205s][info][gc,heap     ] GC(46) y:                Mark Start          Mark End        Relocate Start      Relocate End           High               Low         
[2026-04-03T01:56:15.641+0600][19.205s][info][gc,heap     ] GC(46) y:  Capacity:      750M (100%)        750M (100%)        750M (100%)        750M (100%)        750M (100%)        750M (100%)   
[2026-04-03T01:56:15.641+0600][19.205s][info][gc,heap     ] GC(46) y:      Free:      190M (25%)         162M (22%)         464M (62%)         472M (63%)         472M (63%)         162M (22%)    
[2026-04-03T01:56:15.641+0600][19.205s][info][gc,heap     ] GC(46) y:      Used:      560M (75%)         588M (78%)         286M (38%)         278M (37%)         588M (78%)         278M (37%)    
[2026-04-03T01:56:15.641+0600][19.205s][info][gc,heap     ] GC(46) y: Young Generation Statistics:
[2026-04-03T01:56:15.641+0600][19.205s][info][gc,heap     ] GC(46) y:                Mark Start          Mark End        Relocate Start      Relocate End    
[2026-04-03T01:56:15.641+0600][19.205s][info][gc,heap     ] GC(46) y:      Used:      320M (43%)         348M (46%)          46M (6%)           38M (5%)     
[2026-04-03T01:56:15.641+0600][19.205s][info][gc,heap     ] GC(46) y:      Live:         -                 0M (0%)            0M (0%)            0M (0%)     
[2026-04-03T01:56:15.641+0600][19.205s][info][gc,heap     ] GC(46) y:   Garbage:         -               319M (43%)          13M (2%)            0M (0%)     
[2026-04-03T01:56:15.641+0600][19.205s][info][gc,heap     ] GC(46) y: Allocated:         -                28M (4%)           32M (4%)           37M (5%)     
[2026-04-03T01:56:15.641+0600][19.205s][info][gc,heap     ] GC(46) y: Reclaimed:         -                  -               306M (41%)         319M (43%)    
[2026-04-03T01:56:15.641+0600][19.205s][info][gc,heap     ] GC(46) y:  Promoted:         -                  -                 0M (0%)            0M (0%)     
[2026-04-03T01:56:15.641+0600][19.205s][info][gc,heap     ] GC(46) y: Compacted:         -                  -                  -                 0M (0%)     
[2026-04-03T01:56:15.641+0600][19.205s][info][gc,phases   ] GC(46) y: Young Generation 560M(75%)->278M(37%) 0.013s
[2026-04-03T01:56:15.641+0600][19.205s][info][gc          ] GC(46) Minor Collection (Allocation Rate) 560M(75%)->278M(37%) 0.013s
[2026-04-03T01:56:15.759+0600][19.323s][info][gc          ] GC(47) Minor Collection (Allocation Rate)
[2026-04-03T01:56:15.759+0600][19.323s][info][gc,task     ] GC(47) Using 1 Workers for Young Generation
[2026-04-03T01:56:15.759+0600][19.323s][info][gc,phases   ] GC(47) y: Young Generation
[2026-04-03T01:56:15.759+0600][19.323s][info][gc,phases   ] GC(47) y: Pause Mark Start 0.016ms
[2026-04-03T01:56:15.769+0600][19.333s][info][gc,phases   ] GC(47) y: Concurrent Mark 8.985ms
[2026-04-03T01:56:15.769+0600][19.333s][info][gc,phases   ] GC(47) y: Pause Mark End 0.020ms
[2026-04-03T01:56:15.769+0600][19.333s][info][gc,phases   ] GC(47) y: Concurrent Mark Free 0.001ms
[2026-04-03T01:56:15.769+0600][19.333s][info][gc,phases   ] GC(47) y: Concurrent Reset Relocation Set 0.002ms
[2026-04-03T01:56:15.770+0600][19.334s][info][gc,reloc    ] GC(47) y: Using tenuring threshold: 1 (Computed)
[2026-04-03T01:56:15.771+0600][19.335s][info][gc,phases   ] GC(47) y: Concurrent Select Relocation Set 1.803ms
[2026-04-03T01:56:15.771+0600][19.335s][info][gc,phases   ] GC(47) y: Pause Relocate Start 0.019ms
[2026-04-03T01:56:15.771+0600][19.335s][info][gc,phases   ] GC(47) y: Concurrent Relocate 0.252ms
[2026-04-03T01:56:15.771+0600][19.335s][info][gc,alloc    ] GC(47) y:                         Mark Start        Mark End      Relocate Start    Relocate End   
[2026-04-03T01:56:15.771+0600][19.335s][info][gc,alloc    ] GC(47) y: Allocation Stalls:          0                0                0                0         
[2026-04-03T01:56:15.771+0600][19.335s][info][gc,load     ] GC(47) y: Load: 4.10 (34%) / 6.55 (55%) / 7.06 (59%)
[2026-04-03T01:56:15.771+0600][19.335s][info][gc,mmu      ] GC(47) y: MMU: 2ms/95.1%, 5ms/98.0%, 10ms/98.7%, 20ms/99.3%, 50ms/99.6%, 100ms/99.7%
[2026-04-03T01:56:15.771+0600][19.335s][info][gc,marking  ] GC(47) y: Mark: 1 stripe(s), 2 proactive flush(es), 1 terminate flush(es), 0 completion(s), 0 continuation(s) 
[2026-04-03T01:56:15.771+0600][19.335s][info][gc,marking  ] GC(47) y: Mark Stack Usage: 32M
[2026-04-03T01:56:15.771+0600][19.335s][info][gc,nmethod  ] GC(47) y: NMethods: 4899 registered, 0 unregistered
[2026-04-03T01:56:15.771+0600][19.335s][info][gc,metaspace] GC(47) y: Metaspace: 64M used, 65M committed, 1088M reserved
[2026-04-03T01:56:15.771+0600][19.335s][info][gc,reloc    ] GC(47) y:                        Candidates     Selected     In-Place         Size        Empty    Relocated 
[2026-04-03T01:56:15.771+0600][19.335s][info][gc,reloc    ] GC(47) y: Small Pages:                  175            6            0         350M         336M           0M 
[2026-04-03T01:56:15.771+0600][19.335s][info][gc,reloc    ] GC(47) y: Medium Pages:                   0            0            0           0M           0M           0M 
[2026-04-03T01:56:15.771+0600][19.335s][info][gc,reloc    ] GC(47) y: Large Pages:                    0            0            0           0M           0M           0M 
[2026-04-03T01:56:15.771+0600][19.335s][info][gc,reloc    ] GC(47) y: Forwarding Usage: 0M
[2026-04-03T01:56:15.771+0600][19.335s][info][gc,reloc    ] GC(47) y: Age Table:
[2026-04-03T01:56:15.771+0600][19.335s][info][gc,reloc    ] GC(47) y:                    Live             Garbage             Small              Medium             Large        
[2026-04-03T01:56:15.771+0600][19.335s][info][gc,reloc    ] GC(47) y: Eden               0M (0%)          343M (46%)        172 / 6              0 / 0              0 / 0        
[2026-04-03T01:56:15.771+0600][19.335s][info][gc,reloc    ] GC(47) y: Survivor 1          -                 6M (1%)           3 / 0              0 / 0              0 / 0        
[2026-04-03T01:56:15.771+0600][19.335s][info][gc,heap     ] GC(47) y: Min Capacity: 8M(1%)
[2026-04-03T01:56:15.771+0600][19.335s][info][gc,heap     ] GC(47) y: Max Capacity: 750M(100%)
[2026-04-03T01:56:15.771+0600][19.335s][info][gc,heap     ] GC(47) y: Soft Max Capacity: 750M(100%)
[2026-04-03T01:56:15.771+0600][19.336s][info][gc,heap     ] GC(47) y: Heap Statistics:
[2026-04-03T01:56:15.771+0600][19.336s][info][gc,heap     ] GC(47) y:                Mark Start          Mark End        Relocate Start      Relocate End           High               Low         
[2026-04-03T01:56:15.771+0600][19.336s][info][gc,heap     ] GC(47) y:  Capacity:      750M (100%)        750M (100%)        750M (100%)        750M (100%)        750M (100%)        750M (100%)   
[2026-04-03T01:56:15.771+0600][19.336s][info][gc,heap     ] GC(47) y:      Free:      160M (21%)         136M (18%)         468M (62%)         480M (64%)         480M (64%)         136M (18%)    
[2026-04-03T01:56:15.771+0600][19.336s][info][gc,heap     ] GC(47) y:      Used:      590M (79%)         614M (82%)         282M (38%)         270M (36%)         614M (82%)         270M (36%)    
[2026-04-03T01:56:15.771+0600][19.336s][info][gc,heap     ] GC(47) y: Young Generation Statistics:
[2026-04-03T01:56:15.771+0600][19.336s][info][gc,heap     ] GC(47) y:                Mark Start          Mark End        Relocate Start      Relocate End    
[2026-04-03T01:56:15.772+0600][19.336s][info][gc,heap     ] GC(47) y:      Used:      350M (47%)         374M (50%)          42M (6%)           30M (4%)     
[2026-04-03T01:56:15.772+0600][19.336s][info][gc,heap     ] GC(47) y:      Live:         -                 0M (0%)            0M (0%)            0M (0%)     
[2026-04-03T01:56:15.772+0600][19.336s][info][gc,heap     ] GC(47) y:   Garbage:         -               349M (47%)          13M (2%)            0M (0%)     
[2026-04-03T01:56:15.772+0600][19.336s][info][gc,heap     ] GC(47) y: Allocated:         -                24M (3%)           28M (4%)           29M (4%)     
[2026-04-03T01:56:15.772+0600][19.336s][info][gc,heap     ] GC(47) y: Reclaimed:         -                  -               336M (45%)         349M (47%)    
[2026-04-03T01:56:15.772+0600][19.336s][info][gc,heap     ] GC(47) y:  Promoted:         -                  -                 0M (0%)            0M (0%)     
[2026-04-03T01:56:15.772+0600][19.336s][info][gc,heap     ] GC(47) y: Compacted:         -                  -                  -                 0M (0%)     
[2026-04-03T01:56:15.772+0600][19.336s][info][gc,phases   ] GC(47) y: Young Generation 590M(79%)->270M(36%) 0.012s
[2026-04-03T01:56:15.772+0600][19.336s][info][gc          ] GC(47) Minor Collection (Allocation Rate) 590M(79%)->274M(37%) 0.012s
[2026-04-03T01:56:15.849+0600][19.413s][info][gc          ] GC(48) Major Collection (System.gc())
[2026-04-03T01:56:15.849+0600][19.413s][info][gc,task     ] GC(48) Using 3 Workers for Young Generation
[2026-04-03T01:56:15.849+0600][19.413s][info][gc,task     ] GC(48) Using 3 Workers for Old Generation
[2026-04-03T01:56:15.849+0600][19.413s][info][gc,phases   ] GC(48) Y: Young Generation (Promote All)
[2026-04-03T01:56:15.850+0600][19.414s][info][gc,phases   ] GC(48) Y: Pause Mark Start 0.021ms
[2026-04-03T01:56:15.858+0600][19.422s][info][gc,phases   ] GC(48) Y: Concurrent Mark 7.801ms
[2026-04-03T01:56:15.858+0600][19.422s][info][gc,phases   ] GC(48) Y: Pause Mark End 0.018ms
[2026-04-03T01:56:15.858+0600][19.422s][info][gc,phases   ] GC(48) Y: Concurrent Mark Free 0.001ms
[2026-04-03T01:56:15.858+0600][19.422s][info][gc,phases   ] GC(48) Y: Concurrent Reset Relocation Set 0.002ms
[2026-04-03T01:56:15.860+0600][19.424s][info][gc,reloc    ] GC(48) Y: Using tenuring threshold: 0 (Promote All)
[2026-04-03T01:56:15.861+0600][19.425s][info][gc,phases   ] GC(48) Y: Concurrent Select Relocation Set 3.231ms
[2026-04-03T01:56:15.861+0600][19.425s][info][gc,phases   ] GC(48) Y: Pause Relocate Start 0.011ms
[2026-04-03T01:56:15.862+0600][19.426s][info][gc,phases   ] GC(48) Y: Concurrent Relocate 0.564ms
[2026-04-03T01:56:15.862+0600][19.426s][info][gc,alloc    ] GC(48) Y:                         Mark Start        Mark End      Relocate Start    Relocate End   
[2026-04-03T01:56:15.862+0600][19.426s][info][gc,alloc    ] GC(48) Y: Allocation Stalls:          0                0                0                0         
[2026-04-03T01:56:15.862+0600][19.426s][info][gc,load     ] GC(48) Y: Load: 4.10 (34%) / 6.55 (55%) / 7.06 (59%)
[2026-04-03T01:56:15.862+0600][19.426s][info][gc,mmu      ] GC(48) Y: MMU: 2ms/95.1%, 5ms/98.0%, 10ms/98.7%, 20ms/99.3%, 50ms/99.6%, 100ms/99.7%
[2026-04-03T01:56:15.862+0600][19.426s][info][gc,marking  ] GC(48) Y: Mark: 2 stripe(s), 1 proactive flush(es), 1 terminate flush(es), 0 completion(s), 0 continuation(s) 
[2026-04-03T01:56:15.862+0600][19.426s][info][gc,marking  ] GC(48) Y: Mark Stack Usage: 32M
[2026-04-03T01:56:15.862+0600][19.426s][info][gc,nmethod  ] GC(48) Y: NMethods: 5006 registered, 0 unregistered
[2026-04-03T01:56:15.862+0600][19.426s][info][gc,metaspace] GC(48) Y: Metaspace: 64M used, 65M committed, 1088M reserved
[2026-04-03T01:56:15.862+0600][19.426s][info][gc,reloc    ] GC(48) Y:                        Candidates     Selected     In-Place         Size        Empty    Relocated 
[2026-04-03T01:56:15.862+0600][19.426s][info][gc,reloc    ] GC(48) Y: Small Pages:                   71           15            0         142M         110M           0M 
[2026-04-03T01:56:15.862+0600][19.426s][info][gc,reloc    ] GC(48) Y: Medium Pages:                   1            0            0          16M          16M           0M 
[2026-04-03T01:56:15.862+0600][19.426s][info][gc,reloc    ] GC(48) Y: Large Pages:                    1            0            0           6M           6M           0M 
[2026-04-03T01:56:15.862+0600][19.426s][info][gc,reloc    ] GC(48) Y: Forwarding Usage: 0M
[2026-04-03T01:56:15.862+0600][19.426s][info][gc,reloc    ] GC(48) Y: Age Table:
[2026-04-03T01:56:15.862+0600][19.426s][info][gc,reloc    ] GC(48) Y:                    Live             Garbage             Small              Medium             Large        
[2026-04-03T01:56:15.862+0600][19.426s][info][gc,reloc    ] GC(48) Y: Eden               0M (0%)          161M (22%)         70 / 14             1 / 0              1 / 0        
[2026-04-03T01:56:15.862+0600][19.426s][info][gc,reloc    ] GC(48) Y: Survivor 1         0M (0%)            1M (0%)           1 / 1              0 / 0              0 / 0        
[2026-04-03T01:56:15.862+0600][19.426s][info][gc,heap     ] GC(48) Y: Min Capacity: 8M(1%)
[2026-04-03T01:56:15.862+0600][19.426s][info][gc,heap     ] GC(48) Y: Max Capacity: 750M(100%)
[2026-04-03T01:56:15.862+0600][19.426s][info][gc,heap     ] GC(48) Y: Soft Max Capacity: 750M(100%)
[2026-04-03T01:56:15.862+0600][19.426s][info][gc,heap     ] GC(48) Y: Heap Statistics:
[2026-04-03T01:56:15.862+0600][19.426s][info][gc,heap     ] GC(48) Y:                Mark Start          Mark End        Relocate Start      Relocate End           High               Low         
[2026-04-03T01:56:15.862+0600][19.426s][info][gc,heap     ] GC(48) Y:  Capacity:      750M (100%)        750M (100%)        750M (100%)        750M (100%)        750M (100%)        750M (100%)   
[2026-04-03T01:56:15.862+0600][19.426s][info][gc,heap     ] GC(48) Y:      Free:      346M (46%)         346M (46%)         478M (64%)         504M (67%)         504M (67%)         346M (46%)    
[2026-04-03T01:56:15.862+0600][19.426s][info][gc,heap     ] GC(48) Y:      Used:      404M (54%)         404M (54%)         272M (36%)         246M (33%)         404M (54%)         246M (33%)    
[2026-04-03T01:56:15.862+0600][19.426s][info][gc,heap     ] GC(48) Y: Young Generation Statistics:
[2026-04-03T01:56:15.862+0600][19.426s][info][gc,heap     ] GC(48) Y:                Mark Start          Mark End        Relocate Start      Relocate End    
[2026-04-03T01:56:15.862+0600][19.426s][info][gc,heap     ] GC(48) Y:      Used:      164M (22%)         164M (22%)          32M (4%)            0M (0%)     
[2026-04-03T01:56:15.862+0600][19.426s][info][gc,heap     ] GC(48) Y:      Live:         -                 0M (0%)            0M (0%)            0M (0%)     
[2026-04-03T01:56:15.862+0600][19.426s][info][gc,heap     ] GC(48) Y:   Garbage:         -               163M (22%)          31M (4%)            0M (0%)     
[2026-04-03T01:56:15.862+0600][19.426s][info][gc,heap     ] GC(48) Y: Allocated:         -                 0M (0%)            0M (0%)            0M (0%)     
[2026-04-03T01:56:15.862+0600][19.426s][info][gc,heap     ] GC(48) Y: Reclaimed:         -                  -               132M (18%)         163M (22%)    
[2026-04-03T01:56:15.862+0600][19.426s][info][gc,heap     ] GC(48) Y:  Promoted:         -                  -                 0M (0%)            0M (0%)     
[2026-04-03T01:56:15.862+0600][19.426s][info][gc,heap     ] GC(48) Y: Compacted:         -                  -                  -                 0M (0%)     
[2026-04-03T01:56:15.862+0600][19.426s][info][gc,phases   ] GC(48) Y: Young Generation (Promote All) 404M(54%)->246M(33%) 0.013s
[2026-04-03T01:56:15.862+0600][19.426s][info][gc,phases   ] GC(48) Y: Young Generation (Collect Roots)
[2026-04-03T01:56:15.862+0600][19.426s][info][gc,phases   ] GC(48) Y: Pause Mark Start (Major) 0.019ms
[2026-04-03T01:56:15.868+0600][19.433s][info][gc,phases   ] GC(48) Y: Concurrent Mark 6.024ms
[2026-04-03T01:56:15.869+0600][19.433s][info][gc,phases   ] GC(48) Y: Pause Mark End 0.028ms
[2026-04-03T01:56:15.869+0600][19.433s][info][gc,phases   ] GC(48) Y: Concurrent Mark Free 0.117ms
[2026-04-03T01:56:15.869+0600][19.433s][info][gc,phases   ] GC(48) Y: Concurrent Reset Relocation Set 0.003ms
[2026-04-03T01:56:15.870+0600][19.434s][info][gc,reloc    ] GC(48) Y: Using tenuring threshold: 0 (Computed)
[2026-04-03T01:56:15.871+0600][19.435s][info][gc,phases   ] GC(48) Y: Concurrent Select Relocation Set 1.669ms
[2026-04-03T01:56:15.871+0600][19.435s][info][gc,phases   ] GC(48) Y: Pause Relocate Start 0.018ms
[2026-04-03T01:56:15.871+0600][19.435s][info][gc,phases   ] GC(48) Y: Concurrent Relocate 0.194ms
[2026-04-03T01:56:15.871+0600][19.435s][info][gc,alloc    ] GC(48) Y:                         Mark Start        Mark End      Relocate Start    Relocate End   
[2026-04-03T01:56:15.871+0600][19.435s][info][gc,alloc    ] GC(48) Y: Allocation Stalls:          0                0                0                0         
[2026-04-03T01:56:15.871+0600][19.435s][info][gc,load     ] GC(48) Y: Load: 4.10 (34%) / 6.55 (55%) / 7.06 (59%)
[2026-04-03T01:56:15.871+0600][19.435s][info][gc,mmu      ] GC(48) Y: MMU: 2ms/95.1%, 5ms/98.0%, 10ms/98.7%, 20ms/99.3%, 50ms/99.6%, 100ms/99.7%
[2026-04-03T01:56:15.871+0600][19.435s][info][gc,marking  ] GC(48) Y: Mark: 2 stripe(s), 1 proactive flush(es), 1 terminate flush(es), 0 completion(s), 0 continuation(s) 
[2026-04-03T01:56:15.871+0600][19.435s][info][gc,marking  ] GC(48) Y: Mark Stack Usage: 0M
[2026-04-03T01:56:15.871+0600][19.435s][info][gc,nmethod  ] GC(48) Y: NMethods: 5006 registered, 0 unregistered
[2026-04-03T01:56:15.871+0600][19.435s][info][gc,metaspace] GC(48) Y: Metaspace: 64M used, 65M committed, 1088M reserved
[2026-04-03T01:56:15.871+0600][19.435s][info][gc,heap     ] GC(48) Y: Min Capacity: 8M(1%)
[2026-04-03T01:56:15.871+0600][19.435s][info][gc,heap     ] GC(48) Y: Max Capacity: 750M(100%)
[2026-04-03T01:56:15.871+0600][19.435s][info][gc,heap     ] GC(48) Y: Soft Max Capacity: 750M(100%)
[2026-04-03T01:56:15.871+0600][19.435s][info][gc,heap     ] GC(48) Y: Heap Statistics:
[2026-04-03T01:56:15.871+0600][19.435s][info][gc,heap     ] GC(48) Y:                Mark Start          Mark End        Relocate Start      Relocate End           High               Low         
[2026-04-03T01:56:15.871+0600][19.435s][info][gc,heap     ] GC(48) Y:  Capacity:      750M (100%)        750M (100%)        750M (100%)        750M (100%)        750M (100%)        750M (100%)   
[2026-04-03T01:56:15.871+0600][19.435s][info][gc,heap     ] GC(48) Y:      Free:      504M (67%)         504M (67%)         504M (67%)         504M (67%)         504M (67%)         504M (67%)    
[2026-04-03T01:56:15.871+0600][19.435s][info][gc,heap     ] GC(48) Y:      Used:      246M (33%)         246M (33%)         246M (33%)         246M (33%)         246M (33%)         246M (33%)    
[2026-04-03T01:56:15.871+0600][19.435s][info][gc,heap     ] GC(48) Y: Young Generation Statistics:
[2026-04-03T01:56:15.871+0600][19.435s][info][gc,heap     ] GC(48) Y:                Mark Start          Mark End        Relocate Start      Relocate End    
[2026-04-03T01:56:15.871+0600][19.435s][info][gc,heap     ] GC(48) Y:      Used:        0M (0%)            0M (0%)            0M (0%)            0M (0%)     
[2026-04-03T01:56:15.871+0600][19.435s][info][gc,heap     ] GC(48) Y:      Live:         -                 0M (0%)            0M (0%)            0M (0%)     
[2026-04-03T01:56:15.871+0600][19.435s][info][gc,heap     ] GC(48) Y:   Garbage:         -                 0M (0%)            0M (0%)            0M (0%)     
[2026-04-03T01:56:15.871+0600][19.435s][info][gc,heap     ] GC(48) Y: Allocated:         -                 0M (0%)            0M (0%)            0M (0%)     
[2026-04-03T01:56:15.871+0600][19.435s][info][gc,heap     ] GC(48) Y: Reclaimed:         -                  -                 0M (0%)            0M (0%)     
[2026-04-03T01:56:15.871+0600][19.435s][info][gc,heap     ] GC(48) Y:  Promoted:         -                  -                 0M (0%)            0M (0%)     
[2026-04-03T01:56:15.871+0600][19.435s][info][gc,heap     ] GC(48) Y: Compacted:         -                  -                  -                 0M (0%)     
[2026-04-03T01:56:15.871+0600][19.435s][info][gc,phases   ] GC(48) Y: Young Generation (Collect Roots) 246M(33%)->246M(33%) 0.009s
[2026-04-03T01:56:15.871+0600][19.435s][info][gc,phases   ] GC(48) O: Old Generation
[2026-04-03T01:56:16.003+0600][19.567s][info][gc,phases   ] GC(48) O: Concurrent Mark 131.344ms
[2026-04-03T01:56:16.003+0600][19.567s][info][gc,phases   ] GC(48) O: Pause Mark End 0.020ms
[2026-04-03T01:56:16.003+0600][19.567s][info][gc,phases   ] GC(48) O: Concurrent Mark Free 0.001ms
[2026-04-03T01:56:16.008+0600][19.572s][info][gc,phases   ] GC(48) O: Concurrent Process Non-Strong 5.337ms
[2026-04-03T01:56:16.008+0600][19.573s][info][gc,phases   ] GC(48) O: Concurrent Reset Relocation Set 0.002ms
[2026-04-03T01:56:16.010+0600][19.574s][info][gc,phases   ] GC(48) O: Concurrent Select Relocation Set 1.648ms
[2026-04-03T01:56:16.010+0600][19.574s][info][gc,task     ] GC(48) O: Using 3 Workers for Old Generation
[2026-04-03T01:56:16.025+0600][19.590s][info][gc,task     ] GC(48) O: Using 3 Workers for Old Generation
[2026-04-03T01:56:16.026+0600][19.590s][info][gc,phases   ] GC(48) O: Concurrent Remap Roots 15.416ms
[2026-04-03T01:56:16.026+0600][19.590s][info][gc,phases   ] GC(48) O: Pause Relocate Start 0.022ms
[2026-04-03T01:56:16.027+0600][19.591s][info][gc,phases   ] GC(48) O: Concurrent Relocate 0.962ms
[2026-04-03T01:56:16.027+0600][19.591s][info][gc,alloc    ] GC(48) O:                         Mark Start        Mark End      Relocate Start    Relocate End   
[2026-04-03T01:56:16.027+0600][19.591s][info][gc,alloc    ] GC(48) O: Allocation Stalls:          0                0                0                0         
[2026-04-03T01:56:16.027+0600][19.591s][info][gc,load     ] GC(48) O: Load: 4.10 (34%) / 6.55 (55%) / 7.06 (59%)
[2026-04-03T01:56:16.027+0600][19.591s][info][gc,mmu      ] GC(48) O: MMU: 2ms/95.1%, 5ms/98.0%, 10ms/98.7%, 20ms/99.3%, 50ms/99.6%, 100ms/99.7%
[2026-04-03T01:56:16.027+0600][19.591s][info][gc,marking  ] GC(48) O: Mark: 2 stripe(s), 2 proactive flush(es), 1 terminate flush(es), 0 completion(s), 0 continuation(s) 
[2026-04-03T01:56:16.027+0600][19.591s][info][gc,marking  ] GC(48) O: Mark Stack Usage: 32M
[2026-04-03T01:56:16.027+0600][19.591s][info][gc,nmethod  ] GC(48) O: NMethods: 4982 registered, 54 unregistered
[2026-04-03T01:56:16.027+0600][19.591s][info][gc,metaspace] GC(48) O: Metaspace: 64M used, 65M committed, 1088M reserved
[2026-04-03T01:56:16.027+0600][19.591s][info][gc,ref      ] GC(48) O:                       Encountered   Discovered     Enqueued 
[2026-04-03T01:56:16.027+0600][19.591s][info][gc,ref      ] GC(48) O: Soft References:             4785            0            0 
[2026-04-03T01:56:16.027+0600][19.591s][info][gc,ref      ] GC(48) O: Weak References:             5995         4197          278 
[2026-04-03T01:56:16.027+0600][19.591s][info][gc,ref      ] GC(48) O: Final References:              82           18            0 
[2026-04-03T01:56:16.027+0600][19.591s][info][gc,ref      ] GC(48) O: Phantom References:           594          506            0 
[2026-04-03T01:56:16.027+0600][19.591s][info][gc,reloc    ] GC(48) O:                        Candidates     Selected     In-Place         Size        Empty    Relocated 
[2026-04-03T01:56:16.027+0600][19.591s][info][gc,reloc    ] GC(48) O: Small Pages:                  107            6            0         214M           8M           1M 
[2026-04-03T01:56:16.027+0600][19.591s][info][gc,reloc    ] GC(48) O: Medium Pages:                   1            0            0          16M           0M           0M 
[2026-04-03T01:56:16.027+0600][19.591s][info][gc,reloc    ] GC(48) O: Large Pages:                    3            0            0          16M           0M           0M 
[2026-04-03T01:56:16.027+0600][19.591s][info][gc,reloc    ] GC(48) O: Forwarding Usage: 0M
[2026-04-03T01:56:16.027+0600][19.591s][info][gc,heap     ] GC(48) O: Min Capacity: 8M(1%)
[2026-04-03T01:56:16.027+0600][19.591s][info][gc,heap     ] GC(48) O: Max Capacity: 750M(100%)
[2026-04-03T01:56:16.027+0600][19.591s][info][gc,heap     ] GC(48) O: Soft Max Capacity: 750M(100%)
[2026-04-03T01:56:16.027+0600][19.591s][info][gc,heap     ] GC(48) O: Heap Statistics:
[2026-04-03T01:56:16.027+0600][19.591s][info][gc,heap     ] GC(48) O:                Mark Start          Mark End        Relocate Start      Relocate End           High               Low         
[2026-04-03T01:56:16.027+0600][19.591s][info][gc,heap     ] GC(48) O:  Capacity:      750M (100%)        750M (100%)        750M (100%)        750M (100%)        750M (100%)        750M (100%)   
[2026-04-03T01:56:16.027+0600][19.591s][info][gc,heap     ] GC(48) O:      Free:      504M (67%)         500M (67%)         496M (66%)         504M (67%)         504M (67%)         490M (65%)    
[2026-04-03T01:56:16.027+0600][19.591s][info][gc,heap     ] GC(48) O:      Used:      246M (33%)         250M (33%)         254M (34%)         246M (33%)         260M (35%)         246M (33%)    
[2026-04-03T01:56:16.027+0600][19.591s][info][gc,heap     ] GC(48) O: Old Generation Statistics:
[2026-04-03T01:56:16.027+0600][19.591s][info][gc,heap     ] GC(48) O:                Mark Start          Mark End        Relocate Start      Relocate End    
[2026-04-03T01:56:16.027+0600][19.591s][info][gc,heap     ] GC(48) O:      Used:      246M (33%)         246M (33%)         238M (32%)         230M (31%)    
[2026-04-03T01:56:16.027+0600][19.591s][info][gc,heap     ] GC(48) O:      Live:         -               209M (28%)         209M (28%)         209M (28%)    
[2026-04-03T01:56:16.027+0600][19.591s][info][gc,heap     ] GC(48) O:   Garbage:         -                36M (5%)           28M (4%)           15M (2%)     
[2026-04-03T01:56:16.027+0600][19.591s][info][gc,heap     ] GC(48) O: Allocated:         -                 0M (0%)            0M (0%)            4M (1%)     
[2026-04-03T01:56:16.027+0600][19.591s][info][gc,heap     ] GC(48) O: Reclaimed:         -                  -                 8M (1%)           20M (3%)     
[2026-04-03T01:56:16.027+0600][19.591s][info][gc,heap     ] GC(48) O: Compacted:         -                  -                  -                 1M (0%)     
[2026-04-03T01:56:16.027+0600][19.591s][info][gc,phases   ] GC(48) O: Old Generation 246M(33%)->246M(33%) 0.156s
[2026-04-03T01:56:16.027+0600][19.591s][info][gc          ] GC(48) Major Collection (System.gc()) 404M(54%)->246M(33%) 0.178s
[2026-04-03T01:56:16.271+0600][19.835s][info][gc          ] GC(49) Minor Collection (Allocation Rate)
[2026-04-03T01:56:16.271+0600][19.835s][info][gc,task     ] GC(49) Using 1 Workers for Young Generation
[2026-04-03T01:56:16.271+0600][19.835s][info][gc,phases   ] GC(49) y: Young Generation
[2026-04-03T01:56:16.271+0600][19.836s][info][gc,phases   ] GC(49) y: Pause Mark Start 0.017ms
[2026-04-03T01:56:16.284+0600][19.848s][info][gc,phases   ] GC(49) y: Concurrent Mark 12.414ms
[2026-04-03T01:56:16.284+0600][19.848s][info][gc,phases   ] GC(49) y: Pause Mark End 0.018ms
[2026-04-03T01:56:16.284+0600][19.848s][info][gc,phases   ] GC(49) y: Concurrent Mark Free 0.002ms
[2026-04-03T01:56:16.284+0600][19.848s][info][gc,phases   ] GC(49) y: Concurrent Reset Relocation Set 0.000ms
[2026-04-03T01:56:16.286+0600][19.850s][info][gc,reloc    ] GC(49) y: Using tenuring threshold: 1 (Computed)
[2026-04-03T01:56:16.286+0600][19.851s][info][gc,phases   ] GC(49) y: Concurrent Select Relocation Set 2.153ms
[2026-04-03T01:56:16.287+0600][19.851s][info][gc,phases   ] GC(49) y: Pause Relocate Start 0.011ms
[2026-04-03T01:56:16.287+0600][19.852s][info][gc,phases   ] GC(49) y: Concurrent Relocate 0.837ms
[2026-04-03T01:56:16.287+0600][19.852s][info][gc,alloc    ] GC(49) y:                         Mark Start        Mark End      Relocate Start    Relocate End   
[2026-04-03T01:56:16.287+0600][19.852s][info][gc,alloc    ] GC(49) y: Allocation Stalls:          0                0                0                0         
[2026-04-03T01:56:16.288+0600][19.852s][info][gc,load     ] GC(49) y: Load: 4.10 (34%) / 6.55 (55%) / 7.06 (59%)
[2026-04-03T01:56:16.288+0600][19.852s][info][gc,mmu      ] GC(49) y: MMU: 2ms/95.1%, 5ms/98.0%, 10ms/98.7%, 20ms/99.3%, 50ms/99.6%, 100ms/99.7%
[2026-04-03T01:56:16.288+0600][19.852s][info][gc,marking  ] GC(49) y: Mark: 1 stripe(s), 2 proactive flush(es), 1 terminate flush(es), 0 completion(s), 0 continuation(s) 
[2026-04-03T01:56:16.288+0600][19.852s][info][gc,marking  ] GC(49) y: Mark Stack Usage: 32M
[2026-04-03T01:56:16.288+0600][19.852s][info][gc,nmethod  ] GC(49) y: NMethods: 5097 registered, 54 unregistered
[2026-04-03T01:56:16.288+0600][19.852s][info][gc,metaspace] GC(49) y: Metaspace: 64M used, 65M committed, 1088M reserved
[2026-04-03T01:56:16.288+0600][19.852s][info][gc,reloc    ] GC(49) y:                        Candidates     Selected     In-Place         Size        Empty    Relocated 
[2026-04-03T01:56:16.288+0600][19.852s][info][gc,reloc    ] GC(49) y: Small Pages:                  146           23            0         292M         244M           0M 
[2026-04-03T01:56:16.288+0600][19.852s][info][gc,reloc    ] GC(49) y: Medium Pages:                   1            0            0          16M          16M           0M 
[2026-04-03T01:56:16.288+0600][19.852s][info][gc,reloc    ] GC(49) y: Large Pages:                    2            0            0          12M          12M           0M 
[2026-04-03T01:56:16.288+0600][19.852s][info][gc,reloc    ] GC(49) y: Forwarding Usage: 0M
[2026-04-03T01:56:16.288+0600][19.852s][info][gc,reloc    ] GC(49) y: Age Table:
[2026-04-03T01:56:16.288+0600][19.852s][info][gc,reloc    ] GC(49) y:                    Live             Garbage             Small              Medium             Large        
[2026-04-03T01:56:16.288+0600][19.852s][info][gc,reloc    ] GC(49) y: Eden               0M (0%)          319M (43%)        146 / 23             1 / 0              2 / 0        
[2026-04-03T01:56:16.288+0600][19.852s][info][gc,heap     ] GC(49) y: Min Capacity: 8M(1%)
[2026-04-03T01:56:16.288+0600][19.852s][info][gc,heap     ] GC(49) y: Max Capacity: 750M(100%)
[2026-04-03T01:56:16.288+0600][19.852s][info][gc,heap     ] GC(49) y: Soft Max Capacity: 750M(100%)
[2026-04-03T01:56:16.288+0600][19.852s][info][gc,heap     ] GC(49) y: Heap Statistics:
[2026-04-03T01:56:16.288+0600][19.852s][info][gc,heap     ] GC(49) y:                Mark Start          Mark End        Relocate Start      Relocate End           High               Low         
[2026-04-03T01:56:16.288+0600][19.852s][info][gc,heap     ] GC(49) y:  Capacity:      750M (100%)        750M (100%)        750M (100%)        750M (100%)        750M (100%)        750M (100%)   
[2026-04-03T01:56:16.288+0600][19.852s][info][gc,heap     ] GC(49) y:      Free:      200M (27%)         166M (22%)         434M (58%)         472M (63%)         472M (63%)         166M (22%)    
[2026-04-03T01:56:16.288+0600][19.852s][info][gc,heap     ] GC(49) y:      Used:      550M (73%)         584M (78%)         316M (42%)         278M (37%)         584M (78%)         278M (37%)    
[2026-04-03T01:56:16.288+0600][19.852s][info][gc,heap     ] GC(49) y: Young Generation Statistics:
[2026-04-03T01:56:16.288+0600][19.852s][info][gc,heap     ] GC(49) y:                Mark Start          Mark End        Relocate Start      Relocate End    
[2026-04-03T01:56:16.288+0600][19.852s][info][gc,heap     ] GC(49) y:      Used:      320M (43%)         354M (47%)          86M (11%)          48M (6%)     
[2026-04-03T01:56:16.288+0600][19.852s][info][gc,heap     ] GC(49) y:      Live:         -                 0M (0%)            0M (0%)            0M (0%)     
[2026-04-03T01:56:16.288+0600][19.852s][info][gc,heap     ] GC(49) y:   Garbage:         -               319M (43%)          47M (6%)            0M (0%)     
[2026-04-03T01:56:16.288+0600][19.852s][info][gc,heap     ] GC(49) y: Allocated:         -                34M (5%)           38M (5%)           47M (6%)     
[2026-04-03T01:56:16.288+0600][19.852s][info][gc,heap     ] GC(49) y: Reclaimed:         -                  -               272M (36%)         319M (43%)    
[2026-04-03T01:56:16.288+0600][19.852s][info][gc,heap     ] GC(49) y:  Promoted:         -                  -                 0M (0%)            0M (0%)     
[2026-04-03T01:56:16.288+0600][19.852s][info][gc,heap     ] GC(49) y: Compacted:         -                  -                  -                 0M (0%)     
[2026-04-03T01:56:16.288+0600][19.852s][info][gc,phases   ] GC(49) y: Young Generation 550M(73%)->278M(37%) 0.016s
[2026-04-03T01:56:16.288+0600][19.852s][info][gc          ] GC(49) Minor Collection (Allocation Rate) 550M(73%)->280M(37%) 0.017s
[2026-04-03T01:56:16.415+0600][19.979s][info][gc          ] GC(50) Minor Collection (Allocation Rate)
[2026-04-03T01:56:16.415+0600][19.979s][info][gc,task     ] GC(50) Using 1 Workers for Young Generation
[2026-04-03T01:56:16.415+0600][19.979s][info][gc,phases   ] GC(50) y: Young Generation
[2026-04-03T01:56:16.415+0600][19.979s][info][gc,phases   ] GC(50) y: Pause Mark Start 0.012ms
[2026-04-03T01:56:16.426+0600][19.990s][info][gc,phases   ] GC(50) y: Concurrent Mark 10.899ms
[2026-04-03T01:56:16.426+0600][19.990s][info][gc,phases   ] GC(50) y: Pause Mark End 0.026ms
[2026-04-03T01:56:16.426+0600][19.990s][info][gc,phases   ] GC(50) y: Concurrent Mark Free 0.002ms
[2026-04-03T01:56:16.426+0600][19.990s][info][gc,phases   ] GC(50) y: Concurrent Reset Relocation Set 0.007ms
[2026-04-03T01:56:16.428+0600][19.992s][info][gc,reloc    ] GC(50) y: Using tenuring threshold: 1 (Computed)
[2026-04-03T01:56:16.429+0600][19.993s][info][gc,phases   ] GC(50) y: Concurrent Select Relocation Set 2.406ms
[2026-04-03T01:56:16.429+0600][19.993s][info][gc,phases   ] GC(50) y: Pause Relocate Start 0.011ms
[2026-04-03T01:56:16.430+0600][19.994s][info][gc,phases   ] GC(50) y: Concurrent Relocate 1.447ms
[2026-04-03T01:56:16.430+0600][19.994s][info][gc,alloc    ] GC(50) y:                         Mark Start        Mark End      Relocate Start    Relocate End   
[2026-04-03T01:56:16.430+0600][19.994s][info][gc,alloc    ] GC(50) y: Allocation Stalls:          0                0                0                0         
[2026-04-03T01:56:16.430+0600][19.994s][info][gc,load     ] GC(50) y: Load: 4.10 (34%) / 6.55 (55%) / 7.06 (59%)
[2026-04-03T01:56:16.430+0600][19.994s][info][gc,mmu      ] GC(50) y: MMU: 2ms/95.1%, 5ms/98.0%, 10ms/98.7%, 20ms/99.3%, 50ms/99.6%, 100ms/99.7%
[2026-04-03T01:56:16.430+0600][19.994s][info][gc,marking  ] GC(50) y: Mark: 1 stripe(s), 2 proactive flush(es), 1 terminate flush(es), 0 completion(s), 0 continuation(s) 
[2026-04-03T01:56:16.430+0600][19.994s][info][gc,marking  ] GC(50) y: Mark Stack Usage: 32M
[2026-04-03T01:56:16.430+0600][19.994s][info][gc,nmethod  ] GC(50) y: NMethods: 5098 registered, 54 unregistered
[2026-04-03T01:56:16.430+0600][19.994s][info][gc,metaspace] GC(50) y: Metaspace: 64M used, 65M committed, 1088M reserved
[2026-04-03T01:56:16.430+0600][19.994s][info][gc,reloc    ] GC(50) y:                        Candidates     Selected     In-Place         Size        Empty    Relocated 
[2026-04-03T01:56:16.430+0600][19.995s][info][gc,reloc    ] GC(50) y: Small Pages:                  190           10            0         380M         358M           0M 
[2026-04-03T01:56:16.430+0600][19.995s][info][gc,reloc    ] GC(50) y: Medium Pages:                   0            0            0           0M           0M           0M 
[2026-04-03T01:56:16.430+0600][19.995s][info][gc,reloc    ] GC(50) y: Large Pages:                    0            0            0           0M           0M           0M 
[2026-04-03T01:56:16.430+0600][19.995s][info][gc,reloc    ] GC(50) y: Forwarding Usage: 0M
[2026-04-03T01:56:16.430+0600][19.995s][info][gc,reloc    ] GC(50) y: Age Table:
[2026-04-03T01:56:16.430+0600][19.995s][info][gc,reloc    ] GC(50) y:                    Live             Garbage             Small              Medium             Large        
[2026-04-03T01:56:16.430+0600][19.995s][info][gc,reloc    ] GC(50) y: Eden               0M (0%)          371M (50%)        186 / 6              0 / 0              0 / 0        
[2026-04-03T01:56:16.430+0600][19.995s][info][gc,reloc    ] GC(50) y: Survivor 1         0M (0%)            7M (1%)           4 / 4              0 / 0              0 / 0        
[2026-04-03T01:56:16.430+0600][19.995s][info][gc,heap     ] GC(50) y: Min Capacity: 8M(1%)
[2026-04-03T01:56:16.430+0600][19.995s][info][gc,heap     ] GC(50) y: Max Capacity: 750M(100%)
[2026-04-03T01:56:16.430+0600][19.995s][info][gc,heap     ] GC(50) y: Soft Max Capacity: 750M(100%)
[2026-04-03T01:56:16.430+0600][19.995s][info][gc,heap     ] GC(50) y: Heap Statistics:
[2026-04-03T01:56:16.430+0600][19.995s][info][gc,heap     ] GC(50) y:                Mark Start          Mark End        Relocate Start      Relocate End           High               Low         
[2026-04-03T01:56:16.431+0600][19.995s][info][gc,heap     ] GC(50) y:  Capacity:      750M (100%)        750M (100%)        750M (100%)        750M (100%)        750M (100%)        750M (100%)   
[2026-04-03T01:56:16.431+0600][19.995s][info][gc,heap     ] GC(50) y:      Free:      140M (19%)         110M (15%)         460M (61%)         466M (62%)         470M (63%)         110M (15%)    
[2026-04-03T01:56:16.431+0600][19.995s][info][gc,heap     ] GC(50) y:      Used:      610M (81%)         640M (85%)         290M (39%)         284M (38%)         640M (85%)         280M (37%)    
[2026-04-03T01:56:16.431+0600][19.995s][info][gc,heap     ] GC(50) y: Young Generation Statistics:
[2026-04-03T01:56:16.431+0600][19.995s][info][gc,heap     ] GC(50) y:                Mark Start          Mark End        Relocate Start      Relocate End    
[2026-04-03T01:56:16.431+0600][19.995s][info][gc,heap     ] GC(50) y:      Used:      380M (51%)         410M (55%)          60M (8%)           48M (6%)     
[2026-04-03T01:56:16.431+0600][19.995s][info][gc,heap     ] GC(50) y:      Live:         -                 0M (0%)            0M (0%)            0M (0%)     
[2026-04-03T01:56:16.431+0600][19.995s][info][gc,heap     ] GC(50) y:   Garbage:         -               379M (51%)          21M (3%)            0M (0%)     
[2026-04-03T01:56:16.431+0600][19.995s][info][gc,heap     ] GC(50) y: Allocated:         -                30M (4%)           38M (5%)           47M (6%)     
[2026-04-03T01:56:16.431+0600][19.995s][info][gc,heap     ] GC(50) y: Reclaimed:         -                  -               358M (48%)         379M (51%)    
[2026-04-03T01:56:16.431+0600][19.995s][info][gc,heap     ] GC(50) y:  Promoted:         -                  -                 0M (0%)            0M (0%)     
[2026-04-03T01:56:16.431+0600][19.995s][info][gc,heap     ] GC(50) y: Compacted:         -                  -                  -                 0M (0%)     
[2026-04-03T01:56:16.431+0600][19.995s][info][gc,phases   ] GC(50) y: Young Generation 610M(81%)->284M(38%) 0.016s
[2026-04-03T01:56:16.431+0600][19.995s][info][gc          ] GC(50) Minor Collection (Allocation Rate) 610M(81%)->284M(38%) 0.016s
[2026-04-03T01:56:16.512+0600][20.076s][info][gc          ] GC(51) Minor Collection (Allocation Rate)
[2026-04-03T01:56:16.512+0600][20.076s][info][gc,task     ] GC(51) Using 1 Workers for Young Generation
[2026-04-03T01:56:16.512+0600][20.076s][info][gc,phases   ] GC(51) y: Young Generation
[2026-04-03T01:56:16.512+0600][20.076s][info][gc,phases   ] GC(51) y: Pause Mark Start 0.021ms
[2026-04-03T01:56:16.522+0600][20.086s][info][gc,phases   ] GC(51) y: Concurrent Mark 9.602ms
[2026-04-03T01:56:16.522+0600][20.087s][info][gc,phases   ] GC(51) y: Pause Mark End 0.013ms
[2026-04-03T01:56:16.523+0600][20.087s][info][gc,phases   ] GC(51) y: Concurrent Mark Free 0.002ms
[2026-04-03T01:56:16.523+0600][20.087s][info][gc,phases   ] GC(51) y: Concurrent Reset Relocation Set 0.003ms
[2026-04-03T01:56:16.525+0600][20.089s][info][gc,reloc    ] GC(51) y: Using tenuring threshold: 1 (Computed)
[2026-04-03T01:56:16.525+0600][20.089s][info][gc,phases   ] GC(51) y: Concurrent Select Relocation Set 2.590ms
[2026-04-03T01:56:16.525+0600][20.089s][info][gc,phases   ] GC(51) y: Pause Relocate Start 0.008ms
[2026-04-03T01:56:16.526+0600][20.090s][info][gc,phases   ] GC(51) y: Concurrent Relocate 0.189ms
[2026-04-03T01:56:16.526+0600][20.090s][info][gc,alloc    ] GC(51) y:                         Mark Start        Mark End      Relocate Start    Relocate End   
[2026-04-03T01:56:16.526+0600][20.090s][info][gc,alloc    ] GC(51) y: Allocation Stalls:          0                0                0                0         
[2026-04-03T01:56:16.526+0600][20.090s][info][gc,load     ] GC(51) y: Load: 4.10 (34%) / 6.55 (55%) / 7.06 (59%)
[2026-04-03T01:56:16.526+0600][20.090s][info][gc,mmu      ] GC(51) y: MMU: 2ms/95.1%, 5ms/98.0%, 10ms/98.7%, 20ms/99.3%, 50ms/99.6%, 100ms/99.7%
[2026-04-03T01:56:16.526+0600][20.090s][info][gc,marking  ] GC(51) y: Mark: 1 stripe(s), 2 proactive flush(es), 1 terminate flush(es), 0 completion(s), 0 continuation(s) 
[2026-04-03T01:56:16.526+0600][20.090s][info][gc,marking  ] GC(51) y: Mark Stack Usage: 32M
[2026-04-03T01:56:16.526+0600][20.090s][info][gc,nmethod  ] GC(51) y: NMethods: 5103 registered, 54 unregistered
[2026-04-03T01:56:16.526+0600][20.090s][info][gc,metaspace] GC(51) y: Metaspace: 64M used, 65M committed, 1088M reserved
[2026-04-03T01:56:16.526+0600][20.090s][info][gc,reloc    ] GC(51) y:                        Candidates     Selected     In-Place         Size        Empty    Relocated 
[2026-04-03T01:56:16.526+0600][20.090s][info][gc,reloc    ] GC(51) y: Small Pages:                  132            6            0         264M         250M           0M 
[2026-04-03T01:56:16.526+0600][20.090s][info][gc,reloc    ] GC(51) y: Medium Pages:                   0            0            0           0M           0M           0M 
[2026-04-03T01:56:16.526+0600][20.090s][info][gc,reloc    ] GC(51) y: Large Pages:                    0            0            0           0M           0M           0M 
[2026-04-03T01:56:16.526+0600][20.090s][info][gc,reloc    ] GC(51) y: Forwarding Usage: 0M
[2026-04-03T01:56:16.526+0600][20.090s][info][gc,reloc    ] GC(51) y: Age Table:
[2026-04-03T01:56:16.526+0600][20.090s][info][gc,reloc    ] GC(51) y:                    Live             Garbage             Small              Medium             Large        
[2026-04-03T01:56:16.526+0600][20.090s][info][gc,reloc    ] GC(51) y: Eden               0M (0%)          257M (34%)        129 / 6              0 / 0              0 / 0        
[2026-04-03T01:56:16.526+0600][20.090s][info][gc,reloc    ] GC(51) y: Survivor 1          -                 6M (1%)           3 / 0              0 / 0              0 / 0        
[2026-04-03T01:56:16.526+0600][20.090s][info][gc,heap     ] GC(51) y: Min Capacity: 8M(1%)
[2026-04-03T01:56:16.526+0600][20.090s][info][gc,heap     ] GC(51) y: Max Capacity: 750M(100%)
[2026-04-03T01:56:16.526+0600][20.090s][info][gc,heap     ] GC(51) y: Soft Max Capacity: 750M(100%)
[2026-04-03T01:56:16.526+0600][20.090s][info][gc,heap     ] GC(51) y: Heap Statistics:
[2026-04-03T01:56:16.526+0600][20.090s][info][gc,heap     ] GC(51) y:                Mark Start          Mark End        Relocate Start      Relocate End           High               Low         
[2026-04-03T01:56:16.526+0600][20.090s][info][gc,heap     ] GC(51) y:  Capacity:      750M (100%)        750M (100%)        750M (100%)        750M (100%)        750M (100%)        750M (100%)   
[2026-04-03T01:56:16.526+0600][20.090s][info][gc,heap     ] GC(51) y:      Free:      250M (33%)         220M (29%)         462M (62%)         474M (63%)         474M (63%)         220M (29%)    
[2026-04-03T01:56:16.526+0600][20.090s][info][gc,heap     ] GC(51) y:      Used:      500M (67%)         530M (71%)         288M (38%)         276M (37%)         530M (71%)         276M (37%)    
[2026-04-03T01:56:16.526+0600][20.090s][info][gc,heap     ] GC(51) y: Young Generation Statistics:
[2026-04-03T01:56:16.526+0600][20.090s][info][gc,heap     ] GC(51) y:                Mark Start          Mark End        Relocate Start      Relocate End    
[2026-04-03T01:56:16.526+0600][20.090s][info][gc,heap     ] GC(51) y:      Used:      264M (35%)         294M (39%)          52M (7%)           40M (5%)     
[2026-04-03T01:56:16.526+0600][20.090s][info][gc,heap     ] GC(51) y:      Live:         -                 0M (0%)            0M (0%)            0M (0%)     
[2026-04-03T01:56:16.526+0600][20.090s][info][gc,heap     ] GC(51) y:   Garbage:         -               263M (35%)          13M (2%)            0M (0%)     
[2026-04-03T01:56:16.526+0600][20.090s][info][gc,heap     ] GC(51) y: Allocated:         -                30M (4%)           38M (5%)           39M (5%)     
[2026-04-03T01:56:16.526+0600][20.090s][info][gc,heap     ] GC(51) y: Reclaimed:         -                  -               250M (33%)         263M (35%)    
[2026-04-03T01:56:16.526+0600][20.090s][info][gc,heap     ] GC(51) y:  Promoted:         -                  -                 0M (0%)            0M (0%)     
[2026-04-03T01:56:16.526+0600][20.090s][info][gc,heap     ] GC(51) y: Compacted:         -                  -                  -                 0M (0%)     
[2026-04-03T01:56:16.526+0600][20.090s][info][gc,phases   ] GC(51) y: Young Generation 500M(67%)->276M(37%) 0.013s
[2026-04-03T01:56:16.526+0600][20.090s][info][gc          ] GC(51) Minor Collection (Allocation Rate) 500M(67%)->280M(37%) 0.014s
[2026-04-03T01:56:16.653+0600][20.217s][info][gc          ] GC(52) Minor Collection (Allocation Rate)
[2026-04-03T01:56:16.653+0600][20.217s][info][gc,task     ] GC(52) Using 1 Workers for Young Generation
[2026-04-03T01:56:16.653+0600][20.217s][info][gc,phases   ] GC(52) y: Young Generation
[2026-04-03T01:56:16.653+0600][20.217s][info][gc,phases   ] GC(52) y: Pause Mark Start 0.012ms
[2026-04-03T01:56:16.664+0600][20.229s][info][gc,phases   ] GC(52) y: Concurrent Mark 11.131ms
[2026-04-03T01:56:16.665+0600][20.229s][info][gc,phases   ] GC(52) y: Pause Mark End 0.022ms
[2026-04-03T01:56:16.665+0600][20.229s][info][gc,phases   ] GC(52) y: Concurrent Mark Free 0.001ms
[2026-04-03T01:56:16.665+0600][20.229s][info][gc,phases   ] GC(52) y: Concurrent Reset Relocation Set 0.003ms
[2026-04-03T01:56:16.669+0600][20.233s][info][gc,reloc    ] GC(52) y: Using tenuring threshold: 1 (Computed)
[2026-04-03T01:56:16.670+0600][20.234s][info][gc,phases   ] GC(52) y: Concurrent Select Relocation Set 4.983ms
[2026-04-03T01:56:16.670+0600][20.234s][info][gc,phases   ] GC(52) y: Pause Relocate Start 0.015ms
[2026-04-03T01:56:16.671+0600][20.235s][info][gc,phases   ] GC(52) y: Concurrent Relocate 0.652ms
[2026-04-03T01:56:16.671+0600][20.235s][info][gc,alloc    ] GC(52) y:                         Mark Start        Mark End      Relocate Start    Relocate End   
[2026-04-03T01:56:16.671+0600][20.235s][info][gc,alloc    ] GC(52) y: Allocation Stalls:          0                0                0                0         
[2026-04-03T01:56:16.671+0600][20.235s][info][gc,load     ] GC(52) y: Load: 4.10 (34%) / 6.55 (55%) / 7.06 (59%)
[2026-04-03T01:56:16.671+0600][20.235s][info][gc,mmu      ] GC(52) y: MMU: 2ms/95.1%, 5ms/98.0%, 10ms/98.7%, 20ms/99.3%, 50ms/99.6%, 100ms/99.7%
[2026-04-03T01:56:16.671+0600][20.235s][info][gc,marking  ] GC(52) y: Mark: 1 stripe(s), 2 proactive flush(es), 1 terminate flush(es), 0 completion(s), 0 continuation(s) 
[2026-04-03T01:56:16.671+0600][20.235s][info][gc,marking  ] GC(52) y: Mark Stack Usage: 32M
[2026-04-03T01:56:16.671+0600][20.235s][info][gc,nmethod  ] GC(52) y: NMethods: 5144 registered, 54 unregistered
[2026-04-03T01:56:16.671+0600][20.235s][info][gc,metaspace] GC(52) y: Metaspace: 65M used, 66M committed, 1088M reserved
[2026-04-03T01:56:16.671+0600][20.235s][info][gc,reloc    ] GC(52) y:                        Candidates     Selected     In-Place         Size        Empty    Relocated 
[2026-04-03T01:56:16.671+0600][20.235s][info][gc,reloc    ] GC(52) y: Small Pages:                  187           15            0         374M         342M           0M 
[2026-04-03T01:56:16.671+0600][20.235s][info][gc,reloc    ] GC(52) y: Medium Pages:                   0            0            0           0M           0M           0M 
[2026-04-03T01:56:16.671+0600][20.235s][info][gc,reloc    ] GC(52) y: Large Pages:                    0            0            0           0M           0M           0M 
[2026-04-03T01:56:16.671+0600][20.235s][info][gc,reloc    ] GC(52) y: Forwarding Usage: 0M
[2026-04-03T01:56:16.671+0600][20.235s][info][gc,reloc    ] GC(52) y: Age Table:
[2026-04-03T01:56:16.671+0600][20.235s][info][gc,reloc    ] GC(52) y:                    Live             Garbage             Small              Medium             Large        
[2026-04-03T01:56:16.671+0600][20.235s][info][gc,reloc    ] GC(52) y: Eden               0M (0%)          371M (50%)        186 / 15             0 / 0              0 / 0        
[2026-04-03T01:56:16.671+0600][20.235s][info][gc,reloc    ] GC(52) y: Survivor 1          -                 2M (0%)           1 / 0              0 / 0              0 / 0        
[2026-04-03T01:56:16.671+0600][20.235s][info][gc,heap     ] GC(52) y: Min Capacity: 8M(1%)
[2026-04-03T01:56:16.671+0600][20.235s][info][gc,heap     ] GC(52) y: Max Capacity: 750M(100%)
[2026-04-03T01:56:16.671+0600][20.235s][info][gc,heap     ] GC(52) y: Soft Max Capacity: 750M(100%)
[2026-04-03T01:56:16.671+0600][20.235s][info][gc,heap     ] GC(52) y: Heap Statistics:
[2026-04-03T01:56:16.671+0600][20.235s][info][gc,heap     ] GC(52) y:                Mark Start          Mark End        Relocate Start      Relocate End           High               Low         
[2026-04-03T01:56:16.671+0600][20.235s][info][gc,heap     ] GC(52) y:  Capacity:      750M (100%)        750M (100%)        750M (100%)        750M (100%)        750M (100%)        750M (100%)   
[2026-04-03T01:56:16.671+0600][20.235s][info][gc,heap     ] GC(52) y:      Free:      140M (19%)         112M (15%)         442M (59%)         466M (62%)         466M (62%)         112M (15%)    
[2026-04-03T01:56:16.671+0600][20.235s][info][gc,heap     ] GC(52) y:      Used:      610M (81%)         638M (85%)         308M (41%)         284M (38%)         638M (85%)         284M (38%)    
[2026-04-03T01:56:16.671+0600][20.235s][info][gc,heap     ] GC(52) y: Young Generation Statistics:
[2026-04-03T01:56:16.671+0600][20.235s][info][gc,heap     ] GC(52) y:                Mark Start          Mark End        Relocate Start      Relocate End    
[2026-04-03T01:56:16.671+0600][20.235s][info][gc,heap     ] GC(52) y:      Used:      374M (50%)         402M (54%)          72M (10%)          48M (6%)     
[2026-04-03T01:56:16.671+0600][20.235s][info][gc,heap     ] GC(52) y:      Live:         -                 0M (0%)            0M (0%)            0M (0%)     
[2026-04-03T01:56:16.671+0600][20.235s][info][gc,heap     ] GC(52) y:   Garbage:         -               373M (50%)          31M (4%)            0M (0%)     
[2026-04-03T01:56:16.671+0600][20.235s][info][gc,heap     ] GC(52) y: Allocated:         -                28M (4%)           40M (5%)           47M (6%)     
[2026-04-03T01:56:16.671+0600][20.235s][info][gc,heap     ] GC(52) y: Reclaimed:         -                  -               342M (46%)         373M (50%)    
[2026-04-03T01:56:16.671+0600][20.235s][info][gc,heap     ] GC(52) y:  Promoted:         -                  -                 0M (0%)            0M (0%)     
[2026-04-03T01:56:16.671+0600][20.235s][info][gc,heap     ] GC(52) y: Compacted:         -                  -                  -                 0M (0%)     
[2026-04-03T01:56:16.671+0600][20.235s][info][gc,phases   ] GC(52) y: Young Generation 610M(81%)->284M(38%) 0.018s
[2026-04-03T01:56:16.671+0600][20.235s][info][gc          ] GC(52) Minor Collection (Allocation Rate) 608M(81%)->284M(38%) 0.018s
[2026-04-03T01:56:16.791+0600][20.355s][info][gc          ] GC(53) Minor Collection (Allocation Rate)
[2026-04-03T01:56:16.791+0600][20.356s][info][gc,task     ] GC(53) Using 1 Workers for Young Generation
[2026-04-03T01:56:16.791+0600][20.356s][info][gc,phases   ] GC(53) y: Young Generation
[2026-04-03T01:56:16.792+0600][20.356s][info][gc,phases   ] GC(53) y: Pause Mark Start 0.018ms
[2026-04-03T01:56:16.802+0600][20.366s][info][gc,phases   ] GC(53) y: Concurrent Mark 10.681ms
[2026-04-03T01:56:16.803+0600][20.367s][info][gc,phases   ] GC(53) y: Pause Mark End 0.020ms
[2026-04-03T01:56:16.803+0600][20.367s][info][gc,phases   ] GC(53) y: Concurrent Mark Free 0.001ms
[2026-04-03T01:56:16.803+0600][20.367s][info][gc,phases   ] GC(53) y: Concurrent Reset Relocation Set 0.002ms
[2026-04-03T01:56:16.807+0600][20.371s][info][gc,reloc    ] GC(53) y: Using tenuring threshold: 1 (Computed)
[2026-04-03T01:56:16.808+0600][20.372s][info][gc,phases   ] GC(53) y: Concurrent Select Relocation Set 5.168ms
[2026-04-03T01:56:16.808+0600][20.372s][info][gc,phases   ] GC(53) y: Pause Relocate Start 0.016ms
[2026-04-03T01:56:16.809+0600][20.373s][info][gc,phases   ] GC(53) y: Concurrent Relocate 0.962ms
[2026-04-03T01:56:16.809+0600][20.373s][info][gc,alloc    ] GC(53) y:                         Mark Start        Mark End      Relocate Start    Relocate End   
[2026-04-03T01:56:16.809+0600][20.373s][info][gc,alloc    ] GC(53) y: Allocation Stalls:          0                0                0                0         
[2026-04-03T01:56:16.809+0600][20.373s][info][gc,load     ] GC(53) y: Load: 4.10 (34%) / 6.55 (55%) / 7.06 (59%)
[2026-04-03T01:56:16.809+0600][20.373s][info][gc,mmu      ] GC(53) y: MMU: 2ms/95.1%, 5ms/98.0%, 10ms/98.7%, 20ms/99.3%, 50ms/99.6%, 100ms/99.7%
[2026-04-03T01:56:16.809+0600][20.373s][info][gc,marking  ] GC(53) y: Mark: 1 stripe(s), 2 proactive flush(es), 1 terminate flush(es), 0 completion(s), 0 continuation(s) 
[2026-04-03T01:56:16.809+0600][20.373s][info][gc,marking  ] GC(53) y: Mark Stack Usage: 32M
[2026-04-03T01:56:16.809+0600][20.373s][info][gc,nmethod  ] GC(53) y: NMethods: 5144 registered, 54 unregistered
[2026-04-03T01:56:16.809+0600][20.373s][info][gc,metaspace] GC(53) y: Metaspace: 65M used, 66M committed, 1088M reserved
[2026-04-03T01:56:16.809+0600][20.373s][info][gc,reloc    ] GC(53) y:                        Candidates     Selected     In-Place         Size        Empty    Relocated 
[2026-04-03T01:56:16.809+0600][20.373s][info][gc,reloc    ] GC(53) y: Small Pages:                  181            7            0         362M         346M           0M 
[2026-04-03T01:56:16.809+0600][20.373s][info][gc,reloc    ] GC(53) y: Medium Pages:                   0            0            0           0M           0M           0M 
[2026-04-03T01:56:16.809+0600][20.373s][info][gc,reloc    ] GC(53) y: Large Pages:                    0            0            0           0M           0M           0M 
[2026-04-03T01:56:16.809+0600][20.373s][info][gc,reloc    ] GC(53) y: Forwarding Usage: 0M
[2026-04-03T01:56:16.809+0600][20.373s][info][gc,reloc    ] GC(53) y: Age Table:
[2026-04-03T01:56:16.809+0600][20.373s][info][gc,reloc    ] GC(53) y:                    Live             Garbage             Small              Medium             Large        
[2026-04-03T01:56:16.809+0600][20.373s][info][gc,reloc    ] GC(53) y: Eden               0M (0%)          355M (47%)        178 / 6              0 / 0              0 / 0        
[2026-04-03T01:56:16.809+0600][20.373s][info][gc,reloc    ] GC(53) y: Survivor 1         0M (0%)            5M (1%)           3 / 1              0 / 0              0 / 0        
[2026-04-03T01:56:16.809+0600][20.373s][info][gc,heap     ] GC(53) y: Min Capacity: 8M(1%)
[2026-04-03T01:56:16.809+0600][20.373s][info][gc,heap     ] GC(53) y: Max Capacity: 750M(100%)
[2026-04-03T01:56:16.809+0600][20.373s][info][gc,heap     ] GC(53) y: Soft Max Capacity: 750M(100%)
[2026-04-03T01:56:16.809+0600][20.373s][info][gc,heap     ] GC(53) y: Heap Statistics:
[2026-04-03T01:56:16.809+0600][20.373s][info][gc,heap     ] GC(53) y:                Mark Start          Mark End        Relocate Start      Relocate End           High               Low         
[2026-04-03T01:56:16.809+0600][20.373s][info][gc,heap     ] GC(53) y:  Capacity:      750M (100%)        750M (100%)        750M (100%)        750M (100%)        750M (100%)        750M (100%)   
[2026-04-03T01:56:16.809+0600][20.373s][info][gc,heap     ] GC(53) y:      Free:      152M (20%)         124M (17%)         458M (61%)         464M (62%)         466M (62%)         124M (17%)    
[2026-04-03T01:56:16.809+0600][20.373s][info][gc,heap     ] GC(53) y:      Used:      598M (80%)         626M (83%)         292M (39%)         286M (38%)         626M (83%)         284M (38%)    
[2026-04-03T01:56:16.809+0600][20.373s][info][gc,heap     ] GC(53) y: Young Generation Statistics:
[2026-04-03T01:56:16.809+0600][20.373s][info][gc,heap     ] GC(53) y:                Mark Start          Mark End        Relocate Start      Relocate End    
[2026-04-03T01:56:16.809+0600][20.373s][info][gc,heap     ] GC(53) y:      Used:      362M (48%)         390M (52%)          56M (7%)           48M (6%)     
[2026-04-03T01:56:16.809+0600][20.373s][info][gc,heap     ] GC(53) y:      Live:         -                 0M (0%)            0M (0%)            0M (0%)     
[2026-04-03T01:56:16.809+0600][20.373s][info][gc,heap     ] GC(53) y:   Garbage:         -               361M (48%)          15M (2%)            0M (0%)     
[2026-04-03T01:56:16.809+0600][20.373s][info][gc,heap     ] GC(53) y: Allocated:         -                28M (4%)           40M (5%)           47M (6%)     
[2026-04-03T01:56:16.809+0600][20.373s][info][gc,heap     ] GC(53) y: Reclaimed:         -                  -               346M (46%)         361M (48%)    
[2026-04-03T01:56:16.809+0600][20.373s][info][gc,heap     ] GC(53) y:  Promoted:         -                  -                 0M (0%)            0M (0%)     
[2026-04-03T01:56:16.809+0600][20.374s][info][gc,heap     ] GC(53) y: Compacted:         -                  -                  -                 0M (0%)     
[2026-04-03T01:56:16.809+0600][20.374s][info][gc,phases   ] GC(53) y: Young Generation 598M(80%)->286M(38%) 0.018s
[2026-04-03T01:56:16.809+0600][20.374s][info][gc          ] GC(53) Minor Collection (Allocation Rate) 598M(80%)->286M(38%) 0.018s
[2026-04-03T01:56:17.541+0600][21.105s][info][gc,exit     ] Stopping ZGC
[2026-04-03T01:56:17.541+0600][21.105s][info][gc,stats    ] === Garbage Collection Statistics =======================================================================================================================
[2026-04-03T01:56:17.541+0600][21.105s][info][gc,stats    ]                                                              Last 10s              Last 10m              Last 10h                Total
[2026-04-03T01:56:17.541+0600][21.105s][info][gc,stats    ]                                                              Avg / Max             Avg / Max             Avg / Max             Avg / Max
[2026-04-03T01:56:17.541+0600][21.105s][info][gc,stats    ]        Contention: Mark Segment Reset Contention                    56 / 526              48 / 526              48 / 526              48 / 526         ops/s
[2026-04-03T01:56:17.541+0600][21.105s][info][gc,stats    ]        Contention: Mark SeqNum Reset Contention                      0 / 4                 1 / 22                1 / 22                1 / 22          ops/s
[2026-04-03T01:56:17.541+0600][21.105s][info][gc,stats    ]          Critical: Allocation Stall                                  0 / 2                 0 / 2                 0 / 2                 0 / 2           ops/s
[2026-04-03T01:56:17.541+0600][21.105s][info][gc,stats    ]          Critical: Allocation Stall                              3.157 / 3.274         3.157 / 3.274         3.157 / 3.274         3.157 / 3.274       ms
[2026-04-03T01:56:17.541+0600][21.105s][info][gc,stats    ]          Critical: JNI Critical Stall                                0 / 1                 0 / 3                 0 / 3                 0 / 3           ops/s
[2026-04-03T01:56:17.541+0600][21.105s][info][gc,stats    ]          Critical: JNI Critical Stall                            0.638 / 1.110         0.583 / 1.110         0.583 / 1.110         0.583 / 1.110       ms
[2026-04-03T01:56:17.541+0600][21.106s][info][gc,stats    ]          Critical: Relocation Stall                                  0 / 0                 0 / 0                 0 / 0                 0 / 0           ops/s
[2026-04-03T01:56:17.541+0600][21.106s][info][gc,stats    ]          Critical: Relocation Stall                              0.000 / 0.000         0.000 / 0.000         0.000 / 0.000         0.000 / 0.000       ms
[2026-04-03T01:56:17.541+0600][21.106s][info][gc,stats    ]  Major Collection: Major Collection                            334.181 / 650.811     245.731 / 650.811     245.731 / 650.811     245.731 / 650.811     ms
[2026-04-03T01:56:17.541+0600][21.106s][info][gc,stats    ]            Memory: Allocation Rate                                 824 / 1908            498 / 1908            498 / 1908            498 / 1908        MB/s
[2026-04-03T01:56:17.541+0600][21.106s][info][gc,stats    ]            Memory: Defragment                                        1 / 15                0 / 15                0 / 15                0 / 15          ops/s
[2026-04-03T01:56:17.541+0600][21.106s][info][gc,stats    ]            Memory: Out Of Memory                                     0 / 0                 0 / 0                 0 / 0                 0 / 0           ops/s
[2026-04-03T01:56:17.541+0600][21.106s][info][gc,stats    ]            Memory: Page Cache Flush                                  6 / 52                3 / 52                3 / 52                3 / 52          MB/s
[2026-04-03T01:56:17.541+0600][21.106s][info][gc,stats    ]            Memory: Page Cache Hit L1                               428 / 1004            242 / 1004            242 / 1004            242 / 1004        ops/s
[2026-04-03T01:56:17.541+0600][21.106s][info][gc,stats    ]            Memory: Page Cache Hit L2                                 0 / 0                 0 / 0                 0 / 0                 0 / 0           ops/s
[2026-04-03T01:56:17.541+0600][21.106s][info][gc,stats    ]            Memory: Page Cache Hit L3                                 1 / 12                6 / 83                6 / 83                6 / 83          ops/s
[2026-04-03T01:56:17.541+0600][21.106s][info][gc,stats    ]            Memory: Page Cache Miss                                   0 / 2                11 / 218              11 / 218              11 / 218         ops/s
[2026-04-03T01:56:17.541+0600][21.106s][info][gc,stats    ]            Memory: Uncommit                                          0 / 0                 0 / 0                 0 / 0                 0 / 0           MB/s
[2026-04-03T01:56:17.541+0600][21.106s][info][gc,stats    ]            Memory: Undo Object Allocation Failed                     0 / 0                 0 / 0                 0 / 0                 0 / 0           ops/s
[2026-04-03T01:56:17.541+0600][21.106s][info][gc,stats    ]            Memory: Undo Object Allocation Succeeded                108 / 793              54 / 793              54 / 793              54 / 793         ops/s
[2026-04-03T01:56:17.541+0600][21.106s][info][gc,stats    ]            Memory: Undo Page Allocation                              0 / 0                 0 / 0                 0 / 0                 0 / 0           ops/s
[2026-04-03T01:56:17.542+0600][21.106s][info][gc,stats    ]  Minor Collection: Minor Collection                             68.176 / 305.921      70.323 / 305.921      70.323 / 305.921      70.323 / 305.921     ms
[2026-04-03T01:56:17.542+0600][21.106s][info][gc,stats    ]    Old Generation: Old Generation                              270.069 / 516.981     192.177 / 516.981     192.177 / 516.981     192.177 / 516.981     ms
[2026-04-03T01:56:17.542+0600][21.106s][info][gc,stats    ]         Old Pause: Pause Mark End                                0.029 / 0.055         0.025 / 0.055         0.025 / 0.055         0.025 / 0.055       ms
[2026-04-03T01:56:17.542+0600][21.106s][info][gc,stats    ]         Old Pause: Pause Relocate Start                          0.024 / 0.033         0.023 / 0.033         0.023 / 0.033         0.023 / 0.033       ms
[2026-04-03T01:56:17.542+0600][21.106s][info][gc,stats    ]         Old Phase: Concurrent Mark                             200.455 / 386.324     136.195 / 386.324     136.195 / 386.324     136.195 / 386.324     ms
[2026-04-03T01:56:17.542+0600][21.106s][info][gc,stats    ]         Old Phase: Concurrent Mark Continue                      0.000 / 0.000         0.000 / 0.000         0.000 / 0.000         0.000 / 0.000       ms
[2026-04-03T01:56:17.542+0600][21.106s][info][gc,stats    ]         Old Phase: Concurrent Mark Free                          0.001 / 0.003         0.003 / 0.020         0.003 / 0.020         0.003 / 0.020       ms
[2026-04-03T01:56:17.542+0600][21.106s][info][gc,stats    ]         Old Phase: Concurrent Process Non-Strong                13.004 / 28.221       10.268 / 28.221       10.268 / 28.221       10.268 / 28.221      ms
[2026-04-03T01:56:17.542+0600][21.106s][info][gc,stats    ]         Old Phase: Concurrent Relocate                           8.799 / 22.664        6.866 / 22.664        6.866 / 22.664        6.866 / 22.664      ms
[2026-04-03T01:56:17.542+0600][21.106s][info][gc,stats    ]         Old Phase: Concurrent Remap Roots                       19.760 / 31.118       18.901 / 31.118       18.901 / 31.118       18.901 / 31.118      ms
[2026-04-03T01:56:17.542+0600][21.106s][info][gc,stats    ]         Old Phase: Concurrent Reset Relocation Set               0.004 / 0.007         0.003 / 0.007         0.003 / 0.007         0.003 / 0.007       ms
[2026-04-03T01:56:17.542+0600][21.106s][info][gc,stats    ]         Old Phase: Concurrent Select Relocation Set              4.030 / 8.763         3.630 / 8.763         3.630 / 8.763         3.630 / 8.763       ms
[2026-04-03T01:56:17.542+0600][21.106s][info][gc,stats    ]      Old Subphase: Concurrent Classes Purge                      0.208 / 0.473         0.185 / 0.473         0.185 / 0.473         0.185 / 0.473       ms
[2026-04-03T01:56:17.542+0600][21.106s][info][gc,stats    ]      Old Subphase: Concurrent Classes Unlink                     9.428 / 18.237        7.433 / 18.237        7.433 / 18.237        7.433 / 18.237      ms
[2026-04-03T01:56:17.542+0600][21.106s][info][gc,stats    ]      Old Subphase: Concurrent Mark Follow                      199.493 / 385.445     135.442 / 385.445     135.442 / 385.445     135.442 / 385.445     ms
[2026-04-03T01:56:17.542+0600][21.106s][info][gc,stats    ]      Old Subphase: Concurrent Mark Root Colored                  0.195 / 0.502         0.155 / 0.502         0.155 / 0.502         0.155 / 0.502       ms
[2026-04-03T01:56:17.542+0600][21.106s][info][gc,stats    ]      Old Subphase: Concurrent Mark Root Uncolored                0.496 / 1.124         0.413 / 1.124         0.413 / 1.124         0.413 / 1.124       ms
[2026-04-03T01:56:17.542+0600][21.106s][info][gc,stats    ]      Old Subphase: Concurrent Mark Roots                         0.955 / 1.535         0.747 / 1.535         0.747 / 1.535         0.747 / 1.535       ms
[2026-04-03T01:56:17.542+0600][21.106s][info][gc,stats    ]      Old Subphase: Concurrent References Enqueue                 0.006 / 0.010         0.004 / 0.010         0.004 / 0.010         0.004 / 0.010       ms
[2026-04-03T01:56:17.542+0600][21.106s][info][gc,stats    ]      Old Subphase: Concurrent References Process                 0.945 / 1.648         0.661 / 1.648         0.661 / 1.648         0.661 / 1.648       ms
[2026-04-03T01:56:17.542+0600][21.106s][info][gc,stats    ]      Old Subphase: Concurrent Remap Remembered                  15.682 / 24.888       15.421 / 24.888       15.421 / 24.888       15.421 / 24.888      ms
[2026-04-03T01:56:17.542+0600][21.106s][info][gc,stats    ]      Old Subphase: Concurrent Remap Roots Colored                1.938 / 3.789         1.583 / 3.789         1.583 / 3.789         1.583 / 3.789       ms
[2026-04-03T01:56:17.542+0600][21.106s][info][gc,stats    ]      Old Subphase: Concurrent Remap Roots Uncolored              1.643 / 2.192         1.255 / 2.192         1.255 / 2.192         1.255 / 2.192       ms
[2026-04-03T01:56:17.542+0600][21.106s][info][gc,stats    ]      Old Subphase: Concurrent Roots ClassLoaderDataGraph         1.066 / 3.112         0.917 / 3.112         0.917 / 3.112         0.917 / 3.112       ms
[2026-04-03T01:56:17.542+0600][21.106s][info][gc,stats    ]      Old Subphase: Concurrent Roots CodeCache                    1.511 / 1.984         1.163 / 1.984         1.163 / 1.984         1.163 / 1.984       ms
[2026-04-03T01:56:17.542+0600][21.106s][info][gc,stats    ]      Old Subphase: Concurrent Roots JavaThreads                  0.210 / 1.123         0.164 / 1.123         0.164 / 1.123         0.164 / 1.123       ms
[2026-04-03T01:56:17.542+0600][21.106s][info][gc,stats    ]      Old Subphase: Concurrent Roots OopStorageSet                0.025 / 0.080         0.021 / 0.080         0.021 / 0.080         0.021 / 0.080       ms
[2026-04-03T01:56:17.542+0600][21.106s][info][gc,stats    ]      Old Subphase: Concurrent Weak Roots OopStorageSet           0.573 / 2.828         0.493 / 2.828         0.493 / 2.828         0.493 / 2.828       ms
[2026-04-03T01:56:17.542+0600][21.106s][info][gc,stats    ]            System: Java Threads                                     65 / 101              58 / 101              58 / 101              58 / 101         threads
[2026-04-03T01:56:17.542+0600][21.106s][info][gc,stats    ]  Young Generation: Young Generation                             78.524 / 133.015      58.994 / 133.015      58.994 / 133.015      58.994 / 133.015     ms
[2026-04-03T01:56:17.542+0600][21.106s][info][gc,stats    ]  Young Generation: Young Generation                             67.701 / 305.569      69.849 / 305.569      69.849 / 305.569      69.849 / 305.569     ms
[2026-04-03T01:56:17.542+0600][21.106s][info][gc,stats    ]  Young Generation: Young Generation (Collect Roots)             10.605 / 12.241       10.605 / 12.241       10.605 / 12.241       10.605 / 12.241      ms
[2026-04-03T01:56:17.542+0600][21.106s][info][gc,stats    ]  Young Generation: Young Generation (Promote All)               15.972 / 20.075       15.972 / 20.075       15.972 / 20.075       15.972 / 20.075      ms
[2026-04-03T01:56:17.542+0600][21.106s][info][gc,stats    ]       Young Pause: Pause Mark End                                0.028 / 0.086         0.027 / 0.086         0.027 / 0.086         0.027 / 0.086       ms
[2026-04-03T01:56:17.542+0600][21.106s][info][gc,stats    ]       Young Pause: Pause Mark Start                              0.024 / 0.058         0.025 / 0.058         0.025 / 0.058         0.025 / 0.058       ms
[2026-04-03T01:56:17.542+0600][21.106s][info][gc,stats    ]       Young Pause: Pause Mark Start (Major)                      0.032 / 0.098         0.028 / 0.098         0.028 / 0.098         0.028 / 0.098       ms
[2026-04-03T01:56:17.542+0600][21.106s][info][gc,stats    ]       Young Pause: Pause Relocate Start                          0.021 / 0.064         0.020 / 0.064         0.020 / 0.064         0.020 / 0.064       ms
[2026-04-03T01:56:17.542+0600][21.106s][info][gc,stats    ]       Young Phase: Concurrent Mark                              36.086 / 119.252      39.208 / 260.576      39.208 / 260.576      39.208 / 260.576     ms
[2026-04-03T01:56:17.542+0600][21.106s][info][gc,stats    ]       Young Phase: Concurrent Mark Continue                      0.000 / 0.000         0.000 / 0.000         0.000 / 0.000         0.000 / 0.000       ms
[2026-04-03T01:56:17.542+0600][21.106s][info][gc,stats    ]       Young Phase: Concurrent Mark Free                          0.019 / 0.390         0.017 / 0.390         0.017 / 0.390         0.017 / 0.390       ms
[2026-04-03T01:56:17.542+0600][21.106s][info][gc,stats    ]       Young Phase: Concurrent Relocate                          13.334 / 79.487       13.563 / 79.487       13.563 / 79.487       13.563 / 79.487      ms
[2026-04-03T01:56:17.542+0600][21.106s][info][gc,stats    ]       Young Phase: Concurrent Reset Relocation Set               0.017 / 0.080         0.016 / 0.080         0.016 / 0.080         0.016 / 0.080       ms
[2026-04-03T01:56:17.542+0600][21.106s][info][gc,stats    ]       Young Phase: Concurrent Select Relocation Set              6.663 / 25.900        6.870 / 25.900        6.870 / 25.900        6.870 / 25.900      ms
[2026-04-03T01:56:17.542+0600][21.106s][info][gc,stats    ]    Young Subphase: Concurrent Mark Follow                       29.853 / 111.540      33.256 / 254.341      33.256 / 254.341      33.256 / 254.341     ms
[2026-04-03T01:56:17.542+0600][21.106s][info][gc,stats    ]    Young Subphase: Concurrent Mark Root Colored                  3.308 / 5.221         3.162 / 5.221         3.162 / 5.221         3.162 / 5.221       ms
[2026-04-03T01:56:17.542+0600][21.106s][info][gc,stats    ]    Young Subphase: Concurrent Mark Root Uncolored                2.495 / 7.025         2.314 / 7.025         2.314 / 7.025         2.314 / 7.025       ms
[2026-04-03T01:56:17.542+0600][21.106s][info][gc,stats    ]    Young Subphase: Concurrent Mark Roots                         6.226 / 10.489        5.945 / 10.489        5.945 / 10.489        5.945 / 10.489      ms
[2026-04-03T01:56:17.542+0600][21.106s][info][gc,stats    ]    Young Subphase: Concurrent Relocate Remset FP                 5.209 / 57.532        4.788 / 57.532        4.788 / 57.532        4.788 / 57.532      ms
[2026-04-03T01:56:17.542+0600][21.106s][info][gc,stats    ]    Young Subphase: Concurrent Roots ClassLoaderDataGraph         2.462 / 4.104         2.341 / 4.104         2.341 / 4.104         2.341 / 4.104       ms
[2026-04-03T01:56:17.542+0600][21.106s][info][gc,stats    ]    Young Subphase: Concurrent Roots CodeCache                    2.115 / 6.028         1.930 / 6.028         1.930 / 6.028         1.930 / 6.028       ms
[2026-04-03T01:56:17.542+0600][21.106s][info][gc,stats    ]    Young Subphase: Concurrent Roots JavaThreads                  0.198 / 1.083         0.198 / 1.542         0.198 / 1.542         0.198 / 1.542       ms
[2026-04-03T01:56:17.542+0600][21.106s][info][gc,stats    ]    Young Subphase: Concurrent Roots OopStorageSet                0.028 / 0.106         0.030 / 0.106         0.030 / 0.106         0.030 / 0.106       ms
[2026-04-03T01:56:17.542+0600][21.106s][info][gc,stats    ]    Young Subphase: Concurrent Weak Roots OopStorageSet           0.822 / 2.416         0.794 / 2.416         0.794 / 2.416         0.794 / 2.416       ms
[2026-04-03T01:56:17.542+0600][21.106s][info][gc,stats    ] =========================================================================================================================================================
[2026-04-03T01:56:17.542+0600][21.106s][info][gc,heap,exit] Heap
[2026-04-03T01:56:17.542+0600][21.106s][info][gc,heap,exit]  ZHeap           used 412M, capacity 750M, max capacity 750M
[2026-04-03T01:56:17.542+0600][21.106s][info][gc,heap,exit]  Metaspace       used 67198K, committed 68096K, reserved 1114112K
[2026-04-03T01:56:17.542+0600][21.106s][info][gc,heap,exit]   class space    used 8610K, committed 9024K, reserved 1048576K
