[2026-04-03T02:03:29.020+0600][0.005s][info][gc,init] Initializing The Z Garbage Collector
[2026-04-03T02:03:29.020+0600][0.005s][info][gc,init] Version: 21.0.10+7-Ubuntu-124.04 (release)
[2026-04-03T02:03:29.020+0600][0.005s][info][gc,init] Using legacy single-generation mode
[2026-04-03T02:03:29.021+0600][0.005s][info][gc,init] NUMA Support: Disabled
[2026-04-03T02:03:29.021+0600][0.005s][info][gc,init] CPUs: 12 total, 12 available
[2026-04-03T02:03:29.021+0600][0.005s][info][gc,init] Memory: 15683M
[2026-04-03T02:03:29.021+0600][0.005s][info][gc,init] Large Page Support: Disabled
[2026-04-03T02:03:29.021+0600][0.005s][info][gc,init] GC Workers: 3 (dynamic)
[2026-04-03T02:03:29.021+0600][0.006s][info][gc,init] Address Space Type: Contiguous/Unrestricted/Complete
[2026-04-03T02:03:29.021+0600][0.006s][info][gc,init] Address Space Size: 32000M x 3 = 96000M
[2026-04-03T02:03:29.022+0600][0.006s][info][gc,init] Heap Backing File: /memfd:java_heap
[2026-04-03T02:03:29.022+0600][0.006s][info][gc,init] Heap Backing Filesystem: tmpfs (0x1021994)
[2026-04-03T02:03:29.022+0600][0.006s][info][gc,init] Min Capacity: 8M
[2026-04-03T02:03:29.022+0600][0.006s][info][gc,init] Initial Capacity: 246M
[2026-04-03T02:03:29.022+0600][0.006s][info][gc,init] Max Capacity: 2000M
[2026-04-03T02:03:29.022+0600][0.006s][info][gc,init] Medium Page Size: 32M
[2026-04-03T02:03:29.022+0600][0.006s][info][gc,init] Pre-touch: Disabled
[2026-04-03T02:03:29.022+0600][0.006s][info][gc,init] Available space on backing filesystem: N/A
[2026-04-03T02:03:29.023+0600][0.007s][info][gc,init] Uncommit: Enabled
[2026-04-03T02:03:29.023+0600][0.007s][info][gc,init] Uncommit Delay: 300s
[2026-04-03T02:03:29.102+0600][0.086s][info][gc,init] Runtime Workers: 8
[2026-04-03T02:03:29.103+0600][0.088s][info][gc     ] Using The Z Garbage Collector
[2026-04-03T02:03:29.113+0600][0.097s][info][gc,metaspace] CDS archive(s) mapped at: [0x00007e3e8f000000-0x00007e3e8fc9c000-0x00007e3e8fc9c000), size 13221888, SharedBaseAddress: 0x00007e3e8f000000, ArchiveRelocationMode: 1.
[2026-04-03T02:03:29.113+0600][0.097s][info][gc,metaspace] Compressed class space mapped at: 0x00007e3e90000000-0x00007e3ed0000000, reserved size: 1073741824
[2026-04-03T02:03:29.113+0600][0.098s][info][gc,metaspace] Narrow klass base: 0x00007e3e8f000000, Narrow klass shift: 0, Narrow klass range: 0x100000000
[2026-04-03T02:03:29.923+0600][0.907s][info][gc,start    ] GC(0) Garbage Collection (Warmup)
[2026-04-03T02:03:29.923+0600][0.907s][info][gc,task     ] GC(0) Using 3 workers
[2026-04-03T02:03:29.924+0600][0.908s][info][gc,phases   ] GC(0) Pause Mark Start 0.009ms
[2026-04-03T02:03:29.931+0600][0.915s][info][gc,phases   ] GC(0) Concurrent Mark 7.205ms
[2026-04-03T02:03:29.931+0600][0.915s][info][gc,phases   ] GC(0) Pause Mark End 0.015ms
[2026-04-03T02:03:29.931+0600][0.915s][info][gc,phases   ] GC(0) Concurrent Mark Free 0.001ms
[2026-04-03T02:03:29.933+0600][0.917s][info][gc,phases   ] GC(0) Concurrent Process Non-Strong References 1.553ms
[2026-04-03T02:03:29.933+0600][0.917s][info][gc,phases   ] GC(0) Concurrent Reset Relocation Set 0.001ms
[2026-04-03T02:03:29.941+0600][0.925s][info][gc,phases   ] GC(0) Concurrent Select Relocation Set 8.054ms
[2026-04-03T02:03:29.941+0600][0.925s][info][gc,phases   ] GC(0) Pause Relocate Start 0.009ms
[2026-04-03T02:03:29.944+0600][0.928s][info][gc,phases   ] GC(0) Concurrent Relocate 2.952ms
[2026-04-03T02:03:29.944+0600][0.928s][info][gc,load     ] GC(0) Load: 3.05/3.66/5.41
[2026-04-03T02:03:29.944+0600][0.928s][info][gc,mmu      ] GC(0) MMU: 2ms/99.3%, 5ms/99.7%, 10ms/99.8%, 20ms/99.8%, 50ms/99.9%, 100ms/100.0%
[2026-04-03T02:03:29.944+0600][0.928s][info][gc,marking  ] GC(0) Mark: 2 stripe(s), 3 proactive flush(es), 1 terminate flush(es), 0 completion(s), 0 continuation(s) 
[2026-04-03T02:03:29.944+0600][0.928s][info][gc,marking  ] GC(0) Mark Stack Usage: 32M
[2026-04-03T02:03:29.944+0600][0.928s][info][gc,nmethod  ] GC(0) NMethods: 992 registered, 95 unregistered
[2026-04-03T02:03:29.944+0600][0.928s][info][gc,metaspace] GC(0) Metaspace: 7M used, 7M committed, 1088M reserved
[2026-04-03T02:03:29.944+0600][0.928s][info][gc,ref      ] GC(0) Soft: 193 encountered, 0 discovered, 0 enqueued
[2026-04-03T02:03:29.944+0600][0.928s][info][gc,ref      ] GC(0) Weak: 705 encountered, 413 discovered, 192 enqueued
[2026-04-03T02:03:29.944+0600][0.928s][info][gc,ref      ] GC(0) Final: 0 encountered, 0 discovered, 0 enqueued
[2026-04-03T02:03:29.944+0600][0.928s][info][gc,ref      ] GC(0) Phantom: 25 encountered, 10 discovered, 0 enqueued
[2026-04-03T02:03:29.944+0600][0.928s][info][gc,reloc    ] GC(0) Small Pages: 103 / 206M, Empty: 0M, Relocated: 2M, In-Place: 0
[2026-04-03T02:03:29.944+0600][0.928s][info][gc,reloc    ] GC(0) Medium Pages: 0 / 0M, Empty: 0M, Relocated: 0M, In-Place: 0
[2026-04-03T02:03:29.944+0600][0.928s][info][gc,reloc    ] GC(0) Large Pages: 0 / 0M, Empty: 0M, Relocated: 0M, In-Place: 0
[2026-04-03T02:03:29.944+0600][0.928s][info][gc,reloc    ] GC(0) Forwarding Usage: 1M
[2026-04-03T02:03:29.944+0600][0.928s][info][gc,heap     ] GC(0) Min Capacity: 8M(0%)
[2026-04-03T02:03:29.944+0600][0.928s][info][gc,heap     ] GC(0) Max Capacity: 2000M(100%)
[2026-04-03T02:03:29.944+0600][0.928s][info][gc,heap     ] GC(0) Soft Max Capacity: 2000M(100%)
[2026-04-03T02:03:29.944+0600][0.928s][info][gc,heap     ] GC(0)                Mark Start          Mark End        Relocate Start      Relocate End           High               Low         
[2026-04-03T02:03:29.944+0600][0.928s][info][gc,heap     ] GC(0)  Capacity:      246M (12%)         246M (12%)         246M (12%)         246M (12%)         246M (12%)         246M (12%)    
[2026-04-03T02:03:29.944+0600][0.928s][info][gc,heap     ] GC(0)      Free:     1794M (90%)        1790M (90%)        1790M (90%)        1986M (99%)        1986M (99%)        1784M (89%)    
[2026-04-03T02:03:29.944+0600][0.928s][info][gc,heap     ] GC(0)      Used:      206M (10%)         210M (10%)         210M (10%)          14M (1%)          216M (11%)          14M (1%)     
[2026-04-03T02:03:29.944+0600][0.928s][info][gc,heap     ] GC(0)      Live:         -                 4M (0%)            4M (0%)            4M (0%)             -                  -          
[2026-04-03T02:03:29.944+0600][0.928s][info][gc,heap     ] GC(0) Allocated:         -                 4M (0%)            4M (0%)            5M (0%)             -                  -          
[2026-04-03T02:03:29.944+0600][0.928s][info][gc,heap     ] GC(0)   Garbage:         -               201M (10%)         201M (10%)           4M (0%)             -                  -          
[2026-04-03T02:03:29.944+0600][0.928s][info][gc,heap     ] GC(0) Reclaimed:         -                  -                 0M (0%)          197M (10%)            -                  -          
[2026-04-03T02:03:29.944+0600][0.928s][info][gc          ] GC(0) Garbage Collection (Warmup) 206M(10%)->14M(1%)
[2026-04-03T02:03:33.024+0600][4.008s][info][gc,start    ] GC(1) Garbage Collection (Metadata GC Threshold)
[2026-04-03T02:03:33.024+0600][4.008s][info][gc,task     ] GC(1) Using 3 workers
[2026-04-03T02:03:33.024+0600][4.008s][info][gc,phases   ] GC(1) Pause Mark Start 0.011ms
[2026-04-03T02:03:33.039+0600][4.023s][info][gc,phases   ] GC(1) Concurrent Mark 14.620ms
[2026-04-03T02:03:33.039+0600][4.024s][info][gc,phases   ] GC(1) Pause Mark End 0.021ms
[2026-04-03T02:03:33.040+0600][4.024s][info][gc,phases   ] GC(1) Concurrent Mark Free 0.003ms
[2026-04-03T02:03:33.043+0600][4.027s][info][gc,phases   ] GC(1) Concurrent Process Non-Strong References 2.897ms
[2026-04-03T02:03:33.043+0600][4.027s][info][gc,phases   ] GC(1) Concurrent Reset Relocation Set 0.028ms
[2026-04-03T02:03:33.048+0600][4.032s][info][gc,phases   ] GC(1) Concurrent Select Relocation Set 5.120ms
[2026-04-03T02:03:33.048+0600][4.032s][info][gc,phases   ] GC(1) Pause Relocate Start 0.013ms
[2026-04-03T02:03:33.059+0600][4.043s][info][gc,phases   ] GC(1) Concurrent Relocate 10.551ms
[2026-04-03T02:03:33.059+0600][4.043s][info][gc,load     ] GC(1) Load: 3.05/3.66/5.41
[2026-04-03T02:03:33.059+0600][4.043s][info][gc,mmu      ] GC(1) MMU: 2ms/98.9%, 5ms/99.6%, 10ms/99.7%, 20ms/99.8%, 50ms/99.9%, 100ms/100.0%
[2026-04-03T02:03:33.059+0600][4.043s][info][gc,marking  ] GC(1) Mark: 2 stripe(s), 2 proactive flush(es), 1 terminate flush(es), 0 completion(s), 0 continuation(s) 
[2026-04-03T02:03:33.059+0600][4.043s][info][gc,marking  ] GC(1) Mark Stack Usage: 32M
[2026-04-03T02:03:33.059+0600][4.043s][info][gc,nmethod  ] GC(1) NMethods: 1744 registered, 168 unregistered
[2026-04-03T02:03:33.059+0600][4.043s][info][gc,metaspace] GC(1) Metaspace: 20M used, 21M committed, 1088M reserved
[2026-04-03T02:03:33.059+0600][4.043s][info][gc,ref      ] GC(1) Soft: 3502 encountered, 0 discovered, 0 enqueued
[2026-04-03T02:03:33.059+0600][4.043s][info][gc,ref      ] GC(1) Weak: 1290 encountered, 365 discovered, 283 enqueued
[2026-04-03T02:03:33.059+0600][4.043s][info][gc,ref      ] GC(1) Final: 0 encountered, 0 discovered, 0 enqueued
[2026-04-03T02:03:33.059+0600][4.043s][info][gc,ref      ] GC(1) Phantom: 563 encountered, 336 discovered, 0 enqueued
[2026-04-03T02:03:33.059+0600][4.043s][info][gc,reloc    ] GC(1) Small Pages: 150 / 300M, Empty: 0M, Relocated: 13M, In-Place: 0
[2026-04-03T02:03:33.059+0600][4.043s][info][gc,reloc    ] GC(1) Medium Pages: 1 / 32M, Empty: 0M, Relocated: 0M, In-Place: 0
[2026-04-03T02:03:33.059+0600][4.043s][info][gc,reloc    ] GC(1) Large Pages: 0 / 0M, Empty: 0M, Relocated: 0M, In-Place: 0
[2026-04-03T02:03:33.059+0600][4.043s][info][gc,reloc    ] GC(1) Forwarding Usage: 2M
[2026-04-03T02:03:33.059+0600][4.043s][info][gc,heap     ] GC(1) Min Capacity: 8M(0%)
[2026-04-03T02:03:33.059+0600][4.043s][info][gc,heap     ] GC(1) Max Capacity: 2000M(100%)
[2026-04-03T02:03:33.059+0600][4.043s][info][gc,heap     ] GC(1) Soft Max Capacity: 2000M(100%)
[2026-04-03T02:03:33.059+0600][4.043s][info][gc,heap     ] GC(1)                Mark Start          Mark End        Relocate Start      Relocate End           High               Low         
[2026-04-03T02:03:33.059+0600][4.043s][info][gc,heap     ] GC(1)  Capacity:      332M (17%)         336M (17%)         336M (17%)         344M (17%)         344M (17%)         332M (17%)    
[2026-04-03T02:03:33.059+0600][4.043s][info][gc,heap     ] GC(1)      Free:     1668M (83%)        1664M (83%)        1664M (83%)        1946M (97%)        1946M (97%)        1656M (83%)    
[2026-04-03T02:03:33.059+0600][4.043s][info][gc,heap     ] GC(1)      Used:      332M (17%)         336M (17%)         336M (17%)          54M (3%)          344M (17%)          54M (3%)     
[2026-04-03T02:03:33.059+0600][4.043s][info][gc,heap     ] GC(1)      Live:         -                19M (1%)           19M (1%)           19M (1%)             -                  -          
[2026-04-03T02:03:33.059+0600][4.043s][info][gc,heap     ] GC(1) Allocated:         -                 4M (0%)            4M (0%)            5M (0%)             -                  -          
[2026-04-03T02:03:33.059+0600][4.043s][info][gc,heap     ] GC(1)   Garbage:         -               312M (16%)         312M (16%)          29M (1%)             -                  -          
[2026-04-03T02:03:33.059+0600][4.043s][info][gc,heap     ] GC(1) Reclaimed:         -                  -                 0M (0%)          283M (14%)            -                  -          
[2026-04-03T02:03:33.059+0600][4.043s][info][gc          ] GC(1) Garbage Collection (Metadata GC Threshold) 332M(17%)->54M(3%)
[2026-04-03T02:03:35.753+0600][6.737s][info][gc,start    ] GC(2) Garbage Collection (Metadata GC Threshold)
[2026-04-03T02:03:35.753+0600][6.738s][info][gc,task     ] GC(2) Using 3 workers
[2026-04-03T02:03:35.754+0600][6.738s][info][gc,phases   ] GC(2) Pause Mark Start 0.015ms
[2026-04-03T02:03:35.778+0600][6.762s][info][gc,phases   ] GC(2) Concurrent Mark 24.132ms
[2026-04-03T02:03:35.779+0600][6.763s][info][gc,phases   ] GC(2) Pause Mark End 0.021ms
[2026-04-03T02:03:35.779+0600][6.763s][info][gc,phases   ] GC(2) Concurrent Mark Free 0.002ms
[2026-04-03T02:03:35.784+0600][6.768s][info][gc,phases   ] GC(2) Concurrent Process Non-Strong References 5.183ms
[2026-04-03T02:03:35.784+0600][6.768s][info][gc,phases   ] GC(2) Concurrent Reset Relocation Set 0.017ms
[2026-04-03T02:03:35.787+0600][6.771s][info][gc,phases   ] GC(2) Concurrent Select Relocation Set 3.336ms
[2026-04-03T02:03:35.788+0600][6.772s][info][gc,phases   ] GC(2) Pause Relocate Start 0.013ms
[2026-04-03T02:03:35.791+0600][6.776s][info][gc,phases   ] GC(2) Concurrent Relocate 3.732ms
[2026-04-03T02:03:35.792+0600][6.776s][info][gc,load     ] GC(2) Load: 2.88/3.62/5.38
[2026-04-03T02:03:35.792+0600][6.776s][info][gc,mmu      ] GC(2) MMU: 2ms/98.9%, 5ms/99.6%, 10ms/99.7%, 20ms/99.8%, 50ms/99.9%, 100ms/100.0%
[2026-04-03T02:03:35.792+0600][6.776s][info][gc,marking  ] GC(2) Mark: 2 stripe(s), 2 proactive flush(es), 1 terminate flush(es), 0 completion(s), 0 continuation(s) 
[2026-04-03T02:03:35.792+0600][6.776s][info][gc,marking  ] GC(2) Mark Stack Usage: 32M
[2026-04-03T02:03:35.792+0600][6.776s][info][gc,nmethod  ] GC(2) NMethods: 2519 registered, 203 unregistered
[2026-04-03T02:03:35.792+0600][6.776s][info][gc,metaspace] GC(2) Metaspace: 35M used, 35M committed, 1088M reserved
[2026-04-03T02:03:35.792+0600][6.776s][info][gc,ref      ] GC(2) Soft: 3855 encountered, 0 discovered, 0 enqueued
[2026-04-03T02:03:35.792+0600][6.776s][info][gc,ref      ] GC(2) Weak: 2527 encountered, 703 discovered, 474 enqueued
[2026-04-03T02:03:35.792+0600][6.776s][info][gc,ref      ] GC(2) Final: 80 encountered, 1 discovered, 0 enqueued
[2026-04-03T02:03:35.792+0600][6.776s][info][gc,ref      ] GC(2) Phantom: 569 encountered, 484 discovered, 1 enqueued
[2026-04-03T02:03:35.792+0600][6.776s][info][gc,reloc    ] GC(2) Small Pages: 79 / 158M, Empty: 0M, Relocated: 6M, In-Place: 0
[2026-04-03T02:03:35.792+0600][6.776s][info][gc,reloc    ] GC(2) Medium Pages: 2 / 64M, Empty: 32M, Relocated: 0M, In-Place: 0
[2026-04-03T02:03:35.792+0600][6.776s][info][gc,reloc    ] GC(2) Large Pages: 0 / 0M, Empty: 0M, Relocated: 0M, In-Place: 0
[2026-04-03T02:03:35.792+0600][6.776s][info][gc,reloc    ] GC(2) Forwarding Usage: 2M
[2026-04-03T02:03:35.792+0600][6.776s][info][gc,heap     ] GC(2) Min Capacity: 8M(0%)
[2026-04-03T02:03:35.792+0600][6.776s][info][gc,heap     ] GC(2) Max Capacity: 2000M(100%)
[2026-04-03T02:03:35.792+0600][6.776s][info][gc,heap     ] GC(2) Soft Max Capacity: 2000M(100%)
[2026-04-03T02:03:35.792+0600][6.776s][info][gc,heap     ] GC(2)                Mark Start          Mark End        Relocate Start      Relocate End           High               Low         
[2026-04-03T02:03:35.792+0600][6.776s][info][gc,heap     ] GC(2)  Capacity:      376M (19%)         376M (19%)         376M (19%)         376M (19%)         376M (19%)         376M (19%)    
[2026-04-03T02:03:35.792+0600][6.776s][info][gc,heap     ] GC(2)      Free:     1778M (89%)        1772M (89%)        1802M (90%)        1930M (96%)        1930M (96%)        1770M (88%)    
[2026-04-03T02:03:35.792+0600][6.776s][info][gc,heap     ] GC(2)      Used:      222M (11%)         228M (11%)         198M (10%)          70M (4%)          230M (12%)          70M (4%)     
[2026-04-03T02:03:35.792+0600][6.776s][info][gc,heap     ] GC(2)      Live:         -                24M (1%)           24M (1%)           24M (1%)             -                  -          
[2026-04-03T02:03:35.792+0600][6.776s][info][gc,heap     ] GC(2) Allocated:         -                 6M (0%)            8M (0%)           11M (1%)             -                  -          
[2026-04-03T02:03:35.792+0600][6.776s][info][gc,heap     ] GC(2)   Garbage:         -               197M (10%)         165M (8%)           33M (2%)             -                  -          
[2026-04-03T02:03:35.792+0600][6.776s][info][gc,heap     ] GC(2) Reclaimed:         -                  -                32M (2%)          163M (8%)             -                  -          
[2026-04-03T02:03:35.792+0600][6.776s][info][gc          ] GC(2) Garbage Collection (Metadata GC Threshold) 222M(11%)->70M(4%)
[2026-04-03T02:03:38.024+0600][9.008s][info][gc,start    ] GC(3) Garbage Collection (Warmup)
[2026-04-03T02:03:38.024+0600][9.008s][info][gc,task     ] GC(3) Using 3 workers
[2026-04-03T02:03:38.024+0600][9.008s][info][gc,phases   ] GC(3) Pause Mark Start 0.011ms
[2026-04-03T02:03:38.065+0600][9.049s][info][gc,phases   ] GC(3) Concurrent Mark 40.280ms
[2026-04-03T02:03:38.065+0600][9.050s][info][gc,phases   ] GC(3) Pause Mark End 0.022ms
[2026-04-03T02:03:38.066+0600][9.050s][info][gc,phases   ] GC(3) Concurrent Mark Free 0.002ms
[2026-04-03T02:03:38.070+0600][9.054s][info][gc,phases   ] GC(3) Concurrent Process Non-Strong References 4.203ms
[2026-04-03T02:03:38.070+0600][9.054s][info][gc,phases   ] GC(3) Concurrent Reset Relocation Set 0.006ms
[2026-04-03T02:03:38.078+0600][9.062s][info][gc,phases   ] GC(3) Concurrent Select Relocation Set 8.378ms
[2026-04-03T02:03:38.079+0600][9.063s][info][gc,phases   ] GC(3) Pause Relocate Start 0.014ms
[2026-04-03T02:03:38.115+0600][9.099s][info][gc,phases   ] GC(3) Concurrent Relocate 36.313ms
[2026-04-03T02:03:38.115+0600][9.099s][info][gc,load     ] GC(3) Load: 2.88/3.62/5.38
[2026-04-03T02:03:38.115+0600][9.099s][info][gc,mmu      ] GC(3) MMU: 2ms/98.9%, 5ms/99.6%, 10ms/99.7%, 20ms/99.8%, 50ms/99.9%, 100ms/100.0%
[2026-04-03T02:03:38.115+0600][9.099s][info][gc,marking  ] GC(3) Mark: 2 stripe(s), 2 proactive flush(es), 1 terminate flush(es), 0 completion(s), 0 continuation(s) 
[2026-04-03T02:03:38.115+0600][9.099s][info][gc,marking  ] GC(3) Mark Stack Usage: 32M
[2026-04-03T02:03:38.115+0600][9.099s][info][gc,nmethod  ] GC(3) NMethods: 3046 registered, 335 unregistered
[2026-04-03T02:03:38.115+0600][9.099s][info][gc,metaspace] GC(3) Metaspace: 47M used, 48M committed, 1088M reserved
[2026-04-03T02:03:38.115+0600][9.099s][info][gc,ref      ] GC(3) Soft: 3982 encountered, 0 discovered, 0 enqueued
[2026-04-03T02:03:38.115+0600][9.099s][info][gc,ref      ] GC(3) Weak: 3248 encountered, 676 discovered, 521 enqueued
[2026-04-03T02:03:38.115+0600][9.099s][info][gc,ref      ] GC(3) Final: 82 encountered, 0 discovered, 0 enqueued
[2026-04-03T02:03:38.115+0600][9.099s][info][gc,ref      ] GC(3) Phantom: 581 encountered, 440 discovered, 0 enqueued
[2026-04-03T02:03:38.115+0600][9.099s][info][gc,reloc    ] GC(3) Small Pages: 182 / 364M, Empty: 0M, Relocated: 22M, In-Place: 0
[2026-04-03T02:03:38.115+0600][9.099s][info][gc,reloc    ] GC(3) Medium Pages: 2 / 64M, Empty: 0M, Relocated: 5M, In-Place: 0
[2026-04-03T02:03:38.115+0600][9.099s][info][gc,reloc    ] GC(3) Large Pages: 0 / 0M, Empty: 0M, Relocated: 0M, In-Place: 0
[2026-04-03T02:03:38.115+0600][9.099s][info][gc,reloc    ] GC(3) Forwarding Usage: 14M
[2026-04-03T02:03:38.115+0600][9.099s][info][gc,heap     ] GC(3) Min Capacity: 8M(0%)
[2026-04-03T02:03:38.115+0600][9.099s][info][gc,heap     ] GC(3) Max Capacity: 2000M(100%)
[2026-04-03T02:03:38.115+0600][9.099s][info][gc,heap     ] GC(3) Soft Max Capacity: 2000M(100%)
[2026-04-03T02:03:38.115+0600][9.099s][info][gc,heap     ] GC(3)                Mark Start          Mark End        Relocate Start      Relocate End           High               Low         
[2026-04-03T02:03:38.115+0600][9.099s][info][gc,heap     ] GC(3)  Capacity:      428M (21%)         452M (23%)         458M (23%)         494M (25%)         494M (25%)         428M (21%)    
[2026-04-03T02:03:38.115+0600][9.099s][info][gc,heap     ] GC(3)      Free:     1572M (79%)        1548M (77%)        1542M (77%)        1876M (94%)        1876M (94%)        1506M (75%)    
[2026-04-03T02:03:38.115+0600][9.099s][info][gc,heap     ] GC(3)      Used:      428M (21%)         452M (23%)         458M (23%)         124M (6%)          494M (25%)         124M (6%)     
[2026-04-03T02:03:38.115+0600][9.099s][info][gc,heap     ] GC(3)      Live:         -                45M (2%)           45M (2%)           45M (2%)             -                  -          
[2026-04-03T02:03:38.115+0600][9.099s][info][gc,heap     ] GC(3) Allocated:         -                24M (1%)           30M (2%)           45M (2%)             -                  -          
[2026-04-03T02:03:38.115+0600][9.099s][info][gc,heap     ] GC(3)   Garbage:         -               382M (19%)         382M (19%)          32M (2%)             -                  -          
[2026-04-03T02:03:38.115+0600][9.099s][info][gc,heap     ] GC(3) Reclaimed:         -                  -                 0M (0%)          349M (17%)            -                  -          
[2026-04-03T02:03:38.115+0600][9.099s][info][gc          ] GC(3) Garbage Collection (Warmup) 428M(21%)->124M(6%)
[2026-04-03T02:03:38.624+0600][9.608s][info][gc,start    ] GC(4) Garbage Collection (Warmup)
[2026-04-03T02:03:38.624+0600][9.608s][info][gc,task     ] GC(4) Using 3 workers
[2026-04-03T02:03:38.624+0600][9.608s][info][gc,phases   ] GC(4) Pause Mark Start 0.010ms
[2026-04-03T02:03:38.705+0600][9.689s][info][gc,phases   ] GC(4) Concurrent Mark 80.707ms
[2026-04-03T02:03:38.705+0600][9.689s][info][gc,phases   ] GC(4) Pause Mark End 0.026ms
[2026-04-03T02:03:38.705+0600][9.689s][info][gc,phases   ] GC(4) Concurrent Mark Free 0.003ms
[2026-04-03T02:03:38.709+0600][9.693s][info][gc,phases   ] GC(4) Concurrent Process Non-Strong References 3.547ms
[2026-04-03T02:03:38.709+0600][9.693s][info][gc,phases   ] GC(4) Concurrent Reset Relocation Set 0.016ms
[2026-04-03T02:03:38.719+0600][9.703s][info][gc,phases   ] GC(4) Concurrent Select Relocation Set 9.773ms
[2026-04-03T02:03:38.719+0600][9.703s][info][gc,phases   ] GC(4) Pause Relocate Start 0.016ms
[2026-04-03T02:03:38.769+0600][9.753s][info][gc,phases   ] GC(4) Concurrent Relocate 49.719ms
[2026-04-03T02:03:38.769+0600][9.753s][info][gc,load     ] GC(4) Load: 2.88/3.62/5.38
[2026-04-03T02:03:38.769+0600][9.753s][info][gc,mmu      ] GC(4) MMU: 2ms/98.7%, 5ms/99.5%, 10ms/99.7%, 20ms/99.8%, 50ms/99.9%, 100ms/99.9%
[2026-04-03T02:03:38.769+0600][9.753s][info][gc,marking  ] GC(4) Mark: 2 stripe(s), 2 proactive flush(es), 1 terminate flush(es), 0 completion(s), 0 continuation(s) 
[2026-04-03T02:03:38.769+0600][9.753s][info][gc,marking  ] GC(4) Mark Stack Usage: 32M
[2026-04-03T02:03:38.769+0600][9.753s][info][gc,nmethod  ] GC(4) NMethods: 3046 registered, 335 unregistered
[2026-04-03T02:03:38.769+0600][9.753s][info][gc,metaspace] GC(4) Metaspace: 47M used, 48M committed, 1088M reserved
[2026-04-03T02:03:38.769+0600][9.753s][info][gc,ref      ] GC(4) Soft: 3982 encountered, 0 discovered, 0 enqueued
[2026-04-03T02:03:38.769+0600][9.753s][info][gc,ref      ] GC(4) Weak: 2727 encountered, 1382 discovered, 0 enqueued
[2026-04-03T02:03:38.769+0600][9.753s][info][gc,ref      ] GC(4) Final: 82 encountered, 2 discovered, 0 enqueued
[2026-04-03T02:03:38.769+0600][9.753s][info][gc,ref      ] GC(4) Phantom: 581 encountered, 430 discovered, 0 enqueued
[2026-04-03T02:03:38.769+0600][9.753s][info][gc,reloc    ] GC(4) Small Pages: 300 / 600M, Empty: 0M, Relocated: 43M, In-Place: 0
[2026-04-03T02:03:38.769+0600][9.753s][info][gc,reloc    ] GC(4) Medium Pages: 1 / 32M, Empty: 0M, Relocated: 0M, In-Place: 0
[2026-04-03T02:03:38.769+0600][9.753s][info][gc,reloc    ] GC(4) Large Pages: 0 / 0M, Empty: 0M, Relocated: 0M, In-Place: 0
[2026-04-03T02:03:38.769+0600][9.753s][info][gc,reloc    ] GC(4) Forwarding Usage: 34M
[2026-04-03T02:03:38.769+0600][9.753s][info][gc,heap     ] GC(4) Min Capacity: 8M(0%)
[2026-04-03T02:03:38.769+0600][9.753s][info][gc,heap     ] GC(4) Max Capacity: 2000M(100%)
[2026-04-03T02:03:38.769+0600][9.753s][info][gc,heap     ] GC(4) Soft Max Capacity: 2000M(100%)
[2026-04-03T02:03:38.769+0600][9.753s][info][gc,heap     ] GC(4)                Mark Start          Mark End        Relocate Start      Relocate End           High               Low         
[2026-04-03T02:03:38.769+0600][9.753s][info][gc,heap     ] GC(4)  Capacity:      632M (32%)         674M (34%)         682M (34%)         690M (34%)         690M (34%)         632M (32%)    
[2026-04-03T02:03:38.769+0600][9.753s][info][gc,heap     ] GC(4)      Free:     1368M (68%)        1326M (66%)        1318M (66%)        1790M (90%)        1790M (90%)        1310M (66%)    
[2026-04-03T02:03:38.769+0600][9.753s][info][gc,heap     ] GC(4)      Used:      632M (32%)         674M (34%)         682M (34%)         210M (10%)         690M (34%)         210M (10%)    
[2026-04-03T02:03:38.769+0600][9.753s][info][gc,heap     ] GC(4)      Live:         -                89M (4%)           89M (4%)           89M (4%)             -                  -          
[2026-04-03T02:03:38.769+0600][9.753s][info][gc,heap     ] GC(4) Allocated:         -                42M (2%)           50M (2%)           89M (4%)             -                  -          
[2026-04-03T02:03:38.769+0600][9.753s][info][gc,heap     ] GC(4)   Garbage:         -               542M (27%)         542M (27%)          30M (2%)             -                  -          
[2026-04-03T02:03:38.769+0600][9.753s][info][gc,heap     ] GC(4) Reclaimed:         -                  -                 0M (0%)          511M (26%)            -                  -          
[2026-04-03T02:03:38.769+0600][9.753s][info][gc          ] GC(4) Garbage Collection (Warmup) 632M(32%)->210M(10%)
[2026-04-03T02:03:39.124+0600][10.108s][info][gc,stats    ] === Garbage Collection Statistics =======================================================================================================================
[2026-04-03T02:03:39.124+0600][10.108s][info][gc,stats    ]                                                              Last 10s              Last 10m              Last 10h                Total
[2026-04-03T02:03:39.124+0600][10.108s][info][gc,stats    ]                                                              Avg / Max             Avg / Max             Avg / Max             Avg / Max
[2026-04-03T02:03:39.124+0600][10.108s][info][gc,stats    ]   Collector: Garbage Collection Cycle                     66.093 / 145.203      66.093 / 145.203      66.093 / 145.203      66.093 / 145.203     ms
[2026-04-03T02:03:39.124+0600][10.108s][info][gc,stats    ]  Contention: Mark Segment Reset Contention                    57 / 571              57 / 571              57 / 571              57 / 571         ops/s
[2026-04-03T02:03:39.124+0600][10.108s][info][gc,stats    ]  Contention: Mark SeqNum Reset Contention                      0 / 4                 0 / 4                 0 / 4                 0 / 4           ops/s
[2026-04-03T02:03:39.124+0600][10.108s][info][gc,stats    ]    Critical: Allocation Stall                                  0 / 0                 0 / 0                 0 / 0                 0 / 0           ops/s
[2026-04-03T02:03:39.124+0600][10.108s][info][gc,stats    ]    Critical: Allocation Stall                              0.000 / 0.000         0.000 / 0.000         0.000 / 0.000         0.000 / 0.000       ms
[2026-04-03T02:03:39.124+0600][10.108s][info][gc,stats    ]    Critical: GC Locker Stall                                   0 / 1                 0 / 1                 0 / 1                 0 / 1           ops/s
[2026-04-03T02:03:39.124+0600][10.108s][info][gc,stats    ]    Critical: GC Locker Stall                               0.001 / 0.001         0.001 / 0.001         0.001 / 0.001         0.001 / 0.001       ms
[2026-04-03T02:03:39.124+0600][10.108s][info][gc,stats    ]    Critical: Relocation Stall                                  0 / 0                 0 / 0                 0 / 0                 0 / 0           ops/s
[2026-04-03T02:03:39.124+0600][10.108s][info][gc,stats    ]    Critical: Relocation Stall                              0.000 / 0.000         0.000 / 0.000         0.000 / 0.000         0.000 / 0.000       ms
[2026-04-03T02:03:39.124+0600][10.108s][info][gc,stats    ]      Memory: Allocation Rate                                 217 / 1052            217 / 1052            217 / 1052            217 / 1052        MB/s
[2026-04-03T02:03:39.124+0600][10.108s][info][gc,stats    ]      Memory: Defragment                                        3 / 31                3 / 31                3 / 31                3 / 31          ops/s
[2026-04-03T02:03:39.124+0600][10.108s][info][gc,stats    ]      Memory: Out Of Memory                                     0 / 0                 0 / 0                 0 / 0                 0 / 0           ops/s
[2026-04-03T02:03:39.124+0600][10.108s][info][gc,stats    ]      Memory: Page Cache Flush                                  6 / 62                6 / 62                6 / 62                6 / 62          MB/s
[2026-04-03T02:03:39.124+0600][10.108s][info][gc,stats    ]      Memory: Page Cache Hit L1                                77 / 422              77 / 422              77 / 422              77 / 422         ops/s
[2026-04-03T02:03:39.124+0600][10.108s][info][gc,stats    ]      Memory: Page Cache Hit L2                                 0 / 0                 0 / 0                 0 / 0                 0 / 0           ops/s
[2026-04-03T02:03:39.124+0600][10.108s][info][gc,stats    ]      Memory: Page Cache Hit L3                                15 / 108              15 / 108              15 / 108              15 / 108         ops/s
[2026-04-03T02:03:39.124+0600][10.108s][info][gc,stats    ]      Memory: Page Cache Miss                                  17 / 98               17 / 98               17 / 98               17 / 98          ops/s
[2026-04-03T02:03:39.124+0600][10.108s][info][gc,stats    ]      Memory: Uncommit                                          0 / 0                 0 / 0                 0 / 0                 0 / 0           MB/s
[2026-04-03T02:03:39.124+0600][10.108s][info][gc,stats    ]      Memory: Undo Object Allocation Failed                     0 / 0                 0 / 0                 0 / 0                 0 / 0           ops/s
[2026-04-03T02:03:39.124+0600][10.108s][info][gc,stats    ]      Memory: Undo Object Allocation Succeeded                  0 / 1                 0 / 1                 0 / 1                 0 / 1           ops/s
[2026-04-03T02:03:39.124+0600][10.108s][info][gc,stats    ]      Memory: Undo Page Allocation                              0 / 0                 0 / 0                 0 / 0                 0 / 0           ops/s
[2026-04-03T02:03:39.124+0600][10.108s][info][gc,stats    ]       Phase: Concurrent Mark                              33.389 / 80.707       33.389 / 80.707       33.389 / 80.707       33.389 / 80.707      ms
[2026-04-03T02:03:39.124+0600][10.108s][info][gc,stats    ]       Phase: Concurrent Mark Continue                      0.000 / 0.000         0.000 / 0.000         0.000 / 0.000         0.000 / 0.000       ms
[2026-04-03T02:03:39.124+0600][10.108s][info][gc,stats    ]       Phase: Concurrent Mark Free                          0.002 / 0.003         0.002 / 0.003         0.002 / 0.003         0.002 / 0.003       ms
[2026-04-03T02:03:39.124+0600][10.108s][info][gc,stats    ]       Phase: Concurrent Process Non-Strong References      3.477 / 5.183         3.477 / 5.183         3.477 / 5.183         3.477 / 5.183       ms
[2026-04-03T02:03:39.124+0600][10.108s][info][gc,stats    ]       Phase: Concurrent Relocate                          20.653 / 49.719       20.653 / 49.719       20.653 / 49.719       20.653 / 49.719      ms
[2026-04-03T02:03:39.124+0600][10.108s][info][gc,stats    ]       Phase: Concurrent Reset Relocation Set               0.013 / 0.028         0.013 / 0.028         0.013 / 0.028         0.013 / 0.028       ms
[2026-04-03T02:03:39.124+0600][10.108s][info][gc,stats    ]       Phase: Concurrent Select Relocation Set              6.932 / 9.773         6.932 / 9.773         6.932 / 9.773         6.932 / 9.773       ms
[2026-04-03T02:03:39.124+0600][10.108s][info][gc,stats    ]       Phase: Pause Mark End                                0.021 / 0.026         0.021 / 0.026         0.021 / 0.026         0.021 / 0.026       ms
[2026-04-03T02:03:39.124+0600][10.108s][info][gc,stats    ]       Phase: Pause Mark Start                              0.011 / 0.015         0.011 / 0.015         0.011 / 0.015         0.011 / 0.015       ms
[2026-04-03T02:03:39.124+0600][10.108s][info][gc,stats    ]       Phase: Pause Relocate Start                          0.013 / 0.016         0.013 / 0.016         0.013 / 0.016         0.013 / 0.016       ms
[2026-04-03T02:03:39.124+0600][10.108s][info][gc,stats    ]    Subphase: Concurrent Classes Purge                      0.206 / 0.340         0.206 / 0.340         0.206 / 0.340         0.206 / 0.340       ms
[2026-04-03T02:03:39.124+0600][10.108s][info][gc,stats    ]    Subphase: Concurrent Classes Unlink                     2.013 / 2.685         2.013 / 2.685         2.013 / 2.685         2.013 / 2.685       ms
[2026-04-03T02:03:39.124+0600][10.108s][info][gc,stats    ]    Subphase: Concurrent Mark                              31.665 / 80.126       31.665 / 80.126       31.665 / 80.126       31.665 / 80.126      ms
[2026-04-03T02:03:39.124+0600][10.108s][info][gc,stats    ]    Subphase: Concurrent Mark Try Flush                     0.194 / 0.437         0.194 / 0.437         0.194 / 0.437         0.194 / 0.437       ms
[2026-04-03T02:03:39.124+0600][10.108s][info][gc,stats    ]    Subphase: Concurrent Mark Try Terminate                 0.815 / 1.205         0.815 / 1.205         0.815 / 1.205         0.815 / 1.205       ms
[2026-04-03T02:03:39.124+0600][10.108s][info][gc,stats    ]    Subphase: Concurrent References Enqueue                 0.004 / 0.007         0.004 / 0.007         0.004 / 0.007         0.004 / 0.007       ms
[2026-04-03T02:03:39.124+0600][10.108s][info][gc,stats    ]    Subphase: Concurrent References Process                 0.324 / 0.575         0.324 / 0.575         0.324 / 0.575         0.324 / 0.575       ms
[2026-04-03T02:03:39.124+0600][10.108s][info][gc,stats    ]    Subphase: Concurrent Roots ClassLoaderDataGraph         0.151 / 0.448         0.151 / 0.448         0.151 / 0.448         0.151 / 0.448       ms
[2026-04-03T02:03:39.124+0600][10.108s][info][gc,stats    ]    Subphase: Concurrent Roots CodeCache                    0.000 / 0.000         0.000 / 0.000         0.000 / 0.000         0.000 / 0.000       ms
[2026-04-03T02:03:39.124+0600][10.108s][info][gc,stats    ]    Subphase: Concurrent Roots JavaThreads                  0.571 / 1.963         0.571 / 1.963         0.571 / 1.963         0.571 / 1.963       ms
[2026-04-03T02:03:39.124+0600][10.108s][info][gc,stats    ]    Subphase: Concurrent Roots OopStorageSet                0.066 / 0.126         0.066 / 0.126         0.066 / 0.126         0.066 / 0.126       ms
[2026-04-03T02:03:39.124+0600][10.108s][info][gc,stats    ]    Subphase: Concurrent Weak Roots OopStorageSet           0.455 / 0.725         0.455 / 0.725         0.455 / 0.725         0.455 / 0.725       ms
[2026-04-03T02:03:39.124+0600][10.108s][info][gc,stats    ]    Subphase: Pause Mark Try Complete                       0.000 / 0.000         0.000 / 0.000         0.000 / 0.000         0.000 / 0.000       ms
[2026-04-03T02:03:39.124+0600][10.108s][info][gc,stats    ]      System: Java Threads                                     30 / 53               30 / 53               30 / 53               30 / 53          threads
[2026-04-03T02:03:39.124+0600][10.108s][info][gc,stats    ] =========================================================================================================================================================
[2026-04-03T02:03:41.419+0600][12.403s][info][gc,start    ] GC(5) Garbage Collection (System.gc())
[2026-04-03T02:03:41.419+0600][12.403s][info][gc,task     ] GC(5) Using 3 workers
[2026-04-03T02:03:41.419+0600][12.403s][info][gc,phases   ] GC(5) Pause Mark Start 0.010ms
[2026-04-03T02:03:41.437+0600][12.421s][info][gc,phases   ] GC(5) Concurrent Mark 17.591ms
[2026-04-03T02:03:41.437+0600][12.421s][info][gc,phases   ] GC(5) Pause Mark End 0.018ms
[2026-04-03T02:03:41.437+0600][12.421s][info][gc,phases   ] GC(5) Concurrent Mark Free 0.002ms
[2026-04-03T02:03:41.441+0600][12.425s][info][gc,phases   ] GC(5) Concurrent Process Non-Strong References 4.019ms
[2026-04-03T02:03:41.441+0600][12.425s][info][gc,phases   ] GC(5) Concurrent Reset Relocation Set 0.016ms
[2026-04-03T02:03:41.446+0600][12.430s][info][gc,phases   ] GC(5) Concurrent Select Relocation Set 5.006ms
[2026-04-03T02:03:41.446+0600][12.430s][info][gc,phases   ] GC(5) Pause Relocate Start 0.010ms
[2026-04-03T02:03:41.450+0600][12.434s][info][gc,phases   ] GC(5) Concurrent Relocate 3.481ms
[2026-04-03T02:03:41.450+0600][12.434s][info][gc,load     ] GC(5) Load: 2.73/3.57/5.36
[2026-04-03T02:03:41.450+0600][12.434s][info][gc,mmu      ] GC(5) MMU: 2ms/98.7%, 5ms/99.5%, 10ms/99.7%, 20ms/99.8%, 50ms/99.9%, 100ms/99.9%
[2026-04-03T02:03:41.450+0600][12.434s][info][gc,marking  ] GC(5) Mark: 2 stripe(s), 2 proactive flush(es), 1 terminate flush(es), 0 completion(s), 0 continuation(s) 
[2026-04-03T02:03:41.450+0600][12.434s][info][gc,marking  ] GC(5) Mark Stack Usage: 32M
[2026-04-03T02:03:41.450+0600][12.434s][info][gc,nmethod  ] GC(5) NMethods: 3390 registered, 480 unregistered
[2026-04-03T02:03:41.450+0600][12.434s][info][gc,metaspace] GC(5) Metaspace: 53M used, 54M committed, 1088M reserved
[2026-04-03T02:03:41.450+0600][12.434s][info][gc,ref      ] GC(5) Soft: 4140 encountered, 0 discovered, 0 enqueued
[2026-04-03T02:03:41.450+0600][12.434s][info][gc,ref      ] GC(5) Weak: 3677 encountered, 1674 discovered, 333 enqueued
[2026-04-03T02:03:41.450+0600][12.434s][info][gc,ref      ] GC(5) Final: 82 encountered, 0 discovered, 0 enqueued
[2026-04-03T02:03:41.450+0600][12.434s][info][gc,ref      ] GC(5) Phantom: 588 encountered, 487 discovered, 1 enqueued
[2026-04-03T02:03:41.450+0600][12.434s][info][gc,reloc    ] GC(5) Small Pages: 447 / 894M, Empty: 768M, Relocated: 6M, In-Place: 0
[2026-04-03T02:03:41.450+0600][12.434s][info][gc,reloc    ] GC(5) Medium Pages: 2 / 64M, Empty: 32M, Relocated: 0M, In-Place: 0
[2026-04-03T02:03:41.450+0600][12.434s][info][gc,reloc    ] GC(5) Large Pages: 1 / 6M, Empty: 6M, Relocated: 0M, In-Place: 0
[2026-04-03T02:03:41.450+0600][12.434s][info][gc,reloc    ] GC(5) Forwarding Usage: 2M
[2026-04-03T02:03:41.450+0600][12.434s][info][gc,heap     ] GC(5) Min Capacity: 8M(0%)
[2026-04-03T02:03:41.450+0600][12.434s][info][gc,heap     ] GC(5) Max Capacity: 2000M(100%)
[2026-04-03T02:03:41.450+0600][12.434s][info][gc,heap     ] GC(5) Soft Max Capacity: 2000M(100%)
[2026-04-03T02:03:41.450+0600][12.434s][info][gc,heap     ] GC(5)                Mark Start          Mark End        Relocate Start      Relocate End           High               Low         
[2026-04-03T02:03:41.450+0600][12.434s][info][gc,heap     ] GC(5)  Capacity:      964M (48%)         968M (48%)         968M (48%)         968M (48%)         968M (48%)         964M (48%)    
[2026-04-03T02:03:41.450+0600][12.434s][info][gc,heap     ] GC(5)      Free:     1036M (52%)        1032M (52%)        1836M (92%)        1932M (97%)        1932M (97%)        1032M (52%)    
[2026-04-03T02:03:41.450+0600][12.434s][info][gc,heap     ] GC(5)      Used:      964M (48%)         968M (48%)         164M (8%)           68M (3%)          968M (48%)          68M (3%)     
[2026-04-03T02:03:41.450+0600][12.434s][info][gc,heap     ] GC(5)      Live:         -                30M (2%)           30M (2%)           30M (2%)             -                  -          
[2026-04-03T02:03:41.450+0600][12.434s][info][gc,heap     ] GC(5) Allocated:         -                 4M (0%)            6M (0%)            6M (0%)             -                  -          
[2026-04-03T02:03:41.450+0600][12.434s][info][gc,heap     ] GC(5)   Garbage:         -               933M (47%)         127M (6%)           31M (2%)             -                  -          
[2026-04-03T02:03:41.450+0600][12.434s][info][gc,heap     ] GC(5) Reclaimed:         -                  -               806M (40%)         902M (45%)            -                  -          
[2026-04-03T02:03:41.450+0600][12.434s][info][gc          ] GC(5) Garbage Collection (System.gc()) 964M(48%)->68M(3%)
[2026-04-03T02:03:43.824+0600][14.808s][info][gc,start    ] GC(6) Garbage Collection (Allocation Rate)
[2026-04-03T02:03:43.824+0600][14.808s][info][gc,task     ] GC(6) Using 3 workers
[2026-04-03T02:03:43.824+0600][14.809s][info][gc,phases   ] GC(6) Pause Mark Start 0.009ms
[2026-04-03T02:03:43.949+0600][14.933s][info][gc,phases   ] GC(6) Concurrent Mark 101.508ms
[2026-04-03T02:03:43.950+0600][14.934s][info][gc,phases   ] GC(6) Pause Mark End 0.021ms
[2026-04-03T02:03:43.950+0600][14.934s][info][gc,phases   ] GC(6) Concurrent Mark Free 0.002ms
[2026-04-03T02:03:43.955+0600][14.939s][info][gc,phases   ] GC(6) Concurrent Process Non-Strong References 5.523ms
[2026-04-03T02:03:43.955+0600][14.940s][info][gc,phases   ] GC(6) Concurrent Reset Relocation Set 0.009ms
[2026-04-03T02:03:43.974+0600][14.958s][info][gc,phases   ] GC(6) Concurrent Select Relocation Set 18.406ms
[2026-04-03T02:03:43.974+0600][14.958s][info][gc,phases   ] GC(6) Pause Relocate Start 0.014ms
[2026-04-03T02:03:44.043+0600][15.027s][info][gc,phases   ] GC(6) Concurrent Relocate 68.251ms
[2026-04-03T02:03:44.043+0600][15.027s][info][gc,load     ] GC(6) Load: 2.73/3.57/5.36
[2026-04-03T02:03:44.043+0600][15.027s][info][gc,mmu      ] GC(6) MMU: 2ms/98.7%, 5ms/99.5%, 10ms/99.7%, 20ms/99.8%, 50ms/99.9%, 100ms/99.9%
[2026-04-03T02:03:44.043+0600][15.027s][info][gc,marking  ] GC(6) Mark: 2 stripe(s), 2 proactive flush(es), 1 terminate flush(es), 0 completion(s), 0 continuation(s) 
[2026-04-03T02:03:44.043+0600][15.027s][info][gc,marking  ] GC(6) Mark Stack Usage: 32M
[2026-04-03T02:03:44.043+0600][15.027s][info][gc,nmethod  ] GC(6) NMethods: 4173 registered, 722 unregistered
[2026-04-03T02:03:44.043+0600][15.027s][info][gc,metaspace] GC(6) Metaspace: 60M used, 60M committed, 1088M reserved
[2026-04-03T02:03:44.043+0600][15.027s][info][gc,ref      ] GC(6) Soft: 4544 encountered, 0 discovered, 0 enqueued
[2026-04-03T02:03:44.043+0600][15.027s][info][gc,ref      ] GC(6) Weak: 5195 encountered, 1004 discovered, 551 enqueued
[2026-04-03T02:03:44.043+0600][15.027s][info][gc,ref      ] GC(6) Final: 82 encountered, 0 discovered, 0 enqueued
[2026-04-03T02:03:44.043+0600][15.027s][info][gc,ref      ] GC(6) Phantom: 594 encountered, 475 discovered, 0 enqueued
[2026-04-03T02:03:44.043+0600][15.027s][info][gc,reloc    ] GC(6) Small Pages: 456 / 912M, Empty: 0M, Relocated: 69M, In-Place: 0
[2026-04-03T02:03:44.043+0600][15.027s][info][gc,reloc    ] GC(6) Medium Pages: 2 / 64M, Empty: 32M, Relocated: 0M, In-Place: 0
[2026-04-03T02:03:44.043+0600][15.027s][info][gc,reloc    ] GC(6) Large Pages: 3 / 22M, Empty: 12M, Relocated: 0M, In-Place: 0
[2026-04-03T02:03:44.043+0600][15.027s][info][gc,reloc    ] GC(6) Forwarding Usage: 49M
[2026-04-03T02:03:44.043+0600][15.027s][info][gc,heap     ] GC(6) Min Capacity: 8M(0%)
[2026-04-03T02:03:44.043+0600][15.027s][info][gc,heap     ] GC(6) Max Capacity: 2000M(100%)
[2026-04-03T02:03:44.043+0600][15.027s][info][gc,heap     ] GC(6) Soft Max Capacity: 2000M(100%)
[2026-04-03T02:03:44.043+0600][15.027s][info][gc,heap     ] GC(6)                Mark Start          Mark End        Relocate Start      Relocate End           High               Low         
[2026-04-03T02:03:44.043+0600][15.027s][info][gc,heap     ] GC(6)  Capacity:      998M (50%)        1062M (53%)        1066M (53%)        1066M (53%)        1066M (53%)         998M (50%)    
[2026-04-03T02:03:44.043+0600][15.027s][info][gc,heap     ] GC(6)      Free:     1002M (50%)         938M (47%)         966M (48%)        1678M (84%)        1678M (84%)         934M (47%)    
[2026-04-03T02:03:44.043+0600][15.027s][info][gc,heap     ] GC(6)      Used:      998M (50%)        1062M (53%)        1034M (52%)         322M (16%)        1066M (53%)         322M (16%)    
[2026-04-03T02:03:44.043+0600][15.027s][info][gc,heap     ] GC(6)      Live:         -               107M (5%)          107M (5%)          107M (5%)             -                  -          
[2026-04-03T02:03:44.043+0600][15.027s][info][gc,heap     ] GC(6) Allocated:         -                64M (3%)           80M (4%)          183M (9%)             -                  -          
[2026-04-03T02:03:44.043+0600][15.027s][info][gc,heap     ] GC(6)   Garbage:         -               890M (45%)         846M (42%)          30M (2%)             -                  -          
[2026-04-03T02:03:44.043+0600][15.027s][info][gc,heap     ] GC(6) Reclaimed:         -                  -                44M (2%)          859M (43%)            -                  -          
[2026-04-03T02:03:44.043+0600][15.027s][info][gc          ] GC(6) Garbage Collection (Allocation Rate) 998M(50%)->322M(16%)
[2026-04-03T02:03:44.123+0600][15.107s][info][gc,start    ] GC(7) Garbage Collection (Allocation Rate)
[2026-04-03T02:03:44.123+0600][15.108s][info][gc,task     ] GC(7) Using 3 workers
[2026-04-03T02:03:44.124+0600][15.108s][info][gc,phases   ] GC(7) Pause Mark Start 0.009ms
[2026-04-03T02:03:44.277+0600][15.262s][info][gc,phases   ] GC(7) Concurrent Mark 153.674ms
[2026-04-03T02:03:44.278+0600][15.262s][info][gc,phases   ] GC(7) Pause Mark End 0.053ms
[2026-04-03T02:03:44.278+0600][15.262s][info][gc,phases   ] GC(7) Concurrent Mark Free 0.003ms
[2026-04-03T02:03:44.291+0600][15.276s][info][gc,phases   ] GC(7) Concurrent Process Non-Strong References 13.357ms
[2026-04-03T02:03:44.292+0600][15.276s][info][gc,phases   ] GC(7) Concurrent Reset Relocation Set 0.026ms
[2026-04-03T02:03:44.299+0600][15.283s][info][gc,phases   ] GC(7) Concurrent Select Relocation Set 7.352ms
[2026-04-03T02:03:44.299+0600][15.283s][info][gc,phases   ] GC(7) Pause Relocate Start 0.014ms
[2026-04-03T02:03:44.334+0600][15.318s][info][gc,phases   ] GC(7) Concurrent Relocate 34.521ms
[2026-04-03T02:03:44.334+0600][15.318s][info][gc,load     ] GC(7) Load: 2.73/3.57/5.36
[2026-04-03T02:03:44.334+0600][15.318s][info][gc,mmu      ] GC(7) MMU: 2ms/97.4%, 5ms/98.9%, 10ms/99.5%, 20ms/99.7%, 50ms/99.9%, 100ms/99.9%
[2026-04-03T02:03:44.334+0600][15.318s][info][gc,marking  ] GC(7) Mark: 2 stripe(s), 2 proactive flush(es), 1 terminate flush(es), 0 completion(s), 0 continuation(s) 
[2026-04-03T02:03:44.334+0600][15.318s][info][gc,marking  ] GC(7) Mark Stack Usage: 32M
[2026-04-03T02:03:44.334+0600][15.318s][info][gc,nmethod  ] GC(7) NMethods: 4310 registered, 734 unregistered
[2026-04-03T02:03:44.334+0600][15.318s][info][gc,metaspace] GC(7) Metaspace: 61M used, 62M committed, 1088M reserved
[2026-04-03T02:03:44.334+0600][15.318s][info][gc,ref      ] GC(7) Soft: 4569 encountered, 0 discovered, 0 enqueued
[2026-04-03T02:03:44.334+0600][15.318s][info][gc,ref      ] GC(7) Weak: 4806 encountered, 216 discovered, 56 enqueued
[2026-04-03T02:03:44.334+0600][15.318s][info][gc,ref      ] GC(7) Final: 82 encountered, 0 discovered, 0 enqueued
[2026-04-03T02:03:44.334+0600][15.318s][info][gc,ref      ] GC(7) Phantom: 593 encountered, 475 discovered, 0 enqueued
[2026-04-03T02:03:44.334+0600][15.318s][info][gc,reloc    ] GC(7) Small Pages: 159 / 318M, Empty: 0M, Relocated: 19M, In-Place: 0
[2026-04-03T02:03:44.334+0600][15.318s][info][gc,reloc    ] GC(7) Medium Pages: 2 / 64M, Empty: 0M, Relocated: 6M, In-Place: 0
[2026-04-03T02:03:44.334+0600][15.318s][info][gc,reloc    ] GC(7) Large Pages: 2 / 16M, Empty: 10M, Relocated: 0M, In-Place: 0
[2026-04-03T02:03:44.334+0600][15.318s][info][gc,reloc    ] GC(7) Forwarding Usage: 13M
[2026-04-03T02:03:44.334+0600][15.318s][info][gc,heap     ] GC(7) Min Capacity: 8M(0%)
[2026-04-03T02:03:44.334+0600][15.318s][info][gc,heap     ] GC(7) Max Capacity: 2000M(100%)
[2026-04-03T02:03:44.334+0600][15.318s][info][gc,heap     ] GC(7) Soft Max Capacity: 2000M(100%)
[2026-04-03T02:03:44.334+0600][15.318s][info][gc,heap     ] GC(7)                Mark Start          Mark End        Relocate Start      Relocate End           High               Low         
[2026-04-03T02:03:44.334+0600][15.318s][info][gc,heap     ] GC(7)  Capacity:     1098M (55%)        1098M (55%)        1130M (56%)        1162M (58%)        1162M (58%)        1098M (55%)    
[2026-04-03T02:03:44.334+0600][15.318s][info][gc,heap     ] GC(7)      Free:     1602M (80%)        1580M (79%)        1556M (78%)        1786M (89%)        1786M (89%)        1522M (76%)    
[2026-04-03T02:03:44.334+0600][15.318s][info][gc,heap     ] GC(7)      Used:      398M (20%)         420M (21%)         444M (22%)         214M (11%)         478M (24%)         214M (11%)    
[2026-04-03T02:03:44.334+0600][15.318s][info][gc,heap     ] GC(7)      Live:         -               121M (6%)          121M (6%)          121M (6%)             -                  -          
[2026-04-03T02:03:44.334+0600][15.318s][info][gc,heap     ] GC(7) Allocated:         -                22M (1%)           56M (3%)           58M (3%)             -                  -          
[2026-04-03T02:03:44.334+0600][15.318s][info][gc,heap     ] GC(7)   Garbage:         -               276M (14%)         266M (13%)          33M (2%)             -                  -          
[2026-04-03T02:03:44.334+0600][15.318s][info][gc,heap     ] GC(7) Reclaimed:         -                  -                10M (0%)          242M (12%)            -                  -          
[2026-04-03T02:03:44.334+0600][15.318s][info][gc          ] GC(7) Garbage Collection (Allocation Rate) 398M(20%)->214M(11%)
[2026-04-03T02:03:44.923+0600][15.907s][info][gc,start    ] GC(8) Garbage Collection (Allocation Rate)
[2026-04-03T02:03:44.923+0600][15.907s][info][gc,task     ] GC(8) Using 2 workers
[2026-04-03T02:03:44.924+0600][15.908s][info][gc,phases   ] GC(8) Pause Mark Start 0.010ms
[2026-04-03T02:03:45.177+0600][16.161s][info][gc,phases   ] GC(8) Concurrent Mark 253.005ms
[2026-04-03T02:03:45.178+0600][16.162s][info][gc,phases   ] GC(8) Pause Mark End 0.029ms
[2026-04-03T02:03:45.178+0600][16.162s][info][gc,phases   ] GC(8) Concurrent Mark Free 0.004ms
[2026-04-03T02:03:45.198+0600][16.182s][info][gc,phases   ] GC(8) Concurrent Process Non-Strong References 20.145ms
[2026-04-03T02:03:45.198+0600][16.182s][info][gc,phases   ] GC(8) Concurrent Reset Relocation Set 0.012ms
[2026-04-03T02:03:45.214+0600][16.198s][info][gc,phases   ] GC(8) Concurrent Select Relocation Set 15.753ms
[2026-04-03T02:03:45.214+0600][16.198s][info][gc,phases   ] GC(8) Pause Relocate Start 0.017ms
[2026-04-03T02:03:45.304+0600][16.288s][info][gc,phases   ] GC(8) Concurrent Relocate 89.945ms
[2026-04-03T02:03:45.304+0600][16.289s][info][gc,load     ] GC(8) Load: 3.15/3.65/5.38
[2026-04-03T02:03:45.304+0600][16.289s][info][gc,mmu      ] GC(8) MMU: 2ms/97.4%, 5ms/98.9%, 10ms/99.5%, 20ms/99.7%, 50ms/99.9%, 100ms/99.9%
[2026-04-03T02:03:45.304+0600][16.289s][info][gc,marking  ] GC(8) Mark: 2 stripe(s), 2 proactive flush(es), 1 terminate flush(es), 0 completion(s), 0 continuation(s) 
[2026-04-03T02:03:45.305+0600][16.289s][info][gc,marking  ] GC(8) Mark Stack Usage: 32M
[2026-04-03T02:03:45.305+0600][16.289s][info][gc,nmethod  ] GC(8) NMethods: 4541 registered, 930 unregistered
[2026-04-03T02:03:45.305+0600][16.289s][info][gc,metaspace] GC(8) Metaspace: 62M used, 63M committed, 1088M reserved
[2026-04-03T02:03:45.305+0600][16.289s][info][gc,ref      ] GC(8) Soft: 4723 encountered, 0 discovered, 0 enqueued
[2026-04-03T02:03:45.305+0600][16.289s][info][gc,ref      ] GC(8) Weak: 5691 encountered, 665 discovered, 344 enqueued
[2026-04-03T02:03:45.305+0600][16.289s][info][gc,ref      ] GC(8) Final: 82 encountered, 0 discovered, 0 enqueued
[2026-04-03T02:03:45.305+0600][16.289s][info][gc,ref      ] GC(8) Phantom: 595 encountered, 467 discovered, 0 enqueued
[2026-04-03T02:03:45.305+0600][16.289s][info][gc,reloc    ] GC(8) Small Pages: 499 / 998M, Empty: 240M, Relocated: 43M, In-Place: 0
[2026-04-03T02:03:45.305+0600][16.289s][info][gc,reloc    ] GC(8) Medium Pages: 2 / 64M, Empty: 0M, Relocated: 5M, In-Place: 0
[2026-04-03T02:03:45.305+0600][16.289s][info][gc,reloc    ] GC(8) Large Pages: 3 / 18M, Empty: 6M, Relocated: 0M, In-Place: 0
[2026-04-03T02:03:45.305+0600][16.289s][info][gc,reloc    ] GC(8) Forwarding Usage: 33M
[2026-04-03T02:03:45.305+0600][16.289s][info][gc,heap     ] GC(8) Min Capacity: 8M(0%)
[2026-04-03T02:03:45.305+0600][16.289s][info][gc,heap     ] GC(8) Max Capacity: 2000M(100%)
[2026-04-03T02:03:45.305+0600][16.289s][info][gc,heap     ] GC(8) Soft Max Capacity: 2000M(100%)
[2026-04-03T02:03:45.305+0600][16.289s][info][gc,heap     ] GC(8)                Mark Start          Mark End        Relocate Start      Relocate End           High               Low         
[2026-04-03T02:03:45.305+0600][16.289s][info][gc,heap     ] GC(8)  Capacity:     1162M (58%)        1320M (66%)        1338M (67%)        1412M (71%)        1412M (71%)        1162M (58%)    
[2026-04-03T02:03:45.305+0600][16.289s][info][gc,heap     ] GC(8)      Free:      920M (46%)         680M (34%)         874M (44%)        1354M (68%)        1354M (68%)         662M (33%)    
[2026-04-03T02:03:45.305+0600][16.289s][info][gc,heap     ] GC(8)      Used:     1080M (54%)        1320M (66%)        1126M (56%)         646M (32%)        1338M (67%)         646M (32%)    
[2026-04-03T02:03:45.305+0600][16.289s][info][gc,heap     ] GC(8)      Live:         -               169M (8%)          169M (8%)          169M (8%)             -                  -          
[2026-04-03T02:03:45.305+0600][16.289s][info][gc,heap     ] GC(8) Allocated:         -               240M (12%)         292M (15%)         442M (22%)            -                  -          
[2026-04-03T02:03:45.305+0600][16.289s][info][gc,heap     ] GC(8)   Garbage:         -               910M (46%)         664M (33%)          33M (2%)             -                  -          
[2026-04-03T02:03:45.305+0600][16.289s][info][gc,heap     ] GC(8) Reclaimed:         -                  -               246M (12%)         876M (44%)            -                  -          
[2026-04-03T02:03:45.305+0600][16.289s][info][gc          ] GC(8) Garbage Collection (Allocation Rate) 1080M(54%)->646M(32%)
[2026-04-03T02:03:45.324+0600][16.308s][info][gc,start    ] GC(9) Garbage Collection (Allocation Rate)
[2026-04-03T02:03:45.324+0600][16.308s][info][gc,task     ] GC(9) Using 2 workers
[2026-04-03T02:03:45.324+0600][16.308s][info][gc,phases   ] GC(9) Pause Mark Start 0.021ms
[2026-04-03T02:03:45.537+0600][16.521s][info][gc,phases   ] GC(9) Concurrent Mark 212.376ms
[2026-04-03T02:03:45.537+0600][16.521s][info][gc,phases   ] GC(9) Pause Mark End 0.028ms
[2026-04-03T02:03:45.537+0600][16.521s][info][gc,phases   ] GC(9) Concurrent Mark Free 0.003ms
[2026-04-03T02:03:45.545+0600][16.529s][info][gc,phases   ] GC(9) Concurrent Process Non-Strong References 8.092ms
[2026-04-03T02:03:45.545+0600][16.530s][info][gc,phases   ] GC(9) Concurrent Reset Relocation Set 0.024ms
[2026-04-03T02:03:45.551+0600][16.535s][info][gc,phases   ] GC(9) Concurrent Select Relocation Set 5.341ms
[2026-04-03T02:03:45.551+0600][16.535s][info][gc,phases   ] GC(9) Pause Relocate Start 0.015ms
[2026-04-03T02:03:45.588+0600][16.573s][info][gc,phases   ] GC(9) Concurrent Relocate 37.018ms
[2026-04-03T02:03:45.589+0600][16.573s][info][gc,load     ] GC(9) Load: 3.15/3.65/5.38
[2026-04-03T02:03:45.589+0600][16.573s][info][gc,mmu      ] GC(9) MMU: 2ms/97.4%, 5ms/98.9%, 10ms/99.5%, 20ms/99.7%, 50ms/99.9%, 100ms/99.9%
[2026-04-03T02:03:45.589+0600][16.573s][info][gc,marking  ] GC(9) Mark: 2 stripe(s), 4 proactive flush(es), 1 terminate flush(es), 0 completion(s), 0 continuation(s) 
[2026-04-03T02:03:45.589+0600][16.573s][info][gc,marking  ] GC(9) Mark Stack Usage: 32M
[2026-04-03T02:03:45.589+0600][16.573s][info][gc,nmethod  ] GC(9) NMethods: 4559 registered, 940 unregistered
[2026-04-03T02:03:45.589+0600][16.573s][info][gc,metaspace] GC(9) Metaspace: 62M used, 63M committed, 1088M reserved
[2026-04-03T02:03:45.589+0600][16.573s][info][gc,ref      ] GC(9) Soft: 4728 encountered, 0 discovered, 0 enqueued
[2026-04-03T02:03:45.589+0600][16.573s][info][gc,ref      ] GC(9) Weak: 5468 encountered, 577 discovered, 44 enqueued
[2026-04-03T02:03:45.589+0600][16.573s][info][gc,ref      ] GC(9) Final: 82 encountered, 0 discovered, 0 enqueued
[2026-04-03T02:03:45.589+0600][16.573s][info][gc,ref      ] GC(9) Phantom: 595 encountered, 466 discovered, 0 enqueued
[2026-04-03T02:03:45.589+0600][16.573s][info][gc,reloc    ] GC(9) Small Pages: 306 / 612M, Empty: 224M, Relocated: 18M, In-Place: 0
[2026-04-03T02:03:45.589+0600][16.573s][info][gc,reloc    ] GC(9) Medium Pages: 2 / 64M, Empty: 32M, Relocated: 0M, In-Place: 0
[2026-04-03T02:03:45.589+0600][16.573s][info][gc,reloc    ] GC(9) Large Pages: 3 / 22M, Empty: 6M, Relocated: 0M, In-Place: 0
[2026-04-03T02:03:45.589+0600][16.573s][info][gc,reloc    ] GC(9) Forwarding Usage: 13M
[2026-04-03T02:03:45.589+0600][16.573s][info][gc,heap     ] GC(9) Min Capacity: 8M(0%)
[2026-04-03T02:03:45.589+0600][16.573s][info][gc,heap     ] GC(9) Max Capacity: 2000M(100%)
[2026-04-03T02:03:45.589+0600][16.573s][info][gc,heap     ] GC(9) Soft Max Capacity: 2000M(100%)
[2026-04-03T02:03:45.589+0600][16.573s][info][gc,heap     ] GC(9)                Mark Start          Mark End        Relocate Start      Relocate End           High               Low         
[2026-04-03T02:03:45.589+0600][16.573s][info][gc,heap     ] GC(9)  Capacity:     1412M (71%)        1412M (71%)        1412M (71%)        1412M (71%)        1412M (71%)        1412M (71%)    
[2026-04-03T02:03:45.589+0600][16.573s][info][gc,heap     ] GC(9)      Free:     1302M (65%)         906M (45%)        1140M (57%)        1264M (63%)        1302M (65%)         884M (44%)    
[2026-04-03T02:03:45.589+0600][16.573s][info][gc,heap     ] GC(9)      Used:      698M (35%)        1094M (55%)         860M (43%)         736M (37%)        1116M (56%)         698M (35%)    
[2026-04-03T02:03:45.589+0600][16.573s][info][gc,heap     ] GC(9)      Live:         -               189M (9%)          189M (9%)          189M (9%)             -                  -          
[2026-04-03T02:03:45.589+0600][16.573s][info][gc,heap     ] GC(9) Allocated:         -               396M (20%)         424M (21%)         515M (26%)            -                  -          
[2026-04-03T02:03:45.589+0600][16.573s][info][gc,heap     ] GC(9)   Garbage:         -               508M (25%)         246M (12%)          30M (2%)             -                  -          
[2026-04-03T02:03:45.589+0600][16.573s][info][gc,heap     ] GC(9) Reclaimed:         -                  -               262M (13%)         477M (24%)            -                  -          
[2026-04-03T02:03:45.589+0600][16.573s][info][gc          ] GC(9) Garbage Collection (Allocation Rate) 698M(35%)->736M(37%)
[2026-04-03T02:03:45.623+0600][16.607s][info][gc,start    ] GC(10) Garbage Collection (Allocation Rate)
[2026-04-03T02:03:45.623+0600][16.607s][info][gc,task     ] GC(10) Using 3 workers
[2026-04-03T02:03:45.624+0600][16.608s][info][gc,phases   ] GC(10) Pause Mark Start 0.009ms
[2026-04-03T02:03:45.820+0600][16.804s][info][gc,phases   ] GC(10) Concurrent Mark 196.203ms
[2026-04-03T02:03:45.820+0600][16.805s][info][gc,phases   ] GC(10) Pause Mark End 0.024ms
[2026-04-03T02:03:45.821+0600][16.805s][info][gc,phases   ] GC(10) Concurrent Mark Free 0.004ms
[2026-04-03T02:03:45.826+0600][16.811s][info][gc,phases   ] GC(10) Concurrent Process Non-Strong References 5.704ms
[2026-04-03T02:03:45.827+0600][16.811s][info][gc,phases   ] GC(10) Concurrent Reset Relocation Set 0.010ms
[2026-04-03T02:03:45.833+0600][16.817s][info][gc,phases   ] GC(10) Concurrent Select Relocation Set 6.095ms
[2026-04-03T02:03:45.833+0600][16.817s][info][gc,phases   ] GC(10) Pause Relocate Start 0.017ms
[2026-04-03T02:03:45.865+0600][16.849s][info][gc,phases   ] GC(10) Concurrent Relocate 31.508ms
[2026-04-03T02:03:45.865+0600][16.849s][info][gc,load     ] GC(10) Load: 3.15/3.65/5.38
[2026-04-03T02:03:45.865+0600][16.849s][info][gc,mmu      ] GC(10) MMU: 2ms/97.4%, 5ms/98.9%, 10ms/99.5%, 20ms/99.7%, 50ms/99.9%, 100ms/99.9%
[2026-04-03T02:03:45.865+0600][16.849s][info][gc,marking  ] GC(10) Mark: 2 stripe(s), 2 proactive flush(es), 1 terminate flush(es), 0 completion(s), 0 continuation(s) 
[2026-04-03T02:03:45.865+0600][16.849s][info][gc,marking  ] GC(10) Mark Stack Usage: 32M
[2026-04-03T02:03:45.865+0600][16.849s][info][gc,nmethod  ] GC(10) NMethods: 4589 registered, 964 unregistered
[2026-04-03T02:03:45.865+0600][16.849s][info][gc,metaspace] GC(10) Metaspace: 62M used, 63M committed, 1088M reserved
[2026-04-03T02:03:45.865+0600][16.849s][info][gc,ref      ] GC(10) Soft: 4737 encountered, 0 discovered, 0 enqueued
[2026-04-03T02:03:45.865+0600][16.849s][info][gc,ref      ] GC(10) Weak: 5560 encountered, 338 discovered, 55 enqueued
[2026-04-03T02:03:45.865+0600][16.849s][info][gc,ref      ] GC(10) Final: 82 encountered, 0 discovered, 0 enqueued
[2026-04-03T02:03:45.865+0600][16.849s][info][gc,ref      ] GC(10) Phantom: 594 encountered, 397 discovered, 0 enqueued
[2026-04-03T02:03:45.865+0600][16.849s][info][gc,reloc    ] GC(10) Small Pages: 334 / 668M, Empty: 196M, Relocated: 26M, In-Place: 0
[2026-04-03T02:03:45.865+0600][16.849s][info][gc,reloc    ] GC(10) Medium Pages: 2 / 64M, Empty: 32M, Relocated: 0M, In-Place: 0
[2026-04-03T02:03:45.865+0600][16.849s][info][gc,reloc    ] GC(10) Large Pages: 3 / 22M, Empty: 10M, Relocated: 0M, In-Place: 0
[2026-04-03T02:03:45.865+0600][16.849s][info][gc,reloc    ] GC(10) Forwarding Usage: 19M
[2026-04-03T02:03:45.865+0600][16.849s][info][gc,heap     ] GC(10) Min Capacity: 8M(0%)
[2026-04-03T02:03:45.865+0600][16.849s][info][gc,heap     ] GC(10) Max Capacity: 2000M(100%)
[2026-04-03T02:03:45.865+0600][16.849s][info][gc,heap     ] GC(10) Soft Max Capacity: 2000M(100%)
[2026-04-03T02:03:45.865+0600][16.849s][info][gc,heap     ] GC(10)                Mark Start          Mark End        Relocate Start      Relocate End           High               Low         
[2026-04-03T02:03:45.865+0600][16.849s][info][gc,heap     ] GC(10)  Capacity:     1412M (71%)        1412M (71%)        1412M (71%)        1412M (71%)        1412M (71%)        1412M (71%)    
[2026-04-03T02:03:45.865+0600][16.849s][info][gc,heap     ] GC(10)      Free:     1246M (62%)        1144M (57%)        1370M (68%)        1624M (81%)        1624M (81%)        1138M (57%)    
[2026-04-03T02:03:45.865+0600][16.849s][info][gc,heap     ] GC(10)      Used:      754M (38%)         856M (43%)         630M (32%)         376M (19%)         862M (43%)         376M (19%)    
[2026-04-03T02:03:45.865+0600][16.849s][info][gc,heap     ] GC(10)      Live:         -               207M (10%)         207M (10%)         207M (10%)            -                  -          
[2026-04-03T02:03:45.865+0600][16.849s][info][gc,heap     ] GC(10) Allocated:         -               102M (5%)          114M (6%)          135M (7%)             -                  -          
[2026-04-03T02:03:45.865+0600][16.849s][info][gc,heap     ] GC(10)   Garbage:         -               546M (27%)         308M (15%)          32M (2%)             -                  -          
[2026-04-03T02:03:45.865+0600][16.849s][info][gc,heap     ] GC(10) Reclaimed:         -                  -               238M (12%)         513M (26%)            -                  -          
[2026-04-03T02:03:45.865+0600][16.849s][info][gc          ] GC(10) Garbage Collection (Allocation Rate) 754M(38%)->376M(19%)
[2026-04-03T02:03:46.423+0600][17.407s][info][gc,start    ] GC(11) Garbage Collection (Allocation Rate)
[2026-04-03T02:03:46.423+0600][17.407s][info][gc,task     ] GC(11) Using 3 workers
[2026-04-03T02:03:46.424+0600][17.408s][info][gc,phases   ] GC(11) Pause Mark Start 0.010ms
[2026-04-03T02:03:46.584+0600][17.568s][info][gc,phases   ] GC(11) Concurrent Mark 160.289ms
[2026-04-03T02:03:46.584+0600][17.568s][info][gc,phases   ] GC(11) Pause Mark End 0.017ms
[2026-04-03T02:03:46.584+0600][17.569s][info][gc,phases   ] GC(11) Concurrent Mark Free 0.002ms
[2026-04-03T02:03:46.595+0600][17.579s][info][gc,phases   ] GC(11) Concurrent Process Non-Strong References 10.571ms
[2026-04-03T02:03:46.595+0600][17.579s][info][gc,phases   ] GC(11) Concurrent Reset Relocation Set 0.010ms
[2026-04-03T02:03:46.599+0600][17.583s][info][gc,phases   ] GC(11) Concurrent Select Relocation Set 3.841ms
[2026-04-03T02:03:46.599+0600][17.584s][info][gc,phases   ] GC(11) Pause Relocate Start 0.013ms
[2026-04-03T02:03:46.601+0600][17.585s][info][gc,phases   ] GC(11) Concurrent Relocate 0.958ms
[2026-04-03T02:03:46.601+0600][17.585s][info][gc,load     ] GC(11) Load: 3.15/3.65/5.38
[2026-04-03T02:03:46.601+0600][17.585s][info][gc,mmu      ] GC(11) MMU: 2ms/97.4%, 5ms/98.9%, 10ms/99.5%, 20ms/99.7%, 50ms/99.9%, 100ms/99.9%
[2026-04-03T02:03:46.601+0600][17.585s][info][gc,marking  ] GC(11) Mark: 2 stripe(s), 2 proactive flush(es), 1 terminate flush(es), 0 completion(s), 0 continuation(s) 
[2026-04-03T02:03:46.601+0600][17.585s][info][gc,marking  ] GC(11) Mark Stack Usage: 32M
[2026-04-03T02:03:46.601+0600][17.585s][info][gc,nmethod  ] GC(11) NMethods: 4744 registered, 49 unregistered
[2026-04-03T02:03:46.601+0600][17.585s][info][gc,metaspace] GC(11) Metaspace: 64M used, 65M committed, 1088M reserved
[2026-04-03T02:03:46.601+0600][17.585s][info][gc,ref      ] GC(11) Soft: 4774 encountered, 0 discovered, 0 enqueued
[2026-04-03T02:03:46.601+0600][17.585s][info][gc,ref      ] GC(11) Weak: 5884 encountered, 345 discovered, 119 enqueued
[2026-04-03T02:03:46.601+0600][17.585s][info][gc,ref      ] GC(11) Final: 82 encountered, 0 discovered, 0 enqueued
[2026-04-03T02:03:46.601+0600][17.585s][info][gc,ref      ] GC(11) Phantom: 596 encountered, 348 discovered, 0 enqueued
[2026-04-03T02:03:46.601+0600][17.585s][info][gc,reloc    ] GC(11) Small Pages: 451 / 902M, Empty: 678M, Relocated: 0M, In-Place: 0
[2026-04-03T02:03:46.601+0600][17.585s][info][gc,reloc    ] GC(11) Medium Pages: 2 / 64M, Empty: 32M, Relocated: 0M, In-Place: 0
[2026-04-03T02:03:46.601+0600][17.585s][info][gc,reloc    ] GC(11) Large Pages: 3 / 18M, Empty: 6M, Relocated: 0M, In-Place: 0
[2026-04-03T02:03:46.601+0600][17.585s][info][gc,reloc    ] GC(11) Forwarding Usage: 0M
[2026-04-03T02:03:46.601+0600][17.585s][info][gc,heap     ] GC(11) Min Capacity: 8M(0%)
[2026-04-03T02:03:46.601+0600][17.585s][info][gc,heap     ] GC(11) Max Capacity: 2000M(100%)
[2026-04-03T02:03:46.601+0600][17.585s][info][gc,heap     ] GC(11) Soft Max Capacity: 2000M(100%)
[2026-04-03T02:03:46.601+0600][17.585s][info][gc,heap     ] GC(11)                Mark Start          Mark End        Relocate Start      Relocate End           High               Low         
[2026-04-03T02:03:46.601+0600][17.585s][info][gc,heap     ] GC(11)  Capacity:     1412M (71%)        1412M (71%)        1412M (71%)        1412M (71%)        1412M (71%)        1412M (71%)    
[2026-04-03T02:03:46.601+0600][17.585s][info][gc,heap     ] GC(11)      Free:     1016M (51%)         962M (48%)        1674M (84%)        1700M (85%)        1700M (85%)         962M (48%)    
[2026-04-03T02:03:46.601+0600][17.585s][info][gc,heap     ] GC(11)      Used:      984M (49%)        1038M (52%)         326M (16%)         300M (15%)        1038M (52%)         300M (15%)    
[2026-04-03T02:03:46.601+0600][17.585s][info][gc,heap     ] GC(11)      Live:         -               207M (10%)         207M (10%)         207M (10%)            -                  -          
[2026-04-03T02:03:46.601+0600][17.585s][info][gc,heap     ] GC(11) Allocated:         -                54M (3%)           58M (3%)           58M (3%)             -                  -          
[2026-04-03T02:03:46.601+0600][17.585s][info][gc,heap     ] GC(11)   Garbage:         -               776M (39%)          60M (3%)           34M (2%)             -                  -          
[2026-04-03T02:03:46.601+0600][17.585s][info][gc,heap     ] GC(11) Reclaimed:         -                  -               716M (36%)         742M (37%)            -                  -          
[2026-04-03T02:03:46.601+0600][17.585s][info][gc          ] GC(11) Garbage Collection (Allocation Rate) 984M(49%)->300M(15%)
[2026-04-03T02:03:46.601+0600][17.585s][info][gc,start    ] GC(12) Garbage Collection (System.gc())
[2026-04-03T02:03:46.601+0600][17.585s][info][gc,task     ] GC(12) Using 3 workers
[2026-04-03T02:03:46.601+0600][17.585s][info][gc,phases   ] GC(12) Pause Mark Start 0.011ms
[2026-04-03T02:03:46.711+0600][17.695s][info][gc,phases   ] GC(12) Concurrent Mark 109.702ms
[2026-04-03T02:03:46.711+0600][17.695s][info][gc,phases   ] GC(12) Pause Mark End 0.022ms
[2026-04-03T02:03:46.711+0600][17.695s][info][gc,phases   ] GC(12) Concurrent Mark Free 0.003ms
[2026-04-03T02:03:46.722+0600][17.706s][info][gc,phases   ] GC(12) Concurrent Process Non-Strong References 11.138ms
[2026-04-03T02:03:46.722+0600][17.707s][info][gc,phases   ] GC(12) Concurrent Reset Relocation Set 0.002ms
[2026-04-03T02:03:46.725+0600][17.709s][info][gc,phases   ] GC(12) Concurrent Select Relocation Set 2.368ms
[2026-04-03T02:03:46.725+0600][17.709s][info][gc,phases   ] GC(12) Pause Relocate Start 0.010ms
[2026-04-03T02:03:46.726+0600][17.710s][info][gc,phases   ] GC(12) Concurrent Relocate 1.001ms
[2026-04-03T02:03:46.726+0600][17.710s][info][gc,load     ] GC(12) Load: 3.15/3.65/5.38
[2026-04-03T02:03:46.726+0600][17.710s][info][gc,mmu      ] GC(12) MMU: 2ms/97.4%, 5ms/98.9%, 10ms/99.5%, 20ms/99.7%, 50ms/99.9%, 100ms/99.9%
[2026-04-03T02:03:46.726+0600][17.710s][info][gc,marking  ] GC(12) Mark: 2 stripe(s), 2 proactive flush(es), 1 terminate flush(es), 0 completion(s), 0 continuation(s) 
[2026-04-03T02:03:46.726+0600][17.710s][info][gc,marking  ] GC(12) Mark Stack Usage: 32M
[2026-04-03T02:03:46.726+0600][17.710s][info][gc,nmethod  ] GC(12) NMethods: 4736 registered, 65 unregistered
[2026-04-03T02:03:46.726+0600][17.710s][info][gc,metaspace] GC(12) Metaspace: 64M used, 65M committed, 1088M reserved
[2026-04-03T02:03:46.726+0600][17.710s][info][gc,ref      ] GC(12) Soft: 4782 encountered, 0 discovered, 0 enqueued
[2026-04-03T02:03:46.726+0600][17.710s][info][gc,ref      ] GC(12) Weak: 5884 encountered, 3300 discovered, 216 enqueued
[2026-04-03T02:03:46.726+0600][17.710s][info][gc,ref      ] GC(12) Final: 82 encountered, 2 discovered, 0 enqueued
[2026-04-03T02:03:46.726+0600][17.710s][info][gc,ref      ] GC(12) Phantom: 595 encountered, 254 discovered, 0 enqueued
[2026-04-03T02:03:46.726+0600][17.710s][info][gc,reloc    ] GC(12) Small Pages: 112 / 224M, Empty: 0M, Relocated: 0M, In-Place: 0
[2026-04-03T02:03:46.726+0600][17.710s][info][gc,reloc    ] GC(12) Medium Pages: 2 / 64M, Empty: 32M, Relocated: 0M, In-Place: 0
[2026-04-03T02:03:46.726+0600][17.710s][info][gc,reloc    ] GC(12) Large Pages: 2 / 12M, Empty: 0M, Relocated: 0M, In-Place: 0
[2026-04-03T02:03:46.726+0600][17.710s][info][gc,reloc    ] GC(12) Forwarding Usage: 0M
[2026-04-03T02:03:46.726+0600][17.710s][info][gc,heap     ] GC(12) Min Capacity: 8M(0%)
[2026-04-03T02:03:46.726+0600][17.710s][info][gc,heap     ] GC(12) Max Capacity: 2000M(100%)
[2026-04-03T02:03:46.726+0600][17.710s][info][gc,heap     ] GC(12) Soft Max Capacity: 2000M(100%)
[2026-04-03T02:03:46.726+0600][17.710s][info][gc,heap     ] GC(12)                Mark Start          Mark End        Relocate Start      Relocate End           High               Low         
[2026-04-03T02:03:46.726+0600][17.710s][info][gc,heap     ] GC(12)  Capacity:     1412M (71%)        1412M (71%)        1412M (71%)        1412M (71%)        1412M (71%)        1412M (71%)    
[2026-04-03T02:03:46.726+0600][17.710s][info][gc,heap     ] GC(12)      Free:     1700M (85%)        1694M (85%)        1722M (86%)        1748M (87%)        1748M (87%)        1690M (84%)    
[2026-04-03T02:03:46.726+0600][17.710s][info][gc,heap     ] GC(12)      Used:      300M (15%)         306M (15%)         278M (14%)         252M (13%)         310M (16%)         252M (13%)    
[2026-04-03T02:03:46.726+0600][17.710s][info][gc,heap     ] GC(12)      Live:         -               207M (10%)         207M (10%)         207M (10%)            -                  -          
[2026-04-03T02:03:46.726+0600][17.710s][info][gc,heap     ] GC(12) Allocated:         -                 6M (0%)           10M (0%)            9M (0%)             -                  -          
[2026-04-03T02:03:46.726+0600][17.710s][info][gc,heap     ] GC(12)   Garbage:         -                92M (5%)           60M (3%)           34M (2%)             -                  -          
[2026-04-03T02:03:46.726+0600][17.711s][info][gc,heap     ] GC(12) Reclaimed:         -                  -                32M (2%)           57M (3%)             -                  -          
[2026-04-03T02:03:46.726+0600][17.711s][info][gc          ] GC(12) Garbage Collection (System.gc()) 300M(15%)->252M(13%)
[2026-04-03T02:03:47.323+0600][18.308s][info][gc,start    ] GC(13) Garbage Collection (Allocation Rate)
[2026-04-03T02:03:47.324+0600][18.308s][info][gc,task     ] GC(13) Using 3 workers
[2026-04-03T02:03:47.324+0600][18.308s][info][gc,phases   ] GC(13) Pause Mark Start 0.011ms
[2026-04-03T02:03:47.463+0600][18.447s][info][gc,phases   ] GC(13) Concurrent Mark 138.343ms
[2026-04-03T02:03:47.464+0600][18.448s][info][gc,phases   ] GC(13) Pause Mark End 0.033ms
[2026-04-03T02:03:47.464+0600][18.448s][info][gc,phases   ] GC(13) Concurrent Mark Free 0.003ms
[2026-04-03T02:03:47.470+0600][18.454s][info][gc,phases   ] GC(13) Concurrent Process Non-Strong References 5.894ms
[2026-04-03T02:03:47.470+0600][18.454s][info][gc,phases   ] GC(13) Concurrent Reset Relocation Set 0.005ms
[2026-04-03T02:03:47.474+0600][18.458s][info][gc,phases   ] GC(13) Concurrent Select Relocation Set 4.128ms
[2026-04-03T02:03:47.475+0600][18.459s][info][gc,phases   ] GC(13) Pause Relocate Start 0.013ms
[2026-04-03T02:03:47.476+0600][18.460s][info][gc,phases   ] GC(13) Concurrent Relocate 1.201ms
[2026-04-03T02:03:47.476+0600][18.460s][info][gc,load     ] GC(13) Load: 3.15/3.65/5.38
[2026-04-03T02:03:47.476+0600][18.460s][info][gc,mmu      ] GC(13) MMU: 2ms/97.4%, 5ms/98.9%, 10ms/99.5%, 20ms/99.7%, 50ms/99.9%, 100ms/99.9%
[2026-04-03T02:03:47.476+0600][18.460s][info][gc,marking  ] GC(13) Mark: 2 stripe(s), 2 proactive flush(es), 1 terminate flush(es), 0 completion(s), 0 continuation(s) 
[2026-04-03T02:03:47.476+0600][18.460s][info][gc,marking  ] GC(13) Mark Stack Usage: 32M
[2026-04-03T02:03:47.476+0600][18.460s][info][gc,nmethod  ] GC(13) NMethods: 4868 registered, 108 unregistered
[2026-04-03T02:03:47.476+0600][18.460s][info][gc,metaspace] GC(13) Metaspace: 64M used, 65M committed, 1088M reserved
[2026-04-03T02:03:47.476+0600][18.460s][info][gc,ref      ] GC(13) Soft: 4785 encountered, 0 discovered, 0 enqueued
[2026-04-03T02:03:47.476+0600][18.460s][info][gc,ref      ] GC(13) Weak: 5913 encountered, 434 discovered, 109 enqueued
[2026-04-03T02:03:47.476+0600][18.460s][info][gc,ref      ] GC(13) Final: 82 encountered, 0 discovered, 0 enqueued
[2026-04-03T02:03:47.476+0600][18.460s][info][gc,ref      ] GC(13) Phantom: 595 encountered, 392 discovered, 0 enqueued
[2026-04-03T02:03:47.476+0600][18.460s][info][gc,reloc    ] GC(13) Small Pages: 663 / 1326M, Empty: 1080M, Relocated: 1M, In-Place: 0
[2026-04-03T02:03:47.476+0600][18.460s][info][gc,reloc    ] GC(13) Medium Pages: 2 / 64M, Empty: 32M, Relocated: 0M, In-Place: 0
[2026-04-03T02:03:47.476+0600][18.460s][info][gc,reloc    ] GC(13) Large Pages: 4 / 24M, Empty: 12M, Relocated: 0M, In-Place: 0
[2026-04-03T02:03:47.476+0600][18.460s][info][gc,reloc    ] GC(13) Forwarding Usage: 0M
[2026-04-03T02:03:47.476+0600][18.460s][info][gc,heap     ] GC(13) Min Capacity: 8M(0%)
[2026-04-03T02:03:47.476+0600][18.460s][info][gc,heap     ] GC(13) Max Capacity: 2000M(100%)
[2026-04-03T02:03:47.476+0600][18.460s][info][gc,heap     ] GC(13) Soft Max Capacity: 2000M(100%)
[2026-04-03T02:03:47.476+0600][18.460s][info][gc,heap     ] GC(13)                Mark Start          Mark End        Relocate Start      Relocate End           High               Low         
[2026-04-03T02:03:47.476+0600][18.460s][info][gc,heap     ] GC(13)  Capacity:     1414M (71%)        1552M (78%)        1556M (78%)        1556M (78%)        1556M (78%)        1414M (71%)    
[2026-04-03T02:03:47.476+0600][18.460s][info][gc,heap     ] GC(13)      Free:      586M (29%)         448M (22%)        1552M (78%)        1600M (80%)        1600M (80%)         444M (22%)    
[2026-04-03T02:03:47.476+0600][18.460s][info][gc,heap     ] GC(13)      Used:     1414M (71%)        1552M (78%)         448M (22%)         400M (20%)        1556M (78%)         400M (20%)    
[2026-04-03T02:03:47.476+0600][18.461s][info][gc,heap     ] GC(13)      Live:         -               208M (10%)         208M (10%)         208M (10%)            -                  -          
[2026-04-03T02:03:47.476+0600][18.461s][info][gc,heap     ] GC(13) Allocated:         -               138M (7%)          158M (8%)          157M (8%)             -                  -          
[2026-04-03T02:03:47.476+0600][18.461s][info][gc,heap     ] GC(13)   Garbage:         -              1205M (60%)          81M (4%)           33M (2%)             -                  -          
[2026-04-03T02:03:47.476+0600][18.461s][info][gc,heap     ] GC(13) Reclaimed:         -                  -              1124M (56%)        1171M (59%)            -                  -          
[2026-04-03T02:03:47.476+0600][18.461s][info][gc          ] GC(13) Garbage Collection (Allocation Rate) 1414M(71%)->400M(20%)
[2026-04-03T02:03:47.559+0600][18.543s][info][gc,start    ] GC(14) Garbage Collection (System.gc())
[2026-04-03T02:03:47.559+0600][18.543s][info][gc,task     ] GC(14) Using 3 workers
[2026-04-03T02:03:47.559+0600][18.543s][info][gc,phases   ] GC(14) Pause Mark Start 0.011ms
[2026-04-03T02:03:47.676+0600][18.660s][info][gc,phases   ] GC(14) Concurrent Mark 116.083ms
[2026-04-03T02:03:47.676+0600][18.660s][info][gc,phases   ] GC(14) Pause Mark End 0.023ms
[2026-04-03T02:03:47.676+0600][18.660s][info][gc,phases   ] GC(14) Concurrent Mark Free 0.003ms
[2026-04-03T02:03:47.681+0600][18.665s][info][gc,phases   ] GC(14) Concurrent Process Non-Strong References 4.422ms
[2026-04-03T02:03:47.681+0600][18.665s][info][gc,phases   ] GC(14) Concurrent Reset Relocation Set 0.003ms
[2026-04-03T02:03:47.683+0600][18.667s][info][gc,phases   ] GC(14) Concurrent Select Relocation Set 2.312ms
[2026-04-03T02:03:47.683+0600][18.667s][info][gc,phases   ] GC(14) Pause Relocate Start 0.011ms
[2026-04-03T02:03:47.684+0600][18.669s][info][gc,phases   ] GC(14) Concurrent Relocate 1.175ms
[2026-04-03T02:03:47.685+0600][18.669s][info][gc,load     ] GC(14) Load: 3.15/3.65/5.38
[2026-04-03T02:03:47.685+0600][18.669s][info][gc,mmu      ] GC(14) MMU: 2ms/97.4%, 5ms/98.9%, 10ms/99.5%, 20ms/99.7%, 50ms/99.9%, 100ms/99.9%
[2026-04-03T02:03:47.685+0600][18.669s][info][gc,marking  ] GC(14) Mark: 2 stripe(s), 2 proactive flush(es), 1 terminate flush(es), 0 completion(s), 0 continuation(s) 
[2026-04-03T02:03:47.685+0600][18.669s][info][gc,marking  ] GC(14) Mark Stack Usage: 32M
[2026-04-03T02:03:47.685+0600][18.669s][info][gc,nmethod  ] GC(14) NMethods: 4972 registered, 121 unregistered
[2026-04-03T02:03:47.685+0600][18.669s][info][gc,metaspace] GC(14) Metaspace: 64M used, 65M committed, 1088M reserved
[2026-04-03T02:03:47.685+0600][18.669s][info][gc,ref      ] GC(14) Soft: 4783 encountered, 0 discovered, 0 enqueued
[2026-04-03T02:03:47.685+0600][18.669s][info][gc,ref      ] GC(14) Weak: 5886 encountered, 298 discovered, 169 enqueued
[2026-04-03T02:03:47.685+0600][18.669s][info][gc,ref      ] GC(14) Final: 82 encountered, 0 discovered, 0 enqueued
[2026-04-03T02:03:47.685+0600][18.669s][info][gc,ref      ] GC(14) Phantom: 595 encountered, 416 discovered, 0 enqueued
[2026-04-03T02:03:47.685+0600][18.669s][info][gc,reloc    ] GC(14) Small Pages: 231 / 462M, Empty: 234M, Relocated: 1M, In-Place: 0
[2026-04-03T02:03:47.685+0600][18.669s][info][gc,reloc    ] GC(14) Medium Pages: 2 / 64M, Empty: 32M, Relocated: 0M, In-Place: 0
[2026-04-03T02:03:47.685+0600][18.669s][info][gc,reloc    ] GC(14) Large Pages: 3 / 18M, Empty: 6M, Relocated: 0M, In-Place: 0
[2026-04-03T02:03:47.685+0600][18.669s][info][gc,reloc    ] GC(14) Forwarding Usage: 0M
[2026-04-03T02:03:47.685+0600][18.669s][info][gc,heap     ] GC(14) Min Capacity: 8M(0%)
[2026-04-03T02:03:47.685+0600][18.669s][info][gc,heap     ] GC(14) Max Capacity: 2000M(100%)
[2026-04-03T02:03:47.685+0600][18.669s][info][gc,heap     ] GC(14) Soft Max Capacity: 2000M(100%)
[2026-04-03T02:03:47.685+0600][18.669s][info][gc,heap     ] GC(14)                Mark Start          Mark End        Relocate Start      Relocate End           High               Low         
[2026-04-03T02:03:47.685+0600][18.669s][info][gc,heap     ] GC(14)  Capacity:     1556M (78%)        1556M (78%)        1556M (78%)        1556M (78%)        1556M (78%)        1556M (78%)    
[2026-04-03T02:03:47.685+0600][18.669s][info][gc,heap     ] GC(14)      Free:     1456M (73%)        1454M (73%)        1720M (86%)        1748M (87%)        1748M (87%)        1454M (73%)    
[2026-04-03T02:03:47.685+0600][18.669s][info][gc,heap     ] GC(14)      Used:      544M (27%)         546M (27%)         280M (14%)         252M (13%)         546M (27%)         252M (13%)    
[2026-04-03T02:03:47.685+0600][18.669s][info][gc,heap     ] GC(14)      Live:         -               207M (10%)         207M (10%)         207M (10%)            -                  -          
[2026-04-03T02:03:47.685+0600][18.669s][info][gc,heap     ] GC(14) Allocated:         -                 2M (0%)            8M (0%)            9M (0%)             -                  -          
[2026-04-03T02:03:47.685+0600][18.669s][info][gc,heap     ] GC(14)   Garbage:         -               336M (17%)          64M (3%)           34M (2%)             -                  -          
[2026-04-03T02:03:47.685+0600][18.669s][info][gc,heap     ] GC(14) Reclaimed:         -                  -               272M (14%)         301M (15%)            -                  -          
[2026-04-03T02:03:47.685+0600][18.669s][info][gc          ] GC(14) Garbage Collection (System.gc()) 544M(27%)->252M(13%)
[2026-04-03T02:03:48.123+0600][19.107s][info][gc,start    ] GC(15) Garbage Collection (Allocation Rate)
[2026-04-03T02:03:48.123+0600][19.108s][info][gc,task     ] GC(15) Using 2 workers
[2026-04-03T02:03:48.124+0600][19.108s][info][gc,phases   ] GC(15) Pause Mark Start 0.010ms
[2026-04-03T02:03:48.288+0600][19.272s][info][gc,phases   ] GC(15) Concurrent Mark 164.076ms
[2026-04-03T02:03:48.289+0600][19.273s][info][gc,phases   ] GC(15) Pause Mark End 0.053ms
[2026-04-03T02:03:48.289+0600][19.273s][info][gc,phases   ] GC(15) Concurrent Mark Free 0.001ms
[2026-04-03T02:03:48.296+0600][19.280s][info][gc,phases   ] GC(15) Concurrent Process Non-Strong References 6.683ms
[2026-04-03T02:03:48.296+0600][19.280s][info][gc,phases   ] GC(15) Concurrent Reset Relocation Set 0.003ms
[2026-04-03T02:03:48.299+0600][19.283s][info][gc,phases   ] GC(15) Concurrent Select Relocation Set 3.306ms
[2026-04-03T02:03:48.299+0600][19.283s][info][gc,phases   ] GC(15) Pause Relocate Start 0.043ms
[2026-04-03T02:03:48.301+0600][19.285s][info][gc,phases   ] GC(15) Concurrent Relocate 1.580ms
[2026-04-03T02:03:48.301+0600][19.285s][info][gc,load     ] GC(15) Load: 3.15/3.65/5.38
[2026-04-03T02:03:48.301+0600][19.285s][info][gc,mmu      ] GC(15) MMU: 2ms/97.3%, 5ms/98.9%, 10ms/99.5%, 20ms/99.5%, 50ms/99.8%, 100ms/99.9%
[2026-04-03T02:03:48.301+0600][19.285s][info][gc,marking  ] GC(15) Mark: 2 stripe(s), 2 proactive flush(es), 1 terminate flush(es), 0 completion(s), 0 continuation(s) 
[2026-04-03T02:03:48.301+0600][19.285s][info][gc,marking  ] GC(15) Mark Stack Usage: 32M
[2026-04-03T02:03:48.301+0600][19.285s][info][gc,nmethod  ] GC(15) NMethods: 5085 registered, 140 unregistered
[2026-04-03T02:03:48.301+0600][19.285s][info][gc,metaspace] GC(15) Metaspace: 64M used, 65M committed, 1088M reserved
[2026-04-03T02:03:48.301+0600][19.285s][info][gc,ref      ] GC(15) Soft: 4785 encountered, 0 discovered, 0 enqueued
[2026-04-03T02:03:48.301+0600][19.285s][info][gc,ref      ] GC(15) Weak: 5968 encountered, 802 discovered, 101 enqueued
[2026-04-03T02:03:48.301+0600][19.285s][info][gc,ref      ] GC(15) Final: 82 encountered, 0 discovered, 0 enqueued
[2026-04-03T02:03:48.301+0600][19.285s][info][gc,ref      ] GC(15) Phantom: 595 encountered, 292 discovered, 0 enqueued
[2026-04-03T02:03:48.301+0600][19.285s][info][gc,reloc    ] GC(15) Small Pages: 527 / 1054M, Empty: 810M, Relocated: 1M, In-Place: 0
[2026-04-03T02:03:48.301+0600][19.285s][info][gc,reloc    ] GC(15) Medium Pages: 2 / 64M, Empty: 32M, Relocated: 0M, In-Place: 0
[2026-04-03T02:03:48.301+0600][19.285s][info][gc,reloc    ] GC(15) Large Pages: 4 / 24M, Empty: 12M, Relocated: 0M, In-Place: 0
[2026-04-03T02:03:48.301+0600][19.285s][info][gc,reloc    ] GC(15) Forwarding Usage: 0M
[2026-04-03T02:03:48.301+0600][19.285s][info][gc,heap     ] GC(15) Min Capacity: 8M(0%)
[2026-04-03T02:03:48.301+0600][19.285s][info][gc,heap     ] GC(15) Max Capacity: 2000M(100%)
[2026-04-03T02:03:48.301+0600][19.285s][info][gc,heap     ] GC(15) Soft Max Capacity: 2000M(100%)
[2026-04-03T02:03:48.301+0600][19.285s][info][gc,heap     ] GC(15)                Mark Start          Mark End        Relocate Start      Relocate End           High               Low         
[2026-04-03T02:03:48.301+0600][19.285s][info][gc,heap     ] GC(15)  Capacity:     1556M (78%)        1556M (78%)        1556M (78%)        1556M (78%)        1556M (78%)        1556M (78%)    
[2026-04-03T02:03:48.301+0600][19.285s][info][gc,heap     ] GC(15)      Free:      858M (43%)         486M (24%)        1312M (66%)        1356M (68%)        1356M (68%)         468M (23%)    
[2026-04-03T02:03:48.301+0600][19.285s][info][gc,heap     ] GC(15)      Used:     1142M (57%)        1514M (76%)         688M (34%)         644M (32%)        1532M (77%)         644M (32%)    
[2026-04-03T02:03:48.301+0600][19.285s][info][gc,heap     ] GC(15)      Live:         -               208M (10%)         208M (10%)         208M (10%)            -                  -          
[2026-04-03T02:03:48.301+0600][19.285s][info][gc,heap     ] GC(15) Allocated:         -               372M (19%)         400M (20%)         403M (20%)            -                  -          
[2026-04-03T02:03:48.301+0600][19.285s][info][gc,heap     ] GC(15)   Garbage:         -               933M (47%)          79M (4%)           31M (2%)             -                  -          
[2026-04-03T02:03:48.301+0600][19.285s][info][gc,heap     ] GC(15) Reclaimed:         -                  -               854M (43%)         901M (45%)            -                  -          
[2026-04-03T02:03:48.301+0600][19.285s][info][gc          ] GC(15) Garbage Collection (Allocation Rate) 1142M(57%)->644M(32%)
[2026-04-03T02:03:49.051+0600][20.035s][info][gc,heap,exit] Heap
[2026-04-03T02:03:49.051+0600][20.035s][info][gc,heap,exit]  ZHeap           used 842M, capacity 1556M, max capacity 2000M
[2026-04-03T02:03:49.051+0600][20.035s][info][gc,heap,exit]  Metaspace       used 67087K, committed 67968K, reserved 1114112K
[2026-04-03T02:03:49.051+0600][20.035s][info][gc,heap,exit]   class space    used 8577K, committed 8960K, reserved 1048576K
