[2026-04-03T01:54:45.081+0600][0.005s][info][gc,init] Initializing The Z Garbage Collector
[2026-04-03T01:54:45.081+0600][0.005s][info][gc,init] Version: 21.0.10+7-Ubuntu-124.04 (release)
[2026-04-03T01:54:45.081+0600][0.005s][info][gc,init] Using legacy single-generation mode
[2026-04-03T01:54:45.081+0600][0.005s][info][gc,init] NUMA Support: Disabled
[2026-04-03T01:54:45.081+0600][0.005s][info][gc,init] CPUs: 12 total, 12 available
[2026-04-03T01:54:45.081+0600][0.005s][info][gc,init] Memory: 15683M
[2026-04-03T01:54:45.081+0600][0.005s][info][gc,init] Large Page Support: Disabled
[2026-04-03T01:54:45.081+0600][0.005s][info][gc,init] GC Workers: 3 (dynamic)
[2026-04-03T01:54:45.082+0600][0.006s][info][gc,init] Address Space Type: Contiguous/Unrestricted/Complete
[2026-04-03T01:54:45.082+0600][0.006s][info][gc,init] Address Space Size: 8000M x 3 = 24000M
[2026-04-03T01:54:45.082+0600][0.006s][info][gc,init] Heap Backing File: /memfd:java_heap
[2026-04-03T01:54:45.082+0600][0.006s][info][gc,init] Heap Backing Filesystem: tmpfs (0x1021994)
[2026-04-03T01:54:45.083+0600][0.006s][info][gc,init] Min Capacity: 8M
[2026-04-03T01:54:45.083+0600][0.006s][info][gc,init] Initial Capacity: 246M
[2026-04-03T01:54:45.083+0600][0.006s][info][gc,init] Max Capacity: 500M
[2026-04-03T01:54:45.083+0600][0.006s][info][gc,init] Medium Page Size: 8M
[2026-04-03T01:54:45.083+0600][0.006s][info][gc,init] Pre-touch: Disabled
[2026-04-03T01:54:45.083+0600][0.006s][info][gc,init] Available space on backing filesystem: N/A
[2026-04-03T01:54:45.084+0600][0.007s][info][gc,init] Uncommit: Enabled
[2026-04-03T01:54:45.084+0600][0.007s][info][gc,init] Uncommit Delay: 300s
[2026-04-03T01:54:45.176+0600][0.100s][info][gc,init] Runtime Workers: 5
[2026-04-03T01:54:45.177+0600][0.100s][info][gc     ] Using The Z Garbage Collector
[2026-04-03T01:54:45.192+0600][0.115s][info][gc,metaspace] CDS archive(s) mapped at: [0x000077f6cf000000-0x000077f6cfc9c000-0x000077f6cfc9c000), size 13221888, SharedBaseAddress: 0x000077f6cf000000, ArchiveRelocationMode: 1.
[2026-04-03T01:54:45.192+0600][0.115s][info][gc,metaspace] Compressed class space mapped at: 0x000077f6d0000000-0x000077f710000000, reserved size: 1073741824
[2026-04-03T01:54:45.192+0600][0.115s][info][gc,metaspace] Narrow klass base: 0x000077f6cf000000, Narrow klass shift: 0, Narrow klass range: 0x100000000
[2026-04-03T01:54:45.808+0600][0.732s][info][gc,start    ] GC(0) Garbage Collection (Warmup)
[2026-04-03T01:54:45.809+0600][0.732s][info][gc,task     ] GC(0) Using 3 workers
[2026-04-03T01:54:45.809+0600][0.732s][info][gc,phases   ] GC(0) Pause Mark Start 0.010ms
[2026-04-03T01:54:45.814+0600][0.737s][info][gc,phases   ] GC(0) Concurrent Mark 4.716ms
[2026-04-03T01:54:45.814+0600][0.737s][info][gc,phases   ] GC(0) Pause Mark End 0.014ms
[2026-04-03T01:54:45.814+0600][0.737s][info][gc,phases   ] GC(0) Concurrent Mark Free 0.001ms
[2026-04-03T01:54:45.815+0600][0.739s][info][gc,phases   ] GC(0) Concurrent Process Non-Strong References 1.411ms
[2026-04-03T01:54:45.816+0600][0.739s][info][gc,phases   ] GC(0) Concurrent Reset Relocation Set 0.001ms
[2026-04-03T01:54:45.824+0600][0.748s][info][gc,phases   ] GC(0) Concurrent Select Relocation Set 8.725ms
[2026-04-03T01:54:45.824+0600][0.748s][info][gc,phases   ] GC(0) Pause Relocate Start 0.009ms
[2026-04-03T01:54:45.826+0600][0.750s][info][gc,phases   ] GC(0) Concurrent Relocate 1.820ms
[2026-04-03T01:54:45.826+0600][0.750s][info][gc,load     ] GC(0) Load: 7.43/7.78/7.47
[2026-04-03T01:54:45.826+0600][0.750s][info][gc,mmu      ] GC(0) MMU: 2ms/99.3%, 5ms/99.7%, 10ms/99.8%, 20ms/99.8%, 50ms/99.9%, 100ms/100.0%
[2026-04-03T01:54:45.826+0600][0.750s][info][gc,marking  ] GC(0) Mark: 2 stripe(s), 2 proactive flush(es), 1 terminate flush(es), 0 completion(s), 0 continuation(s) 
[2026-04-03T01:54:45.826+0600][0.750s][info][gc,marking  ] GC(0) Mark Stack Usage: 32M
[2026-04-03T01:54:45.826+0600][0.750s][info][gc,nmethod  ] GC(0) NMethods: 635 registered, 69 unregistered
[2026-04-03T01:54:45.826+0600][0.750s][info][gc,metaspace] GC(0) Metaspace: 3M used, 3M committed, 1088M reserved
[2026-04-03T01:54:45.826+0600][0.750s][info][gc,ref      ] GC(0) Soft: 134 encountered, 0 discovered, 0 enqueued
[2026-04-03T01:54:45.826+0600][0.750s][info][gc,ref      ] GC(0) Weak: 404 encountered, 255 discovered, 98 enqueued
[2026-04-03T01:54:45.826+0600][0.750s][info][gc,ref      ] GC(0) Final: 0 encountered, 0 discovered, 0 enqueued
[2026-04-03T01:54:45.827+0600][0.750s][info][gc,ref      ] GC(0) Phantom: 25 encountered, 21 discovered, 0 enqueued
[2026-04-03T01:54:45.827+0600][0.750s][info][gc,reloc    ] GC(0) Small Pages: 36 / 72M, Empty: 0M, Relocated: 2M, In-Place: 0
[2026-04-03T01:54:45.827+0600][0.750s][info][gc,reloc    ] GC(0) Medium Pages: 0 / 0M, Empty: 0M, Relocated: 0M, In-Place: 0
[2026-04-03T01:54:45.827+0600][0.750s][info][gc,reloc    ] GC(0) Large Pages: 0 / 0M, Empty: 0M, Relocated: 0M, In-Place: 0
[2026-04-03T01:54:45.827+0600][0.750s][info][gc,reloc    ] GC(0) Forwarding Usage: 0M
[2026-04-03T01:54:45.827+0600][0.750s][info][gc,heap     ] GC(0) Min Capacity: 8M(2%)
[2026-04-03T01:54:45.827+0600][0.750s][info][gc,heap     ] GC(0) Max Capacity: 500M(100%)
[2026-04-03T01:54:45.827+0600][0.750s][info][gc,heap     ] GC(0) Soft Max Capacity: 500M(100%)
[2026-04-03T01:54:45.827+0600][0.750s][info][gc,heap     ] GC(0)                Mark Start          Mark End        Relocate Start      Relocate End           High               Low         
[2026-04-03T01:54:45.827+0600][0.750s][info][gc,heap     ] GC(0)  Capacity:      246M (49%)         246M (49%)         246M (49%)         246M (49%)         246M (49%)         246M (49%)    
[2026-04-03T01:54:45.827+0600][0.750s][info][gc,heap     ] GC(0)      Free:      428M (86%)         426M (85%)         422M (84%)         484M (97%)         484M (97%)         418M (84%)    
[2026-04-03T01:54:45.827+0600][0.750s][info][gc,heap     ] GC(0)      Used:       72M (14%)          74M (15%)          78M (16%)          16M (3%)           82M (16%)          16M (3%)     
[2026-04-03T01:54:45.827+0600][0.750s][info][gc,heap     ] GC(0)      Live:         -                 3M (1%)            3M (1%)            3M (1%)             -                  -          
[2026-04-03T01:54:45.827+0600][0.750s][info][gc,heap     ] GC(0) Allocated:         -                 2M (0%)            6M (1%)            7M (2%)             -                  -          
[2026-04-03T01:54:45.827+0600][0.750s][info][gc,heap     ] GC(0)   Garbage:         -                68M (14%)          68M (14%)           4M (1%)             -                  -          
[2026-04-03T01:54:45.827+0600][0.750s][info][gc,heap     ] GC(0) Reclaimed:         -                  -                 0M (0%)           63M (13%)            -                  -          
[2026-04-03T01:54:45.827+0600][0.750s][info][gc          ] GC(0) Garbage Collection (Warmup) 72M(14%)->16M(3%)
[2026-04-03T01:54:46.108+0600][1.031s][info][gc,start    ] GC(1) Garbage Collection (Warmup)
[2026-04-03T01:54:46.108+0600][1.031s][info][gc,task     ] GC(1) Using 3 workers
[2026-04-03T01:54:46.108+0600][1.032s][info][gc,phases   ] GC(1) Pause Mark Start 0.012ms
[2026-04-03T01:54:46.115+0600][1.039s][info][gc,phases   ] GC(1) Concurrent Mark 6.964ms
[2026-04-03T01:54:46.118+0600][1.041s][info][gc,phases   ] GC(1) Pause Mark End 0.024ms
[2026-04-03T01:54:46.118+0600][1.041s][info][gc,phases   ] GC(1) Concurrent Mark Free 0.005ms
[2026-04-03T01:54:46.119+0600][1.043s][info][gc,phases   ] GC(1) Concurrent Process Non-Strong References 1.582ms
[2026-04-03T01:54:46.120+0600][1.043s][info][gc,phases   ] GC(1) Concurrent Reset Relocation Set 0.007ms
[2026-04-03T01:54:46.124+0600][1.047s][info][gc,phases   ] GC(1) Concurrent Select Relocation Set 4.463ms
[2026-04-03T01:54:46.124+0600][1.048s][info][gc,phases   ] GC(1) Pause Relocate Start 0.013ms
[2026-04-03T01:54:46.127+0600][1.051s][info][gc,phases   ] GC(1) Concurrent Relocate 3.160ms
[2026-04-03T01:54:46.128+0600][1.051s][info][gc,load     ] GC(1) Load: 7.43/7.78/7.47
[2026-04-03T01:54:46.128+0600][1.051s][info][gc,mmu      ] GC(1) MMU: 2ms/98.8%, 5ms/99.5%, 10ms/99.6%, 20ms/99.8%, 50ms/99.9%, 100ms/100.0%
[2026-04-03T01:54:46.128+0600][1.051s][info][gc,marking  ] GC(1) Mark: 2 stripe(s), 2 proactive flush(es), 1 terminate flush(es), 0 completion(s), 0 continuation(s) 
[2026-04-03T01:54:46.128+0600][1.051s][info][gc,marking  ] GC(1) Mark Stack Usage: 32M
[2026-04-03T01:54:46.128+0600][1.051s][info][gc,nmethod  ] GC(1) NMethods: 917 registered, 18 unregistered
[2026-04-03T01:54:46.128+0600][1.051s][info][gc,metaspace] GC(1) Metaspace: 6M used, 6M committed, 1088M reserved
[2026-04-03T01:54:46.128+0600][1.051s][info][gc,ref      ] GC(1) Soft: 186 encountered, 0 discovered, 0 enqueued
[2026-04-03T01:54:46.128+0600][1.051s][info][gc,ref      ] GC(1) Weak: 528 encountered, 311 discovered, 71 enqueued
[2026-04-03T01:54:46.128+0600][1.051s][info][gc,ref      ] GC(1) Final: 0 encountered, 0 discovered, 0 enqueued
[2026-04-03T01:54:46.128+0600][1.051s][info][gc,ref      ] GC(1) Phantom: 25 encountered, 22 discovered, 0 enqueued
[2026-04-03T01:54:46.128+0600][1.051s][info][gc,reloc    ] GC(1) Small Pages: 59 / 118M, Empty: 0M, Relocated: 3M, In-Place: 0
[2026-04-03T01:54:46.128+0600][1.051s][info][gc,reloc    ] GC(1) Medium Pages: 0 / 0M, Empty: 0M, Relocated: 0M, In-Place: 0
[2026-04-03T01:54:46.128+0600][1.051s][info][gc,reloc    ] GC(1) Large Pages: 0 / 0M, Empty: 0M, Relocated: 0M, In-Place: 0
[2026-04-03T01:54:46.128+0600][1.051s][info][gc,reloc    ] GC(1) Forwarding Usage: 1M
[2026-04-03T01:54:46.128+0600][1.051s][info][gc,heap     ] GC(1) Min Capacity: 8M(2%)
[2026-04-03T01:54:46.128+0600][1.051s][info][gc,heap     ] GC(1) Max Capacity: 500M(100%)
[2026-04-03T01:54:46.128+0600][1.051s][info][gc,heap     ] GC(1) Soft Max Capacity: 500M(100%)
[2026-04-03T01:54:46.128+0600][1.051s][info][gc,heap     ] GC(1)                Mark Start          Mark End        Relocate Start      Relocate End           High               Low         
[2026-04-03T01:54:46.128+0600][1.051s][info][gc,heap     ] GC(1)  Capacity:      246M (49%)         246M (49%)         246M (49%)         246M (49%)         246M (49%)         246M (49%)    
[2026-04-03T01:54:46.128+0600][1.051s][info][gc,heap     ] GC(1)      Free:      382M (76%)         380M (76%)         378M (76%)         488M (98%)         488M (98%)         372M (74%)    
[2026-04-03T01:54:46.128+0600][1.051s][info][gc,heap     ] GC(1)      Used:      118M (24%)         120M (24%)         122M (24%)          12M (2%)          128M (26%)          12M (2%)     
[2026-04-03T01:54:46.128+0600][1.051s][info][gc,heap     ] GC(1)      Live:         -                 4M (1%)            4M (1%)            4M (1%)             -                  -          
[2026-04-03T01:54:46.128+0600][1.051s][info][gc,heap     ] GC(1) Allocated:         -                 2M (0%)            4M (1%)            3M (1%)             -                  -          
[2026-04-03T01:54:46.128+0600][1.051s][info][gc,heap     ] GC(1)   Garbage:         -               113M (23%)         113M (23%)           3M (1%)             -                  -          
[2026-04-03T01:54:46.128+0600][1.051s][info][gc,heap     ] GC(1) Reclaimed:         -                  -                 0M (0%)          109M (22%)            -                  -          
[2026-04-03T01:54:46.128+0600][1.051s][info][gc          ] GC(1) Garbage Collection (Warmup) 118M(24%)->12M(2%)
[2026-04-03T01:54:46.609+0600][1.532s][info][gc,start    ] GC(2) Garbage Collection (Warmup)
[2026-04-03T01:54:46.609+0600][1.532s][info][gc,task     ] GC(2) Using 3 workers
[2026-04-03T01:54:46.609+0600][1.532s][info][gc,phases   ] GC(2) Pause Mark Start 0.009ms
[2026-04-03T01:54:46.616+0600][1.540s][info][gc,phases   ] GC(2) Concurrent Mark 7.250ms
[2026-04-03T01:54:46.617+0600][1.540s][info][gc,phases   ] GC(2) Pause Mark End 0.016ms
[2026-04-03T01:54:46.617+0600][1.541s][info][gc,phases   ] GC(2) Concurrent Mark Free 0.002ms
[2026-04-03T01:54:46.619+0600][1.542s][info][gc,phases   ] GC(2) Concurrent Process Non-Strong References 1.539ms
[2026-04-03T01:54:46.619+0600][1.542s][info][gc,phases   ] GC(2) Concurrent Reset Relocation Set 0.007ms
[2026-04-03T01:54:46.622+0600][1.545s][info][gc,phases   ] GC(2) Concurrent Select Relocation Set 2.793ms
[2026-04-03T01:54:46.622+0600][1.545s][info][gc,phases   ] GC(2) Pause Relocate Start 0.009ms
[2026-04-03T01:54:46.625+0600][1.549s][info][gc,phases   ] GC(2) Concurrent Relocate 3.435ms
[2026-04-03T01:54:46.626+0600][1.549s][info][gc,load     ] GC(2) Load: 7.43/7.78/7.47
[2026-04-03T01:54:46.626+0600][1.549s][info][gc,mmu      ] GC(2) MMU: 2ms/98.8%, 5ms/99.5%, 10ms/99.6%, 20ms/99.8%, 50ms/99.9%, 100ms/100.0%
[2026-04-03T01:54:46.626+0600][1.549s][info][gc,marking  ] GC(2) Mark: 2 stripe(s), 2 proactive flush(es), 1 terminate flush(es), 0 completion(s), 0 continuation(s) 
[2026-04-03T01:54:46.626+0600][1.549s][info][gc,marking  ] GC(2) Mark Stack Usage: 32M
[2026-04-03T01:54:46.626+0600][1.549s][info][gc,nmethod  ] GC(2) NMethods: 1091 registered, 58 unregistered
[2026-04-03T01:54:46.626+0600][1.549s][info][gc,metaspace] GC(2) Metaspace: 11M used, 11M committed, 1088M reserved
[2026-04-03T01:54:46.626+0600][1.549s][info][gc,ref      ] GC(2) Soft: 211 encountered, 0 discovered, 0 enqueued
[2026-04-03T01:54:46.626+0600][1.549s][info][gc,ref      ] GC(2) Weak: 766 encountered, 390 discovered, 117 enqueued
[2026-04-03T01:54:46.626+0600][1.549s][info][gc,ref      ] GC(2) Final: 0 encountered, 0 discovered, 0 enqueued
[2026-04-03T01:54:46.626+0600][1.549s][info][gc,ref      ] GC(2) Phantom: 28 encountered, 22 discovered, 0 enqueued
[2026-04-03T01:54:46.626+0600][1.549s][info][gc,reloc    ] GC(2) Small Pages: 94 / 188M, Empty: 0M, Relocated: 4M, In-Place: 0
[2026-04-03T01:54:46.626+0600][1.549s][info][gc,reloc    ] GC(2) Medium Pages: 0 / 0M, Empty: 0M, Relocated: 0M, In-Place: 0
[2026-04-03T01:54:46.626+0600][1.549s][info][gc,reloc    ] GC(2) Large Pages: 0 / 0M, Empty: 0M, Relocated: 0M, In-Place: 0
[2026-04-03T01:54:46.626+0600][1.549s][info][gc,reloc    ] GC(2) Forwarding Usage: 1M
[2026-04-03T01:54:46.626+0600][1.549s][info][gc,heap     ] GC(2) Min Capacity: 8M(2%)
[2026-04-03T01:54:46.626+0600][1.549s][info][gc,heap     ] GC(2) Max Capacity: 500M(100%)
[2026-04-03T01:54:46.626+0600][1.549s][info][gc,heap     ] GC(2) Soft Max Capacity: 500M(100%)
[2026-04-03T01:54:46.626+0600][1.549s][info][gc,heap     ] GC(2)                Mark Start          Mark End        Relocate Start      Relocate End           High               Low         
[2026-04-03T01:54:46.626+0600][1.549s][info][gc,heap     ] GC(2)  Capacity:      246M (49%)         246M (49%)         246M (49%)         246M (49%)         246M (49%)         246M (49%)    
[2026-04-03T01:54:46.626+0600][1.549s][info][gc,heap     ] GC(2)      Free:      312M (62%)         308M (62%)         308M (62%)         488M (98%)         488M (98%)         300M (60%)    
[2026-04-03T01:54:46.626+0600][1.549s][info][gc,heap     ] GC(2)      Used:      188M (38%)         192M (38%)         192M (38%)          12M (2%)          200M (40%)          12M (2%)     
[2026-04-03T01:54:46.626+0600][1.549s][info][gc,heap     ] GC(2)      Live:         -                 4M (1%)            4M (1%)            4M (1%)             -                  -          
[2026-04-03T01:54:46.626+0600][1.549s][info][gc,heap     ] GC(2) Allocated:         -                 4M (1%)            4M (1%)            5M (1%)             -                  -          
[2026-04-03T01:54:46.626+0600][1.549s][info][gc,heap     ] GC(2)   Garbage:         -               183M (37%)         183M (37%)           1M (0%)             -                  -          
[2026-04-03T01:54:46.626+0600][1.549s][info][gc,heap     ] GC(2) Reclaimed:         -                  -                 0M (0%)          181M (36%)            -                  -          
[2026-04-03T01:54:46.626+0600][1.549s][info][gc          ] GC(2) Garbage Collection (Warmup) 188M(38%)->12M(2%)
[2026-04-03T01:54:48.608+0600][3.531s][info][gc,start    ] GC(3) Garbage Collection (Proactive)
[2026-04-03T01:54:48.608+0600][3.531s][info][gc,task     ] GC(3) Using 3 workers
[2026-04-03T01:54:48.608+0600][3.532s][info][gc,phases   ] GC(3) Pause Mark Start 0.008ms
[2026-04-03T01:54:48.618+0600][3.541s][info][gc,phases   ] GC(3) Concurrent Mark 9.682ms
[2026-04-03T01:54:48.618+0600][3.541s][info][gc,phases   ] GC(3) Pause Mark End 0.017ms
[2026-04-03T01:54:48.618+0600][3.542s][info][gc,phases   ] GC(3) Concurrent Mark Free 0.001ms
[2026-04-03T01:54:48.620+0600][3.544s][info][gc,phases   ] GC(3) Concurrent Process Non-Strong References 1.944ms
[2026-04-03T01:54:48.620+0600][3.544s][info][gc,phases   ] GC(3) Concurrent Reset Relocation Set 0.014ms
[2026-04-03T01:54:48.623+0600][3.547s][info][gc,phases   ] GC(3) Concurrent Select Relocation Set 3.160ms
[2026-04-03T01:54:48.626+0600][3.549s][info][gc,phases   ] GC(3) Pause Relocate Start 0.013ms
[2026-04-03T01:54:48.628+0600][3.552s][info][gc,phases   ] GC(3) Concurrent Relocate 2.294ms
[2026-04-03T01:54:48.628+0600][3.552s][info][gc,load     ] GC(3) Load: 7.43/7.78/7.47
[2026-04-03T01:54:48.628+0600][3.552s][info][gc,mmu      ] GC(3) MMU: 2ms/98.8%, 5ms/99.5%, 10ms/99.6%, 20ms/99.8%, 50ms/99.9%, 100ms/100.0%
[2026-04-03T01:54:48.628+0600][3.552s][info][gc,marking  ] GC(3) Mark: 2 stripe(s), 2 proactive flush(es), 1 terminate flush(es), 0 completion(s), 0 continuation(s) 
[2026-04-03T01:54:48.628+0600][3.552s][info][gc,marking  ] GC(3) Mark Stack Usage: 32M
[2026-04-03T01:54:48.628+0600][3.552s][info][gc,nmethod  ] GC(3) NMethods: 1312 registered, 66 unregistered
[2026-04-03T01:54:48.628+0600][3.552s][info][gc,metaspace] GC(3) Metaspace: 14M used, 14M committed, 1088M reserved
[2026-04-03T01:54:48.628+0600][3.552s][info][gc,ref      ] GC(3) Soft: 273 encountered, 0 discovered, 0 enqueued
[2026-04-03T01:54:48.628+0600][3.552s][info][gc,ref      ] GC(3) Weak: 825 encountered, 59 discovered, 50 enqueued
[2026-04-03T01:54:48.628+0600][3.552s][info][gc,ref      ] GC(3) Final: 0 encountered, 0 discovered, 0 enqueued
[2026-04-03T01:54:48.628+0600][3.552s][info][gc,ref      ] GC(3) Phantom: 311 encountered, 231 discovered, 0 enqueued
[2026-04-03T01:54:48.628+0600][3.552s][info][gc,reloc    ] GC(3) Small Pages: 41 / 82M, Empty: 0M, Relocated: 6M, In-Place: 0
[2026-04-03T01:54:48.628+0600][3.552s][info][gc,reloc    ] GC(3) Medium Pages: 1 / 8M, Empty: 0M, Relocated: 0M, In-Place: 0
[2026-04-03T01:54:48.628+0600][3.552s][info][gc,reloc    ] GC(3) Large Pages: 2 / 6M, Empty: 0M, Relocated: 0M, In-Place: 0
[2026-04-03T01:54:48.628+0600][3.552s][info][gc,reloc    ] GC(3) Forwarding Usage: 1M
[2026-04-03T01:54:48.628+0600][3.552s][info][gc,heap     ] GC(3) Min Capacity: 8M(2%)
[2026-04-03T01:54:48.628+0600][3.552s][info][gc,heap     ] GC(3) Max Capacity: 500M(100%)
[2026-04-03T01:54:48.628+0600][3.552s][info][gc,heap     ] GC(3) Soft Max Capacity: 500M(100%)
[2026-04-03T01:54:48.628+0600][3.552s][info][gc,heap     ] GC(3)                Mark Start          Mark End        Relocate Start      Relocate End           High               Low         
[2026-04-03T01:54:48.628+0600][3.552s][info][gc,heap     ] GC(3)  Capacity:      246M (49%)         246M (49%)         246M (49%)         246M (49%)         246M (49%)         246M (49%)    
[2026-04-03T01:54:48.628+0600][3.552s][info][gc,heap     ] GC(3)      Free:      404M (81%)         400M (80%)         398M (80%)         466M (93%)         466M (93%)         396M (79%)    
[2026-04-03T01:54:48.628+0600][3.552s][info][gc,heap     ] GC(3)      Used:       96M (19%)         100M (20%)         102M (20%)          34M (7%)          104M (21%)          34M (7%)     
[2026-04-03T01:54:48.628+0600][3.552s][info][gc,heap     ] GC(3)      Live:         -                17M (3%)           17M (3%)           17M (3%)             -                  -          
[2026-04-03T01:54:48.628+0600][3.552s][info][gc,heap     ] GC(3) Allocated:         -                 4M (1%)            6M (1%)            5M (1%)             -                  -          
[2026-04-03T01:54:48.628+0600][3.552s][info][gc,heap     ] GC(3)   Garbage:         -                78M (16%)          78M (16%)          10M (2%)             -                  -          
[2026-04-03T01:54:48.628+0600][3.552s][info][gc,heap     ] GC(3) Reclaimed:         -                  -                 0M (0%)           67M (14%)            -                  -          
[2026-04-03T01:54:48.628+0600][3.552s][info][gc          ] GC(3) Garbage Collection (Proactive) 96M(19%)->34M(7%)
[2026-04-03T01:54:50.009+0600][4.932s][info][gc,start    ] GC(4) Garbage Collection (Proactive)
[2026-04-03T01:54:50.009+0600][4.932s][info][gc,task     ] GC(4) Using 3 workers
[2026-04-03T01:54:50.009+0600][4.932s][info][gc,phases   ] GC(4) Pause Mark Start 0.019ms
[2026-04-03T01:54:50.033+0600][4.956s][info][gc,phases   ] GC(4) Concurrent Mark 23.981ms
[2026-04-03T01:54:50.033+0600][4.957s][info][gc,phases   ] GC(4) Pause Mark End 0.115ms
[2026-04-03T01:54:50.034+0600][4.957s][info][gc,phases   ] GC(4) Concurrent Mark Free 0.004ms
[2026-04-03T01:54:50.038+0600][4.961s][info][gc,phases   ] GC(4) Concurrent Process Non-Strong References 4.022ms
[2026-04-03T01:54:50.038+0600][4.961s][info][gc,phases   ] GC(4) Concurrent Reset Relocation Set 0.006ms
[2026-04-03T01:54:50.042+0600][4.966s][info][gc,phases   ] GC(4) Concurrent Select Relocation Set 4.346ms
[2026-04-03T01:54:50.042+0600][4.966s][info][gc,phases   ] GC(4) Pause Relocate Start 0.019ms
[2026-04-03T01:54:50.048+0600][4.971s][info][gc,phases   ] GC(4) Concurrent Relocate 5.390ms
[2026-04-03T01:54:50.048+0600][4.971s][info][gc,load     ] GC(4) Load: 7.15/7.72/7.45
[2026-04-03T01:54:50.048+0600][4.971s][info][gc,mmu      ] GC(4) MMU: 2ms/94.2%, 5ms/97.7%, 10ms/98.7%, 20ms/99.3%, 50ms/99.7%, 100ms/99.8%
[2026-04-03T01:54:50.048+0600][4.971s][info][gc,marking  ] GC(4) Mark: 2 stripe(s), 2 proactive flush(es), 1 terminate flush(es), 1 completion(s), 0 continuation(s) 
[2026-04-03T01:54:50.048+0600][4.972s][info][gc,marking  ] GC(4) Mark Stack Usage: 32M
[2026-04-03T01:54:50.048+0600][4.972s][info][gc,nmethod  ] GC(4) NMethods: 1955 registered, 160 unregistered
[2026-04-03T01:54:50.048+0600][4.972s][info][gc,metaspace] GC(4) Metaspace: 22M used, 22M committed, 1088M reserved
[2026-04-03T01:54:50.048+0600][4.972s][info][gc,ref      ] GC(4) Soft: 3625 encountered, 0 discovered, 0 enqueued
[2026-04-03T01:54:50.048+0600][4.972s][info][gc,ref      ] GC(4) Weak: 1515 encountered, 303 discovered, 244 enqueued
[2026-04-03T01:54:50.048+0600][4.972s][info][gc,ref      ] GC(4) Final: 0 encountered, 0 discovered, 0 enqueued
[2026-04-03T01:54:50.048+0600][4.972s][info][gc,ref      ] GC(4) Phantom: 563 encountered, 372 discovered, 0 enqueued
[2026-04-03T01:54:50.048+0600][4.972s][info][gc,reloc    ] GC(4) Small Pages: 36 / 72M, Empty: 0M, Relocated: 6M, In-Place: 0
[2026-04-03T01:54:50.048+0600][4.972s][info][gc,reloc    ] GC(4) Medium Pages: 1 / 8M, Empty: 0M, Relocated: 0M, In-Place: 0
[2026-04-03T01:54:50.048+0600][4.972s][info][gc,reloc    ] GC(4) Large Pages: 2 / 6M, Empty: 0M, Relocated: 0M, In-Place: 0
[2026-04-03T01:54:50.048+0600][4.972s][info][gc,reloc    ] GC(4) Forwarding Usage: 1M
[2026-04-03T01:54:50.048+0600][4.972s][info][gc,heap     ] GC(4) Min Capacity: 8M(2%)
[2026-04-03T01:54:50.048+0600][4.972s][info][gc,heap     ] GC(4) Max Capacity: 500M(100%)
[2026-04-03T01:54:50.048+0600][4.972s][info][gc,heap     ] GC(4) Soft Max Capacity: 500M(100%)
[2026-04-03T01:54:50.048+0600][4.972s][info][gc,heap     ] GC(4)                Mark Start          Mark End        Relocate Start      Relocate End           High               Low         
[2026-04-03T01:54:50.048+0600][4.972s][info][gc,heap     ] GC(4)  Capacity:      246M (49%)         246M (49%)         246M (49%)         246M (49%)         246M (49%)         246M (49%)    
[2026-04-03T01:54:50.048+0600][4.972s][info][gc,heap     ] GC(4)      Free:      414M (83%)         412M (82%)         412M (82%)         464M (93%)         464M (93%)         408M (82%)    
[2026-04-03T01:54:50.048+0600][4.972s][info][gc,heap     ] GC(4)      Used:       86M (17%)          88M (18%)          88M (18%)          36M (7%)           92M (18%)          36M (7%)     
[2026-04-03T01:54:50.048+0600][4.972s][info][gc,heap     ] GC(4)      Live:         -                22M (5%)           22M (5%)           22M (5%)             -                  -          
[2026-04-03T01:54:50.048+0600][4.972s][info][gc,heap     ] GC(4) Allocated:         -                 2M (0%)            2M (0%)            1M (0%)             -                  -          
[2026-04-03T01:54:50.048+0600][4.972s][info][gc,heap     ] GC(4)   Garbage:         -                63M (13%)          63M (13%)          11M (2%)             -                  -          
[2026-04-03T01:54:50.048+0600][4.972s][info][gc,heap     ] GC(4) Reclaimed:         -                  -                 0M (0%)           51M (10%)            -                  -          
[2026-04-03T01:54:50.048+0600][4.972s][info][gc          ] GC(4) Garbage Collection (Proactive) 86M(17%)->36M(7%)
[2026-04-03T01:54:53.308+0600][8.231s][info][gc,start    ] GC(5) Garbage Collection (Proactive)
[2026-04-03T01:54:53.308+0600][8.231s][info][gc,task     ] GC(5) Using 3 workers
[2026-04-03T01:54:53.308+0600][8.232s][info][gc,phases   ] GC(5) Pause Mark Start 0.009ms
[2026-04-03T01:54:53.332+0600][8.255s][info][gc,phases   ] GC(5) Concurrent Mark 23.708ms
[2026-04-03T01:54:53.332+0600][8.256s][info][gc,phases   ] GC(5) Pause Mark End 0.027ms
[2026-04-03T01:54:53.332+0600][8.256s][info][gc,phases   ] GC(5) Concurrent Mark Free 0.002ms
[2026-04-03T01:54:53.337+0600][8.261s][info][gc,phases   ] GC(5) Concurrent Process Non-Strong References 4.894ms
[2026-04-03T01:54:53.337+0600][8.261s][info][gc,phases   ] GC(5) Concurrent Reset Relocation Set 0.007ms
[2026-04-03T01:54:53.341+0600][8.265s][info][gc,phases   ] GC(5) Concurrent Select Relocation Set 3.914ms
[2026-04-03T01:54:53.342+0600][8.265s][info][gc,phases   ] GC(5) Pause Relocate Start 0.015ms
[2026-04-03T01:54:53.347+0600][8.270s][info][gc,phases   ] GC(5) Concurrent Relocate 5.178ms
[2026-04-03T01:54:53.347+0600][8.270s][info][gc,load     ] GC(5) Load: 7.15/7.72/7.45
[2026-04-03T01:54:53.347+0600][8.270s][info][gc,mmu      ] GC(5) MMU: 2ms/94.2%, 5ms/97.7%, 10ms/98.7%, 20ms/99.3%, 50ms/99.7%, 100ms/99.8%
[2026-04-03T01:54:53.347+0600][8.270s][info][gc,marking  ] GC(5) Mark: 2 stripe(s), 3 proactive flush(es), 1 terminate flush(es), 0 completion(s), 0 continuation(s) 
[2026-04-03T01:54:53.347+0600][8.270s][info][gc,marking  ] GC(5) Mark Stack Usage: 32M
[2026-04-03T01:54:53.347+0600][8.270s][info][gc,nmethod  ] GC(5) NMethods: 2573 registered, 185 unregistered
[2026-04-03T01:54:53.347+0600][8.270s][info][gc,metaspace] GC(5) Metaspace: 36M used, 36M committed, 1088M reserved
[2026-04-03T01:54:53.347+0600][8.270s][info][gc,ref      ] GC(5) Soft: 3877 encountered, 0 discovered, 0 enqueued
[2026-04-03T01:54:53.347+0600][8.270s][info][gc,ref      ] GC(5) Weak: 2551 encountered, 676 discovered, 424 enqueued
[2026-04-03T01:54:53.347+0600][8.270s][info][gc,ref      ] GC(5) Final: 72 encountered, 0 discovered, 0 enqueued
[2026-04-03T01:54:53.347+0600][8.270s][info][gc,ref      ] GC(5) Phantom: 572 encountered, 198 discovered, 1 enqueued
[2026-04-03T01:54:53.347+0600][8.270s][info][gc,reloc    ] GC(5) Small Pages: 85 / 170M, Empty: 0M, Relocated: 6M, In-Place: 0
[2026-04-03T01:54:53.347+0600][8.270s][info][gc,reloc    ] GC(5) Medium Pages: 1 / 8M, Empty: 0M, Relocated: 0M, In-Place: 0
[2026-04-03T01:54:53.347+0600][8.270s][info][gc,reloc    ] GC(5) Large Pages: 12 / 26M, Empty: 20M, Relocated: 0M, In-Place: 0
[2026-04-03T01:54:53.347+0600][8.270s][info][gc,reloc    ] GC(5) Forwarding Usage: 2M
[2026-04-03T01:54:53.347+0600][8.270s][info][gc,heap     ] GC(5) Min Capacity: 8M(2%)
[2026-04-03T01:54:53.347+0600][8.270s][info][gc,heap     ] GC(5) Max Capacity: 500M(100%)
[2026-04-03T01:54:53.347+0600][8.270s][info][gc,heap     ] GC(5) Soft Max Capacity: 500M(100%)
[2026-04-03T01:54:53.347+0600][8.270s][info][gc,heap     ] GC(5)                Mark Start          Mark End        Relocate Start      Relocate End           High               Low         
[2026-04-03T01:54:53.347+0600][8.270s][info][gc,heap     ] GC(5)  Capacity:      246M (49%)         246M (49%)         246M (49%)         246M (49%)         246M (49%)         246M (49%)    
[2026-04-03T01:54:53.347+0600][8.271s][info][gc,heap     ] GC(5)      Free:      296M (59%)         294M (59%)         314M (63%)         460M (92%)         460M (92%)         294M (59%)    
[2026-04-03T01:54:53.347+0600][8.271s][info][gc,heap     ] GC(5)      Used:      204M (41%)         206M (41%)         186M (37%)          40M (8%)          206M (41%)          40M (8%)     
[2026-04-03T01:54:53.347+0600][8.271s][info][gc,heap     ] GC(5)      Live:         -                26M (5%)           26M (5%)           26M (5%)             -                  -          
[2026-04-03T01:54:53.347+0600][8.271s][info][gc,heap     ] GC(5) Allocated:         -                 2M (0%)            2M (0%)            1M (0%)             -                  -          
[2026-04-03T01:54:53.347+0600][8.271s][info][gc,heap     ] GC(5)   Garbage:         -               177M (35%)         157M (31%)          11M (2%)             -                  -          
[2026-04-03T01:54:53.347+0600][8.271s][info][gc,heap     ] GC(5) Reclaimed:         -                  -                20M (4%)          165M (33%)            -                  -          
[2026-04-03T01:54:53.347+0600][8.271s][info][gc          ] GC(5) Garbage Collection (Proactive) 204M(41%)->40M(8%)
[2026-04-03T01:54:55.209+0600][10.132s][info][gc,stats    ] === Garbage Collection Statistics =======================================================================================================================
[2026-04-03T01:54:55.209+0600][10.132s][info][gc,stats    ]                                                              Last 10s              Last 10m              Last 10h                Total
[2026-04-03T01:54:55.209+0600][10.132s][info][gc,stats    ]                                                              Avg / Max             Avg / Max             Avg / Max             Avg / Max
[2026-04-03T01:54:55.209+0600][10.132s][info][gc,stats    ]   Collector: Garbage Collection Cycle                     25.569 / 39.456       25.569 / 39.456       25.569 / 39.456       25.569 / 39.456      ms
[2026-04-03T01:54:55.209+0600][10.132s][info][gc,stats    ]  Contention: Mark Segment Reset Contention                     0 / 1                 0 / 1                 0 / 1                 0 / 1           ops/s
[2026-04-03T01:54:55.209+0600][10.132s][info][gc,stats    ]  Contention: Mark SeqNum Reset Contention                      0 / 0                 0 / 0                 0 / 0                 0 / 0           ops/s
[2026-04-03T01:54:55.209+0600][10.132s][info][gc,stats    ]    Critical: Allocation Stall                                  0 / 0                 0 / 0                 0 / 0                 0 / 0           ops/s
[2026-04-03T01:54:55.209+0600][10.132s][info][gc,stats    ]    Critical: Allocation Stall                              0.000 / 0.000         0.000 / 0.000         0.000 / 0.000         0.000 / 0.000       ms
[2026-04-03T01:54:55.209+0600][10.132s][info][gc,stats    ]    Critical: GC Locker Stall                                   0 / 1                 0 / 1                 0 / 1                 0 / 1           ops/s
[2026-04-03T01:54:55.209+0600][10.132s][info][gc,stats    ]    Critical: GC Locker Stall                               0.001 / 0.001         0.001 / 0.001         0.001 / 0.001         0.001 / 0.001       ms
[2026-04-03T01:54:55.209+0600][10.132s][info][gc,stats    ]    Critical: Relocation Stall                                  0 / 0                 0 / 0                 0 / 0                 0 / 0           ops/s
[2026-04-03T01:54:55.209+0600][10.132s][info][gc,stats    ]    Critical: Relocation Stall                              0.000 / 0.000         0.000 / 0.000         0.000 / 0.000         0.000 / 0.000       ms
[2026-04-03T01:54:55.209+0600][10.132s][info][gc,stats    ]      Memory: Allocation Rate                                  78 / 208              78 / 208              78 / 208              78 / 208         MB/s
[2026-04-03T01:54:55.209+0600][10.132s][info][gc,stats    ]      Memory: Defragment                                        0 / 0                 0 / 0                 0 / 0                 0 / 0           ops/s
[2026-04-03T01:54:55.209+0600][10.132s][info][gc,stats    ]      Memory: Out Of Memory                                     0 / 0                 0 / 0                 0 / 0                 0 / 0           ops/s
[2026-04-03T01:54:55.209+0600][10.132s][info][gc,stats    ]      Memory: Page Cache Flush                                  0 / 0                 0 / 0                 0 / 0                 0 / 0           MB/s
[2026-04-03T01:54:55.209+0600][10.132s][info][gc,stats    ]      Memory: Page Cache Hit L1                                29 / 52               29 / 52               29 / 52               29 / 52          ops/s
[2026-04-03T01:54:55.209+0600][10.132s][info][gc,stats    ]      Memory: Page Cache Hit L2                                 0 / 0                 0 / 0                 0 / 0                 0 / 0           ops/s
[2026-04-03T01:54:55.209+0600][10.132s][info][gc,stats    ]      Memory: Page Cache Hit L3                                11 / 64               11 / 64               11 / 64               11 / 64          ops/s
[2026-04-03T01:54:55.209+0600][10.132s][info][gc,stats    ]      Memory: Page Cache Miss                                   0 / 1                 0 / 1                 0 / 1                 0 / 1           ops/s
[2026-04-03T01:54:55.209+0600][10.132s][info][gc,stats    ]      Memory: Uncommit                                          0 / 0                 0 / 0                 0 / 0                 0 / 0           MB/s
[2026-04-03T01:54:55.209+0600][10.132s][info][gc,stats    ]      Memory: Undo Object Allocation Failed                     0 / 0                 0 / 0                 0 / 0                 0 / 0           ops/s
[2026-04-03T01:54:55.209+0600][10.132s][info][gc,stats    ]      Memory: Undo Object Allocation Succeeded                  0 / 0                 0 / 0                 0 / 0                 0 / 0           ops/s
[2026-04-03T01:54:55.209+0600][10.132s][info][gc,stats    ]      Memory: Undo Page Allocation                              0 / 0                 0 / 0                 0 / 0                 0 / 0           ops/s
[2026-04-03T01:54:55.209+0600][10.132s][info][gc,stats    ]       Phase: Concurrent Mark                              12.717 / 23.981       12.717 / 23.981       12.717 / 23.981       12.717 / 23.981      ms
[2026-04-03T01:54:55.209+0600][10.132s][info][gc,stats    ]       Phase: Concurrent Mark Continue                      0.000 / 0.000         0.000 / 0.000         0.000 / 0.000         0.000 / 0.000       ms
[2026-04-03T01:54:55.209+0600][10.132s][info][gc,stats    ]       Phase: Concurrent Mark Free                          0.003 / 0.005         0.003 / 0.005         0.003 / 0.005         0.003 / 0.005       ms
[2026-04-03T01:54:55.209+0600][10.132s][info][gc,stats    ]       Phase: Concurrent Process Non-Strong References      2.565 / 4.894         2.565 / 4.894         2.565 / 4.894         2.565 / 4.894       ms
[2026-04-03T01:54:55.209+0600][10.132s][info][gc,stats    ]       Phase: Concurrent Relocate                           3.546 / 5.390         3.546 / 5.390         3.546 / 5.390         3.546 / 5.390       ms
[2026-04-03T01:54:55.209+0600][10.132s][info][gc,stats    ]       Phase: Concurrent Reset Relocation Set               0.007 / 0.014         0.007 / 0.014         0.007 / 0.014         0.007 / 0.014       ms
[2026-04-03T01:54:55.209+0600][10.132s][info][gc,stats    ]       Phase: Concurrent Select Relocation Set              4.567 / 8.725         4.567 / 8.725         4.567 / 8.725         4.567 / 8.725       ms
[2026-04-03T01:54:55.209+0600][10.132s][info][gc,stats    ]       Phase: Pause Mark End                                0.035 / 0.115         0.035 / 0.115         0.035 / 0.115         0.035 / 0.115       ms
[2026-04-03T01:54:55.209+0600][10.132s][info][gc,stats    ]       Phase: Pause Mark Start                              0.011 / 0.019         0.011 / 0.019         0.011 / 0.019         0.011 / 0.019       ms
[2026-04-03T01:54:55.209+0600][10.132s][info][gc,stats    ]       Phase: Pause Relocate Start                          0.013 / 0.019         0.013 / 0.019         0.013 / 0.019         0.013 / 0.019       ms
[2026-04-03T01:54:55.209+0600][10.132s][info][gc,stats    ]    Subphase: Concurrent Classes Purge                      0.143 / 0.325         0.143 / 0.325         0.143 / 0.325         0.143 / 0.325       ms
[2026-04-03T01:54:55.209+0600][10.132s][info][gc,stats    ]    Subphase: Concurrent Classes Unlink                     1.561 / 3.151         1.561 / 3.151         1.561 / 3.151         1.561 / 3.151       ms
[2026-04-03T01:54:55.209+0600][10.132s][info][gc,stats    ]    Subphase: Concurrent Mark                              10.769 / 21.971       10.769 / 21.971       10.769 / 21.971       10.769 / 21.971      ms
[2026-04-03T01:54:55.209+0600][10.132s][info][gc,stats    ]    Subphase: Concurrent Mark Try Flush                     0.217 / 0.587         0.217 / 0.587         0.217 / 0.587         0.217 / 0.587       ms
[2026-04-03T01:54:55.209+0600][10.132s][info][gc,stats    ]    Subphase: Concurrent Mark Try Terminate                 0.632 / 1.164         0.632 / 1.164         0.632 / 1.164         0.632 / 1.164       ms
[2026-04-03T01:54:55.209+0600][10.132s][info][gc,stats    ]    Subphase: Concurrent References Enqueue                 0.005 / 0.009         0.005 / 0.009         0.005 / 0.009         0.005 / 0.009       ms
[2026-04-03T01:54:55.209+0600][10.132s][info][gc,stats    ]    Subphase: Concurrent References Process                 0.189 / 0.275         0.189 / 0.275         0.189 / 0.275         0.189 / 0.275       ms
[2026-04-03T01:54:55.209+0600][10.132s][info][gc,stats    ]    Subphase: Concurrent Roots ClassLoaderDataGraph         0.150 / 0.493         0.150 / 0.493         0.150 / 0.493         0.150 / 0.493       ms
[2026-04-03T01:54:55.209+0600][10.132s][info][gc,stats    ]    Subphase: Concurrent Roots CodeCache                    0.000 / 0.000         0.000 / 0.000         0.000 / 0.000         0.000 / 0.000       ms
[2026-04-03T01:54:55.209+0600][10.132s][info][gc,stats    ]    Subphase: Concurrent Roots JavaThreads                  0.549 / 3.668         0.549 / 3.668         0.549 / 3.668         0.549 / 3.668       ms
[2026-04-03T01:54:55.209+0600][10.132s][info][gc,stats    ]    Subphase: Concurrent Roots OopStorageSet                0.056 / 0.112         0.056 / 0.112         0.056 / 0.112         0.056 / 0.112       ms
[2026-04-03T01:54:55.209+0600][10.132s][info][gc,stats    ]    Subphase: Concurrent Weak Roots OopStorageSet           0.370 / 0.807         0.370 / 0.807         0.370 / 0.807         0.370 / 0.807       ms
[2026-04-03T01:54:55.209+0600][10.132s][info][gc,stats    ]    Subphase: Pause Mark Try Complete                       0.004 / 0.007         0.004 / 0.007         0.004 / 0.007         0.004 / 0.007       ms
[2026-04-03T01:54:55.209+0600][10.132s][info][gc,stats    ]      System: Java Threads                                     13 / 26               13 / 26               13 / 26               13 / 26          threads
[2026-04-03T01:54:55.209+0600][10.132s][info][gc,stats    ] =========================================================================================================================================================
[2026-04-03T01:54:55.908+0600][10.832s][info][gc,start    ] GC(6) Garbage Collection (Allocation Rate)
[2026-04-03T01:54:55.908+0600][10.832s][info][gc,task     ] GC(6) Using 3 workers
[2026-04-03T01:54:55.909+0600][10.832s][info][gc,phases   ] GC(6) Pause Mark Start 0.008ms
[2026-04-03T01:54:55.960+0600][10.883s][info][gc,phases   ] GC(6) Concurrent Mark 51.065ms
[2026-04-03T01:54:55.960+0600][10.883s][info][gc,phases   ] GC(6) Pause Mark End 0.031ms
[2026-04-03T01:54:55.960+0600][10.883s][info][gc,phases   ] GC(6) Concurrent Mark Free 0.001ms
[2026-04-03T01:54:55.964+0600][10.888s][info][gc,phases   ] GC(6) Concurrent Process Non-Strong References 4.168ms
[2026-04-03T01:54:55.964+0600][10.888s][info][gc,phases   ] GC(6) Concurrent Reset Relocation Set 0.014ms
[2026-04-03T01:54:55.974+0600][10.897s][info][gc,phases   ] GC(6) Concurrent Select Relocation Set 9.520ms
[2026-04-03T01:54:55.974+0600][10.898s][info][gc,phases   ] GC(6) Pause Relocate Start 0.013ms
[2026-04-03T01:54:56.000+0600][10.923s][info][gc,phases   ] GC(6) Concurrent Relocate 25.309ms
[2026-04-03T01:54:56.000+0600][10.923s][info][gc,load     ] GC(6) Load: 6.66/7.61/7.42
[2026-04-03T01:54:56.000+0600][10.923s][info][gc,mmu      ] GC(6) MMU: 2ms/94.2%, 5ms/97.7%, 10ms/98.7%, 20ms/99.3%, 50ms/99.7%, 100ms/99.8%
[2026-04-03T01:54:56.000+0600][10.923s][info][gc,marking  ] GC(6) Mark: 2 stripe(s), 6 proactive flush(es), 1 terminate flush(es), 0 completion(s), 0 continuation(s) 
[2026-04-03T01:54:56.000+0600][10.923s][info][gc,marking  ] GC(6) Mark Stack Usage: 32M
[2026-04-03T01:54:56.000+0600][10.923s][info][gc,nmethod  ] GC(6) NMethods: 3060 registered, 308 unregistered
[2026-04-03T01:54:56.000+0600][10.923s][info][gc,metaspace] GC(6) Metaspace: 47M used, 48M committed, 1088M reserved
[2026-04-03T01:54:56.000+0600][10.923s][info][gc,ref      ] GC(6) Soft: 3982 encountered, 0 discovered, 0 enqueued
[2026-04-03T01:54:56.000+0600][10.923s][info][gc,ref      ] GC(6) Weak: 3221 encountered, 608 discovered, 487 enqueued
[2026-04-03T01:54:56.000+0600][10.923s][info][gc,ref      ] GC(6) Final: 74 encountered, 0 discovered, 0 enqueued
[2026-04-03T01:54:56.000+0600][10.923s][info][gc,ref      ] GC(6) Phantom: 580 encountered, 564 discovered, 0 enqueued
[2026-04-03T01:54:56.000+0600][10.923s][info][gc,reloc    ] GC(6) Small Pages: 186 / 372M, Empty: 0M, Relocated: 26M, In-Place: 0
[2026-04-03T01:54:56.000+0600][10.923s][info][gc,reloc    ] GC(6) Medium Pages: 2 / 16M, Empty: 0M, Relocated: 2M, In-Place: 0
[2026-04-03T01:54:56.000+0600][10.923s][info][gc,reloc    ] GC(6) Large Pages: 8 / 18M, Empty: 12M, Relocated: 0M, In-Place: 0
[2026-04-03T01:54:56.000+0600][10.923s][info][gc,reloc    ] GC(6) Forwarding Usage: 16M
[2026-04-03T01:54:56.000+0600][10.923s][info][gc,heap     ] GC(6) Min Capacity: 8M(2%)
[2026-04-03T01:54:56.000+0600][10.923s][info][gc,heap     ] GC(6) Max Capacity: 500M(100%)
[2026-04-03T01:54:56.000+0600][10.923s][info][gc,heap     ] GC(6) Soft Max Capacity: 500M(100%)
[2026-04-03T01:54:56.000+0600][10.923s][info][gc,heap     ] GC(6)                Mark Start          Mark End        Relocate Start      Relocate End           High               Low         
[2026-04-03T01:54:56.000+0600][10.923s][info][gc,heap     ] GC(6)  Capacity:      406M (81%)         432M (86%)         436M (87%)         444M (89%)         444M (89%)         406M (81%)    
[2026-04-03T01:54:56.000+0600][10.923s][info][gc,heap     ] GC(6)      Free:       94M (19%)          68M (14%)          72M (14%)         382M (76%)         384M (77%)          62M (12%)    
[2026-04-03T01:54:56.000+0600][10.923s][info][gc,heap     ] GC(6)      Used:      406M (81%)         432M (86%)         428M (86%)         118M (24%)         438M (88%)         116M (23%)    
[2026-04-03T01:54:56.000+0600][10.923s][info][gc,heap     ] GC(6)      Live:         -                51M (10%)          51M (10%)          51M (10%)            -                  -          
[2026-04-03T01:54:56.000+0600][10.924s][info][gc,heap     ] GC(6) Allocated:         -                26M (5%)           34M (7%)           55M (11%)            -                  -          
[2026-04-03T01:54:56.000+0600][10.924s][info][gc,heap     ] GC(6)   Garbage:         -               354M (71%)         342M (69%)          10M (2%)             -                  -          
[2026-04-03T01:54:56.000+0600][10.924s][info][gc,heap     ] GC(6) Reclaimed:         -                  -                12M (2%)          343M (69%)            -                  -          
[2026-04-03T01:54:56.000+0600][10.924s][info][gc          ] GC(6) Garbage Collection (Allocation Rate) 406M(81%)->118M(24%)
[2026-04-03T01:54:56.109+0600][11.032s][info][gc,start    ] GC(7) Garbage Collection (Allocation Rate)
[2026-04-03T01:54:56.109+0600][11.032s][info][gc,task     ] GC(7) Using 3 workers
[2026-04-03T01:54:56.109+0600][11.032s][info][gc,phases   ] GC(7) Pause Mark Start 0.022ms
[2026-04-03T01:54:56.166+0600][11.090s][info][gc,phases   ] GC(7) Concurrent Mark 57.157ms
[2026-04-03T01:54:56.167+0600][11.090s][info][gc,phases   ] GC(7) Pause Mark End 0.022ms
[2026-04-03T01:54:56.167+0600][11.090s][info][gc,phases   ] GC(7) Concurrent Mark Free 0.001ms
[2026-04-03T01:54:56.171+0600][11.094s][info][gc,phases   ] GC(7) Concurrent Process Non-Strong References 3.813ms
[2026-04-03T01:54:56.171+0600][11.094s][info][gc,phases   ] GC(7) Concurrent Reset Relocation Set 0.031ms
[2026-04-03T01:54:56.175+0600][11.099s][info][gc,phases   ] GC(7) Concurrent Select Relocation Set 4.358ms
[2026-04-03T01:54:56.175+0600][11.099s][info][gc,phases   ] GC(7) Pause Relocate Start 0.011ms
[2026-04-03T01:54:56.188+0600][11.112s][info][gc,phases   ] GC(7) Concurrent Relocate 12.677ms
[2026-04-03T01:54:56.188+0600][11.112s][info][gc,load     ] GC(7) Load: 6.66/7.61/7.42
[2026-04-03T01:54:56.188+0600][11.112s][info][gc,mmu      ] GC(7) MMU: 2ms/94.2%, 5ms/97.7%, 10ms/98.7%, 20ms/99.3%, 50ms/99.7%, 100ms/99.8%
[2026-04-03T01:54:56.188+0600][11.112s][info][gc,marking  ] GC(7) Mark: 2 stripe(s), 2 proactive flush(es), 1 terminate flush(es), 0 completion(s), 0 continuation(s) 
[2026-04-03T01:54:56.188+0600][11.112s][info][gc,marking  ] GC(7) Mark Stack Usage: 32M
[2026-04-03T01:54:56.188+0600][11.112s][info][gc,nmethod  ] GC(7) NMethods: 3060 registered, 308 unregistered
[2026-04-03T01:54:56.188+0600][11.112s][info][gc,metaspace] GC(7) Metaspace: 47M used, 48M committed, 1088M reserved
[2026-04-03T01:54:56.188+0600][11.112s][info][gc,ref      ] GC(7) Soft: 3982 encountered, 0 discovered, 0 enqueued
[2026-04-03T01:54:56.188+0600][11.112s][info][gc,ref      ] GC(7) Weak: 2734 encountered, 456 discovered, 0 enqueued
[2026-04-03T01:54:56.188+0600][11.112s][info][gc,ref      ] GC(7) Final: 74 encountered, 0 discovered, 0 enqueued
[2026-04-03T01:54:56.188+0600][11.112s][info][gc,ref      ] GC(7) Phantom: 580 encountered, 540 discovered, 0 enqueued
[2026-04-03T01:54:56.188+0600][11.112s][info][gc,reloc    ] GC(7) Small Pages: 107 / 214M, Empty: 0M, Relocated: 13M, In-Place: 0
[2026-04-03T01:54:56.188+0600][11.112s][info][gc,reloc    ] GC(7) Medium Pages: 1 / 8M, Empty: 0M, Relocated: 0M, In-Place: 0
[2026-04-03T01:54:56.188+0600][11.112s][info][gc,reloc    ] GC(7) Large Pages: 2 / 6M, Empty: 0M, Relocated: 0M, In-Place: 0
[2026-04-03T01:54:56.188+0600][11.112s][info][gc,reloc    ] GC(7) Forwarding Usage: 10M
[2026-04-03T01:54:56.188+0600][11.112s][info][gc,heap     ] GC(7) Min Capacity: 8M(2%)
[2026-04-03T01:54:56.188+0600][11.112s][info][gc,heap     ] GC(7) Max Capacity: 500M(100%)
[2026-04-03T01:54:56.188+0600][11.112s][info][gc,heap     ] GC(7) Soft Max Capacity: 500M(100%)
[2026-04-03T01:54:56.188+0600][11.112s][info][gc,heap     ] GC(7)                Mark Start          Mark End        Relocate Start      Relocate End           High               Low         
[2026-04-03T01:54:56.189+0600][11.112s][info][gc,heap     ] GC(7)  Capacity:      444M (89%)         444M (89%)         444M (89%)         444M (89%)         444M (89%)         444M (89%)    
[2026-04-03T01:54:56.189+0600][11.112s][info][gc,heap     ] GC(7)      Free:      272M (54%)         236M (47%)         232M (46%)         374M (75%)         374M (75%)         224M (45%)    
[2026-04-03T01:54:56.189+0600][11.112s][info][gc,heap     ] GC(7)      Used:      228M (46%)         264M (53%)         268M (54%)         126M (25%)         276M (55%)         126M (25%)    
[2026-04-03T01:54:56.189+0600][11.112s][info][gc,heap     ] GC(7)      Live:         -                64M (13%)          64M (13%)          64M (13%)            -                  -          
[2026-04-03T01:54:56.189+0600][11.112s][info][gc,heap     ] GC(7) Allocated:         -                36M (7%)           40M (8%)           51M (10%)            -                  -          
[2026-04-03T01:54:56.189+0600][11.112s][info][gc,heap     ] GC(7)   Garbage:         -               163M (33%)         163M (33%)           9M (2%)             -                  -          
[2026-04-03T01:54:56.189+0600][11.112s][info][gc,heap     ] GC(7) Reclaimed:         -                  -                 0M (0%)          153M (31%)            -                  -          
[2026-04-03T01:54:56.189+0600][11.112s][info][gc          ] GC(7) Garbage Collection (Allocation Rate) 228M(46%)->126M(25%)
[2026-04-03T01:54:56.209+0600][11.132s][info][gc,start    ] GC(8) Garbage Collection (Allocation Rate)
[2026-04-03T01:54:56.209+0600][11.132s][info][gc,task     ] GC(8) Using 3 workers
[2026-04-03T01:54:56.209+0600][11.132s][info][gc,phases   ] GC(8) Pause Mark Start 0.030ms
[2026-04-03T01:54:56.260+0600][11.184s][info][gc,phases   ] GC(8) Concurrent Mark 51.116ms
[2026-04-03T01:54:56.261+0600][11.184s][info][gc,phases   ] GC(8) Pause Mark End 0.075ms
[2026-04-03T01:54:56.261+0600][11.184s][info][gc,phases   ] GC(8) Concurrent Mark Free 0.001ms
[2026-04-03T01:54:56.265+0600][11.188s][info][gc,phases   ] GC(8) Concurrent Process Non-Strong References 3.782ms
[2026-04-03T01:54:56.265+0600][11.188s][info][gc,phases   ] GC(8) Concurrent Reset Relocation Set 0.015ms
[2026-04-03T01:54:56.269+0600][11.192s][info][gc,phases   ] GC(8) Concurrent Select Relocation Set 4.301ms
[2026-04-03T01:54:56.269+0600][11.193s][info][gc,phases   ] GC(8) Pause Relocate Start 0.011ms
[2026-04-03T01:54:56.275+0600][11.198s][info][gc,phases   ] GC(8) Concurrent Relocate 5.378ms
[2026-04-03T01:54:56.275+0600][11.198s][info][gc,load     ] GC(8) Load: 6.66/7.61/7.42
[2026-04-03T01:54:56.275+0600][11.198s][info][gc,mmu      ] GC(8) MMU: 2ms/94.2%, 5ms/97.7%, 10ms/98.7%, 20ms/99.3%, 50ms/99.7%, 100ms/99.8%
[2026-04-03T01:54:56.275+0600][11.198s][info][gc,marking  ] GC(8) Mark: 2 stripe(s), 2 proactive flush(es), 1 terminate flush(es), 0 completion(s), 0 continuation(s) 
[2026-04-03T01:54:56.275+0600][11.198s][info][gc,marking  ] GC(8) Mark Stack Usage: 32M
[2026-04-03T01:54:56.275+0600][11.198s][info][gc,nmethod  ] GC(8) NMethods: 3060 registered, 308 unregistered
[2026-04-03T01:54:56.275+0600][11.198s][info][gc,metaspace] GC(8) Metaspace: 47M used, 48M committed, 1088M reserved
[2026-04-03T01:54:56.275+0600][11.198s][info][gc,ref      ] GC(8) Soft: 3982 encountered, 0 discovered, 0 enqueued
[2026-04-03T01:54:56.275+0600][11.198s][info][gc,ref      ] GC(8) Weak: 2734 encountered, 561 discovered, 0 enqueued
[2026-04-03T01:54:56.275+0600][11.198s][info][gc,ref      ] GC(8) Final: 74 encountered, 0 discovered, 0 enqueued
[2026-04-03T01:54:56.275+0600][11.198s][info][gc,ref      ] GC(8) Phantom: 580 encountered, 534 discovered, 0 enqueued
[2026-04-03T01:54:56.275+0600][11.198s][info][gc,reloc    ] GC(8) Small Pages: 67 / 134M, Empty: 0M, Relocated: 6M, In-Place: 0
[2026-04-03T01:54:56.275+0600][11.198s][info][gc,reloc    ] GC(8) Medium Pages: 1 / 8M, Empty: 0M, Relocated: 0M, In-Place: 0
[2026-04-03T01:54:56.275+0600][11.199s][info][gc,reloc    ] GC(8) Large Pages: 2 / 6M, Empty: 0M, Relocated: 0M, In-Place: 0
[2026-04-03T01:54:56.275+0600][11.199s][info][gc,reloc    ] GC(8) Forwarding Usage: 4M
[2026-04-03T01:54:56.275+0600][11.199s][info][gc,heap     ] GC(8) Min Capacity: 8M(2%)
[2026-04-03T01:54:56.275+0600][11.199s][info][gc,heap     ] GC(8) Max Capacity: 500M(100%)
[2026-04-03T01:54:56.275+0600][11.199s][info][gc,heap     ] GC(8) Soft Max Capacity: 500M(100%)
[2026-04-03T01:54:56.275+0600][11.199s][info][gc,heap     ] GC(8)                Mark Start          Mark End        Relocate Start      Relocate End           High               Low         
[2026-04-03T01:54:56.275+0600][11.199s][info][gc,heap     ] GC(8)  Capacity:      444M (89%)         444M (89%)         444M (89%)         444M (89%)         444M (89%)         444M (89%)    
[2026-04-03T01:54:56.275+0600][11.199s][info][gc,heap     ] GC(8)      Free:      352M (70%)         302M (60%)         296M (59%)         356M (71%)         356M (71%)         290M (58%)    
[2026-04-03T01:54:56.275+0600][11.199s][info][gc,heap     ] GC(8)      Used:      148M (30%)         198M (40%)         204M (41%)         144M (29%)         210M (42%)         144M (29%)    
[2026-04-03T01:54:56.275+0600][11.199s][info][gc,heap     ] GC(8)      Live:         -                69M (14%)          69M (14%)          69M (14%)            -                  -          
[2026-04-03T01:54:56.275+0600][11.199s][info][gc,heap     ] GC(8) Allocated:         -                50M (10%)          56M (11%)          61M (12%)            -                  -          
[2026-04-03T01:54:56.275+0600][11.199s][info][gc,heap     ] GC(8)   Garbage:         -                78M (16%)          78M (16%)          12M (2%)             -                  -          
[2026-04-03T01:54:56.275+0600][11.199s][info][gc,heap     ] GC(8) Reclaimed:         -                  -                 0M (0%)           65M (13%)            -                  -          
[2026-04-03T01:54:56.275+0600][11.199s][info][gc          ] GC(8) Garbage Collection (Allocation Rate) 148M(30%)->144M(29%)
[2026-04-03T01:54:56.308+0600][11.231s][info][gc,start    ] GC(9) Garbage Collection (Allocation Rate)
[2026-04-03T01:54:56.308+0600][11.231s][info][gc,task     ] GC(9) Using 3 workers
[2026-04-03T01:54:56.308+0600][11.232s][info][gc,phases   ] GC(9) Pause Mark Start 0.012ms
[2026-04-03T01:54:56.355+0600][11.279s][info][gc,phases   ] GC(9) Concurrent Mark 47.140ms
[2026-04-03T01:54:56.356+0600][11.279s][info][gc,phases   ] GC(9) Pause Mark End 0.030ms
[2026-04-03T01:54:56.356+0600][11.279s][info][gc,phases   ] GC(9) Concurrent Mark Free 0.002ms
[2026-04-03T01:54:56.359+0600][11.283s][info][gc,phases   ] GC(9) Concurrent Process Non-Strong References 3.518ms
[2026-04-03T01:54:56.360+0600][11.283s][info][gc,phases   ] GC(9) Concurrent Reset Relocation Set 0.008ms
[2026-04-03T01:54:56.363+0600][11.287s][info][gc,phases   ] GC(9) Concurrent Select Relocation Set 3.908ms
[2026-04-03T01:54:56.364+0600][11.287s][info][gc,phases   ] GC(9) Pause Relocate Start 0.016ms
[2026-04-03T01:54:56.371+0600][11.294s][info][gc,phases   ] GC(9) Concurrent Relocate 6.833ms
[2026-04-03T01:54:56.371+0600][11.294s][info][gc,load     ] GC(9) Load: 6.66/7.61/7.42
[2026-04-03T01:54:56.371+0600][11.294s][info][gc,mmu      ] GC(9) MMU: 2ms/94.2%, 5ms/97.7%, 10ms/98.7%, 20ms/99.3%, 50ms/99.7%, 100ms/99.8%
[2026-04-03T01:54:56.371+0600][11.294s][info][gc,marking  ] GC(9) Mark: 2 stripe(s), 3 proactive flush(es), 1 terminate flush(es), 0 completion(s), 0 continuation(s) 
[2026-04-03T01:54:56.371+0600][11.294s][info][gc,marking  ] GC(9) Mark Stack Usage: 32M
[2026-04-03T01:54:56.371+0600][11.294s][info][gc,nmethod  ] GC(9) NMethods: 3060 registered, 308 unregistered
[2026-04-03T01:54:56.371+0600][11.294s][info][gc,metaspace] GC(9) Metaspace: 47M used, 48M committed, 1088M reserved
[2026-04-03T01:54:56.371+0600][11.294s][info][gc,ref      ] GC(9) Soft: 3982 encountered, 0 discovered, 0 enqueued
[2026-04-03T01:54:56.371+0600][11.294s][info][gc,ref      ] GC(9) Weak: 2734 encountered, 303 discovered, 0 enqueued
[2026-04-03T01:54:56.371+0600][11.294s][info][gc,ref      ] GC(9) Final: 74 encountered, 0 discovered, 0 enqueued
[2026-04-03T01:54:56.371+0600][11.294s][info][gc,ref      ] GC(9) Phantom: 580 encountered, 575 discovered, 0 enqueued
[2026-04-03T01:54:56.371+0600][11.294s][info][gc,reloc    ] GC(9) Small Pages: 84 / 168M, Empty: 0M, Relocated: 8M, In-Place: 0
[2026-04-03T01:54:56.371+0600][11.294s][info][gc,reloc    ] GC(9) Medium Pages: 1 / 8M, Empty: 0M, Relocated: 0M, In-Place: 0
[2026-04-03T01:54:56.371+0600][11.294s][info][gc,reloc    ] GC(9) Large Pages: 2 / 6M, Empty: 0M, Relocated: 0M, In-Place: 0
[2026-04-03T01:54:56.371+0600][11.294s][info][gc,reloc    ] GC(9) Forwarding Usage: 6M
[2026-04-03T01:54:56.371+0600][11.294s][info][gc,heap     ] GC(9) Min Capacity: 8M(2%)
[2026-04-03T01:54:56.371+0600][11.294s][info][gc,heap     ] GC(9) Max Capacity: 500M(100%)
[2026-04-03T01:54:56.371+0600][11.294s][info][gc,heap     ] GC(9) Soft Max Capacity: 500M(100%)
[2026-04-03T01:54:56.371+0600][11.294s][info][gc,heap     ] GC(9)                Mark Start          Mark End        Relocate Start      Relocate End           High               Low         
[2026-04-03T01:54:56.371+0600][11.294s][info][gc,heap     ] GC(9)  Capacity:      444M (89%)         444M (89%)         444M (89%)         444M (89%)         444M (89%)         444M (89%)    
[2026-04-03T01:54:56.371+0600][11.294s][info][gc,heap     ] GC(9)      Free:      318M (64%)         270M (54%)         262M (52%)         346M (69%)         348M (70%)         256M (51%)    
[2026-04-03T01:54:56.371+0600][11.294s][info][gc,heap     ] GC(9)      Used:      182M (36%)         230M (46%)         238M (48%)         154M (31%)         244M (49%)         152M (30%)    
[2026-04-03T01:54:56.371+0600][11.294s][info][gc,heap     ] GC(9)      Live:         -                77M (16%)          77M (16%)          77M (16%)            -                  -          
[2026-04-03T01:54:56.371+0600][11.294s][info][gc,heap     ] GC(9) Allocated:         -                48M (10%)          56M (11%)          63M (13%)            -                  -          
[2026-04-03T01:54:56.371+0600][11.294s][info][gc,heap     ] GC(9)   Garbage:         -               104M (21%)         104M (21%)          12M (2%)             -                  -          
[2026-04-03T01:54:56.371+0600][11.294s][info][gc,heap     ] GC(9) Reclaimed:         -                  -                 0M (0%)           91M (18%)            -                  -          
[2026-04-03T01:54:56.371+0600][11.294s][info][gc          ] GC(9) Garbage Collection (Allocation Rate) 182M(36%)->154M(31%)
[2026-04-03T01:54:56.408+0600][11.331s][info][gc,start    ] GC(10) Garbage Collection (Allocation Rate)
[2026-04-03T01:54:56.408+0600][11.331s][info][gc,task     ] GC(10) Using 3 workers
[2026-04-03T01:54:56.408+0600][11.332s][info][gc,phases   ] GC(10) Pause Mark Start 0.013ms
[2026-04-03T01:54:56.466+0600][11.389s][info][gc,phases   ] GC(10) Concurrent Mark 57.262ms
[2026-04-03T01:54:56.466+0600][11.389s][info][gc,phases   ] GC(10) Pause Mark End 0.017ms
[2026-04-03T01:54:56.466+0600][11.389s][info][gc,phases   ] GC(10) Concurrent Mark Free 0.001ms
[2026-04-03T01:54:56.470+0600][11.393s][info][gc,phases   ] GC(10) Concurrent Process Non-Strong References 3.680ms
[2026-04-03T01:54:56.470+0600][11.393s][info][gc,phases   ] GC(10) Concurrent Reset Relocation Set 0.010ms
[2026-04-03T01:54:56.473+0600][11.397s][info][gc,phases   ] GC(10) Concurrent Select Relocation Set 3.782ms
[2026-04-03T01:54:56.474+0600][11.397s][info][gc,phases   ] GC(10) Pause Relocate Start 0.009ms
[2026-04-03T01:54:56.482+0600][11.405s][info][gc,phases   ] GC(10) Concurrent Relocate 7.926ms
[2026-04-03T01:54:56.482+0600][11.405s][info][gc,load     ] GC(10) Load: 6.66/7.61/7.42
[2026-04-03T01:54:56.482+0600][11.405s][info][gc,mmu      ] GC(10) MMU: 2ms/94.2%, 5ms/97.7%, 10ms/98.7%, 20ms/99.3%, 50ms/99.7%, 100ms/99.8%
[2026-04-03T01:54:56.482+0600][11.405s][info][gc,marking  ] GC(10) Mark: 2 stripe(s), 7 proactive flush(es), 1 terminate flush(es), 0 completion(s), 0 continuation(s) 
[2026-04-03T01:54:56.482+0600][11.405s][info][gc,marking  ] GC(10) Mark Stack Usage: 32M
[2026-04-03T01:54:56.482+0600][11.405s][info][gc,nmethod  ] GC(10) NMethods: 3060 registered, 308 unregistered
[2026-04-03T01:54:56.482+0600][11.405s][info][gc,metaspace] GC(10) Metaspace: 47M used, 48M committed, 1088M reserved
[2026-04-03T01:54:56.482+0600][11.405s][info][gc,ref      ] GC(10) Soft: 3982 encountered, 0 discovered, 0 enqueued
[2026-04-03T01:54:56.482+0600][11.405s][info][gc,ref      ] GC(10) Weak: 2734 encountered, 919 discovered, 0 enqueued
[2026-04-03T01:54:56.482+0600][11.405s][info][gc,ref      ] GC(10) Final: 74 encountered, 0 discovered, 0 enqueued
[2026-04-03T01:54:56.482+0600][11.405s][info][gc,ref      ] GC(10) Phantom: 580 encountered, 530 discovered, 0 enqueued
[2026-04-03T01:54:56.482+0600][11.405s][info][gc,reloc    ] GC(10) Small Pages: 89 / 178M, Empty: 0M, Relocated: 9M, In-Place: 0
[2026-04-03T01:54:56.482+0600][11.405s][info][gc,reloc    ] GC(10) Medium Pages: 1 / 8M, Empty: 0M, Relocated: 0M, In-Place: 0
[2026-04-03T01:54:56.482+0600][11.405s][info][gc,reloc    ] GC(10) Large Pages: 2 / 6M, Empty: 0M, Relocated: 0M, In-Place: 0
[2026-04-03T01:54:56.482+0600][11.405s][info][gc,reloc    ] GC(10) Forwarding Usage: 7M
[2026-04-03T01:54:56.482+0600][11.405s][info][gc,heap     ] GC(10) Min Capacity: 8M(2%)
[2026-04-03T01:54:56.482+0600][11.405s][info][gc,heap     ] GC(10) Max Capacity: 500M(100%)
[2026-04-03T01:54:56.482+0600][11.405s][info][gc,heap     ] GC(10) Soft Max Capacity: 500M(100%)
[2026-04-03T01:54:56.482+0600][11.405s][info][gc,heap     ] GC(10)                Mark Start          Mark End        Relocate Start      Relocate End           High               Low         
[2026-04-03T01:54:56.482+0600][11.405s][info][gc,heap     ] GC(10)  Capacity:      444M (89%)         444M (89%)         444M (89%)         444M (89%)         444M (89%)         444M (89%)    
[2026-04-03T01:54:56.482+0600][11.405s][info][gc,heap     ] GC(10)      Free:      308M (62%)         256M (51%)         250M (50%)         338M (68%)         338M (68%)         244M (49%)    
[2026-04-03T01:54:56.482+0600][11.405s][info][gc,heap     ] GC(10)      Used:      192M (38%)         244M (49%)         250M (50%)         162M (32%)         256M (51%)         162M (32%)    
[2026-04-03T01:54:56.482+0600][11.405s][info][gc,heap     ] GC(10)      Live:         -                85M (17%)          85M (17%)          85M (17%)            -                  -          
[2026-04-03T01:54:56.482+0600][11.405s][info][gc,heap     ] GC(10) Allocated:         -                52M (10%)          58M (12%)          65M (13%)            -                  -          
[2026-04-03T01:54:56.482+0600][11.405s][info][gc,heap     ] GC(10)   Garbage:         -               106M (21%)         106M (21%)          10M (2%)             -                  -          
[2026-04-03T01:54:56.482+0600][11.405s][info][gc,heap     ] GC(10) Reclaimed:         -                  -                 0M (0%)           95M (19%)            -                  -          
[2026-04-03T01:54:56.482+0600][11.405s][info][gc          ] GC(10) Garbage Collection (Allocation Rate) 192M(38%)->162M(32%)
[2026-04-03T01:54:56.508+0600][11.432s][info][gc,start    ] GC(11) Garbage Collection (Allocation Rate)
[2026-04-03T01:54:56.508+0600][11.432s][info][gc,task     ] GC(11) Using 3 workers
[2026-04-03T01:54:56.508+0600][11.432s][info][gc,phases   ] GC(11) Pause Mark Start 0.010ms
[2026-04-03T01:54:56.567+0600][11.490s][info][gc,phases   ] GC(11) Concurrent Mark 58.351ms
[2026-04-03T01:54:56.567+0600][11.491s][info][gc,phases   ] GC(11) Pause Mark End 0.023ms
[2026-04-03T01:54:56.567+0600][11.491s][info][gc,phases   ] GC(11) Concurrent Mark Free 0.001ms
[2026-04-03T01:54:56.571+0600][11.494s][info][gc,phases   ] GC(11) Concurrent Process Non-Strong References 3.393ms
[2026-04-03T01:54:56.571+0600][11.494s][info][gc,phases   ] GC(11) Concurrent Reset Relocation Set 0.009ms
[2026-04-03T01:54:56.575+0600][11.498s][info][gc,phases   ] GC(11) Concurrent Select Relocation Set 3.967ms
[2026-04-03T01:54:56.575+0600][11.498s][info][gc,phases   ] GC(11) Pause Relocate Start 0.012ms
[2026-04-03T01:54:56.583+0600][11.507s][info][gc,phases   ] GC(11) Concurrent Relocate 8.269ms
[2026-04-03T01:54:56.584+0600][11.507s][info][gc,load     ] GC(11) Load: 6.66/7.61/7.42
[2026-04-03T01:54:56.584+0600][11.507s][info][gc,mmu      ] GC(11) MMU: 2ms/94.2%, 5ms/97.7%, 10ms/98.7%, 20ms/99.3%, 50ms/99.7%, 100ms/99.8%
[2026-04-03T01:54:56.584+0600][11.507s][info][gc,marking  ] GC(11) Mark: 2 stripe(s), 9 proactive flush(es), 1 terminate flush(es), 0 completion(s), 0 continuation(s) 
[2026-04-03T01:54:56.584+0600][11.507s][info][gc,marking  ] GC(11) Mark Stack Usage: 32M
[2026-04-03T01:54:56.584+0600][11.507s][info][gc,nmethod  ] GC(11) NMethods: 3060 registered, 308 unregistered
[2026-04-03T01:54:56.584+0600][11.507s][info][gc,metaspace] GC(11) Metaspace: 47M used, 48M committed, 1088M reserved
[2026-04-03T01:54:56.584+0600][11.507s][info][gc,ref      ] GC(11) Soft: 3982 encountered, 0 discovered, 0 enqueued
[2026-04-03T01:54:56.584+0600][11.507s][info][gc,ref      ] GC(11) Weak: 2734 encountered, 638 discovered, 0 enqueued
[2026-04-03T01:54:56.584+0600][11.507s][info][gc,ref      ] GC(11) Final: 74 encountered, 0 discovered, 0 enqueued
[2026-04-03T01:54:56.584+0600][11.507s][info][gc,ref      ] GC(11) Phantom: 580 encountered, 540 discovered, 0 enqueued
[2026-04-03T01:54:56.584+0600][11.507s][info][gc,reloc    ] GC(11) Small Pages: 86 / 172M, Empty: 0M, Relocated: 10M, In-Place: 0
[2026-04-03T01:54:56.584+0600][11.507s][info][gc,reloc    ] GC(11) Medium Pages: 1 / 8M, Empty: 0M, Relocated: 0M, In-Place: 0
[2026-04-03T01:54:56.584+0600][11.507s][info][gc,reloc    ] GC(11) Large Pages: 2 / 6M, Empty: 0M, Relocated: 0M, In-Place: 0
[2026-04-03T01:54:56.584+0600][11.507s][info][gc,reloc    ] GC(11) Forwarding Usage: 7M
[2026-04-03T01:54:56.584+0600][11.507s][info][gc,heap     ] GC(11) Min Capacity: 8M(2%)
[2026-04-03T01:54:56.584+0600][11.507s][info][gc,heap     ] GC(11) Max Capacity: 500M(100%)
[2026-04-03T01:54:56.584+0600][11.507s][info][gc,heap     ] GC(11) Soft Max Capacity: 500M(100%)
[2026-04-03T01:54:56.584+0600][11.507s][info][gc,heap     ] GC(11)                Mark Start          Mark End        Relocate Start      Relocate End           High               Low         
[2026-04-03T01:54:56.584+0600][11.507s][info][gc,heap     ] GC(11)  Capacity:      444M (89%)         444M (89%)         444M (89%)         444M (89%)         444M (89%)         444M (89%)    
[2026-04-03T01:54:56.584+0600][11.507s][info][gc,heap     ] GC(11)      Free:      314M (63%)         256M (51%)         250M (50%)         326M (65%)         326M (65%)         246M (49%)    
[2026-04-03T01:54:56.584+0600][11.507s][info][gc,heap     ] GC(11)      Used:      186M (37%)         244M (49%)         250M (50%)         174M (35%)         254M (51%)         174M (35%)    
[2026-04-03T01:54:56.584+0600][11.507s][info][gc,heap     ] GC(11)      Live:         -                92M (18%)          92M (18%)          92M (18%)            -                  -          
[2026-04-03T01:54:56.584+0600][11.507s][info][gc,heap     ] GC(11) Allocated:         -                58M (12%)          64M (13%)          71M (14%)            -                  -          
[2026-04-03T01:54:56.584+0600][11.507s][info][gc,heap     ] GC(11)   Garbage:         -                93M (19%)          93M (19%)           9M (2%)             -                  -          
[2026-04-03T01:54:56.584+0600][11.507s][info][gc,heap     ] GC(11) Reclaimed:         -                  -                 0M (0%)           83M (17%)            -                  -          
[2026-04-03T01:54:56.584+0600][11.507s][info][gc          ] GC(11) Garbage Collection (Allocation Rate) 186M(37%)->174M(35%)
[2026-04-03T01:54:56.608+0600][11.532s][info][gc,start    ] GC(12) Garbage Collection (Allocation Rate)
[2026-04-03T01:54:56.608+0600][11.532s][info][gc,task     ] GC(12) Using 3 workers
[2026-04-03T01:54:56.609+0600][11.532s][info][gc,phases   ] GC(12) Pause Mark Start 0.009ms
[2026-04-03T01:54:56.674+0600][11.598s][info][gc,phases   ] GC(12) Concurrent Mark 65.403ms
[2026-04-03T01:54:56.674+0600][11.598s][info][gc,phases   ] GC(12) Pause Mark End 0.018ms
[2026-04-03T01:54:56.675+0600][11.598s][info][gc,phases   ] GC(12) Concurrent Mark Free 0.002ms
[2026-04-03T01:54:56.678+0600][11.601s][info][gc,phases   ] GC(12) Concurrent Process Non-Strong References 3.435ms
[2026-04-03T01:54:56.678+0600][11.601s][info][gc,phases   ] GC(12) Concurrent Reset Relocation Set 0.010ms
[2026-04-03T01:54:56.681+0600][11.605s][info][gc,phases   ] GC(12) Concurrent Select Relocation Set 3.100ms
[2026-04-03T01:54:56.681+0600][11.605s][info][gc,phases   ] GC(12) Pause Relocate Start 0.011ms
[2026-04-03T01:54:56.693+0600][11.616s][info][gc,phases   ] GC(12) Concurrent Relocate 11.191ms
[2026-04-03T01:54:56.693+0600][11.616s][info][gc,load     ] GC(12) Load: 6.66/7.61/7.42
[2026-04-03T01:54:56.693+0600][11.616s][info][gc,mmu      ] GC(12) MMU: 2ms/94.2%, 5ms/97.7%, 10ms/98.7%, 20ms/99.3%, 50ms/99.7%, 100ms/99.8%
[2026-04-03T01:54:56.693+0600][11.616s][info][gc,marking  ] GC(12) Mark: 2 stripe(s), 2 proactive flush(es), 1 terminate flush(es), 0 completion(s), 0 continuation(s) 
[2026-04-03T01:54:56.693+0600][11.616s][info][gc,marking  ] GC(12) Mark Stack Usage: 32M
[2026-04-03T01:54:56.693+0600][11.616s][info][gc,nmethod  ] GC(12) NMethods: 3060 registered, 308 unregistered
[2026-04-03T01:54:56.693+0600][11.616s][info][gc,metaspace] GC(12) Metaspace: 47M used, 48M committed, 1088M reserved
[2026-04-03T01:54:56.693+0600][11.616s][info][gc,ref      ] GC(12) Soft: 3982 encountered, 0 discovered, 0 enqueued
[2026-04-03T01:54:56.693+0600][11.616s][info][gc,ref      ] GC(12) Weak: 2734 encountered, 285 discovered, 0 enqueued
[2026-04-03T01:54:56.693+0600][11.616s][info][gc,ref      ] GC(12) Final: 74 encountered, 0 discovered, 0 enqueued
[2026-04-03T01:54:56.693+0600][11.616s][info][gc,ref      ] GC(12) Phantom: 580 encountered, 575 discovered, 0 enqueued
[2026-04-03T01:54:56.693+0600][11.616s][info][gc,reloc    ] GC(12) Small Pages: 94 / 188M, Empty: 0M, Relocated: 10M, In-Place: 0
[2026-04-03T01:54:56.693+0600][11.616s][info][gc,reloc    ] GC(12) Medium Pages: 1 / 8M, Empty: 0M, Relocated: 0M, In-Place: 0
[2026-04-03T01:54:56.693+0600][11.616s][info][gc,reloc    ] GC(12) Large Pages: 2 / 6M, Empty: 0M, Relocated: 0M, In-Place: 0
[2026-04-03T01:54:56.693+0600][11.616s][info][gc,reloc    ] GC(12) Forwarding Usage: 7M
[2026-04-03T01:54:56.693+0600][11.616s][info][gc,heap     ] GC(12) Min Capacity: 8M(2%)
[2026-04-03T01:54:56.693+0600][11.616s][info][gc,heap     ] GC(12) Max Capacity: 500M(100%)
[2026-04-03T01:54:56.693+0600][11.616s][info][gc,heap     ] GC(12) Soft Max Capacity: 500M(100%)
[2026-04-03T01:54:56.693+0600][11.616s][info][gc,heap     ] GC(12)                Mark Start          Mark End        Relocate Start      Relocate End           High               Low         
[2026-04-03T01:54:56.693+0600][11.616s][info][gc,heap     ] GC(12)  Capacity:      444M (89%)         444M (89%)         444M (89%)         444M (89%)         444M (89%)         444M (89%)    
[2026-04-03T01:54:56.693+0600][11.616s][info][gc,heap     ] GC(12)      Free:      298M (60%)         232M (46%)         226M (45%)         306M (61%)         306M (61%)         220M (44%)    
[2026-04-03T01:54:56.693+0600][11.616s][info][gc,heap     ] GC(12)      Used:      202M (40%)         268M (54%)         274M (55%)         194M (39%)         280M (56%)         194M (39%)    
[2026-04-03T01:54:56.693+0600][11.616s][info][gc,heap     ] GC(12)      Live:         -               100M (20%)         100M (20%)         100M (20%)            -                  -          
[2026-04-03T01:54:56.693+0600][11.616s][info][gc,heap     ] GC(12) Allocated:         -                66M (13%)          72M (14%)          81M (16%)            -                  -          
[2026-04-03T01:54:56.693+0600][11.616s][info][gc,heap     ] GC(12)   Garbage:         -               101M (20%)         101M (20%)          11M (2%)             -                  -          
[2026-04-03T01:54:56.693+0600][11.616s][info][gc,heap     ] GC(12) Reclaimed:         -                  -                 0M (0%)           89M (18%)            -                  -          
[2026-04-03T01:54:56.693+0600][11.616s][info][gc          ] GC(12) Garbage Collection (Allocation Rate) 202M(40%)->194M(39%)
[2026-04-03T01:54:56.708+0600][11.632s][info][gc,start    ] GC(13) Garbage Collection (Allocation Rate)
[2026-04-03T01:54:56.708+0600][11.632s][info][gc,task     ] GC(13) Using 3 workers
[2026-04-03T01:54:56.709+0600][11.632s][info][gc,phases   ] GC(13) Pause Mark Start 0.012ms
[2026-04-03T01:54:56.780+0600][11.703s][info][gc,phases   ] GC(13) Concurrent Mark 71.307ms
[2026-04-03T01:54:56.780+0600][11.704s][info][gc,phases   ] GC(13) Pause Mark End 0.026ms
[2026-04-03T01:54:56.780+0600][11.704s][info][gc,phases   ] GC(13) Concurrent Mark Free 0.003ms
[2026-04-03T01:54:56.784+0600][11.708s][info][gc,phases   ] GC(13) Concurrent Process Non-Strong References 3.666ms
[2026-04-03T01:54:56.784+0600][11.708s][info][gc,phases   ] GC(13) Concurrent Reset Relocation Set 0.011ms
[2026-04-03T01:54:56.787+0600][11.711s][info][gc,phases   ] GC(13) Concurrent Select Relocation Set 2.982ms
[2026-04-03T01:54:56.787+0600][11.711s][info][gc,phases   ] GC(13) Pause Relocate Start 0.012ms
[2026-04-03T01:54:56.795+0600][11.718s][info][gc,phases   ] GC(13) Concurrent Relocate 7.330ms
[2026-04-03T01:54:56.795+0600][11.718s][info][gc,load     ] GC(13) Load: 6.66/7.61/7.42
[2026-04-03T01:54:56.795+0600][11.718s][info][gc,mmu      ] GC(13) MMU: 2ms/94.2%, 5ms/97.7%, 10ms/98.7%, 20ms/99.3%, 50ms/99.7%, 100ms/99.8%
[2026-04-03T01:54:56.795+0600][11.718s][info][gc,marking  ] GC(13) Mark: 2 stripe(s), 2 proactive flush(es), 1 terminate flush(es), 0 completion(s), 0 continuation(s) 
[2026-04-03T01:54:56.795+0600][11.718s][info][gc,marking  ] GC(13) Mark Stack Usage: 32M
[2026-04-03T01:54:56.795+0600][11.718s][info][gc,nmethod  ] GC(13) NMethods: 3060 registered, 308 unregistered
[2026-04-03T01:54:56.795+0600][11.718s][info][gc,metaspace] GC(13) Metaspace: 47M used, 48M committed, 1088M reserved
[2026-04-03T01:54:56.795+0600][11.718s][info][gc,ref      ] GC(13) Soft: 3982 encountered, 0 discovered, 0 enqueued
[2026-04-03T01:54:56.795+0600][11.718s][info][gc,ref      ] GC(13) Weak: 2734 encountered, 358 discovered, 0 enqueued
[2026-04-03T01:54:56.795+0600][11.718s][info][gc,ref      ] GC(13) Final: 74 encountered, 0 discovered, 0 enqueued
[2026-04-03T01:54:56.795+0600][11.718s][info][gc,ref      ] GC(13) Phantom: 580 encountered, 546 discovered, 0 enqueued
[2026-04-03T01:54:56.795+0600][11.718s][info][gc,reloc    ] GC(13) Small Pages: 98 / 196M, Empty: 0M, Relocated: 8M, In-Place: 0
[2026-04-03T01:54:56.795+0600][11.718s][info][gc,reloc    ] GC(13) Medium Pages: 1 / 8M, Empty: 0M, Relocated: 0M, In-Place: 0
[2026-04-03T01:54:56.795+0600][11.718s][info][gc,reloc    ] GC(13) Large Pages: 2 / 6M, Empty: 0M, Relocated: 0M, In-Place: 0
[2026-04-03T01:54:56.795+0600][11.718s][info][gc,reloc    ] GC(13) Forwarding Usage: 6M
[2026-04-03T01:54:56.795+0600][11.718s][info][gc,heap     ] GC(13) Min Capacity: 8M(2%)
[2026-04-03T01:54:56.795+0600][11.718s][info][gc,heap     ] GC(13) Max Capacity: 500M(100%)
[2026-04-03T01:54:56.795+0600][11.718s][info][gc,heap     ] GC(13) Soft Max Capacity: 500M(100%)
[2026-04-03T01:54:56.795+0600][11.718s][info][gc,heap     ] GC(13)                Mark Start          Mark End        Relocate Start      Relocate End           High               Low         
[2026-04-03T01:54:56.795+0600][11.718s][info][gc,heap     ] GC(13)  Capacity:      444M (89%)         444M (89%)         444M (89%)         444M (89%)         444M (89%)         444M (89%)    
[2026-04-03T01:54:56.795+0600][11.718s][info][gc,heap     ] GC(13)      Free:      290M (58%)         222M (44%)         216M (43%)         300M (60%)         300M (60%)         210M (42%)    
[2026-04-03T01:54:56.795+0600][11.718s][info][gc,heap     ] GC(13)      Used:      210M (42%)         278M (56%)         284M (57%)         200M (40%)         290M (58%)         200M (40%)    
[2026-04-03T01:54:56.795+0600][11.718s][info][gc,heap     ] GC(13)      Live:         -               107M (22%)         107M (22%)         107M (22%)            -                  -          
[2026-04-03T01:54:56.795+0600][11.718s][info][gc,heap     ] GC(13) Allocated:         -                68M (14%)          74M (15%)          79M (16%)            -                  -          
[2026-04-03T01:54:56.795+0600][11.718s][info][gc,heap     ] GC(13)   Garbage:         -               102M (20%)         102M (20%)          12M (2%)             -                  -          
[2026-04-03T01:54:56.795+0600][11.718s][info][gc,heap     ] GC(13) Reclaimed:         -                  -                 0M (0%)           89M (18%)            -                  -          
[2026-04-03T01:54:56.795+0600][11.718s][info][gc          ] GC(13) Garbage Collection (Allocation Rate) 210M(42%)->200M(40%)
[2026-04-03T01:54:56.808+0600][11.732s][info][gc,start    ] GC(14) Garbage Collection (Allocation Rate)
[2026-04-03T01:54:56.808+0600][11.732s][info][gc,task     ] GC(14) Using 3 workers
[2026-04-03T01:54:56.809+0600][11.732s][info][gc,phases   ] GC(14) Pause Mark Start 0.010ms
[2026-04-03T01:54:56.877+0600][11.800s][info][gc,phases   ] GC(14) Concurrent Mark 67.644ms
[2026-04-03T01:54:56.877+0600][11.800s][info][gc,phases   ] GC(14) Pause Mark End 0.024ms
[2026-04-03T01:54:56.877+0600][11.801s][info][gc,phases   ] GC(14) Concurrent Mark Free 0.003ms
[2026-04-03T01:54:56.881+0600][11.804s][info][gc,phases   ] GC(14) Concurrent Process Non-Strong References 3.545ms
[2026-04-03T01:54:56.881+0600][11.804s][info][gc,phases   ] GC(14) Concurrent Reset Relocation Set 0.010ms
[2026-04-03T01:54:56.884+0600][11.807s][info][gc,phases   ] GC(14) Concurrent Select Relocation Set 2.857ms
[2026-04-03T01:54:56.884+0600][11.807s][info][gc,phases   ] GC(14) Pause Relocate Start 0.013ms
[2026-04-03T01:54:56.891+0600][11.814s][info][gc,phases   ] GC(14) Concurrent Relocate 6.831ms
[2026-04-03T01:54:56.891+0600][11.814s][info][gc,load     ] GC(14) Load: 6.66/7.61/7.42
[2026-04-03T01:54:56.891+0600][11.814s][info][gc,mmu      ] GC(14) MMU: 2ms/94.2%, 5ms/97.7%, 10ms/98.7%, 20ms/99.3%, 50ms/99.7%, 100ms/99.8%
[2026-04-03T01:54:56.891+0600][11.814s][info][gc,marking  ] GC(14) Mark: 2 stripe(s), 3 proactive flush(es), 1 terminate flush(es), 0 completion(s), 0 continuation(s) 
[2026-04-03T01:54:56.891+0600][11.814s][info][gc,marking  ] GC(14) Mark Stack Usage: 32M
[2026-04-03T01:54:56.891+0600][11.814s][info][gc,nmethod  ] GC(14) NMethods: 3060 registered, 308 unregistered
[2026-04-03T01:54:56.891+0600][11.814s][info][gc,metaspace] GC(14) Metaspace: 47M used, 48M committed, 1088M reserved
[2026-04-03T01:54:56.891+0600][11.814s][info][gc,ref      ] GC(14) Soft: 3982 encountered, 0 discovered, 0 enqueued
[2026-04-03T01:54:56.891+0600][11.814s][info][gc,ref      ] GC(14) Weak: 2734 encountered, 753 discovered, 0 enqueued
[2026-04-03T01:54:56.891+0600][11.814s][info][gc,ref      ] GC(14) Final: 74 encountered, 0 discovered, 0 enqueued
[2026-04-03T01:54:56.891+0600][11.814s][info][gc,ref      ] GC(14) Phantom: 580 encountered, 551 discovered, 0 enqueued
[2026-04-03T01:54:56.891+0600][11.814s][info][gc,reloc    ] GC(14) Small Pages: 100 / 200M, Empty: 0M, Relocated: 8M, In-Place: 0
[2026-04-03T01:54:56.891+0600][11.814s][info][gc,reloc    ] GC(14) Medium Pages: 1 / 8M, Empty: 0M, Relocated: 0M, In-Place: 0
[2026-04-03T01:54:56.891+0600][11.815s][info][gc,reloc    ] GC(14) Large Pages: 2 / 6M, Empty: 0M, Relocated: 0M, In-Place: 0
[2026-04-03T01:54:56.891+0600][11.815s][info][gc,reloc    ] GC(14) Forwarding Usage: 6M
[2026-04-03T01:54:56.891+0600][11.815s][info][gc,heap     ] GC(14) Min Capacity: 8M(2%)
[2026-04-03T01:54:56.891+0600][11.815s][info][gc,heap     ] GC(14) Max Capacity: 500M(100%)
[2026-04-03T01:54:56.891+0600][11.815s][info][gc,heap     ] GC(14) Soft Max Capacity: 500M(100%)
[2026-04-03T01:54:56.891+0600][11.815s][info][gc,heap     ] GC(14)                Mark Start          Mark End        Relocate Start      Relocate End           High               Low         
[2026-04-03T01:54:56.891+0600][11.815s][info][gc,heap     ] GC(14)  Capacity:      444M (89%)         444M (89%)         444M (89%)         444M (89%)         444M (89%)         444M (89%)    
[2026-04-03T01:54:56.891+0600][11.815s][info][gc,heap     ] GC(14)      Free:      286M (57%)         222M (44%)         216M (43%)         294M (59%)         294M (59%)         208M (42%)    
[2026-04-03T01:54:56.891+0600][11.815s][info][gc,heap     ] GC(14)      Used:      214M (43%)         278M (56%)         284M (57%)         206M (41%)         292M (58%)         206M (41%)    
[2026-04-03T01:54:56.891+0600][11.815s][info][gc,heap     ] GC(14)      Live:         -               115M (23%)         115M (23%)         115M (23%)            -                  -          
[2026-04-03T01:54:56.891+0600][11.815s][info][gc,heap     ] GC(14) Allocated:         -                64M (13%)          70M (14%)          77M (16%)            -                  -          
[2026-04-03T01:54:56.891+0600][11.815s][info][gc,heap     ] GC(14)   Garbage:         -                98M (20%)          98M (20%)          12M (3%)             -                  -          
[2026-04-03T01:54:56.891+0600][11.815s][info][gc,heap     ] GC(14) Reclaimed:         -                  -                 0M (0%)           85M (17%)            -                  -          
[2026-04-03T01:54:56.891+0600][11.815s][info][gc          ] GC(14) Garbage Collection (Allocation Rate) 214M(43%)->206M(41%)
[2026-04-03T01:54:56.909+0600][11.832s][info][gc,start    ] GC(15) Garbage Collection (Allocation Rate)
[2026-04-03T01:54:56.909+0600][11.832s][info][gc,task     ] GC(15) Using 3 workers
[2026-04-03T01:54:56.909+0600][11.832s][info][gc,phases   ] GC(15) Pause Mark Start 0.009ms
[2026-04-03T01:54:56.988+0600][11.911s][info][gc,phases   ] GC(15) Concurrent Mark 78.662ms
[2026-04-03T01:54:56.988+0600][11.911s][info][gc,phases   ] GC(15) Pause Mark End 0.020ms
[2026-04-03T01:54:56.988+0600][11.912s][info][gc,phases   ] GC(15) Concurrent Mark Free 0.001ms
[2026-04-03T01:54:56.992+0600][11.915s][info][gc,phases   ] GC(15) Concurrent Process Non-Strong References 3.368ms
[2026-04-03T01:54:56.992+0600][11.915s][info][gc,phases   ] GC(15) Concurrent Reset Relocation Set 0.009ms
[2026-04-03T01:54:56.994+0600][11.918s][info][gc,phases   ] GC(15) Concurrent Select Relocation Set 2.586ms
[2026-04-03T01:54:56.994+0600][11.918s][info][gc,phases   ] GC(15) Pause Relocate Start 0.009ms
[2026-04-03T01:54:57.002+0600][11.926s][info][gc,phases   ] GC(15) Concurrent Relocate 7.786ms
[2026-04-03T01:54:57.002+0600][11.926s][info][gc,load     ] GC(15) Load: 6.66/7.61/7.42
[2026-04-03T01:54:57.002+0600][11.926s][info][gc,mmu      ] GC(15) MMU: 2ms/94.2%, 5ms/97.7%, 10ms/98.7%, 20ms/99.3%, 50ms/99.7%, 100ms/99.8%
[2026-04-03T01:54:57.002+0600][11.926s][info][gc,marking  ] GC(15) Mark: 2 stripe(s), 2 proactive flush(es), 1 terminate flush(es), 0 completion(s), 0 continuation(s) 
[2026-04-03T01:54:57.002+0600][11.926s][info][gc,marking  ] GC(15) Mark Stack Usage: 32M
[2026-04-03T01:54:57.002+0600][11.926s][info][gc,nmethod  ] GC(15) NMethods: 3060 registered, 308 unregistered
[2026-04-03T01:54:57.002+0600][11.926s][info][gc,metaspace] GC(15) Metaspace: 47M used, 48M committed, 1088M reserved
[2026-04-03T01:54:57.003+0600][11.926s][info][gc,ref      ] GC(15) Soft: 3982 encountered, 0 discovered, 0 enqueued
[2026-04-03T01:54:57.003+0600][11.926s][info][gc,ref      ] GC(15) Weak: 2734 encountered, 697 discovered, 0 enqueued
[2026-04-03T01:54:57.003+0600][11.926s][info][gc,ref      ] GC(15) Final: 74 encountered, 0 discovered, 0 enqueued
[2026-04-03T01:54:57.003+0600][11.926s][info][gc,ref      ] GC(15) Phantom: 580 encountered, 238 discovered, 0 enqueued
[2026-04-03T01:54:57.003+0600][11.926s][info][gc,reloc    ] GC(15) Small Pages: 105 / 210M, Empty: 0M, Relocated: 8M, In-Place: 0
[2026-04-03T01:54:57.003+0600][11.926s][info][gc,reloc    ] GC(15) Medium Pages: 1 / 8M, Empty: 0M, Relocated: 0M, In-Place: 0
[2026-04-03T01:54:57.003+0600][11.926s][info][gc,reloc    ] GC(15) Large Pages: 2 / 6M, Empty: 0M, Relocated: 0M, In-Place: 0
[2026-04-03T01:54:57.003+0600][11.926s][info][gc,reloc    ] GC(15) Forwarding Usage: 6M
[2026-04-03T01:54:57.003+0600][11.926s][info][gc,heap     ] GC(15) Min Capacity: 8M(2%)
[2026-04-03T01:54:57.003+0600][11.926s][info][gc,heap     ] GC(15) Max Capacity: 500M(100%)
[2026-04-03T01:54:57.003+0600][11.926s][info][gc,heap     ] GC(15) Soft Max Capacity: 500M(100%)
[2026-04-03T01:54:57.003+0600][11.926s][info][gc,heap     ] GC(15)                Mark Start          Mark End        Relocate Start      Relocate End           High               Low         
[2026-04-03T01:54:57.003+0600][11.926s][info][gc,heap     ] GC(15)  Capacity:      444M (89%)         444M (89%)         444M (89%)         444M (89%)         444M (89%)         444M (89%)    
[2026-04-03T01:54:57.003+0600][11.926s][info][gc,heap     ] GC(15)      Free:      276M (55%)         198M (40%)         194M (39%)         274M (55%)         276M (55%)         190M (38%)    
[2026-04-03T01:54:57.003+0600][11.926s][info][gc,heap     ] GC(15)      Used:      224M (45%)         302M (60%)         306M (61%)         226M (45%)         310M (62%)         224M (45%)    
[2026-04-03T01:54:57.003+0600][11.926s][info][gc,heap     ] GC(15)      Live:         -               122M (25%)         122M (25%)         122M (25%)            -                  -          
[2026-04-03T01:54:57.003+0600][11.926s][info][gc,heap     ] GC(15) Allocated:         -                78M (16%)          82M (16%)          89M (18%)            -                  -          
[2026-04-03T01:54:57.003+0600][11.926s][info][gc,heap     ] GC(15)   Garbage:         -               101M (20%)         101M (20%)          13M (3%)             -                  -          
[2026-04-03T01:54:57.003+0600][11.926s][info][gc,heap     ] GC(15) Reclaimed:         -                  -                 0M (0%)           87M (18%)            -                  -          
[2026-04-03T01:54:57.003+0600][11.926s][info][gc          ] GC(15) Garbage Collection (Allocation Rate) 224M(45%)->226M(45%)
[2026-04-03T01:54:57.009+0600][11.932s][info][gc,start    ] GC(16) Garbage Collection (Allocation Rate)
[2026-04-03T01:54:57.009+0600][11.932s][info][gc,task     ] GC(16) Using 3 workers
[2026-04-03T01:54:57.009+0600][11.933s][info][gc,phases   ] GC(16) Pause Mark Start 0.037ms
[2026-04-03T01:54:57.092+0600][12.015s][info][gc,phases   ] GC(16) Concurrent Mark 82.568ms
[2026-04-03T01:54:57.092+0600][12.016s][info][gc,phases   ] GC(16) Pause Mark End 0.024ms
[2026-04-03T01:54:57.092+0600][12.016s][info][gc,phases   ] GC(16) Concurrent Mark Free 0.003ms
[2026-04-03T01:54:57.096+0600][12.019s][info][gc,phases   ] GC(16) Concurrent Process Non-Strong References 3.132ms
[2026-04-03T01:54:57.096+0600][12.019s][info][gc,phases   ] GC(16) Concurrent Reset Relocation Set 0.009ms
[2026-04-03T01:54:57.098+0600][12.022s][info][gc,phases   ] GC(16) Concurrent Select Relocation Set 2.524ms
[2026-04-03T01:54:57.098+0600][12.022s][info][gc,phases   ] GC(16) Pause Relocate Start 0.013ms
[2026-04-03T01:54:57.105+0600][12.028s][info][gc,phases   ] GC(16) Concurrent Relocate 6.129ms
[2026-04-03T01:54:57.105+0600][12.028s][info][gc,load     ] GC(16) Load: 6.66/7.61/7.42
[2026-04-03T01:54:57.105+0600][12.028s][info][gc,mmu      ] GC(16) MMU: 2ms/94.2%, 5ms/97.7%, 10ms/98.7%, 20ms/99.3%, 50ms/99.7%, 100ms/99.8%
[2026-04-03T01:54:57.105+0600][12.028s][info][gc,marking  ] GC(16) Mark: 2 stripe(s), 2 proactive flush(es), 1 terminate flush(es), 0 completion(s), 0 continuation(s) 
[2026-04-03T01:54:57.105+0600][12.028s][info][gc,marking  ] GC(16) Mark Stack Usage: 32M
[2026-04-03T01:54:57.105+0600][12.028s][info][gc,nmethod  ] GC(16) NMethods: 3060 registered, 308 unregistered
[2026-04-03T01:54:57.105+0600][12.028s][info][gc,metaspace] GC(16) Metaspace: 47M used, 48M committed, 1088M reserved
[2026-04-03T01:54:57.105+0600][12.028s][info][gc,ref      ] GC(16) Soft: 3982 encountered, 0 discovered, 0 enqueued
[2026-04-03T01:54:57.105+0600][12.028s][info][gc,ref      ] GC(16) Weak: 2734 encountered, 545 discovered, 0 enqueued
[2026-04-03T01:54:57.105+0600][12.028s][info][gc,ref      ] GC(16) Final: 74 encountered, 0 discovered, 0 enqueued
[2026-04-03T01:54:57.105+0600][12.028s][info][gc,ref      ] GC(16) Phantom: 580 encountered, 540 discovered, 0 enqueued
[2026-04-03T01:54:57.105+0600][12.028s][info][gc,reloc    ] GC(16) Small Pages: 109 / 218M, Empty: 0M, Relocated: 8M, In-Place: 0
[2026-04-03T01:54:57.105+0600][12.028s][info][gc,reloc    ] GC(16) Medium Pages: 1 / 8M, Empty: 0M, Relocated: 0M, In-Place: 0
[2026-04-03T01:54:57.105+0600][12.028s][info][gc,reloc    ] GC(16) Large Pages: 2 / 6M, Empty: 0M, Relocated: 0M, In-Place: 0
[2026-04-03T01:54:57.105+0600][12.028s][info][gc,reloc    ] GC(16) Forwarding Usage: 6M
[2026-04-03T01:54:57.105+0600][12.028s][info][gc,heap     ] GC(16) Min Capacity: 8M(2%)
[2026-04-03T01:54:57.105+0600][12.028s][info][gc,heap     ] GC(16) Max Capacity: 500M(100%)
[2026-04-03T01:54:57.105+0600][12.028s][info][gc,heap     ] GC(16) Soft Max Capacity: 500M(100%)
[2026-04-03T01:54:57.105+0600][12.028s][info][gc,heap     ] GC(16)                Mark Start          Mark End        Relocate Start      Relocate End           High               Low         
[2026-04-03T01:54:57.105+0600][12.028s][info][gc,heap     ] GC(16)  Capacity:      444M (89%)         444M (89%)         444M (89%)         444M (89%)         444M (89%)         444M (89%)    
[2026-04-03T01:54:57.105+0600][12.028s][info][gc,heap     ] GC(16)      Free:      268M (54%)         188M (38%)         182M (36%)         264M (53%)         268M (54%)         176M (35%)    
[2026-04-03T01:54:57.105+0600][12.028s][info][gc,heap     ] GC(16)      Used:      232M (46%)         312M (62%)         318M (64%)         236M (47%)         324M (65%)         232M (46%)    
[2026-04-03T01:54:57.105+0600][12.028s][info][gc,heap     ] GC(16)      Live:         -               129M (26%)         129M (26%)         129M (26%)            -                  -          
[2026-04-03T01:54:57.105+0600][12.028s][info][gc,heap     ] GC(16) Allocated:         -                80M (16%)          86M (17%)          91M (18%)            -                  -          
[2026-04-03T01:54:57.105+0600][12.028s][info][gc,heap     ] GC(16)   Garbage:         -               102M (20%)         102M (20%)          14M (3%)             -                  -          
[2026-04-03T01:54:57.105+0600][12.028s][info][gc,heap     ] GC(16) Reclaimed:         -                  -                 0M (0%)           87M (18%)            -                  -          
[2026-04-03T01:54:57.105+0600][12.028s][info][gc          ] GC(16) Garbage Collection (Allocation Rate) 232M(46%)->236M(47%)
[2026-04-03T01:54:57.108+0600][12.031s][info][gc,start    ] GC(17) Garbage Collection (Allocation Rate)
[2026-04-03T01:54:57.108+0600][12.031s][info][gc,task     ] GC(17) Using 3 workers
[2026-04-03T01:54:57.108+0600][12.031s][info][gc,phases   ] GC(17) Pause Mark Start 0.007ms
[2026-04-03T01:54:57.192+0600][12.115s][info][gc,phases   ] GC(17) Concurrent Mark 83.872ms
[2026-04-03T01:54:57.192+0600][12.116s][info][gc,phases   ] GC(17) Pause Mark End 0.022ms
[2026-04-03T01:54:57.193+0600][12.116s][info][gc,phases   ] GC(17) Concurrent Mark Free 0.002ms
[2026-04-03T01:54:57.196+0600][12.119s][info][gc,phases   ] GC(17) Concurrent Process Non-Strong References 3.024ms
[2026-04-03T01:54:57.196+0600][12.119s][info][gc,phases   ] GC(17) Concurrent Reset Relocation Set 0.009ms
[2026-04-03T01:54:57.199+0600][12.123s][info][gc,phases   ] GC(17) Concurrent Select Relocation Set 3.542ms
[2026-04-03T01:54:57.199+0600][12.123s][info][gc,phases   ] GC(17) Pause Relocate Start 0.013ms
[2026-04-03T01:54:57.210+0600][12.134s][info][gc,phases   ] GC(17) Concurrent Relocate 10.829ms
[2026-04-03T01:54:57.210+0600][12.134s][info][gc,load     ] GC(17) Load: 6.66/7.61/7.42
[2026-04-03T01:54:57.210+0600][12.134s][info][gc,mmu      ] GC(17) MMU: 2ms/94.2%, 5ms/97.7%, 10ms/98.7%, 20ms/99.3%, 50ms/99.7%, 100ms/99.8%
[2026-04-03T01:54:57.211+0600][12.134s][info][gc,marking  ] GC(17) Mark: 2 stripe(s), 6 proactive flush(es), 1 terminate flush(es), 0 completion(s), 0 continuation(s) 
[2026-04-03T01:54:57.211+0600][12.134s][info][gc,marking  ] GC(17) Mark Stack Usage: 32M
[2026-04-03T01:54:57.211+0600][12.134s][info][gc,nmethod  ] GC(17) NMethods: 3060 registered, 308 unregistered
[2026-04-03T01:54:57.211+0600][12.134s][info][gc,metaspace] GC(17) Metaspace: 47M used, 48M committed, 1088M reserved
[2026-04-03T01:54:57.211+0600][12.134s][info][gc,ref      ] GC(17) Soft: 3982 encountered, 0 discovered, 0 enqueued
[2026-04-03T01:54:57.211+0600][12.134s][info][gc,ref      ] GC(17) Weak: 2734 encountered, 1352 discovered, 0 enqueued
[2026-04-03T01:54:57.211+0600][12.134s][info][gc,ref      ] GC(17) Final: 74 encountered, 0 discovered, 0 enqueued
[2026-04-03T01:54:57.211+0600][12.134s][info][gc,ref      ] GC(17) Phantom: 580 encountered, 539 discovered, 0 enqueued
[2026-04-03T01:54:57.211+0600][12.134s][info][gc,reloc    ] GC(17) Small Pages: 113 / 226M, Empty: 0M, Relocated: 12M, In-Place: 0
[2026-04-03T01:54:57.211+0600][12.134s][info][gc,reloc    ] GC(17) Medium Pages: 1 / 8M, Empty: 0M, Relocated: 0M, In-Place: 0
[2026-04-03T01:54:57.211+0600][12.134s][info][gc,reloc    ] GC(17) Large Pages: 2 / 6M, Empty: 0M, Relocated: 0M, In-Place: 0
[2026-04-03T01:54:57.211+0600][12.134s][info][gc,reloc    ] GC(17) Forwarding Usage: 8M
[2026-04-03T01:54:57.211+0600][12.134s][info][gc,heap     ] GC(17) Min Capacity: 8M(2%)
[2026-04-03T01:54:57.211+0600][12.134s][info][gc,heap     ] GC(17) Max Capacity: 500M(100%)
[2026-04-03T01:54:57.211+0600][12.134s][info][gc,heap     ] GC(17) Soft Max Capacity: 500M(100%)
[2026-04-03T01:54:57.211+0600][12.134s][info][gc,heap     ] GC(17)                Mark Start          Mark End        Relocate Start      Relocate End           High               Low         
[2026-04-03T01:54:57.211+0600][12.134s][info][gc,heap     ] GC(17)  Capacity:      444M (89%)         444M (89%)         444M (89%)         444M (89%)         444M (89%)         444M (89%)    
[2026-04-03T01:54:57.211+0600][12.134s][info][gc,heap     ] GC(17)      Free:      260M (52%)         174M (35%)         170M (34%)         248M (50%)         260M (52%)         164M (33%)    
[2026-04-03T01:54:57.211+0600][12.134s][info][gc,heap     ] GC(17)      Used:      240M (48%)         326M (65%)         330M (66%)         252M (50%)         336M (67%)         240M (48%)    
[2026-04-03T01:54:57.211+0600][12.134s][info][gc,heap     ] GC(17)      Live:         -               137M (27%)         137M (27%)         137M (27%)            -                  -          
[2026-04-03T01:54:57.211+0600][12.134s][info][gc,heap     ] GC(17) Allocated:         -                86M (17%)          90M (18%)         101M (20%)            -                  -          
[2026-04-03T01:54:57.211+0600][12.134s][info][gc,heap     ] GC(17)   Garbage:         -               102M (21%)         102M (21%)          12M (3%)             -                  -          
[2026-04-03T01:54:57.211+0600][12.134s][info][gc,heap     ] GC(17) Reclaimed:         -                  -                 0M (0%)           89M (18%)            -                  -          
[2026-04-03T01:54:57.211+0600][12.134s][info][gc          ] GC(17) Garbage Collection (Allocation Rate) 240M(48%)->252M(50%)
[2026-04-03T01:54:57.308+0600][12.232s][info][gc,start    ] GC(18) Garbage Collection (Allocation Rate)
[2026-04-03T01:54:57.308+0600][12.232s][info][gc,task     ] GC(18) Using 3 workers
[2026-04-03T01:54:57.309+0600][12.232s][info][gc,phases   ] GC(18) Pause Mark Start 0.011ms
[2026-04-03T01:54:57.399+0600][12.322s][info][gc,phases   ] GC(18) Concurrent Mark 90.365ms
[2026-04-03T01:54:57.399+0600][12.323s][info][gc,phases   ] GC(18) Pause Mark End 0.020ms
[2026-04-03T01:54:57.399+0600][12.323s][info][gc,phases   ] GC(18) Concurrent Mark Free 0.003ms
[2026-04-03T01:54:57.403+0600][12.326s][info][gc,phases   ] GC(18) Concurrent Process Non-Strong References 3.487ms
[2026-04-03T01:54:57.403+0600][12.326s][info][gc,phases   ] GC(18) Concurrent Reset Relocation Set 0.005ms
[2026-04-03T01:54:57.406+0600][12.329s][info][gc,phases   ] GC(18) Concurrent Select Relocation Set 2.818ms
[2026-04-03T01:54:57.406+0600][12.329s][info][gc,phases   ] GC(18) Pause Relocate Start 0.012ms
[2026-04-03T01:54:57.415+0600][12.339s][info][gc,phases   ] GC(18) Concurrent Relocate 9.228ms
[2026-04-03T01:54:57.415+0600][12.339s][info][gc,load     ] GC(18) Load: 6.66/7.61/7.42
[2026-04-03T01:54:57.415+0600][12.339s][info][gc,mmu      ] GC(18) MMU: 2ms/94.2%, 5ms/97.7%, 10ms/98.7%, 20ms/99.3%, 50ms/99.7%, 100ms/99.8%
[2026-04-03T01:54:57.415+0600][12.339s][info][gc,marking  ] GC(18) Mark: 2 stripe(s), 2 proactive flush(es), 1 terminate flush(es), 0 completion(s), 0 continuation(s) 
[2026-04-03T01:54:57.415+0600][12.339s][info][gc,marking  ] GC(18) Mark Stack Usage: 32M
[2026-04-03T01:54:57.415+0600][12.339s][info][gc,nmethod  ] GC(18) NMethods: 3120 registered, 331 unregistered
[2026-04-03T01:54:57.415+0600][12.339s][info][gc,metaspace] GC(18) Metaspace: 47M used, 48M committed, 1088M reserved
[2026-04-03T01:54:57.415+0600][12.339s][info][gc,ref      ] GC(18) Soft: 3982 encountered, 0 discovered, 0 enqueued
[2026-04-03T01:54:57.415+0600][12.339s][info][gc,ref      ] GC(18) Weak: 2734 encountered, 887 discovered, 0 enqueued
[2026-04-03T01:54:57.415+0600][12.339s][info][gc,ref      ] GC(18) Final: 74 encountered, 0 discovered, 0 enqueued
[2026-04-03T01:54:57.415+0600][12.339s][info][gc,ref      ] GC(18) Phantom: 581 encountered, 209 discovered, 0 enqueued
[2026-04-03T01:54:57.415+0600][12.339s][info][gc,reloc    ] GC(18) Small Pages: 135 / 270M, Empty: 0M, Relocated: 10M, In-Place: 0
[2026-04-03T01:54:57.415+0600][12.339s][info][gc,reloc    ] GC(18) Medium Pages: 1 / 8M, Empty: 0M, Relocated: 0M, In-Place: 0
[2026-04-03T01:54:57.415+0600][12.339s][info][gc,reloc    ] GC(18) Large Pages: 2 / 6M, Empty: 0M, Relocated: 0M, In-Place: 0
[2026-04-03T01:54:57.415+0600][12.339s][info][gc,reloc    ] GC(18) Forwarding Usage: 8M
[2026-04-03T01:54:57.415+0600][12.339s][info][gc,heap     ] GC(18) Min Capacity: 8M(2%)
[2026-04-03T01:54:57.415+0600][12.339s][info][gc,heap     ] GC(18) Max Capacity: 500M(100%)
[2026-04-03T01:54:57.415+0600][12.339s][info][gc,heap     ] GC(18) Soft Max Capacity: 500M(100%)
[2026-04-03T01:54:57.415+0600][12.339s][info][gc,heap     ] GC(18)                Mark Start          Mark End        Relocate Start      Relocate End           High               Low         
[2026-04-03T01:54:57.415+0600][12.339s][info][gc,heap     ] GC(18)  Capacity:      444M (89%)         444M (89%)         444M (89%)         444M (89%)         444M (89%)         444M (89%)    
[2026-04-03T01:54:57.415+0600][12.339s][info][gc,heap     ] GC(18)      Free:      216M (43%)         214M (43%)         214M (43%)         338M (68%)         338M (68%)         210M (42%)    
[2026-04-03T01:54:57.415+0600][12.339s][info][gc,heap     ] GC(18)      Used:      284M (57%)         286M (57%)         286M (57%)         162M (32%)         290M (58%)         162M (32%)    
[2026-04-03T01:54:57.415+0600][12.339s][info][gc,heap     ] GC(18)      Live:         -               147M (30%)         147M (30%)         147M (30%)            -                  -          
[2026-04-03T01:54:57.415+0600][12.339s][info][gc,heap     ] GC(18) Allocated:         -                 2M (0%)            2M (0%)            1M (0%)             -                  -          
[2026-04-03T01:54:57.415+0600][12.339s][info][gc,heap     ] GC(18)   Garbage:         -               136M (27%)         136M (27%)          12M (2%)             -                  -          
[2026-04-03T01:54:57.415+0600][12.339s][info][gc,heap     ] GC(18) Reclaimed:         -                  -                 0M (0%)          123M (25%)            -                  -          
[2026-04-03T01:54:57.415+0600][12.339s][info][gc          ] GC(18) Garbage Collection (Allocation Rate) 284M(57%)->162M(32%)
[2026-04-03T01:54:57.609+0600][12.532s][info][gc,start    ] GC(19) Garbage Collection (Allocation Rate)
[2026-04-03T01:54:57.609+0600][12.532s][info][gc,task     ] GC(19) Using 2 workers
[2026-04-03T01:54:57.609+0600][12.532s][info][gc,phases   ] GC(19) Pause Mark Start 0.010ms
[2026-04-03T01:54:57.635+0600][12.558s][info][gc,phases   ] GC(19) Concurrent Mark 25.632ms
[2026-04-03T01:54:57.635+0600][12.558s][info][gc,phases   ] GC(19) Pause Mark End 0.138ms
[2026-04-03T01:54:57.635+0600][12.559s][info][gc,phases   ] GC(19) Concurrent Mark Free 0.003ms
[2026-04-03T01:54:57.641+0600][12.564s][info][gc,phases   ] GC(19) Concurrent Process Non-Strong References 5.441ms
[2026-04-03T01:54:57.641+0600][12.564s][info][gc,phases   ] GC(19) Concurrent Reset Relocation Set 0.017ms
[2026-04-03T01:54:57.646+0600][12.569s][info][gc,phases   ] GC(19) Concurrent Select Relocation Set 4.831ms
[2026-04-03T01:54:57.646+0600][12.569s][info][gc,phases   ] GC(19) Pause Relocate Start 0.013ms
[2026-04-03T01:54:57.647+0600][12.570s][info][gc,phases   ] GC(19) Concurrent Relocate 0.980ms
[2026-04-03T01:54:57.647+0600][12.570s][info][gc,load     ] GC(19) Load: 6.66/7.61/7.42
[2026-04-03T01:54:57.647+0600][12.570s][info][gc,mmu      ] GC(19) MMU: 2ms/93.1%, 5ms/97.2%, 10ms/98.6%, 20ms/99.2%, 50ms/99.7%, 100ms/99.8%
[2026-04-03T01:54:57.647+0600][12.570s][info][gc,marking  ] GC(19) Mark: 2 stripe(s), 2 proactive flush(es), 1 terminate flush(es), 1 completion(s), 0 continuation(s) 
[2026-04-03T01:54:57.647+0600][12.570s][info][gc,marking  ] GC(19) Mark Stack Usage: 32M
[2026-04-03T01:54:57.647+0600][12.570s][info][gc,nmethod  ] GC(19) NMethods: 3138 registered, 349 unregistered
[2026-04-03T01:54:57.647+0600][12.570s][info][gc,metaspace] GC(19) Metaspace: 49M used, 50M committed, 1088M reserved
[2026-04-03T01:54:57.647+0600][12.570s][info][gc,ref      ] GC(19) Soft: 3986 encountered, 0 discovered, 0 enqueued
[2026-04-03T01:54:57.647+0600][12.571s][info][gc,ref      ] GC(19) Weak: 2832 encountered, 1911 discovered, 46 enqueued
[2026-04-03T01:54:57.647+0600][12.571s][info][gc,ref      ] GC(19) Final: 74 encountered, 0 discovered, 0 enqueued
[2026-04-03T01:54:57.647+0600][12.571s][info][gc,ref      ] GC(19) Phantom: 584 encountered, 205 discovered, 1 enqueued
[2026-04-03T01:54:57.647+0600][12.571s][info][gc,reloc    ] GC(19) Small Pages: 94 / 188M, Empty: 104M, Relocated: 1M, In-Place: 0
[2026-04-03T01:54:57.647+0600][12.571s][info][gc,reloc    ] GC(19) Medium Pages: 1 / 8M, Empty: 0M, Relocated: 0M, In-Place: 0
[2026-04-03T01:54:57.647+0600][12.571s][info][gc,reloc    ] GC(19) Large Pages: 2 / 6M, Empty: 0M, Relocated: 0M, In-Place: 0
[2026-04-03T01:54:57.647+0600][12.571s][info][gc,reloc    ] GC(19) Forwarding Usage: 0M
[2026-04-03T01:54:57.647+0600][12.571s][info][gc,heap     ] GC(19) Min Capacity: 8M(2%)
[2026-04-03T01:54:57.647+0600][12.571s][info][gc,heap     ] GC(19) Max Capacity: 500M(100%)
[2026-04-03T01:54:57.647+0600][12.571s][info][gc,heap     ] GC(19) Soft Max Capacity: 500M(100%)
[2026-04-03T01:54:57.647+0600][12.571s][info][gc,heap     ] GC(19)                Mark Start          Mark End        Relocate Start      Relocate End           High               Low         
[2026-04-03T01:54:57.647+0600][12.571s][info][gc,heap     ] GC(19)  Capacity:      444M (89%)         444M (89%)         444M (89%)         444M (89%)         444M (89%)         444M (89%)    
[2026-04-03T01:54:57.647+0600][12.571s][info][gc,heap     ] GC(19)      Free:      298M (60%)         296M (59%)         398M (80%)         452M (90%)         452M (90%)         294M (59%)    
[2026-04-03T01:54:57.647+0600][12.571s][info][gc,heap     ] GC(19)      Used:      202M (40%)         204M (41%)         102M (20%)          48M (10%)         206M (41%)          48M (10%)    
[2026-04-03T01:54:57.647+0600][12.571s][info][gc,heap     ] GC(19)      Live:         -                32M (6%)           32M (6%)           32M (6%)             -                  -          
[2026-04-03T01:54:57.647+0600][12.571s][info][gc,heap     ] GC(19) Allocated:         -                 2M (0%)            4M (1%)            3M (1%)             -                  -          
[2026-04-03T01:54:57.647+0600][12.571s][info][gc,heap     ] GC(19)   Garbage:         -               169M (34%)          65M (13%)          11M (2%)             -                  -          
[2026-04-03T01:54:57.647+0600][12.571s][info][gc,heap     ] GC(19) Reclaimed:         -                  -               104M (21%)         157M (32%)            -                  -          
[2026-04-03T01:54:57.647+0600][12.571s][info][gc          ] GC(19) Garbage Collection (Allocation Rate) 202M(40%)->48M(10%)
[2026-04-03T01:54:57.709+0600][12.632s][info][gc,start    ] GC(20) Garbage Collection (Allocation Rate)
[2026-04-03T01:54:57.709+0600][12.632s][info][gc,task     ] GC(20) Using 2 workers
[2026-04-03T01:54:57.709+0600][12.632s][info][gc,phases   ] GC(20) Pause Mark Start 0.012ms
[2026-04-03T01:54:57.734+0600][12.658s][info][gc,phases   ] GC(20) Concurrent Mark 25.233ms
[2026-04-03T01:54:57.735+0600][12.658s][info][gc,phases   ] GC(20) Pause Mark End 0.189ms
[2026-04-03T01:54:57.735+0600][12.658s][info][gc,phases   ] GC(20) Concurrent Mark Free 0.002ms
[2026-04-03T01:54:57.740+0600][12.664s][info][gc,phases   ] GC(20) Concurrent Process Non-Strong References 5.348ms
[2026-04-03T01:54:57.740+0600][12.664s][info][gc,phases   ] GC(20) Concurrent Reset Relocation Set 0.004ms
[2026-04-03T01:54:57.744+0600][12.667s][info][gc,phases   ] GC(20) Concurrent Select Relocation Set 3.509ms
[2026-04-03T01:54:57.744+0600][12.667s][info][gc,phases   ] GC(20) Pause Relocate Start 0.016ms
[2026-04-03T01:54:57.745+0600][12.668s][info][gc,phases   ] GC(20) Concurrent Relocate 1.066ms
[2026-04-03T01:54:57.745+0600][12.668s][info][gc,load     ] GC(20) Load: 6.66/7.61/7.42
[2026-04-03T01:54:57.745+0600][12.668s][info][gc,mmu      ] GC(20) MMU: 2ms/90.6%, 5ms/96.2%, 10ms/98.0%, 20ms/99.0%, 50ms/99.6%, 100ms/99.6%
[2026-04-03T01:54:57.745+0600][12.668s][info][gc,marking  ] GC(20) Mark: 2 stripe(s), 4 proactive flush(es), 1 terminate flush(es), 1 completion(s), 0 continuation(s) 
[2026-04-03T01:54:57.745+0600][12.669s][info][gc,marking  ] GC(20) Mark Stack Usage: 32M
[2026-04-03T01:54:57.745+0600][12.669s][info][gc,nmethod  ] GC(20) NMethods: 3154 registered, 375 unregistered
[2026-04-03T01:54:57.745+0600][12.669s][info][gc,metaspace] GC(20) Metaspace: 50M used, 51M committed, 1088M reserved
[2026-04-03T01:54:57.745+0600][12.669s][info][gc,ref      ] GC(20) Soft: 3999 encountered, 0 discovered, 0 enqueued
[2026-04-03T01:54:57.745+0600][12.669s][info][gc,ref      ] GC(20) Weak: 3019 encountered, 415 discovered, 104 enqueued
[2026-04-03T01:54:57.745+0600][12.669s][info][gc,ref      ] GC(20) Final: 74 encountered, 0 discovered, 0 enqueued
[2026-04-03T01:54:57.745+0600][12.669s][info][gc,ref      ] GC(20) Phantom: 583 encountered, 541 discovered, 0 enqueued
[2026-04-03T01:54:57.745+0600][12.669s][info][gc,reloc    ] GC(20) Small Pages: 21 / 42M, Empty: 0M, Relocated: 1M, In-Place: 0
[2026-04-03T01:54:57.745+0600][12.669s][info][gc,reloc    ] GC(20) Medium Pages: 1 / 8M, Empty: 0M, Relocated: 0M, In-Place: 0
[2026-04-03T01:54:57.745+0600][12.669s][info][gc,reloc    ] GC(20) Large Pages: 2 / 6M, Empty: 0M, Relocated: 0M, In-Place: 0
[2026-04-03T01:54:57.745+0600][12.669s][info][gc,reloc    ] GC(20) Forwarding Usage: 0M
[2026-04-03T01:54:57.745+0600][12.669s][info][gc,heap     ] GC(20) Min Capacity: 8M(2%)
[2026-04-03T01:54:57.745+0600][12.669s][info][gc,heap     ] GC(20) Max Capacity: 500M(100%)
[2026-04-03T01:54:57.745+0600][12.669s][info][gc,heap     ] GC(20) Soft Max Capacity: 500M(100%)
[2026-04-03T01:54:57.745+0600][12.669s][info][gc,heap     ] GC(20)                Mark Start          Mark End        Relocate Start      Relocate End           High               Low         
[2026-04-03T01:54:57.745+0600][12.669s][info][gc,heap     ] GC(20)  Capacity:      444M (89%)         444M (89%)         444M (89%)         444M (89%)         444M (89%)         444M (89%)    
[2026-04-03T01:54:57.745+0600][12.669s][info][gc,heap     ] GC(20)      Free:      444M (89%)         442M (88%)         442M (88%)         452M (90%)         452M (90%)         440M (88%)    
[2026-04-03T01:54:57.745+0600][12.669s][info][gc,heap     ] GC(20)      Used:       56M (11%)          58M (12%)          58M (12%)          48M (10%)          60M (12%)          48M (10%)    
[2026-04-03T01:54:57.745+0600][12.669s][info][gc,heap     ] GC(20)      Live:         -                32M (7%)           32M (7%)           32M (7%)             -                  -          
[2026-04-03T01:54:57.745+0600][12.669s][info][gc,heap     ] GC(20) Allocated:         -                 2M (0%)            2M (0%)            3M (1%)             -                  -          
[2026-04-03T01:54:57.745+0600][12.669s][info][gc,heap     ] GC(20)   Garbage:         -                23M (5%)           23M (5%)           11M (2%)             -                  -          
[2026-04-03T01:54:57.745+0600][12.669s][info][gc,heap     ] GC(20) Reclaimed:         -                  -                 0M (0%)           11M (2%)             -                  -          
[2026-04-03T01:54:57.745+0600][12.669s][info][gc          ] GC(20) Garbage Collection (Allocation Rate) 56M(11%)->48M(10%)
[2026-04-03T01:54:57.908+0600][12.832s][info][gc,start    ] GC(21) Garbage Collection (Allocation Rate)
[2026-04-03T01:54:57.908+0600][12.832s][info][gc,task     ] GC(21) Using 2 workers
[2026-04-03T01:54:57.908+0600][12.832s][info][gc,phases   ] GC(21) Pause Mark Start 0.009ms
[2026-04-03T01:54:57.933+0600][12.857s][info][gc,phases   ] GC(21) Concurrent Mark 24.587ms
[2026-04-03T01:54:57.933+0600][12.857s][info][gc,phases   ] GC(21) Pause Mark End 0.029ms
[2026-04-03T01:54:57.933+0600][12.857s][info][gc,phases   ] GC(21) Concurrent Mark Free 0.002ms
[2026-04-03T01:54:57.938+0600][12.861s][info][gc,phases   ] GC(21) Concurrent Process Non-Strong References 4.480ms
[2026-04-03T01:54:57.938+0600][12.861s][info][gc,phases   ] GC(21) Concurrent Reset Relocation Set 0.003ms
[2026-04-03T01:54:57.940+0600][12.863s][info][gc,phases   ] GC(21) Concurrent Select Relocation Set 2.125ms
[2026-04-03T01:54:57.940+0600][12.864s][info][gc,phases   ] GC(21) Pause Relocate Start 0.009ms
[2026-04-03T01:54:57.941+0600][12.865s][info][gc,phases   ] GC(21) Concurrent Relocate 1.211ms
[2026-04-03T01:54:57.942+0600][12.865s][info][gc,load     ] GC(21) Load: 6.66/7.61/7.42
[2026-04-03T01:54:57.942+0600][12.865s][info][gc,mmu      ] GC(21) MMU: 2ms/90.6%, 5ms/96.2%, 10ms/98.0%, 20ms/99.0%, 50ms/99.6%, 100ms/99.6%
[2026-04-03T01:54:57.942+0600][12.865s][info][gc,marking  ] GC(21) Mark: 2 stripe(s), 2 proactive flush(es), 1 terminate flush(es), 0 completion(s), 0 continuation(s) 
[2026-04-03T01:54:57.942+0600][12.865s][info][gc,marking  ] GC(21) Mark Stack Usage: 32M
[2026-04-03T01:54:57.942+0600][12.865s][info][gc,nmethod  ] GC(21) NMethods: 3181 registered, 378 unregistered
[2026-04-03T01:54:57.942+0600][12.865s][info][gc,metaspace] GC(21) Metaspace: 51M used, 51M committed, 1088M reserved
[2026-04-03T01:54:57.942+0600][12.865s][info][gc,ref      ] GC(21) Soft: 4010 encountered, 0 discovered, 0 enqueued
[2026-04-03T01:54:57.942+0600][12.865s][info][gc,ref      ] GC(21) Weak: 2993 encountered, 276 discovered, 30 enqueued
[2026-04-03T01:54:57.942+0600][12.865s][info][gc,ref      ] GC(21) Final: 74 encountered, 0 discovered, 0 enqueued
[2026-04-03T01:54:57.942+0600][12.865s][info][gc,ref      ] GC(21) Phantom: 585 encountered, 210 discovered, 0 enqueued
[2026-04-03T01:54:57.942+0600][12.865s][info][gc,reloc    ] GC(21) Small Pages: 17 / 34M, Empty: 0M, Relocated: 1M, In-Place: 0
[2026-04-03T01:54:57.942+0600][12.865s][info][gc,reloc    ] GC(21) Medium Pages: 1 / 8M, Empty: 0M, Relocated: 0M, In-Place: 0
[2026-04-03T01:54:57.942+0600][12.865s][info][gc,reloc    ] GC(21) Large Pages: 2 / 6M, Empty: 0M, Relocated: 0M, In-Place: 0
[2026-04-03T01:54:57.942+0600][12.865s][info][gc,reloc    ] GC(21) Forwarding Usage: 0M
[2026-04-03T01:54:57.942+0600][12.865s][info][gc,heap     ] GC(21) Min Capacity: 8M(2%)
[2026-04-03T01:54:57.942+0600][12.865s][info][gc,heap     ] GC(21) Max Capacity: 500M(100%)
[2026-04-03T01:54:57.942+0600][12.865s][info][gc,heap     ] GC(21) Soft Max Capacity: 500M(100%)
[2026-04-03T01:54:57.942+0600][12.865s][info][gc,heap     ] GC(21)                Mark Start          Mark End        Relocate Start      Relocate End           High               Low         
[2026-04-03T01:54:57.942+0600][12.865s][info][gc,heap     ] GC(21)  Capacity:      444M (89%)         444M (89%)         444M (89%)         444M (89%)         444M (89%)         444M (89%)    
[2026-04-03T01:54:57.942+0600][12.865s][info][gc,heap     ] GC(21)      Free:      452M (90%)         450M (90%)         450M (90%)         454M (91%)         454M (91%)         446M (89%)    
[2026-04-03T01:54:57.942+0600][12.865s][info][gc,heap     ] GC(21)      Used:       48M (10%)          50M (10%)          50M (10%)          46M (9%)           54M (11%)          46M (9%)     
[2026-04-03T01:54:57.942+0600][12.865s][info][gc,heap     ] GC(21)      Live:         -                32M (7%)           32M (7%)           32M (7%)             -                  -          
[2026-04-03T01:54:57.942+0600][12.865s][info][gc,heap     ] GC(21) Allocated:         -                 2M (0%)            2M (0%)            1M (0%)             -                  -          
[2026-04-03T01:54:57.942+0600][12.865s][info][gc,heap     ] GC(21)   Garbage:         -                15M (3%)           15M (3%)           11M (2%)             -                  -          
[2026-04-03T01:54:57.942+0600][12.865s][info][gc,heap     ] GC(21) Reclaimed:         -                  -                 0M (0%)            3M (1%)             -                  -          
[2026-04-03T01:54:57.942+0600][12.865s][info][gc          ] GC(21) Garbage Collection (Allocation Rate) 48M(10%)->46M(9%)
[2026-04-03T01:54:59.238+0600][14.161s][info][gc,start    ] GC(22) Garbage Collection (System.gc())
[2026-04-03T01:54:59.238+0600][14.161s][info][gc,task     ] GC(22) Using 3 workers
[2026-04-03T01:54:59.238+0600][14.161s][info][gc,phases   ] GC(22) Pause Mark Start 0.011ms
[2026-04-03T01:54:59.256+0600][14.179s][info][gc,phases   ] GC(22) Concurrent Mark 17.845ms
[2026-04-03T01:54:59.256+0600][14.179s][info][gc,phases   ] GC(22) Pause Mark End 0.019ms
[2026-04-03T01:54:59.256+0600][14.179s][info][gc,phases   ] GC(22) Concurrent Mark Free 0.002ms
[2026-04-03T01:54:59.260+0600][14.183s][info][gc,phases   ] GC(22) Concurrent Process Non-Strong References 3.713ms
[2026-04-03T01:54:59.260+0600][14.183s][info][gc,phases   ] GC(22) Concurrent Reset Relocation Set 0.001ms
[2026-04-03T01:54:59.263+0600][14.187s][info][gc,phases   ] GC(22) Concurrent Select Relocation Set 3.441ms
[2026-04-03T01:54:59.263+0600][14.187s][info][gc,phases   ] GC(22) Pause Relocate Start 0.010ms
[2026-04-03T01:54:59.265+0600][14.188s][info][gc,phases   ] GC(22) Concurrent Relocate 1.445ms
[2026-04-03T01:54:59.265+0600][14.188s][info][gc,load     ] GC(22) Load: 6.66/7.61/7.42
[2026-04-03T01:54:59.265+0600][14.188s][info][gc,mmu      ] GC(22) MMU: 2ms/90.6%, 5ms/96.2%, 10ms/98.0%, 20ms/99.0%, 50ms/99.6%, 100ms/99.6%
[2026-04-03T01:54:59.265+0600][14.188s][info][gc,marking  ] GC(22) Mark: 2 stripe(s), 2 proactive flush(es), 1 terminate flush(es), 0 completion(s), 0 continuation(s) 
[2026-04-03T01:54:59.265+0600][14.188s][info][gc,marking  ] GC(22) Mark Stack Usage: 32M
[2026-04-03T01:54:59.265+0600][14.188s][info][gc,nmethod  ] GC(22) NMethods: 3399 registered, 443 unregistered
[2026-04-03T01:54:59.265+0600][14.188s][info][gc,metaspace] GC(22) Metaspace: 53M used, 54M committed, 1088M reserved
[2026-04-03T01:54:59.265+0600][14.188s][info][gc,ref      ] GC(22) Soft: 4140 encountered, 0 discovered, 0 enqueued
[2026-04-03T01:54:59.265+0600][14.188s][info][gc,ref      ] GC(22) Weak: 3509 encountered, 964 discovered, 176 enqueued
[2026-04-03T01:54:59.265+0600][14.188s][info][gc,ref      ] GC(22) Final: 74 encountered, 0 discovered, 0 enqueued
[2026-04-03T01:54:59.265+0600][14.188s][info][gc,ref      ] GC(22) Phantom: 586 encountered, 241 discovered, 0 enqueued
[2026-04-03T01:54:59.265+0600][14.188s][info][gc,reloc    ] GC(22) Small Pages: 26 / 52M, Empty: 0M, Relocated: 3M, In-Place: 0
[2026-04-03T01:54:59.265+0600][14.188s][info][gc,reloc    ] GC(22) Medium Pages: 2 / 16M, Empty: 8M, Relocated: 0M, In-Place: 0
[2026-04-03T01:54:59.265+0600][14.188s][info][gc,reloc    ] GC(22) Large Pages: 10 / 26M, Empty: 20M, Relocated: 0M, In-Place: 0
[2026-04-03T01:54:59.265+0600][14.188s][info][gc,reloc    ] GC(22) Forwarding Usage: 1M
[2026-04-03T01:54:59.265+0600][14.188s][info][gc,heap     ] GC(22) Min Capacity: 8M(2%)
[2026-04-03T01:54:59.265+0600][14.188s][info][gc,heap     ] GC(22) Max Capacity: 500M(100%)
[2026-04-03T01:54:59.265+0600][14.188s][info][gc,heap     ] GC(22) Soft Max Capacity: 500M(100%)
[2026-04-03T01:54:59.265+0600][14.188s][info][gc,heap     ] GC(22)                Mark Start          Mark End        Relocate Start      Relocate End           High               Low         
[2026-04-03T01:54:59.265+0600][14.188s][info][gc,heap     ] GC(22)  Capacity:      452M (90%)         452M (90%)         452M (90%)         452M (90%)         452M (90%)         452M (90%)    
[2026-04-03T01:54:59.265+0600][14.189s][info][gc,heap     ] GC(22)      Free:      406M (81%)         406M (81%)         434M (87%)         454M (91%)         454M (91%)         406M (81%)    
[2026-04-03T01:54:59.265+0600][14.189s][info][gc,heap     ] GC(22)      Used:       94M (19%)          94M (19%)          66M (13%)          46M (9%)           94M (19%)          46M (9%)     
[2026-04-03T01:54:59.265+0600][14.189s][info][gc,heap     ] GC(22)      Live:         -                33M (7%)           33M (7%)           33M (7%)             -                  -          
[2026-04-03T01:54:59.265+0600][14.189s][info][gc,heap     ] GC(22) Allocated:         -                 0M (0%)            0M (0%)            1M (0%)             -                  -          
[2026-04-03T01:54:59.265+0600][14.189s][info][gc,heap     ] GC(22)   Garbage:         -                60M (12%)          32M (7%)           10M (2%)             -                  -          
[2026-04-03T01:54:59.265+0600][14.189s][info][gc,heap     ] GC(22) Reclaimed:         -                  -                28M (6%)           49M (10%)            -                  -          
[2026-04-03T01:54:59.265+0600][14.189s][info][gc          ] GC(22) Garbage Collection (System.gc()) 94M(19%)->46M(9%)
[2026-04-03T01:55:01.508+0600][16.432s][info][gc,start    ] GC(23) Garbage Collection (Allocation Rate)
[2026-04-03T01:55:01.509+0600][16.432s][info][gc,task     ] GC(23) Using 3 workers
[2026-04-03T01:55:01.509+0600][16.432s][info][gc,phases   ] GC(23) Pause Mark Start 0.010ms
[2026-04-03T01:55:01.560+0600][16.483s][info][gc,phases   ] GC(23) Concurrent Mark 50.731ms
[2026-04-03T01:55:01.560+0600][16.483s][info][gc,phases   ] GC(23) Pause Mark End 0.024ms
[2026-04-03T01:55:01.560+0600][16.483s][info][gc,phases   ] GC(23) Concurrent Mark Free 0.007ms
[2026-04-03T01:55:01.566+0600][16.489s][info][gc,phases   ] GC(23) Concurrent Process Non-Strong References 5.853ms
[2026-04-03T01:55:01.566+0600][16.489s][info][gc,phases   ] GC(23) Concurrent Reset Relocation Set 0.003ms
[2026-04-03T01:55:01.575+0600][16.498s][info][gc,phases   ] GC(23) Concurrent Select Relocation Set 8.526ms
[2026-04-03T01:55:01.575+0600][16.498s][info][gc,phases   ] GC(23) Pause Relocate Start 0.013ms
[2026-04-03T01:55:01.599+0600][16.523s][info][gc,phases   ] GC(23) Concurrent Relocate 24.305ms
[2026-04-03T01:55:01.599+0600][16.523s][info][gc,load     ] GC(23) Load: 6.45/7.55/7.40
[2026-04-03T01:55:01.599+0600][16.523s][info][gc,mmu      ] GC(23) MMU: 2ms/90.6%, 5ms/96.2%, 10ms/98.0%, 20ms/99.0%, 50ms/99.6%, 100ms/99.6%
[2026-04-03T01:55:01.599+0600][16.523s][info][gc,marking  ] GC(23) Mark: 2 stripe(s), 2 proactive flush(es), 1 terminate flush(es), 0 completion(s), 0 continuation(s) 
[2026-04-03T01:55:01.599+0600][16.523s][info][gc,marking  ] GC(23) Mark Stack Usage: 32M
[2026-04-03T01:55:01.599+0600][16.523s][info][gc,nmethod  ] GC(23) NMethods: 4150 registered, 680 unregistered
[2026-04-03T01:55:01.599+0600][16.523s][info][gc,metaspace] GC(23) Metaspace: 60M used, 60M committed, 1088M reserved
[2026-04-03T01:55:01.599+0600][16.523s][info][gc,ref      ] GC(23) Soft: 4544 encountered, 0 discovered, 0 enqueued
[2026-04-03T01:55:01.599+0600][16.523s][info][gc,ref      ] GC(23) Weak: 5188 encountered, 919 discovered, 543 enqueued
[2026-04-03T01:55:01.599+0600][16.523s][info][gc,ref      ] GC(23) Final: 74 encountered, 0 discovered, 0 enqueued
[2026-04-03T01:55:01.599+0600][16.523s][info][gc,ref      ] GC(23) Phantom: 593 encountered, 237 discovered, 0 enqueued
[2026-04-03T01:55:01.599+0600][16.523s][info][gc,reloc    ] GC(23) Small Pages: 197 / 394M, Empty: 0M, Relocated: 29M, In-Place: 0
[2026-04-03T01:55:01.599+0600][16.523s][info][gc,reloc    ] GC(23) Medium Pages: 2 / 16M, Empty: 8M, Relocated: 0M, In-Place: 0
[2026-04-03T01:55:01.599+0600][16.523s][info][gc,reloc    ] GC(23) Large Pages: 12 / 32M, Empty: 22M, Relocated: 0M, In-Place: 0
[2026-04-03T01:55:01.599+0600][16.523s][info][gc,reloc    ] GC(23) Forwarding Usage: 18M
[2026-04-03T01:55:01.599+0600][16.523s][info][gc,heap     ] GC(23) Min Capacity: 8M(2%)
[2026-04-03T01:55:01.599+0600][16.523s][info][gc,heap     ] GC(23) Max Capacity: 500M(100%)
[2026-04-03T01:55:01.599+0600][16.523s][info][gc,heap     ] GC(23) Soft Max Capacity: 500M(100%)
[2026-04-03T01:55:01.599+0600][16.523s][info][gc,heap     ] GC(23)                Mark Start          Mark End        Relocate Start      Relocate End           High               Low         
[2026-04-03T01:55:01.599+0600][16.523s][info][gc,heap     ] GC(23)  Capacity:      458M (92%)         476M (95%)         482M (96%)         482M (96%)         482M (96%)         458M (92%)    
[2026-04-03T01:55:01.600+0600][16.523s][info][gc,heap     ] GC(23)      Free:       58M (12%)          24M (5%)           44M (9%)          356M (71%)         356M (71%)          18M (4%)     
[2026-04-03T01:55:01.600+0600][16.523s][info][gc,heap     ] GC(23)      Used:      442M (88%)         476M (95%)         456M (91%)         144M (29%)         482M (96%)         144M (29%)    
[2026-04-03T01:55:01.600+0600][16.523s][info][gc,heap     ] GC(23)      Live:         -                63M (13%)          63M (13%)          63M (13%)            -                  -          
[2026-04-03T01:55:01.600+0600][16.523s][info][gc,heap     ] GC(23) Allocated:         -                34M (7%)           44M (9%)           69M (14%)            -                  -          
[2026-04-03T01:55:01.600+0600][16.523s][info][gc,heap     ] GC(23)   Garbage:         -               378M (76%)         348M (70%)          10M (2%)             -                  -          
[2026-04-03T01:55:01.600+0600][16.523s][info][gc,heap     ] GC(23) Reclaimed:         -                  -                30M (6%)          367M (74%)            -                  -          
[2026-04-03T01:55:01.600+0600][16.523s][info][gc          ] GC(23) Garbage Collection (Allocation Rate) 442M(88%)->144M(29%)
[2026-04-03T01:55:01.609+0600][16.532s][info][gc,start    ] GC(24) Garbage Collection (Allocation Rate)
[2026-04-03T01:55:01.609+0600][16.532s][info][gc,task     ] GC(24) Using 3 workers
[2026-04-03T01:55:01.609+0600][16.532s][info][gc,phases   ] GC(24) Pause Mark Start 0.014ms
[2026-04-03T01:55:01.674+0600][16.597s][info][gc,phases   ] GC(24) Concurrent Mark 64.741ms
[2026-04-03T01:55:01.674+0600][16.597s][info][gc,phases   ] GC(24) Pause Mark End 0.050ms
[2026-04-03T01:55:01.674+0600][16.598s][info][gc,phases   ] GC(24) Concurrent Mark Free 0.002ms
[2026-04-03T01:55:01.680+0600][16.603s][info][gc,phases   ] GC(24) Concurrent Process Non-Strong References 5.287ms
[2026-04-03T01:55:01.680+0600][16.603s][info][gc,phases   ] GC(24) Concurrent Reset Relocation Set 0.034ms
[2026-04-03T01:55:01.684+0600][16.607s][info][gc,phases   ] GC(24) Concurrent Select Relocation Set 4.288ms
[2026-04-03T01:55:01.684+0600][16.608s][info][gc,phases   ] GC(24) Pause Relocate Start 0.011ms
[2026-04-03T01:55:01.690+0600][16.613s][info][gc,phases   ] GC(24) Concurrent Relocate 5.723ms
[2026-04-03T01:55:01.690+0600][16.614s][info][gc,load     ] GC(24) Load: 6.45/7.55/7.40
[2026-04-03T01:55:01.690+0600][16.614s][info][gc,mmu      ] GC(24) MMU: 2ms/90.6%, 5ms/96.2%, 10ms/98.0%, 20ms/99.0%, 50ms/99.6%, 100ms/99.6%
[2026-04-03T01:55:01.690+0600][16.614s][info][gc,marking  ] GC(24) Mark: 2 stripe(s), 2 proactive flush(es), 1 terminate flush(es), 0 completion(s), 0 continuation(s) 
[2026-04-03T01:55:01.690+0600][16.614s][info][gc,marking  ] GC(24) Mark Stack Usage: 32M
[2026-04-03T01:55:01.690+0600][16.614s][info][gc,nmethod  ] GC(24) NMethods: 4143 registered, 690 unregistered
[2026-04-03T01:55:01.690+0600][16.614s][info][gc,metaspace] GC(24) Metaspace: 60M used, 60M committed, 1088M reserved
[2026-04-03T01:55:01.690+0600][16.614s][info][gc,ref      ] GC(24) Soft: 4544 encountered, 0 discovered, 0 enqueued
[2026-04-03T01:55:01.690+0600][16.614s][info][gc,ref      ] GC(24) Weak: 4645 encountered, 525 discovered, 0 enqueued
[2026-04-03T01:55:01.690+0600][16.614s][info][gc,ref      ] GC(24) Final: 74 encountered, 1 discovered, 0 enqueued
[2026-04-03T01:55:01.690+0600][16.614s][info][gc,ref      ] GC(24) Phantom: 593 encountered, 214 discovered, 0 enqueued
[2026-04-03T01:55:01.690+0600][16.614s][info][gc,reloc    ] GC(24) Small Pages: 62 / 124M, Empty: 0M, Relocated: 6M, In-Place: 0
[2026-04-03T01:55:01.690+0600][16.614s][info][gc,reloc    ] GC(24) Medium Pages: 1 / 8M, Empty: 0M, Relocated: 0M, In-Place: 0
[2026-04-03T01:55:01.690+0600][16.614s][info][gc,reloc    ] GC(24) Large Pages: 4 / 16M, Empty: 4M, Relocated: 0M, In-Place: 0
[2026-04-03T01:55:01.690+0600][16.614s][info][gc,reloc    ] GC(24) Forwarding Usage: 4M
[2026-04-03T01:55:01.690+0600][16.614s][info][gc,heap     ] GC(24) Min Capacity: 8M(2%)
[2026-04-03T01:55:01.690+0600][16.614s][info][gc,heap     ] GC(24) Max Capacity: 500M(100%)
[2026-04-03T01:55:01.690+0600][16.614s][info][gc,heap     ] GC(24) Soft Max Capacity: 500M(100%)
[2026-04-03T01:55:01.690+0600][16.614s][info][gc,heap     ] GC(24)                Mark Start          Mark End        Relocate Start      Relocate End           High               Low         
[2026-04-03T01:55:01.690+0600][16.614s][info][gc,heap     ] GC(24)  Capacity:      482M (96%)         482M (96%)         482M (96%)         482M (96%)         482M (96%)         482M (96%)    
[2026-04-03T01:55:01.690+0600][16.614s][info][gc,heap     ] GC(24)      Free:      352M (70%)         264M (53%)         258M (52%)         312M (62%)         352M (70%)         252M (50%)    
[2026-04-03T01:55:01.690+0600][16.614s][info][gc,heap     ] GC(24)      Used:      148M (30%)         236M (47%)         242M (48%)         188M (38%)         248M (50%)         148M (30%)    
[2026-04-03T01:55:01.690+0600][16.614s][info][gc,heap     ] GC(24)      Live:         -                70M (14%)          70M (14%)          70M (14%)            -                  -          
[2026-04-03T01:55:01.690+0600][16.614s][info][gc,heap     ] GC(24) Allocated:         -                88M (18%)          98M (20%)         105M (21%)            -                  -          
[2026-04-03T01:55:01.690+0600][16.614s][info][gc,heap     ] GC(24)   Garbage:         -                77M (15%)          73M (15%)          11M (2%)             -                  -          
[2026-04-03T01:55:01.690+0600][16.614s][info][gc,heap     ] GC(24) Reclaimed:         -                  -                 4M (1%)           65M (13%)            -                  -          
[2026-04-03T01:55:01.690+0600][16.614s][info][gc          ] GC(24) Garbage Collection (Allocation Rate) 148M(30%)->188M(38%)
[2026-04-03T01:55:01.709+0600][16.632s][info][gc,start    ] GC(25) Garbage Collection (Allocation Rate)
[2026-04-03T01:55:01.709+0600][16.632s][info][gc,task     ] GC(25) Using 3 workers
[2026-04-03T01:55:01.709+0600][16.632s][info][gc,phases   ] GC(25) Pause Mark Start 0.008ms
[2026-04-03T01:55:01.764+0600][16.687s][info][gc,phases   ] GC(25) Concurrent Mark 54.874ms
[2026-04-03T01:55:01.764+0600][16.688s][info][gc,phases   ] GC(25) Pause Mark End 0.018ms
[2026-04-03T01:55:01.764+0600][16.688s][info][gc,phases   ] GC(25) Concurrent Mark Free 0.002ms
[2026-04-03T01:55:01.769+0600][16.692s][info][gc,phases   ] GC(25) Concurrent Process Non-Strong References 4.505ms
[2026-04-03T01:55:01.769+0600][16.692s][info][gc,phases   ] GC(25) Concurrent Reset Relocation Set 0.008ms
[2026-04-03T01:55:01.774+0600][16.698s][info][gc,phases   ] GC(25) Concurrent Select Relocation Set 5.223ms
[2026-04-03T01:55:01.775+0600][16.698s][info][gc,phases   ] GC(25) Pause Relocate Start 0.012ms
[2026-04-03T01:55:01.788+0600][16.711s][info][gc,phases   ] GC(25) Concurrent Relocate 12.845ms
[2026-04-03T01:55:01.788+0600][16.711s][info][gc,load     ] GC(25) Load: 6.45/7.55/7.40
[2026-04-03T01:55:01.788+0600][16.711s][info][gc,mmu      ] GC(25) MMU: 2ms/90.6%, 5ms/96.2%, 10ms/98.0%, 20ms/99.0%, 50ms/99.6%, 100ms/99.6%
[2026-04-03T01:55:01.788+0600][16.711s][info][gc,marking  ] GC(25) Mark: 2 stripe(s), 3 proactive flush(es), 1 terminate flush(es), 0 completion(s), 0 continuation(s) 
[2026-04-03T01:55:01.788+0600][16.711s][info][gc,marking  ] GC(25) Mark Stack Usage: 32M
[2026-04-03T01:55:01.788+0600][16.711s][info][gc,nmethod  ] GC(25) NMethods: 4161 registered, 692 unregistered
[2026-04-03T01:55:01.788+0600][16.711s][info][gc,metaspace] GC(25) Metaspace: 60M used, 60M committed, 1088M reserved
[2026-04-03T01:55:01.788+0600][16.711s][info][gc,ref      ] GC(25) Soft: 4544 encountered, 0 discovered, 0 enqueued
[2026-04-03T01:55:01.788+0600][16.711s][info][gc,ref      ] GC(25) Weak: 4645 encountered, 198 discovered, 0 enqueued
[2026-04-03T01:55:01.788+0600][16.711s][info][gc,ref      ] GC(25) Final: 74 encountered, 0 discovered, 0 enqueued
[2026-04-03T01:55:01.788+0600][16.711s][info][gc,ref      ] GC(25) Phantom: 593 encountered, 217 discovered, 0 enqueued
[2026-04-03T01:55:01.788+0600][16.711s][info][gc,reloc    ] GC(25) Small Pages: 100 / 200M, Empty: 0M, Relocated: 13M, In-Place: 0
[2026-04-03T01:55:01.788+0600][16.711s][info][gc,reloc    ] GC(25) Medium Pages: 1 / 8M, Empty: 0M, Relocated: 0M, In-Place: 0
[2026-04-03T01:55:01.788+0600][16.711s][info][gc,reloc    ] GC(25) Large Pages: 3 / 12M, Empty: 0M, Relocated: 0M, In-Place: 0
[2026-04-03T01:55:01.788+0600][16.711s][info][gc,reloc    ] GC(25) Forwarding Usage: 9M
[2026-04-03T01:55:01.788+0600][16.711s][info][gc,heap     ] GC(25) Min Capacity: 8M(2%)
[2026-04-03T01:55:01.788+0600][16.711s][info][gc,heap     ] GC(25) Max Capacity: 500M(100%)
[2026-04-03T01:55:01.788+0600][16.711s][info][gc,heap     ] GC(25) Soft Max Capacity: 500M(100%)
[2026-04-03T01:55:01.788+0600][16.711s][info][gc,heap     ] GC(25)                Mark Start          Mark End        Relocate Start      Relocate End           High               Low         
[2026-04-03T01:55:01.788+0600][16.711s][info][gc,heap     ] GC(25)  Capacity:      482M (96%)         482M (96%)         482M (96%)         482M (96%)         482M (96%)         482M (96%)    
[2026-04-03T01:55:01.788+0600][16.711s][info][gc,heap     ] GC(25)      Free:      280M (56%)         192M (38%)         174M (35%)         280M (56%)         282M (56%)         168M (34%)    
[2026-04-03T01:55:01.788+0600][16.711s][info][gc,heap     ] GC(25)      Used:      220M (44%)         308M (62%)         326M (65%)         220M (44%)         332M (66%)         218M (44%)    
[2026-04-03T01:55:01.788+0600][16.711s][info][gc,heap     ] GC(25)      Live:         -                82M (17%)          82M (17%)          82M (17%)            -                  -          
[2026-04-03T01:55:01.788+0600][16.711s][info][gc,heap     ] GC(25) Allocated:         -                88M (18%)         106M (21%)         123M (25%)            -                  -          
[2026-04-03T01:55:01.788+0600][16.711s][info][gc,heap     ] GC(25)   Garbage:         -               137M (27%)         137M (27%)          13M (3%)             -                  -          
[2026-04-03T01:55:01.788+0600][16.711s][info][gc,heap     ] GC(25) Reclaimed:         -                  -                 0M (0%)          123M (25%)            -                  -          
[2026-04-03T01:55:01.788+0600][16.711s][info][gc          ] GC(25) Garbage Collection (Allocation Rate) 220M(44%)->220M(44%)
[2026-04-03T01:55:01.809+0600][16.732s][info][gc,start    ] GC(26) Garbage Collection (Allocation Rate)
[2026-04-03T01:55:01.809+0600][16.732s][info][gc,task     ] GC(26) Using 3 workers
[2026-04-03T01:55:01.809+0600][16.733s][info][gc,phases   ] GC(26) Pause Mark Start 0.013ms
[2026-04-03T01:55:01.871+0600][16.795s][info][gc,phases   ] GC(26) Concurrent Mark 62.130ms
[2026-04-03T01:55:01.872+0600][16.795s][info][gc,phases   ] GC(26) Pause Mark End 0.036ms
[2026-04-03T01:55:01.872+0600][16.795s][info][gc,phases   ] GC(26) Concurrent Mark Free 0.001ms
[2026-04-03T01:55:01.876+0600][16.800s][info][gc,phases   ] GC(26) Concurrent Process Non-Strong References 4.506ms
[2026-04-03T01:55:01.876+0600][16.800s][info][gc,phases   ] GC(26) Concurrent Reset Relocation Set 0.013ms
[2026-04-03T01:55:01.881+0600][16.804s][info][gc,phases   ] GC(26) Concurrent Select Relocation Set 4.181ms
[2026-04-03T01:55:01.881+0600][16.804s][info][gc,phases   ] GC(26) Pause Relocate Start 0.025ms
[2026-04-03T01:55:01.894+0600][16.817s][info][gc,phases   ] GC(26) Concurrent Relocate 12.743ms
[2026-04-03T01:55:01.894+0600][16.817s][info][gc,load     ] GC(26) Load: 6.45/7.55/7.40
[2026-04-03T01:55:01.894+0600][16.817s][info][gc,mmu      ] GC(26) MMU: 2ms/90.6%, 5ms/96.2%, 10ms/98.0%, 20ms/99.0%, 50ms/99.6%, 100ms/99.6%
[2026-04-03T01:55:01.894+0600][16.817s][info][gc,marking  ] GC(26) Mark: 2 stripe(s), 4 proactive flush(es), 1 terminate flush(es), 0 completion(s), 0 continuation(s) 
[2026-04-03T01:55:01.894+0600][16.817s][info][gc,marking  ] GC(26) Mark Stack Usage: 32M
[2026-04-03T01:55:01.894+0600][16.817s][info][gc,nmethod  ] GC(26) NMethods: 4172 registered, 692 unregistered
[2026-04-03T01:55:01.894+0600][16.817s][info][gc,metaspace] GC(26) Metaspace: 60M used, 60M committed, 1088M reserved
[2026-04-03T01:55:01.894+0600][16.818s][info][gc,ref      ] GC(26) Soft: 4544 encountered, 0 discovered, 0 enqueued
[2026-04-03T01:55:01.894+0600][16.818s][info][gc,ref      ] GC(26) Weak: 4645 encountered, 182 discovered, 0 enqueued
[2026-04-03T01:55:01.894+0600][16.818s][info][gc,ref      ] GC(26) Final: 74 encountered, 0 discovered, 0 enqueued
[2026-04-03T01:55:01.894+0600][16.818s][info][gc,ref      ] GC(26) Phantom: 593 encountered, 230 discovered, 0 enqueued
[2026-04-03T01:55:01.894+0600][16.818s][info][gc,reloc    ] GC(26) Small Pages: 120 / 240M, Empty: 0M, Relocated: 17M, In-Place: 0
[2026-04-03T01:55:01.894+0600][16.818s][info][gc,reloc    ] GC(26) Medium Pages: 1 / 8M, Empty: 0M, Relocated: 0M, In-Place: 0
[2026-04-03T01:55:01.894+0600][16.818s][info][gc,reloc    ] GC(26) Large Pages: 3 / 12M, Empty: 0M, Relocated: 0M, In-Place: 0
[2026-04-03T01:55:01.894+0600][16.818s][info][gc,reloc    ] GC(26) Forwarding Usage: 11M
[2026-04-03T01:55:01.894+0600][16.818s][info][gc,heap     ] GC(26) Min Capacity: 8M(2%)
[2026-04-03T01:55:01.894+0600][16.818s][info][gc,heap     ] GC(26) Max Capacity: 500M(100%)
[2026-04-03T01:55:01.894+0600][16.818s][info][gc,heap     ] GC(26) Soft Max Capacity: 500M(100%)
[2026-04-03T01:55:01.894+0600][16.818s][info][gc,heap     ] GC(26)                Mark Start          Mark End        Relocate Start      Relocate End           High               Low         
[2026-04-03T01:55:01.894+0600][16.818s][info][gc,heap     ] GC(26)  Capacity:      482M (96%)         492M (98%)         492M (98%)         492M (98%)         492M (98%)         482M (96%)    
[2026-04-03T01:55:01.894+0600][16.818s][info][gc,heap     ] GC(26)      Free:      240M (48%)         180M (36%)         164M (33%)         298M (60%)         298M (60%)         158M (32%)    
[2026-04-03T01:55:01.894+0600][16.818s][info][gc,heap     ] GC(26)      Used:      260M (52%)         320M (64%)         336M (67%)         202M (40%)         342M (68%)         202M (40%)    
[2026-04-03T01:55:01.894+0600][16.818s][info][gc,heap     ] GC(26)      Live:         -                97M (19%)          97M (19%)          97M (19%)            -                  -          
[2026-04-03T01:55:01.894+0600][16.818s][info][gc,heap     ] GC(26) Allocated:         -                60M (12%)          76M (15%)          93M (19%)            -                  -          
[2026-04-03T01:55:01.894+0600][16.818s][info][gc,heap     ] GC(26)   Garbage:         -               162M (33%)         162M (33%)          11M (2%)             -                  -          
[2026-04-03T01:55:01.894+0600][16.818s][info][gc,heap     ] GC(26) Reclaimed:         -                  -                 0M (0%)          151M (30%)            -                  -          
[2026-04-03T01:55:01.894+0600][16.818s][info][gc          ] GC(26) Garbage Collection (Allocation Rate) 260M(52%)->202M(40%)
[2026-04-03T01:55:01.908+0600][16.831s][info][gc,start    ] GC(27) Garbage Collection (Allocation Rate)
[2026-04-03T01:55:01.908+0600][16.831s][info][gc,task     ] GC(27) Using 3 workers
[2026-04-03T01:55:01.908+0600][16.832s][info][gc,phases   ] GC(27) Pause Mark Start 0.015ms
[2026-04-03T01:55:01.974+0600][16.897s][info][gc,phases   ] GC(27) Concurrent Mark 65.568ms
[2026-04-03T01:55:01.974+0600][16.898s][info][gc,phases   ] GC(27) Pause Mark End 0.020ms
[2026-04-03T01:55:01.975+0600][16.898s][info][gc,phases   ] GC(27) Concurrent Mark Free 0.002ms
[2026-04-03T01:55:01.979+0600][16.902s][info][gc,phases   ] GC(27) Concurrent Process Non-Strong References 4.220ms
[2026-04-03T01:55:01.979+0600][16.902s][info][gc,phases   ] GC(27) Concurrent Reset Relocation Set 0.011ms
[2026-04-03T01:55:01.982+0600][16.905s][info][gc,phases   ] GC(27) Concurrent Select Relocation Set 3.008ms
[2026-04-03T01:55:01.982+0600][16.906s][info][gc,phases   ] GC(27) Pause Relocate Start 0.013ms
[2026-04-03T01:55:01.989+0600][16.913s][info][gc,phases   ] GC(27) Concurrent Relocate 6.866ms
[2026-04-03T01:55:01.989+0600][16.913s][info][gc,load     ] GC(27) Load: 6.45/7.55/7.40
[2026-04-03T01:55:01.989+0600][16.913s][info][gc,mmu      ] GC(27) MMU: 2ms/90.6%, 5ms/96.2%, 10ms/98.0%, 20ms/99.0%, 50ms/99.6%, 100ms/99.6%
[2026-04-03T01:55:01.989+0600][16.913s][info][gc,marking  ] GC(27) Mark: 2 stripe(s), 2 proactive flush(es), 1 terminate flush(es), 0 completion(s), 0 continuation(s) 
[2026-04-03T01:55:01.989+0600][16.913s][info][gc,marking  ] GC(27) Mark Stack Usage: 32M
[2026-04-03T01:55:01.989+0600][16.913s][info][gc,nmethod  ] GC(27) NMethods: 4180 registered, 692 unregistered
[2026-04-03T01:55:01.989+0600][16.913s][info][gc,metaspace] GC(27) Metaspace: 60M used, 60M committed, 1088M reserved
[2026-04-03T01:55:01.989+0600][16.913s][info][gc,ref      ] GC(27) Soft: 4544 encountered, 0 discovered, 0 enqueued
[2026-04-03T01:55:01.989+0600][16.913s][info][gc,ref      ] GC(27) Weak: 4645 encountered, 603 discovered, 0 enqueued
[2026-04-03T01:55:01.989+0600][16.913s][info][gc,ref      ] GC(27) Final: 74 encountered, 0 discovered, 0 enqueued
[2026-04-03T01:55:01.989+0600][16.913s][info][gc,ref      ] GC(27) Phantom: 593 encountered, 533 discovered, 0 enqueued
[2026-04-03T01:55:01.989+0600][16.913s][info][gc,reloc    ] GC(27) Small Pages: 100 / 200M, Empty: 0M, Relocated: 9M, In-Place: 0
[2026-04-03T01:55:01.989+0600][16.913s][info][gc,reloc    ] GC(27) Medium Pages: 1 / 8M, Empty: 0M, Relocated: 0M, In-Place: 0
[2026-04-03T01:55:01.989+0600][16.913s][info][gc,reloc    ] GC(27) Large Pages: 4 / 22M, Empty: 6M, Relocated: 0M, In-Place: 0
[2026-04-03T01:55:01.989+0600][16.913s][info][gc,reloc    ] GC(27) Forwarding Usage: 6M
[2026-04-03T01:55:01.989+0600][16.913s][info][gc,heap     ] GC(27) Min Capacity: 8M(2%)
[2026-04-03T01:55:01.989+0600][16.913s][info][gc,heap     ] GC(27) Max Capacity: 500M(100%)
[2026-04-03T01:55:01.989+0600][16.913s][info][gc,heap     ] GC(27) Soft Max Capacity: 500M(100%)
[2026-04-03T01:55:01.989+0600][16.913s][info][gc,heap     ] GC(27)                Mark Start          Mark End        Relocate Start      Relocate End           High               Low         
[2026-04-03T01:55:01.989+0600][16.913s][info][gc,heap     ] GC(27)  Capacity:      492M (98%)         492M (98%)         492M (98%)         492M (98%)         492M (98%)         492M (98%)    
[2026-04-03T01:55:01.989+0600][16.913s][info][gc,heap     ] GC(27)      Free:      270M (54%)         154M (31%)         146M (29%)         236M (47%)         270M (54%)         140M (28%)    
[2026-04-03T01:55:01.989+0600][16.913s][info][gc,heap     ] GC(27)      Used:      230M (46%)         346M (69%)         354M (71%)         264M (53%)         360M (72%)         230M (46%)    
[2026-04-03T01:55:01.989+0600][16.913s][info][gc,heap     ] GC(27)      Live:         -               110M (22%)         110M (22%)         110M (22%)            -                  -          
[2026-04-03T01:55:01.989+0600][16.913s][info][gc,heap     ] GC(27) Allocated:         -               116M (23%)         130M (26%)         141M (28%)            -                  -          
[2026-04-03T01:55:01.989+0600][16.913s][info][gc,heap     ] GC(27)   Garbage:         -               119M (24%)         113M (23%)          11M (2%)             -                  -          
[2026-04-03T01:55:01.989+0600][16.913s][info][gc,heap     ] GC(27) Reclaimed:         -                  -                 6M (1%)          107M (22%)            -                  -          
[2026-04-03T01:55:01.989+0600][16.913s][info][gc          ] GC(27) Garbage Collection (Allocation Rate) 230M(46%)->264M(53%)
[2026-04-03T01:55:02.008+0600][16.932s][info][gc,start    ] GC(28) Garbage Collection (Allocation Rate)
[2026-04-03T01:55:02.008+0600][16.932s][info][gc,task     ] GC(28) Using 3 workers
[2026-04-03T01:55:02.009+0600][16.932s][info][gc,phases   ] GC(28) Pause Mark Start 0.010ms
[2026-04-03T01:55:02.089+0600][17.012s][info][gc,phases   ] GC(28) Concurrent Mark 79.984ms
[2026-04-03T01:55:02.089+0600][17.012s][info][gc,phases   ] GC(28) Pause Mark End 0.018ms
[2026-04-03T01:55:02.089+0600][17.013s][info][gc,phases   ] GC(28) Concurrent Mark Free 0.002ms
[2026-04-03T01:55:02.094+0600][17.017s][info][gc,phases   ] GC(28) Concurrent Process Non-Strong References 4.343ms
[2026-04-03T01:55:02.094+0600][17.017s][info][gc,phases   ] GC(28) Concurrent Reset Relocation Set 0.010ms
[2026-04-03T01:55:02.099+0600][17.022s][info][gc,phases   ] GC(28) Concurrent Select Relocation Set 5.033ms
[2026-04-03T01:55:02.099+0600][17.022s][info][gc,phases   ] GC(28) Pause Relocate Start 0.012ms
[2026-04-03T01:55:02.116+0600][17.040s][info][gc,phases   ] GC(28) Concurrent Relocate 17.268ms
[2026-04-03T01:55:02.117+0600][17.040s][info][gc,load     ] GC(28) Load: 6.45/7.55/7.40
[2026-04-03T01:55:02.117+0600][17.040s][info][gc,mmu      ] GC(28) MMU: 2ms/90.6%, 5ms/96.2%, 10ms/98.0%, 20ms/99.0%, 50ms/99.6%, 100ms/99.6%
[2026-04-03T01:55:02.117+0600][17.040s][info][gc,marking  ] GC(28) Mark: 2 stripe(s), 8 proactive flush(es), 1 terminate flush(es), 0 completion(s), 0 continuation(s) 
[2026-04-03T01:55:02.117+0600][17.040s][info][gc,marking  ] GC(28) Mark Stack Usage: 32M
[2026-04-03T01:55:02.117+0600][17.040s][info][gc,nmethod  ] GC(28) NMethods: 4238 registered, 693 unregistered
[2026-04-03T01:55:02.117+0600][17.040s][info][gc,metaspace] GC(28) Metaspace: 60M used, 61M committed, 1088M reserved
[2026-04-03T01:55:02.117+0600][17.040s][info][gc,ref      ] GC(28) Soft: 4544 encountered, 0 discovered, 0 enqueued
[2026-04-03T01:55:02.117+0600][17.040s][info][gc,ref      ] GC(28) Weak: 4644 encountered, 393 discovered, 0 enqueued
[2026-04-03T01:55:02.117+0600][17.040s][info][gc,ref      ] GC(28) Final: 74 encountered, 0 discovered, 0 enqueued
[2026-04-03T01:55:02.117+0600][17.040s][info][gc,ref      ] GC(28) Phantom: 593 encountered, 535 discovered, 0 enqueued
[2026-04-03T01:55:02.117+0600][17.040s][info][gc,reloc    ] GC(28) Small Pages: 139 / 278M, Empty: 0M, Relocated: 19M, In-Place: 0
[2026-04-03T01:55:02.117+0600][17.040s][info][gc,reloc    ] GC(28) Medium Pages: 1 / 8M, Empty: 0M, Relocated: 0M, In-Place: 0
[2026-04-03T01:55:02.117+0600][17.040s][info][gc,reloc    ] GC(28) Large Pages: 3 / 16M, Empty: 0M, Relocated: 0M, In-Place: 0
[2026-04-03T01:55:02.117+0600][17.040s][info][gc,reloc    ] GC(28) Forwarding Usage: 12M
[2026-04-03T01:55:02.117+0600][17.040s][info][gc,heap     ] GC(28) Min Capacity: 8M(2%)
[2026-04-03T01:55:02.117+0600][17.040s][info][gc,heap     ] GC(28) Max Capacity: 500M(100%)
[2026-04-03T01:55:02.117+0600][17.040s][info][gc,heap     ] GC(28) Soft Max Capacity: 500M(100%)
[2026-04-03T01:55:02.117+0600][17.040s][info][gc,heap     ] GC(28)                Mark Start          Mark End        Relocate Start      Relocate End           High               Low         
[2026-04-03T01:55:02.117+0600][17.040s][info][gc,heap     ] GC(28)  Capacity:      492M (98%)         492M (98%)         492M (98%)         492M (98%)         492M (98%)         492M (98%)    
[2026-04-03T01:55:02.117+0600][17.040s][info][gc,heap     ] GC(28)      Free:      198M (40%)         172M (34%)         172M (34%)         336M (67%)         336M (67%)         166M (33%)    
[2026-04-03T01:55:02.117+0600][17.040s][info][gc,heap     ] GC(28)      Used:      302M (60%)         328M (66%)         328M (66%)         164M (33%)         334M (67%)         164M (33%)    
[2026-04-03T01:55:02.117+0600][17.040s][info][gc,heap     ] GC(28)      Live:         -               125M (25%)         125M (25%)         125M (25%)            -                  -          
[2026-04-03T01:55:02.117+0600][17.040s][info][gc,heap     ] GC(28) Allocated:         -                26M (5%)           26M (5%)           25M (5%)             -                  -          
[2026-04-03T01:55:02.117+0600][17.040s][info][gc,heap     ] GC(28)   Garbage:         -               176M (35%)         176M (35%)          12M (2%)             -                  -          
[2026-04-03T01:55:02.117+0600][17.040s][info][gc,heap     ] GC(28) Reclaimed:         -                  -                 0M (0%)          163M (33%)            -                  -          
[2026-04-03T01:55:02.117+0600][17.040s][info][gc          ] GC(28) Garbage Collection (Allocation Rate) 302M(60%)->164M(33%)
[2026-04-03T01:55:02.209+0600][17.132s][info][gc,start    ] GC(29) Garbage Collection (Allocation Rate)
[2026-04-03T01:55:02.209+0600][17.132s][info][gc,task     ] GC(29) Using 3 workers
[2026-04-03T01:55:02.209+0600][17.132s][info][gc,phases   ] GC(29) Pause Mark Start 0.009ms
[2026-04-03T01:55:02.306+0600][17.229s][info][gc,phases   ] GC(29) Concurrent Mark 96.402ms
[2026-04-03T01:55:02.306+0600][17.229s][info][gc,phases   ] GC(29) Pause Mark End 0.023ms
[2026-04-03T01:55:02.306+0600][17.230s][info][gc,phases   ] GC(29) Concurrent Mark Free 0.002ms
[2026-04-03T01:55:02.312+0600][17.236s][info][gc,phases   ] GC(29) Concurrent Process Non-Strong References 6.224ms
[2026-04-03T01:55:02.312+0600][17.236s][info][gc,phases   ] GC(29) Concurrent Reset Relocation Set 0.010ms
[2026-04-03T01:55:02.318+0600][17.241s][info][gc,phases   ] GC(29) Concurrent Select Relocation Set 5.488ms
[2026-04-03T01:55:02.319+0600][17.242s][info][gc,phases   ] GC(29) Pause Relocate Start 0.018ms
[2026-04-03T01:55:02.323+0600][17.247s][info][gc,phases   ] GC(29) Concurrent Relocate 4.723ms
[2026-04-03T01:55:02.324+0600][17.247s][info][gc,load     ] GC(29) Load: 6.45/7.55/7.40
[2026-04-03T01:55:02.324+0600][17.247s][info][gc,mmu      ] GC(29) MMU: 2ms/90.6%, 5ms/96.2%, 10ms/98.0%, 20ms/99.0%, 50ms/99.6%, 100ms/99.6%
[2026-04-03T01:55:02.324+0600][17.247s][info][gc,marking  ] GC(29) Mark: 2 stripe(s), 2 proactive flush(es), 1 terminate flush(es), 0 completion(s), 0 continuation(s) 
[2026-04-03T01:55:02.324+0600][17.247s][info][gc,marking  ] GC(29) Mark Stack Usage: 32M
[2026-04-03T01:55:02.324+0600][17.247s][info][gc,nmethod  ] GC(29) NMethods: 4391 registered, 721 unregistered
[2026-04-03T01:55:02.324+0600][17.247s][info][gc,metaspace] GC(29) Metaspace: 62M used, 62M committed, 1088M reserved
[2026-04-03T01:55:02.324+0600][17.247s][info][gc,ref      ] GC(29) Soft: 4676 encountered, 0 discovered, 0 enqueued
[2026-04-03T01:55:02.324+0600][17.247s][info][gc,ref      ] GC(29) Weak: 5325 encountered, 626 discovered, 275 enqueued
[2026-04-03T01:55:02.324+0600][17.247s][info][gc,ref      ] GC(29) Final: 74 encountered, 0 discovered, 0 enqueued
[2026-04-03T01:55:02.324+0600][17.247s][info][gc,ref      ] GC(29) Phantom: 592 encountered, 583 discovered, 0 enqueued
[2026-04-03T01:55:02.324+0600][17.247s][info][gc,reloc    ] GC(29) Small Pages: 73 / 146M, Empty: 0M, Relocated: 2M, In-Place: 0
[2026-04-03T01:55:02.324+0600][17.247s][info][gc,reloc    ] GC(29) Medium Pages: 2 / 16M, Empty: 8M, Relocated: 0M, In-Place: 0
[2026-04-03T01:55:02.324+0600][17.247s][info][gc,reloc    ] GC(29) Large Pages: 5 / 24M, Empty: 12M, Relocated: 0M, In-Place: 0
[2026-04-03T01:55:02.324+0600][17.247s][info][gc,reloc    ] GC(29) Forwarding Usage: 1M
[2026-04-03T01:55:02.324+0600][17.247s][info][gc,heap     ] GC(29) Min Capacity: 8M(2%)
[2026-04-03T01:55:02.324+0600][17.247s][info][gc,heap     ] GC(29) Max Capacity: 500M(100%)
[2026-04-03T01:55:02.324+0600][17.247s][info][gc,heap     ] GC(29) Soft Max Capacity: 500M(100%)
[2026-04-03T01:55:02.324+0600][17.247s][info][gc,heap     ] GC(29)                Mark Start          Mark End        Relocate Start      Relocate End           High               Low         
[2026-04-03T01:55:02.324+0600][17.247s][info][gc,heap     ] GC(29)  Capacity:      500M (100%)        500M (100%)        500M (100%)        500M (100%)        500M (100%)        500M (100%)   
[2026-04-03T01:55:02.324+0600][17.247s][info][gc,heap     ] GC(29)      Free:      314M (63%)         298M (60%)         316M (63%)         346M (69%)         346M (69%)         296M (59%)    
[2026-04-03T01:55:02.324+0600][17.247s][info][gc,heap     ] GC(29)      Used:      186M (37%)         202M (40%)         184M (37%)         154M (31%)         204M (41%)         154M (31%)    
[2026-04-03T01:55:02.324+0600][17.247s][info][gc,heap     ] GC(29)      Live:         -               123M (25%)         123M (25%)         123M (25%)            -                  -          
[2026-04-03T01:55:02.324+0600][17.247s][info][gc,heap     ] GC(29) Allocated:         -                16M (3%)           18M (4%)           17M (4%)             -                  -          
[2026-04-03T01:55:02.324+0600][17.247s][info][gc,heap     ] GC(29)   Garbage:         -                62M (13%)          42M (9%)           12M (3%)             -                  -          
[2026-04-03T01:55:02.324+0600][17.247s][info][gc,heap     ] GC(29) Reclaimed:         -                  -                20M (4%)           49M (10%)            -                  -          
[2026-04-03T01:55:02.324+0600][17.247s][info][gc          ] GC(29) Garbage Collection (Allocation Rate) 186M(37%)->154M(31%)
[2026-04-03T01:55:02.409+0600][17.332s][info][gc,start    ] GC(30) Garbage Collection (Allocation Rate)
[2026-04-03T01:55:02.409+0600][17.332s][info][gc,task     ] GC(30) Using 3 workers
[2026-04-03T01:55:02.409+0600][17.333s][info][gc,phases   ] GC(30) Pause Mark Start 0.014ms
[2026-04-03T01:55:02.512+0600][17.436s][info][gc,phases   ] GC(30) Concurrent Mark 103.135ms
[2026-04-03T01:55:02.513+0600][17.436s][info][gc,phases   ] GC(30) Pause Mark End 0.027ms
[2026-04-03T01:55:02.513+0600][17.436s][info][gc,phases   ] GC(30) Concurrent Mark Free 0.003ms
[2026-04-03T01:55:02.530+0600][17.453s][info][gc,phases   ] GC(30) Concurrent Process Non-Strong References 16.420ms
[2026-04-03T01:55:02.530+0600][17.453s][info][gc,phases   ] GC(30) Concurrent Reset Relocation Set 0.003ms
[2026-04-03T01:55:02.533+0600][17.456s][info][gc,phases   ] GC(30) Concurrent Select Relocation Set 3.032ms
[2026-04-03T01:55:02.533+0600][17.456s][info][gc,phases   ] GC(30) Pause Relocate Start 0.016ms
[2026-04-03T01:55:02.536+0600][17.460s][info][gc,phases   ] GC(30) Concurrent Relocate 3.149ms
[2026-04-03T01:55:02.536+0600][17.460s][info][gc,load     ] GC(30) Load: 6.45/7.55/7.40
[2026-04-03T01:55:02.536+0600][17.460s][info][gc,mmu      ] GC(30) MMU: 2ms/90.6%, 5ms/96.2%, 10ms/98.0%, 20ms/99.0%, 50ms/99.6%, 100ms/99.6%
[2026-04-03T01:55:02.536+0600][17.460s][info][gc,marking  ] GC(30) Mark: 2 stripe(s), 2 proactive flush(es), 1 terminate flush(es), 0 completion(s), 0 continuation(s) 
[2026-04-03T01:55:02.536+0600][17.460s][info][gc,marking  ] GC(30) Mark Stack Usage: 32M
[2026-04-03T01:55:02.536+0600][17.460s][info][gc,nmethod  ] GC(30) NMethods: 4537 registered, 795 unregistered
[2026-04-03T01:55:02.536+0600][17.460s][info][gc,metaspace] GC(30) Metaspace: 62M used, 63M committed, 1088M reserved
[2026-04-03T01:55:02.536+0600][17.460s][info][gc,ref      ] GC(30) Soft: 4728 encountered, 0 discovered, 0 enqueued
[2026-04-03T01:55:02.536+0600][17.460s][info][gc,ref      ] GC(30) Weak: 5594 encountered, 386 discovered, 169 enqueued
[2026-04-03T01:55:02.537+0600][17.460s][info][gc,ref      ] GC(30) Final: 74 encountered, 0 discovered, 0 enqueued
[2026-04-03T01:55:02.537+0600][17.460s][info][gc,ref      ] GC(30) Phantom: 595 encountered, 247 discovered, 0 enqueued
[2026-04-03T01:55:02.537+0600][17.460s][info][gc,reloc    ] GC(30) Small Pages: 77 / 154M, Empty: 0M, Relocated: 2M, In-Place: 0
[2026-04-03T01:55:02.537+0600][17.460s][info][gc,reloc    ] GC(30) Medium Pages: 1 / 8M, Empty: 0M, Relocated: 0M, In-Place: 0
[2026-04-03T01:55:02.537+0600][17.460s][info][gc,reloc    ] GC(30) Large Pages: 4 / 18M, Empty: 6M, Relocated: 0M, In-Place: 0
[2026-04-03T01:55:02.537+0600][17.460s][info][gc,reloc    ] GC(30) Forwarding Usage: 1M
[2026-04-03T01:55:02.537+0600][17.460s][info][gc,heap     ] GC(30) Min Capacity: 8M(2%)
[2026-04-03T01:55:02.537+0600][17.460s][info][gc,heap     ] GC(30) Max Capacity: 500M(100%)
[2026-04-03T01:55:02.537+0600][17.460s][info][gc,heap     ] GC(30) Soft Max Capacity: 500M(100%)
[2026-04-03T01:55:02.537+0600][17.460s][info][gc,heap     ] GC(30)                Mark Start          Mark End        Relocate Start      Relocate End           High               Low         
[2026-04-03T01:55:02.537+0600][17.460s][info][gc,heap     ] GC(30)  Capacity:      500M (100%)        500M (100%)        500M (100%)        500M (100%)        500M (100%)        500M (100%)   
[2026-04-03T01:55:02.537+0600][17.460s][info][gc,heap     ] GC(30)      Free:      320M (64%)         244M (49%)         232M (46%)         266M (53%)         320M (64%)         226M (45%)    
[2026-04-03T01:55:02.537+0600][17.460s][info][gc,heap     ] GC(30)      Used:      180M (36%)         256M (51%)         268M (54%)         234M (47%)         274M (55%)         180M (36%)    
[2026-04-03T01:55:02.537+0600][17.460s][info][gc,heap     ] GC(30)      Live:         -               124M (25%)         124M (25%)         124M (25%)            -                  -          
[2026-04-03T01:55:02.537+0600][17.460s][info][gc,heap     ] GC(30) Allocated:         -                76M (15%)          94M (19%)          95M (19%)            -                  -          
[2026-04-03T01:55:02.537+0600][17.460s][info][gc,heap     ] GC(30)   Garbage:         -                55M (11%)          49M (10%)          13M (3%)             -                  -          
[2026-04-03T01:55:02.537+0600][17.460s][info][gc,heap     ] GC(30) Reclaimed:         -                  -                 6M (1%)           41M (8%)             -                  -          
[2026-04-03T01:55:02.537+0600][17.460s][info][gc          ] GC(30) Garbage Collection (Allocation Rate) 180M(36%)->234M(47%)
[2026-04-03T01:55:02.608+0600][17.531s][info][gc,start    ] GC(31) Garbage Collection (Allocation Rate)
[2026-04-03T01:55:02.608+0600][17.531s][info][gc,task     ] GC(31) Using 3 workers
[2026-04-03T01:55:02.608+0600][17.532s][info][gc,phases   ] GC(31) Pause Mark Start 0.042ms
[2026-04-03T01:55:02.725+0600][17.648s][info][gc,phases   ] GC(31) Concurrent Mark 116.349ms
[2026-04-03T01:55:02.725+0600][17.648s][info][gc,phases   ] GC(31) Pause Mark End 0.027ms
[2026-04-03T01:55:02.725+0600][17.649s][info][gc,phases   ] GC(31) Concurrent Mark Free 0.004ms
[2026-04-03T01:55:02.732+0600][17.655s][info][gc,phases   ] GC(31) Concurrent Process Non-Strong References 6.582ms
[2026-04-03T01:55:02.732+0600][17.655s][info][gc,phases   ] GC(31) Concurrent Reset Relocation Set 0.003ms
[2026-04-03T01:55:02.738+0600][17.662s][info][gc,phases   ] GC(31) Concurrent Select Relocation Set 6.381ms
[2026-04-03T01:55:02.739+0600][17.662s][info][gc,phases   ] GC(31) Pause Relocate Start 0.015ms
[2026-04-03T01:55:02.759+0600][17.682s][info][gc,phases   ] GC(31) Concurrent Relocate 19.975ms
[2026-04-03T01:55:02.759+0600][17.682s][info][gc,load     ] GC(31) Load: 6.45/7.55/7.40
[2026-04-03T01:55:02.759+0600][17.682s][info][gc,mmu      ] GC(31) MMU: 2ms/90.6%, 5ms/96.2%, 10ms/98.0%, 20ms/99.0%, 50ms/99.6%, 100ms/99.6%
[2026-04-03T01:55:02.759+0600][17.682s][info][gc,marking  ] GC(31) Mark: 2 stripe(s), 2 proactive flush(es), 1 terminate flush(es), 0 completion(s), 0 continuation(s) 
[2026-04-03T01:55:02.759+0600][17.682s][info][gc,marking  ] GC(31) Mark Stack Usage: 32M
[2026-04-03T01:55:02.759+0600][17.682s][info][gc,nmethod  ] GC(31) NMethods: 4529 registered, 868 unregistered
[2026-04-03T01:55:02.759+0600][17.682s][info][gc,metaspace] GC(31) Metaspace: 62M used, 63M committed, 1088M reserved
[2026-04-03T01:55:02.759+0600][17.682s][info][gc,ref      ] GC(31) Soft: 4728 encountered, 0 discovered, 0 enqueued
[2026-04-03T01:55:02.759+0600][17.682s][info][gc,ref      ] GC(31) Weak: 5425 encountered, 288 discovered, 0 enqueued
[2026-04-03T01:55:02.759+0600][17.682s][info][gc,ref      ] GC(31) Final: 74 encountered, 0 discovered, 0 enqueued
[2026-04-03T01:55:02.759+0600][17.682s][info][gc,ref      ] GC(31) Phantom: 595 encountered, 219 discovered, 0 enqueued
[2026-04-03T01:55:02.759+0600][17.682s][info][gc,reloc    ] GC(31) Small Pages: 152 / 304M, Empty: 0M, Relocated: 15M, In-Place: 0
[2026-04-03T01:55:02.759+0600][17.682s][info][gc,reloc    ] GC(31) Medium Pages: 2 / 16M, Empty: 8M, Relocated: 0M, In-Place: 0
[2026-04-03T01:55:02.759+0600][17.682s][info][gc,reloc    ] GC(31) Large Pages: 4 / 14M, Empty: 0M, Relocated: 0M, In-Place: 0
[2026-04-03T01:55:02.759+0600][17.682s][info][gc,reloc    ] GC(31) Forwarding Usage: 8M
[2026-04-03T01:55:02.759+0600][17.683s][info][gc,heap     ] GC(31) Min Capacity: 8M(2%)
[2026-04-03T01:55:02.759+0600][17.683s][info][gc,heap     ] GC(31) Max Capacity: 500M(100%)
[2026-04-03T01:55:02.759+0600][17.683s][info][gc,heap     ] GC(31) Soft Max Capacity: 500M(100%)
[2026-04-03T01:55:02.759+0600][17.683s][info][gc,heap     ] GC(31)                Mark Start          Mark End        Relocate Start      Relocate End           High               Low         
[2026-04-03T01:55:02.759+0600][17.683s][info][gc,heap     ] GC(31)  Capacity:      500M (100%)        500M (100%)        500M (100%)        500M (100%)        500M (100%)        500M (100%)   
[2026-04-03T01:55:02.759+0600][17.683s][info][gc,heap     ] GC(31)      Free:      166M (33%)          18M (4%)           12M (2%)          160M (32%)         166M (33%)           6M (1%)     
[2026-04-03T01:55:02.759+0600][17.683s][info][gc,heap     ] GC(31)      Used:      334M (67%)         482M (96%)         488M (98%)         340M (68%)         494M (99%)         334M (67%)    
[2026-04-03T01:55:02.759+0600][17.683s][info][gc,heap     ] GC(31)      Live:         -               136M (27%)         136M (27%)         136M (27%)            -                  -          
[2026-04-03T01:55:02.759+0600][17.683s][info][gc,heap     ] GC(31) Allocated:         -               148M (30%)         162M (32%)         191M (38%)            -                  -          
[2026-04-03T01:55:02.759+0600][17.683s][info][gc,heap     ] GC(31)   Garbage:         -               197M (39%)         189M (38%)          11M (2%)             -                  -          
[2026-04-03T01:55:02.759+0600][17.683s][info][gc,heap     ] GC(31) Reclaimed:         -                  -                 8M (2%)          185M (37%)            -                  -          
[2026-04-03T01:55:02.759+0600][17.683s][info][gc          ] GC(31) Garbage Collection (Allocation Rate) 334M(67%)->340M(68%)
[2026-04-03T01:55:02.808+0600][17.732s][info][gc,start    ] GC(32) Garbage Collection (Allocation Rate)
[2026-04-03T01:55:02.808+0600][17.732s][info][gc,task     ] GC(32) Using 3 workers
[2026-04-03T01:55:02.808+0600][17.732s][info][gc,phases   ] GC(32) Pause Mark Start 0.012ms
[2026-04-03T01:55:02.973+0600][17.896s][info][gc,phases   ] GC(32) Concurrent Mark 164.186ms
[2026-04-03T01:55:02.973+0600][17.896s][info][gc,phases   ] GC(32) Pause Mark End 0.030ms
[2026-04-03T01:55:02.973+0600][17.897s][info][gc,phases   ] GC(32) Concurrent Mark Free 0.002ms
[2026-04-03T01:55:02.980+0600][17.903s][info][gc,phases   ] GC(32) Concurrent Process Non-Strong References 6.675ms
[2026-04-03T01:55:02.980+0600][17.903s][info][gc,phases   ] GC(32) Concurrent Reset Relocation Set 0.017ms
[2026-04-03T01:55:02.984+0600][17.907s][info][gc          ] Allocation Stall (Executor task launch worker for task 0.0 in stage 1.0 (TID 1)) 79.123ms
[2026-04-03T01:55:02.984+0600][17.907s][info][gc          ] Allocation Stall (Executor task launch worker for task 1.0 in stage 1.0 (TID 2)) 78.621ms
[2026-04-03T01:55:02.985+0600][17.908s][info][gc,phases   ] GC(32) Concurrent Select Relocation Set 4.847ms
[2026-04-03T01:55:02.985+0600][17.909s][info][gc,phases   ] GC(32) Pause Relocate Start 0.018ms
[2026-04-03T01:55:02.995+0600][17.919s][info][gc,phases   ] GC(32) Concurrent Relocate 10.032ms
[2026-04-03T01:55:02.996+0600][17.919s][info][gc,load     ] GC(32) Load: 6.45/7.55/7.40
[2026-04-03T01:55:02.996+0600][17.919s][info][gc,mmu      ] GC(32) MMU: 2ms/90.6%, 5ms/96.2%, 10ms/98.0%, 20ms/99.0%, 50ms/99.6%, 100ms/99.6%
[2026-04-03T01:55:02.996+0600][17.919s][info][gc,marking  ] GC(32) Mark: 2 stripe(s), 3 proactive flush(es), 1 terminate flush(es), 0 completion(s), 0 continuation(s) 
[2026-04-03T01:55:02.996+0600][17.919s][info][gc,marking  ] GC(32) Mark Stack Usage: 32M
[2026-04-03T01:55:02.996+0600][17.919s][info][gc,nmethod  ] GC(32) NMethods: 4552 registered, 903 unregistered
[2026-04-03T01:55:02.996+0600][17.919s][info][gc,metaspace] GC(32) Metaspace: 62M used, 63M committed, 1088M reserved
[2026-04-03T01:55:02.996+0600][17.919s][info][gc,ref      ] GC(32) Soft: 4728 encountered, 0 discovered, 0 enqueued
[2026-04-03T01:55:02.996+0600][17.919s][info][gc,ref      ] GC(32) Weak: 5451 encountered, 357 discovered, 15 enqueued
[2026-04-03T01:55:02.996+0600][17.919s][info][gc,ref      ] GC(32) Final: 74 encountered, 2 discovered, 0 enqueued
[2026-04-03T01:55:02.996+0600][17.919s][info][gc,ref      ] GC(32) Phantom: 595 encountered, 221 discovered, 0 enqueued
[2026-04-03T01:55:02.996+0600][17.919s][info][gc,reloc    ] GC(32) Small Pages: 175 / 350M, Empty: 20M, Relocated: 7M, In-Place: 0
[2026-04-03T01:55:02.996+0600][17.919s][info][gc,reloc    ] GC(32) Medium Pages: 1 / 8M, Empty: 0M, Relocated: 0M, In-Place: 0
[2026-04-03T01:55:02.996+0600][17.919s][info][gc,reloc    ] GC(32) Large Pages: 5 / 18M, Empty: 2M, Relocated: 0M, In-Place: 0
[2026-04-03T01:55:02.996+0600][17.919s][info][gc,reloc    ] GC(32) Forwarding Usage: 5M
[2026-04-03T01:55:02.996+0600][17.919s][info][gc,heap     ] GC(32) Min Capacity: 8M(2%)
[2026-04-03T01:55:02.996+0600][17.919s][info][gc,heap     ] GC(32) Max Capacity: 500M(100%)
[2026-04-03T01:55:02.996+0600][17.919s][info][gc,heap     ] GC(32) Soft Max Capacity: 500M(100%)
[2026-04-03T01:55:02.996+0600][17.919s][info][gc,heap     ] GC(32)                Mark Start          Mark End        Relocate Start      Relocate End           High               Low         
[2026-04-03T01:55:02.996+0600][17.919s][info][gc,heap     ] GC(32)  Capacity:      500M (100%)        500M (100%)        500M (100%)        500M (100%)        500M (100%)        500M (100%)   
[2026-04-03T01:55:02.996+0600][17.919s][info][gc,heap     ] GC(32)      Free:      124M (25%)           0M (0%)           20M (4%)          198M (40%)         198M (40%)           0M (0%)     
[2026-04-03T01:55:02.996+0600][17.919s][info][gc,heap     ] GC(32)      Used:      376M (75%)         500M (100%)        480M (96%)         302M (60%)         500M (100%)        302M (60%)    
[2026-04-03T01:55:02.996+0600][17.919s][info][gc,heap     ] GC(32)      Live:         -               145M (29%)         145M (29%)         145M (29%)            -                  -          
[2026-04-03T01:55:02.996+0600][17.919s][info][gc,heap     ] GC(32) Allocated:         -               124M (25%)         126M (25%)         141M (28%)            -                  -          
[2026-04-03T01:55:02.996+0600][17.919s][info][gc,heap     ] GC(32)   Garbage:         -               230M (46%)         208M (42%)          14M (3%)             -                  -          
[2026-04-03T01:55:02.996+0600][17.919s][info][gc,heap     ] GC(32) Reclaimed:         -                  -                22M (4%)          215M (43%)            -                  -          
[2026-04-03T01:55:02.996+0600][17.919s][info][gc          ] GC(32) Garbage Collection (Allocation Rate) 376M(75%)->302M(60%)
[2026-04-03T01:55:03.008+0600][17.932s][info][gc,start    ] GC(33) Garbage Collection (Allocation Stall)
[2026-04-03T01:55:03.009+0600][17.932s][info][gc,ref      ] GC(33) Clearing All SoftReferences
[2026-04-03T01:55:03.009+0600][17.932s][info][gc,task     ] GC(33) Using 3 workers
[2026-04-03T01:55:03.009+0600][17.932s][info][gc,ref      ] GC(33) Clearing All SoftReferences
[2026-04-03T01:55:03.009+0600][17.932s][info][gc,phases   ] GC(33) Pause Mark Start 0.051ms
[2026-04-03T01:55:03.127+0600][18.050s][info][gc,phases   ] GC(33) Concurrent Mark 117.640ms
[2026-04-03T01:55:03.127+0600][18.050s][info][gc,phases   ] GC(33) Pause Mark End 0.025ms
[2026-04-03T01:55:03.127+0600][18.051s][info][gc,phases   ] GC(33) Concurrent Mark Free 0.003ms
[2026-04-03T01:55:03.141+0600][18.064s][info][gc,phases   ] GC(33) Concurrent Process Non-Strong References 13.510ms
[2026-04-03T01:55:03.141+0600][18.064s][info][gc,phases   ] GC(33) Concurrent Reset Relocation Set 0.009ms
[2026-04-03T01:55:03.141+0600][18.064s][info][gc          ] Allocation Stall (Executor task launch worker for task 0.0 in stage 1.0 (TID 1)) 34.063ms
[2026-04-03T01:55:03.141+0600][18.064s][info][gc          ] Allocation Stall (Executor task launch worker for task 1.0 in stage 1.0 (TID 2)) 34.411ms
[2026-04-03T01:55:03.144+0600][18.068s][info][gc,phases   ] GC(33) Concurrent Select Relocation Set 3.257ms
[2026-04-03T01:55:03.144+0600][18.068s][info][gc,phases   ] GC(33) Pause Relocate Start 0.039ms
[2026-04-03T01:55:03.148+0600][18.071s][info][gc,phases   ] GC(33) Concurrent Relocate 3.450ms
[2026-04-03T01:55:03.148+0600][18.071s][info][gc,load     ] GC(33) Load: 6.45/7.55/7.40
[2026-04-03T01:55:03.148+0600][18.072s][info][gc,mmu      ] GC(33) MMU: 2ms/90.6%, 5ms/96.2%, 10ms/98.0%, 20ms/99.0%, 50ms/99.6%, 100ms/99.6%
[2026-04-03T01:55:03.148+0600][18.072s][info][gc,marking  ] GC(33) Mark: 2 stripe(s), 2 proactive flush(es), 1 terminate flush(es), 0 completion(s), 0 continuation(s) 
[2026-04-03T01:55:03.148+0600][18.072s][info][gc,marking  ] GC(33) Mark Stack Usage: 32M
[2026-04-03T01:55:03.148+0600][18.072s][info][gc,nmethod  ] GC(33) NMethods: 4544 registered, 919 unregistered
[2026-04-03T01:55:03.148+0600][18.072s][info][gc,metaspace] GC(33) Metaspace: 62M used, 63M committed, 1088M reserved
[2026-04-03T01:55:03.148+0600][18.072s][info][gc,ref      ] GC(33) Soft: 4545 encountered, 2461 discovered, 1887 enqueued
[2026-04-03T01:55:03.148+0600][18.072s][info][gc,ref      ] GC(33) Weak: 5343 encountered, 325 discovered, 176 enqueued
[2026-04-03T01:55:03.148+0600][18.072s][info][gc,ref      ] GC(33) Final: 74 encountered, 1 discovered, 0 enqueued
[2026-04-03T01:55:03.148+0600][18.072s][info][gc,ref      ] GC(33) Phantom: 595 encountered, 583 discovered, 0 enqueued
[2026-04-03T01:55:03.148+0600][18.072s][info][gc,reloc    ] GC(33) Small Pages: 151 / 302M, Empty: 148M, Relocated: 1M, In-Place: 0
[2026-04-03T01:55:03.148+0600][18.072s][info][gc,reloc    ] GC(33) Medium Pages: 1 / 8M, Empty: 0M, Relocated: 0M, In-Place: 0
[2026-04-03T01:55:03.148+0600][18.072s][info][gc,reloc    ] GC(33) Large Pages: 4 / 16M, Empty: 0M, Relocated: 0M, In-Place: 0
[2026-04-03T01:55:03.148+0600][18.072s][info][gc,reloc    ] GC(33) Forwarding Usage: 0M
[2026-04-03T01:55:03.148+0600][18.072s][info][gc,heap     ] GC(33) Min Capacity: 8M(2%)
[2026-04-03T01:55:03.148+0600][18.072s][info][gc,heap     ] GC(33) Max Capacity: 500M(100%)
[2026-04-03T01:55:03.148+0600][18.072s][info][gc,heap     ] GC(33) Soft Max Capacity: 500M(100%)
[2026-04-03T01:55:03.148+0600][18.072s][info][gc,heap     ] GC(33)                Mark Start          Mark End        Relocate Start      Relocate End           High               Low         
[2026-04-03T01:55:03.148+0600][18.072s][info][gc,heap     ] GC(33)  Capacity:      500M (100%)        500M (100%)        500M (100%)        500M (100%)        500M (100%)        500M (100%)   
[2026-04-03T01:55:03.148+0600][18.072s][info][gc,heap     ] GC(33)      Free:      174M (35%)           0M (0%)          140M (28%)         154M (31%)         174M (35%)           0M (0%)     
[2026-04-03T01:55:03.148+0600][18.072s][info][gc,heap     ] GC(33)      Used:      326M (65%)         500M (100%)        360M (72%)         346M (69%)         500M (100%)        326M (65%)    
[2026-04-03T01:55:03.148+0600][18.072s][info][gc,heap     ] GC(33)      Live:         -               143M (29%)         143M (29%)         143M (29%)            -                  -          
[2026-04-03T01:55:03.148+0600][18.072s][info][gc,heap     ] GC(33) Allocated:         -               174M (35%)         182M (36%)         185M (37%)            -                  -          
[2026-04-03T01:55:03.148+0600][18.072s][info][gc,heap     ] GC(33)   Garbage:         -               182M (36%)          34M (7%)           16M (3%)             -                  -          
[2026-04-03T01:55:03.148+0600][18.072s][info][gc,heap     ] GC(33) Reclaimed:         -                  -               148M (30%)         165M (33%)            -                  -          
[2026-04-03T01:55:03.148+0600][18.072s][info][gc          ] GC(33) Garbage Collection (Allocation Stall) 326M(65%)->346M(69%)
[2026-04-03T01:55:03.205+0600][18.128s][info][gc,start    ] GC(34) Garbage Collection (Allocation Stall)
[2026-04-03T01:55:03.205+0600][18.128s][info][gc,ref      ] GC(34) Clearing All SoftReferences
[2026-04-03T01:55:03.205+0600][18.128s][info][gc,task     ] GC(34) Using 3 workers
[2026-04-03T01:55:03.205+0600][18.128s][info][gc,ref      ] GC(34) Clearing All SoftReferences
[2026-04-03T01:55:03.205+0600][18.128s][info][gc,phases   ] GC(34) Pause Mark Start 0.041ms
[2026-04-03T01:55:03.273+0600][18.196s][info][gc,phases   ] GC(34) Concurrent Mark 67.521ms
[2026-04-03T01:55:03.273+0600][18.196s][info][gc,phases   ] GC(34) Pause Mark End 0.021ms
[2026-04-03T01:55:03.273+0600][18.196s][info][gc,phases   ] GC(34) Concurrent Mark Free 0.003ms
[2026-04-03T01:55:03.284+0600][18.208s][info][gc,phases   ] GC(34) Concurrent Process Non-Strong References 11.123ms
[2026-04-03T01:55:03.284+0600][18.208s][info][gc,phases   ] GC(34) Concurrent Reset Relocation Set 0.012ms
[2026-04-03T01:55:03.284+0600][18.208s][info][gc          ] Allocation Stall (Executor task launch worker for task 0.0 in stage 1.0 (TID 1)) 79.619ms
[2026-04-03T01:55:03.285+0600][18.208s][info][gc          ] Allocation Stall (Spark Context Cleaner) 9.720ms
[2026-04-03T01:55:03.285+0600][18.208s][info][gc          ] Allocation Stall (Executor task launch worker for task 1.0 in stage 1.0 (TID 2)) 79.787ms
[2026-04-03T01:55:03.288+0600][18.211s][info][gc,phases   ] GC(34) Concurrent Select Relocation Set 3.561ms
[2026-04-03T01:55:03.288+0600][18.212s][info][gc,phases   ] GC(34) Pause Relocate Start 0.011ms
[2026-04-03T01:55:03.291+0600][18.215s][info][gc,phases   ] GC(34) Concurrent Relocate 2.729ms
[2026-04-03T01:55:03.291+0600][18.215s][info][gc,load     ] GC(34) Load: 6.45/7.55/7.40
[2026-04-03T01:55:03.291+0600][18.215s][info][gc,mmu      ] GC(34) MMU: 2ms/90.6%, 5ms/96.2%, 10ms/98.0%, 20ms/99.0%, 50ms/99.6%, 100ms/99.6%
[2026-04-03T01:55:03.291+0600][18.215s][info][gc,marking  ] GC(34) Mark: 2 stripe(s), 1 proactive flush(es), 1 terminate flush(es), 0 completion(s), 0 continuation(s) 
[2026-04-03T01:55:03.291+0600][18.215s][info][gc,marking  ] GC(34) Mark Stack Usage: 32M
[2026-04-03T01:55:03.291+0600][18.215s][info][gc,nmethod  ] GC(34) NMethods: 4540 registered, 925 unregistered
[2026-04-03T01:55:03.291+0600][18.215s][info][gc,metaspace] GC(34) Metaspace: 62M used, 63M committed, 1088M reserved
[2026-04-03T01:55:03.291+0600][18.215s][info][gc,ref      ] GC(34) Soft: 2658 encountered, 1912 discovered, 0 enqueued
[2026-04-03T01:55:03.291+0600][18.215s][info][gc,ref      ] GC(34) Weak: 5167 encountered, 607 discovered, 0 enqueued
[2026-04-03T01:55:03.291+0600][18.215s][info][gc,ref      ] GC(34) Final: 74 encountered, 1 discovered, 0 enqueued
[2026-04-03T01:55:03.291+0600][18.215s][info][gc,ref      ] GC(34) Phantom: 595 encountered, 278 discovered, 0 enqueued
[2026-04-03T01:55:03.291+0600][18.215s][info][gc,reloc    ] GC(34) Small Pages: 238 / 476M, Empty: 328M, Relocated: 3M, In-Place: 0
[2026-04-03T01:55:03.291+0600][18.215s][info][gc,reloc    ] GC(34) Medium Pages: 1 / 8M, Empty: 0M, Relocated: 0M, In-Place: 0
[2026-04-03T01:55:03.291+0600][18.215s][info][gc,reloc    ] GC(34) Large Pages: 4 / 16M, Empty: 4M, Relocated: 0M, In-Place: 0
[2026-04-03T01:55:03.291+0600][18.215s][info][gc,reloc    ] GC(34) Forwarding Usage: 1M
[2026-04-03T01:55:03.291+0600][18.215s][info][gc,heap     ] GC(34) Min Capacity: 8M(2%)
[2026-04-03T01:55:03.291+0600][18.215s][info][gc,heap     ] GC(34) Max Capacity: 500M(100%)
[2026-04-03T01:55:03.291+0600][18.215s][info][gc,heap     ] GC(34) Soft Max Capacity: 500M(100%)
[2026-04-03T01:55:03.291+0600][18.215s][info][gc,heap     ] GC(34)                Mark Start          Mark End        Relocate Start      Relocate End           High               Low         
[2026-04-03T01:55:03.291+0600][18.215s][info][gc,heap     ] GC(34)  Capacity:      500M (100%)        500M (100%)        500M (100%)        500M (100%)        500M (100%)        500M (100%)   
[2026-04-03T01:55:03.291+0600][18.215s][info][gc,heap     ] GC(34)      Free:        0M (0%)            0M (0%)          324M (65%)         352M (70%)         352M (70%)           0M (0%)     
[2026-04-03T01:55:03.291+0600][18.215s][info][gc,heap     ] GC(34)      Used:      500M (100%)        500M (100%)        176M (35%)         148M (30%)         500M (100%)        148M (30%)    
[2026-04-03T01:55:03.291+0600][18.215s][info][gc,heap     ] GC(34)      Live:         -               121M (24%)         121M (24%)         121M (24%)            -                  -          
[2026-04-03T01:55:03.291+0600][18.215s][info][gc,heap     ] GC(34) Allocated:         -                 0M (0%)            8M (2%)           11M (2%)             -                  -          
[2026-04-03T01:55:03.291+0600][18.215s][info][gc,heap     ] GC(34)   Garbage:         -               378M (76%)          46M (9%)           14M (3%)             -                  -          
[2026-04-03T01:55:03.291+0600][18.215s][info][gc,heap     ] GC(34) Reclaimed:         -                  -               332M (66%)         363M (73%)            -                  -          
[2026-04-03T01:55:03.291+0600][18.215s][info][gc          ] GC(34) Garbage Collection (Allocation Stall) 500M(100%)->148M(30%)
[2026-04-03T01:55:03.308+0600][18.231s][info][gc,start    ] GC(35) Garbage Collection (Allocation Stall)
[2026-04-03T01:55:03.308+0600][18.231s][info][gc,ref      ] GC(35) Clearing All SoftReferences
[2026-04-03T01:55:03.308+0600][18.231s][info][gc,task     ] GC(35) Using 3 workers
[2026-04-03T01:55:03.308+0600][18.232s][info][gc,ref      ] GC(35) Clearing All SoftReferences
[2026-04-03T01:55:03.308+0600][18.232s][info][gc,phases   ] GC(35) Pause Mark Start 0.043ms
[2026-04-03T01:55:03.420+0600][18.343s][info][gc,phases   ] GC(35) Concurrent Mark 111.293ms
[2026-04-03T01:55:03.420+0600][18.344s][info][gc,phases   ] GC(35) Pause Mark End 0.030ms
[2026-04-03T01:55:03.420+0600][18.344s][info][gc,phases   ] GC(35) Concurrent Mark Free 0.002ms
[2026-04-03T01:55:03.426+0600][18.349s][info][gc,phases   ] GC(35) Concurrent Process Non-Strong References 5.298ms
[2026-04-03T01:55:03.426+0600][18.349s][info][gc,phases   ] GC(35) Concurrent Reset Relocation Set 0.005ms
[2026-04-03T01:55:03.429+0600][18.352s][info][gc,phases   ] GC(35) Concurrent Select Relocation Set 3.390ms
[2026-04-03T01:55:03.429+0600][18.353s][info][gc,phases   ] GC(35) Pause Relocate Start 0.013ms
[2026-04-03T01:55:03.431+0600][18.355s][info][gc,phases   ] GC(35) Concurrent Relocate 1.874ms
[2026-04-03T01:55:03.431+0600][18.355s][info][gc,load     ] GC(35) Load: 6.45/7.55/7.40
[2026-04-03T01:55:03.431+0600][18.355s][info][gc,mmu      ] GC(35) MMU: 2ms/90.6%, 5ms/96.2%, 10ms/98.0%, 20ms/99.0%, 50ms/99.6%, 100ms/99.6%
[2026-04-03T01:55:03.431+0600][18.355s][info][gc,marking  ] GC(35) Mark: 2 stripe(s), 2 proactive flush(es), 1 terminate flush(es), 0 completion(s), 0 continuation(s) 
[2026-04-03T01:55:03.431+0600][18.355s][info][gc,marking  ] GC(35) Mark Stack Usage: 32M
[2026-04-03T01:55:03.431+0600][18.355s][info][gc,nmethod  ] GC(35) NMethods: 4542 registered, 925 unregistered
[2026-04-03T01:55:03.431+0600][18.355s][info][gc,metaspace] GC(35) Metaspace: 62M used, 63M committed, 1088M reserved
[2026-04-03T01:55:03.431+0600][18.355s][info][gc,ref      ] GC(35) Soft: 2658 encountered, 1007 discovered, 0 enqueued
[2026-04-03T01:55:03.431+0600][18.355s][info][gc,ref      ] GC(35) Weak: 5167 encountered, 574 discovered, 0 enqueued
[2026-04-03T01:55:03.431+0600][18.355s][info][gc,ref      ] GC(35) Final: 74 encountered, 1 discovered, 0 enqueued
[2026-04-03T01:55:03.431+0600][18.355s][info][gc,ref      ] GC(35) Phantom: 595 encountered, 294 discovered, 0 enqueued
[2026-04-03T01:55:03.431+0600][18.355s][info][gc,reloc    ] GC(35) Small Pages: 80 / 160M, Empty: 36M, Relocated: 3M, In-Place: 0
[2026-04-03T01:55:03.431+0600][18.355s][info][gc,reloc    ] GC(35) Medium Pages: 1 / 8M, Empty: 0M, Relocated: 0M, In-Place: 0
[2026-04-03T01:55:03.431+0600][18.355s][info][gc,reloc    ] GC(35) Large Pages: 3 / 12M, Empty: 0M, Relocated: 0M, In-Place: 0
[2026-04-03T01:55:03.431+0600][18.355s][info][gc,reloc    ] GC(35) Forwarding Usage: 1M
[2026-04-03T01:55:03.431+0600][18.355s][info][gc,heap     ] GC(35) Min Capacity: 8M(2%)
[2026-04-03T01:55:03.431+0600][18.355s][info][gc,heap     ] GC(35) Max Capacity: 500M(100%)
[2026-04-03T01:55:03.431+0600][18.355s][info][gc,heap     ] GC(35) Soft Max Capacity: 500M(100%)
[2026-04-03T01:55:03.431+0600][18.355s][info][gc,heap     ] GC(35)                Mark Start          Mark End        Relocate Start      Relocate End           High               Low         
[2026-04-03T01:55:03.431+0600][18.355s][info][gc,heap     ] GC(35)  Capacity:      500M (100%)        500M (100%)        500M (100%)        500M (100%)        500M (100%)        500M (100%)   
[2026-04-03T01:55:03.431+0600][18.355s][info][gc,heap     ] GC(35)      Free:      320M (64%)         130M (26%)         154M (31%)         158M (32%)         320M (64%)         118M (24%)    
[2026-04-03T01:55:03.431+0600][18.355s][info][gc,heap     ] GC(35)      Used:      180M (36%)         370M (74%)         346M (69%)         342M (68%)         382M (76%)         180M (36%)    
[2026-04-03T01:55:03.431+0600][18.355s][info][gc,heap     ] GC(35)      Live:         -               121M (24%)         121M (24%)         121M (24%)            -                  -          
[2026-04-03T01:55:03.431+0600][18.355s][info][gc,heap     ] GC(35) Allocated:         -               190M (38%)         202M (40%)         205M (41%)            -                  -          
[2026-04-03T01:55:03.432+0600][18.355s][info][gc,heap     ] GC(35)   Garbage:         -                58M (12%)          22M (4%)           14M (3%)             -                  -          
[2026-04-03T01:55:03.432+0600][18.355s][info][gc,heap     ] GC(35) Reclaimed:         -                  -                36M (7%)           43M (9%)             -                  -          
[2026-04-03T01:55:03.432+0600][18.355s][info][gc          ] GC(35) Garbage Collection (Allocation Stall) 180M(36%)->342M(68%)
[2026-04-03T01:55:03.508+0600][18.431s][info][gc,start    ] GC(36) Garbage Collection (Allocation Rate)
[2026-04-03T01:55:03.508+0600][18.432s][info][gc,task     ] GC(36) Using 3 workers
[2026-04-03T01:55:03.508+0600][18.432s][info][gc,phases   ] GC(36) Pause Mark Start 0.010ms
[2026-04-03T01:55:03.572+0600][18.495s][info][gc,phases   ] GC(36) Concurrent Mark 63.329ms
[2026-04-03T01:55:03.572+0600][18.495s][info][gc,phases   ] GC(36) Pause Mark End 0.023ms
[2026-04-03T01:55:03.572+0600][18.496s][info][gc,phases   ] GC(36) Concurrent Mark Free 0.002ms
[2026-04-03T01:55:03.577+0600][18.500s][info][gc,phases   ] GC(36) Concurrent Process Non-Strong References 4.819ms
[2026-04-03T01:55:03.577+0600][18.501s][info][gc,phases   ] GC(36) Concurrent Reset Relocation Set 0.002ms
[2026-04-03T01:55:03.577+0600][18.501s][info][gc          ] Allocation Stall (Executor task launch worker for task 0.0 in stage 1.0 (TID 1)) 53.333ms
[2026-04-03T01:55:03.577+0600][18.501s][info][gc          ] Allocation Stall (Executor task launch worker for task 1.0 in stage 1.0 (TID 2)) 53.074ms
[2026-04-03T01:55:03.580+0600][18.503s][info][gc,phases   ] GC(36) Concurrent Select Relocation Set 2.559ms
[2026-04-03T01:55:03.580+0600][18.503s][info][gc,phases   ] GC(36) Pause Relocate Start 0.011ms
[2026-04-03T01:55:03.582+0600][18.505s][info][gc,phases   ] GC(36) Concurrent Relocate 1.757ms
[2026-04-03T01:55:03.582+0600][18.505s][info][gc,load     ] GC(36) Load: 6.45/7.55/7.40
[2026-04-03T01:55:03.582+0600][18.505s][info][gc,mmu      ] GC(36) MMU: 2ms/90.6%, 5ms/96.2%, 10ms/98.0%, 20ms/99.0%, 50ms/99.6%, 100ms/99.6%
[2026-04-03T01:55:03.582+0600][18.505s][info][gc,marking  ] GC(36) Mark: 2 stripe(s), 2 proactive flush(es), 1 terminate flush(es), 0 completion(s), 0 continuation(s) 
[2026-04-03T01:55:03.582+0600][18.505s][info][gc,marking  ] GC(36) Mark Stack Usage: 32M
[2026-04-03T01:55:03.582+0600][18.505s][info][gc,nmethod  ] GC(36) NMethods: 4540 registered, 927 unregistered
[2026-04-03T01:55:03.582+0600][18.505s][info][gc,metaspace] GC(36) Metaspace: 62M used, 63M committed, 1088M reserved
[2026-04-03T01:55:03.582+0600][18.505s][info][gc,ref      ] GC(36) Soft: 2658 encountered, 0 discovered, 0 enqueued
[2026-04-03T01:55:03.582+0600][18.505s][info][gc,ref      ] GC(36) Weak: 5167 encountered, 2080 discovered, 0 enqueued
[2026-04-03T01:55:03.582+0600][18.505s][info][gc,ref      ] GC(36) Final: 74 encountered, 0 discovered, 0 enqueued
[2026-04-03T01:55:03.582+0600][18.505s][info][gc,ref      ] GC(36) Phantom: 595 encountered, 585 discovered, 0 enqueued
[2026-04-03T01:55:03.582+0600][18.505s][info][gc,reloc    ] GC(36) Small Pages: 229 / 458M, Empty: 326M, Relocated: 3M, In-Place: 0
[2026-04-03T01:55:03.582+0600][18.505s][info][gc,reloc    ] GC(36) Medium Pages: 1 / 8M, Empty: 0M, Relocated: 0M, In-Place: 0
[2026-04-03T01:55:03.582+0600][18.505s][info][gc,reloc    ] GC(36) Large Pages: 3 / 12M, Empty: 0M, Relocated: 0M, In-Place: 0
[2026-04-03T01:55:03.582+0600][18.505s][info][gc,reloc    ] GC(36) Forwarding Usage: 1M
[2026-04-03T01:55:03.582+0600][18.505s][info][gc,heap     ] GC(36) Min Capacity: 8M(2%)
[2026-04-03T01:55:03.582+0600][18.505s][info][gc,heap     ] GC(36) Max Capacity: 500M(100%)
[2026-04-03T01:55:03.582+0600][18.505s][info][gc,heap     ] GC(36) Soft Max Capacity: 500M(100%)
[2026-04-03T01:55:03.582+0600][18.505s][info][gc,heap     ] GC(36)                Mark Start          Mark End        Relocate Start      Relocate End           High               Low         
[2026-04-03T01:55:03.582+0600][18.505s][info][gc,heap     ] GC(36)  Capacity:      500M (100%)        500M (100%)        500M (100%)        500M (100%)        500M (100%)        500M (100%)   
[2026-04-03T01:55:03.582+0600][18.505s][info][gc,heap     ] GC(36)      Free:       22M (4%)            0M (0%)          320M (64%)         334M (67%)         334M (67%)           0M (0%)     
[2026-04-03T01:55:03.582+0600][18.505s][info][gc,heap     ] GC(36)      Used:      478M (96%)         500M (100%)        180M (36%)         166M (33%)         500M (100%)        166M (33%)    
[2026-04-03T01:55:03.582+0600][18.506s][info][gc,heap     ] GC(36)      Live:         -               121M (24%)         121M (24%)         121M (24%)            -                  -          
[2026-04-03T01:55:03.582+0600][18.506s][info][gc,heap     ] GC(36) Allocated:         -                22M (4%)           28M (6%)           29M (6%)             -                  -          
[2026-04-03T01:55:03.582+0600][18.506s][info][gc,heap     ] GC(36)   Garbage:         -               356M (71%)          30M (6%)           14M (3%)             -                  -          
[2026-04-03T01:55:03.582+0600][18.506s][info][gc,heap     ] GC(36) Reclaimed:         -                  -               326M (65%)         341M (68%)            -                  -          
[2026-04-03T01:55:03.582+0600][18.506s][info][gc          ] GC(36) Garbage Collection (Allocation Rate) 478M(96%)->166M(33%)
[2026-04-03T01:55:03.608+0600][18.532s][info][gc,start    ] GC(37) Garbage Collection (Allocation Stall)
[2026-04-03T01:55:03.608+0600][18.532s][info][gc,ref      ] GC(37) Clearing All SoftReferences
[2026-04-03T01:55:03.608+0600][18.532s][info][gc,task     ] GC(37) Using 3 workers
[2026-04-03T01:55:03.609+0600][18.532s][info][gc,ref      ] GC(37) Clearing All SoftReferences
[2026-04-03T01:55:03.609+0600][18.532s][info][gc,phases   ] GC(37) Pause Mark Start 0.037ms
[2026-04-03T01:55:03.683+0600][18.607s][info][gc,phases   ] GC(37) Concurrent Mark 74.607ms
[2026-04-03T01:55:03.684+0600][18.607s][info][gc,phases   ] GC(37) Pause Mark End 0.024ms
[2026-04-03T01:55:03.684+0600][18.607s][info][gc,phases   ] GC(37) Concurrent Mark Free 0.001ms
[2026-04-03T01:55:03.689+0600][18.612s][info][gc,phases   ] GC(37) Concurrent Process Non-Strong References 5.058ms
[2026-04-03T01:55:03.689+0600][18.612s][info][gc,phases   ] GC(37) Concurrent Reset Relocation Set 0.003ms
[2026-04-03T01:55:03.692+0600][18.615s][info][gc,phases   ] GC(37) Concurrent Select Relocation Set 3.160ms
[2026-04-03T01:55:03.692+0600][18.616s][info][gc,phases   ] GC(37) Pause Relocate Start 0.018ms
[2026-04-03T01:55:03.694+0600][18.617s][info][gc,phases   ] GC(37) Concurrent Relocate 1.792ms
[2026-04-03T01:55:03.694+0600][18.618s][info][gc,load     ] GC(37) Load: 6.45/7.55/7.40
[2026-04-03T01:55:03.694+0600][18.618s][info][gc,mmu      ] GC(37) MMU: 2ms/90.6%, 5ms/96.2%, 10ms/98.0%, 20ms/99.0%, 50ms/99.6%, 100ms/99.6%
[2026-04-03T01:55:03.694+0600][18.618s][info][gc,marking  ] GC(37) Mark: 2 stripe(s), 2 proactive flush(es), 1 terminate flush(es), 0 completion(s), 0 continuation(s) 
[2026-04-03T01:55:03.694+0600][18.618s][info][gc,marking  ] GC(37) Mark Stack Usage: 32M
[2026-04-03T01:55:03.694+0600][18.618s][info][gc,nmethod  ] GC(37) NMethods: 4541 registered, 927 unregistered
[2026-04-03T01:55:03.694+0600][18.618s][info][gc,metaspace] GC(37) Metaspace: 62M used, 63M committed, 1088M reserved
[2026-04-03T01:55:03.694+0600][18.618s][info][gc,ref      ] GC(37) Soft: 2658 encountered, 265 discovered, 0 enqueued
[2026-04-03T01:55:03.694+0600][18.618s][info][gc,ref      ] GC(37) Weak: 5167 encountered, 2904 discovered, 0 enqueued
[2026-04-03T01:55:03.694+0600][18.618s][info][gc,ref      ] GC(37) Final: 74 encountered, 0 discovered, 0 enqueued
[2026-04-03T01:55:03.694+0600][18.618s][info][gc,ref      ] GC(37) Phantom: 595 encountered, 219 discovered, 0 enqueued
[2026-04-03T01:55:03.694+0600][18.618s][info][gc,reloc    ] GC(37) Small Pages: 99 / 198M, Empty: 70M, Relocated: 3M, In-Place: 0
[2026-04-03T01:55:03.694+0600][18.618s][info][gc,reloc    ] GC(37) Medium Pages: 1 / 8M, Empty: 0M, Relocated: 0M, In-Place: 0
[2026-04-03T01:55:03.694+0600][18.618s][info][gc,reloc    ] GC(37) Large Pages: 3 / 12M, Empty: 0M, Relocated: 0M, In-Place: 0
[2026-04-03T01:55:03.694+0600][18.618s][info][gc,reloc    ] GC(37) Forwarding Usage: 1M
[2026-04-03T01:55:03.694+0600][18.618s][info][gc,heap     ] GC(37) Min Capacity: 8M(2%)
[2026-04-03T01:55:03.694+0600][18.618s][info][gc,heap     ] GC(37) Max Capacity: 500M(100%)
[2026-04-03T01:55:03.694+0600][18.618s][info][gc,heap     ] GC(37) Soft Max Capacity: 500M(100%)
[2026-04-03T01:55:03.694+0600][18.618s][info][gc,heap     ] GC(37)                Mark Start          Mark End        Relocate Start      Relocate End           High               Low         
[2026-04-03T01:55:03.694+0600][18.618s][info][gc,heap     ] GC(37)  Capacity:      500M (100%)        500M (100%)        500M (100%)        500M (100%)        500M (100%)        500M (100%)   
[2026-04-03T01:55:03.694+0600][18.618s][info][gc,heap     ] GC(37)      Free:      282M (56%)         154M (31%)         208M (42%)         218M (44%)         282M (56%)         140M (28%)    
[2026-04-03T01:55:03.694+0600][18.618s][info][gc,heap     ] GC(37)      Used:      218M (44%)         346M (69%)         292M (58%)         282M (56%)         360M (72%)         218M (44%)    
[2026-04-03T01:55:03.694+0600][18.618s][info][gc,heap     ] GC(37)      Live:         -               121M (24%)         121M (24%)         121M (24%)            -                  -          
[2026-04-03T01:55:03.694+0600][18.618s][info][gc,heap     ] GC(37) Allocated:         -               128M (26%)         144M (29%)         145M (29%)            -                  -          
[2026-04-03T01:55:03.694+0600][18.618s][info][gc,heap     ] GC(37)   Garbage:         -                96M (19%)          26M (5%)           14M (3%)             -                  -          
[2026-04-03T01:55:03.694+0600][18.618s][info][gc,heap     ] GC(37) Reclaimed:         -                  -                70M (14%)          81M (16%)            -                  -          
[2026-04-03T01:55:03.694+0600][18.618s][info][gc          ] GC(37) Garbage Collection (Allocation Stall) 218M(44%)->282M(56%)
[2026-04-03T01:55:03.708+0600][18.632s][info][gc,start    ] GC(38) Garbage Collection (Allocation Rate)
[2026-04-03T01:55:03.709+0600][18.632s][info][gc,task     ] GC(38) Using 3 workers
[2026-04-03T01:55:03.709+0600][18.632s][info][gc,phases   ] GC(38) Pause Mark Start 0.009ms
[2026-04-03T01:55:03.798+0600][18.721s][info][gc,phases   ] GC(38) Concurrent Mark 88.713ms
[2026-04-03T01:55:03.798+0600][18.721s][info][gc,phases   ] GC(38) Pause Mark End 0.025ms
[2026-04-03T01:55:03.798+0600][18.721s][info][gc,phases   ] GC(38) Concurrent Mark Free 0.002ms
[2026-04-03T01:55:03.803+0600][18.727s][info][gc,phases   ] GC(38) Concurrent Process Non-Strong References 5.374ms
[2026-04-03T01:55:03.803+0600][18.727s][info][gc,phases   ] GC(38) Concurrent Reset Relocation Set 0.004ms
[2026-04-03T01:55:03.807+0600][18.731s][info][gc,phases   ] GC(38) Concurrent Select Relocation Set 3.950ms
[2026-04-03T01:55:03.808+0600][18.731s][info][gc,phases   ] GC(38) Pause Relocate Start 0.016ms
[2026-04-03T01:55:03.810+0600][18.733s][info][gc,phases   ] GC(38) Concurrent Relocate 1.789ms
[2026-04-03T01:55:03.810+0600][18.733s][info][gc,load     ] GC(38) Load: 6.45/7.55/7.40
[2026-04-03T01:55:03.810+0600][18.733s][info][gc,mmu      ] GC(38) MMU: 2ms/90.6%, 5ms/96.2%, 10ms/98.0%, 20ms/99.0%, 50ms/99.6%, 100ms/99.6%
[2026-04-03T01:55:03.810+0600][18.733s][info][gc,marking  ] GC(38) Mark: 2 stripe(s), 2 proactive flush(es), 1 terminate flush(es), 0 completion(s), 0 continuation(s) 
[2026-04-03T01:55:03.810+0600][18.733s][info][gc,marking  ] GC(38) Mark Stack Usage: 32M
[2026-04-03T01:55:03.810+0600][18.733s][info][gc,nmethod  ] GC(38) NMethods: 4602 registered, 927 unregistered
[2026-04-03T01:55:03.810+0600][18.733s][info][gc,metaspace] GC(38) Metaspace: 62M used, 63M committed, 1088M reserved
[2026-04-03T01:55:03.810+0600][18.733s][info][gc,ref      ] GC(38) Soft: 2658 encountered, 0 discovered, 0 enqueued
[2026-04-03T01:55:03.810+0600][18.733s][info][gc,ref      ] GC(38) Weak: 5066 encountered, 389 discovered, 0 enqueued
[2026-04-03T01:55:03.810+0600][18.733s][info][gc,ref      ] GC(38) Final: 74 encountered, 0 discovered, 0 enqueued
[2026-04-03T01:55:03.810+0600][18.733s][info][gc,ref      ] GC(38) Phantom: 595 encountered, 214 discovered, 0 enqueued
[2026-04-03T01:55:03.810+0600][18.733s][info][gc,reloc    ] GC(38) Small Pages: 147 / 294M, Empty: 166M, Relocated: 3M, In-Place: 0
[2026-04-03T01:55:03.810+0600][18.733s][info][gc,reloc    ] GC(38) Medium Pages: 1 / 8M, Empty: 0M, Relocated: 0M, In-Place: 0
[2026-04-03T01:55:03.810+0600][18.733s][info][gc,reloc    ] GC(38) Large Pages: 3 / 12M, Empty: 0M, Relocated: 0M, In-Place: 0
[2026-04-03T01:55:03.810+0600][18.733s][info][gc,reloc    ] GC(38) Forwarding Usage: 1M
[2026-04-03T01:55:03.810+0600][18.733s][info][gc,heap     ] GC(38) Min Capacity: 8M(2%)
[2026-04-03T01:55:03.810+0600][18.733s][info][gc,heap     ] GC(38) Max Capacity: 500M(100%)
[2026-04-03T01:55:03.810+0600][18.733s][info][gc,heap     ] GC(38) Soft Max Capacity: 500M(100%)
[2026-04-03T01:55:03.810+0600][18.733s][info][gc,heap     ] GC(38)                Mark Start          Mark End        Relocate Start      Relocate End           High               Low         
[2026-04-03T01:55:03.810+0600][18.733s][info][gc,heap     ] GC(38)  Capacity:      500M (100%)        500M (100%)        500M (100%)        500M (100%)        500M (100%)        500M (100%)   
[2026-04-03T01:55:03.810+0600][18.733s][info][gc,heap     ] GC(38)      Free:      186M (37%)          82M (16%)         238M (48%)         248M (50%)         248M (50%)          76M (15%)    
[2026-04-03T01:55:03.810+0600][18.733s][info][gc,heap     ] GC(38)      Used:      314M (63%)         418M (84%)         262M (52%)         252M (50%)         424M (85%)         252M (50%)    
[2026-04-03T01:55:03.810+0600][18.733s][info][gc,heap     ] GC(38)      Live:         -               121M (24%)         121M (24%)         121M (24%)            -                  -          
[2026-04-03T01:55:03.810+0600][18.733s][info][gc,heap     ] GC(38) Allocated:         -               104M (21%)         114M (23%)         115M (23%)            -                  -          
[2026-04-03T01:55:03.810+0600][18.733s][info][gc,heap     ] GC(38)   Garbage:         -               192M (38%)          26M (5%)           14M (3%)             -                  -          
[2026-04-03T01:55:03.810+0600][18.733s][info][gc,heap     ] GC(38) Reclaimed:         -                  -               166M (33%)         177M (36%)            -                  -          
[2026-04-03T01:55:03.810+0600][18.733s][info][gc          ] GC(38) Garbage Collection (Allocation Rate) 314M(63%)->252M(50%)
[2026-04-03T01:55:03.909+0600][18.832s][info][gc,start    ] GC(39) Garbage Collection (Allocation Rate)
[2026-04-03T01:55:03.909+0600][18.832s][info][gc,task     ] GC(39) Using 3 workers
[2026-04-03T01:55:03.909+0600][18.832s][info][gc,phases   ] GC(39) Pause Mark Start 0.008ms
[2026-04-03T01:55:03.998+0600][18.921s][info][gc,phases   ] GC(39) Concurrent Mark 88.893ms
[2026-04-03T01:55:03.998+0600][18.922s][info][gc,phases   ] GC(39) Pause Mark End 0.022ms
[2026-04-03T01:55:03.998+0600][18.922s][info][gc,phases   ] GC(39) Concurrent Mark Free 0.001ms
[2026-04-03T01:55:04.004+0600][18.927s][info][gc,phases   ] GC(39) Concurrent Process Non-Strong References 5.346ms
[2026-04-03T01:55:04.004+0600][18.927s][info][gc,phases   ] GC(39) Concurrent Reset Relocation Set 0.003ms
[2026-04-03T01:55:04.007+0600][18.931s][info][gc,phases   ] GC(39) Concurrent Select Relocation Set 3.462ms
[2026-04-03T01:55:04.008+0600][18.931s][info][gc,phases   ] GC(39) Pause Relocate Start 0.015ms
[2026-04-03T01:55:04.010+0600][18.934s][info][gc,phases   ] GC(39) Concurrent Relocate 2.420ms
[2026-04-03T01:55:04.010+0600][18.934s][info][gc,load     ] GC(39) Load: 6.45/7.55/7.40
[2026-04-03T01:55:04.010+0600][18.934s][info][gc,mmu      ] GC(39) MMU: 2ms/90.6%, 5ms/96.2%, 10ms/98.0%, 20ms/99.0%, 50ms/99.6%, 100ms/99.6%
[2026-04-03T01:55:04.010+0600][18.934s][info][gc,marking  ] GC(39) Mark: 2 stripe(s), 2 proactive flush(es), 1 terminate flush(es), 0 completion(s), 0 continuation(s) 
[2026-04-03T01:55:04.010+0600][18.934s][info][gc,marking  ] GC(39) Mark Stack Usage: 32M
[2026-04-03T01:55:04.010+0600][18.934s][info][gc,nmethod  ] GC(39) NMethods: 4589 registered, 946 unregistered
[2026-04-03T01:55:04.010+0600][18.934s][info][gc,metaspace] GC(39) Metaspace: 62M used, 63M committed, 1088M reserved
[2026-04-03T01:55:04.010+0600][18.934s][info][gc,ref      ] GC(39) Soft: 2757 encountered, 0 discovered, 0 enqueued
[2026-04-03T01:55:04.010+0600][18.934s][info][gc,ref      ] GC(39) Weak: 5075 encountered, 2198 discovered, 78 enqueued
[2026-04-03T01:55:04.011+0600][18.934s][info][gc,ref      ] GC(39) Final: 74 encountered, 0 discovered, 0 enqueued
[2026-04-03T01:55:04.011+0600][18.934s][info][gc,ref      ] GC(39) Phantom: 595 encountered, 232 discovered, 0 enqueued
[2026-04-03T01:55:04.011+0600][18.934s][info][gc,reloc    ] GC(39) Small Pages: 173 / 346M, Empty: 190M, Relocated: 3M, In-Place: 0
[2026-04-03T01:55:04.011+0600][18.934s][info][gc,reloc    ] GC(39) Medium Pages: 1 / 8M, Empty: 0M, Relocated: 0M, In-Place: 0
[2026-04-03T01:55:04.011+0600][18.934s][info][gc,reloc    ] GC(39) Large Pages: 4 / 14M, Empty: 2M, Relocated: 0M, In-Place: 0
[2026-04-03T01:55:04.011+0600][18.934s][info][gc,reloc    ] GC(39) Forwarding Usage: 1M
[2026-04-03T01:55:04.011+0600][18.934s][info][gc,heap     ] GC(39) Min Capacity: 8M(2%)
[2026-04-03T01:55:04.011+0600][18.934s][info][gc,heap     ] GC(39) Max Capacity: 500M(100%)
[2026-04-03T01:55:04.011+0600][18.934s][info][gc,heap     ] GC(39) Soft Max Capacity: 500M(100%)
[2026-04-03T01:55:04.011+0600][18.934s][info][gc,heap     ] GC(39)                Mark Start          Mark End        Relocate Start      Relocate End           High               Low         
[2026-04-03T01:55:04.011+0600][18.934s][info][gc,heap     ] GC(39)  Capacity:      500M (100%)        500M (100%)        500M (100%)        500M (100%)        500M (100%)        500M (100%)   
[2026-04-03T01:55:04.011+0600][18.934s][info][gc,heap     ] GC(39)      Free:      132M (26%)          14M (3%)          192M (38%)         230M (46%)         230M (46%)           6M (1%)     
[2026-04-03T01:55:04.011+0600][18.934s][info][gc,heap     ] GC(39)      Used:      368M (74%)         486M (97%)         308M (62%)         270M (54%)         494M (99%)         270M (54%)    
[2026-04-03T01:55:04.011+0600][18.934s][info][gc,heap     ] GC(39)      Live:         -               121M (24%)         121M (24%)         121M (24%)            -                  -          
[2026-04-03T01:55:04.011+0600][18.934s][info][gc,heap     ] GC(39) Allocated:         -               118M (24%)         132M (26%)         133M (27%)            -                  -          
[2026-04-03T01:55:04.011+0600][18.934s][info][gc,heap     ] GC(39)   Garbage:         -               246M (49%)          54M (11%)          14M (3%)             -                  -          
[2026-04-03T01:55:04.011+0600][18.934s][info][gc,heap     ] GC(39) Reclaimed:         -                  -               192M (38%)         231M (46%)            -                  -          
[2026-04-03T01:55:04.011+0600][18.934s][info][gc          ] GC(39) Garbage Collection (Allocation Rate) 368M(74%)->270M(54%)
[2026-04-03T01:55:04.108+0600][19.031s][info][gc,start    ] GC(40) Garbage Collection (Allocation Rate)
[2026-04-03T01:55:04.108+0600][19.031s][info][gc,task     ] GC(40) Using 3 workers
[2026-04-03T01:55:04.108+0600][19.032s][info][gc,phases   ] GC(40) Pause Mark Start 0.010ms
[2026-04-03T01:55:04.183+0600][19.106s][info][gc,phases   ] GC(40) Concurrent Mark 74.535ms
[2026-04-03T01:55:04.183+0600][19.106s][info][gc,phases   ] GC(40) Pause Mark End 0.018ms
[2026-04-03T01:55:04.183+0600][19.107s][info][gc,phases   ] GC(40) Concurrent Mark Free 0.002ms
[2026-04-03T01:55:04.188+0600][19.111s][info][gc,phases   ] GC(40) Concurrent Process Non-Strong References 4.340ms
[2026-04-03T01:55:04.188+0600][19.111s][info][gc,phases   ] GC(40) Concurrent Reset Relocation Set 0.004ms
[2026-04-03T01:55:04.188+0600][19.111s][info][gc          ] Allocation Stall (Executor task launch worker for task 1.0 in stage 1.0 (TID 2)) 25.000ms
[2026-04-03T01:55:04.188+0600][19.111s][info][gc          ] Allocation Stall (Spark Context Cleaner) 0.826ms
[2026-04-03T01:55:04.190+0600][19.114s][info][gc,phases   ] GC(40) Concurrent Select Relocation Set 2.779ms
[2026-04-03T01:55:04.191+0600][19.114s][info][gc,phases   ] GC(40) Pause Relocate Start 0.014ms
[2026-04-03T01:55:04.193+0600][19.117s][info][gc,phases   ] GC(40) Concurrent Relocate 2.454ms
[2026-04-03T01:55:04.193+0600][19.117s][info][gc,load     ] GC(40) Load: 6.45/7.55/7.40
[2026-04-03T01:55:04.193+0600][19.117s][info][gc,mmu      ] GC(40) MMU: 2ms/90.6%, 5ms/96.2%, 10ms/98.0%, 20ms/99.0%, 50ms/99.6%, 100ms/99.6%
[2026-04-03T01:55:04.193+0600][19.117s][info][gc,marking  ] GC(40) Mark: 2 stripe(s), 2 proactive flush(es), 1 terminate flush(es), 0 completion(s), 0 continuation(s) 
[2026-04-03T01:55:04.193+0600][19.117s][info][gc,marking  ] GC(40) Mark Stack Usage: 32M
[2026-04-03T01:55:04.193+0600][19.117s][info][gc,nmethod  ] GC(40) NMethods: 4589 registered, 946 unregistered
[2026-04-03T01:55:04.193+0600][19.117s][info][gc,metaspace] GC(40) Metaspace: 62M used, 63M committed, 1088M reserved
[2026-04-03T01:55:04.193+0600][19.117s][info][gc,ref      ] GC(40) Soft: 2757 encountered, 0 discovered, 0 enqueued
[2026-04-03T01:55:04.193+0600][19.117s][info][gc,ref      ] GC(40) Weak: 4997 encountered, 578 discovered, 0 enqueued
[2026-04-03T01:55:04.193+0600][19.117s][info][gc,ref      ] GC(40) Final: 74 encountered, 0 discovered, 0 enqueued
[2026-04-03T01:55:04.193+0600][19.117s][info][gc,ref      ] GC(40) Phantom: 595 encountered, 276 discovered, 0 enqueued
[2026-04-03T01:55:04.193+0600][19.117s][info][gc,reloc    ] GC(40) Small Pages: 204 / 408M, Empty: 280M, Relocated: 3M, In-Place: 0
[2026-04-03T01:55:04.193+0600][19.117s][info][gc,reloc    ] GC(40) Medium Pages: 1 / 8M, Empty: 0M, Relocated: 0M, In-Place: 0
[2026-04-03T01:55:04.193+0600][19.117s][info][gc,reloc    ] GC(40) Large Pages: 3 / 12M, Empty: 0M, Relocated: 0M, In-Place: 0
[2026-04-03T01:55:04.193+0600][19.117s][info][gc,reloc    ] GC(40) Forwarding Usage: 2M
[2026-04-03T01:55:04.193+0600][19.117s][info][gc,heap     ] GC(40) Min Capacity: 8M(2%)
[2026-04-03T01:55:04.193+0600][19.117s][info][gc,heap     ] GC(40) Max Capacity: 500M(100%)
[2026-04-03T01:55:04.193+0600][19.117s][info][gc,heap     ] GC(40) Soft Max Capacity: 500M(100%)
[2026-04-03T01:55:04.193+0600][19.117s][info][gc,heap     ] GC(40)                Mark Start          Mark End        Relocate Start      Relocate End           High               Low         
[2026-04-03T01:55:04.193+0600][19.117s][info][gc,heap     ] GC(40)  Capacity:      500M (100%)        500M (100%)        500M (100%)        500M (100%)        500M (100%)        500M (100%)   
[2026-04-03T01:55:04.193+0600][19.117s][info][gc,heap     ] GC(40)      Free:       72M (14%)           0M (0%)          276M (55%)         286M (57%)         286M (57%)           0M (0%)     
[2026-04-03T01:55:04.193+0600][19.117s][info][gc,heap     ] GC(40)      Used:      428M (86%)         500M (100%)        224M (45%)         214M (43%)         500M (100%)        214M (43%)    
[2026-04-03T01:55:04.193+0600][19.117s][info][gc,heap     ] GC(40)      Live:         -               121M (24%)         121M (24%)         121M (24%)            -                  -          
[2026-04-03T01:55:04.193+0600][19.117s][info][gc,heap     ] GC(40) Allocated:         -                72M (14%)          76M (15%)          78M (16%)            -                  -          
[2026-04-03T01:55:04.193+0600][19.117s][info][gc,heap     ] GC(40)   Garbage:         -               306M (61%)          26M (5%)           14M (3%)             -                  -          
[2026-04-03T01:55:04.193+0600][19.117s][info][gc,heap     ] GC(40) Reclaimed:         -                  -               280M (56%)         292M (58%)            -                  -          
[2026-04-03T01:55:04.193+0600][19.117s][info][gc          ] GC(40) Garbage Collection (Allocation Rate) 428M(86%)->214M(43%)
[2026-04-03T01:55:04.208+0600][19.131s][info][gc,start    ] GC(41) Garbage Collection (Allocation Stall)
[2026-04-03T01:55:04.208+0600][19.131s][info][gc,ref      ] GC(41) Clearing All SoftReferences
[2026-04-03T01:55:04.208+0600][19.132s][info][gc,task     ] GC(41) Using 3 workers
[2026-04-03T01:55:04.208+0600][19.132s][info][gc,ref      ] GC(41) Clearing All SoftReferences
[2026-04-03T01:55:04.208+0600][19.132s][info][gc,phases   ] GC(41) Pause Mark Start 0.045ms
[2026-04-03T01:55:04.280+0600][19.204s][info][gc,phases   ] GC(41) Concurrent Mark 71.889ms
[2026-04-03T01:55:04.281+0600][19.204s][info][gc,phases   ] GC(41) Pause Mark End 0.022ms
[2026-04-03T01:55:04.281+0600][19.204s][info][gc,phases   ] GC(41) Concurrent Mark Free 0.002ms
[2026-04-03T01:55:04.293+0600][19.216s][info][gc,phases   ] GC(41) Concurrent Process Non-Strong References 11.774ms
[2026-04-03T01:55:04.293+0600][19.216s][info][gc,phases   ] GC(41) Concurrent Reset Relocation Set 0.003ms
[2026-04-03T01:55:04.296+0600][19.219s][info][gc,phases   ] GC(41) Concurrent Select Relocation Set 2.829ms
[2026-04-03T01:55:04.296+0600][19.219s][info][gc,phases   ] GC(41) Pause Relocate Start 0.012ms
[2026-04-03T01:55:04.298+0600][19.221s][info][gc,phases   ] GC(41) Concurrent Relocate 1.739ms
[2026-04-03T01:55:04.298+0600][19.221s][info][gc,load     ] GC(41) Load: 6.45/7.55/7.40
[2026-04-03T01:55:04.298+0600][19.221s][info][gc,mmu      ] GC(41) MMU: 2ms/90.6%, 5ms/96.2%, 10ms/98.0%, 20ms/99.0%, 50ms/99.6%, 100ms/99.6%
[2026-04-03T01:55:04.298+0600][19.221s][info][gc,marking  ] GC(41) Mark: 2 stripe(s), 2 proactive flush(es), 1 terminate flush(es), 0 completion(s), 0 continuation(s) 
[2026-04-03T01:55:04.298+0600][19.221s][info][gc,marking  ] GC(41) Mark Stack Usage: 32M
[2026-04-03T01:55:04.298+0600][19.221s][info][gc,nmethod  ] GC(41) NMethods: 4589 registered, 947 unregistered
[2026-04-03T01:55:04.298+0600][19.221s][info][gc,metaspace] GC(41) Metaspace: 62M used, 63M committed, 1088M reserved
[2026-04-03T01:55:04.298+0600][19.221s][info][gc,ref      ] GC(41) Soft: 2734 encountered, 813 discovered, 72 enqueued
[2026-04-03T01:55:04.298+0600][19.221s][info][gc,ref      ] GC(41) Weak: 4978 encountered, 3504 discovered, 4 enqueued
[2026-04-03T01:55:04.298+0600][19.221s][info][gc,ref      ] GC(41) Final: 74 encountered, 0 discovered, 0 enqueued
[2026-04-03T01:55:04.298+0600][19.221s][info][gc,ref      ] GC(41) Phantom: 595 encountered, 229 discovered, 0 enqueued
[2026-04-03T01:55:04.298+0600][19.221s][info][gc,reloc    ] GC(41) Small Pages: 107 / 214M, Empty: 90M, Relocated: 3M, In-Place: 0
[2026-04-03T01:55:04.298+0600][19.221s][info][gc,reloc    ] GC(41) Medium Pages: 1 / 8M, Empty: 0M, Relocated: 0M, In-Place: 0
[2026-04-03T01:55:04.298+0600][19.221s][info][gc,reloc    ] GC(41) Large Pages: 3 / 12M, Empty: 0M, Relocated: 0M, In-Place: 0
[2026-04-03T01:55:04.298+0600][19.221s][info][gc,reloc    ] GC(41) Forwarding Usage: 1M
[2026-04-03T01:55:04.298+0600][19.221s][info][gc,heap     ] GC(41) Min Capacity: 8M(2%)
[2026-04-03T01:55:04.298+0600][19.221s][info][gc,heap     ] GC(41) Max Capacity: 500M(100%)
[2026-04-03T01:55:04.298+0600][19.221s][info][gc,heap     ] GC(41) Soft Max Capacity: 500M(100%)
[2026-04-03T01:55:04.298+0600][19.221s][info][gc,heap     ] GC(41)                Mark Start          Mark End        Relocate Start      Relocate End           High               Low         
[2026-04-03T01:55:04.298+0600][19.221s][info][gc,heap     ] GC(41)  Capacity:      500M (100%)        500M (100%)        500M (100%)        500M (100%)        500M (100%)        500M (100%)   
[2026-04-03T01:55:04.298+0600][19.221s][info][gc,heap     ] GC(41)      Free:      266M (53%)         162M (32%)         230M (46%)         238M (48%)         266M (53%)         142M (28%)    
[2026-04-03T01:55:04.298+0600][19.221s][info][gc,heap     ] GC(41)      Used:      234M (47%)         338M (68%)         270M (54%)         262M (52%)         358M (72%)         234M (47%)    
[2026-04-03T01:55:04.298+0600][19.221s][info][gc,heap     ] GC(41)      Live:         -               121M (24%)         121M (24%)         121M (24%)            -                  -          
[2026-04-03T01:55:04.298+0600][19.221s][info][gc,heap     ] GC(41) Allocated:         -               104M (21%)         126M (25%)         125M (25%)            -                  -          
[2026-04-03T01:55:04.298+0600][19.221s][info][gc,heap     ] GC(41)   Garbage:         -               112M (22%)          22M (4%)           14M (3%)             -                  -          
[2026-04-03T01:55:04.298+0600][19.221s][info][gc,heap     ] GC(41) Reclaimed:         -                  -                90M (18%)          97M (20%)            -                  -          
[2026-04-03T01:55:04.298+0600][19.221s][info][gc          ] GC(41) Garbage Collection (Allocation Stall) 234M(47%)->262M(52%)
[2026-04-03T01:55:04.308+0600][19.232s][info][gc,start    ] GC(42) Garbage Collection (Allocation Rate)
[2026-04-03T01:55:04.308+0600][19.232s][info][gc,task     ] GC(42) Using 3 workers
[2026-04-03T01:55:04.308+0600][19.232s][info][gc,phases   ] GC(42) Pause Mark Start 0.011ms
[2026-04-03T01:55:04.440+0600][19.364s][info][gc,phases   ] GC(42) Concurrent Mark 131.822ms
[2026-04-03T01:55:04.441+0600][19.364s][info][gc,phases   ] GC(42) Pause Mark End 0.028ms
[2026-04-03T01:55:04.441+0600][19.364s][info][gc,phases   ] GC(42) Concurrent Mark Free 0.003ms
[2026-04-03T01:55:04.447+0600][19.371s][info][gc,phases   ] GC(42) Concurrent Process Non-Strong References 6.411ms
[2026-04-03T01:55:04.448+0600][19.371s][info][gc,phases   ] GC(42) Concurrent Reset Relocation Set 0.003ms
[2026-04-03T01:55:04.451+0600][19.375s][info][gc,phases   ] GC(42) Concurrent Select Relocation Set 3.736ms
[2026-04-03T01:55:04.452+0600][19.375s][info][gc,phases   ] GC(42) Pause Relocate Start 0.012ms
[2026-04-03T01:55:04.454+0600][19.378s][info][gc,phases   ] GC(42) Concurrent Relocate 2.522ms
[2026-04-03T01:55:04.454+0600][19.378s][info][gc,load     ] GC(42) Load: 6.49/7.54/7.40
[2026-04-03T01:55:04.454+0600][19.378s][info][gc,mmu      ] GC(42) MMU: 2ms/90.6%, 5ms/96.2%, 10ms/98.0%, 20ms/99.0%, 50ms/99.6%, 100ms/99.6%
[2026-04-03T01:55:04.454+0600][19.378s][info][gc,marking  ] GC(42) Mark: 2 stripe(s), 2 proactive flush(es), 1 terminate flush(es), 0 completion(s), 0 continuation(s) 
[2026-04-03T01:55:04.454+0600][19.378s][info][gc,marking  ] GC(42) Mark Stack Usage: 32M
[2026-04-03T01:55:04.454+0600][19.378s][info][gc,nmethod  ] GC(42) NMethods: 4663 registered, 947 unregistered
[2026-04-03T01:55:04.454+0600][19.378s][info][gc,metaspace] GC(42) Metaspace: 62M used, 63M committed, 1088M reserved
[2026-04-03T01:55:04.454+0600][19.378s][info][gc,ref      ] GC(42) Soft: 2662 encountered, 0 discovered, 0 enqueued
[2026-04-03T01:55:04.455+0600][19.378s][info][gc,ref      ] GC(42) Weak: 4957 encountered, 667 discovered, 0 enqueued
[2026-04-03T01:55:04.455+0600][19.378s][info][gc,ref      ] GC(42) Final: 74 encountered, 1 discovered, 0 enqueued
[2026-04-03T01:55:04.455+0600][19.378s][info][gc,ref      ] GC(42) Phantom: 595 encountered, 226 discovered, 0 enqueued
[2026-04-03T01:55:04.455+0600][19.378s][info][gc,reloc    ] GC(42) Small Pages: 129 / 258M, Empty: 132M, Relocated: 3M, In-Place: 0
[2026-04-03T01:55:04.455+0600][19.378s][info][gc,reloc    ] GC(42) Medium Pages: 1 / 8M, Empty: 0M, Relocated: 0M, In-Place: 0
[2026-04-03T01:55:04.455+0600][19.378s][info][gc,reloc    ] GC(42) Large Pages: 3 / 12M, Empty: 0M, Relocated: 0M, In-Place: 0
[2026-04-03T01:55:04.455+0600][19.378s][info][gc,reloc    ] GC(42) Forwarding Usage: 1M
[2026-04-03T01:55:04.455+0600][19.378s][info][gc,heap     ] GC(42) Min Capacity: 8M(2%)
[2026-04-03T01:55:04.455+0600][19.378s][info][gc,heap     ] GC(42) Max Capacity: 500M(100%)
[2026-04-03T01:55:04.455+0600][19.378s][info][gc,heap     ] GC(42) Soft Max Capacity: 500M(100%)
[2026-04-03T01:55:04.455+0600][19.378s][info][gc,heap     ] GC(42)                Mark Start          Mark End        Relocate Start      Relocate End           High               Low         
[2026-04-03T01:55:04.455+0600][19.378s][info][gc,heap     ] GC(42)  Capacity:      500M (100%)        500M (100%)        500M (100%)        500M (100%)        500M (100%)        500M (100%)   
[2026-04-03T01:55:04.455+0600][19.378s][info][gc,heap     ] GC(42)      Free:      222M (44%)         130M (26%)         260M (52%)         270M (54%)         270M (54%)         128M (26%)    
[2026-04-03T01:55:04.455+0600][19.378s][info][gc,heap     ] GC(42)      Used:      278M (56%)         370M (74%)         240M (48%)         230M (46%)         372M (74%)         230M (46%)    
[2026-04-03T01:55:04.455+0600][19.378s][info][gc,heap     ] GC(42)      Live:         -               121M (24%)         121M (24%)         121M (24%)            -                  -          
[2026-04-03T01:55:04.455+0600][19.378s][info][gc,heap     ] GC(42) Allocated:         -                92M (18%)          94M (19%)          93M (19%)            -                  -          
[2026-04-03T01:55:04.455+0600][19.378s][info][gc,heap     ] GC(42)   Garbage:         -               156M (31%)          24M (5%)           14M (3%)             -                  -          
[2026-04-03T01:55:04.455+0600][19.378s][info][gc,heap     ] GC(42) Reclaimed:         -                  -               132M (26%)         141M (28%)            -                  -          
[2026-04-03T01:55:04.455+0600][19.378s][info][gc          ] GC(42) Garbage Collection (Allocation Rate) 278M(56%)->230M(46%)
[2026-04-03T01:55:04.508+0600][19.432s][info][gc,start    ] GC(43) Garbage Collection (Allocation Rate)
[2026-04-03T01:55:04.508+0600][19.432s][info][gc,task     ] GC(43) Using 3 workers
[2026-04-03T01:55:04.509+0600][19.432s][info][gc,phases   ] GC(43) Pause Mark Start 0.009ms
[2026-04-03T01:55:04.669+0600][19.593s][info][gc,phases   ] GC(43) Concurrent Mark 160.543ms
[2026-04-03T01:55:04.670+0600][19.593s][info][gc,phases   ] GC(43) Pause Mark End 0.050ms
[2026-04-03T01:55:04.670+0600][19.593s][info][gc,phases   ] GC(43) Concurrent Mark Free 0.001ms
[2026-04-03T01:55:04.678+0600][19.601s][info][gc,phases   ] GC(43) Concurrent Process Non-Strong References 8.134ms
[2026-04-03T01:55:04.678+0600][19.601s][info][gc,phases   ] GC(43) Concurrent Reset Relocation Set 0.003ms
[2026-04-03T01:55:04.682+0600][19.605s][info][gc,phases   ] GC(43) Concurrent Select Relocation Set 3.790ms
[2026-04-03T01:55:04.682+0600][19.606s][info][gc,phases   ] GC(43) Pause Relocate Start 0.020ms
[2026-04-03T01:55:04.686+0600][19.610s][info][gc,phases   ] GC(43) Concurrent Relocate 4.104ms
[2026-04-03T01:55:04.687+0600][19.610s][info][gc,load     ] GC(43) Load: 6.49/7.54/7.40
[2026-04-03T01:55:04.687+0600][19.610s][info][gc,mmu      ] GC(43) MMU: 2ms/90.6%, 5ms/96.2%, 10ms/98.0%, 20ms/99.0%, 50ms/99.6%, 100ms/99.6%
[2026-04-03T01:55:04.687+0600][19.610s][info][gc,marking  ] GC(43) Mark: 2 stripe(s), 2 proactive flush(es), 1 terminate flush(es), 0 completion(s), 0 continuation(s) 
[2026-04-03T01:55:04.687+0600][19.610s][info][gc,marking  ] GC(43) Mark Stack Usage: 32M
[2026-04-03T01:55:04.687+0600][19.610s][info][gc,nmethod  ] GC(43) NMethods: 4766 registered, 0 unregistered
[2026-04-03T01:55:04.687+0600][19.610s][info][gc,metaspace] GC(43) Metaspace: 64M used, 65M committed, 1088M reserved
[2026-04-03T01:55:04.687+0600][19.610s][info][gc,ref      ] GC(43) Soft: 3010 encountered, 0 discovered, 0 enqueued
[2026-04-03T01:55:04.687+0600][19.610s][info][gc,ref      ] GC(43) Weak: 5560 encountered, 940 discovered, 133 enqueued
[2026-04-03T01:55:04.687+0600][19.610s][info][gc,ref      ] GC(43) Final: 74 encountered, 1 discovered, 0 enqueued
[2026-04-03T01:55:04.687+0600][19.610s][info][gc,ref      ] GC(43) Phantom: 594 encountered, 550 discovered, 0 enqueued
[2026-04-03T01:55:04.687+0600][19.610s][info][gc,reloc    ] GC(43) Small Pages: 107 / 214M, Empty: 84M, Relocated: 3M, In-Place: 0
[2026-04-03T01:55:04.687+0600][19.610s][info][gc,reloc    ] GC(43) Medium Pages: 1 / 8M, Empty: 0M, Relocated: 0M, In-Place: 0
[2026-04-03T01:55:04.687+0600][19.610s][info][gc,reloc    ] GC(43) Large Pages: 5 / 20M, Empty: 8M, Relocated: 0M, In-Place: 0
[2026-04-03T01:55:04.687+0600][19.610s][info][gc,reloc    ] GC(43) Forwarding Usage: 1M
[2026-04-03T01:55:04.687+0600][19.610s][info][gc,heap     ] GC(43) Min Capacity: 8M(2%)
[2026-04-03T01:55:04.687+0600][19.610s][info][gc,heap     ] GC(43) Max Capacity: 500M(100%)
[2026-04-03T01:55:04.687+0600][19.610s][info][gc,heap     ] GC(43) Soft Max Capacity: 500M(100%)
[2026-04-03T01:55:04.687+0600][19.610s][info][gc,heap     ] GC(43)                Mark Start          Mark End        Relocate Start      Relocate End           High               Low         
[2026-04-03T01:55:04.687+0600][19.610s][info][gc,heap     ] GC(43)  Capacity:      500M (100%)        500M (100%)        500M (100%)        500M (100%)        500M (100%)        500M (100%)   
[2026-04-03T01:55:04.687+0600][19.610s][info][gc,heap     ] GC(43)      Free:      258M (52%)         244M (49%)         334M (67%)         346M (69%)         346M (69%)         242M (48%)    
[2026-04-03T01:55:04.687+0600][19.610s][info][gc,heap     ] GC(43)      Used:      242M (48%)         256M (51%)         166M (33%)         154M (31%)         258M (52%)         154M (31%)    
[2026-04-03T01:55:04.687+0600][19.610s][info][gc,heap     ] GC(43)      Live:         -               122M (25%)         122M (25%)         122M (25%)            -                  -          
[2026-04-03T01:55:04.687+0600][19.610s][info][gc,heap     ] GC(43) Allocated:         -                14M (3%)           16M (3%)           15M (3%)             -                  -          
[2026-04-03T01:55:04.687+0600][19.610s][info][gc,heap     ] GC(43)   Garbage:         -               119M (24%)          27M (5%)           15M (3%)             -                  -          
[2026-04-03T01:55:04.687+0600][19.610s][info][gc,heap     ] GC(43) Reclaimed:         -                  -                92M (18%)         103M (21%)            -                  -          
[2026-04-03T01:55:04.687+0600][19.610s][info][gc          ] GC(43) Garbage Collection (Allocation Rate) 242M(48%)->154M(31%)
[2026-04-03T01:55:04.709+0600][19.632s][info][gc,start    ] GC(44) Garbage Collection (Allocation Rate)
[2026-04-03T01:55:04.709+0600][19.632s][info][gc,task     ] GC(44) Using 3 workers
[2026-04-03T01:55:04.709+0600][19.633s][info][gc,phases   ] GC(44) Pause Mark Start 0.015ms
[2026-04-03T01:55:04.841+0600][19.765s][info][gc,phases   ] GC(44) Concurrent Mark 131.237ms
[2026-04-03T01:55:04.842+0600][19.765s][info][gc,phases   ] GC(44) Pause Mark End 0.040ms
[2026-04-03T01:55:04.842+0600][19.765s][info][gc,phases   ] GC(44) Concurrent Mark Free 0.004ms
[2026-04-03T01:55:04.868+0600][19.791s][info][gc,phases   ] GC(44) Concurrent Process Non-Strong References 25.548ms
[2026-04-03T01:55:04.868+0600][19.791s][info][gc,phases   ] GC(44) Concurrent Reset Relocation Set 0.003ms
[2026-04-03T01:55:04.872+0600][19.795s][info][gc,phases   ] GC(44) Concurrent Select Relocation Set 4.110ms
[2026-04-03T01:55:04.872+0600][19.796s][info][gc,phases   ] GC(44) Pause Relocate Start 0.022ms
[2026-04-03T01:55:04.876+0600][19.799s][info][gc,phases   ] GC(44) Concurrent Relocate 3.577ms
[2026-04-03T01:55:04.876+0600][19.800s][info][gc,load     ] GC(44) Load: 6.49/7.54/7.40
[2026-04-03T01:55:04.876+0600][19.800s][info][gc,mmu      ] GC(44) MMU: 2ms/90.6%, 5ms/96.2%, 10ms/98.0%, 20ms/99.0%, 50ms/99.6%, 100ms/99.6%
[2026-04-03T01:55:04.876+0600][19.800s][info][gc,marking  ] GC(44) Mark: 2 stripe(s), 2 proactive flush(es), 1 terminate flush(es), 0 completion(s), 0 continuation(s) 
[2026-04-03T01:55:04.876+0600][19.800s][info][gc,marking  ] GC(44) Mark Stack Usage: 32M
[2026-04-03T01:55:04.876+0600][19.800s][info][gc,nmethod  ] GC(44) NMethods: 4811 registered, 19 unregistered
[2026-04-03T01:55:04.876+0600][19.800s][info][gc,metaspace] GC(44) Metaspace: 64M used, 65M committed, 1088M reserved
[2026-04-03T01:55:04.876+0600][19.800s][info][gc,ref      ] GC(44) Soft: 3052 encountered, 0 discovered, 0 enqueued
[2026-04-03T01:55:04.876+0600][19.800s][info][gc,ref      ] GC(44) Weak: 5737 encountered, 464 discovered, 145 enqueued
[2026-04-03T01:55:04.876+0600][19.800s][info][gc,ref      ] GC(44) Final: 74 encountered, 0 discovered, 0 enqueued
[2026-04-03T01:55:04.876+0600][19.800s][info][gc,ref      ] GC(44) Phantom: 595 encountered, 335 discovered, 0 enqueued
[2026-04-03T01:55:04.876+0600][19.800s][info][gc,reloc    ] GC(44) Small Pages: 69 / 138M, Empty: 0M, Relocated: 3M, In-Place: 0
[2026-04-03T01:55:04.876+0600][19.800s][info][gc,reloc    ] GC(44) Medium Pages: 1 / 8M, Empty: 0M, Relocated: 0M, In-Place: 0
[2026-04-03T01:55:04.876+0600][19.800s][info][gc,reloc    ] GC(44) Large Pages: 5 / 16M, Empty: 4M, Relocated: 0M, In-Place: 0
[2026-04-03T01:55:04.876+0600][19.800s][info][gc,reloc    ] GC(44) Forwarding Usage: 1M
[2026-04-03T01:55:04.876+0600][19.800s][info][gc,heap     ] GC(44) Min Capacity: 8M(2%)
[2026-04-03T01:55:04.876+0600][19.800s][info][gc,heap     ] GC(44) Max Capacity: 500M(100%)
[2026-04-03T01:55:04.876+0600][19.800s][info][gc,heap     ] GC(44) Soft Max Capacity: 500M(100%)
[2026-04-03T01:55:04.876+0600][19.800s][info][gc,heap     ] GC(44)                Mark Start          Mark End        Relocate Start      Relocate End           High               Low         
[2026-04-03T01:55:04.876+0600][19.800s][info][gc,heap     ] GC(44)  Capacity:      500M (100%)        500M (100%)        500M (100%)        500M (100%)        500M (100%)        500M (100%)   
[2026-04-03T01:55:04.876+0600][19.800s][info][gc,heap     ] GC(44)      Free:      338M (68%)         330M (66%)         330M (66%)         350M (70%)         350M (70%)         326M (65%)    
[2026-04-03T01:55:04.876+0600][19.800s][info][gc,heap     ] GC(44)      Used:      162M (32%)         170M (34%)         170M (34%)         150M (30%)         174M (35%)         150M (30%)    
[2026-04-03T01:55:04.876+0600][19.800s][info][gc,heap     ] GC(44)      Live:         -               123M (25%)         123M (25%)         123M (25%)            -                  -          
[2026-04-03T01:55:04.876+0600][19.800s][info][gc,heap     ] GC(44) Allocated:         -                 8M (2%)           12M (2%)           11M (2%)             -                  -          
[2026-04-03T01:55:04.876+0600][19.800s][info][gc,heap     ] GC(44)   Garbage:         -                38M (8%)           34M (7%)           14M (3%)             -                  -          
[2026-04-03T01:55:04.876+0600][19.800s][info][gc,heap     ] GC(44) Reclaimed:         -                  -                 4M (1%)           23M (5%)             -                  -          
[2026-04-03T01:55:04.876+0600][19.800s][info][gc          ] GC(44) Garbage Collection (Allocation Rate) 162M(32%)->150M(30%)
[2026-04-03T01:55:04.876+0600][19.800s][info][gc,start    ] GC(45) Garbage Collection (System.gc())
[2026-04-03T01:55:04.876+0600][19.800s][info][gc,task     ] GC(45) Using 3 workers
[2026-04-03T01:55:04.877+0600][19.800s][info][gc,phases   ] GC(45) Pause Mark Start 0.023ms
[2026-04-03T01:55:04.987+0600][19.910s][info][gc,phases   ] GC(45) Concurrent Mark 110.169ms
[2026-04-03T01:55:04.987+0600][19.911s][info][gc,phases   ] GC(45) Pause Mark End 0.029ms
[2026-04-03T01:55:04.988+0600][19.911s][info][gc,phases   ] GC(45) Concurrent Mark Free 0.003ms
[2026-04-03T01:55:04.996+0600][19.920s][info][gc,phases   ] GC(45) Concurrent Process Non-Strong References 8.702ms
[2026-04-03T01:55:04.996+0600][19.920s][info][gc,phases   ] GC(45) Concurrent Reset Relocation Set 0.008ms
[2026-04-03T01:55:05.001+0600][19.925s][info][gc,phases   ] GC(45) Concurrent Select Relocation Set 5.002ms
[2026-04-03T01:55:05.002+0600][19.925s][info][gc,phases   ] GC(45) Pause Relocate Start 0.022ms
[2026-04-03T01:55:05.007+0600][19.930s][info][gc,phases   ] GC(45) Concurrent Relocate 4.896ms
[2026-04-03T01:55:05.007+0600][19.930s][info][gc,load     ] GC(45) Load: 6.49/7.54/7.40
[2026-04-03T01:55:05.007+0600][19.930s][info][gc,mmu      ] GC(45) MMU: 2ms/90.6%, 5ms/96.2%, 10ms/98.0%, 20ms/99.0%, 50ms/99.6%, 100ms/99.6%
[2026-04-03T01:55:05.007+0600][19.930s][info][gc,marking  ] GC(45) Mark: 2 stripe(s), 4 proactive flush(es), 1 terminate flush(es), 0 completion(s), 0 continuation(s) 
[2026-04-03T01:55:05.007+0600][19.930s][info][gc,marking  ] GC(45) Mark Stack Usage: 32M
[2026-04-03T01:55:05.007+0600][19.930s][info][gc,nmethod  ] GC(45) NMethods: 4813 registered, 27 unregistered
[2026-04-03T01:55:05.007+0600][19.931s][info][gc,metaspace] GC(45) Metaspace: 64M used, 65M committed, 1088M reserved
[2026-04-03T01:55:05.007+0600][19.931s][info][gc,ref      ] GC(45) Soft: 3065 encountered, 0 discovered, 0 enqueued
[2026-04-03T01:55:05.007+0600][19.931s][info][gc,ref      ] GC(45) Weak: 5689 encountered, 693 discovered, 185 enqueued
[2026-04-03T01:55:05.007+0600][19.931s][info][gc,ref      ] GC(45) Final: 74 encountered, 0 discovered, 0 enqueued
[2026-04-03T01:55:05.007+0600][19.931s][info][gc,ref      ] GC(45) Phantom: 596 encountered, 530 discovered, 0 enqueued
[2026-04-03T01:55:05.007+0600][19.931s][info][gc,reloc    ] GC(45) Small Pages: 65 / 130M, Empty: 0M, Relocated: 3M, In-Place: 0
[2026-04-03T01:55:05.007+0600][19.931s][info][gc,reloc    ] GC(45) Medium Pages: 1 / 8M, Empty: 0M, Relocated: 0M, In-Place: 0
[2026-04-03T01:55:05.007+0600][19.931s][info][gc,reloc    ] GC(45) Large Pages: 3 / 12M, Empty: 0M, Relocated: 0M, In-Place: 0
[2026-04-03T01:55:05.007+0600][19.931s][info][gc,reloc    ] GC(45) Forwarding Usage: 1M
[2026-04-03T01:55:05.007+0600][19.931s][info][gc,heap     ] GC(45) Min Capacity: 8M(2%)
[2026-04-03T01:55:05.007+0600][19.931s][info][gc,heap     ] GC(45) Max Capacity: 500M(100%)
[2026-04-03T01:55:05.007+0600][19.931s][info][gc,heap     ] GC(45) Soft Max Capacity: 500M(100%)
[2026-04-03T01:55:05.007+0600][19.931s][info][gc,heap     ] GC(45)                Mark Start          Mark End        Relocate Start      Relocate End           High               Low         
[2026-04-03T01:55:05.007+0600][19.931s][info][gc,heap     ] GC(45)  Capacity:      500M (100%)        500M (100%)        500M (100%)        500M (100%)        500M (100%)        500M (100%)   
[2026-04-03T01:55:05.007+0600][19.931s][info][gc,heap     ] GC(45)      Free:      350M (70%)         348M (70%)         348M (70%)         360M (72%)         360M (72%)         342M (68%)    
[2026-04-03T01:55:05.007+0600][19.931s][info][gc,heap     ] GC(45)      Used:      150M (30%)         152M (30%)         152M (30%)         140M (28%)         158M (32%)         140M (28%)    
[2026-04-03T01:55:05.007+0600][19.931s][info][gc,heap     ] GC(45)      Live:         -               123M (25%)         123M (25%)         123M (25%)            -                  -          
[2026-04-03T01:55:05.007+0600][19.931s][info][gc,heap     ] GC(45) Allocated:         -                 2M (0%)            2M (0%)            1M (0%)             -                  -          
[2026-04-03T01:55:05.007+0600][19.931s][info][gc,heap     ] GC(45)   Garbage:         -                26M (5%)           26M (5%)           14M (3%)             -                  -          
[2026-04-03T01:55:05.007+0600][19.931s][info][gc,heap     ] GC(45) Reclaimed:         -                  -                 0M (0%)           11M (2%)             -                  -          
[2026-04-03T01:55:05.007+0600][19.931s][info][gc          ] GC(45) Garbage Collection (System.gc()) 150M(30%)->140M(28%)
[2026-04-03T01:55:05.008+0600][19.932s][info][gc,start    ] GC(46) Garbage Collection (Allocation Rate)
[2026-04-03T01:55:05.008+0600][19.932s][info][gc,task     ] GC(46) Using 3 workers
[2026-04-03T01:55:05.009+0600][19.932s][info][gc,phases   ] GC(46) Pause Mark Start 0.020ms
[2026-04-03T01:55:05.151+0600][20.075s][info][gc,phases   ] GC(46) Concurrent Mark 142.131ms
[2026-04-03T01:55:05.152+0600][20.075s][info][gc,phases   ] GC(46) Pause Mark End 0.057ms
[2026-04-03T01:55:05.152+0600][20.075s][info][gc,phases   ] GC(46) Concurrent Mark Free 0.004ms
[2026-04-03T01:55:05.161+0600][20.085s][info][gc,phases   ] GC(46) Concurrent Process Non-Strong References 9.265ms
[2026-04-03T01:55:05.161+0600][20.085s][info][gc,phases   ] GC(46) Concurrent Reset Relocation Set 0.006ms
[2026-04-03T01:55:05.166+0600][20.089s][info][gc,phases   ] GC(46) Concurrent Select Relocation Set 4.423ms
[2026-04-03T01:55:05.166+0600][20.089s][info][gc,phases   ] GC(46) Pause Relocate Start 0.022ms
[2026-04-03T01:55:05.170+0600][20.094s][info][gc,phases   ] GC(46) Concurrent Relocate 4.150ms
[2026-04-03T01:55:05.171+0600][20.094s][info][gc,load     ] GC(46) Load: 6.49/7.54/7.40
[2026-04-03T01:55:05.171+0600][20.094s][info][gc,mmu      ] GC(46) MMU: 2ms/90.6%, 5ms/96.2%, 10ms/98.0%, 20ms/99.0%, 50ms/99.6%, 100ms/99.6%
[2026-04-03T01:55:05.171+0600][20.094s][info][gc,marking  ] GC(46) Mark: 2 stripe(s), 2 proactive flush(es), 1 terminate flush(es), 0 completion(s), 0 continuation(s) 
[2026-04-03T01:55:05.171+0600][20.094s][info][gc,marking  ] GC(46) Mark Stack Usage: 32M
[2026-04-03T01:55:05.171+0600][20.094s][info][gc,nmethod  ] GC(46) NMethods: 4901 registered, 28 unregistered
[2026-04-03T01:55:05.171+0600][20.094s][info][gc,metaspace] GC(46) Metaspace: 64M used, 65M committed, 1088M reserved
[2026-04-03T01:55:05.171+0600][20.094s][info][gc,ref      ] GC(46) Soft: 3070 encountered, 0 discovered, 0 enqueued
[2026-04-03T01:55:05.171+0600][20.094s][info][gc,ref      ] GC(46) Weak: 5561 encountered, 239 discovered, 18 enqueued
[2026-04-03T01:55:05.171+0600][20.094s][info][gc,ref      ] GC(46) Final: 74 encountered, 0 discovered, 0 enqueued
[2026-04-03T01:55:05.171+0600][20.094s][info][gc,ref      ] GC(46) Phantom: 596 encountered, 253 discovered, 0 enqueued
[2026-04-03T01:55:05.171+0600][20.094s][info][gc,reloc    ] GC(46) Small Pages: 61 / 122M, Empty: 0M, Relocated: 3M, In-Place: 0
[2026-04-03T01:55:05.171+0600][20.094s][info][gc,reloc    ] GC(46) Medium Pages: 1 / 8M, Empty: 0M, Relocated: 0M, In-Place: 0
[2026-04-03T01:55:05.171+0600][20.094s][info][gc,reloc    ] GC(46) Large Pages: 3 / 12M, Empty: 0M, Relocated: 0M, In-Place: 0
[2026-04-03T01:55:05.171+0600][20.094s][info][gc,reloc    ] GC(46) Forwarding Usage: 1M
[2026-04-03T01:55:05.171+0600][20.094s][info][gc,heap     ] GC(46) Min Capacity: 8M(2%)
[2026-04-03T01:55:05.171+0600][20.094s][info][gc,heap     ] GC(46) Max Capacity: 500M(100%)
[2026-04-03T01:55:05.171+0600][20.094s][info][gc,heap     ] GC(46) Soft Max Capacity: 500M(100%)
[2026-04-03T01:55:05.171+0600][20.094s][info][gc,heap     ] GC(46)                Mark Start          Mark End        Relocate Start      Relocate End           High               Low         
[2026-04-03T01:55:05.171+0600][20.094s][info][gc,heap     ] GC(46)  Capacity:      500M (100%)        500M (100%)        500M (100%)        500M (100%)        500M (100%)        500M (100%)   
[2026-04-03T01:55:05.171+0600][20.094s][info][gc,heap     ] GC(46)      Free:      358M (72%)         328M (66%)         326M (65%)         330M (66%)         358M (72%)         322M (64%)    
[2026-04-03T01:55:05.171+0600][20.094s][info][gc,heap     ] GC(46)      Used:      142M (28%)         172M (34%)         174M (35%)         170M (34%)         178M (36%)         142M (28%)    
[2026-04-03T01:55:05.171+0600][20.094s][info][gc,heap     ] GC(46)      Live:         -               123M (25%)         123M (25%)         123M (25%)            -                  -          
[2026-04-03T01:55:05.171+0600][20.094s][info][gc,heap     ] GC(46) Allocated:         -                30M (6%)           32M (6%)           31M (6%)             -                  -          
[2026-04-03T01:55:05.171+0600][20.094s][info][gc,heap     ] GC(46)   Garbage:         -                18M (4%)           18M (4%)           14M (3%)             -                  -          
[2026-04-03T01:55:05.171+0600][20.094s][info][gc,heap     ] GC(46) Reclaimed:         -                  -                 0M (0%)            3M (1%)             -                  -          
[2026-04-03T01:55:05.171+0600][20.094s][info][gc          ] GC(46) Garbage Collection (Allocation Rate) 142M(28%)->170M(34%)
[2026-04-03T01:55:05.208+0600][20.132s][info][gc,stats    ] === Garbage Collection Statistics =======================================================================================================================
[2026-04-03T01:55:05.208+0600][20.132s][info][gc,stats    ]                                                              Last 10s              Last 10m              Last 10h                Total
[2026-04-03T01:55:05.208+0600][20.132s][info][gc,stats    ]                                                              Avg / Max             Avg / Max             Avg / Max             Avg / Max
[2026-04-03T01:55:05.208+0600][20.132s][info][gc,stats    ]   Collector: Garbage Collection Cycle                     97.960 / 187.316      88.719 / 187.316      88.719 / 187.316      88.719 / 187.316     ms
[2026-04-03T01:55:05.208+0600][20.132s][info][gc,stats    ]  Contention: Mark Segment Reset Contention                    11 / 53                5 / 53                5 / 53                5 / 53          ops/s
[2026-04-03T01:55:05.208+0600][20.132s][info][gc,stats    ]  Contention: Mark SeqNum Reset Contention                      0 / 1                 0 / 1                 0 / 1                 0 / 1           ops/s
[2026-04-03T01:55:05.208+0600][20.132s][info][gc,stats    ]    Critical: Allocation Stall                                  1 / 7                 0 / 7                 0 / 7                 0 / 7           ops/s
[2026-04-03T01:55:05.208+0600][20.132s][info][gc,stats    ]    Critical: Allocation Stall                             47.961 / 79.787       47.961 / 79.787       47.961 / 79.787       47.961 / 79.787      ms
[2026-04-03T01:55:05.209+0600][20.132s][info][gc,stats    ]    Critical: GC Locker Stall                                   0 / 1                 0 / 1                 0 / 1                 0 / 1           ops/s
[2026-04-03T01:55:05.209+0600][20.132s][info][gc,stats    ]    Critical: GC Locker Stall                               0.011 / 0.029         0.007 / 0.029         0.007 / 0.029         0.007 / 0.029       ms
[2026-04-03T01:55:05.209+0600][20.132s][info][gc,stats    ]    Critical: Relocation Stall                                  0 / 0                 0 / 0                 0 / 0                 0 / 0           ops/s
[2026-04-03T01:55:05.209+0600][20.132s][info][gc,stats    ]    Critical: Relocation Stall                              0.000 / 0.000         0.000 / 0.000         0.000 / 0.000         0.000 / 0.000       ms
[2026-04-03T01:55:05.209+0600][20.132s][info][gc,stats    ]      Memory: Allocation Rate                                 534 / 1284            306 / 1284            306 / 1284            306 / 1284        MB/s
[2026-04-03T01:55:05.209+0600][20.132s][info][gc,stats    ]      Memory: Defragment                                        1 / 12                0 / 12                0 / 12                0 / 12          ops/s
[2026-04-03T01:55:05.209+0600][20.132s][info][gc,stats    ]      Memory: Out Of Memory                                     0 / 0                 0 / 0                 0 / 0                 0 / 0           ops/s
[2026-04-03T01:55:05.209+0600][20.132s][info][gc,stats    ]      Memory: Page Cache Flush                                  6 / 30                3 / 30                3 / 30                3 / 30          MB/s
[2026-04-03T01:55:05.209+0600][20.132s][info][gc,start    ] GC(47) Garbage Collection (Allocation Rate)
[2026-04-03T01:55:05.209+0600][20.132s][info][gc,task     ] GC(47) Using 3 workers
[2026-04-03T01:55:05.209+0600][20.132s][info][gc,stats    ]      Memory: Page Cache Hit L1                               270 / 660             149 / 660             149 / 660             149 / 660         ops/s
[2026-04-03T01:55:05.209+0600][20.132s][info][gc,stats    ]      Memory: Page Cache Hit L2                                 0 / 0                 0 / 0                 0 / 0                 0 / 0           ops/s
[2026-04-03T01:55:05.209+0600][20.132s][info][gc,stats    ]      Memory: Page Cache Hit L3                                 3 / 12                7 / 64                7 / 64                7 / 64          ops/s
[2026-04-03T01:55:05.209+0600][20.132s][info][gc,stats    ]      Memory: Page Cache Miss                                  12 / 96                6 / 96                6 / 96                6 / 96          ops/s
[2026-04-03T01:55:05.209+0600][20.132s][info][gc,stats    ]      Memory: Uncommit                                          0 / 0                 0 / 0                 0 / 0                 0 / 0           MB/s
[2026-04-03T01:55:05.209+0600][20.132s][info][gc,stats    ]      Memory: Undo Object Allocation Failed                     0 / 2                 0 / 2                 0 / 2                 0 / 2           ops/s
[2026-04-03T01:55:05.209+0600][20.132s][info][gc,stats    ]      Memory: Undo Object Allocation Succeeded                  0 / 2                 0 / 2                 0 / 2                 0 / 2           ops/s
[2026-04-03T01:55:05.209+0600][20.132s][info][gc,stats    ]      Memory: Undo Page Allocation                              1 / 9                 0 / 9                 0 / 9                 0 / 9           ops/s
[2026-04-03T01:55:05.209+0600][20.132s][info][gc,stats    ]       Phase: Concurrent Mark                              79.211 / 164.186      70.722 / 164.186      70.722 / 164.186      70.722 / 164.186     ms
[2026-04-03T01:55:05.209+0600][20.132s][info][gc,stats    ]       Phase: Concurrent Mark Continue                      0.000 / 0.000         0.000 / 0.000         0.000 / 0.000         0.000 / 0.000       ms
[2026-04-03T01:55:05.209+0600][20.132s][info][gc,stats    ]       Phase: Concurrent Mark Free                          0.002 / 0.007         0.002 / 0.007         0.002 / 0.007         0.002 / 0.007       ms
[2026-04-03T01:55:05.209+0600][20.133s][info][gc,stats    ]       Phase: Concurrent Process Non-Strong References      6.203 / 25.548        5.738 / 25.548        5.738 / 25.548        5.738 / 25.548      ms
[2026-04-03T01:55:05.209+0600][20.133s][info][gc,phases   ] GC(47) Pause Mark Start 0.018ms
[2026-04-03T01:55:05.209+0600][20.133s][info][gc,stats    ]       Phase: Concurrent Relocate                           7.007 / 25.309        6.566 / 25.309        6.566 / 25.309        6.566 / 25.309      ms
[2026-04-03T01:55:05.209+0600][20.133s][info][gc,stats    ]       Phase: Concurrent Reset Relocation Set               0.009 / 0.034         0.008 / 0.034         0.008 / 0.034         0.008 / 0.034       ms
[2026-04-03T01:55:05.209+0600][20.133s][info][gc,stats    ]       Phase: Concurrent Select Relocation Set              4.004 / 9.520         4.076 / 9.520         4.076 / 9.520         4.076 / 9.520       ms
[2026-04-03T01:55:05.209+0600][20.133s][info][gc,stats    ]       Phase: Pause Mark End                                0.034 / 0.189         0.035 / 0.189         0.035 / 0.189         0.035 / 0.189       ms
[2026-04-03T01:55:05.209+0600][20.133s][info][gc,stats    ]       Phase: Pause Mark Start                              0.017 / 0.051         0.017 / 0.051         0.017 / 0.051         0.017 / 0.051       ms
[2026-04-03T01:55:05.209+0600][20.133s][info][gc,stats    ]       Phase: Pause Relocate Start                          0.015 / 0.039         0.015 / 0.039         0.015 / 0.039         0.015 / 0.039       ms
[2026-04-03T01:55:05.209+0600][20.133s][info][gc,stats    ]    Subphase: Concurrent Classes Purge                      0.078 / 0.458         0.086 / 0.458         0.086 / 0.458         0.086 / 0.458       ms
[2026-04-03T01:55:05.209+0600][20.133s][info][gc,stats    ]    Subphase: Concurrent Classes Unlink                     4.695 / 22.468        4.295 / 22.468        4.295 / 22.468        4.295 / 22.468      ms
[2026-04-03T01:55:05.209+0600][20.133s][info][gc,stats    ]    Subphase: Concurrent Mark                              79.351 / 163.237      70.405 / 163.237      70.405 / 163.237      70.405 / 163.237     ms
[2026-04-03T01:55:05.209+0600][20.133s][info][gc,stats    ]    Subphase: Concurrent Mark Try Flush                     0.235 / 3.410         0.233 / 3.410         0.233 / 3.410         0.233 / 3.410       ms
[2026-04-03T01:55:05.209+0600][20.133s][info][gc,stats    ]    Subphase: Concurrent Mark Try Terminate                 0.860 / 1.224         0.843 / 1.224         0.843 / 1.224         0.843 / 1.224       ms
[2026-04-03T01:55:05.209+0600][20.133s][info][gc,stats    ]    Subphase: Concurrent References Enqueue                 0.003 / 0.014         0.003 / 0.014         0.003 / 0.014         0.003 / 0.014       ms
[2026-04-03T01:55:05.209+0600][20.133s][info][gc,stats    ]    Subphase: Concurrent References Process                 0.295 / 0.546         0.282 / 0.546         0.282 / 0.546         0.282 / 0.546       ms
[2026-04-03T01:55:05.209+0600][20.133s][info][gc,stats    ]    Subphase: Concurrent Roots ClassLoaderDataGraph         0.188 / 0.764         0.184 / 0.764         0.184 / 0.764         0.184 / 0.764       ms
[2026-04-03T01:55:05.209+0600][20.133s][info][gc,stats    ]    Subphase: Concurrent Roots CodeCache                    0.000 / 0.000         0.000 / 0.000         0.000 / 0.000         0.000 / 0.000       ms
[2026-04-03T01:55:05.209+0600][20.133s][info][gc,stats    ]    Subphase: Concurrent Roots JavaThreads                  0.309 / 1.119         0.337 / 3.668         0.337 / 3.668         0.337 / 3.668       ms
[2026-04-03T01:55:05.209+0600][20.133s][info][gc,stats    ]    Subphase: Concurrent Roots OopStorageSet                0.044 / 0.140         0.046 / 0.140         0.046 / 0.140         0.046 / 0.140       ms
[2026-04-03T01:55:05.209+0600][20.133s][info][gc,stats    ]    Subphase: Concurrent Weak Roots OopStorageSet           0.652 / 1.900         0.615 / 1.900         0.615 / 1.900         0.615 / 1.900       ms
[2026-04-03T01:55:05.209+0600][20.133s][info][gc,stats    ]    Subphase: Pause Mark Try Complete                       0.004 / 0.008         0.004 / 0.008         0.004 / 0.008         0.004 / 0.008       ms
[2026-04-03T01:55:05.209+0600][20.133s][info][gc,stats    ]      System: Java Threads                                     58 / 83               52 / 83               52 / 83               52 / 83          threads
[2026-04-03T01:55:05.209+0600][20.133s][info][gc,stats    ] =========================================================================================================================================================
[2026-04-03T01:55:05.343+0600][20.267s][info][gc,phases   ] GC(47) Concurrent Mark 134.093ms
[2026-04-03T01:55:05.344+0600][20.267s][info][gc,phases   ] GC(47) Pause Mark End 0.029ms
[2026-04-03T01:55:05.344+0600][20.267s][info][gc,phases   ] GC(47) Concurrent Mark Free 0.003ms
[2026-04-03T01:55:05.352+0600][20.276s][info][gc,phases   ] GC(47) Concurrent Process Non-Strong References 8.491ms
[2026-04-03T01:55:05.353+0600][20.276s][info][gc,phases   ] GC(47) Concurrent Reset Relocation Set 0.002ms
[2026-04-03T01:55:05.357+0600][20.281s][info][gc,phases   ] GC(47) Concurrent Select Relocation Set 4.788ms
[2026-04-03T01:55:05.358+0600][20.281s][info][gc,phases   ] GC(47) Pause Relocate Start 0.019ms
[2026-04-03T01:55:05.365+0600][20.288s][info][gc,phases   ] GC(47) Concurrent Relocate 6.976ms
[2026-04-03T01:55:05.365+0600][20.289s][info][gc,load     ] GC(47) Load: 6.49/7.54/7.40
[2026-04-03T01:55:05.365+0600][20.289s][info][gc,mmu      ] GC(47) MMU: 2ms/90.6%, 5ms/96.2%, 10ms/98.0%, 20ms/99.0%, 50ms/99.6%, 100ms/99.6%
[2026-04-03T01:55:05.365+0600][20.289s][info][gc,marking  ] GC(47) Mark: 2 stripe(s), 4 proactive flush(es), 1 terminate flush(es), 0 completion(s), 0 continuation(s) 
[2026-04-03T01:55:05.365+0600][20.289s][info][gc,marking  ] GC(47) Mark Stack Usage: 32M
[2026-04-03T01:55:05.365+0600][20.289s][info][gc,nmethod  ] GC(47) NMethods: 4995 registered, 43 unregistered
[2026-04-03T01:55:05.365+0600][20.289s][info][gc,metaspace] GC(47) Metaspace: 64M used, 65M committed, 1088M reserved
[2026-04-03T01:55:05.365+0600][20.289s][info][gc,ref      ] GC(47) Soft: 3132 encountered, 0 discovered, 0 enqueued
[2026-04-03T01:55:05.365+0600][20.289s][info][gc,ref      ] GC(47) Weak: 5826 encountered, 1284 discovered, 106 enqueued
[2026-04-03T01:55:05.365+0600][20.289s][info][gc,ref      ] GC(47) Final: 74 encountered, 0 discovered, 0 enqueued
[2026-04-03T01:55:05.365+0600][20.289s][info][gc,ref      ] GC(47) Phantom: 596 encountered, 233 discovered, 0 enqueued
[2026-04-03T01:55:05.365+0600][20.289s][info][gc,reloc    ] GC(47) Small Pages: 68 / 136M, Empty: 0M, Relocated: 4M, In-Place: 0
[2026-04-03T01:55:05.365+0600][20.289s][info][gc,reloc    ] GC(47) Medium Pages: 2 / 16M, Empty: 8M, Relocated: 0M, In-Place: 0
[2026-04-03T01:55:05.365+0600][20.289s][info][gc,reloc    ] GC(47) Large Pages: 6 / 26M, Empty: 8M, Relocated: 0M, In-Place: 0
[2026-04-03T01:55:05.365+0600][20.289s][info][gc,reloc    ] GC(47) Forwarding Usage: 2M
[2026-04-03T01:55:05.365+0600][20.289s][info][gc,heap     ] GC(47) Min Capacity: 8M(2%)
[2026-04-03T01:55:05.365+0600][20.289s][info][gc,heap     ] GC(47) Max Capacity: 500M(100%)
[2026-04-03T01:55:05.365+0600][20.289s][info][gc,heap     ] GC(47) Soft Max Capacity: 500M(100%)
[2026-04-03T01:55:05.365+0600][20.289s][info][gc,heap     ] GC(47)                Mark Start          Mark End        Relocate Start      Relocate End           High               Low         
[2026-04-03T01:55:05.365+0600][20.289s][info][gc,heap     ] GC(47)  Capacity:      500M (100%)        500M (100%)        500M (100%)        500M (100%)        500M (100%)        500M (100%)   
[2026-04-03T01:55:05.365+0600][20.289s][info][gc,heap     ] GC(47)      Free:      322M (64%)         264M (53%)         262M (52%)         276M (55%)         322M (64%)         248M (50%)    
[2026-04-03T01:55:05.365+0600][20.289s][info][gc,heap     ] GC(47)      Used:      178M (36%)         236M (47%)         238M (48%)         224M (45%)         252M (50%)         178M (36%)    
[2026-04-03T01:55:05.365+0600][20.289s][info][gc,heap     ] GC(47)      Live:         -               129M (26%)         129M (26%)         129M (26%)            -                  -          
[2026-04-03T01:55:05.365+0600][20.289s][info][gc,heap     ] GC(47) Allocated:         -                58M (12%)          76M (15%)          79M (16%)            -                  -          
[2026-04-03T01:55:05.365+0600][20.289s][info][gc,heap     ] GC(47)   Garbage:         -                48M (10%)          32M (7%)           14M (3%)             -                  -          
[2026-04-03T01:55:05.365+0600][20.289s][info][gc,heap     ] GC(47) Reclaimed:         -                  -                16M (3%)           33M (7%)             -                  -          
[2026-04-03T01:55:05.366+0600][20.289s][info][gc          ] GC(47) Garbage Collection (Allocation Rate) 178M(36%)->224M(45%)
[2026-04-03T01:55:05.409+0600][20.332s][info][gc,start    ] GC(48) Garbage Collection (Allocation Rate)
[2026-04-03T01:55:05.409+0600][20.332s][info][gc,task     ] GC(48) Using 3 workers
[2026-04-03T01:55:05.409+0600][20.333s][info][gc,phases   ] GC(48) Pause Mark Start 0.018ms
[2026-04-03T01:55:05.522+0600][20.446s][info][gc,phases   ] GC(48) Concurrent Mark 113.005ms
[2026-04-03T01:55:05.523+0600][20.446s][info][gc,phases   ] GC(48) Pause Mark End 0.042ms
[2026-04-03T01:55:05.523+0600][20.446s][info][gc,phases   ] GC(48) Concurrent Mark Free 0.004ms
[2026-04-03T01:55:05.531+0600][20.454s][info][gc,phases   ] GC(48) Concurrent Process Non-Strong References 7.512ms
[2026-04-03T01:55:05.531+0600][20.454s][info][gc,phases   ] GC(48) Concurrent Reset Relocation Set 0.005ms
[2026-04-03T01:55:05.536+0600][20.459s][info][gc,phases   ] GC(48) Concurrent Select Relocation Set 4.872ms
[2026-04-03T01:55:05.536+0600][20.459s][info][gc,phases   ] GC(48) Pause Relocate Start 0.016ms
[2026-04-03T01:55:05.547+0600][20.471s][info][gc,phases   ] GC(48) Concurrent Relocate 11.309ms
[2026-04-03T01:55:05.547+0600][20.471s][info][gc,load     ] GC(48) Load: 6.49/7.54/7.40
[2026-04-03T01:55:05.547+0600][20.471s][info][gc,mmu      ] GC(48) MMU: 2ms/90.6%, 5ms/96.2%, 10ms/98.0%, 20ms/99.0%, 50ms/99.6%, 100ms/99.6%
[2026-04-03T01:55:05.547+0600][20.471s][info][gc,marking  ] GC(48) Mark: 2 stripe(s), 2 proactive flush(es), 1 terminate flush(es), 0 completion(s), 0 continuation(s) 
[2026-04-03T01:55:05.547+0600][20.471s][info][gc,marking  ] GC(48) Mark Stack Usage: 32M
[2026-04-03T01:55:05.547+0600][20.471s][info][gc,nmethod  ] GC(48) NMethods: 4996 registered, 75 unregistered
[2026-04-03T01:55:05.547+0600][20.471s][info][gc,metaspace] GC(48) Metaspace: 64M used, 65M committed, 1088M reserved
[2026-04-03T01:55:05.547+0600][20.471s][info][gc,ref      ] GC(48) Soft: 3151 encountered, 0 discovered, 0 enqueued
[2026-04-03T01:55:05.547+0600][20.471s][info][gc,ref      ] GC(48) Weak: 5758 encountered, 3677 discovered, 34 enqueued
[2026-04-03T01:55:05.547+0600][20.471s][info][gc,ref      ] GC(48) Final: 74 encountered, 74 discovered, 0 enqueued
[2026-04-03T01:55:05.547+0600][20.471s][info][gc,ref      ] GC(48) Phantom: 597 encountered, 226 discovered, 0 enqueued
[2026-04-03T01:55:05.547+0600][20.471s][info][gc,reloc    ] GC(48) Small Pages: 124 / 248M, Empty: 0M, Relocated: 8M, In-Place: 0
[2026-04-03T01:55:05.547+0600][20.471s][info][gc,reloc    ] GC(48) Medium Pages: 2 / 16M, Empty: 0M, Relocated: 2M, In-Place: 0
[2026-04-03T01:55:05.547+0600][20.471s][info][gc,reloc    ] GC(48) Large Pages: 4 / 18M, Empty: 6M, Relocated: 0M, In-Place: 0
[2026-04-03T01:55:05.548+0600][20.471s][info][gc,reloc    ] GC(48) Forwarding Usage: 4M
[2026-04-03T01:55:05.548+0600][20.471s][info][gc,heap     ] GC(48) Min Capacity: 8M(2%)
[2026-04-03T01:55:05.548+0600][20.471s][info][gc,heap     ] GC(48) Max Capacity: 500M(100%)
[2026-04-03T01:55:05.548+0600][20.471s][info][gc,heap     ] GC(48) Soft Max Capacity: 500M(100%)
[2026-04-03T01:55:05.548+0600][20.471s][info][gc,heap     ] GC(48)                Mark Start          Mark End        Relocate Start      Relocate End           High               Low         
[2026-04-03T01:55:05.548+0600][20.471s][info][gc,heap     ] GC(48)  Capacity:      500M (100%)        500M (100%)        500M (100%)        500M (100%)        500M (100%)        500M (100%)   
[2026-04-03T01:55:05.548+0600][20.471s][info][gc,heap     ] GC(48)      Free:      218M (44%)          46M (9%)           30M (6%)          148M (30%)         218M (44%)          20M (4%)     
[2026-04-03T01:55:05.548+0600][20.471s][info][gc,heap     ] GC(48)      Used:      282M (56%)         454M (91%)         470M (94%)         352M (70%)         480M (96%)         282M (56%)    
[2026-04-03T01:55:05.548+0600][20.471s][info][gc,heap     ] GC(48)      Live:         -               128M (26%)         128M (26%)         128M (26%)            -                  -          
[2026-04-03T01:55:05.548+0600][20.471s][info][gc,heap     ] GC(48) Allocated:         -               172M (34%)         194M (39%)         209M (42%)            -                  -          
[2026-04-03T01:55:05.548+0600][20.471s][info][gc,heap     ] GC(48)   Garbage:         -               153M (31%)         147M (30%)          14M (3%)             -                  -          
[2026-04-03T01:55:05.548+0600][20.471s][info][gc,heap     ] GC(48) Reclaimed:         -                  -                 6M (1%)          139M (28%)            -                  -          
[2026-04-03T01:55:05.548+0600][20.471s][info][gc          ] GC(48) Garbage Collection (Allocation Rate) 282M(56%)->352M(70%)
[2026-04-03T01:55:05.608+0600][20.532s][info][gc,start    ] GC(49) Garbage Collection (Allocation Rate)
[2026-04-03T01:55:05.608+0600][20.532s][info][gc,task     ] GC(49) Using 3 workers
[2026-04-03T01:55:05.608+0600][20.532s][info][gc,phases   ] GC(49) Pause Mark Start 0.013ms
[2026-04-03T01:55:05.706+0600][20.629s][info][gc,phases   ] GC(49) Concurrent Mark 97.388ms
[2026-04-03T01:55:05.706+0600][20.630s][info][gc,phases   ] GC(49) Pause Mark End 0.021ms
[2026-04-03T01:55:05.706+0600][20.630s][info][gc,phases   ] GC(49) Concurrent Mark Free 0.002ms
[2026-04-03T01:55:05.711+0600][20.635s][info][gc,phases   ] GC(49) Concurrent Process Non-Strong References 5.133ms
[2026-04-03T01:55:05.711+0600][20.635s][info][gc,phases   ] GC(49) Concurrent Reset Relocation Set 0.005ms
[2026-04-03T01:55:05.714+0600][20.638s][info][gc          ] Allocation Stall (Executor task launch worker for task 1.0 in stage 4.0 (TID 7)) 89.447ms
[2026-04-03T01:55:05.714+0600][20.638s][info][gc          ] Allocation Stall (Executor task launch worker for task 0.0 in stage 4.0 (TID 6)) 89.431ms
[2026-04-03T01:55:05.714+0600][20.638s][info][gc          ] Allocation Stall (Spark Context Cleaner) 49.482ms
[2026-04-03T01:55:05.717+0600][20.641s][info][gc,phases   ] GC(49) Concurrent Select Relocation Set 5.767ms
[2026-04-03T01:55:05.717+0600][20.641s][info][gc,phases   ] GC(49) Pause Relocate Start 0.013ms
[2026-04-03T01:55:05.737+0600][20.661s][info][gc,phases   ] GC(49) Concurrent Relocate 19.780ms
[2026-04-03T01:55:05.738+0600][20.661s][info][gc,load     ] GC(49) Load: 6.49/7.54/7.40
[2026-04-03T01:55:05.738+0600][20.661s][info][gc,mmu      ] GC(49) MMU: 2ms/90.6%, 5ms/96.2%, 10ms/98.0%, 20ms/99.0%, 50ms/99.6%, 100ms/99.6%
[2026-04-03T01:55:05.738+0600][20.661s][info][gc,marking  ] GC(49) Mark: 2 stripe(s), 2 proactive flush(es), 1 terminate flush(es), 0 completion(s), 0 continuation(s) 
[2026-04-03T01:55:05.738+0600][20.661s][info][gc,marking  ] GC(49) Mark Stack Usage: 32M
[2026-04-03T01:55:05.738+0600][20.661s][info][gc,nmethod  ] GC(49) NMethods: 4999 registered, 85 unregistered
[2026-04-03T01:55:05.738+0600][20.661s][info][gc,metaspace] GC(49) Metaspace: 64M used, 65M committed, 1088M reserved
[2026-04-03T01:55:05.738+0600][20.661s][info][gc,ref      ] GC(49) Soft: 3151 encountered, 0 discovered, 0 enqueued
[2026-04-03T01:55:05.738+0600][20.661s][info][gc,ref      ] GC(49) Weak: 5724 encountered, 389 discovered, 0 enqueued
[2026-04-03T01:55:05.738+0600][20.661s][info][gc,ref      ] GC(49) Final: 74 encountered, 0 discovered, 0 enqueued
[2026-04-03T01:55:05.738+0600][20.661s][info][gc,ref      ] GC(49) Phantom: 597 encountered, 544 discovered, 0 enqueued
[2026-04-03T01:55:05.738+0600][20.661s][info][gc,reloc    ] GC(49) Small Pages: 229 / 458M, Empty: 2M, Relocated: 17M, In-Place: 3
[2026-04-03T01:55:05.738+0600][20.661s][info][gc,reloc    ] GC(49) Medium Pages: 1 / 8M, Empty: 0M, Relocated: 0M, In-Place: 0
[2026-04-03T01:55:05.738+0600][20.661s][info][gc,reloc    ] GC(49) Large Pages: 5 / 18M, Empty: 2M, Relocated: 0M, In-Place: 0
[2026-04-03T01:55:05.738+0600][20.661s][info][gc,reloc    ] GC(49) Forwarding Usage: 11M
[2026-04-03T01:55:05.738+0600][20.661s][info][gc,heap     ] GC(49) Min Capacity: 8M(2%)
[2026-04-03T01:55:05.738+0600][20.661s][info][gc,heap     ] GC(49) Max Capacity: 500M(100%)
[2026-04-03T01:55:05.738+0600][20.661s][info][gc,heap     ] GC(49) Soft Max Capacity: 500M(100%)
[2026-04-03T01:55:05.738+0600][20.661s][info][gc,heap     ] GC(49)                Mark Start          Mark End        Relocate Start      Relocate End           High               Low         
[2026-04-03T01:55:05.738+0600][20.661s][info][gc,heap     ] GC(49)  Capacity:      500M (100%)        500M (100%)        500M (100%)        500M (100%)        500M (100%)        500M (100%)   
[2026-04-03T01:55:05.738+0600][20.661s][info][gc,heap     ] GC(49)      Free:       16M (3%)            0M (0%)            0M (0%)          300M (60%)         302M (60%)           0M (0%)     
[2026-04-03T01:55:05.738+0600][20.661s][info][gc,heap     ] GC(49)      Used:      484M (97%)         500M (100%)        500M (100%)        200M (40%)         500M (100%)        198M (40%)    
[2026-04-03T01:55:05.738+0600][20.661s][info][gc,heap     ] GC(49)      Live:         -               144M (29%)         144M (29%)         144M (29%)            -                  -          
[2026-04-03T01:55:05.738+0600][20.661s][info][gc,heap     ] GC(49) Allocated:         -                16M (3%)           20M (4%)           39M (8%)             -                  -          
[2026-04-03T01:55:05.738+0600][20.661s][info][gc,heap     ] GC(49)   Garbage:         -               339M (68%)         335M (67%)          15M (3%)             -                  -          
[2026-04-03T01:55:05.738+0600][20.661s][info][gc,heap     ] GC(49) Reclaimed:         -                  -                 4M (1%)          323M (65%)            -                  -          
[2026-04-03T01:55:05.738+0600][20.661s][info][gc          ] GC(49) Garbage Collection (Allocation Rate) 484M(97%)->200M(40%)
[2026-04-03T01:55:05.808+0600][20.732s][info][gc,start    ] GC(50) Garbage Collection (Allocation Stall)
[2026-04-03T01:55:05.808+0600][20.732s][info][gc,ref      ] GC(50) Clearing All SoftReferences
[2026-04-03T01:55:05.808+0600][20.732s][info][gc,task     ] GC(50) Using 3 workers
[2026-04-03T01:55:05.809+0600][20.732s][info][gc,ref      ] GC(50) Clearing All SoftReferences
[2026-04-03T01:55:05.809+0600][20.732s][info][gc,phases   ] GC(50) Pause Mark Start 0.047ms
[2026-04-03T01:55:05.966+0600][20.889s][info][gc,phases   ] GC(50) Concurrent Mark 156.978ms
[2026-04-03T01:55:05.966+0600][20.889s][info][gc,phases   ] GC(50) Pause Mark End 0.019ms
[2026-04-03T01:55:05.966+0600][20.889s][info][gc,phases   ] GC(50) Concurrent Mark Free 0.002ms
[2026-04-03T01:55:05.979+0600][20.902s][info][gc,phases   ] GC(50) Concurrent Process Non-Strong References 12.847ms
[2026-04-03T01:55:05.979+0600][20.902s][info][gc,phases   ] GC(50) Concurrent Reset Relocation Set 0.015ms
[2026-04-03T01:55:05.979+0600][20.902s][info][gc          ] Allocation Stall (Executor task launch worker for task 0.0 in stage 4.0 (TID 6)) 53.547ms
[2026-04-03T01:55:05.979+0600][20.903s][info][gc          ] Allocation Stall (Executor task launch worker for task 1.0 in stage 4.0 (TID 7)) 53.464ms
[2026-04-03T01:55:05.983+0600][20.906s][info][gc,phases   ] GC(50) Concurrent Select Relocation Set 3.556ms
[2026-04-03T01:55:05.983+0600][20.906s][info][gc,phases   ] GC(50) Pause Relocate Start 0.012ms
[2026-04-03T01:55:05.984+0600][20.908s][info][gc,phases   ] GC(50) Concurrent Relocate 1.554ms
[2026-04-03T01:55:05.984+0600][20.908s][info][gc,load     ] GC(50) Load: 6.49/7.54/7.40
[2026-04-03T01:55:05.984+0600][20.908s][info][gc,mmu      ] GC(50) MMU: 2ms/90.6%, 5ms/96.2%, 10ms/98.0%, 20ms/99.0%, 50ms/99.6%, 100ms/99.6%
[2026-04-03T01:55:05.984+0600][20.908s][info][gc,marking  ] GC(50) Mark: 2 stripe(s), 2 proactive flush(es), 1 terminate flush(es), 0 completion(s), 0 continuation(s) 
[2026-04-03T01:55:05.984+0600][20.908s][info][gc,marking  ] GC(50) Mark Stack Usage: 32M
[2026-04-03T01:55:05.984+0600][20.908s][info][gc,nmethod  ] GC(50) NMethods: 4990 registered, 94 unregistered
[2026-04-03T01:55:05.984+0600][20.908s][info][gc,metaspace] GC(50) Metaspace: 64M used, 65M committed, 1088M reserved
[2026-04-03T01:55:05.985+0600][20.908s][info][gc,ref      ] GC(50) Soft: 3046 encountered, 2401 discovered, 337 enqueued
[2026-04-03T01:55:05.985+0600][20.908s][info][gc,ref      ] GC(50) Weak: 5634 encountered, 402 discovered, 38 enqueued
[2026-04-03T01:55:05.985+0600][20.908s][info][gc,ref      ] GC(50) Final: 74 encountered, 1 discovered, 0 enqueued
[2026-04-03T01:55:05.985+0600][20.908s][info][gc,ref      ] GC(50) Phantom: 597 encountered, 538 discovered, 0 enqueued
[2026-04-03T01:55:05.985+0600][20.908s][info][gc,reloc    ] GC(50) Small Pages: 154 / 308M, Empty: 140M, Relocated: 1M, In-Place: 0
[2026-04-03T01:55:05.985+0600][20.908s][info][gc,reloc    ] GC(50) Medium Pages: 1 / 8M, Empty: 0M, Relocated: 0M, In-Place: 0
[2026-04-03T01:55:05.985+0600][20.908s][info][gc,reloc    ] GC(50) Large Pages: 4 / 16M, Empty: 0M, Relocated: 0M, In-Place: 0
[2026-04-03T01:55:05.985+0600][20.908s][info][gc,reloc    ] GC(50) Forwarding Usage: 0M
[2026-04-03T01:55:05.985+0600][20.908s][info][gc,heap     ] GC(50) Min Capacity: 8M(2%)
[2026-04-03T01:55:05.985+0600][20.908s][info][gc,heap     ] GC(50) Max Capacity: 500M(100%)
[2026-04-03T01:55:05.985+0600][20.908s][info][gc,heap     ] GC(50) Soft Max Capacity: 500M(100%)
[2026-04-03T01:55:05.985+0600][20.908s][info][gc,heap     ] GC(50)                Mark Start          Mark End        Relocate Start      Relocate End           High               Low         
[2026-04-03T01:55:05.985+0600][20.908s][info][gc,heap     ] GC(50)  Capacity:      500M (100%)        500M (100%)        500M (100%)        500M (100%)        500M (100%)        500M (100%)   
[2026-04-03T01:55:05.985+0600][20.908s][info][gc,heap     ] GC(50)      Free:      168M (34%)           0M (0%)          132M (26%)         160M (32%)         168M (34%)           0M (0%)     
[2026-04-03T01:55:05.985+0600][20.908s][info][gc,heap     ] GC(50)      Used:      332M (66%)         500M (100%)        368M (74%)         340M (68%)         500M (100%)        332M (66%)    
[2026-04-03T01:55:05.985+0600][20.908s][info][gc,heap     ] GC(50)      Live:         -               144M (29%)         144M (29%)         144M (29%)            -                  -          
[2026-04-03T01:55:05.985+0600][20.908s][info][gc,heap     ] GC(50) Allocated:         -               168M (34%)         176M (35%)         177M (36%)            -                  -          
[2026-04-03T01:55:05.985+0600][20.908s][info][gc,heap     ] GC(50)   Garbage:         -               187M (38%)          47M (10%)          17M (4%)             -                  -          
[2026-04-03T01:55:05.985+0600][20.908s][info][gc,heap     ] GC(50) Reclaimed:         -                  -               140M (28%)         169M (34%)            -                  -          
[2026-04-03T01:55:05.985+0600][20.908s][info][gc          ] GC(50) Garbage Collection (Allocation Stall) 332M(66%)->340M(68%)
[2026-04-03T01:55:06.009+0600][20.932s][info][gc,start    ] GC(51) Garbage Collection (Allocation Stall)
[2026-04-03T01:55:06.009+0600][20.932s][info][gc,ref      ] GC(51) Clearing All SoftReferences
[2026-04-03T01:55:06.009+0600][20.932s][info][gc,task     ] GC(51) Using 3 workers
[2026-04-03T01:55:06.009+0600][20.932s][info][gc,ref      ] GC(51) Clearing All SoftReferences
[2026-04-03T01:55:06.009+0600][20.932s][info][gc,phases   ] GC(51) Pause Mark Start 0.052ms
[2026-04-03T01:55:06.121+0600][21.044s][info][gc,phases   ] GC(51) Concurrent Mark 111.477ms
[2026-04-03T01:55:06.121+0600][21.044s][info][gc,phases   ] GC(51) Pause Mark End 0.018ms
[2026-04-03T01:55:06.121+0600][21.044s][info][gc,phases   ] GC(51) Concurrent Mark Free 0.002ms
[2026-04-03T01:55:06.132+0600][21.056s][info][gc,phases   ] GC(51) Concurrent Process Non-Strong References 11.457ms
[2026-04-03T01:55:06.132+0600][21.056s][info][gc,phases   ] GC(51) Concurrent Reset Relocation Set 0.005ms
[2026-04-03T01:55:06.133+0600][21.056s][info][gc          ] Allocation Stall (Executor task launch worker for task 1.0 in stage 4.0 (TID 7)) 66.124ms
[2026-04-03T01:55:06.133+0600][21.056s][info][gc          ] Allocation Stall (Executor task launch worker for task 0.0 in stage 4.0 (TID 6)) 66.011ms
[2026-04-03T01:55:06.136+0600][21.060s][info][gc,phases   ] GC(51) Concurrent Select Relocation Set 3.760ms
[2026-04-03T01:55:06.136+0600][21.060s][info][gc,phases   ] GC(51) Pause Relocate Start 0.013ms
[2026-04-03T01:55:06.141+0600][21.064s][info][gc,phases   ] GC(51) Concurrent Relocate 4.448ms
[2026-04-03T01:55:06.141+0600][21.064s][info][gc,load     ] GC(51) Load: 6.49/7.54/7.40
[2026-04-03T01:55:06.141+0600][21.065s][info][gc,mmu      ] GC(51) MMU: 2ms/90.6%, 5ms/96.2%, 10ms/98.0%, 20ms/99.0%, 50ms/99.6%, 100ms/99.6%
[2026-04-03T01:55:06.141+0600][21.065s][info][gc,marking  ] GC(51) Mark: 2 stripe(s), 2 proactive flush(es), 1 terminate flush(es), 0 completion(s), 0 continuation(s) 
[2026-04-03T01:55:06.141+0600][21.065s][info][gc,marking  ] GC(51) Mark Stack Usage: 32M
[2026-04-03T01:55:06.141+0600][21.065s][info][gc,nmethod  ] GC(51) NMethods: 4991 registered, 94 unregistered
[2026-04-03T01:55:06.141+0600][21.065s][info][gc,metaspace] GC(51) Metaspace: 64M used, 65M committed, 1088M reserved
[2026-04-03T01:55:06.141+0600][21.065s][info][gc,ref      ] GC(51) Soft: 2709 encountered, 1928 discovered, 0 enqueued
[2026-04-03T01:55:06.141+0600][21.065s][info][gc,ref      ] GC(51) Weak: 5596 encountered, 584 discovered, 0 enqueued
[2026-04-03T01:55:06.141+0600][21.065s][info][gc,ref      ] GC(51) Final: 74 encountered, 1 discovered, 0 enqueued
[2026-04-03T01:55:06.141+0600][21.065s][info][gc,ref      ] GC(51) Phantom: 597 encountered, 248 discovered, 0 enqueued
[2026-04-03T01:55:06.141+0600][21.065s][info][gc,reloc    ] GC(51) Small Pages: 182 / 364M, Empty: 218M, Relocated: 5M, In-Place: 0
[2026-04-03T01:55:06.141+0600][21.065s][info][gc,reloc    ] GC(51) Medium Pages: 1 / 8M, Empty: 0M, Relocated: 0M, In-Place: 0
[2026-04-03T01:55:06.141+0600][21.065s][info][gc,reloc    ] GC(51) Large Pages: 4 / 16M, Empty: 4M, Relocated: 0M, In-Place: 0
[2026-04-03T01:55:06.141+0600][21.065s][info][gc,reloc    ] GC(51) Forwarding Usage: 2M
[2026-04-03T01:55:06.141+0600][21.065s][info][gc,heap     ] GC(51) Min Capacity: 8M(2%)
[2026-04-03T01:55:06.141+0600][21.065s][info][gc,heap     ] GC(51) Max Capacity: 500M(100%)
[2026-04-03T01:55:06.141+0600][21.065s][info][gc,heap     ] GC(51) Soft Max Capacity: 500M(100%)
[2026-04-03T01:55:06.141+0600][21.065s][info][gc,heap     ] GC(51)                Mark Start          Mark End        Relocate Start      Relocate End           High               Low         
[2026-04-03T01:55:06.141+0600][21.065s][info][gc,heap     ] GC(51)  Capacity:      500M (100%)        500M (100%)        500M (100%)        500M (100%)        500M (100%)        500M (100%)   
[2026-04-03T01:55:06.141+0600][21.065s][info][gc,heap     ] GC(51)      Free:      112M (22%)           0M (0%)          214M (43%)         238M (48%)         240M (48%)           0M (0%)     
[2026-04-03T01:55:06.141+0600][21.065s][info][gc,heap     ] GC(51)      Used:      388M (78%)         500M (100%)        286M (57%)         262M (52%)         500M (100%)        260M (52%)    
[2026-04-03T01:55:06.141+0600][21.065s][info][gc,heap     ] GC(51)      Live:         -               122M (24%)         122M (24%)         122M (24%)            -                  -          
[2026-04-03T01:55:06.141+0600][21.065s][info][gc,heap     ] GC(51) Allocated:         -               112M (22%)         120M (24%)         125M (25%)            -                  -          
[2026-04-03T01:55:06.141+0600][21.065s][info][gc,heap     ] GC(51)   Garbage:         -               265M (53%)          43M (9%)           13M (3%)             -                  -          
[2026-04-03T01:55:06.141+0600][21.065s][info][gc,heap     ] GC(51) Reclaimed:         -                  -               222M (44%)         251M (50%)            -                  -          
[2026-04-03T01:55:06.141+0600][21.065s][info][gc          ] GC(51) Garbage Collection (Allocation Stall) 388M(78%)->262M(52%)
[2026-04-03T01:55:06.209+0600][21.132s][info][gc,start    ] GC(52) Garbage Collection (Allocation Stall)
[2026-04-03T01:55:06.209+0600][21.132s][info][gc,ref      ] GC(52) Clearing All SoftReferences
[2026-04-03T01:55:06.209+0600][21.132s][info][gc,task     ] GC(52) Using 3 workers
[2026-04-03T01:55:06.209+0600][21.132s][info][gc,ref      ] GC(52) Clearing All SoftReferences
[2026-04-03T01:55:06.209+0600][21.132s][info][gc,phases   ] GC(52) Pause Mark Start 0.038ms
[2026-04-03T01:55:06.296+0600][21.219s][info][gc,phases   ] GC(52) Concurrent Mark 87.116ms
[2026-04-03T01:55:06.296+0600][21.220s][info][gc,phases   ] GC(52) Pause Mark End 0.023ms
[2026-04-03T01:55:06.297+0600][21.220s][info][gc,phases   ] GC(52) Concurrent Mark Free 0.003ms
[2026-04-03T01:55:06.301+0600][21.225s][info][gc,phases   ] GC(52) Concurrent Process Non-Strong References 4.552ms
[2026-04-03T01:55:06.301+0600][21.225s][info][gc,phases   ] GC(52) Concurrent Reset Relocation Set 0.004ms
[2026-04-03T01:55:06.301+0600][21.225s][info][gc          ] Allocation Stall (Executor task launch worker for task 0.0 in stage 4.0 (TID 6)) 65.521ms
[2026-04-03T01:55:06.301+0600][21.225s][info][gc          ] Allocation Stall (Executor task launch worker for task 1.0 in stage 4.0 (TID 7)) 65.331ms
[2026-04-03T01:55:06.304+0600][21.227s][info][gc,phases   ] GC(52) Concurrent Select Relocation Set 2.622ms
[2026-04-03T01:55:06.304+0600][21.228s][info][gc,phases   ] GC(52) Pause Relocate Start 0.012ms
[2026-04-03T01:55:06.306+0600][21.230s][info][gc,phases   ] GC(52) Concurrent Relocate 1.799ms
[2026-04-03T01:55:06.306+0600][21.230s][info][gc,load     ] GC(52) Load: 6.49/7.54/7.40
[2026-04-03T01:55:06.306+0600][21.230s][info][gc,mmu      ] GC(52) MMU: 2ms/90.6%, 5ms/96.2%, 10ms/98.0%, 20ms/99.0%, 50ms/99.6%, 100ms/99.6%
[2026-04-03T01:55:06.306+0600][21.230s][info][gc,marking  ] GC(52) Mark: 2 stripe(s), 4 proactive flush(es), 1 terminate flush(es), 0 completion(s), 0 continuation(s) 
[2026-04-03T01:55:06.306+0600][21.230s][info][gc,marking  ] GC(52) Mark Stack Usage: 32M
[2026-04-03T01:55:06.306+0600][21.230s][info][gc,nmethod  ] GC(52) NMethods: 4990 registered, 95 unregistered
[2026-04-03T01:55:06.306+0600][21.230s][info][gc,metaspace] GC(52) Metaspace: 64M used, 65M committed, 1088M reserved
[2026-04-03T01:55:06.306+0600][21.230s][info][gc,ref      ] GC(52) Soft: 2709 encountered, 788 discovered, 0 enqueued
[2026-04-03T01:55:06.306+0600][21.230s][info][gc,ref      ] GC(52) Weak: 5596 encountered, 584 discovered, 0 enqueued
[2026-04-03T01:55:06.306+0600][21.230s][info][gc,ref      ] GC(52) Final: 74 encountered, 1 discovered, 0 enqueued
[2026-04-03T01:55:06.306+0600][21.230s][info][gc,ref      ] GC(52) Phantom: 597 encountered, 236 discovered, 0 enqueued
[2026-04-03T01:55:06.306+0600][21.230s][info][gc,reloc    ] GC(52) Small Pages: 214 / 428M, Empty: 296M, Relocated: 1M, In-Place: 0
[2026-04-03T01:55:06.306+0600][21.230s][info][gc,reloc    ] GC(52) Medium Pages: 1 / 8M, Empty: 0M, Relocated: 0M, In-Place: 0
[2026-04-03T01:55:06.306+0600][21.230s][info][gc,reloc    ] GC(52) Large Pages: 3 / 12M, Empty: 0M, Relocated: 0M, In-Place: 0
[2026-04-03T01:55:06.306+0600][21.230s][info][gc,reloc    ] GC(52) Forwarding Usage: 0M
[2026-04-03T01:55:06.306+0600][21.230s][info][gc,heap     ] GC(52) Min Capacity: 8M(2%)
[2026-04-03T01:55:06.306+0600][21.230s][info][gc,heap     ] GC(52) Max Capacity: 500M(100%)
[2026-04-03T01:55:06.306+0600][21.230s][info][gc,heap     ] GC(52) Soft Max Capacity: 500M(100%)
[2026-04-03T01:55:06.306+0600][21.230s][info][gc,heap     ] GC(52)                Mark Start          Mark End        Relocate Start      Relocate End           High               Low         
[2026-04-03T01:55:06.306+0600][21.230s][info][gc,heap     ] GC(52)  Capacity:      500M (100%)        500M (100%)        500M (100%)        500M (100%)        500M (100%)        500M (100%)   
[2026-04-03T01:55:06.306+0600][21.230s][info][gc,heap     ] GC(52)      Free:       52M (10%)           0M (0%)          290M (58%)         302M (60%)         304M (61%)           0M (0%)     
[2026-04-03T01:55:06.306+0600][21.230s][info][gc,heap     ] GC(52)      Used:      448M (90%)         500M (100%)        210M (42%)         198M (40%)         500M (100%)        196M (39%)    
[2026-04-03T01:55:06.306+0600][21.230s][info][gc,heap     ] GC(52)      Live:         -               122M (24%)         122M (24%)         122M (24%)            -                  -          
[2026-04-03T01:55:06.306+0600][21.230s][info][gc,heap     ] GC(52) Allocated:         -                52M (10%)          58M (12%)          61M (12%)            -                  -          
[2026-04-03T01:55:06.306+0600][21.230s][info][gc,heap     ] GC(52)   Garbage:         -               325M (65%)          29M (6%)           13M (3%)             -                  -          
[2026-04-03T01:55:06.306+0600][21.230s][info][gc,heap     ] GC(52) Reclaimed:         -                  -               296M (59%)         311M (62%)            -                  -          
[2026-04-03T01:55:06.306+0600][21.230s][info][gc          ] GC(52) Garbage Collection (Allocation Stall) 448M(90%)->198M(40%)
[2026-04-03T01:55:06.308+0600][21.231s][info][gc,start    ] GC(53) Garbage Collection (Allocation Stall)
[2026-04-03T01:55:06.308+0600][21.231s][info][gc,ref      ] GC(53) Clearing All SoftReferences
[2026-04-03T01:55:06.308+0600][21.231s][info][gc,task     ] GC(53) Using 3 workers
[2026-04-03T01:55:06.308+0600][21.231s][info][gc,ref      ] GC(53) Clearing All SoftReferences
[2026-04-03T01:55:06.308+0600][21.231s][info][gc,phases   ] GC(53) Pause Mark Start 0.017ms
[2026-04-03T01:55:06.456+0600][21.380s][info][gc,phases   ] GC(53) Concurrent Mark 148.151ms
[2026-04-03T01:55:06.457+0600][21.380s][info][gc,phases   ] GC(53) Pause Mark End 0.031ms
[2026-04-03T01:55:06.457+0600][21.380s][info][gc,phases   ] GC(53) Concurrent Mark Free 0.001ms
[2026-04-03T01:55:06.470+0600][21.394s][info][gc,phases   ] GC(53) Concurrent Process Non-Strong References 13.710ms
[2026-04-03T01:55:06.471+0600][21.394s][info][gc,phases   ] GC(53) Concurrent Reset Relocation Set 0.005ms
[2026-04-03T01:55:06.476+0600][21.399s][info][gc,phases   ] GC(53) Concurrent Select Relocation Set 5.309ms
[2026-04-03T01:55:06.477+0600][21.400s][info][gc,phases   ] GC(53) Pause Relocate Start 0.021ms
[2026-04-03T01:55:06.481+0600][21.404s][info][gc,phases   ] GC(53) Concurrent Relocate 4.114ms
[2026-04-03T01:55:06.481+0600][21.404s][info][gc,load     ] GC(53) Load: 6.49/7.54/7.40
[2026-04-03T01:55:06.481+0600][21.405s][info][gc,mmu      ] GC(53) MMU: 2ms/90.6%, 5ms/96.2%, 10ms/98.0%, 20ms/99.0%, 50ms/99.6%, 100ms/99.6%
[2026-04-03T01:55:06.481+0600][21.405s][info][gc,marking  ] GC(53) Mark: 2 stripe(s), 2 proactive flush(es), 1 terminate flush(es), 0 completion(s), 0 continuation(s) 
[2026-04-03T01:55:06.481+0600][21.405s][info][gc,marking  ] GC(53) Mark Stack Usage: 32M
[2026-04-03T01:55:06.481+0600][21.405s][info][gc,nmethod  ] GC(53) NMethods: 5017 registered, 95 unregistered
[2026-04-03T01:55:06.481+0600][21.405s][info][gc,metaspace] GC(53) Metaspace: 64M used, 65M committed, 1088M reserved
[2026-04-03T01:55:06.481+0600][21.405s][info][gc,ref      ] GC(53) Soft: 2709 encountered, 817 discovered, 0 enqueued
[2026-04-03T01:55:06.481+0600][21.405s][info][gc,ref      ] GC(53) Weak: 5519 encountered, 1680 discovered, 0 enqueued
[2026-04-03T01:55:06.481+0600][21.405s][info][gc,ref      ] GC(53) Final: 74 encountered, 1 discovered, 0 enqueued
[2026-04-03T01:55:06.481+0600][21.405s][info][gc,ref      ] GC(53) Phantom: 597 encountered, 278 discovered, 0 enqueued
[2026-04-03T01:55:06.481+0600][21.405s][info][gc,reloc    ] GC(53) Small Pages: 90 / 180M, Empty: 56M, Relocated: 1M, In-Place: 0
[2026-04-03T01:55:06.481+0600][21.405s][info][gc,reloc    ] GC(53) Medium Pages: 1 / 8M, Empty: 0M, Relocated: 0M, In-Place: 0
[2026-04-03T01:55:06.481+0600][21.405s][info][gc,reloc    ] GC(53) Large Pages: 3 / 12M, Empty: 0M, Relocated: 0M, In-Place: 0
[2026-04-03T01:55:06.481+0600][21.405s][info][gc,reloc    ] GC(53) Forwarding Usage: 0M
[2026-04-03T01:55:06.481+0600][21.405s][info][gc,heap     ] GC(53) Min Capacity: 8M(2%)
[2026-04-03T01:55:06.481+0600][21.405s][info][gc,heap     ] GC(53) Max Capacity: 500M(100%)
[2026-04-03T01:55:06.481+0600][21.405s][info][gc,heap     ] GC(53) Soft Max Capacity: 500M(100%)
[2026-04-03T01:55:06.481+0600][21.405s][info][gc,heap     ] GC(53)                Mark Start          Mark End        Relocate Start      Relocate End           High               Low         
[2026-04-03T01:55:06.481+0600][21.405s][info][gc,heap     ] GC(53)  Capacity:      500M (100%)        500M (100%)        500M (100%)        500M (100%)        500M (100%)        500M (100%)   
[2026-04-03T01:55:06.481+0600][21.405s][info][gc,heap     ] GC(53)      Free:      300M (60%)          74M (15%)         118M (24%)         126M (25%)         300M (60%)          62M (12%)    
[2026-04-03T01:55:06.481+0600][21.405s][info][gc,heap     ] GC(53)      Used:      200M (40%)         426M (85%)         382M (76%)         374M (75%)         438M (88%)         200M (40%)    
[2026-04-03T01:55:06.481+0600][21.405s][info][gc,heap     ] GC(53)      Live:         -               122M (24%)         122M (24%)         122M (24%)            -                  -          
[2026-04-03T01:55:06.481+0600][21.405s][info][gc,heap     ] GC(53) Allocated:         -               226M (45%)         238M (48%)         239M (48%)            -                  -          
[2026-04-03T01:55:06.481+0600][21.405s][info][gc,heap     ] GC(53)   Garbage:         -                77M (16%)          21M (4%)           11M (2%)             -                  -          
[2026-04-03T01:55:06.481+0600][21.405s][info][gc,heap     ] GC(53) Reclaimed:         -                  -                56M (11%)          65M (13%)            -                  -          
[2026-04-03T01:55:06.481+0600][21.405s][info][gc          ] GC(53) Garbage Collection (Allocation Stall) 200M(40%)->374M(75%)
[2026-04-03T01:55:06.508+0600][21.431s][info][gc,start    ] GC(54) Garbage Collection (Allocation Rate)
[2026-04-03T01:55:06.508+0600][21.432s][info][gc,task     ] GC(54) Using 3 workers
[2026-04-03T01:55:06.508+0600][21.432s][info][gc,phases   ] GC(54) Pause Mark Start 0.016ms
[2026-04-03T01:55:06.651+0600][21.575s][info][gc,phases   ] GC(54) Concurrent Mark 142.828ms
[2026-04-03T01:55:06.652+0600][21.575s][info][gc,phases   ] GC(54) Pause Mark End 0.039ms
[2026-04-03T01:55:06.652+0600][21.575s][info][gc,phases   ] GC(54) Concurrent Mark Free 0.003ms
[2026-04-03T01:55:06.663+0600][21.586s][info][gc,phases   ] GC(54) Concurrent Process Non-Strong References 10.779ms
[2026-04-03T01:55:06.663+0600][21.586s][info][gc,phases   ] GC(54) Concurrent Reset Relocation Set 0.003ms
[2026-04-03T01:55:06.668+0600][21.592s][info][gc,phases   ] GC(54) Concurrent Select Relocation Set 5.726ms
[2026-04-03T01:55:06.669+0600][21.592s][info][gc,phases   ] GC(54) Pause Relocate Start 0.020ms
[2026-04-03T01:55:06.673+0600][21.596s][info][gc,phases   ] GC(54) Concurrent Relocate 4.341ms
[2026-04-03T01:55:06.673+0600][21.597s][info][gc,load     ] GC(54) Load: 6.49/7.54/7.40
[2026-04-03T01:55:06.673+0600][21.597s][info][gc,mmu      ] GC(54) MMU: 2ms/90.6%, 5ms/96.2%, 10ms/98.0%, 20ms/99.0%, 50ms/99.6%, 100ms/99.6%
[2026-04-03T01:55:06.673+0600][21.597s][info][gc,marking  ] GC(54) Mark: 2 stripe(s), 2 proactive flush(es), 1 terminate flush(es), 0 completion(s), 0 continuation(s) 
[2026-04-03T01:55:06.673+0600][21.597s][info][gc,marking  ] GC(54) Mark Stack Usage: 32M
[2026-04-03T01:55:06.673+0600][21.597s][info][gc,nmethod  ] GC(54) NMethods: 5019 registered, 99 unregistered
[2026-04-03T01:55:06.673+0600][21.597s][info][gc,metaspace] GC(54) Metaspace: 64M used, 65M committed, 1088M reserved
[2026-04-03T01:55:06.673+0600][21.597s][info][gc,ref      ] GC(54) Soft: 2795 encountered, 0 discovered, 0 enqueued
[2026-04-03T01:55:06.673+0600][21.597s][info][gc,ref      ] GC(54) Weak: 5364 encountered, 999 discovered, 27 enqueued
[2026-04-03T01:55:06.673+0600][21.597s][info][gc,ref      ] GC(54) Final: 74 encountered, 0 discovered, 0 enqueued
[2026-04-03T01:55:06.673+0600][21.597s][info][gc,ref      ] GC(54) Phantom: 597 encountered, 545 discovered, 0 enqueued
[2026-04-03T01:55:06.673+0600][21.597s][info][gc,reloc    ] GC(54) Small Pages: 183 / 366M, Empty: 218M, Relocated: 3M, In-Place: 0
[2026-04-03T01:55:06.673+0600][21.597s][info][gc,reloc    ] GC(54) Medium Pages: 1 / 8M, Empty: 0M, Relocated: 0M, In-Place: 0
[2026-04-03T01:55:06.673+0600][21.597s][info][gc,reloc    ] GC(54) Large Pages: 4 / 14M, Empty: 2M, Relocated: 0M, In-Place: 0
[2026-04-03T01:55:06.673+0600][21.597s][info][gc,reloc    ] GC(54) Forwarding Usage: 1M
[2026-04-03T01:55:06.673+0600][21.597s][info][gc,heap     ] GC(54) Min Capacity: 8M(2%)
[2026-04-03T01:55:06.673+0600][21.597s][info][gc,heap     ] GC(54) Max Capacity: 500M(100%)
[2026-04-03T01:55:06.673+0600][21.597s][info][gc,heap     ] GC(54) Soft Max Capacity: 500M(100%)
[2026-04-03T01:55:06.673+0600][21.597s][info][gc,heap     ] GC(54)                Mark Start          Mark End        Relocate Start      Relocate End           High               Low         
[2026-04-03T01:55:06.673+0600][21.597s][info][gc,heap     ] GC(54)  Capacity:      500M (100%)        500M (100%)        500M (100%)        500M (100%)        500M (100%)        500M (100%)   
[2026-04-03T01:55:06.673+0600][21.597s][info][gc,heap     ] GC(54)      Free:      112M (22%)          20M (4%)          230M (46%)         260M (52%)         260M (52%)          14M (3%)     
[2026-04-03T01:55:06.673+0600][21.597s][info][gc,heap     ] GC(54)      Used:      388M (78%)         480M (96%)         270M (54%)         240M (48%)         486M (97%)         240M (48%)    
[2026-04-03T01:55:06.673+0600][21.597s][info][gc,heap     ] GC(54)      Live:         -               122M (24%)         122M (24%)         122M (24%)            -                  -          
[2026-04-03T01:55:06.674+0600][21.597s][info][gc,heap     ] GC(54) Allocated:         -                92M (18%)         102M (20%)         103M (21%)            -                  -          
[2026-04-03T01:55:06.674+0600][21.597s][info][gc,heap     ] GC(54)   Garbage:         -               265M (53%)          45M (9%)           13M (3%)             -                  -          
[2026-04-03T01:55:06.674+0600][21.597s][info][gc,heap     ] GC(54) Reclaimed:         -                  -               220M (44%)         251M (50%)            -                  -          
[2026-04-03T01:55:06.674+0600][21.597s][info][gc          ] GC(54) Garbage Collection (Allocation Rate) 388M(78%)->240M(48%)
[2026-04-03T01:55:06.708+0600][21.632s][info][gc,start    ] GC(55) Garbage Collection (Allocation Rate)
[2026-04-03T01:55:06.708+0600][21.632s][info][gc,task     ] GC(55) Using 3 workers
[2026-04-03T01:55:06.709+0600][21.632s][info][gc,phases   ] GC(55) Pause Mark Start 0.008ms
[2026-04-03T01:55:06.788+0600][21.712s][info][gc,phases   ] GC(55) Concurrent Mark 79.691ms
[2026-04-03T01:55:06.789+0600][21.712s][info][gc,phases   ] GC(55) Pause Mark End 0.028ms
[2026-04-03T01:55:06.789+0600][21.712s][info][gc,phases   ] GC(55) Concurrent Mark Free 0.001ms
[2026-04-03T01:55:06.794+0600][21.718s][info][gc,phases   ] GC(55) Concurrent Process Non-Strong References 5.410ms
[2026-04-03T01:55:06.794+0600][21.718s][info][gc,phases   ] GC(55) Concurrent Reset Relocation Set 0.005ms
[2026-04-03T01:55:06.798+0600][21.721s][info][gc,phases   ] GC(55) Concurrent Select Relocation Set 3.402ms
[2026-04-03T01:55:06.798+0600][21.721s][info][gc,phases   ] GC(55) Pause Relocate Start 0.011ms
[2026-04-03T01:55:06.800+0600][21.723s][info][gc,phases   ] GC(55) Concurrent Relocate 2.174ms
[2026-04-03T01:55:06.800+0600][21.724s][info][gc,load     ] GC(55) Load: 6.49/7.54/7.40
[2026-04-03T01:55:06.800+0600][21.724s][info][gc,mmu      ] GC(55) MMU: 2ms/90.6%, 5ms/96.2%, 10ms/98.0%, 20ms/99.0%, 50ms/99.6%, 100ms/99.6%
[2026-04-03T01:55:06.800+0600][21.724s][info][gc,marking  ] GC(55) Mark: 2 stripe(s), 2 proactive flush(es), 1 terminate flush(es), 0 completion(s), 0 continuation(s) 
[2026-04-03T01:55:06.800+0600][21.724s][info][gc,marking  ] GC(55) Mark Stack Usage: 32M
[2026-04-03T01:55:06.800+0600][21.724s][info][gc,nmethod  ] GC(55) NMethods: 5019 registered, 99 unregistered
[2026-04-03T01:55:06.800+0600][21.724s][info][gc,metaspace] GC(55) Metaspace: 64M used, 65M committed, 1088M reserved
[2026-04-03T01:55:06.800+0600][21.724s][info][gc,ref      ] GC(55) Soft: 2795 encountered, 0 discovered, 0 enqueued
[2026-04-03T01:55:06.800+0600][21.724s][info][gc,ref      ] GC(55) Weak: 5337 encountered, 550 discovered, 0 enqueued
[2026-04-03T01:55:06.800+0600][21.724s][info][gc,ref      ] GC(55) Final: 74 encountered, 1 discovered, 0 enqueued
[2026-04-03T01:55:06.800+0600][21.724s][info][gc,ref      ] GC(55) Phantom: 597 encountered, 587 discovered, 0 enqueued
[2026-04-03T01:55:06.800+0600][21.724s][info][gc,reloc    ] GC(55) Small Pages: 137 / 274M, Empty: 148M, Relocated: 1M, In-Place: 0
[2026-04-03T01:55:06.800+0600][21.724s][info][gc,reloc    ] GC(55) Medium Pages: 1 / 8M, Empty: 0M, Relocated: 0M, In-Place: 0
[2026-04-03T01:55:06.800+0600][21.724s][info][gc,reloc    ] GC(55) Large Pages: 3 / 12M, Empty: 0M, Relocated: 0M, In-Place: 0
[2026-04-03T01:55:06.800+0600][21.724s][info][gc,reloc    ] GC(55) Forwarding Usage: 0M
[2026-04-03T01:55:06.800+0600][21.724s][info][gc,heap     ] GC(55) Min Capacity: 8M(2%)
[2026-04-03T01:55:06.800+0600][21.724s][info][gc,heap     ] GC(55) Max Capacity: 500M(100%)
[2026-04-03T01:55:06.800+0600][21.724s][info][gc,heap     ] GC(55) Soft Max Capacity: 500M(100%)
[2026-04-03T01:55:06.800+0600][21.724s][info][gc,heap     ] GC(55)                Mark Start          Mark End        Relocate Start      Relocate End           High               Low         
[2026-04-03T01:55:06.800+0600][21.724s][info][gc,heap     ] GC(55)  Capacity:      500M (100%)        500M (100%)        500M (100%)        500M (100%)        500M (100%)        500M (100%)   
[2026-04-03T01:55:06.800+0600][21.724s][info][gc,heap     ] GC(55)      Free:      206M (41%)          98M (20%)         234M (47%)         242M (48%)         242M (48%)          92M (18%)    
[2026-04-03T01:55:06.800+0600][21.724s][info][gc,heap     ] GC(55)      Used:      294M (59%)         402M (80%)         266M (53%)         258M (52%)         408M (82%)         258M (52%)    
[2026-04-03T01:55:06.800+0600][21.724s][info][gc,heap     ] GC(55)      Live:         -               122M (24%)         122M (24%)         122M (24%)            -                  -          
[2026-04-03T01:55:06.800+0600][21.724s][info][gc,heap     ] GC(55) Allocated:         -               108M (22%)         120M (24%)         121M (24%)            -                  -          
[2026-04-03T01:55:06.800+0600][21.724s][info][gc,heap     ] GC(55)   Garbage:         -               171M (34%)          23M (5%)           13M (3%)             -                  -          
[2026-04-03T01:55:06.800+0600][21.724s][info][gc,heap     ] GC(55) Reclaimed:         -                  -               148M (30%)         157M (32%)            -                  -          
[2026-04-03T01:55:06.800+0600][21.724s][info][gc          ] GC(55) Garbage Collection (Allocation Rate) 294M(59%)->258M(52%)
[2026-04-03T01:55:06.808+0600][21.732s][info][gc,start    ] GC(56) Garbage Collection (Allocation Rate)
[2026-04-03T01:55:06.809+0600][21.732s][info][gc,task     ] GC(56) Using 3 workers
[2026-04-03T01:55:06.809+0600][21.732s][info][gc,phases   ] GC(56) Pause Mark Start 0.008ms
[2026-04-03T01:55:06.876+0600][21.799s][info][gc,phases   ] GC(56) Concurrent Mark 67.192ms
[2026-04-03T01:55:06.876+0600][21.799s][info][gc,phases   ] GC(56) Pause Mark End 0.027ms
[2026-04-03T01:55:06.876+0600][21.800s][info][gc,phases   ] GC(56) Concurrent Mark Free 0.001ms
[2026-04-03T01:55:06.881+0600][21.804s][info][gc,phases   ] GC(56) Concurrent Process Non-Strong References 4.873ms
[2026-04-03T01:55:06.881+0600][21.805s][info][gc,phases   ] GC(56) Concurrent Reset Relocation Set 0.003ms
[2026-04-03T01:55:06.884+0600][21.808s][info][gc,phases   ] GC(56) Concurrent Select Relocation Set 3.040ms
[2026-04-03T01:55:06.884+0600][21.808s][info][gc,phases   ] GC(56) Pause Relocate Start 0.013ms
[2026-04-03T01:55:06.885+0600][21.808s][info][gc,phases   ] GC(56) Concurrent Relocate 0.215ms
[2026-04-03T01:55:06.885+0600][21.808s][info][gc,load     ] GC(56) Load: 6.49/7.54/7.40
[2026-04-03T01:55:06.885+0600][21.808s][info][gc,mmu      ] GC(56) MMU: 2ms/90.6%, 5ms/96.2%, 10ms/98.0%, 20ms/99.0%, 50ms/99.6%, 100ms/99.6%
[2026-04-03T01:55:06.885+0600][21.808s][info][gc,marking  ] GC(56) Mark: 2 stripe(s), 2 proactive flush(es), 1 terminate flush(es), 0 completion(s), 0 continuation(s) 
[2026-04-03T01:55:06.885+0600][21.808s][info][gc,marking  ] GC(56) Mark Stack Usage: 32M
[2026-04-03T01:55:06.885+0600][21.808s][info][gc,nmethod  ] GC(56) NMethods: 5020 registered, 99 unregistered
[2026-04-03T01:55:06.885+0600][21.808s][info][gc,metaspace] GC(56) Metaspace: 64M used, 65M committed, 1088M reserved
[2026-04-03T01:55:06.885+0600][21.808s][info][gc,ref      ] GC(56) Soft: 2795 encountered, 0 discovered, 0 enqueued
[2026-04-03T01:55:06.885+0600][21.808s][info][gc,ref      ] GC(56) Weak: 5337 encountered, 198 discovered, 0 enqueued
[2026-04-03T01:55:06.885+0600][21.808s][info][gc,ref      ] GC(56) Final: 74 encountered, 0 discovered, 0 enqueued
[2026-04-03T01:55:06.885+0600][21.808s][info][gc,ref      ] GC(56) Phantom: 597 encountered, 232 discovered, 0 enqueued
[2026-04-03T01:55:06.885+0600][21.808s][info][gc,reloc    ] GC(56) Small Pages: 126 / 252M, Empty: 126M, Relocated: 0M, In-Place: 0
[2026-04-03T01:55:06.885+0600][21.808s][info][gc,reloc    ] GC(56) Medium Pages: 1 / 8M, Empty: 0M, Relocated: 0M, In-Place: 0
[2026-04-03T01:55:06.885+0600][21.808s][info][gc,reloc    ] GC(56) Large Pages: 3 / 12M, Empty: 0M, Relocated: 0M, In-Place: 0
[2026-04-03T01:55:06.885+0600][21.808s][info][gc,reloc    ] GC(56) Forwarding Usage: 0M
[2026-04-03T01:55:06.885+0600][21.808s][info][gc,heap     ] GC(56) Min Capacity: 8M(2%)
[2026-04-03T01:55:06.885+0600][21.808s][info][gc,heap     ] GC(56) Max Capacity: 500M(100%)
[2026-04-03T01:55:06.885+0600][21.808s][info][gc,heap     ] GC(56) Soft Max Capacity: 500M(100%)
[2026-04-03T01:55:06.885+0600][21.808s][info][gc,heap     ] GC(56)                Mark Start          Mark End        Relocate Start      Relocate End           High               Low         
[2026-04-03T01:55:06.885+0600][21.808s][info][gc,heap     ] GC(56)  Capacity:      500M (100%)        500M (100%)        500M (100%)        500M (100%)        500M (100%)        500M (100%)   
[2026-04-03T01:55:06.885+0600][21.808s][info][gc,heap     ] GC(56)      Free:      228M (46%)         130M (26%)         244M (49%)         254M (51%)         254M (51%)         118M (24%)    
[2026-04-03T01:55:06.885+0600][21.808s][info][gc,heap     ] GC(56)      Used:      272M (54%)         370M (74%)         256M (51%)         246M (49%)         382M (76%)         246M (49%)    
[2026-04-03T01:55:06.885+0600][21.808s][info][gc,heap     ] GC(56)      Live:         -               122M (24%)         122M (24%)         122M (24%)            -                  -          
[2026-04-03T01:55:06.885+0600][21.808s][info][gc,heap     ] GC(56) Allocated:         -                98M (20%)         110M (22%)         110M (22%)            -                  -          
[2026-04-03T01:55:06.885+0600][21.808s][info][gc,heap     ] GC(56)   Garbage:         -               149M (30%)          23M (5%)           13M (3%)             -                  -          
[2026-04-03T01:55:06.885+0600][21.808s][info][gc,heap     ] GC(56) Reclaimed:         -                  -               126M (25%)         136M (27%)            -                  -          
[2026-04-03T01:55:06.885+0600][21.808s][info][gc          ] GC(56) Garbage Collection (Allocation Rate) 272M(54%)->246M(49%)
[2026-04-03T01:55:06.909+0600][21.832s][info][gc,start    ] GC(57) Garbage Collection (Allocation Rate)
[2026-04-03T01:55:06.909+0600][21.832s][info][gc,task     ] GC(57) Using 3 workers
[2026-04-03T01:55:06.909+0600][21.832s][info][gc,phases   ] GC(57) Pause Mark Start 0.008ms
[2026-04-03T01:55:06.971+0600][21.894s][info][gc,phases   ] GC(57) Concurrent Mark 61.913ms
[2026-04-03T01:55:06.971+0600][21.895s][info][gc,phases   ] GC(57) Pause Mark End 0.023ms
[2026-04-03T01:55:06.971+0600][21.895s][info][gc,phases   ] GC(57) Concurrent Mark Free 0.002ms
[2026-04-03T01:55:06.976+0600][21.899s][info][gc,phases   ] GC(57) Concurrent Process Non-Strong References 4.350ms
[2026-04-03T01:55:06.976+0600][21.899s][info][gc,phases   ] GC(57) Concurrent Reset Relocation Set 0.002ms
[2026-04-03T01:55:06.978+0600][21.901s][info][gc,phases   ] GC(57) Concurrent Select Relocation Set 2.095ms
[2026-04-03T01:55:06.978+0600][21.901s][info][gc,phases   ] GC(57) Pause Relocate Start 0.011ms
[2026-04-03T01:55:06.978+0600][21.902s][info][gc,phases   ] GC(57) Concurrent Relocate 0.210ms
[2026-04-03T01:55:06.978+0600][21.902s][info][gc,load     ] GC(57) Load: 6.49/7.54/7.40
[2026-04-03T01:55:06.978+0600][21.902s][info][gc,mmu      ] GC(57) MMU: 2ms/90.6%, 5ms/96.2%, 10ms/98.0%, 20ms/99.0%, 50ms/99.6%, 100ms/99.6%
[2026-04-03T01:55:06.978+0600][21.902s][info][gc,marking  ] GC(57) Mark: 2 stripe(s), 3 proactive flush(es), 1 terminate flush(es), 0 completion(s), 0 continuation(s) 
[2026-04-03T01:55:06.978+0600][21.902s][info][gc,marking  ] GC(57) Mark Stack Usage: 32M
[2026-04-03T01:55:06.978+0600][21.902s][info][gc,nmethod  ] GC(57) NMethods: 5019 registered, 100 unregistered
[2026-04-03T01:55:06.978+0600][21.902s][info][gc,metaspace] GC(57) Metaspace: 64M used, 65M committed, 1088M reserved
[2026-04-03T01:55:06.978+0600][21.902s][info][gc,ref      ] GC(57) Soft: 2795 encountered, 0 discovered, 0 enqueued
[2026-04-03T01:55:06.978+0600][21.902s][info][gc,ref      ] GC(57) Weak: 5337 encountered, 384 discovered, 0 enqueued
[2026-04-03T01:55:06.978+0600][21.902s][info][gc,ref      ] GC(57) Final: 74 encountered, 0 discovered, 0 enqueued
[2026-04-03T01:55:06.978+0600][21.902s][info][gc,ref      ] GC(57) Phantom: 597 encountered, 581 discovered, 0 enqueued
[2026-04-03T01:55:06.978+0600][21.902s][info][gc,reloc    ] GC(57) Small Pages: 132 / 264M, Empty: 138M, Relocated: 0M, In-Place: 0
[2026-04-03T01:55:06.978+0600][21.902s][info][gc,reloc    ] GC(57) Medium Pages: 1 / 8M, Empty: 0M, Relocated: 0M, In-Place: 0
[2026-04-03T01:55:06.978+0600][21.902s][info][gc,reloc    ] GC(57) Large Pages: 3 / 12M, Empty: 0M, Relocated: 0M, In-Place: 0
[2026-04-03T01:55:06.978+0600][21.902s][info][gc,reloc    ] GC(57) Forwarding Usage: 0M
[2026-04-03T01:55:06.978+0600][21.902s][info][gc,heap     ] GC(57) Min Capacity: 8M(2%)
[2026-04-03T01:55:06.978+0600][21.902s][info][gc,heap     ] GC(57) Max Capacity: 500M(100%)
[2026-04-03T01:55:06.978+0600][21.902s][info][gc,heap     ] GC(57) Soft Max Capacity: 500M(100%)
[2026-04-03T01:55:06.978+0600][21.902s][info][gc,heap     ] GC(57)                Mark Start          Mark End        Relocate Start      Relocate End           High               Low         
[2026-04-03T01:55:06.978+0600][21.902s][info][gc,heap     ] GC(57)  Capacity:      500M (100%)        500M (100%)        500M (100%)        500M (100%)        500M (100%)        500M (100%)   
[2026-04-03T01:55:06.978+0600][21.902s][info][gc,heap     ] GC(57)      Free:      216M (43%)         120M (24%)         250M (50%)         258M (52%)         258M (52%)         114M (23%)    
[2026-04-03T01:55:06.978+0600][21.902s][info][gc,heap     ] GC(57)      Used:      284M (57%)         380M (76%)         250M (50%)         242M (48%)         386M (77%)         242M (48%)    
[2026-04-03T01:55:06.978+0600][21.902s][info][gc,heap     ] GC(57)      Live:         -               122M (24%)         122M (24%)         122M (24%)            -                  -          
[2026-04-03T01:55:06.979+0600][21.902s][info][gc,heap     ] GC(57) Allocated:         -                96M (19%)         104M (21%)         105M (21%)            -                  -          
[2026-04-03T01:55:06.979+0600][21.902s][info][gc,heap     ] GC(57)   Garbage:         -               161M (32%)          23M (5%)           13M (3%)             -                  -          
[2026-04-03T01:55:06.979+0600][21.902s][info][gc,heap     ] GC(57) Reclaimed:         -                  -               138M (28%)         147M (30%)            -                  -          
[2026-04-03T01:55:06.979+0600][21.902s][info][gc          ] GC(57) Garbage Collection (Allocation Rate) 284M(57%)->242M(48%)
[2026-04-03T01:55:07.009+0600][21.932s][info][gc,start    ] GC(58) Garbage Collection (Allocation Rate)
[2026-04-03T01:55:07.009+0600][21.932s][info][gc,task     ] GC(58) Using 3 workers
[2026-04-03T01:55:07.009+0600][21.932s][info][gc,phases   ] GC(58) Pause Mark Start 0.009ms
[2026-04-03T01:55:07.070+0600][21.994s][info][gc,phases   ] GC(58) Concurrent Mark 61.288ms
[2026-04-03T01:55:07.071+0600][21.994s][info][gc,phases   ] GC(58) Pause Mark End 0.026ms
[2026-04-03T01:55:07.071+0600][21.994s][info][gc,phases   ] GC(58) Concurrent Mark Free 0.003ms
[2026-04-03T01:55:07.077+0600][22.000s][info][gc,phases   ] GC(58) Concurrent Process Non-Strong References 5.751ms
[2026-04-03T01:55:07.077+0600][22.000s][info][gc,phases   ] GC(58) Concurrent Reset Relocation Set 0.002ms
[2026-04-03T01:55:07.079+0600][22.003s][info][gc,phases   ] GC(58) Concurrent Select Relocation Set 2.492ms
[2026-04-03T01:55:07.080+0600][22.003s][info][gc,phases   ] GC(58) Pause Relocate Start 0.012ms
[2026-04-03T01:55:07.080+0600][22.003s][info][gc,phases   ] GC(58) Concurrent Relocate 0.284ms
[2026-04-03T01:55:07.080+0600][22.003s][info][gc,load     ] GC(58) Load: 6.49/7.54/7.40
[2026-04-03T01:55:07.080+0600][22.003s][info][gc,mmu      ] GC(58) MMU: 2ms/90.6%, 5ms/96.2%, 10ms/98.0%, 20ms/99.0%, 50ms/99.6%, 100ms/99.6%
[2026-04-03T01:55:07.080+0600][22.003s][info][gc,marking  ] GC(58) Mark: 2 stripe(s), 2 proactive flush(es), 1 terminate flush(es), 0 completion(s), 0 continuation(s) 
[2026-04-03T01:55:07.080+0600][22.003s][info][gc,marking  ] GC(58) Mark Stack Usage: 32M
[2026-04-03T01:55:07.080+0600][22.003s][info][gc,nmethod  ] GC(58) NMethods: 5019 registered, 100 unregistered
[2026-04-03T01:55:07.080+0600][22.003s][info][gc,metaspace] GC(58) Metaspace: 64M used, 65M committed, 1088M reserved
[2026-04-03T01:55:07.080+0600][22.003s][info][gc,ref      ] GC(58) Soft: 2795 encountered, 0 discovered, 0 enqueued
[2026-04-03T01:55:07.080+0600][22.003s][info][gc,ref      ] GC(58) Weak: 5337 encountered, 375 discovered, 0 enqueued
[2026-04-03T01:55:07.080+0600][22.003s][info][gc,ref      ] GC(58) Final: 74 encountered, 0 discovered, 0 enqueued
[2026-04-03T01:55:07.080+0600][22.003s][info][gc,ref      ] GC(58) Phantom: 597 encountered, 587 discovered, 0 enqueued
[2026-04-03T01:55:07.080+0600][22.003s][info][gc,reloc    ] GC(58) Small Pages: 138 / 276M, Empty: 152M, Relocated: 0M, In-Place: 0
[2026-04-03T01:55:07.080+0600][22.003s][info][gc,reloc    ] GC(58) Medium Pages: 1 / 8M, Empty: 0M, Relocated: 0M, In-Place: 0
[2026-04-03T01:55:07.080+0600][22.003s][info][gc,reloc    ] GC(58) Large Pages: 3 / 12M, Empty: 0M, Relocated: 0M, In-Place: 0
[2026-04-03T01:55:07.080+0600][22.003s][info][gc,reloc    ] GC(58) Forwarding Usage: 0M
[2026-04-03T01:55:07.080+0600][22.003s][info][gc,heap     ] GC(58) Min Capacity: 8M(2%)
[2026-04-03T01:55:07.080+0600][22.003s][info][gc,heap     ] GC(58) Max Capacity: 500M(100%)
[2026-04-03T01:55:07.080+0600][22.003s][info][gc,heap     ] GC(58) Soft Max Capacity: 500M(100%)
[2026-04-03T01:55:07.080+0600][22.003s][info][gc,heap     ] GC(58)                Mark Start          Mark End        Relocate Start      Relocate End           High               Low         
[2026-04-03T01:55:07.080+0600][22.003s][info][gc,heap     ] GC(58)  Capacity:      500M (100%)        500M (100%)        500M (100%)        500M (100%)        500M (100%)        500M (100%)   
[2026-04-03T01:55:07.080+0600][22.004s][info][gc,heap     ] GC(58)      Free:      204M (41%)         108M (22%)         250M (50%)         258M (52%)         258M (52%)         102M (20%)    
[2026-04-03T01:55:07.080+0600][22.004s][info][gc,heap     ] GC(58)      Used:      296M (59%)         392M (78%)         250M (50%)         242M (48%)         398M (80%)         242M (48%)    
[2026-04-03T01:55:07.080+0600][22.004s][info][gc,heap     ] GC(58)      Live:         -               122M (24%)         122M (24%)         122M (24%)            -                  -          
[2026-04-03T01:55:07.080+0600][22.004s][info][gc,heap     ] GC(58) Allocated:         -                96M (19%)         106M (21%)         106M (21%)            -                  -          
[2026-04-03T01:55:07.080+0600][22.004s][info][gc,heap     ] GC(58)   Garbage:         -               173M (35%)          21M (4%)           13M (3%)             -                  -          
[2026-04-03T01:55:07.080+0600][22.004s][info][gc,heap     ] GC(58) Reclaimed:         -                  -               152M (30%)         160M (32%)            -                  -          
[2026-04-03T01:55:07.080+0600][22.004s][info][gc          ] GC(58) Garbage Collection (Allocation Rate) 296M(59%)->242M(48%)
[2026-04-03T01:55:07.108+0600][22.031s][info][gc,start    ] GC(59) Garbage Collection (Allocation Rate)
[2026-04-03T01:55:07.108+0600][22.031s][info][gc,task     ] GC(59) Using 3 workers
[2026-04-03T01:55:07.108+0600][22.032s][info][gc,phases   ] GC(59) Pause Mark Start 0.009ms
[2026-04-03T01:55:07.199+0600][22.122s][info][gc,phases   ] GC(59) Concurrent Mark 90.361ms
[2026-04-03T01:55:07.199+0600][22.122s][info][gc,phases   ] GC(59) Pause Mark End 0.050ms
[2026-04-03T01:55:07.199+0600][22.122s][info][gc,phases   ] GC(59) Concurrent Mark Free 0.003ms
[2026-04-03T01:55:07.206+0600][22.129s][info][gc,phases   ] GC(59) Concurrent Process Non-Strong References 6.914ms
[2026-04-03T01:55:07.206+0600][22.129s][info][gc,phases   ] GC(59) Concurrent Reset Relocation Set 0.003ms
[2026-04-03T01:55:07.209+0600][22.133s][info][gc,phases   ] GC(59) Concurrent Select Relocation Set 3.045ms
[2026-04-03T01:55:07.209+0600][22.133s][info][gc,phases   ] GC(59) Pause Relocate Start 0.018ms
[2026-04-03T01:55:07.210+0600][22.133s][info][gc,phases   ] GC(59) Concurrent Relocate 0.329ms
[2026-04-03T01:55:07.210+0600][22.133s][info][gc,load     ] GC(59) Load: 6.49/7.54/7.40
[2026-04-03T01:55:07.210+0600][22.133s][info][gc,mmu      ] GC(59) MMU: 2ms/90.6%, 5ms/96.2%, 10ms/98.0%, 20ms/99.0%, 50ms/99.6%, 100ms/99.6%
[2026-04-03T01:55:07.210+0600][22.133s][info][gc,marking  ] GC(59) Mark: 2 stripe(s), 2 proactive flush(es), 1 terminate flush(es), 0 completion(s), 0 continuation(s) 
[2026-04-03T01:55:07.210+0600][22.133s][info][gc,marking  ] GC(59) Mark Stack Usage: 32M
[2026-04-03T01:55:07.210+0600][22.133s][info][gc,nmethod  ] GC(59) NMethods: 5025 registered, 100 unregistered
[2026-04-03T01:55:07.210+0600][22.133s][info][gc,metaspace] GC(59) Metaspace: 64M used, 65M committed, 1088M reserved
[2026-04-03T01:55:07.210+0600][22.133s][info][gc,ref      ] GC(59) Soft: 2795 encountered, 0 discovered, 0 enqueued
[2026-04-03T01:55:07.210+0600][22.133s][info][gc,ref      ] GC(59) Weak: 5337 encountered, 183 discovered, 0 enqueued
[2026-04-03T01:55:07.210+0600][22.133s][info][gc,ref      ] GC(59) Final: 74 encountered, 0 discovered, 0 enqueued
[2026-04-03T01:55:07.210+0600][22.133s][info][gc,ref      ] GC(59) Phantom: 597 encountered, 545 discovered, 0 enqueued
[2026-04-03T01:55:07.210+0600][22.133s][info][gc,reloc    ] GC(59) Small Pages: 131 / 262M, Empty: 140M, Relocated: 0M, In-Place: 0
[2026-04-03T01:55:07.210+0600][22.133s][info][gc,reloc    ] GC(59) Medium Pages: 1 / 8M, Empty: 0M, Relocated: 0M, In-Place: 0
[2026-04-03T01:55:07.210+0600][22.133s][info][gc,reloc    ] GC(59) Large Pages: 3 / 12M, Empty: 0M, Relocated: 0M, In-Place: 0
[2026-04-03T01:55:07.210+0600][22.133s][info][gc,reloc    ] GC(59) Forwarding Usage: 0M
[2026-04-03T01:55:07.210+0600][22.133s][info][gc,heap     ] GC(59) Min Capacity: 8M(2%)
[2026-04-03T01:55:07.210+0600][22.133s][info][gc,heap     ] GC(59) Max Capacity: 500M(100%)
[2026-04-03T01:55:07.210+0600][22.133s][info][gc,heap     ] GC(59) Soft Max Capacity: 500M(100%)
[2026-04-03T01:55:07.210+0600][22.133s][info][gc,heap     ] GC(59)                Mark Start          Mark End        Relocate Start      Relocate End           High               Low         
[2026-04-03T01:55:07.210+0600][22.133s][info][gc,heap     ] GC(59)  Capacity:      500M (100%)        500M (100%)        500M (100%)        500M (100%)        500M (100%)        500M (100%)   
[2026-04-03T01:55:07.210+0600][22.133s][info][gc,heap     ] GC(59)      Free:      218M (44%)         112M (22%)         242M (48%)         244M (49%)         244M (49%)         104M (21%)    
[2026-04-03T01:55:07.210+0600][22.133s][info][gc,heap     ] GC(59)      Used:      282M (56%)         388M (78%)         258M (52%)         256M (51%)         396M (79%)         256M (51%)    
[2026-04-03T01:55:07.210+0600][22.133s][info][gc,heap     ] GC(59)      Live:         -               122M (24%)         122M (24%)         122M (24%)            -                  -          
[2026-04-03T01:55:07.210+0600][22.133s][info][gc,heap     ] GC(59) Allocated:         -               106M (21%)         116M (23%)         116M (23%)            -                  -          
[2026-04-03T01:55:07.210+0600][22.133s][info][gc,heap     ] GC(59)   Garbage:         -               159M (32%)          19M (4%)           17M (4%)             -                  -          
[2026-04-03T01:55:07.210+0600][22.134s][info][gc,heap     ] GC(59) Reclaimed:         -                  -               140M (28%)         142M (28%)            -                  -          
[2026-04-03T01:55:07.210+0600][22.134s][info][gc          ] GC(59) Garbage Collection (Allocation Rate) 282M(56%)->256M(51%)
[2026-04-03T01:55:07.308+0600][22.232s][info][gc,start    ] GC(60) Garbage Collection (Allocation Rate)
[2026-04-03T01:55:07.308+0600][22.232s][info][gc,task     ] GC(60) Using 3 workers
[2026-04-03T01:55:07.309+0600][22.232s][info][gc,phases   ] GC(60) Pause Mark Start 0.018ms
[2026-04-03T01:55:07.410+0600][22.334s][info][gc,phases   ] GC(60) Concurrent Mark 101.416ms
[2026-04-03T01:55:07.410+0600][22.334s][info][gc,phases   ] GC(60) Pause Mark End 0.026ms
[2026-04-03T01:55:07.411+0600][22.334s][info][gc,phases   ] GC(60) Concurrent Mark Free 0.004ms
[2026-04-03T01:55:07.417+0600][22.340s][info][gc,phases   ] GC(60) Concurrent Process Non-Strong References 6.290ms
[2026-04-03T01:55:07.417+0600][22.341s][info][gc,phases   ] GC(60) Concurrent Reset Relocation Set 0.002ms
[2026-04-03T01:55:07.420+0600][22.343s][info][gc,phases   ] GC(60) Concurrent Select Relocation Set 2.864ms
[2026-04-03T01:55:07.420+0600][22.344s][info][gc,phases   ] GC(60) Pause Relocate Start 0.014ms
[2026-04-03T01:55:07.421+0600][22.345s][info][gc,phases   ] GC(60) Concurrent Relocate 0.969ms
[2026-04-03T01:55:07.421+0600][22.345s][info][gc,load     ] GC(60) Load: 6.49/7.54/7.40
[2026-04-03T01:55:07.421+0600][22.345s][info][gc,mmu      ] GC(60) MMU: 2ms/90.6%, 5ms/96.2%, 10ms/98.0%, 20ms/99.0%, 50ms/99.6%, 100ms/99.6%
[2026-04-03T01:55:07.421+0600][22.345s][info][gc,marking  ] GC(60) Mark: 2 stripe(s), 2 proactive flush(es), 1 terminate flush(es), 0 completion(s), 0 continuation(s) 
[2026-04-03T01:55:07.421+0600][22.345s][info][gc,marking  ] GC(60) Mark Stack Usage: 32M
[2026-04-03T01:55:07.421+0600][22.345s][info][gc,nmethod  ] GC(60) NMethods: 5145 registered, 113 unregistered
[2026-04-03T01:55:07.421+0600][22.345s][info][gc,metaspace] GC(60) Metaspace: 65M used, 65M committed, 1088M reserved
[2026-04-03T01:55:07.421+0600][22.345s][info][gc,ref      ] GC(60) Soft: 2968 encountered, 0 discovered, 0 enqueued
[2026-04-03T01:55:07.421+0600][22.345s][info][gc,ref      ] GC(60) Weak: 5746 encountered, 2505 discovered, 75 enqueued
[2026-04-03T01:55:07.421+0600][22.345s][info][gc,ref      ] GC(60) Final: 74 encountered, 1 discovered, 0 enqueued
[2026-04-03T01:55:07.421+0600][22.345s][info][gc,ref      ] GC(60) Phantom: 596 encountered, 218 discovered, 0 enqueued
[2026-04-03T01:55:07.421+0600][22.345s][info][gc,reloc    ] GC(60) Small Pages: 153 / 306M, Empty: 168M, Relocated: 0M, In-Place: 0
[2026-04-03T01:55:07.421+0600][22.345s][info][gc,reloc    ] GC(60) Medium Pages: 1 / 8M, Empty: 0M, Relocated: 0M, In-Place: 0
[2026-04-03T01:55:07.421+0600][22.345s][info][gc,reloc    ] GC(60) Large Pages: 5 / 20M, Empty: 2M, Relocated: 0M, In-Place: 0
[2026-04-03T01:55:07.421+0600][22.345s][info][gc,reloc    ] GC(60) Forwarding Usage: 0M
[2026-04-03T01:55:07.421+0600][22.345s][info][gc,heap     ] GC(60) Min Capacity: 8M(2%)
[2026-04-03T01:55:07.421+0600][22.345s][info][gc,heap     ] GC(60) Max Capacity: 500M(100%)
[2026-04-03T01:55:07.421+0600][22.345s][info][gc,heap     ] GC(60) Soft Max Capacity: 500M(100%)
[2026-04-03T01:55:07.421+0600][22.345s][info][gc,heap     ] GC(60)                Mark Start          Mark End        Relocate Start      Relocate End           High               Low         
[2026-04-03T01:55:07.421+0600][22.345s][info][gc,heap     ] GC(60)  Capacity:      500M (100%)        500M (100%)        500M (100%)        500M (100%)        500M (100%)        500M (100%)   
[2026-04-03T01:55:07.421+0600][22.345s][info][gc,heap     ] GC(60)      Free:      166M (33%)         154M (31%)         324M (65%)         342M (68%)         342M (68%)         154M (31%)    
[2026-04-03T01:55:07.421+0600][22.345s][info][gc,heap     ] GC(60)      Used:      334M (67%)         346M (69%)         176M (35%)         158M (32%)         346M (69%)         158M (32%)    
[2026-04-03T01:55:07.421+0600][22.345s][info][gc,heap     ] GC(60)      Live:         -               128M (26%)         128M (26%)         128M (26%)            -                  -          
[2026-04-03T01:55:07.421+0600][22.345s][info][gc,heap     ] GC(60) Allocated:         -                12M (2%)           12M (2%)           12M (2%)             -                  -          
[2026-04-03T01:55:07.421+0600][22.345s][info][gc,heap     ] GC(60)   Garbage:         -               205M (41%)          35M (7%)           17M (3%)             -                  -          
[2026-04-03T01:55:07.421+0600][22.345s][info][gc,heap     ] GC(60) Reclaimed:         -                  -               170M (34%)         188M (38%)            -                  -          
[2026-04-03T01:55:07.421+0600][22.345s][info][gc          ] GC(60) Garbage Collection (Allocation Rate) 334M(67%)->158M(32%)
[2026-04-03T01:55:07.421+0600][22.345s][info][gc,start    ] GC(61) Garbage Collection (System.gc())
[2026-04-03T01:55:07.421+0600][22.345s][info][gc,task     ] GC(61) Using 3 workers
[2026-04-03T01:55:07.422+0600][22.345s][info][gc,phases   ] GC(61) Pause Mark Start 0.008ms
[2026-04-03T01:55:07.497+0600][22.421s][info][gc,phases   ] GC(61) Concurrent Mark 75.578ms
[2026-04-03T01:55:07.497+0600][22.421s][info][gc,phases   ] GC(61) Pause Mark End 0.025ms
[2026-04-03T01:55:07.498+0600][22.421s][info][gc,phases   ] GC(61) Concurrent Mark Free 0.004ms
[2026-04-03T01:55:07.511+0600][22.434s][info][gc,phases   ] GC(61) Concurrent Process Non-Strong References 13.265ms
[2026-04-03T01:55:07.511+0600][22.434s][info][gc,phases   ] GC(61) Concurrent Reset Relocation Set 0.002ms
[2026-04-03T01:55:07.513+0600][22.437s][info][gc,phases   ] GC(61) Concurrent Select Relocation Set 2.404ms
[2026-04-03T01:55:07.513+0600][22.437s][info][gc,phases   ] GC(61) Pause Relocate Start 0.010ms
[2026-04-03T01:55:07.514+0600][22.438s][info][gc,phases   ] GC(61) Concurrent Relocate 0.859ms
[2026-04-03T01:55:07.514+0600][22.438s][info][gc,load     ] GC(61) Load: 6.49/7.54/7.40
[2026-04-03T01:55:07.514+0600][22.438s][info][gc,mmu      ] GC(61) MMU: 2ms/90.6%, 5ms/96.2%, 10ms/98.0%, 20ms/99.0%, 50ms/99.6%, 100ms/99.6%
[2026-04-03T01:55:07.514+0600][22.438s][info][gc,marking  ] GC(61) Mark: 2 stripe(s), 2 proactive flush(es), 1 terminate flush(es), 0 completion(s), 0 continuation(s) 
[2026-04-03T01:55:07.514+0600][22.438s][info][gc,marking  ] GC(61) Mark Stack Usage: 32M
[2026-04-03T01:55:07.514+0600][22.438s][info][gc,nmethod  ] GC(61) NMethods: 5144 registered, 123 unregistered
[2026-04-03T01:55:07.515+0600][22.438s][info][gc,metaspace] GC(61) Metaspace: 65M used, 65M committed, 1088M reserved
[2026-04-03T01:55:07.515+0600][22.438s][info][gc,ref      ] GC(61) Soft: 3070 encountered, 0 discovered, 0 enqueued
[2026-04-03T01:55:07.515+0600][22.438s][info][gc,ref      ] GC(61) Weak: 5829 encountered, 776 discovered, 193 enqueued
[2026-04-03T01:55:07.515+0600][22.438s][info][gc,ref      ] GC(61) Final: 74 encountered, 1 discovered, 0 enqueued
[2026-04-03T01:55:07.515+0600][22.438s][info][gc,ref      ] GC(61) Phantom: 596 encountered, 561 discovered, 0 enqueued
[2026-04-03T01:55:07.515+0600][22.438s][info][gc,reloc    ] GC(61) Small Pages: 64 / 128M, Empty: 0M, Relocated: 1M, In-Place: 0
[2026-04-03T01:55:07.515+0600][22.438s][info][gc,reloc    ] GC(61) Medium Pages: 1 / 8M, Empty: 0M, Relocated: 0M, In-Place: 0
[2026-04-03T01:55:07.515+0600][22.438s][info][gc,reloc    ] GC(61) Large Pages: 6 / 22M, Empty: 10M, Relocated: 0M, In-Place: 0
[2026-04-03T01:55:07.515+0600][22.438s][info][gc,reloc    ] GC(61) Forwarding Usage: 0M
[2026-04-03T01:55:07.515+0600][22.438s][info][gc,heap     ] GC(61) Min Capacity: 8M(2%)
[2026-04-03T01:55:07.515+0600][22.438s][info][gc,heap     ] GC(61) Max Capacity: 500M(100%)
[2026-04-03T01:55:07.515+0600][22.438s][info][gc,heap     ] GC(61) Soft Max Capacity: 500M(100%)
[2026-04-03T01:55:07.515+0600][22.438s][info][gc,heap     ] GC(61)                Mark Start          Mark End        Relocate Start      Relocate End           High               Low         
[2026-04-03T01:55:07.515+0600][22.438s][info][gc,heap     ] GC(61)  Capacity:      500M (100%)        500M (100%)        500M (100%)        500M (100%)        500M (100%)        500M (100%)   
[2026-04-03T01:55:07.515+0600][22.438s][info][gc,heap     ] GC(61)      Free:      342M (68%)         340M (68%)         350M (70%)         358M (72%)         358M (72%)         340M (68%)    
[2026-04-03T01:55:07.515+0600][22.438s][info][gc,heap     ] GC(61)      Used:      158M (32%)         160M (32%)         150M (30%)         142M (28%)         160M (32%)         142M (28%)    
[2026-04-03T01:55:07.515+0600][22.438s][info][gc,heap     ] GC(61)      Live:         -               123M (25%)         123M (25%)         123M (25%)            -                  -          
[2026-04-03T01:55:07.515+0600][22.438s][info][gc,heap     ] GC(61) Allocated:         -                 2M (0%)            2M (0%)            1M (0%)             -                  -          
[2026-04-03T01:55:07.515+0600][22.438s][info][gc,heap     ] GC(61)   Garbage:         -                34M (7%)           24M (5%)           16M (3%)             -                  -          
[2026-04-03T01:55:07.515+0600][22.438s][info][gc,heap     ] GC(61) Reclaimed:         -                  -                10M (2%)           17M (4%)             -                  -          
[2026-04-03T01:55:07.515+0600][22.438s][info][gc          ] GC(61) Garbage Collection (System.gc()) 158M(32%)->142M(28%)
[2026-04-03T01:55:07.608+0600][22.532s][info][gc,start    ] GC(62) Garbage Collection (Allocation Rate)
[2026-04-03T01:55:07.609+0600][22.532s][info][gc,task     ] GC(62) Using 3 workers
[2026-04-03T01:55:07.609+0600][22.532s][info][gc,phases   ] GC(62) Pause Mark Start 0.013ms
[2026-04-03T01:55:07.730+0600][22.653s][info][gc,phases   ] GC(62) Concurrent Mark 120.718ms
[2026-04-03T01:55:07.730+0600][22.653s][info][gc,phases   ] GC(62) Pause Mark End 0.036ms
[2026-04-03T01:55:07.730+0600][22.654s][info][gc,phases   ] GC(62) Concurrent Mark Free 0.002ms
[2026-04-03T01:55:07.739+0600][22.662s][info][gc,phases   ] GC(62) Concurrent Process Non-Strong References 8.811ms
[2026-04-03T01:55:07.739+0600][22.663s][info][gc,phases   ] GC(62) Concurrent Reset Relocation Set 0.005ms
[2026-04-03T01:55:07.744+0600][22.668s][info][gc,phases   ] GC(62) Concurrent Select Relocation Set 5.292ms
[2026-04-03T01:55:07.745+0600][22.668s][info][gc,phases   ] GC(62) Pause Relocate Start 0.019ms
[2026-04-03T01:55:07.750+0600][22.674s][info][gc,phases   ] GC(62) Concurrent Relocate 5.135ms
[2026-04-03T01:55:07.750+0600][22.674s][info][gc,load     ] GC(62) Load: 6.49/7.54/7.40
[2026-04-03T01:55:07.750+0600][22.674s][info][gc,mmu      ] GC(62) MMU: 2ms/90.6%, 5ms/96.2%, 10ms/98.0%, 20ms/99.0%, 50ms/99.6%, 100ms/99.6%
[2026-04-03T01:55:07.751+0600][22.674s][info][gc,marking  ] GC(62) Mark: 2 stripe(s), 2 proactive flush(es), 1 terminate flush(es), 0 completion(s), 0 continuation(s) 
[2026-04-03T01:55:07.751+0600][22.674s][info][gc,marking  ] GC(62) Mark Stack Usage: 32M
[2026-04-03T01:55:07.751+0600][22.674s][info][gc,nmethod  ] GC(62) NMethods: 5279 registered, 148 unregistered
[2026-04-03T01:55:07.751+0600][22.674s][info][gc,metaspace] GC(62) Metaspace: 65M used, 66M committed, 1088M reserved
[2026-04-03T01:55:07.751+0600][22.674s][info][gc,ref      ] GC(62) Soft: 3136 encountered, 0 discovered, 0 enqueued
[2026-04-03T01:55:07.751+0600][22.674s][info][gc,ref      ] GC(62) Weak: 5965 encountered, 2467 discovered, 135 enqueued
[2026-04-03T01:55:07.751+0600][22.674s][info][gc,ref      ] GC(62) Final: 74 encountered, 0 discovered, 0 enqueued
[2026-04-03T01:55:07.751+0600][22.674s][info][gc,ref      ] GC(62) Phantom: 596 encountered, 583 discovered, 0 enqueued
[2026-04-03T01:55:07.751+0600][22.674s][info][gc,reloc    ] GC(62) Small Pages: 71 / 142M, Empty: 0M, Relocated: 3M, In-Place: 0
[2026-04-03T01:55:07.751+0600][22.674s][info][gc,reloc    ] GC(62) Medium Pages: 2 / 16M, Empty: 8M, Relocated: 0M, In-Place: 0
[2026-04-03T01:55:07.751+0600][22.674s][info][gc,reloc    ] GC(62) Large Pages: 6 / 26M, Empty: 14M, Relocated: 0M, In-Place: 0
[2026-04-03T01:55:07.751+0600][22.674s][info][gc,reloc    ] GC(62) Forwarding Usage: 1M
[2026-04-03T01:55:07.751+0600][22.674s][info][gc,heap     ] GC(62) Min Capacity: 8M(2%)
[2026-04-03T01:55:07.751+0600][22.674s][info][gc,heap     ] GC(62) Max Capacity: 500M(100%)
[2026-04-03T01:55:07.751+0600][22.674s][info][gc,heap     ] GC(62) Soft Max Capacity: 500M(100%)
[2026-04-03T01:55:07.751+0600][22.674s][info][gc,heap     ] GC(62)                Mark Start          Mark End        Relocate Start      Relocate End           High               Low         
[2026-04-03T01:55:07.751+0600][22.674s][info][gc,heap     ] GC(62)  Capacity:      500M (100%)        500M (100%)        500M (100%)        500M (100%)        500M (100%)        500M (100%)   
[2026-04-03T01:55:07.751+0600][22.674s][info][gc,heap     ] GC(62)      Free:      316M (63%)         192M (38%)         188M (38%)         204M (41%)         316M (63%)         168M (34%)    
[2026-04-03T01:55:07.751+0600][22.674s][info][gc,heap     ] GC(62)      Used:      184M (37%)         308M (62%)         312M (62%)         296M (59%)         332M (66%)         184M (37%)    
[2026-04-03T01:55:07.751+0600][22.674s][info][gc,heap     ] GC(62)      Live:         -               123M (25%)         123M (25%)         123M (25%)            -                  -          
[2026-04-03T01:55:07.751+0600][22.674s][info][gc,heap     ] GC(62) Allocated:         -               124M (25%)         150M (30%)         157M (32%)            -                  -          
[2026-04-03T01:55:07.751+0600][22.674s][info][gc,heap     ] GC(62)   Garbage:         -                60M (12%)          38M (8%)           14M (3%)             -                  -          
[2026-04-03T01:55:07.751+0600][22.674s][info][gc,heap     ] GC(62) Reclaimed:         -                  -                22M (4%)           45M (9%)             -                  -          
[2026-04-03T01:55:07.751+0600][22.674s][info][gc          ] GC(62) Garbage Collection (Allocation Rate) 184M(37%)->296M(59%)
[2026-04-03T01:55:07.809+0600][22.732s][info][gc,start    ] GC(63) Garbage Collection (Allocation Rate)
[2026-04-03T01:55:07.809+0600][22.732s][info][gc,task     ] GC(63) Using 3 workers
[2026-04-03T01:55:07.809+0600][22.732s][info][gc,phases   ] GC(63) Pause Mark Start 0.013ms
[2026-04-03T01:55:07.939+0600][22.862s][info][gc,phases   ] GC(63) Concurrent Mark 129.630ms
[2026-04-03T01:55:07.939+0600][22.863s][info][gc,phases   ] GC(63) Pause Mark End 0.034ms
[2026-04-03T01:55:07.939+0600][22.863s][info][gc,phases   ] GC(63) Concurrent Mark Free 0.003ms
[2026-04-03T01:55:07.948+0600][22.871s][info][gc,phases   ] GC(63) Concurrent Process Non-Strong References 8.628ms
[2026-04-03T01:55:07.948+0600][22.871s][info][gc,phases   ] GC(63) Concurrent Reset Relocation Set 0.004ms
[2026-04-03T01:55:07.951+0600][22.875s][info][gc          ] Allocation Stall (Executor task launch worker for task 1.0 in stage 7.0 (TID 12)) 95.217ms
[2026-04-03T01:55:07.952+0600][22.875s][info][gc          ] Allocation Stall (Executor task launch worker for task 0.0 in stage 7.0 (TID 11)) 92.182ms
[2026-04-03T01:55:07.955+0600][22.879s][info][gc,phases   ] GC(63) Concurrent Select Relocation Set 7.320ms
[2026-04-03T01:55:07.956+0600][22.879s][info][gc,phases   ] GC(63) Pause Relocate Start 0.023ms
[2026-04-03T01:55:07.974+0600][22.897s][info][gc,phases   ] GC(63) Concurrent Relocate 17.883ms
[2026-04-03T01:55:07.974+0600][22.897s][info][gc,load     ] GC(63) Load: 6.49/7.54/7.40
[2026-04-03T01:55:07.974+0600][22.897s][info][gc,mmu      ] GC(63) MMU: 2ms/90.6%, 5ms/96.2%, 10ms/98.0%, 20ms/99.0%, 50ms/99.6%, 100ms/99.6%
[2026-04-03T01:55:07.974+0600][22.897s][info][gc,marking  ] GC(63) Mark: 2 stripe(s), 2 proactive flush(es), 1 terminate flush(es), 0 completion(s), 0 continuation(s) 
[2026-04-03T01:55:07.974+0600][22.897s][info][gc,marking  ] GC(63) Mark Stack Usage: 32M
[2026-04-03T01:55:07.974+0600][22.897s][info][gc,nmethod  ] GC(63) NMethods: 5271 registered, 161 unregistered
[2026-04-03T01:55:07.974+0600][22.897s][info][gc,metaspace] GC(63) Metaspace: 65M used, 66M committed, 1088M reserved
[2026-04-03T01:55:07.974+0600][22.898s][info][gc,ref      ] GC(63) Soft: 3148 encountered, 0 discovered, 0 enqueued
[2026-04-03T01:55:07.974+0600][22.898s][info][gc,ref      ] GC(63) Weak: 5842 encountered, 602 discovered, 4 enqueued
[2026-04-03T01:55:07.974+0600][22.898s][info][gc,ref      ] GC(63) Final: 74 encountered, 1 discovered, 0 enqueued
[2026-04-03T01:55:07.974+0600][22.898s][info][gc,ref      ] GC(63) Phantom: 597 encountered, 235 discovered, 0 enqueued
[2026-04-03T01:55:07.974+0600][22.898s][info][gc,reloc    ] GC(63) Small Pages: 198 / 396M, Empty: 0M, Relocated: 12M, In-Place: 1
[2026-04-03T01:55:07.974+0600][22.898s][info][gc,reloc    ] GC(63) Medium Pages: 2 / 16M, Empty: 8M, Relocated: 0M, In-Place: 0
[2026-04-03T01:55:07.974+0600][22.898s][info][gc,reloc    ] GC(63) Large Pages: 4 / 14M, Empty: 0M, Relocated: 0M, In-Place: 0
[2026-04-03T01:55:07.974+0600][22.898s][info][gc,reloc    ] GC(63) Forwarding Usage: 7M
[2026-04-03T01:55:07.974+0600][22.898s][info][gc,heap     ] GC(63) Min Capacity: 8M(2%)
[2026-04-03T01:55:07.974+0600][22.898s][info][gc,heap     ] GC(63) Max Capacity: 500M(100%)
[2026-04-03T01:55:07.974+0600][22.898s][info][gc,heap     ] GC(63) Soft Max Capacity: 500M(100%)
[2026-04-03T01:55:07.974+0600][22.898s][info][gc,heap     ] GC(63)                Mark Start          Mark End        Relocate Start      Relocate End           High               Low         
[2026-04-03T01:55:07.974+0600][22.898s][info][gc,heap     ] GC(63)  Capacity:      500M (100%)        500M (100%)        500M (100%)        500M (100%)        500M (100%)        500M (100%)   
[2026-04-03T01:55:07.974+0600][22.898s][info][gc,heap     ] GC(63)      Free:       74M (15%)           0M (0%)            0M (0%)          246M (49%)         250M (50%)           0M (0%)     
[2026-04-03T01:55:07.974+0600][22.898s][info][gc,heap     ] GC(63)      Used:      426M (85%)         500M (100%)        500M (100%)        254M (51%)         500M (100%)        250M (50%)    
[2026-04-03T01:55:07.974+0600][22.898s][info][gc,heap     ] GC(63)      Live:         -               136M (27%)         136M (27%)         136M (27%)            -                  -          
[2026-04-03T01:55:07.974+0600][22.898s][info][gc,heap     ] GC(63) Allocated:         -                74M (15%)          82M (16%)         101M (20%)            -                  -          
[2026-04-03T01:55:07.974+0600][22.898s][info][gc,heap     ] GC(63)   Garbage:         -               289M (58%)         281M (56%)          15M (3%)             -                  -          
[2026-04-03T01:55:07.974+0600][22.898s][info][gc,heap     ] GC(63) Reclaimed:         -                  -                 8M (2%)          273M (55%)            -                  -          
[2026-04-03T01:55:07.974+0600][22.898s][info][gc          ] GC(63) Garbage Collection (Allocation Rate) 426M(85%)->254M(51%)
[2026-04-03T01:55:08.008+0600][22.931s][info][gc,start    ] GC(64) Garbage Collection (Allocation Stall)
[2026-04-03T01:55:08.008+0600][22.931s][info][gc,ref      ] GC(64) Clearing All SoftReferences
[2026-04-03T01:55:08.008+0600][22.931s][info][gc,task     ] GC(64) Using 3 workers
[2026-04-03T01:55:08.008+0600][22.932s][info][gc,ref      ] GC(64) Clearing All SoftReferences
[2026-04-03T01:55:08.008+0600][22.932s][info][gc,phases   ] GC(64) Pause Mark Start 0.055ms
[2026-04-03T01:55:08.128+0600][23.051s][info][gc,phases   ] GC(64) Concurrent Mark 119.518ms
[2026-04-03T01:55:08.128+0600][23.051s][info][gc,phases   ] GC(64) Pause Mark End 0.023ms
[2026-04-03T01:55:08.128+0600][23.052s][info][gc,phases   ] GC(64) Concurrent Mark Free 0.002ms
[2026-04-03T01:55:08.144+0600][23.067s][info][gc,phases   ] GC(64) Concurrent Process Non-Strong References 15.538ms
[2026-04-03T01:55:08.144+0600][23.067s][info][gc,phases   ] GC(64) Concurrent Reset Relocation Set 0.013ms
[2026-04-03T01:55:08.146+0600][23.070s][info][gc          ] Allocation Stall (Executor task launch worker for task 1.0 in stage 7.0 (TID 12)) 30.166ms
[2026-04-03T01:55:08.147+0600][23.070s][info][gc          ] Allocation Stall (Executor task launch worker for task 0.0 in stage 7.0 (TID 11)) 30.073ms
[2026-04-03T01:55:08.147+0600][23.071s][info][gc,phases   ] GC(64) Concurrent Select Relocation Set 3.293ms
[2026-04-03T01:55:08.148+0600][23.071s][info][gc,phases   ] GC(64) Pause Relocate Start 0.012ms
[2026-04-03T01:55:08.160+0600][23.083s][info][gc,phases   ] GC(64) Concurrent Relocate 11.992ms
[2026-04-03T01:55:08.160+0600][23.083s][info][gc,load     ] GC(64) Load: 6.49/7.54/7.40
[2026-04-03T01:55:08.160+0600][23.083s][info][gc,mmu      ] GC(64) MMU: 2ms/90.6%, 5ms/96.2%, 10ms/98.0%, 20ms/99.0%, 50ms/99.6%, 100ms/99.6%
[2026-04-03T01:55:08.160+0600][23.083s][info][gc,marking  ] GC(64) Mark: 2 stripe(s), 10 proactive flush(es), 1 terminate flush(es), 0 completion(s), 0 continuation(s) 
[2026-04-03T01:55:08.160+0600][23.083s][info][gc,marking  ] GC(64) Mark Stack Usage: 32M
[2026-04-03T01:55:08.160+0600][23.083s][info][gc,nmethod  ] GC(64) NMethods: 5281 registered, 164 unregistered
[2026-04-03T01:55:08.160+0600][23.083s][info][gc,metaspace] GC(64) Metaspace: 65M used, 66M committed, 1088M reserved
[2026-04-03T01:55:08.160+0600][23.083s][info][gc,ref      ] GC(64) Soft: 3045 encountered, 2681 discovered, 331 enqueued
[2026-04-03T01:55:08.160+0600][23.083s][info][gc,ref      ] GC(64) Weak: 5743 encountered, 676 discovered, 38 enqueued
[2026-04-03T01:55:08.160+0600][23.083s][info][gc,ref      ] GC(64) Final: 74 encountered, 1 discovered, 0 enqueued
[2026-04-03T01:55:08.160+0600][23.083s][info][gc,ref      ] GC(64) Phantom: 597 encountered, 586 discovered, 0 enqueued
[2026-04-03T01:55:08.160+0600][23.083s][info][gc,reloc    ] GC(64) Small Pages: 150 / 300M, Empty: 4M, Relocated: 10M, In-Place: 0
[2026-04-03T01:55:08.160+0600][23.083s][info][gc,reloc    ] GC(64) Medium Pages: 1 / 8M, Empty: 0M, Relocated: 0M, In-Place: 0
[2026-04-03T01:55:08.160+0600][23.083s][info][gc,reloc    ] GC(64) Large Pages: 5 / 18M, Empty: 2M, Relocated: 0M, In-Place: 0
[2026-04-03T01:55:08.160+0600][23.083s][info][gc,reloc    ] GC(64) Forwarding Usage: 6M
[2026-04-03T01:55:08.160+0600][23.083s][info][gc,heap     ] GC(64) Min Capacity: 8M(2%)
[2026-04-03T01:55:08.160+0600][23.083s][info][gc,heap     ] GC(64) Max Capacity: 500M(100%)
[2026-04-03T01:55:08.160+0600][23.083s][info][gc,heap     ] GC(64) Soft Max Capacity: 500M(100%)
[2026-04-03T01:55:08.160+0600][23.083s][info][gc,heap     ] GC(64)                Mark Start          Mark End        Relocate Start      Relocate End           High               Low         
[2026-04-03T01:55:08.160+0600][23.083s][info][gc,heap     ] GC(64)  Capacity:      500M (100%)        500M (100%)        500M (100%)        500M (100%)        500M (100%)        500M (100%)   
[2026-04-03T01:55:08.160+0600][23.083s][info][gc,heap     ] GC(64)      Free:      174M (35%)           0M (0%)            4M (1%)          144M (29%)         174M (35%)           0M (0%)     
[2026-04-03T01:55:08.160+0600][23.083s][info][gc,heap     ] GC(64)      Used:      326M (65%)         500M (100%)        496M (99%)         356M (71%)         500M (100%)        326M (65%)    
[2026-04-03T01:55:08.160+0600][23.083s][info][gc,heap     ] GC(64)      Live:         -               144M (29%)         144M (29%)         144M (29%)            -                  -          
[2026-04-03T01:55:08.160+0600][23.083s][info][gc,heap     ] GC(64) Allocated:         -               174M (35%)         176M (35%)         193M (39%)            -                  -          
[2026-04-03T01:55:08.160+0600][23.083s][info][gc,heap     ] GC(64)   Garbage:         -               181M (36%)         175M (35%)          17M (4%)             -                  -          
[2026-04-03T01:55:08.160+0600][23.083s][info][gc,heap     ] GC(64) Reclaimed:         -                  -                 6M (1%)          163M (33%)            -                  -          
[2026-04-03T01:55:08.160+0600][23.083s][info][gc          ] GC(64) Garbage Collection (Allocation Stall) 326M(65%)->356M(71%)
[2026-04-03T01:55:08.208+0600][23.131s][info][gc,start    ] GC(65) Garbage Collection (Allocation Stall)
[2026-04-03T01:55:08.208+0600][23.132s][info][gc,ref      ] GC(65) Clearing All SoftReferences
[2026-04-03T01:55:08.208+0600][23.132s][info][gc,task     ] GC(65) Using 3 workers
[2026-04-03T01:55:08.208+0600][23.132s][info][gc,ref      ] GC(65) Clearing All SoftReferences
[2026-04-03T01:55:08.208+0600][23.132s][info][gc,phases   ] GC(65) Pause Mark Start 0.072ms
[2026-04-03T01:55:08.291+0600][23.214s][info][gc,phases   ] GC(65) Concurrent Mark 82.506ms
[2026-04-03T01:55:08.291+0600][23.214s][info][gc,phases   ] GC(65) Pause Mark End 0.018ms
[2026-04-03T01:55:08.291+0600][23.215s][info][gc,phases   ] GC(65) Concurrent Mark Free 0.002ms
[2026-04-03T01:55:08.303+0600][23.227s][info][gc,phases   ] GC(65) Concurrent Process Non-Strong References 12.097ms
[2026-04-03T01:55:08.303+0600][23.227s][info][gc,phases   ] GC(65) Concurrent Reset Relocation Set 0.010ms
[2026-04-03T01:55:08.303+0600][23.227s][info][gc          ] Allocation Stall (Executor task launch worker for task 0.0 in stage 7.0 (TID 11)) 61.827ms
[2026-04-03T01:55:08.304+0600][23.227s][info][gc          ] Allocation Stall (Spark Context Cleaner) 54.771ms
[2026-04-03T01:55:08.303+0600][23.227s][info][gc          ] Allocation Stall (Executor task launch worker for task 1.0 in stage 7.0 (TID 12)) 61.978ms
[2026-04-03T01:55:08.307+0600][23.230s][info][gc,phases   ] GC(65) Concurrent Select Relocation Set 3.232ms
[2026-04-03T01:55:08.307+0600][23.230s][info][gc,phases   ] GC(65) Pause Relocate Start 0.011ms
[2026-04-03T01:55:08.310+0600][23.233s][info][gc,phases   ] GC(65) Concurrent Relocate 3.203ms
[2026-04-03T01:55:08.310+0600][23.233s][info][gc,load     ] GC(65) Load: 6.49/7.54/7.40
[2026-04-03T01:55:08.310+0600][23.233s][info][gc,mmu      ] GC(65) MMU: 2ms/90.6%, 5ms/96.2%, 10ms/98.0%, 20ms/99.0%, 50ms/99.6%, 100ms/99.6%
[2026-04-03T01:55:08.310+0600][23.233s][info][gc,marking  ] GC(65) Mark: 2 stripe(s), 3 proactive flush(es), 1 terminate flush(es), 0 completion(s), 0 continuation(s) 
[2026-04-03T01:55:08.310+0600][23.233s][info][gc,marking  ] GC(65) Mark Stack Usage: 32M
[2026-04-03T01:55:08.310+0600][23.233s][info][gc,nmethod  ] GC(65) NMethods: 5279 registered, 166 unregistered
[2026-04-03T01:55:08.310+0600][23.233s][info][gc,metaspace] GC(65) Metaspace: 64M used, 66M committed, 1088M reserved
[2026-04-03T01:55:08.310+0600][23.234s][info][gc,ref      ] GC(65) Soft: 2714 encountered, 289 discovered, 0 enqueued
[2026-04-03T01:55:08.310+0600][23.234s][info][gc,ref      ] GC(65) Weak: 5705 encountered, 2878 discovered, 0 enqueued
[2026-04-03T01:55:08.310+0600][23.234s][info][gc,ref      ] GC(65) Final: 74 encountered, 0 discovered, 0 enqueued
[2026-04-03T01:55:08.310+0600][23.234s][info][gc,ref      ] GC(65) Phantom: 597 encountered, 222 discovered, 0 enqueued
[2026-04-03T01:55:08.310+0600][23.234s][info][gc,reloc    ] GC(65) Small Pages: 210 / 420M, Empty: 262M, Relocated: 3M, In-Place: 0
[2026-04-03T01:55:08.310+0600][23.234s][info][gc,reloc    ] GC(65) Medium Pages: 1 / 8M, Empty: 0M, Relocated: 0M, In-Place: 0
[2026-04-03T01:55:08.310+0600][23.234s][info][gc,reloc    ] GC(65) Large Pages: 4 / 16M, Empty: 0M, Relocated: 0M, In-Place: 0
[2026-04-03T01:55:08.310+0600][23.234s][info][gc,reloc    ] GC(65) Forwarding Usage: 1M
[2026-04-03T01:55:08.310+0600][23.234s][info][gc,heap     ] GC(65) Min Capacity: 8M(2%)
[2026-04-03T01:55:08.310+0600][23.234s][info][gc,heap     ] GC(65) Max Capacity: 500M(100%)
[2026-04-03T01:55:08.310+0600][23.234s][info][gc,heap     ] GC(65) Soft Max Capacity: 500M(100%)
[2026-04-03T01:55:08.310+0600][23.234s][info][gc,heap     ] GC(65)                Mark Start          Mark End        Relocate Start      Relocate End           High               Low         
[2026-04-03T01:55:08.310+0600][23.234s][info][gc,heap     ] GC(65)  Capacity:      500M (100%)        500M (100%)        500M (100%)        500M (100%)        500M (100%)        500M (100%)   
[2026-04-03T01:55:08.310+0600][23.234s][info][gc,heap     ] GC(65)      Free:       56M (11%)           0M (0%)          254M (51%)         270M (54%)         272M (54%)           0M (0%)     
[2026-04-03T01:55:08.310+0600][23.234s][info][gc,heap     ] GC(65)      Used:      444M (89%)         500M (100%)        246M (49%)         230M (46%)         500M (100%)        228M (46%)    
[2026-04-03T01:55:08.310+0600][23.234s][info][gc,heap     ] GC(65)      Live:         -               144M (29%)         144M (29%)         144M (29%)            -                  -          
[2026-04-03T01:55:08.310+0600][23.234s][info][gc,heap     ] GC(65) Allocated:         -                56M (11%)          64M (13%)          71M (14%)            -                  -          
[2026-04-03T01:55:08.310+0600][23.234s][info][gc,heap     ] GC(65)   Garbage:         -               299M (60%)          37M (8%)           13M (3%)             -                  -          
[2026-04-03T01:55:08.310+0600][23.234s][info][gc,heap     ] GC(65) Reclaimed:         -                  -               262M (52%)         285M (57%)            -                  -          
[2026-04-03T01:55:08.310+0600][23.234s][info][gc          ] GC(65) Garbage Collection (Allocation Stall) 444M(89%)->230M(46%)
[2026-04-03T01:55:08.408+0600][23.332s][info][gc,start    ] GC(66) Garbage Collection (Allocation Stall)
[2026-04-03T01:55:08.408+0600][23.332s][info][gc,ref      ] GC(66) Clearing All SoftReferences
[2026-04-03T01:55:08.408+0600][23.332s][info][gc,task     ] GC(66) Using 3 workers
[2026-04-03T01:55:08.408+0600][23.332s][info][gc,ref      ] GC(66) Clearing All SoftReferences
[2026-04-03T01:55:08.408+0600][23.332s][info][gc,phases   ] GC(66) Pause Mark Start 0.049ms
[2026-04-03T01:55:08.471+0600][23.394s][info][gc,phases   ] GC(66) Concurrent Mark 62.146ms
[2026-04-03T01:55:08.471+0600][23.394s][info][gc,phases   ] GC(66) Pause Mark End 0.018ms
[2026-04-03T01:55:08.471+0600][23.394s][info][gc,phases   ] GC(66) Concurrent Mark Free 0.002ms
[2026-04-03T01:55:08.476+0600][23.400s][info][gc,phases   ] GC(66) Concurrent Process Non-Strong References 5.309ms
[2026-04-03T01:55:08.476+0600][23.400s][info][gc,phases   ] GC(66) Concurrent Reset Relocation Set 0.007ms
[2026-04-03T01:55:08.476+0600][23.400s][info][gc          ] Allocation Stall (Executor task launch worker for task 0.0 in stage 7.0 (TID 11)) 67.857ms
[2026-04-03T01:55:08.476+0600][23.400s][info][gc          ] Allocation Stall (Executor task launch worker for task 1.0 in stage 7.0 (TID 12)) 67.860ms
[2026-04-03T01:55:08.479+0600][23.402s][info][gc,phases   ] GC(66) Concurrent Select Relocation Set 2.490ms
[2026-04-03T01:55:08.479+0600][23.402s][info][gc,phases   ] GC(66) Pause Relocate Start 0.010ms
[2026-04-03T01:55:08.482+0600][23.406s][info][gc,phases   ] GC(66) Concurrent Relocate 3.318ms
[2026-04-03T01:55:08.482+0600][23.406s][info][gc,load     ] GC(66) Load: 6.49/7.54/7.40
[2026-04-03T01:55:08.482+0600][23.406s][info][gc,mmu      ] GC(66) MMU: 2ms/90.6%, 5ms/96.2%, 10ms/98.0%, 20ms/99.0%, 50ms/99.6%, 100ms/99.6%
[2026-04-03T01:55:08.482+0600][23.406s][info][gc,marking  ] GC(66) Mark: 2 stripe(s), 2 proactive flush(es), 1 terminate flush(es), 0 completion(s), 0 continuation(s) 
[2026-04-03T01:55:08.482+0600][23.406s][info][gc,marking  ] GC(66) Mark Stack Usage: 32M
[2026-04-03T01:55:08.482+0600][23.406s][info][gc,nmethod  ] GC(66) NMethods: 5279 registered, 166 unregistered
[2026-04-03T01:55:08.482+0600][23.406s][info][gc,metaspace] GC(66) Metaspace: 64M used, 66M committed, 1088M reserved
[2026-04-03T01:55:08.482+0600][23.406s][info][gc,ref      ] GC(66) Soft: 2714 encountered, 2388 discovered, 0 enqueued
[2026-04-03T01:55:08.482+0600][23.406s][info][gc,ref      ] GC(66) Weak: 5705 encountered, 691 discovered, 0 enqueued
[2026-04-03T01:55:08.482+0600][23.406s][info][gc,ref      ] GC(66) Final: 74 encountered, 0 discovered, 0 enqueued
[2026-04-03T01:55:08.482+0600][23.406s][info][gc,ref      ] GC(66) Phantom: 597 encountered, 223 discovered, 0 enqueued
[2026-04-03T01:55:08.482+0600][23.406s][info][gc,reloc    ] GC(66) Small Pages: 238 / 476M, Empty: 324M, Relocated: 3M, In-Place: 0
[2026-04-03T01:55:08.482+0600][23.406s][info][gc,reloc    ] GC(66) Medium Pages: 1 / 8M, Empty: 0M, Relocated: 0M, In-Place: 0
[2026-04-03T01:55:08.482+0600][23.406s][info][gc,reloc    ] GC(66) Large Pages: 4 / 16M, Empty: 4M, Relocated: 0M, In-Place: 0
[2026-04-03T01:55:08.482+0600][23.406s][info][gc,reloc    ] GC(66) Forwarding Usage: 1M
[2026-04-03T01:55:08.482+0600][23.406s][info][gc,heap     ] GC(66) Min Capacity: 8M(2%)
[2026-04-03T01:55:08.482+0600][23.406s][info][gc,heap     ] GC(66) Max Capacity: 500M(100%)
[2026-04-03T01:55:08.482+0600][23.406s][info][gc,heap     ] GC(66) Soft Max Capacity: 500M(100%)
[2026-04-03T01:55:08.482+0600][23.406s][info][gc,heap     ] GC(66)                Mark Start          Mark End        Relocate Start      Relocate End           High               Low         
[2026-04-03T01:55:08.483+0600][23.406s][info][gc,heap     ] GC(66)  Capacity:      500M (100%)        500M (100%)        500M (100%)        500M (100%)        500M (100%)        500M (100%)   
[2026-04-03T01:55:08.483+0600][23.406s][info][gc,heap     ] GC(66)      Free:        0M (0%)            0M (0%)          320M (64%)         352M (70%)         352M (70%)           0M (0%)     
[2026-04-03T01:55:08.483+0600][23.406s][info][gc,heap     ] GC(66)      Used:      500M (100%)        500M (100%)        180M (36%)         148M (30%)         500M (100%)        148M (30%)    
[2026-04-03T01:55:08.483+0600][23.406s][info][gc,heap     ] GC(66)      Live:         -               122M (24%)         122M (24%)         122M (24%)            -                  -          
[2026-04-03T01:55:08.483+0600][23.406s][info][gc,heap     ] GC(66) Allocated:         -                 0M (0%)            8M (2%)           11M (2%)             -                  -          
[2026-04-03T01:55:08.483+0600][23.406s][info][gc,heap     ] GC(66)   Garbage:         -               377M (76%)          49M (10%)          13M (3%)             -                  -          
[2026-04-03T01:55:08.483+0600][23.406s][info][gc,heap     ] GC(66) Reclaimed:         -                  -               328M (66%)         363M (73%)            -                  -          
[2026-04-03T01:55:08.483+0600][23.406s][info][gc          ] GC(66) Garbage Collection (Allocation Stall) 500M(100%)->148M(30%)
[2026-04-03T01:55:08.508+0600][23.432s][info][gc,start    ] GC(67) Garbage Collection (Allocation Stall)
[2026-04-03T01:55:08.508+0600][23.432s][info][gc,ref      ] GC(67) Clearing All SoftReferences
[2026-04-03T01:55:08.508+0600][23.432s][info][gc,task     ] GC(67) Using 3 workers
[2026-04-03T01:55:08.508+0600][23.432s][info][gc,ref      ] GC(67) Clearing All SoftReferences
[2026-04-03T01:55:08.508+0600][23.432s][info][gc,phases   ] GC(67) Pause Mark Start 0.031ms
[2026-04-03T01:55:08.586+0600][23.510s][info][gc,phases   ] GC(67) Concurrent Mark 77.699ms
[2026-04-03T01:55:08.586+0600][23.510s][info][gc,phases   ] GC(67) Pause Mark End 0.026ms
[2026-04-03T01:55:08.587+0600][23.510s][info][gc,phases   ] GC(67) Concurrent Mark Free 0.002ms
[2026-04-03T01:55:08.592+0600][23.516s][info][gc,phases   ] GC(67) Concurrent Process Non-Strong References 5.777ms
[2026-04-03T01:55:08.592+0600][23.516s][info][gc,phases   ] GC(67) Concurrent Reset Relocation Set 0.004ms
[2026-04-03T01:55:08.595+0600][23.518s][info][gc,phases   ] GC(67) Concurrent Select Relocation Set 2.641ms
[2026-04-03T01:55:08.595+0600][23.519s][info][gc,phases   ] GC(67) Pause Relocate Start 0.007ms
[2026-04-03T01:55:08.598+0600][23.521s][info][gc,phases   ] GC(67) Concurrent Relocate 2.270ms
[2026-04-03T01:55:08.598+0600][23.521s][info][gc,load     ] GC(67) Load: 6.49/7.54/7.40
[2026-04-03T01:55:08.598+0600][23.521s][info][gc,mmu      ] GC(67) MMU: 2ms/90.6%, 5ms/96.2%, 10ms/98.0%, 20ms/99.0%, 50ms/99.6%, 100ms/99.6%
[2026-04-03T01:55:08.598+0600][23.521s][info][gc,marking  ] GC(67) Mark: 2 stripe(s), 2 proactive flush(es), 1 terminate flush(es), 0 completion(s), 0 continuation(s) 
[2026-04-03T01:55:08.598+0600][23.521s][info][gc,marking  ] GC(67) Mark Stack Usage: 32M
[2026-04-03T01:55:08.598+0600][23.521s][info][gc,nmethod  ] GC(67) NMethods: 5280 registered, 166 unregistered
[2026-04-03T01:55:08.598+0600][23.521s][info][gc,metaspace] GC(67) Metaspace: 64M used, 66M committed, 1088M reserved
[2026-04-03T01:55:08.598+0600][23.521s][info][gc,ref      ] GC(67) Soft: 2714 encountered, 652 discovered, 0 enqueued
[2026-04-03T01:55:08.598+0600][23.521s][info][gc,ref      ] GC(67) Weak: 5705 encountered, 288 discovered, 0 enqueued
[2026-04-03T01:55:08.598+0600][23.521s][info][gc,ref      ] GC(67) Final: 74 encountered, 0 discovered, 0 enqueued
[2026-04-03T01:55:08.598+0600][23.521s][info][gc,ref      ] GC(67) Phantom: 597 encountered, 539 discovered, 0 enqueued
[2026-04-03T01:55:08.598+0600][23.521s][info][gc,reloc    ] GC(67) Small Pages: 100 / 200M, Empty: 76M, Relocated: 1M, In-Place: 0
[2026-04-03T01:55:08.598+0600][23.521s][info][gc,reloc    ] GC(67) Medium Pages: 1 / 8M, Empty: 0M, Relocated: 0M, In-Place: 0
[2026-04-03T01:55:08.598+0600][23.521s][info][gc,reloc    ] GC(67) Large Pages: 3 / 12M, Empty: 0M, Relocated: 0M, In-Place: 0
[2026-04-03T01:55:08.598+0600][23.521s][info][gc,reloc    ] GC(67) Forwarding Usage: 0M
[2026-04-03T01:55:08.598+0600][23.521s][info][gc,heap     ] GC(67) Min Capacity: 8M(2%)
[2026-04-03T01:55:08.598+0600][23.521s][info][gc,heap     ] GC(67) Max Capacity: 500M(100%)
[2026-04-03T01:55:08.598+0600][23.521s][info][gc,heap     ] GC(67) Soft Max Capacity: 500M(100%)
[2026-04-03T01:55:08.598+0600][23.521s][info][gc,heap     ] GC(67)                Mark Start          Mark End        Relocate Start      Relocate End           High               Low         
[2026-04-03T01:55:08.598+0600][23.521s][info][gc,heap     ] GC(67)  Capacity:      500M (100%)        500M (100%)        500M (100%)        500M (100%)        500M (100%)        500M (100%)   
[2026-04-03T01:55:08.598+0600][23.521s][info][gc,heap     ] GC(67)      Free:      280M (56%)          96M (19%)         152M (30%)         156M (31%)         280M (56%)          78M (16%)    
[2026-04-03T01:55:08.598+0600][23.521s][info][gc,heap     ] GC(67)      Used:      220M (44%)         404M (81%)         348M (70%)         344M (69%)         422M (84%)         220M (44%)    
[2026-04-03T01:55:08.598+0600][23.521s][info][gc,heap     ] GC(67)      Live:         -               122M (24%)         122M (24%)         122M (24%)            -                  -          
[2026-04-03T01:55:08.598+0600][23.521s][info][gc,heap     ] GC(67) Allocated:         -               184M (37%)         204M (41%)         207M (42%)            -                  -          
[2026-04-03T01:55:08.598+0600][23.521s][info][gc,heap     ] GC(67)   Garbage:         -                97M (20%)          21M (4%)           13M (3%)             -                  -          
[2026-04-03T01:55:08.598+0600][23.521s][info][gc,heap     ] GC(67) Reclaimed:         -                  -                76M (15%)          83M (17%)            -                  -          
[2026-04-03T01:55:08.598+0600][23.521s][info][gc          ] GC(67) Garbage Collection (Allocation Stall) 220M(44%)->344M(69%)
[2026-04-03T01:55:08.608+0600][23.532s][info][gc,start    ] GC(68) Garbage Collection (Allocation Rate)
[2026-04-03T01:55:08.608+0600][23.532s][info][gc,task     ] GC(68) Using 3 workers
[2026-04-03T01:55:08.609+0600][23.532s][info][gc,phases   ] GC(68) Pause Mark Start 0.007ms
[2026-04-03T01:55:08.684+0600][23.607s][info][gc,phases   ] GC(68) Concurrent Mark 75.190ms
[2026-04-03T01:55:08.684+0600][23.607s][info][gc,phases   ] GC(68) Pause Mark End 0.028ms
[2026-04-03T01:55:08.684+0600][23.608s][info][gc,phases   ] GC(68) Concurrent Mark Free 0.003ms
[2026-04-03T01:55:08.691+0600][23.614s][info][gc,phases   ] GC(68) Concurrent Process Non-Strong References 6.192ms
[2026-04-03T01:55:08.691+0600][23.614s][info][gc,phases   ] GC(68) Concurrent Reset Relocation Set 0.014ms
[2026-04-03T01:55:08.691+0600][23.614s][info][gc          ] Allocation Stall (Executor task launch worker for task 1.0 in stage 7.0 (TID 12)) 7.227ms
[2026-04-03T01:55:08.694+0600][23.617s][info][gc,phases   ] GC(68) Concurrent Select Relocation Set 3.316ms
[2026-04-03T01:55:08.694+0600][23.618s][info][gc,phases   ] GC(68) Pause Relocate Start 0.013ms
[2026-04-03T01:55:08.698+0600][23.621s][info][gc,phases   ] GC(68) Concurrent Relocate 3.029ms
[2026-04-03T01:55:08.698+0600][23.621s][info][gc,load     ] GC(68) Load: 6.49/7.54/7.40
[2026-04-03T01:55:08.698+0600][23.621s][info][gc,mmu      ] GC(68) MMU: 2ms/90.6%, 5ms/96.2%, 10ms/98.0%, 20ms/99.0%, 50ms/99.6%, 100ms/99.6%
[2026-04-03T01:55:08.698+0600][23.621s][info][gc,marking  ] GC(68) Mark: 2 stripe(s), 2 proactive flush(es), 1 terminate flush(es), 0 completion(s), 0 continuation(s) 
[2026-04-03T01:55:08.698+0600][23.621s][info][gc,marking  ] GC(68) Mark Stack Usage: 32M
[2026-04-03T01:55:08.698+0600][23.621s][info][gc,nmethod  ] GC(68) NMethods: 5296 registered, 167 unregistered
[2026-04-03T01:55:08.698+0600][23.621s][info][gc,metaspace] GC(68) Metaspace: 64M used, 66M committed, 1088M reserved
[2026-04-03T01:55:08.698+0600][23.621s][info][gc,ref      ] GC(68) Soft: 2714 encountered, 0 discovered, 0 enqueued
[2026-04-03T01:55:08.698+0600][23.621s][info][gc,ref      ] GC(68) Weak: 5684 encountered, 724 discovered, 0 enqueued
[2026-04-03T01:55:08.698+0600][23.621s][info][gc,ref      ] GC(68) Final: 74 encountered, 3 discovered, 0 enqueued
[2026-04-03T01:55:08.698+0600][23.621s][info][gc,ref      ] GC(68) Phantom: 597 encountered, 229 discovered, 0 enqueued
[2026-04-03T01:55:08.698+0600][23.621s][info][gc,reloc    ] GC(68) Small Pages: 176 / 352M, Empty: 222M, Relocated: 1M, In-Place: 0
[2026-04-03T01:55:08.698+0600][23.621s][info][gc,reloc    ] GC(68) Medium Pages: 1 / 8M, Empty: 0M, Relocated: 0M, In-Place: 0
[2026-04-03T01:55:08.698+0600][23.621s][info][gc,reloc    ] GC(68) Large Pages: 3 / 12M, Empty: 0M, Relocated: 0M, In-Place: 0
[2026-04-03T01:55:08.698+0600][23.621s][info][gc,reloc    ] GC(68) Forwarding Usage: 0M
[2026-04-03T01:55:08.698+0600][23.621s][info][gc,heap     ] GC(68) Min Capacity: 8M(2%)
[2026-04-03T01:55:08.698+0600][23.621s][info][gc,heap     ] GC(68) Max Capacity: 500M(100%)
[2026-04-03T01:55:08.698+0600][23.621s][info][gc,heap     ] GC(68) Soft Max Capacity: 500M(100%)
[2026-04-03T01:55:08.698+0600][23.621s][info][gc,heap     ] GC(68)                Mark Start          Mark End        Relocate Start      Relocate End           High               Low         
[2026-04-03T01:55:08.698+0600][23.621s][info][gc,heap     ] GC(68)  Capacity:      500M (100%)        500M (100%)        500M (100%)        500M (100%)        500M (100%)        500M (100%)   
[2026-04-03T01:55:08.698+0600][23.621s][info][gc,heap     ] GC(68)      Free:      128M (26%)           0M (0%)          218M (44%)         228M (46%)         230M (46%)           0M (0%)     
[2026-04-03T01:55:08.698+0600][23.621s][info][gc,heap     ] GC(68)      Used:      372M (74%)         500M (100%)        282M (56%)         272M (54%)         500M (100%)        270M (54%)    
[2026-04-03T01:55:08.698+0600][23.621s][info][gc,heap     ] GC(68)      Live:         -               122M (24%)         122M (24%)         122M (24%)            -                  -          
[2026-04-03T01:55:08.698+0600][23.621s][info][gc,heap     ] GC(68) Allocated:         -               128M (26%)         132M (26%)         135M (27%)            -                  -          
[2026-04-03T01:55:08.698+0600][23.621s][info][gc,heap     ] GC(68)   Garbage:         -               249M (50%)          27M (6%)           13M (3%)             -                  -          
[2026-04-03T01:55:08.698+0600][23.621s][info][gc,heap     ] GC(68) Reclaimed:         -                  -               222M (44%)         235M (47%)            -                  -          
[2026-04-03T01:55:08.698+0600][23.621s][info][gc          ] GC(68) Garbage Collection (Allocation Rate) 372M(74%)->272M(54%)
[2026-04-03T01:55:08.708+0600][23.632s][info][gc,start    ] GC(69) Garbage Collection (Allocation Stall)
[2026-04-03T01:55:08.709+0600][23.632s][info][gc,ref      ] GC(69) Clearing All SoftReferences
[2026-04-03T01:55:08.709+0600][23.632s][info][gc,task     ] GC(69) Using 3 workers
[2026-04-03T01:55:08.709+0600][23.632s][info][gc,ref      ] GC(69) Clearing All SoftReferences
[2026-04-03T01:55:08.709+0600][23.632s][info][gc,phases   ] GC(69) Pause Mark Start 0.053ms
[2026-04-03T01:55:08.794+0600][23.717s][info][gc,phases   ] GC(69) Concurrent Mark 84.948ms
[2026-04-03T01:55:08.794+0600][23.718s][info][gc,phases   ] GC(69) Pause Mark End 0.028ms
[2026-04-03T01:55:08.794+0600][23.718s][info][gc,phases   ] GC(69) Concurrent Mark Free 0.003ms
[2026-04-03T01:55:08.812+0600][23.735s][info][gc,phases   ] GC(69) Concurrent Process Non-Strong References 17.050ms
[2026-04-03T01:55:08.812+0600][23.735s][info][gc,phases   ] GC(69) Concurrent Reset Relocation Set 0.002ms
[2026-04-03T01:55:08.815+0600][23.739s][info][gc,phases   ] GC(69) Concurrent Select Relocation Set 3.777ms
[2026-04-03T01:55:08.816+0600][23.739s][info][gc,phases   ] GC(69) Pause Relocate Start 0.015ms
[2026-04-03T01:55:08.819+0600][23.742s][info][gc,phases   ] GC(69) Concurrent Relocate 2.870ms
[2026-04-03T01:55:08.819+0600][23.742s][info][gc,load     ] GC(69) Load: 6.49/7.54/7.40
[2026-04-03T01:55:08.819+0600][23.742s][info][gc,mmu      ] GC(69) MMU: 2ms/90.6%, 5ms/96.2%, 10ms/98.0%, 20ms/99.0%, 50ms/99.6%, 100ms/99.6%
[2026-04-03T01:55:08.819+0600][23.742s][info][gc,marking  ] GC(69) Mark: 2 stripe(s), 2 proactive flush(es), 1 terminate flush(es), 0 completion(s), 0 continuation(s) 
[2026-04-03T01:55:08.819+0600][23.742s][info][gc,marking  ] GC(69) Mark Stack Usage: 32M
[2026-04-03T01:55:08.819+0600][23.742s][info][gc,nmethod  ] GC(69) NMethods: 5295 registered, 170 unregistered
[2026-04-03T01:55:08.819+0600][23.742s][info][gc,metaspace] GC(69) Metaspace: 64M used, 66M committed, 1088M reserved
[2026-04-03T01:55:08.819+0600][23.742s][info][gc,ref      ] GC(69) Soft: 2777 encountered, 2061 discovered, 64 enqueued
[2026-04-03T01:55:08.819+0600][23.742s][info][gc,ref      ] GC(69) Weak: 5454 encountered, 331 discovered, 30 enqueued
[2026-04-03T01:55:08.819+0600][23.742s][info][gc,ref      ] GC(69) Final: 74 encountered, 1 discovered, 0 enqueued
[2026-04-03T01:55:08.819+0600][23.742s][info][gc,ref      ] GC(69) Phantom: 597 encountered, 218 discovered, 0 enqueued
[2026-04-03T01:55:08.819+0600][23.742s][info][gc,reloc    ] GC(69) Small Pages: 133 / 266M, Empty: 122M, Relocated: 1M, In-Place: 0
[2026-04-03T01:55:08.819+0600][23.742s][info][gc,reloc    ] GC(69) Medium Pages: 1 / 8M, Empty: 0M, Relocated: 0M, In-Place: 0
[2026-04-03T01:55:08.819+0600][23.742s][info][gc,reloc    ] GC(69) Large Pages: 4 / 14M, Empty: 2M, Relocated: 0M, In-Place: 0
[2026-04-03T01:55:08.819+0600][23.742s][info][gc,reloc    ] GC(69) Forwarding Usage: 0M
[2026-04-03T01:55:08.819+0600][23.742s][info][gc,heap     ] GC(69) Min Capacity: 8M(2%)
[2026-04-03T01:55:08.819+0600][23.742s][info][gc,heap     ] GC(69) Max Capacity: 500M(100%)
[2026-04-03T01:55:08.819+0600][23.742s][info][gc,heap     ] GC(69) Soft Max Capacity: 500M(100%)
[2026-04-03T01:55:08.819+0600][23.742s][info][gc,heap     ] GC(69)                Mark Start          Mark End        Relocate Start      Relocate End           High               Low         
[2026-04-03T01:55:08.819+0600][23.742s][info][gc,heap     ] GC(69)  Capacity:      500M (100%)        500M (100%)        500M (100%)        500M (100%)        500M (100%)        500M (100%)   
[2026-04-03T01:55:08.819+0600][23.742s][info][gc,heap     ] GC(69)      Free:      212M (42%)         110M (22%)         210M (42%)         232M (46%)         234M (47%)          86M (17%)    
[2026-04-03T01:55:08.819+0600][23.742s][info][gc,heap     ] GC(69)      Used:      288M (58%)         390M (78%)         290M (58%)         268M (54%)         414M (83%)         266M (53%)    
[2026-04-03T01:55:08.819+0600][23.742s][info][gc,heap     ] GC(69)      Live:         -               122M (24%)         122M (24%)         122M (24%)            -                  -          
[2026-04-03T01:55:08.819+0600][23.742s][info][gc,heap     ] GC(69) Allocated:         -               102M (20%)         126M (25%)         129M (26%)            -                  -          
[2026-04-03T01:55:08.819+0600][23.742s][info][gc,heap     ] GC(69)   Garbage:         -               165M (33%)          41M (8%)           15M (3%)             -                  -          
[2026-04-03T01:55:08.819+0600][23.742s][info][gc,heap     ] GC(69) Reclaimed:         -                  -               124M (25%)         149M (30%)            -                  -          
[2026-04-03T01:55:08.819+0600][23.742s][info][gc          ] GC(69) Garbage Collection (Allocation Stall) 288M(58%)->268M(54%)
[2026-04-03T01:55:08.909+0600][23.832s][info][gc,start    ] GC(70) Garbage Collection (Allocation Rate)
[2026-04-03T01:55:08.909+0600][23.832s][info][gc,task     ] GC(70) Using 3 workers
[2026-04-03T01:55:08.909+0600][23.832s][info][gc,phases   ] GC(70) Pause Mark Start 0.009ms
[2026-04-03T01:55:08.985+0600][23.909s][info][gc,phases   ] GC(70) Concurrent Mark 76.330ms
[2026-04-03T01:55:08.986+0600][23.909s][info][gc,phases   ] GC(70) Pause Mark End 0.024ms
[2026-04-03T01:55:08.986+0600][23.909s][info][gc,phases   ] GC(70) Concurrent Mark Free 0.002ms
[2026-04-03T01:55:08.998+0600][23.921s][info][gc,phases   ] GC(70) Concurrent Process Non-Strong References 12.325ms
[2026-04-03T01:55:08.998+0600][23.922s][info][gc,phases   ] GC(70) Concurrent Reset Relocation Set 0.008ms
[2026-04-03T01:55:08.998+0600][23.922s][info][gc          ] Allocation Stall (Executor task launch worker for task 1.0 in stage 7.0 (TID 12)) 24.759ms
[2026-04-03T01:55:09.001+0600][23.924s][info][gc,phases   ] GC(70) Concurrent Select Relocation Set 2.464ms
[2026-04-03T01:55:09.001+0600][23.924s][info][gc,phases   ] GC(70) Pause Relocate Start 0.012ms
[2026-04-03T01:55:09.004+0600][23.927s][info][gc,phases   ] GC(70) Concurrent Relocate 2.528ms
[2026-04-03T01:55:09.004+0600][23.927s][info][gc,load     ] GC(70) Load: 6.49/7.54/7.40
[2026-04-03T01:55:09.004+0600][23.927s][info][gc,mmu      ] GC(70) MMU: 2ms/90.6%, 5ms/96.2%, 10ms/98.0%, 20ms/99.0%, 50ms/99.6%, 100ms/99.6%
[2026-04-03T01:55:09.004+0600][23.927s][info][gc,marking  ] GC(70) Mark: 2 stripe(s), 2 proactive flush(es), 1 terminate flush(es), 0 completion(s), 0 continuation(s) 
[2026-04-03T01:55:09.004+0600][23.927s][info][gc,marking  ] GC(70) Mark Stack Usage: 32M
[2026-04-03T01:55:09.004+0600][23.927s][info][gc,nmethod  ] GC(70) NMethods: 5293 registered, 172 unregistered
[2026-04-03T01:55:09.004+0600][23.927s][info][gc,metaspace] GC(70) Metaspace: 64M used, 66M committed, 1088M reserved
[2026-04-03T01:55:09.004+0600][23.927s][info][gc,ref      ] GC(70) Soft: 2713 encountered, 0 discovered, 0 enqueued
[2026-04-03T01:55:09.004+0600][23.927s][info][gc,ref      ] GC(70) Weak: 5424 encountered, 260 discovered, 0 enqueued
[2026-04-03T01:55:09.004+0600][23.927s][info][gc,ref      ] GC(70) Final: 74 encountered, 0 discovered, 0 enqueued
[2026-04-03T01:55:09.004+0600][23.927s][info][gc,ref      ] GC(70) Phantom: 597 encountered, 587 discovered, 0 enqueued
[2026-04-03T01:55:09.004+0600][23.927s][info][gc,reloc    ] GC(70) Small Pages: 201 / 402M, Empty: 270M, Relocated: 1M, In-Place: 0
[2026-04-03T01:55:09.004+0600][23.927s][info][gc,reloc    ] GC(70) Medium Pages: 1 / 8M, Empty: 0M, Relocated: 0M, In-Place: 0
[2026-04-03T01:55:09.004+0600][23.927s][info][gc,reloc    ] GC(70) Large Pages: 3 / 12M, Empty: 0M, Relocated: 0M, In-Place: 0
[2026-04-03T01:55:09.004+0600][23.927s][info][gc,reloc    ] GC(70) Forwarding Usage: 0M
[2026-04-03T01:55:09.004+0600][23.927s][info][gc,heap     ] GC(70) Min Capacity: 8M(2%)
[2026-04-03T01:55:09.004+0600][23.927s][info][gc,heap     ] GC(70) Max Capacity: 500M(100%)
[2026-04-03T01:55:09.004+0600][23.927s][info][gc,heap     ] GC(70) Soft Max Capacity: 500M(100%)
[2026-04-03T01:55:09.004+0600][23.927s][info][gc,heap     ] GC(70)                Mark Start          Mark End        Relocate Start      Relocate End           High               Low         
[2026-04-03T01:55:09.004+0600][23.927s][info][gc,heap     ] GC(70)  Capacity:      500M (100%)        500M (100%)        500M (100%)        500M (100%)        500M (100%)        500M (100%)   
[2026-04-03T01:55:09.004+0600][23.927s][info][gc,heap     ] GC(70)      Free:       78M (16%)           0M (0%)          266M (53%)         278M (56%)         280M (56%)           0M (0%)     
[2026-04-03T01:55:09.004+0600][23.927s][info][gc,heap     ] GC(70)      Used:      422M (84%)         500M (100%)        234M (47%)         222M (44%)         500M (100%)        220M (44%)    
[2026-04-03T01:55:09.004+0600][23.927s][info][gc,heap     ] GC(70)      Live:         -               122M (24%)         122M (24%)         122M (24%)            -                  -          
[2026-04-03T01:55:09.004+0600][23.927s][info][gc,heap     ] GC(70) Allocated:         -                78M (16%)          82M (16%)          85M (17%)            -                  -          
[2026-04-03T01:55:09.004+0600][23.927s][info][gc,heap     ] GC(70)   Garbage:         -               299M (60%)          29M (6%)           13M (3%)             -                  -          
[2026-04-03T01:55:09.004+0600][23.927s][info][gc,heap     ] GC(70) Reclaimed:         -                  -               270M (54%)         285M (57%)            -                  -          
[2026-04-03T01:55:09.004+0600][23.927s][info][gc          ] GC(70) Garbage Collection (Allocation Rate) 422M(84%)->222M(44%)
[2026-04-03T01:55:09.009+0600][23.932s][info][gc,start    ] GC(71) Garbage Collection (Allocation Stall)
[2026-04-03T01:55:09.009+0600][23.932s][info][gc,ref      ] GC(71) Clearing All SoftReferences
[2026-04-03T01:55:09.009+0600][23.932s][info][gc,task     ] GC(71) Using 3 workers
[2026-04-03T01:55:09.009+0600][23.932s][info][gc,ref      ] GC(71) Clearing All SoftReferences
[2026-04-03T01:55:09.009+0600][23.933s][info][gc,phases   ] GC(71) Pause Mark Start 0.040ms
[2026-04-03T01:55:09.084+0600][24.008s][info][gc,phases   ] GC(71) Concurrent Mark 74.963ms
[2026-04-03T01:55:09.084+0600][24.008s][info][gc,phases   ] GC(71) Pause Mark End 0.022ms
[2026-04-03T01:55:09.085+0600][24.008s][info][gc,phases   ] GC(71) Concurrent Mark Free 0.003ms
[2026-04-03T01:55:09.090+0600][24.014s][info][gc,phases   ] GC(71) Concurrent Process Non-Strong References 5.697ms
[2026-04-03T01:55:09.090+0600][24.014s][info][gc,phases   ] GC(71) Concurrent Reset Relocation Set 0.003ms
[2026-04-03T01:55:09.093+0600][24.016s][info][gc,phases   ] GC(71) Concurrent Select Relocation Set 2.308ms
[2026-04-03T01:55:09.093+0600][24.016s][info][gc,phases   ] GC(71) Pause Relocate Start 0.011ms
[2026-04-03T01:55:09.095+0600][24.019s][info][gc,phases   ] GC(71) Concurrent Relocate 2.256ms
[2026-04-03T01:55:09.095+0600][24.019s][info][gc,load     ] GC(71) Load: 6.49/7.54/7.40
[2026-04-03T01:55:09.095+0600][24.019s][info][gc,mmu      ] GC(71) MMU: 2ms/90.6%, 5ms/96.2%, 10ms/98.0%, 20ms/99.0%, 50ms/99.6%, 100ms/99.6%
[2026-04-03T01:55:09.095+0600][24.019s][info][gc,marking  ] GC(71) Mark: 2 stripe(s), 2 proactive flush(es), 1 terminate flush(es), 0 completion(s), 0 continuation(s) 
[2026-04-03T01:55:09.095+0600][24.019s][info][gc,marking  ] GC(71) Mark Stack Usage: 32M
[2026-04-03T01:55:09.095+0600][24.019s][info][gc,nmethod  ] GC(71) NMethods: 5293 registered, 172 unregistered
[2026-04-03T01:55:09.095+0600][24.019s][info][gc,metaspace] GC(71) Metaspace: 64M used, 66M committed, 1088M reserved
[2026-04-03T01:55:09.095+0600][24.019s][info][gc,ref      ] GC(71) Soft: 2713 encountered, 1317 discovered, 0 enqueued
[2026-04-03T01:55:09.095+0600][24.019s][info][gc,ref      ] GC(71) Weak: 5424 encountered, 3351 discovered, 0 enqueued
[2026-04-03T01:55:09.095+0600][24.019s][info][gc,ref      ] GC(71) Final: 74 encountered, 0 discovered, 0 enqueued
[2026-04-03T01:55:09.095+0600][24.019s][info][gc,ref      ] GC(71) Phantom: 597 encountered, 226 discovered, 0 enqueued
[2026-04-03T01:55:09.095+0600][24.019s][info][gc,reloc    ] GC(71) Small Pages: 105 / 210M, Empty: 84M, Relocated: 1M, In-Place: 0
[2026-04-03T01:55:09.095+0600][24.019s][info][gc,reloc    ] GC(71) Medium Pages: 1 / 8M, Empty: 0M, Relocated: 0M, In-Place: 0
[2026-04-03T01:55:09.095+0600][24.019s][info][gc,reloc    ] GC(71) Large Pages: 3 / 12M, Empty: 0M, Relocated: 0M, In-Place: 0
[2026-04-03T01:55:09.095+0600][24.019s][info][gc,reloc    ] GC(71) Forwarding Usage: 0M
[2026-04-03T01:55:09.095+0600][24.019s][info][gc,heap     ] GC(71) Min Capacity: 8M(2%)
[2026-04-03T01:55:09.095+0600][24.019s][info][gc,heap     ] GC(71) Max Capacity: 500M(100%)
[2026-04-03T01:55:09.095+0600][24.019s][info][gc,heap     ] GC(71) Soft Max Capacity: 500M(100%)
[2026-04-03T01:55:09.095+0600][24.019s][info][gc,heap     ] GC(71)                Mark Start          Mark End        Relocate Start      Relocate End           High               Low         
[2026-04-03T01:55:09.096+0600][24.019s][info][gc,heap     ] GC(71)  Capacity:      500M (100%)        500M (100%)        500M (100%)        500M (100%)        500M (100%)        500M (100%)   
[2026-04-03T01:55:09.096+0600][24.019s][info][gc,heap     ] GC(71)      Free:      270M (54%)         176M (35%)         250M (50%)         256M (51%)         270M (54%)         166M (33%)    
[2026-04-03T01:55:09.096+0600][24.019s][info][gc,heap     ] GC(71)      Used:      230M (46%)         324M (65%)         250M (50%)         244M (49%)         334M (67%)         230M (46%)    
[2026-04-03T01:55:09.096+0600][24.019s][info][gc,heap     ] GC(71)      Live:         -               122M (24%)         122M (24%)         122M (24%)            -                  -          
[2026-04-03T01:55:09.096+0600][24.019s][info][gc,heap     ] GC(71) Allocated:         -                94M (19%)         104M (21%)         107M (22%)            -                  -          
[2026-04-03T01:55:09.096+0600][24.019s][info][gc,heap     ] GC(71)   Garbage:         -               107M (22%)          23M (5%)           13M (3%)             -                  -          
[2026-04-03T01:55:09.096+0600][24.019s][info][gc,heap     ] GC(71) Reclaimed:         -                  -                84M (17%)          93M (19%)            -                  -          
[2026-04-03T01:55:09.096+0600][24.019s][info][gc          ] GC(71) Garbage Collection (Allocation Stall) 230M(46%)->244M(49%)
[2026-04-03T01:55:09.108+0600][24.031s][info][gc,start    ] GC(72) Garbage Collection (Allocation Rate)
[2026-04-03T01:55:09.108+0600][24.031s][info][gc,task     ] GC(72) Using 3 workers
[2026-04-03T01:55:09.108+0600][24.032s][info][gc,phases   ] GC(72) Pause Mark Start 0.009ms
[2026-04-03T01:55:09.173+0600][24.096s][info][gc,phases   ] GC(72) Concurrent Mark 64.309ms
[2026-04-03T01:55:09.173+0600][24.096s][info][gc,phases   ] GC(72) Pause Mark End 0.026ms
[2026-04-03T01:55:09.173+0600][24.097s][info][gc,phases   ] GC(72) Concurrent Mark Free 0.002ms
[2026-04-03T01:55:09.179+0600][24.102s][info][gc,phases   ] GC(72) Concurrent Process Non-Strong References 5.257ms
[2026-04-03T01:55:09.179+0600][24.102s][info][gc,phases   ] GC(72) Concurrent Reset Relocation Set 0.002ms
[2026-04-03T01:55:09.181+0600][24.104s][info][gc,phases   ] GC(72) Concurrent Select Relocation Set 2.428ms
[2026-04-03T01:55:09.181+0600][24.105s][info][gc,phases   ] GC(72) Pause Relocate Start 0.011ms
[2026-04-03T01:55:09.184+0600][24.107s][info][gc,phases   ] GC(72) Concurrent Relocate 2.261ms
[2026-04-03T01:55:09.184+0600][24.107s][info][gc,load     ] GC(72) Load: 6.49/7.54/7.40
[2026-04-03T01:55:09.184+0600][24.107s][info][gc,mmu      ] GC(72) MMU: 2ms/90.6%, 5ms/96.2%, 10ms/98.0%, 20ms/99.0%, 50ms/99.6%, 100ms/99.6%
[2026-04-03T01:55:09.184+0600][24.107s][info][gc,marking  ] GC(72) Mark: 2 stripe(s), 2 proactive flush(es), 1 terminate flush(es), 0 completion(s), 0 continuation(s) 
[2026-04-03T01:55:09.184+0600][24.107s][info][gc,marking  ] GC(72) Mark Stack Usage: 32M
[2026-04-03T01:55:09.184+0600][24.107s][info][gc,nmethod  ] GC(72) NMethods: 5293 registered, 172 unregistered
[2026-04-03T01:55:09.184+0600][24.107s][info][gc,metaspace] GC(72) Metaspace: 64M used, 66M committed, 1088M reserved
[2026-04-03T01:55:09.184+0600][24.107s][info][gc,ref      ] GC(72) Soft: 2713 encountered, 0 discovered, 0 enqueued
[2026-04-03T01:55:09.184+0600][24.107s][info][gc,ref      ] GC(72) Weak: 5424 encountered, 150 discovered, 0 enqueued
[2026-04-03T01:55:09.184+0600][24.107s][info][gc,ref      ] GC(72) Final: 74 encountered, 0 discovered, 0 enqueued
[2026-04-03T01:55:09.184+0600][24.107s][info][gc,ref      ] GC(72) Phantom: 597 encountered, 547 discovered, 0 enqueued
[2026-04-03T01:55:09.184+0600][24.107s][info][gc,reloc    ] GC(72) Small Pages: 122 / 244M, Empty: 118M, Relocated: 1M, In-Place: 0
[2026-04-03T01:55:09.184+0600][24.107s][info][gc,reloc    ] GC(72) Medium Pages: 1 / 8M, Empty: 0M, Relocated: 0M, In-Place: 0
[2026-04-03T01:55:09.184+0600][24.107s][info][gc,reloc    ] GC(72) Large Pages: 3 / 12M, Empty: 0M, Relocated: 0M, In-Place: 0
[2026-04-03T01:55:09.184+0600][24.107s][info][gc,reloc    ] GC(72) Forwarding Usage: 0M
[2026-04-03T01:55:09.184+0600][24.107s][info][gc,heap     ] GC(72) Min Capacity: 8M(2%)
[2026-04-03T01:55:09.184+0600][24.107s][info][gc,heap     ] GC(72) Max Capacity: 500M(100%)
[2026-04-03T01:55:09.184+0600][24.107s][info][gc,heap     ] GC(72) Soft Max Capacity: 500M(100%)
[2026-04-03T01:55:09.184+0600][24.107s][info][gc,heap     ] GC(72)                Mark Start          Mark End        Relocate Start      Relocate End           High               Low         
[2026-04-03T01:55:09.184+0600][24.107s][info][gc,heap     ] GC(72)  Capacity:      500M (100%)        500M (100%)        500M (100%)        500M (100%)        500M (100%)        500M (100%)   
[2026-04-03T01:55:09.184+0600][24.107s][info][gc,heap     ] GC(72)      Free:      236M (47%)         142M (28%)         250M (50%)         256M (51%)         256M (51%)         132M (26%)    
[2026-04-03T01:55:09.184+0600][24.107s][info][gc,heap     ] GC(72)      Used:      264M (53%)         358M (72%)         250M (50%)         244M (49%)         368M (74%)         244M (49%)    
[2026-04-03T01:55:09.184+0600][24.107s][info][gc,heap     ] GC(72)      Live:         -               122M (24%)         122M (24%)         122M (24%)            -                  -          
[2026-04-03T01:55:09.184+0600][24.107s][info][gc,heap     ] GC(72) Allocated:         -                94M (19%)         104M (21%)         107M (22%)            -                  -          
[2026-04-03T01:55:09.184+0600][24.107s][info][gc,heap     ] GC(72)   Garbage:         -               141M (28%)          23M (5%)           13M (3%)             -                  -          
[2026-04-03T01:55:09.184+0600][24.107s][info][gc,heap     ] GC(72) Reclaimed:         -                  -               118M (24%)         127M (26%)            -                  -          
[2026-04-03T01:55:09.184+0600][24.107s][info][gc          ] GC(72) Garbage Collection (Allocation Rate) 264M(53%)->244M(49%)
[2026-04-03T01:55:09.208+0600][24.132s][info][gc,start    ] GC(73) Garbage Collection (Allocation Rate)
[2026-04-03T01:55:09.208+0600][24.132s][info][gc,task     ] GC(73) Using 3 workers
[2026-04-03T01:55:09.208+0600][24.132s][info][gc,phases   ] GC(73) Pause Mark Start 0.008ms
[2026-04-03T01:55:09.275+0600][24.198s][info][gc,phases   ] GC(73) Concurrent Mark 66.389ms
[2026-04-03T01:55:09.275+0600][24.199s][info][gc,phases   ] GC(73) Pause Mark End 0.029ms
[2026-04-03T01:55:09.275+0600][24.199s][info][gc,phases   ] GC(73) Concurrent Mark Free 0.002ms
[2026-04-03T01:55:09.281+0600][24.204s][info][gc,phases   ] GC(73) Concurrent Process Non-Strong References 5.319ms
[2026-04-03T01:55:09.281+0600][24.204s][info][gc,phases   ] GC(73) Concurrent Reset Relocation Set 0.002ms
[2026-04-03T01:55:09.283+0600][24.207s][info][gc,phases   ] GC(73) Concurrent Select Relocation Set 2.476ms
[2026-04-03T01:55:09.283+0600][24.207s][info][gc,phases   ] GC(73) Pause Relocate Start 0.012ms
[2026-04-03T01:55:09.286+0600][24.209s][info][gc,phases   ] GC(73) Concurrent Relocate 2.394ms
[2026-04-03T01:55:09.286+0600][24.209s][info][gc,load     ] GC(73) Load: 6.49/7.54/7.40
[2026-04-03T01:55:09.286+0600][24.209s][info][gc,mmu      ] GC(73) MMU: 2ms/90.6%, 5ms/96.2%, 10ms/98.0%, 20ms/99.0%, 50ms/99.6%, 100ms/99.6%
[2026-04-03T01:55:09.286+0600][24.209s][info][gc,marking  ] GC(73) Mark: 2 stripe(s), 2 proactive flush(es), 1 terminate flush(es), 0 completion(s), 0 continuation(s) 
[2026-04-03T01:55:09.286+0600][24.210s][info][gc,marking  ] GC(73) Mark Stack Usage: 32M
[2026-04-03T01:55:09.286+0600][24.210s][info][gc,nmethod  ] GC(73) NMethods: 5293 registered, 172 unregistered
[2026-04-03T01:55:09.286+0600][24.210s][info][gc,metaspace] GC(73) Metaspace: 64M used, 66M committed, 1088M reserved
[2026-04-03T01:55:09.286+0600][24.210s][info][gc,ref      ] GC(73) Soft: 2713 encountered, 0 discovered, 0 enqueued
[2026-04-03T01:55:09.286+0600][24.210s][info][gc,ref      ] GC(73) Weak: 5424 encountered, 2448 discovered, 0 enqueued
[2026-04-03T01:55:09.286+0600][24.210s][info][gc,ref      ] GC(73) Final: 74 encountered, 0 discovered, 0 enqueued
[2026-04-03T01:55:09.286+0600][24.210s][info][gc,ref      ] GC(73) Phantom: 597 encountered, 234 discovered, 0 enqueued
[2026-04-03T01:55:09.286+0600][24.210s][info][gc,reloc    ] GC(73) Small Pages: 133 / 266M, Empty: 142M, Relocated: 1M, In-Place: 0
[2026-04-03T01:55:09.286+0600][24.210s][info][gc,reloc    ] GC(73) Medium Pages: 1 / 8M, Empty: 0M, Relocated: 0M, In-Place: 0
[2026-04-03T01:55:09.286+0600][24.210s][info][gc,reloc    ] GC(73) Large Pages: 3 / 12M, Empty: 0M, Relocated: 0M, In-Place: 0
[2026-04-03T01:55:09.286+0600][24.210s][info][gc,reloc    ] GC(73) Forwarding Usage: 0M
[2026-04-03T01:55:09.286+0600][24.210s][info][gc,heap     ] GC(73) Min Capacity: 8M(2%)
[2026-04-03T01:55:09.286+0600][24.210s][info][gc,heap     ] GC(73) Max Capacity: 500M(100%)
[2026-04-03T01:55:09.286+0600][24.210s][info][gc,heap     ] GC(73) Soft Max Capacity: 500M(100%)
[2026-04-03T01:55:09.286+0600][24.210s][info][gc,heap     ] GC(73)                Mark Start          Mark End        Relocate Start      Relocate End           High               Low         
[2026-04-03T01:55:09.286+0600][24.210s][info][gc,heap     ] GC(73)  Capacity:      500M (100%)        500M (100%)        500M (100%)        500M (100%)        500M (100%)        500M (100%)   
[2026-04-03T01:55:09.286+0600][24.210s][info][gc,heap     ] GC(73)      Free:      214M (43%)         118M (24%)         248M (50%)         252M (50%)         254M (51%)         110M (22%)    
[2026-04-03T01:55:09.286+0600][24.210s][info][gc,heap     ] GC(73)      Used:      286M (57%)         382M (76%)         252M (50%)         248M (50%)         390M (78%)         246M (49%)    
[2026-04-03T01:55:09.286+0600][24.210s][info][gc,heap     ] GC(73)      Live:         -               122M (24%)         122M (24%)         122M (24%)            -                  -          
[2026-04-03T01:55:09.286+0600][24.210s][info][gc,heap     ] GC(73) Allocated:         -                96M (19%)         108M (22%)         111M (22%)            -                  -          
[2026-04-03T01:55:09.286+0600][24.210s][info][gc,heap     ] GC(73)   Garbage:         -               163M (33%)          21M (4%)           13M (3%)             -                  -          
[2026-04-03T01:55:09.286+0600][24.210s][info][gc,heap     ] GC(73) Reclaimed:         -                  -               142M (28%)         149M (30%)            -                  -          
[2026-04-03T01:55:09.286+0600][24.210s][info][gc          ] GC(73) Garbage Collection (Allocation Rate) 286M(57%)->248M(50%)
[2026-04-03T01:55:09.308+0600][24.232s][info][gc,start    ] GC(74) Garbage Collection (Allocation Rate)
[2026-04-03T01:55:09.308+0600][24.232s][info][gc,task     ] GC(74) Using 3 workers
[2026-04-03T01:55:09.309+0600][24.232s][info][gc,phases   ] GC(74) Pause Mark Start 0.008ms
[2026-04-03T01:55:09.385+0600][24.308s][info][gc,phases   ] GC(74) Concurrent Mark 75.901ms
[2026-04-03T01:55:09.385+0600][24.309s][info][gc,phases   ] GC(74) Pause Mark End 0.022ms
[2026-04-03T01:55:09.385+0600][24.309s][info][gc,phases   ] GC(74) Concurrent Mark Free 0.003ms
[2026-04-03T01:55:09.391+0600][24.315s][info][gc,phases   ] GC(74) Concurrent Process Non-Strong References 6.096ms
[2026-04-03T01:55:09.391+0600][24.315s][info][gc,phases   ] GC(74) Concurrent Reset Relocation Set 0.002ms
[2026-04-03T01:55:09.394+0600][24.318s][info][gc,phases   ] GC(74) Concurrent Select Relocation Set 2.768ms
[2026-04-03T01:55:09.394+0600][24.318s][info][gc,phases   ] GC(74) Pause Relocate Start 0.013ms
[2026-04-03T01:55:09.398+0600][24.321s][info][gc,phases   ] GC(74) Concurrent Relocate 2.950ms
[2026-04-03T01:55:09.398+0600][24.321s][info][gc,load     ] GC(74) Load: 6.49/7.54/7.40
[2026-04-03T01:55:09.398+0600][24.321s][info][gc,mmu      ] GC(74) MMU: 2ms/90.6%, 5ms/96.2%, 10ms/98.0%, 20ms/99.0%, 50ms/99.6%, 100ms/99.6%
[2026-04-03T01:55:09.398+0600][24.321s][info][gc,marking  ] GC(74) Mark: 2 stripe(s), 2 proactive flush(es), 1 terminate flush(es), 0 completion(s), 0 continuation(s) 
[2026-04-03T01:55:09.398+0600][24.321s][info][gc,marking  ] GC(74) Mark Stack Usage: 32M
[2026-04-03T01:55:09.398+0600][24.321s][info][gc,nmethod  ] GC(74) NMethods: 5325 registered, 172 unregistered
[2026-04-03T01:55:09.398+0600][24.321s][info][gc,metaspace] GC(74) Metaspace: 65M used, 66M committed, 1088M reserved
[2026-04-03T01:55:09.398+0600][24.321s][info][gc,ref      ] GC(74) Soft: 2713 encountered, 0 discovered, 0 enqueued
[2026-04-03T01:55:09.398+0600][24.321s][info][gc,ref      ] GC(74) Weak: 5400 encountered, 328 discovered, 0 enqueued
[2026-04-03T01:55:09.398+0600][24.321s][info][gc,ref      ] GC(74) Final: 74 encountered, 1 discovered, 0 enqueued
[2026-04-03T01:55:09.398+0600][24.321s][info][gc,ref      ] GC(74) Phantom: 597 encountered, 539 discovered, 0 enqueued
[2026-04-03T01:55:09.398+0600][24.321s][info][gc,reloc    ] GC(74) Small Pages: 133 / 266M, Empty: 140M, Relocated: 1M, In-Place: 0
[2026-04-03T01:55:09.398+0600][24.321s][info][gc,reloc    ] GC(74) Medium Pages: 1 / 8M, Empty: 0M, Relocated: 0M, In-Place: 0
[2026-04-03T01:55:09.398+0600][24.321s][info][gc,reloc    ] GC(74) Large Pages: 3 / 12M, Empty: 0M, Relocated: 0M, In-Place: 0
[2026-04-03T01:55:09.398+0600][24.321s][info][gc,reloc    ] GC(74) Forwarding Usage: 0M
[2026-04-03T01:55:09.398+0600][24.321s][info][gc,heap     ] GC(74) Min Capacity: 8M(2%)
[2026-04-03T01:55:09.398+0600][24.321s][info][gc,heap     ] GC(74) Max Capacity: 500M(100%)
[2026-04-03T01:55:09.398+0600][24.321s][info][gc,heap     ] GC(74) Soft Max Capacity: 500M(100%)
[2026-04-03T01:55:09.398+0600][24.321s][info][gc,heap     ] GC(74)                Mark Start          Mark End        Relocate Start      Relocate End           High               Low         
[2026-04-03T01:55:09.398+0600][24.321s][info][gc,heap     ] GC(74)  Capacity:      500M (100%)        500M (100%)        500M (100%)        500M (100%)        500M (100%)        500M (100%)   
[2026-04-03T01:55:09.398+0600][24.321s][info][gc,heap     ] GC(74)      Free:      214M (43%)         144M (29%)         282M (56%)         290M (58%)         290M (58%)         142M (28%)    
[2026-04-03T01:55:09.398+0600][24.321s][info][gc,heap     ] GC(74)      Used:      286M (57%)         356M (71%)         218M (44%)         210M (42%)         358M (72%)         210M (42%)    
[2026-04-03T01:55:09.398+0600][24.321s][info][gc,heap     ] GC(74)      Live:         -               122M (24%)         122M (24%)         122M (24%)            -                  -          
[2026-04-03T01:55:09.398+0600][24.321s][info][gc,heap     ] GC(74) Allocated:         -                70M (14%)          72M (14%)          71M (14%)            -                  -          
[2026-04-03T01:55:09.398+0600][24.321s][info][gc,heap     ] GC(74)   Garbage:         -               163M (33%)          23M (5%)           15M (3%)             -                  -          
[2026-04-03T01:55:09.398+0600][24.321s][info][gc,heap     ] GC(74) Reclaimed:         -                  -               140M (28%)         147M (30%)            -                  -          
[2026-04-03T01:55:09.398+0600][24.321s][info][gc          ] GC(74) Garbage Collection (Allocation Rate) 286M(57%)->210M(42%)
[2026-04-03T01:55:09.409+0600][24.332s][info][gc,start    ] GC(75) Garbage Collection (Allocation Rate)
[2026-04-03T01:55:09.409+0600][24.332s][info][gc,task     ] GC(75) Using 3 workers
[2026-04-03T01:55:09.409+0600][24.332s][info][gc,phases   ] GC(75) Pause Mark Start 0.010ms
[2026-04-03T01:55:09.498+0600][24.421s][info][gc,phases   ] GC(75) Concurrent Mark 88.578ms
[2026-04-03T01:55:09.498+0600][24.421s][info][gc,phases   ] GC(75) Pause Mark End 0.031ms
[2026-04-03T01:55:09.498+0600][24.421s][info][gc,phases   ] GC(75) Concurrent Mark Free 0.002ms
[2026-04-03T01:55:09.505+0600][24.429s][info][gc,phases   ] GC(75) Concurrent Process Non-Strong References 7.021ms
[2026-04-03T01:55:09.505+0600][24.429s][info][gc,phases   ] GC(75) Concurrent Reset Relocation Set 0.004ms
[2026-04-03T01:55:09.508+0600][24.432s][info][gc,phases   ] GC(75) Concurrent Select Relocation Set 3.203ms
[2026-04-03T01:55:09.509+0600][24.432s][info][gc,phases   ] GC(75) Pause Relocate Start 0.015ms
[2026-04-03T01:55:09.510+0600][24.433s][info][gc,phases   ] GC(75) Concurrent Relocate 0.861ms
[2026-04-03T01:55:09.510+0600][24.433s][info][gc,load     ] GC(75) Load: 6.05/7.43/7.36
[2026-04-03T01:55:09.510+0600][24.433s][info][gc,mmu      ] GC(75) MMU: 2ms/90.6%, 5ms/96.2%, 10ms/98.0%, 20ms/99.0%, 50ms/99.6%, 100ms/99.6%
[2026-04-03T01:55:09.510+0600][24.433s][info][gc,marking  ] GC(75) Mark: 2 stripe(s), 2 proactive flush(es), 1 terminate flush(es), 0 completion(s), 0 continuation(s) 
[2026-04-03T01:55:09.510+0600][24.433s][info][gc,marking  ] GC(75) Mark Stack Usage: 32M
[2026-04-03T01:55:09.510+0600][24.433s][info][gc,nmethod  ] GC(75) NMethods: 5419 registered, 177 unregistered
[2026-04-03T01:55:09.510+0600][24.433s][info][gc,metaspace] GC(75) Metaspace: 65M used, 66M committed, 1088M reserved
[2026-04-03T01:55:09.510+0600][24.433s][info][gc,ref      ] GC(75) Soft: 2953 encountered, 0 discovered, 0 enqueued
[2026-04-03T01:55:09.510+0600][24.433s][info][gc,ref      ] GC(75) Weak: 5766 encountered, 2242 discovered, 62 enqueued
[2026-04-03T01:55:09.510+0600][24.433s][info][gc,ref      ] GC(75) Final: 74 encountered, 0 discovered, 0 enqueued
[2026-04-03T01:55:09.510+0600][24.433s][info][gc,ref      ] GC(75) Phantom: 596 encountered, 226 discovered, 0 enqueued
[2026-04-03T01:55:09.510+0600][24.433s][info][gc,reloc    ] GC(75) Small Pages: 95 / 190M, Empty: 62M, Relocated: 1M, In-Place: 0
[2026-04-03T01:55:09.510+0600][24.433s][info][gc,reloc    ] GC(75) Medium Pages: 1 / 8M, Empty: 0M, Relocated: 0M, In-Place: 0
[2026-04-03T01:55:09.510+0600][24.433s][info][gc,reloc    ] GC(75) Large Pages: 4 / 14M, Empty: 2M, Relocated: 0M, In-Place: 0
[2026-04-03T01:55:09.510+0600][24.433s][info][gc,reloc    ] GC(75) Forwarding Usage: 0M
[2026-04-03T01:55:09.510+0600][24.433s][info][gc,heap     ] GC(75) Min Capacity: 8M(2%)
[2026-04-03T01:55:09.510+0600][24.433s][info][gc,heap     ] GC(75) Max Capacity: 500M(100%)
[2026-04-03T01:55:09.510+0600][24.433s][info][gc,heap     ] GC(75) Soft Max Capacity: 500M(100%)
[2026-04-03T01:55:09.510+0600][24.433s][info][gc,heap     ] GC(75)                Mark Start          Mark End        Relocate Start      Relocate End           High               Low         
[2026-04-03T01:55:09.510+0600][24.434s][info][gc,heap     ] GC(75)  Capacity:      500M (100%)        500M (100%)        500M (100%)        500M (100%)        500M (100%)        500M (100%)   
[2026-04-03T01:55:09.510+0600][24.434s][info][gc,heap     ] GC(75)      Free:      288M (58%)         266M (53%)         328M (66%)         334M (67%)         334M (67%)         264M (53%)    
[2026-04-03T01:55:09.510+0600][24.434s][info][gc,heap     ] GC(75)      Used:      212M (42%)         234M (47%)         172M (34%)         166M (33%)         236M (47%)         166M (33%)    
[2026-04-03T01:55:09.510+0600][24.434s][info][gc,heap     ] GC(75)      Live:         -               122M (25%)         122M (25%)         122M (25%)            -                  -          
[2026-04-03T01:55:09.510+0600][24.434s][info][gc,heap     ] GC(75) Allocated:         -                22M (4%)           24M (5%)           26M (5%)             -                  -          
[2026-04-03T01:55:09.510+0600][24.434s][info][gc,heap     ] GC(75)   Garbage:         -                89M (18%)          25M (5%)           17M (3%)             -                  -          
[2026-04-03T01:55:09.510+0600][24.434s][info][gc,heap     ] GC(75) Reclaimed:         -                  -                64M (13%)          72M (14%)            -                  -          
[2026-04-03T01:55:09.510+0600][24.434s][info][gc          ] GC(75) Garbage Collection (Allocation Rate) 212M(42%)->166M(33%)
[2026-04-03T01:55:09.609+0600][24.532s][info][gc,start    ] GC(76) Garbage Collection (Allocation Rate)
[2026-04-03T01:55:09.609+0600][24.532s][info][gc,task     ] GC(76) Using 3 workers
[2026-04-03T01:55:09.609+0600][24.532s][info][gc,phases   ] GC(76) Pause Mark Start 0.011ms
[2026-04-03T01:55:09.630+0600][24.553s][info][gc,phases   ] GC(76) Concurrent Mark 20.695ms
[2026-04-03T01:55:09.630+0600][24.553s][info][gc,phases   ] GC(76) Pause Mark End 0.020ms
[2026-04-03T01:55:09.630+0600][24.553s][info][gc,phases   ] GC(76) Concurrent Mark Free 0.002ms
[2026-04-03T01:55:09.644+0600][24.567s][info][gc,phases   ] GC(76) Concurrent Process Non-Strong References 13.627ms
[2026-04-03T01:55:09.644+0600][24.567s][info][gc,phases   ] GC(76) Concurrent Reset Relocation Set 0.003ms
[2026-04-03T01:55:09.647+0600][24.571s][info][gc,phases   ] GC(76) Concurrent Select Relocation Set 3.360ms
[2026-04-03T01:55:09.648+0600][24.571s][info][gc,phases   ] GC(76) Pause Relocate Start 0.013ms
[2026-04-03T01:55:09.651+0600][24.574s][info][gc,phases   ] GC(76) Concurrent Relocate 3.112ms
[2026-04-03T01:55:09.651+0600][24.574s][info][gc,load     ] GC(76) Load: 6.05/7.43/7.36
[2026-04-03T01:55:09.651+0600][24.574s][info][gc,mmu      ] GC(76) MMU: 2ms/90.6%, 5ms/96.2%, 10ms/98.0%, 20ms/99.0%, 50ms/99.6%, 100ms/99.6%
[2026-04-03T01:55:09.651+0600][24.574s][info][gc,marking  ] GC(76) Mark: 2 stripe(s), 2 proactive flush(es), 1 terminate flush(es), 0 completion(s), 0 continuation(s) 
[2026-04-03T01:55:09.651+0600][24.574s][info][gc,marking  ] GC(76) Mark Stack Usage: 32M
[2026-04-03T01:55:09.651+0600][24.574s][info][gc,nmethod  ] GC(76) NMethods: 5427 registered, 199 unregistered
[2026-04-03T01:55:09.651+0600][24.574s][info][gc,metaspace] GC(76) Metaspace: 65M used, 66M committed, 1088M reserved
[2026-04-03T01:55:09.651+0600][24.574s][info][gc,ref      ] GC(76) Soft: 3077 encountered, 0 discovered, 0 enqueued
[2026-04-03T01:55:09.651+0600][24.574s][info][gc,ref      ] GC(76) Weak: 5865 encountered, 503 discovered, 308 enqueued
[2026-04-03T01:55:09.651+0600][24.574s][info][gc,ref      ] GC(76) Final: 74 encountered, 0 discovered, 0 enqueued
[2026-04-03T01:55:09.651+0600][24.574s][info][gc,ref      ] GC(76) Phantom: 589 encountered, 213 discovered, 0 enqueued
[2026-04-03T01:55:09.651+0600][24.574s][info][gc,reloc    ] GC(76) Small Pages: 77 / 154M, Empty: 58M, Relocated: 6M, In-Place: 0
[2026-04-03T01:55:09.651+0600][24.574s][info][gc,reloc    ] GC(76) Medium Pages: 1 / 8M, Empty: 0M, Relocated: 0M, In-Place: 0
[2026-04-03T01:55:09.651+0600][24.574s][info][gc,reloc    ] GC(76) Large Pages: 6 / 22M, Empty: 16M, Relocated: 0M, In-Place: 0
[2026-04-03T01:55:09.651+0600][24.574s][info][gc,reloc    ] GC(76) Forwarding Usage: 2M
[2026-04-03T01:55:09.651+0600][24.574s][info][gc,heap     ] GC(76) Min Capacity: 8M(2%)
[2026-04-03T01:55:09.651+0600][24.574s][info][gc,heap     ] GC(76) Max Capacity: 500M(100%)
[2026-04-03T01:55:09.651+0600][24.574s][info][gc,heap     ] GC(76) Soft Max Capacity: 500M(100%)
[2026-04-03T01:55:09.651+0600][24.574s][info][gc,heap     ] GC(76)                Mark Start          Mark End        Relocate Start      Relocate End           High               Low         
[2026-04-03T01:55:09.651+0600][24.574s][info][gc,heap     ] GC(76)  Capacity:      500M (100%)        500M (100%)        500M (100%)        500M (100%)        500M (100%)        500M (100%)   
[2026-04-03T01:55:09.651+0600][24.574s][info][gc,heap     ] GC(76)      Free:      316M (63%)         312M (62%)         386M (77%)         446M (89%)         446M (89%)         312M (62%)    
[2026-04-03T01:55:09.651+0600][24.574s][info][gc,heap     ] GC(76)      Used:      184M (37%)         188M (38%)         114M (23%)          54M (11%)         188M (38%)          54M (11%)    
[2026-04-03T01:55:09.651+0600][24.574s][info][gc,heap     ] GC(76)      Live:         -                36M (7%)           36M (7%)           36M (7%)             -                  -          
[2026-04-03T01:55:09.651+0600][24.574s][info][gc,heap     ] GC(76) Allocated:         -                 4M (1%)            4M (1%)            3M (1%)             -                  -          
[2026-04-03T01:55:09.651+0600][24.574s][info][gc,heap     ] GC(76)   Garbage:         -               147M (29%)          73M (15%)          13M (3%)             -                  -          
[2026-04-03T01:55:09.651+0600][24.574s][info][gc,heap     ] GC(76) Reclaimed:         -                  -                74M (15%)         133M (27%)            -                  -          
[2026-04-03T01:55:09.651+0600][24.574s][info][gc          ] GC(76) Garbage Collection (Allocation Rate) 184M(37%)->54M(11%)
[2026-04-03T01:55:09.708+0600][24.631s][info][gc,start    ] GC(77) Garbage Collection (Allocation Rate)
[2026-04-03T01:55:09.708+0600][24.631s][info][gc,task     ] GC(77) Using 3 workers
[2026-04-03T01:55:09.708+0600][24.632s][info][gc,phases   ] GC(77) Pause Mark Start 0.009ms
[2026-04-03T01:55:09.732+0600][24.656s][info][gc,phases   ] GC(77) Concurrent Mark 23.868ms
[2026-04-03T01:55:09.732+0600][24.656s][info][gc,phases   ] GC(77) Pause Mark End 0.018ms
[2026-04-03T01:55:09.733+0600][24.656s][info][gc,phases   ] GC(77) Concurrent Mark Free 0.002ms
[2026-04-03T01:55:09.738+0600][24.661s][info][gc,phases   ] GC(77) Concurrent Process Non-Strong References 5.074ms
[2026-04-03T01:55:09.738+0600][24.661s][info][gc,phases   ] GC(77) Concurrent Reset Relocation Set 0.004ms
[2026-04-03T01:55:09.740+0600][24.664s][info][gc,phases   ] GC(77) Concurrent Select Relocation Set 2.437ms
[2026-04-03T01:55:09.740+0600][24.664s][info][gc,phases   ] GC(77) Pause Relocate Start 0.011ms
[2026-04-03T01:55:09.742+0600][24.665s][info][gc,phases   ] GC(77) Concurrent Relocate 1.352ms
[2026-04-03T01:55:09.742+0600][24.665s][info][gc,load     ] GC(77) Load: 6.05/7.43/7.36
[2026-04-03T01:55:09.742+0600][24.665s][info][gc,mmu      ] GC(77) MMU: 2ms/90.6%, 5ms/96.2%, 10ms/98.0%, 20ms/99.0%, 50ms/99.6%, 100ms/99.6%
[2026-04-03T01:55:09.742+0600][24.665s][info][gc,marking  ] GC(77) Mark: 2 stripe(s), 2 proactive flush(es), 1 terminate flush(es), 0 completion(s), 0 continuation(s) 
[2026-04-03T01:55:09.742+0600][24.665s][info][gc,marking  ] GC(77) Mark Stack Usage: 32M
[2026-04-03T01:55:09.742+0600][24.665s][info][gc,nmethod  ] GC(77) NMethods: 5428 registered, 199 unregistered
[2026-04-03T01:55:09.742+0600][24.665s][info][gc,metaspace] GC(77) Metaspace: 65M used, 66M committed, 1088M reserved
[2026-04-03T01:55:09.742+0600][24.665s][info][gc,ref      ] GC(77) Soft: 3077 encountered, 0 discovered, 0 enqueued
[2026-04-03T01:55:09.742+0600][24.665s][info][gc,ref      ] GC(77) Weak: 5557 encountered, 125 discovered, 0 enqueued
[2026-04-03T01:55:09.742+0600][24.665s][info][gc,ref      ] GC(77) Final: 74 encountered, 1 discovered, 0 enqueued
[2026-04-03T01:55:09.742+0600][24.665s][info][gc,ref      ] GC(77) Phantom: 589 encountered, 237 discovered, 0 enqueued
[2026-04-03T01:55:09.742+0600][24.665s][info][gc,reloc    ] GC(77) Small Pages: 21 / 42M, Empty: 4M, Relocated: 3M, In-Place: 0
[2026-04-03T01:55:09.742+0600][24.665s][info][gc,reloc    ] GC(77) Medium Pages: 1 / 8M, Empty: 0M, Relocated: 0M, In-Place: 0
[2026-04-03T01:55:09.742+0600][24.665s][info][gc,reloc    ] GC(77) Large Pages: 2 / 6M, Empty: 0M, Relocated: 0M, In-Place: 0
[2026-04-03T01:55:09.742+0600][24.665s][info][gc,reloc    ] GC(77) Forwarding Usage: 0M
[2026-04-03T01:55:09.742+0600][24.665s][info][gc,heap     ] GC(77) Min Capacity: 8M(2%)
[2026-04-03T01:55:09.742+0600][24.665s][info][gc,heap     ] GC(77) Max Capacity: 500M(100%)
[2026-04-03T01:55:09.742+0600][24.665s][info][gc,heap     ] GC(77) Soft Max Capacity: 500M(100%)
[2026-04-03T01:55:09.742+0600][24.665s][info][gc,heap     ] GC(77)                Mark Start          Mark End        Relocate Start      Relocate End           High               Low         
[2026-04-03T01:55:09.742+0600][24.665s][info][gc,heap     ] GC(77)  Capacity:      500M (100%)        500M (100%)        500M (100%)        500M (100%)        500M (100%)        500M (100%)   
[2026-04-03T01:55:09.742+0600][24.665s][info][gc,heap     ] GC(77)      Free:      444M (89%)         440M (88%)         444M (89%)         448M (90%)         448M (90%)         440M (88%)    
[2026-04-03T01:55:09.742+0600][24.665s][info][gc,heap     ] GC(77)      Used:       56M (11%)          60M (12%)          56M (11%)          52M (10%)          60M (12%)          52M (10%)    
[2026-04-03T01:55:09.742+0600][24.665s][info][gc,heap     ] GC(77)      Live:         -                36M (7%)           36M (7%)           36M (7%)             -                  -          
[2026-04-03T01:55:09.742+0600][24.665s][info][gc,heap     ] GC(77) Allocated:         -                 4M (1%)            4M (1%)            3M (1%)             -                  -          
[2026-04-03T01:55:09.742+0600][24.665s][info][gc,heap     ] GC(77)   Garbage:         -                19M (4%)           15M (3%)           11M (2%)             -                  -          
[2026-04-03T01:55:09.742+0600][24.665s][info][gc,heap     ] GC(77) Reclaimed:         -                  -                 4M (1%)            7M (2%)             -                  -          
[2026-04-03T01:55:09.742+0600][24.665s][info][gc          ] GC(77) Garbage Collection (Allocation Rate) 56M(11%)->52M(10%)
[2026-04-03T01:55:09.808+0600][24.731s][info][gc,start    ] GC(78) Garbage Collection (Allocation Rate)
[2026-04-03T01:55:09.808+0600][24.731s][info][gc,task     ] GC(78) Using 3 workers
[2026-04-03T01:55:09.808+0600][24.732s][info][gc,phases   ] GC(78) Pause Mark Start 0.010ms
[2026-04-03T01:55:09.834+0600][24.758s][info][gc,phases   ] GC(78) Concurrent Mark 25.980ms
[2026-04-03T01:55:09.835+0600][24.758s][info][gc,phases   ] GC(78) Pause Mark End 0.017ms
[2026-04-03T01:55:09.835+0600][24.758s][info][gc,phases   ] GC(78) Concurrent Mark Free 0.002ms
[2026-04-03T01:55:09.840+0600][24.763s][info][gc,phases   ] GC(78) Concurrent Process Non-Strong References 5.002ms
[2026-04-03T01:55:09.840+0600][24.763s][info][gc,phases   ] GC(78) Concurrent Reset Relocation Set 0.002ms
[2026-04-03T01:55:09.842+0600][24.766s][info][gc,phases   ] GC(78) Concurrent Select Relocation Set 2.496ms
[2026-04-03T01:55:09.843+0600][24.766s][info][gc,phases   ] GC(78) Pause Relocate Start 0.010ms
[2026-04-03T01:55:09.845+0600][24.768s][info][gc,phases   ] GC(78) Concurrent Relocate 1.945ms
[2026-04-03T01:55:09.845+0600][24.768s][info][gc,load     ] GC(78) Load: 6.05/7.43/7.36
[2026-04-03T01:55:09.845+0600][24.768s][info][gc,mmu      ] GC(78) MMU: 2ms/90.6%, 5ms/96.2%, 10ms/98.0%, 20ms/99.0%, 50ms/99.6%, 100ms/99.6%
[2026-04-03T01:55:09.845+0600][24.768s][info][gc,marking  ] GC(78) Mark: 2 stripe(s), 2 proactive flush(es), 1 terminate flush(es), 0 completion(s), 0 continuation(s) 
[2026-04-03T01:55:09.845+0600][24.768s][info][gc,marking  ] GC(78) Mark Stack Usage: 32M
[2026-04-03T01:55:09.845+0600][24.768s][info][gc,nmethod  ] GC(78) NMethods: 5433 registered, 199 unregistered
[2026-04-03T01:55:09.845+0600][24.768s][info][gc,metaspace] GC(78) Metaspace: 65M used, 66M committed, 1088M reserved
[2026-04-03T01:55:09.845+0600][24.768s][info][gc,ref      ] GC(78) Soft: 3078 encountered, 0 discovered, 0 enqueued
[2026-04-03T01:55:09.845+0600][24.768s][info][gc,ref      ] GC(78) Weak: 5558 encountered, 269 discovered, 0 enqueued
[2026-04-03T01:55:09.845+0600][24.768s][info][gc,ref      ] GC(78) Final: 74 encountered, 1 discovered, 0 enqueued
[2026-04-03T01:55:09.845+0600][24.768s][info][gc,ref      ] GC(78) Phantom: 589 encountered, 543 discovered, 0 enqueued
[2026-04-03T01:55:09.845+0600][24.768s][info][gc,reloc    ] GC(78) Small Pages: 20 / 40M, Empty: 2M, Relocated: 3M, In-Place: 0
[2026-04-03T01:55:09.845+0600][24.768s][info][gc,reloc    ] GC(78) Medium Pages: 1 / 8M, Empty: 0M, Relocated: 0M, In-Place: 0
[2026-04-03T01:55:09.845+0600][24.768s][info][gc,reloc    ] GC(78) Large Pages: 3 / 8M, Empty: 2M, Relocated: 0M, In-Place: 0
[2026-04-03T01:55:09.845+0600][24.768s][info][gc,reloc    ] GC(78) Forwarding Usage: 1M
[2026-04-03T01:55:09.845+0600][24.768s][info][gc,heap     ] GC(78) Min Capacity: 8M(2%)
[2026-04-03T01:55:09.845+0600][24.768s][info][gc,heap     ] GC(78) Max Capacity: 500M(100%)
[2026-04-03T01:55:09.845+0600][24.768s][info][gc,heap     ] GC(78) Soft Max Capacity: 500M(100%)
[2026-04-03T01:55:09.845+0600][24.768s][info][gc,heap     ] GC(78)                Mark Start          Mark End        Relocate Start      Relocate End           High               Low         
[2026-04-03T01:55:09.845+0600][24.768s][info][gc,heap     ] GC(78)  Capacity:      500M (100%)        500M (100%)        500M (100%)        500M (100%)        500M (100%)        500M (100%)   
[2026-04-03T01:55:09.845+0600][24.768s][info][gc,heap     ] GC(78)      Free:      444M (89%)         440M (88%)         444M (89%)         448M (90%)         448M (90%)         440M (88%)    
[2026-04-03T01:55:09.845+0600][24.768s][info][gc,heap     ] GC(78)      Used:       56M (11%)          60M (12%)          56M (11%)          52M (10%)          60M (12%)          52M (10%)    
[2026-04-03T01:55:09.845+0600][24.768s][info][gc,heap     ] GC(78)      Live:         -                36M (7%)           36M (7%)           36M (7%)             -                  -          
[2026-04-03T01:55:09.845+0600][24.768s][info][gc,heap     ] GC(78) Allocated:         -                 4M (1%)            4M (1%)            3M (1%)             -                  -          
[2026-04-03T01:55:09.845+0600][24.768s][info][gc,heap     ] GC(78)   Garbage:         -                19M (4%)           15M (3%)           11M (2%)             -                  -          
[2026-04-03T01:55:09.845+0600][24.768s][info][gc,heap     ] GC(78) Reclaimed:         -                  -                 4M (1%)            7M (2%)             -                  -          
[2026-04-03T01:55:09.845+0600][24.768s][info][gc          ] GC(78) Garbage Collection (Allocation Rate) 56M(11%)->52M(10%)
[2026-04-03T01:55:09.908+0600][24.831s][info][gc,start    ] GC(79) Garbage Collection (Allocation Rate)
[2026-04-03T01:55:09.908+0600][24.831s][info][gc,task     ] GC(79) Using 3 workers
[2026-04-03T01:55:09.908+0600][24.832s][info][gc,phases   ] GC(79) Pause Mark Start 0.011ms
[2026-04-03T01:55:09.929+0600][24.852s][info][gc,phases   ] GC(79) Concurrent Mark 20.229ms
[2026-04-03T01:55:09.929+0600][24.852s][info][gc,phases   ] GC(79) Pause Mark End 0.021ms
[2026-04-03T01:55:09.929+0600][24.852s][info][gc,phases   ] GC(79) Concurrent Mark Free 0.003ms
[2026-04-03T01:55:09.935+0600][24.858s][info][gc,phases   ] GC(79) Concurrent Process Non-Strong References 5.589ms
[2026-04-03T01:55:09.935+0600][24.858s][info][gc,phases   ] GC(79) Concurrent Reset Relocation Set 0.002ms
[2026-04-03T01:55:09.937+0600][24.861s][info][gc,phases   ] GC(79) Concurrent Select Relocation Set 2.466ms
[2026-04-03T01:55:09.937+0600][24.861s][info][gc,phases   ] GC(79) Pause Relocate Start 0.013ms
[2026-04-03T01:55:09.939+0600][24.863s][info][gc,phases   ] GC(79) Concurrent Relocate 1.741ms
[2026-04-03T01:55:09.939+0600][24.863s][info][gc,load     ] GC(79) Load: 6.05/7.43/7.36
[2026-04-03T01:55:09.939+0600][24.863s][info][gc,mmu      ] GC(79) MMU: 2ms/90.6%, 5ms/96.2%, 10ms/98.0%, 20ms/99.0%, 50ms/99.6%, 100ms/99.6%
[2026-04-03T01:55:09.939+0600][24.863s][info][gc,marking  ] GC(79) Mark: 2 stripe(s), 2 proactive flush(es), 1 terminate flush(es), 0 completion(s), 0 continuation(s) 
[2026-04-03T01:55:09.939+0600][24.863s][info][gc,marking  ] GC(79) Mark Stack Usage: 32M
[2026-04-03T01:55:09.939+0600][24.863s][info][gc,nmethod  ] GC(79) NMethods: 5439 registered, 199 unregistered
[2026-04-03T01:55:09.939+0600][24.863s][info][gc,metaspace] GC(79) Metaspace: 65M used, 66M committed, 1088M reserved
[2026-04-03T01:55:09.939+0600][24.863s][info][gc,ref      ] GC(79) Soft: 3078 encountered, 0 discovered, 0 enqueued
[2026-04-03T01:55:09.939+0600][24.863s][info][gc,ref      ] GC(79) Weak: 5558 encountered, 4421 discovered, 0 enqueued
[2026-04-03T01:55:09.939+0600][24.863s][info][gc,ref      ] GC(79) Final: 74 encountered, 2 discovered, 0 enqueued
[2026-04-03T01:55:09.939+0600][24.863s][info][gc,ref      ] GC(79) Phantom: 589 encountered, 382 discovered, 0 enqueued
[2026-04-03T01:55:09.939+0600][24.863s][info][gc,reloc    ] GC(79) Small Pages: 20 / 40M, Empty: 4M, Relocated: 3M, In-Place: 0
[2026-04-03T01:55:09.939+0600][24.863s][info][gc,reloc    ] GC(79) Medium Pages: 1 / 8M, Empty: 0M, Relocated: 0M, In-Place: 0
[2026-04-03T01:55:09.939+0600][24.863s][info][gc,reloc    ] GC(79) Large Pages: 2 / 6M, Empty: 0M, Relocated: 0M, In-Place: 0
[2026-04-03T01:55:09.939+0600][24.863s][info][gc,reloc    ] GC(79) Forwarding Usage: 1M
[2026-04-03T01:55:09.939+0600][24.863s][info][gc,heap     ] GC(79) Min Capacity: 8M(2%)
[2026-04-03T01:55:09.939+0600][24.863s][info][gc,heap     ] GC(79) Max Capacity: 500M(100%)
[2026-04-03T01:55:09.939+0600][24.863s][info][gc,heap     ] GC(79) Soft Max Capacity: 500M(100%)
[2026-04-03T01:55:09.939+0600][24.863s][info][gc,heap     ] GC(79)                Mark Start          Mark End        Relocate Start      Relocate End           High               Low         
[2026-04-03T01:55:09.939+0600][24.863s][info][gc,heap     ] GC(79)  Capacity:      500M (100%)        500M (100%)        500M (100%)        500M (100%)        500M (100%)        500M (100%)   
[2026-04-03T01:55:09.939+0600][24.863s][info][gc,heap     ] GC(79)      Free:      446M (89%)         442M (88%)         446M (89%)         448M (90%)         448M (90%)         442M (88%)    
[2026-04-03T01:55:09.939+0600][24.863s][info][gc,heap     ] GC(79)      Used:       54M (11%)          58M (12%)          54M (11%)          52M (10%)          58M (12%)          52M (10%)    
[2026-04-03T01:55:09.939+0600][24.863s][info][gc,heap     ] GC(79)      Live:         -                36M (7%)           36M (7%)           36M (7%)             -                  -          
[2026-04-03T01:55:09.939+0600][24.863s][info][gc,heap     ] GC(79) Allocated:         -                 4M (1%)            4M (1%)            3M (1%)             -                  -          
[2026-04-03T01:55:09.939+0600][24.863s][info][gc,heap     ] GC(79)   Garbage:         -                17M (3%)           13M (3%)           11M (2%)             -                  -          
[2026-04-03T01:55:09.940+0600][24.863s][info][gc,heap     ] GC(79) Reclaimed:         -                  -                 4M (1%)            5M (1%)             -                  -          
[2026-04-03T01:55:09.940+0600][24.863s][info][gc          ] GC(79) Garbage Collection (Allocation Rate) 54M(11%)->52M(10%)
[2026-04-03T01:55:10.008+0600][24.932s][info][gc,start    ] GC(80) Garbage Collection (Allocation Rate)
[2026-04-03T01:55:10.008+0600][24.932s][info][gc,task     ] GC(80) Using 3 workers
[2026-04-03T01:55:10.009+0600][24.932s][info][gc,phases   ] GC(80) Pause Mark Start 0.013ms
[2026-04-03T01:55:10.029+0600][24.953s][info][gc,phases   ] GC(80) Concurrent Mark 20.213ms
[2026-04-03T01:55:10.030+0600][24.953s][info][gc,phases   ] GC(80) Pause Mark End 0.022ms
[2026-04-03T01:55:10.030+0600][24.953s][info][gc,phases   ] GC(80) Concurrent Mark Free 0.003ms
[2026-04-03T01:55:10.035+0600][24.959s][info][gc,phases   ] GC(80) Concurrent Process Non-Strong References 5.385ms
[2026-04-03T01:55:10.035+0600][24.959s][info][gc,phases   ] GC(80) Concurrent Reset Relocation Set 0.002ms
[2026-04-03T01:55:10.038+0600][24.961s][info][gc,phases   ] GC(80) Concurrent Select Relocation Set 2.506ms
[2026-04-03T01:55:10.038+0600][24.962s][info][gc,phases   ] GC(80) Pause Relocate Start 0.013ms
[2026-04-03T01:55:10.040+0600][24.964s][info][gc,phases   ] GC(80) Concurrent Relocate 1.954ms
[2026-04-03T01:55:10.040+0600][24.964s][info][gc,load     ] GC(80) Load: 6.05/7.43/7.36
[2026-04-03T01:55:10.040+0600][24.964s][info][gc,mmu      ] GC(80) MMU: 2ms/90.6%, 5ms/96.2%, 10ms/98.0%, 20ms/99.0%, 50ms/99.6%, 100ms/99.6%
[2026-04-03T01:55:10.040+0600][24.964s][info][gc,marking  ] GC(80) Mark: 2 stripe(s), 2 proactive flush(es), 1 terminate flush(es), 0 completion(s), 0 continuation(s) 
[2026-04-03T01:55:10.040+0600][24.964s][info][gc,marking  ] GC(80) Mark Stack Usage: 32M
[2026-04-03T01:55:10.040+0600][24.964s][info][gc,nmethod  ] GC(80) NMethods: 5440 registered, 199 unregistered
[2026-04-03T01:55:10.040+0600][24.964s][info][gc,metaspace] GC(80) Metaspace: 65M used, 66M committed, 1088M reserved
[2026-04-03T01:55:10.040+0600][24.964s][info][gc,ref      ] GC(80) Soft: 3078 encountered, 0 discovered, 0 enqueued
[2026-04-03T01:55:10.040+0600][24.964s][info][gc,ref      ] GC(80) Weak: 5558 encountered, 179 discovered, 0 enqueued
[2026-04-03T01:55:10.040+0600][24.964s][info][gc,ref      ] GC(80) Final: 74 encountered, 0 discovered, 0 enqueued
[2026-04-03T01:55:10.040+0600][24.964s][info][gc,ref      ] GC(80) Phantom: 589 encountered, 220 discovered, 0 enqueued
[2026-04-03T01:55:10.040+0600][24.964s][info][gc,reloc    ] GC(80) Small Pages: 20 / 40M, Empty: 2M, Relocated: 3M, In-Place: 0
[2026-04-03T01:55:10.041+0600][24.964s][info][gc,reloc    ] GC(80) Medium Pages: 1 / 8M, Empty: 0M, Relocated: 0M, In-Place: 0
[2026-04-03T01:55:10.041+0600][24.964s][info][gc,reloc    ] GC(80) Large Pages: 3 / 8M, Empty: 2M, Relocated: 0M, In-Place: 0
[2026-04-03T01:55:10.041+0600][24.964s][info][gc,reloc    ] GC(80) Forwarding Usage: 1M
[2026-04-03T01:55:10.041+0600][24.964s][info][gc,heap     ] GC(80) Min Capacity: 8M(2%)
[2026-04-03T01:55:10.041+0600][24.964s][info][gc,heap     ] GC(80) Max Capacity: 500M(100%)
[2026-04-03T01:55:10.041+0600][24.964s][info][gc,heap     ] GC(80) Soft Max Capacity: 500M(100%)
[2026-04-03T01:55:10.041+0600][24.964s][info][gc,heap     ] GC(80)                Mark Start          Mark End        Relocate Start      Relocate End           High               Low         
[2026-04-03T01:55:10.041+0600][24.964s][info][gc,heap     ] GC(80)  Capacity:      500M (100%)        500M (100%)        500M (100%)        500M (100%)        500M (100%)        500M (100%)   
[2026-04-03T01:55:10.041+0600][24.964s][info][gc,heap     ] GC(80)      Free:      444M (89%)         440M (88%)         444M (89%)         448M (90%)         448M (90%)         440M (88%)    
[2026-04-03T01:55:10.041+0600][24.964s][info][gc,heap     ] GC(80)      Used:       56M (11%)          60M (12%)          56M (11%)          52M (10%)          60M (12%)          52M (10%)    
[2026-04-03T01:55:10.041+0600][24.964s][info][gc,heap     ] GC(80)      Live:         -                36M (7%)           36M (7%)           36M (7%)             -                  -          
[2026-04-03T01:55:10.041+0600][24.964s][info][gc,heap     ] GC(80) Allocated:         -                 4M (1%)            4M (1%)            3M (1%)             -                  -          
[2026-04-03T01:55:10.041+0600][24.964s][info][gc,heap     ] GC(80)   Garbage:         -                19M (4%)           15M (3%)           11M (2%)             -                  -          
[2026-04-03T01:55:10.041+0600][24.964s][info][gc,heap     ] GC(80) Reclaimed:         -                  -                 4M (1%)            7M (2%)             -                  -          
[2026-04-03T01:55:10.041+0600][24.964s][info][gc          ] GC(80) Garbage Collection (Allocation Rate) 56M(11%)->52M(10%)
[2026-04-03T01:55:10.108+0600][25.032s][info][gc,start    ] GC(81) Garbage Collection (Allocation Rate)
[2026-04-03T01:55:10.108+0600][25.032s][info][gc,task     ] GC(81) Using 3 workers
[2026-04-03T01:55:10.109+0600][25.032s][info][gc,phases   ] GC(81) Pause Mark Start 0.011ms
[2026-04-03T01:55:10.132+0600][25.055s][info][gc,phases   ] GC(81) Concurrent Mark 22.623ms
[2026-04-03T01:55:10.132+0600][25.055s][info][gc,phases   ] GC(81) Pause Mark End 0.024ms
[2026-04-03T01:55:10.132+0600][25.056s][info][gc,phases   ] GC(81) Concurrent Mark Free 0.006ms
[2026-04-03T01:55:10.138+0600][25.062s][info][gc,phases   ] GC(81) Concurrent Process Non-Strong References 5.978ms
[2026-04-03T01:55:10.138+0600][25.062s][info][gc,phases   ] GC(81) Concurrent Reset Relocation Set 0.002ms
[2026-04-03T01:55:10.141+0600][25.064s][info][gc,phases   ] GC(81) Concurrent Select Relocation Set 2.334ms
[2026-04-03T01:55:10.141+0600][25.064s][info][gc,phases   ] GC(81) Pause Relocate Start 0.013ms
[2026-04-03T01:55:10.143+0600][25.067s][info][gc,phases   ] GC(81) Concurrent Relocate 2.186ms
[2026-04-03T01:55:10.143+0600][25.067s][info][gc,load     ] GC(81) Load: 6.05/7.43/7.36
[2026-04-03T01:55:10.143+0600][25.067s][info][gc,mmu      ] GC(81) MMU: 2ms/90.6%, 5ms/96.2%, 10ms/98.0%, 20ms/99.0%, 50ms/99.6%, 100ms/99.6%
[2026-04-03T01:55:10.143+0600][25.067s][info][gc,marking  ] GC(81) Mark: 2 stripe(s), 2 proactive flush(es), 1 terminate flush(es), 0 completion(s), 0 continuation(s) 
[2026-04-03T01:55:10.143+0600][25.067s][info][gc,marking  ] GC(81) Mark Stack Usage: 32M
[2026-04-03T01:55:10.143+0600][25.067s][info][gc,nmethod  ] GC(81) NMethods: 5443 registered, 201 unregistered
[2026-04-03T01:55:10.143+0600][25.067s][info][gc,metaspace] GC(81) Metaspace: 65M used, 66M committed, 1088M reserved
[2026-04-03T01:55:10.143+0600][25.067s][info][gc,ref      ] GC(81) Soft: 3078 encountered, 0 discovered, 0 enqueued
[2026-04-03T01:55:10.143+0600][25.067s][info][gc,ref      ] GC(81) Weak: 5558 encountered, 197 discovered, 0 enqueued
[2026-04-03T01:55:10.143+0600][25.067s][info][gc,ref      ] GC(81) Final: 74 encountered, 0 discovered, 0 enqueued
[2026-04-03T01:55:10.143+0600][25.067s][info][gc,ref      ] GC(81) Phantom: 589 encountered, 217 discovered, 0 enqueued
[2026-04-03T01:55:10.143+0600][25.067s][info][gc,reloc    ] GC(81) Small Pages: 20 / 40M, Empty: 4M, Relocated: 3M, In-Place: 0
[2026-04-03T01:55:10.143+0600][25.067s][info][gc,reloc    ] GC(81) Medium Pages: 1 / 8M, Empty: 0M, Relocated: 0M, In-Place: 0
[2026-04-03T01:55:10.143+0600][25.067s][info][gc,reloc    ] GC(81) Large Pages: 2 / 6M, Empty: 0M, Relocated: 0M, In-Place: 0
[2026-04-03T01:55:10.143+0600][25.067s][info][gc,reloc    ] GC(81) Forwarding Usage: 1M
[2026-04-03T01:55:10.143+0600][25.067s][info][gc,heap     ] GC(81) Min Capacity: 8M(2%)
[2026-04-03T01:55:10.143+0600][25.067s][info][gc,heap     ] GC(81) Max Capacity: 500M(100%)
[2026-04-03T01:55:10.143+0600][25.067s][info][gc,heap     ] GC(81) Soft Max Capacity: 500M(100%)
[2026-04-03T01:55:10.144+0600][25.067s][info][gc,heap     ] GC(81)                Mark Start          Mark End        Relocate Start      Relocate End           High               Low         
[2026-04-03T01:55:10.144+0600][25.067s][info][gc,heap     ] GC(81)  Capacity:      500M (100%)        500M (100%)        500M (100%)        500M (100%)        500M (100%)        500M (100%)   
[2026-04-03T01:55:10.144+0600][25.067s][info][gc,heap     ] GC(81)      Free:      446M (89%)         442M (88%)         446M (89%)         448M (90%)         448M (90%)         440M (88%)    
[2026-04-03T01:55:10.144+0600][25.067s][info][gc,heap     ] GC(81)      Used:       54M (11%)          58M (12%)          54M (11%)          52M (10%)          60M (12%)          52M (10%)    
[2026-04-03T01:55:10.144+0600][25.067s][info][gc,heap     ] GC(81)      Live:         -                36M (7%)           36M (7%)           36M (7%)             -                  -          
[2026-04-03T01:55:10.144+0600][25.067s][info][gc,heap     ] GC(81) Allocated:         -                 4M (1%)            4M (1%)            3M (1%)             -                  -          
[2026-04-03T01:55:10.144+0600][25.067s][info][gc,heap     ] GC(81)   Garbage:         -                17M (3%)           13M (3%)           11M (2%)             -                  -          
[2026-04-03T01:55:10.144+0600][25.067s][info][gc,heap     ] GC(81) Reclaimed:         -                  -                 4M (1%)            5M (1%)             -                  -          
[2026-04-03T01:55:10.144+0600][25.067s][info][gc          ] GC(81) Garbage Collection (Allocation Rate) 54M(11%)->52M(10%)
[2026-04-03T01:55:10.167+0600][25.091s][info][gc,heap,exit] Heap
[2026-04-03T01:55:10.167+0600][25.091s][info][gc,heap,exit]  ZHeap           used 56M, capacity 500M, max capacity 500M
[2026-04-03T01:55:10.167+0600][25.091s][info][gc,heap,exit]  Metaspace       used 67335K, committed 68160K, reserved 1114112K
[2026-04-03T01:55:10.167+0600][25.091s][info][gc,heap,exit]   class space    used 8577K, committed 8960K, reserved 1048576K
