[2026-04-03T01:54:22.327+0600][0.005s][info][gc,init] Initializing The Z Garbage Collector
[2026-04-03T01:54:22.327+0600][0.005s][info][gc,init] Version: 21.0.10+7-Ubuntu-124.04 (release)
[2026-04-03T01:54:22.327+0600][0.005s][info][gc,init] NUMA Support: Disabled
[2026-04-03T01:54:22.327+0600][0.005s][info][gc,init] CPUs: 12 total, 12 available
[2026-04-03T01:54:22.327+0600][0.006s][info][gc,init] Memory: 15683M
[2026-04-03T01:54:22.327+0600][0.006s][info][gc,init] Large Page Support: Disabled
[2026-04-03T01:54:22.327+0600][0.006s][info][gc,init] Address Space Type: Contiguous/Unrestricted/Complete
[2026-04-03T01:54:22.327+0600][0.006s][info][gc,init] Address Space Size: 8000M
[2026-04-03T01:54:22.327+0600][0.006s][info][gc,init] Heap Backing File: /memfd:java_heap
[2026-04-03T01:54:22.327+0600][0.006s][info][gc,init] Heap Backing Filesystem: tmpfs (0x1021994)
[2026-04-03T01:54:22.327+0600][0.006s][info][gc,init] Min Capacity: 8M
[2026-04-03T01:54:22.327+0600][0.006s][info][gc,init] Initial Capacity: 246M
[2026-04-03T01:54:22.327+0600][0.006s][info][gc,init] Max Capacity: 500M
[2026-04-03T01:54:22.327+0600][0.006s][info][gc,init] Soft Max Capacity: 500M
[2026-04-03T01:54:22.327+0600][0.006s][info][gc,init] Medium Page Size: 8M
[2026-04-03T01:54:22.327+0600][0.006s][info][gc,init] Pre-touch: Disabled
[2026-04-03T01:54:22.327+0600][0.006s][info][gc,init] Available space on backing filesystem: N/A
[2026-04-03T01:54:22.328+0600][0.007s][info][gc,init] Uncommit: Enabled
[2026-04-03T01:54:22.328+0600][0.007s][info][gc,init] Uncommit Delay: 300s
[2026-04-03T01:54:22.328+0600][0.007s][info][gc,init] GC Workers for Old Generation: 3 (dynamic)
[2026-04-03T01:54:22.329+0600][0.008s][info][gc,init] GC Workers for Young Generation: 3 (dynamic)
[2026-04-03T01:54:22.416+0600][0.095s][info][gc,init] GC Workers Max: 3 (dynamic)
[2026-04-03T01:54:22.416+0600][0.095s][info][gc,init] Runtime Workers: 5
[2026-04-03T01:54:22.417+0600][0.096s][info][gc     ] Using The Z Garbage Collector
[2026-04-03T01:54:22.428+0600][0.107s][info][gc,metaspace] CDS archive(s) mapped at: [0x00007627c3000000-0x00007627c3c9c000-0x00007627c3c9c000), size 13221888, SharedBaseAddress: 0x00007627c3000000, ArchiveRelocationMode: 1.
[2026-04-03T01:54:22.428+0600][0.107s][info][gc,metaspace] Compressed class space mapped at: 0x00007627c4000000-0x0000762804000000, reserved size: 1073741824
[2026-04-03T01:54:22.428+0600][0.107s][info][gc,metaspace] Narrow klass base: 0x00007627c3000000, Narrow klass shift: 0, Narrow klass range: 0x100000000
[2026-04-03T01:54:22.839+0600][0.518s][info][gc          ] GC(0) Major Collection (Warmup)
[2026-04-03T01:54:22.839+0600][0.518s][info][gc,task     ] GC(0) Using 3 Workers for Young Generation
[2026-04-03T01:54:22.839+0600][0.518s][info][gc,task     ] GC(0) Using 2 Workers for Old Generation
[2026-04-03T01:54:22.839+0600][0.518s][info][gc,phases   ] GC(0) Y: Young Generation
[2026-04-03T01:54:22.840+0600][0.518s][info][gc,phases   ] GC(0) Y: Pause Mark Start (Major) 0.019ms
[2026-04-03T01:54:22.845+0600][0.523s][info][gc,phases   ] GC(0) Y: Concurrent Mark 4.971ms
[2026-04-03T01:54:22.845+0600][0.524s][info][gc,phases   ] GC(0) Y: Pause Mark End 0.016ms
[2026-04-03T01:54:22.845+0600][0.524s][info][gc,phases   ] GC(0) Y: Concurrent Mark Free 0.001ms
[2026-04-03T01:54:22.845+0600][0.524s][info][gc,phases   ] GC(0) Y: Concurrent Reset Relocation Set 0.001ms
[2026-04-03T01:54:22.854+0600][0.533s][info][gc,reloc    ] GC(0) Y: Using tenuring threshold: 1 (Computed)
[2026-04-03T01:54:22.855+0600][0.534s][info][gc,phases   ] GC(0) Y: Concurrent Select Relocation Set 9.995ms
[2026-04-03T01:54:22.855+0600][0.534s][info][gc,phases   ] GC(0) Y: Pause Relocate Start 0.013ms
[2026-04-03T01:54:22.857+0600][0.536s][info][gc,phases   ] GC(0) Y: Concurrent Relocate 2.092ms
[2026-04-03T01:54:22.857+0600][0.536s][info][gc,alloc    ] GC(0) Y:                         Mark Start        Mark End      Relocate Start    Relocate End   
[2026-04-03T01:54:22.857+0600][0.536s][info][gc,alloc    ] GC(0) Y: Allocation Stalls:          0                0                0                0         
[2026-04-03T01:54:22.857+0600][0.536s][info][gc,load     ] GC(0) Y: Load: 10.12 (84%) / 8.27 (69%) / 7.62 (63%)
[2026-04-03T01:54:22.857+0600][0.536s][info][gc,mmu      ] GC(0) Y: MMU: 2ms/99.0%, 5ms/99.6%, 10ms/99.6%, 20ms/99.8%, 50ms/99.9%, 100ms/100.0%
[2026-04-03T01:54:22.857+0600][0.536s][info][gc,marking  ] GC(0) Y: Mark: 2 stripe(s), 2 proactive flush(es), 1 terminate flush(es), 0 completion(s), 0 continuation(s) 
[2026-04-03T01:54:22.857+0600][0.536s][info][gc,marking  ] GC(0) Y: Mark Stack Usage: 32M
[2026-04-03T01:54:22.857+0600][0.536s][info][gc,nmethod  ] GC(0) Y: NMethods: 676 registered, 0 unregistered
[2026-04-03T01:54:22.857+0600][0.536s][info][gc,metaspace] GC(0) Y: Metaspace: 3M used, 3M committed, 1088M reserved
[2026-04-03T01:54:22.857+0600][0.536s][info][gc,reloc    ] GC(0) Y:                        Candidates     Selected     In-Place         Size        Empty    Relocated 
[2026-04-03T01:54:22.857+0600][0.536s][info][gc,reloc    ] GC(0) Y: Small Pages:                   25           22            0          50M           0M           1M 
[2026-04-03T01:54:22.857+0600][0.536s][info][gc,reloc    ] GC(0) Y: Medium Pages:                   0            0            0           0M           0M           0M 
[2026-04-03T01:54:22.857+0600][0.536s][info][gc,reloc    ] GC(0) Y: Large Pages:                    0            0            0           0M           0M           0M 
[2026-04-03T01:54:22.858+0600][0.536s][info][gc,reloc    ] GC(0) Y: Forwarding Usage: 0M
[2026-04-03T01:54:22.858+0600][0.536s][info][gc,reloc    ] GC(0) Y: Age Table:
[2026-04-03T01:54:22.858+0600][0.536s][info][gc,reloc    ] GC(0) Y:                    Live             Garbage             Small              Medium             Large        
[2026-04-03T01:54:22.858+0600][0.536s][info][gc,reloc    ] GC(0) Y: Eden               3M (1%)           46M (9%)          25 / 22             0 / 0              0 / 0        
[2026-04-03T01:54:22.858+0600][0.536s][info][gc,heap     ] GC(0) Y: Min Capacity: 8M(2%)
[2026-04-03T01:54:22.858+0600][0.536s][info][gc,heap     ] GC(0) Y: Max Capacity: 500M(100%)
[2026-04-03T01:54:22.858+0600][0.536s][info][gc,heap     ] GC(0) Y: Soft Max Capacity: 500M(100%)
[2026-04-03T01:54:22.858+0600][0.536s][info][gc,heap     ] GC(0) Y: Heap Statistics:
[2026-04-03T01:54:22.858+0600][0.536s][info][gc,heap     ] GC(0) Y:                Mark Start          Mark End        Relocate Start      Relocate End           High               Low         
[2026-04-03T01:54:22.858+0600][0.536s][info][gc,heap     ] GC(0) Y:  Capacity:      246M (49%)         246M (49%)         246M (49%)         246M (49%)         246M (49%)         246M (49%)    
[2026-04-03T01:54:22.858+0600][0.536s][info][gc,heap     ] GC(0) Y:      Free:      450M (90%)         448M (90%)         442M (88%)         480M (96%)         480M (96%)         436M (87%)    
[2026-04-03T01:54:22.858+0600][0.536s][info][gc,heap     ] GC(0) Y:      Used:       50M (10%)          52M (10%)          58M (12%)          20M (4%)           64M (13%)          20M (4%)     
[2026-04-03T01:54:22.858+0600][0.536s][info][gc,heap     ] GC(0) Y: Young Generation Statistics:
[2026-04-03T01:54:22.858+0600][0.536s][info][gc,heap     ] GC(0) Y:                Mark Start          Mark End        Relocate Start      Relocate End    
[2026-04-03T01:54:22.858+0600][0.536s][info][gc,heap     ] GC(0) Y:      Used:       50M (10%)          52M (10%)          58M (12%)          20M (4%)     
[2026-04-03T01:54:22.858+0600][0.536s][info][gc,heap     ] GC(0) Y:      Live:         -                 3M (1%)            3M (1%)            3M (1%)     
[2026-04-03T01:54:22.858+0600][0.536s][info][gc,heap     ] GC(0) Y:   Garbage:         -                46M (9%)           46M (9%)            1M (0%)     
[2026-04-03T01:54:22.858+0600][0.536s][info][gc,heap     ] GC(0) Y: Allocated:         -                 2M (0%)            8M (2%)           14M (3%)     
[2026-04-03T01:54:22.858+0600][0.536s][info][gc,heap     ] GC(0) Y: Reclaimed:         -                  -                 0M (0%)           44M (9%)     
[2026-04-03T01:54:22.858+0600][0.536s][info][gc,heap     ] GC(0) Y:  Promoted:         -                  -                 0M (0%)            0M (0%)     
[2026-04-03T01:54:22.858+0600][0.536s][info][gc,heap     ] GC(0) Y: Compacted:         -                  -                  -                 1M (0%)     
[2026-04-03T01:54:22.858+0600][0.537s][info][gc,phases   ] GC(0) Y: Young Generation 50M(10%)->20M(4%) 0.018s
[2026-04-03T01:54:22.858+0600][0.537s][info][gc,phases   ] GC(0) O: Old Generation
[2026-04-03T01:54:22.858+0600][0.537s][info][gc,phases   ] GC(0) O: Concurrent Mark 0.809ms
[2026-04-03T01:54:22.859+0600][0.538s][info][gc,phases   ] GC(0) O: Pause Mark End 0.019ms
[2026-04-03T01:54:22.859+0600][0.538s][info][gc,phases   ] GC(0) O: Concurrent Mark Free 0.026ms
[2026-04-03T01:54:22.861+0600][0.540s][info][gc,phases   ] GC(0) O: Concurrent Process Non-Strong 1.618ms
[2026-04-03T01:54:22.861+0600][0.540s][info][gc,phases   ] GC(0) O: Concurrent Reset Relocation Set 0.001ms
[2026-04-03T01:54:22.862+0600][0.541s][info][gc,phases   ] GC(0) O: Concurrent Select Relocation Set 1.589ms
[2026-04-03T01:54:22.862+0600][0.541s][info][gc,task     ] GC(0) O: Using 3 Workers for Old Generation
[2026-04-03T01:54:22.876+0600][0.555s][info][gc,task     ] GC(0) O: Using 2 Workers for Old Generation
[2026-04-03T01:54:22.876+0600][0.555s][info][gc,phases   ] GC(0) O: Concurrent Remap Roots 13.655ms
[2026-04-03T01:54:22.876+0600][0.555s][info][gc,phases   ] GC(0) O: Pause Relocate Start 0.021ms
[2026-04-03T01:54:22.877+0600][0.555s][info][gc,phases   ] GC(0) O: Concurrent Relocate 0.143ms
[2026-04-03T01:54:22.877+0600][0.555s][info][gc,alloc    ] GC(0) O:                         Mark Start        Mark End      Relocate Start    Relocate End   
[2026-04-03T01:54:22.877+0600][0.555s][info][gc,alloc    ] GC(0) O: Allocation Stalls:          0                0                0                0         
[2026-04-03T01:54:22.877+0600][0.555s][info][gc,load     ] GC(0) O: Load: 10.12 (84%) / 8.27 (69%) / 7.62 (63%)
[2026-04-03T01:54:22.877+0600][0.555s][info][gc,mmu      ] GC(0) O: MMU: 2ms/99.0%, 5ms/99.3%, 10ms/99.6%, 20ms/99.7%, 50ms/99.8%, 100ms/99.9%
[2026-04-03T01:54:22.877+0600][0.555s][info][gc,marking  ] GC(0) O: Mark: 2 stripe(s), 1 proactive flush(es), 1 terminate flush(es), 0 completion(s), 0 continuation(s) 
[2026-04-03T01:54:22.877+0600][0.556s][info][gc,marking  ] GC(0) O: Mark Stack Usage: 0M
[2026-04-03T01:54:22.877+0600][0.556s][info][gc,nmethod  ] GC(0) O: NMethods: 620 registered, 70 unregistered
[2026-04-03T01:54:22.877+0600][0.556s][info][gc,metaspace] GC(0) O: Metaspace: 3M used, 3M committed, 1088M reserved
[2026-04-03T01:54:22.877+0600][0.556s][info][gc,ref      ] GC(0) O:                       Encountered   Discovered     Enqueued 
[2026-04-03T01:54:22.877+0600][0.556s][info][gc,ref      ] GC(0) O: Soft References:              134            0            0 
[2026-04-03T01:54:22.877+0600][0.556s][info][gc,ref      ] GC(0) O: Weak References:              405            0            0 
[2026-04-03T01:54:22.877+0600][0.556s][info][gc,ref      ] GC(0) O: Final References:               0            0            0 
[2026-04-03T01:54:22.877+0600][0.556s][info][gc,ref      ] GC(0) O: Phantom References:            25            0            0 
[2026-04-03T01:54:22.877+0600][0.556s][info][gc,heap     ] GC(0) O: Min Capacity: 8M(2%)
[2026-04-03T01:54:22.877+0600][0.556s][info][gc,heap     ] GC(0) O: Max Capacity: 500M(100%)
[2026-04-03T01:54:22.877+0600][0.556s][info][gc,heap     ] GC(0) O: Soft Max Capacity: 500M(100%)
[2026-04-03T01:54:22.877+0600][0.556s][info][gc,heap     ] GC(0) O: Heap Statistics:
[2026-04-03T01:54:22.877+0600][0.556s][info][gc,heap     ] GC(0) O:                Mark Start          Mark End        Relocate Start      Relocate End           High               Low         
[2026-04-03T01:54:22.877+0600][0.556s][info][gc,heap     ] GC(0) O:  Capacity:      246M (49%)         246M (49%)         246M (49%)         246M (49%)         246M (49%)         246M (49%)    
[2026-04-03T01:54:22.877+0600][0.556s][info][gc,heap     ] GC(0) O:      Free:      450M (90%)         478M (96%)         470M (94%)         470M (94%)         480M (96%)         436M (87%)    
[2026-04-03T01:54:22.877+0600][0.556s][info][gc,heap     ] GC(0) O:      Used:       50M (10%)          22M (4%)           30M (6%)           30M (6%)           64M (13%)          20M (4%)     
[2026-04-03T01:54:22.877+0600][0.556s][info][gc,heap     ] GC(0) O: Old Generation Statistics:
[2026-04-03T01:54:22.877+0600][0.556s][info][gc,heap     ] GC(0) O:                Mark Start          Mark End        Relocate Start      Relocate End    
[2026-04-03T01:54:22.877+0600][0.556s][info][gc,heap     ] GC(0) O:      Used:        0M (0%)            0M (0%)            0M (0%)            0M (0%)     
[2026-04-03T01:54:22.877+0600][0.556s][info][gc,heap     ] GC(0) O:      Live:         -                 0M (0%)            0M (0%)            0M (0%)     
[2026-04-03T01:54:22.877+0600][0.556s][info][gc,heap     ] GC(0) O:   Garbage:         -                 0M (0%)            0M (0%)            0M (0%)     
[2026-04-03T01:54:22.877+0600][0.556s][info][gc,heap     ] GC(0) O: Allocated:         -                 0M (0%)            0M (0%)            0M (0%)     
[2026-04-03T01:54:22.877+0600][0.556s][info][gc,heap     ] GC(0) O: Reclaimed:         -                  -                 0M (0%)            0M (0%)     
[2026-04-03T01:54:22.877+0600][0.556s][info][gc,heap     ] GC(0) O: Compacted:         -                  -                  -                 0M (0%)     
[2026-04-03T01:54:22.877+0600][0.556s][info][gc,phases   ] GC(0) O: Old Generation 22M(4%)->30M(6%) 0.019s
[2026-04-03T01:54:22.877+0600][0.556s][info][gc          ] GC(0) Major Collection (Warmup) 50M(10%)->30M(6%) 0.038s
[2026-04-03T01:54:23.029+0600][0.708s][info][gc          ] GC(1) Major Collection (Warmup)
[2026-04-03T01:54:23.029+0600][0.708s][info][gc,task     ] GC(1) Using 3 Workers for Young Generation
[2026-04-03T01:54:23.029+0600][0.708s][info][gc,task     ] GC(1) Using 1 Workers for Old Generation
[2026-04-03T01:54:23.029+0600][0.708s][info][gc,phases   ] GC(1) Y: Young Generation
[2026-04-03T01:54:23.030+0600][0.709s][info][gc,phases   ] GC(1) Y: Pause Mark Start (Major) 0.021ms
[2026-04-03T01:54:23.036+0600][0.715s][info][gc,phases   ] GC(1) Y: Concurrent Mark 6.112ms
[2026-04-03T01:54:23.036+0600][0.715s][info][gc,phases   ] GC(1) Y: Pause Mark End 0.017ms
[2026-04-03T01:54:23.036+0600][0.715s][info][gc,phases   ] GC(1) Y: Concurrent Mark Free 0.001ms
[2026-04-03T01:54:23.036+0600][0.715s][info][gc,phases   ] GC(1) Y: Concurrent Reset Relocation Set 0.007ms
[2026-04-03T01:54:23.039+0600][0.718s][info][gc,reloc    ] GC(1) Y: Using tenuring threshold: 1 (Computed)
[2026-04-03T01:54:23.044+0600][0.723s][info][gc,phases   ] GC(1) Y: Concurrent Select Relocation Set 7.614ms
[2026-04-03T01:54:23.044+0600][0.723s][info][gc,phases   ] GC(1) Y: Pause Relocate Start 0.014ms
[2026-04-03T01:54:23.051+0600][0.730s][info][gc,phases   ] GC(1) Y: Concurrent Relocate 6.953ms
[2026-04-03T01:54:23.051+0600][0.730s][info][gc,alloc    ] GC(1) Y:                         Mark Start        Mark End      Relocate Start    Relocate End   
[2026-04-03T01:54:23.051+0600][0.730s][info][gc,alloc    ] GC(1) Y: Allocation Stalls:          0                0                0                0         
[2026-04-03T01:54:23.051+0600][0.730s][info][gc,load     ] GC(1) Y: Load: 10.12 (84%) / 8.27 (69%) / 7.62 (63%)
[2026-04-03T01:54:23.051+0600][0.730s][info][gc,mmu      ] GC(1) Y: MMU: 2ms/98.9%, 5ms/99.3%, 10ms/99.6%, 20ms/99.7%, 50ms/99.8%, 100ms/99.9%
[2026-04-03T01:54:23.051+0600][0.730s][info][gc,marking  ] GC(1) Y: Mark: 2 stripe(s), 2 proactive flush(es), 1 terminate flush(es), 0 completion(s), 0 continuation(s) 
[2026-04-03T01:54:23.051+0600][0.730s][info][gc,marking  ] GC(1) Y: Mark Stack Usage: 32M
[2026-04-03T01:54:23.051+0600][0.730s][info][gc,nmethod  ] GC(1) Y: NMethods: 736 registered, 0 unregistered
[2026-04-03T01:54:23.051+0600][0.730s][info][gc,metaspace] GC(1) Y: Metaspace: 4M used, 4M committed, 1088M reserved
[2026-04-03T01:54:23.051+0600][0.730s][info][gc,reloc    ] GC(1) Y:                        Candidates     Selected     In-Place         Size        Empty    Relocated 
[2026-04-03T01:54:23.051+0600][0.730s][info][gc,reloc    ] GC(1) Y: Small Pages:                   51           48            0         102M           0M           1M 
[2026-04-03T01:54:23.051+0600][0.730s][info][gc,reloc    ] GC(1) Y: Medium Pages:                   0            0            0           0M           0M           0M 
[2026-04-03T01:54:23.051+0600][0.730s][info][gc,reloc    ] GC(1) Y: Large Pages:                    0            0            0           0M           0M           0M 
[2026-04-03T01:54:23.051+0600][0.730s][info][gc,reloc    ] GC(1) Y: Forwarding Usage: 0M
[2026-04-03T01:54:23.051+0600][0.730s][info][gc,reloc    ] GC(1) Y: Age Table:
[2026-04-03T01:54:23.051+0600][0.730s][info][gc,reloc    ] GC(1) Y:                    Live             Garbage             Small              Medium             Large        
[2026-04-03T01:54:23.051+0600][0.730s][info][gc,reloc    ] GC(1) Y: Eden               0M (0%)           89M (18%)         45 / 44             0 / 0              0 / 0        
[2026-04-03T01:54:23.051+0600][0.730s][info][gc,reloc    ] GC(1) Y: Survivor 1         3M (1%)            8M (2%)           6 / 4              0 / 0              0 / 0        
[2026-04-03T01:54:23.051+0600][0.730s][info][gc,heap     ] GC(1) Y: Min Capacity: 8M(2%)
[2026-04-03T01:54:23.051+0600][0.730s][info][gc,heap     ] GC(1) Y: Max Capacity: 500M(100%)
[2026-04-03T01:54:23.051+0600][0.730s][info][gc,heap     ] GC(1) Y: Soft Max Capacity: 500M(100%)
[2026-04-03T01:54:23.051+0600][0.730s][info][gc,heap     ] GC(1) Y: Heap Statistics:
[2026-04-03T01:54:23.051+0600][0.730s][info][gc,heap     ] GC(1) Y:                Mark Start          Mark End        Relocate Start      Relocate End           High               Low         
[2026-04-03T01:54:23.051+0600][0.730s][info][gc,heap     ] GC(1) Y:  Capacity:      246M (49%)         246M (49%)         246M (49%)         246M (49%)         246M (49%)         246M (49%)    
[2026-04-03T01:54:23.051+0600][0.730s][info][gc,heap     ] GC(1) Y:      Free:      398M (80%)         394M (79%)         388M (78%)         466M (93%)         466M (93%)         378M (76%)    
[2026-04-03T01:54:23.051+0600][0.730s][info][gc,heap     ] GC(1) Y:      Used:      102M (20%)         106M (21%)         112M (22%)          34M (7%)          122M (24%)          34M (7%)     
[2026-04-03T01:54:23.051+0600][0.730s][info][gc,heap     ] GC(1) Y: Young Generation Statistics:
[2026-04-03T01:54:23.052+0600][0.730s][info][gc,heap     ] GC(1) Y:                Mark Start          Mark End        Relocate Start      Relocate End    
[2026-04-03T01:54:23.052+0600][0.730s][info][gc,heap     ] GC(1) Y:      Used:      102M (20%)         106M (21%)         108M (22%)          20M (4%)     
[2026-04-03T01:54:23.052+0600][0.730s][info][gc,heap     ] GC(1) Y:      Live:         -                 3M (1%)            1M (0%)            0M (0%)     
[2026-04-03T01:54:23.052+0600][0.730s][info][gc,heap     ] GC(1) Y:   Garbage:         -                98M (20%)          96M (19%)           0M (0%)     
[2026-04-03T01:54:23.052+0600][0.730s][info][gc,heap     ] GC(1) Y: Allocated:         -                 4M (1%)           10M (2%)           19M (4%)     
[2026-04-03T01:54:23.052+0600][0.730s][info][gc,heap     ] GC(1) Y: Reclaimed:         -                  -                 1M (0%)           98M (20%)    
[2026-04-03T01:54:23.052+0600][0.730s][info][gc,heap     ] GC(1) Y:  Promoted:         -                  -                 2M (1%)            3M (1%)     
[2026-04-03T01:54:23.052+0600][0.730s][info][gc,heap     ] GC(1) Y: Compacted:         -                  -                  -                 0M (0%)     
[2026-04-03T01:54:23.052+0600][0.730s][info][gc,phases   ] GC(1) Y: Young Generation 102M(20%)->34M(7%) 0.022s
[2026-04-03T01:54:23.052+0600][0.730s][info][gc,phases   ] GC(1) O: Old Generation
[2026-04-03T01:54:23.052+0600][0.731s][info][gc,phases   ] GC(1) O: Concurrent Mark 0.891ms
[2026-04-03T01:54:23.053+0600][0.732s][info][gc,phases   ] GC(1) O: Pause Mark End 0.029ms
[2026-04-03T01:54:23.053+0600][0.732s][info][gc,phases   ] GC(1) O: Concurrent Mark Free 0.001ms
[2026-04-03T01:54:23.055+0600][0.734s][info][gc,phases   ] GC(1) O: Concurrent Process Non-Strong 2.537ms
[2026-04-03T01:54:23.055+0600][0.734s][info][gc,phases   ] GC(1) O: Concurrent Reset Relocation Set 0.001ms
[2026-04-03T01:54:23.057+0600][0.736s][info][gc,phases   ] GC(1) O: Concurrent Select Relocation Set 1.379ms
[2026-04-03T01:54:23.057+0600][0.736s][info][gc,task     ] GC(1) O: Using 3 Workers for Old Generation
[2026-04-03T01:54:23.070+0600][0.749s][info][gc,task     ] GC(1) O: Using 1 Workers for Old Generation
[2026-04-03T01:54:23.070+0600][0.749s][info][gc,phases   ] GC(1) O: Concurrent Remap Roots 13.053ms
[2026-04-03T01:54:23.071+0600][0.750s][info][gc,phases   ] GC(1) O: Pause Relocate Start 0.018ms
[2026-04-03T01:54:23.071+0600][0.750s][info][gc,phases   ] GC(1) O: Concurrent Relocate 0.213ms
[2026-04-03T01:54:23.071+0600][0.750s][info][gc,alloc    ] GC(1) O:                         Mark Start        Mark End      Relocate Start    Relocate End   
[2026-04-03T01:54:23.072+0600][0.750s][info][gc,alloc    ] GC(1) O: Allocation Stalls:          0                0                0                0         
[2026-04-03T01:54:23.072+0600][0.750s][info][gc,load     ] GC(1) O: Load: 10.12 (84%) / 8.27 (69%) / 7.62 (63%)
[2026-04-03T01:54:23.072+0600][0.750s][info][gc,mmu      ] GC(1) O: MMU: 2ms/98.6%, 5ms/99.3%, 10ms/99.6%, 20ms/99.7%, 50ms/99.8%, 100ms/99.9%
[2026-04-03T01:54:23.072+0600][0.750s][info][gc,marking  ] GC(1) O: Mark: 1 stripe(s), 1 proactive flush(es), 1 terminate flush(es), 0 completion(s), 0 continuation(s) 
[2026-04-03T01:54:23.072+0600][0.750s][info][gc,marking  ] GC(1) O: Mark Stack Usage: 0M
[2026-04-03T01:54:23.072+0600][0.750s][info][gc,nmethod  ] GC(1) O: NMethods: 726 registered, 10 unregistered
[2026-04-03T01:54:23.072+0600][0.750s][info][gc,metaspace] GC(1) O: Metaspace: 4M used, 5M committed, 1088M reserved
[2026-04-03T01:54:23.072+0600][0.750s][info][gc,ref      ] GC(1) O:                       Encountered   Discovered     Enqueued 
[2026-04-03T01:54:23.072+0600][0.750s][info][gc,ref      ] GC(1) O: Soft References:              138            0            0 
[2026-04-03T01:54:23.072+0600][0.750s][info][gc,ref      ] GC(1) O: Weak References:              412            0            0 
[2026-04-03T01:54:23.072+0600][0.750s][info][gc,ref      ] GC(1) O: Final References:               0            0            0 
[2026-04-03T01:54:23.072+0600][0.750s][info][gc,ref      ] GC(1) O: Phantom References:            25            0            0 
[2026-04-03T01:54:23.072+0600][0.750s][info][gc,heap     ] GC(1) O: Min Capacity: 8M(2%)
[2026-04-03T01:54:23.072+0600][0.750s][info][gc,heap     ] GC(1) O: Max Capacity: 500M(100%)
[2026-04-03T01:54:23.072+0600][0.750s][info][gc,heap     ] GC(1) O: Soft Max Capacity: 500M(100%)
[2026-04-03T01:54:23.072+0600][0.750s][info][gc,heap     ] GC(1) O: Heap Statistics:
[2026-04-03T01:54:23.072+0600][0.750s][info][gc,heap     ] GC(1) O:                Mark Start          Mark End        Relocate Start      Relocate End           High               Low         
[2026-04-03T01:54:23.072+0600][0.750s][info][gc,heap     ] GC(1) O:  Capacity:      246M (49%)         246M (49%)         246M (49%)         246M (49%)         246M (49%)         246M (49%)    
[2026-04-03T01:54:23.072+0600][0.750s][info][gc,heap     ] GC(1) O:      Free:      398M (80%)         466M (93%)         458M (92%)         458M (92%)         466M (93%)         378M (76%)    
[2026-04-03T01:54:23.072+0600][0.750s][info][gc,heap     ] GC(1) O:      Used:      102M (20%)          34M (7%)           42M (8%)           42M (8%)          122M (24%)          34M (7%)     
[2026-04-03T01:54:23.072+0600][0.750s][info][gc,heap     ] GC(1) O: Old Generation Statistics:
[2026-04-03T01:54:23.072+0600][0.750s][info][gc,heap     ] GC(1) O:                Mark Start          Mark End        Relocate Start      Relocate End    
[2026-04-03T01:54:23.072+0600][0.751s][info][gc,heap     ] GC(1) O:      Used:        0M (0%)           14M (3%)           14M (3%)           14M (3%)     
[2026-04-03T01:54:23.072+0600][0.751s][info][gc,heap     ] GC(1) O:      Live:         -                 0M (0%)            0M (0%)            0M (0%)     
[2026-04-03T01:54:23.072+0600][0.751s][info][gc,heap     ] GC(1) O:   Garbage:         -                 0M (0%)            0M (0%)            0M (0%)     
[2026-04-03T01:54:23.072+0600][0.751s][info][gc,heap     ] GC(1) O: Allocated:         -                14M (3%)           14M (3%)           14M (3%)     
[2026-04-03T01:54:23.072+0600][0.751s][info][gc,heap     ] GC(1) O: Reclaimed:         -                  -                 0M (0%)            0M (0%)     
[2026-04-03T01:54:23.072+0600][0.751s][info][gc,heap     ] GC(1) O: Compacted:         -                  -                  -                 0M (0%)     
[2026-04-03T01:54:23.072+0600][0.751s][info][gc,phases   ] GC(1) O: Old Generation 34M(7%)->42M(8%) 0.020s
[2026-04-03T01:54:23.072+0600][0.751s][info][gc          ] GC(1) Major Collection (Warmup) 102M(20%)->42M(8%) 0.043s
[2026-04-03T01:54:23.492+0600][1.171s][info][gc          ] GC(2) Major Collection (Warmup)
[2026-04-03T01:54:23.492+0600][1.171s][info][gc,task     ] GC(2) Using 3 Workers for Young Generation
[2026-04-03T01:54:23.492+0600][1.171s][info][gc,task     ] GC(2) Using 1 Workers for Old Generation
[2026-04-03T01:54:23.492+0600][1.171s][info][gc,phases   ] GC(2) Y: Young Generation
[2026-04-03T01:54:23.492+0600][1.171s][info][gc,phases   ] GC(2) Y: Pause Mark Start (Major) 0.016ms
[2026-04-03T01:54:23.496+0600][1.175s][info][gc,phases   ] GC(2) Y: Concurrent Mark 4.165ms
[2026-04-03T01:54:23.497+0600][1.175s][info][gc,phases   ] GC(2) Y: Pause Mark End 0.024ms
[2026-04-03T01:54:23.497+0600][1.176s][info][gc,phases   ] GC(2) Y: Concurrent Mark Free 0.002ms
[2026-04-03T01:54:23.497+0600][1.176s][info][gc,phases   ] GC(2) Y: Concurrent Reset Relocation Set 0.012ms
[2026-04-03T01:54:23.498+0600][1.177s][info][gc,reloc    ] GC(2) Y: Using tenuring threshold: 2 (Computed)
[2026-04-03T01:54:23.498+0600][1.177s][info][gc,phases   ] GC(2) Y: Concurrent Select Relocation Set 1.656ms
[2026-04-03T01:54:23.499+0600][1.177s][info][gc,phases   ] GC(2) Y: Pause Relocate Start 0.005ms
[2026-04-03T01:54:23.500+0600][1.179s][info][gc,phases   ] GC(2) Y: Concurrent Relocate 1.310ms
[2026-04-03T01:54:23.500+0600][1.179s][info][gc,alloc    ] GC(2) Y:                         Mark Start        Mark End      Relocate Start    Relocate End   
[2026-04-03T01:54:23.500+0600][1.179s][info][gc,alloc    ] GC(2) Y: Allocation Stalls:          0                0                0                0         
[2026-04-03T01:54:23.500+0600][1.179s][info][gc,load     ] GC(2) Y: Load: 10.12 (84%) / 8.27 (69%) / 7.62 (63%)
[2026-04-03T01:54:23.500+0600][1.179s][info][gc,mmu      ] GC(2) Y: MMU: 2ms/98.5%, 5ms/99.2%, 10ms/99.5%, 20ms/99.7%, 50ms/99.8%, 100ms/99.9%
[2026-04-03T01:54:23.500+0600][1.179s][info][gc,marking  ] GC(2) Y: Mark: 2 stripe(s), 4 proactive flush(es), 1 terminate flush(es), 0 completion(s), 0 continuation(s) 
[2026-04-03T01:54:23.500+0600][1.179s][info][gc,marking  ] GC(2) Y: Mark Stack Usage: 32M
[2026-04-03T01:54:23.500+0600][1.179s][info][gc,nmethod  ] GC(2) Y: NMethods: 1126 registered, 10 unregistered
[2026-04-03T01:54:23.500+0600][1.179s][info][gc,metaspace] GC(2) Y: Metaspace: 9M used, 9M committed, 1088M reserved
[2026-04-03T01:54:23.500+0600][1.179s][info][gc,reloc    ] GC(2) Y:                        Candidates     Selected     In-Place         Size        Empty    Relocated 
[2026-04-03T01:54:23.500+0600][1.179s][info][gc,reloc    ] GC(2) Y: Small Pages:                   69           67            0         138M           2M           1M 
[2026-04-03T01:54:23.500+0600][1.179s][info][gc,reloc    ] GC(2) Y: Medium Pages:                   0            0            0           0M           0M           0M 
[2026-04-03T01:54:23.500+0600][1.179s][info][gc,reloc    ] GC(2) Y: Large Pages:                    0            0            0           0M           0M           0M 
[2026-04-03T01:54:23.500+0600][1.179s][info][gc,reloc    ] GC(2) Y: Forwarding Usage: 0M
[2026-04-03T01:54:23.500+0600][1.179s][info][gc,reloc    ] GC(2) Y: Age Table:
[2026-04-03T01:54:23.500+0600][1.179s][info][gc,reloc    ] GC(2) Y:                    Live             Garbage             Small              Medium             Large        
[2026-04-03T01:54:23.500+0600][1.179s][info][gc,reloc    ] GC(2) Y: Eden               1M (0%)          128M (26%)         65 / 64             0 / 0              0 / 0        
[2026-04-03T01:54:23.500+0600][1.179s][info][gc,reloc    ] GC(2) Y: Survivor 1         0M (0%)            7M (2%)           4 / 3              0 / 0              0 / 0        
[2026-04-03T01:54:23.500+0600][1.179s][info][gc,heap     ] GC(2) Y: Min Capacity: 8M(2%)
[2026-04-03T01:54:23.500+0600][1.179s][info][gc,heap     ] GC(2) Y: Max Capacity: 500M(100%)
[2026-04-03T01:54:23.500+0600][1.179s][info][gc,heap     ] GC(2) Y: Soft Max Capacity: 500M(100%)
[2026-04-03T01:54:23.500+0600][1.179s][info][gc,heap     ] GC(2) Y: Heap Statistics:
[2026-04-03T01:54:23.500+0600][1.179s][info][gc,heap     ] GC(2) Y:                Mark Start          Mark End        Relocate Start      Relocate End           High               Low         
[2026-04-03T01:54:23.500+0600][1.179s][info][gc,heap     ] GC(2) Y:  Capacity:      246M (49%)         246M (49%)         246M (49%)         246M (49%)         246M (49%)         246M (49%)    
[2026-04-03T01:54:23.500+0600][1.179s][info][gc,heap     ] GC(2) Y:      Free:      348M (70%)         344M (69%)         346M (69%)         464M (93%)         464M (93%)         336M (67%)    
[2026-04-03T01:54:23.500+0600][1.179s][info][gc,heap     ] GC(2) Y:      Used:      152M (30%)         156M (31%)         154M (31%)          36M (7%)          164M (33%)          36M (7%)     
[2026-04-03T01:54:23.500+0600][1.179s][info][gc,heap     ] GC(2) Y: Young Generation Statistics:
[2026-04-03T01:54:23.500+0600][1.179s][info][gc,heap     ] GC(2) Y:                Mark Start          Mark End        Relocate Start      Relocate End    
[2026-04-03T01:54:23.500+0600][1.179s][info][gc,heap     ] GC(2) Y:      Used:      138M (28%)         142M (28%)         140M (28%)          22M (4%)     
[2026-04-03T01:54:23.500+0600][1.179s][info][gc,heap     ] GC(2) Y:      Live:         -                 1M (0%)            1M (0%)            1M (0%)     
[2026-04-03T01:54:23.500+0600][1.179s][info][gc,heap     ] GC(2) Y:   Garbage:         -               136M (27%)         134M (27%)           0M (0%)     
[2026-04-03T01:54:23.500+0600][1.179s][info][gc,heap     ] GC(2) Y: Allocated:         -                 4M (1%)            4M (1%)           20M (4%)     
[2026-04-03T01:54:23.500+0600][1.179s][info][gc,heap     ] GC(2) Y: Reclaimed:         -                  -                 2M (0%)          136M (27%)    
[2026-04-03T01:54:23.500+0600][1.179s][info][gc,heap     ] GC(2) Y:  Promoted:         -                  -                 0M (0%)            0M (0%)     
[2026-04-03T01:54:23.500+0600][1.179s][info][gc,heap     ] GC(2) Y: Compacted:         -                  -                  -                 1M (0%)     
[2026-04-03T01:54:23.500+0600][1.179s][info][gc,phases   ] GC(2) Y: Young Generation 152M(30%)->36M(7%) 0.008s
[2026-04-03T01:54:23.500+0600][1.179s][info][gc,phases   ] GC(2) O: Old Generation
[2026-04-03T01:54:23.509+0600][1.188s][info][gc,phases   ] GC(2) O: Concurrent Mark 8.911ms
[2026-04-03T01:54:23.509+0600][1.188s][info][gc,phases   ] GC(2) O: Pause Mark End 0.022ms
[2026-04-03T01:54:23.509+0600][1.188s][info][gc,phases   ] GC(2) O: Concurrent Mark Free 0.002ms
[2026-04-03T01:54:23.512+0600][1.191s][info][gc,phases   ] GC(2) O: Concurrent Process Non-Strong 3.063ms
[2026-04-03T01:54:23.512+0600][1.191s][info][gc,phases   ] GC(2) O: Concurrent Reset Relocation Set 0.001ms
[2026-04-03T01:54:23.515+0600][1.194s][info][gc,phases   ] GC(2) O: Concurrent Select Relocation Set 2.610ms
[2026-04-03T01:54:23.515+0600][1.194s][info][gc,task     ] GC(2) O: Using 3 Workers for Old Generation
[2026-04-03T01:54:23.530+0600][1.208s][info][gc,task     ] GC(2) O: Using 1 Workers for Old Generation
[2026-04-03T01:54:23.530+0600][1.208s][info][gc,phases   ] GC(2) O: Concurrent Remap Roots 14.425ms
[2026-04-03T01:54:23.531+0600][1.209s][info][gc,phases   ] GC(2) O: Pause Relocate Start 0.020ms
[2026-04-03T01:54:23.538+0600][1.217s][info][gc,phases   ] GC(2) O: Concurrent Relocate 7.099ms
[2026-04-03T01:54:23.538+0600][1.217s][info][gc,alloc    ] GC(2) O:                         Mark Start        Mark End      Relocate Start    Relocate End   
[2026-04-03T01:54:23.538+0600][1.217s][info][gc,alloc    ] GC(2) O: Allocation Stalls:          0                0                0                0         
[2026-04-03T01:54:23.538+0600][1.217s][info][gc,load     ] GC(2) O: Load: 10.12 (84%) / 8.27 (69%) / 7.62 (63%)
[2026-04-03T01:54:23.538+0600][1.217s][info][gc,mmu      ] GC(2) O: MMU: 2ms/98.5%, 5ms/99.2%, 10ms/99.5%, 20ms/99.7%, 50ms/99.8%, 100ms/99.9%
[2026-04-03T01:54:23.538+0600][1.217s][info][gc,marking  ] GC(2) O: Mark: 1 stripe(s), 2 proactive flush(es), 1 terminate flush(es), 0 completion(s), 0 continuation(s) 
[2026-04-03T01:54:23.538+0600][1.217s][info][gc,marking  ] GC(2) O: Mark Stack Usage: 32M
[2026-04-03T01:54:23.538+0600][1.217s][info][gc,nmethod  ] GC(2) O: NMethods: 1089 registered, 51 unregistered
[2026-04-03T01:54:23.538+0600][1.217s][info][gc,metaspace] GC(2) O: Metaspace: 9M used, 9M committed, 1088M reserved
[2026-04-03T01:54:23.538+0600][1.217s][info][gc,ref      ] GC(2) O:                       Encountered   Discovered     Enqueued 
[2026-04-03T01:54:23.538+0600][1.217s][info][gc,ref      ] GC(2) O: Soft References:              211            0            0 
[2026-04-03T01:54:23.538+0600][1.217s][info][gc,ref      ] GC(2) O: Weak References:              914          272           96 
[2026-04-03T01:54:23.538+0600][1.217s][info][gc,ref      ] GC(2) O: Final References:               0            0            0 
[2026-04-03T01:54:23.538+0600][1.217s][info][gc,ref      ] GC(2) O: Phantom References:            28           11            0 
[2026-04-03T01:54:23.538+0600][1.217s][info][gc,reloc    ] GC(2) O:                        Candidates     Selected     In-Place         Size        Empty    Relocated 
[2026-04-03T01:54:23.538+0600][1.217s][info][gc,reloc    ] GC(2) O: Small Pages:                    7            5            0          14M           0M           2M 
[2026-04-03T01:54:23.538+0600][1.217s][info][gc,reloc    ] GC(2) O: Medium Pages:                   0            0            0           0M           0M           0M 
[2026-04-03T01:54:23.538+0600][1.217s][info][gc,reloc    ] GC(2) O: Large Pages:                    0            0            0           0M           0M           0M 
[2026-04-03T01:54:23.538+0600][1.217s][info][gc,reloc    ] GC(2) O: Forwarding Usage: 1M
[2026-04-03T01:54:23.538+0600][1.217s][info][gc,heap     ] GC(2) O: Min Capacity: 8M(2%)
[2026-04-03T01:54:23.538+0600][1.217s][info][gc,heap     ] GC(2) O: Max Capacity: 500M(100%)
[2026-04-03T01:54:23.538+0600][1.217s][info][gc,heap     ] GC(2) O: Soft Max Capacity: 500M(100%)
[2026-04-03T01:54:23.538+0600][1.217s][info][gc,heap     ] GC(2) O: Heap Statistics:
[2026-04-03T01:54:23.538+0600][1.217s][info][gc,heap     ] GC(2) O:                Mark Start          Mark End        Relocate Start      Relocate End           High               Low         
[2026-04-03T01:54:23.538+0600][1.217s][info][gc,heap     ] GC(2) O:  Capacity:      246M (49%)         246M (49%)         246M (49%)         246M (49%)         246M (49%)         246M (49%)    
[2026-04-03T01:54:23.538+0600][1.217s][info][gc,heap     ] GC(2) O:      Free:      348M (70%)         456M (91%)         440M (88%)         448M (90%)         464M (93%)         336M (67%)    
[2026-04-03T01:54:23.538+0600][1.217s][info][gc,heap     ] GC(2) O:      Used:      152M (30%)          44M (9%)           60M (12%)          52M (10%)         164M (33%)          36M (7%)     
[2026-04-03T01:54:23.538+0600][1.217s][info][gc,heap     ] GC(2) O: Old Generation Statistics:
[2026-04-03T01:54:23.538+0600][1.217s][info][gc,heap     ] GC(2) O:                Mark Start          Mark End        Relocate Start      Relocate End    
[2026-04-03T01:54:23.538+0600][1.217s][info][gc,heap     ] GC(2) O:      Used:       14M (3%)           14M (3%)           14M (3%)            6M (1%)     
[2026-04-03T01:54:23.538+0600][1.217s][info][gc,heap     ] GC(2) O:      Live:         -                 3M (1%)            3M (1%)            3M (1%)     
[2026-04-03T01:54:23.538+0600][1.217s][info][gc,heap     ] GC(2) O:   Garbage:         -                10M (2%)           10M (2%)            0M (0%)     
[2026-04-03T01:54:23.538+0600][1.217s][info][gc,heap     ] GC(2) O: Allocated:         -                 0M (0%)            0M (0%)            2M (1%)     
[2026-04-03T01:54:23.538+0600][1.217s][info][gc,heap     ] GC(2) O: Reclaimed:         -                  -                 0M (0%)           10M (2%)     
[2026-04-03T01:54:23.538+0600][1.217s][info][gc,heap     ] GC(2) O: Compacted:         -                  -                  -                 3M (1%)     
[2026-04-03T01:54:23.538+0600][1.217s][info][gc,phases   ] GC(2) O: Old Generation 36M(7%)->52M(10%) 0.038s
[2026-04-03T01:54:23.538+0600][1.217s][info][gc          ] GC(2) Major Collection (Warmup) 152M(30%)->52M(10%) 0.046s
[2026-04-03T01:54:26.504+0600][4.183s][info][gc          ] GC(3) Major Collection (Metadata GC Threshold)
[2026-04-03T01:54:26.504+0600][4.183s][info][gc,task     ] GC(3) Using 1 Workers for Young Generation
[2026-04-03T01:54:26.504+0600][4.183s][info][gc,task     ] GC(3) Using 1 Workers for Old Generation
[2026-04-03T01:54:26.504+0600][4.183s][info][gc,phases   ] GC(3) Y: Young Generation
[2026-04-03T01:54:26.505+0600][4.183s][info][gc,phases   ] GC(3) Y: Pause Mark Start (Major) 0.020ms
[2026-04-03T01:54:26.531+0600][4.210s][info][gc,phases   ] GC(3) Y: Concurrent Mark 26.301ms
[2026-04-03T01:54:26.531+0600][4.210s][info][gc,phases   ] GC(3) Y: Pause Mark End 0.017ms
[2026-04-03T01:54:26.531+0600][4.210s][info][gc,phases   ] GC(3) Y: Concurrent Mark Free 0.002ms
[2026-04-03T01:54:26.531+0600][4.210s][info][gc,phases   ] GC(3) Y: Concurrent Reset Relocation Set 0.008ms
[2026-04-03T01:54:26.533+0600][4.212s][info][gc,reloc    ] GC(3) Y: Using tenuring threshold: 3 (Computed)
[2026-04-03T01:54:26.535+0600][4.213s][info][gc,phases   ] GC(3) Y: Concurrent Select Relocation Set 3.045ms
[2026-04-03T01:54:26.535+0600][4.214s][info][gc,phases   ] GC(3) Y: Pause Relocate Start 0.024ms
[2026-04-03T01:54:26.547+0600][4.226s][info][gc,phases   ] GC(3) Y: Concurrent Relocate 12.155ms
[2026-04-03T01:54:26.547+0600][4.226s][info][gc,alloc    ] GC(3) Y:                         Mark Start        Mark End      Relocate Start    Relocate End   
[2026-04-03T01:54:26.547+0600][4.226s][info][gc,alloc    ] GC(3) Y: Allocation Stalls:          0                0                0                0         
[2026-04-03T01:54:26.547+0600][4.226s][info][gc,load     ] GC(3) Y: Load: 9.39 (78%) / 8.15 (68%) / 7.58 (63%)
[2026-04-03T01:54:26.547+0600][4.226s][info][gc,mmu      ] GC(3) Y: MMU: 2ms/98.5%, 5ms/99.2%, 10ms/99.5%, 20ms/99.7%, 50ms/99.8%, 100ms/99.9%
[2026-04-03T01:54:26.547+0600][4.226s][info][gc,marking  ] GC(3) Y: Mark: 1 stripe(s), 2 proactive flush(es), 1 terminate flush(es), 0 completion(s), 0 continuation(s) 
[2026-04-03T01:54:26.547+0600][4.226s][info][gc,marking  ] GC(3) Y: Mark Stack Usage: 32M
[2026-04-03T01:54:26.547+0600][4.226s][info][gc,nmethod  ] GC(3) Y: NMethods: 1938 registered, 0 unregistered
[2026-04-03T01:54:26.547+0600][4.226s][info][gc,metaspace] GC(3) Y: Metaspace: 21M used, 21M committed, 1088M reserved
[2026-04-03T01:54:26.547+0600][4.226s][info][gc,reloc    ] GC(3) Y:                        Candidates     Selected     In-Place         Size        Empty    Relocated 
[2026-04-03T01:54:26.547+0600][4.226s][info][gc,reloc    ] GC(3) Y: Small Pages:                  126          119            0         252M           0M           7M 
[2026-04-03T01:54:26.547+0600][4.226s][info][gc,reloc    ] GC(3) Y: Medium Pages:                   1            0            0           8M           0M           0M 
[2026-04-03T01:54:26.547+0600][4.226s][info][gc,reloc    ] GC(3) Y: Large Pages:                    2            0            0           6M           0M           0M 
[2026-04-03T01:54:26.547+0600][4.226s][info][gc,reloc    ] GC(3) Y: Forwarding Usage: 1M
[2026-04-03T01:54:26.547+0600][4.226s][info][gc,reloc    ] GC(3) Y: Age Table:
[2026-04-03T01:54:26.547+0600][4.226s][info][gc,reloc    ] GC(3) Y:                    Live             Garbage             Small              Medium             Large        
[2026-04-03T01:54:26.547+0600][4.226s][info][gc,reloc    ] GC(3) Y: Eden              17M (4%)          232M (46%)        118 / 113            1 / 0              2 / 0        
[2026-04-03T01:54:26.547+0600][4.226s][info][gc,reloc    ] GC(3) Y: Survivor 1         0M (0%)            7M (1%)           4 / 2              0 / 0              0 / 0        
[2026-04-03T01:54:26.547+0600][4.226s][info][gc,reloc    ] GC(3) Y: Survivor 2         0M (0%)            7M (2%)           4 / 4              0 / 0              0 / 0        
[2026-04-03T01:54:26.547+0600][4.226s][info][gc,heap     ] GC(3) Y: Min Capacity: 8M(2%)
[2026-04-03T01:54:26.547+0600][4.226s][info][gc,heap     ] GC(3) Y: Max Capacity: 500M(100%)
[2026-04-03T01:54:26.547+0600][4.226s][info][gc,heap     ] GC(3) Y: Soft Max Capacity: 500M(100%)
[2026-04-03T01:54:26.547+0600][4.226s][info][gc,heap     ] GC(3) Y: Heap Statistics:
[2026-04-03T01:54:26.547+0600][4.226s][info][gc,heap     ] GC(3) Y:                Mark Start          Mark End        Relocate Start      Relocate End           High               Low         
[2026-04-03T01:54:26.547+0600][4.226s][info][gc,heap     ] GC(3) Y:  Capacity:      272M (54%)         276M (55%)         276M (55%)         284M (57%)         284M (57%)         272M (54%)    
[2026-04-03T01:54:26.547+0600][4.226s][info][gc,heap     ] GC(3) Y:      Free:      228M (46%)         224M (45%)         224M (45%)         450M (90%)         450M (90%)         216M (43%)    
[2026-04-03T01:54:26.547+0600][4.226s][info][gc,heap     ] GC(3) Y:      Used:      272M (54%)         276M (55%)         276M (55%)          50M (10%)         284M (57%)          50M (10%)    
[2026-04-03T01:54:26.547+0600][4.226s][info][gc,heap     ] GC(3) Y: Young Generation Statistics:
[2026-04-03T01:54:26.547+0600][4.226s][info][gc,heap     ] GC(3) Y:                Mark Start          Mark End        Relocate Start      Relocate End    
[2026-04-03T01:54:26.547+0600][4.226s][info][gc,heap     ] GC(3) Y:      Used:      266M (53%)         270M (54%)         270M (54%)          44M (9%)     
[2026-04-03T01:54:26.547+0600][4.226s][info][gc,heap     ] GC(3) Y:      Live:         -                18M (4%)           18M (4%)           18M (4%)     
[2026-04-03T01:54:26.547+0600][4.226s][info][gc,heap     ] GC(3) Y:   Garbage:         -               247M (49%)         247M (49%)           7M (1%)     
[2026-04-03T01:54:26.547+0600][4.226s][info][gc,heap     ] GC(3) Y: Allocated:         -                 4M (1%)            4M (1%)           17M (4%)     
[2026-04-03T01:54:26.547+0600][4.226s][info][gc,heap     ] GC(3) Y: Reclaimed:         -                  -                 0M (0%)          239M (48%)    
[2026-04-03T01:54:26.547+0600][4.226s][info][gc,heap     ] GC(3) Y:  Promoted:         -                  -                 0M (0%)            0M (0%)     
[2026-04-03T01:54:26.547+0600][4.226s][info][gc,heap     ] GC(3) Y: Compacted:         -                  -                  -                10M (2%)     
[2026-04-03T01:54:26.547+0600][4.226s][info][gc,phases   ] GC(3) Y: Young Generation 272M(54%)->50M(10%) 0.043s
[2026-04-03T01:54:26.547+0600][4.226s][info][gc,phases   ] GC(3) O: Old Generation
[2026-04-03T01:54:26.563+0600][4.242s][info][gc,phases   ] GC(3) O: Concurrent Mark 15.671ms
[2026-04-03T01:54:26.563+0600][4.242s][info][gc,phases   ] GC(3) O: Pause Mark End 0.024ms
[2026-04-03T01:54:26.563+0600][4.242s][info][gc,phases   ] GC(3) O: Concurrent Mark Free 0.001ms
[2026-04-03T01:54:26.570+0600][4.249s][info][gc,phases   ] GC(3) O: Concurrent Process Non-Strong 6.938ms
[2026-04-03T01:54:26.570+0600][4.249s][info][gc,phases   ] GC(3) O: Concurrent Reset Relocation Set 0.002ms
[2026-04-03T01:54:26.575+0600][4.254s][info][gc,phases   ] GC(3) O: Concurrent Select Relocation Set 4.889ms
[2026-04-03T01:54:26.575+0600][4.254s][info][gc,task     ] GC(3) O: Using 2 Workers for Old Generation
[2026-04-03T01:54:26.597+0600][4.276s][info][gc,task     ] GC(3) O: Using 1 Workers for Old Generation
[2026-04-03T01:54:26.597+0600][4.276s][info][gc,phases   ] GC(3) O: Concurrent Remap Roots 22.149ms
[2026-04-03T01:54:26.598+0600][4.277s][info][gc,phases   ] GC(3) O: Pause Relocate Start 0.030ms
[2026-04-03T01:54:26.600+0600][4.279s][info][gc,phases   ] GC(3) O: Concurrent Relocate 2.237ms
[2026-04-03T01:54:26.600+0600][4.279s][info][gc,alloc    ] GC(3) O:                         Mark Start        Mark End      Relocate Start    Relocate End   
[2026-04-03T01:54:26.600+0600][4.279s][info][gc,alloc    ] GC(3) O: Allocation Stalls:          0                0                0                0         
[2026-04-03T01:54:26.600+0600][4.279s][info][gc,load     ] GC(3) O: Load: 9.39 (78%) / 8.15 (68%) / 7.58 (63%)
[2026-04-03T01:54:26.600+0600][4.279s][info][gc,mmu      ] GC(3) O: MMU: 2ms/98.5%, 5ms/99.2%, 10ms/99.5%, 20ms/99.7%, 50ms/99.8%, 100ms/99.9%
[2026-04-03T01:54:26.600+0600][4.279s][info][gc,marking  ] GC(3) O: Mark: 1 stripe(s), 2 proactive flush(es), 1 terminate flush(es), 0 completion(s), 0 continuation(s) 
[2026-04-03T01:54:26.600+0600][4.279s][info][gc,marking  ] GC(3) O: Mark Stack Usage: 32M
[2026-04-03T01:54:26.600+0600][4.279s][info][gc,nmethod  ] GC(3) O: NMethods: 1880 registered, 146 unregistered
[2026-04-03T01:54:26.600+0600][4.279s][info][gc,metaspace] GC(3) O: Metaspace: 21M used, 22M committed, 1088M reserved
[2026-04-03T01:54:26.600+0600][4.279s][info][gc,ref      ] GC(3) O:                       Encountered   Discovered     Enqueued 
[2026-04-03T01:54:26.600+0600][4.279s][info][gc,ref      ] GC(3) O: Soft References:             3515            0            0 
[2026-04-03T01:54:26.600+0600][4.279s][info][gc,ref      ] GC(3) O: Weak References:             1392          179            0 
[2026-04-03T01:54:26.600+0600][4.279s][info][gc,ref      ] GC(3) O: Final References:               0            0            0 
[2026-04-03T01:54:26.600+0600][4.279s][info][gc,ref      ] GC(3) O: Phantom References:           563           10            0 
[2026-04-03T01:54:26.600+0600][4.279s][info][gc,reloc    ] GC(3) O:                        Candidates     Selected     In-Place         Size        Empty    Relocated 
[2026-04-03T01:54:26.600+0600][4.279s][info][gc,reloc    ] GC(3) O: Small Pages:                    3            1            0           6M           0M           0M 
[2026-04-03T01:54:26.600+0600][4.279s][info][gc,reloc    ] GC(3) O: Medium Pages:                   0            0            0           0M           0M           0M 
[2026-04-03T01:54:26.600+0600][4.279s][info][gc,reloc    ] GC(3) O: Large Pages:                    0            0            0           0M           0M           0M 
[2026-04-03T01:54:26.600+0600][4.279s][info][gc,reloc    ] GC(3) O: Forwarding Usage: 0M
[2026-04-03T01:54:26.600+0600][4.279s][info][gc,heap     ] GC(3) O: Min Capacity: 8M(2%)
[2026-04-03T01:54:26.600+0600][4.279s][info][gc,heap     ] GC(3) O: Max Capacity: 500M(100%)
[2026-04-03T01:54:26.600+0600][4.279s][info][gc,heap     ] GC(3) O: Soft Max Capacity: 500M(100%)
[2026-04-03T01:54:26.600+0600][4.279s][info][gc,heap     ] GC(3) O: Heap Statistics:
[2026-04-03T01:54:26.600+0600][4.279s][info][gc,heap     ] GC(3) O:                Mark Start          Mark End        Relocate Start      Relocate End           High               Low         
[2026-04-03T01:54:26.600+0600][4.279s][info][gc,heap     ] GC(3) O:  Capacity:      272M (54%)         284M (57%)         284M (57%)         284M (57%)         284M (57%)         272M (54%)    
[2026-04-03T01:54:26.600+0600][4.279s][info][gc,heap     ] GC(3) O:      Free:      228M (46%)         450M (90%)         448M (90%)         448M (90%)         450M (90%)         216M (43%)    
[2026-04-03T01:54:26.600+0600][4.279s][info][gc,heap     ] GC(3) O:      Used:      272M (54%)          50M (10%)          52M (10%)          52M (10%)         284M (57%)          50M (10%)    
[2026-04-03T01:54:26.600+0600][4.279s][info][gc,heap     ] GC(3) O: Old Generation Statistics:
[2026-04-03T01:54:26.600+0600][4.279s][info][gc,heap     ] GC(3) O:                Mark Start          Mark End        Relocate Start      Relocate End    
[2026-04-03T01:54:26.600+0600][4.279s][info][gc,heap     ] GC(3) O:      Used:        6M (1%)            6M (1%)            6M (1%)            6M (1%)     
[2026-04-03T01:54:26.600+0600][4.279s][info][gc,heap     ] GC(3) O:      Live:         -                 3M (1%)            3M (1%)            3M (1%)     
[2026-04-03T01:54:26.600+0600][4.279s][info][gc,heap     ] GC(3) O:   Garbage:         -                 2M (1%)            2M (1%)            0M (0%)     
[2026-04-03T01:54:26.600+0600][4.279s][info][gc,heap     ] GC(3) O: Allocated:         -                 0M (0%)            0M (0%)            2M (1%)     
[2026-04-03T01:54:26.601+0600][4.279s][info][gc,heap     ] GC(3) O: Reclaimed:         -                  -                 0M (0%)            2M (1%)     
[2026-04-03T01:54:26.601+0600][4.279s][info][gc,heap     ] GC(3) O: Compacted:         -                  -                  -                 1M (0%)     
[2026-04-03T01:54:26.601+0600][4.279s][info][gc,phases   ] GC(3) O: Old Generation 50M(10%)->52M(10%) 0.053s
[2026-04-03T01:54:26.601+0600][4.279s][info][gc          ] GC(3) Major Collection (Metadata GC Threshold) 272M(54%)->52M(10%) 0.096s
[2026-04-03T01:54:29.887+0600][7.566s][info][gc          ] GC(4) Major Collection (Metadata GC Threshold)
[2026-04-03T01:54:29.887+0600][7.566s][info][gc,task     ] GC(4) Using 1 Workers for Young Generation
[2026-04-03T01:54:29.887+0600][7.566s][info][gc,task     ] GC(4) Using 1 Workers for Old Generation
[2026-04-03T01:54:29.887+0600][7.566s][info][gc,phases   ] GC(4) Y: Young Generation
[2026-04-03T01:54:29.887+0600][7.566s][info][gc,phases   ] GC(4) Y: Pause Mark Start (Major) 0.016ms
[2026-04-03T01:54:29.929+0600][7.608s][info][gc,phases   ] GC(4) Y: Concurrent Mark 41.564ms
[2026-04-03T01:54:29.929+0600][7.608s][info][gc,phases   ] GC(4) Y: Pause Mark End 0.019ms
[2026-04-03T01:54:29.929+0600][7.608s][info][gc,phases   ] GC(4) Y: Concurrent Mark Free 0.001ms
[2026-04-03T01:54:29.929+0600][7.608s][info][gc,phases   ] GC(4) Y: Concurrent Reset Relocation Set 0.010ms
[2026-04-03T01:54:29.933+0600][7.612s][info][gc,reloc    ] GC(4) Y: Using tenuring threshold: 4 (Computed)
[2026-04-03T01:54:29.935+0600][7.614s][info][gc,phases   ] GC(4) Y: Concurrent Select Relocation Set 5.700ms
[2026-04-03T01:54:29.936+0600][7.615s][info][gc,phases   ] GC(4) Y: Pause Relocate Start 0.015ms
[2026-04-03T01:54:29.947+0600][7.626s][info][gc,phases   ] GC(4) Y: Concurrent Relocate 11.135ms
[2026-04-03T01:54:29.947+0600][7.626s][info][gc,alloc    ] GC(4) Y:                         Mark Start        Mark End      Relocate Start    Relocate End   
[2026-04-03T01:54:29.947+0600][7.626s][info][gc,alloc    ] GC(4) Y: Allocation Stalls:          0                0                0                0         
[2026-04-03T01:54:29.947+0600][7.626s][info][gc,load     ] GC(4) Y: Load: 8.88 (74%) / 8.06 (67%) / 7.56 (63%)
[2026-04-03T01:54:29.947+0600][7.626s][info][gc,mmu      ] GC(4) Y: MMU: 2ms/98.5%, 5ms/99.2%, 10ms/99.5%, 20ms/99.7%, 50ms/99.8%, 100ms/99.9%
[2026-04-03T01:54:29.947+0600][7.626s][info][gc,marking  ] GC(4) Y: Mark: 1 stripe(s), 2 proactive flush(es), 1 terminate flush(es), 0 completion(s), 0 continuation(s) 
[2026-04-03T01:54:29.947+0600][7.626s][info][gc,marking  ] GC(4) Y: Mark Stack Usage: 32M
[2026-04-03T01:54:29.947+0600][7.626s][info][gc,nmethod  ] GC(4) Y: NMethods: 2775 registered, 0 unregistered
[2026-04-03T01:54:29.947+0600][7.626s][info][gc,metaspace] GC(4) Y: Metaspace: 37M used, 37M committed, 1088M reserved
[2026-04-03T01:54:29.947+0600][7.626s][info][gc,reloc    ] GC(4) Y:                        Candidates     Selected     In-Place         Size        Empty    Relocated 
[2026-04-03T01:54:29.947+0600][7.626s][info][gc,reloc    ] GC(4) Y: Small Pages:                   93           84            0         186M           0M           6M 
[2026-04-03T01:54:29.947+0600][7.626s][info][gc,reloc    ] GC(4) Y: Medium Pages:                   1            0            0           8M           0M           0M 
[2026-04-03T01:54:29.947+0600][7.626s][info][gc,reloc    ] GC(4) Y: Large Pages:                   15            0            0          32M          26M           0M 
[2026-04-03T01:54:29.947+0600][7.626s][info][gc,reloc    ] GC(4) Y: Forwarding Usage: 2M
[2026-04-03T01:54:29.947+0600][7.626s][info][gc,reloc    ] GC(4) Y: Age Table:
[2026-04-03T01:54:29.947+0600][7.626s][info][gc,reloc    ] GC(4) Y:                    Live             Garbage             Small              Medium             Large        
[2026-04-03T01:54:29.947+0600][7.626s][info][gc,reloc    ] GC(4) Y: Eden               5M (1%)          182M (37%)         81 / 77             0 / 0             13 / 0        
[2026-04-03T01:54:29.947+0600][7.626s][info][gc,reloc    ] GC(4) Y: Survivor 1        17M (4%)           10M (2%)           7 / 2              1 / 0              2 / 0        
[2026-04-03T01:54:29.947+0600][7.626s][info][gc,reloc    ] GC(4) Y: Survivor 2         0M (0%)            5M (1%)           3 / 3              0 / 0              0 / 0        
[2026-04-03T01:54:29.947+0600][7.626s][info][gc,reloc    ] GC(4) Y: Survivor 3         0M (0%)            3M (1%)           2 / 2              0 / 0              0 / 0        
[2026-04-03T01:54:29.947+0600][7.626s][info][gc,heap     ] GC(4) Y: Min Capacity: 8M(2%)
[2026-04-03T01:54:29.947+0600][7.626s][info][gc,heap     ] GC(4) Y: Max Capacity: 500M(100%)
[2026-04-03T01:54:29.947+0600][7.626s][info][gc,heap     ] GC(4) Y: Soft Max Capacity: 500M(100%)
[2026-04-03T01:54:29.947+0600][7.626s][info][gc,heap     ] GC(4) Y: Heap Statistics:
[2026-04-03T01:54:29.947+0600][7.626s][info][gc,heap     ] GC(4) Y:                Mark Start          Mark End        Relocate Start      Relocate End           High               Low         
[2026-04-03T01:54:29.947+0600][7.626s][info][gc,heap     ] GC(4) Y:  Capacity:      310M (62%)         310M (62%)         310M (62%)         310M (62%)         310M (62%)         310M (62%)    
[2026-04-03T01:54:29.947+0600][7.626s][info][gc,heap     ] GC(4) Y:      Free:      268M (54%)         256M (51%)         282M (56%)         440M (88%)         440M (88%)         256M (51%)    
[2026-04-03T01:54:29.947+0600][7.626s][info][gc,heap     ] GC(4) Y:      Used:      232M (46%)         244M (49%)         218M (44%)          60M (12%)         244M (49%)          60M (12%)    
[2026-04-03T01:54:29.947+0600][7.626s][info][gc,heap     ] GC(4) Y: Young Generation Statistics:
[2026-04-03T01:54:29.947+0600][7.626s][info][gc,heap     ] GC(4) Y:                Mark Start          Mark End        Relocate Start      Relocate End    
[2026-04-03T01:54:29.947+0600][7.626s][info][gc,heap     ] GC(4) Y:      Used:      226M (45%)         238M (48%)         212M (42%)          54M (11%)    
[2026-04-03T01:54:29.947+0600][7.626s][info][gc,heap     ] GC(4) Y:      Live:         -                23M (5%)           23M (5%)           23M (5%)     
[2026-04-03T01:54:29.947+0600][7.626s][info][gc,heap     ] GC(4) Y:   Garbage:         -               202M (40%)         176M (35%)           6M (1%)     
[2026-04-03T01:54:29.947+0600][7.626s][info][gc,heap     ] GC(4) Y: Allocated:         -                12M (2%)           12M (2%)           23M (5%)     
[2026-04-03T01:54:29.947+0600][7.626s][info][gc,heap     ] GC(4) Y: Reclaimed:         -                  -                26M (5%)          195M (39%)    
[2026-04-03T01:54:29.947+0600][7.626s][info][gc,heap     ] GC(4) Y:  Promoted:         -                  -                 0M (0%)            0M (0%)     
[2026-04-03T01:54:29.947+0600][7.626s][info][gc,heap     ] GC(4) Y: Compacted:         -                  -                  -                 8M (2%)     
[2026-04-03T01:54:29.947+0600][7.626s][info][gc,phases   ] GC(4) Y: Young Generation 232M(46%)->60M(12%) 0.060s
[2026-04-03T01:54:29.947+0600][7.626s][info][gc,phases   ] GC(4) O: Old Generation
[2026-04-03T01:54:29.959+0600][7.637s][info][gc,phases   ] GC(4) O: Concurrent Mark 11.255ms
[2026-04-03T01:54:29.959+0600][7.638s][info][gc,phases   ] GC(4) O: Pause Mark End 0.022ms
[2026-04-03T01:54:29.959+0600][7.638s][info][gc,phases   ] GC(4) O: Concurrent Mark Free 0.001ms
[2026-04-03T01:54:29.968+0600][7.647s][info][gc,phases   ] GC(4) O: Concurrent Process Non-Strong 8.678ms
[2026-04-03T01:54:29.968+0600][7.647s][info][gc,phases   ] GC(4) O: Concurrent Reset Relocation Set 0.002ms
[2026-04-03T01:54:29.972+0600][7.651s][info][gc,phases   ] GC(4) O: Concurrent Select Relocation Set 4.231ms
[2026-04-03T01:54:29.972+0600][7.651s][info][gc,task     ] GC(4) O: Using 2 Workers for Old Generation
[2026-04-03T01:54:29.993+0600][7.671s][info][gc,task     ] GC(4) O: Using 1 Workers for Old Generation
[2026-04-03T01:54:29.993+0600][7.671s][info][gc,phases   ] GC(4) O: Concurrent Remap Roots 20.587ms
[2026-04-03T01:54:29.993+0600][7.672s][info][gc,phases   ] GC(4) O: Pause Relocate Start 0.023ms
[2026-04-03T01:54:29.996+0600][7.675s][info][gc,phases   ] GC(4) O: Concurrent Relocate 2.454ms
[2026-04-03T01:54:29.996+0600][7.675s][info][gc,alloc    ] GC(4) O:                         Mark Start        Mark End      Relocate Start    Relocate End   
[2026-04-03T01:54:29.996+0600][7.675s][info][gc,alloc    ] GC(4) O: Allocation Stalls:          0                0                0                0         
[2026-04-03T01:54:29.996+0600][7.675s][info][gc,load     ] GC(4) O: Load: 8.88 (74%) / 8.06 (67%) / 7.56 (63%)
[2026-04-03T01:54:29.996+0600][7.675s][info][gc,mmu      ] GC(4) O: MMU: 2ms/98.5%, 5ms/99.2%, 10ms/99.5%, 20ms/99.7%, 50ms/99.8%, 100ms/99.9%
[2026-04-03T01:54:29.996+0600][7.675s][info][gc,marking  ] GC(4) O: Mark: 1 stripe(s), 2 proactive flush(es), 1 terminate flush(es), 0 completion(s), 0 continuation(s) 
[2026-04-03T01:54:29.996+0600][7.675s][info][gc,marking  ] GC(4) O: Mark Stack Usage: 32M
[2026-04-03T01:54:29.996+0600][7.675s][info][gc,nmethod  ] GC(4) O: NMethods: 2599 registered, 185 unregistered
[2026-04-03T01:54:29.996+0600][7.675s][info][gc,metaspace] GC(4) O: Metaspace: 37M used, 38M committed, 1088M reserved
[2026-04-03T01:54:29.996+0600][7.675s][info][gc,ref      ] GC(4) O:                       Encountered   Discovered     Enqueued 
[2026-04-03T01:54:29.996+0600][7.675s][info][gc,ref      ] GC(4) O: Soft References:             3877            0            0 
[2026-04-03T01:54:29.996+0600][7.675s][info][gc,ref      ] GC(4) O: Weak References:             2979          164            0 
[2026-04-03T01:54:29.996+0600][7.675s][info][gc,ref      ] GC(4) O: Final References:              72            0            0 
[2026-04-03T01:54:29.996+0600][7.675s][info][gc,ref      ] GC(4) O: Phantom References:           570           17            0 
[2026-04-03T01:54:29.996+0600][7.675s][info][gc,reloc    ] GC(4) O:                        Candidates     Selected     In-Place         Size        Empty    Relocated 
[2026-04-03T01:54:29.996+0600][7.675s][info][gc,reloc    ] GC(4) O: Small Pages:                    3            1            0           6M           0M           1M 
[2026-04-03T01:54:29.996+0600][7.675s][info][gc,reloc    ] GC(4) O: Medium Pages:                   0            0            0           0M           0M           0M 
[2026-04-03T01:54:29.996+0600][7.675s][info][gc,reloc    ] GC(4) O: Large Pages:                    0            0            0           0M           0M           0M 
[2026-04-03T01:54:29.996+0600][7.675s][info][gc,reloc    ] GC(4) O: Forwarding Usage: 0M
[2026-04-03T01:54:29.996+0600][7.675s][info][gc,heap     ] GC(4) O: Min Capacity: 8M(2%)
[2026-04-03T01:54:29.996+0600][7.675s][info][gc,heap     ] GC(4) O: Max Capacity: 500M(100%)
[2026-04-03T01:54:29.996+0600][7.675s][info][gc,heap     ] GC(4) O: Soft Max Capacity: 500M(100%)
[2026-04-03T01:54:29.996+0600][7.675s][info][gc,heap     ] GC(4) O: Heap Statistics:
[2026-04-03T01:54:29.996+0600][7.675s][info][gc,heap     ] GC(4) O:                Mark Start          Mark End        Relocate Start      Relocate End           High               Low         
[2026-04-03T01:54:29.996+0600][7.675s][info][gc,heap     ] GC(4) O:  Capacity:      310M (62%)         310M (62%)         310M (62%)         310M (62%)         310M (62%)         310M (62%)    
[2026-04-03T01:54:29.996+0600][7.675s][info][gc,heap     ] GC(4) O:      Free:      268M (54%)         438M (88%)         438M (88%)         438M (88%)         440M (88%)         256M (51%)    
[2026-04-03T01:54:29.996+0600][7.675s][info][gc,heap     ] GC(4) O:      Used:      232M (46%)          62M (12%)          62M (12%)          62M (12%)         244M (49%)          60M (12%)    
[2026-04-03T01:54:29.996+0600][7.675s][info][gc,heap     ] GC(4) O: Old Generation Statistics:
[2026-04-03T01:54:29.996+0600][7.675s][info][gc,heap     ] GC(4) O:                Mark Start          Mark End        Relocate Start      Relocate End    
[2026-04-03T01:54:29.996+0600][7.675s][info][gc,heap     ] GC(4) O:      Used:        6M (1%)            6M (1%)            6M (1%)            6M (1%)     
[2026-04-03T01:54:29.996+0600][7.675s][info][gc,heap     ] GC(4) O:      Live:         -                 3M (1%)            3M (1%)            3M (1%)     
[2026-04-03T01:54:29.996+0600][7.675s][info][gc,heap     ] GC(4) O:   Garbage:         -                 2M (1%)            2M (1%)            0M (0%)     
[2026-04-03T01:54:29.996+0600][7.675s][info][gc,heap     ] GC(4) O: Allocated:         -                 0M (0%)            0M (0%)            2M (1%)     
[2026-04-03T01:54:29.996+0600][7.675s][info][gc,heap     ] GC(4) O: Reclaimed:         -                  -                 0M (0%)            2M (1%)     
[2026-04-03T01:54:29.996+0600][7.675s][info][gc,heap     ] GC(4) O: Compacted:         -                  -                  -                 1M (0%)     
[2026-04-03T01:54:29.996+0600][7.675s][info][gc,phases   ] GC(4) O: Old Generation 60M(12%)->62M(12%) 0.048s
[2026-04-03T01:54:29.996+0600][7.675s][info][gc          ] GC(4) Major Collection (Metadata GC Threshold) 232M(46%)->62M(12%) 0.109s
[2026-04-03T01:54:31.637+0600][9.316s][info][gc          ] GC(5) Minor Collection (Allocation Rate)
[2026-04-03T01:54:31.637+0600][9.316s][info][gc,task     ] GC(5) Using 1 Workers for Young Generation
[2026-04-03T01:54:31.637+0600][9.316s][info][gc,phases   ] GC(5) y: Young Generation
[2026-04-03T01:54:31.638+0600][9.317s][info][gc,phases   ] GC(5) y: Pause Mark Start 0.017ms
[2026-04-03T01:54:31.713+0600][9.392s][info][gc,task     ] Adjusting Workers for Young Generation: 1 -> 3
[2026-04-03T01:54:31.772+0600][9.451s][info][gc,phases   ] GC(5) y: Concurrent Mark 134.465ms
[2026-04-03T01:54:31.773+0600][9.451s][info][gc,phases   ] GC(5) y: Pause Mark End 0.021ms
[2026-04-03T01:54:31.773+0600][9.451s][info][gc,phases   ] GC(5) y: Concurrent Mark Free 0.001ms
[2026-04-03T01:54:31.773+0600][9.451s][info][gc,phases   ] GC(5) y: Concurrent Reset Relocation Set 0.008ms
[2026-04-03T01:54:31.774+0600][9.453s][info][gc,reloc    ] GC(5) y: Using tenuring threshold: 1 (Computed)
[2026-04-03T01:54:31.774+0600][9.453s][info][gc          ] Allocation Stall (main) 27.211ms
[2026-04-03T01:54:31.786+0600][9.465s][info][gc,phases   ] GC(5) y: Concurrent Select Relocation Set 13.329ms
[2026-04-03T01:54:31.786+0600][9.465s][info][gc,phases   ] GC(5) y: Pause Relocate Start 0.017ms
[2026-04-03T01:54:31.787+0600][9.466s][info][gc          ] Allocation Stall (main) 5.354ms
[2026-04-03T01:54:31.815+0600][9.494s][info][gc,phases   ] GC(5) y: Concurrent Relocate 28.631ms
[2026-04-03T01:54:31.815+0600][9.494s][info][gc,alloc    ] GC(5) y:                         Mark Start        Mark End      Relocate Start    Relocate End   
[2026-04-03T01:54:31.815+0600][9.494s][info][gc,alloc    ] GC(5) y: Allocation Stalls:          0                1                1                0         
[2026-04-03T01:54:31.815+0600][9.494s][info][gc,load     ] GC(5) y: Load: 8.88 (74%) / 8.06 (67%) / 7.56 (63%)
[2026-04-03T01:54:31.815+0600][9.494s][info][gc,mmu      ] GC(5) y: MMU: 2ms/98.5%, 5ms/99.2%, 10ms/99.5%, 20ms/99.7%, 50ms/99.8%, 100ms/99.9%
[2026-04-03T01:54:31.815+0600][9.494s][info][gc,marking  ] GC(5) y: Mark: 1 stripe(s), 10 proactive flush(es), 1 terminate flush(es), 0 completion(s), 0 continuation(s) 
[2026-04-03T01:54:31.815+0600][9.494s][info][gc,marking  ] GC(5) y: Mark Stack Usage: 32M
[2026-04-03T01:54:31.815+0600][9.494s][info][gc,nmethod  ] GC(5) y: NMethods: 3190 registered, 185 unregistered
[2026-04-03T01:54:31.815+0600][9.494s][info][gc,metaspace] GC(5) y: Metaspace: 47M used, 48M committed, 1088M reserved
[2026-04-03T01:54:31.815+0600][9.494s][info][gc,reloc    ] GC(5) y:                        Candidates     Selected     In-Place         Size        Empty    Relocated 
[2026-04-03T01:54:31.815+0600][9.494s][info][gc,reloc    ] GC(5) y: Small Pages:                  200          176            2         400M           0M          24M 
[2026-04-03T01:54:31.815+0600][9.494s][info][gc,reloc    ] GC(5) y: Medium Pages:                   2            1            1          16M           0M           1M 
[2026-04-03T01:54:31.815+0600][9.494s][info][gc,reloc    ] GC(5) y: Large Pages:                    5            0            0          12M           6M           0M 
[2026-04-03T01:54:31.815+0600][9.494s][info][gc,reloc    ] GC(5) y: Forwarding Usage: 16M
[2026-04-03T01:54:31.815+0600][9.494s][info][gc,reloc    ] GC(5) y: Age Table:
[2026-04-03T01:54:31.815+0600][9.494s][info][gc,reloc    ] GC(5) y:                    Live             Garbage             Small              Medium             Large        
[2026-04-03T01:54:31.815+0600][9.494s][info][gc,reloc    ] GC(5) y: Eden              26M (5%)          359M (72%)        186 / 172            1 / 0              3 / 0        
[2026-04-03T01:54:31.815+0600][9.494s][info][gc,reloc    ] GC(5) y: Survivor 1         5M (1%)            2M (1%)           4 / 1              0 / 0              0 / 0        
[2026-04-03T01:54:31.815+0600][9.494s][info][gc,reloc    ] GC(5) y: Survivor 2        17M (4%)            8M (2%)           6 / 1              1 / 1              2 / 0        
[2026-04-03T01:54:31.815+0600][9.494s][info][gc,reloc    ] GC(5) y: Survivor 3         0M (0%)            3M (1%)           2 / 2              0 / 0              0 / 0        
[2026-04-03T01:54:31.815+0600][9.494s][info][gc,reloc    ] GC(5) y: Survivor 4         0M (0%)            3M (1%)           2 / 0              0 / 0              0 / 0        
[2026-04-03T01:54:31.815+0600][9.494s][info][gc,heap     ] GC(5) y: Min Capacity: 8M(2%)
[2026-04-03T01:54:31.815+0600][9.494s][info][gc,heap     ] GC(5) y: Max Capacity: 500M(100%)
[2026-04-03T01:54:31.815+0600][9.494s][info][gc,heap     ] GC(5) y: Soft Max Capacity: 500M(100%)
[2026-04-03T01:54:31.815+0600][9.494s][info][gc,heap     ] GC(5) y: Heap Statistics:
[2026-04-03T01:54:31.815+0600][9.494s][info][gc,heap     ] GC(5) y:                Mark Start          Mark End        Relocate Start      Relocate End           High               Low         
[2026-04-03T01:54:31.815+0600][9.494s][info][gc,heap     ] GC(5) y:  Capacity:      434M (87%)         500M (100%)        500M (100%)        500M (100%)        500M (100%)        434M (87%)    
[2026-04-03T01:54:31.815+0600][9.494s][info][gc,heap     ] GC(5) y:      Free:       66M (13%)           0M (0%)            0M (0%)          318M (64%)         324M (65%)           0M (0%)     
[2026-04-03T01:54:31.815+0600][9.494s][info][gc,heap     ] GC(5) y:      Used:      434M (87%)         500M (100%)        500M (100%)        182M (36%)         500M (100%)        176M (35%)    
[2026-04-03T01:54:31.815+0600][9.494s][info][gc,heap     ] GC(5) y: Young Generation Statistics:
[2026-04-03T01:54:31.815+0600][9.494s][info][gc,heap     ] GC(5) y:                Mark Start          Mark End        Relocate Start      Relocate End    
[2026-04-03T01:54:31.815+0600][9.494s][info][gc,heap     ] GC(5) y:      Used:      428M (86%)         494M (99%)         472M (94%)         138M (28%)    
[2026-04-03T01:54:31.815+0600][9.494s][info][gc,heap     ] GC(5) y:      Live:         -                50M (10%)          29M (6%)           26M (5%)     
[2026-04-03T01:54:31.815+0600][9.494s][info][gc,heap     ] GC(5) y:   Garbage:         -               377M (76%)         370M (74%)           0M (0%)     
[2026-04-03T01:54:31.815+0600][9.494s][info][gc,heap     ] GC(5) y: Allocated:         -                66M (13%)          72M (14%)         111M (22%)    
[2026-04-03T01:54:31.815+0600][9.494s][info][gc,heap     ] GC(5) y: Reclaimed:         -                  -                 7M (2%)          377M (76%)    
[2026-04-03T01:54:31.815+0600][9.494s][info][gc,heap     ] GC(5) y:  Promoted:         -                  -                20M (4%)           23M (5%)     
[2026-04-03T01:54:31.815+0600][9.494s][info][gc,heap     ] GC(5) y: Compacted:         -                  -                  -                26M (5%)     
[2026-04-03T01:54:31.815+0600][9.494s][info][gc,phases   ] GC(5) y: Young Generation 434M(87%)->182M(36%) 0.177s
[2026-04-03T01:54:31.815+0600][9.494s][info][gc          ] GC(5) Minor Collection (Allocation Rate) 434M(87%)->182M(36%) 0.178s
[2026-04-03T01:54:31.815+0600][9.494s][info][gc          ] GC(6) Major Collection (Allocation Rate)
[2026-04-03T01:54:31.815+0600][9.494s][info][gc,task     ] GC(6) Using 3 Workers for Young Generation
[2026-04-03T01:54:31.815+0600][9.494s][info][gc,task     ] GC(6) Using 1 Workers for Old Generation
[2026-04-03T01:54:31.815+0600][9.494s][info][gc,phases   ] GC(6) Y: Young Generation
[2026-04-03T01:54:31.816+0600][9.495s][info][gc,phases   ] GC(6) Y: Pause Mark Start (Major) 0.047ms
[2026-04-03T01:54:31.940+0600][9.619s][info][gc,phases   ] GC(6) Y: Concurrent Mark 124.441ms
[2026-04-03T01:54:31.941+0600][9.619s][info][gc,phases   ] GC(6) Y: Pause Mark End 0.028ms
[2026-04-03T01:54:31.941+0600][9.619s][info][gc,phases   ] GC(6) Y: Concurrent Mark Free 0.002ms
[2026-04-03T01:54:31.941+0600][9.620s][info][gc,phases   ] GC(6) Y: Concurrent Reset Relocation Set 0.073ms
[2026-04-03T01:54:31.943+0600][9.622s][info][gc,reloc    ] GC(6) Y: Using tenuring threshold: 1 (Computed)
[2026-04-03T01:54:31.952+0600][9.631s][info][gc,phases   ] GC(6) Y: Concurrent Select Relocation Set 11.455ms
[2026-04-03T01:54:31.952+0600][9.631s][info][gc,phases   ] GC(6) Y: Pause Relocate Start 0.017ms
[2026-04-03T01:54:31.978+0600][9.657s][info][gc,phases   ] GC(6) Y: Concurrent Relocate 25.754ms
[2026-04-03T01:54:31.978+0600][9.657s][info][gc,alloc    ] GC(6) Y:                         Mark Start        Mark End      Relocate Start    Relocate End   
[2026-04-03T01:54:31.978+0600][9.657s][info][gc,alloc    ] GC(6) Y: Allocation Stalls:          0                0                0                0         
[2026-04-03T01:54:31.978+0600][9.657s][info][gc,load     ] GC(6) Y: Load: 8.88 (74%) / 8.06 (67%) / 7.56 (63%)
[2026-04-03T01:54:31.978+0600][9.657s][info][gc,mmu      ] GC(6) Y: MMU: 2ms/97.7%, 5ms/99.1%, 10ms/99.5%, 20ms/99.7%, 50ms/99.8%, 100ms/99.9%
[2026-04-03T01:54:31.978+0600][9.657s][info][gc,marking  ] GC(6) Y: Mark: 2 stripe(s), 10 proactive flush(es), 1 terminate flush(es), 0 completion(s), 0 continuation(s) 
[2026-04-03T01:54:31.978+0600][9.657s][info][gc,marking  ] GC(6) Y: Mark Stack Usage: 32M
[2026-04-03T01:54:31.978+0600][9.657s][info][gc,nmethod  ] GC(6) Y: NMethods: 3190 registered, 185 unregistered
[2026-04-03T01:54:31.978+0600][9.657s][info][gc,metaspace] GC(6) Y: Metaspace: 47M used, 48M committed, 1088M reserved
[2026-04-03T01:54:31.978+0600][9.657s][info][gc,reloc    ] GC(6) Y:                        Candidates     Selected     In-Place         Size        Empty    Relocated 
[2026-04-03T01:54:31.978+0600][9.657s][info][gc,reloc    ] GC(6) Y: Small Pages:                   65           47            0         130M           0M           8M 
[2026-04-03T01:54:31.978+0600][9.657s][info][gc,reloc    ] GC(6) Y: Medium Pages:                   1            0            0           8M           0M           0M 
[2026-04-03T01:54:31.978+0600][9.657s][info][gc,reloc    ] GC(6) Y: Large Pages:                    0            0            0           0M           0M           0M 
[2026-04-03T01:54:31.978+0600][9.657s][info][gc,reloc    ] GC(6) Y: Forwarding Usage: 6M
[2026-04-03T01:54:31.978+0600][9.657s][info][gc,reloc    ] GC(6) Y: Age Table:
[2026-04-03T01:54:31.978+0600][9.657s][info][gc,reloc    ] GC(6) Y:                    Live             Garbage             Small              Medium             Large        
[2026-04-03T01:54:31.978+0600][9.657s][info][gc,reloc    ] GC(6) Y: Eden               7M (2%)           92M (18%)         50 / 46             0 / 0              0 / 0        
[2026-04-03T01:54:31.978+0600][9.657s][info][gc,reloc    ] GC(6) Y: Survivor 1        26M (5%)           11M (2%)          15 / 1              1 / 0              0 / 0        
[2026-04-03T01:54:31.978+0600][9.657s][info][gc,heap     ] GC(6) Y: Min Capacity: 8M(2%)
[2026-04-03T01:54:31.978+0600][9.657s][info][gc,heap     ] GC(6) Y: Max Capacity: 500M(100%)
[2026-04-03T01:54:31.978+0600][9.657s][info][gc,heap     ] GC(6) Y: Soft Max Capacity: 500M(100%)
[2026-04-03T01:54:31.978+0600][9.657s][info][gc,heap     ] GC(6) Y: Heap Statistics:
[2026-04-03T01:54:31.978+0600][9.657s][info][gc,heap     ] GC(6) Y:                Mark Start          Mark End        Relocate Start      Relocate End           High               Low         
[2026-04-03T01:54:31.978+0600][9.657s][info][gc,heap     ] GC(6) Y:  Capacity:      500M (100%)        500M (100%)        500M (100%)        500M (100%)        500M (100%)        500M (100%)   
[2026-04-03T01:54:31.978+0600][9.657s][info][gc,heap     ] GC(6) Y:      Free:      318M (64%)         192M (38%)         180M (36%)         246M (49%)         318M (64%)         172M (34%)    
[2026-04-03T01:54:31.978+0600][9.657s][info][gc,heap     ] GC(6) Y:      Used:      182M (36%)         308M (62%)         320M (64%)         254M (51%)         328M (66%)         182M (36%)    
[2026-04-03T01:54:31.978+0600][9.657s][info][gc,heap     ] GC(6) Y: Young Generation Statistics:
[2026-04-03T01:54:31.978+0600][9.657s][info][gc,heap     ] GC(6) Y:                Mark Start          Mark End        Relocate Start      Relocate End    
[2026-04-03T01:54:31.978+0600][9.657s][info][gc,heap     ] GC(6) Y:      Used:      138M (28%)         264M (53%)         244M (49%)         172M (34%)    
[2026-04-03T01:54:31.979+0600][9.657s][info][gc,heap     ] GC(6) Y:      Live:         -                34M (7%)           10M (2%)            7M (2%)     
[2026-04-03T01:54:31.979+0600][9.657s][info][gc,heap     ] GC(6) Y:   Garbage:         -               103M (21%)          95M (19%)           0M (0%)     
[2026-04-03T01:54:31.979+0600][9.657s][info][gc,heap     ] GC(6) Y: Allocated:         -               126M (25%)         138M (28%)         164M (33%)    
[2026-04-03T01:54:31.979+0600][9.657s][info][gc,heap     ] GC(6) Y: Reclaimed:         -                  -                 7M (2%)          103M (21%)    
[2026-04-03T01:54:31.979+0600][9.657s][info][gc,heap     ] GC(6) Y:  Promoted:         -                  -                24M (5%)           26M (5%)     
[2026-04-03T01:54:31.979+0600][9.657s][info][gc,heap     ] GC(6) Y: Compacted:         -                  -                  -                 7M (2%)     
[2026-04-03T01:54:31.979+0600][9.657s][info][gc,phases   ] GC(6) Y: Young Generation 182M(36%)->254M(51%) 0.163s
[2026-04-03T01:54:31.979+0600][9.657s][info][gc,phases   ] GC(6) O: Old Generation
[2026-04-03T01:54:31.980+0600][9.659s][info][gc          ] GC(7) Minor Collection (Allocation Rate)
[2026-04-03T01:54:31.980+0600][9.659s][info][gc,task     ] GC(7) Using 2 Workers for Young Generation
[2026-04-03T01:54:31.980+0600][9.659s][info][gc,phases   ] GC(7) y: Young Generation
[2026-04-03T01:54:31.980+0600][9.659s][info][gc,phases   ] GC(7) y: Pause Mark Start 0.020ms
[2026-04-03T01:54:32.024+0600][9.703s][info][gc,phases   ] GC(7) y: Concurrent Mark 43.899ms
[2026-04-03T01:54:32.025+0600][9.703s][info][gc,phases   ] GC(7) y: Pause Mark End 0.031ms
[2026-04-03T01:54:32.025+0600][9.704s][info][gc,phases   ] GC(7) y: Concurrent Mark Free 0.003ms
[2026-04-03T01:54:32.025+0600][9.704s][info][gc,phases   ] GC(7) y: Concurrent Reset Relocation Set 0.038ms
[2026-04-03T01:54:32.027+0600][9.706s][info][gc,phases   ] GC(6) O: Concurrent Mark 48.409ms
[2026-04-03T01:54:32.027+0600][9.706s][info][gc,reloc    ] GC(7) y: Using tenuring threshold: 2 (Computed)
[2026-04-03T01:54:32.027+0600][9.706s][info][gc,phases   ] GC(6) O: Pause Mark End 0.033ms
[2026-04-03T01:54:32.027+0600][9.706s][info][gc,phases   ] GC(6) O: Concurrent Mark Free 0.003ms
[2026-04-03T01:54:32.031+0600][9.710s][info][gc,phases   ] GC(7) y: Concurrent Select Relocation Set 5.801ms
[2026-04-03T01:54:32.040+0600][9.719s][info][gc,phases   ] GC(7) y: Pause Relocate Start 0.023ms
[2026-04-03T01:54:32.041+0600][9.720s][info][gc,phases   ] GC(6) O: Concurrent Process Non-Strong 13.651ms
[2026-04-03T01:54:32.041+0600][9.720s][info][gc,phases   ] GC(6) O: Concurrent Reset Relocation Set 0.002ms
[2026-04-03T01:54:32.043+0600][9.722s][info][gc,phases   ] GC(6) O: Concurrent Select Relocation Set 1.727ms
[2026-04-03T01:54:32.062+0600][9.740s][info][gc,phases   ] GC(7) y: Concurrent Relocate 21.776ms
[2026-04-03T01:54:32.062+0600][9.741s][info][gc,alloc    ] GC(7) y:                         Mark Start        Mark End      Relocate Start    Relocate End   
[2026-04-03T01:54:32.062+0600][9.741s][info][gc,alloc    ] GC(7) y: Allocation Stalls:          0                0                0                0         
[2026-04-03T01:54:32.062+0600][9.741s][info][gc,load     ] GC(7) y: Load: 8.88 (74%) / 8.06 (67%) / 7.56 (63%)
[2026-04-03T01:54:32.062+0600][9.741s][info][gc,mmu      ] GC(7) y: MMU: 2ms/97.7%, 5ms/98.7%, 10ms/99.4%, 20ms/99.6%, 50ms/99.8%, 100ms/99.8%
[2026-04-03T01:54:32.062+0600][9.741s][info][gc,marking  ] GC(7) y: Mark: 2 stripe(s), 2 proactive flush(es), 1 terminate flush(es), 0 completion(s), 0 continuation(s) 
[2026-04-03T01:54:32.062+0600][9.741s][info][gc,marking  ] GC(7) y: Mark Stack Usage: 32M
[2026-04-03T01:54:32.062+0600][9.741s][info][gc,nmethod  ] GC(7) y: NMethods: 3068 registered, 312 unregistered
[2026-04-03T01:54:32.062+0600][9.741s][info][gc,metaspace] GC(7) y: Metaspace: 47M used, 48M committed, 1088M reserved
[2026-04-03T01:54:32.062+0600][9.741s][info][gc,reloc    ] GC(7) y:                        Candidates     Selected     In-Place         Size        Empty    Relocated 
[2026-04-03T01:54:32.062+0600][9.741s][info][gc,reloc    ] GC(7) y: Small Pages:                   87           75            0         174M           0M          12M 
[2026-04-03T01:54:32.062+0600][9.741s][info][gc,reloc    ] GC(7) y: Medium Pages:                   0            0            0           0M           0M           0M 
[2026-04-03T01:54:32.062+0600][9.741s][info][gc,reloc    ] GC(7) y: Large Pages:                    0            0            0           0M           0M           0M 
[2026-04-03T01:54:32.062+0600][9.741s][info][gc,reloc    ] GC(7) y: Forwarding Usage: 10M
[2026-04-03T01:54:32.062+0600][9.741s][info][gc,reloc    ] GC(7) y: Age Table:
[2026-04-03T01:54:32.062+0600][9.741s][info][gc,reloc    ] GC(7) y:                    Live             Garbage             Small              Medium             Large        
[2026-04-03T01:54:32.062+0600][9.741s][info][gc,reloc    ] GC(7) y: Eden              12M (3%)          149M (30%)         81 / 73             0 / 0              0 / 0        
[2026-04-03T01:54:32.062+0600][9.741s][info][gc,reloc    ] GC(7) y: Survivor 1         7M (2%)            4M (1%)           6 / 2              0 / 0              0 / 0        
[2026-04-03T01:54:32.062+0600][9.741s][info][gc,heap     ] GC(7) y: Min Capacity: 8M(2%)
[2026-04-03T01:54:32.062+0600][9.741s][info][gc,heap     ] GC(7) y: Max Capacity: 500M(100%)
[2026-04-03T01:54:32.062+0600][9.741s][info][gc,heap     ] GC(7) y: Soft Max Capacity: 500M(100%)
[2026-04-03T01:54:32.062+0600][9.741s][info][gc,heap     ] GC(7) y: Heap Statistics:
[2026-04-03T01:54:32.062+0600][9.741s][info][gc,heap     ] GC(7) y:                Mark Start          Mark End        Relocate Start      Relocate End           High               Low         
[2026-04-03T01:54:32.062+0600][9.741s][info][gc,heap     ] GC(7) y:  Capacity:      500M (100%)        500M (100%)        500M (100%)        500M (100%)        500M (100%)        500M (100%)   
[2026-04-03T01:54:32.062+0600][9.741s][info][gc,heap     ] GC(7) y:      Free:      244M (49%)         212M (42%)         200M (40%)         330M (66%)         330M (66%)         198M (40%)    
[2026-04-03T01:54:32.062+0600][9.741s][info][gc,heap     ] GC(7) y:      Used:      256M (51%)         288M (58%)         300M (60%)         170M (34%)         302M (60%)         170M (34%)    
[2026-04-03T01:54:32.062+0600][9.741s][info][gc,heap     ] GC(7) y: Young Generation Statistics:
[2026-04-03T01:54:32.062+0600][9.741s][info][gc,heap     ] GC(7) y:                Mark Start          Mark End        Relocate Start      Relocate End    
[2026-04-03T01:54:32.062+0600][9.741s][info][gc,heap     ] GC(7) y:      Used:      174M (35%)         206M (41%)         218M (44%)          88M (18%)    
[2026-04-03T01:54:32.062+0600][9.741s][info][gc,heap     ] GC(7) y:      Live:         -                20M (4%)           20M (4%)           20M (4%)     
[2026-04-03T01:54:32.062+0600][9.741s][info][gc,heap     ] GC(7) y:   Garbage:         -               153M (31%)         153M (31%)           0M (0%)     
[2026-04-03T01:54:32.062+0600][9.741s][info][gc,heap     ] GC(7) y: Allocated:         -                32M (6%)           44M (9%)           66M (13%)    
[2026-04-03T01:54:32.062+0600][9.741s][info][gc,heap     ] GC(7) y: Reclaimed:         -                  -                 0M (0%)          152M (30%)    
[2026-04-03T01:54:32.062+0600][9.741s][info][gc,heap     ] GC(7) y:  Promoted:         -                  -                 0M (0%)            0M (0%)     
[2026-04-03T01:54:32.062+0600][9.741s][info][gc,heap     ] GC(7) y: Compacted:         -                  -                  -                13M (3%)     
[2026-04-03T01:54:32.062+0600][9.741s][info][gc,phases   ] GC(7) y: Young Generation 256M(51%)->170M(34%) 0.082s
[2026-04-03T01:54:32.062+0600][9.741s][info][gc          ] GC(7) Minor Collection (Allocation Rate) 256M(51%)->172M(34%) 0.082s
[2026-04-03T01:54:32.062+0600][9.741s][info][gc          ] GC(8) Minor Collection (Allocation Rate)
[2026-04-03T01:54:32.062+0600][9.741s][info][gc,task     ] GC(8) Using 2 Workers for Young Generation
[2026-04-03T01:54:32.062+0600][9.741s][info][gc,phases   ] GC(8) y: Young Generation
[2026-04-03T01:54:32.063+0600][9.742s][info][gc,phases   ] GC(8) y: Pause Mark Start 0.027ms
[2026-04-03T01:54:32.109+0600][9.788s][info][gc,phases   ] GC(8) y: Concurrent Mark 46.158ms
[2026-04-03T01:54:32.109+0600][9.788s][info][gc,phases   ] GC(8) y: Pause Mark End 0.045ms
[2026-04-03T01:54:32.109+0600][9.788s][info][gc,phases   ] GC(8) y: Concurrent Mark Free 0.001ms
[2026-04-03T01:54:32.109+0600][9.788s][info][gc,phases   ] GC(8) y: Concurrent Reset Relocation Set 0.021ms
[2026-04-03T01:54:32.111+0600][9.790s][info][gc,reloc    ] GC(8) y: Using tenuring threshold: 1 (Computed)
[2026-04-03T01:54:32.118+0600][9.797s][info][gc,phases   ] GC(8) y: Concurrent Select Relocation Set 8.978ms
[2026-04-03T01:54:32.119+0600][9.798s][info][gc,phases   ] GC(8) y: Pause Relocate Start 0.077ms
[2026-04-03T01:54:32.139+0600][9.817s][info][gc,phases   ] GC(8) y: Concurrent Relocate 19.809ms
[2026-04-03T01:54:32.139+0600][9.817s][info][gc,alloc    ] GC(8) y:                         Mark Start        Mark End      Relocate Start    Relocate End   
[2026-04-03T01:54:32.139+0600][9.817s][info][gc,alloc    ] GC(8) y: Allocation Stalls:          0                0                0                0         
[2026-04-03T01:54:32.139+0600][9.818s][info][gc,load     ] GC(8) y: Load: 8.88 (74%) / 8.06 (67%) / 7.56 (63%)
[2026-04-03T01:54:32.139+0600][9.818s][info][gc,mmu      ] GC(8) y: MMU: 2ms/96.1%, 5ms/98.5%, 10ms/98.8%, 20ms/99.4%, 50ms/99.8%, 100ms/99.8%
[2026-04-03T01:54:32.139+0600][9.818s][info][gc,marking  ] GC(8) y: Mark: 2 stripe(s), 10 proactive flush(es), 1 terminate flush(es), 0 completion(s), 0 continuation(s) 
[2026-04-03T01:54:32.139+0600][9.818s][info][gc,marking  ] GC(8) y: Mark Stack Usage: 32M
[2026-04-03T01:54:32.139+0600][9.818s][info][gc,nmethod  ] GC(8) y: NMethods: 3068 registered, 312 unregistered
[2026-04-03T01:54:32.139+0600][9.818s][info][gc,metaspace] GC(8) y: Metaspace: 47M used, 48M committed, 1088M reserved
[2026-04-03T01:54:32.139+0600][9.818s][info][gc,reloc    ] GC(8) y:                        Candidates     Selected     In-Place         Size        Empty    Relocated 
[2026-04-03T01:54:32.139+0600][9.818s][info][gc,reloc    ] GC(8) y: Small Pages:                   45           31            0          90M           0M           5M 
[2026-04-03T01:54:32.139+0600][9.818s][info][gc,reloc    ] GC(8) y: Medium Pages:                   0            0            0           0M           0M           0M 
[2026-04-03T01:54:32.139+0600][9.818s][info][gc,reloc    ] GC(8) y: Large Pages:                    0            0            0           0M           0M           0M 
[2026-04-03T01:54:32.139+0600][9.818s][info][gc,reloc    ] GC(8) y: Forwarding Usage: 4M
[2026-04-03T01:54:32.139+0600][9.818s][info][gc,reloc    ] GC(8) y: Age Table:
[2026-04-03T01:54:32.139+0600][9.818s][info][gc,reloc    ] GC(8) y:                    Live             Garbage             Small              Medium             Large        
[2026-04-03T01:54:32.139+0600][9.818s][info][gc,reloc    ] GC(8) y: Eden               4M (1%)           59M (12%)         32 / 29             0 / 0              0 / 0        
[2026-04-03T01:54:32.139+0600][9.818s][info][gc,reloc    ] GC(8) y: Survivor 1        12M (3%)            1M (0%)           7 / 1              0 / 0              0 / 0        
[2026-04-03T01:54:32.139+0600][9.818s][info][gc,reloc    ] GC(8) y: Survivor 2         7M (2%)            4M (1%)           6 / 1              0 / 0              0 / 0        
[2026-04-03T01:54:32.139+0600][9.818s][info][gc,heap     ] GC(8) y: Min Capacity: 8M(2%)
[2026-04-03T01:54:32.139+0600][9.818s][info][gc,heap     ] GC(8) y: Max Capacity: 500M(100%)
[2026-04-03T01:54:32.139+0600][9.818s][info][gc,heap     ] GC(8) y: Soft Max Capacity: 500M(100%)
[2026-04-03T01:54:32.139+0600][9.818s][info][gc,heap     ] GC(8) y: Heap Statistics:
[2026-04-03T01:54:32.139+0600][9.818s][info][gc,heap     ] GC(8) y:                Mark Start          Mark End        Relocate Start      Relocate End           High               Low         
[2026-04-03T01:54:32.139+0600][9.818s][info][gc,heap     ] GC(8) y:  Capacity:      500M (100%)        500M (100%)        500M (100%)        500M (100%)        500M (100%)        500M (100%)   
[2026-04-03T01:54:32.139+0600][9.818s][info][gc,heap     ] GC(8) y:      Free:      328M (66%)         284M (57%)         276M (55%)         314M (63%)         328M (66%)         272M (54%)    
[2026-04-03T01:54:32.139+0600][9.818s][info][gc,heap     ] GC(8) y:      Used:      172M (34%)         216M (43%)         224M (45%)         186M (37%)         228M (46%)         172M (34%)    
[2026-04-03T01:54:32.139+0600][9.818s][info][gc,heap     ] GC(8) y: Young Generation Statistics:
[2026-04-03T01:54:32.139+0600][9.818s][info][gc,heap     ] GC(8) y:                Mark Start          Mark End        Relocate Start      Relocate End    
[2026-04-03T01:54:32.139+0600][9.818s][info][gc,heap     ] GC(8) y:      Used:       90M (18%)         134M (27%)         122M (24%)          80M (16%)    
[2026-04-03T01:54:32.139+0600][9.818s][info][gc,heap     ] GC(8) y:      Live:         -                25M (5%)            6M (1%)            4M (1%)     
[2026-04-03T01:54:32.139+0600][9.818s][info][gc,heap     ] GC(8) y:   Garbage:         -                64M (13%)          63M (13%)           0M (0%)     
[2026-04-03T01:54:32.139+0600][9.818s][info][gc,heap     ] GC(8) y: Allocated:         -                44M (9%)           52M (10%)          75M (15%)    
[2026-04-03T01:54:32.139+0600][9.818s][info][gc,heap     ] GC(8) y: Reclaimed:         -                  -                 1M (0%)           64M (13%)    
[2026-04-03T01:54:32.139+0600][9.818s][info][gc,heap     ] GC(8) y:  Promoted:         -                  -                18M (4%)           20M (4%)     
[2026-04-03T01:54:32.139+0600][9.818s][info][gc,heap     ] GC(8) y: Compacted:         -                  -                  -                 4M (1%)     
[2026-04-03T01:54:32.139+0600][9.818s][info][gc,phases   ] GC(8) y: Young Generation 172M(34%)->186M(37%) 0.076s
[2026-04-03T01:54:32.139+0600][9.818s][info][gc          ] GC(8) Minor Collection (Allocation Rate) 172M(34%)->186M(37%) 0.077s
[2026-04-03T01:54:32.139+0600][9.818s][info][gc,task     ] GC(6) O: Using 3 Workers for Old Generation
[2026-04-03T01:54:32.157+0600][9.836s][info][gc,task     ] GC(6) O: Using 1 Workers for Old Generation
[2026-04-03T01:54:32.157+0600][9.836s][info][gc,phases   ] GC(6) O: Concurrent Remap Roots 17.850ms
[2026-04-03T01:54:32.157+0600][9.836s][info][gc,phases   ] GC(6) O: Pause Relocate Start 0.028ms
[2026-04-03T01:54:32.158+0600][9.836s][info][gc          ] GC(9) Minor Collection (Allocation Rate)
[2026-04-03T01:54:32.158+0600][9.836s][info][gc,task     ] GC(9) Using 2 Workers for Young Generation
[2026-04-03T01:54:32.158+0600][9.836s][info][gc,phases   ] GC(9) y: Young Generation
[2026-04-03T01:54:32.158+0600][9.837s][info][gc,phases   ] GC(9) y: Pause Mark Start 0.022ms
[2026-04-03T01:54:32.162+0600][9.841s][info][gc,phases   ] GC(6) O: Concurrent Relocate 4.905ms
[2026-04-03T01:54:32.187+0600][9.866s][info][gc,phases   ] GC(9) y: Concurrent Mark 28.392ms
[2026-04-03T01:54:32.187+0600][9.866s][info][gc,phases   ] GC(9) y: Pause Mark End 0.025ms
[2026-04-03T01:54:32.187+0600][9.866s][info][gc,phases   ] GC(9) y: Concurrent Mark Free 0.002ms
[2026-04-03T01:54:32.187+0600][9.866s][info][gc,phases   ] GC(9) y: Concurrent Reset Relocation Set 0.027ms
[2026-04-03T01:54:32.189+0600][9.867s][info][gc,reloc    ] GC(9) y: Using tenuring threshold: 2 (Computed)
[2026-04-03T01:54:32.190+0600][9.869s][info][gc,phases   ] GC(9) y: Concurrent Select Relocation Set 2.556ms
[2026-04-03T01:54:32.190+0600][9.869s][info][gc,phases   ] GC(9) y: Pause Relocate Start 0.021ms
[2026-04-03T01:54:32.200+0600][9.879s][info][gc,phases   ] GC(9) y: Concurrent Relocate 9.892ms
[2026-04-03T01:54:32.200+0600][9.879s][info][gc,alloc    ] GC(9) y:                         Mark Start        Mark End      Relocate Start    Relocate End   
[2026-04-03T01:54:32.200+0600][9.879s][info][gc,alloc    ] GC(9) y: Allocation Stalls:          0                0                0                0         
[2026-04-03T01:54:32.200+0600][9.879s][info][gc,load     ] GC(9) y: Load: 8.88 (74%) / 8.06 (67%) / 7.56 (63%)
[2026-04-03T01:54:32.200+0600][9.879s][info][gc,mmu      ] GC(9) y: MMU: 2ms/96.1%, 5ms/98.5%, 10ms/98.8%, 20ms/99.4%, 50ms/99.7%, 100ms/99.8%
[2026-04-03T01:54:32.200+0600][9.879s][info][gc,marking  ] GC(9) y: Mark: 2 stripe(s), 3 proactive flush(es), 1 terminate flush(es), 0 completion(s), 0 continuation(s) 
[2026-04-03T01:54:32.200+0600][9.879s][info][gc,marking  ] GC(9) y: Mark Stack Usage: 32M
[2026-04-03T01:54:32.200+0600][9.879s][info][gc,nmethod  ] GC(9) y: NMethods: 3068 registered, 312 unregistered
[2026-04-03T01:54:32.200+0600][9.879s][info][gc,metaspace] GC(9) y: Metaspace: 47M used, 48M committed, 1088M reserved
[2026-04-03T01:54:32.200+0600][9.879s][info][gc,reloc    ] GC(9) y:                        Candidates     Selected     In-Place         Size        Empty    Relocated 
[2026-04-03T01:54:32.200+0600][9.879s][info][gc,reloc    ] GC(9) y: Small Pages:                   50           43            0         100M           0M           7M 
[2026-04-03T01:54:32.200+0600][9.879s][info][gc,reloc    ] GC(9) y: Medium Pages:                   0            0            0           0M           0M           0M 
[2026-04-03T01:54:32.200+0600][9.879s][info][gc,reloc    ] GC(9) y: Large Pages:                    0            0            0           0M           0M           0M 
[2026-04-03T01:54:32.200+0600][9.879s][info][gc,reloc    ] GC(9) y: Forwarding Usage: 5M
[2026-04-03T01:54:32.200+0600][9.879s][info][gc,reloc    ] GC(9) y: Age Table:
[2026-04-03T01:54:32.200+0600][9.879s][info][gc,reloc    ] GC(9) y:                    Live             Garbage             Small              Medium             Large        
[2026-04-03T01:54:32.200+0600][9.879s][info][gc,reloc    ] GC(9) y: Eden               7M (1%)           84M (17%)         46 / 41             0 / 0              0 / 0        
[2026-04-03T01:54:32.200+0600][9.879s][info][gc,reloc    ] GC(9) y: Survivor 1         4M (1%)            3M (1%)           4 / 2              0 / 0              0 / 0        
[2026-04-03T01:54:32.200+0600][9.879s][info][gc,heap     ] GC(9) y: Min Capacity: 8M(2%)
[2026-04-03T01:54:32.200+0600][9.879s][info][gc,heap     ] GC(9) y: Max Capacity: 500M(100%)
[2026-04-03T01:54:32.200+0600][9.879s][info][gc,heap     ] GC(9) y: Soft Max Capacity: 500M(100%)
[2026-04-03T01:54:32.200+0600][9.879s][info][gc,heap     ] GC(9) y: Heap Statistics:
[2026-04-03T01:54:32.200+0600][9.879s][info][gc,heap     ] GC(9) y:                Mark Start          Mark End        Relocate Start      Relocate End           High               Low         
[2026-04-03T01:54:32.200+0600][9.879s][info][gc,heap     ] GC(9) y:  Capacity:      500M (100%)        500M (100%)        500M (100%)        500M (100%)        500M (100%)        500M (100%)   
[2026-04-03T01:54:32.200+0600][9.879s][info][gc,heap     ] GC(9) y:      Free:      292M (58%)         268M (54%)         264M (53%)         340M (68%)         340M (68%)         262M (52%)    
[2026-04-03T01:54:32.200+0600][9.879s][info][gc,heap     ] GC(9) y:      Used:      208M (42%)         232M (46%)         236M (47%)         160M (32%)         238M (48%)         160M (32%)    
[2026-04-03T01:54:32.200+0600][9.879s][info][gc,heap     ] GC(9) y: Young Generation Statistics:
[2026-04-03T01:54:32.200+0600][9.879s][info][gc,heap     ] GC(9) y:                Mark Start          Mark End        Relocate Start      Relocate End    
[2026-04-03T01:54:32.200+0600][9.879s][info][gc,heap     ] GC(9) y:      Used:      100M (20%)         128M (26%)         132M (26%)          56M (11%)    
[2026-04-03T01:54:32.200+0600][9.879s][info][gc,heap     ] GC(9) y:      Live:         -                12M (2%)           12M (2%)           12M (2%)     
[2026-04-03T01:54:32.200+0600][9.879s][info][gc,heap     ] GC(9) y:   Garbage:         -                87M (18%)          87M (18%)           0M (0%)     
[2026-04-03T01:54:32.200+0600][9.879s][info][gc,heap     ] GC(9) y: Allocated:         -                28M (6%)           32M (6%)           43M (9%)     
[2026-04-03T01:54:32.200+0600][9.879s][info][gc,heap     ] GC(9) y: Reclaimed:         -                  -                 0M (0%)           87M (18%)    
[2026-04-03T01:54:32.200+0600][9.879s][info][gc,heap     ] GC(9) y:  Promoted:         -                  -                 0M (0%)            0M (0%)     
[2026-04-03T01:54:32.200+0600][9.879s][info][gc,heap     ] GC(9) y: Compacted:         -                  -                  -                 8M (2%)     
[2026-04-03T01:54:32.200+0600][9.879s][info][gc,phases   ] GC(9) y: Young Generation 206M(41%)->160M(32%) 0.043s
[2026-04-03T01:54:32.200+0600][9.879s][info][gc          ] GC(9) Minor Collection (Allocation Rate) 206M(41%)->162M(32%) 0.043s
[2026-04-03T01:54:32.201+0600][9.879s][info][gc,alloc    ] GC(6) O:                         Mark Start        Mark End      Relocate Start    Relocate End   
[2026-04-03T01:54:32.201+0600][9.879s][info][gc,alloc    ] GC(6) O: Allocation Stalls:          0                0                0                0         
[2026-04-03T01:54:32.201+0600][9.879s][info][gc,load     ] GC(6) O: Load: 8.88 (74%) / 8.06 (67%) / 7.56 (63%)
[2026-04-03T01:54:32.201+0600][9.879s][info][gc,mmu      ] GC(6) O: MMU: 2ms/96.1%, 5ms/98.5%, 10ms/98.8%, 20ms/99.4%, 50ms/99.7%, 100ms/99.8%
[2026-04-03T01:54:32.201+0600][9.880s][info][gc,marking  ] GC(6) O: Mark: 1 stripe(s), 2 proactive flush(es), 1 terminate flush(es), 0 completion(s), 0 continuation(s) 
[2026-04-03T01:54:32.201+0600][9.880s][info][gc,marking  ] GC(6) O: Mark Stack Usage: 32M
[2026-04-03T01:54:32.201+0600][9.880s][info][gc,nmethod  ] GC(6) O: NMethods: 3068 registered, 312 unregistered
[2026-04-03T01:54:32.201+0600][9.880s][info][gc,metaspace] GC(6) O: Metaspace: 47M used, 48M committed, 1088M reserved
[2026-04-03T01:54:32.201+0600][9.880s][info][gc,ref      ] GC(6) O:                       Encountered   Discovered     Enqueued 
[2026-04-03T01:54:32.201+0600][9.880s][info][gc,ref      ] GC(6) O: Soft References:             3982            0            0 
[2026-04-03T01:54:32.201+0600][9.880s][info][gc,ref      ] GC(6) O: Weak References:             4049         2031          851 
[2026-04-03T01:54:32.201+0600][9.880s][info][gc,ref      ] GC(6) O: Final References:              74           16            0 
[2026-04-03T01:54:32.201+0600][9.880s][info][gc,ref      ] GC(6) O: Phantom References:           582          551            1 
[2026-04-03T01:54:32.201+0600][9.880s][info][gc,reloc    ] GC(6) O:                        Candidates     Selected     In-Place         Size        Empty    Relocated 
[2026-04-03T01:54:32.201+0600][9.880s][info][gc,reloc    ] GC(6) O: Small Pages:                   15            4            0          30M           0M           1M 
[2026-04-03T01:54:32.201+0600][9.880s][info][gc,reloc    ] GC(6) O: Medium Pages:                   1            0            0           8M           0M           0M 
[2026-04-03T01:54:32.201+0600][9.880s][info][gc,reloc    ] GC(6) O: Large Pages:                    2            0            0           6M           0M           0M 
[2026-04-03T01:54:32.201+0600][9.880s][info][gc,reloc    ] GC(6) O: Forwarding Usage: 0M
[2026-04-03T01:54:32.201+0600][9.880s][info][gc,heap     ] GC(6) O: Min Capacity: 8M(2%)
[2026-04-03T01:54:32.201+0600][9.880s][info][gc,heap     ] GC(6) O: Max Capacity: 500M(100%)
[2026-04-03T01:54:32.201+0600][9.880s][info][gc,heap     ] GC(6) O: Soft Max Capacity: 500M(100%)
[2026-04-03T01:54:32.201+0600][9.880s][info][gc,heap     ] GC(6) O: Heap Statistics:
[2026-04-03T01:54:32.201+0600][9.880s][info][gc,heap     ] GC(6) O:                Mark Start          Mark End        Relocate Start      Relocate End           High               Low         
[2026-04-03T01:54:32.201+0600][9.880s][info][gc,heap     ] GC(6) O:  Capacity:      500M (100%)        500M (100%)        500M (100%)        500M (100%)        500M (100%)        500M (100%)   
[2026-04-03T01:54:32.201+0600][9.880s][info][gc,heap     ] GC(6) O:      Free:      318M (64%)         210M (42%)         296M (59%)         292M (58%)         330M (66%)         172M (34%)    
[2026-04-03T01:54:32.201+0600][9.880s][info][gc,heap     ] GC(6) O:      Used:      182M (36%)         290M (58%)         204M (41%)         208M (42%)         328M (66%)         170M (34%)    
[2026-04-03T01:54:32.201+0600][9.880s][info][gc,heap     ] GC(6) O: Old Generation Statistics:
[2026-04-03T01:54:32.201+0600][9.880s][info][gc,heap     ] GC(6) O:                Mark Start          Mark End        Relocate Start      Relocate End    
[2026-04-03T01:54:32.201+0600][9.880s][info][gc,heap     ] GC(6) O:      Used:       44M (9%)           82M (16%)         106M (21%)         104M (21%)    
[2026-04-03T01:54:32.201+0600][9.880s][info][gc,heap     ] GC(6) O:      Live:         -                26M (5%)           26M (5%)           26M (5%)     
[2026-04-03T01:54:32.201+0600][9.880s][info][gc,heap     ] GC(6) O:   Garbage:         -                17M (3%)           17M (3%)            8M (2%)     
[2026-04-03T01:54:32.201+0600][9.880s][info][gc,heap     ] GC(6) O: Allocated:         -                38M (8%)           62M (12%)          68M (14%)    
[2026-04-03T01:54:32.201+0600][9.880s][info][gc,heap     ] GC(6) O: Reclaimed:         -                  -                 0M (0%)            8M (2%)     
[2026-04-03T01:54:32.201+0600][9.880s][info][gc,heap     ] GC(6) O: Compacted:         -                  -                  -                 1M (0%)     
[2026-04-03T01:54:32.201+0600][9.880s][info][gc,phases   ] GC(6) O: Old Generation 254M(51%)->208M(42%) 0.222s
[2026-04-03T01:54:32.201+0600][9.880s][info][gc          ] GC(6) Major Collection (Allocation Rate) 182M(36%)->162M(32%) 0.386s
[2026-04-03T01:54:32.242+0600][9.921s][info][gc          ] GC(10) Major Collection (Allocation Rate)
[2026-04-03T01:54:32.242+0600][9.921s][info][gc,task     ] GC(10) Using 3 Workers for Young Generation
[2026-04-03T01:54:32.242+0600][9.921s][info][gc,task     ] GC(10) Using 1 Workers for Old Generation
[2026-04-03T01:54:32.242+0600][9.921s][info][gc,phases   ] GC(10) Y: Young Generation
[2026-04-03T01:54:32.242+0600][9.921s][info][gc,phases   ] GC(10) Y: Pause Mark Start (Major) 0.026ms
[2026-04-03T01:54:32.324+0600][10.003s][info][gc,phases   ] GC(10) Y: Concurrent Mark 81.661ms
[2026-04-03T01:54:32.324+0600][10.003s][info][gc,phases   ] GC(10) Y: Pause Mark End 0.026ms
[2026-04-03T01:54:32.324+0600][10.003s][info][gc,phases   ] GC(10) Y: Concurrent Mark Free 0.002ms
[2026-04-03T01:54:32.325+0600][10.003s][info][gc,phases   ] GC(10) Y: Concurrent Reset Relocation Set 0.011ms
[2026-04-03T01:54:32.326+0600][10.005s][info][gc,reloc    ] GC(10) Y: Using tenuring threshold: 1 (Computed)
[2026-04-03T01:54:32.329+0600][10.008s][info][gc,phases   ] GC(10) Y: Concurrent Select Relocation Set 4.511ms
[2026-04-03T01:54:32.329+0600][10.008s][info][gc,phases   ] GC(10) Y: Pause Relocate Start 0.020ms
[2026-04-03T01:54:32.341+0600][10.020s][info][gc,phases   ] GC(10) Y: Concurrent Relocate 11.933ms
[2026-04-03T01:54:32.341+0600][10.020s][info][gc,alloc    ] GC(10) Y:                         Mark Start        Mark End      Relocate Start    Relocate End   
[2026-04-03T01:54:32.341+0600][10.020s][info][gc,alloc    ] GC(10) Y: Allocation Stalls:          0                0                0                0         
[2026-04-03T01:54:32.341+0600][10.020s][info][gc,load     ] GC(10) Y: Load: 8.88 (74%) / 8.06 (67%) / 7.56 (63%)
[2026-04-03T01:54:32.341+0600][10.020s][info][gc,mmu      ] GC(10) Y: MMU: 2ms/96.1%, 5ms/98.5%, 10ms/98.8%, 20ms/99.4%, 50ms/99.7%, 100ms/99.8%
[2026-04-03T01:54:32.341+0600][10.020s][info][gc,marking  ] GC(10) Y: Mark: 2 stripe(s), 10 proactive flush(es), 1 terminate flush(es), 0 completion(s), 0 continuation(s) 
[2026-04-03T01:54:32.341+0600][10.020s][info][gc,marking  ] GC(10) Y: Mark Stack Usage: 32M
[2026-04-03T01:54:32.341+0600][10.020s][info][gc,nmethod  ] GC(10) Y: NMethods: 3068 registered, 312 unregistered
[2026-04-03T01:54:32.341+0600][10.020s][info][gc,metaspace] GC(10) Y: Metaspace: 47M used, 48M committed, 1088M reserved
[2026-04-03T01:54:32.342+0600][10.020s][info][gc,reloc    ] GC(10) Y:                        Candidates     Selected     In-Place         Size        Empty    Relocated 
[2026-04-03T01:54:32.342+0600][10.020s][info][gc,reloc    ] GC(10) Y: Small Pages:                   51           40            0         102M           0M           6M 
[2026-04-03T01:54:32.342+0600][10.020s][info][gc,reloc    ] GC(10) Y: Medium Pages:                   0            0            0           0M           0M           0M 
[2026-04-03T01:54:32.342+0600][10.020s][info][gc,reloc    ] GC(10) Y: Large Pages:                    0            0            0           0M           0M           0M 
[2026-04-03T01:54:32.342+0600][10.020s][info][gc,reloc    ] GC(10) Y: Forwarding Usage: 5M
[2026-04-03T01:54:32.342+0600][10.020s][info][gc,reloc    ] GC(10) Y: Age Table:
[2026-04-03T01:54:32.342+0600][10.020s][info][gc,reloc    ] GC(10) Y:                    Live             Garbage             Small              Medium             Large        
[2026-04-03T01:54:32.342+0600][10.020s][info][gc,reloc    ] GC(10) Y: Eden               6M (1%)           79M (16%)         43 / 39             0 / 0              0 / 0        
[2026-04-03T01:54:32.342+0600][10.020s][info][gc,reloc    ] GC(10) Y: Survivor 1         7M (1%)            0M (0%)           4 / 0              0 / 0              0 / 0        
[2026-04-03T01:54:32.342+0600][10.020s][info][gc,reloc    ] GC(10) Y: Survivor 2         4M (1%)            3M (1%)           4 / 1              0 / 0              0 / 0        
[2026-04-03T01:54:32.342+0600][10.020s][info][gc,heap     ] GC(10) Y: Min Capacity: 8M(2%)
[2026-04-03T01:54:32.342+0600][10.020s][info][gc,heap     ] GC(10) Y: Max Capacity: 500M(100%)
[2026-04-03T01:54:32.342+0600][10.020s][info][gc,heap     ] GC(10) Y: Soft Max Capacity: 500M(100%)
[2026-04-03T01:54:32.342+0600][10.020s][info][gc,heap     ] GC(10) Y: Heap Statistics:
[2026-04-03T01:54:32.342+0600][10.020s][info][gc,heap     ] GC(10) Y:                Mark Start          Mark End        Relocate Start      Relocate End           High               Low         
[2026-04-03T01:54:32.342+0600][10.020s][info][gc,heap     ] GC(10) Y:  Capacity:      500M (100%)        500M (100%)        500M (100%)        500M (100%)        500M (100%)        500M (100%)   
[2026-04-03T01:54:32.342+0600][10.020s][info][gc,heap     ] GC(10) Y:      Free:      294M (59%)         212M (42%)         206M (41%)         270M (54%)         294M (59%)         200M (40%)    
[2026-04-03T01:54:32.342+0600][10.020s][info][gc,heap     ] GC(10) Y:      Used:      206M (41%)         288M (58%)         294M (59%)         230M (46%)         300M (60%)         206M (41%)    
[2026-04-03T01:54:32.342+0600][10.020s][info][gc,heap     ] GC(10) Y: Young Generation Statistics:
[2026-04-03T01:54:32.342+0600][10.020s][info][gc,heap     ] GC(10) Y:                Mark Start          Mark End        Relocate Start      Relocate End    
[2026-04-03T01:54:32.342+0600][10.020s][info][gc,heap     ] GC(10) Y:      Used:      102M (20%)         184M (37%)         178M (36%)         110M (22%)    
[2026-04-03T01:54:32.342+0600][10.020s][info][gc,heap     ] GC(10) Y:      Live:         -                18M (4%)            7M (2%)            6M (1%)     
[2026-04-03T01:54:32.342+0600][10.021s][info][gc,heap     ] GC(10) Y:   Garbage:         -                83M (17%)          82M (16%)           0M (0%)     
[2026-04-03T01:54:32.342+0600][10.021s][info][gc,heap     ] GC(10) Y: Allocated:         -                82M (16%)          88M (18%)         103M (21%)    
[2026-04-03T01:54:32.342+0600][10.021s][info][gc,heap     ] GC(10) Y: Reclaimed:         -                  -                 0M (0%)           83M (17%)    
[2026-04-03T01:54:32.342+0600][10.021s][info][gc,heap     ] GC(10) Y:  Promoted:         -                  -                11M (2%)           12M (2%)     
[2026-04-03T01:54:32.342+0600][10.021s][info][gc,heap     ] GC(10) Y: Compacted:         -                  -                  -                 6M (1%)     
[2026-04-03T01:54:32.342+0600][10.021s][info][gc,phases   ] GC(10) Y: Young Generation 206M(41%)->230M(46%) 0.099s
[2026-04-03T01:54:32.342+0600][10.021s][info][gc,phases   ] GC(10) O: Old Generation
[2026-04-03T01:54:32.346+0600][10.024s][info][gc          ] GC(11) Minor Collection (Allocation Rate)
[2026-04-03T01:54:32.346+0600][10.024s][info][gc,task     ] GC(11) Using 2 Workers for Young Generation
[2026-04-03T01:54:32.346+0600][10.024s][info][gc,phases   ] GC(11) y: Young Generation
[2026-04-03T01:54:32.346+0600][10.025s][info][gc,phases   ] GC(11) y: Pause Mark Start 0.022ms
[2026-04-03T01:54:32.391+0600][10.070s][info][gc,phases   ] GC(11) y: Concurrent Mark 45.093ms
[2026-04-03T01:54:32.391+0600][10.070s][info][gc,phases   ] GC(11) y: Pause Mark End 0.090ms
[2026-04-03T01:54:32.392+0600][10.070s][info][gc,phases   ] GC(11) y: Concurrent Mark Free 0.002ms
[2026-04-03T01:54:32.392+0600][10.071s][info][gc,phases   ] GC(11) y: Concurrent Reset Relocation Set 0.024ms
[2026-04-03T01:54:32.394+0600][10.073s][info][gc,reloc    ] GC(11) y: Using tenuring threshold: 2 (Computed)
[2026-04-03T01:54:32.396+0600][10.075s][info][gc,phases   ] GC(11) y: Concurrent Select Relocation Set 4.147ms
[2026-04-03T01:54:32.396+0600][10.075s][info][gc,phases   ] GC(11) y: Pause Relocate Start 0.018ms
[2026-04-03T01:54:32.408+0600][10.087s][info][gc,phases   ] GC(11) y: Concurrent Relocate 11.800ms
[2026-04-03T01:54:32.408+0600][10.087s][info][gc,alloc    ] GC(11) y:                         Mark Start        Mark End      Relocate Start    Relocate End   
[2026-04-03T01:54:32.408+0600][10.087s][info][gc,alloc    ] GC(11) y: Allocation Stalls:          0                0                0                0         
[2026-04-03T01:54:32.409+0600][10.087s][info][gc,load     ] GC(11) y: Load: 8.88 (74%) / 8.06 (67%) / 7.56 (63%)
[2026-04-03T01:54:32.409+0600][10.087s][info][gc,mmu      ] GC(11) y: MMU: 2ms/95.5%, 5ms/97.8%, 10ms/98.8%, 20ms/99.4%, 50ms/99.7%, 100ms/99.8%
[2026-04-03T01:54:32.409+0600][10.087s][info][gc,marking  ] GC(11) y: Mark: 2 stripe(s), 3 proactive flush(es), 1 terminate flush(es), 0 completion(s), 0 continuation(s) 
[2026-04-03T01:54:32.409+0600][10.087s][info][gc,marking  ] GC(11) y: Mark Stack Usage: 32M
[2026-04-03T01:54:32.409+0600][10.087s][info][gc,nmethod  ] GC(11) y: NMethods: 3068 registered, 312 unregistered
[2026-04-03T01:54:32.409+0600][10.087s][info][gc,metaspace] GC(11) y: Metaspace: 47M used, 48M committed, 1088M reserved
[2026-04-03T01:54:32.409+0600][10.087s][info][gc,reloc    ] GC(11) y:                        Candidates     Selected     In-Place         Size        Empty    Relocated 
[2026-04-03T01:54:32.409+0600][10.087s][info][gc,reloc    ] GC(11) y: Small Pages:                   57           48            0         114M           0M           7M 
[2026-04-03T01:54:32.409+0600][10.087s][info][gc,reloc    ] GC(11) y: Medium Pages:                   0            0            0           0M           0M           0M 
[2026-04-03T01:54:32.409+0600][10.087s][info][gc,reloc    ] GC(11) y: Large Pages:                    0            0            0           0M           0M           0M 
[2026-04-03T01:54:32.409+0600][10.087s][info][gc,reloc    ] GC(11) y: Forwarding Usage: 6M
[2026-04-03T01:54:32.409+0600][10.087s][info][gc,reloc    ] GC(11) y: Age Table:
[2026-04-03T01:54:32.409+0600][10.087s][info][gc,reloc    ] GC(11) y:                    Live             Garbage             Small              Medium             Large        
[2026-04-03T01:54:32.409+0600][10.087s][info][gc,reloc    ] GC(11) y: Eden               8M (2%)           95M (19%)         52 / 47             0 / 0              0 / 0        
[2026-04-03T01:54:32.409+0600][10.088s][info][gc,reloc    ] GC(11) y: Survivor 1         6M (1%)            3M (1%)           5 / 1              0 / 0              0 / 0        
[2026-04-03T01:54:32.409+0600][10.088s][info][gc,heap     ] GC(11) y: Min Capacity: 8M(2%)
[2026-04-03T01:54:32.409+0600][10.088s][info][gc,heap     ] GC(11) y: Max Capacity: 500M(100%)
[2026-04-03T01:54:32.409+0600][10.088s][info][gc,heap     ] GC(11) y: Soft Max Capacity: 500M(100%)
[2026-04-03T01:54:32.409+0600][10.088s][info][gc,heap     ] GC(11) y: Heap Statistics:
[2026-04-03T01:54:32.409+0600][10.088s][info][gc,heap     ] GC(11) y:                Mark Start          Mark End        Relocate Start      Relocate End           High               Low         
[2026-04-03T01:54:32.409+0600][10.088s][info][gc,heap     ] GC(11) y:  Capacity:      500M (100%)        500M (100%)        500M (100%)        500M (100%)        500M (100%)        500M (100%)   
[2026-04-03T01:54:32.409+0600][10.088s][info][gc,heap     ] GC(11) y:      Free:      266M (53%)         226M (45%)         222M (44%)         302M (60%)         302M (60%)         220M (44%)    
[2026-04-03T01:54:32.409+0600][10.088s][info][gc,heap     ] GC(11) y:      Used:      234M (47%)         274M (55%)         278M (56%)         198M (40%)         280M (56%)         198M (40%)    
[2026-04-03T01:54:32.409+0600][10.088s][info][gc,heap     ] GC(11) y: Young Generation Statistics:
[2026-04-03T01:54:32.409+0600][10.088s][info][gc,heap     ] GC(11) y:                Mark Start          Mark End        Relocate Start      Relocate End    
[2026-04-03T01:54:32.409+0600][10.088s][info][gc,heap     ] GC(11) y:      Used:      114M (23%)         154M (31%)         158M (32%)          78M (16%)    
[2026-04-03T01:54:32.409+0600][10.088s][info][gc,heap     ] GC(11) y:      Live:         -                15M (3%)           15M (3%)           15M (3%)     
[2026-04-03T01:54:32.409+0600][10.088s][info][gc,heap     ] GC(11) y:   Garbage:         -                98M (20%)          98M (20%)           1M (0%)     
[2026-04-03T01:54:32.409+0600][10.088s][info][gc,heap     ] GC(11) y: Allocated:         -                40M (8%)           44M (9%)           61M (12%)    
[2026-04-03T01:54:32.409+0600][10.088s][info][gc,heap     ] GC(11) y: Reclaimed:         -                  -                 0M (0%)           97M (19%)    
[2026-04-03T01:54:32.409+0600][10.088s][info][gc,heap     ] GC(11) y:  Promoted:         -                  -                 0M (0%)            0M (0%)     
[2026-04-03T01:54:32.409+0600][10.088s][info][gc,heap     ] GC(11) y: Compacted:         -                  -                  -                 8M (2%)     
[2026-04-03T01:54:32.409+0600][10.088s][info][gc,phases   ] GC(11) y: Young Generation 234M(47%)->198M(40%) 0.063s
[2026-04-03T01:54:32.409+0600][10.088s][info][gc          ] GC(11) Minor Collection (Allocation Rate) 234M(47%)->198M(40%) 0.064s
[2026-04-03T01:54:32.409+0600][10.088s][info][gc          ] GC(12) Minor Collection (Allocation Rate)
[2026-04-03T01:54:32.409+0600][10.088s][info][gc,task     ] GC(12) Using 2 Workers for Young Generation
[2026-04-03T01:54:32.409+0600][10.088s][info][gc,phases   ] GC(12) y: Young Generation
[2026-04-03T01:54:32.410+0600][10.088s][info][gc,phases   ] GC(12) y: Pause Mark Start 0.060ms
[2026-04-03T01:54:32.457+0600][10.136s][info][gc,phases   ] GC(12) y: Concurrent Mark 47.325ms
[2026-04-03T01:54:32.457+0600][10.136s][info][gc,phases   ] GC(12) y: Pause Mark End 0.125ms
[2026-04-03T01:54:32.458+0600][10.136s][info][gc,phases   ] GC(12) y: Concurrent Mark Free 0.002ms
[2026-04-03T01:54:32.458+0600][10.136s][info][gc,phases   ] GC(12) y: Concurrent Reset Relocation Set 0.010ms
[2026-04-03T01:54:32.460+0600][10.139s][info][gc,reloc    ] GC(12) y: Using tenuring threshold: 1 (Computed)
[2026-04-03T01:54:32.467+0600][10.146s][info][gc,phases   ] GC(12) y: Concurrent Select Relocation Set 9.619ms
[2026-04-03T01:54:32.468+0600][10.146s][info][gc,phases   ] GC(12) y: Pause Relocate Start 0.020ms
[2026-04-03T01:54:32.484+0600][10.162s][info][gc,phases   ] GC(12) y: Concurrent Relocate 15.773ms
[2026-04-03T01:54:32.484+0600][10.162s][info][gc,alloc    ] GC(12) y:                         Mark Start        Mark End      Relocate Start    Relocate End   
[2026-04-03T01:54:32.484+0600][10.162s][info][gc,alloc    ] GC(12) y: Allocation Stalls:          0                0                0                0         
[2026-04-03T01:54:32.484+0600][10.163s][info][gc,load     ] GC(12) y: Load: 8.88 (74%) / 8.06 (67%) / 7.56 (63%)
[2026-04-03T01:54:32.484+0600][10.163s][info][gc,mmu      ] GC(12) y: MMU: 2ms/93.8%, 5ms/97.5%, 10ms/98.8%, 20ms/99.2%, 50ms/99.6%, 100ms/99.7%
[2026-04-03T01:54:32.484+0600][10.163s][info][gc,marking  ] GC(12) y: Mark: 2 stripe(s), 2 proactive flush(es), 1 terminate flush(es), 0 completion(s), 0 continuation(s) 
[2026-04-03T01:54:32.484+0600][10.163s][info][gc,marking  ] GC(12) y: Mark Stack Usage: 32M
[2026-04-03T01:54:32.484+0600][10.163s][info][gc,nmethod  ] GC(12) y: NMethods: 3068 registered, 312 unregistered
[2026-04-03T01:54:32.484+0600][10.163s][info][gc,metaspace] GC(12) y: Metaspace: 47M used, 48M committed, 1088M reserved
[2026-04-03T01:54:32.484+0600][10.163s][info][gc,reloc    ] GC(12) y:                        Candidates     Selected     In-Place         Size        Empty    Relocated 
[2026-04-03T01:54:32.484+0600][10.163s][info][gc,reloc    ] GC(12) y: Small Pages:                   39           28            0          78M           0M           4M 
[2026-04-03T01:54:32.484+0600][10.163s][info][gc,reloc    ] GC(12) y: Medium Pages:                   0            0            0           0M           0M           0M 
[2026-04-03T01:54:32.484+0600][10.163s][info][gc,reloc    ] GC(12) y: Large Pages:                    0            0            0           0M           0M           0M 
[2026-04-03T01:54:32.484+0600][10.163s][info][gc,reloc    ] GC(12) y: Forwarding Usage: 3M
[2026-04-03T01:54:32.484+0600][10.163s][info][gc,reloc    ] GC(12) y: Age Table:
[2026-04-03T01:54:32.484+0600][10.163s][info][gc,reloc    ] GC(12) y:                    Live             Garbage             Small              Medium             Large        
[2026-04-03T01:54:32.484+0600][10.163s][info][gc,reloc    ] GC(12) y: Eden               4M (1%)           51M (10%)         28 / 26             0 / 0              0 / 0        
[2026-04-03T01:54:32.484+0600][10.163s][info][gc,reloc    ] GC(12) y: Survivor 1         8M (2%)            3M (1%)           6 / 1              0 / 0              0 / 0        
[2026-04-03T01:54:32.484+0600][10.163s][info][gc,reloc    ] GC(12) y: Survivor 2         6M (1%)            3M (1%)           5 / 1              0 / 0              0 / 0        
[2026-04-03T01:54:32.484+0600][10.163s][info][gc,heap     ] GC(12) y: Min Capacity: 8M(2%)
[2026-04-03T01:54:32.484+0600][10.163s][info][gc,heap     ] GC(12) y: Max Capacity: 500M(100%)
[2026-04-03T01:54:32.484+0600][10.163s][info][gc,heap     ] GC(12) y: Soft Max Capacity: 500M(100%)
[2026-04-03T01:54:32.484+0600][10.163s][info][gc,heap     ] GC(12) y: Heap Statistics:
[2026-04-03T01:54:32.484+0600][10.163s][info][gc,heap     ] GC(12) y:                Mark Start          Mark End        Relocate Start      Relocate End           High               Low         
[2026-04-03T01:54:32.484+0600][10.163s][info][gc,heap     ] GC(12) y:  Capacity:      500M (100%)        500M (100%)        500M (100%)        500M (100%)        500M (100%)        500M (100%)   
[2026-04-03T01:54:32.484+0600][10.163s][info][gc,heap     ] GC(12) y:      Free:      302M (60%)         256M (51%)         246M (49%)         282M (56%)         302M (60%)         242M (48%)    
[2026-04-03T01:54:32.484+0600][10.163s][info][gc,heap     ] GC(12) y:      Used:      198M (40%)         244M (49%)         254M (51%)         218M (44%)         258M (52%)         198M (40%)    
[2026-04-03T01:54:32.484+0600][10.163s][info][gc,heap     ] GC(12) y: Young Generation Statistics:
[2026-04-03T01:54:32.484+0600][10.163s][info][gc,heap     ] GC(12) y:                Mark Start          Mark End        Relocate Start      Relocate End    
[2026-04-03T01:54:32.484+0600][10.163s][info][gc,heap     ] GC(12) y:      Used:       78M (16%)         124M (25%)         118M (24%)          78M (16%)    
[2026-04-03T01:54:32.484+0600][10.163s][info][gc,heap     ] GC(12) y:      Live:         -                19M (4%)            5M (1%)            4M (1%)     
[2026-04-03T01:54:32.484+0600][10.163s][info][gc,heap     ] GC(12) y:   Garbage:         -                58M (12%)          56M (11%)           0M (0%)     
[2026-04-03T01:54:32.484+0600][10.163s][info][gc,heap     ] GC(12) y: Allocated:         -                46M (9%)           56M (11%)          73M (15%)    
[2026-04-03T01:54:32.484+0600][10.163s][info][gc,heap     ] GC(12) y: Reclaimed:         -                  -                 1M (0%)           58M (12%)    
[2026-04-03T01:54:32.484+0600][10.163s][info][gc,heap     ] GC(12) y:  Promoted:         -                  -                14M (3%)           15M (3%)     
[2026-04-03T01:54:32.484+0600][10.163s][info][gc,heap     ] GC(12) y: Compacted:         -                  -                  -                 4M (1%)     
[2026-04-03T01:54:32.484+0600][10.163s][info][gc,phases   ] GC(12) y: Young Generation 198M(40%)->218M(44%) 0.074s
[2026-04-03T01:54:32.484+0600][10.163s][info][gc          ] GC(12) Minor Collection (Allocation Rate) 198M(40%)->218M(44%) 0.075s
[2026-04-03T01:54:32.498+0600][10.176s][info][gc,phases   ] GC(10) O: Concurrent Mark 155.887ms
[2026-04-03T01:54:32.498+0600][10.177s][info][gc,phases   ] GC(10) O: Pause Mark End 0.087ms
[2026-04-03T01:54:32.498+0600][10.177s][info][gc,phases   ] GC(10) O: Concurrent Mark Free 0.002ms
[2026-04-03T01:54:32.504+0600][10.183s][info][gc          ] GC(13) Minor Collection (Allocation Rate)
[2026-04-03T01:54:32.504+0600][10.183s][info][gc,task     ] GC(13) Using 2 Workers for Young Generation
[2026-04-03T01:54:32.504+0600][10.183s][info][gc,phases   ] GC(13) y: Young Generation
[2026-04-03T01:54:32.509+0600][10.188s][info][gc,phases   ] GC(13) y: Pause Mark Start 0.074ms
[2026-04-03T01:54:32.513+0600][10.192s][info][gc,phases   ] GC(10) O: Concurrent Process Non-Strong 15.178ms
[2026-04-03T01:54:32.513+0600][10.192s][info][gc,phases   ] GC(10) O: Concurrent Reset Relocation Set 0.003ms
[2026-04-03T01:54:32.517+0600][10.196s][info][gc,phases   ] GC(10) O: Concurrent Select Relocation Set 4.004ms
[2026-04-03T01:54:32.541+0600][10.220s][info][gc,phases   ] GC(13) y: Concurrent Mark 32.201ms
[2026-04-03T01:54:32.542+0600][10.221s][info][gc,phases   ] GC(13) y: Pause Mark End 0.109ms
[2026-04-03T01:54:32.545+0600][10.224s][info][gc,phases   ] GC(13) y: Concurrent Mark Free 0.002ms
[2026-04-03T01:54:32.545+0600][10.224s][info][gc,phases   ] GC(13) y: Concurrent Reset Relocation Set 0.029ms
[2026-04-03T01:54:32.548+0600][10.227s][info][gc,reloc    ] GC(13) y: Using tenuring threshold: 2 (Computed)
[2026-04-03T01:54:32.550+0600][10.229s][info][gc,phases   ] GC(13) y: Concurrent Select Relocation Set 4.836ms
[2026-04-03T01:54:32.550+0600][10.229s][info][gc,phases   ] GC(13) y: Pause Relocate Start 0.016ms
[2026-04-03T01:54:32.560+0600][10.239s][info][gc,phases   ] GC(13) y: Concurrent Relocate 9.574ms
[2026-04-03T01:54:32.560+0600][10.239s][info][gc,alloc    ] GC(13) y:                         Mark Start        Mark End      Relocate Start    Relocate End   
[2026-04-03T01:54:32.560+0600][10.239s][info][gc,alloc    ] GC(13) y: Allocation Stalls:          0                0                0                0         
[2026-04-03T01:54:32.560+0600][10.239s][info][gc,load     ] GC(13) y: Load: 8.88 (74%) / 8.06 (67%) / 7.56 (63%)
[2026-04-03T01:54:32.560+0600][10.239s][info][gc,mmu      ] GC(13) y: MMU: 2ms/93.8%, 5ms/97.5%, 10ms/98.8%, 20ms/99.2%, 50ms/99.5%, 100ms/99.6%
[2026-04-03T01:54:32.560+0600][10.239s][info][gc,marking  ] GC(13) y: Mark: 2 stripe(s), 3 proactive flush(es), 1 terminate flush(es), 0 completion(s), 0 continuation(s) 
[2026-04-03T01:54:32.560+0600][10.239s][info][gc,marking  ] GC(13) y: Mark Stack Usage: 32M
[2026-04-03T01:54:32.560+0600][10.239s][info][gc,nmethod  ] GC(13) y: NMethods: 3068 registered, 312 unregistered
[2026-04-03T01:54:32.560+0600][10.239s][info][gc,metaspace] GC(13) y: Metaspace: 47M used, 48M committed, 1088M reserved
[2026-04-03T01:54:32.560+0600][10.239s][info][gc,reloc    ] GC(13) y:                        Candidates     Selected     In-Place         Size        Empty    Relocated 
[2026-04-03T01:54:32.560+0600][10.239s][info][gc,reloc    ] GC(13) y: Small Pages:                   51           44            0         102M           0M           7M 
[2026-04-03T01:54:32.560+0600][10.239s][info][gc,reloc    ] GC(13) y: Medium Pages:                   0            0            0           0M           0M           0M 
[2026-04-03T01:54:32.560+0600][10.239s][info][gc,reloc    ] GC(13) y: Large Pages:                    0            0            0           0M           0M           0M 
[2026-04-03T01:54:32.560+0600][10.239s][info][gc,reloc    ] GC(13) y: Forwarding Usage: 5M
[2026-04-03T01:54:32.560+0600][10.239s][info][gc,reloc    ] GC(13) y: Age Table:
[2026-04-03T01:54:32.560+0600][10.239s][info][gc,reloc    ] GC(13) y:                    Live             Garbage             Small              Medium             Large        
[2026-04-03T01:54:32.560+0600][10.239s][info][gc,reloc    ] GC(13) y: Eden               7M (1%)           86M (17%)         47 / 42             0 / 0              0 / 0        
[2026-04-03T01:54:32.560+0600][10.239s][info][gc,reloc    ] GC(13) y: Survivor 1         4M (1%)            3M (1%)           4 / 2              0 / 0              0 / 0        
[2026-04-03T01:54:32.560+0600][10.239s][info][gc,heap     ] GC(13) y: Min Capacity: 8M(2%)
[2026-04-03T01:54:32.560+0600][10.239s][info][gc,heap     ] GC(13) y: Max Capacity: 500M(100%)
[2026-04-03T01:54:32.560+0600][10.239s][info][gc,heap     ] GC(13) y: Soft Max Capacity: 500M(100%)
[2026-04-03T01:54:32.560+0600][10.239s][info][gc,heap     ] GC(13) y: Heap Statistics:
[2026-04-03T01:54:32.560+0600][10.239s][info][gc,heap     ] GC(13) y:                Mark Start          Mark End        Relocate Start      Relocate End           High               Low         
[2026-04-03T01:54:32.560+0600][10.239s][info][gc,heap     ] GC(13) y:  Capacity:      500M (100%)        500M (100%)        500M (100%)        500M (100%)        500M (100%)        500M (100%)   
[2026-04-03T01:54:32.560+0600][10.239s][info][gc,heap     ] GC(13) y:      Free:      258M (52%)         224M (45%)         218M (44%)         294M (59%)         294M (59%)         216M (43%)    
[2026-04-03T01:54:32.560+0600][10.239s][info][gc,heap     ] GC(13) y:      Used:      242M (48%)         276M (55%)         282M (56%)         206M (41%)         284M (57%)         206M (41%)    
[2026-04-03T01:54:32.560+0600][10.239s][info][gc,heap     ] GC(13) y: Young Generation Statistics:
[2026-04-03T01:54:32.560+0600][10.239s][info][gc,heap     ] GC(13) y:                Mark Start          Mark End        Relocate Start      Relocate End    
[2026-04-03T01:54:32.560+0600][10.239s][info][gc,heap     ] GC(13) y:      Used:      102M (20%)         136M (27%)         142M (28%)          66M (13%)    
[2026-04-03T01:54:32.560+0600][10.239s][info][gc,heap     ] GC(13) y:      Live:         -                11M (2%)           11M (2%)           11M (2%)     
[2026-04-03T01:54:32.560+0600][10.239s][info][gc,heap     ] GC(13) y:   Garbage:         -                90M (18%)          90M (18%)           0M (0%)     
[2026-04-03T01:54:32.560+0600][10.239s][info][gc,heap     ] GC(13) y: Allocated:         -                34M (7%)           40M (8%)           54M (11%)    
[2026-04-03T01:54:32.560+0600][10.239s][info][gc,heap     ] GC(13) y: Reclaimed:         -                  -                 0M (0%)           90M (18%)    
[2026-04-03T01:54:32.560+0600][10.239s][info][gc,heap     ] GC(13) y:  Promoted:         -                  -                 0M (0%)            0M (0%)     
[2026-04-03T01:54:32.560+0600][10.239s][info][gc,heap     ] GC(13) y: Compacted:         -                  -                  -                 7M (2%)     
[2026-04-03T01:54:32.560+0600][10.239s][info][gc,phases   ] GC(13) y: Young Generation 238M(48%)->206M(41%) 0.056s
[2026-04-03T01:54:32.560+0600][10.239s][info][gc          ] GC(13) Minor Collection (Allocation Rate) 238M(48%)->206M(41%) 0.057s
[2026-04-03T01:54:32.560+0600][10.239s][info][gc,task     ] GC(10) O: Using 3 Workers for Old Generation
[2026-04-03T01:54:32.576+0600][10.255s][info][gc,task     ] GC(10) O: Using 1 Workers for Old Generation
[2026-04-03T01:54:32.576+0600][10.255s][info][gc,phases   ] GC(10) O: Concurrent Remap Roots 16.013ms
[2026-04-03T01:54:32.577+0600][10.256s][info][gc,phases   ] GC(10) O: Pause Relocate Start 0.022ms
[2026-04-03T01:54:32.589+0600][10.268s][info][gc,phases   ] GC(10) O: Concurrent Relocate 12.114ms
[2026-04-03T01:54:32.589+0600][10.268s][info][gc,alloc    ] GC(10) O:                         Mark Start        Mark End      Relocate Start    Relocate End   
[2026-04-03T01:54:32.589+0600][10.268s][info][gc,alloc    ] GC(10) O: Allocation Stalls:          0                0                0                0         
[2026-04-03T01:54:32.589+0600][10.268s][info][gc,load     ] GC(10) O: Load: 8.88 (74%) / 8.06 (67%) / 7.56 (63%)
[2026-04-03T01:54:32.589+0600][10.268s][info][gc,mmu      ] GC(10) O: MMU: 2ms/93.8%, 5ms/97.5%, 10ms/98.8%, 20ms/99.2%, 50ms/99.5%, 100ms/99.6%
[2026-04-03T01:54:32.589+0600][10.268s][info][gc,marking  ] GC(10) O: Mark: 1 stripe(s), 3 proactive flush(es), 1 terminate flush(es), 0 completion(s), 0 continuation(s) 
[2026-04-03T01:54:32.589+0600][10.268s][info][gc,marking  ] GC(10) O: Mark Stack Usage: 32M
[2026-04-03T01:54:32.589+0600][10.268s][info][gc,nmethod  ] GC(10) O: NMethods: 3068 registered, 312 unregistered
[2026-04-03T01:54:32.589+0600][10.268s][info][gc,metaspace] GC(10) O: Metaspace: 47M used, 48M committed, 1088M reserved
[2026-04-03T01:54:32.589+0600][10.268s][info][gc,ref      ] GC(10) O:                       Encountered   Discovered     Enqueued 
[2026-04-03T01:54:32.589+0600][10.268s][info][gc,ref      ] GC(10) O: Soft References:             3982            0            0 
[2026-04-03T01:54:32.589+0600][10.268s][info][gc,ref      ] GC(10) O: Weak References:             3198         2548          444 
[2026-04-03T01:54:32.589+0600][10.268s][info][gc,ref      ] GC(10) O: Final References:              74            0            0 
[2026-04-03T01:54:32.589+0600][10.268s][info][gc,ref      ] GC(10) O: Phantom References:           581          558            0 
[2026-04-03T01:54:32.589+0600][10.268s][info][gc,reloc    ] GC(10) O:                        Candidates     Selected     In-Place         Size        Empty    Relocated 
[2026-04-03T01:54:32.589+0600][10.268s][info][gc,reloc    ] GC(10) O: Small Pages:                   41            6            0          82M           0M           2M 
[2026-04-03T01:54:32.589+0600][10.268s][info][gc,reloc    ] GC(10) O: Medium Pages:                   2            1            0          16M           0M           1M 
[2026-04-03T01:54:32.589+0600][10.268s][info][gc,reloc    ] GC(10) O: Large Pages:                    2            0            0           6M           0M           0M 
[2026-04-03T01:54:32.589+0600][10.268s][info][gc,reloc    ] GC(10) O: Forwarding Usage: 1M
[2026-04-03T01:54:32.589+0600][10.268s][info][gc,heap     ] GC(10) O: Min Capacity: 8M(2%)
[2026-04-03T01:54:32.589+0600][10.268s][info][gc,heap     ] GC(10) O: Max Capacity: 500M(100%)
[2026-04-03T01:54:32.589+0600][10.268s][info][gc,heap     ] GC(10) O: Soft Max Capacity: 500M(100%)
[2026-04-03T01:54:32.589+0600][10.268s][info][gc,heap     ] GC(10) O: Heap Statistics:
[2026-04-03T01:54:32.589+0600][10.268s][info][gc,heap     ] GC(10) O:                Mark Start          Mark End        Relocate Start      Relocate End           High               Low         
[2026-04-03T01:54:32.589+0600][10.268s][info][gc,heap     ] GC(10) O:  Capacity:      500M (100%)        500M (100%)        500M (100%)        500M (100%)        500M (100%)        500M (100%)   
[2026-04-03T01:54:32.589+0600][10.268s][info][gc,heap     ] GC(10) O:      Free:      294M (59%)         268M (54%)         278M (56%)         284M (57%)         302M (60%)         200M (40%)    
[2026-04-03T01:54:32.589+0600][10.268s][info][gc,heap     ] GC(10) O:      Used:      206M (41%)         232M (46%)         222M (44%)         216M (43%)         300M (60%)         198M (40%)    
[2026-04-03T01:54:32.589+0600][10.268s][info][gc,heap     ] GC(10) O: Old Generation Statistics:
[2026-04-03T01:54:32.589+0600][10.268s][info][gc,heap     ] GC(10) O:                Mark Start          Mark End        Relocate Start      Relocate End    
[2026-04-03T01:54:32.589+0600][10.268s][info][gc,heap     ] GC(10) O:      Used:      104M (21%)         140M (28%)         140M (28%)         122M (24%)    
[2026-04-03T01:54:32.589+0600][10.268s][info][gc,heap     ] GC(10) O:      Live:         -                73M (15%)          73M (15%)          73M (15%)    
[2026-04-03T01:54:32.589+0600][10.268s][info][gc,heap     ] GC(10) O:   Garbage:         -                30M (6%)           30M (6%)            3M (1%)     
[2026-04-03T01:54:32.589+0600][10.268s][info][gc,heap     ] GC(10) O: Allocated:         -                36M (7%)           36M (7%)           44M (9%)     
[2026-04-03T01:54:32.589+0600][10.268s][info][gc,heap     ] GC(10) O: Reclaimed:         -                  -                 0M (0%)           26M (5%)     
[2026-04-03T01:54:32.589+0600][10.268s][info][gc,heap     ] GC(10) O: Compacted:         -                  -                  -                 7M (1%)     
[2026-04-03T01:54:32.589+0600][10.268s][info][gc,phases   ] GC(10) O: Old Generation 230M(46%)->216M(43%) 0.247s
[2026-04-03T01:54:32.589+0600][10.268s][info][gc          ] GC(10) Major Collection (Allocation Rate) 206M(41%)->216M(43%) 0.347s
[2026-04-03T01:54:32.648+0600][10.327s][info][gc          ] GC(14) Minor Collection (Allocation Rate)
[2026-04-03T01:54:32.648+0600][10.327s][info][gc,task     ] GC(14) Using 3 Workers for Young Generation
[2026-04-03T01:54:32.648+0600][10.327s][info][gc,phases   ] GC(14) y: Young Generation
[2026-04-03T01:54:32.648+0600][10.327s][info][gc,phases   ] GC(14) y: Pause Mark Start 0.020ms
[2026-04-03T01:54:32.682+0600][10.361s][info][gc,phases   ] GC(14) y: Concurrent Mark 33.409ms
[2026-04-03T01:54:32.682+0600][10.361s][info][gc,phases   ] GC(14) y: Pause Mark End 0.025ms
[2026-04-03T01:54:32.682+0600][10.361s][info][gc,phases   ] GC(14) y: Concurrent Mark Free 0.002ms
[2026-04-03T01:54:32.682+0600][10.361s][info][gc,phases   ] GC(14) y: Concurrent Reset Relocation Set 0.016ms
[2026-04-03T01:54:32.685+0600][10.363s][info][gc,reloc    ] GC(14) y: Using tenuring threshold: 3 (Computed)
[2026-04-03T01:54:32.686+0600][10.365s][info][gc,phases   ] GC(14) y: Concurrent Select Relocation Set 3.980ms
[2026-04-03T01:54:32.686+0600][10.365s][info][gc,phases   ] GC(14) y: Pause Relocate Start 0.013ms
[2026-04-03T01:54:32.698+0600][10.377s][info][gc,phases   ] GC(14) y: Concurrent Relocate 11.426ms
[2026-04-03T01:54:32.698+0600][10.377s][info][gc,alloc    ] GC(14) y:                         Mark Start        Mark End      Relocate Start    Relocate End   
[2026-04-03T01:54:32.698+0600][10.377s][info][gc,alloc    ] GC(14) y: Allocation Stalls:          0                0                0                0         
[2026-04-03T01:54:32.698+0600][10.377s][info][gc,load     ] GC(14) y: Load: 8.88 (74%) / 8.06 (67%) / 7.56 (63%)
[2026-04-03T01:54:32.698+0600][10.377s][info][gc,mmu      ] GC(14) y: MMU: 2ms/93.8%, 5ms/97.5%, 10ms/98.8%, 20ms/99.2%, 50ms/99.5%, 100ms/99.6%
[2026-04-03T01:54:32.698+0600][10.377s][info][gc,marking  ] GC(14) y: Mark: 2 stripe(s), 10 proactive flush(es), 1 terminate flush(es), 0 completion(s), 0 continuation(s) 
[2026-04-03T01:54:32.698+0600][10.377s][info][gc,marking  ] GC(14) y: Mark Stack Usage: 32M
[2026-04-03T01:54:32.698+0600][10.377s][info][gc,nmethod  ] GC(14) y: NMethods: 3068 registered, 312 unregistered
[2026-04-03T01:54:32.698+0600][10.377s][info][gc,metaspace] GC(14) y: Metaspace: 47M used, 48M committed, 1088M reserved
[2026-04-03T01:54:32.698+0600][10.377s][info][gc,reloc    ] GC(14) y:                        Candidates     Selected     In-Place         Size        Empty    Relocated 
[2026-04-03T01:54:32.698+0600][10.377s][info][gc,reloc    ] GC(14) y: Small Pages:                   81           68            0         162M           0M          11M 
[2026-04-03T01:54:32.698+0600][10.377s][info][gc,reloc    ] GC(14) y: Medium Pages:                   0            0            0           0M           0M           0M 
[2026-04-03T01:54:32.698+0600][10.377s][info][gc,reloc    ] GC(14) y: Large Pages:                    0            0            0           0M           0M           0M 
[2026-04-03T01:54:32.698+0600][10.377s][info][gc,reloc    ] GC(14) y: Forwarding Usage: 9M
[2026-04-03T01:54:32.698+0600][10.377s][info][gc,reloc    ] GC(14) y: Age Table:
[2026-04-03T01:54:32.698+0600][10.377s][info][gc,reloc    ] GC(14) y:                    Live             Garbage             Small              Medium             Large        
[2026-04-03T01:54:32.698+0600][10.377s][info][gc,reloc    ] GC(14) y: Eden              11M (2%)          134M (27%)         73 / 66             0 / 0              0 / 0        
[2026-04-03T01:54:32.698+0600][10.377s][info][gc,reloc    ] GC(14) y: Survivor 1         7M (1%)            2M (1%)           5 / 1              0 / 0              0 / 0        
[2026-04-03T01:54:32.698+0600][10.377s][info][gc,reloc    ] GC(14) y: Survivor 2         4M (1%)            1M (0%)           3 / 1              0 / 0              0 / 0        
[2026-04-03T01:54:32.698+0600][10.377s][info][gc,heap     ] GC(14) y: Min Capacity: 8M(2%)
[2026-04-03T01:54:32.698+0600][10.377s][info][gc,heap     ] GC(14) y: Max Capacity: 500M(100%)
[2026-04-03T01:54:32.698+0600][10.377s][info][gc,heap     ] GC(14) y: Soft Max Capacity: 500M(100%)
[2026-04-03T01:54:32.698+0600][10.377s][info][gc,heap     ] GC(14) y: Heap Statistics:
[2026-04-03T01:54:32.698+0600][10.377s][info][gc,heap     ] GC(14) y:                Mark Start          Mark End        Relocate Start      Relocate End           High               Low         
[2026-04-03T01:54:32.698+0600][10.377s][info][gc,heap     ] GC(14) y:  Capacity:      500M (100%)        500M (100%)        500M (100%)        500M (100%)        500M (100%)        500M (100%)   
[2026-04-03T01:54:32.698+0600][10.377s][info][gc,heap     ] GC(14) y:      Free:      216M (43%)         182M (36%)         180M (36%)         302M (60%)         302M (60%)         176M (35%)    
[2026-04-03T01:54:32.698+0600][10.377s][info][gc,heap     ] GC(14) y:      Used:      284M (57%)         318M (64%)         320M (64%)         198M (40%)         324M (65%)         198M (40%)    
[2026-04-03T01:54:32.698+0600][10.377s][info][gc,heap     ] GC(14) y: Young Generation Statistics:
[2026-04-03T01:54:32.698+0600][10.377s][info][gc,heap     ] GC(14) y:                Mark Start          Mark End        Relocate Start      Relocate End    
[2026-04-03T01:54:32.698+0600][10.377s][info][gc,heap     ] GC(14) y:      Used:      162M (32%)         196M (39%)         198M (40%)          76M (15%)    
[2026-04-03T01:54:32.698+0600][10.377s][info][gc,heap     ] GC(14) y:      Live:         -                23M (5%)           23M (5%)           23M (5%)     
[2026-04-03T01:54:32.698+0600][10.377s][info][gc,heap     ] GC(14) y:   Garbage:         -               138M (28%)         138M (28%)           0M (0%)     
[2026-04-03T01:54:32.698+0600][10.377s][info][gc,heap     ] GC(14) y: Allocated:         -                34M (7%)           36M (7%)           51M (10%)    
[2026-04-03T01:54:32.698+0600][10.377s][info][gc,heap     ] GC(14) y: Reclaimed:         -                  -                 0M (0%)          137M (28%)    
[2026-04-03T01:54:32.698+0600][10.377s][info][gc,heap     ] GC(14) y:  Promoted:         -                  -                 0M (0%)            0M (0%)     
[2026-04-03T01:54:32.698+0600][10.377s][info][gc,heap     ] GC(14) y: Compacted:         -                  -                  -                12M (2%)     
[2026-04-03T01:54:32.698+0600][10.377s][info][gc,phases   ] GC(14) y: Young Generation 284M(57%)->198M(40%) 0.050s
[2026-04-03T01:54:32.698+0600][10.377s][info][gc          ] GC(14) Minor Collection (Allocation Rate) 284M(57%)->198M(40%) 0.051s
[2026-04-03T01:54:32.832+0600][10.511s][info][gc          ] GC(15) Minor Collection (Allocation Rate)
[2026-04-03T01:54:32.832+0600][10.511s][info][gc,task     ] GC(15) Using 3 Workers for Young Generation
[2026-04-03T01:54:32.832+0600][10.511s][info][gc,phases   ] GC(15) y: Young Generation
[2026-04-03T01:54:32.833+0600][10.511s][info][gc,phases   ] GC(15) y: Pause Mark Start 0.037ms
[2026-04-03T01:54:32.913+0600][10.592s][info][gc,phases   ] GC(15) y: Concurrent Mark 80.130ms
[2026-04-03T01:54:32.913+0600][10.592s][info][gc,phases   ] GC(15) y: Pause Mark End 0.027ms
[2026-04-03T01:54:32.913+0600][10.592s][info][gc,phases   ] GC(15) y: Concurrent Mark Free 0.002ms
[2026-04-03T01:54:32.913+0600][10.592s][info][gc,phases   ] GC(15) y: Concurrent Reset Relocation Set 0.048ms
[2026-04-03T01:54:32.919+0600][10.598s][info][gc,reloc    ] GC(15) y: Using tenuring threshold: 2 (Computed)
[2026-04-03T01:54:32.926+0600][10.605s][info][gc,phases   ] GC(15) y: Concurrent Select Relocation Set 12.704ms
[2026-04-03T01:54:32.926+0600][10.605s][info][gc,phases   ] GC(15) y: Pause Relocate Start 0.028ms
[2026-04-03T01:54:32.961+0600][10.639s][info][gc,phases   ] GC(15) y: Concurrent Relocate 33.830ms
[2026-04-03T01:54:32.961+0600][10.640s][info][gc,alloc    ] GC(15) y:                         Mark Start        Mark End      Relocate Start    Relocate End   
[2026-04-03T01:54:32.961+0600][10.640s][info][gc,alloc    ] GC(15) y: Allocation Stalls:          0                0                0                0         
[2026-04-03T01:54:32.961+0600][10.640s][info][gc,load     ] GC(15) y: Load: 8.88 (74%) / 8.06 (67%) / 7.56 (63%)
[2026-04-03T01:54:32.961+0600][10.640s][info][gc,mmu      ] GC(15) y: MMU: 2ms/93.8%, 5ms/97.5%, 10ms/98.8%, 20ms/99.2%, 50ms/99.5%, 100ms/99.6%
[2026-04-03T01:54:32.961+0600][10.640s][info][gc,marking  ] GC(15) y: Mark: 2 stripe(s), 10 proactive flush(es), 1 terminate flush(es), 0 completion(s), 0 continuation(s) 
[2026-04-03T01:54:32.961+0600][10.640s][info][gc,marking  ] GC(15) y: Mark Stack Usage: 32M
[2026-04-03T01:54:32.961+0600][10.640s][info][gc,nmethod  ] GC(15) y: NMethods: 3068 registered, 312 unregistered
[2026-04-03T01:54:32.961+0600][10.640s][info][gc,metaspace] GC(15) y: Metaspace: 47M used, 48M committed, 1088M reserved
[2026-04-03T01:54:32.961+0600][10.640s][info][gc,reloc    ] GC(15) y:                        Candidates     Selected     In-Place         Size        Empty    Relocated 
[2026-04-03T01:54:32.961+0600][10.640s][info][gc,reloc    ] GC(15) y: Small Pages:                   89           70            0         178M           0M          12M 
[2026-04-03T01:54:32.961+0600][10.640s][info][gc,reloc    ] GC(15) y: Medium Pages:                   0            0            0           0M           0M           0M 
[2026-04-03T01:54:32.961+0600][10.640s][info][gc,reloc    ] GC(15) y: Large Pages:                    0            0            0           0M           0M           0M 
[2026-04-03T01:54:32.961+0600][10.640s][info][gc,reloc    ] GC(15) y: Forwarding Usage: 11M
[2026-04-03T01:54:32.961+0600][10.640s][info][gc,reloc    ] GC(15) y: Age Table:
[2026-04-03T01:54:32.961+0600][10.640s][info][gc,reloc    ] GC(15) y:                    Live             Garbage             Small              Medium             Large        
[2026-04-03T01:54:32.961+0600][10.640s][info][gc,reloc    ] GC(15) y: Eden              11M (2%)          136M (27%)         74 / 67             0 / 0              0 / 0        
[2026-04-03T01:54:32.961+0600][10.640s][info][gc,reloc    ] GC(15) y: Survivor 1        11M (2%)            2M (0%)           7 / 0              0 / 0              0 / 0        
[2026-04-03T01:54:32.961+0600][10.640s][info][gc,reloc    ] GC(15) y: Survivor 2         7M (1%)            2M (1%)           5 / 2              0 / 0              0 / 0        
[2026-04-03T01:54:32.961+0600][10.640s][info][gc,reloc    ] GC(15) y: Survivor 3         4M (1%)            1M (0%)           3 / 1              0 / 0              0 / 0        
[2026-04-03T01:54:32.961+0600][10.640s][info][gc,heap     ] GC(15) y: Min Capacity: 8M(2%)
[2026-04-03T01:54:32.961+0600][10.640s][info][gc,heap     ] GC(15) y: Max Capacity: 500M(100%)
[2026-04-03T01:54:32.961+0600][10.640s][info][gc,heap     ] GC(15) y: Soft Max Capacity: 500M(100%)
[2026-04-03T01:54:32.961+0600][10.640s][info][gc,heap     ] GC(15) y: Heap Statistics:
[2026-04-03T01:54:32.961+0600][10.640s][info][gc,heap     ] GC(15) y:                Mark Start          Mark End        Relocate Start      Relocate End           High               Low         
[2026-04-03T01:54:32.961+0600][10.640s][info][gc,heap     ] GC(15) y:  Capacity:      500M (100%)        500M (100%)        500M (100%)        500M (100%)        500M (100%)        500M (100%)   
[2026-04-03T01:54:32.961+0600][10.640s][info][gc,heap     ] GC(15) y:      Free:      200M (40%)         150M (30%)         140M (28%)         256M (51%)         262M (52%)         136M (27%)    
[2026-04-03T01:54:32.961+0600][10.640s][info][gc,heap     ] GC(15) y:      Used:      300M (60%)         350M (70%)         360M (72%)         244M (49%)         364M (73%)         238M (48%)    
[2026-04-03T01:54:32.961+0600][10.640s][info][gc,heap     ] GC(15) y: Young Generation Statistics:
[2026-04-03T01:54:32.961+0600][10.640s][info][gc,heap     ] GC(15) y:                Mark Start          Mark End        Relocate Start      Relocate End    
[2026-04-03T01:54:32.961+0600][10.640s][info][gc,heap     ] GC(15) y:      Used:      178M (36%)         228M (46%)         228M (46%)         108M (22%)    
[2026-04-03T01:54:32.961+0600][10.640s][info][gc,heap     ] GC(15) y:      Live:         -                35M (7%)           25M (5%)           23M (5%)     
[2026-04-03T01:54:32.961+0600][10.640s][info][gc,heap     ] GC(15) y:   Garbage:         -               142M (29%)         142M (29%)           0M (0%)     
[2026-04-03T01:54:32.961+0600][10.640s][info][gc,heap     ] GC(15) y: Allocated:         -                50M (10%)          60M (12%)          84M (17%)    
[2026-04-03T01:54:32.961+0600][10.640s][info][gc,heap     ] GC(15) y: Reclaimed:         -                  -                 0M (0%)          142M (28%)    
[2026-04-03T01:54:32.961+0600][10.640s][info][gc,heap     ] GC(15) y:  Promoted:         -                  -                 9M (2%)           11M (2%)     
[2026-04-03T01:54:32.961+0600][10.640s][info][gc,heap     ] GC(15) y: Compacted:         -                  -                  -                13M (3%)     
[2026-04-03T01:54:32.961+0600][10.640s][info][gc,phases   ] GC(15) y: Young Generation 300M(60%)->244M(49%) 0.128s
[2026-04-03T01:54:32.961+0600][10.640s][info][gc          ] GC(15) Minor Collection (Allocation Rate) 300M(60%)->244M(49%) 0.129s
[2026-04-03T01:54:32.961+0600][10.640s][info][gc          ] GC(16) Major Collection (Allocation Rate)
[2026-04-03T01:54:32.962+0600][10.640s][info][gc,task     ] GC(16) Using 3 Workers for Young Generation
[2026-04-03T01:54:32.962+0600][10.640s][info][gc,task     ] GC(16) Using 1 Workers for Old Generation
[2026-04-03T01:54:32.962+0600][10.640s][info][gc,phases   ] GC(16) Y: Young Generation
[2026-04-03T01:54:32.962+0600][10.641s][info][gc,phases   ] GC(16) Y: Pause Mark Start (Major) 0.029ms
[2026-04-03T01:54:33.015+0600][10.694s][info][gc,phases   ] GC(16) Y: Concurrent Mark 53.053ms
[2026-04-03T01:54:33.015+0600][10.694s][info][gc,phases   ] GC(16) Y: Pause Mark End 0.024ms
[2026-04-03T01:54:33.015+0600][10.694s][info][gc,phases   ] GC(16) Y: Concurrent Mark Free 0.002ms
[2026-04-03T01:54:33.015+0600][10.694s][info][gc,phases   ] GC(16) Y: Concurrent Reset Relocation Set 0.021ms
[2026-04-03T01:54:33.017+0600][10.696s][info][gc,reloc    ] GC(16) Y: Using tenuring threshold: 1 (Computed)
[2026-04-03T01:54:33.023+0600][10.701s][info][gc,phases   ] GC(16) Y: Concurrent Select Relocation Set 7.442ms
[2026-04-03T01:54:33.023+0600][10.702s][info][gc,phases   ] GC(16) Y: Pause Relocate Start 0.015ms
[2026-04-03T01:54:33.040+0600][10.719s][info][gc,phases   ] GC(16) Y: Concurrent Relocate 17.237ms
[2026-04-03T01:54:33.040+0600][10.719s][info][gc,alloc    ] GC(16) Y:                         Mark Start        Mark End      Relocate Start    Relocate End   
[2026-04-03T01:54:33.040+0600][10.719s][info][gc,alloc    ] GC(16) Y: Allocation Stalls:          0                0                0                0         
[2026-04-03T01:54:33.040+0600][10.719s][info][gc,load     ] GC(16) Y: Load: 8.88 (74%) / 8.06 (67%) / 7.56 (63%)
[2026-04-03T01:54:33.040+0600][10.719s][info][gc,mmu      ] GC(16) Y: MMU: 2ms/93.8%, 5ms/97.5%, 10ms/98.8%, 20ms/99.2%, 50ms/99.5%, 100ms/99.6%
[2026-04-03T01:54:33.040+0600][10.719s][info][gc,marking  ] GC(16) Y: Mark: 2 stripe(s), 10 proactive flush(es), 1 terminate flush(es), 0 completion(s), 0 continuation(s) 
[2026-04-03T01:54:33.040+0600][10.719s][info][gc,marking  ] GC(16) Y: Mark Stack Usage: 32M
[2026-04-03T01:54:33.040+0600][10.719s][info][gc,nmethod  ] GC(16) Y: NMethods: 3068 registered, 312 unregistered
[2026-04-03T01:54:33.040+0600][10.719s][info][gc,metaspace] GC(16) Y: Metaspace: 47M used, 48M committed, 1088M reserved
[2026-04-03T01:54:33.040+0600][10.719s][info][gc,reloc    ] GC(16) Y:                        Candidates     Selected     In-Place         Size        Empty    Relocated 
[2026-04-03T01:54:33.040+0600][10.719s][info][gc,reloc    ] GC(16) Y: Small Pages:                   54           38            0         108M           0M           7M 
[2026-04-03T01:54:33.040+0600][10.719s][info][gc,reloc    ] GC(16) Y: Medium Pages:                   0            0            0           0M           0M           0M 
[2026-04-03T01:54:33.040+0600][10.719s][info][gc,reloc    ] GC(16) Y: Large Pages:                    0            0            0           0M           0M           0M 
[2026-04-03T01:54:33.040+0600][10.719s][info][gc,reloc    ] GC(16) Y: Forwarding Usage: 6M
[2026-04-03T01:54:33.040+0600][10.719s][info][gc,reloc    ] GC(16) Y: Age Table:
[2026-04-03T01:54:33.040+0600][10.719s][info][gc,reloc    ] GC(16) Y:                    Live             Garbage             Small              Medium             Large        
[2026-04-03T01:54:33.040+0600][10.719s][info][gc,reloc    ] GC(16) Y: Eden               6M (1%)           73M (15%)         40 / 36             0 / 0              0 / 0        
[2026-04-03T01:54:33.040+0600][10.719s][info][gc,reloc    ] GC(16) Y: Survivor 1        11M (2%)            2M (0%)           7 / 1              0 / 0              0 / 0        
[2026-04-03T01:54:33.040+0600][10.719s][info][gc,reloc    ] GC(16) Y: Survivor 2        11M (2%)            2M (0%)           7 / 1              0 / 0              0 / 0        
[2026-04-03T01:54:33.040+0600][10.719s][info][gc,heap     ] GC(16) Y: Min Capacity: 8M(2%)
[2026-04-03T01:54:33.040+0600][10.719s][info][gc,heap     ] GC(16) Y: Max Capacity: 500M(100%)
[2026-04-03T01:54:33.040+0600][10.719s][info][gc,heap     ] GC(16) Y: Soft Max Capacity: 500M(100%)
[2026-04-03T01:54:33.040+0600][10.719s][info][gc,heap     ] GC(16) Y: Heap Statistics:
[2026-04-03T01:54:33.040+0600][10.719s][info][gc,heap     ] GC(16) Y:                Mark Start          Mark End        Relocate Start      Relocate End           High               Low         
[2026-04-03T01:54:33.040+0600][10.719s][info][gc,heap     ] GC(16) Y:  Capacity:      500M (100%)        500M (100%)        500M (100%)        500M (100%)        500M (100%)        500M (100%)   
[2026-04-03T01:54:33.040+0600][10.719s][info][gc,heap     ] GC(16) Y:      Free:      256M (51%)         218M (44%)         210M (42%)         264M (53%)         274M (55%)         206M (41%)    
[2026-04-03T01:54:33.040+0600][10.719s][info][gc,heap     ] GC(16) Y:      Used:      244M (49%)         282M (56%)         290M (58%)         236M (47%)         294M (59%)         226M (45%)    
[2026-04-03T01:54:33.040+0600][10.719s][info][gc,heap     ] GC(16) Y: Young Generation Statistics:
[2026-04-03T01:54:33.040+0600][10.719s][info][gc,heap     ] GC(16) Y:                Mark Start          Mark End        Relocate Start      Relocate End    
[2026-04-03T01:54:33.040+0600][10.719s][info][gc,heap     ] GC(16) Y:      Used:      108M (22%)         146M (29%)         132M (26%)          72M (14%)    
[2026-04-03T01:54:33.040+0600][10.719s][info][gc,heap     ] GC(16) Y:      Live:         -                29M (6%)            8M (2%)            6M (1%)     
[2026-04-03T01:54:33.040+0600][10.719s][info][gc,heap     ] GC(16) Y:   Garbage:         -                78M (16%)          77M (15%)           0M (0%)     
[2026-04-03T01:54:33.040+0600][10.719s][info][gc,heap     ] GC(16) Y: Allocated:         -                38M (8%)           46M (9%)           65M (13%)    
[2026-04-03T01:54:33.040+0600][10.719s][info][gc,heap     ] GC(16) Y: Reclaimed:         -                  -                 1M (0%)           78M (16%)    
[2026-04-03T01:54:33.040+0600][10.719s][info][gc,heap     ] GC(16) Y:  Promoted:         -                  -                20M (4%)           23M (5%)     
[2026-04-03T01:54:33.040+0600][10.719s][info][gc,heap     ] GC(16) Y: Compacted:         -                  -                  -                 6M (1%)     
[2026-04-03T01:54:33.040+0600][10.719s][info][gc,phases   ] GC(16) Y: Young Generation 244M(49%)->236M(47%) 0.079s
[2026-04-03T01:54:33.040+0600][10.719s][info][gc,phases   ] GC(16) O: Old Generation
[2026-04-03T01:54:33.042+0600][10.721s][info][gc          ] GC(17) Minor Collection (Allocation Rate)
[2026-04-03T01:54:33.042+0600][10.721s][info][gc,task     ] GC(17) Using 2 Workers for Young Generation
[2026-04-03T01:54:33.042+0600][10.721s][info][gc,phases   ] GC(17) y: Young Generation
[2026-04-03T01:54:33.042+0600][10.721s][info][gc,phases   ] GC(17) y: Pause Mark Start 0.053ms
[2026-04-03T01:54:33.072+0600][10.751s][info][gc,phases   ] GC(17) y: Concurrent Mark 30.192ms
[2026-04-03T01:54:33.073+0600][10.752s][info][gc,phases   ] GC(17) y: Pause Mark End 0.029ms
[2026-04-03T01:54:33.073+0600][10.752s][info][gc,phases   ] GC(17) y: Concurrent Mark Free 0.002ms
[2026-04-03T01:54:33.073+0600][10.752s][info][gc,phases   ] GC(17) y: Concurrent Reset Relocation Set 0.066ms
[2026-04-03T01:54:33.075+0600][10.754s][info][gc,reloc    ] GC(17) y: Using tenuring threshold: 2 (Computed)
[2026-04-03T01:54:33.077+0600][10.755s][info][gc,phases   ] GC(17) y: Concurrent Select Relocation Set 3.398ms
[2026-04-03T01:54:33.077+0600][10.756s][info][gc,phases   ] GC(17) y: Pause Relocate Start 0.026ms
[2026-04-03T01:54:33.088+0600][10.767s][info][gc,phases   ] GC(17) y: Concurrent Relocate 10.910ms
[2026-04-03T01:54:33.088+0600][10.767s][info][gc,alloc    ] GC(17) y:                         Mark Start        Mark End      Relocate Start    Relocate End   
[2026-04-03T01:54:33.088+0600][10.767s][info][gc,alloc    ] GC(17) y: Allocation Stalls:          0                0                0                0         
[2026-04-03T01:54:33.088+0600][10.767s][info][gc,load     ] GC(17) y: Load: 8.88 (74%) / 8.06 (67%) / 7.56 (63%)
[2026-04-03T01:54:33.088+0600][10.767s][info][gc,mmu      ] GC(17) y: MMU: 2ms/93.8%, 5ms/97.5%, 10ms/98.8%, 20ms/99.2%, 50ms/99.5%, 100ms/99.6%
[2026-04-03T01:54:33.088+0600][10.767s][info][gc,marking  ] GC(17) y: Mark: 2 stripe(s), 2 proactive flush(es), 1 terminate flush(es), 0 completion(s), 0 continuation(s) 
[2026-04-03T01:54:33.088+0600][10.767s][info][gc,marking  ] GC(17) y: Mark Stack Usage: 32M
[2026-04-03T01:54:33.088+0600][10.767s][info][gc,nmethod  ] GC(17) y: NMethods: 3110 registered, 312 unregistered
[2026-04-03T01:54:33.088+0600][10.767s][info][gc,metaspace] GC(17) y: Metaspace: 47M used, 48M committed, 1088M reserved
[2026-04-03T01:54:33.088+0600][10.767s][info][gc,reloc    ] GC(17) y:                        Candidates     Selected     In-Place         Size        Empty    Relocated 
[2026-04-03T01:54:33.088+0600][10.767s][info][gc,reloc    ] GC(17) y: Small Pages:                   37           30            0          74M           0M           4M 
[2026-04-03T01:54:33.088+0600][10.767s][info][gc,reloc    ] GC(17) y: Medium Pages:                   0            0            0           0M           0M           0M 
[2026-04-03T01:54:33.088+0600][10.767s][info][gc,reloc    ] GC(17) y: Large Pages:                    0            0            0           0M           0M           0M 
[2026-04-03T01:54:33.088+0600][10.767s][info][gc,reloc    ] GC(17) y: Forwarding Usage: 3M
[2026-04-03T01:54:33.088+0600][10.767s][info][gc,reloc    ] GC(17) y: Age Table:
[2026-04-03T01:54:33.088+0600][10.767s][info][gc,reloc    ] GC(17) y:                    Live             Garbage             Small              Medium             Large        
[2026-04-03T01:54:33.088+0600][10.767s][info][gc,reloc    ] GC(17) y: Eden               5M (1%)           58M (12%)         32 / 28             0 / 0              0 / 0        
[2026-04-03T01:54:33.088+0600][10.767s][info][gc,reloc    ] GC(17) y: Survivor 1         6M (1%)            3M (1%)           5 / 2              0 / 0              0 / 0        
[2026-04-03T01:54:33.088+0600][10.767s][info][gc,heap     ] GC(17) y: Min Capacity: 8M(2%)
[2026-04-03T01:54:33.088+0600][10.767s][info][gc,heap     ] GC(17) y: Max Capacity: 500M(100%)
[2026-04-03T01:54:33.088+0600][10.767s][info][gc,heap     ] GC(17) y: Soft Max Capacity: 500M(100%)
[2026-04-03T01:54:33.088+0600][10.767s][info][gc,heap     ] GC(17) y: Heap Statistics:
[2026-04-03T01:54:33.088+0600][10.767s][info][gc,heap     ] GC(17) y:                Mark Start          Mark End        Relocate Start      Relocate End           High               Low         
[2026-04-03T01:54:33.088+0600][10.767s][info][gc,heap     ] GC(17) y:  Capacity:      500M (100%)        500M (100%)        500M (100%)        500M (100%)        500M (100%)        500M (100%)   
[2026-04-03T01:54:33.088+0600][10.767s][info][gc,heap     ] GC(17) y:      Free:      262M (52%)         252M (50%)         252M (50%)         306M (61%)         306M (61%)         248M (50%)    
[2026-04-03T01:54:33.088+0600][10.767s][info][gc,heap     ] GC(17) y:      Used:      238M (48%)         248M (50%)         248M (50%)         194M (39%)         252M (50%)         194M (39%)    
[2026-04-03T01:54:33.088+0600][10.767s][info][gc,heap     ] GC(17) y: Young Generation Statistics:
[2026-04-03T01:54:33.089+0600][10.767s][info][gc,heap     ] GC(17) y:                Mark Start          Mark End        Relocate Start      Relocate End    
[2026-04-03T01:54:33.089+0600][10.767s][info][gc,heap     ] GC(17) y:      Used:       74M (15%)          84M (17%)          84M (17%)          30M (6%)     
[2026-04-03T01:54:33.089+0600][10.767s][info][gc,heap     ] GC(17) y:      Live:         -                11M (2%)           11M (2%)           11M (2%)     
[2026-04-03T01:54:33.089+0600][10.767s][info][gc,heap     ] GC(17) y:   Garbage:         -                62M (13%)          62M (13%)           1M (0%)     
[2026-04-03T01:54:33.089+0600][10.767s][info][gc,heap     ] GC(17) y: Allocated:         -                10M (2%)           10M (2%)           16M (3%)     
[2026-04-03T01:54:33.089+0600][10.767s][info][gc,heap     ] GC(17) y: Reclaimed:         -                  -                 0M (0%)           60M (12%)    
[2026-04-03T01:54:33.089+0600][10.767s][info][gc,heap     ] GC(17) y:  Promoted:         -                  -                 0M (0%)            0M (0%)     
[2026-04-03T01:54:33.089+0600][10.767s][info][gc,heap     ] GC(17) y: Compacted:         -                  -                  -                 5M (1%)     
[2026-04-03T01:54:33.089+0600][10.767s][info][gc,phases   ] GC(17) y: Young Generation 238M(48%)->194M(39%) 0.046s
[2026-04-03T01:54:33.089+0600][10.767s][info][gc          ] GC(17) Minor Collection (Allocation Rate) 238M(48%)->194M(39%) 0.047s
[2026-04-03T01:54:33.089+0600][10.768s][info][gc          ] GC(18) Minor Collection (Allocation Rate)
[2026-04-03T01:54:33.089+0600][10.768s][info][gc,task     ] GC(18) Using 2 Workers for Young Generation
[2026-04-03T01:54:33.089+0600][10.768s][info][gc,phases   ] GC(18) y: Young Generation
[2026-04-03T01:54:33.089+0600][10.768s][info][gc,phases   ] GC(18) y: Pause Mark Start 0.027ms
[2026-04-03T01:54:33.120+0600][10.799s][info][gc,phases   ] GC(18) y: Concurrent Mark 30.579ms
[2026-04-03T01:54:33.120+0600][10.799s][info][gc,phases   ] GC(18) y: Pause Mark End 0.030ms
[2026-04-03T01:54:33.120+0600][10.799s][info][gc,phases   ] GC(18) y: Concurrent Mark Free 0.001ms
[2026-04-03T01:54:33.120+0600][10.799s][info][gc,phases   ] GC(18) y: Concurrent Reset Relocation Set 0.008ms
[2026-04-03T01:54:33.125+0600][10.804s][info][gc,reloc    ] GC(18) y: Using tenuring threshold: 1 (Computed)
[2026-04-03T01:54:33.131+0600][10.810s][info][gc,phases   ] GC(18) y: Concurrent Select Relocation Set 10.625ms
[2026-04-03T01:54:33.131+0600][10.810s][info][gc,phases   ] GC(18) y: Pause Relocate Start 0.080ms
[2026-04-03T01:54:33.143+0600][10.822s][info][gc,phases   ] GC(18) y: Concurrent Relocate 11.467ms
[2026-04-03T01:54:33.143+0600][10.822s][info][gc,alloc    ] GC(18) y:                         Mark Start        Mark End      Relocate Start    Relocate End   
[2026-04-03T01:54:33.143+0600][10.822s][info][gc,alloc    ] GC(18) y: Allocation Stalls:          0                0                0                0         
[2026-04-03T01:54:33.143+0600][10.822s][info][gc,load     ] GC(18) y: Load: 8.88 (74%) / 8.06 (67%) / 7.56 (63%)
[2026-04-03T01:54:33.143+0600][10.822s][info][gc,mmu      ] GC(18) y: MMU: 2ms/93.8%, 5ms/97.5%, 10ms/98.8%, 20ms/99.2%, 50ms/99.5%, 100ms/99.6%
[2026-04-03T01:54:33.143+0600][10.822s][info][gc,marking  ] GC(18) y: Mark: 2 stripe(s), 2 proactive flush(es), 1 terminate flush(es), 0 completion(s), 0 continuation(s) 
[2026-04-03T01:54:33.143+0600][10.822s][info][gc,marking  ] GC(18) y: Mark Stack Usage: 32M
[2026-04-03T01:54:33.143+0600][10.822s][info][gc,nmethod  ] GC(18) y: NMethods: 3147 registered, 312 unregistered
[2026-04-03T01:54:33.143+0600][10.822s][info][gc,metaspace] GC(18) y: Metaspace: 47M used, 48M committed, 1088M reserved
[2026-04-03T01:54:33.143+0600][10.822s][info][gc,reloc    ] GC(18) y:                        Candidates     Selected     In-Place         Size        Empty    Relocated 
[2026-04-03T01:54:33.143+0600][10.822s][info][gc,reloc    ] GC(18) y: Small Pages:                   15            8            0          30M           0M           1M 
[2026-04-03T01:54:33.143+0600][10.822s][info][gc,reloc    ] GC(18) y: Medium Pages:                   0            0            0           0M           0M           0M 
[2026-04-03T01:54:33.143+0600][10.822s][info][gc,reloc    ] GC(18) y: Large Pages:                    0            0            0           0M           0M           0M 
[2026-04-03T01:54:33.143+0600][10.822s][info][gc,reloc    ] GC(18) y: Forwarding Usage: 0M
[2026-04-03T01:54:33.143+0600][10.822s][info][gc,reloc    ] GC(18) y: Age Table:
[2026-04-03T01:54:33.143+0600][10.822s][info][gc,reloc    ] GC(18) y:                    Live             Garbage             Small              Medium             Large        
[2026-04-03T01:54:33.143+0600][10.822s][info][gc,reloc    ] GC(18) y: Eden               0M (0%)            9M (2%)           5 / 4              0 / 0              0 / 0        
[2026-04-03T01:54:33.143+0600][10.822s][info][gc,reloc    ] GC(18) y: Survivor 1         5M (1%)            4M (1%)           5 / 2              0 / 0              0 / 0        
[2026-04-03T01:54:33.143+0600][10.822s][info][gc,reloc    ] GC(18) y: Survivor 2         6M (1%)            3M (1%)           5 / 2              0 / 0              0 / 0        
[2026-04-03T01:54:33.143+0600][10.822s][info][gc,heap     ] GC(18) y: Min Capacity: 8M(2%)
[2026-04-03T01:54:33.143+0600][10.822s][info][gc,heap     ] GC(18) y: Max Capacity: 500M(100%)
[2026-04-03T01:54:33.143+0600][10.822s][info][gc,heap     ] GC(18) y: Soft Max Capacity: 500M(100%)
[2026-04-03T01:54:33.143+0600][10.822s][info][gc,heap     ] GC(18) y: Heap Statistics:
[2026-04-03T01:54:33.143+0600][10.822s][info][gc,heap     ] GC(18) y:                Mark Start          Mark End        Relocate Start      Relocate End           High               Low         
[2026-04-03T01:54:33.143+0600][10.822s][info][gc,heap     ] GC(18) y:  Capacity:      500M (100%)        500M (100%)        500M (100%)        500M (100%)        500M (100%)        500M (100%)   
[2026-04-03T01:54:33.143+0600][10.822s][info][gc,heap     ] GC(18) y:      Free:      306M (61%)         302M (60%)         302M (60%)         310M (62%)         310M (62%)         296M (59%)    
[2026-04-03T01:54:33.143+0600][10.822s][info][gc,heap     ] GC(18) y:      Used:      194M (39%)         198M (40%)         198M (40%)         190M (38%)         204M (41%)         190M (38%)    
[2026-04-03T01:54:33.143+0600][10.822s][info][gc,heap     ] GC(18) y: Young Generation Statistics:
[2026-04-03T01:54:33.143+0600][10.822s][info][gc,heap     ] GC(18) y:                Mark Start          Mark End        Relocate Start      Relocate End    
[2026-04-03T01:54:33.143+0600][10.822s][info][gc,heap     ] GC(18) y:      Used:       30M (6%)           34M (7%)           22M (4%)           10M (2%)     
[2026-04-03T01:54:33.143+0600][10.822s][info][gc,heap     ] GC(18) y:      Live:         -                11M (2%)            1M (0%)            0M (0%)     
[2026-04-03T01:54:33.143+0600][10.822s][info][gc,heap     ] GC(18) y:   Garbage:         -                18M (4%)           16M (3%)            0M (0%)     
[2026-04-03T01:54:33.143+0600][10.822s][info][gc,heap     ] GC(18) y: Allocated:         -                 4M (1%)            4M (1%)            9M (2%)     
[2026-04-03T01:54:33.143+0600][10.822s][info][gc,heap     ] GC(18) y: Reclaimed:         -                  -                 1M (0%)           18M (4%)     
[2026-04-03T01:54:33.143+0600][10.822s][info][gc,heap     ] GC(18) y:  Promoted:         -                  -                10M (2%)           11M (2%)     
[2026-04-03T01:54:33.143+0600][10.822s][info][gc,heap     ] GC(18) y: Compacted:         -                  -                  -                 0M (0%)     
[2026-04-03T01:54:33.143+0600][10.822s][info][gc,phases   ] GC(18) y: Young Generation 194M(39%)->190M(38%) 0.054s
[2026-04-03T01:54:33.143+0600][10.822s][info][gc          ] GC(18) Minor Collection (Allocation Rate) 194M(39%)->190M(38%) 0.055s
[2026-04-03T01:54:33.271+0600][10.950s][info][gc,phases   ] GC(16) O: Concurrent Mark 230.596ms
[2026-04-03T01:54:33.271+0600][10.950s][info][gc,phases   ] GC(16) O: Pause Mark End 0.029ms
[2026-04-03T01:54:33.271+0600][10.950s][info][gc,phases   ] GC(16) O: Concurrent Mark Free 0.002ms
[2026-04-03T01:54:33.282+0600][10.961s][info][gc,phases   ] GC(16) O: Concurrent Process Non-Strong 10.752ms
[2026-04-03T01:54:33.282+0600][10.961s][info][gc,phases   ] GC(16) O: Concurrent Reset Relocation Set 0.005ms
[2026-04-03T01:54:33.285+0600][10.964s][info][gc,phases   ] GC(16) O: Concurrent Select Relocation Set 2.337ms
[2026-04-03T01:54:33.285+0600][10.964s][info][gc,task     ] GC(16) O: Using 3 Workers for Old Generation
[2026-04-03T01:54:33.300+0600][10.979s][info][gc,task     ] GC(16) O: Using 1 Workers for Old Generation
[2026-04-03T01:54:33.300+0600][10.979s][info][gc,phases   ] GC(16) O: Concurrent Remap Roots 15.718ms
[2026-04-03T01:54:33.301+0600][10.980s][info][gc,phases   ] GC(16) O: Pause Relocate Start 0.024ms
[2026-04-03T01:54:33.312+0600][10.991s][info][gc,phases   ] GC(16) O: Concurrent Relocate 11.318ms
[2026-04-03T01:54:33.312+0600][10.991s][info][gc,alloc    ] GC(16) O:                         Mark Start        Mark End      Relocate Start    Relocate End   
[2026-04-03T01:54:33.312+0600][10.991s][info][gc,alloc    ] GC(16) O: Allocation Stalls:          0                0                0                0         
[2026-04-03T01:54:33.312+0600][10.991s][info][gc,load     ] GC(16) O: Load: 8.88 (74%) / 8.06 (67%) / 7.56 (63%)
[2026-04-03T01:54:33.313+0600][10.991s][info][gc,mmu      ] GC(16) O: MMU: 2ms/93.8%, 5ms/97.5%, 10ms/98.8%, 20ms/99.2%, 50ms/99.5%, 100ms/99.6%
[2026-04-03T01:54:33.313+0600][10.991s][info][gc,marking  ] GC(16) O: Mark: 1 stripe(s), 2 proactive flush(es), 1 terminate flush(es), 0 completion(s), 0 continuation(s) 
[2026-04-03T01:54:33.313+0600][10.991s][info][gc,marking  ] GC(16) O: Mark Stack Usage: 32M
[2026-04-03T01:54:33.313+0600][10.991s][info][gc,nmethod  ] GC(16) O: NMethods: 3157 registered, 312 unregistered
[2026-04-03T01:54:33.313+0600][10.991s][info][gc,metaspace] GC(16) O: Metaspace: 47M used, 48M committed, 1088M reserved
[2026-04-03T01:54:33.313+0600][10.991s][info][gc,ref      ] GC(16) O:                       Encountered   Discovered     Enqueued 
[2026-04-03T01:54:33.313+0600][10.991s][info][gc,ref      ] GC(16) O: Soft References:             3982            0            0 
[2026-04-03T01:54:33.313+0600][10.991s][info][gc,ref      ] GC(16) O: Weak References:             2754         2103            0 
[2026-04-03T01:54:33.313+0600][10.991s][info][gc,ref      ] GC(16) O: Final References:              74            0            0 
[2026-04-03T01:54:33.313+0600][10.991s][info][gc,ref      ] GC(16) O: Phantom References:           582          559            0 
[2026-04-03T01:54:33.313+0600][10.991s][info][gc,reloc    ] GC(16) O:                        Candidates     Selected     In-Place         Size        Empty    Relocated 
[2026-04-03T01:54:33.313+0600][10.991s][info][gc,reloc    ] GC(16) O: Small Pages:                   61            6            0         122M           0M           3M 
[2026-04-03T01:54:33.313+0600][10.991s][info][gc,reloc    ] GC(16) O: Medium Pages:                   1            0            0           8M           0M           0M 
[2026-04-03T01:54:33.313+0600][10.991s][info][gc,reloc    ] GC(16) O: Large Pages:                    2            0            0           6M           0M           0M 
[2026-04-03T01:54:33.313+0600][10.991s][info][gc,reloc    ] GC(16) O: Forwarding Usage: 2M
[2026-04-03T01:54:33.313+0600][10.991s][info][gc,heap     ] GC(16) O: Min Capacity: 8M(2%)
[2026-04-03T01:54:33.313+0600][10.991s][info][gc,heap     ] GC(16) O: Max Capacity: 500M(100%)
[2026-04-03T01:54:33.313+0600][10.991s][info][gc,heap     ] GC(16) O: Soft Max Capacity: 500M(100%)
[2026-04-03T01:54:33.313+0600][10.991s][info][gc,heap     ] GC(16) O: Heap Statistics:
[2026-04-03T01:54:33.313+0600][10.991s][info][gc,heap     ] GC(16) O:                Mark Start          Mark End        Relocate Start      Relocate End           High               Low         
[2026-04-03T01:54:33.313+0600][10.991s][info][gc,heap     ] GC(16) O:  Capacity:      500M (100%)        500M (100%)        500M (100%)        500M (100%)        500M (100%)        500M (100%)   
[2026-04-03T01:54:33.313+0600][10.991s][info][gc,heap     ] GC(16) O:      Free:      256M (51%)         308M (62%)         308M (62%)         318M (64%)         318M (64%)         206M (41%)    
[2026-04-03T01:54:33.313+0600][10.992s][info][gc,heap     ] GC(16) O:      Used:      244M (49%)         192M (38%)         192M (38%)         182M (36%)         294M (59%)         182M (36%)    
[2026-04-03T01:54:33.313+0600][10.992s][info][gc,heap     ] GC(16) O: Old Generation Statistics:
[2026-04-03T01:54:33.313+0600][10.992s][info][gc,heap     ] GC(16) O:                Mark Start          Mark End        Relocate Start      Relocate End    
[2026-04-03T01:54:33.313+0600][10.992s][info][gc,heap     ] GC(16) O:      Used:      136M (27%)         180M (36%)         180M (36%)         170M (34%)    
[2026-04-03T01:54:33.313+0600][10.992s][info][gc,heap     ] GC(16) O:      Live:         -               112M (23%)         112M (23%)         112M (23%)    
[2026-04-03T01:54:33.313+0600][10.992s][info][gc,heap     ] GC(16) O:   Garbage:         -                23M (5%)           23M (5%)           10M (2%)     
[2026-04-03T01:54:33.313+0600][10.992s][info][gc,heap     ] GC(16) O: Allocated:         -                44M (9%)           44M (9%)           46M (9%)     
[2026-04-03T01:54:33.313+0600][10.992s][info][gc,heap     ] GC(16) O: Reclaimed:         -                  -                 0M (0%)           12M (3%)     
[2026-04-03T01:54:33.313+0600][10.992s][info][gc,heap     ] GC(16) O: Compacted:         -                  -                  -                 5M (1%)     
[2026-04-03T01:54:33.313+0600][10.992s][info][gc,phases   ] GC(16) O: Old Generation 236M(47%)->182M(36%) 0.272s
[2026-04-03T01:54:33.313+0600][10.992s][info][gc          ] GC(16) Major Collection (Allocation Rate) 244M(49%)->184M(37%) 0.351s
[2026-04-03T01:54:33.424+0600][11.103s][info][gc          ] GC(19) Major Collection (Allocation Rate)
[2026-04-03T01:54:33.424+0600][11.103s][info][gc,task     ] GC(19) Using 3 Workers for Young Generation
[2026-04-03T01:54:33.424+0600][11.103s][info][gc,task     ] GC(19) Using 1 Workers for Old Generation
[2026-04-03T01:54:33.424+0600][11.103s][info][gc,phases   ] GC(19) Y: Young Generation
[2026-04-03T01:54:33.424+0600][11.103s][info][gc,phases   ] GC(19) Y: Pause Mark Start (Major) 0.024ms
[2026-04-03T01:54:33.432+0600][11.111s][info][gc,phases   ] GC(19) Y: Concurrent Mark 7.663ms
[2026-04-03T01:54:33.432+0600][11.111s][info][gc,phases   ] GC(19) Y: Pause Mark End 0.023ms
[2026-04-03T01:54:33.432+0600][11.111s][info][gc,phases   ] GC(19) Y: Concurrent Mark Free 0.002ms
[2026-04-03T01:54:33.432+0600][11.111s][info][gc,phases   ] GC(19) Y: Concurrent Reset Relocation Set 0.016ms
[2026-04-03T01:54:33.434+0600][11.113s][info][gc,reloc    ] GC(19) Y: Using tenuring threshold: 2 (Computed)
[2026-04-03T01:54:33.434+0600][11.113s][info][gc,phases   ] GC(19) Y: Concurrent Select Relocation Set 2.026ms
[2026-04-03T01:54:33.435+0600][11.113s][info][gc,phases   ] GC(19) Y: Pause Relocate Start 0.019ms
[2026-04-03T01:54:33.436+0600][11.114s][info][gc,phases   ] GC(19) Y: Concurrent Relocate 0.854ms
[2026-04-03T01:54:33.436+0600][11.114s][info][gc,alloc    ] GC(19) Y:                         Mark Start        Mark End      Relocate Start    Relocate End   
[2026-04-03T01:54:33.436+0600][11.114s][info][gc,alloc    ] GC(19) Y: Allocation Stalls:          0                0                0                0         
[2026-04-03T01:54:33.436+0600][11.115s][info][gc,load     ] GC(19) Y: Load: 8.88 (74%) / 8.06 (67%) / 7.56 (63%)
[2026-04-03T01:54:33.436+0600][11.115s][info][gc,mmu      ] GC(19) Y: MMU: 2ms/93.8%, 5ms/97.5%, 10ms/98.8%, 20ms/99.2%, 50ms/99.5%, 100ms/99.6%
[2026-04-03T01:54:33.436+0600][11.115s][info][gc,marking  ] GC(19) Y: Mark: 2 stripe(s), 2 proactive flush(es), 1 terminate flush(es), 0 completion(s), 0 continuation(s) 
[2026-04-03T01:54:33.436+0600][11.115s][info][gc,marking  ] GC(19) Y: Mark Stack Usage: 32M
[2026-04-03T01:54:33.436+0600][11.115s][info][gc,nmethod  ] GC(19) Y: NMethods: 3183 registered, 312 unregistered
[2026-04-03T01:54:33.436+0600][11.115s][info][gc,metaspace] GC(19) Y: Metaspace: 49M used, 49M committed, 1088M reserved
[2026-04-03T01:54:33.436+0600][11.115s][info][gc,reloc    ] GC(19) Y:                        Candidates     Selected     In-Place         Size        Empty    Relocated 
[2026-04-03T01:54:33.436+0600][11.115s][info][gc,reloc    ] GC(19) Y: Small Pages:                   24           22            0          48M           2M           0M 
[2026-04-03T01:54:33.436+0600][11.115s][info][gc,reloc    ] GC(19) Y: Medium Pages:                   0            0            0           0M           0M           0M 
[2026-04-03T01:54:33.436+0600][11.115s][info][gc,reloc    ] GC(19) Y: Large Pages:                    0            0            0           0M           0M           0M 
[2026-04-03T01:54:33.436+0600][11.115s][info][gc,reloc    ] GC(19) Y: Forwarding Usage: 0M
[2026-04-03T01:54:33.436+0600][11.115s][info][gc,reloc    ] GC(19) Y: Age Table:
[2026-04-03T01:54:33.436+0600][11.115s][info][gc,reloc    ] GC(19) Y:                    Live             Garbage             Small              Medium             Large        
[2026-04-03T01:54:33.436+0600][11.115s][info][gc,reloc    ] GC(19) Y: Eden               0M (0%)           41M (8%)          21 / 20             0 / 0              0 / 0        
[2026-04-03T01:54:33.436+0600][11.115s][info][gc,reloc    ] GC(19) Y: Survivor 1         0M (0%)            5M (1%)           3 / 2              0 / 0              0 / 0        
[2026-04-03T01:54:33.436+0600][11.115s][info][gc,heap     ] GC(19) Y: Min Capacity: 8M(2%)
[2026-04-03T01:54:33.436+0600][11.115s][info][gc,heap     ] GC(19) Y: Max Capacity: 500M(100%)
[2026-04-03T01:54:33.436+0600][11.115s][info][gc,heap     ] GC(19) Y: Soft Max Capacity: 500M(100%)
[2026-04-03T01:54:33.436+0600][11.115s][info][gc,heap     ] GC(19) Y: Heap Statistics:
[2026-04-03T01:54:33.436+0600][11.115s][info][gc,heap     ] GC(19) Y:                Mark Start          Mark End        Relocate Start      Relocate End           High               Low         
[2026-04-03T01:54:33.436+0600][11.115s][info][gc,heap     ] GC(19) Y:  Capacity:      500M (100%)        500M (100%)        500M (100%)        500M (100%)        500M (100%)        500M (100%)   
[2026-04-03T01:54:33.436+0600][11.115s][info][gc,heap     ] GC(19) Y:      Free:      282M (56%)         278M (56%)         280M (56%)         314M (63%)         314M (63%)         276M (55%)    
[2026-04-03T01:54:33.436+0600][11.115s][info][gc,heap     ] GC(19) Y:      Used:      218M (44%)         222M (44%)         220M (44%)         186M (37%)         224M (45%)         186M (37%)    
[2026-04-03T01:54:33.436+0600][11.115s][info][gc,heap     ] GC(19) Y: Young Generation Statistics:
[2026-04-03T01:54:33.436+0600][11.115s][info][gc,heap     ] GC(19) Y:                Mark Start          Mark End        Relocate Start      Relocate End    
[2026-04-03T01:54:33.436+0600][11.115s][info][gc,heap     ] GC(19) Y:      Used:       48M (10%)          52M (10%)          50M (10%)          16M (3%)     
[2026-04-03T01:54:33.436+0600][11.115s][info][gc,heap     ] GC(19) Y:      Live:         -                 0M (0%)            0M (0%)            0M (0%)     
[2026-04-03T01:54:33.436+0600][11.115s][info][gc,heap     ] GC(19) Y:   Garbage:         -                47M (9%)           45M (9%)            0M (0%)     
[2026-04-03T01:54:33.436+0600][11.115s][info][gc,heap     ] GC(19) Y: Allocated:         -                 4M (1%)            4M (1%)           15M (3%)     
[2026-04-03T01:54:33.436+0600][11.115s][info][gc,heap     ] GC(19) Y: Reclaimed:         -                  -                 2M (0%)           47M (9%)     
[2026-04-03T01:54:33.436+0600][11.115s][info][gc,heap     ] GC(19) Y:  Promoted:         -                  -                 0M (0%)            0M (0%)     
[2026-04-03T01:54:33.436+0600][11.115s][info][gc,heap     ] GC(19) Y: Compacted:         -                  -                  -                 0M (0%)     
[2026-04-03T01:54:33.436+0600][11.115s][info][gc,phases   ] GC(19) Y: Young Generation 218M(44%)->186M(37%) 0.012s
[2026-04-03T01:54:33.436+0600][11.115s][info][gc,phases   ] GC(19) O: Old Generation
[2026-04-03T01:54:33.491+0600][11.170s][info][gc,phases   ] GC(19) O: Concurrent Mark 55.526ms
[2026-04-03T01:54:33.492+0600][11.170s][info][gc,phases   ] GC(19) O: Pause Mark End 0.027ms
[2026-04-03T01:54:33.492+0600][11.171s][info][gc,phases   ] GC(19) O: Concurrent Mark Free 0.002ms
[2026-04-03T01:54:33.505+0600][11.183s][info][gc,phases   ] GC(19) O: Concurrent Process Non-Strong 12.773ms
[2026-04-03T01:54:33.505+0600][11.184s][info][gc,phases   ] GC(19) O: Concurrent Reset Relocation Set 0.007ms
[2026-04-03T01:54:33.508+0600][11.186s][info][gc,phases   ] GC(19) O: Concurrent Select Relocation Set 2.830ms
[2026-04-03T01:54:33.508+0600][11.186s][info][gc,task     ] GC(19) O: Using 3 Workers for Old Generation
[2026-04-03T01:54:33.523+0600][11.202s][info][gc,task     ] GC(19) O: Using 1 Workers for Old Generation
[2026-04-03T01:54:33.523+0600][11.202s][info][gc,phases   ] GC(19) O: Concurrent Remap Roots 15.765ms
[2026-04-03T01:54:33.524+0600][11.202s][info][gc,phases   ] GC(19) O: Pause Relocate Start 0.027ms
[2026-04-03T01:54:33.534+0600][11.212s][info][gc,phases   ] GC(19) O: Concurrent Relocate 9.505ms
[2026-04-03T01:54:33.534+0600][11.213s][info][gc,alloc    ] GC(19) O:                         Mark Start        Mark End      Relocate Start    Relocate End   
[2026-04-03T01:54:33.534+0600][11.213s][info][gc,alloc    ] GC(19) O: Allocation Stalls:          0                0                0                0         
[2026-04-03T01:54:33.534+0600][11.213s][info][gc,load     ] GC(19) O: Load: 8.88 (74%) / 8.06 (67%) / 7.56 (63%)
[2026-04-03T01:54:33.534+0600][11.213s][info][gc,mmu      ] GC(19) O: MMU: 2ms/93.8%, 5ms/97.5%, 10ms/98.8%, 20ms/99.2%, 50ms/99.5%, 100ms/99.6%
[2026-04-03T01:54:33.534+0600][11.213s][info][gc,marking  ] GC(19) O: Mark: 1 stripe(s), 2 proactive flush(es), 1 terminate flush(es), 0 completion(s), 0 continuation(s) 
[2026-04-03T01:54:33.534+0600][11.213s][info][gc,marking  ] GC(19) O: Mark Stack Usage: 32M
[2026-04-03T01:54:33.534+0600][11.213s][info][gc,nmethod  ] GC(19) O: NMethods: 3175 registered, 355 unregistered
[2026-04-03T01:54:33.534+0600][11.213s][info][gc,metaspace] GC(19) O: Metaspace: 49M used, 50M committed, 1088M reserved
[2026-04-03T01:54:33.534+0600][11.213s][info][gc,ref      ] GC(19) O:                       Encountered   Discovered     Enqueued 
[2026-04-03T01:54:33.534+0600][11.213s][info][gc,ref      ] GC(19) O: Soft References:             3985            0            0 
[2026-04-03T01:54:33.534+0600][11.213s][info][gc,ref      ] GC(19) O: Weak References:             2837         2323           19 
[2026-04-03T01:54:33.534+0600][11.213s][info][gc,ref      ] GC(19) O: Final References:              74           40            0 
[2026-04-03T01:54:33.534+0600][11.213s][info][gc,ref      ] GC(19) O: Phantom References:           585          556            0 
[2026-04-03T01:54:33.534+0600][11.213s][info][gc,reloc    ] GC(19) O:                        Candidates     Selected     In-Place         Size        Empty    Relocated 
[2026-04-03T01:54:33.534+0600][11.213s][info][gc,reloc    ] GC(19) O: Small Pages:                   78            7            0         156M         114M           3M 
[2026-04-03T01:54:33.534+0600][11.213s][info][gc,reloc    ] GC(19) O: Medium Pages:                   1            0            0           8M           0M           0M 
[2026-04-03T01:54:33.534+0600][11.213s][info][gc,reloc    ] GC(19) O: Large Pages:                    2            0            0           6M           0M           0M 
[2026-04-03T01:54:33.534+0600][11.213s][info][gc,reloc    ] GC(19) O: Forwarding Usage: 1M
[2026-04-03T01:54:33.534+0600][11.213s][info][gc,heap     ] GC(19) O: Min Capacity: 8M(2%)
[2026-04-03T01:54:33.534+0600][11.213s][info][gc,heap     ] GC(19) O: Max Capacity: 500M(100%)
[2026-04-03T01:54:33.534+0600][11.213s][info][gc,heap     ] GC(19) O: Soft Max Capacity: 500M(100%)
[2026-04-03T01:54:33.534+0600][11.213s][info][gc,heap     ] GC(19) O: Heap Statistics:
[2026-04-03T01:54:33.534+0600][11.213s][info][gc,heap     ] GC(19) O:                Mark Start          Mark End        Relocate Start      Relocate End           High               Low         
[2026-04-03T01:54:33.534+0600][11.213s][info][gc,heap     ] GC(19) O:  Capacity:      500M (100%)        500M (100%)        500M (100%)        500M (100%)        500M (100%)        500M (100%)   
[2026-04-03T01:54:33.534+0600][11.213s][info][gc,heap     ] GC(19) O:      Free:      282M (56%)         304M (61%)         412M (82%)         422M (84%)         422M (84%)         276M (55%)    
[2026-04-03T01:54:33.534+0600][11.213s][info][gc,heap     ] GC(19) O:      Used:      218M (44%)         196M (39%)          88M (18%)          78M (16%)         224M (45%)          78M (16%)    
[2026-04-03T01:54:33.534+0600][11.213s][info][gc,heap     ] GC(19) O: Old Generation Statistics:
[2026-04-03T01:54:33.534+0600][11.213s][info][gc,heap     ] GC(19) O:                Mark Start          Mark End        Relocate Start      Relocate End    
[2026-04-03T01:54:33.534+0600][11.213s][info][gc,heap     ] GC(19) O:      Used:      170M (34%)         170M (34%)          56M (11%)          46M (9%)     
[2026-04-03T01:54:33.534+0600][11.213s][info][gc,heap     ] GC(19) O:      Live:         -                32M (6%)           32M (6%)           32M (6%)     
[2026-04-03T01:54:33.534+0600][11.213s][info][gc,heap     ] GC(19) O:   Garbage:         -               137M (28%)          23M (5%)            8M (2%)     
[2026-04-03T01:54:33.534+0600][11.213s][info][gc,heap     ] GC(19) O: Allocated:         -                 0M (0%)            0M (0%)            5M (1%)     
[2026-04-03T01:54:33.534+0600][11.213s][info][gc,heap     ] GC(19) O: Reclaimed:         -                  -               114M (23%)         129M (26%)    
[2026-04-03T01:54:33.534+0600][11.213s][info][gc,heap     ] GC(19) O: Compacted:         -                  -                  -                 4M (1%)     
[2026-04-03T01:54:33.534+0600][11.213s][info][gc,phases   ] GC(19) O: Old Generation 188M(38%)->78M(16%) 0.098s
[2026-04-03T01:54:33.534+0600][11.213s][info][gc          ] GC(19) Major Collection (Allocation Rate) 218M(44%)->78M(16%) 0.110s
[2026-04-03T01:54:35.148+0600][12.826s][info][gc          ] GC(20) Minor Collection (Allocation Rate)
[2026-04-03T01:54:35.148+0600][12.826s][info][gc,task     ] GC(20) Using 2 Workers for Young Generation
[2026-04-03T01:54:35.148+0600][12.827s][info][gc,phases   ] GC(20) y: Young Generation
[2026-04-03T01:54:35.148+0600][12.827s][info][gc,phases   ] GC(20) y: Pause Mark Start 0.024ms
[2026-04-03T01:54:35.159+0600][12.838s][info][gc,phases   ] GC(20) y: Concurrent Mark 11.206ms
[2026-04-03T01:54:35.160+0600][12.839s][info][gc,phases   ] GC(20) y: Pause Mark End 0.024ms
[2026-04-03T01:54:35.160+0600][12.839s][info][gc,phases   ] GC(20) y: Concurrent Mark Free 0.001ms
[2026-04-03T01:54:35.160+0600][12.839s][info][gc,phases   ] GC(20) y: Concurrent Reset Relocation Set 0.006ms
[2026-04-03T01:54:35.165+0600][12.844s][info][gc,reloc    ] GC(20) y: Using tenuring threshold: 3 (Computed)
[2026-04-03T01:54:35.166+0600][12.845s][info][gc,phases   ] GC(20) y: Concurrent Select Relocation Set 5.459ms
[2026-04-03T01:54:35.166+0600][12.845s][info][gc,phases   ] GC(20) y: Pause Relocate Start 0.018ms
[2026-04-03T01:54:35.168+0600][12.847s][info][gc,phases   ] GC(20) y: Concurrent Relocate 1.893ms
[2026-04-03T01:54:35.168+0600][12.847s][info][gc,alloc    ] GC(20) y:                         Mark Start        Mark End      Relocate Start    Relocate End   
[2026-04-03T01:54:35.168+0600][12.847s][info][gc,alloc    ] GC(20) y: Allocation Stalls:          0                0                0                0         
[2026-04-03T01:54:35.168+0600][12.847s][info][gc,load     ] GC(20) y: Load: 8.32 (69%) / 7.96 (66%) / 7.53 (63%)
[2026-04-03T01:54:35.168+0600][12.847s][info][gc,mmu      ] GC(20) y: MMU: 2ms/93.8%, 5ms/97.5%, 10ms/98.8%, 20ms/99.2%, 50ms/99.5%, 100ms/99.6%
[2026-04-03T01:54:35.168+0600][12.847s][info][gc,marking  ] GC(20) y: Mark: 2 stripe(s), 2 proactive flush(es), 1 terminate flush(es), 0 completion(s), 0 continuation(s) 
[2026-04-03T01:54:35.168+0600][12.847s][info][gc,marking  ] GC(20) y: Mark Stack Usage: 32M
[2026-04-03T01:54:35.168+0600][12.847s][info][gc,nmethod  ] GC(20) y: NMethods: 3471 registered, 355 unregistered
[2026-04-03T01:54:35.168+0600][12.847s][info][gc,metaspace] GC(20) y: Metaspace: 53M used, 54M committed, 1088M reserved
[2026-04-03T01:54:35.168+0600][12.847s][info][gc,reloc    ] GC(20) y:                        Candidates     Selected     In-Place         Size        Empty    Relocated 
[2026-04-03T01:54:35.168+0600][12.847s][info][gc,reloc    ] GC(20) y: Small Pages:                   31           29            0          62M           2M           1M 
[2026-04-03T01:54:35.168+0600][12.847s][info][gc,reloc    ] GC(20) y: Medium Pages:                   1            0            0           8M           0M           0M 
[2026-04-03T01:54:35.168+0600][12.847s][info][gc,reloc    ] GC(20) y: Large Pages:                    8            0            0          20M          20M           0M 
[2026-04-03T01:54:35.168+0600][12.847s][info][gc,reloc    ] GC(20) y: Forwarding Usage: 0M
[2026-04-03T01:54:35.168+0600][12.847s][info][gc,reloc    ] GC(20) y: Age Table:
[2026-04-03T01:54:35.168+0600][12.847s][info][gc,reloc    ] GC(20) y:                    Live             Garbage             Small              Medium             Large        
[2026-04-03T01:54:35.168+0600][12.847s][info][gc,reloc    ] GC(20) y: Eden               1M (0%)           76M (15%)         25 / 24             1 / 0              8 / 0        
[2026-04-03T01:54:35.168+0600][12.847s][info][gc,reloc    ] GC(20) y: Survivor 1         0M (0%)            7M (2%)           4 / 4              0 / 0              0 / 0        
[2026-04-03T01:54:35.168+0600][12.847s][info][gc,reloc    ] GC(20) y: Survivor 2         0M (0%)            3M (1%)           2 / 1              0 / 0              0 / 0        
[2026-04-03T01:54:35.168+0600][12.847s][info][gc,heap     ] GC(20) y: Min Capacity: 8M(2%)
[2026-04-03T01:54:35.168+0600][12.847s][info][gc,heap     ] GC(20) y: Max Capacity: 500M(100%)
[2026-04-03T01:54:35.168+0600][12.847s][info][gc,heap     ] GC(20) y: Soft Max Capacity: 500M(100%)
[2026-04-03T01:54:35.168+0600][12.847s][info][gc,heap     ] GC(20) y: Heap Statistics:
[2026-04-03T01:54:35.168+0600][12.847s][info][gc,heap     ] GC(20) y:                Mark Start          Mark End        Relocate Start      Relocate End           High               Low         
[2026-04-03T01:54:35.168+0600][12.847s][info][gc,heap     ] GC(20) y:  Capacity:      500M (100%)        500M (100%)        500M (100%)        500M (100%)        500M (100%)        500M (100%)   
[2026-04-03T01:54:35.168+0600][12.847s][info][gc,heap     ] GC(20) y:      Free:      364M (73%)         360M (72%)         382M (76%)         430M (86%)         430M (86%)         360M (72%)    
[2026-04-03T01:54:35.168+0600][12.847s][info][gc,heap     ] GC(20) y:      Used:      136M (27%)         140M (28%)         118M (24%)          70M (14%)         140M (28%)          70M (14%)    
[2026-04-03T01:54:35.168+0600][12.847s][info][gc,heap     ] GC(20) y: Young Generation Statistics:
[2026-04-03T01:54:35.168+0600][12.847s][info][gc,heap     ] GC(20) y:                Mark Start          Mark End        Relocate Start      Relocate End    
[2026-04-03T01:54:35.168+0600][12.847s][info][gc,heap     ] GC(20) y:      Used:       90M (18%)          94M (19%)          72M (14%)          24M (5%)     
[2026-04-03T01:54:35.168+0600][12.847s][info][gc,heap     ] GC(20) y:      Live:         -                 1M (0%)            1M (0%)            1M (0%)     
[2026-04-03T01:54:35.168+0600][12.847s][info][gc,heap     ] GC(20) y:   Garbage:         -                88M (18%)          66M (13%)           7M (2%)     
[2026-04-03T01:54:35.168+0600][12.847s][info][gc,heap     ] GC(20) y: Allocated:         -                 4M (1%)            4M (1%)           14M (3%)     
[2026-04-03T01:54:35.168+0600][12.847s][info][gc,heap     ] GC(20) y: Reclaimed:         -                  -                22M (4%)           80M (16%)    
[2026-04-03T01:54:35.168+0600][12.847s][info][gc,heap     ] GC(20) y:  Promoted:         -                  -                 0M (0%)            0M (0%)     
[2026-04-03T01:54:35.168+0600][12.847s][info][gc,heap     ] GC(20) y: Compacted:         -                  -                  -                 1M (0%)     
[2026-04-03T01:54:35.168+0600][12.847s][info][gc,phases   ] GC(20) y: Young Generation 136M(27%)->70M(14%) 0.020s
[2026-04-03T01:54:35.168+0600][12.847s][info][gc          ] GC(20) Minor Collection (Allocation Rate) 136M(27%)->70M(14%) 0.021s
[2026-04-03T01:54:35.241+0600][12.920s][info][gc          ] GC(21) Major Collection (System.gc())
[2026-04-03T01:54:35.241+0600][12.920s][info][gc,task     ] GC(21) Using 3 Workers for Young Generation
[2026-04-03T01:54:35.241+0600][12.920s][info][gc,task     ] GC(21) Using 3 Workers for Old Generation
[2026-04-03T01:54:35.241+0600][12.920s][info][gc,phases   ] GC(21) Y: Young Generation (Promote All)
[2026-04-03T01:54:35.241+0600][12.920s][info][gc,phases   ] GC(21) Y: Pause Mark Start 0.023ms
[2026-04-03T01:54:35.249+0600][12.928s][info][gc,phases   ] GC(21) Y: Concurrent Mark 8.234ms
[2026-04-03T01:54:35.250+0600][12.928s][info][gc,phases   ] GC(21) Y: Pause Mark End 0.018ms
[2026-04-03T01:54:35.250+0600][12.928s][info][gc,phases   ] GC(21) Y: Concurrent Mark Free 0.001ms
[2026-04-03T01:54:35.250+0600][12.929s][info][gc,phases   ] GC(21) Y: Concurrent Reset Relocation Set 0.007ms
[2026-04-03T01:54:35.252+0600][12.931s][info][gc,reloc    ] GC(21) Y: Using tenuring threshold: 0 (Promote All)
[2026-04-03T01:54:35.254+0600][12.933s][info][gc,phases   ] GC(21) Y: Concurrent Select Relocation Set 3.980ms
[2026-04-03T01:54:35.254+0600][12.933s][info][gc,phases   ] GC(21) Y: Pause Relocate Start 0.013ms
[2026-04-03T01:54:35.258+0600][12.936s][info][gc,phases   ] GC(21) Y: Concurrent Relocate 3.719ms
[2026-04-03T01:54:35.258+0600][12.937s][info][gc,alloc    ] GC(21) Y:                         Mark Start        Mark End      Relocate Start    Relocate End   
[2026-04-03T01:54:35.258+0600][12.937s][info][gc,alloc    ] GC(21) Y: Allocation Stalls:          0                0                0                0         
[2026-04-03T01:54:35.258+0600][12.937s][info][gc,load     ] GC(21) Y: Load: 8.32 (69%) / 7.96 (66%) / 7.53 (63%)
[2026-04-03T01:54:35.258+0600][12.937s][info][gc,mmu      ] GC(21) Y: MMU: 2ms/93.8%, 5ms/97.5%, 10ms/98.8%, 20ms/99.2%, 50ms/99.5%, 100ms/99.6%
[2026-04-03T01:54:35.258+0600][12.937s][info][gc,marking  ] GC(21) Y: Mark: 2 stripe(s), 1 proactive flush(es), 1 terminate flush(es), 0 completion(s), 0 continuation(s) 
[2026-04-03T01:54:35.258+0600][12.937s][info][gc,marking  ] GC(21) Y: Mark Stack Usage: 32M
[2026-04-03T01:54:35.258+0600][12.937s][info][gc,nmethod  ] GC(21) Y: NMethods: 3516 registered, 355 unregistered
[2026-04-03T01:54:35.258+0600][12.937s][info][gc,metaspace] GC(21) Y: Metaspace: 53M used, 54M committed, 1088M reserved
[2026-04-03T01:54:35.258+0600][12.937s][info][gc,reloc    ] GC(21) Y:                        Candidates     Selected     In-Place         Size        Empty    Relocated 
[2026-04-03T01:54:35.258+0600][12.937s][info][gc,reloc    ] GC(21) Y: Small Pages:                   11           10            0          22M           0M           1M 
[2026-04-03T01:54:35.258+0600][12.937s][info][gc,reloc    ] GC(21) Y: Medium Pages:                   2            0            0          16M          16M           0M 
[2026-04-03T01:54:35.258+0600][12.937s][info][gc,reloc    ] GC(21) Y: Large Pages:                    0            0            0           0M           0M           0M 
[2026-04-03T01:54:35.258+0600][12.937s][info][gc,reloc    ] GC(21) Y: Forwarding Usage: 0M
[2026-04-03T01:54:35.258+0600][12.937s][info][gc,reloc    ] GC(21) Y: Age Table:
[2026-04-03T01:54:35.258+0600][12.937s][info][gc,reloc    ] GC(21) Y:                    Live             Garbage             Small              Medium             Large        
[2026-04-03T01:54:35.258+0600][12.937s][info][gc,reloc    ] GC(21) Y: Eden               0M (0%)           17M (4%)           5 / 4              1 / 0              0 / 0        
[2026-04-03T01:54:35.258+0600][12.937s][info][gc,reloc    ] GC(21) Y: Survivor 1         1M (0%)           12M (3%)           3 / 3              1 / 0              0 / 0        
[2026-04-03T01:54:35.258+0600][12.937s][info][gc,reloc    ] GC(21) Y: Survivor 2         0M (0%)            3M (1%)           2 / 2              0 / 0              0 / 0        
[2026-04-03T01:54:35.258+0600][12.937s][info][gc,reloc    ] GC(21) Y: Survivor 3         0M (0%)            1M (0%)           1 / 1              0 / 0              0 / 0        
[2026-04-03T01:54:35.258+0600][12.937s][info][gc,heap     ] GC(21) Y: Min Capacity: 8M(2%)
[2026-04-03T01:54:35.258+0600][12.937s][info][gc,heap     ] GC(21) Y: Max Capacity: 500M(100%)
[2026-04-03T01:54:35.258+0600][12.937s][info][gc,heap     ] GC(21) Y: Soft Max Capacity: 500M(100%)
[2026-04-03T01:54:35.258+0600][12.937s][info][gc,heap     ] GC(21) Y: Heap Statistics:
[2026-04-03T01:54:35.258+0600][12.937s][info][gc,heap     ] GC(21) Y:                Mark Start          Mark End        Relocate Start      Relocate End           High               Low         
[2026-04-03T01:54:35.258+0600][12.937s][info][gc,heap     ] GC(21) Y:  Capacity:      500M (100%)        500M (100%)        500M (100%)        500M (100%)        500M (100%)        500M (100%)   
[2026-04-03T01:54:35.258+0600][12.937s][info][gc,heap     ] GC(21) Y:      Free:      416M (83%)         416M (83%)         430M (86%)         446M (89%)         446M (89%)         416M (83%)    
[2026-04-03T01:54:35.258+0600][12.937s][info][gc,heap     ] GC(21) Y:      Used:       84M (17%)          84M (17%)          70M (14%)          54M (11%)          84M (17%)          54M (11%)    
[2026-04-03T01:54:35.258+0600][12.937s][info][gc,heap     ] GC(21) Y: Young Generation Statistics:
[2026-04-03T01:54:35.258+0600][12.937s][info][gc,heap     ] GC(21) Y:                Mark Start          Mark End        Relocate Start      Relocate End    
[2026-04-03T01:54:35.258+0600][12.937s][info][gc,heap     ] GC(21) Y:      Used:       38M (8%)           38M (8%)           24M (5%)            2M (0%)     
[2026-04-03T01:54:35.258+0600][12.937s][info][gc,heap     ] GC(21) Y:      Live:         -                 1M (0%)            1M (0%)            0M (0%)     
[2026-04-03T01:54:35.258+0600][12.937s][info][gc,heap     ] GC(21) Y:   Garbage:         -                36M (7%)           20M (4%)            0M (0%)     
[2026-04-03T01:54:35.258+0600][12.937s][info][gc,heap     ] GC(21) Y: Allocated:         -                 0M (0%)            2M (0%)            2M (0%)     
[2026-04-03T01:54:35.258+0600][12.937s][info][gc,heap     ] GC(21) Y: Reclaimed:         -                  -                16M (3%)           36M (7%)     
[2026-04-03T01:54:35.258+0600][12.937s][info][gc,heap     ] GC(21) Y:  Promoted:         -                  -                 0M (0%)            1M (0%)     
[2026-04-03T01:54:35.258+0600][12.937s][info][gc,heap     ] GC(21) Y: Compacted:         -                  -                  -                 0M (0%)     
[2026-04-03T01:54:35.258+0600][12.937s][info][gc,phases   ] GC(21) Y: Young Generation (Promote All) 84M(17%)->54M(11%) 0.017s
[2026-04-03T01:54:35.258+0600][12.937s][info][gc,phases   ] GC(21) Y: Young Generation (Collect Roots)
[2026-04-03T01:54:35.258+0600][12.937s][info][gc,phases   ] GC(21) Y: Pause Mark Start (Major) 0.021ms
[2026-04-03T01:54:35.263+0600][12.942s][info][gc,phases   ] GC(21) Y: Concurrent Mark 5.338ms
[2026-04-03T01:54:35.264+0600][12.942s][info][gc,phases   ] GC(21) Y: Pause Mark End 0.016ms
[2026-04-03T01:54:35.264+0600][12.942s][info][gc,phases   ] GC(21) Y: Concurrent Mark Free 0.001ms
[2026-04-03T01:54:35.264+0600][12.942s][info][gc,phases   ] GC(21) Y: Concurrent Reset Relocation Set 0.002ms
[2026-04-03T01:54:35.265+0600][12.944s][info][gc,reloc    ] GC(21) Y: Using tenuring threshold: 1 (Computed)
[2026-04-03T01:54:35.266+0600][12.944s][info][gc,phases   ] GC(21) Y: Concurrent Select Relocation Set 1.892ms
[2026-04-03T01:54:35.266+0600][12.944s][info][gc,phases   ] GC(21) Y: Pause Relocate Start 0.016ms
[2026-04-03T01:54:35.266+0600][12.945s][info][gc,phases   ] GC(21) Y: Concurrent Relocate 0.091ms
[2026-04-03T01:54:35.266+0600][12.945s][info][gc,alloc    ] GC(21) Y:                         Mark Start        Mark End      Relocate Start    Relocate End   
[2026-04-03T01:54:35.266+0600][12.945s][info][gc,alloc    ] GC(21) Y: Allocation Stalls:          0                0                0                0         
[2026-04-03T01:54:35.266+0600][12.945s][info][gc,load     ] GC(21) Y: Load: 8.32 (69%) / 7.96 (66%) / 7.53 (63%)
[2026-04-03T01:54:35.266+0600][12.945s][info][gc,mmu      ] GC(21) Y: MMU: 2ms/93.8%, 5ms/97.5%, 10ms/98.8%, 20ms/99.2%, 50ms/99.5%, 100ms/99.6%
[2026-04-03T01:54:35.266+0600][12.945s][info][gc,marking  ] GC(21) Y: Mark: 2 stripe(s), 1 proactive flush(es), 1 terminate flush(es), 0 completion(s), 0 continuation(s) 
[2026-04-03T01:54:35.266+0600][12.945s][info][gc,marking  ] GC(21) Y: Mark Stack Usage: 32M
[2026-04-03T01:54:35.266+0600][12.945s][info][gc,nmethod  ] GC(21) Y: NMethods: 3516 registered, 355 unregistered
[2026-04-03T01:54:35.266+0600][12.945s][info][gc,metaspace] GC(21) Y: Metaspace: 53M used, 54M committed, 1088M reserved
[2026-04-03T01:54:35.266+0600][12.945s][info][gc,reloc    ] GC(21) Y:                        Candidates     Selected     In-Place         Size        Empty    Relocated 
[2026-04-03T01:54:35.266+0600][12.945s][info][gc,reloc    ] GC(21) Y: Small Pages:                    1            0            0           2M           0M           0M 
[2026-04-03T01:54:35.266+0600][12.945s][info][gc,reloc    ] GC(21) Y: Medium Pages:                   0            0            0           0M           0M           0M 
[2026-04-03T01:54:35.266+0600][12.945s][info][gc,reloc    ] GC(21) Y: Large Pages:                    0            0            0           0M           0M           0M 
[2026-04-03T01:54:35.266+0600][12.945s][info][gc,reloc    ] GC(21) Y: Forwarding Usage: 0M
[2026-04-03T01:54:35.266+0600][12.945s][info][gc,reloc    ] GC(21) Y: Age Table:
[2026-04-03T01:54:35.266+0600][12.945s][info][gc,reloc    ] GC(21) Y:                    Live             Garbage             Small              Medium             Large        
[2026-04-03T01:54:35.266+0600][12.945s][info][gc,reloc    ] GC(21) Y: Eden               0M (0%)            1M (0%)           1 / 0              0 / 0              0 / 0        
[2026-04-03T01:54:35.266+0600][12.945s][info][gc,heap     ] GC(21) Y: Min Capacity: 8M(2%)
[2026-04-03T01:54:35.266+0600][12.945s][info][gc,heap     ] GC(21) Y: Max Capacity: 500M(100%)
[2026-04-03T01:54:35.266+0600][12.945s][info][gc,heap     ] GC(21) Y: Soft Max Capacity: 500M(100%)
[2026-04-03T01:54:35.266+0600][12.945s][info][gc,heap     ] GC(21) Y: Heap Statistics:
[2026-04-03T01:54:35.266+0600][12.945s][info][gc,heap     ] GC(21) Y:                Mark Start          Mark End        Relocate Start      Relocate End           High               Low         
[2026-04-03T01:54:35.266+0600][12.945s][info][gc,heap     ] GC(21) Y:  Capacity:      500M (100%)        500M (100%)        500M (100%)        500M (100%)        500M (100%)        500M (100%)   
[2026-04-03T01:54:35.266+0600][12.945s][info][gc,heap     ] GC(21) Y:      Free:      446M (89%)         446M (89%)         446M (89%)         446M (89%)         446M (89%)         446M (89%)    
[2026-04-03T01:54:35.266+0600][12.945s][info][gc,heap     ] GC(21) Y:      Used:       54M (11%)          54M (11%)          54M (11%)          54M (11%)          54M (11%)          54M (11%)    
[2026-04-03T01:54:35.266+0600][12.945s][info][gc,heap     ] GC(21) Y: Young Generation Statistics:
[2026-04-03T01:54:35.266+0600][12.945s][info][gc,heap     ] GC(21) Y:                Mark Start          Mark End        Relocate Start      Relocate End    
[2026-04-03T01:54:35.266+0600][12.945s][info][gc,heap     ] GC(21) Y:      Used:        2M (0%)            2M (0%)            2M (0%)            2M (0%)     
[2026-04-03T01:54:35.266+0600][12.945s][info][gc,heap     ] GC(21) Y:      Live:         -                 0M (0%)            0M (0%)            0M (0%)     
[2026-04-03T01:54:35.266+0600][12.945s][info][gc,heap     ] GC(21) Y:   Garbage:         -                 1M (0%)            1M (0%)            1M (0%)     
[2026-04-03T01:54:35.266+0600][12.945s][info][gc,heap     ] GC(21) Y: Allocated:         -                 0M (0%)            0M (0%)            0M (0%)     
[2026-04-03T01:54:35.266+0600][12.945s][info][gc,heap     ] GC(21) Y: Reclaimed:         -                  -                 0M (0%)            0M (0%)     
[2026-04-03T01:54:35.266+0600][12.945s][info][gc,heap     ] GC(21) Y:  Promoted:         -                  -                 0M (0%)            0M (0%)     
[2026-04-03T01:54:35.266+0600][12.945s][info][gc,heap     ] GC(21) Y: Compacted:         -                  -                  -                 0M (0%)     
[2026-04-03T01:54:35.266+0600][12.945s][info][gc,phases   ] GC(21) Y: Young Generation (Collect Roots) 54M(11%)->54M(11%) 0.008s
[2026-04-03T01:54:35.266+0600][12.945s][info][gc,phases   ] GC(21) O: Old Generation
[2026-04-03T01:54:35.289+0600][12.968s][info][gc,phases   ] GC(21) O: Concurrent Mark 22.742ms
[2026-04-03T01:54:35.289+0600][12.968s][info][gc,phases   ] GC(21) O: Pause Mark End 0.023ms
[2026-04-03T01:54:35.289+0600][12.968s][info][gc,phases   ] GC(21) O: Concurrent Mark Free 0.002ms
[2026-04-03T01:54:35.293+0600][12.972s][info][gc,phases   ] GC(21) O: Concurrent Process Non-Strong 3.974ms
[2026-04-03T01:54:35.293+0600][12.972s][info][gc,phases   ] GC(21) O: Concurrent Reset Relocation Set 0.003ms
[2026-04-03T01:54:35.295+0600][12.974s][info][gc,phases   ] GC(21) O: Concurrent Select Relocation Set 1.494ms
[2026-04-03T01:54:35.295+0600][12.974s][info][gc,task     ] GC(21) O: Using 3 Workers for Old Generation
[2026-04-03T01:54:35.308+0600][12.987s][info][gc,task     ] GC(21) O: Using 3 Workers for Old Generation
[2026-04-03T01:54:35.308+0600][12.987s][info][gc,phases   ] GC(21) O: Concurrent Remap Roots 13.513ms
[2026-04-03T01:54:35.309+0600][12.987s][info][gc,phases   ] GC(21) O: Pause Relocate Start 0.020ms
[2026-04-03T01:54:35.311+0600][12.990s][info][gc,phases   ] GC(21) O: Concurrent Relocate 2.168ms
[2026-04-03T01:54:35.311+0600][12.990s][info][gc,alloc    ] GC(21) O:                         Mark Start        Mark End      Relocate Start    Relocate End   
[2026-04-03T01:54:35.311+0600][12.990s][info][gc,alloc    ] GC(21) O: Allocation Stalls:          0                0                0                0         
[2026-04-03T01:54:35.311+0600][12.990s][info][gc,load     ] GC(21) O: Load: 8.32 (69%) / 7.96 (66%) / 7.53 (63%)
[2026-04-03T01:54:35.311+0600][12.990s][info][gc,mmu      ] GC(21) O: MMU: 2ms/93.8%, 5ms/97.5%, 10ms/98.8%, 20ms/99.2%, 50ms/99.5%, 100ms/99.6%
[2026-04-03T01:54:35.311+0600][12.990s][info][gc,marking  ] GC(21) O: Mark: 2 stripe(s), 1 proactive flush(es), 1 terminate flush(es), 0 completion(s), 0 continuation(s) 
[2026-04-03T01:54:35.311+0600][12.990s][info][gc,marking  ] GC(21) O: Mark Stack Usage: 32M
[2026-04-03T01:54:35.311+0600][12.990s][info][gc,nmethod  ] GC(21) O: NMethods: 3410 registered, 461 unregistered
[2026-04-03T01:54:35.311+0600][12.990s][info][gc,metaspace] GC(21) O: Metaspace: 53M used, 54M committed, 1088M reserved
[2026-04-03T01:54:35.311+0600][12.990s][info][gc,ref      ] GC(21) O:                       Encountered   Discovered     Enqueued 
[2026-04-03T01:54:35.311+0600][12.990s][info][gc,ref      ] GC(21) O: Soft References:             4140            0            0 
[2026-04-03T01:54:35.311+0600][12.990s][info][gc,ref      ] GC(21) O: Weak References:             3678         1789          331 
[2026-04-03T01:54:35.311+0600][12.990s][info][gc,ref      ] GC(21) O: Final References:              74            0            0 
[2026-04-03T01:54:35.311+0600][12.990s][info][gc,ref      ] GC(21) O: Phantom References:           588          426            1 
[2026-04-03T01:54:35.311+0600][12.990s][info][gc,reloc    ] GC(21) O:                        Candidates     Selected     In-Place         Size        Empty    Relocated 
[2026-04-03T01:54:35.311+0600][12.990s][info][gc,reloc    ] GC(21) O: Small Pages:                   19            5            0          38M           0M           2M 
[2026-04-03T01:54:35.311+0600][12.990s][info][gc,reloc    ] GC(21) O: Medium Pages:                   1            0            0           8M           0M           0M 
[2026-04-03T01:54:35.311+0600][12.990s][info][gc,reloc    ] GC(21) O: Large Pages:                    2            0            0           6M           0M           0M 
[2026-04-03T01:54:35.311+0600][12.990s][info][gc,reloc    ] GC(21) O: Forwarding Usage: 0M
[2026-04-03T01:54:35.311+0600][12.990s][info][gc,heap     ] GC(21) O: Min Capacity: 8M(2%)
[2026-04-03T01:54:35.311+0600][12.990s][info][gc,heap     ] GC(21) O: Max Capacity: 500M(100%)
[2026-04-03T01:54:35.311+0600][12.990s][info][gc,heap     ] GC(21) O: Soft Max Capacity: 500M(100%)
[2026-04-03T01:54:35.311+0600][12.990s][info][gc,heap     ] GC(21) O: Heap Statistics:
[2026-04-03T01:54:35.311+0600][12.990s][info][gc,heap     ] GC(21) O:                Mark Start          Mark End        Relocate Start      Relocate End           High               Low         
[2026-04-03T01:54:35.311+0600][12.990s][info][gc,heap     ] GC(21) O:  Capacity:      500M (100%)        500M (100%)        500M (100%)        500M (100%)        500M (100%)        500M (100%)   
[2026-04-03T01:54:35.311+0600][12.990s][info][gc,heap     ] GC(21) O:      Free:      446M (89%)         446M (89%)         444M (89%)         452M (90%)         452M (90%)         438M (88%)    
[2026-04-03T01:54:35.311+0600][12.990s][info][gc,heap     ] GC(21) O:      Used:       54M (11%)          54M (11%)          56M (11%)          48M (10%)          62M (12%)          48M (10%)    
[2026-04-03T01:54:35.311+0600][12.990s][info][gc,heap     ] GC(21) O: Old Generation Statistics:
[2026-04-03T01:54:35.311+0600][12.990s][info][gc,heap     ] GC(21) O:                Mark Start          Mark End        Relocate Start      Relocate End    
[2026-04-03T01:54:35.311+0600][12.990s][info][gc,heap     ] GC(21) O:      Used:       52M (10%)          52M (10%)          52M (10%)          44M (9%)     
[2026-04-03T01:54:35.311+0600][12.990s][info][gc,heap     ] GC(21) O:      Live:         -                33M (7%)           33M (7%)           33M (7%)     
[2026-04-03T01:54:35.311+0600][12.990s][info][gc,heap     ] GC(21) O:   Garbage:         -                18M (4%)           18M (4%)            8M (2%)     
[2026-04-03T01:54:35.311+0600][12.990s][info][gc,heap     ] GC(21) O: Allocated:         -                 0M (0%)            0M (0%)            2M (1%)     
[2026-04-03T01:54:35.311+0600][12.990s][info][gc,heap     ] GC(21) O: Reclaimed:         -                  -                 0M (0%)           10M (2%)     
[2026-04-03T01:54:35.311+0600][12.990s][info][gc,heap     ] GC(21) O: Compacted:         -                  -                  -                 3M (1%)     
[2026-04-03T01:54:35.311+0600][12.990s][info][gc,phases   ] GC(21) O: Old Generation 54M(11%)->48M(10%) 0.045s
[2026-04-03T01:54:35.311+0600][12.990s][info][gc          ] GC(21) Major Collection (System.gc()) 84M(17%)->48M(10%) 0.070s
[2026-04-03T01:54:37.517+0600][15.195s][info][gc          ] GC(22) Minor Collection (Allocation Rate)
[2026-04-03T01:54:37.517+0600][15.195s][info][gc,task     ] GC(22) Using 1 Workers for Young Generation
[2026-04-03T01:54:37.517+0600][15.195s][info][gc,phases   ] GC(22) y: Young Generation
[2026-04-03T01:54:37.517+0600][15.196s][info][gc,phases   ] GC(22) y: Pause Mark Start 0.020ms
[2026-04-03T01:54:37.582+0600][15.261s][info][gc,phases   ] GC(22) y: Concurrent Mark 64.973ms
[2026-04-03T01:54:37.583+0600][15.261s][info][gc,phases   ] GC(22) y: Pause Mark End 0.025ms
[2026-04-03T01:54:37.583+0600][15.261s][info][gc,phases   ] GC(22) y: Concurrent Mark Free 0.002ms
[2026-04-03T01:54:37.583+0600][15.262s][info][gc,phases   ] GC(22) y: Concurrent Reset Relocation Set 0.001ms
[2026-04-03T01:54:37.587+0600][15.266s][info][gc,reloc    ] GC(22) y: Using tenuring threshold: 1 (Computed)
[2026-04-03T01:54:37.597+0600][15.276s][info][gc,phases   ] GC(22) y: Concurrent Select Relocation Set 14.461ms
[2026-04-03T01:54:37.597+0600][15.276s][info][gc,phases   ] GC(22) y: Pause Relocate Start 0.019ms
[2026-04-03T01:54:37.638+0600][15.317s][info][gc,phases   ] GC(22) y: Concurrent Relocate 40.487ms
[2026-04-03T01:54:37.638+0600][15.317s][info][gc,alloc    ] GC(22) y:                         Mark Start        Mark End      Relocate Start    Relocate End   
[2026-04-03T01:54:37.638+0600][15.317s][info][gc,alloc    ] GC(22) y: Allocation Stalls:          0                0                0                0         
[2026-04-03T01:54:37.638+0600][15.317s][info][gc,load     ] GC(22) y: Load: 8.32 (69%) / 7.96 (66%) / 7.53 (63%)
[2026-04-03T01:54:37.638+0600][15.317s][info][gc,mmu      ] GC(22) y: MMU: 2ms/93.8%, 5ms/97.5%, 10ms/98.8%, 20ms/99.2%, 50ms/99.5%, 100ms/99.6%
[2026-04-03T01:54:37.638+0600][15.317s][info][gc,marking  ] GC(22) y: Mark: 1 stripe(s), 2 proactive flush(es), 1 terminate flush(es), 0 completion(s), 0 continuation(s) 
[2026-04-03T01:54:37.638+0600][15.317s][info][gc,marking  ] GC(22) y: Mark Stack Usage: 32M
[2026-04-03T01:54:37.638+0600][15.317s][info][gc,nmethod  ] GC(22) y: NMethods: 4404 registered, 461 unregistered
[2026-04-03T01:54:37.638+0600][15.317s][info][gc,metaspace] GC(22) y: Metaspace: 60M used, 60M committed, 1088M reserved
[2026-04-03T01:54:37.638+0600][15.317s][info][gc,reloc    ] GC(22) y:                        Candidates     Selected     In-Place         Size        Empty    Relocated 
[2026-04-03T01:54:37.638+0600][15.317s][info][gc,reloc    ] GC(22) y: Small Pages:                  151          138            0         302M           2M          17M 
[2026-04-03T01:54:37.638+0600][15.317s][info][gc,reloc    ] GC(22) y: Medium Pages:                   1            0            0           8M           8M           0M 
[2026-04-03T01:54:37.638+0600][15.317s][info][gc,reloc    ] GC(22) y: Large Pages:                   10            0            0          26M          22M           0M 
[2026-04-03T01:54:37.638+0600][15.317s][info][gc,reloc    ] GC(22) y: Forwarding Usage: 12M
[2026-04-03T01:54:37.638+0600][15.317s][info][gc,reloc    ] GC(22) y: Age Table:
[2026-04-03T01:54:37.638+0600][15.317s][info][gc,reloc    ] GC(22) y:                    Live             Garbage             Small              Medium             Large        
[2026-04-03T01:54:37.638+0600][15.317s][info][gc,reloc    ] GC(22) y: Eden              23M (5%)          310M (62%)        150 / 138            1 / 0             10 / 0        
[2026-04-03T01:54:37.638+0600][15.317s][info][gc,reloc    ] GC(22) y: Survivor 1          -                 2M (0%)           1 / 0              0 / 0              0 / 0        
[2026-04-03T01:54:37.638+0600][15.317s][info][gc,heap     ] GC(22) y: Min Capacity: 8M(2%)
[2026-04-03T01:54:37.638+0600][15.317s][info][gc,heap     ] GC(22) y: Max Capacity: 500M(100%)
[2026-04-03T01:54:37.638+0600][15.317s][info][gc,heap     ] GC(22) y: Soft Max Capacity: 500M(100%)
[2026-04-03T01:54:37.638+0600][15.317s][info][gc,heap     ] GC(22) y: Heap Statistics:
[2026-04-03T01:54:37.638+0600][15.317s][info][gc,heap     ] GC(22) y:                Mark Start          Mark End        Relocate Start      Relocate End           High               Low         
[2026-04-03T01:54:37.638+0600][15.317s][info][gc,heap     ] GC(22) y:  Capacity:      500M (100%)        500M (100%)        500M (100%)        500M (100%)        500M (100%)        500M (100%)   
[2026-04-03T01:54:37.638+0600][15.317s][info][gc,heap     ] GC(22) y:      Free:      120M (24%)          28M (6%)           40M (8%)          276M (55%)         276M (55%)          22M (4%)     
[2026-04-03T01:54:37.638+0600][15.317s][info][gc,heap     ] GC(22) y:      Used:      380M (76%)         472M (94%)         460M (92%)         224M (45%)         478M (96%)         224M (45%)    
[2026-04-03T01:54:37.638+0600][15.317s][info][gc,heap     ] GC(22) y: Young Generation Statistics:
[2026-04-03T01:54:37.638+0600][15.317s][info][gc,heap     ] GC(22) y:                Mark Start          Mark End        Relocate Start      Relocate End    
[2026-04-03T01:54:37.638+0600][15.317s][info][gc,heap     ] GC(22) y:      Used:      336M (67%)         428M (86%)         416M (83%)         180M (36%)    
[2026-04-03T01:54:37.638+0600][15.317s][info][gc,heap     ] GC(22) y:      Live:         -                23M (5%)           23M (5%)           23M (5%)     
[2026-04-03T01:54:37.638+0600][15.317s][info][gc,heap     ] GC(22) y:   Garbage:         -               312M (63%)         280M (56%)           1M (0%)     
[2026-04-03T01:54:37.638+0600][15.317s][info][gc,heap     ] GC(22) y: Allocated:         -                92M (18%)         112M (22%)         154M (31%)    
[2026-04-03T01:54:37.638+0600][15.317s][info][gc,heap     ] GC(22) y: Reclaimed:         -                  -                32M (6%)          310M (62%)    
[2026-04-03T01:54:37.638+0600][15.317s][info][gc,heap     ] GC(22) y:  Promoted:         -                  -                 0M (0%)            0M (0%)     
[2026-04-03T01:54:37.638+0600][15.317s][info][gc,heap     ] GC(22) y: Compacted:         -                  -                  -                19M (4%)     
[2026-04-03T01:54:37.638+0600][15.317s][info][gc,phases   ] GC(22) y: Young Generation 380M(76%)->224M(45%) 0.121s
[2026-04-03T01:54:37.638+0600][15.317s][info][gc          ] GC(22) Minor Collection (Allocation Rate) 380M(76%)->226M(45%) 0.122s
[2026-04-03T01:54:37.654+0600][15.333s][info][gc          ] GC(23) Minor Collection (Allocation Rate)
[2026-04-03T01:54:37.654+0600][15.333s][info][gc,task     ] GC(23) Using 3 Workers for Young Generation
[2026-04-03T01:54:37.654+0600][15.333s][info][gc,phases   ] GC(23) y: Young Generation
[2026-04-03T01:54:37.654+0600][15.333s][info][gc,phases   ] GC(23) y: Pause Mark Start 0.023ms
[2026-04-03T01:54:37.728+0600][15.407s][info][gc,phases   ] GC(23) y: Concurrent Mark 73.397ms
[2026-04-03T01:54:37.728+0600][15.407s][info][gc,phases   ] GC(23) y: Pause Mark End 0.021ms
[2026-04-03T01:54:37.728+0600][15.407s][info][gc,phases   ] GC(23) y: Concurrent Mark Free 0.001ms
[2026-04-03T01:54:37.728+0600][15.407s][info][gc,phases   ] GC(23) y: Concurrent Reset Relocation Set 0.023ms
[2026-04-03T01:54:37.731+0600][15.410s][info][gc,reloc    ] GC(23) y: Using tenuring threshold: 1 (Computed)
[2026-04-03T01:54:37.737+0600][15.416s][info][gc,phases   ] GC(23) y: Concurrent Select Relocation Set 8.837ms
[2026-04-03T01:54:37.738+0600][15.416s][info][gc,phases   ] GC(23) y: Pause Relocate Start 0.023ms
[2026-04-03T01:54:37.760+0600][15.438s][info][gc,phases   ] GC(23) y: Concurrent Relocate 21.926ms
[2026-04-03T01:54:37.760+0600][15.439s][info][gc,alloc    ] GC(23) y:                         Mark Start        Mark End      Relocate Start    Relocate End   
[2026-04-03T01:54:37.760+0600][15.439s][info][gc,alloc    ] GC(23) y: Allocation Stalls:          0                0                0                0         
[2026-04-03T01:54:37.760+0600][15.439s][info][gc,load     ] GC(23) y: Load: 8.32 (69%) / 7.96 (66%) / 7.53 (63%)
[2026-04-03T01:54:37.760+0600][15.439s][info][gc,mmu      ] GC(23) y: MMU: 2ms/93.8%, 5ms/97.5%, 10ms/98.8%, 20ms/99.2%, 50ms/99.5%, 100ms/99.6%
[2026-04-03T01:54:37.760+0600][15.439s][info][gc,marking  ] GC(23) y: Mark: 2 stripe(s), 10 proactive flush(es), 1 terminate flush(es), 0 completion(s), 0 continuation(s) 
[2026-04-03T01:54:37.760+0600][15.439s][info][gc,marking  ] GC(23) y: Mark Stack Usage: 32M
[2026-04-03T01:54:37.760+0600][15.439s][info][gc,nmethod  ] GC(23) y: NMethods: 4425 registered, 461 unregistered
[2026-04-03T01:54:37.760+0600][15.439s][info][gc,metaspace] GC(23) y: Metaspace: 60M used, 60M committed, 1088M reserved
[2026-04-03T01:54:37.760+0600][15.439s][info][gc,reloc    ] GC(23) y:                        Candidates     Selected     In-Place         Size        Empty    Relocated 
[2026-04-03T01:54:37.760+0600][15.439s][info][gc,reloc    ] GC(23) y: Small Pages:                  100           81            0         200M           0M          13M 
[2026-04-03T01:54:37.760+0600][15.439s][info][gc,reloc    ] GC(23) y: Medium Pages:                   0            0            0           0M           0M           0M 
[2026-04-03T01:54:37.760+0600][15.439s][info][gc,reloc    ] GC(23) y: Large Pages:                    2            0            0          10M           4M           0M 
[2026-04-03T01:54:37.760+0600][15.439s][info][gc,reloc    ] GC(23) y: Forwarding Usage: 10M
[2026-04-03T01:54:37.760+0600][15.439s][info][gc,reloc    ] GC(23) y: Age Table:
[2026-04-03T01:54:37.760+0600][15.439s][info][gc,reloc    ] GC(23) y:                    Live             Garbage             Small              Medium             Large        
[2026-04-03T01:54:37.760+0600][15.439s][info][gc,reloc    ] GC(23) y: Eden              20M (4%)          161M (32%)         88 / 79             0 / 0              1 / 0        
[2026-04-03T01:54:37.760+0600][15.439s][info][gc,reloc    ] GC(23) y: Survivor 1        19M (4%)            8M (2%)          12 / 2              0 / 0              1 / 0        
[2026-04-03T01:54:37.760+0600][15.439s][info][gc,heap     ] GC(23) y: Min Capacity: 8M(2%)
[2026-04-03T01:54:37.760+0600][15.439s][info][gc,heap     ] GC(23) y: Max Capacity: 500M(100%)
[2026-04-03T01:54:37.760+0600][15.439s][info][gc,heap     ] GC(23) y: Soft Max Capacity: 500M(100%)
[2026-04-03T01:54:37.760+0600][15.439s][info][gc,heap     ] GC(23) y: Heap Statistics:
[2026-04-03T01:54:37.760+0600][15.439s][info][gc,heap     ] GC(23) y:                Mark Start          Mark End        Relocate Start      Relocate End           High               Low         
[2026-04-03T01:54:37.760+0600][15.439s][info][gc,heap     ] GC(23) y:  Capacity:      500M (100%)        500M (100%)        500M (100%)        500M (100%)        500M (100%)        500M (100%)   
[2026-04-03T01:54:37.760+0600][15.439s][info][gc,heap     ] GC(23) y:      Free:      246M (49%)         126M (25%)         118M (24%)         242M (48%)         254M (51%)         112M (22%)    
[2026-04-03T01:54:37.760+0600][15.439s][info][gc,heap     ] GC(23) y:      Used:      254M (51%)         374M (75%)         382M (76%)         258M (52%)         388M (78%)         246M (49%)    
[2026-04-03T01:54:37.760+0600][15.439s][info][gc,heap     ] GC(23) y: Young Generation Statistics:
[2026-04-03T01:54:37.760+0600][15.439s][info][gc,heap     ] GC(23) y:                Mark Start          Mark End        Relocate Start      Relocate End    
[2026-04-03T01:54:37.760+0600][15.439s][info][gc,heap     ] GC(23) y:      Used:      210M (42%)         330M (66%)         318M (64%)         190M (38%)    
[2026-04-03T01:54:37.760+0600][15.439s][info][gc,heap     ] GC(23) y:      Live:         -                40M (8%)           20M (4%)           20M (4%)     
[2026-04-03T01:54:37.760+0600][15.439s][info][gc,heap     ] GC(23) y:   Garbage:         -               169M (34%)         165M (33%)           0M (0%)     
[2026-04-03T01:54:37.760+0600][15.439s][info][gc,heap     ] GC(23) y: Allocated:         -               120M (24%)         132M (26%)         169M (34%)    
[2026-04-03T01:54:37.760+0600][15.439s][info][gc,heap     ] GC(23) y: Reclaimed:         -                  -                 4M (1%)          169M (34%)    
[2026-04-03T01:54:37.760+0600][15.439s][info][gc,heap     ] GC(23) y:  Promoted:         -                  -                19M (4%)           19M (4%)     
[2026-04-03T01:54:37.760+0600][15.439s][info][gc,heap     ] GC(23) y: Compacted:         -                  -                  -                14M (3%)     
[2026-04-03T01:54:37.760+0600][15.439s][info][gc,phases   ] GC(23) y: Young Generation 254M(51%)->258M(52%) 0.106s
[2026-04-03T01:54:37.760+0600][15.439s][info][gc          ] GC(23) Minor Collection (Allocation Rate) 254M(51%)->258M(52%) 0.106s
[2026-04-03T01:54:37.760+0600][15.439s][info][gc          ] GC(24) Minor Collection (Allocation Rate)
[2026-04-03T01:54:37.760+0600][15.439s][info][gc,task     ] GC(24) Using 3 Workers for Young Generation
[2026-04-03T01:54:37.760+0600][15.439s][info][gc,phases   ] GC(24) y: Young Generation
[2026-04-03T01:54:37.761+0600][15.439s][info][gc,phases   ] GC(24) y: Pause Mark Start 0.051ms
[2026-04-03T01:54:37.810+0600][15.488s][info][gc,phases   ] GC(24) y: Concurrent Mark 48.825ms
[2026-04-03T01:54:37.810+0600][15.489s][info][gc,phases   ] GC(24) y: Pause Mark End 0.024ms
[2026-04-03T01:54:37.810+0600][15.489s][info][gc,phases   ] GC(24) y: Concurrent Mark Free 0.001ms
[2026-04-03T01:54:37.810+0600][15.489s][info][gc,phases   ] GC(24) y: Concurrent Reset Relocation Set 0.039ms
[2026-04-03T01:54:37.815+0600][15.493s][info][gc,reloc    ] GC(24) y: Using tenuring threshold: 1 (Computed)
[2026-04-03T01:54:37.821+0600][15.500s][info][gc,phases   ] GC(24) y: Concurrent Select Relocation Set 10.690ms
[2026-04-03T01:54:37.821+0600][15.500s][info][gc,phases   ] GC(24) y: Pause Relocate Start 0.018ms
[2026-04-03T01:54:37.870+0600][15.548s][info][gc,phases   ] GC(24) y: Concurrent Relocate 48.455ms
[2026-04-03T01:54:37.870+0600][15.549s][info][gc,alloc    ] GC(24) y:                         Mark Start        Mark End      Relocate Start    Relocate End   
[2026-04-03T01:54:37.870+0600][15.549s][info][gc,alloc    ] GC(24) y: Allocation Stalls:          0                0                0                0         
[2026-04-03T01:54:37.870+0600][15.549s][info][gc,load     ] GC(24) y: Load: 8.32 (69%) / 7.96 (66%) / 7.53 (63%)
[2026-04-03T01:54:37.870+0600][15.549s][info][gc,mmu      ] GC(24) y: MMU: 2ms/93.8%, 5ms/97.5%, 10ms/98.8%, 20ms/99.2%, 50ms/99.5%, 100ms/99.6%
[2026-04-03T01:54:37.870+0600][15.549s][info][gc,marking  ] GC(24) y: Mark: 2 stripe(s), 10 proactive flush(es), 1 terminate flush(es), 0 completion(s), 0 continuation(s) 
[2026-04-03T01:54:37.870+0600][15.549s][info][gc,marking  ] GC(24) y: Mark Stack Usage: 32M
[2026-04-03T01:54:37.870+0600][15.549s][info][gc,nmethod  ] GC(24) y: NMethods: 4434 registered, 461 unregistered
[2026-04-03T01:54:37.870+0600][15.549s][info][gc,metaspace] GC(24) y: Metaspace: 60M used, 60M committed, 1088M reserved
[2026-04-03T01:54:37.870+0600][15.549s][info][gc,reloc    ] GC(24) y:                        Candidates     Selected     In-Place         Size        Empty    Relocated 
[2026-04-03T01:54:37.870+0600][15.549s][info][gc,reloc    ] GC(24) y: Small Pages:                   92           76            0         184M           0M          13M 
[2026-04-03T01:54:37.870+0600][15.549s][info][gc,reloc    ] GC(24) y: Medium Pages:                   0            0            0           0M           0M           0M 
[2026-04-03T01:54:37.870+0600][15.549s][info][gc,reloc    ] GC(24) y: Large Pages:                    1            0            0           6M           0M           0M 
[2026-04-03T01:54:37.870+0600][15.549s][info][gc,reloc    ] GC(24) y: Forwarding Usage: 10M
[2026-04-03T01:54:37.870+0600][15.549s][info][gc,reloc    ] GC(24) y: Age Table:
[2026-04-03T01:54:37.870+0600][15.549s][info][gc,reloc    ] GC(24) y:                    Live             Garbage             Small              Medium             Large        
[2026-04-03T01:54:37.870+0600][15.549s][info][gc,reloc    ] GC(24) y: Eden              14M (3%)          149M (30%)         82 / 74             0 / 0              0 / 0        
[2026-04-03T01:54:37.870+0600][15.549s][info][gc,reloc    ] GC(24) y: Survivor 1        20M (4%)            5M (1%)          10 / 2              0 / 0              1 / 0        
[2026-04-03T01:54:37.870+0600][15.549s][info][gc,heap     ] GC(24) y: Min Capacity: 8M(2%)
[2026-04-03T01:54:37.870+0600][15.549s][info][gc,heap     ] GC(24) y: Max Capacity: 500M(100%)
[2026-04-03T01:54:37.870+0600][15.549s][info][gc,heap     ] GC(24) y: Soft Max Capacity: 500M(100%)
[2026-04-03T01:54:37.870+0600][15.549s][info][gc,heap     ] GC(24) y: Heap Statistics:
[2026-04-03T01:54:37.870+0600][15.549s][info][gc,heap     ] GC(24) y:                Mark Start          Mark End        Relocate Start      Relocate End           High               Low         
[2026-04-03T01:54:37.870+0600][15.549s][info][gc,heap     ] GC(24) y:  Capacity:      500M (100%)        500M (100%)        500M (100%)        500M (100%)        500M (100%)        500M (100%)   
[2026-04-03T01:54:37.870+0600][15.549s][info][gc,heap     ] GC(24) y:      Free:      242M (48%)         166M (33%)         148M (30%)         246M (49%)         278M (56%)         142M (28%)    
[2026-04-03T01:54:37.870+0600][15.549s][info][gc,heap     ] GC(24) y:      Used:      258M (52%)         334M (67%)         352M (70%)         254M (51%)         358M (72%)         222M (44%)    
[2026-04-03T01:54:37.870+0600][15.549s][info][gc,heap     ] GC(24) y: Young Generation Statistics:
[2026-04-03T01:54:37.870+0600][15.549s][info][gc,heap     ] GC(24) y:                Mark Start          Mark End        Relocate Start      Relocate End    
[2026-04-03T01:54:37.870+0600][15.549s][info][gc,heap     ] GC(24) y:      Used:      190M (38%)         266M (53%)         264M (53%)         162M (32%)    
[2026-04-03T01:54:37.870+0600][15.549s][info][gc,heap     ] GC(24) y:      Live:         -                34M (7%)           15M (3%)           14M (3%)     
[2026-04-03T01:54:37.870+0600][15.549s][info][gc,heap     ] GC(24) y:   Garbage:         -               155M (31%)         154M (31%)           0M (0%)     
[2026-04-03T01:54:37.870+0600][15.549s][info][gc,heap     ] GC(24) y: Allocated:         -                76M (15%)          94M (19%)         147M (30%)    
[2026-04-03T01:54:37.870+0600][15.549s][info][gc,heap     ] GC(24) y: Reclaimed:         -                  -                 0M (0%)          155M (31%)    
[2026-04-03T01:54:37.870+0600][15.549s][info][gc,heap     ] GC(24) y:  Promoted:         -                  -                19M (4%)           20M (4%)     
[2026-04-03T01:54:37.870+0600][15.549s][info][gc,heap     ] GC(24) y: Compacted:         -                  -                  -                14M (3%)     
[2026-04-03T01:54:37.870+0600][15.549s][info][gc,phases   ] GC(24) y: Young Generation 258M(52%)->254M(51%) 0.109s
[2026-04-03T01:54:37.870+0600][15.549s][info][gc          ] GC(24) Minor Collection (Allocation Rate) 258M(52%)->256M(51%) 0.110s
[2026-04-03T01:54:37.870+0600][15.549s][info][gc          ] GC(25) Major Collection (Allocation Rate)
[2026-04-03T01:54:37.870+0600][15.549s][info][gc,task     ] GC(25) Using 3 Workers for Young Generation
[2026-04-03T01:54:37.870+0600][15.549s][info][gc,task     ] GC(25) Using 1 Workers for Old Generation
[2026-04-03T01:54:37.870+0600][15.549s][info][gc,phases   ] GC(25) Y: Young Generation
[2026-04-03T01:54:37.871+0600][15.550s][info][gc,phases   ] GC(25) Y: Pause Mark Start (Major) 0.025ms
[2026-04-03T01:54:37.928+0600][15.607s][info][gc,phases   ] GC(25) Y: Concurrent Mark 57.197ms
[2026-04-03T01:54:37.928+0600][15.607s][info][gc,phases   ] GC(25) Y: Pause Mark End 0.020ms
[2026-04-03T01:54:37.928+0600][15.607s][info][gc,phases   ] GC(25) Y: Concurrent Mark Free 0.001ms
[2026-04-03T01:54:37.928+0600][15.607s][info][gc,phases   ] GC(25) Y: Concurrent Reset Relocation Set 0.030ms
[2026-04-03T01:54:37.930+0600][15.609s][info][gc,reloc    ] GC(25) Y: Using tenuring threshold: 2 (Computed)
[2026-04-03T01:54:37.931+0600][15.610s][info][gc,phases   ] GC(25) Y: Concurrent Select Relocation Set 2.588ms
[2026-04-03T01:54:37.931+0600][15.610s][info][gc,phases   ] GC(25) Y: Pause Relocate Start 0.025ms
[2026-04-03T01:54:37.943+0600][15.622s][info][gc,phases   ] GC(25) Y: Concurrent Relocate 11.570ms
[2026-04-03T01:54:37.943+0600][15.622s][info][gc,alloc    ] GC(25) Y:                         Mark Start        Mark End      Relocate Start    Relocate End   
[2026-04-03T01:54:37.943+0600][15.622s][info][gc,alloc    ] GC(25) Y: Allocation Stalls:          0                0                0                0         
[2026-04-03T01:54:37.943+0600][15.622s][info][gc,load     ] GC(25) Y: Load: 8.32 (69%) / 7.96 (66%) / 7.53 (63%)
[2026-04-03T01:54:37.943+0600][15.622s][info][gc,mmu      ] GC(25) Y: MMU: 2ms/93.8%, 5ms/97.5%, 10ms/98.8%, 20ms/99.2%, 50ms/99.5%, 100ms/99.6%
[2026-04-03T01:54:37.943+0600][15.622s][info][gc,marking  ] GC(25) Y: Mark: 2 stripe(s), 10 proactive flush(es), 1 terminate flush(es), 0 completion(s), 0 continuation(s) 
[2026-04-03T01:54:37.943+0600][15.622s][info][gc,marking  ] GC(25) Y: Mark Stack Usage: 32M
[2026-04-03T01:54:37.943+0600][15.622s][info][gc,nmethod  ] GC(25) Y: NMethods: 4438 registered, 461 unregistered
[2026-04-03T01:54:37.943+0600][15.622s][info][gc,metaspace] GC(25) Y: Metaspace: 60M used, 60M committed, 1088M reserved
[2026-04-03T01:54:37.943+0600][15.622s][info][gc,reloc    ] GC(25) Y:                        Candidates     Selected     In-Place         Size        Empty    Relocated 
[2026-04-03T01:54:37.943+0600][15.622s][info][gc,reloc    ] GC(25) Y: Small Pages:                   77           63            0         154M           0M          12M 
[2026-04-03T01:54:37.943+0600][15.622s][info][gc,reloc    ] GC(25) Y: Medium Pages:                   0            0            0           0M           0M           0M 
[2026-04-03T01:54:37.943+0600][15.622s][info][gc,reloc    ] GC(25) Y: Large Pages:                    1            0            0          10M           0M           0M 
[2026-04-03T01:54:37.943+0600][15.622s][info][gc,reloc    ] GC(25) Y: Forwarding Usage: 9M
[2026-04-03T01:54:37.943+0600][15.622s][info][gc,reloc    ] GC(25) Y: Age Table:
[2026-04-03T01:54:37.943+0600][15.622s][info][gc,reloc    ] GC(25) Y:                    Live             Garbage             Small              Medium             Large        
[2026-04-03T01:54:37.943+0600][15.622s][info][gc,reloc    ] GC(25) Y: Eden              21M (4%)          124M (25%)         68 / 61             0 / 0              1 / 0        
[2026-04-03T01:54:37.943+0600][15.622s][info][gc,reloc    ] GC(25) Y: Survivor 1        14M (3%)            3M (1%)           9 / 2              0 / 0              0 / 0        
[2026-04-03T01:54:37.943+0600][15.622s][info][gc,heap     ] GC(25) Y: Min Capacity: 8M(2%)
[2026-04-03T01:54:37.943+0600][15.622s][info][gc,heap     ] GC(25) Y: Max Capacity: 500M(100%)
[2026-04-03T01:54:37.943+0600][15.622s][info][gc,heap     ] GC(25) Y: Soft Max Capacity: 500M(100%)
[2026-04-03T01:54:37.943+0600][15.622s][info][gc,heap     ] GC(25) Y: Heap Statistics:
[2026-04-03T01:54:37.943+0600][15.622s][info][gc,heap     ] GC(25) Y:                Mark Start          Mark End        Relocate Start      Relocate End           High               Low         
[2026-04-03T01:54:37.943+0600][15.622s][info][gc,heap     ] GC(25) Y:  Capacity:      500M (100%)        500M (100%)        500M (100%)        500M (100%)        500M (100%)        500M (100%)   
[2026-04-03T01:54:37.943+0600][15.622s][info][gc,heap     ] GC(25) Y:      Free:      244M (49%)         150M (30%)         146M (29%)         242M (48%)         244M (49%)         142M (28%)    
[2026-04-03T01:54:37.943+0600][15.622s][info][gc,heap     ] GC(25) Y:      Used:      256M (51%)         350M (70%)         354M (71%)         258M (52%)         358M (72%)         256M (51%)    
[2026-04-03T01:54:37.943+0600][15.622s][info][gc,heap     ] GC(25) Y: Young Generation Statistics:
[2026-04-03T01:54:37.943+0600][15.622s][info][gc,heap     ] GC(25) Y:                Mark Start          Mark End        Relocate Start      Relocate End    
[2026-04-03T01:54:37.943+0600][15.622s][info][gc,heap     ] GC(25) Y:      Used:      164M (33%)         258M (52%)         262M (52%)         166M (33%)    
[2026-04-03T01:54:37.943+0600][15.622s][info][gc,heap     ] GC(25) Y:      Live:         -                35M (7%)           35M (7%)           35M (7%)     
[2026-04-03T01:54:37.943+0600][15.622s][info][gc,heap     ] GC(25) Y:   Garbage:         -               128M (26%)         128M (26%)           0M (0%)     
[2026-04-03T01:54:37.943+0600][15.622s][info][gc,heap     ] GC(25) Y: Allocated:         -                94M (19%)          98M (20%)         130M (26%)    
[2026-04-03T01:54:37.943+0600][15.622s][info][gc,heap     ] GC(25) Y: Reclaimed:         -                  -                 0M (0%)          128M (26%)    
[2026-04-03T01:54:37.943+0600][15.622s][info][gc,heap     ] GC(25) Y:  Promoted:         -                  -                 0M (0%)            0M (0%)     
[2026-04-03T01:54:37.943+0600][15.622s][info][gc,heap     ] GC(25) Y: Compacted:         -                  -                  -                13M (3%)     
[2026-04-03T01:54:37.943+0600][15.622s][info][gc,phases   ] GC(25) Y: Young Generation 256M(51%)->258M(52%) 0.072s
[2026-04-03T01:54:37.943+0600][15.622s][info][gc,phases   ] GC(25) O: Old Generation
[2026-04-03T01:54:37.944+0600][15.623s][info][gc          ] GC(26) Minor Collection (Allocation Rate)
[2026-04-03T01:54:37.944+0600][15.623s][info][gc,task     ] GC(26) Using 2 Workers for Young Generation
[2026-04-03T01:54:37.944+0600][15.623s][info][gc,phases   ] GC(26) y: Young Generation
[2026-04-03T01:54:37.945+0600][15.624s][info][gc,phases   ] GC(26) y: Pause Mark Start 0.090ms
[2026-04-03T01:54:38.024+0600][15.703s][info][gc,phases   ] GC(26) y: Concurrent Mark 79.329ms
[2026-04-03T01:54:38.024+0600][15.703s][info][gc,phases   ] GC(26) y: Pause Mark End 0.023ms
[2026-04-03T01:54:38.024+0600][15.703s][info][gc,phases   ] GC(26) y: Concurrent Mark Free 0.001ms
[2026-04-03T01:54:38.025+0600][15.703s][info][gc,phases   ] GC(26) y: Concurrent Reset Relocation Set 0.012ms
[2026-04-03T01:54:38.029+0600][15.708s][info][gc,reloc    ] GC(26) y: Using tenuring threshold: 1 (Computed)
[2026-04-03T01:54:38.047+0600][15.726s][info][gc,phases   ] GC(26) y: Concurrent Select Relocation Set 22.488ms
[2026-04-03T01:54:38.047+0600][15.726s][info][gc,phases   ] GC(26) y: Pause Relocate Start 0.020ms
[2026-04-03T01:54:38.129+0600][15.808s][info][gc,phases   ] GC(25) O: Concurrent Mark 185.823ms
[2026-04-03T01:54:38.133+0600][15.811s][info][gc,phases   ] GC(25) O: Pause Mark End 0.022ms
[2026-04-03T01:54:38.133+0600][15.812s][info][gc,phases   ] GC(26) y: Concurrent Relocate 85.228ms
[2026-04-03T01:54:38.133+0600][15.812s][info][gc,alloc    ] GC(26) y:                         Mark Start        Mark End      Relocate Start    Relocate End   
[2026-04-03T01:54:38.133+0600][15.812s][info][gc,alloc    ] GC(26) y: Allocation Stalls:          0                0                0                0         
[2026-04-03T01:54:38.133+0600][15.812s][info][gc,phases   ] GC(25) O: Concurrent Mark Free 0.002ms
[2026-04-03T01:54:38.133+0600][15.812s][info][gc,load     ] GC(26) y: Load: 8.32 (69%) / 7.96 (66%) / 7.53 (63%)
[2026-04-03T01:54:38.133+0600][15.812s][info][gc,mmu      ] GC(26) y: MMU: 2ms/93.8%, 5ms/97.5%, 10ms/98.8%, 20ms/99.2%, 50ms/99.5%, 100ms/99.6%
[2026-04-03T01:54:38.133+0600][15.812s][info][gc,marking  ] GC(26) y: Mark: 2 stripe(s), 3 proactive flush(es), 1 terminate flush(es), 0 completion(s), 0 continuation(s) 
[2026-04-03T01:54:38.133+0600][15.812s][info][gc,marking  ] GC(26) y: Mark Stack Usage: 32M
[2026-04-03T01:54:38.133+0600][15.812s][info][gc,nmethod  ] GC(26) y: NMethods: 4459 registered, 461 unregistered
[2026-04-03T01:54:38.133+0600][15.812s][info][gc,metaspace] GC(26) y: Metaspace: 60M used, 60M committed, 1088M reserved
[2026-04-03T01:54:38.133+0600][15.812s][info][gc,reloc    ] GC(26) y:                        Candidates     Selected     In-Place         Size        Empty    Relocated 
[2026-04-03T01:54:38.133+0600][15.812s][info][gc,reloc    ] GC(26) y: Small Pages:                   79           60            0         158M           0M          11M 
[2026-04-03T01:54:38.133+0600][15.812s][info][gc,reloc    ] GC(26) y: Medium Pages:                   0            0            0           0M           0M           0M 
[2026-04-03T01:54:38.133+0600][15.812s][info][gc,reloc    ] GC(26) y: Large Pages:                    1            0            0          10M           0M           0M 
[2026-04-03T01:54:38.133+0600][15.812s][info][gc,reloc    ] GC(26) y: Forwarding Usage: 8M
[2026-04-03T01:54:38.133+0600][15.812s][info][gc,reloc    ] GC(26) y: Age Table:
[2026-04-03T01:54:38.133+0600][15.812s][info][gc,reloc    ] GC(26) y:                    Live             Garbage             Small              Medium             Large        
[2026-04-03T01:54:38.133+0600][15.812s][info][gc,reloc    ] GC(26) y: Eden               9M (2%)          110M (22%)         60 / 54             0 / 0              0 / 0        
[2026-04-03T01:54:38.133+0600][15.812s][info][gc,reloc    ] GC(26) y: Survivor 1        21M (4%)            6M (1%)           9 / 4              0 / 0              1 / 0        
[2026-04-03T01:54:38.133+0600][15.812s][info][gc,reloc    ] GC(26) y: Survivor 2        14M (3%)            5M (1%)          10 / 2              0 / 0              0 / 0        
[2026-04-03T01:54:38.133+0600][15.812s][info][gc,heap     ] GC(26) y: Min Capacity: 8M(2%)
[2026-04-03T01:54:38.133+0600][15.812s][info][gc,heap     ] GC(26) y: Max Capacity: 500M(100%)
[2026-04-03T01:54:38.133+0600][15.812s][info][gc,heap     ] GC(26) y: Soft Max Capacity: 500M(100%)
[2026-04-03T01:54:38.133+0600][15.812s][info][gc,heap     ] GC(26) y: Heap Statistics:
[2026-04-03T01:54:38.133+0600][15.812s][info][gc,heap     ] GC(26) y:                Mark Start          Mark End        Relocate Start      Relocate End           High               Low         
[2026-04-03T01:54:38.133+0600][15.812s][info][gc,heap     ] GC(26) y:  Capacity:      500M (100%)        500M (100%)        500M (100%)        500M (100%)        500M (100%)        500M (100%)   
[2026-04-03T01:54:38.133+0600][15.812s][info][gc,heap     ] GC(26) y:      Free:      240M (48%)         116M (23%)          78M (16%)         180M (36%)         240M (48%)          74M (15%)    
[2026-04-03T01:54:38.133+0600][15.812s][info][gc,heap     ] GC(26) y:      Used:      260M (52%)         384M (77%)         422M (84%)         320M (64%)         426M (85%)         260M (52%)    
[2026-04-03T01:54:38.133+0600][15.812s][info][gc,heap     ] GC(26) y: Young Generation Statistics:
[2026-04-03T01:54:38.133+0600][15.812s][info][gc,heap     ] GC(26) y:                Mark Start          Mark End        Relocate Start      Relocate End    
[2026-04-03T01:54:38.133+0600][15.812s][info][gc,heap     ] GC(26) y:      Used:      168M (34%)         292M (58%)         298M (60%)         192M (38%)    
[2026-04-03T01:54:38.133+0600][15.812s][info][gc,heap     ] GC(26) y:      Live:         -                45M (9%)           13M (3%)            9M (2%)     
[2026-04-03T01:54:38.133+0600][15.812s][info][gc,heap     ] GC(26) y:   Garbage:         -               122M (24%)         122M (24%)           0M (0%)     
[2026-04-03T01:54:38.133+0600][15.812s][info][gc,heap     ] GC(26) y: Allocated:         -               124M (25%)         162M (32%)         182M (36%)    
[2026-04-03T01:54:38.133+0600][15.812s][info][gc,heap     ] GC(26) y: Reclaimed:         -                  -                 0M (0%)          122M (24%)    
[2026-04-03T01:54:38.133+0600][15.812s][info][gc,heap     ] GC(26) y:  Promoted:         -                  -                31M (6%)           35M (7%)     
[2026-04-03T01:54:38.133+0600][15.812s][info][gc,heap     ] GC(26) y: Compacted:         -                  -                  -                 9M (2%)     
[2026-04-03T01:54:38.133+0600][15.812s][info][gc,phases   ] GC(26) y: Young Generation 260M(52%)->320M(64%) 0.189s
[2026-04-03T01:54:38.133+0600][15.812s][info][gc          ] GC(26) Minor Collection (Allocation Rate) 260M(52%)->320M(64%) 0.189s
[2026-04-03T01:54:38.133+0600][15.812s][info][gc          ] GC(27) Minor Collection (Allocation Rate)
[2026-04-03T01:54:38.133+0600][15.812s][info][gc,task     ] GC(27) Using 2 Workers for Young Generation
[2026-04-03T01:54:38.133+0600][15.812s][info][gc,phases   ] GC(27) y: Young Generation
[2026-04-03T01:54:38.134+0600][15.812s][info][gc,phases   ] GC(27) y: Pause Mark Start 0.016ms
[2026-04-03T01:54:38.160+0600][15.839s][info][gc,phases   ] GC(25) O: Concurrent Process Non-Strong 27.647ms
[2026-04-03T01:54:38.161+0600][15.839s][info][gc,phases   ] GC(25) O: Concurrent Reset Relocation Set 0.003ms
[2026-04-03T01:54:38.168+0600][15.847s][info][gc,phases   ] GC(25) O: Concurrent Select Relocation Set 7.336ms
[2026-04-03T01:54:38.203+0600][15.882s][info][gc,phases   ] GC(27) y: Concurrent Mark 69.440ms
[2026-04-03T01:54:38.203+0600][15.882s][info][gc,phases   ] GC(27) y: Pause Mark End 0.025ms
[2026-04-03T01:54:38.203+0600][15.882s][info][gc,phases   ] GC(27) y: Concurrent Mark Free 0.003ms
[2026-04-03T01:54:38.203+0600][15.882s][info][gc,phases   ] GC(27) y: Concurrent Reset Relocation Set 0.042ms
[2026-04-03T01:54:38.206+0600][15.884s][info][gc,reloc    ] GC(27) y: Using tenuring threshold: 2 (Computed)
[2026-04-03T01:54:38.208+0600][15.887s][info][gc,phases   ] GC(27) y: Concurrent Select Relocation Set 4.694ms
[2026-04-03T01:54:38.208+0600][15.887s][info][gc,phases   ] GC(27) y: Pause Relocate Start 0.019ms
[2026-04-03T01:54:38.231+0600][15.910s][info][gc,phases   ] GC(27) y: Concurrent Relocate 22.257ms
[2026-04-03T01:54:38.231+0600][15.910s][info][gc,alloc    ] GC(27) y:                         Mark Start        Mark End      Relocate Start    Relocate End   
[2026-04-03T01:54:38.231+0600][15.910s][info][gc,alloc    ] GC(27) y: Allocation Stalls:          0                0                0                0         
[2026-04-03T01:54:38.231+0600][15.910s][info][gc,load     ] GC(27) y: Load: 8.32 (69%) / 7.96 (66%) / 7.53 (63%)
[2026-04-03T01:54:38.231+0600][15.910s][info][gc,mmu      ] GC(27) y: MMU: 2ms/93.8%, 5ms/97.5%, 10ms/98.8%, 20ms/99.2%, 50ms/99.5%, 100ms/99.6%
[2026-04-03T01:54:38.231+0600][15.910s][info][gc,marking  ] GC(27) y: Mark: 2 stripe(s), 4 proactive flush(es), 1 terminate flush(es), 0 completion(s), 0 continuation(s) 
[2026-04-03T01:54:38.231+0600][15.910s][info][gc,marking  ] GC(27) y: Mark Stack Usage: 32M
[2026-04-03T01:54:38.231+0600][15.910s][info][gc,nmethod  ] GC(27) y: NMethods: 4285 registered, 709 unregistered
[2026-04-03T01:54:38.231+0600][15.910s][info][gc,metaspace] GC(27) y: Metaspace: 60M used, 61M committed, 1088M reserved
[2026-04-03T01:54:38.231+0600][15.910s][info][gc,reloc    ] GC(27) y:                        Candidates     Selected     In-Place         Size        Empty    Relocated 
[2026-04-03T01:54:38.231+0600][15.910s][info][gc,reloc    ] GC(27) y: Small Pages:                   93           79            0         186M           0M          13M 
[2026-04-03T01:54:38.231+0600][15.910s][info][gc,reloc    ] GC(27) y: Medium Pages:                   0            0            0           0M           0M           0M 
[2026-04-03T01:54:38.231+0600][15.910s][info][gc,reloc    ] GC(27) y: Large Pages:                    1            0            0           6M           0M           0M 
[2026-04-03T01:54:38.231+0600][15.910s][info][gc,reloc    ] GC(27) y: Forwarding Usage: 10M
[2026-04-03T01:54:38.231+0600][15.910s][info][gc,reloc    ] GC(27) y: Age Table:
[2026-04-03T01:54:38.231+0600][15.910s][info][gc,reloc    ] GC(27) y:                    Live             Garbage             Small              Medium             Large        
[2026-04-03T01:54:38.231+0600][15.910s][info][gc,reloc    ] GC(27) y: Eden              20M (4%)          159M (32%)         87 / 78             0 / 0              1 / 0        
[2026-04-03T01:54:38.231+0600][15.910s][info][gc,reloc    ] GC(27) y: Survivor 1         9M (2%)            2M (0%)           6 / 1              0 / 0              0 / 0        
[2026-04-03T01:54:38.231+0600][15.910s][info][gc,heap     ] GC(27) y: Min Capacity: 8M(2%)
[2026-04-03T01:54:38.231+0600][15.910s][info][gc,heap     ] GC(27) y: Max Capacity: 500M(100%)
[2026-04-03T01:54:38.231+0600][15.910s][info][gc,heap     ] GC(27) y: Soft Max Capacity: 500M(100%)
[2026-04-03T01:54:38.231+0600][15.910s][info][gc,heap     ] GC(27) y: Heap Statistics:
[2026-04-03T01:54:38.231+0600][15.910s][info][gc,heap     ] GC(27) y:                Mark Start          Mark End        Relocate Start      Relocate End           High               Low         
[2026-04-03T01:54:38.231+0600][15.910s][info][gc,heap     ] GC(27) y:  Capacity:      500M (100%)        500M (100%)        500M (100%)        500M (100%)        500M (100%)        500M (100%)   
[2026-04-03T01:54:38.231+0600][15.910s][info][gc,heap     ] GC(27) y:      Free:      180M (36%)         170M (34%)         170M (34%)         324M (65%)         324M (65%)         166M (33%)    
[2026-04-03T01:54:38.231+0600][15.910s][info][gc,heap     ] GC(27) y:      Used:      320M (64%)         330M (66%)         330M (66%)         176M (35%)         334M (67%)         176M (35%)    
[2026-04-03T01:54:38.231+0600][15.910s][info][gc,heap     ] GC(27) y: Young Generation Statistics:
[2026-04-03T01:54:38.231+0600][15.910s][info][gc,heap     ] GC(27) y:                Mark Start          Mark End        Relocate Start      Relocate End    
[2026-04-03T01:54:38.231+0600][15.910s][info][gc,heap     ] GC(27) y:      Used:      192M (38%)         208M (42%)         208M (42%)          54M (11%)    
[2026-04-03T01:54:38.231+0600][15.910s][info][gc,heap     ] GC(27) y:      Live:         -                30M (6%)           30M (6%)           30M (6%)     
[2026-04-03T01:54:38.231+0600][15.910s][info][gc,heap     ] GC(27) y:   Garbage:         -               161M (32%)         161M (32%)           0M (0%)     
[2026-04-03T01:54:38.231+0600][15.910s][info][gc,heap     ] GC(27) y: Allocated:         -                16M (3%)           16M (3%)           23M (5%)     
[2026-04-03T01:54:38.231+0600][15.910s][info][gc,heap     ] GC(27) y: Reclaimed:         -                  -                 0M (0%)          161M (32%)    
[2026-04-03T01:54:38.231+0600][15.910s][info][gc,heap     ] GC(27) y:  Promoted:         -                  -                 0M (0%)            0M (0%)     
[2026-04-03T01:54:38.231+0600][15.910s][info][gc,heap     ] GC(27) y: Compacted:         -                  -                  -                14M (3%)     
[2026-04-03T01:54:38.231+0600][15.910s][info][gc,phases   ] GC(27) y: Young Generation 320M(64%)->176M(35%) 0.098s
[2026-04-03T01:54:38.231+0600][15.910s][info][gc          ] GC(27) Minor Collection (Allocation Rate) 320M(64%)->176M(35%) 0.098s
[2026-04-03T01:54:38.232+0600][15.910s][info][gc,task     ] GC(25) O: Using 3 Workers for Old Generation
[2026-04-03T01:54:38.258+0600][15.937s][info][gc,task     ] GC(25) O: Using 1 Workers for Old Generation
[2026-04-03T01:54:38.258+0600][15.937s][info][gc,phases   ] GC(25) O: Concurrent Remap Roots 26.828ms
[2026-04-03T01:54:38.259+0600][15.938s][info][gc,phases   ] GC(25) O: Pause Relocate Start 0.029ms
[2026-04-03T01:54:38.259+0600][15.938s][info][gc          ] GC(28) Minor Collection (Allocation Rate)
[2026-04-03T01:54:38.259+0600][15.938s][info][gc,task     ] GC(28) Using 2 Workers for Young Generation
[2026-04-03T01:54:38.259+0600][15.938s][info][gc,phases   ] GC(28) y: Young Generation
[2026-04-03T01:54:38.260+0600][15.938s][info][gc,phases   ] GC(28) y: Pause Mark Start 0.035ms
[2026-04-03T01:54:38.300+0600][15.979s][info][gc,phases   ] GC(25) O: Concurrent Relocate 41.003ms
[2026-04-03T01:54:38.356+0600][16.035s][info][gc,phases   ] GC(28) y: Concurrent Mark 96.214ms
[2026-04-03T01:54:38.356+0600][16.035s][info][gc,phases   ] GC(28) y: Pause Mark End 0.027ms
[2026-04-03T01:54:38.356+0600][16.035s][info][gc,phases   ] GC(28) y: Concurrent Mark Free 0.004ms
[2026-04-03T01:54:38.356+0600][16.035s][info][gc,phases   ] GC(28) y: Concurrent Reset Relocation Set 0.013ms
[2026-04-03T01:54:38.358+0600][16.037s][info][gc,reloc    ] GC(28) y: Using tenuring threshold: 1 (Computed)
[2026-04-03T01:54:38.374+0600][16.053s][info][gc,phases   ] GC(28) y: Concurrent Select Relocation Set 18.001ms
[2026-04-03T01:54:38.375+0600][16.054s][info][gc,phases   ] GC(28) y: Pause Relocate Start 0.035ms
[2026-04-03T01:54:38.412+0600][16.091s][info][gc,phases   ] GC(28) y: Concurrent Relocate 37.487ms
[2026-04-03T01:54:38.413+0600][16.091s][info][gc,alloc    ] GC(28) y:                         Mark Start        Mark End      Relocate Start    Relocate End   
[2026-04-03T01:54:38.413+0600][16.091s][info][gc,alloc    ] GC(28) y: Allocation Stalls:          0                0                0                0         
[2026-04-03T01:54:38.413+0600][16.091s][info][gc,load     ] GC(28) y: Load: 8.32 (69%) / 7.96 (66%) / 7.53 (63%)
[2026-04-03T01:54:38.413+0600][16.091s][info][gc,mmu      ] GC(28) y: MMU: 2ms/93.8%, 5ms/97.5%, 10ms/98.8%, 20ms/99.2%, 50ms/99.5%, 100ms/99.6%
[2026-04-03T01:54:38.413+0600][16.091s][info][gc,marking  ] GC(28) y: Mark: 2 stripe(s), 10 proactive flush(es), 1 terminate flush(es), 0 completion(s), 0 continuation(s) 
[2026-04-03T01:54:38.413+0600][16.091s][info][gc,marking  ] GC(28) y: Mark Stack Usage: 32M
[2026-04-03T01:54:38.413+0600][16.091s][info][gc,nmethod  ] GC(28) y: NMethods: 4395 registered, 709 unregistered
[2026-04-03T01:54:38.413+0600][16.091s][info][gc,metaspace] GC(28) y: Metaspace: 61M used, 62M committed, 1088M reserved
[2026-04-03T01:54:38.413+0600][16.092s][info][gc,reloc    ] GC(28) y:                        Candidates     Selected     In-Place         Size        Empty    Relocated 
[2026-04-03T01:54:38.413+0600][16.092s][info][gc,reloc    ] GC(28) y: Small Pages:                   24           11            0          48M           0M           1M 
[2026-04-03T01:54:38.413+0600][16.092s][info][gc,reloc    ] GC(28) y: Medium Pages:                   0            0            0           0M           0M           0M 
[2026-04-03T01:54:38.413+0600][16.092s][info][gc,reloc    ] GC(28) y: Large Pages:                    2            0            0           8M           2M           0M 
[2026-04-03T01:54:38.413+0600][16.092s][info][gc,reloc    ] GC(28) y: Forwarding Usage: 0M
[2026-04-03T01:54:38.413+0600][16.092s][info][gc,reloc    ] GC(28) y: Age Table:
[2026-04-03T01:54:38.413+0600][16.092s][info][gc,reloc    ] GC(28) y:                    Live             Garbage             Small              Medium             Large        
[2026-04-03T01:54:38.413+0600][16.092s][info][gc,reloc    ] GC(28) y: Eden               0M (0%)           21M (4%)          10 / 9              0 / 0              1 / 0        
[2026-04-03T01:54:38.413+0600][16.092s][info][gc,reloc    ] GC(28) y: Survivor 1        20M (4%)            1M (0%)           8 / 1              0 / 0              1 / 0        
[2026-04-03T01:54:38.413+0600][16.092s][info][gc,reloc    ] GC(28) y: Survivor 2         9M (2%)            2M (0%)           6 / 1              0 / 0              0 / 0        
[2026-04-03T01:54:38.413+0600][16.092s][info][gc,heap     ] GC(28) y: Min Capacity: 8M(2%)
[2026-04-03T01:54:38.413+0600][16.092s][info][gc,heap     ] GC(28) y: Max Capacity: 500M(100%)
[2026-04-03T01:54:38.413+0600][16.092s][info][gc,heap     ] GC(28) y: Soft Max Capacity: 500M(100%)
[2026-04-03T01:54:38.413+0600][16.092s][info][gc,heap     ] GC(28) y: Heap Statistics:
[2026-04-03T01:54:38.413+0600][16.092s][info][gc,heap     ] GC(28) y:                Mark Start          Mark End        Relocate Start      Relocate End           High               Low         
[2026-04-03T01:54:38.413+0600][16.092s][info][gc,heap     ] GC(28) y:  Capacity:      500M (100%)        500M (100%)        500M (100%)        500M (100%)        500M (100%)        500M (100%)   
[2026-04-03T01:54:38.413+0600][16.092s][info][gc,heap     ] GC(28) y:      Free:      314M (63%)         296M (59%)         290M (58%)         300M (60%)         316M (63%)         286M (57%)    
[2026-04-03T01:54:38.413+0600][16.092s][info][gc,heap     ] GC(28) y:      Used:      186M (37%)         204M (41%)         210M (42%)         200M (40%)         214M (43%)         184M (37%)    
[2026-04-03T01:54:38.413+0600][16.092s][info][gc,heap     ] GC(28) y: Young Generation Statistics:
[2026-04-03T01:54:38.413+0600][16.092s][info][gc,heap     ] GC(28) y:                Mark Start          Mark End        Relocate Start      Relocate End    
[2026-04-03T01:54:38.413+0600][16.092s][info][gc,heap     ] GC(28) y:      Used:       56M (11%)          82M (16%)          58M (12%)          44M (9%)     
[2026-04-03T01:54:38.413+0600][16.092s][info][gc,heap     ] GC(28) y:      Live:         -                30M (6%)            1M (0%)            0M (0%)     
[2026-04-03T01:54:38.413+0600][16.092s][info][gc,heap     ] GC(28) y:   Garbage:         -                25M (5%)           22M (5%)            0M (0%)     
[2026-04-03T01:54:38.413+0600][16.092s][info][gc,heap     ] GC(28) y: Allocated:         -                26M (5%)           34M (7%)           43M (9%)     
[2026-04-03T01:54:38.413+0600][16.092s][info][gc,heap     ] GC(28) y: Reclaimed:         -                  -                 2M (1%)           25M (5%)     
[2026-04-03T01:54:38.413+0600][16.092s][info][gc,heap     ] GC(28) y:  Promoted:         -                  -                29M (6%)           30M (6%)     
[2026-04-03T01:54:38.413+0600][16.092s][info][gc,heap     ] GC(28) y: Compacted:         -                  -                  -                 0M (0%)     
[2026-04-03T01:54:38.413+0600][16.092s][info][gc,phases   ] GC(28) y: Young Generation 188M(38%)->200M(40%) 0.153s
[2026-04-03T01:54:38.413+0600][16.092s][info][gc          ] GC(28) Minor Collection (Allocation Rate) 186M(37%)->200M(40%) 0.154s
[2026-04-03T01:54:38.413+0600][16.092s][info][gc,alloc    ] GC(25) O:                         Mark Start        Mark End      Relocate Start    Relocate End   
[2026-04-03T01:54:38.413+0600][16.092s][info][gc,alloc    ] GC(25) O: Allocation Stalls:          0                0                0                0         
[2026-04-03T01:54:38.413+0600][16.092s][info][gc,load     ] GC(25) O: Load: 8.32 (69%) / 7.96 (66%) / 7.53 (63%)
[2026-04-03T01:54:38.413+0600][16.092s][info][gc,mmu      ] GC(25) O: MMU: 2ms/93.8%, 5ms/97.5%, 10ms/98.8%, 20ms/99.2%, 50ms/99.5%, 100ms/99.6%
[2026-04-03T01:54:38.413+0600][16.092s][info][gc,marking  ] GC(25) O: Mark: 1 stripe(s), 2 proactive flush(es), 1 terminate flush(es), 0 completion(s), 0 continuation(s) 
[2026-04-03T01:54:38.413+0600][16.092s][info][gc,marking  ] GC(25) O: Mark Stack Usage: 32M
[2026-04-03T01:54:38.413+0600][16.092s][info][gc,nmethod  ] GC(25) O: NMethods: 4396 registered, 709 unregistered
[2026-04-03T01:54:38.413+0600][16.092s][info][gc,metaspace] GC(25) O: Metaspace: 61M used, 62M committed, 1088M reserved
[2026-04-03T01:54:38.413+0600][16.092s][info][gc,ref      ] GC(25) O:                       Encountered   Discovered     Enqueued 
[2026-04-03T01:54:38.413+0600][16.092s][info][gc,ref      ] GC(25) O: Soft References:             4544            0            0 
[2026-04-03T01:54:38.413+0600][16.092s][info][gc,ref      ] GC(25) O: Weak References:             5198         4145          549 
[2026-04-03T01:54:38.413+0600][16.092s][info][gc,ref      ] GC(25) O: Final References:              74            0            0 
[2026-04-03T01:54:38.413+0600][16.092s][info][gc,ref      ] GC(25) O: Phantom References:           594          531            0 
[2026-04-03T01:54:38.413+0600][16.092s][info][gc,reloc    ] GC(25) O:                        Candidates     Selected     In-Place         Size        Empty    Relocated 
[2026-04-03T01:54:38.413+0600][16.092s][info][gc,reloc    ] GC(25) O: Small Pages:                   36            5            0          72M           0M           3M 
[2026-04-03T01:54:38.413+0600][16.092s][info][gc,reloc    ] GC(25) O: Medium Pages:                   1            0            0           8M           0M           0M 
[2026-04-03T01:54:38.413+0600][16.092s][info][gc,reloc    ] GC(25) O: Large Pages:                    3            0            0          12M           6M           0M 
[2026-04-03T01:54:38.413+0600][16.092s][info][gc,reloc    ] GC(25) O: Forwarding Usage: 4M
[2026-04-03T01:54:38.413+0600][16.092s][info][gc,heap     ] GC(25) O: Min Capacity: 8M(2%)
[2026-04-03T01:54:38.413+0600][16.092s][info][gc,heap     ] GC(25) O: Max Capacity: 500M(100%)
[2026-04-03T01:54:38.414+0600][16.092s][info][gc,heap     ] GC(25) O: Soft Max Capacity: 500M(100%)
[2026-04-03T01:54:38.414+0600][16.092s][info][gc,heap     ] GC(25) O: Heap Statistics:
[2026-04-03T01:54:38.414+0600][16.092s][info][gc,heap     ] GC(25) O:                Mark Start          Mark End        Relocate Start      Relocate End           High               Low         
[2026-04-03T01:54:38.414+0600][16.092s][info][gc,heap     ] GC(25) O:  Capacity:      500M (100%)        500M (100%)        500M (100%)        500M (100%)        500M (100%)        500M (100%)   
[2026-04-03T01:54:38.414+0600][16.092s][info][gc,heap     ] GC(25) O:      Free:      244M (49%)         180M (36%)         322M (64%)         310M (62%)         324M (65%)          74M (15%)    
[2026-04-03T01:54:38.414+0600][16.092s][info][gc,heap     ] GC(25) O:      Used:      256M (51%)         320M (64%)         178M (36%)         190M (38%)         426M (85%)         176M (35%)    
[2026-04-03T01:54:38.414+0600][16.092s][info][gc,heap     ] GC(25) O: Old Generation Statistics:
[2026-04-03T01:54:38.414+0600][16.092s][info][gc,heap     ] GC(25) O:                Mark Start          Mark End        Relocate Start      Relocate End    
[2026-04-03T01:54:38.414+0600][16.093s][info][gc,heap     ] GC(25) O:      Used:       92M (18%)         128M (26%)         122M (24%)         122M (24%)    
[2026-04-03T01:54:38.414+0600][16.093s][info][gc,heap     ] GC(25) O:      Live:         -                67M (13%)          67M (13%)          67M (13%)    
[2026-04-03T01:54:38.414+0600][16.093s][info][gc,heap     ] GC(25) O:   Garbage:         -                24M (5%)           18M (4%)            7M (1%)     
[2026-04-03T01:54:38.414+0600][16.093s][info][gc,heap     ] GC(25) O: Allocated:         -                36M (7%)           36M (7%)           47M (10%)    
[2026-04-03T01:54:38.414+0600][16.093s][info][gc,heap     ] GC(25) O: Reclaimed:         -                  -                 6M (1%)           17M (4%)     
[2026-04-03T01:54:38.414+0600][16.093s][info][gc,heap     ] GC(25) O: Compacted:         -                  -                  -                12M (2%)     
[2026-04-03T01:54:38.414+0600][16.093s][info][gc,phases   ] GC(25) O: Old Generation 258M(52%)->190M(38%) 0.470s
[2026-04-03T01:54:38.414+0600][16.093s][info][gc          ] GC(25) Major Collection (Allocation Rate) 256M(51%)->200M(40%) 0.543s
[2026-04-03T01:54:38.423+0600][16.102s][info][gc          ] GC(29) Major Collection (Allocation Rate)
[2026-04-03T01:54:38.423+0600][16.102s][info][gc,task     ] GC(29) Using 3 Workers for Young Generation
[2026-04-03T01:54:38.423+0600][16.102s][info][gc,task     ] GC(29) Using 1 Workers for Old Generation
[2026-04-03T01:54:38.423+0600][16.102s][info][gc,phases   ] GC(29) Y: Young Generation
[2026-04-03T01:54:38.424+0600][16.103s][info][gc,phases   ] GC(29) Y: Pause Mark Start (Major) 0.035ms
[2026-04-03T01:54:38.446+0600][16.125s][info][gc,phases   ] GC(29) Y: Concurrent Mark 22.446ms
[2026-04-03T01:54:38.447+0600][16.125s][info][gc,phases   ] GC(29) Y: Pause Mark End 0.026ms
[2026-04-03T01:54:38.447+0600][16.126s][info][gc,phases   ] GC(29) Y: Concurrent Mark Free 0.003ms
[2026-04-03T01:54:38.447+0600][16.126s][info][gc,phases   ] GC(29) Y: Concurrent Reset Relocation Set 0.033ms
[2026-04-03T01:54:38.450+0600][16.129s][info][gc,reloc    ] GC(29) Y: Using tenuring threshold: 2 (Computed)
[2026-04-03T01:54:38.451+0600][16.130s][info][gc,phases   ] GC(29) Y: Concurrent Select Relocation Set 3.925ms
[2026-04-03T01:54:38.451+0600][16.130s][info][gc,phases   ] GC(29) Y: Pause Relocate Start 0.024ms
[2026-04-03T01:54:38.453+0600][16.131s][info][gc,phases   ] GC(29) Y: Concurrent Relocate 1.292ms
[2026-04-03T01:54:38.453+0600][16.131s][info][gc,alloc    ] GC(29) Y:                         Mark Start        Mark End      Relocate Start    Relocate End   
[2026-04-03T01:54:38.453+0600][16.131s][info][gc,alloc    ] GC(29) Y: Allocation Stalls:          0                0                0                0         
[2026-04-03T01:54:38.453+0600][16.132s][info][gc,load     ] GC(29) Y: Load: 8.32 (69%) / 7.96 (66%) / 7.53 (63%)
[2026-04-03T01:54:38.453+0600][16.132s][info][gc,mmu      ] GC(29) Y: MMU: 2ms/93.8%, 5ms/97.5%, 10ms/98.8%, 20ms/99.2%, 50ms/99.5%, 100ms/99.6%
[2026-04-03T01:54:38.453+0600][16.132s][info][gc,marking  ] GC(29) Y: Mark: 2 stripe(s), 2 proactive flush(es), 1 terminate flush(es), 0 completion(s), 0 continuation(s) 
[2026-04-03T01:54:38.453+0600][16.132s][info][gc,marking  ] GC(29) Y: Mark Stack Usage: 32M
[2026-04-03T01:54:38.453+0600][16.132s][info][gc,nmethod  ] GC(29) Y: NMethods: 4443 registered, 709 unregistered
[2026-04-03T01:54:38.453+0600][16.132s][info][gc,metaspace] GC(29) Y: Metaspace: 61M used, 62M committed, 1088M reserved
[2026-04-03T01:54:38.453+0600][16.132s][info][gc,reloc    ] GC(29) Y:                        Candidates     Selected     In-Place         Size        Empty    Relocated 
[2026-04-03T01:54:38.453+0600][16.132s][info][gc,reloc    ] GC(29) Y: Small Pages:                   15           14            0          30M           0M           1M 
[2026-04-03T01:54:38.453+0600][16.132s][info][gc,reloc    ] GC(29) Y: Medium Pages:                   1            0            0           8M           8M           0M 
[2026-04-03T01:54:38.453+0600][16.132s][info][gc,reloc    ] GC(29) Y: Large Pages:                    1            0            0           6M           6M           0M 
[2026-04-03T01:54:38.453+0600][16.132s][info][gc,reloc    ] GC(29) Y: Forwarding Usage: 0M
[2026-04-03T01:54:38.453+0600][16.132s][info][gc,reloc    ] GC(29) Y: Age Table:
[2026-04-03T01:54:38.453+0600][16.132s][info][gc,reloc    ] GC(29) Y:                    Live             Garbage             Small              Medium             Large        
[2026-04-03T01:54:38.453+0600][16.132s][info][gc,reloc    ] GC(29) Y: Eden               0M (0%)           37M (7%)          12 / 11             1 / 0              1 / 0        
[2026-04-03T01:54:38.453+0600][16.132s][info][gc,reloc    ] GC(29) Y: Survivor 1         0M (0%)            5M (1%)           3 / 3              0 / 0              0 / 0        
[2026-04-03T01:54:38.453+0600][16.132s][info][gc,heap     ] GC(29) Y: Min Capacity: 8M(2%)
[2026-04-03T01:54:38.453+0600][16.132s][info][gc,heap     ] GC(29) Y: Max Capacity: 500M(100%)
[2026-04-03T01:54:38.453+0600][16.132s][info][gc,heap     ] GC(29) Y: Soft Max Capacity: 500M(100%)
[2026-04-03T01:54:38.453+0600][16.132s][info][gc,heap     ] GC(29) Y: Heap Statistics:
[2026-04-03T01:54:38.453+0600][16.132s][info][gc,heap     ] GC(29) Y:                Mark Start          Mark End        Relocate Start      Relocate End           High               Low         
[2026-04-03T01:54:38.453+0600][16.132s][info][gc,heap     ] GC(29) Y:  Capacity:      500M (100%)        500M (100%)        500M (100%)        500M (100%)        500M (100%)        500M (100%)   
[2026-04-03T01:54:38.453+0600][16.132s][info][gc,heap     ] GC(29) Y:      Free:      300M (60%)         290M (58%)         304M (61%)         318M (64%)         318M (64%)         290M (58%)    
[2026-04-03T01:54:38.453+0600][16.132s][info][gc,heap     ] GC(29) Y:      Used:      200M (40%)         210M (42%)         196M (39%)         182M (36%)         210M (42%)         182M (36%)    
[2026-04-03T01:54:38.453+0600][16.132s][info][gc,heap     ] GC(29) Y: Young Generation Statistics:
[2026-04-03T01:54:38.453+0600][16.132s][info][gc,heap     ] GC(29) Y:                Mark Start          Mark End        Relocate Start      Relocate End    
[2026-04-03T01:54:38.453+0600][16.132s][info][gc,heap     ] GC(29) Y:      Used:       44M (9%)           54M (11%)          40M (8%)           26M (5%)     
[2026-04-03T01:54:38.453+0600][16.132s][info][gc,heap     ] GC(29) Y:      Live:         -                 1M (0%)            1M (0%)            1M (0%)     
[2026-04-03T01:54:38.453+0600][16.132s][info][gc,heap     ] GC(29) Y:   Garbage:         -                42M (9%)           28M (6%)            0M (0%)     
[2026-04-03T01:54:38.453+0600][16.132s][info][gc,heap     ] GC(29) Y: Allocated:         -                10M (2%)           10M (2%)           24M (5%)     
[2026-04-03T01:54:38.453+0600][16.132s][info][gc,heap     ] GC(29) Y: Reclaimed:         -                  -                14M (3%)           42M (9%)     
[2026-04-03T01:54:38.453+0600][16.132s][info][gc,heap     ] GC(29) Y:  Promoted:         -                  -                 0M (0%)            0M (0%)     
[2026-04-03T01:54:38.453+0600][16.132s][info][gc,heap     ] GC(29) Y: Compacted:         -                  -                  -                 1M (0%)     
[2026-04-03T01:54:38.453+0600][16.132s][info][gc,phases   ] GC(29) Y: Young Generation 200M(40%)->182M(36%) 0.029s
[2026-04-03T01:54:38.453+0600][16.132s][info][gc,phases   ] GC(29) O: Old Generation
[2026-04-03T01:54:38.459+0600][16.138s][info][gc          ] GC(30) Minor Collection (Allocation Rate)
[2026-04-03T01:54:38.459+0600][16.138s][info][gc,task     ] GC(30) Using 2 Workers for Young Generation
[2026-04-03T01:54:38.459+0600][16.138s][info][gc,phases   ] GC(30) y: Young Generation
[2026-04-03T01:54:38.460+0600][16.139s][info][gc,phases   ] GC(30) y: Pause Mark Start 0.038ms
[2026-04-03T01:54:38.474+0600][16.153s][info][gc,phases   ] GC(30) y: Concurrent Mark 14.394ms
[2026-04-03T01:54:38.475+0600][16.154s][info][gc,phases   ] GC(30) y: Pause Mark End 0.024ms
[2026-04-03T01:54:38.475+0600][16.154s][info][gc,phases   ] GC(30) y: Concurrent Mark Free 0.003ms
[2026-04-03T01:54:38.475+0600][16.154s][info][gc,phases   ] GC(30) y: Concurrent Reset Relocation Set 0.007ms
[2026-04-03T01:54:38.481+0600][16.160s][info][gc,reloc    ] GC(30) y: Using tenuring threshold: 3 (Computed)
[2026-04-03T01:54:38.482+0600][16.161s][info][gc,phases   ] GC(30) y: Concurrent Select Relocation Set 6.930ms
[2026-04-03T01:54:38.482+0600][16.161s][info][gc,phases   ] GC(30) y: Pause Relocate Start 0.023ms
[2026-04-03T01:54:38.484+0600][16.163s][info][gc,phases   ] GC(30) y: Concurrent Relocate 1.844ms
[2026-04-03T01:54:38.484+0600][16.163s][info][gc,alloc    ] GC(30) y:                         Mark Start        Mark End      Relocate Start    Relocate End   
[2026-04-03T01:54:38.484+0600][16.163s][info][gc,alloc    ] GC(30) y: Allocation Stalls:          0                0                0                0         
[2026-04-03T01:54:38.484+0600][16.163s][info][gc,load     ] GC(30) y: Load: 8.32 (69%) / 7.96 (66%) / 7.53 (63%)
[2026-04-03T01:54:38.484+0600][16.163s][info][gc,mmu      ] GC(30) y: MMU: 2ms/93.8%, 5ms/97.5%, 10ms/98.8%, 20ms/99.2%, 50ms/99.5%, 100ms/99.6%
[2026-04-03T01:54:38.484+0600][16.163s][info][gc,marking  ] GC(30) y: Mark: 2 stripe(s), 2 proactive flush(es), 1 terminate flush(es), 0 completion(s), 0 continuation(s) 
[2026-04-03T01:54:38.484+0600][16.163s][info][gc,marking  ] GC(30) y: Mark Stack Usage: 32M
[2026-04-03T01:54:38.484+0600][16.163s][info][gc,nmethod  ] GC(30) y: NMethods: 4456 registered, 709 unregistered
[2026-04-03T01:54:38.484+0600][16.163s][info][gc,metaspace] GC(30) y: Metaspace: 62M used, 62M committed, 1088M reserved
[2026-04-03T01:54:38.484+0600][16.163s][info][gc,reloc    ] GC(30) y:                        Candidates     Selected     In-Place         Size        Empty    Relocated 
[2026-04-03T01:54:38.484+0600][16.163s][info][gc,reloc    ] GC(30) y: Small Pages:                   14           13            0          28M           0M           1M 
[2026-04-03T01:54:38.484+0600][16.163s][info][gc,reloc    ] GC(30) y: Medium Pages:                   0            0            0           0M           0M           0M 
[2026-04-03T01:54:38.484+0600][16.163s][info][gc,reloc    ] GC(30) y: Large Pages:                    0            0            0           0M           0M           0M 
[2026-04-03T01:54:38.484+0600][16.163s][info][gc,reloc    ] GC(30) y: Forwarding Usage: 0M
[2026-04-03T01:54:38.484+0600][16.163s][info][gc,reloc    ] GC(30) y: Age Table:
[2026-04-03T01:54:38.484+0600][16.163s][info][gc,reloc    ] GC(30) y:                    Live             Garbage             Small              Medium             Large        
[2026-04-03T01:54:38.484+0600][16.163s][info][gc,reloc    ] GC(30) y: Eden               0M (0%)           13M (3%)           7 / 7              0 / 0              0 / 0        
[2026-04-03T01:54:38.485+0600][16.163s][info][gc,reloc    ] GC(30) y: Survivor 1         0M (0%)            9M (2%)           5 / 4              0 / 0              0 / 0        
[2026-04-03T01:54:38.485+0600][16.163s][info][gc,reloc    ] GC(30) y: Survivor 2         0M (0%)            3M (1%)           2 / 2              0 / 0              0 / 0        
[2026-04-03T01:54:38.485+0600][16.163s][info][gc,heap     ] GC(30) y: Min Capacity: 8M(2%)
[2026-04-03T01:54:38.485+0600][16.163s][info][gc,heap     ] GC(30) y: Max Capacity: 500M(100%)
[2026-04-03T01:54:38.485+0600][16.163s][info][gc,heap     ] GC(30) y: Soft Max Capacity: 500M(100%)
[2026-04-03T01:54:38.485+0600][16.163s][info][gc,heap     ] GC(30) y: Heap Statistics:
[2026-04-03T01:54:38.485+0600][16.163s][info][gc,heap     ] GC(30) y:                Mark Start          Mark End        Relocate Start      Relocate End           High               Low         
[2026-04-03T01:54:38.485+0600][16.163s][info][gc,heap     ] GC(30) y:  Capacity:      500M (100%)        500M (100%)        500M (100%)        500M (100%)        500M (100%)        500M (100%)   
[2026-04-03T01:54:38.485+0600][16.163s][info][gc,heap     ] GC(30) y:      Free:      316M (63%)         310M (62%)         310M (62%)         318M (64%)         318M (64%)         300M (60%)    
[2026-04-03T01:54:38.485+0600][16.163s][info][gc,heap     ] GC(30) y:      Used:      184M (37%)         190M (38%)         190M (38%)         182M (36%)         200M (40%)         182M (36%)    
[2026-04-03T01:54:38.485+0600][16.163s][info][gc,heap     ] GC(30) y: Young Generation Statistics:
[2026-04-03T01:54:38.485+0600][16.164s][info][gc,heap     ] GC(30) y:                Mark Start          Mark End        Relocate Start      Relocate End    
[2026-04-03T01:54:38.485+0600][16.164s][info][gc,heap     ] GC(30) y:      Used:       28M (6%)           34M (7%)           34M (7%)           26M (5%)     
[2026-04-03T01:54:38.485+0600][16.164s][info][gc,heap     ] GC(30) y:      Live:         -                 1M (0%)            1M (0%)            1M (0%)     
[2026-04-03T01:54:38.485+0600][16.164s][info][gc,heap     ] GC(30) y:   Garbage:         -                26M (5%)           26M (5%)            0M (0%)     
[2026-04-03T01:54:38.485+0600][16.164s][info][gc,heap     ] GC(30) y: Allocated:         -                 6M (1%)            6M (1%)           24M (5%)     
[2026-04-03T01:54:38.485+0600][16.164s][info][gc,heap     ] GC(30) y: Reclaimed:         -                  -                 0M (0%)           26M (5%)     
[2026-04-03T01:54:38.485+0600][16.164s][info][gc,heap     ] GC(30) y:  Promoted:         -                  -                 0M (0%)            0M (0%)     
[2026-04-03T01:54:38.485+0600][16.164s][info][gc,heap     ] GC(30) y: Compacted:         -                  -                  -                 1M (0%)     
[2026-04-03T01:54:38.485+0600][16.164s][info][gc,phases   ] GC(30) y: Young Generation 184M(37%)->182M(36%) 0.025s
[2026-04-03T01:54:38.485+0600][16.164s][info][gc          ] GC(30) Minor Collection (Allocation Rate) 184M(37%)->182M(36%) 0.025s
[2026-04-03T01:54:38.485+0600][16.164s][info][gc          ] GC(31) Minor Collection (Allocation Rate)
[2026-04-03T01:54:38.485+0600][16.164s][info][gc,task     ] GC(31) Using 2 Workers for Young Generation
[2026-04-03T01:54:38.485+0600][16.164s][info][gc,phases   ] GC(31) y: Young Generation
[2026-04-03T01:54:38.485+0600][16.164s][info][gc,phases   ] GC(31) y: Pause Mark Start 0.021ms
[2026-04-03T01:54:38.502+0600][16.181s][info][gc,phases   ] GC(31) y: Concurrent Mark 16.576ms
[2026-04-03T01:54:38.502+0600][16.181s][info][gc,phases   ] GC(31) y: Pause Mark End 0.031ms
[2026-04-03T01:54:38.502+0600][16.181s][info][gc,phases   ] GC(31) y: Concurrent Mark Free 0.003ms
[2026-04-03T01:54:38.502+0600][16.181s][info][gc,phases   ] GC(31) y: Concurrent Reset Relocation Set 0.004ms
[2026-04-03T01:54:38.508+0600][16.187s][info][gc,reloc    ] GC(31) y: Using tenuring threshold: 3 (Computed)
[2026-04-03T01:54:38.510+0600][16.189s][info][gc,phases   ] GC(31) y: Concurrent Select Relocation Set 7.341ms
[2026-04-03T01:54:38.510+0600][16.189s][info][gc,phases   ] GC(31) y: Pause Relocate Start 0.025ms
[2026-04-03T01:54:38.513+0600][16.192s][info][gc,phases   ] GC(31) y: Concurrent Relocate 3.247ms
[2026-04-03T01:54:38.513+0600][16.192s][info][gc,alloc    ] GC(31) y:                         Mark Start        Mark End      Relocate Start    Relocate End   
[2026-04-03T01:54:38.513+0600][16.192s][info][gc,alloc    ] GC(31) y: Allocation Stalls:          0                0                0                0         
[2026-04-03T01:54:38.513+0600][16.192s][info][gc,load     ] GC(31) y: Load: 8.32 (69%) / 7.96 (66%) / 7.53 (63%)
[2026-04-03T01:54:38.513+0600][16.192s][info][gc,mmu      ] GC(31) y: MMU: 2ms/93.8%, 5ms/97.5%, 10ms/98.8%, 20ms/99.2%, 50ms/99.5%, 100ms/99.6%
[2026-04-03T01:54:38.514+0600][16.192s][info][gc,marking  ] GC(31) y: Mark: 2 stripe(s), 2 proactive flush(es), 1 terminate flush(es), 0 completion(s), 0 continuation(s) 
[2026-04-03T01:54:38.514+0600][16.192s][info][gc,marking  ] GC(31) y: Mark Stack Usage: 32M
[2026-04-03T01:54:38.514+0600][16.192s][info][gc,nmethod  ] GC(31) y: NMethods: 4473 registered, 709 unregistered
[2026-04-03T01:54:38.514+0600][16.192s][info][gc,metaspace] GC(31) y: Metaspace: 62M used, 62M committed, 1088M reserved
[2026-04-03T01:54:38.514+0600][16.192s][info][gc,reloc    ] GC(31) y:                        Candidates     Selected     In-Place         Size        Empty    Relocated 
[2026-04-03T01:54:38.514+0600][16.192s][info][gc,reloc    ] GC(31) y: Small Pages:                   13           12            0          26M           0M           1M 
[2026-04-03T01:54:38.514+0600][16.192s][info][gc,reloc    ] GC(31) y: Medium Pages:                   0            0            0           0M           0M           0M 
[2026-04-03T01:54:38.514+0600][16.192s][info][gc,reloc    ] GC(31) y: Large Pages:                    0            0            0           0M           0M           0M 
[2026-04-03T01:54:38.514+0600][16.192s][info][gc,reloc    ] GC(31) y: Forwarding Usage: 0M
[2026-04-03T01:54:38.514+0600][16.192s][info][gc,reloc    ] GC(31) y: Age Table:
[2026-04-03T01:54:38.514+0600][16.192s][info][gc,reloc    ] GC(31) y:                    Live             Garbage             Small              Medium             Large        
[2026-04-03T01:54:38.514+0600][16.192s][info][gc,reloc    ] GC(31) y: Eden               0M (0%)            5M (1%)           3 / 3              0 / 0              0 / 0        
[2026-04-03T01:54:38.514+0600][16.192s][info][gc,reloc    ] GC(31) y: Survivor 1         0M (0%)            5M (1%)           3 / 2              0 / 0              0 / 0        
[2026-04-03T01:54:38.514+0600][16.193s][info][gc,reloc    ] GC(31) y: Survivor 2         0M (0%)            7M (1%)           4 / 4              0 / 0              0 / 0        
[2026-04-03T01:54:38.514+0600][16.193s][info][gc,reloc    ] GC(31) y: Survivor 3         0M (0%)            5M (1%)           3 / 3              0 / 0              0 / 0        
[2026-04-03T01:54:38.514+0600][16.193s][info][gc,heap     ] GC(31) y: Min Capacity: 8M(2%)
[2026-04-03T01:54:38.514+0600][16.193s][info][gc,heap     ] GC(31) y: Max Capacity: 500M(100%)
[2026-04-03T01:54:38.514+0600][16.193s][info][gc,heap     ] GC(31) y: Soft Max Capacity: 500M(100%)
[2026-04-03T01:54:38.514+0600][16.193s][info][gc,heap     ] GC(31) y: Heap Statistics:
[2026-04-03T01:54:38.514+0600][16.193s][info][gc,heap     ] GC(31) y:                Mark Start          Mark End        Relocate Start      Relocate End           High               Low         
[2026-04-03T01:54:38.514+0600][16.193s][info][gc,heap     ] GC(31) y:  Capacity:      500M (100%)        500M (100%)        500M (100%)        500M (100%)        500M (100%)        500M (100%)   
[2026-04-03T01:54:38.514+0600][16.193s][info][gc,heap     ] GC(31) y:      Free:      318M (64%)         314M (63%)         312M (62%)         308M (62%)         318M (64%)         298M (60%)    
[2026-04-03T01:54:38.514+0600][16.193s][info][gc,heap     ] GC(31) y:      Used:      182M (36%)         186M (37%)         188M (38%)         192M (38%)         202M (40%)         182M (36%)    
[2026-04-03T01:54:38.514+0600][16.193s][info][gc,heap     ] GC(31) y: Young Generation Statistics:
[2026-04-03T01:54:38.514+0600][16.193s][info][gc,heap     ] GC(31) y:                Mark Start          Mark End        Relocate Start      Relocate End    
[2026-04-03T01:54:38.514+0600][16.193s][info][gc,heap     ] GC(31) y:      Used:       26M (5%)           30M (6%)           32M (6%)           32M (6%)     
[2026-04-03T01:54:38.514+0600][16.193s][info][gc,heap     ] GC(31) y:      Live:         -                 1M (0%)            1M (0%)            0M (0%)     
[2026-04-03T01:54:38.514+0600][16.193s][info][gc,heap     ] GC(31) y:   Garbage:         -                24M (5%)           24M (5%)            0M (0%)     
[2026-04-03T01:54:38.514+0600][16.193s][info][gc,heap     ] GC(31) y: Allocated:         -                 4M (1%)            6M (1%)           31M (6%)     
[2026-04-03T01:54:38.514+0600][16.193s][info][gc,heap     ] GC(31) y: Reclaimed:         -                  -                 0M (0%)           24M (5%)     
[2026-04-03T01:54:38.514+0600][16.193s][info][gc,heap     ] GC(31) y:  Promoted:         -                  -                 0M (0%)            0M (0%)     
[2026-04-03T01:54:38.514+0600][16.193s][info][gc,heap     ] GC(31) y: Compacted:         -                  -                  -                 0M (0%)     
[2026-04-03T01:54:38.514+0600][16.193s][info][gc,phases   ] GC(31) y: Young Generation 182M(36%)->192M(38%) 0.028s
[2026-04-03T01:54:38.514+0600][16.193s][info][gc          ] GC(31) Minor Collection (Allocation Rate) 182M(36%)->192M(38%) 0.029s
[2026-04-03T01:54:38.514+0600][16.193s][info][gc          ] GC(32) Minor Collection (Allocation Rate)
[2026-04-03T01:54:38.514+0600][16.193s][info][gc,task     ] GC(32) Using 2 Workers for Young Generation
[2026-04-03T01:54:38.514+0600][16.193s][info][gc,phases   ] GC(32) y: Young Generation
[2026-04-03T01:54:38.514+0600][16.193s][info][gc,phases   ] GC(32) y: Pause Mark Start 0.022ms
[2026-04-03T01:54:38.528+0600][16.206s][info][gc,phases   ] GC(32) y: Concurrent Mark 13.139ms
[2026-04-03T01:54:38.528+0600][16.207s][info][gc,phases   ] GC(32) y: Pause Mark End 0.026ms
[2026-04-03T01:54:38.528+0600][16.207s][info][gc,phases   ] GC(32) y: Concurrent Mark Free 0.003ms
[2026-04-03T01:54:38.528+0600][16.207s][info][gc,phases   ] GC(32) y: Concurrent Reset Relocation Set 0.003ms
[2026-04-03T01:54:38.532+0600][16.210s][info][gc,reloc    ] GC(32) y: Using tenuring threshold: 2 (Computed)
[2026-04-03T01:54:38.533+0600][16.212s][info][gc,phases   ] GC(32) y: Concurrent Select Relocation Set 4.989ms
[2026-04-03T01:54:38.533+0600][16.212s][info][gc,phases   ] GC(32) y: Pause Relocate Start 0.025ms
[2026-04-03T01:54:38.536+0600][16.215s][info][gc,phases   ] GC(32) y: Concurrent Relocate 2.536ms
[2026-04-03T01:54:38.536+0600][16.215s][info][gc,alloc    ] GC(32) y:                         Mark Start        Mark End      Relocate Start    Relocate End   
[2026-04-03T01:54:38.536+0600][16.215s][info][gc,alloc    ] GC(32) y: Allocation Stalls:          0                0                0                0         
[2026-04-03T01:54:38.536+0600][16.215s][info][gc,load     ] GC(32) y: Load: 8.32 (69%) / 7.96 (66%) / 7.53 (63%)
[2026-04-03T01:54:38.536+0600][16.215s][info][gc,mmu      ] GC(32) y: MMU: 2ms/93.8%, 5ms/97.5%, 10ms/98.8%, 20ms/99.2%, 50ms/99.5%, 100ms/99.6%
[2026-04-03T01:54:38.536+0600][16.215s][info][gc,marking  ] GC(32) y: Mark: 2 stripe(s), 2 proactive flush(es), 1 terminate flush(es), 0 completion(s), 0 continuation(s) 
[2026-04-03T01:54:38.536+0600][16.215s][info][gc,marking  ] GC(32) y: Mark Stack Usage: 32M
[2026-04-03T01:54:38.536+0600][16.215s][info][gc,nmethod  ] GC(32) y: NMethods: 4488 registered, 709 unregistered
[2026-04-03T01:54:38.536+0600][16.215s][info][gc,metaspace] GC(32) y: Metaspace: 62M used, 63M committed, 1088M reserved
[2026-04-03T01:54:38.536+0600][16.215s][info][gc,reloc    ] GC(32) y:                        Candidates     Selected     In-Place         Size        Empty    Relocated 
[2026-04-03T01:54:38.536+0600][16.215s][info][gc,reloc    ] GC(32) y: Small Pages:                   16           15            0          32M           0M           0M 
[2026-04-03T01:54:38.536+0600][16.215s][info][gc,reloc    ] GC(32) y: Medium Pages:                   0            0            0           0M           0M           0M 
[2026-04-03T01:54:38.536+0600][16.215s][info][gc,reloc    ] GC(32) y: Large Pages:                    0            0            0           0M           0M           0M 
[2026-04-03T01:54:38.536+0600][16.215s][info][gc,reloc    ] GC(32) y: Forwarding Usage: 0M
[2026-04-03T01:54:38.536+0600][16.215s][info][gc,reloc    ] GC(32) y: Age Table:
[2026-04-03T01:54:38.536+0600][16.215s][info][gc,reloc    ] GC(32) y:                    Live             Garbage             Small              Medium             Large        
[2026-04-03T01:54:38.536+0600][16.215s][info][gc,reloc    ] GC(32) y: Eden               0M (0%)            7M (2%)           4 / 4              0 / 0              0 / 0        
[2026-04-03T01:54:38.536+0600][16.215s][info][gc,reloc    ] GC(32) y: Survivor 1         0M (0%)            7M (2%)           4 / 4              0 / 0              0 / 0        
[2026-04-03T01:54:38.536+0600][16.215s][info][gc,reloc    ] GC(32) y: Survivor 2         0M (0%)            7M (2%)           4 / 4              0 / 0              0 / 0        
[2026-04-03T01:54:38.536+0600][16.215s][info][gc,reloc    ] GC(32) y: Survivor 3         0M (0%)            7M (1%)           4 / 3              0 / 0              0 / 0        
[2026-04-03T01:54:38.536+0600][16.215s][info][gc,heap     ] GC(32) y: Min Capacity: 8M(2%)
[2026-04-03T01:54:38.536+0600][16.215s][info][gc,heap     ] GC(32) y: Max Capacity: 500M(100%)
[2026-04-03T01:54:38.536+0600][16.215s][info][gc,heap     ] GC(32) y: Soft Max Capacity: 500M(100%)
[2026-04-03T01:54:38.536+0600][16.215s][info][gc,heap     ] GC(32) y: Heap Statistics:
[2026-04-03T01:54:38.536+0600][16.215s][info][gc,heap     ] GC(32) y:                Mark Start          Mark End        Relocate Start      Relocate End           High               Low         
[2026-04-03T01:54:38.536+0600][16.215s][info][gc,heap     ] GC(32) y:  Capacity:      500M (100%)        500M (100%)        500M (100%)        500M (100%)        500M (100%)        500M (100%)   
[2026-04-03T01:54:38.536+0600][16.215s][info][gc,heap     ] GC(32) y:      Free:      308M (62%)         304M (61%)         304M (61%)         312M (62%)         312M (62%)         294M (59%)    
[2026-04-03T01:54:38.536+0600][16.215s][info][gc,heap     ] GC(32) y:      Used:      192M (38%)         196M (39%)         196M (39%)         188M (38%)         206M (41%)         188M (38%)    
[2026-04-03T01:54:38.536+0600][16.215s][info][gc,heap     ] GC(32) y: Young Generation Statistics:
[2026-04-03T01:54:38.537+0600][16.215s][info][gc,heap     ] GC(32) y:                Mark Start          Mark End        Relocate Start      Relocate End    
[2026-04-03T01:54:38.537+0600][16.215s][info][gc,heap     ] GC(32) y:      Used:       32M (6%)           36M (7%)           36M (7%)           18M (4%)     
[2026-04-03T01:54:38.537+0600][16.215s][info][gc,heap     ] GC(32) y:      Live:         -                 0M (0%)            0M (0%)            0M (0%)     
[2026-04-03T01:54:38.537+0600][16.215s][info][gc,heap     ] GC(32) y:   Garbage:         -                31M (6%)           31M (6%)            0M (0%)     
[2026-04-03T01:54:38.537+0600][16.215s][info][gc,heap     ] GC(32) y: Allocated:         -                 4M (1%)            4M (1%)           17M (4%)     
[2026-04-03T01:54:38.537+0600][16.215s][info][gc,heap     ] GC(32) y: Reclaimed:         -                  -                 0M (0%)           31M (6%)     
[2026-04-03T01:54:38.537+0600][16.215s][info][gc,heap     ] GC(32) y:  Promoted:         -                  -                 0M (0%)            0M (0%)     
[2026-04-03T01:54:38.537+0600][16.215s][info][gc,heap     ] GC(32) y: Compacted:         -                  -                  -                 0M (0%)     
[2026-04-03T01:54:38.537+0600][16.215s][info][gc,phases   ] GC(32) y: Young Generation 192M(38%)->188M(38%) 0.022s
[2026-04-03T01:54:38.537+0600][16.215s][info][gc          ] GC(32) Minor Collection (Allocation Rate) 192M(38%)->188M(38%) 0.023s
[2026-04-03T01:54:38.720+0600][16.399s][info][gc          ] GC(33) Minor Collection (Allocation Rate)
[2026-04-03T01:54:38.721+0600][16.399s][info][gc,task     ] GC(33) Using 2 Workers for Young Generation
[2026-04-03T01:54:38.721+0600][16.399s][info][gc,phases   ] GC(33) y: Young Generation
[2026-04-03T01:54:38.721+0600][16.400s][info][gc,phases   ] GC(33) y: Pause Mark Start 0.031ms
[2026-04-03T01:54:38.736+0600][16.415s][info][gc,phases   ] GC(33) y: Concurrent Mark 15.196ms
[2026-04-03T01:54:38.737+0600][16.415s][info][gc,phases   ] GC(33) y: Pause Mark End 0.030ms
[2026-04-03T01:54:38.737+0600][16.415s][info][gc,phases   ] GC(33) y: Concurrent Mark Free 0.003ms
[2026-04-03T01:54:38.737+0600][16.416s][info][gc,phases   ] GC(33) y: Concurrent Reset Relocation Set 0.005ms
[2026-04-03T01:54:38.740+0600][16.419s][info][gc,reloc    ] GC(33) y: Using tenuring threshold: 3 (Computed)
[2026-04-03T01:54:38.741+0600][16.420s][info][gc,phases   ] GC(33) y: Concurrent Select Relocation Set 4.372ms
[2026-04-03T01:54:38.741+0600][16.420s][info][gc,phases   ] GC(33) y: Pause Relocate Start 0.029ms
[2026-04-03T01:54:38.745+0600][16.424s][info][gc,phases   ] GC(33) y: Concurrent Relocate 3.705ms
[2026-04-03T01:54:38.745+0600][16.424s][info][gc,alloc    ] GC(33) y:                         Mark Start        Mark End      Relocate Start    Relocate End   
[2026-04-03T01:54:38.745+0600][16.424s][info][gc,alloc    ] GC(33) y: Allocation Stalls:          0                0                0                0         
[2026-04-03T01:54:38.745+0600][16.424s][info][gc,load     ] GC(33) y: Load: 8.32 (69%) / 7.96 (66%) / 7.53 (63%)
[2026-04-03T01:54:38.745+0600][16.424s][info][gc,mmu      ] GC(33) y: MMU: 2ms/93.8%, 5ms/97.5%, 10ms/98.8%, 20ms/99.2%, 50ms/99.5%, 100ms/99.6%
[2026-04-03T01:54:38.745+0600][16.424s][info][gc,marking  ] GC(33) y: Mark: 2 stripe(s), 3 proactive flush(es), 1 terminate flush(es), 0 completion(s), 0 continuation(s) 
[2026-04-03T01:54:38.745+0600][16.424s][info][gc,marking  ] GC(33) y: Mark Stack Usage: 32M
[2026-04-03T01:54:38.745+0600][16.424s][info][gc,nmethod  ] GC(33) y: NMethods: 4621 registered, 709 unregistered
[2026-04-03T01:54:38.745+0600][16.424s][info][gc,metaspace] GC(33) y: Metaspace: 62M used, 63M committed, 1088M reserved
[2026-04-03T01:54:38.745+0600][16.424s][info][gc,reloc    ] GC(33) y:                        Candidates     Selected     In-Place         Size        Empty    Relocated 
[2026-04-03T01:54:38.745+0600][16.424s][info][gc,reloc    ] GC(33) y: Small Pages:                   35           33            0          70M           0M           1M 
[2026-04-03T01:54:38.745+0600][16.424s][info][gc,reloc    ] GC(33) y: Medium Pages:                   1            0            0           8M           0M           0M 
[2026-04-03T01:54:38.745+0600][16.424s][info][gc,reloc    ] GC(33) y: Large Pages:                    0            0            0           0M           0M           0M 
[2026-04-03T01:54:38.745+0600][16.424s][info][gc,reloc    ] GC(33) y: Forwarding Usage: 1M
[2026-04-03T01:54:38.745+0600][16.424s][info][gc,reloc    ] GC(33) y: Age Table:
[2026-04-03T01:54:38.745+0600][16.424s][info][gc,reloc    ] GC(33) y:                    Live             Garbage             Small              Medium             Large        
[2026-04-03T01:54:38.745+0600][16.424s][info][gc,reloc    ] GC(33) y: Eden               2M (0%)           61M (12%)         28 / 26             1 / 0              0 / 0        
[2026-04-03T01:54:38.745+0600][16.424s][info][gc,reloc    ] GC(33) y: Survivor 1         0M (0%)            7M (2%)           4 / 4              0 / 0              0 / 0        
[2026-04-03T01:54:38.745+0600][16.424s][info][gc,reloc    ] GC(33) y: Survivor 2         0M (0%)            5M (1%)           3 / 3              0 / 0              0 / 0        
[2026-04-03T01:54:38.746+0600][16.424s][info][gc,heap     ] GC(33) y: Min Capacity: 8M(2%)
[2026-04-03T01:54:38.746+0600][16.424s][info][gc,heap     ] GC(33) y: Max Capacity: 500M(100%)
[2026-04-03T01:54:38.746+0600][16.424s][info][gc,heap     ] GC(33) y: Soft Max Capacity: 500M(100%)
[2026-04-03T01:54:38.746+0600][16.424s][info][gc,heap     ] GC(33) y: Heap Statistics:
[2026-04-03T01:54:38.746+0600][16.424s][info][gc,heap     ] GC(33) y:                Mark Start          Mark End        Relocate Start      Relocate End           High               Low         
[2026-04-03T01:54:38.746+0600][16.424s][info][gc,heap     ] GC(33) y:  Capacity:      500M (100%)        500M (100%)        500M (100%)        500M (100%)        500M (100%)        500M (100%)   
[2026-04-03T01:54:38.746+0600][16.424s][info][gc,heap     ] GC(33) y:      Free:      252M (50%)         244M (49%)         242M (48%)         292M (58%)         292M (58%)         232M (46%)    
[2026-04-03T01:54:38.746+0600][16.424s][info][gc,heap     ] GC(33) y:      Used:      248M (50%)         256M (51%)         258M (52%)         208M (42%)         268M (54%)         208M (42%)    
[2026-04-03T01:54:38.746+0600][16.424s][info][gc,heap     ] GC(33) y: Young Generation Statistics:
[2026-04-03T01:54:38.746+0600][16.424s][info][gc,heap     ] GC(33) y:                Mark Start          Mark End        Relocate Start      Relocate End    
[2026-04-03T01:54:38.746+0600][16.424s][info][gc,heap     ] GC(33) y:      Used:       78M (16%)          86M (17%)          88M (18%)          38M (8%)     
[2026-04-03T01:54:38.746+0600][16.424s][info][gc,heap     ] GC(33) y:      Live:         -                 2M (0%)            2M (0%)            2M (0%)     
[2026-04-03T01:54:38.746+0600][16.424s][info][gc,heap     ] GC(33) y:   Garbage:         -                75M (15%)          75M (15%)           7M (2%)     
[2026-04-03T01:54:38.746+0600][16.424s][info][gc,heap     ] GC(33) y: Allocated:         -                 8M (2%)           10M (2%)           28M (6%)     
[2026-04-03T01:54:38.746+0600][16.424s][info][gc,heap     ] GC(33) y: Reclaimed:         -                  -                 0M (0%)           68M (14%)    
[2026-04-03T01:54:38.746+0600][16.424s][info][gc,heap     ] GC(33) y:  Promoted:         -                  -                 0M (0%)            0M (0%)     
[2026-04-03T01:54:38.746+0600][16.424s][info][gc,heap     ] GC(33) y: Compacted:         -                  -                  -                 1M (0%)     
[2026-04-03T01:54:38.746+0600][16.424s][info][gc,phases   ] GC(33) y: Young Generation 248M(50%)->208M(42%) 0.025s
[2026-04-03T01:54:38.746+0600][16.425s][info][gc          ] GC(33) Minor Collection (Allocation Rate) 248M(50%)->210M(42%) 0.025s
[2026-04-03T01:54:38.792+0600][16.471s][info][gc          ] GC(34) Minor Collection (Allocation Rate)
[2026-04-03T01:54:38.792+0600][16.471s][info][gc,task     ] GC(34) Using 2 Workers for Young Generation
[2026-04-03T01:54:38.792+0600][16.471s][info][gc,phases   ] GC(34) y: Young Generation
[2026-04-03T01:54:38.793+0600][16.472s][info][gc,phases   ] GC(34) y: Pause Mark Start 0.034ms
[2026-04-03T01:54:38.812+0600][16.491s][info][gc,phases   ] GC(34) y: Concurrent Mark 19.424ms
[2026-04-03T01:54:38.813+0600][16.492s][info][gc,phases   ] GC(34) y: Pause Mark End 0.027ms
[2026-04-03T01:54:38.813+0600][16.492s][info][gc,phases   ] GC(34) y: Concurrent Mark Free 0.003ms
[2026-04-03T01:54:38.813+0600][16.492s][info][gc,phases   ] GC(34) y: Concurrent Reset Relocation Set 0.010ms
[2026-04-03T01:54:38.815+0600][16.494s][info][gc,reloc    ] GC(34) y: Using tenuring threshold: 4 (Computed)
[2026-04-03T01:54:38.816+0600][16.495s][info][gc,phases   ] GC(34) y: Concurrent Select Relocation Set 3.378ms
[2026-04-03T01:54:38.817+0600][16.495s][info][gc,phases   ] GC(34) y: Pause Relocate Start 0.019ms
[2026-04-03T01:54:38.823+0600][16.501s][info][gc,phases   ] GC(34) y: Concurrent Relocate 5.976ms
[2026-04-03T01:54:38.823+0600][16.502s][info][gc,alloc    ] GC(34) y:                         Mark Start        Mark End      Relocate Start    Relocate End   
[2026-04-03T01:54:38.823+0600][16.502s][info][gc,alloc    ] GC(34) y: Allocation Stalls:          0                0                0                0         
[2026-04-03T01:54:38.823+0600][16.502s][info][gc,load     ] GC(34) y: Load: 8.32 (69%) / 7.96 (66%) / 7.53 (63%)
[2026-04-03T01:54:38.823+0600][16.502s][info][gc,mmu      ] GC(34) y: MMU: 2ms/93.8%, 5ms/97.5%, 10ms/98.8%, 20ms/99.2%, 50ms/99.5%, 100ms/99.6%
[2026-04-03T01:54:38.823+0600][16.502s][info][gc,marking  ] GC(34) y: Mark: 2 stripe(s), 2 proactive flush(es), 1 terminate flush(es), 0 completion(s), 0 continuation(s) 
[2026-04-03T01:54:38.823+0600][16.502s][info][gc,marking  ] GC(34) y: Mark Stack Usage: 32M
[2026-04-03T01:54:38.823+0600][16.502s][info][gc,nmethod  ] GC(34) y: NMethods: 4623 registered, 709 unregistered
[2026-04-03T01:54:38.823+0600][16.502s][info][gc,metaspace] GC(34) y: Metaspace: 62M used, 63M committed, 1088M reserved
[2026-04-03T01:54:38.823+0600][16.502s][info][gc,reloc    ] GC(34) y:                        Candidates     Selected     In-Place         Size        Empty    Relocated 
[2026-04-03T01:54:38.823+0600][16.502s][info][gc,reloc    ] GC(34) y: Small Pages:                   31           27            0          62M           2M           2M 
[2026-04-03T01:54:38.823+0600][16.502s][info][gc,reloc    ] GC(34) y: Medium Pages:                   2            0            0          16M           8M           0M 
[2026-04-03T01:54:38.823+0600][16.502s][info][gc,reloc    ] GC(34) y: Large Pages:                    0            0            0           0M           0M           0M 
[2026-04-03T01:54:38.823+0600][16.502s][info][gc,reloc    ] GC(34) y: Forwarding Usage: 1M
[2026-04-03T01:54:38.823+0600][16.502s][info][gc,reloc    ] GC(34) y: Age Table:
[2026-04-03T01:54:38.823+0600][16.502s][info][gc,reloc    ] GC(34) y:                    Live             Garbage             Small              Medium             Large        
[2026-04-03T01:54:38.823+0600][16.502s][info][gc,reloc    ] GC(34) y: Eden               2M (1%)           47M (9%)          21 / 19             1 / 0              0 / 0        
[2026-04-03T01:54:38.823+0600][16.502s][info][gc,reloc    ] GC(34) y: Survivor 1         1M (0%)           14M (3%)           4 / 2              1 / 0              0 / 0        
[2026-04-03T01:54:38.823+0600][16.502s][info][gc,reloc    ] GC(34) y: Survivor 2         0M (0%)            5M (1%)           3 / 3              0 / 0              0 / 0        
[2026-04-03T01:54:38.823+0600][16.502s][info][gc,reloc    ] GC(34) y: Survivor 3         0M (0%)            5M (1%)           3 / 3              0 / 0              0 / 0        
[2026-04-03T01:54:38.823+0600][16.502s][info][gc,heap     ] GC(34) y: Min Capacity: 8M(2%)
[2026-04-03T01:54:38.823+0600][16.502s][info][gc,heap     ] GC(34) y: Max Capacity: 500M(100%)
[2026-04-03T01:54:38.823+0600][16.502s][info][gc,heap     ] GC(34) y: Soft Max Capacity: 500M(100%)
[2026-04-03T01:54:38.823+0600][16.502s][info][gc,heap     ] GC(34) y: Heap Statistics:
[2026-04-03T01:54:38.823+0600][16.502s][info][gc,heap     ] GC(34) y:                Mark Start          Mark End        Relocate Start      Relocate End           High               Low         
[2026-04-03T01:54:38.823+0600][16.502s][info][gc,heap     ] GC(34) y:  Capacity:      500M (100%)        500M (100%)        500M (100%)        500M (100%)        500M (100%)        500M (100%)   
[2026-04-03T01:54:38.823+0600][16.502s][info][gc,heap     ] GC(34) y:      Free:      252M (50%)         236M (47%)         244M (49%)         276M (55%)         276M (55%)         236M (47%)    
[2026-04-03T01:54:38.823+0600][16.502s][info][gc,heap     ] GC(34) y:      Used:      248M (50%)         264M (53%)         256M (51%)         224M (45%)         264M (53%)         224M (45%)    
[2026-04-03T01:54:38.823+0600][16.502s][info][gc,heap     ] GC(34) y: Young Generation Statistics:
[2026-04-03T01:54:38.823+0600][16.502s][info][gc,heap     ] GC(34) y:                Mark Start          Mark End        Relocate Start      Relocate End    
[2026-04-03T01:54:38.823+0600][16.502s][info][gc,heap     ] GC(34) y:      Used:       78M (16%)          94M (19%)          86M (17%)          54M (11%)    
[2026-04-03T01:54:38.823+0600][16.502s][info][gc,heap     ] GC(34) y:      Live:         -                 4M (1%)            4M (1%)            4M (1%)     
[2026-04-03T01:54:38.823+0600][16.502s][info][gc,heap     ] GC(34) y:   Garbage:         -                73M (15%)          63M (13%)           8M (2%)     
[2026-04-03T01:54:38.823+0600][16.502s][info][gc,heap     ] GC(34) y: Allocated:         -                16M (3%)           18M (4%)           41M (8%)     
[2026-04-03T01:54:38.823+0600][16.502s][info][gc,heap     ] GC(34) y: Reclaimed:         -                  -                10M (2%)           65M (13%)    
[2026-04-03T01:54:38.823+0600][16.502s][info][gc,heap     ] GC(34) y:  Promoted:         -                  -                 0M (0%)            0M (0%)     
[2026-04-03T01:54:38.823+0600][16.502s][info][gc,heap     ] GC(34) y: Compacted:         -                  -                  -                 2M (1%)     
[2026-04-03T01:54:38.823+0600][16.502s][info][gc,phases   ] GC(34) y: Young Generation 248M(50%)->224M(45%) 0.030s
[2026-04-03T01:54:38.823+0600][16.502s][info][gc          ] GC(34) Minor Collection (Allocation Rate) 248M(50%)->224M(45%) 0.031s
[2026-04-03T01:54:38.839+0600][16.518s][info][gc,phases   ] GC(29) O: Concurrent Mark 385.572ms
[2026-04-03T01:54:38.839+0600][16.518s][info][gc,phases   ] GC(29) O: Pause Mark End 0.033ms
[2026-04-03T01:54:38.839+0600][16.518s][info][gc,phases   ] GC(29) O: Concurrent Mark Free 0.003ms
[2026-04-03T01:54:38.859+0600][16.538s][info][gc,phases   ] GC(29) O: Concurrent Process Non-Strong 19.817ms
[2026-04-03T01:54:38.859+0600][16.538s][info][gc,phases   ] GC(29) O: Concurrent Reset Relocation Set 0.008ms
[2026-04-03T01:54:38.862+0600][16.541s][info][gc,phases   ] GC(29) O: Concurrent Select Relocation Set 3.204ms
[2026-04-03T01:54:38.863+0600][16.541s][info][gc,task     ] GC(29) O: Using 3 Workers for Old Generation
[2026-04-03T01:54:38.886+0600][16.565s][info][gc,task     ] GC(29) O: Using 1 Workers for Old Generation
[2026-04-03T01:54:38.886+0600][16.565s][info][gc,phases   ] GC(29) O: Concurrent Remap Roots 23.977ms
[2026-04-03T01:54:38.887+0600][16.566s][info][gc,phases   ] GC(29) O: Pause Relocate Start 0.035ms
[2026-04-03T01:54:38.893+0600][16.572s][info][gc,phases   ] GC(29) O: Concurrent Relocate 6.021ms
[2026-04-03T01:54:38.893+0600][16.572s][info][gc,alloc    ] GC(29) O:                         Mark Start        Mark End      Relocate Start    Relocate End   
[2026-04-03T01:54:38.893+0600][16.572s][info][gc,alloc    ] GC(29) O: Allocation Stalls:          0                0                0                0         
[2026-04-03T01:54:38.893+0600][16.572s][info][gc,load     ] GC(29) O: Load: 8.32 (69%) / 7.96 (66%) / 7.53 (63%)
[2026-04-03T01:54:38.893+0600][16.572s][info][gc,mmu      ] GC(29) O: MMU: 2ms/93.8%, 5ms/97.5%, 10ms/98.8%, 20ms/99.2%, 50ms/99.5%, 100ms/99.6%
[2026-04-03T01:54:38.893+0600][16.572s][info][gc,marking  ] GC(29) O: Mark: 1 stripe(s), 2 proactive flush(es), 1 terminate flush(es), 0 completion(s), 0 continuation(s) 
[2026-04-03T01:54:38.893+0600][16.572s][info][gc,marking  ] GC(29) O: Mark Stack Usage: 32M
[2026-04-03T01:54:38.893+0600][16.572s][info][gc,nmethod  ] GC(29) O: NMethods: 4584 registered, 758 unregistered
[2026-04-03T01:54:38.893+0600][16.572s][info][gc,metaspace] GC(29) O: Metaspace: 62M used, 63M committed, 1088M reserved
[2026-04-03T01:54:38.893+0600][16.572s][info][gc,ref      ] GC(29) O:                       Encountered   Discovered     Enqueued 
[2026-04-03T01:54:38.893+0600][16.572s][info][gc,ref      ] GC(29) O: Soft References:             5146            0            0 
[2026-04-03T01:54:38.893+0600][16.572s][info][gc,ref      ] GC(29) O: Weak References:             8342         3182           99 
[2026-04-03T01:54:38.893+0600][16.572s][info][gc,ref      ] GC(29) O: Final References:              74            0            0 
[2026-04-03T01:54:38.893+0600][16.572s][info][gc,ref      ] GC(29) O: Phantom References:           599          207            0 
[2026-04-03T01:54:38.893+0600][16.572s][info][gc,reloc    ] GC(29) O:                        Candidates     Selected     In-Place         Size        Empty    Relocated 
[2026-04-03T01:54:38.893+0600][16.572s][info][gc,reloc    ] GC(29) O: Small Pages:                   63            7            0         126M           0M           2M 
[2026-04-03T01:54:38.893+0600][16.572s][info][gc,reloc    ] GC(29) O: Medium Pages:                   1            0            0           8M           0M           0M 
[2026-04-03T01:54:38.893+0600][16.572s][info][gc,reloc    ] GC(29) O: Large Pages:                    4            0            0          22M          10M           0M 
[2026-04-03T01:54:38.893+0600][16.572s][info][gc,reloc    ] GC(29) O: Forwarding Usage: 1M
[2026-04-03T01:54:38.893+0600][16.572s][info][gc,heap     ] GC(29) O: Min Capacity: 8M(2%)
[2026-04-03T01:54:38.893+0600][16.572s][info][gc,heap     ] GC(29) O: Max Capacity: 500M(100%)
[2026-04-03T01:54:38.893+0600][16.572s][info][gc,heap     ] GC(29) O: Soft Max Capacity: 500M(100%)
[2026-04-03T01:54:38.893+0600][16.572s][info][gc,heap     ] GC(29) O: Heap Statistics:
[2026-04-03T01:54:38.893+0600][16.572s][info][gc,heap     ] GC(29) O:                Mark Start          Mark End        Relocate Start      Relocate End           High               Low         
[2026-04-03T01:54:38.893+0600][16.572s][info][gc,heap     ] GC(29) O:  Capacity:      500M (100%)        500M (100%)        500M (100%)        500M (100%)        500M (100%)        500M (100%)   
[2026-04-03T01:54:38.893+0600][16.572s][info][gc,heap     ] GC(29) O:      Free:      300M (60%)         264M (53%)         234M (47%)         240M (48%)         318M (64%)         230M (46%)    
[2026-04-03T01:54:38.893+0600][16.572s][info][gc,heap     ] GC(29) O:      Used:      200M (40%)         236M (47%)         266M (53%)         260M (52%)         270M (54%)         182M (36%)    
[2026-04-03T01:54:38.893+0600][16.572s][info][gc,heap     ] GC(29) O: Old Generation Statistics:
[2026-04-03T01:54:38.893+0600][16.572s][info][gc,heap     ] GC(29) O:                Mark Start          Mark End        Relocate Start      Relocate End    
[2026-04-03T01:54:38.893+0600][16.572s][info][gc,heap     ] GC(29) O:      Used:      156M (31%)         170M (34%)         160M (32%)         152M (30%)    
[2026-04-03T01:54:38.893+0600][16.572s][info][gc,heap     ] GC(29) O:      Live:         -               122M (25%)         122M (25%)         122M (25%)    
[2026-04-03T01:54:38.893+0600][16.572s][info][gc,heap     ] GC(29) O:   Garbage:         -                33M (7%)           23M (5%)            8M (2%)     
[2026-04-03T01:54:38.893+0600][16.572s][info][gc,heap     ] GC(29) O: Allocated:         -                14M (3%)           14M (3%)           21M (4%)     
[2026-04-03T01:54:38.893+0600][16.572s][info][gc,heap     ] GC(29) O: Reclaimed:         -                  -                10M (2%)           25M (5%)     
[2026-04-03T01:54:38.893+0600][16.572s][info][gc,heap     ] GC(29) O: Compacted:         -                  -                  -                 2M (1%)     
[2026-04-03T01:54:38.893+0600][16.572s][info][gc,phases   ] GC(29) O: Old Generation 182M(36%)->260M(52%) 0.440s
[2026-04-03T01:54:38.893+0600][16.572s][info][gc          ] GC(29) Major Collection (Allocation Rate) 200M(40%)->262M(52%) 0.470s
[2026-04-03T01:54:38.999+0600][16.678s][info][gc          ] GC(35) Minor Collection (Allocation Rate)
[2026-04-03T01:54:38.999+0600][16.678s][info][gc,task     ] GC(35) Using 2 Workers for Young Generation
[2026-04-03T01:54:38.999+0600][16.678s][info][gc,phases   ] GC(35) y: Young Generation
[2026-04-03T01:54:38.999+0600][16.678s][info][gc,phases   ] GC(35) y: Pause Mark Start 0.021ms
[2026-04-03T01:54:39.053+0600][16.732s][info][gc,phases   ] GC(35) y: Concurrent Mark 53.702ms
[2026-04-03T01:54:39.053+0600][16.732s][info][gc,phases   ] GC(35) y: Pause Mark End 0.022ms
[2026-04-03T01:54:39.053+0600][16.732s][info][gc,phases   ] GC(35) y: Concurrent Mark Free 0.002ms
[2026-04-03T01:54:39.053+0600][16.732s][info][gc,phases   ] GC(35) y: Concurrent Reset Relocation Set 0.006ms
[2026-04-03T01:54:39.055+0600][16.734s][info][gc,reloc    ] GC(35) y: Using tenuring threshold: 4 (Computed)
[2026-04-03T01:54:39.062+0600][16.741s][info][gc,phases   ] GC(35) y: Concurrent Select Relocation Set 8.651ms
[2026-04-03T01:54:39.062+0600][16.741s][info][gc,phases   ] GC(35) y: Pause Relocate Start 0.024ms
[2026-04-03T01:54:39.093+0600][16.772s][info][gc,phases   ] GC(35) y: Concurrent Relocate 30.669ms
[2026-04-03T01:54:39.093+0600][16.772s][info][gc,alloc    ] GC(35) y:                         Mark Start        Mark End      Relocate Start    Relocate End   
[2026-04-03T01:54:39.093+0600][16.772s][info][gc,alloc    ] GC(35) y: Allocation Stalls:          0                0                0                0         
[2026-04-03T01:54:39.093+0600][16.772s][info][gc,load     ] GC(35) y: Load: 8.32 (69%) / 7.96 (66%) / 7.53 (63%)
[2026-04-03T01:54:39.093+0600][16.772s][info][gc,mmu      ] GC(35) y: MMU: 2ms/93.8%, 5ms/97.5%, 10ms/98.8%, 20ms/99.2%, 50ms/99.5%, 100ms/99.6%
[2026-04-03T01:54:39.093+0600][16.772s][info][gc,marking  ] GC(35) y: Mark: 2 stripe(s), 10 proactive flush(es), 1 terminate flush(es), 0 completion(s), 0 continuation(s) 
[2026-04-03T01:54:39.093+0600][16.772s][info][gc,marking  ] GC(35) y: Mark Stack Usage: 32M
[2026-04-03T01:54:39.093+0600][16.772s][info][gc,nmethod  ] GC(35) y: NMethods: 4688 registered, 758 unregistered
[2026-04-03T01:54:39.093+0600][16.772s][info][gc,metaspace] GC(35) y: Metaspace: 62M used, 63M committed, 1088M reserved
[2026-04-03T01:54:39.093+0600][16.772s][info][gc,reloc    ] GC(35) y:                        Candidates     Selected     In-Place         Size        Empty    Relocated 
[2026-04-03T01:54:39.093+0600][16.772s][info][gc,reloc    ] GC(35) y: Small Pages:                  123          105            0         246M          14M          13M 
[2026-04-03T01:54:39.093+0600][16.772s][info][gc,reloc    ] GC(35) y: Medium Pages:                   1            0            0           8M           8M           0M 
[2026-04-03T01:54:39.093+0600][16.772s][info][gc,reloc    ] GC(35) y: Large Pages:                    2            0            0           6M           2M           0M 
[2026-04-03T01:54:39.093+0600][16.772s][info][gc,reloc    ] GC(35) y: Forwarding Usage: 11M
[2026-04-03T01:54:39.093+0600][16.772s][info][gc,reloc    ] GC(35) y: Age Table:
[2026-04-03T01:54:39.094+0600][16.772s][info][gc,reloc    ] GC(35) y:                    Live             Garbage             Small              Medium             Large        
[2026-04-03T01:54:39.094+0600][16.772s][info][gc,reloc    ] GC(35) y: Eden              17M (4%)          208M (42%)        110 / 96             0 / 0              2 / 0        
[2026-04-03T01:54:39.094+0600][16.772s][info][gc,reloc    ] GC(35) y: Survivor 1         2M (0%)           11M (2%)           3 / 2              1 / 0              0 / 0        
[2026-04-03T01:54:39.094+0600][16.772s][info][gc,reloc    ] GC(35) y: Survivor 2         1M (0%)            8M (2%)           5 / 3              0 / 0              0 / 0        
[2026-04-03T01:54:39.094+0600][16.772s][info][gc,reloc    ] GC(35) y: Survivor 3         0M (0%)            3M (1%)           2 / 2              0 / 0              0 / 0        
[2026-04-03T01:54:39.094+0600][16.772s][info][gc,reloc    ] GC(35) y: Survivor 4         0M (0%)            5M (1%)           3 / 2              0 / 0              0 / 0        
[2026-04-03T01:54:39.094+0600][16.772s][info][gc,heap     ] GC(35) y: Min Capacity: 8M(2%)
[2026-04-03T01:54:39.094+0600][16.772s][info][gc,heap     ] GC(35) y: Max Capacity: 500M(100%)
[2026-04-03T01:54:39.094+0600][16.772s][info][gc,heap     ] GC(35) y: Soft Max Capacity: 500M(100%)
[2026-04-03T01:54:39.094+0600][16.772s][info][gc,heap     ] GC(35) y: Heap Statistics:
[2026-04-03T01:54:39.094+0600][16.773s][info][gc,heap     ] GC(35) y:                Mark Start          Mark End        Relocate Start      Relocate End           High               Low         
[2026-04-03T01:54:39.094+0600][16.773s][info][gc,heap     ] GC(35) y:  Capacity:      500M (100%)        500M (100%)        500M (100%)        500M (100%)        500M (100%)        500M (100%)   
[2026-04-03T01:54:39.094+0600][16.773s][info][gc,heap     ] GC(35) y:      Free:       88M (18%)          68M (14%)          92M (18%)         282M (56%)         282M (56%)          68M (14%)    
[2026-04-03T01:54:39.094+0600][16.773s][info][gc,heap     ] GC(35) y:      Used:      412M (82%)         432M (86%)         408M (82%)         218M (44%)         432M (86%)         218M (44%)    
[2026-04-03T01:54:39.094+0600][16.773s][info][gc,heap     ] GC(35) y: Young Generation Statistics:
[2026-04-03T01:54:39.094+0600][16.773s][info][gc,heap     ] GC(35) y:                Mark Start          Mark End        Relocate Start      Relocate End    
[2026-04-03T01:54:39.094+0600][16.773s][info][gc,heap     ] GC(35) y:      Used:      260M (52%)         280M (56%)         256M (51%)          64M (13%)    
[2026-04-03T01:54:39.094+0600][16.773s][info][gc,heap     ] GC(35) y:      Live:         -                21M (4%)           21M (4%)           21M (4%)     
[2026-04-03T01:54:39.094+0600][16.773s][info][gc,heap     ] GC(35) y:   Garbage:         -               238M (48%)         214M (43%)           1M (0%)     
[2026-04-03T01:54:39.094+0600][16.773s][info][gc,heap     ] GC(35) y: Allocated:         -                20M (4%)           20M (4%)           40M (8%)     
[2026-04-03T01:54:39.094+0600][16.773s][info][gc,heap     ] GC(35) y: Reclaimed:         -                  -                24M (5%)          236M (47%)    
[2026-04-03T01:54:39.094+0600][16.773s][info][gc,heap     ] GC(35) y:  Promoted:         -                  -                 0M (0%)            0M (0%)     
[2026-04-03T01:54:39.094+0600][16.773s][info][gc,heap     ] GC(35) y: Compacted:         -                  -                  -                15M (3%)     
[2026-04-03T01:54:39.094+0600][16.773s][info][gc,phases   ] GC(35) y: Young Generation 412M(82%)->218M(44%) 0.094s
[2026-04-03T01:54:39.094+0600][16.773s][info][gc          ] GC(35) Minor Collection (Allocation Rate) 412M(82%)->218M(44%) 0.095s
[2026-04-03T01:54:39.177+0600][16.856s][info][gc          ] GC(36) Minor Collection (Allocation Rate)
[2026-04-03T01:54:39.177+0600][16.856s][info][gc,task     ] GC(36) Using 3 Workers for Young Generation
[2026-04-03T01:54:39.177+0600][16.856s][info][gc,phases   ] GC(36) y: Young Generation
[2026-04-03T01:54:39.177+0600][16.856s][info][gc,phases   ] GC(36) y: Pause Mark Start 0.018ms
[2026-04-03T01:54:39.209+0600][16.888s][info][gc,phases   ] GC(36) y: Concurrent Mark 31.818ms
[2026-04-03T01:54:39.210+0600][16.888s][info][gc,phases   ] GC(36) y: Pause Mark End 0.032ms
[2026-04-03T01:54:39.210+0600][16.889s][info][gc,phases   ] GC(36) y: Concurrent Mark Free 0.001ms
[2026-04-03T01:54:39.210+0600][16.889s][info][gc,phases   ] GC(36) y: Concurrent Reset Relocation Set 0.022ms
[2026-04-03T01:54:39.215+0600][16.894s][info][gc,reloc    ] GC(36) y: Using tenuring threshold: 1 (Computed)
[2026-04-03T01:54:39.224+0600][16.903s][info][gc,phases   ] GC(36) y: Concurrent Select Relocation Set 14.097ms
[2026-04-03T01:54:39.224+0600][16.903s][info][gc,phases   ] GC(36) y: Pause Relocate Start 0.033ms
[2026-04-03T01:54:39.243+0600][16.922s][info][gc,phases   ] GC(36) y: Concurrent Relocate 18.705ms
[2026-04-03T01:54:39.243+0600][16.922s][info][gc,alloc    ] GC(36) y:                         Mark Start        Mark End      Relocate Start    Relocate End   
[2026-04-03T01:54:39.243+0600][16.922s][info][gc,alloc    ] GC(36) y: Allocation Stalls:          0                0                0                0         
[2026-04-03T01:54:39.243+0600][16.922s][info][gc,load     ] GC(36) y: Load: 8.32 (69%) / 7.96 (66%) / 7.53 (63%)
[2026-04-03T01:54:39.243+0600][16.922s][info][gc,mmu      ] GC(36) y: MMU: 2ms/93.8%, 5ms/97.5%, 10ms/98.8%, 20ms/99.2%, 50ms/99.5%, 100ms/99.6%
[2026-04-03T01:54:39.243+0600][16.922s][info][gc,marking  ] GC(36) y: Mark: 2 stripe(s), 2 proactive flush(es), 1 terminate flush(es), 0 completion(s), 0 continuation(s) 
[2026-04-03T01:54:39.243+0600][16.922s][info][gc,marking  ] GC(36) y: Mark Stack Usage: 32M
[2026-04-03T01:54:39.243+0600][16.922s][info][gc,nmethod  ] GC(36) y: NMethods: 4742 registered, 758 unregistered
[2026-04-03T01:54:39.243+0600][16.922s][info][gc,metaspace] GC(36) y: Metaspace: 62M used, 63M committed, 1088M reserved
[2026-04-03T01:54:39.243+0600][16.922s][info][gc,reloc    ] GC(36) y:                        Candidates     Selected     In-Place         Size        Empty    Relocated 
[2026-04-03T01:54:39.243+0600][16.922s][info][gc,reloc    ] GC(36) y: Small Pages:                   44           19            0          88M          30M           3M 
[2026-04-03T01:54:39.243+0600][16.922s][info][gc,reloc    ] GC(36) y: Medium Pages:                   0            0            0           0M           0M           0M 
[2026-04-03T01:54:39.243+0600][16.922s][info][gc,reloc    ] GC(36) y: Large Pages:                    1            0            0           4M           0M           0M 
[2026-04-03T01:54:39.243+0600][16.922s][info][gc,reloc    ] GC(36) y: Forwarding Usage: 2M
[2026-04-03T01:54:39.243+0600][16.922s][info][gc,reloc    ] GC(36) y: Age Table:
[2026-04-03T01:54:39.243+0600][16.922s][info][gc,reloc    ] GC(36) y:                    Live             Garbage             Small              Medium             Large        
[2026-04-03T01:54:39.243+0600][16.922s][info][gc,reloc    ] GC(36) y: Eden               0M (0%)           51M (10%)         26 / 10             0 / 0              0 / 0        
[2026-04-03T01:54:39.243+0600][16.922s][info][gc,reloc    ] GC(36) y: Survivor 1        17M (4%)            2M (0%)           8 / 1              0 / 0              1 / 0        
[2026-04-03T01:54:39.243+0600][16.922s][info][gc,reloc    ] GC(36) y: Survivor 2         2M (0%)            1M (0%)           2 / 0              0 / 0              0 / 0        
[2026-04-03T01:54:39.243+0600][16.922s][info][gc,reloc    ] GC(36) y: Survivor 3         1M (0%)            8M (2%)           5 / 5              0 / 0              0 / 0        
[2026-04-03T01:54:39.243+0600][16.922s][info][gc,reloc    ] GC(36) y: Survivor 4         0M (0%)            5M (1%)           3 / 3              0 / 0              0 / 0        
[2026-04-03T01:54:39.243+0600][16.922s][info][gc,heap     ] GC(36) y: Min Capacity: 8M(2%)
[2026-04-03T01:54:39.243+0600][16.922s][info][gc,heap     ] GC(36) y: Max Capacity: 500M(100%)
[2026-04-03T01:54:39.243+0600][16.922s][info][gc,heap     ] GC(36) y: Soft Max Capacity: 500M(100%)
[2026-04-03T01:54:39.243+0600][16.922s][info][gc,heap     ] GC(36) y: Heap Statistics:
[2026-04-03T01:54:39.243+0600][16.922s][info][gc,heap     ] GC(36) y:                Mark Start          Mark End        Relocate Start      Relocate End           High               Low         
[2026-04-03T01:54:39.243+0600][16.922s][info][gc,heap     ] GC(36) y:  Capacity:      500M (100%)        500M (100%)        500M (100%)        500M (100%)        500M (100%)        500M (100%)   
[2026-04-03T01:54:39.243+0600][16.922s][info][gc,heap     ] GC(36) y:      Free:      254M (51%)         196M (39%)         192M (38%)         180M (36%)         254M (51%)         180M (36%)    
[2026-04-03T01:54:39.243+0600][16.922s][info][gc,heap     ] GC(36) y:      Used:      246M (49%)         304M (61%)         308M (62%)         320M (64%)         320M (64%)         246M (49%)    
[2026-04-03T01:54:39.243+0600][16.922s][info][gc,heap     ] GC(36) y: Young Generation Statistics:
[2026-04-03T01:54:39.243+0600][16.922s][info][gc,heap     ] GC(36) y:                Mark Start          Mark End        Relocate Start      Relocate End    
[2026-04-03T01:54:39.243+0600][16.922s][info][gc,heap     ] GC(36) y:      Used:       92M (18%)         150M (30%)         136M (27%)         140M (28%)    
[2026-04-03T01:54:39.243+0600][16.922s][info][gc,heap     ] GC(36) y:      Live:         -                21M (4%)            4M (1%)            0M (0%)     
[2026-04-03T01:54:39.243+0600][16.922s][info][gc,heap     ] GC(36) y:   Garbage:         -                70M (14%)          39M (8%)            0M (0%)     
[2026-04-03T01:54:39.243+0600][16.922s][info][gc,heap     ] GC(36) y: Allocated:         -                58M (12%)          92M (18%)         139M (28%)    
[2026-04-03T01:54:39.243+0600][16.922s][info][gc,heap     ] GC(36) y: Reclaimed:         -                  -                30M (6%)           70M (14%)    
[2026-04-03T01:54:39.243+0600][16.922s][info][gc,heap     ] GC(36) y:  Promoted:         -                  -                17M (3%)           21M (4%)     
[2026-04-03T01:54:39.243+0600][16.922s][info][gc,heap     ] GC(36) y: Compacted:         -                  -                  -                 0M (0%)     
[2026-04-03T01:54:39.243+0600][16.922s][info][gc,phases   ] GC(36) y: Young Generation 246M(49%)->320M(64%) 0.066s
[2026-04-03T01:54:39.243+0600][16.922s][info][gc          ] GC(36) Minor Collection (Allocation Rate) 246M(49%)->322M(64%) 0.066s
[2026-04-03T01:54:39.244+0600][16.922s][info][gc          ] GC(37) Major Collection (Allocation Rate)
[2026-04-03T01:54:39.244+0600][16.922s][info][gc,task     ] GC(37) Using 3 Workers for Young Generation
[2026-04-03T01:54:39.244+0600][16.922s][info][gc,task     ] GC(37) Using 1 Workers for Old Generation
[2026-04-03T01:54:39.244+0600][16.922s][info][gc,phases   ] GC(37) Y: Young Generation
[2026-04-03T01:54:39.244+0600][16.923s][info][gc,phases   ] GC(37) Y: Pause Mark Start (Major) 0.034ms
[2026-04-03T01:54:39.253+0600][16.931s][info][gc,phases   ] GC(37) Y: Concurrent Mark 8.650ms
[2026-04-03T01:54:39.253+0600][16.932s][info][gc,phases   ] GC(37) Y: Pause Mark End 0.026ms
[2026-04-03T01:54:39.253+0600][16.932s][info][gc,phases   ] GC(37) Y: Concurrent Mark Free 0.001ms
[2026-04-03T01:54:39.253+0600][16.932s][info][gc,phases   ] GC(37) Y: Concurrent Reset Relocation Set 0.024ms
[2026-04-03T01:54:39.258+0600][16.937s][info][gc,reloc    ] GC(37) Y: Using tenuring threshold: 1 (Computed)
[2026-04-03T01:54:39.259+0600][16.937s][info][gc,phases   ] GC(37) Y: Concurrent Select Relocation Set 5.601ms
[2026-04-03T01:54:39.259+0600][16.938s][info][gc,phases   ] GC(37) Y: Pause Relocate Start 0.016ms
[2026-04-03T01:54:39.260+0600][16.938s][info][gc,phases   ] GC(37) Y: Concurrent Relocate 0.801ms
[2026-04-03T01:54:39.260+0600][16.939s][info][gc,alloc    ] GC(37) Y:                         Mark Start        Mark End      Relocate Start    Relocate End   
[2026-04-03T01:54:39.260+0600][16.939s][info][gc,alloc    ] GC(37) Y: Allocation Stalls:          0                0                0                0         
[2026-04-03T01:54:39.260+0600][16.939s][info][gc,load     ] GC(37) Y: Load: 8.32 (69%) / 7.96 (66%) / 7.53 (63%)
[2026-04-03T01:54:39.260+0600][16.939s][info][gc,mmu      ] GC(37) Y: MMU: 2ms/93.8%, 5ms/97.5%, 10ms/98.8%, 20ms/99.2%, 50ms/99.5%, 100ms/99.6%
[2026-04-03T01:54:39.260+0600][16.939s][info][gc,marking  ] GC(37) Y: Mark: 2 stripe(s), 2 proactive flush(es), 1 terminate flush(es), 0 completion(s), 0 continuation(s) 
[2026-04-03T01:54:39.260+0600][16.939s][info][gc,marking  ] GC(37) Y: Mark Stack Usage: 32M
[2026-04-03T01:54:39.260+0600][16.939s][info][gc,nmethod  ] GC(37) Y: NMethods: 4743 registered, 758 unregistered
[2026-04-03T01:54:39.260+0600][16.939s][info][gc,metaspace] GC(37) Y: Metaspace: 62M used, 63M committed, 1088M reserved
[2026-04-03T01:54:39.260+0600][16.939s][info][gc,reloc    ] GC(37) Y:                        Candidates     Selected     In-Place         Size        Empty    Relocated 
[2026-04-03T01:54:39.260+0600][16.939s][info][gc,reloc    ] GC(37) Y: Small Pages:                   71            9            0         142M         122M           0M 
[2026-04-03T01:54:39.260+0600][16.939s][info][gc,reloc    ] GC(37) Y: Medium Pages:                   0            0            0           0M           0M           0M 
[2026-04-03T01:54:39.260+0600][16.939s][info][gc,reloc    ] GC(37) Y: Large Pages:                    0            0            0           0M           0M           0M 
[2026-04-03T01:54:39.260+0600][16.939s][info][gc,reloc    ] GC(37) Y: Forwarding Usage: 0M
[2026-04-03T01:54:39.260+0600][16.939s][info][gc,reloc    ] GC(37) Y: Age Table:
[2026-04-03T01:54:39.260+0600][16.939s][info][gc,reloc    ] GC(37) Y:                    Live             Garbage             Small              Medium             Large        
[2026-04-03T01:54:39.260+0600][16.939s][info][gc,reloc    ] GC(37) Y: Eden               0M (0%)          133M (27%)         67 / 5              0 / 0              0 / 0        
[2026-04-03T01:54:39.260+0600][16.939s][info][gc,reloc    ] GC(37) Y: Survivor 1         0M (0%)            7M (2%)           4 / 4              0 / 0              0 / 0        
[2026-04-03T01:54:39.260+0600][16.939s][info][gc,heap     ] GC(37) Y: Min Capacity: 8M(2%)
[2026-04-03T01:54:39.260+0600][16.939s][info][gc,heap     ] GC(37) Y: Max Capacity: 500M(100%)
[2026-04-03T01:54:39.260+0600][16.939s][info][gc,heap     ] GC(37) Y: Soft Max Capacity: 500M(100%)
[2026-04-03T01:54:39.260+0600][16.939s][info][gc,heap     ] GC(37) Y: Heap Statistics:
[2026-04-03T01:54:39.260+0600][16.939s][info][gc,heap     ] GC(37) Y:                Mark Start          Mark End        Relocate Start      Relocate End           High               Low         
[2026-04-03T01:54:39.260+0600][16.939s][info][gc,heap     ] GC(37) Y:  Capacity:      500M (100%)        500M (100%)        500M (100%)        500M (100%)        500M (100%)        500M (100%)   
[2026-04-03T01:54:39.260+0600][16.939s][info][gc,heap     ] GC(37) Y:      Free:      178M (36%)         156M (31%)         266M (53%)         268M (54%)         268M (54%)         144M (29%)    
[2026-04-03T01:54:39.260+0600][16.939s][info][gc,heap     ] GC(37) Y:      Used:      322M (64%)         344M (69%)         234M (47%)         232M (46%)         356M (71%)         232M (46%)    
[2026-04-03T01:54:39.260+0600][16.939s][info][gc,heap     ] GC(37) Y: Young Generation Statistics:
[2026-04-03T01:54:39.260+0600][16.939s][info][gc,heap     ] GC(37) Y:                Mark Start          Mark End        Relocate Start      Relocate End    
[2026-04-03T01:54:39.260+0600][16.939s][info][gc,heap     ] GC(37) Y:      Used:      142M (28%)         164M (33%)          54M (11%)          44M (9%)     
[2026-04-03T01:54:39.260+0600][16.939s][info][gc,heap     ] GC(37) Y:      Live:         -                 0M (0%)            0M (0%)            0M (0%)     
[2026-04-03T01:54:39.260+0600][16.939s][info][gc,heap     ] GC(37) Y:   Garbage:         -               141M (28%)          19M (4%)            0M (0%)     
[2026-04-03T01:54:39.260+0600][16.939s][info][gc,heap     ] GC(37) Y: Allocated:         -                22M (4%)           34M (7%)           43M (9%)     
[2026-04-03T01:54:39.260+0600][16.939s][info][gc,heap     ] GC(37) Y: Reclaimed:         -                  -               122M (24%)         141M (28%)    
[2026-04-03T01:54:39.260+0600][16.939s][info][gc,heap     ] GC(37) Y:  Promoted:         -                  -                 0M (0%)            0M (0%)     
[2026-04-03T01:54:39.260+0600][16.939s][info][gc,heap     ] GC(37) Y: Compacted:         -                  -                  -                 0M (0%)     
[2026-04-03T01:54:39.260+0600][16.939s][info][gc,phases   ] GC(37) Y: Young Generation 322M(64%)->232M(46%) 0.016s
[2026-04-03T01:54:39.260+0600][16.939s][info][gc,phases   ] GC(37) O: Old Generation
[2026-04-03T01:54:39.262+0600][16.940s][info][gc          ] GC(38) Minor Collection (Allocation Rate)
[2026-04-03T01:54:39.262+0600][16.940s][info][gc,task     ] GC(38) Using 2 Workers for Young Generation
[2026-04-03T01:54:39.262+0600][16.940s][info][gc,phases   ] GC(38) y: Young Generation
[2026-04-03T01:54:39.262+0600][16.941s][info][gc,phases   ] GC(38) y: Pause Mark Start 0.016ms
[2026-04-03T01:54:39.268+0600][16.947s][info][gc,phases   ] GC(38) y: Concurrent Mark 6.519ms
[2026-04-03T01:54:39.269+0600][16.947s][info][gc,phases   ] GC(38) y: Pause Mark End 0.021ms
[2026-04-03T01:54:39.269+0600][16.948s][info][gc,phases   ] GC(38) y: Concurrent Mark Free 0.001ms
[2026-04-03T01:54:39.269+0600][16.948s][info][gc,phases   ] GC(38) y: Concurrent Reset Relocation Set 0.002ms
[2026-04-03T01:54:39.272+0600][16.951s][info][gc,reloc    ] GC(38) y: Using tenuring threshold: 2 (Computed)
[2026-04-03T01:54:39.272+0600][16.951s][info][gc,phases   ] GC(38) y: Concurrent Select Relocation Set 3.379ms
[2026-04-03T01:54:39.272+0600][16.951s][info][gc,phases   ] GC(38) y: Pause Relocate Start 0.017ms
[2026-04-03T01:54:39.273+0600][16.951s][info][gc,phases   ] GC(38) y: Concurrent Relocate 0.194ms
[2026-04-03T01:54:39.273+0600][16.951s][info][gc,alloc    ] GC(38) y:                         Mark Start        Mark End      Relocate Start    Relocate End   
[2026-04-03T01:54:39.273+0600][16.951s][info][gc,alloc    ] GC(38) y: Allocation Stalls:          0                0                0                0         
[2026-04-03T01:54:39.273+0600][16.952s][info][gc,load     ] GC(38) y: Load: 8.32 (69%) / 7.96 (66%) / 7.53 (63%)
[2026-04-03T01:54:39.273+0600][16.952s][info][gc,mmu      ] GC(38) y: MMU: 2ms/93.8%, 5ms/97.5%, 10ms/98.8%, 20ms/99.2%, 50ms/99.5%, 100ms/99.6%
[2026-04-03T01:54:39.273+0600][16.952s][info][gc,marking  ] GC(38) y: Mark: 2 stripe(s), 2 proactive flush(es), 1 terminate flush(es), 0 completion(s), 0 continuation(s) 
[2026-04-03T01:54:39.273+0600][16.952s][info][gc,marking  ] GC(38) y: Mark Stack Usage: 32M
[2026-04-03T01:54:39.273+0600][16.952s][info][gc,nmethod  ] GC(38) y: NMethods: 4745 registered, 758 unregistered
[2026-04-03T01:54:39.273+0600][16.952s][info][gc,metaspace] GC(38) y: Metaspace: 62M used, 63M committed, 1088M reserved
[2026-04-03T01:54:39.273+0600][16.952s][info][gc,reloc    ] GC(38) y:                        Candidates     Selected     In-Place         Size        Empty    Relocated 
[2026-04-03T01:54:39.273+0600][16.952s][info][gc,reloc    ] GC(38) y: Small Pages:                   24            8            0          48M          30M           0M 
[2026-04-03T01:54:39.273+0600][16.952s][info][gc,reloc    ] GC(38) y: Medium Pages:                   0            0            0           0M           0M           0M 
[2026-04-03T01:54:39.273+0600][16.952s][info][gc,reloc    ] GC(38) y: Large Pages:                    0            0            0           0M           0M           0M 
[2026-04-03T01:54:39.273+0600][16.952s][info][gc,reloc    ] GC(38) y: Forwarding Usage: 0M
[2026-04-03T01:54:39.273+0600][16.952s][info][gc,reloc    ] GC(38) y: Age Table:
[2026-04-03T01:54:39.273+0600][16.952s][info][gc,reloc    ] GC(38) y:                    Live             Garbage             Small              Medium             Large        
[2026-04-03T01:54:39.273+0600][16.952s][info][gc,reloc    ] GC(38) y: Eden               0M (0%)           41M (8%)          21 / 7              0 / 0              0 / 0        
[2026-04-03T01:54:39.273+0600][16.952s][info][gc,reloc    ] GC(38) y: Survivor 1         0M (0%)            5M (1%)           3 / 1              0 / 0              0 / 0        
[2026-04-03T01:54:39.273+0600][16.952s][info][gc,heap     ] GC(38) y: Min Capacity: 8M(2%)
[2026-04-03T01:54:39.273+0600][16.952s][info][gc,heap     ] GC(38) y: Max Capacity: 500M(100%)
[2026-04-03T01:54:39.273+0600][16.952s][info][gc,heap     ] GC(38) y: Soft Max Capacity: 500M(100%)
[2026-04-03T01:54:39.273+0600][16.952s][info][gc,heap     ] GC(38) y: Heap Statistics:
[2026-04-03T01:54:39.273+0600][16.952s][info][gc,heap     ] GC(38) y:                Mark Start          Mark End        Relocate Start      Relocate End           High               Low         
[2026-04-03T01:54:39.273+0600][16.952s][info][gc,heap     ] GC(38) y:  Capacity:      500M (100%)        500M (100%)        500M (100%)        500M (100%)        500M (100%)        500M (100%)   
[2026-04-03T01:54:39.273+0600][16.952s][info][gc,heap     ] GC(38) y:      Free:      264M (53%)         250M (50%)         274M (55%)         282M (56%)         282M (56%)         246M (49%)    
[2026-04-03T01:54:39.273+0600][16.952s][info][gc,heap     ] GC(38) y:      Used:      236M (47%)         250M (50%)         226M (45%)         218M (44%)         254M (51%)         218M (44%)    
[2026-04-03T01:54:39.273+0600][16.952s][info][gc,heap     ] GC(38) y: Young Generation Statistics:
[2026-04-03T01:54:39.273+0600][16.952s][info][gc,heap     ] GC(38) y:                Mark Start          Mark End        Relocate Start      Relocate End    
[2026-04-03T01:54:39.273+0600][16.952s][info][gc,heap     ] GC(38) y:      Used:       48M (10%)          62M (12%)          38M (8%)           30M (6%)     
[2026-04-03T01:54:39.273+0600][16.952s][info][gc,heap     ] GC(38) y:      Live:         -                 0M (0%)            0M (0%)            0M (0%)     
[2026-04-03T01:54:39.273+0600][16.952s][info][gc,heap     ] GC(38) y:   Garbage:         -                47M (10%)          17M (4%)            0M (0%)     
[2026-04-03T01:54:39.273+0600][16.952s][info][gc,heap     ] GC(38) y: Allocated:         -                14M (3%)           20M (4%)           29M (6%)     
[2026-04-03T01:54:39.273+0600][16.952s][info][gc,heap     ] GC(38) y: Reclaimed:         -                  -                30M (6%)           47M (10%)    
[2026-04-03T01:54:39.273+0600][16.952s][info][gc,heap     ] GC(38) y:  Promoted:         -                  -                 0M (0%)            0M (0%)     
[2026-04-03T01:54:39.273+0600][16.952s][info][gc,heap     ] GC(38) y: Compacted:         -                  -                  -                 0M (0%)     
[2026-04-03T01:54:39.273+0600][16.952s][info][gc,phases   ] GC(38) y: Young Generation 236M(47%)->218M(44%) 0.011s
[2026-04-03T01:54:39.273+0600][16.952s][info][gc          ] GC(38) Minor Collection (Allocation Rate) 236M(47%)->218M(44%) 0.012s
[2026-04-03T01:54:39.285+0600][16.964s][info][gc          ] GC(39) Minor Collection (Allocation Rate)
[2026-04-03T01:54:39.285+0600][16.964s][info][gc,task     ] GC(39) Using 2 Workers for Young Generation
[2026-04-03T01:54:39.285+0600][16.964s][info][gc,phases   ] GC(39) y: Young Generation
[2026-04-03T01:54:39.285+0600][16.964s][info][gc,phases   ] GC(39) y: Pause Mark Start 0.030ms
[2026-04-03T01:54:39.293+0600][16.972s][info][gc,phases   ] GC(39) y: Concurrent Mark 7.556ms
[2026-04-03T01:54:39.293+0600][16.972s][info][gc,phases   ] GC(39) y: Pause Mark End 0.022ms
[2026-04-03T01:54:39.293+0600][16.972s][info][gc,phases   ] GC(39) y: Concurrent Mark Free 0.001ms
[2026-04-03T01:54:39.293+0600][16.972s][info][gc,phases   ] GC(39) y: Concurrent Reset Relocation Set 0.002ms
[2026-04-03T01:54:39.295+0600][16.974s][info][gc,reloc    ] GC(39) y: Using tenuring threshold: 3 (Computed)
[2026-04-03T01:54:39.296+0600][16.975s][info][gc,phases   ] GC(39) y: Concurrent Select Relocation Set 2.720ms
[2026-04-03T01:54:39.296+0600][16.975s][info][gc,phases   ] GC(39) y: Pause Relocate Start 0.020ms
[2026-04-03T01:54:39.296+0600][16.975s][info][gc,phases   ] GC(39) y: Concurrent Relocate 0.189ms
[2026-04-03T01:54:39.296+0600][16.975s][info][gc,alloc    ] GC(39) y:                         Mark Start        Mark End      Relocate Start    Relocate End   
[2026-04-03T01:54:39.296+0600][16.975s][info][gc,alloc    ] GC(39) y: Allocation Stalls:          0                0                0                0         
[2026-04-03T01:54:39.296+0600][16.975s][info][gc,load     ] GC(39) y: Load: 8.32 (69%) / 7.96 (66%) / 7.53 (63%)
[2026-04-03T01:54:39.296+0600][16.975s][info][gc,mmu      ] GC(39) y: MMU: 2ms/93.8%, 5ms/97.5%, 10ms/98.8%, 20ms/99.2%, 50ms/99.5%, 100ms/99.6%
[2026-04-03T01:54:39.296+0600][16.975s][info][gc,marking  ] GC(39) y: Mark: 2 stripe(s), 2 proactive flush(es), 1 terminate flush(es), 0 completion(s), 0 continuation(s) 
[2026-04-03T01:54:39.296+0600][16.975s][info][gc,marking  ] GC(39) y: Mark Stack Usage: 32M
[2026-04-03T01:54:39.296+0600][16.975s][info][gc,nmethod  ] GC(39) y: NMethods: 4746 registered, 758 unregistered
[2026-04-03T01:54:39.296+0600][16.975s][info][gc,metaspace] GC(39) y: Metaspace: 62M used, 63M committed, 1088M reserved
[2026-04-03T01:54:39.297+0600][16.975s][info][gc,reloc    ] GC(39) y:                        Candidates     Selected     In-Place         Size        Empty    Relocated 
[2026-04-03T01:54:39.297+0600][16.975s][info][gc,reloc    ] GC(39) y: Small Pages:                   25            9            0          50M          30M           0M 
[2026-04-03T01:54:39.297+0600][16.975s][info][gc,reloc    ] GC(39) y: Medium Pages:                   0            0            0           0M           0M           0M 
[2026-04-03T01:54:39.297+0600][16.975s][info][gc,reloc    ] GC(39) y: Large Pages:                    0            0            0           0M           0M           0M 
[2026-04-03T01:54:39.297+0600][16.975s][info][gc,reloc    ] GC(39) y: Forwarding Usage: 0M
[2026-04-03T01:54:39.297+0600][16.975s][info][gc,reloc    ] GC(39) y: Age Table:
[2026-04-03T01:54:39.297+0600][16.975s][info][gc,reloc    ] GC(39) y:                    Live             Garbage             Small              Medium             Large        
[2026-04-03T01:54:39.297+0600][16.975s][info][gc,reloc    ] GC(39) y: Eden               0M (0%)           41M (8%)          21 / 7              0 / 0              0 / 0        
[2026-04-03T01:54:39.297+0600][16.975s][info][gc,reloc    ] GC(39) y: Survivor 1         0M (0%)            5M (1%)           3 / 1              0 / 0              0 / 0        
[2026-04-03T01:54:39.297+0600][16.975s][info][gc,reloc    ] GC(39) y: Survivor 2         0M (0%)            1M (0%)           1 / 1              0 / 0              0 / 0        
[2026-04-03T01:54:39.297+0600][16.975s][info][gc,heap     ] GC(39) y: Min Capacity: 8M(2%)
[2026-04-03T01:54:39.297+0600][16.975s][info][gc,heap     ] GC(39) y: Max Capacity: 500M(100%)
[2026-04-03T01:54:39.297+0600][16.975s][info][gc,heap     ] GC(39) y: Soft Max Capacity: 500M(100%)
[2026-04-03T01:54:39.297+0600][16.975s][info][gc,heap     ] GC(39) y: Heap Statistics:
[2026-04-03T01:54:39.297+0600][16.975s][info][gc,heap     ] GC(39) y:                Mark Start          Mark End        Relocate Start      Relocate End           High               Low         
[2026-04-03T01:54:39.297+0600][16.975s][info][gc,heap     ] GC(39) y:  Capacity:      500M (100%)        500M (100%)        500M (100%)        500M (100%)        500M (100%)        500M (100%)   
[2026-04-03T01:54:39.297+0600][16.975s][info][gc,heap     ] GC(39) y:      Free:      262M (52%)         242M (48%)         264M (53%)         274M (55%)         274M (55%)         236M (47%)    
[2026-04-03T01:54:39.297+0600][16.975s][info][gc,heap     ] GC(39) y:      Used:      238M (48%)         258M (52%)         236M (47%)         226M (45%)         264M (53%)         226M (45%)    
[2026-04-03T01:54:39.297+0600][16.975s][info][gc,heap     ] GC(39) y: Young Generation Statistics:
[2026-04-03T01:54:39.297+0600][16.975s][info][gc,heap     ] GC(39) y:                Mark Start          Mark End        Relocate Start      Relocate End    
[2026-04-03T01:54:39.297+0600][16.975s][info][gc,heap     ] GC(39) y:      Used:       50M (10%)          70M (14%)          48M (10%)          38M (8%)     
[2026-04-03T01:54:39.297+0600][16.975s][info][gc,heap     ] GC(39) y:      Live:         -                 0M (0%)            0M (0%)            0M (0%)     
[2026-04-03T01:54:39.297+0600][16.976s][info][gc,heap     ] GC(39) y:   Garbage:         -                49M (10%)          19M (4%)            0M (0%)     
[2026-04-03T01:54:39.297+0600][16.976s][info][gc,heap     ] GC(39) y: Allocated:         -                20M (4%)           28M (6%)           37M (8%)     
[2026-04-03T01:54:39.297+0600][16.976s][info][gc,heap     ] GC(39) y: Reclaimed:         -                  -                30M (6%)           49M (10%)    
[2026-04-03T01:54:39.297+0600][16.976s][info][gc,heap     ] GC(39) y:  Promoted:         -                  -                 0M (0%)            0M (0%)     
[2026-04-03T01:54:39.297+0600][16.976s][info][gc,heap     ] GC(39) y: Compacted:         -                  -                  -                 0M (0%)     
[2026-04-03T01:54:39.297+0600][16.976s][info][gc,phases   ] GC(39) y: Young Generation 238M(48%)->226M(45%) 0.012s
[2026-04-03T01:54:39.297+0600][16.976s][info][gc          ] GC(39) Minor Collection (Allocation Rate) 238M(48%)->226M(45%) 0.012s
[2026-04-03T01:54:39.313+0600][16.992s][info][gc          ] GC(40) Minor Collection (Allocation Rate)
[2026-04-03T01:54:39.313+0600][16.992s][info][gc,task     ] GC(40) Using 2 Workers for Young Generation
[2026-04-03T01:54:39.313+0600][16.992s][info][gc,phases   ] GC(40) y: Young Generation
[2026-04-03T01:54:39.314+0600][16.992s][info][gc,phases   ] GC(40) y: Pause Mark Start 0.019ms
[2026-04-03T01:54:39.321+0600][17.000s][info][gc,phases   ] GC(40) y: Concurrent Mark 7.681ms
[2026-04-03T01:54:39.322+0600][17.000s][info][gc,phases   ] GC(40) y: Pause Mark End 0.023ms
[2026-04-03T01:54:39.322+0600][17.001s][info][gc,phases   ] GC(40) y: Concurrent Mark Free 0.002ms
[2026-04-03T01:54:39.322+0600][17.001s][info][gc,phases   ] GC(40) y: Concurrent Reset Relocation Set 0.003ms
[2026-04-03T01:54:39.324+0600][17.002s][info][gc,reloc    ] GC(40) y: Using tenuring threshold: 4 (Computed)
[2026-04-03T01:54:39.324+0600][17.003s][info][gc,phases   ] GC(40) y: Concurrent Select Relocation Set 2.277ms
[2026-04-03T01:54:39.324+0600][17.003s][info][gc,phases   ] GC(40) y: Pause Relocate Start 0.042ms
[2026-04-03T01:54:39.325+0600][17.003s][info][gc,phases   ] GC(40) y: Concurrent Relocate 0.135ms
[2026-04-03T01:54:39.325+0600][17.004s][info][gc,alloc    ] GC(40) y:                         Mark Start        Mark End      Relocate Start    Relocate End   
[2026-04-03T01:54:39.325+0600][17.004s][info][gc,alloc    ] GC(40) y: Allocation Stalls:          0                0                0                0         
[2026-04-03T01:54:39.325+0600][17.004s][info][gc,load     ] GC(40) y: Load: 8.32 (69%) / 7.96 (66%) / 7.53 (63%)
[2026-04-03T01:54:39.325+0600][17.004s][info][gc,mmu      ] GC(40) y: MMU: 2ms/93.8%, 5ms/97.5%, 10ms/98.8%, 20ms/99.2%, 50ms/99.5%, 100ms/99.6%
[2026-04-03T01:54:39.325+0600][17.004s][info][gc,marking  ] GC(40) y: Mark: 2 stripe(s), 2 proactive flush(es), 1 terminate flush(es), 0 completion(s), 0 continuation(s) 
[2026-04-03T01:54:39.325+0600][17.004s][info][gc,marking  ] GC(40) y: Mark Stack Usage: 32M
[2026-04-03T01:54:39.325+0600][17.004s][info][gc,nmethod  ] GC(40) y: NMethods: 4746 registered, 758 unregistered
[2026-04-03T01:54:39.325+0600][17.004s][info][gc,metaspace] GC(40) y: Metaspace: 62M used, 63M committed, 1088M reserved
[2026-04-03T01:54:39.325+0600][17.004s][info][gc,reloc    ] GC(40) y:                        Candidates     Selected     In-Place         Size        Empty    Relocated 
[2026-04-03T01:54:39.325+0600][17.004s][info][gc,reloc    ] GC(40) y: Small Pages:                   41           10            0          82M          60M           0M 
[2026-04-03T01:54:39.325+0600][17.004s][info][gc,reloc    ] GC(40) y: Medium Pages:                   0            0            0           0M           0M           0M 
[2026-04-03T01:54:39.325+0600][17.004s][info][gc,reloc    ] GC(40) y: Large Pages:                    0            0            0           0M           0M           0M 
[2026-04-03T01:54:39.325+0600][17.004s][info][gc,reloc    ] GC(40) y: Forwarding Usage: 0M
[2026-04-03T01:54:39.325+0600][17.004s][info][gc,reloc    ] GC(40) y: Age Table:
[2026-04-03T01:54:39.325+0600][17.004s][info][gc,reloc    ] GC(40) y:                    Live             Garbage             Small              Medium             Large        
[2026-04-03T01:54:39.325+0600][17.004s][info][gc,reloc    ] GC(40) y: Eden               0M (0%)           71M (14%)         36 / 8              0 / 0              0 / 0        
[2026-04-03T01:54:39.325+0600][17.004s][info][gc,reloc    ] GC(40) y: Survivor 1         0M (0%)            5M (1%)           3 / 1              0 / 0              0 / 0        
[2026-04-03T01:54:39.325+0600][17.004s][info][gc,reloc    ] GC(40) y: Survivor 2          -                 2M (0%)           1 / 0              0 / 0              0 / 0        
[2026-04-03T01:54:39.325+0600][17.004s][info][gc,reloc    ] GC(40) y: Survivor 3         0M (0%)            1M (0%)           1 / 1              0 / 0              0 / 0        
[2026-04-03T01:54:39.325+0600][17.004s][info][gc,heap     ] GC(40) y: Min Capacity: 8M(2%)
[2026-04-03T01:54:39.325+0600][17.004s][info][gc,heap     ] GC(40) y: Max Capacity: 500M(100%)
[2026-04-03T01:54:39.325+0600][17.004s][info][gc,heap     ] GC(40) y: Soft Max Capacity: 500M(100%)
[2026-04-03T01:54:39.325+0600][17.004s][info][gc,heap     ] GC(40) y: Heap Statistics:
[2026-04-03T01:54:39.325+0600][17.004s][info][gc,heap     ] GC(40) y:                Mark Start          Mark End        Relocate Start      Relocate End           High               Low         
[2026-04-03T01:54:39.325+0600][17.004s][info][gc,heap     ] GC(40) y:  Capacity:      500M (100%)        500M (100%)        500M (100%)        500M (100%)        500M (100%)        500M (100%)   
[2026-04-03T01:54:39.325+0600][17.004s][info][gc,heap     ] GC(40) y:      Free:      230M (46%)         212M (42%)         264M (53%)         278M (56%)         278M (56%)         208M (42%)    
[2026-04-03T01:54:39.325+0600][17.004s][info][gc,heap     ] GC(40) y:      Used:      270M (54%)         288M (58%)         236M (47%)         222M (44%)         292M (58%)         222M (44%)    
[2026-04-03T01:54:39.325+0600][17.004s][info][gc,heap     ] GC(40) y: Young Generation Statistics:
[2026-04-03T01:54:39.325+0600][17.004s][info][gc,heap     ] GC(40) y:                Mark Start          Mark End        Relocate Start      Relocate End    
[2026-04-03T01:54:39.325+0600][17.004s][info][gc,heap     ] GC(40) y:      Used:       82M (16%)         100M (20%)          48M (10%)          34M (7%)     
[2026-04-03T01:54:39.325+0600][17.004s][info][gc,heap     ] GC(40) y:      Live:         -                 0M (0%)            0M (0%)            0M (0%)     
[2026-04-03T01:54:39.325+0600][17.004s][info][gc,heap     ] GC(40) y:   Garbage:         -                81M (16%)          21M (4%)            0M (0%)     
[2026-04-03T01:54:39.325+0600][17.004s][info][gc,heap     ] GC(40) y: Allocated:         -                18M (4%)           26M (5%)           33M (7%)     
[2026-04-03T01:54:39.325+0600][17.004s][info][gc,heap     ] GC(40) y: Reclaimed:         -                  -                60M (12%)          81M (16%)    
[2026-04-03T01:54:39.325+0600][17.004s][info][gc,heap     ] GC(40) y:  Promoted:         -                  -                 0M (0%)            0M (0%)     
[2026-04-03T01:54:39.325+0600][17.004s][info][gc,heap     ] GC(40) y: Compacted:         -                  -                  -                 0M (0%)     
[2026-04-03T01:54:39.325+0600][17.004s][info][gc,phases   ] GC(40) y: Young Generation 270M(54%)->222M(44%) 0.011s
[2026-04-03T01:54:39.325+0600][17.004s][info][gc          ] GC(40) Minor Collection (Allocation Rate) 270M(54%)->222M(44%) 0.012s
[2026-04-03T01:54:39.352+0600][17.031s][info][gc          ] GC(41) Minor Collection (Allocation Rate)
[2026-04-03T01:54:39.352+0600][17.031s][info][gc,task     ] GC(41) Using 2 Workers for Young Generation
[2026-04-03T01:54:39.352+0600][17.031s][info][gc,phases   ] GC(41) y: Young Generation
[2026-04-03T01:54:39.353+0600][17.032s][info][gc,phases   ] GC(41) y: Pause Mark Start 0.025ms
[2026-04-03T01:54:39.359+0600][17.038s][info][gc,phases   ] GC(41) y: Concurrent Mark 6.511ms
[2026-04-03T01:54:39.360+0600][17.038s][info][gc,phases   ] GC(41) y: Pause Mark End 0.021ms
[2026-04-03T01:54:39.360+0600][17.039s][info][gc,phases   ] GC(41) y: Concurrent Mark Free 0.001ms
[2026-04-03T01:54:39.360+0600][17.039s][info][gc,phases   ] GC(41) y: Concurrent Reset Relocation Set 0.003ms
[2026-04-03T01:54:39.364+0600][17.043s][info][gc,reloc    ] GC(41) y: Using tenuring threshold: 2 (Computed)
[2026-04-03T01:54:39.364+0600][17.043s][info][gc,phases   ] GC(41) y: Concurrent Select Relocation Set 4.608ms
[2026-04-03T01:54:39.365+0600][17.043s][info][gc,phases   ] GC(41) y: Pause Relocate Start 0.017ms
[2026-04-03T01:54:39.365+0600][17.044s][info][gc,phases   ] GC(41) y: Concurrent Relocate 0.217ms
[2026-04-03T01:54:39.365+0600][17.044s][info][gc,alloc    ] GC(41) y:                         Mark Start        Mark End      Relocate Start    Relocate End   
[2026-04-03T01:54:39.365+0600][17.044s][info][gc,alloc    ] GC(41) y: Allocation Stalls:          0                0                0                0         
[2026-04-03T01:54:39.365+0600][17.044s][info][gc,load     ] GC(41) y: Load: 8.32 (69%) / 7.96 (66%) / 7.53 (63%)
[2026-04-03T01:54:39.365+0600][17.044s][info][gc,mmu      ] GC(41) y: MMU: 2ms/93.8%, 5ms/97.5%, 10ms/98.8%, 20ms/99.2%, 50ms/99.5%, 100ms/99.6%
[2026-04-03T01:54:39.365+0600][17.044s][info][gc,marking  ] GC(41) y: Mark: 2 stripe(s), 2 proactive flush(es), 1 terminate flush(es), 0 completion(s), 0 continuation(s) 
[2026-04-03T01:54:39.365+0600][17.044s][info][gc,marking  ] GC(41) y: Mark Stack Usage: 32M
[2026-04-03T01:54:39.365+0600][17.044s][info][gc,nmethod  ] GC(41) y: NMethods: 4750 registered, 758 unregistered
[2026-04-03T01:54:39.365+0600][17.044s][info][gc,metaspace] GC(41) y: Metaspace: 62M used, 63M committed, 1088M reserved
[2026-04-03T01:54:39.365+0600][17.044s][info][gc,reloc    ] GC(41) y:                        Candidates     Selected     In-Place         Size        Empty    Relocated 
[2026-04-03T01:54:39.365+0600][17.044s][info][gc,reloc    ] GC(41) y: Small Pages:                   51            9            0         102M          82M           0M 
[2026-04-03T01:54:39.365+0600][17.044s][info][gc,reloc    ] GC(41) y: Medium Pages:                   0            0            0           0M           0M           0M 
[2026-04-03T01:54:39.365+0600][17.044s][info][gc,reloc    ] GC(41) y: Large Pages:                    0            0            0           0M           0M           0M 
[2026-04-03T01:54:39.365+0600][17.044s][info][gc,reloc    ] GC(41) y: Forwarding Usage: 0M
[2026-04-03T01:54:39.365+0600][17.044s][info][gc,reloc    ] GC(41) y: Age Table:
[2026-04-03T01:54:39.365+0600][17.044s][info][gc,reloc    ] GC(41) y:                    Live             Garbage             Small              Medium             Large        
[2026-04-03T01:54:39.365+0600][17.044s][info][gc,reloc    ] GC(41) y: Eden               0M (0%)           93M (19%)         47 / 8              0 / 0              0 / 0        
[2026-04-03T01:54:39.365+0600][17.044s][info][gc,reloc    ] GC(41) y: Survivor 1         0M (0%)            3M (1%)           2 / 1              0 / 0              0 / 0        
[2026-04-03T01:54:39.365+0600][17.044s][info][gc,reloc    ] GC(41) y: Survivor 2          -                 2M (0%)           1 / 0              0 / 0              0 / 0        
[2026-04-03T01:54:39.365+0600][17.044s][info][gc,reloc    ] GC(41) y: Survivor 3          -                 0M (0%)           0 / 0              0 / 0              0 / 0        
[2026-04-03T01:54:39.365+0600][17.044s][info][gc,reloc    ] GC(41) y: Survivor 4          -                 2M (0%)           1 / 0              0 / 0              0 / 0        
[2026-04-03T01:54:39.365+0600][17.044s][info][gc,heap     ] GC(41) y: Min Capacity: 8M(2%)
[2026-04-03T01:54:39.365+0600][17.044s][info][gc,heap     ] GC(41) y: Max Capacity: 500M(100%)
[2026-04-03T01:54:39.365+0600][17.044s][info][gc,heap     ] GC(41) y: Soft Max Capacity: 500M(100%)
[2026-04-03T01:54:39.365+0600][17.044s][info][gc,heap     ] GC(41) y: Heap Statistics:
[2026-04-03T01:54:39.365+0600][17.044s][info][gc,heap     ] GC(41) y:                Mark Start          Mark End        Relocate Start      Relocate End           High               Low         
[2026-04-03T01:54:39.365+0600][17.044s][info][gc,heap     ] GC(41) y:  Capacity:      500M (100%)        500M (100%)        500M (100%)        500M (100%)        500M (100%)        500M (100%)   
[2026-04-03T01:54:39.365+0600][17.044s][info][gc,heap     ] GC(41) y:      Free:      210M (42%)         190M (38%)         262M (52%)         272M (54%)         272M (54%)         182M (36%)    
[2026-04-03T01:54:39.365+0600][17.044s][info][gc,heap     ] GC(41) y:      Used:      290M (58%)         310M (62%)         238M (48%)         228M (46%)         318M (64%)         228M (46%)    
[2026-04-03T01:54:39.365+0600][17.044s][info][gc,heap     ] GC(41) y: Young Generation Statistics:
[2026-04-03T01:54:39.365+0600][17.044s][info][gc,heap     ] GC(41) y:                Mark Start          Mark End        Relocate Start      Relocate End    
[2026-04-03T01:54:39.365+0600][17.044s][info][gc,heap     ] GC(41) y:      Used:      102M (20%)         122M (24%)          50M (10%)          40M (8%)     
[2026-04-03T01:54:39.365+0600][17.044s][info][gc,heap     ] GC(41) y:      Live:         -                 0M (0%)            0M (0%)            0M (0%)     
[2026-04-03T01:54:39.365+0600][17.044s][info][gc,heap     ] GC(41) y:   Garbage:         -               101M (20%)          19M (4%)            0M (0%)     
[2026-04-03T01:54:39.365+0600][17.044s][info][gc,heap     ] GC(41) y: Allocated:         -                20M (4%)           30M (6%)           39M (8%)     
[2026-04-03T01:54:39.365+0600][17.044s][info][gc,heap     ] GC(41) y: Reclaimed:         -                  -                82M (16%)         101M (20%)    
[2026-04-03T01:54:39.365+0600][17.044s][info][gc,heap     ] GC(41) y:  Promoted:         -                  -                 0M (0%)            0M (0%)     
[2026-04-03T01:54:39.365+0600][17.044s][info][gc,heap     ] GC(41) y: Compacted:         -                  -                  -                 0M (0%)     
[2026-04-03T01:54:39.365+0600][17.044s][info][gc,phases   ] GC(41) y: Young Generation 290M(58%)->228M(46%) 0.013s
[2026-04-03T01:54:39.365+0600][17.044s][info][gc          ] GC(41) Minor Collection (Allocation Rate) 290M(58%)->228M(46%) 0.013s
[2026-04-03T01:54:39.373+0600][17.052s][info][gc          ] GC(42) Minor Collection (Allocation Rate)
[2026-04-03T01:54:39.373+0600][17.052s][info][gc,task     ] GC(42) Using 2 Workers for Young Generation
[2026-04-03T01:54:39.373+0600][17.052s][info][gc,phases   ] GC(42) y: Young Generation
[2026-04-03T01:54:39.373+0600][17.052s][info][gc,phases   ] GC(42) y: Pause Mark Start 0.033ms
[2026-04-03T01:54:39.380+0600][17.059s][info][gc,phases   ] GC(42) y: Concurrent Mark 6.332ms
[2026-04-03T01:54:39.380+0600][17.059s][info][gc,phases   ] GC(42) y: Pause Mark End 0.038ms
[2026-04-03T01:54:39.381+0600][17.059s][info][gc,phases   ] GC(42) y: Concurrent Mark Free 0.002ms
[2026-04-03T01:54:39.381+0600][17.059s][info][gc,phases   ] GC(42) y: Concurrent Reset Relocation Set 0.002ms
[2026-04-03T01:54:39.385+0600][17.064s][info][gc,reloc    ] GC(42) y: Using tenuring threshold: 3 (Computed)
[2026-04-03T01:54:39.385+0600][17.064s][info][gc,phases   ] GC(42) y: Concurrent Select Relocation Set 4.560ms
[2026-04-03T01:54:39.385+0600][17.064s][info][gc,phases   ] GC(42) y: Pause Relocate Start 0.018ms
[2026-04-03T01:54:39.386+0600][17.065s][info][gc,phases   ] GC(42) y: Concurrent Relocate 0.359ms
[2026-04-03T01:54:39.386+0600][17.065s][info][gc,alloc    ] GC(42) y:                         Mark Start        Mark End      Relocate Start    Relocate End   
[2026-04-03T01:54:39.386+0600][17.065s][info][gc,alloc    ] GC(42) y: Allocation Stalls:          0                0                0                0         
[2026-04-03T01:54:39.386+0600][17.065s][info][gc,load     ] GC(42) y: Load: 8.32 (69%) / 7.96 (66%) / 7.53 (63%)
[2026-04-03T01:54:39.386+0600][17.065s][info][gc,mmu      ] GC(42) y: MMU: 2ms/93.8%, 5ms/97.5%, 10ms/98.8%, 20ms/99.2%, 50ms/99.5%, 100ms/99.6%
[2026-04-03T01:54:39.386+0600][17.065s][info][gc,marking  ] GC(42) y: Mark: 2 stripe(s), 2 proactive flush(es), 1 terminate flush(es), 0 completion(s), 0 continuation(s) 
[2026-04-03T01:54:39.386+0600][17.065s][info][gc,marking  ] GC(42) y: Mark Stack Usage: 32M
[2026-04-03T01:54:39.386+0600][17.065s][info][gc,nmethod  ] GC(42) y: NMethods: 4750 registered, 758 unregistered
[2026-04-03T01:54:39.386+0600][17.065s][info][gc,metaspace] GC(42) y: Metaspace: 62M used, 63M committed, 1088M reserved
[2026-04-03T01:54:39.386+0600][17.065s][info][gc,reloc    ] GC(42) y:                        Candidates     Selected     In-Place         Size        Empty    Relocated 
[2026-04-03T01:54:39.386+0600][17.065s][info][gc,reloc    ] GC(42) y: Small Pages:                   30           10            0          60M          38M           0M 
[2026-04-03T01:54:39.386+0600][17.065s][info][gc,reloc    ] GC(42) y: Medium Pages:                   0            0            0           0M           0M           0M 
[2026-04-03T01:54:39.386+0600][17.065s][info][gc,reloc    ] GC(42) y: Large Pages:                    0            0            0           0M           0M           0M 
[2026-04-03T01:54:39.386+0600][17.065s][info][gc,reloc    ] GC(42) y: Forwarding Usage: 0M
[2026-04-03T01:54:39.386+0600][17.065s][info][gc,reloc    ] GC(42) y: Age Table:
[2026-04-03T01:54:39.386+0600][17.065s][info][gc,reloc    ] GC(42) y:                    Live             Garbage             Small              Medium             Large        
[2026-04-03T01:54:39.386+0600][17.065s][info][gc,reloc    ] GC(42) y: Eden               0M (0%)           51M (10%)         26 / 7              0 / 0              0 / 0        
[2026-04-03T01:54:39.386+0600][17.065s][info][gc,reloc    ] GC(42) y: Survivor 1         0M (0%)            5M (1%)           3 / 2              0 / 0              0 / 0        
[2026-04-03T01:54:39.386+0600][17.065s][info][gc,reloc    ] GC(42) y: Survivor 2         0M (0%)            1M (0%)           1 / 1              0 / 0              0 / 0        
[2026-04-03T01:54:39.386+0600][17.065s][info][gc,heap     ] GC(42) y: Min Capacity: 8M(2%)
[2026-04-03T01:54:39.386+0600][17.065s][info][gc,heap     ] GC(42) y: Max Capacity: 500M(100%)
[2026-04-03T01:54:39.386+0600][17.065s][info][gc,heap     ] GC(42) y: Soft Max Capacity: 500M(100%)
[2026-04-03T01:54:39.386+0600][17.065s][info][gc,heap     ] GC(42) y: Heap Statistics:
[2026-04-03T01:54:39.386+0600][17.065s][info][gc,heap     ] GC(42) y:                Mark Start          Mark End        Relocate Start      Relocate End           High               Low         
[2026-04-03T01:54:39.386+0600][17.065s][info][gc,heap     ] GC(42) y:  Capacity:      500M (100%)        500M (100%)        500M (100%)        500M (100%)        500M (100%)        500M (100%)   
[2026-04-03T01:54:39.386+0600][17.065s][info][gc,heap     ] GC(42) y:      Free:      252M (50%)         234M (47%)         260M (52%)         268M (54%)         268M (54%)         222M (44%)    
[2026-04-03T01:54:39.386+0600][17.065s][info][gc,heap     ] GC(42) y:      Used:      248M (50%)         266M (53%)         240M (48%)         232M (46%)         278M (56%)         232M (46%)    
[2026-04-03T01:54:39.386+0600][17.065s][info][gc,heap     ] GC(42) y: Young Generation Statistics:
[2026-04-03T01:54:39.386+0600][17.065s][info][gc,heap     ] GC(42) y:                Mark Start          Mark End        Relocate Start      Relocate End    
[2026-04-03T01:54:39.386+0600][17.065s][info][gc,heap     ] GC(42) y:      Used:       60M (12%)          78M (16%)          52M (10%)          44M (9%)     
[2026-04-03T01:54:39.386+0600][17.065s][info][gc,heap     ] GC(42) y:      Live:         -                 0M (0%)            0M (0%)            0M (0%)     
[2026-04-03T01:54:39.386+0600][17.065s][info][gc,heap     ] GC(42) y:   Garbage:         -                59M (12%)          21M (4%)            0M (0%)     
[2026-04-03T01:54:39.386+0600][17.065s][info][gc,heap     ] GC(42) y: Allocated:         -                18M (4%)           30M (6%)           43M (9%)     
[2026-04-03T01:54:39.386+0600][17.065s][info][gc,heap     ] GC(42) y: Reclaimed:         -                  -                38M (8%)           59M (12%)    
[2026-04-03T01:54:39.386+0600][17.065s][info][gc,heap     ] GC(42) y:  Promoted:         -                  -                 0M (0%)            0M (0%)     
[2026-04-03T01:54:39.386+0600][17.065s][info][gc,heap     ] GC(42) y: Compacted:         -                  -                  -                 0M (0%)     
[2026-04-03T01:54:39.386+0600][17.065s][info][gc,phases   ] GC(42) y: Young Generation 248M(50%)->232M(46%) 0.013s
[2026-04-03T01:54:39.386+0600][17.065s][info][gc          ] GC(42) Minor Collection (Allocation Rate) 248M(50%)->234M(47%) 0.013s
[2026-04-03T01:54:39.396+0600][17.075s][info][gc          ] GC(43) Minor Collection (Allocation Rate)
[2026-04-03T01:54:39.396+0600][17.075s][info][gc,task     ] GC(43) Using 2 Workers for Young Generation
[2026-04-03T01:54:39.396+0600][17.075s][info][gc,phases   ] GC(43) y: Young Generation
[2026-04-03T01:54:39.396+0600][17.075s][info][gc,phases   ] GC(43) y: Pause Mark Start 0.022ms
[2026-04-03T01:54:39.404+0600][17.082s][info][gc,phases   ] GC(43) y: Concurrent Mark 7.134ms
[2026-04-03T01:54:39.404+0600][17.083s][info][gc,phases   ] GC(43) y: Pause Mark End 0.018ms
[2026-04-03T01:54:39.404+0600][17.083s][info][gc,phases   ] GC(43) y: Concurrent Mark Free 0.001ms
[2026-04-03T01:54:39.404+0600][17.083s][info][gc,phases   ] GC(43) y: Concurrent Reset Relocation Set 0.010ms
[2026-04-03T01:54:39.408+0600][17.087s][info][gc,reloc    ] GC(43) y: Using tenuring threshold: 4 (Computed)
[2026-04-03T01:54:39.409+0600][17.088s][info][gc,phases   ] GC(43) y: Concurrent Select Relocation Set 4.677ms
[2026-04-03T01:54:39.409+0600][17.088s][info][gc,phases   ] GC(43) y: Pause Relocate Start 0.014ms
[2026-04-03T01:54:39.409+0600][17.088s][info][gc,phases   ] GC(43) y: Concurrent Relocate 0.307ms
[2026-04-03T01:54:39.409+0600][17.088s][info][gc,alloc    ] GC(43) y:                         Mark Start        Mark End      Relocate Start    Relocate End   
[2026-04-03T01:54:39.409+0600][17.088s][info][gc,alloc    ] GC(43) y: Allocation Stalls:          0                0                0                0         
[2026-04-03T01:54:39.409+0600][17.088s][info][gc,load     ] GC(43) y: Load: 7.90 (66%) / 7.88 (66%) / 7.50 (63%)
[2026-04-03T01:54:39.409+0600][17.088s][info][gc,mmu      ] GC(43) y: MMU: 2ms/93.8%, 5ms/97.5%, 10ms/98.8%, 20ms/99.2%, 50ms/99.5%, 100ms/99.6%
[2026-04-03T01:54:39.409+0600][17.088s][info][gc,marking  ] GC(43) y: Mark: 2 stripe(s), 2 proactive flush(es), 1 terminate flush(es), 0 completion(s), 0 continuation(s) 
[2026-04-03T01:54:39.409+0600][17.088s][info][gc,marking  ] GC(43) y: Mark Stack Usage: 32M
[2026-04-03T01:54:39.409+0600][17.088s][info][gc,nmethod  ] GC(43) y: NMethods: 4751 registered, 758 unregistered
[2026-04-03T01:54:39.409+0600][17.088s][info][gc,metaspace] GC(43) y: Metaspace: 62M used, 63M committed, 1088M reserved
[2026-04-03T01:54:39.409+0600][17.088s][info][gc,reloc    ] GC(43) y:                        Candidates     Selected     In-Place         Size        Empty    Relocated 
[2026-04-03T01:54:39.409+0600][17.088s][info][gc,reloc    ] GC(43) y: Small Pages:                   37           10            0          74M          52M           0M 
[2026-04-03T01:54:39.409+0600][17.088s][info][gc,reloc    ] GC(43) y: Medium Pages:                   0            0            0           0M           0M           0M 
[2026-04-03T01:54:39.410+0600][17.088s][info][gc,reloc    ] GC(43) y: Large Pages:                    0            0            0           0M           0M           0M 
[2026-04-03T01:54:39.410+0600][17.088s][info][gc,reloc    ] GC(43) y: Forwarding Usage: 0M
[2026-04-03T01:54:39.410+0600][17.088s][info][gc,reloc    ] GC(43) y: Age Table:
[2026-04-03T01:54:39.410+0600][17.088s][info][gc,reloc    ] GC(43) y:                    Live             Garbage             Small              Medium             Large        
[2026-04-03T01:54:39.410+0600][17.088s][info][gc,reloc    ] GC(43) y: Eden               0M (0%)           59M (12%)         30 / 6              0 / 0              0 / 0        
[2026-04-03T01:54:39.410+0600][17.088s][info][gc,reloc    ] GC(43) y: Survivor 1         0M (0%)            7M (2%)           4 / 1              0 / 0              0 / 0        
[2026-04-03T01:54:39.410+0600][17.088s][info][gc,reloc    ] GC(43) y: Survivor 2         0M (0%)            3M (1%)           2 / 2              0 / 0              0 / 0        
[2026-04-03T01:54:39.410+0600][17.088s][info][gc,reloc    ] GC(43) y: Survivor 3         0M (0%)            1M (0%)           1 / 1              0 / 0              0 / 0        
[2026-04-03T01:54:39.410+0600][17.088s][info][gc,heap     ] GC(43) y: Min Capacity: 8M(2%)
[2026-04-03T01:54:39.410+0600][17.088s][info][gc,heap     ] GC(43) y: Max Capacity: 500M(100%)
[2026-04-03T01:54:39.410+0600][17.088s][info][gc,heap     ] GC(43) y: Soft Max Capacity: 500M(100%)
[2026-04-03T01:54:39.410+0600][17.088s][info][gc,heap     ] GC(43) y: Heap Statistics:
[2026-04-03T01:54:39.410+0600][17.088s][info][gc,heap     ] GC(43) y:                Mark Start          Mark End        Relocate Start      Relocate End           High               Low         
[2026-04-03T01:54:39.410+0600][17.088s][info][gc,heap     ] GC(43) y:  Capacity:      500M (100%)        500M (100%)        500M (100%)        500M (100%)        500M (100%)        500M (100%)   
[2026-04-03T01:54:39.410+0600][17.089s][info][gc,heap     ] GC(43) y:      Free:      238M (48%)         218M (44%)         258M (52%)         268M (54%)         268M (54%)         206M (41%)    
[2026-04-03T01:54:39.410+0600][17.089s][info][gc,heap     ] GC(43) y:      Used:      262M (52%)         282M (56%)         242M (48%)         232M (46%)         294M (59%)         232M (46%)    
[2026-04-03T01:54:39.410+0600][17.089s][info][gc,heap     ] GC(43) y: Young Generation Statistics:
[2026-04-03T01:54:39.410+0600][17.089s][info][gc,heap     ] GC(43) y:                Mark Start          Mark End        Relocate Start      Relocate End    
[2026-04-03T01:54:39.410+0600][17.089s][info][gc,heap     ] GC(43) y:      Used:       74M (15%)          94M (19%)          54M (11%)          44M (9%)     
[2026-04-03T01:54:39.410+0600][17.089s][info][gc,heap     ] GC(43) y:      Live:         -                 0M (0%)            0M (0%)            0M (0%)     
[2026-04-03T01:54:39.410+0600][17.089s][info][gc,heap     ] GC(43) y:   Garbage:         -                73M (15%)          21M (4%)            0M (0%)     
[2026-04-03T01:54:39.410+0600][17.089s][info][gc,heap     ] GC(43) y: Allocated:         -                20M (4%)           32M (6%)           43M (9%)     
[2026-04-03T01:54:39.410+0600][17.089s][info][gc,heap     ] GC(43) y: Reclaimed:         -                  -                52M (10%)          73M (15%)    
[2026-04-03T01:54:39.410+0600][17.089s][info][gc,heap     ] GC(43) y:  Promoted:         -                  -                 0M (0%)            0M (0%)     
[2026-04-03T01:54:39.410+0600][17.089s][info][gc,heap     ] GC(43) y: Compacted:         -                  -                  -                 0M (0%)     
[2026-04-03T01:54:39.410+0600][17.089s][info][gc,phases   ] GC(43) y: Young Generation 262M(52%)->232M(46%) 0.013s
[2026-04-03T01:54:39.410+0600][17.089s][info][gc          ] GC(43) Minor Collection (Allocation Rate) 262M(52%)->234M(47%) 0.014s
[2026-04-03T01:54:39.428+0600][17.107s][info][gc          ] GC(44) Minor Collection (Allocation Rate)
[2026-04-03T01:54:39.428+0600][17.107s][info][gc,task     ] GC(44) Using 2 Workers for Young Generation
[2026-04-03T01:54:39.428+0600][17.107s][info][gc,phases   ] GC(44) y: Young Generation
[2026-04-03T01:54:39.428+0600][17.107s][info][gc,phases   ] GC(44) y: Pause Mark Start 0.019ms
[2026-04-03T01:54:39.435+0600][17.114s][info][gc,phases   ] GC(44) y: Concurrent Mark 6.592ms
[2026-04-03T01:54:39.435+0600][17.114s][info][gc,phases   ] GC(44) y: Pause Mark End 0.018ms
[2026-04-03T01:54:39.435+0600][17.114s][info][gc,phases   ] GC(44) y: Concurrent Mark Free 0.001ms
[2026-04-03T01:54:39.435+0600][17.114s][info][gc,phases   ] GC(44) y: Concurrent Reset Relocation Set 0.002ms
[2026-04-03T01:54:39.439+0600][17.118s][info][gc,reloc    ] GC(44) y: Using tenuring threshold: 5 (Computed)
[2026-04-03T01:54:39.440+0600][17.119s][info][gc,phases   ] GC(44) y: Concurrent Select Relocation Set 4.697ms
[2026-04-03T01:54:39.440+0600][17.119s][info][gc,phases   ] GC(44) y: Pause Relocate Start 0.017ms
[2026-04-03T01:54:39.440+0600][17.119s][info][gc,phases   ] GC(44) y: Concurrent Relocate 0.306ms
[2026-04-03T01:54:39.440+0600][17.119s][info][gc,alloc    ] GC(44) y:                         Mark Start        Mark End      Relocate Start    Relocate End   
[2026-04-03T01:54:39.441+0600][17.119s][info][gc,alloc    ] GC(44) y: Allocation Stalls:          0                0                0                0         
[2026-04-03T01:54:39.441+0600][17.119s][info][gc,load     ] GC(44) y: Load: 7.90 (66%) / 7.88 (66%) / 7.50 (63%)
[2026-04-03T01:54:39.441+0600][17.119s][info][gc,mmu      ] GC(44) y: MMU: 2ms/93.8%, 5ms/97.5%, 10ms/98.8%, 20ms/99.2%, 50ms/99.5%, 100ms/99.6%
[2026-04-03T01:54:39.441+0600][17.119s][info][gc,marking  ] GC(44) y: Mark: 2 stripe(s), 2 proactive flush(es), 1 terminate flush(es), 0 completion(s), 0 continuation(s) 
[2026-04-03T01:54:39.441+0600][17.119s][info][gc,marking  ] GC(44) y: Mark Stack Usage: 32M
[2026-04-03T01:54:39.441+0600][17.119s][info][gc,nmethod  ] GC(44) y: NMethods: 4752 registered, 758 unregistered
[2026-04-03T01:54:39.441+0600][17.119s][info][gc,metaspace] GC(44) y: Metaspace: 62M used, 63M committed, 1088M reserved
[2026-04-03T01:54:39.441+0600][17.119s][info][gc,reloc    ] GC(44) y:                        Candidates     Selected     In-Place         Size        Empty    Relocated 
[2026-04-03T01:54:39.441+0600][17.119s][info][gc,reloc    ] GC(44) y: Small Pages:                   48           10            0          96M          74M           0M 
[2026-04-03T01:54:39.441+0600][17.119s][info][gc,reloc    ] GC(44) y: Medium Pages:                   0            0            0           0M           0M           0M 
[2026-04-03T01:54:39.441+0600][17.119s][info][gc,reloc    ] GC(44) y: Large Pages:                    0            0            0           0M           0M           0M 
[2026-04-03T01:54:39.441+0600][17.119s][info][gc,reloc    ] GC(44) y: Forwarding Usage: 0M
[2026-04-03T01:54:39.441+0600][17.120s][info][gc,reloc    ] GC(44) y: Age Table:
[2026-04-03T01:54:39.441+0600][17.120s][info][gc,reloc    ] GC(44) y:                    Live             Garbage             Small              Medium             Large        
[2026-04-03T01:54:39.441+0600][17.120s][info][gc,reloc    ] GC(44) y: Eden               0M (0%)           83M (17%)         42 / 7              0 / 0              0 / 0        
[2026-04-03T01:54:39.441+0600][17.120s][info][gc,reloc    ] GC(44) y: Survivor 1         0M (0%)            3M (1%)           2 / 1              0 / 0              0 / 0        
[2026-04-03T01:54:39.441+0600][17.120s][info][gc,reloc    ] GC(44) y: Survivor 2         0M (0%)            1M (0%)           1 / 1              0 / 0              0 / 0        
[2026-04-03T01:54:39.441+0600][17.120s][info][gc,reloc    ] GC(44) y: Survivor 3          -                 4M (1%)           2 / 0              0 / 0              0 / 0        
[2026-04-03T01:54:39.441+0600][17.120s][info][gc,reloc    ] GC(44) y: Survivor 4         0M (0%)            1M (0%)           1 / 1              0 / 0              0 / 0        
[2026-04-03T01:54:39.441+0600][17.120s][info][gc,heap     ] GC(44) y: Min Capacity: 8M(2%)
[2026-04-03T01:54:39.441+0600][17.120s][info][gc,heap     ] GC(44) y: Max Capacity: 500M(100%)
[2026-04-03T01:54:39.441+0600][17.120s][info][gc,heap     ] GC(44) y: Soft Max Capacity: 500M(100%)
[2026-04-03T01:54:39.441+0600][17.120s][info][gc,heap     ] GC(44) y: Heap Statistics:
[2026-04-03T01:54:39.441+0600][17.120s][info][gc,heap     ] GC(44) y:                Mark Start          Mark End        Relocate Start      Relocate End           High               Low         
[2026-04-03T01:54:39.441+0600][17.120s][info][gc,heap     ] GC(44) y:  Capacity:      500M (100%)        500M (100%)        500M (100%)        500M (100%)        500M (100%)        500M (100%)   
[2026-04-03T01:54:39.441+0600][17.120s][info][gc,heap     ] GC(44) y:      Free:      216M (43%)         196M (39%)         258M (52%)         268M (54%)         268M (54%)         186M (37%)    
[2026-04-03T01:54:39.441+0600][17.120s][info][gc,heap     ] GC(44) y:      Used:      284M (57%)         304M (61%)         242M (48%)         232M (46%)         314M (63%)         232M (46%)    
[2026-04-03T01:54:39.441+0600][17.120s][info][gc,heap     ] GC(44) y: Young Generation Statistics:
[2026-04-03T01:54:39.441+0600][17.120s][info][gc,heap     ] GC(44) y:                Mark Start          Mark End        Relocate Start      Relocate End    
[2026-04-03T01:54:39.441+0600][17.120s][info][gc,heap     ] GC(44) y:      Used:       96M (19%)         116M (23%)          54M (11%)          44M (9%)     
[2026-04-03T01:54:39.441+0600][17.120s][info][gc,heap     ] GC(44) y:      Live:         -                 0M (0%)            0M (0%)            0M (0%)     
[2026-04-03T01:54:39.441+0600][17.120s][info][gc,heap     ] GC(44) y:   Garbage:         -                95M (19%)          21M (4%)            0M (0%)     
[2026-04-03T01:54:39.441+0600][17.120s][info][gc,heap     ] GC(44) y: Allocated:         -                20M (4%)           32M (6%)           43M (9%)     
[2026-04-03T01:54:39.441+0600][17.120s][info][gc,heap     ] GC(44) y: Reclaimed:         -                  -                74M (15%)          95M (19%)    
[2026-04-03T01:54:39.441+0600][17.120s][info][gc,heap     ] GC(44) y:  Promoted:         -                  -                 0M (0%)            0M (0%)     
[2026-04-03T01:54:39.441+0600][17.120s][info][gc,heap     ] GC(44) y: Compacted:         -                  -                  -                 0M (0%)     
[2026-04-03T01:54:39.441+0600][17.120s][info][gc,phases   ] GC(44) y: Young Generation 284M(57%)->232M(46%) 0.013s
[2026-04-03T01:54:39.441+0600][17.120s][info][gc          ] GC(44) Minor Collection (Allocation Rate) 284M(57%)->232M(46%) 0.013s
[2026-04-03T01:54:39.495+0600][17.174s][info][gc          ] GC(45) Minor Collection (Allocation Rate)
[2026-04-03T01:54:39.495+0600][17.174s][info][gc,task     ] GC(45) Using 2 Workers for Young Generation
[2026-04-03T01:54:39.495+0600][17.174s][info][gc,phases   ] GC(45) y: Young Generation
[2026-04-03T01:54:39.495+0600][17.174s][info][gc,phases   ] GC(45) y: Pause Mark Start 0.018ms
[2026-04-03T01:54:39.502+0600][17.181s][info][gc,phases   ] GC(45) y: Concurrent Mark 6.515ms
[2026-04-03T01:54:39.502+0600][17.181s][info][gc,phases   ] GC(45) y: Pause Mark End 0.017ms
[2026-04-03T01:54:39.502+0600][17.181s][info][gc,phases   ] GC(45) y: Concurrent Mark Free 0.001ms
[2026-04-03T01:54:39.502+0600][17.181s][info][gc,phases   ] GC(45) y: Concurrent Reset Relocation Set 0.002ms
[2026-04-03T01:54:39.504+0600][17.183s][info][gc,reloc    ] GC(45) y: Using tenuring threshold: 4 (Computed)
[2026-04-03T01:54:39.504+0600][17.183s][info][gc,phases   ] GC(45) y: Concurrent Select Relocation Set 2.375ms
[2026-04-03T01:54:39.505+0600][17.183s][info][gc,phases   ] GC(45) y: Pause Relocate Start 0.009ms
[2026-04-03T01:54:39.505+0600][17.184s][info][gc,phases   ] GC(45) y: Concurrent Relocate 0.273ms
[2026-04-03T01:54:39.505+0600][17.184s][info][gc,alloc    ] GC(45) y:                         Mark Start        Mark End      Relocate Start    Relocate End   
[2026-04-03T01:54:39.505+0600][17.184s][info][gc,alloc    ] GC(45) y: Allocation Stalls:          0                0                0                0         
[2026-04-03T01:54:39.505+0600][17.184s][info][gc,load     ] GC(45) y: Load: 7.90 (66%) / 7.88 (66%) / 7.50 (63%)
[2026-04-03T01:54:39.505+0600][17.184s][info][gc,mmu      ] GC(45) y: MMU: 2ms/93.8%, 5ms/97.5%, 10ms/98.8%, 20ms/99.2%, 50ms/99.5%, 100ms/99.6%
[2026-04-03T01:54:39.505+0600][17.184s][info][gc,marking  ] GC(45) y: Mark: 2 stripe(s), 2 proactive flush(es), 1 terminate flush(es), 0 completion(s), 0 continuation(s) 
[2026-04-03T01:54:39.505+0600][17.184s][info][gc,marking  ] GC(45) y: Mark Stack Usage: 32M
[2026-04-03T01:54:39.505+0600][17.184s][info][gc,nmethod  ] GC(45) y: NMethods: 4753 registered, 758 unregistered
[2026-04-03T01:54:39.505+0600][17.184s][info][gc,metaspace] GC(45) y: Metaspace: 62M used, 63M committed, 1088M reserved
[2026-04-03T01:54:39.505+0600][17.184s][info][gc,reloc    ] GC(45) y:                        Candidates     Selected     In-Place         Size        Empty    Relocated 
[2026-04-03T01:54:39.505+0600][17.184s][info][gc,reloc    ] GC(45) y: Small Pages:                   96           13            0         192M         164M           0M 
[2026-04-03T01:54:39.505+0600][17.184s][info][gc,reloc    ] GC(45) y: Medium Pages:                   0            0            0           0M           0M           0M 
[2026-04-03T01:54:39.505+0600][17.184s][info][gc,reloc    ] GC(45) y: Large Pages:                    0            0            0           0M           0M           0M 
[2026-04-03T01:54:39.505+0600][17.184s][info][gc,reloc    ] GC(45) y: Forwarding Usage: 0M
[2026-04-03T01:54:39.505+0600][17.184s][info][gc,reloc    ] GC(45) y: Age Table:
[2026-04-03T01:54:39.505+0600][17.184s][info][gc,reloc    ] GC(45) y:                    Live             Garbage             Small              Medium             Large        
[2026-04-03T01:54:39.505+0600][17.184s][info][gc,reloc    ] GC(45) y: Eden               0M (0%)          181M (36%)         91 / 10             0 / 0              0 / 0        
[2026-04-03T01:54:39.505+0600][17.184s][info][gc,reloc    ] GC(45) y: Survivor 1         0M (0%)            3M (1%)           2 / 2              0 / 0              0 / 0        
[2026-04-03T01:54:39.505+0600][17.184s][info][gc,reloc    ] GC(45) y: Survivor 2          -                 2M (0%)           1 / 0              0 / 0              0 / 0        
[2026-04-03T01:54:39.505+0600][17.184s][info][gc,reloc    ] GC(45) y: Survivor 3         0M (0%)            1M (0%)           1 / 1              0 / 0              0 / 0        
[2026-04-03T01:54:39.505+0600][17.184s][info][gc,reloc    ] GC(45) y: Survivor 4          -                 0M (0%)           0 / 0              0 / 0              0 / 0        
[2026-04-03T01:54:39.505+0600][17.184s][info][gc,reloc    ] GC(45) y: Survivor 5          -                 2M (0%)           1 / 0              0 / 0              0 / 0        
[2026-04-03T01:54:39.505+0600][17.184s][info][gc,heap     ] GC(45) y: Min Capacity: 8M(2%)
[2026-04-03T01:54:39.505+0600][17.184s][info][gc,heap     ] GC(45) y: Max Capacity: 500M(100%)
[2026-04-03T01:54:39.505+0600][17.184s][info][gc,heap     ] GC(45) y: Soft Max Capacity: 500M(100%)
[2026-04-03T01:54:39.505+0600][17.184s][info][gc,heap     ] GC(45) y: Heap Statistics:
[2026-04-03T01:54:39.505+0600][17.184s][info][gc,heap     ] GC(45) y:                Mark Start          Mark End        Relocate Start      Relocate End           High               Low         
[2026-04-03T01:54:39.505+0600][17.184s][info][gc,heap     ] GC(45) y:  Capacity:      500M (100%)        500M (100%)        500M (100%)        500M (100%)        500M (100%)        500M (100%)   
[2026-04-03T01:54:39.505+0600][17.184s][info][gc,heap     ] GC(45) y:      Free:      120M (24%)         100M (20%)         258M (52%)         272M (54%)         272M (54%)         100M (20%)    
[2026-04-03T01:54:39.505+0600][17.184s][info][gc,heap     ] GC(45) y:      Used:      380M (76%)         400M (80%)         242M (48%)         228M (46%)         400M (80%)         228M (46%)    
[2026-04-03T01:54:39.505+0600][17.184s][info][gc,heap     ] GC(45) y: Young Generation Statistics:
[2026-04-03T01:54:39.505+0600][17.184s][info][gc,heap     ] GC(45) y:                Mark Start          Mark End        Relocate Start      Relocate End    
[2026-04-03T01:54:39.505+0600][17.184s][info][gc,heap     ] GC(45) y:      Used:      192M (38%)         212M (42%)          54M (11%)          40M (8%)     
[2026-04-03T01:54:39.505+0600][17.184s][info][gc,heap     ] GC(45) y:      Live:         -                 0M (0%)            0M (0%)            0M (0%)     
[2026-04-03T01:54:39.505+0600][17.184s][info][gc,heap     ] GC(45) y:   Garbage:         -               191M (38%)          27M (6%)            0M (0%)     
[2026-04-03T01:54:39.505+0600][17.184s][info][gc,heap     ] GC(45) y: Allocated:         -                20M (4%)           26M (5%)           39M (8%)     
[2026-04-03T01:54:39.505+0600][17.184s][info][gc,heap     ] GC(45) y: Reclaimed:         -                  -               164M (33%)         191M (38%)    
[2026-04-03T01:54:39.505+0600][17.184s][info][gc,heap     ] GC(45) y:  Promoted:         -                  -                 0M (0%)            0M (0%)     
[2026-04-03T01:54:39.505+0600][17.184s][info][gc,heap     ] GC(45) y: Compacted:         -                  -                  -                 0M (0%)     
[2026-04-03T01:54:39.505+0600][17.184s][info][gc,phases   ] GC(45) y: Young Generation 380M(76%)->228M(46%) 0.010s
[2026-04-03T01:54:39.505+0600][17.184s][info][gc          ] GC(45) Minor Collection (Allocation Rate) 380M(76%)->228M(46%) 0.010s
[2026-04-03T01:54:39.540+0600][17.219s][info][gc,phases   ] GC(37) O: Concurrent Mark 280.315ms
[2026-04-03T01:54:39.540+0600][17.219s][info][gc,phases   ] GC(37) O: Pause Mark End 0.017ms
[2026-04-03T01:54:39.540+0600][17.219s][info][gc,phases   ] GC(37) O: Concurrent Mark Free 0.002ms
[2026-04-03T01:54:39.541+0600][17.220s][info][gc          ] GC(46) Minor Collection (Allocation Rate)
[2026-04-03T01:54:39.541+0600][17.220s][info][gc,task     ] GC(46) Using 1 Workers for Young Generation
[2026-04-03T01:54:39.541+0600][17.220s][info][gc,phases   ] GC(46) y: Young Generation
[2026-04-03T01:54:39.541+0600][17.220s][info][gc,phases   ] GC(46) y: Pause Mark Start 0.011ms
[2026-04-03T01:54:39.556+0600][17.235s][info][gc,phases   ] GC(46) y: Concurrent Mark 14.913ms
[2026-04-03T01:54:39.565+0600][17.244s][info][gc,phases   ] GC(46) y: Pause Mark End 0.020ms
[2026-04-03T01:54:39.565+0600][17.244s][info][gc,phases   ] GC(46) y: Concurrent Mark Free 0.002ms
[2026-04-03T01:54:39.565+0600][17.244s][info][gc,phases   ] GC(46) y: Concurrent Reset Relocation Set 0.003ms
[2026-04-03T01:54:39.566+0600][17.245s][info][gc,phases   ] GC(37) O: Concurrent Process Non-Strong 25.333ms
[2026-04-03T01:54:39.566+0600][17.245s][info][gc,phases   ] GC(37) O: Concurrent Reset Relocation Set 0.003ms
[2026-04-03T01:54:39.568+0600][17.246s][info][gc,phases   ] GC(37) O: Concurrent Select Relocation Set 1.733ms
[2026-04-03T01:54:39.569+0600][17.248s][info][gc,reloc    ] GC(46) y: Using tenuring threshold: 2 (Computed)
[2026-04-03T01:54:39.570+0600][17.249s][info][gc,phases   ] GC(46) y: Concurrent Select Relocation Set 4.441ms
[2026-04-03T01:54:39.570+0600][17.249s][info][gc,phases   ] GC(46) y: Pause Relocate Start 0.018ms
[2026-04-03T01:54:39.570+0600][17.249s][info][gc,phases   ] GC(46) y: Concurrent Relocate 0.330ms
[2026-04-03T01:54:39.570+0600][17.249s][info][gc,alloc    ] GC(46) y:                         Mark Start        Mark End      Relocate Start    Relocate End   
[2026-04-03T01:54:39.570+0600][17.249s][info][gc,alloc    ] GC(46) y: Allocation Stalls:          0                0                0                0         
[2026-04-03T01:54:39.570+0600][17.249s][info][gc,load     ] GC(46) y: Load: 7.90 (66%) / 7.88 (66%) / 7.50 (63%)
[2026-04-03T01:54:39.570+0600][17.249s][info][gc,mmu      ] GC(46) y: MMU: 2ms/93.8%, 5ms/97.5%, 10ms/98.8%, 20ms/99.2%, 50ms/99.5%, 100ms/99.6%
[2026-04-03T01:54:39.570+0600][17.249s][info][gc,marking  ] GC(46) y: Mark: 1 stripe(s), 2 proactive flush(es), 1 terminate flush(es), 0 completion(s), 0 continuation(s) 
[2026-04-03T01:54:39.570+0600][17.249s][info][gc,marking  ] GC(46) y: Mark Stack Usage: 32M
[2026-04-03T01:54:39.570+0600][17.249s][info][gc,nmethod  ] GC(46) y: NMethods: 4568 registered, 943 unregistered
[2026-04-03T01:54:39.570+0600][17.249s][info][gc,metaspace] GC(46) y: Metaspace: 62M used, 63M committed, 1088M reserved
[2026-04-03T01:54:39.570+0600][17.249s][info][gc,reloc    ] GC(46) y:                        Candidates     Selected     In-Place         Size        Empty    Relocated 
[2026-04-03T01:54:39.570+0600][17.249s][info][gc,reloc    ] GC(46) y: Small Pages:                   72            7            0         144M         128M           0M 
[2026-04-03T01:54:39.571+0600][17.249s][info][gc,reloc    ] GC(46) y: Medium Pages:                   0            0            0           0M           0M           0M 
[2026-04-03T01:54:39.571+0600][17.249s][info][gc,reloc    ] GC(46) y: Large Pages:                    0            0            0           0M           0M           0M 
[2026-04-03T01:54:39.571+0600][17.249s][info][gc,reloc    ] GC(46) y: Forwarding Usage: 0M
[2026-04-03T01:54:39.571+0600][17.249s][info][gc,reloc    ] GC(46) y: Age Table:
[2026-04-03T01:54:39.571+0600][17.249s][info][gc,reloc    ] GC(46) y:                    Live             Garbage             Small              Medium             Large        
[2026-04-03T01:54:39.571+0600][17.249s][info][gc,reloc    ] GC(46) y: Eden               0M (0%)          129M (26%)         65 / 5              0 / 0              0 / 0        
[2026-04-03T01:54:39.571+0600][17.249s][info][gc,reloc    ] GC(46) y: Survivor 1         0M (0%)            7M (2%)           4 / 2              0 / 0              0 / 0        
[2026-04-03T01:54:39.571+0600][17.249s][info][gc,reloc    ] GC(46) y: Survivor 2          -                 4M (1%)           2 / 0              0 / 0              0 / 0        
[2026-04-03T01:54:39.571+0600][17.249s][info][gc,reloc    ] GC(46) y: Survivor 3          -                 0M (0%)           0 / 0              0 / 0              0 / 0        
[2026-04-03T01:54:39.571+0600][17.249s][info][gc,reloc    ] GC(46) y: Survivor 4          -                 2M (0%)           1 / 0              0 / 0              0 / 0        
[2026-04-03T01:54:39.571+0600][17.249s][info][gc,heap     ] GC(46) y: Min Capacity: 8M(2%)
[2026-04-03T01:54:39.571+0600][17.249s][info][gc,heap     ] GC(46) y: Max Capacity: 500M(100%)
[2026-04-03T01:54:39.571+0600][17.249s][info][gc,heap     ] GC(46) y: Soft Max Capacity: 500M(100%)
[2026-04-03T01:54:39.571+0600][17.249s][info][gc,heap     ] GC(46) y: Heap Statistics:
[2026-04-03T01:54:39.571+0600][17.249s][info][gc,heap     ] GC(46) y:                Mark Start          Mark End        Relocate Start      Relocate End           High               Low         
[2026-04-03T01:54:39.571+0600][17.250s][info][gc,heap     ] GC(46) y:  Capacity:      500M (100%)        500M (100%)        500M (100%)        500M (100%)        500M (100%)        500M (100%)   
[2026-04-03T01:54:39.571+0600][17.250s][info][gc,heap     ] GC(46) y:      Free:      168M (34%)         112M (22%)         230M (46%)         238M (48%)         240M (48%)         112M (22%)    
[2026-04-03T01:54:39.571+0600][17.250s][info][gc,heap     ] GC(46) y:      Used:      332M (66%)         388M (78%)         270M (54%)         262M (52%)         388M (78%)         260M (52%)    
[2026-04-03T01:54:39.571+0600][17.250s][info][gc,heap     ] GC(46) y: Young Generation Statistics:
[2026-04-03T01:54:39.571+0600][17.250s][info][gc,heap     ] GC(46) y:                Mark Start          Mark End        Relocate Start      Relocate End    
[2026-04-03T01:54:39.571+0600][17.250s][info][gc,heap     ] GC(46) y:      Used:      144M (29%)         200M (40%)          82M (16%)          74M (15%)    
[2026-04-03T01:54:39.571+0600][17.250s][info][gc,heap     ] GC(46) y:      Live:         -                 0M (0%)            0M (0%)            0M (0%)     
[2026-04-03T01:54:39.571+0600][17.250s][info][gc,heap     ] GC(46) y:   Garbage:         -               143M (29%)          15M (3%)            0M (0%)     
[2026-04-03T01:54:39.571+0600][17.250s][info][gc,heap     ] GC(46) y: Allocated:         -                56M (11%)          66M (13%)          73M (15%)    
[2026-04-03T01:54:39.571+0600][17.250s][info][gc,heap     ] GC(46) y: Reclaimed:         -                  -               128M (26%)         143M (29%)    
[2026-04-03T01:54:39.571+0600][17.250s][info][gc,heap     ] GC(46) y:  Promoted:         -                  -                 0M (0%)            0M (0%)     
[2026-04-03T01:54:39.571+0600][17.250s][info][gc,heap     ] GC(46) y: Compacted:         -                  -                  -                 0M (0%)     
[2026-04-03T01:54:39.571+0600][17.250s][info][gc,phases   ] GC(46) y: Young Generation 332M(66%)->262M(52%) 0.029s
[2026-04-03T01:54:39.571+0600][17.250s][info][gc          ] GC(46) Minor Collection (Allocation Rate) 330M(66%)->262M(52%) 0.030s
[2026-04-03T01:54:39.571+0600][17.250s][info][gc,task     ] GC(37) O: Using 2 Workers for Old Generation
[2026-04-03T01:54:39.574+0600][17.253s][info][gc,task     ] Adjusting Workers for Old Generation: 2 -> 1
[2026-04-03T01:54:39.594+0600][17.273s][info][gc,task     ] GC(37) O: Using 1 Workers for Old Generation
[2026-04-03T01:54:39.594+0600][17.273s][info][gc,phases   ] GC(37) O: Concurrent Remap Roots 22.945ms
[2026-04-03T01:54:39.594+0600][17.273s][info][gc,phases   ] GC(37) O: Pause Relocate Start 0.019ms
[2026-04-03T01:54:39.594+0600][17.273s][info][gc          ] GC(47) Minor Collection (Allocation Rate)
[2026-04-03T01:54:39.594+0600][17.273s][info][gc,task     ] GC(47) Using 2 Workers for Young Generation
[2026-04-03T01:54:39.594+0600][17.273s][info][gc,phases   ] GC(47) y: Young Generation
[2026-04-03T01:54:39.595+0600][17.273s][info][gc,phases   ] GC(47) y: Pause Mark Start 0.010ms
[2026-04-03T01:54:39.602+0600][17.281s][info][gc,phases   ] GC(37) O: Concurrent Relocate 7.942ms
[2026-04-03T01:54:39.603+0600][17.282s][info][gc,phases   ] GC(47) y: Concurrent Mark 8.017ms
[2026-04-03T01:54:39.603+0600][17.282s][info][gc,phases   ] GC(47) y: Pause Mark End 0.018ms
[2026-04-03T01:54:39.603+0600][17.282s][info][gc,phases   ] GC(47) y: Concurrent Mark Free 0.001ms
[2026-04-03T01:54:39.603+0600][17.282s][info][gc,phases   ] GC(47) y: Concurrent Reset Relocation Set 0.002ms
[2026-04-03T01:54:39.608+0600][17.287s][info][gc,reloc    ] GC(47) y: Using tenuring threshold: 2 (Computed)
[2026-04-03T01:54:39.608+0600][17.287s][info][gc,phases   ] GC(47) y: Concurrent Select Relocation Set 5.195ms
[2026-04-03T01:54:39.608+0600][17.287s][info][gc,phases   ] GC(47) y: Pause Relocate Start 0.010ms
[2026-04-03T01:54:39.609+0600][17.288s][info][gc,phases   ] GC(47) y: Concurrent Relocate 0.282ms
[2026-04-03T01:54:39.609+0600][17.288s][info][gc,alloc    ] GC(47) y:                         Mark Start        Mark End      Relocate Start    Relocate End   
[2026-04-03T01:54:39.609+0600][17.288s][info][gc,alloc    ] GC(47) y: Allocation Stalls:          0                0                0                0         
[2026-04-03T01:54:39.609+0600][17.288s][info][gc,load     ] GC(47) y: Load: 7.90 (66%) / 7.88 (66%) / 7.50 (63%)
[2026-04-03T01:54:39.609+0600][17.288s][info][gc,mmu      ] GC(47) y: MMU: 2ms/93.8%, 5ms/97.5%, 10ms/98.8%, 20ms/99.2%, 50ms/99.5%, 100ms/99.6%
[2026-04-03T01:54:39.609+0600][17.288s][info][gc,marking  ] GC(47) y: Mark: 2 stripe(s), 2 proactive flush(es), 1 terminate flush(es), 0 completion(s), 0 continuation(s) 
[2026-04-03T01:54:39.609+0600][17.288s][info][gc,marking  ] GC(47) y: Mark Stack Usage: 32M
[2026-04-03T01:54:39.609+0600][17.288s][info][gc,nmethod  ] GC(47) y: NMethods: 4568 registered, 943 unregistered
[2026-04-03T01:54:39.609+0600][17.288s][info][gc,metaspace] GC(47) y: Metaspace: 62M used, 63M committed, 1088M reserved
[2026-04-03T01:54:39.609+0600][17.288s][info][gc,reloc    ] GC(47) y:                        Candidates     Selected     In-Place         Size        Empty    Relocated 
[2026-04-03T01:54:39.609+0600][17.288s][info][gc,reloc    ] GC(47) y: Small Pages:                   68            7            0         136M         120M           0M 
[2026-04-03T01:54:39.609+0600][17.288s][info][gc,reloc    ] GC(47) y: Medium Pages:                   0            0            0           0M           0M           0M 
[2026-04-03T01:54:39.609+0600][17.288s][info][gc,reloc    ] GC(47) y: Large Pages:                    0            0            0           0M           0M           0M 
[2026-04-03T01:54:39.609+0600][17.288s][info][gc,reloc    ] GC(47) y: Forwarding Usage: 0M
[2026-04-03T01:54:39.609+0600][17.288s][info][gc,reloc    ] GC(47) y: Age Table:
[2026-04-03T01:54:39.609+0600][17.288s][info][gc,reloc    ] GC(47) y:                    Live             Garbage             Small              Medium             Large        
[2026-04-03T01:54:39.609+0600][17.288s][info][gc,reloc    ] GC(47) y: Eden               0M (0%)          129M (26%)         65 / 5              0 / 0              0 / 0        
[2026-04-03T01:54:39.609+0600][17.288s][info][gc,reloc    ] GC(47) y: Survivor 1         0M (0%)            3M (1%)           2 / 2              0 / 0              0 / 0        
[2026-04-03T01:54:39.609+0600][17.288s][info][gc,reloc    ] GC(47) y: Survivor 2          -                 2M (0%)           1 / 0              0 / 0              0 / 0        
[2026-04-03T01:54:39.609+0600][17.288s][info][gc,heap     ] GC(47) y: Min Capacity: 8M(2%)
[2026-04-03T01:54:39.609+0600][17.288s][info][gc,heap     ] GC(47) y: Max Capacity: 500M(100%)
[2026-04-03T01:54:39.609+0600][17.288s][info][gc,heap     ] GC(47) y: Soft Max Capacity: 500M(100%)
[2026-04-03T01:54:39.609+0600][17.288s][info][gc,heap     ] GC(47) y: Heap Statistics:
[2026-04-03T01:54:39.609+0600][17.288s][info][gc,heap     ] GC(47) y:                Mark Start          Mark End        Relocate Start      Relocate End           High               Low         
[2026-04-03T01:54:39.609+0600][17.288s][info][gc,heap     ] GC(47) y:  Capacity:      500M (100%)        500M (100%)        500M (100%)        500M (100%)        500M (100%)        500M (100%)   
[2026-04-03T01:54:39.609+0600][17.288s][info][gc,heap     ] GC(47) y:      Free:      174M (35%)         170M (34%)         278M (56%)         282M (56%)         282M (56%)         158M (32%)    
[2026-04-03T01:54:39.609+0600][17.288s][info][gc,heap     ] GC(47) y:      Used:      326M (65%)         330M (66%)         222M (44%)         218M (44%)         342M (68%)         218M (44%)    
[2026-04-03T01:54:39.609+0600][17.288s][info][gc,heap     ] GC(47) y: Young Generation Statistics:
[2026-04-03T01:54:39.609+0600][17.288s][info][gc,heap     ] GC(47) y:                Mark Start          Mark End        Relocate Start      Relocate End    
[2026-04-03T01:54:39.609+0600][17.288s][info][gc,heap     ] GC(47) y:      Used:      136M (27%)         158M (32%)          50M (10%)          46M (9%)     
[2026-04-03T01:54:39.609+0600][17.288s][info][gc,heap     ] GC(47) y:      Live:         -                 0M (0%)            0M (0%)            0M (0%)     
[2026-04-03T01:54:39.609+0600][17.288s][info][gc,heap     ] GC(47) y:   Garbage:         -               135M (27%)          15M (3%)            0M (0%)     
[2026-04-03T01:54:39.609+0600][17.288s][info][gc,heap     ] GC(47) y: Allocated:         -                22M (4%)           34M (7%)           45M (9%)     
[2026-04-03T01:54:39.609+0600][17.288s][info][gc,heap     ] GC(47) y: Reclaimed:         -                  -               120M (24%)         135M (27%)    
[2026-04-03T01:54:39.609+0600][17.288s][info][gc,heap     ] GC(47) y:  Promoted:         -                  -                 0M (0%)            0M (0%)     
[2026-04-03T01:54:39.609+0600][17.288s][info][gc,heap     ] GC(47) y: Compacted:         -                  -                  -                 0M (0%)     
[2026-04-03T01:54:39.609+0600][17.288s][info][gc,phases   ] GC(47) y: Young Generation 326M(65%)->218M(44%) 0.014s
[2026-04-03T01:54:39.609+0600][17.288s][info][gc          ] GC(47) Minor Collection (Allocation Rate) 324M(65%)->222M(44%) 0.015s
[2026-04-03T01:54:39.609+0600][17.288s][info][gc,alloc    ] GC(37) O:                         Mark Start        Mark End      Relocate Start    Relocate End   
[2026-04-03T01:54:39.609+0600][17.288s][info][gc,alloc    ] GC(37) O: Allocation Stalls:          0                0                0                0         
[2026-04-03T01:54:39.609+0600][17.288s][info][gc,load     ] GC(37) O: Load: 7.90 (66%) / 7.88 (66%) / 7.50 (63%)
[2026-04-03T01:54:39.609+0600][17.288s][info][gc,mmu      ] GC(37) O: MMU: 2ms/93.8%, 5ms/97.5%, 10ms/98.8%, 20ms/99.2%, 50ms/99.5%, 100ms/99.6%
[2026-04-03T01:54:39.609+0600][17.288s][info][gc,marking  ] GC(37) O: Mark: 1 stripe(s), 2 proactive flush(es), 1 terminate flush(es), 0 completion(s), 0 continuation(s) 
[2026-04-03T01:54:39.609+0600][17.288s][info][gc,marking  ] GC(37) O: Mark Stack Usage: 32M
[2026-04-03T01:54:39.609+0600][17.288s][info][gc,nmethod  ] GC(37) O: NMethods: 4568 registered, 943 unregistered
[2026-04-03T01:54:39.609+0600][17.288s][info][gc,metaspace] GC(37) O: Metaspace: 62M used, 63M committed, 1088M reserved
[2026-04-03T01:54:39.609+0600][17.288s][info][gc,ref      ] GC(37) O:                       Encountered   Discovered     Enqueued 
[2026-04-03T01:54:39.609+0600][17.288s][info][gc,ref      ] GC(37) O: Soft References:             4730            0            0 
[2026-04-03T01:54:39.609+0600][17.288s][info][gc,ref      ] GC(37) O: Weak References:             5792         4743          342 
[2026-04-03T01:54:39.609+0600][17.288s][info][gc,ref      ] GC(37) O: Final References:              74            0            0 
[2026-04-03T01:54:39.609+0600][17.288s][info][gc,ref      ] GC(37) O: Phantom References:           595          592            0 
[2026-04-03T01:54:39.609+0600][17.288s][info][gc,reloc    ] GC(37) O:                        Candidates     Selected     In-Place         Size        Empty    Relocated 
[2026-04-03T01:54:39.609+0600][17.288s][info][gc,reloc    ] GC(37) O: Small Pages:                   78           12            0         156M           0M           2M 
[2026-04-03T01:54:39.609+0600][17.288s][info][gc,reloc    ] GC(37) O: Medium Pages:                   1            0            0           8M           0M           0M 
[2026-04-03T01:54:39.609+0600][17.288s][info][gc,reloc    ] GC(37) O: Large Pages:                    4            0            0          16M           0M           0M 
[2026-04-03T01:54:39.609+0600][17.288s][info][gc,reloc    ] GC(37) O: Forwarding Usage: 1M
[2026-04-03T01:54:39.609+0600][17.288s][info][gc,heap     ] GC(37) O: Min Capacity: 8M(2%)
[2026-04-03T01:54:39.609+0600][17.288s][info][gc,heap     ] GC(37) O: Max Capacity: 500M(100%)
[2026-04-03T01:54:39.609+0600][17.288s][info][gc,heap     ] GC(37) O: Soft Max Capacity: 500M(100%)
[2026-04-03T01:54:39.609+0600][17.288s][info][gc,heap     ] GC(37) O: Heap Statistics:
[2026-04-03T01:54:39.609+0600][17.288s][info][gc,heap     ] GC(37) O:                Mark Start          Mark End        Relocate Start      Relocate End           High               Low         
[2026-04-03T01:54:39.609+0600][17.288s][info][gc,heap     ] GC(37) O:  Capacity:      500M (100%)        500M (100%)        500M (100%)        500M (100%)        500M (100%)        500M (100%)   
[2026-04-03T01:54:39.609+0600][17.288s][info][gc,heap     ] GC(37) O:      Free:      178M (36%)         172M (34%)         178M (36%)         172M (34%)         282M (56%)         100M (20%)    
[2026-04-03T01:54:39.609+0600][17.288s][info][gc,heap     ] GC(37) O:      Used:      322M (64%)         328M (66%)         322M (64%)         328M (66%)         400M (80%)         218M (44%)    
[2026-04-03T01:54:39.609+0600][17.288s][info][gc,heap     ] GC(37) O: Old Generation Statistics:
[2026-04-03T01:54:39.609+0600][17.288s][info][gc,heap     ] GC(37) O:                Mark Start          Mark End        Relocate Start      Relocate End    
[2026-04-03T01:54:39.610+0600][17.288s][info][gc,heap     ] GC(37) O:      Used:      180M (36%)         188M (38%)         188M (38%)         172M (34%)    
[2026-04-03T01:54:39.610+0600][17.288s][info][gc,heap     ] GC(37) O:      Live:         -               145M (29%)         145M (29%)         145M (29%)    
[2026-04-03T01:54:39.610+0600][17.288s][info][gc,heap     ] GC(37) O:   Garbage:         -                34M (7%)           34M (7%)            9M (2%)     
[2026-04-03T01:54:39.610+0600][17.288s][info][gc,heap     ] GC(37) O: Allocated:         -                 8M (2%)            8M (2%)           16M (3%)     
[2026-04-03T01:54:39.610+0600][17.288s][info][gc,heap     ] GC(37) O: Reclaimed:         -                  -                 0M (0%)           24M (5%)     
[2026-04-03T01:54:39.610+0600][17.288s][info][gc,heap     ] GC(37) O: Compacted:         -                  -                  -                 3M (1%)     
[2026-04-03T01:54:39.610+0600][17.288s][info][gc,phases   ] GC(37) O: Old Generation 232M(46%)->328M(66%) 0.349s
[2026-04-03T01:54:39.610+0600][17.288s][info][gc          ] GC(37) Major Collection (Allocation Rate) 322M(64%)->222M(44%) 0.366s
[2026-04-03T01:54:39.644+0600][17.323s][info][gc          ] GC(48) Minor Collection (Allocation Rate)
[2026-04-03T01:54:39.644+0600][17.323s][info][gc,task     ] GC(48) Using 2 Workers for Young Generation
[2026-04-03T01:54:39.644+0600][17.323s][info][gc,phases   ] GC(48) y: Young Generation
[2026-04-03T01:54:39.645+0600][17.323s][info][gc,phases   ] GC(48) y: Pause Mark Start 0.018ms
[2026-04-03T01:54:39.651+0600][17.330s][info][gc,phases   ] GC(48) y: Concurrent Mark 6.206ms
[2026-04-03T01:54:39.651+0600][17.330s][info][gc,phases   ] GC(48) y: Pause Mark End 0.018ms
[2026-04-03T01:54:39.651+0600][17.330s][info][gc,phases   ] GC(48) y: Concurrent Mark Free 0.002ms
[2026-04-03T01:54:39.651+0600][17.330s][info][gc,phases   ] GC(48) y: Concurrent Reset Relocation Set 0.002ms
[2026-04-03T01:54:39.655+0600][17.334s][info][gc,reloc    ] GC(48) y: Using tenuring threshold: 2 (Computed)
[2026-04-03T01:54:39.655+0600][17.334s][info][gc,phases   ] GC(48) y: Concurrent Select Relocation Set 4.282ms
[2026-04-03T01:54:39.656+0600][17.334s][info][gc,phases   ] GC(48) y: Pause Relocate Start 0.010ms
[2026-04-03T01:54:39.656+0600][17.335s][info][gc,phases   ] GC(48) y: Concurrent Relocate 0.434ms
[2026-04-03T01:54:39.656+0600][17.335s][info][gc,alloc    ] GC(48) y:                         Mark Start        Mark End      Relocate Start    Relocate End   
[2026-04-03T01:54:39.656+0600][17.335s][info][gc,alloc    ] GC(48) y: Allocation Stalls:          0                0                0                0         
[2026-04-03T01:54:39.656+0600][17.335s][info][gc,load     ] GC(48) y: Load: 7.90 (66%) / 7.88 (66%) / 7.50 (63%)
[2026-04-03T01:54:39.656+0600][17.335s][info][gc,mmu      ] GC(48) y: MMU: 2ms/93.8%, 5ms/97.5%, 10ms/98.8%, 20ms/99.2%, 50ms/99.5%, 100ms/99.6%
[2026-04-03T01:54:39.656+0600][17.335s][info][gc,marking  ] GC(48) y: Mark: 2 stripe(s), 2 proactive flush(es), 1 terminate flush(es), 0 completion(s), 0 continuation(s) 
[2026-04-03T01:54:39.656+0600][17.335s][info][gc,marking  ] GC(48) y: Mark Stack Usage: 32M
[2026-04-03T01:54:39.656+0600][17.335s][info][gc,nmethod  ] GC(48) y: NMethods: 4568 registered, 943 unregistered
[2026-04-03T01:54:39.656+0600][17.335s][info][gc,metaspace] GC(48) y: Metaspace: 62M used, 63M committed, 1088M reserved
[2026-04-03T01:54:39.656+0600][17.335s][info][gc,reloc    ] GC(48) y:                        Candidates     Selected     In-Place         Size        Empty    Relocated 
[2026-04-03T01:54:39.656+0600][17.335s][info][gc,reloc    ] GC(48) y: Small Pages:                   74            7            0         148M         132M           0M 
[2026-04-03T01:54:39.656+0600][17.335s][info][gc,reloc    ] GC(48) y: Medium Pages:                   0            0            0           0M           0M           0M 
[2026-04-03T01:54:39.656+0600][17.335s][info][gc,reloc    ] GC(48) y: Large Pages:                    0            0            0           0M           0M           0M 
[2026-04-03T01:54:39.656+0600][17.335s][info][gc,reloc    ] GC(48) y: Forwarding Usage: 0M
[2026-04-03T01:54:39.656+0600][17.335s][info][gc,reloc    ] GC(48) y: Age Table:
[2026-04-03T01:54:39.656+0600][17.335s][info][gc,reloc    ] GC(48) y:                    Live             Garbage             Small              Medium             Large        
[2026-04-03T01:54:39.656+0600][17.335s][info][gc,reloc    ] GC(48) y: Eden               0M (0%)          135M (27%)         68 / 5              0 / 0              0 / 0        
[2026-04-03T01:54:39.656+0600][17.335s][info][gc,reloc    ] GC(48) y: Survivor 1         0M (0%)            7M (2%)           4 / 2              0 / 0              0 / 0        
[2026-04-03T01:54:39.656+0600][17.335s][info][gc,reloc    ] GC(48) y: Survivor 2          -                 4M (1%)           2 / 0              0 / 0              0 / 0        
[2026-04-03T01:54:39.656+0600][17.335s][info][gc,heap     ] GC(48) y: Min Capacity: 8M(2%)
[2026-04-03T01:54:39.656+0600][17.335s][info][gc,heap     ] GC(48) y: Max Capacity: 500M(100%)
[2026-04-03T01:54:39.656+0600][17.335s][info][gc,heap     ] GC(48) y: Soft Max Capacity: 500M(100%)
[2026-04-03T01:54:39.656+0600][17.335s][info][gc,heap     ] GC(48) y: Heap Statistics:
[2026-04-03T01:54:39.656+0600][17.335s][info][gc,heap     ] GC(48) y:                Mark Start          Mark End        Relocate Start      Relocate End           High               Low         
[2026-04-03T01:54:39.656+0600][17.335s][info][gc,heap     ] GC(48) y:  Capacity:      500M (100%)        500M (100%)        500M (100%)        500M (100%)        500M (100%)        500M (100%)   
[2026-04-03T01:54:39.656+0600][17.335s][info][gc,heap     ] GC(48) y:      Free:      180M (36%)         162M (32%)         282M (56%)         286M (57%)         288M (58%)         160M (32%)    
[2026-04-03T01:54:39.656+0600][17.335s][info][gc,heap     ] GC(48) y:      Used:      320M (64%)         338M (68%)         218M (44%)         214M (43%)         340M (68%)         212M (42%)    
[2026-04-03T01:54:39.656+0600][17.335s][info][gc,heap     ] GC(48) y: Young Generation Statistics:
[2026-04-03T01:54:39.656+0600][17.335s][info][gc,heap     ] GC(48) y:                Mark Start          Mark End        Relocate Start      Relocate End    
[2026-04-03T01:54:39.656+0600][17.335s][info][gc,heap     ] GC(48) y:      Used:      148M (30%)         166M (33%)          46M (9%)           42M (8%)     
[2026-04-03T01:54:39.656+0600][17.335s][info][gc,heap     ] GC(48) y:      Live:         -                 0M (0%)            0M (0%)            0M (0%)     
[2026-04-03T01:54:39.656+0600][17.335s][info][gc,heap     ] GC(48) y:   Garbage:         -               147M (30%)          15M (3%)            0M (0%)     
[2026-04-03T01:54:39.656+0600][17.335s][info][gc,heap     ] GC(48) y: Allocated:         -                18M (4%)           30M (6%)           41M (8%)     
[2026-04-03T01:54:39.656+0600][17.335s][info][gc,heap     ] GC(48) y: Reclaimed:         -                  -               132M (26%)         147M (30%)    
[2026-04-03T01:54:39.656+0600][17.335s][info][gc,heap     ] GC(48) y:  Promoted:         -                  -                 0M (0%)            0M (0%)     
[2026-04-03T01:54:39.656+0600][17.335s][info][gc,heap     ] GC(48) y: Compacted:         -                  -                  -                 0M (0%)     
[2026-04-03T01:54:39.656+0600][17.335s][info][gc,phases   ] GC(48) y: Young Generation 320M(64%)->214M(43%) 0.012s
[2026-04-03T01:54:39.656+0600][17.335s][info][gc          ] GC(48) Minor Collection (Allocation Rate) 320M(64%)->218M(44%) 0.012s
[2026-04-03T01:54:39.685+0600][17.364s][info][gc          ] GC(49) Minor Collection (Allocation Rate)
[2026-04-03T01:54:39.685+0600][17.364s][info][gc,task     ] GC(49) Using 1 Workers for Young Generation
[2026-04-03T01:54:39.685+0600][17.364s][info][gc,phases   ] GC(49) y: Young Generation
[2026-04-03T01:54:39.686+0600][17.364s][info][gc,phases   ] GC(49) y: Pause Mark Start 0.011ms
[2026-04-03T01:54:39.694+0600][17.373s][info][gc,phases   ] GC(49) y: Concurrent Mark 8.194ms
[2026-04-03T01:54:39.694+0600][17.373s][info][gc,phases   ] GC(49) y: Pause Mark End 0.012ms
[2026-04-03T01:54:39.694+0600][17.373s][info][gc,phases   ] GC(49) y: Concurrent Mark Free 0.002ms
[2026-04-03T01:54:39.694+0600][17.373s][info][gc,phases   ] GC(49) y: Concurrent Reset Relocation Set 0.002ms
[2026-04-03T01:54:39.698+0600][17.377s][info][gc,reloc    ] GC(49) y: Using tenuring threshold: 2 (Computed)
[2026-04-03T01:54:39.699+0600][17.378s][info][gc,phases   ] GC(49) y: Concurrent Select Relocation Set 4.624ms
[2026-04-03T01:54:39.699+0600][17.378s][info][gc,phases   ] GC(49) y: Pause Relocate Start 0.008ms
[2026-04-03T01:54:39.699+0600][17.378s][info][gc,phases   ] GC(49) y: Concurrent Relocate 0.229ms
[2026-04-03T01:54:39.699+0600][17.378s][info][gc,alloc    ] GC(49) y:                         Mark Start        Mark End      Relocate Start    Relocate End   
[2026-04-03T01:54:39.699+0600][17.378s][info][gc,alloc    ] GC(49) y: Allocation Stalls:          0                0                0                0         
[2026-04-03T01:54:39.699+0600][17.378s][info][gc,load     ] GC(49) y: Load: 7.90 (66%) / 7.88 (66%) / 7.50 (63%)
[2026-04-03T01:54:39.699+0600][17.378s][info][gc,mmu      ] GC(49) y: MMU: 2ms/93.8%, 5ms/97.5%, 10ms/98.8%, 20ms/99.2%, 50ms/99.5%, 100ms/99.6%
[2026-04-03T01:54:39.699+0600][17.378s][info][gc,marking  ] GC(49) y: Mark: 1 stripe(s), 2 proactive flush(es), 1 terminate flush(es), 0 completion(s), 0 continuation(s) 
[2026-04-03T01:54:39.699+0600][17.378s][info][gc,marking  ] GC(49) y: Mark Stack Usage: 32M
[2026-04-03T01:54:39.699+0600][17.378s][info][gc,nmethod  ] GC(49) y: NMethods: 4568 registered, 943 unregistered
[2026-04-03T01:54:39.699+0600][17.378s][info][gc,metaspace] GC(49) y: Metaspace: 62M used, 63M committed, 1088M reserved
[2026-04-03T01:54:39.699+0600][17.378s][info][gc,reloc    ] GC(49) y:                        Candidates     Selected     In-Place         Size        Empty    Relocated 
[2026-04-03T01:54:39.699+0600][17.378s][info][gc,reloc    ] GC(49) y: Small Pages:                   64            7            0         128M         112M           0M 
[2026-04-03T01:54:39.699+0600][17.378s][info][gc,reloc    ] GC(49) y: Medium Pages:                   0            0            0           0M           0M           0M 
[2026-04-03T01:54:39.699+0600][17.378s][info][gc,reloc    ] GC(49) y: Large Pages:                    0            0            0           0M           0M           0M 
[2026-04-03T01:54:39.699+0600][17.378s][info][gc,reloc    ] GC(49) y: Forwarding Usage: 0M
[2026-04-03T01:54:39.699+0600][17.378s][info][gc,reloc    ] GC(49) y: Age Table:
[2026-04-03T01:54:39.699+0600][17.378s][info][gc,reloc    ] GC(49) y:                    Live             Garbage             Small              Medium             Large        
[2026-04-03T01:54:39.699+0600][17.378s][info][gc,reloc    ] GC(49) y: Eden               0M (0%)          115M (23%)         58 / 4              0 / 0              0 / 0        
[2026-04-03T01:54:39.699+0600][17.378s][info][gc,reloc    ] GC(49) y: Survivor 1         0M (0%)            7M (2%)           4 / 3              0 / 0              0 / 0        
[2026-04-03T01:54:39.699+0600][17.378s][info][gc,reloc    ] GC(49) y: Survivor 2          -                 4M (1%)           2 / 0              0 / 0              0 / 0        
[2026-04-03T01:54:39.699+0600][17.378s][info][gc,heap     ] GC(49) y: Min Capacity: 8M(2%)
[2026-04-03T01:54:39.699+0600][17.378s][info][gc,heap     ] GC(49) y: Max Capacity: 500M(100%)
[2026-04-03T01:54:39.699+0600][17.378s][info][gc,heap     ] GC(49) y: Soft Max Capacity: 500M(100%)
[2026-04-03T01:54:39.699+0600][17.378s][info][gc,heap     ] GC(49) y: Heap Statistics:
[2026-04-03T01:54:39.699+0600][17.378s][info][gc,heap     ] GC(49) y:                Mark Start          Mark End        Relocate Start      Relocate End           High               Low         
[2026-04-03T01:54:39.699+0600][17.378s][info][gc,heap     ] GC(49) y:  Capacity:      500M (100%)        500M (100%)        500M (100%)        500M (100%)        500M (100%)        500M (100%)   
[2026-04-03T01:54:39.699+0600][17.378s][info][gc,heap     ] GC(49) y:      Free:      200M (40%)         174M (35%)         274M (55%)         282M (56%)         282M (56%)         162M (32%)    
[2026-04-03T01:54:39.699+0600][17.378s][info][gc,heap     ] GC(49) y:      Used:      300M (60%)         326M (65%)         226M (45%)         218M (44%)         338M (68%)         218M (44%)    
[2026-04-03T01:54:39.700+0600][17.378s][info][gc,heap     ] GC(49) y: Young Generation Statistics:
[2026-04-03T01:54:39.700+0600][17.378s][info][gc,heap     ] GC(49) y:                Mark Start          Mark End        Relocate Start      Relocate End    
[2026-04-03T01:54:39.700+0600][17.378s][info][gc,heap     ] GC(49) y:      Used:      128M (26%)         154M (31%)          54M (11%)          46M (9%)     
[2026-04-03T01:54:39.700+0600][17.378s][info][gc,heap     ] GC(49) y:      Live:         -                 0M (0%)            0M (0%)            0M (0%)     
[2026-04-03T01:54:39.700+0600][17.378s][info][gc,heap     ] GC(49) y:   Garbage:         -               127M (26%)          15M (3%)            0M (0%)     
[2026-04-03T01:54:39.700+0600][17.378s][info][gc,heap     ] GC(49) y: Allocated:         -                26M (5%)           38M (8%)           45M (9%)     
[2026-04-03T01:54:39.700+0600][17.378s][info][gc,heap     ] GC(49) y: Reclaimed:         -                  -               112M (22%)         127M (26%)    
[2026-04-03T01:54:39.700+0600][17.378s][info][gc,heap     ] GC(49) y:  Promoted:         -                  -                 0M (0%)            0M (0%)     
[2026-04-03T01:54:39.700+0600][17.378s][info][gc,heap     ] GC(49) y: Compacted:         -                  -                  -                 0M (0%)     
[2026-04-03T01:54:39.700+0600][17.378s][info][gc,phases   ] GC(49) y: Young Generation 300M(60%)->218M(44%) 0.014s
[2026-04-03T01:54:39.700+0600][17.378s][info][gc          ] GC(49) Minor Collection (Allocation Rate) 300M(60%)->218M(44%) 0.014s
[2026-04-03T01:54:39.727+0600][17.406s][info][gc          ] GC(50) Minor Collection (Allocation Rate)
[2026-04-03T01:54:39.727+0600][17.406s][info][gc,task     ] GC(50) Using 1 Workers for Young Generation
[2026-04-03T01:54:39.727+0600][17.406s][info][gc,phases   ] GC(50) y: Young Generation
[2026-04-03T01:54:39.727+0600][17.406s][info][gc,phases   ] GC(50) y: Pause Mark Start 0.010ms
[2026-04-03T01:54:39.735+0600][17.414s][info][gc,phases   ] GC(50) y: Concurrent Mark 7.486ms
[2026-04-03T01:54:39.735+0600][17.414s][info][gc,phases   ] GC(50) y: Pause Mark End 0.014ms
[2026-04-03T01:54:39.735+0600][17.414s][info][gc,phases   ] GC(50) y: Concurrent Mark Free 0.001ms
[2026-04-03T01:54:39.735+0600][17.414s][info][gc,phases   ] GC(50) y: Concurrent Reset Relocation Set 0.002ms
[2026-04-03T01:54:39.739+0600][17.418s][info][gc,reloc    ] GC(50) y: Using tenuring threshold: 3 (Computed)
[2026-04-03T01:54:39.740+0600][17.419s][info][gc,phases   ] GC(50) y: Concurrent Select Relocation Set 4.779ms
[2026-04-03T01:54:39.740+0600][17.419s][info][gc,phases   ] GC(50) y: Pause Relocate Start 0.009ms
[2026-04-03T01:54:39.741+0600][17.419s][info][gc,phases   ] GC(50) y: Concurrent Relocate 0.347ms
[2026-04-03T01:54:39.741+0600][17.419s][info][gc,alloc    ] GC(50) y:                         Mark Start        Mark End      Relocate Start    Relocate End   
[2026-04-03T01:54:39.741+0600][17.420s][info][gc,alloc    ] GC(50) y: Allocation Stalls:          0                0                0                0         
[2026-04-03T01:54:39.741+0600][17.420s][info][gc,load     ] GC(50) y: Load: 7.90 (66%) / 7.88 (66%) / 7.50 (63%)
[2026-04-03T01:54:39.741+0600][17.420s][info][gc,mmu      ] GC(50) y: MMU: 2ms/93.8%, 5ms/97.5%, 10ms/98.8%, 20ms/99.2%, 50ms/99.5%, 100ms/99.6%
[2026-04-03T01:54:39.741+0600][17.420s][info][gc,marking  ] GC(50) y: Mark: 1 stripe(s), 2 proactive flush(es), 1 terminate flush(es), 0 completion(s), 0 continuation(s) 
[2026-04-03T01:54:39.741+0600][17.420s][info][gc,marking  ] GC(50) y: Mark Stack Usage: 32M
[2026-04-03T01:54:39.741+0600][17.420s][info][gc,nmethod  ] GC(50) y: NMethods: 4574 registered, 943 unregistered
[2026-04-03T01:54:39.741+0600][17.420s][info][gc,metaspace] GC(50) y: Metaspace: 62M used, 63M committed, 1088M reserved
[2026-04-03T01:54:39.741+0600][17.420s][info][gc,reloc    ] GC(50) y:                        Candidates     Selected     In-Place         Size        Empty    Relocated 
[2026-04-03T01:54:39.741+0600][17.420s][info][gc,reloc    ] GC(50) y: Small Pages:                   66            8            0         132M         114M           0M 
[2026-04-03T01:54:39.741+0600][17.420s][info][gc,reloc    ] GC(50) y: Medium Pages:                   0            0            0           0M           0M           0M 
[2026-04-03T01:54:39.741+0600][17.420s][info][gc,reloc    ] GC(50) y: Large Pages:                    0            0            0           0M           0M           0M 
[2026-04-03T01:54:39.741+0600][17.420s][info][gc,reloc    ] GC(50) y: Forwarding Usage: 0M
[2026-04-03T01:54:39.741+0600][17.420s][info][gc,reloc    ] GC(50) y: Age Table:
[2026-04-03T01:54:39.741+0600][17.420s][info][gc,reloc    ] GC(50) y:                    Live             Garbage             Small              Medium             Large        
[2026-04-03T01:54:39.741+0600][17.420s][info][gc,reloc    ] GC(50) y: Eden               0M (0%)          123M (25%)         62 / 5              0 / 0              0 / 0        
[2026-04-03T01:54:39.741+0600][17.420s][info][gc,reloc    ] GC(50) y: Survivor 1         0M (0%)            5M (1%)           3 / 2              0 / 0              0 / 0        
[2026-04-03T01:54:39.741+0600][17.420s][info][gc,reloc    ] GC(50) y: Survivor 2         0M (0%)            1M (0%)           1 / 1              0 / 0              0 / 0        
[2026-04-03T01:54:39.741+0600][17.420s][info][gc,heap     ] GC(50) y: Min Capacity: 8M(2%)
[2026-04-03T01:54:39.741+0600][17.420s][info][gc,heap     ] GC(50) y: Max Capacity: 500M(100%)
[2026-04-03T01:54:39.741+0600][17.420s][info][gc,heap     ] GC(50) y: Soft Max Capacity: 500M(100%)
[2026-04-03T01:54:39.741+0600][17.420s][info][gc,heap     ] GC(50) y: Heap Statistics:
[2026-04-03T01:54:39.741+0600][17.420s][info][gc,heap     ] GC(50) y:                Mark Start          Mark End        Relocate Start      Relocate End           High               Low         
[2026-04-03T01:54:39.741+0600][17.420s][info][gc,heap     ] GC(50) y:  Capacity:      500M (100%)        500M (100%)        500M (100%)        500M (100%)        500M (100%)        500M (100%)   
[2026-04-03T01:54:39.741+0600][17.420s][info][gc,heap     ] GC(50) y:      Free:      196M (39%)         172M (34%)         272M (54%)         280M (56%)         280M (56%)         162M (32%)    
[2026-04-03T01:54:39.741+0600][17.420s][info][gc,heap     ] GC(50) y:      Used:      304M (61%)         328M (66%)         228M (46%)         220M (44%)         338M (68%)         220M (44%)    
[2026-04-03T01:54:39.741+0600][17.420s][info][gc,heap     ] GC(50) y: Young Generation Statistics:
[2026-04-03T01:54:39.741+0600][17.420s][info][gc,heap     ] GC(50) y:                Mark Start          Mark End        Relocate Start      Relocate End    
[2026-04-03T01:54:39.741+0600][17.420s][info][gc,heap     ] GC(50) y:      Used:      132M (26%)         156M (31%)          56M (11%)          48M (10%)    
[2026-04-03T01:54:39.741+0600][17.420s][info][gc,heap     ] GC(50) y:      Live:         -                 0M (0%)            0M (0%)            0M (0%)     
[2026-04-03T01:54:39.741+0600][17.420s][info][gc,heap     ] GC(50) y:   Garbage:         -               131M (26%)          17M (4%)            0M (0%)     
[2026-04-03T01:54:39.741+0600][17.420s][info][gc,heap     ] GC(50) y: Allocated:         -                24M (5%)           38M (8%)           47M (10%)    
[2026-04-03T01:54:39.741+0600][17.420s][info][gc,heap     ] GC(50) y: Reclaimed:         -                  -               114M (23%)         131M (26%)    
[2026-04-03T01:54:39.741+0600][17.420s][info][gc,heap     ] GC(50) y:  Promoted:         -                  -                 0M (0%)            0M (0%)     
[2026-04-03T01:54:39.741+0600][17.420s][info][gc,heap     ] GC(50) y: Compacted:         -                  -                  -                 0M (0%)     
[2026-04-03T01:54:39.741+0600][17.420s][info][gc,phases   ] GC(50) y: Young Generation 304M(61%)->220M(44%) 0.013s
[2026-04-03T01:54:39.741+0600][17.420s][info][gc          ] GC(50) Minor Collection (Allocation Rate) 304M(61%)->220M(44%) 0.014s
[2026-04-03T01:54:39.782+0600][17.461s][info][gc          ] GC(51) Minor Collection (Allocation Rate)
[2026-04-03T01:54:39.782+0600][17.461s][info][gc,task     ] GC(51) Using 1 Workers for Young Generation
[2026-04-03T01:54:39.783+0600][17.461s][info][gc,phases   ] GC(51) y: Young Generation
[2026-04-03T01:54:39.783+0600][17.462s][info][gc,phases   ] GC(51) y: Pause Mark Start 0.012ms
[2026-04-03T01:54:39.791+0600][17.469s][info][gc,phases   ] GC(51) y: Concurrent Mark 7.778ms
[2026-04-03T01:54:39.791+0600][17.470s][info][gc,phases   ] GC(51) y: Pause Mark End 0.012ms
[2026-04-03T01:54:39.791+0600][17.470s][info][gc,phases   ] GC(51) y: Concurrent Mark Free 0.001ms
[2026-04-03T01:54:39.791+0600][17.470s][info][gc,phases   ] GC(51) y: Concurrent Reset Relocation Set 0.002ms
[2026-04-03T01:54:39.795+0600][17.474s][info][gc,reloc    ] GC(51) y: Using tenuring threshold: 3 (Computed)
[2026-04-03T01:54:39.795+0600][17.474s][info][gc,phases   ] GC(51) y: Concurrent Select Relocation Set 4.523ms
[2026-04-03T01:54:39.796+0600][17.474s][info][gc,phases   ] GC(51) y: Pause Relocate Start 0.010ms
[2026-04-03T01:54:39.796+0600][17.475s][info][gc,phases   ] GC(51) y: Concurrent Relocate 0.437ms
[2026-04-03T01:54:39.796+0600][17.475s][info][gc,alloc    ] GC(51) y:                         Mark Start        Mark End      Relocate Start    Relocate End   
[2026-04-03T01:54:39.796+0600][17.475s][info][gc,alloc    ] GC(51) y: Allocation Stalls:          0                0                0                0         
[2026-04-03T01:54:39.796+0600][17.475s][info][gc,load     ] GC(51) y: Load: 7.90 (66%) / 7.88 (66%) / 7.50 (63%)
[2026-04-03T01:54:39.796+0600][17.475s][info][gc,mmu      ] GC(51) y: MMU: 2ms/93.8%, 5ms/97.5%, 10ms/98.8%, 20ms/99.2%, 50ms/99.5%, 100ms/99.6%
[2026-04-03T01:54:39.796+0600][17.475s][info][gc,marking  ] GC(51) y: Mark: 1 stripe(s), 2 proactive flush(es), 1 terminate flush(es), 0 completion(s), 0 continuation(s) 
[2026-04-03T01:54:39.796+0600][17.475s][info][gc,marking  ] GC(51) y: Mark Stack Usage: 32M
[2026-04-03T01:54:39.796+0600][17.475s][info][gc,nmethod  ] GC(51) y: NMethods: 4575 registered, 943 unregistered
[2026-04-03T01:54:39.796+0600][17.475s][info][gc,metaspace] GC(51) y: Metaspace: 62M used, 63M committed, 1088M reserved
[2026-04-03T01:54:39.796+0600][17.475s][info][gc,reloc    ] GC(51) y:                        Candidates     Selected     In-Place         Size        Empty    Relocated 
[2026-04-03T01:54:39.796+0600][17.475s][info][gc,reloc    ] GC(51) y: Small Pages:                   83            8            0         166M         148M           0M 
[2026-04-03T01:54:39.796+0600][17.475s][info][gc,reloc    ] GC(51) y: Medium Pages:                   0            0            0           0M           0M           0M 
[2026-04-03T01:54:39.796+0600][17.475s][info][gc,reloc    ] GC(51) y: Large Pages:                    0            0            0           0M           0M           0M 
[2026-04-03T01:54:39.796+0600][17.475s][info][gc,reloc    ] GC(51) y: Forwarding Usage: 0M
[2026-04-03T01:54:39.796+0600][17.475s][info][gc,reloc    ] GC(51) y: Age Table:
[2026-04-03T01:54:39.796+0600][17.475s][info][gc,reloc    ] GC(51) y:                    Live             Garbage             Small              Medium             Large        
[2026-04-03T01:54:39.796+0600][17.475s][info][gc,reloc    ] GC(51) y: Eden               0M (0%)          155M (31%)         78 / 5              0 / 0              0 / 0        
[2026-04-03T01:54:39.796+0600][17.475s][info][gc,reloc    ] GC(51) y: Survivor 1         0M (0%)            3M (1%)           2 / 2              0 / 0              0 / 0        
[2026-04-03T01:54:39.796+0600][17.475s][info][gc,reloc    ] GC(51) y: Survivor 2         0M (0%)            3M (1%)           2 / 1              0 / 0              0 / 0        
[2026-04-03T01:54:39.796+0600][17.475s][info][gc,reloc    ] GC(51) y: Survivor 3          -                 2M (0%)           1 / 0              0 / 0              0 / 0        
[2026-04-03T01:54:39.796+0600][17.475s][info][gc,heap     ] GC(51) y: Min Capacity: 8M(2%)
[2026-04-03T01:54:39.796+0600][17.475s][info][gc,heap     ] GC(51) y: Max Capacity: 500M(100%)
[2026-04-03T01:54:39.796+0600][17.475s][info][gc,heap     ] GC(51) y: Soft Max Capacity: 500M(100%)
[2026-04-03T01:54:39.796+0600][17.475s][info][gc,heap     ] GC(51) y: Heap Statistics:
[2026-04-03T01:54:39.796+0600][17.475s][info][gc,heap     ] GC(51) y:                Mark Start          Mark End        Relocate Start      Relocate End           High               Low         
[2026-04-03T01:54:39.796+0600][17.475s][info][gc,heap     ] GC(51) y:  Capacity:      500M (100%)        500M (100%)        500M (100%)        500M (100%)        500M (100%)        500M (100%)   
[2026-04-03T01:54:39.796+0600][17.475s][info][gc,heap     ] GC(51) y:      Free:      162M (32%)         138M (28%)         272M (54%)         280M (56%)         280M (56%)         138M (28%)    
[2026-04-03T01:54:39.796+0600][17.475s][info][gc,heap     ] GC(51) y:      Used:      338M (68%)         362M (72%)         228M (46%)         220M (44%)         362M (72%)         220M (44%)    
[2026-04-03T01:54:39.796+0600][17.475s][info][gc,heap     ] GC(51) y: Young Generation Statistics:
[2026-04-03T01:54:39.796+0600][17.475s][info][gc,heap     ] GC(51) y:                Mark Start          Mark End        Relocate Start      Relocate End    
[2026-04-03T01:54:39.796+0600][17.475s][info][gc,heap     ] GC(51) y:      Used:      166M (33%)         190M (38%)          56M (11%)          48M (10%)    
[2026-04-03T01:54:39.796+0600][17.475s][info][gc,heap     ] GC(51) y:      Live:         -                 0M (0%)            0M (0%)            0M (0%)     
[2026-04-03T01:54:39.796+0600][17.475s][info][gc,heap     ] GC(51) y:   Garbage:         -               165M (33%)          17M (4%)            0M (0%)     
[2026-04-03T01:54:39.796+0600][17.475s][info][gc,heap     ] GC(51) y: Allocated:         -                24M (5%)           38M (8%)           47M (10%)    
[2026-04-03T01:54:39.796+0600][17.475s][info][gc,heap     ] GC(51) y: Reclaimed:         -                  -               148M (30%)         165M (33%)    
[2026-04-03T01:54:39.796+0600][17.475s][info][gc,heap     ] GC(51) y:  Promoted:         -                  -                 0M (0%)            0M (0%)     
[2026-04-03T01:54:39.796+0600][17.475s][info][gc,heap     ] GC(51) y: Compacted:         -                  -                  -                 0M (0%)     
[2026-04-03T01:54:39.796+0600][17.475s][info][gc,phases   ] GC(51) y: Young Generation 338M(68%)->220M(44%) 0.014s
[2026-04-03T01:54:39.796+0600][17.475s][info][gc          ] GC(51) Minor Collection (Allocation Rate) 338M(68%)->220M(44%) 0.014s
[2026-04-03T01:54:39.848+0600][17.527s][info][gc          ] GC(52) Minor Collection (Allocation Rate)
[2026-04-03T01:54:39.848+0600][17.527s][info][gc,task     ] GC(52) Using 1 Workers for Young Generation
[2026-04-03T01:54:39.848+0600][17.527s][info][gc,phases   ] GC(52) y: Young Generation
[2026-04-03T01:54:39.848+0600][17.527s][info][gc,phases   ] GC(52) y: Pause Mark Start 0.015ms
[2026-04-03T01:54:39.856+0600][17.534s][info][gc,phases   ] GC(52) y: Concurrent Mark 7.382ms
[2026-04-03T01:54:39.856+0600][17.534s][info][gc,phases   ] GC(52) y: Pause Mark End 0.013ms
[2026-04-03T01:54:39.856+0600][17.535s][info][gc,phases   ] GC(52) y: Concurrent Mark Free 0.001ms
[2026-04-03T01:54:39.856+0600][17.535s][info][gc,phases   ] GC(52) y: Concurrent Reset Relocation Set 0.002ms
[2026-04-03T01:54:39.860+0600][17.539s][info][gc,reloc    ] GC(52) y: Using tenuring threshold: 3 (Computed)
[2026-04-03T01:54:39.860+0600][17.539s][info][gc,phases   ] GC(52) y: Concurrent Select Relocation Set 4.529ms
[2026-04-03T01:54:39.860+0600][17.539s][info][gc,phases   ] GC(52) y: Pause Relocate Start 0.008ms
[2026-04-03T01:54:39.861+0600][17.540s][info][gc,phases   ] GC(52) y: Concurrent Relocate 0.486ms
[2026-04-03T01:54:39.861+0600][17.540s][info][gc,alloc    ] GC(52) y:                         Mark Start        Mark End      Relocate Start    Relocate End   
[2026-04-03T01:54:39.861+0600][17.540s][info][gc,alloc    ] GC(52) y: Allocation Stalls:          0                0                0                0         
[2026-04-03T01:54:39.861+0600][17.540s][info][gc,load     ] GC(52) y: Load: 7.90 (66%) / 7.88 (66%) / 7.50 (63%)
[2026-04-03T01:54:39.861+0600][17.540s][info][gc,mmu      ] GC(52) y: MMU: 2ms/93.8%, 5ms/97.5%, 10ms/98.8%, 20ms/99.2%, 50ms/99.5%, 100ms/99.6%
[2026-04-03T01:54:39.861+0600][17.540s][info][gc,marking  ] GC(52) y: Mark: 1 stripe(s), 2 proactive flush(es), 1 terminate flush(es), 0 completion(s), 0 continuation(s) 
[2026-04-03T01:54:39.861+0600][17.540s][info][gc,marking  ] GC(52) y: Mark Stack Usage: 32M
[2026-04-03T01:54:39.861+0600][17.540s][info][gc,nmethod  ] GC(52) y: NMethods: 4575 registered, 943 unregistered
[2026-04-03T01:54:39.861+0600][17.540s][info][gc,metaspace] GC(52) y: Metaspace: 62M used, 63M committed, 1088M reserved
[2026-04-03T01:54:39.861+0600][17.540s][info][gc,reloc    ] GC(52) y:                        Candidates     Selected     In-Place         Size        Empty    Relocated 
[2026-04-03T01:54:39.861+0600][17.540s][info][gc,reloc    ] GC(52) y: Small Pages:                  101            9            0         202M         182M           0M 
[2026-04-03T01:54:39.861+0600][17.540s][info][gc,reloc    ] GC(52) y: Medium Pages:                   0            0            0           0M           0M           0M 
[2026-04-03T01:54:39.861+0600][17.540s][info][gc,reloc    ] GC(52) y: Large Pages:                    0            0            0           0M           0M           0M 
[2026-04-03T01:54:39.861+0600][17.540s][info][gc,reloc    ] GC(52) y: Forwarding Usage: 0M
[2026-04-03T01:54:39.861+0600][17.540s][info][gc,reloc    ] GC(52) y: Age Table:
[2026-04-03T01:54:39.861+0600][17.540s][info][gc,reloc    ] GC(52) y:                    Live             Garbage             Small              Medium             Large        
[2026-04-03T01:54:39.861+0600][17.540s][info][gc,reloc    ] GC(52) y: Eden               0M (0%)          191M (38%)         96 / 5              0 / 0              0 / 0        
[2026-04-03T01:54:39.861+0600][17.540s][info][gc,reloc    ] GC(52) y: Survivor 1         0M (0%)            5M (1%)           3 / 3              0 / 0              0 / 0        
[2026-04-03T01:54:39.861+0600][17.540s][info][gc,reloc    ] GC(52) y: Survivor 2         0M (0%)            1M (0%)           1 / 1              0 / 0              0 / 0        
[2026-04-03T01:54:39.861+0600][17.540s][info][gc,reloc    ] GC(52) y: Survivor 3          -                 2M (0%)           1 / 0              0 / 0              0 / 0        
[2026-04-03T01:54:39.861+0600][17.540s][info][gc,heap     ] GC(52) y: Min Capacity: 8M(2%)
[2026-04-03T01:54:39.861+0600][17.540s][info][gc,heap     ] GC(52) y: Max Capacity: 500M(100%)
[2026-04-03T01:54:39.861+0600][17.540s][info][gc,heap     ] GC(52) y: Soft Max Capacity: 500M(100%)
[2026-04-03T01:54:39.861+0600][17.540s][info][gc,heap     ] GC(52) y: Heap Statistics:
[2026-04-03T01:54:39.861+0600][17.540s][info][gc,heap     ] GC(52) y:                Mark Start          Mark End        Relocate Start      Relocate End           High               Low         
[2026-04-03T01:54:39.861+0600][17.540s][info][gc,heap     ] GC(52) y:  Capacity:      500M (100%)        500M (100%)        500M (100%)        500M (100%)        500M (100%)        500M (100%)   
[2026-04-03T01:54:39.861+0600][17.540s][info][gc,heap     ] GC(52) y:      Free:      126M (25%)         104M (21%)         272M (54%)         284M (57%)         284M (57%)         104M (21%)    
[2026-04-03T01:54:39.861+0600][17.540s][info][gc,heap     ] GC(52) y:      Used:      374M (75%)         396M (79%)         228M (46%)         216M (43%)         396M (79%)         216M (43%)    
[2026-04-03T01:54:39.861+0600][17.540s][info][gc,heap     ] GC(52) y: Young Generation Statistics:
[2026-04-03T01:54:39.861+0600][17.540s][info][gc,heap     ] GC(52) y:                Mark Start          Mark End        Relocate Start      Relocate End    
[2026-04-03T01:54:39.861+0600][17.540s][info][gc,heap     ] GC(52) y:      Used:      202M (40%)         224M (45%)          56M (11%)          44M (9%)     
[2026-04-03T01:54:39.861+0600][17.540s][info][gc,heap     ] GC(52) y:      Live:         -                 0M (0%)            0M (0%)            0M (0%)     
[2026-04-03T01:54:39.861+0600][17.540s][info][gc,heap     ] GC(52) y:   Garbage:         -               201M (40%)          19M (4%)            0M (0%)     
[2026-04-03T01:54:39.861+0600][17.540s][info][gc,heap     ] GC(52) y: Allocated:         -                22M (4%)           36M (7%)           43M (9%)     
[2026-04-03T01:54:39.861+0600][17.540s][info][gc,heap     ] GC(52) y: Reclaimed:         -                  -               182M (36%)         201M (40%)    
[2026-04-03T01:54:39.861+0600][17.540s][info][gc,heap     ] GC(52) y:  Promoted:         -                  -                 0M (0%)            0M (0%)     
[2026-04-03T01:54:39.861+0600][17.540s][info][gc,heap     ] GC(52) y: Compacted:         -                  -                  -                 0M (0%)     
[2026-04-03T01:54:39.861+0600][17.540s][info][gc,phases   ] GC(52) y: Young Generation 374M(75%)->216M(43%) 0.013s
[2026-04-03T01:54:39.861+0600][17.540s][info][gc          ] GC(52) Minor Collection (Allocation Rate) 374M(75%)->216M(43%) 0.013s
[2026-04-03T01:54:39.967+0600][17.646s][info][gc          ] GC(53) Minor Collection (Allocation Rate)
[2026-04-03T01:54:39.967+0600][17.646s][info][gc,task     ] GC(53) Using 1 Workers for Young Generation
[2026-04-03T01:54:39.967+0600][17.646s][info][gc,phases   ] GC(53) y: Young Generation
[2026-04-03T01:54:39.968+0600][17.647s][info][gc,phases   ] GC(53) y: Pause Mark Start 0.018ms
[2026-04-03T01:54:39.977+0600][17.656s][info][gc,phases   ] GC(53) y: Concurrent Mark 8.881ms
[2026-04-03T01:54:39.977+0600][17.656s][info][gc,phases   ] GC(53) y: Pause Mark End 0.015ms
[2026-04-03T01:54:39.977+0600][17.656s][info][gc,phases   ] GC(53) y: Concurrent Mark Free 0.002ms
[2026-04-03T01:54:39.977+0600][17.656s][info][gc,phases   ] GC(53) y: Concurrent Reset Relocation Set 0.002ms
[2026-04-03T01:54:39.980+0600][17.659s][info][gc,reloc    ] GC(53) y: Using tenuring threshold: 4 (Computed)
[2026-04-03T01:54:39.981+0600][17.660s][info][gc,phases   ] GC(53) y: Concurrent Select Relocation Set 4.135ms
[2026-04-03T01:54:39.981+0600][17.660s][info][gc,phases   ] GC(53) y: Pause Relocate Start 0.010ms
[2026-04-03T01:54:39.982+0600][17.661s][info][gc,phases   ] GC(53) y: Concurrent Relocate 0.568ms
[2026-04-03T01:54:39.982+0600][17.661s][info][gc,alloc    ] GC(53) y:                         Mark Start        Mark End      Relocate Start    Relocate End   
[2026-04-03T01:54:39.982+0600][17.661s][info][gc,alloc    ] GC(53) y: Allocation Stalls:          0                0                0                0         
[2026-04-03T01:54:39.982+0600][17.661s][info][gc,load     ] GC(53) y: Load: 7.90 (66%) / 7.88 (66%) / 7.50 (63%)
[2026-04-03T01:54:39.982+0600][17.661s][info][gc,mmu      ] GC(53) y: MMU: 2ms/93.8%, 5ms/97.5%, 10ms/98.8%, 20ms/99.2%, 50ms/99.5%, 100ms/99.6%
[2026-04-03T01:54:39.982+0600][17.661s][info][gc,marking  ] GC(53) y: Mark: 1 stripe(s), 2 proactive flush(es), 1 terminate flush(es), 0 completion(s), 0 continuation(s) 
[2026-04-03T01:54:39.982+0600][17.661s][info][gc,marking  ] GC(53) y: Mark Stack Usage: 32M
[2026-04-03T01:54:39.982+0600][17.661s][info][gc,nmethod  ] GC(53) y: NMethods: 4617 registered, 943 unregistered
[2026-04-03T01:54:39.982+0600][17.661s][info][gc,metaspace] GC(53) y: Metaspace: 62M used, 63M committed, 1088M reserved
[2026-04-03T01:54:39.982+0600][17.661s][info][gc,reloc    ] GC(53) y:                        Candidates     Selected     In-Place         Size        Empty    Relocated 
[2026-04-03T01:54:39.982+0600][17.661s][info][gc,reloc    ] GC(53) y: Small Pages:                  100           15            0         200M         168M           0M 
[2026-04-03T01:54:39.982+0600][17.661s][info][gc,reloc    ] GC(53) y: Medium Pages:                   0            0            0           0M           0M           0M 
[2026-04-03T01:54:39.982+0600][17.661s][info][gc,reloc    ] GC(53) y: Large Pages:                    1            0            0           2M           2M           0M 
[2026-04-03T01:54:39.982+0600][17.661s][info][gc,reloc    ] GC(53) y: Forwarding Usage: 0M
[2026-04-03T01:54:39.982+0600][17.661s][info][gc,reloc    ] GC(53) y: Age Table:
[2026-04-03T01:54:39.982+0600][17.661s][info][gc,reloc    ] GC(53) y:                    Live             Garbage             Small              Medium             Large        
[2026-04-03T01:54:39.982+0600][17.661s][info][gc,reloc    ] GC(53) y: Eden               0M (0%)          193M (39%)         96 / 11             0 / 0              1 / 0        
[2026-04-03T01:54:39.982+0600][17.661s][info][gc,reloc    ] GC(53) y: Survivor 1         0M (0%)            3M (1%)           2 / 2              0 / 0              0 / 0        
[2026-04-03T01:54:39.982+0600][17.661s][info][gc,reloc    ] GC(53) y: Survivor 2         0M (0%)            1M (0%)           1 / 1              0 / 0              0 / 0        
[2026-04-03T01:54:39.982+0600][17.661s][info][gc,reloc    ] GC(53) y: Survivor 3         0M (0%)            1M (0%)           1 / 1              0 / 0              0 / 0        
[2026-04-03T01:54:39.982+0600][17.661s][info][gc,heap     ] GC(53) y: Min Capacity: 8M(2%)
[2026-04-03T01:54:39.982+0600][17.661s][info][gc,heap     ] GC(53) y: Max Capacity: 500M(100%)
[2026-04-03T01:54:39.982+0600][17.661s][info][gc,heap     ] GC(53) y: Soft Max Capacity: 500M(100%)
[2026-04-03T01:54:39.982+0600][17.661s][info][gc,heap     ] GC(53) y: Heap Statistics:
[2026-04-03T01:54:39.982+0600][17.661s][info][gc,heap     ] GC(53) y:                Mark Start          Mark End        Relocate Start      Relocate End           High               Low         
[2026-04-03T01:54:39.982+0600][17.661s][info][gc,heap     ] GC(53) y:  Capacity:      500M (100%)        500M (100%)        500M (100%)        500M (100%)        500M (100%)        500M (100%)   
[2026-04-03T01:54:39.982+0600][17.661s][info][gc,heap     ] GC(53) y:      Free:      126M (25%)         116M (23%)         282M (56%)         306M (61%)         306M (61%)         116M (23%)    
[2026-04-03T01:54:39.982+0600][17.661s][info][gc,heap     ] GC(53) y:      Used:      374M (75%)         384M (77%)         218M (44%)         194M (39%)         384M (77%)         194M (39%)    
[2026-04-03T01:54:39.982+0600][17.661s][info][gc,heap     ] GC(53) y: Young Generation Statistics:
[2026-04-03T01:54:39.982+0600][17.661s][info][gc,heap     ] GC(53) y:                Mark Start          Mark End        Relocate Start      Relocate End    
[2026-04-03T01:54:39.982+0600][17.661s][info][gc,heap     ] GC(53) y:      Used:      202M (40%)         212M (42%)          46M (9%)           22M (4%)     
[2026-04-03T01:54:39.982+0600][17.661s][info][gc,heap     ] GC(53) y:      Live:         -                 0M (0%)            0M (0%)            0M (0%)     
[2026-04-03T01:54:39.982+0600][17.661s][info][gc,heap     ] GC(53) y:   Garbage:         -               201M (40%)          31M (6%)            0M (0%)     
[2026-04-03T01:54:39.982+0600][17.661s][info][gc,heap     ] GC(53) y: Allocated:         -                10M (2%)           14M (3%)           21M (4%)     
[2026-04-03T01:54:39.982+0600][17.661s][info][gc,heap     ] GC(53) y: Reclaimed:         -                  -               170M (34%)         201M (40%)    
[2026-04-03T01:54:39.982+0600][17.661s][info][gc,heap     ] GC(53) y:  Promoted:         -                  -                 0M (0%)            0M (0%)     
[2026-04-03T01:54:39.982+0600][17.661s][info][gc,heap     ] GC(53) y: Compacted:         -                  -                  -                 0M (0%)     
[2026-04-03T01:54:39.982+0600][17.661s][info][gc,phases   ] GC(53) y: Young Generation 374M(75%)->194M(39%) 0.014s
[2026-04-03T01:54:39.982+0600][17.661s][info][gc          ] GC(53) Minor Collection (Allocation Rate) 374M(75%)->194M(39%) 0.015s
[2026-04-03T01:54:40.079+0600][17.758s][info][gc          ] GC(54) Minor Collection (Allocation Rate)
[2026-04-03T01:54:40.079+0600][17.758s][info][gc,task     ] GC(54) Using 1 Workers for Young Generation
[2026-04-03T01:54:40.079+0600][17.758s][info][gc,phases   ] GC(54) y: Young Generation
[2026-04-03T01:54:40.079+0600][17.758s][info][gc,phases   ] GC(54) y: Pause Mark Start 0.018ms
[2026-04-03T01:54:40.088+0600][17.767s][info][gc,phases   ] GC(54) y: Concurrent Mark 8.986ms
[2026-04-03T01:54:40.089+0600][17.767s][info][gc,phases   ] GC(54) y: Pause Mark End 0.018ms
[2026-04-03T01:54:40.089+0600][17.767s][info][gc,phases   ] GC(54) y: Concurrent Mark Free 0.001ms
[2026-04-03T01:54:40.089+0600][17.767s][info][gc,phases   ] GC(54) y: Concurrent Reset Relocation Set 0.002ms
[2026-04-03T01:54:40.090+0600][17.769s][info][gc,reloc    ] GC(54) y: Using tenuring threshold: 1 (Computed)
[2026-04-03T01:54:40.091+0600][17.770s][info][gc,phases   ] GC(54) y: Concurrent Select Relocation Set 2.432ms
[2026-04-03T01:54:40.091+0600][17.770s][info][gc,phases   ] GC(54) y: Pause Relocate Start 0.016ms
[2026-04-03T01:54:40.092+0600][17.771s][info][gc,phases   ] GC(54) y: Concurrent Relocate 0.783ms
[2026-04-03T01:54:40.092+0600][17.771s][info][gc,alloc    ] GC(54) y:                         Mark Start        Mark End      Relocate Start    Relocate End   
[2026-04-03T01:54:40.092+0600][17.771s][info][gc,alloc    ] GC(54) y: Allocation Stalls:          0                0                0                0         
[2026-04-03T01:54:40.092+0600][17.771s][info][gc,load     ] GC(54) y: Load: 7.90 (66%) / 7.88 (66%) / 7.50 (63%)
[2026-04-03T01:54:40.092+0600][17.771s][info][gc,mmu      ] GC(54) y: MMU: 2ms/93.8%, 5ms/97.5%, 10ms/98.8%, 20ms/99.2%, 50ms/99.5%, 100ms/99.6%
[2026-04-03T01:54:40.092+0600][17.771s][info][gc,marking  ] GC(54) y: Mark: 1 stripe(s), 2 proactive flush(es), 1 terminate flush(es), 0 completion(s), 0 continuation(s) 
[2026-04-03T01:54:40.092+0600][17.771s][info][gc,marking  ] GC(54) y: Mark Stack Usage: 32M
[2026-04-03T01:54:40.092+0600][17.771s][info][gc,nmethod  ] GC(54) y: NMethods: 4619 registered, 943 unregistered
[2026-04-03T01:54:40.092+0600][17.771s][info][gc,metaspace] GC(54) y: Metaspace: 62M used, 63M committed, 1088M reserved
[2026-04-03T01:54:40.092+0600][17.771s][info][gc,reloc    ] GC(54) y:                        Candidates     Selected     In-Place         Size        Empty    Relocated 
[2026-04-03T01:54:40.092+0600][17.771s][info][gc,reloc    ] GC(54) y: Small Pages:                   88            7            0         176M         160M           0M 
[2026-04-03T01:54:40.092+0600][17.771s][info][gc,reloc    ] GC(54) y: Medium Pages:                   0            0            0           0M           0M           0M 
[2026-04-03T01:54:40.092+0600][17.771s][info][gc,reloc    ] GC(54) y: Large Pages:                    0            0            0           0M           0M           0M 
[2026-04-03T01:54:40.092+0600][17.771s][info][gc,reloc    ] GC(54) y: Forwarding Usage: 0M
[2026-04-03T01:54:40.092+0600][17.771s][info][gc,reloc    ] GC(54) y: Age Table:
[2026-04-03T01:54:40.092+0600][17.771s][info][gc,reloc    ] GC(54) y:                    Live             Garbage             Small              Medium             Large        
[2026-04-03T01:54:40.092+0600][17.771s][info][gc,reloc    ] GC(54) y: Eden               0M (0%)          167M (34%)         84 / 3              0 / 0              0 / 0        
[2026-04-03T01:54:40.092+0600][17.771s][info][gc,reloc    ] GC(54) y: Survivor 1         0M (0%)            1M (0%)           1 / 1              0 / 0              0 / 0        
[2026-04-03T01:54:40.092+0600][17.771s][info][gc,reloc    ] GC(54) y: Survivor 2         0M (0%)            1M (0%)           1 / 1              0 / 0              0 / 0        
[2026-04-03T01:54:40.092+0600][17.771s][info][gc,reloc    ] GC(54) y: Survivor 3         0M (0%)            1M (0%)           1 / 1              0 / 0              0 / 0        
[2026-04-03T01:54:40.092+0600][17.771s][info][gc,reloc    ] GC(54) y: Survivor 4         0M (0%)            1M (0%)           1 / 1              0 / 0              0 / 0        
[2026-04-03T01:54:40.092+0600][17.771s][info][gc,heap     ] GC(54) y: Min Capacity: 8M(2%)
[2026-04-03T01:54:40.092+0600][17.771s][info][gc,heap     ] GC(54) y: Max Capacity: 500M(100%)
[2026-04-03T01:54:40.092+0600][17.771s][info][gc,heap     ] GC(54) y: Soft Max Capacity: 500M(100%)
[2026-04-03T01:54:40.092+0600][17.771s][info][gc,heap     ] GC(54) y: Heap Statistics:
[2026-04-03T01:54:40.092+0600][17.771s][info][gc,heap     ] GC(54) y:                Mark Start          Mark End        Relocate Start      Relocate End           High               Low         
[2026-04-03T01:54:40.092+0600][17.771s][info][gc,heap     ] GC(54) y:  Capacity:      500M (100%)        500M (100%)        500M (100%)        500M (100%)        500M (100%)        500M (100%)   
[2026-04-03T01:54:40.092+0600][17.771s][info][gc,heap     ] GC(54) y:      Free:      152M (30%)         138M (28%)         294M (59%)         304M (61%)         304M (61%)         138M (28%)    
[2026-04-03T01:54:40.092+0600][17.771s][info][gc,heap     ] GC(54) y:      Used:      348M (70%)         362M (72%)         206M (41%)         196M (39%)         362M (72%)         196M (39%)    
[2026-04-03T01:54:40.092+0600][17.771s][info][gc,heap     ] GC(54) y: Young Generation Statistics:
[2026-04-03T01:54:40.092+0600][17.771s][info][gc,heap     ] GC(54) y:                Mark Start          Mark End        Relocate Start      Relocate End    
[2026-04-03T01:54:40.092+0600][17.771s][info][gc,heap     ] GC(54) y:      Used:      176M (35%)         190M (38%)          34M (7%)           22M (4%)     
[2026-04-03T01:54:40.092+0600][17.771s][info][gc,heap     ] GC(54) y:      Live:         -                 0M (0%)            0M (0%)            0M (0%)     
[2026-04-03T01:54:40.092+0600][17.771s][info][gc,heap     ] GC(54) y:   Garbage:         -               175M (35%)          15M (3%)            0M (0%)     
[2026-04-03T01:54:40.092+0600][17.771s][info][gc,heap     ] GC(54) y: Allocated:         -                14M (3%)           18M (4%)           21M (4%)     
[2026-04-03T01:54:40.092+0600][17.771s][info][gc,heap     ] GC(54) y: Reclaimed:         -                  -               160M (32%)         175M (35%)    
[2026-04-03T01:54:40.092+0600][17.771s][info][gc,heap     ] GC(54) y:  Promoted:         -                  -                 0M (0%)            0M (0%)     
[2026-04-03T01:54:40.092+0600][17.771s][info][gc,heap     ] GC(54) y: Compacted:         -                  -                  -                 0M (0%)     
[2026-04-03T01:54:40.092+0600][17.771s][info][gc,phases   ] GC(54) y: Young Generation 348M(70%)->196M(39%) 0.013s
[2026-04-03T01:54:40.092+0600][17.771s][info][gc          ] GC(54) Minor Collection (Allocation Rate) 348M(70%)->198M(40%) 0.013s
[2026-04-03T01:54:40.205+0600][17.884s][info][gc          ] GC(55) Minor Collection (Allocation Rate)
[2026-04-03T01:54:40.205+0600][17.884s][info][gc,task     ] GC(55) Using 1 Workers for Young Generation
[2026-04-03T01:54:40.205+0600][17.884s][info][gc,phases   ] GC(55) y: Young Generation
[2026-04-03T01:54:40.205+0600][17.884s][info][gc,phases   ] GC(55) y: Pause Mark Start 0.019ms
[2026-04-03T01:54:40.213+0600][17.892s][info][gc,phases   ] GC(55) y: Concurrent Mark 8.104ms
[2026-04-03T01:54:40.214+0600][17.892s][info][gc,phases   ] GC(55) y: Pause Mark End 0.020ms
[2026-04-03T01:54:40.214+0600][17.892s][info][gc,phases   ] GC(55) y: Concurrent Mark Free 0.001ms
[2026-04-03T01:54:40.214+0600][17.892s][info][gc,phases   ] GC(55) y: Concurrent Reset Relocation Set 0.002ms
[2026-04-03T01:54:40.215+0600][17.894s][info][gc,reloc    ] GC(55) y: Using tenuring threshold: 2 (Computed)
[2026-04-03T01:54:40.215+0600][17.894s][info][gc,phases   ] GC(55) y: Concurrent Select Relocation Set 1.706ms
[2026-04-03T01:54:40.216+0600][17.894s][info][gc,phases   ] GC(55) y: Pause Relocate Start 0.015ms
[2026-04-03T01:54:40.216+0600][17.895s][info][gc,phases   ] GC(55) y: Concurrent Relocate 0.346ms
[2026-04-03T01:54:40.216+0600][17.895s][info][gc,alloc    ] GC(55) y:                         Mark Start        Mark End      Relocate Start    Relocate End   
[2026-04-03T01:54:40.216+0600][17.895s][info][gc,alloc    ] GC(55) y: Allocation Stalls:          0                0                0                0         
[2026-04-03T01:54:40.216+0600][17.895s][info][gc,load     ] GC(55) y: Load: 7.90 (66%) / 7.88 (66%) / 7.50 (63%)
[2026-04-03T01:54:40.216+0600][17.895s][info][gc,mmu      ] GC(55) y: MMU: 2ms/93.8%, 5ms/97.5%, 10ms/98.8%, 20ms/99.2%, 50ms/99.5%, 100ms/99.6%
[2026-04-03T01:54:40.216+0600][17.895s][info][gc,marking  ] GC(55) y: Mark: 1 stripe(s), 2 proactive flush(es), 1 terminate flush(es), 0 completion(s), 0 continuation(s) 
[2026-04-03T01:54:40.216+0600][17.895s][info][gc,marking  ] GC(55) y: Mark Stack Usage: 32M
[2026-04-03T01:54:40.216+0600][17.895s][info][gc,nmethod  ] GC(55) y: NMethods: 4619 registered, 943 unregistered
[2026-04-03T01:54:40.216+0600][17.895s][info][gc,metaspace] GC(55) y: Metaspace: 62M used, 63M committed, 1088M reserved
[2026-04-03T01:54:40.216+0600][17.895s][info][gc,reloc    ] GC(55) y:                        Candidates     Selected     In-Place         Size        Empty    Relocated 
[2026-04-03T01:54:40.216+0600][17.895s][info][gc,reloc    ] GC(55) y: Small Pages:                  115            4            0         230M         220M           0M 
[2026-04-03T01:54:40.216+0600][17.895s][info][gc,reloc    ] GC(55) y: Medium Pages:                   0            0            0           0M           0M           0M 
[2026-04-03T01:54:40.216+0600][17.895s][info][gc,reloc    ] GC(55) y: Large Pages:                    0            0            0           0M           0M           0M 
[2026-04-03T01:54:40.216+0600][17.895s][info][gc,reloc    ] GC(55) y: Forwarding Usage: 0M
[2026-04-03T01:54:40.216+0600][17.895s][info][gc,reloc    ] GC(55) y: Age Table:
[2026-04-03T01:54:40.216+0600][17.895s][info][gc,reloc    ] GC(55) y:                    Live             Garbage             Small              Medium             Large        
[2026-04-03T01:54:40.216+0600][17.895s][info][gc,reloc    ] GC(55) y: Eden               0M (0%)          225M (45%)        113 / 3              0 / 0              0 / 0        
[2026-04-03T01:54:40.216+0600][17.895s][info][gc,reloc    ] GC(55) y: Survivor 1         0M (0%)            3M (1%)           2 / 1              0 / 0              0 / 0        
[2026-04-03T01:54:40.216+0600][17.895s][info][gc,heap     ] GC(55) y: Min Capacity: 8M(2%)
[2026-04-03T01:54:40.216+0600][17.895s][info][gc,heap     ] GC(55) y: Max Capacity: 500M(100%)
[2026-04-03T01:54:40.216+0600][17.895s][info][gc,heap     ] GC(55) y: Soft Max Capacity: 500M(100%)
[2026-04-03T01:54:40.216+0600][17.895s][info][gc,heap     ] GC(55) y: Heap Statistics:
[2026-04-03T01:54:40.216+0600][17.895s][info][gc,heap     ] GC(55) y:                Mark Start          Mark End        Relocate Start      Relocate End           High               Low         
[2026-04-03T01:54:40.216+0600][17.895s][info][gc,heap     ] GC(55) y:  Capacity:      500M (100%)        500M (100%)        500M (100%)        500M (100%)        500M (100%)        500M (100%)   
[2026-04-03T01:54:40.216+0600][17.895s][info][gc,heap     ] GC(55) y:      Free:       96M (19%)          82M (16%)         298M (60%)         300M (60%)         302M (60%)          82M (16%)    
[2026-04-03T01:54:40.216+0600][17.895s][info][gc,heap     ] GC(55) y:      Used:      404M (81%)         418M (84%)         202M (40%)         200M (40%)         418M (84%)         198M (40%)    
[2026-04-03T01:54:40.216+0600][17.895s][info][gc,heap     ] GC(55) y: Young Generation Statistics:
[2026-04-03T01:54:40.216+0600][17.895s][info][gc,heap     ] GC(55) y:                Mark Start          Mark End        Relocate Start      Relocate End    
[2026-04-03T01:54:40.216+0600][17.895s][info][gc,heap     ] GC(55) y:      Used:      230M (46%)         244M (49%)          28M (6%)           26M (5%)     
[2026-04-03T01:54:40.216+0600][17.895s][info][gc,heap     ] GC(55) y:      Live:         -                 0M (0%)            0M (0%)            0M (0%)     
[2026-04-03T01:54:40.216+0600][17.895s][info][gc,heap     ] GC(55) y:   Garbage:         -               229M (46%)           9M (2%)            0M (0%)     
[2026-04-03T01:54:40.216+0600][17.895s][info][gc,heap     ] GC(55) y: Allocated:         -                14M (3%)           18M (4%)           25M (5%)     
[2026-04-03T01:54:40.216+0600][17.895s][info][gc,heap     ] GC(55) y: Reclaimed:         -                  -               220M (44%)         229M (46%)    
[2026-04-03T01:54:40.216+0600][17.895s][info][gc,heap     ] GC(55) y:  Promoted:         -                  -                 0M (0%)            0M (0%)     
[2026-04-03T01:54:40.216+0600][17.895s][info][gc,heap     ] GC(55) y: Compacted:         -                  -                  -                 0M (0%)     
[2026-04-03T01:54:40.216+0600][17.895s][info][gc,phases   ] GC(55) y: Young Generation 404M(81%)->200M(40%) 0.011s
[2026-04-03T01:54:40.216+0600][17.895s][info][gc          ] GC(55) Minor Collection (Allocation Rate) 404M(81%)->200M(40%) 0.011s
[2026-04-03T01:54:40.470+0600][18.149s][info][gc          ] GC(56) Major Collection (System.gc())
[2026-04-03T01:54:40.470+0600][18.149s][info][gc,task     ] GC(56) Using 3 Workers for Young Generation
[2026-04-03T01:54:40.470+0600][18.149s][info][gc,task     ] GC(56) Using 3 Workers for Old Generation
[2026-04-03T01:54:40.470+0600][18.149s][info][gc,phases   ] GC(56) Y: Young Generation (Promote All)
[2026-04-03T01:54:40.471+0600][18.149s][info][gc,phases   ] GC(56) Y: Pause Mark Start 0.021ms
[2026-04-03T01:54:40.479+0600][18.157s][info][gc,phases   ] GC(56) Y: Concurrent Mark 7.829ms
[2026-04-03T01:54:40.479+0600][18.158s][info][gc,phases   ] GC(56) Y: Pause Mark End 0.090ms
[2026-04-03T01:54:40.479+0600][18.158s][info][gc,phases   ] GC(56) Y: Concurrent Mark Free 0.001ms
[2026-04-03T01:54:40.479+0600][18.158s][info][gc,phases   ] GC(56) Y: Concurrent Reset Relocation Set 0.003ms
[2026-04-03T01:54:40.484+0600][18.163s][info][gc,reloc    ] GC(56) Y: Using tenuring threshold: 0 (Promote All)
[2026-04-03T01:54:40.485+0600][18.163s][info][gc,phases   ] GC(56) Y: Concurrent Select Relocation Set 5.597ms
[2026-04-03T01:54:40.485+0600][18.164s][info][gc,phases   ] GC(56) Y: Pause Relocate Start 0.019ms
[2026-04-03T01:54:40.486+0600][18.165s][info][gc,phases   ] GC(56) Y: Concurrent Relocate 1.071ms
[2026-04-03T01:54:40.486+0600][18.165s][info][gc,alloc    ] GC(56) Y:                         Mark Start        Mark End      Relocate Start    Relocate End   
[2026-04-03T01:54:40.486+0600][18.165s][info][gc,alloc    ] GC(56) Y: Allocation Stalls:          0                0                0                0         
[2026-04-03T01:54:40.486+0600][18.165s][info][gc,load     ] GC(56) Y: Load: 7.90 (66%) / 7.88 (66%) / 7.50 (63%)
[2026-04-03T01:54:40.486+0600][18.165s][info][gc,mmu      ] GC(56) Y: MMU: 2ms/93.8%, 5ms/97.5%, 10ms/98.8%, 20ms/99.2%, 50ms/99.5%, 100ms/99.6%
[2026-04-03T01:54:40.486+0600][18.165s][info][gc,marking  ] GC(56) Y: Mark: 2 stripe(s), 1 proactive flush(es), 1 terminate flush(es), 0 completion(s), 0 continuation(s) 
[2026-04-03T01:54:40.486+0600][18.165s][info][gc,marking  ] GC(56) Y: Mark Stack Usage: 32M
[2026-04-03T01:54:40.486+0600][18.165s][info][gc,nmethod  ] GC(56) Y: NMethods: 4803 registered, 0 unregistered
[2026-04-03T01:54:40.486+0600][18.165s][info][gc,metaspace] GC(56) Y: Metaspace: 64M used, 65M committed, 1088M reserved
[2026-04-03T01:54:40.486+0600][18.165s][info][gc,reloc    ] GC(56) Y:                        Candidates     Selected     In-Place         Size        Empty    Relocated 
[2026-04-03T01:54:40.486+0600][18.165s][info][gc,reloc    ] GC(56) Y: Small Pages:                  103           19            0         206M         166M           0M 
[2026-04-03T01:54:40.486+0600][18.165s][info][gc,reloc    ] GC(56) Y: Medium Pages:                   0            0            0           0M           0M           0M 
[2026-04-03T01:54:40.486+0600][18.165s][info][gc,reloc    ] GC(56) Y: Large Pages:                    4            0            0          12M          12M           0M 
[2026-04-03T01:54:40.486+0600][18.165s][info][gc,reloc    ] GC(56) Y: Forwarding Usage: 0M
[2026-04-03T01:54:40.486+0600][18.165s][info][gc,reloc    ] GC(56) Y: Age Table:
[2026-04-03T01:54:40.486+0600][18.165s][info][gc,reloc    ] GC(56) Y:                    Live             Garbage             Small              Medium             Large        
[2026-04-03T01:54:40.486+0600][18.165s][info][gc,reloc    ] GC(56) Y: Eden               0M (0%)          211M (42%)        100 / 18             0 / 0              4 / 0        
[2026-04-03T01:54:40.486+0600][18.165s][info][gc,reloc    ] GC(56) Y: Survivor 1         0M (0%)            3M (1%)           2 / 1              0 / 0              0 / 0        
[2026-04-03T01:54:40.486+0600][18.165s][info][gc,reloc    ] GC(56) Y: Survivor 2          -                 2M (0%)           1 / 0              0 / 0              0 / 0        
[2026-04-03T01:54:40.486+0600][18.165s][info][gc,heap     ] GC(56) Y: Min Capacity: 8M(2%)
[2026-04-03T01:54:40.486+0600][18.165s][info][gc,heap     ] GC(56) Y: Max Capacity: 500M(100%)
[2026-04-03T01:54:40.486+0600][18.165s][info][gc,heap     ] GC(56) Y: Soft Max Capacity: 500M(100%)
[2026-04-03T01:54:40.486+0600][18.165s][info][gc,heap     ] GC(56) Y: Heap Statistics:
[2026-04-03T01:54:40.486+0600][18.165s][info][gc,heap     ] GC(56) Y:                Mark Start          Mark End        Relocate Start      Relocate End           High               Low         
[2026-04-03T01:54:40.486+0600][18.165s][info][gc,heap     ] GC(56) Y:  Capacity:      500M (100%)        500M (100%)        500M (100%)        500M (100%)        500M (100%)        500M (100%)   
[2026-04-03T01:54:40.486+0600][18.165s][info][gc,heap     ] GC(56) Y:      Free:      108M (22%)         108M (22%)         286M (57%)         320M (64%)         320M (64%)         108M (22%)    
[2026-04-03T01:54:40.486+0600][18.165s][info][gc,heap     ] GC(56) Y:      Used:      392M (78%)         392M (78%)         214M (43%)         180M (36%)         392M (78%)         180M (36%)    
[2026-04-03T01:54:40.486+0600][18.165s][info][gc,heap     ] GC(56) Y: Young Generation Statistics:
[2026-04-03T01:54:40.486+0600][18.165s][info][gc,heap     ] GC(56) Y:                Mark Start          Mark End        Relocate Start      Relocate End    
[2026-04-03T01:54:40.486+0600][18.165s][info][gc,heap     ] GC(56) Y:      Used:      218M (44%)         218M (44%)          40M (8%)            0M (0%)     
[2026-04-03T01:54:40.486+0600][18.165s][info][gc,heap     ] GC(56) Y:      Live:         -                 0M (0%)            0M (0%)            0M (0%)     
[2026-04-03T01:54:40.486+0600][18.165s][info][gc,heap     ] GC(56) Y:   Garbage:         -               217M (43%)          39M (8%)            0M (0%)     
[2026-04-03T01:54:40.486+0600][18.165s][info][gc,heap     ] GC(56) Y: Allocated:         -                 0M (0%)            0M (0%)            0M (0%)     
[2026-04-03T01:54:40.486+0600][18.165s][info][gc,heap     ] GC(56) Y: Reclaimed:         -                  -               178M (36%)         217M (43%)    
[2026-04-03T01:54:40.486+0600][18.165s][info][gc,heap     ] GC(56) Y:  Promoted:         -                  -                 0M (0%)            0M (0%)     
[2026-04-03T01:54:40.486+0600][18.165s][info][gc,heap     ] GC(56) Y: Compacted:         -                  -                  -                 0M (0%)     
[2026-04-03T01:54:40.486+0600][18.165s][info][gc,phases   ] GC(56) Y: Young Generation (Promote All) 392M(78%)->180M(36%) 0.016s
[2026-04-03T01:54:40.486+0600][18.165s][info][gc,phases   ] GC(56) Y: Young Generation (Collect Roots)
[2026-04-03T01:54:40.487+0600][18.166s][info][gc,phases   ] GC(56) Y: Pause Mark Start (Major) 0.021ms
[2026-04-03T01:54:40.495+0600][18.173s][info][gc,phases   ] GC(56) Y: Concurrent Mark 7.764ms
[2026-04-03T01:54:40.495+0600][18.174s][info][gc,phases   ] GC(56) Y: Pause Mark End 0.023ms
[2026-04-03T01:54:40.495+0600][18.174s][info][gc,phases   ] GC(56) Y: Concurrent Mark Free 0.319ms
[2026-04-03T01:54:40.495+0600][18.174s][info][gc,phases   ] GC(56) Y: Concurrent Reset Relocation Set 0.006ms
[2026-04-03T01:54:40.499+0600][18.178s][info][gc,reloc    ] GC(56) Y: Using tenuring threshold: 0 (Computed)
[2026-04-03T01:54:40.499+0600][18.178s][info][gc,phases   ] GC(56) Y: Concurrent Select Relocation Set 4.261ms
[2026-04-03T01:54:40.500+0600][18.178s][info][gc,phases   ] GC(56) Y: Pause Relocate Start 0.014ms
[2026-04-03T01:54:40.500+0600][18.179s][info][gc,phases   ] GC(56) Y: Concurrent Relocate 0.084ms
[2026-04-03T01:54:40.500+0600][18.179s][info][gc,alloc    ] GC(56) Y:                         Mark Start        Mark End      Relocate Start    Relocate End   
[2026-04-03T01:54:40.500+0600][18.179s][info][gc,alloc    ] GC(56) Y: Allocation Stalls:          0                0                0                0         
[2026-04-03T01:54:40.500+0600][18.179s][info][gc,load     ] GC(56) Y: Load: 7.90 (66%) / 7.88 (66%) / 7.50 (63%)
[2026-04-03T01:54:40.500+0600][18.179s][info][gc,mmu      ] GC(56) Y: MMU: 2ms/93.8%, 5ms/97.5%, 10ms/98.7%, 20ms/99.2%, 50ms/99.5%, 100ms/99.6%
[2026-04-03T01:54:40.500+0600][18.179s][info][gc,marking  ] GC(56) Y: Mark: 2 stripe(s), 1 proactive flush(es), 1 terminate flush(es), 0 completion(s), 0 continuation(s) 
[2026-04-03T01:54:40.500+0600][18.179s][info][gc,marking  ] GC(56) Y: Mark Stack Usage: 0M
[2026-04-03T01:54:40.500+0600][18.179s][info][gc,nmethod  ] GC(56) Y: NMethods: 4803 registered, 0 unregistered
[2026-04-03T01:54:40.500+0600][18.179s][info][gc,metaspace] GC(56) Y: Metaspace: 64M used, 65M committed, 1088M reserved
[2026-04-03T01:54:40.500+0600][18.179s][info][gc,heap     ] GC(56) Y: Min Capacity: 8M(2%)
[2026-04-03T01:54:40.500+0600][18.179s][info][gc,heap     ] GC(56) Y: Max Capacity: 500M(100%)
[2026-04-03T01:54:40.500+0600][18.179s][info][gc,heap     ] GC(56) Y: Soft Max Capacity: 500M(100%)
[2026-04-03T01:54:40.500+0600][18.179s][info][gc,heap     ] GC(56) Y: Heap Statistics:
[2026-04-03T01:54:40.500+0600][18.179s][info][gc,heap     ] GC(56) Y:                Mark Start          Mark End        Relocate Start      Relocate End           High               Low         
[2026-04-03T01:54:40.500+0600][18.179s][info][gc,heap     ] GC(56) Y:  Capacity:      500M (100%)        500M (100%)        500M (100%)        500M (100%)        500M (100%)        500M (100%)   
[2026-04-03T01:54:40.500+0600][18.179s][info][gc,heap     ] GC(56) Y:      Free:      320M (64%)         320M (64%)         320M (64%)         320M (64%)         320M (64%)         320M (64%)    
[2026-04-03T01:54:40.500+0600][18.179s][info][gc,heap     ] GC(56) Y:      Used:      180M (36%)         180M (36%)         180M (36%)         180M (36%)         180M (36%)         180M (36%)    
[2026-04-03T01:54:40.500+0600][18.179s][info][gc,heap     ] GC(56) Y: Young Generation Statistics:
[2026-04-03T01:54:40.500+0600][18.179s][info][gc,heap     ] GC(56) Y:                Mark Start          Mark End        Relocate Start      Relocate End    
[2026-04-03T01:54:40.500+0600][18.179s][info][gc,heap     ] GC(56) Y:      Used:        0M (0%)            0M (0%)            0M (0%)            0M (0%)     
[2026-04-03T01:54:40.500+0600][18.179s][info][gc,heap     ] GC(56) Y:      Live:         -                 0M (0%)            0M (0%)            0M (0%)     
[2026-04-03T01:54:40.500+0600][18.179s][info][gc,heap     ] GC(56) Y:   Garbage:         -                 0M (0%)            0M (0%)            0M (0%)     
[2026-04-03T01:54:40.500+0600][18.179s][info][gc,heap     ] GC(56) Y: Allocated:         -                 0M (0%)            0M (0%)            0M (0%)     
[2026-04-03T01:54:40.500+0600][18.179s][info][gc,heap     ] GC(56) Y: Reclaimed:         -                  -                 0M (0%)            0M (0%)     
[2026-04-03T01:54:40.500+0600][18.179s][info][gc,heap     ] GC(56) Y:  Promoted:         -                  -                 0M (0%)            0M (0%)     
[2026-04-03T01:54:40.500+0600][18.179s][info][gc,heap     ] GC(56) Y: Compacted:         -                  -                  -                 0M (0%)     
[2026-04-03T01:54:40.500+0600][18.179s][info][gc,phases   ] GC(56) Y: Young Generation (Collect Roots) 180M(36%)->180M(36%) 0.013s
[2026-04-03T01:54:40.500+0600][18.179s][info][gc,phases   ] GC(56) O: Old Generation
[2026-04-03T01:54:40.603+0600][18.282s][info][gc,phases   ] GC(56) O: Concurrent Mark 103.174ms
[2026-04-03T01:54:40.603+0600][18.282s][info][gc,phases   ] GC(56) O: Pause Mark End 0.030ms
[2026-04-03T01:54:40.603+0600][18.282s][info][gc,phases   ] GC(56) O: Concurrent Mark Free 0.001ms
[2026-04-03T01:54:40.622+0600][18.301s][info][gc,phases   ] GC(56) O: Concurrent Process Non-Strong 18.458ms
[2026-04-03T01:54:40.622+0600][18.301s][info][gc,phases   ] GC(56) O: Concurrent Reset Relocation Set 0.005ms
[2026-04-03T01:54:40.628+0600][18.307s][info][gc,phases   ] GC(56) O: Concurrent Select Relocation Set 6.434ms
[2026-04-03T01:54:40.629+0600][18.307s][info][gc,task     ] GC(56) O: Using 3 Workers for Old Generation
[2026-04-03T01:54:40.650+0600][18.328s][info][gc,task     ] GC(56) O: Using 3 Workers for Old Generation
[2026-04-03T01:54:40.650+0600][18.329s][info][gc,phases   ] GC(56) O: Concurrent Remap Roots 21.215ms
[2026-04-03T01:54:40.650+0600][18.329s][info][gc,phases   ] GC(56) O: Pause Relocate Start 0.028ms
[2026-04-03T01:54:40.652+0600][18.330s][info][gc,phases   ] GC(56) O: Concurrent Relocate 1.309ms
[2026-04-03T01:54:40.652+0600][18.330s][info][gc,alloc    ] GC(56) O:                         Mark Start        Mark End      Relocate Start    Relocate End   
[2026-04-03T01:54:40.652+0600][18.330s][info][gc,alloc    ] GC(56) O: Allocation Stalls:          0                0                0                0         
[2026-04-03T01:54:40.652+0600][18.330s][info][gc,load     ] GC(56) O: Load: 7.90 (66%) / 7.88 (66%) / 7.50 (63%)
[2026-04-03T01:54:40.652+0600][18.331s][info][gc,mmu      ] GC(56) O: MMU: 2ms/93.8%, 5ms/97.5%, 10ms/98.7%, 20ms/99.2%, 50ms/99.5%, 100ms/99.6%
[2026-04-03T01:54:40.652+0600][18.331s][info][gc,marking  ] GC(56) O: Mark: 2 stripe(s), 2 proactive flush(es), 1 terminate flush(es), 0 completion(s), 0 continuation(s) 
[2026-04-03T01:54:40.652+0600][18.331s][info][gc,marking  ] GC(56) O: Mark Stack Usage: 32M
[2026-04-03T01:54:40.652+0600][18.331s][info][gc,nmethod  ] GC(56) O: NMethods: 4752 registered, 74 unregistered
[2026-04-03T01:54:40.652+0600][18.331s][info][gc,metaspace] GC(56) O: Metaspace: 64M used, 65M committed, 1088M reserved
[2026-04-03T01:54:40.652+0600][18.331s][info][gc,ref      ] GC(56) O:                       Encountered   Discovered     Enqueued 
[2026-04-03T01:54:40.652+0600][18.331s][info][gc,ref      ] GC(56) O: Soft References:             4784            0            0 
[2026-04-03T01:54:40.652+0600][18.331s][info][gc,ref      ] GC(56) O: Weak References:             6076         4145          388 
[2026-04-03T01:54:40.652+0600][18.331s][info][gc,ref      ] GC(56) O: Final References:              74            0            0 
[2026-04-03T01:54:40.652+0600][18.331s][info][gc,ref      ] GC(56) O: Phantom References:           595          375            0 
[2026-04-03T01:54:40.652+0600][18.331s][info][gc,reloc    ] GC(56) O:                        Candidates     Selected     In-Place         Size        Empty    Relocated 
[2026-04-03T01:54:40.652+0600][18.331s][info][gc,reloc    ] GC(56) O: Small Pages:                   78           15            0         156M          12M           0M 
[2026-04-03T01:54:40.652+0600][18.331s][info][gc,reloc    ] GC(56) O: Medium Pages:                   1            0            0           8M           0M           0M 
[2026-04-03T01:54:40.652+0600][18.331s][info][gc,reloc    ] GC(56) O: Large Pages:                    4            0            0          16M           4M           0M 
[2026-04-03T01:54:40.652+0600][18.331s][info][gc,reloc    ] GC(56) O: Forwarding Usage: 0M
[2026-04-03T01:54:40.652+0600][18.331s][info][gc,heap     ] GC(56) O: Min Capacity: 8M(2%)
[2026-04-03T01:54:40.652+0600][18.331s][info][gc,heap     ] GC(56) O: Max Capacity: 500M(100%)
[2026-04-03T01:54:40.652+0600][18.331s][info][gc,heap     ] GC(56) O: Soft Max Capacity: 500M(100%)
[2026-04-03T01:54:40.652+0600][18.331s][info][gc,heap     ] GC(56) O: Heap Statistics:
[2026-04-03T01:54:40.652+0600][18.331s][info][gc,heap     ] GC(56) O:                Mark Start          Mark End        Relocate Start      Relocate End           High               Low         
[2026-04-03T01:54:40.652+0600][18.331s][info][gc,heap     ] GC(56) O:  Capacity:      500M (100%)        500M (100%)        500M (100%)        500M (100%)        500M (100%)        500M (100%)   
[2026-04-03T01:54:40.652+0600][18.331s][info][gc,heap     ] GC(56) O:      Free:      320M (64%)         318M (64%)         316M (63%)         340M (68%)         340M (68%)         306M (61%)    
[2026-04-03T01:54:40.652+0600][18.331s][info][gc,heap     ] GC(56) O:      Used:      180M (36%)         182M (36%)         184M (37%)         160M (32%)         194M (39%)         160M (32%)    
[2026-04-03T01:54:40.652+0600][18.331s][info][gc,heap     ] GC(56) O: Old Generation Statistics:
[2026-04-03T01:54:40.652+0600][18.331s][info][gc,heap     ] GC(56) O:                Mark Start          Mark End        Relocate Start      Relocate End    
[2026-04-03T01:54:40.652+0600][18.331s][info][gc,heap     ] GC(56) O:      Used:      180M (36%)         180M (36%)         164M (33%)         140M (28%)    
[2026-04-03T01:54:40.652+0600][18.331s][info][gc,heap     ] GC(56) O:      Live:         -               124M (25%)         124M (25%)         124M (25%)    
[2026-04-03T01:54:40.652+0600][18.331s][info][gc,heap     ] GC(56) O:   Garbage:         -                55M (11%)          39M (8%)            8M (2%)     
[2026-04-03T01:54:40.652+0600][18.331s][info][gc,heap     ] GC(56) O: Allocated:         -                 0M (0%)            0M (0%)            7M (1%)     
[2026-04-03T01:54:40.652+0600][18.331s][info][gc,heap     ] GC(56) O: Reclaimed:         -                  -                16M (3%)           47M (9%)     
[2026-04-03T01:54:40.652+0600][18.331s][info][gc,heap     ] GC(56) O: Compacted:         -                  -                  -                 0M (0%)     
[2026-04-03T01:54:40.652+0600][18.331s][info][gc,phases   ] GC(56) O: Old Generation 180M(36%)->160M(32%) 0.152s
[2026-04-03T01:54:40.652+0600][18.331s][info][gc          ] GC(56) Major Collection (System.gc()) 392M(78%)->160M(32%) 0.182s
[2026-04-03T01:54:40.911+0600][18.590s][info][gc          ] GC(57) Minor Collection (Allocation Rate)
[2026-04-03T01:54:40.911+0600][18.590s][info][gc,task     ] GC(57) Using 1 Workers for Young Generation
[2026-04-03T01:54:40.911+0600][18.590s][info][gc,phases   ] GC(57) y: Young Generation
[2026-04-03T01:54:40.911+0600][18.590s][info][gc,phases   ] GC(57) y: Pause Mark Start 0.019ms
[2026-04-03T01:54:40.944+0600][18.623s][info][gc,task     ] Adjusting Workers for Young Generation: 1 -> 3
[2026-04-03T01:54:40.946+0600][18.625s][info][gc,phases   ] GC(57) y: Concurrent Mark 34.590ms
[2026-04-03T01:54:40.946+0600][18.625s][info][gc,phases   ] GC(57) y: Pause Mark End 0.020ms
[2026-04-03T01:54:40.946+0600][18.625s][info][gc,phases   ] GC(57) y: Concurrent Mark Free 0.002ms
[2026-04-03T01:54:40.946+0600][18.625s][info][gc,phases   ] GC(57) y: Concurrent Reset Relocation Set 0.001ms
[2026-04-03T01:54:40.951+0600][18.630s][info][gc,reloc    ] GC(57) y: Using tenuring threshold: 1 (Computed)
[2026-04-03T01:54:40.953+0600][18.632s][info][gc,phases   ] GC(57) y: Concurrent Select Relocation Set 6.998ms
[2026-04-03T01:54:40.954+0600][18.632s][info][gc,phases   ] GC(57) y: Pause Relocate Start 0.014ms
[2026-04-03T01:54:40.961+0600][18.640s][info][gc,phases   ] GC(57) y: Concurrent Relocate 7.668ms
[2026-04-03T01:54:40.961+0600][18.640s][info][gc,alloc    ] GC(57) y:                         Mark Start        Mark End      Relocate Start    Relocate End   
[2026-04-03T01:54:40.961+0600][18.640s][info][gc,alloc    ] GC(57) y: Allocation Stalls:          0                0                0                0         
[2026-04-03T01:54:40.961+0600][18.640s][info][gc,load     ] GC(57) y: Load: 7.90 (66%) / 7.88 (66%) / 7.50 (63%)
[2026-04-03T01:54:40.961+0600][18.640s][info][gc,mmu      ] GC(57) y: MMU: 2ms/93.8%, 5ms/97.5%, 10ms/98.7%, 20ms/99.2%, 50ms/99.5%, 100ms/99.6%
[2026-04-03T01:54:40.961+0600][18.640s][info][gc,marking  ] GC(57) y: Mark: 1 stripe(s), 3 proactive flush(es), 1 terminate flush(es), 0 completion(s), 0 continuation(s) 
[2026-04-03T01:54:40.962+0600][18.640s][info][gc,marking  ] GC(57) y: Mark Stack Usage: 32M
[2026-04-03T01:54:40.962+0600][18.640s][info][gc,nmethod  ] GC(57) y: NMethods: 4950 registered, 74 unregistered
[2026-04-03T01:54:40.962+0600][18.640s][info][gc,metaspace] GC(57) y: Metaspace: 64M used, 65M committed, 1088M reserved
[2026-04-03T01:54:40.962+0600][18.640s][info][gc,reloc    ] GC(57) y:                        Candidates     Selected     In-Place         Size        Empty    Relocated 
[2026-04-03T01:54:40.962+0600][18.640s][info][gc,reloc    ] GC(57) y: Small Pages:                  114           73            0         228M          72M           6M 
[2026-04-03T01:54:40.962+0600][18.640s][info][gc,reloc    ] GC(57) y: Medium Pages:                   1            0            0           8M           0M           0M 
[2026-04-03T01:54:40.962+0600][18.640s][info][gc,reloc    ] GC(57) y: Large Pages:                    3            0            0          14M          14M           0M 
[2026-04-03T01:54:40.962+0600][18.640s][info][gc,reloc    ] GC(57) y: Forwarding Usage: 4M
[2026-04-03T01:54:40.962+0600][18.640s][info][gc,reloc    ] GC(57) y: Age Table:
[2026-04-03T01:54:40.962+0600][18.640s][info][gc,reloc    ] GC(57) y:                    Live             Garbage             Small              Medium             Large        
[2026-04-03T01:54:40.962+0600][18.640s][info][gc,reloc    ] GC(57) y: Eden               7M (2%)          242M (48%)        114 / 73             1 / 0              3 / 0        
[2026-04-03T01:54:40.962+0600][18.640s][info][gc,heap     ] GC(57) y: Min Capacity: 8M(2%)
[2026-04-03T01:54:40.962+0600][18.641s][info][gc,heap     ] GC(57) y: Max Capacity: 500M(100%)
[2026-04-03T01:54:40.962+0600][18.641s][info][gc,heap     ] GC(57) y: Soft Max Capacity: 500M(100%)
[2026-04-03T01:54:40.962+0600][18.641s][info][gc,heap     ] GC(57) y: Heap Statistics:
[2026-04-03T01:54:40.962+0600][18.641s][info][gc,heap     ] GC(57) y:                Mark Start          Mark End        Relocate Start      Relocate End           High               Low         
[2026-04-03T01:54:40.962+0600][18.641s][info][gc,heap     ] GC(57) y:  Capacity:      500M (100%)        500M (100%)        500M (100%)        500M (100%)        500M (100%)        500M (100%)   
[2026-04-03T01:54:40.962+0600][18.641s][info][gc,heap     ] GC(57) y:      Free:      110M (22%)          20M (4%)           86M (17%)         204M (41%)         206M (41%)           8M (2%)     
[2026-04-03T01:54:40.962+0600][18.641s][info][gc,heap     ] GC(57) y:      Used:      390M (78%)         480M (96%)         414M (83%)         296M (59%)         492M (98%)         294M (59%)    
[2026-04-03T01:54:40.962+0600][18.641s][info][gc,heap     ] GC(57) y: Young Generation Statistics:
[2026-04-03T01:54:40.962+0600][18.641s][info][gc,heap     ] GC(57) y:                Mark Start          Mark End        Relocate Start      Relocate End    
[2026-04-03T01:54:40.962+0600][18.641s][info][gc,heap     ] GC(57) y:      Used:      250M (50%)         340M (68%)         274M (55%)         156M (31%)    
[2026-04-03T01:54:40.962+0600][18.641s][info][gc,heap     ] GC(57) y:      Live:         -                 7M (2%)            7M (2%)            7M (2%)     
[2026-04-03T01:54:40.962+0600][18.641s][info][gc,heap     ] GC(57) y:   Garbage:         -               242M (48%)         156M (31%)           7M (1%)     
[2026-04-03T01:54:40.962+0600][18.641s][info][gc,heap     ] GC(57) y: Allocated:         -                90M (18%)         110M (22%)         140M (28%)    
[2026-04-03T01:54:40.962+0600][18.641s][info][gc,heap     ] GC(57) y: Reclaimed:         -                  -                86M (17%)         234M (47%)    
[2026-04-03T01:54:40.962+0600][18.641s][info][gc,heap     ] GC(57) y:  Promoted:         -                  -                 0M (0%)            0M (0%)     
[2026-04-03T01:54:40.962+0600][18.641s][info][gc,heap     ] GC(57) y: Compacted:         -                  -                  -                 7M (1%)     
[2026-04-03T01:54:40.962+0600][18.641s][info][gc,phases   ] GC(57) y: Young Generation 390M(78%)->296M(59%) 0.050s
[2026-04-03T01:54:40.962+0600][18.641s][info][gc          ] GC(57) Minor Collection (Allocation Rate) 390M(78%)->296M(59%) 0.051s
[2026-04-03T01:54:40.980+0600][18.659s][info][gc          ] GC(58) Minor Collection (Allocation Rate)
[2026-04-03T01:54:40.980+0600][18.659s][info][gc,task     ] GC(58) Using 3 Workers for Young Generation
[2026-04-03T01:54:40.980+0600][18.659s][info][gc,phases   ] GC(58) y: Young Generation
[2026-04-03T01:54:40.981+0600][18.659s][info][gc,phases   ] GC(58) y: Pause Mark Start 0.017ms
[2026-04-03T01:54:41.026+0600][18.705s][info][gc,phases   ] GC(58) y: Concurrent Mark 45.251ms
[2026-04-03T01:54:41.026+0600][18.705s][info][gc,phases   ] GC(58) y: Pause Mark End 0.024ms
[2026-04-03T01:54:41.026+0600][18.705s][info][gc,phases   ] GC(58) y: Concurrent Mark Free 0.001ms
[2026-04-03T01:54:41.026+0600][18.705s][info][gc,phases   ] GC(58) y: Concurrent Reset Relocation Set 0.013ms
[2026-04-03T01:54:41.028+0600][18.707s][info][gc,reloc    ] GC(58) y: Using tenuring threshold: 2 (Computed)
[2026-04-03T01:54:41.030+0600][18.709s][info][gc,phases   ] GC(58) y: Concurrent Select Relocation Set 3.720ms
[2026-04-03T01:54:41.030+0600][18.709s][info][gc,phases   ] GC(58) y: Pause Relocate Start 0.019ms
[2026-04-03T01:54:41.040+0600][18.719s][info][gc,phases   ] GC(58) y: Concurrent Relocate 10.140ms
[2026-04-03T01:54:41.040+0600][18.719s][info][gc,alloc    ] GC(58) y:                         Mark Start        Mark End      Relocate Start    Relocate End   
[2026-04-03T01:54:41.040+0600][18.719s][info][gc,alloc    ] GC(58) y: Allocation Stalls:          0                0                0                0         
[2026-04-03T01:54:41.040+0600][18.719s][info][gc,load     ] GC(58) y: Load: 7.90 (66%) / 7.88 (66%) / 7.50 (63%)
[2026-04-03T01:54:41.040+0600][18.719s][info][gc,mmu      ] GC(58) y: MMU: 2ms/93.8%, 5ms/97.5%, 10ms/98.7%, 20ms/99.2%, 50ms/99.5%, 100ms/99.6%
[2026-04-03T01:54:41.040+0600][18.719s][info][gc,marking  ] GC(58) y: Mark: 2 stripe(s), 10 proactive flush(es), 1 terminate flush(es), 0 completion(s), 0 continuation(s) 
[2026-04-03T01:54:41.040+0600][18.719s][info][gc,marking  ] GC(58) y: Mark Stack Usage: 32M
[2026-04-03T01:54:41.040+0600][18.719s][info][gc,nmethod  ] GC(58) y: NMethods: 4962 registered, 74 unregistered
[2026-04-03T01:54:41.040+0600][18.719s][info][gc,metaspace] GC(58) y: Metaspace: 64M used, 65M committed, 1088M reserved
[2026-04-03T01:54:41.040+0600][18.719s][info][gc,reloc    ] GC(58) y:                        Candidates     Selected     In-Place         Size        Empty    Relocated 
[2026-04-03T01:54:41.040+0600][18.719s][info][gc,reloc    ] GC(58) y: Small Pages:                   98           55            0         196M          70M           7M 
[2026-04-03T01:54:41.040+0600][18.719s][info][gc,reloc    ] GC(58) y: Medium Pages:                   1            0            0           8M           8M           0M 
[2026-04-03T01:54:41.041+0600][18.719s][info][gc,reloc    ] GC(58) y: Large Pages:                    1            0            0           2M           0M           0M 
[2026-04-03T01:54:41.041+0600][18.719s][info][gc,reloc    ] GC(58) y: Forwarding Usage: 6M
[2026-04-03T01:54:41.041+0600][18.719s][info][gc,reloc    ] GC(58) y: Age Table:
[2026-04-03T01:54:41.041+0600][18.719s][info][gc,reloc    ] GC(58) y:                    Live             Garbage             Small              Medium             Large        
[2026-04-03T01:54:41.041+0600][18.719s][info][gc,reloc    ] GC(58) y: Eden               9M (2%)          168M (34%)         88 / 48             0 / 0              1 / 0        
[2026-04-03T01:54:41.041+0600][18.719s][info][gc,reloc    ] GC(58) y: Survivor 1         7M (1%)           20M (4%)          10 / 7              1 / 0              0 / 0        
[2026-04-03T01:54:41.041+0600][18.719s][info][gc,heap     ] GC(58) y: Min Capacity: 8M(2%)
[2026-04-03T01:54:41.041+0600][18.719s][info][gc,heap     ] GC(58) y: Max Capacity: 500M(100%)
[2026-04-03T01:54:41.041+0600][18.719s][info][gc,heap     ] GC(58) y: Soft Max Capacity: 500M(100%)
[2026-04-03T01:54:41.041+0600][18.719s][info][gc,heap     ] GC(58) y: Heap Statistics:
[2026-04-03T01:54:41.041+0600][18.719s][info][gc,heap     ] GC(58) y:                Mark Start          Mark End        Relocate Start      Relocate End           High               Low         
[2026-04-03T01:54:41.041+0600][18.719s][info][gc,heap     ] GC(58) y:  Capacity:      500M (100%)        500M (100%)        500M (100%)        500M (100%)        500M (100%)        500M (100%)   
[2026-04-03T01:54:41.041+0600][18.719s][info][gc,heap     ] GC(58) y:      Free:      154M (31%)          52M (10%)         124M (25%)         214M (43%)         214M (43%)          48M (10%)    
[2026-04-03T01:54:41.041+0600][18.720s][info][gc,heap     ] GC(58) y:      Used:      346M (69%)         448M (90%)         376M (75%)         286M (57%)         452M (90%)         286M (57%)    
[2026-04-03T01:54:41.041+0600][18.720s][info][gc,heap     ] GC(58) y: Young Generation Statistics:
[2026-04-03T01:54:41.041+0600][18.720s][info][gc,heap     ] GC(58) y:                Mark Start          Mark End        Relocate Start      Relocate End    
[2026-04-03T01:54:41.041+0600][18.720s][info][gc,heap     ] GC(58) y:      Used:      206M (41%)         308M (62%)         236M (47%)         146M (29%)    
[2026-04-03T01:54:41.041+0600][18.720s][info][gc,heap     ] GC(58) y:      Live:         -                16M (3%)           16M (3%)           16M (3%)     
[2026-04-03T01:54:41.041+0600][18.720s][info][gc,heap     ] GC(58) y:   Garbage:         -               189M (38%)         111M (22%)           0M (0%)     
[2026-04-03T01:54:41.041+0600][18.720s][info][gc,heap     ] GC(58) y: Allocated:         -               102M (20%)         108M (22%)         129M (26%)    
[2026-04-03T01:54:41.041+0600][18.720s][info][gc,heap     ] GC(58) y: Reclaimed:         -                  -                78M (16%)         189M (38%)    
[2026-04-03T01:54:41.041+0600][18.720s][info][gc,heap     ] GC(58) y:  Promoted:         -                  -                 0M (0%)            0M (0%)     
[2026-04-03T01:54:41.041+0600][18.720s][info][gc,heap     ] GC(58) y: Compacted:         -                  -                  -                 8M (2%)     
[2026-04-03T01:54:41.041+0600][18.720s][info][gc,phases   ] GC(58) y: Young Generation 346M(69%)->286M(57%) 0.060s
[2026-04-03T01:54:41.041+0600][18.720s][info][gc          ] GC(58) Minor Collection (Allocation Rate) 346M(69%)->286M(57%) 0.061s
[2026-04-03T01:54:41.041+0600][18.720s][info][gc          ] GC(59) Minor Collection (Allocation Rate)
[2026-04-03T01:54:41.041+0600][18.720s][info][gc,task     ] GC(59) Using 3 Workers for Young Generation
[2026-04-03T01:54:41.041+0600][18.720s][info][gc,phases   ] GC(59) y: Young Generation
[2026-04-03T01:54:41.041+0600][18.720s][info][gc,phases   ] GC(59) y: Pause Mark Start 0.023ms
[2026-04-03T01:54:41.099+0600][18.778s][info][gc,phases   ] GC(59) y: Concurrent Mark 57.456ms
[2026-04-03T01:54:41.099+0600][18.778s][info][gc,phases   ] GC(59) y: Pause Mark End 0.023ms
[2026-04-03T01:54:41.099+0600][18.778s][info][gc,phases   ] GC(59) y: Concurrent Mark Free 0.001ms
[2026-04-03T01:54:41.099+0600][18.778s][info][gc,phases   ] GC(59) y: Concurrent Reset Relocation Set 0.011ms
[2026-04-03T01:54:41.101+0600][18.780s][info][gc,reloc    ] GC(59) y: Using tenuring threshold: 1 (Computed)
[2026-04-03T01:54:41.106+0600][18.785s][info][gc,phases   ] GC(59) y: Concurrent Select Relocation Set 6.902ms
[2026-04-03T01:54:41.106+0600][18.785s][info][gc,phases   ] GC(59) y: Pause Relocate Start 0.019ms
[2026-04-03T01:54:41.119+0600][18.798s][info][gc,phases   ] GC(59) y: Concurrent Relocate 12.166ms
[2026-04-03T01:54:41.119+0600][18.798s][info][gc,alloc    ] GC(59) y:                         Mark Start        Mark End      Relocate Start    Relocate End   
[2026-04-03T01:54:41.119+0600][18.798s][info][gc,alloc    ] GC(59) y: Allocation Stalls:          0                0                0                0         
[2026-04-03T01:54:41.119+0600][18.798s][info][gc,load     ] GC(59) y: Load: 7.90 (66%) / 7.88 (66%) / 7.50 (63%)
[2026-04-03T01:54:41.119+0600][18.798s][info][gc,mmu      ] GC(59) y: MMU: 2ms/93.8%, 5ms/97.5%, 10ms/98.7%, 20ms/99.2%, 50ms/99.5%, 100ms/99.6%
[2026-04-03T01:54:41.119+0600][18.798s][info][gc,marking  ] GC(59) y: Mark: 2 stripe(s), 10 proactive flush(es), 1 terminate flush(es), 0 completion(s), 0 continuation(s) 
[2026-04-03T01:54:41.119+0600][18.798s][info][gc,marking  ] GC(59) y: Mark Stack Usage: 32M
[2026-04-03T01:54:41.119+0600][18.798s][info][gc,nmethod  ] GC(59) y: NMethods: 4974 registered, 74 unregistered
[2026-04-03T01:54:41.119+0600][18.798s][info][gc,metaspace] GC(59) y: Metaspace: 64M used, 65M committed, 1088M reserved
[2026-04-03T01:54:41.119+0600][18.798s][info][gc,reloc    ] GC(59) y:                        Candidates     Selected     In-Place         Size        Empty    Relocated 
[2026-04-03T01:54:41.119+0600][18.798s][info][gc,reloc    ] GC(59) y: Small Pages:                   70           34            0         140M          52M           5M 
[2026-04-03T01:54:41.119+0600][18.798s][info][gc,reloc    ] GC(59) y: Medium Pages:                   0            0            0           0M           0M           0M 
[2026-04-03T01:54:41.119+0600][18.798s][info][gc,reloc    ] GC(59) y: Large Pages:                    2            0            0           6M           2M           0M 
[2026-04-03T01:54:41.119+0600][18.798s][info][gc,reloc    ] GC(59) y: Forwarding Usage: 4M
[2026-04-03T01:54:41.119+0600][18.798s][info][gc,reloc    ] GC(59) y: Age Table:
[2026-04-03T01:54:41.119+0600][18.798s][info][gc,reloc    ] GC(59) y:                    Live             Garbage             Small              Medium             Large        
[2026-04-03T01:54:41.119+0600][18.798s][info][gc,reloc    ] GC(59) y: Eden               7M (2%)          110M (22%)         57 / 28             0 / 0              1 / 0        
[2026-04-03T01:54:41.119+0600][18.798s][info][gc,reloc    ] GC(59) y: Survivor 1         7M (1%)            4M (1%)           5 / 1              0 / 0              1 / 0        
[2026-04-03T01:54:41.119+0600][18.798s][info][gc,reloc    ] GC(59) y: Survivor 2         7M (1%)            8M (2%)           8 / 5              0 / 0              0 / 0        
[2026-04-03T01:54:41.119+0600][18.798s][info][gc,heap     ] GC(59) y: Min Capacity: 8M(2%)
[2026-04-03T01:54:41.119+0600][18.798s][info][gc,heap     ] GC(59) y: Max Capacity: 500M(100%)
[2026-04-03T01:54:41.119+0600][18.798s][info][gc,heap     ] GC(59) y: Soft Max Capacity: 500M(100%)
[2026-04-03T01:54:41.119+0600][18.798s][info][gc,heap     ] GC(59) y: Heap Statistics:
[2026-04-03T01:54:41.119+0600][18.798s][info][gc,heap     ] GC(59) y:                Mark Start          Mark End        Relocate Start      Relocate End           High               Low         
[2026-04-03T01:54:41.119+0600][18.798s][info][gc,heap     ] GC(59) y:  Capacity:      500M (100%)        500M (100%)        500M (100%)        500M (100%)        500M (100%)        500M (100%)   
[2026-04-03T01:54:41.119+0600][18.798s][info][gc,heap     ] GC(59) y:      Free:      214M (43%)          96M (19%)         134M (27%)         168M (34%)         214M (43%)          92M (18%)    
[2026-04-03T01:54:41.119+0600][18.798s][info][gc,heap     ] GC(59) y:      Used:      286M (57%)         404M (81%)         366M (73%)         332M (66%)         408M (82%)         286M (57%)    
[2026-04-03T01:54:41.119+0600][18.798s][info][gc,heap     ] GC(59) y: Young Generation Statistics:
[2026-04-03T01:54:41.119+0600][18.798s][info][gc,heap     ] GC(59) y:                Mark Start          Mark End        Relocate Start      Relocate End    
[2026-04-03T01:54:41.119+0600][18.798s][info][gc,heap     ] GC(59) y:      Used:      146M (29%)         264M (53%)         214M (43%)         170M (34%)    
[2026-04-03T01:54:41.119+0600][18.798s][info][gc,heap     ] GC(59) y:      Live:         -                22M (4%)           10M (2%)            7M (2%)     
[2026-04-03T01:54:41.119+0600][18.798s][info][gc,heap     ] GC(59) y:   Garbage:         -               123M (25%)          69M (14%)           0M (0%)     
[2026-04-03T01:54:41.119+0600][18.798s][info][gc,heap     ] GC(59) y: Allocated:         -               118M (24%)         134M (27%)         162M (32%)    
[2026-04-03T01:54:41.119+0600][18.798s][info][gc,heap     ] GC(59) y: Reclaimed:         -                  -                54M (11%)         123M (25%)    
[2026-04-03T01:54:41.119+0600][18.798s][info][gc,heap     ] GC(59) y:  Promoted:         -                  -                11M (2%)           14M (3%)     
[2026-04-03T01:54:41.119+0600][18.798s][info][gc,heap     ] GC(59) y: Compacted:         -                  -                  -                 3M (1%)     
[2026-04-03T01:54:41.119+0600][18.798s][info][gc,phases   ] GC(59) y: Young Generation 286M(57%)->332M(66%) 0.078s
[2026-04-03T01:54:41.119+0600][18.798s][info][gc          ] GC(59) Minor Collection (Allocation Rate) 286M(57%)->334M(67%) 0.078s
[2026-04-03T01:54:41.119+0600][18.798s][info][gc          ] GC(60) Minor Collection (Allocation Rate)
[2026-04-03T01:54:41.119+0600][18.798s][info][gc,task     ] GC(60) Using 3 Workers for Young Generation
[2026-04-03T01:54:41.119+0600][18.798s][info][gc,phases   ] GC(60) y: Young Generation
[2026-04-03T01:54:41.120+0600][18.798s][info][gc,phases   ] GC(60) y: Pause Mark Start 0.023ms
[2026-04-03T01:54:41.140+0600][18.819s][info][gc,phases   ] GC(60) y: Concurrent Mark 20.485ms
[2026-04-03T01:54:41.140+0600][18.819s][info][gc,phases   ] GC(60) y: Pause Mark End 0.023ms
[2026-04-03T01:54:41.140+0600][18.819s][info][gc,phases   ] GC(60) y: Concurrent Mark Free 0.001ms
[2026-04-03T01:54:41.141+0600][18.819s][info][gc,phases   ] GC(60) y: Concurrent Reset Relocation Set 0.026ms
[2026-04-03T01:54:41.145+0600][18.824s][info][gc,reloc    ] GC(60) y: Using tenuring threshold: 1 (Computed)
[2026-04-03T01:54:41.148+0600][18.827s][info][gc,phases   ] GC(60) y: Concurrent Select Relocation Set 7.354ms
[2026-04-03T01:54:41.148+0600][18.827s][info][gc,phases   ] GC(60) y: Pause Relocate Start 0.017ms
[2026-04-03T01:54:41.157+0600][18.836s][info][gc,phases   ] GC(60) y: Concurrent Relocate 8.607ms
[2026-04-03T01:54:41.157+0600][18.836s][info][gc,alloc    ] GC(60) y:                         Mark Start        Mark End      Relocate Start    Relocate End   
[2026-04-03T01:54:41.157+0600][18.836s][info][gc,alloc    ] GC(60) y: Allocation Stalls:          0                0                0                0         
[2026-04-03T01:54:41.157+0600][18.836s][info][gc,load     ] GC(60) y: Load: 7.90 (66%) / 7.88 (66%) / 7.50 (63%)
[2026-04-03T01:54:41.157+0600][18.836s][info][gc,mmu      ] GC(60) y: MMU: 2ms/93.8%, 5ms/97.5%, 10ms/98.7%, 20ms/99.2%, 50ms/99.5%, 100ms/99.6%
[2026-04-03T01:54:41.157+0600][18.836s][info][gc,marking  ] GC(60) y: Mark: 2 stripe(s), 10 proactive flush(es), 1 terminate flush(es), 0 completion(s), 0 continuation(s) 
[2026-04-03T01:54:41.157+0600][18.836s][info][gc,marking  ] GC(60) y: Mark Stack Usage: 32M
[2026-04-03T01:54:41.157+0600][18.836s][info][gc,nmethod  ] GC(60) y: NMethods: 4974 registered, 74 unregistered
[2026-04-03T01:54:41.157+0600][18.836s][info][gc,metaspace] GC(60) y: Metaspace: 64M used, 65M committed, 1088M reserved
[2026-04-03T01:54:41.157+0600][18.836s][info][gc,reloc    ] GC(60) y:                        Candidates     Selected     In-Place         Size        Empty    Relocated 
[2026-04-03T01:54:41.157+0600][18.836s][info][gc,reloc    ] GC(60) y: Small Pages:                   84            8            0         168M         146M           1M 
[2026-04-03T01:54:41.157+0600][18.836s][info][gc,reloc    ] GC(60) y: Medium Pages:                   0            0            0           0M           0M           0M 
[2026-04-03T01:54:41.157+0600][18.836s][info][gc,reloc    ] GC(60) y: Large Pages:                    1            0            0           4M           0M           0M 
[2026-04-03T01:54:41.157+0600][18.836s][info][gc,reloc    ] GC(60) y: Forwarding Usage: 0M
[2026-04-03T01:54:41.157+0600][18.836s][info][gc,reloc    ] GC(60) y: Age Table:
[2026-04-03T01:54:41.157+0600][18.836s][info][gc,reloc    ] GC(60) y:                    Live             Garbage             Small              Medium             Large        
[2026-04-03T01:54:41.157+0600][18.836s][info][gc,reloc    ] GC(60) y: Eden               0M (0%)          159M (32%)         80 / 6              0 / 0              0 / 0        
[2026-04-03T01:54:41.157+0600][18.836s][info][gc,reloc    ] GC(60) y: Survivor 1         7M (2%)            4M (1%)           4 / 2              0 / 0              1 / 0        
[2026-04-03T01:54:41.157+0600][18.836s][info][gc,heap     ] GC(60) y: Min Capacity: 8M(2%)
[2026-04-03T01:54:41.157+0600][18.836s][info][gc,heap     ] GC(60) y: Max Capacity: 500M(100%)
[2026-04-03T01:54:41.157+0600][18.836s][info][gc,heap     ] GC(60) y: Soft Max Capacity: 500M(100%)
[2026-04-03T01:54:41.157+0600][18.836s][info][gc,heap     ] GC(60) y: Heap Statistics:
[2026-04-03T01:54:41.157+0600][18.836s][info][gc,heap     ] GC(60) y:                Mark Start          Mark End        Relocate Start      Relocate End           High               Low         
[2026-04-03T01:54:41.157+0600][18.836s][info][gc,heap     ] GC(60) y:  Capacity:      500M (100%)        500M (100%)        500M (100%)        500M (100%)        500M (100%)        500M (100%)   
[2026-04-03T01:54:41.157+0600][18.836s][info][gc,heap     ] GC(60) y:      Free:      166M (33%)         118M (24%)         244M (49%)         232M (46%)         254M (51%)         118M (24%)    
[2026-04-03T01:54:41.157+0600][18.836s][info][gc,heap     ] GC(60) y:      Used:      334M (67%)         382M (76%)         256M (51%)         268M (54%)         382M (76%)         246M (49%)    
[2026-04-03T01:54:41.157+0600][18.836s][info][gc,heap     ] GC(60) y: Young Generation Statistics:
[2026-04-03T01:54:41.157+0600][18.836s][info][gc,heap     ] GC(60) y:                Mark Start          Mark End        Relocate Start      Relocate End    
[2026-04-03T01:54:41.157+0600][18.836s][info][gc,heap     ] GC(60) y:      Used:      172M (34%)         220M (44%)          86M (17%)          94M (19%)    
[2026-04-03T01:54:41.157+0600][18.836s][info][gc,heap     ] GC(60) y:      Live:         -                 7M (2%)            1M (0%)            0M (0%)     
[2026-04-03T01:54:41.157+0600][18.836s][info][gc,heap     ] GC(60) y:   Garbage:         -               164M (33%)          16M (3%)            0M (0%)     
[2026-04-03T01:54:41.157+0600][18.836s][info][gc,heap     ] GC(60) y: Allocated:         -                48M (10%)          68M (14%)          93M (19%)    
[2026-04-03T01:54:41.157+0600][18.836s][info][gc,heap     ] GC(60) y: Reclaimed:         -                  -               147M (29%)         164M (33%)    
[2026-04-03T01:54:41.157+0600][18.836s][info][gc,heap     ] GC(60) y:  Promoted:         -                  -                 6M (1%)            7M (2%)     
[2026-04-03T01:54:41.157+0600][18.836s][info][gc,heap     ] GC(60) y: Compacted:         -                  -                  -                 0M (0%)     
[2026-04-03T01:54:41.157+0600][18.836s][info][gc,phases   ] GC(60) y: Young Generation 334M(67%)->268M(54%) 0.037s
[2026-04-03T01:54:41.157+0600][18.836s][info][gc          ] GC(60) Minor Collection (Allocation Rate) 334M(67%)->270M(54%) 0.038s
[2026-04-03T01:54:41.157+0600][18.836s][info][gc          ] GC(61) Minor Collection (Allocation Rate)
[2026-04-03T01:54:41.157+0600][18.836s][info][gc,task     ] GC(61) Using 3 Workers for Young Generation
[2026-04-03T01:54:41.157+0600][18.836s][info][gc,phases   ] GC(61) y: Young Generation
[2026-04-03T01:54:41.157+0600][18.836s][info][gc,phases   ] GC(61) y: Pause Mark Start 0.017ms
[2026-04-03T01:54:41.165+0600][18.844s][info][gc,phases   ] GC(61) y: Concurrent Mark 7.564ms
[2026-04-03T01:54:41.165+0600][18.844s][info][gc,phases   ] GC(61) y: Pause Mark End 0.020ms
[2026-04-03T01:54:41.165+0600][18.844s][info][gc,phases   ] GC(61) y: Concurrent Mark Free 0.001ms
[2026-04-03T01:54:41.166+0600][18.844s][info][gc,phases   ] GC(61) y: Concurrent Reset Relocation Set 0.010ms
[2026-04-03T01:54:41.170+0600][18.849s][info][gc,reloc    ] GC(61) y: Using tenuring threshold: 2 (Computed)
[2026-04-03T01:54:41.170+0600][18.849s][info][gc,phases   ] GC(61) y: Concurrent Select Relocation Set 4.830ms
[2026-04-03T01:54:41.171+0600][18.850s][info][gc,phases   ] GC(61) y: Pause Relocate Start 0.015ms
[2026-04-03T01:54:41.171+0600][18.850s][info][gc,phases   ] GC(61) y: Concurrent Relocate 0.156ms
[2026-04-03T01:54:41.171+0600][18.850s][info][gc,alloc    ] GC(61) y:                         Mark Start        Mark End      Relocate Start    Relocate End   
[2026-04-03T01:54:41.171+0600][18.850s][info][gc,alloc    ] GC(61) y: Allocation Stalls:          0                0                0                0         
[2026-04-03T01:54:41.171+0600][18.850s][info][gc,load     ] GC(61) y: Load: 7.90 (66%) / 7.88 (66%) / 7.50 (63%)
[2026-04-03T01:54:41.171+0600][18.850s][info][gc,mmu      ] GC(61) y: MMU: 2ms/93.8%, 5ms/97.5%, 10ms/98.7%, 20ms/99.2%, 50ms/99.5%, 100ms/99.6%
[2026-04-03T01:54:41.171+0600][18.850s][info][gc,marking  ] GC(61) y: Mark: 2 stripe(s), 2 proactive flush(es), 1 terminate flush(es), 0 completion(s), 0 continuation(s) 
[2026-04-03T01:54:41.171+0600][18.850s][info][gc,marking  ] GC(61) y: Mark Stack Usage: 32M
[2026-04-03T01:54:41.171+0600][18.850s][info][gc,nmethod  ] GC(61) y: NMethods: 4974 registered, 74 unregistered
[2026-04-03T01:54:41.171+0600][18.850s][info][gc,metaspace] GC(61) y: Metaspace: 64M used, 65M committed, 1088M reserved
[2026-04-03T01:54:41.171+0600][18.850s][info][gc,reloc    ] GC(61) y:                        Candidates     Selected     In-Place         Size        Empty    Relocated 
[2026-04-03T01:54:41.171+0600][18.850s][info][gc,reloc    ] GC(61) y: Small Pages:                   48            6            0          96M          82M           0M 
[2026-04-03T01:54:41.171+0600][18.850s][info][gc,reloc    ] GC(61) y: Medium Pages:                   0            0            0           0M           0M           0M 
[2026-04-03T01:54:41.171+0600][18.850s][info][gc,reloc    ] GC(61) y: Large Pages:                    0            0            0           0M           0M           0M 
[2026-04-03T01:54:41.171+0600][18.850s][info][gc,reloc    ] GC(61) y: Forwarding Usage: 0M
[2026-04-03T01:54:41.171+0600][18.850s][info][gc,reloc    ] GC(61) y: Age Table:
[2026-04-03T01:54:41.171+0600][18.850s][info][gc,reloc    ] GC(61) y:                    Live             Garbage             Small              Medium             Large        
[2026-04-03T01:54:41.171+0600][18.850s][info][gc,reloc    ] GC(61) y: Eden               0M (0%)           89M (18%)         45 / 5              0 / 0              0 / 0        
[2026-04-03T01:54:41.171+0600][18.850s][info][gc,reloc    ] GC(61) y: Survivor 1         0M (0%)            5M (1%)           3 / 1              0 / 0              0 / 0        
[2026-04-03T01:54:41.171+0600][18.850s][info][gc,heap     ] GC(61) y: Min Capacity: 8M(2%)
[2026-04-03T01:54:41.171+0600][18.850s][info][gc,heap     ] GC(61) y: Max Capacity: 500M(100%)
[2026-04-03T01:54:41.171+0600][18.850s][info][gc,heap     ] GC(61) y: Soft Max Capacity: 500M(100%)
[2026-04-03T01:54:41.171+0600][18.850s][info][gc,heap     ] GC(61) y: Heap Statistics:
[2026-04-03T01:54:41.171+0600][18.850s][info][gc,heap     ] GC(61) y:                Mark Start          Mark End        Relocate Start      Relocate End           High               Low         
[2026-04-03T01:54:41.171+0600][18.850s][info][gc,heap     ] GC(61) y:  Capacity:      500M (100%)        500M (100%)        500M (100%)        500M (100%)        500M (100%)        500M (100%)   
[2026-04-03T01:54:41.171+0600][18.850s][info][gc,heap     ] GC(61) y:      Free:      230M (46%)         210M (42%)         280M (56%)         286M (57%)         286M (57%)         200M (40%)    
[2026-04-03T01:54:41.171+0600][18.850s][info][gc,heap     ] GC(61) y:      Used:      270M (54%)         290M (58%)         220M (44%)         214M (43%)         300M (60%)         214M (43%)    
[2026-04-03T01:54:41.171+0600][18.850s][info][gc,heap     ] GC(61) y: Young Generation Statistics:
[2026-04-03T01:54:41.171+0600][18.850s][info][gc,heap     ] GC(61) y:                Mark Start          Mark End        Relocate Start      Relocate End    
[2026-04-03T01:54:41.171+0600][18.850s][info][gc,heap     ] GC(61) y:      Used:       96M (19%)         116M (23%)          46M (9%)           40M (8%)     
[2026-04-03T01:54:41.171+0600][18.850s][info][gc,heap     ] GC(61) y:      Live:         -                 0M (0%)            0M (0%)            0M (0%)     
[2026-04-03T01:54:41.171+0600][18.850s][info][gc,heap     ] GC(61) y:   Garbage:         -                95M (19%)          13M (3%)            0M (0%)     
[2026-04-03T01:54:41.171+0600][18.850s][info][gc,heap     ] GC(61) y: Allocated:         -                20M (4%)           32M (6%)           39M (8%)     
[2026-04-03T01:54:41.171+0600][18.850s][info][gc,heap     ] GC(61) y: Reclaimed:         -                  -                82M (16%)          95M (19%)    
[2026-04-03T01:54:41.171+0600][18.850s][info][gc,heap     ] GC(61) y:  Promoted:         -                  -                 0M (0%)            0M (0%)     
[2026-04-03T01:54:41.171+0600][18.850s][info][gc,heap     ] GC(61) y: Compacted:         -                  -                  -                 0M (0%)     
[2026-04-03T01:54:41.171+0600][18.850s][info][gc,phases   ] GC(61) y: Young Generation 270M(54%)->214M(43%) 0.014s
[2026-04-03T01:54:41.171+0600][18.850s][info][gc          ] GC(61) Minor Collection (Allocation Rate) 270M(54%)->214M(43%) 0.014s
[2026-04-03T01:54:41.171+0600][18.850s][info][gc          ] GC(62) Minor Collection (Allocation Rate)
[2026-04-03T01:54:41.171+0600][18.850s][info][gc,task     ] GC(62) Using 3 Workers for Young Generation
[2026-04-03T01:54:41.171+0600][18.850s][info][gc,phases   ] GC(62) y: Young Generation
[2026-04-03T01:54:41.172+0600][18.850s][info][gc,phases   ] GC(62) y: Pause Mark Start 0.017ms
[2026-04-03T01:54:41.179+0600][18.858s][info][gc,phases   ] GC(62) y: Concurrent Mark 7.451ms
[2026-04-03T01:54:41.179+0600][18.858s][info][gc,phases   ] GC(62) y: Pause Mark End 0.022ms
[2026-04-03T01:54:41.180+0600][18.858s][info][gc,phases   ] GC(62) y: Concurrent Mark Free 0.001ms
[2026-04-03T01:54:41.180+0600][18.858s][info][gc,phases   ] GC(62) y: Concurrent Reset Relocation Set 0.002ms
[2026-04-03T01:54:41.184+0600][18.863s][info][gc,reloc    ] GC(62) y: Using tenuring threshold: 2 (Computed)
[2026-04-03T01:54:41.184+0600][18.863s][info][gc,phases   ] GC(62) y: Concurrent Select Relocation Set 4.549ms
[2026-04-03T01:54:41.184+0600][18.863s][info][gc,phases   ] GC(62) y: Pause Relocate Start 0.044ms
[2026-04-03T01:54:41.185+0600][18.864s][info][gc,phases   ] GC(62) y: Concurrent Relocate 0.135ms
[2026-04-03T01:54:41.185+0600][18.864s][info][gc,alloc    ] GC(62) y:                         Mark Start        Mark End      Relocate Start    Relocate End   
[2026-04-03T01:54:41.185+0600][18.864s][info][gc,alloc    ] GC(62) y: Allocation Stalls:          0                0                0                0         
[2026-04-03T01:54:41.185+0600][18.864s][info][gc,load     ] GC(62) y: Load: 7.90 (66%) / 7.88 (66%) / 7.50 (63%)
[2026-04-03T01:54:41.185+0600][18.864s][info][gc,mmu      ] GC(62) y: MMU: 2ms/93.8%, 5ms/97.5%, 10ms/98.7%, 20ms/99.2%, 50ms/99.5%, 100ms/99.6%
[2026-04-03T01:54:41.185+0600][18.864s][info][gc,marking  ] GC(62) y: Mark: 2 stripe(s), 2 proactive flush(es), 1 terminate flush(es), 0 completion(s), 0 continuation(s) 
[2026-04-03T01:54:41.185+0600][18.864s][info][gc,marking  ] GC(62) y: Mark Stack Usage: 32M
[2026-04-03T01:54:41.185+0600][18.864s][info][gc,nmethod  ] GC(62) y: NMethods: 4974 registered, 74 unregistered
[2026-04-03T01:54:41.185+0600][18.864s][info][gc,metaspace] GC(62) y: Metaspace: 64M used, 65M committed, 1088M reserved
[2026-04-03T01:54:41.185+0600][18.864s][info][gc,reloc    ] GC(62) y:                        Candidates     Selected     In-Place         Size        Empty    Relocated 
[2026-04-03T01:54:41.185+0600][18.864s][info][gc,reloc    ] GC(62) y: Small Pages:                   20            5            0          40M          28M           0M 
[2026-04-03T01:54:41.185+0600][18.864s][info][gc,reloc    ] GC(62) y: Medium Pages:                   0            0            0           0M           0M           0M 
[2026-04-03T01:54:41.185+0600][18.864s][info][gc,reloc    ] GC(62) y: Large Pages:                    0            0            0           0M           0M           0M 
[2026-04-03T01:54:41.185+0600][18.864s][info][gc,reloc    ] GC(62) y: Forwarding Usage: 0M
[2026-04-03T01:54:41.185+0600][18.864s][info][gc,reloc    ] GC(62) y: Age Table:
[2026-04-03T01:54:41.185+0600][18.864s][info][gc,reloc    ] GC(62) y:                    Live             Garbage             Small              Medium             Large        
[2026-04-03T01:54:41.185+0600][18.864s][info][gc,reloc    ] GC(62) y: Eden               0M (0%)           31M (6%)          16 / 3              0 / 0              0 / 0        
[2026-04-03T01:54:41.185+0600][18.864s][info][gc,reloc    ] GC(62) y: Survivor 1         0M (0%)            5M (1%)           3 / 2              0 / 0              0 / 0        
[2026-04-03T01:54:41.185+0600][18.864s][info][gc,reloc    ] GC(62) y: Survivor 2          -                 2M (0%)           1 / 0              0 / 0              0 / 0        
[2026-04-03T01:54:41.185+0600][18.864s][info][gc,heap     ] GC(62) y: Min Capacity: 8M(2%)
[2026-04-03T01:54:41.185+0600][18.864s][info][gc,heap     ] GC(62) y: Max Capacity: 500M(100%)
[2026-04-03T01:54:41.185+0600][18.864s][info][gc,heap     ] GC(62) y: Soft Max Capacity: 500M(100%)
[2026-04-03T01:54:41.185+0600][18.864s][info][gc,heap     ] GC(62) y: Heap Statistics:
[2026-04-03T01:54:41.185+0600][18.864s][info][gc,heap     ] GC(62) y:                Mark Start          Mark End        Relocate Start      Relocate End           High               Low         
[2026-04-03T01:54:41.185+0600][18.864s][info][gc,heap     ] GC(62) y:  Capacity:      500M (100%)        500M (100%)        500M (100%)        500M (100%)        500M (100%)        500M (100%)   
[2026-04-03T01:54:41.185+0600][18.864s][info][gc,heap     ] GC(62) y:      Free:      286M (57%)         266M (53%)         286M (57%)         288M (58%)         288M (58%)         258M (52%)    
[2026-04-03T01:54:41.185+0600][18.864s][info][gc,heap     ] GC(62) y:      Used:      214M (43%)         234M (47%)         214M (43%)         212M (42%)         242M (48%)         212M (42%)    
[2026-04-03T01:54:41.185+0600][18.864s][info][gc,heap     ] GC(62) y: Young Generation Statistics:
[2026-04-03T01:54:41.185+0600][18.864s][info][gc,heap     ] GC(62) y:                Mark Start          Mark End        Relocate Start      Relocate End    
[2026-04-03T01:54:41.185+0600][18.864s][info][gc,heap     ] GC(62) y:      Used:       40M (8%)           60M (12%)          40M (8%)           38M (8%)     
[2026-04-03T01:54:41.185+0600][18.864s][info][gc,heap     ] GC(62) y:      Live:         -                 0M (0%)            0M (0%)            0M (0%)     
[2026-04-03T01:54:41.185+0600][18.864s][info][gc,heap     ] GC(62) y:   Garbage:         -                39M (8%)           11M (2%)            0M (0%)     
[2026-04-03T01:54:41.185+0600][18.864s][info][gc,heap     ] GC(62) y: Allocated:         -                20M (4%)           28M (6%)           37M (8%)     
[2026-04-03T01:54:41.185+0600][18.864s][info][gc,heap     ] GC(62) y: Reclaimed:         -                  -                28M (6%)           39M (8%)     
[2026-04-03T01:54:41.185+0600][18.864s][info][gc,heap     ] GC(62) y:  Promoted:         -                  -                 0M (0%)            0M (0%)     
[2026-04-03T01:54:41.185+0600][18.864s][info][gc,heap     ] GC(62) y: Compacted:         -                  -                  -                 0M (0%)     
[2026-04-03T01:54:41.185+0600][18.864s][info][gc,phases   ] GC(62) y: Young Generation 214M(43%)->212M(42%) 0.013s
[2026-04-03T01:54:41.185+0600][18.864s][info][gc          ] GC(62) Minor Collection (Allocation Rate) 214M(43%)->214M(43%) 0.014s
[2026-04-03T01:54:41.185+0600][18.864s][info][gc          ] GC(63) Major Collection (Allocation Rate)
[2026-04-03T01:54:41.185+0600][18.864s][info][gc,task     ] GC(63) Using 3 Workers for Young Generation
[2026-04-03T01:54:41.185+0600][18.864s][info][gc,task     ] GC(63) Using 1 Workers for Old Generation
[2026-04-03T01:54:41.185+0600][18.864s][info][gc,phases   ] GC(63) Y: Young Generation
[2026-04-03T01:54:41.186+0600][18.864s][info][gc,phases   ] GC(63) Y: Pause Mark Start (Major) 0.017ms
[2026-04-03T01:54:41.193+0600][18.872s][info][gc,phases   ] GC(63) Y: Concurrent Mark 7.358ms
[2026-04-03T01:54:41.193+0600][18.872s][info][gc,phases   ] GC(63) Y: Pause Mark End 0.041ms
[2026-04-03T01:54:41.193+0600][18.872s][info][gc,phases   ] GC(63) Y: Concurrent Mark Free 0.001ms
[2026-04-03T01:54:41.193+0600][18.872s][info][gc,phases   ] GC(63) Y: Concurrent Reset Relocation Set 0.002ms
[2026-04-03T01:54:41.197+0600][18.875s][info][gc,reloc    ] GC(63) Y: Using tenuring threshold: 3 (Computed)
[2026-04-03T01:54:41.197+0600][18.876s][info][gc,phases   ] GC(63) Y: Concurrent Select Relocation Set 3.361ms
[2026-04-03T01:54:41.197+0600][18.876s][info][gc,phases   ] GC(63) Y: Pause Relocate Start 0.044ms
[2026-04-03T01:54:41.197+0600][18.876s][info][gc,phases   ] GC(63) Y: Concurrent Relocate 0.137ms
[2026-04-03T01:54:41.197+0600][18.876s][info][gc,alloc    ] GC(63) Y:                         Mark Start        Mark End      Relocate Start    Relocate End   
[2026-04-03T01:54:41.197+0600][18.876s][info][gc,alloc    ] GC(63) Y: Allocation Stalls:          0                0                0                0         
[2026-04-03T01:54:41.197+0600][18.876s][info][gc,load     ] GC(63) Y: Load: 7.90 (66%) / 7.88 (66%) / 7.50 (63%)
[2026-04-03T01:54:41.197+0600][18.876s][info][gc,mmu      ] GC(63) Y: MMU: 2ms/93.8%, 5ms/97.5%, 10ms/98.7%, 20ms/99.2%, 50ms/99.5%, 100ms/99.6%
[2026-04-03T01:54:41.197+0600][18.876s][info][gc,marking  ] GC(63) Y: Mark: 2 stripe(s), 2 proactive flush(es), 1 terminate flush(es), 0 completion(s), 0 continuation(s) 
[2026-04-03T01:54:41.197+0600][18.876s][info][gc,marking  ] GC(63) Y: Mark Stack Usage: 32M
[2026-04-03T01:54:41.197+0600][18.876s][info][gc,nmethod  ] GC(63) Y: NMethods: 4974 registered, 74 unregistered
[2026-04-03T01:54:41.197+0600][18.876s][info][gc,metaspace] GC(63) Y: Metaspace: 64M used, 65M committed, 1088M reserved
[2026-04-03T01:54:41.197+0600][18.876s][info][gc,reloc    ] GC(63) Y:                        Candidates     Selected     In-Place         Size        Empty    Relocated 
[2026-04-03T01:54:41.197+0600][18.876s][info][gc,reloc    ] GC(63) Y: Small Pages:                   21            6            0          42M          28M           0M 
[2026-04-03T01:54:41.197+0600][18.876s][info][gc,reloc    ] GC(63) Y: Medium Pages:                   0            0            0           0M           0M           0M 
[2026-04-03T01:54:41.197+0600][18.876s][info][gc,reloc    ] GC(63) Y: Large Pages:                    0            0            0           0M           0M           0M 
[2026-04-03T01:54:41.197+0600][18.876s][info][gc,reloc    ] GC(63) Y: Forwarding Usage: 0M
[2026-04-03T01:54:41.197+0600][18.876s][info][gc,reloc    ] GC(63) Y: Age Table:
[2026-04-03T01:54:41.197+0600][18.876s][info][gc,reloc    ] GC(63) Y:                    Live             Garbage             Small              Medium             Large        
[2026-04-03T01:54:41.197+0600][18.876s][info][gc,reloc    ] GC(63) Y: Eden               0M (0%)           31M (6%)          16 / 3              0 / 0              0 / 0        
[2026-04-03T01:54:41.198+0600][18.876s][info][gc,reloc    ] GC(63) Y: Survivor 1         0M (0%)            5M (1%)           3 / 2              0 / 0              0 / 0        
[2026-04-03T01:54:41.198+0600][18.876s][info][gc,reloc    ] GC(63) Y: Survivor 2         0M (0%)            3M (1%)           2 / 1              0 / 0              0 / 0        
[2026-04-03T01:54:41.198+0600][18.876s][info][gc,heap     ] GC(63) Y: Min Capacity: 8M(2%)
[2026-04-03T01:54:41.198+0600][18.876s][info][gc,heap     ] GC(63) Y: Max Capacity: 500M(100%)
[2026-04-03T01:54:41.198+0600][18.876s][info][gc,heap     ] GC(63) Y: Soft Max Capacity: 500M(100%)
[2026-04-03T01:54:41.198+0600][18.876s][info][gc,heap     ] GC(63) Y: Heap Statistics:
[2026-04-03T01:54:41.198+0600][18.876s][info][gc,heap     ] GC(63) Y:                Mark Start          Mark End        Relocate Start      Relocate End           High               Low         
[2026-04-03T01:54:41.198+0600][18.876s][info][gc,heap     ] GC(63) Y:  Capacity:      500M (100%)        500M (100%)        500M (100%)        500M (100%)        500M (100%)        500M (100%)   
[2026-04-03T01:54:41.198+0600][18.876s][info][gc,heap     ] GC(63) Y:      Free:      284M (57%)         264M (53%)         284M (57%)         286M (57%)         286M (57%)         256M (51%)    
[2026-04-03T01:54:41.198+0600][18.876s][info][gc,heap     ] GC(63) Y:      Used:      216M (43%)         236M (47%)         216M (43%)         214M (43%)         244M (49%)         214M (43%)    
[2026-04-03T01:54:41.198+0600][18.876s][info][gc,heap     ] GC(63) Y: Young Generation Statistics:
[2026-04-03T01:54:41.198+0600][18.876s][info][gc,heap     ] GC(63) Y:                Mark Start          Mark End        Relocate Start      Relocate End    
[2026-04-03T01:54:41.198+0600][18.876s][info][gc,heap     ] GC(63) Y:      Used:       42M (8%)           62M (12%)          42M (8%)           40M (8%)     
[2026-04-03T01:54:41.198+0600][18.876s][info][gc,heap     ] GC(63) Y:      Live:         -                 0M (0%)            0M (0%)            0M (0%)     
[2026-04-03T01:54:41.198+0600][18.876s][info][gc,heap     ] GC(63) Y:   Garbage:         -                41M (8%)           13M (3%)            0M (0%)     
[2026-04-03T01:54:41.198+0600][18.876s][info][gc,heap     ] GC(63) Y: Allocated:         -                20M (4%)           28M (6%)           39M (8%)     
[2026-04-03T01:54:41.198+0600][18.876s][info][gc,heap     ] GC(63) Y: Reclaimed:         -                  -                28M (6%)           41M (8%)     
[2026-04-03T01:54:41.198+0600][18.876s][info][gc,heap     ] GC(63) Y:  Promoted:         -                  -                 0M (0%)            0M (0%)     
[2026-04-03T01:54:41.198+0600][18.876s][info][gc,heap     ] GC(63) Y: Compacted:         -                  -                  -                 0M (0%)     
[2026-04-03T01:54:41.198+0600][18.876s][info][gc,phases   ] GC(63) Y: Young Generation 216M(43%)->214M(43%) 0.012s
[2026-04-03T01:54:41.198+0600][18.877s][info][gc,phases   ] GC(63) O: Old Generation
[2026-04-03T01:54:41.234+0600][18.912s][info][gc          ] GC(64) Minor Collection (Allocation Rate)
[2026-04-03T01:54:41.234+0600][18.913s][info][gc,task     ] GC(64) Using 2 Workers for Young Generation
[2026-04-03T01:54:41.234+0600][18.913s][info][gc,phases   ] GC(64) y: Young Generation
[2026-04-03T01:54:41.234+0600][18.913s][info][gc,phases   ] GC(64) y: Pause Mark Start 0.020ms
[2026-04-03T01:54:41.241+0600][18.920s][info][gc,phases   ] GC(64) y: Concurrent Mark 7.170ms
[2026-04-03T01:54:41.241+0600][18.920s][info][gc,phases   ] GC(64) y: Pause Mark End 0.020ms
[2026-04-03T01:54:41.242+0600][18.920s][info][gc,phases   ] GC(64) y: Concurrent Mark Free 0.004ms
[2026-04-03T01:54:41.242+0600][18.921s][info][gc,phases   ] GC(64) y: Concurrent Reset Relocation Set 0.002ms
[2026-04-03T01:54:41.243+0600][18.922s][info][gc,reloc    ] GC(64) y: Using tenuring threshold: 4 (Computed)
[2026-04-03T01:54:41.243+0600][18.922s][info][gc,phases   ] GC(64) y: Concurrent Select Relocation Set 1.738ms
[2026-04-03T01:54:41.244+0600][18.922s][info][gc,phases   ] GC(64) y: Pause Relocate Start 0.020ms
[2026-04-03T01:54:41.244+0600][18.923s][info][gc,phases   ] GC(64) y: Concurrent Relocate 0.122ms
[2026-04-03T01:54:41.244+0600][18.923s][info][gc,alloc    ] GC(64) y:                         Mark Start        Mark End      Relocate Start    Relocate End   
[2026-04-03T01:54:41.244+0600][18.923s][info][gc,alloc    ] GC(64) y: Allocation Stalls:          0                0                0                0         
[2026-04-03T01:54:41.244+0600][18.923s][info][gc,load     ] GC(64) y: Load: 7.90 (66%) / 7.88 (66%) / 7.50 (63%)
[2026-04-03T01:54:41.244+0600][18.923s][info][gc,mmu      ] GC(64) y: MMU: 2ms/93.8%, 5ms/97.5%, 10ms/98.7%, 20ms/99.2%, 50ms/99.5%, 100ms/99.6%
[2026-04-03T01:54:41.244+0600][18.923s][info][gc,marking  ] GC(64) y: Mark: 2 stripe(s), 2 proactive flush(es), 1 terminate flush(es), 0 completion(s), 0 continuation(s) 
[2026-04-03T01:54:41.244+0600][18.923s][info][gc,marking  ] GC(64) y: Mark Stack Usage: 32M
[2026-04-03T01:54:41.244+0600][18.923s][info][gc,nmethod  ] GC(64) y: NMethods: 4974 registered, 74 unregistered
[2026-04-03T01:54:41.244+0600][18.923s][info][gc,metaspace] GC(64) y: Metaspace: 64M used, 65M committed, 1088M reserved
[2026-04-03T01:54:41.244+0600][18.923s][info][gc,reloc    ] GC(64) y:                        Candidates     Selected     In-Place         Size        Empty    Relocated 
[2026-04-03T01:54:41.244+0600][18.923s][info][gc,reloc    ] GC(64) y: Small Pages:                   66           12            0         132M         106M           0M 
[2026-04-03T01:54:41.244+0600][18.923s][info][gc,reloc    ] GC(64) y: Medium Pages:                   0            0            0           0M           0M           0M 
[2026-04-03T01:54:41.244+0600][18.923s][info][gc,reloc    ] GC(64) y: Large Pages:                    0            0            0           0M           0M           0M 
[2026-04-03T01:54:41.244+0600][18.923s][info][gc,reloc    ] GC(64) y: Forwarding Usage: 0M
[2026-04-03T01:54:41.244+0600][18.923s][info][gc,reloc    ] GC(64) y: Age Table:
[2026-04-03T01:54:41.244+0600][18.923s][info][gc,reloc    ] GC(64) y:                    Live             Garbage             Small              Medium             Large        
[2026-04-03T01:54:41.244+0600][18.923s][info][gc,reloc    ] GC(64) y: Eden               0M (0%)          119M (24%)         60 / 9              0 / 0              0 / 0        
[2026-04-03T01:54:41.244+0600][18.923s][info][gc,reloc    ] GC(64) y: Survivor 1         0M (0%)            3M (1%)           2 / 1              0 / 0              0 / 0        
[2026-04-03T01:54:41.244+0600][18.923s][info][gc,reloc    ] GC(64) y: Survivor 2         0M (0%)            3M (1%)           2 / 1              0 / 0              0 / 0        
[2026-04-03T01:54:41.244+0600][18.923s][info][gc,reloc    ] GC(64) y: Survivor 3         0M (0%)            3M (1%)           2 / 1              0 / 0              0 / 0        
[2026-04-03T01:54:41.244+0600][18.923s][info][gc,heap     ] GC(64) y: Min Capacity: 8M(2%)
[2026-04-03T01:54:41.244+0600][18.923s][info][gc,heap     ] GC(64) y: Max Capacity: 500M(100%)
[2026-04-03T01:54:41.244+0600][18.923s][info][gc,heap     ] GC(64) y: Soft Max Capacity: 500M(100%)
[2026-04-03T01:54:41.244+0600][18.923s][info][gc,heap     ] GC(64) y: Heap Statistics:
[2026-04-03T01:54:41.244+0600][18.923s][info][gc,heap     ] GC(64) y:                Mark Start          Mark End        Relocate Start      Relocate End           High               Low         
[2026-04-03T01:54:41.244+0600][18.923s][info][gc,heap     ] GC(64) y:  Capacity:      500M (100%)        500M (100%)        500M (100%)        500M (100%)        500M (100%)        500M (100%)   
[2026-04-03T01:54:41.244+0600][18.923s][info][gc,heap     ] GC(64) y:      Free:      194M (39%)         174M (35%)         274M (55%)         288M (58%)         288M (58%)         170M (34%)    
[2026-04-03T01:54:41.244+0600][18.923s][info][gc,heap     ] GC(64) y:      Used:      306M (61%)         326M (65%)         226M (45%)         212M (42%)         330M (66%)         212M (42%)    
[2026-04-03T01:54:41.244+0600][18.923s][info][gc,heap     ] GC(64) y: Young Generation Statistics:
[2026-04-03T01:54:41.244+0600][18.923s][info][gc,heap     ] GC(64) y:                Mark Start          Mark End        Relocate Start      Relocate End    
[2026-04-03T01:54:41.244+0600][18.923s][info][gc,heap     ] GC(64) y:      Used:      132M (26%)         152M (30%)          52M (10%)          38M (8%)     
[2026-04-03T01:54:41.244+0600][18.923s][info][gc,heap     ] GC(64) y:      Live:         -                 0M (0%)            0M (0%)            0M (0%)     
[2026-04-03T01:54:41.244+0600][18.923s][info][gc,heap     ] GC(64) y:   Garbage:         -               131M (26%)          25M (5%)            0M (0%)     
[2026-04-03T01:54:41.244+0600][18.923s][info][gc,heap     ] GC(64) y: Allocated:         -                20M (4%)           26M (5%)           37M (8%)     
[2026-04-03T01:54:41.244+0600][18.923s][info][gc,heap     ] GC(64) y: Reclaimed:         -                  -               106M (21%)         131M (26%)    
[2026-04-03T01:54:41.244+0600][18.923s][info][gc,heap     ] GC(64) y:  Promoted:         -                  -                 0M (0%)            0M (0%)     
[2026-04-03T01:54:41.244+0600][18.923s][info][gc,heap     ] GC(64) y: Compacted:         -                  -                  -                 0M (0%)     
[2026-04-03T01:54:41.244+0600][18.923s][info][gc,phases   ] GC(64) y: Young Generation 306M(61%)->212M(42%) 0.010s
[2026-04-03T01:54:41.244+0600][18.923s][info][gc          ] GC(64) Minor Collection (Allocation Rate) 306M(61%)->212M(42%) 0.010s
[2026-04-03T01:54:41.272+0600][18.951s][info][gc          ] GC(65) Minor Collection (Allocation Rate)
[2026-04-03T01:54:41.272+0600][18.951s][info][gc,task     ] GC(65) Using 2 Workers for Young Generation
[2026-04-03T01:54:41.272+0600][18.951s][info][gc,phases   ] GC(65) y: Young Generation
[2026-04-03T01:54:41.272+0600][18.951s][info][gc,phases   ] GC(65) y: Pause Mark Start 0.020ms
[2026-04-03T01:54:41.280+0600][18.959s][info][gc,phases   ] GC(65) y: Concurrent Mark 7.551ms
[2026-04-03T01:54:41.280+0600][18.959s][info][gc,phases   ] GC(65) y: Pause Mark End 0.019ms
[2026-04-03T01:54:41.280+0600][18.959s][info][gc,phases   ] GC(65) y: Concurrent Mark Free 0.002ms
[2026-04-03T01:54:41.280+0600][18.959s][info][gc,phases   ] GC(65) y: Concurrent Reset Relocation Set 0.003ms
[2026-04-03T01:54:41.282+0600][18.961s][info][gc,reloc    ] GC(65) y: Using tenuring threshold: 5 (Computed)
[2026-04-03T01:54:41.282+0600][18.961s][info][gc,phases   ] GC(65) y: Concurrent Select Relocation Set 1.652ms
[2026-04-03T01:54:41.282+0600][18.961s][info][gc,phases   ] GC(65) y: Pause Relocate Start 0.016ms
[2026-04-03T01:54:41.282+0600][18.961s][info][gc,phases   ] GC(65) y: Concurrent Relocate 0.207ms
[2026-04-03T01:54:41.282+0600][18.961s][info][gc,alloc    ] GC(65) y:                         Mark Start        Mark End      Relocate Start    Relocate End   
[2026-04-03T01:54:41.282+0600][18.961s][info][gc,alloc    ] GC(65) y: Allocation Stalls:          0                0                0                0         
[2026-04-03T01:54:41.282+0600][18.961s][info][gc,load     ] GC(65) y: Load: 7.90 (66%) / 7.88 (66%) / 7.50 (63%)
[2026-04-03T01:54:41.282+0600][18.961s][info][gc,mmu      ] GC(65) y: MMU: 2ms/93.8%, 5ms/97.5%, 10ms/98.7%, 20ms/99.2%, 50ms/99.5%, 100ms/99.6%
[2026-04-03T01:54:41.282+0600][18.961s][info][gc,marking  ] GC(65) y: Mark: 2 stripe(s), 2 proactive flush(es), 1 terminate flush(es), 0 completion(s), 0 continuation(s) 
[2026-04-03T01:54:41.282+0600][18.961s][info][gc,marking  ] GC(65) y: Mark Stack Usage: 32M
[2026-04-03T01:54:41.282+0600][18.961s][info][gc,nmethod  ] GC(65) y: NMethods: 4975 registered, 74 unregistered
[2026-04-03T01:54:41.283+0600][18.961s][info][gc,metaspace] GC(65) y: Metaspace: 64M used, 65M committed, 1088M reserved
[2026-04-03T01:54:41.283+0600][18.961s][info][gc,reloc    ] GC(65) y:                        Candidates     Selected     In-Place         Size        Empty    Relocated 
[2026-04-03T01:54:41.283+0600][18.961s][info][gc,reloc    ] GC(65) y: Small Pages:                   58           12            0         116M          90M           0M 
[2026-04-03T01:54:41.283+0600][18.961s][info][gc,reloc    ] GC(65) y: Medium Pages:                   0            0            0           0M           0M           0M 
[2026-04-03T01:54:41.283+0600][18.961s][info][gc,reloc    ] GC(65) y: Large Pages:                    0            0            0           0M           0M           0M 
[2026-04-03T01:54:41.283+0600][18.961s][info][gc,reloc    ] GC(65) y: Forwarding Usage: 0M
[2026-04-03T01:54:41.283+0600][18.961s][info][gc,reloc    ] GC(65) y: Age Table:
[2026-04-03T01:54:41.283+0600][18.961s][info][gc,reloc    ] GC(65) y:                    Live             Garbage             Small              Medium             Large        
[2026-04-03T01:54:41.283+0600][18.961s][info][gc,reloc    ] GC(65) y: Eden               0M (0%)          103M (21%)         52 / 9              0 / 0              0 / 0        
[2026-04-03T01:54:41.283+0600][18.961s][info][gc,reloc    ] GC(65) y: Survivor 1         0M (0%)            5M (1%)           3 / 2              0 / 0              0 / 0        
[2026-04-03T01:54:41.283+0600][18.961s][info][gc,reloc    ] GC(65) y: Survivor 2          -                 2M (0%)           1 / 0              0 / 0              0 / 0        
[2026-04-03T01:54:41.283+0600][18.961s][info][gc,reloc    ] GC(65) y: Survivor 3          -                 2M (0%)           1 / 0              0 / 0              0 / 0        
[2026-04-03T01:54:41.283+0600][18.961s][info][gc,reloc    ] GC(65) y: Survivor 4         0M (0%)            1M (0%)           1 / 1              0 / 0              0 / 0        
[2026-04-03T01:54:41.283+0600][18.961s][info][gc,heap     ] GC(65) y: Min Capacity: 8M(2%)
[2026-04-03T01:54:41.283+0600][18.961s][info][gc,heap     ] GC(65) y: Max Capacity: 500M(100%)
[2026-04-03T01:54:41.283+0600][18.961s][info][gc,heap     ] GC(65) y: Soft Max Capacity: 500M(100%)
[2026-04-03T01:54:41.283+0600][18.961s][info][gc,heap     ] GC(65) y: Heap Statistics:
[2026-04-03T01:54:41.283+0600][18.961s][info][gc,heap     ] GC(65) y:                Mark Start          Mark End        Relocate Start      Relocate End           High               Low         
[2026-04-03T01:54:41.283+0600][18.961s][info][gc,heap     ] GC(65) y:  Capacity:      500M (100%)        500M (100%)        500M (100%)        500M (100%)        500M (100%)        500M (100%)   
[2026-04-03T01:54:41.283+0600][18.961s][info][gc,heap     ] GC(65) y:      Free:      210M (42%)         188M (38%)         274M (55%)         288M (58%)         288M (58%)         184M (37%)    
[2026-04-03T01:54:41.283+0600][18.961s][info][gc,heap     ] GC(65) y:      Used:      290M (58%)         312M (62%)         226M (45%)         212M (42%)         316M (63%)         212M (42%)    
[2026-04-03T01:54:41.283+0600][18.961s][info][gc,heap     ] GC(65) y: Young Generation Statistics:
[2026-04-03T01:54:41.283+0600][18.961s][info][gc,heap     ] GC(65) y:                Mark Start          Mark End        Relocate Start      Relocate End    
[2026-04-03T01:54:41.283+0600][18.961s][info][gc,heap     ] GC(65) y:      Used:      116M (23%)         138M (28%)          52M (10%)          38M (8%)     
[2026-04-03T01:54:41.283+0600][18.962s][info][gc,heap     ] GC(65) y:      Live:         -                 0M (0%)            0M (0%)            0M (0%)     
[2026-04-03T01:54:41.283+0600][18.962s][info][gc,heap     ] GC(65) y:   Garbage:         -               115M (23%)          25M (5%)            0M (0%)     
[2026-04-03T01:54:41.283+0600][18.962s][info][gc,heap     ] GC(65) y: Allocated:         -                22M (4%)           26M (5%)           37M (8%)     
[2026-04-03T01:54:41.283+0600][18.962s][info][gc,heap     ] GC(65) y: Reclaimed:         -                  -                90M (18%)         115M (23%)    
[2026-04-03T01:54:41.283+0600][18.962s][info][gc,heap     ] GC(65) y:  Promoted:         -                  -                 0M (0%)            0M (0%)     
[2026-04-03T01:54:41.283+0600][18.962s][info][gc,heap     ] GC(65) y: Compacted:         -                  -                  -                 0M (0%)     
[2026-04-03T01:54:41.283+0600][18.962s][info][gc,phases   ] GC(65) y: Young Generation 290M(58%)->212M(42%) 0.010s
[2026-04-03T01:54:41.283+0600][18.962s][info][gc          ] GC(65) Minor Collection (Allocation Rate) 290M(58%)->212M(42%) 0.011s
[2026-04-03T01:54:41.326+0600][19.005s][info][gc          ] GC(66) Minor Collection (Allocation Rate)
[2026-04-03T01:54:41.326+0600][19.005s][info][gc,task     ] GC(66) Using 2 Workers for Young Generation
[2026-04-03T01:54:41.326+0600][19.005s][info][gc,phases   ] GC(66) y: Young Generation
[2026-04-03T01:54:41.326+0600][19.005s][info][gc,phases   ] GC(66) y: Pause Mark Start 0.021ms
[2026-04-03T01:54:41.334+0600][19.013s][info][gc,phases   ] GC(66) y: Concurrent Mark 7.513ms
[2026-04-03T01:54:41.334+0600][19.013s][info][gc,phases   ] GC(66) y: Pause Mark End 0.019ms
[2026-04-03T01:54:41.334+0600][19.013s][info][gc,phases   ] GC(66) y: Concurrent Mark Free 0.002ms
[2026-04-03T01:54:41.335+0600][19.013s][info][gc,phases   ] GC(66) y: Concurrent Reset Relocation Set 0.002ms
[2026-04-03T01:54:41.336+0600][19.015s][info][gc,reloc    ] GC(66) y: Using tenuring threshold: 3 (Computed)
[2026-04-03T01:54:41.336+0600][19.015s][info][gc,phases   ] GC(66) y: Concurrent Select Relocation Set 1.503ms
[2026-04-03T01:54:41.336+0600][19.015s][info][gc,phases   ] GC(66) y: Pause Relocate Start 0.012ms
[2026-04-03T01:54:41.336+0600][19.015s][info][gc,phases   ] GC(66) y: Concurrent Relocate 0.096ms
[2026-04-03T01:54:41.336+0600][19.015s][info][gc,alloc    ] GC(66) y:                         Mark Start        Mark End      Relocate Start    Relocate End   
[2026-04-03T01:54:41.336+0600][19.015s][info][gc,alloc    ] GC(66) y: Allocation Stalls:          0                0                0                0         
[2026-04-03T01:54:41.336+0600][19.015s][info][gc,load     ] GC(66) y: Load: 7.90 (66%) / 7.88 (66%) / 7.50 (63%)
[2026-04-03T01:54:41.336+0600][19.015s][info][gc,mmu      ] GC(66) y: MMU: 2ms/93.8%, 5ms/97.5%, 10ms/98.7%, 20ms/99.2%, 50ms/99.5%, 100ms/99.6%
[2026-04-03T01:54:41.336+0600][19.015s][info][gc,marking  ] GC(66) y: Mark: 2 stripe(s), 2 proactive flush(es), 1 terminate flush(es), 0 completion(s), 0 continuation(s) 
[2026-04-03T01:54:41.336+0600][19.015s][info][gc,marking  ] GC(66) y: Mark Stack Usage: 32M
[2026-04-03T01:54:41.336+0600][19.015s][info][gc,nmethod  ] GC(66) y: NMethods: 4975 registered, 74 unregistered
[2026-04-03T01:54:41.336+0600][19.015s][info][gc,metaspace] GC(66) y: Metaspace: 64M used, 65M committed, 1088M reserved
[2026-04-03T01:54:41.336+0600][19.015s][info][gc,reloc    ] GC(66) y:                        Candidates     Selected     In-Place         Size        Empty    Relocated 
[2026-04-03T01:54:41.336+0600][19.015s][info][gc,reloc    ] GC(66) y: Small Pages:                   77           10            0         154M         132M           0M 
[2026-04-03T01:54:41.336+0600][19.015s][info][gc,reloc    ] GC(66) y: Medium Pages:                   0            0            0           0M           0M           0M 
[2026-04-03T01:54:41.336+0600][19.015s][info][gc,reloc    ] GC(66) y: Large Pages:                    0            0            0           0M           0M           0M 
[2026-04-03T01:54:41.336+0600][19.015s][info][gc,reloc    ] GC(66) y: Forwarding Usage: 0M
[2026-04-03T01:54:41.336+0600][19.015s][info][gc,reloc    ] GC(66) y: Age Table:
[2026-04-03T01:54:41.336+0600][19.015s][info][gc,reloc    ] GC(66) y:                    Live             Garbage             Small              Medium             Large        
[2026-04-03T01:54:41.336+0600][19.015s][info][gc,reloc    ] GC(66) y: Eden               0M (0%)          143M (29%)         72 / 6              0 / 0              0 / 0        
[2026-04-03T01:54:41.337+0600][19.015s][info][gc,reloc    ] GC(66) y: Survivor 1         0M (0%)            5M (1%)           3 / 3              0 / 0              0 / 0        
[2026-04-03T01:54:41.337+0600][19.015s][info][gc,reloc    ] GC(66) y: Survivor 2         0M (0%)            1M (0%)           1 / 1              0 / 0              0 / 0        
[2026-04-03T01:54:41.337+0600][19.015s][info][gc,reloc    ] GC(66) y: Survivor 3          -                 0M (0%)           0 / 0              0 / 0              0 / 0        
[2026-04-03T01:54:41.337+0600][19.015s][info][gc,reloc    ] GC(66) y: Survivor 4          -                 0M (0%)           0 / 0              0 / 0              0 / 0        
[2026-04-03T01:54:41.337+0600][19.015s][info][gc,reloc    ] GC(66) y: Survivor 5          -                 2M (0%)           1 / 0              0 / 0              0 / 0        
[2026-04-03T01:54:41.337+0600][19.015s][info][gc,heap     ] GC(66) y: Min Capacity: 8M(2%)
[2026-04-03T01:54:41.337+0600][19.015s][info][gc,heap     ] GC(66) y: Max Capacity: 500M(100%)
[2026-04-03T01:54:41.337+0600][19.015s][info][gc,heap     ] GC(66) y: Soft Max Capacity: 500M(100%)
[2026-04-03T01:54:41.337+0600][19.015s][info][gc,heap     ] GC(66) y: Heap Statistics:
[2026-04-03T01:54:41.337+0600][19.015s][info][gc,heap     ] GC(66) y:                Mark Start          Mark End        Relocate Start      Relocate End           High               Low         
[2026-04-03T01:54:41.337+0600][19.015s][info][gc,heap     ] GC(66) y:  Capacity:      500M (100%)        500M (100%)        500M (100%)        500M (100%)        500M (100%)        500M (100%)   
[2026-04-03T01:54:41.337+0600][19.015s][info][gc,heap     ] GC(66) y:      Free:      172M (34%)         150M (30%)         278M (56%)         294M (59%)         294M (59%)         150M (30%)    
[2026-04-03T01:54:41.337+0600][19.015s][info][gc,heap     ] GC(66) y:      Used:      328M (66%)         350M (70%)         222M (44%)         206M (41%)         350M (70%)         206M (41%)    
[2026-04-03T01:54:41.337+0600][19.015s][info][gc,heap     ] GC(66) y: Young Generation Statistics:
[2026-04-03T01:54:41.337+0600][19.015s][info][gc,heap     ] GC(66) y:                Mark Start          Mark End        Relocate Start      Relocate End    
[2026-04-03T01:54:41.337+0600][19.015s][info][gc,heap     ] GC(66) y:      Used:      154M (31%)         176M (35%)          48M (10%)          32M (6%)     
[2026-04-03T01:54:41.337+0600][19.015s][info][gc,heap     ] GC(66) y:      Live:         -                 0M (0%)            0M (0%)            0M (0%)     
[2026-04-03T01:54:41.337+0600][19.015s][info][gc,heap     ] GC(66) y:   Garbage:         -               153M (31%)          21M (4%)            0M (0%)     
[2026-04-03T01:54:41.337+0600][19.015s][info][gc,heap     ] GC(66) y: Allocated:         -                22M (4%)           26M (5%)           31M (6%)     
[2026-04-03T01:54:41.337+0600][19.015s][info][gc,heap     ] GC(66) y: Reclaimed:         -                  -               132M (26%)         153M (31%)    
[2026-04-03T01:54:41.337+0600][19.015s][info][gc,heap     ] GC(66) y:  Promoted:         -                  -                 0M (0%)            0M (0%)     
[2026-04-03T01:54:41.337+0600][19.015s][info][gc,heap     ] GC(66) y: Compacted:         -                  -                  -                 0M (0%)     
[2026-04-03T01:54:41.337+0600][19.015s][info][gc,phases   ] GC(66) y: Young Generation 328M(66%)->206M(41%) 0.010s
[2026-04-03T01:54:41.337+0600][19.015s][info][gc          ] GC(66) Minor Collection (Allocation Rate) 328M(66%)->206M(41%) 0.010s
[2026-04-03T01:54:41.397+0600][19.075s][info][gc          ] GC(67) Minor Collection (Allocation Rate)
[2026-04-03T01:54:41.397+0600][19.076s][info][gc,task     ] GC(67) Using 2 Workers for Young Generation
[2026-04-03T01:54:41.397+0600][19.076s][info][gc,phases   ] GC(67) y: Young Generation
[2026-04-03T01:54:41.397+0600][19.076s][info][gc,phases   ] GC(67) y: Pause Mark Start 0.021ms
[2026-04-03T01:54:41.404+0600][19.083s][info][gc,phases   ] GC(67) y: Concurrent Mark 6.910ms
[2026-04-03T01:54:41.404+0600][19.083s][info][gc,phases   ] GC(67) y: Pause Mark End 0.034ms
[2026-04-03T01:54:41.404+0600][19.083s][info][gc,phases   ] GC(67) y: Concurrent Mark Free 0.004ms
[2026-04-03T01:54:41.404+0600][19.083s][info][gc,phases   ] GC(67) y: Concurrent Reset Relocation Set 0.003ms
[2026-04-03T01:54:41.406+0600][19.085s][info][gc,reloc    ] GC(67) y: Using tenuring threshold: 3 (Computed)
[2026-04-03T01:54:41.406+0600][19.085s][info][gc,phases   ] GC(67) y: Concurrent Select Relocation Set 1.564ms
[2026-04-03T01:54:41.406+0600][19.085s][info][gc,phases   ] GC(67) y: Pause Relocate Start 0.045ms
[2026-04-03T01:54:41.407+0600][19.085s][info][gc,phases   ] GC(67) y: Concurrent Relocate 0.130ms
[2026-04-03T01:54:41.407+0600][19.085s][info][gc,alloc    ] GC(67) y:                         Mark Start        Mark End      Relocate Start    Relocate End   
[2026-04-03T01:54:41.407+0600][19.085s][info][gc,alloc    ] GC(67) y: Allocation Stalls:          0                0                0                0         
[2026-04-03T01:54:41.407+0600][19.086s][info][gc,load     ] GC(67) y: Load: 7.90 (66%) / 7.88 (66%) / 7.50 (63%)
[2026-04-03T01:54:41.407+0600][19.086s][info][gc,mmu      ] GC(67) y: MMU: 2ms/93.8%, 5ms/97.5%, 10ms/98.7%, 20ms/99.2%, 50ms/99.5%, 100ms/99.6%
[2026-04-03T01:54:41.407+0600][19.086s][info][gc,marking  ] GC(67) y: Mark: 2 stripe(s), 2 proactive flush(es), 1 terminate flush(es), 0 completion(s), 0 continuation(s) 
[2026-04-03T01:54:41.407+0600][19.086s][info][gc,marking  ] GC(67) y: Mark Stack Usage: 32M
[2026-04-03T01:54:41.407+0600][19.086s][info][gc,nmethod  ] GC(67) y: NMethods: 4975 registered, 74 unregistered
[2026-04-03T01:54:41.407+0600][19.086s][info][gc,metaspace] GC(67) y: Metaspace: 64M used, 65M committed, 1088M reserved
[2026-04-03T01:54:41.407+0600][19.086s][info][gc,reloc    ] GC(67) y:                        Candidates     Selected     In-Place         Size        Empty    Relocated 
[2026-04-03T01:54:41.407+0600][19.086s][info][gc,reloc    ] GC(67) y: Small Pages:                  100           10            0         200M         178M           0M 
[2026-04-03T01:54:41.407+0600][19.086s][info][gc,reloc    ] GC(67) y: Medium Pages:                   0            0            0           0M           0M           0M 
[2026-04-03T01:54:41.407+0600][19.086s][info][gc,reloc    ] GC(67) y: Large Pages:                    0            0            0           0M           0M           0M 
[2026-04-03T01:54:41.407+0600][19.086s][info][gc,reloc    ] GC(67) y: Forwarding Usage: 0M
[2026-04-03T01:54:41.407+0600][19.086s][info][gc,reloc    ] GC(67) y: Age Table:
[2026-04-03T01:54:41.407+0600][19.086s][info][gc,reloc    ] GC(67) y:                    Live             Garbage             Small              Medium             Large        
[2026-04-03T01:54:41.407+0600][19.086s][info][gc,reloc    ] GC(67) y: Eden               0M (0%)          193M (39%)         97 / 8              0 / 0              0 / 0        
[2026-04-03T01:54:41.407+0600][19.086s][info][gc,reloc    ] GC(67) y: Survivor 1         0M (0%)            1M (0%)           1 / 1              0 / 0              0 / 0        
[2026-04-03T01:54:41.407+0600][19.086s][info][gc,reloc    ] GC(67) y: Survivor 2         0M (0%)            1M (0%)           1 / 1              0 / 0              0 / 0        
[2026-04-03T01:54:41.407+0600][19.086s][info][gc,reloc    ] GC(67) y: Survivor 3          -                 2M (0%)           1 / 0              0 / 0              0 / 0        
[2026-04-03T01:54:41.407+0600][19.086s][info][gc,heap     ] GC(67) y: Min Capacity: 8M(2%)
[2026-04-03T01:54:41.407+0600][19.086s][info][gc,heap     ] GC(67) y: Max Capacity: 500M(100%)
[2026-04-03T01:54:41.407+0600][19.086s][info][gc,heap     ] GC(67) y: Soft Max Capacity: 500M(100%)
[2026-04-03T01:54:41.407+0600][19.086s][info][gc,heap     ] GC(67) y: Heap Statistics:
[2026-04-03T01:54:41.407+0600][19.086s][info][gc,heap     ] GC(67) y:                Mark Start          Mark End        Relocate Start      Relocate End           High               Low         
[2026-04-03T01:54:41.407+0600][19.086s][info][gc,heap     ] GC(67) y:  Capacity:      500M (100%)        500M (100%)        500M (100%)        500M (100%)        500M (100%)        500M (100%)   
[2026-04-03T01:54:41.407+0600][19.086s][info][gc,heap     ] GC(67) y:      Free:      126M (25%)         106M (21%)         280M (56%)         292M (58%)         292M (58%)         106M (21%)    
[2026-04-03T01:54:41.407+0600][19.086s][info][gc,heap     ] GC(67) y:      Used:      374M (75%)         394M (79%)         220M (44%)         208M (42%)         394M (79%)         208M (42%)    
[2026-04-03T01:54:41.407+0600][19.086s][info][gc,heap     ] GC(67) y: Young Generation Statistics:
[2026-04-03T01:54:41.407+0600][19.086s][info][gc,heap     ] GC(67) y:                Mark Start          Mark End        Relocate Start      Relocate End    
[2026-04-03T01:54:41.407+0600][19.086s][info][gc,heap     ] GC(67) y:      Used:      200M (40%)         220M (44%)          46M (9%)           34M (7%)     
[2026-04-03T01:54:41.407+0600][19.086s][info][gc,heap     ] GC(67) y:      Live:         -                 0M (0%)            0M (0%)            0M (0%)     
[2026-04-03T01:54:41.407+0600][19.086s][info][gc,heap     ] GC(67) y:   Garbage:         -               199M (40%)          21M (4%)            0M (0%)     
[2026-04-03T01:54:41.407+0600][19.086s][info][gc,heap     ] GC(67) y: Allocated:         -                20M (4%)           24M (5%)           33M (7%)     
[2026-04-03T01:54:41.407+0600][19.086s][info][gc,heap     ] GC(67) y: Reclaimed:         -                  -               178M (36%)         199M (40%)    
[2026-04-03T01:54:41.407+0600][19.086s][info][gc,heap     ] GC(67) y:  Promoted:         -                  -                 0M (0%)            0M (0%)     
[2026-04-03T01:54:41.407+0600][19.086s][info][gc,heap     ] GC(67) y: Compacted:         -                  -                  -                 0M (0%)     
[2026-04-03T01:54:41.407+0600][19.086s][info][gc,phases   ] GC(67) y: Young Generation 374M(75%)->208M(42%) 0.010s
[2026-04-03T01:54:41.407+0600][19.086s][info][gc          ] GC(67) Minor Collection (Allocation Rate) 374M(75%)->208M(42%) 0.010s
[2026-04-03T01:54:41.455+0600][19.134s][info][gc          ] GC(68) Minor Collection (Allocation Rate)
[2026-04-03T01:54:41.455+0600][19.134s][info][gc,task     ] GC(68) Using 1 Workers for Young Generation
[2026-04-03T01:54:41.455+0600][19.134s][info][gc,phases   ] GC(68) y: Young Generation
[2026-04-03T01:54:41.455+0600][19.134s][info][gc,phases   ] GC(68) y: Pause Mark Start 0.021ms
[2026-04-03T01:54:41.463+0600][19.142s][info][gc,phases   ] GC(68) y: Concurrent Mark 8.000ms
[2026-04-03T01:54:41.464+0600][19.142s][info][gc,phases   ] GC(68) y: Pause Mark End 0.023ms
[2026-04-03T01:54:41.464+0600][19.143s][info][gc,phases   ] GC(68) y: Concurrent Mark Free 0.001ms
[2026-04-03T01:54:41.464+0600][19.143s][info][gc,phases   ] GC(68) y: Concurrent Reset Relocation Set 0.002ms
[2026-04-03T01:54:41.466+0600][19.145s][info][gc,phases   ] GC(63) O: Concurrent Mark 268.252ms
[2026-04-03T01:54:41.466+0600][19.145s][info][gc,phases   ] GC(63) O: Pause Mark End 0.017ms
[2026-04-03T01:54:41.466+0600][19.145s][info][gc,phases   ] GC(63) O: Concurrent Mark Free 0.002ms
[2026-04-03T01:54:41.468+0600][19.147s][info][gc,reloc    ] GC(68) y: Using tenuring threshold: 2 (Computed)
[2026-04-03T01:54:41.469+0600][19.148s][info][gc,phases   ] GC(68) y: Concurrent Select Relocation Set 4.788ms
[2026-04-03T01:54:41.469+0600][19.148s][info][gc,phases   ] GC(68) y: Pause Relocate Start 0.013ms
[2026-04-03T01:54:41.469+0600][19.148s][info][gc,phases   ] GC(68) y: Concurrent Relocate 0.248ms
[2026-04-03T01:54:41.469+0600][19.148s][info][gc,alloc    ] GC(68) y:                         Mark Start        Mark End      Relocate Start    Relocate End   
[2026-04-03T01:54:41.469+0600][19.148s][info][gc,alloc    ] GC(68) y: Allocation Stalls:          0                0                0                0         
[2026-04-03T01:54:41.469+0600][19.148s][info][gc,load     ] GC(68) y: Load: 7.90 (66%) / 7.88 (66%) / 7.50 (63%)
[2026-04-03T01:54:41.469+0600][19.148s][info][gc,mmu      ] GC(68) y: MMU: 2ms/93.8%, 5ms/97.5%, 10ms/98.7%, 20ms/99.2%, 50ms/99.5%, 100ms/99.6%
[2026-04-03T01:54:41.469+0600][19.148s][info][gc,marking  ] GC(68) y: Mark: 1 stripe(s), 2 proactive flush(es), 1 terminate flush(es), 0 completion(s), 0 continuation(s) 
[2026-04-03T01:54:41.469+0600][19.148s][info][gc,marking  ] GC(68) y: Mark Stack Usage: 32M
[2026-04-03T01:54:41.469+0600][19.148s][info][gc,nmethod  ] GC(68) y: NMethods: 4975 registered, 74 unregistered
[2026-04-03T01:54:41.469+0600][19.148s][info][gc,metaspace] GC(68) y: Metaspace: 64M used, 65M committed, 1088M reserved
[2026-04-03T01:54:41.469+0600][19.148s][info][gc,reloc    ] GC(68) y:                        Candidates     Selected     In-Place         Size        Empty    Relocated 
[2026-04-03T01:54:41.469+0600][19.148s][info][gc,reloc    ] GC(68) y: Small Pages:                   83           11            0         166M         142M           0M 
[2026-04-03T01:54:41.469+0600][19.148s][info][gc,reloc    ] GC(68) y: Medium Pages:                   0            0            0           0M           0M           0M 
[2026-04-03T01:54:41.469+0600][19.148s][info][gc,reloc    ] GC(68) y: Large Pages:                    0            0            0           0M           0M           0M 
[2026-04-03T01:54:41.469+0600][19.148s][info][gc,reloc    ] GC(68) y: Forwarding Usage: 0M
[2026-04-03T01:54:41.469+0600][19.148s][info][gc,reloc    ] GC(68) y: Age Table:
[2026-04-03T01:54:41.469+0600][19.148s][info][gc,reloc    ] GC(68) y:                    Live             Garbage             Small              Medium             Large        
[2026-04-03T01:54:41.469+0600][19.148s][info][gc,reloc    ] GC(68) y: Eden               0M (0%)          157M (32%)         79 / 9              0 / 0              0 / 0        
[2026-04-03T01:54:41.469+0600][19.148s][info][gc,reloc    ] GC(68) y: Survivor 1         0M (0%)            3M (1%)           2 / 2              0 / 0              0 / 0        
[2026-04-03T01:54:41.469+0600][19.148s][info][gc,reloc    ] GC(68) y: Survivor 2          -                 2M (0%)           1 / 0              0 / 0              0 / 0        
[2026-04-03T01:54:41.469+0600][19.148s][info][gc,reloc    ] GC(68) y: Survivor 3          -                 2M (0%)           1 / 0              0 / 0              0 / 0        
[2026-04-03T01:54:41.469+0600][19.148s][info][gc,heap     ] GC(68) y: Min Capacity: 8M(2%)
[2026-04-03T01:54:41.469+0600][19.148s][info][gc,heap     ] GC(68) y: Max Capacity: 500M(100%)
[2026-04-03T01:54:41.469+0600][19.148s][info][gc,heap     ] GC(68) y: Soft Max Capacity: 500M(100%)
[2026-04-03T01:54:41.469+0600][19.148s][info][gc,heap     ] GC(68) y: Heap Statistics:
[2026-04-03T01:54:41.469+0600][19.148s][info][gc,heap     ] GC(68) y:                Mark Start          Mark End        Relocate Start      Relocate End           High               Low         
[2026-04-03T01:54:41.469+0600][19.148s][info][gc,heap     ] GC(68) y:  Capacity:      500M (100%)        500M (100%)        500M (100%)        500M (100%)        500M (100%)        500M (100%)   
[2026-04-03T01:54:41.469+0600][19.148s][info][gc,heap     ] GC(68) y:      Free:      160M (32%)         138M (28%)         268M (54%)         282M (56%)         282M (56%)         136M (27%)    
[2026-04-03T01:54:41.469+0600][19.148s][info][gc,heap     ] GC(68) y:      Used:      340M (68%)         362M (72%)         232M (46%)         218M (44%)         364M (73%)         218M (44%)    
[2026-04-03T01:54:41.469+0600][19.148s][info][gc,heap     ] GC(68) y: Young Generation Statistics:
[2026-04-03T01:54:41.470+0600][19.148s][info][gc,heap     ] GC(68) y:                Mark Start          Mark End        Relocate Start      Relocate End    
[2026-04-03T01:54:41.470+0600][19.148s][info][gc,heap     ] GC(68) y:      Used:      166M (33%)         188M (38%)          58M (12%)          44M (9%)     
[2026-04-03T01:54:41.470+0600][19.148s][info][gc,heap     ] GC(68) y:      Live:         -                 0M (0%)            0M (0%)            0M (0%)     
[2026-04-03T01:54:41.470+0600][19.148s][info][gc,heap     ] GC(68) y:   Garbage:         -               165M (33%)          23M (5%)            0M (0%)     
[2026-04-03T01:54:41.470+0600][19.148s][info][gc,heap     ] GC(68) y: Allocated:         -                22M (4%)           34M (7%)           43M (9%)     
[2026-04-03T01:54:41.470+0600][19.148s][info][gc,heap     ] GC(68) y: Reclaimed:         -                  -               142M (28%)         165M (33%)    
[2026-04-03T01:54:41.470+0600][19.148s][info][gc,heap     ] GC(68) y:  Promoted:         -                  -                 0M (0%)            0M (0%)     
[2026-04-03T01:54:41.470+0600][19.148s][info][gc,heap     ] GC(68) y: Compacted:         -                  -                  -                 0M (0%)     
[2026-04-03T01:54:41.470+0600][19.148s][info][gc,phases   ] GC(68) y: Young Generation 340M(68%)->218M(44%) 0.014s
[2026-04-03T01:54:41.470+0600][19.148s][info][gc          ] GC(68) Minor Collection (Allocation Rate) 338M(68%)->220M(44%) 0.015s
[2026-04-03T01:54:41.481+0600][19.160s][info][gc,phases   ] GC(63) O: Concurrent Process Non-Strong 14.915ms
[2026-04-03T01:54:41.481+0600][19.160s][info][gc,phases   ] GC(63) O: Concurrent Reset Relocation Set 0.003ms
[2026-04-03T01:54:41.488+0600][19.167s][info][gc,phases   ] GC(63) O: Concurrent Select Relocation Set 6.442ms
[2026-04-03T01:54:41.488+0600][19.167s][info][gc,task     ] GC(63) O: Using 2 Workers for Old Generation
[2026-04-03T01:54:41.502+0600][19.181s][info][gc,task     ] Adjusting Workers for Old Generation: 2 -> 1
[2026-04-03T01:54:41.511+0600][19.190s][info][gc,task     ] GC(63) O: Using 1 Workers for Old Generation
[2026-04-03T01:54:41.511+0600][19.190s][info][gc,phases   ] GC(63) O: Concurrent Remap Roots 23.573ms
[2026-04-03T01:54:41.512+0600][19.191s][info][gc,phases   ] GC(63) O: Pause Relocate Start 0.022ms
[2026-04-03T01:54:41.512+0600][19.191s][info][gc          ] GC(69) Minor Collection (Allocation Rate)
[2026-04-03T01:54:41.512+0600][19.191s][info][gc,task     ] GC(69) Using 1 Workers for Young Generation
[2026-04-03T01:54:41.512+0600][19.191s][info][gc,phases   ] GC(69) y: Young Generation
[2026-04-03T01:54:41.512+0600][19.191s][info][gc,phases   ] GC(69) y: Pause Mark Start 0.017ms
[2026-04-03T01:54:41.523+0600][19.202s][info][gc,phases   ] GC(69) y: Concurrent Mark 10.598ms
[2026-04-03T01:54:41.526+0600][19.205s][info][gc,phases   ] GC(69) y: Pause Mark End 0.028ms
[2026-04-03T01:54:41.527+0600][19.205s][info][gc,phases   ] GC(69) y: Concurrent Mark Free 0.001ms
[2026-04-03T01:54:41.527+0600][19.205s][info][gc,phases   ] GC(69) y: Concurrent Reset Relocation Set 0.002ms
[2026-04-03T01:54:41.531+0600][19.210s][info][gc,reloc    ] GC(69) y: Using tenuring threshold: 2 (Computed)
[2026-04-03T01:54:41.531+0600][19.210s][info][gc,phases   ] GC(69) y: Concurrent Select Relocation Set 4.846ms
[2026-04-03T01:54:41.535+0600][19.214s][info][gc,phases   ] GC(69) y: Pause Relocate Start 0.024ms
[2026-04-03T01:54:41.536+0600][19.215s][info][gc,phases   ] GC(69) y: Concurrent Relocate 0.538ms
[2026-04-03T01:54:41.536+0600][19.215s][info][gc,alloc    ] GC(69) y:                         Mark Start        Mark End      Relocate Start    Relocate End   
[2026-04-03T01:54:41.536+0600][19.215s][info][gc,alloc    ] GC(69) y: Allocation Stalls:          0                0                0                0         
[2026-04-03T01:54:41.536+0600][19.215s][info][gc,load     ] GC(69) y: Load: 7.90 (66%) / 7.88 (66%) / 7.50 (63%)
[2026-04-03T01:54:41.536+0600][19.215s][info][gc,mmu      ] GC(69) y: MMU: 2ms/93.8%, 5ms/97.5%, 10ms/98.7%, 20ms/99.2%, 50ms/99.5%, 100ms/99.6%
[2026-04-03T01:54:41.536+0600][19.215s][info][gc,marking  ] GC(69) y: Mark: 1 stripe(s), 2 proactive flush(es), 1 terminate flush(es), 0 completion(s), 0 continuation(s) 
[2026-04-03T01:54:41.536+0600][19.215s][info][gc,marking  ] GC(69) y: Mark Stack Usage: 32M
[2026-04-03T01:54:41.536+0600][19.215s][info][gc,nmethod  ] GC(69) y: NMethods: 4910 registered, 153 unregistered
[2026-04-03T01:54:41.536+0600][19.215s][info][gc,metaspace] GC(69) y: Metaspace: 64M used, 65M committed, 1088M reserved
[2026-04-03T01:54:41.536+0600][19.215s][info][gc,reloc    ] GC(69) y:                        Candidates     Selected     In-Place         Size        Empty    Relocated 
[2026-04-03T01:54:41.536+0600][19.215s][info][gc,reloc    ] GC(69) y: Small Pages:                   83           14            0         166M         136M           0M 
[2026-04-03T01:54:41.536+0600][19.215s][info][gc,reloc    ] GC(69) y: Medium Pages:                   0            0            0           0M           0M           0M 
[2026-04-03T01:54:41.536+0600][19.215s][info][gc,reloc    ] GC(69) y: Large Pages:                    0            0            0           0M           0M           0M 
[2026-04-03T01:54:41.536+0600][19.215s][info][gc,reloc    ] GC(69) y: Forwarding Usage: 0M
[2026-04-03T01:54:41.536+0600][19.215s][info][gc,reloc    ] GC(69) y: Age Table:
[2026-04-03T01:54:41.536+0600][19.215s][info][gc,reloc    ] GC(69) y:                    Live             Garbage             Small              Medium             Large        
[2026-04-03T01:54:41.536+0600][19.215s][info][gc,reloc    ] GC(69) y: Eden               0M (0%)          157M (32%)         79 / 11             0 / 0              0 / 0        
[2026-04-03T01:54:41.536+0600][19.215s][info][gc,reloc    ] GC(69) y: Survivor 1         0M (0%)            5M (1%)           3 / 3              0 / 0              0 / 0        
[2026-04-03T01:54:41.536+0600][19.215s][info][gc,reloc    ] GC(69) y: Survivor 2          -                 2M (0%)           1 / 0              0 / 0              0 / 0        
[2026-04-03T01:54:41.536+0600][19.215s][info][gc,heap     ] GC(69) y: Min Capacity: 8M(2%)
[2026-04-03T01:54:41.536+0600][19.215s][info][gc,heap     ] GC(69) y: Max Capacity: 500M(100%)
[2026-04-03T01:54:41.536+0600][19.215s][info][gc,heap     ] GC(69) y: Soft Max Capacity: 500M(100%)
[2026-04-03T01:54:41.536+0600][19.215s][info][gc,heap     ] GC(69) y: Heap Statistics:
[2026-04-03T01:54:41.536+0600][19.215s][info][gc,heap     ] GC(69) y:                Mark Start          Mark End        Relocate Start      Relocate End           High               Low         
[2026-04-03T01:54:41.536+0600][19.215s][info][gc,heap     ] GC(69) y:  Capacity:      500M (100%)        500M (100%)        500M (100%)        500M (100%)        500M (100%)        500M (100%)   
[2026-04-03T01:54:41.536+0600][19.215s][info][gc,heap     ] GC(69) y:      Free:      156M (31%)         132M (26%)         248M (50%)         266M (53%)         270M (54%)         130M (26%)    
[2026-04-03T01:54:41.536+0600][19.215s][info][gc,heap     ] GC(69) y:      Used:      344M (69%)         368M (74%)         252M (50%)         234M (47%)         370M (74%)         230M (46%)    
[2026-04-03T01:54:41.536+0600][19.215s][info][gc,heap     ] GC(69) y: Young Generation Statistics:
[2026-04-03T01:54:41.536+0600][19.215s][info][gc,heap     ] GC(69) y:                Mark Start          Mark End        Relocate Start      Relocate End    
[2026-04-03T01:54:41.536+0600][19.215s][info][gc,heap     ] GC(69) y:      Used:      166M (33%)         202M (40%)          86M (17%)          68M (14%)    
[2026-04-03T01:54:41.536+0600][19.215s][info][gc,heap     ] GC(69) y:      Live:         -                 0M (0%)            0M (0%)            0M (0%)     
[2026-04-03T01:54:41.536+0600][19.215s][info][gc,heap     ] GC(69) y:   Garbage:         -               165M (33%)          29M (6%)            0M (0%)     
[2026-04-03T01:54:41.536+0600][19.215s][info][gc,heap     ] GC(69) y: Allocated:         -                36M (7%)           56M (11%)          67M (14%)    
[2026-04-03T01:54:41.536+0600][19.215s][info][gc,heap     ] GC(69) y: Reclaimed:         -                  -               136M (27%)         165M (33%)    
[2026-04-03T01:54:41.536+0600][19.215s][info][gc,heap     ] GC(69) y:  Promoted:         -                  -                 0M (0%)            0M (0%)     
[2026-04-03T01:54:41.536+0600][19.215s][info][gc,heap     ] GC(69) y: Compacted:         -                  -                  -                 0M (0%)     
[2026-04-03T01:54:41.536+0600][19.215s][info][gc,phases   ] GC(69) y: Young Generation 344M(69%)->234M(47%) 0.024s
[2026-04-03T01:54:41.536+0600][19.215s][info][gc          ] GC(69) Minor Collection (Allocation Rate) 344M(69%)->234M(47%) 0.024s
[2026-04-03T01:54:41.538+0600][19.217s][info][gc,phases   ] GC(63) O: Concurrent Relocate 26.536ms
[2026-04-03T01:54:41.538+0600][19.217s][info][gc,alloc    ] GC(63) O:                         Mark Start        Mark End      Relocate Start    Relocate End   
[2026-04-03T01:54:41.538+0600][19.217s][info][gc,alloc    ] GC(63) O: Allocation Stalls:          0                0                0                0         
[2026-04-03T01:54:41.538+0600][19.217s][info][gc,load     ] GC(63) O: Load: 7.90 (66%) / 7.88 (66%) / 7.50 (63%)
[2026-04-03T01:54:41.539+0600][19.217s][info][gc,mmu      ] GC(63) O: MMU: 2ms/93.8%, 5ms/97.5%, 10ms/98.7%, 20ms/99.2%, 50ms/99.5%, 100ms/99.6%
[2026-04-03T01:54:41.539+0600][19.217s][info][gc,marking  ] GC(63) O: Mark: 1 stripe(s), 2 proactive flush(es), 1 terminate flush(es), 0 completion(s), 0 continuation(s) 
[2026-04-03T01:54:41.539+0600][19.217s][info][gc,marking  ] GC(63) O: Mark Stack Usage: 32M
[2026-04-03T01:54:41.539+0600][19.217s][info][gc,nmethod  ] GC(63) O: NMethods: 4910 registered, 153 unregistered
[2026-04-03T01:54:41.539+0600][19.217s][info][gc,metaspace] GC(63) O: Metaspace: 64M used, 65M committed, 1088M reserved
[2026-04-03T01:54:41.539+0600][19.217s][info][gc,ref      ] GC(63) O:                       Encountered   Discovered     Enqueued 
[2026-04-03T01:54:41.539+0600][19.217s][info][gc,ref      ] GC(63) O: Soft References:             4788            0            0 
[2026-04-03T01:54:41.539+0600][19.217s][info][gc,ref      ] GC(63) O: Weak References:             5940         4886          115 
[2026-04-03T01:54:41.539+0600][19.217s][info][gc,ref      ] GC(63) O: Final References:              74            0            0 
[2026-04-03T01:54:41.539+0600][19.217s][info][gc,ref      ] GC(63) O: Phantom References:           596          215            0 
[2026-04-03T01:54:41.539+0600][19.217s][info][gc,reloc    ] GC(63) O:                        Candidates     Selected     In-Place         Size        Empty    Relocated 
[2026-04-03T01:54:41.539+0600][19.217s][info][gc,reloc    ] GC(63) O: Small Pages:                   75            9            0         150M           0M           4M 
[2026-04-03T01:54:41.539+0600][19.217s][info][gc,reloc    ] GC(63) O: Medium Pages:                   1            0            0           8M           0M           0M 
[2026-04-03T01:54:41.539+0600][19.217s][info][gc,reloc    ] GC(63) O: Large Pages:                    4            0            0          16M           0M           0M 
[2026-04-03T01:54:41.539+0600][19.218s][info][gc,reloc    ] GC(63) O: Forwarding Usage: 5M
[2026-04-03T01:54:41.539+0600][19.218s][info][gc,heap     ] GC(63) O: Min Capacity: 8M(2%)
[2026-04-03T01:54:41.539+0600][19.218s][info][gc,heap     ] GC(63) O: Max Capacity: 500M(100%)
[2026-04-03T01:54:41.539+0600][19.218s][info][gc,heap     ] GC(63) O: Soft Max Capacity: 500M(100%)
[2026-04-03T01:54:41.539+0600][19.218s][info][gc,heap     ] GC(63) O: Heap Statistics:
[2026-04-03T01:54:41.539+0600][19.218s][info][gc,heap     ] GC(63) O:                Mark Start          Mark End        Relocate Start      Relocate End           High               Low         
[2026-04-03T01:54:41.539+0600][19.218s][info][gc,heap     ] GC(63) O:  Capacity:      500M (100%)        500M (100%)        500M (100%)        500M (100%)        500M (100%)        500M (100%)   
[2026-04-03T01:54:41.539+0600][19.218s][info][gc,heap     ] GC(63) O:      Free:      284M (57%)         258M (52%)         160M (32%)         262M (52%)         294M (59%)         106M (21%)    
[2026-04-03T01:54:41.539+0600][19.218s][info][gc,heap     ] GC(63) O:      Used:      216M (43%)         242M (48%)         340M (68%)         238M (48%)         394M (79%)         206M (41%)    
[2026-04-03T01:54:41.539+0600][19.218s][info][gc,heap     ] GC(63) O: Old Generation Statistics:
[2026-04-03T01:54:41.539+0600][19.218s][info][gc,heap     ] GC(63) O:                Mark Start          Mark End        Relocate Start      Relocate End    
[2026-04-03T01:54:41.539+0600][19.218s][info][gc,heap     ] GC(63) O:      Used:      174M (35%)         174M (35%)         174M (35%)         166M (33%)    
[2026-04-03T01:54:41.539+0600][19.218s][info][gc,heap     ] GC(63) O:      Live:         -               146M (29%)         146M (29%)         146M (29%)    
[2026-04-03T01:54:41.539+0600][19.218s][info][gc,heap     ] GC(63) O:   Garbage:         -                27M (6%)           27M (6%)            7M (2%)     
[2026-04-03T01:54:41.539+0600][19.218s][info][gc,heap     ] GC(63) O: Allocated:         -                 0M (0%)            0M (0%)           11M (2%)     
[2026-04-03T01:54:41.539+0600][19.218s][info][gc,heap     ] GC(63) O: Reclaimed:         -                  -                 0M (0%)           19M (4%)     
[2026-04-03T01:54:41.539+0600][19.218s][info][gc,heap     ] GC(63) O: Compacted:         -                  -                  -                10M (2%)     
[2026-04-03T01:54:41.539+0600][19.218s][info][gc,phases   ] GC(63) O: Old Generation 214M(43%)->238M(48%) 0.341s
[2026-04-03T01:54:41.539+0600][19.218s][info][gc          ] GC(63) Major Collection (Allocation Rate) 216M(43%)->240M(48%) 0.354s
[2026-04-03T01:54:41.543+0600][19.222s][info][gc          ] GC(70) Minor Collection (Allocation Rate)
[2026-04-03T01:54:41.543+0600][19.222s][info][gc,task     ] GC(70) Using 1 Workers for Young Generation
[2026-04-03T01:54:41.543+0600][19.222s][info][gc,phases   ] GC(70) y: Young Generation
[2026-04-03T01:54:41.543+0600][19.222s][info][gc,phases   ] GC(70) y: Pause Mark Start 0.018ms
[2026-04-03T01:54:41.551+0600][19.229s][info][gc,phases   ] GC(70) y: Concurrent Mark 7.632ms
[2026-04-03T01:54:41.551+0600][19.230s][info][gc,phases   ] GC(70) y: Pause Mark End 0.021ms
[2026-04-03T01:54:41.551+0600][19.230s][info][gc,phases   ] GC(70) y: Concurrent Mark Free 0.001ms
[2026-04-03T01:54:41.551+0600][19.230s][info][gc,phases   ] GC(70) y: Concurrent Reset Relocation Set 0.002ms
[2026-04-03T01:54:41.555+0600][19.234s][info][gc,reloc    ] GC(70) y: Using tenuring threshold: 3 (Computed)
[2026-04-03T01:54:41.556+0600][19.234s][info][gc,phases   ] GC(70) y: Concurrent Select Relocation Set 4.567ms
[2026-04-03T01:54:41.556+0600][19.235s][info][gc,phases   ] GC(70) y: Pause Relocate Start 0.010ms
[2026-04-03T01:54:41.556+0600][19.235s][info][gc,phases   ] GC(70) y: Concurrent Relocate 0.425ms
[2026-04-03T01:54:41.556+0600][19.235s][info][gc,alloc    ] GC(70) y:                         Mark Start        Mark End      Relocate Start    Relocate End   
[2026-04-03T01:54:41.556+0600][19.235s][info][gc,alloc    ] GC(70) y: Allocation Stalls:          0                0                0                0         
[2026-04-03T01:54:41.556+0600][19.235s][info][gc,load     ] GC(70) y: Load: 7.90 (66%) / 7.88 (66%) / 7.50 (63%)
[2026-04-03T01:54:41.556+0600][19.235s][info][gc,mmu      ] GC(70) y: MMU: 2ms/93.8%, 5ms/97.5%, 10ms/98.7%, 20ms/99.2%, 50ms/99.5%, 100ms/99.6%
[2026-04-03T01:54:41.556+0600][19.235s][info][gc,marking  ] GC(70) y: Mark: 1 stripe(s), 2 proactive flush(es), 1 terminate flush(es), 0 completion(s), 0 continuation(s) 
[2026-04-03T01:54:41.556+0600][19.235s][info][gc,marking  ] GC(70) y: Mark Stack Usage: 32M
[2026-04-03T01:54:41.556+0600][19.235s][info][gc,nmethod  ] GC(70) y: NMethods: 4910 registered, 153 unregistered
[2026-04-03T01:54:41.556+0600][19.235s][info][gc,metaspace] GC(70) y: Metaspace: 64M used, 65M committed, 1088M reserved
[2026-04-03T01:54:41.556+0600][19.235s][info][gc,reloc    ] GC(70) y:                        Candidates     Selected     In-Place         Size        Empty    Relocated 
[2026-04-03T01:54:41.556+0600][19.235s][info][gc,reloc    ] GC(70) y: Small Pages:                   43            7            0          86M          70M           0M 
[2026-04-03T01:54:41.556+0600][19.235s][info][gc,reloc    ] GC(70) y: Medium Pages:                   0            0            0           0M           0M           0M 
[2026-04-03T01:54:41.556+0600][19.235s][info][gc,reloc    ] GC(70) y: Large Pages:                    0            0            0           0M           0M           0M 
[2026-04-03T01:54:41.556+0600][19.235s][info][gc,reloc    ] GC(70) y: Forwarding Usage: 0M
[2026-04-03T01:54:41.556+0600][19.235s][info][gc,reloc    ] GC(70) y: Age Table:
[2026-04-03T01:54:41.556+0600][19.235s][info][gc,reloc    ] GC(70) y:                    Live             Garbage             Small              Medium             Large        
[2026-04-03T01:54:41.556+0600][19.235s][info][gc,reloc    ] GC(70) y: Eden               0M (0%)           77M (16%)         39 / 3              0 / 0              0 / 0        
[2026-04-03T01:54:41.556+0600][19.235s][info][gc,reloc    ] GC(70) y: Survivor 1         0M (0%)            5M (1%)           3 / 3              0 / 0              0 / 0        
[2026-04-03T01:54:41.556+0600][19.235s][info][gc,reloc    ] GC(70) y: Survivor 2         0M (0%)            1M (0%)           1 / 1              0 / 0              0 / 0        
[2026-04-03T01:54:41.556+0600][19.235s][info][gc,heap     ] GC(70) y: Min Capacity: 8M(2%)
[2026-04-03T01:54:41.556+0600][19.235s][info][gc,heap     ] GC(70) y: Max Capacity: 500M(100%)
[2026-04-03T01:54:41.556+0600][19.235s][info][gc,heap     ] GC(70) y: Soft Max Capacity: 500M(100%)
[2026-04-03T01:54:41.556+0600][19.235s][info][gc,heap     ] GC(70) y: Heap Statistics:
[2026-04-03T01:54:41.556+0600][19.235s][info][gc,heap     ] GC(70) y:                Mark Start          Mark End        Relocate Start      Relocate End           High               Low         
[2026-04-03T01:54:41.556+0600][19.235s][info][gc,heap     ] GC(70) y:  Capacity:      500M (100%)        500M (100%)        500M (100%)        500M (100%)        500M (100%)        500M (100%)   
[2026-04-03T01:54:41.556+0600][19.235s][info][gc,heap     ] GC(70) y:      Free:      248M (50%)         226M (45%)         284M (57%)         288M (58%)         288M (58%)         214M (43%)    
[2026-04-03T01:54:41.557+0600][19.235s][info][gc,heap     ] GC(70) y:      Used:      252M (50%)         274M (55%)         216M (43%)         212M (42%)         286M (57%)         212M (42%)    
[2026-04-03T01:54:41.557+0600][19.235s][info][gc,heap     ] GC(70) y: Young Generation Statistics:
[2026-04-03T01:54:41.557+0600][19.235s][info][gc,heap     ] GC(70) y:                Mark Start          Mark End        Relocate Start      Relocate End    
[2026-04-03T01:54:41.557+0600][19.235s][info][gc,heap     ] GC(70) y:      Used:       86M (17%)         108M (22%)          50M (10%)          46M (9%)     
[2026-04-03T01:54:41.557+0600][19.235s][info][gc,heap     ] GC(70) y:      Live:         -                 0M (0%)            0M (0%)            0M (0%)     
[2026-04-03T01:54:41.557+0600][19.235s][info][gc,heap     ] GC(70) y:   Garbage:         -                85M (17%)          15M (3%)            0M (0%)     
[2026-04-03T01:54:41.557+0600][19.235s][info][gc,heap     ] GC(70) y: Allocated:         -                22M (4%)           34M (7%)           45M (9%)     
[2026-04-03T01:54:41.557+0600][19.235s][info][gc,heap     ] GC(70) y: Reclaimed:         -                  -                70M (14%)          85M (17%)    
[2026-04-03T01:54:41.557+0600][19.235s][info][gc,heap     ] GC(70) y:  Promoted:         -                  -                 0M (0%)            0M (0%)     
[2026-04-03T01:54:41.557+0600][19.235s][info][gc,heap     ] GC(70) y: Compacted:         -                  -                  -                 0M (0%)     
[2026-04-03T01:54:41.557+0600][19.235s][info][gc,phases   ] GC(70) y: Young Generation 250M(50%)->212M(42%) 0.013s
[2026-04-03T01:54:41.557+0600][19.235s][info][gc          ] GC(70) Minor Collection (Allocation Rate) 250M(50%)->214M(43%) 0.014s
[2026-04-03T01:54:41.587+0600][19.266s][info][gc          ] GC(71) Minor Collection (Allocation Rate)
[2026-04-03T01:54:41.588+0600][19.266s][info][gc,task     ] GC(71) Using 1 Workers for Young Generation
[2026-04-03T01:54:41.588+0600][19.266s][info][gc,phases   ] GC(71) y: Young Generation
[2026-04-03T01:54:41.588+0600][19.267s][info][gc,phases   ] GC(71) y: Pause Mark Start 0.024ms
[2026-04-03T01:54:41.597+0600][19.275s][info][gc,phases   ] GC(71) y: Concurrent Mark 8.623ms
[2026-04-03T01:54:41.597+0600][19.276s][info][gc,phases   ] GC(71) y: Pause Mark End 0.043ms
[2026-04-03T01:54:41.597+0600][19.276s][info][gc,phases   ] GC(71) y: Concurrent Mark Free 0.001ms
[2026-04-03T01:54:41.597+0600][19.276s][info][gc,phases   ] GC(71) y: Concurrent Reset Relocation Set 0.002ms
[2026-04-03T01:54:41.599+0600][19.278s][info][gc,reloc    ] GC(71) y: Using tenuring threshold: 1 (Computed)
[2026-04-03T01:54:41.600+0600][19.278s][info][gc,phases   ] GC(71) y: Concurrent Select Relocation Set 2.636ms
[2026-04-03T01:54:41.600+0600][19.278s][info][gc,phases   ] GC(71) y: Pause Relocate Start 0.017ms
[2026-04-03T01:54:41.600+0600][19.279s][info][gc,phases   ] GC(71) y: Concurrent Relocate 0.405ms
[2026-04-03T01:54:41.600+0600][19.279s][info][gc,alloc    ] GC(71) y:                         Mark Start        Mark End      Relocate Start    Relocate End   
[2026-04-03T01:54:41.600+0600][19.279s][info][gc,alloc    ] GC(71) y: Allocation Stalls:          0                0                0                0         
[2026-04-03T01:54:41.600+0600][19.279s][info][gc,load     ] GC(71) y: Load: 7.90 (66%) / 7.88 (66%) / 7.50 (63%)
[2026-04-03T01:54:41.600+0600][19.279s][info][gc,mmu      ] GC(71) y: MMU: 2ms/93.8%, 5ms/97.5%, 10ms/98.7%, 20ms/99.2%, 50ms/99.5%, 100ms/99.6%
[2026-04-03T01:54:41.600+0600][19.279s][info][gc,marking  ] GC(71) y: Mark: 1 stripe(s), 2 proactive flush(es), 1 terminate flush(es), 0 completion(s), 0 continuation(s) 
[2026-04-03T01:54:41.600+0600][19.279s][info][gc,marking  ] GC(71) y: Mark Stack Usage: 32M
[2026-04-03T01:54:41.600+0600][19.279s][info][gc,nmethod  ] GC(71) y: NMethods: 4929 registered, 153 unregistered
[2026-04-03T01:54:41.600+0600][19.279s][info][gc,metaspace] GC(71) y: Metaspace: 64M used, 65M committed, 1088M reserved
[2026-04-03T01:54:41.600+0600][19.279s][info][gc,reloc    ] GC(71) y:                        Candidates     Selected     In-Place         Size        Empty    Relocated 
[2026-04-03T01:54:41.600+0600][19.279s][info][gc,reloc    ] GC(71) y: Small Pages:                   64            8            0         128M         110M           0M 
[2026-04-03T01:54:41.600+0600][19.279s][info][gc,reloc    ] GC(71) y: Medium Pages:                   0            0            0           0M           0M           0M 
[2026-04-03T01:54:41.600+0600][19.279s][info][gc,reloc    ] GC(71) y: Large Pages:                    1            0            0           2M           2M           0M 
[2026-04-03T01:54:41.600+0600][19.279s][info][gc,reloc    ] GC(71) y: Forwarding Usage: 0M
[2026-04-03T01:54:41.600+0600][19.279s][info][gc,reloc    ] GC(71) y: Age Table:
[2026-04-03T01:54:41.600+0600][19.279s][info][gc,reloc    ] GC(71) y:                    Live             Garbage             Small              Medium             Large        
[2026-04-03T01:54:41.600+0600][19.279s][info][gc,reloc    ] GC(71) y: Eden               0M (0%)          119M (24%)         59 / 4              0 / 0              1 / 0        
[2026-04-03T01:54:41.600+0600][19.279s][info][gc,reloc    ] GC(71) y: Survivor 1         0M (0%)            3M (1%)           2 / 1              0 / 0              0 / 0        
[2026-04-03T01:54:41.600+0600][19.279s][info][gc,reloc    ] GC(71) y: Survivor 2         0M (0%)            3M (1%)           2 / 2              0 / 0              0 / 0        
[2026-04-03T01:54:41.600+0600][19.279s][info][gc,reloc    ] GC(71) y: Survivor 3         0M (0%)            1M (0%)           1 / 1              0 / 0              0 / 0        
[2026-04-03T01:54:41.600+0600][19.279s][info][gc,heap     ] GC(71) y: Min Capacity: 8M(2%)
[2026-04-03T01:54:41.600+0600][19.279s][info][gc,heap     ] GC(71) y: Max Capacity: 500M(100%)
[2026-04-03T01:54:41.600+0600][19.279s][info][gc,heap     ] GC(71) y: Soft Max Capacity: 500M(100%)
[2026-04-03T01:54:41.600+0600][19.279s][info][gc,heap     ] GC(71) y: Heap Statistics:
[2026-04-03T01:54:41.600+0600][19.279s][info][gc,heap     ] GC(71) y:                Mark Start          Mark End        Relocate Start      Relocate End           High               Low         
[2026-04-03T01:54:41.600+0600][19.279s][info][gc,heap     ] GC(71) y:  Capacity:      500M (100%)        500M (100%)        500M (100%)        500M (100%)        500M (100%)        500M (100%)   
[2026-04-03T01:54:41.600+0600][19.279s][info][gc,heap     ] GC(71) y:      Free:      204M (41%)         178M (36%)         286M (57%)         298M (60%)         298M (60%)         176M (35%)    
[2026-04-03T01:54:41.600+0600][19.279s][info][gc,heap     ] GC(71) y:      Used:      296M (59%)         322M (64%)         214M (43%)         202M (40%)         324M (65%)         202M (40%)    
[2026-04-03T01:54:41.600+0600][19.279s][info][gc,heap     ] GC(71) y: Young Generation Statistics:
[2026-04-03T01:54:41.600+0600][19.279s][info][gc,heap     ] GC(71) y:                Mark Start          Mark End        Relocate Start      Relocate End    
[2026-04-03T01:54:41.600+0600][19.279s][info][gc,heap     ] GC(71) y:      Used:      130M (26%)         156M (31%)          48M (10%)          34M (7%)     
[2026-04-03T01:54:41.600+0600][19.279s][info][gc,heap     ] GC(71) y:      Live:         -                 0M (0%)            0M (0%)            0M (0%)     
[2026-04-03T01:54:41.600+0600][19.279s][info][gc,heap     ] GC(71) y:   Garbage:         -               129M (26%)          17M (4%)            0M (0%)     
[2026-04-03T01:54:41.600+0600][19.279s][info][gc,heap     ] GC(71) y: Allocated:         -                26M (5%)           30M (6%)           33M (7%)     
[2026-04-03T01:54:41.600+0600][19.279s][info][gc,heap     ] GC(71) y: Reclaimed:         -                  -               112M (22%)         129M (26%)    
[2026-04-03T01:54:41.600+0600][19.279s][info][gc,heap     ] GC(71) y:  Promoted:         -                  -                 0M (0%)            0M (0%)     
[2026-04-03T01:54:41.600+0600][19.279s][info][gc,heap     ] GC(71) y: Compacted:         -                  -                  -                 0M (0%)     
[2026-04-03T01:54:41.600+0600][19.279s][info][gc,phases   ] GC(71) y: Young Generation 294M(59%)->202M(40%) 0.013s
[2026-04-03T01:54:41.600+0600][19.279s][info][gc          ] GC(71) Minor Collection (Allocation Rate) 294M(59%)->202M(40%) 0.013s
[2026-04-03T01:54:41.686+0600][19.364s][info][gc          ] GC(72) Minor Collection (Allocation Rate)
[2026-04-03T01:54:41.686+0600][19.364s][info][gc,task     ] GC(72) Using 1 Workers for Young Generation
[2026-04-03T01:54:41.686+0600][19.364s][info][gc,phases   ] GC(72) y: Young Generation
[2026-04-03T01:54:41.686+0600][19.365s][info][gc,phases   ] GC(72) y: Pause Mark Start 0.024ms
[2026-04-03T01:54:41.695+0600][19.374s][info][gc,phases   ] GC(72) y: Concurrent Mark 9.124ms
[2026-04-03T01:54:41.695+0600][19.374s][info][gc,phases   ] GC(72) y: Pause Mark End 0.021ms
[2026-04-03T01:54:41.695+0600][19.374s][info][gc,phases   ] GC(72) y: Concurrent Mark Free 0.002ms
[2026-04-03T01:54:41.696+0600][19.374s][info][gc,phases   ] GC(72) y: Concurrent Reset Relocation Set 0.002ms
[2026-04-03T01:54:41.697+0600][19.376s][info][gc,reloc    ] GC(72) y: Using tenuring threshold: 2 (Computed)
[2026-04-03T01:54:41.697+0600][19.376s][info][gc,phases   ] GC(72) y: Concurrent Select Relocation Set 1.857ms
[2026-04-03T01:54:41.698+0600][19.376s][info][gc,phases   ] GC(72) y: Pause Relocate Start 0.017ms
[2026-04-03T01:54:41.698+0600][19.377s][info][gc,phases   ] GC(72) y: Concurrent Relocate 0.361ms
[2026-04-03T01:54:41.698+0600][19.377s][info][gc,alloc    ] GC(72) y:                         Mark Start        Mark End      Relocate Start    Relocate End   
[2026-04-03T01:54:41.698+0600][19.377s][info][gc,alloc    ] GC(72) y: Allocation Stalls:          0                0                0                0         
[2026-04-03T01:54:41.698+0600][19.377s][info][gc,load     ] GC(72) y: Load: 7.90 (66%) / 7.88 (66%) / 7.50 (63%)
[2026-04-03T01:54:41.698+0600][19.377s][info][gc,mmu      ] GC(72) y: MMU: 2ms/93.8%, 5ms/97.5%, 10ms/98.7%, 20ms/99.2%, 50ms/99.5%, 100ms/99.6%
[2026-04-03T01:54:41.698+0600][19.377s][info][gc,marking  ] GC(72) y: Mark: 1 stripe(s), 2 proactive flush(es), 1 terminate flush(es), 0 completion(s), 0 continuation(s) 
[2026-04-03T01:54:41.698+0600][19.377s][info][gc,marking  ] GC(72) y: Mark Stack Usage: 32M
[2026-04-03T01:54:41.698+0600][19.377s][info][gc,nmethod  ] GC(72) y: NMethods: 4931 registered, 153 unregistered
[2026-04-03T01:54:41.698+0600][19.377s][info][gc,metaspace] GC(72) y: Metaspace: 64M used, 65M committed, 1088M reserved
[2026-04-03T01:54:41.698+0600][19.377s][info][gc,reloc    ] GC(72) y:                        Candidates     Selected     In-Place         Size        Empty    Relocated 
[2026-04-03T01:54:41.698+0600][19.377s][info][gc,reloc    ] GC(72) y: Small Pages:                   80           10            0         160M         138M           0M 
[2026-04-03T01:54:41.698+0600][19.377s][info][gc,reloc    ] GC(72) y: Medium Pages:                   0            0            0           0M           0M           0M 
[2026-04-03T01:54:41.698+0600][19.377s][info][gc,reloc    ] GC(72) y: Large Pages:                    0            0            0           0M           0M           0M 
[2026-04-03T01:54:41.698+0600][19.377s][info][gc,reloc    ] GC(72) y: Forwarding Usage: 0M
[2026-04-03T01:54:41.698+0600][19.377s][info][gc,reloc    ] GC(72) y: Age Table:
[2026-04-03T01:54:41.698+0600][19.377s][info][gc,reloc    ] GC(72) y:                    Live             Garbage             Small              Medium             Large        
[2026-04-03T01:54:41.698+0600][19.377s][info][gc,reloc    ] GC(72) y: Eden               0M (0%)          155M (31%)         78 / 8              0 / 0              0 / 0        
[2026-04-03T01:54:41.698+0600][19.377s][info][gc,reloc    ] GC(72) y: Survivor 1         0M (0%)            3M (1%)           2 / 2              0 / 0              0 / 0        
[2026-04-03T01:54:41.698+0600][19.377s][info][gc,heap     ] GC(72) y: Min Capacity: 8M(2%)
[2026-04-03T01:54:41.698+0600][19.377s][info][gc,heap     ] GC(72) y: Max Capacity: 500M(100%)
[2026-04-03T01:54:41.698+0600][19.377s][info][gc,heap     ] GC(72) y: Soft Max Capacity: 500M(100%)
[2026-04-03T01:54:41.698+0600][19.377s][info][gc,heap     ] GC(72) y: Heap Statistics:
[2026-04-03T01:54:41.698+0600][19.377s][info][gc,heap     ] GC(72) y:                Mark Start          Mark End        Relocate Start      Relocate End           High               Low         
[2026-04-03T01:54:41.698+0600][19.377s][info][gc,heap     ] GC(72) y:  Capacity:      500M (100%)        500M (100%)        500M (100%)        500M (100%)        500M (100%)        500M (100%)   
[2026-04-03T01:54:41.698+0600][19.377s][info][gc,heap     ] GC(72) y:      Free:      172M (34%)         156M (31%)         292M (58%)         308M (62%)         310M (62%)         156M (31%)    
[2026-04-03T01:54:41.698+0600][19.377s][info][gc,heap     ] GC(72) y:      Used:      328M (66%)         344M (69%)         208M (42%)         192M (38%)         344M (69%)         190M (38%)    
[2026-04-03T01:54:41.698+0600][19.377s][info][gc,heap     ] GC(72) y: Young Generation Statistics:
[2026-04-03T01:54:41.698+0600][19.377s][info][gc,heap     ] GC(72) y:                Mark Start          Mark End        Relocate Start      Relocate End    
[2026-04-03T01:54:41.698+0600][19.377s][info][gc,heap     ] GC(72) y:      Used:      160M (32%)         176M (35%)          40M (8%)           24M (5%)     
[2026-04-03T01:54:41.698+0600][19.377s][info][gc,heap     ] GC(72) y:      Live:         -                 0M (0%)            0M (0%)            0M (0%)     
[2026-04-03T01:54:41.698+0600][19.377s][info][gc,heap     ] GC(72) y:   Garbage:         -               159M (32%)          21M (4%)            0M (0%)     
[2026-04-03T01:54:41.698+0600][19.377s][info][gc,heap     ] GC(72) y: Allocated:         -                16M (3%)           18M (4%)           23M (5%)     
[2026-04-03T01:54:41.698+0600][19.377s][info][gc,heap     ] GC(72) y: Reclaimed:         -                  -               138M (28%)         159M (32%)    
[2026-04-03T01:54:41.698+0600][19.377s][info][gc,heap     ] GC(72) y:  Promoted:         -                  -                 0M (0%)            0M (0%)     
[2026-04-03T01:54:41.698+0600][19.377s][info][gc,heap     ] GC(72) y: Compacted:         -                  -                  -                 0M (0%)     
[2026-04-03T01:54:41.698+0600][19.377s][info][gc,phases   ] GC(72) y: Young Generation 328M(66%)->192M(38%) 0.012s
[2026-04-03T01:54:41.698+0600][19.377s][info][gc          ] GC(72) Minor Collection (Allocation Rate) 328M(66%)->192M(38%) 0.013s
[2026-04-03T01:54:41.804+0600][19.483s][info][gc          ] GC(73) Minor Collection (Allocation Rate)
[2026-04-03T01:54:41.804+0600][19.483s][info][gc,task     ] GC(73) Using 1 Workers for Young Generation
[2026-04-03T01:54:41.804+0600][19.483s][info][gc,phases   ] GC(73) y: Young Generation
[2026-04-03T01:54:41.805+0600][19.483s][info][gc,phases   ] GC(73) y: Pause Mark Start 0.027ms
[2026-04-03T01:54:41.813+0600][19.492s][info][gc,phases   ] GC(73) y: Concurrent Mark 8.699ms
[2026-04-03T01:54:41.813+0600][19.492s][info][gc,phases   ] GC(73) y: Pause Mark End 0.020ms
[2026-04-03T01:54:41.813+0600][19.492s][info][gc,phases   ] GC(73) y: Concurrent Mark Free 0.002ms
[2026-04-03T01:54:41.814+0600][19.492s][info][gc,phases   ] GC(73) y: Concurrent Reset Relocation Set 0.003ms
[2026-04-03T01:54:41.815+0600][19.494s][info][gc,reloc    ] GC(73) y: Using tenuring threshold: 1 (Computed)
[2026-04-03T01:54:41.815+0600][19.494s][info][gc,phases   ] GC(73) y: Concurrent Select Relocation Set 1.892ms
[2026-04-03T01:54:41.815+0600][19.494s][info][gc,phases   ] GC(73) y: Pause Relocate Start 0.019ms
[2026-04-03T01:54:41.816+0600][19.495s][info][gc,phases   ] GC(73) y: Concurrent Relocate 0.278ms
[2026-04-03T01:54:41.816+0600][19.495s][info][gc,alloc    ] GC(73) y:                         Mark Start        Mark End      Relocate Start    Relocate End   
[2026-04-03T01:54:41.816+0600][19.495s][info][gc,alloc    ] GC(73) y: Allocation Stalls:          0                0                0                0         
[2026-04-03T01:54:41.816+0600][19.495s][info][gc,load     ] GC(73) y: Load: 7.90 (66%) / 7.88 (66%) / 7.50 (63%)
[2026-04-03T01:54:41.816+0600][19.495s][info][gc,mmu      ] GC(73) y: MMU: 2ms/93.8%, 5ms/97.5%, 10ms/98.7%, 20ms/99.2%, 50ms/99.5%, 100ms/99.6%
[2026-04-03T01:54:41.816+0600][19.495s][info][gc,marking  ] GC(73) y: Mark: 1 stripe(s), 2 proactive flush(es), 1 terminate flush(es), 0 completion(s), 0 continuation(s) 
[2026-04-03T01:54:41.816+0600][19.495s][info][gc,marking  ] GC(73) y: Mark Stack Usage: 32M
[2026-04-03T01:54:41.816+0600][19.495s][info][gc,nmethod  ] GC(73) y: NMethods: 4931 registered, 153 unregistered
[2026-04-03T01:54:41.816+0600][19.495s][info][gc,metaspace] GC(73) y: Metaspace: 64M used, 65M committed, 1088M reserved
[2026-04-03T01:54:41.816+0600][19.495s][info][gc,reloc    ] GC(73) y:                        Candidates     Selected     In-Place         Size        Empty    Relocated 
[2026-04-03T01:54:41.816+0600][19.495s][info][gc,reloc    ] GC(73) y: Small Pages:                   88            6            0         176M         162M           0M 
[2026-04-03T01:54:41.816+0600][19.495s][info][gc,reloc    ] GC(73) y: Medium Pages:                   0            0            0           0M           0M           0M 
[2026-04-03T01:54:41.816+0600][19.495s][info][gc,reloc    ] GC(73) y: Large Pages:                    0            0            0           0M           0M           0M 
[2026-04-03T01:54:41.816+0600][19.495s][info][gc,reloc    ] GC(73) y: Forwarding Usage: 0M
[2026-04-03T01:54:41.816+0600][19.495s][info][gc,reloc    ] GC(73) y: Age Table:
[2026-04-03T01:54:41.816+0600][19.495s][info][gc,reloc    ] GC(73) y:                    Live             Garbage             Small              Medium             Large        
[2026-04-03T01:54:41.816+0600][19.495s][info][gc,reloc    ] GC(73) y: Eden               0M (0%)          171M (34%)         86 / 4              0 / 0              0 / 0        
[2026-04-03T01:54:41.816+0600][19.495s][info][gc,reloc    ] GC(73) y: Survivor 1         0M (0%)            1M (0%)           1 / 1              0 / 0              0 / 0        
[2026-04-03T01:54:41.816+0600][19.495s][info][gc,reloc    ] GC(73) y: Survivor 2         0M (0%)            1M (0%)           1 / 1              0 / 0              0 / 0        
[2026-04-03T01:54:41.816+0600][19.495s][info][gc,heap     ] GC(73) y: Min Capacity: 8M(2%)
[2026-04-03T01:54:41.816+0600][19.495s][info][gc,heap     ] GC(73) y: Max Capacity: 500M(100%)
[2026-04-03T01:54:41.816+0600][19.495s][info][gc,heap     ] GC(73) y: Soft Max Capacity: 500M(100%)
[2026-04-03T01:54:41.816+0600][19.495s][info][gc,heap     ] GC(73) y: Heap Statistics:
[2026-04-03T01:54:41.816+0600][19.495s][info][gc,heap     ] GC(73) y:                Mark Start          Mark End        Relocate Start      Relocate End           High               Low         
[2026-04-03T01:54:41.816+0600][19.495s][info][gc,heap     ] GC(73) y:  Capacity:      500M (100%)        500M (100%)        500M (100%)        500M (100%)        500M (100%)        500M (100%)   
[2026-04-03T01:54:41.816+0600][19.495s][info][gc,heap     ] GC(73) y:      Free:      156M (31%)         144M (29%)         302M (60%)         310M (62%)         310M (62%)         144M (29%)    
[2026-04-03T01:54:41.816+0600][19.495s][info][gc,heap     ] GC(73) y:      Used:      344M (69%)         356M (71%)         198M (40%)         190M (38%)         356M (71%)         190M (38%)    
[2026-04-03T01:54:41.816+0600][19.495s][info][gc,heap     ] GC(73) y: Young Generation Statistics:
[2026-04-03T01:54:41.816+0600][19.495s][info][gc,heap     ] GC(73) y:                Mark Start          Mark End        Relocate Start      Relocate End    
[2026-04-03T01:54:41.816+0600][19.495s][info][gc,heap     ] GC(73) y:      Used:      176M (35%)         188M (38%)          30M (6%)           20M (4%)     
[2026-04-03T01:54:41.816+0600][19.495s][info][gc,heap     ] GC(73) y:      Live:         -                 0M (0%)            0M (0%)            0M (0%)     
[2026-04-03T01:54:41.816+0600][19.495s][info][gc,heap     ] GC(73) y:   Garbage:         -               175M (35%)          13M (3%)            0M (0%)     
[2026-04-03T01:54:41.816+0600][19.495s][info][gc,heap     ] GC(73) y: Allocated:         -                12M (2%)           16M (3%)           19M (4%)     
[2026-04-03T01:54:41.816+0600][19.495s][info][gc,heap     ] GC(73) y: Reclaimed:         -                  -               162M (32%)         175M (35%)    
[2026-04-03T01:54:41.816+0600][19.495s][info][gc,heap     ] GC(73) y:  Promoted:         -                  -                 0M (0%)            0M (0%)     
[2026-04-03T01:54:41.816+0600][19.495s][info][gc,heap     ] GC(73) y: Compacted:         -                  -                  -                 0M (0%)     
[2026-04-03T01:54:41.816+0600][19.495s][info][gc,phases   ] GC(73) y: Young Generation 344M(69%)->190M(38%) 0.011s
[2026-04-03T01:54:41.816+0600][19.495s][info][gc          ] GC(73) Minor Collection (Allocation Rate) 344M(69%)->190M(38%) 0.012s
[2026-04-03T01:54:41.960+0600][19.639s][info][gc          ] GC(74) Minor Collection (Allocation Rate)
[2026-04-03T01:54:41.960+0600][19.639s][info][gc,task     ] GC(74) Using 1 Workers for Young Generation
[2026-04-03T01:54:41.960+0600][19.639s][info][gc,phases   ] GC(74) y: Young Generation
[2026-04-03T01:54:41.960+0600][19.639s][info][gc,phases   ] GC(74) y: Pause Mark Start 0.013ms
[2026-04-03T01:54:41.968+0600][19.647s][info][gc,phases   ] GC(74) y: Concurrent Mark 7.776ms
[2026-04-03T01:54:41.968+0600][19.647s][info][gc,phases   ] GC(74) y: Pause Mark End 0.015ms
[2026-04-03T01:54:41.968+0600][19.647s][info][gc,phases   ] GC(74) y: Concurrent Mark Free 0.001ms
[2026-04-03T01:54:41.968+0600][19.647s][info][gc,phases   ] GC(74) y: Concurrent Reset Relocation Set 0.002ms
[2026-04-03T01:54:41.970+0600][19.649s][info][gc,reloc    ] GC(74) y: Using tenuring threshold: 1 (Computed)
[2026-04-03T01:54:41.970+0600][19.649s][info][gc,phases   ] GC(74) y: Concurrent Select Relocation Set 1.536ms
[2026-04-03T01:54:41.970+0600][19.649s][info][gc,phases   ] GC(74) y: Pause Relocate Start 0.011ms
[2026-04-03T01:54:41.970+0600][19.649s][info][gc,phases   ] GC(74) y: Concurrent Relocate 0.162ms
[2026-04-03T01:54:41.970+0600][19.649s][info][gc,alloc    ] GC(74) y:                         Mark Start        Mark End      Relocate Start    Relocate End   
[2026-04-03T01:54:41.970+0600][19.649s][info][gc,alloc    ] GC(74) y: Allocation Stalls:          0                0                0                0         
[2026-04-03T01:54:41.970+0600][19.649s][info][gc,load     ] GC(74) y: Load: 7.90 (66%) / 7.88 (66%) / 7.50 (63%)
[2026-04-03T01:54:41.970+0600][19.649s][info][gc,mmu      ] GC(74) y: MMU: 2ms/93.8%, 5ms/97.5%, 10ms/98.7%, 20ms/99.2%, 50ms/99.5%, 100ms/99.6%
[2026-04-03T01:54:41.970+0600][19.649s][info][gc,marking  ] GC(74) y: Mark: 1 stripe(s), 2 proactive flush(es), 1 terminate flush(es), 0 completion(s), 0 continuation(s) 
[2026-04-03T01:54:41.970+0600][19.649s][info][gc,marking  ] GC(74) y: Mark Stack Usage: 32M
[2026-04-03T01:54:41.970+0600][19.649s][info][gc,nmethod  ] GC(74) y: NMethods: 4931 registered, 153 unregistered
[2026-04-03T01:54:41.970+0600][19.649s][info][gc,metaspace] GC(74) y: Metaspace: 64M used, 65M committed, 1088M reserved
[2026-04-03T01:54:41.970+0600][19.649s][info][gc,reloc    ] GC(74) y:                        Candidates     Selected     In-Place         Size        Empty    Relocated 
[2026-04-03T01:54:41.970+0600][19.649s][info][gc,reloc    ] GC(74) y: Small Pages:                  121            5            0         242M         230M           0M 
[2026-04-03T01:54:41.970+0600][19.649s][info][gc,reloc    ] GC(74) y: Medium Pages:                   0            0            0           0M           0M           0M 
[2026-04-03T01:54:41.970+0600][19.649s][info][gc,reloc    ] GC(74) y: Large Pages:                    0            0            0           0M           0M           0M 
[2026-04-03T01:54:41.970+0600][19.649s][info][gc,reloc    ] GC(74) y: Forwarding Usage: 0M
[2026-04-03T01:54:41.970+0600][19.649s][info][gc,reloc    ] GC(74) y: Age Table:
[2026-04-03T01:54:41.970+0600][19.649s][info][gc,reloc    ] GC(74) y:                    Live             Garbage             Small              Medium             Large        
[2026-04-03T01:54:41.970+0600][19.649s][info][gc,reloc    ] GC(74) y: Eden               0M (0%)          237M (48%)        119 / 5              0 / 0              0 / 0        
[2026-04-03T01:54:41.970+0600][19.649s][info][gc,reloc    ] GC(74) y: Survivor 1          -                 4M (1%)           2 / 0              0 / 0              0 / 0        
[2026-04-03T01:54:41.970+0600][19.649s][info][gc,heap     ] GC(74) y: Min Capacity: 8M(2%)
[2026-04-03T01:54:41.970+0600][19.649s][info][gc,heap     ] GC(74) y: Max Capacity: 500M(100%)
[2026-04-03T01:54:41.970+0600][19.649s][info][gc,heap     ] GC(74) y: Soft Max Capacity: 500M(100%)
[2026-04-03T01:54:41.970+0600][19.649s][info][gc,heap     ] GC(74) y: Heap Statistics:
[2026-04-03T01:54:41.970+0600][19.649s][info][gc,heap     ] GC(74) y:                Mark Start          Mark End        Relocate Start      Relocate End           High               Low         
[2026-04-03T01:54:41.970+0600][19.649s][info][gc,heap     ] GC(74) y:  Capacity:      500M (100%)        500M (100%)        500M (100%)        500M (100%)        500M (100%)        500M (100%)   
[2026-04-03T01:54:41.970+0600][19.649s][info][gc,heap     ] GC(74) y:      Free:       88M (18%)          76M (15%)         302M (60%)         310M (62%)         310M (62%)          76M (15%)    
[2026-04-03T01:54:41.970+0600][19.649s][info][gc,heap     ] GC(74) y:      Used:      412M (82%)         424M (85%)         198M (40%)         190M (38%)         424M (85%)         190M (38%)    
[2026-04-03T01:54:41.970+0600][19.649s][info][gc,heap     ] GC(74) y: Young Generation Statistics:
[2026-04-03T01:54:41.970+0600][19.649s][info][gc,heap     ] GC(74) y:                Mark Start          Mark End        Relocate Start      Relocate End    
[2026-04-03T01:54:41.970+0600][19.649s][info][gc,heap     ] GC(74) y:      Used:      242M (48%)         254M (51%)          28M (6%)           20M (4%)     
[2026-04-03T01:54:41.970+0600][19.649s][info][gc,heap     ] GC(74) y:      Live:         -                 0M (0%)            0M (0%)            0M (0%)     
[2026-04-03T01:54:41.970+0600][19.649s][info][gc,heap     ] GC(74) y:   Garbage:         -               241M (48%)          11M (2%)            0M (0%)     
[2026-04-03T01:54:41.970+0600][19.649s][info][gc,heap     ] GC(74) y: Allocated:         -                12M (2%)           16M (3%)           19M (4%)     
[2026-04-03T01:54:41.970+0600][19.649s][info][gc,heap     ] GC(74) y: Reclaimed:         -                  -               230M (46%)         241M (48%)    
[2026-04-03T01:54:41.970+0600][19.649s][info][gc,heap     ] GC(74) y:  Promoted:         -                  -                 0M (0%)            0M (0%)     
[2026-04-03T01:54:41.970+0600][19.649s][info][gc,heap     ] GC(74) y: Compacted:         -                  -                  -                 0M (0%)     
[2026-04-03T01:54:41.971+0600][19.649s][info][gc,phases   ] GC(74) y: Young Generation 412M(82%)->190M(38%) 0.010s
[2026-04-03T01:54:41.971+0600][19.649s][info][gc          ] GC(74) Minor Collection (Allocation Rate) 412M(82%)->190M(38%) 0.010s
[2026-04-03T01:54:42.131+0600][19.810s][info][gc          ] GC(75) Minor Collection (Allocation Rate)
[2026-04-03T01:54:42.131+0600][19.810s][info][gc,task     ] GC(75) Using 1 Workers for Young Generation
[2026-04-03T01:54:42.131+0600][19.810s][info][gc,phases   ] GC(75) y: Young Generation
[2026-04-03T01:54:42.131+0600][19.810s][info][gc,phases   ] GC(75) y: Pause Mark Start 0.025ms
[2026-04-03T01:54:42.140+0600][19.819s][info][gc,phases   ] GC(75) y: Concurrent Mark 8.453ms
[2026-04-03T01:54:42.140+0600][19.819s][info][gc,phases   ] GC(75) y: Pause Mark End 0.017ms
[2026-04-03T01:54:42.140+0600][19.819s][info][gc,phases   ] GC(75) y: Concurrent Mark Free 0.001ms
[2026-04-03T01:54:42.140+0600][19.819s][info][gc,phases   ] GC(75) y: Concurrent Reset Relocation Set 0.002ms
[2026-04-03T01:54:42.142+0600][19.821s][info][gc,reloc    ] GC(75) y: Using tenuring threshold: 2 (Computed)
[2026-04-03T01:54:42.142+0600][19.821s][info][gc,phases   ] GC(75) y: Concurrent Select Relocation Set 1.585ms
[2026-04-03T01:54:42.142+0600][19.821s][info][gc,phases   ] GC(75) y: Pause Relocate Start 0.008ms
[2026-04-03T01:54:42.142+0600][19.821s][info][gc,phases   ] GC(75) y: Concurrent Relocate 0.266ms
[2026-04-03T01:54:42.142+0600][19.821s][info][gc,alloc    ] GC(75) y:                         Mark Start        Mark End      Relocate Start    Relocate End   
[2026-04-03T01:54:42.142+0600][19.821s][info][gc,alloc    ] GC(75) y: Allocation Stalls:          0                0                0                0         
[2026-04-03T01:54:42.142+0600][19.821s][info][gc,load     ] GC(75) y: Load: 7.90 (66%) / 7.88 (66%) / 7.50 (63%)
[2026-04-03T01:54:42.142+0600][19.821s][info][gc,mmu      ] GC(75) y: MMU: 2ms/93.8%, 5ms/97.5%, 10ms/98.7%, 20ms/99.2%, 50ms/99.5%, 100ms/99.6%
[2026-04-03T01:54:42.142+0600][19.821s][info][gc,marking  ] GC(75) y: Mark: 1 stripe(s), 2 proactive flush(es), 1 terminate flush(es), 0 completion(s), 0 continuation(s) 
[2026-04-03T01:54:42.142+0600][19.821s][info][gc,marking  ] GC(75) y: Mark Stack Usage: 32M
[2026-04-03T01:54:42.142+0600][19.821s][info][gc,nmethod  ] GC(75) y: NMethods: 4931 registered, 153 unregistered
[2026-04-03T01:54:42.143+0600][19.821s][info][gc,metaspace] GC(75) y: Metaspace: 64M used, 65M committed, 1088M reserved
[2026-04-03T01:54:42.143+0600][19.821s][info][gc,reloc    ] GC(75) y:                        Candidates     Selected     In-Place         Size        Empty    Relocated 
[2026-04-03T01:54:42.143+0600][19.821s][info][gc,reloc    ] GC(75) y: Small Pages:                  133            4            0         266M         256M           0M 
[2026-04-03T01:54:42.143+0600][19.821s][info][gc,reloc    ] GC(75) y: Medium Pages:                   0            0            0           0M           0M           0M 
[2026-04-03T01:54:42.143+0600][19.821s][info][gc,reloc    ] GC(75) y: Large Pages:                    0            0            0           0M           0M           0M 
[2026-04-03T01:54:42.143+0600][19.821s][info][gc,reloc    ] GC(75) y: Forwarding Usage: 0M
[2026-04-03T01:54:42.143+0600][19.821s][info][gc,reloc    ] GC(75) y: Age Table:
[2026-04-03T01:54:42.143+0600][19.821s][info][gc,reloc    ] GC(75) y:                    Live             Garbage             Small              Medium             Large        
[2026-04-03T01:54:42.143+0600][19.821s][info][gc,reloc    ] GC(75) y: Eden               0M (0%)          261M (52%)        131 / 2              0 / 0              0 / 0        
[2026-04-03T01:54:42.143+0600][19.821s][info][gc,reloc    ] GC(75) y: Survivor 1         0M (0%)            3M (1%)           2 / 2              0 / 0              0 / 0        
[2026-04-03T01:54:42.143+0600][19.821s][info][gc,heap     ] GC(75) y: Min Capacity: 8M(2%)
[2026-04-03T01:54:42.143+0600][19.821s][info][gc,heap     ] GC(75) y: Max Capacity: 500M(100%)
[2026-04-03T01:54:42.143+0600][19.821s][info][gc,heap     ] GC(75) y: Soft Max Capacity: 500M(100%)
[2026-04-03T01:54:42.143+0600][19.821s][info][gc,heap     ] GC(75) y: Heap Statistics:
[2026-04-03T01:54:42.143+0600][19.821s][info][gc,heap     ] GC(75) y:                Mark Start          Mark End        Relocate Start      Relocate End           High               Low         
[2026-04-03T01:54:42.143+0600][19.821s][info][gc,heap     ] GC(75) y:  Capacity:      500M (100%)        500M (100%)        500M (100%)        500M (100%)        500M (100%)        500M (100%)   
[2026-04-03T01:54:42.143+0600][19.821s][info][gc,heap     ] GC(75) y:      Free:       64M (13%)          50M (10%)         304M (61%)         310M (62%)         310M (62%)          50M (10%)    
[2026-04-03T01:54:42.143+0600][19.821s][info][gc,heap     ] GC(75) y:      Used:      436M (87%)         450M (90%)         196M (39%)         190M (38%)         450M (90%)         190M (38%)    
[2026-04-03T01:54:42.143+0600][19.821s][info][gc,heap     ] GC(75) y: Young Generation Statistics:
[2026-04-03T01:54:42.143+0600][19.821s][info][gc,heap     ] GC(75) y:                Mark Start          Mark End        Relocate Start      Relocate End    
[2026-04-03T01:54:42.143+0600][19.821s][info][gc,heap     ] GC(75) y:      Used:      266M (53%)         280M (56%)          26M (5%)           20M (4%)     
[2026-04-03T01:54:42.143+0600][19.821s][info][gc,heap     ] GC(75) y:      Live:         -                 0M (0%)            0M (0%)            0M (0%)     
[2026-04-03T01:54:42.143+0600][19.821s][info][gc,heap     ] GC(75) y:   Garbage:         -               265M (53%)           9M (2%)            0M (0%)     
[2026-04-03T01:54:42.143+0600][19.821s][info][gc,heap     ] GC(75) y: Allocated:         -                14M (3%)           16M (3%)           19M (4%)     
[2026-04-03T01:54:42.143+0600][19.822s][info][gc,heap     ] GC(75) y: Reclaimed:         -                  -               256M (51%)         265M (53%)    
[2026-04-03T01:54:42.143+0600][19.822s][info][gc,heap     ] GC(75) y:  Promoted:         -                  -                 0M (0%)            0M (0%)     
[2026-04-03T01:54:42.143+0600][19.822s][info][gc,heap     ] GC(75) y: Compacted:         -                  -                  -                 0M (0%)     
[2026-04-03T01:54:42.143+0600][19.822s][info][gc,phases   ] GC(75) y: Young Generation 436M(87%)->190M(38%) 0.011s
[2026-04-03T01:54:42.143+0600][19.822s][info][gc          ] GC(75) Minor Collection (Allocation Rate) 436M(87%)->190M(38%) 0.012s
[2026-04-03T01:54:42.259+0600][19.938s][info][gc          ] GC(76) Major Collection (System.gc())
[2026-04-03T01:54:42.259+0600][19.938s][info][gc,task     ] GC(76) Using 3 Workers for Young Generation
[2026-04-03T01:54:42.259+0600][19.938s][info][gc,task     ] GC(76) Using 3 Workers for Old Generation
[2026-04-03T01:54:42.259+0600][19.938s][info][gc,phases   ] GC(76) Y: Young Generation (Promote All)
[2026-04-03T01:54:42.260+0600][19.939s][info][gc,phases   ] GC(76) Y: Pause Mark Start 0.026ms
[2026-04-03T01:54:42.270+0600][19.948s][info][gc,phases   ] GC(76) Y: Concurrent Mark 9.740ms
[2026-04-03T01:54:42.270+0600][19.949s][info][gc,phases   ] GC(76) Y: Pause Mark End 0.026ms
[2026-04-03T01:54:42.270+0600][19.949s][info][gc,phases   ] GC(76) Y: Concurrent Mark Free 0.002ms
[2026-04-03T01:54:42.270+0600][19.949s][info][gc,phases   ] GC(76) Y: Concurrent Reset Relocation Set 0.002ms
[2026-04-03T01:54:42.272+0600][19.951s][info][gc,reloc    ] GC(76) Y: Using tenuring threshold: 0 (Promote All)
[2026-04-03T01:54:42.272+0600][19.951s][info][gc,phases   ] GC(76) Y: Concurrent Select Relocation Set 2.617ms
[2026-04-03T01:54:42.273+0600][19.951s][info][gc,phases   ] GC(76) Y: Pause Relocate Start 0.021ms
[2026-04-03T01:54:42.273+0600][19.952s][info][gc,phases   ] GC(76) Y: Concurrent Relocate 0.605ms
[2026-04-03T01:54:42.273+0600][19.952s][info][gc,alloc    ] GC(76) Y:                         Mark Start        Mark End      Relocate Start    Relocate End   
[2026-04-03T01:54:42.273+0600][19.952s][info][gc,alloc    ] GC(76) Y: Allocation Stalls:          0                0                0                0         
[2026-04-03T01:54:42.273+0600][19.952s][info][gc,load     ] GC(76) Y: Load: 7.90 (66%) / 7.88 (66%) / 7.50 (63%)
[2026-04-03T01:54:42.273+0600][19.952s][info][gc,mmu      ] GC(76) Y: MMU: 2ms/93.8%, 5ms/97.5%, 10ms/98.7%, 20ms/99.2%, 50ms/99.5%, 100ms/99.6%
[2026-04-03T01:54:42.273+0600][19.952s][info][gc,marking  ] GC(76) Y: Mark: 2 stripe(s), 2 proactive flush(es), 1 terminate flush(es), 0 completion(s), 0 continuation(s) 
[2026-04-03T01:54:42.273+0600][19.952s][info][gc,marking  ] GC(76) Y: Mark Stack Usage: 32M
[2026-04-03T01:54:42.273+0600][19.952s][info][gc,nmethod  ] GC(76) Y: NMethods: 5030 registered, 153 unregistered
[2026-04-03T01:54:42.273+0600][19.952s][info][gc,metaspace] GC(76) Y: Metaspace: 64M used, 65M committed, 1088M reserved
[2026-04-03T01:54:42.274+0600][19.952s][info][gc,reloc    ] GC(76) Y:                        Candidates     Selected     In-Place         Size        Empty    Relocated 
[2026-04-03T01:54:42.274+0600][19.952s][info][gc,reloc    ] GC(76) Y: Small Pages:                   72           11            0         144M         120M           0M 
[2026-04-03T01:54:42.274+0600][19.952s][info][gc,reloc    ] GC(76) Y: Medium Pages:                   0            0            0           0M           0M           0M 
[2026-04-03T01:54:42.274+0600][19.952s][info][gc,reloc    ] GC(76) Y: Large Pages:                    4            0            0          12M          12M           0M 
[2026-04-03T01:54:42.274+0600][19.952s][info][gc,reloc    ] GC(76) Y: Forwarding Usage: 0M
[2026-04-03T01:54:42.274+0600][19.952s][info][gc,reloc    ] GC(76) Y: Age Table:
[2026-04-03T01:54:42.274+0600][19.952s][info][gc,reloc    ] GC(76) Y:                    Live             Garbage             Small              Medium             Large        
[2026-04-03T01:54:42.274+0600][19.952s][info][gc,reloc    ] GC(76) Y: Eden               0M (0%)          151M (30%)         70 / 10             0 / 0              4 / 0        
[2026-04-03T01:54:42.274+0600][19.952s][info][gc,reloc    ] GC(76) Y: Survivor 1         0M (0%)            1M (0%)           1 / 1              0 / 0              0 / 0        
[2026-04-03T01:54:42.274+0600][19.952s][info][gc,reloc    ] GC(76) Y: Survivor 2         0M (0%)            1M (0%)           1 / 0              0 / 0              0 / 0        
[2026-04-03T01:54:42.274+0600][19.952s][info][gc,heap     ] GC(76) Y: Min Capacity: 8M(2%)
[2026-04-03T01:54:42.274+0600][19.952s][info][gc,heap     ] GC(76) Y: Max Capacity: 500M(100%)
[2026-04-03T01:54:42.274+0600][19.952s][info][gc,heap     ] GC(76) Y: Soft Max Capacity: 500M(100%)
[2026-04-03T01:54:42.274+0600][19.952s][info][gc,heap     ] GC(76) Y: Heap Statistics:
[2026-04-03T01:54:42.274+0600][19.952s][info][gc,heap     ] GC(76) Y:                Mark Start          Mark End        Relocate Start      Relocate End           High               Low         
[2026-04-03T01:54:42.274+0600][19.952s][info][gc,heap     ] GC(76) Y:  Capacity:      500M (100%)        500M (100%)        500M (100%)        500M (100%)        500M (100%)        500M (100%)   
[2026-04-03T01:54:42.274+0600][19.952s][info][gc,heap     ] GC(76) Y:      Free:      174M (35%)         174M (35%)         306M (61%)         322M (64%)         322M (64%)         174M (35%)    
[2026-04-03T01:54:42.274+0600][19.952s][info][gc,heap     ] GC(76) Y:      Used:      326M (65%)         326M (65%)         194M (39%)         178M (36%)         326M (65%)         178M (36%)    
[2026-04-03T01:54:42.274+0600][19.952s][info][gc,heap     ] GC(76) Y: Young Generation Statistics:
[2026-04-03T01:54:42.274+0600][19.953s][info][gc,heap     ] GC(76) Y:                Mark Start          Mark End        Relocate Start      Relocate End    
[2026-04-03T01:54:42.274+0600][19.953s][info][gc,heap     ] GC(76) Y:      Used:      156M (31%)         156M (31%)          24M (5%)            0M (0%)     
[2026-04-03T01:54:42.274+0600][19.953s][info][gc,heap     ] GC(76) Y:      Live:         -                 0M (0%)            0M (0%)            0M (0%)     
[2026-04-03T01:54:42.274+0600][19.953s][info][gc,heap     ] GC(76) Y:   Garbage:         -               155M (31%)          23M (5%)            0M (0%)     
[2026-04-03T01:54:42.274+0600][19.953s][info][gc,heap     ] GC(76) Y: Allocated:         -                 0M (0%)            0M (0%)            0M (0%)     
[2026-04-03T01:54:42.274+0600][19.953s][info][gc,heap     ] GC(76) Y: Reclaimed:         -                  -               132M (26%)         155M (31%)    
[2026-04-03T01:54:42.274+0600][19.953s][info][gc,heap     ] GC(76) Y:  Promoted:         -                  -                 0M (0%)            0M (0%)     
[2026-04-03T01:54:42.274+0600][19.953s][info][gc,heap     ] GC(76) Y: Compacted:         -                  -                  -                 0M (0%)     
[2026-04-03T01:54:42.274+0600][19.953s][info][gc,phases   ] GC(76) Y: Young Generation (Promote All) 326M(65%)->178M(36%) 0.014s
[2026-04-03T01:54:42.274+0600][19.953s][info][gc,phases   ] GC(76) Y: Young Generation (Collect Roots)
[2026-04-03T01:54:42.274+0600][19.953s][info][gc,phases   ] GC(76) Y: Pause Mark Start (Major) 0.023ms
[2026-04-03T01:54:42.282+0600][19.961s][info][gc,phases   ] GC(76) Y: Concurrent Mark 8.296ms
[2026-04-03T01:54:42.283+0600][19.961s][info][gc,phases   ] GC(76) Y: Pause Mark End 0.026ms
[2026-04-03T01:54:42.283+0600][19.962s][info][gc,phases   ] GC(76) Y: Concurrent Mark Free 0.264ms
[2026-04-03T01:54:42.283+0600][19.962s][info][gc,phases   ] GC(76) Y: Concurrent Reset Relocation Set 0.005ms
[2026-04-03T01:54:42.289+0600][19.967s][info][gc,reloc    ] GC(76) Y: Using tenuring threshold: 0 (Computed)
[2026-04-03T01:54:42.289+0600][19.968s][info][gc,phases   ] GC(76) Y: Concurrent Select Relocation Set 5.886ms
[2026-04-03T01:54:42.289+0600][19.968s][info][gc,phases   ] GC(76) Y: Pause Relocate Start 0.021ms
[2026-04-03T01:54:42.289+0600][19.968s][info][gc,phases   ] GC(76) Y: Concurrent Relocate 0.111ms
[2026-04-03T01:54:42.289+0600][19.968s][info][gc,alloc    ] GC(76) Y:                         Mark Start        Mark End      Relocate Start    Relocate End   
[2026-04-03T01:54:42.289+0600][19.968s][info][gc,alloc    ] GC(76) Y: Allocation Stalls:          0                0                0                0         
[2026-04-03T01:54:42.289+0600][19.968s][info][gc,load     ] GC(76) Y: Load: 7.90 (66%) / 7.88 (66%) / 7.50 (63%)
[2026-04-03T01:54:42.289+0600][19.968s][info][gc,mmu      ] GC(76) Y: MMU: 2ms/93.8%, 5ms/97.5%, 10ms/98.7%, 20ms/99.2%, 50ms/99.5%, 100ms/99.6%
[2026-04-03T01:54:42.289+0600][19.968s][info][gc,marking  ] GC(76) Y: Mark: 2 stripe(s), 1 proactive flush(es), 1 terminate flush(es), 0 completion(s), 0 continuation(s) 
[2026-04-03T01:54:42.289+0600][19.968s][info][gc,marking  ] GC(76) Y: Mark Stack Usage: 0M
[2026-04-03T01:54:42.289+0600][19.968s][info][gc,nmethod  ] GC(76) Y: NMethods: 5032 registered, 153 unregistered
[2026-04-03T01:54:42.289+0600][19.968s][info][gc,metaspace] GC(76) Y: Metaspace: 64M used, 65M committed, 1088M reserved
[2026-04-03T01:54:42.289+0600][19.968s][info][gc,heap     ] GC(76) Y: Min Capacity: 8M(2%)
[2026-04-03T01:54:42.289+0600][19.968s][info][gc,heap     ] GC(76) Y: Max Capacity: 500M(100%)
[2026-04-03T01:54:42.289+0600][19.968s][info][gc,heap     ] GC(76) Y: Soft Max Capacity: 500M(100%)
[2026-04-03T01:54:42.289+0600][19.968s][info][gc,heap     ] GC(76) Y: Heap Statistics:
[2026-04-03T01:54:42.289+0600][19.968s][info][gc,heap     ] GC(76) Y:                Mark Start          Mark End        Relocate Start      Relocate End           High               Low         
[2026-04-03T01:54:42.289+0600][19.968s][info][gc,heap     ] GC(76) Y:  Capacity:      500M (100%)        500M (100%)        500M (100%)        500M (100%)        500M (100%)        500M (100%)   
[2026-04-03T01:54:42.289+0600][19.968s][info][gc,heap     ] GC(76) Y:      Free:      322M (64%)         322M (64%)         322M (64%)         322M (64%)         322M (64%)         322M (64%)    
[2026-04-03T01:54:42.290+0600][19.968s][info][gc,heap     ] GC(76) Y:      Used:      178M (36%)         178M (36%)         178M (36%)         178M (36%)         178M (36%)         178M (36%)    
[2026-04-03T01:54:42.290+0600][19.968s][info][gc,heap     ] GC(76) Y: Young Generation Statistics:
[2026-04-03T01:54:42.290+0600][19.968s][info][gc,heap     ] GC(76) Y:                Mark Start          Mark End        Relocate Start      Relocate End    
[2026-04-03T01:54:42.290+0600][19.968s][info][gc,heap     ] GC(76) Y:      Used:        0M (0%)            0M (0%)            0M (0%)            0M (0%)     
[2026-04-03T01:54:42.290+0600][19.968s][info][gc,heap     ] GC(76) Y:      Live:         -                 0M (0%)            0M (0%)            0M (0%)     
[2026-04-03T01:54:42.290+0600][19.968s][info][gc,heap     ] GC(76) Y:   Garbage:         -                 0M (0%)            0M (0%)            0M (0%)     
[2026-04-03T01:54:42.290+0600][19.968s][info][gc,heap     ] GC(76) Y: Allocated:         -                 0M (0%)            0M (0%)            0M (0%)     
[2026-04-03T01:54:42.290+0600][19.968s][info][gc,heap     ] GC(76) Y: Reclaimed:         -                  -                 0M (0%)            0M (0%)     
[2026-04-03T01:54:42.290+0600][19.968s][info][gc,heap     ] GC(76) Y:  Promoted:         -                  -                 0M (0%)            0M (0%)     
[2026-04-03T01:54:42.290+0600][19.968s][info][gc,heap     ] GC(76) Y: Compacted:         -                  -                  -                 0M (0%)     
[2026-04-03T01:54:42.290+0600][19.968s][info][gc,phases   ] GC(76) Y: Young Generation (Collect Roots) 178M(36%)->178M(36%) 0.016s
[2026-04-03T01:54:42.290+0600][19.968s][info][gc,phases   ] GC(76) O: Old Generation
[2026-04-03T01:54:42.394+0600][20.073s][info][gc,phases   ] GC(76) O: Concurrent Mark 104.568ms
[2026-04-03T01:54:42.394+0600][20.073s][info][gc,phases   ] GC(76) O: Pause Mark End 0.027ms
[2026-04-03T01:54:42.394+0600][20.073s][info][gc,phases   ] GC(76) O: Concurrent Mark Free 0.001ms
[2026-04-03T01:54:42.401+0600][20.080s][info][gc,phases   ] GC(76) O: Concurrent Process Non-Strong 6.645ms
[2026-04-03T01:54:42.401+0600][20.080s][info][gc,phases   ] GC(76) O: Concurrent Reset Relocation Set 0.005ms
[2026-04-03T01:54:42.407+0600][20.085s][info][gc,phases   ] GC(76) O: Concurrent Select Relocation Set 5.342ms
[2026-04-03T01:54:42.407+0600][20.085s][info][gc,task     ] GC(76) O: Using 3 Workers for Old Generation
[2026-04-03T01:54:42.424+0600][20.102s][info][gc,task     ] GC(76) O: Using 3 Workers for Old Generation
[2026-04-03T01:54:42.424+0600][20.103s][info][gc,phases   ] GC(76) O: Concurrent Remap Roots 17.145ms
[2026-04-03T01:54:42.424+0600][20.103s][info][gc,phases   ] GC(76) O: Pause Relocate Start 0.020ms
[2026-04-03T01:54:42.426+0600][20.105s][info][gc,phases   ] GC(76) O: Concurrent Relocate 1.911ms
[2026-04-03T01:54:42.426+0600][20.105s][info][gc,alloc    ] GC(76) O:                         Mark Start        Mark End      Relocate Start    Relocate End   
[2026-04-03T01:54:42.426+0600][20.105s][info][gc,alloc    ] GC(76) O: Allocation Stalls:          0                0                0                0         
[2026-04-03T01:54:42.426+0600][20.105s][info][gc,load     ] GC(76) O: Load: 7.90 (66%) / 7.88 (66%) / 7.50 (63%)
[2026-04-03T01:54:42.426+0600][20.105s][info][gc,mmu      ] GC(76) O: MMU: 2ms/93.8%, 5ms/97.5%, 10ms/98.7%, 20ms/99.2%, 50ms/99.5%, 100ms/99.6%
[2026-04-03T01:54:42.426+0600][20.105s][info][gc,marking  ] GC(76) O: Mark: 2 stripe(s), 10 proactive flush(es), 1 terminate flush(es), 0 completion(s), 0 continuation(s) 
[2026-04-03T01:54:42.426+0600][20.105s][info][gc,marking  ] GC(76) O: Mark Stack Usage: 32M
[2026-04-03T01:54:42.426+0600][20.105s][info][gc,nmethod  ] GC(76) O: NMethods: 5037 registered, 171 unregistered
[2026-04-03T01:54:42.426+0600][20.105s][info][gc,metaspace] GC(76) O: Metaspace: 64M used, 65M committed, 1088M reserved
[2026-04-03T01:54:42.426+0600][20.105s][info][gc,ref      ] GC(76) O:                       Encountered   Discovered     Enqueued 
[2026-04-03T01:54:42.426+0600][20.105s][info][gc,ref      ] GC(76) O: Soft References:             4785            0            0 
[2026-04-03T01:54:42.426+0600][20.105s][info][gc,ref      ] GC(76) O: Weak References:             5906         2399          170 
[2026-04-03T01:54:42.426+0600][20.105s][info][gc,ref      ] GC(76) O: Final References:              74            0            0 
[2026-04-03T01:54:42.426+0600][20.105s][info][gc,ref      ] GC(76) O: Phantom References:           595          563            0 
[2026-04-03T01:54:42.426+0600][20.105s][info][gc,reloc    ] GC(76) O:                        Candidates     Selected     In-Place         Size        Empty    Relocated 
[2026-04-03T01:54:42.426+0600][20.105s][info][gc,reloc    ] GC(76) O: Small Pages:                   77           17            0         154M           6M           1M 
[2026-04-03T01:54:42.426+0600][20.105s][info][gc,reloc    ] GC(76) O: Medium Pages:                   1            0            0           8M           0M           0M 
[2026-04-03T01:54:42.426+0600][20.105s][info][gc,reloc    ] GC(76) O: Large Pages:                    4            0            0          16M           4M           0M 
[2026-04-03T01:54:42.426+0600][20.105s][info][gc,reloc    ] GC(76) O: Forwarding Usage: 0M
[2026-04-03T01:54:42.426+0600][20.105s][info][gc,heap     ] GC(76) O: Min Capacity: 8M(2%)
[2026-04-03T01:54:42.426+0600][20.105s][info][gc,heap     ] GC(76) O: Max Capacity: 500M(100%)
[2026-04-03T01:54:42.426+0600][20.105s][info][gc,heap     ] GC(76) O: Soft Max Capacity: 500M(100%)
[2026-04-03T01:54:42.426+0600][20.105s][info][gc,heap     ] GC(76) O: Heap Statistics:
[2026-04-03T01:54:42.426+0600][20.105s][info][gc,heap     ] GC(76) O:                Mark Start          Mark End        Relocate Start      Relocate End           High               Low         
[2026-04-03T01:54:42.426+0600][20.105s][info][gc,heap     ] GC(76) O:  Capacity:      500M (100%)        500M (100%)        500M (100%)        500M (100%)        500M (100%)        500M (100%)   
[2026-04-03T01:54:42.426+0600][20.105s][info][gc,heap     ] GC(76) O:      Free:      322M (64%)         320M (64%)         314M (63%)         344M (69%)         344M (69%)         308M (62%)    
[2026-04-03T01:54:42.426+0600][20.105s][info][gc,heap     ] GC(76) O:      Used:      178M (36%)         180M (36%)         186M (37%)         156M (31%)         192M (38%)         156M (31%)    
[2026-04-03T01:54:42.426+0600][20.105s][info][gc,heap     ] GC(76) O: Old Generation Statistics:
[2026-04-03T01:54:42.426+0600][20.105s][info][gc,heap     ] GC(76) O:                Mark Start          Mark End        Relocate Start      Relocate End    
[2026-04-03T01:54:42.426+0600][20.105s][info][gc,heap     ] GC(76) O:      Used:      178M (36%)         178M (36%)         168M (34%)         138M (28%)    
[2026-04-03T01:54:42.426+0600][20.105s][info][gc,heap     ] GC(76) O:      Live:         -               124M (25%)         124M (25%)         124M (25%)    
[2026-04-03T01:54:42.426+0600][20.105s][info][gc,heap     ] GC(76) O:   Garbage:         -                53M (11%)          43M (9%)            9M (2%)     
[2026-04-03T01:54:42.426+0600][20.105s][info][gc,heap     ] GC(76) O: Allocated:         -                 0M (0%)            0M (0%)            4M (1%)     
[2026-04-03T01:54:42.426+0600][20.105s][info][gc,heap     ] GC(76) O: Reclaimed:         -                  -                10M (2%)           44M (9%)     
[2026-04-03T01:54:42.426+0600][20.105s][info][gc,heap     ] GC(76) O: Compacted:         -                  -                  -                 1M (0%)     
[2026-04-03T01:54:42.426+0600][20.105s][info][gc,phases   ] GC(76) O: Old Generation 178M(36%)->156M(31%) 0.136s
[2026-04-03T01:54:42.426+0600][20.105s][info][gc          ] GC(76) Major Collection (System.gc()) 326M(65%)->156M(31%) 0.167s
[2026-04-03T01:54:42.630+0600][20.309s][info][gc          ] GC(77) Minor Collection (Allocation Rate)
[2026-04-03T01:54:42.630+0600][20.309s][info][gc,task     ] GC(77) Using 1 Workers for Young Generation
[2026-04-03T01:54:42.630+0600][20.309s][info][gc,phases   ] GC(77) y: Young Generation
[2026-04-03T01:54:42.630+0600][20.309s][info][gc,phases   ] GC(77) y: Pause Mark Start 0.022ms
[2026-04-03T01:54:42.653+0600][20.332s][info][gc,task     ] Adjusting Workers for Young Generation: 1 -> 3
[2026-04-03T01:54:42.678+0600][20.357s][info][gc,phases   ] GC(77) y: Concurrent Mark 47.759ms
[2026-04-03T01:54:42.678+0600][20.357s][info][gc,phases   ] GC(77) y: Pause Mark End 0.023ms
[2026-04-03T01:54:42.678+0600][20.357s][info][gc,phases   ] GC(77) y: Concurrent Mark Free 0.002ms
[2026-04-03T01:54:42.678+0600][20.357s][info][gc,phases   ] GC(77) y: Concurrent Reset Relocation Set 0.001ms
[2026-04-03T01:54:42.682+0600][20.361s][info][gc          ] Allocation Stall (Executor task launch worker for task 1.0 in stage 7.0 (TID 12)) 16.175ms
[2026-04-03T01:54:42.682+0600][20.361s][info][gc          ] Allocation Stall (Executor task launch worker for task 0.0 in stage 7.0 (TID 11)) 14.962ms
[2026-04-03T01:54:42.682+0600][20.361s][info][gc,reloc    ] GC(77) y: Using tenuring threshold: 1 (Computed)
[2026-04-03T01:54:42.686+0600][20.365s][info][gc,phases   ] GC(77) y: Concurrent Select Relocation Set 7.353ms
[2026-04-03T01:54:42.686+0600][20.365s][info][gc,phases   ] GC(77) y: Pause Relocate Start 0.021ms
[2026-04-03T01:54:42.697+0600][20.376s][info][gc,phases   ] GC(77) y: Concurrent Relocate 11.072ms
[2026-04-03T01:54:42.697+0600][20.376s][info][gc,alloc    ] GC(77) y:                         Mark Start        Mark End      Relocate Start    Relocate End   
[2026-04-03T01:54:42.697+0600][20.376s][info][gc,alloc    ] GC(77) y: Allocation Stalls:          0                2                0                0         
[2026-04-03T01:54:42.697+0600][20.376s][info][gc,load     ] GC(77) y: Load: 7.90 (66%) / 7.88 (66%) / 7.50 (63%)
[2026-04-03T01:54:42.697+0600][20.376s][info][gc,mmu      ] GC(77) y: MMU: 2ms/93.8%, 5ms/97.5%, 10ms/98.7%, 20ms/99.2%, 50ms/99.5%, 100ms/99.6%
[2026-04-03T01:54:42.697+0600][20.376s][info][gc,marking  ] GC(77) y: Mark: 1 stripe(s), 11 proactive flush(es), 2 terminate flush(es), 0 completion(s), 0 continuation(s) 
[2026-04-03T01:54:42.697+0600][20.376s][info][gc,marking  ] GC(77) y: Mark Stack Usage: 32M
[2026-04-03T01:54:42.697+0600][20.376s][info][gc,nmethod  ] GC(77) y: NMethods: 5156 registered, 171 unregistered
[2026-04-03T01:54:42.697+0600][20.376s][info][gc,metaspace] GC(77) y: Metaspace: 64M used, 65M committed, 1088M reserved
[2026-04-03T01:54:42.697+0600][20.376s][info][gc,reloc    ] GC(77) y:                        Candidates     Selected     In-Place         Size        Empty    Relocated 
[2026-04-03T01:54:42.697+0600][20.376s][info][gc,reloc    ] GC(77) y: Small Pages:                  133           83            0         266M          88M           8M 
[2026-04-03T01:54:42.697+0600][20.376s][info][gc,reloc    ] GC(77) y: Medium Pages:                   1            0            0           8M           8M           0M 
[2026-04-03T01:54:42.697+0600][20.376s][info][gc,reloc    ] GC(77) y: Large Pages:                    4            0            0          16M          14M           0M 
[2026-04-03T01:54:42.697+0600][20.376s][info][gc,reloc    ] GC(77) y: Forwarding Usage: 5M
[2026-04-03T01:54:42.697+0600][20.376s][info][gc,reloc    ] GC(77) y: Age Table:
[2026-04-03T01:54:42.697+0600][20.376s][info][gc,reloc    ] GC(77) y:                    Live             Garbage             Small              Medium             Large        
[2026-04-03T01:54:42.697+0600][20.376s][info][gc,reloc    ] GC(77) y: Eden              11M (2%)          278M (56%)        133 / 83             1 / 0              4 / 0        
[2026-04-03T01:54:42.697+0600][20.376s][info][gc,heap     ] GC(77) y: Min Capacity: 8M(2%)
[2026-04-03T01:54:42.698+0600][20.376s][info][gc,heap     ] GC(77) y: Max Capacity: 500M(100%)
[2026-04-03T01:54:42.698+0600][20.376s][info][gc,heap     ] GC(77) y: Soft Max Capacity: 500M(100%)
[2026-04-03T01:54:42.698+0600][20.376s][info][gc,heap     ] GC(77) y: Heap Statistics:
[2026-04-03T01:54:42.698+0600][20.376s][info][gc,heap     ] GC(77) y:                Mark Start          Mark End        Relocate Start      Relocate End           High               Low         
[2026-04-03T01:54:42.698+0600][20.376s][info][gc,heap     ] GC(77) y:  Capacity:      500M (100%)        500M (100%)        500M (100%)        500M (100%)        500M (100%)        500M (100%)   
[2026-04-03T01:54:42.698+0600][20.376s][info][gc,heap     ] GC(77) y:      Free:       72M (14%)           0M (0%)          102M (20%)         246M (49%)         246M (49%)           0M (0%)     
[2026-04-03T01:54:42.698+0600][20.376s][info][gc,heap     ] GC(77) y:      Used:      428M (86%)         500M (100%)        398M (80%)         254M (51%)         500M (100%)        254M (51%)    
[2026-04-03T01:54:42.698+0600][20.376s][info][gc,heap     ] GC(77) y: Young Generation Statistics:
[2026-04-03T01:54:42.698+0600][20.376s][info][gc,heap     ] GC(77) y:                Mark Start          Mark End        Relocate Start      Relocate End    
[2026-04-03T01:54:42.698+0600][20.376s][info][gc,heap     ] GC(77) y:      Used:      290M (58%)         362M (72%)         260M (52%)         116M (23%)    
[2026-04-03T01:54:42.698+0600][20.376s][info][gc,heap     ] GC(77) y:      Live:         -                11M (2%)           11M (2%)           11M (2%)     
[2026-04-03T01:54:42.698+0600][20.377s][info][gc,heap     ] GC(77) y:   Garbage:         -               278M (56%)         168M (34%)           1M (0%)     
[2026-04-03T01:54:42.698+0600][20.377s][info][gc,heap     ] GC(77) y: Allocated:         -                72M (14%)          80M (16%)         103M (21%)    
[2026-04-03T01:54:42.698+0600][20.377s][info][gc,heap     ] GC(77) y: Reclaimed:         -                  -               110M (22%)         277M (55%)    
[2026-04-03T01:54:42.698+0600][20.377s][info][gc,heap     ] GC(77) y:  Promoted:         -                  -                 0M (0%)            0M (0%)     
[2026-04-03T01:54:42.698+0600][20.377s][info][gc,heap     ] GC(77) y: Compacted:         -                  -                  -                 8M (2%)     
[2026-04-03T01:54:42.698+0600][20.377s][info][gc,phases   ] GC(77) y: Young Generation 428M(86%)->254M(51%) 0.067s
[2026-04-03T01:54:42.698+0600][20.377s][info][gc          ] GC(77) Minor Collection (Allocation Rate) 428M(86%)->254M(51%) 0.068s
[2026-04-03T01:54:42.698+0600][20.377s][info][gc          ] GC(78) Minor Collection (Allocation Rate)
[2026-04-03T01:54:42.698+0600][20.377s][info][gc,task     ] GC(78) Using 3 Workers for Young Generation
[2026-04-03T01:54:42.698+0600][20.377s][info][gc,phases   ] GC(78) y: Young Generation
[2026-04-03T01:54:42.698+0600][20.377s][info][gc,phases   ] GC(78) y: Pause Mark Start 0.050ms
[2026-04-03T01:54:42.753+0600][20.432s][info][gc,phases   ] GC(78) y: Concurrent Mark 55.020ms
[2026-04-03T01:54:42.754+0600][20.433s][info][gc,phases   ] GC(78) y: Pause Mark End 0.103ms
[2026-04-03T01:54:42.754+0600][20.433s][info][gc,phases   ] GC(78) y: Concurrent Mark Free 0.003ms
[2026-04-03T01:54:42.754+0600][20.433s][info][gc,phases   ] GC(78) y: Concurrent Reset Relocation Set 0.020ms
[2026-04-03T01:54:42.756+0600][20.435s][info][gc,reloc    ] GC(78) y: Using tenuring threshold: 1 (Computed)
[2026-04-03T01:54:42.762+0600][20.440s][info][gc,phases   ] GC(78) y: Concurrent Select Relocation Set 7.512ms
[2026-04-03T01:54:42.762+0600][20.441s][info][gc,phases   ] GC(78) y: Pause Relocate Start 0.035ms
[2026-04-03T01:54:42.791+0600][20.470s][info][gc,phases   ] GC(78) y: Concurrent Relocate 28.809ms
[2026-04-03T01:54:42.791+0600][20.470s][info][gc,alloc    ] GC(78) y:                         Mark Start        Mark End      Relocate Start    Relocate End   
[2026-04-03T01:54:42.791+0600][20.470s][info][gc,alloc    ] GC(78) y: Allocation Stalls:          0                0                0                0         
[2026-04-03T01:54:42.791+0600][20.470s][info][gc,load     ] GC(78) y: Load: 7.90 (66%) / 7.88 (66%) / 7.50 (63%)
[2026-04-03T01:54:42.791+0600][20.470s][info][gc,mmu      ] GC(78) y: MMU: 2ms/93.8%, 5ms/97.5%, 10ms/98.6%, 20ms/99.2%, 50ms/99.5%, 100ms/99.6%
[2026-04-03T01:54:42.791+0600][20.470s][info][gc,marking  ] GC(78) y: Mark: 2 stripe(s), 10 proactive flush(es), 1 terminate flush(es), 0 completion(s), 0 continuation(s) 
[2026-04-03T01:54:42.791+0600][20.470s][info][gc,marking  ] GC(78) y: Mark Stack Usage: 32M
[2026-04-03T01:54:42.791+0600][20.470s][info][gc,nmethod  ] GC(78) y: NMethods: 5160 registered, 171 unregistered
[2026-04-03T01:54:42.791+0600][20.470s][info][gc,metaspace] GC(78) y: Metaspace: 64M used, 65M committed, 1088M reserved
[2026-04-03T01:54:42.791+0600][20.470s][info][gc,reloc    ] GC(78) y:                        Candidates     Selected     In-Place         Size        Empty    Relocated 
[2026-04-03T01:54:42.791+0600][20.470s][info][gc,reloc    ] GC(78) y: Small Pages:                   57           31            0         114M          36M           5M 
[2026-04-03T01:54:42.791+0600][20.470s][info][gc,reloc    ] GC(78) y: Medium Pages:                   0            0            0           0M           0M           0M 
[2026-04-03T01:54:42.791+0600][20.470s][info][gc,reloc    ] GC(78) y: Large Pages:                    1            0            0           2M           0M           0M 
[2026-04-03T01:54:42.791+0600][20.470s][info][gc,reloc    ] GC(78) y: Forwarding Usage: 4M
[2026-04-03T01:54:42.791+0600][20.470s][info][gc,reloc    ] GC(78) y: Age Table:
[2026-04-03T01:54:42.791+0600][20.470s][info][gc,reloc    ] GC(78) y:                    Live             Garbage             Small              Medium             Large        
[2026-04-03T01:54:42.791+0600][20.470s][info][gc,reloc    ] GC(78) y: Eden               4M (1%)           91M (18%)         48 / 27             0 / 0              0 / 0        
[2026-04-03T01:54:42.791+0600][20.470s][info][gc,reloc    ] GC(78) y: Survivor 1        11M (2%)            8M (2%)           9 / 4              0 / 0              1 / 0        
[2026-04-03T01:54:42.791+0600][20.470s][info][gc,heap     ] GC(78) y: Min Capacity: 8M(2%)
[2026-04-03T01:54:42.791+0600][20.470s][info][gc,heap     ] GC(78) y: Max Capacity: 500M(100%)
[2026-04-03T01:54:42.791+0600][20.470s][info][gc,heap     ] GC(78) y: Soft Max Capacity: 500M(100%)
[2026-04-03T01:54:42.791+0600][20.470s][info][gc,heap     ] GC(78) y: Heap Statistics:
[2026-04-03T01:54:42.791+0600][20.470s][info][gc,heap     ] GC(78) y:                Mark Start          Mark End        Relocate Start      Relocate End           High               Low         
[2026-04-03T01:54:42.791+0600][20.470s][info][gc,heap     ] GC(78) y:  Capacity:      500M (100%)        500M (100%)        500M (100%)        500M (100%)        500M (100%)        500M (100%)   
[2026-04-03T01:54:42.791+0600][20.470s][info][gc,heap     ] GC(78) y:      Free:      246M (49%)         156M (31%)         180M (36%)         196M (39%)         246M (49%)         152M (30%)    
[2026-04-03T01:54:42.791+0600][20.470s][info][gc,heap     ] GC(78) y:      Used:      254M (51%)         344M (69%)         320M (64%)         304M (61%)         348M (70%)         254M (51%)    
[2026-04-03T01:54:42.791+0600][20.470s][info][gc,heap     ] GC(78) y: Young Generation Statistics:
[2026-04-03T01:54:42.791+0600][20.470s][info][gc,heap     ] GC(78) y:                Mark Start          Mark End        Relocate Start      Relocate End    
[2026-04-03T01:54:42.791+0600][20.470s][info][gc,heap     ] GC(78) y:      Used:      116M (23%)         206M (41%)         172M (34%)         146M (29%)    
[2026-04-03T01:54:42.792+0600][20.470s][info][gc,heap     ] GC(78) y:      Live:         -                15M (3%)            6M (1%)            4M (1%)     
[2026-04-03T01:54:42.792+0600][20.470s][info][gc,heap     ] GC(78) y:   Garbage:         -               100M (20%)          63M (13%)           0M (0%)     
[2026-04-03T01:54:42.792+0600][20.470s][info][gc,heap     ] GC(78) y: Allocated:         -                90M (18%)         102M (20%)         141M (28%)    
[2026-04-03T01:54:42.792+0600][20.470s][info][gc,heap     ] GC(78) y: Reclaimed:         -                  -                37M (7%)          100M (20%)    
[2026-04-03T01:54:42.792+0600][20.470s][info][gc,heap     ] GC(78) y:  Promoted:         -                  -                 8M (2%)           11M (2%)     
[2026-04-03T01:54:42.792+0600][20.470s][info][gc,heap     ] GC(78) y: Compacted:         -                  -                  -                 4M (1%)     
[2026-04-03T01:54:42.792+0600][20.470s][info][gc,phases   ] GC(78) y: Young Generation 254M(51%)->304M(61%) 0.093s
[2026-04-03T01:54:42.792+0600][20.470s][info][gc          ] GC(78) Minor Collection (Allocation Rate) 254M(51%)->306M(61%) 0.094s
[2026-04-03T01:54:42.792+0600][20.471s][info][gc          ] GC(79) Minor Collection (Allocation Rate)
[2026-04-03T01:54:42.792+0600][20.471s][info][gc,task     ] GC(79) Using 3 Workers for Young Generation
[2026-04-03T01:54:42.792+0600][20.471s][info][gc,phases   ] GC(79) y: Young Generation
[2026-04-03T01:54:42.792+0600][20.471s][info][gc,phases   ] GC(79) y: Pause Mark Start 0.034ms
[2026-04-03T01:54:42.847+0600][20.526s][info][gc,phases   ] GC(79) y: Concurrent Mark 55.006ms
[2026-04-03T01:54:42.847+0600][20.526s][info][gc,phases   ] GC(79) y: Pause Mark End 0.085ms
[2026-04-03T01:54:42.848+0600][20.526s][info][gc,phases   ] GC(79) y: Concurrent Mark Free 0.002ms
[2026-04-03T01:54:42.848+0600][20.526s][info][gc,phases   ] GC(79) y: Concurrent Reset Relocation Set 0.031ms
[2026-04-03T01:54:42.854+0600][20.533s][info][gc,reloc    ] GC(79) y: Using tenuring threshold: 2 (Computed)
[2026-04-03T01:54:42.855+0600][20.534s][info][gc,phases   ] GC(79) y: Concurrent Select Relocation Set 7.571ms
[2026-04-03T01:54:42.856+0600][20.534s][info][gc,phases   ] GC(79) y: Pause Relocate Start 0.027ms
[2026-04-03T01:54:42.864+0600][20.543s][info][gc,phases   ] GC(79) y: Concurrent Relocate 8.548ms
[2026-04-03T01:54:42.864+0600][20.543s][info][gc,alloc    ] GC(79) y:                         Mark Start        Mark End      Relocate Start    Relocate End   
[2026-04-03T01:54:42.864+0600][20.543s][info][gc,alloc    ] GC(79) y: Allocation Stalls:          0                0                0                0         
[2026-04-03T01:54:42.864+0600][20.543s][info][gc,load     ] GC(79) y: Load: 7.90 (66%) / 7.88 (66%) / 7.50 (63%)
[2026-04-03T01:54:42.864+0600][20.543s][info][gc,mmu      ] GC(79) y: MMU: 2ms/93.8%, 5ms/97.5%, 10ms/98.6%, 20ms/99.2%, 50ms/99.5%, 100ms/99.6%
[2026-04-03T01:54:42.864+0600][20.543s][info][gc,marking  ] GC(79) y: Mark: 2 stripe(s), 10 proactive flush(es), 1 terminate flush(es), 0 completion(s), 0 continuation(s) 
[2026-04-03T01:54:42.864+0600][20.543s][info][gc,marking  ] GC(79) y: Mark Stack Usage: 32M
[2026-04-03T01:54:42.864+0600][20.543s][info][gc,nmethod  ] GC(79) y: NMethods: 5160 registered, 171 unregistered
[2026-04-03T01:54:42.864+0600][20.543s][info][gc,metaspace] GC(79) y: Metaspace: 64M used, 65M committed, 1088M reserved
[2026-04-03T01:54:42.864+0600][20.543s][info][gc,reloc    ] GC(79) y:                        Candidates     Selected     In-Place         Size        Empty    Relocated 
[2026-04-03T01:54:42.864+0600][20.543s][info][gc,reloc    ] GC(79) y: Small Pages:                   72           38            0         144M          56M           4M 
[2026-04-03T01:54:42.864+0600][20.543s][info][gc,reloc    ] GC(79) y: Medium Pages:                   0            0            0           0M           0M           0M 
[2026-04-03T01:54:42.864+0600][20.543s][info][gc,reloc    ] GC(79) y: Large Pages:                    1            0            0           4M           0M           0M 
[2026-04-03T01:54:42.864+0600][20.543s][info][gc,reloc    ] GC(79) y: Forwarding Usage: 4M
[2026-04-03T01:54:42.864+0600][20.543s][info][gc,reloc    ] GC(79) y: Age Table:
[2026-04-03T01:54:42.864+0600][20.543s][info][gc,reloc    ] GC(79) y:                    Live             Garbage             Small              Medium             Large        
[2026-04-03T01:54:42.864+0600][20.543s][info][gc,reloc    ] GC(79) y: Eden               9M (2%)          130M (26%)         68 / 37             0 / 0              1 / 0        
[2026-04-03T01:54:42.864+0600][20.543s][info][gc,reloc    ] GC(79) y: Survivor 1         4M (1%)            3M (1%)           4 / 1              0 / 0              0 / 0        
[2026-04-03T01:54:42.864+0600][20.543s][info][gc,heap     ] GC(79) y: Min Capacity: 8M(2%)
[2026-04-03T01:54:42.865+0600][20.543s][info][gc,heap     ] GC(79) y: Max Capacity: 500M(100%)
[2026-04-03T01:54:42.865+0600][20.543s][info][gc,heap     ] GC(79) y: Soft Max Capacity: 500M(100%)
[2026-04-03T01:54:42.865+0600][20.543s][info][gc,heap     ] GC(79) y: Heap Statistics:
[2026-04-03T01:54:42.865+0600][20.543s][info][gc,heap     ] GC(79) y:                Mark Start          Mark End        Relocate Start      Relocate End           High               Low         
[2026-04-03T01:54:42.865+0600][20.543s][info][gc,heap     ] GC(79) y:  Capacity:      500M (100%)        500M (100%)        500M (100%)        500M (100%)        500M (100%)        500M (100%)   
[2026-04-03T01:54:42.865+0600][20.543s][info][gc,heap     ] GC(79) y:      Free:      194M (39%)         124M (25%)         174M (35%)         236M (47%)         236M (47%)         118M (24%)    
[2026-04-03T01:54:42.865+0600][20.543s][info][gc,heap     ] GC(79) y:      Used:      306M (61%)         376M (75%)         326M (65%)         264M (53%)         382M (76%)         264M (53%)    
[2026-04-03T01:54:42.865+0600][20.543s][info][gc,heap     ] GC(79) y: Young Generation Statistics:
[2026-04-03T01:54:42.865+0600][20.543s][info][gc,heap     ] GC(79) y:                Mark Start          Mark End        Relocate Start      Relocate End    
[2026-04-03T01:54:42.865+0600][20.543s][info][gc,heap     ] GC(79) y:      Used:      148M (30%)         218M (44%)         168M (34%)         106M (21%)    
[2026-04-03T01:54:42.865+0600][20.543s][info][gc,heap     ] GC(79) y:      Live:         -                13M (3%)           13M (3%)           13M (3%)     
[2026-04-03T01:54:42.865+0600][20.543s][info][gc,heap     ] GC(79) y:   Garbage:         -               134M (27%)          78M (16%)           1M (0%)     
[2026-04-03T01:54:42.865+0600][20.543s][info][gc,heap     ] GC(79) y: Allocated:         -                70M (14%)          76M (15%)          90M (18%)    
[2026-04-03T01:54:42.865+0600][20.543s][info][gc,heap     ] GC(79) y: Reclaimed:         -                  -                56M (11%)         132M (27%)    
[2026-04-03T01:54:42.865+0600][20.543s][info][gc,heap     ] GC(79) y:  Promoted:         -                  -                 0M (0%)            0M (0%)     
[2026-04-03T01:54:42.865+0600][20.543s][info][gc,heap     ] GC(79) y: Compacted:         -                  -                  -                 5M (1%)     
[2026-04-03T01:54:42.865+0600][20.544s][info][gc,phases   ] GC(79) y: Young Generation 306M(61%)->264M(53%) 0.072s
[2026-04-03T01:54:42.865+0600][20.544s][info][gc          ] GC(79) Minor Collection (Allocation Rate) 306M(61%)->266M(53%) 0.073s
[2026-04-03T01:54:42.865+0600][20.544s][info][gc          ] GC(80) Minor Collection (Allocation Rate)
[2026-04-03T01:54:42.865+0600][20.544s][info][gc,task     ] GC(80) Using 3 Workers for Young Generation
[2026-04-03T01:54:42.865+0600][20.544s][info][gc,phases   ] GC(80) y: Young Generation
[2026-04-03T01:54:42.865+0600][20.544s][info][gc,phases   ] GC(80) y: Pause Mark Start 0.022ms
[2026-04-03T01:54:42.911+0600][20.590s][info][gc,phases   ] GC(80) y: Concurrent Mark 45.774ms
[2026-04-03T01:54:42.911+0600][20.590s][info][gc,phases   ] GC(80) y: Pause Mark End 0.030ms
[2026-04-03T01:54:42.911+0600][20.590s][info][gc,phases   ] GC(80) y: Concurrent Mark Free 0.002ms
[2026-04-03T01:54:42.911+0600][20.590s][info][gc,phases   ] GC(80) y: Concurrent Reset Relocation Set 0.014ms
[2026-04-03T01:54:42.914+0600][20.593s][info][gc,reloc    ] GC(80) y: Using tenuring threshold: 1 (Computed)
[2026-04-03T01:54:42.922+0600][20.601s][info][gc,phases   ] GC(80) y: Concurrent Select Relocation Set 11.059ms
[2026-04-03T01:54:42.923+0600][20.601s][info][gc,phases   ] GC(80) y: Pause Relocate Start 0.033ms
[2026-04-03T01:54:42.940+0600][20.619s][info][gc,phases   ] GC(80) y: Concurrent Relocate 17.289ms
[2026-04-03T01:54:42.940+0600][20.619s][info][gc,alloc    ] GC(80) y:                         Mark Start        Mark End      Relocate Start    Relocate End   
[2026-04-03T01:54:42.940+0600][20.619s][info][gc,alloc    ] GC(80) y: Allocation Stalls:          0                0                0                0         
[2026-04-03T01:54:42.940+0600][20.619s][info][gc,load     ] GC(80) y: Load: 7.90 (66%) / 7.88 (66%) / 7.50 (63%)
[2026-04-03T01:54:42.940+0600][20.619s][info][gc,mmu      ] GC(80) y: MMU: 2ms/93.8%, 5ms/97.5%, 10ms/98.6%, 20ms/99.2%, 50ms/99.5%, 100ms/99.6%
[2026-04-03T01:54:42.940+0600][20.619s][info][gc,marking  ] GC(80) y: Mark: 2 stripe(s), 10 proactive flush(es), 1 terminate flush(es), 0 completion(s), 0 continuation(s) 
[2026-04-03T01:54:42.940+0600][20.619s][info][gc,marking  ] GC(80) y: Mark Stack Usage: 32M
[2026-04-03T01:54:42.940+0600][20.619s][info][gc,nmethod  ] GC(80) y: NMethods: 5160 registered, 171 unregistered
[2026-04-03T01:54:42.940+0600][20.619s][info][gc,metaspace] GC(80) y: Metaspace: 64M used, 65M committed, 1088M reserved
[2026-04-03T01:54:42.940+0600][20.619s][info][gc,reloc    ] GC(80) y:                        Candidates     Selected     In-Place         Size        Empty    Relocated 
[2026-04-03T01:54:42.940+0600][20.619s][info][gc,reloc    ] GC(80) y: Small Pages:                   52           11            0         104M          70M           1M 
[2026-04-03T01:54:42.940+0600][20.619s][info][gc,reloc    ] GC(80) y: Medium Pages:                   0            0            0           0M           0M           0M 
[2026-04-03T01:54:42.940+0600][20.619s][info][gc,reloc    ] GC(80) y: Large Pages:                    1            0            0           4M           0M           0M 
[2026-04-03T01:54:42.940+0600][20.619s][info][gc,reloc    ] GC(80) y: Forwarding Usage: 1M
[2026-04-03T01:54:42.941+0600][20.619s][info][gc,reloc    ] GC(80) y: Age Table:
[2026-04-03T01:54:42.941+0600][20.619s][info][gc,reloc    ] GC(80) y:                    Live             Garbage             Small              Medium             Large        
[2026-04-03T01:54:42.941+0600][20.619s][info][gc,reloc    ] GC(80) y: Eden               0M (0%)           85M (17%)         43 / 7              0 / 0              0 / 0        
[2026-04-03T01:54:42.941+0600][20.619s][info][gc,reloc    ] GC(80) y: Survivor 1         9M (2%)            4M (1%)           5 / 2              0 / 0              1 / 0        
[2026-04-03T01:54:42.941+0600][20.619s][info][gc,reloc    ] GC(80) y: Survivor 2         4M (1%)            3M (1%)           4 / 2              0 / 0              0 / 0        
[2026-04-03T01:54:42.941+0600][20.619s][info][gc,heap     ] GC(80) y: Min Capacity: 8M(2%)
[2026-04-03T01:54:42.941+0600][20.619s][info][gc,heap     ] GC(80) y: Max Capacity: 500M(100%)
[2026-04-03T01:54:42.941+0600][20.619s][info][gc,heap     ] GC(80) y: Soft Max Capacity: 500M(100%)
[2026-04-03T01:54:42.941+0600][20.619s][info][gc,heap     ] GC(80) y: Heap Statistics:
[2026-04-03T01:54:42.941+0600][20.619s][info][gc,heap     ] GC(80) y:                Mark Start          Mark End        Relocate Start      Relocate End           High               Low         
[2026-04-03T01:54:42.941+0600][20.619s][info][gc,heap     ] GC(80) y:  Capacity:      500M (100%)        500M (100%)        500M (100%)        500M (100%)        500M (100%)        500M (100%)   
[2026-04-03T01:54:42.941+0600][20.620s][info][gc,heap     ] GC(80) y:      Free:      234M (47%)         174M (35%)         228M (46%)         218M (44%)         242M (48%)         172M (34%)    
[2026-04-03T01:54:42.941+0600][20.620s][info][gc,heap     ] GC(80) y:      Used:      266M (53%)         326M (65%)         272M (54%)         282M (56%)         328M (66%)         258M (52%)    
[2026-04-03T01:54:42.941+0600][20.620s][info][gc,heap     ] GC(80) y: Young Generation Statistics:
[2026-04-03T01:54:42.941+0600][20.620s][info][gc,heap     ] GC(80) y:                Mark Start          Mark End        Relocate Start      Relocate End    
[2026-04-03T01:54:42.941+0600][20.620s][info][gc,heap     ] GC(80) y:      Used:      108M (22%)         168M (34%)         100M (20%)         106M (21%)    
[2026-04-03T01:54:42.941+0600][20.620s][info][gc,heap     ] GC(80) y:      Live:         -                13M (3%)            1M (0%)            0M (0%)     
[2026-04-03T01:54:42.941+0600][20.620s][info][gc,heap     ] GC(80) y:   Garbage:         -                94M (19%)          22M (5%)            0M (0%)     
[2026-04-03T01:54:42.941+0600][20.620s][info][gc,heap     ] GC(80) y: Allocated:         -                60M (12%)          76M (15%)         105M (21%)    
[2026-04-03T01:54:42.941+0600][20.620s][info][gc,heap     ] GC(80) y: Reclaimed:         -                  -                72M (14%)          94M (19%)    
[2026-04-03T01:54:42.941+0600][20.620s][info][gc,heap     ] GC(80) y:  Promoted:         -                  -                11M (2%)           13M (3%)     
[2026-04-03T01:54:42.941+0600][20.620s][info][gc,heap     ] GC(80) y: Compacted:         -                  -                  -                 0M (0%)     
[2026-04-03T01:54:42.941+0600][20.620s][info][gc,phases   ] GC(80) y: Young Generation 266M(53%)->282M(56%) 0.075s
[2026-04-03T01:54:42.941+0600][20.620s][info][gc          ] GC(80) Minor Collection (Allocation Rate) 266M(53%)->282M(56%) 0.076s
[2026-04-03T01:54:42.941+0600][20.620s][info][gc          ] GC(81) Major Collection (Allocation Rate)
[2026-04-03T01:54:42.941+0600][20.620s][info][gc,task     ] GC(81) Using 3 Workers for Young Generation
[2026-04-03T01:54:42.941+0600][20.620s][info][gc,task     ] GC(81) Using 1 Workers for Old Generation
[2026-04-03T01:54:42.941+0600][20.620s][info][gc,phases   ] GC(81) Y: Young Generation
[2026-04-03T01:54:42.941+0600][20.620s][info][gc,phases   ] GC(81) Y: Pause Mark Start (Major) 0.035ms
[2026-04-03T01:54:42.953+0600][20.632s][info][gc,phases   ] GC(81) Y: Concurrent Mark 11.241ms
[2026-04-03T01:54:42.953+0600][20.632s][info][gc,phases   ] GC(81) Y: Pause Mark End 0.043ms
[2026-04-03T01:54:42.953+0600][20.632s][info][gc,phases   ] GC(81) Y: Concurrent Mark Free 0.003ms
[2026-04-03T01:54:42.953+0600][20.632s][info][gc,phases   ] GC(81) Y: Concurrent Reset Relocation Set 0.026ms
[2026-04-03T01:54:42.960+0600][20.639s][info][gc,reloc    ] GC(81) Y: Using tenuring threshold: 2 (Computed)
[2026-04-03T01:54:42.960+0600][20.639s][info][gc,phases   ] GC(81) Y: Concurrent Select Relocation Set 6.707ms
[2026-04-03T01:54:42.960+0600][20.639s][info][gc,phases   ] GC(81) Y: Pause Relocate Start 0.047ms
[2026-04-03T01:54:42.961+0600][20.640s][info][gc,phases   ] GC(81) Y: Concurrent Relocate 0.410ms
[2026-04-03T01:54:42.961+0600][20.640s][info][gc,alloc    ] GC(81) Y:                         Mark Start        Mark End      Relocate Start    Relocate End   
[2026-04-03T01:54:42.961+0600][20.640s][info][gc,alloc    ] GC(81) Y: Allocation Stalls:          0                0                0                0         
[2026-04-03T01:54:42.961+0600][20.640s][info][gc,load     ] GC(81) Y: Load: 7.90 (66%) / 7.88 (66%) / 7.50 (63%)
[2026-04-03T01:54:42.961+0600][20.640s][info][gc,mmu      ] GC(81) Y: MMU: 2ms/93.8%, 5ms/97.5%, 10ms/98.6%, 20ms/99.2%, 50ms/99.5%, 100ms/99.6%
[2026-04-03T01:54:42.961+0600][20.640s][info][gc,marking  ] GC(81) Y: Mark: 2 stripe(s), 2 proactive flush(es), 1 terminate flush(es), 0 completion(s), 0 continuation(s) 
[2026-04-03T01:54:42.961+0600][20.640s][info][gc,marking  ] GC(81) Y: Mark Stack Usage: 32M
[2026-04-03T01:54:42.961+0600][20.640s][info][gc,nmethod  ] GC(81) Y: NMethods: 5160 registered, 171 unregistered
[2026-04-03T01:54:42.961+0600][20.640s][info][gc,metaspace] GC(81) Y: Metaspace: 64M used, 65M committed, 1088M reserved
[2026-04-03T01:54:42.961+0600][20.640s][info][gc,reloc    ] GC(81) Y:                        Candidates     Selected     In-Place         Size        Empty    Relocated 
[2026-04-03T01:54:42.961+0600][20.640s][info][gc,reloc    ] GC(81) Y: Small Pages:                   53            9            0         106M          86M           0M 
[2026-04-03T01:54:42.961+0600][20.640s][info][gc,reloc    ] GC(81) Y: Medium Pages:                   0            0            0           0M           0M           0M 
[2026-04-03T01:54:42.961+0600][20.640s][info][gc,reloc    ] GC(81) Y: Large Pages:                    0            0            0           0M           0M           0M 
[2026-04-03T01:54:42.961+0600][20.640s][info][gc,reloc    ] GC(81) Y: Forwarding Usage: 0M
[2026-04-03T01:54:42.961+0600][20.640s][info][gc,reloc    ] GC(81) Y: Age Table:
[2026-04-03T01:54:42.961+0600][20.640s][info][gc,reloc    ] GC(81) Y:                    Live             Garbage             Small              Medium             Large        
[2026-04-03T01:54:42.961+0600][20.640s][info][gc,reloc    ] GC(81) Y: Eden               0M (0%)           99M (20%)         50 / 6              0 / 0              0 / 0        
[2026-04-03T01:54:42.961+0600][20.640s][info][gc,reloc    ] GC(81) Y: Survivor 1         0M (0%)            5M (1%)           3 / 3              0 / 0              0 / 0        
[2026-04-03T01:54:42.961+0600][20.640s][info][gc,heap     ] GC(81) Y: Min Capacity: 8M(2%)
[2026-04-03T01:54:42.961+0600][20.640s][info][gc,heap     ] GC(81) Y: Max Capacity: 500M(100%)
[2026-04-03T01:54:42.961+0600][20.640s][info][gc,heap     ] GC(81) Y: Soft Max Capacity: 500M(100%)
[2026-04-03T01:54:42.961+0600][20.640s][info][gc,heap     ] GC(81) Y: Heap Statistics:
[2026-04-03T01:54:42.961+0600][20.640s][info][gc,heap     ] GC(81) Y:                Mark Start          Mark End        Relocate Start      Relocate End           High               Low         
[2026-04-03T01:54:42.961+0600][20.640s][info][gc,heap     ] GC(81) Y:  Capacity:      500M (100%)        500M (100%)        500M (100%)        500M (100%)        500M (100%)        500M (100%)   
[2026-04-03T01:54:42.961+0600][20.640s][info][gc,heap     ] GC(81) Y:      Free:      218M (44%)         200M (40%)         274M (55%)         282M (56%)         282M (56%)         192M (38%)    
[2026-04-03T01:54:42.961+0600][20.640s][info][gc,heap     ] GC(81) Y:      Used:      282M (56%)         300M (60%)         226M (45%)         218M (44%)         308M (62%)         218M (44%)    
[2026-04-03T01:54:42.961+0600][20.640s][info][gc,heap     ] GC(81) Y: Young Generation Statistics:
[2026-04-03T01:54:42.961+0600][20.640s][info][gc,heap     ] GC(81) Y:                Mark Start          Mark End        Relocate Start      Relocate End    
[2026-04-03T01:54:42.961+0600][20.640s][info][gc,heap     ] GC(81) Y:      Used:      106M (21%)         124M (25%)          50M (10%)          42M (8%)     
[2026-04-03T01:54:42.961+0600][20.640s][info][gc,heap     ] GC(81) Y:      Live:         -                 0M (0%)            0M (0%)            0M (0%)     
[2026-04-03T01:54:42.961+0600][20.640s][info][gc,heap     ] GC(81) Y:   Garbage:         -               105M (21%)          19M (4%)            0M (0%)     
[2026-04-03T01:54:42.961+0600][20.640s][info][gc,heap     ] GC(81) Y: Allocated:         -                18M (4%)           30M (6%)           41M (8%)     
[2026-04-03T01:54:42.961+0600][20.640s][info][gc,heap     ] GC(81) Y: Reclaimed:         -                  -                86M (17%)         105M (21%)    
[2026-04-03T01:54:42.961+0600][20.640s][info][gc,heap     ] GC(81) Y:  Promoted:         -                  -                 0M (0%)            0M (0%)     
[2026-04-03T01:54:42.961+0600][20.640s][info][gc,heap     ] GC(81) Y: Compacted:         -                  -                  -                 0M (0%)     
[2026-04-03T01:54:42.961+0600][20.640s][info][gc,phases   ] GC(81) Y: Young Generation 282M(56%)->218M(44%) 0.020s
[2026-04-03T01:54:42.961+0600][20.640s][info][gc,phases   ] GC(81) O: Old Generation
[2026-04-03T01:54:42.963+0600][20.642s][info][gc          ] GC(82) Minor Collection (Allocation Rate)
[2026-04-03T01:54:42.963+0600][20.642s][info][gc,task     ] GC(82) Using 2 Workers for Young Generation
[2026-04-03T01:54:42.963+0600][20.642s][info][gc,phases   ] GC(82) y: Young Generation
[2026-04-03T01:54:42.963+0600][20.642s][info][gc,phases   ] GC(82) y: Pause Mark Start 0.020ms
[2026-04-03T01:54:42.973+0600][20.652s][info][gc,phases   ] GC(82) y: Concurrent Mark 10.160ms
[2026-04-03T01:54:42.974+0600][20.652s][info][gc,phases   ] GC(82) y: Pause Mark End 0.026ms
[2026-04-03T01:54:42.974+0600][20.653s][info][gc,phases   ] GC(82) y: Concurrent Mark Free 0.001ms
[2026-04-03T01:54:42.974+0600][20.653s][info][gc,phases   ] GC(82) y: Concurrent Reset Relocation Set 0.003ms
[2026-04-03T01:54:42.976+0600][20.655s][info][gc,reloc    ] GC(82) y: Using tenuring threshold: 1 (Computed)
[2026-04-03T01:54:42.976+0600][20.655s][info][gc,phases   ] GC(82) y: Concurrent Select Relocation Set 2.323ms
[2026-04-03T01:54:42.976+0600][20.655s][info][gc,phases   ] GC(82) y: Pause Relocate Start 0.013ms
[2026-04-03T01:54:42.977+0600][20.655s][info][gc,phases   ] GC(82) y: Concurrent Relocate 0.231ms
[2026-04-03T01:54:42.977+0600][20.655s][info][gc,alloc    ] GC(82) y:                         Mark Start        Mark End      Relocate Start    Relocate End   
[2026-04-03T01:54:42.977+0600][20.655s][info][gc,alloc    ] GC(82) y: Allocation Stalls:          0                0                0                0         
[2026-04-03T01:54:42.977+0600][20.655s][info][gc,load     ] GC(82) y: Load: 7.90 (66%) / 7.88 (66%) / 7.50 (63%)
[2026-04-03T01:54:42.977+0600][20.655s][info][gc,mmu      ] GC(82) y: MMU: 2ms/93.8%, 5ms/97.5%, 10ms/98.6%, 20ms/99.2%, 50ms/99.5%, 100ms/99.6%
[2026-04-03T01:54:42.977+0600][20.655s][info][gc,marking  ] GC(82) y: Mark: 2 stripe(s), 2 proactive flush(es), 1 terminate flush(es), 0 completion(s), 0 continuation(s) 
[2026-04-03T01:54:42.977+0600][20.655s][info][gc,marking  ] GC(82) y: Mark Stack Usage: 32M
[2026-04-03T01:54:42.977+0600][20.655s][info][gc,nmethod  ] GC(82) y: NMethods: 5161 registered, 171 unregistered
[2026-04-03T01:54:42.977+0600][20.655s][info][gc,metaspace] GC(82) y: Metaspace: 64M used, 65M committed, 1088M reserved
[2026-04-03T01:54:42.977+0600][20.655s][info][gc,reloc    ] GC(82) y:                        Candidates     Selected     In-Place         Size        Empty    Relocated 
[2026-04-03T01:54:42.977+0600][20.655s][info][gc,reloc    ] GC(82) y: Small Pages:                   23            9            0          46M          26M           0M 
[2026-04-03T01:54:42.977+0600][20.656s][info][gc,reloc    ] GC(82) y: Medium Pages:                   0            0            0           0M           0M           0M 
[2026-04-03T01:54:42.977+0600][20.656s][info][gc,reloc    ] GC(82) y: Large Pages:                    0            0            0           0M           0M           0M 
[2026-04-03T01:54:42.977+0600][20.656s][info][gc,reloc    ] GC(82) y: Forwarding Usage: 0M
[2026-04-03T01:54:42.977+0600][20.656s][info][gc,reloc    ] GC(82) y: Age Table:
[2026-04-03T01:54:42.977+0600][20.656s][info][gc,reloc    ] GC(82) y:                    Live             Garbage             Small              Medium             Large        
[2026-04-03T01:54:42.977+0600][20.656s][info][gc,reloc    ] GC(82) y: Eden               0M (0%)           33M (7%)          17 / 7              0 / 0              0 / 0        
[2026-04-03T01:54:42.977+0600][20.656s][info][gc,reloc    ] GC(82) y: Survivor 1         0M (0%)            5M (1%)           3 / 0              0 / 0              0 / 0        
[2026-04-03T01:54:42.977+0600][20.656s][info][gc,reloc    ] GC(82) y: Survivor 2         0M (0%)            5M (1%)           3 / 2              0 / 0              0 / 0        
[2026-04-03T01:54:42.977+0600][20.656s][info][gc,heap     ] GC(82) y: Min Capacity: 8M(2%)
[2026-04-03T01:54:42.977+0600][20.656s][info][gc,heap     ] GC(82) y: Max Capacity: 500M(100%)
[2026-04-03T01:54:42.977+0600][20.656s][info][gc,heap     ] GC(82) y: Soft Max Capacity: 500M(100%)
[2026-04-03T01:54:42.977+0600][20.656s][info][gc,heap     ] GC(82) y: Heap Statistics:
[2026-04-03T01:54:42.977+0600][20.656s][info][gc,heap     ] GC(82) y:                Mark Start          Mark End        Relocate Start      Relocate End           High               Low         
[2026-04-03T01:54:42.977+0600][20.656s][info][gc,heap     ] GC(82) y:  Capacity:      500M (100%)        500M (100%)        500M (100%)        500M (100%)        500M (100%)        500M (100%)   
[2026-04-03T01:54:42.977+0600][20.656s][info][gc,heap     ] GC(82) y:      Free:      278M (56%)         262M (52%)         286M (57%)         294M (59%)         294M (59%)         260M (52%)    
[2026-04-03T01:54:42.977+0600][20.656s][info][gc,heap     ] GC(82) y:      Used:      222M (44%)         238M (48%)         214M (43%)         206M (41%)         240M (48%)         206M (41%)    
[2026-04-03T01:54:42.977+0600][20.656s][info][gc,heap     ] GC(82) y: Young Generation Statistics:
[2026-04-03T01:54:42.977+0600][20.656s][info][gc,heap     ] GC(82) y:                Mark Start          Mark End        Relocate Start      Relocate End    
[2026-04-03T01:54:42.977+0600][20.656s][info][gc,heap     ] GC(82) y:      Used:       46M (9%)           62M (12%)          38M (8%)           26M (5%)     
[2026-04-03T01:54:42.977+0600][20.656s][info][gc,heap     ] GC(82) y:      Live:         -                 0M (0%)            0M (0%)            0M (0%)     
[2026-04-03T01:54:42.977+0600][20.656s][info][gc,heap     ] GC(82) y:   Garbage:         -                45M (9%)           19M (4%)            0M (0%)     
[2026-04-03T01:54:42.977+0600][20.656s][info][gc,heap     ] GC(82) y: Allocated:         -                16M (3%)           18M (4%)           25M (5%)     
[2026-04-03T01:54:42.977+0600][20.656s][info][gc,heap     ] GC(82) y: Reclaimed:         -                  -                26M (5%)           45M (9%)     
[2026-04-03T01:54:42.977+0600][20.656s][info][gc,heap     ] GC(82) y:  Promoted:         -                  -                 0M (0%)            0M (0%)     
[2026-04-03T01:54:42.977+0600][20.656s][info][gc,heap     ] GC(82) y: Compacted:         -                  -                  -                 0M (0%)     
[2026-04-03T01:54:42.977+0600][20.656s][info][gc,phases   ] GC(82) y: Young Generation 220M(44%)->206M(41%) 0.014s
[2026-04-03T01:54:42.977+0600][20.656s][info][gc          ] GC(82) Minor Collection (Allocation Rate) 220M(44%)->208M(42%) 0.014s
[2026-04-03T01:54:42.977+0600][20.656s][info][gc          ] GC(83) Minor Collection (Allocation Rate)
[2026-04-03T01:54:42.977+0600][20.656s][info][gc,task     ] GC(83) Using 2 Workers for Young Generation
[2026-04-03T01:54:42.977+0600][20.656s][info][gc,phases   ] GC(83) y: Young Generation
[2026-04-03T01:54:42.977+0600][20.656s][info][gc,phases   ] GC(83) y: Pause Mark Start 0.019ms
[2026-04-03T01:54:42.988+0600][20.667s][info][gc,phases   ] GC(83) y: Concurrent Mark 10.697ms
[2026-04-03T01:54:42.988+0600][20.667s][info][gc,phases   ] GC(83) y: Pause Mark End 0.032ms
[2026-04-03T01:54:42.988+0600][20.667s][info][gc,phases   ] GC(83) y: Concurrent Mark Free 0.003ms
[2026-04-03T01:54:42.989+0600][20.667s][info][gc,phases   ] GC(83) y: Concurrent Reset Relocation Set 0.004ms
[2026-04-03T01:54:42.993+0600][20.672s][info][gc,reloc    ] GC(83) y: Using tenuring threshold: 2 (Computed)
[2026-04-03T01:54:42.993+0600][20.672s][info][gc,phases   ] GC(83) y: Concurrent Select Relocation Set 4.830ms
[2026-04-03T01:54:42.994+0600][20.672s][info][gc,phases   ] GC(83) y: Pause Relocate Start 0.028ms
[2026-04-03T01:54:42.994+0600][20.673s][info][gc,phases   ] GC(83) y: Concurrent Relocate 0.292ms
[2026-04-03T01:54:42.994+0600][20.673s][info][gc,alloc    ] GC(83) y:                         Mark Start        Mark End      Relocate Start    Relocate End   
[2026-04-03T01:54:42.994+0600][20.673s][info][gc,alloc    ] GC(83) y: Allocation Stalls:          0                0                0                0         
[2026-04-03T01:54:42.994+0600][20.673s][info][gc,load     ] GC(83) y: Load: 7.90 (66%) / 7.88 (66%) / 7.50 (63%)
[2026-04-03T01:54:42.994+0600][20.673s][info][gc,mmu      ] GC(83) y: MMU: 2ms/93.8%, 5ms/97.5%, 10ms/98.6%, 20ms/99.2%, 50ms/99.5%, 100ms/99.6%
[2026-04-03T01:54:42.994+0600][20.673s][info][gc,marking  ] GC(83) y: Mark: 2 stripe(s), 2 proactive flush(es), 1 terminate flush(es), 0 completion(s), 0 continuation(s) 
[2026-04-03T01:54:42.994+0600][20.673s][info][gc,marking  ] GC(83) y: Mark Stack Usage: 32M
[2026-04-03T01:54:42.994+0600][20.673s][info][gc,nmethod  ] GC(83) y: NMethods: 5161 registered, 171 unregistered
[2026-04-03T01:54:42.994+0600][20.673s][info][gc,metaspace] GC(83) y: Metaspace: 64M used, 65M committed, 1088M reserved
[2026-04-03T01:54:42.994+0600][20.673s][info][gc,reloc    ] GC(83) y:                        Candidates     Selected     In-Place         Size        Empty    Relocated 
[2026-04-03T01:54:42.994+0600][20.673s][info][gc,reloc    ] GC(83) y: Small Pages:                   14            4            0          28M          18M           0M 
[2026-04-03T01:54:42.994+0600][20.673s][info][gc,reloc    ] GC(83) y: Medium Pages:                   0            0            0           0M           0M           0M 
[2026-04-03T01:54:42.994+0600][20.673s][info][gc,reloc    ] GC(83) y: Large Pages:                    0            0            0           0M           0M           0M 
[2026-04-03T01:54:42.994+0600][20.673s][info][gc,reloc    ] GC(83) y: Forwarding Usage: 0M
[2026-04-03T01:54:42.994+0600][20.673s][info][gc,reloc    ] GC(83) y: Age Table:
[2026-04-03T01:54:42.994+0600][20.673s][info][gc,reloc    ] GC(83) y:                    Live             Garbage             Small              Medium             Large        
[2026-04-03T01:54:42.994+0600][20.673s][info][gc,reloc    ] GC(83) y: Eden               0M (0%)           19M (4%)          10 / 3              0 / 0              0 / 0        
[2026-04-03T01:54:42.994+0600][20.673s][info][gc,reloc    ] GC(83) y: Survivor 1         0M (0%)            7M (2%)           4 / 1              0 / 0              0 / 0        
[2026-04-03T01:54:42.994+0600][20.673s][info][gc,heap     ] GC(83) y: Min Capacity: 8M(2%)
[2026-04-03T01:54:42.994+0600][20.673s][info][gc,heap     ] GC(83) y: Max Capacity: 500M(100%)
[2026-04-03T01:54:42.994+0600][20.673s][info][gc,heap     ] GC(83) y: Soft Max Capacity: 500M(100%)
[2026-04-03T01:54:42.994+0600][20.673s][info][gc,heap     ] GC(83) y: Heap Statistics:
[2026-04-03T01:54:42.995+0600][20.673s][info][gc,heap     ] GC(83) y:                Mark Start          Mark End        Relocate Start      Relocate End           High               Low         
[2026-04-03T01:54:42.995+0600][20.673s][info][gc,heap     ] GC(83) y:  Capacity:      500M (100%)        500M (100%)        500M (100%)        500M (100%)        500M (100%)        500M (100%)   
[2026-04-03T01:54:42.995+0600][20.673s][info][gc,heap     ] GC(83) y:      Free:      292M (58%)         278M (56%)         290M (58%)         294M (59%)         294M (59%)         274M (55%)    
[2026-04-03T01:54:42.995+0600][20.673s][info][gc,heap     ] GC(83) y:      Used:      208M (42%)         222M (44%)         210M (42%)         206M (41%)         226M (45%)         206M (41%)    
[2026-04-03T01:54:42.995+0600][20.673s][info][gc,heap     ] GC(83) y: Young Generation Statistics:
[2026-04-03T01:54:42.995+0600][20.673s][info][gc,heap     ] GC(83) y:                Mark Start          Mark End        Relocate Start      Relocate End    
[2026-04-03T01:54:42.995+0600][20.673s][info][gc,heap     ] GC(83) y:      Used:       28M (6%)           42M (8%)           30M (6%)           26M (5%)     
[2026-04-03T01:54:42.995+0600][20.673s][info][gc,heap     ] GC(83) y:      Live:         -                 0M (0%)            0M (0%)            0M (0%)     
[2026-04-03T01:54:42.995+0600][20.673s][info][gc,heap     ] GC(83) y:   Garbage:         -                27M (6%)            9M (2%)            0M (0%)     
[2026-04-03T01:54:42.995+0600][20.673s][info][gc,heap     ] GC(83) y: Allocated:         -                14M (3%)           20M (4%)           25M (5%)     
[2026-04-03T01:54:42.995+0600][20.674s][info][gc,heap     ] GC(83) y: Reclaimed:         -                  -                18M (4%)           27M (6%)     
[2026-04-03T01:54:42.995+0600][20.674s][info][gc,heap     ] GC(83) y:  Promoted:         -                  -                 0M (0%)            0M (0%)     
[2026-04-03T01:54:42.995+0600][20.674s][info][gc,heap     ] GC(83) y: Compacted:         -                  -                  -                 0M (0%)     
[2026-04-03T01:54:42.995+0600][20.674s][info][gc,phases   ] GC(83) y: Young Generation 208M(42%)->206M(41%) 0.017s
[2026-04-03T01:54:42.995+0600][20.674s][info][gc          ] GC(83) Minor Collection (Allocation Rate) 208M(42%)->208M(42%) 0.018s
[2026-04-03T01:54:43.029+0600][20.707s][info][gc          ] GC(84) Minor Collection (Allocation Rate)
[2026-04-03T01:54:43.029+0600][20.707s][info][gc,task     ] GC(84) Using 2 Workers for Young Generation
[2026-04-03T01:54:43.029+0600][20.707s][info][gc,phases   ] GC(84) y: Young Generation
[2026-04-03T01:54:43.029+0600][20.708s][info][gc,phases   ] GC(84) y: Pause Mark Start 0.029ms
[2026-04-03T01:54:43.039+0600][20.717s][info][gc,phases   ] GC(84) y: Concurrent Mark 9.447ms
[2026-04-03T01:54:43.039+0600][20.718s][info][gc,phases   ] GC(84) y: Pause Mark End 0.032ms
[2026-04-03T01:54:43.039+0600][20.718s][info][gc,phases   ] GC(84) y: Concurrent Mark Free 0.003ms
[2026-04-03T01:54:43.039+0600][20.718s][info][gc,phases   ] GC(84) y: Concurrent Reset Relocation Set 0.003ms
[2026-04-03T01:54:43.041+0600][20.720s][info][gc,reloc    ] GC(84) y: Using tenuring threshold: 3 (Computed)
[2026-04-03T01:54:43.042+0600][20.721s][info][gc,phases   ] GC(84) y: Concurrent Select Relocation Set 2.545ms
[2026-04-03T01:54:43.042+0600][20.721s][info][gc,phases   ] GC(84) y: Pause Relocate Start 0.025ms
[2026-04-03T01:54:43.043+0600][20.721s][info][gc,phases   ] GC(84) y: Concurrent Relocate 0.383ms
[2026-04-03T01:54:43.043+0600][20.722s][info][gc,alloc    ] GC(84) y:                         Mark Start        Mark End      Relocate Start    Relocate End   
[2026-04-03T01:54:43.043+0600][20.722s][info][gc,alloc    ] GC(84) y: Allocation Stalls:          0                0                0                0         
[2026-04-03T01:54:43.043+0600][20.722s][info][gc,load     ] GC(84) y: Load: 7.90 (66%) / 7.88 (66%) / 7.50 (63%)
[2026-04-03T01:54:43.043+0600][20.722s][info][gc,mmu      ] GC(84) y: MMU: 2ms/93.8%, 5ms/97.5%, 10ms/98.6%, 20ms/99.2%, 50ms/99.5%, 100ms/99.6%
[2026-04-03T01:54:43.043+0600][20.722s][info][gc,marking  ] GC(84) y: Mark: 2 stripe(s), 2 proactive flush(es), 1 terminate flush(es), 0 completion(s), 0 continuation(s) 
[2026-04-03T01:54:43.043+0600][20.722s][info][gc,marking  ] GC(84) y: Mark Stack Usage: 32M
[2026-04-03T01:54:43.043+0600][20.722s][info][gc,nmethod  ] GC(84) y: NMethods: 5162 registered, 171 unregistered
[2026-04-03T01:54:43.043+0600][20.722s][info][gc,metaspace] GC(84) y: Metaspace: 64M used, 65M committed, 1088M reserved
[2026-04-03T01:54:43.043+0600][20.722s][info][gc,reloc    ] GC(84) y:                        Candidates     Selected     In-Place         Size        Empty    Relocated 
[2026-04-03T01:54:43.043+0600][20.722s][info][gc,reloc    ] GC(84) y: Small Pages:                   45           10            0          90M          68M           0M 
[2026-04-03T01:54:43.043+0600][20.722s][info][gc,reloc    ] GC(84) y: Medium Pages:                   0            0            0           0M           0M           0M 
[2026-04-03T01:54:43.043+0600][20.722s][info][gc,reloc    ] GC(84) y: Large Pages:                    0            0            0           0M           0M           0M 
[2026-04-03T01:54:43.043+0600][20.722s][info][gc,reloc    ] GC(84) y: Forwarding Usage: 0M
[2026-04-03T01:54:43.043+0600][20.722s][info][gc,reloc    ] GC(84) y: Age Table:
[2026-04-03T01:54:43.043+0600][20.722s][info][gc,reloc    ] GC(84) y:                    Live             Garbage             Small              Medium             Large        
[2026-04-03T01:54:43.043+0600][20.722s][info][gc,reloc    ] GC(84) y: Eden               0M (0%)           83M (17%)         42 / 8              0 / 0              0 / 0        
[2026-04-03T01:54:43.043+0600][20.722s][info][gc,reloc    ] GC(84) y: Survivor 1         0M (0%)            3M (1%)           2 / 1              0 / 0              0 / 0        
[2026-04-03T01:54:43.043+0600][20.722s][info][gc,reloc    ] GC(84) y: Survivor 2         0M (0%)            1M (0%)           1 / 1              0 / 0              0 / 0        
[2026-04-03T01:54:43.043+0600][20.722s][info][gc,heap     ] GC(84) y: Min Capacity: 8M(2%)
[2026-04-03T01:54:43.043+0600][20.722s][info][gc,heap     ] GC(84) y: Max Capacity: 500M(100%)
[2026-04-03T01:54:43.043+0600][20.722s][info][gc,heap     ] GC(84) y: Soft Max Capacity: 500M(100%)
[2026-04-03T01:54:43.043+0600][20.722s][info][gc,heap     ] GC(84) y: Heap Statistics:
[2026-04-03T01:54:43.043+0600][20.722s][info][gc,heap     ] GC(84) y:                Mark Start          Mark End        Relocate Start      Relocate End           High               Low         
[2026-04-03T01:54:43.043+0600][20.722s][info][gc,heap     ] GC(84) y:  Capacity:      500M (100%)        500M (100%)        500M (100%)        500M (100%)        500M (100%)        500M (100%)   
[2026-04-03T01:54:43.043+0600][20.722s][info][gc,heap     ] GC(84) y:      Free:      230M (46%)         210M (42%)         274M (55%)         286M (57%)         286M (57%)         206M (41%)    
[2026-04-03T01:54:43.043+0600][20.722s][info][gc,heap     ] GC(84) y:      Used:      270M (54%)         290M (58%)         226M (45%)         214M (43%)         294M (59%)         214M (43%)    
[2026-04-03T01:54:43.043+0600][20.722s][info][gc,heap     ] GC(84) y: Young Generation Statistics:
[2026-04-03T01:54:43.043+0600][20.722s][info][gc,heap     ] GC(84) y:                Mark Start          Mark End        Relocate Start      Relocate End    
[2026-04-03T01:54:43.043+0600][20.722s][info][gc,heap     ] GC(84) y:      Used:       90M (18%)         110M (22%)          46M (9%)           34M (7%)     
[2026-04-03T01:54:43.043+0600][20.722s][info][gc,heap     ] GC(84) y:      Live:         -                 0M (0%)            0M (0%)            0M (0%)     
[2026-04-03T01:54:43.043+0600][20.722s][info][gc,heap     ] GC(84) y:   Garbage:         -                89M (18%)          21M (4%)            0M (0%)     
[2026-04-03T01:54:43.043+0600][20.722s][info][gc,heap     ] GC(84) y: Allocated:         -                20M (4%)           24M (5%)           33M (7%)     
[2026-04-03T01:54:43.043+0600][20.722s][info][gc,heap     ] GC(84) y: Reclaimed:         -                  -                68M (14%)          89M (18%)    
[2026-04-03T01:54:43.043+0600][20.722s][info][gc,heap     ] GC(84) y:  Promoted:         -                  -                 0M (0%)            0M (0%)     
[2026-04-03T01:54:43.043+0600][20.722s][info][gc,heap     ] GC(84) y: Compacted:         -                  -                  -                 0M (0%)     
[2026-04-03T01:54:43.043+0600][20.722s][info][gc,phases   ] GC(84) y: Young Generation 270M(54%)->214M(43%) 0.014s
[2026-04-03T01:54:43.043+0600][20.722s][info][gc          ] GC(84) Minor Collection (Allocation Rate) 270M(54%)->214M(43%) 0.014s
[2026-04-03T01:54:43.094+0600][20.773s][info][gc          ] GC(85) Minor Collection (Allocation Rate)
[2026-04-03T01:54:43.094+0600][20.773s][info][gc,task     ] GC(85) Using 2 Workers for Young Generation
[2026-04-03T01:54:43.094+0600][20.773s][info][gc,phases   ] GC(85) y: Young Generation
[2026-04-03T01:54:43.094+0600][20.773s][info][gc,phases   ] GC(85) y: Pause Mark Start 0.020ms
[2026-04-03T01:54:43.103+0600][20.782s][info][gc,phases   ] GC(85) y: Concurrent Mark 8.102ms
[2026-04-03T01:54:43.103+0600][20.782s][info][gc,phases   ] GC(85) y: Pause Mark End 0.025ms
[2026-04-03T01:54:43.103+0600][20.782s][info][gc,phases   ] GC(85) y: Concurrent Mark Free 0.002ms
[2026-04-03T01:54:43.103+0600][20.782s][info][gc,phases   ] GC(85) y: Concurrent Reset Relocation Set 0.002ms
[2026-04-03T01:54:43.108+0600][20.787s][info][gc,reloc    ] GC(85) y: Using tenuring threshold: 2 (Computed)
[2026-04-03T01:54:43.109+0600][20.788s][info][gc,phases   ] GC(85) y: Concurrent Select Relocation Set 5.466ms
[2026-04-03T01:54:43.109+0600][20.788s][info][gc,phases   ] GC(85) y: Pause Relocate Start 0.039ms
[2026-04-03T01:54:43.110+0600][20.788s][info][gc,phases   ] GC(85) y: Concurrent Relocate 0.404ms
[2026-04-03T01:54:43.110+0600][20.788s][info][gc,alloc    ] GC(85) y:                         Mark Start        Mark End      Relocate Start    Relocate End   
[2026-04-03T01:54:43.110+0600][20.789s][info][gc,alloc    ] GC(85) y: Allocation Stalls:          0                0                0                0         
[2026-04-03T01:54:43.110+0600][20.789s][info][gc,load     ] GC(85) y: Load: 7.90 (66%) / 7.88 (66%) / 7.50 (63%)
[2026-04-03T01:54:43.110+0600][20.789s][info][gc,mmu      ] GC(85) y: MMU: 2ms/93.8%, 5ms/97.5%, 10ms/98.6%, 20ms/99.2%, 50ms/99.5%, 100ms/99.6%
[2026-04-03T01:54:43.110+0600][20.789s][info][gc,marking  ] GC(85) y: Mark: 2 stripe(s), 2 proactive flush(es), 1 terminate flush(es), 0 completion(s), 0 continuation(s) 
[2026-04-03T01:54:43.110+0600][20.789s][info][gc,marking  ] GC(85) y: Mark Stack Usage: 32M
[2026-04-03T01:54:43.110+0600][20.789s][info][gc,nmethod  ] GC(85) y: NMethods: 5162 registered, 171 unregistered
[2026-04-03T01:54:43.110+0600][20.789s][info][gc,metaspace] GC(85) y: Metaspace: 64M used, 65M committed, 1088M reserved
[2026-04-03T01:54:43.110+0600][20.789s][info][gc,reloc    ] GC(85) y:                        Candidates     Selected     In-Place         Size        Empty    Relocated 
[2026-04-03T01:54:43.110+0600][20.789s][info][gc,reloc    ] GC(85) y: Small Pages:                   72           10            0         144M         122M           0M 
[2026-04-03T01:54:43.110+0600][20.789s][info][gc,reloc    ] GC(85) y: Medium Pages:                   0            0            0           0M           0M           0M 
[2026-04-03T01:54:43.110+0600][20.789s][info][gc,reloc    ] GC(85) y: Large Pages:                    0            0            0           0M           0M           0M 
[2026-04-03T01:54:43.110+0600][20.789s][info][gc,reloc    ] GC(85) y: Forwarding Usage: 0M
[2026-04-03T01:54:43.110+0600][20.789s][info][gc,reloc    ] GC(85) y: Age Table:
[2026-04-03T01:54:43.110+0600][20.789s][info][gc,reloc    ] GC(85) y:                    Live             Garbage             Small              Medium             Large        
[2026-04-03T01:54:43.110+0600][20.789s][info][gc,reloc    ] GC(85) y: Eden               0M (0%)          133M (27%)         67 / 7              0 / 0              0 / 0        
[2026-04-03T01:54:43.110+0600][20.789s][info][gc,reloc    ] GC(85) y: Survivor 1         0M (0%)            5M (1%)           3 / 3              0 / 0              0 / 0        
[2026-04-03T01:54:43.110+0600][20.789s][info][gc,reloc    ] GC(85) y: Survivor 2          -                 2M (0%)           1 / 0              0 / 0              0 / 0        
[2026-04-03T01:54:43.110+0600][20.789s][info][gc,reloc    ] GC(85) y: Survivor 3          -                 2M (0%)           1 / 0              0 / 0              0 / 0        
[2026-04-03T01:54:43.110+0600][20.789s][info][gc,heap     ] GC(85) y: Min Capacity: 8M(2%)
[2026-04-03T01:54:43.110+0600][20.789s][info][gc,heap     ] GC(85) y: Max Capacity: 500M(100%)
[2026-04-03T01:54:43.110+0600][20.789s][info][gc,heap     ] GC(85) y: Soft Max Capacity: 500M(100%)
[2026-04-03T01:54:43.110+0600][20.789s][info][gc,heap     ] GC(85) y: Heap Statistics:
[2026-04-03T01:54:43.110+0600][20.789s][info][gc,heap     ] GC(85) y:                Mark Start          Mark End        Relocate Start      Relocate End           High               Low         
[2026-04-03T01:54:43.110+0600][20.789s][info][gc,heap     ] GC(85) y:  Capacity:      500M (100%)        500M (100%)        500M (100%)        500M (100%)        500M (100%)        500M (100%)   
[2026-04-03T01:54:43.110+0600][20.789s][info][gc,heap     ] GC(85) y:      Free:      176M (35%)         158M (32%)         268M (54%)         280M (56%)         280M (56%)         146M (29%)    
[2026-04-03T01:54:43.110+0600][20.789s][info][gc,heap     ] GC(85) y:      Used:      324M (65%)         342M (68%)         232M (46%)         220M (44%)         354M (71%)         220M (44%)    
[2026-04-03T01:54:43.110+0600][20.789s][info][gc,heap     ] GC(85) y: Young Generation Statistics:
[2026-04-03T01:54:43.110+0600][20.789s][info][gc,heap     ] GC(85) y:                Mark Start          Mark End        Relocate Start      Relocate End    
[2026-04-03T01:54:43.110+0600][20.789s][info][gc,heap     ] GC(85) y:      Used:      144M (29%)         162M (32%)          52M (10%)          40M (8%)     
[2026-04-03T01:54:43.110+0600][20.789s][info][gc,heap     ] GC(85) y:      Live:         -                 0M (0%)            0M (0%)            0M (0%)     
[2026-04-03T01:54:43.110+0600][20.789s][info][gc,heap     ] GC(85) y:   Garbage:         -               143M (29%)          21M (4%)            0M (0%)     
[2026-04-03T01:54:43.110+0600][20.789s][info][gc,heap     ] GC(85) y: Allocated:         -                18M (4%)           30M (6%)           39M (8%)     
[2026-04-03T01:54:43.110+0600][20.789s][info][gc,heap     ] GC(85) y: Reclaimed:         -                  -               122M (24%)         143M (29%)    
[2026-04-03T01:54:43.110+0600][20.789s][info][gc,heap     ] GC(85) y:  Promoted:         -                  -                 0M (0%)            0M (0%)     
[2026-04-03T01:54:43.110+0600][20.789s][info][gc,heap     ] GC(85) y: Compacted:         -                  -                  -                 0M (0%)     
[2026-04-03T01:54:43.110+0600][20.789s][info][gc,phases   ] GC(85) y: Young Generation 322M(64%)->220M(44%) 0.015s
[2026-04-03T01:54:43.110+0600][20.789s][info][gc          ] GC(85) Minor Collection (Allocation Rate) 322M(64%)->220M(44%) 0.016s
[2026-04-03T01:54:43.145+0600][20.824s][info][gc          ] GC(86) Minor Collection (Allocation Rate)
[2026-04-03T01:54:43.145+0600][20.824s][info][gc,task     ] GC(86) Using 2 Workers for Young Generation
[2026-04-03T01:54:43.146+0600][20.824s][info][gc,phases   ] GC(86) y: Young Generation
[2026-04-03T01:54:43.146+0600][20.825s][info][gc,phases   ] GC(86) y: Pause Mark Start 0.026ms
[2026-04-03T01:54:43.153+0600][20.832s][info][gc,phases   ] GC(86) y: Concurrent Mark 7.196ms
[2026-04-03T01:54:43.153+0600][20.832s][info][gc,phases   ] GC(86) y: Pause Mark End 0.015ms
[2026-04-03T01:54:43.153+0600][20.832s][info][gc,phases   ] GC(86) y: Concurrent Mark Free 0.002ms
[2026-04-03T01:54:43.153+0600][20.832s][info][gc,phases   ] GC(86) y: Concurrent Reset Relocation Set 0.003ms
[2026-04-03T01:54:43.158+0600][20.837s][info][gc,reloc    ] GC(86) y: Using tenuring threshold: 3 (Computed)
[2026-04-03T01:54:43.158+0600][20.837s][info][gc,phases   ] GC(86) y: Concurrent Select Relocation Set 4.951ms
[2026-04-03T01:54:43.158+0600][20.837s][info][gc,phases   ] GC(86) y: Pause Relocate Start 0.010ms
[2026-04-03T01:54:43.159+0600][20.838s][info][gc,phases   ] GC(86) y: Concurrent Relocate 0.368ms
[2026-04-03T01:54:43.159+0600][20.838s][info][gc,alloc    ] GC(86) y:                         Mark Start        Mark End      Relocate Start    Relocate End   
[2026-04-03T01:54:43.159+0600][20.838s][info][gc,alloc    ] GC(86) y: Allocation Stalls:          0                0                0                0         
[2026-04-03T01:54:43.159+0600][20.838s][info][gc,load     ] GC(86) y: Load: 7.90 (66%) / 7.88 (66%) / 7.50 (63%)
[2026-04-03T01:54:43.159+0600][20.838s][info][gc,mmu      ] GC(86) y: MMU: 2ms/93.8%, 5ms/97.5%, 10ms/98.6%, 20ms/99.2%, 50ms/99.5%, 100ms/99.6%
[2026-04-03T01:54:43.159+0600][20.838s][info][gc,marking  ] GC(86) y: Mark: 2 stripe(s), 2 proactive flush(es), 1 terminate flush(es), 0 completion(s), 0 continuation(s) 
[2026-04-03T01:54:43.159+0600][20.838s][info][gc,marking  ] GC(86) y: Mark Stack Usage: 32M
[2026-04-03T01:54:43.159+0600][20.838s][info][gc,nmethod  ] GC(86) y: NMethods: 5162 registered, 171 unregistered
[2026-04-03T01:54:43.159+0600][20.838s][info][gc,metaspace] GC(86) y: Metaspace: 64M used, 65M committed, 1088M reserved
[2026-04-03T01:54:43.159+0600][20.838s][info][gc,reloc    ] GC(86) y:                        Candidates     Selected     In-Place         Size        Empty    Relocated 
[2026-04-03T01:54:43.159+0600][20.838s][info][gc,reloc    ] GC(86) y: Small Pages:                   63           13            0         126M          98M           0M 
[2026-04-03T01:54:43.159+0600][20.838s][info][gc,reloc    ] GC(86) y: Medium Pages:                   0            0            0           0M           0M           0M 
[2026-04-03T01:54:43.159+0600][20.838s][info][gc,reloc    ] GC(86) y: Large Pages:                    0            0            0           0M           0M           0M 
[2026-04-03T01:54:43.159+0600][20.838s][info][gc,reloc    ] GC(86) y: Forwarding Usage: 0M
[2026-04-03T01:54:43.159+0600][20.838s][info][gc,reloc    ] GC(86) y: Age Table:
[2026-04-03T01:54:43.159+0600][20.838s][info][gc,reloc    ] GC(86) y:                    Live             Garbage             Small              Medium             Large        
[2026-04-03T01:54:43.159+0600][20.838s][info][gc,reloc    ] GC(86) y: Eden               0M (0%)          117M (24%)         59 / 10             0 / 0              0 / 0        
[2026-04-03T01:54:43.159+0600][20.838s][info][gc,reloc    ] GC(86) y: Survivor 1         0M (0%)            3M (1%)           2 / 2              0 / 0              0 / 0        
[2026-04-03T01:54:43.159+0600][20.838s][info][gc,reloc    ] GC(86) y: Survivor 2         0M (0%)            3M (1%)           2 / 1              0 / 0              0 / 0        
[2026-04-03T01:54:43.159+0600][20.838s][info][gc,heap     ] GC(86) y: Min Capacity: 8M(2%)
[2026-04-03T01:54:43.159+0600][20.838s][info][gc,heap     ] GC(86) y: Max Capacity: 500M(100%)
[2026-04-03T01:54:43.159+0600][20.838s][info][gc,heap     ] GC(86) y: Soft Max Capacity: 500M(100%)
[2026-04-03T01:54:43.159+0600][20.838s][info][gc,heap     ] GC(86) y: Heap Statistics:
[2026-04-03T01:54:43.159+0600][20.838s][info][gc,heap     ] GC(86) y:                Mark Start          Mark End        Relocate Start      Relocate End           High               Low         
[2026-04-03T01:54:43.159+0600][20.838s][info][gc,heap     ] GC(86) y:  Capacity:      500M (100%)        500M (100%)        500M (100%)        500M (100%)        500M (100%)        500M (100%)   
[2026-04-03T01:54:43.159+0600][20.838s][info][gc,heap     ] GC(86) y:      Free:      194M (39%)         174M (35%)         262M (52%)         272M (54%)         276M (55%)         164M (33%)    
[2026-04-03T01:54:43.159+0600][20.838s][info][gc,heap     ] GC(86) y:      Used:      306M (61%)         326M (65%)         238M (48%)         228M (46%)         336M (67%)         224M (45%)    
[2026-04-03T01:54:43.159+0600][20.838s][info][gc,heap     ] GC(86) y: Young Generation Statistics:
[2026-04-03T01:54:43.159+0600][20.838s][info][gc,heap     ] GC(86) y:                Mark Start          Mark End        Relocate Start      Relocate End    
[2026-04-03T01:54:43.159+0600][20.838s][info][gc,heap     ] GC(86) y:      Used:      126M (25%)         146M (29%)          58M (12%)          48M (10%)    
[2026-04-03T01:54:43.159+0600][20.838s][info][gc,heap     ] GC(86) y:      Live:         -                 0M (0%)            0M (0%)            0M (0%)     
[2026-04-03T01:54:43.159+0600][20.838s][info][gc,heap     ] GC(86) y:   Garbage:         -               125M (25%)          27M (6%)            0M (0%)     
[2026-04-03T01:54:43.159+0600][20.838s][info][gc,heap     ] GC(86) y: Allocated:         -                20M (4%)           30M (6%)           47M (10%)    
[2026-04-03T01:54:43.159+0600][20.838s][info][gc,heap     ] GC(86) y: Reclaimed:         -                  -                98M (20%)         125M (25%)    
[2026-04-03T01:54:43.159+0600][20.838s][info][gc,heap     ] GC(86) y:  Promoted:         -                  -                 0M (0%)            0M (0%)     
[2026-04-03T01:54:43.159+0600][20.838s][info][gc,heap     ] GC(86) y: Compacted:         -                  -                  -                 0M (0%)     
[2026-04-03T01:54:43.159+0600][20.838s][info][gc,phases   ] GC(86) y: Young Generation 306M(61%)->228M(46%) 0.013s
[2026-04-03T01:54:43.159+0600][20.838s][info][gc          ] GC(86) Minor Collection (Allocation Rate) 306M(61%)->228M(46%) 0.014s
[2026-04-03T01:54:43.198+0600][20.877s][info][gc          ] GC(87) Minor Collection (Allocation Rate)
[2026-04-03T01:54:43.198+0600][20.877s][info][gc,task     ] GC(87) Using 2 Workers for Young Generation
[2026-04-03T01:54:43.198+0600][20.877s][info][gc,phases   ] GC(87) y: Young Generation
[2026-04-03T01:54:43.198+0600][20.877s][info][gc,phases   ] GC(87) y: Pause Mark Start 0.015ms
[2026-04-03T01:54:43.206+0600][20.884s][info][gc,phases   ] GC(87) y: Concurrent Mark 7.120ms
[2026-04-03T01:54:43.206+0600][20.884s][info][gc,phases   ] GC(87) y: Pause Mark End 0.014ms
[2026-04-03T01:54:43.206+0600][20.885s][info][gc,phases   ] GC(87) y: Concurrent Mark Free 0.002ms
[2026-04-03T01:54:43.206+0600][20.885s][info][gc,phases   ] GC(87) y: Concurrent Reset Relocation Set 0.003ms
[2026-04-03T01:54:43.211+0600][20.890s][info][gc,reloc    ] GC(87) y: Using tenuring threshold: 2 (Computed)
[2026-04-03T01:54:43.211+0600][20.890s][info][gc,phases   ] GC(87) y: Concurrent Select Relocation Set 5.621ms
[2026-04-03T01:54:43.212+0600][20.891s][info][gc,phases   ] GC(87) y: Pause Relocate Start 0.055ms
[2026-04-03T01:54:43.212+0600][20.891s][info][gc,phases   ] GC(87) y: Concurrent Relocate 0.248ms
[2026-04-03T01:54:43.212+0600][20.891s][info][gc,alloc    ] GC(87) y:                         Mark Start        Mark End      Relocate Start    Relocate End   
[2026-04-03T01:54:43.212+0600][20.891s][info][gc,alloc    ] GC(87) y: Allocation Stalls:          0                0                0                0         
[2026-04-03T01:54:43.212+0600][20.891s][info][gc,load     ] GC(87) y: Load: 7.90 (66%) / 7.88 (66%) / 7.50 (63%)
[2026-04-03T01:54:43.212+0600][20.891s][info][gc,mmu      ] GC(87) y: MMU: 2ms/93.8%, 5ms/97.5%, 10ms/98.6%, 20ms/99.2%, 50ms/99.5%, 100ms/99.6%
[2026-04-03T01:54:43.212+0600][20.891s][info][gc,marking  ] GC(87) y: Mark: 2 stripe(s), 2 proactive flush(es), 1 terminate flush(es), 0 completion(s), 0 continuation(s) 
[2026-04-03T01:54:43.212+0600][20.891s][info][gc,marking  ] GC(87) y: Mark Stack Usage: 32M
[2026-04-03T01:54:43.212+0600][20.891s][info][gc,nmethod  ] GC(87) y: NMethods: 5162 registered, 171 unregistered
[2026-04-03T01:54:43.212+0600][20.891s][info][gc,metaspace] GC(87) y: Metaspace: 64M used, 65M committed, 1088M reserved
[2026-04-03T01:54:43.212+0600][20.891s][info][gc,reloc    ] GC(87) y:                        Candidates     Selected     In-Place         Size        Empty    Relocated 
[2026-04-03T01:54:43.212+0600][20.891s][info][gc,reloc    ] GC(87) y: Small Pages:                   71            9            0         142M         122M           0M 
[2026-04-03T01:54:43.212+0600][20.891s][info][gc,reloc    ] GC(87) y: Medium Pages:                   0            0            0           0M           0M           0M 
[2026-04-03T01:54:43.212+0600][20.891s][info][gc,reloc    ] GC(87) y: Large Pages:                    0            0            0           0M           0M           0M 
[2026-04-03T01:54:43.212+0600][20.891s][info][gc,reloc    ] GC(87) y: Forwarding Usage: 0M
[2026-04-03T01:54:43.212+0600][20.891s][info][gc,reloc    ] GC(87) y: Age Table:
[2026-04-03T01:54:43.212+0600][20.891s][info][gc,reloc    ] GC(87) y:                    Live             Garbage             Small              Medium             Large        
[2026-04-03T01:54:43.212+0600][20.891s][info][gc,reloc    ] GC(87) y: Eden               0M (0%)          127M (26%)         64 / 5              0 / 0              0 / 0        
[2026-04-03T01:54:43.212+0600][20.891s][info][gc,reloc    ] GC(87) y: Survivor 1         0M (0%)            7M (2%)           4 / 4              0 / 0              0 / 0        
[2026-04-03T01:54:43.212+0600][20.891s][info][gc,reloc    ] GC(87) y: Survivor 2          -                 4M (1%)           2 / 0              0 / 0              0 / 0        
[2026-04-03T01:54:43.212+0600][20.891s][info][gc,reloc    ] GC(87) y: Survivor 3          -                 2M (0%)           1 / 0              0 / 0              0 / 0        
[2026-04-03T01:54:43.212+0600][20.891s][info][gc,heap     ] GC(87) y: Min Capacity: 8M(2%)
[2026-04-03T01:54:43.212+0600][20.891s][info][gc,heap     ] GC(87) y: Max Capacity: 500M(100%)
[2026-04-03T01:54:43.212+0600][20.891s][info][gc,heap     ] GC(87) y: Soft Max Capacity: 500M(100%)
[2026-04-03T01:54:43.212+0600][20.891s][info][gc,heap     ] GC(87) y: Heap Statistics:
[2026-04-03T01:54:43.212+0600][20.891s][info][gc,heap     ] GC(87) y:                Mark Start          Mark End        Relocate Start      Relocate End           High               Low         
[2026-04-03T01:54:43.212+0600][20.891s][info][gc,heap     ] GC(87) y:  Capacity:      500M (100%)        500M (100%)        500M (100%)        500M (100%)        500M (100%)        500M (100%)   
[2026-04-03T01:54:43.212+0600][20.891s][info][gc,heap     ] GC(87) y:      Free:      178M (36%)         158M (32%)         268M (54%)         278M (56%)         278M (56%)         146M (29%)    
[2026-04-03T01:54:43.212+0600][20.891s][info][gc,heap     ] GC(87) y:      Used:      322M (64%)         342M (68%)         232M (46%)         222M (44%)         354M (71%)         222M (44%)    
[2026-04-03T01:54:43.212+0600][20.891s][info][gc,heap     ] GC(87) y: Young Generation Statistics:
[2026-04-03T01:54:43.212+0600][20.891s][info][gc,heap     ] GC(87) y:                Mark Start          Mark End        Relocate Start      Relocate End    
[2026-04-03T01:54:43.212+0600][20.891s][info][gc,heap     ] GC(87) y:      Used:      142M (28%)         162M (32%)          52M (10%)          42M (8%)     
[2026-04-03T01:54:43.212+0600][20.891s][info][gc,heap     ] GC(87) y:      Live:         -                 0M (0%)            0M (0%)            0M (0%)     
[2026-04-03T01:54:43.212+0600][20.891s][info][gc,heap     ] GC(87) y:   Garbage:         -               141M (28%)          19M (4%)            0M (0%)     
[2026-04-03T01:54:43.212+0600][20.891s][info][gc,heap     ] GC(87) y: Allocated:         -                20M (4%)           32M (6%)           41M (8%)     
[2026-04-03T01:54:43.212+0600][20.891s][info][gc,heap     ] GC(87) y: Reclaimed:         -                  -               122M (24%)         141M (28%)    
[2026-04-03T01:54:43.212+0600][20.891s][info][gc,heap     ] GC(87) y:  Promoted:         -                  -                 0M (0%)            0M (0%)     
[2026-04-03T01:54:43.212+0600][20.891s][info][gc,heap     ] GC(87) y: Compacted:         -                  -                  -                 0M (0%)     
[2026-04-03T01:54:43.212+0600][20.891s][info][gc,phases   ] GC(87) y: Young Generation 322M(64%)->222M(44%) 0.014s
[2026-04-03T01:54:43.213+0600][20.891s][info][gc          ] GC(87) Minor Collection (Allocation Rate) 322M(64%)->222M(44%) 0.015s
[2026-04-03T01:54:43.265+0600][20.944s][info][gc          ] GC(88) Minor Collection (Allocation Rate)
[2026-04-03T01:54:43.265+0600][20.944s][info][gc,task     ] GC(88) Using 2 Workers for Young Generation
[2026-04-03T01:54:43.265+0600][20.944s][info][gc,phases   ] GC(88) y: Young Generation
[2026-04-03T01:54:43.265+0600][20.944s][info][gc,phases   ] GC(88) y: Pause Mark Start 0.022ms
[2026-04-03T01:54:43.274+0600][20.953s][info][gc,phases   ] GC(88) y: Concurrent Mark 8.599ms
[2026-04-03T01:54:43.274+0600][20.953s][info][gc,phases   ] GC(88) y: Pause Mark End 0.019ms
[2026-04-03T01:54:43.274+0600][20.953s][info][gc,phases   ] GC(88) y: Concurrent Mark Free 0.002ms
[2026-04-03T01:54:43.275+0600][20.953s][info][gc,phases   ] GC(88) y: Concurrent Reset Relocation Set 0.003ms
[2026-04-03T01:54:43.277+0600][20.955s][info][gc,reloc    ] GC(88) y: Using tenuring threshold: 3 (Computed)
[2026-04-03T01:54:43.277+0600][20.956s][info][gc,phases   ] GC(88) y: Concurrent Select Relocation Set 2.759ms
[2026-04-03T01:54:43.278+0600][20.956s][info][gc,phases   ] GC(88) y: Pause Relocate Start 0.011ms
[2026-04-03T01:54:43.278+0600][20.957s][info][gc,phases   ] GC(88) y: Concurrent Relocate 0.193ms
[2026-04-03T01:54:43.278+0600][20.957s][info][gc,alloc    ] GC(88) y:                         Mark Start        Mark End      Relocate Start    Relocate End   
[2026-04-03T01:54:43.278+0600][20.957s][info][gc,alloc    ] GC(88) y: Allocation Stalls:          0                0                0                0         
[2026-04-03T01:54:43.278+0600][20.957s][info][gc,load     ] GC(88) y: Load: 7.90 (66%) / 7.88 (66%) / 7.50 (63%)
[2026-04-03T01:54:43.278+0600][20.957s][info][gc,mmu      ] GC(88) y: MMU: 2ms/93.8%, 5ms/97.5%, 10ms/98.6%, 20ms/99.2%, 50ms/99.5%, 100ms/99.6%
[2026-04-03T01:54:43.278+0600][20.957s][info][gc,marking  ] GC(88) y: Mark: 2 stripe(s), 2 proactive flush(es), 1 terminate flush(es), 0 completion(s), 0 continuation(s) 
[2026-04-03T01:54:43.278+0600][20.957s][info][gc,marking  ] GC(88) y: Mark Stack Usage: 32M
[2026-04-03T01:54:43.278+0600][20.957s][info][gc,nmethod  ] GC(88) y: NMethods: 5162 registered, 171 unregistered
[2026-04-03T01:54:43.278+0600][20.957s][info][gc,metaspace] GC(88) y: Metaspace: 64M used, 65M committed, 1088M reserved
[2026-04-03T01:54:43.278+0600][20.957s][info][gc,reloc    ] GC(88) y:                        Candidates     Selected     In-Place         Size        Empty    Relocated 
[2026-04-03T01:54:43.278+0600][20.957s][info][gc,reloc    ] GC(88) y: Small Pages:                   84           10            0         168M         146M           0M 
[2026-04-03T01:54:43.278+0600][20.957s][info][gc,reloc    ] GC(88) y: Medium Pages:                   0            0            0           0M           0M           0M 
[2026-04-03T01:54:43.278+0600][20.957s][info][gc,reloc    ] GC(88) y: Large Pages:                    0            0            0           0M           0M           0M 
[2026-04-03T01:54:43.278+0600][20.957s][info][gc,reloc    ] GC(88) y: Forwarding Usage: 0M
[2026-04-03T01:54:43.278+0600][20.957s][info][gc,reloc    ] GC(88) y: Age Table:
[2026-04-03T01:54:43.278+0600][20.957s][info][gc,reloc    ] GC(88) y:                    Live             Garbage             Small              Medium             Large        
[2026-04-03T01:54:43.278+0600][20.957s][info][gc,reloc    ] GC(88) y: Eden               0M (0%)          159M (32%)         80 / 7              0 / 0              0 / 0        
[2026-04-03T01:54:43.278+0600][20.957s][info][gc,reloc    ] GC(88) y: Survivor 1         0M (0%)            5M (1%)           3 / 2              0 / 0              0 / 0        
[2026-04-03T01:54:43.278+0600][20.957s][info][gc,reloc    ] GC(88) y: Survivor 2         0M (0%)            1M (0%)           1 / 1              0 / 0              0 / 0        
[2026-04-03T01:54:43.278+0600][20.957s][info][gc,heap     ] GC(88) y: Min Capacity: 8M(2%)
[2026-04-03T01:54:43.278+0600][20.957s][info][gc,heap     ] GC(88) y: Max Capacity: 500M(100%)
[2026-04-03T01:54:43.278+0600][20.957s][info][gc,heap     ] GC(88) y: Soft Max Capacity: 500M(100%)
[2026-04-03T01:54:43.278+0600][20.957s][info][gc,heap     ] GC(88) y: Heap Statistics:
[2026-04-03T01:54:43.278+0600][20.957s][info][gc,heap     ] GC(88) y:                Mark Start          Mark End        Relocate Start      Relocate End           High               Low         
[2026-04-03T01:54:43.278+0600][20.957s][info][gc,heap     ] GC(88) y:  Capacity:      500M (100%)        500M (100%)        500M (100%)        500M (100%)        500M (100%)        500M (100%)   
[2026-04-03T01:54:43.278+0600][20.957s][info][gc,heap     ] GC(88) y:      Free:      152M (30%)         134M (27%)         274M (55%)         286M (57%)         286M (57%)         132M (26%)    
[2026-04-03T01:54:43.278+0600][20.957s][info][gc,heap     ] GC(88) y:      Used:      348M (70%)         366M (73%)         226M (45%)         214M (43%)         368M (74%)         214M (43%)    
[2026-04-03T01:54:43.278+0600][20.957s][info][gc,heap     ] GC(88) y: Young Generation Statistics:
[2026-04-03T01:54:43.278+0600][20.957s][info][gc,heap     ] GC(88) y:                Mark Start          Mark End        Relocate Start      Relocate End    
[2026-04-03T01:54:43.278+0600][20.957s][info][gc,heap     ] GC(88) y:      Used:      168M (34%)         186M (37%)          46M (9%)           34M (7%)     
[2026-04-03T01:54:43.278+0600][20.957s][info][gc,heap     ] GC(88) y:      Live:         -                 0M (0%)            0M (0%)            0M (0%)     
[2026-04-03T01:54:43.278+0600][20.957s][info][gc,heap     ] GC(88) y:   Garbage:         -               167M (34%)          21M (4%)            0M (0%)     
[2026-04-03T01:54:43.278+0600][20.957s][info][gc,heap     ] GC(88) y: Allocated:         -                18M (4%)           24M (5%)           33M (7%)     
[2026-04-03T01:54:43.278+0600][20.957s][info][gc,heap     ] GC(88) y: Reclaimed:         -                  -               146M (29%)         167M (34%)    
[2026-04-03T01:54:43.278+0600][20.957s][info][gc,heap     ] GC(88) y:  Promoted:         -                  -                 0M (0%)            0M (0%)     
[2026-04-03T01:54:43.278+0600][20.957s][info][gc,heap     ] GC(88) y: Compacted:         -                  -                  -                 0M (0%)     
[2026-04-03T01:54:43.278+0600][20.957s][info][gc,phases   ] GC(88) y: Young Generation 348M(70%)->214M(43%) 0.012s
[2026-04-03T01:54:43.278+0600][20.957s][info][gc          ] GC(88) Minor Collection (Allocation Rate) 348M(70%)->214M(43%) 0.013s
[2026-04-03T01:54:43.279+0600][20.957s][info][gc,phases   ] GC(81) O: Concurrent Mark 317.262ms
[2026-04-03T01:54:43.279+0600][20.958s][info][gc,phases   ] GC(81) O: Pause Mark End 0.014ms
[2026-04-03T01:54:43.279+0600][20.958s][info][gc,phases   ] GC(81) O: Concurrent Mark Free 0.002ms
[2026-04-03T01:54:43.299+0600][20.978s][info][gc,phases   ] GC(81) O: Concurrent Process Non-Strong 20.024ms
[2026-04-03T01:54:43.299+0600][20.978s][info][gc,phases   ] GC(81) O: Concurrent Reset Relocation Set 0.005ms
[2026-04-03T01:54:43.306+0600][20.985s][info][gc,phases   ] GC(81) O: Concurrent Select Relocation Set 6.905ms
[2026-04-03T01:54:43.306+0600][20.985s][info][gc,task     ] GC(81) O: Using 3 Workers for Old Generation
[2026-04-03T01:54:43.330+0600][21.009s][info][gc,task     ] GC(81) O: Using 1 Workers for Old Generation
[2026-04-03T01:54:43.330+0600][21.009s][info][gc,phases   ] GC(81) O: Concurrent Remap Roots 24.055ms
[2026-04-03T01:54:43.330+0600][21.009s][info][gc,phases   ] GC(81) O: Pause Relocate Start 0.025ms
[2026-04-03T01:54:43.353+0600][21.031s][info][gc,phases   ] GC(81) O: Concurrent Relocate 22.114ms
[2026-04-03T01:54:43.353+0600][21.031s][info][gc,alloc    ] GC(81) O:                         Mark Start        Mark End      Relocate Start    Relocate End   
[2026-04-03T01:54:43.353+0600][21.031s][info][gc,alloc    ] GC(81) O: Allocation Stalls:          0                0                0                0         
[2026-04-03T01:54:43.353+0600][21.032s][info][gc,load     ] GC(81) O: Load: 7.90 (66%) / 7.88 (66%) / 7.50 (63%)
[2026-04-03T01:54:43.353+0600][21.032s][info][gc,mmu      ] GC(81) O: MMU: 2ms/93.8%, 5ms/97.5%, 10ms/98.6%, 20ms/99.2%, 50ms/99.5%, 100ms/99.6%
[2026-04-03T01:54:43.353+0600][21.032s][info][gc,marking  ] GC(81) O: Mark: 1 stripe(s), 2 proactive flush(es), 1 terminate flush(es), 0 completion(s), 0 continuation(s) 
[2026-04-03T01:54:43.353+0600][21.032s][info][gc,marking  ] GC(81) O: Mark Stack Usage: 32M
[2026-04-03T01:54:43.353+0600][21.032s][info][gc,nmethod  ] GC(81) O: NMethods: 5140 registered, 204 unregistered
[2026-04-03T01:54:43.353+0600][21.032s][info][gc,metaspace] GC(81) O: Metaspace: 64M used, 65M committed, 1088M reserved
[2026-04-03T01:54:43.353+0600][21.032s][info][gc,ref      ] GC(81) O:                       Encountered   Discovered     Enqueued 
[2026-04-03T01:54:43.353+0600][21.032s][info][gc,ref      ] GC(81) O: Soft References:             4788            0            0 
[2026-04-03T01:54:43.353+0600][21.032s][info][gc,ref      ] GC(81) O: Weak References:             5968         4895          118 
[2026-04-03T01:54:43.353+0600][21.032s][info][gc,ref      ] GC(81) O: Final References:              74            0            0 
[2026-04-03T01:54:43.353+0600][21.032s][info][gc,ref      ] GC(81) O: Phantom References:           596          224            0 
[2026-04-03T01:54:43.353+0600][21.032s][info][gc,reloc    ] GC(81) O:                        Candidates     Selected     In-Place         Size        Empty    Relocated 
[2026-04-03T01:54:43.353+0600][21.032s][info][gc,reloc    ] GC(81) O: Small Pages:                   75            8            0         150M           0M           4M 
[2026-04-03T01:54:43.353+0600][21.032s][info][gc,reloc    ] GC(81) O: Medium Pages:                   1            0            0           8M           0M           0M 
[2026-04-03T01:54:43.353+0600][21.032s][info][gc,reloc    ] GC(81) O: Large Pages:                    5            0            0          18M           2M           0M 
[2026-04-03T01:54:43.353+0600][21.032s][info][gc,reloc    ] GC(81) O: Forwarding Usage: 4M
[2026-04-03T01:54:43.353+0600][21.032s][info][gc,heap     ] GC(81) O: Min Capacity: 8M(2%)
[2026-04-03T01:54:43.353+0600][21.032s][info][gc,heap     ] GC(81) O: Max Capacity: 500M(100%)
[2026-04-03T01:54:43.353+0600][21.032s][info][gc,heap     ] GC(81) O: Soft Max Capacity: 500M(100%)
[2026-04-03T01:54:43.353+0600][21.032s][info][gc,heap     ] GC(81) O: Heap Statistics:
[2026-04-03T01:54:43.353+0600][21.032s][info][gc,heap     ] GC(81) O:                Mark Start          Mark End        Relocate Start      Relocate End           High               Low         
[2026-04-03T01:54:43.353+0600][21.032s][info][gc,heap     ] GC(81) O:  Capacity:      500M (100%)        500M (100%)        500M (100%)        500M (100%)        500M (100%)        500M (100%)   
[2026-04-03T01:54:43.353+0600][21.032s][info][gc,heap     ] GC(81) O:      Free:      218M (44%)         284M (57%)         180M (36%)         160M (32%)         294M (59%)         132M (26%)    
[2026-04-03T01:54:43.353+0600][21.032s][info][gc,heap     ] GC(81) O:      Used:      282M (56%)         216M (43%)         320M (64%)         340M (68%)         368M (74%)         206M (41%)    
[2026-04-03T01:54:43.353+0600][21.032s][info][gc,heap     ] GC(81) O: Old Generation Statistics:
[2026-04-03T01:54:43.353+0600][21.032s][info][gc,heap     ] GC(81) O:                Mark Start          Mark End        Relocate Start      Relocate End    
[2026-04-03T01:54:43.353+0600][21.032s][info][gc,heap     ] GC(81) O:      Used:      176M (35%)         180M (36%)         178M (36%)         164M (33%)    
[2026-04-03T01:54:43.353+0600][21.032s][info][gc,heap     ] GC(81) O:      Live:         -               146M (29%)         146M (29%)         146M (29%)    
[2026-04-03T01:54:43.353+0600][21.032s][info][gc,heap     ] GC(81) O:   Garbage:         -                29M (6%)           27M (5%)            9M (2%)     
[2026-04-03T01:54:43.353+0600][21.032s][info][gc,heap     ] GC(81) O: Allocated:         -                 4M (1%)            4M (1%)            7M (2%)     
[2026-04-03T01:54:43.353+0600][21.032s][info][gc,heap     ] GC(81) O: Reclaimed:         -                  -                 2M (0%)           19M (4%)     
[2026-04-03T01:54:43.353+0600][21.032s][info][gc,heap     ] GC(81) O: Compacted:         -                  -                  -                 8M (2%)     
[2026-04-03T01:54:43.353+0600][21.032s][info][gc,phases   ] GC(81) O: Old Generation 218M(44%)->340M(68%) 0.391s
[2026-04-03T01:54:43.353+0600][21.032s][info][gc          ] GC(81) Major Collection (Allocation Rate) 282M(56%)->342M(68%) 0.412s
[2026-04-03T01:54:43.367+0600][21.046s][info][gc          ] GC(89) Minor Collection (Allocation Rate)
[2026-04-03T01:54:43.367+0600][21.046s][info][gc,task     ] GC(89) Using 2 Workers for Young Generation
[2026-04-03T01:54:43.367+0600][21.046s][info][gc,phases   ] GC(89) y: Young Generation
[2026-04-03T01:54:43.368+0600][21.046s][info][gc,phases   ] GC(89) y: Pause Mark Start 0.036ms
[2026-04-03T01:54:43.378+0600][21.056s][info][gc,phases   ] GC(89) y: Concurrent Mark 9.649ms
[2026-04-03T01:54:43.378+0600][21.057s][info][gc,phases   ] GC(89) y: Pause Mark End 0.038ms
[2026-04-03T01:54:43.378+0600][21.057s][info][gc,phases   ] GC(89) y: Concurrent Mark Free 0.002ms
[2026-04-03T01:54:43.378+0600][21.057s][info][gc,phases   ] GC(89) y: Concurrent Reset Relocation Set 0.004ms
[2026-04-03T01:54:43.380+0600][21.058s][info][gc,reloc    ] GC(89) y: Using tenuring threshold: 2 (Computed)
[2026-04-03T01:54:43.380+0600][21.059s][info][gc,phases   ] GC(89) y: Concurrent Select Relocation Set 2.355ms
[2026-04-03T01:54:43.380+0600][21.059s][info][gc,phases   ] GC(89) y: Pause Relocate Start 0.020ms
[2026-04-03T01:54:43.381+0600][21.060s][info][gc,phases   ] GC(89) y: Concurrent Relocate 0.501ms
[2026-04-03T01:54:43.381+0600][21.060s][info][gc,alloc    ] GC(89) y:                         Mark Start        Mark End      Relocate Start    Relocate End   
[2026-04-03T01:54:43.381+0600][21.060s][info][gc,alloc    ] GC(89) y: Allocation Stalls:          0                0                0                0         
[2026-04-03T01:54:43.381+0600][21.060s][info][gc,load     ] GC(89) y: Load: 7.90 (66%) / 7.88 (66%) / 7.50 (63%)
[2026-04-03T01:54:43.381+0600][21.060s][info][gc,mmu      ] GC(89) y: MMU: 2ms/93.8%, 5ms/97.5%, 10ms/98.6%, 20ms/99.2%, 50ms/99.5%, 100ms/99.6%
[2026-04-03T01:54:43.381+0600][21.060s][info][gc,marking  ] GC(89) y: Mark: 2 stripe(s), 2 proactive flush(es), 1 terminate flush(es), 0 completion(s), 0 continuation(s) 
[2026-04-03T01:54:43.381+0600][21.060s][info][gc,marking  ] GC(89) y: Mark Stack Usage: 32M
[2026-04-03T01:54:43.381+0600][21.060s][info][gc,nmethod  ] GC(89) y: NMethods: 5140 registered, 204 unregistered
[2026-04-03T01:54:43.381+0600][21.060s][info][gc,metaspace] GC(89) y: Metaspace: 64M used, 65M committed, 1088M reserved
[2026-04-03T01:54:43.381+0600][21.060s][info][gc,reloc    ] GC(89) y:                        Candidates     Selected     In-Place         Size        Empty    Relocated 
[2026-04-03T01:54:43.381+0600][21.060s][info][gc,reloc    ] GC(89) y: Small Pages:                  105           14            0         210M         180M           0M 
[2026-04-03T01:54:43.381+0600][21.060s][info][gc,reloc    ] GC(89) y: Medium Pages:                   0            0            0           0M           0M           0M 
[2026-04-03T01:54:43.381+0600][21.060s][info][gc,reloc    ] GC(89) y: Large Pages:                    0            0            0           0M           0M           0M 
[2026-04-03T01:54:43.381+0600][21.060s][info][gc,reloc    ] GC(89) y: Forwarding Usage: 0M
[2026-04-03T01:54:43.381+0600][21.060s][info][gc,reloc    ] GC(89) y: Age Table:
[2026-04-03T01:54:43.381+0600][21.060s][info][gc,reloc    ] GC(89) y:                    Live             Garbage             Small              Medium             Large        
[2026-04-03T01:54:43.381+0600][21.060s][info][gc,reloc    ] GC(89) y: Eden               0M (0%)          199M (40%)        100 / 13             0 / 0              0 / 0        
[2026-04-03T01:54:43.381+0600][21.060s][info][gc,reloc    ] GC(89) y: Survivor 1         0M (0%)            3M (1%)           2 / 1              0 / 0              0 / 0        
[2026-04-03T01:54:43.381+0600][21.060s][info][gc,reloc    ] GC(89) y: Survivor 2          -                 4M (1%)           2 / 0              0 / 0              0 / 0        
[2026-04-03T01:54:43.381+0600][21.060s][info][gc,reloc    ] GC(89) y: Survivor 3          -                 2M (0%)           1 / 0              0 / 0              0 / 0        
[2026-04-03T01:54:43.381+0600][21.060s][info][gc,heap     ] GC(89) y: Min Capacity: 8M(2%)
[2026-04-03T01:54:43.381+0600][21.060s][info][gc,heap     ] GC(89) y: Max Capacity: 500M(100%)
[2026-04-03T01:54:43.381+0600][21.060s][info][gc,heap     ] GC(89) y: Soft Max Capacity: 500M(100%)
[2026-04-03T01:54:43.381+0600][21.060s][info][gc,heap     ] GC(89) y: Heap Statistics:
[2026-04-03T01:54:43.381+0600][21.060s][info][gc,heap     ] GC(89) y:                Mark Start          Mark End        Relocate Start      Relocate End           High               Low         
[2026-04-03T01:54:43.381+0600][21.060s][info][gc,heap     ] GC(89) y:  Capacity:      500M (100%)        500M (100%)        500M (100%)        500M (100%)        500M (100%)        500M (100%)   
[2026-04-03T01:54:43.381+0600][21.060s][info][gc,heap     ] GC(89) y:      Free:      126M (25%)         104M (21%)         278M (56%)         302M (60%)         302M (60%)         104M (21%)    
[2026-04-03T01:54:43.381+0600][21.060s][info][gc,heap     ] GC(89) y:      Used:      374M (75%)         396M (79%)         222M (44%)         198M (40%)         396M (79%)         198M (40%)    
[2026-04-03T01:54:43.381+0600][21.060s][info][gc,heap     ] GC(89) y: Young Generation Statistics:
[2026-04-03T01:54:43.381+0600][21.060s][info][gc,heap     ] GC(89) y:                Mark Start          Mark End        Relocate Start      Relocate End    
[2026-04-03T01:54:43.381+0600][21.060s][info][gc,heap     ] GC(89) y:      Used:      210M (42%)         232M (46%)          58M (12%)          34M (7%)     
[2026-04-03T01:54:43.381+0600][21.060s][info][gc,heap     ] GC(89) y:      Live:         -                 0M (0%)            0M (0%)            0M (0%)     
[2026-04-03T01:54:43.381+0600][21.060s][info][gc,heap     ] GC(89) y:   Garbage:         -               209M (42%)          29M (6%)            0M (0%)     
[2026-04-03T01:54:43.381+0600][21.060s][info][gc,heap     ] GC(89) y: Allocated:         -                22M (4%)           28M (6%)           33M (7%)     
[2026-04-03T01:54:43.381+0600][21.060s][info][gc,heap     ] GC(89) y: Reclaimed:         -                  -               180M (36%)         209M (42%)    
[2026-04-03T01:54:43.381+0600][21.060s][info][gc,heap     ] GC(89) y:  Promoted:         -                  -                 0M (0%)            0M (0%)     
[2026-04-03T01:54:43.381+0600][21.060s][info][gc,heap     ] GC(89) y: Compacted:         -                  -                  -                 0M (0%)     
[2026-04-03T01:54:43.381+0600][21.060s][info][gc,phases   ] GC(89) y: Young Generation 374M(75%)->198M(40%) 0.014s
[2026-04-03T01:54:43.381+0600][21.060s][info][gc          ] GC(89) Minor Collection (Allocation Rate) 374M(75%)->198M(40%) 0.014s
[2026-04-03T01:54:43.429+0600][21.108s][info][gc          ] GC(90) Minor Collection (Allocation Rate)
[2026-04-03T01:54:43.429+0600][21.108s][info][gc,task     ] GC(90) Using 1 Workers for Young Generation
[2026-04-03T01:54:43.429+0600][21.108s][info][gc,phases   ] GC(90) y: Young Generation
[2026-04-03T01:54:43.429+0600][21.108s][info][gc,phases   ] GC(90) y: Pause Mark Start 0.018ms
[2026-04-03T01:54:43.438+0600][21.117s][info][gc,phases   ] GC(90) y: Concurrent Mark 8.783ms
[2026-04-03T01:54:43.438+0600][21.117s][info][gc,phases   ] GC(90) y: Pause Mark End 0.021ms
[2026-04-03T01:54:43.438+0600][21.117s][info][gc,phases   ] GC(90) y: Concurrent Mark Free 0.002ms
[2026-04-03T01:54:43.438+0600][21.117s][info][gc,phases   ] GC(90) y: Concurrent Reset Relocation Set 0.004ms
[2026-04-03T01:54:43.440+0600][21.119s][info][gc,reloc    ] GC(90) y: Using tenuring threshold: 3 (Computed)
[2026-04-03T01:54:43.440+0600][21.119s][info][gc,phases   ] GC(90) y: Concurrent Select Relocation Set 1.957ms
[2026-04-03T01:54:43.441+0600][21.119s][info][gc,phases   ] GC(90) y: Pause Relocate Start 0.013ms
[2026-04-03T01:54:43.441+0600][21.120s][info][gc,phases   ] GC(90) y: Concurrent Relocate 0.335ms
[2026-04-03T01:54:43.441+0600][21.120s][info][gc,alloc    ] GC(90) y:                         Mark Start        Mark End      Relocate Start    Relocate End   
[2026-04-03T01:54:43.441+0600][21.120s][info][gc,alloc    ] GC(90) y: Allocation Stalls:          0                0                0                0         
[2026-04-03T01:54:43.441+0600][21.120s][info][gc,load     ] GC(90) y: Load: 7.90 (66%) / 7.88 (66%) / 7.50 (63%)
[2026-04-03T01:54:43.441+0600][21.120s][info][gc,mmu      ] GC(90) y: MMU: 2ms/93.8%, 5ms/97.5%, 10ms/98.6%, 20ms/99.2%, 50ms/99.5%, 100ms/99.6%
[2026-04-03T01:54:43.441+0600][21.120s][info][gc,marking  ] GC(90) y: Mark: 1 stripe(s), 2 proactive flush(es), 1 terminate flush(es), 0 completion(s), 0 continuation(s) 
[2026-04-03T01:54:43.441+0600][21.120s][info][gc,marking  ] GC(90) y: Mark Stack Usage: 32M
[2026-04-03T01:54:43.441+0600][21.120s][info][gc,nmethod  ] GC(90) y: NMethods: 5141 registered, 204 unregistered
[2026-04-03T01:54:43.441+0600][21.120s][info][gc,metaspace] GC(90) y: Metaspace: 64M used, 65M committed, 1088M reserved
[2026-04-03T01:54:43.441+0600][21.120s][info][gc,reloc    ] GC(90) y:                        Candidates     Selected     In-Place         Size        Empty    Relocated 
[2026-04-03T01:54:43.441+0600][21.120s][info][gc,reloc    ] GC(90) y: Small Pages:                   73            8            0         146M         128M           0M 
[2026-04-03T01:54:43.441+0600][21.120s][info][gc,reloc    ] GC(90) y: Medium Pages:                   0            0            0           0M           0M           0M 
[2026-04-03T01:54:43.441+0600][21.120s][info][gc,reloc    ] GC(90) y: Large Pages:                    0            0            0           0M           0M           0M 
[2026-04-03T01:54:43.441+0600][21.120s][info][gc,reloc    ] GC(90) y: Forwarding Usage: 0M
[2026-04-03T01:54:43.441+0600][21.120s][info][gc,reloc    ] GC(90) y: Age Table:
[2026-04-03T01:54:43.441+0600][21.120s][info][gc,reloc    ] GC(90) y:                    Live             Garbage             Small              Medium             Large        
[2026-04-03T01:54:43.441+0600][21.120s][info][gc,reloc    ] GC(90) y: Eden               0M (0%)          139M (28%)         70 / 5              0 / 0              0 / 0        
[2026-04-03T01:54:43.441+0600][21.120s][info][gc,reloc    ] GC(90) y: Survivor 1         0M (0%)            3M (1%)           2 / 2              0 / 0              0 / 0        
[2026-04-03T01:54:43.441+0600][21.120s][info][gc,reloc    ] GC(90) y: Survivor 2         0M (0%)            1M (0%)           1 / 1              0 / 0              0 / 0        
[2026-04-03T01:54:43.441+0600][21.120s][info][gc,heap     ] GC(90) y: Min Capacity: 8M(2%)
[2026-04-03T01:54:43.441+0600][21.120s][info][gc,heap     ] GC(90) y: Max Capacity: 500M(100%)
[2026-04-03T01:54:43.441+0600][21.120s][info][gc,heap     ] GC(90) y: Soft Max Capacity: 500M(100%)
[2026-04-03T01:54:43.441+0600][21.120s][info][gc,heap     ] GC(90) y: Heap Statistics:
[2026-04-03T01:54:43.441+0600][21.120s][info][gc,heap     ] GC(90) y:                Mark Start          Mark End        Relocate Start      Relocate End           High               Low         
[2026-04-03T01:54:43.441+0600][21.120s][info][gc,heap     ] GC(90) y:  Capacity:      500M (100%)        500M (100%)        500M (100%)        500M (100%)        500M (100%)        500M (100%)   
[2026-04-03T01:54:43.441+0600][21.120s][info][gc,heap     ] GC(90) y:      Free:      190M (38%)         164M (33%)         288M (58%)         296M (59%)         296M (59%)         164M (33%)    
[2026-04-03T01:54:43.441+0600][21.120s][info][gc,heap     ] GC(90) y:      Used:      310M (62%)         336M (67%)         212M (42%)         204M (41%)         336M (67%)         204M (41%)    
[2026-04-03T01:54:43.441+0600][21.120s][info][gc,heap     ] GC(90) y: Young Generation Statistics:
[2026-04-03T01:54:43.441+0600][21.120s][info][gc,heap     ] GC(90) y:                Mark Start          Mark End        Relocate Start      Relocate End    
[2026-04-03T01:54:43.441+0600][21.120s][info][gc,heap     ] GC(90) y:      Used:      146M (29%)         172M (34%)          48M (10%)          40M (8%)     
[2026-04-03T01:54:43.441+0600][21.120s][info][gc,heap     ] GC(90) y:      Live:         -                 0M (0%)            0M (0%)            0M (0%)     
[2026-04-03T01:54:43.441+0600][21.120s][info][gc,heap     ] GC(90) y:   Garbage:         -               145M (29%)          17M (4%)            0M (0%)     
[2026-04-03T01:54:43.441+0600][21.120s][info][gc,heap     ] GC(90) y: Allocated:         -                26M (5%)           30M (6%)           39M (8%)     
[2026-04-03T01:54:43.441+0600][21.120s][info][gc,heap     ] GC(90) y: Reclaimed:         -                  -               128M (26%)         145M (29%)    
[2026-04-03T01:54:43.441+0600][21.120s][info][gc,heap     ] GC(90) y:  Promoted:         -                  -                 0M (0%)            0M (0%)     
[2026-04-03T01:54:43.441+0600][21.120s][info][gc,heap     ] GC(90) y: Compacted:         -                  -                  -                 0M (0%)     
[2026-04-03T01:54:43.441+0600][21.120s][info][gc,phases   ] GC(90) y: Young Generation 310M(62%)->204M(41%) 0.012s
[2026-04-03T01:54:43.441+0600][21.120s][info][gc          ] GC(90) Minor Collection (Allocation Rate) 310M(62%)->208M(42%) 0.013s
[2026-04-03T01:54:43.484+0600][21.163s][info][gc          ] GC(91) Minor Collection (Allocation Rate)
[2026-04-03T01:54:43.484+0600][21.163s][info][gc,task     ] GC(91) Using 1 Workers for Young Generation
[2026-04-03T01:54:43.484+0600][21.163s][info][gc,phases   ] GC(91) y: Young Generation
[2026-04-03T01:54:43.484+0600][21.163s][info][gc,phases   ] GC(91) y: Pause Mark Start 0.019ms
[2026-04-03T01:54:43.494+0600][21.172s][info][gc,phases   ] GC(91) y: Concurrent Mark 9.517ms
[2026-04-03T01:54:43.494+0600][21.173s][info][gc,phases   ] GC(91) y: Pause Mark End 0.018ms
[2026-04-03T01:54:43.494+0600][21.173s][info][gc,phases   ] GC(91) y: Concurrent Mark Free 0.002ms
[2026-04-03T01:54:43.494+0600][21.173s][info][gc,phases   ] GC(91) y: Concurrent Reset Relocation Set 0.002ms
[2026-04-03T01:54:43.495+0600][21.174s][info][gc,reloc    ] GC(91) y: Using tenuring threshold: 1 (Computed)
[2026-04-03T01:54:43.496+0600][21.174s][info][gc,phases   ] GC(91) y: Concurrent Select Relocation Set 1.577ms
[2026-04-03T01:54:43.496+0600][21.175s][info][gc,phases   ] GC(91) y: Pause Relocate Start 0.014ms
[2026-04-03T01:54:43.496+0600][21.175s][info][gc,phases   ] GC(91) y: Concurrent Relocate 0.472ms
[2026-04-03T01:54:43.496+0600][21.175s][info][gc,alloc    ] GC(91) y:                         Mark Start        Mark End      Relocate Start    Relocate End   
[2026-04-03T01:54:43.497+0600][21.175s][info][gc,alloc    ] GC(91) y: Allocation Stalls:          0                0                0                0         
[2026-04-03T01:54:43.497+0600][21.175s][info][gc,load     ] GC(91) y: Load: 7.90 (66%) / 7.88 (66%) / 7.50 (63%)
[2026-04-03T01:54:43.497+0600][21.175s][info][gc,mmu      ] GC(91) y: MMU: 2ms/93.8%, 5ms/97.5%, 10ms/98.6%, 20ms/99.2%, 50ms/99.5%, 100ms/99.6%
[2026-04-03T01:54:43.497+0600][21.175s][info][gc,marking  ] GC(91) y: Mark: 1 stripe(s), 2 proactive flush(es), 1 terminate flush(es), 0 completion(s), 0 continuation(s) 
[2026-04-03T01:54:43.497+0600][21.175s][info][gc,marking  ] GC(91) y: Mark Stack Usage: 32M
[2026-04-03T01:54:43.497+0600][21.175s][info][gc,nmethod  ] GC(91) y: NMethods: 5145 registered, 204 unregistered
[2026-04-03T01:54:43.497+0600][21.175s][info][gc,metaspace] GC(91) y: Metaspace: 64M used, 65M committed, 1088M reserved
[2026-04-03T01:54:43.497+0600][21.175s][info][gc,reloc    ] GC(91) y:                        Candidates     Selected     In-Place         Size        Empty    Relocated 
[2026-04-03T01:54:43.497+0600][21.175s][info][gc,reloc    ] GC(91) y: Small Pages:                   77            9            0         154M         134M           0M 
[2026-04-03T01:54:43.497+0600][21.175s][info][gc,reloc    ] GC(91) y: Medium Pages:                   0            0            0           0M           0M           0M 
[2026-04-03T01:54:43.497+0600][21.175s][info][gc,reloc    ] GC(91) y: Large Pages:                    0            0            0           0M           0M           0M 
[2026-04-03T01:54:43.497+0600][21.175s][info][gc,reloc    ] GC(91) y: Forwarding Usage: 0M
[2026-04-03T01:54:43.497+0600][21.175s][info][gc,reloc    ] GC(91) y: Age Table:
[2026-04-03T01:54:43.497+0600][21.175s][info][gc,reloc    ] GC(91) y:                    Live             Garbage             Small              Medium             Large        
[2026-04-03T01:54:43.497+0600][21.176s][info][gc,reloc    ] GC(91) y: Eden               0M (0%)          143M (29%)         72 / 5              0 / 0              0 / 0        
[2026-04-03T01:54:43.497+0600][21.176s][info][gc,reloc    ] GC(91) y: Survivor 1         0M (0%)            5M (1%)           3 / 3              0 / 0              0 / 0        
[2026-04-03T01:54:43.497+0600][21.176s][info][gc,reloc    ] GC(91) y: Survivor 2         0M (0%)            1M (0%)           1 / 1              0 / 0              0 / 0        
[2026-04-03T01:54:43.497+0600][21.176s][info][gc,reloc    ] GC(91) y: Survivor 3         0M (0%)            1M (0%)           1 / 0              0 / 0              0 / 0        
[2026-04-03T01:54:43.497+0600][21.176s][info][gc,heap     ] GC(91) y: Min Capacity: 8M(2%)
[2026-04-03T01:54:43.497+0600][21.176s][info][gc,heap     ] GC(91) y: Max Capacity: 500M(100%)
[2026-04-03T01:54:43.497+0600][21.176s][info][gc,heap     ] GC(91) y: Soft Max Capacity: 500M(100%)
[2026-04-03T01:54:43.497+0600][21.176s][info][gc,heap     ] GC(91) y: Heap Statistics:
[2026-04-03T01:54:43.497+0600][21.176s][info][gc,heap     ] GC(91) y:                Mark Start          Mark End        Relocate Start      Relocate End           High               Low         
[2026-04-03T01:54:43.497+0600][21.176s][info][gc,heap     ] GC(91) y:  Capacity:      500M (100%)        500M (100%)        500M (100%)        500M (100%)        500M (100%)        500M (100%)   
[2026-04-03T01:54:43.497+0600][21.176s][info][gc,heap     ] GC(91) y:      Free:      182M (36%)         154M (31%)         284M (57%)         294M (59%)         294M (59%)         154M (31%)    
[2026-04-03T01:54:43.497+0600][21.176s][info][gc,heap     ] GC(91) y:      Used:      318M (64%)         346M (69%)         216M (43%)         206M (41%)         346M (69%)         206M (41%)    
[2026-04-03T01:54:43.497+0600][21.176s][info][gc,heap     ] GC(91) y: Young Generation Statistics:
[2026-04-03T01:54:43.497+0600][21.176s][info][gc,heap     ] GC(91) y:                Mark Start          Mark End        Relocate Start      Relocate End    
[2026-04-03T01:54:43.497+0600][21.176s][info][gc,heap     ] GC(91) y:      Used:      154M (31%)         182M (36%)          52M (10%)          40M (8%)     
[2026-04-03T01:54:43.497+0600][21.176s][info][gc,heap     ] GC(91) y:      Live:         -                 0M (0%)            0M (0%)            0M (0%)     
[2026-04-03T01:54:43.497+0600][21.176s][info][gc,heap     ] GC(91) y:   Garbage:         -               153M (31%)          19M (4%)            0M (0%)     
[2026-04-03T01:54:43.497+0600][21.176s][info][gc,heap     ] GC(91) y: Allocated:         -                28M (6%)           32M (6%)           39M (8%)     
[2026-04-03T01:54:43.497+0600][21.176s][info][gc,heap     ] GC(91) y: Reclaimed:         -                  -               134M (27%)         153M (31%)    
[2026-04-03T01:54:43.497+0600][21.176s][info][gc,heap     ] GC(91) y:  Promoted:         -                  -                 0M (0%)            0M (0%)     
[2026-04-03T01:54:43.497+0600][21.176s][info][gc,heap     ] GC(91) y: Compacted:         -                  -                  -                 0M (0%)     
[2026-04-03T01:54:43.497+0600][21.176s][info][gc,phases   ] GC(91) y: Young Generation 318M(64%)->206M(41%) 0.013s
[2026-04-03T01:54:43.497+0600][21.176s][info][gc          ] GC(91) Minor Collection (Allocation Rate) 318M(64%)->208M(42%) 0.013s
[2026-04-03T01:54:43.575+0600][21.254s][info][gc          ] GC(92) Minor Collection (Allocation Rate)
[2026-04-03T01:54:43.575+0600][21.254s][info][gc,task     ] GC(92) Using 1 Workers for Young Generation
[2026-04-03T01:54:43.575+0600][21.254s][info][gc,phases   ] GC(92) y: Young Generation
[2026-04-03T01:54:43.575+0600][21.254s][info][gc,phases   ] GC(92) y: Pause Mark Start 0.020ms
[2026-04-03T01:54:43.587+0600][21.266s][info][gc,phases   ] GC(92) y: Concurrent Mark 11.436ms
[2026-04-03T01:54:43.587+0600][21.266s][info][gc,phases   ] GC(92) y: Pause Mark End 0.018ms
[2026-04-03T01:54:43.587+0600][21.266s][info][gc,phases   ] GC(92) y: Concurrent Mark Free 0.001ms
[2026-04-03T01:54:43.587+0600][21.266s][info][gc,phases   ] GC(92) y: Concurrent Reset Relocation Set 0.002ms
[2026-04-03T01:54:43.591+0600][21.270s][info][gc,reloc    ] GC(92) y: Using tenuring threshold: 2 (Computed)
[2026-04-03T01:54:43.592+0600][21.270s][info][gc,phases   ] GC(92) y: Concurrent Select Relocation Set 4.537ms
[2026-04-03T01:54:43.592+0600][21.271s][info][gc,phases   ] GC(92) y: Pause Relocate Start 0.013ms
[2026-04-03T01:54:43.592+0600][21.271s][info][gc,phases   ] GC(92) y: Concurrent Relocate 0.561ms
[2026-04-03T01:54:43.592+0600][21.271s][info][gc,alloc    ] GC(92) y:                         Mark Start        Mark End      Relocate Start    Relocate End   
[2026-04-03T01:54:43.592+0600][21.271s][info][gc,alloc    ] GC(92) y: Allocation Stalls:          0                0                0                0         
[2026-04-03T01:54:43.592+0600][21.271s][info][gc,load     ] GC(92) y: Load: 7.90 (66%) / 7.88 (66%) / 7.50 (63%)
[2026-04-03T01:54:43.592+0600][21.271s][info][gc,mmu      ] GC(92) y: MMU: 2ms/93.8%, 5ms/97.5%, 10ms/98.6%, 20ms/99.2%, 50ms/99.5%, 100ms/99.6%
[2026-04-03T01:54:43.592+0600][21.271s][info][gc,marking  ] GC(92) y: Mark: 1 stripe(s), 2 proactive flush(es), 1 terminate flush(es), 0 completion(s), 0 continuation(s) 
[2026-04-03T01:54:43.592+0600][21.271s][info][gc,marking  ] GC(92) y: Mark Stack Usage: 32M
[2026-04-03T01:54:43.593+0600][21.271s][info][gc,nmethod  ] GC(92) y: NMethods: 5196 registered, 204 unregistered
[2026-04-03T01:54:43.593+0600][21.271s][info][gc,metaspace] GC(92) y: Metaspace: 65M used, 66M committed, 1088M reserved
[2026-04-03T01:54:43.593+0600][21.271s][info][gc,reloc    ] GC(92) y:                        Candidates     Selected     In-Place         Size        Empty    Relocated 
[2026-04-03T01:54:43.593+0600][21.271s][info][gc,reloc    ] GC(92) y: Small Pages:                   86           16            0         172M         138M           0M 
[2026-04-03T01:54:43.593+0600][21.271s][info][gc,reloc    ] GC(92) y: Medium Pages:                   0            0            0           0M           0M           0M 
[2026-04-03T01:54:43.593+0600][21.271s][info][gc,reloc    ] GC(92) y: Large Pages:                    1            0            0           2M           2M           0M 
[2026-04-03T01:54:43.593+0600][21.271s][info][gc,reloc    ] GC(92) y: Forwarding Usage: 0M
[2026-04-03T01:54:43.593+0600][21.271s][info][gc,reloc    ] GC(92) y: Age Table:
[2026-04-03T01:54:43.593+0600][21.271s][info][gc,reloc    ] GC(92) y:                    Live             Garbage             Small              Medium             Large        
[2026-04-03T01:54:43.593+0600][21.271s][info][gc,reloc    ] GC(92) y: Eden               0M (0%)          167M (34%)         83 / 14             0 / 0              1 / 0        
[2026-04-03T01:54:43.593+0600][21.271s][info][gc,reloc    ] GC(92) y: Survivor 1         0M (0%)            5M (1%)           3 / 2              0 / 0              0 / 0        
[2026-04-03T01:54:43.593+0600][21.271s][info][gc,heap     ] GC(92) y: Min Capacity: 8M(2%)
[2026-04-03T01:54:43.593+0600][21.271s][info][gc,heap     ] GC(92) y: Max Capacity: 500M(100%)
[2026-04-03T01:54:43.593+0600][21.271s][info][gc,heap     ] GC(92) y: Soft Max Capacity: 500M(100%)
[2026-04-03T01:54:43.593+0600][21.271s][info][gc,heap     ] GC(92) y: Heap Statistics:
[2026-04-03T01:54:43.593+0600][21.271s][info][gc,heap     ] GC(92) y:                Mark Start          Mark End        Relocate Start      Relocate End           High               Low         
[2026-04-03T01:54:43.593+0600][21.271s][info][gc,heap     ] GC(92) y:  Capacity:      500M (100%)        500M (100%)        500M (100%)        500M (100%)        500M (100%)        500M (100%)   
[2026-04-03T01:54:43.593+0600][21.271s][info][gc,heap     ] GC(92) y:      Free:      160M (32%)         144M (29%)         278M (56%)         306M (61%)         306M (61%)         144M (29%)    
[2026-04-03T01:54:43.593+0600][21.272s][info][gc,heap     ] GC(92) y:      Used:      340M (68%)         356M (71%)         222M (44%)         194M (39%)         356M (71%)         194M (39%)    
[2026-04-03T01:54:43.593+0600][21.272s][info][gc,heap     ] GC(92) y: Young Generation Statistics:
[2026-04-03T01:54:43.593+0600][21.272s][info][gc,heap     ] GC(92) y:                Mark Start          Mark End        Relocate Start      Relocate End    
[2026-04-03T01:54:43.593+0600][21.272s][info][gc,heap     ] GC(92) y:      Used:      174M (35%)         190M (38%)          56M (11%)          28M (6%)     
[2026-04-03T01:54:43.593+0600][21.272s][info][gc,heap     ] GC(92) y:      Live:         -                 0M (0%)            0M (0%)            0M (0%)     
[2026-04-03T01:54:43.593+0600][21.272s][info][gc,heap     ] GC(92) y:   Garbage:         -               173M (35%)          33M (7%)            0M (0%)     
[2026-04-03T01:54:43.593+0600][21.272s][info][gc,heap     ] GC(92) y: Allocated:         -                16M (3%)           22M (4%)           27M (6%)     
[2026-04-03T01:54:43.593+0600][21.272s][info][gc,heap     ] GC(92) y: Reclaimed:         -                  -               140M (28%)         173M (35%)    
[2026-04-03T01:54:43.593+0600][21.272s][info][gc,heap     ] GC(92) y:  Promoted:         -                  -                 0M (0%)            0M (0%)     
[2026-04-03T01:54:43.593+0600][21.272s][info][gc,heap     ] GC(92) y: Compacted:         -                  -                  -                 0M (0%)     
[2026-04-03T01:54:43.593+0600][21.272s][info][gc,phases   ] GC(92) y: Young Generation 340M(68%)->194M(39%) 0.017s
[2026-04-03T01:54:43.593+0600][21.272s][info][gc          ] GC(92) Minor Collection (Allocation Rate) 340M(68%)->196M(39%) 0.018s
[2026-04-03T01:54:43.682+0600][21.361s][info][gc          ] GC(93) Minor Collection (Allocation Rate)
[2026-04-03T01:54:43.682+0600][21.361s][info][gc,task     ] GC(93) Using 1 Workers for Young Generation
[2026-04-03T01:54:43.682+0600][21.361s][info][gc,phases   ] GC(93) y: Young Generation
[2026-04-03T01:54:43.682+0600][21.361s][info][gc,phases   ] GC(93) y: Pause Mark Start 0.018ms
[2026-04-03T01:54:43.692+0600][21.371s][info][gc,phases   ] GC(93) y: Concurrent Mark 9.481ms
[2026-04-03T01:54:43.692+0600][21.371s][info][gc,phases   ] GC(93) y: Pause Mark End 0.015ms
[2026-04-03T01:54:43.692+0600][21.371s][info][gc,phases   ] GC(93) y: Concurrent Mark Free 0.001ms
[2026-04-03T01:54:43.692+0600][21.371s][info][gc,phases   ] GC(93) y: Concurrent Reset Relocation Set 0.002ms
[2026-04-03T01:54:43.695+0600][21.374s][info][gc,reloc    ] GC(93) y: Using tenuring threshold: 1 (Computed)
[2026-04-03T01:54:43.695+0600][21.374s][info][gc,phases   ] GC(93) y: Concurrent Select Relocation Set 3.387ms
[2026-04-03T01:54:43.696+0600][21.374s][info][gc,phases   ] GC(93) y: Pause Relocate Start 0.010ms
[2026-04-03T01:54:43.697+0600][21.375s][info][gc,phases   ] GC(93) y: Concurrent Relocate 1.002ms
[2026-04-03T01:54:43.697+0600][21.375s][info][gc,alloc    ] GC(93) y:                         Mark Start        Mark End      Relocate Start    Relocate End   
[2026-04-03T01:54:43.697+0600][21.375s][info][gc,alloc    ] GC(93) y: Allocation Stalls:          0                0                0                0         
[2026-04-03T01:54:43.697+0600][21.375s][info][gc,load     ] GC(93) y: Load: 7.90 (66%) / 7.88 (66%) / 7.50 (63%)
[2026-04-03T01:54:43.697+0600][21.376s][info][gc,mmu      ] GC(93) y: MMU: 2ms/93.8%, 5ms/97.5%, 10ms/98.6%, 20ms/99.2%, 50ms/99.5%, 100ms/99.6%
[2026-04-03T01:54:43.697+0600][21.376s][info][gc,marking  ] GC(93) y: Mark: 1 stripe(s), 2 proactive flush(es), 1 terminate flush(es), 0 completion(s), 0 continuation(s) 
[2026-04-03T01:54:43.697+0600][21.376s][info][gc,marking  ] GC(93) y: Mark Stack Usage: 32M
[2026-04-03T01:54:43.697+0600][21.376s][info][gc,nmethod  ] GC(93) y: NMethods: 5196 registered, 204 unregistered
[2026-04-03T01:54:43.697+0600][21.376s][info][gc,metaspace] GC(93) y: Metaspace: 65M used, 66M committed, 1088M reserved
[2026-04-03T01:54:43.697+0600][21.376s][info][gc,reloc    ] GC(93) y:                        Candidates     Selected     In-Place         Size        Empty    Relocated 
[2026-04-03T01:54:43.697+0600][21.376s][info][gc,reloc    ] GC(93) y: Small Pages:                   84            6            0         168M         154M           0M 
[2026-04-03T01:54:43.697+0600][21.376s][info][gc,reloc    ] GC(93) y: Medium Pages:                   0            0            0           0M           0M           0M 
[2026-04-03T01:54:43.697+0600][21.376s][info][gc,reloc    ] GC(93) y: Large Pages:                    0            0            0           0M           0M           0M 
[2026-04-03T01:54:43.697+0600][21.376s][info][gc,reloc    ] GC(93) y: Forwarding Usage: 0M
[2026-04-03T01:54:43.697+0600][21.376s][info][gc,reloc    ] GC(93) y: Age Table:
[2026-04-03T01:54:43.697+0600][21.376s][info][gc,reloc    ] GC(93) y:                    Live             Garbage             Small              Medium             Large        
[2026-04-03T01:54:43.697+0600][21.376s][info][gc,reloc    ] GC(93) y: Eden               0M (0%)          161M (32%)         81 / 3              0 / 0              0 / 0        
[2026-04-03T01:54:43.697+0600][21.376s][info][gc,reloc    ] GC(93) y: Survivor 1         0M (0%)            3M (1%)           2 / 2              0 / 0              0 / 0        
[2026-04-03T01:54:43.697+0600][21.376s][info][gc,reloc    ] GC(93) y: Survivor 2         0M (0%)            1M (0%)           1 / 1              0 / 0              0 / 0        
[2026-04-03T01:54:43.697+0600][21.376s][info][gc,heap     ] GC(93) y: Min Capacity: 8M(2%)
[2026-04-03T01:54:43.697+0600][21.376s][info][gc,heap     ] GC(93) y: Max Capacity: 500M(100%)
[2026-04-03T01:54:43.697+0600][21.376s][info][gc,heap     ] GC(93) y: Soft Max Capacity: 500M(100%)
[2026-04-03T01:54:43.697+0600][21.376s][info][gc,heap     ] GC(93) y: Heap Statistics:
[2026-04-03T01:54:43.697+0600][21.376s][info][gc,heap     ] GC(93) y:                Mark Start          Mark End        Relocate Start      Relocate End           High               Low         
[2026-04-03T01:54:43.697+0600][21.376s][info][gc,heap     ] GC(93) y:  Capacity:      500M (100%)        500M (100%)        500M (100%)        500M (100%)        500M (100%)        500M (100%)   
[2026-04-03T01:54:43.697+0600][21.376s][info][gc,heap     ] GC(93) y:      Free:      166M (33%)         152M (30%)         300M (60%)         310M (62%)         310M (62%)         152M (30%)    
[2026-04-03T01:54:43.697+0600][21.376s][info][gc,heap     ] GC(93) y:      Used:      334M (67%)         348M (70%)         200M (40%)         190M (38%)         348M (70%)         190M (38%)    
[2026-04-03T01:54:43.697+0600][21.376s][info][gc,heap     ] GC(93) y: Young Generation Statistics:
[2026-04-03T01:54:43.697+0600][21.376s][info][gc,heap     ] GC(93) y:                Mark Start          Mark End        Relocate Start      Relocate End    
[2026-04-03T01:54:43.697+0600][21.376s][info][gc,heap     ] GC(93) y:      Used:      168M (34%)         182M (36%)          34M (7%)           22M (4%)     
[2026-04-03T01:54:43.697+0600][21.376s][info][gc,heap     ] GC(93) y:      Live:         -                 0M (0%)            0M (0%)            0M (0%)     
[2026-04-03T01:54:43.697+0600][21.376s][info][gc,heap     ] GC(93) y:   Garbage:         -               167M (34%)          13M (3%)            0M (0%)     
[2026-04-03T01:54:43.697+0600][21.376s][info][gc,heap     ] GC(93) y: Allocated:         -                14M (3%)           20M (4%)           21M (4%)     
[2026-04-03T01:54:43.697+0600][21.376s][info][gc,heap     ] GC(93) y: Reclaimed:         -                  -               154M (31%)         167M (34%)    
[2026-04-03T01:54:43.697+0600][21.376s][info][gc,heap     ] GC(93) y:  Promoted:         -                  -                 0M (0%)            0M (0%)     
[2026-04-03T01:54:43.697+0600][21.376s][info][gc,heap     ] GC(93) y: Compacted:         -                  -                  -                 0M (0%)     
[2026-04-03T01:54:43.697+0600][21.376s][info][gc,phases   ] GC(93) y: Young Generation 334M(67%)->190M(38%) 0.015s
[2026-04-03T01:54:43.697+0600][21.376s][info][gc          ] GC(93) Minor Collection (Allocation Rate) 334M(67%)->192M(38%) 0.015s
[2026-04-03T01:54:43.816+0600][21.495s][info][gc          ] GC(94) Minor Collection (Allocation Rate)
[2026-04-03T01:54:43.816+0600][21.495s][info][gc,task     ] GC(94) Using 1 Workers for Young Generation
[2026-04-03T01:54:43.816+0600][21.495s][info][gc,phases   ] GC(94) y: Young Generation
[2026-04-03T01:54:43.816+0600][21.495s][info][gc,phases   ] GC(94) y: Pause Mark Start 0.019ms
[2026-04-03T01:54:43.825+0600][21.504s][info][gc,phases   ] GC(94) y: Concurrent Mark 8.759ms
[2026-04-03T01:54:43.825+0600][21.504s][info][gc,phases   ] GC(94) y: Pause Mark End 0.019ms
[2026-04-03T01:54:43.825+0600][21.504s][info][gc,phases   ] GC(94) y: Concurrent Mark Free 0.002ms
[2026-04-03T01:54:43.825+0600][21.504s][info][gc,phases   ] GC(94) y: Concurrent Reset Relocation Set 0.002ms
[2026-04-03T01:54:43.827+0600][21.506s][info][gc,reloc    ] GC(94) y: Using tenuring threshold: 1 (Computed)
[2026-04-03T01:54:43.827+0600][21.506s][info][gc,phases   ] GC(94) y: Concurrent Select Relocation Set 1.870ms
[2026-04-03T01:54:43.827+0600][21.506s][info][gc,phases   ] GC(94) y: Pause Relocate Start 0.010ms
[2026-04-03T01:54:43.828+0600][21.507s][info][gc,phases   ] GC(94) y: Concurrent Relocate 0.277ms
[2026-04-03T01:54:43.828+0600][21.507s][info][gc,alloc    ] GC(94) y:                         Mark Start        Mark End      Relocate Start    Relocate End   
[2026-04-03T01:54:43.828+0600][21.507s][info][gc,alloc    ] GC(94) y: Allocation Stalls:          0                0                0                0         
[2026-04-03T01:54:43.828+0600][21.507s][info][gc,load     ] GC(94) y: Load: 7.90 (66%) / 7.88 (66%) / 7.50 (63%)
[2026-04-03T01:54:43.828+0600][21.507s][info][gc,mmu      ] GC(94) y: MMU: 2ms/93.8%, 5ms/97.5%, 10ms/98.6%, 20ms/99.2%, 50ms/99.5%, 100ms/99.6%
[2026-04-03T01:54:43.828+0600][21.507s][info][gc,marking  ] GC(94) y: Mark: 1 stripe(s), 2 proactive flush(es), 1 terminate flush(es), 0 completion(s), 0 continuation(s) 
[2026-04-03T01:54:43.828+0600][21.507s][info][gc,marking  ] GC(94) y: Mark Stack Usage: 32M
[2026-04-03T01:54:43.828+0600][21.507s][info][gc,nmethod  ] GC(94) y: NMethods: 5196 registered, 204 unregistered
[2026-04-03T01:54:43.828+0600][21.507s][info][gc,metaspace] GC(94) y: Metaspace: 65M used, 66M committed, 1088M reserved
[2026-04-03T01:54:43.828+0600][21.507s][info][gc,reloc    ] GC(94) y:                        Candidates     Selected     In-Place         Size        Empty    Relocated 
[2026-04-03T01:54:43.828+0600][21.507s][info][gc,reloc    ] GC(94) y: Small Pages:                  103            4            0         206M         196M           0M 
[2026-04-03T01:54:43.828+0600][21.507s][info][gc,reloc    ] GC(94) y: Medium Pages:                   0            0            0           0M           0M           0M 
[2026-04-03T01:54:43.828+0600][21.507s][info][gc,reloc    ] GC(94) y: Large Pages:                    0            0            0           0M           0M           0M 
[2026-04-03T01:54:43.828+0600][21.507s][info][gc,reloc    ] GC(94) y: Forwarding Usage: 0M
[2026-04-03T01:54:43.828+0600][21.507s][info][gc,reloc    ] GC(94) y: Age Table:
[2026-04-03T01:54:43.828+0600][21.507s][info][gc,reloc    ] GC(94) y:                    Live             Garbage             Small              Medium             Large        
[2026-04-03T01:54:43.828+0600][21.507s][info][gc,reloc    ] GC(94) y: Eden               0M (0%)          203M (41%)        102 / 4              0 / 0              0 / 0        
[2026-04-03T01:54:43.828+0600][21.507s][info][gc,reloc    ] GC(94) y: Survivor 1          -                 2M (0%)           1 / 0              0 / 0              0 / 0        
[2026-04-03T01:54:43.828+0600][21.507s][info][gc,heap     ] GC(94) y: Min Capacity: 8M(2%)
[2026-04-03T01:54:43.828+0600][21.507s][info][gc,heap     ] GC(94) y: Max Capacity: 500M(100%)
[2026-04-03T01:54:43.828+0600][21.507s][info][gc,heap     ] GC(94) y: Soft Max Capacity: 500M(100%)
[2026-04-03T01:54:43.828+0600][21.507s][info][gc,heap     ] GC(94) y: Heap Statistics:
[2026-04-03T01:54:43.828+0600][21.507s][info][gc,heap     ] GC(94) y:                Mark Start          Mark End        Relocate Start      Relocate End           High               Low         
[2026-04-03T01:54:43.828+0600][21.507s][info][gc,heap     ] GC(94) y:  Capacity:      500M (100%)        500M (100%)        500M (100%)        500M (100%)        500M (100%)        500M (100%)   
[2026-04-03T01:54:43.828+0600][21.507s][info][gc,heap     ] GC(94) y:      Free:      126M (25%)         112M (22%)         306M (61%)         312M (62%)         312M (62%)         112M (22%)    
[2026-04-03T01:54:43.828+0600][21.507s][info][gc,heap     ] GC(94) y:      Used:      374M (75%)         388M (78%)         194M (39%)         188M (38%)         388M (78%)         188M (38%)    
[2026-04-03T01:54:43.828+0600][21.507s][info][gc,heap     ] GC(94) y: Young Generation Statistics:
[2026-04-03T01:54:43.828+0600][21.507s][info][gc,heap     ] GC(94) y:                Mark Start          Mark End        Relocate Start      Relocate End    
[2026-04-03T01:54:43.828+0600][21.507s][info][gc,heap     ] GC(94) y:      Used:      206M (41%)         220M (44%)          26M (5%)           20M (4%)     
[2026-04-03T01:54:43.828+0600][21.507s][info][gc,heap     ] GC(94) y:      Live:         -                 0M (0%)            0M (0%)            0M (0%)     
[2026-04-03T01:54:43.828+0600][21.507s][info][gc,heap     ] GC(94) y:   Garbage:         -               205M (41%)           9M (2%)            0M (0%)     
[2026-04-03T01:54:43.828+0600][21.507s][info][gc,heap     ] GC(94) y: Allocated:         -                14M (3%)           16M (3%)           19M (4%)     
[2026-04-03T01:54:43.828+0600][21.507s][info][gc,heap     ] GC(94) y: Reclaimed:         -                  -               196M (39%)         205M (41%)    
[2026-04-03T01:54:43.828+0600][21.507s][info][gc,heap     ] GC(94) y:  Promoted:         -                  -                 0M (0%)            0M (0%)     
[2026-04-03T01:54:43.828+0600][21.507s][info][gc,heap     ] GC(94) y: Compacted:         -                  -                  -                 0M (0%)     
[2026-04-03T01:54:43.828+0600][21.507s][info][gc,phases   ] GC(94) y: Young Generation 374M(75%)->188M(38%) 0.012s
[2026-04-03T01:54:43.828+0600][21.507s][info][gc          ] GC(94) Minor Collection (Allocation Rate) 374M(75%)->190M(38%) 0.012s
[2026-04-03T01:54:43.971+0600][21.650s][info][gc          ] GC(95) Minor Collection (Allocation Rate)
[2026-04-03T01:54:43.971+0600][21.650s][info][gc,task     ] GC(95) Using 2 Workers for Young Generation
[2026-04-03T01:54:43.972+0600][21.650s][info][gc,phases   ] GC(95) y: Young Generation
[2026-04-03T01:54:43.972+0600][21.651s][info][gc,phases   ] GC(95) y: Pause Mark Start 0.023ms
[2026-04-03T01:54:43.979+0600][21.657s][info][gc,phases   ] GC(95) y: Concurrent Mark 6.811ms
[2026-04-03T01:54:43.979+0600][21.658s][info][gc,phases   ] GC(95) y: Pause Mark End 0.029ms
[2026-04-03T01:54:43.979+0600][21.658s][info][gc,phases   ] GC(95) y: Concurrent Mark Free 0.001ms
[2026-04-03T01:54:43.979+0600][21.658s][info][gc,phases   ] GC(95) y: Concurrent Reset Relocation Set 0.002ms
[2026-04-03T01:54:43.980+0600][21.659s][info][gc,reloc    ] GC(95) y: Using tenuring threshold: 1 (Computed)
[2026-04-03T01:54:43.981+0600][21.659s][info][gc,phases   ] GC(95) y: Concurrent Select Relocation Set 1.687ms
[2026-04-03T01:54:43.981+0600][21.660s][info][gc,phases   ] GC(95) y: Pause Relocate Start 0.021ms
[2026-04-03T01:54:43.981+0600][21.660s][info][gc,phases   ] GC(95) y: Concurrent Relocate 0.425ms
[2026-04-03T01:54:43.981+0600][21.660s][info][gc,alloc    ] GC(95) y:                         Mark Start        Mark End      Relocate Start    Relocate End   
[2026-04-03T01:54:43.981+0600][21.660s][info][gc,alloc    ] GC(95) y: Allocation Stalls:          0                0                0                0         
[2026-04-03T01:54:43.981+0600][21.660s][info][gc,load     ] GC(95) y: Load: 7.90 (66%) / 7.88 (66%) / 7.50 (63%)
[2026-04-03T01:54:43.981+0600][21.660s][info][gc,mmu      ] GC(95) y: MMU: 2ms/93.8%, 5ms/97.5%, 10ms/98.6%, 20ms/99.2%, 50ms/99.5%, 100ms/99.6%
[2026-04-03T01:54:43.981+0600][21.660s][info][gc,marking  ] GC(95) y: Mark: 2 stripe(s), 2 proactive flush(es), 1 terminate flush(es), 0 completion(s), 0 continuation(s) 
[2026-04-03T01:54:43.981+0600][21.660s][info][gc,marking  ] GC(95) y: Mark Stack Usage: 32M
[2026-04-03T01:54:43.981+0600][21.660s][info][gc,nmethod  ] GC(95) y: NMethods: 5196 registered, 204 unregistered
[2026-04-03T01:54:43.981+0600][21.660s][info][gc,metaspace] GC(95) y: Metaspace: 65M used, 66M committed, 1088M reserved
[2026-04-03T01:54:43.981+0600][21.660s][info][gc,reloc    ] GC(95) y:                        Candidates     Selected     In-Place         Size        Empty    Relocated 
[2026-04-03T01:54:43.981+0600][21.660s][info][gc,reloc    ] GC(95) y: Small Pages:                  137            5            0         274M         262M           0M 
[2026-04-03T01:54:43.981+0600][21.660s][info][gc,reloc    ] GC(95) y: Medium Pages:                   0            0            0           0M           0M           0M 
[2026-04-03T01:54:43.981+0600][21.660s][info][gc,reloc    ] GC(95) y: Large Pages:                    0            0            0           0M           0M           0M 
[2026-04-03T01:54:43.981+0600][21.660s][info][gc,reloc    ] GC(95) y: Forwarding Usage: 0M
[2026-04-03T01:54:43.981+0600][21.660s][info][gc,reloc    ] GC(95) y: Age Table:
[2026-04-03T01:54:43.981+0600][21.660s][info][gc,reloc    ] GC(95) y:                    Live             Garbage             Small              Medium             Large        
[2026-04-03T01:54:43.981+0600][21.660s][info][gc,reloc    ] GC(95) y: Eden               0M (0%)          269M (54%)        135 / 5              0 / 0              0 / 0        
[2026-04-03T01:54:43.981+0600][21.660s][info][gc,reloc    ] GC(95) y: Survivor 1          -                 4M (1%)           2 / 0              0 / 0              0 / 0        
[2026-04-03T01:54:43.981+0600][21.660s][info][gc,heap     ] GC(95) y: Min Capacity: 8M(2%)
[2026-04-03T01:54:43.981+0600][21.660s][info][gc,heap     ] GC(95) y: Max Capacity: 500M(100%)
[2026-04-03T01:54:43.981+0600][21.660s][info][gc,heap     ] GC(95) y: Soft Max Capacity: 500M(100%)
[2026-04-03T01:54:43.981+0600][21.660s][info][gc,heap     ] GC(95) y: Heap Statistics:
[2026-04-03T01:54:43.982+0600][21.660s][info][gc,heap     ] GC(95) y:                Mark Start          Mark End        Relocate Start      Relocate End           High               Low         
[2026-04-03T01:54:43.982+0600][21.660s][info][gc,heap     ] GC(95) y:  Capacity:      500M (100%)        500M (100%)        500M (100%)        500M (100%)        500M (100%)        500M (100%)   
[2026-04-03T01:54:43.982+0600][21.660s][info][gc,heap     ] GC(95) y:      Free:       58M (12%)          46M (9%)          306M (61%)         312M (62%)         312M (62%)          46M (9%)     
[2026-04-03T01:54:43.982+0600][21.660s][info][gc,heap     ] GC(95) y:      Used:      442M (88%)         454M (91%)         194M (39%)         188M (38%)         454M (91%)         188M (38%)    
[2026-04-03T01:54:43.982+0600][21.660s][info][gc,heap     ] GC(95) y: Young Generation Statistics:
[2026-04-03T01:54:43.982+0600][21.660s][info][gc,heap     ] GC(95) y:                Mark Start          Mark End        Relocate Start      Relocate End    
[2026-04-03T01:54:43.982+0600][21.660s][info][gc,heap     ] GC(95) y:      Used:      274M (55%)         286M (57%)          26M (5%)           20M (4%)     
[2026-04-03T01:54:43.982+0600][21.660s][info][gc,heap     ] GC(95) y:      Live:         -                 0M (0%)            0M (0%)            0M (0%)     
[2026-04-03T01:54:43.982+0600][21.660s][info][gc,heap     ] GC(95) y:   Garbage:         -               273M (55%)          11M (2%)            0M (0%)     
[2026-04-03T01:54:43.982+0600][21.660s][info][gc,heap     ] GC(95) y: Allocated:         -                12M (2%)           14M (3%)           19M (4%)     
[2026-04-03T01:54:43.982+0600][21.660s][info][gc,heap     ] GC(95) y: Reclaimed:         -                  -               262M (52%)         273M (55%)    
[2026-04-03T01:54:43.982+0600][21.660s][info][gc,heap     ] GC(95) y:  Promoted:         -                  -                 0M (0%)            0M (0%)     
[2026-04-03T01:54:43.982+0600][21.660s][info][gc,heap     ] GC(95) y: Compacted:         -                  -                  -                 0M (0%)     
[2026-04-03T01:54:43.982+0600][21.660s][info][gc,phases   ] GC(95) y: Young Generation 442M(88%)->188M(38%) 0.010s
[2026-04-03T01:54:43.982+0600][21.660s][info][gc          ] GC(95) Minor Collection (Allocation Rate) 442M(88%)->188M(38%) 0.010s
[2026-04-03T01:54:44.094+0600][21.773s][info][gc          ] GC(96) Minor Collection (Allocation Rate)
[2026-04-03T01:54:44.095+0600][21.773s][info][gc,task     ] GC(96) Using 1 Workers for Young Generation
[2026-04-03T01:54:44.095+0600][21.773s][info][gc,phases   ] GC(96) y: Young Generation
[2026-04-03T01:54:44.095+0600][21.774s][info][gc,phases   ] GC(96) y: Pause Mark Start 0.018ms
[2026-04-03T01:54:44.103+0600][21.782s][info][gc,phases   ] GC(96) y: Concurrent Mark 8.437ms
[2026-04-03T01:54:44.103+0600][21.782s][info][gc,phases   ] GC(96) y: Pause Mark End 0.019ms
[2026-04-03T01:54:44.103+0600][21.782s][info][gc,phases   ] GC(96) y: Concurrent Mark Free 0.001ms
[2026-04-03T01:54:44.103+0600][21.782s][info][gc,phases   ] GC(96) y: Concurrent Reset Relocation Set 0.002ms
[2026-04-03T01:54:44.105+0600][21.784s][info][gc,reloc    ] GC(96) y: Using tenuring threshold: 2 (Computed)
[2026-04-03T01:54:44.105+0600][21.784s][info][gc,phases   ] GC(96) y: Concurrent Select Relocation Set 1.773ms
[2026-04-03T01:54:44.105+0600][21.784s][info][gc,phases   ] GC(96) y: Pause Relocate Start 0.010ms
[2026-04-03T01:54:44.106+0600][21.784s][info][gc,phases   ] GC(96) y: Concurrent Relocate 0.127ms
[2026-04-03T01:54:44.106+0600][21.785s][info][gc,alloc    ] GC(96) y:                         Mark Start        Mark End      Relocate Start    Relocate End   
[2026-04-03T01:54:44.106+0600][21.785s][info][gc,alloc    ] GC(96) y: Allocation Stalls:          0                0                0                0         
[2026-04-03T01:54:44.106+0600][21.785s][info][gc,load     ] GC(96) y: Load: 7.90 (66%) / 7.88 (66%) / 7.50 (63%)
[2026-04-03T01:54:44.106+0600][21.785s][info][gc,mmu      ] GC(96) y: MMU: 2ms/93.8%, 5ms/97.5%, 10ms/98.6%, 20ms/99.2%, 50ms/99.5%, 100ms/99.6%
[2026-04-03T01:54:44.106+0600][21.785s][info][gc,marking  ] GC(96) y: Mark: 1 stripe(s), 2 proactive flush(es), 1 terminate flush(es), 0 completion(s), 0 continuation(s) 
[2026-04-03T01:54:44.106+0600][21.785s][info][gc,marking  ] GC(96) y: Mark Stack Usage: 32M
[2026-04-03T01:54:44.106+0600][21.785s][info][gc,nmethod  ] GC(96) y: NMethods: 5196 registered, 204 unregistered
[2026-04-03T01:54:44.106+0600][21.785s][info][gc,metaspace] GC(96) y: Metaspace: 65M used, 66M committed, 1088M reserved
[2026-04-03T01:54:44.106+0600][21.785s][info][gc,reloc    ] GC(96) y:                        Candidates     Selected     In-Place         Size        Empty    Relocated 
[2026-04-03T01:54:44.106+0600][21.785s][info][gc,reloc    ] GC(96) y: Small Pages:                  106            5            0         212M         200M           0M 
[2026-04-03T01:54:44.106+0600][21.785s][info][gc,reloc    ] GC(96) y: Medium Pages:                   0            0            0           0M           0M           0M 
[2026-04-03T01:54:44.106+0600][21.785s][info][gc,reloc    ] GC(96) y: Large Pages:                    0            0            0           0M           0M           0M 
[2026-04-03T01:54:44.106+0600][21.785s][info][gc,reloc    ] GC(96) y: Forwarding Usage: 0M
[2026-04-03T01:54:44.106+0600][21.785s][info][gc,reloc    ] GC(96) y: Age Table:
[2026-04-03T01:54:44.106+0600][21.785s][info][gc,reloc    ] GC(96) y:                    Live             Garbage             Small              Medium             Large        
[2026-04-03T01:54:44.106+0600][21.785s][info][gc,reloc    ] GC(96) y: Eden               0M (0%)          205M (41%)        103 / 4              0 / 0              0 / 0        
[2026-04-03T01:54:44.106+0600][21.785s][info][gc,reloc    ] GC(96) y: Survivor 1         0M (0%)            5M (1%)           3 / 1              0 / 0              0 / 0        
[2026-04-03T01:54:44.106+0600][21.785s][info][gc,heap     ] GC(96) y: Min Capacity: 8M(2%)
[2026-04-03T01:54:44.106+0600][21.785s][info][gc,heap     ] GC(96) y: Max Capacity: 500M(100%)
[2026-04-03T01:54:44.106+0600][21.785s][info][gc,heap     ] GC(96) y: Soft Max Capacity: 500M(100%)
[2026-04-03T01:54:44.106+0600][21.785s][info][gc,heap     ] GC(96) y: Heap Statistics:
[2026-04-03T01:54:44.106+0600][21.785s][info][gc,heap     ] GC(96) y:                Mark Start          Mark End        Relocate Start      Relocate End           High               Low         
[2026-04-03T01:54:44.106+0600][21.785s][info][gc,heap     ] GC(96) y:  Capacity:      500M (100%)        500M (100%)        500M (100%)        500M (100%)        500M (100%)        500M (100%)   
[2026-04-03T01:54:44.106+0600][21.785s][info][gc,heap     ] GC(96) y:      Free:      120M (24%)         106M (21%)         306M (61%)         314M (63%)         314M (63%)         106M (21%)    
[2026-04-03T01:54:44.106+0600][21.785s][info][gc,heap     ] GC(96) y:      Used:      380M (76%)         394M (79%)         194M (39%)         186M (37%)         394M (79%)         186M (37%)    
[2026-04-03T01:54:44.106+0600][21.785s][info][gc,heap     ] GC(96) y: Young Generation Statistics:
[2026-04-03T01:54:44.106+0600][21.785s][info][gc,heap     ] GC(96) y:                Mark Start          Mark End        Relocate Start      Relocate End    
[2026-04-03T01:54:44.106+0600][21.785s][info][gc,heap     ] GC(96) y:      Used:      212M (42%)         226M (45%)          26M (5%)           18M (4%)     
[2026-04-03T01:54:44.106+0600][21.785s][info][gc,heap     ] GC(96) y:      Live:         -                 0M (0%)            0M (0%)            0M (0%)     
[2026-04-03T01:54:44.106+0600][21.785s][info][gc,heap     ] GC(96) y:   Garbage:         -               211M (42%)          11M (2%)            0M (0%)     
[2026-04-03T01:54:44.106+0600][21.785s][info][gc,heap     ] GC(96) y: Allocated:         -                14M (3%)           14M (3%)           17M (4%)     
[2026-04-03T01:54:44.106+0600][21.785s][info][gc,heap     ] GC(96) y: Reclaimed:         -                  -               200M (40%)         211M (42%)    
[2026-04-03T01:54:44.106+0600][21.785s][info][gc,heap     ] GC(96) y:  Promoted:         -                  -                 0M (0%)            0M (0%)     
[2026-04-03T01:54:44.106+0600][21.785s][info][gc,heap     ] GC(96) y: Compacted:         -                  -                  -                 0M (0%)     
[2026-04-03T01:54:44.106+0600][21.785s][info][gc,phases   ] GC(96) y: Young Generation 380M(76%)->186M(37%) 0.011s
[2026-04-03T01:54:44.106+0600][21.785s][info][gc          ] GC(96) Minor Collection (Allocation Rate) 380M(76%)->186M(37%) 0.011s
[2026-04-03T01:54:44.872+0600][22.551s][info][gc,exit     ] Stopping ZGC
[2026-04-03T01:54:44.872+0600][22.551s][info][gc,stats    ] === Garbage Collection Statistics =======================================================================================================================
[2026-04-03T01:54:44.872+0600][22.551s][info][gc,stats    ]                                                              Last 10s              Last 10m              Last 10h                Total
[2026-04-03T01:54:44.872+0600][22.551s][info][gc,stats    ]                                                              Avg / Max             Avg / Max             Avg / Max             Avg / Max
[2026-04-03T01:54:44.872+0600][22.551s][info][gc,stats    ]        Contention: Mark Segment Reset Contention                     2 / 7                 7 / 86                7 / 86                7 / 86          ops/s
[2026-04-03T01:54:44.872+0600][22.551s][info][gc,stats    ]        Contention: Mark SeqNum Reset Contention                      0 / 2                 0 / 6                 0 / 6                 0 / 6           ops/s
[2026-04-03T01:54:44.872+0600][22.551s][info][gc,stats    ]          Critical: Allocation Stall                                  0 / 2                 0 / 2                 0 / 2                 0 / 2           ops/s
[2026-04-03T01:54:44.872+0600][22.551s][info][gc,stats    ]          Critical: Allocation Stall                             15.568 / 16.175       15.925 / 27.211       15.925 / 27.211       15.925 / 27.211      ms
[2026-04-03T01:54:44.872+0600][22.551s][info][gc,stats    ]          Critical: JNI Critical Stall                                0 / 1                 0 / 2                 0 / 2                 0 / 2           ops/s
[2026-04-03T01:54:44.873+0600][22.551s][info][gc,stats    ]          Critical: JNI Critical Stall                            0.333 / 0.556         0.359 / 0.750         0.359 / 0.750         0.359 / 0.750       ms
[2026-04-03T01:54:44.873+0600][22.551s][info][gc,stats    ]          Critical: Relocation Stall                                  0 / 0                 0 / 0                 0 / 0                 0 / 0           ops/s
[2026-04-03T01:54:44.873+0600][22.551s][info][gc,stats    ]          Critical: Relocation Stall                              0.000 / 0.000         0.000 / 0.000         0.000 / 0.000         0.000 / 0.000       ms
[2026-04-03T01:54:44.873+0600][22.551s][info][gc,stats    ]  Major Collection: Major Collection                            320.512 / 543.411     240.641 / 543.411     240.641 / 543.411     240.641 / 543.411     ms
[2026-04-03T01:54:44.873+0600][22.551s][info][gc,stats    ]            Memory: Allocation Rate                                1035 / 1970            581 / 1970            581 / 1970            581 / 1970        MB/s
[2026-04-03T01:54:44.873+0600][22.551s][info][gc,stats    ]            Memory: Defragment                                        0 / 3                 0 / 3                 0 / 3                 0 / 3           ops/s
[2026-04-03T01:54:44.873+0600][22.551s][info][gc,stats    ]            Memory: Out Of Memory                                     0 / 0                 0 / 0                 0 / 0                 0 / 0           ops/s
[2026-04-03T01:54:44.873+0600][22.551s][info][gc,stats    ]            Memory: Page Cache Flush                                  9 / 26                4 / 26                4 / 26                4 / 26          MB/s
[2026-04-03T01:54:44.873+0600][22.551s][info][gc,stats    ]            Memory: Page Cache Hit L1                               545 / 1024            298 / 1024            298 / 1024            298 / 1024        ops/s
[2026-04-03T01:54:44.873+0600][22.551s][info][gc,stats    ]            Memory: Page Cache Hit L2                                 0 / 0                 0 / 0                 0 / 0                 0 / 0           ops/s
[2026-04-03T01:54:44.873+0600][22.551s][info][gc,stats    ]            Memory: Page Cache Hit L3                                 1 / 3                 6 / 62                6 / 62                6 / 62          ops/s
[2026-04-03T01:54:44.873+0600][22.551s][info][gc,stats    ]            Memory: Page Cache Miss                                   1 / 4                 6 / 92                6 / 92                6 / 92          ops/s
[2026-04-03T01:54:44.873+0600][22.551s][info][gc,stats    ]            Memory: Uncommit                                          0 / 0                 0 / 0                 0 / 0                 0 / 0           MB/s
[2026-04-03T01:54:44.873+0600][22.551s][info][gc,stats    ]            Memory: Undo Object Allocation Failed                     0 / 0                 0 / 0                 0 / 0                 0 / 0           ops/s
[2026-04-03T01:54:44.873+0600][22.551s][info][gc,stats    ]            Memory: Undo Object Allocation Succeeded                147 / 1311             77 / 1311             77 / 1311             77 / 1311        ops/s
[2026-04-03T01:54:44.873+0600][22.551s][info][gc,stats    ]            Memory: Undo Page Allocation                              0 / 0                 0 / 0                 0 / 0                 0 / 0           ops/s
[2026-04-03T01:54:44.873+0600][22.552s][info][gc,stats    ]  Minor Collection: Minor Collection                             32.965 / 189.140      39.127 / 189.140      39.127 / 189.140      39.127 / 189.140     ms
[2026-04-03T01:54:44.873+0600][22.552s][info][gc,stats    ]    Old Generation: Old Generation                              290.470 / 469.824     196.509 / 469.824     196.509 / 469.824     196.509 / 469.824     ms
[2026-04-03T01:54:44.873+0600][22.552s][info][gc,stats    ]         Old Pause: Pause Mark End                                0.023 / 0.033         0.028 / 0.087         0.028 / 0.087         0.028 / 0.087       ms
[2026-04-03T01:54:44.873+0600][22.552s][info][gc,stats    ]         Old Pause: Pause Relocate Start                          0.025 / 0.035         0.024 / 0.035         0.024 / 0.035         0.024 / 0.035       ms
[2026-04-03T01:54:44.873+0600][22.552s][info][gc,stats    ]         Old Phase: Concurrent Mark                             208.463 / 385.572     129.157 / 385.572     129.157 / 385.572     129.157 / 385.572     ms
[2026-04-03T01:54:44.873+0600][22.552s][info][gc,stats    ]         Old Phase: Concurrent Mark Continue                      0.000 / 0.000         0.000 / 0.000         0.000 / 0.000         0.000 / 0.000       ms
[2026-04-03T01:54:44.873+0600][22.552s][info][gc,stats    ]         Old Phase: Concurrent Mark Free                          0.002 / 0.003         0.003 / 0.026         0.003 / 0.026         0.003 / 0.026       ms
[2026-04-03T01:54:44.873+0600][22.552s][info][gc,stats    ]         Old Phase: Concurrent Process Non-Strong                17.102 / 27.647       12.471 / 27.647       12.471 / 27.647       12.471 / 27.647      ms
[2026-04-03T01:54:44.873+0600][22.552s][info][gc,stats    ]         Old Phase: Concurrent Relocate                          13.625 / 41.003        9.353 / 41.003        9.353 / 41.003        9.353 / 41.003      ms
[2026-04-03T01:54:44.873+0600][22.552s][info][gc,stats    ]         Old Phase: Concurrent Remap Roots                       21.656 / 26.828       18.969 / 26.828       18.969 / 26.828       18.969 / 26.828      ms
[2026-04-03T01:54:44.873+0600][22.552s][info][gc,stats    ]         Old Phase: Concurrent Reset Relocation Set               0.004 / 0.008         0.003 / 0.008         0.003 / 0.008         0.003 / 0.008       ms
[2026-04-03T01:54:44.873+0600][22.552s][info][gc,stats    ]         Old Phase: Concurrent Select Relocation Set              4.861 / 7.336         3.793 / 7.336         3.793 / 7.336         3.793 / 7.336       ms
[2026-04-03T01:54:44.873+0600][22.552s][info][gc,stats    ]      Old Subphase: Concurrent Classes Purge                      0.217 / 0.592         0.163 / 0.592         0.163 / 0.592         0.163 / 0.592       ms
[2026-04-03T01:54:44.873+0600][22.552s][info][gc,stats    ]      Old Subphase: Concurrent Classes Unlink                    11.488 / 16.950        8.276 / 16.950        8.276 / 16.950        8.276 / 16.950      ms
[2026-04-03T01:54:44.873+0600][22.552s][info][gc,stats    ]      Old Subphase: Concurrent Mark Follow                      207.399 / 383.565     128.279 / 383.565     128.279 / 383.565     128.279 / 383.565     ms
[2026-04-03T01:54:44.873+0600][22.552s][info][gc,stats    ]      Old Subphase: Concurrent Mark Root Colored                  0.182 / 0.471         0.142 / 0.471         0.142 / 0.471         0.142 / 0.471       ms
[2026-04-03T01:54:44.873+0600][22.552s][info][gc,stats    ]      Old Subphase: Concurrent Mark Root Uncolored                0.519 / 1.670         0.480 / 1.670         0.480 / 1.670         0.480 / 1.670       ms
[2026-04-03T01:54:44.873+0600][22.552s][info][gc,stats    ]      Old Subphase: Concurrent Mark Roots                         1.059 / 1.999         0.871 / 1.999         0.871 / 1.999         0.871 / 1.999       ms
[2026-04-03T01:54:44.873+0600][22.552s][info][gc,stats    ]      Old Subphase: Concurrent References Enqueue                 0.007 / 0.011         0.005 / 0.011         0.005 / 0.011         0.005 / 0.011       ms
[2026-04-03T01:54:44.873+0600][22.552s][info][gc,stats    ]      Old Subphase: Concurrent References Process                 0.988 / 1.689         0.760 / 1.689         0.760 / 1.689         0.760 / 1.689       ms
[2026-04-03T01:54:44.873+0600][22.552s][info][gc,stats    ]      Old Subphase: Concurrent Remap Remembered                  17.245 / 23.288       15.440 / 23.288       15.440 / 23.288       15.440 / 23.288      ms
[2026-04-03T01:54:44.873+0600][22.552s][info][gc,stats    ]      Old Subphase: Concurrent Remap Roots Colored                1.854 / 3.949         1.550 / 3.949         1.550 / 3.949         1.550 / 3.949       ms
[2026-04-03T01:54:44.873+0600][22.552s][info][gc,stats    ]      Old Subphase: Concurrent Remap Roots Uncolored              2.059 / 2.779         1.371 / 2.779         1.371 / 2.779         1.371 / 2.779       ms
[2026-04-03T01:54:44.873+0600][22.552s][info][gc,stats    ]      Old Subphase: Concurrent Roots ClassLoaderDataGraph         1.017 / 3.615         0.926 / 3.615         0.926 / 3.615         0.926 / 3.615       ms
[2026-04-03T01:54:44.873+0600][22.552s][info][gc,stats    ]      Old Subphase: Concurrent Roots CodeCache                    1.899 / 2.477         1.261 / 2.477         1.261 / 2.477         1.261 / 2.477       ms
[2026-04-03T01:54:44.873+0600][22.552s][info][gc,stats    ]      Old Subphase: Concurrent Roots JavaThreads                  0.223 / 1.668         0.182 / 1.668         0.182 / 1.668         0.182 / 1.668       ms
[2026-04-03T01:54:44.873+0600][22.552s][info][gc,stats    ]      Old Subphase: Concurrent Roots OopStorageSet                0.024 / 0.078         0.023 / 0.122         0.023 / 0.122         0.023 / 0.122       ms
[2026-04-03T01:54:44.873+0600][22.552s][info][gc,stats    ]      Old Subphase: Concurrent Weak Roots OopStorageSet           0.749 / 6.132         0.594 / 6.132         0.594 / 6.132         0.594 / 6.132       ms
[2026-04-03T01:54:44.873+0600][22.552s][info][gc,stats    ]            System: Java Threads                                     76 / 106              68 / 106              68 / 106              68 / 106         threads
[2026-04-03T01:54:44.873+0600][22.552s][info][gc,stats    ]  Young Generation: Young Generation                             29.925 / 72.493       46.658 / 162.833      46.658 / 162.833      46.658 / 162.833     ms
[2026-04-03T01:54:44.873+0600][22.552s][info][gc,stats    ]  Young Generation: Young Generation                             32.508 / 188.663      38.662 / 188.663      38.662 / 188.663      38.662 / 188.663     ms
[2026-04-03T01:54:44.873+0600][22.552s][info][gc,stats    ]  Young Generation: Young Generation (Collect Roots)             12.180 / 15.528       12.180 / 15.528       12.180 / 15.528       12.180 / 15.528      ms
[2026-04-03T01:54:44.873+0600][22.552s][info][gc,stats    ]  Young Generation: Young Generation (Promote All)               15.450 / 16.791       15.450 / 16.791       15.450 / 16.791       15.450 / 16.791      ms
[2026-04-03T01:54:44.873+0600][22.552s][info][gc,stats    ]       Young Pause: Pause Mark End                                0.026 / 0.103         0.028 / 0.125         0.028 / 0.125         0.028 / 0.125       ms
[2026-04-03T01:54:44.873+0600][22.552s][info][gc,stats    ]       Young Pause: Pause Mark Start                              0.023 / 0.090         0.024 / 0.090         0.024 / 0.090         0.024 / 0.090       ms
[2026-04-03T01:54:44.873+0600][22.552s][info][gc,stats    ]       Young Pause: Pause Mark Start (Major)                      0.026 / 0.035         0.025 / 0.047         0.025 / 0.047         0.025 / 0.047       ms
[2026-04-03T01:54:44.873+0600][22.552s][info][gc,stats    ]       Young Pause: Pause Relocate Start                          0.020 / 0.055         0.021 / 0.080         0.021 / 0.080         0.021 / 0.080       ms
[2026-04-03T01:54:44.873+0600][22.552s][info][gc,stats    ]       Young Phase: Concurrent Mark                              18.889 / 96.214       24.129 / 134.465      24.129 / 134.465      24.129 / 134.465     ms
[2026-04-03T01:54:44.873+0600][22.552s][info][gc,stats    ]       Young Phase: Concurrent Mark Continue                      0.000 / 0.000         0.000 / 0.000         0.000 / 0.000         0.000 / 0.000       ms
[2026-04-03T01:54:44.873+0600][22.552s][info][gc,stats    ]       Young Phase: Concurrent Mark Free                          0.009 / 0.319         0.007 / 0.319         0.007 / 0.319         0.007 / 0.319       ms
[2026-04-03T01:54:44.873+0600][22.552s][info][gc,stats    ]       Young Phase: Concurrent Relocate                           5.802 / 85.228        7.385 / 85.228        7.385 / 85.228        7.385 / 85.228      ms
[2026-04-03T01:54:44.873+0600][22.552s][info][gc,stats    ]       Young Phase: Concurrent Reset Relocation Set               0.007 / 0.042         0.010 / 0.073         0.010 / 0.073         0.010 / 0.073       ms
[2026-04-03T01:54:44.873+0600][22.552s][info][gc,stats    ]       Young Phase: Concurrent Select Relocation Set              4.955 / 22.488        5.298 / 22.488        5.298 / 22.488        5.298 / 22.488      ms
[2026-04-03T01:54:44.873+0600][22.552s][info][gc,stats    ]    Young Subphase: Concurrent Mark Follow                       12.166 / 84.770       17.818 / 127.332      17.818 / 127.332      17.818 / 127.332     ms
[2026-04-03T01:54:44.873+0600][22.552s][info][gc,stats    ]    Young Subphase: Concurrent Mark Root Colored                  3.466 / 7.242         3.258 / 7.242         3.258 / 7.242         3.258 / 7.242       ms
[2026-04-03T01:54:44.873+0600][22.552s][info][gc,stats    ]    Young Subphase: Concurrent Mark Root Uncolored                2.931 / 7.703         2.639 / 7.703         2.639 / 7.703         2.639 / 7.703       ms
[2026-04-03T01:54:44.873+0600][22.552s][info][gc,stats    ]    Young Subphase: Concurrent Mark Roots                         6.717 / 12.559        6.305 / 12.559        6.305 / 12.559        6.305 / 12.559      ms
[2026-04-03T01:54:44.873+0600][22.552s][info][gc,stats    ]    Young Subphase: Concurrent Relocate Remset FP                 2.394 / 63.826        2.567 / 63.826        2.567 / 63.826        2.567 / 63.826      ms
[2026-04-03T01:54:44.873+0600][22.552s][info][gc,stats    ]    Young Subphase: Concurrent Roots ClassLoaderDataGraph         2.518 / 4.993         2.378 / 5.974         2.378 / 5.974         2.378 / 5.974       ms
[2026-04-03T01:54:44.873+0600][22.552s][info][gc,stats    ]    Young Subphase: Concurrent Roots CodeCache                    2.514 / 6.698         2.237 / 6.698         2.237 / 6.698         2.237 / 6.698       ms
[2026-04-03T01:54:44.873+0600][22.552s][info][gc,stats    ]    Young Subphase: Concurrent Roots JavaThreads                  0.217 / 1.488         0.209 / 2.039         0.209 / 2.039         0.209 / 2.039       ms
[2026-04-03T01:54:44.873+0600][22.552s][info][gc,stats    ]    Young Subphase: Concurrent Roots OopStorageSet                0.027 / 0.115         0.028 / 0.115         0.028 / 0.115         0.028 / 0.115       ms
[2026-04-03T01:54:44.873+0600][22.552s][info][gc,stats    ]    Young Subphase: Concurrent Weak Roots OopStorageSet           0.923 / 6.563         0.855 / 6.563         0.855 / 6.563         0.855 / 6.563       ms
[2026-04-03T01:54:44.873+0600][22.552s][info][gc,stats    ] =========================================================================================================================================================
[2026-04-03T01:54:44.874+0600][22.552s][info][gc,heap,exit] Heap
[2026-04-03T01:54:44.874+0600][22.553s][info][gc,heap,exit]  ZHeap           used 248M, capacity 500M, max capacity 500M
[2026-04-03T01:54:44.874+0600][22.553s][info][gc,heap,exit]  Metaspace       used 67378K, committed 68224K, reserved 1114112K
[2026-04-03T01:54:44.874+0600][22.553s][info][gc,heap,exit]   class space    used 8614K, committed 9024K, reserved 1048576K
