[2026-04-03T02:00:11.871+0600][0.005s][info][gc,init] Initializing The Z Garbage Collector
[2026-04-03T02:00:11.871+0600][0.005s][info][gc,init] Version: 21.0.10+7-Ubuntu-124.04 (release)
[2026-04-03T02:00:11.871+0600][0.005s][info][gc,init] NUMA Support: Disabled
[2026-04-03T02:00:11.871+0600][0.005s][info][gc,init] CPUs: 12 total, 12 available
[2026-04-03T02:00:11.871+0600][0.005s][info][gc,init] Memory: 15683M
[2026-04-03T02:00:11.871+0600][0.005s][info][gc,init] Large Page Support: Disabled
[2026-04-03T02:00:11.871+0600][0.005s][info][gc,init] Address Space Type: Contiguous/Unrestricted/Complete
[2026-04-03T02:00:11.871+0600][0.005s][info][gc,init] Address Space Size: 24000M
[2026-04-03T02:00:11.871+0600][0.005s][info][gc,init] Heap Backing File: /memfd:java_heap
[2026-04-03T02:00:11.871+0600][0.005s][info][gc,init] Heap Backing Filesystem: tmpfs (0x1021994)
[2026-04-03T02:00:11.872+0600][0.005s][info][gc,init] Min Capacity: 8M
[2026-04-03T02:00:11.872+0600][0.005s][info][gc,init] Initial Capacity: 246M
[2026-04-03T02:00:11.872+0600][0.005s][info][gc,init] Max Capacity: 1500M
[2026-04-03T02:00:11.872+0600][0.005s][info][gc,init] Soft Max Capacity: 1500M
[2026-04-03T02:00:11.872+0600][0.005s][info][gc,init] Medium Page Size: 32M
[2026-04-03T02:00:11.872+0600][0.005s][info][gc,init] Pre-touch: Disabled
[2026-04-03T02:00:11.872+0600][0.005s][info][gc,init] Available space on backing filesystem: N/A
[2026-04-03T02:00:11.873+0600][0.006s][info][gc,init] Uncommit: Enabled
[2026-04-03T02:00:11.873+0600][0.006s][info][gc,init] Uncommit Delay: 300s
[2026-04-03T02:00:11.873+0600][0.006s][info][gc,init] GC Workers for Old Generation: 3 (dynamic)
[2026-04-03T02:00:11.873+0600][0.007s][info][gc,init] GC Workers for Young Generation: 3 (dynamic)
[2026-04-03T02:00:11.959+0600][0.092s][info][gc,init] GC Workers Max: 3 (dynamic)
[2026-04-03T02:00:11.959+0600][0.093s][info][gc,init] Runtime Workers: 8
[2026-04-03T02:00:11.961+0600][0.094s][info][gc     ] Using The Z Garbage Collector
[2026-04-03T02:00:11.971+0600][0.105s][info][gc,metaspace] CDS archive(s) mapped at: [0x0000747dc7000000-0x0000747dc7c9c000-0x0000747dc7c9c000), size 13221888, SharedBaseAddress: 0x0000747dc7000000, ArchiveRelocationMode: 1.
[2026-04-03T02:00:11.971+0600][0.105s][info][gc,metaspace] Compressed class space mapped at: 0x0000747dc8000000-0x0000747e08000000, reserved size: 1073741824
[2026-04-03T02:00:11.971+0600][0.105s][info][gc,metaspace] Narrow klass base: 0x0000747dc7000000, Narrow klass shift: 0, Narrow klass range: 0x100000000
[2026-04-03T02:00:12.610+0600][0.744s][info][gc          ] GC(0) Major Collection (Warmup)
[2026-04-03T02:00:12.610+0600][0.744s][info][gc,task     ] GC(0) Using 3 Workers for Young Generation
[2026-04-03T02:00:12.610+0600][0.744s][info][gc,task     ] GC(0) Using 2 Workers for Old Generation
[2026-04-03T02:00:12.610+0600][0.744s][info][gc,phases   ] GC(0) Y: Young Generation
[2026-04-03T02:00:12.611+0600][0.744s][info][gc,phases   ] GC(0) Y: Pause Mark Start (Major) 0.018ms
[2026-04-03T02:00:12.616+0600][0.750s][info][gc,phases   ] GC(0) Y: Concurrent Mark 5.223ms
[2026-04-03T02:00:12.617+0600][0.750s][info][gc,phases   ] GC(0) Y: Pause Mark End 0.017ms
[2026-04-03T02:00:12.617+0600][0.751s][info][gc,phases   ] GC(0) Y: Concurrent Mark Free 0.002ms
[2026-04-03T02:00:12.617+0600][0.751s][info][gc,phases   ] GC(0) Y: Concurrent Reset Relocation Set 0.000ms
[2026-04-03T02:00:12.623+0600][0.757s][info][gc,reloc    ] GC(0) Y: Using tenuring threshold: 1 (Computed)
[2026-04-03T02:00:12.624+0600][0.758s][info][gc,phases   ] GC(0) Y: Concurrent Select Relocation Set 6.985ms
[2026-04-03T02:00:12.624+0600][0.758s][info][gc,phases   ] GC(0) Y: Pause Relocate Start 0.013ms
[2026-04-03T02:00:12.626+0600][0.760s][info][gc,phases   ] GC(0) Y: Concurrent Relocate 1.912ms
[2026-04-03T02:00:12.626+0600][0.760s][info][gc,alloc    ] GC(0) Y:                         Mark Start        Mark End      Relocate Start    Relocate End   
[2026-04-03T02:00:12.626+0600][0.760s][info][gc,alloc    ] GC(0) Y: Allocation Stalls:          0                0                0                0         
[2026-04-03T02:00:12.626+0600][0.760s][info][gc,load     ] GC(0) Y: Load: 2.59 (22%) / 4.24 (35%) / 5.98 (50%)
[2026-04-03T02:00:12.626+0600][0.760s][info][gc,mmu      ] GC(0) Y: MMU: 2ms/99.1%, 5ms/99.6%, 10ms/99.7%, 20ms/99.8%, 50ms/99.9%, 100ms/100.0%
[2026-04-03T02:00:12.626+0600][0.760s][info][gc,marking  ] GC(0) Y: Mark: 2 stripe(s), 2 proactive flush(es), 1 terminate flush(es), 0 completion(s), 0 continuation(s) 
[2026-04-03T02:00:12.626+0600][0.760s][info][gc,marking  ] GC(0) Y: Mark Stack Usage: 32M
[2026-04-03T02:00:12.626+0600][0.760s][info][gc,nmethod  ] GC(0) Y: NMethods: 798 registered, 0 unregistered
[2026-04-03T02:00:12.626+0600][0.760s][info][gc,metaspace] GC(0) Y: Metaspace: 5M used, 5M committed, 1088M reserved
[2026-04-03T02:00:12.626+0600][0.760s][info][gc,reloc    ] GC(0) Y:                        Candidates     Selected     In-Place         Size        Empty    Relocated 
[2026-04-03T02:00:12.626+0600][0.760s][info][gc,reloc    ] GC(0) Y: Small Pages:                   76           73            0         152M           0M           1M 
[2026-04-03T02:00:12.626+0600][0.760s][info][gc,reloc    ] GC(0) Y: Medium Pages:                   0            0            0           0M           0M           0M 
[2026-04-03T02:00:12.626+0600][0.760s][info][gc,reloc    ] GC(0) Y: Large Pages:                    0            0            0           0M           0M           0M 
[2026-04-03T02:00:12.626+0600][0.760s][info][gc,reloc    ] GC(0) Y: Forwarding Usage: 0M
[2026-04-03T02:00:12.626+0600][0.760s][info][gc,reloc    ] GC(0) Y: Age Table:
[2026-04-03T02:00:12.626+0600][0.760s][info][gc,reloc    ] GC(0) Y:                    Live             Garbage             Small              Medium             Large        
[2026-04-03T02:00:12.626+0600][0.760s][info][gc,reloc    ] GC(0) Y: Eden               3M (0%)          148M (10%)         76 / 73             0 / 0              0 / 0        
[2026-04-03T02:00:12.626+0600][0.760s][info][gc,heap     ] GC(0) Y: Min Capacity: 8M(1%)
[2026-04-03T02:00:12.626+0600][0.760s][info][gc,heap     ] GC(0) Y: Max Capacity: 1500M(100%)
[2026-04-03T02:00:12.626+0600][0.760s][info][gc,heap     ] GC(0) Y: Soft Max Capacity: 1500M(100%)
[2026-04-03T02:00:12.626+0600][0.760s][info][gc,heap     ] GC(0) Y: Heap Statistics:
[2026-04-03T02:00:12.626+0600][0.760s][info][gc,heap     ] GC(0) Y:                Mark Start          Mark End        Relocate Start      Relocate End           High               Low         
[2026-04-03T02:00:12.626+0600][0.760s][info][gc,heap     ] GC(0) Y:  Capacity:      246M (16%)         246M (16%)         246M (16%)         246M (16%)         246M (16%)         246M (16%)    
[2026-04-03T02:00:12.626+0600][0.760s][info][gc,heap     ] GC(0) Y:      Free:     1348M (90%)        1346M (90%)        1342M (89%)        1482M (99%)        1482M (99%)        1336M (89%)    
[2026-04-03T02:00:12.626+0600][0.760s][info][gc,heap     ] GC(0) Y:      Used:      152M (10%)         154M (10%)         158M (11%)          18M (1%)          164M (11%)          18M (1%)     
[2026-04-03T02:00:12.627+0600][0.760s][info][gc,heap     ] GC(0) Y: Young Generation Statistics:
[2026-04-03T02:00:12.627+0600][0.760s][info][gc,heap     ] GC(0) Y:                Mark Start          Mark End        Relocate Start      Relocate End    
[2026-04-03T02:00:12.627+0600][0.760s][info][gc,heap     ] GC(0) Y:      Used:      152M (10%)         154M (10%)         158M (11%)          18M (1%)     
[2026-04-03T02:00:12.627+0600][0.760s][info][gc,heap     ] GC(0) Y:      Live:         -                 3M (0%)            3M (0%)            3M (0%)     
[2026-04-03T02:00:12.627+0600][0.760s][info][gc,heap     ] GC(0) Y:   Garbage:         -               148M (10%)         148M (10%)           1M (0%)     
[2026-04-03T02:00:12.627+0600][0.760s][info][gc,heap     ] GC(0) Y: Allocated:         -                 2M (0%)            6M (0%)           12M (1%)     
[2026-04-03T02:00:12.627+0600][0.760s][info][gc,heap     ] GC(0) Y: Reclaimed:         -                  -                 0M (0%)          146M (10%)    
[2026-04-03T02:00:12.627+0600][0.760s][info][gc,heap     ] GC(0) Y:  Promoted:         -                  -                 0M (0%)            0M (0%)     
[2026-04-03T02:00:12.627+0600][0.760s][info][gc,heap     ] GC(0) Y: Compacted:         -                  -                  -                 1M (0%)     
[2026-04-03T02:00:12.627+0600][0.760s][info][gc,phases   ] GC(0) Y: Young Generation 152M(10%)->18M(1%) 0.016s
[2026-04-03T02:00:12.627+0600][0.760s][info][gc,phases   ] GC(0) O: Old Generation
[2026-04-03T02:00:12.628+0600][0.761s][info][gc,phases   ] GC(0) O: Concurrent Mark 1.015ms
[2026-04-03T02:00:12.628+0600][0.761s][info][gc,phases   ] GC(0) O: Pause Mark End 0.017ms
[2026-04-03T02:00:12.628+0600][0.761s][info][gc,phases   ] GC(0) O: Concurrent Mark Free 0.020ms
[2026-04-03T02:00:12.629+0600][0.763s][info][gc,phases   ] GC(0) O: Concurrent Process Non-Strong 1.566ms
[2026-04-03T02:00:12.629+0600][0.763s][info][gc,phases   ] GC(0) O: Concurrent Reset Relocation Set 0.000ms
[2026-04-03T02:00:12.631+0600][0.764s][info][gc,phases   ] GC(0) O: Concurrent Select Relocation Set 1.440ms
[2026-04-03T02:00:12.631+0600][0.764s][info][gc,task     ] GC(0) O: Using 3 Workers for Old Generation
[2026-04-03T02:00:12.643+0600][0.777s][info][gc,task     ] GC(0) O: Using 2 Workers for Old Generation
[2026-04-03T02:00:12.643+0600][0.777s][info][gc,phases   ] GC(0) O: Concurrent Remap Roots 12.467ms
[2026-04-03T02:00:12.644+0600][0.777s][info][gc,phases   ] GC(0) O: Pause Relocate Start 0.019ms
[2026-04-03T02:00:12.644+0600][0.778s][info][gc,phases   ] GC(0) O: Concurrent Relocate 0.319ms
[2026-04-03T02:00:12.644+0600][0.778s][info][gc,alloc    ] GC(0) O:                         Mark Start        Mark End      Relocate Start    Relocate End   
[2026-04-03T02:00:12.644+0600][0.778s][info][gc,alloc    ] GC(0) O: Allocation Stalls:          0                0                0                0         
[2026-04-03T02:00:12.644+0600][0.778s][info][gc,load     ] GC(0) O: Load: 2.59 (22%) / 4.24 (35%) / 5.98 (50%)
[2026-04-03T02:00:12.644+0600][0.778s][info][gc,mmu      ] GC(0) O: MMU: 2ms/99.1%, 5ms/99.4%, 10ms/99.7%, 20ms/99.7%, 50ms/99.8%, 100ms/99.9%
[2026-04-03T02:00:12.644+0600][0.778s][info][gc,marking  ] GC(0) O: Mark: 2 stripe(s), 1 proactive flush(es), 1 terminate flush(es), 0 completion(s), 0 continuation(s) 
[2026-04-03T02:00:12.644+0600][0.778s][info][gc,marking  ] GC(0) O: Mark Stack Usage: 0M
[2026-04-03T02:00:12.644+0600][0.778s][info][gc,nmethod  ] GC(0) O: NMethods: 732 registered, 79 unregistered
[2026-04-03T02:00:12.644+0600][0.778s][info][gc,metaspace] GC(0) O: Metaspace: 5M used, 5M committed, 1088M reserved
[2026-04-03T02:00:12.644+0600][0.778s][info][gc,ref      ] GC(0) O:                       Encountered   Discovered     Enqueued 
[2026-04-03T02:00:12.644+0600][0.778s][info][gc,ref      ] GC(0) O: Soft References:              138            0            0 
[2026-04-03T02:00:12.644+0600][0.778s][info][gc,ref      ] GC(0) O: Weak References:              412            0            0 
[2026-04-03T02:00:12.644+0600][0.778s][info][gc,ref      ] GC(0) O: Final References:               0            0            0 
[2026-04-03T02:00:12.644+0600][0.778s][info][gc,ref      ] GC(0) O: Phantom References:            25            0            0 
[2026-04-03T02:00:12.644+0600][0.778s][info][gc,heap     ] GC(0) O: Min Capacity: 8M(1%)
[2026-04-03T02:00:12.644+0600][0.778s][info][gc,heap     ] GC(0) O: Max Capacity: 1500M(100%)
[2026-04-03T02:00:12.644+0600][0.778s][info][gc,heap     ] GC(0) O: Soft Max Capacity: 1500M(100%)
[2026-04-03T02:00:12.644+0600][0.778s][info][gc,heap     ] GC(0) O: Heap Statistics:
[2026-04-03T02:00:12.644+0600][0.778s][info][gc,heap     ] GC(0) O:                Mark Start          Mark End        Relocate Start      Relocate End           High               Low         
[2026-04-03T02:00:12.644+0600][0.778s][info][gc,heap     ] GC(0) O:  Capacity:      246M (16%)         246M (16%)         246M (16%)         246M (16%)         246M (16%)         246M (16%)    
[2026-04-03T02:00:12.644+0600][0.778s][info][gc,heap     ] GC(0) O:      Free:     1348M (90%)        1482M (99%)        1478M (99%)        1478M (99%)        1482M (99%)        1336M (89%)    
[2026-04-03T02:00:12.644+0600][0.778s][info][gc,heap     ] GC(0) O:      Used:      152M (10%)          18M (1%)           22M (1%)           22M (1%)          164M (11%)          18M (1%)     
[2026-04-03T02:00:12.644+0600][0.778s][info][gc,heap     ] GC(0) O: Old Generation Statistics:
[2026-04-03T02:00:12.644+0600][0.778s][info][gc,heap     ] GC(0) O:                Mark Start          Mark End        Relocate Start      Relocate End    
[2026-04-03T02:00:12.644+0600][0.778s][info][gc,heap     ] GC(0) O:      Used:        0M (0%)            0M (0%)            0M (0%)            0M (0%)     
[2026-04-03T02:00:12.644+0600][0.778s][info][gc,heap     ] GC(0) O:      Live:         -                 0M (0%)            0M (0%)            0M (0%)     
[2026-04-03T02:00:12.644+0600][0.778s][info][gc,heap     ] GC(0) O:   Garbage:         -                 0M (0%)            0M (0%)            0M (0%)     
[2026-04-03T02:00:12.644+0600][0.778s][info][gc,heap     ] GC(0) O: Allocated:         -                 0M (0%)            0M (0%)            0M (0%)     
[2026-04-03T02:00:12.644+0600][0.778s][info][gc,heap     ] GC(0) O: Reclaimed:         -                  -                 0M (0%)            0M (0%)     
[2026-04-03T02:00:12.644+0600][0.778s][info][gc,heap     ] GC(0) O: Compacted:         -                  -                  -                 0M (0%)     
[2026-04-03T02:00:12.644+0600][0.778s][info][gc,phases   ] GC(0) O: Old Generation 18M(1%)->22M(1%) 0.018s
[2026-04-03T02:00:12.644+0600][0.778s][info][gc          ] GC(0) Major Collection (Warmup) 152M(10%)->22M(1%) 0.034s
[2026-04-03T02:00:14.973+0600][3.107s][info][gc          ] GC(1) Major Collection (Warmup)
[2026-04-03T02:00:14.973+0600][3.107s][info][gc,task     ] GC(1) Using 3 Workers for Young Generation
[2026-04-03T02:00:14.973+0600][3.107s][info][gc,task     ] GC(1) Using 1 Workers for Old Generation
[2026-04-03T02:00:14.973+0600][3.107s][info][gc,phases   ] GC(1) Y: Young Generation
[2026-04-03T02:00:14.974+0600][3.108s][info][gc,phases   ] GC(1) Y: Pause Mark Start (Major) 0.018ms
[2026-04-03T02:00:14.984+0600][3.118s][info][gc,phases   ] GC(1) Y: Concurrent Mark 9.933ms
[2026-04-03T02:00:14.984+0600][3.118s][info][gc,phases   ] GC(1) Y: Pause Mark End 0.022ms
[2026-04-03T02:00:14.984+0600][3.118s][info][gc,phases   ] GC(1) Y: Concurrent Mark Free 0.002ms
[2026-04-03T02:00:14.984+0600][3.118s][info][gc,phases   ] GC(1) Y: Concurrent Reset Relocation Set 0.009ms
[2026-04-03T02:00:14.986+0600][3.120s][info][gc,reloc    ] GC(1) Y: Using tenuring threshold: 2 (Computed)
[2026-04-03T02:00:14.988+0600][3.121s][info][gc,phases   ] GC(1) Y: Concurrent Select Relocation Set 3.636ms
[2026-04-03T02:00:14.989+0600][3.122s][info][gc,phases   ] GC(1) Y: Pause Relocate Start 0.017ms
[2026-04-03T02:00:14.996+0600][3.130s][info][gc,phases   ] GC(1) Y: Concurrent Relocate 7.705ms
[2026-04-03T02:00:14.997+0600][3.130s][info][gc,alloc    ] GC(1) Y:                         Mark Start        Mark End      Relocate Start    Relocate End   
[2026-04-03T02:00:14.997+0600][3.130s][info][gc,alloc    ] GC(1) Y: Allocation Stalls:          0                0                0                0         
[2026-04-03T02:00:14.997+0600][3.130s][info][gc,load     ] GC(1) Y: Load: 2.46 (21%) / 4.19 (35%) / 5.96 (50%)
[2026-04-03T02:00:14.997+0600][3.130s][info][gc,mmu      ] GC(1) Y: MMU: 2ms/98.9%, 5ms/99.2%, 10ms/99.6%, 20ms/99.7%, 50ms/99.8%, 100ms/99.9%
[2026-04-03T02:00:14.997+0600][3.130s][info][gc,marking  ] GC(1) Y: Mark: 2 stripe(s), 2 proactive flush(es), 1 terminate flush(es), 0 completion(s), 0 continuation(s) 
[2026-04-03T02:00:14.997+0600][3.130s][info][gc,marking  ] GC(1) Y: Mark Stack Usage: 32M
[2026-04-03T02:00:14.997+0600][3.130s][info][gc,nmethod  ] GC(1) Y: NMethods: 1369 registered, 0 unregistered
[2026-04-03T02:00:14.997+0600][3.130s][info][gc,metaspace] GC(1) Y: Metaspace: 13M used, 13M committed, 1088M reserved
[2026-04-03T02:00:14.997+0600][3.130s][info][gc,reloc    ] GC(1) Y:                        Candidates     Selected     In-Place         Size        Empty    Relocated 
[2026-04-03T02:00:14.997+0600][3.130s][info][gc,reloc    ] GC(1) Y: Small Pages:                  134          128            0         268M           0M           4M 
[2026-04-03T02:00:14.997+0600][3.130s][info][gc,reloc    ] GC(1) Y: Medium Pages:                   1            0            0          32M           0M           0M 
[2026-04-03T02:00:14.997+0600][3.130s][info][gc,reloc    ] GC(1) Y: Large Pages:                    0            0            0           0M           0M           0M 
[2026-04-03T02:00:14.997+0600][3.130s][info][gc,reloc    ] GC(1) Y: Forwarding Usage: 1M
[2026-04-03T02:00:14.997+0600][3.130s][info][gc,reloc    ] GC(1) Y: Age Table:
[2026-04-03T02:00:14.997+0600][3.130s][info][gc,reloc    ] GC(1) Y:                    Live             Garbage             Small              Medium             Large        
[2026-04-03T02:00:14.997+0600][3.130s][info][gc,reloc    ] GC(1) Y: Eden              10M (1%)          277M (18%)        128 / 124            1 / 0              0 / 0        
[2026-04-03T02:00:14.997+0600][3.130s][info][gc,reloc    ] GC(1) Y: Survivor 1         3M (0%)            8M (1%)           6 / 4              0 / 0              0 / 0        
[2026-04-03T02:00:14.997+0600][3.130s][info][gc,heap     ] GC(1) Y: Min Capacity: 8M(1%)
[2026-04-03T02:00:14.997+0600][3.130s][info][gc,heap     ] GC(1) Y: Max Capacity: 1500M(100%)
[2026-04-03T02:00:14.997+0600][3.130s][info][gc,heap     ] GC(1) Y: Soft Max Capacity: 1500M(100%)
[2026-04-03T02:00:14.997+0600][3.130s][info][gc,heap     ] GC(1) Y: Heap Statistics:
[2026-04-03T02:00:14.997+0600][3.130s][info][gc,heap     ] GC(1) Y:                Mark Start          Mark End        Relocate Start      Relocate End           High               Low         
[2026-04-03T02:00:14.997+0600][3.130s][info][gc,heap     ] GC(1) Y:  Capacity:      300M (20%)         304M (20%)         304M (20%)         314M (21%)         314M (21%)         300M (20%)    
[2026-04-03T02:00:14.997+0600][3.130s][info][gc,heap     ] GC(1) Y:      Free:     1200M (80%)        1196M (80%)        1196M (80%)        1442M (96%)        1442M (96%)        1186M (79%)    
[2026-04-03T02:00:14.997+0600][3.130s][info][gc,heap     ] GC(1) Y:      Used:      300M (20%)         304M (20%)         304M (20%)          58M (4%)          314M (21%)          58M (4%)     
[2026-04-03T02:00:14.997+0600][3.130s][info][gc,heap     ] GC(1) Y: Young Generation Statistics:
[2026-04-03T02:00:14.997+0600][3.130s][info][gc,heap     ] GC(1) Y:                Mark Start          Mark End        Relocate Start      Relocate End    
[2026-04-03T02:00:14.997+0600][3.130s][info][gc,heap     ] GC(1) Y:      Used:      300M (20%)         304M (20%)         304M (20%)          58M (4%)     
[2026-04-03T02:00:14.997+0600][3.130s][info][gc,heap     ] GC(1) Y:      Live:         -                14M (1%)           14M (1%)           14M (1%)     
[2026-04-03T02:00:14.997+0600][3.130s][info][gc,heap     ] GC(1) Y:   Garbage:         -               285M (19%)         285M (19%)          28M (2%)     
[2026-04-03T02:00:14.997+0600][3.130s][info][gc,heap     ] GC(1) Y: Allocated:         -                 4M (0%)            4M (0%)           15M (1%)     
[2026-04-03T02:00:14.997+0600][3.130s][info][gc,heap     ] GC(1) Y: Reclaimed:         -                  -                 0M (0%)          257M (17%)    
[2026-04-03T02:00:14.997+0600][3.130s][info][gc,heap     ] GC(1) Y:  Promoted:         -                  -                 0M (0%)            0M (0%)     
[2026-04-03T02:00:14.997+0600][3.130s][info][gc,heap     ] GC(1) Y: Compacted:         -                  -                  -                 6M (0%)     
[2026-04-03T02:00:14.997+0600][3.130s][info][gc,phases   ] GC(1) Y: Young Generation 300M(20%)->58M(4%) 0.023s
[2026-04-03T02:00:14.997+0600][3.130s][info][gc,phases   ] GC(1) O: Old Generation
[2026-04-03T02:00:14.998+0600][3.131s][info][gc,phases   ] GC(1) O: Concurrent Mark 0.796ms
[2026-04-03T02:00:14.998+0600][3.132s][info][gc,phases   ] GC(1) O: Pause Mark End 0.021ms
[2026-04-03T02:00:14.998+0600][3.132s][info][gc,phases   ] GC(1) O: Concurrent Mark Free 0.002ms
[2026-04-03T02:00:15.003+0600][3.137s][info][gc,phases   ] GC(1) O: Concurrent Process Non-Strong 5.138ms
[2026-04-03T02:00:15.003+0600][3.137s][info][gc,phases   ] GC(1) O: Concurrent Reset Relocation Set 0.001ms
[2026-04-03T02:00:15.005+0600][3.138s][info][gc,phases   ] GC(1) O: Concurrent Select Relocation Set 1.417ms
[2026-04-03T02:00:15.005+0600][3.138s][info][gc,task     ] GC(1) O: Using 3 Workers for Old Generation
[2026-04-03T02:00:15.019+0600][3.152s][info][gc,task     ] GC(1) O: Using 1 Workers for Old Generation
[2026-04-03T02:00:15.019+0600][3.152s][info][gc,phases   ] GC(1) O: Concurrent Remap Roots 13.814ms
[2026-04-03T02:00:15.020+0600][3.153s][info][gc,phases   ] GC(1) O: Pause Relocate Start 0.054ms
[2026-04-03T02:00:15.020+0600][3.153s][info][gc,phases   ] GC(1) O: Concurrent Relocate 0.247ms
[2026-04-03T02:00:15.020+0600][3.153s][info][gc,alloc    ] GC(1) O:                         Mark Start        Mark End      Relocate Start    Relocate End   
[2026-04-03T02:00:15.020+0600][3.153s][info][gc,alloc    ] GC(1) O: Allocation Stalls:          0                0                0                0         
[2026-04-03T02:00:15.020+0600][3.153s][info][gc,load     ] GC(1) O: Load: 2.46 (21%) / 4.19 (35%) / 5.96 (50%)
[2026-04-03T02:00:15.020+0600][3.153s][info][gc,mmu      ] GC(1) O: MMU: 2ms/97.3%, 5ms/98.9%, 10ms/99.5%, 20ms/99.7%, 50ms/99.7%, 100ms/99.9%
[2026-04-03T02:00:15.020+0600][3.153s][info][gc,marking  ] GC(1) O: Mark: 1 stripe(s), 1 proactive flush(es), 1 terminate flush(es), 0 completion(s), 0 continuation(s) 
[2026-04-03T02:00:15.020+0600][3.153s][info][gc,marking  ] GC(1) O: Mark Stack Usage: 0M
[2026-04-03T02:00:15.020+0600][3.153s][info][gc,nmethod  ] GC(1) O: NMethods: 1265 registered, 105 unregistered
[2026-04-03T02:00:15.020+0600][3.153s][info][gc,metaspace] GC(1) O: Metaspace: 13M used, 13M committed, 1088M reserved
[2026-04-03T02:00:15.020+0600][3.153s][info][gc,ref      ] GC(1) O:                       Encountered   Discovered     Enqueued 
[2026-04-03T02:00:15.020+0600][3.153s][info][gc,ref      ] GC(1) O: Soft References:              266            0            0 
[2026-04-03T02:00:15.020+0600][3.154s][info][gc,ref      ] GC(1) O: Weak References:             1044            0            0 
[2026-04-03T02:00:15.020+0600][3.154s][info][gc,ref      ] GC(1) O: Final References:               0            0            0 
[2026-04-03T02:00:15.020+0600][3.154s][info][gc,ref      ] GC(1) O: Phantom References:           311            0            0 
[2026-04-03T02:00:15.020+0600][3.154s][info][gc,heap     ] GC(1) O: Min Capacity: 8M(1%)
[2026-04-03T02:00:15.020+0600][3.154s][info][gc,heap     ] GC(1) O: Max Capacity: 1500M(100%)
[2026-04-03T02:00:15.020+0600][3.154s][info][gc,heap     ] GC(1) O: Soft Max Capacity: 1500M(100%)
[2026-04-03T02:00:15.020+0600][3.154s][info][gc,heap     ] GC(1) O: Heap Statistics:
[2026-04-03T02:00:15.020+0600][3.154s][info][gc,heap     ] GC(1) O:                Mark Start          Mark End        Relocate Start      Relocate End           High               Low         
[2026-04-03T02:00:15.020+0600][3.154s][info][gc,heap     ] GC(1) O:  Capacity:      300M (20%)         314M (21%)         314M (21%)         314M (21%)         314M (21%)         300M (20%)    
[2026-04-03T02:00:15.020+0600][3.154s][info][gc,heap     ] GC(1) O:      Free:     1200M (80%)        1442M (96%)        1432M (95%)        1432M (95%)        1442M (96%)        1186M (79%)    
[2026-04-03T02:00:15.020+0600][3.154s][info][gc,heap     ] GC(1) O:      Used:      300M (20%)          58M (4%)           68M (5%)           68M (5%)          314M (21%)          58M (4%)     
[2026-04-03T02:00:15.020+0600][3.154s][info][gc,heap     ] GC(1) O: Old Generation Statistics:
[2026-04-03T02:00:15.020+0600][3.154s][info][gc,heap     ] GC(1) O:                Mark Start          Mark End        Relocate Start      Relocate End    
[2026-04-03T02:00:15.020+0600][3.154s][info][gc,heap     ] GC(1) O:      Used:        0M (0%)            0M (0%)            0M (0%)            0M (0%)     
[2026-04-03T02:00:15.020+0600][3.154s][info][gc,heap     ] GC(1) O:      Live:         -                 0M (0%)            0M (0%)            0M (0%)     
[2026-04-03T02:00:15.020+0600][3.154s][info][gc,heap     ] GC(1) O:   Garbage:         -                 0M (0%)            0M (0%)            0M (0%)     
[2026-04-03T02:00:15.020+0600][3.154s][info][gc,heap     ] GC(1) O: Allocated:         -                 0M (0%)            0M (0%)            0M (0%)     
[2026-04-03T02:00:15.020+0600][3.154s][info][gc,heap     ] GC(1) O: Reclaimed:         -                  -                 0M (0%)            0M (0%)     
[2026-04-03T02:00:15.020+0600][3.154s][info][gc,heap     ] GC(1) O: Compacted:         -                  -                  -                 0M (0%)     
[2026-04-03T02:00:15.020+0600][3.154s][info][gc,phases   ] GC(1) O: Old Generation 58M(4%)->68M(5%) 0.023s
[2026-04-03T02:00:15.020+0600][3.154s][info][gc          ] GC(1) Major Collection (Warmup) 300M(20%)->68M(5%) 0.047s
[2026-04-03T02:00:16.182+0600][4.316s][info][gc          ] GC(2) Major Collection (Metadata GC Threshold)
[2026-04-03T02:00:16.182+0600][4.316s][info][gc,task     ] GC(2) Using 1 Workers for Young Generation
[2026-04-03T02:00:16.182+0600][4.316s][info][gc,task     ] GC(2) Using 1 Workers for Old Generation
[2026-04-03T02:00:16.182+0600][4.316s][info][gc,phases   ] GC(2) Y: Young Generation
[2026-04-03T02:00:16.182+0600][4.316s][info][gc,phases   ] GC(2) Y: Pause Mark Start (Major) 0.022ms
[2026-04-03T02:00:16.228+0600][4.362s][info][gc,phases   ] GC(2) Y: Concurrent Mark 45.631ms
[2026-04-03T02:00:16.228+0600][4.362s][info][gc,phases   ] GC(2) Y: Pause Mark End 0.021ms
[2026-04-03T02:00:16.229+0600][4.362s][info][gc,phases   ] GC(2) Y: Concurrent Mark Free 0.001ms
[2026-04-03T02:00:16.229+0600][4.362s][info][gc,phases   ] GC(2) Y: Concurrent Reset Relocation Set 0.011ms
[2026-04-03T02:00:16.231+0600][4.365s][info][gc,reloc    ] GC(2) Y: Using tenuring threshold: 3 (Computed)
[2026-04-03T02:00:16.233+0600][4.367s][info][gc,phases   ] GC(2) Y: Concurrent Select Relocation Set 4.622ms
[2026-04-03T02:00:16.233+0600][4.367s][info][gc,phases   ] GC(2) Y: Pause Relocate Start 0.015ms
[2026-04-03T02:00:16.246+0600][4.380s][info][gc,phases   ] GC(2) Y: Concurrent Relocate 12.921ms
[2026-04-03T02:00:16.247+0600][4.380s][info][gc,alloc    ] GC(2) Y:                         Mark Start        Mark End      Relocate Start    Relocate End   
[2026-04-03T02:00:16.247+0600][4.380s][info][gc,alloc    ] GC(2) Y: Allocation Stalls:          0                0                0                0         
[2026-04-03T02:00:16.247+0600][4.380s][info][gc,load     ] GC(2) Y: Load: 2.46 (21%) / 4.19 (35%) / 5.96 (50%)
[2026-04-03T02:00:16.247+0600][4.380s][info][gc,mmu      ] GC(2) Y: MMU: 2ms/97.3%, 5ms/98.9%, 10ms/99.5%, 20ms/99.7%, 50ms/99.7%, 100ms/99.9%
[2026-04-03T02:00:16.247+0600][4.380s][info][gc,marking  ] GC(2) Y: Mark: 1 stripe(s), 2 proactive flush(es), 1 terminate flush(es), 0 completion(s), 0 continuation(s) 
[2026-04-03T02:00:16.247+0600][4.380s][info][gc,marking  ] GC(2) Y: Mark Stack Usage: 32M
[2026-04-03T02:00:16.247+0600][4.380s][info][gc,nmethod  ] GC(2) Y: NMethods: 2223 registered, 105 unregistered
[2026-04-03T02:00:16.247+0600][4.380s][info][gc,metaspace] GC(2) Y: Metaspace: 23M used, 23M committed, 1088M reserved
[2026-04-03T02:00:16.247+0600][4.380s][info][gc,reloc    ] GC(2) Y:                        Candidates     Selected     In-Place         Size        Empty    Relocated 
[2026-04-03T02:00:16.247+0600][4.380s][info][gc,reloc    ] GC(2) Y: Small Pages:                   60           51            0         120M           0M           6M 
[2026-04-03T02:00:16.247+0600][4.380s][info][gc,reloc    ] GC(2) Y: Medium Pages:                   1            0            0          32M           0M           0M 
[2026-04-03T02:00:16.247+0600][4.380s][info][gc,reloc    ] GC(2) Y: Large Pages:                    0            0            0           0M           0M           0M 
[2026-04-03T02:00:16.247+0600][4.380s][info][gc,reloc    ] GC(2) Y: Forwarding Usage: 2M
[2026-04-03T02:00:16.247+0600][4.380s][info][gc,reloc    ] GC(2) Y: Age Table:
[2026-04-03T02:00:16.247+0600][4.380s][info][gc,reloc    ] GC(2) Y:                    Live             Garbage             Small              Medium             Large        
[2026-04-03T02:00:16.247+0600][4.380s][info][gc,reloc    ] GC(2) Y: Eden               6M (0%)           93M (6%)          50 / 46             0 / 0              0 / 0        
[2026-04-03T02:00:16.247+0600][4.380s][info][gc,reloc    ] GC(2) Y: Survivor 1        10M (1%)           31M (2%)           5 / 2              1 / 0              0 / 0        
[2026-04-03T02:00:16.247+0600][4.380s][info][gc,reloc    ] GC(2) Y: Survivor 2         3M (0%)            6M (0%)           5 / 3              0 / 0              0 / 0        
[2026-04-03T02:00:16.247+0600][4.380s][info][gc,heap     ] GC(2) Y: Min Capacity: 8M(1%)
[2026-04-03T02:00:16.247+0600][4.380s][info][gc,heap     ] GC(2) Y: Max Capacity: 1500M(100%)
[2026-04-03T02:00:16.247+0600][4.380s][info][gc,heap     ] GC(2) Y: Soft Max Capacity: 1500M(100%)
[2026-04-03T02:00:16.247+0600][4.380s][info][gc,heap     ] GC(2) Y: Heap Statistics:
[2026-04-03T02:00:16.247+0600][4.380s][info][gc,heap     ] GC(2) Y:                Mark Start          Mark End        Relocate Start      Relocate End           High               Low         
[2026-04-03T02:00:16.247+0600][4.380s][info][gc,heap     ] GC(2) Y:  Capacity:      314M (21%)         314M (21%)         314M (21%)         314M (21%)         314M (21%)         314M (21%)    
[2026-04-03T02:00:16.247+0600][4.380s][info][gc,heap     ] GC(2) Y:      Free:     1348M (90%)        1342M (89%)        1342M (89%)        1430M (95%)        1432M (95%)        1334M (89%)    
[2026-04-03T02:00:16.247+0600][4.380s][info][gc,heap     ] GC(2) Y:      Used:      152M (10%)         158M (11%)         158M (11%)          70M (5%)          166M (11%)          68M (5%)     
[2026-04-03T02:00:16.247+0600][4.380s][info][gc,heap     ] GC(2) Y: Young Generation Statistics:
[2026-04-03T02:00:16.247+0600][4.380s][info][gc,heap     ] GC(2) Y:                Mark Start          Mark End        Relocate Start      Relocate End    
[2026-04-03T02:00:16.247+0600][4.380s][info][gc,heap     ] GC(2) Y:      Used:      152M (10%)         158M (11%)         158M (11%)          70M (5%)     
[2026-04-03T02:00:16.247+0600][4.380s][info][gc,heap     ] GC(2) Y:      Live:         -                20M (1%)           20M (1%)           20M (1%)     
[2026-04-03T02:00:16.247+0600][4.380s][info][gc,heap     ] GC(2) Y:   Garbage:         -               131M (9%)          131M (9%)           27M (2%)     
[2026-04-03T02:00:16.247+0600][4.380s][info][gc,heap     ] GC(2) Y: Allocated:         -                 6M (0%)            6M (0%)           21M (1%)     
[2026-04-03T02:00:16.247+0600][4.380s][info][gc,heap     ] GC(2) Y: Reclaimed:         -                  -                 0M (0%)          103M (7%)     
[2026-04-03T02:00:16.247+0600][4.380s][info][gc,heap     ] GC(2) Y:  Promoted:         -                  -                 0M (0%)            0M (0%)     
[2026-04-03T02:00:16.247+0600][4.380s][info][gc,heap     ] GC(2) Y: Compacted:         -                  -                  -                10M (1%)     
[2026-04-03T02:00:16.247+0600][4.380s][info][gc,phases   ] GC(2) Y: Young Generation 152M(10%)->70M(5%) 0.064s
[2026-04-03T02:00:16.247+0600][4.380s][info][gc,phases   ] GC(2) O: Old Generation
[2026-04-03T02:00:16.248+0600][4.382s][info][gc,phases   ] GC(2) O: Concurrent Mark 1.224ms
[2026-04-03T02:00:16.248+0600][4.382s][info][gc,phases   ] GC(2) O: Pause Mark End 0.022ms
[2026-04-03T02:00:16.248+0600][4.382s][info][gc,phases   ] GC(2) O: Concurrent Mark Free 0.001ms
[2026-04-03T02:00:16.256+0600][4.390s][info][gc,phases   ] GC(2) O: Concurrent Process Non-Strong 7.911ms
[2026-04-03T02:00:16.256+0600][4.390s][info][gc,phases   ] GC(2) O: Concurrent Reset Relocation Set 0.001ms
[2026-04-03T02:00:16.258+0600][4.391s][info][gc,phases   ] GC(2) O: Concurrent Select Relocation Set 1.575ms
[2026-04-03T02:00:16.258+0600][4.392s][info][gc,task     ] GC(2) O: Using 2 Workers for Old Generation
[2026-04-03T02:00:16.279+0600][4.413s][info][gc,task     ] GC(2) O: Using 1 Workers for Old Generation
[2026-04-03T02:00:16.280+0600][4.413s][info][gc,phases   ] GC(2) O: Concurrent Remap Roots 21.540ms
[2026-04-03T02:00:16.280+0600][4.413s][info][gc,phases   ] GC(2) O: Pause Relocate Start 0.021ms
[2026-04-03T02:00:16.280+0600][4.414s][info][gc,phases   ] GC(2) O: Concurrent Relocate 0.286ms
[2026-04-03T02:00:16.280+0600][4.414s][info][gc,alloc    ] GC(2) O:                         Mark Start        Mark End      Relocate Start    Relocate End   
[2026-04-03T02:00:16.280+0600][4.414s][info][gc,alloc    ] GC(2) O: Allocation Stalls:          0                0                0                0         
[2026-04-03T02:00:16.280+0600][4.414s][info][gc,load     ] GC(2) O: Load: 2.46 (21%) / 4.19 (35%) / 5.96 (50%)
[2026-04-03T02:00:16.280+0600][4.414s][info][gc,mmu      ] GC(2) O: MMU: 2ms/97.3%, 5ms/98.9%, 10ms/99.5%, 20ms/99.7%, 50ms/99.7%, 100ms/99.9%
[2026-04-03T02:00:16.280+0600][4.414s][info][gc,marking  ] GC(2) O: Mark: 1 stripe(s), 1 proactive flush(es), 1 terminate flush(es), 0 completion(s), 0 continuation(s) 
[2026-04-03T02:00:16.280+0600][4.414s][info][gc,marking  ] GC(2) O: Mark Stack Usage: 0M
[2026-04-03T02:00:16.280+0600][4.414s][info][gc,nmethod  ] GC(2) O: NMethods: 2127 registered, 229 unregistered
[2026-04-03T02:00:16.280+0600][4.414s][info][gc,metaspace] GC(2) O: Metaspace: 23M used, 23M committed, 1088M reserved
[2026-04-03T02:00:16.280+0600][4.414s][info][gc,ref      ] GC(2) O:                       Encountered   Discovered     Enqueued 
[2026-04-03T02:00:16.280+0600][4.414s][info][gc,ref      ] GC(2) O: Soft References:             3669            0            0 
[2026-04-03T02:00:16.280+0600][4.414s][info][gc,ref      ] GC(2) O: Weak References:             1942            0            0 
[2026-04-03T02:00:16.280+0600][4.414s][info][gc,ref      ] GC(2) O: Final References:               0            0            0 
[2026-04-03T02:00:16.280+0600][4.414s][info][gc,ref      ] GC(2) O: Phantom References:           563            0            0 
[2026-04-03T02:00:16.280+0600][4.414s][info][gc,heap     ] GC(2) O: Min Capacity: 8M(1%)
[2026-04-03T02:00:16.280+0600][4.414s][info][gc,heap     ] GC(2) O: Max Capacity: 1500M(100%)
[2026-04-03T02:00:16.280+0600][4.414s][info][gc,heap     ] GC(2) O: Soft Max Capacity: 1500M(100%)
[2026-04-03T02:00:16.280+0600][4.414s][info][gc,heap     ] GC(2) O: Heap Statistics:
[2026-04-03T02:00:16.280+0600][4.414s][info][gc,heap     ] GC(2) O:                Mark Start          Mark End        Relocate Start      Relocate End           High               Low         
[2026-04-03T02:00:16.280+0600][4.414s][info][gc,heap     ] GC(2) O:  Capacity:      314M (21%)         314M (21%)         314M (21%)         314M (21%)         314M (21%)         314M (21%)    
[2026-04-03T02:00:16.280+0600][4.414s][info][gc,heap     ] GC(2) O:      Free:     1348M (90%)        1430M (95%)        1424M (95%)        1424M (95%)        1432M (95%)        1334M (89%)    
[2026-04-03T02:00:16.280+0600][4.414s][info][gc,heap     ] GC(2) O:      Used:      152M (10%)          70M (5%)           76M (5%)           76M (5%)          166M (11%)          68M (5%)     
[2026-04-03T02:00:16.280+0600][4.414s][info][gc,heap     ] GC(2) O: Old Generation Statistics:
[2026-04-03T02:00:16.280+0600][4.414s][info][gc,heap     ] GC(2) O:                Mark Start          Mark End        Relocate Start      Relocate End    
[2026-04-03T02:00:16.280+0600][4.414s][info][gc,heap     ] GC(2) O:      Used:        0M (0%)            0M (0%)            0M (0%)            0M (0%)     
[2026-04-03T02:00:16.280+0600][4.414s][info][gc,heap     ] GC(2) O:      Live:         -                 0M (0%)            0M (0%)            0M (0%)     
[2026-04-03T02:00:16.281+0600][4.414s][info][gc,heap     ] GC(2) O:   Garbage:         -                 0M (0%)            0M (0%)            0M (0%)     
[2026-04-03T02:00:16.281+0600][4.414s][info][gc,heap     ] GC(2) O: Allocated:         -                 0M (0%)            0M (0%)            0M (0%)     
[2026-04-03T02:00:16.281+0600][4.414s][info][gc,heap     ] GC(2) O: Reclaimed:         -                  -                 0M (0%)            0M (0%)     
[2026-04-03T02:00:16.281+0600][4.414s][info][gc,heap     ] GC(2) O: Compacted:         -                  -                  -                 0M (0%)     
[2026-04-03T02:00:16.281+0600][4.414s][info][gc,phases   ] GC(2) O: Old Generation 70M(5%)->76M(5%) 0.033s
[2026-04-03T02:00:16.281+0600][4.414s][info][gc          ] GC(2) Major Collection (Metadata GC Threshold) 152M(10%)->76M(5%) 0.099s
[2026-04-03T02:00:19.651+0600][7.784s][info][gc          ] GC(3) Major Collection (Metadata GC Threshold)
[2026-04-03T02:00:19.651+0600][7.784s][info][gc,task     ] GC(3) Using 1 Workers for Young Generation
[2026-04-03T02:00:19.651+0600][7.784s][info][gc,task     ] GC(3) Using 1 Workers for Old Generation
[2026-04-03T02:00:19.651+0600][7.784s][info][gc,phases   ] GC(3) Y: Young Generation
[2026-04-03T02:00:19.651+0600][7.785s][info][gc,phases   ] GC(3) Y: Pause Mark Start (Major) 0.018ms
[2026-04-03T02:00:19.702+0600][7.836s][info][gc,phases   ] GC(3) Y: Concurrent Mark 50.791ms
[2026-04-03T02:00:19.703+0600][7.836s][info][gc,phases   ] GC(3) Y: Pause Mark End 0.018ms
[2026-04-03T02:00:19.703+0600][7.836s][info][gc,phases   ] GC(3) Y: Concurrent Mark Free 0.001ms
[2026-04-03T02:00:19.703+0600][7.836s][info][gc,phases   ] GC(3) Y: Concurrent Reset Relocation Set 0.006ms
[2026-04-03T02:00:19.707+0600][7.840s][info][gc,reloc    ] GC(3) Y: Using tenuring threshold: 4 (Computed)
[2026-04-03T02:00:19.707+0600][7.841s][info][gc,phases   ] GC(3) Y: Concurrent Select Relocation Set 4.867ms
[2026-04-03T02:00:19.708+0600][7.841s][info][gc,phases   ] GC(3) Y: Pause Relocate Start 0.013ms
[2026-04-03T02:00:19.740+0600][7.873s][info][gc,phases   ] GC(3) Y: Concurrent Relocate 32.195ms
[2026-04-03T02:00:19.740+0600][7.874s][info][gc,alloc    ] GC(3) Y:                         Mark Start        Mark End      Relocate Start    Relocate End   
[2026-04-03T02:00:19.740+0600][7.874s][info][gc,alloc    ] GC(3) Y: Allocation Stalls:          0                0                0                0         
[2026-04-03T02:00:19.740+0600][7.874s][info][gc,load     ] GC(3) Y: Load: 2.35 (20%) / 4.13 (34%) / 5.93 (49%)
[2026-04-03T02:00:19.740+0600][7.874s][info][gc,mmu      ] GC(3) Y: MMU: 2ms/97.3%, 5ms/98.9%, 10ms/99.5%, 20ms/99.7%, 50ms/99.7%, 100ms/99.9%
[2026-04-03T02:00:19.740+0600][7.874s][info][gc,marking  ] GC(3) Y: Mark: 1 stripe(s), 2 proactive flush(es), 1 terminate flush(es), 0 completion(s), 0 continuation(s) 
[2026-04-03T02:00:19.740+0600][7.874s][info][gc,marking  ] GC(3) Y: Mark Stack Usage: 32M
[2026-04-03T02:00:19.740+0600][7.874s][info][gc,nmethod  ] GC(3) Y: NMethods: 2822 registered, 0 unregistered
[2026-04-03T02:00:19.740+0600][7.874s][info][gc,metaspace] GC(3) Y: Metaspace: 39M used, 40M committed, 1088M reserved
[2026-04-03T02:00:19.740+0600][7.874s][info][gc,reloc    ] GC(3) Y:                        Candidates     Selected     In-Place         Size        Empty    Relocated 
[2026-04-03T02:00:19.740+0600][7.874s][info][gc,reloc    ] GC(3) Y: Small Pages:                  100           88            0         200M           0M           6M 
[2026-04-03T02:00:19.740+0600][7.874s][info][gc,reloc    ] GC(3) Y: Medium Pages:                   2            1            0          64M           0M           5M 
[2026-04-03T02:00:19.740+0600][7.874s][info][gc,reloc    ] GC(3) Y: Large Pages:                    0            0            0           0M           0M           0M 
[2026-04-03T02:00:19.740+0600][7.874s][info][gc,reloc    ] GC(3) Y: Forwarding Usage: 2M
[2026-04-03T02:00:19.740+0600][7.874s][info][gc,reloc    ] GC(3) Y: Age Table:
[2026-04-03T02:00:19.740+0600][7.874s][info][gc,reloc    ] GC(3) Y:                    Live             Garbage             Small              Medium             Large        
[2026-04-03T02:00:19.740+0600][7.874s][info][gc,reloc    ] GC(3) Y: Eden               5M (0%)          196M (13%)         85 / 82             1 / 0              0 / 0        
[2026-04-03T02:00:19.740+0600][7.874s][info][gc,reloc    ] GC(3) Y: Survivor 1         6M (0%)            3M (0%)           5 / 1              0 / 0              0 / 0        
[2026-04-03T02:00:19.740+0600][7.874s][info][gc,reloc    ] GC(3) Y: Survivor 2        10M (1%)           31M (2%)           5 / 2              1 / 1              0 / 0        
[2026-04-03T02:00:19.740+0600][7.874s][info][gc,reloc    ] GC(3) Y: Survivor 3         3M (0%)            6M (0%)           5 / 3              0 / 0              0 / 0        
[2026-04-03T02:00:19.740+0600][7.874s][info][gc,heap     ] GC(3) Y: Min Capacity: 8M(1%)
[2026-04-03T02:00:19.740+0600][7.874s][info][gc,heap     ] GC(3) Y: Max Capacity: 1500M(100%)
[2026-04-03T02:00:19.740+0600][7.874s][info][gc,heap     ] GC(3) Y: Soft Max Capacity: 1500M(100%)
[2026-04-03T02:00:19.740+0600][7.874s][info][gc,heap     ] GC(3) Y: Heap Statistics:
[2026-04-03T02:00:19.740+0600][7.874s][info][gc,heap     ] GC(3) Y:                Mark Start          Mark End        Relocate Start      Relocate End           High               Low         
[2026-04-03T02:00:19.740+0600][7.874s][info][gc,heap     ] GC(3) Y:  Capacity:      346M (23%)         346M (23%)         346M (23%)         410M (27%)         410M (27%)         346M (23%)    
[2026-04-03T02:00:19.740+0600][7.874s][info][gc,heap     ] GC(3) Y:      Free:     1236M (82%)        1226M (82%)        1226M (82%)        1350M (90%)        1350M (90%)        1146M (76%)    
[2026-04-03T02:00:19.740+0600][7.874s][info][gc,heap     ] GC(3) Y:      Used:      264M (18%)         274M (18%)         274M (18%)         150M (10%)         354M (24%)         150M (10%)    
[2026-04-03T02:00:19.740+0600][7.874s][info][gc,heap     ] GC(3) Y: Young Generation Statistics:
[2026-04-03T02:00:19.740+0600][7.874s][info][gc,heap     ] GC(3) Y:                Mark Start          Mark End        Relocate Start      Relocate End    
[2026-04-03T02:00:19.740+0600][7.874s][info][gc,heap     ] GC(3) Y:      Used:      264M (18%)         274M (18%)         274M (18%)         150M (10%)    
[2026-04-03T02:00:19.740+0600][7.874s][info][gc,heap     ] GC(3) Y:      Live:         -                26M (2%)           26M (2%)           26M (2%)     
[2026-04-03T02:00:19.740+0600][7.874s][info][gc,heap     ] GC(3) Y:   Garbage:         -               237M (16%)         237M (16%)           2M (0%)     
[2026-04-03T02:00:19.740+0600][7.874s][info][gc,heap     ] GC(3) Y: Allocated:         -                10M (1%)           10M (1%)          121M (8%)     
[2026-04-03T02:00:19.740+0600][7.874s][info][gc,heap     ] GC(3) Y: Reclaimed:         -                  -                 0M (0%)          235M (16%)    
[2026-04-03T02:00:19.740+0600][7.874s][info][gc,heap     ] GC(3) Y:  Promoted:         -                  -                 0M (0%)            0M (0%)     
[2026-04-03T02:00:19.740+0600][7.874s][info][gc,heap     ] GC(3) Y: Compacted:         -                  -                  -                12M (1%)     
[2026-04-03T02:00:19.740+0600][7.874s][info][gc,phases   ] GC(3) Y: Young Generation 264M(18%)->150M(10%) 0.089s
[2026-04-03T02:00:19.740+0600][7.874s][info][gc,phases   ] GC(3) O: Old Generation
[2026-04-03T02:00:19.742+0600][7.876s][info][gc,phases   ] GC(3) O: Concurrent Mark 1.927ms
[2026-04-03T02:00:19.742+0600][7.876s][info][gc,phases   ] GC(3) O: Pause Mark End 0.019ms
[2026-04-03T02:00:19.742+0600][7.876s][info][gc,phases   ] GC(3) O: Concurrent Mark Free 0.001ms
[2026-04-03T02:00:19.752+0600][7.886s][info][gc,phases   ] GC(3) O: Concurrent Process Non-Strong 9.646ms
[2026-04-03T02:00:19.752+0600][7.886s][info][gc,phases   ] GC(3) O: Concurrent Reset Relocation Set 0.001ms
[2026-04-03T02:00:19.756+0600][7.890s][info][gc,phases   ] GC(3) O: Concurrent Select Relocation Set 4.274ms
[2026-04-03T02:00:19.757+0600][7.890s][info][gc,task     ] GC(3) O: Using 2 Workers for Old Generation
[2026-04-03T02:00:19.776+0600][7.910s][info][gc,task     ] GC(3) O: Using 1 Workers for Old Generation
[2026-04-03T02:00:19.776+0600][7.910s][info][gc,phases   ] GC(3) O: Concurrent Remap Roots 19.541ms
[2026-04-03T02:00:19.776+0600][7.910s][info][gc,phases   ] GC(3) O: Pause Relocate Start 0.022ms
[2026-04-03T02:00:19.777+0600][7.910s][info][gc,phases   ] GC(3) O: Concurrent Relocate 0.240ms
[2026-04-03T02:00:19.777+0600][7.910s][info][gc,alloc    ] GC(3) O:                         Mark Start        Mark End      Relocate Start    Relocate End   
[2026-04-03T02:00:19.777+0600][7.910s][info][gc,alloc    ] GC(3) O: Allocation Stalls:          0                0                0                0         
[2026-04-03T02:00:19.777+0600][7.910s][info][gc,load     ] GC(3) O: Load: 2.35 (20%) / 4.13 (34%) / 5.93 (49%)
[2026-04-03T02:00:19.777+0600][7.910s][info][gc,mmu      ] GC(3) O: MMU: 2ms/97.3%, 5ms/98.9%, 10ms/99.5%, 20ms/99.7%, 50ms/99.7%, 100ms/99.9%
[2026-04-03T02:00:19.777+0600][7.910s][info][gc,marking  ] GC(3) O: Mark: 1 stripe(s), 1 proactive flush(es), 1 terminate flush(es), 0 completion(s), 0 continuation(s) 
[2026-04-03T02:00:19.777+0600][7.910s][info][gc,marking  ] GC(3) O: Mark Stack Usage: 0M
[2026-04-03T02:00:19.777+0600][7.910s][info][gc,nmethod  ] GC(3) O: NMethods: 2660 registered, 166 unregistered
[2026-04-03T02:00:19.777+0600][7.910s][info][gc,metaspace] GC(3) O: Metaspace: 40M used, 40M committed, 1088M reserved
[2026-04-03T02:00:19.777+0600][7.910s][info][gc,ref      ] GC(3) O:                       Encountered   Discovered     Enqueued 
[2026-04-03T02:00:19.777+0600][7.910s][info][gc,ref      ] GC(3) O: Soft References:             3894            0            0 
[2026-04-03T02:00:19.777+0600][7.910s][info][gc,ref      ] GC(3) O: Weak References:             3230            0            0 
[2026-04-03T02:00:19.777+0600][7.910s][info][gc,ref      ] GC(3) O: Final References:              80            0            0 
[2026-04-03T02:00:19.777+0600][7.910s][info][gc,ref      ] GC(3) O: Phantom References:           576            0            0 
[2026-04-03T02:00:19.777+0600][7.910s][info][gc,heap     ] GC(3) O: Min Capacity: 8M(1%)
[2026-04-03T02:00:19.777+0600][7.910s][info][gc,heap     ] GC(3) O: Max Capacity: 1500M(100%)
[2026-04-03T02:00:19.777+0600][7.910s][info][gc,heap     ] GC(3) O: Soft Max Capacity: 1500M(100%)
[2026-04-03T02:00:19.777+0600][7.910s][info][gc,heap     ] GC(3) O: Heap Statistics:
[2026-04-03T02:00:19.777+0600][7.911s][info][gc,heap     ] GC(3) O:                Mark Start          Mark End        Relocate Start      Relocate End           High               Low         
[2026-04-03T02:00:19.777+0600][7.911s][info][gc,heap     ] GC(3) O:  Capacity:      346M (23%)         410M (27%)         410M (27%)         410M (27%)         410M (27%)         346M (23%)    
[2026-04-03T02:00:19.777+0600][7.911s][info][gc,heap     ] GC(3) O:      Free:     1236M (82%)        1350M (90%)        1350M (90%)        1350M (90%)        1350M (90%)        1146M (76%)    
[2026-04-03T02:00:19.777+0600][7.911s][info][gc,heap     ] GC(3) O:      Used:      264M (18%)         150M (10%)         150M (10%)         150M (10%)         354M (24%)         150M (10%)    
[2026-04-03T02:00:19.777+0600][7.911s][info][gc,heap     ] GC(3) O: Old Generation Statistics:
[2026-04-03T02:00:19.777+0600][7.911s][info][gc,heap     ] GC(3) O:                Mark Start          Mark End        Relocate Start      Relocate End    
[2026-04-03T02:00:19.777+0600][7.911s][info][gc,heap     ] GC(3) O:      Used:        0M (0%)            0M (0%)            0M (0%)            0M (0%)     
[2026-04-03T02:00:19.777+0600][7.911s][info][gc,heap     ] GC(3) O:      Live:         -                 0M (0%)            0M (0%)            0M (0%)     
[2026-04-03T02:00:19.777+0600][7.911s][info][gc,heap     ] GC(3) O:   Garbage:         -                 0M (0%)            0M (0%)            0M (0%)     
[2026-04-03T02:00:19.777+0600][7.911s][info][gc,heap     ] GC(3) O: Allocated:         -                 0M (0%)            0M (0%)            0M (0%)     
[2026-04-03T02:00:19.777+0600][7.911s][info][gc,heap     ] GC(3) O: Reclaimed:         -                  -                 0M (0%)            0M (0%)     
[2026-04-03T02:00:19.777+0600][7.911s][info][gc,heap     ] GC(3) O: Compacted:         -                  -                  -                 0M (0%)     
[2026-04-03T02:00:19.777+0600][7.911s][info][gc,phases   ] GC(3) O: Old Generation 150M(10%)->150M(10%) 0.036s
[2026-04-03T02:00:19.777+0600][7.911s][info][gc          ] GC(3) Major Collection (Metadata GC Threshold) 264M(18%)->150M(10%) 0.126s
[2026-04-03T02:00:21.040+0600][9.174s][info][gc          ] GC(4) Major Collection (Warmup)
[2026-04-03T02:00:21.040+0600][9.174s][info][gc,task     ] GC(4) Using 3 Workers for Young Generation
[2026-04-03T02:00:21.040+0600][9.174s][info][gc,task     ] GC(4) Using 1 Workers for Old Generation
[2026-04-03T02:00:21.040+0600][9.174s][info][gc,phases   ] GC(4) Y: Young Generation
[2026-04-03T02:00:21.041+0600][9.174s][info][gc,phases   ] GC(4) Y: Pause Mark Start (Major) 0.029ms
[2026-04-03T02:00:21.175+0600][9.309s][info][gc,phases   ] GC(4) Y: Concurrent Mark 111.585ms
[2026-04-03T02:00:21.176+0600][9.309s][info][gc,phases   ] GC(4) Y: Pause Mark End 0.024ms
[2026-04-03T02:00:21.176+0600][9.309s][info][gc,phases   ] GC(4) Y: Concurrent Mark Free 0.001ms
[2026-04-03T02:00:21.176+0600][9.309s][info][gc,phases   ] GC(4) Y: Concurrent Reset Relocation Set 0.009ms
[2026-04-03T02:00:21.177+0600][9.311s][info][gc,reloc    ] GC(4) Y: Using tenuring threshold: 3 (Computed)
[2026-04-03T02:00:21.185+0600][9.319s][info][gc,phases   ] GC(4) Y: Concurrent Select Relocation Set 9.750ms
[2026-04-03T02:00:21.186+0600][9.319s][info][gc,phases   ] GC(4) Y: Pause Relocate Start 0.017ms
[2026-04-03T02:00:21.213+0600][9.346s][info][gc,phases   ] GC(4) Y: Concurrent Relocate 27.012ms
[2026-04-03T02:00:21.213+0600][9.346s][info][gc,alloc    ] GC(4) Y:                         Mark Start        Mark End      Relocate Start    Relocate End   
[2026-04-03T02:00:21.213+0600][9.346s][info][gc,alloc    ] GC(4) Y: Allocation Stalls:          0                0                0                0         
[2026-04-03T02:00:21.213+0600][9.346s][info][gc,load     ] GC(4) Y: Load: 2.35 (20%) / 4.13 (34%) / 5.93 (49%)
[2026-04-03T02:00:21.213+0600][9.346s][info][gc,mmu      ] GC(4) Y: MMU: 2ms/97.3%, 5ms/98.9%, 10ms/99.5%, 20ms/99.7%, 50ms/99.7%, 100ms/99.9%
[2026-04-03T02:00:21.213+0600][9.346s][info][gc,marking  ] GC(4) Y: Mark: 2 stripe(s), 10 proactive flush(es), 1 terminate flush(es), 0 completion(s), 0 continuation(s) 
[2026-04-03T02:00:21.213+0600][9.346s][info][gc,marking  ] GC(4) Y: Mark Stack Usage: 32M
[2026-04-03T02:00:21.213+0600][9.346s][info][gc,nmethod  ] GC(4) Y: NMethods: 3136 registered, 0 unregistered
[2026-04-03T02:00:21.213+0600][9.346s][info][gc,metaspace] GC(4) Y: Metaspace: 47M used, 48M committed, 1088M reserved
[2026-04-03T02:00:21.213+0600][9.346s][info][gc,reloc    ] GC(4) Y:                        Candidates     Selected     In-Place         Size        Empty    Relocated 
[2026-04-03T02:00:21.213+0600][9.346s][info][gc,reloc    ] GC(4) Y: Small Pages:                  162          140            0         324M           0M          18M 
[2026-04-03T02:00:21.213+0600][9.346s][info][gc,reloc    ] GC(4) Y: Medium Pages:                   4            1            0         128M          64M           5M 
[2026-04-03T02:00:21.213+0600][9.346s][info][gc,reloc    ] GC(4) Y: Large Pages:                    0            0            0           0M           0M           0M 
[2026-04-03T02:00:21.213+0600][9.346s][info][gc,reloc    ] GC(4) Y: Forwarding Usage: 12M
[2026-04-03T02:00:21.213+0600][9.346s][info][gc,reloc    ] GC(4) Y: Age Table:
[2026-04-03T02:00:21.213+0600][9.346s][info][gc,reloc    ] GC(4) Y:                    Live             Garbage             Small              Medium             Large        
[2026-04-03T02:00:21.213+0600][9.346s][info][gc,reloc    ] GC(4) Y: Eden              18M (1%)          293M (20%)        140 / 130            1 / 0              0 / 0        
[2026-04-03T02:00:21.213+0600][9.346s][info][gc,reloc    ] GC(4) Y: Survivor 1         5M (0%)           38M (3%)           6 / 2              1 / 0              0 / 0        
[2026-04-03T02:00:21.213+0600][9.347s][info][gc,reloc    ] GC(4) Y: Survivor 2         5M (0%)            4M (0%)           5 / 2              0 / 0              0 / 0        
[2026-04-03T02:00:21.213+0600][9.347s][info][gc,reloc    ] GC(4) Y: Survivor 3        10M (1%)           63M (4%)           5 / 1              2 / 1              0 / 0        
[2026-04-03T02:00:21.213+0600][9.347s][info][gc,reloc    ] GC(4) Y: Survivor 4         3M (0%)            8M (1%)           6 / 5              0 / 0              0 / 0        
[2026-04-03T02:00:21.213+0600][9.347s][info][gc,heap     ] GC(4) Y: Min Capacity: 8M(1%)
[2026-04-03T02:00:21.213+0600][9.347s][info][gc,heap     ] GC(4) Y: Max Capacity: 1500M(100%)
[2026-04-03T02:00:21.213+0600][9.347s][info][gc,heap     ] GC(4) Y: Soft Max Capacity: 1500M(100%)
[2026-04-03T02:00:21.213+0600][9.347s][info][gc,heap     ] GC(4) Y: Heap Statistics:
[2026-04-03T02:00:21.213+0600][9.347s][info][gc,heap     ] GC(4) Y:                Mark Start          Mark End        Relocate Start      Relocate End           High               Low         
[2026-04-03T02:00:21.213+0600][9.347s][info][gc,heap     ] GC(4) Y:  Capacity:      452M (30%)         510M (34%)         510M (34%)         542M (36%)         542M (36%)         452M (30%)    
[2026-04-03T02:00:21.213+0600][9.347s][info][gc,heap     ] GC(4) Y:      Free:     1048M (70%)         990M (66%)        1048M (70%)        1288M (86%)        1292M (86%)         982M (65%)    
[2026-04-03T02:00:21.213+0600][9.347s][info][gc,heap     ] GC(4) Y:      Used:      452M (30%)         510M (34%)         452M (30%)         212M (14%)         518M (35%)         208M (14%)    
[2026-04-03T02:00:21.213+0600][9.347s][info][gc,heap     ] GC(4) Y: Young Generation Statistics:
[2026-04-03T02:00:21.213+0600][9.347s][info][gc,heap     ] GC(4) Y:                Mark Start          Mark End        Relocate Start      Relocate End    
[2026-04-03T02:00:21.213+0600][9.347s][info][gc,heap     ] GC(4) Y:      Used:      452M (30%)         510M (34%)         444M (30%)         164M (11%)    
[2026-04-03T02:00:21.213+0600][9.347s][info][gc,heap     ] GC(4) Y:      Live:         -                44M (3%)           37M (2%)           30M (2%)     
[2026-04-03T02:00:21.213+0600][9.347s][info][gc,heap     ] GC(4) Y:   Garbage:         -               407M (27%)         342M (23%)           1M (0%)     
[2026-04-03T02:00:21.213+0600][9.347s][info][gc,heap     ] GC(4) Y: Allocated:         -                58M (4%)           64M (4%)          132M (9%)     
[2026-04-03T02:00:21.213+0600][9.347s][info][gc,heap     ] GC(4) Y: Reclaimed:         -                  -                64M (4%)          405M (27%)    
[2026-04-03T02:00:21.213+0600][9.347s][info][gc,heap     ] GC(4) Y:  Promoted:         -                  -                 7M (0%)           14M (1%)     
[2026-04-03T02:00:21.213+0600][9.347s][info][gc,heap     ] GC(4) Y: Compacted:         -                  -                  -                19M (1%)     
[2026-04-03T02:00:21.213+0600][9.347s][info][gc,phases   ] GC(4) Y: Young Generation 452M(30%)->212M(14%) 0.172s
[2026-04-03T02:00:21.213+0600][9.347s][info][gc,phases   ] GC(4) O: Old Generation
[2026-04-03T02:00:21.215+0600][9.348s][info][gc,phases   ] GC(4) O: Concurrent Mark 1.486ms
[2026-04-03T02:00:21.215+0600][9.348s][info][gc,phases   ] GC(4) O: Pause Mark End 0.021ms
[2026-04-03T02:00:21.215+0600][9.349s][info][gc,phases   ] GC(4) O: Concurrent Mark Free 0.001ms
[2026-04-03T02:00:21.225+0600][9.359s][info][gc,phases   ] GC(4) O: Concurrent Process Non-Strong 10.284ms
[2026-04-03T02:00:21.225+0600][9.359s][info][gc,phases   ] GC(4) O: Concurrent Reset Relocation Set 0.001ms
[2026-04-03T02:00:21.230+0600][9.363s][info][gc,phases   ] GC(4) O: Concurrent Select Relocation Set 4.234ms
[2026-04-03T02:00:21.230+0600][9.363s][info][gc,task     ] GC(4) O: Using 3 Workers for Old Generation
[2026-04-03T02:00:21.246+0600][9.380s][info][gc,task     ] GC(4) O: Using 1 Workers for Old Generation
[2026-04-03T02:00:21.246+0600][9.380s][info][gc,phases   ] GC(4) O: Concurrent Remap Roots 16.349ms
[2026-04-03T02:00:21.247+0600][9.380s][info][gc,phases   ] GC(4) O: Pause Relocate Start 0.044ms
[2026-04-03T02:00:21.247+0600][9.381s][info][gc,phases   ] GC(4) O: Concurrent Relocate 0.313ms
[2026-04-03T02:00:21.247+0600][9.381s][info][gc,alloc    ] GC(4) O:                         Mark Start        Mark End      Relocate Start    Relocate End   
[2026-04-03T02:00:21.247+0600][9.381s][info][gc,alloc    ] GC(4) O: Allocation Stalls:          0                0                0                0         
[2026-04-03T02:00:21.247+0600][9.381s][info][gc,load     ] GC(4) O: Load: 2.35 (20%) / 4.13 (34%) / 5.93 (49%)
[2026-04-03T02:00:21.247+0600][9.381s][info][gc,mmu      ] GC(4) O: MMU: 2ms/97.3%, 5ms/98.9%, 10ms/99.5%, 20ms/99.7%, 50ms/99.7%, 100ms/99.9%
[2026-04-03T02:00:21.247+0600][9.381s][info][gc,marking  ] GC(4) O: Mark: 1 stripe(s), 1 proactive flush(es), 1 terminate flush(es), 0 completion(s), 0 continuation(s) 
[2026-04-03T02:00:21.247+0600][9.381s][info][gc,marking  ] GC(4) O: Mark Stack Usage: 0M
[2026-04-03T02:00:21.247+0600][9.381s][info][gc,nmethod  ] GC(4) O: NMethods: 3028 registered, 108 unregistered
[2026-04-03T02:00:21.247+0600][9.381s][info][gc,metaspace] GC(4) O: Metaspace: 47M used, 48M committed, 1088M reserved
[2026-04-03T02:00:21.247+0600][9.381s][info][gc,ref      ] GC(4) O:                       Encountered   Discovered     Enqueued 
[2026-04-03T02:00:21.247+0600][9.381s][info][gc,ref      ] GC(4) O: Soft References:             3982            0            0 
[2026-04-03T02:00:21.247+0600][9.381s][info][gc,ref      ] GC(4) O: Weak References:             4127            0            0 
[2026-04-03T02:00:21.247+0600][9.381s][info][gc,ref      ] GC(4) O: Final References:              82            0            0 
[2026-04-03T02:00:21.247+0600][9.381s][info][gc,ref      ] GC(4) O: Phantom References:           582            0            0 
[2026-04-03T02:00:21.247+0600][9.381s][info][gc,heap     ] GC(4) O: Min Capacity: 8M(1%)
[2026-04-03T02:00:21.247+0600][9.381s][info][gc,heap     ] GC(4) O: Max Capacity: 1500M(100%)
[2026-04-03T02:00:21.247+0600][9.381s][info][gc,heap     ] GC(4) O: Soft Max Capacity: 1500M(100%)
[2026-04-03T02:00:21.247+0600][9.381s][info][gc,heap     ] GC(4) O: Heap Statistics:
[2026-04-03T02:00:21.247+0600][9.381s][info][gc,heap     ] GC(4) O:                Mark Start          Mark End        Relocate Start      Relocate End           High               Low         
[2026-04-03T02:00:21.247+0600][9.381s][info][gc,heap     ] GC(4) O:  Capacity:      452M (30%)         542M (36%)         542M (36%)         542M (36%)         542M (36%)         452M (30%)    
[2026-04-03T02:00:21.247+0600][9.381s][info][gc,heap     ] GC(4) O:      Free:     1048M (70%)        1288M (86%)        1258M (84%)        1258M (84%)        1292M (86%)         982M (65%)    
[2026-04-03T02:00:21.247+0600][9.381s][info][gc,heap     ] GC(4) O:      Used:      452M (30%)         212M (14%)         242M (16%)         242M (16%)         518M (35%)         208M (14%)    
[2026-04-03T02:00:21.247+0600][9.381s][info][gc,heap     ] GC(4) O: Old Generation Statistics:
[2026-04-03T02:00:21.247+0600][9.381s][info][gc,heap     ] GC(4) O:                Mark Start          Mark End        Relocate Start      Relocate End    
[2026-04-03T02:00:21.247+0600][9.381s][info][gc,heap     ] GC(4) O:      Used:        0M (0%)           48M (3%)           48M (3%)           48M (3%)     
[2026-04-03T02:00:21.247+0600][9.381s][info][gc,heap     ] GC(4) O:      Live:         -                 0M (0%)            0M (0%)            0M (0%)     
[2026-04-03T02:00:21.247+0600][9.381s][info][gc,heap     ] GC(4) O:   Garbage:         -                 0M (0%)            0M (0%)            0M (0%)     
[2026-04-03T02:00:21.247+0600][9.381s][info][gc,heap     ] GC(4) O: Allocated:         -                48M (3%)           48M (3%)           48M (3%)     
[2026-04-03T02:00:21.247+0600][9.381s][info][gc,heap     ] GC(4) O: Reclaimed:         -                  -                 0M (0%)            0M (0%)     
[2026-04-03T02:00:21.247+0600][9.381s][info][gc,heap     ] GC(4) O: Compacted:         -                  -                  -                 0M (0%)     
[2026-04-03T02:00:21.247+0600][9.381s][info][gc,phases   ] GC(4) O: Old Generation 212M(14%)->242M(16%) 0.034s
[2026-04-03T02:00:21.247+0600][9.381s][info][gc          ] GC(4) Major Collection (Warmup) 452M(30%)->242M(16%) 0.207s
[2026-04-03T02:00:22.266+0600][10.399s][info][gc          ] GC(5) Minor Collection (Allocation Rate)
[2026-04-03T02:00:22.266+0600][10.399s][info][gc,task     ] GC(5) Using 2 Workers for Young Generation
[2026-04-03T02:00:22.266+0600][10.399s][info][gc,phases   ] GC(5) y: Young Generation
[2026-04-03T02:00:22.266+0600][10.400s][info][gc,phases   ] GC(5) y: Pause Mark Start 0.019ms
[2026-04-03T02:00:22.589+0600][10.723s][info][gc,phases   ] GC(5) y: Concurrent Mark 322.929ms
[2026-04-03T02:00:22.590+0600][10.723s][info][gc,phases   ] GC(5) y: Pause Mark End 0.028ms
[2026-04-03T02:00:22.590+0600][10.723s][info][gc,phases   ] GC(5) y: Concurrent Mark Free 0.003ms
[2026-04-03T02:00:22.590+0600][10.723s][info][gc,phases   ] GC(5) y: Concurrent Reset Relocation Set 0.036ms
[2026-04-03T02:00:22.591+0600][10.725s][info][gc,reloc    ] GC(5) y: Using tenuring threshold: 3 (Computed)
[2026-04-03T02:00:22.614+0600][10.747s][info][gc,phases   ] GC(5) y: Concurrent Select Relocation Set 23.824ms
[2026-04-03T02:00:22.614+0600][10.748s][info][gc,phases   ] GC(5) y: Pause Relocate Start 0.021ms
[2026-04-03T02:00:22.699+0600][10.833s][info][gc,phases   ] GC(5) y: Concurrent Relocate 85.262ms
[2026-04-03T02:00:22.700+0600][10.833s][info][gc,alloc    ] GC(5) y:                         Mark Start        Mark End      Relocate Start    Relocate End   
[2026-04-03T02:00:22.700+0600][10.833s][info][gc,alloc    ] GC(5) y: Allocation Stalls:          0                0                0                0         
[2026-04-03T02:00:22.700+0600][10.833s][info][gc,load     ] GC(5) y: Load: 2.35 (20%) / 4.13 (34%) / 5.93 (49%)
[2026-04-03T02:00:22.700+0600][10.833s][info][gc,mmu      ] GC(5) y: MMU: 2ms/97.3%, 5ms/98.9%, 10ms/99.5%, 20ms/99.7%, 50ms/99.7%, 100ms/99.9%
[2026-04-03T02:00:22.700+0600][10.833s][info][gc,marking  ] GC(5) y: Mark: 2 stripe(s), 4 proactive flush(es), 1 terminate flush(es), 0 completion(s), 0 continuation(s) 
[2026-04-03T02:00:22.700+0600][10.833s][info][gc,marking  ] GC(5) y: Mark Stack Usage: 32M
[2026-04-03T02:00:22.700+0600][10.833s][info][gc,nmethod  ] GC(5) y: NMethods: 3028 registered, 108 unregistered
[2026-04-03T02:00:22.700+0600][10.833s][info][gc,metaspace] GC(5) y: Metaspace: 47M used, 48M committed, 1088M reserved
[2026-04-03T02:00:22.700+0600][10.833s][info][gc,reloc    ] GC(5) y:                        Candidates     Selected     In-Place         Size        Empty    Relocated 
[2026-04-03T02:00:22.700+0600][10.833s][info][gc,reloc    ] GC(5) y: Small Pages:                  455          401            0         910M           0M          63M 
[2026-04-03T02:00:22.700+0600][10.833s][info][gc,reloc    ] GC(5) y: Medium Pages:                   1            0            0          32M           0M           0M 
[2026-04-03T02:00:22.700+0600][10.833s][info][gc,reloc    ] GC(5) y: Large Pages:                    0            0            0           0M           0M           0M 
[2026-04-03T02:00:22.700+0600][10.833s][info][gc,reloc    ] GC(5) y: Forwarding Usage: 54M
[2026-04-03T02:00:22.700+0600][10.833s][info][gc,reloc    ] GC(5) y: Age Table:
[2026-04-03T02:00:22.700+0600][10.833s][info][gc,reloc    ] GC(5) y:                    Live             Garbage             Small              Medium             Large        
[2026-04-03T02:00:22.700+0600][10.833s][info][gc,reloc    ] GC(5) y: Eden              67M (5%)          798M (53%)        433 / 394            0 / 0              0 / 0        
[2026-04-03T02:00:22.700+0600][10.833s][info][gc,reloc    ] GC(5) y: Survivor 1        18M (1%)            5M (0%)          12 / 3              0 / 0              0 / 0        
[2026-04-03T02:00:22.700+0600][10.833s][info][gc,reloc    ] GC(5) y: Survivor 2         5M (0%)           36M (2%)           5 / 3              1 / 0              0 / 0        
[2026-04-03T02:00:22.700+0600][10.833s][info][gc,reloc    ] GC(5) y: Survivor 3         5M (0%)            4M (0%)           5 / 1              0 / 0              0 / 0        
[2026-04-03T02:00:22.700+0600][10.833s][info][gc,heap     ] GC(5) y: Min Capacity: 8M(1%)
[2026-04-03T02:00:22.700+0600][10.833s][info][gc,heap     ] GC(5) y: Max Capacity: 1500M(100%)
[2026-04-03T02:00:22.700+0600][10.833s][info][gc,heap     ] GC(5) y: Soft Max Capacity: 1500M(100%)
[2026-04-03T02:00:22.700+0600][10.833s][info][gc,heap     ] GC(5) y: Heap Statistics:
[2026-04-03T02:00:22.700+0600][10.833s][info][gc,heap     ] GC(5) y:                Mark Start          Mark End        Relocate Start      Relocate End           High               Low         
[2026-04-03T02:00:22.700+0600][10.833s][info][gc,heap     ] GC(5) y:  Capacity:      990M (66%)        1168M (78%)        1180M (79%)        1186M (79%)        1186M (79%)         990M (66%)    
[2026-04-03T02:00:22.700+0600][10.833s][info][gc,heap     ] GC(5) y:      Free:      510M (34%)         332M (22%)         320M (21%)        1040M (69%)        1044M (70%)         314M (21%)    
[2026-04-03T02:00:22.700+0600][10.833s][info][gc,heap     ] GC(5) y:      Used:      990M (66%)        1168M (78%)        1180M (79%)         460M (31%)        1186M (79%)         456M (30%)    
[2026-04-03T02:00:22.700+0600][10.833s][info][gc,heap     ] GC(5) y: Young Generation Statistics:
[2026-04-03T02:00:22.700+0600][10.833s][info][gc,heap     ] GC(5) y:                Mark Start          Mark End        Relocate Start      Relocate End    
[2026-04-03T02:00:22.700+0600][10.833s][info][gc,heap     ] GC(5) y:      Used:      942M (63%)        1120M (75%)        1126M (75%)         402M (27%)    
[2026-04-03T02:00:22.700+0600][10.833s][info][gc,heap     ] GC(5) y:      Live:         -                97M (7%)           92M (6%)           91M (6%)     
[2026-04-03T02:00:22.700+0600][10.833s][info][gc,heap     ] GC(5) y:   Garbage:         -               844M (56%)         843M (56%)          31M (2%)     
[2026-04-03T02:00:22.700+0600][10.833s][info][gc,heap     ] GC(5) y: Allocated:         -               178M (12%)         190M (13%)         278M (19%)    
[2026-04-03T02:00:22.700+0600][10.833s][info][gc,heap     ] GC(5) y: Reclaimed:         -                  -                 0M (0%)          812M (54%)    
[2026-04-03T02:00:22.700+0600][10.833s][info][gc,heap     ] GC(5) y:  Promoted:         -                  -                 5M (0%)            5M (0%)     
[2026-04-03T02:00:22.700+0600][10.833s][info][gc,heap     ] GC(5) y: Compacted:         -                  -                  -                69M (5%)     
[2026-04-03T02:00:22.700+0600][10.833s][info][gc,phases   ] GC(5) y: Young Generation 990M(66%)->460M(31%) 0.434s
[2026-04-03T02:00:22.700+0600][10.833s][info][gc          ] GC(5) Minor Collection (Allocation Rate) 990M(66%)->460M(31%) 0.434s
[2026-04-03T02:00:22.700+0600][10.833s][info][gc          ] GC(6) Major Collection (Allocation Rate)
[2026-04-03T02:00:22.700+0600][10.834s][info][gc,task     ] GC(6) Using 3 Workers for Young Generation
[2026-04-03T02:00:22.700+0600][10.834s][info][gc,task     ] GC(6) Using 1 Workers for Old Generation
[2026-04-03T02:00:22.700+0600][10.834s][info][gc,phases   ] GC(6) Y: Young Generation
[2026-04-03T02:00:22.700+0600][10.834s][info][gc,phases   ] GC(6) Y: Pause Mark Start (Major) 0.022ms
[2026-04-03T02:00:23.287+0600][11.421s][info][gc,phases   ] GC(6) Y: Concurrent Mark 587.060ms
[2026-04-03T02:00:23.288+0600][11.421s][info][gc,phases   ] GC(6) Y: Pause Mark End 0.026ms
[2026-04-03T02:00:23.288+0600][11.421s][info][gc,phases   ] GC(6) Y: Concurrent Mark Free 0.001ms
[2026-04-03T02:00:23.288+0600][11.421s][info][gc,phases   ] GC(6) Y: Concurrent Reset Relocation Set 0.092ms
[2026-04-03T02:00:23.291+0600][11.424s][info][gc,reloc    ] GC(6) Y: Using tenuring threshold: 1 (Computed)
[2026-04-03T02:00:23.324+0600][11.457s][info][gc,phases   ] GC(6) Y: Concurrent Select Relocation Set 35.715ms
[2026-04-03T02:00:23.324+0600][11.458s][info][gc,phases   ] GC(6) Y: Pause Relocate Start 0.083ms
[2026-04-03T02:00:23.396+0600][11.530s][info][gc,phases   ] GC(6) Y: Concurrent Relocate 72.341ms
[2026-04-03T02:00:23.397+0600][11.530s][info][gc,alloc    ] GC(6) Y:                         Mark Start        Mark End      Relocate Start    Relocate End   
[2026-04-03T02:00:23.397+0600][11.530s][info][gc,alloc    ] GC(6) Y: Allocation Stalls:          0                0                0                0         
[2026-04-03T02:00:23.397+0600][11.530s][info][gc,load     ] GC(6) Y: Load: 2.35 (20%) / 4.13 (34%) / 5.93 (49%)
[2026-04-03T02:00:23.397+0600][11.530s][info][gc,mmu      ] GC(6) Y: MMU: 2ms/95.8%, 5ms/98.3%, 10ms/99.2%, 20ms/99.6%, 50ms/99.7%, 100ms/99.9%
[2026-04-03T02:00:23.397+0600][11.530s][info][gc,marking  ] GC(6) Y: Mark: 2 stripe(s), 10 proactive flush(es), 1 terminate flush(es), 0 completion(s), 0 continuation(s) 
[2026-04-03T02:00:23.397+0600][11.530s][info][gc,marking  ] GC(6) Y: Mark Stack Usage: 32M
[2026-04-03T02:00:23.397+0600][11.530s][info][gc,nmethod  ] GC(6) Y: NMethods: 3175 registered, 108 unregistered
[2026-04-03T02:00:23.397+0600][11.530s][info][gc,metaspace] GC(6) Y: Metaspace: 49M used, 50M committed, 1088M reserved
[2026-04-03T02:00:23.397+0600][11.530s][info][gc,reloc    ] GC(6) Y:                        Candidates     Selected     In-Place         Size        Empty    Relocated 
[2026-04-03T02:00:23.397+0600][11.530s][info][gc,reloc    ] GC(6) Y: Small Pages:                  185          127            0         370M           0M          20M 
[2026-04-03T02:00:23.397+0600][11.530s][info][gc,reloc    ] GC(6) Y: Medium Pages:                   1            0            0          32M           0M           0M 
[2026-04-03T02:00:23.397+0600][11.530s][info][gc,reloc    ] GC(6) Y: Large Pages:                    0            0            0           0M           0M           0M 
[2026-04-03T02:00:23.397+0600][11.530s][info][gc,reloc    ] GC(6) Y: Forwarding Usage: 17M
[2026-04-03T02:00:23.397+0600][11.530s][info][gc,reloc    ] GC(6) Y: Age Table:
[2026-04-03T02:00:23.397+0600][11.530s][info][gc,reloc    ] GC(6) Y:                    Live             Garbage             Small              Medium             Large        
[2026-04-03T02:00:23.397+0600][11.530s][info][gc,reloc    ] GC(6) Y: Eden              20M (1%)          247M (16%)        134 / 123            0 / 0              0 / 0        
[2026-04-03T02:00:23.397+0600][11.530s][info][gc,reloc    ] GC(6) Y: Survivor 1        67M (5%)            4M (0%)          36 / 2              0 / 0              0 / 0        
[2026-04-03T02:00:23.397+0600][11.530s][info][gc,reloc    ] GC(6) Y: Survivor 2        18M (1%)            5M (0%)          12 / 2              0 / 0              0 / 0        
[2026-04-03T02:00:23.397+0600][11.530s][info][gc,reloc    ] GC(6) Y: Survivor 3         5M (0%)           32M (2%)           3 / 0              1 / 0              0 / 0        
[2026-04-03T02:00:23.397+0600][11.530s][info][gc,heap     ] GC(6) Y: Min Capacity: 8M(1%)
[2026-04-03T02:00:23.397+0600][11.530s][info][gc,heap     ] GC(6) Y: Max Capacity: 1500M(100%)
[2026-04-03T02:00:23.397+0600][11.530s][info][gc,heap     ] GC(6) Y: Soft Max Capacity: 1500M(100%)
[2026-04-03T02:00:23.397+0600][11.530s][info][gc,heap     ] GC(6) Y: Heap Statistics:
[2026-04-03T02:00:23.397+0600][11.530s][info][gc,heap     ] GC(6) Y:                Mark Start          Mark End        Relocate Start      Relocate End           High               Low         
[2026-04-03T02:00:23.397+0600][11.530s][info][gc,heap     ] GC(6) Y:  Capacity:     1186M (79%)        1186M (79%)        1186M (79%)        1186M (79%)        1186M (79%)        1186M (79%)    
[2026-04-03T02:00:23.397+0600][11.530s][info][gc,heap     ] GC(6) Y:      Free:     1040M (69%)         832M (55%)         828M (55%)        1068M (71%)        1076M (72%)         822M (55%)    
[2026-04-03T02:00:23.397+0600][11.530s][info][gc,heap     ] GC(6) Y:      Used:      460M (31%)         668M (45%)         672M (45%)         432M (29%)         678M (45%)         424M (28%)    
[2026-04-03T02:00:23.397+0600][11.530s][info][gc,heap     ] GC(6) Y: Young Generation Statistics:
[2026-04-03T02:00:23.397+0600][11.530s][info][gc,heap     ] GC(6) Y:                Mark Start          Mark End        Relocate Start      Relocate End    
[2026-04-03T02:00:23.397+0600][11.531s][info][gc,heap     ] GC(6) Y:      Used:      402M (27%)         610M (41%)         492M (33%)         244M (16%)    
[2026-04-03T02:00:23.397+0600][11.531s][info][gc,heap     ] GC(6) Y:      Live:         -               112M (7%)           22M (2%)           20M (1%)     
[2026-04-03T02:00:23.397+0600][11.531s][info][gc,heap     ] GC(6) Y:   Garbage:         -               289M (19%)         257M (17%)           0M (0%)     
[2026-04-03T02:00:23.397+0600][11.531s][info][gc,heap     ] GC(6) Y: Allocated:         -               208M (14%)         212M (14%)         223M (15%)    
[2026-04-03T02:00:23.397+0600][11.531s][info][gc,heap     ] GC(6) Y: Reclaimed:         -                  -                32M (2%)          289M (19%)    
[2026-04-03T02:00:23.397+0600][11.531s][info][gc,heap     ] GC(6) Y:  Promoted:         -                  -                89M (6%)           91M (6%)     
[2026-04-03T02:00:23.397+0600][11.531s][info][gc,heap     ] GC(6) Y: Compacted:         -                  -                  -                20M (1%)     
[2026-04-03T02:00:23.397+0600][11.531s][info][gc,phases   ] GC(6) Y: Young Generation 460M(31%)->432M(29%) 0.696s
[2026-04-03T02:00:23.397+0600][11.531s][info][gc,phases   ] GC(6) O: Old Generation
[2026-04-03T02:00:23.407+0600][11.540s][info][gc          ] GC(7) Minor Collection (Allocation Rate)
[2026-04-03T02:00:23.407+0600][11.540s][info][gc,task     ] GC(7) Using 3 Workers for Young Generation
[2026-04-03T02:00:23.407+0600][11.540s][info][gc,phases   ] GC(7) y: Young Generation
[2026-04-03T02:00:23.407+0600][11.541s][info][gc,phases   ] GC(7) y: Pause Mark Start 0.029ms
[2026-04-03T02:00:23.438+0600][11.572s][info][gc,phases   ] GC(6) O: Concurrent Mark 40.926ms
[2026-04-03T02:00:23.439+0600][11.572s][info][gc,phases   ] GC(6) O: Pause Mark End 0.038ms
[2026-04-03T02:00:23.439+0600][11.572s][info][gc,phases   ] GC(6) O: Concurrent Mark Free 0.001ms
[2026-04-03T02:00:23.454+0600][11.587s][info][gc,phases   ] GC(6) O: Concurrent Process Non-Strong 14.881ms
[2026-04-03T02:00:23.454+0600][11.587s][info][gc,phases   ] GC(6) O: Concurrent Reset Relocation Set 0.002ms
[2026-04-03T02:00:23.460+0600][11.594s][info][gc,phases   ] GC(6) O: Concurrent Select Relocation Set 6.313ms
[2026-04-03T02:00:23.476+0600][11.610s][info][gc,phases   ] GC(7) y: Concurrent Mark 69.018ms
[2026-04-03T02:00:23.476+0600][11.610s][info][gc,phases   ] GC(7) y: Pause Mark End 0.023ms
[2026-04-03T02:00:23.476+0600][11.610s][info][gc,phases   ] GC(7) y: Concurrent Mark Free 0.002ms
[2026-04-03T02:00:23.477+0600][11.610s][info][gc,phases   ] GC(7) y: Concurrent Reset Relocation Set 0.111ms
[2026-04-03T02:00:23.480+0600][11.613s][info][gc,reloc    ] GC(7) y: Using tenuring threshold: 2 (Computed)
[2026-04-03T02:00:23.482+0600][11.615s][info][gc,phases   ] GC(7) y: Concurrent Select Relocation Set 5.140ms
[2026-04-03T02:00:23.482+0600][11.615s][info][gc,phases   ] GC(7) y: Pause Relocate Start 0.026ms
[2026-04-03T02:00:23.496+0600][11.630s][info][gc,phases   ] GC(7) y: Concurrent Relocate 14.423ms
[2026-04-03T02:00:23.497+0600][11.630s][info][gc,alloc    ] GC(7) y:                         Mark Start        Mark End      Relocate Start    Relocate End   
[2026-04-03T02:00:23.497+0600][11.630s][info][gc,alloc    ] GC(7) y: Allocation Stalls:          0                0                0                0         
[2026-04-03T02:00:23.497+0600][11.630s][info][gc,load     ] GC(7) y: Load: 2.35 (20%) / 4.13 (34%) / 5.93 (49%)
[2026-04-03T02:00:23.497+0600][11.630s][info][gc,mmu      ] GC(7) y: MMU: 2ms/95.8%, 5ms/98.3%, 10ms/99.2%, 20ms/99.6%, 50ms/99.7%, 100ms/99.9%
[2026-04-03T02:00:23.497+0600][11.630s][info][gc,marking  ] GC(7) y: Mark: 2 stripe(s), 10 proactive flush(es), 1 terminate flush(es), 0 completion(s), 0 continuation(s) 
[2026-04-03T02:00:23.497+0600][11.630s][info][gc,marking  ] GC(7) y: Mark Stack Usage: 32M
[2026-04-03T02:00:23.497+0600][11.630s][info][gc,nmethod  ] GC(7) y: NMethods: 3203 registered, 116 unregistered
[2026-04-03T02:00:23.497+0600][11.630s][info][gc,metaspace] GC(7) y: Metaspace: 50M used, 51M committed, 1088M reserved
[2026-04-03T02:00:23.497+0600][11.631s][info][gc,reloc    ] GC(7) y:                        Candidates     Selected     In-Place         Size        Empty    Relocated 
[2026-04-03T02:00:23.497+0600][11.631s][info][gc,reloc    ] GC(7) y: Small Pages:                  122          103            0         244M           0M          12M 
[2026-04-03T02:00:23.497+0600][11.631s][info][gc,reloc    ] GC(7) y: Medium Pages:                   0            0            0           0M           0M           0M 
[2026-04-03T02:00:23.497+0600][11.631s][info][gc,reloc    ] GC(7) y: Large Pages:                    0            0            0           0M           0M           0M 
[2026-04-03T02:00:23.497+0600][11.631s][info][gc,reloc    ] GC(7) y: Forwarding Usage: 10M
[2026-04-03T02:00:23.497+0600][11.631s][info][gc,reloc    ] GC(7) y: Age Table:
[2026-04-03T02:00:23.497+0600][11.631s][info][gc,reloc    ] GC(7) y:                    Live             Garbage             Small              Medium             Large        
[2026-04-03T02:00:23.497+0600][11.631s][info][gc,reloc    ] GC(7) y: Eden              13M (1%)          206M (14%)        110 / 102            0 / 0              0 / 0        
[2026-04-03T02:00:23.497+0600][11.631s][info][gc,reloc    ] GC(7) y: Survivor 1        20M (1%)            3M (0%)          12 / 1              0 / 0              0 / 0        
[2026-04-03T02:00:23.497+0600][11.631s][info][gc,heap     ] GC(7) y: Min Capacity: 8M(1%)
[2026-04-03T02:00:23.497+0600][11.631s][info][gc,heap     ] GC(7) y: Max Capacity: 1500M(100%)
[2026-04-03T02:00:23.497+0600][11.631s][info][gc,heap     ] GC(7) y: Soft Max Capacity: 1500M(100%)
[2026-04-03T02:00:23.497+0600][11.631s][info][gc,heap     ] GC(7) y: Heap Statistics:
[2026-04-03T02:00:23.497+0600][11.631s][info][gc,heap     ] GC(7) y:                Mark Start          Mark End        Relocate Start      Relocate End           High               Low         
[2026-04-03T02:00:23.497+0600][11.631s][info][gc,heap     ] GC(7) y:  Capacity:     1186M (79%)        1186M (79%)        1186M (79%)        1186M (79%)        1186M (79%)        1186M (79%)    
[2026-04-03T02:00:23.497+0600][11.631s][info][gc,heap     ] GC(7) y:      Free:     1068M (71%)        1062M (71%)        1062M (71%)        1264M (84%)        1264M (84%)        1058M (71%)    
[2026-04-03T02:00:23.497+0600][11.631s][info][gc,heap     ] GC(7) y:      Used:      432M (29%)         438M (29%)         438M (29%)         236M (16%)         442M (29%)         236M (16%)    
[2026-04-03T02:00:23.497+0600][11.631s][info][gc,heap     ] GC(7) y: Young Generation Statistics:
[2026-04-03T02:00:23.497+0600][11.631s][info][gc,heap     ] GC(7) y:                Mark Start          Mark End        Relocate Start      Relocate End    
[2026-04-03T02:00:23.497+0600][11.631s][info][gc,heap     ] GC(7) y:      Used:      244M (16%)         250M (17%)         250M (17%)          48M (3%)     
[2026-04-03T02:00:23.497+0600][11.631s][info][gc,heap     ] GC(7) y:      Live:         -                33M (2%)           33M (2%)           33M (2%)     
[2026-04-03T02:00:23.497+0600][11.631s][info][gc,heap     ] GC(7) y:   Garbage:         -               210M (14%)         210M (14%)           1M (0%)     
[2026-04-03T02:00:23.497+0600][11.631s][info][gc,heap     ] GC(7) y: Allocated:         -                 6M (0%)            6M (0%)           12M (1%)     
[2026-04-03T02:00:23.497+0600][11.631s][info][gc,heap     ] GC(7) y: Reclaimed:         -                  -                 0M (0%)          208M (14%)    
[2026-04-03T02:00:23.497+0600][11.631s][info][gc,heap     ] GC(7) y:  Promoted:         -                  -                 0M (0%)            0M (0%)     
[2026-04-03T02:00:23.497+0600][11.631s][info][gc,heap     ] GC(7) y: Compacted:         -                  -                  -                13M (1%)     
[2026-04-03T02:00:23.497+0600][11.631s][info][gc,phases   ] GC(7) y: Young Generation 432M(29%)->236M(16%) 0.090s
[2026-04-03T02:00:23.497+0600][11.631s][info][gc          ] GC(7) Minor Collection (Allocation Rate) 432M(29%)->236M(16%) 0.091s
[2026-04-03T02:00:23.498+0600][11.631s][info][gc,task     ] GC(6) O: Using 3 Workers for Old Generation
[2026-04-03T02:00:23.518+0600][11.652s][info][gc,task     ] GC(6) O: Using 1 Workers for Old Generation
[2026-04-03T02:00:23.519+0600][11.652s][info][gc,phases   ] GC(6) O: Concurrent Remap Roots 21.114ms
[2026-04-03T02:00:23.519+0600][11.652s][info][gc,phases   ] GC(6) O: Pause Relocate Start 0.028ms
[2026-04-03T02:00:23.522+0600][11.655s][info][gc,phases   ] GC(6) O: Concurrent Relocate 2.606ms
[2026-04-03T02:00:23.522+0600][11.655s][info][gc,alloc    ] GC(6) O:                         Mark Start        Mark End      Relocate Start    Relocate End   
[2026-04-03T02:00:23.522+0600][11.655s][info][gc,alloc    ] GC(6) O: Allocation Stalls:          0                0                0                0         
[2026-04-03T02:00:23.522+0600][11.655s][info][gc,load     ] GC(6) O: Load: 2.35 (20%) / 4.13 (34%) / 5.93 (49%)
[2026-04-03T02:00:23.522+0600][11.655s][info][gc,mmu      ] GC(6) O: MMU: 2ms/95.8%, 5ms/98.3%, 10ms/99.2%, 20ms/99.6%, 50ms/99.7%, 100ms/99.9%
[2026-04-03T02:00:23.522+0600][11.655s][info][gc,marking  ] GC(6) O: Mark: 1 stripe(s), 2 proactive flush(es), 1 terminate flush(es), 0 completion(s), 0 continuation(s) 
[2026-04-03T02:00:23.522+0600][11.655s][info][gc,marking  ] GC(6) O: Mark Stack Usage: 32M
[2026-04-03T02:00:23.522+0600][11.655s][info][gc,nmethod  ] GC(6) O: NMethods: 3217 registered, 116 unregistered
[2026-04-03T02:00:23.522+0600][11.655s][info][gc,metaspace] GC(6) O: Metaspace: 50M used, 51M committed, 1088M reserved
[2026-04-03T02:00:23.522+0600][11.655s][info][gc,ref      ] GC(6) O:                       Encountered   Discovered     Enqueued 
[2026-04-03T02:00:23.522+0600][11.655s][info][gc,ref      ] GC(6) O: Soft References:             3997            0            0 
[2026-04-03T02:00:23.522+0600][11.655s][info][gc,ref      ] GC(6) O: Weak References:             4393         1326          553 
[2026-04-03T02:00:23.522+0600][11.655s][info][gc,ref      ] GC(6) O: Final References:              82            0            0 
[2026-04-03T02:00:23.522+0600][11.656s][info][gc,ref      ] GC(6) O: Phantom References:           586          198            0 
[2026-04-03T02:00:23.522+0600][11.656s][info][gc,reloc    ] GC(6) O:                        Candidates     Selected     In-Place         Size        Empty    Relocated 
[2026-04-03T02:00:23.522+0600][11.656s][info][gc,reloc    ] GC(6) O: Small Pages:                   13            4            0          26M           0M           1M 
[2026-04-03T02:00:23.522+0600][11.656s][info][gc,reloc    ] GC(6) O: Medium Pages:                   1            0            0          32M           0M           0M 
[2026-04-03T02:00:23.522+0600][11.656s][info][gc,reloc    ] GC(6) O: Large Pages:                    0            0            0           0M           0M           0M 
[2026-04-03T02:00:23.522+0600][11.656s][info][gc,reloc    ] GC(6) O: Forwarding Usage: 0M
[2026-04-03T02:00:23.522+0600][11.656s][info][gc,heap     ] GC(6) O: Min Capacity: 8M(1%)
[2026-04-03T02:00:23.522+0600][11.656s][info][gc,heap     ] GC(6) O: Max Capacity: 1500M(100%)
[2026-04-03T02:00:23.522+0600][11.656s][info][gc,heap     ] GC(6) O: Soft Max Capacity: 1500M(100%)
[2026-04-03T02:00:23.522+0600][11.656s][info][gc,heap     ] GC(6) O: Heap Statistics:
[2026-04-03T02:00:23.522+0600][11.656s][info][gc,heap     ] GC(6) O:                Mark Start          Mark End        Relocate Start      Relocate End           High               Low         
[2026-04-03T02:00:23.522+0600][11.656s][info][gc,heap     ] GC(6) O:  Capacity:     1186M (79%)        1186M (79%)        1186M (79%)        1186M (79%)        1186M (79%)        1186M (79%)    
[2026-04-03T02:00:23.522+0600][11.656s][info][gc,heap     ] GC(6) O:      Free:     1040M (69%)        1066M (71%)        1264M (84%)        1270M (85%)        1270M (85%)         822M (55%)    
[2026-04-03T02:00:23.522+0600][11.656s][info][gc,heap     ] GC(6) O:      Used:      460M (31%)         434M (29%)         236M (16%)         230M (15%)         678M (45%)         230M (15%)    
[2026-04-03T02:00:23.522+0600][11.656s][info][gc,heap     ] GC(6) O: Old Generation Statistics:
[2026-04-03T02:00:23.522+0600][11.656s][info][gc,heap     ] GC(6) O:                Mark Start          Mark End        Relocate Start      Relocate End    
[2026-04-03T02:00:23.522+0600][11.656s][info][gc,heap     ] GC(6) O:      Used:       58M (4%)          188M (13%)         188M (13%)         182M (12%)    
[2026-04-03T02:00:23.522+0600][11.656s][info][gc,heap     ] GC(6) O:      Live:         -                20M (1%)           20M (1%)           20M (1%)     
[2026-04-03T02:00:23.522+0600][11.656s][info][gc,heap     ] GC(6) O:   Garbage:         -                37M (3%)           37M (3%)           28M (2%)     
[2026-04-03T02:00:23.522+0600][11.656s][info][gc,heap     ] GC(6) O: Allocated:         -               130M (9%)          130M (9%)          132M (9%)     
[2026-04-03T02:00:23.522+0600][11.656s][info][gc,heap     ] GC(6) O: Reclaimed:         -                  -                 0M (0%)            8M (1%)     
[2026-04-03T02:00:23.522+0600][11.656s][info][gc,heap     ] GC(6) O: Compacted:         -                  -                  -                 1M (0%)     
[2026-04-03T02:00:23.522+0600][11.656s][info][gc,phases   ] GC(6) O: Old Generation 432M(29%)->230M(15%) 0.125s
[2026-04-03T02:00:23.522+0600][11.656s][info][gc          ] GC(6) Major Collection (Allocation Rate) 460M(31%)->230M(15%) 0.822s
[2026-04-03T02:00:23.761+0600][11.894s][info][gc          ] GC(8) Major Collection (Allocation Rate)
[2026-04-03T02:00:23.761+0600][11.894s][info][gc,task     ] GC(8) Using 3 Workers for Young Generation
[2026-04-03T02:00:23.761+0600][11.894s][info][gc,task     ] GC(8) Using 1 Workers for Old Generation
[2026-04-03T02:00:23.761+0600][11.894s][info][gc,phases   ] GC(8) Y: Young Generation
[2026-04-03T02:00:23.761+0600][11.895s][info][gc,phases   ] GC(8) Y: Pause Mark Start (Major) 0.025ms
[2026-04-03T02:00:23.810+0600][11.943s][info][gc,phases   ] GC(8) Y: Concurrent Mark 48.609ms
[2026-04-03T02:00:23.810+0600][11.944s][info][gc,phases   ] GC(8) Y: Pause Mark End 0.029ms
[2026-04-03T02:00:23.810+0600][11.944s][info][gc,phases   ] GC(8) Y: Concurrent Mark Free 0.001ms
[2026-04-03T02:00:23.810+0600][11.944s][info][gc,phases   ] GC(8) Y: Concurrent Reset Relocation Set 0.021ms
[2026-04-03T02:00:23.815+0600][11.949s][info][gc,reloc    ] GC(8) Y: Using tenuring threshold: 1 (Computed)
[2026-04-03T02:00:23.827+0600][11.961s][info][gc,phases   ] GC(8) Y: Concurrent Select Relocation Set 17.003ms
[2026-04-03T02:00:23.828+0600][11.961s][info][gc,phases   ] GC(8) Y: Pause Relocate Start 0.028ms
[2026-04-03T02:00:23.846+0600][11.980s][info][gc,phases   ] GC(8) Y: Concurrent Relocate 18.833ms
[2026-04-03T02:00:23.847+0600][11.980s][info][gc,alloc    ] GC(8) Y:                         Mark Start        Mark End      Relocate Start    Relocate End   
[2026-04-03T02:00:23.847+0600][11.980s][info][gc,alloc    ] GC(8) Y: Allocation Stalls:          0                0                0                0         
[2026-04-03T02:00:23.847+0600][11.980s][info][gc,load     ] GC(8) Y: Load: 2.35 (20%) / 4.13 (34%) / 5.93 (49%)
[2026-04-03T02:00:23.847+0600][11.980s][info][gc,mmu      ] GC(8) Y: MMU: 2ms/95.8%, 5ms/98.3%, 10ms/99.2%, 20ms/99.6%, 50ms/99.7%, 100ms/99.9%
[2026-04-03T02:00:23.847+0600][11.980s][info][gc,marking  ] GC(8) Y: Mark: 2 stripe(s), 4 proactive flush(es), 1 terminate flush(es), 0 completion(s), 0 continuation(s) 
[2026-04-03T02:00:23.847+0600][11.980s][info][gc,marking  ] GC(8) Y: Mark Stack Usage: 32M
[2026-04-03T02:00:23.847+0600][11.980s][info][gc,nmethod  ] GC(8) Y: NMethods: 3240 registered, 116 unregistered
[2026-04-03T02:00:23.847+0600][11.980s][info][gc,metaspace] GC(8) Y: Metaspace: 51M used, 51M committed, 1088M reserved
[2026-04-03T02:00:23.847+0600][11.980s][info][gc,reloc    ] GC(8) Y:                        Candidates     Selected     In-Place         Size        Empty    Relocated 
[2026-04-03T02:00:23.847+0600][11.980s][info][gc,reloc    ] GC(8) Y: Small Pages:                   25            7            0          50M           0M           1M 
[2026-04-03T02:00:23.847+0600][11.980s][info][gc,reloc    ] GC(8) Y: Medium Pages:                   1            0            0          32M           0M           0M 
[2026-04-03T02:00:23.847+0600][11.980s][info][gc,reloc    ] GC(8) Y: Large Pages:                    0            0            0           0M           0M           0M 
[2026-04-03T02:00:23.847+0600][11.980s][info][gc,reloc    ] GC(8) Y: Forwarding Usage: 1M
[2026-04-03T02:00:23.847+0600][11.980s][info][gc,reloc    ] GC(8) Y: Age Table:
[2026-04-03T02:00:23.847+0600][11.980s][info][gc,reloc    ] GC(8) Y:                    Live             Garbage             Small              Medium             Large        
[2026-04-03T02:00:23.847+0600][11.980s][info][gc,reloc    ] GC(8) Y: Eden               1M (0%)           38M (3%)           4 / 3              1 / 0              0 / 0        
[2026-04-03T02:00:23.847+0600][11.980s][info][gc,reloc    ] GC(8) Y: Survivor 1        13M (1%)            4M (0%)           9 / 2              0 / 0              0 / 0        
[2026-04-03T02:00:23.847+0600][11.980s][info][gc,reloc    ] GC(8) Y: Survivor 2        20M (1%)            3M (0%)          12 / 2              0 / 0              0 / 0        
[2026-04-03T02:00:23.847+0600][11.980s][info][gc,heap     ] GC(8) Y: Min Capacity: 8M(1%)
[2026-04-03T02:00:23.847+0600][11.980s][info][gc,heap     ] GC(8) Y: Max Capacity: 1500M(100%)
[2026-04-03T02:00:23.847+0600][11.981s][info][gc,heap     ] GC(8) Y: Soft Max Capacity: 1500M(100%)
[2026-04-03T02:00:23.847+0600][11.981s][info][gc,heap     ] GC(8) Y: Heap Statistics:
[2026-04-03T02:00:23.847+0600][11.981s][info][gc,heap     ] GC(8) Y:                Mark Start          Mark End        Relocate Start      Relocate End           High               Low         
[2026-04-03T02:00:23.847+0600][11.981s][info][gc,heap     ] GC(8) Y:  Capacity:     1218M (81%)        1218M (81%)        1218M (81%)        1218M (81%)        1218M (81%)        1218M (81%)    
[2026-04-03T02:00:23.847+0600][11.981s][info][gc,heap     ] GC(8) Y:      Free:     1236M (82%)        1232M (82%)        1232M (82%)        1238M (83%)        1238M (83%)        1226M (82%)    
[2026-04-03T02:00:23.847+0600][11.981s][info][gc,heap     ] GC(8) Y:      Used:      264M (18%)         268M (18%)         268M (18%)         262M (17%)         274M (18%)         262M (17%)    
[2026-04-03T02:00:23.847+0600][11.981s][info][gc,heap     ] GC(8) Y: Young Generation Statistics:
[2026-04-03T02:00:23.847+0600][11.981s][info][gc,heap     ] GC(8) Y:                Mark Start          Mark End        Relocate Start      Relocate End    
[2026-04-03T02:00:23.847+0600][11.981s][info][gc,heap     ] GC(8) Y:      Used:       82M (5%)           86M (6%)           54M (4%)           42M (3%)     
[2026-04-03T02:00:23.847+0600][11.981s][info][gc,heap     ] GC(8) Y:      Live:         -                35M (2%)            3M (0%)            1M (0%)     
[2026-04-03T02:00:23.847+0600][11.981s][info][gc,heap     ] GC(8) Y:   Garbage:         -                46M (3%)           46M (3%)           30M (2%)     
[2026-04-03T02:00:23.847+0600][11.981s][info][gc,heap     ] GC(8) Y: Allocated:         -                 4M (0%)            4M (0%)            9M (1%)     
[2026-04-03T02:00:23.847+0600][11.981s][info][gc,heap     ] GC(8) Y: Reclaimed:         -                  -                 0M (0%)           15M (1%)     
[2026-04-03T02:00:23.847+0600][11.981s][info][gc,heap     ] GC(8) Y:  Promoted:         -                  -                31M (2%)           33M (2%)     
[2026-04-03T02:00:23.847+0600][11.981s][info][gc,heap     ] GC(8) Y: Compacted:         -                  -                  -                 0M (0%)     
[2026-04-03T02:00:23.847+0600][11.981s][info][gc,phases   ] GC(8) Y: Young Generation 264M(18%)->262M(17%) 0.086s
[2026-04-03T02:00:23.847+0600][11.981s][info][gc,phases   ] GC(8) O: Old Generation
[2026-04-03T02:00:23.902+0600][12.035s][info][gc,phases   ] GC(8) O: Concurrent Mark 54.778ms
[2026-04-03T02:00:23.902+0600][12.036s][info][gc,phases   ] GC(8) O: Pause Mark End 0.032ms
[2026-04-03T02:00:23.902+0600][12.036s][info][gc,phases   ] GC(8) O: Concurrent Mark Free 0.001ms
[2026-04-03T02:00:23.914+0600][12.048s][info][gc,phases   ] GC(8) O: Concurrent Process Non-Strong 12.213ms
[2026-04-03T02:00:23.915+0600][12.048s][info][gc,phases   ] GC(8) O: Concurrent Reset Relocation Set 0.003ms
[2026-04-03T02:00:23.918+0600][12.051s][info][gc,phases   ] GC(8) O: Concurrent Select Relocation Set 3.258ms
[2026-04-03T02:00:23.918+0600][12.051s][info][gc,task     ] GC(8) O: Using 3 Workers for Old Generation
[2026-04-03T02:00:23.937+0600][12.071s][info][gc,task     ] GC(8) O: Using 1 Workers for Old Generation
[2026-04-03T02:00:23.938+0600][12.071s][info][gc,phases   ] GC(8) O: Concurrent Remap Roots 19.601ms
[2026-04-03T02:00:23.938+0600][12.071s][info][gc,phases   ] GC(8) O: Pause Relocate Start 0.028ms
[2026-04-03T02:00:23.965+0600][12.098s][info][gc,phases   ] GC(8) O: Concurrent Relocate 26.731ms
[2026-04-03T02:00:23.965+0600][12.098s][info][gc,alloc    ] GC(8) O:                         Mark Start        Mark End      Relocate Start    Relocate End   
[2026-04-03T02:00:23.965+0600][12.098s][info][gc,alloc    ] GC(8) O: Allocation Stalls:          0                0                0                0         
[2026-04-03T02:00:23.965+0600][12.098s][info][gc,load     ] GC(8) O: Load: 2.35 (20%) / 4.13 (34%) / 5.93 (49%)
[2026-04-03T02:00:23.965+0600][12.098s][info][gc,mmu      ] GC(8) O: MMU: 2ms/95.8%, 5ms/98.3%, 10ms/99.2%, 20ms/99.6%, 50ms/99.7%, 100ms/99.9%
[2026-04-03T02:00:23.965+0600][12.098s][info][gc,marking  ] GC(8) O: Mark: 1 stripe(s), 2 proactive flush(es), 1 terminate flush(es), 0 completion(s), 0 continuation(s) 
[2026-04-03T02:00:23.965+0600][12.099s][info][gc,marking  ] GC(8) O: Mark Stack Usage: 32M
[2026-04-03T02:00:23.965+0600][12.099s][info][gc,nmethod  ] GC(8) O: NMethods: 3161 registered, 195 unregistered
[2026-04-03T02:00:23.965+0600][12.099s][info][gc,metaspace] GC(8) O: Metaspace: 51M used, 51M committed, 1088M reserved
[2026-04-03T02:00:23.965+0600][12.099s][info][gc,ref      ] GC(8) O:                       Encountered   Discovered     Enqueued 
[2026-04-03T02:00:23.965+0600][12.099s][info][gc,ref      ] GC(8) O: Soft References:             4010            0            0 
[2026-04-03T02:00:23.965+0600][12.099s][info][gc,ref      ] GC(8) O: Weak References:             3965         3019          820 
[2026-04-03T02:00:23.965+0600][12.099s][info][gc,ref      ] GC(8) O: Final References:              82           48            0 
[2026-04-03T02:00:23.965+0600][12.099s][info][gc,ref      ] GC(8) O: Phantom References:           586          563            1 
[2026-04-03T02:00:23.965+0600][12.099s][info][gc,reloc    ] GC(8) O:                        Candidates     Selected     In-Place         Size        Empty    Relocated 
[2026-04-03T02:00:23.965+0600][12.099s][info][gc,reloc    ] GC(8) O: Small Pages:                   59            5            0         118M          80M           2M 
[2026-04-03T02:00:23.965+0600][12.099s][info][gc,reloc    ] GC(8) O: Medium Pages:                   2            1            0          64M           0M           5M 
[2026-04-03T02:00:23.965+0600][12.099s][info][gc,reloc    ] GC(8) O: Large Pages:                    0            0            0           0M           0M           0M 
[2026-04-03T02:00:23.965+0600][12.099s][info][gc,reloc    ] GC(8) O: Forwarding Usage: 1M
[2026-04-03T02:00:23.965+0600][12.099s][info][gc,heap     ] GC(8) O: Min Capacity: 8M(1%)
[2026-04-03T02:00:23.965+0600][12.099s][info][gc,heap     ] GC(8) O: Max Capacity: 1500M(100%)
[2026-04-03T02:00:23.965+0600][12.099s][info][gc,heap     ] GC(8) O: Soft Max Capacity: 1500M(100%)
[2026-04-03T02:00:23.965+0600][12.099s][info][gc,heap     ] GC(8) O: Heap Statistics:
[2026-04-03T02:00:23.965+0600][12.099s][info][gc,heap     ] GC(8) O:                Mark Start          Mark End        Relocate Start      Relocate End           High               Low         
[2026-04-03T02:00:23.965+0600][12.099s][info][gc,heap     ] GC(8) O:  Capacity:     1218M (81%)        1218M (81%)        1218M (81%)        1250M (83%)        1250M (83%)        1218M (81%)    
[2026-04-03T02:00:23.965+0600][12.099s][info][gc,heap     ] GC(8) O:      Free:     1236M (82%)        1238M (83%)        1318M (88%)        1358M (91%)        1358M (91%)        1226M (82%)    
[2026-04-03T02:00:23.965+0600][12.099s][info][gc,heap     ] GC(8) O:      Used:      264M (18%)         262M (17%)         182M (12%)         142M (9%)          274M (18%)         142M (9%)     
[2026-04-03T02:00:23.965+0600][12.099s][info][gc,heap     ] GC(8) O: Old Generation Statistics:
[2026-04-03T02:00:23.965+0600][12.099s][info][gc,heap     ] GC(8) O:                Mark Start          Mark End        Relocate Start      Relocate End    
[2026-04-03T02:00:23.965+0600][12.099s][info][gc,heap     ] GC(8) O:      Used:      182M (12%)         220M (15%)         140M (9%)          100M (7%)     
[2026-04-03T02:00:23.965+0600][12.099s][info][gc,heap     ] GC(8) O:      Live:         -                29M (2%)           29M (2%)           29M (2%)     
[2026-04-03T02:00:23.965+0600][12.099s][info][gc,heap     ] GC(8) O:   Garbage:         -               152M (10%)          72M (5%)            2M (0%)     
[2026-04-03T02:00:23.965+0600][12.099s][info][gc,heap     ] GC(8) O: Allocated:         -                38M (3%)           38M (3%)           67M (4%)     
[2026-04-03T02:00:23.965+0600][12.099s][info][gc,heap     ] GC(8) O: Reclaimed:         -                  -                80M (5%)          149M (10%)    
[2026-04-03T02:00:23.965+0600][12.099s][info][gc,heap     ] GC(8) O: Compacted:         -                  -                  -                10M (1%)     
[2026-04-03T02:00:23.965+0600][12.099s][info][gc,phases   ] GC(8) O: Old Generation 262M(17%)->142M(9%) 0.118s
[2026-04-03T02:00:23.965+0600][12.099s][info][gc          ] GC(8) Major Collection (Allocation Rate) 264M(18%)->142M(9%) 0.204s
[2026-04-03T02:00:24.206+0600][12.339s][info][gc          ] GC(9) Major Collection (Allocation Rate)
[2026-04-03T02:00:24.206+0600][12.339s][info][gc,task     ] GC(9) Using 3 Workers for Young Generation
[2026-04-03T02:00:24.206+0600][12.339s][info][gc,task     ] GC(9) Using 2 Workers for Old Generation
[2026-04-03T02:00:24.206+0600][12.339s][info][gc,phases   ] GC(9) Y: Young Generation
[2026-04-03T02:00:24.206+0600][12.340s][info][gc,phases   ] GC(9) Y: Pause Mark Start (Major) 0.021ms
[2026-04-03T02:00:24.214+0600][12.347s][info][gc,phases   ] GC(9) Y: Concurrent Mark 7.448ms
[2026-04-03T02:00:24.214+0600][12.348s][info][gc,phases   ] GC(9) Y: Pause Mark End 0.023ms
[2026-04-03T02:00:24.214+0600][12.348s][info][gc,phases   ] GC(9) Y: Concurrent Mark Free 0.001ms
[2026-04-03T02:00:24.214+0600][12.348s][info][gc,phases   ] GC(9) Y: Concurrent Reset Relocation Set 0.036ms
[2026-04-03T02:00:24.218+0600][12.352s][info][gc,reloc    ] GC(9) Y: Using tenuring threshold: 2 (Computed)
[2026-04-03T02:00:24.219+0600][12.353s][info][gc,phases   ] GC(9) Y: Concurrent Select Relocation Set 5.138ms
[2026-04-03T02:00:24.220+0600][12.353s][info][gc,phases   ] GC(9) Y: Pause Relocate Start 0.014ms
[2026-04-03T02:00:24.221+0600][12.354s][info][gc,phases   ] GC(9) Y: Concurrent Relocate 0.669ms
[2026-04-03T02:00:24.221+0600][12.354s][info][gc,alloc    ] GC(9) Y:                         Mark Start        Mark End      Relocate Start    Relocate End   
[2026-04-03T02:00:24.221+0600][12.354s][info][gc,alloc    ] GC(9) Y: Allocation Stalls:          0                0                0                0         
[2026-04-03T02:00:24.221+0600][12.354s][info][gc,load     ] GC(9) Y: Load: 2.35 (20%) / 4.13 (34%) / 5.93 (49%)
[2026-04-03T02:00:24.221+0600][12.354s][info][gc,mmu      ] GC(9) Y: MMU: 2ms/95.8%, 5ms/98.3%, 10ms/99.2%, 20ms/99.6%, 50ms/99.7%, 100ms/99.9%
[2026-04-03T02:00:24.221+0600][12.354s][info][gc,marking  ] GC(9) Y: Mark: 2 stripe(s), 2 proactive flush(es), 1 terminate flush(es), 0 completion(s), 0 continuation(s) 
[2026-04-03T02:00:24.221+0600][12.354s][info][gc,marking  ] GC(9) Y: Mark Stack Usage: 32M
[2026-04-03T02:00:24.221+0600][12.354s][info][gc,nmethod  ] GC(9) Y: NMethods: 3169 registered, 195 unregistered
[2026-04-03T02:00:24.221+0600][12.354s][info][gc,metaspace] GC(9) Y: Metaspace: 51M used, 51M committed, 1088M reserved
[2026-04-03T02:00:24.221+0600][12.354s][info][gc,reloc    ] GC(9) Y:                        Candidates     Selected     In-Place         Size        Empty    Relocated 
[2026-04-03T02:00:24.221+0600][12.354s][info][gc,reloc    ] GC(9) Y: Small Pages:                    6            4            0          12M           2M           0M 
[2026-04-03T02:00:24.221+0600][12.354s][info][gc,reloc    ] GC(9) Y: Medium Pages:                   2            0            0          64M          64M           0M 
[2026-04-03T02:00:24.221+0600][12.354s][info][gc,reloc    ] GC(9) Y: Large Pages:                    0            0            0           0M           0M           0M 
[2026-04-03T02:00:24.221+0600][12.354s][info][gc,reloc    ] GC(9) Y: Forwarding Usage: 0M
[2026-04-03T02:00:24.221+0600][12.354s][info][gc,reloc    ] GC(9) Y: Age Table:
[2026-04-03T02:00:24.221+0600][12.354s][info][gc,reloc    ] GC(9) Y:                    Live             Garbage             Small              Medium             Large        
[2026-04-03T02:00:24.221+0600][12.354s][info][gc,reloc    ] GC(9) Y: Eden               0M (0%)           37M (3%)           3 / 2              1 / 0              0 / 0        
[2026-04-03T02:00:24.221+0600][12.354s][info][gc,reloc    ] GC(9) Y: Survivor 1         0M (0%)           37M (3%)           3 / 2              1 / 0              0 / 0        
[2026-04-03T02:00:24.221+0600][12.354s][info][gc,heap     ] GC(9) Y: Min Capacity: 8M(1%)
[2026-04-03T02:00:24.221+0600][12.354s][info][gc,heap     ] GC(9) Y: Max Capacity: 1500M(100%)
[2026-04-03T02:00:24.221+0600][12.354s][info][gc,heap     ] GC(9) Y: Soft Max Capacity: 1500M(100%)
[2026-04-03T02:00:24.221+0600][12.354s][info][gc,heap     ] GC(9) Y: Heap Statistics:
[2026-04-03T02:00:24.221+0600][12.354s][info][gc,heap     ] GC(9) Y:                Mark Start          Mark End        Relocate Start      Relocate End           High               Low         
[2026-04-03T02:00:24.221+0600][12.354s][info][gc,heap     ] GC(9) Y:  Capacity:     1250M (83%)        1250M (83%)        1250M (83%)        1250M (83%)        1250M (83%)        1250M (83%)    
[2026-04-03T02:00:24.221+0600][12.354s][info][gc,heap     ] GC(9) Y:      Free:     1324M (88%)        1324M (88%)        1390M (93%)        1388M (93%)        1390M (93%)        1324M (88%)    
[2026-04-03T02:00:24.221+0600][12.354s][info][gc,heap     ] GC(9) Y:      Used:      176M (12%)         176M (12%)         110M (7%)          112M (7%)          176M (12%)         110M (7%)     
[2026-04-03T02:00:24.221+0600][12.354s][info][gc,heap     ] GC(9) Y: Young Generation Statistics:
[2026-04-03T02:00:24.221+0600][12.354s][info][gc,heap     ] GC(9) Y:                Mark Start          Mark End        Relocate Start      Relocate End    
[2026-04-03T02:00:24.221+0600][12.354s][info][gc,heap     ] GC(9) Y:      Used:       76M (5%)           76M (5%)           10M (1%)           12M (1%)     
[2026-04-03T02:00:24.221+0600][12.354s][info][gc,heap     ] GC(9) Y:      Live:         -                 0M (0%)            0M (0%)            0M (0%)     
[2026-04-03T02:00:24.221+0600][12.355s][info][gc,heap     ] GC(9) Y:   Garbage:         -                75M (5%)            9M (1%)            0M (0%)     
[2026-04-03T02:00:24.221+0600][12.355s][info][gc,heap     ] GC(9) Y: Allocated:         -                 0M (0%)            0M (0%)           11M (1%)     
[2026-04-03T02:00:24.221+0600][12.355s][info][gc,heap     ] GC(9) Y: Reclaimed:         -                  -                66M (4%)           75M (5%)     
[2026-04-03T02:00:24.221+0600][12.355s][info][gc,heap     ] GC(9) Y:  Promoted:         -                  -                 0M (0%)            0M (0%)     
[2026-04-03T02:00:24.221+0600][12.355s][info][gc,heap     ] GC(9) Y: Compacted:         -                  -                  -                 0M (0%)     
[2026-04-03T02:00:24.221+0600][12.355s][info][gc,phases   ] GC(9) Y: Young Generation 176M(12%)->112M(7%) 0.015s
[2026-04-03T02:00:24.221+0600][12.355s][info][gc,phases   ] GC(9) O: Old Generation
[2026-04-03T02:00:24.255+0600][12.388s][info][gc,phases   ] GC(9) O: Concurrent Mark 33.672ms
[2026-04-03T02:00:24.255+0600][12.388s][info][gc,phases   ] GC(9) O: Pause Mark End 0.027ms
[2026-04-03T02:00:24.255+0600][12.389s][info][gc,phases   ] GC(9) O: Concurrent Mark Free 0.001ms
[2026-04-03T02:00:24.261+0600][12.395s][info][gc,phases   ] GC(9) O: Concurrent Process Non-Strong 6.099ms
[2026-04-03T02:00:24.261+0600][12.395s][info][gc,phases   ] GC(9) O: Concurrent Reset Relocation Set 0.003ms
[2026-04-03T02:00:24.266+0600][12.400s][info][gc,phases   ] GC(9) O: Concurrent Select Relocation Set 4.975ms
[2026-04-03T02:00:24.266+0600][12.400s][info][gc,task     ] GC(9) O: Using 3 Workers for Old Generation
[2026-04-03T02:00:24.282+0600][12.415s][info][gc,task     ] GC(9) O: Using 2 Workers for Old Generation
[2026-04-03T02:00:24.282+0600][12.415s][info][gc,phases   ] GC(9) O: Concurrent Remap Roots 15.589ms
[2026-04-03T02:00:24.282+0600][12.416s][info][gc,phases   ] GC(9) O: Pause Relocate Start 0.020ms
[2026-04-03T02:00:24.284+0600][12.418s][info][gc,phases   ] GC(9) O: Concurrent Relocate 2.025ms
[2026-04-03T02:00:24.284+0600][12.418s][info][gc,alloc    ] GC(9) O:                         Mark Start        Mark End      Relocate Start    Relocate End   
[2026-04-03T02:00:24.284+0600][12.418s][info][gc,alloc    ] GC(9) O: Allocation Stalls:          0                0                0                0         
[2026-04-03T02:00:24.284+0600][12.418s][info][gc,load     ] GC(9) O: Load: 2.35 (20%) / 4.13 (34%) / 5.93 (49%)
[2026-04-03T02:00:24.284+0600][12.418s][info][gc,mmu      ] GC(9) O: MMU: 2ms/95.8%, 5ms/98.3%, 10ms/99.2%, 20ms/99.6%, 50ms/99.7%, 100ms/99.9%
[2026-04-03T02:00:24.284+0600][12.418s][info][gc,marking  ] GC(9) O: Mark: 2 stripe(s), 2 proactive flush(es), 1 terminate flush(es), 0 completion(s), 0 continuation(s) 
[2026-04-03T02:00:24.284+0600][12.418s][info][gc,marking  ] GC(9) O: Mark Stack Usage: 32M
[2026-04-03T02:00:24.284+0600][12.418s][info][gc,nmethod  ] GC(9) O: NMethods: 3162 registered, 202 unregistered
[2026-04-03T02:00:24.284+0600][12.418s][info][gc,metaspace] GC(9) O: Metaspace: 51M used, 51M committed, 1088M reserved
[2026-04-03T02:00:24.284+0600][12.418s][info][gc,ref      ] GC(9) O:                       Encountered   Discovered     Enqueued 
[2026-04-03T02:00:24.284+0600][12.418s][info][gc,ref      ] GC(9) O: Soft References:             4010            0            0 
[2026-04-03T02:00:24.284+0600][12.418s][info][gc,ref      ] GC(9) O: Weak References:             3149         2214          115 
[2026-04-03T02:00:24.284+0600][12.418s][info][gc,ref      ] GC(9) O: Final References:              82            0            0 
[2026-04-03T02:00:24.284+0600][12.418s][info][gc,ref      ] GC(9) O: Phantom References:           587          494            1 
[2026-04-03T02:00:24.284+0600][12.418s][info][gc,reloc    ] GC(9) O:                        Candidates     Selected     In-Place         Size        Empty    Relocated 
[2026-04-03T02:00:24.284+0600][12.418s][info][gc,reloc    ] GC(9) O: Small Pages:                   34            5            0          68M          30M           1M 
[2026-04-03T02:00:24.284+0600][12.418s][info][gc,reloc    ] GC(9) O: Medium Pages:                   1            0            0          32M           0M           0M 
[2026-04-03T02:00:24.284+0600][12.418s][info][gc,reloc    ] GC(9) O: Large Pages:                    0            0            0           0M           0M           0M 
[2026-04-03T02:00:24.284+0600][12.418s][info][gc,reloc    ] GC(9) O: Forwarding Usage: 0M
[2026-04-03T02:00:24.284+0600][12.418s][info][gc,heap     ] GC(9) O: Min Capacity: 8M(1%)
[2026-04-03T02:00:24.284+0600][12.418s][info][gc,heap     ] GC(9) O: Max Capacity: 1500M(100%)
[2026-04-03T02:00:24.284+0600][12.418s][info][gc,heap     ] GC(9) O: Soft Max Capacity: 1500M(100%)
[2026-04-03T02:00:24.284+0600][12.418s][info][gc,heap     ] GC(9) O: Heap Statistics:
[2026-04-03T02:00:24.284+0600][12.418s][info][gc,heap     ] GC(9) O:                Mark Start          Mark End        Relocate Start      Relocate End           High               Low         
[2026-04-03T02:00:24.284+0600][12.418s][info][gc,heap     ] GC(9) O:  Capacity:     1250M (83%)        1250M (83%)        1250M (83%)        1250M (83%)        1250M (83%)        1250M (83%)    
[2026-04-03T02:00:24.284+0600][12.418s][info][gc,heap     ] GC(9) O:      Free:     1324M (88%)        1388M (93%)        1414M (94%)        1420M (95%)        1420M (95%)        1324M (88%)    
[2026-04-03T02:00:24.285+0600][12.418s][info][gc,heap     ] GC(9) O:      Used:      176M (12%)         112M (7%)           86M (6%)           80M (5%)          176M (12%)          80M (5%)     
[2026-04-03T02:00:24.285+0600][12.418s][info][gc,heap     ] GC(9) O: Old Generation Statistics:
[2026-04-03T02:00:24.285+0600][12.418s][info][gc,heap     ] GC(9) O:                Mark Start          Mark End        Relocate Start      Relocate End    
[2026-04-03T02:00:24.285+0600][12.418s][info][gc,heap     ] GC(9) O:      Used:      100M (7%)          100M (7%)           70M (5%)           64M (4%)     
[2026-04-03T02:00:24.285+0600][12.418s][info][gc,heap     ] GC(9) O:      Live:         -                30M (2%)           30M (2%)           30M (2%)     
[2026-04-03T02:00:24.285+0600][12.418s][info][gc,heap     ] GC(9) O:   Garbage:         -                69M (5%)           39M (3%)           29M (2%)     
[2026-04-03T02:00:24.285+0600][12.418s][info][gc,heap     ] GC(9) O: Allocated:         -                 0M (0%)            0M (0%)            4M (0%)     
[2026-04-03T02:00:24.285+0600][12.418s][info][gc,heap     ] GC(9) O: Reclaimed:         -                  -                30M (2%)           40M (3%)     
[2026-04-03T02:00:24.285+0600][12.418s][info][gc,heap     ] GC(9) O: Compacted:         -                  -                  -                 1M (0%)     
[2026-04-03T02:00:24.285+0600][12.418s][info][gc,phases   ] GC(9) O: Old Generation 112M(7%)->80M(5%) 0.063s
[2026-04-03T02:00:24.285+0600][12.418s][info][gc          ] GC(9) Major Collection (Allocation Rate) 176M(12%)->80M(5%) 0.079s
[2026-04-03T02:00:25.099+0600][13.232s][info][gc          ] GC(10) Major Collection (Allocation Rate)
[2026-04-03T02:00:25.099+0600][13.232s][info][gc,task     ] GC(10) Using 3 Workers for Young Generation
[2026-04-03T02:00:25.099+0600][13.232s][info][gc,task     ] GC(10) Using 2 Workers for Old Generation
[2026-04-03T02:00:25.099+0600][13.232s][info][gc,phases   ] GC(10) Y: Young Generation
[2026-04-03T02:00:25.099+0600][13.233s][info][gc,phases   ] GC(10) Y: Pause Mark Start (Major) 0.019ms
[2026-04-03T02:00:25.109+0600][13.243s][info][gc,phases   ] GC(10) Y: Concurrent Mark 9.927ms
[2026-04-03T02:00:25.110+0600][13.243s][info][gc,phases   ] GC(10) Y: Pause Mark End 0.023ms
[2026-04-03T02:00:25.110+0600][13.243s][info][gc,phases   ] GC(10) Y: Concurrent Mark Free 0.002ms
[2026-04-03T02:00:25.110+0600][13.243s][info][gc,phases   ] GC(10) Y: Concurrent Reset Relocation Set 0.002ms
[2026-04-03T02:00:25.114+0600][13.247s][info][gc,reloc    ] GC(10) Y: Using tenuring threshold: 3 (Computed)
[2026-04-03T02:00:25.114+0600][13.248s][info][gc,phases   ] GC(10) Y: Concurrent Select Relocation Set 4.220ms
[2026-04-03T02:00:25.114+0600][13.248s][info][gc,phases   ] GC(10) Y: Pause Relocate Start 0.016ms
[2026-04-03T02:00:25.115+0600][13.249s][info][gc,phases   ] GC(10) Y: Concurrent Relocate 1.041ms
[2026-04-03T02:00:25.115+0600][13.249s][info][gc,alloc    ] GC(10) Y:                         Mark Start        Mark End      Relocate Start    Relocate End   
[2026-04-03T02:00:25.115+0600][13.249s][info][gc,alloc    ] GC(10) Y: Allocation Stalls:          0                0                0                0         
[2026-04-03T02:00:25.115+0600][13.249s][info][gc,load     ] GC(10) Y: Load: 2.24 (19%) / 4.08 (34%) / 5.90 (49%)
[2026-04-03T02:00:25.115+0600][13.249s][info][gc,mmu      ] GC(10) Y: MMU: 2ms/95.8%, 5ms/98.3%, 10ms/99.2%, 20ms/99.6%, 50ms/99.7%, 100ms/99.9%
[2026-04-03T02:00:25.115+0600][13.249s][info][gc,marking  ] GC(10) Y: Mark: 2 stripe(s), 2 proactive flush(es), 1 terminate flush(es), 0 completion(s), 0 continuation(s) 
[2026-04-03T02:00:25.115+0600][13.249s][info][gc,marking  ] GC(10) Y: Mark Stack Usage: 32M
[2026-04-03T02:00:25.115+0600][13.249s][info][gc,nmethod  ] GC(10) Y: NMethods: 3373 registered, 202 unregistered
[2026-04-03T02:00:25.115+0600][13.249s][info][gc,metaspace] GC(10) Y: Metaspace: 53M used, 53M committed, 1088M reserved
[2026-04-03T02:00:25.115+0600][13.249s][info][gc,reloc    ] GC(10) Y:                        Candidates     Selected     In-Place         Size        Empty    Relocated 
[2026-04-03T02:00:25.115+0600][13.249s][info][gc,reloc    ] GC(10) Y: Small Pages:                   20           17            0          40M           4M           0M 
[2026-04-03T02:00:25.115+0600][13.249s][info][gc,reloc    ] GC(10) Y: Medium Pages:                   1            0            0          32M          32M           0M 
[2026-04-03T02:00:25.115+0600][13.249s][info][gc,reloc    ] GC(10) Y: Large Pages:                    1            0            0           6M           6M           0M 
[2026-04-03T02:00:25.115+0600][13.249s][info][gc,reloc    ] GC(10) Y: Forwarding Usage: 0M
[2026-04-03T02:00:25.115+0600][13.249s][info][gc,reloc    ] GC(10) Y: Age Table:
[2026-04-03T02:00:25.115+0600][13.249s][info][gc,reloc    ] GC(10) Y:                    Live             Garbage             Small              Medium             Large        
[2026-04-03T02:00:25.115+0600][13.249s][info][gc,reloc    ] GC(10) Y: Eden               0M (0%)           65M (4%)          14 / 13             1 / 0              1 / 0        
[2026-04-03T02:00:25.115+0600][13.249s][info][gc,reloc    ] GC(10) Y: Survivor 1         0M (0%)            7M (1%)           4 / 2              0 / 0              0 / 0        
[2026-04-03T02:00:25.116+0600][13.249s][info][gc,reloc    ] GC(10) Y: Survivor 2         0M (0%)            3M (0%)           2 / 2              0 / 0              0 / 0        
[2026-04-03T02:00:25.116+0600][13.249s][info][gc,heap     ] GC(10) Y: Min Capacity: 8M(1%)
[2026-04-03T02:00:25.116+0600][13.249s][info][gc,heap     ] GC(10) Y: Max Capacity: 1500M(100%)
[2026-04-03T02:00:25.116+0600][13.249s][info][gc,heap     ] GC(10) Y: Soft Max Capacity: 1500M(100%)
[2026-04-03T02:00:25.116+0600][13.249s][info][gc,heap     ] GC(10) Y: Heap Statistics:
[2026-04-03T02:00:25.116+0600][13.249s][info][gc,heap     ] GC(10) Y:                Mark Start          Mark End        Relocate Start      Relocate End           High               Low         
[2026-04-03T02:00:25.116+0600][13.249s][info][gc,heap     ] GC(10) Y:  Capacity:     1250M (83%)        1250M (83%)        1250M (83%)        1250M (83%)        1250M (83%)        1250M (83%)    
[2026-04-03T02:00:25.116+0600][13.249s][info][gc,heap     ] GC(10) Y:      Free:     1358M (91%)        1356M (90%)        1398M (93%)        1416M (94%)        1416M (94%)        1356M (90%)    
[2026-04-03T02:00:25.116+0600][13.249s][info][gc,heap     ] GC(10) Y:      Used:      142M (9%)          144M (10%)         102M (7%)           84M (6%)          144M (10%)          84M (6%)     
[2026-04-03T02:00:25.116+0600][13.249s][info][gc,heap     ] GC(10) Y: Young Generation Statistics:
[2026-04-03T02:00:25.116+0600][13.249s][info][gc,heap     ] GC(10) Y:                Mark Start          Mark End        Relocate Start      Relocate End    
[2026-04-03T02:00:25.116+0600][13.249s][info][gc,heap     ] GC(10) Y:      Used:       78M (5%)           80M (5%)           38M (3%)           20M (1%)     
[2026-04-03T02:00:25.116+0600][13.249s][info][gc,heap     ] GC(10) Y:      Live:         -                 0M (0%)            0M (0%)            0M (0%)     
[2026-04-03T02:00:25.116+0600][13.249s][info][gc,heap     ] GC(10) Y:   Garbage:         -                77M (5%)           35M (2%)            0M (0%)     
[2026-04-03T02:00:25.116+0600][13.249s][info][gc,heap     ] GC(10) Y: Allocated:         -                 2M (0%)            2M (0%)           19M (1%)     
[2026-04-03T02:00:25.116+0600][13.249s][info][gc,heap     ] GC(10) Y: Reclaimed:         -                  -                42M (3%)           77M (5%)     
[2026-04-03T02:00:25.116+0600][13.249s][info][gc,heap     ] GC(10) Y:  Promoted:         -                  -                 0M (0%)            0M (0%)     
[2026-04-03T02:00:25.116+0600][13.249s][info][gc,heap     ] GC(10) Y: Compacted:         -                  -                  -                 0M (0%)     
[2026-04-03T02:00:25.116+0600][13.249s][info][gc,phases   ] GC(10) Y: Young Generation 142M(9%)->84M(6%) 0.017s
[2026-04-03T02:00:25.116+0600][13.249s][info][gc,phases   ] GC(10) O: Old Generation
[2026-04-03T02:00:25.152+0600][13.285s][info][gc,phases   ] GC(10) O: Concurrent Mark 36.027ms
[2026-04-03T02:00:25.152+0600][13.286s][info][gc,phases   ] GC(10) O: Pause Mark End 0.029ms
[2026-04-03T02:00:25.152+0600][13.286s][info][gc,phases   ] GC(10) O: Concurrent Mark Free 0.001ms
[2026-04-03T02:00:25.160+0600][13.293s][info][gc,phases   ] GC(10) O: Concurrent Process Non-Strong 7.349ms
[2026-04-03T02:00:25.160+0600][13.293s][info][gc,phases   ] GC(10) O: Concurrent Reset Relocation Set 0.002ms
[2026-04-03T02:00:25.164+0600][13.298s][info][gc,phases   ] GC(10) O: Concurrent Select Relocation Set 4.340ms
[2026-04-03T02:00:25.164+0600][13.298s][info][gc,task     ] GC(10) O: Using 3 Workers for Old Generation
[2026-04-03T02:00:25.182+0600][13.316s][info][gc,task     ] GC(10) O: Using 2 Workers for Old Generation
[2026-04-03T02:00:25.182+0600][13.316s][info][gc,phases   ] GC(10) O: Concurrent Remap Roots 18.167ms
[2026-04-03T02:00:25.183+0600][13.316s][info][gc,phases   ] GC(10) O: Pause Relocate Start 0.023ms
[2026-04-03T02:00:25.185+0600][13.319s][info][gc,phases   ] GC(10) O: Concurrent Relocate 2.675ms
[2026-04-03T02:00:25.185+0600][13.319s][info][gc,alloc    ] GC(10) O:                         Mark Start        Mark End      Relocate Start    Relocate End   
[2026-04-03T02:00:25.185+0600][13.319s][info][gc,alloc    ] GC(10) O: Allocation Stalls:          0                0                0                0         
[2026-04-03T02:00:25.185+0600][13.319s][info][gc,load     ] GC(10) O: Load: 2.24 (19%) / 4.08 (34%) / 5.90 (49%)
[2026-04-03T02:00:25.185+0600][13.319s][info][gc,mmu      ] GC(10) O: MMU: 2ms/95.8%, 5ms/98.3%, 10ms/99.2%, 20ms/99.6%, 50ms/99.7%, 100ms/99.9%
[2026-04-03T02:00:25.185+0600][13.319s][info][gc,marking  ] GC(10) O: Mark: 2 stripe(s), 2 proactive flush(es), 1 terminate flush(es), 0 completion(s), 0 continuation(s) 
[2026-04-03T02:00:25.185+0600][13.319s][info][gc,marking  ] GC(10) O: Mark Stack Usage: 32M
[2026-04-03T02:00:25.185+0600][13.319s][info][gc,nmethod  ] GC(10) O: NMethods: 3358 registered, 246 unregistered
[2026-04-03T02:00:25.185+0600][13.319s][info][gc,metaspace] GC(10) O: Metaspace: 53M used, 54M committed, 1088M reserved
[2026-04-03T02:00:25.185+0600][13.319s][info][gc,ref      ] GC(10) O:                       Encountered   Discovered     Enqueued 
[2026-04-03T02:00:25.185+0600][13.319s][info][gc,ref      ] GC(10) O: Soft References:             4100            0            0 
[2026-04-03T02:00:25.186+0600][13.319s][info][gc,ref      ] GC(10) O: Weak References:             3479         1261            0 
[2026-04-03T02:00:25.186+0600][13.319s][info][gc,ref      ] GC(10) O: Final References:              82            0            0 
[2026-04-03T02:00:25.186+0600][13.319s][info][gc,ref      ] GC(10) O: Phantom References:           584          315            0 
[2026-04-03T02:00:25.186+0600][13.319s][info][gc,reloc    ] GC(10) O:                        Candidates     Selected     In-Place         Size        Empty    Relocated 
[2026-04-03T02:00:25.186+0600][13.319s][info][gc,reloc    ] GC(10) O: Small Pages:                   16            2            0          32M           0M           1M 
[2026-04-03T02:00:25.186+0600][13.319s][info][gc,reloc    ] GC(10) O: Medium Pages:                   1            0            0          32M           0M           0M 
[2026-04-03T02:00:25.186+0600][13.319s][info][gc,reloc    ] GC(10) O: Large Pages:                    0            0            0           0M           0M           0M 
[2026-04-03T02:00:25.186+0600][13.319s][info][gc,reloc    ] GC(10) O: Forwarding Usage: 0M
[2026-04-03T02:00:25.186+0600][13.319s][info][gc,heap     ] GC(10) O: Min Capacity: 8M(1%)
[2026-04-03T02:00:25.186+0600][13.319s][info][gc,heap     ] GC(10) O: Max Capacity: 1500M(100%)
[2026-04-03T02:00:25.186+0600][13.319s][info][gc,heap     ] GC(10) O: Soft Max Capacity: 1500M(100%)
[2026-04-03T02:00:25.186+0600][13.319s][info][gc,heap     ] GC(10) O: Heap Statistics:
[2026-04-03T02:00:25.186+0600][13.319s][info][gc,heap     ] GC(10) O:                Mark Start          Mark End        Relocate Start      Relocate End           High               Low         
[2026-04-03T02:00:25.186+0600][13.319s][info][gc,heap     ] GC(10) O:  Capacity:     1250M (83%)        1250M (83%)        1250M (83%)        1250M (83%)        1250M (83%)        1250M (83%)    
[2026-04-03T02:00:25.186+0600][13.319s][info][gc,heap     ] GC(10) O:      Free:     1358M (91%)        1380M (92%)        1376M (92%)        1376M (92%)        1416M (94%)        1356M (90%)    
[2026-04-03T02:00:25.186+0600][13.319s][info][gc,heap     ] GC(10) O:      Used:      142M (9%)          120M (8%)          124M (8%)          124M (8%)          144M (10%)          84M (6%)     
[2026-04-03T02:00:25.186+0600][13.319s][info][gc,heap     ] GC(10) O: Old Generation Statistics:
[2026-04-03T02:00:25.186+0600][13.319s][info][gc,heap     ] GC(10) O:                Mark Start          Mark End        Relocate Start      Relocate End    
[2026-04-03T02:00:25.186+0600][13.319s][info][gc,heap     ] GC(10) O:      Used:       64M (4%)           64M (4%)           64M (4%)           64M (4%)     
[2026-04-03T02:00:25.186+0600][13.319s][info][gc,heap     ] GC(10) O:      Live:         -                29M (2%)           29M (2%)           29M (2%)     
[2026-04-03T02:00:25.186+0600][13.319s][info][gc,heap     ] GC(10) O:   Garbage:         -                34M (2%)           34M (2%)           29M (2%)     
[2026-04-03T02:00:25.186+0600][13.319s][info][gc,heap     ] GC(10) O: Allocated:         -                 0M (0%)            0M (0%)            4M (0%)     
[2026-04-03T02:00:25.186+0600][13.319s][info][gc,heap     ] GC(10) O: Reclaimed:         -                  -                 0M (0%)            4M (0%)     
[2026-04-03T02:00:25.186+0600][13.319s][info][gc,heap     ] GC(10) O: Compacted:         -                  -                  -                 1M (0%)     
[2026-04-03T02:00:25.186+0600][13.319s][info][gc,phases   ] GC(10) O: Old Generation 84M(6%)->124M(8%) 0.070s
[2026-04-03T02:00:25.186+0600][13.319s][info][gc          ] GC(10) Major Collection (Allocation Rate) 142M(9%)->124M(8%) 0.087s
[2026-04-03T02:00:25.236+0600][13.370s][info][gc          ] GC(11) Major Collection (System.gc())
[2026-04-03T02:00:25.236+0600][13.370s][info][gc,task     ] GC(11) Using 3 Workers for Young Generation
[2026-04-03T02:00:25.236+0600][13.370s][info][gc,task     ] GC(11) Using 3 Workers for Old Generation
[2026-04-03T02:00:25.236+0600][13.370s][info][gc,phases   ] GC(11) Y: Young Generation (Promote All)
[2026-04-03T02:00:25.237+0600][13.370s][info][gc,phases   ] GC(11) Y: Pause Mark Start 0.019ms
[2026-04-03T02:00:25.245+0600][13.378s][info][gc,phases   ] GC(11) Y: Concurrent Mark 7.981ms
[2026-04-03T02:00:25.245+0600][13.378s][info][gc,phases   ] GC(11) Y: Pause Mark End 0.024ms
[2026-04-03T02:00:25.245+0600][13.378s][info][gc,phases   ] GC(11) Y: Concurrent Mark Free 0.001ms
[2026-04-03T02:00:25.245+0600][13.378s][info][gc,phases   ] GC(11) Y: Concurrent Reset Relocation Set 0.004ms
[2026-04-03T02:00:25.246+0600][13.380s][info][gc,reloc    ] GC(11) Y: Using tenuring threshold: 0 (Promote All)
[2026-04-03T02:00:25.247+0600][13.381s][info][gc,phases   ] GC(11) Y: Concurrent Select Relocation Set 2.480ms
[2026-04-03T02:00:25.248+0600][13.381s][info][gc,phases   ] GC(11) Y: Pause Relocate Start 0.015ms
[2026-04-03T02:00:25.250+0600][13.383s][info][gc,phases   ] GC(11) Y: Concurrent Relocate 1.822ms
[2026-04-03T02:00:25.250+0600][13.383s][info][gc,alloc    ] GC(11) Y:                         Mark Start        Mark End      Relocate Start    Relocate End   
[2026-04-03T02:00:25.250+0600][13.383s][info][gc,alloc    ] GC(11) Y: Allocation Stalls:          0                0                0                0         
[2026-04-03T02:00:25.250+0600][13.383s][info][gc,load     ] GC(11) Y: Load: 2.24 (19%) / 4.08 (34%) / 5.90 (49%)
[2026-04-03T02:00:25.250+0600][13.383s][info][gc,mmu      ] GC(11) Y: MMU: 2ms/95.8%, 5ms/98.3%, 10ms/99.2%, 20ms/99.6%, 50ms/99.7%, 100ms/99.9%
[2026-04-03T02:00:25.250+0600][13.383s][info][gc,marking  ] GC(11) Y: Mark: 2 stripe(s), 2 proactive flush(es), 1 terminate flush(es), 0 completion(s), 0 continuation(s) 
[2026-04-03T02:00:25.250+0600][13.383s][info][gc,marking  ] GC(11) Y: Mark Stack Usage: 32M
[2026-04-03T02:00:25.250+0600][13.383s][info][gc,nmethod  ] GC(11) Y: NMethods: 3398 registered, 246 unregistered
[2026-04-03T02:00:25.250+0600][13.383s][info][gc,metaspace] GC(11) Y: Metaspace: 53M used, 54M committed, 1088M reserved
[2026-04-03T02:00:25.250+0600][13.383s][info][gc,reloc    ] GC(11) Y:                        Candidates     Selected     In-Place         Size        Empty    Relocated 
[2026-04-03T02:00:25.250+0600][13.383s][info][gc,reloc    ] GC(11) Y: Small Pages:                   14           13            0          28M           0M           1M 
[2026-04-03T02:00:25.250+0600][13.383s][info][gc,reloc    ] GC(11) Y: Medium Pages:                   1            0            0          32M          32M           0M 
[2026-04-03T02:00:25.250+0600][13.383s][info][gc,reloc    ] GC(11) Y: Large Pages:                    0            0            0           0M           0M           0M 
[2026-04-03T02:00:25.250+0600][13.383s][info][gc,reloc    ] GC(11) Y: Forwarding Usage: 0M
[2026-04-03T02:00:25.250+0600][13.383s][info][gc,reloc    ] GC(11) Y: Age Table:
[2026-04-03T02:00:25.250+0600][13.383s][info][gc,reloc    ] GC(11) Y:                    Live             Garbage             Small              Medium             Large        
[2026-04-03T02:00:25.250+0600][13.383s][info][gc,reloc    ] GC(11) Y: Eden               0M (0%)           41M (3%)           5 / 5              1 / 0              0 / 0        
[2026-04-03T02:00:25.250+0600][13.383s][info][gc,reloc    ] GC(11) Y: Survivor 1         0M (0%)            7M (0%)           4 / 4              0 / 0              0 / 0        
[2026-04-03T02:00:25.250+0600][13.383s][info][gc,reloc    ] GC(11) Y: Survivor 2         0M (0%)            3M (0%)           2 / 2              0 / 0              0 / 0        
[2026-04-03T02:00:25.250+0600][13.383s][info][gc,reloc    ] GC(11) Y: Survivor 3         0M (0%)            5M (0%)           3 / 2              0 / 0              0 / 0        
[2026-04-03T02:00:25.250+0600][13.383s][info][gc,heap     ] GC(11) Y: Min Capacity: 8M(1%)
[2026-04-03T02:00:25.250+0600][13.383s][info][gc,heap     ] GC(11) Y: Max Capacity: 1500M(100%)
[2026-04-03T02:00:25.250+0600][13.383s][info][gc,heap     ] GC(11) Y: Soft Max Capacity: 1500M(100%)
[2026-04-03T02:00:25.250+0600][13.383s][info][gc,heap     ] GC(11) Y: Heap Statistics:
[2026-04-03T02:00:25.250+0600][13.383s][info][gc,heap     ] GC(11) Y:                Mark Start          Mark End        Relocate Start      Relocate End           High               Low         
[2026-04-03T02:00:25.250+0600][13.383s][info][gc,heap     ] GC(11) Y:  Capacity:     1250M (83%)        1250M (83%)        1250M (83%)        1250M (83%)        1250M (83%)        1250M (83%)    
[2026-04-03T02:00:25.250+0600][13.383s][info][gc,heap     ] GC(11) Y:      Free:     1376M (92%)        1376M (92%)        1408M (94%)        1430M (95%)        1430M (95%)        1376M (92%)    
[2026-04-03T02:00:25.250+0600][13.383s][info][gc,heap     ] GC(11) Y:      Used:      124M (8%)          124M (8%)           92M (6%)           70M (5%)          124M (8%)           70M (5%)     
[2026-04-03T02:00:25.250+0600][13.383s][info][gc,heap     ] GC(11) Y: Young Generation Statistics:
[2026-04-03T02:00:25.250+0600][13.383s][info][gc,heap     ] GC(11) Y:                Mark Start          Mark End        Relocate Start      Relocate End    
[2026-04-03T02:00:25.250+0600][13.383s][info][gc,heap     ] GC(11) Y:      Used:       60M (4%)           60M (4%)           28M (2%)            0M (0%)     
[2026-04-03T02:00:25.250+0600][13.383s][info][gc,heap     ] GC(11) Y:      Live:         -                 1M (0%)            1M (0%)            0M (0%)     
[2026-04-03T02:00:25.250+0600][13.383s][info][gc,heap     ] GC(11) Y:   Garbage:         -                58M (4%)           26M (2%)            0M (0%)     
[2026-04-03T02:00:25.250+0600][13.383s][info][gc,heap     ] GC(11) Y: Allocated:         -                 0M (0%)            0M (0%)            0M (0%)     
[2026-04-03T02:00:25.250+0600][13.383s][info][gc,heap     ] GC(11) Y: Reclaimed:         -                  -                32M (2%)           58M (4%)     
[2026-04-03T02:00:25.250+0600][13.383s][info][gc,heap     ] GC(11) Y:  Promoted:         -                  -                 0M (0%)            1M (0%)     
[2026-04-03T02:00:25.250+0600][13.383s][info][gc,heap     ] GC(11) Y: Compacted:         -                  -                  -                 0M (0%)     
[2026-04-03T02:00:25.250+0600][13.383s][info][gc,phases   ] GC(11) Y: Young Generation (Promote All) 124M(8%)->70M(5%) 0.013s
[2026-04-03T02:00:25.250+0600][13.383s][info][gc,phases   ] GC(11) Y: Young Generation (Collect Roots)
[2026-04-03T02:00:25.250+0600][13.383s][info][gc,phases   ] GC(11) Y: Pause Mark Start (Major) 0.017ms
[2026-04-03T02:00:25.256+0600][13.390s][info][gc,phases   ] GC(11) Y: Concurrent Mark 6.023ms
[2026-04-03T02:00:25.256+0600][13.390s][info][gc,phases   ] GC(11) Y: Pause Mark End 0.023ms
[2026-04-03T02:00:25.256+0600][13.390s][info][gc,phases   ] GC(11) Y: Concurrent Mark Free 0.191ms
[2026-04-03T02:00:25.256+0600][13.390s][info][gc,phases   ] GC(11) Y: Concurrent Reset Relocation Set 0.003ms
[2026-04-03T02:00:25.258+0600][13.391s][info][gc,reloc    ] GC(11) Y: Using tenuring threshold: 0 (Computed)
[2026-04-03T02:00:25.258+0600][13.392s][info][gc,phases   ] GC(11) Y: Concurrent Select Relocation Set 1.587ms
[2026-04-03T02:00:25.258+0600][13.392s][info][gc,phases   ] GC(11) Y: Pause Relocate Start 0.014ms
[2026-04-03T02:00:25.259+0600][13.392s][info][gc,phases   ] GC(11) Y: Concurrent Relocate 0.113ms
[2026-04-03T02:00:25.259+0600][13.392s][info][gc,alloc    ] GC(11) Y:                         Mark Start        Mark End      Relocate Start    Relocate End   
[2026-04-03T02:00:25.259+0600][13.392s][info][gc,alloc    ] GC(11) Y: Allocation Stalls:          0                0                0                0         
[2026-04-03T02:00:25.259+0600][13.392s][info][gc,load     ] GC(11) Y: Load: 2.24 (19%) / 4.08 (34%) / 5.90 (49%)
[2026-04-03T02:00:25.259+0600][13.392s][info][gc,mmu      ] GC(11) Y: MMU: 2ms/95.8%, 5ms/98.3%, 10ms/99.2%, 20ms/99.5%, 50ms/99.7%, 100ms/99.9%
[2026-04-03T02:00:25.259+0600][13.392s][info][gc,marking  ] GC(11) Y: Mark: 2 stripe(s), 1 proactive flush(es), 1 terminate flush(es), 0 completion(s), 0 continuation(s) 
[2026-04-03T02:00:25.259+0600][13.392s][info][gc,marking  ] GC(11) Y: Mark Stack Usage: 0M
[2026-04-03T02:00:25.259+0600][13.392s][info][gc,nmethod  ] GC(11) Y: NMethods: 3398 registered, 246 unregistered
[2026-04-03T02:00:25.259+0600][13.392s][info][gc,metaspace] GC(11) Y: Metaspace: 53M used, 54M committed, 1088M reserved
[2026-04-03T02:00:25.259+0600][13.392s][info][gc,heap     ] GC(11) Y: Min Capacity: 8M(1%)
[2026-04-03T02:00:25.259+0600][13.392s][info][gc,heap     ] GC(11) Y: Max Capacity: 1500M(100%)
[2026-04-03T02:00:25.259+0600][13.392s][info][gc,heap     ] GC(11) Y: Soft Max Capacity: 1500M(100%)
[2026-04-03T02:00:25.259+0600][13.392s][info][gc,heap     ] GC(11) Y: Heap Statistics:
[2026-04-03T02:00:25.259+0600][13.392s][info][gc,heap     ] GC(11) Y:                Mark Start          Mark End        Relocate Start      Relocate End           High               Low         
[2026-04-03T02:00:25.259+0600][13.392s][info][gc,heap     ] GC(11) Y:  Capacity:     1250M (83%)        1250M (83%)        1250M (83%)        1250M (83%)        1250M (83%)        1250M (83%)    
[2026-04-03T02:00:25.259+0600][13.392s][info][gc,heap     ] GC(11) Y:      Free:     1430M (95%)        1430M (95%)        1430M (95%)        1430M (95%)        1430M (95%)        1430M (95%)    
[2026-04-03T02:00:25.259+0600][13.392s][info][gc,heap     ] GC(11) Y:      Used:       70M (5%)           70M (5%)           70M (5%)           70M (5%)           70M (5%)           70M (5%)     
[2026-04-03T02:00:25.259+0600][13.392s][info][gc,heap     ] GC(11) Y: Young Generation Statistics:
[2026-04-03T02:00:25.259+0600][13.392s][info][gc,heap     ] GC(11) Y:                Mark Start          Mark End        Relocate Start      Relocate End    
[2026-04-03T02:00:25.259+0600][13.392s][info][gc,heap     ] GC(11) Y:      Used:        0M (0%)            0M (0%)            0M (0%)            0M (0%)     
[2026-04-03T02:00:25.259+0600][13.392s][info][gc,heap     ] GC(11) Y:      Live:         -                 0M (0%)            0M (0%)            0M (0%)     
[2026-04-03T02:00:25.259+0600][13.392s][info][gc,heap     ] GC(11) Y:   Garbage:         -                 0M (0%)            0M (0%)            0M (0%)     
[2026-04-03T02:00:25.259+0600][13.392s][info][gc,heap     ] GC(11) Y: Allocated:         -                 0M (0%)            0M (0%)            0M (0%)     
[2026-04-03T02:00:25.259+0600][13.392s][info][gc,heap     ] GC(11) Y: Reclaimed:         -                  -                 0M (0%)            0M (0%)     
[2026-04-03T02:00:25.259+0600][13.392s][info][gc,heap     ] GC(11) Y:  Promoted:         -                  -                 0M (0%)            0M (0%)     
[2026-04-03T02:00:25.259+0600][13.392s][info][gc,heap     ] GC(11) Y: Compacted:         -                  -                  -                 0M (0%)     
[2026-04-03T02:00:25.259+0600][13.392s][info][gc,phases   ] GC(11) Y: Young Generation (Collect Roots) 70M(5%)->70M(5%) 0.009s
[2026-04-03T02:00:25.259+0600][13.392s][info][gc,phases   ] GC(11) O: Old Generation
[2026-04-03T02:00:25.284+0600][13.418s][info][gc,phases   ] GC(11) O: Concurrent Mark 25.374ms
[2026-04-03T02:00:25.284+0600][13.418s][info][gc,phases   ] GC(11) O: Pause Mark End 0.031ms
[2026-04-03T02:00:25.285+0600][13.418s][info][gc,phases   ] GC(11) O: Concurrent Mark Free 0.002ms
[2026-04-03T02:00:25.290+0600][13.423s][info][gc,phases   ] GC(11) O: Concurrent Process Non-Strong 5.055ms
[2026-04-03T02:00:25.290+0600][13.423s][info][gc,phases   ] GC(11) O: Concurrent Reset Relocation Set 0.002ms
[2026-04-03T02:00:25.292+0600][13.426s][info][gc,phases   ] GC(11) O: Concurrent Select Relocation Set 2.265ms
[2026-04-03T02:00:25.292+0600][13.426s][info][gc,task     ] GC(11) O: Using 3 Workers for Old Generation
[2026-04-03T02:00:25.307+0600][13.440s][info][gc,task     ] GC(11) O: Using 3 Workers for Old Generation
[2026-04-03T02:00:25.307+0600][13.440s][info][gc,phases   ] GC(11) O: Concurrent Remap Roots 14.815ms
[2026-04-03T02:00:25.307+0600][13.441s][info][gc,phases   ] GC(11) O: Pause Relocate Start 0.027ms
[2026-04-03T02:00:25.311+0600][13.445s][info][gc,phases   ] GC(11) O: Concurrent Relocate 3.936ms
[2026-04-03T02:00:25.311+0600][13.445s][info][gc,alloc    ] GC(11) O:                         Mark Start        Mark End      Relocate Start    Relocate End   
[2026-04-03T02:00:25.311+0600][13.445s][info][gc,alloc    ] GC(11) O: Allocation Stalls:          0                0                0                0         
[2026-04-03T02:00:25.311+0600][13.445s][info][gc,load     ] GC(11) O: Load: 2.24 (19%) / 4.08 (34%) / 5.90 (49%)
[2026-04-03T02:00:25.311+0600][13.445s][info][gc,mmu      ] GC(11) O: MMU: 2ms/95.8%, 5ms/98.3%, 10ms/99.2%, 20ms/99.5%, 50ms/99.7%, 100ms/99.8%
[2026-04-03T02:00:25.311+0600][13.445s][info][gc,marking  ] GC(11) O: Mark: 2 stripe(s), 2 proactive flush(es), 1 terminate flush(es), 0 completion(s), 0 continuation(s) 
[2026-04-03T02:00:25.311+0600][13.445s][info][gc,marking  ] GC(11) O: Mark Stack Usage: 32M
[2026-04-03T02:00:25.311+0600][13.445s][info][gc,nmethod  ] GC(11) O: NMethods: 3382 registered, 262 unregistered
[2026-04-03T02:00:25.311+0600][13.445s][info][gc,metaspace] GC(11) O: Metaspace: 53M used, 54M committed, 1088M reserved
[2026-04-03T02:00:25.311+0600][13.445s][info][gc,ref      ] GC(11) O:                       Encountered   Discovered     Enqueued 
[2026-04-03T02:00:25.311+0600][13.445s][info][gc,ref      ] GC(11) O: Soft References:             4140            0            0 
[2026-04-03T02:00:25.311+0600][13.445s][info][gc,ref      ] GC(11) O: Weak References:             3573         2825          239 
[2026-04-03T02:00:25.311+0600][13.445s][info][gc,ref      ] GC(11) O: Final References:              82            0            0 
[2026-04-03T02:00:25.311+0600][13.445s][info][gc,ref      ] GC(11) O: Phantom References:           587          249            0 
[2026-04-03T02:00:25.311+0600][13.445s][info][gc,reloc    ] GC(11) O:                        Candidates     Selected     In-Place         Size        Empty    Relocated 
[2026-04-03T02:00:25.311+0600][13.445s][info][gc,reloc    ] GC(11) O: Small Pages:                   19            5            0          38M           0M           2M 
[2026-04-03T02:00:25.311+0600][13.445s][info][gc,reloc    ] GC(11) O: Medium Pages:                   1            0            0          32M           0M           0M 
[2026-04-03T02:00:25.311+0600][13.445s][info][gc,reloc    ] GC(11) O: Large Pages:                    0            0            0           0M           0M           0M 
[2026-04-03T02:00:25.311+0600][13.445s][info][gc,reloc    ] GC(11) O: Forwarding Usage: 1M
[2026-04-03T02:00:25.311+0600][13.445s][info][gc,heap     ] GC(11) O: Min Capacity: 8M(1%)
[2026-04-03T02:00:25.311+0600][13.445s][info][gc,heap     ] GC(11) O: Max Capacity: 1500M(100%)
[2026-04-03T02:00:25.311+0600][13.445s][info][gc,heap     ] GC(11) O: Soft Max Capacity: 1500M(100%)
[2026-04-03T02:00:25.311+0600][13.445s][info][gc,heap     ] GC(11) O: Heap Statistics:
[2026-04-03T02:00:25.312+0600][13.445s][info][gc,heap     ] GC(11) O:                Mark Start          Mark End        Relocate Start      Relocate End           High               Low         
[2026-04-03T02:00:25.312+0600][13.445s][info][gc,heap     ] GC(11) O:  Capacity:     1250M (83%)        1250M (83%)        1250M (83%)        1250M (83%)        1250M (83%)        1250M (83%)    
[2026-04-03T02:00:25.312+0600][13.445s][info][gc,heap     ] GC(11) O:      Free:     1430M (95%)        1428M (95%)        1428M (95%)        1436M (96%)        1436M (96%)        1422M (95%)    
[2026-04-03T02:00:25.312+0600][13.445s][info][gc,heap     ] GC(11) O:      Used:       70M (5%)           72M (5%)           72M (5%)           64M (4%)           78M (5%)           64M (4%)     
[2026-04-03T02:00:25.312+0600][13.445s][info][gc,heap     ] GC(11) O: Old Generation Statistics:
[2026-04-03T02:00:25.312+0600][13.445s][info][gc,heap     ] GC(11) O:                Mark Start          Mark End        Relocate Start      Relocate End    
[2026-04-03T02:00:25.312+0600][13.445s][info][gc,heap     ] GC(11) O:      Used:       70M (5%)           70M (5%)           70M (5%)           62M (4%)     
[2026-04-03T02:00:25.312+0600][13.445s][info][gc,heap     ] GC(11) O:      Live:         -                30M (2%)           30M (2%)           30M (2%)     
[2026-04-03T02:00:25.312+0600][13.445s][info][gc,heap     ] GC(11) O:   Garbage:         -                39M (3%)           39M (3%)           28M (2%)     
[2026-04-03T02:00:25.312+0600][13.445s][info][gc,heap     ] GC(11) O: Allocated:         -                 0M (0%)            0M (0%)            2M (0%)     
[2026-04-03T02:00:25.312+0600][13.445s][info][gc,heap     ] GC(11) O: Reclaimed:         -                  -                 0M (0%)           10M (1%)     
[2026-04-03T02:00:25.312+0600][13.445s][info][gc,heap     ] GC(11) O: Compacted:         -                  -                  -                 5M (0%)     
[2026-04-03T02:00:25.312+0600][13.445s][info][gc,phases   ] GC(11) O: Old Generation 70M(5%)->64M(4%) 0.052s
[2026-04-03T02:00:25.312+0600][13.445s][info][gc          ] GC(11) Major Collection (System.gc()) 124M(8%)->64M(4%) 0.075s
[2026-04-03T02:00:27.833+0600][15.966s][info][gc          ] GC(12) Minor Collection (Allocation Rate)
[2026-04-03T02:00:27.833+0600][15.967s][info][gc,task     ] GC(12) Using 2 Workers for Young Generation
[2026-04-03T02:00:27.833+0600][15.967s][info][gc,phases   ] GC(12) y: Young Generation
[2026-04-03T02:00:27.833+0600][15.967s][info][gc,phases   ] GC(12) y: Pause Mark Start 0.016ms
[2026-04-03T02:00:27.909+0600][16.043s][info][gc,phases   ] GC(12) y: Concurrent Mark 75.590ms
[2026-04-03T02:00:27.909+0600][16.043s][info][gc,phases   ] GC(12) y: Pause Mark End 0.024ms
[2026-04-03T02:00:27.909+0600][16.043s][info][gc,phases   ] GC(12) y: Concurrent Mark Free 0.001ms
[2026-04-03T02:00:27.909+0600][16.043s][info][gc,phases   ] GC(12) y: Concurrent Reset Relocation Set 0.001ms
[2026-04-03T02:00:27.914+0600][16.047s][info][gc,reloc    ] GC(12) y: Using tenuring threshold: 1 (Computed)
[2026-04-03T02:00:27.927+0600][16.060s][info][gc,phases   ] GC(12) y: Concurrent Select Relocation Set 17.194ms
[2026-04-03T02:00:27.927+0600][16.060s][info][gc,phases   ] GC(12) y: Pause Relocate Start 0.016ms
[2026-04-03T02:00:27.979+0600][16.113s][info][gc,phases   ] GC(12) y: Concurrent Relocate 52.148ms
[2026-04-03T02:00:27.979+0600][16.113s][info][gc,alloc    ] GC(12) y:                         Mark Start        Mark End      Relocate Start    Relocate End   
[2026-04-03T02:00:27.979+0600][16.113s][info][gc,alloc    ] GC(12) y: Allocation Stalls:          0                0                0                0         
[2026-04-03T02:00:27.979+0600][16.113s][info][gc,load     ] GC(12) y: Load: 2.24 (19%) / 4.08 (34%) / 5.90 (49%)
[2026-04-03T02:00:27.979+0600][16.113s][info][gc,mmu      ] GC(12) y: MMU: 2ms/95.8%, 5ms/98.3%, 10ms/99.2%, 20ms/99.5%, 50ms/99.7%, 100ms/99.8%
[2026-04-03T02:00:27.979+0600][16.113s][info][gc,marking  ] GC(12) y: Mark: 2 stripe(s), 10 proactive flush(es), 1 terminate flush(es), 0 completion(s), 0 continuation(s) 
[2026-04-03T02:00:27.979+0600][16.113s][info][gc,marking  ] GC(12) y: Mark Stack Usage: 32M
[2026-04-03T02:00:27.979+0600][16.113s][info][gc,nmethod  ] GC(12) y: NMethods: 4399 registered, 262 unregistered
[2026-04-03T02:00:27.979+0600][16.113s][info][gc,metaspace] GC(12) y: Metaspace: 60M used, 60M committed, 1088M reserved
[2026-04-03T02:00:27.979+0600][16.113s][info][gc,reloc    ] GC(12) y:                        Candidates     Selected     In-Place         Size        Empty    Relocated 
[2026-04-03T02:00:27.979+0600][16.113s][info][gc,reloc    ] GC(12) y: Small Pages:                  310          283            0         620M           0M          42M 
[2026-04-03T02:00:27.979+0600][16.113s][info][gc,reloc    ] GC(12) y: Medium Pages:                   1            0            0          32M          32M           0M 
[2026-04-03T02:00:27.979+0600][16.113s][info][gc,reloc    ] GC(12) y: Large Pages:                    2            0            0          12M           6M           0M 
[2026-04-03T02:00:27.979+0600][16.113s][info][gc,reloc    ] GC(12) y: Forwarding Usage: 32M
[2026-04-03T02:00:27.979+0600][16.113s][info][gc,reloc    ] GC(12) y: Age Table:
[2026-04-03T02:00:27.979+0600][16.113s][info][gc,reloc    ] GC(12) y:                    Live             Garbage             Small              Medium             Large        
[2026-04-03T02:00:27.979+0600][16.113s][info][gc,reloc    ] GC(12) y: Eden              52M (4%)          611M (41%)        310 / 283            1 / 0              2 / 0        
[2026-04-03T02:00:27.979+0600][16.113s][info][gc,heap     ] GC(12) y: Min Capacity: 8M(1%)
[2026-04-03T02:00:27.979+0600][16.113s][info][gc,heap     ] GC(12) y: Max Capacity: 1500M(100%)
[2026-04-03T02:00:27.979+0600][16.113s][info][gc,heap     ] GC(12) y: Soft Max Capacity: 1500M(100%)
[2026-04-03T02:00:27.979+0600][16.113s][info][gc,heap     ] GC(12) y: Heap Statistics:
[2026-04-03T02:00:27.979+0600][16.113s][info][gc,heap     ] GC(12) y:                Mark Start          Mark End        Relocate Start      Relocate End           High               Low         
[2026-04-03T02:00:27.979+0600][16.113s][info][gc,heap     ] GC(12) y:  Capacity:     1250M (83%)        1250M (83%)        1250M (83%)        1250M (83%)        1250M (83%)        1250M (83%)    
[2026-04-03T02:00:27.979+0600][16.113s][info][gc,heap     ] GC(12) y:      Free:      774M (52%)         632M (42%)         642M (43%)        1124M (75%)        1124M (75%)         616M (41%)    
[2026-04-03T02:00:27.979+0600][16.113s][info][gc,heap     ] GC(12) y:      Used:      726M (48%)         868M (58%)         858M (57%)         376M (25%)         884M (59%)         376M (25%)    
[2026-04-03T02:00:27.979+0600][16.113s][info][gc,heap     ] GC(12) y: Young Generation Statistics:
[2026-04-03T02:00:27.979+0600][16.113s][info][gc,heap     ] GC(12) y:                Mark Start          Mark End        Relocate Start      Relocate End    
[2026-04-03T02:00:27.980+0600][16.113s][info][gc,heap     ] GC(12) y:      Used:      664M (44%)         806M (54%)         796M (53%)         314M (21%)    
[2026-04-03T02:00:27.980+0600][16.113s][info][gc,heap     ] GC(12) y:      Live:         -                52M (4%)           52M (4%)           52M (4%)     
[2026-04-03T02:00:27.980+0600][16.113s][info][gc,heap     ] GC(12) y:   Garbage:         -               611M (41%)         573M (38%)           0M (0%)     
[2026-04-03T02:00:27.980+0600][16.113s][info][gc,heap     ] GC(12) y: Allocated:         -               142M (9%)          170M (11%)         261M (17%)    
[2026-04-03T02:00:27.980+0600][16.113s][info][gc,heap     ] GC(12) y: Reclaimed:         -                  -                38M (3%)          611M (41%)    
[2026-04-03T02:00:27.980+0600][16.113s][info][gc,heap     ] GC(12) y:  Promoted:         -                  -                 0M (0%)            0M (0%)     
[2026-04-03T02:00:27.980+0600][16.113s][info][gc,heap     ] GC(12) y: Compacted:         -                  -                  -                46M (3%)     
[2026-04-03T02:00:27.980+0600][16.113s][info][gc,phases   ] GC(12) y: Young Generation 726M(48%)->376M(25%) 0.146s
[2026-04-03T02:00:27.980+0600][16.113s][info][gc          ] GC(12) Minor Collection (Allocation Rate) 726M(48%)->376M(25%) 0.147s
[2026-04-03T02:00:28.612+0600][16.745s][info][gc          ] GC(13) Minor Collection (Allocation Rate)
[2026-04-03T02:00:28.612+0600][16.745s][info][gc,task     ] GC(13) Using 3 Workers for Young Generation
[2026-04-03T02:00:28.612+0600][16.745s][info][gc,phases   ] GC(13) y: Young Generation
[2026-04-03T02:00:28.612+0600][16.746s][info][gc,phases   ] GC(13) y: Pause Mark Start 0.022ms
[2026-04-03T02:00:28.779+0600][16.913s][info][gc,phases   ] GC(13) y: Concurrent Mark 166.892ms
[2026-04-03T02:00:28.779+0600][16.913s][info][gc,phases   ] GC(13) y: Pause Mark End 0.025ms
[2026-04-03T02:00:28.779+0600][16.913s][info][gc,phases   ] GC(13) y: Concurrent Mark Free 0.002ms
[2026-04-03T02:00:28.779+0600][16.913s][info][gc,phases   ] GC(13) y: Concurrent Reset Relocation Set 0.036ms
[2026-04-03T02:00:28.781+0600][16.915s][info][gc,reloc    ] GC(13) y: Using tenuring threshold: 1 (Computed)
[2026-04-03T02:00:28.795+0600][16.928s][info][gc,phases   ] GC(13) y: Concurrent Select Relocation Set 15.393ms
[2026-04-03T02:00:28.795+0600][16.929s][info][gc,phases   ] GC(13) y: Pause Relocate Start 0.015ms
[2026-04-03T02:00:28.857+0600][16.991s][info][gc,phases   ] GC(13) y: Concurrent Relocate 62.006ms
[2026-04-03T02:00:28.857+0600][16.991s][info][gc,alloc    ] GC(13) y:                         Mark Start        Mark End      Relocate Start    Relocate End   
[2026-04-03T02:00:28.857+0600][16.991s][info][gc,alloc    ] GC(13) y: Allocation Stalls:          0                0                0                0         
[2026-04-03T02:00:28.857+0600][16.991s][info][gc,load     ] GC(13) y: Load: 2.24 (19%) / 4.08 (34%) / 5.90 (49%)
[2026-04-03T02:00:28.857+0600][16.991s][info][gc,mmu      ] GC(13) y: MMU: 2ms/95.8%, 5ms/98.3%, 10ms/99.2%, 20ms/99.5%, 50ms/99.7%, 100ms/99.8%
[2026-04-03T02:00:28.857+0600][16.991s][info][gc,marking  ] GC(13) y: Mark: 2 stripe(s), 10 proactive flush(es), 1 terminate flush(es), 0 completion(s), 0 continuation(s) 
[2026-04-03T02:00:28.857+0600][16.991s][info][gc,marking  ] GC(13) y: Mark Stack Usage: 32M
[2026-04-03T02:00:28.858+0600][16.991s][info][gc,nmethod  ] GC(13) y: NMethods: 4937 registered, 262 unregistered
[2026-04-03T02:00:28.858+0600][16.991s][info][gc,metaspace] GC(13) y: Metaspace: 62M used, 63M committed, 1088M reserved
[2026-04-03T02:00:28.858+0600][16.991s][info][gc,reloc    ] GC(13) y:                        Candidates     Selected     In-Place         Size        Empty    Relocated 
[2026-04-03T02:00:28.858+0600][16.991s][info][gc,reloc    ] GC(13) y: Small Pages:                  368          299            0         736M          34M          44M 
[2026-04-03T02:00:28.858+0600][16.991s][info][gc,reloc    ] GC(13) y: Medium Pages:                   1            0            0          32M           0M           0M 
[2026-04-03T02:00:28.858+0600][16.991s][info][gc,reloc    ] GC(13) y: Large Pages:                    4            0            0          28M          22M           0M 
[2026-04-03T02:00:28.858+0600][16.991s][info][gc,reloc    ] GC(13) y: Forwarding Usage: 34M
[2026-04-03T02:00:28.858+0600][16.991s][info][gc,reloc    ] GC(13) y: Age Table:
[2026-04-03T02:00:28.858+0600][16.991s][info][gc,reloc    ] GC(13) y:                    Live             Garbage             Small              Medium             Large        
[2026-04-03T02:00:28.858+0600][16.991s][info][gc,reloc    ] GC(13) y: Eden              55M (4%)          682M (45%)        342 / 297            1 / 0              3 / 0        
[2026-04-03T02:00:28.858+0600][16.991s][info][gc,reloc    ] GC(13) y: Survivor 1        46M (3%)           11M (1%)          26 / 2              0 / 0              1 / 0        
[2026-04-03T02:00:28.858+0600][16.991s][info][gc,heap     ] GC(13) y: Min Capacity: 8M(1%)
[2026-04-03T02:00:28.858+0600][16.991s][info][gc,heap     ] GC(13) y: Max Capacity: 1500M(100%)
[2026-04-03T02:00:28.858+0600][16.991s][info][gc,heap     ] GC(13) y: Soft Max Capacity: 1500M(100%)
[2026-04-03T02:00:28.858+0600][16.991s][info][gc,heap     ] GC(13) y: Heap Statistics:
[2026-04-03T02:00:28.858+0600][16.991s][info][gc,heap     ] GC(13) y:                Mark Start          Mark End        Relocate Start      Relocate End           High               Low         
[2026-04-03T02:00:28.858+0600][16.991s][info][gc,heap     ] GC(13) y:  Capacity:     1250M (83%)        1250M (83%)        1250M (83%)        1250M (83%)        1250M (83%)        1250M (83%)    
[2026-04-03T02:00:28.858+0600][16.991s][info][gc,heap     ] GC(13) y:      Free:      642M (43%)         318M (21%)         340M (23%)         816M (54%)         846M (56%)         314M (21%)    
[2026-04-03T02:00:28.858+0600][16.991s][info][gc,heap     ] GC(13) y:      Used:      858M (57%)        1182M (79%)        1160M (77%)         684M (46%)        1186M (79%)         654M (44%)    
[2026-04-03T02:00:28.858+0600][16.991s][info][gc,heap     ] GC(13) y: Young Generation Statistics:
[2026-04-03T02:00:28.858+0600][16.991s][info][gc,heap     ] GC(13) y:                Mark Start          Mark End        Relocate Start      Relocate End    
[2026-04-03T02:00:28.858+0600][16.991s][info][gc,heap     ] GC(13) y:      Used:      796M (53%)        1120M (75%)        1052M (70%)         566M (38%)    
[2026-04-03T02:00:28.858+0600][16.991s][info][gc,heap     ] GC(13) y:      Live:         -               102M (7%)           56M (4%)           55M (4%)     
[2026-04-03T02:00:28.858+0600][16.991s][info][gc,heap     ] GC(13) y:   Garbage:         -               693M (46%)         637M (42%)          30M (2%)     
[2026-04-03T02:00:28.858+0600][16.991s][info][gc,heap     ] GC(13) y: Allocated:         -               324M (22%)         358M (24%)         479M (32%)    
[2026-04-03T02:00:28.858+0600][16.991s][info][gc,heap     ] GC(13) y: Reclaimed:         -                  -                56M (4%)          662M (44%)    
[2026-04-03T02:00:28.858+0600][16.991s][info][gc,heap     ] GC(13) y:  Promoted:         -                  -                45M (3%)           46M (3%)     
[2026-04-03T02:00:28.858+0600][16.991s][info][gc,heap     ] GC(13) y: Compacted:         -                  -                  -                48M (3%)     
[2026-04-03T02:00:28.858+0600][16.991s][info][gc,phases   ] GC(13) y: Young Generation 858M(57%)->684M(46%) 0.246s
[2026-04-03T02:00:28.858+0600][16.991s][info][gc          ] GC(13) Minor Collection (Allocation Rate) 858M(57%)->686M(46%) 0.246s
[2026-04-03T02:00:28.858+0600][16.991s][info][gc          ] GC(14) Major Collection (Allocation Rate)
[2026-04-03T02:00:28.858+0600][16.992s][info][gc,task     ] GC(14) Using 3 Workers for Young Generation
[2026-04-03T02:00:28.858+0600][16.992s][info][gc,task     ] GC(14) Using 1 Workers for Old Generation
[2026-04-03T02:00:28.858+0600][16.992s][info][gc,phases   ] GC(14) Y: Young Generation
[2026-04-03T02:00:28.858+0600][16.992s][info][gc,phases   ] GC(14) Y: Pause Mark Start (Major) 0.028ms
[2026-04-03T02:00:29.014+0600][17.148s][info][gc,phases   ] GC(14) Y: Concurrent Mark 155.957ms
[2026-04-03T02:00:29.014+0600][17.148s][info][gc,phases   ] GC(14) Y: Pause Mark End 0.028ms
[2026-04-03T02:00:29.015+0600][17.148s][info][gc,phases   ] GC(14) Y: Concurrent Mark Free 0.003ms
[2026-04-03T02:00:29.015+0600][17.148s][info][gc,phases   ] GC(14) Y: Concurrent Reset Relocation Set 0.110ms
[2026-04-03T02:00:29.017+0600][17.150s][info][gc,reloc    ] GC(14) Y: Using tenuring threshold: 1 (Computed)
[2026-04-03T02:00:29.036+0600][17.170s][info][gc,phases   ] GC(14) Y: Concurrent Select Relocation Set 21.733ms
[2026-04-03T02:00:29.037+0600][17.170s][info][gc,phases   ] GC(14) Y: Pause Relocate Start 0.175ms
[2026-04-03T02:00:29.094+0600][17.228s][info][gc,phases   ] GC(14) Y: Concurrent Relocate 57.396ms
[2026-04-03T02:00:29.095+0600][17.228s][info][gc,alloc    ] GC(14) Y:                         Mark Start        Mark End      Relocate Start    Relocate End   
[2026-04-03T02:00:29.095+0600][17.228s][info][gc,alloc    ] GC(14) Y: Allocation Stalls:          0                0                0                0         
[2026-04-03T02:00:29.095+0600][17.228s][info][gc,load     ] GC(14) Y: Load: 2.24 (19%) / 4.08 (34%) / 5.90 (49%)
[2026-04-03T02:00:29.095+0600][17.228s][info][gc,mmu      ] GC(14) Y: MMU: 2ms/91.2%, 5ms/96.5%, 10ms/98.2%, 20ms/99.1%, 50ms/99.6%, 100ms/99.8%
[2026-04-03T02:00:29.095+0600][17.228s][info][gc,marking  ] GC(14) Y: Mark: 2 stripe(s), 10 proactive flush(es), 1 terminate flush(es), 0 completion(s), 0 continuation(s) 
[2026-04-03T02:00:29.095+0600][17.228s][info][gc,marking  ] GC(14) Y: Mark Stack Usage: 32M
[2026-04-03T02:00:29.095+0600][17.228s][info][gc,nmethod  ] GC(14) Y: NMethods: 4962 registered, 262 unregistered
[2026-04-03T02:00:29.095+0600][17.228s][info][gc,metaspace] GC(14) Y: Metaspace: 62M used, 63M committed, 1088M reserved
[2026-04-03T02:00:29.095+0600][17.228s][info][gc,reloc    ] GC(14) Y:                        Candidates     Selected     In-Place         Size        Empty    Relocated 
[2026-04-03T02:00:29.095+0600][17.228s][info][gc,reloc    ] GC(14) Y: Small Pages:                  249          103            0         498M         224M          15M 
[2026-04-03T02:00:29.095+0600][17.228s][info][gc,reloc    ] GC(14) Y: Medium Pages:                   2            0            0          64M          32M           0M 
[2026-04-03T02:00:29.095+0600][17.228s][info][gc,reloc    ] GC(14) Y: Large Pages:                    1            0            0           6M           0M           0M 
[2026-04-03T02:00:29.095+0600][17.228s][info][gc,reloc    ] GC(14) Y: Forwarding Usage: 13M
[2026-04-03T02:00:29.095+0600][17.228s][info][gc,reloc    ] GC(14) Y: Age Table:
[2026-04-03T02:00:29.095+0600][17.228s][info][gc,reloc    ] GC(14) Y:                    Live             Garbage             Small              Medium             Large        
[2026-04-03T02:00:29.095+0600][17.229s][info][gc,reloc    ] GC(14) Y: Eden              17M (1%)          454M (30%)        220 / 99             1 / 0              0 / 0        
[2026-04-03T02:00:29.095+0600][17.229s][info][gc,reloc    ] GC(14) Y: Survivor 1        54M (4%)           41M (3%)          29 / 4              1 / 0              1 / 0        
[2026-04-03T02:00:29.095+0600][17.229s][info][gc,heap     ] GC(14) Y: Min Capacity: 8M(1%)
[2026-04-03T02:00:29.095+0600][17.229s][info][gc,heap     ] GC(14) Y: Max Capacity: 1500M(100%)
[2026-04-03T02:00:29.095+0600][17.229s][info][gc,heap     ] GC(14) Y: Soft Max Capacity: 1500M(100%)
[2026-04-03T02:00:29.095+0600][17.229s][info][gc,heap     ] GC(14) Y: Heap Statistics:
[2026-04-03T02:00:29.095+0600][17.229s][info][gc,heap     ] GC(14) Y:                Mark Start          Mark End        Relocate Start      Relocate End           High               Low         
[2026-04-03T02:00:29.095+0600][17.229s][info][gc,heap     ] GC(14) Y:  Capacity:     1250M (83%)        1250M (83%)        1250M (83%)        1250M (83%)        1250M (83%)        1250M (83%)    
[2026-04-03T02:00:29.095+0600][17.229s][info][gc,heap     ] GC(14) Y:      Free:      814M (54%)         486M (32%)         678M (45%)         756M (50%)         840M (56%)         486M (32%)    
[2026-04-03T02:00:29.095+0600][17.229s][info][gc,heap     ] GC(14) Y:      Used:      686M (46%)        1014M (68%)         822M (55%)         744M (50%)        1014M (68%)         660M (44%)    
[2026-04-03T02:00:29.095+0600][17.229s][info][gc,heap     ] GC(14) Y: Young Generation Statistics:
[2026-04-03T02:00:29.095+0600][17.229s][info][gc,heap     ] GC(14) Y:                Mark Start          Mark End        Relocate Start      Relocate End    
[2026-04-03T02:00:29.095+0600][17.229s][info][gc,heap     ] GC(14) Y:      Used:      568M (38%)         896M (60%)         650M (43%)         562M (37%)    
[2026-04-03T02:00:29.095+0600][17.229s][info][gc,heap     ] GC(14) Y:      Live:         -                72M (5%)           18M (1%)           17M (1%)     
[2026-04-03T02:00:29.095+0600][17.229s][info][gc,heap     ] GC(14) Y:   Garbage:         -               495M (33%)         239M (16%)          29M (2%)     
[2026-04-03T02:00:29.095+0600][17.229s][info][gc,heap     ] GC(14) Y: Allocated:         -               328M (22%)         392M (26%)         514M (34%)    
[2026-04-03T02:00:29.095+0600][17.229s][info][gc,heap     ] GC(14) Y: Reclaimed:         -                  -               256M (17%)         465M (31%)    
[2026-04-03T02:00:29.095+0600][17.229s][info][gc,heap     ] GC(14) Y:  Promoted:         -                  -                53M (4%)           54M (4%)     
[2026-04-03T02:00:29.095+0600][17.229s][info][gc,heap     ] GC(14) Y: Compacted:         -                  -                  -                15M (1%)     
[2026-04-03T02:00:29.095+0600][17.229s][info][gc,phases   ] GC(14) Y: Young Generation 686M(46%)->744M(50%) 0.237s
[2026-04-03T02:00:29.095+0600][17.229s][info][gc,phases   ] GC(14) O: Old Generation
[2026-04-03T02:00:29.097+0600][17.230s][info][gc          ] GC(15) Minor Collection (Allocation Rate)
[2026-04-03T02:00:29.097+0600][17.230s][info][gc,task     ] GC(15) Using 2 Workers for Young Generation
[2026-04-03T02:00:29.097+0600][17.231s][info][gc,phases   ] GC(15) y: Young Generation
[2026-04-03T02:00:29.097+0600][17.231s][info][gc,phases   ] GC(15) y: Pause Mark Start 0.056ms
[2026-04-03T02:00:29.174+0600][17.308s][info][gc,phases   ] GC(15) y: Concurrent Mark 76.962ms
[2026-04-03T02:00:29.175+0600][17.308s][info][gc,phases   ] GC(15) y: Pause Mark End 0.058ms
[2026-04-03T02:00:29.175+0600][17.308s][info][gc,phases   ] GC(15) y: Concurrent Mark Free 0.001ms
[2026-04-03T02:00:29.175+0600][17.308s][info][gc,phases   ] GC(15) y: Concurrent Reset Relocation Set 0.064ms
[2026-04-03T02:00:29.181+0600][17.314s][info][gc,reloc    ] GC(15) y: Using tenuring threshold: 2 (Computed)
[2026-04-03T02:00:29.184+0600][17.318s][info][gc,phases   ] GC(15) y: Concurrent Select Relocation Set 9.402ms
[2026-04-03T02:00:29.185+0600][17.318s][info][gc,phases   ] GC(15) y: Pause Relocate Start 0.040ms
[2026-04-03T02:00:29.218+0600][17.351s][info][gc,phases   ] GC(15) y: Concurrent Relocate 32.651ms
[2026-04-03T02:00:29.218+0600][17.351s][info][gc,alloc    ] GC(15) y:                         Mark Start        Mark End      Relocate Start    Relocate End   
[2026-04-03T02:00:29.218+0600][17.351s][info][gc,alloc    ] GC(15) y: Allocation Stalls:          0                0                0                0         
[2026-04-03T02:00:29.218+0600][17.351s][info][gc,load     ] GC(15) y: Load: 2.24 (19%) / 4.08 (34%) / 5.90 (49%)
[2026-04-03T02:00:29.218+0600][17.351s][info][gc,mmu      ] GC(15) y: MMU: 2ms/91.2%, 5ms/96.5%, 10ms/98.2%, 20ms/99.1%, 50ms/99.6%, 100ms/99.7%
[2026-04-03T02:00:29.218+0600][17.351s][info][gc,marking  ] GC(15) y: Mark: 2 stripe(s), 2 proactive flush(es), 1 terminate flush(es), 0 completion(s), 0 continuation(s) 
[2026-04-03T02:00:29.218+0600][17.351s][info][gc,marking  ] GC(15) y: Mark Stack Usage: 32M
[2026-04-03T02:00:29.218+0600][17.351s][info][gc,nmethod  ] GC(15) y: NMethods: 4962 registered, 262 unregistered
[2026-04-03T02:00:29.218+0600][17.351s][info][gc,metaspace] GC(15) y: Metaspace: 62M used, 63M committed, 1088M reserved
[2026-04-03T02:00:29.218+0600][17.351s][info][gc,reloc    ] GC(15) y:                        Candidates     Selected     In-Place         Size        Empty    Relocated 
[2026-04-03T02:00:29.218+0600][17.351s][info][gc,reloc    ] GC(15) y: Small Pages:                  266          124            0         532M         244M          18M 
[2026-04-03T02:00:29.218+0600][17.351s][info][gc,reloc    ] GC(15) y: Medium Pages:                   1            0            0          32M          32M           0M 
[2026-04-03T02:00:29.218+0600][17.352s][info][gc,reloc    ] GC(15) y: Large Pages:                    1            0            0           6M           0M           0M 
[2026-04-03T02:00:29.218+0600][17.352s][info][gc,reloc    ] GC(15) y: Forwarding Usage: 15M
[2026-04-03T02:00:29.218+0600][17.352s][info][gc,reloc    ] GC(15) y: Age Table:
[2026-04-03T02:00:29.218+0600][17.352s][info][gc,reloc    ] GC(15) y:                    Live             Garbage             Small              Medium             Large        
[2026-04-03T02:00:29.218+0600][17.352s][info][gc,reloc    ] GC(15) y: Eden              25M (2%)          490M (33%)        255 / 122            0 / 0              1 / 0        
[2026-04-03T02:00:29.218+0600][17.352s][info][gc,reloc    ] GC(15) y: Survivor 1        15M (1%)           38M (3%)          11 / 2              1 / 0              0 / 0        
[2026-04-03T02:00:29.218+0600][17.352s][info][gc,heap     ] GC(15) y: Min Capacity: 8M(1%)
[2026-04-03T02:00:29.218+0600][17.352s][info][gc,heap     ] GC(15) y: Max Capacity: 1500M(100%)
[2026-04-03T02:00:29.218+0600][17.352s][info][gc,heap     ] GC(15) y: Soft Max Capacity: 1500M(100%)
[2026-04-03T02:00:29.218+0600][17.352s][info][gc,heap     ] GC(15) y: Heap Statistics:
[2026-04-03T02:00:29.218+0600][17.352s][info][gc,heap     ] GC(15) y:                Mark Start          Mark End        Relocate Start      Relocate End           High               Low         
[2026-04-03T02:00:29.218+0600][17.352s][info][gc,heap     ] GC(15) y:  Capacity:     1250M (83%)        1250M (83%)        1250M (83%)        1250M (83%)        1250M (83%)        1250M (83%)    
[2026-04-03T02:00:29.218+0600][17.352s][info][gc,heap     ] GC(15) y:      Free:      748M (50%)         574M (38%)         824M (55%)         984M (66%)         986M (66%)         574M (38%)    
[2026-04-03T02:00:29.218+0600][17.352s][info][gc,heap     ] GC(15) y:      Used:      752M (50%)         926M (62%)         676M (45%)         516M (34%)         926M (62%)         514M (34%)    
[2026-04-03T02:00:29.218+0600][17.352s][info][gc,heap     ] GC(15) y: Young Generation Statistics:
[2026-04-03T02:00:29.218+0600][17.352s][info][gc,heap     ] GC(15) y:                Mark Start          Mark End        Relocate Start      Relocate End    
[2026-04-03T02:00:29.218+0600][17.352s][info][gc,heap     ] GC(15) y:      Used:      570M (38%)         744M (50%)         494M (33%)         334M (22%)    
[2026-04-03T02:00:29.218+0600][17.352s][info][gc,heap     ] GC(15) y:      Live:         -                41M (3%)           41M (3%)           41M (3%)     
[2026-04-03T02:00:29.218+0600][17.352s][info][gc,heap     ] GC(15) y:   Garbage:         -               528M (35%)         252M (17%)           1M (0%)     
[2026-04-03T02:00:29.218+0600][17.352s][info][gc,heap     ] GC(15) y: Allocated:         -               174M (12%)         200M (13%)         291M (19%)    
[2026-04-03T02:00:29.218+0600][17.352s][info][gc,heap     ] GC(15) y: Reclaimed:         -                  -               276M (18%)         527M (35%)    
[2026-04-03T02:00:29.218+0600][17.352s][info][gc,heap     ] GC(15) y:  Promoted:         -                  -                 0M (0%)            0M (0%)     
[2026-04-03T02:00:29.218+0600][17.352s][info][gc,heap     ] GC(15) y: Compacted:         -                  -                  -                20M (1%)     
[2026-04-03T02:00:29.218+0600][17.352s][info][gc,phases   ] GC(15) y: Young Generation 752M(50%)->516M(34%) 0.121s
[2026-04-03T02:00:29.218+0600][17.352s][info][gc          ] GC(15) Minor Collection (Allocation Rate) 752M(50%)->516M(34%) 0.121s
[2026-04-03T02:00:29.218+0600][17.352s][info][gc          ] GC(16) Minor Collection (Allocation Rate)
[2026-04-03T02:00:29.218+0600][17.352s][info][gc,task     ] GC(16) Using 2 Workers for Young Generation
[2026-04-03T02:00:29.219+0600][17.352s][info][gc,phases   ] GC(16) y: Young Generation
[2026-04-03T02:00:29.234+0600][17.368s][info][gc,phases   ] GC(16) y: Pause Mark Start 0.033ms
[2026-04-03T02:00:29.304+0600][17.438s][info][gc,phases   ] GC(14) O: Concurrent Mark 209.291ms
[2026-04-03T02:00:29.305+0600][17.438s][info][gc,phases   ] GC(14) O: Pause Mark End 0.031ms
[2026-04-03T02:00:29.305+0600][17.438s][info][gc,phases   ] GC(14) O: Concurrent Mark Free 0.001ms
[2026-04-03T02:00:29.324+0600][17.458s][info][gc,phases   ] GC(14) O: Concurrent Process Non-Strong 19.071ms
[2026-04-03T02:00:29.324+0600][17.458s][info][gc,phases   ] GC(14) O: Concurrent Reset Relocation Set 0.015ms
[2026-04-03T02:00:29.332+0600][17.466s][info][gc,phases   ] GC(14) O: Concurrent Select Relocation Set 7.839ms
[2026-04-03T02:00:29.343+0600][17.477s][info][gc,phases   ] GC(16) y: Concurrent Mark 109.223ms
[2026-04-03T02:00:29.344+0600][17.477s][info][gc,phases   ] GC(16) y: Pause Mark End 0.039ms
[2026-04-03T02:00:29.344+0600][17.477s][info][gc,phases   ] GC(16) y: Concurrent Mark Free 0.003ms
[2026-04-03T02:00:29.344+0600][17.478s][info][gc,phases   ] GC(16) y: Concurrent Reset Relocation Set 0.035ms
[2026-04-03T02:00:29.348+0600][17.482s][info][gc,reloc    ] GC(16) y: Using tenuring threshold: 2 (Computed)
[2026-04-03T02:00:29.357+0600][17.491s][info][gc,phases   ] GC(16) y: Concurrent Select Relocation Set 13.199ms
[2026-04-03T02:00:29.358+0600][17.491s][info][gc,phases   ] GC(16) y: Pause Relocate Start 0.127ms
[2026-04-03T02:00:29.390+0600][17.524s][info][gc,phases   ] GC(16) y: Concurrent Relocate 32.037ms
[2026-04-03T02:00:29.390+0600][17.524s][info][gc,alloc    ] GC(16) y:                         Mark Start        Mark End      Relocate Start    Relocate End   
[2026-04-03T02:00:29.390+0600][17.524s][info][gc,alloc    ] GC(16) y: Allocation Stalls:          0                0                0                0         
[2026-04-03T02:00:29.390+0600][17.524s][info][gc,load     ] GC(16) y: Load: 2.24 (19%) / 4.08 (34%) / 5.90 (49%)
[2026-04-03T02:00:29.390+0600][17.524s][info][gc,mmu      ] GC(16) y: MMU: 2ms/91.2%, 5ms/96.5%, 10ms/98.2%, 20ms/99.1%, 50ms/99.6%, 100ms/99.7%
[2026-04-03T02:00:29.390+0600][17.524s][info][gc,marking  ] GC(16) y: Mark: 2 stripe(s), 2 proactive flush(es), 1 terminate flush(es), 0 completion(s), 0 continuation(s) 
[2026-04-03T02:00:29.390+0600][17.524s][info][gc,marking  ] GC(16) y: Mark Stack Usage: 32M
[2026-04-03T02:00:29.390+0600][17.524s][info][gc,nmethod  ] GC(16) y: NMethods: 4528 registered, 713 unregistered
[2026-04-03T02:00:29.390+0600][17.524s][info][gc,metaspace] GC(16) y: Metaspace: 62M used, 63M committed, 1088M reserved
[2026-04-03T02:00:29.390+0600][17.524s][info][gc,reloc    ] GC(16) y:                        Candidates     Selected     In-Place         Size        Empty    Relocated 
[2026-04-03T02:00:29.390+0600][17.524s][info][gc,reloc    ] GC(16) y: Small Pages:                  159           70            0         318M         130M          11M 
[2026-04-03T02:00:29.390+0600][17.524s][info][gc,reloc    ] GC(16) y: Medium Pages:                   0            0            0           0M           0M           0M 
[2026-04-03T02:00:29.390+0600][17.524s][info][gc,reloc    ] GC(16) y: Large Pages:                    2            0            0          16M           0M           0M 
[2026-04-03T02:00:29.390+0600][17.524s][info][gc,reloc    ] GC(16) y: Forwarding Usage: 10M
[2026-04-03T02:00:29.390+0600][17.524s][info][gc,reloc    ] GC(16) y: Age Table:
[2026-04-03T02:00:29.390+0600][17.524s][info][gc,reloc    ] GC(16) y:                    Live             Garbage             Small              Medium             Large        
[2026-04-03T02:00:29.390+0600][17.524s][info][gc,reloc    ] GC(16) y: Eden              20M (1%)          263M (18%)        137 / 65             0 / 0              1 / 0        
[2026-04-03T02:00:29.390+0600][17.524s][info][gc,reloc    ] GC(16) y: Survivor 1        25M (2%)            4M (0%)          12 / 3              0 / 0              1 / 0        
[2026-04-03T02:00:29.390+0600][17.524s][info][gc,reloc    ] GC(16) y: Survivor 2        15M (1%)            4M (0%)          10 / 2              0 / 0              0 / 0        
[2026-04-03T02:00:29.390+0600][17.524s][info][gc,heap     ] GC(16) y: Min Capacity: 8M(1%)
[2026-04-03T02:00:29.391+0600][17.524s][info][gc,heap     ] GC(16) y: Max Capacity: 1500M(100%)
[2026-04-03T02:00:29.391+0600][17.524s][info][gc,heap     ] GC(16) y: Soft Max Capacity: 1500M(100%)
[2026-04-03T02:00:29.391+0600][17.524s][info][gc,heap     ] GC(16) y: Heap Statistics:
[2026-04-03T02:00:29.391+0600][17.524s][info][gc,heap     ] GC(16) y:                Mark Start          Mark End        Relocate Start      Relocate End           High               Low         
[2026-04-03T02:00:29.391+0600][17.524s][info][gc,heap     ] GC(16) y:  Capacity:     1250M (83%)        1250M (83%)        1250M (83%)        1250M (83%)        1250M (83%)        1250M (83%)    
[2026-04-03T02:00:29.391+0600][17.524s][info][gc,heap     ] GC(16) y:      Free:      984M (66%)         716M (48%)         816M (54%)         868M (58%)         984M (66%)         716M (48%)    
[2026-04-03T02:00:29.391+0600][17.524s][info][gc,heap     ] GC(16) y:      Used:      516M (34%)         784M (52%)         684M (46%)         632M (42%)         784M (52%)         516M (34%)    
[2026-04-03T02:00:29.391+0600][17.524s][info][gc,heap     ] GC(16) y: Young Generation Statistics:
[2026-04-03T02:00:29.391+0600][17.524s][info][gc,heap     ] GC(16) y:                Mark Start          Mark End        Relocate Start      Relocate End    
[2026-04-03T02:00:29.391+0600][17.524s][info][gc,heap     ] GC(16) y:      Used:      334M (22%)         602M (40%)         488M (33%)         430M (29%)    
[2026-04-03T02:00:29.391+0600][17.524s][info][gc,heap     ] GC(16) y:      Live:         -                61M (4%)           47M (3%)           45M (3%)     
[2026-04-03T02:00:29.391+0600][17.524s][info][gc,heap     ] GC(16) y:   Garbage:         -               272M (18%)         142M (9%)            0M (0%)     
[2026-04-03T02:00:29.391+0600][17.524s][info][gc,heap     ] GC(16) y: Allocated:         -               268M (18%)         298M (20%)         384M (26%)    
[2026-04-03T02:00:29.391+0600][17.524s][info][gc,heap     ] GC(16) y: Reclaimed:         -                  -               130M (9%)          272M (18%)    
[2026-04-03T02:00:29.391+0600][17.524s][info][gc,heap     ] GC(16) y:  Promoted:         -                  -                13M (1%)           15M (1%)     
[2026-04-03T02:00:29.391+0600][17.524s][info][gc,heap     ] GC(16) y: Compacted:         -                  -                  -                11M (1%)     
[2026-04-03T02:00:29.391+0600][17.524s][info][gc,phases   ] GC(16) y: Young Generation 516M(34%)->632M(42%) 0.172s
[2026-04-03T02:00:29.391+0600][17.524s][info][gc          ] GC(16) Minor Collection (Allocation Rate) 516M(34%)->634M(42%) 0.172s
[2026-04-03T02:00:29.391+0600][17.524s][info][gc,task     ] GC(14) O: Using 3 Workers for Old Generation
[2026-04-03T02:00:29.411+0600][17.544s][info][gc,task     ] GC(14) O: Using 1 Workers for Old Generation
[2026-04-03T02:00:29.411+0600][17.544s][info][gc,phases   ] GC(14) O: Concurrent Remap Roots 19.871ms
[2026-04-03T02:00:29.411+0600][17.544s][info][gc,phases   ] GC(14) O: Pause Relocate Start 0.028ms
[2026-04-03T02:00:29.411+0600][17.545s][info][gc          ] GC(17) Minor Collection (Allocation Rate)
[2026-04-03T02:00:29.411+0600][17.545s][info][gc,task     ] GC(17) Using 2 Workers for Young Generation
[2026-04-03T02:00:29.411+0600][17.545s][info][gc,phases   ] GC(17) y: Young Generation
[2026-04-03T02:00:29.412+0600][17.545s][info][gc,phases   ] GC(17) y: Pause Mark Start 0.025ms
[2026-04-03T02:00:29.425+0600][17.559s][info][gc,phases   ] GC(14) O: Concurrent Relocate 14.260ms
[2026-04-03T02:00:29.457+0600][17.590s][info][gc,task     ] Adjusting Workers for Young Generation: 2 -> 3
[2026-04-03T02:00:29.497+0600][17.631s][info][gc,phases   ] GC(17) y: Concurrent Mark 85.592ms
[2026-04-03T02:00:29.498+0600][17.631s][info][gc,phases   ] GC(17) y: Pause Mark End 0.026ms
[2026-04-03T02:00:29.498+0600][17.631s][info][gc,phases   ] GC(17) y: Concurrent Mark Free 0.002ms
[2026-04-03T02:00:29.498+0600][17.631s][info][gc,phases   ] GC(17) y: Concurrent Reset Relocation Set 0.044ms
[2026-04-03T02:00:29.500+0600][17.633s][info][gc,reloc    ] GC(17) y: Using tenuring threshold: 1 (Computed)
[2026-04-03T02:00:29.523+0600][17.656s][info][gc,phases   ] GC(17) y: Concurrent Select Relocation Set 25.051ms
[2026-04-03T02:00:29.523+0600][17.657s][info][gc,phases   ] GC(17) y: Pause Relocate Start 0.021ms
[2026-04-03T02:00:29.597+0600][17.730s][info][gc,phases   ] GC(17) y: Concurrent Relocate 73.632ms
[2026-04-03T02:00:29.597+0600][17.731s][info][gc,alloc    ] GC(17) y:                         Mark Start        Mark End      Relocate Start    Relocate End   
[2026-04-03T02:00:29.597+0600][17.731s][info][gc,alloc    ] GC(17) y: Allocation Stalls:          0                0                0                0         
[2026-04-03T02:00:29.597+0600][17.731s][info][gc,load     ] GC(17) y: Load: 2.46 (21%) / 4.10 (34%) / 5.90 (49%)
[2026-04-03T02:00:29.597+0600][17.731s][info][gc,mmu      ] GC(17) y: MMU: 2ms/91.2%, 5ms/96.5%, 10ms/98.2%, 20ms/99.1%, 50ms/99.6%, 100ms/99.7%
[2026-04-03T02:00:29.597+0600][17.731s][info][gc,marking  ] GC(17) y: Mark: 2 stripe(s), 10 proactive flush(es), 1 terminate flush(es), 0 completion(s), 0 continuation(s) 
[2026-04-03T02:00:29.597+0600][17.731s][info][gc,marking  ] GC(17) y: Mark Stack Usage: 32M
[2026-04-03T02:00:29.597+0600][17.731s][info][gc,nmethod  ] GC(17) y: NMethods: 4609 registered, 713 unregistered
[2026-04-03T02:00:29.597+0600][17.731s][info][gc,metaspace] GC(17) y: Metaspace: 62M used, 63M committed, 1088M reserved
[2026-04-03T02:00:29.597+0600][17.731s][info][gc,reloc    ] GC(17) y:                        Candidates     Selected     In-Place         Size        Empty    Relocated 
[2026-04-03T02:00:29.597+0600][17.731s][info][gc,reloc    ] GC(17) y: Small Pages:                  233          117            0         466M         182M          16M 
[2026-04-03T02:00:29.597+0600][17.731s][info][gc,reloc    ] GC(17) y: Medium Pages:                   0            0            0           0M           0M           0M 
[2026-04-03T02:00:29.597+0600][17.731s][info][gc,reloc    ] GC(17) y: Large Pages:                    2            0            0          16M           6M           0M 
[2026-04-03T02:00:29.597+0600][17.731s][info][gc,reloc    ] GC(17) y: Forwarding Usage: 14M
[2026-04-03T02:00:29.597+0600][17.731s][info][gc,reloc    ] GC(17) y: Age Table:
[2026-04-03T02:00:29.597+0600][17.731s][info][gc,reloc    ] GC(17) y:                    Live             Garbage             Small              Medium             Large        
[2026-04-03T02:00:29.597+0600][17.731s][info][gc,reloc    ] GC(17) y: Eden              16M (1%)          411M (27%)        214 / 114            0 / 0              0 / 0        
[2026-04-03T02:00:29.597+0600][17.731s][info][gc,reloc    ] GC(17) y: Survivor 1        20M (1%)            3M (0%)           7 / 1              0 / 0              1 / 0        
[2026-04-03T02:00:29.597+0600][17.731s][info][gc,reloc    ] GC(17) y: Survivor 2        19M (1%)           10M (1%)          12 / 2              0 / 0              1 / 0        
[2026-04-03T02:00:29.597+0600][17.731s][info][gc,heap     ] GC(17) y: Min Capacity: 8M(1%)
[2026-04-03T02:00:29.597+0600][17.731s][info][gc,heap     ] GC(17) y: Max Capacity: 1500M(100%)
[2026-04-03T02:00:29.597+0600][17.731s][info][gc,heap     ] GC(17) y: Soft Max Capacity: 1500M(100%)
[2026-04-03T02:00:29.597+0600][17.731s][info][gc,heap     ] GC(17) y: Heap Statistics:
[2026-04-03T02:00:29.597+0600][17.731s][info][gc,heap     ] GC(17) y:                Mark Start          Mark End        Relocate Start      Relocate End           High               Low         
[2026-04-03T02:00:29.597+0600][17.731s][info][gc,heap     ] GC(17) y:  Capacity:     1250M (83%)        1250M (83%)        1250M (83%)        1250M (83%)        1250M (83%)        1250M (83%)    
[2026-04-03T02:00:29.597+0600][17.731s][info][gc,heap     ] GC(17) y:      Free:      816M (54%)         616M (41%)         792M (53%)         954M (64%)        1010M (67%)         616M (41%)    
[2026-04-03T02:00:29.597+0600][17.731s][info][gc,heap     ] GC(17) y:      Used:      684M (46%)         884M (59%)         708M (47%)         546M (36%)         884M (59%)         490M (33%)    
[2026-04-03T02:00:29.597+0600][17.731s][info][gc,heap     ] GC(17) y: Young Generation Statistics:
[2026-04-03T02:00:29.597+0600][17.731s][info][gc,heap     ] GC(17) y:                Mark Start          Mark End        Relocate Start      Relocate End    
[2026-04-03T02:00:29.597+0600][17.731s][info][gc,heap     ] GC(17) y:      Used:      482M (32%)         690M (46%)         476M (32%)         308M (21%)    
[2026-04-03T02:00:29.597+0600][17.731s][info][gc,heap     ] GC(17) y:      Live:         -                56M (4%)           18M (1%)           16M (1%)     
[2026-04-03T02:00:29.597+0600][17.731s][info][gc,heap     ] GC(17) y:   Garbage:         -               425M (28%)         237M (16%)           0M (0%)     
[2026-04-03T02:00:29.597+0600][17.731s][info][gc,heap     ] GC(17) y: Allocated:         -               208M (14%)         220M (15%)         291M (19%)    
[2026-04-03T02:00:29.597+0600][17.731s][info][gc,heap     ] GC(17) y: Reclaimed:         -                  -               188M (13%)         425M (28%)    
[2026-04-03T02:00:29.597+0600][17.731s][info][gc,heap     ] GC(17) y:  Promoted:         -                  -                37M (3%)           39M (3%)     
[2026-04-03T02:00:29.597+0600][17.731s][info][gc,heap     ] GC(17) y: Compacted:         -                  -                  -                16M (1%)     
[2026-04-03T02:00:29.597+0600][17.731s][info][gc,phases   ] GC(17) y: Young Generation 684M(46%)->546M(36%) 0.186s
[2026-04-03T02:00:29.597+0600][17.731s][info][gc          ] GC(17) Minor Collection (Allocation Rate) 682M(45%)->546M(36%) 0.186s
[2026-04-03T02:00:29.598+0600][17.731s][info][gc,alloc    ] GC(14) O:                         Mark Start        Mark End      Relocate Start    Relocate End   
[2026-04-03T02:00:29.598+0600][17.731s][info][gc,alloc    ] GC(14) O: Allocation Stalls:          0                0                0                0         
[2026-04-03T02:00:29.598+0600][17.731s][info][gc,load     ] GC(14) O: Load: 2.46 (21%) / 4.10 (34%) / 5.90 (49%)
[2026-04-03T02:00:29.598+0600][17.731s][info][gc,mmu      ] GC(14) O: MMU: 2ms/91.2%, 5ms/96.5%, 10ms/98.2%, 20ms/99.1%, 50ms/99.6%, 100ms/99.7%
[2026-04-03T02:00:29.598+0600][17.731s][info][gc,marking  ] GC(14) O: Mark: 1 stripe(s), 2 proactive flush(es), 1 terminate flush(es), 0 completion(s), 0 continuation(s) 
[2026-04-03T02:00:29.598+0600][17.731s][info][gc,marking  ] GC(14) O: Mark Stack Usage: 32M
[2026-04-03T02:00:29.598+0600][17.731s][info][gc,nmethod  ] GC(14) O: NMethods: 4609 registered, 713 unregistered
[2026-04-03T02:00:29.598+0600][17.731s][info][gc,metaspace] GC(14) O: Metaspace: 62M used, 63M committed, 1088M reserved
[2026-04-03T02:00:29.598+0600][17.731s][info][gc,ref      ] GC(14) O:                       Encountered   Discovered     Enqueued 
[2026-04-03T02:00:29.598+0600][17.731s][info][gc,ref      ] GC(14) O: Soft References:             4725            0            0 
[2026-04-03T02:00:29.598+0600][17.731s][info][gc,ref      ] GC(14) O: Weak References:             6277         3604          600 
[2026-04-03T02:00:29.598+0600][17.731s][info][gc,ref      ] GC(14) O: Final References:              82            0            0 
[2026-04-03T02:00:29.598+0600][17.731s][info][gc,ref      ] GC(14) O: Phantom References:           595          590            0 
[2026-04-03T02:00:29.598+0600][17.731s][info][gc,reloc    ] GC(14) O:                        Candidates     Selected     In-Place         Size        Empty    Relocated 
[2026-04-03T02:00:29.598+0600][17.731s][info][gc,reloc    ] GC(14) O: Small Pages:                   43            6            0          86M           0M           2M 
[2026-04-03T02:00:29.598+0600][17.731s][info][gc,reloc    ] GC(14) O: Medium Pages:                   1            0            0          32M           0M           0M 
[2026-04-03T02:00:29.598+0600][17.731s][info][gc,reloc    ] GC(14) O: Large Pages:                    0            0            0           0M           0M           0M 
[2026-04-03T02:00:29.598+0600][17.731s][info][gc,reloc    ] GC(14) O: Forwarding Usage: 1M
[2026-04-03T02:00:29.598+0600][17.731s][info][gc,heap     ] GC(14) O: Min Capacity: 8M(1%)
[2026-04-03T02:00:29.598+0600][17.731s][info][gc,heap     ] GC(14) O: Max Capacity: 1500M(100%)
[2026-04-03T02:00:29.598+0600][17.731s][info][gc,heap     ] GC(14) O: Soft Max Capacity: 1500M(100%)
[2026-04-03T02:00:29.598+0600][17.731s][info][gc,heap     ] GC(14) O: Heap Statistics:
[2026-04-03T02:00:29.598+0600][17.731s][info][gc,heap     ] GC(14) O:                Mark Start          Mark End        Relocate Start      Relocate End           High               Low         
[2026-04-03T02:00:29.598+0600][17.731s][info][gc,heap     ] GC(14) O:  Capacity:     1250M (83%)        1250M (83%)        1250M (83%)        1250M (83%)        1250M (83%)        1250M (83%)    
[2026-04-03T02:00:29.598+0600][17.731s][info][gc,heap     ] GC(14) O:      Free:      814M (54%)         814M (54%)         818M (55%)         788M (53%)         986M (66%)         486M (32%)    
[2026-04-03T02:00:29.598+0600][17.731s][info][gc,heap     ] GC(14) O:      Used:      686M (46%)         686M (46%)         682M (45%)         712M (47%)        1014M (68%)         514M (34%)    
[2026-04-03T02:00:29.598+0600][17.731s][info][gc,heap     ] GC(14) O: Old Generation Statistics:
[2026-04-03T02:00:29.598+0600][17.731s][info][gc,heap     ] GC(14) O:                Mark Start          Mark End        Relocate Start      Relocate End    
[2026-04-03T02:00:29.598+0600][17.731s][info][gc,heap     ] GC(14) O:      Used:      118M (8%)          182M (12%)         202M (13%)         194M (13%)    
[2026-04-03T02:00:29.598+0600][17.731s][info][gc,heap     ] GC(14) O:      Live:         -                77M (5%)           77M (5%)           77M (5%)     
[2026-04-03T02:00:29.598+0600][17.731s][info][gc,heap     ] GC(14) O:   Garbage:         -                40M (3%)           40M (3%)           27M (2%)     
[2026-04-03T02:00:29.598+0600][17.732s][info][gc,heap     ] GC(14) O: Allocated:         -                64M (4%)           84M (6%)           89M (6%)     
[2026-04-03T02:00:29.598+0600][17.732s][info][gc,heap     ] GC(14) O: Reclaimed:         -                  -                 0M (0%)           13M (1%)     
[2026-04-03T02:00:29.598+0600][17.732s][info][gc,heap     ] GC(14) O: Compacted:         -                  -                  -                 6M (0%)     
[2026-04-03T02:00:29.598+0600][17.732s][info][gc,phases   ] GC(14) O: Old Generation 746M(50%)->712M(47%) 0.502s
[2026-04-03T02:00:29.598+0600][17.732s][info][gc          ] GC(14) Major Collection (Allocation Rate) 686M(46%)->548M(37%) 0.740s
[2026-04-03T02:00:29.602+0600][17.736s][info][gc          ] GC(18) Major Collection (Allocation Rate)
[2026-04-03T02:00:29.603+0600][17.736s][info][gc,task     ] GC(18) Using 3 Workers for Young Generation
[2026-04-03T02:00:29.603+0600][17.736s][info][gc,task     ] GC(18) Using 1 Workers for Old Generation
[2026-04-03T02:00:29.603+0600][17.736s][info][gc,phases   ] GC(18) Y: Young Generation
[2026-04-03T02:00:29.603+0600][17.736s][info][gc,phases   ] GC(18) Y: Pause Mark Start (Major) 0.020ms
[2026-04-03T02:00:29.666+0600][17.799s][info][gc,phases   ] GC(18) Y: Concurrent Mark 62.544ms
[2026-04-03T02:00:29.666+0600][17.799s][info][gc,phases   ] GC(18) Y: Pause Mark End 0.033ms
[2026-04-03T02:00:29.666+0600][17.799s][info][gc,phases   ] GC(18) Y: Concurrent Mark Free 0.002ms
[2026-04-03T02:00:29.666+0600][17.799s][info][gc,phases   ] GC(18) Y: Concurrent Reset Relocation Set 0.081ms
[2026-04-03T02:00:29.668+0600][17.801s][info][gc,reloc    ] GC(18) Y: Using tenuring threshold: 2 (Computed)
[2026-04-03T02:00:29.669+0600][17.802s][info][gc,phases   ] GC(18) Y: Concurrent Select Relocation Set 2.972ms
[2026-04-03T02:00:29.669+0600][17.803s][info][gc,phases   ] GC(18) Y: Pause Relocate Start 0.017ms
[2026-04-03T02:00:29.680+0600][17.813s][info][gc,phases   ] GC(18) Y: Concurrent Relocate 10.346ms
[2026-04-03T02:00:29.680+0600][17.813s][info][gc,alloc    ] GC(18) Y:                         Mark Start        Mark End      Relocate Start    Relocate End   
[2026-04-03T02:00:29.680+0600][17.813s][info][gc,alloc    ] GC(18) Y: Allocation Stalls:          0                0                0                0         
[2026-04-03T02:00:29.680+0600][17.813s][info][gc,load     ] GC(18) Y: Load: 2.46 (21%) / 4.10 (34%) / 5.90 (49%)
[2026-04-03T02:00:29.680+0600][17.813s][info][gc,mmu      ] GC(18) Y: MMU: 2ms/91.2%, 5ms/96.5%, 10ms/98.2%, 20ms/99.1%, 50ms/99.6%, 100ms/99.7%
[2026-04-03T02:00:29.680+0600][17.813s][info][gc,marking  ] GC(18) Y: Mark: 2 stripe(s), 5 proactive flush(es), 1 terminate flush(es), 0 completion(s), 0 continuation(s) 
[2026-04-03T02:00:29.680+0600][17.813s][info][gc,marking  ] GC(18) Y: Mark Stack Usage: 32M
[2026-04-03T02:00:29.680+0600][17.813s][info][gc,nmethod  ] GC(18) Y: NMethods: 4611 registered, 713 unregistered
[2026-04-03T02:00:29.680+0600][17.813s][info][gc,metaspace] GC(18) Y: Metaspace: 62M used, 63M committed, 1088M reserved
[2026-04-03T02:00:29.680+0600][17.813s][info][gc,reloc    ] GC(18) Y:                        Candidates     Selected     In-Place         Size        Empty    Relocated 
[2026-04-03T02:00:29.680+0600][17.813s][info][gc,reloc    ] GC(18) Y: Small Pages:                  138           58            0         276M         134M           8M 
[2026-04-03T02:00:29.680+0600][17.813s][info][gc,reloc    ] GC(18) Y: Medium Pages:                   1            0            0          32M          32M           0M 
[2026-04-03T02:00:29.680+0600][17.813s][info][gc,reloc    ] GC(18) Y: Large Pages:                    1            0            0           6M           0M           0M 
[2026-04-03T02:00:29.680+0600][17.813s][info][gc,reloc    ] GC(18) Y: Forwarding Usage: 7M
[2026-04-03T02:00:29.680+0600][17.813s][info][gc,reloc    ] GC(18) Y: Age Table:
[2026-04-03T02:00:29.680+0600][17.813s][info][gc,reloc    ] GC(18) Y:                    Live             Garbage             Small              Medium             Large        
[2026-04-03T02:00:29.680+0600][17.813s][info][gc,reloc    ] GC(18) Y: Eden              13M (1%)          280M (19%)        128 / 56             1 / 0              1 / 0        
[2026-04-03T02:00:29.680+0600][17.813s][info][gc,reloc    ] GC(18) Y: Survivor 1        16M (1%)            3M (0%)          10 / 2              0 / 0              0 / 0        
[2026-04-03T02:00:29.680+0600][17.813s][info][gc,heap     ] GC(18) Y: Min Capacity: 8M(1%)
[2026-04-03T02:00:29.680+0600][17.813s][info][gc,heap     ] GC(18) Y: Max Capacity: 1500M(100%)
[2026-04-03T02:00:29.680+0600][17.813s][info][gc,heap     ] GC(18) Y: Soft Max Capacity: 1500M(100%)
[2026-04-03T02:00:29.680+0600][17.813s][info][gc,heap     ] GC(18) Y: Heap Statistics:
[2026-04-03T02:00:29.680+0600][17.813s][info][gc,heap     ] GC(18) Y:                Mark Start          Mark End        Relocate Start      Relocate End           High               Low         
[2026-04-03T02:00:29.680+0600][17.813s][info][gc,heap     ] GC(18) Y:  Capacity:     1250M (83%)        1250M (83%)        1250M (83%)        1250M (83%)        1250M (83%)        1250M (83%)    
[2026-04-03T02:00:29.680+0600][17.813s][info][gc,heap     ] GC(18) Y:      Free:      948M (63%)         884M (59%)        1046M (70%)        1142M (76%)        1142M (76%)         882M (59%)    
[2026-04-03T02:00:29.680+0600][17.813s][info][gc,heap     ] GC(18) Y:      Used:      552M (37%)         616M (41%)         454M (30%)         358M (24%)         618M (41%)         358M (24%)    
[2026-04-03T02:00:29.680+0600][17.813s][info][gc,heap     ] GC(18) Y: Young Generation Statistics:
[2026-04-03T02:00:29.680+0600][17.813s][info][gc,heap     ] GC(18) Y:                Mark Start          Mark End        Relocate Start      Relocate End    
[2026-04-03T02:00:29.680+0600][17.813s][info][gc,heap     ] GC(18) Y:      Used:      314M (21%)         378M (25%)         216M (14%)         120M (8%)     
[2026-04-03T02:00:29.680+0600][17.813s][info][gc,heap     ] GC(18) Y:      Live:         -                30M (2%)           30M (2%)           30M (2%)     
[2026-04-03T02:00:29.680+0600][17.813s][info][gc,heap     ] GC(18) Y:   Garbage:         -               283M (19%)         117M (8%)            0M (0%)     
[2026-04-03T02:00:29.680+0600][17.813s][info][gc,heap     ] GC(18) Y: Allocated:         -                64M (4%)           68M (5%)           89M (6%)     
[2026-04-03T02:00:29.680+0600][17.813s][info][gc,heap     ] GC(18) Y: Reclaimed:         -                  -               166M (11%)         283M (19%)    
[2026-04-03T02:00:29.680+0600][17.813s][info][gc,heap     ] GC(18) Y:  Promoted:         -                  -                 0M (0%)            0M (0%)     
[2026-04-03T02:00:29.680+0600][17.813s][info][gc,heap     ] GC(18) Y: Compacted:         -                  -                  -                10M (1%)     
[2026-04-03T02:00:29.680+0600][17.813s][info][gc,phases   ] GC(18) Y: Young Generation 552M(37%)->358M(24%) 0.077s
[2026-04-03T02:00:29.680+0600][17.813s][info][gc,phases   ] GC(18) O: Old Generation
[2026-04-03T02:00:29.680+0600][17.814s][info][gc          ] GC(19) Minor Collection (Allocation Rate)
[2026-04-03T02:00:29.680+0600][17.814s][info][gc,task     ] GC(19) Using 2 Workers for Young Generation
[2026-04-03T02:00:29.680+0600][17.814s][info][gc,phases   ] GC(19) y: Young Generation
[2026-04-03T02:00:29.682+0600][17.815s][info][gc,phases   ] GC(19) y: Pause Mark Start 0.022ms
[2026-04-03T02:00:29.746+0600][17.879s][info][gc,phases   ] GC(19) y: Concurrent Mark 63.966ms
[2026-04-03T02:00:29.746+0600][17.880s][info][gc,phases   ] GC(19) y: Pause Mark End 0.019ms
[2026-04-03T02:00:29.746+0600][17.880s][info][gc,phases   ] GC(19) y: Concurrent Mark Free 0.003ms
[2026-04-03T02:00:29.746+0600][17.880s][info][gc,phases   ] GC(19) y: Concurrent Reset Relocation Set 0.013ms
[2026-04-03T02:00:29.748+0600][17.881s][info][gc,reloc    ] GC(19) y: Using tenuring threshold: 1 (Computed)
[2026-04-03T02:00:29.760+0600][17.894s][info][gc,phases   ] GC(19) y: Concurrent Select Relocation Set 14.197ms
[2026-04-03T02:00:29.761+0600][17.894s][info][gc,phases   ] GC(19) y: Pause Relocate Start 0.017ms
[2026-04-03T02:00:29.792+0600][17.926s][info][gc,phases   ] GC(19) y: Concurrent Relocate 31.309ms
[2026-04-03T02:00:29.792+0600][17.926s][info][gc,alloc    ] GC(19) y:                         Mark Start        Mark End      Relocate Start    Relocate End   
[2026-04-03T02:00:29.792+0600][17.926s][info][gc,alloc    ] GC(19) y: Allocation Stalls:          0                0                0                0         
[2026-04-03T02:00:29.792+0600][17.926s][info][gc,load     ] GC(19) y: Load: 2.46 (21%) / 4.10 (34%) / 5.90 (49%)
[2026-04-03T02:00:29.792+0600][17.926s][info][gc,mmu      ] GC(19) y: MMU: 2ms/91.2%, 5ms/96.5%, 10ms/98.2%, 20ms/99.1%, 50ms/99.6%, 100ms/99.7%
[2026-04-03T02:00:29.792+0600][17.926s][info][gc,marking  ] GC(19) y: Mark: 2 stripe(s), 10 proactive flush(es), 1 terminate flush(es), 0 completion(s), 0 continuation(s) 
[2026-04-03T02:00:29.792+0600][17.926s][info][gc,marking  ] GC(19) y: Mark Stack Usage: 32M
[2026-04-03T02:00:29.792+0600][17.926s][info][gc,nmethod  ] GC(19) y: NMethods: 4613 registered, 713 unregistered
[2026-04-03T02:00:29.792+0600][17.926s][info][gc,metaspace] GC(19) y: Metaspace: 62M used, 63M committed, 1088M reserved
[2026-04-03T02:00:29.792+0600][17.926s][info][gc,reloc    ] GC(19) y:                        Candidates     Selected     In-Place         Size        Empty    Relocated 
[2026-04-03T02:00:29.792+0600][17.926s][info][gc,reloc    ] GC(19) y: Small Pages:                   59            8            0         118M          76M           2M 
[2026-04-03T02:00:29.792+0600][17.926s][info][gc,reloc    ] GC(19) y: Medium Pages:                   0            0            0           0M           0M           0M 
[2026-04-03T02:00:29.792+0600][17.926s][info][gc,reloc    ] GC(19) y: Large Pages:                    1            0            0           6M           0M           0M 
[2026-04-03T02:00:29.792+0600][17.926s][info][gc,reloc    ] GC(19) y: Forwarding Usage: 1M
[2026-04-03T02:00:29.792+0600][17.926s][info][gc,reloc    ] GC(19) y: Age Table:
[2026-04-03T02:00:29.792+0600][17.926s][info][gc,reloc    ] GC(19) y:                    Live             Garbage             Small              Medium             Large        
[2026-04-03T02:00:29.792+0600][17.926s][info][gc,reloc    ] GC(19) y: Eden               0M (0%)           83M (6%)          42 / 4              0 / 0              0 / 0        
[2026-04-03T02:00:29.792+0600][17.926s][info][gc,reloc    ] GC(19) y: Survivor 1        13M (1%)            6M (0%)           7 / 2              0 / 0              1 / 0        
[2026-04-03T02:00:29.792+0600][17.926s][info][gc,reloc    ] GC(19) y: Survivor 2        16M (1%)            3M (0%)          10 / 2              0 / 0              0 / 0        
[2026-04-03T02:00:29.792+0600][17.926s][info][gc,heap     ] GC(19) y: Min Capacity: 8M(1%)
[2026-04-03T02:00:29.792+0600][17.926s][info][gc,heap     ] GC(19) y: Max Capacity: 1500M(100%)
[2026-04-03T02:00:29.792+0600][17.926s][info][gc,heap     ] GC(19) y: Soft Max Capacity: 1500M(100%)
[2026-04-03T02:00:29.792+0600][17.926s][info][gc,heap     ] GC(19) y: Heap Statistics:
[2026-04-03T02:00:29.792+0600][17.926s][info][gc,heap     ] GC(19) y:                Mark Start          Mark End        Relocate Start      Relocate End           High               Low         
[2026-04-03T02:00:29.792+0600][17.926s][info][gc,heap     ] GC(19) y:  Capacity:     1250M (83%)        1250M (83%)        1250M (83%)        1250M (83%)        1250M (83%)        1250M (83%)    
[2026-04-03T02:00:29.792+0600][17.926s][info][gc,heap     ] GC(19) y:      Free:     1138M (76%)        1056M (70%)        1114M (74%)        1078M (72%)        1138M (76%)        1054M (70%)    
[2026-04-03T02:00:29.792+0600][17.926s][info][gc,heap     ] GC(19) y:      Used:      362M (24%)         444M (30%)         386M (26%)         422M (28%)         446M (30%)         362M (24%)    
[2026-04-03T02:00:29.792+0600][17.926s][info][gc,heap     ] GC(19) y: Young Generation Statistics:
[2026-04-03T02:00:29.792+0600][17.926s][info][gc,heap     ] GC(19) y:                Mark Start          Mark End        Relocate Start      Relocate End    
[2026-04-03T02:00:29.792+0600][17.926s][info][gc,heap     ] GC(19) y:      Used:      124M (8%)          206M (14%)         120M (8%)          150M (10%)    
[2026-04-03T02:00:29.792+0600][17.926s][info][gc,heap     ] GC(19) y:      Live:         -                30M (2%)            3M (0%)            0M (0%)     
[2026-04-03T02:00:29.792+0600][17.926s][info][gc,heap     ] GC(19) y:   Garbage:         -                93M (6%)           16M (1%)            0M (0%)     
[2026-04-03T02:00:29.792+0600][17.926s][info][gc,heap     ] GC(19) y: Allocated:         -                82M (5%)          100M (7%)          149M (10%)    
[2026-04-03T02:00:29.792+0600][17.926s][info][gc,heap     ] GC(19) y: Reclaimed:         -                  -                76M (5%)           93M (6%)     
[2026-04-03T02:00:29.792+0600][17.926s][info][gc,heap     ] GC(19) y:  Promoted:         -                  -                27M (2%)           30M (2%)     
[2026-04-03T02:00:29.792+0600][17.926s][info][gc,heap     ] GC(19) y: Compacted:         -                  -                  -                 0M (0%)     
[2026-04-03T02:00:29.792+0600][17.926s][info][gc,phases   ] GC(19) y: Young Generation 360M(24%)->422M(28%) 0.112s
[2026-04-03T02:00:29.792+0600][17.926s][info][gc          ] GC(19) Minor Collection (Allocation Rate) 360M(24%)->422M(28%) 0.112s
[2026-04-03T02:00:29.860+0600][17.994s][info][gc          ] GC(20) Minor Collection (Allocation Rate)
[2026-04-03T02:00:29.860+0600][17.994s][info][gc,task     ] GC(20) Using 2 Workers for Young Generation
[2026-04-03T02:00:29.860+0600][17.994s][info][gc,phases   ] GC(20) y: Young Generation
[2026-04-03T02:00:29.861+0600][17.994s][info][gc,phases   ] GC(20) y: Pause Mark Start 0.017ms
[2026-04-03T02:00:29.875+0600][18.009s][info][gc,phases   ] GC(20) y: Concurrent Mark 14.300ms
[2026-04-03T02:00:29.875+0600][18.009s][info][gc,phases   ] GC(20) y: Pause Mark End 0.020ms
[2026-04-03T02:00:29.876+0600][18.009s][info][gc,phases   ] GC(20) y: Concurrent Mark Free 0.001ms
[2026-04-03T02:00:29.876+0600][18.009s][info][gc,phases   ] GC(20) y: Concurrent Reset Relocation Set 0.023ms
[2026-04-03T02:00:29.879+0600][18.012s][info][gc,reloc    ] GC(20) y: Using tenuring threshold: 2 (Computed)
[2026-04-03T02:00:29.879+0600][18.013s][info][gc,phases   ] GC(20) y: Concurrent Select Relocation Set 3.549ms
[2026-04-03T02:00:29.879+0600][18.013s][info][gc,phases   ] GC(20) y: Pause Relocate Start 0.012ms
[2026-04-03T02:00:29.879+0600][18.013s][info][gc,phases   ] GC(20) y: Concurrent Relocate 0.096ms
[2026-04-03T02:00:29.879+0600][18.013s][info][gc,alloc    ] GC(20) y:                         Mark Start        Mark End      Relocate Start    Relocate End   
[2026-04-03T02:00:29.879+0600][18.013s][info][gc,alloc    ] GC(20) y: Allocation Stalls:          0                0                0                0         
[2026-04-03T02:00:29.879+0600][18.013s][info][gc,load     ] GC(20) y: Load: 2.46 (21%) / 4.10 (34%) / 5.90 (49%)
[2026-04-03T02:00:29.879+0600][18.013s][info][gc,mmu      ] GC(20) y: MMU: 2ms/91.2%, 5ms/96.5%, 10ms/98.2%, 20ms/99.1%, 50ms/99.6%, 100ms/99.7%
[2026-04-03T02:00:29.879+0600][18.013s][info][gc,marking  ] GC(20) y: Mark: 2 stripe(s), 2 proactive flush(es), 1 terminate flush(es), 0 completion(s), 0 continuation(s) 
[2026-04-03T02:00:29.879+0600][18.013s][info][gc,marking  ] GC(20) y: Mark Stack Usage: 32M
[2026-04-03T02:00:29.880+0600][18.013s][info][gc,nmethod  ] GC(20) y: NMethods: 4613 registered, 713 unregistered
[2026-04-03T02:00:29.880+0600][18.013s][info][gc,metaspace] GC(20) y: Metaspace: 62M used, 63M committed, 1088M reserved
[2026-04-03T02:00:29.880+0600][18.013s][info][gc,reloc    ] GC(20) y:                        Candidates     Selected     In-Place         Size        Empty    Relocated 
[2026-04-03T02:00:29.880+0600][18.013s][info][gc,reloc    ] GC(20) y: Small Pages:                  126            7            0         252M         236M           0M 
[2026-04-03T02:00:29.880+0600][18.013s][info][gc,reloc    ] GC(20) y: Medium Pages:                   0            0            0           0M           0M           0M 
[2026-04-03T02:00:29.880+0600][18.013s][info][gc,reloc    ] GC(20) y: Large Pages:                    0            0            0           0M           0M           0M 
[2026-04-03T02:00:29.880+0600][18.013s][info][gc,reloc    ] GC(20) y: Forwarding Usage: 0M
[2026-04-03T02:00:29.880+0600][18.013s][info][gc,reloc    ] GC(20) y: Age Table:
[2026-04-03T02:00:29.880+0600][18.013s][info][gc,reloc    ] GC(20) y:                    Live             Garbage             Small              Medium             Large        
[2026-04-03T02:00:29.880+0600][18.013s][info][gc,reloc    ] GC(20) y: Eden               0M (0%)          247M (17%)        124 / 6              0 / 0              0 / 0        
[2026-04-03T02:00:29.880+0600][18.013s][info][gc,reloc    ] GC(20) y: Survivor 1         0M (0%)            3M (0%)           2 / 1              0 / 0              0 / 0        
[2026-04-03T02:00:29.880+0600][18.013s][info][gc,heap     ] GC(20) y: Min Capacity: 8M(1%)
[2026-04-03T02:00:29.880+0600][18.013s][info][gc,heap     ] GC(20) y: Max Capacity: 1500M(100%)
[2026-04-03T02:00:29.880+0600][18.013s][info][gc,heap     ] GC(20) y: Soft Max Capacity: 1500M(100%)
[2026-04-03T02:00:29.880+0600][18.013s][info][gc,heap     ] GC(20) y: Heap Statistics:
[2026-04-03T02:00:29.880+0600][18.013s][info][gc,heap     ] GC(20) y:                Mark Start          Mark End        Relocate Start      Relocate End           High               Low         
[2026-04-03T02:00:29.880+0600][18.013s][info][gc,heap     ] GC(20) y:  Capacity:     1250M (83%)        1250M (83%)        1250M (83%)        1250M (83%)        1250M (83%)        1250M (83%)    
[2026-04-03T02:00:29.880+0600][18.013s][info][gc,heap     ] GC(20) y:      Free:      976M (65%)         954M (64%)        1186M (79%)        1196M (80%)        1196M (80%)         954M (64%)    
[2026-04-03T02:00:29.880+0600][18.013s][info][gc,heap     ] GC(20) y:      Used:      524M (35%)         546M (36%)         314M (21%)         304M (20%)         546M (36%)         304M (20%)    
[2026-04-03T02:00:29.880+0600][18.013s][info][gc,heap     ] GC(20) y: Young Generation Statistics:
[2026-04-03T02:00:29.880+0600][18.013s][info][gc,heap     ] GC(20) y:                Mark Start          Mark End        Relocate Start      Relocate End    
[2026-04-03T02:00:29.880+0600][18.013s][info][gc,heap     ] GC(20) y:      Used:      252M (17%)         274M (18%)          42M (3%)           32M (2%)     
[2026-04-03T02:00:29.880+0600][18.013s][info][gc,heap     ] GC(20) y:      Live:         -                 0M (0%)            0M (0%)            0M (0%)     
[2026-04-03T02:00:29.880+0600][18.013s][info][gc,heap     ] GC(20) y:   Garbage:         -               251M (17%)          15M (1%)            0M (0%)     
[2026-04-03T02:00:29.880+0600][18.013s][info][gc,heap     ] GC(20) y: Allocated:         -                22M (1%)           26M (2%)           31M (2%)     
[2026-04-03T02:00:29.880+0600][18.013s][info][gc,heap     ] GC(20) y: Reclaimed:         -                  -               236M (16%)         251M (17%)    
[2026-04-03T02:00:29.880+0600][18.013s][info][gc,heap     ] GC(20) y:  Promoted:         -                  -                 0M (0%)            0M (0%)     
[2026-04-03T02:00:29.880+0600][18.013s][info][gc,heap     ] GC(20) y: Compacted:         -                  -                  -                 0M (0%)     
[2026-04-03T02:00:29.880+0600][18.013s][info][gc,phases   ] GC(20) y: Young Generation 524M(35%)->304M(20%) 0.019s
[2026-04-03T02:00:29.880+0600][18.013s][info][gc          ] GC(20) Minor Collection (Allocation Rate) 524M(35%)->306M(20%) 0.019s
[2026-04-03T02:00:30.001+0600][18.135s][info][gc,phases   ] GC(18) O: Concurrent Mark 321.085ms
[2026-04-03T02:00:30.001+0600][18.135s][info][gc,phases   ] GC(18) O: Pause Mark End 0.022ms
[2026-04-03T02:00:30.001+0600][18.135s][info][gc,phases   ] GC(18) O: Concurrent Mark Free 0.001ms
[2026-04-03T02:00:30.021+0600][18.154s][info][gc,phases   ] GC(18) O: Concurrent Process Non-Strong 19.385ms
[2026-04-03T02:00:30.021+0600][18.154s][info][gc,phases   ] GC(18) O: Concurrent Reset Relocation Set 0.002ms
[2026-04-03T02:00:30.025+0600][18.158s][info][gc,phases   ] GC(18) O: Concurrent Select Relocation Set 3.741ms
[2026-04-03T02:00:30.025+0600][18.158s][info][gc,task     ] GC(18) O: Using 3 Workers for Old Generation
[2026-04-03T02:00:30.042+0600][18.175s][info][gc,task     ] GC(18) O: Using 1 Workers for Old Generation
[2026-04-03T02:00:30.042+0600][18.175s][info][gc,phases   ] GC(18) O: Concurrent Remap Roots 17.058ms
[2026-04-03T02:00:30.042+0600][18.175s][info][gc,phases   ] GC(18) O: Pause Relocate Start 0.019ms
[2026-04-03T02:00:30.053+0600][18.186s][info][gc,phases   ] GC(18) O: Concurrent Relocate 10.903ms
[2026-04-03T02:00:30.053+0600][18.186s][info][gc,alloc    ] GC(18) O:                         Mark Start        Mark End      Relocate Start    Relocate End   
[2026-04-03T02:00:30.053+0600][18.187s][info][gc,alloc    ] GC(18) O: Allocation Stalls:          0                0                0                0         
[2026-04-03T02:00:30.053+0600][18.187s][info][gc,load     ] GC(18) O: Load: 2.46 (21%) / 4.10 (34%) / 5.90 (49%)
[2026-04-03T02:00:30.053+0600][18.187s][info][gc,mmu      ] GC(18) O: MMU: 2ms/91.2%, 5ms/96.5%, 10ms/98.2%, 20ms/99.1%, 50ms/99.6%, 100ms/99.7%
[2026-04-03T02:00:30.053+0600][18.187s][info][gc,marking  ] GC(18) O: Mark: 1 stripe(s), 2 proactive flush(es), 1 terminate flush(es), 0 completion(s), 0 continuation(s) 
[2026-04-03T02:00:30.053+0600][18.187s][info][gc,marking  ] GC(18) O: Mark Stack Usage: 32M
[2026-04-03T02:00:30.053+0600][18.187s][info][gc,nmethod  ] GC(18) O: NMethods: 4555 registered, 773 unregistered
[2026-04-03T02:00:30.053+0600][18.187s][info][gc,metaspace] GC(18) O: Metaspace: 62M used, 63M committed, 1088M reserved
[2026-04-03T02:00:30.053+0600][18.187s][info][gc,ref      ] GC(18) O:                       Encountered   Discovered     Enqueued 
[2026-04-03T02:00:30.053+0600][18.187s][info][gc,ref      ] GC(18) O: Soft References:             4754            0            0 
[2026-04-03T02:00:30.053+0600][18.187s][info][gc,ref      ] GC(18) O: Weak References:             6196         4097          296 
[2026-04-03T02:00:30.053+0600][18.187s][info][gc,ref      ] GC(18) O: Final References:              82            0            0 
[2026-04-03T02:00:30.053+0600][18.187s][info][gc,ref      ] GC(18) O: Phantom References:           594          591            0 
[2026-04-03T02:00:30.053+0600][18.187s][info][gc,reloc    ] GC(18) O:                        Candidates     Selected     In-Place         Size        Empty    Relocated 
[2026-04-03T02:00:30.053+0600][18.187s][info][gc,reloc    ] GC(18) O: Small Pages:                   95            9            0         190M           4M           3M 
[2026-04-03T02:00:30.053+0600][18.187s][info][gc,reloc    ] GC(18) O: Medium Pages:                   1            0            0          32M           0M           0M 
[2026-04-03T02:00:30.053+0600][18.187s][info][gc,reloc    ] GC(18) O: Large Pages:                    2            0            0          16M          10M           0M 
[2026-04-03T02:00:30.053+0600][18.187s][info][gc,reloc    ] GC(18) O: Forwarding Usage: 3M
[2026-04-03T02:00:30.053+0600][18.187s][info][gc,heap     ] GC(18) O: Min Capacity: 8M(1%)
[2026-04-03T02:00:30.053+0600][18.187s][info][gc,heap     ] GC(18) O: Max Capacity: 1500M(100%)
[2026-04-03T02:00:30.053+0600][18.187s][info][gc,heap     ] GC(18) O: Soft Max Capacity: 1500M(100%)
[2026-04-03T02:00:30.053+0600][18.187s][info][gc,heap     ] GC(18) O: Heap Statistics:
[2026-04-03T02:00:30.053+0600][18.187s][info][gc,heap     ] GC(18) O:                Mark Start          Mark End        Relocate Start      Relocate End           High               Low         
[2026-04-03T02:00:30.053+0600][18.187s][info][gc,heap     ] GC(18) O:  Capacity:     1250M (83%)        1250M (83%)        1250M (83%)        1250M (83%)        1250M (83%)        1250M (83%)    
[2026-04-03T02:00:30.053+0600][18.187s][info][gc,heap     ] GC(18) O:      Free:      948M (63%)        1010M (67%)         970M (65%)         974M (65%)        1196M (80%)         882M (59%)    
[2026-04-03T02:00:30.053+0600][18.187s][info][gc,heap     ] GC(18) O:      Used:      552M (37%)         490M (33%)         530M (35%)         526M (35%)         618M (41%)         304M (20%)    
[2026-04-03T02:00:30.053+0600][18.187s][info][gc,heap     ] GC(18) O: Old Generation Statistics:
[2026-04-03T02:00:30.053+0600][18.187s][info][gc,heap     ] GC(18) O:                Mark Start          Mark End        Relocate Start      Relocate End    
[2026-04-03T02:00:30.053+0600][18.187s][info][gc,heap     ] GC(18) O:      Used:      238M (16%)         272M (18%)         258M (17%)         240M (16%)    
[2026-04-03T02:00:30.053+0600][18.187s][info][gc,heap     ] GC(18) O:      Live:         -               177M (12%)         177M (12%)         177M (12%)    
[2026-04-03T02:00:30.053+0600][18.187s][info][gc,heap     ] GC(18) O:   Garbage:         -                60M (4%)           46M (3%)           27M (2%)     
[2026-04-03T02:00:30.053+0600][18.187s][info][gc,heap     ] GC(18) O: Allocated:         -                34M (2%)           34M (2%)           34M (2%)     
[2026-04-03T02:00:30.053+0600][18.187s][info][gc,heap     ] GC(18) O: Reclaimed:         -                  -                14M (1%)           32M (2%)     
[2026-04-03T02:00:30.053+0600][18.187s][info][gc,heap     ] GC(18) O: Compacted:         -                  -                  -                 5M (0%)     
[2026-04-03T02:00:30.053+0600][18.187s][info][gc,phases   ] GC(18) O: Old Generation 360M(24%)->526M(35%) 0.373s
[2026-04-03T02:00:30.053+0600][18.187s][info][gc          ] GC(18) Major Collection (Allocation Rate) 552M(37%)->526M(35%) 0.451s
[2026-04-03T02:00:30.090+0600][18.224s][info][gc          ] GC(21) Minor Collection (Allocation Rate)
[2026-04-03T02:00:30.090+0600][18.224s][info][gc,task     ] GC(21) Using 3 Workers for Young Generation
[2026-04-03T02:00:30.090+0600][18.224s][info][gc,phases   ] GC(21) y: Young Generation
[2026-04-03T02:00:30.091+0600][18.224s][info][gc,phases   ] GC(21) y: Pause Mark Start 0.012ms
[2026-04-03T02:00:30.098+0600][18.231s][info][gc,phases   ] GC(21) y: Concurrent Mark 6.956ms
[2026-04-03T02:00:30.098+0600][18.231s][info][gc,phases   ] GC(21) y: Pause Mark End 0.016ms
[2026-04-03T02:00:30.098+0600][18.231s][info][gc,phases   ] GC(21) y: Concurrent Mark Free 0.001ms
[2026-04-03T02:00:30.098+0600][18.231s][info][gc,phases   ] GC(21) y: Concurrent Reset Relocation Set 0.002ms
[2026-04-03T02:00:30.099+0600][18.233s][info][gc,reloc    ] GC(21) y: Using tenuring threshold: 1 (Computed)
[2026-04-03T02:00:30.099+0600][18.233s][info][gc,phases   ] GC(21) y: Concurrent Select Relocation Set 1.572ms
[2026-04-03T02:00:30.099+0600][18.233s][info][gc,phases   ] GC(21) y: Pause Relocate Start 0.008ms
[2026-04-03T02:00:30.100+0600][18.233s][info][gc,phases   ] GC(21) y: Concurrent Relocate 0.085ms
[2026-04-03T02:00:30.100+0600][18.233s][info][gc,alloc    ] GC(21) y:                         Mark Start        Mark End      Relocate Start    Relocate End   
[2026-04-03T02:00:30.100+0600][18.233s][info][gc,alloc    ] GC(21) y: Allocation Stalls:          0                0                0                0         
[2026-04-03T02:00:30.100+0600][18.233s][info][gc,load     ] GC(21) y: Load: 2.46 (21%) / 4.10 (34%) / 5.90 (49%)
[2026-04-03T02:00:30.100+0600][18.233s][info][gc,mmu      ] GC(21) y: MMU: 2ms/91.2%, 5ms/96.5%, 10ms/98.2%, 20ms/99.1%, 50ms/99.6%, 100ms/99.7%
[2026-04-03T02:00:30.100+0600][18.233s][info][gc,marking  ] GC(21) y: Mark: 2 stripe(s), 2 proactive flush(es), 1 terminate flush(es), 0 completion(s), 0 continuation(s) 
[2026-04-03T02:00:30.100+0600][18.233s][info][gc,marking  ] GC(21) y: Mark Stack Usage: 32M
[2026-04-03T02:00:30.100+0600][18.233s][info][gc,nmethod  ] GC(21) y: NMethods: 4556 registered, 773 unregistered
[2026-04-03T02:00:30.100+0600][18.233s][info][gc,metaspace] GC(21) y: Metaspace: 62M used, 63M committed, 1088M reserved
[2026-04-03T02:00:30.100+0600][18.233s][info][gc,reloc    ] GC(21) y:                        Candidates     Selected     In-Place         Size        Empty    Relocated 
[2026-04-03T02:00:30.100+0600][18.233s][info][gc,reloc    ] GC(21) y: Small Pages:                  171            3            0         342M         334M           0M 
[2026-04-03T02:00:30.100+0600][18.233s][info][gc,reloc    ] GC(21) y: Medium Pages:                   0            0            0           0M           0M           0M 
[2026-04-03T02:00:30.100+0600][18.233s][info][gc,reloc    ] GC(21) y: Large Pages:                    0            0            0           0M           0M           0M 
[2026-04-03T02:00:30.100+0600][18.233s][info][gc,reloc    ] GC(21) y: Forwarding Usage: 0M
[2026-04-03T02:00:30.100+0600][18.233s][info][gc,reloc    ] GC(21) y: Age Table:
[2026-04-03T02:00:30.100+0600][18.233s][info][gc,reloc    ] GC(21) y:                    Live             Garbage             Small              Medium             Large        
[2026-04-03T02:00:30.100+0600][18.233s][info][gc,reloc    ] GC(21) y: Eden               0M (0%)          335M (22%)        168 / 3              0 / 0              0 / 0        
[2026-04-03T02:00:30.100+0600][18.233s][info][gc,reloc    ] GC(21) y: Survivor 1          -                 4M (0%)           2 / 0              0 / 0              0 / 0        
[2026-04-03T02:00:30.100+0600][18.233s][info][gc,reloc    ] GC(21) y: Survivor 2          -                 2M (0%)           1 / 0              0 / 0              0 / 0        
[2026-04-03T02:00:30.100+0600][18.233s][info][gc,heap     ] GC(21) y: Min Capacity: 8M(1%)
[2026-04-03T02:00:30.100+0600][18.233s][info][gc,heap     ] GC(21) y: Max Capacity: 1500M(100%)
[2026-04-03T02:00:30.100+0600][18.233s][info][gc,heap     ] GC(21) y: Soft Max Capacity: 1500M(100%)
[2026-04-03T02:00:30.100+0600][18.233s][info][gc,heap     ] GC(21) y: Heap Statistics:
[2026-04-03T02:00:30.100+0600][18.233s][info][gc,heap     ] GC(21) y:                Mark Start          Mark End        Relocate Start      Relocate End           High               Low         
[2026-04-03T02:00:30.100+0600][18.233s][info][gc,heap     ] GC(21) y:  Capacity:     1250M (83%)        1250M (83%)        1250M (83%)        1250M (83%)        1250M (83%)        1250M (83%)    
[2026-04-03T02:00:30.100+0600][18.233s][info][gc,heap     ] GC(21) y:      Free:      918M (61%)         910M (61%)        1242M (83%)        1244M (83%)        1244M (83%)         910M (61%)    
[2026-04-03T02:00:30.100+0600][18.233s][info][gc,heap     ] GC(21) y:      Used:      582M (39%)         590M (39%)         258M (17%)         256M (17%)         590M (39%)         256M (17%)    
[2026-04-03T02:00:30.100+0600][18.233s][info][gc,heap     ] GC(21) y: Young Generation Statistics:
[2026-04-03T02:00:30.100+0600][18.233s][info][gc,heap     ] GC(21) y:                Mark Start          Mark End        Relocate Start      Relocate End    
[2026-04-03T02:00:30.100+0600][18.233s][info][gc,heap     ] GC(21) y:      Used:      342M (23%)         350M (23%)          18M (1%)           16M (1%)     
[2026-04-03T02:00:30.100+0600][18.233s][info][gc,heap     ] GC(21) y:      Live:         -                 0M (0%)            0M (0%)            0M (0%)     
[2026-04-03T02:00:30.100+0600][18.233s][info][gc,heap     ] GC(21) y:   Garbage:         -               341M (23%)           7M (1%)            0M (0%)     
[2026-04-03T02:00:30.100+0600][18.233s][info][gc,heap     ] GC(21) y: Allocated:         -                 8M (1%)           10M (1%)           15M (1%)     
[2026-04-03T02:00:30.100+0600][18.233s][info][gc,heap     ] GC(21) y: Reclaimed:         -                  -               334M (22%)         341M (23%)    
[2026-04-03T02:00:30.100+0600][18.233s][info][gc,heap     ] GC(21) y:  Promoted:         -                  -                 0M (0%)            0M (0%)     
[2026-04-03T02:00:30.100+0600][18.233s][info][gc,heap     ] GC(21) y: Compacted:         -                  -                  -                 0M (0%)     
[2026-04-03T02:00:30.100+0600][18.233s][info][gc,phases   ] GC(21) y: Young Generation 582M(39%)->256M(17%) 0.009s
[2026-04-03T02:00:30.100+0600][18.233s][info][gc          ] GC(21) Minor Collection (Allocation Rate) 582M(39%)->256M(17%) 0.009s
[2026-04-03T02:00:30.403+0600][18.537s][info][gc          ] GC(22) Major Collection (System.gc())
[2026-04-03T02:00:30.403+0600][18.537s][info][gc,task     ] GC(22) Using 3 Workers for Young Generation
[2026-04-03T02:00:30.403+0600][18.537s][info][gc,task     ] GC(22) Using 3 Workers for Old Generation
[2026-04-03T02:00:30.403+0600][18.537s][info][gc,phases   ] GC(22) Y: Young Generation (Promote All)
[2026-04-03T02:00:30.404+0600][18.537s][info][gc,phases   ] GC(22) Y: Pause Mark Start 0.015ms
[2026-04-03T02:00:30.410+0600][18.544s][info][gc,phases   ] GC(22) Y: Concurrent Mark 6.827ms
[2026-04-03T02:00:30.411+0600][18.544s][info][gc,phases   ] GC(22) Y: Pause Mark End 0.024ms
[2026-04-03T02:00:30.411+0600][18.544s][info][gc,phases   ] GC(22) Y: Concurrent Mark Free 0.001ms
[2026-04-03T02:00:30.411+0600][18.544s][info][gc,phases   ] GC(22) Y: Concurrent Reset Relocation Set 0.002ms
[2026-04-03T02:00:30.413+0600][18.546s][info][gc,reloc    ] GC(22) Y: Using tenuring threshold: 0 (Promote All)
[2026-04-03T02:00:30.413+0600][18.547s][info][gc,phases   ] GC(22) Y: Concurrent Select Relocation Set 2.464ms
[2026-04-03T02:00:30.413+0600][18.547s][info][gc,phases   ] GC(22) Y: Pause Relocate Start 0.016ms
[2026-04-03T02:00:30.414+0600][18.548s][info][gc,phases   ] GC(22) Y: Concurrent Relocate 0.873ms
[2026-04-03T02:00:30.414+0600][18.548s][info][gc,alloc    ] GC(22) Y:                         Mark Start        Mark End      Relocate Start    Relocate End   
[2026-04-03T02:00:30.414+0600][18.548s][info][gc,alloc    ] GC(22) Y: Allocation Stalls:          0                0                0                0         
[2026-04-03T02:00:30.414+0600][18.548s][info][gc,load     ] GC(22) Y: Load: 2.46 (21%) / 4.10 (34%) / 5.90 (49%)
[2026-04-03T02:00:30.414+0600][18.548s][info][gc,mmu      ] GC(22) Y: MMU: 2ms/91.2%, 5ms/96.5%, 10ms/98.2%, 20ms/99.1%, 50ms/99.6%, 100ms/99.7%
[2026-04-03T02:00:30.414+0600][18.548s][info][gc,marking  ] GC(22) Y: Mark: 2 stripe(s), 2 proactive flush(es), 1 terminate flush(es), 0 completion(s), 0 continuation(s) 
[2026-04-03T02:00:30.414+0600][18.548s][info][gc,marking  ] GC(22) Y: Mark Stack Usage: 32M
[2026-04-03T02:00:30.414+0600][18.548s][info][gc,nmethod  ] GC(22) Y: NMethods: 4755 registered, 773 unregistered
[2026-04-03T02:00:30.414+0600][18.548s][info][gc,metaspace] GC(22) Y: Metaspace: 64M used, 65M committed, 1088M reserved
[2026-04-03T02:00:30.415+0600][18.548s][info][gc,reloc    ] GC(22) Y:                        Candidates     Selected     In-Place         Size        Empty    Relocated 
[2026-04-03T02:00:30.415+0600][18.548s][info][gc,reloc    ] GC(22) Y: Small Pages:                  139           19            0         278M         238M           0M 
[2026-04-03T02:00:30.415+0600][18.548s][info][gc,reloc    ] GC(22) Y: Medium Pages:                   1            0            0          32M          32M           0M 
[2026-04-03T02:00:30.415+0600][18.548s][info][gc,reloc    ] GC(22) Y: Large Pages:                    1            0            0           6M           6M           0M 
[2026-04-03T02:00:30.415+0600][18.548s][info][gc,reloc    ] GC(22) Y: Forwarding Usage: 0M
[2026-04-03T02:00:30.415+0600][18.548s][info][gc,reloc    ] GC(22) Y: Age Table:
[2026-04-03T02:00:30.415+0600][18.548s][info][gc,reloc    ] GC(22) Y:                    Live             Garbage             Small              Medium             Large        
[2026-04-03T02:00:30.415+0600][18.548s][info][gc,reloc    ] GC(22) Y: Eden               0M (0%)          309M (21%)        136 / 19             1 / 0              1 / 0        
[2026-04-03T02:00:30.415+0600][18.548s][info][gc,reloc    ] GC(22) Y: Survivor 1          -                 6M (0%)           3 / 0              0 / 0              0 / 0        
[2026-04-03T02:00:30.415+0600][18.548s][info][gc,heap     ] GC(22) Y: Min Capacity: 8M(1%)
[2026-04-03T02:00:30.415+0600][18.548s][info][gc,heap     ] GC(22) Y: Max Capacity: 1500M(100%)
[2026-04-03T02:00:30.415+0600][18.548s][info][gc,heap     ] GC(22) Y: Soft Max Capacity: 1500M(100%)
[2026-04-03T02:00:30.415+0600][18.548s][info][gc,heap     ] GC(22) Y: Heap Statistics:
[2026-04-03T02:00:30.415+0600][18.548s][info][gc,heap     ] GC(22) Y:                Mark Start          Mark End        Relocate Start      Relocate End           High               Low         
[2026-04-03T02:00:30.415+0600][18.548s][info][gc,heap     ] GC(22) Y:  Capacity:     1250M (83%)        1250M (83%)        1250M (83%)        1250M (83%)        1250M (83%)        1250M (83%)    
[2026-04-03T02:00:30.415+0600][18.548s][info][gc,heap     ] GC(22) Y:      Free:      944M (63%)         944M (63%)        1220M (81%)        1254M (84%)        1254M (84%)         944M (63%)    
[2026-04-03T02:00:30.415+0600][18.548s][info][gc,heap     ] GC(22) Y:      Used:      556M (37%)         556M (37%)         280M (19%)         246M (16%)         556M (37%)         246M (16%)    
[2026-04-03T02:00:30.415+0600][18.548s][info][gc,heap     ] GC(22) Y: Young Generation Statistics:
[2026-04-03T02:00:30.415+0600][18.548s][info][gc,heap     ] GC(22) Y:                Mark Start          Mark End        Relocate Start      Relocate End    
[2026-04-03T02:00:30.415+0600][18.548s][info][gc,heap     ] GC(22) Y:      Used:      316M (21%)         316M (21%)          40M (3%)            0M (0%)     
[2026-04-03T02:00:30.415+0600][18.548s][info][gc,heap     ] GC(22) Y:      Live:         -                 0M (0%)            0M (0%)            0M (0%)     
[2026-04-03T02:00:30.415+0600][18.548s][info][gc,heap     ] GC(22) Y:   Garbage:         -               315M (21%)          39M (3%)            0M (0%)     
[2026-04-03T02:00:30.415+0600][18.548s][info][gc,heap     ] GC(22) Y: Allocated:         -                 0M (0%)            0M (0%)            0M (0%)     
[2026-04-03T02:00:30.415+0600][18.548s][info][gc,heap     ] GC(22) Y: Reclaimed:         -                  -               276M (18%)         315M (21%)    
[2026-04-03T02:00:30.415+0600][18.548s][info][gc,heap     ] GC(22) Y:  Promoted:         -                  -                 0M (0%)            0M (0%)     
[2026-04-03T02:00:30.415+0600][18.548s][info][gc,heap     ] GC(22) Y: Compacted:         -                  -                  -                 0M (0%)     
[2026-04-03T02:00:30.415+0600][18.548s][info][gc,phases   ] GC(22) Y: Young Generation (Promote All) 556M(37%)->246M(16%) 0.011s
[2026-04-03T02:00:30.415+0600][18.548s][info][gc,phases   ] GC(22) Y: Young Generation (Collect Roots)
[2026-04-03T02:00:30.415+0600][18.548s][info][gc,phases   ] GC(22) Y: Pause Mark Start (Major) 0.013ms
[2026-04-03T02:00:30.421+0600][18.555s][info][gc,phases   ] GC(22) Y: Concurrent Mark 6.551ms
[2026-04-03T02:00:30.422+0600][18.555s][info][gc,phases   ] GC(22) Y: Pause Mark End 0.021ms
[2026-04-03T02:00:30.422+0600][18.555s][info][gc,phases   ] GC(22) Y: Concurrent Mark Free 0.248ms
[2026-04-03T02:00:30.422+0600][18.555s][info][gc,phases   ] GC(22) Y: Concurrent Reset Relocation Set 0.003ms
[2026-04-03T02:00:30.423+0600][18.557s][info][gc,reloc    ] GC(22) Y: Using tenuring threshold: 0 (Computed)
[2026-04-03T02:00:30.423+0600][18.557s][info][gc,phases   ] GC(22) Y: Concurrent Select Relocation Set 1.648ms
[2026-04-03T02:00:30.424+0600][18.557s][info][gc,phases   ] GC(22) Y: Pause Relocate Start 0.016ms
[2026-04-03T02:00:30.424+0600][18.557s][info][gc,phases   ] GC(22) Y: Concurrent Relocate 0.104ms
[2026-04-03T02:00:30.424+0600][18.557s][info][gc,alloc    ] GC(22) Y:                         Mark Start        Mark End      Relocate Start    Relocate End   
[2026-04-03T02:00:30.424+0600][18.557s][info][gc,alloc    ] GC(22) Y: Allocation Stalls:          0                0                0                0         
[2026-04-03T02:00:30.424+0600][18.557s][info][gc,load     ] GC(22) Y: Load: 2.46 (21%) / 4.10 (34%) / 5.90 (49%)
[2026-04-03T02:00:30.424+0600][18.557s][info][gc,mmu      ] GC(22) Y: MMU: 2ms/91.2%, 5ms/96.5%, 10ms/98.2%, 20ms/99.1%, 50ms/99.6%, 100ms/99.7%
[2026-04-03T02:00:30.424+0600][18.557s][info][gc,marking  ] GC(22) Y: Mark: 2 stripe(s), 1 proactive flush(es), 1 terminate flush(es), 0 completion(s), 0 continuation(s) 
[2026-04-03T02:00:30.424+0600][18.557s][info][gc,marking  ] GC(22) Y: Mark Stack Usage: 0M
[2026-04-03T02:00:30.424+0600][18.557s][info][gc,nmethod  ] GC(22) Y: NMethods: 4755 registered, 773 unregistered
[2026-04-03T02:00:30.424+0600][18.557s][info][gc,metaspace] GC(22) Y: Metaspace: 64M used, 65M committed, 1088M reserved
[2026-04-03T02:00:30.424+0600][18.557s][info][gc,heap     ] GC(22) Y: Min Capacity: 8M(1%)
[2026-04-03T02:00:30.424+0600][18.557s][info][gc,heap     ] GC(22) Y: Max Capacity: 1500M(100%)
[2026-04-03T02:00:30.424+0600][18.557s][info][gc,heap     ] GC(22) Y: Soft Max Capacity: 1500M(100%)
[2026-04-03T02:00:30.424+0600][18.557s][info][gc,heap     ] GC(22) Y: Heap Statistics:
[2026-04-03T02:00:30.424+0600][18.557s][info][gc,heap     ] GC(22) Y:                Mark Start          Mark End        Relocate Start      Relocate End           High               Low         
[2026-04-03T02:00:30.424+0600][18.557s][info][gc,heap     ] GC(22) Y:  Capacity:     1250M (83%)        1250M (83%)        1250M (83%)        1250M (83%)        1250M (83%)        1250M (83%)    
[2026-04-03T02:00:30.424+0600][18.557s][info][gc,heap     ] GC(22) Y:      Free:     1254M (84%)        1254M (84%)        1254M (84%)        1254M (84%)        1254M (84%)        1254M (84%)    
[2026-04-03T02:00:30.424+0600][18.557s][info][gc,heap     ] GC(22) Y:      Used:      246M (16%)         246M (16%)         246M (16%)         246M (16%)         246M (16%)         246M (16%)    
[2026-04-03T02:00:30.424+0600][18.557s][info][gc,heap     ] GC(22) Y: Young Generation Statistics:
[2026-04-03T02:00:30.424+0600][18.557s][info][gc,heap     ] GC(22) Y:                Mark Start          Mark End        Relocate Start      Relocate End    
[2026-04-03T02:00:30.424+0600][18.557s][info][gc,heap     ] GC(22) Y:      Used:        0M (0%)            0M (0%)            0M (0%)            0M (0%)     
[2026-04-03T02:00:30.424+0600][18.557s][info][gc,heap     ] GC(22) Y:      Live:         -                 0M (0%)            0M (0%)            0M (0%)     
[2026-04-03T02:00:30.424+0600][18.557s][info][gc,heap     ] GC(22) Y:   Garbage:         -                 0M (0%)            0M (0%)            0M (0%)     
[2026-04-03T02:00:30.424+0600][18.557s][info][gc,heap     ] GC(22) Y: Allocated:         -                 0M (0%)            0M (0%)            0M (0%)     
[2026-04-03T02:00:30.424+0600][18.557s][info][gc,heap     ] GC(22) Y: Reclaimed:         -                  -                 0M (0%)            0M (0%)     
[2026-04-03T02:00:30.424+0600][18.557s][info][gc,heap     ] GC(22) Y:  Promoted:         -                  -                 0M (0%)            0M (0%)     
[2026-04-03T02:00:30.424+0600][18.557s][info][gc,heap     ] GC(22) Y: Compacted:         -                  -                  -                 0M (0%)     
[2026-04-03T02:00:30.424+0600][18.557s][info][gc,phases   ] GC(22) Y: Young Generation (Collect Roots) 246M(16%)->246M(16%) 0.009s
[2026-04-03T02:00:30.424+0600][18.557s][info][gc,phases   ] GC(22) O: Old Generation
[2026-04-03T02:00:30.574+0600][18.708s][info][gc,phases   ] GC(22) O: Concurrent Mark 150.501ms
[2026-04-03T02:00:30.575+0600][18.708s][info][gc,phases   ] GC(22) O: Pause Mark End 0.050ms
[2026-04-03T02:00:30.575+0600][18.708s][info][gc,phases   ] GC(22) O: Concurrent Mark Free 0.002ms
[2026-04-03T02:00:30.587+0600][18.721s][info][gc,phases   ] GC(22) O: Concurrent Process Non-Strong 12.489ms
[2026-04-03T02:00:30.587+0600][18.721s][info][gc,phases   ] GC(22) O: Concurrent Reset Relocation Set 0.004ms
[2026-04-03T02:00:30.589+0600][18.723s][info][gc,phases   ] GC(22) O: Concurrent Select Relocation Set 1.682ms
[2026-04-03T02:00:30.589+0600][18.723s][info][gc,task     ] GC(22) O: Using 3 Workers for Old Generation
[2026-04-03T02:00:30.606+0600][18.740s][info][gc,task     ] GC(22) O: Using 3 Workers for Old Generation
[2026-04-03T02:00:30.606+0600][18.740s][info][gc,phases   ] GC(22) O: Concurrent Remap Roots 17.037ms
[2026-04-03T02:00:30.606+0600][18.740s][info][gc,phases   ] GC(22) O: Pause Relocate Start 0.022ms
[2026-04-03T02:00:30.610+0600][18.743s][info][gc,phases   ] GC(22) O: Concurrent Relocate 3.381ms
[2026-04-03T02:00:30.610+0600][18.743s][info][gc,alloc    ] GC(22) O:                         Mark Start        Mark End      Relocate Start    Relocate End   
[2026-04-03T02:00:30.610+0600][18.743s][info][gc,alloc    ] GC(22) O: Allocation Stalls:          0                0                0                0         
[2026-04-03T02:00:30.610+0600][18.743s][info][gc,load     ] GC(22) O: Load: 2.46 (21%) / 4.10 (34%) / 5.90 (49%)
[2026-04-03T02:00:30.610+0600][18.743s][info][gc,mmu      ] GC(22) O: MMU: 2ms/91.2%, 5ms/96.5%, 10ms/98.2%, 20ms/99.1%, 50ms/99.6%, 100ms/99.7%
[2026-04-03T02:00:30.610+0600][18.743s][info][gc,marking  ] GC(22) O: Mark: 2 stripe(s), 2 proactive flush(es), 1 terminate flush(es), 0 completion(s), 0 continuation(s) 
[2026-04-03T02:00:30.610+0600][18.743s][info][gc,marking  ] GC(22) O: Mark Stack Usage: 32M
[2026-04-03T02:00:30.610+0600][18.743s][info][gc,nmethod  ] GC(22) O: NMethods: 4724 registered, 825 unregistered
[2026-04-03T02:00:30.610+0600][18.744s][info][gc,metaspace] GC(22) O: Metaspace: 64M used, 65M committed, 1088M reserved
[2026-04-03T02:00:30.610+0600][18.744s][info][gc,ref      ] GC(22) O:                       Encountered   Discovered     Enqueued 
[2026-04-03T02:00:30.610+0600][18.744s][info][gc,ref      ] GC(22) O: Soft References:             4784            0            0 
[2026-04-03T02:00:30.610+0600][18.744s][info][gc,ref      ] GC(22) O: Weak References:             6097         4609          424 
[2026-04-03T02:00:30.610+0600][18.744s][info][gc,ref      ] GC(22) O: Final References:              82            0            0 
[2026-04-03T02:00:30.610+0600][18.744s][info][gc,ref      ] GC(22) O: Phantom References:           595          281            0 
[2026-04-03T02:00:30.610+0600][18.744s][info][gc,reloc    ] GC(22) O:                        Candidates     Selected     In-Place         Size        Empty    Relocated 
[2026-04-03T02:00:30.610+0600][18.744s][info][gc,reloc    ] GC(22) O: Small Pages:                  101            4            0         202M           0M           1M 
[2026-04-03T02:00:30.610+0600][18.744s][info][gc,reloc    ] GC(22) O: Medium Pages:                   1            0            0          32M           0M           0M 
[2026-04-03T02:00:30.610+0600][18.744s][info][gc,reloc    ] GC(22) O: Large Pages:                    2            0            0          12M           0M           0M 
[2026-04-03T02:00:30.610+0600][18.744s][info][gc,reloc    ] GC(22) O: Forwarding Usage: 0M
[2026-04-03T02:00:30.610+0600][18.744s][info][gc,heap     ] GC(22) O: Min Capacity: 8M(1%)
[2026-04-03T02:00:30.610+0600][18.744s][info][gc,heap     ] GC(22) O: Max Capacity: 1500M(100%)
[2026-04-03T02:00:30.610+0600][18.744s][info][gc,heap     ] GC(22) O: Soft Max Capacity: 1500M(100%)
[2026-04-03T02:00:30.610+0600][18.744s][info][gc,heap     ] GC(22) O: Heap Statistics:
[2026-04-03T02:00:30.610+0600][18.744s][info][gc,heap     ] GC(22) O:                Mark Start          Mark End        Relocate Start      Relocate End           High               Low         
[2026-04-03T02:00:30.610+0600][18.744s][info][gc,heap     ] GC(22) O:  Capacity:     1250M (83%)        1250M (83%)        1250M (83%)        1250M (83%)        1250M (83%)        1250M (83%)    
[2026-04-03T02:00:30.610+0600][18.744s][info][gc,heap     ] GC(22) O:      Free:     1254M (84%)        1252M (83%)        1238M (83%)        1242M (83%)        1254M (84%)        1232M (82%)    
[2026-04-03T02:00:30.610+0600][18.744s][info][gc,heap     ] GC(22) O:      Used:      246M (16%)         248M (17%)         262M (17%)         258M (17%)         268M (18%)         246M (16%)    
[2026-04-03T02:00:30.610+0600][18.744s][info][gc,heap     ] GC(22) O: Old Generation Statistics:
[2026-04-03T02:00:30.610+0600][18.744s][info][gc,heap     ] GC(22) O:                Mark Start          Mark End        Relocate Start      Relocate End    
[2026-04-03T02:00:30.610+0600][18.744s][info][gc,heap     ] GC(22) O:      Used:      246M (16%)         246M (16%)         246M (16%)         242M (16%)    
[2026-04-03T02:00:30.610+0600][18.744s][info][gc,heap     ] GC(22) O:      Live:         -               207M (14%)         207M (14%)         207M (14%)    
[2026-04-03T02:00:30.610+0600][18.744s][info][gc,heap     ] GC(22) O:   Garbage:         -                38M (3%)           38M (3%)           29M (2%)     
[2026-04-03T02:00:30.610+0600][18.744s][info][gc,heap     ] GC(22) O: Allocated:         -                 0M (0%)            0M (0%)            4M (0%)     
[2026-04-03T02:00:30.610+0600][18.744s][info][gc,heap     ] GC(22) O: Reclaimed:         -                  -                 0M (0%)            8M (1%)     
[2026-04-03T02:00:30.610+0600][18.744s][info][gc,heap     ] GC(22) O: Compacted:         -                  -                  -                 1M (0%)     
[2026-04-03T02:00:30.610+0600][18.744s][info][gc,phases   ] GC(22) O: Old Generation 246M(16%)->258M(17%) 0.186s
[2026-04-03T02:00:30.610+0600][18.744s][info][gc          ] GC(22) Major Collection (System.gc()) 556M(37%)->258M(17%) 0.207s
[2026-04-03T02:00:30.951+0600][19.084s][info][gc          ] GC(23) Minor Collection (Allocation Rate)
[2026-04-03T02:00:30.951+0600][19.085s][info][gc,task     ] GC(23) Using 2 Workers for Young Generation
[2026-04-03T02:00:30.951+0600][19.085s][info][gc,phases   ] GC(23) y: Young Generation
[2026-04-03T02:00:30.951+0600][19.085s][info][gc,phases   ] GC(23) y: Pause Mark Start 0.020ms
[2026-04-03T02:00:30.961+0600][19.094s][info][gc,phases   ] GC(23) y: Concurrent Mark 9.574ms
[2026-04-03T02:00:30.961+0600][19.095s][info][gc,phases   ] GC(23) y: Pause Mark End 0.021ms
[2026-04-03T02:00:30.961+0600][19.095s][info][gc,phases   ] GC(23) y: Concurrent Mark Free 0.001ms
[2026-04-03T02:00:30.961+0600][19.095s][info][gc,phases   ] GC(23) y: Concurrent Reset Relocation Set 0.001ms
[2026-04-03T02:00:30.965+0600][19.098s][info][gc,reloc    ] GC(23) y: Using tenuring threshold: 1 (Computed)
[2026-04-03T02:00:30.965+0600][19.099s][info][gc,phases   ] GC(23) y: Concurrent Select Relocation Set 3.761ms
[2026-04-03T02:00:30.965+0600][19.099s][info][gc,phases   ] GC(23) y: Pause Relocate Start 0.018ms
[2026-04-03T02:00:30.966+0600][19.100s][info][gc,phases   ] GC(23) y: Concurrent Relocate 0.966ms
[2026-04-03T02:00:30.966+0600][19.100s][info][gc,alloc    ] GC(23) y:                         Mark Start        Mark End      Relocate Start    Relocate End   
[2026-04-03T02:00:30.966+0600][19.100s][info][gc,alloc    ] GC(23) y: Allocation Stalls:          0                0                0                0         
[2026-04-03T02:00:30.966+0600][19.100s][info][gc,load     ] GC(23) y: Load: 2.46 (21%) / 4.10 (34%) / 5.90 (49%)
[2026-04-03T02:00:30.966+0600][19.100s][info][gc,mmu      ] GC(23) y: MMU: 2ms/91.2%, 5ms/96.5%, 10ms/98.2%, 20ms/99.1%, 50ms/99.6%, 100ms/99.7%
[2026-04-03T02:00:30.966+0600][19.100s][info][gc,marking  ] GC(23) y: Mark: 2 stripe(s), 2 proactive flush(es), 1 terminate flush(es), 0 completion(s), 0 continuation(s) 
[2026-04-03T02:00:30.966+0600][19.100s][info][gc,marking  ] GC(23) y: Mark Stack Usage: 32M
[2026-04-03T02:00:30.966+0600][19.100s][info][gc,nmethod  ] GC(23) y: NMethods: 4870 registered, 825 unregistered
[2026-04-03T02:00:30.966+0600][19.100s][info][gc,metaspace] GC(23) y: Metaspace: 64M used, 65M committed, 1088M reserved
[2026-04-03T02:00:30.966+0600][19.100s][info][gc,reloc    ] GC(23) y:                        Candidates     Selected     In-Place         Size        Empty    Relocated 
[2026-04-03T02:00:30.966+0600][19.100s][info][gc,reloc    ] GC(23) y: Small Pages:                  285           21            0         570M         526M           0M 
[2026-04-03T02:00:30.966+0600][19.100s][info][gc,reloc    ] GC(23) y: Medium Pages:                   1            0            0          32M          32M           0M 
[2026-04-03T02:00:30.966+0600][19.100s][info][gc,reloc    ] GC(23) y: Large Pages:                    2            0            0          12M          12M           0M 
[2026-04-03T02:00:30.966+0600][19.100s][info][gc,reloc    ] GC(23) y: Forwarding Usage: 0M
[2026-04-03T02:00:30.966+0600][19.100s][info][gc,reloc    ] GC(23) y: Age Table:
[2026-04-03T02:00:30.967+0600][19.100s][info][gc,reloc    ] GC(23) y:                    Live             Garbage             Small              Medium             Large        
[2026-04-03T02:00:30.967+0600][19.100s][info][gc,reloc    ] GC(23) y: Eden               0M (0%)          613M (41%)        285 / 21             1 / 0              2 / 0        
[2026-04-03T02:00:30.967+0600][19.100s][info][gc,heap     ] GC(23) y: Min Capacity: 8M(1%)
[2026-04-03T02:00:30.967+0600][19.100s][info][gc,heap     ] GC(23) y: Max Capacity: 1500M(100%)
[2026-04-03T02:00:30.967+0600][19.100s][info][gc,heap     ] GC(23) y: Soft Max Capacity: 1500M(100%)
[2026-04-03T02:00:30.967+0600][19.100s][info][gc,heap     ] GC(23) y: Heap Statistics:
[2026-04-03T02:00:30.967+0600][19.100s][info][gc,heap     ] GC(23) y:                Mark Start          Mark End        Relocate Start      Relocate End           High               Low         
[2026-04-03T02:00:30.967+0600][19.100s][info][gc,heap     ] GC(23) y:  Capacity:     1250M (83%)        1250M (83%)        1250M (83%)        1250M (83%)        1250M (83%)        1250M (83%)    
[2026-04-03T02:00:30.967+0600][19.100s][info][gc,heap     ] GC(23) y:      Free:      644M (43%)         622M (41%)        1184M (79%)        1218M (81%)        1218M (81%)         622M (41%)    
[2026-04-03T02:00:30.967+0600][19.100s][info][gc,heap     ] GC(23) y:      Used:      856M (57%)         878M (59%)         316M (21%)         282M (19%)         878M (59%)         282M (19%)    
[2026-04-03T02:00:30.967+0600][19.100s][info][gc,heap     ] GC(23) y: Young Generation Statistics:
[2026-04-03T02:00:30.967+0600][19.100s][info][gc,heap     ] GC(23) y:                Mark Start          Mark End        Relocate Start      Relocate End    
[2026-04-03T02:00:30.967+0600][19.100s][info][gc,heap     ] GC(23) y:      Used:      614M (41%)         636M (42%)          74M (5%)           40M (3%)     
[2026-04-03T02:00:30.967+0600][19.100s][info][gc,heap     ] GC(23) y:      Live:         -                 0M (0%)            0M (0%)            0M (0%)     
[2026-04-03T02:00:30.967+0600][19.100s][info][gc,heap     ] GC(23) y:   Garbage:         -               613M (41%)          43M (3%)            0M (0%)     
[2026-04-03T02:00:30.967+0600][19.100s][info][gc,heap     ] GC(23) y: Allocated:         -                22M (1%)           30M (2%)           39M (3%)     
[2026-04-03T02:00:30.967+0600][19.100s][info][gc,heap     ] GC(23) y: Reclaimed:         -                  -               570M (38%)         613M (41%)    
[2026-04-03T02:00:30.967+0600][19.100s][info][gc,heap     ] GC(23) y:  Promoted:         -                  -                 0M (0%)            0M (0%)     
[2026-04-03T02:00:30.967+0600][19.100s][info][gc,heap     ] GC(23) y: Compacted:         -                  -                  -                 0M (0%)     
[2026-04-03T02:00:30.967+0600][19.100s][info][gc,phases   ] GC(23) y: Young Generation 856M(57%)->282M(19%) 0.015s
[2026-04-03T02:00:30.967+0600][19.100s][info][gc          ] GC(23) Minor Collection (Allocation Rate) 856M(57%)->284M(19%) 0.016s
[2026-04-03T02:00:31.195+0600][19.328s][info][gc          ] GC(24) Minor Collection (Allocation Rate)
[2026-04-03T02:00:31.195+0600][19.328s][info][gc,task     ] GC(24) Using 1 Workers for Young Generation
[2026-04-03T02:00:31.195+0600][19.328s][info][gc,phases   ] GC(24) y: Young Generation
[2026-04-03T02:00:31.195+0600][19.328s][info][gc,phases   ] GC(24) y: Pause Mark Start 0.020ms
[2026-04-03T02:00:31.206+0600][19.339s][info][gc,phases   ] GC(24) y: Concurrent Mark 10.624ms
[2026-04-03T02:00:31.206+0600][19.339s][info][gc,phases   ] GC(24) y: Pause Mark End 0.023ms
[2026-04-03T02:00:31.206+0600][19.339s][info][gc,phases   ] GC(24) y: Concurrent Mark Free 0.001ms
[2026-04-03T02:00:31.206+0600][19.339s][info][gc,phases   ] GC(24) y: Concurrent Reset Relocation Set 0.003ms
[2026-04-03T02:00:31.210+0600][19.344s][info][gc,reloc    ] GC(24) y: Using tenuring threshold: 1 (Computed)
[2026-04-03T02:00:31.212+0600][19.345s][info][gc,phases   ] GC(24) y: Concurrent Select Relocation Set 5.990ms
[2026-04-03T02:00:31.212+0600][19.346s][info][gc,phases   ] GC(24) y: Pause Relocate Start 0.015ms
[2026-04-03T02:00:31.214+0600][19.347s][info][gc,phases   ] GC(24) y: Concurrent Relocate 1.539ms
[2026-04-03T02:00:31.214+0600][19.347s][info][gc,alloc    ] GC(24) y:                         Mark Start        Mark End      Relocate Start    Relocate End   
[2026-04-03T02:00:31.214+0600][19.347s][info][gc,alloc    ] GC(24) y: Allocation Stalls:          0                0                0                0         
[2026-04-03T02:00:31.214+0600][19.347s][info][gc,load     ] GC(24) y: Load: 2.46 (21%) / 4.10 (34%) / 5.90 (49%)
[2026-04-03T02:00:31.214+0600][19.347s][info][gc,mmu      ] GC(24) y: MMU: 2ms/91.2%, 5ms/96.5%, 10ms/98.2%, 20ms/99.1%, 50ms/99.6%, 100ms/99.7%
[2026-04-03T02:00:31.214+0600][19.347s][info][gc,marking  ] GC(24) y: Mark: 1 stripe(s), 2 proactive flush(es), 1 terminate flush(es), 0 completion(s), 0 continuation(s) 
[2026-04-03T02:00:31.214+0600][19.347s][info][gc,marking  ] GC(24) y: Mark Stack Usage: 32M
[2026-04-03T02:00:31.214+0600][19.347s][info][gc,nmethod  ] GC(24) y: NMethods: 4870 registered, 825 unregistered
[2026-04-03T02:00:31.214+0600][19.347s][info][gc,metaspace] GC(24) y: Metaspace: 64M used, 65M committed, 1088M reserved
[2026-04-03T02:00:31.214+0600][19.347s][info][gc,reloc    ] GC(24) y:                        Candidates     Selected     In-Place         Size        Empty    Relocated 
[2026-04-03T02:00:31.214+0600][19.348s][info][gc,reloc    ] GC(24) y: Small Pages:                  314           10            0         628M         606M           0M 
[2026-04-03T02:00:31.214+0600][19.348s][info][gc,reloc    ] GC(24) y: Medium Pages:                   0            0            0           0M           0M           0M 
[2026-04-03T02:00:31.214+0600][19.348s][info][gc,reloc    ] GC(24) y: Large Pages:                    0            0            0           0M           0M           0M 
[2026-04-03T02:00:31.214+0600][19.348s][info][gc,reloc    ] GC(24) y: Forwarding Usage: 0M
[2026-04-03T02:00:31.214+0600][19.348s][info][gc,reloc    ] GC(24) y: Age Table:
[2026-04-03T02:00:31.214+0600][19.348s][info][gc,reloc    ] GC(24) y:                    Live             Garbage             Small              Medium             Large        
[2026-04-03T02:00:31.214+0600][19.348s][info][gc,reloc    ] GC(24) y: Eden               0M (0%)          619M (41%)        310 / 6              0 / 0              0 / 0        
[2026-04-03T02:00:31.214+0600][19.348s][info][gc,reloc    ] GC(24) y: Survivor 1         0M (0%)            7M (1%)           4 / 4              0 / 0              0 / 0        
[2026-04-03T02:00:31.214+0600][19.348s][info][gc,heap     ] GC(24) y: Min Capacity: 8M(1%)
[2026-04-03T02:00:31.214+0600][19.348s][info][gc,heap     ] GC(24) y: Max Capacity: 1500M(100%)
[2026-04-03T02:00:31.214+0600][19.348s][info][gc,heap     ] GC(24) y: Soft Max Capacity: 1500M(100%)
[2026-04-03T02:00:31.214+0600][19.348s][info][gc,heap     ] GC(24) y: Heap Statistics:
[2026-04-03T02:00:31.214+0600][19.348s][info][gc,heap     ] GC(24) y:                Mark Start          Mark End        Relocate Start      Relocate End           High               Low         
[2026-04-03T02:00:31.214+0600][19.348s][info][gc,heap     ] GC(24) y:  Capacity:     1250M (83%)        1250M (83%)        1250M (83%)        1250M (83%)        1250M (83%)        1250M (83%)    
[2026-04-03T02:00:31.214+0600][19.348s][info][gc,heap     ] GC(24) y:      Free:      630M (42%)         600M (40%)        1194M (80%)        1202M (80%)        1202M (80%)         600M (40%)    
[2026-04-03T02:00:31.214+0600][19.348s][info][gc,heap     ] GC(24) y:      Used:      870M (58%)         900M (60%)         306M (20%)         298M (20%)         900M (60%)         298M (20%)    
[2026-04-03T02:00:31.214+0600][19.348s][info][gc,heap     ] GC(24) y: Young Generation Statistics:
[2026-04-03T02:00:31.214+0600][19.348s][info][gc,heap     ] GC(24) y:                Mark Start          Mark End        Relocate Start      Relocate End    
[2026-04-03T02:00:31.214+0600][19.348s][info][gc,heap     ] GC(24) y:      Used:      628M (42%)         658M (44%)          64M (4%)           50M (3%)     
[2026-04-03T02:00:31.214+0600][19.348s][info][gc,heap     ] GC(24) y:      Live:         -                 0M (0%)            0M (0%)            0M (0%)     
[2026-04-03T02:00:31.214+0600][19.348s][info][gc,heap     ] GC(24) y:   Garbage:         -               627M (42%)          21M (1%)            0M (0%)     
[2026-04-03T02:00:31.214+0600][19.348s][info][gc,heap     ] GC(24) y: Allocated:         -                30M (2%)           42M (3%)           49M (3%)     
[2026-04-03T02:00:31.214+0600][19.348s][info][gc,heap     ] GC(24) y: Reclaimed:         -                  -               606M (40%)         627M (42%)    
[2026-04-03T02:00:31.214+0600][19.348s][info][gc,heap     ] GC(24) y:  Promoted:         -                  -                 0M (0%)            0M (0%)     
[2026-04-03T02:00:31.214+0600][19.348s][info][gc,heap     ] GC(24) y: Compacted:         -                  -                  -                 0M (0%)     
[2026-04-03T02:00:31.214+0600][19.348s][info][gc,phases   ] GC(24) y: Young Generation 870M(58%)->298M(20%) 0.019s
[2026-04-03T02:00:31.214+0600][19.348s][info][gc          ] GC(24) Minor Collection (Allocation Rate) 870M(58%)->298M(20%) 0.020s
[2026-04-03T02:00:31.317+0600][19.451s][info][gc          ] GC(25) Minor Collection (Allocation Rate)
[2026-04-03T02:00:31.317+0600][19.451s][info][gc,task     ] GC(25) Using 1 Workers for Young Generation
[2026-04-03T02:00:31.317+0600][19.451s][info][gc,phases   ] GC(25) y: Young Generation
[2026-04-03T02:00:31.318+0600][19.451s][info][gc,phases   ] GC(25) y: Pause Mark Start 0.019ms
[2026-04-03T02:00:31.327+0600][19.460s][info][gc,phases   ] GC(25) y: Concurrent Mark 9.164ms
[2026-04-03T02:00:31.327+0600][19.461s][info][gc,phases   ] GC(25) y: Pause Mark End 0.018ms
[2026-04-03T02:00:31.327+0600][19.461s][info][gc,phases   ] GC(25) y: Concurrent Mark Free 0.001ms
[2026-04-03T02:00:31.327+0600][19.461s][info][gc,phases   ] GC(25) y: Concurrent Reset Relocation Set 0.002ms
[2026-04-03T02:00:31.331+0600][19.465s][info][gc,reloc    ] GC(25) y: Using tenuring threshold: 1 (Computed)
[2026-04-03T02:00:31.332+0600][19.465s][info][gc,phases   ] GC(25) y: Concurrent Select Relocation Set 4.530ms
[2026-04-03T02:00:31.332+0600][19.465s][info][gc,phases   ] GC(25) y: Pause Relocate Start 0.010ms
[2026-04-03T02:00:31.332+0600][19.466s][info][gc,phases   ] GC(25) y: Concurrent Relocate 0.253ms
[2026-04-03T02:00:31.332+0600][19.466s][info][gc,alloc    ] GC(25) y:                         Mark Start        Mark End      Relocate Start    Relocate End   
[2026-04-03T02:00:31.332+0600][19.466s][info][gc,alloc    ] GC(25) y: Allocation Stalls:          0                0                0                0         
[2026-04-03T02:00:31.332+0600][19.466s][info][gc,load     ] GC(25) y: Load: 2.46 (21%) / 4.10 (34%) / 5.90 (49%)
[2026-04-03T02:00:31.332+0600][19.466s][info][gc,mmu      ] GC(25) y: MMU: 2ms/91.2%, 5ms/96.5%, 10ms/98.2%, 20ms/99.1%, 50ms/99.6%, 100ms/99.7%
[2026-04-03T02:00:31.332+0600][19.466s][info][gc,marking  ] GC(25) y: Mark: 1 stripe(s), 2 proactive flush(es), 1 terminate flush(es), 0 completion(s), 0 continuation(s) 
[2026-04-03T02:00:31.332+0600][19.466s][info][gc,marking  ] GC(25) y: Mark Stack Usage: 32M
[2026-04-03T02:00:31.332+0600][19.466s][info][gc,nmethod  ] GC(25) y: NMethods: 4870 registered, 825 unregistered
[2026-04-03T02:00:31.332+0600][19.466s][info][gc,metaspace] GC(25) y: Metaspace: 64M used, 65M committed, 1088M reserved
[2026-04-03T02:00:31.332+0600][19.466s][info][gc,reloc    ] GC(25) y:                        Candidates     Selected     In-Place         Size        Empty    Relocated 
[2026-04-03T02:00:31.332+0600][19.466s][info][gc,reloc    ] GC(25) y: Small Pages:                  155            6            0         310M         296M           0M 
[2026-04-03T02:00:31.332+0600][19.466s][info][gc,reloc    ] GC(25) y: Medium Pages:                   0            0            0           0M           0M           0M 
[2026-04-03T02:00:31.332+0600][19.466s][info][gc,reloc    ] GC(25) y: Large Pages:                    0            0            0           0M           0M           0M 
[2026-04-03T02:00:31.332+0600][19.466s][info][gc,reloc    ] GC(25) y: Forwarding Usage: 0M
[2026-04-03T02:00:31.332+0600][19.466s][info][gc,reloc    ] GC(25) y: Age Table:
[2026-04-03T02:00:31.332+0600][19.466s][info][gc,reloc    ] GC(25) y:                    Live             Garbage             Small              Medium             Large        
[2026-04-03T02:00:31.332+0600][19.466s][info][gc,reloc    ] GC(25) y: Eden               0M (0%)          305M (20%)        153 / 6              0 / 0              0 / 0        
[2026-04-03T02:00:31.332+0600][19.466s][info][gc,reloc    ] GC(25) y: Survivor 1          -                 4M (0%)           2 / 0              0 / 0              0 / 0        
[2026-04-03T02:00:31.332+0600][19.466s][info][gc,heap     ] GC(25) y: Min Capacity: 8M(1%)
[2026-04-03T02:00:31.332+0600][19.466s][info][gc,heap     ] GC(25) y: Max Capacity: 1500M(100%)
[2026-04-03T02:00:31.332+0600][19.466s][info][gc,heap     ] GC(25) y: Soft Max Capacity: 1500M(100%)
[2026-04-03T02:00:31.332+0600][19.466s][info][gc,heap     ] GC(25) y: Heap Statistics:
[2026-04-03T02:00:31.332+0600][19.466s][info][gc,heap     ] GC(25) y:                Mark Start          Mark End        Relocate Start      Relocate End           High               Low         
[2026-04-03T02:00:31.333+0600][19.466s][info][gc,heap     ] GC(25) y:  Capacity:     1250M (83%)        1250M (83%)        1250M (83%)        1250M (83%)        1250M (83%)        1250M (83%)    
[2026-04-03T02:00:31.333+0600][19.466s][info][gc,heap     ] GC(25) y:      Free:      942M (63%)         918M (61%)        1202M (80%)        1210M (81%)        1210M (81%)         918M (61%)    
[2026-04-03T02:00:31.333+0600][19.466s][info][gc,heap     ] GC(25) y:      Used:      558M (37%)         582M (39%)         298M (20%)         290M (19%)         582M (39%)         290M (19%)    
[2026-04-03T02:00:31.333+0600][19.466s][info][gc,heap     ] GC(25) y: Young Generation Statistics:
[2026-04-03T02:00:31.333+0600][19.466s][info][gc,heap     ] GC(25) y:                Mark Start          Mark End        Relocate Start      Relocate End    
[2026-04-03T02:00:31.333+0600][19.466s][info][gc,heap     ] GC(25) y:      Used:      310M (21%)         334M (22%)          50M (3%)           42M (3%)     
[2026-04-03T02:00:31.333+0600][19.466s][info][gc,heap     ] GC(25) y:      Live:         -                 0M (0%)            0M (0%)            0M (0%)     
[2026-04-03T02:00:31.333+0600][19.466s][info][gc,heap     ] GC(25) y:   Garbage:         -               309M (21%)          13M (1%)            0M (0%)     
[2026-04-03T02:00:31.333+0600][19.466s][info][gc,heap     ] GC(25) y: Allocated:         -                24M (2%)           36M (2%)           41M (3%)     
[2026-04-03T02:00:31.333+0600][19.466s][info][gc,heap     ] GC(25) y: Reclaimed:         -                  -               296M (20%)         309M (21%)    
[2026-04-03T02:00:31.333+0600][19.466s][info][gc,heap     ] GC(25) y:  Promoted:         -                  -                 0M (0%)            0M (0%)     
[2026-04-03T02:00:31.333+0600][19.466s][info][gc,heap     ] GC(25) y: Compacted:         -                  -                  -                 0M (0%)     
[2026-04-03T02:00:31.333+0600][19.466s][info][gc,phases   ] GC(25) y: Young Generation 558M(37%)->290M(19%) 0.015s
[2026-04-03T02:00:31.333+0600][19.466s][info][gc          ] GC(25) Minor Collection (Allocation Rate) 558M(37%)->290M(19%) 0.015s
[2026-04-03T02:00:31.452+0600][19.586s][info][gc          ] GC(26) Major Collection (System.gc())
[2026-04-03T02:00:31.452+0600][19.586s][info][gc,task     ] GC(26) Using 3 Workers for Young Generation
[2026-04-03T02:00:31.452+0600][19.586s][info][gc,task     ] GC(26) Using 3 Workers for Old Generation
[2026-04-03T02:00:31.452+0600][19.586s][info][gc,phases   ] GC(26) Y: Young Generation (Promote All)
[2026-04-03T02:00:31.452+0600][19.586s][info][gc,phases   ] GC(26) Y: Pause Mark Start 0.022ms
[2026-04-03T02:00:31.461+0600][19.594s][info][gc,phases   ] GC(26) Y: Concurrent Mark 8.324ms
[2026-04-03T02:00:31.461+0600][19.595s][info][gc,phases   ] GC(26) Y: Pause Mark End 0.029ms
[2026-04-03T02:00:31.461+0600][19.595s][info][gc,phases   ] GC(26) Y: Concurrent Mark Free 0.002ms
[2026-04-03T02:00:31.461+0600][19.595s][info][gc,phases   ] GC(26) Y: Concurrent Reset Relocation Set 0.003ms
[2026-04-03T02:00:31.463+0600][19.597s][info][gc,reloc    ] GC(26) Y: Using tenuring threshold: 0 (Promote All)
[2026-04-03T02:00:31.464+0600][19.598s][info][gc,phases   ] GC(26) Y: Concurrent Select Relocation Set 2.740ms
[2026-04-03T02:00:31.464+0600][19.598s][info][gc,phases   ] GC(26) Y: Pause Relocate Start 0.016ms
[2026-04-03T02:00:31.465+0600][19.598s][info][gc,phases   ] GC(26) Y: Concurrent Relocate 0.393ms
[2026-04-03T02:00:31.465+0600][19.598s][info][gc,alloc    ] GC(26) Y:                         Mark Start        Mark End      Relocate Start    Relocate End   
[2026-04-03T02:00:31.465+0600][19.598s][info][gc,alloc    ] GC(26) Y: Allocation Stalls:          0                0                0                0         
[2026-04-03T02:00:31.465+0600][19.598s][info][gc,load     ] GC(26) Y: Load: 2.46 (21%) / 4.10 (34%) / 5.90 (49%)
[2026-04-03T02:00:31.465+0600][19.598s][info][gc,mmu      ] GC(26) Y: MMU: 2ms/91.2%, 5ms/96.5%, 10ms/98.2%, 20ms/99.1%, 50ms/99.6%, 100ms/99.7%
[2026-04-03T02:00:31.465+0600][19.598s][info][gc,marking  ] GC(26) Y: Mark: 2 stripe(s), 4 proactive flush(es), 1 terminate flush(es), 0 completion(s), 0 continuation(s) 
[2026-04-03T02:00:31.465+0600][19.598s][info][gc,marking  ] GC(26) Y: Mark Stack Usage: 32M
[2026-04-03T02:00:31.465+0600][19.598s][info][gc,nmethod  ] GC(26) Y: NMethods: 4993 registered, 0 unregistered
[2026-04-03T02:00:31.465+0600][19.598s][info][gc,metaspace] GC(26) Y: Metaspace: 64M used, 65M committed, 1088M reserved
[2026-04-03T02:00:31.465+0600][19.598s][info][gc,reloc    ] GC(26) Y:                        Candidates     Selected     In-Place         Size        Empty    Relocated 
[2026-04-03T02:00:31.465+0600][19.598s][info][gc,reloc    ] GC(26) Y: Small Pages:                  124           12            0         248M         222M           0M 
[2026-04-03T02:00:31.465+0600][19.598s][info][gc,reloc    ] GC(26) Y: Medium Pages:                   1            0            0          32M          32M           0M 
[2026-04-03T02:00:31.465+0600][19.598s][info][gc,reloc    ] GC(26) Y: Large Pages:                    1            0            0           6M           6M           0M 
[2026-04-03T02:00:31.465+0600][19.598s][info][gc,reloc    ] GC(26) Y: Forwarding Usage: 0M
[2026-04-03T02:00:31.465+0600][19.598s][info][gc,reloc    ] GC(26) Y: Age Table:
[2026-04-03T02:00:31.465+0600][19.598s][info][gc,reloc    ] GC(26) Y:                    Live             Garbage             Small              Medium             Large        
[2026-04-03T02:00:31.465+0600][19.598s][info][gc,reloc    ] GC(26) Y: Eden               0M (0%)          279M (19%)        121 / 10             1 / 0              1 / 0        
[2026-04-03T02:00:31.465+0600][19.598s][info][gc,reloc    ] GC(26) Y: Survivor 1         0M (0%)            5M (0%)           3 / 2              0 / 0              0 / 0        
[2026-04-03T02:00:31.465+0600][19.598s][info][gc,heap     ] GC(26) Y: Min Capacity: 8M(1%)
[2026-04-03T02:00:31.465+0600][19.598s][info][gc,heap     ] GC(26) Y: Max Capacity: 1500M(100%)
[2026-04-03T02:00:31.465+0600][19.598s][info][gc,heap     ] GC(26) Y: Soft Max Capacity: 1500M(100%)
[2026-04-03T02:00:31.465+0600][19.598s][info][gc,heap     ] GC(26) Y: Heap Statistics:
[2026-04-03T02:00:31.465+0600][19.598s][info][gc,heap     ] GC(26) Y:                Mark Start          Mark End        Relocate Start      Relocate End           High               Low         
[2026-04-03T02:00:31.465+0600][19.598s][info][gc,heap     ] GC(26) Y:  Capacity:     1250M (83%)        1250M (83%)        1250M (83%)        1250M (83%)        1250M (83%)        1250M (83%)    
[2026-04-03T02:00:31.465+0600][19.598s][info][gc,heap     ] GC(26) Y:      Free:      966M (64%)         966M (64%)        1226M (82%)        1246M (83%)        1246M (83%)         966M (64%)    
[2026-04-03T02:00:31.465+0600][19.598s][info][gc,heap     ] GC(26) Y:      Used:      534M (36%)         534M (36%)         274M (18%)         254M (17%)         534M (36%)         254M (17%)    
[2026-04-03T02:00:31.465+0600][19.598s][info][gc,heap     ] GC(26) Y: Young Generation Statistics:
[2026-04-03T02:00:31.465+0600][19.598s][info][gc,heap     ] GC(26) Y:                Mark Start          Mark End        Relocate Start      Relocate End    
[2026-04-03T02:00:31.465+0600][19.598s][info][gc,heap     ] GC(26) Y:      Used:      286M (19%)         286M (19%)          26M (2%)            0M (0%)     
[2026-04-03T02:00:31.465+0600][19.598s][info][gc,heap     ] GC(26) Y:      Live:         -                 0M (0%)            0M (0%)            0M (0%)     
[2026-04-03T02:00:31.465+0600][19.598s][info][gc,heap     ] GC(26) Y:   Garbage:         -               285M (19%)          25M (2%)            0M (0%)     
[2026-04-03T02:00:31.465+0600][19.598s][info][gc,heap     ] GC(26) Y: Allocated:         -                 0M (0%)            0M (0%)            0M (0%)     
[2026-04-03T02:00:31.465+0600][19.599s][info][gc,heap     ] GC(26) Y: Reclaimed:         -                  -               260M (17%)         285M (19%)    
[2026-04-03T02:00:31.465+0600][19.599s][info][gc,heap     ] GC(26) Y:  Promoted:         -                  -                 0M (0%)            0M (0%)     
[2026-04-03T02:00:31.465+0600][19.599s][info][gc,heap     ] GC(26) Y: Compacted:         -                  -                  -                 0M (0%)     
[2026-04-03T02:00:31.465+0600][19.599s][info][gc,phases   ] GC(26) Y: Young Generation (Promote All) 534M(36%)->254M(17%) 0.012s
[2026-04-03T02:00:31.465+0600][19.599s][info][gc,phases   ] GC(26) Y: Young Generation (Collect Roots)
[2026-04-03T02:00:31.465+0600][19.599s][info][gc,phases   ] GC(26) Y: Pause Mark Start (Major) 0.011ms
[2026-04-03T02:00:31.473+0600][19.606s][info][gc,phases   ] GC(26) Y: Concurrent Mark 7.672ms
[2026-04-03T02:00:31.473+0600][19.607s][info][gc,phases   ] GC(26) Y: Pause Mark End 0.023ms
[2026-04-03T02:00:31.473+0600][19.607s][info][gc,phases   ] GC(26) Y: Concurrent Mark Free 0.156ms
[2026-04-03T02:00:31.473+0600][19.607s][info][gc,phases   ] GC(26) Y: Concurrent Reset Relocation Set 0.003ms
[2026-04-03T02:00:31.475+0600][19.609s][info][gc,reloc    ] GC(26) Y: Using tenuring threshold: 0 (Computed)
[2026-04-03T02:00:31.475+0600][19.609s][info][gc,phases   ] GC(26) Y: Concurrent Select Relocation Set 1.682ms
[2026-04-03T02:00:31.475+0600][19.609s][info][gc,phases   ] GC(26) Y: Pause Relocate Start 0.017ms
[2026-04-03T02:00:31.475+0600][19.609s][info][gc,phases   ] GC(26) Y: Concurrent Relocate 0.083ms
[2026-04-03T02:00:31.475+0600][19.609s][info][gc,alloc    ] GC(26) Y:                         Mark Start        Mark End      Relocate Start    Relocate End   
[2026-04-03T02:00:31.475+0600][19.609s][info][gc,alloc    ] GC(26) Y: Allocation Stalls:          0                0                0                0         
[2026-04-03T02:00:31.476+0600][19.609s][info][gc,load     ] GC(26) Y: Load: 2.46 (21%) / 4.10 (34%) / 5.90 (49%)
[2026-04-03T02:00:31.476+0600][19.609s][info][gc,mmu      ] GC(26) Y: MMU: 2ms/91.2%, 5ms/96.5%, 10ms/98.2%, 20ms/99.1%, 50ms/99.6%, 100ms/99.7%
[2026-04-03T02:00:31.476+0600][19.609s][info][gc,marking  ] GC(26) Y: Mark: 2 stripe(s), 1 proactive flush(es), 1 terminate flush(es), 0 completion(s), 0 continuation(s) 
[2026-04-03T02:00:31.476+0600][19.609s][info][gc,marking  ] GC(26) Y: Mark Stack Usage: 0M
[2026-04-03T02:00:31.476+0600][19.609s][info][gc,nmethod  ] GC(26) Y: NMethods: 4993 registered, 0 unregistered
[2026-04-03T02:00:31.476+0600][19.609s][info][gc,metaspace] GC(26) Y: Metaspace: 64M used, 65M committed, 1088M reserved
[2026-04-03T02:00:31.476+0600][19.609s][info][gc,heap     ] GC(26) Y: Min Capacity: 8M(1%)
[2026-04-03T02:00:31.476+0600][19.609s][info][gc,heap     ] GC(26) Y: Max Capacity: 1500M(100%)
[2026-04-03T02:00:31.476+0600][19.609s][info][gc,heap     ] GC(26) Y: Soft Max Capacity: 1500M(100%)
[2026-04-03T02:00:31.476+0600][19.609s][info][gc,heap     ] GC(26) Y: Heap Statistics:
[2026-04-03T02:00:31.476+0600][19.609s][info][gc,heap     ] GC(26) Y:                Mark Start          Mark End        Relocate Start      Relocate End           High               Low         
[2026-04-03T02:00:31.476+0600][19.609s][info][gc,heap     ] GC(26) Y:  Capacity:     1250M (83%)        1250M (83%)        1250M (83%)        1250M (83%)        1250M (83%)        1250M (83%)    
[2026-04-03T02:00:31.476+0600][19.609s][info][gc,heap     ] GC(26) Y:      Free:     1246M (83%)        1246M (83%)        1246M (83%)        1246M (83%)        1246M (83%)        1246M (83%)    
[2026-04-03T02:00:31.476+0600][19.609s][info][gc,heap     ] GC(26) Y:      Used:      254M (17%)         254M (17%)         254M (17%)         254M (17%)         254M (17%)         254M (17%)    
[2026-04-03T02:00:31.476+0600][19.609s][info][gc,heap     ] GC(26) Y: Young Generation Statistics:
[2026-04-03T02:00:31.476+0600][19.609s][info][gc,heap     ] GC(26) Y:                Mark Start          Mark End        Relocate Start      Relocate End    
[2026-04-03T02:00:31.476+0600][19.609s][info][gc,heap     ] GC(26) Y:      Used:        0M (0%)            0M (0%)            0M (0%)            0M (0%)     
[2026-04-03T02:00:31.476+0600][19.609s][info][gc,heap     ] GC(26) Y:      Live:         -                 0M (0%)            0M (0%)            0M (0%)     
[2026-04-03T02:00:31.476+0600][19.609s][info][gc,heap     ] GC(26) Y:   Garbage:         -                 0M (0%)            0M (0%)            0M (0%)     
[2026-04-03T02:00:31.476+0600][19.609s][info][gc,heap     ] GC(26) Y: Allocated:         -                 0M (0%)            0M (0%)            0M (0%)     
[2026-04-03T02:00:31.476+0600][19.609s][info][gc,heap     ] GC(26) Y: Reclaimed:         -                  -                 0M (0%)            0M (0%)     
[2026-04-03T02:00:31.476+0600][19.609s][info][gc,heap     ] GC(26) Y:  Promoted:         -                  -                 0M (0%)            0M (0%)     
[2026-04-03T02:00:31.476+0600][19.609s][info][gc,heap     ] GC(26) Y: Compacted:         -                  -                  -                 0M (0%)     
[2026-04-03T02:00:31.476+0600][19.609s][info][gc,phases   ] GC(26) Y: Young Generation (Collect Roots) 254M(17%)->254M(17%) 0.010s
[2026-04-03T02:00:31.476+0600][19.609s][info][gc,phases   ] GC(26) O: Old Generation
[2026-04-03T02:00:31.617+0600][19.751s][info][gc,phases   ] GC(26) O: Concurrent Mark 141.347ms
[2026-04-03T02:00:31.617+0600][19.751s][info][gc,phases   ] GC(26) O: Pause Mark End 0.022ms
[2026-04-03T02:00:31.617+0600][19.751s][info][gc,phases   ] GC(26) O: Concurrent Mark Free 0.002ms
[2026-04-03T02:00:31.623+0600][19.756s][info][gc,phases   ] GC(26) O: Concurrent Process Non-Strong 5.452ms
[2026-04-03T02:00:31.623+0600][19.756s][info][gc,phases   ] GC(26) O: Concurrent Reset Relocation Set 0.002ms
[2026-04-03T02:00:31.624+0600][19.758s][info][gc,phases   ] GC(26) O: Concurrent Select Relocation Set 1.538ms
[2026-04-03T02:00:31.625+0600][19.758s][info][gc,task     ] GC(26) O: Using 3 Workers for Old Generation
[2026-04-03T02:00:31.640+0600][19.773s][info][gc,task     ] GC(26) O: Using 3 Workers for Old Generation
[2026-04-03T02:00:31.640+0600][19.773s][info][gc,phases   ] GC(26) O: Concurrent Remap Roots 15.138ms
[2026-04-03T02:00:31.640+0600][19.773s][info][gc,phases   ] GC(26) O: Pause Relocate Start 0.022ms
[2026-04-03T02:00:31.644+0600][19.777s][info][gc,phases   ] GC(26) O: Concurrent Relocate 3.575ms
[2026-04-03T02:00:31.644+0600][19.777s][info][gc,alloc    ] GC(26) O:                         Mark Start        Mark End      Relocate Start    Relocate End   
[2026-04-03T02:00:31.644+0600][19.777s][info][gc,alloc    ] GC(26) O: Allocation Stalls:          0                0                0                0         
[2026-04-03T02:00:31.644+0600][19.777s][info][gc,load     ] GC(26) O: Load: 2.46 (21%) / 4.10 (34%) / 5.90 (49%)
[2026-04-03T02:00:31.644+0600][19.777s][info][gc,mmu      ] GC(26) O: MMU: 2ms/91.2%, 5ms/96.5%, 10ms/98.2%, 20ms/99.1%, 50ms/99.6%, 100ms/99.7%
[2026-04-03T02:00:31.644+0600][19.777s][info][gc,marking  ] GC(26) O: Mark: 2 stripe(s), 2 proactive flush(es), 1 terminate flush(es), 0 completion(s), 0 continuation(s) 
[2026-04-03T02:00:31.644+0600][19.777s][info][gc,marking  ] GC(26) O: Mark Stack Usage: 32M
[2026-04-03T02:00:31.644+0600][19.777s][info][gc,nmethod  ] GC(26) O: NMethods: 4963 registered, 63 unregistered
[2026-04-03T02:00:31.644+0600][19.777s][info][gc,metaspace] GC(26) O: Metaspace: 64M used, 65M committed, 1088M reserved
[2026-04-03T02:00:31.644+0600][19.777s][info][gc,ref      ] GC(26) O:                       Encountered   Discovered     Enqueued 
[2026-04-03T02:00:31.644+0600][19.777s][info][gc,ref      ] GC(26) O: Soft References:             4785            0            0 
[2026-04-03T02:00:31.644+0600][19.777s][info][gc,ref      ] GC(26) O: Weak References:             5993         4414          278 
[2026-04-03T02:00:31.644+0600][19.777s][info][gc,ref      ] GC(26) O: Final References:              82            0            0 
[2026-04-03T02:00:31.644+0600][19.777s][info][gc,ref      ] GC(26) O: Phantom References:           595          271            0 
[2026-04-03T02:00:31.644+0600][19.777s][info][gc,reloc    ] GC(26) O:                        Candidates     Selected     In-Place         Size        Empty    Relocated 
[2026-04-03T02:00:31.644+0600][19.777s][info][gc,reloc    ] GC(26) O: Small Pages:                  105            6            0         210M           4M           1M 
[2026-04-03T02:00:31.644+0600][19.777s][info][gc,reloc    ] GC(26) O: Medium Pages:                   1            0            0          32M           0M           0M 
[2026-04-03T02:00:31.644+0600][19.777s][info][gc,reloc    ] GC(26) O: Large Pages:                    2            0            0          12M           0M           0M 
[2026-04-03T02:00:31.644+0600][19.777s][info][gc,reloc    ] GC(26) O: Forwarding Usage: 0M
[2026-04-03T02:00:31.644+0600][19.777s][info][gc,heap     ] GC(26) O: Min Capacity: 8M(1%)
[2026-04-03T02:00:31.644+0600][19.777s][info][gc,heap     ] GC(26) O: Max Capacity: 1500M(100%)
[2026-04-03T02:00:31.644+0600][19.777s][info][gc,heap     ] GC(26) O: Soft Max Capacity: 1500M(100%)
[2026-04-03T02:00:31.644+0600][19.777s][info][gc,heap     ] GC(26) O: Heap Statistics:
[2026-04-03T02:00:31.644+0600][19.777s][info][gc,heap     ] GC(26) O:                Mark Start          Mark End        Relocate Start      Relocate End           High               Low         
[2026-04-03T02:00:31.644+0600][19.777s][info][gc,heap     ] GC(26) O:  Capacity:     1250M (83%)        1250M (83%)        1250M (83%)        1250M (83%)        1250M (83%)        1250M (83%)    
[2026-04-03T02:00:31.644+0600][19.777s][info][gc,heap     ] GC(26) O:      Free:     1246M (83%)        1244M (83%)        1236M (82%)        1244M (83%)        1246M (83%)        1230M (82%)    
[2026-04-03T02:00:31.644+0600][19.777s][info][gc,heap     ] GC(26) O:      Used:      254M (17%)         256M (17%)         264M (18%)         256M (17%)         270M (18%)         254M (17%)    
[2026-04-03T02:00:31.644+0600][19.777s][info][gc,heap     ] GC(26) O: Old Generation Statistics:
[2026-04-03T02:00:31.644+0600][19.777s][info][gc,heap     ] GC(26) O:                Mark Start          Mark End        Relocate Start      Relocate End    
[2026-04-03T02:00:31.644+0600][19.777s][info][gc,heap     ] GC(26) O:      Used:      254M (17%)         254M (17%)         250M (17%)         242M (16%)    
[2026-04-03T02:00:31.644+0600][19.777s][info][gc,heap     ] GC(26) O:      Live:         -               207M (14%)         207M (14%)         207M (14%)    
[2026-04-03T02:00:31.644+0600][19.777s][info][gc,heap     ] GC(26) O:   Garbage:         -                46M (3%)           42M (3%)           29M (2%)     
[2026-04-03T02:00:31.644+0600][19.777s][info][gc,heap     ] GC(26) O: Allocated:         -                 0M (0%)            0M (0%)            4M (0%)     
[2026-04-03T02:00:31.644+0600][19.778s][info][gc,heap     ] GC(26) O: Reclaimed:         -                  -                 4M (0%)           16M (1%)     
[2026-04-03T02:00:31.644+0600][19.778s][info][gc,heap     ] GC(26) O: Compacted:         -                  -                  -                 1M (0%)     
[2026-04-03T02:00:31.644+0600][19.778s][info][gc,phases   ] GC(26) O: Old Generation 254M(17%)->256M(17%) 0.168s
[2026-04-03T02:00:31.644+0600][19.778s][info][gc          ] GC(26) Major Collection (System.gc()) 534M(36%)->256M(17%) 0.192s
[2026-04-03T02:00:32.024+0600][20.158s][info][gc          ] GC(27) Minor Collection (Allocation Rate)
[2026-04-03T02:00:32.024+0600][20.158s][info][gc,task     ] GC(27) Using 1 Workers for Young Generation
[2026-04-03T02:00:32.024+0600][20.158s][info][gc,phases   ] GC(27) y: Young Generation
[2026-04-03T02:00:32.024+0600][20.158s][info][gc,phases   ] GC(27) y: Pause Mark Start 0.018ms
[2026-04-03T02:00:32.036+0600][20.169s][info][gc,phases   ] GC(27) y: Concurrent Mark 11.517ms
[2026-04-03T02:00:32.036+0600][20.170s][info][gc,phases   ] GC(27) y: Pause Mark End 0.020ms
[2026-04-03T02:00:32.036+0600][20.170s][info][gc,phases   ] GC(27) y: Concurrent Mark Free 0.001ms
[2026-04-03T02:00:32.036+0600][20.170s][info][gc,phases   ] GC(27) y: Concurrent Reset Relocation Set 0.001ms
[2026-04-03T02:00:32.040+0600][20.174s][info][gc,reloc    ] GC(27) y: Using tenuring threshold: 1 (Computed)
[2026-04-03T02:00:32.041+0600][20.174s][info][gc,phases   ] GC(27) y: Concurrent Select Relocation Set 4.548ms
[2026-04-03T02:00:32.041+0600][20.174s][info][gc,phases   ] GC(27) y: Pause Relocate Start 0.015ms
[2026-04-03T02:00:32.042+0600][20.176s][info][gc,phases   ] GC(27) y: Concurrent Relocate 0.973ms
[2026-04-03T02:00:32.042+0600][20.176s][info][gc,alloc    ] GC(27) y:                         Mark Start        Mark End      Relocate Start    Relocate End   
[2026-04-03T02:00:32.042+0600][20.176s][info][gc,alloc    ] GC(27) y: Allocation Stalls:          0                0                0                0         
[2026-04-03T02:00:32.042+0600][20.176s][info][gc,load     ] GC(27) y: Load: 2.46 (21%) / 4.10 (34%) / 5.90 (49%)
[2026-04-03T02:00:32.042+0600][20.176s][info][gc,mmu      ] GC(27) y: MMU: 2ms/91.2%, 5ms/96.5%, 10ms/98.2%, 20ms/99.1%, 50ms/99.6%, 100ms/99.7%
[2026-04-03T02:00:32.042+0600][20.176s][info][gc,marking  ] GC(27) y: Mark: 1 stripe(s), 2 proactive flush(es), 1 terminate flush(es), 0 completion(s), 0 continuation(s) 
[2026-04-03T02:00:32.042+0600][20.176s][info][gc,marking  ] GC(27) y: Mark Stack Usage: 32M
[2026-04-03T02:00:32.042+0600][20.176s][info][gc,nmethod  ] GC(27) y: NMethods: 5092 registered, 63 unregistered
[2026-04-03T02:00:32.042+0600][20.176s][info][gc,metaspace] GC(27) y: Metaspace: 64M used, 65M committed, 1088M reserved
[2026-04-03T02:00:32.042+0600][20.176s][info][gc,reloc    ] GC(27) y:                        Candidates     Selected     In-Place         Size        Empty    Relocated 
[2026-04-03T02:00:32.042+0600][20.176s][info][gc,reloc    ] GC(27) y: Small Pages:                  392           28            0         784M         726M           0M 
[2026-04-03T02:00:32.042+0600][20.176s][info][gc,reloc    ] GC(27) y: Medium Pages:                   1            0            0          32M          32M           0M 
[2026-04-03T02:00:32.042+0600][20.176s][info][gc,reloc    ] GC(27) y: Large Pages:                    2            0            0          12M          12M           0M 
[2026-04-03T02:00:32.042+0600][20.176s][info][gc,reloc    ] GC(27) y: Forwarding Usage: 0M
[2026-04-03T02:00:32.042+0600][20.176s][info][gc,reloc    ] GC(27) y: Age Table:
[2026-04-03T02:00:32.042+0600][20.176s][info][gc,reloc    ] GC(27) y:                    Live             Garbage             Small              Medium             Large        
[2026-04-03T02:00:32.042+0600][20.176s][info][gc,reloc    ] GC(27) y: Eden               0M (0%)          827M (55%)        392 / 28             1 / 0              2 / 0        
[2026-04-03T02:00:32.042+0600][20.176s][info][gc,heap     ] GC(27) y: Min Capacity: 8M(1%)
[2026-04-03T02:00:32.042+0600][20.176s][info][gc,heap     ] GC(27) y: Max Capacity: 1500M(100%)
[2026-04-03T02:00:32.042+0600][20.176s][info][gc,heap     ] GC(27) y: Soft Max Capacity: 1500M(100%)
[2026-04-03T02:00:32.042+0600][20.176s][info][gc,heap     ] GC(27) y: Heap Statistics:
[2026-04-03T02:00:32.042+0600][20.176s][info][gc,heap     ] GC(27) y:                Mark Start          Mark End        Relocate Start      Relocate End           High               Low         
[2026-04-03T02:00:32.042+0600][20.176s][info][gc,heap     ] GC(27) y:  Capacity:     1250M (83%)        1250M (83%)        1250M (83%)        1250M (83%)        1250M (83%)        1250M (83%)    
[2026-04-03T02:00:32.042+0600][20.176s][info][gc,heap     ] GC(27) y:      Free:      430M (29%)         402M (27%)        1158M (77%)        1208M (81%)        1210M (81%)         402M (27%)    
[2026-04-03T02:00:32.042+0600][20.176s][info][gc,heap     ] GC(27) y:      Used:     1070M (71%)        1098M (73%)         342M (23%)         292M (19%)        1098M (73%)         290M (19%)    
[2026-04-03T02:00:32.042+0600][20.176s][info][gc,heap     ] GC(27) y: Young Generation Statistics:
[2026-04-03T02:00:32.042+0600][20.176s][info][gc,heap     ] GC(27) y:                Mark Start          Mark End        Relocate Start      Relocate End    
[2026-04-03T02:00:32.042+0600][20.176s][info][gc,heap     ] GC(27) y:      Used:      828M (55%)         856M (57%)         100M (7%)           50M (3%)     
[2026-04-03T02:00:32.042+0600][20.176s][info][gc,heap     ] GC(27) y:      Live:         -                 0M (0%)            0M (0%)            0M (0%)     
[2026-04-03T02:00:32.042+0600][20.176s][info][gc,heap     ] GC(27) y:   Garbage:         -               827M (55%)          57M (4%)            0M (0%)     
[2026-04-03T02:00:32.042+0600][20.176s][info][gc,heap     ] GC(27) y: Allocated:         -                28M (2%)           42M (3%)           49M (3%)     
[2026-04-03T02:00:32.042+0600][20.176s][info][gc,heap     ] GC(27) y: Reclaimed:         -                  -               770M (51%)         827M (55%)    
[2026-04-03T02:00:32.042+0600][20.176s][info][gc,heap     ] GC(27) y:  Promoted:         -                  -                 0M (0%)            0M (0%)     
[2026-04-03T02:00:32.042+0600][20.176s][info][gc,heap     ] GC(27) y: Compacted:         -                  -                  -                 0M (0%)     
[2026-04-03T02:00:32.042+0600][20.176s][info][gc,phases   ] GC(27) y: Young Generation 1070M(71%)->292M(19%) 0.018s
[2026-04-03T02:00:32.042+0600][20.176s][info][gc          ] GC(27) Minor Collection (Allocation Rate) 1070M(71%)->292M(19%) 0.018s
[2026-04-03T02:00:32.364+0600][20.497s][info][gc          ] GC(28) Minor Collection (Allocation Rate)
[2026-04-03T02:00:32.364+0600][20.497s][info][gc,task     ] GC(28) Using 1 Workers for Young Generation
[2026-04-03T02:00:32.364+0600][20.497s][info][gc,phases   ] GC(28) y: Young Generation
[2026-04-03T02:00:32.364+0600][20.498s][info][gc,phases   ] GC(28) y: Pause Mark Start 0.064ms
[2026-04-03T02:00:32.377+0600][20.510s][info][gc,phases   ] GC(28) y: Concurrent Mark 12.128ms
[2026-04-03T02:00:32.377+0600][20.510s][info][gc,phases   ] GC(28) y: Pause Mark End 0.017ms
[2026-04-03T02:00:32.377+0600][20.511s][info][gc,phases   ] GC(28) y: Concurrent Mark Free 0.001ms
[2026-04-03T02:00:32.377+0600][20.511s][info][gc,phases   ] GC(28) y: Concurrent Reset Relocation Set 0.003ms
[2026-04-03T02:00:32.380+0600][20.514s][info][gc,reloc    ] GC(28) y: Using tenuring threshold: 1 (Computed)
[2026-04-03T02:00:32.382+0600][20.515s][info][gc,phases   ] GC(28) y: Concurrent Select Relocation Set 4.578ms
[2026-04-03T02:00:32.382+0600][20.515s][info][gc,phases   ] GC(28) y: Pause Relocate Start 0.013ms
[2026-04-03T02:00:32.383+0600][20.517s][info][gc,phases   ] GC(28) y: Concurrent Relocate 1.551ms
[2026-04-03T02:00:32.384+0600][20.517s][info][gc,alloc    ] GC(28) y:                         Mark Start        Mark End      Relocate Start    Relocate End   
[2026-04-03T02:00:32.384+0600][20.517s][info][gc,alloc    ] GC(28) y: Allocation Stalls:          0                0                0                0         
[2026-04-03T02:00:32.384+0600][20.517s][info][gc,load     ] GC(28) y: Load: 2.46 (21%) / 4.10 (34%) / 5.90 (49%)
[2026-04-03T02:00:32.384+0600][20.517s][info][gc,mmu      ] GC(28) y: MMU: 2ms/91.2%, 5ms/96.5%, 10ms/98.2%, 20ms/99.1%, 50ms/99.6%, 100ms/99.7%
[2026-04-03T02:00:32.384+0600][20.517s][info][gc,marking  ] GC(28) y: Mark: 1 stripe(s), 2 proactive flush(es), 1 terminate flush(es), 0 completion(s), 0 continuation(s) 
[2026-04-03T02:00:32.384+0600][20.517s][info][gc,marking  ] GC(28) y: Mark Stack Usage: 32M
[2026-04-03T02:00:32.384+0600][20.517s][info][gc,nmethod  ] GC(28) y: NMethods: 5092 registered, 63 unregistered
[2026-04-03T02:00:32.384+0600][20.517s][info][gc,metaspace] GC(28) y: Metaspace: 64M used, 65M committed, 1088M reserved
[2026-04-03T02:00:32.384+0600][20.517s][info][gc,reloc    ] GC(28) y:                        Candidates     Selected     In-Place         Size        Empty    Relocated 
[2026-04-03T02:00:32.384+0600][20.517s][info][gc,reloc    ] GC(28) y: Small Pages:                  439            9            0         878M         858M           0M 
[2026-04-03T02:00:32.384+0600][20.517s][info][gc,reloc    ] GC(28) y: Medium Pages:                   0            0            0           0M           0M           0M 
[2026-04-03T02:00:32.384+0600][20.517s][info][gc,reloc    ] GC(28) y: Large Pages:                    0            0            0           0M           0M           0M 
[2026-04-03T02:00:32.384+0600][20.517s][info][gc,reloc    ] GC(28) y: Forwarding Usage: 0M
[2026-04-03T02:00:32.384+0600][20.517s][info][gc,reloc    ] GC(28) y: Age Table:
[2026-04-03T02:00:32.384+0600][20.517s][info][gc,reloc    ] GC(28) y:                    Live             Garbage             Small              Medium             Large        
[2026-04-03T02:00:32.384+0600][20.517s][info][gc,reloc    ] GC(28) y: Eden               0M (0%)          871M (58%)        436 / 6              0 / 0              0 / 0        
[2026-04-03T02:00:32.384+0600][20.517s][info][gc,reloc    ] GC(28) y: Survivor 1         0M (0%)            5M (0%)           3 / 3              0 / 0              0 / 0        
[2026-04-03T02:00:32.384+0600][20.517s][info][gc,heap     ] GC(28) y: Min Capacity: 8M(1%)
[2026-04-03T02:00:32.384+0600][20.517s][info][gc,heap     ] GC(28) y: Max Capacity: 1500M(100%)
[2026-04-03T02:00:32.384+0600][20.517s][info][gc,heap     ] GC(28) y: Soft Max Capacity: 1500M(100%)
[2026-04-03T02:00:32.384+0600][20.517s][info][gc,heap     ] GC(28) y: Heap Statistics:
[2026-04-03T02:00:32.384+0600][20.517s][info][gc,heap     ] GC(28) y:                Mark Start          Mark End        Relocate Start      Relocate End           High               Low         
[2026-04-03T02:00:32.384+0600][20.517s][info][gc,heap     ] GC(28) y:  Capacity:     1250M (83%)        1250M (83%)        1250M (83%)        1250M (83%)        1250M (83%)        1250M (83%)    
[2026-04-03T02:00:32.384+0600][20.517s][info][gc,heap     ] GC(28) y:      Free:      380M (25%)         352M (23%)        1198M (80%)        1202M (80%)        1206M (80%)         352M (23%)    
[2026-04-03T02:00:32.384+0600][20.517s][info][gc,heap     ] GC(28) y:      Used:     1120M (75%)        1148M (77%)         302M (20%)         298M (20%)        1148M (77%)         294M (20%)    
[2026-04-03T02:00:32.384+0600][20.517s][info][gc,heap     ] GC(28) y: Young Generation Statistics:
[2026-04-03T02:00:32.384+0600][20.517s][info][gc,heap     ] GC(28) y:                Mark Start          Mark End        Relocate Start      Relocate End    
[2026-04-03T02:00:32.384+0600][20.517s][info][gc,heap     ] GC(28) y:      Used:      878M (59%)         906M (60%)          60M (4%)           50M (3%)     
[2026-04-03T02:00:32.384+0600][20.517s][info][gc,heap     ] GC(28) y:      Live:         -                 0M (0%)            0M (0%)            0M (0%)     
[2026-04-03T02:00:32.384+0600][20.517s][info][gc,heap     ] GC(28) y:   Garbage:         -               877M (59%)          19M (1%)            0M (0%)     
[2026-04-03T02:00:32.384+0600][20.517s][info][gc,heap     ] GC(28) y: Allocated:         -                28M (2%)           40M (3%)           49M (3%)     
[2026-04-03T02:00:32.384+0600][20.517s][info][gc,heap     ] GC(28) y: Reclaimed:         -                  -               858M (57%)         877M (59%)    
[2026-04-03T02:00:32.384+0600][20.517s][info][gc,heap     ] GC(28) y:  Promoted:         -                  -                 0M (0%)            0M (0%)     
[2026-04-03T02:00:32.384+0600][20.517s][info][gc,heap     ] GC(28) y: Compacted:         -                  -                  -                 0M (0%)     
[2026-04-03T02:00:32.384+0600][20.517s][info][gc,phases   ] GC(28) y: Young Generation 1120M(75%)->298M(20%) 0.020s
[2026-04-03T02:00:32.384+0600][20.517s][info][gc          ] GC(28) Minor Collection (Allocation Rate) 1120M(75%)->298M(20%) 0.020s
[2026-04-03T02:00:33.082+0600][21.216s][info][gc,exit     ] Stopping ZGC
[2026-04-03T02:00:33.083+0600][21.216s][info][gc,stats    ] === Garbage Collection Statistics =======================================================================================================================
[2026-04-03T02:00:33.083+0600][21.216s][info][gc,stats    ]                                                              Last 10s              Last 10m              Last 10h                Total
[2026-04-03T02:00:33.083+0600][21.216s][info][gc,stats    ]                                                              Avg / Max             Avg / Max             Avg / Max             Avg / Max
[2026-04-03T02:00:33.083+0600][21.216s][info][gc,stats    ]        Contention: Mark Segment Reset Contention                     3 / 17               24 / 396              24 / 396              24 / 396         ops/s
[2026-04-03T02:00:33.083+0600][21.216s][info][gc,stats    ]        Contention: Mark SeqNum Reset Contention                      0 / 1                 0 / 5                 0 / 5                 0 / 5           ops/s
[2026-04-03T02:00:33.083+0600][21.216s][info][gc,stats    ]          Critical: Allocation Stall                                  0 / 0                 0 / 0                 0 / 0                 0 / 0           ops/s
[2026-04-03T02:00:33.083+0600][21.216s][info][gc,stats    ]          Critical: Allocation Stall                              0.000 / 0.000         0.000 / 0.000         0.000 / 0.000         0.000 / 0.000       ms
[2026-04-03T02:00:33.083+0600][21.217s][info][gc,stats    ]          Critical: JNI Critical Stall                                0 / 3                 0 / 3                 0 / 3                 0 / 3           ops/s
[2026-04-03T02:00:33.083+0600][21.217s][info][gc,stats    ]          Critical: JNI Critical Stall                            0.487 / 0.713         0.480 / 0.713         0.480 / 0.713         0.480 / 0.713       ms
[2026-04-03T02:00:33.083+0600][21.217s][info][gc,stats    ]          Critical: Relocation Stall                                  0 / 0                 0 / 0                 0 / 0                 0 / 0           ops/s
[2026-04-03T02:00:33.083+0600][21.217s][info][gc,stats    ]          Critical: Relocation Stall                              0.000 / 0.000         0.000 / 0.000         0.000 / 0.000         0.000 / 0.000       ms
[2026-04-03T02:00:33.083+0600][21.217s][info][gc,stats    ]  Major Collection: Major Collection                            317.494 / 822.331     240.746 / 822.331     240.746 / 822.331     240.746 / 822.331     ms
[2026-04-03T02:00:33.083+0600][21.217s][info][gc,stats    ]            Memory: Allocation Rate                                 835 / 1866            513 / 1866            513 / 1866            513 / 1866        MB/s
[2026-04-03T02:00:33.083+0600][21.217s][info][gc,stats    ]            Memory: Defragment                                        0 / 0                 2 / 48                2 / 48                2 / 48          ops/s
[2026-04-03T02:00:33.083+0600][21.217s][info][gc,stats    ]            Memory: Out Of Memory                                     0 / 0                 0 / 0                 0 / 0                 0 / 0           ops/s
[2026-04-03T02:00:33.083+0600][21.217s][info][gc,stats    ]            Memory: Page Cache Flush                                  0 / 0                 4 / 96                4 / 96                4 / 96          MB/s
[2026-04-03T02:00:33.083+0600][21.217s][info][gc,stats    ]            Memory: Page Cache Hit L1                               414 / 958             229 / 958             229 / 958             229 / 958         ops/s
[2026-04-03T02:00:33.083+0600][21.217s][info][gc,stats    ]            Memory: Page Cache Hit L2                                 0 / 0                 0 / 0                 0 / 0                 0 / 0           ops/s
[2026-04-03T02:00:33.083+0600][21.217s][info][gc,stats    ]            Memory: Page Cache Hit L3                                 0 / 2                 8 / 82                8 / 82                8 / 82          ops/s
[2026-04-03T02:00:33.083+0600][21.217s][info][gc,stats    ]            Memory: Page Cache Miss                                   0 / 2                18 / 186              18 / 186              18 / 186         ops/s
[2026-04-03T02:00:33.083+0600][21.217s][info][gc,stats    ]            Memory: Uncommit                                          0 / 0                 0 / 0                 0 / 0                 0 / 0           MB/s
[2026-04-03T02:00:33.083+0600][21.217s][info][gc,stats    ]            Memory: Undo Object Allocation Failed                     0 / 0                 0 / 0                 0 / 0                 0 / 0           ops/s
[2026-04-03T02:00:33.083+0600][21.217s][info][gc,stats    ]            Memory: Undo Object Allocation Succeeded                107 / 1070             51 / 1070             51 / 1070             51 / 1070        ops/s
[2026-04-03T02:00:33.083+0600][21.217s][info][gc,stats    ]            Memory: Undo Page Allocation                              0 / 0                 0 / 0                 0 / 0                 0 / 0           ops/s
[2026-04-03T02:00:33.083+0600][21.217s][info][gc,stats    ]  Minor Collection: Minor Collection                             85.271 / 246.186     108.523 / 434.048     108.523 / 434.048     108.523 / 434.048     ms
[2026-04-03T02:00:33.083+0600][21.217s][info][gc,stats    ]    Old Generation: Old Generation                              184.166 / 502.442     128.711 / 502.442     128.711 / 502.442     128.711 / 502.442     ms
[2026-04-03T02:00:33.083+0600][21.217s][info][gc,stats    ]         Old Pause: Pause Mark End                                0.031 / 0.050         0.027 / 0.050         0.027 / 0.050         0.027 / 0.050       ms
[2026-04-03T02:00:33.083+0600][21.217s][info][gc,stats    ]         Old Pause: Pause Relocate Start                          0.024 / 0.028         0.027 / 0.054         0.027 / 0.054         0.027 / 0.054       ms
[2026-04-03T02:00:33.083+0600][21.217s][info][gc,stats    ]         Old Phase: Concurrent Mark                             112.556 / 321.085      72.818 / 321.085      72.818 / 321.085      72.818 / 321.085     ms
[2026-04-03T02:00:33.083+0600][21.217s][info][gc,stats    ]         Old Phase: Concurrent Mark Continue                      0.000 / 0.000         0.000 / 0.000         0.000 / 0.000         0.000 / 0.000       ms
[2026-04-03T02:00:33.083+0600][21.217s][info][gc,stats    ]         Old Phase: Concurrent Mark Free                          0.002 / 0.002         0.003 / 0.020         0.003 / 0.020         0.003 / 0.020       ms
[2026-04-03T02:00:33.083+0600][21.217s][info][gc,stats    ]         Old Phase: Concurrent Process Non-Strong                11.333 / 19.385        9.753 / 19.385        9.753 / 19.385        9.753 / 19.385      ms
[2026-04-03T02:00:33.083+0600][21.217s][info][gc,stats    ]         Old Phase: Concurrent Relocate                           7.788 / 26.731        5.107 / 26.731        5.107 / 26.731        5.107 / 26.731      ms
[2026-04-03T02:00:33.083+0600][21.217s][info][gc,stats    ]         Old Phase: Concurrent Remap Roots                       17.599 / 21.114       17.293 / 21.540       17.293 / 21.540       17.293 / 21.540      ms
[2026-04-03T02:00:33.083+0600][21.217s][info][gc,stats    ]         Old Phase: Concurrent Reset Relocation Set               0.004 / 0.015         0.003 / 0.015         0.003 / 0.015         0.003 / 0.015       ms
[2026-04-03T02:00:33.083+0600][21.217s][info][gc,stats    ]         Old Phase: Concurrent Select Relocation Set              3.994 / 7.839         3.492 / 7.839         3.492 / 7.839         3.492 / 7.839       ms
[2026-04-03T02:00:33.083+0600][21.217s][info][gc,stats    ]      Old Subphase: Concurrent Classes Purge                      0.179 / 0.795         0.205 / 0.795         0.205 / 0.795         0.205 / 0.795       ms
[2026-04-03T02:00:33.083+0600][21.217s][info][gc,stats    ]      Old Subphase: Concurrent Classes Unlink                     8.503 / 15.839        7.203 / 15.839        7.203 / 15.839        7.203 / 15.839      ms
[2026-04-03T02:00:33.083+0600][21.217s][info][gc,stats    ]      Old Subphase: Concurrent Mark Follow                      111.634 / 319.693      72.009 / 319.693      72.009 / 319.693      72.009 / 319.693     ms
[2026-04-03T02:00:33.083+0600][21.217s][info][gc,stats    ]      Old Subphase: Concurrent Mark Root Colored                  0.184 / 0.473         0.149 / 0.473         0.149 / 0.473         0.149 / 0.473       ms
[2026-04-03T02:00:33.083+0600][21.217s][info][gc,stats    ]      Old Subphase: Concurrent Mark Root Uncolored                0.422 / 1.276         0.401 / 1.276         0.401 / 1.276         0.401 / 1.276       ms
[2026-04-03T02:00:33.083+0600][21.217s][info][gc,stats    ]      Old Subphase: Concurrent Mark Roots                         0.914 / 1.570         0.802 / 1.570         0.802 / 1.570         0.802 / 1.570       ms
[2026-04-03T02:00:33.083+0600][21.217s][info][gc,stats    ]      Old Subphase: Concurrent References Enqueue                 0.006 / 0.014         0.004 / 0.014         0.004 / 0.014         0.004 / 0.014       ms
[2026-04-03T02:00:33.083+0600][21.217s][info][gc,stats    ]      Old Subphase: Concurrent References Process                 0.796 / 1.239         0.556 / 1.239         0.556 / 1.239         0.556 / 1.239       ms
[2026-04-03T02:00:33.083+0600][21.217s][info][gc,stats    ]      Old Subphase: Concurrent Remap Remembered                  14.411 / 16.360       14.283 / 18.908       14.283 / 18.908       14.283 / 18.908      ms
[2026-04-03T02:00:33.083+0600][21.217s][info][gc,stats    ]      Old Subphase: Concurrent Remap Roots Colored                1.458 / 2.571         1.392 / 2.571         1.392 / 2.571         1.392 / 2.571       ms
[2026-04-03T02:00:33.083+0600][21.217s][info][gc,stats    ]      Old Subphase: Concurrent Remap Roots Uncolored              1.392 / 1.985         1.123 / 1.985         1.123 / 1.985         1.123 / 1.985       ms
[2026-04-03T02:00:33.083+0600][21.217s][info][gc,stats    ]      Old Subphase: Concurrent Roots ClassLoaderDataGraph         0.790 / 2.343         0.793 / 2.343         0.793 / 2.343         0.793 / 2.343       ms
[2026-04-03T02:00:33.083+0600][21.217s][info][gc,stats    ]      Old Subphase: Concurrent Roots CodeCache                    1.310 / 1.733         1.065 / 1.733         1.065 / 1.733         1.065 / 1.733       ms
[2026-04-03T02:00:33.083+0600][21.217s][info][gc,stats    ]      Old Subphase: Concurrent Roots JavaThreads                  0.161 / 1.273         0.140 / 1.273         0.140 / 1.273         0.140 / 1.273       ms
[2026-04-03T02:00:33.083+0600][21.217s][info][gc,stats    ]      Old Subphase: Concurrent Roots OopStorageSet                0.026 / 0.094         0.021 / 0.094         0.021 / 0.094         0.021 / 0.094       ms
[2026-04-03T02:00:33.083+0600][21.217s][info][gc,stats    ]      Old Subphase: Concurrent Weak Roots OopStorageSet           0.511 / 1.895         0.475 / 1.994         0.475 / 1.994         0.475 / 1.994       ms
[2026-04-03T02:00:33.083+0600][21.217s][info][gc,stats    ]            System: Java Threads                                     65 / 101              56 / 101              56 / 101              56 / 101         threads
[2026-04-03T02:00:33.083+0600][21.217s][info][gc,stats    ]  Young Generation: Young Generation                            187.825 / 696.495     135.636 / 696.495     135.636 / 696.495     135.636 / 696.495     ms
[2026-04-03T02:00:33.083+0600][21.217s][info][gc,stats    ]  Young Generation: Young Generation                             84.776 / 245.712     108.032 / 433.616     108.032 / 433.616     108.032 / 433.616     ms
[2026-04-03T02:00:33.083+0600][21.217s][info][gc,stats    ]  Young Generation: Young Generation (Collect Roots)              9.382 / 10.441        9.382 / 10.441        9.382 / 10.441        9.382 / 10.441      ms
[2026-04-03T02:00:33.083+0600][21.217s][info][gc,stats    ]  Young Generation: Young Generation (Promote All)               12.209 / 13.172       12.209 / 13.172       12.209 / 13.172       12.209 / 13.172      ms
[2026-04-03T02:00:33.083+0600][21.217s][info][gc,stats    ]       Young Pause: Pause Mark End                                0.025 / 0.058         0.025 / 0.058         0.025 / 0.058         0.025 / 0.058       ms
[2026-04-03T02:00:33.083+0600][21.217s][info][gc,stats    ]       Young Pause: Pause Mark Start                              0.025 / 0.064         0.025 / 0.064         0.025 / 0.064         0.025 / 0.064       ms
[2026-04-03T02:00:33.083+0600][21.217s][info][gc,stats    ]       Young Pause: Pause Mark Start (Major)                      0.019 / 0.028         0.020 / 0.029         0.020 / 0.029         0.020 / 0.029       ms
[2026-04-03T02:00:33.083+0600][21.217s][info][gc,stats    ]       Young Pause: Pause Relocate Start                          0.030 / 0.175         0.027 / 0.175         0.027 / 0.175         0.027 / 0.175       ms
[2026-04-03T02:00:33.083+0600][21.217s][info][gc,stats    ]       Young Phase: Concurrent Mark                              62.940 / 587.060      68.204 / 587.060      68.204 / 587.060      68.204 / 587.060     ms
[2026-04-03T02:00:33.083+0600][21.217s][info][gc,stats    ]       Young Phase: Concurrent Mark Continue                      0.000 / 0.000         0.000 / 0.000         0.000 / 0.000         0.000 / 0.000       ms
[2026-04-03T02:00:33.083+0600][21.217s][info][gc,stats    ]       Young Phase: Concurrent Mark Free                          0.024 / 0.248         0.020 / 0.248         0.020 / 0.248         0.020 / 0.248       ms
[2026-04-03T02:00:33.083+0600][21.217s][info][gc,stats    ]       Young Phase: Concurrent Relocate                          17.988 / 73.632       19.834 / 85.262       19.834 / 85.262       19.834 / 85.262      ms
[2026-04-03T02:00:33.083+0600][21.217s][info][gc,stats    ]       Young Phase: Concurrent Reset Relocation Set               0.027 / 0.111         0.024 / 0.111         0.024 / 0.111         0.024 / 0.111       ms
[2026-04-03T02:00:33.083+0600][21.217s][info][gc,stats    ]       Young Phase: Concurrent Select Relocation Set              8.749 / 35.715        8.786 / 35.715        8.786 / 35.715        8.786 / 35.715      ms
[2026-04-03T02:00:33.083+0600][21.217s][info][gc,stats    ]    Young Subphase: Concurrent Mark Follow                       56.831 / 581.599      62.279 / 581.599      62.279 / 581.599      62.279 / 581.599     ms
[2026-04-03T02:00:33.083+0600][21.217s][info][gc,stats    ]    Young Subphase: Concurrent Mark Root Colored                  3.523 / 6.147         3.521 / 8.055         3.521 / 8.055         3.521 / 8.055       ms
[2026-04-03T02:00:33.083+0600][21.217s][info][gc,stats    ]    Young Subphase: Concurrent Mark Root Uncolored                2.199 / 5.871         2.003 / 5.871         2.003 / 5.871         2.003 / 5.871       ms
[2026-04-03T02:00:33.083+0600][21.217s][info][gc,stats    ]    Young Subphase: Concurrent Mark Roots                         6.129 / 9.523         5.919 / 9.689         5.919 / 9.689         5.919 / 9.689       ms
[2026-04-03T02:00:33.083+0600][21.217s][info][gc,stats    ]    Young Subphase: Concurrent Relocate Remset FP                 7.255 / 47.014        6.164 / 47.014        6.164 / 47.014        6.164 / 47.014      ms
[2026-04-03T02:00:33.083+0600][21.217s][info][gc,stats    ]    Young Subphase: Concurrent Roots ClassLoaderDataGraph         2.728 / 4.317         2.699 / 6.347         2.699 / 6.347         2.699 / 6.347       ms
[2026-04-03T02:00:33.083+0600][21.217s][info][gc,stats    ]    Young Subphase: Concurrent Roots CodeCache                    1.837 / 4.934         1.644 / 4.934         1.644 / 4.934         1.644 / 4.934       ms
[2026-04-03T02:00:33.083+0600][21.217s][info][gc,stats    ]    Young Subphase: Concurrent Roots JavaThreads                  0.183 / 1.165         0.186 / 2.044         0.186 / 2.044         0.186 / 2.044       ms
[2026-04-03T02:00:33.083+0600][21.217s][info][gc,stats    ]    Young Subphase: Concurrent Roots OopStorageSet                0.034 / 0.231         0.039 / 0.231         0.039 / 0.231         0.039 / 0.231       ms
[2026-04-03T02:00:33.083+0600][21.217s][info][gc,stats    ]    Young Subphase: Concurrent Weak Roots OopStorageSet           0.767 / 2.284         0.789 / 2.284         0.789 / 2.284         0.789 / 2.284       ms
[2026-04-03T02:00:33.083+0600][21.217s][info][gc,stats    ] =========================================================================================================================================================
[2026-04-03T02:00:33.084+0600][21.217s][info][gc,heap,exit] Heap
[2026-04-03T02:00:33.084+0600][21.217s][info][gc,heap,exit]  ZHeap           used 404M, capacity 1250M, max capacity 1500M
[2026-04-03T02:00:33.084+0600][21.217s][info][gc,heap,exit]  Metaspace       used 67057K, committed 67904K, reserved 1114112K
[2026-04-03T02:00:33.084+0600][21.217s][info][gc,heap,exit]   class space    used 8555K, committed 8960K, reserved 1048576K
