[2026-04-03T01:56:17.786+0600][0.005s][info][gc,init] Initializing The Z Garbage Collector
[2026-04-03T01:56:17.787+0600][0.005s][info][gc,init] Version: 21.0.10+7-Ubuntu-124.04 (release)
[2026-04-03T01:56:17.787+0600][0.005s][info][gc,init] Using legacy single-generation mode
[2026-04-03T01:56:17.787+0600][0.005s][info][gc,init] NUMA Support: Disabled
[2026-04-03T01:56:17.787+0600][0.005s][info][gc,init] CPUs: 12 total, 12 available
[2026-04-03T01:56:17.787+0600][0.005s][info][gc,init] Memory: 15683M
[2026-04-03T01:56:17.787+0600][0.005s][info][gc,init] Large Page Support: Disabled
[2026-04-03T01:56:17.787+0600][0.005s][info][gc,init] GC Workers: 3 (dynamic)
[2026-04-03T01:56:17.788+0600][0.006s][info][gc,init] Address Space Type: Contiguous/Unrestricted/Complete
[2026-04-03T01:56:17.788+0600][0.006s][info][gc,init] Address Space Size: 12000M x 3 = 36000M
[2026-04-03T01:56:17.788+0600][0.006s][info][gc,init] Heap Backing File: /memfd:java_heap
[2026-04-03T01:56:17.788+0600][0.006s][info][gc,init] Heap Backing Filesystem: tmpfs (0x1021994)
[2026-04-03T01:56:17.788+0600][0.007s][info][gc,init] Min Capacity: 8M
[2026-04-03T01:56:17.788+0600][0.007s][info][gc,init] Initial Capacity: 246M
[2026-04-03T01:56:17.788+0600][0.007s][info][gc,init] Max Capacity: 750M
[2026-04-03T01:56:17.788+0600][0.007s][info][gc,init] Medium Page Size: 16M
[2026-04-03T01:56:17.788+0600][0.007s][info][gc,init] Pre-touch: Disabled
[2026-04-03T01:56:17.788+0600][0.007s][info][gc,init] Available space on backing filesystem: N/A
[2026-04-03T01:56:17.789+0600][0.008s][info][gc,init] Uncommit: Enabled
[2026-04-03T01:56:17.789+0600][0.008s][info][gc,init] Uncommit Delay: 300s
[2026-04-03T01:56:17.875+0600][0.094s][info][gc,init] Runtime Workers: 7
[2026-04-03T01:56:17.876+0600][0.095s][info][gc     ] Using The Z Garbage Collector
[2026-04-03T01:56:17.886+0600][0.105s][info][gc,metaspace] CDS archive(s) mapped at: [0x000078d7d3000000-0x000078d7d3c9c000-0x000078d7d3c9c000), size 13221888, SharedBaseAddress: 0x000078d7d3000000, ArchiveRelocationMode: 1.
[2026-04-03T01:56:17.887+0600][0.105s][info][gc,metaspace] Compressed class space mapped at: 0x000078d7d4000000-0x000078d814000000, reserved size: 1073741824
[2026-04-03T01:56:17.887+0600][0.105s][info][gc,metaspace] Narrow klass base: 0x000078d7d3000000, Narrow klass shift: 0, Narrow klass range: 0x100000000
[2026-04-03T01:56:18.397+0600][0.616s][info][gc,start    ] GC(0) Garbage Collection (Warmup)
[2026-04-03T01:56:18.397+0600][0.616s][info][gc,task     ] GC(0) Using 3 workers
[2026-04-03T01:56:18.397+0600][0.616s][info][gc,phases   ] GC(0) Pause Mark Start 0.009ms
[2026-04-03T01:56:18.402+0600][0.621s][info][gc,phases   ] GC(0) Concurrent Mark 4.877ms
[2026-04-03T01:56:18.403+0600][0.621s][info][gc,phases   ] GC(0) Pause Mark End 0.013ms
[2026-04-03T01:56:18.403+0600][0.621s][info][gc,phases   ] GC(0) Concurrent Mark Free 0.002ms
[2026-04-03T01:56:18.404+0600][0.623s][info][gc,phases   ] GC(0) Concurrent Process Non-Strong References 1.284ms
[2026-04-03T01:56:18.404+0600][0.623s][info][gc,phases   ] GC(0) Concurrent Reset Relocation Set 0.001ms
[2026-04-03T01:56:18.411+0600][0.630s][info][gc,phases   ] GC(0) Concurrent Select Relocation Set 7.275ms
[2026-04-03T01:56:18.412+0600][0.630s][info][gc,phases   ] GC(0) Pause Relocate Start 0.009ms
[2026-04-03T01:56:18.413+0600][0.632s][info][gc,phases   ] GC(0) Concurrent Relocate 1.508ms
[2026-04-03T01:56:18.413+0600][0.632s][info][gc,load     ] GC(0) Load: 4.10/6.55/7.06
[2026-04-03T01:56:18.413+0600][0.632s][info][gc,mmu      ] GC(0) MMU: 2ms/99.4%, 5ms/99.7%, 10ms/99.8%, 20ms/99.8%, 50ms/99.9%, 100ms/100.0%
[2026-04-03T01:56:18.413+0600][0.632s][info][gc,marking  ] GC(0) Mark: 2 stripe(s), 2 proactive flush(es), 1 terminate flush(es), 0 completion(s), 0 continuation(s) 
[2026-04-03T01:56:18.413+0600][0.632s][info][gc,marking  ] GC(0) Mark Stack Usage: 32M
[2026-04-03T01:56:18.413+0600][0.632s][info][gc,nmethod  ] GC(0) NMethods: 657 registered, 67 unregistered
[2026-04-03T01:56:18.413+0600][0.632s][info][gc,metaspace] GC(0) Metaspace: 3M used, 4M committed, 1088M reserved
[2026-04-03T01:56:18.413+0600][0.632s][info][gc,ref      ] GC(0) Soft: 134 encountered, 0 discovered, 0 enqueued
[2026-04-03T01:56:18.413+0600][0.632s][info][gc,ref      ] GC(0) Weak: 405 encountered, 256 discovered, 98 enqueued
[2026-04-03T01:56:18.413+0600][0.632s][info][gc,ref      ] GC(0) Final: 0 encountered, 0 discovered, 0 enqueued
[2026-04-03T01:56:18.413+0600][0.632s][info][gc,ref      ] GC(0) Phantom: 25 encountered, 19 discovered, 0 enqueued
[2026-04-03T01:56:18.413+0600][0.632s][info][gc,reloc    ] GC(0) Small Pages: 49 / 98M, Empty: 0M, Relocated: 1M, In-Place: 0
[2026-04-03T01:56:18.413+0600][0.632s][info][gc,reloc    ] GC(0) Medium Pages: 0 / 0M, Empty: 0M, Relocated: 0M, In-Place: 0
[2026-04-03T01:56:18.413+0600][0.632s][info][gc,reloc    ] GC(0) Large Pages: 0 / 0M, Empty: 0M, Relocated: 0M, In-Place: 0
[2026-04-03T01:56:18.413+0600][0.632s][info][gc,reloc    ] GC(0) Forwarding Usage: 0M
[2026-04-03T01:56:18.413+0600][0.632s][info][gc,heap     ] GC(0) Min Capacity: 8M(1%)
[2026-04-03T01:56:18.413+0600][0.632s][info][gc,heap     ] GC(0) Max Capacity: 750M(100%)
[2026-04-03T01:56:18.413+0600][0.632s][info][gc,heap     ] GC(0) Soft Max Capacity: 750M(100%)
[2026-04-03T01:56:18.413+0600][0.632s][info][gc,heap     ] GC(0)                Mark Start          Mark End        Relocate Start      Relocate End           High               Low         
[2026-04-03T01:56:18.413+0600][0.632s][info][gc,heap     ] GC(0)  Capacity:      246M (33%)         246M (33%)         246M (33%)         246M (33%)         246M (33%)         246M (33%)    
[2026-04-03T01:56:18.413+0600][0.632s][info][gc,heap     ] GC(0)      Free:      652M (87%)         650M (87%)         646M (86%)         734M (98%)         734M (98%)         644M (86%)    
[2026-04-03T01:56:18.413+0600][0.632s][info][gc,heap     ] GC(0)      Used:       98M (13%)         100M (13%)         104M (14%)          16M (2%)          106M (14%)          16M (2%)     
[2026-04-03T01:56:18.413+0600][0.632s][info][gc,heap     ] GC(0)      Live:         -                 3M (0%)            3M (0%)            3M (0%)             -                  -          
[2026-04-03T01:56:18.413+0600][0.632s][info][gc,heap     ] GC(0) Allocated:         -                 2M (0%)            6M (1%)            5M (1%)             -                  -          
[2026-04-03T01:56:18.413+0600][0.632s][info][gc,heap     ] GC(0)   Garbage:         -                94M (13%)          94M (13%)           6M (1%)             -                  -          
[2026-04-03T01:56:18.413+0600][0.632s][info][gc,heap     ] GC(0) Reclaimed:         -                  -                 0M (0%)           87M (12%)            -                  -          
[2026-04-03T01:56:18.414+0600][0.632s][info][gc          ] GC(0) Garbage Collection (Warmup) 98M(13%)->16M(2%)
[2026-04-03T01:56:18.897+0600][1.116s][info][gc,start    ] GC(1) Garbage Collection (Warmup)
[2026-04-03T01:56:18.897+0600][1.116s][info][gc,task     ] GC(1) Using 3 workers
[2026-04-03T01:56:18.898+0600][1.116s][info][gc,phases   ] GC(1) Pause Mark Start 0.008ms
[2026-04-03T01:56:18.905+0600][1.124s][info][gc,phases   ] GC(1) Concurrent Mark 7.094ms
[2026-04-03T01:56:18.905+0600][1.124s][info][gc,phases   ] GC(1) Pause Mark End 0.017ms
[2026-04-03T01:56:18.905+0600][1.124s][info][gc,phases   ] GC(1) Concurrent Mark Free 0.002ms
[2026-04-03T01:56:18.907+0600][1.126s][info][gc,phases   ] GC(1) Concurrent Process Non-Strong References 1.725ms
[2026-04-03T01:56:18.907+0600][1.126s][info][gc,phases   ] GC(1) Concurrent Reset Relocation Set 0.004ms
[2026-04-03T01:56:18.910+0600][1.129s][info][gc,phases   ] GC(1) Concurrent Select Relocation Set 3.360ms
[2026-04-03T01:56:18.911+0600][1.130s][info][gc,phases   ] GC(1) Pause Relocate Start 0.009ms
[2026-04-03T01:56:18.915+0600][1.134s][info][gc,phases   ] GC(1) Concurrent Relocate 4.015ms
[2026-04-03T01:56:18.915+0600][1.134s][info][gc,load     ] GC(1) Load: 4.10/6.55/7.06
[2026-04-03T01:56:18.915+0600][1.134s][info][gc,mmu      ] GC(1) MMU: 2ms/99.1%, 5ms/99.7%, 10ms/99.7%, 20ms/99.8%, 50ms/99.9%, 100ms/100.0%
[2026-04-03T01:56:18.915+0600][1.134s][info][gc,marking  ] GC(1) Mark: 2 stripe(s), 2 proactive flush(es), 1 terminate flush(es), 0 completion(s), 0 continuation(s) 
[2026-04-03T01:56:18.915+0600][1.134s][info][gc,marking  ] GC(1) Mark Stack Usage: 32M
[2026-04-03T01:56:18.915+0600][1.134s][info][gc,nmethod  ] GC(1) NMethods: 1087 registered, 120 unregistered
[2026-04-03T01:56:18.915+0600][1.134s][info][gc,metaspace] GC(1) Metaspace: 9M used, 9M committed, 1088M reserved
[2026-04-03T01:56:18.915+0600][1.134s][info][gc,ref      ] GC(1) Soft: 211 encountered, 0 discovered, 0 enqueued
[2026-04-03T01:56:18.915+0600][1.134s][info][gc,ref      ] GC(1) Weak: 827 encountered, 570 discovered, 181 enqueued
[2026-04-03T01:56:18.915+0600][1.134s][info][gc,ref      ] GC(1) Final: 0 encountered, 0 discovered, 0 enqueued
[2026-04-03T01:56:18.915+0600][1.134s][info][gc,ref      ] GC(1) Phantom: 28 encountered, 10 discovered, 0 enqueued
[2026-04-03T01:56:18.915+0600][1.134s][info][gc,reloc    ] GC(1) Small Pages: 93 / 186M, Empty: 0M, Relocated: 4M, In-Place: 0
[2026-04-03T01:56:18.915+0600][1.134s][info][gc,reloc    ] GC(1) Medium Pages: 0 / 0M, Empty: 0M, Relocated: 0M, In-Place: 0
[2026-04-03T01:56:18.915+0600][1.134s][info][gc,reloc    ] GC(1) Large Pages: 0 / 0M, Empty: 0M, Relocated: 0M, In-Place: 0
[2026-04-03T01:56:18.915+0600][1.134s][info][gc,reloc    ] GC(1) Forwarding Usage: 1M
[2026-04-03T01:56:18.915+0600][1.134s][info][gc,heap     ] GC(1) Min Capacity: 8M(1%)
[2026-04-03T01:56:18.915+0600][1.134s][info][gc,heap     ] GC(1) Max Capacity: 750M(100%)
[2026-04-03T01:56:18.915+0600][1.134s][info][gc,heap     ] GC(1) Soft Max Capacity: 750M(100%)
[2026-04-03T01:56:18.915+0600][1.134s][info][gc,heap     ] GC(1)                Mark Start          Mark End        Relocate Start      Relocate End           High               Low         
[2026-04-03T01:56:18.915+0600][1.134s][info][gc,heap     ] GC(1)  Capacity:      246M (33%)         246M (33%)         246M (33%)         246M (33%)         246M (33%)         246M (33%)    
[2026-04-03T01:56:18.915+0600][1.134s][info][gc,heap     ] GC(1)      Free:      564M (75%)         560M (75%)         558M (74%)         736M (98%)         736M (98%)         556M (74%)    
[2026-04-03T01:56:18.915+0600][1.134s][info][gc,heap     ] GC(1)      Used:      186M (25%)         190M (25%)         192M (26%)          14M (2%)          194M (26%)          14M (2%)     
[2026-04-03T01:56:18.915+0600][1.134s][info][gc,heap     ] GC(1)      Live:         -                 4M (1%)            4M (1%)            4M (1%)             -                  -          
[2026-04-03T01:56:18.915+0600][1.134s][info][gc,heap     ] GC(1) Allocated:         -                 4M (1%)            6M (1%)            5M (1%)             -                  -          
[2026-04-03T01:56:18.915+0600][1.134s][info][gc,heap     ] GC(1)   Garbage:         -               181M (24%)         181M (24%)           3M (0%)             -                  -          
[2026-04-03T01:56:18.915+0600][1.134s][info][gc,heap     ] GC(1) Reclaimed:         -                  -                 0M (0%)          177M (24%)            -                  -          
[2026-04-03T01:56:18.915+0600][1.134s][info][gc          ] GC(1) Garbage Collection (Warmup) 186M(25%)->14M(2%)
[2026-04-03T01:56:21.497+0600][3.716s][info][gc,start    ] GC(2) Garbage Collection (Warmup)
[2026-04-03T01:56:21.497+0600][3.716s][info][gc,task     ] GC(2) Using 3 workers
[2026-04-03T01:56:21.497+0600][3.716s][info][gc,phases   ] GC(2) Pause Mark Start 0.012ms
[2026-04-03T01:56:21.520+0600][3.739s][info][gc,phases   ] GC(2) Concurrent Mark 22.988ms
[2026-04-03T01:56:21.521+0600][3.739s][info][gc,phases   ] GC(2) Pause Mark End 0.031ms
[2026-04-03T01:56:21.521+0600][3.740s][info][gc,phases   ] GC(2) Concurrent Mark Free 0.002ms
[2026-04-03T01:56:21.525+0600][3.744s][info][gc,phases   ] GC(2) Concurrent Process Non-Strong References 4.272ms
[2026-04-03T01:56:21.526+0600][3.744s][info][gc,phases   ] GC(2) Concurrent Reset Relocation Set 0.013ms
[2026-04-03T01:56:21.533+0600][3.752s][info][gc,phases   ] GC(2) Concurrent Select Relocation Set 4.616ms
[2026-04-03T01:56:21.534+0600][3.752s][info][gc,phases   ] GC(2) Pause Relocate Start 0.021ms
[2026-04-03T01:56:21.543+0600][3.762s][info][gc,phases   ] GC(2) Concurrent Relocate 9.631ms
[2026-04-03T01:56:21.543+0600][3.762s][info][gc,load     ] GC(2) Load: 3.85/6.46/7.03
[2026-04-03T01:56:21.543+0600][3.762s][info][gc,mmu      ] GC(2) MMU: 2ms/98.5%, 5ms/99.4%, 10ms/99.7%, 20ms/99.7%, 50ms/99.9%, 100ms/99.9%
[2026-04-03T01:56:21.543+0600][3.762s][info][gc,marking  ] GC(2) Mark: 2 stripe(s), 2 proactive flush(es), 1 terminate flush(es), 0 completion(s), 0 continuation(s) 
[2026-04-03T01:56:21.543+0600][3.762s][info][gc,marking  ] GC(2) Mark Stack Usage: 32M
[2026-04-03T01:56:21.543+0600][3.762s][info][gc,nmethod  ] GC(2) NMethods: 1479 registered, 104 unregistered
[2026-04-03T01:56:21.544+0600][3.762s][info][gc,metaspace] GC(2) Metaspace: 16M used, 16M committed, 1088M reserved
[2026-04-03T01:56:21.544+0600][3.762s][info][gc,ref      ] GC(2) Soft: 319 encountered, 0 discovered, 0 enqueued
[2026-04-03T01:56:21.544+0600][3.762s][info][gc,ref      ] GC(2) Weak: 1058 encountered, 737 discovered, 137 enqueued
[2026-04-03T01:56:21.544+0600][3.762s][info][gc,ref      ] GC(2) Final: 0 encountered, 0 discovered, 0 enqueued
[2026-04-03T01:56:21.544+0600][3.762s][info][gc,ref      ] GC(2) Phantom: 557 encountered, 422 discovered, 0 enqueued
[2026-04-03T01:56:21.544+0600][3.762s][info][gc,reloc    ] GC(2) Small Pages: 103 / 206M, Empty: 0M, Relocated: 9M, In-Place: 0
[2026-04-03T01:56:21.544+0600][3.762s][info][gc,reloc    ] GC(2) Medium Pages: 1 / 16M, Empty: 0M, Relocated: 0M, In-Place: 0
[2026-04-03T01:56:21.544+0600][3.762s][info][gc,reloc    ] GC(2) Large Pages: 1 / 4M, Empty: 0M, Relocated: 0M, In-Place: 0
[2026-04-03T01:56:21.544+0600][3.762s][info][gc,reloc    ] GC(2) Forwarding Usage: 1M
[2026-04-03T01:56:21.544+0600][3.762s][info][gc,heap     ] GC(2) Min Capacity: 8M(1%)
[2026-04-03T01:56:21.544+0600][3.762s][info][gc,heap     ] GC(2) Max Capacity: 750M(100%)
[2026-04-03T01:56:21.544+0600][3.762s][info][gc,heap     ] GC(2) Soft Max Capacity: 750M(100%)
[2026-04-03T01:56:21.544+0600][3.762s][info][gc,heap     ] GC(2)                Mark Start          Mark End        Relocate Start      Relocate End           High               Low         
[2026-04-03T01:56:21.544+0600][3.762s][info][gc,heap     ] GC(2)  Capacity:      246M (33%)         246M (33%)         246M (33%)         246M (33%)         246M (33%)         246M (33%)    
[2026-04-03T01:56:21.544+0600][3.763s][info][gc,heap     ] GC(2)      Free:      524M (70%)         522M (70%)         522M (70%)         710M (95%)         710M (95%)         518M (69%)    
[2026-04-03T01:56:21.544+0600][3.763s][info][gc,heap     ] GC(2)      Used:      226M (30%)         228M (30%)         228M (30%)          40M (5%)          232M (31%)          40M (5%)     
[2026-04-03T01:56:21.544+0600][3.763s][info][gc,heap     ] GC(2)      Live:         -                19M (3%)           19M (3%)           19M (3%)             -                  -          
[2026-04-03T01:56:21.544+0600][3.763s][info][gc,heap     ] GC(2) Allocated:         -                 2M (0%)            2M (0%)            1M (0%)             -                  -          
[2026-04-03T01:56:21.544+0600][3.763s][info][gc,heap     ] GC(2)   Garbage:         -               206M (28%)         206M (28%)          18M (2%)             -                  -          
[2026-04-03T01:56:21.544+0600][3.763s][info][gc,heap     ] GC(2) Reclaimed:         -                  -                 0M (0%)          187M (25%)            -                  -          
[2026-04-03T01:56:21.544+0600][3.763s][info][gc          ] GC(2) Garbage Collection (Warmup) 226M(30%)->40M(5%)
[2026-04-03T01:56:23.256+0600][5.475s][info][gc,start    ] GC(3) Garbage Collection (Metadata GC Threshold)
[2026-04-03T01:56:23.257+0600][5.475s][info][gc,task     ] GC(3) Using 3 workers
[2026-04-03T01:56:23.257+0600][5.476s][info][gc,phases   ] GC(3) Pause Mark Start 0.011ms
[2026-04-03T01:56:23.273+0600][5.492s][info][gc,phases   ] GC(3) Concurrent Mark 15.625ms
[2026-04-03T01:56:23.273+0600][5.492s][info][gc,phases   ] GC(3) Pause Mark End 0.019ms
[2026-04-03T01:56:23.273+0600][5.492s][info][gc,phases   ] GC(3) Concurrent Mark Free 0.001ms
[2026-04-03T01:56:23.277+0600][5.496s][info][gc,phases   ] GC(3) Concurrent Process Non-Strong References 3.744ms
[2026-04-03T01:56:23.277+0600][5.496s][info][gc,phases   ] GC(3) Concurrent Reset Relocation Set 0.009ms
[2026-04-03T01:56:23.280+0600][5.499s][info][gc,phases   ] GC(3) Concurrent Select Relocation Set 2.796ms
[2026-04-03T01:56:23.280+0600][5.499s][info][gc,phases   ] GC(3) Pause Relocate Start 0.012ms
[2026-04-03T01:56:23.284+0600][5.503s][info][gc,phases   ] GC(3) Concurrent Relocate 3.563ms
[2026-04-03T01:56:23.284+0600][5.503s][info][gc,load     ] GC(3) Load: 3.85/6.46/7.03
[2026-04-03T01:56:23.284+0600][5.503s][info][gc,mmu      ] GC(3) MMU: 2ms/98.5%, 5ms/99.4%, 10ms/99.7%, 20ms/99.7%, 50ms/99.9%, 100ms/99.9%
[2026-04-03T01:56:23.284+0600][5.503s][info][gc,marking  ] GC(3) Mark: 2 stripe(s), 2 proactive flush(es), 1 terminate flush(es), 0 completion(s), 0 continuation(s) 
[2026-04-03T01:56:23.284+0600][5.503s][info][gc,marking  ] GC(3) Mark Stack Usage: 32M
[2026-04-03T01:56:23.284+0600][5.503s][info][gc,nmethod  ] GC(3) NMethods: 2289 registered, 282 unregistered
[2026-04-03T01:56:23.284+0600][5.503s][info][gc,metaspace] GC(3) Metaspace: 28M used, 28M committed, 1088M reserved
[2026-04-03T01:56:23.284+0600][5.503s][info][gc,ref      ] GC(3) Soft: 3750 encountered, 0 discovered, 0 enqueued
[2026-04-03T01:56:23.284+0600][5.503s][info][gc,ref      ] GC(3) Weak: 2044 encountered, 470 discovered, 357 enqueued
[2026-04-03T01:56:23.284+0600][5.503s][info][gc,ref      ] GC(3) Final: 0 encountered, 0 discovered, 0 enqueued
[2026-04-03T01:56:23.284+0600][5.503s][info][gc,ref      ] GC(3) Phantom: 563 encountered, 340 discovered, 0 enqueued
[2026-04-03T01:56:23.284+0600][5.503s][info][gc,reloc    ] GC(3) Small Pages: 54 / 108M, Empty: 0M, Relocated: 4M, In-Place: 0
[2026-04-03T01:56:23.284+0600][5.503s][info][gc,reloc    ] GC(3) Medium Pages: 2 / 32M, Empty: 16M, Relocated: 0M, In-Place: 0
[2026-04-03T01:56:23.284+0600][5.503s][info][gc,reloc    ] GC(3) Large Pages: 1 / 4M, Empty: 0M, Relocated: 0M, In-Place: 0
[2026-04-03T01:56:23.284+0600][5.503s][info][gc,reloc    ] GC(3) Forwarding Usage: 1M
[2026-04-03T01:56:23.284+0600][5.503s][info][gc,heap     ] GC(3) Min Capacity: 8M(1%)
[2026-04-03T01:56:23.284+0600][5.503s][info][gc,heap     ] GC(3) Max Capacity: 750M(100%)
[2026-04-03T01:56:23.284+0600][5.503s][info][gc,heap     ] GC(3) Soft Max Capacity: 750M(100%)
[2026-04-03T01:56:23.284+0600][5.503s][info][gc,heap     ] GC(3)                Mark Start          Mark End        Relocate Start      Relocate End           High               Low         
[2026-04-03T01:56:23.284+0600][5.503s][info][gc,heap     ] GC(3)  Capacity:      262M (35%)         262M (35%)         262M (35%)         262M (35%)         262M (35%)         262M (35%)    
[2026-04-03T01:56:23.284+0600][5.503s][info][gc,heap     ] GC(3)      Free:      606M (81%)         604M (81%)         620M (83%)         708M (94%)         708M (94%)         604M (81%)    
[2026-04-03T01:56:23.284+0600][5.503s][info][gc,heap     ] GC(3)      Used:      144M (19%)         146M (19%)         130M (17%)          42M (6%)          146M (19%)          42M (6%)     
[2026-04-03T01:56:23.284+0600][5.503s][info][gc,heap     ] GC(3)      Live:         -                23M (3%)           23M (3%)           23M (3%)             -                  -          
[2026-04-03T01:56:23.284+0600][5.503s][info][gc,heap     ] GC(3) Allocated:         -                 2M (0%)            2M (0%)            1M (0%)             -                  -          
[2026-04-03T01:56:23.284+0600][5.503s][info][gc,heap     ] GC(3)   Garbage:         -               120M (16%)         104M (14%)          16M (2%)             -                  -          
[2026-04-03T01:56:23.284+0600][5.503s][info][gc,heap     ] GC(3) Reclaimed:         -                  -                16M (2%)          103M (14%)            -                  -          
[2026-04-03T01:56:23.284+0600][5.503s][info][gc          ] GC(3) Garbage Collection (Metadata GC Threshold) 144M(19%)->42M(6%)
[2026-04-03T01:56:26.297+0600][8.516s][info][gc,start    ] GC(4) Garbage Collection (Proactive)
[2026-04-03T01:56:26.297+0600][8.516s][info][gc,task     ] GC(4) Using 3 workers
[2026-04-03T01:56:26.297+0600][8.516s][info][gc,phases   ] GC(4) Pause Mark Start 0.008ms
[2026-04-03T01:56:26.320+0600][8.539s][info][gc,phases   ] GC(4) Concurrent Mark 22.433ms
[2026-04-03T01:56:26.320+0600][8.539s][info][gc,phases   ] GC(4) Pause Mark End 0.023ms
[2026-04-03T01:56:26.320+0600][8.539s][info][gc,phases   ] GC(4) Concurrent Mark Free 0.001ms
[2026-04-03T01:56:26.324+0600][8.543s][info][gc,phases   ] GC(4) Concurrent Process Non-Strong References 4.135ms
[2026-04-03T01:56:26.324+0600][8.543s][info][gc,phases   ] GC(4) Concurrent Reset Relocation Set 0.011ms
[2026-04-03T01:56:26.328+0600][8.547s][info][gc,phases   ] GC(4) Concurrent Select Relocation Set 4.058ms
[2026-04-03T01:56:26.329+0600][8.548s][info][gc,phases   ] GC(4) Pause Relocate Start 0.015ms
[2026-04-03T01:56:26.340+0600][8.559s][info][gc,phases   ] GC(4) Concurrent Relocate 11.502ms
[2026-04-03T01:56:26.340+0600][8.559s][info][gc,load     ] GC(4) Load: 3.70/6.39/7.00
[2026-04-03T01:56:26.340+0600][8.559s][info][gc,mmu      ] GC(4) MMU: 2ms/98.5%, 5ms/99.4%, 10ms/99.6%, 20ms/99.7%, 50ms/99.9%, 100ms/99.9%
[2026-04-03T01:56:26.340+0600][8.559s][info][gc,marking  ] GC(4) Mark: 2 stripe(s), 2 proactive flush(es), 1 terminate flush(es), 0 completion(s), 0 continuation(s) 
[2026-04-03T01:56:26.340+0600][8.559s][info][gc,marking  ] GC(4) Mark Stack Usage: 32M
[2026-04-03T01:56:26.340+0600][8.559s][info][gc,nmethod  ] GC(4) NMethods: 2747 registered, 99 unregistered
[2026-04-03T01:56:26.341+0600][8.559s][info][gc,metaspace] GC(4) Metaspace: 42M used, 42M committed, 1088M reserved
[2026-04-03T01:56:26.341+0600][8.559s][info][gc,ref      ] GC(4) Soft: 3920 encountered, 0 discovered, 0 enqueued
[2026-04-03T01:56:26.341+0600][8.559s][info][gc,ref      ] GC(4) Weak: 2983 encountered, 1960 discovered, 463 enqueued
[2026-04-03T01:56:26.341+0600][8.559s][info][gc,ref      ] GC(4) Final: 80 encountered, 0 discovered, 0 enqueued
[2026-04-03T01:56:26.341+0600][8.559s][info][gc,ref      ] GC(4) Phantom: 580 encountered, 375 discovered, 1 enqueued
[2026-04-03T01:56:26.341+0600][8.559s][info][gc,reloc    ] GC(4) Small Pages: 76 / 152M, Empty: 0M, Relocated: 8M, In-Place: 0
[2026-04-03T01:56:26.341+0600][8.559s][info][gc,reloc    ] GC(4) Medium Pages: 2 / 32M, Empty: 0M, Relocated: 3M, In-Place: 0
[2026-04-03T01:56:26.341+0600][8.559s][info][gc,reloc    ] GC(4) Large Pages: 1 / 4M, Empty: 0M, Relocated: 0M, In-Place: 0
[2026-04-03T01:56:26.341+0600][8.559s][info][gc,reloc    ] GC(4) Forwarding Usage: 3M
[2026-04-03T01:56:26.341+0600][8.559s][info][gc,heap     ] GC(4) Min Capacity: 8M(1%)
[2026-04-03T01:56:26.341+0600][8.559s][info][gc,heap     ] GC(4) Max Capacity: 750M(100%)
[2026-04-03T01:56:26.341+0600][8.559s][info][gc,heap     ] GC(4) Soft Max Capacity: 750M(100%)
[2026-04-03T01:56:26.341+0600][8.559s][info][gc,heap     ] GC(4)                Mark Start          Mark End        Relocate Start      Relocate End           High               Low         
[2026-04-03T01:56:26.341+0600][8.559s][info][gc,heap     ] GC(4)  Capacity:      262M (35%)         262M (35%)         262M (35%)         278M (37%)         278M (37%)         262M (35%)    
[2026-04-03T01:56:26.341+0600][8.559s][info][gc,heap     ] GC(4)      Free:      562M (75%)         554M (74%)         554M (74%)         694M (93%)         694M (93%)         534M (71%)    
[2026-04-03T01:56:26.341+0600][8.559s][info][gc,heap     ] GC(4)      Used:      188M (25%)         196M (26%)         196M (26%)          56M (7%)          216M (29%)          56M (7%)     
[2026-04-03T01:56:26.341+0600][8.560s][info][gc,heap     ] GC(4)      Live:         -                28M (4%)           28M (4%)           28M (4%)             -                  -          
[2026-04-03T01:56:26.341+0600][8.560s][info][gc,heap     ] GC(4) Allocated:         -                 8M (1%)            8M (1%)            9M (1%)             -                  -          
[2026-04-03T01:56:26.341+0600][8.560s][info][gc,heap     ] GC(4)   Garbage:         -               159M (21%)         159M (21%)          17M (2%)             -                  -          
[2026-04-03T01:56:26.341+0600][8.560s][info][gc,heap     ] GC(4) Reclaimed:         -                  -                 0M (0%)          141M (19%)            -                  -          
[2026-04-03T01:56:26.341+0600][8.560s][info][gc          ] GC(4) Garbage Collection (Proactive) 188M(25%)->56M(7%)
[2026-04-03T01:56:27.298+0600][9.516s][info][gc,start    ] GC(5) Garbage Collection (Allocation Rate)
[2026-04-03T01:56:27.298+0600][9.516s][info][gc,task     ] GC(5) Using 3 workers
[2026-04-03T01:56:27.298+0600][9.517s][info][gc,phases   ] GC(5) Pause Mark Start 0.008ms
[2026-04-03T01:56:27.363+0600][9.582s][info][gc,phases   ] GC(5) Concurrent Mark 65.443ms
[2026-04-03T01:56:27.364+0600][9.583s][info][gc,phases   ] GC(5) Pause Mark End 0.025ms
[2026-04-03T01:56:27.364+0600][9.583s][info][gc,phases   ] GC(5) Concurrent Mark Free 0.003ms
[2026-04-03T01:56:27.368+0600][9.587s][info][gc,phases   ] GC(5) Concurrent Process Non-Strong References 4.110ms
[2026-04-03T01:56:27.368+0600][9.587s][info][gc,phases   ] GC(5) Concurrent Reset Relocation Set 0.006ms
[2026-04-03T01:56:27.380+0600][9.599s][info][gc,phases   ] GC(5) Concurrent Select Relocation Set 11.681ms
[2026-04-03T01:56:27.380+0600][9.599s][info][gc,phases   ] GC(5) Pause Relocate Start 0.015ms
[2026-04-03T01:56:27.414+0600][9.633s][info][gc,phases   ] GC(5) Concurrent Relocate 33.412ms
[2026-04-03T01:56:27.414+0600][9.633s][info][gc,load     ] GC(5) Load: 3.70/6.39/7.00
[2026-04-03T01:56:27.414+0600][9.633s][info][gc,mmu      ] GC(5) MMU: 2ms/98.5%, 5ms/99.4%, 10ms/99.6%, 20ms/99.7%, 50ms/99.9%, 100ms/99.9%
[2026-04-03T01:56:27.414+0600][9.633s][info][gc,marking  ] GC(5) Mark: 2 stripe(s), 3 proactive flush(es), 1 terminate flush(es), 0 completion(s), 0 continuation(s) 
[2026-04-03T01:56:27.414+0600][9.633s][info][gc,marking  ] GC(5) Mark Stack Usage: 32M
[2026-04-03T01:56:27.414+0600][9.633s][info][gc,nmethod  ] GC(5) NMethods: 3038 registered, 85 unregistered
[2026-04-03T01:56:27.414+0600][9.633s][info][gc,metaspace] GC(5) Metaspace: 47M used, 48M committed, 1088M reserved
[2026-04-03T01:56:27.414+0600][9.633s][info][gc,ref      ] GC(5) Soft: 3982 encountered, 0 discovered, 0 enqueued
[2026-04-03T01:56:27.414+0600][9.633s][info][gc,ref      ] GC(5) Weak: 2982 encountered, 328 discovered, 256 enqueued
[2026-04-03T01:56:27.414+0600][9.633s][info][gc,ref      ] GC(5) Final: 82 encountered, 0 discovered, 0 enqueued
[2026-04-03T01:56:27.414+0600][9.633s][info][gc,ref      ] GC(5) Phantom: 582 encountered, 305 discovered, 0 enqueued
[2026-04-03T01:56:27.414+0600][9.633s][info][gc,reloc    ] GC(5) Small Pages: 247 / 494M, Empty: 0M, Relocated: 35M, In-Place: 0
[2026-04-03T01:56:27.414+0600][9.633s][info][gc,reloc    ] GC(5) Medium Pages: 1 / 16M, Empty: 0M, Relocated: 0M, In-Place: 0
[2026-04-03T01:56:27.414+0600][9.633s][info][gc,reloc    ] GC(5) Large Pages: 1 / 4M, Empty: 0M, Relocated: 0M, In-Place: 0
[2026-04-03T01:56:27.414+0600][9.633s][info][gc,reloc    ] GC(5) Forwarding Usage: 24M
[2026-04-03T01:56:27.414+0600][9.633s][info][gc,heap     ] GC(5) Min Capacity: 8M(1%)
[2026-04-03T01:56:27.414+0600][9.633s][info][gc,heap     ] GC(5) Max Capacity: 750M(100%)
[2026-04-03T01:56:27.414+0600][9.633s][info][gc,heap     ] GC(5) Soft Max Capacity: 750M(100%)
[2026-04-03T01:56:27.414+0600][9.633s][info][gc,heap     ] GC(5)                Mark Start          Mark End        Relocate Start      Relocate End           High               Low         
[2026-04-03T01:56:27.414+0600][9.633s][info][gc,heap     ] GC(5)  Capacity:      514M (69%)         548M (73%)         556M (74%)         562M (75%)         562M (75%)         514M (69%)    
[2026-04-03T01:56:27.414+0600][9.633s][info][gc,heap     ] GC(5)      Free:      236M (31%)         202M (27%)         194M (26%)         598M (80%)         598M (80%)         188M (25%)    
[2026-04-03T01:56:27.414+0600][9.633s][info][gc,heap     ] GC(5)      Used:      514M (69%)         548M (73%)         556M (74%)         152M (20%)         562M (75%)         152M (20%)    
[2026-04-03T01:56:27.414+0600][9.633s][info][gc,heap     ] GC(5)      Live:         -                63M (8%)           63M (8%)           63M (8%)             -                  -          
[2026-04-03T01:56:27.414+0600][9.633s][info][gc,heap     ] GC(5) Allocated:         -                34M (5%)           42M (6%)           69M (9%)             -                  -          
[2026-04-03T01:56:27.414+0600][9.633s][info][gc,heap     ] GC(5)   Garbage:         -               450M (60%)         450M (60%)          18M (2%)             -                  -          
[2026-04-03T01:56:27.414+0600][9.633s][info][gc,heap     ] GC(5) Reclaimed:         -                  -                 0M (0%)          431M (58%)            -                  -          
[2026-04-03T01:56:27.414+0600][9.633s][info][gc          ] GC(5) Garbage Collection (Allocation Rate) 514M(69%)->152M(20%)
[2026-04-03T01:56:27.497+0600][9.716s][info][gc,start    ] GC(6) Garbage Collection (Allocation Rate)
[2026-04-03T01:56:27.497+0600][9.716s][info][gc,task     ] GC(6) Using 3 workers
[2026-04-03T01:56:27.497+0600][9.716s][info][gc,phases   ] GC(6) Pause Mark Start 0.009ms
[2026-04-03T01:56:27.562+0600][9.781s][info][gc,phases   ] GC(6) Concurrent Mark 64.676ms
[2026-04-03T01:56:27.562+0600][9.781s][info][gc,phases   ] GC(6) Pause Mark End 0.026ms
[2026-04-03T01:56:27.563+0600][9.781s][info][gc,phases   ] GC(6) Concurrent Mark Free 0.011ms
[2026-04-03T01:56:27.566+0600][9.785s][info][gc,phases   ] GC(6) Concurrent Process Non-Strong References 3.779ms
[2026-04-03T01:56:27.566+0600][9.785s][info][gc,phases   ] GC(6) Concurrent Reset Relocation Set 0.018ms
[2026-04-03T01:56:27.571+0600][9.790s][info][gc,phases   ] GC(6) Concurrent Select Relocation Set 4.339ms
[2026-04-03T01:56:27.571+0600][9.790s][info][gc,phases   ] GC(6) Pause Relocate Start 0.012ms
[2026-04-03T01:56:27.583+0600][9.802s][info][gc,phases   ] GC(6) Concurrent Relocate 11.963ms
[2026-04-03T01:56:27.583+0600][9.802s][info][gc,load     ] GC(6) Load: 3.70/6.39/7.00
[2026-04-03T01:56:27.583+0600][9.802s][info][gc,mmu      ] GC(6) MMU: 2ms/98.5%, 5ms/99.4%, 10ms/99.6%, 20ms/99.7%, 50ms/99.9%, 100ms/99.9%
[2026-04-03T01:56:27.583+0600][9.802s][info][gc,marking  ] GC(6) Mark: 2 stripe(s), 2 proactive flush(es), 1 terminate flush(es), 0 completion(s), 0 continuation(s) 
[2026-04-03T01:56:27.583+0600][9.802s][info][gc,marking  ] GC(6) Mark Stack Usage: 32M
[2026-04-03T01:56:27.583+0600][9.802s][info][gc,nmethod  ] GC(6) NMethods: 3039 registered, 85 unregistered
[2026-04-03T01:56:27.583+0600][9.802s][info][gc,metaspace] GC(6) Metaspace: 47M used, 48M committed, 1088M reserved
[2026-04-03T01:56:27.583+0600][9.802s][info][gc,ref      ] GC(6) Soft: 3982 encountered, 0 discovered, 0 enqueued
[2026-04-03T01:56:27.583+0600][9.802s][info][gc,ref      ] GC(6) Weak: 2726 encountered, 1337 discovered, 0 enqueued
[2026-04-03T01:56:27.583+0600][9.802s][info][gc,ref      ] GC(6) Final: 82 encountered, 0 discovered, 0 enqueued
[2026-04-03T01:56:27.583+0600][9.802s][info][gc,ref      ] GC(6) Phantom: 582 encountered, 453 discovered, 0 enqueued
[2026-04-03T01:56:27.583+0600][9.802s][info][gc,reloc    ] GC(6) Small Pages: 117 / 234M, Empty: 0M, Relocated: 13M, In-Place: 0
[2026-04-03T01:56:27.583+0600][9.802s][info][gc,reloc    ] GC(6) Medium Pages: 1 / 16M, Empty: 0M, Relocated: 0M, In-Place: 0
[2026-04-03T01:56:27.583+0600][9.802s][info][gc,reloc    ] GC(6) Large Pages: 1 / 4M, Empty: 0M, Relocated: 0M, In-Place: 0
[2026-04-03T01:56:27.583+0600][9.802s][info][gc,reloc    ] GC(6) Forwarding Usage: 10M
[2026-04-03T01:56:27.583+0600][9.802s][info][gc,heap     ] GC(6) Min Capacity: 8M(1%)
[2026-04-03T01:56:27.583+0600][9.802s][info][gc,heap     ] GC(6) Max Capacity: 750M(100%)
[2026-04-03T01:56:27.583+0600][9.802s][info][gc,heap     ] GC(6) Soft Max Capacity: 750M(100%)
[2026-04-03T01:56:27.584+0600][9.802s][info][gc,heap     ] GC(6)                Mark Start          Mark End        Relocate Start      Relocate End           High               Low         
[2026-04-03T01:56:27.584+0600][9.802s][info][gc,heap     ] GC(6)  Capacity:      562M (75%)         562M (75%)         562M (75%)         562M (75%)         562M (75%)         562M (75%)    
[2026-04-03T01:56:27.584+0600][9.802s][info][gc,heap     ] GC(6)      Free:      496M (66%)         450M (60%)         446M (59%)         592M (79%)         592M (79%)         440M (59%)    
[2026-04-03T01:56:27.584+0600][9.802s][info][gc,heap     ] GC(6)      Used:      254M (34%)         300M (40%)         304M (41%)         158M (21%)         310M (41%)         158M (21%)    
[2026-04-03T01:56:27.584+0600][9.802s][info][gc,heap     ] GC(6)      Live:         -                76M (10%)          76M (10%)          76M (10%)            -                  -          
[2026-04-03T01:56:27.584+0600][9.802s][info][gc,heap     ] GC(6) Allocated:         -                46M (6%)           50M (7%)           61M (8%)             -                  -          
[2026-04-03T01:56:27.584+0600][9.802s][info][gc,heap     ] GC(6)   Garbage:         -               177M (24%)         177M (24%)          19M (3%)             -                  -          
[2026-04-03T01:56:27.584+0600][9.802s][info][gc,heap     ] GC(6) Reclaimed:         -                  -                 0M (0%)          157M (21%)            -                  -          
[2026-04-03T01:56:27.584+0600][9.802s][info][gc          ] GC(6) Garbage Collection (Allocation Rate) 254M(34%)->158M(21%)
[2026-04-03T01:56:27.697+0600][9.916s][info][gc,start    ] GC(7) Garbage Collection (Allocation Rate)
[2026-04-03T01:56:27.697+0600][9.916s][info][gc,task     ] GC(7) Using 3 workers
[2026-04-03T01:56:27.697+0600][9.916s][info][gc,phases   ] GC(7) Pause Mark Start 0.009ms
[2026-04-03T01:56:27.757+0600][9.976s][info][gc,phases   ] GC(7) Concurrent Mark 59.628ms
[2026-04-03T01:56:27.758+0600][9.977s][info][gc,phases   ] GC(7) Pause Mark End 0.061ms
[2026-04-03T01:56:27.758+0600][9.977s][info][gc,phases   ] GC(7) Concurrent Mark Free 0.003ms
[2026-04-03T01:56:27.761+0600][9.980s][info][gc,phases   ] GC(7) Concurrent Process Non-Strong References 3.326ms
[2026-04-03T01:56:27.761+0600][9.980s][info][gc,phases   ] GC(7) Concurrent Reset Relocation Set 0.012ms
[2026-04-03T01:56:27.765+0600][9.984s][info][gc,phases   ] GC(7) Concurrent Select Relocation Set 3.434ms
[2026-04-03T01:56:27.765+0600][9.984s][info][gc,phases   ] GC(7) Pause Relocate Start 0.013ms
[2026-04-03T01:56:27.778+0600][9.997s][info][gc,phases   ] GC(7) Concurrent Relocate 12.337ms
[2026-04-03T01:56:27.778+0600][9.997s][info][gc,load     ] GC(7) Load: 3.70/6.39/7.00
[2026-04-03T01:56:27.778+0600][9.997s][info][gc,mmu      ] GC(7) MMU: 2ms/96.9%, 5ms/98.8%, 10ms/99.3%, 20ms/99.6%, 50ms/99.9%, 100ms/99.9%
[2026-04-03T01:56:27.778+0600][9.997s][info][gc,marking  ] GC(7) Mark: 2 stripe(s), 2 proactive flush(es), 1 terminate flush(es), 0 completion(s), 0 continuation(s) 
[2026-04-03T01:56:27.778+0600][9.997s][info][gc,marking  ] GC(7) Mark Stack Usage: 32M
[2026-04-03T01:56:27.778+0600][9.997s][info][gc,nmethod  ] GC(7) NMethods: 3039 registered, 85 unregistered
[2026-04-03T01:56:27.778+0600][9.997s][info][gc,metaspace] GC(7) Metaspace: 47M used, 48M committed, 1088M reserved
[2026-04-03T01:56:27.778+0600][9.997s][info][gc,ref      ] GC(7) Soft: 3982 encountered, 0 discovered, 0 enqueued
[2026-04-03T01:56:27.778+0600][9.997s][info][gc,ref      ] GC(7) Weak: 2726 encountered, 773 discovered, 0 enqueued
[2026-04-03T01:56:27.778+0600][9.997s][info][gc,ref      ] GC(7) Final: 82 encountered, 0 discovered, 0 enqueued
[2026-04-03T01:56:27.778+0600][9.997s][info][gc,ref      ] GC(7) Phantom: 582 encountered, 358 discovered, 0 enqueued
[2026-04-03T01:56:27.778+0600][9.997s][info][gc,reloc    ] GC(7) Small Pages: 133 / 266M, Empty: 0M, Relocated: 15M, In-Place: 0
[2026-04-03T01:56:27.778+0600][9.997s][info][gc,reloc    ] GC(7) Medium Pages: 1 / 16M, Empty: 0M, Relocated: 0M, In-Place: 0
[2026-04-03T01:56:27.778+0600][9.997s][info][gc,reloc    ] GC(7) Large Pages: 1 / 4M, Empty: 0M, Relocated: 0M, In-Place: 0
[2026-04-03T01:56:27.778+0600][9.997s][info][gc,reloc    ] GC(7) Forwarding Usage: 12M
[2026-04-03T01:56:27.778+0600][9.997s][info][gc,heap     ] GC(7) Min Capacity: 8M(1%)
[2026-04-03T01:56:27.778+0600][9.997s][info][gc,heap     ] GC(7) Max Capacity: 750M(100%)
[2026-04-03T01:56:27.778+0600][9.997s][info][gc,heap     ] GC(7) Soft Max Capacity: 750M(100%)
[2026-04-03T01:56:27.778+0600][9.997s][info][gc,heap     ] GC(7)                Mark Start          Mark End        Relocate Start      Relocate End           High               Low         
[2026-04-03T01:56:27.778+0600][9.997s][info][gc,heap     ] GC(7)  Capacity:      562M (75%)         562M (75%)         562M (75%)         562M (75%)         562M (75%)         562M (75%)    
[2026-04-03T01:56:27.778+0600][9.997s][info][gc,heap     ] GC(7)      Free:      464M (62%)         402M (54%)         396M (53%)         560M (75%)         560M (75%)         388M (52%)    
[2026-04-03T01:56:27.778+0600][9.997s][info][gc,heap     ] GC(7)      Used:      286M (38%)         348M (46%)         354M (47%)         190M (25%)         362M (48%)         190M (25%)    
[2026-04-03T01:56:27.778+0600][9.997s][info][gc,heap     ] GC(7)      Live:         -                91M (12%)          91M (12%)          91M (12%)            -                  -          
[2026-04-03T01:56:27.778+0600][9.997s][info][gc,heap     ] GC(7) Allocated:         -                62M (8%)           68M (9%)           79M (11%)            -                  -          
[2026-04-03T01:56:27.778+0600][9.997s][info][gc,heap     ] GC(7)   Garbage:         -               194M (26%)         194M (26%)          18M (2%)             -                  -          
[2026-04-03T01:56:27.778+0600][9.997s][info][gc,heap     ] GC(7) Reclaimed:         -                  -                 0M (0%)          175M (23%)            -                  -          
[2026-04-03T01:56:27.778+0600][9.997s][info][gc          ] GC(7) Garbage Collection (Allocation Rate) 286M(38%)->190M(25%)
[2026-04-03T01:56:27.897+0600][10.115s][info][gc,stats    ] === Garbage Collection Statistics =======================================================================================================================
[2026-04-03T01:56:27.897+0600][10.115s][info][gc,stats    ]                                                              Last 10s              Last 10m              Last 10h                Total
[2026-04-03T01:56:27.897+0600][10.116s][info][gc,stats    ]                                                              Avg / Max             Avg / Max             Avg / Max             Avg / Max
[2026-04-03T01:56:27.897+0600][10.116s][info][gc,stats    ]   Collector: Garbage Collection Cycle                     54.387 / 116.353      54.387 / 116.353      54.387 / 116.353      54.387 / 116.353     ms
[2026-04-03T01:56:27.897+0600][10.116s][info][gc,stats    ]  Contention: Mark Segment Reset Contention                     1 / 4                 1 / 4                 1 / 4                 1 / 4           ops/s
[2026-04-03T01:56:27.897+0600][10.116s][info][gc,stats    ]  Contention: Mark SeqNum Reset Contention                      0 / 1                 0 / 1                 0 / 1                 0 / 1           ops/s
[2026-04-03T01:56:27.897+0600][10.116s][info][gc,stats    ]    Critical: Allocation Stall                                  0 / 0                 0 / 0                 0 / 0                 0 / 0           ops/s
[2026-04-03T01:56:27.897+0600][10.116s][info][gc,stats    ]    Critical: Allocation Stall                              0.000 / 0.000         0.000 / 0.000         0.000 / 0.000         0.000 / 0.000       ms
[2026-04-03T01:56:27.897+0600][10.116s][info][gc,stats    ]    Critical: GC Locker Stall                                   0 / 1                 0 / 1                 0 / 1                 0 / 1           ops/s
[2026-04-03T01:56:27.897+0600][10.116s][info][gc,stats    ]    Critical: GC Locker Stall                               0.007 / 0.014         0.007 / 0.014         0.007 / 0.014         0.007 / 0.014       ms
[2026-04-03T01:56:27.897+0600][10.116s][info][gc,stats    ]    Critical: Relocation Stall                                  0 / 0                 0 / 0                 0 / 0                 0 / 0           ops/s
[2026-04-03T01:56:27.897+0600][10.116s][info][gc,stats    ]    Critical: Relocation Stall                              0.000 / 0.000         0.000 / 0.000         0.000 / 0.000         0.000 / 0.000       ms
[2026-04-03T01:56:27.897+0600][10.116s][info][gc,stats    ]      Memory: Allocation Rate                                 180 / 870             180 / 870             180 / 870             180 / 870         MB/s
[2026-04-03T01:56:27.897+0600][10.116s][info][gc,stats    ]      Memory: Defragment                                        0 / 8                 0 / 8                 0 / 8                 0 / 8           ops/s
[2026-04-03T01:56:27.897+0600][10.116s][info][gc,stats    ]      Memory: Out Of Memory                                     0 / 0                 0 / 0                 0 / 0                 0 / 0           ops/s
[2026-04-03T01:56:27.897+0600][10.116s][info][gc,stats    ]      Memory: Page Cache Flush                                  1 / 16                1 / 16                1 / 16                1 / 16          MB/s
[2026-04-03T01:56:27.897+0600][10.116s][info][gc,stats    ]      Memory: Page Cache Hit L1                                67 / 312              67 / 312              67 / 312              67 / 312         ops/s
[2026-04-03T01:56:27.897+0600][10.116s][info][gc,stats    ]      Memory: Page Cache Hit L2                                 0 / 0                 0 / 0                 0 / 0                 0 / 0           ops/s
[2026-04-03T01:56:27.897+0600][10.116s][info][gc,stats    ]      Memory: Page Cache Hit L3                                12 / 93               12 / 93               12 / 93               12 / 93          ops/s
[2026-04-03T01:56:27.897+0600][10.116s][info][gc,stats    ]      Memory: Page Cache Miss                                  14 / 142              14 / 142              14 / 142              14 / 142         ops/s
[2026-04-03T01:56:27.897+0600][10.116s][info][gc,stats    ]      Memory: Uncommit                                          0 / 0                 0 / 0                 0 / 0                 0 / 0           MB/s
[2026-04-03T01:56:27.897+0600][10.116s][info][gc,stats    ]      Memory: Undo Object Allocation Failed                     0 / 0                 0 / 0                 0 / 0                 0 / 0           ops/s
[2026-04-03T01:56:27.897+0600][10.116s][info][gc,stats    ]      Memory: Undo Object Allocation Succeeded                  0 / 1                 0 / 1                 0 / 1                 0 / 1           ops/s
[2026-04-03T01:56:27.897+0600][10.116s][info][gc,stats    ]      Memory: Undo Page Allocation                              0 / 0                 0 / 0                 0 / 0                 0 / 0           ops/s
[2026-04-03T01:56:27.897+0600][10.116s][info][gc,stats    ]       Phase: Concurrent Mark                              32.845 / 65.443       32.845 / 65.443       32.845 / 65.443       32.845 / 65.443      ms
[2026-04-03T01:56:27.897+0600][10.116s][info][gc,stats    ]       Phase: Concurrent Mark Continue                      0.000 / 0.000         0.000 / 0.000         0.000 / 0.000         0.000 / 0.000       ms
[2026-04-03T01:56:27.897+0600][10.116s][info][gc,stats    ]       Phase: Concurrent Mark Free                          0.003 / 0.011         0.003 / 0.011         0.003 / 0.011         0.003 / 0.011       ms
[2026-04-03T01:56:27.897+0600][10.116s][info][gc,stats    ]       Phase: Concurrent Process Non-Strong References      3.297 / 4.272         3.297 / 4.272         3.297 / 4.272         3.297 / 4.272       ms
[2026-04-03T01:56:27.897+0600][10.116s][info][gc,stats    ]       Phase: Concurrent Relocate                          10.991 / 33.412       10.991 / 33.412       10.991 / 33.412       10.991 / 33.412      ms
[2026-04-03T01:56:27.897+0600][10.116s][info][gc,stats    ]       Phase: Concurrent Reset Relocation Set               0.009 / 0.018         0.009 / 0.018         0.009 / 0.018         0.009 / 0.018       ms
[2026-04-03T01:56:27.897+0600][10.116s][info][gc,stats    ]       Phase: Concurrent Select Relocation Set              5.195 / 11.681        5.195 / 11.681        5.195 / 11.681        5.195 / 11.681      ms
[2026-04-03T01:56:27.897+0600][10.116s][info][gc,stats    ]       Phase: Pause Mark End                                0.027 / 0.061         0.027 / 0.061         0.027 / 0.061         0.027 / 0.061       ms
[2026-04-03T01:56:27.897+0600][10.116s][info][gc,stats    ]       Phase: Pause Mark Start                              0.009 / 0.012         0.009 / 0.012         0.009 / 0.012         0.009 / 0.012       ms
[2026-04-03T01:56:27.897+0600][10.116s][info][gc,stats    ]       Phase: Pause Relocate Start                          0.013 / 0.021         0.013 / 0.021         0.013 / 0.021         0.013 / 0.021       ms
[2026-04-03T01:56:27.897+0600][10.116s][info][gc,stats    ]    Subphase: Concurrent Classes Purge                      0.143 / 0.271         0.143 / 0.271         0.143 / 0.271         0.143 / 0.271       ms
[2026-04-03T01:56:27.897+0600][10.116s][info][gc,stats    ]    Subphase: Concurrent Classes Unlink                     1.957 / 2.528         1.957 / 2.528         1.957 / 2.528         1.957 / 2.528       ms
[2026-04-03T01:56:27.897+0600][10.116s][info][gc,stats    ]    Subphase: Concurrent Mark                              31.495 / 64.463       31.495 / 64.463       31.495 / 64.463       31.495 / 64.463      ms
[2026-04-03T01:56:27.897+0600][10.116s][info][gc,stats    ]    Subphase: Concurrent Mark Try Flush                     0.354 / 4.324         0.354 / 4.324         0.354 / 4.324         0.354 / 4.324       ms
[2026-04-03T01:56:27.897+0600][10.116s][info][gc,stats    ]    Subphase: Concurrent Mark Try Terminate                 0.926 / 4.028         0.926 / 4.028         0.926 / 4.028         0.926 / 4.028       ms
[2026-04-03T01:56:27.897+0600][10.116s][info][gc,stats    ]    Subphase: Concurrent References Enqueue                 0.005 / 0.014         0.005 / 0.014         0.005 / 0.014         0.005 / 0.014       ms
[2026-04-03T01:56:27.897+0600][10.116s][info][gc,stats    ]    Subphase: Concurrent References Process                 0.303 / 0.520         0.303 / 0.520         0.303 / 0.520         0.303 / 0.520       ms
[2026-04-03T01:56:27.897+0600][10.116s][info][gc,stats    ]    Subphase: Concurrent Roots ClassLoaderDataGraph         0.131 / 0.473         0.131 / 0.473         0.131 / 0.473         0.131 / 0.473       ms
[2026-04-03T01:56:27.897+0600][10.116s][info][gc,stats    ]    Subphase: Concurrent Roots CodeCache                    0.000 / 0.000         0.000 / 0.000         0.000 / 0.000         0.000 / 0.000       ms
[2026-04-03T01:56:27.897+0600][10.116s][info][gc,stats    ]    Subphase: Concurrent Roots JavaThreads                  0.442 / 1.353         0.442 / 1.353         0.442 / 1.353         0.442 / 1.353       ms
[2026-04-03T01:56:27.897+0600][10.116s][info][gc,stats    ]    Subphase: Concurrent Roots OopStorageSet                0.047 / 0.112         0.047 / 0.112         0.047 / 0.112         0.047 / 0.112       ms
[2026-04-03T01:56:27.897+0600][10.116s][info][gc,stats    ]    Subphase: Concurrent Weak Roots OopStorageSet           0.466 / 0.813         0.466 / 0.813         0.466 / 0.813         0.466 / 0.813       ms
[2026-04-03T01:56:27.897+0600][10.116s][info][gc,stats    ]    Subphase: Pause Mark Try Complete                       0.000 / 0.000         0.000 / 0.000         0.000 / 0.000         0.000 / 0.000       ms
[2026-04-03T01:56:27.897+0600][10.116s][info][gc,stats    ]      System: Java Threads                                     30 / 53               30 / 53               30 / 53               30 / 53          threads
[2026-04-03T01:56:27.897+0600][10.116s][info][gc,stats    ] =========================================================================================================================================================
[2026-04-03T01:56:27.897+0600][10.116s][info][gc,start    ] GC(8) Garbage Collection (Allocation Rate)
[2026-04-03T01:56:27.897+0600][10.116s][info][gc,task     ] GC(8) Using 3 workers
[2026-04-03T01:56:27.898+0600][10.116s][info][gc,phases   ] GC(8) Pause Mark Start 0.041ms
[2026-04-03T01:56:27.970+0600][10.189s][info][gc,phases   ] GC(8) Concurrent Mark 72.256ms
[2026-04-03T01:56:27.970+0600][10.189s][info][gc,phases   ] GC(8) Pause Mark End 0.019ms
[2026-04-03T01:56:27.970+0600][10.189s][info][gc,phases   ] GC(8) Concurrent Mark Free 0.003ms
[2026-04-03T01:56:27.974+0600][10.192s][info][gc,phases   ] GC(8) Concurrent Process Non-Strong References 3.251ms
[2026-04-03T01:56:27.974+0600][10.193s][info][gc,phases   ] GC(8) Concurrent Reset Relocation Set 0.012ms
[2026-04-03T01:56:27.978+0600][10.197s][info][gc,phases   ] GC(8) Concurrent Select Relocation Set 4.135ms
[2026-04-03T01:56:27.978+0600][10.197s][info][gc,phases   ] GC(8) Pause Relocate Start 0.006ms
[2026-04-03T01:56:27.994+0600][10.213s][info][gc,phases   ] GC(8) Concurrent Relocate 15.587ms
[2026-04-03T01:56:27.994+0600][10.213s][info][gc,load     ] GC(8) Load: 3.70/6.39/7.00
[2026-04-03T01:56:27.994+0600][10.213s][info][gc,mmu      ] GC(8) MMU: 2ms/96.9%, 5ms/98.8%, 10ms/99.3%, 20ms/99.6%, 50ms/99.9%, 100ms/99.9%
[2026-04-03T01:56:27.994+0600][10.213s][info][gc,marking  ] GC(8) Mark: 2 stripe(s), 4 proactive flush(es), 1 terminate flush(es), 0 completion(s), 0 continuation(s) 
[2026-04-03T01:56:27.994+0600][10.213s][info][gc,marking  ] GC(8) Mark Stack Usage: 32M
[2026-04-03T01:56:27.994+0600][10.213s][info][gc,nmethod  ] GC(8) NMethods: 3039 registered, 85 unregistered
[2026-04-03T01:56:27.994+0600][10.213s][info][gc,metaspace] GC(8) Metaspace: 47M used, 48M committed, 1088M reserved
[2026-04-03T01:56:27.994+0600][10.213s][info][gc,ref      ] GC(8) Soft: 3982 encountered, 0 discovered, 0 enqueued
[2026-04-03T01:56:27.994+0600][10.213s][info][gc,ref      ] GC(8) Weak: 2726 encountered, 1102 discovered, 0 enqueued
[2026-04-03T01:56:27.994+0600][10.213s][info][gc,ref      ] GC(8) Final: 82 encountered, 0 discovered, 0 enqueued
[2026-04-03T01:56:27.994+0600][10.213s][info][gc,ref      ] GC(8) Phantom: 582 encountered, 391 discovered, 0 enqueued
[2026-04-03T01:56:27.994+0600][10.213s][info][gc,reloc    ] GC(8) Small Pages: 160 / 320M, Empty: 0M, Relocated: 20M, In-Place: 0
[2026-04-03T01:56:27.994+0600][10.213s][info][gc,reloc    ] GC(8) Medium Pages: 1 / 16M, Empty: 0M, Relocated: 0M, In-Place: 0
[2026-04-03T01:56:27.994+0600][10.213s][info][gc,reloc    ] GC(8) Large Pages: 1 / 4M, Empty: 0M, Relocated: 0M, In-Place: 0
[2026-04-03T01:56:27.994+0600][10.213s][info][gc,reloc    ] GC(8) Forwarding Usage: 15M
[2026-04-03T01:56:27.994+0600][10.213s][info][gc,heap     ] GC(8) Min Capacity: 8M(1%)
[2026-04-03T01:56:27.994+0600][10.213s][info][gc,heap     ] GC(8) Max Capacity: 750M(100%)
[2026-04-03T01:56:27.994+0600][10.213s][info][gc,heap     ] GC(8) Soft Max Capacity: 750M(100%)
[2026-04-03T01:56:27.994+0600][10.213s][info][gc,heap     ] GC(8)                Mark Start          Mark End        Relocate Start      Relocate End           High               Low         
[2026-04-03T01:56:27.994+0600][10.213s][info][gc,heap     ] GC(8)  Capacity:      562M (75%)         562M (75%)         562M (75%)         562M (75%)         562M (75%)         562M (75%)    
[2026-04-03T01:56:27.994+0600][10.213s][info][gc,heap     ] GC(8)      Free:      410M (55%)         352M (47%)         346M (46%)         544M (73%)         544M (73%)         340M (45%)    
[2026-04-03T01:56:27.994+0600][10.213s][info][gc,heap     ] GC(8)      Used:      340M (45%)         398M (53%)         404M (54%)         206M (27%)         410M (55%)         206M (27%)    
[2026-04-03T01:56:27.994+0600][10.213s][info][gc,heap     ] GC(8)      Live:         -               109M (15%)         109M (15%)         109M (15%)            -                  -          
[2026-04-03T01:56:27.994+0600][10.213s][info][gc,heap     ] GC(8) Allocated:         -                58M (8%)           64M (9%)           77M (10%)            -                  -          
[2026-04-03T01:56:27.994+0600][10.213s][info][gc,heap     ] GC(8)   Garbage:         -               230M (31%)         230M (31%)          18M (2%)             -                  -          
[2026-04-03T01:56:27.994+0600][10.213s][info][gc,heap     ] GC(8) Reclaimed:         -                  -                 0M (0%)          211M (28%)            -                  -          
[2026-04-03T01:56:27.994+0600][10.213s][info][gc          ] GC(8) Garbage Collection (Allocation Rate) 340M(45%)->206M(27%)
[2026-04-03T01:56:28.097+0600][10.316s][info][gc,start    ] GC(9) Garbage Collection (Allocation Rate)
[2026-04-03T01:56:28.097+0600][10.316s][info][gc,task     ] GC(9) Using 3 workers
[2026-04-03T01:56:28.097+0600][10.316s][info][gc,phases   ] GC(9) Pause Mark Start 0.009ms
[2026-04-03T01:56:28.179+0600][10.398s][info][gc,phases   ] GC(9) Concurrent Mark 81.650ms
[2026-04-03T01:56:28.179+0600][10.398s][info][gc,phases   ] GC(9) Pause Mark End 0.023ms
[2026-04-03T01:56:28.179+0600][10.398s][info][gc,phases   ] GC(9) Concurrent Mark Free 0.003ms
[2026-04-03T01:56:28.182+0600][10.401s][info][gc,phases   ] GC(9) Concurrent Process Non-Strong References 3.107ms
[2026-04-03T01:56:28.183+0600][10.401s][info][gc,phases   ] GC(9) Concurrent Reset Relocation Set 0.012ms
[2026-04-03T01:56:28.186+0600][10.405s][info][gc,phases   ] GC(9) Concurrent Select Relocation Set 3.244ms
[2026-04-03T01:56:28.186+0600][10.405s][info][gc,phases   ] GC(9) Pause Relocate Start 0.010ms
[2026-04-03T01:56:28.200+0600][10.419s][info][gc,phases   ] GC(9) Concurrent Relocate 14.054ms
[2026-04-03T01:56:28.200+0600][10.419s][info][gc,load     ] GC(9) Load: 3.70/6.39/7.00
[2026-04-03T01:56:28.200+0600][10.419s][info][gc,mmu      ] GC(9) MMU: 2ms/96.9%, 5ms/98.8%, 10ms/99.3%, 20ms/99.6%, 50ms/99.9%, 100ms/99.9%
[2026-04-03T01:56:28.200+0600][10.419s][info][gc,marking  ] GC(9) Mark: 2 stripe(s), 4 proactive flush(es), 1 terminate flush(es), 0 completion(s), 0 continuation(s) 
[2026-04-03T01:56:28.200+0600][10.419s][info][gc,marking  ] GC(9) Mark Stack Usage: 32M
[2026-04-03T01:56:28.200+0600][10.419s][info][gc,nmethod  ] GC(9) NMethods: 3039 registered, 85 unregistered
[2026-04-03T01:56:28.200+0600][10.419s][info][gc,metaspace] GC(9) Metaspace: 47M used, 48M committed, 1088M reserved
[2026-04-03T01:56:28.200+0600][10.419s][info][gc,ref      ] GC(9) Soft: 3982 encountered, 0 discovered, 0 enqueued
[2026-04-03T01:56:28.200+0600][10.419s][info][gc,ref      ] GC(9) Weak: 2726 encountered, 826 discovered, 0 enqueued
[2026-04-03T01:56:28.200+0600][10.419s][info][gc,ref      ] GC(9) Final: 82 encountered, 0 discovered, 0 enqueued
[2026-04-03T01:56:28.200+0600][10.419s][info][gc,ref      ] GC(9) Phantom: 582 encountered, 416 discovered, 0 enqueued
[2026-04-03T01:56:28.200+0600][10.419s][info][gc,reloc    ] GC(9) Small Pages: 158 / 316M, Empty: 0M, Relocated: 18M, In-Place: 0
[2026-04-03T01:56:28.200+0600][10.419s][info][gc,reloc    ] GC(9) Medium Pages: 1 / 16M, Empty: 0M, Relocated: 0M, In-Place: 0
[2026-04-03T01:56:28.200+0600][10.419s][info][gc,reloc    ] GC(9) Large Pages: 1 / 4M, Empty: 0M, Relocated: 0M, In-Place: 0
[2026-04-03T01:56:28.200+0600][10.419s][info][gc,reloc    ] GC(9) Forwarding Usage: 14M
[2026-04-03T01:56:28.200+0600][10.419s][info][gc,heap     ] GC(9) Min Capacity: 8M(1%)
[2026-04-03T01:56:28.200+0600][10.419s][info][gc,heap     ] GC(9) Max Capacity: 750M(100%)
[2026-04-03T01:56:28.200+0600][10.419s][info][gc,heap     ] GC(9) Soft Max Capacity: 750M(100%)
[2026-04-03T01:56:28.200+0600][10.419s][info][gc,heap     ] GC(9)                Mark Start          Mark End        Relocate Start      Relocate End           High               Low         
[2026-04-03T01:56:28.200+0600][10.419s][info][gc,heap     ] GC(9)  Capacity:      562M (75%)         562M (75%)         562M (75%)         562M (75%)         562M (75%)         562M (75%)    
[2026-04-03T01:56:28.200+0600][10.419s][info][gc,heap     ] GC(9)      Free:      414M (55%)         330M (44%)         324M (43%)         500M (67%)         502M (67%)         316M (42%)    
[2026-04-03T01:56:28.200+0600][10.419s][info][gc,heap     ] GC(9)      Used:      336M (45%)         420M (56%)         426M (57%)         250M (33%)         434M (58%)         248M (33%)    
[2026-04-03T01:56:28.200+0600][10.419s][info][gc,heap     ] GC(9)      Live:         -               125M (17%)         125M (17%)         125M (17%)            -                  -          
[2026-04-03T01:56:28.200+0600][10.419s][info][gc,heap     ] GC(9) Allocated:         -                84M (11%)          90M (12%)         103M (14%)            -                  -          
[2026-04-03T01:56:28.200+0600][10.419s][info][gc,heap     ] GC(9)   Garbage:         -               210M (28%)         210M (28%)          20M (3%)             -                  -          
[2026-04-03T01:56:28.200+0600][10.419s][info][gc,heap     ] GC(9) Reclaimed:         -                  -                 0M (0%)          189M (25%)            -                  -          
[2026-04-03T01:56:28.201+0600][10.419s][info][gc          ] GC(9) Garbage Collection (Allocation Rate) 336M(45%)->250M(33%)
[2026-04-03T01:56:28.297+0600][10.516s][info][gc,start    ] GC(10) Garbage Collection (Allocation Rate)
[2026-04-03T01:56:28.297+0600][10.516s][info][gc,task     ] GC(10) Using 3 workers
[2026-04-03T01:56:28.297+0600][10.516s][info][gc,phases   ] GC(10) Pause Mark Start 0.009ms
[2026-04-03T01:56:28.396+0600][10.615s][info][gc,phases   ] GC(10) Concurrent Mark 98.783ms
[2026-04-03T01:56:28.397+0600][10.616s][info][gc,phases   ] GC(10) Pause Mark End 0.027ms
[2026-04-03T01:56:28.397+0600][10.616s][info][gc,phases   ] GC(10) Concurrent Mark Free 0.002ms
[2026-04-03T01:56:28.401+0600][10.620s][info][gc,phases   ] GC(10) Concurrent Process Non-Strong References 4.211ms
[2026-04-03T01:56:28.401+0600][10.620s][info][gc,phases   ] GC(10) Concurrent Reset Relocation Set 0.009ms
[2026-04-03T01:56:28.405+0600][10.624s][info][gc,phases   ] GC(10) Concurrent Select Relocation Set 3.816ms
[2026-04-03T01:56:28.405+0600][10.624s][info][gc,phases   ] GC(10) Pause Relocate Start 0.014ms
[2026-04-03T01:56:28.425+0600][10.644s][info][gc,phases   ] GC(10) Concurrent Relocate 19.800ms
[2026-04-03T01:56:28.425+0600][10.644s][info][gc,load     ] GC(10) Load: 3.70/6.39/7.00
[2026-04-03T01:56:28.425+0600][10.644s][info][gc,mmu      ] GC(10) MMU: 2ms/96.9%, 5ms/98.8%, 10ms/99.3%, 20ms/99.6%, 50ms/99.9%, 100ms/99.9%
[2026-04-03T01:56:28.425+0600][10.644s][info][gc,marking  ] GC(10) Mark: 2 stripe(s), 3 proactive flush(es), 1 terminate flush(es), 0 completion(s), 0 continuation(s) 
[2026-04-03T01:56:28.425+0600][10.644s][info][gc,marking  ] GC(10) Mark Stack Usage: 32M
[2026-04-03T01:56:28.425+0600][10.644s][info][gc,nmethod  ] GC(10) NMethods: 3117 registered, 85 unregistered
[2026-04-03T01:56:28.425+0600][10.644s][info][gc,metaspace] GC(10) Metaspace: 47M used, 48M committed, 1088M reserved
[2026-04-03T01:56:28.425+0600][10.644s][info][gc,ref      ] GC(10) Soft: 3982 encountered, 0 discovered, 0 enqueued
[2026-04-03T01:56:28.425+0600][10.644s][info][gc,ref      ] GC(10) Weak: 2726 encountered, 824 discovered, 0 enqueued
[2026-04-03T01:56:28.425+0600][10.644s][info][gc,ref      ] GC(10) Final: 82 encountered, 0 discovered, 0 enqueued
[2026-04-03T01:56:28.425+0600][10.644s][info][gc,ref      ] GC(10) Phantom: 582 encountered, 392 discovered, 0 enqueued
[2026-04-03T01:56:28.425+0600][10.644s][info][gc,reloc    ] GC(10) Small Pages: 175 / 350M, Empty: 0M, Relocated: 18M, In-Place: 0
[2026-04-03T01:56:28.425+0600][10.644s][info][gc,reloc    ] GC(10) Medium Pages: 1 / 16M, Empty: 0M, Relocated: 0M, In-Place: 0
[2026-04-03T01:56:28.425+0600][10.644s][info][gc,reloc    ] GC(10) Large Pages: 1 / 4M, Empty: 0M, Relocated: 0M, In-Place: 0
[2026-04-03T01:56:28.425+0600][10.644s][info][gc,reloc    ] GC(10) Forwarding Usage: 14M
[2026-04-03T01:56:28.425+0600][10.644s][info][gc,heap     ] GC(10) Min Capacity: 8M(1%)
[2026-04-03T01:56:28.425+0600][10.644s][info][gc,heap     ] GC(10) Max Capacity: 750M(100%)
[2026-04-03T01:56:28.425+0600][10.644s][info][gc,heap     ] GC(10) Soft Max Capacity: 750M(100%)
[2026-04-03T01:56:28.425+0600][10.644s][info][gc,heap     ] GC(10)                Mark Start          Mark End        Relocate Start      Relocate End           High               Low         
[2026-04-03T01:56:28.426+0600][10.644s][info][gc,heap     ] GC(10)  Capacity:      562M (75%)         562M (75%)         562M (75%)         562M (75%)         562M (75%)         562M (75%)    
[2026-04-03T01:56:28.426+0600][10.644s][info][gc,heap     ] GC(10)      Free:      380M (51%)         332M (44%)         332M (44%)         538M (72%)         538M (72%)         326M (43%)    
[2026-04-03T01:56:28.426+0600][10.644s][info][gc,heap     ] GC(10)      Used:      370M (49%)         418M (56%)         418M (56%)         212M (28%)         424M (57%)         212M (28%)    
[2026-04-03T01:56:28.426+0600][10.644s][info][gc,heap     ] GC(10)      Live:         -               143M (19%)         143M (19%)         143M (19%)            -                  -          
[2026-04-03T01:56:28.426+0600][10.644s][info][gc,heap     ] GC(10) Allocated:         -                48M (6%)           48M (6%)           49M (7%)             -                  -          
[2026-04-03T01:56:28.426+0600][10.644s][info][gc,heap     ] GC(10)   Garbage:         -               226M (30%)         226M (30%)          18M (3%)             -                  -          
[2026-04-03T01:56:28.426+0600][10.644s][info][gc,heap     ] GC(10) Reclaimed:         -                  -                 0M (0%)          207M (28%)            -                  -          
[2026-04-03T01:56:28.426+0600][10.644s][info][gc          ] GC(10) Garbage Collection (Allocation Rate) 370M(49%)->212M(28%)
[2026-04-03T01:56:28.797+0600][11.016s][info][gc,start    ] GC(11) Garbage Collection (Allocation Rate)
[2026-04-03T01:56:28.797+0600][11.016s][info][gc,task     ] GC(11) Using 2 workers
[2026-04-03T01:56:28.797+0600][11.016s][info][gc,phases   ] GC(11) Pause Mark Start 0.014ms
[2026-04-03T01:56:28.831+0600][11.050s][info][gc,phases   ] GC(11) Concurrent Mark 34.095ms
[2026-04-03T01:56:28.832+0600][11.050s][info][gc,phases   ] GC(11) Pause Mark End 0.028ms
[2026-04-03T01:56:28.832+0600][11.050s][info][gc,phases   ] GC(11) Concurrent Mark Free 0.004ms
[2026-04-03T01:56:28.839+0600][11.058s][info][gc,phases   ] GC(11) Concurrent Process Non-Strong References 7.228ms
[2026-04-03T01:56:28.839+0600][11.058s][info][gc,phases   ] GC(11) Concurrent Reset Relocation Set 0.015ms
[2026-04-03T01:56:28.843+0600][11.062s][info][gc,phases   ] GC(11) Concurrent Select Relocation Set 4.463ms
[2026-04-03T01:56:28.844+0600][11.062s][info][gc,phases   ] GC(11) Pause Relocate Start 0.016ms
[2026-04-03T01:56:28.846+0600][11.065s][info][gc,phases   ] GC(11) Concurrent Relocate 2.460ms
[2026-04-03T01:56:28.846+0600][11.065s][info][gc,load     ] GC(11) Load: 3.70/6.39/7.00
[2026-04-03T01:56:28.846+0600][11.065s][info][gc,mmu      ] GC(11) MMU: 2ms/96.9%, 5ms/98.8%, 10ms/99.3%, 20ms/99.6%, 50ms/99.9%, 100ms/99.9%
[2026-04-03T01:56:28.846+0600][11.065s][info][gc,marking  ] GC(11) Mark: 2 stripe(s), 2 proactive flush(es), 1 terminate flush(es), 0 completion(s), 0 continuation(s) 
[2026-04-03T01:56:28.846+0600][11.065s][info][gc,marking  ] GC(11) Mark Stack Usage: 32M
[2026-04-03T01:56:28.846+0600][11.065s][info][gc,nmethod  ] GC(11) NMethods: 3144 registered, 157 unregistered
[2026-04-03T01:56:28.846+0600][11.065s][info][gc,metaspace] GC(11) Metaspace: 50M used, 51M committed, 1088M reserved
[2026-04-03T01:56:28.846+0600][11.065s][info][gc,ref      ] GC(11) Soft: 3997 encountered, 0 discovered, 0 enqueued
[2026-04-03T01:56:28.846+0600][11.065s][info][gc,ref      ] GC(11) Weak: 3061 encountered, 461 discovered, 148 enqueued
[2026-04-03T01:56:28.847+0600][11.065s][info][gc,ref      ] GC(11) Final: 82 encountered, 0 discovered, 0 enqueued
[2026-04-03T01:56:28.847+0600][11.065s][info][gc,ref      ] GC(11) Phantom: 586 encountered, 300 discovered, 1 enqueued
[2026-04-03T01:56:28.847+0600][11.065s][info][gc,reloc    ] GC(11) Small Pages: 121 / 242M, Empty: 144M, Relocated: 1M, In-Place: 0
[2026-04-03T01:56:28.847+0600][11.065s][info][gc,reloc    ] GC(11) Medium Pages: 1 / 16M, Empty: 0M, Relocated: 0M, In-Place: 0
[2026-04-03T01:56:28.847+0600][11.065s][info][gc,reloc    ] GC(11) Large Pages: 1 / 4M, Empty: 0M, Relocated: 0M, In-Place: 0
[2026-04-03T01:56:28.847+0600][11.065s][info][gc,reloc    ] GC(11) Forwarding Usage: 0M
[2026-04-03T01:56:28.847+0600][11.065s][info][gc,heap     ] GC(11) Min Capacity: 8M(1%)
[2026-04-03T01:56:28.847+0600][11.065s][info][gc,heap     ] GC(11) Max Capacity: 750M(100%)
[2026-04-03T01:56:28.847+0600][11.065s][info][gc,heap     ] GC(11) Soft Max Capacity: 750M(100%)
[2026-04-03T01:56:28.847+0600][11.065s][info][gc,heap     ] GC(11)                Mark Start          Mark End        Relocate Start      Relocate End           High               Low         
[2026-04-03T01:56:28.847+0600][11.065s][info][gc,heap     ] GC(11)  Capacity:      562M (75%)         562M (75%)         562M (75%)         562M (75%)         562M (75%)         562M (75%)    
[2026-04-03T01:56:28.847+0600][11.065s][info][gc,heap     ] GC(11)      Free:      488M (65%)         486M (65%)         630M (84%)         696M (93%)         696M (93%)         486M (65%)    
[2026-04-03T01:56:28.847+0600][11.065s][info][gc,heap     ] GC(11)      Used:      262M (35%)         264M (35%)         120M (16%)          54M (7%)          264M (35%)          54M (7%)     
[2026-04-03T01:56:28.847+0600][11.065s][info][gc,heap     ] GC(11)      Live:         -                31M (4%)           31M (4%)           31M (4%)             -                  -          
[2026-04-03T01:56:28.847+0600][11.065s][info][gc,heap     ] GC(11) Allocated:         -                 2M (0%)            2M (0%)            3M (1%)             -                  -          
[2026-04-03T01:56:28.847+0600][11.065s][info][gc,heap     ] GC(11)   Garbage:         -               230M (31%)          86M (12%)          18M (2%)             -                  -          
[2026-04-03T01:56:28.847+0600][11.065s][info][gc,heap     ] GC(11) Reclaimed:         -                  -               144M (19%)         211M (28%)            -                  -          
[2026-04-03T01:56:28.847+0600][11.065s][info][gc          ] GC(11) Garbage Collection (Allocation Rate) 262M(35%)->54M(7%)
[2026-04-03T01:56:28.997+0600][11.216s][info][gc,start    ] GC(12) Garbage Collection (Allocation Rate)
[2026-04-03T01:56:28.997+0600][11.216s][info][gc,task     ] GC(12) Using 2 workers
[2026-04-03T01:56:28.998+0600][11.216s][info][gc,phases   ] GC(12) Pause Mark Start 0.012ms
[2026-04-03T01:56:29.035+0600][11.254s][info][gc,phases   ] GC(12) Concurrent Mark 37.499ms
[2026-04-03T01:56:29.035+0600][11.254s][info][gc,phases   ] GC(12) Pause Mark End 0.027ms
[2026-04-03T01:56:29.036+0600][11.254s][info][gc,phases   ] GC(12) Concurrent Mark Free 0.002ms
[2026-04-03T01:56:29.041+0600][11.260s][info][gc,phases   ] GC(12) Concurrent Process Non-Strong References 5.778ms
[2026-04-03T01:56:29.042+0600][11.260s][info][gc,phases   ] GC(12) Concurrent Reset Relocation Set 0.005ms
[2026-04-03T01:56:29.044+0600][11.263s][info][gc,phases   ] GC(12) Concurrent Select Relocation Set 2.551ms
[2026-04-03T01:56:29.044+0600][11.263s][info][gc,phases   ] GC(12) Pause Relocate Start 0.013ms
[2026-04-03T01:56:29.046+0600][11.265s][info][gc,phases   ] GC(12) Concurrent Relocate 1.484ms
[2026-04-03T01:56:29.046+0600][11.265s][info][gc,load     ] GC(12) Load: 3.70/6.39/7.00
[2026-04-03T01:56:29.046+0600][11.265s][info][gc,mmu      ] GC(12) MMU: 2ms/96.9%, 5ms/98.8%, 10ms/99.3%, 20ms/99.6%, 50ms/99.9%, 100ms/99.9%
[2026-04-03T01:56:29.046+0600][11.265s][info][gc,marking  ] GC(12) Mark: 2 stripe(s), 2 proactive flush(es), 1 terminate flush(es), 0 completion(s), 0 continuation(s) 
[2026-04-03T01:56:29.046+0600][11.265s][info][gc,marking  ] GC(12) Mark Stack Usage: 32M
[2026-04-03T01:56:29.046+0600][11.265s][info][gc,nmethod  ] GC(12) NMethods: 3167 registered, 166 unregistered
[2026-04-03T01:56:29.046+0600][11.265s][info][gc,metaspace] GC(12) Metaspace: 51M used, 51M committed, 1088M reserved
[2026-04-03T01:56:29.046+0600][11.265s][info][gc,ref      ] GC(12) Soft: 4010 encountered, 0 discovered, 0 enqueued
[2026-04-03T01:56:29.046+0600][11.265s][info][gc,ref      ] GC(12) Weak: 2992 encountered, 949 discovered, 31 enqueued
[2026-04-03T01:56:29.046+0600][11.265s][info][gc,ref      ] GC(12) Final: 82 encountered, 1 discovered, 0 enqueued
[2026-04-03T01:56:29.046+0600][11.265s][info][gc,ref      ] GC(12) Phantom: 587 encountered, 362 discovered, 0 enqueued
[2026-04-03T01:56:29.046+0600][11.265s][info][gc,reloc    ] GC(12) Small Pages: 18 / 36M, Empty: 0M, Relocated: 1M, In-Place: 0
[2026-04-03T01:56:29.046+0600][11.265s][info][gc,reloc    ] GC(12) Medium Pages: 1 / 16M, Empty: 0M, Relocated: 0M, In-Place: 0
[2026-04-03T01:56:29.046+0600][11.265s][info][gc,reloc    ] GC(12) Large Pages: 1 / 4M, Empty: 0M, Relocated: 0M, In-Place: 0
[2026-04-03T01:56:29.046+0600][11.265s][info][gc,reloc    ] GC(12) Forwarding Usage: 0M
[2026-04-03T01:56:29.046+0600][11.265s][info][gc,heap     ] GC(12) Min Capacity: 8M(1%)
[2026-04-03T01:56:29.046+0600][11.265s][info][gc,heap     ] GC(12) Max Capacity: 750M(100%)
[2026-04-03T01:56:29.046+0600][11.265s][info][gc,heap     ] GC(12) Soft Max Capacity: 750M(100%)
[2026-04-03T01:56:29.046+0600][11.265s][info][gc,heap     ] GC(12)                Mark Start          Mark End        Relocate Start      Relocate End           High               Low         
[2026-04-03T01:56:29.046+0600][11.265s][info][gc,heap     ] GC(12)  Capacity:      562M (75%)         562M (75%)         562M (75%)         562M (75%)         562M (75%)         562M (75%)    
[2026-04-03T01:56:29.046+0600][11.265s][info][gc,heap     ] GC(12)      Free:      694M (93%)         694M (93%)         694M (93%)         698M (93%)         698M (93%)         690M (92%)    
[2026-04-03T01:56:29.046+0600][11.265s][info][gc,heap     ] GC(12)      Used:       56M (7%)           56M (7%)           56M (7%)           52M (7%)           60M (8%)           52M (7%)     
[2026-04-03T01:56:29.046+0600][11.265s][info][gc,heap     ] GC(12)      Live:         -                31M (4%)           31M (4%)           31M (4%)             -                  -          
[2026-04-03T01:56:29.046+0600][11.265s][info][gc,heap     ] GC(12) Allocated:         -                 0M (0%)            0M (0%)            1M (0%)             -                  -          
[2026-04-03T01:56:29.046+0600][11.265s][info][gc,heap     ] GC(12)   Garbage:         -                24M (3%)           24M (3%)           18M (2%)             -                  -          
[2026-04-03T01:56:29.046+0600][11.265s][info][gc,heap     ] GC(12) Reclaimed:         -                  -                 0M (0%)            5M (1%)             -                  -          
[2026-04-03T01:56:29.046+0600][11.265s][info][gc          ] GC(12) Garbage Collection (Allocation Rate) 56M(7%)->52M(7%)
[2026-04-03T01:56:30.401+0600][12.620s][info][gc,start    ] GC(13) Garbage Collection (System.gc())
[2026-04-03T01:56:30.401+0600][12.620s][info][gc,task     ] GC(13) Using 3 workers
[2026-04-03T01:56:30.401+0600][12.620s][info][gc,phases   ] GC(13) Pause Mark Start 0.009ms
[2026-04-03T01:56:30.419+0600][12.637s][info][gc,phases   ] GC(13) Concurrent Mark 17.497ms
[2026-04-03T01:56:30.419+0600][12.638s][info][gc,phases   ] GC(13) Pause Mark End 0.018ms
[2026-04-03T01:56:30.419+0600][12.638s][info][gc,phases   ] GC(13) Concurrent Mark Free 0.002ms
[2026-04-03T01:56:30.423+0600][12.641s][info][gc,phases   ] GC(13) Concurrent Process Non-Strong References 3.673ms
[2026-04-03T01:56:30.423+0600][12.642s][info][gc,phases   ] GC(13) Concurrent Reset Relocation Set 0.001ms
[2026-04-03T01:56:30.425+0600][12.644s][info][gc,phases   ] GC(13) Concurrent Select Relocation Set 2.641ms
[2026-04-03T01:56:30.426+0600][12.644s][info][gc,phases   ] GC(13) Pause Relocate Start 0.011ms
[2026-04-03T01:56:30.428+0600][12.647s][info][gc,phases   ] GC(13) Concurrent Relocate 2.244ms
[2026-04-03T01:56:30.428+0600][12.647s][info][gc,load     ] GC(13) Load: 3.49/6.30/6.97
[2026-04-03T01:56:30.428+0600][12.647s][info][gc,mmu      ] GC(13) MMU: 2ms/96.9%, 5ms/98.8%, 10ms/99.3%, 20ms/99.6%, 50ms/99.9%, 100ms/99.9%
[2026-04-03T01:56:30.428+0600][12.647s][info][gc,marking  ] GC(13) Mark: 2 stripe(s), 2 proactive flush(es), 1 terminate flush(es), 0 completion(s), 0 continuation(s) 
[2026-04-03T01:56:30.428+0600][12.647s][info][gc,marking  ] GC(13) Mark Stack Usage: 32M
[2026-04-03T01:56:30.428+0600][12.647s][info][gc,nmethod  ] GC(13) NMethods: 3385 registered, 235 unregistered
[2026-04-03T01:56:30.428+0600][12.647s][info][gc,metaspace] GC(13) Metaspace: 53M used, 54M committed, 1088M reserved
[2026-04-03T01:56:30.428+0600][12.647s][info][gc,ref      ] GC(13) Soft: 4140 encountered, 0 discovered, 0 enqueued
[2026-04-03T01:56:30.428+0600][12.647s][info][gc,ref      ] GC(13) Weak: 3507 encountered, 2392 discovered, 176 enqueued
[2026-04-03T01:56:30.428+0600][12.647s][info][gc,ref      ] GC(13) Final: 82 encountered, 0 discovered, 0 enqueued
[2026-04-03T01:56:30.428+0600][12.647s][info][gc,ref      ] GC(13) Phantom: 588 encountered, 365 discovered, 0 enqueued
[2026-04-03T01:56:30.428+0600][12.647s][info][gc,reloc    ] GC(13) Small Pages: 26 / 52M, Empty: 0M, Relocated: 3M, In-Place: 0
[2026-04-03T01:56:30.428+0600][12.647s][info][gc,reloc    ] GC(13) Medium Pages: 2 / 32M, Empty: 16M, Relocated: 0M, In-Place: 0
[2026-04-03T01:56:30.428+0600][12.647s][info][gc,reloc    ] GC(13) Large Pages: 2 / 10M, Empty: 6M, Relocated: 0M, In-Place: 0
[2026-04-03T01:56:30.428+0600][12.647s][info][gc,reloc    ] GC(13) Forwarding Usage: 1M
[2026-04-03T01:56:30.428+0600][12.647s][info][gc,heap     ] GC(13) Min Capacity: 8M(1%)
[2026-04-03T01:56:30.428+0600][12.647s][info][gc,heap     ] GC(13) Max Capacity: 750M(100%)
[2026-04-03T01:56:30.428+0600][12.647s][info][gc,heap     ] GC(13) Soft Max Capacity: 750M(100%)
[2026-04-03T01:56:30.428+0600][12.647s][info][gc,heap     ] GC(13)                Mark Start          Mark End        Relocate Start      Relocate End           High               Low         
[2026-04-03T01:56:30.428+0600][12.647s][info][gc,heap     ] GC(13)  Capacity:      584M (78%)         584M (78%)         584M (78%)         584M (78%)         584M (78%)         584M (78%)    
[2026-04-03T01:56:30.428+0600][12.647s][info][gc,heap     ] GC(13)      Free:      656M (87%)         656M (87%)         678M (90%)         698M (93%)         698M (93%)         656M (87%)    
[2026-04-03T01:56:30.428+0600][12.647s][info][gc,heap     ] GC(13)      Used:       94M (13%)          94M (13%)          72M (10%)          52M (7%)           94M (13%)          52M (7%)     
[2026-04-03T01:56:30.428+0600][12.647s][info][gc,heap     ] GC(13)      Live:         -                32M (4%)           32M (4%)           32M (4%)             -                  -          
[2026-04-03T01:56:30.428+0600][12.647s][info][gc,heap     ] GC(13) Allocated:         -                 0M (0%)            0M (0%)            1M (0%)             -                  -          
[2026-04-03T01:56:30.428+0600][12.647s][info][gc,heap     ] GC(13)   Garbage:         -                61M (8%)           39M (5%)           17M (2%)             -                  -          
[2026-04-03T01:56:30.428+0600][12.647s][info][gc,heap     ] GC(13) Reclaimed:         -                  -                22M (3%)           43M (6%)             -                  -          
[2026-04-03T01:56:30.428+0600][12.647s][info][gc          ] GC(13) Garbage Collection (System.gc()) 94M(13%)->52M(7%)
[2026-04-03T01:56:32.697+0600][14.916s][info][gc,start    ] GC(14) Garbage Collection (Allocation Rate)
[2026-04-03T01:56:32.697+0600][14.916s][info][gc,task     ] GC(14) Using 3 workers
[2026-04-03T01:56:32.698+0600][14.916s][info][gc,phases   ] GC(14) Pause Mark Start 0.008ms
[2026-04-03T01:56:32.749+0600][14.968s][info][gc,phases   ] GC(14) Concurrent Mark 51.418ms
[2026-04-03T01:56:32.749+0600][14.968s][info][gc,phases   ] GC(14) Pause Mark End 0.024ms
[2026-04-03T01:56:32.750+0600][14.968s][info][gc,phases   ] GC(14) Concurrent Mark Free 0.003ms
[2026-04-03T01:56:32.755+0600][14.974s][info][gc,phases   ] GC(14) Concurrent Process Non-Strong References 5.385ms
[2026-04-03T01:56:32.755+0600][14.974s][info][gc,phases   ] GC(14) Concurrent Reset Relocation Set 0.002ms
[2026-04-03T01:56:32.766+0600][14.984s][info][gc,phases   ] GC(14) Concurrent Select Relocation Set 10.433ms
[2026-04-03T01:56:32.766+0600][14.985s][info][gc,phases   ] GC(14) Pause Relocate Start 0.015ms
[2026-04-03T01:56:32.800+0600][15.019s][info][gc,phases   ] GC(14) Concurrent Relocate 34.350ms
[2026-04-03T01:56:32.801+0600][15.019s][info][gc,load     ] GC(14) Load: 3.49/6.30/6.97
[2026-04-03T01:56:32.801+0600][15.019s][info][gc,mmu      ] GC(14) MMU: 2ms/96.9%, 5ms/98.8%, 10ms/99.3%, 20ms/99.6%, 50ms/99.9%, 100ms/99.9%
[2026-04-03T01:56:32.801+0600][15.019s][info][gc,marking  ] GC(14) Mark: 2 stripe(s), 2 proactive flush(es), 1 terminate flush(es), 0 completion(s), 0 continuation(s) 
[2026-04-03T01:56:32.801+0600][15.019s][info][gc,marking  ] GC(14) Mark Stack Usage: 32M
[2026-04-03T01:56:32.801+0600][15.019s][info][gc,nmethod  ] GC(14) NMethods: 4146 registered, 482 unregistered
[2026-04-03T01:56:32.801+0600][15.019s][info][gc,metaspace] GC(14) Metaspace: 60M used, 60M committed, 1088M reserved
[2026-04-03T01:56:32.801+0600][15.019s][info][gc,ref      ] GC(14) Soft: 4544 encountered, 0 discovered, 0 enqueued
[2026-04-03T01:56:32.801+0600][15.019s][info][gc,ref      ] GC(14) Weak: 5186 encountered, 915 discovered, 543 enqueued
[2026-04-03T01:56:32.801+0600][15.019s][info][gc,ref      ] GC(14) Final: 82 encountered, 0 discovered, 0 enqueued
[2026-04-03T01:56:32.801+0600][15.019s][info][gc,ref      ] GC(14) Phantom: 595 encountered, 401 discovered, 0 enqueued
[2026-04-03T01:56:32.801+0600][15.019s][info][gc,reloc    ] GC(14) Small Pages: 245 / 490M, Empty: 0M, Relocated: 38M, In-Place: 0
[2026-04-03T01:56:32.801+0600][15.019s][info][gc,reloc    ] GC(14) Medium Pages: 2 / 32M, Empty: 16M, Relocated: 0M, In-Place: 0
[2026-04-03T01:56:32.801+0600][15.020s][info][gc,reloc    ] GC(14) Large Pages: 4 / 20M, Empty: 10M, Relocated: 0M, In-Place: 0
[2026-04-03T01:56:32.801+0600][15.020s][info][gc,reloc    ] GC(14) Forwarding Usage: 24M
[2026-04-03T01:56:32.801+0600][15.020s][info][gc,heap     ] GC(14) Min Capacity: 8M(1%)
[2026-04-03T01:56:32.801+0600][15.020s][info][gc,heap     ] GC(14) Max Capacity: 750M(100%)
[2026-04-03T01:56:32.801+0600][15.020s][info][gc,heap     ] GC(14) Soft Max Capacity: 750M(100%)
[2026-04-03T01:56:32.801+0600][15.020s][info][gc,heap     ] GC(14)                Mark Start          Mark End        Relocate Start      Relocate End           High               Low         
[2026-04-03T01:56:32.801+0600][15.020s][info][gc,heap     ] GC(14)  Capacity:      594M (79%)         604M (81%)         608M (81%)         608M (81%)         608M (81%)         594M (79%)    
[2026-04-03T01:56:32.801+0600][15.020s][info][gc,heap     ] GC(14)      Free:      208M (28%)         146M (19%)         162M (22%)         538M (72%)         538M (72%)         142M (19%)    
[2026-04-03T01:56:32.801+0600][15.020s][info][gc,heap     ] GC(14)      Used:      542M (72%)         604M (81%)         588M (78%)         212M (28%)         608M (81%)         212M (28%)    
[2026-04-03T01:56:32.801+0600][15.020s][info][gc,heap     ] GC(14)      Live:         -                72M (10%)          72M (10%)          72M (10%)            -                  -          
[2026-04-03T01:56:32.801+0600][15.020s][info][gc,heap     ] GC(14) Allocated:         -                62M (8%)           72M (10%)         121M (16%)            -                  -          
[2026-04-03T01:56:32.801+0600][15.020s][info][gc,heap     ] GC(14)   Garbage:         -               469M (63%)         443M (59%)          17M (2%)             -                  -          
[2026-04-03T01:56:32.801+0600][15.020s][info][gc,heap     ] GC(14) Reclaimed:         -                  -                26M (3%)          451M (60%)            -                  -          
[2026-04-03T01:56:32.801+0600][15.020s][info][gc          ] GC(14) Garbage Collection (Allocation Rate) 542M(72%)->212M(28%)
[2026-04-03T01:56:32.897+0600][15.116s][info][gc,start    ] GC(15) Garbage Collection (Allocation Rate)
[2026-04-03T01:56:32.897+0600][15.116s][info][gc,task     ] GC(15) Using 3 workers
[2026-04-03T01:56:32.898+0600][15.117s][info][gc,phases   ] GC(15) Pause Mark Start 0.009ms
[2026-04-03T01:56:32.982+0600][15.201s][info][gc,phases   ] GC(15) Concurrent Mark 84.532ms
[2026-04-03T01:56:32.983+0600][15.202s][info][gc,phases   ] GC(15) Pause Mark End 0.036ms
[2026-04-03T01:56:32.983+0600][15.202s][info][gc,phases   ] GC(15) Concurrent Mark Free 0.003ms
[2026-04-03T01:56:32.988+0600][15.207s][info][gc,phases   ] GC(15) Concurrent Process Non-Strong References 4.754ms
[2026-04-03T01:56:32.988+0600][15.207s][info][gc,phases   ] GC(15) Concurrent Reset Relocation Set 0.036ms
[2026-04-03T01:56:32.993+0600][15.212s][info][gc,phases   ] GC(15) Concurrent Select Relocation Set 4.849ms
[2026-04-03T01:56:32.993+0600][15.212s][info][gc,phases   ] GC(15) Pause Relocate Start 0.012ms
[2026-04-03T01:56:33.016+0600][15.234s][info][gc,phases   ] GC(15) Concurrent Relocate 22.491ms
[2026-04-03T01:56:33.016+0600][15.235s][info][gc,load     ] GC(15) Load: 3.49/6.30/6.97
[2026-04-03T01:56:33.016+0600][15.235s][info][gc,mmu      ] GC(15) MMU: 2ms/96.9%, 5ms/98.8%, 10ms/99.3%, 20ms/99.6%, 50ms/99.9%, 100ms/99.9%
[2026-04-03T01:56:33.016+0600][15.235s][info][gc,marking  ] GC(15) Mark: 2 stripe(s), 2 proactive flush(es), 1 terminate flush(es), 0 completion(s), 0 continuation(s) 
[2026-04-03T01:56:33.016+0600][15.235s][info][gc,marking  ] GC(15) Mark Stack Usage: 32M
[2026-04-03T01:56:33.016+0600][15.235s][info][gc,nmethod  ] GC(15) NMethods: 4171 registered, 482 unregistered
[2026-04-03T01:56:33.016+0600][15.235s][info][gc,metaspace] GC(15) Metaspace: 60M used, 60M committed, 1088M reserved
[2026-04-03T01:56:33.016+0600][15.235s][info][gc,ref      ] GC(15) Soft: 4544 encountered, 0 discovered, 0 enqueued
[2026-04-03T01:56:33.016+0600][15.235s][info][gc,ref      ] GC(15) Weak: 4643 encountered, 389 discovered, 0 enqueued
[2026-04-03T01:56:33.016+0600][15.235s][info][gc,ref      ] GC(15) Final: 82 encountered, 1 discovered, 0 enqueued
[2026-04-03T01:56:33.016+0600][15.235s][info][gc,ref      ] GC(15) Phantom: 595 encountered, 351 discovered, 0 enqueued
[2026-04-03T01:56:33.016+0600][15.235s][info][gc,reloc    ] GC(15) Small Pages: 181 / 362M, Empty: 0M, Relocated: 25M, In-Place: 0
[2026-04-03T01:56:33.016+0600][15.235s][info][gc,reloc    ] GC(15) Medium Pages: 1 / 16M, Empty: 0M, Relocated: 0M, In-Place: 0
[2026-04-03T01:56:33.016+0600][15.235s][info][gc,reloc    ] GC(15) Large Pages: 3 / 20M, Empty: 6M, Relocated: 0M, In-Place: 0
[2026-04-03T01:56:33.016+0600][15.235s][info][gc,reloc    ] GC(15) Forwarding Usage: 18M
[2026-04-03T01:56:33.016+0600][15.235s][info][gc,heap     ] GC(15) Min Capacity: 8M(1%)
[2026-04-03T01:56:33.016+0600][15.235s][info][gc,heap     ] GC(15) Max Capacity: 750M(100%)
[2026-04-03T01:56:33.016+0600][15.235s][info][gc,heap     ] GC(15) Soft Max Capacity: 750M(100%)
[2026-04-03T01:56:33.016+0600][15.235s][info][gc,heap     ] GC(15)                Mark Start          Mark End        Relocate Start      Relocate End           High               Low         
[2026-04-03T01:56:33.016+0600][15.235s][info][gc,heap     ] GC(15)  Capacity:      608M (81%)         608M (81%)         608M (81%)         608M (81%)         608M (81%)         608M (81%)    
[2026-04-03T01:56:33.016+0600][15.235s][info][gc,heap     ] GC(15)      Free:      352M (47%)         210M (28%)         200M (27%)         434M (58%)         434M (58%)         194M (26%)    
[2026-04-03T01:56:33.016+0600][15.235s][info][gc,heap     ] GC(15)      Used:      398M (53%)         540M (72%)         550M (73%)         316M (42%)         556M (74%)         316M (42%)    
[2026-04-03T01:56:33.016+0600][15.235s][info][gc,heap     ] GC(15)      Live:         -               101M (14%)         101M (14%)         101M (14%)            -                  -          
[2026-04-03T01:56:33.016+0600][15.235s][info][gc,heap     ] GC(15) Allocated:         -               142M (19%)         158M (21%)         193M (26%)            -                  -          
[2026-04-03T01:56:33.016+0600][15.235s][info][gc,heap     ] GC(15)   Garbage:         -               296M (39%)         290M (39%)          20M (3%)             -                  -          
[2026-04-03T01:56:33.016+0600][15.235s][info][gc,heap     ] GC(15) Reclaimed:         -                  -                 6M (1%)          275M (37%)            -                  -          
[2026-04-03T01:56:33.016+0600][15.235s][info][gc          ] GC(15) Garbage Collection (Allocation Rate) 398M(53%)->316M(42%)
[2026-04-03T01:56:33.097+0600][15.316s][info][gc,start    ] GC(16) Garbage Collection (Allocation Rate)
[2026-04-03T01:56:33.097+0600][15.316s][info][gc,task     ] GC(16) Using 3 workers
[2026-04-03T01:56:33.099+0600][15.318s][info][gc,phases   ] GC(16) Pause Mark Start 0.011ms
[2026-04-03T01:56:33.238+0600][15.457s][info][gc,phases   ] GC(16) Concurrent Mark 138.747ms
[2026-04-03T01:56:33.239+0600][15.457s][info][gc,phases   ] GC(16) Pause Mark End 0.027ms
[2026-04-03T01:56:33.239+0600][15.458s][info][gc,phases   ] GC(16) Concurrent Mark Free 0.004ms
[2026-04-03T01:56:33.245+0600][15.464s][info][gc,phases   ] GC(16) Concurrent Process Non-Strong References 5.914ms
[2026-04-03T01:56:33.245+0600][15.464s][info][gc,phases   ] GC(16) Concurrent Reset Relocation Set 0.012ms
[2026-04-03T01:56:33.249+0600][15.468s][info][gc,phases   ] GC(16) Concurrent Select Relocation Set 3.909ms
[2026-04-03T01:56:33.249+0600][15.468s][info][gc,phases   ] GC(16) Pause Relocate Start 0.014ms
[2026-04-03T01:56:33.284+0600][15.503s][info][gc,phases   ] GC(16) Concurrent Relocate 34.700ms
[2026-04-03T01:56:33.284+0600][15.503s][info][gc,load     ] GC(16) Load: 3.49/6.30/6.97
[2026-04-03T01:56:33.284+0600][15.503s][info][gc,mmu      ] GC(16) MMU: 2ms/96.9%, 5ms/98.8%, 10ms/99.3%, 20ms/99.6%, 50ms/99.9%, 100ms/99.9%
[2026-04-03T01:56:33.284+0600][15.503s][info][gc,marking  ] GC(16) Mark: 2 stripe(s), 3 proactive flush(es), 1 terminate flush(es), 0 completion(s), 0 continuation(s) 
[2026-04-03T01:56:33.284+0600][15.503s][info][gc,marking  ] GC(16) Mark Stack Usage: 32M
[2026-04-03T01:56:33.284+0600][15.503s][info][gc,nmethod  ] GC(16) NMethods: 4301 registered, 493 unregistered
[2026-04-03T01:56:33.284+0600][15.503s][info][gc,metaspace] GC(16) Metaspace: 61M used, 62M committed, 1088M reserved
[2026-04-03T01:56:33.284+0600][15.503s][info][gc,ref      ] GC(16) Soft: 4559 encountered, 0 discovered, 0 enqueued
[2026-04-03T01:56:33.284+0600][15.503s][info][gc,ref      ] GC(16) Weak: 4789 encountered, 2532 discovered, 54 enqueued
[2026-04-03T01:56:33.284+0600][15.503s][info][gc,ref      ] GC(16) Final: 82 encountered, 1 discovered, 0 enqueued
[2026-04-03T01:56:33.284+0600][15.503s][info][gc,ref      ] GC(16) Phantom: 594 encountered, 314 discovered, 0 enqueued
[2026-04-03T01:56:33.284+0600][15.503s][info][gc,reloc    ] GC(16) Small Pages: 188 / 376M, Empty: 0M, Relocated: 25M, In-Place: 0
[2026-04-03T01:56:33.284+0600][15.503s][info][gc,reloc    ] GC(16) Medium Pages: 2 / 32M, Empty: 0M, Relocated: 4M, In-Place: 0
[2026-04-03T01:56:33.284+0600][15.503s][info][gc,reloc    ] GC(16) Large Pages: 3 / 20M, Empty: 10M, Relocated: 0M, In-Place: 0
[2026-04-03T01:56:33.284+0600][15.503s][info][gc,reloc    ] GC(16) Forwarding Usage: 18M
[2026-04-03T01:56:33.284+0600][15.503s][info][gc,heap     ] GC(16) Min Capacity: 8M(1%)
[2026-04-03T01:56:33.284+0600][15.503s][info][gc,heap     ] GC(16) Max Capacity: 750M(100%)
[2026-04-03T01:56:33.284+0600][15.503s][info][gc,heap     ] GC(16) Soft Max Capacity: 750M(100%)
[2026-04-03T01:56:33.284+0600][15.503s][info][gc,heap     ] GC(16)                Mark Start          Mark End        Relocate Start      Relocate End           High               Low         
[2026-04-03T01:56:33.284+0600][15.503s][info][gc,heap     ] GC(16)  Capacity:      624M (83%)         640M (85%)         640M (85%)         656M (87%)         656M (87%)         624M (83%)    
[2026-04-03T01:56:33.284+0600][15.503s][info][gc,heap     ] GC(16)      Free:      322M (43%)         292M (39%)         300M (40%)         576M (77%)         576M (77%)         282M (38%)    
[2026-04-03T01:56:33.284+0600][15.503s][info][gc,heap     ] GC(16)      Used:      428M (57%)         458M (61%)         450M (60%)         174M (23%)         468M (62%)         174M (23%)    
[2026-04-03T01:56:33.284+0600][15.503s][info][gc,heap     ] GC(16)      Live:         -               122M (16%)         122M (16%)         122M (16%)            -                  -          
[2026-04-03T01:56:33.284+0600][15.503s][info][gc,heap     ] GC(16) Allocated:         -                30M (4%)           32M (4%)           33M (4%)             -                  -          
[2026-04-03T01:56:33.284+0600][15.503s][info][gc,heap     ] GC(16)   Garbage:         -               305M (41%)         295M (39%)          17M (2%)             -                  -          
[2026-04-03T01:56:33.284+0600][15.503s][info][gc,heap     ] GC(16) Reclaimed:         -                  -                10M (1%)          287M (38%)            -                  -          
[2026-04-03T01:56:33.284+0600][15.503s][info][gc          ] GC(16) Garbage Collection (Allocation Rate) 428M(57%)->174M(23%)
[2026-04-03T01:56:33.297+0600][15.516s][info][gc,start    ] GC(17) Garbage Collection (Allocation Rate)
[2026-04-03T01:56:33.297+0600][15.516s][info][gc,task     ] GC(17) Using 3 workers
[2026-04-03T01:56:33.297+0600][15.516s][info][gc,phases   ] GC(17) Pause Mark Start 0.010ms
[2026-04-03T01:56:33.444+0600][15.662s][info][gc,phases   ] GC(17) Concurrent Mark 146.040ms
[2026-04-03T01:56:33.444+0600][15.663s][info][gc,phases   ] GC(17) Pause Mark End 0.033ms
[2026-04-03T01:56:33.444+0600][15.663s][info][gc,phases   ] GC(17) Concurrent Mark Free 0.004ms
[2026-04-03T01:56:33.451+0600][15.670s][info][gc,phases   ] GC(17) Concurrent Process Non-Strong References 6.647ms
[2026-04-03T01:56:33.451+0600][15.670s][info][gc,phases   ] GC(17) Concurrent Reset Relocation Set 0.014ms
[2026-04-03T01:56:33.457+0600][15.676s][info][gc,phases   ] GC(17) Concurrent Select Relocation Set 6.161ms
[2026-04-03T01:56:33.458+0600][15.676s][info][gc,phases   ] GC(17) Pause Relocate Start 0.016ms
[2026-04-03T01:56:33.460+0600][15.679s][info][gc,phases   ] GC(17) Concurrent Relocate 2.175ms
[2026-04-03T01:56:33.460+0600][15.679s][info][gc,load     ] GC(17) Load: 3.49/6.30/6.97
[2026-04-03T01:56:33.460+0600][15.679s][info][gc,mmu      ] GC(17) MMU: 2ms/96.9%, 5ms/98.8%, 10ms/99.3%, 20ms/99.6%, 50ms/99.9%, 100ms/99.9%
[2026-04-03T01:56:33.460+0600][15.679s][info][gc,marking  ] GC(17) Mark: 2 stripe(s), 2 proactive flush(es), 1 terminate flush(es), 0 completion(s), 0 continuation(s) 
[2026-04-03T01:56:33.460+0600][15.679s][info][gc,marking  ] GC(17) Mark Stack Usage: 32M
[2026-04-03T01:56:33.460+0600][15.679s][info][gc,nmethod  ] GC(17) NMethods: 4528 registered, 517 unregistered
[2026-04-03T01:56:33.460+0600][15.679s][info][gc,metaspace] GC(17) Metaspace: 62M used, 63M committed, 1088M reserved
[2026-04-03T01:56:33.460+0600][15.679s][info][gc,ref      ] GC(17) Soft: 4678 encountered, 0 discovered, 0 enqueued
[2026-04-03T01:56:33.460+0600][15.679s][info][gc,ref      ] GC(17) Weak: 5385 encountered, 2576 discovered, 239 enqueued
[2026-04-03T01:56:33.460+0600][15.679s][info][gc,ref      ] GC(17) Final: 82 encountered, 1 discovered, 0 enqueued
[2026-04-03T01:56:33.460+0600][15.679s][info][gc,ref      ] GC(17) Phantom: 594 encountered, 378 discovered, 0 enqueued
[2026-04-03T01:56:33.460+0600][15.679s][info][gc,reloc    ] GC(17) Small Pages: 67 / 134M, Empty: 0M, Relocated: 1M, In-Place: 0
[2026-04-03T01:56:33.460+0600][15.679s][info][gc,reloc    ] GC(17) Medium Pages: 2 / 32M, Empty: 0M, Relocated: 3M, In-Place: 0
[2026-04-03T01:56:33.460+0600][15.679s][info][gc,reloc    ] GC(17) Large Pages: 2 / 10M, Empty: 0M, Relocated: 0M, In-Place: 0
[2026-04-03T01:56:33.460+0600][15.679s][info][gc,reloc    ] GC(17) Forwarding Usage: 0M
[2026-04-03T01:56:33.460+0600][15.679s][info][gc,heap     ] GC(17) Min Capacity: 8M(1%)
[2026-04-03T01:56:33.460+0600][15.679s][info][gc,heap     ] GC(17) Max Capacity: 750M(100%)
[2026-04-03T01:56:33.460+0600][15.679s][info][gc,heap     ] GC(17) Soft Max Capacity: 750M(100%)
[2026-04-03T01:56:33.460+0600][15.679s][info][gc,heap     ] GC(17)                Mark Start          Mark End        Relocate Start      Relocate End           High               Low         
[2026-04-03T01:56:33.460+0600][15.679s][info][gc,heap     ] GC(17)  Capacity:      656M (87%)         656M (87%)         656M (87%)         656M (87%)         656M (87%)         656M (87%)    
[2026-04-03T01:56:33.460+0600][15.679s][info][gc,heap     ] GC(17)      Free:      574M (77%)         548M (73%)         544M (73%)         578M (77%)         578M (77%)         526M (70%)    
[2026-04-03T01:56:33.460+0600][15.679s][info][gc,heap     ] GC(17)      Used:      176M (23%)         202M (27%)         206M (27%)         172M (23%)         224M (30%)         172M (23%)    
[2026-04-03T01:56:33.460+0600][15.679s][info][gc,heap     ] GC(17)      Live:         -               122M (16%)         122M (16%)         122M (16%)            -                  -          
[2026-04-03T01:56:33.460+0600][15.679s][info][gc,heap     ] GC(17) Allocated:         -                26M (3%)           30M (4%)           29M (4%)             -                  -          
[2026-04-03T01:56:33.460+0600][15.679s][info][gc,heap     ] GC(17)   Garbage:         -                53M (7%)           53M (7%)           19M (3%)             -                  -          
[2026-04-03T01:56:33.460+0600][15.679s][info][gc,heap     ] GC(17) Reclaimed:         -                  -                 0M (0%)           33M (5%)             -                  -          
[2026-04-03T01:56:33.460+0600][15.679s][info][gc          ] GC(17) Garbage Collection (Allocation Rate) 176M(23%)->172M(23%)
[2026-04-03T01:56:33.497+0600][15.716s][info][gc,start    ] GC(18) Garbage Collection (Allocation Rate)
[2026-04-03T01:56:33.497+0600][15.716s][info][gc,task     ] GC(18) Using 3 workers
[2026-04-03T01:56:33.498+0600][15.716s][info][gc,phases   ] GC(18) Pause Mark Start 0.011ms
[2026-04-03T01:56:33.597+0600][15.816s][info][gc,phases   ] GC(18) Concurrent Mark 99.612ms
[2026-04-03T01:56:33.597+0600][15.816s][info][gc,phases   ] GC(18) Pause Mark End 0.025ms
[2026-04-03T01:56:33.598+0600][15.816s][info][gc,phases   ] GC(18) Concurrent Mark Free 0.002ms
[2026-04-03T01:56:33.616+0600][15.835s][info][gc,phases   ] GC(18) Concurrent Process Non-Strong References 18.581ms
[2026-04-03T01:56:33.616+0600][15.835s][info][gc,phases   ] GC(18) Concurrent Reset Relocation Set 0.003ms
[2026-04-03T01:56:33.620+0600][15.839s][info][gc,phases   ] GC(18) Concurrent Select Relocation Set 3.533ms
[2026-04-03T01:56:33.620+0600][15.839s][info][gc,phases   ] GC(18) Pause Relocate Start 0.016ms
[2026-04-03T01:56:33.624+0600][15.843s][info][gc,phases   ] GC(18) Concurrent Relocate 3.881ms
[2026-04-03T01:56:33.624+0600][15.843s][info][gc,load     ] GC(18) Load: 3.49/6.30/6.97
[2026-04-03T01:56:33.624+0600][15.843s][info][gc,mmu      ] GC(18) MMU: 2ms/96.9%, 5ms/98.8%, 10ms/99.3%, 20ms/99.6%, 50ms/99.9%, 100ms/99.9%
[2026-04-03T01:56:33.624+0600][15.843s][info][gc,marking  ] GC(18) Mark: 2 stripe(s), 2 proactive flush(es), 1 terminate flush(es), 0 completion(s), 0 continuation(s) 
[2026-04-03T01:56:33.624+0600][15.843s][info][gc,marking  ] GC(18) Mark Stack Usage: 32M
[2026-04-03T01:56:33.624+0600][15.843s][info][gc,nmethod  ] GC(18) NMethods: 4536 registered, 601 unregistered
[2026-04-03T01:56:33.624+0600][15.843s][info][gc,metaspace] GC(18) Metaspace: 62M used, 63M committed, 1088M reserved
[2026-04-03T01:56:33.624+0600][15.843s][info][gc,ref      ] GC(18) Soft: 4728 encountered, 0 discovered, 0 enqueued
[2026-04-03T01:56:33.624+0600][15.843s][info][gc,ref      ] GC(18) Weak: 5571 encountered, 2435 discovered, 149 enqueued
[2026-04-03T01:56:33.624+0600][15.843s][info][gc,ref      ] GC(18) Final: 82 encountered, 0 discovered, 0 enqueued
[2026-04-03T01:56:33.624+0600][15.843s][info][gc,ref      ] GC(18) Phantom: 596 encountered, 400 discovered, 0 enqueued
[2026-04-03T01:56:33.624+0600][15.843s][info][gc,reloc    ] GC(18) Small Pages: 79 / 158M, Empty: 0M, Relocated: 3M, In-Place: 0
[2026-04-03T01:56:33.624+0600][15.843s][info][gc,reloc    ] GC(18) Medium Pages: 1 / 16M, Empty: 0M, Relocated: 0M, In-Place: 0
[2026-04-03T01:56:33.624+0600][15.843s][info][gc,reloc    ] GC(18) Large Pages: 3 / 16M, Empty: 6M, Relocated: 0M, In-Place: 0
[2026-04-03T01:56:33.624+0600][15.843s][info][gc,reloc    ] GC(18) Forwarding Usage: 1M
[2026-04-03T01:56:33.624+0600][15.843s][info][gc,heap     ] GC(18) Min Capacity: 8M(1%)
[2026-04-03T01:56:33.624+0600][15.843s][info][gc,heap     ] GC(18) Max Capacity: 750M(100%)
[2026-04-03T01:56:33.624+0600][15.843s][info][gc,heap     ] GC(18) Soft Max Capacity: 750M(100%)
[2026-04-03T01:56:33.624+0600][15.843s][info][gc,heap     ] GC(18)                Mark Start          Mark End        Relocate Start      Relocate End           High               Low         
[2026-04-03T01:56:33.624+0600][15.843s][info][gc,heap     ] GC(18)  Capacity:      656M (87%)         656M (87%)         656M (87%)         656M (87%)         656M (87%)         656M (87%)    
[2026-04-03T01:56:33.624+0600][15.843s][info][gc,heap     ] GC(18)      Free:      560M (75%)         484M (65%)         468M (62%)         508M (68%)         560M (75%)         464M (62%)    
[2026-04-03T01:56:33.625+0600][15.843s][info][gc,heap     ] GC(18)      Used:      190M (25%)         266M (35%)         282M (38%)         242M (32%)         286M (38%)         190M (25%)    
[2026-04-03T01:56:33.625+0600][15.843s][info][gc,heap     ] GC(18)      Live:         -               123M (16%)         123M (16%)         123M (16%)            -                  -          
[2026-04-03T01:56:33.625+0600][15.843s][info][gc,heap     ] GC(18) Allocated:         -                76M (10%)          98M (13%)          99M (13%)            -                  -          
[2026-04-03T01:56:33.625+0600][15.843s][info][gc,heap     ] GC(18)   Garbage:         -                66M (9%)           60M (8%)           18M (2%)             -                  -          
[2026-04-03T01:56:33.625+0600][15.843s][info][gc,heap     ] GC(18) Reclaimed:         -                  -                 6M (1%)           47M (6%)             -                  -          
[2026-04-03T01:56:33.625+0600][15.843s][info][gc          ] GC(18) Garbage Collection (Allocation Rate) 190M(25%)->242M(32%)
[2026-04-03T01:56:33.696+0600][15.915s][info][gc,start    ] GC(19) Garbage Collection (Allocation Rate)
[2026-04-03T01:56:33.697+0600][15.915s][info][gc,task     ] GC(19) Using 3 workers
[2026-04-03T01:56:33.697+0600][15.916s][info][gc,phases   ] GC(19) Pause Mark Start 0.025ms
[2026-04-03T01:56:33.797+0600][16.016s][info][gc,phases   ] GC(19) Concurrent Mark 99.783ms
[2026-04-03T01:56:33.797+0600][16.016s][info][gc,phases   ] GC(19) Pause Mark End 0.025ms
[2026-04-03T01:56:33.797+0600][16.016s][info][gc,phases   ] GC(19) Concurrent Mark Free 0.003ms
[2026-04-03T01:56:33.804+0600][16.023s][info][gc,phases   ] GC(19) Concurrent Process Non-Strong References 6.647ms
[2026-04-03T01:56:33.804+0600][16.023s][info][gc,phases   ] GC(19) Concurrent Reset Relocation Set 0.003ms
[2026-04-03T01:56:33.809+0600][16.028s][info][gc,phases   ] GC(19) Concurrent Select Relocation Set 4.966ms
[2026-04-03T01:56:33.809+0600][16.028s][info][gc,phases   ] GC(19) Pause Relocate Start 0.015ms
[2026-04-03T01:56:33.823+0600][16.041s][info][gc,phases   ] GC(19) Concurrent Relocate 13.212ms
[2026-04-03T01:56:33.823+0600][16.041s][info][gc,load     ] GC(19) Load: 3.49/6.30/6.97
[2026-04-03T01:56:33.823+0600][16.042s][info][gc,mmu      ] GC(19) MMU: 2ms/96.9%, 5ms/98.8%, 10ms/99.3%, 20ms/99.6%, 50ms/99.9%, 100ms/99.9%
[2026-04-03T01:56:33.823+0600][16.042s][info][gc,marking  ] GC(19) Mark: 2 stripe(s), 4 proactive flush(es), 1 terminate flush(es), 0 completion(s), 0 continuation(s) 
[2026-04-03T01:56:33.823+0600][16.042s][info][gc,marking  ] GC(19) Mark Stack Usage: 32M
[2026-04-03T01:56:33.823+0600][16.042s][info][gc,nmethod  ] GC(19) NMethods: 4505 registered, 676 unregistered
[2026-04-03T01:56:33.823+0600][16.042s][info][gc,metaspace] GC(19) Metaspace: 62M used, 63M committed, 1088M reserved
[2026-04-03T01:56:33.823+0600][16.042s][info][gc,ref      ] GC(19) Soft: 4728 encountered, 0 discovered, 0 enqueued
[2026-04-03T01:56:33.823+0600][16.042s][info][gc,ref      ] GC(19) Weak: 5423 encountered, 2740 discovered, 1 enqueued
[2026-04-03T01:56:33.823+0600][16.042s][info][gc,ref      ] GC(19) Final: 82 encountered, 0 discovered, 0 enqueued
[2026-04-03T01:56:33.823+0600][16.042s][info][gc,ref      ] GC(19) Phantom: 596 encountered, 310 discovered, 0 enqueued
[2026-04-03T01:56:33.823+0600][16.042s][info][gc,reloc    ] GC(19) Small Pages: 156 / 312M, Empty: 0M, Relocated: 10M, In-Place: 0
[2026-04-03T01:56:33.823+0600][16.042s][info][gc,reloc    ] GC(19) Medium Pages: 2 / 32M, Empty: 0M, Relocated: 4M, In-Place: 0
[2026-04-03T01:56:33.823+0600][16.042s][info][gc,reloc    ] GC(19) Large Pages: 2 / 10M, Empty: 0M, Relocated: 0M, In-Place: 0
[2026-04-03T01:56:33.823+0600][16.042s][info][gc,reloc    ] GC(19) Forwarding Usage: 5M
[2026-04-03T01:56:33.823+0600][16.042s][info][gc,heap     ] GC(19) Min Capacity: 8M(1%)
[2026-04-03T01:56:33.823+0600][16.042s][info][gc,heap     ] GC(19) Max Capacity: 750M(100%)
[2026-04-03T01:56:33.823+0600][16.042s][info][gc,heap     ] GC(19) Soft Max Capacity: 750M(100%)
[2026-04-03T01:56:33.823+0600][16.042s][info][gc,heap     ] GC(19)                Mark Start          Mark End        Relocate Start      Relocate End           High               Low         
[2026-04-03T01:56:33.823+0600][16.042s][info][gc,heap     ] GC(19)  Capacity:      656M (87%)         656M (87%)         656M (87%)         656M (87%)         656M (87%)         656M (87%)    
[2026-04-03T01:56:33.823+0600][16.042s][info][gc,heap     ] GC(19)      Free:      396M (53%)         200M (27%)         178M (24%)         358M (48%)         396M (53%)         160M (21%)    
[2026-04-03T01:56:33.823+0600][16.042s][info][gc,heap     ] GC(19)      Used:      354M (47%)         550M (73%)         572M (76%)         392M (52%)         590M (79%)         354M (47%)    
[2026-04-03T01:56:33.823+0600][16.042s][info][gc,heap     ] GC(19)      Live:         -               133M (18%)         133M (18%)         133M (18%)            -                  -          
[2026-04-03T01:56:33.823+0600][16.042s][info][gc,heap     ] GC(19) Allocated:         -               196M (26%)         218M (29%)         241M (32%)            -                  -          
[2026-04-03T01:56:33.823+0600][16.042s][info][gc,heap     ] GC(19)   Garbage:         -               220M (29%)         220M (29%)          17M (2%)             -                  -          
[2026-04-03T01:56:33.823+0600][16.042s][info][gc,heap     ] GC(19) Reclaimed:         -                  -                 0M (0%)          203M (27%)            -                  -          
[2026-04-03T01:56:33.823+0600][16.042s][info][gc          ] GC(19) Garbage Collection (Allocation Rate) 354M(47%)->392M(52%)
[2026-04-03T01:56:33.897+0600][16.116s][info][gc,start    ] GC(20) Garbage Collection (Allocation Rate)
[2026-04-03T01:56:33.897+0600][16.116s][info][gc,task     ] GC(20) Using 3 workers
[2026-04-03T01:56:33.897+0600][16.116s][info][gc,phases   ] GC(20) Pause Mark Start 0.009ms
[2026-04-03T01:56:34.022+0600][16.240s][info][gc,phases   ] GC(20) Concurrent Mark 124.354ms
[2026-04-03T01:56:34.024+0600][16.243s][info][gc,phases   ] GC(20) Pause Mark End 0.026ms
[2026-04-03T01:56:34.024+0600][16.243s][info][gc,phases   ] GC(20) Concurrent Mark Free 0.003ms
[2026-04-03T01:56:34.031+0600][16.249s][info][gc,phases   ] GC(20) Concurrent Process Non-Strong References 6.254ms
[2026-04-03T01:56:34.031+0600][16.249s][info][gc,phases   ] GC(20) Concurrent Reset Relocation Set 0.013ms
[2026-04-03T01:56:34.037+0600][16.256s][info][gc,phases   ] GC(20) Concurrent Select Relocation Set 6.554ms
[2026-04-03T01:56:34.038+0600][16.256s][info][gc,phases   ] GC(20) Pause Relocate Start 0.016ms
[2026-04-03T01:56:34.065+0600][16.284s][info][gc,phases   ] GC(20) Concurrent Relocate 27.254ms
[2026-04-03T01:56:34.065+0600][16.284s][info][gc,load     ] GC(20) Load: 3.49/6.30/6.97
[2026-04-03T01:56:34.065+0600][16.284s][info][gc,mmu      ] GC(20) MMU: 2ms/96.9%, 5ms/98.8%, 10ms/99.3%, 20ms/99.6%, 50ms/99.9%, 100ms/99.9%
[2026-04-03T01:56:34.065+0600][16.284s][info][gc,marking  ] GC(20) Mark: 2 stripe(s), 2 proactive flush(es), 1 terminate flush(es), 0 completion(s), 0 continuation(s) 
[2026-04-03T01:56:34.065+0600][16.284s][info][gc,marking  ] GC(20) Mark Stack Usage: 32M
[2026-04-03T01:56:34.065+0600][16.284s][info][gc,nmethod  ] GC(20) NMethods: 4520 registered, 682 unregistered
[2026-04-03T01:56:34.065+0600][16.284s][info][gc,metaspace] GC(20) Metaspace: 62M used, 63M committed, 1088M reserved
[2026-04-03T01:56:34.065+0600][16.284s][info][gc,ref      ] GC(20) Soft: 4728 encountered, 0 discovered, 0 enqueued
[2026-04-03T01:56:34.065+0600][16.284s][info][gc,ref      ] GC(20) Weak: 5422 encountered, 2504 discovered, 0 enqueued
[2026-04-03T01:56:34.065+0600][16.284s][info][gc,ref      ] GC(20) Final: 82 encountered, 0 discovered, 0 enqueued
[2026-04-03T01:56:34.065+0600][16.284s][info][gc,ref      ] GC(20) Phantom: 596 encountered, 446 discovered, 0 enqueued
[2026-04-03T01:56:34.065+0600][16.284s][info][gc,reloc    ] GC(20) Small Pages: 288 / 576M, Empty: 0M, Relocated: 19M, In-Place: 0
[2026-04-03T01:56:34.065+0600][16.284s][info][gc,reloc    ] GC(20) Medium Pages: 1 / 16M, Empty: 0M, Relocated: 0M, In-Place: 0
[2026-04-03T01:56:34.065+0600][16.284s][info][gc,reloc    ] GC(20) Large Pages: 3 / 14M, Empty: 0M, Relocated: 0M, In-Place: 0
[2026-04-03T01:56:34.065+0600][16.284s][info][gc,reloc    ] GC(20) Forwarding Usage: 12M
[2026-04-03T01:56:34.065+0600][16.284s][info][gc,heap     ] GC(20) Min Capacity: 8M(1%)
[2026-04-03T01:56:34.065+0600][16.284s][info][gc,heap     ] GC(20) Max Capacity: 750M(100%)
[2026-04-03T01:56:34.065+0600][16.284s][info][gc,heap     ] GC(20) Soft Max Capacity: 750M(100%)
[2026-04-03T01:56:34.065+0600][16.284s][info][gc,heap     ] GC(20)                Mark Start          Mark End        Relocate Start      Relocate End           High               Low         
[2026-04-03T01:56:34.065+0600][16.284s][info][gc,heap     ] GC(20)  Capacity:      656M (87%)         720M (96%)         728M (97%)         736M (98%)         736M (98%)         656M (87%)    
[2026-04-03T01:56:34.065+0600][16.284s][info][gc,heap     ] GC(20)      Free:      144M (19%)          32M (4%)           24M (3%)          422M (56%)         422M (56%)          14M (2%)     
[2026-04-03T01:56:34.065+0600][16.284s][info][gc,heap     ] GC(20)      Used:      606M (81%)         718M (96%)         726M (97%)         328M (44%)         736M (98%)         328M (44%)    
[2026-04-03T01:56:34.065+0600][16.284s][info][gc,heap     ] GC(20)      Live:         -               154M (21%)         154M (21%)         154M (21%)            -                  -          
[2026-04-03T01:56:34.065+0600][16.284s][info][gc,heap     ] GC(20) Allocated:         -               112M (15%)         120M (16%)         153M (21%)            -                  -          
[2026-04-03T01:56:34.065+0600][16.284s][info][gc,heap     ] GC(20)   Garbage:         -               451M (60%)         451M (60%)          19M (3%)             -                  -          
[2026-04-03T01:56:34.065+0600][16.284s][info][gc,heap     ] GC(20) Reclaimed:         -                  -                 0M (0%)          431M (58%)            -                  -          
[2026-04-03T01:56:34.065+0600][16.284s][info][gc          ] GC(20) Garbage Collection (Allocation Rate) 606M(81%)->328M(44%)
[2026-04-03T01:56:34.097+0600][16.316s][info][gc,start    ] GC(21) Garbage Collection (Allocation Rate)
[2026-04-03T01:56:34.097+0600][16.316s][info][gc,task     ] GC(21) Using 3 workers
[2026-04-03T01:56:34.097+0600][16.316s][info][gc,phases   ] GC(21) Pause Mark Start 0.011ms
[2026-04-03T01:56:34.228+0600][16.447s][info][gc,phases   ] GC(21) Concurrent Mark 130.267ms
[2026-04-03T01:56:34.228+0600][16.447s][info][gc,phases   ] GC(21) Pause Mark End 0.061ms
[2026-04-03T01:56:34.228+0600][16.447s][info][gc,phases   ] GC(21) Concurrent Mark Free 0.004ms
[2026-04-03T01:56:34.234+0600][16.453s][info][gc,phases   ] GC(21) Concurrent Process Non-Strong References 6.060ms
[2026-04-03T01:56:34.235+0600][16.453s][info][gc,phases   ] GC(21) Concurrent Reset Relocation Set 0.016ms
[2026-04-03T01:56:34.238+0600][16.457s][info][gc,phases   ] GC(21) Concurrent Select Relocation Set 3.937ms
[2026-04-03T01:56:34.239+0600][16.458s][info][gc,phases   ] GC(21) Pause Relocate Start 0.016ms
[2026-04-03T01:56:34.253+0600][16.472s][info][gc,phases   ] GC(21) Concurrent Relocate 14.431ms
[2026-04-03T01:56:34.253+0600][16.472s][info][gc,load     ] GC(21) Load: 3.49/6.30/6.97
[2026-04-03T01:56:34.254+0600][16.472s][info][gc,mmu      ] GC(21) MMU: 2ms/96.9%, 5ms/98.8%, 10ms/99.3%, 20ms/99.6%, 50ms/99.8%, 100ms/99.9%
[2026-04-03T01:56:34.254+0600][16.472s][info][gc,marking  ] GC(21) Mark: 2 stripe(s), 2 proactive flush(es), 1 terminate flush(es), 0 completion(s), 0 continuation(s) 
[2026-04-03T01:56:34.254+0600][16.472s][info][gc,marking  ] GC(21) Mark Stack Usage: 32M
[2026-04-03T01:56:34.254+0600][16.472s][info][gc,nmethod  ] GC(21) NMethods: 4519 registered, 689 unregistered
[2026-04-03T01:56:34.254+0600][16.472s][info][gc,metaspace] GC(21) Metaspace: 62M used, 63M committed, 1088M reserved
[2026-04-03T01:56:34.254+0600][16.472s][info][gc,ref      ] GC(21) Soft: 4728 encountered, 0 discovered, 0 enqueued
[2026-04-03T01:56:34.254+0600][16.472s][info][gc,ref      ] GC(21) Weak: 5422 encountered, 2711 discovered, 0 enqueued
[2026-04-03T01:56:34.254+0600][16.472s][info][gc,ref      ] GC(21) Final: 82 encountered, 0 discovered, 0 enqueued
[2026-04-03T01:56:34.254+0600][16.472s][info][gc,ref      ] GC(21) Phantom: 596 encountered, 386 discovered, 0 enqueued
[2026-04-03T01:56:34.254+0600][16.472s][info][gc,reloc    ] GC(21) Small Pages: 181 / 362M, Empty: 6M, Relocated: 10M, In-Place: 0
[2026-04-03T01:56:34.254+0600][16.472s][info][gc,reloc    ] GC(21) Medium Pages: 1 / 16M, Empty: 0M, Relocated: 0M, In-Place: 0
[2026-04-03T01:56:34.254+0600][16.472s][info][gc,reloc    ] GC(21) Large Pages: 4 / 20M, Empty: 4M, Relocated: 0M, In-Place: 0
[2026-04-03T01:56:34.254+0600][16.472s][info][gc,reloc    ] GC(21) Forwarding Usage: 6M
[2026-04-03T01:56:34.254+0600][16.472s][info][gc,heap     ] GC(21) Min Capacity: 8M(1%)
[2026-04-03T01:56:34.254+0600][16.472s][info][gc,heap     ] GC(21) Max Capacity: 750M(100%)
[2026-04-03T01:56:34.254+0600][16.472s][info][gc,heap     ] GC(21) Soft Max Capacity: 750M(100%)
[2026-04-03T01:56:34.254+0600][16.472s][info][gc,heap     ] GC(21)                Mark Start          Mark End        Relocate Start      Relocate End           High               Low         
[2026-04-03T01:56:34.254+0600][16.472s][info][gc,heap     ] GC(21)  Capacity:      736M (98%)         736M (98%)         736M (98%)         736M (98%)         736M (98%)         736M (98%)    
[2026-04-03T01:56:34.254+0600][16.472s][info][gc,heap     ] GC(21)      Free:      352M (47%)         136M (18%)         128M (17%)         318M (42%)         352M (47%)         120M (16%)    
[2026-04-03T01:56:34.254+0600][16.472s][info][gc,heap     ] GC(21)      Used:      398M (53%)         614M (82%)         622M (83%)         432M (58%)         630M (84%)         398M (53%)    
[2026-04-03T01:56:34.254+0600][16.472s][info][gc,heap     ] GC(21)      Live:         -               164M (22%)         164M (22%)         164M (22%)            -                  -          
[2026-04-03T01:56:34.254+0600][16.472s][info][gc,heap     ] GC(21) Allocated:         -               216M (29%)         234M (31%)         249M (33%)            -                  -          
[2026-04-03T01:56:34.254+0600][16.472s][info][gc,heap     ] GC(21)   Garbage:         -               233M (31%)         223M (30%)          18M (2%)             -                  -          
[2026-04-03T01:56:34.254+0600][16.472s][info][gc,heap     ] GC(21) Reclaimed:         -                  -                10M (1%)          215M (29%)            -                  -          
[2026-04-03T01:56:34.254+0600][16.473s][info][gc          ] GC(21) Garbage Collection (Allocation Rate) 398M(53%)->432M(58%)
[2026-04-03T01:56:34.297+0600][16.516s][info][gc,start    ] GC(22) Garbage Collection (Allocation Rate)
[2026-04-03T01:56:34.297+0600][16.516s][info][gc,task     ] GC(22) Using 3 workers
[2026-04-03T01:56:34.298+0600][16.516s][info][gc,phases   ] GC(22) Pause Mark Start 0.019ms
[2026-04-03T01:56:34.415+0600][16.634s][info][gc,phases   ] GC(22) Concurrent Mark 117.309ms
[2026-04-03T01:56:34.415+0600][16.634s][info][gc,phases   ] GC(22) Pause Mark End 0.028ms
[2026-04-03T01:56:34.416+0600][16.634s][info][gc,phases   ] GC(22) Concurrent Mark Free 0.003ms
[2026-04-03T01:56:34.421+0600][16.640s][info][gc,phases   ] GC(22) Concurrent Process Non-Strong References 5.066ms
[2026-04-03T01:56:34.421+0600][16.640s][info][gc,phases   ] GC(22) Concurrent Reset Relocation Set 0.013ms
[2026-04-03T01:56:34.425+0600][16.644s][info][gc,phases   ] GC(22) Concurrent Select Relocation Set 3.811ms
[2026-04-03T01:56:34.425+0600][16.644s][info][gc,phases   ] GC(22) Pause Relocate Start 0.012ms
[2026-04-03T01:56:34.425+0600][16.644s][info][gc          ] Allocation Stall (Executor task launch worker for task 1.0 in stage 1.0 (TID 2)) 2.707ms
[2026-04-03T01:56:34.436+0600][16.655s][info][gc          ] Relocation Stall (Executor task launch worker for task 0.0 in stage 1.0 (TID 1)) 10.991ms
[2026-04-03T01:56:34.437+0600][16.655s][info][gc,phases   ] GC(22) Concurrent Relocate 11.420ms
[2026-04-03T01:56:34.437+0600][16.655s][info][gc,load     ] GC(22) Load: 3.53/6.26/6.95
[2026-04-03T01:56:34.437+0600][16.655s][info][gc,mmu      ] GC(22) MMU: 2ms/96.9%, 5ms/98.8%, 10ms/99.3%, 20ms/99.6%, 50ms/99.8%, 100ms/99.9%
[2026-04-03T01:56:34.437+0600][16.655s][info][gc,marking  ] GC(22) Mark: 2 stripe(s), 2 proactive flush(es), 1 terminate flush(es), 0 completion(s), 0 continuation(s) 
[2026-04-03T01:56:34.437+0600][16.655s][info][gc,marking  ] GC(22) Mark Stack Usage: 32M
[2026-04-03T01:56:34.437+0600][16.655s][info][gc,nmethod  ] GC(22) NMethods: 4526 registered, 690 unregistered
[2026-04-03T01:56:34.437+0600][16.655s][info][gc,metaspace] GC(22) Metaspace: 62M used, 63M committed, 1088M reserved
[2026-04-03T01:56:34.437+0600][16.655s][info][gc          ] Allocation Stall (Executor task launch worker for task 0.0 in stage 1.0 (TID 1)) 13.892ms
[2026-04-03T01:56:34.437+0600][16.655s][info][gc,ref      ] GC(22) Soft: 4728 encountered, 0 discovered, 0 enqueued
[2026-04-03T01:56:34.437+0600][16.656s][info][gc,ref      ] GC(22) Weak: 5422 encountered, 3550 discovered, 0 enqueued
[2026-04-03T01:56:34.437+0600][16.656s][info][gc,ref      ] GC(22) Final: 82 encountered, 0 discovered, 0 enqueued
[2026-04-03T01:56:34.437+0600][16.656s][info][gc,ref      ] GC(22) Phantom: 596 encountered, 314 discovered, 0 enqueued
[2026-04-03T01:56:34.437+0600][16.656s][info][gc,reloc    ] GC(22) Small Pages: 242 / 484M, Empty: 0M, Relocated: 13M, In-Place: 3
[2026-04-03T01:56:34.437+0600][16.656s][info][gc,reloc    ] GC(22) Medium Pages: 1 / 16M, Empty: 0M, Relocated: 0M, In-Place: 0
[2026-04-03T01:56:34.437+0600][16.656s][info][gc,reloc    ] GC(22) Large Pages: 3 / 16M, Empty: 0M, Relocated: 0M, In-Place: 0
[2026-04-03T01:56:34.437+0600][16.656s][info][gc,reloc    ] GC(22) Forwarding Usage: 9M
[2026-04-03T01:56:34.437+0600][16.656s][info][gc,heap     ] GC(22) Min Capacity: 8M(1%)
[2026-04-03T01:56:34.437+0600][16.656s][info][gc,heap     ] GC(22) Max Capacity: 750M(100%)
[2026-04-03T01:56:34.437+0600][16.656s][info][gc,heap     ] GC(22) Soft Max Capacity: 750M(100%)
[2026-04-03T01:56:34.437+0600][16.656s][info][gc,heap     ] GC(22)                Mark Start          Mark End        Relocate Start      Relocate End           High               Low         
[2026-04-03T01:56:34.437+0600][16.656s][info][gc,heap     ] GC(22)  Capacity:      736M (98%)         746M (99%)         750M (100%)        750M (100%)        750M (100%)        736M (98%)    
[2026-04-03T01:56:34.437+0600][16.656s][info][gc,heap     ] GC(22)      Free:      234M (31%)           6M (1%)            0M (0%)          300M (40%)         300M (40%)           0M (0%)     
[2026-04-03T01:56:34.437+0600][16.656s][info][gc,heap     ] GC(22)      Used:      516M (69%)         744M (99%)         750M (100%)        450M (60%)         750M (100%)        450M (60%)    
[2026-04-03T01:56:34.437+0600][16.656s][info][gc,heap     ] GC(22)      Live:         -               177M (24%)         177M (24%)         177M (24%)            -                  -          
[2026-04-03T01:56:34.437+0600][16.656s][info][gc,heap     ] GC(22) Allocated:         -               228M (30%)         234M (31%)         251M (34%)            -                  -          
[2026-04-03T01:56:34.437+0600][16.656s][info][gc,heap     ] GC(22)   Garbage:         -               338M (45%)         338M (45%)          21M (3%)             -                  -          
[2026-04-03T01:56:34.437+0600][16.656s][info][gc,heap     ] GC(22) Reclaimed:         -                  -                 0M (0%)          317M (42%)            -                  -          
[2026-04-03T01:56:34.437+0600][16.656s][info][gc          ] GC(22) Garbage Collection (Allocation Rate) 516M(69%)->450M(60%)
[2026-04-03T01:56:34.496+0600][16.715s][info][gc,start    ] GC(23) Garbage Collection (Allocation Stall)
[2026-04-03T01:56:34.497+0600][16.715s][info][gc,ref      ] GC(23) Clearing All SoftReferences
[2026-04-03T01:56:34.497+0600][16.715s][info][gc,task     ] GC(23) Using 3 workers
[2026-04-03T01:56:34.497+0600][16.716s][info][gc,ref      ] GC(23) Clearing All SoftReferences
[2026-04-03T01:56:34.497+0600][16.716s][info][gc,phases   ] GC(23) Pause Mark Start 0.112ms
[2026-04-03T01:56:34.629+0600][16.848s][info][gc,phases   ] GC(23) Concurrent Mark 131.751ms
[2026-04-03T01:56:34.629+0600][16.848s][info][gc,phases   ] GC(23) Pause Mark End 0.026ms
[2026-04-03T01:56:34.629+0600][16.848s][info][gc,phases   ] GC(23) Concurrent Mark Free 0.003ms
[2026-04-03T01:56:34.643+0600][16.861s][info][gc,phases   ] GC(23) Concurrent Process Non-Strong References 13.211ms
[2026-04-03T01:56:34.643+0600][16.861s][info][gc,phases   ] GC(23) Concurrent Reset Relocation Set 0.013ms
[2026-04-03T01:56:34.645+0600][16.864s][info][gc          ] Allocation Stall (Executor task launch worker for task 1.0 in stage 1.0 (TID 2)) 3.113ms
[2026-04-03T01:56:34.648+0600][16.867s][info][gc,phases   ] GC(23) Concurrent Select Relocation Set 5.576ms
[2026-04-03T01:56:34.648+0600][16.867s][info][gc,phases   ] GC(23) Pause Relocate Start 0.014ms
[2026-04-03T01:56:34.671+0600][16.890s][info][gc,phases   ] GC(23) Concurrent Relocate 22.064ms
[2026-04-03T01:56:34.671+0600][16.890s][info][gc,load     ] GC(23) Load: 3.53/6.26/6.95
[2026-04-03T01:56:34.671+0600][16.890s][info][gc,mmu      ] GC(23) MMU: 2ms/94.4%, 5ms/97.8%, 10ms/98.9%, 20ms/99.4%, 50ms/99.8%, 100ms/99.8%
[2026-04-03T01:56:34.671+0600][16.890s][info][gc,marking  ] GC(23) Mark: 2 stripe(s), 2 proactive flush(es), 1 terminate flush(es), 0 completion(s), 0 continuation(s) 
[2026-04-03T01:56:34.671+0600][16.890s][info][gc,marking  ] GC(23) Mark Stack Usage: 32M
[2026-04-03T01:56:34.671+0600][16.890s][info][gc,nmethod  ] GC(23) NMethods: 4553 registered, 710 unregistered
[2026-04-03T01:56:34.671+0600][16.890s][info][gc,metaspace] GC(23) Metaspace: 62M used, 63M committed, 1088M reserved
[2026-04-03T01:56:34.671+0600][16.890s][info][gc,ref      ] GC(23) Soft: 4553 encountered, 2163 discovered, 1890 enqueued
[2026-04-03T01:56:34.671+0600][16.890s][info][gc,ref      ] GC(23) Weak: 5462 encountered, 2846 discovered, 229 enqueued
[2026-04-03T01:56:34.671+0600][16.890s][info][gc,ref      ] GC(23) Final: 82 encountered, 0 discovered, 0 enqueued
[2026-04-03T01:56:34.671+0600][16.890s][info][gc,ref      ] GC(23) Phantom: 596 encountered, 377 discovered, 0 enqueued
[2026-04-03T01:56:34.671+0600][16.890s][info][gc,reloc    ] GC(23) Small Pages: 267 / 534M, Empty: 12M, Relocated: 24M, In-Place: 0
[2026-04-03T01:56:34.671+0600][16.890s][info][gc,reloc    ] GC(23) Medium Pages: 2 / 32M, Empty: 16M, Relocated: 0M, In-Place: 0
[2026-04-03T01:56:34.671+0600][16.890s][info][gc,reloc    ] GC(23) Large Pages: 4 / 26M, Empty: 6M, Relocated: 0M, In-Place: 0
[2026-04-03T01:56:34.671+0600][16.890s][info][gc,reloc    ] GC(23) Forwarding Usage: 16M
[2026-04-03T01:56:34.671+0600][16.890s][info][gc,heap     ] GC(23) Min Capacity: 8M(1%)
[2026-04-03T01:56:34.671+0600][16.890s][info][gc,heap     ] GC(23) Max Capacity: 750M(100%)
[2026-04-03T01:56:34.671+0600][16.890s][info][gc,heap     ] GC(23) Soft Max Capacity: 750M(100%)
[2026-04-03T01:56:34.671+0600][16.890s][info][gc,heap     ] GC(23)                Mark Start          Mark End        Relocate Start      Relocate End           High               Low         
[2026-04-03T01:56:34.671+0600][16.890s][info][gc,heap     ] GC(23)  Capacity:      750M (100%)        750M (100%)        750M (100%)        750M (100%)        750M (100%)        750M (100%)   
[2026-04-03T01:56:34.671+0600][16.890s][info][gc,heap     ] GC(23)      Free:      158M (21%)          10M (1%)           30M (4%)          352M (47%)         352M (47%)           0M (0%)     
[2026-04-03T01:56:34.671+0600][16.890s][info][gc,heap     ] GC(23)      Used:      592M (79%)         740M (99%)         720M (96%)         398M (53%)         750M (100%)        398M (53%)    
[2026-04-03T01:56:34.671+0600][16.890s][info][gc,heap     ] GC(23)      Live:         -               197M (26%)         197M (26%)         197M (26%)            -                  -          
[2026-04-03T01:56:34.671+0600][16.890s][info][gc,heap     ] GC(23) Allocated:         -               148M (20%)         162M (22%)         179M (24%)            -                  -          
[2026-04-03T01:56:34.671+0600][16.890s][info][gc,heap     ] GC(23)   Garbage:         -               394M (53%)         360M (48%)          20M (3%)             -                  -          
[2026-04-03T01:56:34.671+0600][16.890s][info][gc,heap     ] GC(23) Reclaimed:         -                  -                34M (5%)          373M (50%)            -                  -          
[2026-04-03T01:56:34.671+0600][16.890s][info][gc          ] GC(23) Garbage Collection (Allocation Stall) 592M(79%)->398M(53%)
[2026-04-03T01:56:34.697+0600][16.916s][info][gc,start    ] GC(24) Garbage Collection (Allocation Stall)
[2026-04-03T01:56:34.697+0600][16.916s][info][gc,ref      ] GC(24) Clearing All SoftReferences
[2026-04-03T01:56:34.697+0600][16.916s][info][gc,task     ] GC(24) Using 3 workers
[2026-04-03T01:56:34.697+0600][16.916s][info][gc,ref      ] GC(24) Clearing All SoftReferences
[2026-04-03T01:56:34.697+0600][16.916s][info][gc,phases   ] GC(24) Pause Mark Start 0.049ms
[2026-04-03T01:56:34.861+0600][17.080s][info][gc,phases   ] GC(24) Concurrent Mark 163.953ms
[2026-04-03T01:56:34.861+0600][17.080s][info][gc,phases   ] GC(24) Pause Mark End 0.027ms
[2026-04-03T01:56:34.862+0600][17.080s][info][gc,phases   ] GC(24) Concurrent Mark Free 0.003ms
[2026-04-03T01:56:34.869+0600][17.088s][info][gc,phases   ] GC(24) Concurrent Process Non-Strong References 5.005ms
[2026-04-03T01:56:34.869+0600][17.088s][info][gc,phases   ] GC(24) Concurrent Reset Relocation Set 0.025ms
[2026-04-03T01:56:34.873+0600][17.092s][info][gc,phases   ] GC(24) Concurrent Select Relocation Set 4.262ms
[2026-04-03T01:56:34.874+0600][17.093s][info][gc,phases   ] GC(24) Pause Relocate Start 0.014ms
[2026-04-03T01:56:34.886+0600][17.105s][info][gc,phases   ] GC(24) Concurrent Relocate 12.468ms
[2026-04-03T01:56:34.886+0600][17.105s][info][gc,load     ] GC(24) Load: 3.53/6.26/6.95
[2026-04-03T01:56:34.886+0600][17.105s][info][gc,mmu      ] GC(24) MMU: 2ms/94.4%, 5ms/97.8%, 10ms/98.9%, 20ms/99.4%, 50ms/99.8%, 100ms/99.8%
[2026-04-03T01:56:34.886+0600][17.105s][info][gc,marking  ] GC(24) Mark: 2 stripe(s), 2 proactive flush(es), 1 terminate flush(es), 0 completion(s), 0 continuation(s) 
[2026-04-03T01:56:34.886+0600][17.105s][info][gc,marking  ] GC(24) Mark Stack Usage: 32M
[2026-04-03T01:56:34.887+0600][17.105s][info][gc,nmethod  ] GC(24) NMethods: 4595 registered, 721 unregistered
[2026-04-03T01:56:34.887+0600][17.105s][info][gc,metaspace] GC(24) Metaspace: 62M used, 63M committed, 1088M reserved
[2026-04-03T01:56:34.887+0600][17.105s][info][gc,ref      ] GC(24) Soft: 2686 encountered, 284 discovered, 12 enqueued
[2026-04-03T01:56:34.887+0600][17.105s][info][gc,ref      ] GC(24) Weak: 4921 encountered, 2354 discovered, 8 enqueued
[2026-04-03T01:56:34.887+0600][17.105s][info][gc,ref      ] GC(24) Final: 82 encountered, 0 discovered, 0 enqueued
[2026-04-03T01:56:34.887+0600][17.105s][info][gc,ref      ] GC(24) Phantom: 595 encountered, 337 discovered, 0 enqueued
[2026-04-03T01:56:34.887+0600][17.105s][info][gc,reloc    ] GC(24) Small Pages: 179 / 358M, Empty: 0M, Relocated: 13M, In-Place: 0
[2026-04-03T01:56:34.887+0600][17.105s][info][gc,reloc    ] GC(24) Medium Pages: 1 / 16M, Empty: 0M, Relocated: 0M, In-Place: 0
[2026-04-03T01:56:34.887+0600][17.105s][info][gc,reloc    ] GC(24) Large Pages: 4 / 26M, Empty: 10M, Relocated: 0M, In-Place: 0
[2026-04-03T01:56:34.887+0600][17.105s][info][gc,reloc    ] GC(24) Forwarding Usage: 10M
[2026-04-03T01:56:34.887+0600][17.105s][info][gc,heap     ] GC(24) Min Capacity: 8M(1%)
[2026-04-03T01:56:34.887+0600][17.105s][info][gc,heap     ] GC(24) Max Capacity: 750M(100%)
[2026-04-03T01:56:34.887+0600][17.105s][info][gc,heap     ] GC(24) Soft Max Capacity: 750M(100%)
[2026-04-03T01:56:34.887+0600][17.105s][info][gc,heap     ] GC(24)                Mark Start          Mark End        Relocate Start      Relocate End           High               Low         
[2026-04-03T01:56:34.887+0600][17.105s][info][gc,heap     ] GC(24)  Capacity:      750M (100%)        750M (100%)        750M (100%)        750M (100%)        750M (100%)        750M (100%)   
[2026-04-03T01:56:34.887+0600][17.106s][info][gc,heap     ] GC(24)      Free:      350M (47%)         270M (36%)         268M (36%)         416M (55%)         416M (55%)         260M (35%)    
[2026-04-03T01:56:34.887+0600][17.106s][info][gc,heap     ] GC(24)      Used:      400M (53%)         480M (64%)         482M (64%)         334M (45%)         490M (65%)         334M (45%)    
[2026-04-03T01:56:34.887+0600][17.106s][info][gc,heap     ] GC(24)      Live:         -               206M (28%)         206M (28%)         206M (28%)            -                  -          
[2026-04-03T01:56:34.887+0600][17.106s][info][gc,heap     ] GC(24) Allocated:         -                80M (11%)          92M (12%)         103M (14%)            -                  -          
[2026-04-03T01:56:34.887+0600][17.106s][info][gc,heap     ] GC(24)   Garbage:         -               193M (26%)         183M (24%)          23M (3%)             -                  -          
[2026-04-03T01:56:34.887+0600][17.106s][info][gc,heap     ] GC(24) Reclaimed:         -                  -                10M (1%)          169M (23%)            -                  -          
[2026-04-03T01:56:34.887+0600][17.106s][info][gc          ] GC(24) Garbage Collection (Allocation Stall) 400M(53%)->334M(45%)
[2026-04-03T01:56:34.897+0600][17.116s][info][gc,start    ] GC(25) Garbage Collection (Allocation Rate)
[2026-04-03T01:56:34.897+0600][17.116s][info][gc,task     ] GC(25) Using 3 workers
[2026-04-03T01:56:34.897+0600][17.116s][info][gc,phases   ] GC(25) Pause Mark Start 0.014ms
[2026-04-03T01:56:35.011+0600][17.230s][info][gc,phases   ] GC(25) Concurrent Mark 113.817ms
[2026-04-03T01:56:35.012+0600][17.230s][info][gc,phases   ] GC(25) Pause Mark End 0.018ms
[2026-04-03T01:56:35.012+0600][17.231s][info][gc,phases   ] GC(25) Concurrent Mark Free 0.001ms
[2026-04-03T01:56:35.016+0600][17.235s][info][gc,phases   ] GC(25) Concurrent Process Non-Strong References 4.621ms
[2026-04-03T01:56:35.016+0600][17.235s][info][gc,phases   ] GC(25) Concurrent Reset Relocation Set 0.015ms
[2026-04-03T01:56:35.021+0600][17.239s][info][gc,phases   ] GC(25) Concurrent Select Relocation Set 4.096ms
[2026-04-03T01:56:35.021+0600][17.240s][info][gc,phases   ] GC(25) Pause Relocate Start 0.011ms
[2026-04-03T01:56:35.023+0600][17.242s][info][gc,phases   ] GC(25) Concurrent Relocate 2.335ms
[2026-04-03T01:56:35.023+0600][17.242s][info][gc,load     ] GC(25) Load: 3.53/6.26/6.95
[2026-04-03T01:56:35.023+0600][17.242s][info][gc,mmu      ] GC(25) MMU: 2ms/94.4%, 5ms/97.8%, 10ms/98.9%, 20ms/99.4%, 50ms/99.8%, 100ms/99.8%
[2026-04-03T01:56:35.023+0600][17.242s][info][gc,marking  ] GC(25) Mark: 2 stripe(s), 3 proactive flush(es), 1 terminate flush(es), 0 completion(s), 0 continuation(s) 
[2026-04-03T01:56:35.023+0600][17.242s][info][gc,marking  ] GC(25) Mark Stack Usage: 32M
[2026-04-03T01:56:35.023+0600][17.242s][info][gc,nmethod  ] GC(25) NMethods: 4568 registered, 749 unregistered
[2026-04-03T01:56:35.023+0600][17.242s][info][gc,metaspace] GC(25) Metaspace: 62M used, 63M committed, 1088M reserved
[2026-04-03T01:56:35.023+0600][17.242s][info][gc,ref      ] GC(25) Soft: 2690 encountered, 0 discovered, 0 enqueued
[2026-04-03T01:56:35.023+0600][17.242s][info][gc,ref      ] GC(25) Weak: 4937 encountered, 2354 discovered, 4 enqueued
[2026-04-03T01:56:35.023+0600][17.242s][info][gc,ref      ] GC(25) Final: 82 encountered, 0 discovered, 0 enqueued
[2026-04-03T01:56:35.023+0600][17.242s][info][gc,ref      ] GC(25) Phantom: 595 encountered, 332 discovered, 0 enqueued
[2026-04-03T01:56:35.023+0600][17.242s][info][gc,reloc    ] GC(25) Small Pages: 157 / 314M, Empty: 106M, Relocated: 3M, In-Place: 0
[2026-04-03T01:56:35.023+0600][17.242s][info][gc,reloc    ] GC(25) Medium Pages: 1 / 16M, Empty: 0M, Relocated: 0M, In-Place: 0
[2026-04-03T01:56:35.023+0600][17.242s][info][gc,reloc    ] GC(25) Large Pages: 3 / 16M, Empty: 0M, Relocated: 0M, In-Place: 0
[2026-04-03T01:56:35.023+0600][17.242s][info][gc,reloc    ] GC(25) Forwarding Usage: 1M
[2026-04-03T01:56:35.023+0600][17.242s][info][gc,heap     ] GC(25) Min Capacity: 8M(1%)
[2026-04-03T01:56:35.023+0600][17.242s][info][gc,heap     ] GC(25) Max Capacity: 750M(100%)
[2026-04-03T01:56:35.024+0600][17.242s][info][gc,heap     ] GC(25) Soft Max Capacity: 750M(100%)
[2026-04-03T01:56:35.024+0600][17.242s][info][gc,heap     ] GC(25)                Mark Start          Mark End        Relocate Start      Relocate End           High               Low         
[2026-04-03T01:56:35.024+0600][17.242s][info][gc,heap     ] GC(25)  Capacity:      750M (100%)        750M (100%)        750M (100%)        750M (100%)        750M (100%)        750M (100%)   
[2026-04-03T01:56:35.024+0600][17.242s][info][gc,heap     ] GC(25)      Free:      404M (54%)         274M (37%)         368M (49%)         378M (50%)         404M (54%)         264M (35%)    
[2026-04-03T01:56:35.024+0600][17.242s][info][gc,heap     ] GC(25)      Used:      346M (46%)         476M (63%)         382M (51%)         372M (50%)         486M (65%)         346M (46%)    
[2026-04-03T01:56:35.024+0600][17.242s][info][gc,heap     ] GC(25)      Live:         -               206M (28%)         206M (28%)         206M (28%)            -                  -          
[2026-04-03T01:56:35.024+0600][17.242s][info][gc,heap     ] GC(25) Allocated:         -               130M (17%)         142M (19%)         143M (19%)            -                  -          
[2026-04-03T01:56:35.024+0600][17.242s][info][gc,heap     ] GC(25)   Garbage:         -               139M (19%)          33M (4%)           21M (3%)             -                  -          
[2026-04-03T01:56:35.024+0600][17.242s][info][gc,heap     ] GC(25) Reclaimed:         -                  -               106M (14%)         117M (16%)            -                  -          
[2026-04-03T01:56:35.024+0600][17.242s][info][gc          ] GC(25) Garbage Collection (Allocation Rate) 346M(46%)->372M(50%)
[2026-04-03T01:56:35.097+0600][17.316s][info][gc,start    ] GC(26) Garbage Collection (Allocation Rate)
[2026-04-03T01:56:35.097+0600][17.316s][info][gc,task     ] GC(26) Using 3 workers
[2026-04-03T01:56:35.098+0600][17.316s][info][gc,phases   ] GC(26) Pause Mark Start 0.010ms
[2026-04-03T01:56:35.208+0600][17.427s][info][gc,phases   ] GC(26) Concurrent Mark 110.015ms
[2026-04-03T01:56:35.208+0600][17.427s][info][gc,phases   ] GC(26) Pause Mark End 0.023ms
[2026-04-03T01:56:35.208+0600][17.427s][info][gc,phases   ] GC(26) Concurrent Mark Free 0.001ms
[2026-04-03T01:56:35.213+0600][17.432s][info][gc,phases   ] GC(26) Concurrent Process Non-Strong References 4.774ms
[2026-04-03T01:56:35.213+0600][17.432s][info][gc,phases   ] GC(26) Concurrent Reset Relocation Set 0.003ms
[2026-04-03T01:56:35.216+0600][17.435s][info][gc,phases   ] GC(26) Concurrent Select Relocation Set 3.308ms
[2026-04-03T01:56:35.217+0600][17.435s][info][gc,phases   ] GC(26) Pause Relocate Start 0.026ms
[2026-04-03T01:56:35.218+0600][17.437s][info][gc,phases   ] GC(26) Concurrent Relocate 1.356ms
[2026-04-03T01:56:35.218+0600][17.437s][info][gc,load     ] GC(26) Load: 3.53/6.26/6.95
[2026-04-03T01:56:35.218+0600][17.437s][info][gc,mmu      ] GC(26) MMU: 2ms/94.4%, 5ms/97.8%, 10ms/98.9%, 20ms/99.4%, 50ms/99.8%, 100ms/99.8%
[2026-04-03T01:56:35.218+0600][17.437s][info][gc,marking  ] GC(26) Mark: 2 stripe(s), 2 proactive flush(es), 1 terminate flush(es), 0 completion(s), 0 continuation(s) 
[2026-04-03T01:56:35.218+0600][17.437s][info][gc,marking  ] GC(26) Mark Stack Usage: 32M
[2026-04-03T01:56:35.218+0600][17.437s][info][gc,nmethod  ] GC(26) NMethods: 4568 registered, 749 unregistered
[2026-04-03T01:56:35.218+0600][17.437s][info][gc,metaspace] GC(26) Metaspace: 62M used, 63M committed, 1088M reserved
[2026-04-03T01:56:35.218+0600][17.437s][info][gc,ref      ] GC(26) Soft: 2690 encountered, 0 discovered, 0 enqueued
[2026-04-03T01:56:35.218+0600][17.437s][info][gc,ref      ] GC(26) Weak: 4933 encountered, 2582 discovered, 0 enqueued
[2026-04-03T01:56:35.218+0600][17.437s][info][gc,ref      ] GC(26) Final: 82 encountered, 0 discovered, 0 enqueued
[2026-04-03T01:56:35.218+0600][17.437s][info][gc,ref      ] GC(26) Phantom: 595 encountered, 382 discovered, 0 enqueued
[2026-04-03T01:56:35.218+0600][17.437s][info][gc,reloc    ] GC(26) Small Pages: 227 / 454M, Empty: 248M, Relocated: 0M, In-Place: 0
[2026-04-03T01:56:35.218+0600][17.437s][info][gc,reloc    ] GC(26) Medium Pages: 1 / 16M, Empty: 0M, Relocated: 0M, In-Place: 0
[2026-04-03T01:56:35.218+0600][17.437s][info][gc,reloc    ] GC(26) Large Pages: 3 / 16M, Empty: 0M, Relocated: 0M, In-Place: 0
[2026-04-03T01:56:35.218+0600][17.437s][info][gc,reloc    ] GC(26) Forwarding Usage: 0M
[2026-04-03T01:56:35.218+0600][17.437s][info][gc,heap     ] GC(26) Min Capacity: 8M(1%)
[2026-04-03T01:56:35.218+0600][17.437s][info][gc,heap     ] GC(26) Max Capacity: 750M(100%)
[2026-04-03T01:56:35.218+0600][17.437s][info][gc,heap     ] GC(26) Soft Max Capacity: 750M(100%)
[2026-04-03T01:56:35.218+0600][17.437s][info][gc,heap     ] GC(26)                Mark Start          Mark End        Relocate Start      Relocate End           High               Low         
[2026-04-03T01:56:35.218+0600][17.437s][info][gc,heap     ] GC(26)  Capacity:      750M (100%)        750M (100%)        750M (100%)        750M (100%)        750M (100%)        750M (100%)   
[2026-04-03T01:56:35.218+0600][17.437s][info][gc,heap     ] GC(26)      Free:      264M (35%)         124M (17%)         360M (48%)         366M (49%)         366M (49%)         116M (15%)    
[2026-04-03T01:56:35.218+0600][17.437s][info][gc,heap     ] GC(26)      Used:      486M (65%)         626M (83%)         390M (52%)         384M (51%)         634M (85%)         384M (51%)    
[2026-04-03T01:56:35.218+0600][17.437s][info][gc,heap     ] GC(26)      Live:         -               206M (28%)         206M (28%)         206M (28%)            -                  -          
[2026-04-03T01:56:35.218+0600][17.437s][info][gc,heap     ] GC(26) Allocated:         -               140M (19%)         152M (20%)         151M (20%)            -                  -          
[2026-04-03T01:56:35.218+0600][17.437s][info][gc,heap     ] GC(26)   Garbage:         -               279M (37%)          31M (4%)           25M (3%)             -                  -          
[2026-04-03T01:56:35.218+0600][17.437s][info][gc,heap     ] GC(26) Reclaimed:         -                  -               248M (33%)         253M (34%)            -                  -          
[2026-04-03T01:56:35.218+0600][17.437s][info][gc          ] GC(26) Garbage Collection (Allocation Rate) 486M(65%)->384M(51%)
[2026-04-03T01:56:35.297+0600][17.515s][info][gc,start    ] GC(27) Garbage Collection (Allocation Rate)
[2026-04-03T01:56:35.297+0600][17.516s][info][gc,task     ] GC(27) Using 3 workers
[2026-04-03T01:56:35.297+0600][17.516s][info][gc,phases   ] GC(27) Pause Mark Start 0.009ms
[2026-04-03T01:56:35.412+0600][17.630s][info][gc,phases   ] GC(27) Concurrent Mark 114.479ms
[2026-04-03T01:56:35.412+0600][17.631s][info][gc,phases   ] GC(27) Pause Mark End 0.024ms
[2026-04-03T01:56:35.412+0600][17.631s][info][gc,phases   ] GC(27) Concurrent Mark Free 0.003ms
[2026-04-03T01:56:35.417+0600][17.635s][info][gc,phases   ] GC(27) Concurrent Process Non-Strong References 4.502ms
[2026-04-03T01:56:35.417+0600][17.636s][info][gc,phases   ] GC(27) Concurrent Reset Relocation Set 0.002ms
[2026-04-03T01:56:35.419+0600][17.638s][info][gc,phases   ] GC(27) Concurrent Select Relocation Set 2.368ms
[2026-04-03T01:56:35.419+0600][17.638s][info][gc,phases   ] GC(27) Pause Relocate Start 0.011ms
[2026-04-03T01:56:35.421+0600][17.640s][info][gc,phases   ] GC(27) Concurrent Relocate 1.151ms
[2026-04-03T01:56:35.421+0600][17.640s][info][gc,load     ] GC(27) Load: 3.53/6.26/6.95
[2026-04-03T01:56:35.421+0600][17.640s][info][gc,mmu      ] GC(27) MMU: 2ms/94.4%, 5ms/97.8%, 10ms/98.9%, 20ms/99.4%, 50ms/99.8%, 100ms/99.8%
[2026-04-03T01:56:35.421+0600][17.640s][info][gc,marking  ] GC(27) Mark: 2 stripe(s), 2 proactive flush(es), 1 terminate flush(es), 0 completion(s), 0 continuation(s) 
[2026-04-03T01:56:35.421+0600][17.640s][info][gc,marking  ] GC(27) Mark Stack Usage: 32M
[2026-04-03T01:56:35.421+0600][17.640s][info][gc,nmethod  ] GC(27) NMethods: 4663 registered, 749 unregistered
[2026-04-03T01:56:35.421+0600][17.640s][info][gc,metaspace] GC(27) Metaspace: 62M used, 63M committed, 1088M reserved
[2026-04-03T01:56:35.421+0600][17.640s][info][gc,ref      ] GC(27) Soft: 2690 encountered, 0 discovered, 0 enqueued
[2026-04-03T01:56:35.421+0600][17.640s][info][gc,ref      ] GC(27) Weak: 4933 encountered, 1850 discovered, 0 enqueued
[2026-04-03T01:56:35.421+0600][17.640s][info][gc,ref      ] GC(27) Final: 82 encountered, 0 discovered, 0 enqueued
[2026-04-03T01:56:35.421+0600][17.640s][info][gc,ref      ] GC(27) Phantom: 595 encountered, 505 discovered, 0 enqueued
[2026-04-03T01:56:35.421+0600][17.640s][info][gc,reloc    ] GC(27) Small Pages: 236 / 472M, Empty: 264M, Relocated: 0M, In-Place: 0
[2026-04-03T01:56:35.421+0600][17.640s][info][gc,reloc    ] GC(27) Medium Pages: 1 / 16M, Empty: 0M, Relocated: 0M, In-Place: 0
[2026-04-03T01:56:35.421+0600][17.640s][info][gc,reloc    ] GC(27) Large Pages: 3 / 16M, Empty: 0M, Relocated: 0M, In-Place: 0
[2026-04-03T01:56:35.421+0600][17.640s][info][gc,reloc    ] GC(27) Forwarding Usage: 0M
[2026-04-03T01:56:35.421+0600][17.640s][info][gc,heap     ] GC(27) Min Capacity: 8M(1%)
[2026-04-03T01:56:35.421+0600][17.640s][info][gc,heap     ] GC(27) Max Capacity: 750M(100%)
[2026-04-03T01:56:35.421+0600][17.640s][info][gc,heap     ] GC(27) Soft Max Capacity: 750M(100%)
[2026-04-03T01:56:35.421+0600][17.640s][info][gc,heap     ] GC(27)                Mark Start          Mark End        Relocate Start      Relocate End           High               Low         
[2026-04-03T01:56:35.421+0600][17.640s][info][gc,heap     ] GC(27)  Capacity:      750M (100%)        750M (100%)        750M (100%)        750M (100%)        750M (100%)        750M (100%)   
[2026-04-03T01:56:35.421+0600][17.640s][info][gc,heap     ] GC(27)      Free:      246M (33%)         178M (24%)         442M (59%)         454M (61%)         454M (61%)         176M (23%)    
[2026-04-03T01:56:35.421+0600][17.640s][info][gc,heap     ] GC(27)      Used:      504M (67%)         572M (76%)         308M (41%)         296M (39%)         574M (77%)         296M (39%)    
[2026-04-03T01:56:35.421+0600][17.640s][info][gc,heap     ] GC(27)      Live:         -               206M (28%)         206M (28%)         206M (28%)            -                  -          
[2026-04-03T01:56:35.421+0600][17.640s][info][gc,heap     ] GC(27) Allocated:         -                68M (9%)           68M (9%)           68M (9%)             -                  -          
[2026-04-03T01:56:35.421+0600][17.640s][info][gc,heap     ] GC(27)   Garbage:         -               297M (40%)          33M (4%)           21M (3%)             -                  -          
[2026-04-03T01:56:35.421+0600][17.640s][info][gc,heap     ] GC(27) Reclaimed:         -                  -               264M (35%)         276M (37%)            -                  -          
[2026-04-03T01:56:35.421+0600][17.640s][info][gc          ] GC(27) Garbage Collection (Allocation Rate) 504M(67%)->296M(39%)
[2026-04-03T01:56:35.497+0600][17.716s][info][gc,start    ] GC(28) Garbage Collection (Allocation Rate)
[2026-04-03T01:56:35.497+0600][17.716s][info][gc,task     ] GC(28) Using 3 workers
[2026-04-03T01:56:35.497+0600][17.716s][info][gc,phases   ] GC(28) Pause Mark Start 0.010ms
[2026-04-03T01:56:35.645+0600][17.863s][info][gc,phases   ] GC(28) Concurrent Mark 147.221ms
[2026-04-03T01:56:35.645+0600][17.864s][info][gc,phases   ] GC(28) Pause Mark End 0.022ms
[2026-04-03T01:56:35.645+0600][17.864s][info][gc,phases   ] GC(28) Concurrent Mark Free 0.003ms
[2026-04-03T01:56:35.659+0600][17.878s][info][gc,phases   ] GC(28) Concurrent Process Non-Strong References 14.207ms
[2026-04-03T01:56:35.659+0600][17.878s][info][gc,phases   ] GC(28) Concurrent Reset Relocation Set 0.002ms
[2026-04-03T01:56:35.662+0600][17.881s][info][gc,phases   ] GC(28) Concurrent Select Relocation Set 2.736ms
[2026-04-03T01:56:35.662+0600][17.881s][info][gc,phases   ] GC(28) Pause Relocate Start 0.015ms
[2026-04-03T01:56:35.664+0600][17.883s][info][gc,phases   ] GC(28) Concurrent Relocate 1.452ms
[2026-04-03T01:56:35.664+0600][17.883s][info][gc,load     ] GC(28) Load: 3.53/6.26/6.95
[2026-04-03T01:56:35.664+0600][17.883s][info][gc,mmu      ] GC(28) MMU: 2ms/94.4%, 5ms/97.8%, 10ms/98.9%, 20ms/99.4%, 50ms/99.8%, 100ms/99.8%
[2026-04-03T01:56:35.664+0600][17.883s][info][gc,marking  ] GC(28) Mark: 2 stripe(s), 2 proactive flush(es), 1 terminate flush(es), 0 completion(s), 0 continuation(s) 
[2026-04-03T01:56:35.664+0600][17.883s][info][gc,marking  ] GC(28) Mark Stack Usage: 32M
[2026-04-03T01:56:35.664+0600][17.883s][info][gc,nmethod  ] GC(28) NMethods: 4776 registered, 782 unregistered
[2026-04-03T01:56:35.664+0600][17.883s][info][gc,metaspace] GC(28) Metaspace: 64M used, 65M committed, 1088M reserved
[2026-04-03T01:56:35.664+0600][17.883s][info][gc,ref      ] GC(28) Soft: 3036 encountered, 0 discovered, 0 enqueued
[2026-04-03T01:56:35.664+0600][17.883s][info][gc,ref      ] GC(28) Weak: 5775 encountered, 2478 discovered, 216 enqueued
[2026-04-03T01:56:35.664+0600][17.883s][info][gc,ref      ] GC(28) Final: 82 encountered, 0 discovered, 0 enqueued
[2026-04-03T01:56:35.664+0600][17.883s][info][gc,ref      ] GC(28) Phantom: 596 encountered, 530 discovered, 0 enqueued
[2026-04-03T01:56:35.664+0600][17.883s][info][gc,reloc    ] GC(28) Small Pages: 126 / 252M, Empty: 34M, Relocated: 1M, In-Place: 0
[2026-04-03T01:56:35.664+0600][17.883s][info][gc,reloc    ] GC(28) Medium Pages: 2 / 32M, Empty: 16M, Relocated: 0M, In-Place: 0
[2026-04-03T01:56:35.664+0600][17.883s][info][gc,reloc    ] GC(28) Large Pages: 4 / 22M, Empty: 6M, Relocated: 0M, In-Place: 0
[2026-04-03T01:56:35.664+0600][17.883s][info][gc,reloc    ] GC(28) Forwarding Usage: 0M
[2026-04-03T01:56:35.664+0600][17.883s][info][gc,heap     ] GC(28) Min Capacity: 8M(1%)
[2026-04-03T01:56:35.664+0600][17.883s][info][gc,heap     ] GC(28) Max Capacity: 750M(100%)
[2026-04-03T01:56:35.664+0600][17.883s][info][gc,heap     ] GC(28) Soft Max Capacity: 750M(100%)
[2026-04-03T01:56:35.664+0600][17.883s][info][gc,heap     ] GC(28)                Mark Start          Mark End        Relocate Start      Relocate End           High               Low         
[2026-04-03T01:56:35.664+0600][17.883s][info][gc,heap     ] GC(28)  Capacity:      750M (100%)        750M (100%)        750M (100%)        750M (100%)        750M (100%)        750M (100%)   
[2026-04-03T01:56:35.664+0600][17.883s][info][gc,heap     ] GC(28)      Free:      444M (59%)         418M (56%)         472M (63%)         488M (65%)         488M (65%)         404M (54%)    
[2026-04-03T01:56:35.664+0600][17.883s][info][gc,heap     ] GC(28)      Used:      306M (41%)         332M (44%)         278M (37%)         262M (35%)         346M (46%)         262M (35%)    
[2026-04-03T01:56:35.664+0600][17.883s][info][gc,heap     ] GC(28)      Live:         -               208M (28%)         208M (28%)         208M (28%)            -                  -          
[2026-04-03T01:56:35.664+0600][17.883s][info][gc,heap     ] GC(28) Allocated:         -                26M (3%)           28M (4%)           27M (4%)             -                  -          
[2026-04-03T01:56:35.664+0600][17.883s][info][gc,heap     ] GC(28)   Garbage:         -                97M (13%)          41M (6%)           25M (3%)             -                  -          
[2026-04-03T01:56:35.664+0600][17.883s][info][gc,heap     ] GC(28) Reclaimed:         -                  -                56M (7%)           71M (10%)            -                  -          
[2026-04-03T01:56:35.664+0600][17.883s][info][gc          ] GC(28) Garbage Collection (Allocation Rate) 306M(41%)->262M(35%)
[2026-04-03T01:56:35.664+0600][17.883s][info][gc,start    ] GC(29) Garbage Collection (System.gc())
[2026-04-03T01:56:35.664+0600][17.883s][info][gc,task     ] GC(29) Using 3 workers
[2026-04-03T01:56:35.664+0600][17.883s][info][gc,phases   ] GC(29) Pause Mark Start 0.016ms
[2026-04-03T01:56:35.793+0600][18.012s][info][gc,phases   ] GC(29) Concurrent Mark 128.288ms
[2026-04-03T01:56:35.793+0600][18.012s][info][gc,phases   ] GC(29) Pause Mark End 0.034ms
[2026-04-03T01:56:35.793+0600][18.012s][info][gc,phases   ] GC(29) Concurrent Mark Free 0.002ms
[2026-04-03T01:56:35.805+0600][18.024s][info][gc,phases   ] GC(29) Concurrent Process Non-Strong References 11.796ms
[2026-04-03T01:56:35.805+0600][18.024s][info][gc,phases   ] GC(29) Concurrent Reset Relocation Set 0.002ms
[2026-04-03T01:56:35.809+0600][18.028s][info][gc,phases   ] GC(29) Concurrent Select Relocation Set 3.919ms
[2026-04-03T01:56:35.809+0600][18.028s][info][gc,phases   ] GC(29) Pause Relocate Start 0.011ms
[2026-04-03T01:56:35.814+0600][18.033s][info][gc,phases   ] GC(29) Concurrent Relocate 4.929ms
[2026-04-03T01:56:35.814+0600][18.033s][info][gc,load     ] GC(29) Load: 3.53/6.26/6.95
[2026-04-03T01:56:35.814+0600][18.033s][info][gc,mmu      ] GC(29) MMU: 2ms/94.4%, 5ms/97.8%, 10ms/98.9%, 20ms/99.4%, 50ms/99.8%, 100ms/99.8%
[2026-04-03T01:56:35.814+0600][18.033s][info][gc,marking  ] GC(29) Mark: 2 stripe(s), 3 proactive flush(es), 1 terminate flush(es), 0 completion(s), 0 continuation(s) 
[2026-04-03T01:56:35.814+0600][18.033s][info][gc,marking  ] GC(29) Mark Stack Usage: 32M
[2026-04-03T01:56:35.814+0600][18.033s][info][gc,nmethod  ] GC(29) NMethods: 4784 registered, 789 unregistered
[2026-04-03T01:56:35.814+0600][18.033s][info][gc,metaspace] GC(29) Metaspace: 64M used, 65M committed, 1088M reserved
[2026-04-03T01:56:35.814+0600][18.033s][info][gc,ref      ] GC(29) Soft: 3051 encountered, 0 discovered, 0 enqueued
[2026-04-03T01:56:35.814+0600][18.033s][info][gc,ref      ] GC(29) Weak: 5662 encountered, 2503 discovered, 213 enqueued
[2026-04-03T01:56:35.814+0600][18.033s][info][gc,ref      ] GC(29) Final: 82 encountered, 0 discovered, 0 enqueued
[2026-04-03T01:56:35.814+0600][18.033s][info][gc,ref      ] GC(29) Phantom: 596 encountered, 329 discovered, 0 enqueued
[2026-04-03T01:56:35.814+0600][18.033s][info][gc,reloc    ] GC(29) Small Pages: 107 / 214M, Empty: 0M, Relocated: 5M, In-Place: 0
[2026-04-03T01:56:35.814+0600][18.033s][info][gc,reloc    ] GC(29) Medium Pages: 2 / 32M, Empty: 16M, Relocated: 0M, In-Place: 0
[2026-04-03T01:56:35.814+0600][18.033s][info][gc,reloc    ] GC(29) Large Pages: 3 / 16M, Empty: 0M, Relocated: 0M, In-Place: 0
[2026-04-03T01:56:35.814+0600][18.033s][info][gc,reloc    ] GC(29) Forwarding Usage: 2M
[2026-04-03T01:56:35.814+0600][18.033s][info][gc,heap     ] GC(29) Min Capacity: 8M(1%)
[2026-04-03T01:56:35.814+0600][18.033s][info][gc,heap     ] GC(29) Max Capacity: 750M(100%)
[2026-04-03T01:56:35.815+0600][18.033s][info][gc,heap     ] GC(29) Soft Max Capacity: 750M(100%)
[2026-04-03T01:56:35.815+0600][18.033s][info][gc,heap     ] GC(29)                Mark Start          Mark End        Relocate Start      Relocate End           High               Low         
[2026-04-03T01:56:35.815+0600][18.033s][info][gc,heap     ] GC(29)  Capacity:      750M (100%)        750M (100%)        750M (100%)        750M (100%)        750M (100%)        750M (100%)   
[2026-04-03T01:56:35.815+0600][18.033s][info][gc,heap     ] GC(29)      Free:      488M (65%)         486M (65%)         500M (67%)         514M (69%)         514M (69%)         484M (65%)    
[2026-04-03T01:56:35.815+0600][18.033s][info][gc,heap     ] GC(29)      Used:      262M (35%)         264M (35%)         250M (33%)         236M (31%)         266M (35%)         236M (31%)    
[2026-04-03T01:56:35.815+0600][18.033s][info][gc,heap     ] GC(29)      Live:         -               208M (28%)         208M (28%)         208M (28%)            -                  -          
[2026-04-03T01:56:35.815+0600][18.033s][info][gc,heap     ] GC(29) Allocated:         -                 2M (0%)            4M (1%)            5M (1%)             -                  -          
[2026-04-03T01:56:35.815+0600][18.033s][info][gc,heap     ] GC(29)   Garbage:         -                53M (7%)           37M (5%)           21M (3%)             -                  -          
[2026-04-03T01:56:35.815+0600][18.033s][info][gc,heap     ] GC(29) Reclaimed:         -                  -                16M (2%)           31M (4%)             -                  -          
[2026-04-03T01:56:35.815+0600][18.033s][info][gc          ] GC(29) Garbage Collection (System.gc()) 262M(35%)->236M(31%)
[2026-04-03T01:56:35.897+0600][18.116s][info][gc,start    ] GC(30) Garbage Collection (Allocation Rate)
[2026-04-03T01:56:35.897+0600][18.116s][info][gc,task     ] GC(30) Using 3 workers
[2026-04-03T01:56:35.898+0600][18.116s][info][gc,phases   ] GC(30) Pause Mark Start 0.012ms
[2026-04-03T01:56:36.064+0600][18.283s][info][gc,phases   ] GC(30) Concurrent Mark 166.337ms
[2026-04-03T01:56:36.064+0600][18.283s][info][gc,phases   ] GC(30) Pause Mark End 0.054ms
[2026-04-03T01:56:36.065+0600][18.283s][info][gc,phases   ] GC(30) Concurrent Mark Free 0.001ms
[2026-04-03T01:56:36.070+0600][18.289s][info][gc,phases   ] GC(30) Concurrent Process Non-Strong References 5.583ms
[2026-04-03T01:56:36.070+0600][18.289s][info][gc,phases   ] GC(30) Concurrent Reset Relocation Set 0.004ms
[2026-04-03T01:56:36.074+0600][18.293s][info][gc,phases   ] GC(30) Concurrent Select Relocation Set 3.574ms
[2026-04-03T01:56:36.074+0600][18.293s][info][gc,phases   ] GC(30) Pause Relocate Start 0.016ms
[2026-04-03T01:56:36.077+0600][18.296s][info][gc,phases   ] GC(30) Concurrent Relocate 2.756ms
[2026-04-03T01:56:36.077+0600][18.296s][info][gc,load     ] GC(30) Load: 3.53/6.26/6.95
[2026-04-03T01:56:36.077+0600][18.296s][info][gc,mmu      ] GC(30) MMU: 2ms/94.4%, 5ms/97.8%, 10ms/98.9%, 20ms/99.4%, 50ms/99.8%, 100ms/99.8%
[2026-04-03T01:56:36.077+0600][18.296s][info][gc,marking  ] GC(30) Mark: 2 stripe(s), 3 proactive flush(es), 1 terminate flush(es), 0 completion(s), 0 continuation(s) 
[2026-04-03T01:56:36.077+0600][18.296s][info][gc,marking  ] GC(30) Mark Stack Usage: 32M
[2026-04-03T01:56:36.077+0600][18.296s][info][gc,nmethod  ] GC(30) NMethods: 4951 registered, 15 unregistered
[2026-04-03T01:56:36.077+0600][18.296s][info][gc,metaspace] GC(30) Metaspace: 64M used, 65M committed, 1088M reserved
[2026-04-03T01:56:36.077+0600][18.296s][info][gc,ref      ] GC(30) Soft: 3109 encountered, 0 discovered, 0 enqueued
[2026-04-03T01:56:36.077+0600][18.296s][info][gc,ref      ] GC(30) Weak: 5694 encountered, 2889 discovered, 111 enqueued
[2026-04-03T01:56:36.077+0600][18.296s][info][gc,ref      ] GC(30) Final: 82 encountered, 0 discovered, 0 enqueued
[2026-04-03T01:56:36.077+0600][18.296s][info][gc,ref      ] GC(30) Phantom: 596 encountered, 390 discovered, 0 enqueued
[2026-04-03T01:56:36.077+0600][18.296s][info][gc,reloc    ] GC(30) Small Pages: 109 / 218M, Empty: 0M, Relocated: 3M, In-Place: 0
[2026-04-03T01:56:36.077+0600][18.296s][info][gc,reloc    ] GC(30) Medium Pages: 2 / 32M, Empty: 16M, Relocated: 0M, In-Place: 0
[2026-04-03T01:56:36.077+0600][18.296s][info][gc,reloc    ] GC(30) Large Pages: 4 / 22M, Empty: 6M, Relocated: 0M, In-Place: 0
[2026-04-03T01:56:36.077+0600][18.296s][info][gc,reloc    ] GC(30) Forwarding Usage: 1M
[2026-04-03T01:56:36.077+0600][18.296s][info][gc,heap     ] GC(30) Min Capacity: 8M(1%)
[2026-04-03T01:56:36.077+0600][18.296s][info][gc,heap     ] GC(30) Max Capacity: 750M(100%)
[2026-04-03T01:56:36.078+0600][18.296s][info][gc,heap     ] GC(30) Soft Max Capacity: 750M(100%)
[2026-04-03T01:56:36.078+0600][18.296s][info][gc,heap     ] GC(30)                Mark Start          Mark End        Relocate Start      Relocate End           High               Low         
[2026-04-03T01:56:36.078+0600][18.296s][info][gc,heap     ] GC(30)  Capacity:      750M (100%)        750M (100%)        750M (100%)        750M (100%)        750M (100%)        750M (100%)   
[2026-04-03T01:56:36.078+0600][18.296s][info][gc,heap     ] GC(30)      Free:      478M (64%)         330M (44%)         332M (44%)         346M (46%)         478M (64%)         310M (41%)    
[2026-04-03T01:56:36.078+0600][18.296s][info][gc,heap     ] GC(30)      Used:      272M (36%)         420M (56%)         418M (56%)         404M (54%)         440M (59%)         272M (36%)    
[2026-04-03T01:56:36.078+0600][18.296s][info][gc,heap     ] GC(30)      Live:         -               208M (28%)         208M (28%)         208M (28%)            -                  -          
[2026-04-03T01:56:36.078+0600][18.296s][info][gc,heap     ] GC(30) Allocated:         -               148M (20%)         168M (22%)         173M (23%)            -                  -          
[2026-04-03T01:56:36.078+0600][18.296s][info][gc,heap     ] GC(30)   Garbage:         -                63M (8%)           41M (6%)           21M (3%)             -                  -          
[2026-04-03T01:56:36.078+0600][18.296s][info][gc,heap     ] GC(30) Reclaimed:         -                  -                22M (3%)           41M (6%)             -                  -          
[2026-04-03T01:56:36.078+0600][18.296s][info][gc          ] GC(30) Garbage Collection (Allocation Rate) 272M(36%)->404M(54%)
[2026-04-03T01:56:36.097+0600][18.315s][info][gc,start    ] GC(31) Garbage Collection (Allocation Rate)
[2026-04-03T01:56:36.097+0600][18.316s][info][gc,task     ] GC(31) Using 3 workers
[2026-04-03T01:56:36.097+0600][18.316s][info][gc,phases   ] GC(31) Pause Mark Start 0.013ms
[2026-04-03T01:56:36.225+0600][18.444s][info][gc,phases   ] GC(31) Concurrent Mark 128.106ms
[2026-04-03T01:56:36.225+0600][18.444s][info][gc,phases   ] GC(31) Pause Mark End 0.023ms
[2026-04-03T01:56:36.226+0600][18.444s][info][gc,phases   ] GC(31) Concurrent Mark Free 0.003ms
[2026-04-03T01:56:36.231+0600][18.450s][info][gc,phases   ] GC(31) Concurrent Process Non-Strong References 5.617ms
[2026-04-03T01:56:36.231+0600][18.450s][info][gc,phases   ] GC(31) Concurrent Reset Relocation Set 0.003ms
[2026-04-03T01:56:36.234+0600][18.453s][info][gc,phases   ] GC(31) Concurrent Select Relocation Set 2.877ms
[2026-04-03T01:56:36.234+0600][18.453s][info][gc,phases   ] GC(31) Pause Relocate Start 0.012ms
[2026-04-03T01:56:36.238+0600][18.457s][info][gc,phases   ] GC(31) Concurrent Relocate 3.276ms
[2026-04-03T01:56:36.238+0600][18.457s][info][gc,load     ] GC(31) Load: 3.53/6.26/6.95
[2026-04-03T01:56:36.238+0600][18.457s][info][gc,mmu      ] GC(31) MMU: 2ms/94.4%, 5ms/97.8%, 10ms/98.9%, 20ms/99.4%, 50ms/99.8%, 100ms/99.8%
[2026-04-03T01:56:36.238+0600][18.457s][info][gc,marking  ] GC(31) Mark: 2 stripe(s), 2 proactive flush(es), 1 terminate flush(es), 0 completion(s), 0 continuation(s) 
[2026-04-03T01:56:36.238+0600][18.457s][info][gc,marking  ] GC(31) Mark Stack Usage: 32M
[2026-04-03T01:56:36.238+0600][18.457s][info][gc,nmethod  ] GC(31) NMethods: 4936 registered, 31 unregistered
[2026-04-03T01:56:36.238+0600][18.457s][info][gc,metaspace] GC(31) Metaspace: 64M used, 65M committed, 1088M reserved
[2026-04-03T01:56:36.238+0600][18.457s][info][gc,ref      ] GC(31) Soft: 3118 encountered, 0 discovered, 0 enqueued
[2026-04-03T01:56:36.238+0600][18.457s][info][gc,ref      ] GC(31) Weak: 5694 encountered, 3090 discovered, 33 enqueued
[2026-04-03T01:56:36.238+0600][18.457s][info][gc,ref      ] GC(31) Final: 82 encountered, 0 discovered, 0 enqueued
[2026-04-03T01:56:36.238+0600][18.457s][info][gc,ref      ] GC(31) Phantom: 596 encountered, 319 discovered, 0 enqueued
[2026-04-03T01:56:36.238+0600][18.457s][info][gc,reloc    ] GC(31) Small Pages: 205 / 410M, Empty: 186M, Relocated: 3M, In-Place: 0
[2026-04-03T01:56:36.238+0600][18.457s][info][gc,reloc    ] GC(31) Medium Pages: 1 / 16M, Empty: 0M, Relocated: 0M, In-Place: 0
[2026-04-03T01:56:36.238+0600][18.457s][info][gc,reloc    ] GC(31) Large Pages: 4 / 22M, Empty: 6M, Relocated: 0M, In-Place: 0
[2026-04-03T01:56:36.238+0600][18.457s][info][gc,reloc    ] GC(31) Forwarding Usage: 1M
[2026-04-03T01:56:36.238+0600][18.457s][info][gc,heap     ] GC(31) Min Capacity: 8M(1%)
[2026-04-03T01:56:36.238+0600][18.457s][info][gc,heap     ] GC(31) Max Capacity: 750M(100%)
[2026-04-03T01:56:36.238+0600][18.457s][info][gc,heap     ] GC(31) Soft Max Capacity: 750M(100%)
[2026-04-03T01:56:36.238+0600][18.457s][info][gc,heap     ] GC(31)                Mark Start          Mark End        Relocate Start      Relocate End           High               Low         
[2026-04-03T01:56:36.238+0600][18.457s][info][gc,heap     ] GC(31)  Capacity:      750M (100%)        750M (100%)        750M (100%)        750M (100%)        750M (100%)        750M (100%)   
[2026-04-03T01:56:36.238+0600][18.457s][info][gc,heap     ] GC(31)      Free:      302M (40%)          36M (5%)          216M (29%)         238M (32%)         302M (40%)          28M (4%)     
[2026-04-03T01:56:36.238+0600][18.457s][info][gc,heap     ] GC(31)      Used:      448M (60%)         714M (95%)         534M (71%)         512M (68%)         722M (96%)         448M (60%)    
[2026-04-03T01:56:36.238+0600][18.457s][info][gc,heap     ] GC(31)      Live:         -               208M (28%)         208M (28%)         208M (28%)            -                  -          
[2026-04-03T01:56:36.238+0600][18.457s][info][gc,heap     ] GC(31) Allocated:         -               266M (35%)         278M (37%)         281M (38%)            -                  -          
[2026-04-03T01:56:36.238+0600][18.457s][info][gc,heap     ] GC(31)   Garbage:         -               239M (32%)          47M (6%)           21M (3%)             -                  -          
[2026-04-03T01:56:36.238+0600][18.457s][info][gc,heap     ] GC(31) Reclaimed:         -                  -               192M (26%)         217M (29%)            -                  -          
[2026-04-03T01:56:36.238+0600][18.457s][info][gc          ] GC(31) Garbage Collection (Allocation Rate) 448M(60%)->512M(68%)
[2026-04-03T01:56:36.297+0600][18.516s][info][gc,start    ] GC(32) Garbage Collection (Allocation Rate)
[2026-04-03T01:56:36.297+0600][18.516s][info][gc,task     ] GC(32) Using 3 workers
[2026-04-03T01:56:36.297+0600][18.516s][info][gc,phases   ] GC(32) Pause Mark Start 0.009ms
[2026-04-03T01:56:36.422+0600][18.641s][info][gc,phases   ] GC(32) Concurrent Mark 124.721ms
[2026-04-03T01:56:36.422+0600][18.641s][info][gc,phases   ] GC(32) Pause Mark End 0.019ms
[2026-04-03T01:56:36.422+0600][18.641s][info][gc,phases   ] GC(32) Concurrent Mark Free 0.002ms
[2026-04-03T01:56:36.427+0600][18.646s][info][gc,phases   ] GC(32) Concurrent Process Non-Strong References 4.577ms
[2026-04-03T01:56:36.427+0600][18.646s][info][gc,phases   ] GC(32) Concurrent Reset Relocation Set 0.004ms
[2026-04-03T01:56:36.427+0600][18.646s][info][gc          ] Allocation Stall (Executor task launch worker for task 1.0 in stage 4.0 (TID 7)) 10.548ms
[2026-04-03T01:56:36.427+0600][18.646s][info][gc          ] Allocation Stall (Executor task launch worker for task 0.0 in stage 4.0 (TID 6)) 10.949ms
[2026-04-03T01:56:36.430+0600][18.648s][info][gc,phases   ] GC(32) Concurrent Select Relocation Set 2.435ms
[2026-04-03T01:56:36.430+0600][18.649s][info][gc,phases   ] GC(32) Pause Relocate Start 0.023ms
[2026-04-03T01:56:36.432+0600][18.651s][info][gc,phases   ] GC(32) Concurrent Relocate 2.067ms
[2026-04-03T01:56:36.432+0600][18.651s][info][gc,load     ] GC(32) Load: 3.53/6.26/6.95
[2026-04-03T01:56:36.432+0600][18.651s][info][gc,mmu      ] GC(32) MMU: 2ms/94.4%, 5ms/97.8%, 10ms/98.9%, 20ms/99.4%, 50ms/99.8%, 100ms/99.8%
[2026-04-03T01:56:36.432+0600][18.651s][info][gc,marking  ] GC(32) Mark: 2 stripe(s), 2 proactive flush(es), 1 terminate flush(es), 0 completion(s), 0 continuation(s) 
[2026-04-03T01:56:36.432+0600][18.651s][info][gc,marking  ] GC(32) Mark Stack Usage: 32M
[2026-04-03T01:56:36.432+0600][18.651s][info][gc,nmethod  ] GC(32) NMethods: 4939 registered, 31 unregistered
[2026-04-03T01:56:36.432+0600][18.651s][info][gc,metaspace] GC(32) Metaspace: 64M used, 65M committed, 1088M reserved
[2026-04-03T01:56:36.432+0600][18.651s][info][gc,ref      ] GC(32) Soft: 3118 encountered, 0 discovered, 0 enqueued
[2026-04-03T01:56:36.432+0600][18.651s][info][gc,ref      ] GC(32) Weak: 5661 encountered, 537 discovered, 0 enqueued
[2026-04-03T01:56:36.432+0600][18.651s][info][gc,ref      ] GC(32) Final: 82 encountered, 0 discovered, 0 enqueued
[2026-04-03T01:56:36.432+0600][18.651s][info][gc,ref      ] GC(32) Phantom: 596 encountered, 322 discovered, 0 enqueued
[2026-04-03T01:56:36.432+0600][18.651s][info][gc,reloc    ] GC(32) Small Pages: 284 / 568M, Empty: 354M, Relocated: 1M, In-Place: 0
[2026-04-03T01:56:36.432+0600][18.651s][info][gc,reloc    ] GC(32) Medium Pages: 1 / 16M, Empty: 0M, Relocated: 0M, In-Place: 0
[2026-04-03T01:56:36.432+0600][18.651s][info][gc,reloc    ] GC(32) Large Pages: 3 / 16M, Empty: 0M, Relocated: 0M, In-Place: 0
[2026-04-03T01:56:36.432+0600][18.651s][info][gc,reloc    ] GC(32) Forwarding Usage: 0M
[2026-04-03T01:56:36.432+0600][18.651s][info][gc,heap     ] GC(32) Min Capacity: 8M(1%)
[2026-04-03T01:56:36.432+0600][18.651s][info][gc,heap     ] GC(32) Max Capacity: 750M(100%)
[2026-04-03T01:56:36.432+0600][18.651s][info][gc,heap     ] GC(32) Soft Max Capacity: 750M(100%)
[2026-04-03T01:56:36.432+0600][18.651s][info][gc,heap     ] GC(32)                Mark Start          Mark End        Relocate Start      Relocate End           High               Low         
[2026-04-03T01:56:36.432+0600][18.651s][info][gc,heap     ] GC(32)  Capacity:      750M (100%)        750M (100%)        750M (100%)        750M (100%)        750M (100%)        750M (100%)   
[2026-04-03T01:56:36.432+0600][18.651s][info][gc,heap     ] GC(32)      Free:      150M (20%)           0M (0%)          350M (47%)         360M (48%)         362M (48%)           0M (0%)     
[2026-04-03T01:56:36.432+0600][18.651s][info][gc,heap     ] GC(32)      Used:      600M (80%)         750M (100%)        400M (53%)         390M (52%)         750M (100%)        388M (52%)    
[2026-04-03T01:56:36.432+0600][18.651s][info][gc,heap     ] GC(32)      Live:         -               208M (28%)         208M (28%)         208M (28%)            -                  -          
[2026-04-03T01:56:36.432+0600][18.651s][info][gc,heap     ] GC(32) Allocated:         -               150M (20%)         154M (21%)         157M (21%)            -                  -          
[2026-04-03T01:56:36.432+0600][18.651s][info][gc,heap     ] GC(32)   Garbage:         -               391M (52%)          37M (5%)           23M (3%)             -                  -          
[2026-04-03T01:56:36.432+0600][18.651s][info][gc,heap     ] GC(32) Reclaimed:         -                  -               354M (47%)         367M (49%)            -                  -          
[2026-04-03T01:56:36.432+0600][18.651s][info][gc          ] GC(32) Garbage Collection (Allocation Rate) 600M(80%)->390M(52%)
[2026-04-03T01:56:36.497+0600][18.716s][info][gc,start    ] GC(33) Garbage Collection (Allocation Stall)
[2026-04-03T01:56:36.497+0600][18.716s][info][gc,ref      ] GC(33) Clearing All SoftReferences
[2026-04-03T01:56:36.497+0600][18.716s][info][gc,task     ] GC(33) Using 3 workers
[2026-04-03T01:56:36.498+0600][18.716s][info][gc,ref      ] GC(33) Clearing All SoftReferences
[2026-04-03T01:56:36.498+0600][18.716s][info][gc,phases   ] GC(33) Pause Mark Start 0.042ms
[2026-04-03T01:56:36.623+0600][18.842s][info][gc,phases   ] GC(33) Concurrent Mark 124.969ms
[2026-04-03T01:56:36.623+0600][18.842s][info][gc,phases   ] GC(33) Pause Mark End 0.021ms
[2026-04-03T01:56:36.623+0600][18.842s][info][gc,phases   ] GC(33) Concurrent Mark Free 0.002ms
[2026-04-03T01:56:36.636+0600][18.855s][info][gc,phases   ] GC(33) Concurrent Process Non-Strong References 12.665ms
[2026-04-03T01:56:36.636+0600][18.855s][info][gc,phases   ] GC(33) Concurrent Reset Relocation Set 0.003ms
[2026-04-03T01:56:36.638+0600][18.857s][info][gc,phases   ] GC(33) Concurrent Select Relocation Set 2.433ms
[2026-04-03T01:56:36.638+0600][18.857s][info][gc,phases   ] GC(33) Pause Relocate Start 0.014ms
[2026-04-03T01:56:36.641+0600][18.860s][info][gc,phases   ] GC(33) Concurrent Relocate 2.167ms
[2026-04-03T01:56:36.641+0600][18.860s][info][gc,load     ] GC(33) Load: 3.53/6.26/6.95
[2026-04-03T01:56:36.641+0600][18.860s][info][gc,mmu      ] GC(33) MMU: 2ms/94.4%, 5ms/97.8%, 10ms/98.9%, 20ms/99.4%, 50ms/99.8%, 100ms/99.8%
[2026-04-03T01:56:36.641+0600][18.860s][info][gc,marking  ] GC(33) Mark: 2 stripe(s), 3 proactive flush(es), 1 terminate flush(es), 0 completion(s), 0 continuation(s) 
[2026-04-03T01:56:36.641+0600][18.860s][info][gc,marking  ] GC(33) Mark Stack Usage: 32M
[2026-04-03T01:56:36.641+0600][18.860s][info][gc,nmethod  ] GC(33) NMethods: 4939 registered, 31 unregistered
[2026-04-03T01:56:36.641+0600][18.860s][info][gc,metaspace] GC(33) Metaspace: 64M used, 65M committed, 1088M reserved
[2026-04-03T01:56:36.641+0600][18.860s][info][gc,ref      ] GC(33) Soft: 3019 encountered, 590 discovered, 317 enqueued
[2026-04-03T01:56:36.641+0600][18.860s][info][gc,ref      ] GC(33) Weak: 5566 encountered, 572 discovered, 38 enqueued
[2026-04-03T01:56:36.641+0600][18.860s][info][gc,ref      ] GC(33) Final: 82 encountered, 0 discovered, 0 enqueued
[2026-04-03T01:56:36.641+0600][18.860s][info][gc,ref      ] GC(33) Phantom: 596 encountered, 332 discovered, 0 enqueued
[2026-04-03T01:56:36.641+0600][18.860s][info][gc,reloc    ] GC(33) Small Pages: 221 / 442M, Empty: 226M, Relocated: 1M, In-Place: 0
[2026-04-03T01:56:36.641+0600][18.860s][info][gc,reloc    ] GC(33) Medium Pages: 1 / 16M, Empty: 0M, Relocated: 0M, In-Place: 0
[2026-04-03T01:56:36.641+0600][18.860s][info][gc,reloc    ] GC(33) Large Pages: 3 / 16M, Empty: 0M, Relocated: 0M, In-Place: 0
[2026-04-03T01:56:36.641+0600][18.860s][info][gc,reloc    ] GC(33) Forwarding Usage: 0M
[2026-04-03T01:56:36.641+0600][18.860s][info][gc,heap     ] GC(33) Min Capacity: 8M(1%)
[2026-04-03T01:56:36.641+0600][18.860s][info][gc,heap     ] GC(33) Max Capacity: 750M(100%)
[2026-04-03T01:56:36.641+0600][18.860s][info][gc,heap     ] GC(33) Soft Max Capacity: 750M(100%)
[2026-04-03T01:56:36.641+0600][18.860s][info][gc,heap     ] GC(33)                Mark Start          Mark End        Relocate Start      Relocate End           High               Low         
[2026-04-03T01:56:36.641+0600][18.860s][info][gc,heap     ] GC(33)  Capacity:      750M (100%)        750M (100%)        750M (100%)        750M (100%)        750M (100%)        750M (100%)   
[2026-04-03T01:56:36.641+0600][18.860s][info][gc,heap     ] GC(33)      Free:      276M (37%)         126M (17%)         334M (45%)         348M (46%)         348M (46%)         112M (15%)    
[2026-04-03T01:56:36.641+0600][18.860s][info][gc,heap     ] GC(33)      Used:      474M (63%)         624M (83%)         416M (55%)         402M (54%)         638M (85%)         402M (54%)    
[2026-04-03T01:56:36.641+0600][18.860s][info][gc,heap     ] GC(33)      Live:         -               207M (28%)         207M (28%)         207M (28%)            -                  -          
[2026-04-03T01:56:36.641+0600][18.860s][info][gc,heap     ] GC(33) Allocated:         -               150M (20%)         168M (22%)         170M (23%)            -                  -          
[2026-04-03T01:56:36.641+0600][18.860s][info][gc,heap     ] GC(33)   Garbage:         -               266M (36%)          40M (5%)           24M (3%)             -                  -          
[2026-04-03T01:56:36.641+0600][18.860s][info][gc,heap     ] GC(33) Reclaimed:         -                  -               226M (30%)         242M (32%)            -                  -          
[2026-04-03T01:56:36.641+0600][18.860s][info][gc          ] GC(33) Garbage Collection (Allocation Stall) 474M(63%)->402M(54%)
[2026-04-03T01:56:36.697+0600][18.915s][info][gc,start    ] GC(34) Garbage Collection (Allocation Rate)
[2026-04-03T01:56:36.697+0600][18.915s][info][gc,task     ] GC(34) Using 3 workers
[2026-04-03T01:56:36.697+0600][18.916s][info][gc,phases   ] GC(34) Pause Mark Start 0.011ms
[2026-04-03T01:56:36.819+0600][19.038s][info][gc,phases   ] GC(34) Concurrent Mark 121.745ms
[2026-04-03T01:56:36.819+0600][19.038s][info][gc,phases   ] GC(34) Pause Mark End 0.021ms
[2026-04-03T01:56:36.819+0600][19.038s][info][gc,phases   ] GC(34) Concurrent Mark Free 0.002ms
[2026-04-03T01:56:36.825+0600][19.044s][info][gc,phases   ] GC(34) Concurrent Process Non-Strong References 5.473ms
[2026-04-03T01:56:36.825+0600][19.044s][info][gc,phases   ] GC(34) Concurrent Reset Relocation Set 0.003ms
[2026-04-03T01:56:36.827+0600][19.046s][info][gc,phases   ] GC(34) Concurrent Select Relocation Set 2.429ms
[2026-04-03T01:56:36.828+0600][19.046s][info][gc,phases   ] GC(34) Pause Relocate Start 0.013ms
[2026-04-03T01:56:36.829+0600][19.048s][info][gc,phases   ] GC(34) Concurrent Relocate 1.493ms
[2026-04-03T01:56:36.829+0600][19.048s][info][gc,load     ] GC(34) Load: 3.53/6.26/6.95
[2026-04-03T01:56:36.829+0600][19.048s][info][gc,mmu      ] GC(34) MMU: 2ms/94.4%, 5ms/97.8%, 10ms/98.9%, 20ms/99.4%, 50ms/99.8%, 100ms/99.8%
[2026-04-03T01:56:36.829+0600][19.048s][info][gc,marking  ] GC(34) Mark: 2 stripe(s), 2 proactive flush(es), 1 terminate flush(es), 0 completion(s), 0 continuation(s) 
[2026-04-03T01:56:36.829+0600][19.048s][info][gc,marking  ] GC(34) Mark Stack Usage: 32M
[2026-04-03T01:56:36.829+0600][19.048s][info][gc,nmethod  ] GC(34) NMethods: 4939 registered, 31 unregistered
[2026-04-03T01:56:36.829+0600][19.048s][info][gc,metaspace] GC(34) Metaspace: 64M used, 65M committed, 1088M reserved
[2026-04-03T01:56:36.829+0600][19.048s][info][gc,ref      ] GC(34) Soft: 2702 encountered, 0 discovered, 0 enqueued
[2026-04-03T01:56:36.829+0600][19.048s][info][gc,ref      ] GC(34) Weak: 5528 encountered, 3252 discovered, 0 enqueued
[2026-04-03T01:56:36.829+0600][19.048s][info][gc,ref      ] GC(34) Final: 82 encountered, 0 discovered, 0 enqueued
[2026-04-03T01:56:36.829+0600][19.048s][info][gc,ref      ] GC(34) Phantom: 596 encountered, 378 discovered, 0 enqueued
[2026-04-03T01:56:36.829+0600][19.048s][info][gc,reloc    ] GC(34) Small Pages: 219 / 438M, Empty: 226M, Relocated: 1M, In-Place: 0
[2026-04-03T01:56:36.829+0600][19.048s][info][gc,reloc    ] GC(34) Medium Pages: 1 / 16M, Empty: 0M, Relocated: 0M, In-Place: 0
[2026-04-03T01:56:36.829+0600][19.048s][info][gc,reloc    ] GC(34) Large Pages: 3 / 16M, Empty: 0M, Relocated: 0M, In-Place: 0
[2026-04-03T01:56:36.829+0600][19.048s][info][gc,reloc    ] GC(34) Forwarding Usage: 0M
[2026-04-03T01:56:36.829+0600][19.048s][info][gc,heap     ] GC(34) Min Capacity: 8M(1%)
[2026-04-03T01:56:36.829+0600][19.048s][info][gc,heap     ] GC(34) Max Capacity: 750M(100%)
[2026-04-03T01:56:36.829+0600][19.048s][info][gc,heap     ] GC(34) Soft Max Capacity: 750M(100%)
[2026-04-03T01:56:36.829+0600][19.048s][info][gc,heap     ] GC(34)                Mark Start          Mark End        Relocate Start      Relocate End           High               Low         
[2026-04-03T01:56:36.829+0600][19.048s][info][gc,heap     ] GC(34)  Capacity:      750M (100%)        750M (100%)        750M (100%)        750M (100%)        750M (100%)        750M (100%)   
[2026-04-03T01:56:36.829+0600][19.048s][info][gc,heap     ] GC(34)      Free:      280M (37%)         144M (19%)         362M (48%)         372M (50%)         374M (50%)         138M (18%)    
[2026-04-03T01:56:36.829+0600][19.048s][info][gc,heap     ] GC(34)      Used:      470M (63%)         606M (81%)         388M (52%)         378M (50%)         612M (82%)         376M (50%)    
[2026-04-03T01:56:36.829+0600][19.048s][info][gc,heap     ] GC(34)      Live:         -               207M (28%)         207M (28%)         207M (28%)            -                  -          
[2026-04-03T01:56:36.829+0600][19.048s][info][gc,heap     ] GC(34) Allocated:         -               136M (18%)         144M (19%)         147M (20%)            -                  -          
[2026-04-03T01:56:36.829+0600][19.048s][info][gc,heap     ] GC(34)   Garbage:         -               262M (35%)          36M (5%)           22M (3%)             -                  -          
[2026-04-03T01:56:36.829+0600][19.048s][info][gc,heap     ] GC(34) Reclaimed:         -                  -               226M (30%)         239M (32%)            -                  -          
[2026-04-03T01:56:36.829+0600][19.048s][info][gc          ] GC(34) Garbage Collection (Allocation Rate) 470M(63%)->378M(50%)
[2026-04-03T01:56:36.897+0600][19.116s][info][gc,start    ] GC(35) Garbage Collection (Allocation Rate)
[2026-04-03T01:56:36.897+0600][19.116s][info][gc,task     ] GC(35) Using 3 workers
[2026-04-03T01:56:36.897+0600][19.116s][info][gc,phases   ] GC(35) Pause Mark Start 0.016ms
[2026-04-03T01:56:37.035+0600][19.254s][info][gc,phases   ] GC(35) Concurrent Mark 138.200ms
[2026-04-03T01:56:37.036+0600][19.255s][info][gc,phases   ] GC(35) Pause Mark End 0.027ms
[2026-04-03T01:56:37.036+0600][19.255s][info][gc,phases   ] GC(35) Concurrent Mark Free 0.003ms
[2026-04-03T01:56:37.044+0600][19.262s][info][gc,phases   ] GC(35) Concurrent Process Non-Strong References 7.674ms
[2026-04-03T01:56:37.044+0600][19.263s][info][gc,phases   ] GC(35) Concurrent Reset Relocation Set 0.003ms
[2026-04-03T01:56:37.047+0600][19.266s][info][gc,phases   ] GC(35) Concurrent Select Relocation Set 3.689ms
[2026-04-03T01:56:37.048+0600][19.266s][info][gc,phases   ] GC(35) Pause Relocate Start 0.014ms
[2026-04-03T01:56:37.051+0600][19.269s][info][gc,phases   ] GC(35) Concurrent Relocate 2.744ms
[2026-04-03T01:56:37.051+0600][19.269s][info][gc,load     ] GC(35) Load: 3.53/6.26/6.95
[2026-04-03T01:56:37.051+0600][19.270s][info][gc,mmu      ] GC(35) MMU: 2ms/94.4%, 5ms/97.8%, 10ms/98.9%, 20ms/99.4%, 50ms/99.8%, 100ms/99.8%
[2026-04-03T01:56:37.051+0600][19.270s][info][gc,marking  ] GC(35) Mark: 2 stripe(s), 4 proactive flush(es), 1 terminate flush(es), 0 completion(s), 0 continuation(s) 
[2026-04-03T01:56:37.051+0600][19.270s][info][gc,marking  ] GC(35) Mark Stack Usage: 32M
[2026-04-03T01:56:37.051+0600][19.270s][info][gc,nmethod  ] GC(35) NMethods: 5103 registered, 33 unregistered
[2026-04-03T01:56:37.051+0600][19.270s][info][gc,metaspace] GC(35) Metaspace: 64M used, 65M committed, 1088M reserved
[2026-04-03T01:56:37.051+0600][19.270s][info][gc,ref      ] GC(35) Soft: 2768 encountered, 0 discovered, 0 enqueued
[2026-04-03T01:56:37.051+0600][19.270s][info][gc,ref      ] GC(35) Weak: 5265 encountered, 2329 discovered, 16 enqueued
[2026-04-03T01:56:37.051+0600][19.270s][info][gc,ref      ] GC(35) Final: 82 encountered, 0 discovered, 0 enqueued
[2026-04-03T01:56:37.051+0600][19.270s][info][gc,ref      ] GC(35) Phantom: 596 encountered, 296 discovered, 0 enqueued
[2026-04-03T01:56:37.051+0600][19.270s][info][gc,reloc    ] GC(35) Small Pages: 240 / 480M, Empty: 260M, Relocated: 1M, In-Place: 0
[2026-04-03T01:56:37.051+0600][19.270s][info][gc,reloc    ] GC(35) Medium Pages: 2 / 32M, Empty: 16M, Relocated: 0M, In-Place: 0
[2026-04-03T01:56:37.051+0600][19.270s][info][gc,reloc    ] GC(35) Large Pages: 3 / 16M, Empty: 0M, Relocated: 0M, In-Place: 0
[2026-04-03T01:56:37.051+0600][19.270s][info][gc,reloc    ] GC(35) Forwarding Usage: 0M
[2026-04-03T01:56:37.051+0600][19.270s][info][gc,heap     ] GC(35) Min Capacity: 8M(1%)
[2026-04-03T01:56:37.051+0600][19.270s][info][gc,heap     ] GC(35) Max Capacity: 750M(100%)
[2026-04-03T01:56:37.051+0600][19.270s][info][gc,heap     ] GC(35) Soft Max Capacity: 750M(100%)
[2026-04-03T01:56:37.051+0600][19.270s][info][gc,heap     ] GC(35)                Mark Start          Mark End        Relocate Start      Relocate End           High               Low         
[2026-04-03T01:56:37.051+0600][19.270s][info][gc,heap     ] GC(35)  Capacity:      750M (100%)        750M (100%)        750M (100%)        750M (100%)        750M (100%)        750M (100%)   
[2026-04-03T01:56:37.051+0600][19.270s][info][gc,heap     ] GC(35)      Free:      222M (30%)         182M (24%)         456M (61%)         476M (63%)         476M (63%)         180M (24%)    
[2026-04-03T01:56:37.051+0600][19.270s][info][gc,heap     ] GC(35)      Used:      528M (70%)         568M (76%)         294M (39%)         274M (37%)         570M (76%)         274M (37%)    
[2026-04-03T01:56:37.051+0600][19.270s][info][gc,heap     ] GC(35)      Live:         -               207M (28%)         207M (28%)         207M (28%)            -                  -          
[2026-04-03T01:56:37.051+0600][19.270s][info][gc,heap     ] GC(35) Allocated:         -                40M (5%)           42M (6%)           42M (6%)             -                  -          
[2026-04-03T01:56:37.051+0600][19.270s][info][gc,heap     ] GC(35)   Garbage:         -               320M (43%)          44M (6%)           24M (3%)             -                  -          
[2026-04-03T01:56:37.051+0600][19.270s][info][gc,heap     ] GC(35) Reclaimed:         -                  -               276M (37%)         296M (39%)            -                  -          
[2026-04-03T01:56:37.051+0600][19.270s][info][gc          ] GC(35) Garbage Collection (Allocation Rate) 528M(70%)->274M(37%)
[2026-04-03T01:56:37.052+0600][19.271s][info][gc,start    ] GC(36) Garbage Collection (System.gc())
[2026-04-03T01:56:37.052+0600][19.271s][info][gc,task     ] GC(36) Using 3 workers
[2026-04-03T01:56:37.052+0600][19.271s][info][gc,phases   ] GC(36) Pause Mark Start 0.012ms
[2026-04-03T01:56:37.179+0600][19.397s][info][gc,phases   ] GC(36) Concurrent Mark 126.394ms
[2026-04-03T01:56:37.179+0600][19.398s][info][gc,phases   ] GC(36) Pause Mark End 0.019ms
[2026-04-03T01:56:37.179+0600][19.398s][info][gc,phases   ] GC(36) Concurrent Mark Free 0.002ms
[2026-04-03T01:56:37.192+0600][19.411s][info][gc,phases   ] GC(36) Concurrent Process Non-Strong References 13.267ms
[2026-04-03T01:56:37.192+0600][19.411s][info][gc,phases   ] GC(36) Concurrent Reset Relocation Set 0.002ms
[2026-04-03T01:56:37.195+0600][19.414s][info][gc,phases   ] GC(36) Concurrent Select Relocation Set 2.825ms
[2026-04-03T01:56:37.195+0600][19.414s][info][gc,phases   ] GC(36) Pause Relocate Start 0.011ms
[2026-04-03T01:56:37.197+0600][19.415s][info][gc,phases   ] GC(36) Concurrent Relocate 0.972ms
[2026-04-03T01:56:37.197+0600][19.415s][info][gc,load     ] GC(36) Load: 3.53/6.26/6.95
[2026-04-03T01:56:37.197+0600][19.415s][info][gc,mmu      ] GC(36) MMU: 2ms/94.4%, 5ms/97.8%, 10ms/98.9%, 20ms/99.4%, 50ms/99.8%, 100ms/99.8%
[2026-04-03T01:56:37.197+0600][19.415s][info][gc,marking  ] GC(36) Mark: 2 stripe(s), 2 proactive flush(es), 1 terminate flush(es), 0 completion(s), 0 continuation(s) 
[2026-04-03T01:56:37.197+0600][19.415s][info][gc,marking  ] GC(36) Mark Stack Usage: 32M
[2026-04-03T01:56:37.197+0600][19.415s][info][gc,nmethod  ] GC(36) NMethods: 5096 registered, 56 unregistered
[2026-04-03T01:56:37.197+0600][19.415s][info][gc,metaspace] GC(36) Metaspace: 64M used, 65M committed, 1088M reserved
[2026-04-03T01:56:37.197+0600][19.415s][info][gc,ref      ] GC(36) Soft: 3050 encountered, 0 discovered, 0 enqueued
[2026-04-03T01:56:37.197+0600][19.415s][info][gc,ref      ] GC(36) Weak: 5737 encountered, 3200 discovered, 235 enqueued
[2026-04-03T01:56:37.197+0600][19.415s][info][gc,ref      ] GC(36) Final: 82 encountered, 0 discovered, 0 enqueued
[2026-04-03T01:56:37.197+0600][19.415s][info][gc,ref      ] GC(36) Phantom: 596 encountered, 436 discovered, 0 enqueued
[2026-04-03T01:56:37.197+0600][19.416s][info][gc,reloc    ] GC(36) Small Pages: 110 / 220M, Empty: 2M, Relocated: 1M, In-Place: 0
[2026-04-03T01:56:37.197+0600][19.416s][info][gc,reloc    ] GC(36) Medium Pages: 2 / 32M, Empty: 16M, Relocated: 0M, In-Place: 0
[2026-04-03T01:56:37.197+0600][19.416s][info][gc,reloc    ] GC(36) Large Pages: 4 / 22M, Empty: 6M, Relocated: 0M, In-Place: 0
[2026-04-03T01:56:37.197+0600][19.416s][info][gc,reloc    ] GC(36) Forwarding Usage: 0M
[2026-04-03T01:56:37.197+0600][19.416s][info][gc,heap     ] GC(36) Min Capacity: 8M(1%)
[2026-04-03T01:56:37.197+0600][19.416s][info][gc,heap     ] GC(36) Max Capacity: 750M(100%)
[2026-04-03T01:56:37.197+0600][19.416s][info][gc,heap     ] GC(36) Soft Max Capacity: 750M(100%)
[2026-04-03T01:56:37.197+0600][19.416s][info][gc,heap     ] GC(36)                Mark Start          Mark End        Relocate Start      Relocate End           High               Low         
[2026-04-03T01:56:37.197+0600][19.416s][info][gc,heap     ] GC(36)  Capacity:      750M (100%)        750M (100%)        750M (100%)        750M (100%)        750M (100%)        750M (100%)   
[2026-04-03T01:56:37.197+0600][19.416s][info][gc,heap     ] GC(36)      Free:      476M (63%)         474M (63%)         498M (66%)         514M (69%)         514M (69%)         474M (63%)    
[2026-04-03T01:56:37.197+0600][19.416s][info][gc,heap     ] GC(36)      Used:      274M (37%)         276M (37%)         252M (34%)         236M (31%)         276M (37%)         236M (31%)    
[2026-04-03T01:56:37.197+0600][19.416s][info][gc,heap     ] GC(36)      Live:         -               208M (28%)         208M (28%)         208M (28%)            -                  -          
[2026-04-03T01:56:37.197+0600][19.416s][info][gc,heap     ] GC(36) Allocated:         -                 2M (0%)            2M (0%)            1M (0%)             -                  -          
[2026-04-03T01:56:37.197+0600][19.416s][info][gc,heap     ] GC(36)   Garbage:         -                65M (9%)           41M (6%)           25M (3%)             -                  -          
[2026-04-03T01:56:37.197+0600][19.416s][info][gc,heap     ] GC(36) Reclaimed:         -                  -                24M (3%)           39M (5%)             -                  -          
[2026-04-03T01:56:37.197+0600][19.416s][info][gc          ] GC(36) Garbage Collection (System.gc()) 274M(37%)->236M(31%)
[2026-04-03T01:56:37.297+0600][19.515s][info][gc,start    ] GC(37) Garbage Collection (Allocation Rate)
[2026-04-03T01:56:37.297+0600][19.515s][info][gc,task     ] GC(37) Using 3 workers
[2026-04-03T01:56:37.297+0600][19.516s][info][gc,phases   ] GC(37) Pause Mark Start 0.012ms
[2026-04-03T01:56:37.441+0600][19.660s][info][gc,phases   ] GC(37) Concurrent Mark 144.375ms
[2026-04-03T01:56:37.441+0600][19.660s][info][gc,phases   ] GC(37) Pause Mark End 0.030ms
[2026-04-03T01:56:37.442+0600][19.660s][info][gc,phases   ] GC(37) Concurrent Mark Free 0.001ms
[2026-04-03T01:56:37.448+0600][19.667s][info][gc,phases   ] GC(37) Concurrent Process Non-Strong References 6.362ms
[2026-04-03T01:56:37.448+0600][19.667s][info][gc,phases   ] GC(37) Concurrent Reset Relocation Set 0.004ms
[2026-04-03T01:56:37.452+0600][19.671s][info][gc,phases   ] GC(37) Concurrent Select Relocation Set 4.276ms
[2026-04-03T01:56:37.453+0600][19.671s][info][gc,phases   ] GC(37) Pause Relocate Start 0.013ms
[2026-04-03T01:56:37.455+0600][19.674s][info][gc,phases   ] GC(37) Concurrent Relocate 2.671ms
[2026-04-03T01:56:37.455+0600][19.674s][info][gc,load     ] GC(37) Load: 3.53/6.26/6.95
[2026-04-03T01:56:37.455+0600][19.674s][info][gc,mmu      ] GC(37) MMU: 2ms/94.4%, 5ms/97.8%, 10ms/98.9%, 20ms/99.4%, 50ms/99.8%, 100ms/99.8%
[2026-04-03T01:56:37.455+0600][19.674s][info][gc,marking  ] GC(37) Mark: 2 stripe(s), 2 proactive flush(es), 1 terminate flush(es), 0 completion(s), 0 continuation(s) 
[2026-04-03T01:56:37.455+0600][19.674s][info][gc,marking  ] GC(37) Mark Stack Usage: 32M
[2026-04-03T01:56:37.455+0600][19.674s][info][gc,nmethod  ] GC(37) NMethods: 5213 registered, 78 unregistered
[2026-04-03T01:56:37.455+0600][19.674s][info][gc,metaspace] GC(37) Metaspace: 64M used, 65M committed, 1088M reserved
[2026-04-03T01:56:37.455+0600][19.674s][info][gc,ref      ] GC(37) Soft: 3114 encountered, 0 discovered, 0 enqueued
[2026-04-03T01:56:37.456+0600][19.674s][info][gc,ref      ] GC(37) Weak: 5825 encountered, 2945 discovered, 111 enqueued
[2026-04-03T01:56:37.456+0600][19.674s][info][gc,ref      ] GC(37) Final: 82 encountered, 0 discovered, 0 enqueued
[2026-04-03T01:56:37.456+0600][19.674s][info][gc,ref      ] GC(37) Phantom: 596 encountered, 386 discovered, 0 enqueued
[2026-04-03T01:56:37.456+0600][19.674s][info][gc,reloc    ] GC(37) Small Pages: 111 / 222M, Empty: 0M, Relocated: 2M, In-Place: 0
[2026-04-03T01:56:37.456+0600][19.674s][info][gc,reloc    ] GC(37) Medium Pages: 2 / 32M, Empty: 16M, Relocated: 0M, In-Place: 0
[2026-04-03T01:56:37.456+0600][19.674s][info][gc,reloc    ] GC(37) Large Pages: 5 / 28M, Empty: 12M, Relocated: 0M, In-Place: 0
[2026-04-03T01:56:37.456+0600][19.674s][info][gc,reloc    ] GC(37) Forwarding Usage: 1M
[2026-04-03T01:56:37.456+0600][19.674s][info][gc,heap     ] GC(37) Min Capacity: 8M(1%)
[2026-04-03T01:56:37.456+0600][19.674s][info][gc,heap     ] GC(37) Max Capacity: 750M(100%)
[2026-04-03T01:56:37.456+0600][19.674s][info][gc,heap     ] GC(37) Soft Max Capacity: 750M(100%)
[2026-04-03T01:56:37.456+0600][19.674s][info][gc,heap     ] GC(37)                Mark Start          Mark End        Relocate Start      Relocate End           High               Low         
[2026-04-03T01:56:37.456+0600][19.674s][info][gc,heap     ] GC(37)  Capacity:      750M (100%)        750M (100%)        750M (100%)        750M (100%)        750M (100%)        750M (100%)   
[2026-04-03T01:56:37.456+0600][19.674s][info][gc,heap     ] GC(37)      Free:      468M (62%)         254M (34%)         256M (34%)         274M (37%)         468M (62%)         230M (31%)    
[2026-04-03T01:56:37.456+0600][19.674s][info][gc,heap     ] GC(37)      Used:      282M (38%)         496M (66%)         494M (66%)         476M (63%)         520M (69%)         282M (38%)    
[2026-04-03T01:56:37.456+0600][19.674s][info][gc,heap     ] GC(37)      Live:         -               208M (28%)         208M (28%)         208M (28%)            -                  -          
[2026-04-03T01:56:37.456+0600][19.674s][info][gc,heap     ] GC(37) Allocated:         -               214M (29%)         240M (32%)         243M (33%)            -                  -          
[2026-04-03T01:56:37.456+0600][19.674s][info][gc,heap     ] GC(37)   Garbage:         -                73M (10%)          45M (6%)           23M (3%)             -                  -          
[2026-04-03T01:56:37.456+0600][19.675s][info][gc,heap     ] GC(37) Reclaimed:         -                  -                28M (4%)           49M (7%)             -                  -          
[2026-04-03T01:56:37.456+0600][19.675s][info][gc          ] GC(37) Garbage Collection (Allocation Rate) 282M(38%)->476M(63%)
[2026-04-03T01:56:37.497+0600][19.716s][info][gc,start    ] GC(38) Garbage Collection (Allocation Rate)
[2026-04-03T01:56:37.497+0600][19.716s][info][gc,task     ] GC(38) Using 3 workers
[2026-04-03T01:56:37.497+0600][19.716s][info][gc,phases   ] GC(38) Pause Mark Start 0.011ms
[2026-04-03T01:56:37.632+0600][19.851s][info][gc,phases   ] GC(38) Concurrent Mark 134.691ms
[2026-04-03T01:56:37.632+0600][19.851s][info][gc,phases   ] GC(38) Pause Mark End 0.019ms
[2026-04-03T01:56:37.632+0600][19.851s][info][gc,phases   ] GC(38) Concurrent Mark Free 0.002ms
[2026-04-03T01:56:37.637+0600][19.856s][info][gc,phases   ] GC(38) Concurrent Process Non-Strong References 4.975ms
[2026-04-03T01:56:37.638+0600][19.856s][info][gc,phases   ] GC(38) Concurrent Reset Relocation Set 0.004ms
[2026-04-03T01:56:37.638+0600][19.857s][info][gc          ] Allocation Stall (Executor task launch worker for task 1.0 in stage 7.0 (TID 12)) 31.936ms
[2026-04-03T01:56:37.638+0600][19.857s][info][gc          ] Allocation Stall (Executor task launch worker for task 0.0 in stage 7.0 (TID 11)) 31.934ms
[2026-04-03T01:56:37.641+0600][19.859s][info][gc,phases   ] GC(38) Concurrent Select Relocation Set 2.993ms
[2026-04-03T01:56:37.641+0600][19.860s][info][gc,phases   ] GC(38) Pause Relocate Start 0.011ms
[2026-04-03T01:56:37.642+0600][19.861s][info][gc,phases   ] GC(38) Concurrent Relocate 1.004ms
[2026-04-03T01:56:37.642+0600][19.861s][info][gc,load     ] GC(38) Load: 3.53/6.26/6.95
[2026-04-03T01:56:37.642+0600][19.861s][info][gc,mmu      ] GC(38) MMU: 2ms/94.4%, 5ms/97.8%, 10ms/98.9%, 20ms/99.4%, 50ms/99.8%, 100ms/99.8%
[2026-04-03T01:56:37.642+0600][19.861s][info][gc,marking  ] GC(38) Mark: 2 stripe(s), 2 proactive flush(es), 1 terminate flush(es), 0 completion(s), 0 continuation(s) 
[2026-04-03T01:56:37.642+0600][19.861s][info][gc,marking  ] GC(38) Mark Stack Usage: 32M
[2026-04-03T01:56:37.642+0600][19.861s][info][gc,nmethod  ] GC(38) NMethods: 5214 registered, 82 unregistered
[2026-04-03T01:56:37.642+0600][19.861s][info][gc,metaspace] GC(38) Metaspace: 64M used, 65M committed, 1088M reserved
[2026-04-03T01:56:37.642+0600][19.861s][info][gc,ref      ] GC(38) Soft: 3116 encountered, 0 discovered, 0 enqueued
[2026-04-03T01:56:37.642+0600][19.861s][info][gc,ref      ] GC(38) Weak: 5724 encountered, 751 discovered, 21 enqueued
[2026-04-03T01:56:37.642+0600][19.861s][info][gc,ref      ] GC(38) Final: 82 encountered, 0 discovered, 0 enqueued
[2026-04-03T01:56:37.642+0600][19.861s][info][gc,ref      ] GC(38) Phantom: 596 encountered, 384 discovered, 0 enqueued
[2026-04-03T01:56:37.642+0600][19.861s][info][gc,reloc    ] GC(38) Small Pages: 267 / 534M, Empty: 302M, Relocated: 1M, In-Place: 0
[2026-04-03T01:56:37.642+0600][19.861s][info][gc,reloc    ] GC(38) Medium Pages: 1 / 16M, Empty: 0M, Relocated: 0M, In-Place: 0
[2026-04-03T01:56:37.642+0600][19.861s][info][gc,reloc    ] GC(38) Large Pages: 3 / 16M, Empty: 0M, Relocated: 0M, In-Place: 0
[2026-04-03T01:56:37.642+0600][19.861s][info][gc,reloc    ] GC(38) Forwarding Usage: 0M
[2026-04-03T01:56:37.642+0600][19.861s][info][gc,heap     ] GC(38) Min Capacity: 8M(1%)
[2026-04-03T01:56:37.642+0600][19.861s][info][gc,heap     ] GC(38) Max Capacity: 750M(100%)
[2026-04-03T01:56:37.642+0600][19.861s][info][gc,heap     ] GC(38) Soft Max Capacity: 750M(100%)
[2026-04-03T01:56:37.642+0600][19.861s][info][gc,heap     ] GC(38)                Mark Start          Mark End        Relocate Start      Relocate End           High               Low         
[2026-04-03T01:56:37.642+0600][19.861s][info][gc,heap     ] GC(38)  Capacity:      750M (100%)        750M (100%)        750M (100%)        750M (100%)        750M (100%)        750M (100%)   
[2026-04-03T01:56:37.642+0600][19.861s][info][gc,heap     ] GC(38)      Free:      184M (25%)           0M (0%)          294M (39%)         322M (43%)         322M (43%)           0M (0%)     
[2026-04-03T01:56:37.642+0600][19.861s][info][gc,heap     ] GC(38)      Used:      566M (75%)         750M (100%)        456M (61%)         428M (57%)         750M (100%)        428M (57%)    
[2026-04-03T01:56:37.642+0600][19.861s][info][gc,heap     ] GC(38)      Live:         -               208M (28%)         208M (28%)         208M (28%)            -                  -          
[2026-04-03T01:56:37.642+0600][19.861s][info][gc,heap     ] GC(38) Allocated:         -               184M (25%)         192M (26%)         193M (26%)            -                  -          
[2026-04-03T01:56:37.642+0600][19.861s][info][gc,heap     ] GC(38)   Garbage:         -               357M (48%)          55M (7%)           25M (3%)             -                  -          
[2026-04-03T01:56:37.642+0600][19.861s][info][gc,heap     ] GC(38) Reclaimed:         -                  -               302M (40%)         331M (44%)            -                  -          
[2026-04-03T01:56:37.642+0600][19.861s][info][gc          ] GC(38) Garbage Collection (Allocation Rate) 566M(75%)->428M(57%)
[2026-04-03T01:56:37.697+0600][19.916s][info][gc,start    ] GC(39) Garbage Collection (Allocation Stall)
[2026-04-03T01:56:37.697+0600][19.916s][info][gc,ref      ] GC(39) Clearing All SoftReferences
[2026-04-03T01:56:37.697+0600][19.916s][info][gc,task     ] GC(39) Using 3 workers
[2026-04-03T01:56:37.697+0600][19.916s][info][gc,ref      ] GC(39) Clearing All SoftReferences
[2026-04-03T01:56:37.697+0600][19.916s][info][gc,phases   ] GC(39) Pause Mark Start 0.040ms
[2026-04-03T01:56:37.818+0600][20.037s][info][gc,phases   ] GC(39) Concurrent Mark 120.232ms
[2026-04-03T01:56:37.818+0600][20.037s][info][gc,phases   ] GC(39) Pause Mark End 0.022ms
[2026-04-03T01:56:37.818+0600][20.037s][info][gc,phases   ] GC(39) Concurrent Mark Free 0.002ms
[2026-04-03T01:56:37.836+0600][20.054s][info][gc,phases   ] GC(39) Concurrent Process Non-Strong References 17.416ms
[2026-04-03T01:56:37.836+0600][20.054s][info][gc,phases   ] GC(39) Concurrent Reset Relocation Set 0.004ms
[2026-04-03T01:56:37.839+0600][20.057s][info][gc,phases   ] GC(39) Concurrent Select Relocation Set 2.937ms
[2026-04-03T01:56:37.839+0600][20.058s][info][gc,phases   ] GC(39) Pause Relocate Start 0.009ms
[2026-04-03T01:56:37.841+0600][20.060s][info][gc,phases   ] GC(39) Concurrent Relocate 2.105ms
[2026-04-03T01:56:37.841+0600][20.060s][info][gc,load     ] GC(39) Load: 3.53/6.26/6.95
[2026-04-03T01:56:37.841+0600][20.060s][info][gc,mmu      ] GC(39) MMU: 2ms/94.4%, 5ms/97.8%, 10ms/98.9%, 20ms/99.4%, 50ms/99.8%, 100ms/99.8%
[2026-04-03T01:56:37.841+0600][20.060s][info][gc,marking  ] GC(39) Mark: 2 stripe(s), 3 proactive flush(es), 1 terminate flush(es), 0 completion(s), 0 continuation(s) 
[2026-04-03T01:56:37.841+0600][20.060s][info][gc,marking  ] GC(39) Mark Stack Usage: 32M
[2026-04-03T01:56:37.841+0600][20.060s][info][gc,nmethod  ] GC(39) NMethods: 5211 registered, 85 unregistered
[2026-04-03T01:56:37.841+0600][20.060s][info][gc,metaspace] GC(39) Metaspace: 64M used, 65M committed, 1088M reserved
[2026-04-03T01:56:37.841+0600][20.060s][info][gc,ref      ] GC(39) Soft: 3012 encountered, 601 discovered, 310 enqueued
[2026-04-03T01:56:37.841+0600][20.060s][info][gc,ref      ] GC(39) Weak: 5608 encountered, 595 discovered, 37 enqueued
[2026-04-03T01:56:37.841+0600][20.060s][info][gc,ref      ] GC(39) Final: 82 encountered, 0 discovered, 0 enqueued
[2026-04-03T01:56:37.841+0600][20.060s][info][gc,ref      ] GC(39) Phantom: 596 encountered, 427 discovered, 0 enqueued
[2026-04-03T01:56:37.841+0600][20.060s][info][gc,reloc    ] GC(39) Small Pages: 248 / 496M, Empty: 280M, Relocated: 1M, In-Place: 0
[2026-04-03T01:56:37.841+0600][20.060s][info][gc,reloc    ] GC(39) Medium Pages: 1 / 16M, Empty: 0M, Relocated: 0M, In-Place: 0
[2026-04-03T01:56:37.841+0600][20.060s][info][gc,reloc    ] GC(39) Large Pages: 3 / 16M, Empty: 0M, Relocated: 0M, In-Place: 0
[2026-04-03T01:56:37.841+0600][20.060s][info][gc,reloc    ] GC(39) Forwarding Usage: 0M
[2026-04-03T01:56:37.841+0600][20.060s][info][gc,heap     ] GC(39) Min Capacity: 8M(1%)
[2026-04-03T01:56:37.841+0600][20.060s][info][gc,heap     ] GC(39) Max Capacity: 750M(100%)
[2026-04-03T01:56:37.841+0600][20.060s][info][gc,heap     ] GC(39) Soft Max Capacity: 750M(100%)
[2026-04-03T01:56:37.841+0600][20.060s][info][gc,heap     ] GC(39)                Mark Start          Mark End        Relocate Start      Relocate End           High               Low         
[2026-04-03T01:56:37.841+0600][20.060s][info][gc,heap     ] GC(39)  Capacity:      750M (100%)        750M (100%)        750M (100%)        750M (100%)        750M (100%)        750M (100%)   
[2026-04-03T01:56:37.841+0600][20.060s][info][gc,heap     ] GC(39)      Free:      222M (30%)          28M (4%)          278M (37%)         292M (39%)         292M (39%)           2M (0%)     
[2026-04-03T01:56:37.841+0600][20.060s][info][gc,heap     ] GC(39)      Used:      528M (70%)         722M (96%)         472M (63%)         458M (61%)         748M (100%)        458M (61%)    
[2026-04-03T01:56:37.841+0600][20.060s][info][gc,heap     ] GC(39)      Live:         -               207M (28%)         207M (28%)         207M (28%)            -                  -          
[2026-04-03T01:56:37.841+0600][20.060s][info][gc,heap     ] GC(39) Allocated:         -               194M (26%)         224M (30%)         225M (30%)            -                  -          
[2026-04-03T01:56:37.841+0600][20.060s][info][gc,heap     ] GC(39)   Garbage:         -               320M (43%)          40M (5%)           24M (3%)             -                  -          
[2026-04-03T01:56:37.841+0600][20.060s][info][gc,heap     ] GC(39) Reclaimed:         -                  -               280M (37%)         295M (39%)            -                  -          
[2026-04-03T01:56:37.841+0600][20.060s][info][gc          ] GC(39) Garbage Collection (Allocation Stall) 528M(70%)->458M(61%)
[2026-04-03T01:56:37.897+0600][20.115s][info][gc,stats    ] === Garbage Collection Statistics =======================================================================================================================
[2026-04-03T01:56:37.897+0600][20.115s][info][gc,stats    ]                                                              Last 10s              Last 10m              Last 10h                Total
[2026-04-03T01:56:37.897+0600][20.115s][info][gc,stats    ]                                                              Avg / Max             Avg / Max             Avg / Max             Avg / Max
[2026-04-03T01:56:37.897+0600][20.115s][info][gc,stats    ]   Collector: Garbage Collection Cycle                    133.561 / 189.659     117.726 / 189.659     117.726 / 189.659     117.726 / 189.659     ms
[2026-04-03T01:56:37.897+0600][20.115s][info][gc,stats    ]  Contention: Mark Segment Reset Contention                     5 / 13                3 / 13                3 / 13                3 / 13          ops/s
[2026-04-03T01:56:37.897+0600][20.116s][info][gc,stats    ]  Contention: Mark SeqNum Reset Contention                      0 / 2                 0 / 2                 0 / 2                 0 / 2           ops/s
[2026-04-03T01:56:37.897+0600][20.116s][info][gc,stats    ]    Critical: Allocation Stall                                  0 / 3                 0 / 3                 0 / 3                 0 / 3           ops/s
[2026-04-03T01:56:37.897+0600][20.116s][info][gc,stats    ]    Critical: Allocation Stall                             15.011 / 31.936       15.011 / 31.936       15.011 / 31.936       15.011 / 31.936      ms
[2026-04-03T01:56:37.897+0600][20.116s][info][gc,stats    ]    Critical: GC Locker Stall                                   0 / 2                 0 / 2                 0 / 2                 0 / 2           ops/s
[2026-04-03T01:56:37.897+0600][20.116s][info][gc,stats    ]    Critical: GC Locker Stall                               0.016 / 0.030         0.012 / 0.030         0.012 / 0.030         0.012 / 0.030       ms
[2026-04-03T01:56:37.897+0600][20.116s][info][gc,stats    ]    Critical: Relocation Stall                                  0 / 1                 0 / 1                 0 / 1                 0 / 1           ops/s
[2026-04-03T01:56:37.897+0600][20.116s][info][gc,stats    ]    Critical: Relocation Stall                             10.991 / 10.991       10.991 / 10.991       10.991 / 10.991       10.991 / 10.991      ms
[2026-04-03T01:56:37.897+0600][20.116s][info][gc,stats    ]      Memory: Allocation Rate                                 687 / 1374            433 / 1374            433 / 1374            433 / 1374        MB/s
[2026-04-03T01:56:37.897+0600][20.116s][info][gc,stats    ]      Memory: Defragment                                        8 / 27                4 / 27                4 / 27                4 / 27          ops/s
[2026-04-03T01:56:37.897+0600][20.116s][info][gc,stats    ]      Memory: Out Of Memory                                     0 / 0                 0 / 0                 0 / 0                 0 / 0           ops/s
[2026-04-03T01:56:37.897+0600][20.116s][info][gc,stats    ]      Memory: Page Cache Flush                                 24 / 70               13 / 70               13 / 70               13 / 70          MB/s
[2026-04-03T01:56:37.897+0600][20.116s][info][gc,stats    ]      Memory: Page Cache Hit L1                               337 / 668             202 / 668             202 / 668             202 / 668         ops/s
[2026-04-03T01:56:37.897+0600][20.116s][info][gc,stats    ]      Memory: Page Cache Hit L2                                 0 / 0                 0 / 0                 0 / 0                 0 / 0           ops/s
[2026-04-03T01:56:37.897+0600][20.116s][info][gc,stats    ]      Memory: Page Cache Hit L3                                 6 / 23                9 / 93                9 / 93                9 / 93          ops/s
[2026-04-03T01:56:37.897+0600][20.116s][info][gc,stats    ]      Memory: Page Cache Miss                                   6 / 44               10 / 142              10 / 142              10 / 142         ops/s
[2026-04-03T01:56:37.897+0600][20.116s][info][gc,stats    ]      Memory: Uncommit                                          0 / 0                 0 / 0                 0 / 0                 0 / 0           MB/s
[2026-04-03T01:56:37.897+0600][20.116s][info][gc,stats    ]      Memory: Undo Object Allocation Failed                     0 / 0                 0 / 0                 0 / 0                 0 / 0           ops/s
[2026-04-03T01:56:37.897+0600][20.116s][info][gc,stats    ]      Memory: Undo Object Allocation Succeeded                 15 / 146               7 / 146               7 / 146               7 / 146         ops/s
[2026-04-03T01:56:37.897+0600][20.116s][info][gc,stats    ]      Memory: Undo Page Allocation                              4 / 26                2 / 26                2 / 26                2 / 26          ops/s
[2026-04-03T01:56:37.897+0600][20.116s][info][gc,stats    ]       Phase: Concurrent Mark                             111.661 / 166.337      95.898 / 166.337      95.898 / 166.337      95.898 / 166.337     ms
[2026-04-03T01:56:37.897+0600][20.116s][info][gc,stats    ]       Phase: Concurrent Mark Continue                      0.000 / 0.000         0.000 / 0.000         0.000 / 0.000         0.000 / 0.000       ms
[2026-04-03T01:56:37.897+0600][20.116s][info][gc,stats    ]       Phase: Concurrent Mark Free                          0.003 / 0.004         0.003 / 0.011         0.003 / 0.011         0.003 / 0.011       ms
[2026-04-03T01:56:37.897+0600][20.116s][info][gc,stats    ]       Phase: Concurrent Process Non-Strong References      7.321 / 18.581        6.516 / 18.581        6.516 / 18.581        6.516 / 18.581      ms
[2026-04-03T01:56:37.897+0600][20.116s][info][gc,stats    ]       Phase: Concurrent Relocate                           8.955 / 34.700        9.362 / 34.700        9.362 / 34.700        9.362 / 34.700      ms
[2026-04-03T01:56:37.897+0600][20.116s][info][gc,stats    ]       Phase: Concurrent Reset Relocation Set               0.008 / 0.036         0.008 / 0.036         0.008 / 0.036         0.008 / 0.036       ms
[2026-04-03T01:56:37.897+0600][20.116s][info][gc,stats    ]       Phase: Concurrent Select Relocation Set              3.929 / 10.433        4.182 / 11.681        4.182 / 11.681        4.182 / 11.681      ms
[2026-04-03T01:56:37.897+0600][20.116s][info][gc,stats    ]       Phase: Pause Mark End                                0.027 / 0.061         0.027 / 0.061         0.027 / 0.061         0.027 / 0.061       ms
[2026-04-03T01:56:37.897+0600][20.116s][info][gc,stats    ]       Phase: Pause Mark Start                              0.019 / 0.112         0.017 / 0.112         0.017 / 0.112         0.017 / 0.112       ms
[2026-04-03T01:56:37.897+0600][20.116s][info][gc,stats    ]       Phase: Pause Relocate Start                          0.014 / 0.026         0.014 / 0.026         0.014 / 0.026         0.014 / 0.026       ms
[2026-04-03T01:56:37.897+0600][20.116s][info][gc,stats    ]    Subphase: Concurrent Classes Purge                      0.109 / 0.590         0.116 / 0.590         0.116 / 0.590         0.116 / 0.590       ms
[2026-04-03T01:56:37.897+0600][20.116s][info][gc,stats    ]    Subphase: Concurrent Classes Unlink                     5.642 / 16.469        4.905 / 16.469        4.905 / 16.469        4.905 / 16.469      ms
[2026-04-03T01:56:37.897+0600][20.116s][info][gc,stats    ]    Subphase: Concurrent Mark                             112.043 / 165.470      95.660 / 165.470      95.660 / 165.470      95.660 / 165.470     ms
[2026-04-03T01:56:37.897+0600][20.116s][info][gc,stats    ]    Subphase: Concurrent Mark Try Flush                     0.203 / 0.438         0.231 / 4.324         0.231 / 4.324         0.231 / 4.324       ms
[2026-04-03T01:56:37.897+0600][20.116s][info][gc,stats    ]    Subphase: Concurrent Mark Try Terminate                 0.728 / 1.206         0.781 / 4.028         0.781 / 4.028         0.781 / 4.028       ms
[2026-04-03T01:56:37.897+0600][20.116s][info][gc,stats    ]    Subphase: Concurrent References Enqueue                 0.004 / 0.019         0.004 / 0.019         0.004 / 0.019         0.004 / 0.019       ms
[2026-04-03T01:56:37.897+0600][20.116s][info][gc,stats    ]    Subphase: Concurrent References Process                 0.432 / 0.740         0.406 / 0.740         0.406 / 0.740         0.406 / 0.740       ms
[2026-04-03T01:56:37.897+0600][20.116s][info][gc,stats    ]    Subphase: Concurrent Roots ClassLoaderDataGraph         0.196 / 0.579         0.183 / 0.579         0.183 / 0.579         0.183 / 0.579       ms
[2026-04-03T01:56:37.897+0600][20.116s][info][gc,stats    ]    Subphase: Concurrent Roots CodeCache                    0.000 / 0.000         0.000 / 0.000         0.000 / 0.000         0.000 / 0.000       ms
[2026-04-03T01:56:37.897+0600][20.116s][info][gc,stats    ]    Subphase: Concurrent Roots JavaThreads                  0.332 / 1.311         0.352 / 1.353         0.352 / 1.353         0.352 / 1.353       ms
[2026-04-03T01:56:37.897+0600][20.116s][info][gc,stats    ]    Subphase: Concurrent Roots OopStorageSet                0.038 / 0.089         0.040 / 0.112         0.040 / 0.112         0.040 / 0.112       ms
[2026-04-03T01:56:37.897+0600][20.116s][info][gc,stats    ]    Subphase: Concurrent Weak Roots OopStorageSet           0.643 / 0.959         0.607 / 0.959         0.607 / 0.959         0.607 / 0.959       ms
[2026-04-03T01:56:37.897+0600][20.116s][info][gc,stats    ]    Subphase: Pause Mark Try Complete                       0.000 / 0.000         0.000 / 0.000         0.000 / 0.000         0.000 / 0.000       ms
[2026-04-03T01:56:37.897+0600][20.116s][info][gc,stats    ]      System: Java Threads                                     69 / 106              61 / 106              61 / 106              61 / 106         threads
[2026-04-03T01:56:37.897+0600][20.116s][info][gc,stats    ] =========================================================================================================================================================
[2026-04-03T01:56:37.897+0600][20.116s][info][gc,start    ] GC(40) Garbage Collection (Allocation Rate)
[2026-04-03T01:56:37.897+0600][20.116s][info][gc,task     ] GC(40) Using 3 workers
[2026-04-03T01:56:37.897+0600][20.116s][info][gc,phases   ] GC(40) Pause Mark Start 0.010ms
[2026-04-03T01:56:38.019+0600][20.237s][info][gc,phases   ] GC(40) Concurrent Mark 121.033ms
[2026-04-03T01:56:38.019+0600][20.238s][info][gc,phases   ] GC(40) Pause Mark End 0.031ms
[2026-04-03T01:56:38.019+0600][20.238s][info][gc,phases   ] GC(40) Concurrent Mark Free 0.002ms
[2026-04-03T01:56:38.024+0600][20.243s][info][gc,phases   ] GC(40) Concurrent Process Non-Strong References 5.196ms
[2026-04-03T01:56:38.024+0600][20.243s][info][gc,phases   ] GC(40) Concurrent Reset Relocation Set 0.003ms
[2026-04-03T01:56:38.027+0600][20.246s][info][gc,phases   ] GC(40) Concurrent Select Relocation Set 3.110ms
[2026-04-03T01:56:38.027+0600][20.246s][info][gc,phases   ] GC(40) Pause Relocate Start 0.010ms
[2026-04-03T01:56:38.029+0600][20.248s][info][gc,phases   ] GC(40) Concurrent Relocate 1.610ms
[2026-04-03T01:56:38.029+0600][20.248s][info][gc,load     ] GC(40) Load: 3.53/6.26/6.95
[2026-04-03T01:56:38.029+0600][20.248s][info][gc,mmu      ] GC(40) MMU: 2ms/94.4%, 5ms/97.8%, 10ms/98.9%, 20ms/99.4%, 50ms/99.8%, 100ms/99.8%
[2026-04-03T01:56:38.029+0600][20.248s][info][gc,marking  ] GC(40) Mark: 2 stripe(s), 2 proactive flush(es), 1 terminate flush(es), 0 completion(s), 0 continuation(s) 
[2026-04-03T01:56:38.029+0600][20.248s][info][gc,marking  ] GC(40) Mark Stack Usage: 32M
[2026-04-03T01:56:38.029+0600][20.248s][info][gc,nmethod  ] GC(40) NMethods: 5212 registered, 85 unregistered
[2026-04-03T01:56:38.029+0600][20.248s][info][gc,metaspace] GC(40) Metaspace: 64M used, 65M committed, 1088M reserved
[2026-04-03T01:56:38.029+0600][20.248s][info][gc,ref      ] GC(40) Soft: 2702 encountered, 0 discovered, 0 enqueued
[2026-04-03T01:56:38.029+0600][20.248s][info][gc,ref      ] GC(40) Weak: 5571 encountered, 544 discovered, 0 enqueued
[2026-04-03T01:56:38.029+0600][20.248s][info][gc,ref      ] GC(40) Final: 82 encountered, 0 discovered, 0 enqueued
[2026-04-03T01:56:38.029+0600][20.248s][info][gc,ref      ] GC(40) Phantom: 596 encountered, 381 discovered, 0 enqueued
[2026-04-03T01:56:38.029+0600][20.248s][info][gc,reloc    ] GC(40) Small Pages: 258 / 516M, Empty: 302M, Relocated: 1M, In-Place: 0
[2026-04-03T01:56:38.029+0600][20.248s][info][gc,reloc    ] GC(40) Medium Pages: 1 / 16M, Empty: 0M, Relocated: 0M, In-Place: 0
[2026-04-03T01:56:38.029+0600][20.248s][info][gc,reloc    ] GC(40) Large Pages: 3 / 16M, Empty: 0M, Relocated: 0M, In-Place: 0
[2026-04-03T01:56:38.029+0600][20.248s][info][gc,reloc    ] GC(40) Forwarding Usage: 0M
[2026-04-03T01:56:38.029+0600][20.248s][info][gc,heap     ] GC(40) Min Capacity: 8M(1%)
[2026-04-03T01:56:38.029+0600][20.248s][info][gc,heap     ] GC(40) Max Capacity: 750M(100%)
[2026-04-03T01:56:38.029+0600][20.248s][info][gc,heap     ] GC(40) Soft Max Capacity: 750M(100%)
[2026-04-03T01:56:38.029+0600][20.248s][info][gc,heap     ] GC(40)                Mark Start          Mark End        Relocate Start      Relocate End           High               Low         
[2026-04-03T01:56:38.029+0600][20.248s][info][gc,heap     ] GC(40)  Capacity:      750M (100%)        750M (100%)        750M (100%)        750M (100%)        750M (100%)        750M (100%)   
[2026-04-03T01:56:38.029+0600][20.248s][info][gc,heap     ] GC(40)      Free:      202M (27%)          28M (4%)          318M (42%)         330M (44%)         330M (44%)          20M (3%)     
[2026-04-03T01:56:38.029+0600][20.248s][info][gc,heap     ] GC(40)      Used:      548M (73%)         722M (96%)         432M (58%)         420M (56%)         730M (97%)         420M (56%)    
[2026-04-03T01:56:38.029+0600][20.248s][info][gc,heap     ] GC(40)      Live:         -               207M (28%)         207M (28%)         207M (28%)            -                  -          
[2026-04-03T01:56:38.029+0600][20.248s][info][gc,heap     ] GC(40) Allocated:         -               174M (23%)         186M (25%)         187M (25%)            -                  -          
[2026-04-03T01:56:38.029+0600][20.248s][info][gc,heap     ] GC(40)   Garbage:         -               340M (45%)          38M (5%)           24M (3%)             -                  -          
[2026-04-03T01:56:38.029+0600][20.248s][info][gc,heap     ] GC(40) Reclaimed:         -                  -               302M (40%)         315M (42%)            -                  -          
[2026-04-03T01:56:38.029+0600][20.248s][info][gc          ] GC(40) Garbage Collection (Allocation Rate) 548M(73%)->420M(56%)
[2026-04-03T01:56:38.097+0600][20.315s][info][gc,start    ] GC(41) Garbage Collection (Allocation Rate)
[2026-04-03T01:56:38.097+0600][20.316s][info][gc,task     ] GC(41) Using 3 workers
[2026-04-03T01:56:38.097+0600][20.316s][info][gc,phases   ] GC(41) Pause Mark Start 0.007ms
[2026-04-03T01:56:38.222+0600][20.441s][info][gc,phases   ] GC(41) Concurrent Mark 125.358ms
[2026-04-03T01:56:38.223+0600][20.441s][info][gc,phases   ] GC(41) Pause Mark End 0.018ms
[2026-04-03T01:56:38.223+0600][20.442s][info][gc,phases   ] GC(41) Concurrent Mark Free 0.004ms
[2026-04-03T01:56:38.228+0600][20.447s][info][gc,phases   ] GC(41) Concurrent Process Non-Strong References 5.649ms
[2026-04-03T01:56:38.229+0600][20.447s][info][gc,phases   ] GC(41) Concurrent Reset Relocation Set 0.003ms
[2026-04-03T01:56:38.232+0600][20.451s][info][gc,phases   ] GC(41) Concurrent Select Relocation Set 3.799ms
[2026-04-03T01:56:38.233+0600][20.451s][info][gc,phases   ] GC(41) Pause Relocate Start 0.012ms
[2026-04-03T01:56:38.235+0600][20.454s][info][gc,phases   ] GC(41) Concurrent Relocate 2.518ms
[2026-04-03T01:56:38.235+0600][20.454s][info][gc,load     ] GC(41) Load: 3.53/6.26/6.95
[2026-04-03T01:56:38.235+0600][20.454s][info][gc,mmu      ] GC(41) MMU: 2ms/94.4%, 5ms/97.8%, 10ms/98.9%, 20ms/99.4%, 50ms/99.8%, 100ms/99.8%
[2026-04-03T01:56:38.235+0600][20.454s][info][gc,marking  ] GC(41) Mark: 2 stripe(s), 2 proactive flush(es), 1 terminate flush(es), 0 completion(s), 0 continuation(s) 
[2026-04-03T01:56:38.235+0600][20.454s][info][gc,marking  ] GC(41) Mark Stack Usage: 32M
[2026-04-03T01:56:38.235+0600][20.454s][info][gc,nmethod  ] GC(41) NMethods: 5218 registered, 85 unregistered
[2026-04-03T01:56:38.235+0600][20.454s][info][gc,metaspace] GC(41) Metaspace: 64M used, 65M committed, 1088M reserved
[2026-04-03T01:56:38.235+0600][20.454s][info][gc,ref      ] GC(41) Soft: 2702 encountered, 0 discovered, 0 enqueued
[2026-04-03T01:56:38.235+0600][20.454s][info][gc,ref      ] GC(41) Weak: 5571 encountered, 691 discovered, 0 enqueued
[2026-04-03T01:56:38.235+0600][20.454s][info][gc,ref      ] GC(41) Final: 82 encountered, 0 discovered, 0 enqueued
[2026-04-03T01:56:38.235+0600][20.454s][info][gc,ref      ] GC(41) Phantom: 596 encountered, 324 discovered, 0 enqueued
[2026-04-03T01:56:38.235+0600][20.454s][info][gc,reloc    ] GC(41) Small Pages: 233 / 466M, Empty: 252M, Relocated: 1M, In-Place: 0
[2026-04-03T01:56:38.235+0600][20.454s][info][gc,reloc    ] GC(41) Medium Pages: 1 / 16M, Empty: 0M, Relocated: 0M, In-Place: 0
[2026-04-03T01:56:38.235+0600][20.454s][info][gc,reloc    ] GC(41) Large Pages: 3 / 16M, Empty: 0M, Relocated: 0M, In-Place: 0
[2026-04-03T01:56:38.235+0600][20.454s][info][gc,reloc    ] GC(41) Forwarding Usage: 0M
[2026-04-03T01:56:38.235+0600][20.454s][info][gc,heap     ] GC(41) Min Capacity: 8M(1%)
[2026-04-03T01:56:38.235+0600][20.454s][info][gc,heap     ] GC(41) Max Capacity: 750M(100%)
[2026-04-03T01:56:38.235+0600][20.454s][info][gc,heap     ] GC(41) Soft Max Capacity: 750M(100%)
[2026-04-03T01:56:38.235+0600][20.454s][info][gc,heap     ] GC(41)                Mark Start          Mark End        Relocate Start      Relocate End           High               Low         
[2026-04-03T01:56:38.235+0600][20.454s][info][gc,heap     ] GC(41)  Capacity:      750M (100%)        750M (100%)        750M (100%)        750M (100%)        750M (100%)        750M (100%)   
[2026-04-03T01:56:38.236+0600][20.454s][info][gc,heap     ] GC(41)      Free:      252M (34%)         124M (17%)         370M (49%)         382M (51%)         382M (51%)         118M (16%)    
[2026-04-03T01:56:38.236+0600][20.454s][info][gc,heap     ] GC(41)      Used:      498M (66%)         626M (83%)         380M (51%)         368M (49%)         632M (84%)         368M (49%)    
[2026-04-03T01:56:38.236+0600][20.454s][info][gc,heap     ] GC(41)      Live:         -               207M (28%)         207M (28%)         207M (28%)            -                  -          
[2026-04-03T01:56:38.236+0600][20.454s][info][gc,heap     ] GC(41) Allocated:         -               128M (17%)         134M (18%)         135M (18%)            -                  -          
[2026-04-03T01:56:38.236+0600][20.454s][info][gc,heap     ] GC(41)   Garbage:         -               290M (39%)          38M (5%)           24M (3%)             -                  -          
[2026-04-03T01:56:38.236+0600][20.454s][info][gc,heap     ] GC(41) Reclaimed:         -                  -               252M (34%)         265M (35%)            -                  -          
[2026-04-03T01:56:38.236+0600][20.454s][info][gc          ] GC(41) Garbage Collection (Allocation Rate) 498M(66%)->368M(49%)
[2026-04-03T01:56:38.297+0600][20.516s][info][gc,start    ] GC(42) Garbage Collection (Allocation Rate)
[2026-04-03T01:56:38.297+0600][20.516s][info][gc,task     ] GC(42) Using 3 workers
[2026-04-03T01:56:38.297+0600][20.516s][info][gc,phases   ] GC(42) Pause Mark Start 0.012ms
[2026-04-03T01:56:38.455+0600][20.673s][info][gc,phases   ] GC(42) Concurrent Mark 157.144ms
[2026-04-03T01:56:38.455+0600][20.674s][info][gc,phases   ] GC(42) Pause Mark End 0.021ms
[2026-04-03T01:56:38.455+0600][20.674s][info][gc,phases   ] GC(42) Concurrent Mark Free 0.001ms
[2026-04-03T01:56:38.470+0600][20.689s][info][gc,phases   ] GC(42) Concurrent Process Non-Strong References 15.355ms
[2026-04-03T01:56:38.470+0600][20.689s][info][gc,phases   ] GC(42) Concurrent Reset Relocation Set 0.004ms
[2026-04-03T01:56:38.475+0600][20.694s][info][gc,phases   ] GC(42) Concurrent Select Relocation Set 4.786ms
[2026-04-03T01:56:38.475+0600][20.694s][info][gc,phases   ] GC(42) Pause Relocate Start 0.017ms
[2026-04-03T01:56:38.482+0600][20.700s][info][gc,phases   ] GC(42) Concurrent Relocate 6.114ms
[2026-04-03T01:56:38.482+0600][20.701s][info][gc,load     ] GC(42) Load: 3.53/6.26/6.95
[2026-04-03T01:56:38.482+0600][20.701s][info][gc,mmu      ] GC(42) MMU: 2ms/94.4%, 5ms/97.8%, 10ms/98.9%, 20ms/99.4%, 50ms/99.8%, 100ms/99.8%
[2026-04-03T01:56:38.482+0600][20.701s][info][gc,marking  ] GC(42) Mark: 2 stripe(s), 2 proactive flush(es), 1 terminate flush(es), 0 completion(s), 0 continuation(s) 
[2026-04-03T01:56:38.482+0600][20.701s][info][gc,marking  ] GC(42) Mark Stack Usage: 32M
[2026-04-03T01:56:38.482+0600][20.701s][info][gc,nmethod  ] GC(42) NMethods: 5362 registered, 89 unregistered
[2026-04-03T01:56:38.482+0600][20.701s][info][gc,metaspace] GC(42) Metaspace: 65M used, 66M committed, 1088M reserved
[2026-04-03T01:56:38.482+0600][20.701s][info][gc,ref      ] GC(42) Soft: 2996 encountered, 0 discovered, 0 enqueued
[2026-04-03T01:56:38.482+0600][20.701s][info][gc,ref      ] GC(42) Weak: 5714 encountered, 2075 discovered, 93 enqueued
[2026-04-03T01:56:38.482+0600][20.701s][info][gc,ref      ] GC(42) Final: 82 encountered, 0 discovered, 0 enqueued
[2026-04-03T01:56:38.482+0600][20.701s][info][gc,ref      ] GC(42) Phantom: 596 encountered, 434 discovered, 0 enqueued
[2026-04-03T01:56:38.482+0600][20.701s][info][gc,reloc    ] GC(42) Small Pages: 172 / 344M, Empty: 128M, Relocated: 5M, In-Place: 0
[2026-04-03T01:56:38.482+0600][20.701s][info][gc,reloc    ] GC(42) Medium Pages: 2 / 32M, Empty: 16M, Relocated: 0M, In-Place: 0
[2026-04-03T01:56:38.482+0600][20.701s][info][gc,reloc    ] GC(42) Large Pages: 4 / 22M, Empty: 6M, Relocated: 0M, In-Place: 0
[2026-04-03T01:56:38.482+0600][20.701s][info][gc,reloc    ] GC(42) Forwarding Usage: 3M
[2026-04-03T01:56:38.482+0600][20.701s][info][gc,heap     ] GC(42) Min Capacity: 8M(1%)
[2026-04-03T01:56:38.482+0600][20.701s][info][gc,heap     ] GC(42) Max Capacity: 750M(100%)
[2026-04-03T01:56:38.482+0600][20.701s][info][gc,heap     ] GC(42) Soft Max Capacity: 750M(100%)
[2026-04-03T01:56:38.482+0600][20.701s][info][gc,heap     ] GC(42)                Mark Start          Mark End        Relocate Start      Relocate End           High               Low         
[2026-04-03T01:56:38.482+0600][20.701s][info][gc,heap     ] GC(42)  Capacity:      750M (100%)        750M (100%)        750M (100%)        750M (100%)        750M (100%)        750M (100%)   
[2026-04-03T01:56:38.482+0600][20.701s][info][gc,heap     ] GC(42)      Free:      352M (47%)         308M (41%)         454M (61%)         472M (63%)         472M (63%)         304M (41%)    
[2026-04-03T01:56:38.482+0600][20.701s][info][gc,heap     ] GC(42)      Used:      398M (53%)         442M (59%)         296M (39%)         278M (37%)         446M (59%)         278M (37%)    
[2026-04-03T01:56:38.482+0600][20.701s][info][gc,heap     ] GC(42)      Live:         -               208M (28%)         208M (28%)         208M (28%)            -                  -          
[2026-04-03T01:56:38.482+0600][20.701s][info][gc,heap     ] GC(42) Allocated:         -                44M (6%)           48M (6%)           47M (6%)             -                  -          
[2026-04-03T01:56:38.482+0600][20.701s][info][gc,heap     ] GC(42)   Garbage:         -               189M (25%)          39M (5%)           21M (3%)             -                  -          
[2026-04-03T01:56:38.482+0600][20.701s][info][gc,heap     ] GC(42) Reclaimed:         -                  -               150M (20%)         167M (22%)            -                  -          
[2026-04-03T01:56:38.482+0600][20.701s][info][gc          ] GC(42) Garbage Collection (Allocation Rate) 398M(53%)->278M(37%)
[2026-04-03T01:56:38.497+0600][20.716s][info][gc,start    ] GC(43) Garbage Collection (Allocation Rate)
[2026-04-03T01:56:38.497+0600][20.716s][info][gc,task     ] GC(43) Using 3 workers
[2026-04-03T01:56:38.498+0600][20.716s][info][gc,phases   ] GC(43) Pause Mark Start 0.010ms
[2026-04-03T01:56:38.525+0600][20.744s][info][gc,phases   ] GC(43) Concurrent Mark 27.072ms
[2026-04-03T01:56:38.525+0600][20.744s][info][gc,phases   ] GC(43) Pause Mark End 0.022ms
[2026-04-03T01:56:38.525+0600][20.744s][info][gc,phases   ] GC(43) Concurrent Mark Free 0.001ms
[2026-04-03T01:56:38.540+0600][20.759s][info][gc,phases   ] GC(43) Concurrent Process Non-Strong References 15.064ms
[2026-04-03T01:56:38.540+0600][20.759s][info][gc,phases   ] GC(43) Concurrent Reset Relocation Set 0.004ms
[2026-04-03T01:56:38.544+0600][20.762s][info][gc,phases   ] GC(43) Concurrent Select Relocation Set 3.331ms
[2026-04-03T01:56:38.544+0600][20.763s][info][gc,phases   ] GC(43) Pause Relocate Start 0.013ms
[2026-04-03T01:56:38.549+0600][20.768s][info][gc,phases   ] GC(43) Concurrent Relocate 5.214ms
[2026-04-03T01:56:38.549+0600][20.768s][info][gc,load     ] GC(43) Load: 3.53/6.26/6.95
[2026-04-03T01:56:38.549+0600][20.768s][info][gc,mmu      ] GC(43) MMU: 2ms/94.4%, 5ms/97.8%, 10ms/98.9%, 20ms/99.4%, 50ms/99.8%, 100ms/99.8%
[2026-04-03T01:56:38.549+0600][20.768s][info][gc,marking  ] GC(43) Mark: 2 stripe(s), 3 proactive flush(es), 1 terminate flush(es), 0 completion(s), 0 continuation(s) 
[2026-04-03T01:56:38.549+0600][20.768s][info][gc,marking  ] GC(43) Mark Stack Usage: 32M
[2026-04-03T01:56:38.549+0600][20.768s][info][gc,nmethod  ] GC(43) NMethods: 5344 registered, 119 unregistered
[2026-04-03T01:56:38.549+0600][20.768s][info][gc,metaspace] GC(43) Metaspace: 65M used, 66M committed, 1088M reserved
[2026-04-03T01:56:38.549+0600][20.768s][info][gc,ref      ] GC(43) Soft: 3063 encountered, 0 discovered, 0 enqueued
[2026-04-03T01:56:38.549+0600][20.768s][info][gc,ref      ] GC(43) Weak: 5735 encountered, 838 discovered, 296 enqueued
[2026-04-03T01:56:38.549+0600][20.768s][info][gc,ref      ] GC(43) Final: 82 encountered, 1 discovered, 0 enqueued
[2026-04-03T01:56:38.550+0600][20.768s][info][gc,ref      ] GC(43) Phantom: 590 encountered, 406 discovered, 0 enqueued
[2026-04-03T01:56:38.550+0600][20.768s][info][gc,reloc    ] GC(43) Small Pages: 115 / 230M, Empty: 106M, Relocated: 8M, In-Place: 0
[2026-04-03T01:56:38.550+0600][20.768s][info][gc,reloc    ] GC(43) Medium Pages: 2 / 32M, Empty: 16M, Relocated: 0M, In-Place: 0
[2026-04-03T01:56:38.550+0600][20.768s][info][gc,reloc    ] GC(43) Large Pages: 3 / 16M, Empty: 12M, Relocated: 0M, In-Place: 0
[2026-04-03T01:56:38.550+0600][20.768s][info][gc,reloc    ] GC(43) Forwarding Usage: 2M
[2026-04-03T01:56:38.550+0600][20.768s][info][gc,heap     ] GC(43) Min Capacity: 8M(1%)
[2026-04-03T01:56:38.550+0600][20.768s][info][gc,heap     ] GC(43) Max Capacity: 750M(100%)
[2026-04-03T01:56:38.550+0600][20.768s][info][gc,heap     ] GC(43) Soft Max Capacity: 750M(100%)
[2026-04-03T01:56:38.550+0600][20.768s][info][gc,heap     ] GC(43)                Mark Start          Mark End        Relocate Start      Relocate End           High               Low         
[2026-04-03T01:56:38.550+0600][20.768s][info][gc,heap     ] GC(43)  Capacity:      750M (100%)        750M (100%)        750M (100%)        750M (100%)        750M (100%)        750M (100%)   
[2026-04-03T01:56:38.550+0600][20.768s][info][gc,heap     ] GC(43)      Free:      472M (63%)         468M (62%)         602M (80%)         692M (92%)         692M (92%)         468M (62%)    
[2026-04-03T01:56:38.550+0600][20.768s][info][gc,heap     ] GC(43)      Used:      278M (37%)         282M (38%)         148M (20%)          58M (8%)          282M (38%)          58M (8%)     
[2026-04-03T01:56:38.550+0600][20.768s][info][gc,heap     ] GC(43)      Live:         -                35M (5%)           35M (5%)           35M (5%)             -                  -          
[2026-04-03T01:56:38.550+0600][20.768s][info][gc,heap     ] GC(43) Allocated:         -                 4M (1%)            4M (1%)            3M (1%)             -                  -          
[2026-04-03T01:56:38.550+0600][20.768s][info][gc,heap     ] GC(43)   Garbage:         -               242M (32%)         108M (14%)          18M (2%)             -                  -          
[2026-04-03T01:56:38.550+0600][20.768s][info][gc,heap     ] GC(43) Reclaimed:         -                  -               134M (18%)         223M (30%)            -                  -          
[2026-04-03T01:56:38.550+0600][20.768s][info][gc          ] GC(43) Garbage Collection (Allocation Rate) 278M(37%)->58M(8%)
[2026-04-03T01:56:38.596+0600][20.815s][info][gc,start    ] GC(44) Garbage Collection (Allocation Rate)
[2026-04-03T01:56:38.597+0600][20.815s][info][gc,task     ] GC(44) Using 3 workers
[2026-04-03T01:56:38.597+0600][20.816s][info][gc,phases   ] GC(44) Pause Mark Start 0.007ms
[2026-04-03T01:56:38.619+0600][20.838s][info][gc,phases   ] GC(44) Concurrent Mark 22.351ms
[2026-04-03T01:56:38.619+0600][20.838s][info][gc,phases   ] GC(44) Pause Mark End 0.021ms
[2026-04-03T01:56:38.619+0600][20.838s][info][gc,phases   ] GC(44) Concurrent Mark Free 0.001ms
[2026-04-03T01:56:38.625+0600][20.844s][info][gc,phases   ] GC(44) Concurrent Process Non-Strong References 5.839ms
[2026-04-03T01:56:38.625+0600][20.844s][info][gc,phases   ] GC(44) Concurrent Reset Relocation Set 0.012ms
[2026-04-03T01:56:38.629+0600][20.848s][info][gc,phases   ] GC(44) Concurrent Select Relocation Set 3.413ms
[2026-04-03T01:56:38.629+0600][20.848s][info][gc,phases   ] GC(44) Pause Relocate Start 0.012ms
[2026-04-03T01:56:38.630+0600][20.849s][info][gc,phases   ] GC(44) Concurrent Relocate 1.336ms
[2026-04-03T01:56:38.630+0600][20.849s][info][gc,load     ] GC(44) Load: 3.53/6.26/6.95
[2026-04-03T01:56:38.631+0600][20.849s][info][gc,mmu      ] GC(44) MMU: 2ms/94.4%, 5ms/97.8%, 10ms/98.9%, 20ms/99.4%, 50ms/99.8%, 100ms/99.8%
[2026-04-03T01:56:38.631+0600][20.849s][info][gc,marking  ] GC(44) Mark: 2 stripe(s), 2 proactive flush(es), 1 terminate flush(es), 0 completion(s), 0 continuation(s) 
[2026-04-03T01:56:38.631+0600][20.849s][info][gc,marking  ] GC(44) Mark Stack Usage: 32M
[2026-04-03T01:56:38.631+0600][20.849s][info][gc,nmethod  ] GC(44) NMethods: 5341 registered, 125 unregistered
[2026-04-03T01:56:38.631+0600][20.849s][info][gc,metaspace] GC(44) Metaspace: 65M used, 66M committed, 1088M reserved
[2026-04-03T01:56:38.631+0600][20.849s][info][gc,ref      ] GC(44) Soft: 3063 encountered, 0 discovered, 0 enqueued
[2026-04-03T01:56:38.631+0600][20.849s][info][gc,ref      ] GC(44) Weak: 5439 encountered, 4054 discovered, 0 enqueued
[2026-04-03T01:56:38.631+0600][20.849s][info][gc,ref      ] GC(44) Final: 82 encountered, 0 discovered, 0 enqueued
[2026-04-03T01:56:38.631+0600][20.849s][info][gc,ref      ] GC(44) Phantom: 590 encountered, 393 discovered, 0 enqueued
[2026-04-03T01:56:38.631+0600][20.849s][info][gc,reloc    ] GC(44) Small Pages: 20 / 40M, Empty: 2M, Relocated: 1M, In-Place: 0
[2026-04-03T01:56:38.631+0600][20.849s][info][gc,reloc    ] GC(44) Medium Pages: 1 / 16M, Empty: 0M, Relocated: 0M, In-Place: 0
[2026-04-03T01:56:38.631+0600][20.849s][info][gc,reloc    ] GC(44) Large Pages: 1 / 4M, Empty: 0M, Relocated: 0M, In-Place: 0
[2026-04-03T01:56:38.631+0600][20.849s][info][gc,reloc    ] GC(44) Forwarding Usage: 0M
[2026-04-03T01:56:38.631+0600][20.849s][info][gc,heap     ] GC(44) Min Capacity: 8M(1%)
[2026-04-03T01:56:38.631+0600][20.849s][info][gc,heap     ] GC(44) Max Capacity: 750M(100%)
[2026-04-03T01:56:38.631+0600][20.849s][info][gc,heap     ] GC(44) Soft Max Capacity: 750M(100%)
[2026-04-03T01:56:38.631+0600][20.849s][info][gc,heap     ] GC(44)                Mark Start          Mark End        Relocate Start      Relocate End           High               Low         
[2026-04-03T01:56:38.631+0600][20.849s][info][gc,heap     ] GC(44)  Capacity:      750M (100%)        750M (100%)        750M (100%)        750M (100%)        750M (100%)        750M (100%)   
[2026-04-03T01:56:38.631+0600][20.849s][info][gc,heap     ] GC(44)      Free:      690M (92%)         686M (91%)         688M (92%)         692M (92%)         692M (92%)         684M (91%)    
[2026-04-03T01:56:38.631+0600][20.850s][info][gc,heap     ] GC(44)      Used:       60M (8%)           64M (9%)           62M (8%)           58M (8%)           66M (9%)           58M (8%)     
[2026-04-03T01:56:38.631+0600][20.850s][info][gc,heap     ] GC(44)      Live:         -                35M (5%)           35M (5%)           35M (5%)             -                  -          
[2026-04-03T01:56:38.631+0600][20.850s][info][gc,heap     ] GC(44) Allocated:         -                 4M (1%)            4M (1%)            3M (1%)             -                  -          
[2026-04-03T01:56:38.631+0600][20.850s][info][gc,heap     ] GC(44)   Garbage:         -                24M (3%)           22M (3%)           18M (2%)             -                  -          
[2026-04-03T01:56:38.631+0600][20.850s][info][gc,heap     ] GC(44) Reclaimed:         -                  -                 2M (0%)            5M (1%)             -                  -          
[2026-04-03T01:56:38.631+0600][20.850s][info][gc          ] GC(44) Garbage Collection (Allocation Rate) 60M(8%)->58M(8%)
[2026-04-03T01:56:38.897+0600][21.116s][info][gc,start    ] GC(45) Garbage Collection (Allocation Rate)
[2026-04-03T01:56:38.897+0600][21.116s][info][gc,task     ] GC(45) Using 3 workers
[2026-04-03T01:56:38.897+0600][21.116s][info][gc,phases   ] GC(45) Pause Mark Start 0.010ms
[2026-04-03T01:56:38.922+0600][21.141s][info][gc,phases   ] GC(45) Concurrent Mark 24.615ms
[2026-04-03T01:56:38.922+0600][21.141s][info][gc,phases   ] GC(45) Pause Mark End 0.020ms
[2026-04-03T01:56:38.922+0600][21.141s][info][gc,phases   ] GC(45) Concurrent Mark Free 0.001ms
[2026-04-03T01:56:38.928+0600][21.146s][info][gc,phases   ] GC(45) Concurrent Process Non-Strong References 5.222ms
[2026-04-03T01:56:38.928+0600][21.147s][info][gc,phases   ] GC(45) Concurrent Reset Relocation Set 0.003ms
[2026-04-03T01:56:38.931+0600][21.150s][info][gc,phases   ] GC(45) Concurrent Select Relocation Set 3.472ms
[2026-04-03T01:56:38.932+0600][21.150s][info][gc,phases   ] GC(45) Pause Relocate Start 0.011ms
[2026-04-03T01:56:38.933+0600][21.152s][info][gc,phases   ] GC(45) Concurrent Relocate 1.329ms
[2026-04-03T01:56:38.933+0600][21.152s][info][gc,load     ] GC(45) Load: 3.53/6.26/6.95
[2026-04-03T01:56:38.933+0600][21.152s][info][gc,mmu      ] GC(45) MMU: 2ms/94.4%, 5ms/97.8%, 10ms/98.9%, 20ms/99.4%, 50ms/99.8%, 100ms/99.8%
[2026-04-03T01:56:38.933+0600][21.152s][info][gc,marking  ] GC(45) Mark: 2 stripe(s), 2 proactive flush(es), 1 terminate flush(es), 0 completion(s), 0 continuation(s) 
[2026-04-03T01:56:38.933+0600][21.152s][info][gc,marking  ] GC(45) Mark Stack Usage: 32M
[2026-04-03T01:56:38.933+0600][21.152s][info][gc,nmethod  ] GC(45) NMethods: 5353 registered, 125 unregistered
[2026-04-03T01:56:38.933+0600][21.152s][info][gc,metaspace] GC(45) Metaspace: 65M used, 66M committed, 1088M reserved
[2026-04-03T01:56:38.933+0600][21.152s][info][gc,ref      ] GC(45) Soft: 3064 encountered, 0 discovered, 0 enqueued
[2026-04-03T01:56:38.933+0600][21.152s][info][gc,ref      ] GC(45) Weak: 5440 encountered, 197 discovered, 0 enqueued
[2026-04-03T01:56:38.933+0600][21.152s][info][gc,ref      ] GC(45) Final: 82 encountered, 1 discovered, 0 enqueued
[2026-04-03T01:56:38.933+0600][21.152s][info][gc,ref      ] GC(45) Phantom: 590 encountered, 270 discovered, 0 enqueued
[2026-04-03T01:56:38.933+0600][21.152s][info][gc,reloc    ] GC(45) Small Pages: 20 / 40M, Empty: 2M, Relocated: 2M, In-Place: 0
[2026-04-03T01:56:38.933+0600][21.152s][info][gc,reloc    ] GC(45) Medium Pages: 2 / 32M, Empty: 16M, Relocated: 0M, In-Place: 0
[2026-04-03T01:56:38.933+0600][21.152s][info][gc,reloc    ] GC(45) Large Pages: 1 / 4M, Empty: 0M, Relocated: 0M, In-Place: 0
[2026-04-03T01:56:38.933+0600][21.152s][info][gc,reloc    ] GC(45) Forwarding Usage: 1M
[2026-04-03T01:56:38.933+0600][21.152s][info][gc,heap     ] GC(45) Min Capacity: 8M(1%)
[2026-04-03T01:56:38.933+0600][21.152s][info][gc,heap     ] GC(45) Max Capacity: 750M(100%)
[2026-04-03T01:56:38.933+0600][21.152s][info][gc,heap     ] GC(45) Soft Max Capacity: 750M(100%)
[2026-04-03T01:56:38.933+0600][21.152s][info][gc,heap     ] GC(45)                Mark Start          Mark End        Relocate Start      Relocate End           High               Low         
[2026-04-03T01:56:38.933+0600][21.152s][info][gc,heap     ] GC(45)  Capacity:      750M (100%)        750M (100%)        750M (100%)        750M (100%)        750M (100%)        750M (100%)   
[2026-04-03T01:56:38.933+0600][21.152s][info][gc,heap     ] GC(45)      Free:      674M (90%)         670M (89%)         688M (92%)         692M (92%)         692M (92%)         670M (89%)    
[2026-04-03T01:56:38.933+0600][21.152s][info][gc,heap     ] GC(45)      Used:       76M (10%)          80M (11%)          62M (8%)           58M (8%)           80M (11%)          58M (8%)     
[2026-04-03T01:56:38.933+0600][21.152s][info][gc,heap     ] GC(45)      Live:         -                35M (5%)           35M (5%)           35M (5%)             -                  -          
[2026-04-03T01:56:38.933+0600][21.152s][info][gc,heap     ] GC(45) Allocated:         -                 4M (1%)            4M (1%)            3M (1%)             -                  -          
[2026-04-03T01:56:38.933+0600][21.152s][info][gc,heap     ] GC(45)   Garbage:         -                40M (5%)           22M (3%)           18M (2%)             -                  -          
[2026-04-03T01:56:38.933+0600][21.152s][info][gc,heap     ] GC(45) Reclaimed:         -                  -                18M (2%)           21M (3%)             -                  -          
[2026-04-03T01:56:38.933+0600][21.152s][info][gc          ] GC(45) Garbage Collection (Allocation Rate) 76M(10%)->58M(8%)
[2026-04-03T01:56:39.078+0600][21.296s][info][gc,heap,exit] Heap
[2026-04-03T01:56:39.078+0600][21.296s][info][gc,heap,exit]  ZHeap           used 76M, capacity 750M, max capacity 750M
[2026-04-03T01:56:39.078+0600][21.296s][info][gc,heap,exit]  Metaspace       used 66830K, committed 67648K, reserved 1114112K
[2026-04-03T01:56:39.078+0600][21.296s][info][gc,heap,exit]   class space    used 8477K, committed 8832K, reserved 1048576K
