[2026-04-03T01:58:46.858+0600][0.005s][info][gc,init] Initializing The Z Garbage Collector
[2026-04-03T01:58:46.858+0600][0.005s][info][gc,init] Version: 21.0.10+7-Ubuntu-124.04 (release)
[2026-04-03T01:58:46.858+0600][0.005s][info][gc,init] NUMA Support: Disabled
[2026-04-03T01:58:46.858+0600][0.005s][info][gc,init] CPUs: 12 total, 12 available
[2026-04-03T01:58:46.858+0600][0.005s][info][gc,init] Memory: 15683M
[2026-04-03T01:58:46.858+0600][0.005s][info][gc,init] Large Page Support: Disabled
[2026-04-03T01:58:46.858+0600][0.005s][info][gc,init] Address Space Type: Contiguous/Unrestricted/Complete
[2026-04-03T01:58:46.858+0600][0.005s][info][gc,init] Address Space Size: 20000M
[2026-04-03T01:58:46.858+0600][0.005s][info][gc,init] Heap Backing File: /memfd:java_heap
[2026-04-03T01:58:46.858+0600][0.005s][info][gc,init] Heap Backing Filesystem: tmpfs (0x1021994)
[2026-04-03T01:58:46.858+0600][0.006s][info][gc,init] Min Capacity: 8M
[2026-04-03T01:58:46.858+0600][0.006s][info][gc,init] Initial Capacity: 246M
[2026-04-03T01:58:46.858+0600][0.006s][info][gc,init] Max Capacity: 1250M
[2026-04-03T01:58:46.858+0600][0.006s][info][gc,init] Soft Max Capacity: 1250M
[2026-04-03T01:58:46.858+0600][0.006s][info][gc,init] Medium Page Size: 32M
[2026-04-03T01:58:46.858+0600][0.006s][info][gc,init] Pre-touch: Disabled
[2026-04-03T01:58:46.858+0600][0.006s][info][gc,init] Available space on backing filesystem: N/A
[2026-04-03T01:58:46.859+0600][0.007s][info][gc,init] Uncommit: Enabled
[2026-04-03T01:58:46.859+0600][0.007s][info][gc,init] Uncommit Delay: 300s
[2026-04-03T01:58:46.859+0600][0.007s][info][gc,init] GC Workers for Old Generation: 3 (dynamic)
[2026-04-03T01:58:46.860+0600][0.007s][info][gc,init] GC Workers for Young Generation: 3 (dynamic)
[2026-04-03T01:58:46.950+0600][0.097s][info][gc,init] GC Workers Max: 3 (dynamic)
[2026-04-03T01:58:46.950+0600][0.098s][info][gc,init] Runtime Workers: 8
[2026-04-03T01:58:46.952+0600][0.099s][info][gc     ] Using The Z Garbage Collector
[2026-04-03T01:58:46.961+0600][0.109s][info][gc,metaspace] CDS archive(s) mapped at: [0x00007305a7000000-0x00007305a7c9c000-0x00007305a7c9c000), size 13221888, SharedBaseAddress: 0x00007305a7000000, ArchiveRelocationMode: 1.
[2026-04-03T01:58:46.962+0600][0.109s][info][gc,metaspace] Compressed class space mapped at: 0x00007305a8000000-0x00007305e8000000, reserved size: 1073741824
[2026-04-03T01:58:46.962+0600][0.109s][info][gc,metaspace] Narrow klass base: 0x00007305a7000000, Narrow klass shift: 0, Narrow klass range: 0x100000000
[2026-04-03T01:58:47.531+0600][0.678s][info][gc          ] GC(0) Major Collection (Warmup)
[2026-04-03T01:58:47.531+0600][0.678s][info][gc,task     ] GC(0) Using 3 Workers for Young Generation
[2026-04-03T01:58:47.531+0600][0.678s][info][gc,task     ] GC(0) Using 2 Workers for Old Generation
[2026-04-03T01:58:47.531+0600][0.678s][info][gc,phases   ] GC(0) Y: Young Generation
[2026-04-03T01:58:47.531+0600][0.679s][info][gc,phases   ] GC(0) Y: Pause Mark Start (Major) 0.020ms
[2026-04-03T01:58:47.537+0600][0.685s][info][gc,phases   ] GC(0) Y: Concurrent Mark 5.565ms
[2026-04-03T01:58:47.537+0600][0.685s][info][gc,phases   ] GC(0) Y: Pause Mark End 0.017ms
[2026-04-03T01:58:47.537+0600][0.685s][info][gc,phases   ] GC(0) Y: Concurrent Mark Free 0.001ms
[2026-04-03T01:58:47.537+0600][0.685s][info][gc,phases   ] GC(0) Y: Concurrent Reset Relocation Set 0.001ms
[2026-04-03T01:58:47.546+0600][0.694s][info][gc,reloc    ] GC(0) Y: Using tenuring threshold: 1 (Computed)
[2026-04-03T01:58:47.548+0600][0.695s][info][gc,phases   ] GC(0) Y: Concurrent Select Relocation Set 10.176ms
[2026-04-03T01:58:47.548+0600][0.695s][info][gc,phases   ] GC(0) Y: Pause Relocate Start 0.015ms
[2026-04-03T01:58:47.551+0600][0.698s][info][gc,phases   ] GC(0) Y: Concurrent Relocate 2.509ms
[2026-04-03T01:58:47.551+0600][0.698s][info][gc,alloc    ] GC(0) Y:                         Mark Start        Mark End      Relocate Start    Relocate End   
[2026-04-03T01:58:47.551+0600][0.698s][info][gc,alloc    ] GC(0) Y: Allocation Stalls:          0                0                0                0         
[2026-04-03T01:58:47.551+0600][0.698s][info][gc,load     ] GC(0) Y: Load: 2.40 (20%) / 4.85 (40%) / 6.33 (53%)
[2026-04-03T01:58:47.551+0600][0.698s][info][gc,mmu      ] GC(0) Y: MMU: 2ms/99.0%, 5ms/99.6%, 10ms/99.6%, 20ms/99.7%, 50ms/99.9%, 100ms/99.9%
[2026-04-03T01:58:47.551+0600][0.698s][info][gc,marking  ] GC(0) Y: Mark: 2 stripe(s), 2 proactive flush(es), 1 terminate flush(es), 0 completion(s), 0 continuation(s) 
[2026-04-03T01:58:47.551+0600][0.698s][info][gc,marking  ] GC(0) Y: Mark Stack Usage: 32M
[2026-04-03T01:58:47.551+0600][0.698s][info][gc,nmethod  ] GC(0) Y: NMethods: 770 registered, 0 unregistered
[2026-04-03T01:58:47.551+0600][0.698s][info][gc,metaspace] GC(0) Y: Metaspace: 4M used, 4M committed, 1088M reserved
[2026-04-03T01:58:47.551+0600][0.698s][info][gc,reloc    ] GC(0) Y:                        Candidates     Selected     In-Place         Size        Empty    Relocated 
[2026-04-03T01:58:47.551+0600][0.698s][info][gc,reloc    ] GC(0) Y: Small Pages:                   64           61            0         128M           0M           1M 
[2026-04-03T01:58:47.551+0600][0.698s][info][gc,reloc    ] GC(0) Y: Medium Pages:                   0            0            0           0M           0M           0M 
[2026-04-03T01:58:47.551+0600][0.698s][info][gc,reloc    ] GC(0) Y: Large Pages:                    0            0            0           0M           0M           0M 
[2026-04-03T01:58:47.551+0600][0.698s][info][gc,reloc    ] GC(0) Y: Forwarding Usage: 0M
[2026-04-03T01:58:47.551+0600][0.698s][info][gc,reloc    ] GC(0) Y: Age Table:
[2026-04-03T01:58:47.551+0600][0.698s][info][gc,reloc    ] GC(0) Y:                    Live             Garbage             Small              Medium             Large        
[2026-04-03T01:58:47.551+0600][0.698s][info][gc,reloc    ] GC(0) Y: Eden               3M (0%)          124M (10%)         64 / 61             0 / 0              0 / 0        
[2026-04-03T01:58:47.551+0600][0.698s][info][gc,heap     ] GC(0) Y: Min Capacity: 8M(1%)
[2026-04-03T01:58:47.551+0600][0.698s][info][gc,heap     ] GC(0) Y: Max Capacity: 1250M(100%)
[2026-04-03T01:58:47.551+0600][0.698s][info][gc,heap     ] GC(0) Y: Soft Max Capacity: 1250M(100%)
[2026-04-03T01:58:47.551+0600][0.698s][info][gc,heap     ] GC(0) Y: Heap Statistics:
[2026-04-03T01:58:47.551+0600][0.698s][info][gc,heap     ] GC(0) Y:                Mark Start          Mark End        Relocate Start      Relocate End           High               Low         
[2026-04-03T01:58:47.551+0600][0.698s][info][gc,heap     ] GC(0) Y:  Capacity:      246M (20%)         246M (20%)         246M (20%)         246M (20%)         246M (20%)         246M (20%)    
[2026-04-03T01:58:47.551+0600][0.698s][info][gc,heap     ] GC(0) Y:      Free:     1122M (90%)        1120M (90%)        1116M (89%)        1230M (98%)        1230M (98%)        1106M (88%)    
[2026-04-03T01:58:47.551+0600][0.698s][info][gc,heap     ] GC(0) Y:      Used:      128M (10%)         130M (10%)         134M (11%)          20M (2%)          144M (12%)          20M (2%)     
[2026-04-03T01:58:47.551+0600][0.698s][info][gc,heap     ] GC(0) Y: Young Generation Statistics:
[2026-04-03T01:58:47.551+0600][0.698s][info][gc,heap     ] GC(0) Y:                Mark Start          Mark End        Relocate Start      Relocate End    
[2026-04-03T01:58:47.551+0600][0.698s][info][gc,heap     ] GC(0) Y:      Used:      128M (10%)         130M (10%)         134M (11%)          20M (2%)     
[2026-04-03T01:58:47.551+0600][0.698s][info][gc,heap     ] GC(0) Y:      Live:         -                 3M (0%)            3M (0%)            3M (0%)     
[2026-04-03T01:58:47.551+0600][0.698s][info][gc,heap     ] GC(0) Y:   Garbage:         -               124M (10%)         124M (10%)           1M (0%)     
[2026-04-03T01:58:47.551+0600][0.698s][info][gc,heap     ] GC(0) Y: Allocated:         -                 2M (0%)            6M (0%)           14M (1%)     
[2026-04-03T01:58:47.551+0600][0.698s][info][gc,heap     ] GC(0) Y: Reclaimed:         -                  -                 0M (0%)          122M (10%)    
[2026-04-03T01:58:47.551+0600][0.698s][info][gc,heap     ] GC(0) Y:  Promoted:         -                  -                 0M (0%)            0M (0%)     
[2026-04-03T01:58:47.551+0600][0.698s][info][gc,heap     ] GC(0) Y: Compacted:         -                  -                  -                 1M (0%)     
[2026-04-03T01:58:47.551+0600][0.698s][info][gc,phases   ] GC(0) Y: Young Generation 128M(10%)->20M(2%) 0.020s
[2026-04-03T01:58:47.551+0600][0.698s][info][gc,phases   ] GC(0) O: Old Generation
[2026-04-03T01:58:47.552+0600][0.699s][info][gc,phases   ] GC(0) O: Concurrent Mark 0.683ms
[2026-04-03T01:58:47.552+0600][0.699s][info][gc,phases   ] GC(0) O: Pause Mark End 0.018ms
[2026-04-03T01:58:47.552+0600][0.700s][info][gc,phases   ] GC(0) O: Concurrent Mark Free 0.036ms
[2026-04-03T01:58:47.554+0600][0.702s][info][gc,phases   ] GC(0) O: Concurrent Process Non-Strong 1.748ms
[2026-04-03T01:58:47.554+0600][0.702s][info][gc,phases   ] GC(0) O: Concurrent Reset Relocation Set 0.001ms
[2026-04-03T01:58:47.555+0600][0.703s][info][gc,phases   ] GC(0) O: Concurrent Select Relocation Set 1.373ms
[2026-04-03T01:58:47.555+0600][0.703s][info][gc,task     ] GC(0) O: Using 3 Workers for Old Generation
[2026-04-03T01:58:47.572+0600][0.720s][info][gc,task     ] GC(0) O: Using 2 Workers for Old Generation
[2026-04-03T01:58:47.572+0600][0.720s][info][gc,phases   ] GC(0) O: Concurrent Remap Roots 16.825ms
[2026-04-03T01:58:47.573+0600][0.720s][info][gc,phases   ] GC(0) O: Pause Relocate Start 0.016ms
[2026-04-03T01:58:47.573+0600][0.720s][info][gc,phases   ] GC(0) O: Concurrent Relocate 0.077ms
[2026-04-03T01:58:47.573+0600][0.720s][info][gc,alloc    ] GC(0) O:                         Mark Start        Mark End      Relocate Start    Relocate End   
[2026-04-03T01:58:47.573+0600][0.720s][info][gc,alloc    ] GC(0) O: Allocation Stalls:          0                0                0                0         
[2026-04-03T01:58:47.573+0600][0.720s][info][gc,load     ] GC(0) O: Load: 2.40 (20%) / 4.85 (40%) / 6.33 (53%)
[2026-04-03T01:58:47.573+0600][0.720s][info][gc,mmu      ] GC(0) O: MMU: 2ms/99.0%, 5ms/99.3%, 10ms/99.6%, 20ms/99.7%, 50ms/99.8%, 100ms/99.9%
[2026-04-03T01:58:47.573+0600][0.720s][info][gc,marking  ] GC(0) O: Mark: 2 stripe(s), 1 proactive flush(es), 1 terminate flush(es), 0 completion(s), 0 continuation(s) 
[2026-04-03T01:58:47.573+0600][0.720s][info][gc,marking  ] GC(0) O: Mark Stack Usage: 0M
[2026-04-03T01:58:47.573+0600][0.720s][info][gc,nmethod  ] GC(0) O: NMethods: 713 registered, 77 unregistered
[2026-04-03T01:58:47.573+0600][0.720s][info][gc,metaspace] GC(0) O: Metaspace: 4M used, 5M committed, 1088M reserved
[2026-04-03T01:58:47.573+0600][0.720s][info][gc,ref      ] GC(0) O:                       Encountered   Discovered     Enqueued 
[2026-04-03T01:58:47.573+0600][0.720s][info][gc,ref      ] GC(0) O: Soft References:              138            0            0 
[2026-04-03T01:58:47.573+0600][0.720s][info][gc,ref      ] GC(0) O: Weak References:              412            0            0 
[2026-04-03T01:58:47.573+0600][0.720s][info][gc,ref      ] GC(0) O: Final References:               0            0            0 
[2026-04-03T01:58:47.573+0600][0.720s][info][gc,ref      ] GC(0) O: Phantom References:            25            0            0 
[2026-04-03T01:58:47.573+0600][0.720s][info][gc,heap     ] GC(0) O: Min Capacity: 8M(1%)
[2026-04-03T01:58:47.573+0600][0.720s][info][gc,heap     ] GC(0) O: Max Capacity: 1250M(100%)
[2026-04-03T01:58:47.573+0600][0.720s][info][gc,heap     ] GC(0) O: Soft Max Capacity: 1250M(100%)
[2026-04-03T01:58:47.573+0600][0.720s][info][gc,heap     ] GC(0) O: Heap Statistics:
[2026-04-03T01:58:47.573+0600][0.720s][info][gc,heap     ] GC(0) O:                Mark Start          Mark End        Relocate Start      Relocate End           High               Low         
[2026-04-03T01:58:47.573+0600][0.720s][info][gc,heap     ] GC(0) O:  Capacity:      246M (20%)         246M (20%)         246M (20%)         246M (20%)         246M (20%)         246M (20%)    
[2026-04-03T01:58:47.573+0600][0.720s][info][gc,heap     ] GC(0) O:      Free:     1122M (90%)        1228M (98%)        1216M (97%)        1216M (97%)        1230M (98%)        1106M (88%)    
[2026-04-03T01:58:47.573+0600][0.720s][info][gc,heap     ] GC(0) O:      Used:      128M (10%)          22M (2%)           34M (3%)           34M (3%)          144M (12%)          20M (2%)     
[2026-04-03T01:58:47.573+0600][0.720s][info][gc,heap     ] GC(0) O: Old Generation Statistics:
[2026-04-03T01:58:47.573+0600][0.720s][info][gc,heap     ] GC(0) O:                Mark Start          Mark End        Relocate Start      Relocate End    
[2026-04-03T01:58:47.573+0600][0.720s][info][gc,heap     ] GC(0) O:      Used:        0M (0%)            0M (0%)            0M (0%)            0M (0%)     
[2026-04-03T01:58:47.573+0600][0.720s][info][gc,heap     ] GC(0) O:      Live:         -                 0M (0%)            0M (0%)            0M (0%)     
[2026-04-03T01:58:47.573+0600][0.720s][info][gc,heap     ] GC(0) O:   Garbage:         -                 0M (0%)            0M (0%)            0M (0%)     
[2026-04-03T01:58:47.573+0600][0.720s][info][gc,heap     ] GC(0) O: Allocated:         -                 0M (0%)            0M (0%)            0M (0%)     
[2026-04-03T01:58:47.573+0600][0.720s][info][gc,heap     ] GC(0) O: Reclaimed:         -                  -                 0M (0%)            0M (0%)     
[2026-04-03T01:58:47.573+0600][0.720s][info][gc,heap     ] GC(0) O: Compacted:         -                  -                  -                 0M (0%)     
[2026-04-03T01:58:47.573+0600][0.720s][info][gc,phases   ] GC(0) O: Old Generation 20M(2%)->34M(3%) 0.022s
[2026-04-03T01:58:47.573+0600][0.720s][info][gc          ] GC(0) Major Collection (Warmup) 128M(10%)->36M(3%) 0.042s
[2026-04-03T01:58:48.149+0600][1.297s][info][gc          ] GC(1) Major Collection (Warmup)
[2026-04-03T01:58:48.149+0600][1.297s][info][gc,task     ] GC(1) Using 3 Workers for Young Generation
[2026-04-03T01:58:48.149+0600][1.297s][info][gc,task     ] GC(1) Using 1 Workers for Old Generation
[2026-04-03T01:58:48.149+0600][1.297s][info][gc,phases   ] GC(1) Y: Young Generation
[2026-04-03T01:58:48.149+0600][1.297s][info][gc,phases   ] GC(1) Y: Pause Mark Start (Major) 0.021ms
[2026-04-03T01:58:48.159+0600][1.307s][info][gc,phases   ] GC(1) Y: Concurrent Mark 9.627ms
[2026-04-03T01:58:48.159+0600][1.307s][info][gc,phases   ] GC(1) Y: Pause Mark End 0.022ms
[2026-04-03T01:58:48.159+0600][1.307s][info][gc,phases   ] GC(1) Y: Concurrent Mark Free 0.001ms
[2026-04-03T01:58:48.159+0600][1.307s][info][gc,phases   ] GC(1) Y: Concurrent Reset Relocation Set 0.014ms
[2026-04-03T01:58:48.164+0600][1.312s][info][gc,reloc    ] GC(1) Y: Using tenuring threshold: 2 (Computed)
[2026-04-03T01:58:48.166+0600][1.313s][info][gc,phases   ] GC(1) Y: Concurrent Select Relocation Set 6.132ms
[2026-04-03T01:58:48.166+0600][1.314s][info][gc,phases   ] GC(1) Y: Pause Relocate Start 0.017ms
[2026-04-03T01:58:48.172+0600][1.319s][info][gc,phases   ] GC(1) Y: Concurrent Relocate 5.292ms
[2026-04-03T01:58:48.172+0600][1.319s][info][gc,alloc    ] GC(1) Y:                         Mark Start        Mark End      Relocate Start    Relocate End   
[2026-04-03T01:58:48.172+0600][1.319s][info][gc,alloc    ] GC(1) Y: Allocation Stalls:          0                0                0                0         
[2026-04-03T01:58:48.172+0600][1.319s][info][gc,load     ] GC(1) Y: Load: 2.40 (20%) / 4.85 (40%) / 6.33 (53%)
[2026-04-03T01:58:48.172+0600][1.319s][info][gc,mmu      ] GC(1) Y: MMU: 2ms/98.9%, 5ms/99.3%, 10ms/99.6%, 20ms/99.7%, 50ms/99.8%, 100ms/99.9%
[2026-04-03T01:58:48.172+0600][1.319s][info][gc,marking  ] GC(1) Y: Mark: 2 stripe(s), 2 proactive flush(es), 1 terminate flush(es), 0 completion(s), 0 continuation(s) 
[2026-04-03T01:58:48.172+0600][1.319s][info][gc,marking  ] GC(1) Y: Mark Stack Usage: 32M
[2026-04-03T01:58:48.172+0600][1.319s][info][gc,nmethod  ] GC(1) Y: NMethods: 1133 registered, 77 unregistered
[2026-04-03T01:58:48.172+0600][1.319s][info][gc,metaspace] GC(1) Y: Metaspace: 11M used, 11M committed, 1088M reserved
[2026-04-03T01:58:48.172+0600][1.319s][info][gc,reloc    ] GC(1) Y:                        Candidates     Selected     In-Place         Size        Empty    Relocated 
[2026-04-03T01:58:48.172+0600][1.319s][info][gc,reloc    ] GC(1) Y: Small Pages:                  126          123            0         252M           0M           2M 
[2026-04-03T01:58:48.172+0600][1.319s][info][gc,reloc    ] GC(1) Y: Medium Pages:                   0            0            0           0M           0M           0M 
[2026-04-03T01:58:48.172+0600][1.319s][info][gc,reloc    ] GC(1) Y: Large Pages:                    0            0            0           0M           0M           0M 
[2026-04-03T01:58:48.172+0600][1.319s][info][gc,reloc    ] GC(1) Y: Forwarding Usage: 1M
[2026-04-03T01:58:48.172+0600][1.319s][info][gc,reloc    ] GC(1) Y: Age Table:
[2026-04-03T01:58:48.172+0600][1.319s][info][gc,reloc    ] GC(1) Y:                    Live             Garbage             Small              Medium             Large        
[2026-04-03T01:58:48.172+0600][1.319s][info][gc,reloc    ] GC(1) Y: Eden               1M (0%)          238M (19%)        120 / 119            0 / 0              0 / 0        
[2026-04-03T01:58:48.172+0600][1.319s][info][gc,reloc    ] GC(1) Y: Survivor 1         3M (0%)            8M (1%)           6 / 4              0 / 0              0 / 0        
[2026-04-03T01:58:48.172+0600][1.319s][info][gc,heap     ] GC(1) Y: Min Capacity: 8M(1%)
[2026-04-03T01:58:48.172+0600][1.319s][info][gc,heap     ] GC(1) Y: Max Capacity: 1250M(100%)
[2026-04-03T01:58:48.172+0600][1.320s][info][gc,heap     ] GC(1) Y: Soft Max Capacity: 1250M(100%)
[2026-04-03T01:58:48.172+0600][1.320s][info][gc,heap     ] GC(1) Y: Heap Statistics:
[2026-04-03T01:58:48.172+0600][1.320s][info][gc,heap     ] GC(1) Y:                Mark Start          Mark End        Relocate Start      Relocate End           High               Low         
[2026-04-03T01:58:48.172+0600][1.320s][info][gc,heap     ] GC(1) Y:  Capacity:      252M (20%)         256M (20%)         258M (21%)         268M (21%)         268M (21%)         252M (20%)    
[2026-04-03T01:58:48.172+0600][1.320s][info][gc,heap     ] GC(1) Y:      Free:      998M (80%)         994M (80%)         992M (79%)        1226M (98%)        1226M (98%)         982M (79%)    
[2026-04-03T01:58:48.172+0600][1.320s][info][gc,heap     ] GC(1) Y:      Used:      252M (20%)         256M (20%)         258M (21%)          24M (2%)          268M (21%)          24M (2%)     
[2026-04-03T01:58:48.172+0600][1.320s][info][gc,heap     ] GC(1) Y: Young Generation Statistics:
[2026-04-03T01:58:48.172+0600][1.320s][info][gc,heap     ] GC(1) Y:                Mark Start          Mark End        Relocate Start      Relocate End    
[2026-04-03T01:58:48.172+0600][1.320s][info][gc,heap     ] GC(1) Y:      Used:      252M (20%)         256M (20%)         258M (21%)          24M (2%)     
[2026-04-03T01:58:48.172+0600][1.320s][info][gc,heap     ] GC(1) Y:      Live:         -                 4M (0%)            4M (0%)            4M (0%)     
[2026-04-03T01:58:48.172+0600][1.320s][info][gc,heap     ] GC(1) Y:   Garbage:         -               247M (20%)         247M (20%)           0M (0%)     
[2026-04-03T01:58:48.172+0600][1.320s][info][gc,heap     ] GC(1) Y: Allocated:         -                 4M (0%)            6M (0%)           18M (1%)     
[2026-04-03T01:58:48.172+0600][1.320s][info][gc,heap     ] GC(1) Y: Reclaimed:         -                  -                 0M (0%)          246M (20%)    
[2026-04-03T01:58:48.172+0600][1.320s][info][gc,heap     ] GC(1) Y:  Promoted:         -                  -                 0M (0%)            0M (0%)     
[2026-04-03T01:58:48.172+0600][1.320s][info][gc,heap     ] GC(1) Y: Compacted:         -                  -                  -                 3M (0%)     
[2026-04-03T01:58:48.172+0600][1.320s][info][gc,phases   ] GC(1) Y: Young Generation 252M(20%)->24M(2%) 0.023s
[2026-04-03T01:58:48.172+0600][1.320s][info][gc,phases   ] GC(1) O: Old Generation
[2026-04-03T01:58:48.173+0600][1.320s][info][gc,phases   ] GC(1) O: Concurrent Mark 0.623ms
[2026-04-03T01:58:48.173+0600][1.320s][info][gc,phases   ] GC(1) O: Pause Mark End 0.021ms
[2026-04-03T01:58:48.173+0600][1.320s][info][gc,phases   ] GC(1) O: Concurrent Mark Free 0.002ms
[2026-04-03T01:58:48.177+0600][1.325s][info][gc,phases   ] GC(1) O: Concurrent Process Non-Strong 3.981ms
[2026-04-03T01:58:48.177+0600][1.325s][info][gc,phases   ] GC(1) O: Concurrent Reset Relocation Set 0.001ms
[2026-04-03T01:58:48.179+0600][1.326s][info][gc,phases   ] GC(1) O: Concurrent Select Relocation Set 1.572ms
[2026-04-03T01:58:48.179+0600][1.326s][info][gc,task     ] GC(1) O: Using 3 Workers for Old Generation
[2026-04-03T01:58:48.194+0600][1.342s][info][gc,task     ] GC(1) O: Using 1 Workers for Old Generation
[2026-04-03T01:58:48.194+0600][1.342s][info][gc,phases   ] GC(1) O: Concurrent Remap Roots 15.549ms
[2026-04-03T01:58:48.195+0600][1.342s][info][gc,phases   ] GC(1) O: Pause Relocate Start 0.029ms
[2026-04-03T01:58:48.195+0600][1.343s][info][gc,phases   ] GC(1) O: Concurrent Relocate 0.286ms
[2026-04-03T01:58:48.195+0600][1.343s][info][gc,alloc    ] GC(1) O:                         Mark Start        Mark End      Relocate Start    Relocate End   
[2026-04-03T01:58:48.195+0600][1.343s][info][gc,alloc    ] GC(1) O: Allocation Stalls:          0                0                0                0         
[2026-04-03T01:58:48.195+0600][1.343s][info][gc,load     ] GC(1) O: Load: 2.40 (20%) / 4.85 (40%) / 6.33 (53%)
[2026-04-03T01:58:48.195+0600][1.343s][info][gc,mmu      ] GC(1) O: MMU: 2ms/98.5%, 5ms/99.3%, 10ms/99.6%, 20ms/99.7%, 50ms/99.8%, 100ms/99.9%
[2026-04-03T01:58:48.195+0600][1.343s][info][gc,marking  ] GC(1) O: Mark: 1 stripe(s), 1 proactive flush(es), 1 terminate flush(es), 0 completion(s), 0 continuation(s) 
[2026-04-03T01:58:48.195+0600][1.343s][info][gc,marking  ] GC(1) O: Mark Stack Usage: 0M
[2026-04-03T01:58:48.195+0600][1.343s][info][gc,nmethod  ] GC(1) O: NMethods: 1090 registered, 124 unregistered
[2026-04-03T01:58:48.195+0600][1.343s][info][gc,metaspace] GC(1) O: Metaspace: 11M used, 11M committed, 1088M reserved
[2026-04-03T01:58:48.195+0600][1.343s][info][gc,ref      ] GC(1) O:                       Encountered   Discovered     Enqueued 
[2026-04-03T01:58:48.195+0600][1.343s][info][gc,ref      ] GC(1) O: Soft References:              211            0            0 
[2026-04-03T01:58:48.195+0600][1.343s][info][gc,ref      ] GC(1) O: Weak References:              921            0            0 
[2026-04-03T01:58:48.196+0600][1.343s][info][gc,ref      ] GC(1) O: Final References:               0            0            0 
[2026-04-03T01:58:48.196+0600][1.343s][info][gc,ref      ] GC(1) O: Phantom References:            28            0            0 
[2026-04-03T01:58:48.196+0600][1.343s][info][gc,heap     ] GC(1) O: Min Capacity: 8M(1%)
[2026-04-03T01:58:48.196+0600][1.343s][info][gc,heap     ] GC(1) O: Max Capacity: 1250M(100%)
[2026-04-03T01:58:48.196+0600][1.343s][info][gc,heap     ] GC(1) O: Soft Max Capacity: 1250M(100%)
[2026-04-03T01:58:48.196+0600][1.343s][info][gc,heap     ] GC(1) O: Heap Statistics:
[2026-04-03T01:58:48.196+0600][1.343s][info][gc,heap     ] GC(1) O:                Mark Start          Mark End        Relocate Start      Relocate End           High               Low         
[2026-04-03T01:58:48.196+0600][1.343s][info][gc,heap     ] GC(1) O:  Capacity:      252M (20%)         268M (21%)         268M (21%)         268M (21%)         268M (21%)         252M (20%)    
[2026-04-03T01:58:48.196+0600][1.343s][info][gc,heap     ] GC(1) O:      Free:      998M (80%)        1226M (98%)        1218M (97%)        1218M (97%)        1226M (98%)         982M (79%)    
[2026-04-03T01:58:48.196+0600][1.343s][info][gc,heap     ] GC(1) O:      Used:      252M (20%)          24M (2%)           32M (3%)           32M (3%)          268M (21%)          24M (2%)     
[2026-04-03T01:58:48.196+0600][1.343s][info][gc,heap     ] GC(1) O: Old Generation Statistics:
[2026-04-03T01:58:48.196+0600][1.343s][info][gc,heap     ] GC(1) O:                Mark Start          Mark End        Relocate Start      Relocate End    
[2026-04-03T01:58:48.196+0600][1.343s][info][gc,heap     ] GC(1) O:      Used:        0M (0%)            0M (0%)            0M (0%)            0M (0%)     
[2026-04-03T01:58:48.196+0600][1.343s][info][gc,heap     ] GC(1) O:      Live:         -                 0M (0%)            0M (0%)            0M (0%)     
[2026-04-03T01:58:48.196+0600][1.343s][info][gc,heap     ] GC(1) O:   Garbage:         -                 0M (0%)            0M (0%)            0M (0%)     
[2026-04-03T01:58:48.196+0600][1.343s][info][gc,heap     ] GC(1) O: Allocated:         -                 0M (0%)            0M (0%)            0M (0%)     
[2026-04-03T01:58:48.196+0600][1.343s][info][gc,heap     ] GC(1) O: Reclaimed:         -                  -                 0M (0%)            0M (0%)     
[2026-04-03T01:58:48.196+0600][1.343s][info][gc,heap     ] GC(1) O: Compacted:         -                  -                  -                 0M (0%)     
[2026-04-03T01:58:48.196+0600][1.343s][info][gc,phases   ] GC(1) O: Old Generation 24M(2%)->32M(3%) 0.023s
[2026-04-03T01:58:48.196+0600][1.343s][info][gc          ] GC(1) Major Collection (Warmup) 252M(20%)->32M(3%) 0.047s
[2026-04-03T01:58:50.938+0600][4.086s][info][gc          ] GC(2) Major Collection (Metadata GC Threshold)
[2026-04-03T01:58:50.938+0600][4.086s][info][gc,task     ] GC(2) Using 1 Workers for Young Generation
[2026-04-03T01:58:50.938+0600][4.086s][info][gc,task     ] GC(2) Using 1 Workers for Old Generation
[2026-04-03T01:58:50.938+0600][4.086s][info][gc,phases   ] GC(2) Y: Young Generation
[2026-04-03T01:58:50.939+0600][4.086s][info][gc,phases   ] GC(2) Y: Pause Mark Start (Major) 0.020ms
[2026-04-03T01:58:50.970+0600][4.118s][info][gc,phases   ] GC(2) Y: Concurrent Mark 31.712ms
[2026-04-03T01:58:50.971+0600][4.118s][info][gc,phases   ] GC(2) Y: Pause Mark End 0.020ms
[2026-04-03T01:58:50.971+0600][4.118s][info][gc,phases   ] GC(2) Y: Concurrent Mark Free 0.001ms
[2026-04-03T01:58:50.971+0600][4.118s][info][gc,phases   ] GC(2) Y: Concurrent Reset Relocation Set 0.010ms
[2026-04-03T01:58:50.972+0600][4.120s][info][gc,reloc    ] GC(2) Y: Using tenuring threshold: 3 (Computed)
[2026-04-03T01:58:50.974+0600][4.121s][info][gc,phases   ] GC(2) Y: Concurrent Select Relocation Set 2.942ms
[2026-04-03T01:58:50.974+0600][4.121s][info][gc,phases   ] GC(2) Y: Pause Relocate Start 0.016ms
[2026-04-03T01:58:50.985+0600][4.132s][info][gc,phases   ] GC(2) Y: Concurrent Relocate 10.881ms
[2026-04-03T01:58:50.985+0600][4.132s][info][gc,alloc    ] GC(2) Y:                         Mark Start        Mark End      Relocate Start    Relocate End   
[2026-04-03T01:58:50.985+0600][4.132s][info][gc,alloc    ] GC(2) Y: Allocation Stalls:          0                0                0                0         
[2026-04-03T01:58:50.985+0600][4.132s][info][gc,load     ] GC(2) Y: Load: 2.29 (19%) / 4.78 (40%) / 6.31 (53%)
[2026-04-03T01:58:50.985+0600][4.132s][info][gc,mmu      ] GC(2) Y: MMU: 2ms/98.5%, 5ms/99.3%, 10ms/99.6%, 20ms/99.7%, 50ms/99.8%, 100ms/99.9%
[2026-04-03T01:58:50.985+0600][4.132s][info][gc,marking  ] GC(2) Y: Mark: 1 stripe(s), 2 proactive flush(es), 1 terminate flush(es), 0 completion(s), 0 continuation(s) 
[2026-04-03T01:58:50.985+0600][4.132s][info][gc,marking  ] GC(2) Y: Mark Stack Usage: 32M
[2026-04-03T01:58:50.985+0600][4.132s][info][gc,nmethod  ] GC(2) Y: NMethods: 1939 registered, 0 unregistered
[2026-04-03T01:58:50.985+0600][4.132s][info][gc,metaspace] GC(2) Y: Metaspace: 20M used, 21M committed, 1088M reserved
[2026-04-03T01:58:50.985+0600][4.132s][info][gc,reloc    ] GC(2) Y:                        Candidates     Selected     In-Place         Size        Empty    Relocated 
[2026-04-03T01:58:50.985+0600][4.133s][info][gc,reloc    ] GC(2) Y: Small Pages:                   75           66            0         150M           0M           8M 
[2026-04-03T01:58:50.985+0600][4.133s][info][gc,reloc    ] GC(2) Y: Medium Pages:                   1            0            0          32M           0M           0M 
[2026-04-03T01:58:50.985+0600][4.133s][info][gc,reloc    ] GC(2) Y: Large Pages:                    0            0            0           0M           0M           0M 
[2026-04-03T01:58:50.985+0600][4.133s][info][gc,reloc    ] GC(2) Y: Forwarding Usage: 2M
[2026-04-03T01:58:50.985+0600][4.133s][info][gc,reloc    ] GC(2) Y: Age Table:
[2026-04-03T01:58:50.985+0600][4.133s][info][gc,reloc    ] GC(2) Y:                    Live             Garbage             Small              Medium             Large        
[2026-04-03T01:58:50.985+0600][4.133s][info][gc,reloc    ] GC(2) Y: Eden              15M (1%)          148M (12%)         66 / 59             1 / 0              0 / 0        
[2026-04-03T01:58:50.985+0600][4.133s][info][gc,reloc    ] GC(2) Y: Survivor 1         1M (0%)            6M (1%)           4 / 4              0 / 0              0 / 0        
[2026-04-03T01:58:50.985+0600][4.133s][info][gc,reloc    ] GC(2) Y: Survivor 2         3M (0%)            6M (1%)           5 / 3              0 / 0              0 / 0        
[2026-04-03T01:58:50.985+0600][4.133s][info][gc,heap     ] GC(2) Y: Min Capacity: 8M(1%)
[2026-04-03T01:58:50.985+0600][4.133s][info][gc,heap     ] GC(2) Y: Max Capacity: 1250M(100%)
[2026-04-03T01:58:50.985+0600][4.133s][info][gc,heap     ] GC(2) Y: Soft Max Capacity: 1250M(100%)
[2026-04-03T01:58:50.985+0600][4.133s][info][gc,heap     ] GC(2) Y: Heap Statistics:
[2026-04-03T01:58:50.985+0600][4.133s][info][gc,heap     ] GC(2) Y:                Mark Start          Mark End        Relocate Start      Relocate End           High               Low         
[2026-04-03T01:58:50.985+0600][4.133s][info][gc,heap     ] GC(2) Y:  Capacity:      300M (24%)         300M (24%)         300M (24%)         300M (24%)         300M (24%)         300M (24%)    
[2026-04-03T01:58:50.985+0600][4.133s][info][gc,heap     ] GC(2) Y:      Free:     1068M (85%)        1064M (85%)        1064M (85%)        1188M (95%)        1188M (95%)        1056M (84%)    
[2026-04-03T01:58:50.985+0600][4.133s][info][gc,heap     ] GC(2) Y:      Used:      182M (15%)         186M (15%)         186M (15%)          62M (5%)          194M (16%)          62M (5%)     
[2026-04-03T01:58:50.985+0600][4.133s][info][gc,heap     ] GC(2) Y: Young Generation Statistics:
[2026-04-03T01:58:50.985+0600][4.133s][info][gc,heap     ] GC(2) Y:                Mark Start          Mark End        Relocate Start      Relocate End    
[2026-04-03T01:58:50.985+0600][4.133s][info][gc,heap     ] GC(2) Y:      Used:      182M (15%)         186M (15%)         186M (15%)          62M (5%)     
[2026-04-03T01:58:50.985+0600][4.133s][info][gc,heap     ] GC(2) Y:      Live:         -                19M (2%)           19M (2%)           19M (2%)     
[2026-04-03T01:58:50.985+0600][4.133s][info][gc,heap     ] GC(2) Y:   Garbage:         -               162M (13%)         162M (13%)          28M (2%)     
[2026-04-03T01:58:50.985+0600][4.133s][info][gc,heap     ] GC(2) Y: Allocated:         -                 4M (0%)            4M (0%)           13M (1%)     
[2026-04-03T01:58:50.985+0600][4.133s][info][gc,heap     ] GC(2) Y: Reclaimed:         -                  -                 0M (0%)          133M (11%)    
[2026-04-03T01:58:50.985+0600][4.133s][info][gc,heap     ] GC(2) Y:  Promoted:         -                  -                 0M (0%)            0M (0%)     
[2026-04-03T01:58:50.985+0600][4.133s][info][gc,heap     ] GC(2) Y: Compacted:         -                  -                  -                12M (1%)     
[2026-04-03T01:58:50.985+0600][4.133s][info][gc,phases   ] GC(2) Y: Young Generation 182M(15%)->62M(5%) 0.047s
[2026-04-03T01:58:50.985+0600][4.133s][info][gc,phases   ] GC(2) O: Old Generation
[2026-04-03T01:58:50.986+0600][4.134s][info][gc,phases   ] GC(2) O: Concurrent Mark 0.865ms
[2026-04-03T01:58:50.986+0600][4.134s][info][gc,phases   ] GC(2) O: Pause Mark End 0.020ms
[2026-04-03T01:58:50.986+0600][4.134s][info][gc,phases   ] GC(2) O: Concurrent Mark Free 0.002ms
[2026-04-03T01:58:50.994+0600][4.141s][info][gc,phases   ] GC(2) O: Concurrent Process Non-Strong 7.261ms
[2026-04-03T01:58:50.994+0600][4.141s][info][gc,phases   ] GC(2) O: Concurrent Reset Relocation Set 0.001ms
[2026-04-03T01:58:50.995+0600][4.143s][info][gc,phases   ] GC(2) O: Concurrent Select Relocation Set 1.464ms
[2026-04-03T01:58:50.995+0600][4.143s][info][gc,task     ] GC(2) O: Using 2 Workers for Old Generation
[2026-04-03T01:58:51.014+0600][4.162s][info][gc,task     ] GC(2) O: Using 1 Workers for Old Generation
[2026-04-03T01:58:51.014+0600][4.162s][info][gc,phases   ] GC(2) O: Concurrent Remap Roots 19.131ms
[2026-04-03T01:58:51.015+0600][4.162s][info][gc,phases   ] GC(2) O: Pause Relocate Start 0.014ms
[2026-04-03T01:58:51.015+0600][4.162s][info][gc,phases   ] GC(2) O: Concurrent Relocate 0.350ms
[2026-04-03T01:58:51.015+0600][4.163s][info][gc,alloc    ] GC(2) O:                         Mark Start        Mark End      Relocate Start    Relocate End   
[2026-04-03T01:58:51.015+0600][4.163s][info][gc,alloc    ] GC(2) O: Allocation Stalls:          0                0                0                0         
[2026-04-03T01:58:51.015+0600][4.163s][info][gc,load     ] GC(2) O: Load: 2.29 (19%) / 4.78 (40%) / 6.31 (53%)
[2026-04-03T01:58:51.015+0600][4.163s][info][gc,mmu      ] GC(2) O: MMU: 2ms/98.5%, 5ms/99.3%, 10ms/99.6%, 20ms/99.7%, 50ms/99.8%, 100ms/99.9%
[2026-04-03T01:58:51.015+0600][4.163s][info][gc,marking  ] GC(2) O: Mark: 1 stripe(s), 1 proactive flush(es), 1 terminate flush(es), 0 completion(s), 0 continuation(s) 
[2026-04-03T01:58:51.015+0600][4.163s][info][gc,marking  ] GC(2) O: Mark Stack Usage: 0M
[2026-04-03T01:58:51.015+0600][4.163s][info][gc,nmethod  ] GC(2) O: NMethods: 1855 registered, 135 unregistered
[2026-04-03T01:58:51.015+0600][4.163s][info][gc,metaspace] GC(2) O: Metaspace: 21M used, 21M committed, 1088M reserved
[2026-04-03T01:58:51.015+0600][4.163s][info][gc,ref      ] GC(2) O:                       Encountered   Discovered     Enqueued 
[2026-04-03T01:58:51.015+0600][4.163s][info][gc,ref      ] GC(2) O: Soft References:             3545            0            0 
[2026-04-03T01:58:51.015+0600][4.163s][info][gc,ref      ] GC(2) O: Weak References:             1508            0            0 
[2026-04-03T01:58:51.015+0600][4.163s][info][gc,ref      ] GC(2) O: Final References:               0            0            0 
[2026-04-03T01:58:51.015+0600][4.163s][info][gc,ref      ] GC(2) O: Phantom References:           563            0            0 
[2026-04-03T01:58:51.015+0600][4.163s][info][gc,heap     ] GC(2) O: Min Capacity: 8M(1%)
[2026-04-03T01:58:51.015+0600][4.163s][info][gc,heap     ] GC(2) O: Max Capacity: 1250M(100%)
[2026-04-03T01:58:51.015+0600][4.163s][info][gc,heap     ] GC(2) O: Soft Max Capacity: 1250M(100%)
[2026-04-03T01:58:51.015+0600][4.163s][info][gc,heap     ] GC(2) O: Heap Statistics:
[2026-04-03T01:58:51.015+0600][4.163s][info][gc,heap     ] GC(2) O:                Mark Start          Mark End        Relocate Start      Relocate End           High               Low         
[2026-04-03T01:58:51.015+0600][4.163s][info][gc,heap     ] GC(2) O:  Capacity:      300M (24%)         300M (24%)         300M (24%)         300M (24%)         300M (24%)         300M (24%)    
[2026-04-03T01:58:51.015+0600][4.163s][info][gc,heap     ] GC(2) O:      Free:     1068M (85%)        1188M (95%)        1186M (95%)        1186M (95%)        1188M (95%)        1056M (84%)    
[2026-04-03T01:58:51.015+0600][4.163s][info][gc,heap     ] GC(2) O:      Used:      182M (15%)          62M (5%)           64M (5%)           64M (5%)          194M (16%)          62M (5%)     
[2026-04-03T01:58:51.015+0600][4.163s][info][gc,heap     ] GC(2) O: Old Generation Statistics:
[2026-04-03T01:58:51.015+0600][4.163s][info][gc,heap     ] GC(2) O:                Mark Start          Mark End        Relocate Start      Relocate End    
[2026-04-03T01:58:51.015+0600][4.163s][info][gc,heap     ] GC(2) O:      Used:        0M (0%)            0M (0%)            0M (0%)            0M (0%)     
[2026-04-03T01:58:51.015+0600][4.163s][info][gc,heap     ] GC(2) O:      Live:         -                 0M (0%)            0M (0%)            0M (0%)     
[2026-04-03T01:58:51.015+0600][4.163s][info][gc,heap     ] GC(2) O:   Garbage:         -                 0M (0%)            0M (0%)            0M (0%)     
[2026-04-03T01:58:51.015+0600][4.163s][info][gc,heap     ] GC(2) O: Allocated:         -                 0M (0%)            0M (0%)            0M (0%)     
[2026-04-03T01:58:51.015+0600][4.163s][info][gc,heap     ] GC(2) O: Reclaimed:         -                  -                 0M (0%)            0M (0%)     
[2026-04-03T01:58:51.015+0600][4.163s][info][gc,heap     ] GC(2) O: Compacted:         -                  -                  -                 0M (0%)     
[2026-04-03T01:58:51.015+0600][4.163s][info][gc,phases   ] GC(2) O: Old Generation 62M(5%)->64M(5%) 0.030s
[2026-04-03T01:58:51.015+0600][4.163s][info][gc          ] GC(2) Major Collection (Metadata GC Threshold) 182M(15%)->64M(5%) 0.077s
[2026-04-03T01:58:53.767+0600][6.915s][info][gc          ] GC(3) Major Collection (Metadata GC Threshold)
[2026-04-03T01:58:53.767+0600][6.915s][info][gc,task     ] GC(3) Using 1 Workers for Young Generation
[2026-04-03T01:58:53.767+0600][6.915s][info][gc,task     ] GC(3) Using 1 Workers for Old Generation
[2026-04-03T01:58:53.767+0600][6.915s][info][gc,phases   ] GC(3) Y: Young Generation
[2026-04-03T01:58:53.767+0600][6.915s][info][gc,phases   ] GC(3) Y: Pause Mark Start (Major) 0.020ms
[2026-04-03T01:58:53.819+0600][6.966s][info][gc,phases   ] GC(3) Y: Concurrent Mark 51.342ms
[2026-04-03T01:58:53.819+0600][6.967s][info][gc,phases   ] GC(3) Y: Pause Mark End 0.023ms
[2026-04-03T01:58:53.819+0600][6.967s][info][gc,phases   ] GC(3) Y: Concurrent Mark Free 0.001ms
[2026-04-03T01:58:53.819+0600][6.967s][info][gc,phases   ] GC(3) Y: Concurrent Reset Relocation Set 0.007ms
[2026-04-03T01:58:53.821+0600][6.969s][info][gc,reloc    ] GC(3) Y: Using tenuring threshold: 3 (Computed)
[2026-04-03T01:58:53.828+0600][6.975s][info][gc,phases   ] GC(3) Y: Concurrent Select Relocation Set 8.563ms
[2026-04-03T01:58:53.828+0600][6.976s][info][gc,phases   ] GC(3) Y: Pause Relocate Start 0.023ms
[2026-04-03T01:58:53.848+0600][6.995s][info][gc,phases   ] GC(3) Y: Concurrent Relocate 19.692ms
[2026-04-03T01:58:53.848+0600][6.995s][info][gc,alloc    ] GC(3) Y:                         Mark Start        Mark End      Relocate Start    Relocate End   
[2026-04-03T01:58:53.848+0600][6.995s][info][gc,alloc    ] GC(3) Y: Allocation Stalls:          0                0                0                0         
[2026-04-03T01:58:53.848+0600][6.995s][info][gc,load     ] GC(3) Y: Load: 2.29 (19%) / 4.78 (40%) / 6.31 (53%)
[2026-04-03T01:58:53.848+0600][6.995s][info][gc,mmu      ] GC(3) Y: MMU: 2ms/98.5%, 5ms/99.3%, 10ms/99.5%, 20ms/99.7%, 50ms/99.8%, 100ms/99.9%
[2026-04-03T01:58:53.848+0600][6.995s][info][gc,marking  ] GC(3) Y: Mark: 1 stripe(s), 2 proactive flush(es), 1 terminate flush(es), 0 completion(s), 0 continuation(s) 
[2026-04-03T01:58:53.848+0600][6.995s][info][gc,marking  ] GC(3) Y: Mark Stack Usage: 32M
[2026-04-03T01:58:53.848+0600][6.995s][info][gc,nmethod  ] GC(3) Y: NMethods: 2712 registered, 135 unregistered
[2026-04-03T01:58:53.848+0600][6.995s][info][gc,metaspace] GC(3) Y: Metaspace: 36M used, 36M committed, 1088M reserved
[2026-04-03T01:58:53.848+0600][6.995s][info][gc,reloc    ] GC(3) Y:                        Candidates     Selected     In-Place         Size        Empty    Relocated 
[2026-04-03T01:58:53.848+0600][6.995s][info][gc,reloc    ] GC(3) Y: Small Pages:                   92           81            0         184M           0M           6M 
[2026-04-03T01:58:53.848+0600][6.995s][info][gc,reloc    ] GC(3) Y: Medium Pages:                   2            0            0          64M          32M           0M 
[2026-04-03T01:58:53.848+0600][6.995s][info][gc,reloc    ] GC(3) Y: Large Pages:                    0            0            0           0M           0M           0M 
[2026-04-03T01:58:53.848+0600][6.995s][info][gc,reloc    ] GC(3) Y: Forwarding Usage: 3M
[2026-04-03T01:58:53.848+0600][6.995s][info][gc,reloc    ] GC(3) Y: Age Table:
[2026-04-03T01:58:53.848+0600][6.996s][info][gc,reloc    ] GC(3) Y:                    Live             Garbage             Small              Medium             Large        
[2026-04-03T01:58:53.848+0600][6.996s][info][gc,reloc    ] GC(3) Y: Eden               5M (0%)          184M (15%)         79 / 76             1 / 0              0 / 0        
[2026-04-03T01:58:53.848+0600][6.996s][info][gc,reloc    ] GC(3) Y: Survivor 1        14M (1%)           29M (2%)           6 / 1              1 / 0              0 / 0        
[2026-04-03T01:58:53.848+0600][6.996s][info][gc,reloc    ] GC(3) Y: Survivor 2         1M (0%)            2M (0%)           2 / 1              0 / 0              0 / 0        
[2026-04-03T01:58:53.848+0600][6.996s][info][gc,reloc    ] GC(3) Y: Survivor 3         3M (0%)            6M (1%)           5 / 3              0 / 0              0 / 0        
[2026-04-03T01:58:53.848+0600][6.996s][info][gc,heap     ] GC(3) Y: Min Capacity: 8M(1%)
[2026-04-03T01:58:53.848+0600][6.996s][info][gc,heap     ] GC(3) Y: Max Capacity: 1250M(100%)
[2026-04-03T01:58:53.848+0600][6.996s][info][gc,heap     ] GC(3) Y: Soft Max Capacity: 1250M(100%)
[2026-04-03T01:58:53.848+0600][6.996s][info][gc,heap     ] GC(3) Y: Heap Statistics:
[2026-04-03T01:58:53.848+0600][6.996s][info][gc,heap     ] GC(3) Y:                Mark Start          Mark End        Relocate Start      Relocate End           High               Low         
[2026-04-03T01:58:53.848+0600][6.996s][info][gc,heap     ] GC(3) Y:  Capacity:      332M (27%)         332M (27%)         332M (27%)         332M (27%)         332M (27%)         332M (27%)    
[2026-04-03T01:58:53.848+0600][6.996s][info][gc,heap     ] GC(3) Y:      Free:     1002M (80%)        1000M (80%)        1032M (83%)        1188M (95%)        1188M (95%)        1000M (80%)    
[2026-04-03T01:58:53.848+0600][6.996s][info][gc,heap     ] GC(3) Y:      Used:      248M (20%)         250M (20%)         218M (17%)          62M (5%)          250M (20%)          62M (5%)     
[2026-04-03T01:58:53.848+0600][6.996s][info][gc,heap     ] GC(3) Y: Young Generation Statistics:
[2026-04-03T01:58:53.848+0600][6.996s][info][gc,heap     ] GC(3) Y:                Mark Start          Mark End        Relocate Start      Relocate End    
[2026-04-03T01:58:53.848+0600][6.996s][info][gc,heap     ] GC(3) Y:      Used:      248M (20%)         250M (20%)         216M (17%)          54M (4%)     
[2026-04-03T01:58:53.848+0600][6.996s][info][gc,heap     ] GC(3) Y:      Live:         -                24M (2%)           23M (2%)           21M (2%)     
[2026-04-03T01:58:53.848+0600][6.996s][info][gc,heap     ] GC(3) Y:   Garbage:         -               223M (18%)         190M (15%)          26M (2%)     
[2026-04-03T01:58:53.848+0600][6.996s][info][gc,heap     ] GC(3) Y: Allocated:         -                 2M (0%)            2M (0%)            5M (0%)     
[2026-04-03T01:58:53.848+0600][6.996s][info][gc,heap     ] GC(3) Y: Reclaimed:         -                  -                32M (3%)          196M (16%)    
[2026-04-03T01:58:53.848+0600][6.996s][info][gc,heap     ] GC(3) Y:  Promoted:         -                  -                 1M (0%)            3M (0%)     
[2026-04-03T01:58:53.848+0600][6.996s][info][gc,heap     ] GC(3) Y: Compacted:         -                  -                  -                 8M (1%)     
[2026-04-03T01:58:53.848+0600][6.996s][info][gc,phases   ] GC(3) Y: Young Generation 248M(20%)->62M(5%) 0.081s
[2026-04-03T01:58:53.848+0600][6.996s][info][gc,phases   ] GC(3) O: Old Generation
[2026-04-03T01:58:53.850+0600][6.997s][info][gc,phases   ] GC(3) O: Concurrent Mark 1.713ms
[2026-04-03T01:58:53.850+0600][6.998s][info][gc,phases   ] GC(3) O: Pause Mark End 0.024ms
[2026-04-03T01:58:53.850+0600][6.998s][info][gc,phases   ] GC(3) O: Concurrent Mark Free 0.002ms
[2026-04-03T01:58:53.862+0600][7.009s][info][gc,phases   ] GC(3) O: Concurrent Process Non-Strong 11.340ms
[2026-04-03T01:58:53.862+0600][7.009s][info][gc,phases   ] GC(3) O: Concurrent Reset Relocation Set 0.001ms
[2026-04-03T01:58:53.863+0600][7.011s][info][gc,phases   ] GC(3) O: Concurrent Select Relocation Set 1.496ms
[2026-04-03T01:58:53.863+0600][7.011s][info][gc,task     ] GC(3) O: Using 2 Workers for Old Generation
[2026-04-03T01:58:53.885+0600][7.033s][info][gc,task     ] GC(3) O: Using 1 Workers for Old Generation
[2026-04-03T01:58:53.885+0600][7.033s][info][gc,phases   ] GC(3) O: Concurrent Remap Roots 22.108ms
[2026-04-03T01:58:53.886+0600][7.033s][info][gc,phases   ] GC(3) O: Pause Relocate Start 0.022ms
[2026-04-03T01:58:53.886+0600][7.034s][info][gc,phases   ] GC(3) O: Concurrent Relocate 0.253ms
[2026-04-03T01:58:53.886+0600][7.034s][info][gc,alloc    ] GC(3) O:                         Mark Start        Mark End      Relocate Start    Relocate End   
[2026-04-03T01:58:53.886+0600][7.034s][info][gc,alloc    ] GC(3) O: Allocation Stalls:          0                0                0                0         
[2026-04-03T01:58:53.886+0600][7.034s][info][gc,load     ] GC(3) O: Load: 2.29 (19%) / 4.78 (40%) / 6.31 (53%)
[2026-04-03T01:58:53.886+0600][7.034s][info][gc,mmu      ] GC(3) O: MMU: 2ms/98.5%, 5ms/99.3%, 10ms/99.5%, 20ms/99.7%, 50ms/99.8%, 100ms/99.9%
[2026-04-03T01:58:53.886+0600][7.034s][info][gc,marking  ] GC(3) O: Mark: 1 stripe(s), 1 proactive flush(es), 1 terminate flush(es), 0 completion(s), 0 continuation(s) 
[2026-04-03T01:58:53.886+0600][7.034s][info][gc,marking  ] GC(3) O: Mark Stack Usage: 0M
[2026-04-03T01:58:53.886+0600][7.034s][info][gc,nmethod  ] GC(3) O: NMethods: 2532 registered, 319 unregistered
[2026-04-03T01:58:53.886+0600][7.034s][info][gc,metaspace] GC(3) O: Metaspace: 36M used, 36M committed, 1088M reserved
[2026-04-03T01:58:53.886+0600][7.034s][info][gc,ref      ] GC(3) O:                       Encountered   Discovered     Enqueued 
[2026-04-03T01:58:53.886+0600][7.034s][info][gc,ref      ] GC(3) O: Soft References:             3877            0            0 
[2026-04-03T01:58:53.886+0600][7.034s][info][gc,ref      ] GC(3) O: Weak References:             3027            0            0 
[2026-04-03T01:58:53.886+0600][7.034s][info][gc,ref      ] GC(3) O: Final References:              80            0            0 
[2026-04-03T01:58:53.886+0600][7.034s][info][gc,ref      ] GC(3) O: Phantom References:           569            0            0 
[2026-04-03T01:58:53.886+0600][7.034s][info][gc,heap     ] GC(3) O: Min Capacity: 8M(1%)
[2026-04-03T01:58:53.886+0600][7.034s][info][gc,heap     ] GC(3) O: Max Capacity: 1250M(100%)
[2026-04-03T01:58:53.886+0600][7.034s][info][gc,heap     ] GC(3) O: Soft Max Capacity: 1250M(100%)
[2026-04-03T01:58:53.886+0600][7.034s][info][gc,heap     ] GC(3) O: Heap Statistics:
[2026-04-03T01:58:53.886+0600][7.034s][info][gc,heap     ] GC(3) O:                Mark Start          Mark End        Relocate Start      Relocate End           High               Low         
[2026-04-03T01:58:53.886+0600][7.034s][info][gc,heap     ] GC(3) O:  Capacity:      332M (27%)         332M (27%)         332M (27%)         332M (27%)         332M (27%)         332M (27%)    
[2026-04-03T01:58:53.886+0600][7.034s][info][gc,heap     ] GC(3) O:      Free:     1002M (80%)        1188M (95%)        1188M (95%)        1188M (95%)        1188M (95%)        1000M (80%)    
[2026-04-03T01:58:53.886+0600][7.034s][info][gc,heap     ] GC(3) O:      Used:      248M (20%)          62M (5%)           62M (5%)           62M (5%)          250M (20%)          62M (5%)     
[2026-04-03T01:58:53.886+0600][7.034s][info][gc,heap     ] GC(3) O: Old Generation Statistics:
[2026-04-03T01:58:53.886+0600][7.034s][info][gc,heap     ] GC(3) O:                Mark Start          Mark End        Relocate Start      Relocate End    
[2026-04-03T01:58:53.886+0600][7.034s][info][gc,heap     ] GC(3) O:      Used:        0M (0%)            8M (1%)            8M (1%)            8M (1%)     
[2026-04-03T01:58:53.886+0600][7.034s][info][gc,heap     ] GC(3) O:      Live:         -                 0M (0%)            0M (0%)            0M (0%)     
[2026-04-03T01:58:53.886+0600][7.034s][info][gc,heap     ] GC(3) O:   Garbage:         -                 0M (0%)            0M (0%)            0M (0%)     
[2026-04-03T01:58:53.886+0600][7.034s][info][gc,heap     ] GC(3) O: Allocated:         -                 8M (1%)            8M (1%)            8M (1%)     
[2026-04-03T01:58:53.887+0600][7.034s][info][gc,heap     ] GC(3) O: Reclaimed:         -                  -                 0M (0%)            0M (0%)     
[2026-04-03T01:58:53.887+0600][7.034s][info][gc,heap     ] GC(3) O: Compacted:         -                  -                  -                 0M (0%)     
[2026-04-03T01:58:53.887+0600][7.034s][info][gc,phases   ] GC(3) O: Old Generation 62M(5%)->62M(5%) 0.038s
[2026-04-03T01:58:53.887+0600][7.034s][info][gc          ] GC(3) Major Collection (Metadata GC Threshold) 248M(20%)->62M(5%) 0.119s
[2026-04-03T01:58:55.933+0600][9.080s][info][gc          ] GC(4) Major Collection (Warmup)
[2026-04-03T01:58:55.933+0600][9.080s][info][gc,task     ] GC(4) Using 3 Workers for Young Generation
[2026-04-03T01:58:55.933+0600][9.080s][info][gc,task     ] GC(4) Using 1 Workers for Old Generation
[2026-04-03T01:58:55.933+0600][9.080s][info][gc,phases   ] GC(4) Y: Young Generation
[2026-04-03T01:58:55.933+0600][9.081s][info][gc,phases   ] GC(4) Y: Pause Mark Start (Major) 0.023ms
[2026-04-03T01:58:56.033+0600][9.181s][info][gc,phases   ] GC(4) Y: Concurrent Mark 99.780ms
[2026-04-03T01:58:56.034+0600][9.181s][info][gc,phases   ] GC(4) Y: Pause Mark End 0.021ms
[2026-04-03T01:58:56.034+0600][9.182s][info][gc,phases   ] GC(4) Y: Concurrent Mark Free 0.001ms
[2026-04-03T01:58:56.034+0600][9.182s][info][gc,phases   ] GC(4) Y: Concurrent Reset Relocation Set 0.010ms
[2026-04-03T01:58:56.035+0600][9.183s][info][gc,reloc    ] GC(4) Y: Using tenuring threshold: 2 (Computed)
[2026-04-03T01:58:56.042+0600][9.189s][info][gc,phases   ] GC(4) Y: Concurrent Select Relocation Set 7.507ms
[2026-04-03T01:58:56.042+0600][9.189s][info][gc,phases   ] GC(4) Y: Pause Relocate Start 0.019ms
[2026-04-03T01:58:56.084+0600][9.231s][info][gc,phases   ] GC(4) Y: Concurrent Relocate 41.722ms
[2026-04-03T01:58:56.084+0600][9.231s][info][gc,alloc    ] GC(4) Y:                         Mark Start        Mark End      Relocate Start    Relocate End   
[2026-04-03T01:58:56.084+0600][9.231s][info][gc,alloc    ] GC(4) Y: Allocation Stalls:          0                0                0                0         
[2026-04-03T01:58:56.084+0600][9.231s][info][gc,load     ] GC(4) Y: Load: 2.19 (18%) / 4.72 (39%) / 6.28 (52%)
[2026-04-03T01:58:56.084+0600][9.231s][info][gc,mmu      ] GC(4) Y: MMU: 2ms/98.5%, 5ms/99.3%, 10ms/99.5%, 20ms/99.7%, 50ms/99.8%, 100ms/99.9%
[2026-04-03T01:58:56.084+0600][9.231s][info][gc,marking  ] GC(4) Y: Mark: 2 stripe(s), 10 proactive flush(es), 1 terminate flush(es), 0 completion(s), 0 continuation(s) 
[2026-04-03T01:58:56.084+0600][9.231s][info][gc,marking  ] GC(4) Y: Mark Stack Usage: 32M
[2026-04-03T01:58:56.084+0600][9.231s][info][gc,nmethod  ] GC(4) Y: NMethods: 3167 registered, 0 unregistered
[2026-04-03T01:58:56.084+0600][9.231s][info][gc,metaspace] GC(4) Y: Metaspace: 47M used, 48M committed, 1088M reserved
[2026-04-03T01:58:56.084+0600][9.231s][info][gc,reloc    ] GC(4) Y:                        Candidates     Selected     In-Place         Size        Empty    Relocated 
[2026-04-03T01:58:56.084+0600][9.231s][info][gc,reloc    ] GC(4) Y: Small Pages:                  152          133            0         304M           0M          17M 
[2026-04-03T01:58:56.084+0600][9.231s][info][gc,reloc    ] GC(4) Y: Medium Pages:                   2            1            0          64M           0M           5M 
[2026-04-03T01:58:56.084+0600][9.231s][info][gc,reloc    ] GC(4) Y: Large Pages:                    0            0            0           0M           0M           0M 
[2026-04-03T01:58:56.084+0600][9.231s][info][gc,reloc    ] GC(4) Y: Forwarding Usage: 11M
[2026-04-03T01:58:56.084+0600][9.231s][info][gc,reloc    ] GC(4) Y: Age Table:
[2026-04-03T01:58:56.084+0600][9.231s][info][gc,reloc    ] GC(4) Y:                    Live             Garbage             Small              Medium             Large        
[2026-04-03T01:58:56.084+0600][9.231s][info][gc,reloc    ] GC(4) Y: Eden              19M (2%)          296M (24%)        142 / 132            1 / 0              0 / 0        
[2026-04-03T01:58:56.084+0600][9.231s][info][gc,reloc    ] GC(4) Y: Survivor 1         4M (0%)            3M (0%)           4 / 0              0 / 0              0 / 0        
[2026-04-03T01:58:56.084+0600][9.231s][info][gc,reloc    ] GC(4) Y: Survivor 2        14M (1%)           27M (2%)           5 / 0              1 / 1              0 / 0        
[2026-04-03T01:58:56.084+0600][9.231s][info][gc,reloc    ] GC(4) Y: Survivor 3         1M (0%)            0M (0%)           1 / 1              0 / 0              0 / 0        
[2026-04-03T01:58:56.084+0600][9.231s][info][gc,heap     ] GC(4) Y: Min Capacity: 8M(1%)
[2026-04-03T01:58:56.084+0600][9.231s][info][gc,heap     ] GC(4) Y: Max Capacity: 1250M(100%)
[2026-04-03T01:58:56.084+0600][9.231s][info][gc,heap     ] GC(4) Y: Soft Max Capacity: 1250M(100%)
[2026-04-03T01:58:56.084+0600][9.231s][info][gc,heap     ] GC(4) Y: Heap Statistics:
[2026-04-03T01:58:56.084+0600][9.231s][info][gc,heap     ] GC(4) Y:                Mark Start          Mark End        Relocate Start      Relocate End           High               Low         
[2026-04-03T01:58:56.084+0600][9.231s][info][gc,heap     ] GC(4) Y:  Capacity:      376M (30%)         434M (35%)         438M (35%)         506M (40%)         506M (40%)         376M (30%)    
[2026-04-03T01:58:56.084+0600][9.231s][info][gc,heap     ] GC(4) Y:      Free:      874M (70%)         816M (65%)         812M (65%)        1044M (84%)        1050M (84%)         744M (60%)    
[2026-04-03T01:58:56.084+0600][9.231s][info][gc,heap     ] GC(4) Y:      Used:      376M (30%)         434M (35%)         438M (35%)         206M (16%)         506M (40%)         200M (16%)    
[2026-04-03T01:58:56.084+0600][9.231s][info][gc,heap     ] GC(4) Y: Young Generation Statistics:
[2026-04-03T01:58:56.084+0600][9.231s][info][gc,heap     ] GC(4) Y:                Mark Start          Mark End        Relocate Start      Relocate End    
[2026-04-03T01:58:56.084+0600][9.231s][info][gc,heap     ] GC(4) Y:      Used:      368M (29%)         426M (34%)         420M (34%)         150M (12%)    
[2026-04-03T01:58:56.084+0600][9.231s][info][gc,heap     ] GC(4) Y:      Live:         -                40M (3%)           30M (2%)           24M (2%)     
[2026-04-03T01:58:56.084+0600][9.231s][info][gc,heap     ] GC(4) Y:   Garbage:         -               327M (26%)         327M (26%)           0M (0%)     
[2026-04-03T01:58:56.084+0600][9.231s][info][gc,heap     ] GC(4) Y: Allocated:         -                58M (5%)           62M (5%)          125M (10%)    
[2026-04-03T01:58:56.084+0600][9.231s][info][gc,heap     ] GC(4) Y: Reclaimed:         -                  -                 0M (0%)          327M (26%)    
[2026-04-03T01:58:56.084+0600][9.231s][info][gc,heap     ] GC(4) Y:  Promoted:         -                  -                 9M (1%)           16M (1%)     
[2026-04-03T01:58:56.084+0600][9.231s][info][gc,heap     ] GC(4) Y: Compacted:         -                  -                  -                20M (2%)     
[2026-04-03T01:58:56.084+0600][9.231s][info][gc,phases   ] GC(4) Y: Young Generation 376M(30%)->206M(16%) 0.151s
[2026-04-03T01:58:56.084+0600][9.231s][info][gc,phases   ] GC(4) O: Old Generation
[2026-04-03T01:58:56.096+0600][9.243s][info][gc,phases   ] GC(4) O: Concurrent Mark 11.577ms
[2026-04-03T01:58:56.096+0600][9.243s][info][gc,phases   ] GC(4) O: Pause Mark End 0.108ms
[2026-04-03T01:58:56.096+0600][9.243s][info][gc,phases   ] GC(4) O: Concurrent Mark Free 0.002ms
[2026-04-03T01:58:56.108+0600][9.255s][info][gc,phases   ] GC(4) O: Concurrent Process Non-Strong 11.702ms
[2026-04-03T01:58:56.108+0600][9.255s][info][gc,phases   ] GC(4) O: Concurrent Reset Relocation Set 0.001ms
[2026-04-03T01:58:56.110+0600][9.257s][info][gc,phases   ] GC(4) O: Concurrent Select Relocation Set 1.723ms
[2026-04-03T01:58:56.110+0600][9.257s][info][gc,task     ] GC(4) O: Using 3 Workers for Old Generation
[2026-04-03T01:58:56.126+0600][9.274s][info][gc,task     ] GC(4) O: Using 1 Workers for Old Generation
[2026-04-03T01:58:56.126+0600][9.274s][info][gc,phases   ] GC(4) O: Concurrent Remap Roots 16.578ms
[2026-04-03T01:58:56.127+0600][9.274s][info][gc,phases   ] GC(4) O: Pause Relocate Start 0.093ms
[2026-04-03T01:58:56.130+0600][9.278s][info][gc,phases   ] GC(4) O: Concurrent Relocate 3.651ms
[2026-04-03T01:58:56.130+0600][9.278s][info][gc,alloc    ] GC(4) O:                         Mark Start        Mark End      Relocate Start    Relocate End   
[2026-04-03T01:58:56.130+0600][9.278s][info][gc,alloc    ] GC(4) O: Allocation Stalls:          0                0                0                0         
[2026-04-03T01:58:56.131+0600][9.278s][info][gc,load     ] GC(4) O: Load: 2.19 (18%) / 4.72 (39%) / 6.28 (52%)
[2026-04-03T01:58:56.131+0600][9.278s][info][gc,mmu      ] GC(4) O: MMU: 2ms/94.6%, 5ms/97.8%, 10ms/98.9%, 20ms/99.5%, 50ms/99.6%, 100ms/99.8%
[2026-04-03T01:58:56.131+0600][9.278s][info][gc,marking  ] GC(4) O: Mark: 1 stripe(s), 2 proactive flush(es), 1 terminate flush(es), 0 completion(s), 0 continuation(s) 
[2026-04-03T01:58:56.131+0600][9.278s][info][gc,marking  ] GC(4) O: Mark Stack Usage: 32M
[2026-04-03T01:58:56.131+0600][9.278s][info][gc,nmethod  ] GC(4) O: NMethods: 3044 registered, 123 unregistered
[2026-04-03T01:58:56.131+0600][9.278s][info][gc,metaspace] GC(4) O: Metaspace: 47M used, 48M committed, 1088M reserved
[2026-04-03T01:58:56.131+0600][9.278s][info][gc,ref      ] GC(4) O:                       Encountered   Discovered     Enqueued 
[2026-04-03T01:58:56.131+0600][9.278s][info][gc,ref      ] GC(4) O: Soft References:             3982            0            0 
[2026-04-03T01:58:56.131+0600][9.278s][info][gc,ref      ] GC(4) O: Weak References:             4122          252           95 
[2026-04-03T01:58:56.131+0600][9.278s][info][gc,ref      ] GC(4) O: Final References:              82            0            0 
[2026-04-03T01:58:56.131+0600][9.278s][info][gc,ref      ] GC(4) O: Phantom References:           582           10            0 
[2026-04-03T01:58:56.131+0600][9.278s][info][gc,reloc    ] GC(4) O:                        Candidates     Selected     In-Place         Size        Empty    Relocated 
[2026-04-03T01:58:56.131+0600][9.278s][info][gc,reloc    ] GC(4) O: Small Pages:                    4            2            0           8M           0M           1M 
[2026-04-03T01:58:56.131+0600][9.278s][info][gc,reloc    ] GC(4) O: Medium Pages:                   0            0            0           0M           0M           0M 
[2026-04-03T01:58:56.131+0600][9.278s][info][gc,reloc    ] GC(4) O: Large Pages:                    0            0            0           0M           0M           0M 
[2026-04-03T01:58:56.131+0600][9.278s][info][gc,reloc    ] GC(4) O: Forwarding Usage: 0M
[2026-04-03T01:58:56.131+0600][9.278s][info][gc,heap     ] GC(4) O: Min Capacity: 8M(1%)
[2026-04-03T01:58:56.131+0600][9.278s][info][gc,heap     ] GC(4) O: Max Capacity: 1250M(100%)
[2026-04-03T01:58:56.131+0600][9.278s][info][gc,heap     ] GC(4) O: Soft Max Capacity: 1250M(100%)
[2026-04-03T01:58:56.131+0600][9.278s][info][gc,heap     ] GC(4) O: Heap Statistics:
[2026-04-03T01:58:56.131+0600][9.278s][info][gc,heap     ] GC(4) O:                Mark Start          Mark End        Relocate Start      Relocate End           High               Low         
[2026-04-03T01:58:56.131+0600][9.278s][info][gc,heap     ] GC(4) O:  Capacity:      376M (30%)         506M (40%)         506M (40%)         506M (40%)         506M (40%)         376M (30%)    
[2026-04-03T01:58:56.131+0600][9.278s][info][gc,heap     ] GC(4) O:      Free:      874M (70%)        1032M (83%)        1004M (80%)        1002M (80%)        1050M (84%)         744M (60%)    
[2026-04-03T01:58:56.131+0600][9.278s][info][gc,heap     ] GC(4) O:      Used:      376M (30%)         218M (17%)         246M (20%)         248M (20%)         506M (40%)         200M (16%)    
[2026-04-03T01:58:56.131+0600][9.278s][info][gc,heap     ] GC(4) O: Old Generation Statistics:
[2026-04-03T01:58:56.131+0600][9.278s][info][gc,heap     ] GC(4) O:                Mark Start          Mark End        Relocate Start      Relocate End    
[2026-04-03T01:58:56.131+0600][9.278s][info][gc,heap     ] GC(4) O:      Used:        8M (1%)           56M (4%)           56M (4%)           54M (4%)     
[2026-04-03T01:58:56.131+0600][9.278s][info][gc,heap     ] GC(4) O:      Live:         -                 3M (0%)            3M (0%)            3M (0%)     
[2026-04-03T01:58:56.131+0600][9.278s][info][gc,heap     ] GC(4) O:   Garbage:         -                 4M (0%)            4M (0%)            0M (0%)     
[2026-04-03T01:58:56.131+0600][9.278s][info][gc,heap     ] GC(4) O: Allocated:         -                48M (4%)           48M (4%)           50M (4%)     
[2026-04-03T01:58:56.131+0600][9.278s][info][gc,heap     ] GC(4) O: Reclaimed:         -                  -                 0M (0%)            4M (0%)     
[2026-04-03T01:58:56.131+0600][9.278s][info][gc,heap     ] GC(4) O: Compacted:         -                  -                  -                 1M (0%)     
[2026-04-03T01:58:56.131+0600][9.278s][info][gc,phases   ] GC(4) O: Old Generation 206M(16%)->248M(20%) 0.047s
[2026-04-03T01:58:56.131+0600][9.278s][info][gc          ] GC(4) Major Collection (Warmup) 376M(30%)->248M(20%) 0.198s
[2026-04-03T01:58:56.945+0600][10.093s][info][gc          ] GC(5) Minor Collection (Allocation Rate)
[2026-04-03T01:58:56.945+0600][10.093s][info][gc,task     ] GC(5) Using 3 Workers for Young Generation
[2026-04-03T01:58:56.945+0600][10.093s][info][gc,phases   ] GC(5) y: Young Generation
[2026-04-03T01:58:56.946+0600][10.093s][info][gc,phases   ] GC(5) y: Pause Mark Start 0.096ms
[2026-04-03T01:58:57.354+0600][10.502s][info][gc,phases   ] GC(5) y: Concurrent Mark 408.386ms
[2026-04-03T01:58:57.355+0600][10.502s][info][gc,phases   ] GC(5) y: Pause Mark End 0.028ms
[2026-04-03T01:58:57.355+0600][10.502s][info][gc,phases   ] GC(5) y: Concurrent Mark Free 0.001ms
[2026-04-03T01:58:57.355+0600][10.502s][info][gc,phases   ] GC(5) y: Concurrent Reset Relocation Set 0.037ms
[2026-04-03T01:58:57.359+0600][10.506s][info][gc,reloc    ] GC(5) y: Using tenuring threshold: 3 (Computed)
[2026-04-03T01:58:57.382+0600][10.530s][info][gc,phases   ] GC(5) y: Concurrent Select Relocation Set 27.362ms
[2026-04-03T01:58:57.383+0600][10.530s][info][gc,phases   ] GC(5) y: Pause Relocate Start 0.025ms
[2026-04-03T01:58:57.438+0600][10.586s][info][gc,phases   ] GC(5) y: Concurrent Relocate 55.365ms
[2026-04-03T01:58:57.438+0600][10.586s][info][gc,alloc    ] GC(5) y:                         Mark Start        Mark End      Relocate Start    Relocate End   
[2026-04-03T01:58:57.438+0600][10.586s][info][gc,alloc    ] GC(5) y: Allocation Stalls:          0                0                0                0         
[2026-04-03T01:58:57.438+0600][10.586s][info][gc,load     ] GC(5) y: Load: 2.19 (18%) / 4.72 (39%) / 6.28 (52%)
[2026-04-03T01:58:57.438+0600][10.586s][info][gc,mmu      ] GC(5) y: MMU: 2ms/94.6%, 5ms/97.8%, 10ms/98.9%, 20ms/99.5%, 50ms/99.6%, 100ms/99.8%
[2026-04-03T01:58:57.438+0600][10.586s][info][gc,marking  ] GC(5) y: Mark: 2 stripe(s), 10 proactive flush(es), 1 terminate flush(es), 0 completion(s), 0 continuation(s) 
[2026-04-03T01:58:57.438+0600][10.586s][info][gc,marking  ] GC(5) y: Mark Stack Usage: 32M
[2026-04-03T01:58:57.438+0600][10.586s][info][gc,nmethod  ] GC(5) y: NMethods: 3045 registered, 123 unregistered
[2026-04-03T01:58:57.438+0600][10.586s][info][gc,metaspace] GC(5) y: Metaspace: 47M used, 48M committed, 1088M reserved
[2026-04-03T01:58:57.438+0600][10.586s][info][gc,reloc    ] GC(5) y:                        Candidates     Selected     In-Place         Size        Empty    Relocated 
[2026-04-03T01:58:57.438+0600][10.586s][info][gc,reloc    ] GC(5) y: Small Pages:                  387          342            0         774M           0M          53M 
[2026-04-03T01:58:57.438+0600][10.586s][info][gc,reloc    ] GC(5) y: Medium Pages:                   1            0            0          32M           0M           0M 
[2026-04-03T01:58:57.438+0600][10.586s][info][gc,reloc    ] GC(5) y: Large Pages:                    0            0            0           0M           0M           0M 
[2026-04-03T01:58:57.438+0600][10.586s][info][gc,reloc    ] GC(5) y: Forwarding Usage: 46M
[2026-04-03T01:58:57.438+0600][10.586s][info][gc,reloc    ] GC(5) y: Age Table:
[2026-04-03T01:58:57.438+0600][10.586s][info][gc,reloc    ] GC(5) y:                    Live             Garbage             Small              Medium             Large        
[2026-04-03T01:58:57.438+0600][10.586s][info][gc,reloc    ] GC(5) y: Eden              57M (5%)          682M (55%)        370 / 337            0 / 0              0 / 0        
[2026-04-03T01:58:57.438+0600][10.586s][info][gc,reloc    ] GC(5) y: Survivor 1        19M (2%)           38M (3%)          13 / 3              1 / 0              0 / 0        
[2026-04-03T01:58:57.438+0600][10.586s][info][gc,reloc    ] GC(5) y: Survivor 2         4M (0%)            3M (0%)           4 / 2              0 / 0              0 / 0        
[2026-04-03T01:58:57.438+0600][10.586s][info][gc,heap     ] GC(5) y: Min Capacity: 8M(1%)
[2026-04-03T01:58:57.438+0600][10.586s][info][gc,heap     ] GC(5) y: Max Capacity: 1250M(100%)
[2026-04-03T01:58:57.438+0600][10.586s][info][gc,heap     ] GC(5) y: Soft Max Capacity: 1250M(100%)
[2026-04-03T01:58:57.438+0600][10.586s][info][gc,heap     ] GC(5) y: Heap Statistics:
[2026-04-03T01:58:57.438+0600][10.586s][info][gc,heap     ] GC(5) y:                Mark Start          Mark End        Relocate Start      Relocate End           High               Low         
[2026-04-03T01:58:57.438+0600][10.586s][info][gc,heap     ] GC(5) y:  Capacity:      860M (69%)        1082M (87%)        1098M (88%)        1106M (88%)        1106M (88%)         860M (69%)    
[2026-04-03T01:58:57.438+0600][10.586s][info][gc,heap     ] GC(5) y:      Free:      390M (31%)         168M (13%)         152M (12%)         786M (63%)         786M (63%)         144M (12%)    
[2026-04-03T01:58:57.439+0600][10.586s][info][gc,heap     ] GC(5) y:      Used:      860M (69%)        1082M (87%)        1098M (88%)         464M (37%)        1106M (88%)         464M (37%)    
[2026-04-03T01:58:57.439+0600][10.586s][info][gc,heap     ] GC(5) y: Young Generation Statistics:
[2026-04-03T01:58:57.439+0600][10.586s][info][gc,heap     ] GC(5) y:                Mark Start          Mark End        Relocate Start      Relocate End    
[2026-04-03T01:58:57.439+0600][10.586s][info][gc,heap     ] GC(5) y:      Used:      806M (64%)        1028M (82%)        1044M (84%)         410M (33%)    
[2026-04-03T01:58:57.439+0600][10.586s][info][gc,heap     ] GC(5) y:      Live:         -                81M (7%)           81M (7%)           81M (7%)     
[2026-04-03T01:58:57.439+0600][10.586s][info][gc,heap     ] GC(5) y:   Garbage:         -               724M (58%)         724M (58%)          31M (3%)     
[2026-04-03T01:58:57.439+0600][10.586s][info][gc,heap     ] GC(5) y: Allocated:         -               222M (18%)         238M (19%)         296M (24%)    
[2026-04-03T01:58:57.439+0600][10.586s][info][gc,heap     ] GC(5) y: Reclaimed:         -                  -                 0M (0%)          692M (55%)    
[2026-04-03T01:58:57.439+0600][10.586s][info][gc,heap     ] GC(5) y:  Promoted:         -                  -                 0M (0%)            0M (0%)     
[2026-04-03T01:58:57.439+0600][10.586s][info][gc,heap     ] GC(5) y: Compacted:         -                  -                  -                59M (5%)     
[2026-04-03T01:58:57.439+0600][10.586s][info][gc,phases   ] GC(5) y: Young Generation 860M(69%)->464M(37%) 0.493s
[2026-04-03T01:58:57.439+0600][10.586s][info][gc          ] GC(5) Minor Collection (Allocation Rate) 860M(69%)->464M(37%) 0.493s
[2026-04-03T01:58:57.439+0600][10.586s][info][gc          ] GC(6) Major Collection (Allocation Rate)
[2026-04-03T01:58:57.439+0600][10.586s][info][gc,task     ] GC(6) Using 3 Workers for Young Generation
[2026-04-03T01:58:57.439+0600][10.586s][info][gc,task     ] GC(6) Using 1 Workers for Old Generation
[2026-04-03T01:58:57.439+0600][10.587s][info][gc,phases   ] GC(6) Y: Young Generation
[2026-04-03T01:58:57.439+0600][10.587s][info][gc,phases   ] GC(6) Y: Pause Mark Start (Major) 0.061ms
[2026-04-03T01:58:57.959+0600][11.107s][info][gc,phases   ] GC(6) Y: Concurrent Mark 519.822ms
[2026-04-03T01:58:57.960+0600][11.107s][info][gc,phases   ] GC(6) Y: Pause Mark End 0.025ms
[2026-04-03T01:58:57.960+0600][11.107s][info][gc,phases   ] GC(6) Y: Concurrent Mark Free 0.001ms
[2026-04-03T01:58:57.960+0600][11.107s][info][gc,phases   ] GC(6) Y: Concurrent Reset Relocation Set 0.045ms
[2026-04-03T01:58:57.961+0600][11.109s][info][gc,reloc    ] GC(6) Y: Using tenuring threshold: 1 (Computed)
[2026-04-03T01:58:57.982+0600][11.130s][info][gc,phases   ] GC(6) Y: Concurrent Select Relocation Set 22.589ms
[2026-04-03T01:58:57.983+0600][11.130s][info][gc,phases   ] GC(6) Y: Pause Relocate Start 0.076ms
[2026-04-03T01:58:58.040+0600][11.188s][info][gc,phases   ] GC(6) Y: Concurrent Relocate 57.576ms
[2026-04-03T01:58:58.040+0600][11.188s][info][gc,alloc    ] GC(6) Y:                         Mark Start        Mark End      Relocate Start    Relocate End   
[2026-04-03T01:58:58.040+0600][11.188s][info][gc,alloc    ] GC(6) Y: Allocation Stalls:          0                0                0                0         
[2026-04-03T01:58:58.040+0600][11.188s][info][gc,load     ] GC(6) Y: Load: 2.19 (18%) / 4.72 (39%) / 6.28 (52%)
[2026-04-03T01:58:58.040+0600][11.188s][info][gc,mmu      ] GC(6) Y: MMU: 2ms/94.6%, 5ms/97.8%, 10ms/98.9%, 20ms/99.5%, 50ms/99.6%, 100ms/99.8%
[2026-04-03T01:58:58.040+0600][11.188s][info][gc,marking  ] GC(6) Y: Mark: 2 stripe(s), 10 proactive flush(es), 1 terminate flush(es), 0 completion(s), 0 continuation(s) 
[2026-04-03T01:58:58.040+0600][11.188s][info][gc,marking  ] GC(6) Y: Mark Stack Usage: 32M
[2026-04-03T01:58:58.040+0600][11.188s][info][gc,nmethod  ] GC(6) Y: NMethods: 3135 registered, 123 unregistered
[2026-04-03T01:58:58.040+0600][11.188s][info][gc,metaspace] GC(6) Y: Metaspace: 48M used, 48M committed, 1088M reserved
[2026-04-03T01:58:58.040+0600][11.188s][info][gc,reloc    ] GC(6) Y:                        Candidates     Selected     In-Place         Size        Empty    Relocated 
[2026-04-03T01:58:58.040+0600][11.188s][info][gc,reloc    ] GC(6) Y: Small Pages:                  189          135            0         378M           0M          21M 
[2026-04-03T01:58:58.040+0600][11.188s][info][gc,reloc    ] GC(6) Y: Medium Pages:                   1            0            0          32M           0M           0M 
[2026-04-03T01:58:58.040+0600][11.188s][info][gc,reloc    ] GC(6) Y: Large Pages:                    0            0            0           0M           0M           0M 
[2026-04-03T01:58:58.040+0600][11.188s][info][gc,reloc    ] GC(6) Y: Forwarding Usage: 19M
[2026-04-03T01:58:58.040+0600][11.188s][info][gc,reloc    ] GC(6) Y: Age Table:
[2026-04-03T01:58:58.040+0600][11.188s][info][gc,reloc    ] GC(6) Y:                    Live             Garbage             Small              Medium             Large        
[2026-04-03T01:58:58.040+0600][11.188s][info][gc,reloc    ] GC(6) Y: Eden              22M (2%)          263M (21%)        143 / 130            0 / 0              0 / 0        
[2026-04-03T01:58:58.040+0600][11.188s][info][gc,reloc    ] GC(6) Y: Survivor 1        57M (5%)            2M (0%)          30 / 1              0 / 0              0 / 0        
[2026-04-03T01:58:58.040+0600][11.188s][info][gc,reloc    ] GC(6) Y: Survivor 2        19M (2%)           36M (3%)          12 / 3              1 / 0              0 / 0        
[2026-04-03T01:58:58.040+0600][11.188s][info][gc,reloc    ] GC(6) Y: Survivor 3         4M (0%)            3M (0%)           4 / 1              0 / 0              0 / 0        
[2026-04-03T01:58:58.040+0600][11.188s][info][gc,heap     ] GC(6) Y: Min Capacity: 8M(1%)
[2026-04-03T01:58:58.040+0600][11.188s][info][gc,heap     ] GC(6) Y: Max Capacity: 1250M(100%)
[2026-04-03T01:58:58.040+0600][11.188s][info][gc,heap     ] GC(6) Y: Soft Max Capacity: 1250M(100%)
[2026-04-03T01:58:58.040+0600][11.188s][info][gc,heap     ] GC(6) Y: Heap Statistics:
[2026-04-03T01:58:58.040+0600][11.188s][info][gc,heap     ] GC(6) Y:                Mark Start          Mark End        Relocate Start      Relocate End           High               Low         
[2026-04-03T01:58:58.040+0600][11.188s][info][gc,heap     ] GC(6) Y:  Capacity:     1106M (88%)        1106M (88%)        1106M (88%)        1106M (88%)        1106M (88%)        1106M (88%)    
[2026-04-03T01:58:58.040+0600][11.188s][info][gc,heap     ] GC(6) Y:      Free:      786M (63%)         494M (40%)         494M (40%)         758M (61%)         786M (63%)         488M (39%)    
[2026-04-03T01:58:58.040+0600][11.188s][info][gc,heap     ] GC(6) Y:      Used:      464M (37%)         756M (60%)         756M (60%)         492M (39%)         762M (61%)         464M (37%)    
[2026-04-03T01:58:58.041+0600][11.188s][info][gc,heap     ] GC(6) Y: Young Generation Statistics:
[2026-04-03T01:58:58.041+0600][11.188s][info][gc,heap     ] GC(6) Y:                Mark Start          Mark End        Relocate Start      Relocate End    
[2026-04-03T01:58:58.041+0600][11.188s][info][gc,heap     ] GC(6) Y:      Used:      410M (33%)         702M (56%)         592M (47%)         320M (26%)    
[2026-04-03T01:58:58.041+0600][11.188s][info][gc,heap     ] GC(6) Y:      Live:         -               103M (8%)           25M (2%)           22M (2%)     
[2026-04-03T01:58:58.041+0600][11.188s][info][gc,heap     ] GC(6) Y:   Garbage:         -               306M (25%)         274M (22%)           0M (0%)     
[2026-04-03T01:58:58.041+0600][11.188s][info][gc,heap     ] GC(6) Y: Allocated:         -               292M (23%)         292M (23%)         297M (24%)    
[2026-04-03T01:58:58.041+0600][11.188s][info][gc,heap     ] GC(6) Y: Reclaimed:         -                  -                32M (3%)          306M (25%)    
[2026-04-03T01:58:58.041+0600][11.188s][info][gc,heap     ] GC(6) Y:  Promoted:         -                  -                77M (6%)           81M (7%)     
[2026-04-03T01:58:58.041+0600][11.188s][info][gc,heap     ] GC(6) Y: Compacted:         -                  -                  -                22M (2%)     
[2026-04-03T01:58:58.041+0600][11.188s][info][gc,phases   ] GC(6) Y: Young Generation 464M(37%)->492M(39%) 0.601s
[2026-04-03T01:58:58.041+0600][11.188s][info][gc,phases   ] GC(6) O: Old Generation
[2026-04-03T01:58:58.043+0600][11.191s][info][gc          ] GC(7) Minor Collection (Allocation Rate)
[2026-04-03T01:58:58.044+0600][11.191s][info][gc,task     ] GC(7) Using 2 Workers for Young Generation
[2026-04-03T01:58:58.044+0600][11.191s][info][gc,phases   ] GC(7) y: Young Generation
[2026-04-03T01:58:58.044+0600][11.192s][info][gc,phases   ] GC(7) y: Pause Mark Start 0.088ms
[2026-04-03T01:58:58.072+0600][11.220s][info][gc,phases   ] GC(6) O: Concurrent Mark 31.437ms
[2026-04-03T01:58:58.072+0600][11.220s][info][gc,phases   ] GC(6) O: Pause Mark End 0.046ms
[2026-04-03T01:58:58.072+0600][11.220s][info][gc,phases   ] GC(6) O: Concurrent Mark Free 0.001ms
[2026-04-03T01:58:58.082+0600][11.230s][info][gc,phases   ] GC(6) O: Concurrent Process Non-Strong 9.970ms
[2026-04-03T01:58:58.082+0600][11.230s][info][gc,phases   ] GC(6) O: Concurrent Reset Relocation Set 0.002ms
[2026-04-03T01:58:58.084+0600][11.232s][info][gc,phases   ] GC(6) O: Concurrent Select Relocation Set 2.036ms
[2026-04-03T01:58:58.135+0600][11.283s][info][gc,phases   ] GC(7) y: Concurrent Mark 90.874ms
[2026-04-03T01:58:58.137+0600][11.285s][info][gc,phases   ] GC(7) y: Pause Mark End 0.027ms
[2026-04-03T01:58:58.138+0600][11.285s][info][gc,phases   ] GC(7) y: Concurrent Mark Free 0.003ms
[2026-04-03T01:58:58.138+0600][11.285s][info][gc,phases   ] GC(7) y: Concurrent Reset Relocation Set 0.125ms
[2026-04-03T01:58:58.143+0600][11.290s][info][gc,reloc    ] GC(7) y: Using tenuring threshold: 2 (Computed)
[2026-04-03T01:58:58.145+0600][11.293s][info][gc,phases   ] GC(7) y: Concurrent Select Relocation Set 7.317ms
[2026-04-03T01:58:58.146+0600][11.293s][info][gc,phases   ] GC(7) y: Pause Relocate Start 0.028ms
[2026-04-03T01:58:58.174+0600][11.322s][info][gc,phases   ] GC(7) y: Concurrent Relocate 28.214ms
[2026-04-03T01:58:58.175+0600][11.322s][info][gc,alloc    ] GC(7) y:                         Mark Start        Mark End      Relocate Start    Relocate End   
[2026-04-03T01:58:58.175+0600][11.322s][info][gc,alloc    ] GC(7) y: Allocation Stalls:          0                0                0                0         
[2026-04-03T01:58:58.175+0600][11.322s][info][gc,load     ] GC(7) y: Load: 2.19 (18%) / 4.72 (39%) / 6.28 (52%)
[2026-04-03T01:58:58.175+0600][11.322s][info][gc,mmu      ] GC(7) y: MMU: 2ms/94.6%, 5ms/97.8%, 10ms/98.9%, 20ms/99.5%, 50ms/99.6%, 100ms/99.8%
[2026-04-03T01:58:58.175+0600][11.322s][info][gc,marking  ] GC(7) y: Mark: 2 stripe(s), 2 proactive flush(es), 1 terminate flush(es), 0 completion(s), 0 continuation(s) 
[2026-04-03T01:58:58.175+0600][11.322s][info][gc,marking  ] GC(7) y: Mark Stack Usage: 32M
[2026-04-03T01:58:58.175+0600][11.322s][info][gc,nmethod  ] GC(7) y: NMethods: 3165 registered, 126 unregistered
[2026-04-03T01:58:58.175+0600][11.322s][info][gc,metaspace] GC(7) y: Metaspace: 49M used, 49M committed, 1088M reserved
[2026-04-03T01:58:58.175+0600][11.322s][info][gc,reloc    ] GC(7) y:                        Candidates     Selected     In-Place         Size        Empty    Relocated 
[2026-04-03T01:58:58.175+0600][11.322s][info][gc,reloc    ] GC(7) y: Small Pages:                  160          135            0         320M           0M          20M 
[2026-04-03T01:58:58.175+0600][11.322s][info][gc,reloc    ] GC(7) y: Medium Pages:                   0            0            0           0M           0M           0M 
[2026-04-03T01:58:58.175+0600][11.322s][info][gc,reloc    ] GC(7) y: Large Pages:                    0            0            0           0M           0M           0M 
[2026-04-03T01:58:58.175+0600][11.322s][info][gc,reloc    ] GC(7) y: Forwarding Usage: 17M
[2026-04-03T01:58:58.175+0600][11.322s][info][gc,reloc    ] GC(7) y: Age Table:
[2026-04-03T01:58:58.175+0600][11.322s][info][gc,reloc    ] GC(7) y:                    Live             Garbage             Small              Medium             Large        
[2026-04-03T01:58:58.175+0600][11.322s][info][gc,reloc    ] GC(7) y: Eden              22M (2%)          273M (22%)        148 / 135            0 / 0              0 / 0        
[2026-04-03T01:58:58.175+0600][11.322s][info][gc,reloc    ] GC(7) y: Survivor 1        22M (2%)            1M (0%)          12 / 0              0 / 0              0 / 0        
[2026-04-03T01:58:58.175+0600][11.322s][info][gc,heap     ] GC(7) y: Min Capacity: 8M(1%)
[2026-04-03T01:58:58.175+0600][11.322s][info][gc,heap     ] GC(7) y: Max Capacity: 1250M(100%)
[2026-04-03T01:58:58.175+0600][11.322s][info][gc,heap     ] GC(7) y: Soft Max Capacity: 1250M(100%)
[2026-04-03T01:58:58.175+0600][11.322s][info][gc,heap     ] GC(7) y: Heap Statistics:
[2026-04-03T01:58:58.175+0600][11.322s][info][gc,heap     ] GC(7) y:                Mark Start          Mark End        Relocate Start      Relocate End           High               Low         
[2026-04-03T01:58:58.175+0600][11.322s][info][gc,heap     ] GC(7) y:  Capacity:     1106M (88%)        1106M (88%)        1106M (88%)        1106M (88%)        1106M (88%)        1106M (88%)    
[2026-04-03T01:58:58.175+0600][11.322s][info][gc,heap     ] GC(7) y:      Free:      758M (61%)         726M (58%)         726M (58%)         986M (79%)         986M (79%)         720M (58%)    
[2026-04-03T01:58:58.175+0600][11.322s][info][gc,heap     ] GC(7) y:      Used:      492M (39%)         524M (42%)         524M (42%)         264M (21%)         530M (42%)         264M (21%)    
[2026-04-03T01:58:58.175+0600][11.322s][info][gc,heap     ] GC(7) y: Young Generation Statistics:
[2026-04-03T01:58:58.175+0600][11.322s][info][gc,heap     ] GC(7) y:                Mark Start          Mark End        Relocate Start      Relocate End    
[2026-04-03T01:58:58.175+0600][11.322s][info][gc,heap     ] GC(7) y:      Used:      320M (26%)         352M (28%)         352M (28%)          92M (7%)     
[2026-04-03T01:58:58.175+0600][11.322s][info][gc,heap     ] GC(7) y:      Live:         -                44M (4%)           44M (4%)           44M (4%)     
[2026-04-03T01:58:58.175+0600][11.322s][info][gc,heap     ] GC(7) y:   Garbage:         -               275M (22%)         275M (22%)           1M (0%)     
[2026-04-03T01:58:58.175+0600][11.322s][info][gc,heap     ] GC(7) y: Allocated:         -                32M (3%)           32M (3%)           45M (4%)     
[2026-04-03T01:58:58.175+0600][11.322s][info][gc,heap     ] GC(7) y: Reclaimed:         -                  -                 0M (0%)          273M (22%)    
[2026-04-03T01:58:58.175+0600][11.322s][info][gc,heap     ] GC(7) y:  Promoted:         -                  -                 0M (0%)            0M (0%)     
[2026-04-03T01:58:58.175+0600][11.322s][info][gc,heap     ] GC(7) y: Compacted:         -                  -                  -                22M (2%)     
[2026-04-03T01:58:58.175+0600][11.322s][info][gc,phases   ] GC(7) y: Young Generation 492M(39%)->264M(21%) 0.131s
[2026-04-03T01:58:58.175+0600][11.322s][info][gc          ] GC(7) Minor Collection (Allocation Rate) 492M(39%)->264M(21%) 0.131s
[2026-04-03T01:58:58.175+0600][11.323s][info][gc,task     ] GC(6) O: Using 3 Workers for Old Generation
[2026-04-03T01:58:58.193+0600][11.341s][info][gc,task     ] GC(6) O: Using 1 Workers for Old Generation
[2026-04-03T01:58:58.193+0600][11.341s][info][gc,phases   ] GC(6) O: Concurrent Remap Roots 18.038ms
[2026-04-03T01:58:58.193+0600][11.341s][info][gc,phases   ] GC(6) O: Pause Relocate Start 0.023ms
[2026-04-03T01:58:58.194+0600][11.341s][info][gc          ] GC(8) Minor Collection (Allocation Rate)
[2026-04-03T01:58:58.194+0600][11.341s][info][gc,task     ] GC(8) Using 2 Workers for Young Generation
[2026-04-03T01:58:58.194+0600][11.341s][info][gc,phases   ] GC(8) y: Young Generation
[2026-04-03T01:58:58.194+0600][11.342s][info][gc,phases   ] GC(8) y: Pause Mark Start 0.068ms
[2026-04-03T01:58:58.198+0600][11.345s][info][gc,phases   ] GC(6) O: Concurrent Relocate 4.166ms
[2026-04-03T01:58:58.267+0600][11.415s][info][gc,phases   ] GC(8) y: Concurrent Mark 72.869ms
[2026-04-03T01:58:58.267+0600][11.415s][info][gc,phases   ] GC(8) y: Pause Mark End 0.029ms
[2026-04-03T01:58:58.268+0600][11.415s][info][gc,phases   ] GC(8) y: Concurrent Mark Free 0.002ms
[2026-04-03T01:58:58.268+0600][11.415s][info][gc,phases   ] GC(8) y: Concurrent Reset Relocation Set 0.029ms
[2026-04-03T01:58:58.272+0600][11.420s][info][gc,reloc    ] GC(8) y: Using tenuring threshold: 1 (Computed)
[2026-04-03T01:58:58.294+0600][11.441s][info][gc,phases   ] GC(8) y: Concurrent Select Relocation Set 26.145ms
[2026-04-03T01:58:58.294+0600][11.442s][info][gc,phases   ] GC(8) y: Pause Relocate Start 0.025ms
[2026-04-03T01:58:58.319+0600][11.466s][info][gc,phases   ] GC(8) y: Concurrent Relocate 24.478ms
[2026-04-03T01:58:58.319+0600][11.466s][info][gc,alloc    ] GC(8) y:                         Mark Start        Mark End      Relocate Start    Relocate End   
[2026-04-03T01:58:58.319+0600][11.466s][info][gc,alloc    ] GC(8) y: Allocation Stalls:          0                0                0                0         
[2026-04-03T01:58:58.319+0600][11.466s][info][gc,load     ] GC(8) y: Load: 2.19 (18%) / 4.72 (39%) / 6.28 (52%)
[2026-04-03T01:58:58.319+0600][11.466s][info][gc,mmu      ] GC(8) y: MMU: 2ms/94.6%, 5ms/97.8%, 10ms/98.9%, 20ms/99.5%, 50ms/99.6%, 100ms/99.8%
[2026-04-03T01:58:58.319+0600][11.466s][info][gc,marking  ] GC(8) y: Mark: 2 stripe(s), 2 proactive flush(es), 1 terminate flush(es), 0 completion(s), 0 continuation(s) 
[2026-04-03T01:58:58.319+0600][11.466s][info][gc,marking  ] GC(8) y: Mark Stack Usage: 32M
[2026-04-03T01:58:58.319+0600][11.466s][info][gc,nmethod  ] GC(8) y: NMethods: 3217 registered, 126 unregistered
[2026-04-03T01:58:58.319+0600][11.466s][info][gc,metaspace] GC(8) y: Metaspace: 50M used, 51M committed, 1088M reserved
[2026-04-03T01:58:58.319+0600][11.466s][info][gc,reloc    ] GC(8) y:                        Candidates     Selected     In-Place         Size        Empty    Relocated 
[2026-04-03T01:58:58.319+0600][11.466s][info][gc,reloc    ] GC(8) y: Small Pages:                   47           24            0          94M           0M           1M 
[2026-04-03T01:58:58.319+0600][11.466s][info][gc,reloc    ] GC(8) y: Medium Pages:                   0            0            0           0M           0M           0M 
[2026-04-03T01:58:58.319+0600][11.466s][info][gc,reloc    ] GC(8) y: Large Pages:                    0            0            0           0M           0M           0M 
[2026-04-03T01:58:58.319+0600][11.466s][info][gc,reloc    ] GC(8) y: Forwarding Usage: 0M
[2026-04-03T01:58:58.319+0600][11.466s][info][gc,reloc    ] GC(8) y: Age Table:
[2026-04-03T01:58:58.319+0600][11.466s][info][gc,reloc    ] GC(8) y:                    Live             Garbage             Small              Medium             Large        
[2026-04-03T01:58:58.319+0600][11.467s][info][gc,reloc    ] GC(8) y: Eden               0M (0%)           41M (3%)          21 / 20             0 / 0              0 / 0        
[2026-04-03T01:58:58.319+0600][11.467s][info][gc,reloc    ] GC(8) y: Survivor 1        22M (2%)            5M (0%)          14 / 3              0 / 0              0 / 0        
[2026-04-03T01:58:58.319+0600][11.467s][info][gc,reloc    ] GC(8) y: Survivor 2        22M (2%)            1M (0%)          12 / 1              0 / 0              0 / 0        
[2026-04-03T01:58:58.319+0600][11.467s][info][gc,heap     ] GC(8) y: Min Capacity: 8M(1%)
[2026-04-03T01:58:58.319+0600][11.467s][info][gc,heap     ] GC(8) y: Max Capacity: 1250M(100%)
[2026-04-03T01:58:58.319+0600][11.467s][info][gc,heap     ] GC(8) y: Soft Max Capacity: 1250M(100%)
[2026-04-03T01:58:58.319+0600][11.467s][info][gc,heap     ] GC(8) y: Heap Statistics:
[2026-04-03T01:58:58.319+0600][11.467s][info][gc,heap     ] GC(8) y:                Mark Start          Mark End        Relocate Start      Relocate End           High               Low         
[2026-04-03T01:58:58.319+0600][11.467s][info][gc,heap     ] GC(8) y:  Capacity:     1106M (88%)        1106M (88%)        1106M (88%)        1106M (88%)        1106M (88%)        1106M (88%)    
[2026-04-03T01:58:58.319+0600][11.467s][info][gc,heap     ] GC(8) y:      Free:      984M (79%)         972M (78%)         972M (78%)        1010M (81%)        1012M (81%)         968M (77%)    
[2026-04-03T01:58:58.319+0600][11.467s][info][gc,heap     ] GC(8) y:      Used:      266M (21%)         278M (22%)         278M (22%)         240M (19%)         282M (23%)         238M (19%)    
[2026-04-03T01:58:58.319+0600][11.467s][info][gc,heap     ] GC(8) y: Young Generation Statistics:
[2026-04-03T01:58:58.319+0600][11.467s][info][gc,heap     ] GC(8) y:                Mark Start          Mark End        Relocate Start      Relocate End    
[2026-04-03T01:58:58.319+0600][11.467s][info][gc,heap     ] GC(8) y:      Used:       94M (8%)          108M (9%)           64M (5%)           22M (2%)     
[2026-04-03T01:58:58.319+0600][11.467s][info][gc,heap     ] GC(8) y:      Live:         -                44M (4%)            1M (0%)            0M (0%)     
[2026-04-03T01:58:58.319+0600][11.467s][info][gc,heap     ] GC(8) y:   Garbage:         -                49M (4%)           48M (4%)            0M (0%)     
[2026-04-03T01:58:58.319+0600][11.467s][info][gc,heap     ] GC(8) y: Allocated:         -                14M (1%)           14M (1%)           21M (2%)     
[2026-04-03T01:58:58.319+0600][11.467s][info][gc,heap     ] GC(8) y: Reclaimed:         -                  -                 0M (0%)           49M (4%)     
[2026-04-03T01:58:58.319+0600][11.467s][info][gc,heap     ] GC(8) y:  Promoted:         -                  -                43M (3%)           44M (4%)     
[2026-04-03T01:58:58.319+0600][11.467s][info][gc,heap     ] GC(8) y: Compacted:         -                  -                  -                 0M (0%)     
[2026-04-03T01:58:58.319+0600][11.467s][info][gc,phases   ] GC(8) y: Young Generation 268M(21%)->240M(19%) 0.125s
[2026-04-03T01:58:58.319+0600][11.467s][info][gc          ] GC(8) Minor Collection (Allocation Rate) 266M(21%)->240M(19%) 0.126s
[2026-04-03T01:58:58.319+0600][11.467s][info][gc,alloc    ] GC(6) O:                         Mark Start        Mark End      Relocate Start    Relocate End   
[2026-04-03T01:58:58.319+0600][11.467s][info][gc,alloc    ] GC(6) O: Allocation Stalls:          0                0                0                0         
[2026-04-03T01:58:58.319+0600][11.467s][info][gc,load     ] GC(6) O: Load: 2.19 (18%) / 4.72 (39%) / 6.28 (52%)
[2026-04-03T01:58:58.320+0600][11.467s][info][gc,mmu      ] GC(6) O: MMU: 2ms/94.6%, 5ms/97.8%, 10ms/98.9%, 20ms/99.5%, 50ms/99.6%, 100ms/99.8%
[2026-04-03T01:58:58.320+0600][11.467s][info][gc,marking  ] GC(6) O: Mark: 1 stripe(s), 2 proactive flush(es), 1 terminate flush(es), 0 completion(s), 0 continuation(s) 
[2026-04-03T01:58:58.320+0600][11.467s][info][gc,marking  ] GC(6) O: Mark Stack Usage: 32M
[2026-04-03T01:58:58.320+0600][11.467s][info][gc,nmethod  ] GC(6) O: NMethods: 3217 registered, 126 unregistered
[2026-04-03T01:58:58.320+0600][11.467s][info][gc,metaspace] GC(6) O: Metaspace: 50M used, 51M committed, 1088M reserved
[2026-04-03T01:58:58.320+0600][11.467s][info][gc,ref      ] GC(6) O:                       Encountered   Discovered     Enqueued 
[2026-04-03T01:58:58.320+0600][11.467s][info][gc,ref      ] GC(6) O: Soft References:             3983            0            0 
[2026-04-03T01:58:58.320+0600][11.467s][info][gc,ref      ] GC(6) O: Weak References:             4060         1085          380 
[2026-04-03T01:58:58.320+0600][11.467s][info][gc,ref      ] GC(6) O: Final References:              82            0            0 
[2026-04-03T01:58:58.320+0600][11.467s][info][gc,ref      ] GC(6) O: Phantom References:           582          195            0 
[2026-04-03T01:58:58.320+0600][11.467s][info][gc,reloc    ] GC(6) O:                        Candidates     Selected     In-Place         Size        Empty    Relocated 
[2026-04-03T01:58:58.320+0600][11.467s][info][gc,reloc    ] GC(6) O: Small Pages:                   11            3            0          22M           0M           1M 
[2026-04-03T01:58:58.320+0600][11.467s][info][gc,reloc    ] GC(6) O: Medium Pages:                   1            0            0          32M           0M           0M 
[2026-04-03T01:58:58.320+0600][11.467s][info][gc,reloc    ] GC(6) O: Large Pages:                    0            0            0           0M           0M           0M 
[2026-04-03T01:58:58.320+0600][11.467s][info][gc,reloc    ] GC(6) O: Forwarding Usage: 0M
[2026-04-03T01:58:58.320+0600][11.467s][info][gc,heap     ] GC(6) O: Min Capacity: 8M(1%)
[2026-04-03T01:58:58.320+0600][11.467s][info][gc,heap     ] GC(6) O: Max Capacity: 1250M(100%)
[2026-04-03T01:58:58.320+0600][11.467s][info][gc,heap     ] GC(6) O: Soft Max Capacity: 1250M(100%)
[2026-04-03T01:58:58.320+0600][11.467s][info][gc,heap     ] GC(6) O: Heap Statistics:
[2026-04-03T01:58:58.320+0600][11.467s][info][gc,heap     ] GC(6) O:                Mark Start          Mark End        Relocate Start      Relocate End           High               Low         
[2026-04-03T01:58:58.320+0600][11.467s][info][gc,heap     ] GC(6) O:  Capacity:     1106M (88%)        1106M (88%)        1106M (88%)        1106M (88%)        1106M (88%)        1106M (88%)    
[2026-04-03T01:58:58.320+0600][11.467s][info][gc,heap     ] GC(6) O:      Free:      786M (63%)         750M (60%)         984M (79%)         984M (79%)         986M (79%)         488M (39%)    
[2026-04-03T01:58:58.320+0600][11.467s][info][gc,heap     ] GC(6) O:      Used:      464M (37%)         500M (40%)         266M (21%)         266M (21%)         762M (61%)         264M (21%)    
[2026-04-03T01:58:58.320+0600][11.467s][info][gc,heap     ] GC(6) O: Old Generation Statistics:
[2026-04-03T01:58:58.320+0600][11.467s][info][gc,heap     ] GC(6) O:                Mark Start          Mark End        Relocate Start      Relocate End    
[2026-04-03T01:58:58.320+0600][11.467s][info][gc,heap     ] GC(6) O:      Used:       54M (4%)          172M (14%)         172M (14%)         170M (14%)    
[2026-04-03T01:58:58.320+0600][11.467s][info][gc,heap     ] GC(6) O:      Live:         -                19M (2%)           19M (2%)           19M (2%)     
[2026-04-03T01:58:58.320+0600][11.467s][info][gc,heap     ] GC(6) O:   Garbage:         -                34M (3%)           34M (3%)           27M (2%)     
[2026-04-03T01:58:58.320+0600][11.467s][info][gc,heap     ] GC(6) O: Allocated:         -               118M (9%)          118M (9%)          122M (10%)    
[2026-04-03T01:58:58.320+0600][11.467s][info][gc,heap     ] GC(6) O: Reclaimed:         -                  -                 0M (0%)            6M (1%)     
[2026-04-03T01:58:58.320+0600][11.467s][info][gc,heap     ] GC(6) O: Compacted:         -                  -                  -                 1M (0%)     
[2026-04-03T01:58:58.320+0600][11.467s][info][gc,phases   ] GC(6) O: Old Generation 492M(39%)->266M(21%) 0.279s
[2026-04-03T01:58:58.320+0600][11.467s][info][gc          ] GC(6) Major Collection (Allocation Rate) 464M(37%)->240M(19%) 0.881s
[2026-04-03T01:58:59.632+0600][12.780s][info][gc          ] GC(9) Major Collection (Allocation Rate)
[2026-04-03T01:58:59.632+0600][12.780s][info][gc,task     ] GC(9) Using 3 Workers for Young Generation
[2026-04-03T01:58:59.632+0600][12.780s][info][gc,task     ] GC(9) Using 1 Workers for Old Generation
[2026-04-03T01:58:59.632+0600][12.780s][info][gc,phases   ] GC(9) Y: Young Generation
[2026-04-03T01:58:59.633+0600][12.780s][info][gc,phases   ] GC(9) Y: Pause Mark Start (Major) 0.020ms
[2026-04-03T01:58:59.641+0600][12.788s][info][gc,phases   ] GC(9) Y: Concurrent Mark 8.140ms
[2026-04-03T01:58:59.641+0600][12.789s][info][gc,phases   ] GC(9) Y: Pause Mark End 0.023ms
[2026-04-03T01:58:59.641+0600][12.789s][info][gc,phases   ] GC(9) Y: Concurrent Mark Free 0.001ms
[2026-04-03T01:58:59.641+0600][12.789s][info][gc,phases   ] GC(9) Y: Concurrent Reset Relocation Set 0.043ms
[2026-04-03T01:58:59.643+0600][12.790s][info][gc,reloc    ] GC(9) Y: Using tenuring threshold: 2 (Computed)
[2026-04-03T01:58:59.643+0600][12.791s][info][gc,phases   ] GC(9) Y: Concurrent Select Relocation Set 1.816ms
[2026-04-03T01:58:59.643+0600][12.791s][info][gc,phases   ] GC(9) Y: Pause Relocate Start 0.014ms
[2026-04-03T01:58:59.644+0600][12.792s][info][gc,phases   ] GC(9) Y: Concurrent Relocate 0.791ms
[2026-04-03T01:58:59.644+0600][12.792s][info][gc,alloc    ] GC(9) Y:                         Mark Start        Mark End      Relocate Start    Relocate End   
[2026-04-03T01:58:59.644+0600][12.792s][info][gc,alloc    ] GC(9) Y: Allocation Stalls:          0                0                0                0         
[2026-04-03T01:58:59.644+0600][12.792s][info][gc,load     ] GC(9) Y: Load: 2.17 (18%) / 4.68 (39%) / 6.25 (52%)
[2026-04-03T01:58:59.644+0600][12.792s][info][gc,mmu      ] GC(9) Y: MMU: 2ms/94.6%, 5ms/97.8%, 10ms/98.9%, 20ms/99.5%, 50ms/99.6%, 100ms/99.8%
[2026-04-03T01:58:59.644+0600][12.792s][info][gc,marking  ] GC(9) Y: Mark: 2 stripe(s), 2 proactive flush(es), 1 terminate flush(es), 0 completion(s), 0 continuation(s) 
[2026-04-03T01:58:59.644+0600][12.792s][info][gc,marking  ] GC(9) Y: Mark Stack Usage: 32M
[2026-04-03T01:58:59.644+0600][12.792s][info][gc,nmethod  ] GC(9) Y: NMethods: 3269 registered, 126 unregistered
[2026-04-03T01:58:59.645+0600][12.792s][info][gc,metaspace] GC(9) Y: Metaspace: 51M used, 52M committed, 1088M reserved
[2026-04-03T01:58:59.645+0600][12.792s][info][gc,reloc    ] GC(9) Y:                        Candidates     Selected     In-Place         Size        Empty    Relocated 
[2026-04-03T01:58:59.645+0600][12.792s][info][gc,reloc    ] GC(9) Y: Small Pages:                   16           15            0          32M           0M           1M 
[2026-04-03T01:58:59.645+0600][12.792s][info][gc,reloc    ] GC(9) Y: Medium Pages:                   1            0            0          32M           0M           0M 
[2026-04-03T01:58:59.645+0600][12.792s][info][gc,reloc    ] GC(9) Y: Large Pages:                    0            0            0           0M           0M           0M 
[2026-04-03T01:58:59.645+0600][12.792s][info][gc,reloc    ] GC(9) Y: Forwarding Usage: 0M
[2026-04-03T01:58:59.645+0600][12.792s][info][gc,reloc    ] GC(9) Y: Age Table:
[2026-04-03T01:58:59.645+0600][12.792s][info][gc,reloc    ] GC(9) Y:                    Live             Garbage             Small              Medium             Large        
[2026-04-03T01:58:59.645+0600][12.792s][info][gc,reloc    ] GC(9) Y: Eden               1M (0%)           56M (4%)          13 / 12             1 / 0              0 / 0        
[2026-04-03T01:58:59.645+0600][12.792s][info][gc,reloc    ] GC(9) Y: Survivor 1         0M (0%)            5M (0%)           3 / 3              0 / 0              0 / 0        
[2026-04-03T01:58:59.645+0600][12.792s][info][gc,heap     ] GC(9) Y: Min Capacity: 8M(1%)
[2026-04-03T01:58:59.645+0600][12.792s][info][gc,heap     ] GC(9) Y: Max Capacity: 1250M(100%)
[2026-04-03T01:58:59.645+0600][12.792s][info][gc,heap     ] GC(9) Y: Soft Max Capacity: 1250M(100%)
[2026-04-03T01:58:59.645+0600][12.792s][info][gc,heap     ] GC(9) Y: Heap Statistics:
[2026-04-03T01:58:59.645+0600][12.792s][info][gc,heap     ] GC(9) Y:                Mark Start          Mark End        Relocate Start      Relocate End           High               Low         
[2026-04-03T01:58:59.645+0600][12.792s][info][gc,heap     ] GC(9) Y:  Capacity:     1138M (91%)        1138M (91%)        1138M (91%)        1138M (91%)        1138M (91%)        1138M (91%)    
[2026-04-03T01:58:59.645+0600][12.792s][info][gc,heap     ] GC(9) Y:      Free:      968M (77%)         966M (77%)         966M (77%)         984M (79%)         984M (79%)         962M (77%)    
[2026-04-03T01:58:59.645+0600][12.792s][info][gc,heap     ] GC(9) Y:      Used:      282M (23%)         284M (23%)         284M (23%)         266M (21%)         288M (23%)         266M (21%)    
[2026-04-03T01:58:59.645+0600][12.792s][info][gc,heap     ] GC(9) Y: Young Generation Statistics:
[2026-04-03T01:58:59.645+0600][12.792s][info][gc,heap     ] GC(9) Y:                Mark Start          Mark End        Relocate Start      Relocate End    
[2026-04-03T01:58:59.645+0600][12.792s][info][gc,heap     ] GC(9) Y:      Used:       64M (5%)           66M (5%)           66M (5%)           48M (4%)     
[2026-04-03T01:58:59.645+0600][12.792s][info][gc,heap     ] GC(9) Y:      Live:         -                 2M (0%)            2M (0%)            2M (0%)     
[2026-04-03T01:58:59.645+0600][12.792s][info][gc,heap     ] GC(9) Y:   Garbage:         -                61M (5%)           61M (5%)           30M (2%)     
[2026-04-03T01:58:59.645+0600][12.792s][info][gc,heap     ] GC(9) Y: Allocated:         -                 2M (0%)            2M (0%)           14M (1%)     
[2026-04-03T01:58:59.645+0600][12.792s][info][gc,heap     ] GC(9) Y: Reclaimed:         -                  -                 0M (0%)           30M (2%)     
[2026-04-03T01:58:59.645+0600][12.792s][info][gc,heap     ] GC(9) Y:  Promoted:         -                  -                 0M (0%)            0M (0%)     
[2026-04-03T01:58:59.645+0600][12.792s][info][gc,heap     ] GC(9) Y: Compacted:         -                  -                  -                 1M (0%)     
[2026-04-03T01:58:59.645+0600][12.792s][info][gc,phases   ] GC(9) Y: Young Generation 282M(23%)->266M(21%) 0.012s
[2026-04-03T01:58:59.645+0600][12.792s][info][gc,phases   ] GC(9) O: Old Generation
[2026-04-03T01:58:59.707+0600][12.854s][info][gc,phases   ] GC(9) O: Concurrent Mark 61.839ms
[2026-04-03T01:58:59.707+0600][12.855s][info][gc,phases   ] GC(9) O: Pause Mark End 0.024ms
[2026-04-03T01:58:59.707+0600][12.855s][info][gc,phases   ] GC(9) O: Concurrent Mark Free 0.002ms
[2026-04-03T01:58:59.722+0600][12.870s][info][gc,phases   ] GC(9) O: Concurrent Process Non-Strong 14.694ms
[2026-04-03T01:58:59.722+0600][12.870s][info][gc,phases   ] GC(9) O: Concurrent Reset Relocation Set 0.003ms
[2026-04-03T01:58:59.727+0600][12.874s][info][gc,phases   ] GC(9) O: Concurrent Select Relocation Set 4.543ms
[2026-04-03T01:58:59.727+0600][12.874s][info][gc,task     ] GC(9) O: Using 3 Workers for Old Generation
[2026-04-03T01:58:59.744+0600][12.891s][info][gc,task     ] GC(9) O: Using 1 Workers for Old Generation
[2026-04-03T01:58:59.744+0600][12.892s][info][gc,phases   ] GC(9) O: Concurrent Remap Roots 17.225ms
[2026-04-03T01:58:59.746+0600][12.894s][info][gc,phases   ] GC(9) O: Pause Relocate Start 0.023ms
[2026-04-03T01:58:59.793+0600][12.941s][info][gc,phases   ] GC(9) O: Concurrent Relocate 46.410ms
[2026-04-03T01:58:59.793+0600][12.941s][info][gc,alloc    ] GC(9) O:                         Mark Start        Mark End      Relocate Start    Relocate End   
[2026-04-03T01:58:59.793+0600][12.941s][info][gc,alloc    ] GC(9) O: Allocation Stalls:          0                0                0                0         
[2026-04-03T01:58:59.793+0600][12.941s][info][gc,load     ] GC(9) O: Load: 2.17 (18%) / 4.68 (39%) / 6.25 (52%)
[2026-04-03T01:58:59.793+0600][12.941s][info][gc,mmu      ] GC(9) O: MMU: 2ms/94.6%, 5ms/97.8%, 10ms/98.9%, 20ms/99.5%, 50ms/99.6%, 100ms/99.8%
[2026-04-03T01:58:59.793+0600][12.941s][info][gc,marking  ] GC(9) O: Mark: 1 stripe(s), 2 proactive flush(es), 1 terminate flush(es), 0 completion(s), 0 continuation(s) 
[2026-04-03T01:58:59.793+0600][12.941s][info][gc,marking  ] GC(9) O: Mark Stack Usage: 32M
[2026-04-03T01:58:59.793+0600][12.941s][info][gc,nmethod  ] GC(9) O: NMethods: 3284 registered, 212 unregistered
[2026-04-03T01:58:59.793+0600][12.941s][info][gc,metaspace] GC(9) O: Metaspace: 52M used, 53M committed, 1088M reserved
[2026-04-03T01:58:59.793+0600][12.941s][info][gc,ref      ] GC(9) O:                       Encountered   Discovered     Enqueued 
[2026-04-03T01:58:59.793+0600][12.941s][info][gc,ref      ] GC(9) O: Soft References:             4018            0            0 
[2026-04-03T01:58:59.793+0600][12.941s][info][gc,ref      ] GC(9) O: Weak References:             4064         3059          915 
[2026-04-03T01:58:59.793+0600][12.941s][info][gc,ref      ] GC(9) O: Final References:              82            2            0 
[2026-04-03T01:58:59.793+0600][12.941s][info][gc,ref      ] GC(9) O: Phantom References:           586          556            1 
[2026-04-03T01:58:59.793+0600][12.941s][info][gc,reloc    ] GC(9) O:                        Candidates     Selected     In-Place         Size        Empty    Relocated 
[2026-04-03T01:58:59.793+0600][12.941s][info][gc,reloc    ] GC(9) O: Small Pages:                   77           12            0         154M         104M           3M 
[2026-04-03T01:58:59.793+0600][12.941s][info][gc,reloc    ] GC(9) O: Medium Pages:                   2            1            0          64M           0M           5M 
[2026-04-03T01:58:59.793+0600][12.941s][info][gc,reloc    ] GC(9) O: Large Pages:                    0            0            0           0M           0M           0M 
[2026-04-03T01:58:59.793+0600][12.941s][info][gc,reloc    ] GC(9) O: Forwarding Usage: 2M
[2026-04-03T01:58:59.793+0600][12.941s][info][gc,heap     ] GC(9) O: Min Capacity: 8M(1%)
[2026-04-03T01:58:59.793+0600][12.941s][info][gc,heap     ] GC(9) O: Max Capacity: 1250M(100%)
[2026-04-03T01:58:59.793+0600][12.941s][info][gc,heap     ] GC(9) O: Soft Max Capacity: 1250M(100%)
[2026-04-03T01:58:59.793+0600][12.941s][info][gc,heap     ] GC(9) O: Heap Statistics:
[2026-04-03T01:58:59.794+0600][12.941s][info][gc,heap     ] GC(9) O:                Mark Start          Mark End        Relocate Start      Relocate End           High               Low         
[2026-04-03T01:58:59.794+0600][12.941s][info][gc,heap     ] GC(9) O:  Capacity:     1138M (91%)        1138M (91%)        1138M (91%)        1202M (96%)        1202M (96%)        1138M (91%)    
[2026-04-03T01:58:59.794+0600][12.941s][info][gc,heap     ] GC(9) O:      Free:      968M (77%)         976M (78%)        1076M (86%)        1090M (87%)        1090M (87%)         962M (77%)    
[2026-04-03T01:58:59.794+0600][12.941s][info][gc,heap     ] GC(9) O:      Used:      282M (23%)         274M (22%)         174M (14%)         160M (13%)         288M (23%)         160M (13%)    
[2026-04-03T01:58:59.794+0600][12.941s][info][gc,heap     ] GC(9) O: Old Generation Statistics:
[2026-04-03T01:58:59.794+0600][12.941s][info][gc,heap     ] GC(9) O:                Mark Start          Mark End        Relocate Start      Relocate End    
[2026-04-03T01:58:59.794+0600][12.941s][info][gc,heap     ] GC(9) O:      Used:      218M (17%)         218M (17%)         114M (9%)          100M (8%)     
[2026-04-03T01:58:59.794+0600][12.941s][info][gc,heap     ] GC(9) O:      Live:         -                29M (2%)           29M (2%)           29M (2%)     
[2026-04-03T01:58:59.794+0600][12.941s][info][gc,heap     ] GC(9) O:   Garbage:         -               188M (15%)          84M (7%)            1M (0%)     
[2026-04-03T01:58:59.794+0600][12.941s][info][gc,heap     ] GC(9) O: Allocated:         -                 0M (0%)            0M (0%)           69M (6%)     
[2026-04-03T01:58:59.794+0600][12.941s][info][gc,heap     ] GC(9) O: Reclaimed:         -                  -               104M (8%)          187M (15%)    
[2026-04-03T01:58:59.794+0600][12.941s][info][gc,heap     ] GC(9) O: Compacted:         -                  -                  -                12M (1%)     
[2026-04-03T01:58:59.794+0600][12.941s][info][gc,phases   ] GC(9) O: Old Generation 266M(21%)->160M(13%) 0.148s
[2026-04-03T01:58:59.794+0600][12.941s][info][gc          ] GC(9) Major Collection (Allocation Rate) 282M(23%)->160M(13%) 0.161s
[2026-04-03T01:58:59.808+0600][12.955s][info][gc          ] GC(10) Major Collection (Allocation Rate)
[2026-04-03T01:58:59.808+0600][12.956s][info][gc,task     ] GC(10) Using 3 Workers for Young Generation
[2026-04-03T01:58:59.808+0600][12.956s][info][gc,task     ] GC(10) Using 2 Workers for Old Generation
[2026-04-03T01:58:59.808+0600][12.956s][info][gc,phases   ] GC(10) Y: Young Generation
[2026-04-03T01:58:59.808+0600][12.956s][info][gc,phases   ] GC(10) Y: Pause Mark Start (Major) 0.025ms
[2026-04-03T01:58:59.821+0600][12.969s][info][gc,phases   ] GC(10) Y: Concurrent Mark 12.960ms
[2026-04-03T01:58:59.822+0600][12.969s][info][gc,phases   ] GC(10) Y: Pause Mark End 0.030ms
[2026-04-03T01:58:59.822+0600][12.969s][info][gc,phases   ] GC(10) Y: Concurrent Mark Free 0.002ms
[2026-04-03T01:58:59.822+0600][12.969s][info][gc,phases   ] GC(10) Y: Concurrent Reset Relocation Set 0.005ms
[2026-04-03T01:58:59.825+0600][12.972s][info][gc,reloc    ] GC(10) Y: Using tenuring threshold: 3 (Computed)
[2026-04-03T01:58:59.826+0600][12.973s][info][gc,phases   ] GC(10) Y: Concurrent Select Relocation Set 3.536ms
[2026-04-03T01:58:59.826+0600][12.973s][info][gc,phases   ] GC(10) Y: Pause Relocate Start 0.020ms
[2026-04-03T01:58:59.827+0600][12.975s][info][gc,phases   ] GC(10) Y: Concurrent Relocate 1.522ms
[2026-04-03T01:58:59.828+0600][12.975s][info][gc,alloc    ] GC(10) Y:                         Mark Start        Mark End      Relocate Start    Relocate End   
[2026-04-03T01:58:59.828+0600][12.975s][info][gc,alloc    ] GC(10) Y: Allocation Stalls:          0                0                0                0         
[2026-04-03T01:58:59.828+0600][12.975s][info][gc,load     ] GC(10) Y: Load: 2.17 (18%) / 4.68 (39%) / 6.25 (52%)
[2026-04-03T01:58:59.828+0600][12.975s][info][gc,mmu      ] GC(10) Y: MMU: 2ms/94.6%, 5ms/97.8%, 10ms/98.9%, 20ms/99.5%, 50ms/99.6%, 100ms/99.8%
[2026-04-03T01:58:59.828+0600][12.975s][info][gc,marking  ] GC(10) Y: Mark: 2 stripe(s), 6 proactive flush(es), 1 terminate flush(es), 0 completion(s), 0 continuation(s) 
[2026-04-03T01:58:59.828+0600][12.975s][info][gc,marking  ] GC(10) Y: Mark Stack Usage: 32M
[2026-04-03T01:58:59.828+0600][12.975s][info][gc,nmethod  ] GC(10) Y: NMethods: 3370 registered, 212 unregistered
[2026-04-03T01:58:59.828+0600][12.975s][info][gc,metaspace] GC(10) Y: Metaspace: 52M used, 53M committed, 1088M reserved
[2026-04-03T01:58:59.828+0600][12.975s][info][gc,reloc    ] GC(10) Y:                        Candidates     Selected     In-Place         Size        Empty    Relocated 
[2026-04-03T01:58:59.828+0600][12.975s][info][gc,reloc    ] GC(10) Y: Small Pages:                   14           13            0          28M           0M           1M 
[2026-04-03T01:58:59.828+0600][12.975s][info][gc,reloc    ] GC(10) Y: Medium Pages:                   1            0            0          32M          32M           0M 
[2026-04-03T01:58:59.828+0600][12.975s][info][gc,reloc    ] GC(10) Y: Large Pages:                    1            0            0           6M           0M           0M 
[2026-04-03T01:58:59.828+0600][12.975s][info][gc,reloc    ] GC(10) Y: Forwarding Usage: 0M
[2026-04-03T01:58:59.828+0600][12.975s][info][gc,reloc    ] GC(10) Y: Age Table:
[2026-04-03T01:58:59.828+0600][12.975s][info][gc,reloc    ] GC(10) Y:                    Live             Garbage             Small              Medium             Large        
[2026-04-03T01:58:59.828+0600][12.975s][info][gc,reloc    ] GC(10) Y: Eden               6M (1%)           13M (1%)           7 / 7              0 / 0              1 / 0        
[2026-04-03T01:58:59.828+0600][12.975s][info][gc,reloc    ] GC(10) Y: Survivor 1         0M (0%)           39M (3%)           4 / 4              1 / 0              0 / 0        
[2026-04-03T01:58:59.828+0600][12.975s][info][gc,reloc    ] GC(10) Y: Survivor 2         0M (0%)            5M (0%)           3 / 2              0 / 0              0 / 0        
[2026-04-03T01:58:59.828+0600][12.975s][info][gc,heap     ] GC(10) Y: Min Capacity: 8M(1%)
[2026-04-03T01:58:59.828+0600][12.975s][info][gc,heap     ] GC(10) Y: Max Capacity: 1250M(100%)
[2026-04-03T01:58:59.828+0600][12.975s][info][gc,heap     ] GC(10) Y: Soft Max Capacity: 1250M(100%)
[2026-04-03T01:58:59.828+0600][12.975s][info][gc,heap     ] GC(10) Y: Heap Statistics:
[2026-04-03T01:58:59.828+0600][12.975s][info][gc,heap     ] GC(10) Y:                Mark Start          Mark End        Relocate Start      Relocate End           High               Low         
[2026-04-03T01:58:59.828+0600][12.975s][info][gc,heap     ] GC(10) Y:  Capacity:     1202M (96%)        1202M (96%)        1202M (96%)        1202M (96%)        1202M (96%)        1202M (96%)    
[2026-04-03T01:58:59.828+0600][12.975s][info][gc,heap     ] GC(10) Y:      Free:     1084M (87%)        1080M (86%)        1112M (89%)        1122M (90%)        1122M (90%)        1080M (86%)    
[2026-04-03T01:58:59.828+0600][12.975s][info][gc,heap     ] GC(10) Y:      Used:      166M (13%)         170M (14%)         138M (11%)         128M (10%)         170M (14%)         128M (10%)    
[2026-04-03T01:58:59.828+0600][12.975s][info][gc,heap     ] GC(10) Y: Young Generation Statistics:
[2026-04-03T01:58:59.828+0600][12.975s][info][gc,heap     ] GC(10) Y:                Mark Start          Mark End        Relocate Start      Relocate End    
[2026-04-03T01:58:59.828+0600][12.975s][info][gc,heap     ] GC(10) Y:      Used:       66M (5%)           70M (6%)           38M (3%)           28M (2%)     
[2026-04-03T01:58:59.828+0600][12.975s][info][gc,heap     ] GC(10) Y:      Live:         -                 7M (1%)            7M (1%)            7M (1%)     
[2026-04-03T01:58:59.828+0600][12.975s][info][gc,heap     ] GC(10) Y:   Garbage:         -                58M (5%)           26M (2%)            0M (0%)     
[2026-04-03T01:58:59.828+0600][12.975s][info][gc,heap     ] GC(10) Y: Allocated:         -                 4M (0%)            4M (0%)           20M (2%)     
[2026-04-03T01:58:59.828+0600][12.976s][info][gc,heap     ] GC(10) Y: Reclaimed:         -                  -                32M (3%)           58M (5%)     
[2026-04-03T01:58:59.828+0600][12.976s][info][gc,heap     ] GC(10) Y:  Promoted:         -                  -                 0M (0%)            0M (0%)     
[2026-04-03T01:58:59.828+0600][12.976s][info][gc,heap     ] GC(10) Y: Compacted:         -                  -                  -                 1M (0%)     
[2026-04-03T01:58:59.828+0600][12.976s][info][gc,phases   ] GC(10) Y: Young Generation 166M(13%)->128M(10%) 0.019s
[2026-04-03T01:58:59.828+0600][12.976s][info][gc,phases   ] GC(10) O: Old Generation
[2026-04-03T01:58:59.879+0600][13.027s][info][gc,phases   ] GC(10) O: Concurrent Mark 51.208ms
[2026-04-03T01:58:59.879+0600][13.027s][info][gc,phases   ] GC(10) O: Pause Mark End 0.033ms
[2026-04-03T01:58:59.880+0600][13.027s][info][gc,phases   ] GC(10) O: Concurrent Mark Free 0.002ms
[2026-04-03T01:58:59.889+0600][13.036s][info][gc,phases   ] GC(10) O: Concurrent Process Non-Strong 9.046ms
[2026-04-03T01:58:59.889+0600][13.036s][info][gc,phases   ] GC(10) O: Concurrent Reset Relocation Set 0.009ms
[2026-04-03T01:58:59.891+0600][13.038s][info][gc,phases   ] GC(10) O: Concurrent Select Relocation Set 2.113ms
[2026-04-03T01:58:59.891+0600][13.038s][info][gc,task     ] GC(10) O: Using 3 Workers for Old Generation
[2026-04-03T01:58:59.909+0600][13.056s][info][gc,task     ] GC(10) O: Using 2 Workers for Old Generation
[2026-04-03T01:58:59.909+0600][13.056s][info][gc,phases   ] GC(10) O: Concurrent Remap Roots 17.706ms
[2026-04-03T01:58:59.909+0600][13.057s][info][gc,phases   ] GC(10) O: Pause Relocate Start 0.031ms
[2026-04-03T01:58:59.911+0600][13.059s][info][gc,phases   ] GC(10) O: Concurrent Relocate 2.117ms
[2026-04-03T01:58:59.911+0600][13.059s][info][gc,alloc    ] GC(10) O:                         Mark Start        Mark End      Relocate Start    Relocate End   
[2026-04-03T01:58:59.911+0600][13.059s][info][gc,alloc    ] GC(10) O: Allocation Stalls:          0                0                0                0         
[2026-04-03T01:58:59.912+0600][13.059s][info][gc,load     ] GC(10) O: Load: 2.17 (18%) / 4.68 (39%) / 6.25 (52%)
[2026-04-03T01:58:59.912+0600][13.059s][info][gc,mmu      ] GC(10) O: MMU: 2ms/94.6%, 5ms/97.8%, 10ms/98.9%, 20ms/99.5%, 50ms/99.6%, 100ms/99.8%
[2026-04-03T01:58:59.912+0600][13.059s][info][gc,marking  ] GC(10) O: Mark: 2 stripe(s), 2 proactive flush(es), 1 terminate flush(es), 0 completion(s), 0 continuation(s) 
[2026-04-03T01:58:59.912+0600][13.059s][info][gc,marking  ] GC(10) O: Mark Stack Usage: 32M
[2026-04-03T01:58:59.912+0600][13.059s][info][gc,nmethod  ] GC(10) O: NMethods: 3372 registered, 233 unregistered
[2026-04-03T01:58:59.912+0600][13.059s][info][gc,metaspace] GC(10) O: Metaspace: 53M used, 54M committed, 1088M reserved
[2026-04-03T01:58:59.912+0600][13.059s][info][gc,ref      ] GC(10) O:                       Encountered   Discovered     Enqueued 
[2026-04-03T01:58:59.912+0600][13.059s][info][gc,ref      ] GC(10) O: Soft References:             4100            0            0 
[2026-04-03T01:58:59.912+0600][13.059s][info][gc,ref      ] GC(10) O: Weak References:             3487         1339            1 
[2026-04-03T01:58:59.912+0600][13.059s][info][gc,ref      ] GC(10) O: Final References:              82           82            0 
[2026-04-03T01:58:59.912+0600][13.059s][info][gc,ref      ] GC(10) O: Phantom References:           585          562            0 
[2026-04-03T01:58:59.912+0600][13.059s][info][gc,reloc    ] GC(10) O:                        Candidates     Selected     In-Place         Size        Empty    Relocated 
[2026-04-03T01:58:59.912+0600][13.059s][info][gc,reloc    ] GC(10) O: Small Pages:                   18            5            0          36M           0M           0M 
[2026-04-03T01:58:59.912+0600][13.059s][info][gc,reloc    ] GC(10) O: Medium Pages:                   2            0            0          64M          32M           0M 
[2026-04-03T01:58:59.912+0600][13.059s][info][gc,reloc    ] GC(10) O: Large Pages:                    0            0            0           0M           0M           0M 
[2026-04-03T01:58:59.912+0600][13.059s][info][gc,reloc    ] GC(10) O: Forwarding Usage: 0M
[2026-04-03T01:58:59.912+0600][13.059s][info][gc,heap     ] GC(10) O: Min Capacity: 8M(1%)
[2026-04-03T01:58:59.912+0600][13.059s][info][gc,heap     ] GC(10) O: Max Capacity: 1250M(100%)
[2026-04-03T01:58:59.912+0600][13.059s][info][gc,heap     ] GC(10) O: Soft Max Capacity: 1250M(100%)
[2026-04-03T01:58:59.912+0600][13.059s][info][gc,heap     ] GC(10) O: Heap Statistics:
[2026-04-03T01:58:59.912+0600][13.059s][info][gc,heap     ] GC(10) O:                Mark Start          Mark End        Relocate Start      Relocate End           High               Low         
[2026-04-03T01:58:59.912+0600][13.059s][info][gc,heap     ] GC(10) O:  Capacity:     1202M (96%)        1202M (96%)        1202M (96%)        1202M (96%)        1202M (96%)        1202M (96%)    
[2026-04-03T01:58:59.912+0600][13.059s][info][gc,heap     ] GC(10) O:      Free:     1084M (87%)        1110M (89%)        1108M (89%)        1110M (89%)        1142M (91%)        1080M (86%)    
[2026-04-03T01:58:59.912+0600][13.059s][info][gc,heap     ] GC(10) O:      Used:      166M (13%)         140M (11%)         142M (11%)         140M (11%)         170M (14%)         108M (9%)     
[2026-04-03T01:58:59.912+0600][13.059s][info][gc,heap     ] GC(10) O: Old Generation Statistics:
[2026-04-03T01:58:59.912+0600][13.059s][info][gc,heap     ] GC(10) O:                Mark Start          Mark End        Relocate Start      Relocate End    
[2026-04-03T01:58:59.912+0600][13.059s][info][gc,heap     ] GC(10) O:      Used:      100M (8%)          100M (8%)           68M (5%)           66M (5%)     
[2026-04-03T01:58:59.912+0600][13.059s][info][gc,heap     ] GC(10) O:      Live:         -                29M (2%)           29M (2%)           29M (2%)     
[2026-04-03T01:58:59.912+0600][13.059s][info][gc,heap     ] GC(10) O:   Garbage:         -                70M (6%)           38M (3%)           27M (2%)     
[2026-04-03T01:58:59.912+0600][13.059s][info][gc,heap     ] GC(10) O: Allocated:         -                 0M (0%)            0M (0%)            9M (1%)     
[2026-04-03T01:58:59.912+0600][13.059s][info][gc,heap     ] GC(10) O: Reclaimed:         -                  -                32M (3%)           43M (3%)     
[2026-04-03T01:58:59.912+0600][13.059s][info][gc,heap     ] GC(10) O: Compacted:         -                  -                  -                 0M (0%)     
[2026-04-03T01:58:59.912+0600][13.059s][info][gc,phases   ] GC(10) O: Old Generation 128M(10%)->140M(11%) 0.083s
[2026-04-03T01:58:59.912+0600][13.060s][info][gc          ] GC(10) Major Collection (Allocation Rate) 166M(13%)->140M(11%) 0.104s
[2026-04-03T01:58:59.998+0600][13.145s][info][gc          ] GC(11) Major Collection (System.gc())
[2026-04-03T01:58:59.998+0600][13.145s][info][gc,task     ] GC(11) Using 3 Workers for Young Generation
[2026-04-03T01:58:59.998+0600][13.145s][info][gc,task     ] GC(11) Using 3 Workers for Old Generation
[2026-04-03T01:58:59.998+0600][13.145s][info][gc,phases   ] GC(11) Y: Young Generation (Promote All)
[2026-04-03T01:58:59.998+0600][13.145s][info][gc,phases   ] GC(11) Y: Pause Mark Start 0.021ms
[2026-04-03T01:59:00.009+0600][13.156s][info][gc,phases   ] GC(11) Y: Concurrent Mark 10.686ms
[2026-04-03T01:59:00.009+0600][13.157s][info][gc,phases   ] GC(11) Y: Pause Mark End 0.032ms
[2026-04-03T01:59:00.009+0600][13.157s][info][gc,phases   ] GC(11) Y: Concurrent Mark Free 0.003ms
[2026-04-03T01:59:00.009+0600][13.157s][info][gc,phases   ] GC(11) Y: Concurrent Reset Relocation Set 0.007ms
[2026-04-03T01:59:00.011+0600][13.159s][info][gc,reloc    ] GC(11) Y: Using tenuring threshold: 0 (Promote All)
[2026-04-03T01:59:00.013+0600][13.161s][info][gc,phases   ] GC(11) Y: Concurrent Select Relocation Set 4.079ms
[2026-04-03T01:59:00.013+0600][13.161s][info][gc,phases   ] GC(11) Y: Pause Relocate Start 0.014ms
[2026-04-03T01:59:00.017+0600][13.164s][info][gc,phases   ] GC(11) Y: Concurrent Relocate 3.016ms
[2026-04-03T01:59:00.017+0600][13.164s][info][gc,alloc    ] GC(11) Y:                         Mark Start        Mark End      Relocate Start    Relocate End   
[2026-04-03T01:59:00.017+0600][13.164s][info][gc,alloc    ] GC(11) Y: Allocation Stalls:          0                0                0                0         
[2026-04-03T01:59:00.017+0600][13.164s][info][gc,load     ] GC(11) Y: Load: 2.17 (18%) / 4.68 (39%) / 6.25 (52%)
[2026-04-03T01:59:00.017+0600][13.164s][info][gc,mmu      ] GC(11) Y: MMU: 2ms/94.6%, 5ms/97.8%, 10ms/98.9%, 20ms/99.5%, 50ms/99.6%, 100ms/99.8%
[2026-04-03T01:59:00.017+0600][13.164s][info][gc,marking  ] GC(11) Y: Mark: 2 stripe(s), 2 proactive flush(es), 1 terminate flush(es), 0 completion(s), 0 continuation(s) 
[2026-04-03T01:59:00.017+0600][13.164s][info][gc,marking  ] GC(11) Y: Mark Stack Usage: 32M
[2026-04-03T01:59:00.017+0600][13.164s][info][gc,nmethod  ] GC(11) Y: NMethods: 3425 registered, 233 unregistered
[2026-04-03T01:59:00.017+0600][13.164s][info][gc,metaspace] GC(11) Y: Metaspace: 53M used, 54M committed, 1088M reserved
[2026-04-03T01:59:00.017+0600][13.164s][info][gc,reloc    ] GC(11) Y:                        Candidates     Selected     In-Place         Size        Empty    Relocated 
[2026-04-03T01:59:00.017+0600][13.164s][info][gc,reloc    ] GC(11) Y: Small Pages:                   20           18            0          40M           2M           1M 
[2026-04-03T01:59:00.017+0600][13.164s][info][gc,reloc    ] GC(11) Y: Medium Pages:                   1            0            0          32M          32M           0M 
[2026-04-03T01:59:00.017+0600][13.164s][info][gc,reloc    ] GC(11) Y: Large Pages:                    1            0            0           6M           6M           0M 
[2026-04-03T01:59:00.017+0600][13.164s][info][gc,reloc    ] GC(11) Y: Forwarding Usage: 0M
[2026-04-03T01:59:00.017+0600][13.164s][info][gc,reloc    ] GC(11) Y: Age Table:
[2026-04-03T01:59:00.017+0600][13.164s][info][gc,reloc    ] GC(11) Y:                    Live             Garbage             Small              Medium             Large        
[2026-04-03T01:59:00.017+0600][13.164s][info][gc,reloc    ] GC(11) Y: Eden               0M (0%)           53M (4%)          11 / 10             1 / 0              0 / 0        
[2026-04-03T01:59:00.017+0600][13.164s][info][gc,reloc    ] GC(11) Y: Survivor 1         0M (0%)           13M (1%)           4 / 3              0 / 0              1 / 0        
[2026-04-03T01:59:00.017+0600][13.164s][info][gc,reloc    ] GC(11) Y: Survivor 2         0M (0%)            5M (0%)           3 / 3              0 / 0              0 / 0        
[2026-04-03T01:59:00.017+0600][13.164s][info][gc,reloc    ] GC(11) Y: Survivor 3         0M (0%)            3M (0%)           2 / 2              0 / 0              0 / 0        
[2026-04-03T01:59:00.017+0600][13.164s][info][gc,heap     ] GC(11) Y: Min Capacity: 8M(1%)
[2026-04-03T01:59:00.017+0600][13.164s][info][gc,heap     ] GC(11) Y: Max Capacity: 1250M(100%)
[2026-04-03T01:59:00.017+0600][13.164s][info][gc,heap     ] GC(11) Y: Soft Max Capacity: 1250M(100%)
[2026-04-03T01:59:00.017+0600][13.164s][info][gc,heap     ] GC(11) Y: Heap Statistics:
[2026-04-03T01:59:00.017+0600][13.164s][info][gc,heap     ] GC(11) Y:                Mark Start          Mark End        Relocate Start      Relocate End           High               Low         
[2026-04-03T01:59:00.017+0600][13.164s][info][gc,heap     ] GC(11) Y:  Capacity:     1202M (96%)        1202M (96%)        1202M (96%)        1202M (96%)        1202M (96%)        1202M (96%)    
[2026-04-03T01:59:00.017+0600][13.164s][info][gc,heap     ] GC(11) Y:      Free:     1106M (88%)        1106M (88%)        1146M (92%)        1178M (94%)        1178M (94%)        1106M (88%)    
[2026-04-03T01:59:00.017+0600][13.165s][info][gc,heap     ] GC(11) Y:      Used:      144M (12%)         144M (12%)         104M (8%)           72M (6%)          144M (12%)          72M (6%)     
[2026-04-03T01:59:00.017+0600][13.165s][info][gc,heap     ] GC(11) Y: Young Generation Statistics:
[2026-04-03T01:59:00.017+0600][13.165s][info][gc,heap     ] GC(11) Y:                Mark Start          Mark End        Relocate Start      Relocate End    
[2026-04-03T01:59:00.017+0600][13.165s][info][gc,heap     ] GC(11) Y:      Used:       78M (6%)           78M (6%)           38M (3%)            0M (0%)     
[2026-04-03T01:59:00.017+0600][13.165s][info][gc,heap     ] GC(11) Y:      Live:         -                 1M (0%)            1M (0%)            0M (0%)     
[2026-04-03T01:59:00.017+0600][13.165s][info][gc,heap     ] GC(11) Y:   Garbage:         -                76M (6%)           36M (3%)            0M (0%)     
[2026-04-03T01:59:00.017+0600][13.165s][info][gc,heap     ] GC(11) Y: Allocated:         -                 0M (0%)            0M (0%)            0M (0%)     
[2026-04-03T01:59:00.017+0600][13.165s][info][gc,heap     ] GC(11) Y: Reclaimed:         -                  -                40M (3%)           76M (6%)     
[2026-04-03T01:59:00.017+0600][13.165s][info][gc,heap     ] GC(11) Y:  Promoted:         -                  -                 0M (0%)            1M (0%)     
[2026-04-03T01:59:00.017+0600][13.165s][info][gc,heap     ] GC(11) Y: Compacted:         -                  -                  -                 0M (0%)     
[2026-04-03T01:59:00.017+0600][13.165s][info][gc,phases   ] GC(11) Y: Young Generation (Promote All) 144M(12%)->72M(6%) 0.019s
[2026-04-03T01:59:00.017+0600][13.165s][info][gc,phases   ] GC(11) Y: Young Generation (Collect Roots)
[2026-04-03T01:59:00.017+0600][13.165s][info][gc,phases   ] GC(11) Y: Pause Mark Start (Major) 0.027ms
[2026-04-03T01:59:00.025+0600][13.172s][info][gc,phases   ] GC(11) Y: Concurrent Mark 7.359ms
[2026-04-03T01:59:00.025+0600][13.172s][info][gc,phases   ] GC(11) Y: Pause Mark End 0.082ms
[2026-04-03T01:59:00.025+0600][13.173s][info][gc,phases   ] GC(11) Y: Concurrent Mark Free 0.212ms
[2026-04-03T01:59:00.025+0600][13.173s][info][gc,phases   ] GC(11) Y: Concurrent Reset Relocation Set 0.005ms
[2026-04-03T01:59:00.027+0600][13.175s][info][gc,reloc    ] GC(11) Y: Using tenuring threshold: 0 (Computed)
[2026-04-03T01:59:00.027+0600][13.175s][info][gc,phases   ] GC(11) Y: Concurrent Select Relocation Set 2.085ms
[2026-04-03T01:59:00.028+0600][13.175s][info][gc,phases   ] GC(11) Y: Pause Relocate Start 0.016ms
[2026-04-03T01:59:00.028+0600][13.175s][info][gc,phases   ] GC(11) Y: Concurrent Relocate 0.086ms
[2026-04-03T01:59:00.028+0600][13.175s][info][gc,alloc    ] GC(11) Y:                         Mark Start        Mark End      Relocate Start    Relocate End   
[2026-04-03T01:59:00.028+0600][13.175s][info][gc,alloc    ] GC(11) Y: Allocation Stalls:          0                0                0                0         
[2026-04-03T01:59:00.028+0600][13.175s][info][gc,load     ] GC(11) Y: Load: 2.17 (18%) / 4.68 (39%) / 6.25 (52%)
[2026-04-03T01:59:00.028+0600][13.175s][info][gc,mmu      ] GC(11) Y: MMU: 2ms/94.6%, 5ms/97.8%, 10ms/98.9%, 20ms/99.1%, 50ms/99.6%, 100ms/99.8%
[2026-04-03T01:59:00.028+0600][13.175s][info][gc,marking  ] GC(11) Y: Mark: 2 stripe(s), 1 proactive flush(es), 1 terminate flush(es), 0 completion(s), 0 continuation(s) 
[2026-04-03T01:59:00.028+0600][13.175s][info][gc,marking  ] GC(11) Y: Mark Stack Usage: 0M
[2026-04-03T01:59:00.028+0600][13.175s][info][gc,nmethod  ] GC(11) Y: NMethods: 3425 registered, 233 unregistered
[2026-04-03T01:59:00.028+0600][13.175s][info][gc,metaspace] GC(11) Y: Metaspace: 53M used, 54M committed, 1088M reserved
[2026-04-03T01:59:00.028+0600][13.175s][info][gc,heap     ] GC(11) Y: Min Capacity: 8M(1%)
[2026-04-03T01:59:00.028+0600][13.175s][info][gc,heap     ] GC(11) Y: Max Capacity: 1250M(100%)
[2026-04-03T01:59:00.028+0600][13.175s][info][gc,heap     ] GC(11) Y: Soft Max Capacity: 1250M(100%)
[2026-04-03T01:59:00.028+0600][13.175s][info][gc,heap     ] GC(11) Y: Heap Statistics:
[2026-04-03T01:59:00.028+0600][13.175s][info][gc,heap     ] GC(11) Y:                Mark Start          Mark End        Relocate Start      Relocate End           High               Low         
[2026-04-03T01:59:00.028+0600][13.175s][info][gc,heap     ] GC(11) Y:  Capacity:     1202M (96%)        1202M (96%)        1202M (96%)        1202M (96%)        1202M (96%)        1202M (96%)    
[2026-04-03T01:59:00.028+0600][13.175s][info][gc,heap     ] GC(11) Y:      Free:     1178M (94%)        1178M (94%)        1178M (94%)        1178M (94%)        1178M (94%)        1178M (94%)    
[2026-04-03T01:59:00.028+0600][13.175s][info][gc,heap     ] GC(11) Y:      Used:       72M (6%)           72M (6%)           72M (6%)           72M (6%)           72M (6%)           72M (6%)     
[2026-04-03T01:59:00.028+0600][13.175s][info][gc,heap     ] GC(11) Y: Young Generation Statistics:
[2026-04-03T01:59:00.028+0600][13.175s][info][gc,heap     ] GC(11) Y:                Mark Start          Mark End        Relocate Start      Relocate End    
[2026-04-03T01:59:00.028+0600][13.175s][info][gc,heap     ] GC(11) Y:      Used:        0M (0%)            0M (0%)            0M (0%)            0M (0%)     
[2026-04-03T01:59:00.028+0600][13.175s][info][gc,heap     ] GC(11) Y:      Live:         -                 0M (0%)            0M (0%)            0M (0%)     
[2026-04-03T01:59:00.028+0600][13.175s][info][gc,heap     ] GC(11) Y:   Garbage:         -                 0M (0%)            0M (0%)            0M (0%)     
[2026-04-03T01:59:00.028+0600][13.175s][info][gc,heap     ] GC(11) Y: Allocated:         -                 0M (0%)            0M (0%)            0M (0%)     
[2026-04-03T01:59:00.028+0600][13.175s][info][gc,heap     ] GC(11) Y: Reclaimed:         -                  -                 0M (0%)            0M (0%)     
[2026-04-03T01:59:00.028+0600][13.175s][info][gc,heap     ] GC(11) Y:  Promoted:         -                  -                 0M (0%)            0M (0%)     
[2026-04-03T01:59:00.028+0600][13.175s][info][gc,heap     ] GC(11) Y: Compacted:         -                  -                  -                 0M (0%)     
[2026-04-03T01:59:00.028+0600][13.175s][info][gc,phases   ] GC(11) Y: Young Generation (Collect Roots) 72M(6%)->72M(6%) 0.011s
[2026-04-03T01:59:00.028+0600][13.175s][info][gc,phases   ] GC(11) O: Old Generation
[2026-04-03T01:59:00.060+0600][13.207s][info][gc,phases   ] GC(11) O: Concurrent Mark 31.768ms
[2026-04-03T01:59:00.060+0600][13.207s][info][gc,phases   ] GC(11) O: Pause Mark End 0.036ms
[2026-04-03T01:59:00.060+0600][13.207s][info][gc,phases   ] GC(11) O: Concurrent Mark Free 0.002ms
[2026-04-03T01:59:00.065+0600][13.213s][info][gc,phases   ] GC(11) O: Concurrent Process Non-Strong 5.203ms
[2026-04-03T01:59:00.065+0600][13.213s][info][gc,phases   ] GC(11) O: Concurrent Reset Relocation Set 0.002ms
[2026-04-03T01:59:00.067+0600][13.215s][info][gc,phases   ] GC(11) O: Concurrent Select Relocation Set 1.830ms
[2026-04-03T01:59:00.067+0600][13.215s][info][gc,task     ] GC(11) O: Using 3 Workers for Old Generation
[2026-04-03T01:59:00.083+0600][13.231s][info][gc,task     ] GC(11) O: Using 3 Workers for Old Generation
[2026-04-03T01:59:00.083+0600][13.231s][info][gc,phases   ] GC(11) O: Concurrent Remap Roots 16.318ms
[2026-04-03T01:59:00.084+0600][13.231s][info][gc,phases   ] GC(11) O: Pause Relocate Start 0.032ms
[2026-04-03T01:59:00.085+0600][13.233s][info][gc,phases   ] GC(11) O: Concurrent Relocate 1.679ms
[2026-04-03T01:59:00.085+0600][13.233s][info][gc,alloc    ] GC(11) O:                         Mark Start        Mark End      Relocate Start    Relocate End   
[2026-04-03T01:59:00.085+0600][13.233s][info][gc,alloc    ] GC(11) O: Allocation Stalls:          0                0                0                0         
[2026-04-03T01:59:00.085+0600][13.233s][info][gc,load     ] GC(11) O: Load: 2.17 (18%) / 4.68 (39%) / 6.25 (52%)
[2026-04-03T01:59:00.085+0600][13.233s][info][gc,mmu      ] GC(11) O: MMU: 2ms/94.6%, 5ms/97.8%, 10ms/98.9%, 20ms/99.1%, 50ms/99.6%, 100ms/99.7%
[2026-04-03T01:59:00.085+0600][13.233s][info][gc,marking  ] GC(11) O: Mark: 2 stripe(s), 10 proactive flush(es), 1 terminate flush(es), 0 completion(s), 0 continuation(s) 
[2026-04-03T01:59:00.085+0600][13.233s][info][gc,marking  ] GC(11) O: Mark Stack Usage: 32M
[2026-04-03T01:59:00.085+0600][13.233s][info][gc,nmethod  ] GC(11) O: NMethods: 3389 registered, 269 unregistered
[2026-04-03T01:59:00.085+0600][13.233s][info][gc,metaspace] GC(11) O: Metaspace: 53M used, 54M committed, 1088M reserved
[2026-04-03T01:59:00.085+0600][13.233s][info][gc,ref      ] GC(11) O:                       Encountered   Discovered     Enqueued 
[2026-04-03T01:59:00.086+0600][13.233s][info][gc,ref      ] GC(11) O: Soft References:             4140            0            0 
[2026-04-03T01:59:00.086+0600][13.233s][info][gc,ref      ] GC(11) O: Weak References:             3669         2484          334 
[2026-04-03T01:59:00.086+0600][13.233s][info][gc,ref      ] GC(11) O: Final References:              82           82            0 
[2026-04-03T01:59:00.086+0600][13.233s][info][gc,ref      ] GC(11) O: Phantom References:           588          492            1 
[2026-04-03T01:59:00.086+0600][13.233s][info][gc,reloc    ] GC(11) O:                        Candidates     Selected     In-Place         Size        Empty    Relocated 
[2026-04-03T01:59:00.086+0600][13.233s][info][gc,reloc    ] GC(11) O: Small Pages:                   20            6            0          40M           0M           1M 
[2026-04-03T01:59:00.086+0600][13.233s][info][gc,reloc    ] GC(11) O: Medium Pages:                   1            0            0          32M           0M           0M 
[2026-04-03T01:59:00.086+0600][13.233s][info][gc,reloc    ] GC(11) O: Large Pages:                    0            0            0           0M           0M           0M 
[2026-04-03T01:59:00.086+0600][13.233s][info][gc,reloc    ] GC(11) O: Forwarding Usage: 0M
[2026-04-03T01:59:00.086+0600][13.233s][info][gc,heap     ] GC(11) O: Min Capacity: 8M(1%)
[2026-04-03T01:59:00.086+0600][13.233s][info][gc,heap     ] GC(11) O: Max Capacity: 1250M(100%)
[2026-04-03T01:59:00.086+0600][13.233s][info][gc,heap     ] GC(11) O: Soft Max Capacity: 1250M(100%)
[2026-04-03T01:59:00.086+0600][13.233s][info][gc,heap     ] GC(11) O: Heap Statistics:
[2026-04-03T01:59:00.086+0600][13.233s][info][gc,heap     ] GC(11) O:                Mark Start          Mark End        Relocate Start      Relocate End           High               Low         
[2026-04-03T01:59:00.086+0600][13.233s][info][gc,heap     ] GC(11) O:  Capacity:     1202M (96%)        1202M (96%)        1202M (96%)        1202M (96%)        1202M (96%)        1202M (96%)    
[2026-04-03T01:59:00.086+0600][13.233s][info][gc,heap     ] GC(11) O:      Free:     1178M (94%)        1178M (94%)        1174M (94%)        1182M (95%)        1182M (95%)        1170M (94%)    
[2026-04-03T01:59:00.086+0600][13.233s][info][gc,heap     ] GC(11) O:      Used:       72M (6%)           72M (6%)           76M (6%)           68M (5%)           80M (6%)           68M (5%)     
[2026-04-03T01:59:00.086+0600][13.233s][info][gc,heap     ] GC(11) O: Old Generation Statistics:
[2026-04-03T01:59:00.086+0600][13.233s][info][gc,heap     ] GC(11) O:                Mark Start          Mark End        Relocate Start      Relocate End    
[2026-04-03T01:59:00.086+0600][13.233s][info][gc,heap     ] GC(11) O:      Used:       72M (6%)           72M (6%)           72M (6%)           64M (5%)     
[2026-04-03T01:59:00.086+0600][13.233s][info][gc,heap     ] GC(11) O:      Live:         -                30M (2%)           30M (2%)           30M (2%)     
[2026-04-03T01:59:00.086+0600][13.233s][info][gc,heap     ] GC(11) O:   Garbage:         -                41M (3%)           41M (3%)           28M (2%)     
[2026-04-03T01:59:00.086+0600][13.233s][info][gc,heap     ] GC(11) O: Allocated:         -                 0M (0%)            0M (0%)            4M (0%)     
[2026-04-03T01:59:00.086+0600][13.233s][info][gc,heap     ] GC(11) O: Reclaimed:         -                  -                 0M (0%)           12M (1%)     
[2026-04-03T01:59:00.086+0600][13.233s][info][gc,heap     ] GC(11) O: Compacted:         -                  -                  -                 1M (0%)     
[2026-04-03T01:59:00.086+0600][13.233s][info][gc,phases   ] GC(11) O: Old Generation 72M(6%)->68M(5%) 0.058s
[2026-04-03T01:59:00.086+0600][13.233s][info][gc          ] GC(11) Major Collection (System.gc()) 144M(12%)->68M(5%) 0.088s
[2026-04-03T01:59:02.528+0600][15.675s][info][gc          ] GC(12) Major Collection (Allocation Rate)
[2026-04-03T01:59:02.528+0600][15.675s][info][gc,task     ] GC(12) Using 2 Workers for Young Generation
[2026-04-03T01:59:02.528+0600][15.675s][info][gc,task     ] GC(12) Using 2 Workers for Old Generation
[2026-04-03T01:59:02.528+0600][15.675s][info][gc,phases   ] GC(12) Y: Young Generation
[2026-04-03T01:59:02.528+0600][15.676s][info][gc,phases   ] GC(12) Y: Pause Mark Start (Major) 0.034ms
[2026-04-03T01:59:02.575+0600][15.722s][info][gc,phases   ] GC(12) Y: Concurrent Mark 46.308ms
[2026-04-03T01:59:02.575+0600][15.722s][info][gc,phases   ] GC(12) Y: Pause Mark End 0.048ms
[2026-04-03T01:59:02.575+0600][15.723s][info][gc,phases   ] GC(12) Y: Concurrent Mark Free 0.001ms
[2026-04-03T01:59:02.575+0600][15.723s][info][gc,phases   ] GC(12) Y: Concurrent Reset Relocation Set 0.001ms
[2026-04-03T01:59:02.577+0600][15.725s][info][gc,reloc    ] GC(12) Y: Using tenuring threshold: 1 (Computed)
[2026-04-03T01:59:02.585+0600][15.733s][info][gc,phases   ] GC(12) Y: Concurrent Select Relocation Set 10.222ms
[2026-04-03T01:59:02.586+0600][15.733s][info][gc,phases   ] GC(12) Y: Pause Relocate Start 0.033ms
[2026-04-03T01:59:02.615+0600][15.762s][info][gc,phases   ] GC(12) Y: Concurrent Relocate 28.998ms
[2026-04-03T01:59:02.615+0600][15.762s][info][gc,alloc    ] GC(12) Y:                         Mark Start        Mark End      Relocate Start    Relocate End   
[2026-04-03T01:59:02.615+0600][15.762s][info][gc,alloc    ] GC(12) Y: Allocation Stalls:          0                0                0                0         
[2026-04-03T01:59:02.615+0600][15.762s][info][gc,load     ] GC(12) Y: Load: 2.17 (18%) / 4.68 (39%) / 6.25 (52%)
[2026-04-03T01:59:02.615+0600][15.762s][info][gc,mmu      ] GC(12) Y: MMU: 2ms/94.6%, 5ms/97.8%, 10ms/98.9%, 20ms/99.1%, 50ms/99.6%, 100ms/99.7%
[2026-04-03T01:59:02.615+0600][15.762s][info][gc,marking  ] GC(12) Y: Mark: 2 stripe(s), 4 proactive flush(es), 1 terminate flush(es), 0 completion(s), 0 continuation(s) 
[2026-04-03T01:59:02.615+0600][15.762s][info][gc,marking  ] GC(12) Y: Mark Stack Usage: 32M
[2026-04-03T01:59:02.615+0600][15.762s][info][gc,nmethod  ] GC(12) Y: NMethods: 4408 registered, 269 unregistered
[2026-04-03T01:59:02.615+0600][15.763s][info][gc,metaspace] GC(12) Y: Metaspace: 60M used, 60M committed, 1088M reserved
[2026-04-03T01:59:02.615+0600][15.763s][info][gc,reloc    ] GC(12) Y:                        Candidates     Selected     In-Place         Size        Empty    Relocated 
[2026-04-03T01:59:02.615+0600][15.763s][info][gc,reloc    ] GC(12) Y: Small Pages:                  166          153            0         332M           0M          20M 
[2026-04-03T01:59:02.615+0600][15.763s][info][gc,reloc    ] GC(12) Y: Medium Pages:                   1            0            0          32M           0M           0M 
[2026-04-03T01:59:02.615+0600][15.763s][info][gc,reloc    ] GC(12) Y: Large Pages:                    1            0            0           6M           6M           0M 
[2026-04-03T01:59:02.615+0600][15.763s][info][gc,reloc    ] GC(12) Y: Forwarding Usage: 14M
[2026-04-03T01:59:02.615+0600][15.763s][info][gc,reloc    ] GC(12) Y: Age Table:
[2026-04-03T01:59:02.615+0600][15.763s][info][gc,reloc    ] GC(12) Y:                    Live             Garbage             Small              Medium             Large        
[2026-04-03T01:59:02.615+0600][15.763s][info][gc,reloc    ] GC(12) Y: Eden              24M (2%)          345M (28%)        166 / 153            1 / 0              1 / 0        
[2026-04-03T01:59:02.615+0600][15.763s][info][gc,heap     ] GC(12) Y: Min Capacity: 8M(1%)
[2026-04-03T01:59:02.615+0600][15.763s][info][gc,heap     ] GC(12) Y: Max Capacity: 1250M(100%)
[2026-04-03T01:59:02.615+0600][15.763s][info][gc,heap     ] GC(12) Y: Soft Max Capacity: 1250M(100%)
[2026-04-03T01:59:02.615+0600][15.763s][info][gc,heap     ] GC(12) Y: Heap Statistics:
[2026-04-03T01:59:02.615+0600][15.763s][info][gc,heap     ] GC(12) Y:                Mark Start          Mark End        Relocate Start      Relocate End           High               Low         
[2026-04-03T01:59:02.615+0600][15.763s][info][gc,heap     ] GC(12) Y:  Capacity:     1202M (96%)        1202M (96%)        1202M (96%)        1202M (96%)        1202M (96%)        1202M (96%)    
[2026-04-03T01:59:02.615+0600][15.763s][info][gc,heap     ] GC(12) Y:      Free:      816M (65%)         772M (62%)         766M (61%)        1030M (82%)        1030M (82%)         764M (61%)    
[2026-04-03T01:59:02.615+0600][15.763s][info][gc,heap     ] GC(12) Y:      Used:      434M (35%)         478M (38%)         484M (39%)         220M (18%)         486M (39%)         220M (18%)    
[2026-04-03T01:59:02.615+0600][15.763s][info][gc,heap     ] GC(12) Y: Young Generation Statistics:
[2026-04-03T01:59:02.615+0600][15.763s][info][gc,heap     ] GC(12) Y:                Mark Start          Mark End        Relocate Start      Relocate End    
[2026-04-03T01:59:02.615+0600][15.763s][info][gc,heap     ] GC(12) Y:      Used:      370M (30%)         414M (33%)         420M (34%)         156M (12%)    
[2026-04-03T01:59:02.615+0600][15.763s][info][gc,heap     ] GC(12) Y:      Live:         -                24M (2%)           24M (2%)           24M (2%)     
[2026-04-03T01:59:02.615+0600][15.763s][info][gc,heap     ] GC(12) Y:   Garbage:         -               345M (28%)         339M (27%)          29M (2%)     
[2026-04-03T01:59:02.615+0600][15.763s][info][gc,heap     ] GC(12) Y: Allocated:         -                44M (4%)           56M (4%)          101M (8%)     
[2026-04-03T01:59:02.615+0600][15.763s][info][gc,heap     ] GC(12) Y: Reclaimed:         -                  -                 6M (0%)          315M (25%)    
[2026-04-03T01:59:02.615+0600][15.763s][info][gc,heap     ] GC(12) Y:  Promoted:         -                  -                 0M (0%)            0M (0%)     
[2026-04-03T01:59:02.615+0600][15.763s][info][gc,heap     ] GC(12) Y: Compacted:         -                  -                  -                22M (2%)     
[2026-04-03T01:59:02.615+0600][15.763s][info][gc,phases   ] GC(12) Y: Young Generation 434M(35%)->220M(18%) 0.087s
[2026-04-03T01:59:02.615+0600][15.763s][info][gc,phases   ] GC(12) O: Old Generation
[2026-04-03T01:59:02.655+0600][15.803s][info][gc,phases   ] GC(12) O: Concurrent Mark 39.899ms
[2026-04-03T01:59:02.655+0600][15.803s][info][gc,phases   ] GC(12) O: Pause Mark End 0.028ms
[2026-04-03T01:59:02.656+0600][15.803s][info][gc,phases   ] GC(12) O: Concurrent Mark Free 0.003ms
[2026-04-03T01:59:02.664+0600][15.812s][info][gc,phases   ] GC(12) O: Concurrent Process Non-Strong 8.750ms
[2026-04-03T01:59:02.664+0600][15.812s][info][gc,phases   ] GC(12) O: Concurrent Reset Relocation Set 0.003ms
[2026-04-03T01:59:02.666+0600][15.814s][info][gc,phases   ] GC(12) O: Concurrent Select Relocation Set 1.743ms
[2026-04-03T01:59:02.666+0600][15.814s][info][gc,task     ] GC(12) O: Using 3 Workers for Old Generation
[2026-04-03T01:59:02.684+0600][15.832s][info][gc,task     ] GC(12) O: Using 2 Workers for Old Generation
[2026-04-03T01:59:02.684+0600][15.832s][info][gc,phases   ] GC(12) O: Concurrent Remap Roots 17.960ms
[2026-04-03T01:59:02.684+0600][15.832s][info][gc,phases   ] GC(12) O: Pause Relocate Start 0.021ms
[2026-04-03T01:59:02.686+0600][15.834s][info][gc,phases   ] GC(12) O: Concurrent Relocate 1.670ms
[2026-04-03T01:59:02.686+0600][15.834s][info][gc,alloc    ] GC(12) O:                         Mark Start        Mark End      Relocate Start    Relocate End   
[2026-04-03T01:59:02.686+0600][15.834s][info][gc,alloc    ] GC(12) O: Allocation Stalls:          0                0                0                0         
[2026-04-03T01:59:02.686+0600][15.834s][info][gc,load     ] GC(12) O: Load: 2.17 (18%) / 4.68 (39%) / 6.25 (52%)
[2026-04-03T01:59:02.686+0600][15.834s][info][gc,mmu      ] GC(12) O: MMU: 2ms/94.6%, 5ms/97.8%, 10ms/98.9%, 20ms/99.1%, 50ms/99.6%, 100ms/99.7%
[2026-04-03T01:59:02.686+0600][15.834s][info][gc,marking  ] GC(12) O: Mark: 2 stripe(s), 2 proactive flush(es), 1 terminate flush(es), 0 completion(s), 0 continuation(s) 
[2026-04-03T01:59:02.686+0600][15.834s][info][gc,marking  ] GC(12) O: Mark Stack Usage: 32M
[2026-04-03T01:59:02.686+0600][15.834s][info][gc,nmethod  ] GC(12) O: NMethods: 4156 registered, 533 unregistered
[2026-04-03T01:59:02.686+0600][15.834s][info][gc,metaspace] GC(12) O: Metaspace: 60M used, 60M committed, 1088M reserved
[2026-04-03T01:59:02.686+0600][15.834s][info][gc,ref      ] GC(12) O:                       Encountered   Discovered     Enqueued 
[2026-04-03T01:59:02.686+0600][15.834s][info][gc,ref      ] GC(12) O: Soft References:             4544            0            0 
[2026-04-03T01:59:02.686+0600][15.834s][info][gc,ref      ] GC(12) O: Weak References:             5192         2189            0 
[2026-04-03T01:59:02.686+0600][15.834s][info][gc,ref      ] GC(12) O: Final References:              82           82            0 
[2026-04-03T01:59:02.686+0600][15.834s][info][gc,ref      ] GC(12) O: Phantom References:           594          520            0 
[2026-04-03T01:59:02.686+0600][15.834s][info][gc,reloc    ] GC(12) O:                        Candidates     Selected     In-Place         Size        Empty    Relocated 
[2026-04-03T01:59:02.686+0600][15.834s][info][gc,reloc    ] GC(12) O: Small Pages:                   16            2            0          32M           0M           1M 
[2026-04-03T01:59:02.686+0600][15.834s][info][gc,reloc    ] GC(12) O: Medium Pages:                   1            0            0          32M           0M           0M 
[2026-04-03T01:59:02.686+0600][15.834s][info][gc,reloc    ] GC(12) O: Large Pages:                    0            0            0           0M           0M           0M 
[2026-04-03T01:59:02.686+0600][15.834s][info][gc,reloc    ] GC(12) O: Forwarding Usage: 0M
[2026-04-03T01:59:02.686+0600][15.834s][info][gc,heap     ] GC(12) O: Min Capacity: 8M(1%)
[2026-04-03T01:59:02.686+0600][15.834s][info][gc,heap     ] GC(12) O: Max Capacity: 1250M(100%)
[2026-04-03T01:59:02.686+0600][15.834s][info][gc,heap     ] GC(12) O: Soft Max Capacity: 1250M(100%)
[2026-04-03T01:59:02.686+0600][15.834s][info][gc,heap     ] GC(12) O: Heap Statistics:
[2026-04-03T01:59:02.686+0600][15.834s][info][gc,heap     ] GC(12) O:                Mark Start          Mark End        Relocate Start      Relocate End           High               Low         
[2026-04-03T01:59:02.686+0600][15.834s][info][gc,heap     ] GC(12) O:  Capacity:     1202M (96%)        1202M (96%)        1202M (96%)        1202M (96%)        1202M (96%)        1202M (96%)    
[2026-04-03T01:59:02.686+0600][15.834s][info][gc,heap     ] GC(12) O:      Free:      816M (65%)         992M (79%)         950M (76%)         946M (76%)        1030M (82%)         764M (61%)    
[2026-04-03T01:59:02.686+0600][15.834s][info][gc,heap     ] GC(12) O:      Used:      434M (35%)         258M (21%)         300M (24%)         304M (24%)         486M (39%)         220M (18%)    
[2026-04-03T01:59:02.686+0600][15.834s][info][gc,heap     ] GC(12) O: Old Generation Statistics:
[2026-04-03T01:59:02.687+0600][15.834s][info][gc,heap     ] GC(12) O:                Mark Start          Mark End        Relocate Start      Relocate End    
[2026-04-03T01:59:02.687+0600][15.834s][info][gc,heap     ] GC(12) O:      Used:       64M (5%)           64M (5%)           64M (5%)           66M (5%)     
[2026-04-03T01:59:02.687+0600][15.834s][info][gc,heap     ] GC(12) O:      Live:         -                30M (2%)           30M (2%)           30M (2%)     
[2026-04-03T01:59:02.687+0600][15.834s][info][gc,heap     ] GC(12) O:   Garbage:         -                33M (3%)           33M (3%)           28M (2%)     
[2026-04-03T01:59:02.687+0600][15.834s][info][gc,heap     ] GC(12) O: Allocated:         -                 0M (0%)            0M (0%)            6M (1%)     
[2026-04-03T01:59:02.687+0600][15.834s][info][gc,heap     ] GC(12) O: Reclaimed:         -                  -                 0M (0%)            4M (0%)     
[2026-04-03T01:59:02.687+0600][15.834s][info][gc,heap     ] GC(12) O: Compacted:         -                  -                  -                 1M (0%)     
[2026-04-03T01:59:02.687+0600][15.834s][info][gc,phases   ] GC(12) O: Old Generation 220M(18%)->304M(24%) 0.071s
[2026-04-03T01:59:02.687+0600][15.834s][info][gc          ] GC(12) Major Collection (Allocation Rate) 434M(35%)->304M(24%) 0.159s
[2026-04-03T01:59:02.973+0600][16.120s][info][gc          ] GC(13) Minor Collection (Allocation Rate)
[2026-04-03T01:59:02.973+0600][16.120s][info][gc,task     ] GC(13) Using 3 Workers for Young Generation
[2026-04-03T01:59:02.973+0600][16.120s][info][gc,phases   ] GC(13) y: Young Generation
[2026-04-03T01:59:02.973+0600][16.120s][info][gc,phases   ] GC(13) y: Pause Mark Start 0.017ms
[2026-04-03T01:59:03.094+0600][16.241s][info][gc,phases   ] GC(13) y: Concurrent Mark 120.974ms
[2026-04-03T01:59:03.094+0600][16.242s][info][gc,phases   ] GC(13) y: Pause Mark End 0.029ms
[2026-04-03T01:59:03.095+0600][16.242s][info][gc,phases   ] GC(13) y: Concurrent Mark Free 0.004ms
[2026-04-03T01:59:03.095+0600][16.242s][info][gc,phases   ] GC(13) y: Concurrent Reset Relocation Set 0.045ms
[2026-04-03T01:59:03.097+0600][16.244s][info][gc,reloc    ] GC(13) y: Using tenuring threshold: 2 (Computed)
[2026-04-03T01:59:03.111+0600][16.258s][info][gc,phases   ] GC(13) y: Concurrent Select Relocation Set 15.832ms
[2026-04-03T01:59:03.111+0600][16.259s][info][gc,phases   ] GC(13) y: Pause Relocate Start 0.044ms
[2026-04-03T01:59:03.181+0600][16.328s][info][gc,phases   ] GC(13) y: Concurrent Relocate 69.482ms
[2026-04-03T01:59:03.181+0600][16.328s][info][gc,alloc    ] GC(13) y:                         Mark Start        Mark End      Relocate Start    Relocate End   
[2026-04-03T01:59:03.181+0600][16.328s][info][gc,alloc    ] GC(13) y: Allocation Stalls:          0                0                0                0         
[2026-04-03T01:59:03.181+0600][16.328s][info][gc,load     ] GC(13) y: Load: 2.17 (18%) / 4.68 (39%) / 6.25 (52%)
[2026-04-03T01:59:03.181+0600][16.329s][info][gc,mmu      ] GC(13) y: MMU: 2ms/94.6%, 5ms/97.8%, 10ms/98.9%, 20ms/99.1%, 50ms/99.6%, 100ms/99.7%
[2026-04-03T01:59:03.181+0600][16.329s][info][gc,marking  ] GC(13) y: Mark: 2 stripe(s), 2 proactive flush(es), 1 terminate flush(es), 0 completion(s), 0 continuation(s) 
[2026-04-03T01:59:03.181+0600][16.329s][info][gc,marking  ] GC(13) y: Mark Stack Usage: 32M
[2026-04-03T01:59:03.181+0600][16.329s][info][gc,nmethod  ] GC(13) y: NMethods: 4349 registered, 533 unregistered
[2026-04-03T01:59:03.181+0600][16.329s][info][gc,metaspace] GC(13) y: Metaspace: 61M used, 62M committed, 1088M reserved
[2026-04-03T01:59:03.181+0600][16.329s][info][gc,reloc    ] GC(13) y:                        Candidates     Selected     In-Place         Size        Empty    Relocated 
[2026-04-03T01:59:03.181+0600][16.329s][info][gc,reloc    ] GC(13) y: Small Pages:                  373          326            0         746M           0M          56M 
[2026-04-03T01:59:03.181+0600][16.329s][info][gc,reloc    ] GC(13) y: Medium Pages:                   2            0            0          64M          32M           0M 
[2026-04-03T01:59:03.181+0600][16.329s][info][gc,reloc    ] GC(13) y: Large Pages:                    3            0            0          22M          16M           0M 
[2026-04-03T01:59:03.181+0600][16.329s][info][gc,reloc    ] GC(13) y: Forwarding Usage: 44M
[2026-04-03T01:59:03.181+0600][16.329s][info][gc,reloc    ] GC(13) y: Age Table:
[2026-04-03T01:59:03.181+0600][16.329s][info][gc,reloc    ] GC(13) y:                    Live             Garbage             Small              Medium             Large        
[2026-04-03T01:59:03.181+0600][16.329s][info][gc,reloc    ] GC(13) y: Eden              68M (5%)          705M (56%)        360 / 324            1 / 0              3 / 0        
[2026-04-03T01:59:03.181+0600][16.329s][info][gc,reloc    ] GC(13) y: Survivor 1        22M (2%)           35M (3%)          13 / 2              1 / 0              0 / 0        
[2026-04-03T01:59:03.181+0600][16.329s][info][gc,heap     ] GC(13) y: Min Capacity: 8M(1%)
[2026-04-03T01:59:03.181+0600][16.329s][info][gc,heap     ] GC(13) y: Max Capacity: 1250M(100%)
[2026-04-03T01:59:03.181+0600][16.329s][info][gc,heap     ] GC(13) y: Soft Max Capacity: 1250M(100%)
[2026-04-03T01:59:03.181+0600][16.329s][info][gc,heap     ] GC(13) y: Heap Statistics:
[2026-04-03T01:59:03.181+0600][16.329s][info][gc,heap     ] GC(13) y:                Mark Start          Mark End        Relocate Start      Relocate End           High               Low         
[2026-04-03T01:59:03.181+0600][16.329s][info][gc,heap     ] GC(13) y:  Capacity:     1202M (96%)        1202M (96%)        1202M (96%)        1202M (96%)        1202M (96%)        1202M (96%)    
[2026-04-03T01:59:03.181+0600][16.329s][info][gc,heap     ] GC(13) y:      Free:      352M (28%)         332M (27%)         346M (28%)         988M (79%)         988M (79%)         332M (27%)    
[2026-04-03T01:59:03.181+0600][16.329s][info][gc,heap     ] GC(13) y:      Used:      898M (72%)         918M (73%)         904M (72%)         262M (21%)         918M (73%)         262M (21%)    
[2026-04-03T01:59:03.181+0600][16.329s][info][gc,heap     ] GC(13) y: Young Generation Statistics:
[2026-04-03T01:59:03.181+0600][16.329s][info][gc,heap     ] GC(13) y:                Mark Start          Mark End        Relocate Start      Relocate End    
[2026-04-03T01:59:03.181+0600][16.329s][info][gc,heap     ] GC(13) y:      Used:      832M (67%)         852M (68%)         838M (67%)         196M (16%)    
[2026-04-03T01:59:03.181+0600][16.329s][info][gc,heap     ] GC(13) y:      Live:         -                90M (7%)           90M (7%)           90M (7%)     
[2026-04-03T01:59:03.181+0600][16.329s][info][gc,heap     ] GC(13) y:   Garbage:         -               741M (59%)         693M (55%)          31M (3%)     
[2026-04-03T01:59:03.181+0600][16.329s][info][gc,heap     ] GC(13) y: Allocated:         -                20M (2%)           54M (4%)           73M (6%)     
[2026-04-03T01:59:03.181+0600][16.329s][info][gc,heap     ] GC(13) y: Reclaimed:         -                  -                48M (4%)          709M (57%)    
[2026-04-03T01:59:03.181+0600][16.329s][info][gc,heap     ] GC(13) y:  Promoted:         -                  -                 0M (0%)            0M (0%)     
[2026-04-03T01:59:03.181+0600][16.329s][info][gc,heap     ] GC(13) y: Compacted:         -                  -                  -                62M (5%)     
[2026-04-03T01:59:03.181+0600][16.329s][info][gc,phases   ] GC(13) y: Young Generation 898M(72%)->262M(21%) 0.208s
[2026-04-03T01:59:03.181+0600][16.329s][info][gc          ] GC(13) Minor Collection (Allocation Rate) 898M(72%)->262M(21%) 0.209s
[2026-04-03T01:59:03.181+0600][16.329s][info][gc          ] GC(14) Minor Collection (Allocation Rate)
[2026-04-03T01:59:03.181+0600][16.329s][info][gc,task     ] GC(14) Using 3 Workers for Young Generation
[2026-04-03T01:59:03.181+0600][16.329s][info][gc,phases   ] GC(14) y: Young Generation
[2026-04-03T01:59:03.182+0600][16.329s][info][gc,phases   ] GC(14) y: Pause Mark Start 0.029ms
[2026-04-03T01:59:03.312+0600][16.459s][info][gc,phases   ] GC(14) y: Concurrent Mark 129.888ms
[2026-04-03T01:59:03.312+0600][16.460s][info][gc,phases   ] GC(14) y: Pause Mark End 0.027ms
[2026-04-03T01:59:03.312+0600][16.460s][info][gc,phases   ] GC(14) y: Concurrent Mark Free 0.003ms
[2026-04-03T01:59:03.313+0600][16.460s][info][gc,phases   ] GC(14) y: Concurrent Reset Relocation Set 0.047ms
[2026-04-03T01:59:03.318+0600][16.466s][info][gc,reloc    ] GC(14) y: Using tenuring threshold: 1 (Computed)
[2026-04-03T01:59:03.352+0600][16.499s][info][gc,phases   ] GC(14) y: Concurrent Select Relocation Set 39.383ms
[2026-04-03T01:59:03.352+0600][16.500s][info][gc,phases   ] GC(14) y: Pause Relocate Start 0.022ms
[2026-04-03T01:59:03.411+0600][16.558s][info][gc,phases   ] GC(14) y: Concurrent Relocate 58.411ms
[2026-04-03T01:59:03.411+0600][16.558s][info][gc,alloc    ] GC(14) y:                         Mark Start        Mark End      Relocate Start    Relocate End   
[2026-04-03T01:59:03.411+0600][16.558s][info][gc,alloc    ] GC(14) y: Allocation Stalls:          0                0                0                0         
[2026-04-03T01:59:03.411+0600][16.558s][info][gc,load     ] GC(14) y: Load: 2.17 (18%) / 4.68 (39%) / 6.25 (52%)
[2026-04-03T01:59:03.411+0600][16.558s][info][gc,mmu      ] GC(14) y: MMU: 2ms/94.6%, 5ms/97.8%, 10ms/98.9%, 20ms/99.1%, 50ms/99.6%, 100ms/99.7%
[2026-04-03T01:59:03.411+0600][16.558s][info][gc,marking  ] GC(14) y: Mark: 2 stripe(s), 2 proactive flush(es), 1 terminate flush(es), 0 completion(s), 0 continuation(s) 
[2026-04-03T01:59:03.411+0600][16.558s][info][gc,marking  ] GC(14) y: Mark Stack Usage: 32M
[2026-04-03T01:59:03.411+0600][16.558s][info][gc,nmethod  ] GC(14) y: NMethods: 4593 registered, 533 unregistered
[2026-04-03T01:59:03.411+0600][16.558s][info][gc,metaspace] GC(14) y: Metaspace: 62M used, 63M committed, 1088M reserved
[2026-04-03T01:59:03.411+0600][16.558s][info][gc,reloc    ] GC(14) y:                        Candidates     Selected     In-Place         Size        Empty    Relocated 
[2026-04-03T01:59:03.411+0600][16.558s][info][gc,reloc    ] GC(14) y: Small Pages:                   63           20            0         126M           0M           2M 
[2026-04-03T01:59:03.411+0600][16.558s][info][gc,reloc    ] GC(14) y: Medium Pages:                   2            0            0          64M          64M           0M 
[2026-04-03T01:59:03.411+0600][16.558s][info][gc,reloc    ] GC(14) y: Large Pages:                    1            0            0           6M           0M           0M 
[2026-04-03T01:59:03.411+0600][16.558s][info][gc,reloc    ] GC(14) y: Forwarding Usage: 1M
[2026-04-03T01:59:03.411+0600][16.558s][info][gc,reloc    ] GC(14) y: Age Table:
[2026-04-03T01:59:03.411+0600][16.558s][info][gc,reloc    ] GC(14) y:                    Live             Garbage             Small              Medium             Large        
[2026-04-03T01:59:03.411+0600][16.558s][info][gc,reloc    ] GC(14) y: Eden               0M (0%)           61M (5%)          15 / 14             1 / 0              0 / 0        
[2026-04-03T01:59:03.411+0600][16.558s][info][gc,reloc    ] GC(14) y: Survivor 1        67M (5%)           34M (3%)          32 / 1              1 / 0              1 / 0        
[2026-04-03T01:59:03.411+0600][16.559s][info][gc,reloc    ] GC(14) y: Survivor 2        22M (2%)            9M (1%)          16 / 5              0 / 0              0 / 0        
[2026-04-03T01:59:03.411+0600][16.559s][info][gc,heap     ] GC(14) y: Min Capacity: 8M(1%)
[2026-04-03T01:59:03.411+0600][16.559s][info][gc,heap     ] GC(14) y: Max Capacity: 1250M(100%)
[2026-04-03T01:59:03.411+0600][16.559s][info][gc,heap     ] GC(14) y: Soft Max Capacity: 1250M(100%)
[2026-04-03T01:59:03.411+0600][16.559s][info][gc,heap     ] GC(14) y: Heap Statistics:
[2026-04-03T01:59:03.411+0600][16.559s][info][gc,heap     ] GC(14) y:                Mark Start          Mark End        Relocate Start      Relocate End           High               Low         
[2026-04-03T01:59:03.411+0600][16.559s][info][gc,heap     ] GC(14) y:  Capacity:     1202M (96%)        1202M (96%)        1202M (96%)        1202M (96%)        1202M (96%)        1202M (96%)    
[2026-04-03T01:59:03.411+0600][16.559s][info][gc,heap     ] GC(14) y:      Free:      988M (79%)         960M (77%)        1020M (82%)        1034M (83%)        1048M (84%)         960M (77%)    
[2026-04-03T01:59:03.411+0600][16.559s][info][gc,heap     ] GC(14) y:      Used:      262M (21%)         290M (23%)         230M (18%)         216M (17%)         290M (23%)         202M (16%)    
[2026-04-03T01:59:03.411+0600][16.559s][info][gc,heap     ] GC(14) y: Young Generation Statistics:
[2026-04-03T01:59:03.411+0600][16.559s][info][gc,heap     ] GC(14) y:                Mark Start          Mark End        Relocate Start      Relocate End    
[2026-04-03T01:59:03.411+0600][16.559s][info][gc,heap     ] GC(14) y:      Used:      196M (16%)         224M (18%)          78M (6%)           52M (4%)     
[2026-04-03T01:59:03.411+0600][16.559s][info][gc,heap     ] GC(14) y:      Live:         -                90M (7%)            4M (0%)            0M (0%)     
[2026-04-03T01:59:03.411+0600][16.559s][info][gc,heap     ] GC(14) y:   Garbage:         -               105M (8%)           41M (3%)            0M (0%)     
[2026-04-03T01:59:03.411+0600][16.559s][info][gc,heap     ] GC(14) y: Allocated:         -                28M (2%)           32M (3%)           51M (4%)     
[2026-04-03T01:59:03.411+0600][16.559s][info][gc,heap     ] GC(14) y: Reclaimed:         -                  -                64M (5%)          105M (8%)     
[2026-04-03T01:59:03.411+0600][16.559s][info][gc,heap     ] GC(14) y:  Promoted:         -                  -                85M (7%)           89M (7%)     
[2026-04-03T01:59:03.411+0600][16.559s][info][gc,heap     ] GC(14) y: Compacted:         -                  -                  -                 0M (0%)     
[2026-04-03T01:59:03.411+0600][16.559s][info][gc,phases   ] GC(14) y: Young Generation 262M(21%)->216M(17%) 0.229s
[2026-04-03T01:59:03.411+0600][16.559s][info][gc          ] GC(14) Minor Collection (Allocation Rate) 262M(21%)->216M(17%) 0.230s
[2026-04-03T01:59:03.433+0600][16.580s][info][gc          ] GC(15) Major Collection (Allocation Rate)
[2026-04-03T01:59:03.433+0600][16.580s][info][gc,task     ] GC(15) Using 3 Workers for Young Generation
[2026-04-03T01:59:03.433+0600][16.580s][info][gc,task     ] GC(15) Using 1 Workers for Old Generation
[2026-04-03T01:59:03.433+0600][16.580s][info][gc,phases   ] GC(15) Y: Young Generation
[2026-04-03T01:59:03.433+0600][16.581s][info][gc,phases   ] GC(15) Y: Pause Mark Start (Major) 0.027ms
[2026-04-03T01:59:03.447+0600][16.595s][info][gc,phases   ] GC(15) Y: Concurrent Mark 14.126ms
[2026-04-03T01:59:03.448+0600][16.595s][info][gc,phases   ] GC(15) Y: Pause Mark End 0.027ms
[2026-04-03T01:59:03.448+0600][16.595s][info][gc,phases   ] GC(15) Y: Concurrent Mark Free 0.003ms
[2026-04-03T01:59:03.448+0600][16.596s][info][gc,phases   ] GC(15) Y: Concurrent Reset Relocation Set 0.076ms
[2026-04-03T01:59:03.451+0600][16.599s][info][gc,reloc    ] GC(15) Y: Using tenuring threshold: 2 (Computed)
[2026-04-03T01:59:03.452+0600][16.599s][info][gc,phases   ] GC(15) Y: Concurrent Select Relocation Set 3.561ms
[2026-04-03T01:59:03.452+0600][16.599s][info][gc,phases   ] GC(15) Y: Pause Relocate Start 0.018ms
[2026-04-03T01:59:03.453+0600][16.601s][info][gc,phases   ] GC(15) Y: Concurrent Relocate 1.529ms
[2026-04-03T01:59:03.453+0600][16.601s][info][gc,alloc    ] GC(15) Y:                         Mark Start        Mark End      Relocate Start    Relocate End   
[2026-04-03T01:59:03.453+0600][16.601s][info][gc,alloc    ] GC(15) Y: Allocation Stalls:          0                0                0                0         
[2026-04-03T01:59:03.453+0600][16.601s][info][gc,load     ] GC(15) Y: Load: 2.17 (18%) / 4.68 (39%) / 6.25 (52%)
[2026-04-03T01:59:03.453+0600][16.601s][info][gc,mmu      ] GC(15) Y: MMU: 2ms/94.6%, 5ms/97.8%, 10ms/98.9%, 20ms/99.1%, 50ms/99.6%, 100ms/99.7%
[2026-04-03T01:59:03.453+0600][16.601s][info][gc,marking  ] GC(15) Y: Mark: 2 stripe(s), 2 proactive flush(es), 1 terminate flush(es), 0 completion(s), 0 continuation(s) 
[2026-04-03T01:59:03.453+0600][16.601s][info][gc,marking  ] GC(15) Y: Mark Stack Usage: 32M
[2026-04-03T01:59:03.453+0600][16.601s][info][gc,nmethod  ] GC(15) Y: NMethods: 4606 registered, 533 unregistered
[2026-04-03T01:59:03.453+0600][16.601s][info][gc,metaspace] GC(15) Y: Metaspace: 62M used, 63M committed, 1088M reserved
[2026-04-03T01:59:03.453+0600][16.601s][info][gc,reloc    ] GC(15) Y:                        Candidates     Selected     In-Place         Size        Empty    Relocated 
[2026-04-03T01:59:03.453+0600][16.601s][info][gc,reloc    ] GC(15) Y: Small Pages:                   30           26            0          60M           4M           1M 
[2026-04-03T01:59:03.453+0600][16.601s][info][gc,reloc    ] GC(15) Y: Medium Pages:                   0            0            0           0M           0M           0M 
[2026-04-03T01:59:03.453+0600][16.601s][info][gc,reloc    ] GC(15) Y: Large Pages:                    1            0            0           6M           6M           0M 
[2026-04-03T01:59:03.453+0600][16.601s][info][gc,reloc    ] GC(15) Y: Forwarding Usage: 0M
[2026-04-03T01:59:03.453+0600][16.601s][info][gc,reloc    ] GC(15) Y: Age Table:
[2026-04-03T01:59:03.453+0600][16.601s][info][gc,reloc    ] GC(15) Y:                    Live             Garbage             Small              Medium             Large        
[2026-04-03T01:59:03.454+0600][16.601s][info][gc,reloc    ] GC(15) Y: Eden               1M (0%)           58M (5%)          27 / 24             0 / 0              1 / 0        
[2026-04-03T01:59:03.454+0600][16.601s][info][gc,reloc    ] GC(15) Y: Survivor 1         0M (0%)            5M (0%)           3 / 2              0 / 0              0 / 0        
[2026-04-03T01:59:03.454+0600][16.601s][info][gc,heap     ] GC(15) Y: Min Capacity: 8M(1%)
[2026-04-03T01:59:03.454+0600][16.601s][info][gc,heap     ] GC(15) Y: Max Capacity: 1250M(100%)
[2026-04-03T01:59:03.454+0600][16.601s][info][gc,heap     ] GC(15) Y: Soft Max Capacity: 1250M(100%)
[2026-04-03T01:59:03.454+0600][16.601s][info][gc,heap     ] GC(15) Y: Heap Statistics:
[2026-04-03T01:59:03.454+0600][16.601s][info][gc,heap     ] GC(15) Y:                Mark Start          Mark End        Relocate Start      Relocate End           High               Low         
[2026-04-03T01:59:03.454+0600][16.601s][info][gc,heap     ] GC(15) Y:  Capacity:     1202M (96%)        1202M (96%)        1202M (96%)        1202M (96%)        1202M (96%)        1202M (96%)    
[2026-04-03T01:59:03.454+0600][16.601s][info][gc,heap     ] GC(15) Y:      Free:     1020M (82%)        1010M (81%)        1016M (81%)        1054M (84%)        1054M (84%)        1008M (81%)    
[2026-04-03T01:59:03.454+0600][16.601s][info][gc,heap     ] GC(15) Y:      Used:      230M (18%)         240M (19%)         234M (19%)         196M (16%)         242M (19%)         196M (16%)    
[2026-04-03T01:59:03.454+0600][16.601s][info][gc,heap     ] GC(15) Y: Young Generation Statistics:
[2026-04-03T01:59:03.454+0600][16.601s][info][gc,heap     ] GC(15) Y:                Mark Start          Mark End        Relocate Start      Relocate End    
[2026-04-03T01:59:03.454+0600][16.601s][info][gc,heap     ] GC(15) Y:      Used:       66M (5%)           76M (6%)           70M (6%)           32M (3%)     
[2026-04-03T01:59:03.454+0600][16.601s][info][gc,heap     ] GC(15) Y:      Live:         -                 1M (0%)            1M (0%)            1M (0%)     
[2026-04-03T01:59:03.454+0600][16.601s][info][gc,heap     ] GC(15) Y:   Garbage:         -                64M (5%)           54M (4%)            1M (0%)     
[2026-04-03T01:59:03.454+0600][16.601s][info][gc,heap     ] GC(15) Y: Allocated:         -                10M (1%)           14M (1%)           28M (2%)     
[2026-04-03T01:59:03.454+0600][16.601s][info][gc,heap     ] GC(15) Y: Reclaimed:         -                  -                10M (1%)           62M (5%)     
[2026-04-03T01:59:03.454+0600][16.601s][info][gc,heap     ] GC(15) Y:  Promoted:         -                  -                 0M (0%)            0M (0%)     
[2026-04-03T01:59:03.454+0600][16.601s][info][gc,heap     ] GC(15) Y: Compacted:         -                  -                  -                 1M (0%)     
[2026-04-03T01:59:03.454+0600][16.601s][info][gc,phases   ] GC(15) Y: Young Generation 230M(18%)->196M(16%) 0.020s
[2026-04-03T01:59:03.454+0600][16.601s][info][gc,phases   ] GC(15) O: Old Generation
[2026-04-03T01:59:03.480+0600][16.627s][info][gc,task     ] Adjusting Workers for Old Generation: 1 -> 2
[2026-04-03T01:59:03.480+0600][16.627s][info][gc          ] GC(16) Minor Collection (Allocation Rate)
[2026-04-03T01:59:03.480+0600][16.627s][info][gc,task     ] GC(16) Using 1 Workers for Young Generation
[2026-04-03T01:59:03.480+0600][16.627s][info][gc,phases   ] GC(16) y: Young Generation
[2026-04-03T01:59:03.481+0600][16.628s][info][gc,phases   ] GC(16) y: Pause Mark Start 0.019ms
[2026-04-03T01:59:03.502+0600][16.650s][info][gc,phases   ] GC(16) y: Concurrent Mark 21.250ms
[2026-04-03T01:59:03.502+0600][16.650s][info][gc,phases   ] GC(16) y: Pause Mark End 0.025ms
[2026-04-03T01:59:03.502+0600][16.650s][info][gc,phases   ] GC(16) y: Concurrent Mark Free 0.002ms
[2026-04-03T01:59:03.502+0600][16.650s][info][gc,phases   ] GC(16) y: Concurrent Reset Relocation Set 0.004ms
[2026-04-03T01:59:03.506+0600][16.653s][info][gc,reloc    ] GC(16) y: Using tenuring threshold: 3 (Computed)
[2026-04-03T01:59:03.507+0600][16.655s][info][gc,phases   ] GC(16) y: Concurrent Select Relocation Set 4.659ms
[2026-04-03T01:59:03.507+0600][16.655s][info][gc,phases   ] GC(16) y: Pause Relocate Start 0.018ms
[2026-04-03T01:59:03.516+0600][16.664s][info][gc,phases   ] GC(16) y: Concurrent Relocate 8.871ms
[2026-04-03T01:59:03.517+0600][16.664s][info][gc,alloc    ] GC(16) y:                         Mark Start        Mark End      Relocate Start    Relocate End   
[2026-04-03T01:59:03.517+0600][16.664s][info][gc,alloc    ] GC(16) y: Allocation Stalls:          0                0                0                0         
[2026-04-03T01:59:03.517+0600][16.664s][info][gc,load     ] GC(16) y: Load: 2.17 (18%) / 4.68 (39%) / 6.25 (52%)
[2026-04-03T01:59:03.517+0600][16.664s][info][gc,mmu      ] GC(16) y: MMU: 2ms/94.6%, 5ms/97.8%, 10ms/98.9%, 20ms/99.1%, 50ms/99.6%, 100ms/99.7%
[2026-04-03T01:59:03.517+0600][16.664s][info][gc,marking  ] GC(16) y: Mark: 1 stripe(s), 2 proactive flush(es), 1 terminate flush(es), 0 completion(s), 0 continuation(s) 
[2026-04-03T01:59:03.517+0600][16.664s][info][gc,marking  ] GC(16) y: Mark Stack Usage: 32M
[2026-04-03T01:59:03.517+0600][16.664s][info][gc,nmethod  ] GC(16) y: NMethods: 4622 registered, 533 unregistered
[2026-04-03T01:59:03.517+0600][16.664s][info][gc,metaspace] GC(16) y: Metaspace: 62M used, 63M committed, 1088M reserved
[2026-04-03T01:59:03.517+0600][16.664s][info][gc,reloc    ] GC(16) y:                        Candidates     Selected     In-Place         Size        Empty    Relocated 
[2026-04-03T01:59:03.517+0600][16.664s][info][gc,reloc    ] GC(16) y: Small Pages:                   23           19            0          46M           4M           2M 
[2026-04-03T01:59:03.517+0600][16.664s][info][gc,reloc    ] GC(16) y: Medium Pages:                   1            0            0          32M           0M           0M 
[2026-04-03T01:59:03.517+0600][16.664s][info][gc,reloc    ] GC(16) y: Large Pages:                    0            0            0           0M           0M           0M 
[2026-04-03T01:59:03.517+0600][16.664s][info][gc,reloc    ] GC(16) y: Forwarding Usage: 1M
[2026-04-03T01:59:03.517+0600][16.664s][info][gc,reloc    ] GC(16) y: Age Table:
[2026-04-03T01:59:03.517+0600][16.664s][info][gc,reloc    ] GC(16) y:                    Live             Garbage             Small              Medium             Large        
[2026-04-03T01:59:03.517+0600][16.664s][info][gc,reloc    ] GC(16) y: Eden               1M (0%)           58M (5%)          14 / 12             1 / 0              0 / 0        
[2026-04-03T01:59:03.517+0600][16.664s][info][gc,reloc    ] GC(16) y: Survivor 1         1M (0%)            8M (1%)           5 / 5              0 / 0              0 / 0        
[2026-04-03T01:59:03.517+0600][16.664s][info][gc,reloc    ] GC(16) y: Survivor 2         0M (0%)            7M (1%)           4 / 2              0 / 0              0 / 0        
[2026-04-03T01:59:03.517+0600][16.664s][info][gc,heap     ] GC(16) y: Min Capacity: 8M(1%)
[2026-04-03T01:59:03.517+0600][16.664s][info][gc,heap     ] GC(16) y: Max Capacity: 1250M(100%)
[2026-04-03T01:59:03.517+0600][16.664s][info][gc,heap     ] GC(16) y: Soft Max Capacity: 1250M(100%)
[2026-04-03T01:59:03.517+0600][16.664s][info][gc,heap     ] GC(16) y: Heap Statistics:
[2026-04-03T01:59:03.517+0600][16.664s][info][gc,heap     ] GC(16) y:                Mark Start          Mark End        Relocate Start      Relocate End           High               Low         
[2026-04-03T01:59:03.517+0600][16.664s][info][gc,heap     ] GC(16) y:  Capacity:     1202M (96%)        1202M (96%)        1202M (96%)        1202M (96%)        1202M (96%)        1202M (96%)    
[2026-04-03T01:59:03.517+0600][16.664s][info][gc,heap     ] GC(16) y:      Free:     1008M (81%)         992M (79%)         992M (79%)        1006M (80%)        1008M (81%)         986M (79%)    
[2026-04-03T01:59:03.517+0600][16.664s][info][gc,heap     ] GC(16) y:      Used:      242M (19%)         258M (21%)         258M (21%)         244M (20%)         264M (21%)         242M (19%)    
[2026-04-03T01:59:03.517+0600][16.664s][info][gc,heap     ] GC(16) y: Young Generation Statistics:
[2026-04-03T01:59:03.517+0600][16.664s][info][gc,heap     ] GC(16) y:                Mark Start          Mark End        Relocate Start      Relocate End    
[2026-04-03T01:59:03.517+0600][16.664s][info][gc,heap     ] GC(16) y:      Used:       78M (6%)           94M (8%)           94M (8%)           80M (6%)     
[2026-04-03T01:59:03.517+0600][16.664s][info][gc,heap     ] GC(16) y:      Live:         -                 3M (0%)            3M (0%)            3M (0%)     
[2026-04-03T01:59:03.517+0600][16.664s][info][gc,heap     ] GC(16) y:   Garbage:         -                74M (6%)           70M (6%)           31M (3%)     
[2026-04-03T01:59:03.517+0600][16.664s][info][gc,heap     ] GC(16) y: Allocated:         -                16M (1%)           20M (2%)           44M (4%)     
[2026-04-03T01:59:03.517+0600][16.664s][info][gc,heap     ] GC(16) y: Reclaimed:         -                  -                 4M (0%)           42M (3%)     
[2026-04-03T01:59:03.517+0600][16.664s][info][gc,heap     ] GC(16) y:  Promoted:         -                  -                 0M (0%)            0M (0%)     
[2026-04-03T01:59:03.517+0600][16.664s][info][gc,heap     ] GC(16) y: Compacted:         -                  -                  -                 3M (0%)     
[2026-04-03T01:59:03.517+0600][16.664s][info][gc,phases   ] GC(16) y: Young Generation 242M(19%)->244M(20%) 0.037s
[2026-04-03T01:59:03.517+0600][16.664s][info][gc          ] GC(16) Minor Collection (Allocation Rate) 242M(19%)->244M(20%) 0.037s
[2026-04-03T01:59:03.517+0600][16.665s][info][gc          ] GC(17) Minor Collection (Allocation Rate)
[2026-04-03T01:59:03.517+0600][16.665s][info][gc,task     ] GC(17) Using 1 Workers for Young Generation
[2026-04-03T01:59:03.517+0600][16.665s][info][gc,phases   ] GC(17) y: Young Generation
[2026-04-03T01:59:03.517+0600][16.665s][info][gc,phases   ] GC(17) y: Pause Mark Start 0.018ms
[2026-04-03T01:59:03.553+0600][16.701s][info][gc,phases   ] GC(17) y: Concurrent Mark 35.983ms
[2026-04-03T01:59:03.554+0600][16.701s][info][gc,phases   ] GC(17) y: Pause Mark End 0.022ms
[2026-04-03T01:59:03.554+0600][16.701s][info][gc,phases   ] GC(17) y: Concurrent Mark Free 0.002ms
[2026-04-03T01:59:03.554+0600][16.701s][info][gc,phases   ] GC(17) y: Concurrent Reset Relocation Set 0.004ms
[2026-04-03T01:59:03.556+0600][16.703s][info][gc,reloc    ] GC(17) y: Using tenuring threshold: 3 (Computed)
[2026-04-03T01:59:03.558+0600][16.705s][info][gc,phases   ] GC(17) y: Concurrent Select Relocation Set 4.119ms
[2026-04-03T01:59:03.558+0600][16.706s][info][gc,phases   ] GC(17) y: Pause Relocate Start 0.016ms
[2026-04-03T01:59:03.571+0600][16.719s][info][gc,phases   ] GC(17) y: Concurrent Relocate 13.027ms
[2026-04-03T01:59:03.571+0600][16.719s][info][gc,alloc    ] GC(17) y:                         Mark Start        Mark End      Relocate Start    Relocate End   
[2026-04-03T01:59:03.571+0600][16.719s][info][gc,alloc    ] GC(17) y: Allocation Stalls:          0                0                0                0         
[2026-04-03T01:59:03.571+0600][16.719s][info][gc,load     ] GC(17) y: Load: 2.17 (18%) / 4.68 (39%) / 6.25 (52%)
[2026-04-03T01:59:03.571+0600][16.719s][info][gc,mmu      ] GC(17) y: MMU: 2ms/94.6%, 5ms/97.8%, 10ms/98.9%, 20ms/99.1%, 50ms/99.6%, 100ms/99.7%
[2026-04-03T01:59:03.571+0600][16.719s][info][gc,marking  ] GC(17) y: Mark: 1 stripe(s), 2 proactive flush(es), 1 terminate flush(es), 0 completion(s), 0 continuation(s) 
[2026-04-03T01:59:03.571+0600][16.719s][info][gc,marking  ] GC(17) y: Mark Stack Usage: 32M
[2026-04-03T01:59:03.571+0600][16.719s][info][gc,nmethod  ] GC(17) y: NMethods: 4646 registered, 533 unregistered
[2026-04-03T01:59:03.571+0600][16.719s][info][gc,metaspace] GC(17) y: Metaspace: 62M used, 63M committed, 1088M reserved
[2026-04-03T01:59:03.571+0600][16.719s][info][gc,reloc    ] GC(17) y:                        Candidates     Selected     In-Place         Size        Empty    Relocated 
[2026-04-03T01:59:03.571+0600][16.719s][info][gc,reloc    ] GC(17) y: Small Pages:                   24           21            0          48M           0M           2M 
[2026-04-03T01:59:03.571+0600][16.719s][info][gc,reloc    ] GC(17) y: Medium Pages:                   1            0            0          32M           0M           0M 
[2026-04-03T01:59:03.572+0600][16.719s][info][gc,reloc    ] GC(17) y: Large Pages:                    0            0            0           0M           0M           0M 
[2026-04-03T01:59:03.572+0600][16.719s][info][gc,reloc    ] GC(17) y: Forwarding Usage: 1M
[2026-04-03T01:59:03.572+0600][16.719s][info][gc,reloc    ] GC(17) y: Age Table:
[2026-04-03T01:59:03.572+0600][16.719s][info][gc,reloc    ] GC(17) y:                    Live             Garbage             Small              Medium             Large        
[2026-04-03T01:59:03.572+0600][16.719s][info][gc,reloc    ] GC(17) y: Eden               1M (0%)           30M (2%)          16 / 16             0 / 0              0 / 0        
[2026-04-03T01:59:03.572+0600][16.719s][info][gc,reloc    ] GC(17) y: Survivor 1         1M (0%)           34M (3%)           2 / 1              1 / 0              0 / 0        
[2026-04-03T01:59:03.572+0600][16.719s][info][gc,reloc    ] GC(17) y: Survivor 2         1M (0%)            4M (0%)           3 / 3              0 / 0              0 / 0        
[2026-04-03T01:59:03.572+0600][16.719s][info][gc,reloc    ] GC(17) y: Survivor 3         0M (0%)            5M (0%)           3 / 1              0 / 0              0 / 0        
[2026-04-03T01:59:03.572+0600][16.719s][info][gc,heap     ] GC(17) y: Min Capacity: 8M(1%)
[2026-04-03T01:59:03.572+0600][16.719s][info][gc,heap     ] GC(17) y: Max Capacity: 1250M(100%)
[2026-04-03T01:59:03.572+0600][16.719s][info][gc,heap     ] GC(17) y: Soft Max Capacity: 1250M(100%)
[2026-04-03T01:59:03.572+0600][16.719s][info][gc,heap     ] GC(17) y: Heap Statistics:
[2026-04-03T01:59:03.572+0600][16.719s][info][gc,heap     ] GC(17) y:                Mark Start          Mark End        Relocate Start      Relocate End           High               Low         
[2026-04-03T01:59:03.572+0600][16.719s][info][gc,heap     ] GC(17) y:  Capacity:     1202M (96%)        1202M (96%)        1202M (96%)        1202M (96%)        1202M (96%)        1202M (96%)    
[2026-04-03T01:59:03.572+0600][16.719s][info][gc,heap     ] GC(17) y:      Free:     1006M (80%)         932M (75%)         928M (74%)         934M (75%)        1006M (80%)         920M (74%)    
[2026-04-03T01:59:03.572+0600][16.719s][info][gc,heap     ] GC(17) y:      Used:      244M (20%)         318M (25%)         322M (26%)         316M (25%)         330M (26%)         244M (20%)    
[2026-04-03T01:59:03.572+0600][16.719s][info][gc,heap     ] GC(17) y: Young Generation Statistics:
[2026-04-03T01:59:03.572+0600][16.719s][info][gc,heap     ] GC(17) y:                Mark Start          Mark End        Relocate Start      Relocate End    
[2026-04-03T01:59:03.572+0600][16.719s][info][gc,heap     ] GC(17) y:      Used:       80M (6%)          154M (12%)         158M (13%)         142M (11%)    
[2026-04-03T01:59:03.572+0600][16.719s][info][gc,heap     ] GC(17) y:      Live:         -                 4M (0%)            4M (0%)            4M (0%)     
[2026-04-03T01:59:03.572+0600][16.719s][info][gc,heap     ] GC(17) y:   Garbage:         -                75M (6%)           75M (6%)           32M (3%)     
[2026-04-03T01:59:03.572+0600][16.719s][info][gc,heap     ] GC(17) y: Allocated:         -                74M (6%)           78M (6%)          105M (8%)     
[2026-04-03T01:59:03.572+0600][16.719s][info][gc,heap     ] GC(17) y: Reclaimed:         -                  -                 0M (0%)           42M (3%)     
[2026-04-03T01:59:03.572+0600][16.719s][info][gc,heap     ] GC(17) y:  Promoted:         -                  -                 0M (0%)            0M (0%)     
[2026-04-03T01:59:03.572+0600][16.719s][info][gc,heap     ] GC(17) y: Compacted:         -                  -                  -                 2M (0%)     
[2026-04-03T01:59:03.572+0600][16.719s][info][gc,phases   ] GC(17) y: Young Generation 244M(20%)->316M(25%) 0.054s
[2026-04-03T01:59:03.572+0600][16.719s][info][gc          ] GC(17) Minor Collection (Allocation Rate) 244M(20%)->316M(25%) 0.055s
[2026-04-03T01:59:03.587+0600][16.735s][info][gc,task     ] Adjusting Workers for Old Generation: 2 -> 1
[2026-04-03T01:59:03.587+0600][16.735s][info][gc          ] GC(18) Minor Collection (Allocation Rate)
[2026-04-03T01:59:03.587+0600][16.735s][info][gc,task     ] GC(18) Using 2 Workers for Young Generation
[2026-04-03T01:59:03.587+0600][16.735s][info][gc,phases   ] GC(18) y: Young Generation
[2026-04-03T01:59:03.588+0600][16.735s][info][gc,phases   ] GC(18) y: Pause Mark Start 0.027ms
[2026-04-03T01:59:03.619+0600][16.766s][info][gc,phases   ] GC(18) y: Concurrent Mark 30.925ms
[2026-04-03T01:59:03.619+0600][16.767s][info][gc,phases   ] GC(18) y: Pause Mark End 0.020ms
[2026-04-03T01:59:03.619+0600][16.767s][info][gc,phases   ] GC(18) y: Concurrent Mark Free 0.003ms
[2026-04-03T01:59:03.619+0600][16.767s][info][gc,phases   ] GC(18) y: Concurrent Reset Relocation Set 0.010ms
[2026-04-03T01:59:03.621+0600][16.769s][info][gc,reloc    ] GC(18) y: Using tenuring threshold: 4 (Computed)
[2026-04-03T01:59:03.623+0600][16.770s][info][gc,phases   ] GC(18) y: Concurrent Select Relocation Set 3.604ms
[2026-04-03T01:59:03.623+0600][16.771s][info][gc,phases   ] GC(18) y: Pause Relocate Start 0.015ms
[2026-04-03T01:59:03.634+0600][16.782s][info][gc,phases   ] GC(18) y: Concurrent Relocate 10.861ms
[2026-04-03T01:59:03.634+0600][16.782s][info][gc,alloc    ] GC(18) y:                         Mark Start        Mark End      Relocate Start    Relocate End   
[2026-04-03T01:59:03.634+0600][16.782s][info][gc,alloc    ] GC(18) y: Allocation Stalls:          0                0                0                0         
[2026-04-03T01:59:03.634+0600][16.782s][info][gc,load     ] GC(18) y: Load: 2.17 (18%) / 4.68 (39%) / 6.25 (52%)
[2026-04-03T01:59:03.634+0600][16.782s][info][gc,mmu      ] GC(18) y: MMU: 2ms/94.6%, 5ms/97.8%, 10ms/98.9%, 20ms/99.1%, 50ms/99.6%, 100ms/99.7%
[2026-04-03T01:59:03.634+0600][16.782s][info][gc,marking  ] GC(18) y: Mark: 2 stripe(s), 10 proactive flush(es), 1 terminate flush(es), 0 completion(s), 0 continuation(s) 
[2026-04-03T01:59:03.634+0600][16.782s][info][gc,marking  ] GC(18) y: Mark Stack Usage: 32M
[2026-04-03T01:59:03.634+0600][16.782s][info][gc,nmethod  ] GC(18) y: NMethods: 4674 registered, 533 unregistered
[2026-04-03T01:59:03.634+0600][16.782s][info][gc,metaspace] GC(18) y: Metaspace: 62M used, 63M committed, 1088M reserved
[2026-04-03T01:59:03.634+0600][16.782s][info][gc,reloc    ] GC(18) y:                        Candidates     Selected     In-Place         Size        Empty    Relocated 
[2026-04-03T01:59:03.634+0600][16.782s][info][gc,reloc    ] GC(18) y: Small Pages:                   46           35            0          92M          12M           4M 
[2026-04-03T01:59:03.634+0600][16.782s][info][gc,reloc    ] GC(18) y: Medium Pages:                   2            0            0          64M          32M           0M 
[2026-04-03T01:59:03.634+0600][16.782s][info][gc,reloc    ] GC(18) y: Large Pages:                    0            0            0           0M           0M           0M 
[2026-04-03T01:59:03.634+0600][16.782s][info][gc,reloc    ] GC(18) y: Forwarding Usage: 3M
[2026-04-03T01:59:03.634+0600][16.782s][info][gc,reloc    ] GC(18) y: Age Table:
[2026-04-03T01:59:03.634+0600][16.782s][info][gc,reloc    ] GC(18) y:                    Live             Garbage             Small              Medium             Large        
[2026-04-03T01:59:03.634+0600][16.782s][info][gc,reloc    ] GC(18) y: Eden               4M (0%)           99M (8%)          36 / 27             1 / 0              0 / 0        
[2026-04-03T01:59:03.634+0600][16.782s][info][gc,reloc    ] GC(18) y: Survivor 1         1M (0%)            2M (0%)           2 / 1              0 / 0              0 / 0        
[2026-04-03T01:59:03.634+0600][16.782s][info][gc,reloc    ] GC(18) y: Survivor 2         1M (0%)           34M (3%)           2 / 1              1 / 0              0 / 0        
[2026-04-03T01:59:03.634+0600][16.782s][info][gc,reloc    ] GC(18) y: Survivor 3         1M (0%)           10M (1%)           6 / 6              0 / 0              0 / 0        
[2026-04-03T01:59:03.634+0600][16.782s][info][gc,heap     ] GC(18) y: Min Capacity: 8M(1%)
[2026-04-03T01:59:03.634+0600][16.782s][info][gc,heap     ] GC(18) y: Max Capacity: 1250M(100%)
[2026-04-03T01:59:03.634+0600][16.782s][info][gc,heap     ] GC(18) y: Soft Max Capacity: 1250M(100%)
[2026-04-03T01:59:03.634+0600][16.782s][info][gc,heap     ] GC(18) y: Heap Statistics:
[2026-04-03T01:59:03.634+0600][16.782s][info][gc,heap     ] GC(18) y:                Mark Start          Mark End        Relocate Start      Relocate End           High               Low         
[2026-04-03T01:59:03.634+0600][16.782s][info][gc,heap     ] GC(18) y:  Capacity:     1202M (96%)        1202M (96%)        1202M (96%)        1202M (96%)        1202M (96%)        1202M (96%)    
[2026-04-03T01:59:03.634+0600][16.782s][info][gc,heap     ] GC(18) y:      Free:      920M (74%)         888M (71%)         928M (74%)         970M (78%)         972M (78%)         884M (71%)    
[2026-04-03T01:59:03.634+0600][16.782s][info][gc,heap     ] GC(18) y:      Used:      330M (26%)         362M (29%)         322M (26%)         280M (22%)         366M (29%)         278M (22%)    
[2026-04-03T01:59:03.634+0600][16.782s][info][gc,heap     ] GC(18) y: Young Generation Statistics:
[2026-04-03T01:59:03.634+0600][16.782s][info][gc,heap     ] GC(18) y:                Mark Start          Mark End        Relocate Start      Relocate End    
[2026-04-03T01:59:03.634+0600][16.782s][info][gc,heap     ] GC(18) y:      Used:      156M (12%)         188M (15%)         148M (12%)         106M (8%)     
[2026-04-03T01:59:03.634+0600][16.782s][info][gc,heap     ] GC(18) y:      Live:         -                 8M (1%)            8M (1%)            8M (1%)     
[2026-04-03T01:59:03.634+0600][16.782s][info][gc,heap     ] GC(18) y:   Garbage:         -               147M (12%)         103M (8%)           32M (3%)     
[2026-04-03T01:59:03.635+0600][16.782s][info][gc,heap     ] GC(18) y: Allocated:         -                32M (3%)           36M (3%)           64M (5%)     
[2026-04-03T01:59:03.635+0600][16.782s][info][gc,heap     ] GC(18) y: Reclaimed:         -                  -                44M (4%)          114M (9%)     
[2026-04-03T01:59:03.635+0600][16.782s][info][gc,heap     ] GC(18) y:  Promoted:         -                  -                 0M (0%)            0M (0%)     
[2026-04-03T01:59:03.635+0600][16.782s][info][gc,heap     ] GC(18) y: Compacted:         -                  -                  -                 5M (0%)     
[2026-04-03T01:59:03.635+0600][16.782s][info][gc,phases   ] GC(18) y: Young Generation 330M(26%)->280M(22%) 0.047s
[2026-04-03T01:59:03.635+0600][16.782s][info][gc          ] GC(18) Minor Collection (Allocation Rate) 330M(26%)->280M(22%) 0.047s
[2026-04-03T01:59:03.647+0600][16.795s][info][gc          ] GC(19) Minor Collection (Allocation Rate)
[2026-04-03T01:59:03.647+0600][16.795s][info][gc,task     ] GC(19) Using 2 Workers for Young Generation
[2026-04-03T01:59:03.647+0600][16.795s][info][gc,phases   ] GC(19) y: Young Generation
[2026-04-03T01:59:03.647+0600][16.795s][info][gc,phases   ] GC(19) y: Pause Mark Start 0.020ms
[2026-04-03T01:59:03.682+0600][16.830s][info][gc,phases   ] GC(19) y: Concurrent Mark 34.660ms
[2026-04-03T01:59:03.682+0600][16.830s][info][gc,phases   ] GC(19) y: Pause Mark End 0.022ms
[2026-04-03T01:59:03.683+0600][16.830s][info][gc,phases   ] GC(19) y: Concurrent Mark Free 0.003ms
[2026-04-03T01:59:03.683+0600][16.830s][info][gc,phases   ] GC(19) y: Concurrent Reset Relocation Set 0.009ms
[2026-04-03T01:59:03.686+0600][16.833s][info][gc,reloc    ] GC(19) y: Using tenuring threshold: 3 (Computed)
[2026-04-03T01:59:03.688+0600][16.836s][info][gc,phases   ] GC(19) y: Concurrent Select Relocation Set 5.758ms
[2026-04-03T01:59:03.689+0600][16.836s][info][gc,phases   ] GC(19) y: Pause Relocate Start 0.013ms
[2026-04-03T01:59:03.694+0600][16.842s][info][gc,phases   ] GC(15) O: Concurrent Mark 240.643ms
[2026-04-03T01:59:03.698+0600][16.845s][info][gc,phases   ] GC(15) O: Pause Mark End 0.033ms
[2026-04-03T01:59:03.698+0600][16.846s][info][gc,phases   ] GC(15) O: Concurrent Mark Free 0.001ms
[2026-04-03T01:59:03.703+0600][16.850s][info][gc,phases   ] GC(19) y: Concurrent Relocate 13.829ms
[2026-04-03T01:59:03.703+0600][16.850s][info][gc,alloc    ] GC(19) y:                         Mark Start        Mark End      Relocate Start    Relocate End   
[2026-04-03T01:59:03.703+0600][16.850s][info][gc,alloc    ] GC(19) y: Allocation Stalls:          0                0                0                0         
[2026-04-03T01:59:03.703+0600][16.850s][info][gc,load     ] GC(19) y: Load: 2.17 (18%) / 4.68 (39%) / 6.25 (52%)
[2026-04-03T01:59:03.703+0600][16.850s][info][gc,mmu      ] GC(19) y: MMU: 2ms/94.6%, 5ms/97.8%, 10ms/98.9%, 20ms/99.1%, 50ms/99.6%, 100ms/99.7%
[2026-04-03T01:59:03.703+0600][16.850s][info][gc,marking  ] GC(19) y: Mark: 2 stripe(s), 10 proactive flush(es), 1 terminate flush(es), 0 completion(s), 0 continuation(s) 
[2026-04-03T01:59:03.703+0600][16.850s][info][gc,marking  ] GC(19) y: Mark Stack Usage: 32M
[2026-04-03T01:59:03.703+0600][16.850s][info][gc,nmethod  ] GC(19) y: NMethods: 4694 registered, 535 unregistered
[2026-04-03T01:59:03.703+0600][16.850s][info][gc,metaspace] GC(19) y: Metaspace: 62M used, 63M committed, 1088M reserved
[2026-04-03T01:59:03.703+0600][16.850s][info][gc,reloc    ] GC(19) y:                        Candidates     Selected     In-Place         Size        Empty    Relocated 
[2026-04-03T01:59:03.703+0600][16.850s][info][gc,reloc    ] GC(19) y: Small Pages:                   46           31            0          92M          18M           4M 
[2026-04-03T01:59:03.703+0600][16.850s][info][gc,reloc    ] GC(19) y: Medium Pages:                   1            0            0          32M           0M           0M 
[2026-04-03T01:59:03.703+0600][16.850s][info][gc,reloc    ] GC(19) y: Large Pages:                    0            0            0           0M           0M           0M 
[2026-04-03T01:59:03.703+0600][16.850s][info][gc,reloc    ] GC(19) y: Forwarding Usage: 4M
[2026-04-03T01:59:03.703+0600][16.850s][info][gc,reloc    ] GC(19) y: Age Table:
[2026-04-03T01:59:03.703+0600][16.850s][info][gc,reloc    ] GC(19) y:                    Live             Garbage             Small              Medium             Large        
[2026-04-03T01:59:03.703+0600][16.850s][info][gc,reloc    ] GC(19) y: Eden               2M (0%)           63M (5%)          33 / 23             0 / 0              0 / 0        
[2026-04-03T01:59:03.703+0600][16.850s][info][gc,reloc    ] GC(19) y: Survivor 1         4M (0%)           33M (3%)           3 / 1              1 / 0              0 / 0        
[2026-04-03T01:59:03.703+0600][16.850s][info][gc,reloc    ] GC(19) y: Survivor 2         1M (0%)            2M (0%)           2 / 2              0 / 0              0 / 0        
[2026-04-03T01:59:03.703+0600][16.850s][info][gc,reloc    ] GC(19) y: Survivor 3         1M (0%)            2M (0%)           2 / 1              0 / 0              0 / 0        
[2026-04-03T01:59:03.703+0600][16.850s][info][gc,reloc    ] GC(19) y: Survivor 4         1M (0%)           10M (1%)           6 / 4              0 / 0              0 / 0        
[2026-04-03T01:59:03.703+0600][16.850s][info][gc,heap     ] GC(19) y: Min Capacity: 8M(1%)
[2026-04-03T01:59:03.703+0600][16.850s][info][gc,heap     ] GC(19) y: Max Capacity: 1250M(100%)
[2026-04-03T01:59:03.703+0600][16.850s][info][gc,heap     ] GC(19) y: Soft Max Capacity: 1250M(100%)
[2026-04-03T01:59:03.703+0600][16.850s][info][gc,heap     ] GC(19) y: Heap Statistics:
[2026-04-03T01:59:03.703+0600][16.850s][info][gc,heap     ] GC(19) y:                Mark Start          Mark End        Relocate Start      Relocate End           High               Low         
[2026-04-03T01:59:03.703+0600][16.850s][info][gc,heap     ] GC(19) y:  Capacity:     1202M (96%)        1202M (96%)        1202M (96%)        1202M (96%)        1202M (96%)        1202M (96%)    
[2026-04-03T01:59:03.703+0600][16.850s][info][gc,heap     ] GC(19) y:      Free:      952M (76%)         890M (71%)         896M (72%)         882M (71%)         952M (76%)         880M (70%)    
[2026-04-03T01:59:03.703+0600][16.850s][info][gc,heap     ] GC(19) y:      Used:      298M (24%)         360M (29%)         354M (28%)         368M (29%)         370M (30%)         298M (24%)    
[2026-04-03T01:59:03.703+0600][16.850s][info][gc,heap     ] GC(19) y: Young Generation Statistics:
[2026-04-03T01:59:03.703+0600][16.850s][info][gc,heap     ] GC(19) y:                Mark Start          Mark End        Relocate Start      Relocate End    
[2026-04-03T01:59:03.703+0600][16.850s][info][gc,heap     ] GC(19) y:      Used:      124M (10%)         186M (15%)         180M (14%)         186M (15%)    
[2026-04-03T01:59:03.703+0600][16.850s][info][gc,heap     ] GC(19) y:      Live:         -                11M (1%)           11M (1%)            9M (1%)     
[2026-04-03T01:59:03.703+0600][16.850s][info][gc,heap     ] GC(19) y:   Garbage:         -               112M (9%)           94M (8%)           31M (2%)     
[2026-04-03T01:59:03.703+0600][16.850s][info][gc,heap     ] GC(19) y: Allocated:         -                62M (5%)           74M (6%)          145M (12%)    
[2026-04-03T01:59:03.703+0600][16.850s][info][gc,heap     ] GC(19) y: Reclaimed:         -                  -                18M (1%)           81M (7%)     
[2026-04-03T01:59:03.703+0600][16.850s][info][gc,heap     ] GC(19) y:  Promoted:         -                  -                 0M (0%)            2M (0%)     
[2026-04-03T01:59:03.703+0600][16.851s][info][gc,heap     ] GC(19) y: Compacted:         -                  -                  -                 4M (0%)     
[2026-04-03T01:59:03.703+0600][16.851s][info][gc,phases   ] GC(19) y: Young Generation 298M(24%)->368M(29%) 0.055s
[2026-04-03T01:59:03.703+0600][16.851s][info][gc          ] GC(19) Minor Collection (Allocation Rate) 296M(24%)->368M(29%) 0.056s
[2026-04-03T01:59:03.715+0600][16.862s][info][gc,phases   ] GC(15) O: Concurrent Process Non-Strong 16.761ms
[2026-04-03T01:59:03.715+0600][16.862s][info][gc,phases   ] GC(15) O: Concurrent Reset Relocation Set 0.008ms
[2026-04-03T01:59:03.719+0600][16.866s][info][gc,phases   ] GC(15) O: Concurrent Select Relocation Set 3.946ms
[2026-04-03T01:59:03.719+0600][16.866s][info][gc,task     ] GC(15) O: Using 3 Workers for Old Generation
[2026-04-03T01:59:03.740+0600][16.888s][info][gc,task     ] GC(15) O: Using 1 Workers for Old Generation
[2026-04-03T01:59:03.740+0600][16.888s][info][gc,phases   ] GC(15) O: Concurrent Remap Roots 21.423ms
[2026-04-03T01:59:03.741+0600][16.888s][info][gc,phases   ] GC(15) O: Pause Relocate Start 0.028ms
[2026-04-03T01:59:03.751+0600][16.899s][info][gc,phases   ] GC(15) O: Concurrent Relocate 10.211ms
[2026-04-03T01:59:03.751+0600][16.899s][info][gc,alloc    ] GC(15) O:                         Mark Start        Mark End      Relocate Start    Relocate End   
[2026-04-03T01:59:03.751+0600][16.899s][info][gc,alloc    ] GC(15) O: Allocation Stalls:          0                0                0                0         
[2026-04-03T01:59:03.751+0600][16.899s][info][gc,load     ] GC(15) O: Load: 2.17 (18%) / 4.68 (39%) / 6.25 (52%)
[2026-04-03T01:59:03.751+0600][16.899s][info][gc,mmu      ] GC(15) O: MMU: 2ms/94.6%, 5ms/97.8%, 10ms/98.9%, 20ms/99.1%, 50ms/99.6%, 100ms/99.7%
[2026-04-03T01:59:03.751+0600][16.899s][info][gc,marking  ] GC(15) O: Mark: 1 stripe(s), 2 proactive flush(es), 1 terminate flush(es), 0 completion(s), 0 continuation(s) 
[2026-04-03T01:59:03.751+0600][16.899s][info][gc,marking  ] GC(15) O: Mark Stack Usage: 32M
[2026-04-03T01:59:03.751+0600][16.899s][info][gc,nmethod  ] GC(15) O: NMethods: 4591 registered, 655 unregistered
[2026-04-03T01:59:03.751+0600][16.899s][info][gc,metaspace] GC(15) O: Metaspace: 62M used, 63M committed, 1088M reserved
[2026-04-03T01:59:03.751+0600][16.899s][info][gc,ref      ] GC(15) O:                       Encountered   Discovered     Enqueued 
[2026-04-03T01:59:03.751+0600][16.899s][info][gc,ref      ] GC(15) O: Soft References:             5155            0            0 
[2026-04-03T01:59:03.751+0600][16.899s][info][gc,ref      ] GC(15) O: Weak References:             8967         3089          652 
[2026-04-03T01:59:03.751+0600][16.899s][info][gc,ref      ] GC(15) O: Final References:              82            0            0 
[2026-04-03T01:59:03.751+0600][16.899s][info][gc,ref      ] GC(15) O: Phantom References:           603          204            0 
[2026-04-03T01:59:03.751+0600][16.899s][info][gc,reloc    ] GC(15) O:                        Candidates     Selected     In-Place         Size        Empty    Relocated 
[2026-04-03T01:59:03.751+0600][16.899s][info][gc,reloc    ] GC(15) O: Small Pages:                   63            7            0         126M           0M           2M 
[2026-04-03T01:59:03.751+0600][16.899s][info][gc,reloc    ] GC(15) O: Medium Pages:                   1            0            0          32M           0M           0M 
[2026-04-03T01:59:03.751+0600][16.899s][info][gc,reloc    ] GC(15) O: Large Pages:                    1            0            0           6M           0M           0M 
[2026-04-03T01:59:03.751+0600][16.899s][info][gc,reloc    ] GC(15) O: Forwarding Usage: 1M
[2026-04-03T01:59:03.751+0600][16.899s][info][gc,heap     ] GC(15) O: Min Capacity: 8M(1%)
[2026-04-03T01:59:03.751+0600][16.899s][info][gc,heap     ] GC(15) O: Max Capacity: 1250M(100%)
[2026-04-03T01:59:03.751+0600][16.899s][info][gc,heap     ] GC(15) O: Soft Max Capacity: 1250M(100%)
[2026-04-03T01:59:03.751+0600][16.899s][info][gc,heap     ] GC(15) O: Heap Statistics:
[2026-04-03T01:59:03.751+0600][16.899s][info][gc,heap     ] GC(15) O:                Mark Start          Mark End        Relocate Start      Relocate End           High               Low         
[2026-04-03T01:59:03.751+0600][16.899s][info][gc,heap     ] GC(15) O:  Capacity:     1202M (96%)        1202M (96%)        1202M (96%)        1202M (96%)        1202M (96%)        1202M (96%)    
[2026-04-03T01:59:03.751+0600][16.899s][info][gc,heap     ] GC(15) O:      Free:     1020M (82%)         922M (74%)         804M (64%)         794M (64%)        1054M (84%)         792M (63%)    
[2026-04-03T01:59:03.751+0600][16.899s][info][gc,heap     ] GC(15) O:      Used:      230M (18%)         328M (26%)         446M (36%)         456M (36%)         458M (37%)         196M (16%)    
[2026-04-03T01:59:03.752+0600][16.899s][info][gc,heap     ] GC(15) O: Old Generation Statistics:
[2026-04-03T01:59:03.752+0600][16.899s][info][gc,heap     ] GC(15) O:                Mark Start          Mark End        Relocate Start      Relocate End    
[2026-04-03T01:59:03.752+0600][16.899s][info][gc,heap     ] GC(15) O:      Used:      164M (13%)         182M (15%)         182M (15%)         174M (14%)    
[2026-04-03T01:59:03.752+0600][16.899s][info][gc,heap     ] GC(15) O:      Live:         -               120M (10%)         120M (10%)         120M (10%)    
[2026-04-03T01:59:03.752+0600][16.899s][info][gc,heap     ] GC(15) O:   Garbage:         -                43M (3%)           43M (3%)           29M (2%)     
[2026-04-03T01:59:03.752+0600][16.899s][info][gc,heap     ] GC(15) O: Allocated:         -                18M (1%)           18M (1%)           24M (2%)     
[2026-04-03T01:59:03.752+0600][16.899s][info][gc,heap     ] GC(15) O: Reclaimed:         -                  -                 0M (0%)           14M (1%)     
[2026-04-03T01:59:03.752+0600][16.899s][info][gc,heap     ] GC(15) O: Compacted:         -                  -                  -                 3M (0%)     
[2026-04-03T01:59:03.752+0600][16.899s][info][gc,phases   ] GC(15) O: Old Generation 196M(16%)->456M(36%) 0.297s
[2026-04-03T01:59:03.752+0600][16.899s][info][gc          ] GC(15) Major Collection (Allocation Rate) 230M(18%)->458M(37%) 0.319s
[2026-04-03T01:59:03.905+0600][17.053s][info][gc          ] GC(20) Minor Collection (Allocation Rate)
[2026-04-03T01:59:03.906+0600][17.053s][info][gc,task     ] GC(20) Using 2 Workers for Young Generation
[2026-04-03T01:59:03.906+0600][17.053s][info][gc,phases   ] GC(20) y: Young Generation
[2026-04-03T01:59:03.906+0600][17.053s][info][gc,phases   ] GC(20) y: Pause Mark Start 0.020ms
[2026-04-03T01:59:03.970+0600][17.118s][info][gc,task     ] Adjusting Workers for Young Generation: 2 -> 3
[2026-04-03T01:59:03.978+0600][17.125s][info][gc,phases   ] GC(20) y: Concurrent Mark 71.657ms
[2026-04-03T01:59:03.978+0600][17.125s][info][gc,phases   ] GC(20) y: Pause Mark End 0.080ms
[2026-04-03T01:59:03.978+0600][17.125s][info][gc,phases   ] GC(20) y: Concurrent Mark Free 0.002ms
[2026-04-03T01:59:03.978+0600][17.126s][info][gc,phases   ] GC(20) y: Concurrent Reset Relocation Set 0.014ms
[2026-04-03T01:59:03.982+0600][17.129s][info][gc,reloc    ] GC(20) y: Using tenuring threshold: 2 (Computed)
[2026-04-03T01:59:03.989+0600][17.136s][info][gc,phases   ] GC(20) y: Concurrent Select Relocation Set 10.469ms
[2026-04-03T01:59:03.989+0600][17.136s][info][gc,phases   ] GC(20) y: Pause Relocate Start 0.026ms
[2026-04-03T01:59:04.018+0600][17.165s][info][gc,phases   ] GC(20) y: Concurrent Relocate 28.861ms
[2026-04-03T01:59:04.018+0600][17.166s][info][gc,alloc    ] GC(20) y:                         Mark Start        Mark End      Relocate Start    Relocate End   
[2026-04-03T01:59:04.018+0600][17.166s][info][gc,alloc    ] GC(20) y: Allocation Stalls:          0                0                0                0         
[2026-04-03T01:59:04.018+0600][17.166s][info][gc,load     ] GC(20) y: Load: 2.17 (18%) / 4.68 (39%) / 6.25 (52%)
[2026-04-03T01:59:04.018+0600][17.166s][info][gc,mmu      ] GC(20) y: MMU: 2ms/94.6%, 5ms/97.8%, 10ms/98.9%, 20ms/99.1%, 50ms/99.6%, 100ms/99.7%
[2026-04-03T01:59:04.018+0600][17.166s][info][gc,marking  ] GC(20) y: Mark: 2 stripe(s), 10 proactive flush(es), 1 terminate flush(es), 0 completion(s), 0 continuation(s) 
[2026-04-03T01:59:04.018+0600][17.166s][info][gc,marking  ] GC(20) y: Mark Stack Usage: 32M
[2026-04-03T01:59:04.018+0600][17.166s][info][gc,nmethod  ] GC(20) y: NMethods: 4625 registered, 655 unregistered
[2026-04-03T01:59:04.018+0600][17.166s][info][gc,metaspace] GC(20) y: Metaspace: 62M used, 63M committed, 1088M reserved
[2026-04-03T01:59:04.018+0600][17.166s][info][gc,reloc    ] GC(20) y:                        Candidates     Selected     In-Place         Size        Empty    Relocated 
[2026-04-03T01:59:04.018+0600][17.166s][info][gc,reloc    ] GC(20) y: Small Pages:                  335          169            0         670M         292M          23M 
[2026-04-03T01:59:04.018+0600][17.166s][info][gc,reloc    ] GC(20) y: Medium Pages:                   2            0            0          64M          64M           0M 
[2026-04-03T01:59:04.018+0600][17.166s][info][gc,reloc    ] GC(20) y: Large Pages:                    1            0            0           6M           0M           0M 
[2026-04-03T01:59:04.018+0600][17.166s][info][gc,reloc    ] GC(20) y: Forwarding Usage: 20M
[2026-04-03T01:59:04.018+0600][17.166s][info][gc,reloc    ] GC(20) y: Age Table:
[2026-04-03T01:59:04.018+0600][17.166s][info][gc,reloc    ] GC(20) y:                    Live             Garbage             Small              Medium             Large        
[2026-04-03T01:59:04.018+0600][17.166s][info][gc,reloc    ] GC(20) y: Eden              31M (3%)          660M (53%)        327 / 166            1 / 0              1 / 0        
[2026-04-03T01:59:04.018+0600][17.166s][info][gc,reloc    ] GC(20) y: Survivor 1         2M (0%)            3M (0%)           3 / 1              0 / 0              0 / 0        
[2026-04-03T01:59:04.018+0600][17.166s][info][gc,reloc    ] GC(20) y: Survivor 2         3M (0%)           34M (3%)           3 / 1              1 / 0              0 / 0        
[2026-04-03T01:59:04.018+0600][17.166s][info][gc,reloc    ] GC(20) y: Survivor 3         1M (0%)            2M (0%)           2 / 1              0 / 0              0 / 0        
[2026-04-03T01:59:04.018+0600][17.166s][info][gc,heap     ] GC(20) y: Min Capacity: 8M(1%)
[2026-04-03T01:59:04.018+0600][17.166s][info][gc,heap     ] GC(20) y: Max Capacity: 1250M(100%)
[2026-04-03T01:59:04.018+0600][17.166s][info][gc,heap     ] GC(20) y: Soft Max Capacity: 1250M(100%)
[2026-04-03T01:59:04.018+0600][17.166s][info][gc,heap     ] GC(20) y: Heap Statistics:
[2026-04-03T01:59:04.018+0600][17.166s][info][gc,heap     ] GC(20) y:                Mark Start          Mark End        Relocate Start      Relocate End           High               Low         
[2026-04-03T01:59:04.018+0600][17.166s][info][gc,heap     ] GC(20) y:  Capacity:     1202M (96%)        1202M (96%)        1202M (96%)        1202M (96%)        1202M (96%)        1202M (96%)    
[2026-04-03T01:59:04.018+0600][17.166s][info][gc,heap     ] GC(20) y:      Free:      336M (27%)         138M (11%)         468M (37%)         732M (59%)         736M (59%)         138M (11%)    
[2026-04-03T01:59:04.018+0600][17.166s][info][gc,heap     ] GC(20) y:      Used:      914M (73%)        1112M (89%)         782M (63%)         518M (41%)        1112M (89%)         514M (41%)    
[2026-04-03T01:59:04.019+0600][17.166s][info][gc,heap     ] GC(20) y: Young Generation Statistics:
[2026-04-03T01:59:04.019+0600][17.166s][info][gc,heap     ] GC(20) y:                Mark Start          Mark End        Relocate Start      Relocate End    
[2026-04-03T01:59:04.019+0600][17.166s][info][gc,heap     ] GC(20) y:      Used:      740M (59%)         938M (75%)         602M (48%)         334M (27%)    
[2026-04-03T01:59:04.019+0600][17.166s][info][gc,heap     ] GC(20) y:      Live:         -                39M (3%)           34M (3%)           34M (3%)     
[2026-04-03T01:59:04.019+0600][17.166s][info][gc,heap     ] GC(20) y:   Garbage:         -               700M (56%)         343M (27%)           1M (0%)     
[2026-04-03T01:59:04.019+0600][17.166s][info][gc,heap     ] GC(20) y: Allocated:         -               198M (16%)         224M (18%)         298M (24%)    
[2026-04-03T01:59:04.019+0600][17.166s][info][gc,heap     ] GC(20) y: Reclaimed:         -                  -               356M (29%)         699M (56%)    
[2026-04-03T01:59:04.019+0600][17.166s][info][gc,heap     ] GC(20) y:  Promoted:         -                  -                 5M (0%)            5M (0%)     
[2026-04-03T01:59:04.019+0600][17.166s][info][gc,heap     ] GC(20) y: Compacted:         -                  -                  -                25M (2%)     
[2026-04-03T01:59:04.019+0600][17.166s][info][gc,phases   ] GC(20) y: Young Generation 914M(73%)->518M(41%) 0.113s
[2026-04-03T01:59:04.019+0600][17.166s][info][gc          ] GC(20) Minor Collection (Allocation Rate) 914M(73%)->518M(41%) 0.113s
[2026-04-03T01:59:04.019+0600][17.166s][info][gc          ] GC(21) Minor Collection (Allocation Rate)
[2026-04-03T01:59:04.019+0600][17.166s][info][gc,task     ] GC(21) Using 3 Workers for Young Generation
[2026-04-03T01:59:04.019+0600][17.166s][info][gc,phases   ] GC(21) y: Young Generation
[2026-04-03T01:59:04.019+0600][17.167s][info][gc,phases   ] GC(21) y: Pause Mark Start 0.059ms
[2026-04-03T01:59:04.089+0600][17.237s][info][gc,phases   ] GC(21) y: Concurrent Mark 69.895ms
[2026-04-03T01:59:04.090+0600][17.237s][info][gc,phases   ] GC(21) y: Pause Mark End 0.068ms
[2026-04-03T01:59:04.090+0600][17.237s][info][gc,phases   ] GC(21) y: Concurrent Mark Free 0.003ms
[2026-04-03T01:59:04.090+0600][17.237s][info][gc,phases   ] GC(21) y: Concurrent Reset Relocation Set 0.038ms
[2026-04-03T01:59:04.094+0600][17.241s][info][gc,reloc    ] GC(21) y: Using tenuring threshold: 2 (Computed)
[2026-04-03T01:59:04.097+0600][17.245s][info][gc,phases   ] GC(21) y: Concurrent Select Relocation Set 7.642ms
[2026-04-03T01:59:04.098+0600][17.245s][info][gc,phases   ] GC(21) y: Pause Relocate Start 0.021ms
[2026-04-03T01:59:04.119+0600][17.266s][info][gc,phases   ] GC(21) y: Concurrent Relocate 20.738ms
[2026-04-03T01:59:04.119+0600][17.266s][info][gc,alloc    ] GC(21) y:                         Mark Start        Mark End      Relocate Start    Relocate End   
[2026-04-03T01:59:04.119+0600][17.266s][info][gc,alloc    ] GC(21) y: Allocation Stalls:          0                0                0                0         
[2026-04-03T01:59:04.119+0600][17.266s][info][gc,load     ] GC(21) y: Load: 2.17 (18%) / 4.68 (39%) / 6.25 (52%)
[2026-04-03T01:59:04.119+0600][17.266s][info][gc,mmu      ] GC(21) y: MMU: 2ms/94.6%, 5ms/97.8%, 10ms/98.9%, 20ms/99.1%, 50ms/99.6%, 100ms/99.7%
[2026-04-03T01:59:04.119+0600][17.266s][info][gc,marking  ] GC(21) y: Mark: 2 stripe(s), 2 proactive flush(es), 1 terminate flush(es), 0 completion(s), 0 continuation(s) 
[2026-04-03T01:59:04.119+0600][17.266s][info][gc,marking  ] GC(21) y: Mark Stack Usage: 32M
[2026-04-03T01:59:04.119+0600][17.266s][info][gc,nmethod  ] GC(21) y: NMethods: 4625 registered, 655 unregistered
[2026-04-03T01:59:04.119+0600][17.266s][info][gc,metaspace] GC(21) y: Metaspace: 62M used, 63M committed, 1088M reserved
[2026-04-03T01:59:04.119+0600][17.266s][info][gc,reloc    ] GC(21) y:                        Candidates     Selected     In-Place         Size        Empty    Relocated 
[2026-04-03T01:59:04.119+0600][17.266s][info][gc,reloc    ] GC(21) y: Small Pages:                  165           81            0         330M         124M          13M 
[2026-04-03T01:59:04.119+0600][17.266s][info][gc,reloc    ] GC(21) y: Medium Pages:                   0            0            0           0M           0M           0M 
[2026-04-03T01:59:04.119+0600][17.266s][info][gc,reloc    ] GC(21) y: Large Pages:                    1            0            0           6M           0M           0M 
[2026-04-03T01:59:04.119+0600][17.266s][info][gc,reloc    ] GC(21) y: Forwarding Usage: 11M
[2026-04-03T01:59:04.119+0600][17.266s][info][gc,reloc    ] GC(21) y: Age Table:
[2026-04-03T01:59:04.119+0600][17.266s][info][gc,reloc    ] GC(21) y:                    Live             Garbage             Small              Medium             Large        
[2026-04-03T01:59:04.119+0600][17.266s][info][gc,reloc    ] GC(21) y: Eden              12M (1%)          281M (23%)        147 / 77             0 / 0              0 / 0        
[2026-04-03T01:59:04.119+0600][17.266s][info][gc,reloc    ] GC(21) y: Survivor 1        31M (3%)            4M (0%)          15 / 2              0 / 0              1 / 0        
[2026-04-03T01:59:04.119+0600][17.266s][info][gc,reloc    ] GC(21) y: Survivor 2         2M (0%)            3M (0%)           3 / 2              0 / 0              0 / 0        
[2026-04-03T01:59:04.119+0600][17.266s][info][gc,heap     ] GC(21) y: Min Capacity: 8M(1%)
[2026-04-03T01:59:04.119+0600][17.266s][info][gc,heap     ] GC(21) y: Max Capacity: 1250M(100%)
[2026-04-03T01:59:04.119+0600][17.266s][info][gc,heap     ] GC(21) y: Soft Max Capacity: 1250M(100%)
[2026-04-03T01:59:04.119+0600][17.266s][info][gc,heap     ] GC(21) y: Heap Statistics:
[2026-04-03T01:59:04.119+0600][17.266s][info][gc,heap     ] GC(21) y:                Mark Start          Mark End        Relocate Start      Relocate End           High               Low         
[2026-04-03T01:59:04.119+0600][17.266s][info][gc,heap     ] GC(21) y:  Capacity:     1202M (96%)        1202M (96%)        1202M (96%)        1202M (96%)        1202M (96%)        1202M (96%)    
[2026-04-03T01:59:04.119+0600][17.266s][info][gc,heap     ] GC(21) y:      Free:      730M (58%)         558M (45%)         664M (53%)         786M (63%)         790M (63%)         548M (44%)    
[2026-04-03T01:59:04.119+0600][17.266s][info][gc,heap     ] GC(21) y:      Used:      520M (42%)         692M (55%)         586M (47%)         464M (37%)         702M (56%)         460M (37%)    
[2026-04-03T01:59:04.119+0600][17.266s][info][gc,heap     ] GC(21) y: Young Generation Statistics:
[2026-04-03T01:59:04.119+0600][17.266s][info][gc,heap     ] GC(21) y:                Mark Start          Mark End        Relocate Start      Relocate End    
[2026-04-03T01:59:04.119+0600][17.266s][info][gc,heap     ] GC(21) y:      Used:      336M (27%)         508M (41%)         400M (32%)         274M (22%)    
[2026-04-03T01:59:04.119+0600][17.266s][info][gc,heap     ] GC(21) y:      Live:         -                46M (4%)           45M (4%)           44M (4%)     
[2026-04-03T01:59:04.119+0600][17.267s][info][gc,heap     ] GC(21) y:   Garbage:         -               289M (23%)         164M (13%)           0M (0%)     
[2026-04-03T01:59:04.119+0600][17.267s][info][gc,heap     ] GC(21) y: Allocated:         -               172M (14%)         190M (15%)         229M (18%)    
[2026-04-03T01:59:04.119+0600][17.267s][info][gc,heap     ] GC(21) y: Reclaimed:         -                  -               124M (10%)         288M (23%)    
[2026-04-03T01:59:04.119+0600][17.267s][info][gc,heap     ] GC(21) y:  Promoted:         -                  -                 1M (0%)            2M (0%)     
[2026-04-03T01:59:04.119+0600][17.267s][info][gc,heap     ] GC(21) y: Compacted:         -                  -                  -                14M (1%)     
[2026-04-03T01:59:04.119+0600][17.267s][info][gc,phases   ] GC(21) y: Young Generation 520M(42%)->464M(37%) 0.100s
[2026-04-03T01:59:04.119+0600][17.267s][info][gc          ] GC(21) Minor Collection (Allocation Rate) 520M(42%)->464M(37%) 0.100s
[2026-04-03T01:59:04.119+0600][17.267s][info][gc          ] GC(22) Minor Collection (Allocation Rate)
[2026-04-03T01:59:04.119+0600][17.267s][info][gc,task     ] GC(22) Using 3 Workers for Young Generation
[2026-04-03T01:59:04.119+0600][17.267s][info][gc,phases   ] GC(22) y: Young Generation
[2026-04-03T01:59:04.136+0600][17.284s][info][gc,phases   ] GC(22) y: Pause Mark Start 0.023ms
[2026-04-03T01:59:04.213+0600][17.360s][info][gc,phases   ] GC(22) y: Concurrent Mark 76.320ms
[2026-04-03T01:59:04.213+0600][17.360s][info][gc,phases   ] GC(22) y: Pause Mark End 0.030ms
[2026-04-03T01:59:04.213+0600][17.361s][info][gc,phases   ] GC(22) y: Concurrent Mark Free 0.002ms
[2026-04-03T01:59:04.213+0600][17.361s][info][gc,phases   ] GC(22) y: Concurrent Reset Relocation Set 0.027ms
[2026-04-03T01:59:04.219+0600][17.367s][info][gc,reloc    ] GC(22) y: Using tenuring threshold: 1 (Computed)
[2026-04-03T01:59:04.234+0600][17.381s][info][gc,phases   ] GC(22) y: Concurrent Select Relocation Set 20.807ms
[2026-04-03T01:59:04.234+0600][17.382s][info][gc,phases   ] GC(22) y: Pause Relocate Start 0.024ms
[2026-04-03T01:59:04.278+0600][17.426s][info][gc,phases   ] GC(22) y: Concurrent Relocate 43.681ms
[2026-04-03T01:59:04.278+0600][17.426s][info][gc,alloc    ] GC(22) y:                         Mark Start        Mark End      Relocate Start    Relocate End   
[2026-04-03T01:59:04.278+0600][17.426s][info][gc,alloc    ] GC(22) y: Allocation Stalls:          0                0                0                0         
[2026-04-03T01:59:04.278+0600][17.426s][info][gc,load     ] GC(22) y: Load: 2.17 (18%) / 4.68 (39%) / 6.25 (52%)
[2026-04-03T01:59:04.278+0600][17.426s][info][gc,mmu      ] GC(22) y: MMU: 2ms/94.6%, 5ms/97.8%, 10ms/98.9%, 20ms/99.1%, 50ms/99.6%, 100ms/99.7%
[2026-04-03T01:59:04.278+0600][17.426s][info][gc,marking  ] GC(22) y: Mark: 2 stripe(s), 10 proactive flush(es), 1 terminate flush(es), 0 completion(s), 0 continuation(s) 
[2026-04-03T01:59:04.278+0600][17.426s][info][gc,marking  ] GC(22) y: Mark Stack Usage: 32M
[2026-04-03T01:59:04.278+0600][17.426s][info][gc,nmethod  ] GC(22) y: NMethods: 4631 registered, 655 unregistered
[2026-04-03T01:59:04.278+0600][17.426s][info][gc,metaspace] GC(22) y: Metaspace: 62M used, 63M committed, 1088M reserved
[2026-04-03T01:59:04.278+0600][17.426s][info][gc,reloc    ] GC(22) y:                        Candidates     Selected     In-Place         Size        Empty    Relocated 
[2026-04-03T01:59:04.278+0600][17.426s][info][gc,reloc    ] GC(22) y: Small Pages:                  129           53            0         258M         102M           8M 
[2026-04-03T01:59:04.278+0600][17.426s][info][gc,reloc    ] GC(22) y: Medium Pages:                   0            0            0           0M           0M           0M 
[2026-04-03T01:59:04.278+0600][17.426s][info][gc,reloc    ] GC(22) y: Large Pages:                    2            0            0          16M           0M           0M 
[2026-04-03T01:59:04.278+0600][17.426s][info][gc,reloc    ] GC(22) y: Forwarding Usage: 7M
[2026-04-03T01:59:04.278+0600][17.426s][info][gc,reloc    ] GC(22) y: Age Table:
[2026-04-03T01:59:04.278+0600][17.426s][info][gc,reloc    ] GC(22) y:                    Live             Garbage             Small              Medium             Large        
[2026-04-03T01:59:04.278+0600][17.426s][info][gc,reloc    ] GC(22) y: Eden              18M (1%)          205M (16%)        107 / 51             0 / 0              1 / 0        
[2026-04-03T01:59:04.278+0600][17.426s][info][gc,reloc    ] GC(22) y: Survivor 1        12M (1%)            1M (0%)           7 / 0              0 / 0              0 / 0        
[2026-04-03T01:59:04.278+0600][17.426s][info][gc,reloc    ] GC(22) y: Survivor 2        31M (3%)            4M (0%)          15 / 2              0 / 0              1 / 0        
[2026-04-03T01:59:04.278+0600][17.426s][info][gc,heap     ] GC(22) y: Min Capacity: 8M(1%)
[2026-04-03T01:59:04.278+0600][17.426s][info][gc,heap     ] GC(22) y: Max Capacity: 1250M(100%)
[2026-04-03T01:59:04.278+0600][17.426s][info][gc,heap     ] GC(22) y: Soft Max Capacity: 1250M(100%)
[2026-04-03T01:59:04.278+0600][17.426s][info][gc,heap     ] GC(22) y: Heap Statistics:
[2026-04-03T01:59:04.278+0600][17.426s][info][gc,heap     ] GC(22) y:                Mark Start          Mark End        Relocate Start      Relocate End           High               Low         
[2026-04-03T01:59:04.278+0600][17.426s][info][gc,heap     ] GC(22) y:  Capacity:     1202M (96%)        1202M (96%)        1202M (96%)        1202M (96%)        1202M (96%)        1202M (96%)    
[2026-04-03T01:59:04.278+0600][17.426s][info][gc,heap     ] GC(22) y:      Free:      786M (63%)         600M (48%)         652M (52%)         638M (51%)         786M (63%)         586M (47%)    
[2026-04-03T01:59:04.278+0600][17.426s][info][gc,heap     ] GC(22) y:      Used:      464M (37%)         650M (52%)         598M (48%)         612M (49%)         664M (53%)         464M (37%)    
[2026-04-03T01:59:04.278+0600][17.426s][info][gc,heap     ] GC(22) y: Young Generation Statistics:
[2026-04-03T01:59:04.278+0600][17.426s][info][gc,heap     ] GC(22) y:                Mark Start          Mark End        Relocate Start      Relocate End    
[2026-04-03T01:59:04.278+0600][17.426s][info][gc,heap     ] GC(22) y:      Used:      274M (22%)         460M (37%)         364M (29%)         372M (30%)    
[2026-04-03T01:59:04.278+0600][17.426s][info][gc,heap     ] GC(22) y:      Live:         -                62M (5%)           19M (2%)           18M (1%)     
[2026-04-03T01:59:04.278+0600][17.426s][info][gc,heap     ] GC(22) y:   Garbage:         -               211M (17%)         108M (9%)            0M (0%)     
[2026-04-03T01:59:04.278+0600][17.426s][info][gc,heap     ] GC(22) y: Allocated:         -               186M (15%)         236M (19%)         353M (28%)    
[2026-04-03T01:59:04.279+0600][17.426s][info][gc,heap     ] GC(22) y: Reclaimed:         -                  -               103M (8%)          211M (17%)    
[2026-04-03T01:59:04.279+0600][17.426s][info][gc,heap     ] GC(22) y:  Promoted:         -                  -                42M (3%)           44M (4%)     
[2026-04-03T01:59:04.279+0600][17.426s][info][gc,heap     ] GC(22) y: Compacted:         -                  -                  -                 8M (1%)     
[2026-04-03T01:59:04.279+0600][17.426s][info][gc,phases   ] GC(22) y: Young Generation 464M(37%)->612M(49%) 0.159s
[2026-04-03T01:59:04.279+0600][17.426s][info][gc          ] GC(22) Minor Collection (Allocation Rate) 464M(37%)->614M(49%) 0.159s
[2026-04-03T01:59:04.279+0600][17.426s][info][gc          ] GC(23) Major Collection (Allocation Rate)
[2026-04-03T01:59:04.279+0600][17.426s][info][gc,task     ] GC(23) Using 3 Workers for Young Generation
[2026-04-03T01:59:04.279+0600][17.426s][info][gc,task     ] GC(23) Using 1 Workers for Old Generation
[2026-04-03T01:59:04.279+0600][17.426s][info][gc,phases   ] GC(23) Y: Young Generation
[2026-04-03T01:59:04.279+0600][17.427s][info][gc,phases   ] GC(23) Y: Pause Mark Start (Major) 0.022ms
[2026-04-03T01:59:04.329+0600][17.477s][info][gc,phases   ] GC(23) Y: Concurrent Mark 50.250ms
[2026-04-03T01:59:04.330+0600][17.477s][info][gc,phases   ] GC(23) Y: Pause Mark End 0.025ms
[2026-04-03T01:59:04.330+0600][17.477s][info][gc,phases   ] GC(23) Y: Concurrent Mark Free 0.001ms
[2026-04-03T01:59:04.330+0600][17.477s][info][gc,phases   ] GC(23) Y: Concurrent Reset Relocation Set 0.051ms
[2026-04-03T01:59:04.334+0600][17.482s][info][gc,reloc    ] GC(23) Y: Using tenuring threshold: 1 (Computed)
[2026-04-03T01:59:04.348+0600][17.495s][info][gc,phases   ] GC(23) Y: Concurrent Select Relocation Set 18.123ms
[2026-04-03T01:59:04.348+0600][17.496s][info][gc,phases   ] GC(23) Y: Pause Relocate Start 0.018ms
[2026-04-03T01:59:04.458+0600][17.606s][info][gc,phases   ] GC(23) Y: Concurrent Relocate 110.099ms
[2026-04-03T01:59:04.458+0600][17.606s][info][gc,alloc    ] GC(23) Y:                         Mark Start        Mark End      Relocate Start    Relocate End   
[2026-04-03T01:59:04.458+0600][17.606s][info][gc,alloc    ] GC(23) Y: Allocation Stalls:          0                0                0                0         
[2026-04-03T01:59:04.458+0600][17.606s][info][gc,load     ] GC(23) Y: Load: 2.24 (19%) / 4.65 (39%) / 6.24 (52%)
[2026-04-03T01:59:04.458+0600][17.606s][info][gc,mmu      ] GC(23) Y: MMU: 2ms/94.6%, 5ms/97.8%, 10ms/98.9%, 20ms/99.1%, 50ms/99.6%, 100ms/99.7%
[2026-04-03T01:59:04.458+0600][17.606s][info][gc,marking  ] GC(23) Y: Mark: 2 stripe(s), 4 proactive flush(es), 1 terminate flush(es), 0 completion(s), 0 continuation(s) 
[2026-04-03T01:59:04.458+0600][17.606s][info][gc,marking  ] GC(23) Y: Mark Stack Usage: 32M
[2026-04-03T01:59:04.458+0600][17.606s][info][gc,nmethod  ] GC(23) Y: NMethods: 4655 registered, 655 unregistered
[2026-04-03T01:59:04.458+0600][17.606s][info][gc,metaspace] GC(23) Y: Metaspace: 62M used, 63M committed, 1088M reserved
[2026-04-03T01:59:04.458+0600][17.606s][info][gc,reloc    ] GC(23) Y:                        Candidates     Selected     In-Place         Size        Empty    Relocated 
[2026-04-03T01:59:04.458+0600][17.606s][info][gc,reloc    ] GC(23) Y: Small Pages:                  182           93            0         364M         152M          14M 
[2026-04-03T01:59:04.458+0600][17.606s][info][gc,reloc    ] GC(23) Y: Medium Pages:                   0            0            0           0M           0M           0M 
[2026-04-03T01:59:04.458+0600][17.606s][info][gc,reloc    ] GC(23) Y: Large Pages:                    1            0            0          10M           0M           0M 
[2026-04-03T01:59:04.458+0600][17.606s][info][gc,reloc    ] GC(23) Y: Forwarding Usage: 12M
[2026-04-03T01:59:04.458+0600][17.606s][info][gc,reloc    ] GC(23) Y: Age Table:
[2026-04-03T01:59:04.458+0600][17.606s][info][gc,reloc    ] GC(23) Y:                    Live             Garbage             Small              Medium             Large        
[2026-04-03T01:59:04.458+0600][17.606s][info][gc,reloc    ] GC(23) Y: Eden              14M (1%)          335M (27%)        175 / 90             0 / 0              0 / 0        
[2026-04-03T01:59:04.458+0600][17.606s][info][gc,reloc    ] GC(23) Y: Survivor 1        18M (1%)            5M (0%)           7 / 3              0 / 0              1 / 0        
[2026-04-03T01:59:04.458+0600][17.606s][info][gc,heap     ] GC(23) Y: Min Capacity: 8M(1%)
[2026-04-03T01:59:04.458+0600][17.606s][info][gc,heap     ] GC(23) Y: Max Capacity: 1250M(100%)
[2026-04-03T01:59:04.458+0600][17.606s][info][gc,heap     ] GC(23) Y: Soft Max Capacity: 1250M(100%)
[2026-04-03T01:59:04.458+0600][17.606s][info][gc,heap     ] GC(23) Y: Heap Statistics:
[2026-04-03T01:59:04.458+0600][17.606s][info][gc,heap     ] GC(23) Y:                Mark Start          Mark End        Relocate Start      Relocate End           High               Low         
[2026-04-03T01:59:04.458+0600][17.606s][info][gc,heap     ] GC(23) Y:  Capacity:     1202M (96%)        1202M (96%)        1202M (96%)        1202M (96%)        1202M (96%)        1202M (96%)    
[2026-04-03T01:59:04.458+0600][17.606s][info][gc,heap     ] GC(23) Y:      Free:      636M (51%)         498M (40%)         592M (47%)         624M (50%)         726M (58%)         498M (40%)    
[2026-04-03T01:59:04.458+0600][17.606s][info][gc,heap     ] GC(23) Y:      Used:      614M (49%)         752M (60%)         658M (53%)         626M (50%)         752M (60%)         524M (42%)    
[2026-04-03T01:59:04.459+0600][17.606s][info][gc,heap     ] GC(23) Y: Young Generation Statistics:
[2026-04-03T01:59:04.459+0600][17.606s][info][gc,heap     ] GC(23) Y:                Mark Start          Mark End        Relocate Start      Relocate End    
[2026-04-03T01:59:04.459+0600][17.606s][info][gc,heap     ] GC(23) Y:      Used:      374M (30%)         512M (41%)         400M (32%)         364M (29%)    
[2026-04-03T01:59:04.459+0600][17.606s][info][gc,heap     ] GC(23) Y:      Live:         -                32M (3%)           15M (1%)           14M (1%)     
[2026-04-03T01:59:04.459+0600][17.606s][info][gc,heap     ] GC(23) Y:   Garbage:         -               341M (27%)         188M (15%)           0M (0%)     
[2026-04-03T01:59:04.459+0600][17.606s][info][gc,heap     ] GC(23) Y: Allocated:         -               138M (11%)         196M (16%)         349M (28%)    
[2026-04-03T01:59:04.459+0600][17.606s][info][gc,heap     ] GC(23) Y: Reclaimed:         -                  -               153M (12%)         341M (27%)    
[2026-04-03T01:59:04.459+0600][17.606s][info][gc,heap     ] GC(23) Y:  Promoted:         -                  -                16M (1%)           18M (1%)     
[2026-04-03T01:59:04.459+0600][17.606s][info][gc,heap     ] GC(23) Y: Compacted:         -                  -                  -                14M (1%)     
[2026-04-03T01:59:04.459+0600][17.606s][info][gc,phases   ] GC(23) Y: Young Generation 614M(49%)->626M(50%) 0.180s
[2026-04-03T01:59:04.459+0600][17.606s][info][gc,phases   ] GC(23) O: Old Generation
[2026-04-03T01:59:04.463+0600][17.611s][info][gc          ] GC(24) Minor Collection (Allocation Rate)
[2026-04-03T01:59:04.463+0600][17.611s][info][gc,task     ] GC(24) Using 2 Workers for Young Generation
[2026-04-03T01:59:04.463+0600][17.611s][info][gc,phases   ] GC(24) y: Young Generation
[2026-04-03T01:59:04.463+0600][17.611s][info][gc,phases   ] GC(24) y: Pause Mark Start 0.018ms
[2026-04-03T01:59:04.539+0600][17.687s][info][gc,phases   ] GC(24) y: Concurrent Mark 75.692ms
[2026-04-03T01:59:04.539+0600][17.687s][info][gc,phases   ] GC(24) y: Pause Mark End 0.058ms
[2026-04-03T01:59:04.540+0600][17.687s][info][gc,phases   ] GC(24) y: Concurrent Mark Free 0.002ms
[2026-04-03T01:59:04.540+0600][17.687s][info][gc,phases   ] GC(24) y: Concurrent Reset Relocation Set 0.050ms
[2026-04-03T01:59:04.545+0600][17.693s][info][gc,reloc    ] GC(24) y: Using tenuring threshold: 2 (Computed)
[2026-04-03T01:59:04.547+0600][17.694s][info][gc,phases   ] GC(24) y: Concurrent Select Relocation Set 6.872ms
[2026-04-03T01:59:04.547+0600][17.694s][info][gc,phases   ] GC(24) y: Pause Relocate Start 0.015ms
[2026-04-03T01:59:04.567+0600][17.715s][info][gc,phases   ] GC(24) y: Concurrent Relocate 20.412ms
[2026-04-03T01:59:04.567+0600][17.715s][info][gc,alloc    ] GC(24) y:                         Mark Start        Mark End      Relocate Start    Relocate End   
[2026-04-03T01:59:04.568+0600][17.715s][info][gc,alloc    ] GC(24) y: Allocation Stalls:          0                0                0                0         
[2026-04-03T01:59:04.568+0600][17.715s][info][gc,load     ] GC(24) y: Load: 2.24 (19%) / 4.65 (39%) / 6.24 (52%)
[2026-04-03T01:59:04.568+0600][17.715s][info][gc,mmu      ] GC(24) y: MMU: 2ms/94.6%, 5ms/97.8%, 10ms/98.9%, 20ms/99.1%, 50ms/99.6%, 100ms/99.7%
[2026-04-03T01:59:04.568+0600][17.715s][info][gc,marking  ] GC(24) y: Mark: 2 stripe(s), 4 proactive flush(es), 1 terminate flush(es), 0 completion(s), 0 continuation(s) 
[2026-04-03T01:59:04.568+0600][17.715s][info][gc,marking  ] GC(24) y: Mark Stack Usage: 32M
[2026-04-03T01:59:04.568+0600][17.715s][info][gc,nmethod  ] GC(24) y: NMethods: 4691 registered, 655 unregistered
[2026-04-03T01:59:04.568+0600][17.715s][info][gc,metaspace] GC(24) y: Metaspace: 62M used, 63M committed, 1088M reserved
[2026-04-03T01:59:04.568+0600][17.715s][info][gc,reloc    ] GC(24) y:                        Candidates     Selected     In-Place         Size        Empty    Relocated 
[2026-04-03T01:59:04.568+0600][17.715s][info][gc,reloc    ] GC(24) y: Small Pages:                  181           70            0         362M         196M          10M 
[2026-04-03T01:59:04.568+0600][17.715s][info][gc,reloc    ] GC(24) y: Medium Pages:                   1            0            0          32M           0M           0M 
[2026-04-03T01:59:04.568+0600][17.715s][info][gc,reloc    ] GC(24) y: Large Pages:                    1            0            0           6M           0M           0M 
[2026-04-03T01:59:04.568+0600][17.715s][info][gc,reloc    ] GC(24) y: Forwarding Usage: 9M
[2026-04-03T01:59:04.568+0600][17.715s][info][gc,reloc    ] GC(24) y: Age Table:
[2026-04-03T01:59:04.568+0600][17.715s][info][gc,reloc    ] GC(24) y:                    Live             Garbage             Small              Medium             Large        
[2026-04-03T01:59:04.568+0600][17.715s][info][gc,reloc    ] GC(24) y: Eden              16M (1%)          361M (29%)        170 / 67             1 / 0              1 / 0        
[2026-04-03T01:59:04.568+0600][17.715s][info][gc,reloc    ] GC(24) y: Survivor 1        14M (1%)            7M (1%)          11 / 3              0 / 0              0 / 0        
[2026-04-03T01:59:04.568+0600][17.715s][info][gc,heap     ] GC(24) y: Min Capacity: 8M(1%)
[2026-04-03T01:59:04.568+0600][17.715s][info][gc,heap     ] GC(24) y: Max Capacity: 1250M(100%)
[2026-04-03T01:59:04.568+0600][17.715s][info][gc,heap     ] GC(24) y: Soft Max Capacity: 1250M(100%)
[2026-04-03T01:59:04.568+0600][17.715s][info][gc,heap     ] GC(24) y: Heap Statistics:
[2026-04-03T01:59:04.568+0600][17.715s][info][gc,heap     ] GC(24) y:                Mark Start          Mark End        Relocate Start      Relocate End           High               Low         
[2026-04-03T01:59:04.568+0600][17.715s][info][gc,heap     ] GC(24) y:  Capacity:     1202M (96%)        1202M (96%)        1202M (96%)        1202M (96%)        1202M (96%)        1202M (96%)    
[2026-04-03T01:59:04.568+0600][17.715s][info][gc,heap     ] GC(24) y:      Free:      588M (47%)         544M (44%)         736M (59%)         862M (69%)         862M (69%)         544M (44%)    
[2026-04-03T01:59:04.568+0600][17.715s][info][gc,heap     ] GC(24) y:      Used:      662M (53%)         706M (56%)         514M (41%)         388M (31%)         706M (56%)         388M (31%)    
[2026-04-03T01:59:04.568+0600][17.715s][info][gc,heap     ] GC(24) y: Young Generation Statistics:
[2026-04-03T01:59:04.568+0600][17.715s][info][gc,heap     ] GC(24) y:                Mark Start          Mark End        Relocate Start      Relocate End    
[2026-04-03T01:59:04.568+0600][17.715s][info][gc,heap     ] GC(24) y:      Used:      400M (32%)         444M (36%)         252M (20%)         126M (10%)    
[2026-04-03T01:59:04.568+0600][17.715s][info][gc,heap     ] GC(24) y:      Live:         -                31M (2%)           31M (2%)           31M (2%)     
[2026-04-03T01:59:04.568+0600][17.715s][info][gc,heap     ] GC(24) y:   Garbage:         -               368M (30%)         172M (14%)          30M (2%)     
[2026-04-03T01:59:04.568+0600][17.715s][info][gc,heap     ] GC(24) y: Allocated:         -                44M (4%)           48M (4%)           63M (5%)     
[2026-04-03T01:59:04.568+0600][17.715s][info][gc,heap     ] GC(24) y: Reclaimed:         -                  -               196M (16%)         337M (27%)    
[2026-04-03T01:59:04.568+0600][17.715s][info][gc,heap     ] GC(24) y:  Promoted:         -                  -                 0M (0%)            0M (0%)     
[2026-04-03T01:59:04.568+0600][17.715s][info][gc,heap     ] GC(24) y: Compacted:         -                  -                  -                12M (1%)     
[2026-04-03T01:59:04.568+0600][17.715s][info][gc,phases   ] GC(24) y: Young Generation 662M(53%)->388M(31%) 0.104s
[2026-04-03T01:59:04.568+0600][17.715s][info][gc          ] GC(24) Minor Collection (Allocation Rate) 662M(53%)->388M(31%) 0.105s
[2026-04-03T01:59:04.568+0600][17.715s][info][gc          ] GC(25) Minor Collection (Allocation Rate)
[2026-04-03T01:59:04.568+0600][17.715s][info][gc,task     ] GC(25) Using 2 Workers for Young Generation
[2026-04-03T01:59:04.568+0600][17.716s][info][gc,phases   ] GC(25) y: Young Generation
[2026-04-03T01:59:04.568+0600][17.716s][info][gc,phases   ] GC(25) y: Pause Mark Start 0.021ms
[2026-04-03T01:59:04.648+0600][17.796s][info][gc,phases   ] GC(25) y: Concurrent Mark 80.004ms
[2026-04-03T01:59:04.649+0600][17.796s][info][gc,phases   ] GC(25) y: Pause Mark End 0.025ms
[2026-04-03T01:59:04.649+0600][17.796s][info][gc,phases   ] GC(25) y: Concurrent Mark Free 0.005ms
[2026-04-03T01:59:04.649+0600][17.796s][info][gc,phases   ] GC(25) y: Concurrent Reset Relocation Set 0.015ms
[2026-04-03T01:59:04.651+0600][17.799s][info][gc,reloc    ] GC(25) y: Using tenuring threshold: 1 (Computed)
[2026-04-03T01:59:04.667+0600][17.815s][info][gc,phases   ] GC(25) y: Concurrent Select Relocation Set 18.080ms
[2026-04-03T01:59:04.667+0600][17.815s][info][gc,phases   ] GC(25) y: Pause Relocate Start 0.023ms
[2026-04-03T01:59:04.701+0600][17.848s][info][gc,phases   ] GC(25) y: Concurrent Relocate 33.366ms
[2026-04-03T01:59:04.701+0600][17.848s][info][gc,alloc    ] GC(25) y:                         Mark Start        Mark End      Relocate Start    Relocate End   
[2026-04-03T01:59:04.701+0600][17.848s][info][gc,alloc    ] GC(25) y: Allocation Stalls:          0                0                0                0         
[2026-04-03T01:59:04.701+0600][17.848s][info][gc,load     ] GC(25) y: Load: 2.24 (19%) / 4.65 (39%) / 6.24 (52%)
[2026-04-03T01:59:04.701+0600][17.848s][info][gc,mmu      ] GC(25) y: MMU: 2ms/94.6%, 5ms/97.8%, 10ms/98.9%, 20ms/99.1%, 50ms/99.6%, 100ms/99.7%
[2026-04-03T01:59:04.701+0600][17.848s][info][gc,marking  ] GC(25) y: Mark: 2 stripe(s), 10 proactive flush(es), 1 terminate flush(es), 0 completion(s), 0 continuation(s) 
[2026-04-03T01:59:04.701+0600][17.848s][info][gc,marking  ] GC(25) y: Mark Stack Usage: 32M
[2026-04-03T01:59:04.701+0600][17.848s][info][gc,nmethod  ] GC(25) y: NMethods: 4702 registered, 655 unregistered
[2026-04-03T01:59:04.701+0600][17.848s][info][gc,metaspace] GC(25) y: Metaspace: 62M used, 63M committed, 1088M reserved
[2026-04-03T01:59:04.701+0600][17.848s][info][gc,reloc    ] GC(25) y:                        Candidates     Selected     In-Place         Size        Empty    Relocated 
[2026-04-03T01:59:04.701+0600][17.848s][info][gc,reloc    ] GC(25) y: Small Pages:                   44           11            0          88M          40M           0M 
[2026-04-03T01:59:04.701+0600][17.848s][info][gc,reloc    ] GC(25) y: Medium Pages:                   1            0            0          32M          32M           0M 
[2026-04-03T01:59:04.701+0600][17.848s][info][gc,reloc    ] GC(25) y: Large Pages:                    1            0            0           6M           0M           0M 
[2026-04-03T01:59:04.701+0600][17.849s][info][gc,reloc    ] GC(25) y: Forwarding Usage: 0M
[2026-04-03T01:59:04.701+0600][17.849s][info][gc,reloc    ] GC(25) y: Age Table:
[2026-04-03T01:59:04.701+0600][17.849s][info][gc,reloc    ] GC(25) y:                    Live             Garbage             Small              Medium             Large        
[2026-04-03T01:59:04.701+0600][17.849s][info][gc,reloc    ] GC(25) y: Eden               0M (0%)           57M (5%)          29 / 8              0 / 0              0 / 0        
[2026-04-03T01:59:04.701+0600][17.849s][info][gc,reloc    ] GC(25) y: Survivor 1        15M (1%)           36M (3%)           7 / 2              1 / 0              1 / 0        
[2026-04-03T01:59:04.701+0600][17.849s][info][gc,reloc    ] GC(25) y: Survivor 2        14M (1%)            1M (0%)           8 / 1              0 / 0              0 / 0        
[2026-04-03T01:59:04.701+0600][17.849s][info][gc,heap     ] GC(25) y: Min Capacity: 8M(1%)
[2026-04-03T01:59:04.701+0600][17.849s][info][gc,heap     ] GC(25) y: Max Capacity: 1250M(100%)
[2026-04-03T01:59:04.701+0600][17.849s][info][gc,heap     ] GC(25) y: Soft Max Capacity: 1250M(100%)
[2026-04-03T01:59:04.701+0600][17.849s][info][gc,heap     ] GC(25) y: Heap Statistics:
[2026-04-03T01:59:04.701+0600][17.849s][info][gc,heap     ] GC(25) y:                Mark Start          Mark End        Relocate Start      Relocate End           High               Low         
[2026-04-03T01:59:04.701+0600][17.849s][info][gc,heap     ] GC(25) y:  Capacity:     1202M (96%)        1202M (96%)        1202M (96%)        1202M (96%)        1202M (96%)        1202M (96%)    
[2026-04-03T01:59:04.701+0600][17.849s][info][gc,heap     ] GC(25) y:      Free:      862M (69%)         802M (64%)         850M (68%)         816M (65%)         870M (70%)         798M (64%)    
[2026-04-03T01:59:04.701+0600][17.849s][info][gc,heap     ] GC(25) y:      Used:      388M (31%)         448M (36%)         400M (32%)         434M (35%)         452M (36%)         380M (30%)    
[2026-04-03T01:59:04.701+0600][17.849s][info][gc,heap     ] GC(25) y: Young Generation Statistics:
[2026-04-03T01:59:04.701+0600][17.849s][info][gc,heap     ] GC(25) y:                Mark Start          Mark End        Relocate Start      Relocate End    
[2026-04-03T01:59:04.701+0600][17.849s][info][gc,heap     ] GC(25) y:      Used:      126M (10%)         186M (15%)         108M (9%)          136M (11%)    
[2026-04-03T01:59:04.701+0600][17.849s][info][gc,heap     ] GC(25) y:      Live:         -                30M (2%)            0M (0%)            0M (0%)     
[2026-04-03T01:59:04.701+0600][17.849s][info][gc,heap     ] GC(25) y:   Garbage:         -                95M (8%)           23M (2%)            0M (0%)     
[2026-04-03T01:59:04.701+0600][17.849s][info][gc,heap     ] GC(25) y: Allocated:         -                60M (5%)           84M (7%)          135M (11%)    
[2026-04-03T01:59:04.701+0600][17.849s][info][gc,heap     ] GC(25) y: Reclaimed:         -                  -                72M (6%)           95M (8%)     
[2026-04-03T01:59:04.701+0600][17.849s][info][gc,heap     ] GC(25) y:  Promoted:         -                  -                29M (2%)           30M (2%)     
[2026-04-03T01:59:04.701+0600][17.849s][info][gc,heap     ] GC(25) y: Compacted:         -                  -                  -                 0M (0%)     
[2026-04-03T01:59:04.701+0600][17.849s][info][gc,phases   ] GC(25) y: Young Generation 388M(31%)->434M(35%) 0.133s
[2026-04-03T01:59:04.701+0600][17.849s][info][gc          ] GC(25) Minor Collection (Allocation Rate) 388M(31%)->434M(35%) 0.133s
[2026-04-03T01:59:04.701+0600][17.849s][info][gc          ] GC(26) Minor Collection (Allocation Rate)
[2026-04-03T01:59:04.701+0600][17.849s][info][gc,task     ] GC(26) Using 2 Workers for Young Generation
[2026-04-03T01:59:04.701+0600][17.849s][info][gc,phases   ] GC(26) y: Young Generation
[2026-04-03T01:59:04.702+0600][17.849s][info][gc,phases   ] GC(26) y: Pause Mark Start 0.021ms
[2026-04-03T01:59:04.718+0600][17.865s][info][gc,phases   ] GC(26) y: Concurrent Mark 15.803ms
[2026-04-03T01:59:04.718+0600][17.865s][info][gc,phases   ] GC(26) y: Pause Mark End 0.024ms
[2026-04-03T01:59:04.718+0600][17.865s][info][gc,phases   ] GC(26) y: Concurrent Mark Free 0.001ms
[2026-04-03T01:59:04.718+0600][17.865s][info][gc,phases   ] GC(26) y: Concurrent Reset Relocation Set 0.027ms
[2026-04-03T01:59:04.723+0600][17.870s][info][gc,reloc    ] GC(26) y: Using tenuring threshold: 1 (Computed)
[2026-04-03T01:59:04.723+0600][17.871s][info][gc,phases   ] GC(26) y: Concurrent Select Relocation Set 5.328ms
[2026-04-03T01:59:04.723+0600][17.871s][info][gc,phases   ] GC(26) y: Pause Relocate Start 0.013ms
[2026-04-03T01:59:04.724+0600][17.871s][info][gc,phases   ] GC(26) y: Concurrent Relocate 0.456ms
[2026-04-03T01:59:04.724+0600][17.872s][info][gc,alloc    ] GC(26) y:                         Mark Start        Mark End      Relocate Start    Relocate End   
[2026-04-03T01:59:04.724+0600][17.872s][info][gc,alloc    ] GC(26) y: Allocation Stalls:          0                0                0                0         
[2026-04-03T01:59:04.724+0600][17.872s][info][gc,load     ] GC(26) y: Load: 2.24 (19%) / 4.65 (39%) / 6.24 (52%)
[2026-04-03T01:59:04.724+0600][17.872s][info][gc,mmu      ] GC(26) y: MMU: 2ms/94.6%, 5ms/97.8%, 10ms/98.9%, 20ms/99.1%, 50ms/99.6%, 100ms/99.7%
[2026-04-03T01:59:04.724+0600][17.872s][info][gc,marking  ] GC(26) y: Mark: 2 stripe(s), 2 proactive flush(es), 1 terminate flush(es), 0 completion(s), 0 continuation(s) 
[2026-04-03T01:59:04.724+0600][17.872s][info][gc,marking  ] GC(26) y: Mark Stack Usage: 32M
[2026-04-03T01:59:04.724+0600][17.872s][info][gc,nmethod  ] GC(26) y: NMethods: 4702 registered, 655 unregistered
[2026-04-03T01:59:04.724+0600][17.872s][info][gc,metaspace] GC(26) y: Metaspace: 62M used, 63M committed, 1088M reserved
[2026-04-03T01:59:04.724+0600][17.872s][info][gc,reloc    ] GC(26) y:                        Candidates     Selected     In-Place         Size        Empty    Relocated 
[2026-04-03T01:59:04.724+0600][17.872s][info][gc,reloc    ] GC(26) y: Small Pages:                   68            9            0         136M         116M           0M 
[2026-04-03T01:59:04.724+0600][17.872s][info][gc,reloc    ] GC(26) y: Medium Pages:                   0            0            0           0M           0M           0M 
[2026-04-03T01:59:04.724+0600][17.872s][info][gc,reloc    ] GC(26) y: Large Pages:                    0            0            0           0M           0M           0M 
[2026-04-03T01:59:04.724+0600][17.872s][info][gc,reloc    ] GC(26) y: Forwarding Usage: 0M
[2026-04-03T01:59:04.724+0600][17.872s][info][gc,reloc    ] GC(26) y: Age Table:
[2026-04-03T01:59:04.724+0600][17.872s][info][gc,reloc    ] GC(26) y:                    Live             Garbage             Small              Medium             Large        
[2026-04-03T01:59:04.724+0600][17.872s][info][gc,reloc    ] GC(26) y: Eden               0M (0%)          129M (10%)         65 / 6              0 / 0              0 / 0        
[2026-04-03T01:59:04.724+0600][17.872s][info][gc,reloc    ] GC(26) y: Survivor 1         0M (0%)            5M (0%)           3 / 3              0 / 0              0 / 0        
[2026-04-03T01:59:04.724+0600][17.872s][info][gc,heap     ] GC(26) y: Min Capacity: 8M(1%)
[2026-04-03T01:59:04.724+0600][17.872s][info][gc,heap     ] GC(26) y: Max Capacity: 1250M(100%)
[2026-04-03T01:59:04.724+0600][17.872s][info][gc,heap     ] GC(26) y: Soft Max Capacity: 1250M(100%)
[2026-04-03T01:59:04.724+0600][17.872s][info][gc,heap     ] GC(26) y: Heap Statistics:
[2026-04-03T01:59:04.724+0600][17.872s][info][gc,heap     ] GC(26) y:                Mark Start          Mark End        Relocate Start      Relocate End           High               Low         
[2026-04-03T01:59:04.724+0600][17.872s][info][gc,heap     ] GC(26) y:  Capacity:     1202M (96%)        1202M (96%)        1202M (96%)        1202M (96%)        1202M (96%)        1202M (96%)    
[2026-04-03T01:59:04.724+0600][17.872s][info][gc,heap     ] GC(26) y:      Free:      816M (65%)         792M (63%)         900M (72%)         912M (73%)         912M (73%)         786M (63%)    
[2026-04-03T01:59:04.724+0600][17.872s][info][gc,heap     ] GC(26) y:      Used:      434M (35%)         458M (37%)         350M (28%)         338M (27%)         464M (37%)         338M (27%)    
[2026-04-03T01:59:04.724+0600][17.872s][info][gc,heap     ] GC(26) y: Young Generation Statistics:
[2026-04-03T01:59:04.724+0600][17.872s][info][gc,heap     ] GC(26) y:                Mark Start          Mark End        Relocate Start      Relocate End    
[2026-04-03T01:59:04.724+0600][17.872s][info][gc,heap     ] GC(26) y:      Used:      136M (11%)         160M (13%)          52M (4%)           36M (3%)     
[2026-04-03T01:59:04.724+0600][17.872s][info][gc,heap     ] GC(26) y:      Live:         -                 0M (0%)            0M (0%)            0M (0%)     
[2026-04-03T01:59:04.724+0600][17.872s][info][gc,heap     ] GC(26) y:   Garbage:         -               135M (11%)          19M (2%)            0M (0%)     
[2026-04-03T01:59:04.724+0600][17.872s][info][gc,heap     ] GC(26) y: Allocated:         -                24M (2%)           32M (3%)           35M (3%)     
[2026-04-03T01:59:04.724+0600][17.872s][info][gc,heap     ] GC(26) y: Reclaimed:         -                  -               116M (9%)          135M (11%)    
[2026-04-03T01:59:04.724+0600][17.872s][info][gc,heap     ] GC(26) y:  Promoted:         -                  -                 0M (0%)            0M (0%)     
[2026-04-03T01:59:04.724+0600][17.872s][info][gc,heap     ] GC(26) y: Compacted:         -                  -                  -                 0M (0%)     
[2026-04-03T01:59:04.724+0600][17.872s][info][gc,phases   ] GC(26) y: Young Generation 434M(35%)->338M(27%) 0.023s
[2026-04-03T01:59:04.724+0600][17.872s][info][gc          ] GC(26) Minor Collection (Allocation Rate) 434M(35%)->338M(27%) 0.023s
[2026-04-03T01:59:04.747+0600][17.894s][info][gc          ] GC(27) Minor Collection (Allocation Rate)
[2026-04-03T01:59:04.747+0600][17.894s][info][gc,task     ] GC(27) Using 2 Workers for Young Generation
[2026-04-03T01:59:04.747+0600][17.894s][info][gc,phases   ] GC(27) y: Young Generation
[2026-04-03T01:59:04.747+0600][17.895s][info][gc,phases   ] GC(27) y: Pause Mark Start 0.020ms
[2026-04-03T01:59:04.755+0600][17.902s][info][gc,phases   ] GC(27) y: Concurrent Mark 7.302ms
[2026-04-03T01:59:04.755+0600][17.902s][info][gc,phases   ] GC(27) y: Pause Mark End 0.020ms
[2026-04-03T01:59:04.755+0600][17.902s][info][gc,phases   ] GC(27) y: Concurrent Mark Free 0.001ms
[2026-04-03T01:59:04.755+0600][17.902s][info][gc,phases   ] GC(27) y: Concurrent Reset Relocation Set 0.002ms
[2026-04-03T01:59:04.759+0600][17.907s][info][gc,reloc    ] GC(27) y: Using tenuring threshold: 2 (Computed)
[2026-04-03T01:59:04.760+0600][17.907s][info][gc,phases   ] GC(27) y: Concurrent Select Relocation Set 4.829ms
[2026-04-03T01:59:04.760+0600][17.908s][info][gc,phases   ] GC(27) y: Pause Relocate Start 0.017ms
[2026-04-03T01:59:04.760+0600][17.908s][info][gc,phases   ] GC(27) y: Concurrent Relocate 0.266ms
[2026-04-03T01:59:04.761+0600][17.908s][info][gc,alloc    ] GC(27) y:                         Mark Start        Mark End      Relocate Start    Relocate End   
[2026-04-03T01:59:04.761+0600][17.908s][info][gc,alloc    ] GC(27) y: Allocation Stalls:          0                0                0                0         
[2026-04-03T01:59:04.761+0600][17.908s][info][gc,load     ] GC(27) y: Load: 2.24 (19%) / 4.65 (39%) / 6.24 (52%)
[2026-04-03T01:59:04.761+0600][17.908s][info][gc,mmu      ] GC(27) y: MMU: 2ms/94.6%, 5ms/97.8%, 10ms/98.9%, 20ms/99.1%, 50ms/99.6%, 100ms/99.7%
[2026-04-03T01:59:04.761+0600][17.908s][info][gc,marking  ] GC(27) y: Mark: 2 stripe(s), 2 proactive flush(es), 1 terminate flush(es), 0 completion(s), 0 continuation(s) 
[2026-04-03T01:59:04.761+0600][17.908s][info][gc,marking  ] GC(27) y: Mark Stack Usage: 32M
[2026-04-03T01:59:04.761+0600][17.908s][info][gc,nmethod  ] GC(27) y: NMethods: 4702 registered, 655 unregistered
[2026-04-03T01:59:04.761+0600][17.908s][info][gc,metaspace] GC(27) y: Metaspace: 62M used, 63M committed, 1088M reserved
[2026-04-03T01:59:04.761+0600][17.908s][info][gc,reloc    ] GC(27) y:                        Candidates     Selected     In-Place         Size        Empty    Relocated 
[2026-04-03T01:59:04.761+0600][17.908s][info][gc,reloc    ] GC(27) y: Small Pages:                   35            5            0          70M          58M           0M 
[2026-04-03T01:59:04.761+0600][17.908s][info][gc,reloc    ] GC(27) y: Medium Pages:                   0            0            0           0M           0M           0M 
[2026-04-03T01:59:04.761+0600][17.908s][info][gc,reloc    ] GC(27) y: Large Pages:                    0            0            0           0M           0M           0M 
[2026-04-03T01:59:04.761+0600][17.908s][info][gc,reloc    ] GC(27) y: Forwarding Usage: 0M
[2026-04-03T01:59:04.761+0600][17.908s][info][gc,reloc    ] GC(27) y: Age Table:
[2026-04-03T01:59:04.761+0600][17.908s][info][gc,reloc    ] GC(27) y:                    Live             Garbage             Small              Medium             Large        
[2026-04-03T01:59:04.761+0600][17.908s][info][gc,reloc    ] GC(27) y: Eden               0M (0%)           65M (5%)          33 / 4              0 / 0              0 / 0        
[2026-04-03T01:59:04.761+0600][17.908s][info][gc,reloc    ] GC(27) y: Survivor 1         0M (0%)            3M (0%)           2 / 1              0 / 0              0 / 0        
[2026-04-03T01:59:04.761+0600][17.908s][info][gc,heap     ] GC(27) y: Min Capacity: 8M(1%)
[2026-04-03T01:59:04.761+0600][17.908s][info][gc,heap     ] GC(27) y: Max Capacity: 1250M(100%)
[2026-04-03T01:59:04.761+0600][17.908s][info][gc,heap     ] GC(27) y: Soft Max Capacity: 1250M(100%)
[2026-04-03T01:59:04.761+0600][17.908s][info][gc,heap     ] GC(27) y: Heap Statistics:
[2026-04-03T01:59:04.761+0600][17.908s][info][gc,heap     ] GC(27) y:                Mark Start          Mark End        Relocate Start      Relocate End           High               Low         
[2026-04-03T01:59:04.761+0600][17.908s][info][gc,heap     ] GC(27) y:  Capacity:     1202M (96%)        1202M (96%)        1202M (96%)        1202M (96%)        1202M (96%)        1202M (96%)    
[2026-04-03T01:59:04.761+0600][17.908s][info][gc,heap     ] GC(27) y:      Free:      878M (70%)         866M (69%)         918M (73%)         926M (74%)         926M (74%)         860M (69%)    
[2026-04-03T01:59:04.761+0600][17.908s][info][gc,heap     ] GC(27) y:      Used:      372M (30%)         384M (31%)         332M (27%)         324M (26%)         390M (31%)         324M (26%)    
[2026-04-03T01:59:04.761+0600][17.908s][info][gc,heap     ] GC(27) y: Young Generation Statistics:
[2026-04-03T01:59:04.761+0600][17.908s][info][gc,heap     ] GC(27) y:                Mark Start          Mark End        Relocate Start      Relocate End    
[2026-04-03T01:59:04.761+0600][17.908s][info][gc,heap     ] GC(27) y:      Used:       70M (6%)           82M (7%)           30M (2%)           22M (2%)     
[2026-04-03T01:59:04.761+0600][17.908s][info][gc,heap     ] GC(27) y:      Live:         -                 0M (0%)            0M (0%)            0M (0%)     
[2026-04-03T01:59:04.761+0600][17.908s][info][gc,heap     ] GC(27) y:   Garbage:         -                69M (6%)           11M (1%)            0M (0%)     
[2026-04-03T01:59:04.761+0600][17.908s][info][gc,heap     ] GC(27) y: Allocated:         -                12M (1%)           18M (1%)           21M (2%)     
[2026-04-03T01:59:04.761+0600][17.908s][info][gc,heap     ] GC(27) y: Reclaimed:         -                  -                58M (5%)           69M (6%)     
[2026-04-03T01:59:04.761+0600][17.908s][info][gc,heap     ] GC(27) y:  Promoted:         -                  -                 0M (0%)            0M (0%)     
[2026-04-03T01:59:04.761+0600][17.908s][info][gc,heap     ] GC(27) y: Compacted:         -                  -                  -                 0M (0%)     
[2026-04-03T01:59:04.761+0600][17.908s][info][gc,phases   ] GC(27) y: Young Generation 372M(30%)->324M(26%) 0.014s
[2026-04-03T01:59:04.761+0600][17.908s][info][gc          ] GC(27) Minor Collection (Allocation Rate) 372M(30%)->326M(26%) 0.014s
[2026-04-03T01:59:04.824+0600][17.972s][info][gc,phases   ] GC(23) O: Concurrent Mark 365.596ms
[2026-04-03T01:59:04.824+0600][17.972s][info][gc,phases   ] GC(23) O: Pause Mark End 0.021ms
[2026-04-03T01:59:04.824+0600][17.972s][info][gc,phases   ] GC(23) O: Concurrent Mark Free 0.001ms
[2026-04-03T01:59:04.849+0600][17.996s][info][gc,phases   ] GC(23) O: Concurrent Process Non-Strong 24.093ms
[2026-04-03T01:59:04.849+0600][17.996s][info][gc,phases   ] GC(23) O: Concurrent Reset Relocation Set 0.004ms
[2026-04-03T01:59:04.858+0600][18.006s][info][gc,phases   ] GC(23) O: Concurrent Select Relocation Set 9.305ms
[2026-04-03T01:59:04.858+0600][18.006s][info][gc,task     ] GC(23) O: Using 3 Workers for Old Generation
[2026-04-03T01:59:04.877+0600][18.024s][info][gc,task     ] GC(23) O: Using 1 Workers for Old Generation
[2026-04-03T01:59:04.877+0600][18.024s][info][gc,phases   ] GC(23) O: Concurrent Remap Roots 18.857ms
[2026-04-03T01:59:04.877+0600][18.025s][info][gc,phases   ] GC(23) O: Pause Relocate Start 0.026ms
[2026-04-03T01:59:04.899+0600][18.046s][info][gc,phases   ] GC(23) O: Concurrent Relocate 21.247ms
[2026-04-03T01:59:04.899+0600][18.046s][info][gc,alloc    ] GC(23) O:                         Mark Start        Mark End      Relocate Start    Relocate End   
[2026-04-03T01:59:04.899+0600][18.046s][info][gc,alloc    ] GC(23) O: Allocation Stalls:          0                0                0                0         
[2026-04-03T01:59:04.899+0600][18.046s][info][gc,load     ] GC(23) O: Load: 2.24 (19%) / 4.65 (39%) / 6.24 (52%)
[2026-04-03T01:59:04.899+0600][18.046s][info][gc,mmu      ] GC(23) O: MMU: 2ms/94.6%, 5ms/97.8%, 10ms/98.9%, 20ms/99.1%, 50ms/99.6%, 100ms/99.7%
[2026-04-03T01:59:04.899+0600][18.046s][info][gc,marking  ] GC(23) O: Mark: 1 stripe(s), 2 proactive flush(es), 1 terminate flush(es), 0 completion(s), 0 continuation(s) 
[2026-04-03T01:59:04.899+0600][18.046s][info][gc,marking  ] GC(23) O: Mark Stack Usage: 32M
[2026-04-03T01:59:04.899+0600][18.046s][info][gc,nmethod  ] GC(23) O: NMethods: 4614 registered, 745 unregistered
[2026-04-03T01:59:04.899+0600][18.046s][info][gc,metaspace] GC(23) O: Metaspace: 62M used, 63M committed, 1088M reserved
[2026-04-03T01:59:04.899+0600][18.046s][info][gc,ref      ] GC(23) O:                       Encountered   Discovered     Enqueued 
[2026-04-03T01:59:04.899+0600][18.046s][info][gc,ref      ] GC(23) O: Soft References:             4750            0            0 
[2026-04-03T01:59:04.899+0600][18.046s][info][gc,ref      ] GC(23) O: Weak References:             6028         3923          282 
[2026-04-03T01:59:04.899+0600][18.046s][info][gc,ref      ] GC(23) O: Final References:              82            0            0 
[2026-04-03T01:59:04.899+0600][18.046s][info][gc,ref      ] GC(23) O: Phantom References:           594          578            0 
[2026-04-03T01:59:04.899+0600][18.046s][info][gc,reloc    ] GC(23) O:                        Candidates     Selected     In-Place         Size        Empty    Relocated 
[2026-04-03T01:59:04.899+0600][18.046s][info][gc,reloc    ] GC(23) O: Small Pages:                   98           16            0         196M           0M           4M 
[2026-04-03T01:59:04.899+0600][18.046s][info][gc,reloc    ] GC(23) O: Medium Pages:                   1            0            0          32M           0M           0M 
[2026-04-03T01:59:04.899+0600][18.046s][info][gc,reloc    ] GC(23) O: Large Pages:                    2            0            0          12M           6M           0M 
[2026-04-03T01:59:04.899+0600][18.046s][info][gc,reloc    ] GC(23) O: Forwarding Usage: 5M
[2026-04-03T01:59:04.899+0600][18.046s][info][gc,heap     ] GC(23) O: Min Capacity: 8M(1%)
[2026-04-03T01:59:04.899+0600][18.046s][info][gc,heap     ] GC(23) O: Max Capacity: 1250M(100%)
[2026-04-03T01:59:04.899+0600][18.046s][info][gc,heap     ] GC(23) O: Soft Max Capacity: 1250M(100%)
[2026-04-03T01:59:04.899+0600][18.046s][info][gc,heap     ] GC(23) O: Heap Statistics:
[2026-04-03T01:59:04.899+0600][18.046s][info][gc,heap     ] GC(23) O:                Mark Start          Mark End        Relocate Start      Relocate End           High               Low         
[2026-04-03T01:59:04.899+0600][18.046s][info][gc,heap     ] GC(23) O:  Capacity:     1202M (96%)        1202M (96%)        1202M (96%)        1202M (96%)        1202M (96%)        1202M (96%)    
[2026-04-03T01:59:04.899+0600][18.046s][info][gc,heap     ] GC(23) O:      Free:      636M (51%)         826M (66%)         762M (61%)         766M (61%)         926M (74%)         498M (40%)    
[2026-04-03T01:59:04.899+0600][18.046s][info][gc,heap     ] GC(23) O:      Used:      614M (49%)         424M (34%)         488M (39%)         484M (39%)         752M (60%)         324M (26%)    
[2026-04-03T01:59:04.899+0600][18.046s][info][gc,heap     ] GC(23) O: Old Generation Statistics:
[2026-04-03T01:59:04.899+0600][18.046s][info][gc,heap     ] GC(23) O:                Mark Start          Mark End        Relocate Start      Relocate End    
[2026-04-03T01:59:04.899+0600][18.046s][info][gc,heap     ] GC(23) O:      Used:      240M (19%)         302M (24%)         296M (24%)         264M (21%)    
[2026-04-03T01:59:04.899+0600][18.046s][info][gc,heap     ] GC(23) O:      Live:         -               169M (14%)         169M (14%)         169M (14%)    
[2026-04-03T01:59:04.899+0600][18.047s][info][gc,heap     ] GC(23) O:   Garbage:         -                70M (6%)           64M (5%)           30M (2%)     
[2026-04-03T01:59:04.899+0600][18.047s][info][gc,heap     ] GC(23) O: Allocated:         -                62M (5%)           62M (5%)           63M (5%)     
[2026-04-03T01:59:04.899+0600][18.047s][info][gc,heap     ] GC(23) O: Reclaimed:         -                  -                 6M (0%)           39M (3%)     
[2026-04-03T01:59:04.899+0600][18.047s][info][gc,heap     ] GC(23) O: Compacted:         -                  -                  -                 8M (1%)     
[2026-04-03T01:59:04.899+0600][18.047s][info][gc,phases   ] GC(23) O: Old Generation 626M(50%)->484M(39%) 0.440s
[2026-04-03T01:59:04.899+0600][18.047s][info][gc          ] GC(23) Major Collection (Allocation Rate) 614M(49%)->484M(39%) 0.620s
[2026-04-03T01:59:04.935+0600][18.083s][info][gc          ] GC(28) Major Collection (Allocation Rate)
[2026-04-03T01:59:04.935+0600][18.083s][info][gc,task     ] GC(28) Using 3 Workers for Young Generation
[2026-04-03T01:59:04.935+0600][18.083s][info][gc,task     ] GC(28) Using 1 Workers for Old Generation
[2026-04-03T01:59:04.935+0600][18.083s][info][gc,phases   ] GC(28) Y: Young Generation
[2026-04-03T01:59:04.936+0600][18.083s][info][gc,phases   ] GC(28) Y: Pause Mark Start (Major) 0.024ms
[2026-04-03T01:59:04.943+0600][18.090s][info][gc,phases   ] GC(28) Y: Concurrent Mark 6.559ms
[2026-04-03T01:59:04.943+0600][18.090s][info][gc,phases   ] GC(28) Y: Pause Mark End 0.031ms
[2026-04-03T01:59:04.943+0600][18.090s][info][gc,phases   ] GC(28) Y: Concurrent Mark Free 0.001ms
[2026-04-03T01:59:04.943+0600][18.090s][info][gc,phases   ] GC(28) Y: Concurrent Reset Relocation Set 0.002ms
[2026-04-03T01:59:04.944+0600][18.092s][info][gc,reloc    ] GC(28) Y: Using tenuring threshold: 1 (Computed)
[2026-04-03T01:59:04.944+0600][18.092s][info][gc,phases   ] GC(28) Y: Concurrent Select Relocation Set 1.642ms
[2026-04-03T01:59:04.945+0600][18.092s][info][gc,phases   ] GC(28) Y: Pause Relocate Start 0.028ms
[2026-04-03T01:59:04.945+0600][18.093s][info][gc,phases   ] GC(28) Y: Concurrent Relocate 0.139ms
[2026-04-03T01:59:04.945+0600][18.093s][info][gc,alloc    ] GC(28) Y:                         Mark Start        Mark End      Relocate Start    Relocate End   
[2026-04-03T01:59:04.945+0600][18.093s][info][gc,alloc    ] GC(28) Y: Allocation Stalls:          0                0                0                0         
[2026-04-03T01:59:04.945+0600][18.093s][info][gc,load     ] GC(28) Y: Load: 2.24 (19%) / 4.65 (39%) / 6.24 (52%)
[2026-04-03T01:59:04.945+0600][18.093s][info][gc,mmu      ] GC(28) Y: MMU: 2ms/94.6%, 5ms/97.8%, 10ms/98.9%, 20ms/99.1%, 50ms/99.6%, 100ms/99.7%
[2026-04-03T01:59:04.945+0600][18.093s][info][gc,marking  ] GC(28) Y: Mark: 2 stripe(s), 2 proactive flush(es), 1 terminate flush(es), 0 completion(s), 0 continuation(s) 
[2026-04-03T01:59:04.945+0600][18.093s][info][gc,marking  ] GC(28) Y: Mark Stack Usage: 32M
[2026-04-03T01:59:04.945+0600][18.093s][info][gc,nmethod  ] GC(28) Y: NMethods: 4614 registered, 745 unregistered
[2026-04-03T01:59:04.945+0600][18.093s][info][gc,metaspace] GC(28) Y: Metaspace: 62M used, 63M committed, 1088M reserved
[2026-04-03T01:59:04.945+0600][18.093s][info][gc,reloc    ] GC(28) Y:                        Candidates     Selected     In-Place         Size        Empty    Relocated 
[2026-04-03T01:59:04.945+0600][18.093s][info][gc,reloc    ] GC(28) Y: Small Pages:                  137            3            0         274M         266M           0M 
[2026-04-03T01:59:04.945+0600][18.093s][info][gc,reloc    ] GC(28) Y: Medium Pages:                   0            0            0           0M           0M           0M 
[2026-04-03T01:59:04.945+0600][18.093s][info][gc,reloc    ] GC(28) Y: Large Pages:                    0            0            0           0M           0M           0M 
[2026-04-03T01:59:04.945+0600][18.093s][info][gc,reloc    ] GC(28) Y: Forwarding Usage: 0M
[2026-04-03T01:59:04.945+0600][18.093s][info][gc,reloc    ] GC(28) Y: Age Table:
[2026-04-03T01:59:04.945+0600][18.093s][info][gc,reloc    ] GC(28) Y:                    Live             Garbage             Small              Medium             Large        
[2026-04-03T01:59:04.945+0600][18.093s][info][gc,reloc    ] GC(28) Y: Eden               0M (0%)          269M (22%)        135 / 3              0 / 0              0 / 0        
[2026-04-03T01:59:04.945+0600][18.093s][info][gc,reloc    ] GC(28) Y: Survivor 1          -                 2M (0%)           1 / 0              0 / 0              0 / 0        
[2026-04-03T01:59:04.945+0600][18.093s][info][gc,reloc    ] GC(28) Y: Survivor 2          -                 2M (0%)           1 / 0              0 / 0              0 / 0        
[2026-04-03T01:59:04.945+0600][18.093s][info][gc,heap     ] GC(28) Y: Min Capacity: 8M(1%)
[2026-04-03T01:59:04.945+0600][18.093s][info][gc,heap     ] GC(28) Y: Max Capacity: 1250M(100%)
[2026-04-03T01:59:04.945+0600][18.093s][info][gc,heap     ] GC(28) Y: Soft Max Capacity: 1250M(100%)
[2026-04-03T01:59:04.945+0600][18.093s][info][gc,heap     ] GC(28) Y: Heap Statistics:
[2026-04-03T01:59:04.945+0600][18.093s][info][gc,heap     ] GC(28) Y:                Mark Start          Mark End        Relocate Start      Relocate End           High               Low         
[2026-04-03T01:59:04.945+0600][18.093s][info][gc,heap     ] GC(28) Y:  Capacity:     1202M (96%)        1202M (96%)        1202M (96%)        1202M (96%)        1202M (96%)        1202M (96%)    
[2026-04-03T01:59:04.945+0600][18.093s][info][gc,heap     ] GC(28) Y:      Free:      712M (57%)         702M (56%)         966M (77%)         966M (77%)         966M (77%)         702M (56%)    
[2026-04-03T01:59:04.945+0600][18.093s][info][gc,heap     ] GC(28) Y:      Used:      538M (43%)         548M (44%)         284M (23%)         284M (23%)         548M (44%)         284M (23%)    
[2026-04-03T01:59:04.945+0600][18.093s][info][gc,heap     ] GC(28) Y: Young Generation Statistics:
[2026-04-03T01:59:04.945+0600][18.093s][info][gc,heap     ] GC(28) Y:                Mark Start          Mark End        Relocate Start      Relocate End    
[2026-04-03T01:59:04.945+0600][18.093s][info][gc,heap     ] GC(28) Y:      Used:      274M (22%)         284M (23%)          20M (2%)           20M (2%)     
[2026-04-03T01:59:04.945+0600][18.093s][info][gc,heap     ] GC(28) Y:      Live:         -                 0M (0%)            0M (0%)            0M (0%)     
[2026-04-03T01:59:04.945+0600][18.093s][info][gc,heap     ] GC(28) Y:   Garbage:         -               273M (22%)           7M (1%)            0M (0%)     
[2026-04-03T01:59:04.945+0600][18.093s][info][gc,heap     ] GC(28) Y: Allocated:         -                10M (1%)           12M (1%)           19M (2%)     
[2026-04-03T01:59:04.945+0600][18.093s][info][gc,heap     ] GC(28) Y: Reclaimed:         -                  -               266M (21%)         273M (22%)    
[2026-04-03T01:59:04.945+0600][18.093s][info][gc,heap     ] GC(28) Y:  Promoted:         -                  -                 0M (0%)            0M (0%)     
[2026-04-03T01:59:04.945+0600][18.093s][info][gc,heap     ] GC(28) Y: Compacted:         -                  -                  -                 0M (0%)     
[2026-04-03T01:59:04.945+0600][18.093s][info][gc,phases   ] GC(28) Y: Young Generation 538M(43%)->284M(23%) 0.010s
[2026-04-03T01:59:04.945+0600][18.093s][info][gc,phases   ] GC(28) O: Old Generation
[2026-04-03T01:59:05.315+0600][18.462s][info][gc          ] GC(29) Minor Collection (Allocation Rate)
[2026-04-03T01:59:05.315+0600][18.462s][info][gc,task     ] GC(29) Using 2 Workers for Young Generation
[2026-04-03T01:59:05.315+0600][18.462s][info][gc,phases   ] GC(29) y: Young Generation
[2026-04-03T01:59:05.315+0600][18.463s][info][gc,phases   ] GC(29) y: Pause Mark Start 0.018ms
[2026-04-03T01:59:05.324+0600][18.471s][info][gc,phases   ] GC(29) y: Concurrent Mark 8.520ms
[2026-04-03T01:59:05.324+0600][18.472s][info][gc,phases   ] GC(29) y: Pause Mark End 0.020ms
[2026-04-03T01:59:05.324+0600][18.472s][info][gc,phases   ] GC(29) y: Concurrent Mark Free 0.001ms
[2026-04-03T01:59:05.324+0600][18.472s][info][gc,phases   ] GC(29) y: Concurrent Reset Relocation Set 0.002ms
[2026-04-03T01:59:05.326+0600][18.474s][info][gc,reloc    ] GC(29) y: Using tenuring threshold: 2 (Computed)
[2026-04-03T01:59:05.326+0600][18.474s][info][gc,phases   ] GC(29) y: Concurrent Select Relocation Set 2.207ms
[2026-04-03T01:59:05.327+0600][18.474s][info][gc,phases   ] GC(29) y: Pause Relocate Start 0.027ms
[2026-04-03T01:59:05.327+0600][18.475s][info][gc,phases   ] GC(29) y: Concurrent Relocate 0.361ms
[2026-04-03T01:59:05.327+0600][18.475s][info][gc,alloc    ] GC(29) y:                         Mark Start        Mark End      Relocate Start    Relocate End   
[2026-04-03T01:59:05.327+0600][18.475s][info][gc,alloc    ] GC(29) y: Allocation Stalls:          0                0                0                0         
[2026-04-03T01:59:05.327+0600][18.475s][info][gc,load     ] GC(29) y: Load: 2.24 (19%) / 4.65 (39%) / 6.24 (52%)
[2026-04-03T01:59:05.327+0600][18.475s][info][gc,mmu      ] GC(29) y: MMU: 2ms/94.6%, 5ms/97.8%, 10ms/98.9%, 20ms/99.1%, 50ms/99.6%, 100ms/99.7%
[2026-04-03T01:59:05.327+0600][18.475s][info][gc,marking  ] GC(29) y: Mark: 2 stripe(s), 2 proactive flush(es), 1 terminate flush(es), 0 completion(s), 0 continuation(s) 
[2026-04-03T01:59:05.327+0600][18.475s][info][gc,marking  ] GC(29) y: Mark Stack Usage: 32M
[2026-04-03T01:59:05.327+0600][18.475s][info][gc,nmethod  ] GC(29) y: NMethods: 4666 registered, 745 unregistered
[2026-04-03T01:59:05.327+0600][18.475s][info][gc,metaspace] GC(29) y: Metaspace: 62M used, 63M committed, 1088M reserved
[2026-04-03T01:59:05.327+0600][18.475s][info][gc,reloc    ] GC(29) y:                        Candidates     Selected     In-Place         Size        Empty    Relocated 
[2026-04-03T01:59:05.327+0600][18.475s][info][gc,reloc    ] GC(29) y: Small Pages:                  286            8            0         572M         554M           0M 
[2026-04-03T01:59:05.327+0600][18.475s][info][gc,reloc    ] GC(29) y: Medium Pages:                   1            0            0          32M          32M           0M 
[2026-04-03T01:59:05.327+0600][18.475s][info][gc,reloc    ] GC(29) y: Large Pages:                    1            0            0           6M           0M           0M 
[2026-04-03T01:59:05.327+0600][18.475s][info][gc,reloc    ] GC(29) y: Forwarding Usage: 0M
[2026-04-03T01:59:05.327+0600][18.475s][info][gc,reloc    ] GC(29) y: Age Table:
[2026-04-03T01:59:05.327+0600][18.475s][info][gc,reloc    ] GC(29) y:                    Live             Garbage             Small              Medium             Large        
[2026-04-03T01:59:05.327+0600][18.475s][info][gc,reloc    ] GC(29) y: Eden               6M (0%)          597M (48%)        283 / 7              1 / 0              1 / 0        
[2026-04-03T01:59:05.327+0600][18.475s][info][gc,reloc    ] GC(29) y: Survivor 1         0M (0%)            5M (0%)           3 / 1              0 / 0              0 / 0        
[2026-04-03T01:59:05.327+0600][18.475s][info][gc,heap     ] GC(29) y: Min Capacity: 8M(1%)
[2026-04-03T01:59:05.327+0600][18.475s][info][gc,heap     ] GC(29) y: Max Capacity: 1250M(100%)
[2026-04-03T01:59:05.327+0600][18.475s][info][gc,heap     ] GC(29) y: Soft Max Capacity: 1250M(100%)
[2026-04-03T01:59:05.327+0600][18.475s][info][gc,heap     ] GC(29) y: Heap Statistics:
[2026-04-03T01:59:05.327+0600][18.475s][info][gc,heap     ] GC(29) y:                Mark Start          Mark End        Relocate Start      Relocate End           High               Low         
[2026-04-03T01:59:05.327+0600][18.475s][info][gc,heap     ] GC(29) y:  Capacity:     1202M (96%)        1202M (96%)        1202M (96%)        1202M (96%)        1202M (96%)        1202M (96%)    
[2026-04-03T01:59:05.327+0600][18.475s][info][gc,heap     ] GC(29) y:      Free:      376M (30%)         364M (29%)         948M (76%)         958M (77%)         958M (77%)         364M (29%)    
[2026-04-03T01:59:05.327+0600][18.475s][info][gc,heap     ] GC(29) y:      Used:      874M (70%)         886M (71%)         302M (24%)         292M (23%)         886M (71%)         292M (23%)    
[2026-04-03T01:59:05.327+0600][18.475s][info][gc,heap     ] GC(29) y: Young Generation Statistics:
[2026-04-03T01:59:05.327+0600][18.475s][info][gc,heap     ] GC(29) y:                Mark Start          Mark End        Relocate Start      Relocate End    
[2026-04-03T01:59:05.327+0600][18.475s][info][gc,heap     ] GC(29) y:      Used:      610M (49%)         622M (50%)          38M (3%)           28M (2%)     
[2026-04-03T01:59:05.327+0600][18.475s][info][gc,heap     ] GC(29) y:      Live:         -                 6M (0%)            6M (0%)            6M (0%)     
[2026-04-03T01:59:05.327+0600][18.475s][info][gc,heap     ] GC(29) y:   Garbage:         -               603M (48%)          17M (1%)            0M (0%)     
[2026-04-03T01:59:05.327+0600][18.475s][info][gc,heap     ] GC(29) y: Allocated:         -                12M (1%)           14M (1%)           21M (2%)     
[2026-04-03T01:59:05.327+0600][18.475s][info][gc,heap     ] GC(29) y: Reclaimed:         -                  -               586M (47%)         603M (48%)    
[2026-04-03T01:59:05.327+0600][18.475s][info][gc,heap     ] GC(29) y:  Promoted:         -                  -                 0M (0%)            0M (0%)     
[2026-04-03T01:59:05.327+0600][18.475s][info][gc,heap     ] GC(29) y: Compacted:         -                  -                  -                 0M (0%)     
[2026-04-03T01:59:05.327+0600][18.475s][info][gc,phases   ] GC(29) y: Young Generation 874M(70%)->292M(23%) 0.012s
[2026-04-03T01:59:05.327+0600][18.475s][info][gc          ] GC(29) Minor Collection (Allocation Rate) 874M(70%)->292M(23%) 0.013s
[2026-04-03T01:59:05.329+0600][18.476s][info][gc,phases   ] GC(28) O: Concurrent Mark 383.385ms
[2026-04-03T01:59:05.329+0600][18.476s][info][gc,phases   ] GC(28) O: Pause Mark End 0.030ms
[2026-04-03T01:59:05.329+0600][18.477s][info][gc,phases   ] GC(28) O: Concurrent Mark Free 0.002ms
[2026-04-03T01:59:05.348+0600][18.496s][info][gc,phases   ] GC(28) O: Concurrent Process Non-Strong 19.225ms
[2026-04-03T01:59:05.349+0600][18.496s][info][gc,phases   ] GC(28) O: Concurrent Reset Relocation Set 0.006ms
[2026-04-03T01:59:05.354+0600][18.502s][info][gc,phases   ] GC(28) O: Concurrent Select Relocation Set 5.562ms
[2026-04-03T01:59:05.354+0600][18.502s][info][gc,task     ] GC(28) O: Using 3 Workers for Old Generation
[2026-04-03T01:59:05.372+0600][18.519s][info][gc,task     ] GC(28) O: Using 1 Workers for Old Generation
[2026-04-03T01:59:05.372+0600][18.519s][info][gc,phases   ] GC(28) O: Concurrent Remap Roots 17.696ms
[2026-04-03T01:59:05.372+0600][18.520s][info][gc,phases   ] GC(28) O: Pause Relocate Start 0.038ms
[2026-04-03T01:59:05.385+0600][18.532s][info][gc,phases   ] GC(28) O: Concurrent Relocate 12.597ms
[2026-04-03T01:59:05.385+0600][18.532s][info][gc,alloc    ] GC(28) O:                         Mark Start        Mark End      Relocate Start    Relocate End   
[2026-04-03T01:59:05.385+0600][18.532s][info][gc,alloc    ] GC(28) O: Allocation Stalls:          0                0                0                0         
[2026-04-03T01:59:05.385+0600][18.532s][info][gc,load     ] GC(28) O: Load: 2.24 (19%) / 4.65 (39%) / 6.24 (52%)
[2026-04-03T01:59:05.385+0600][18.532s][info][gc,mmu      ] GC(28) O: MMU: 2ms/94.6%, 5ms/97.8%, 10ms/98.9%, 20ms/99.1%, 50ms/99.6%, 100ms/99.7%
[2026-04-03T01:59:05.385+0600][18.532s][info][gc,marking  ] GC(28) O: Mark: 1 stripe(s), 2 proactive flush(es), 1 terminate flush(es), 0 completion(s), 0 continuation(s) 
[2026-04-03T01:59:05.385+0600][18.532s][info][gc,marking  ] GC(28) O: Mark Stack Usage: 32M
[2026-04-03T01:59:05.385+0600][18.532s][info][gc,nmethod  ] GC(28) O: NMethods: 4681 registered, 788 unregistered
[2026-04-03T01:59:05.385+0600][18.532s][info][gc,metaspace] GC(28) O: Metaspace: 63M used, 64M committed, 1088M reserved
[2026-04-03T01:59:05.385+0600][18.532s][info][gc,ref      ] GC(28) O:                       Encountered   Discovered     Enqueued 
[2026-04-03T01:59:05.385+0600][18.533s][info][gc,ref      ] GC(28) O: Soft References:             4748            0            0 
[2026-04-03T01:59:05.385+0600][18.533s][info][gc,ref      ] GC(28) O: Weak References:             5749         4358           52 
[2026-04-03T01:59:05.385+0600][18.533s][info][gc,ref      ] GC(28) O: Final References:              82            0            0 
[2026-04-03T01:59:05.385+0600][18.533s][info][gc,ref      ] GC(28) O: Phantom References:           594          591            0 
[2026-04-03T01:59:05.385+0600][18.533s][info][gc,reloc    ] GC(28) O:                        Candidates     Selected     In-Place         Size        Empty    Relocated 
[2026-04-03T01:59:05.385+0600][18.533s][info][gc,reloc    ] GC(28) O: Small Pages:                  105            7            0         210M           0M           2M 
[2026-04-03T01:59:05.385+0600][18.533s][info][gc,reloc    ] GC(28) O: Medium Pages:                   1            0            0          32M           0M           0M 
[2026-04-03T01:59:05.385+0600][18.533s][info][gc,reloc    ] GC(28) O: Large Pages:                    3            0            0          22M          10M           0M 
[2026-04-03T01:59:05.385+0600][18.533s][info][gc,reloc    ] GC(28) O: Forwarding Usage: 2M
[2026-04-03T01:59:05.385+0600][18.533s][info][gc,heap     ] GC(28) O: Min Capacity: 8M(1%)
[2026-04-03T01:59:05.385+0600][18.533s][info][gc,heap     ] GC(28) O: Max Capacity: 1250M(100%)
[2026-04-03T01:59:05.385+0600][18.533s][info][gc,heap     ] GC(28) O: Soft Max Capacity: 1250M(100%)
[2026-04-03T01:59:05.385+0600][18.533s][info][gc,heap     ] GC(28) O: Heap Statistics:
[2026-04-03T01:59:05.385+0600][18.533s][info][gc,heap     ] GC(28) O:                Mark Start          Mark End        Relocate Start      Relocate End           High               Low         
[2026-04-03T01:59:05.385+0600][18.533s][info][gc,heap     ] GC(28) O:  Capacity:     1202M (96%)        1202M (96%)        1202M (96%)        1202M (96%)        1202M (96%)        1202M (96%)    
[2026-04-03T01:59:05.385+0600][18.533s][info][gc,heap     ] GC(28) O:      Free:      712M (57%)         958M (77%)         962M (77%)         968M (77%)         968M (77%)         364M (29%)    
[2026-04-03T01:59:05.385+0600][18.533s][info][gc,heap     ] GC(28) O:      Used:      538M (43%)         292M (23%)         288M (23%)         282M (23%)         886M (71%)         282M (23%)    
[2026-04-03T01:59:05.385+0600][18.533s][info][gc,heap     ] GC(28) O: Old Generation Statistics:
[2026-04-03T01:59:05.385+0600][18.533s][info][gc,heap     ] GC(28) O:                Mark Start          Mark End        Relocate Start      Relocate End    
[2026-04-03T01:59:05.385+0600][18.533s][info][gc,heap     ] GC(28) O:      Used:      264M (21%)         264M (21%)         254M (20%)         246M (20%)    
[2026-04-03T01:59:05.385+0600][18.533s][info][gc,heap     ] GC(28) O:      Live:         -               207M (17%)         207M (17%)         207M (17%)    
[2026-04-03T01:59:05.385+0600][18.533s][info][gc,heap     ] GC(28) O:   Garbage:         -                56M (5%)           46M (4%)           31M (3%)     
[2026-04-03T01:59:05.385+0600][18.533s][info][gc,heap     ] GC(28) O: Allocated:         -                 0M (0%)            0M (0%)            6M (1%)     
[2026-04-03T01:59:05.385+0600][18.533s][info][gc,heap     ] GC(28) O: Reclaimed:         -                  -                10M (1%)           24M (2%)     
[2026-04-03T01:59:05.385+0600][18.533s][info][gc,heap     ] GC(28) O: Compacted:         -                  -                  -                 3M (0%)     
[2026-04-03T01:59:05.385+0600][18.533s][info][gc,phases   ] GC(28) O: Old Generation 284M(23%)->282M(23%) 0.440s
[2026-04-03T01:59:05.385+0600][18.533s][info][gc          ] GC(28) Major Collection (Allocation Rate) 538M(43%)->282M(23%) 0.450s
[2026-04-03T01:59:05.487+0600][18.635s][info][gc          ] GC(30) Major Collection (System.gc())
[2026-04-03T01:59:05.487+0600][18.635s][info][gc,task     ] GC(30) Using 3 Workers for Young Generation
[2026-04-03T01:59:05.487+0600][18.635s][info][gc,task     ] GC(30) Using 3 Workers for Old Generation
[2026-04-03T01:59:05.487+0600][18.635s][info][gc,phases   ] GC(30) Y: Young Generation (Promote All)
[2026-04-03T01:59:05.488+0600][18.635s][info][gc,phases   ] GC(30) Y: Pause Mark Start 0.021ms
[2026-04-03T01:59:05.496+0600][18.643s][info][gc,phases   ] GC(30) Y: Concurrent Mark 8.240ms
[2026-04-03T01:59:05.496+0600][18.644s][info][gc,phases   ] GC(30) Y: Pause Mark End 0.021ms
[2026-04-03T01:59:05.496+0600][18.644s][info][gc,phases   ] GC(30) Y: Concurrent Mark Free 0.001ms
[2026-04-03T01:59:05.496+0600][18.644s][info][gc,phases   ] GC(30) Y: Concurrent Reset Relocation Set 0.002ms
[2026-04-03T01:59:05.498+0600][18.646s][info][gc,reloc    ] GC(30) Y: Using tenuring threshold: 0 (Promote All)
[2026-04-03T01:59:05.499+0600][18.647s][info][gc,phases   ] GC(30) Y: Concurrent Select Relocation Set 2.800ms
[2026-04-03T01:59:05.499+0600][18.647s][info][gc,phases   ] GC(30) Y: Pause Relocate Start 0.018ms
[2026-04-03T01:59:05.500+0600][18.648s][info][gc,phases   ] GC(30) Y: Concurrent Relocate 1.138ms
[2026-04-03T01:59:05.500+0600][18.648s][info][gc,alloc    ] GC(30) Y:                         Mark Start        Mark End      Relocate Start    Relocate End   
[2026-04-03T01:59:05.500+0600][18.648s][info][gc,alloc    ] GC(30) Y: Allocation Stalls:          0                0                0                0         
[2026-04-03T01:59:05.500+0600][18.648s][info][gc,load     ] GC(30) Y: Load: 2.24 (19%) / 4.65 (39%) / 6.24 (52%)
[2026-04-03T01:59:05.500+0600][18.648s][info][gc,mmu      ] GC(30) Y: MMU: 2ms/94.6%, 5ms/97.8%, 10ms/98.9%, 20ms/99.1%, 50ms/99.6%, 100ms/99.7%
[2026-04-03T01:59:05.501+0600][18.648s][info][gc,marking  ] GC(30) Y: Mark: 2 stripe(s), 1 proactive flush(es), 1 terminate flush(es), 0 completion(s), 0 continuation(s) 
[2026-04-03T01:59:05.501+0600][18.648s][info][gc,marking  ] GC(30) Y: Mark Stack Usage: 32M
[2026-04-03T01:59:05.501+0600][18.648s][info][gc,nmethod  ] GC(30) Y: NMethods: 4776 registered, 788 unregistered
[2026-04-03T01:59:05.501+0600][18.648s][info][gc,metaspace] GC(30) Y: Metaspace: 64M used, 65M committed, 1088M reserved
[2026-04-03T01:59:05.501+0600][18.648s][info][gc,reloc    ] GC(30) Y:                        Candidates     Selected     In-Place         Size        Empty    Relocated 
[2026-04-03T01:59:05.501+0600][18.648s][info][gc,reloc    ] GC(30) Y: Small Pages:                   21           18            0          42M           4M           0M 
[2026-04-03T01:59:05.501+0600][18.648s][info][gc,reloc    ] GC(30) Y: Medium Pages:                   1            0            0          32M          32M           0M 
[2026-04-03T01:59:05.501+0600][18.648s][info][gc,reloc    ] GC(30) Y: Large Pages:                    1            0            0           6M           6M           0M 
[2026-04-03T01:59:05.501+0600][18.648s][info][gc,reloc    ] GC(30) Y: Forwarding Usage: 0M
[2026-04-03T01:59:05.501+0600][18.648s][info][gc,reloc    ] GC(30) Y: Age Table:
[2026-04-03T01:59:05.501+0600][18.648s][info][gc,reloc    ] GC(30) Y:                    Live             Garbage             Small              Medium             Large        
[2026-04-03T01:59:05.501+0600][18.648s][info][gc,reloc    ] GC(30) Y: Eden               0M (0%)           65M (5%)          17 / 16             1 / 0              0 / 0        
[2026-04-03T01:59:05.501+0600][18.648s][info][gc,reloc    ] GC(30) Y: Survivor 1         0M (0%)           11M (1%)           3 / 2              0 / 0              1 / 0        
[2026-04-03T01:59:05.501+0600][18.648s][info][gc,reloc    ] GC(30) Y: Survivor 2          -                 2M (0%)           1 / 0              0 / 0              0 / 0        
[2026-04-03T01:59:05.501+0600][18.648s][info][gc,heap     ] GC(30) Y: Min Capacity: 8M(1%)
[2026-04-03T01:59:05.501+0600][18.648s][info][gc,heap     ] GC(30) Y: Max Capacity: 1250M(100%)
[2026-04-03T01:59:05.501+0600][18.648s][info][gc,heap     ] GC(30) Y: Soft Max Capacity: 1250M(100%)
[2026-04-03T01:59:05.501+0600][18.648s][info][gc,heap     ] GC(30) Y: Heap Statistics:
[2026-04-03T01:59:05.501+0600][18.648s][info][gc,heap     ] GC(30) Y:                Mark Start          Mark End        Relocate Start      Relocate End           High               Low         
[2026-04-03T01:59:05.501+0600][18.648s][info][gc,heap     ] GC(30) Y:  Capacity:     1202M (96%)        1202M (96%)        1202M (96%)        1202M (96%)        1202M (96%)        1202M (96%)    
[2026-04-03T01:59:05.501+0600][18.648s][info][gc,heap     ] GC(30) Y:      Free:      924M (74%)         924M (74%)         966M (77%)         998M (80%)         998M (80%)         924M (74%)    
[2026-04-03T01:59:05.501+0600][18.648s][info][gc,heap     ] GC(30) Y:      Used:      326M (26%)         326M (26%)         284M (23%)         252M (20%)         326M (26%)         252M (20%)    
[2026-04-03T01:59:05.501+0600][18.648s][info][gc,heap     ] GC(30) Y: Young Generation Statistics:
[2026-04-03T01:59:05.501+0600][18.648s][info][gc,heap     ] GC(30) Y:                Mark Start          Mark End        Relocate Start      Relocate End    
[2026-04-03T01:59:05.501+0600][18.648s][info][gc,heap     ] GC(30) Y:      Used:       80M (6%)           80M (6%)           38M (3%)            0M (0%)     
[2026-04-03T01:59:05.501+0600][18.648s][info][gc,heap     ] GC(30) Y:      Live:         -                 0M (0%)            0M (0%)            0M (0%)     
[2026-04-03T01:59:05.501+0600][18.648s][info][gc,heap     ] GC(30) Y:   Garbage:         -                79M (6%)           37M (3%)            0M (0%)     
[2026-04-03T01:59:05.501+0600][18.648s][info][gc,heap     ] GC(30) Y: Allocated:         -                 0M (0%)            0M (0%)            0M (0%)     
[2026-04-03T01:59:05.501+0600][18.648s][info][gc,heap     ] GC(30) Y: Reclaimed:         -                  -                42M (3%)           79M (6%)     
[2026-04-03T01:59:05.501+0600][18.648s][info][gc,heap     ] GC(30) Y:  Promoted:         -                  -                 0M (0%)            0M (0%)     
[2026-04-03T01:59:05.501+0600][18.648s][info][gc,heap     ] GC(30) Y: Compacted:         -                  -                  -                 0M (0%)     
[2026-04-03T01:59:05.501+0600][18.648s][info][gc,phases   ] GC(30) Y: Young Generation (Promote All) 326M(26%)->252M(20%) 0.013s
[2026-04-03T01:59:05.501+0600][18.648s][info][gc,phases   ] GC(30) Y: Young Generation (Collect Roots)
[2026-04-03T01:59:05.501+0600][18.648s][info][gc,phases   ] GC(30) Y: Pause Mark Start (Major) 0.018ms
[2026-04-03T01:59:05.508+0600][18.656s][info][gc,phases   ] GC(30) Y: Concurrent Mark 7.023ms
[2026-04-03T01:59:05.508+0600][18.656s][info][gc,phases   ] GC(30) Y: Pause Mark End 0.020ms
[2026-04-03T01:59:05.509+0600][18.656s][info][gc,phases   ] GC(30) Y: Concurrent Mark Free 0.250ms
[2026-04-03T01:59:05.509+0600][18.656s][info][gc,phases   ] GC(30) Y: Concurrent Reset Relocation Set 0.003ms
[2026-04-03T01:59:05.510+0600][18.658s][info][gc,reloc    ] GC(30) Y: Using tenuring threshold: 0 (Computed)
[2026-04-03T01:59:05.510+0600][18.658s][info][gc,phases   ] GC(30) Y: Concurrent Select Relocation Set 1.692ms
[2026-04-03T01:59:05.510+0600][18.658s][info][gc,phases   ] GC(30) Y: Pause Relocate Start 0.013ms
[2026-04-03T01:59:05.511+0600][18.658s][info][gc,phases   ] GC(30) Y: Concurrent Relocate 0.099ms
[2026-04-03T01:59:05.511+0600][18.658s][info][gc,alloc    ] GC(30) Y:                         Mark Start        Mark End      Relocate Start    Relocate End   
[2026-04-03T01:59:05.511+0600][18.658s][info][gc,alloc    ] GC(30) Y: Allocation Stalls:          0                0                0                0         
[2026-04-03T01:59:05.511+0600][18.658s][info][gc,load     ] GC(30) Y: Load: 2.24 (19%) / 4.65 (39%) / 6.24 (52%)
[2026-04-03T01:59:05.511+0600][18.658s][info][gc,mmu      ] GC(30) Y: MMU: 2ms/94.6%, 5ms/97.8%, 10ms/98.9%, 20ms/99.1%, 50ms/99.6%, 100ms/99.7%
[2026-04-03T01:59:05.511+0600][18.658s][info][gc,marking  ] GC(30) Y: Mark: 2 stripe(s), 1 proactive flush(es), 1 terminate flush(es), 0 completion(s), 0 continuation(s) 
[2026-04-03T01:59:05.511+0600][18.658s][info][gc,marking  ] GC(30) Y: Mark Stack Usage: 0M
[2026-04-03T01:59:05.511+0600][18.658s][info][gc,nmethod  ] GC(30) Y: NMethods: 4776 registered, 788 unregistered
[2026-04-03T01:59:05.511+0600][18.658s][info][gc,metaspace] GC(30) Y: Metaspace: 64M used, 65M committed, 1088M reserved
[2026-04-03T01:59:05.511+0600][18.658s][info][gc,heap     ] GC(30) Y: Min Capacity: 8M(1%)
[2026-04-03T01:59:05.511+0600][18.658s][info][gc,heap     ] GC(30) Y: Max Capacity: 1250M(100%)
[2026-04-03T01:59:05.511+0600][18.658s][info][gc,heap     ] GC(30) Y: Soft Max Capacity: 1250M(100%)
[2026-04-03T01:59:05.511+0600][18.658s][info][gc,heap     ] GC(30) Y: Heap Statistics:
[2026-04-03T01:59:05.511+0600][18.658s][info][gc,heap     ] GC(30) Y:                Mark Start          Mark End        Relocate Start      Relocate End           High               Low         
[2026-04-03T01:59:05.511+0600][18.658s][info][gc,heap     ] GC(30) Y:  Capacity:     1202M (96%)        1202M (96%)        1202M (96%)        1202M (96%)        1202M (96%)        1202M (96%)    
[2026-04-03T01:59:05.511+0600][18.658s][info][gc,heap     ] GC(30) Y:      Free:      998M (80%)         998M (80%)         998M (80%)         998M (80%)         998M (80%)         998M (80%)    
[2026-04-03T01:59:05.511+0600][18.658s][info][gc,heap     ] GC(30) Y:      Used:      252M (20%)         252M (20%)         252M (20%)         252M (20%)         252M (20%)         252M (20%)    
[2026-04-03T01:59:05.511+0600][18.658s][info][gc,heap     ] GC(30) Y: Young Generation Statistics:
[2026-04-03T01:59:05.511+0600][18.658s][info][gc,heap     ] GC(30) Y:                Mark Start          Mark End        Relocate Start      Relocate End    
[2026-04-03T01:59:05.511+0600][18.658s][info][gc,heap     ] GC(30) Y:      Used:        0M (0%)            0M (0%)            0M (0%)            0M (0%)     
[2026-04-03T01:59:05.511+0600][18.658s][info][gc,heap     ] GC(30) Y:      Live:         -                 0M (0%)            0M (0%)            0M (0%)     
[2026-04-03T01:59:05.511+0600][18.658s][info][gc,heap     ] GC(30) Y:   Garbage:         -                 0M (0%)            0M (0%)            0M (0%)     
[2026-04-03T01:59:05.511+0600][18.658s][info][gc,heap     ] GC(30) Y: Allocated:         -                 0M (0%)            0M (0%)            0M (0%)     
[2026-04-03T01:59:05.511+0600][18.658s][info][gc,heap     ] GC(30) Y: Reclaimed:         -                  -                 0M (0%)            0M (0%)     
[2026-04-03T01:59:05.511+0600][18.658s][info][gc,heap     ] GC(30) Y:  Promoted:         -                  -                 0M (0%)            0M (0%)     
[2026-04-03T01:59:05.511+0600][18.658s][info][gc,heap     ] GC(30) Y: Compacted:         -                  -                  -                 0M (0%)     
[2026-04-03T01:59:05.511+0600][18.658s][info][gc,phases   ] GC(30) Y: Young Generation (Collect Roots) 252M(20%)->252M(20%) 0.010s
[2026-04-03T01:59:05.511+0600][18.658s][info][gc,phases   ] GC(30) O: Old Generation
[2026-04-03T01:59:05.656+0600][18.804s][info][gc,phases   ] GC(30) O: Concurrent Mark 145.223ms
[2026-04-03T01:59:05.656+0600][18.804s][info][gc,phases   ] GC(30) O: Pause Mark End 0.024ms
[2026-04-03T01:59:05.656+0600][18.804s][info][gc,phases   ] GC(30) O: Concurrent Mark Free 0.001ms
[2026-04-03T01:59:05.670+0600][18.817s][info][gc,phases   ] GC(30) O: Concurrent Process Non-Strong 13.277ms
[2026-04-03T01:59:05.670+0600][18.817s][info][gc,phases   ] GC(30) O: Concurrent Reset Relocation Set 0.004ms
[2026-04-03T01:59:05.672+0600][18.819s][info][gc,phases   ] GC(30) O: Concurrent Select Relocation Set 1.806ms
[2026-04-03T01:59:05.672+0600][18.819s][info][gc,task     ] GC(30) O: Using 3 Workers for Old Generation
[2026-04-03T01:59:05.689+0600][18.836s][info][gc,task     ] GC(30) O: Using 3 Workers for Old Generation
[2026-04-03T01:59:05.689+0600][18.836s][info][gc,phases   ] GC(30) O: Concurrent Remap Roots 17.058ms
[2026-04-03T01:59:05.690+0600][18.837s][info][gc,phases   ] GC(30) O: Pause Relocate Start 0.023ms
[2026-04-03T01:59:05.694+0600][18.841s][info][gc,phases   ] GC(30) O: Concurrent Relocate 3.987ms
[2026-04-03T01:59:05.694+0600][18.841s][info][gc,alloc    ] GC(30) O:                         Mark Start        Mark End      Relocate Start    Relocate End   
[2026-04-03T01:59:05.694+0600][18.841s][info][gc,alloc    ] GC(30) O: Allocation Stalls:          0                0                0                0         
[2026-04-03T01:59:05.694+0600][18.841s][info][gc,load     ] GC(30) O: Load: 2.24 (19%) / 4.65 (39%) / 6.24 (52%)
[2026-04-03T01:59:05.694+0600][18.841s][info][gc,mmu      ] GC(30) O: MMU: 2ms/94.6%, 5ms/97.8%, 10ms/98.9%, 20ms/99.1%, 50ms/99.6%, 100ms/99.7%
[2026-04-03T01:59:05.694+0600][18.841s][info][gc,marking  ] GC(30) O: Mark: 2 stripe(s), 2 proactive flush(es), 1 terminate flush(es), 0 completion(s), 0 continuation(s) 
[2026-04-03T01:59:05.694+0600][18.841s][info][gc,marking  ] GC(30) O: Mark Stack Usage: 32M
[2026-04-03T01:59:05.694+0600][18.841s][info][gc,nmethod  ] GC(30) O: NMethods: 4751 registered, 839 unregistered
[2026-04-03T01:59:05.694+0600][18.841s][info][gc,metaspace] GC(30) O: Metaspace: 64M used, 65M committed, 1088M reserved
[2026-04-03T01:59:05.694+0600][18.842s][info][gc,ref      ] GC(30) O:                       Encountered   Discovered     Enqueued 
[2026-04-03T01:59:05.694+0600][18.842s][info][gc,ref      ] GC(30) O: Soft References:             4784            0            0 
[2026-04-03T01:59:05.694+0600][18.842s][info][gc,ref      ] GC(30) O: Weak References:             6008         4565          334 
[2026-04-03T01:59:05.694+0600][18.842s][info][gc,ref      ] GC(30) O: Final References:              82           75            0 
[2026-04-03T01:59:05.694+0600][18.842s][info][gc,ref      ] GC(30) O: Phantom References:           595          361            0 
[2026-04-03T01:59:05.694+0600][18.842s][info][gc,reloc    ] GC(30) O:                        Candidates     Selected     In-Place         Size        Empty    Relocated 
[2026-04-03T01:59:05.694+0600][18.842s][info][gc,reloc    ] GC(30) O: Small Pages:                  104            6            0         208M           0M           1M 
[2026-04-03T01:59:05.694+0600][18.842s][info][gc,reloc    ] GC(30) O: Medium Pages:                   1            0            0          32M           0M           0M 
[2026-04-03T01:59:05.694+0600][18.842s][info][gc,reloc    ] GC(30) O: Large Pages:                    2            0            0          12M           0M           0M 
[2026-04-03T01:59:05.694+0600][18.842s][info][gc,reloc    ] GC(30) O: Forwarding Usage: 1M
[2026-04-03T01:59:05.694+0600][18.842s][info][gc,heap     ] GC(30) O: Min Capacity: 8M(1%)
[2026-04-03T01:59:05.694+0600][18.842s][info][gc,heap     ] GC(30) O: Max Capacity: 1250M(100%)
[2026-04-03T01:59:05.694+0600][18.842s][info][gc,heap     ] GC(30) O: Soft Max Capacity: 1250M(100%)
[2026-04-03T01:59:05.694+0600][18.842s][info][gc,heap     ] GC(30) O: Heap Statistics:
[2026-04-03T01:59:05.694+0600][18.842s][info][gc,heap     ] GC(30) O:                Mark Start          Mark End        Relocate Start      Relocate End           High               Low         
[2026-04-03T01:59:05.694+0600][18.842s][info][gc,heap     ] GC(30) O:  Capacity:     1202M (96%)        1202M (96%)        1202M (96%)        1202M (96%)        1202M (96%)        1202M (96%)    
[2026-04-03T01:59:05.694+0600][18.842s][info][gc,heap     ] GC(30) O:      Free:      998M (80%)         996M (80%)         984M (79%)         988M (79%)         998M (80%)         976M (78%)    
[2026-04-03T01:59:05.694+0600][18.842s][info][gc,heap     ] GC(30) O:      Used:      252M (20%)         254M (20%)         266M (21%)         262M (21%)         274M (22%)         252M (20%)    
[2026-04-03T01:59:05.694+0600][18.842s][info][gc,heap     ] GC(30) O: Old Generation Statistics:
[2026-04-03T01:59:05.694+0600][18.842s][info][gc,heap     ] GC(30) O:                Mark Start          Mark End        Relocate Start      Relocate End    
[2026-04-03T01:59:05.694+0600][18.842s][info][gc,heap     ] GC(30) O:      Used:      252M (20%)         252M (20%)         252M (20%)         248M (20%)    
[2026-04-03T01:59:05.694+0600][18.842s][info][gc,heap     ] GC(30) O:      Live:         -               207M (17%)         207M (17%)         207M (17%)    
[2026-04-03T01:59:05.694+0600][18.842s][info][gc,heap     ] GC(30) O:   Garbage:         -                44M (4%)           44M (4%)           31M (3%)     
[2026-04-03T01:59:05.694+0600][18.842s][info][gc,heap     ] GC(30) O: Allocated:         -                 0M (0%)            0M (0%)            8M (1%)     
[2026-04-03T01:59:05.694+0600][18.842s][info][gc,heap     ] GC(30) O: Reclaimed:         -                  -                 0M (0%)           12M (1%)     
[2026-04-03T01:59:05.694+0600][18.842s][info][gc,heap     ] GC(30) O: Compacted:         -                  -                  -                 1M (0%)     
[2026-04-03T01:59:05.694+0600][18.842s][info][gc,phases   ] GC(30) O: Old Generation 252M(20%)->262M(21%) 0.183s
[2026-04-03T01:59:05.694+0600][18.842s][info][gc          ] GC(30) Major Collection (System.gc()) 326M(26%)->262M(21%) 0.207s
[2026-04-03T01:59:06.023+0600][19.170s][info][gc          ] GC(31) Minor Collection (Allocation Rate)
[2026-04-03T01:59:06.023+0600][19.170s][info][gc,task     ] GC(31) Using 1 Workers for Young Generation
[2026-04-03T01:59:06.023+0600][19.170s][info][gc,phases   ] GC(31) y: Young Generation
[2026-04-03T01:59:06.023+0600][19.171s][info][gc,phases   ] GC(31) y: Pause Mark Start 0.019ms
[2026-04-03T01:59:06.035+0600][19.182s][info][gc,phases   ] GC(31) y: Concurrent Mark 11.498ms
[2026-04-03T01:59:06.035+0600][19.182s][info][gc,phases   ] GC(31) y: Pause Mark End 0.019ms
[2026-04-03T01:59:06.035+0600][19.183s][info][gc,phases   ] GC(31) y: Concurrent Mark Free 0.001ms
[2026-04-03T01:59:06.035+0600][19.183s][info][gc,phases   ] GC(31) y: Concurrent Reset Relocation Set 0.001ms
[2026-04-03T01:59:06.038+0600][19.186s][info][gc,reloc    ] GC(31) y: Using tenuring threshold: 1 (Computed)
[2026-04-03T01:59:06.039+0600][19.187s][info][gc,phases   ] GC(31) y: Concurrent Select Relocation Set 3.935ms
[2026-04-03T01:59:06.039+0600][19.187s][info][gc,phases   ] GC(31) y: Pause Relocate Start 0.018ms
[2026-04-03T01:59:06.040+0600][19.188s][info][gc,phases   ] GC(31) y: Concurrent Relocate 0.982ms
[2026-04-03T01:59:06.040+0600][19.188s][info][gc,alloc    ] GC(31) y:                         Mark Start        Mark End      Relocate Start    Relocate End   
[2026-04-03T01:59:06.040+0600][19.188s][info][gc,alloc    ] GC(31) y: Allocation Stalls:          0                0                0                0         
[2026-04-03T01:59:06.040+0600][19.188s][info][gc,load     ] GC(31) y: Load: 2.24 (19%) / 4.65 (39%) / 6.24 (52%)
[2026-04-03T01:59:06.040+0600][19.188s][info][gc,mmu      ] GC(31) y: MMU: 2ms/94.6%, 5ms/97.8%, 10ms/98.9%, 20ms/99.1%, 50ms/99.6%, 100ms/99.7%
[2026-04-03T01:59:06.040+0600][19.188s][info][gc,marking  ] GC(31) y: Mark: 1 stripe(s), 2 proactive flush(es), 1 terminate flush(es), 0 completion(s), 0 continuation(s) 
[2026-04-03T01:59:06.040+0600][19.188s][info][gc,marking  ] GC(31) y: Mark Stack Usage: 32M
[2026-04-03T01:59:06.041+0600][19.188s][info][gc,nmethod  ] GC(31) y: NMethods: 4894 registered, 839 unregistered
[2026-04-03T01:59:06.041+0600][19.188s][info][gc,metaspace] GC(31) y: Metaspace: 64M used, 65M committed, 1088M reserved
[2026-04-03T01:59:06.041+0600][19.188s][info][gc,reloc    ] GC(31) y:                        Candidates     Selected     In-Place         Size        Empty    Relocated 
[2026-04-03T01:59:06.041+0600][19.188s][info][gc,reloc    ] GC(31) y: Small Pages:                  290           23            0         580M         532M           0M 
[2026-04-03T01:59:06.041+0600][19.188s][info][gc,reloc    ] GC(31) y: Medium Pages:                   1            0            0          32M          32M           0M 
[2026-04-03T01:59:06.041+0600][19.188s][info][gc,reloc    ] GC(31) y: Large Pages:                    2            0            0          12M          12M           0M 
[2026-04-03T01:59:06.041+0600][19.188s][info][gc,reloc    ] GC(31) y: Forwarding Usage: 0M
[2026-04-03T01:59:06.041+0600][19.188s][info][gc,reloc    ] GC(31) y: Age Table:
[2026-04-03T01:59:06.041+0600][19.188s][info][gc,reloc    ] GC(31) y:                    Live             Garbage             Small              Medium             Large        
[2026-04-03T01:59:06.041+0600][19.188s][info][gc,reloc    ] GC(31) y: Eden               0M (0%)          623M (50%)        290 / 23             1 / 0              2 / 0        
[2026-04-03T01:59:06.041+0600][19.188s][info][gc,heap     ] GC(31) y: Min Capacity: 8M(1%)
[2026-04-03T01:59:06.041+0600][19.188s][info][gc,heap     ] GC(31) y: Max Capacity: 1250M(100%)
[2026-04-03T01:59:06.041+0600][19.188s][info][gc,heap     ] GC(31) y: Soft Max Capacity: 1250M(100%)
[2026-04-03T01:59:06.041+0600][19.188s][info][gc,heap     ] GC(31) y: Heap Statistics:
[2026-04-03T01:59:06.041+0600][19.188s][info][gc,heap     ] GC(31) y:                Mark Start          Mark End        Relocate Start      Relocate End           High               Low         
[2026-04-03T01:59:06.041+0600][19.188s][info][gc,heap     ] GC(31) y:  Capacity:     1202M (96%)        1202M (96%)        1202M (96%)        1202M (96%)        1202M (96%)        1202M (96%)    
[2026-04-03T01:59:06.041+0600][19.188s][info][gc,heap     ] GC(31) y:      Free:      378M (30%)         346M (28%)         912M (73%)         950M (76%)         950M (76%)         344M (28%)    
[2026-04-03T01:59:06.041+0600][19.188s][info][gc,heap     ] GC(31) y:      Used:      872M (70%)         904M (72%)         338M (27%)         300M (24%)         906M (72%)         300M (24%)    
[2026-04-03T01:59:06.041+0600][19.188s][info][gc,heap     ] GC(31) y: Young Generation Statistics:
[2026-04-03T01:59:06.041+0600][19.188s][info][gc,heap     ] GC(31) y:                Mark Start          Mark End        Relocate Start      Relocate End    
[2026-04-03T01:59:06.041+0600][19.188s][info][gc,heap     ] GC(31) y:      Used:      624M (50%)         656M (52%)          90M (7%)           52M (4%)     
[2026-04-03T01:59:06.041+0600][19.188s][info][gc,heap     ] GC(31) y:      Live:         -                 0M (0%)            0M (0%)            0M (0%)     
[2026-04-03T01:59:06.041+0600][19.188s][info][gc,heap     ] GC(31) y:   Garbage:         -               623M (50%)          47M (4%)            0M (0%)     
[2026-04-03T01:59:06.041+0600][19.188s][info][gc,heap     ] GC(31) y: Allocated:         -                32M (3%)           42M (3%)           51M (4%)     
[2026-04-03T01:59:06.041+0600][19.188s][info][gc,heap     ] GC(31) y: Reclaimed:         -                  -               576M (46%)         623M (50%)    
[2026-04-03T01:59:06.041+0600][19.188s][info][gc,heap     ] GC(31) y:  Promoted:         -                  -                 0M (0%)            0M (0%)     
[2026-04-03T01:59:06.041+0600][19.188s][info][gc,heap     ] GC(31) y: Compacted:         -                  -                  -                 0M (0%)     
[2026-04-03T01:59:06.041+0600][19.188s][info][gc,phases   ] GC(31) y: Young Generation 872M(70%)->300M(24%) 0.018s
[2026-04-03T01:59:06.041+0600][19.188s][info][gc          ] GC(31) Minor Collection (Allocation Rate) 872M(70%)->300M(24%) 0.018s
[2026-04-03T01:59:06.186+0600][19.334s][info][gc          ] GC(32) Minor Collection (Allocation Rate)
[2026-04-03T01:59:06.186+0600][19.334s][info][gc,task     ] GC(32) Using 1 Workers for Young Generation
[2026-04-03T01:59:06.186+0600][19.334s][info][gc,phases   ] GC(32) y: Young Generation
[2026-04-03T01:59:06.187+0600][19.334s][info][gc,phases   ] GC(32) y: Pause Mark Start 0.022ms
[2026-04-03T01:59:06.197+0600][19.344s][info][gc,phases   ] GC(32) y: Concurrent Mark 9.936ms
[2026-04-03T01:59:06.197+0600][19.344s][info][gc,phases   ] GC(32) y: Pause Mark End 0.019ms
[2026-04-03T01:59:06.197+0600][19.344s][info][gc,phases   ] GC(32) y: Concurrent Mark Free 0.002ms
[2026-04-03T01:59:06.197+0600][19.344s][info][gc,phases   ] GC(32) y: Concurrent Reset Relocation Set 0.004ms
[2026-04-03T01:59:06.199+0600][19.346s][info][gc,reloc    ] GC(32) y: Using tenuring threshold: 1 (Computed)
[2026-04-03T01:59:06.200+0600][19.347s][info][gc,phases   ] GC(32) y: Concurrent Select Relocation Set 2.743ms
[2026-04-03T01:59:06.200+0600][19.347s][info][gc,phases   ] GC(32) y: Pause Relocate Start 0.010ms
[2026-04-03T01:59:06.201+0600][19.349s][info][gc,phases   ] GC(32) y: Concurrent Relocate 1.315ms
[2026-04-03T01:59:06.201+0600][19.349s][info][gc,alloc    ] GC(32) y:                         Mark Start        Mark End      Relocate Start    Relocate End   
[2026-04-03T01:59:06.201+0600][19.349s][info][gc,alloc    ] GC(32) y: Allocation Stalls:          0                0                0                0         
[2026-04-03T01:59:06.201+0600][19.349s][info][gc,load     ] GC(32) y: Load: 2.24 (19%) / 4.65 (39%) / 6.24 (52%)
[2026-04-03T01:59:06.201+0600][19.349s][info][gc,mmu      ] GC(32) y: MMU: 2ms/94.6%, 5ms/97.8%, 10ms/98.9%, 20ms/99.1%, 50ms/99.6%, 100ms/99.7%
[2026-04-03T01:59:06.201+0600][19.349s][info][gc,marking  ] GC(32) y: Mark: 1 stripe(s), 2 proactive flush(es), 1 terminate flush(es), 0 completion(s), 0 continuation(s) 
[2026-04-03T01:59:06.201+0600][19.349s][info][gc,marking  ] GC(32) y: Mark Stack Usage: 32M
[2026-04-03T01:59:06.201+0600][19.349s][info][gc,nmethod  ] GC(32) y: NMethods: 4894 registered, 839 unregistered
[2026-04-03T01:59:06.201+0600][19.349s][info][gc,metaspace] GC(32) y: Metaspace: 64M used, 65M committed, 1088M reserved
[2026-04-03T01:59:06.201+0600][19.349s][info][gc,reloc    ] GC(32) y:                        Candidates     Selected     In-Place         Size        Empty    Relocated 
[2026-04-03T01:59:06.201+0600][19.349s][info][gc,reloc    ] GC(32) y: Small Pages:                  251            9            0         502M         482M           0M 
[2026-04-03T01:59:06.201+0600][19.349s][info][gc,reloc    ] GC(32) y: Medium Pages:                   0            0            0           0M           0M           0M 
[2026-04-03T01:59:06.201+0600][19.349s][info][gc,reloc    ] GC(32) y: Large Pages:                    0            0            0           0M           0M           0M 
[2026-04-03T01:59:06.202+0600][19.349s][info][gc,reloc    ] GC(32) y: Forwarding Usage: 0M
[2026-04-03T01:59:06.202+0600][19.349s][info][gc,reloc    ] GC(32) y: Age Table:
[2026-04-03T01:59:06.202+0600][19.349s][info][gc,reloc    ] GC(32) y:                    Live             Garbage             Small              Medium             Large        
[2026-04-03T01:59:06.202+0600][19.349s][info][gc,reloc    ] GC(32) y: Eden               0M (0%)          495M (40%)        248 / 6              0 / 0              0 / 0        
[2026-04-03T01:59:06.202+0600][19.349s][info][gc,reloc    ] GC(32) y: Survivor 1         0M (0%)            5M (0%)           3 / 3              0 / 0              0 / 0        
[2026-04-03T01:59:06.202+0600][19.349s][info][gc,heap     ] GC(32) y: Min Capacity: 8M(1%)
[2026-04-03T01:59:06.202+0600][19.349s][info][gc,heap     ] GC(32) y: Max Capacity: 1250M(100%)
[2026-04-03T01:59:06.202+0600][19.349s][info][gc,heap     ] GC(32) y: Soft Max Capacity: 1250M(100%)
[2026-04-03T01:59:06.202+0600][19.349s][info][gc,heap     ] GC(32) y: Heap Statistics:
[2026-04-03T01:59:06.202+0600][19.349s][info][gc,heap     ] GC(32) y:                Mark Start          Mark End        Relocate Start      Relocate End           High               Low         
[2026-04-03T01:59:06.202+0600][19.349s][info][gc,heap     ] GC(32) y:  Capacity:     1202M (96%)        1202M (96%)        1202M (96%)        1202M (96%)        1202M (96%)        1202M (96%)    
[2026-04-03T01:59:06.202+0600][19.349s][info][gc,heap     ] GC(32) y:      Free:      500M (40%)         466M (37%)         940M (75%)         946M (76%)         946M (76%)         466M (37%)    
[2026-04-03T01:59:06.202+0600][19.349s][info][gc,heap     ] GC(32) y:      Used:      750M (60%)         784M (63%)         310M (25%)         304M (24%)         784M (63%)         304M (24%)    
[2026-04-03T01:59:06.202+0600][19.349s][info][gc,heap     ] GC(32) y: Young Generation Statistics:
[2026-04-03T01:59:06.202+0600][19.349s][info][gc,heap     ] GC(32) y:                Mark Start          Mark End        Relocate Start      Relocate End    
[2026-04-03T01:59:06.202+0600][19.349s][info][gc,heap     ] GC(32) y:      Used:      502M (40%)         536M (43%)          62M (5%)           50M (4%)     
[2026-04-03T01:59:06.202+0600][19.349s][info][gc,heap     ] GC(32) y:      Live:         -                 0M (0%)            0M (0%)            0M (0%)     
[2026-04-03T01:59:06.202+0600][19.349s][info][gc,heap     ] GC(32) y:   Garbage:         -               501M (40%)          19M (2%)            0M (0%)     
[2026-04-03T01:59:06.202+0600][19.349s][info][gc,heap     ] GC(32) y: Allocated:         -                34M (3%)           42M (3%)           49M (4%)     
[2026-04-03T01:59:06.202+0600][19.349s][info][gc,heap     ] GC(32) y: Reclaimed:         -                  -               482M (39%)         501M (40%)    
[2026-04-03T01:59:06.202+0600][19.349s][info][gc,heap     ] GC(32) y:  Promoted:         -                  -                 0M (0%)            0M (0%)     
[2026-04-03T01:59:06.202+0600][19.349s][info][gc,heap     ] GC(32) y: Compacted:         -                  -                  -                 0M (0%)     
[2026-04-03T01:59:06.202+0600][19.349s][info][gc,phases   ] GC(32) y: Young Generation 750M(60%)->304M(24%) 0.015s
[2026-04-03T01:59:06.202+0600][19.349s][info][gc          ] GC(32) Minor Collection (Allocation Rate) 750M(60%)->306M(24%) 0.015s
[2026-04-03T01:59:06.295+0600][19.443s][info][gc          ] GC(33) Minor Collection (Allocation Rate)
[2026-04-03T01:59:06.296+0600][19.443s][info][gc,task     ] GC(33) Using 1 Workers for Young Generation
[2026-04-03T01:59:06.296+0600][19.443s][info][gc,phases   ] GC(33) y: Young Generation
[2026-04-03T01:59:06.296+0600][19.443s][info][gc,phases   ] GC(33) y: Pause Mark Start 0.027ms
[2026-04-03T01:59:06.304+0600][19.452s][info][gc,phases   ] GC(33) y: Concurrent Mark 8.457ms
[2026-04-03T01:59:06.304+0600][19.452s][info][gc,phases   ] GC(33) y: Pause Mark End 0.015ms
[2026-04-03T01:59:06.305+0600][19.452s][info][gc,phases   ] GC(33) y: Concurrent Mark Free 0.002ms
[2026-04-03T01:59:06.305+0600][19.452s][info][gc,phases   ] GC(33) y: Concurrent Reset Relocation Set 0.002ms
[2026-04-03T01:59:06.306+0600][19.454s][info][gc,reloc    ] GC(33) y: Using tenuring threshold: 1 (Computed)
[2026-04-03T01:59:06.306+0600][19.454s][info][gc,phases   ] GC(33) y: Concurrent Select Relocation Set 1.741ms
[2026-04-03T01:59:06.306+0600][19.454s][info][gc,phases   ] GC(33) y: Pause Relocate Start 0.009ms
[2026-04-03T01:59:06.307+0600][19.454s][info][gc,phases   ] GC(33) y: Concurrent Relocate 0.162ms
[2026-04-03T01:59:06.307+0600][19.454s][info][gc,alloc    ] GC(33) y:                         Mark Start        Mark End      Relocate Start    Relocate End   
[2026-04-03T01:59:06.307+0600][19.454s][info][gc,alloc    ] GC(33) y: Allocation Stalls:          0                0                0                0         
[2026-04-03T01:59:06.307+0600][19.454s][info][gc,load     ] GC(33) y: Load: 2.24 (19%) / 4.65 (39%) / 6.24 (52%)
[2026-04-03T01:59:06.307+0600][19.454s][info][gc,mmu      ] GC(33) y: MMU: 2ms/94.6%, 5ms/97.8%, 10ms/98.9%, 20ms/99.1%, 50ms/99.6%, 100ms/99.7%
[2026-04-03T01:59:06.307+0600][19.454s][info][gc,marking  ] GC(33) y: Mark: 1 stripe(s), 2 proactive flush(es), 1 terminate flush(es), 0 completion(s), 0 continuation(s) 
[2026-04-03T01:59:06.307+0600][19.454s][info][gc,marking  ] GC(33) y: Mark Stack Usage: 32M
[2026-04-03T01:59:06.307+0600][19.454s][info][gc,nmethod  ] GC(33) y: NMethods: 4894 registered, 839 unregistered
[2026-04-03T01:59:06.307+0600][19.454s][info][gc,metaspace] GC(33) y: Metaspace: 64M used, 65M committed, 1088M reserved
[2026-04-03T01:59:06.307+0600][19.454s][info][gc,reloc    ] GC(33) y:                        Candidates     Selected     In-Place         Size        Empty    Relocated 
[2026-04-03T01:59:06.307+0600][19.454s][info][gc,reloc    ] GC(33) y: Small Pages:                  169            6            0         338M         324M           0M 
[2026-04-03T01:59:06.307+0600][19.454s][info][gc,reloc    ] GC(33) y: Medium Pages:                   0            0            0           0M           0M           0M 
[2026-04-03T01:59:06.307+0600][19.454s][info][gc,reloc    ] GC(33) y: Large Pages:                    0            0            0           0M           0M           0M 
[2026-04-03T01:59:06.307+0600][19.454s][info][gc,reloc    ] GC(33) y: Forwarding Usage: 0M
[2026-04-03T01:59:06.307+0600][19.454s][info][gc,reloc    ] GC(33) y: Age Table:
[2026-04-03T01:59:06.307+0600][19.454s][info][gc,reloc    ] GC(33) y:                    Live             Garbage             Small              Medium             Large        
[2026-04-03T01:59:06.307+0600][19.454s][info][gc,reloc    ] GC(33) y: Eden               0M (0%)          331M (27%)        166 / 6              0 / 0              0 / 0        
[2026-04-03T01:59:06.307+0600][19.454s][info][gc,reloc    ] GC(33) y: Survivor 1          -                 6M (0%)           3 / 0              0 / 0              0 / 0        
[2026-04-03T01:59:06.307+0600][19.454s][info][gc,heap     ] GC(33) y: Min Capacity: 8M(1%)
[2026-04-03T01:59:06.307+0600][19.454s][info][gc,heap     ] GC(33) y: Max Capacity: 1250M(100%)
[2026-04-03T01:59:06.307+0600][19.454s][info][gc,heap     ] GC(33) y: Soft Max Capacity: 1250M(100%)
[2026-04-03T01:59:06.307+0600][19.454s][info][gc,heap     ] GC(33) y: Heap Statistics:
[2026-04-03T01:59:06.307+0600][19.454s][info][gc,heap     ] GC(33) y:                Mark Start          Mark End        Relocate Start      Relocate End           High               Low         
[2026-04-03T01:59:06.307+0600][19.454s][info][gc,heap     ] GC(33) y:  Capacity:     1202M (96%)        1202M (96%)        1202M (96%)        1202M (96%)        1202M (96%)        1202M (96%)    
[2026-04-03T01:59:06.307+0600][19.454s][info][gc,heap     ] GC(33) y:      Free:      658M (53%)         632M (51%)         950M (76%)         958M (77%)         958M (77%)         630M (50%)    
[2026-04-03T01:59:06.307+0600][19.454s][info][gc,heap     ] GC(33) y:      Used:      592M (47%)         618M (49%)         300M (24%)         292M (23%)         620M (50%)         292M (23%)    
[2026-04-03T01:59:06.307+0600][19.454s][info][gc,heap     ] GC(33) y: Young Generation Statistics:
[2026-04-03T01:59:06.307+0600][19.454s][info][gc,heap     ] GC(33) y:                Mark Start          Mark End        Relocate Start      Relocate End    
[2026-04-03T01:59:06.307+0600][19.454s][info][gc,heap     ] GC(33) y:      Used:      338M (27%)         364M (29%)          46M (4%)           38M (3%)     
[2026-04-03T01:59:06.307+0600][19.454s][info][gc,heap     ] GC(33) y:      Live:         -                 0M (0%)            0M (0%)            0M (0%)     
[2026-04-03T01:59:06.307+0600][19.454s][info][gc,heap     ] GC(33) y:   Garbage:         -               337M (27%)          13M (1%)            0M (0%)     
[2026-04-03T01:59:06.307+0600][19.454s][info][gc,heap     ] GC(33) y: Allocated:         -                26M (2%)           32M (3%)           37M (3%)     
[2026-04-03T01:59:06.307+0600][19.454s][info][gc,heap     ] GC(33) y: Reclaimed:         -                  -               324M (26%)         337M (27%)    
[2026-04-03T01:59:06.307+0600][19.454s][info][gc,heap     ] GC(33) y:  Promoted:         -                  -                 0M (0%)            0M (0%)     
[2026-04-03T01:59:06.307+0600][19.454s][info][gc,heap     ] GC(33) y: Compacted:         -                  -                  -                 0M (0%)     
[2026-04-03T01:59:06.307+0600][19.454s][info][gc,phases   ] GC(33) y: Young Generation 592M(47%)->292M(23%) 0.011s
[2026-04-03T01:59:06.307+0600][19.454s][info][gc          ] GC(33) Minor Collection (Allocation Rate) 592M(47%)->294M(24%) 0.011s
[2026-04-03T01:59:06.533+0600][19.681s][info][gc          ] GC(34) Minor Collection (Allocation Rate)
[2026-04-03T01:59:06.533+0600][19.681s][info][gc,task     ] GC(34) Using 1 Workers for Young Generation
[2026-04-03T01:59:06.533+0600][19.681s][info][gc,phases   ] GC(34) y: Young Generation
[2026-04-03T01:59:06.533+0600][19.681s][info][gc,phases   ] GC(34) y: Pause Mark Start 0.019ms
[2026-04-03T01:59:06.542+0600][19.689s][info][gc,phases   ] GC(34) y: Concurrent Mark 8.026ms
[2026-04-03T01:59:06.542+0600][19.689s][info][gc,phases   ] GC(34) y: Pause Mark End 0.019ms
[2026-04-03T01:59:06.542+0600][19.690s][info][gc,phases   ] GC(34) y: Concurrent Mark Free 0.001ms
[2026-04-03T01:59:06.542+0600][19.690s][info][gc,phases   ] GC(34) y: Concurrent Reset Relocation Set 0.002ms
[2026-04-03T01:59:06.546+0600][19.694s][info][gc,reloc    ] GC(34) y: Using tenuring threshold: 1 (Computed)
[2026-04-03T01:59:06.547+0600][19.694s][info][gc,phases   ] GC(34) y: Concurrent Select Relocation Set 4.535ms
[2026-04-03T01:59:06.547+0600][19.694s][info][gc,phases   ] GC(34) y: Pause Relocate Start 0.010ms
[2026-04-03T01:59:06.547+0600][19.695s][info][gc,phases   ] GC(34) y: Concurrent Relocate 0.422ms
[2026-04-03T01:59:06.547+0600][19.695s][info][gc,alloc    ] GC(34) y:                         Mark Start        Mark End      Relocate Start    Relocate End   
[2026-04-03T01:59:06.547+0600][19.695s][info][gc,alloc    ] GC(34) y: Allocation Stalls:          0                0                0                0         
[2026-04-03T01:59:06.547+0600][19.695s][info][gc,load     ] GC(34) y: Load: 2.24 (19%) / 4.65 (39%) / 6.24 (52%)
[2026-04-03T01:59:06.547+0600][19.695s][info][gc,mmu      ] GC(34) y: MMU: 2ms/94.6%, 5ms/97.8%, 10ms/98.9%, 20ms/99.1%, 50ms/99.6%, 100ms/99.7%
[2026-04-03T01:59:06.547+0600][19.695s][info][gc,marking  ] GC(34) y: Mark: 1 stripe(s), 2 proactive flush(es), 1 terminate flush(es), 0 completion(s), 0 continuation(s) 
[2026-04-03T01:59:06.547+0600][19.695s][info][gc,marking  ] GC(34) y: Mark Stack Usage: 32M
[2026-04-03T01:59:06.547+0600][19.695s][info][gc,nmethod  ] GC(34) y: NMethods: 4913 registered, 0 unregistered
[2026-04-03T01:59:06.547+0600][19.695s][info][gc,metaspace] GC(34) y: Metaspace: 64M used, 65M committed, 1088M reserved
[2026-04-03T01:59:06.547+0600][19.695s][info][gc,reloc    ] GC(34) y:                        Candidates     Selected     In-Place         Size        Empty    Relocated 
[2026-04-03T01:59:06.547+0600][19.695s][info][gc,reloc    ] GC(34) y: Small Pages:                  368            8            0         736M         718M           0M 
[2026-04-03T01:59:06.547+0600][19.695s][info][gc,reloc    ] GC(34) y: Medium Pages:                   1            0            0          32M          32M           0M 
[2026-04-03T01:59:06.547+0600][19.695s][info][gc,reloc    ] GC(34) y: Large Pages:                    0            0            0           0M           0M           0M 
[2026-04-03T01:59:06.547+0600][19.695s][info][gc,reloc    ] GC(34) y: Forwarding Usage: 0M
[2026-04-03T01:59:06.547+0600][19.695s][info][gc,reloc    ] GC(34) y: Age Table:
[2026-04-03T01:59:06.547+0600][19.695s][info][gc,reloc    ] GC(34) y:                    Live             Garbage             Small              Medium             Large        
[2026-04-03T01:59:06.547+0600][19.695s][info][gc,reloc    ] GC(34) y: Eden               0M (0%)          761M (61%)        365 / 8              1 / 0              0 / 0        
[2026-04-03T01:59:06.547+0600][19.695s][info][gc,reloc    ] GC(34) y: Survivor 1          -                 6M (0%)           3 / 0              0 / 0              0 / 0        
[2026-04-03T01:59:06.547+0600][19.695s][info][gc,heap     ] GC(34) y: Min Capacity: 8M(1%)
[2026-04-03T01:59:06.547+0600][19.695s][info][gc,heap     ] GC(34) y: Max Capacity: 1250M(100%)
[2026-04-03T01:59:06.547+0600][19.695s][info][gc,heap     ] GC(34) y: Soft Max Capacity: 1250M(100%)
[2026-04-03T01:59:06.547+0600][19.695s][info][gc,heap     ] GC(34) y: Heap Statistics:
[2026-04-03T01:59:06.547+0600][19.695s][info][gc,heap     ] GC(34) y:                Mark Start          Mark End        Relocate Start      Relocate End           High               Low         
[2026-04-03T01:59:06.548+0600][19.695s][info][gc,heap     ] GC(34) y:  Capacity:     1202M (96%)        1202M (96%)        1202M (96%)        1202M (96%)        1202M (96%)        1202M (96%)    
[2026-04-03T01:59:06.548+0600][19.695s][info][gc,heap     ] GC(34) y:      Free:      228M (18%)         206M (16%)         950M (76%)         966M (77%)         966M (77%)         204M (16%)    
[2026-04-03T01:59:06.548+0600][19.695s][info][gc,heap     ] GC(34) y:      Used:     1022M (82%)        1044M (84%)         300M (24%)         284M (23%)        1046M (84%)         284M (23%)    
[2026-04-03T01:59:06.548+0600][19.695s][info][gc,heap     ] GC(34) y: Young Generation Statistics:
[2026-04-03T01:59:06.548+0600][19.695s][info][gc,heap     ] GC(34) y:                Mark Start          Mark End        Relocate Start      Relocate End    
[2026-04-03T01:59:06.548+0600][19.695s][info][gc,heap     ] GC(34) y:      Used:      768M (61%)         790M (63%)          46M (4%)           30M (2%)     
[2026-04-03T01:59:06.548+0600][19.695s][info][gc,heap     ] GC(34) y:      Live:         -                 0M (0%)            0M (0%)            0M (0%)     
[2026-04-03T01:59:06.548+0600][19.695s][info][gc,heap     ] GC(34) y:   Garbage:         -               767M (61%)          17M (1%)            0M (0%)     
[2026-04-03T01:59:06.548+0600][19.695s][info][gc,heap     ] GC(34) y: Allocated:         -                22M (2%)           28M (2%)           29M (2%)     
[2026-04-03T01:59:06.548+0600][19.695s][info][gc,heap     ] GC(34) y: Reclaimed:         -                  -               750M (60%)         767M (61%)    
[2026-04-03T01:59:06.548+0600][19.695s][info][gc,heap     ] GC(34) y:  Promoted:         -                  -                 0M (0%)            0M (0%)     
[2026-04-03T01:59:06.548+0600][19.695s][info][gc,heap     ] GC(34) y: Compacted:         -                  -                  -                 0M (0%)     
[2026-04-03T01:59:06.548+0600][19.695s][info][gc,phases   ] GC(34) y: Young Generation 1022M(82%)->284M(23%) 0.014s
[2026-04-03T01:59:06.548+0600][19.695s][info][gc          ] GC(34) Minor Collection (Allocation Rate) 1022M(82%)->284M(23%) 0.014s
[2026-04-03T01:59:06.585+0600][19.733s][info][gc          ] GC(35) Major Collection (System.gc())
[2026-04-03T01:59:06.585+0600][19.733s][info][gc,task     ] GC(35) Using 3 Workers for Young Generation
[2026-04-03T01:59:06.585+0600][19.733s][info][gc,task     ] GC(35) Using 3 Workers for Old Generation
[2026-04-03T01:59:06.585+0600][19.733s][info][gc,phases   ] GC(35) Y: Young Generation (Promote All)
[2026-04-03T01:59:06.585+0600][19.733s][info][gc,phases   ] GC(35) Y: Pause Mark Start 0.022ms
[2026-04-03T01:59:06.593+0600][19.741s][info][gc,phases   ] GC(35) Y: Concurrent Mark 7.579ms
[2026-04-03T01:59:06.593+0600][19.741s][info][gc,phases   ] GC(35) Y: Pause Mark End 0.024ms
[2026-04-03T01:59:06.593+0600][19.741s][info][gc,phases   ] GC(35) Y: Concurrent Mark Free 0.001ms
[2026-04-03T01:59:06.593+0600][19.741s][info][gc,phases   ] GC(35) Y: Concurrent Reset Relocation Set 0.003ms
[2026-04-03T01:59:06.598+0600][19.745s][info][gc,reloc    ] GC(35) Y: Using tenuring threshold: 0 (Promote All)
[2026-04-03T01:59:06.599+0600][19.746s][info][gc,phases   ] GC(35) Y: Concurrent Select Relocation Set 5.074ms
[2026-04-03T01:59:06.599+0600][19.746s][info][gc,phases   ] GC(35) Y: Pause Relocate Start 0.015ms
[2026-04-03T01:59:06.600+0600][19.747s][info][gc,phases   ] GC(35) Y: Concurrent Relocate 0.781ms
[2026-04-03T01:59:06.600+0600][19.747s][info][gc,alloc    ] GC(35) Y:                         Mark Start        Mark End      Relocate Start    Relocate End   
[2026-04-03T01:59:06.600+0600][19.747s][info][gc,alloc    ] GC(35) Y: Allocation Stalls:          0                0                0                0         
[2026-04-03T01:59:06.600+0600][19.747s][info][gc,load     ] GC(35) Y: Load: 2.24 (19%) / 4.65 (39%) / 6.24 (52%)
[2026-04-03T01:59:06.600+0600][19.747s][info][gc,mmu      ] GC(35) Y: MMU: 2ms/94.6%, 5ms/97.8%, 10ms/98.9%, 20ms/99.1%, 50ms/99.6%, 100ms/99.7%
[2026-04-03T01:59:06.600+0600][19.747s][info][gc,marking  ] GC(35) Y: Mark: 2 stripe(s), 1 proactive flush(es), 1 terminate flush(es), 0 completion(s), 0 continuation(s) 
[2026-04-03T01:59:06.600+0600][19.747s][info][gc,marking  ] GC(35) Y: Mark Stack Usage: 32M
[2026-04-03T01:59:06.600+0600][19.747s][info][gc,nmethod  ] GC(35) Y: NMethods: 5010 registered, 0 unregistered
[2026-04-03T01:59:06.600+0600][19.747s][info][gc,metaspace] GC(35) Y: Metaspace: 64M used, 65M committed, 1088M reserved
[2026-04-03T01:59:06.600+0600][19.747s][info][gc,reloc    ] GC(35) Y:                        Candidates     Selected     In-Place         Size        Empty    Relocated 
[2026-04-03T01:59:06.600+0600][19.747s][info][gc,reloc    ] GC(35) Y: Small Pages:                   19           13            0          38M          10M           0M 
[2026-04-03T01:59:06.600+0600][19.747s][info][gc,reloc    ] GC(35) Y: Medium Pages:                   1            0            0          32M          32M           0M 
[2026-04-03T01:59:06.600+0600][19.747s][info][gc,reloc    ] GC(35) Y: Large Pages:                    1            0            0           6M           6M           0M 
[2026-04-03T01:59:06.600+0600][19.747s][info][gc,reloc    ] GC(35) Y: Forwarding Usage: 0M
[2026-04-03T01:59:06.600+0600][19.747s][info][gc,reloc    ] GC(35) Y: Age Table:
[2026-04-03T01:59:06.600+0600][19.747s][info][gc,reloc    ] GC(35) Y:                    Live             Garbage             Small              Medium             Large        
[2026-04-03T01:59:06.600+0600][19.747s][info][gc,reloc    ] GC(35) Y: Eden               0M (0%)           73M (6%)          18 / 12             1 / 0              1 / 0        
[2026-04-03T01:59:06.600+0600][19.747s][info][gc,reloc    ] GC(35) Y: Survivor 1         0M (0%)            1M (0%)           1 / 1              0 / 0              0 / 0        
[2026-04-03T01:59:06.600+0600][19.747s][info][gc,heap     ] GC(35) Y: Min Capacity: 8M(1%)
[2026-04-03T01:59:06.600+0600][19.747s][info][gc,heap     ] GC(35) Y: Max Capacity: 1250M(100%)
[2026-04-03T01:59:06.600+0600][19.747s][info][gc,heap     ] GC(35) Y: Soft Max Capacity: 1250M(100%)
[2026-04-03T01:59:06.600+0600][19.747s][info][gc,heap     ] GC(35) Y: Heap Statistics:
[2026-04-03T01:59:06.600+0600][19.747s][info][gc,heap     ] GC(35) Y:                Mark Start          Mark End        Relocate Start      Relocate End           High               Low         
[2026-04-03T01:59:06.600+0600][19.747s][info][gc,heap     ] GC(35) Y:  Capacity:     1202M (96%)        1202M (96%)        1202M (96%)        1202M (96%)        1202M (96%)        1202M (96%)    
[2026-04-03T01:59:06.600+0600][19.747s][info][gc,heap     ] GC(35) Y:      Free:      920M (74%)         918M (73%)         966M (77%)         988M (79%)         988M (79%)         918M (73%)    
[2026-04-03T01:59:06.600+0600][19.747s][info][gc,heap     ] GC(35) Y:      Used:      330M (26%)         332M (27%)         284M (23%)         262M (21%)         332M (27%)         262M (21%)    
[2026-04-03T01:59:06.600+0600][19.747s][info][gc,heap     ] GC(35) Y: Young Generation Statistics:
[2026-04-03T01:59:06.600+0600][19.747s][info][gc,heap     ] GC(35) Y:                Mark Start          Mark End        Relocate Start      Relocate End    
[2026-04-03T01:59:06.600+0600][19.747s][info][gc,heap     ] GC(35) Y:      Used:       76M (6%)           78M (6%)           30M (2%)            2M (0%)     
[2026-04-03T01:59:06.600+0600][19.747s][info][gc,heap     ] GC(35) Y:      Live:         -                 0M (0%)            0M (0%)            0M (0%)     
[2026-04-03T01:59:06.600+0600][19.747s][info][gc,heap     ] GC(35) Y:   Garbage:         -                75M (6%)           27M (2%)            0M (0%)     
[2026-04-03T01:59:06.600+0600][19.747s][info][gc,heap     ] GC(35) Y: Allocated:         -                 2M (0%)            2M (0%)            2M (0%)     
[2026-04-03T01:59:06.600+0600][19.747s][info][gc,heap     ] GC(35) Y: Reclaimed:         -                  -                48M (4%)           75M (6%)     
[2026-04-03T01:59:06.600+0600][19.747s][info][gc,heap     ] GC(35) Y:  Promoted:         -                  -                 0M (0%)            0M (0%)     
[2026-04-03T01:59:06.600+0600][19.747s][info][gc,heap     ] GC(35) Y: Compacted:         -                  -                  -                 0M (0%)     
[2026-04-03T01:59:06.600+0600][19.748s][info][gc,phases   ] GC(35) Y: Young Generation (Promote All) 330M(26%)->262M(21%) 0.014s
[2026-04-03T01:59:06.600+0600][19.748s][info][gc,phases   ] GC(35) Y: Young Generation (Collect Roots)
[2026-04-03T01:59:06.600+0600][19.748s][info][gc,phases   ] GC(35) Y: Pause Mark Start (Major) 0.015ms
[2026-04-03T01:59:06.607+0600][19.754s][info][gc,phases   ] GC(35) Y: Concurrent Mark 6.462ms
[2026-04-03T01:59:06.607+0600][19.754s][info][gc,phases   ] GC(35) Y: Pause Mark End 0.021ms
[2026-04-03T01:59:06.607+0600][19.754s][info][gc,phases   ] GC(35) Y: Concurrent Mark Free 0.001ms
[2026-04-03T01:59:06.607+0600][19.754s][info][gc,phases   ] GC(35) Y: Concurrent Reset Relocation Set 0.004ms
[2026-04-03T01:59:06.610+0600][19.758s][info][gc,reloc    ] GC(35) Y: Using tenuring threshold: 1 (Computed)
[2026-04-03T01:59:06.611+0600][19.758s][info][gc,phases   ] GC(35) Y: Concurrent Select Relocation Set 3.596ms
[2026-04-03T01:59:06.611+0600][19.758s][info][gc,phases   ] GC(35) Y: Pause Relocate Start 0.019ms
[2026-04-03T01:59:06.611+0600][19.758s][info][gc,phases   ] GC(35) Y: Concurrent Relocate 0.113ms
[2026-04-03T01:59:06.611+0600][19.759s][info][gc,alloc    ] GC(35) Y:                         Mark Start        Mark End      Relocate Start    Relocate End   
[2026-04-03T01:59:06.611+0600][19.759s][info][gc,alloc    ] GC(35) Y: Allocation Stalls:          0                0                0                0         
[2026-04-03T01:59:06.611+0600][19.759s][info][gc,load     ] GC(35) Y: Load: 2.24 (19%) / 4.65 (39%) / 6.24 (52%)
[2026-04-03T01:59:06.611+0600][19.759s][info][gc,mmu      ] GC(35) Y: MMU: 2ms/94.6%, 5ms/97.8%, 10ms/98.9%, 20ms/99.1%, 50ms/99.6%, 100ms/99.7%
[2026-04-03T01:59:06.611+0600][19.759s][info][gc,marking  ] GC(35) Y: Mark: 2 stripe(s), 1 proactive flush(es), 1 terminate flush(es), 0 completion(s), 0 continuation(s) 
[2026-04-03T01:59:06.611+0600][19.759s][info][gc,marking  ] GC(35) Y: Mark Stack Usage: 32M
[2026-04-03T01:59:06.611+0600][19.759s][info][gc,nmethod  ] GC(35) Y: NMethods: 5010 registered, 0 unregistered
[2026-04-03T01:59:06.611+0600][19.759s][info][gc,metaspace] GC(35) Y: Metaspace: 64M used, 65M committed, 1088M reserved
[2026-04-03T01:59:06.611+0600][19.759s][info][gc,reloc    ] GC(35) Y:                        Candidates     Selected     In-Place         Size        Empty    Relocated 
[2026-04-03T01:59:06.611+0600][19.759s][info][gc,reloc    ] GC(35) Y: Small Pages:                    1            0            0           2M           0M           0M 
[2026-04-03T01:59:06.611+0600][19.759s][info][gc,reloc    ] GC(35) Y: Medium Pages:                   0            0            0           0M           0M           0M 
[2026-04-03T01:59:06.611+0600][19.759s][info][gc,reloc    ] GC(35) Y: Large Pages:                    0            0            0           0M           0M           0M 
[2026-04-03T01:59:06.611+0600][19.759s][info][gc,reloc    ] GC(35) Y: Forwarding Usage: 0M
[2026-04-03T01:59:06.611+0600][19.759s][info][gc,reloc    ] GC(35) Y: Age Table:
[2026-04-03T01:59:06.611+0600][19.759s][info][gc,reloc    ] GC(35) Y:                    Live             Garbage             Small              Medium             Large        
[2026-04-03T01:59:06.611+0600][19.759s][info][gc,reloc    ] GC(35) Y: Eden               0M (0%)            1M (0%)           1 / 0              0 / 0              0 / 0        
[2026-04-03T01:59:06.611+0600][19.759s][info][gc,heap     ] GC(35) Y: Min Capacity: 8M(1%)
[2026-04-03T01:59:06.611+0600][19.759s][info][gc,heap     ] GC(35) Y: Max Capacity: 1250M(100%)
[2026-04-03T01:59:06.611+0600][19.759s][info][gc,heap     ] GC(35) Y: Soft Max Capacity: 1250M(100%)
[2026-04-03T01:59:06.611+0600][19.759s][info][gc,heap     ] GC(35) Y: Heap Statistics:
[2026-04-03T01:59:06.611+0600][19.759s][info][gc,heap     ] GC(35) Y:                Mark Start          Mark End        Relocate Start      Relocate End           High               Low         
[2026-04-03T01:59:06.611+0600][19.759s][info][gc,heap     ] GC(35) Y:  Capacity:     1202M (96%)        1202M (96%)        1202M (96%)        1202M (96%)        1202M (96%)        1202M (96%)    
[2026-04-03T01:59:06.611+0600][19.759s][info][gc,heap     ] GC(35) Y:      Free:      988M (79%)         988M (79%)         988M (79%)         988M (79%)         988M (79%)         988M (79%)    
[2026-04-03T01:59:06.611+0600][19.759s][info][gc,heap     ] GC(35) Y:      Used:      262M (21%)         262M (21%)         262M (21%)         262M (21%)         262M (21%)         262M (21%)    
[2026-04-03T01:59:06.611+0600][19.759s][info][gc,heap     ] GC(35) Y: Young Generation Statistics:
[2026-04-03T01:59:06.611+0600][19.759s][info][gc,heap     ] GC(35) Y:                Mark Start          Mark End        Relocate Start      Relocate End    
[2026-04-03T01:59:06.611+0600][19.759s][info][gc,heap     ] GC(35) Y:      Used:        2M (0%)            2M (0%)            2M (0%)            2M (0%)     
[2026-04-03T01:59:06.611+0600][19.759s][info][gc,heap     ] GC(35) Y:      Live:         -                 0M (0%)            0M (0%)            0M (0%)     
[2026-04-03T01:59:06.611+0600][19.759s][info][gc,heap     ] GC(35) Y:   Garbage:         -                 1M (0%)            1M (0%)            1M (0%)     
[2026-04-03T01:59:06.611+0600][19.759s][info][gc,heap     ] GC(35) Y: Allocated:         -                 0M (0%)            0M (0%)            0M (0%)     
[2026-04-03T01:59:06.611+0600][19.759s][info][gc,heap     ] GC(35) Y: Reclaimed:         -                  -                 0M (0%)            0M (0%)     
[2026-04-03T01:59:06.611+0600][19.759s][info][gc,heap     ] GC(35) Y:  Promoted:         -                  -                 0M (0%)            0M (0%)     
[2026-04-03T01:59:06.611+0600][19.759s][info][gc,heap     ] GC(35) Y: Compacted:         -                  -                  -                 0M (0%)     
[2026-04-03T01:59:06.611+0600][19.759s][info][gc,phases   ] GC(35) Y: Young Generation (Collect Roots) 262M(21%)->262M(21%) 0.011s
[2026-04-03T01:59:06.611+0600][19.759s][info][gc,phases   ] GC(35) O: Old Generation
[2026-04-03T01:59:06.749+0600][19.896s][info][gc,phases   ] GC(35) O: Concurrent Mark 137.355ms
[2026-04-03T01:59:06.749+0600][19.896s][info][gc,phases   ] GC(35) O: Pause Mark End 0.151ms
[2026-04-03T01:59:06.749+0600][19.897s][info][gc,phases   ] GC(35) O: Concurrent Mark Free 0.002ms
[2026-04-03T01:59:06.755+0600][19.902s][info][gc,phases   ] GC(35) O: Concurrent Process Non-Strong 5.311ms
[2026-04-03T01:59:06.755+0600][19.902s][info][gc,phases   ] GC(35) O: Concurrent Reset Relocation Set 0.002ms
[2026-04-03T01:59:06.756+0600][19.904s][info][gc,phases   ] GC(35) O: Concurrent Select Relocation Set 1.570ms
[2026-04-03T01:59:06.756+0600][19.904s][info][gc,task     ] GC(35) O: Using 3 Workers for Old Generation
[2026-04-03T01:59:06.772+0600][19.919s][info][gc,task     ] GC(35) O: Using 3 Workers for Old Generation
[2026-04-03T01:59:06.772+0600][19.919s][info][gc,phases   ] GC(35) O: Concurrent Remap Roots 15.769ms
[2026-04-03T01:59:06.772+0600][19.920s][info][gc,phases   ] GC(35) O: Pause Relocate Start 0.023ms
[2026-04-03T01:59:06.776+0600][19.924s][info][gc,phases   ] GC(35) O: Concurrent Relocate 3.950ms
[2026-04-03T01:59:06.776+0600][19.924s][info][gc,alloc    ] GC(35) O:                         Mark Start        Mark End      Relocate Start    Relocate End   
[2026-04-03T01:59:06.776+0600][19.924s][info][gc,alloc    ] GC(35) O: Allocation Stalls:          0                0                0                0         
[2026-04-03T01:59:06.776+0600][19.924s][info][gc,load     ] GC(35) O: Load: 2.24 (19%) / 4.65 (39%) / 6.24 (52%)
[2026-04-03T01:59:06.776+0600][19.924s][info][gc,mmu      ] GC(35) O: MMU: 2ms/92.5%, 5ms/97.0%, 10ms/98.5%, 20ms/99.1%, 50ms/99.6%, 100ms/99.7%
[2026-04-03T01:59:06.776+0600][19.924s][info][gc,marking  ] GC(35) O: Mark: 2 stripe(s), 2 proactive flush(es), 1 terminate flush(es), 0 completion(s), 0 continuation(s) 
[2026-04-03T01:59:06.776+0600][19.924s][info][gc,marking  ] GC(35) O: Mark Stack Usage: 32M
[2026-04-03T01:59:06.776+0600][19.924s][info][gc,nmethod  ] GC(35) O: NMethods: 4994 registered, 44 unregistered
[2026-04-03T01:59:06.776+0600][19.924s][info][gc,metaspace] GC(35) O: Metaspace: 64M used, 65M committed, 1088M reserved
[2026-04-03T01:59:06.776+0600][19.924s][info][gc,ref      ] GC(35) O:                       Encountered   Discovered     Enqueued 
[2026-04-03T01:59:06.776+0600][19.924s][info][gc,ref      ] GC(35) O: Soft References:             4785            0            0 
[2026-04-03T01:59:06.776+0600][19.924s][info][gc,ref      ] GC(35) O: Weak References:             5995         3898          279 
[2026-04-03T01:59:06.776+0600][19.924s][info][gc,ref      ] GC(35) O: Final References:              82           66            0 
[2026-04-03T01:59:06.776+0600][19.924s][info][gc,ref      ] GC(35) O: Phantom References:           595          334            0 
[2026-04-03T01:59:06.776+0600][19.924s][info][gc,reloc    ] GC(35) O:                        Candidates     Selected     In-Place         Size        Empty    Relocated 
[2026-04-03T01:59:06.776+0600][19.924s][info][gc,reloc    ] GC(35) O: Small Pages:                  108            8            0         216M           4M           1M 
[2026-04-03T01:59:06.776+0600][19.924s][info][gc,reloc    ] GC(35) O: Medium Pages:                   1            0            0          32M           0M           0M 
[2026-04-03T01:59:06.776+0600][19.924s][info][gc,reloc    ] GC(35) O: Large Pages:                    2            0            0          12M           0M           0M 
[2026-04-03T01:59:06.776+0600][19.924s][info][gc,reloc    ] GC(35) O: Forwarding Usage: 1M
[2026-04-03T01:59:06.776+0600][19.924s][info][gc,heap     ] GC(35) O: Min Capacity: 8M(1%)
[2026-04-03T01:59:06.776+0600][19.924s][info][gc,heap     ] GC(35) O: Max Capacity: 1250M(100%)
[2026-04-03T01:59:06.776+0600][19.924s][info][gc,heap     ] GC(35) O: Soft Max Capacity: 1250M(100%)
[2026-04-03T01:59:06.777+0600][19.924s][info][gc,heap     ] GC(35) O: Heap Statistics:
[2026-04-03T01:59:06.777+0600][19.924s][info][gc,heap     ] GC(35) O:                Mark Start          Mark End        Relocate Start      Relocate End           High               Low         
[2026-04-03T01:59:06.777+0600][19.924s][info][gc,heap     ] GC(35) O:  Capacity:     1202M (96%)        1202M (96%)        1202M (96%)        1202M (96%)        1202M (96%)        1202M (96%)    
[2026-04-03T01:59:06.777+0600][19.924s][info][gc,heap     ] GC(35) O:      Free:      988M (79%)         986M (79%)         976M (78%)         990M (79%)         990M (79%)         970M (78%)    
[2026-04-03T01:59:06.777+0600][19.924s][info][gc,heap     ] GC(35) O:      Used:      262M (21%)         264M (21%)         274M (22%)         260M (21%)         280M (22%)         260M (21%)    
[2026-04-03T01:59:06.777+0600][19.924s][info][gc,heap     ] GC(35) O: Old Generation Statistics:
[2026-04-03T01:59:06.777+0600][19.924s][info][gc,heap     ] GC(35) O:                Mark Start          Mark End        Relocate Start      Relocate End    
[2026-04-03T01:59:06.777+0600][19.924s][info][gc,heap     ] GC(35) O:      Used:      260M (21%)         260M (21%)         256M (20%)         242M (19%)    
[2026-04-03T01:59:06.777+0600][19.924s][info][gc,heap     ] GC(35) O:      Live:         -               207M (17%)         207M (17%)         207M (17%)    
[2026-04-03T01:59:06.777+0600][19.924s][info][gc,heap     ] GC(35) O:   Garbage:         -                52M (4%)           48M (4%)           31M (2%)     
[2026-04-03T01:59:06.777+0600][19.924s][info][gc,heap     ] GC(35) O: Allocated:         -                 0M (0%)            0M (0%)            2M (0%)     
[2026-04-03T01:59:06.777+0600][19.924s][info][gc,heap     ] GC(35) O: Reclaimed:         -                  -                 4M (0%)           20M (2%)     
[2026-04-03T01:59:06.777+0600][19.924s][info][gc,heap     ] GC(35) O: Compacted:         -                  -                  -                 3M (0%)     
[2026-04-03T01:59:06.777+0600][19.924s][info][gc,phases   ] GC(35) O: Old Generation 262M(21%)->260M(21%) 0.165s
[2026-04-03T01:59:06.777+0600][19.924s][info][gc          ] GC(35) Major Collection (System.gc()) 330M(26%)->260M(21%) 0.191s
[2026-04-03T01:59:07.086+0600][20.234s][info][gc          ] GC(36) Minor Collection (Allocation Rate)
[2026-04-03T01:59:07.086+0600][20.234s][info][gc,task     ] GC(36) Using 1 Workers for Young Generation
[2026-04-03T01:59:07.086+0600][20.234s][info][gc,phases   ] GC(36) y: Young Generation
[2026-04-03T01:59:07.087+0600][20.234s][info][gc,phases   ] GC(36) y: Pause Mark Start 0.019ms
[2026-04-03T01:59:07.124+0600][20.272s][info][gc,phases   ] GC(36) y: Concurrent Mark 14.208ms
[2026-04-03T01:59:07.124+0600][20.272s][info][gc,phases   ] GC(36) y: Pause Mark End 0.024ms
[2026-04-03T01:59:07.125+0600][20.272s][info][gc,phases   ] GC(36) y: Concurrent Mark Free 0.002ms
[2026-04-03T01:59:07.125+0600][20.272s][info][gc,phases   ] GC(36) y: Concurrent Reset Relocation Set 0.001ms
[2026-04-03T01:59:07.128+0600][20.275s][info][gc,reloc    ] GC(36) y: Using tenuring threshold: 1 (Computed)
[2026-04-03T01:59:07.128+0600][20.276s][info][gc,phases   ] GC(36) y: Concurrent Select Relocation Set 3.871ms
[2026-04-03T01:59:07.129+0600][20.276s][info][gc,phases   ] GC(36) y: Pause Relocate Start 0.019ms
[2026-04-03T01:59:07.130+0600][20.278s][info][gc,phases   ] GC(36) y: Concurrent Relocate 1.087ms
[2026-04-03T01:59:07.130+0600][20.278s][info][gc,alloc    ] GC(36) y:                         Mark Start        Mark End      Relocate Start    Relocate End   
[2026-04-03T01:59:07.130+0600][20.278s][info][gc,alloc    ] GC(36) y: Allocation Stalls:          0                0                0                0         
[2026-04-03T01:59:07.130+0600][20.278s][info][gc,load     ] GC(36) y: Load: 2.24 (19%) / 4.65 (39%) / 6.24 (52%)
[2026-04-03T01:59:07.130+0600][20.278s][info][gc,mmu      ] GC(36) y: MMU: 2ms/92.5%, 5ms/97.0%, 10ms/98.5%, 20ms/99.1%, 50ms/99.6%, 100ms/99.7%
[2026-04-03T01:59:07.130+0600][20.278s][info][gc,marking  ] GC(36) y: Mark: 1 stripe(s), 2 proactive flush(es), 1 terminate flush(es), 0 completion(s), 0 continuation(s) 
[2026-04-03T01:59:07.130+0600][20.278s][info][gc,marking  ] GC(36) y: Mark Stack Usage: 32M
[2026-04-03T01:59:07.130+0600][20.278s][info][gc,nmethod  ] GC(36) y: NMethods: 5103 registered, 44 unregistered
[2026-04-03T01:59:07.130+0600][20.278s][info][gc,metaspace] GC(36) y: Metaspace: 64M used, 65M committed, 1088M reserved
[2026-04-03T01:59:07.130+0600][20.278s][info][gc,reloc    ] GC(36) y:                        Candidates     Selected     In-Place         Size        Empty    Relocated 
[2026-04-03T01:59:07.130+0600][20.278s][info][gc,reloc    ] GC(36) y: Small Pages:                  354           21            0         708M         664M           0M 
[2026-04-03T01:59:07.130+0600][20.278s][info][gc,reloc    ] GC(36) y: Medium Pages:                   1            0            0          32M          32M           0M 
[2026-04-03T01:59:07.130+0600][20.278s][info][gc,reloc    ] GC(36) y: Large Pages:                    2            0            0          12M          12M           0M 
[2026-04-03T01:59:07.130+0600][20.278s][info][gc,reloc    ] GC(36) y: Forwarding Usage: 0M
[2026-04-03T01:59:07.130+0600][20.278s][info][gc,reloc    ] GC(36) y: Age Table:
[2026-04-03T01:59:07.130+0600][20.278s][info][gc,reloc    ] GC(36) y:                    Live             Garbage             Small              Medium             Large        
[2026-04-03T01:59:07.130+0600][20.278s][info][gc,reloc    ] GC(36) y: Eden               0M (0%)          749M (60%)        353 / 21             1 / 0              2 / 0        
[2026-04-03T01:59:07.130+0600][20.278s][info][gc,reloc    ] GC(36) y: Survivor 1          -                 2M (0%)           1 / 0              0 / 0              0 / 0        
[2026-04-03T01:59:07.130+0600][20.278s][info][gc,heap     ] GC(36) y: Min Capacity: 8M(1%)
[2026-04-03T01:59:07.130+0600][20.278s][info][gc,heap     ] GC(36) y: Max Capacity: 1250M(100%)
[2026-04-03T01:59:07.130+0600][20.278s][info][gc,heap     ] GC(36) y: Soft Max Capacity: 1250M(100%)
[2026-04-03T01:59:07.130+0600][20.278s][info][gc,heap     ] GC(36) y: Heap Statistics:
[2026-04-03T01:59:07.130+0600][20.278s][info][gc,heap     ] GC(36) y:                Mark Start          Mark End        Relocate Start      Relocate End           High               Low         
[2026-04-03T01:59:07.130+0600][20.278s][info][gc,heap     ] GC(36) y:  Capacity:     1202M (96%)        1202M (96%)        1202M (96%)        1202M (96%)        1202M (96%)        1202M (96%)    
[2026-04-03T01:59:07.130+0600][20.278s][info][gc,heap     ] GC(36) y:      Free:      256M (20%)         228M (18%)         926M (74%)         960M (77%)         964M (77%)         228M (18%)    
[2026-04-03T01:59:07.130+0600][20.278s][info][gc,heap     ] GC(36) y:      Used:      994M (80%)        1022M (82%)         324M (26%)         290M (23%)        1022M (82%)         286M (23%)    
[2026-04-03T01:59:07.130+0600][20.278s][info][gc,heap     ] GC(36) y: Young Generation Statistics:
[2026-04-03T01:59:07.130+0600][20.278s][info][gc,heap     ] GC(36) y:                Mark Start          Mark End        Relocate Start      Relocate End    
[2026-04-03T01:59:07.130+0600][20.278s][info][gc,heap     ] GC(36) y:      Used:      752M (60%)         780M (62%)          82M (7%)           48M (4%)     
[2026-04-03T01:59:07.130+0600][20.278s][info][gc,heap     ] GC(36) y:      Live:         -                 0M (0%)            0M (0%)            0M (0%)     
[2026-04-03T01:59:07.130+0600][20.278s][info][gc,heap     ] GC(36) y:   Garbage:         -               751M (60%)          43M (3%)            0M (0%)     
[2026-04-03T01:59:07.130+0600][20.278s][info][gc,heap     ] GC(36) y: Allocated:         -                28M (2%)           38M (3%)           47M (4%)     
[2026-04-03T01:59:07.130+0600][20.278s][info][gc,heap     ] GC(36) y: Reclaimed:         -                  -               708M (57%)         751M (60%)    
[2026-04-03T01:59:07.130+0600][20.278s][info][gc,heap     ] GC(36) y:  Promoted:         -                  -                 0M (0%)            0M (0%)     
[2026-04-03T01:59:07.130+0600][20.278s][info][gc,heap     ] GC(36) y: Compacted:         -                  -                  -                 0M (0%)     
[2026-04-03T01:59:07.130+0600][20.278s][info][gc,phases   ] GC(36) y: Young Generation 994M(80%)->290M(23%) 0.044s
[2026-04-03T01:59:07.130+0600][20.278s][info][gc          ] GC(36) Minor Collection (Allocation Rate) 994M(80%)->290M(23%) 0.044s
[2026-04-03T01:59:07.257+0600][20.404s][info][gc          ] GC(37) Minor Collection (Allocation Rate)
[2026-04-03T01:59:07.257+0600][20.404s][info][gc,task     ] GC(37) Using 1 Workers for Young Generation
[2026-04-03T01:59:07.257+0600][20.404s][info][gc,phases   ] GC(37) y: Young Generation
[2026-04-03T01:59:07.257+0600][20.405s][info][gc,phases   ] GC(37) y: Pause Mark Start 0.017ms
[2026-04-03T01:59:07.267+0600][20.415s][info][gc,phases   ] GC(37) y: Concurrent Mark 10.254ms
[2026-04-03T01:59:07.268+0600][20.415s][info][gc,phases   ] GC(37) y: Pause Mark End 0.015ms
[2026-04-03T01:59:07.268+0600][20.415s][info][gc,phases   ] GC(37) y: Concurrent Mark Free 0.001ms
[2026-04-03T01:59:07.268+0600][20.415s][info][gc,phases   ] GC(37) y: Concurrent Reset Relocation Set 0.006ms
[2026-04-03T01:59:07.269+0600][20.417s][info][gc,reloc    ] GC(37) y: Using tenuring threshold: 1 (Computed)
[2026-04-03T01:59:07.270+0600][20.418s][info][gc,phases   ] GC(37) y: Concurrent Select Relocation Set 2.472ms
[2026-04-03T01:59:07.270+0600][20.418s][info][gc,phases   ] GC(37) y: Pause Relocate Start 0.010ms
[2026-04-03T01:59:07.272+0600][20.419s][info][gc,phases   ] GC(37) y: Concurrent Relocate 1.635ms
[2026-04-03T01:59:07.272+0600][20.419s][info][gc,alloc    ] GC(37) y:                         Mark Start        Mark End      Relocate Start    Relocate End   
[2026-04-03T01:59:07.272+0600][20.419s][info][gc,alloc    ] GC(37) y: Allocation Stalls:          0                0                0                0         
[2026-04-03T01:59:07.272+0600][20.420s][info][gc,load     ] GC(37) y: Load: 2.24 (19%) / 4.65 (39%) / 6.24 (52%)
[2026-04-03T01:59:07.272+0600][20.420s][info][gc,mmu      ] GC(37) y: MMU: 2ms/92.5%, 5ms/97.0%, 10ms/98.5%, 20ms/99.1%, 50ms/99.6%, 100ms/99.7%
[2026-04-03T01:59:07.272+0600][20.420s][info][gc,marking  ] GC(37) y: Mark: 1 stripe(s), 2 proactive flush(es), 1 terminate flush(es), 0 completion(s), 0 continuation(s) 
[2026-04-03T01:59:07.272+0600][20.420s][info][gc,marking  ] GC(37) y: Mark Stack Usage: 32M
[2026-04-03T01:59:07.272+0600][20.420s][info][gc,nmethod  ] GC(37) y: NMethods: 5103 registered, 44 unregistered
[2026-04-03T01:59:07.272+0600][20.420s][info][gc,metaspace] GC(37) y: Metaspace: 64M used, 65M committed, 1088M reserved
[2026-04-03T01:59:07.272+0600][20.420s][info][gc,reloc    ] GC(37) y:                        Candidates     Selected     In-Place         Size        Empty    Relocated 
[2026-04-03T01:59:07.272+0600][20.420s][info][gc,reloc    ] GC(37) y: Small Pages:                  217            9            0         434M         414M           0M 
[2026-04-03T01:59:07.272+0600][20.420s][info][gc,reloc    ] GC(37) y: Medium Pages:                   0            0            0           0M           0M           0M 
[2026-04-03T01:59:07.272+0600][20.420s][info][gc,reloc    ] GC(37) y: Large Pages:                    0            0            0           0M           0M           0M 
[2026-04-03T01:59:07.272+0600][20.420s][info][gc,reloc    ] GC(37) y: Forwarding Usage: 0M
[2026-04-03T01:59:07.272+0600][20.420s][info][gc,reloc    ] GC(37) y: Age Table:
[2026-04-03T01:59:07.272+0600][20.420s][info][gc,reloc    ] GC(37) y:                    Live             Garbage             Small              Medium             Large        
[2026-04-03T01:59:07.272+0600][20.420s][info][gc,reloc    ] GC(37) y: Eden               0M (0%)          427M (34%)        214 / 6              0 / 0              0 / 0        
[2026-04-03T01:59:07.272+0600][20.420s][info][gc,reloc    ] GC(37) y: Survivor 1         0M (0%)            5M (0%)           3 / 3              0 / 0              0 / 0        
[2026-04-03T01:59:07.272+0600][20.420s][info][gc,heap     ] GC(37) y: Min Capacity: 8M(1%)
[2026-04-03T01:59:07.272+0600][20.420s][info][gc,heap     ] GC(37) y: Max Capacity: 1250M(100%)
[2026-04-03T01:59:07.272+0600][20.420s][info][gc,heap     ] GC(37) y: Soft Max Capacity: 1250M(100%)
[2026-04-03T01:59:07.272+0600][20.420s][info][gc,heap     ] GC(37) y: Heap Statistics:
[2026-04-03T01:59:07.272+0600][20.420s][info][gc,heap     ] GC(37) y:                Mark Start          Mark End        Relocate Start      Relocate End           High               Low         
[2026-04-03T01:59:07.272+0600][20.420s][info][gc,heap     ] GC(37) y:  Capacity:     1202M (96%)        1202M (96%)        1202M (96%)        1202M (96%)        1202M (96%)        1202M (96%)    
[2026-04-03T01:59:07.272+0600][20.420s][info][gc,heap     ] GC(37) y:      Free:      574M (46%)         542M (43%)         948M (76%)         954M (76%)         960M (77%)         542M (43%)    
[2026-04-03T01:59:07.272+0600][20.420s][info][gc,heap     ] GC(37) y:      Used:      676M (54%)         708M (57%)         302M (24%)         296M (24%)         708M (57%)         290M (23%)    
[2026-04-03T01:59:07.272+0600][20.420s][info][gc,heap     ] GC(37) y: Young Generation Statistics:
[2026-04-03T01:59:07.272+0600][20.420s][info][gc,heap     ] GC(37) y:                Mark Start          Mark End        Relocate Start      Relocate End    
[2026-04-03T01:59:07.272+0600][20.420s][info][gc,heap     ] GC(37) y:      Used:      434M (35%)         466M (37%)          60M (5%)           48M (4%)     
[2026-04-03T01:59:07.272+0600][20.420s][info][gc,heap     ] GC(37) y:      Live:         -                 0M (0%)            0M (0%)            0M (0%)     
[2026-04-03T01:59:07.272+0600][20.420s][info][gc,heap     ] GC(37) y:   Garbage:         -               433M (35%)          19M (2%)            0M (0%)     
[2026-04-03T01:59:07.272+0600][20.420s][info][gc,heap     ] GC(37) y: Allocated:         -                32M (3%)           40M (3%)           47M (4%)     
[2026-04-03T01:59:07.272+0600][20.420s][info][gc,heap     ] GC(37) y: Reclaimed:         -                  -               414M (33%)         433M (35%)    
[2026-04-03T01:59:07.272+0600][20.420s][info][gc,heap     ] GC(37) y:  Promoted:         -                  -                 0M (0%)            0M (0%)     
[2026-04-03T01:59:07.272+0600][20.420s][info][gc,heap     ] GC(37) y: Compacted:         -                  -                  -                 0M (0%)     
[2026-04-03T01:59:07.272+0600][20.420s][info][gc,phases   ] GC(37) y: Young Generation 676M(54%)->296M(24%) 0.015s
[2026-04-03T01:59:07.272+0600][20.420s][info][gc          ] GC(37) Minor Collection (Allocation Rate) 676M(54%)->296M(24%) 0.015s
[2026-04-03T01:59:07.369+0600][20.516s][info][gc          ] GC(38) Minor Collection (Allocation Rate)
[2026-04-03T01:59:07.369+0600][20.517s][info][gc,task     ] GC(38) Using 1 Workers for Young Generation
[2026-04-03T01:59:07.369+0600][20.517s][info][gc,phases   ] GC(38) y: Young Generation
[2026-04-03T01:59:07.369+0600][20.517s][info][gc,phases   ] GC(38) y: Pause Mark Start 0.011ms
[2026-04-03T01:59:07.378+0600][20.526s][info][gc,phases   ] GC(38) y: Concurrent Mark 9.027ms
[2026-04-03T01:59:07.378+0600][20.526s][info][gc,phases   ] GC(38) y: Pause Mark End 0.014ms
[2026-04-03T01:59:07.378+0600][20.526s][info][gc,phases   ] GC(38) y: Concurrent Mark Free 0.002ms
[2026-04-03T01:59:07.378+0600][20.526s][info][gc,phases   ] GC(38) y: Concurrent Reset Relocation Set 0.002ms
[2026-04-03T01:59:07.380+0600][20.527s][info][gc,reloc    ] GC(38) y: Using tenuring threshold: 1 (Computed)
[2026-04-03T01:59:07.380+0600][20.528s][info][gc,phases   ] GC(38) y: Concurrent Select Relocation Set 1.944ms
[2026-04-03T01:59:07.381+0600][20.528s][info][gc,phases   ] GC(38) y: Pause Relocate Start 0.013ms
[2026-04-03T01:59:07.381+0600][20.529s][info][gc,phases   ] GC(38) y: Concurrent Relocate 0.284ms
[2026-04-03T01:59:07.381+0600][20.529s][info][gc,alloc    ] GC(38) y:                         Mark Start        Mark End      Relocate Start    Relocate End   
[2026-04-03T01:59:07.381+0600][20.529s][info][gc,alloc    ] GC(38) y: Allocation Stalls:          0                0                0                0         
[2026-04-03T01:59:07.381+0600][20.529s][info][gc,load     ] GC(38) y: Load: 2.24 (19%) / 4.65 (39%) / 6.24 (52%)
[2026-04-03T01:59:07.381+0600][20.529s][info][gc,mmu      ] GC(38) y: MMU: 2ms/92.5%, 5ms/97.0%, 10ms/98.5%, 20ms/99.1%, 50ms/99.6%, 100ms/99.7%
[2026-04-03T01:59:07.381+0600][20.529s][info][gc,marking  ] GC(38) y: Mark: 1 stripe(s), 2 proactive flush(es), 1 terminate flush(es), 0 completion(s), 0 continuation(s) 
[2026-04-03T01:59:07.381+0600][20.529s][info][gc,marking  ] GC(38) y: Mark Stack Usage: 32M
[2026-04-03T01:59:07.381+0600][20.529s][info][gc,nmethod  ] GC(38) y: NMethods: 5103 registered, 44 unregistered
[2026-04-03T01:59:07.381+0600][20.529s][info][gc,metaspace] GC(38) y: Metaspace: 64M used, 65M committed, 1088M reserved
[2026-04-03T01:59:07.381+0600][20.529s][info][gc,reloc    ] GC(38) y:                        Candidates     Selected     In-Place         Size        Empty    Relocated 
[2026-04-03T01:59:07.381+0600][20.529s][info][gc,reloc    ] GC(38) y: Small Pages:                  173            7            0         346M         330M           0M 
[2026-04-03T01:59:07.381+0600][20.529s][info][gc,reloc    ] GC(38) y: Medium Pages:                   0            0            0           0M           0M           0M 
[2026-04-03T01:59:07.381+0600][20.529s][info][gc,reloc    ] GC(38) y: Large Pages:                    0            0            0           0M           0M           0M 
[2026-04-03T01:59:07.381+0600][20.529s][info][gc,reloc    ] GC(38) y: Forwarding Usage: 0M
[2026-04-03T01:59:07.381+0600][20.529s][info][gc,reloc    ] GC(38) y: Age Table:
[2026-04-03T01:59:07.381+0600][20.529s][info][gc,reloc    ] GC(38) y:                    Live             Garbage             Small              Medium             Large        
[2026-04-03T01:59:07.381+0600][20.529s][info][gc,reloc    ] GC(38) y: Eden               0M (0%)          343M (28%)        172 / 7              0 / 0              0 / 0        
[2026-04-03T01:59:07.381+0600][20.529s][info][gc,reloc    ] GC(38) y: Survivor 1          -                 2M (0%)           1 / 0              0 / 0              0 / 0        
[2026-04-03T01:59:07.381+0600][20.529s][info][gc,heap     ] GC(38) y: Min Capacity: 8M(1%)
[2026-04-03T01:59:07.381+0600][20.529s][info][gc,heap     ] GC(38) y: Max Capacity: 1250M(100%)
[2026-04-03T01:59:07.381+0600][20.529s][info][gc,heap     ] GC(38) y: Soft Max Capacity: 1250M(100%)
[2026-04-03T01:59:07.381+0600][20.529s][info][gc,heap     ] GC(38) y: Heap Statistics:
[2026-04-03T01:59:07.381+0600][20.529s][info][gc,heap     ] GC(38) y:                Mark Start          Mark End        Relocate Start      Relocate End           High               Low         
[2026-04-03T01:59:07.381+0600][20.529s][info][gc,heap     ] GC(38) y:  Capacity:     1202M (96%)        1202M (96%)        1202M (96%)        1202M (96%)        1202M (96%)        1202M (96%)    
[2026-04-03T01:59:07.381+0600][20.529s][info][gc,heap     ] GC(38) y:      Free:      656M (52%)         626M (50%)         950M (76%)         960M (77%)         960M (77%)         626M (50%)    
[2026-04-03T01:59:07.381+0600][20.529s][info][gc,heap     ] GC(38) y:      Used:      594M (48%)         624M (50%)         300M (24%)         290M (23%)         624M (50%)         290M (23%)    
[2026-04-03T01:59:07.381+0600][20.529s][info][gc,heap     ] GC(38) y: Young Generation Statistics:
[2026-04-03T01:59:07.381+0600][20.529s][info][gc,heap     ] GC(38) y:                Mark Start          Mark End        Relocate Start      Relocate End    
[2026-04-03T01:59:07.381+0600][20.529s][info][gc,heap     ] GC(38) y:      Used:      346M (28%)         376M (30%)          52M (4%)           42M (3%)     
[2026-04-03T01:59:07.381+0600][20.529s][info][gc,heap     ] GC(38) y:      Live:         -                 0M (0%)            0M (0%)            0M (0%)     
[2026-04-03T01:59:07.381+0600][20.529s][info][gc,heap     ] GC(38) y:   Garbage:         -               345M (28%)          15M (1%)            0M (0%)     
[2026-04-03T01:59:07.381+0600][20.529s][info][gc,heap     ] GC(38) y: Allocated:         -                30M (2%)           36M (3%)           41M (3%)     
[2026-04-03T01:59:07.381+0600][20.529s][info][gc,heap     ] GC(38) y: Reclaimed:         -                  -               330M (26%)         345M (28%)    
[2026-04-03T01:59:07.381+0600][20.529s][info][gc,heap     ] GC(38) y:  Promoted:         -                  -                 0M (0%)            0M (0%)     
[2026-04-03T01:59:07.381+0600][20.529s][info][gc,heap     ] GC(38) y: Compacted:         -                  -                  -                 0M (0%)     
[2026-04-03T01:59:07.381+0600][20.529s][info][gc,phases   ] GC(38) y: Young Generation 594M(48%)->290M(23%) 0.012s
[2026-04-03T01:59:07.381+0600][20.529s][info][gc          ] GC(38) Minor Collection (Allocation Rate) 594M(48%)->292M(23%) 0.012s
[2026-04-03T01:59:07.586+0600][20.733s][info][gc          ] GC(39) Minor Collection (Allocation Rate)
[2026-04-03T01:59:07.586+0600][20.733s][info][gc,task     ] GC(39) Using 1 Workers for Young Generation
[2026-04-03T01:59:07.586+0600][20.734s][info][gc,phases   ] GC(39) y: Young Generation
[2026-04-03T01:59:07.586+0600][20.734s][info][gc,phases   ] GC(39) y: Pause Mark Start 0.051ms
[2026-04-03T01:59:07.595+0600][20.743s][info][gc,phases   ] GC(39) y: Concurrent Mark 9.033ms
[2026-04-03T01:59:07.596+0600][20.743s][info][gc,phases   ] GC(39) y: Pause Mark End 0.018ms
[2026-04-03T01:59:07.596+0600][20.743s][info][gc,phases   ] GC(39) y: Concurrent Mark Free 0.001ms
[2026-04-03T01:59:07.596+0600][20.743s][info][gc,phases   ] GC(39) y: Concurrent Reset Relocation Set 0.002ms
[2026-04-03T01:59:07.600+0600][20.748s][info][gc,reloc    ] GC(39) y: Using tenuring threshold: 2 (Computed)
[2026-04-03T01:59:07.601+0600][20.748s][info][gc,phases   ] GC(39) y: Concurrent Select Relocation Set 4.820ms
[2026-04-03T01:59:07.601+0600][20.748s][info][gc,phases   ] GC(39) y: Pause Relocate Start 0.016ms
[2026-04-03T01:59:07.601+0600][20.749s][info][gc,phases   ] GC(39) y: Concurrent Relocate 0.317ms
[2026-04-03T01:59:07.601+0600][20.749s][info][gc,alloc    ] GC(39) y:                         Mark Start        Mark End      Relocate Start    Relocate End   
[2026-04-03T01:59:07.601+0600][20.749s][info][gc,alloc    ] GC(39) y: Allocation Stalls:          0                0                0                0         
[2026-04-03T01:59:07.601+0600][20.749s][info][gc,load     ] GC(39) y: Load: 2.24 (19%) / 4.65 (39%) / 6.24 (52%)
[2026-04-03T01:59:07.601+0600][20.749s][info][gc,mmu      ] GC(39) y: MMU: 2ms/92.5%, 5ms/97.0%, 10ms/98.5%, 20ms/99.1%, 50ms/99.6%, 100ms/99.7%
[2026-04-03T01:59:07.601+0600][20.749s][info][gc,marking  ] GC(39) y: Mark: 1 stripe(s), 2 proactive flush(es), 1 terminate flush(es), 0 completion(s), 0 continuation(s) 
[2026-04-03T01:59:07.601+0600][20.749s][info][gc,marking  ] GC(39) y: Mark Stack Usage: 32M
[2026-04-03T01:59:07.601+0600][20.749s][info][gc,nmethod  ] GC(39) y: NMethods: 5122 registered, 44 unregistered
[2026-04-03T01:59:07.601+0600][20.749s][info][gc,metaspace] GC(39) y: Metaspace: 64M used, 65M committed, 1088M reserved
[2026-04-03T01:59:07.601+0600][20.749s][info][gc,reloc    ] GC(39) y:                        Candidates     Selected     In-Place         Size        Empty    Relocated 
[2026-04-03T01:59:07.601+0600][20.749s][info][gc,reloc    ] GC(39) y: Small Pages:                  331            7            0         662M         646M           0M 
[2026-04-03T01:59:07.601+0600][20.749s][info][gc,reloc    ] GC(39) y: Medium Pages:                   0            0            0           0M           0M           0M 
[2026-04-03T01:59:07.601+0600][20.749s][info][gc,reloc    ] GC(39) y: Large Pages:                    0            0            0           0M           0M           0M 
[2026-04-03T01:59:07.601+0600][20.749s][info][gc,reloc    ] GC(39) y: Forwarding Usage: 0M
[2026-04-03T01:59:07.601+0600][20.749s][info][gc,reloc    ] GC(39) y: Age Table:
[2026-04-03T01:59:07.601+0600][20.749s][info][gc,reloc    ] GC(39) y:                    Live             Garbage             Small              Medium             Large        
[2026-04-03T01:59:07.601+0600][20.749s][info][gc,reloc    ] GC(39) y: Eden               0M (0%)          655M (52%)        328 / 6              0 / 0              0 / 0        
[2026-04-03T01:59:07.601+0600][20.749s][info][gc,reloc    ] GC(39) y: Survivor 1         0M (0%)            5M (0%)           3 / 1              0 / 0              0 / 0        
[2026-04-03T01:59:07.601+0600][20.749s][info][gc,heap     ] GC(39) y: Min Capacity: 8M(1%)
[2026-04-03T01:59:07.601+0600][20.749s][info][gc,heap     ] GC(39) y: Max Capacity: 1250M(100%)
[2026-04-03T01:59:07.601+0600][20.749s][info][gc,heap     ] GC(39) y: Soft Max Capacity: 1250M(100%)
[2026-04-03T01:59:07.601+0600][20.749s][info][gc,heap     ] GC(39) y: Heap Statistics:
[2026-04-03T01:59:07.601+0600][20.749s][info][gc,heap     ] GC(39) y:                Mark Start          Mark End        Relocate Start      Relocate End           High               Low         
[2026-04-03T01:59:07.601+0600][20.749s][info][gc,heap     ] GC(39) y:  Capacity:     1202M (96%)        1202M (96%)        1202M (96%)        1202M (96%)        1202M (96%)        1202M (96%)    
[2026-04-03T01:59:07.601+0600][20.749s][info][gc,heap     ] GC(39) y:      Free:      340M (27%)         286M (23%)         922M (74%)         934M (75%)         934M (75%)         286M (23%)    
[2026-04-03T01:59:07.601+0600][20.749s][info][gc,heap     ] GC(39) y:      Used:      910M (73%)         964M (77%)         328M (26%)         316M (25%)         964M (77%)         316M (25%)    
[2026-04-03T01:59:07.601+0600][20.749s][info][gc,heap     ] GC(39) y: Young Generation Statistics:
[2026-04-03T01:59:07.601+0600][20.749s][info][gc,heap     ] GC(39) y:                Mark Start          Mark End        Relocate Start      Relocate End    
[2026-04-03T01:59:07.602+0600][20.749s][info][gc,heap     ] GC(39) y:      Used:      662M (53%)         716M (57%)          80M (6%)           68M (5%)     
[2026-04-03T01:59:07.602+0600][20.749s][info][gc,heap     ] GC(39) y:      Live:         -                 0M (0%)            0M (0%)            0M (0%)     
[2026-04-03T01:59:07.602+0600][20.749s][info][gc,heap     ] GC(39) y:   Garbage:         -               661M (53%)          15M (1%)            0M (0%)     
[2026-04-03T01:59:07.602+0600][20.749s][info][gc,heap     ] GC(39) y: Allocated:         -                54M (4%)           64M (5%)           67M (5%)     
[2026-04-03T01:59:07.602+0600][20.749s][info][gc,heap     ] GC(39) y: Reclaimed:         -                  -               646M (52%)         661M (53%)    
[2026-04-03T01:59:07.602+0600][20.749s][info][gc,heap     ] GC(39) y:  Promoted:         -                  -                 0M (0%)            0M (0%)     
[2026-04-03T01:59:07.602+0600][20.749s][info][gc,heap     ] GC(39) y: Compacted:         -                  -                  -                 0M (0%)     
[2026-04-03T01:59:07.602+0600][20.749s][info][gc,phases   ] GC(39) y: Young Generation 910M(73%)->316M(25%) 0.015s
[2026-04-03T01:59:07.602+0600][20.749s][info][gc          ] GC(39) Minor Collection (Allocation Rate) 910M(73%)->316M(25%) 0.016s
[2026-04-03T01:59:08.277+0600][21.424s][info][gc,exit     ] Stopping ZGC
[2026-04-03T01:59:08.277+0600][21.425s][info][gc,stats    ] === Garbage Collection Statistics =======================================================================================================================
[2026-04-03T01:59:08.277+0600][21.425s][info][gc,stats    ]                                                              Last 10s              Last 10m              Last 10h                Total
[2026-04-03T01:59:08.277+0600][21.425s][info][gc,stats    ]                                                              Avg / Max             Avg / Max             Avg / Max             Avg / Max
[2026-04-03T01:59:08.277+0600][21.425s][info][gc,stats    ]        Contention: Mark Segment Reset Contention                    20 / 174              29 / 348              29 / 348              29 / 348         ops/s
[2026-04-03T01:59:08.277+0600][21.425s][info][gc,stats    ]        Contention: Mark SeqNum Reset Contention                      0 / 2                 1 / 26                1 / 26                1 / 26          ops/s
[2026-04-03T01:59:08.277+0600][21.425s][info][gc,stats    ]          Critical: Allocation Stall                                  0 / 0                 0 / 0                 0 / 0                 0 / 0           ops/s
[2026-04-03T01:59:08.277+0600][21.425s][info][gc,stats    ]          Critical: Allocation Stall                              0.000 / 0.000         0.000 / 0.000         0.000 / 0.000         0.000 / 0.000       ms
[2026-04-03T01:59:08.277+0600][21.425s][info][gc,stats    ]          Critical: JNI Critical Stall                                0 / 3                 0 / 3                 0 / 3                 0 / 3           ops/s
[2026-04-03T01:59:08.277+0600][21.425s][info][gc,stats    ]          Critical: JNI Critical Stall                            0.473 / 0.668         0.512 / 0.746         0.512 / 0.746         0.512 / 0.746       ms
[2026-04-03T01:59:08.277+0600][21.425s][info][gc,stats    ]          Critical: Relocation Stall                                  0 / 0                 0 / 0                 0 / 0                 0 / 0           ops/s
[2026-04-03T01:59:08.277+0600][21.425s][info][gc,stats    ]          Critical: Relocation Stall                              0.000 / 0.000         0.000 / 0.000         0.000 / 0.000         0.000 / 0.000       ms
[2026-04-03T01:59:08.277+0600][21.425s][info][gc,stats    ]  Major Collection: Major Collection                            318.063 / 880.945     244.281 / 880.945     244.281 / 880.945     244.281 / 880.945     ms
[2026-04-03T01:59:08.277+0600][21.425s][info][gc,stats    ]            Memory: Allocation Rate                                 960 / 2254            570 / 2254            570 / 2254            570 / 2254        MB/s
[2026-04-03T01:59:08.277+0600][21.425s][info][gc,stats    ]            Memory: Defragment                                        0 / 0                 1 / 32                1 / 32                1 / 32          ops/s
[2026-04-03T01:59:08.277+0600][21.425s][info][gc,stats    ]            Memory: Out Of Memory                                     0 / 0                 0 / 0                 0 / 0                 0 / 0           ops/s
[2026-04-03T01:59:08.277+0600][21.425s][info][gc,stats    ]            Memory: Page Cache Flush                                  0 / 0                 3 / 64                3 / 64                3 / 64          MB/s
[2026-04-03T01:59:08.277+0600][21.425s][info][gc,stats    ]            Memory: Page Cache Hit L1                               474 / 1087            259 / 1087            259 / 1087            259 / 1087        ops/s
[2026-04-03T01:59:08.277+0600][21.425s][info][gc,stats    ]            Memory: Page Cache Hit L2                                 0 / 0                 0 / 0                 0 / 0                 0 / 0           ops/s
[2026-04-03T01:59:08.277+0600][21.425s][info][gc,stats    ]            Memory: Page Cache Hit L3                                 0 / 2                 7 / 81                7 / 81                7 / 81          ops/s
[2026-04-03T01:59:08.277+0600][21.425s][info][gc,stats    ]            Memory: Page Cache Miss                                   0 / 2                17 / 209              17 / 209              17 / 209         ops/s
[2026-04-03T01:59:08.277+0600][21.425s][info][gc,stats    ]            Memory: Uncommit                                          0 / 0                 0 / 0                 0 / 0                 0 / 0           MB/s
[2026-04-03T01:59:08.277+0600][21.425s][info][gc,stats    ]            Memory: Undo Object Allocation Failed                     0 / 0                 0 / 0                 0 / 0                 0 / 0           ops/s
[2026-04-03T01:59:08.278+0600][21.425s][info][gc,stats    ]            Memory: Undo Object Allocation Succeeded                  6 / 53                3 / 53                3 / 53                3 / 53          ops/s
[2026-04-03T01:59:08.278+0600][21.425s][info][gc,stats    ]            Memory: Undo Page Allocation                              0 / 0                 0 / 0                 0 / 0                 0 / 0           ops/s
[2026-04-03T01:59:08.278+0600][21.425s][info][gc,stats    ]  Minor Collection: Minor Collection                             70.744 / 229.725      87.648 / 493.338      87.648 / 493.338      87.648 / 493.338     ms
[2026-04-03T01:59:08.278+0600][21.425s][info][gc,stats    ]    Old Generation: Old Generation                              216.455 / 440.188     154.952 / 440.188     154.952 / 440.188     154.952 / 440.188     ms
[2026-04-03T01:59:08.278+0600][21.425s][info][gc,stats    ]         Old Pause: Pause Mark End                                0.042 / 0.151         0.041 / 0.151         0.041 / 0.151         0.041 / 0.151       ms
[2026-04-03T01:59:08.278+0600][21.425s][info][gc,stats    ]         Old Pause: Pause Relocate Start                          0.027 / 0.038         0.029 / 0.093         0.029 / 0.093         0.029 / 0.093       ms
[2026-04-03T01:59:08.278+0600][21.425s][info][gc,stats    ]         Old Phase: Concurrent Mark                             148.835 / 383.385     100.254 / 383.385     100.254 / 383.385     100.254 / 383.385     ms
[2026-04-03T01:59:08.278+0600][21.425s][info][gc,stats    ]         Old Phase: Concurrent Mark Continue                      0.000 / 0.000         0.000 / 0.000         0.000 / 0.000         0.000 / 0.000       ms
[2026-04-03T01:59:08.278+0600][21.425s][info][gc,stats    ]         Old Phase: Concurrent Mark Free                          0.002 / 0.003         0.004 / 0.036         0.004 / 0.036         0.004 / 0.036       ms
[2026-04-03T01:59:08.278+0600][21.425s][info][gc,stats    ]         Old Phase: Concurrent Process Non-Strong                12.633 / 24.093       10.824 / 24.093       10.824 / 24.093       10.824 / 24.093      ms
[2026-04-03T01:59:08.278+0600][21.425s][info][gc,stats    ]         Old Phase: Concurrent Relocate                          10.803 / 46.410        7.510 / 46.410        7.510 / 46.410        7.510 / 46.410      ms
[2026-04-03T01:59:08.278+0600][21.425s][info][gc,stats    ]         Old Phase: Concurrent Remap Roots                       17.805 / 21.423       17.883 / 22.108       17.883 / 22.108       17.883 / 22.108      ms
[2026-04-03T01:59:08.278+0600][21.425s][info][gc,stats    ]         Old Phase: Concurrent Reset Relocation Set               0.004 / 0.009         0.003 / 0.009         0.003 / 0.009         0.003 / 0.009       ms
[2026-04-03T01:59:08.278+0600][21.425s][info][gc,stats    ]         Old Phase: Concurrent Select Relocation Set              3.445 / 9.305         2.806 / 9.305         2.806 / 9.305         2.806 / 9.305       ms
[2026-04-03T01:59:08.278+0600][21.425s][info][gc,stats    ]      Old Subphase: Concurrent Classes Purge                      0.176 / 0.404         0.179 / 0.404         0.179 / 0.404         0.179 / 0.404       ms
[2026-04-03T01:59:08.278+0600][21.425s][info][gc,stats    ]      Old Subphase: Concurrent Classes Unlink                     9.526 / 20.325        8.107 / 20.325        8.107 / 20.325        8.107 / 20.325      ms
[2026-04-03T01:59:08.278+0600][21.425s][info][gc,stats    ]      Old Subphase: Concurrent Mark Follow                      147.944 / 382.266      99.469 / 382.266      99.469 / 382.266      99.469 / 382.266     ms
[2026-04-03T01:59:08.278+0600][21.425s][info][gc,stats    ]      Old Subphase: Concurrent Mark Root Colored                  0.186 / 0.520         0.152 / 0.520         0.152 / 0.520         0.152 / 0.520       ms
[2026-04-03T01:59:08.278+0600][21.425s][info][gc,stats    ]      Old Subphase: Concurrent Mark Root Uncolored                0.439 / 0.978         0.417 / 0.978         0.417 / 0.978         0.417 / 0.978       ms
[2026-04-03T01:59:08.278+0600][21.425s][info][gc,stats    ]      Old Subphase: Concurrent Mark Roots                         0.884 / 1.281         0.778 / 1.281         0.778 / 1.281         0.778 / 1.281       ms
[2026-04-03T01:59:08.278+0600][21.425s][info][gc,stats    ]      Old Subphase: Concurrent References Enqueue                 0.006 / 0.011         0.004 / 0.011         0.004 / 0.011         0.004 / 0.011       ms
[2026-04-03T01:59:08.278+0600][21.425s][info][gc,stats    ]      Old Subphase: Concurrent References Process                 0.927 / 1.671         0.663 / 1.671         0.663 / 1.671         0.663 / 1.671       ms
[2026-04-03T01:59:08.278+0600][21.425s][info][gc,stats    ]      Old Subphase: Concurrent Remap Remembered                  14.645 / 16.589       14.914 / 19.082       14.914 / 19.082       14.914 / 19.082      ms
[2026-04-03T01:59:08.278+0600][21.425s][info][gc,stats    ]      Old Subphase: Concurrent Remap Roots Colored                1.439 / 2.777         1.383 / 2.777         1.383 / 2.777         1.383 / 2.777       ms
[2026-04-03T01:59:08.278+0600][21.425s][info][gc,stats    ]      Old Subphase: Concurrent Remap Roots Uncolored              1.405 / 1.803         1.153 / 1.803         1.153 / 1.803         1.153 / 1.803       ms
[2026-04-03T01:59:08.278+0600][21.425s][info][gc,stats    ]      Old Subphase: Concurrent Roots ClassLoaderDataGraph         0.811 / 2.547         0.805 / 2.547         0.805 / 2.547         0.805 / 2.547       ms
[2026-04-03T01:59:08.278+0600][21.425s][info][gc,stats    ]      Old Subphase: Concurrent Roots CodeCache                    1.342 / 1.613         1.107 / 1.613         1.107 / 1.613         1.107 / 1.613       ms
[2026-04-03T01:59:08.278+0600][21.425s][info][gc,stats    ]      Old Subphase: Concurrent Roots JavaThreads                  0.162 / 0.977         0.144 / 0.977         0.144 / 0.977         0.144 / 0.977       ms
[2026-04-03T01:59:08.278+0600][21.425s][info][gc,stats    ]      Old Subphase: Concurrent Roots OopStorageSet                0.029 / 0.132         0.024 / 0.132         0.024 / 0.132         0.024 / 0.132       ms
[2026-04-03T01:59:08.278+0600][21.425s][info][gc,stats    ]      Old Subphase: Concurrent Weak Roots OopStorageSet           0.559 / 2.978         0.511 / 2.978         0.511 / 2.978         0.511 / 2.978       ms
[2026-04-03T01:59:08.278+0600][21.425s][info][gc,stats    ]            System: Java Threads                                     66 / 100              59 / 100              59 / 100              59 / 100         threads
[2026-04-03T01:59:08.278+0600][21.425s][info][gc,stats    ]  Young Generation: Young Generation                            132.765 / 601.271     104.151 / 601.271     104.151 / 601.271     104.151 / 601.271     ms
[2026-04-03T01:59:08.278+0600][21.425s][info][gc,stats    ]  Young Generation: Young Generation                             70.302 / 229.363      87.200 / 492.746      87.200 / 492.746      87.200 / 492.746     ms
[2026-04-03T01:59:08.278+0600][21.425s][info][gc,stats    ]  Young Generation: Young Generation (Collect Roots)             10.498 / 11.036       10.498 / 11.036       10.498 / 11.036       10.498 / 11.036      ms
[2026-04-03T01:59:08.278+0600][21.425s][info][gc,stats    ]  Young Generation: Young Generation (Promote All)               15.388 / 18.801       15.388 / 18.801       15.388 / 18.801       15.388 / 18.801      ms
[2026-04-03T01:59:08.278+0600][21.425s][info][gc,stats    ]       Young Pause: Pause Mark End                                0.029 / 0.082         0.028 / 0.082         0.028 / 0.082         0.028 / 0.082       ms
[2026-04-03T01:59:08.278+0600][21.425s][info][gc,stats    ]       Young Pause: Pause Mark Start                              0.027 / 0.088         0.030 / 0.096         0.030 / 0.096         0.030 / 0.096       ms
[2026-04-03T01:59:08.278+0600][21.425s][info][gc,stats    ]       Young Pause: Pause Mark Start (Major)                      0.024 / 0.034         0.025 / 0.061         0.025 / 0.061         0.025 / 0.061       ms
[2026-04-03T01:59:08.278+0600][21.425s][info][gc,stats    ]       Young Pause: Pause Relocate Start                          0.020 / 0.076         0.020 / 0.076         0.020 / 0.076         0.020 / 0.076       ms
[2026-04-03T01:59:08.278+0600][21.425s][info][gc,stats    ]       Young Phase: Concurrent Mark                              33.576 / 129.888      54.302 / 519.822      54.302 / 519.822      54.302 / 519.822     ms
[2026-04-03T01:59:08.278+0600][21.425s][info][gc,stats    ]       Young Phase: Concurrent Mark Continue                      0.000 / 0.000         0.000 / 0.000         0.000 / 0.000         0.000 / 0.000       ms
[2026-04-03T01:59:08.278+0600][21.425s][info][gc,stats    ]       Young Phase: Concurrent Mark Free                          0.015 / 0.250         0.012 / 0.250         0.012 / 0.250         0.012 / 0.250       ms
[2026-04-03T01:59:08.278+0600][21.425s][info][gc,stats    ]       Young Phase: Concurrent Relocate                          15.876 / 110.099      16.811 / 110.099      16.811 / 110.099      16.811 / 110.099     ms
[2026-04-03T01:59:08.278+0600][21.425s][info][gc,stats    ]       Young Phase: Concurrent Reset Relocation Set               0.019 / 0.125         0.018 / 0.125         0.018 / 0.125         0.018 / 0.125       ms
[2026-04-03T01:59:08.278+0600][21.425s][info][gc,stats    ]       Young Phase: Concurrent Select Relocation Set              7.836 / 39.383        8.200 / 39.383        8.200 / 39.383        8.200 / 39.383      ms
[2026-04-03T01:59:08.278+0600][21.425s][info][gc,stats    ]    Young Subphase: Concurrent Mark Follow                       27.071 / 122.824      48.055 / 513.305      48.055 / 513.305      48.055 / 513.305     ms
[2026-04-03T01:59:08.278+0600][21.425s][info][gc,stats    ]    Young Subphase: Concurrent Mark Root Colored                  3.584 / 5.064         3.511 / 5.064         3.511 / 5.064         3.511 / 5.064       ms
[2026-04-03T01:59:08.278+0600][21.425s][info][gc,stats    ]    Young Subphase: Concurrent Mark Root Uncolored                2.450 / 6.487         2.247 / 6.487         2.247 / 6.487         2.247 / 6.487       ms
[2026-04-03T01:59:08.278+0600][21.425s][info][gc,stats    ]    Young Subphase: Concurrent Mark Roots                         6.499 / 9.977         6.240 / 9.977         6.240 / 9.977         6.240 / 9.977       ms
[2026-04-03T01:59:08.278+0600][21.425s][info][gc,stats    ]    Young Subphase: Concurrent Relocate Remset FP                 7.000 / 91.391        6.187 / 91.391        6.187 / 91.391        6.187 / 91.391      ms
[2026-04-03T01:59:08.278+0600][21.425s][info][gc,stats    ]    Young Subphase: Concurrent Roots ClassLoaderDataGraph         2.675 / 4.192         2.630 / 4.192         2.630 / 4.192         2.630 / 4.192       ms
[2026-04-03T01:59:08.278+0600][21.425s][info][gc,stats    ]    Young Subphase: Concurrent Roots CodeCache                    2.047 / 5.680         1.828 / 5.680         1.828 / 5.680         1.828 / 5.680       ms
[2026-04-03T01:59:08.278+0600][21.425s][info][gc,stats    ]    Young Subphase: Concurrent Roots JavaThreads                  0.205 / 1.258         0.216 / 2.069         0.216 / 2.069         0.216 / 2.069       ms
[2026-04-03T01:59:08.278+0600][21.425s][info][gc,stats    ]    Young Subphase: Concurrent Roots OopStorageSet                0.027 / 0.087         0.033 / 0.115         0.033 / 0.115         0.033 / 0.115       ms
[2026-04-03T01:59:08.278+0600][21.425s][info][gc,stats    ]    Young Subphase: Concurrent Weak Roots OopStorageSet           0.883 / 2.889         0.849 / 2.889         0.849 / 2.889         0.849 / 2.889       ms
[2026-04-03T01:59:08.278+0600][21.425s][info][gc,stats    ] =========================================================================================================================================================
[2026-04-03T01:59:08.278+0600][21.426s][info][gc,heap,exit] Heap
[2026-04-03T01:59:08.278+0600][21.426s][info][gc,heap,exit]  ZHeap           used 348M, capacity 1202M, max capacity 1250M
[2026-04-03T01:59:08.278+0600][21.426s][info][gc,heap,exit]  Metaspace       used 66832K, committed 67648K, reserved 1114112K
[2026-04-03T01:59:08.278+0600][21.426s][info][gc,heap,exit]   class space    used 8526K, committed 8896K, reserved 1048576K
