[2026-04-03T01:59:08.591+0600][0.005s][info][gc,init] Initializing The Z Garbage Collector
[2026-04-03T01:59:08.591+0600][0.005s][info][gc,init] Version: 21.0.10+7-Ubuntu-124.04 (release)
[2026-04-03T01:59:08.591+0600][0.005s][info][gc,init] Using legacy single-generation mode
[2026-04-03T01:59:08.591+0600][0.005s][info][gc,init] NUMA Support: Disabled
[2026-04-03T01:59:08.591+0600][0.005s][info][gc,init] CPUs: 12 total, 12 available
[2026-04-03T01:59:08.591+0600][0.005s][info][gc,init] Memory: 15683M
[2026-04-03T01:59:08.591+0600][0.005s][info][gc,init] Large Page Support: Disabled
[2026-04-03T01:59:08.591+0600][0.005s][info][gc,init] GC Workers: 3 (dynamic)
[2026-04-03T01:59:08.592+0600][0.006s][info][gc,init] Address Space Type: Contiguous/Unrestricted/Complete
[2026-04-03T01:59:08.592+0600][0.006s][info][gc,init] Address Space Size: 20000M x 3 = 60000M
[2026-04-03T01:59:08.592+0600][0.006s][info][gc,init] Heap Backing File: /memfd:java_heap
[2026-04-03T01:59:08.592+0600][0.006s][info][gc,init] Heap Backing Filesystem: tmpfs (0x1021994)
[2026-04-03T01:59:08.592+0600][0.007s][info][gc,init] Min Capacity: 8M
[2026-04-03T01:59:08.592+0600][0.007s][info][gc,init] Initial Capacity: 246M
[2026-04-03T01:59:08.592+0600][0.007s][info][gc,init] Max Capacity: 1250M
[2026-04-03T01:59:08.592+0600][0.007s][info][gc,init] Medium Page Size: 32M
[2026-04-03T01:59:08.592+0600][0.007s][info][gc,init] Pre-touch: Disabled
[2026-04-03T01:59:08.592+0600][0.007s][info][gc,init] Available space on backing filesystem: N/A
[2026-04-03T01:59:08.593+0600][0.008s][info][gc,init] Uncommit: Enabled
[2026-04-03T01:59:08.593+0600][0.008s][info][gc,init] Uncommit Delay: 300s
[2026-04-03T01:59:08.677+0600][0.092s][info][gc,init] Runtime Workers: 8
[2026-04-03T01:59:08.679+0600][0.093s][info][gc     ] Using The Z Garbage Collector
[2026-04-03T01:59:08.689+0600][0.103s][info][gc,metaspace] CDS archive(s) mapped at: [0x0000774cc7000000-0x0000774cc7c9c000-0x0000774cc7c9c000), size 13221888, SharedBaseAddress: 0x0000774cc7000000, ArchiveRelocationMode: 1.
[2026-04-03T01:59:08.689+0600][0.103s][info][gc,metaspace] Compressed class space mapped at: 0x0000774cc8000000-0x0000774d08000000, reserved size: 1073741824
[2026-04-03T01:59:08.689+0600][0.103s][info][gc,metaspace] Narrow klass base: 0x0000774cc7000000, Narrow klass shift: 0, Narrow klass range: 0x100000000
[2026-04-03T01:59:09.300+0600][0.714s][info][gc,start    ] GC(0) Garbage Collection (Warmup)
[2026-04-03T01:59:09.300+0600][0.714s][info][gc,task     ] GC(0) Using 3 workers
[2026-04-03T01:59:09.300+0600][0.714s][info][gc,phases   ] GC(0) Pause Mark Start 0.007ms
[2026-04-03T01:59:09.307+0600][0.721s][info][gc,phases   ] GC(0) Concurrent Mark 6.573ms
[2026-04-03T01:59:09.307+0600][0.721s][info][gc,phases   ] GC(0) Pause Mark End 0.013ms
[2026-04-03T01:59:09.307+0600][0.721s][info][gc,phases   ] GC(0) Concurrent Mark Free 0.002ms
[2026-04-03T01:59:09.308+0600][0.722s][info][gc,phases   ] GC(0) Concurrent Process Non-Strong References 1.023ms
[2026-04-03T01:59:09.308+0600][0.722s][info][gc,phases   ] GC(0) Concurrent Reset Relocation Set 0.000ms
[2026-04-03T01:59:09.316+0600][0.730s][info][gc,phases   ] GC(0) Concurrent Select Relocation Set 7.608ms
[2026-04-03T01:59:09.316+0600][0.730s][info][gc,phases   ] GC(0) Pause Relocate Start 0.009ms
[2026-04-03T01:59:09.319+0600][0.733s][info][gc,phases   ] GC(0) Concurrent Relocate 2.602ms
[2026-04-03T01:59:09.319+0600][0.733s][info][gc,load     ] GC(0) Load: 2.24/4.65/6.24
[2026-04-03T01:59:09.319+0600][0.733s][info][gc,mmu      ] GC(0) MMU: 2ms/99.4%, 5ms/99.7%, 10ms/99.8%, 20ms/99.9%, 50ms/99.9%, 100ms/100.0%
[2026-04-03T01:59:09.319+0600][0.733s][info][gc,marking  ] GC(0) Mark: 2 stripe(s), 2 proactive flush(es), 1 terminate flush(es), 0 completion(s), 0 continuation(s) 
[2026-04-03T01:59:09.319+0600][0.733s][info][gc,marking  ] GC(0) Mark Stack Usage: 32M
[2026-04-03T01:59:09.319+0600][0.733s][info][gc,nmethod  ] GC(0) NMethods: 721 registered, 78 unregistered
[2026-04-03T01:59:09.319+0600][0.733s][info][gc,metaspace] GC(0) Metaspace: 4M used, 5M committed, 1088M reserved
[2026-04-03T01:59:09.319+0600][0.733s][info][gc,ref      ] GC(0) Soft: 138 encountered, 0 discovered, 0 enqueued
[2026-04-03T01:59:09.319+0600][0.733s][info][gc,ref      ] GC(0) Weak: 412 encountered, 287 discovered, 102 enqueued
[2026-04-03T01:59:09.319+0600][0.733s][info][gc,ref      ] GC(0) Final: 0 encountered, 0 discovered, 0 enqueued
[2026-04-03T01:59:09.319+0600][0.733s][info][gc,ref      ] GC(0) Phantom: 25 encountered, 15 discovered, 0 enqueued
[2026-04-03T01:59:09.319+0600][0.733s][info][gc,reloc    ] GC(0) Small Pages: 72 / 144M, Empty: 0M, Relocated: 1M, In-Place: 0
[2026-04-03T01:59:09.319+0600][0.733s][info][gc,reloc    ] GC(0) Medium Pages: 0 / 0M, Empty: 0M, Relocated: 0M, In-Place: 0
[2026-04-03T01:59:09.319+0600][0.733s][info][gc,reloc    ] GC(0) Large Pages: 0 / 0M, Empty: 0M, Relocated: 0M, In-Place: 0
[2026-04-03T01:59:09.319+0600][0.733s][info][gc,reloc    ] GC(0) Forwarding Usage: 0M
[2026-04-03T01:59:09.319+0600][0.733s][info][gc,heap     ] GC(0) Min Capacity: 8M(1%)
[2026-04-03T01:59:09.319+0600][0.733s][info][gc,heap     ] GC(0) Max Capacity: 1250M(100%)
[2026-04-03T01:59:09.319+0600][0.733s][info][gc,heap     ] GC(0) Soft Max Capacity: 1250M(100%)
[2026-04-03T01:59:09.319+0600][0.733s][info][gc,heap     ] GC(0)                Mark Start          Mark End        Relocate Start      Relocate End           High               Low         
[2026-04-03T01:59:09.319+0600][0.733s][info][gc,heap     ] GC(0)  Capacity:      246M (20%)         246M (20%)         246M (20%)         246M (20%)         246M (20%)         246M (20%)    
[2026-04-03T01:59:09.319+0600][0.733s][info][gc,heap     ] GC(0)      Free:     1106M (88%)        1104M (88%)        1100M (88%)        1232M (99%)        1232M (99%)        1096M (88%)    
[2026-04-03T01:59:09.319+0600][0.733s][info][gc,heap     ] GC(0)      Used:      144M (12%)         146M (12%)         150M (12%)          18M (1%)          154M (12%)          18M (1%)     
[2026-04-03T01:59:09.319+0600][0.733s][info][gc,heap     ] GC(0)      Live:         -                 3M (0%)            3M (0%)            3M (0%)             -                  -          
[2026-04-03T01:59:09.319+0600][0.733s][info][gc,heap     ] GC(0) Allocated:         -                 2M (0%)            6M (0%)            7M (1%)             -                  -          
[2026-04-03T01:59:09.319+0600][0.733s][info][gc,heap     ] GC(0)   Garbage:         -               140M (11%)         140M (11%)           6M (0%)             -                  -          
[2026-04-03T01:59:09.319+0600][0.733s][info][gc,heap     ] GC(0) Reclaimed:         -                  -                 0M (0%)          133M (11%)            -                  -          
[2026-04-03T01:59:09.319+0600][0.733s][info][gc          ] GC(0) Garbage Collection (Warmup) 144M(12%)->18M(1%)
[2026-04-03T01:59:10.000+0600][1.414s][info][gc,start    ] GC(1) Garbage Collection (Warmup)
[2026-04-03T01:59:10.000+0600][1.414s][info][gc,task     ] GC(1) Using 3 workers
[2026-04-03T01:59:10.000+0600][1.414s][info][gc,phases   ] GC(1) Pause Mark Start 0.009ms
[2026-04-03T01:59:10.008+0600][1.422s][info][gc,phases   ] GC(1) Concurrent Mark 7.515ms
[2026-04-03T01:59:10.008+0600][1.422s][info][gc,phases   ] GC(1) Pause Mark End 0.015ms
[2026-04-03T01:59:10.008+0600][1.422s][info][gc,phases   ] GC(1) Concurrent Mark Free 0.002ms
[2026-04-03T01:59:10.009+0600][1.424s][info][gc,phases   ] GC(1) Concurrent Process Non-Strong References 1.519ms
[2026-04-03T01:59:10.010+0600][1.424s][info][gc,phases   ] GC(1) Concurrent Reset Relocation Set 0.008ms
[2026-04-03T01:59:10.013+0600][1.427s][info][gc,phases   ] GC(1) Concurrent Select Relocation Set 3.182ms
[2026-04-03T01:59:10.013+0600][1.428s][info][gc,phases   ] GC(1) Pause Relocate Start 0.009ms
[2026-04-03T01:59:10.018+0600][1.433s][info][gc,phases   ] GC(1) Concurrent Relocate 4.982ms
[2026-04-03T01:59:10.018+0600][1.433s][info][gc,load     ] GC(1) Load: 2.22/4.60/6.21
[2026-04-03T01:59:10.018+0600][1.433s][info][gc,mmu      ] GC(1) MMU: 2ms/99.2%, 5ms/99.7%, 10ms/99.8%, 20ms/99.8%, 50ms/99.9%, 100ms/100.0%
[2026-04-03T01:59:10.018+0600][1.433s][info][gc,marking  ] GC(1) Mark: 2 stripe(s), 2 proactive flush(es), 1 terminate flush(es), 0 completion(s), 0 continuation(s) 
[2026-04-03T01:59:10.018+0600][1.433s][info][gc,marking  ] GC(1) Mark Stack Usage: 32M
[2026-04-03T01:59:10.018+0600][1.433s][info][gc,nmethod  ] GC(1) NMethods: 1139 registered, 140 unregistered
[2026-04-03T01:59:10.018+0600][1.433s][info][gc,metaspace] GC(1) Metaspace: 12M used, 12M committed, 1088M reserved
[2026-04-03T01:59:10.018+0600][1.433s][info][gc,ref      ] GC(1) Soft: 239 encountered, 0 discovered, 0 enqueued
[2026-04-03T01:59:10.018+0600][1.433s][info][gc,ref      ] GC(1) Weak: 906 encountered, 225 discovered, 202 enqueued
[2026-04-03T01:59:10.018+0600][1.433s][info][gc,ref      ] GC(1) Final: 0 encountered, 0 discovered, 0 enqueued
[2026-04-03T01:59:10.018+0600][1.433s][info][gc,ref      ] GC(1) Phantom: 30 encountered, 18 discovered, 0 enqueued
[2026-04-03T01:59:10.018+0600][1.433s][info][gc,reloc    ] GC(1) Small Pages: 125 / 250M, Empty: 0M, Relocated: 3M, In-Place: 0
[2026-04-03T01:59:10.018+0600][1.433s][info][gc,reloc    ] GC(1) Medium Pages: 0 / 0M, Empty: 0M, Relocated: 0M, In-Place: 0
[2026-04-03T01:59:10.018+0600][1.433s][info][gc,reloc    ] GC(1) Large Pages: 0 / 0M, Empty: 0M, Relocated: 0M, In-Place: 0
[2026-04-03T01:59:10.018+0600][1.433s][info][gc,reloc    ] GC(1) Forwarding Usage: 1M
[2026-04-03T01:59:10.018+0600][1.433s][info][gc,heap     ] GC(1) Min Capacity: 8M(1%)
[2026-04-03T01:59:10.018+0600][1.433s][info][gc,heap     ] GC(1) Max Capacity: 1250M(100%)
[2026-04-03T01:59:10.018+0600][1.433s][info][gc,heap     ] GC(1) Soft Max Capacity: 1250M(100%)
[2026-04-03T01:59:10.018+0600][1.433s][info][gc,heap     ] GC(1)                Mark Start          Mark End        Relocate Start      Relocate End           High               Low         
[2026-04-03T01:59:10.018+0600][1.433s][info][gc,heap     ] GC(1)  Capacity:      250M (20%)         250M (20%)         250M (20%)         258M (21%)         258M (21%)         250M (20%)    
[2026-04-03T01:59:10.018+0600][1.433s][info][gc,heap     ] GC(1)      Free:     1000M (80%)        1000M (80%)        1000M (80%)        1240M (99%)        1240M (99%)         992M (79%)    
[2026-04-03T01:59:10.018+0600][1.433s][info][gc,heap     ] GC(1)      Used:      250M (20%)         250M (20%)         250M (20%)          10M (1%)          258M (21%)          10M (1%)     
[2026-04-03T01:59:10.018+0600][1.433s][info][gc,heap     ] GC(1)      Live:         -                 4M (0%)            4M (0%)            4M (0%)             -                  -          
[2026-04-03T01:59:10.018+0600][1.433s][info][gc,heap     ] GC(1) Allocated:         -                 0M (0%)            0M (0%)            1M (0%)             -                  -          
[2026-04-03T01:59:10.018+0600][1.433s][info][gc,heap     ] GC(1)   Garbage:         -               245M (20%)         245M (20%)           3M (0%)             -                  -          
[2026-04-03T01:59:10.018+0600][1.433s][info][gc,heap     ] GC(1) Reclaimed:         -                  -                 0M (0%)          241M (19%)            -                  -          
[2026-04-03T01:59:10.018+0600][1.433s][info][gc          ] GC(1) Garbage Collection (Warmup) 250M(20%)->10M(1%)
[2026-04-03T01:59:12.702+0600][4.116s][info][gc,start    ] GC(2) Garbage Collection (Metadata GC Threshold)
[2026-04-03T01:59:12.702+0600][4.116s][info][gc,task     ] GC(2) Using 3 workers
[2026-04-03T01:59:12.702+0600][4.117s][info][gc,phases   ] GC(2) Pause Mark Start 0.009ms
[2026-04-03T01:59:12.716+0600][4.131s][info][gc,phases   ] GC(2) Concurrent Mark 13.918ms
[2026-04-03T01:59:12.717+0600][4.131s][info][gc,phases   ] GC(2) Pause Mark End 0.036ms
[2026-04-03T01:59:12.717+0600][4.131s][info][gc,phases   ] GC(2) Concurrent Mark Free 0.003ms
[2026-04-03T01:59:12.720+0600][4.134s][info][gc,phases   ] GC(2) Concurrent Process Non-Strong References 3.005ms
[2026-04-03T01:59:12.720+0600][4.134s][info][gc,phases   ] GC(2) Concurrent Reset Relocation Set 0.013ms
[2026-04-03T01:59:12.724+0600][4.138s][info][gc,phases   ] GC(2) Concurrent Select Relocation Set 3.972ms
[2026-04-03T01:59:12.724+0600][4.139s][info][gc,phases   ] GC(2) Pause Relocate Start 0.015ms
[2026-04-03T01:59:12.729+0600][4.144s][info][gc,phases   ] GC(2) Concurrent Relocate 4.899ms
[2026-04-03T01:59:12.729+0600][4.144s][info][gc,load     ] GC(2) Load: 2.22/4.60/6.21
[2026-04-03T01:59:12.729+0600][4.144s][info][gc,mmu      ] GC(2) MMU: 2ms/98.2%, 5ms/99.3%, 10ms/99.5%, 20ms/99.7%, 50ms/99.9%, 100ms/99.9%
[2026-04-03T01:59:12.729+0600][4.144s][info][gc,marking  ] GC(2) Mark: 2 stripe(s), 2 proactive flush(es), 1 terminate flush(es), 0 completion(s), 0 continuation(s) 
[2026-04-03T01:59:12.729+0600][4.144s][info][gc,marking  ] GC(2) Mark Stack Usage: 32M
[2026-04-03T01:59:12.729+0600][4.144s][info][gc,nmethod  ] GC(2) NMethods: 1775 registered, 118 unregistered
[2026-04-03T01:59:12.729+0600][4.144s][info][gc,metaspace] GC(2) Metaspace: 20M used, 21M committed, 1088M reserved
[2026-04-03T01:59:12.729+0600][4.144s][info][gc,ref      ] GC(2) Soft: 3545 encountered, 0 discovered, 0 enqueued
[2026-04-03T01:59:12.729+0600][4.144s][info][gc,ref      ] GC(2) Weak: 1236 encountered, 310 discovered, 214 enqueued
[2026-04-03T01:59:12.729+0600][4.144s][info][gc,ref      ] GC(2) Final: 0 encountered, 0 discovered, 0 enqueued
[2026-04-03T01:59:12.729+0600][4.144s][info][gc,ref      ] GC(2) Phantom: 563 encountered, 375 discovered, 0 enqueued
[2026-04-03T01:59:12.729+0600][4.144s][info][gc,reloc    ] GC(2) Small Pages: 63 / 126M, Empty: 0M, Relocated: 11M, In-Place: 0
[2026-04-03T01:59:12.729+0600][4.144s][info][gc,reloc    ] GC(2) Medium Pages: 1 / 32M, Empty: 0M, Relocated: 0M, In-Place: 0
[2026-04-03T01:59:12.729+0600][4.144s][info][gc,reloc    ] GC(2) Large Pages: 0 / 0M, Empty: 0M, Relocated: 0M, In-Place: 0
[2026-04-03T01:59:12.729+0600][4.144s][info][gc,reloc    ] GC(2) Forwarding Usage: 2M
[2026-04-03T01:59:12.729+0600][4.144s][info][gc,heap     ] GC(2) Min Capacity: 8M(1%)
[2026-04-03T01:59:12.729+0600][4.144s][info][gc,heap     ] GC(2) Max Capacity: 1250M(100%)
[2026-04-03T01:59:12.729+0600][4.144s][info][gc,heap     ] GC(2) Soft Max Capacity: 1250M(100%)
[2026-04-03T01:59:12.729+0600][4.144s][info][gc,heap     ] GC(2)                Mark Start          Mark End        Relocate Start      Relocate End           High               Low         
[2026-04-03T01:59:12.729+0600][4.144s][info][gc,heap     ] GC(2)  Capacity:      290M (23%)         290M (23%)         290M (23%)         290M (23%)         290M (23%)         290M (23%)    
[2026-04-03T01:59:12.729+0600][4.144s][info][gc,heap     ] GC(2)      Free:     1092M (87%)        1088M (87%)        1088M (87%)        1194M (96%)        1194M (96%)        1082M (87%)    
[2026-04-03T01:59:12.729+0600][4.144s][info][gc,heap     ] GC(2)      Used:      158M (13%)         162M (13%)         162M (13%)          56M (4%)          168M (13%)          56M (4%)     
[2026-04-03T01:59:12.729+0600][4.144s][info][gc,heap     ] GC(2)      Live:         -                19M (2%)           19M (2%)           19M (2%)             -                  -          
[2026-04-03T01:59:12.729+0600][4.144s][info][gc,heap     ] GC(2) Allocated:         -                 4M (0%)            4M (0%)            5M (0%)             -                  -          
[2026-04-03T01:59:12.729+0600][4.144s][info][gc,heap     ] GC(2)   Garbage:         -               138M (11%)         138M (11%)          30M (2%)             -                  -          
[2026-04-03T01:59:12.729+0600][4.144s][info][gc,heap     ] GC(2) Reclaimed:         -                  -                 0M (0%)          107M (9%)             -                  -          
[2026-04-03T01:59:12.729+0600][4.144s][info][gc          ] GC(2) Garbage Collection (Metadata GC Threshold) 158M(13%)->56M(4%)
[2026-04-03T01:59:15.422+0600][6.836s][info][gc,start    ] GC(3) Garbage Collection (Metadata GC Threshold)
[2026-04-03T01:59:15.422+0600][6.836s][info][gc,task     ] GC(3) Using 3 workers
[2026-04-03T01:59:15.422+0600][6.837s][info][gc,phases   ] GC(3) Pause Mark Start 0.010ms
[2026-04-03T01:59:15.441+0600][6.856s][info][gc,phases   ] GC(3) Concurrent Mark 19.020ms
[2026-04-03T01:59:15.442+0600][6.856s][info][gc,phases   ] GC(3) Pause Mark End 0.017ms
[2026-04-03T01:59:15.442+0600][6.856s][info][gc,phases   ] GC(3) Concurrent Mark Free 0.002ms
[2026-04-03T01:59:15.446+0600][6.860s][info][gc,phases   ] GC(3) Concurrent Process Non-Strong References 3.818ms
[2026-04-03T01:59:15.446+0600][6.860s][info][gc,phases   ] GC(3) Concurrent Reset Relocation Set 0.008ms
[2026-04-03T01:59:15.448+0600][6.863s][info][gc,phases   ] GC(3) Concurrent Select Relocation Set 2.865ms
[2026-04-03T01:59:15.449+0600][6.863s][info][gc,phases   ] GC(3) Pause Relocate Start 0.138ms
[2026-04-03T01:59:15.453+0600][6.867s][info][gc,phases   ] GC(3) Concurrent Relocate 3.846ms
[2026-04-03T01:59:15.453+0600][6.868s][info][gc,load     ] GC(3) Load: 2.12/4.54/6.19
[2026-04-03T01:59:15.453+0600][6.868s][info][gc,mmu      ] GC(3) MMU: 2ms/93.1%, 5ms/97.2%, 10ms/98.4%, 20ms/99.2%, 50ms/99.7%, 100ms/99.8%
[2026-04-03T01:59:15.453+0600][6.868s][info][gc,marking  ] GC(3) Mark: 2 stripe(s), 2 proactive flush(es), 1 terminate flush(es), 0 completion(s), 0 continuation(s) 
[2026-04-03T01:59:15.453+0600][6.868s][info][gc,marking  ] GC(3) Mark Stack Usage: 32M
[2026-04-03T01:59:15.453+0600][6.868s][info][gc,nmethod  ] GC(3) NMethods: 2522 registered, 297 unregistered
[2026-04-03T01:59:15.453+0600][6.868s][info][gc,metaspace] GC(3) Metaspace: 35M used, 35M committed, 1088M reserved
[2026-04-03T01:59:15.453+0600][6.868s][info][gc,ref      ] GC(3) Soft: 3854 encountered, 0 discovered, 0 enqueued
[2026-04-03T01:59:15.453+0600][6.868s][info][gc,ref      ] GC(3) Weak: 2496 encountered, 655 discovered, 444 enqueued
[2026-04-03T01:59:15.453+0600][6.868s][info][gc,ref      ] GC(3) Final: 80 encountered, 0 discovered, 0 enqueued
[2026-04-03T01:59:15.453+0600][6.868s][info][gc,ref      ] GC(3) Phantom: 569 encountered, 370 discovered, 1 enqueued
[2026-04-03T01:59:15.453+0600][6.868s][info][gc,reloc    ] GC(3) Small Pages: 81 / 162M, Empty: 0M, Relocated: 6M, In-Place: 0
[2026-04-03T01:59:15.453+0600][6.868s][info][gc,reloc    ] GC(3) Medium Pages: 2 / 64M, Empty: 32M, Relocated: 0M, In-Place: 0
[2026-04-03T01:59:15.453+0600][6.868s][info][gc,reloc    ] GC(3) Large Pages: 0 / 0M, Empty: 0M, Relocated: 0M, In-Place: 0
[2026-04-03T01:59:15.453+0600][6.868s][info][gc,reloc    ] GC(3) Forwarding Usage: 2M
[2026-04-03T01:59:15.453+0600][6.868s][info][gc,heap     ] GC(3) Min Capacity: 8M(1%)
[2026-04-03T01:59:15.453+0600][6.868s][info][gc,heap     ] GC(3) Max Capacity: 1250M(100%)
[2026-04-03T01:59:15.453+0600][6.868s][info][gc,heap     ] GC(3) Soft Max Capacity: 1250M(100%)
[2026-04-03T01:59:15.453+0600][6.868s][info][gc,heap     ] GC(3)                Mark Start          Mark End        Relocate Start      Relocate End           High               Low         
[2026-04-03T01:59:15.453+0600][6.868s][info][gc,heap     ] GC(3)  Capacity:      322M (26%)         322M (26%)         322M (26%)         322M (26%)         322M (26%)         322M (26%)    
[2026-04-03T01:59:15.453+0600][6.868s][info][gc,heap     ] GC(3)      Free:     1024M (82%)        1022M (82%)        1052M (84%)        1188M (95%)        1188M (95%)        1020M (82%)    
[2026-04-03T01:59:15.453+0600][6.868s][info][gc,heap     ] GC(3)      Used:      226M (18%)         228M (18%)         198M (16%)          62M (5%)          230M (18%)          62M (5%)     
[2026-04-03T01:59:15.453+0600][6.868s][info][gc,heap     ] GC(3)      Live:         -                24M (2%)           24M (2%)           24M (2%)             -                  -          
[2026-04-03T01:59:15.453+0600][6.868s][info][gc,heap     ] GC(3) Allocated:         -                 2M (0%)            4M (0%)            5M (0%)             -                  -          
[2026-04-03T01:59:15.453+0600][6.868s][info][gc,heap     ] GC(3)   Garbage:         -               201M (16%)         169M (14%)          32M (3%)             -                  -          
[2026-04-03T01:59:15.453+0600][6.868s][info][gc,heap     ] GC(3) Reclaimed:         -                  -                32M (3%)          169M (14%)            -                  -          
[2026-04-03T01:59:15.453+0600][6.868s][info][gc          ] GC(3) Garbage Collection (Metadata GC Threshold) 226M(18%)->62M(5%)
[2026-04-03T01:59:17.699+0600][9.114s][info][gc,start    ] GC(4) Garbage Collection (Warmup)
[2026-04-03T01:59:17.699+0600][9.114s][info][gc,task     ] GC(4) Using 3 workers
[2026-04-03T01:59:17.699+0600][9.114s][info][gc,phases   ] GC(4) Pause Mark Start 0.010ms
[2026-04-03T01:59:17.741+0600][9.155s][info][gc,phases   ] GC(4) Concurrent Mark 41.014ms
[2026-04-03T01:59:17.741+0600][9.155s][info][gc,phases   ] GC(4) Pause Mark End 0.021ms
[2026-04-03T01:59:17.741+0600][9.155s][info][gc,phases   ] GC(4) Concurrent Mark Free 0.001ms
[2026-04-03T01:59:17.745+0600][9.159s][info][gc,phases   ] GC(4) Concurrent Process Non-Strong References 4.006ms
[2026-04-03T01:59:17.745+0600][9.159s][info][gc,phases   ] GC(4) Concurrent Reset Relocation Set 0.008ms
[2026-04-03T01:59:17.752+0600][9.166s][info][gc,phases   ] GC(4) Concurrent Select Relocation Set 6.495ms
[2026-04-03T01:59:17.752+0600][9.166s][info][gc,phases   ] GC(4) Pause Relocate Start 0.012ms
[2026-04-03T01:59:17.784+0600][9.199s][info][gc,phases   ] GC(4) Concurrent Relocate 32.187ms
[2026-04-03T01:59:17.784+0600][9.199s][info][gc,load     ] GC(4) Load: 2.12/4.54/6.19
[2026-04-03T01:59:17.784+0600][9.199s][info][gc,mmu      ] GC(4) MMU: 2ms/93.1%, 5ms/97.2%, 10ms/98.4%, 20ms/99.2%, 50ms/99.7%, 100ms/99.8%
[2026-04-03T01:59:17.784+0600][9.199s][info][gc,marking  ] GC(4) Mark: 2 stripe(s), 2 proactive flush(es), 1 terminate flush(es), 0 completion(s), 0 continuation(s) 
[2026-04-03T01:59:17.784+0600][9.199s][info][gc,marking  ] GC(4) Mark Stack Usage: 32M
[2026-04-03T01:59:17.784+0600][9.199s][info][gc,nmethod  ] GC(4) NMethods: 3047 registered, 140 unregistered
[2026-04-03T01:59:17.784+0600][9.199s][info][gc,metaspace] GC(4) Metaspace: 47M used, 48M committed, 1088M reserved
[2026-04-03T01:59:17.784+0600][9.199s][info][gc,ref      ] GC(4) Soft: 3982 encountered, 0 discovered, 0 enqueued
[2026-04-03T01:59:17.784+0600][9.199s][info][gc,ref      ] GC(4) Weak: 3249 encountered, 1526 discovered, 522 enqueued
[2026-04-03T01:59:17.784+0600][9.199s][info][gc,ref      ] GC(4) Final: 82 encountered, 1 discovered, 0 enqueued
[2026-04-03T01:59:17.784+0600][9.199s][info][gc,ref      ] GC(4) Phantom: 580 encountered, 445 discovered, 0 enqueued
[2026-04-03T01:59:17.784+0600][9.199s][info][gc,reloc    ] GC(4) Small Pages: 167 / 334M, Empty: 0M, Relocated: 22M, In-Place: 0
[2026-04-03T01:59:17.784+0600][9.199s][info][gc,reloc    ] GC(4) Medium Pages: 2 / 64M, Empty: 0M, Relocated: 5M, In-Place: 0
[2026-04-03T01:59:17.784+0600][9.199s][info][gc,reloc    ] GC(4) Large Pages: 0 / 0M, Empty: 0M, Relocated: 0M, In-Place: 0
[2026-04-03T01:59:17.784+0600][9.199s][info][gc,reloc    ] GC(4) Forwarding Usage: 11M
[2026-04-03T01:59:17.784+0600][9.199s][info][gc,heap     ] GC(4) Min Capacity: 8M(1%)
[2026-04-03T01:59:17.784+0600][9.199s][info][gc,heap     ] GC(4) Max Capacity: 1250M(100%)
[2026-04-03T01:59:17.784+0600][9.199s][info][gc,heap     ] GC(4) Soft Max Capacity: 1250M(100%)
[2026-04-03T01:59:17.784+0600][9.199s][info][gc,heap     ] GC(4)                Mark Start          Mark End        Relocate Start      Relocate End           High               Low         
[2026-04-03T01:59:17.784+0600][9.199s][info][gc,heap     ] GC(4)  Capacity:      398M (32%)         420M (34%)         424M (34%)         462M (37%)         462M (37%)         398M (32%)    
[2026-04-03T01:59:17.784+0600][9.199s][info][gc,heap     ] GC(4)      Free:      852M (68%)         830M (66%)         826M (66%)        1130M (90%)        1130M (90%)         788M (63%)    
[2026-04-03T01:59:17.784+0600][9.199s][info][gc,heap     ] GC(4)      Used:      398M (32%)         420M (34%)         424M (34%)         120M (10%)         462M (37%)         120M (10%)    
[2026-04-03T01:59:17.784+0600][9.199s][info][gc,heap     ] GC(4)      Live:         -                43M (4%)           43M (4%)           43M (4%)             -                  -          
[2026-04-03T01:59:17.784+0600][9.199s][info][gc,heap     ] GC(4) Allocated:         -                22M (2%)           26M (2%)           45M (4%)             -                  -          
[2026-04-03T01:59:17.784+0600][9.199s][info][gc,heap     ] GC(4)   Garbage:         -               354M (28%)         354M (28%)          30M (2%)             -                  -          
[2026-04-03T01:59:17.784+0600][9.199s][info][gc,heap     ] GC(4) Reclaimed:         -                  -                 0M (0%)          323M (26%)            -                  -          
[2026-04-03T01:59:17.784+0600][9.199s][info][gc          ] GC(4) Garbage Collection (Warmup) 398M(32%)->120M(10%)
[2026-04-03T01:59:18.299+0600][9.714s][info][gc,start    ] GC(5) Garbage Collection (Allocation Rate)
[2026-04-03T01:59:18.299+0600][9.714s][info][gc,task     ] GC(5) Using 3 workers
[2026-04-03T01:59:18.299+0600][9.714s][info][gc,phases   ] GC(5) Pause Mark Start 0.009ms
[2026-04-03T01:59:18.383+0600][9.797s][info][gc,phases   ] GC(5) Concurrent Mark 83.400ms
[2026-04-03T01:59:18.383+0600][9.798s][info][gc,phases   ] GC(5) Pause Mark End 0.026ms
[2026-04-03T01:59:18.383+0600][9.798s][info][gc,phases   ] GC(5) Concurrent Mark Free 0.003ms
[2026-04-03T01:59:18.387+0600][9.802s][info][gc,phases   ] GC(5) Concurrent Process Non-Strong References 3.843ms
[2026-04-03T01:59:18.387+0600][9.802s][info][gc,phases   ] GC(5) Concurrent Reset Relocation Set 0.015ms
[2026-04-03T01:59:18.409+0600][9.824s][info][gc,phases   ] GC(5) Concurrent Select Relocation Set 22.015ms
[2026-04-03T01:59:18.410+0600][9.824s][info][gc,phases   ] GC(5) Pause Relocate Start 0.013ms
[2026-04-03T01:59:18.458+0600][9.873s][info][gc,phases   ] GC(5) Concurrent Relocate 48.455ms
[2026-04-03T01:59:18.458+0600][9.873s][info][gc,load     ] GC(5) Load: 2.12/4.54/6.19
[2026-04-03T01:59:18.458+0600][9.873s][info][gc,mmu      ] GC(5) MMU: 2ms/93.1%, 5ms/97.2%, 10ms/98.4%, 20ms/99.2%, 50ms/99.7%, 100ms/99.8%
[2026-04-03T01:59:18.459+0600][9.873s][info][gc,marking  ] GC(5) Mark: 2 stripe(s), 2 proactive flush(es), 1 terminate flush(es), 0 completion(s), 0 continuation(s) 
[2026-04-03T01:59:18.459+0600][9.873s][info][gc,marking  ] GC(5) Mark Stack Usage: 32M
[2026-04-03T01:59:18.459+0600][9.873s][info][gc,nmethod  ] GC(5) NMethods: 3047 registered, 140 unregistered
[2026-04-03T01:59:18.459+0600][9.873s][info][gc,metaspace] GC(5) Metaspace: 47M used, 48M committed, 1088M reserved
[2026-04-03T01:59:18.459+0600][9.873s][info][gc,ref      ] GC(5) Soft: 3982 encountered, 0 discovered, 0 enqueued
[2026-04-03T01:59:18.459+0600][9.873s][info][gc,ref      ] GC(5) Weak: 2727 encountered, 1054 discovered, 0 enqueued
[2026-04-03T01:59:18.459+0600][9.873s][info][gc,ref      ] GC(5) Final: 82 encountered, 82 discovered, 0 enqueued
[2026-04-03T01:59:18.459+0600][9.873s][info][gc,ref      ] GC(5) Phantom: 580 encountered, 399 discovered, 0 enqueued
[2026-04-03T01:59:18.459+0600][9.873s][info][gc,reloc    ] GC(5) Small Pages: 289 / 578M, Empty: 0M, Relocated: 46M, In-Place: 0
[2026-04-03T01:59:18.459+0600][9.873s][info][gc,reloc    ] GC(5) Medium Pages: 1 / 32M, Empty: 0M, Relocated: 0M, In-Place: 0
[2026-04-03T01:59:18.459+0600][9.873s][info][gc,reloc    ] GC(5) Large Pages: 0 / 0M, Empty: 0M, Relocated: 0M, In-Place: 0
[2026-04-03T01:59:18.459+0600][9.873s][info][gc,reloc    ] GC(5) Forwarding Usage: 34M
[2026-04-03T01:59:18.459+0600][9.873s][info][gc,heap     ] GC(5) Min Capacity: 8M(1%)
[2026-04-03T01:59:18.459+0600][9.873s][info][gc,heap     ] GC(5) Max Capacity: 1250M(100%)
[2026-04-03T01:59:18.459+0600][9.873s][info][gc,heap     ] GC(5) Soft Max Capacity: 1250M(100%)
[2026-04-03T01:59:18.459+0600][9.873s][info][gc,heap     ] GC(5)                Mark Start          Mark End        Relocate Start      Relocate End           High               Low         
[2026-04-03T01:59:18.459+0600][9.873s][info][gc,heap     ] GC(5)  Capacity:      610M (49%)         652M (52%)         668M (53%)         674M (54%)         674M (54%)         610M (49%)    
[2026-04-03T01:59:18.459+0600][9.873s][info][gc,heap     ] GC(5)      Free:      640M (51%)         598M (48%)         582M (47%)        1034M (83%)        1034M (83%)         576M (46%)    
[2026-04-03T01:59:18.459+0600][9.873s][info][gc,heap     ] GC(5)      Used:      610M (49%)         652M (52%)         668M (53%)         216M (17%)         674M (54%)         216M (17%)    
[2026-04-03T01:59:18.459+0600][9.873s][info][gc,heap     ] GC(5)      Live:         -                87M (7%)           87M (7%)           87M (7%)             -                  -          
[2026-04-03T01:59:18.459+0600][9.873s][info][gc,heap     ] GC(5) Allocated:         -                42M (3%)           58M (5%)           97M (8%)             -                  -          
[2026-04-03T01:59:18.459+0600][9.873s][info][gc,heap     ] GC(5)   Garbage:         -               522M (42%)         522M (42%)          30M (2%)             -                  -          
[2026-04-03T01:59:18.459+0600][9.873s][info][gc,heap     ] GC(5) Reclaimed:         -                  -                 0M (0%)          491M (39%)            -                  -          
[2026-04-03T01:59:18.459+0600][9.873s][info][gc          ] GC(5) Garbage Collection (Allocation Rate) 610M(49%)->216M(17%)
[2026-04-03T01:59:18.600+0600][10.014s][info][gc,start    ] GC(6) Garbage Collection (Allocation Rate)
[2026-04-03T01:59:18.600+0600][10.014s][info][gc,task     ] GC(6) Using 3 workers
[2026-04-03T01:59:18.600+0600][10.014s][info][gc,phases   ] GC(6) Pause Mark Start 0.009ms
[2026-04-03T01:59:18.688+0600][10.103s][info][gc,phases   ] GC(6) Concurrent Mark 88.073ms
[2026-04-03T01:59:18.688+0600][10.103s][info][gc,phases   ] GC(6) Pause Mark End 0.019ms
[2026-04-03T01:59:18.689+0600][10.103s][info][gc,phases   ] GC(6) Concurrent Mark Free 0.002ms
[2026-04-03T01:59:18.693+0600][10.107s][info][gc,phases   ] GC(6) Concurrent Process Non-Strong References 3.870ms
[2026-04-03T01:59:18.693+0600][10.107s][info][gc,phases   ] GC(6) Concurrent Reset Relocation Set 0.023ms
[2026-04-03T01:59:18.697+0600][10.112s][info][gc,phases   ] GC(6) Concurrent Select Relocation Set 4.676ms
[2026-04-03T01:59:18.698+0600][10.112s][info][gc,phases   ] GC(6) Pause Relocate Start 0.012ms
[2026-04-03T01:59:18.700+0600][10.114s][info][gc,stats    ] === Garbage Collection Statistics =======================================================================================================================
[2026-04-03T01:59:18.700+0600][10.114s][info][gc,stats    ]                                                              Last 10s              Last 10m              Last 10h                Total
[2026-04-03T01:59:18.700+0600][10.114s][info][gc,stats    ]                                                              Avg / Max             Avg / Max             Avg / Max             Avg / Max
[2026-04-03T01:59:18.700+0600][10.114s][info][gc,stats    ]   Collector: Garbage Collection Cycle                     56.796 / 159.247      56.796 / 159.247      56.796 / 159.247      56.796 / 159.247     ms
[2026-04-03T01:59:18.700+0600][10.114s][info][gc,stats    ]  Contention: Mark Segment Reset Contention                     1 / 6                 1 / 6                 1 / 6                 1 / 6           ops/s
[2026-04-03T01:59:18.700+0600][10.114s][info][gc,stats    ]  Contention: Mark SeqNum Reset Contention                      0 / 0                 0 / 0                 0 / 0                 0 / 0           ops/s
[2026-04-03T01:59:18.700+0600][10.114s][info][gc,stats    ]    Critical: Allocation Stall                                  0 / 0                 0 / 0                 0 / 0                 0 / 0           ops/s
[2026-04-03T01:59:18.700+0600][10.114s][info][gc,stats    ]    Critical: Allocation Stall                              0.000 / 0.000         0.000 / 0.000         0.000 / 0.000         0.000 / 0.000       ms
[2026-04-03T01:59:18.700+0600][10.114s][info][gc,stats    ]    Critical: GC Locker Stall                                   0 / 2                 0 / 2                 0 / 2                 0 / 2           ops/s
[2026-04-03T01:59:18.700+0600][10.114s][info][gc,stats    ]    Critical: GC Locker Stall                               0.001 / 0.001         0.001 / 0.001         0.001 / 0.001         0.001 / 0.001       ms
[2026-04-03T01:59:18.700+0600][10.114s][info][gc,stats    ]    Critical: Relocation Stall                                  0 / 0                 0 / 0                 0 / 0                 0 / 0           ops/s
[2026-04-03T01:59:18.700+0600][10.114s][info][gc,stats    ]    Critical: Relocation Stall                              0.000 / 0.000         0.000 / 0.000         0.000 / 0.000         0.000 / 0.000       ms
[2026-04-03T01:59:18.700+0600][10.114s][info][gc,stats    ]      Memory: Allocation Rate                                 193 / 882             193 / 882             193 / 882             193 / 882         MB/s
[2026-04-03T01:59:18.700+0600][10.114s][info][gc,stats    ]      Memory: Defragment                                        3 / 32                3 / 32                3 / 32                3 / 32          ops/s
[2026-04-03T01:59:18.700+0600][10.114s][info][gc,stats    ]      Memory: Out Of Memory                                     0 / 0                 0 / 0                 0 / 0                 0 / 0           ops/s
[2026-04-03T01:59:18.700+0600][10.114s][info][gc,stats    ]      Memory: Page Cache Flush                                  6 / 64                6 / 64                6 / 64                6 / 64          MB/s
[2026-04-03T01:59:18.700+0600][10.114s][info][gc,stats    ]      Memory: Page Cache Hit L1                                66 / 329              66 / 329              66 / 329              66 / 329         ops/s
[2026-04-03T01:59:18.700+0600][10.114s][info][gc,stats    ]      Memory: Page Cache Hit L2                                 0 / 0                 0 / 0                 0 / 0                 0 / 0           ops/s
[2026-04-03T01:59:18.700+0600][10.114s][info][gc,stats    ]      Memory: Page Cache Hit L3                                15 / 77               15 / 77               15 / 77               15 / 77          ops/s
[2026-04-03T01:59:18.700+0600][10.114s][info][gc,stats    ]      Memory: Page Cache Miss                                  17 / 123              17 / 123              17 / 123              17 / 123         ops/s
[2026-04-03T01:59:18.700+0600][10.114s][info][gc,stats    ]      Memory: Uncommit                                          0 / 0                 0 / 0                 0 / 0                 0 / 0           MB/s
[2026-04-03T01:59:18.700+0600][10.114s][info][gc,stats    ]      Memory: Undo Object Allocation Failed                     0 / 0                 0 / 0                 0 / 0                 0 / 0           ops/s
[2026-04-03T01:59:18.700+0600][10.114s][info][gc,stats    ]      Memory: Undo Object Allocation Succeeded                  0 / 0                 0 / 0                 0 / 0                 0 / 0           ops/s
[2026-04-03T01:59:18.700+0600][10.114s][info][gc,stats    ]      Memory: Undo Page Allocation                              0 / 0                 0 / 0                 0 / 0                 0 / 0           ops/s
[2026-04-03T01:59:18.700+0600][10.115s][info][gc,stats    ]       Phase: Concurrent Mark                              37.073 / 88.073       37.073 / 88.073       37.073 / 88.073       37.073 / 88.073      ms
[2026-04-03T01:59:18.700+0600][10.115s][info][gc,stats    ]       Phase: Concurrent Mark Continue                      0.000 / 0.000         0.000 / 0.000         0.000 / 0.000         0.000 / 0.000       ms
[2026-04-03T01:59:18.700+0600][10.115s][info][gc,stats    ]       Phase: Concurrent Mark Free                          0.002 / 0.003         0.002 / 0.003         0.002 / 0.003         0.002 / 0.003       ms
[2026-04-03T01:59:18.700+0600][10.115s][info][gc,stats    ]       Phase: Concurrent Process Non-Strong References      3.012 / 4.006         3.012 / 4.006         3.012 / 4.006         3.012 / 4.006       ms
[2026-04-03T01:59:18.700+0600][10.115s][info][gc,stats    ]       Phase: Concurrent Relocate                          16.162 / 48.455       16.162 / 48.455       16.162 / 48.455       16.162 / 48.455      ms
[2026-04-03T01:59:18.700+0600][10.115s][info][gc,stats    ]       Phase: Concurrent Reset Relocation Set               0.011 / 0.023         0.011 / 0.023         0.011 / 0.023         0.011 / 0.023       ms
[2026-04-03T01:59:18.700+0600][10.115s][info][gc,stats    ]       Phase: Concurrent Select Relocation Set              7.259 / 22.015        7.259 / 22.015        7.259 / 22.015        7.259 / 22.015      ms
[2026-04-03T01:59:18.700+0600][10.115s][info][gc,stats    ]       Phase: Pause Mark End                                0.021 / 0.036         0.021 / 0.036         0.021 / 0.036         0.021 / 0.036       ms
[2026-04-03T01:59:18.700+0600][10.115s][info][gc,stats    ]       Phase: Pause Mark Start                              0.009 / 0.010         0.009 / 0.010         0.009 / 0.010         0.009 / 0.010       ms
[2026-04-03T01:59:18.700+0600][10.115s][info][gc,stats    ]       Phase: Pause Relocate Start                          0.030 / 0.138         0.030 / 0.138         0.030 / 0.138         0.030 / 0.138       ms
[2026-04-03T01:59:18.700+0600][10.115s][info][gc,stats    ]    Subphase: Concurrent Classes Purge                      0.138 / 0.281         0.138 / 0.281         0.138 / 0.281         0.138 / 0.281       ms
[2026-04-03T01:59:18.700+0600][10.115s][info][gc,stats    ]    Subphase: Concurrent Classes Unlink                     1.894 / 2.600         1.894 / 2.600         1.894 / 2.600         1.894 / 2.600       ms
[2026-04-03T01:59:18.700+0600][10.115s][info][gc,stats    ]    Subphase: Concurrent Mark                              35.590 / 87.310       35.590 / 87.310       35.590 / 87.310       35.590 / 87.310      ms
[2026-04-03T01:59:18.700+0600][10.115s][info][gc,stats    ]    Subphase: Concurrent Mark Try Flush                     0.244 / 0.774         0.244 / 0.774         0.244 / 0.774         0.244 / 0.774       ms
[2026-04-03T01:59:18.700+0600][10.115s][info][gc,stats    ]    Subphase: Concurrent Mark Try Terminate                 0.733 / 1.188         0.733 / 1.188         0.733 / 1.188         0.733 / 1.188       ms
[2026-04-03T01:59:18.700+0600][10.115s][info][gc,stats    ]    Subphase: Concurrent References Enqueue                 0.004 / 0.010         0.004 / 0.010         0.004 / 0.010         0.004 / 0.010       ms
[2026-04-03T01:59:18.700+0600][10.115s][info][gc,stats    ]    Subphase: Concurrent References Process                 0.230 / 0.317         0.230 / 0.317         0.230 / 0.317         0.230 / 0.317       ms
[2026-04-03T01:59:18.700+0600][10.115s][info][gc,stats    ]    Subphase: Concurrent Roots ClassLoaderDataGraph         0.141 / 0.382         0.141 / 0.382         0.141 / 0.382         0.141 / 0.382       ms
[2026-04-03T01:59:18.700+0600][10.115s][info][gc,stats    ]    Subphase: Concurrent Roots CodeCache                    0.000 / 0.000         0.000 / 0.000         0.000 / 0.000         0.000 / 0.000       ms
[2026-04-03T01:59:18.700+0600][10.115s][info][gc,stats    ]    Subphase: Concurrent Roots JavaThreads                  0.428 / 1.948         0.428 / 1.948         0.428 / 1.948         0.428 / 1.948       ms
[2026-04-03T01:59:18.700+0600][10.115s][info][gc,stats    ]    Subphase: Concurrent Roots OopStorageSet                0.052 / 0.131         0.052 / 0.131         0.052 / 0.131         0.052 / 0.131       ms
[2026-04-03T01:59:18.700+0600][10.115s][info][gc,stats    ]    Subphase: Concurrent Weak Roots OopStorageSet           0.429 / 0.669         0.429 / 0.669         0.429 / 0.669         0.429 / 0.669       ms
[2026-04-03T01:59:18.700+0600][10.115s][info][gc,stats    ]    Subphase: Pause Mark Try Complete                       0.000 / 0.000         0.000 / 0.000         0.000 / 0.000         0.000 / 0.000       ms
[2026-04-03T01:59:18.700+0600][10.115s][info][gc,stats    ]      System: Java Threads                                     31 / 53               31 / 53               31 / 53               31 / 53          threads
[2026-04-03T01:59:18.700+0600][10.115s][info][gc,stats    ] =========================================================================================================================================================
[2026-04-03T01:59:18.722+0600][10.136s][info][gc,phases   ] GC(6) Concurrent Relocate 24.230ms
[2026-04-03T01:59:18.722+0600][10.136s][info][gc,load     ] GC(6) Load: 2.12/4.54/6.19
[2026-04-03T01:59:18.722+0600][10.137s][info][gc,mmu      ] GC(6) MMU: 2ms/93.1%, 5ms/97.2%, 10ms/98.4%, 20ms/99.2%, 50ms/99.7%, 100ms/99.8%
[2026-04-03T01:59:18.722+0600][10.137s][info][gc,marking  ] GC(6) Mark: 2 stripe(s), 5 proactive flush(es), 1 terminate flush(es), 0 completion(s), 0 continuation(s) 
[2026-04-03T01:59:18.722+0600][10.137s][info][gc,marking  ] GC(6) Mark Stack Usage: 32M
[2026-04-03T01:59:18.722+0600][10.137s][info][gc,nmethod  ] GC(6) NMethods: 3047 registered, 140 unregistered
[2026-04-03T01:59:18.722+0600][10.137s][info][gc,metaspace] GC(6) Metaspace: 47M used, 48M committed, 1088M reserved
[2026-04-03T01:59:18.722+0600][10.137s][info][gc,ref      ] GC(6) Soft: 3982 encountered, 0 discovered, 0 enqueued
[2026-04-03T01:59:18.722+0600][10.137s][info][gc,ref      ] GC(6) Weak: 2727 encountered, 262 discovered, 0 enqueued
[2026-04-03T01:59:18.722+0600][10.137s][info][gc,ref      ] GC(6) Final: 82 encountered, 0 discovered, 0 enqueued
[2026-04-03T01:59:18.722+0600][10.137s][info][gc,ref      ] GC(6) Phantom: 580 encountered, 575 discovered, 0 enqueued
[2026-04-03T01:59:18.722+0600][10.137s][info][gc,reloc    ] GC(6) Small Pages: 179 / 358M, Empty: 0M, Relocated: 23M, In-Place: 0
[2026-04-03T01:59:18.722+0600][10.137s][info][gc,reloc    ] GC(6) Medium Pages: 1 / 32M, Empty: 0M, Relocated: 0M, In-Place: 0
[2026-04-03T01:59:18.722+0600][10.137s][info][gc,reloc    ] GC(6) Large Pages: 0 / 0M, Empty: 0M, Relocated: 0M, In-Place: 0
[2026-04-03T01:59:18.722+0600][10.137s][info][gc,reloc    ] GC(6) Forwarding Usage: 17M
[2026-04-03T01:59:18.722+0600][10.137s][info][gc,heap     ] GC(6) Min Capacity: 8M(1%)
[2026-04-03T01:59:18.722+0600][10.137s][info][gc,heap     ] GC(6) Max Capacity: 1250M(100%)
[2026-04-03T01:59:18.722+0600][10.137s][info][gc,heap     ] GC(6) Soft Max Capacity: 1250M(100%)
[2026-04-03T01:59:18.722+0600][10.137s][info][gc,heap     ] GC(6)                Mark Start          Mark End        Relocate Start      Relocate End           High               Low         
[2026-04-03T01:59:18.722+0600][10.137s][info][gc,heap     ] GC(6)  Capacity:      674M (54%)         674M (54%)         674M (54%)         674M (54%)         674M (54%)         674M (54%)    
[2026-04-03T01:59:18.722+0600][10.137s][info][gc,heap     ] GC(6)      Free:      860M (69%)         798M (64%)         788M (63%)        1018M (81%)        1018M (81%)         784M (63%)    
[2026-04-03T01:59:18.722+0600][10.137s][info][gc,heap     ] GC(6)      Used:      390M (31%)         452M (36%)         462M (37%)         232M (19%)         466M (37%)         232M (19%)    
[2026-04-03T01:59:18.722+0600][10.137s][info][gc,heap     ] GC(6)      Live:         -               109M (9%)          109M (9%)          109M (9%)             -                  -          
[2026-04-03T01:59:18.722+0600][10.137s][info][gc,heap     ] GC(6) Allocated:         -                62M (5%)           72M (6%)           91M (7%)             -                  -          
[2026-04-03T01:59:18.722+0600][10.137s][info][gc,heap     ] GC(6)   Garbage:         -               280M (22%)         280M (22%)          30M (2%)             -                  -          
[2026-04-03T01:59:18.722+0600][10.137s][info][gc,heap     ] GC(6) Reclaimed:         -                  -                 0M (0%)          249M (20%)            -                  -          
[2026-04-03T01:59:18.722+0600][10.137s][info][gc          ] GC(6) Garbage Collection (Allocation Rate) 390M(31%)->232M(19%)
[2026-04-03T01:59:19.900+0600][11.314s][info][gc,start    ] GC(7) Garbage Collection (Allocation Rate)
[2026-04-03T01:59:19.900+0600][11.314s][info][gc,task     ] GC(7) Using 3 workers
[2026-04-03T01:59:19.900+0600][11.315s][info][gc,phases   ] GC(7) Pause Mark Start 0.011ms
[2026-04-03T01:59:19.924+0600][11.339s][info][gc,phases   ] GC(7) Concurrent Mark 23.900ms
[2026-04-03T01:59:19.925+0600][11.339s][info][gc,phases   ] GC(7) Pause Mark End 0.025ms
[2026-04-03T01:59:19.925+0600][11.339s][info][gc,phases   ] GC(7) Concurrent Mark Free 0.002ms
[2026-04-03T01:59:19.929+0600][11.343s][info][gc,phases   ] GC(7) Concurrent Process Non-Strong References 4.045ms
[2026-04-03T01:59:19.929+0600][11.343s][info][gc,phases   ] GC(7) Concurrent Reset Relocation Set 0.014ms
[2026-04-03T01:59:19.934+0600][11.349s][info][gc,phases   ] GC(7) Concurrent Select Relocation Set 5.262ms
[2026-04-03T01:59:19.935+0600][11.350s][info][gc,phases   ] GC(7) Pause Relocate Start 0.012ms
[2026-04-03T01:59:19.951+0600][11.366s][info][gc,phases   ] GC(7) Concurrent Relocate 16.014ms
[2026-04-03T01:59:19.951+0600][11.366s][info][gc,load     ] GC(7) Load: 2.11/4.50/6.16
[2026-04-03T01:59:19.951+0600][11.366s][info][gc,mmu      ] GC(7) MMU: 2ms/93.1%, 5ms/97.2%, 10ms/98.4%, 20ms/99.2%, 50ms/99.7%, 100ms/99.8%
[2026-04-03T01:59:19.951+0600][11.366s][info][gc,marking  ] GC(7) Mark: 2 stripe(s), 6 proactive flush(es), 1 terminate flush(es), 0 completion(s), 0 continuation(s) 
[2026-04-03T01:59:19.951+0600][11.366s][info][gc,marking  ] GC(7) Mark Stack Usage: 32M
[2026-04-03T01:59:19.951+0600][11.366s][info][gc,nmethod  ] GC(7) NMethods: 3173 registered, 221 unregistered
[2026-04-03T01:59:19.951+0600][11.366s][info][gc,metaspace] GC(7) Metaspace: 51M used, 51M committed, 1088M reserved
[2026-04-03T01:59:19.952+0600][11.366s][info][gc,ref      ] GC(7) Soft: 4010 encountered, 0 discovered, 0 enqueued
[2026-04-03T01:59:19.952+0600][11.366s][info][gc,ref      ] GC(7) Weak: 3137 encountered, 445 discovered, 169 enqueued
[2026-04-03T01:59:19.952+0600][11.366s][info][gc,ref      ] GC(7) Final: 82 encountered, 1 discovered, 0 enqueued
[2026-04-03T01:59:19.952+0600][11.366s][info][gc,ref      ] GC(7) Phantom: 584 encountered, 424 discovered, 1 enqueued
[2026-04-03T01:59:19.952+0600][11.366s][info][gc,reloc    ] GC(7) Small Pages: 306 / 612M, Empty: 508M, Relocated: 6M, In-Place: 0
[2026-04-03T01:59:19.952+0600][11.366s][info][gc,reloc    ] GC(7) Medium Pages: 2 / 64M, Empty: 0M, Relocated: 6M, In-Place: 0
[2026-04-03T01:59:19.952+0600][11.366s][info][gc,reloc    ] GC(7) Large Pages: 0 / 0M, Empty: 0M, Relocated: 0M, In-Place: 0
[2026-04-03T01:59:19.952+0600][11.366s][info][gc,reloc    ] GC(7) Forwarding Usage: 1M
[2026-04-03T01:59:19.952+0600][11.366s][info][gc,heap     ] GC(7) Min Capacity: 8M(1%)
[2026-04-03T01:59:19.952+0600][11.366s][info][gc,heap     ] GC(7) Max Capacity: 1250M(100%)
[2026-04-03T01:59:19.952+0600][11.366s][info][gc,heap     ] GC(7) Soft Max Capacity: 1250M(100%)
[2026-04-03T01:59:19.952+0600][11.366s][info][gc,heap     ] GC(7)                Mark Start          Mark End        Relocate Start      Relocate End           High               Low         
[2026-04-03T01:59:19.952+0600][11.366s][info][gc,heap     ] GC(7)  Capacity:      706M (56%)         706M (56%)         706M (56%)         738M (59%)         738M (59%)         706M (56%)    
[2026-04-03T01:59:19.952+0600][11.366s][info][gc,heap     ] GC(7)      Free:      574M (46%)         572M (46%)        1078M (86%)        1184M (95%)        1184M (95%)         572M (46%)    
[2026-04-03T01:59:19.952+0600][11.366s][info][gc,heap     ] GC(7)      Used:      676M (54%)         678M (54%)         172M (14%)          66M (5%)          678M (54%)          66M (5%)     
[2026-04-03T01:59:19.952+0600][11.366s][info][gc,heap     ] GC(7)      Live:         -                31M (3%)           31M (3%)           31M (3%)             -                  -          
[2026-04-03T01:59:19.952+0600][11.366s][info][gc,heap     ] GC(7) Allocated:         -                 2M (0%)            4M (0%)            5M (0%)             -                  -          
[2026-04-03T01:59:19.952+0600][11.366s][info][gc,heap     ] GC(7)   Garbage:         -               644M (52%)         136M (11%)          28M (2%)             -                  -          
[2026-04-03T01:59:19.952+0600][11.366s][info][gc,heap     ] GC(7) Reclaimed:         -                  -               508M (41%)         615M (49%)            -                  -          
[2026-04-03T01:59:19.952+0600][11.366s][info][gc          ] GC(7) Garbage Collection (Allocation Rate) 676M(54%)->66M(5%)
[2026-04-03T01:59:21.017+0600][12.431s][info][gc,start    ] GC(8) Garbage Collection (System.gc())
[2026-04-03T01:59:21.017+0600][12.431s][info][gc,task     ] GC(8) Using 3 workers
[2026-04-03T01:59:21.017+0600][12.431s][info][gc,phases   ] GC(8) Pause Mark Start 0.010ms
[2026-04-03T01:59:21.037+0600][12.451s][info][gc,phases   ] GC(8) Concurrent Mark 19.721ms
[2026-04-03T01:59:21.037+0600][12.452s][info][gc,phases   ] GC(8) Pause Mark End 0.024ms
[2026-04-03T01:59:21.037+0600][12.452s][info][gc,phases   ] GC(8) Concurrent Mark Free 0.003ms
[2026-04-03T01:59:21.041+0600][12.456s][info][gc,phases   ] GC(8) Concurrent Process Non-Strong References 4.040ms
[2026-04-03T01:59:21.041+0600][12.456s][info][gc,phases   ] GC(8) Concurrent Reset Relocation Set 0.005ms
[2026-04-03T01:59:21.044+0600][12.458s][info][gc,phases   ] GC(8) Concurrent Select Relocation Set 2.527ms
[2026-04-03T01:59:21.044+0600][12.459s][info][gc,phases   ] GC(8) Pause Relocate Start 0.012ms
[2026-04-03T01:59:21.045+0600][12.460s][info][gc,phases   ] GC(8) Concurrent Relocate 1.240ms
[2026-04-03T01:59:21.045+0600][12.460s][info][gc,load     ] GC(8) Load: 2.11/4.50/6.16
[2026-04-03T01:59:21.045+0600][12.460s][info][gc,mmu      ] GC(8) MMU: 2ms/93.1%, 5ms/97.2%, 10ms/98.4%, 20ms/99.2%, 50ms/99.7%, 100ms/99.8%
[2026-04-03T01:59:21.046+0600][12.460s][info][gc,marking  ] GC(8) Mark: 2 stripe(s), 2 proactive flush(es), 1 terminate flush(es), 0 completion(s), 0 continuation(s) 
[2026-04-03T01:59:21.046+0600][12.460s][info][gc,marking  ] GC(8) Mark Stack Usage: 32M
[2026-04-03T01:59:21.046+0600][12.460s][info][gc,nmethod  ] GC(8) NMethods: 3384 registered, 280 unregistered
[2026-04-03T01:59:21.046+0600][12.460s][info][gc,metaspace] GC(8) Metaspace: 53M used, 54M committed, 1088M reserved
[2026-04-03T01:59:21.046+0600][12.460s][info][gc,ref      ] GC(8) Soft: 4140 encountered, 0 discovered, 0 enqueued
[2026-04-03T01:59:21.046+0600][12.460s][info][gc,ref      ] GC(8) Weak: 3512 encountered, 548 discovered, 180 enqueued
[2026-04-03T01:59:21.046+0600][12.460s][info][gc,ref      ] GC(8) Final: 82 encountered, 0 discovered, 0 enqueued
[2026-04-03T01:59:21.046+0600][12.460s][info][gc,ref      ] GC(8) Phantom: 586 encountered, 480 discovered, 0 enqueued
[2026-04-03T01:59:21.046+0600][12.460s][info][gc,reloc    ] GC(8) Small Pages: 32 / 64M, Empty: 0M, Relocated: 1M, In-Place: 0
[2026-04-03T01:59:21.046+0600][12.460s][info][gc,reloc    ] GC(8) Medium Pages: 2 / 64M, Empty: 32M, Relocated: 0M, In-Place: 0
[2026-04-03T01:59:21.046+0600][12.460s][info][gc,reloc    ] GC(8) Large Pages: 1 / 6M, Empty: 6M, Relocated: 0M, In-Place: 0
[2026-04-03T01:59:21.046+0600][12.460s][info][gc,reloc    ] GC(8) Forwarding Usage: 0M
[2026-04-03T01:59:21.046+0600][12.460s][info][gc,heap     ] GC(8) Min Capacity: 8M(1%)
[2026-04-03T01:59:21.046+0600][12.460s][info][gc,heap     ] GC(8) Max Capacity: 1250M(100%)
[2026-04-03T01:59:21.046+0600][12.460s][info][gc,heap     ] GC(8) Soft Max Capacity: 1250M(100%)
[2026-04-03T01:59:21.046+0600][12.460s][info][gc,heap     ] GC(8)                Mark Start          Mark End        Relocate Start      Relocate End           High               Low         
[2026-04-03T01:59:21.046+0600][12.460s][info][gc,heap     ] GC(8)  Capacity:      738M (59%)         738M (59%)         738M (59%)         738M (59%)         738M (59%)         738M (59%)    
[2026-04-03T01:59:21.046+0600][12.460s][info][gc,heap     ] GC(8)      Free:     1116M (89%)        1116M (89%)        1154M (92%)        1186M (95%)        1186M (95%)        1116M (89%)    
[2026-04-03T01:59:21.046+0600][12.460s][info][gc,heap     ] GC(8)      Used:      134M (11%)         134M (11%)          96M (8%)           64M (5%)          134M (11%)          64M (5%)     
[2026-04-03T01:59:21.046+0600][12.460s][info][gc,heap     ] GC(8)      Live:         -                30M (2%)           30M (2%)           30M (2%)             -                  -          
[2026-04-03T01:59:21.046+0600][12.460s][info][gc,heap     ] GC(8) Allocated:         -                 0M (0%)            0M (0%)            0M (0%)             -                  -          
[2026-04-03T01:59:21.046+0600][12.460s][info][gc,heap     ] GC(8)   Garbage:         -               103M (8%)           65M (5%)           33M (3%)             -                  -          
[2026-04-03T01:59:21.046+0600][12.460s][info][gc,heap     ] GC(8) Reclaimed:         -                  -                38M (3%)           70M (6%)             -                  -          
[2026-04-03T01:59:21.046+0600][12.460s][info][gc          ] GC(8) Garbage Collection (System.gc()) 134M(11%)->64M(5%)
[2026-04-03T01:59:23.399+0600][14.813s][info][gc,start    ] GC(9) Garbage Collection (Allocation Rate)
[2026-04-03T01:59:23.399+0600][14.813s][info][gc,task     ] GC(9) Using 3 workers
[2026-04-03T01:59:23.399+0600][14.814s][info][gc,phases   ] GC(9) Pause Mark Start 0.009ms
[2026-04-03T01:59:23.463+0600][14.878s][info][gc,phases   ] GC(9) Concurrent Mark 64.108ms
[2026-04-03T01:59:23.464+0600][14.878s][info][gc,phases   ] GC(9) Pause Mark End 0.023ms
[2026-04-03T01:59:23.464+0600][14.878s][info][gc,phases   ] GC(9) Concurrent Mark Free 0.002ms
[2026-04-03T01:59:23.470+0600][14.884s][info][gc,phases   ] GC(9) Concurrent Process Non-Strong References 5.867ms
[2026-04-03T01:59:23.470+0600][14.884s][info][gc,phases   ] GC(9) Concurrent Reset Relocation Set 0.003ms
[2026-04-03T01:59:23.484+0600][14.899s][info][gc,phases   ] GC(9) Concurrent Select Relocation Set 14.610ms
[2026-04-03T01:59:23.485+0600][14.899s][info][gc,phases   ] GC(9) Pause Relocate Start 0.016ms
[2026-04-03T01:59:23.531+0600][14.946s][info][gc,phases   ] GC(9) Concurrent Relocate 46.321ms
[2026-04-03T01:59:23.531+0600][14.946s][info][gc,load     ] GC(9) Load: 2.11/4.50/6.16
[2026-04-03T01:59:23.531+0600][14.946s][info][gc,mmu      ] GC(9) MMU: 2ms/93.1%, 5ms/97.2%, 10ms/98.4%, 20ms/99.2%, 50ms/99.7%, 100ms/99.8%
[2026-04-03T01:59:23.531+0600][14.946s][info][gc,marking  ] GC(9) Mark: 2 stripe(s), 3 proactive flush(es), 1 terminate flush(es), 0 completion(s), 0 continuation(s) 
[2026-04-03T01:59:23.531+0600][14.946s][info][gc,marking  ] GC(9) Mark Stack Usage: 32M
[2026-04-03T01:59:23.531+0600][14.946s][info][gc,nmethod  ] GC(9) NMethods: 4177 registered, 530 unregistered
[2026-04-03T01:59:23.531+0600][14.946s][info][gc,metaspace] GC(9) Metaspace: 60M used, 60M committed, 1088M reserved
[2026-04-03T01:59:23.531+0600][14.946s][info][gc,ref      ] GC(9) Soft: 4544 encountered, 0 discovered, 0 enqueued
[2026-04-03T01:59:23.531+0600][14.946s][info][gc,ref      ] GC(9) Weak: 5187 encountered, 1146 discovered, 543 enqueued
[2026-04-03T01:59:23.531+0600][14.946s][info][gc,ref      ] GC(9) Final: 82 encountered, 0 discovered, 0 enqueued
[2026-04-03T01:59:23.531+0600][14.946s][info][gc,ref      ] GC(9) Phantom: 593 encountered, 348 discovered, 0 enqueued
[2026-04-03T01:59:23.531+0600][14.946s][info][gc,reloc    ] GC(9) Small Pages: 332 / 664M, Empty: 0M, Relocated: 52M, In-Place: 0
[2026-04-03T01:59:23.531+0600][14.946s][info][gc,reloc    ] GC(9) Medium Pages: 2 / 64M, Empty: 32M, Relocated: 0M, In-Place: 0
[2026-04-03T01:59:23.531+0600][14.946s][info][gc,reloc    ] GC(9) Large Pages: 2 / 12M, Empty: 6M, Relocated: 0M, In-Place: 0
[2026-04-03T01:59:23.531+0600][14.946s][info][gc,reloc    ] GC(9) Forwarding Usage: 34M
[2026-04-03T01:59:23.531+0600][14.946s][info][gc,heap     ] GC(9) Min Capacity: 8M(1%)
[2026-04-03T01:59:23.531+0600][14.946s][info][gc,heap     ] GC(9) Max Capacity: 1250M(100%)
[2026-04-03T01:59:23.531+0600][14.946s][info][gc,heap     ] GC(9) Soft Max Capacity: 1250M(100%)
[2026-04-03T01:59:23.531+0600][14.946s][info][gc,heap     ] GC(9)                Mark Start          Mark End        Relocate Start      Relocate End           High               Low         
[2026-04-03T01:59:23.531+0600][14.946s][info][gc,heap     ] GC(9)  Capacity:      740M (59%)         784M (63%)         788M (63%)         788M (63%)         788M (63%)         740M (59%)    
[2026-04-03T01:59:23.532+0600][14.946s][info][gc,heap     ] GC(9)      Free:      510M (41%)         466M (37%)         490M (39%)        1008M (81%)        1010M (81%)         462M (37%)    
[2026-04-03T01:59:23.532+0600][14.946s][info][gc,heap     ] GC(9)      Used:      740M (59%)         784M (63%)         760M (61%)         242M (19%)         788M (63%)         240M (19%)    
[2026-04-03T01:59:23.532+0600][14.946s][info][gc,heap     ] GC(9)      Live:         -                84M (7%)           84M (7%)           84M (7%)             -                  -          
[2026-04-03T01:59:23.532+0600][14.946s][info][gc,heap     ] GC(9) Allocated:         -                44M (4%)           58M (5%)          125M (10%)            -                  -          
[2026-04-03T01:59:23.532+0600][14.946s][info][gc,heap     ] GC(9)   Garbage:         -               655M (52%)         617M (49%)          31M (3%)             -                  -          
[2026-04-03T01:59:23.532+0600][14.946s][info][gc,heap     ] GC(9) Reclaimed:         -                  -                38M (3%)          623M (50%)            -                  -          
[2026-04-03T01:59:23.532+0600][14.946s][info][gc          ] GC(9) Garbage Collection (Allocation Rate) 740M(59%)->242M(19%)
[2026-04-03T01:59:23.599+0600][15.014s][info][gc,start    ] GC(10) Garbage Collection (Allocation Rate)
[2026-04-03T01:59:23.599+0600][15.014s][info][gc,task     ] GC(10) Using 3 workers
[2026-04-03T01:59:23.600+0600][15.014s][info][gc,phases   ] GC(10) Pause Mark Start 0.009ms
[2026-04-03T01:59:23.691+0600][15.106s][info][gc,phases   ] GC(10) Concurrent Mark 91.363ms
[2026-04-03T01:59:23.691+0600][15.106s][info][gc,phases   ] GC(10) Pause Mark End 0.020ms
[2026-04-03T01:59:23.692+0600][15.106s][info][gc,phases   ] GC(10) Concurrent Mark Free 0.004ms
[2026-04-03T01:59:23.696+0600][15.111s][info][gc,phases   ] GC(10) Concurrent Process Non-Strong References 4.673ms
[2026-04-03T01:59:23.696+0600][15.111s][info][gc,phases   ] GC(10) Concurrent Reset Relocation Set 0.023ms
[2026-04-03T01:59:23.701+0600][15.116s][info][gc,phases   ] GC(10) Concurrent Select Relocation Set 4.904ms
[2026-04-03T01:59:23.701+0600][15.116s][info][gc,phases   ] GC(10) Pause Relocate Start 0.011ms
[2026-04-03T01:59:23.721+0600][15.135s][info][gc,phases   ] GC(10) Concurrent Relocate 19.081ms
[2026-04-03T01:59:23.721+0600][15.135s][info][gc,load     ] GC(10) Load: 2.11/4.50/6.16
[2026-04-03T01:59:23.721+0600][15.135s][info][gc,mmu      ] GC(10) MMU: 2ms/93.1%, 5ms/97.2%, 10ms/98.4%, 20ms/99.2%, 50ms/99.7%, 100ms/99.8%
[2026-04-03T01:59:23.721+0600][15.135s][info][gc,marking  ] GC(10) Mark: 2 stripe(s), 2 proactive flush(es), 1 terminate flush(es), 0 completion(s), 0 continuation(s) 
[2026-04-03T01:59:23.721+0600][15.135s][info][gc,marking  ] GC(10) Mark Stack Usage: 32M
[2026-04-03T01:59:23.721+0600][15.135s][info][gc,nmethod  ] GC(10) NMethods: 4185 registered, 530 unregistered
[2026-04-03T01:59:23.721+0600][15.135s][info][gc,metaspace] GC(10) Metaspace: 60M used, 60M committed, 1088M reserved
[2026-04-03T01:59:23.721+0600][15.135s][info][gc,ref      ] GC(10) Soft: 4544 encountered, 0 discovered, 0 enqueued
[2026-04-03T01:59:23.721+0600][15.135s][info][gc,ref      ] GC(10) Weak: 4644 encountered, 2544 discovered, 0 enqueued
[2026-04-03T01:59:23.721+0600][15.135s][info][gc,ref      ] GC(10) Final: 82 encountered, 0 discovered, 0 enqueued
[2026-04-03T01:59:23.721+0600][15.135s][info][gc,ref      ] GC(10) Phantom: 593 encountered, 578 discovered, 0 enqueued
[2026-04-03T01:59:23.721+0600][15.135s][info][gc,reloc    ] GC(10) Small Pages: 152 / 304M, Empty: 0M, Relocated: 20M, In-Place: 0
[2026-04-03T01:59:23.721+0600][15.135s][info][gc,reloc    ] GC(10) Medium Pages: 1 / 32M, Empty: 0M, Relocated: 0M, In-Place: 0
[2026-04-03T01:59:23.721+0600][15.135s][info][gc,reloc    ] GC(10) Large Pages: 2 / 16M, Empty: 6M, Relocated: 0M, In-Place: 0
[2026-04-03T01:59:23.721+0600][15.135s][info][gc,reloc    ] GC(10) Forwarding Usage: 14M
[2026-04-03T01:59:23.721+0600][15.135s][info][gc,heap     ] GC(10) Min Capacity: 8M(1%)
[2026-04-03T01:59:23.721+0600][15.135s][info][gc,heap     ] GC(10) Max Capacity: 1250M(100%)
[2026-04-03T01:59:23.721+0600][15.135s][info][gc,heap     ] GC(10) Soft Max Capacity: 1250M(100%)
[2026-04-03T01:59:23.721+0600][15.135s][info][gc,heap     ] GC(10)                Mark Start          Mark End        Relocate Start      Relocate End           High               Low         
[2026-04-03T01:59:23.721+0600][15.135s][info][gc,heap     ] GC(10)  Capacity:      788M (63%)         788M (63%)         788M (63%)         788M (63%)         788M (63%)         788M (63%)    
[2026-04-03T01:59:23.721+0600][15.135s][info][gc,heap     ] GC(10)      Free:      898M (72%)         750M (60%)         740M (59%)         914M (73%)         914M (73%)         734M (59%)    
[2026-04-03T01:59:23.721+0600][15.135s][info][gc,heap     ] GC(10)      Used:      352M (28%)         500M (40%)         510M (41%)         336M (27%)         516M (41%)         336M (27%)    
[2026-04-03T01:59:23.721+0600][15.135s][info][gc,heap     ] GC(10)      Live:         -               107M (9%)          107M (9%)          107M (9%)             -                  -          
[2026-04-03T01:59:23.721+0600][15.135s][info][gc,heap     ] GC(10) Allocated:         -               148M (12%)         164M (13%)         195M (16%)            -                  -          
[2026-04-03T01:59:23.721+0600][15.135s][info][gc,heap     ] GC(10)   Garbage:         -               244M (20%)         238M (19%)          32M (3%)             -                  -          
[2026-04-03T01:59:23.721+0600][15.135s][info][gc,heap     ] GC(10) Reclaimed:         -                  -                 6M (0%)          211M (17%)            -                  -          
[2026-04-03T01:59:23.721+0600][15.135s][info][gc          ] GC(10) Garbage Collection (Allocation Rate) 352M(28%)->336M(27%)
[2026-04-03T01:59:23.800+0600][15.214s][info][gc,start    ] GC(11) Garbage Collection (Allocation Rate)
[2026-04-03T01:59:23.800+0600][15.214s][info][gc,task     ] GC(11) Using 3 workers
[2026-04-03T01:59:23.800+0600][15.214s][info][gc,phases   ] GC(11) Pause Mark Start 0.010ms
[2026-04-03T01:59:23.904+0600][15.319s][info][gc,phases   ] GC(11) Concurrent Mark 104.301ms
[2026-04-03T01:59:23.905+0600][15.319s][info][gc,phases   ] GC(11) Pause Mark End 0.025ms
[2026-04-03T01:59:23.905+0600][15.319s][info][gc,phases   ] GC(11) Concurrent Mark Free 0.002ms
[2026-04-03T01:59:23.911+0600][15.325s][info][gc,phases   ] GC(11) Concurrent Process Non-Strong References 5.802ms
[2026-04-03T01:59:23.911+0600][15.325s][info][gc,phases   ] GC(11) Concurrent Reset Relocation Set 0.010ms
[2026-04-03T01:59:23.915+0600][15.329s][info][gc,phases   ] GC(11) Concurrent Select Relocation Set 4.020ms
[2026-04-03T01:59:23.925+0600][15.339s][info][gc,phases   ] GC(11) Pause Relocate Start 0.014ms
[2026-04-03T01:59:23.945+0600][15.359s][info][gc,phases   ] GC(11) Concurrent Relocate 19.511ms
[2026-04-03T01:59:23.945+0600][15.359s][info][gc,load     ] GC(11) Load: 2.11/4.50/6.16
[2026-04-03T01:59:23.945+0600][15.359s][info][gc,mmu      ] GC(11) MMU: 2ms/93.1%, 5ms/97.2%, 10ms/98.4%, 20ms/99.2%, 50ms/99.7%, 100ms/99.8%
[2026-04-03T01:59:23.945+0600][15.359s][info][gc,marking  ] GC(11) Mark: 2 stripe(s), 2 proactive flush(es), 1 terminate flush(es), 0 completion(s), 0 continuation(s) 
[2026-04-03T01:59:23.945+0600][15.359s][info][gc,marking  ] GC(11) Mark Stack Usage: 32M
[2026-04-03T01:59:23.945+0600][15.359s][info][gc,nmethod  ] GC(11) NMethods: 4294 registered, 546 unregistered
[2026-04-03T01:59:23.945+0600][15.359s][info][gc,metaspace] GC(11) Metaspace: 61M used, 61M committed, 1088M reserved
[2026-04-03T01:59:23.945+0600][15.359s][info][gc,ref      ] GC(11) Soft: 4570 encountered, 0 discovered, 0 enqueued
[2026-04-03T01:59:23.945+0600][15.359s][info][gc,ref      ] GC(11) Weak: 4937 encountered, 2788 discovered, 99 enqueued
[2026-04-03T01:59:23.945+0600][15.359s][info][gc,ref      ] GC(11) Final: 82 encountered, 1 discovered, 0 enqueued
[2026-04-03T01:59:23.945+0600][15.359s][info][gc,ref      ] GC(11) Phantom: 592 encountered, 577 discovered, 0 enqueued
[2026-04-03T01:59:23.945+0600][15.359s][info][gc,reloc    ] GC(11) Small Pages: 154 / 308M, Empty: 0M, Relocated: 19M, In-Place: 0
[2026-04-03T01:59:23.945+0600][15.359s][info][gc,reloc    ] GC(11) Medium Pages: 2 / 64M, Empty: 32M, Relocated: 0M, In-Place: 0
[2026-04-03T01:59:23.945+0600][15.359s][info][gc,reloc    ] GC(11) Large Pages: 2 / 16M, Empty: 10M, Relocated: 0M, In-Place: 0
[2026-04-03T01:59:23.945+0600][15.359s][info][gc,reloc    ] GC(11) Forwarding Usage: 12M
[2026-04-03T01:59:23.945+0600][15.359s][info][gc,heap     ] GC(11) Min Capacity: 8M(1%)
[2026-04-03T01:59:23.945+0600][15.359s][info][gc,heap     ] GC(11) Max Capacity: 1250M(100%)
[2026-04-03T01:59:23.945+0600][15.359s][info][gc,heap     ] GC(11) Soft Max Capacity: 1250M(100%)
[2026-04-03T01:59:23.945+0600][15.359s][info][gc,heap     ] GC(11)                Mark Start          Mark End        Relocate Start      Relocate End           High               Low         
[2026-04-03T01:59:23.945+0600][15.359s][info][gc,heap     ] GC(11)  Capacity:      820M (66%)         820M (66%)         852M (68%)         852M (68%)         852M (68%)         820M (66%)    
[2026-04-03T01:59:23.945+0600][15.359s][info][gc,heap     ] GC(11)      Free:      862M (69%)         848M (68%)         858M (69%)        1050M (84%)        1050M (84%)         816M (65%)    
[2026-04-03T01:59:23.945+0600][15.359s][info][gc,heap     ] GC(11)      Used:      388M (31%)         402M (32%)         392M (31%)         200M (16%)         434M (35%)         200M (16%)    
[2026-04-03T01:59:23.945+0600][15.359s][info][gc,heap     ] GC(11)      Live:         -               120M (10%)         120M (10%)         120M (10%)            -                  -          
[2026-04-03T01:59:23.945+0600][15.359s][info][gc,heap     ] GC(11) Allocated:         -                14M (1%)           46M (4%)           49M (4%)             -                  -          
[2026-04-03T01:59:23.945+0600][15.359s][info][gc,heap     ] GC(11)   Garbage:         -               267M (21%)         225M (18%)          29M (2%)             -                  -          
[2026-04-03T01:59:23.945+0600][15.359s][info][gc,heap     ] GC(11) Reclaimed:         -                  -                42M (3%)          237M (19%)            -                  -          
[2026-04-03T01:59:23.945+0600][15.359s][info][gc          ] GC(11) Garbage Collection (Allocation Rate) 388M(31%)->200M(16%)
[2026-04-03T01:59:23.999+0600][15.413s][info][gc,start    ] GC(12) Garbage Collection (Allocation Rate)
[2026-04-03T01:59:23.999+0600][15.413s][info][gc,task     ] GC(12) Using 3 workers
[2026-04-03T01:59:23.999+0600][15.414s][info][gc,phases   ] GC(12) Pause Mark Start 0.009ms
[2026-04-03T01:59:24.117+0600][15.532s][info][gc,phases   ] GC(12) Concurrent Mark 117.979ms
[2026-04-03T01:59:24.118+0600][15.532s][info][gc,phases   ] GC(12) Pause Mark End 0.035ms
[2026-04-03T01:59:24.118+0600][15.532s][info][gc,phases   ] GC(12) Concurrent Mark Free 0.004ms
[2026-04-03T01:59:24.125+0600][15.540s][info][gc,phases   ] GC(12) Concurrent Process Non-Strong References 7.348ms
[2026-04-03T01:59:24.126+0600][15.540s][info][gc,phases   ] GC(12) Concurrent Reset Relocation Set 0.027ms
[2026-04-03T01:59:24.131+0600][15.546s][info][gc,phases   ] GC(12) Concurrent Select Relocation Set 5.745ms
[2026-04-03T01:59:24.132+0600][15.546s][info][gc,phases   ] GC(12) Pause Relocate Start 0.016ms
[2026-04-03T01:59:24.135+0600][15.550s][info][gc,phases   ] GC(12) Concurrent Relocate 3.576ms
[2026-04-03T01:59:24.135+0600][15.550s][info][gc,load     ] GC(12) Load: 2.11/4.50/6.16
[2026-04-03T01:59:24.135+0600][15.550s][info][gc,mmu      ] GC(12) MMU: 2ms/93.1%, 5ms/97.2%, 10ms/98.4%, 20ms/99.2%, 50ms/99.7%, 100ms/99.8%
[2026-04-03T01:59:24.135+0600][15.550s][info][gc,marking  ] GC(12) Mark: 2 stripe(s), 2 proactive flush(es), 1 terminate flush(es), 0 completion(s), 0 continuation(s) 
[2026-04-03T01:59:24.135+0600][15.550s][info][gc,marking  ] GC(12) Mark Stack Usage: 32M
[2026-04-03T01:59:24.136+0600][15.550s][info][gc,nmethod  ] GC(12) NMethods: 4454 registered, 561 unregistered
[2026-04-03T01:59:24.136+0600][15.550s][info][gc,metaspace] GC(12) Metaspace: 62M used, 62M committed, 1088M reserved
[2026-04-03T01:59:24.136+0600][15.550s][info][gc,ref      ] GC(12) Soft: 4697 encountered, 0 discovered, 0 enqueued
[2026-04-03T01:59:24.136+0600][15.550s][info][gc,ref      ] GC(12) Weak: 5374 encountered, 3000 discovered, 200 enqueued
[2026-04-03T01:59:24.136+0600][15.550s][info][gc,ref      ] GC(12) Final: 82 encountered, 1 discovered, 0 enqueued
[2026-04-03T01:59:24.136+0600][15.550s][info][gc,ref      ] GC(12) Phantom: 592 encountered, 459 discovered, 0 enqueued
[2026-04-03T01:59:24.136+0600][15.550s][info][gc,reloc    ] GC(12) Small Pages: 69 / 138M, Empty: 2M, Relocated: 1M, In-Place: 0
[2026-04-03T01:59:24.136+0600][15.550s][info][gc,reloc    ] GC(12) Medium Pages: 2 / 64M, Empty: 32M, Relocated: 0M, In-Place: 0
[2026-04-03T01:59:24.136+0600][15.550s][info][gc,reloc    ] GC(12) Large Pages: 1 / 6M, Empty: 0M, Relocated: 0M, In-Place: 0
[2026-04-03T01:59:24.136+0600][15.550s][info][gc,reloc    ] GC(12) Forwarding Usage: 0M
[2026-04-03T01:59:24.136+0600][15.550s][info][gc,heap     ] GC(12) Min Capacity: 8M(1%)
[2026-04-03T01:59:24.136+0600][15.550s][info][gc,heap     ] GC(12) Max Capacity: 1250M(100%)
[2026-04-03T01:59:24.136+0600][15.550s][info][gc,heap     ] GC(12) Soft Max Capacity: 1250M(100%)
[2026-04-03T01:59:24.136+0600][15.550s][info][gc,heap     ] GC(12)                Mark Start          Mark End        Relocate Start      Relocate End           High               Low         
[2026-04-03T01:59:24.136+0600][15.550s][info][gc,heap     ] GC(12)  Capacity:      852M (68%)         852M (68%)         852M (68%)         852M (68%)         852M (68%)         852M (68%)    
[2026-04-03T01:59:24.136+0600][15.550s][info][gc,heap     ] GC(12)      Free:     1042M (83%)        1012M (81%)        1042M (83%)        1062M (85%)        1062M (85%)        1008M (81%)    
[2026-04-03T01:59:24.136+0600][15.550s][info][gc,heap     ] GC(12)      Used:      208M (17%)         238M (19%)         208M (17%)         188M (15%)         242M (19%)         188M (15%)    
[2026-04-03T01:59:24.136+0600][15.550s][info][gc,heap     ] GC(12)      Live:         -               120M (10%)         120M (10%)         120M (10%)            -                  -          
[2026-04-03T01:59:24.136+0600][15.550s][info][gc,heap     ] GC(12) Allocated:         -                30M (2%)           34M (3%)           33M (3%)             -                  -          
[2026-04-03T01:59:24.136+0600][15.550s][info][gc,heap     ] GC(12)   Garbage:         -                87M (7%)           53M (4%)           33M (3%)             -                  -          
[2026-04-03T01:59:24.136+0600][15.550s][info][gc,heap     ] GC(12) Reclaimed:         -                  -                34M (3%)           53M (4%)             -                  -          
[2026-04-03T01:59:24.136+0600][15.550s][info][gc          ] GC(12) Garbage Collection (Allocation Rate) 208M(17%)->188M(15%)
[2026-04-03T01:59:24.600+0600][16.014s][info][gc,start    ] GC(13) Garbage Collection (Allocation Rate)
[2026-04-03T01:59:24.600+0600][16.014s][info][gc,task     ] GC(13) Using 3 workers
[2026-04-03T01:59:24.600+0600][16.014s][info][gc,phases   ] GC(13) Pause Mark Start 0.009ms
[2026-04-03T01:59:24.729+0600][16.144s][info][gc,phases   ] GC(13) Concurrent Mark 128.921ms
[2026-04-03T01:59:24.729+0600][16.144s][info][gc,phases   ] GC(13) Pause Mark End 0.029ms
[2026-04-03T01:59:24.730+0600][16.144s][info][gc,phases   ] GC(13) Concurrent Mark Free 0.007ms
[2026-04-03T01:59:24.747+0600][16.162s][info][gc,phases   ] GC(13) Concurrent Process Non-Strong References 17.651ms
[2026-04-03T01:59:24.747+0600][16.162s][info][gc,phases   ] GC(13) Concurrent Reset Relocation Set 0.003ms
[2026-04-03T01:59:24.761+0600][16.176s][info][gc,phases   ] GC(13) Concurrent Select Relocation Set 13.980ms
[2026-04-03T01:59:24.762+0600][16.176s][info][gc,phases   ] GC(13) Pause Relocate Start 0.021ms
[2026-04-03T01:59:24.809+0600][16.224s][info][gc,phases   ] GC(13) Concurrent Relocate 47.367ms
[2026-04-03T01:59:24.813+0600][16.227s][info][gc,load     ] GC(13) Load: 2.34/4.51/6.16
[2026-04-03T01:59:24.813+0600][16.227s][info][gc,mmu      ] GC(13) MMU: 2ms/93.1%, 5ms/97.2%, 10ms/98.4%, 20ms/99.2%, 50ms/99.7%, 100ms/99.8%
[2026-04-03T01:59:24.813+0600][16.227s][info][gc,marking  ] GC(13) Mark: 2 stripe(s), 2 proactive flush(es), 1 terminate flush(es), 0 completion(s), 0 continuation(s) 
[2026-04-03T01:59:24.813+0600][16.227s][info][gc,marking  ] GC(13) Mark Stack Usage: 32M
[2026-04-03T01:59:24.813+0600][16.227s][info][gc,nmethod  ] GC(13) NMethods: 4525 registered, 724 unregistered
[2026-04-03T01:59:24.813+0600][16.227s][info][gc,metaspace] GC(13) Metaspace: 62M used, 63M committed, 1088M reserved
[2026-04-03T01:59:24.813+0600][16.227s][info][gc,ref      ] GC(13) Soft: 4728 encountered, 0 discovered, 0 enqueued
[2026-04-03T01:59:24.813+0600][16.227s][info][gc,ref      ] GC(13) Weak: 5565 encountered, 3112 discovered, 142 enqueued
[2026-04-03T01:59:24.813+0600][16.227s][info][gc,ref      ] GC(13) Final: 82 encountered, 0 discovered, 0 enqueued
[2026-04-03T01:59:24.813+0600][16.227s][info][gc,ref      ] GC(13) Phantom: 594 encountered, 447 discovered, 0 enqueued
[2026-04-03T01:59:24.813+0600][16.227s][info][gc,reloc    ] GC(13) Small Pages: 399 / 798M, Empty: 154M, Relocated: 36M, In-Place: 0
[2026-04-03T01:59:24.813+0600][16.227s][info][gc,reloc    ] GC(13) Medium Pages: 2 / 64M, Empty: 32M, Relocated: 0M, In-Place: 0
[2026-04-03T01:59:24.813+0600][16.227s][info][gc,reloc    ] GC(13) Large Pages: 3 / 18M, Empty: 6M, Relocated: 0M, In-Place: 0
[2026-04-03T01:59:24.813+0600][16.228s][info][gc,reloc    ] GC(13) Forwarding Usage: 27M
[2026-04-03T01:59:24.813+0600][16.228s][info][gc,heap     ] GC(13) Min Capacity: 8M(1%)
[2026-04-03T01:59:24.813+0600][16.228s][info][gc,heap     ] GC(13) Max Capacity: 1250M(100%)
[2026-04-03T01:59:24.813+0600][16.228s][info][gc,heap     ] GC(13) Soft Max Capacity: 1250M(100%)
[2026-04-03T01:59:24.813+0600][16.228s][info][gc,heap     ] GC(13)                Mark Start          Mark End        Relocate Start      Relocate End           High               Low         
[2026-04-03T01:59:24.813+0600][16.228s][info][gc,heap     ] GC(13)  Capacity:      880M (70%)        1008M (81%)        1022M (82%)        1022M (82%)        1022M (82%)         880M (70%)    
[2026-04-03T01:59:24.813+0600][16.228s][info][gc,heap     ] GC(13)      Free:      370M (30%)         242M (19%)         404M (32%)         794M (64%)         794M (64%)         228M (18%)    
[2026-04-03T01:59:24.813+0600][16.228s][info][gc,heap     ] GC(13)      Used:      880M (70%)        1008M (81%)         846M (68%)         456M (36%)        1022M (82%)         456M (36%)    
[2026-04-03T01:59:24.813+0600][16.228s][info][gc,heap     ] GC(13)      Live:         -               162M (13%)         162M (13%)         162M (13%)            -                  -          
[2026-04-03T01:59:24.813+0600][16.228s][info][gc,heap     ] GC(13) Allocated:         -               128M (10%)         158M (13%)         259M (21%)            -                  -          
[2026-04-03T01:59:24.813+0600][16.228s][info][gc,heap     ] GC(13)   Garbage:         -               717M (57%)         525M (42%)          33M (3%)             -                  -          
[2026-04-03T01:59:24.813+0600][16.228s][info][gc,heap     ] GC(13) Reclaimed:         -                  -               192M (15%)         683M (55%)            -                  -          
[2026-04-03T01:59:24.813+0600][16.228s][info][gc          ] GC(13) Garbage Collection (Allocation Rate) 880M(70%)->456M(36%)
[2026-04-03T01:59:24.899+0600][16.314s][info][gc,start    ] GC(14) Garbage Collection (Allocation Rate)
[2026-04-03T01:59:24.899+0600][16.314s][info][gc,task     ] GC(14) Using 3 workers
[2026-04-03T01:59:24.905+0600][16.319s][info][gc,phases   ] GC(14) Pause Mark Start 0.016ms
[2026-04-03T01:59:25.071+0600][16.486s][info][gc,phases   ] GC(14) Concurrent Mark 166.030ms
[2026-04-03T01:59:25.071+0600][16.486s][info][gc,phases   ] GC(14) Pause Mark End 0.022ms
[2026-04-03T01:59:25.072+0600][16.486s][info][gc,phases   ] GC(14) Concurrent Mark Free 0.001ms
[2026-04-03T01:59:25.078+0600][16.492s][info][gc,phases   ] GC(14) Concurrent Process Non-Strong References 6.194ms
[2026-04-03T01:59:25.078+0600][16.492s][info][gc,phases   ] GC(14) Concurrent Reset Relocation Set 0.041ms
[2026-04-03T01:59:25.082+0600][16.497s][info][gc,phases   ] GC(14) Concurrent Select Relocation Set 4.539ms
[2026-04-03T01:59:25.083+0600][16.497s][info][gc,phases   ] GC(14) Pause Relocate Start 0.028ms
[2026-04-03T01:59:25.107+0600][16.522s][info][gc,phases   ] GC(14) Concurrent Relocate 24.318ms
[2026-04-03T01:59:25.107+0600][16.522s][info][gc,load     ] GC(14) Load: 2.34/4.51/6.16
[2026-04-03T01:59:25.107+0600][16.522s][info][gc,mmu      ] GC(14) MMU: 2ms/93.1%, 5ms/97.2%, 10ms/98.4%, 20ms/99.2%, 50ms/99.7%, 100ms/99.8%
[2026-04-03T01:59:25.107+0600][16.522s][info][gc,marking  ] GC(14) Mark: 2 stripe(s), 2 proactive flush(es), 1 terminate flush(es), 0 completion(s), 0 continuation(s) 
[2026-04-03T01:59:25.107+0600][16.522s][info][gc,marking  ] GC(14) Mark Stack Usage: 32M
[2026-04-03T01:59:25.107+0600][16.522s][info][gc,nmethod  ] GC(14) NMethods: 4533 registered, 728 unregistered
[2026-04-03T01:59:25.107+0600][16.522s][info][gc,metaspace] GC(14) Metaspace: 62M used, 63M committed, 1088M reserved
[2026-04-03T01:59:25.107+0600][16.522s][info][gc,ref      ] GC(14) Soft: 4728 encountered, 0 discovered, 0 enqueued
[2026-04-03T01:59:25.107+0600][16.522s][info][gc,ref      ] GC(14) Weak: 5423 encountered, 2886 discovered, 0 enqueued
[2026-04-03T01:59:25.107+0600][16.522s][info][gc,ref      ] GC(14) Final: 82 encountered, 0 discovered, 0 enqueued
[2026-04-03T01:59:25.107+0600][16.522s][info][gc,ref      ] GC(14) Phantom: 594 encountered, 338 discovered, 0 enqueued
[2026-04-03T01:59:25.107+0600][16.522s][info][gc,reloc    ] GC(14) Small Pages: 328 / 656M, Empty: 218M, Relocated: 24M, In-Place: 0
[2026-04-03T01:59:25.107+0600][16.522s][info][gc,reloc    ] GC(14) Medium Pages: 1 / 32M, Empty: 0M, Relocated: 0M, In-Place: 0
[2026-04-03T01:59:25.107+0600][16.522s][info][gc,reloc    ] GC(14) Large Pages: 3 / 22M, Empty: 0M, Relocated: 0M, In-Place: 0
[2026-04-03T01:59:25.107+0600][16.522s][info][gc,reloc    ] GC(14) Forwarding Usage: 18M
[2026-04-03T01:59:25.107+0600][16.522s][info][gc,heap     ] GC(14) Min Capacity: 8M(1%)
[2026-04-03T01:59:25.107+0600][16.522s][info][gc,heap     ] GC(14) Max Capacity: 1250M(100%)
[2026-04-03T01:59:25.107+0600][16.522s][info][gc,heap     ] GC(14) Soft Max Capacity: 1250M(100%)
[2026-04-03T01:59:25.107+0600][16.522s][info][gc,heap     ] GC(14)                Mark Start          Mark End        Relocate Start      Relocate End           High               Low         
[2026-04-03T01:59:25.107+0600][16.522s][info][gc,heap     ] GC(14)  Capacity:     1022M (82%)        1050M (84%)        1058M (85%)        1058M (85%)        1058M (85%)        1022M (82%)    
[2026-04-03T01:59:25.107+0600][16.522s][info][gc,heap     ] GC(14)      Free:      540M (43%)         200M (16%)         402M (32%)         604M (48%)         610M (49%)         192M (15%)    
[2026-04-03T01:59:25.107+0600][16.522s][info][gc,heap     ] GC(14)      Used:      710M (57%)        1050M (84%)         848M (68%)         646M (52%)        1058M (85%)         640M (51%)    
[2026-04-03T01:59:25.107+0600][16.522s][info][gc,heap     ] GC(14)      Live:         -               193M (15%)         193M (15%)         193M (15%)            -                  -          
[2026-04-03T01:59:25.107+0600][16.522s][info][gc,heap     ] GC(14) Allocated:         -               340M (27%)         356M (28%)         419M (34%)            -                  -          
[2026-04-03T01:59:25.107+0600][16.522s][info][gc,heap     ] GC(14)   Garbage:         -               516M (41%)         298M (24%)          33M (3%)             -                  -          
[2026-04-03T01:59:25.107+0600][16.522s][info][gc,heap     ] GC(14) Reclaimed:         -                  -               218M (17%)         483M (39%)            -                  -          
[2026-04-03T01:59:25.107+0600][16.522s][info][gc          ] GC(14) Garbage Collection (Allocation Rate) 710M(57%)->646M(52%)
[2026-04-03T01:59:25.199+0600][16.614s][info][gc,start    ] GC(15) Garbage Collection (Allocation Rate)
[2026-04-03T01:59:25.200+0600][16.614s][info][gc,task     ] GC(15) Using 3 workers
[2026-04-03T01:59:25.200+0600][16.614s][info][gc,phases   ] GC(15) Pause Mark Start 0.044ms
[2026-04-03T01:59:25.373+0600][16.787s][info][gc,phases   ] GC(15) Concurrent Mark 172.804ms
[2026-04-03T01:59:25.373+0600][16.787s][info][gc,phases   ] GC(15) Pause Mark End 0.021ms
[2026-04-03T01:59:25.373+0600][16.787s][info][gc,phases   ] GC(15) Concurrent Mark Free 0.001ms
[2026-04-03T01:59:25.379+0600][16.793s][info][gc,phases   ] GC(15) Concurrent Process Non-Strong References 5.636ms
[2026-04-03T01:59:25.379+0600][16.793s][info][gc,phases   ] GC(15) Concurrent Reset Relocation Set 0.035ms
[2026-04-03T01:59:25.384+0600][16.798s][info][gc,phases   ] GC(15) Concurrent Select Relocation Set 4.815ms
[2026-04-03T01:59:25.384+0600][16.798s][info][gc,phases   ] GC(15) Pause Relocate Start 0.018ms
[2026-04-03T01:59:25.411+0600][16.826s][info][gc,phases   ] GC(15) Concurrent Relocate 27.287ms
[2026-04-03T01:59:25.411+0600][16.826s][info][gc,load     ] GC(15) Load: 2.34/4.51/6.16
[2026-04-03T01:59:25.411+0600][16.826s][info][gc,mmu      ] GC(15) MMU: 2ms/93.1%, 5ms/97.2%, 10ms/98.4%, 20ms/99.2%, 50ms/99.7%, 100ms/99.8%
[2026-04-03T01:59:25.411+0600][16.826s][info][gc,marking  ] GC(15) Mark: 2 stripe(s), 2 proactive flush(es), 1 terminate flush(es), 0 completion(s), 0 continuation(s) 
[2026-04-03T01:59:25.411+0600][16.826s][info][gc,marking  ] GC(15) Mark Stack Usage: 32M
[2026-04-03T01:59:25.411+0600][16.826s][info][gc,nmethod  ] GC(15) NMethods: 4547 registered, 753 unregistered
[2026-04-03T01:59:25.411+0600][16.826s][info][gc,metaspace] GC(15) Metaspace: 62M used, 63M committed, 1088M reserved
[2026-04-03T01:59:25.411+0600][16.826s][info][gc,ref      ] GC(15) Soft: 4728 encountered, 0 discovered, 0 enqueued
[2026-04-03T01:59:25.411+0600][16.826s][info][gc,ref      ] GC(15) Weak: 5423 encountered, 574 discovered, 1 enqueued
[2026-04-03T01:59:25.411+0600][16.826s][info][gc,ref      ] GC(15) Final: 82 encountered, 0 discovered, 0 enqueued
[2026-04-03T01:59:25.411+0600][16.826s][info][gc,ref      ] GC(15) Phantom: 593 encountered, 364 discovered, 0 enqueued
[2026-04-03T01:59:25.411+0600][16.826s][info][gc,reloc    ] GC(15) Small Pages: 393 / 786M, Empty: 264M, Relocated: 27M, In-Place: 0
[2026-04-03T01:59:25.411+0600][16.826s][info][gc,reloc    ] GC(15) Medium Pages: 1 / 32M, Empty: 0M, Relocated: 0M, In-Place: 0
[2026-04-03T01:59:25.411+0600][16.826s][info][gc,reloc    ] GC(15) Large Pages: 4 / 28M, Empty: 16M, Relocated: 0M, In-Place: 0
[2026-04-03T01:59:25.411+0600][16.826s][info][gc,reloc    ] GC(15) Forwarding Usage: 20M
[2026-04-03T01:59:25.411+0600][16.826s][info][gc,heap     ] GC(15) Min Capacity: 8M(1%)
[2026-04-03T01:59:25.411+0600][16.826s][info][gc,heap     ] GC(15) Max Capacity: 1250M(100%)
[2026-04-03T01:59:25.411+0600][16.826s][info][gc,heap     ] GC(15) Soft Max Capacity: 1250M(100%)
[2026-04-03T01:59:25.411+0600][16.826s][info][gc,heap     ] GC(15)                Mark Start          Mark End        Relocate Start      Relocate End           High               Low         
[2026-04-03T01:59:25.411+0600][16.826s][info][gc,heap     ] GC(15)  Capacity:     1064M (85%)        1124M (90%)        1132M (91%)        1132M (91%)        1132M (91%)        1064M (85%)    
[2026-04-03T01:59:25.411+0600][16.826s][info][gc,heap     ] GC(15)      Free:      404M (32%)         126M (10%)         394M (32%)         656M (52%)         660M (53%)         118M (9%)     
[2026-04-03T01:59:25.411+0600][16.826s][info][gc,heap     ] GC(15)      Used:      846M (68%)        1124M (90%)         856M (68%)         594M (48%)        1132M (91%)         590M (47%)    
[2026-04-03T01:59:25.411+0600][16.826s][info][gc,heap     ] GC(15)      Live:         -               207M (17%)         207M (17%)         207M (17%)            -                  -          
[2026-04-03T01:59:25.411+0600][16.826s][info][gc,heap     ] GC(15) Allocated:         -               278M (22%)         290M (23%)         355M (28%)            -                  -          
[2026-04-03T01:59:25.412+0600][16.826s][info][gc,heap     ] GC(15)   Garbage:         -               638M (51%)         358M (29%)          30M (2%)             -                  -          
[2026-04-03T01:59:25.412+0600][16.826s][info][gc,heap     ] GC(15) Reclaimed:         -                  -               280M (22%)         607M (49%)            -                  -          
[2026-04-03T01:59:25.412+0600][16.826s][info][gc          ] GC(15) Garbage Collection (Allocation Rate) 846M(68%)->594M(48%)
[2026-04-03T01:59:25.499+0600][16.914s][info][gc,start    ] GC(16) Garbage Collection (Allocation Rate)
[2026-04-03T01:59:25.499+0600][16.914s][info][gc,task     ] GC(16) Using 3 workers
[2026-04-03T01:59:25.504+0600][16.918s][info][gc,phases   ] GC(16) Pause Mark Start 0.011ms
[2026-04-03T01:59:25.650+0600][17.064s][info][gc,phases   ] GC(16) Concurrent Mark 145.906ms
[2026-04-03T01:59:25.650+0600][17.065s][info][gc,phases   ] GC(16) Pause Mark End 0.025ms
[2026-04-03T01:59:25.650+0600][17.065s][info][gc,phases   ] GC(16) Concurrent Mark Free 0.003ms
[2026-04-03T01:59:25.655+0600][17.070s][info][gc,phases   ] GC(16) Concurrent Process Non-Strong References 4.961ms
[2026-04-03T01:59:25.655+0600][17.070s][info][gc,phases   ] GC(16) Concurrent Reset Relocation Set 0.013ms
[2026-04-03T01:59:25.660+0600][17.074s][info][gc,phases   ] GC(16) Concurrent Select Relocation Set 4.246ms
[2026-04-03T01:59:25.660+0600][17.074s][info][gc,phases   ] GC(16) Pause Relocate Start 0.013ms
[2026-04-03T01:59:25.676+0600][17.090s][info][gc,phases   ] GC(16) Concurrent Relocate 15.730ms
[2026-04-03T01:59:25.676+0600][17.090s][info][gc,load     ] GC(16) Load: 2.34/4.51/6.16
[2026-04-03T01:59:25.676+0600][17.090s][info][gc,mmu      ] GC(16) MMU: 2ms/93.1%, 5ms/97.2%, 10ms/98.4%, 20ms/99.2%, 50ms/99.7%, 100ms/99.8%
[2026-04-03T01:59:25.676+0600][17.090s][info][gc,marking  ] GC(16) Mark: 2 stripe(s), 2 proactive flush(es), 1 terminate flush(es), 0 completion(s), 0 continuation(s) 
[2026-04-03T01:59:25.676+0600][17.090s][info][gc,marking  ] GC(16) Mark Stack Usage: 32M
[2026-04-03T01:59:25.676+0600][17.090s][info][gc,nmethod  ] GC(16) NMethods: 4574 registered, 765 unregistered
[2026-04-03T01:59:25.676+0600][17.090s][info][gc,metaspace] GC(16) Metaspace: 62M used, 63M committed, 1088M reserved
[2026-04-03T01:59:25.676+0600][17.090s][info][gc,ref      ] GC(16) Soft: 4736 encountered, 0 discovered, 0 enqueued
[2026-04-03T01:59:25.676+0600][17.090s][info][gc,ref      ] GC(16) Weak: 5535 encountered, 2772 discovered, 44 enqueued
[2026-04-03T01:59:25.676+0600][17.090s][info][gc,ref      ] GC(16) Final: 82 encountered, 0 discovered, 0 enqueued
[2026-04-03T01:59:25.676+0600][17.090s][info][gc,ref      ] GC(16) Phantom: 593 encountered, 486 discovered, 0 enqueued
[2026-04-03T01:59:25.676+0600][17.090s][info][gc,reloc    ] GC(16) Small Pages: 383 / 766M, Empty: 546M, Relocated: 0M, In-Place: 0
[2026-04-03T01:59:25.676+0600][17.090s][info][gc,reloc    ] GC(16) Medium Pages: 2 / 64M, Empty: 0M, Relocated: 6M, In-Place: 0
[2026-04-03T01:59:25.676+0600][17.090s][info][gc,reloc    ] GC(16) Large Pages: 2 / 12M, Empty: 0M, Relocated: 0M, In-Place: 0
[2026-04-03T01:59:25.676+0600][17.090s][info][gc,reloc    ] GC(16) Forwarding Usage: 0M
[2026-04-03T01:59:25.676+0600][17.090s][info][gc,heap     ] GC(16) Min Capacity: 8M(1%)
[2026-04-03T01:59:25.676+0600][17.090s][info][gc,heap     ] GC(16) Max Capacity: 1250M(100%)
[2026-04-03T01:59:25.676+0600][17.090s][info][gc,heap     ] GC(16) Soft Max Capacity: 1250M(100%)
[2026-04-03T01:59:25.676+0600][17.090s][info][gc,heap     ] GC(16)                Mark Start          Mark End        Relocate Start      Relocate End           High               Low         
[2026-04-03T01:59:25.676+0600][17.090s][info][gc,heap     ] GC(16)  Capacity:     1164M (93%)        1164M (93%)        1164M (93%)        1196M (96%)        1196M (96%)        1164M (93%)    
[2026-04-03T01:59:25.676+0600][17.090s][info][gc,heap     ] GC(16)      Free:      408M (33%)         196M (16%)         730M (58%)         768M (61%)         768M (61%)         188M (15%)    
[2026-04-03T01:59:25.676+0600][17.090s][info][gc,heap     ] GC(16)      Used:      842M (67%)        1054M (84%)         520M (42%)         482M (39%)        1062M (85%)         482M (39%)    
[2026-04-03T01:59:25.676+0600][17.090s][info][gc,heap     ] GC(16)      Live:         -               208M (17%)         208M (17%)         208M (17%)            -                  -          
[2026-04-03T01:59:25.676+0600][17.090s][info][gc,heap     ] GC(16) Allocated:         -               212M (17%)         224M (18%)         243M (20%)            -                  -          
[2026-04-03T01:59:25.676+0600][17.090s][info][gc,heap     ] GC(16)   Garbage:         -               633M (51%)          87M (7%)           29M (2%)             -                  -          
[2026-04-03T01:59:25.676+0600][17.090s][info][gc,heap     ] GC(16) Reclaimed:         -                  -               546M (44%)         603M (48%)            -                  -          
[2026-04-03T01:59:25.676+0600][17.090s][info][gc          ] GC(16) Garbage Collection (Allocation Rate) 842M(67%)->482M(39%)
[2026-04-03T01:59:25.699+0600][17.114s][info][gc,start    ] GC(17) Garbage Collection (Allocation Rate)
[2026-04-03T01:59:25.699+0600][17.114s][info][gc,task     ] GC(17) Using 3 workers
[2026-04-03T01:59:25.700+0600][17.114s][info][gc,phases   ] GC(17) Pause Mark Start 0.011ms
[2026-04-03T01:59:25.825+0600][17.240s][info][gc,phases   ] GC(17) Concurrent Mark 125.418ms
[2026-04-03T01:59:25.825+0600][17.240s][info][gc,phases   ] GC(17) Pause Mark End 0.027ms
[2026-04-03T01:59:25.826+0600][17.240s][info][gc,phases   ] GC(17) Concurrent Mark Free 0.003ms
[2026-04-03T01:59:25.831+0600][17.245s][info][gc,phases   ] GC(17) Concurrent Process Non-Strong References 5.324ms
[2026-04-03T01:59:25.831+0600][17.245s][info][gc,phases   ] GC(17) Concurrent Reset Relocation Set 0.003ms
[2026-04-03T01:59:25.834+0600][17.248s][info][gc,phases   ] GC(17) Concurrent Select Relocation Set 2.599ms
[2026-04-03T01:59:25.834+0600][17.248s][info][gc,phases   ] GC(17) Pause Relocate Start 0.134ms
[2026-04-03T01:59:25.835+0600][17.249s][info][gc,phases   ] GC(17) Concurrent Relocate 0.801ms
[2026-04-03T01:59:25.835+0600][17.249s][info][gc,load     ] GC(17) Load: 2.34/4.51/6.16
[2026-04-03T01:59:25.835+0600][17.249s][info][gc,mmu      ] GC(17) MMU: 2ms/93.1%, 5ms/97.2%, 10ms/98.4%, 20ms/99.2%, 50ms/99.7%, 100ms/99.8%
[2026-04-03T01:59:25.835+0600][17.249s][info][gc,marking  ] GC(17) Mark: 2 stripe(s), 2 proactive flush(es), 1 terminate flush(es), 0 completion(s), 0 continuation(s) 
[2026-04-03T01:59:25.835+0600][17.249s][info][gc,marking  ] GC(17) Mark Stack Usage: 32M
[2026-04-03T01:59:25.835+0600][17.249s][info][gc,nmethod  ] GC(17) NMethods: 4569 registered, 770 unregistered
[2026-04-03T01:59:25.835+0600][17.249s][info][gc,metaspace] GC(17) Metaspace: 62M used, 63M committed, 1088M reserved
[2026-04-03T01:59:25.835+0600][17.249s][info][gc,ref      ] GC(17) Soft: 4737 encountered, 0 discovered, 0 enqueued
[2026-04-03T01:59:25.835+0600][17.249s][info][gc,ref      ] GC(17) Weak: 5516 encountered, 573 discovered, 11 enqueued
[2026-04-03T01:59:25.835+0600][17.249s][info][gc,ref      ] GC(17) Final: 82 encountered, 0 discovered, 0 enqueued
[2026-04-03T01:59:25.835+0600][17.249s][info][gc,ref      ] GC(17) Phantom: 593 encountered, 455 discovered, 0 enqueued
[2026-04-03T01:59:25.835+0600][17.249s][info][gc,reloc    ] GC(17) Small Pages: 232 / 464M, Empty: 248M, Relocated: 0M, In-Place: 0
[2026-04-03T01:59:25.835+0600][17.249s][info][gc,reloc    ] GC(17) Medium Pages: 1 / 32M, Empty: 0M, Relocated: 0M, In-Place: 0
[2026-04-03T01:59:25.835+0600][17.249s][info][gc,reloc    ] GC(17) Large Pages: 2 / 12M, Empty: 0M, Relocated: 0M, In-Place: 0
[2026-04-03T01:59:25.835+0600][17.249s][info][gc,reloc    ] GC(17) Forwarding Usage: 0M
[2026-04-03T01:59:25.835+0600][17.249s][info][gc,heap     ] GC(17) Min Capacity: 8M(1%)
[2026-04-03T01:59:25.835+0600][17.249s][info][gc,heap     ] GC(17) Max Capacity: 1250M(100%)
[2026-04-03T01:59:25.835+0600][17.249s][info][gc,heap     ] GC(17) Soft Max Capacity: 1250M(100%)
[2026-04-03T01:59:25.835+0600][17.249s][info][gc,heap     ] GC(17)                Mark Start          Mark End        Relocate Start      Relocate End           High               Low         
[2026-04-03T01:59:25.835+0600][17.249s][info][gc,heap     ] GC(17)  Capacity:     1196M (96%)        1196M (96%)        1196M (96%)        1196M (96%)        1196M (96%)        1196M (96%)    
[2026-04-03T01:59:25.835+0600][17.249s][info][gc,heap     ] GC(17)      Free:      742M (59%)         558M (45%)         794M (64%)         812M (65%)         812M (65%)         550M (44%)    
[2026-04-03T01:59:25.835+0600][17.249s][info][gc,heap     ] GC(17)      Used:      508M (41%)         692M (55%)         456M (36%)         438M (35%)         700M (56%)         438M (35%)    
[2026-04-03T01:59:25.835+0600][17.249s][info][gc,heap     ] GC(17)      Live:         -               207M (17%)         207M (17%)         207M (17%)            -                  -          
[2026-04-03T01:59:25.835+0600][17.250s][info][gc,heap     ] GC(17) Allocated:         -               184M (15%)         196M (16%)         195M (16%)            -                  -          
[2026-04-03T01:59:25.835+0600][17.250s][info][gc,heap     ] GC(17)   Garbage:         -               300M (24%)          52M (4%)           34M (3%)             -                  -          
[2026-04-03T01:59:25.835+0600][17.250s][info][gc,heap     ] GC(17) Reclaimed:         -                  -               248M (20%)         265M (21%)            -                  -          
[2026-04-03T01:59:25.835+0600][17.250s][info][gc          ] GC(17) Garbage Collection (Allocation Rate) 508M(41%)->438M(35%)
[2026-04-03T01:59:25.900+0600][17.314s][info][gc,start    ] GC(18) Garbage Collection (Allocation Rate)
[2026-04-03T01:59:25.900+0600][17.314s][info][gc,task     ] GC(18) Using 3 workers
[2026-04-03T01:59:25.900+0600][17.314s][info][gc,phases   ] GC(18) Pause Mark Start 0.009ms
[2026-04-03T01:59:26.042+0600][17.456s][info][gc,phases   ] GC(18) Concurrent Mark 141.965ms
[2026-04-03T01:59:26.042+0600][17.457s][info][gc,phases   ] GC(18) Pause Mark End 0.031ms
[2026-04-03T01:59:26.043+0600][17.457s][info][gc,phases   ] GC(18) Concurrent Mark Free 0.003ms
[2026-04-03T01:59:26.050+0600][17.464s][info][gc,phases   ] GC(18) Concurrent Process Non-Strong References 7.258ms
[2026-04-03T01:59:26.050+0600][17.464s][info][gc,phases   ] GC(18) Concurrent Reset Relocation Set 0.005ms
[2026-04-03T01:59:26.054+0600][17.469s][info][gc,phases   ] GC(18) Concurrent Select Relocation Set 4.348ms
[2026-04-03T01:59:26.055+0600][17.470s][info][gc,phases   ] GC(18) Pause Relocate Start 0.017ms
[2026-04-03T01:59:26.056+0600][17.471s][info][gc,phases   ] GC(18) Concurrent Relocate 1.314ms
[2026-04-03T01:59:26.057+0600][17.471s][info][gc,load     ] GC(18) Load: 2.34/4.51/6.16
[2026-04-03T01:59:26.057+0600][17.471s][info][gc,mmu      ] GC(18) MMU: 2ms/93.1%, 5ms/97.2%, 10ms/98.4%, 20ms/99.2%, 50ms/99.7%, 100ms/99.8%
[2026-04-03T01:59:26.057+0600][17.471s][info][gc,marking  ] GC(18) Mark: 2 stripe(s), 3 proactive flush(es), 1 terminate flush(es), 0 completion(s), 0 continuation(s) 
[2026-04-03T01:59:26.057+0600][17.471s][info][gc,marking  ] GC(18) Mark Stack Usage: 32M
[2026-04-03T01:59:26.057+0600][17.471s][info][gc,nmethod  ] GC(18) NMethods: 4653 registered, 770 unregistered
[2026-04-03T01:59:26.057+0600][17.471s][info][gc,metaspace] GC(18) Metaspace: 63M used, 63M committed, 1088M reserved
[2026-04-03T01:59:26.057+0600][17.471s][info][gc,ref      ] GC(18) Soft: 4737 encountered, 0 discovered, 0 enqueued
[2026-04-03T01:59:26.057+0600][17.471s][info][gc,ref      ] GC(18) Weak: 5504 encountered, 2957 discovered, 0 enqueued
[2026-04-03T01:59:26.057+0600][17.471s][info][gc,ref      ] GC(18) Final: 82 encountered, 50 discovered, 0 enqueued
[2026-04-03T01:59:26.057+0600][17.471s][info][gc,ref      ] GC(18) Phantom: 593 encountered, 583 discovered, 0 enqueued
[2026-04-03T01:59:26.057+0600][17.471s][info][gc,reloc    ] GC(18) Small Pages: 236 / 472M, Empty: 264M, Relocated: 0M, In-Place: 0
[2026-04-03T01:59:26.057+0600][17.471s][info][gc,reloc    ] GC(18) Medium Pages: 1 / 32M, Empty: 0M, Relocated: 0M, In-Place: 0
[2026-04-03T01:59:26.057+0600][17.471s][info][gc,reloc    ] GC(18) Large Pages: 2 / 12M, Empty: 0M, Relocated: 0M, In-Place: 0
[2026-04-03T01:59:26.057+0600][17.471s][info][gc,reloc    ] GC(18) Forwarding Usage: 0M
[2026-04-03T01:59:26.057+0600][17.471s][info][gc,heap     ] GC(18) Min Capacity: 8M(1%)
[2026-04-03T01:59:26.057+0600][17.471s][info][gc,heap     ] GC(18) Max Capacity: 1250M(100%)
[2026-04-03T01:59:26.057+0600][17.471s][info][gc,heap     ] GC(18) Soft Max Capacity: 1250M(100%)
[2026-04-03T01:59:26.057+0600][17.471s][info][gc,heap     ] GC(18)                Mark Start          Mark End        Relocate Start      Relocate End           High               Low         
[2026-04-03T01:59:26.057+0600][17.471s][info][gc,heap     ] GC(18)  Capacity:     1196M (96%)        1196M (96%)        1196M (96%)        1196M (96%)        1196M (96%)        1196M (96%)    
[2026-04-03T01:59:26.057+0600][17.471s][info][gc,heap     ] GC(18)      Free:      734M (59%)         570M (46%)         834M (67%)         844M (68%)         844M (68%)         570M (46%)    
[2026-04-03T01:59:26.057+0600][17.471s][info][gc,heap     ] GC(18)      Used:      516M (41%)         680M (54%)         416M (33%)         406M (32%)         680M (54%)         406M (32%)    
[2026-04-03T01:59:26.057+0600][17.471s][info][gc,heap     ] GC(18)      Live:         -               207M (17%)         207M (17%)         207M (17%)            -                  -          
[2026-04-03T01:59:26.057+0600][17.471s][info][gc,heap     ] GC(18) Allocated:         -               164M (13%)         164M (13%)         164M (13%)            -                  -          
[2026-04-03T01:59:26.057+0600][17.471s][info][gc,heap     ] GC(18)   Garbage:         -               308M (25%)          44M (4%)           34M (3%)             -                  -          
[2026-04-03T01:59:26.057+0600][17.471s][info][gc,heap     ] GC(18) Reclaimed:         -                  -               264M (21%)         274M (22%)            -                  -          
[2026-04-03T01:59:26.057+0600][17.471s][info][gc          ] GC(18) Garbage Collection (Allocation Rate) 516M(41%)->406M(32%)
[2026-04-03T01:59:26.175+0600][17.589s][info][gc,start    ] GC(19) Garbage Collection (System.gc())
[2026-04-03T01:59:26.175+0600][17.590s][info][gc,task     ] GC(19) Using 3 workers
[2026-04-03T01:59:26.175+0600][17.590s][info][gc,phases   ] GC(19) Pause Mark Start 0.011ms
[2026-04-03T01:59:26.290+0600][17.705s][info][gc,phases   ] GC(19) Concurrent Mark 114.785ms
[2026-04-03T01:59:26.290+0600][17.705s][info][gc,phases   ] GC(19) Pause Mark End 0.023ms
[2026-04-03T01:59:26.291+0600][17.705s][info][gc,phases   ] GC(19) Concurrent Mark Free 0.003ms
[2026-04-03T01:59:26.302+0600][17.716s][info][gc,phases   ] GC(19) Concurrent Process Non-Strong References 11.231ms
[2026-04-03T01:59:26.302+0600][17.716s][info][gc,phases   ] GC(19) Concurrent Reset Relocation Set 0.002ms
[2026-04-03T01:59:26.305+0600][17.720s][info][gc,phases   ] GC(19) Concurrent Select Relocation Set 3.165ms
[2026-04-03T01:59:26.305+0600][17.720s][info][gc,phases   ] GC(19) Pause Relocate Start 0.014ms
[2026-04-03T01:59:26.307+0600][17.721s][info][gc,phases   ] GC(19) Concurrent Relocate 1.157ms
[2026-04-03T01:59:26.307+0600][17.721s][info][gc,load     ] GC(19) Load: 2.34/4.51/6.16
[2026-04-03T01:59:26.307+0600][17.721s][info][gc,mmu      ] GC(19) MMU: 2ms/93.1%, 5ms/97.2%, 10ms/98.4%, 20ms/99.2%, 50ms/99.7%, 100ms/99.8%
[2026-04-03T01:59:26.307+0600][17.721s][info][gc,marking  ] GC(19) Mark: 2 stripe(s), 2 proactive flush(es), 1 terminate flush(es), 0 completion(s), 0 continuation(s) 
[2026-04-03T01:59:26.307+0600][17.721s][info][gc,marking  ] GC(19) Mark Stack Usage: 32M
[2026-04-03T01:59:26.307+0600][17.721s][info][gc,nmethod  ] GC(19) NMethods: 4709 registered, 820 unregistered
[2026-04-03T01:59:26.307+0600][17.721s][info][gc,metaspace] GC(19) Metaspace: 64M used, 65M committed, 1088M reserved
[2026-04-03T01:59:26.307+0600][17.721s][info][gc,ref      ] GC(19) Soft: 4782 encountered, 0 discovered, 0 enqueued
[2026-04-03T01:59:26.307+0600][17.721s][info][gc,ref      ] GC(19) Weak: 6000 encountered, 781 discovered, 326 enqueued
[2026-04-03T01:59:26.307+0600][17.721s][info][gc,ref      ] GC(19) Final: 82 encountered, 58 discovered, 0 enqueued
[2026-04-03T01:59:26.307+0600][17.721s][info][gc,ref      ] GC(19) Phantom: 594 encountered, 587 discovered, 0 enqueued
[2026-04-03T01:59:26.307+0600][17.721s][info][gc,reloc    ] GC(19) Small Pages: 168 / 336M, Empty: 106M, Relocated: 1M, In-Place: 0
[2026-04-03T01:59:26.307+0600][17.721s][info][gc,reloc    ] GC(19) Medium Pages: 2 / 64M, Empty: 32M, Relocated: 0M, In-Place: 0
[2026-04-03T01:59:26.307+0600][17.721s][info][gc,reloc    ] GC(19) Large Pages: 3 / 18M, Empty: 6M, Relocated: 0M, In-Place: 0
[2026-04-03T01:59:26.307+0600][17.721s][info][gc,reloc    ] GC(19) Forwarding Usage: 0M
[2026-04-03T01:59:26.307+0600][17.721s][info][gc,heap     ] GC(19) Min Capacity: 8M(1%)
[2026-04-03T01:59:26.307+0600][17.721s][info][gc,heap     ] GC(19) Max Capacity: 1250M(100%)
[2026-04-03T01:59:26.307+0600][17.721s][info][gc,heap     ] GC(19) Soft Max Capacity: 1250M(100%)
[2026-04-03T01:59:26.307+0600][17.721s][info][gc,heap     ] GC(19)                Mark Start          Mark End        Relocate Start      Relocate End           High               Low         
[2026-04-03T01:59:26.307+0600][17.721s][info][gc,heap     ] GC(19)  Capacity:     1196M (96%)        1196M (96%)        1196M (96%)        1196M (96%)        1196M (96%)        1196M (96%)    
[2026-04-03T01:59:26.307+0600][17.721s][info][gc,heap     ] GC(19)      Free:      832M (67%)         830M (66%)         968M (77%)         998M (80%)         998M (80%)         824M (66%)    
[2026-04-03T01:59:26.307+0600][17.721s][info][gc,heap     ] GC(19)      Used:      418M (33%)         420M (34%)         282M (23%)         252M (20%)         426M (34%)         252M (20%)    
[2026-04-03T01:59:26.307+0600][17.721s][info][gc,heap     ] GC(19)      Live:         -               207M (17%)         207M (17%)         207M (17%)            -                  -          
[2026-04-03T01:59:26.307+0600][17.721s][info][gc,heap     ] GC(19) Allocated:         -                 2M (0%)            8M (1%)            9M (1%)             -                  -          
[2026-04-03T01:59:26.307+0600][17.721s][info][gc,heap     ] GC(19)   Garbage:         -               210M (17%)          66M (5%)           34M (3%)             -                  -          
[2026-04-03T01:59:26.307+0600][17.721s][info][gc,heap     ] GC(19) Reclaimed:         -                  -               144M (12%)         175M (14%)            -                  -          
[2026-04-03T01:59:26.307+0600][17.721s][info][gc          ] GC(19) Garbage Collection (System.gc()) 418M(33%)->252M(20%)
[2026-04-03T01:59:26.399+0600][17.814s][info][gc,start    ] GC(20) Garbage Collection (Allocation Rate)
[2026-04-03T01:59:26.399+0600][17.814s][info][gc,task     ] GC(20) Using 3 workers
[2026-04-03T01:59:26.399+0600][17.814s][info][gc,phases   ] GC(20) Pause Mark Start 0.012ms
[2026-04-03T01:59:26.551+0600][17.965s][info][gc,phases   ] GC(20) Concurrent Mark 151.003ms
[2026-04-03T01:59:26.551+0600][17.965s][info][gc,phases   ] GC(20) Pause Mark End 0.094ms
[2026-04-03T01:59:26.551+0600][17.965s][info][gc,phases   ] GC(20) Concurrent Mark Free 0.002ms
[2026-04-03T01:59:26.556+0600][17.970s][info][gc,phases   ] GC(20) Concurrent Process Non-Strong References 4.958ms
[2026-04-03T01:59:26.556+0600][17.970s][info][gc,phases   ] GC(20) Concurrent Reset Relocation Set 0.003ms
[2026-04-03T01:59:26.559+0600][17.973s][info][gc,phases   ] GC(20) Concurrent Select Relocation Set 2.532ms
[2026-04-03T01:59:26.559+0600][17.973s][info][gc,phases   ] GC(20) Pause Relocate Start 0.013ms
[2026-04-03T01:59:26.560+0600][17.975s][info][gc,phases   ] GC(20) Concurrent Relocate 1.315ms
[2026-04-03T01:59:26.560+0600][17.975s][info][gc,load     ] GC(20) Load: 2.34/4.51/6.16
[2026-04-03T01:59:26.560+0600][17.975s][info][gc,mmu      ] GC(20) MMU: 2ms/93.1%, 5ms/97.2%, 10ms/98.4%, 20ms/99.2%, 50ms/99.7%, 100ms/99.8%
[2026-04-03T01:59:26.560+0600][17.975s][info][gc,marking  ] GC(20) Mark: 2 stripe(s), 3 proactive flush(es), 1 terminate flush(es), 0 completion(s), 0 continuation(s) 
[2026-04-03T01:59:26.560+0600][17.975s][info][gc,marking  ] GC(20) Mark Stack Usage: 32M
[2026-04-03T01:59:26.560+0600][17.975s][info][gc,nmethod  ] GC(20) NMethods: 4858 registered, 849 unregistered
[2026-04-03T01:59:26.560+0600][17.975s][info][gc,metaspace] GC(20) Metaspace: 64M used, 65M committed, 1088M reserved
[2026-04-03T01:59:26.560+0600][17.975s][info][gc,ref      ] GC(20) Soft: 4785 encountered, 0 discovered, 0 enqueued
[2026-04-03T01:59:26.560+0600][17.975s][info][gc,ref      ] GC(20) Weak: 5917 encountered, 551 discovered, 113 enqueued
[2026-04-03T01:59:26.560+0600][17.975s][info][gc,ref      ] GC(20) Final: 82 encountered, 0 discovered, 0 enqueued
[2026-04-03T01:59:26.560+0600][17.975s][info][gc,ref      ] GC(20) Phantom: 594 encountered, 416 discovered, 0 enqueued
[2026-04-03T01:59:26.560+0600][17.975s][info][gc,reloc    ] GC(20) Small Pages: 115 / 230M, Empty: 0M, Relocated: 1M, In-Place: 0
[2026-04-03T01:59:26.560+0600][17.975s][info][gc,reloc    ] GC(20) Medium Pages: 2 / 64M, Empty: 32M, Relocated: 0M, In-Place: 0
[2026-04-03T01:59:26.560+0600][17.975s][info][gc,reloc    ] GC(20) Large Pages: 4 / 24M, Empty: 12M, Relocated: 0M, In-Place: 0
[2026-04-03T01:59:26.560+0600][17.975s][info][gc,reloc    ] GC(20) Forwarding Usage: 0M
[2026-04-03T01:59:26.560+0600][17.975s][info][gc,heap     ] GC(20) Min Capacity: 8M(1%)
[2026-04-03T01:59:26.560+0600][17.975s][info][gc,heap     ] GC(20) Max Capacity: 1250M(100%)
[2026-04-03T01:59:26.560+0600][17.975s][info][gc,heap     ] GC(20) Soft Max Capacity: 1250M(100%)
[2026-04-03T01:59:26.560+0600][17.975s][info][gc,heap     ] GC(20)                Mark Start          Mark End        Relocate Start      Relocate End           High               Low         
[2026-04-03T01:59:26.560+0600][17.975s][info][gc,heap     ] GC(20)  Capacity:     1196M (96%)        1196M (96%)        1196M (96%)        1196M (96%)        1196M (96%)        1196M (96%)    
[2026-04-03T01:59:26.560+0600][17.975s][info][gc,heap     ] GC(20)      Free:      932M (75%)         758M (61%)         782M (63%)         810M (65%)         932M (75%)         738M (59%)    
[2026-04-03T01:59:26.560+0600][17.975s][info][gc,heap     ] GC(20)      Used:      318M (25%)         492M (39%)         468M (37%)         440M (35%)         512M (41%)         318M (25%)    
[2026-04-03T01:59:26.560+0600][17.975s][info][gc,heap     ] GC(20)      Live:         -               208M (17%)         208M (17%)         208M (17%)            -                  -          
[2026-04-03T01:59:26.560+0600][17.975s][info][gc,heap     ] GC(20) Allocated:         -               174M (14%)         194M (16%)         197M (16%)            -                  -          
[2026-04-03T01:59:26.560+0600][17.975s][info][gc,heap     ] GC(20)   Garbage:         -               109M (9%)           65M (5%)           33M (3%)             -                  -          
[2026-04-03T01:59:26.560+0600][17.975s][info][gc,heap     ] GC(20) Reclaimed:         -                  -                44M (4%)           75M (6%)             -                  -          
[2026-04-03T01:59:26.560+0600][17.975s][info][gc          ] GC(20) Garbage Collection (Allocation Rate) 318M(25%)->440M(35%)
[2026-04-03T01:59:26.599+0600][18.014s][info][gc,start    ] GC(21) Garbage Collection (Allocation Rate)
[2026-04-03T01:59:26.600+0600][18.014s][info][gc,task     ] GC(21) Using 3 workers
[2026-04-03T01:59:26.600+0600][18.014s][info][gc,phases   ] GC(21) Pause Mark Start 0.010ms
[2026-04-03T01:59:26.722+0600][18.136s][info][gc,phases   ] GC(21) Concurrent Mark 122.039ms
[2026-04-03T01:59:26.722+0600][18.137s][info][gc,phases   ] GC(21) Pause Mark End 0.055ms
[2026-04-03T01:59:26.722+0600][18.137s][info][gc,phases   ] GC(21) Concurrent Mark Free 0.001ms
[2026-04-03T01:59:26.728+0600][18.142s][info][gc,phases   ] GC(21) Concurrent Process Non-Strong References 5.180ms
[2026-04-03T01:59:26.728+0600][18.142s][info][gc,phases   ] GC(21) Concurrent Reset Relocation Set 0.004ms
[2026-04-03T01:59:26.731+0600][18.145s][info][gc,phases   ] GC(21) Concurrent Select Relocation Set 3.155ms
[2026-04-03T01:59:26.731+0600][18.145s][info][gc,phases   ] GC(21) Pause Relocate Start 0.014ms
[2026-04-03T01:59:26.732+0600][18.147s][info][gc,phases   ] GC(21) Concurrent Relocate 1.133ms
[2026-04-03T01:59:26.732+0600][18.147s][info][gc,load     ] GC(21) Load: 2.34/4.51/6.16
[2026-04-03T01:59:26.732+0600][18.147s][info][gc,mmu      ] GC(21) MMU: 2ms/93.1%, 5ms/97.2%, 10ms/98.4%, 20ms/99.2%, 50ms/99.7%, 100ms/99.8%
[2026-04-03T01:59:26.732+0600][18.147s][info][gc,marking  ] GC(21) Mark: 2 stripe(s), 2 proactive flush(es), 1 terminate flush(es), 0 completion(s), 0 continuation(s) 
[2026-04-03T01:59:26.732+0600][18.147s][info][gc,marking  ] GC(21) Mark Stack Usage: 32M
[2026-04-03T01:59:26.732+0600][18.147s][info][gc,nmethod  ] GC(21) NMethods: 4857 registered, 857 unregistered
[2026-04-03T01:59:26.732+0600][18.147s][info][gc,metaspace] GC(21) Metaspace: 64M used, 65M committed, 1088M reserved
[2026-04-03T01:59:26.732+0600][18.147s][info][gc,ref      ] GC(21) Soft: 4785 encountered, 0 discovered, 0 enqueued
[2026-04-03T01:59:26.732+0600][18.147s][info][gc,ref      ] GC(21) Weak: 5812 encountered, 660 discovered, 16 enqueued
[2026-04-03T01:59:26.732+0600][18.147s][info][gc,ref      ] GC(21) Final: 82 encountered, 1 discovered, 0 enqueued
[2026-04-03T01:59:26.732+0600][18.147s][info][gc,ref      ] GC(21) Phantom: 594 encountered, 498 discovered, 0 enqueued
[2026-04-03T01:59:26.732+0600][18.147s][info][gc,reloc    ] GC(21) Small Pages: 245 / 490M, Empty: 262M, Relocated: 1M, In-Place: 0
[2026-04-03T01:59:26.732+0600][18.147s][info][gc,reloc    ] GC(21) Medium Pages: 1 / 32M, Empty: 0M, Relocated: 0M, In-Place: 0
[2026-04-03T01:59:26.732+0600][18.147s][info][gc,reloc    ] GC(21) Large Pages: 2 / 12M, Empty: 0M, Relocated: 0M, In-Place: 0
[2026-04-03T01:59:26.732+0600][18.147s][info][gc,reloc    ] GC(21) Forwarding Usage: 0M
[2026-04-03T01:59:26.732+0600][18.147s][info][gc,heap     ] GC(21) Min Capacity: 8M(1%)
[2026-04-03T01:59:26.732+0600][18.147s][info][gc,heap     ] GC(21) Max Capacity: 1250M(100%)
[2026-04-03T01:59:26.732+0600][18.147s][info][gc,heap     ] GC(21) Soft Max Capacity: 1250M(100%)
[2026-04-03T01:59:26.732+0600][18.147s][info][gc,heap     ] GC(21)                Mark Start          Mark End        Relocate Start      Relocate End           High               Low         
[2026-04-03T01:59:26.733+0600][18.147s][info][gc,heap     ] GC(21)  Capacity:     1196M (96%)        1196M (96%)        1196M (96%)        1196M (96%)        1196M (96%)        1196M (96%)    
[2026-04-03T01:59:26.733+0600][18.147s][info][gc,heap     ] GC(21)      Free:      716M (57%)         462M (37%)         704M (56%)         734M (59%)         734M (59%)         452M (36%)    
[2026-04-03T01:59:26.733+0600][18.147s][info][gc,heap     ] GC(21)      Used:      534M (43%)         788M (63%)         546M (44%)         516M (41%)         798M (64%)         516M (41%)    
[2026-04-03T01:59:26.733+0600][18.147s][info][gc,heap     ] GC(21)      Live:         -               208M (17%)         208M (17%)         208M (17%)            -                  -          
[2026-04-03T01:59:26.733+0600][18.147s][info][gc,heap     ] GC(21) Allocated:         -               254M (20%)         274M (22%)         273M (22%)            -                  -          
[2026-04-03T01:59:26.733+0600][18.147s][info][gc,heap     ] GC(21)   Garbage:         -               325M (26%)          63M (5%)           33M (3%)             -                  -          
[2026-04-03T01:59:26.733+0600][18.147s][info][gc,heap     ] GC(21) Reclaimed:         -                  -               262M (21%)         291M (23%)            -                  -          
[2026-04-03T01:59:26.733+0600][18.147s][info][gc          ] GC(21) Garbage Collection (Allocation Rate) 534M(43%)->516M(41%)
[2026-04-03T01:59:26.800+0600][18.214s][info][gc,start    ] GC(22) Garbage Collection (Allocation Rate)
[2026-04-03T01:59:26.800+0600][18.214s][info][gc,task     ] GC(22) Using 3 workers
[2026-04-03T01:59:26.800+0600][18.215s][info][gc,phases   ] GC(22) Pause Mark Start 0.044ms
[2026-04-03T01:59:26.922+0600][18.336s][info][gc,phases   ] GC(22) Concurrent Mark 121.731ms
[2026-04-03T01:59:26.922+0600][18.337s][info][gc,phases   ] GC(22) Pause Mark End 0.025ms
[2026-04-03T01:59:26.922+0600][18.337s][info][gc,phases   ] GC(22) Concurrent Mark Free 0.002ms
[2026-04-03T01:59:26.928+0600][18.343s][info][gc,phases   ] GC(22) Concurrent Process Non-Strong References 5.631ms
[2026-04-03T01:59:26.928+0600][18.343s][info][gc,phases   ] GC(22) Concurrent Reset Relocation Set 0.004ms
[2026-04-03T01:59:26.932+0600][18.346s][info][gc,phases   ] GC(22) Concurrent Select Relocation Set 3.242ms
[2026-04-03T01:59:26.932+0600][18.346s][info][gc,phases   ] GC(22) Pause Relocate Start 0.015ms
[2026-04-03T01:59:26.933+0600][18.348s][info][gc,phases   ] GC(22) Concurrent Relocate 1.182ms
[2026-04-03T01:59:26.933+0600][18.348s][info][gc,load     ] GC(22) Load: 2.34/4.51/6.16
[2026-04-03T01:59:26.933+0600][18.348s][info][gc,mmu      ] GC(22) MMU: 2ms/93.1%, 5ms/97.2%, 10ms/98.4%, 20ms/99.2%, 50ms/99.7%, 100ms/99.8%
[2026-04-03T01:59:26.933+0600][18.348s][info][gc,marking  ] GC(22) Mark: 2 stripe(s), 3 proactive flush(es), 1 terminate flush(es), 0 completion(s), 0 continuation(s) 
[2026-04-03T01:59:26.933+0600][18.348s][info][gc,marking  ] GC(22) Mark Stack Usage: 32M
[2026-04-03T01:59:26.933+0600][18.348s][info][gc,nmethod  ] GC(22) NMethods: 4857 registered, 857 unregistered
[2026-04-03T01:59:26.933+0600][18.348s][info][gc,metaspace] GC(22) Metaspace: 64M used, 65M committed, 1088M reserved
[2026-04-03T01:59:26.933+0600][18.348s][info][gc,ref      ] GC(22) Soft: 4785 encountered, 0 discovered, 0 enqueued
[2026-04-03T01:59:26.933+0600][18.348s][info][gc,ref      ] GC(22) Weak: 5796 encountered, 495 discovered, 0 enqueued
[2026-04-03T01:59:26.933+0600][18.348s][info][gc,ref      ] GC(22) Final: 82 encountered, 0 discovered, 0 enqueued
[2026-04-03T01:59:26.933+0600][18.348s][info][gc,ref      ] GC(22) Phantom: 594 encountered, 427 discovered, 0 enqueued
[2026-04-03T01:59:26.933+0600][18.348s][info][gc,reloc    ] GC(22) Small Pages: 314 / 628M, Empty: 412M, Relocated: 1M, In-Place: 0
[2026-04-03T01:59:26.933+0600][18.348s][info][gc,reloc    ] GC(22) Medium Pages: 1 / 32M, Empty: 0M, Relocated: 0M, In-Place: 0
[2026-04-03T01:59:26.933+0600][18.348s][info][gc,reloc    ] GC(22) Large Pages: 2 / 12M, Empty: 0M, Relocated: 0M, In-Place: 0
[2026-04-03T01:59:26.933+0600][18.348s][info][gc,reloc    ] GC(22) Forwarding Usage: 0M
[2026-04-03T01:59:26.933+0600][18.348s][info][gc,heap     ] GC(22) Min Capacity: 8M(1%)
[2026-04-03T01:59:26.933+0600][18.348s][info][gc,heap     ] GC(22) Max Capacity: 1250M(100%)
[2026-04-03T01:59:26.933+0600][18.348s][info][gc,heap     ] GC(22) Soft Max Capacity: 1250M(100%)
[2026-04-03T01:59:26.933+0600][18.348s][info][gc,heap     ] GC(22)                Mark Start          Mark End        Relocate Start      Relocate End           High               Low         
[2026-04-03T01:59:26.933+0600][18.348s][info][gc,heap     ] GC(22)  Capacity:     1196M (96%)        1196M (96%)        1196M (96%)        1196M (96%)        1196M (96%)        1196M (96%)    
[2026-04-03T01:59:26.933+0600][18.348s][info][gc,heap     ] GC(22)      Free:      578M (46%)         326M (26%)         718M (57%)         734M (59%)         734M (59%)         314M (25%)    
[2026-04-03T01:59:26.933+0600][18.348s][info][gc,heap     ] GC(22)      Used:      672M (54%)         924M (74%)         532M (43%)         516M (41%)         936M (75%)         516M (41%)    
[2026-04-03T01:59:26.933+0600][18.348s][info][gc,heap     ] GC(22)      Live:         -               208M (17%)         208M (17%)         208M (17%)            -                  -          
[2026-04-03T01:59:26.933+0600][18.348s][info][gc,heap     ] GC(22) Allocated:         -               252M (20%)         272M (22%)         273M (22%)            -                  -          
[2026-04-03T01:59:26.933+0600][18.348s][info][gc,heap     ] GC(22)   Garbage:         -               463M (37%)          51M (4%)           33M (3%)             -                  -          
[2026-04-03T01:59:26.933+0600][18.348s][info][gc,heap     ] GC(22) Reclaimed:         -                  -               412M (33%)         429M (34%)            -                  -          
[2026-04-03T01:59:26.933+0600][18.348s][info][gc          ] GC(22) Garbage Collection (Allocation Rate) 672M(54%)->516M(41%)
[2026-04-03T01:59:27.099+0600][18.514s][info][gc,start    ] GC(23) Garbage Collection (Allocation Rate)
[2026-04-03T01:59:27.099+0600][18.514s][info][gc,task     ] GC(23) Using 3 workers
[2026-04-03T01:59:27.099+0600][18.514s][info][gc,phases   ] GC(23) Pause Mark Start 0.010ms
[2026-04-03T01:59:27.227+0600][18.641s][info][gc,phases   ] GC(23) Concurrent Mark 126.898ms
[2026-04-03T01:59:27.227+0600][18.641s][info][gc,phases   ] GC(23) Pause Mark End 0.024ms
[2026-04-03T01:59:27.227+0600][18.641s][info][gc,phases   ] GC(23) Concurrent Mark Free 0.001ms
[2026-04-03T01:59:27.233+0600][18.648s][info][gc,phases   ] GC(23) Concurrent Process Non-Strong References 6.107ms
[2026-04-03T01:59:27.233+0600][18.648s][info][gc,phases   ] GC(23) Concurrent Reset Relocation Set 0.003ms
[2026-04-03T01:59:27.236+0600][18.651s][info][gc,phases   ] GC(23) Concurrent Select Relocation Set 3.269ms
[2026-04-03T01:59:27.237+0600][18.651s][info][gc,phases   ] GC(23) Pause Relocate Start 0.013ms
[2026-04-03T01:59:27.238+0600][18.652s][info][gc,phases   ] GC(23) Concurrent Relocate 1.215ms
[2026-04-03T01:59:27.238+0600][18.653s][info][gc,load     ] GC(23) Load: 2.34/4.51/6.16
[2026-04-03T01:59:27.238+0600][18.653s][info][gc,mmu      ] GC(23) MMU: 2ms/93.1%, 5ms/97.2%, 10ms/98.4%, 20ms/99.2%, 50ms/99.7%, 100ms/99.8%
[2026-04-03T01:59:27.238+0600][18.653s][info][gc,marking  ] GC(23) Mark: 2 stripe(s), 2 proactive flush(es), 1 terminate flush(es), 0 completion(s), 0 continuation(s) 
[2026-04-03T01:59:27.238+0600][18.653s][info][gc,marking  ] GC(23) Mark Stack Usage: 32M
[2026-04-03T01:59:27.238+0600][18.653s][info][gc,nmethod  ] GC(23) NMethods: 4860 registered, 857 unregistered
[2026-04-03T01:59:27.238+0600][18.653s][info][gc,metaspace] GC(23) Metaspace: 64M used, 65M committed, 1088M reserved
[2026-04-03T01:59:27.238+0600][18.653s][info][gc,ref      ] GC(23) Soft: 4785 encountered, 0 discovered, 0 enqueued
[2026-04-03T01:59:27.238+0600][18.653s][info][gc,ref      ] GC(23) Weak: 5796 encountered, 3333 discovered, 0 enqueued
[2026-04-03T01:59:27.238+0600][18.653s][info][gc,ref      ] GC(23) Final: 82 encountered, 0 discovered, 0 enqueued
[2026-04-03T01:59:27.238+0600][18.653s][info][gc,ref      ] GC(23) Phantom: 594 encountered, 579 discovered, 0 enqueued
[2026-04-03T01:59:27.238+0600][18.653s][info][gc,reloc    ] GC(23) Small Pages: 448 / 896M, Empty: 676M, Relocated: 1M, In-Place: 0
[2026-04-03T01:59:27.238+0600][18.653s][info][gc,reloc    ] GC(23) Medium Pages: 1 / 32M, Empty: 0M, Relocated: 0M, In-Place: 0
[2026-04-03T01:59:27.238+0600][18.653s][info][gc,reloc    ] GC(23) Large Pages: 2 / 12M, Empty: 0M, Relocated: 0M, In-Place: 0
[2026-04-03T01:59:27.238+0600][18.653s][info][gc,reloc    ] GC(23) Forwarding Usage: 0M
[2026-04-03T01:59:27.238+0600][18.653s][info][gc,heap     ] GC(23) Min Capacity: 8M(1%)
[2026-04-03T01:59:27.238+0600][18.653s][info][gc,heap     ] GC(23) Max Capacity: 1250M(100%)
[2026-04-03T01:59:27.238+0600][18.653s][info][gc,heap     ] GC(23) Soft Max Capacity: 1250M(100%)
[2026-04-03T01:59:27.238+0600][18.653s][info][gc,heap     ] GC(23)                Mark Start          Mark End        Relocate Start      Relocate End           High               Low         
[2026-04-03T01:59:27.238+0600][18.653s][info][gc,heap     ] GC(23)  Capacity:     1196M (96%)        1196M (96%)        1196M (96%)        1196M (96%)        1196M (96%)        1196M (96%)    
[2026-04-03T01:59:27.238+0600][18.653s][info][gc,heap     ] GC(23)      Free:      310M (25%)          64M (5%)          726M (58%)         746M (60%)         746M (60%)          56M (4%)     
[2026-04-03T01:59:27.238+0600][18.653s][info][gc,heap     ] GC(23)      Used:      940M (75%)        1186M (95%)         524M (42%)         504M (40%)        1194M (96%)         504M (40%)    
[2026-04-03T01:59:27.238+0600][18.653s][info][gc,heap     ] GC(23)      Live:         -               208M (17%)         208M (17%)         208M (17%)            -                  -          
[2026-04-03T01:59:27.238+0600][18.653s][info][gc,heap     ] GC(23) Allocated:         -               246M (20%)         260M (21%)         261M (21%)            -                  -          
[2026-04-03T01:59:27.238+0600][18.653s][info][gc,heap     ] GC(23)   Garbage:         -               731M (59%)          55M (4%)           33M (3%)             -                  -          
[2026-04-03T01:59:27.238+0600][18.653s][info][gc,heap     ] GC(23) Reclaimed:         -                  -               676M (54%)         697M (56%)            -                  -          
[2026-04-03T01:59:27.238+0600][18.653s][info][gc          ] GC(23) Garbage Collection (Allocation Rate) 940M(75%)->504M(40%)
[2026-04-03T01:59:27.299+0600][18.714s][info][gc,start    ] GC(24) Garbage Collection (Allocation Rate)
[2026-04-03T01:59:27.299+0600][18.714s][info][gc,task     ] GC(24) Using 3 workers
[2026-04-03T01:59:27.299+0600][18.714s][info][gc,phases   ] GC(24) Pause Mark Start 0.009ms
[2026-04-03T01:59:27.419+0600][18.834s][info][gc,phases   ] GC(24) Concurrent Mark 119.857ms
[2026-04-03T01:59:27.420+0600][18.834s][info][gc,phases   ] GC(24) Pause Mark End 0.023ms
[2026-04-03T01:59:27.420+0600][18.834s][info][gc,phases   ] GC(24) Concurrent Mark Free 0.001ms
[2026-04-03T01:59:27.425+0600][18.839s][info][gc,phases   ] GC(24) Concurrent Process Non-Strong References 5.222ms
[2026-04-03T01:59:27.425+0600][18.839s][info][gc,phases   ] GC(24) Concurrent Reset Relocation Set 0.003ms
[2026-04-03T01:59:27.428+0600][18.842s][info][gc,phases   ] GC(24) Concurrent Select Relocation Set 2.784ms
[2026-04-03T01:59:27.428+0600][18.843s][info][gc,phases   ] GC(24) Pause Relocate Start 0.011ms
[2026-04-03T01:59:27.429+0600][18.844s][info][gc,phases   ] GC(24) Concurrent Relocate 1.077ms
[2026-04-03T01:59:27.429+0600][18.844s][info][gc,load     ] GC(24) Load: 2.34/4.51/6.16
[2026-04-03T01:59:27.429+0600][18.844s][info][gc,mmu      ] GC(24) MMU: 2ms/93.1%, 5ms/97.2%, 10ms/98.4%, 20ms/99.2%, 50ms/99.7%, 100ms/99.8%
[2026-04-03T01:59:27.429+0600][18.844s][info][gc,marking  ] GC(24) Mark: 2 stripe(s), 2 proactive flush(es), 1 terminate flush(es), 0 completion(s), 0 continuation(s) 
[2026-04-03T01:59:27.429+0600][18.844s][info][gc,marking  ] GC(24) Mark Stack Usage: 32M
[2026-04-03T01:59:27.429+0600][18.844s][info][gc,nmethod  ] GC(24) NMethods: 4973 registered, 15 unregistered
[2026-04-03T01:59:27.429+0600][18.844s][info][gc,metaspace] GC(24) Metaspace: 64M used, 65M committed, 1088M reserved
[2026-04-03T01:59:27.429+0600][18.844s][info][gc,ref      ] GC(24) Soft: 4785 encountered, 0 discovered, 0 enqueued
[2026-04-03T01:59:27.429+0600][18.844s][info][gc,ref      ] GC(24) Weak: 5881 encountered, 589 discovered, 4 enqueued
[2026-04-03T01:59:27.429+0600][18.844s][info][gc,ref      ] GC(24) Final: 82 encountered, 0 discovered, 0 enqueued
[2026-04-03T01:59:27.429+0600][18.844s][info][gc,ref      ] GC(24) Phantom: 594 encountered, 587 discovered, 0 enqueued
[2026-04-03T01:59:27.429+0600][18.844s][info][gc,reloc    ] GC(24) Small Pages: 251 / 502M, Empty: 278M, Relocated: 1M, In-Place: 0
[2026-04-03T01:59:27.429+0600][18.844s][info][gc,reloc    ] GC(24) Medium Pages: 2 / 64M, Empty: 32M, Relocated: 0M, In-Place: 0
[2026-04-03T01:59:27.429+0600][18.844s][info][gc,reloc    ] GC(24) Large Pages: 3 / 18M, Empty: 6M, Relocated: 0M, In-Place: 0
[2026-04-03T01:59:27.429+0600][18.844s][info][gc,reloc    ] GC(24) Forwarding Usage: 0M
[2026-04-03T01:59:27.429+0600][18.844s][info][gc,heap     ] GC(24) Min Capacity: 8M(1%)
[2026-04-03T01:59:27.429+0600][18.844s][info][gc,heap     ] GC(24) Max Capacity: 1250M(100%)
[2026-04-03T01:59:27.429+0600][18.844s][info][gc,heap     ] GC(24) Soft Max Capacity: 1250M(100%)
[2026-04-03T01:59:27.429+0600][18.844s][info][gc,heap     ] GC(24)                Mark Start          Mark End        Relocate Start      Relocate End           High               Low         
[2026-04-03T01:59:27.429+0600][18.844s][info][gc,heap     ] GC(24)  Capacity:     1250M (100%)       1250M (100%)       1250M (100%)       1250M (100%)       1250M (100%)       1250M (100%)   
[2026-04-03T01:59:27.429+0600][18.844s][info][gc,heap     ] GC(24)      Free:      666M (53%)         620M (50%)         934M (75%)         960M (77%)         960M (77%)         594M (48%)    
[2026-04-03T01:59:27.429+0600][18.844s][info][gc,heap     ] GC(24)      Used:      584M (47%)         630M (50%)         316M (25%)         290M (23%)         656M (52%)         290M (23%)    
[2026-04-03T01:59:27.429+0600][18.844s][info][gc,heap     ] GC(24)      Live:         -               208M (17%)         208M (17%)         208M (17%)            -                  -          
[2026-04-03T01:59:27.429+0600][18.844s][info][gc,heap     ] GC(24) Allocated:         -                46M (4%)           48M (4%)           47M (4%)             -                  -          
[2026-04-03T01:59:27.429+0600][18.844s][info][gc,heap     ] GC(24)   Garbage:         -               375M (30%)          59M (5%)           33M (3%)             -                  -          
[2026-04-03T01:59:27.429+0600][18.844s][info][gc,heap     ] GC(24) Reclaimed:         -                  -               316M (25%)         341M (27%)            -                  -          
[2026-04-03T01:59:27.429+0600][18.844s][info][gc          ] GC(24) Garbage Collection (Allocation Rate) 584M(47%)->290M(23%)
[2026-04-03T01:59:27.429+0600][18.844s][info][gc,start    ] GC(25) Garbage Collection (System.gc())
[2026-04-03T01:59:27.429+0600][18.844s][info][gc,task     ] GC(25) Using 3 workers
[2026-04-03T01:59:27.430+0600][18.844s][info][gc,phases   ] GC(25) Pause Mark Start 0.012ms
[2026-04-03T01:59:27.546+0600][18.960s][info][gc,phases   ] GC(25) Concurrent Mark 116.144ms
[2026-04-03T01:59:27.546+0600][18.961s][info][gc,phases   ] GC(25) Pause Mark End 0.021ms
[2026-04-03T01:59:27.546+0600][18.961s][info][gc,phases   ] GC(25) Concurrent Mark Free 0.002ms
[2026-04-03T01:59:27.551+0600][18.965s][info][gc,phases   ] GC(25) Concurrent Process Non-Strong References 4.428ms
[2026-04-03T01:59:27.551+0600][18.965s][info][gc,phases   ] GC(25) Concurrent Reset Relocation Set 0.003ms
[2026-04-03T01:59:27.553+0600][18.968s][info][gc,phases   ] GC(25) Concurrent Select Relocation Set 2.156ms
[2026-04-03T01:59:27.553+0600][18.968s][info][gc,phases   ] GC(25) Pause Relocate Start 0.009ms
[2026-04-03T01:59:27.555+0600][18.969s][info][gc,phases   ] GC(25) Concurrent Relocate 1.014ms
[2026-04-03T01:59:27.555+0600][18.969s][info][gc,load     ] GC(25) Load: 2.34/4.51/6.16
[2026-04-03T01:59:27.555+0600][18.969s][info][gc,mmu      ] GC(25) MMU: 2ms/93.1%, 5ms/97.2%, 10ms/98.4%, 20ms/99.2%, 50ms/99.7%, 100ms/99.8%
[2026-04-03T01:59:27.555+0600][18.969s][info][gc,marking  ] GC(25) Mark: 2 stripe(s), 2 proactive flush(es), 1 terminate flush(es), 0 completion(s), 0 continuation(s) 
[2026-04-03T01:59:27.555+0600][18.969s][info][gc,marking  ] GC(25) Mark Stack Usage: 32M
[2026-04-03T01:59:27.555+0600][18.969s][info][gc,nmethod  ] GC(25) NMethods: 4974 registered, 24 unregistered
[2026-04-03T01:59:27.555+0600][18.969s][info][gc,metaspace] GC(25) Metaspace: 64M used, 65M committed, 1088M reserved
[2026-04-03T01:59:27.555+0600][18.969s][info][gc,ref      ] GC(25) Soft: 4783 encountered, 0 discovered, 0 enqueued
[2026-04-03T01:59:27.555+0600][18.969s][info][gc,ref      ] GC(25) Weak: 5888 encountered, 707 discovered, 162 enqueued
[2026-04-03T01:59:27.555+0600][18.969s][info][gc,ref      ] GC(25) Final: 82 encountered, 1 discovered, 0 enqueued
[2026-04-03T01:59:27.555+0600][18.969s][info][gc,ref      ] GC(25) Phantom: 594 encountered, 342 discovered, 0 enqueued
[2026-04-03T01:59:27.555+0600][18.969s][info][gc,reloc    ] GC(25) Small Pages: 108 / 216M, Empty: 0M, Relocated: 1M, In-Place: 0
[2026-04-03T01:59:27.555+0600][18.969s][info][gc,reloc    ] GC(25) Medium Pages: 2 / 64M, Empty: 32M, Relocated: 0M, In-Place: 0
[2026-04-03T01:59:27.555+0600][18.969s][info][gc,reloc    ] GC(25) Large Pages: 2 / 12M, Empty: 0M, Relocated: 0M, In-Place: 0
[2026-04-03T01:59:27.555+0600][18.969s][info][gc,reloc    ] GC(25) Forwarding Usage: 0M
[2026-04-03T01:59:27.555+0600][18.969s][info][gc,heap     ] GC(25) Min Capacity: 8M(1%)
[2026-04-03T01:59:27.555+0600][18.969s][info][gc,heap     ] GC(25) Max Capacity: 1250M(100%)
[2026-04-03T01:59:27.555+0600][18.969s][info][gc,heap     ] GC(25) Soft Max Capacity: 1250M(100%)
[2026-04-03T01:59:27.555+0600][18.969s][info][gc,heap     ] GC(25)                Mark Start          Mark End        Relocate Start      Relocate End           High               Low         
[2026-04-03T01:59:27.555+0600][18.969s][info][gc,heap     ] GC(25)  Capacity:     1250M (100%)       1250M (100%)       1250M (100%)       1250M (100%)       1250M (100%)       1250M (100%)   
[2026-04-03T01:59:27.555+0600][18.969s][info][gc,heap     ] GC(25)      Free:      958M (77%)         954M (76%)         978M (78%)         996M (80%)         996M (80%)         946M (76%)    
[2026-04-03T01:59:27.555+0600][18.969s][info][gc,heap     ] GC(25)      Used:      292M (23%)         296M (24%)         272M (22%)         254M (20%)         304M (24%)         254M (20%)    
[2026-04-03T01:59:27.555+0600][18.969s][info][gc,heap     ] GC(25)      Live:         -               207M (17%)         207M (17%)         207M (17%)            -                  -          
[2026-04-03T01:59:27.555+0600][18.969s][info][gc,heap     ] GC(25) Allocated:         -                 4M (0%)           12M (1%)           11M (1%)             -                  -          
[2026-04-03T01:59:27.555+0600][18.969s][info][gc,heap     ] GC(25)   Garbage:         -                84M (7%)           52M (4%)           34M (3%)             -                  -          
[2026-04-03T01:59:27.555+0600][18.969s][info][gc,heap     ] GC(25) Reclaimed:         -                  -                32M (3%)           49M (4%)             -                  -          
[2026-04-03T01:59:27.555+0600][18.969s][info][gc          ] GC(25) Garbage Collection (System.gc()) 292M(23%)->254M(20%)
[2026-04-03T01:59:27.799+0600][19.214s][info][gc,start    ] GC(26) Garbage Collection (Allocation Rate)
[2026-04-03T01:59:27.799+0600][19.214s][info][gc,task     ] GC(26) Using 2 workers
[2026-04-03T01:59:27.800+0600][19.214s][info][gc,phases   ] GC(26) Pause Mark Start 0.010ms
[2026-04-03T01:59:27.963+0600][19.377s][info][gc,phases   ] GC(26) Concurrent Mark 163.130ms
[2026-04-03T01:59:27.963+0600][19.378s][info][gc,phases   ] GC(26) Pause Mark End 0.020ms
[2026-04-03T01:59:27.963+0600][19.378s][info][gc,phases   ] GC(26) Concurrent Mark Free 0.002ms
[2026-04-03T01:59:27.970+0600][19.385s][info][gc,phases   ] GC(26) Concurrent Process Non-Strong References 6.824ms
[2026-04-03T01:59:27.970+0600][19.385s][info][gc,phases   ] GC(26) Concurrent Reset Relocation Set 0.002ms
[2026-04-03T01:59:27.973+0600][19.387s][info][gc,phases   ] GC(26) Concurrent Select Relocation Set 2.519ms
[2026-04-03T01:59:27.973+0600][19.387s][info][gc,phases   ] GC(26) Pause Relocate Start 0.010ms
[2026-04-03T01:59:27.974+0600][19.389s][info][gc,phases   ] GC(26) Concurrent Relocate 1.141ms
[2026-04-03T01:59:27.974+0600][19.389s][info][gc,load     ] GC(26) Load: 2.34/4.51/6.16
[2026-04-03T01:59:27.974+0600][19.389s][info][gc,mmu      ] GC(26) MMU: 2ms/93.1%, 5ms/97.2%, 10ms/98.4%, 20ms/99.2%, 50ms/99.7%, 100ms/99.8%
[2026-04-03T01:59:27.974+0600][19.389s][info][gc,marking  ] GC(26) Mark: 2 stripe(s), 2 proactive flush(es), 1 terminate flush(es), 0 completion(s), 0 continuation(s) 
[2026-04-03T01:59:27.974+0600][19.389s][info][gc,marking  ] GC(26) Mark Stack Usage: 32M
[2026-04-03T01:59:27.974+0600][19.389s][info][gc,nmethod  ] GC(26) NMethods: 5081 registered, 42 unregistered
[2026-04-03T01:59:27.974+0600][19.389s][info][gc,metaspace] GC(26) Metaspace: 64M used, 65M committed, 1088M reserved
[2026-04-03T01:59:27.974+0600][19.389s][info][gc,ref      ] GC(26) Soft: 4785 encountered, 0 discovered, 0 enqueued
[2026-04-03T01:59:27.974+0600][19.389s][info][gc,ref      ] GC(26) Weak: 5946 encountered, 818 discovered, 94 enqueued
[2026-04-03T01:59:27.974+0600][19.389s][info][gc,ref      ] GC(26) Final: 82 encountered, 0 discovered, 0 enqueued
[2026-04-03T01:59:27.974+0600][19.389s][info][gc,ref      ] GC(26) Phantom: 594 encountered, 426 discovered, 0 enqueued
[2026-04-03T01:59:27.974+0600][19.389s][info][gc,reloc    ] GC(26) Small Pages: 248 / 496M, Empty: 250M, Relocated: 1M, In-Place: 0
[2026-04-03T01:59:27.974+0600][19.389s][info][gc,reloc    ] GC(26) Medium Pages: 2 / 64M, Empty: 32M, Relocated: 0M, In-Place: 0
[2026-04-03T01:59:27.974+0600][19.389s][info][gc,reloc    ] GC(26) Large Pages: 4 / 24M, Empty: 12M, Relocated: 0M, In-Place: 0
[2026-04-03T01:59:27.974+0600][19.389s][info][gc,reloc    ] GC(26) Forwarding Usage: 0M
[2026-04-03T01:59:27.974+0600][19.389s][info][gc,heap     ] GC(26) Min Capacity: 8M(1%)
[2026-04-03T01:59:27.974+0600][19.389s][info][gc,heap     ] GC(26) Max Capacity: 1250M(100%)
[2026-04-03T01:59:27.974+0600][19.389s][info][gc,heap     ] GC(26) Soft Max Capacity: 1250M(100%)
[2026-04-03T01:59:27.975+0600][19.389s][info][gc,heap     ] GC(26)                Mark Start          Mark End        Relocate Start      Relocate End           High               Low         
[2026-04-03T01:59:27.975+0600][19.389s][info][gc,heap     ] GC(26)  Capacity:     1250M (100%)       1250M (100%)       1250M (100%)       1250M (100%)       1250M (100%)       1250M (100%)   
[2026-04-03T01:59:27.975+0600][19.389s][info][gc,heap     ] GC(26)      Free:      666M (53%)         312M (25%)         578M (46%)         624M (50%)         666M (53%)         296M (24%)    
[2026-04-03T01:59:27.975+0600][19.389s][info][gc,heap     ] GC(26)      Used:      584M (47%)         938M (75%)         672M (54%)         626M (50%)         954M (76%)         584M (47%)    
[2026-04-03T01:59:27.975+0600][19.389s][info][gc,heap     ] GC(26)      Live:         -               208M (17%)         208M (17%)         208M (17%)            -                  -          
[2026-04-03T01:59:27.975+0600][19.389s][info][gc,heap     ] GC(26) Allocated:         -               354M (28%)         382M (31%)         385M (31%)            -                  -          
[2026-04-03T01:59:27.975+0600][19.389s][info][gc,heap     ] GC(26)   Garbage:         -               375M (30%)          81M (7%)           31M (3%)             -                  -          
[2026-04-03T01:59:27.975+0600][19.389s][info][gc,heap     ] GC(26) Reclaimed:         -                  -               294M (24%)         343M (28%)            -                  -          
[2026-04-03T01:59:27.975+0600][19.389s][info][gc          ] GC(26) Garbage Collection (Allocation Rate) 584M(47%)->626M(50%)
[2026-04-03T01:59:27.999+0600][19.414s][info][gc,start    ] GC(27) Garbage Collection (Allocation Rate)
[2026-04-03T01:59:28.000+0600][19.414s][info][gc,task     ] GC(27) Using 2 workers
[2026-04-03T01:59:28.000+0600][19.414s][info][gc,phases   ] GC(27) Pause Mark Start 0.011ms
[2026-04-03T01:59:28.168+0600][19.582s][info][gc,phases   ] GC(27) Concurrent Mark 167.695ms
[2026-04-03T01:59:28.168+0600][19.582s][info][gc,phases   ] GC(27) Pause Mark End 0.054ms
[2026-04-03T01:59:28.168+0600][19.582s][info][gc,phases   ] GC(27) Concurrent Mark Free 0.002ms
[2026-04-03T01:59:28.174+0600][19.589s][info][gc,phases   ] GC(27) Concurrent Process Non-Strong References 6.383ms
[2026-04-03T01:59:28.174+0600][19.589s][info][gc,phases   ] GC(27) Concurrent Reset Relocation Set 0.004ms
[2026-04-03T01:59:28.177+0600][19.591s][info][gc,phases   ] GC(27) Concurrent Select Relocation Set 2.344ms
[2026-04-03T01:59:28.177+0600][19.591s][info][gc,phases   ] GC(27) Pause Relocate Start 0.010ms
[2026-04-03T01:59:28.178+0600][19.593s][info][gc,phases   ] GC(27) Concurrent Relocate 1.259ms
[2026-04-03T01:59:28.178+0600][19.593s][info][gc,load     ] GC(27) Load: 2.34/4.51/6.16
[2026-04-03T01:59:28.178+0600][19.593s][info][gc,mmu      ] GC(27) MMU: 2ms/93.1%, 5ms/97.2%, 10ms/98.4%, 20ms/99.2%, 50ms/99.7%, 100ms/99.8%
[2026-04-03T01:59:28.178+0600][19.593s][info][gc,marking  ] GC(27) Mark: 2 stripe(s), 2 proactive flush(es), 1 terminate flush(es), 0 completion(s), 0 continuation(s) 
[2026-04-03T01:59:28.178+0600][19.593s][info][gc,marking  ] GC(27) Mark Stack Usage: 32M
[2026-04-03T01:59:28.178+0600][19.593s][info][gc,nmethod  ] GC(27) NMethods: 5085 registered, 42 unregistered
[2026-04-03T01:59:28.178+0600][19.593s][info][gc,metaspace] GC(27) Metaspace: 64M used, 65M committed, 1088M reserved
[2026-04-03T01:59:28.178+0600][19.593s][info][gc,ref      ] GC(27) Soft: 4785 encountered, 0 discovered, 0 enqueued
[2026-04-03T01:59:28.178+0600][19.593s][info][gc,ref      ] GC(27) Weak: 5860 encountered, 755 discovered, 21 enqueued
[2026-04-03T01:59:28.178+0600][19.593s][info][gc,ref      ] GC(27) Final: 82 encountered, 0 discovered, 0 enqueued
[2026-04-03T01:59:28.178+0600][19.593s][info][gc,ref      ] GC(27) Phantom: 594 encountered, 576 discovered, 0 enqueued
[2026-04-03T01:59:28.178+0600][19.593s][info][gc,reloc    ] GC(27) Small Pages: 321 / 642M, Empty: 424M, Relocated: 1M, In-Place: 0
[2026-04-03T01:59:28.178+0600][19.593s][info][gc,reloc    ] GC(27) Medium Pages: 1 / 32M, Empty: 0M, Relocated: 0M, In-Place: 0
[2026-04-03T01:59:28.178+0600][19.593s][info][gc,reloc    ] GC(27) Large Pages: 2 / 12M, Empty: 0M, Relocated: 0M, In-Place: 0
[2026-04-03T01:59:28.178+0600][19.593s][info][gc,reloc    ] GC(27) Forwarding Usage: 0M
[2026-04-03T01:59:28.178+0600][19.593s][info][gc,heap     ] GC(27) Min Capacity: 8M(1%)
[2026-04-03T01:59:28.178+0600][19.593s][info][gc,heap     ] GC(27) Max Capacity: 1250M(100%)
[2026-04-03T01:59:28.178+0600][19.593s][info][gc,heap     ] GC(27) Soft Max Capacity: 1250M(100%)
[2026-04-03T01:59:28.178+0600][19.593s][info][gc,heap     ] GC(27)                Mark Start          Mark End        Relocate Start      Relocate End           High               Low         
[2026-04-03T01:59:28.178+0600][19.593s][info][gc,heap     ] GC(27)  Capacity:     1250M (100%)       1250M (100%)       1250M (100%)       1250M (100%)       1250M (100%)       1250M (100%)   
[2026-04-03T01:59:28.178+0600][19.593s][info][gc,heap     ] GC(27)      Free:      564M (45%)         156M (12%)         558M (45%)         576M (46%)         578M (46%)         140M (11%)    
[2026-04-03T01:59:28.178+0600][19.593s][info][gc,heap     ] GC(27)      Used:      686M (55%)        1094M (88%)         692M (55%)         674M (54%)        1110M (89%)         672M (54%)    
[2026-04-03T01:59:28.178+0600][19.593s][info][gc,heap     ] GC(27)      Live:         -               208M (17%)         208M (17%)         208M (17%)            -                  -          
[2026-04-03T01:59:28.178+0600][19.593s][info][gc,heap     ] GC(27) Allocated:         -               408M (33%)         430M (34%)         433M (35%)            -                  -          
[2026-04-03T01:59:28.178+0600][19.593s][info][gc,heap     ] GC(27)   Garbage:         -               477M (38%)          53M (4%)           31M (3%)             -                  -          
[2026-04-03T01:59:28.178+0600][19.593s][info][gc,heap     ] GC(27) Reclaimed:         -                  -               424M (34%)         445M (36%)            -                  -          
[2026-04-03T01:59:28.178+0600][19.593s][info][gc          ] GC(27) Garbage Collection (Allocation Rate) 686M(55%)->674M(54%)
[2026-04-03T01:59:28.199+0600][19.613s][info][gc,start    ] GC(28) Garbage Collection (Allocation Rate)
[2026-04-03T01:59:28.199+0600][19.613s][info][gc,task     ] GC(28) Using 2 workers
[2026-04-03T01:59:28.199+0600][19.614s][info][gc,phases   ] GC(28) Pause Mark Start 0.010ms
[2026-04-03T01:59:28.362+0600][19.777s][info][gc,phases   ] GC(28) Concurrent Mark 162.591ms
[2026-04-03T01:59:28.362+0600][19.777s][info][gc,phases   ] GC(28) Pause Mark End 0.026ms
[2026-04-03T01:59:28.363+0600][19.777s][info][gc,phases   ] GC(28) Concurrent Mark Free 0.002ms
[2026-04-03T01:59:28.369+0600][19.784s][info][gc,phases   ] GC(28) Concurrent Process Non-Strong References 6.796ms
[2026-04-03T01:59:28.369+0600][19.784s][info][gc,phases   ] GC(28) Concurrent Reset Relocation Set 0.003ms
[2026-04-03T01:59:28.372+0600][19.786s][info][gc,phases   ] GC(28) Concurrent Select Relocation Set 2.503ms
[2026-04-03T01:59:28.372+0600][19.787s][info][gc,phases   ] GC(28) Pause Relocate Start 0.011ms
[2026-04-03T01:59:28.373+0600][19.788s][info][gc,phases   ] GC(28) Concurrent Relocate 1.166ms
[2026-04-03T01:59:28.373+0600][19.788s][info][gc,load     ] GC(28) Load: 2.34/4.51/6.16
[2026-04-03T01:59:28.373+0600][19.788s][info][gc,mmu      ] GC(28) MMU: 2ms/93.1%, 5ms/97.2%, 10ms/98.4%, 20ms/99.2%, 50ms/99.7%, 100ms/99.8%
[2026-04-03T01:59:28.373+0600][19.788s][info][gc,marking  ] GC(28) Mark: 2 stripe(s), 2 proactive flush(es), 1 terminate flush(es), 0 completion(s), 0 continuation(s) 
[2026-04-03T01:59:28.373+0600][19.788s][info][gc,marking  ] GC(28) Mark Stack Usage: 32M
[2026-04-03T01:59:28.373+0600][19.788s][info][gc,nmethod  ] GC(28) NMethods: 5097 registered, 42 unregistered
[2026-04-03T01:59:28.374+0600][19.788s][info][gc,metaspace] GC(28) Metaspace: 64M used, 65M committed, 1088M reserved
[2026-04-03T01:59:28.374+0600][19.788s][info][gc,ref      ] GC(28) Soft: 4785 encountered, 0 discovered, 0 enqueued
[2026-04-03T01:59:28.374+0600][19.788s][info][gc,ref      ] GC(28) Weak: 5837 encountered, 547 discovered, 0 enqueued
[2026-04-03T01:59:28.374+0600][19.788s][info][gc,ref      ] GC(28) Final: 82 encountered, 0 discovered, 0 enqueued
[2026-04-03T01:59:28.374+0600][19.788s][info][gc,ref      ] GC(28) Phantom: 594 encountered, 456 discovered, 0 enqueued
[2026-04-03T01:59:28.374+0600][19.788s][info][gc,reloc    ] GC(28) Small Pages: 342 / 684M, Empty: 468M, Relocated: 1M, In-Place: 0
[2026-04-03T01:59:28.374+0600][19.788s][info][gc,reloc    ] GC(28) Medium Pages: 1 / 32M, Empty: 0M, Relocated: 0M, In-Place: 0
[2026-04-03T01:59:28.374+0600][19.788s][info][gc,reloc    ] GC(28) Large Pages: 2 / 12M, Empty: 0M, Relocated: 0M, In-Place: 0
[2026-04-03T01:59:28.374+0600][19.788s][info][gc,reloc    ] GC(28) Forwarding Usage: 0M
[2026-04-03T01:59:28.374+0600][19.788s][info][gc,heap     ] GC(28) Min Capacity: 8M(1%)
[2026-04-03T01:59:28.374+0600][19.788s][info][gc,heap     ] GC(28) Max Capacity: 1250M(100%)
[2026-04-03T01:59:28.374+0600][19.788s][info][gc,heap     ] GC(28) Soft Max Capacity: 1250M(100%)
[2026-04-03T01:59:28.374+0600][19.788s][info][gc,heap     ] GC(28)                Mark Start          Mark End        Relocate Start      Relocate End           High               Low         
[2026-04-03T01:59:28.374+0600][19.788s][info][gc,heap     ] GC(28)  Capacity:     1250M (100%)       1250M (100%)       1250M (100%)       1250M (100%)       1250M (100%)       1250M (100%)   
[2026-04-03T01:59:28.374+0600][19.788s][info][gc,heap     ] GC(28)      Free:      522M (42%)          68M (5%)          530M (42%)         548M (44%)         548M (44%)          64M (5%)     
[2026-04-03T01:59:28.374+0600][19.788s][info][gc,heap     ] GC(28)      Used:      728M (58%)        1182M (95%)         720M (58%)         702M (56%)        1186M (95%)         702M (56%)    
[2026-04-03T01:59:28.374+0600][19.788s][info][gc,heap     ] GC(28)      Live:         -               208M (17%)         208M (17%)         208M (17%)            -                  -          
[2026-04-03T01:59:28.374+0600][19.788s][info][gc,heap     ] GC(28) Allocated:         -               454M (36%)         460M (37%)         461M (37%)            -                  -          
[2026-04-03T01:59:28.374+0600][19.788s][info][gc,heap     ] GC(28)   Garbage:         -               519M (42%)          51M (4%)           31M (3%)             -                  -          
[2026-04-03T01:59:28.374+0600][19.788s][info][gc,heap     ] GC(28) Reclaimed:         -                  -               468M (37%)         487M (39%)            -                  -          
[2026-04-03T01:59:28.374+0600][19.788s][info][gc          ] GC(28) Garbage Collection (Allocation Rate) 728M(58%)->702M(56%)
[2026-04-03T01:59:28.399+0600][19.814s][info][gc,start    ] GC(29) Garbage Collection (Allocation Rate)
[2026-04-03T01:59:28.399+0600][19.814s][info][gc,task     ] GC(29) Using 2 workers
[2026-04-03T01:59:28.399+0600][19.814s][info][gc,phases   ] GC(29) Pause Mark Start 0.078ms
[2026-04-03T01:59:28.595+0600][20.010s][info][gc,phases   ] GC(29) Concurrent Mark 195.603ms
[2026-04-03T01:59:28.596+0600][20.010s][info][gc,phases   ] GC(29) Pause Mark End 0.020ms
[2026-04-03T01:59:28.596+0600][20.010s][info][gc,phases   ] GC(29) Concurrent Mark Free 0.002ms
[2026-04-03T01:59:28.605+0600][20.019s][info][gc,phases   ] GC(29) Concurrent Process Non-Strong References 9.260ms
[2026-04-03T01:59:28.605+0600][20.019s][info][gc,phases   ] GC(29) Concurrent Reset Relocation Set 0.003ms
[2026-04-03T01:59:28.608+0600][20.022s][info][gc,phases   ] GC(29) Concurrent Select Relocation Set 2.771ms
[2026-04-03T01:59:28.608+0600][20.022s][info][gc,phases   ] GC(29) Pause Relocate Start 0.014ms
[2026-04-03T01:59:28.610+0600][20.025s][info][gc,phases   ] GC(29) Concurrent Relocate 2.100ms
[2026-04-03T01:59:28.610+0600][20.025s][info][gc,load     ] GC(29) Load: 2.34/4.51/6.16
[2026-04-03T01:59:28.610+0600][20.025s][info][gc,mmu      ] GC(29) MMU: 2ms/93.1%, 5ms/97.2%, 10ms/98.4%, 20ms/99.2%, 50ms/99.7%, 100ms/99.8%
[2026-04-03T01:59:28.610+0600][20.025s][info][gc,marking  ] GC(29) Mark: 2 stripe(s), 3 proactive flush(es), 1 terminate flush(es), 0 completion(s), 0 continuation(s) 
[2026-04-03T01:59:28.610+0600][20.025s][info][gc,marking  ] GC(29) Mark Stack Usage: 32M
[2026-04-03T01:59:28.610+0600][20.025s][info][gc,nmethod  ] GC(29) NMethods: 5203 registered, 44 unregistered
[2026-04-03T01:59:28.610+0600][20.025s][info][gc,metaspace] GC(29) Metaspace: 65M used, 66M committed, 1088M reserved
[2026-04-03T01:59:28.610+0600][20.025s][info][gc,ref      ] GC(29) Soft: 4784 encountered, 0 discovered, 0 enqueued
[2026-04-03T01:59:28.610+0600][20.025s][info][gc,ref      ] GC(29) Weak: 5804 encountered, 3054 discovered, 0 enqueued
[2026-04-03T01:59:28.610+0600][20.025s][info][gc,ref      ] GC(29) Final: 82 encountered, 82 discovered, 0 enqueued
[2026-04-03T01:59:28.610+0600][20.025s][info][gc,ref      ] GC(29) Phantom: 594 encountered, 442 discovered, 0 enqueued
[2026-04-03T01:59:28.610+0600][20.025s][info][gc,reloc    ] GC(29) Small Pages: 329 / 658M, Empty: 442M, Relocated: 1M, In-Place: 0
[2026-04-03T01:59:28.610+0600][20.025s][info][gc,reloc    ] GC(29) Medium Pages: 2 / 64M, Empty: 32M, Relocated: 0M, In-Place: 0
[2026-04-03T01:59:28.610+0600][20.025s][info][gc,reloc    ] GC(29) Large Pages: 2 / 12M, Empty: 0M, Relocated: 0M, In-Place: 0
[2026-04-03T01:59:28.610+0600][20.025s][info][gc,reloc    ] GC(29) Forwarding Usage: 0M
[2026-04-03T01:59:28.610+0600][20.025s][info][gc,heap     ] GC(29) Min Capacity: 8M(1%)
[2026-04-03T01:59:28.610+0600][20.025s][info][gc,heap     ] GC(29) Max Capacity: 1250M(100%)
[2026-04-03T01:59:28.610+0600][20.025s][info][gc,heap     ] GC(29) Soft Max Capacity: 1250M(100%)
[2026-04-03T01:59:28.610+0600][20.025s][info][gc,heap     ] GC(29)                Mark Start          Mark End        Relocate Start      Relocate End           High               Low         
[2026-04-03T01:59:28.610+0600][20.025s][info][gc,heap     ] GC(29)  Capacity:     1250M (100%)       1250M (100%)       1250M (100%)       1250M (100%)       1250M (100%)       1250M (100%)   
[2026-04-03T01:59:28.610+0600][20.025s][info][gc,heap     ] GC(29)      Free:      516M (41%)         392M (31%)         864M (69%)         882M (71%)         882M (71%)         390M (31%)    
[2026-04-03T01:59:28.610+0600][20.025s][info][gc,heap     ] GC(29)      Used:      734M (59%)         858M (69%)         386M (31%)         368M (29%)         860M (69%)         368M (29%)    
[2026-04-03T01:59:28.611+0600][20.025s][info][gc,heap     ] GC(29)      Live:         -               208M (17%)         208M (17%)         208M (17%)            -                  -          
[2026-04-03T01:59:28.611+0600][20.025s][info][gc,heap     ] GC(29) Allocated:         -               124M (10%)         126M (10%)         127M (10%)            -                  -          
[2026-04-03T01:59:28.611+0600][20.025s][info][gc,heap     ] GC(29)   Garbage:         -               525M (42%)          51M (4%)           31M (3%)             -                  -          
[2026-04-03T01:59:28.611+0600][20.025s][info][gc,heap     ] GC(29) Reclaimed:         -                  -               474M (38%)         493M (40%)            -                  -          
[2026-04-03T01:59:28.611+0600][20.025s][info][gc          ] GC(29) Garbage Collection (Allocation Rate) 734M(59%)->368M(29%)
[2026-04-03T01:59:28.699+0600][20.113s][info][gc,stats    ] === Garbage Collection Statistics =======================================================================================================================
[2026-04-03T01:59:28.699+0600][20.113s][info][gc,stats    ]                                                              Last 10s              Last 10m              Last 10h                Total
[2026-04-03T01:59:28.699+0600][20.113s][info][gc,stats    ]                                                              Avg / Max             Avg / Max             Avg / Max             Avg / Max
[2026-04-03T01:59:28.699+0600][20.113s][info][gc,stats    ]   Collector: Garbage Collection Cycle                    147.213 / 213.136     129.130 / 213.136     129.130 / 213.136     129.130 / 213.136     ms
[2026-04-03T01:59:28.699+0600][20.113s][info][gc,stats    ]  Contention: Mark Segment Reset Contention                     6 / 24                3 / 24                3 / 24                3 / 24          ops/s
[2026-04-03T01:59:28.699+0600][20.113s][info][gc,stats    ]  Contention: Mark SeqNum Reset Contention                      0 / 1                 0 / 1                 0 / 1                 0 / 1           ops/s
[2026-04-03T01:59:28.699+0600][20.113s][info][gc,stats    ]    Critical: Allocation Stall                                  0 / 0                 0 / 0                 0 / 0                 0 / 0           ops/s
[2026-04-03T01:59:28.699+0600][20.113s][info][gc,stats    ]    Critical: Allocation Stall                              0.000 / 0.000         0.000 / 0.000         0.000 / 0.000         0.000 / 0.000       ms
[2026-04-03T01:59:28.699+0600][20.113s][info][gc,stats    ]    Critical: GC Locker Stall                                   0 / 2                 0 / 2                 0 / 2                 0 / 2           ops/s
[2026-04-03T01:59:28.699+0600][20.113s][info][gc,stats    ]    Critical: GC Locker Stall                               0.074 / 0.113         0.045 / 0.113         0.045 / 0.113         0.045 / 0.113       ms
[2026-04-03T01:59:28.699+0600][20.113s][info][gc,stats    ]    Critical: Relocation Stall                                  0 / 0                 0 / 0                 0 / 0                 0 / 0           ops/s
[2026-04-03T01:59:28.699+0600][20.113s][info][gc,stats    ]    Critical: Relocation Stall                              0.000 / 0.000         0.000 / 0.000         0.000 / 0.000         0.000 / 0.000       ms
[2026-04-03T01:59:28.699+0600][20.113s][info][gc,stats    ]      Memory: Allocation Rate                                 878 / 1908            535 / 1908            535 / 1908            535 / 1908        MB/s
[2026-04-03T01:59:28.699+0600][20.113s][info][gc,stats    ]      Memory: Defragment                                        9 / 39                6 / 39                6 / 39                6 / 39          ops/s
[2026-04-03T01:59:28.699+0600][20.113s][info][gc,stats    ]      Memory: Out Of Memory                                     0 / 0                 0 / 0                 0 / 0                 0 / 0           ops/s
[2026-04-03T01:59:28.699+0600][20.113s][info][gc,stats    ]      Memory: Page Cache Flush                                 26 / 152              16 / 152              16 / 152              16 / 152         MB/s
[2026-04-03T01:59:28.699+0600][20.114s][info][gc,stats    ]      Memory: Page Cache Hit L1                               401 / 895             233 / 895             233 / 895             233 / 895         ops/s
[2026-04-03T01:59:28.699+0600][20.114s][info][gc,stats    ]      Memory: Page Cache Hit L2                                 0 / 0                 0 / 0                 0 / 0                 0 / 0           ops/s
[2026-04-03T01:59:28.699+0600][20.114s][info][gc,stats    ]      Memory: Page Cache Hit L3                                 9 / 37               12 / 77               12 / 77               12 / 77          ops/s
[2026-04-03T01:59:28.699+0600][20.114s][info][gc,stats    ]      Memory: Page Cache Miss                                  17 / 75               17 / 123              17 / 123              17 / 123         ops/s
[2026-04-03T01:59:28.699+0600][20.114s][info][gc,stats    ]      Memory: Uncommit                                          0 / 0                 0 / 0                 0 / 0                 0 / 0           MB/s
[2026-04-03T01:59:28.699+0600][20.114s][info][gc,stats    ]      Memory: Undo Object Allocation Failed                     0 / 0                 0 / 0                 0 / 0                 0 / 0           ops/s
[2026-04-03T01:59:28.699+0600][20.114s][info][gc,stats    ]      Memory: Undo Object Allocation Succeeded                  0 / 3                 0 / 3                 0 / 3                 0 / 3           ops/s
[2026-04-03T01:59:28.699+0600][20.114s][info][gc,stats    ]      Memory: Undo Page Allocation                              0 / 2                 0 / 2                 0 / 2                 0 / 2           ops/s
[2026-04-03T01:59:28.699+0600][20.114s][info][gc,stats    ]       Phase: Concurrent Mark                             124.517 / 195.603     104.113 / 195.603     104.113 / 195.603     104.113 / 195.603     ms
[2026-04-03T01:59:28.699+0600][20.114s][info][gc,stats    ]       Phase: Concurrent Mark Continue                      0.000 / 0.000         0.000 / 0.000         0.000 / 0.000         0.000 / 0.000       ms
[2026-04-03T01:59:28.699+0600][20.114s][info][gc,stats    ]       Phase: Concurrent Mark Free                          0.002 / 0.007         0.002 / 0.007         0.002 / 0.007         0.002 / 0.007       ms
[2026-04-03T01:59:28.699+0600][20.114s][info][gc,stats    ]       Phase: Concurrent Process Non-Strong References      6.557 / 17.651        5.730 / 17.651        5.730 / 17.651        5.730 / 17.651      ms
[2026-04-03T01:59:28.699+0600][20.114s][info][gc,stats    ]       Phase: Concurrent Relocate                          10.856 / 47.367       11.917 / 48.455       11.917 / 48.455       11.917 / 48.455      ms
[2026-04-03T01:59:28.699+0600][20.114s][info][gc,stats    ]       Phase: Concurrent Reset Relocation Set               0.009 / 0.041         0.010 / 0.041         0.010 / 0.041         0.010 / 0.041       ms
[2026-04-03T01:59:28.699+0600][20.114s][info][gc,stats    ]       Phase: Concurrent Select Relocation Set              4.436 / 14.610        5.095 / 22.015        5.095 / 22.015        5.095 / 22.015      ms
[2026-04-03T01:59:28.699+0600][20.114s][info][gc,stats    ]       Phase: Pause Mark End                                0.030 / 0.094         0.028 / 0.094         0.028 / 0.094         0.028 / 0.094       ms
[2026-04-03T01:59:28.699+0600][20.114s][info][gc,stats    ]       Phase: Pause Mark Start                              0.016 / 0.078         0.015 / 0.078         0.015 / 0.078         0.015 / 0.078       ms
[2026-04-03T01:59:28.699+0600][20.114s][info][gc,stats    ]       Phase: Pause Relocate Start                          0.019 / 0.134         0.022 / 0.138         0.022 / 0.138         0.022 / 0.138       ms
[2026-04-03T01:59:28.699+0600][20.114s][info][gc,stats    ]    Subphase: Concurrent Classes Purge                      0.073 / 0.337         0.088 / 0.337         0.088 / 0.337         0.088 / 0.337       ms
[2026-04-03T01:59:28.699+0600][20.114s][info][gc,stats    ]    Subphase: Concurrent Classes Unlink                     4.855 / 15.189        4.164 / 15.189        4.164 / 15.189        4.164 / 15.189      ms
[2026-04-03T01:59:28.699+0600][20.114s][info][gc,stats    ]    Subphase: Concurrent Mark                             120.332 / 194.698      99.639 / 194.698      99.639 / 194.698      99.639 / 194.698     ms
[2026-04-03T01:59:28.699+0600][20.114s][info][gc,stats    ]    Subphase: Concurrent Mark Try Flush                     0.235 / 1.127         0.237 / 1.127         0.237 / 1.127         0.237 / 1.127       ms
[2026-04-03T01:59:28.699+0600][20.114s][info][gc,stats    ]    Subphase: Concurrent Mark Try Terminate                 0.691 / 1.217         0.702 / 1.217         0.702 / 1.217         0.702 / 1.217       ms
[2026-04-03T01:59:28.699+0600][20.114s][info][gc,stats    ]    Subphase: Concurrent References Enqueue                 0.004 / 0.011         0.004 / 0.011         0.004 / 0.011         0.004 / 0.011       ms
[2026-04-03T01:59:28.699+0600][20.114s][info][gc,stats    ]    Subphase: Concurrent References Process                 0.379 / 0.765         0.344 / 0.765         0.344 / 0.765         0.344 / 0.765       ms
[2026-04-03T01:59:28.699+0600][20.114s][info][gc,stats    ]    Subphase: Concurrent Roots ClassLoaderDataGraph         0.203 / 0.545         0.190 / 0.545         0.190 / 0.545         0.190 / 0.545       ms
[2026-04-03T01:59:28.699+0600][20.114s][info][gc,stats    ]    Subphase: Concurrent Roots CodeCache                    0.000 / 0.000         0.000 / 0.000         0.000 / 0.000         0.000 / 0.000       ms
[2026-04-03T01:59:28.699+0600][20.114s][info][gc,stats    ]    Subphase: Concurrent Roots JavaThreads                  0.359 / 1.022         0.375 / 1.948         0.375 / 1.948         0.375 / 1.948       ms
[2026-04-03T01:59:28.699+0600][20.114s][info][gc,stats    ]    Subphase: Concurrent Roots OopStorageSet                0.049 / 0.104         0.049 / 0.131         0.049 / 0.131         0.049 / 0.131       ms
[2026-04-03T01:59:28.699+0600][20.114s][info][gc,stats    ]    Subphase: Concurrent Weak Roots OopStorageSet           0.688 / 1.139         0.625 / 1.139         0.625 / 1.139         0.625 / 1.139       ms
[2026-04-03T01:59:28.699+0600][20.114s][info][gc,stats    ]    Subphase: Pause Mark Try Complete                       0.000 / 0.000         0.000 / 0.000         0.000 / 0.000         0.000 / 0.000       ms
[2026-04-03T01:59:28.699+0600][20.114s][info][gc,stats    ]      System: Java Threads                                     73 / 106              63 / 106              63 / 106              63 / 106         threads
[2026-04-03T01:59:28.699+0600][20.114s][info][gc,stats    ] =========================================================================================================================================================
[2026-04-03T01:59:28.699+0600][20.114s][info][gc,start    ] GC(30) Garbage Collection (Allocation Rate)
[2026-04-03T01:59:28.700+0600][20.114s][info][gc,task     ] GC(30) Using 2 workers
[2026-04-03T01:59:28.700+0600][20.114s][info][gc,phases   ] GC(30) Pause Mark Start 0.009ms
[2026-04-03T01:59:28.726+0600][20.141s][info][gc,phases   ] GC(30) Concurrent Mark 26.212ms
[2026-04-03T01:59:28.726+0600][20.141s][info][gc,phases   ] GC(30) Pause Mark End 0.020ms
[2026-04-03T01:59:28.726+0600][20.141s][info][gc,phases   ] GC(30) Concurrent Mark Free 0.001ms
[2026-04-03T01:59:28.734+0600][20.148s][info][gc,phases   ] GC(30) Concurrent Process Non-Strong References 7.097ms
[2026-04-03T01:59:28.734+0600][20.148s][info][gc,phases   ] GC(30) Concurrent Reset Relocation Set 0.003ms
[2026-04-03T01:59:28.737+0600][20.152s][info][gc,phases   ] GC(30) Concurrent Select Relocation Set 3.411ms
[2026-04-03T01:59:28.737+0600][20.152s][info][gc,phases   ] GC(30) Pause Relocate Start 0.012ms
[2026-04-03T01:59:28.741+0600][20.156s][info][gc,phases   ] GC(30) Concurrent Relocate 3.855ms
[2026-04-03T01:59:28.742+0600][20.156s][info][gc,load     ] GC(30) Load: 2.34/4.51/6.16
[2026-04-03T01:59:28.742+0600][20.156s][info][gc,mmu      ] GC(30) MMU: 2ms/93.1%, 5ms/97.2%, 10ms/98.4%, 20ms/99.2%, 50ms/99.7%, 100ms/99.8%
[2026-04-03T01:59:28.742+0600][20.156s][info][gc,marking  ] GC(30) Mark: 2 stripe(s), 2 proactive flush(es), 1 terminate flush(es), 0 completion(s), 0 continuation(s) 
[2026-04-03T01:59:28.742+0600][20.156s][info][gc,marking  ] GC(30) Mark Stack Usage: 32M
[2026-04-03T01:59:28.742+0600][20.156s][info][gc,nmethod  ] GC(30) NMethods: 5193 registered, 64 unregistered
[2026-04-03T01:59:28.742+0600][20.156s][info][gc,metaspace] GC(30) Metaspace: 65M used, 66M committed, 1088M reserved
[2026-04-03T01:59:28.742+0600][20.156s][info][gc,ref      ] GC(30) Soft: 4779 encountered, 0 discovered, 0 enqueued
[2026-04-03T01:59:28.742+0600][20.156s][info][gc,ref      ] GC(30) Weak: 5931 encountered, 2586 discovered, 263 enqueued
[2026-04-03T01:59:28.742+0600][20.156s][info][gc,ref      ] GC(30) Final: 82 encountered, 0 discovered, 0 enqueued
[2026-04-03T01:59:28.742+0600][20.156s][info][gc,ref      ] GC(30) Phantom: 588 encountered, 437 discovered, 0 enqueued
[2026-04-03T01:59:28.742+0600][20.156s][info][gc,reloc    ] GC(30) Small Pages: 143 / 286M, Empty: 150M, Relocated: 6M, In-Place: 0
[2026-04-03T01:59:28.742+0600][20.156s][info][gc,reloc    ] GC(30) Medium Pages: 2 / 64M, Empty: 32M, Relocated: 0M, In-Place: 0
[2026-04-03T01:59:28.742+0600][20.156s][info][gc,reloc    ] GC(30) Large Pages: 3 / 18M, Empty: 18M, Relocated: 0M, In-Place: 0
[2026-04-03T01:59:28.742+0600][20.156s][info][gc,reloc    ] GC(30) Forwarding Usage: 1M
[2026-04-03T01:59:28.742+0600][20.156s][info][gc,heap     ] GC(30) Min Capacity: 8M(1%)
[2026-04-03T01:59:28.742+0600][20.156s][info][gc,heap     ] GC(30) Max Capacity: 1250M(100%)
[2026-04-03T01:59:28.742+0600][20.156s][info][gc,heap     ] GC(30) Soft Max Capacity: 1250M(100%)
[2026-04-03T01:59:28.742+0600][20.156s][info][gc,heap     ] GC(30)                Mark Start          Mark End        Relocate Start      Relocate End           High               Low         
[2026-04-03T01:59:28.742+0600][20.156s][info][gc,heap     ] GC(30)  Capacity:     1250M (100%)       1250M (100%)       1250M (100%)       1250M (100%)       1250M (100%)       1250M (100%)   
[2026-04-03T01:59:28.742+0600][20.156s][info][gc,heap     ] GC(30)      Free:      882M (71%)         882M (71%)        1070M (86%)        1170M (94%)        1170M (94%)         870M (70%)    
[2026-04-03T01:59:28.742+0600][20.156s][info][gc,heap     ] GC(30)      Used:      368M (29%)         368M (29%)         180M (14%)          80M (6%)          380M (30%)          80M (6%)     
[2026-04-03T01:59:28.742+0600][20.156s][info][gc,heap     ] GC(30)      Live:         -                35M (3%)           35M (3%)           35M (3%)             -                  -          
[2026-04-03T01:59:28.742+0600][20.156s][info][gc,heap     ] GC(30) Allocated:         -                 0M (0%)           12M (1%)           13M (1%)             -                  -          
[2026-04-03T01:59:28.742+0600][20.156s][info][gc,heap     ] GC(30)   Garbage:         -               332M (27%)         132M (11%)          30M (2%)             -                  -          
[2026-04-03T01:59:28.742+0600][20.156s][info][gc,heap     ] GC(30) Reclaimed:         -                  -               200M (16%)         301M (24%)            -                  -          
[2026-04-03T01:59:28.742+0600][20.156s][info][gc          ] GC(30) Garbage Collection (Allocation Rate) 368M(29%)->80M(6%)
[2026-04-03T01:59:28.999+0600][20.414s][info][gc,start    ] GC(31) Garbage Collection (Allocation Rate)
[2026-04-03T01:59:28.999+0600][20.414s][info][gc,task     ] GC(31) Using 2 workers
[2026-04-03T01:59:28.999+0600][20.414s][info][gc,phases   ] GC(31) Pause Mark Start 0.019ms
[2026-04-03T01:59:29.060+0600][20.475s][info][gc,phases   ] GC(31) Concurrent Mark 60.637ms
[2026-04-03T01:59:29.060+0600][20.475s][info][gc,phases   ] GC(31) Pause Mark End 0.025ms
[2026-04-03T01:59:29.061+0600][20.475s][info][gc,phases   ] GC(31) Concurrent Mark Free 0.003ms
[2026-04-03T01:59:29.070+0600][20.485s][info][gc,phases   ] GC(31) Concurrent Process Non-Strong References 9.782ms
[2026-04-03T01:59:29.071+0600][20.485s][info][gc,phases   ] GC(31) Concurrent Reset Relocation Set 0.010ms
[2026-04-03T01:59:29.075+0600][20.489s][info][gc,phases   ] GC(31) Concurrent Select Relocation Set 3.974ms
[2026-04-03T01:59:29.075+0600][20.489s][info][gc,phases   ] GC(31) Pause Relocate Start 0.026ms
[2026-04-03T01:59:29.080+0600][20.494s][info][gc,phases   ] GC(31) Concurrent Relocate 5.200ms
[2026-04-03T01:59:29.080+0600][20.495s][info][gc,load     ] GC(31) Load: 2.34/4.51/6.16
[2026-04-03T01:59:29.080+0600][20.495s][info][gc,mmu      ] GC(31) MMU: 2ms/93.1%, 5ms/97.2%, 10ms/98.4%, 20ms/99.2%, 50ms/99.7%, 100ms/99.8%
[2026-04-03T01:59:29.080+0600][20.495s][info][gc,marking  ] GC(31) Mark: 2 stripe(s), 2 proactive flush(es), 1 terminate flush(es), 0 completion(s), 0 continuation(s) 
[2026-04-03T01:59:29.080+0600][20.495s][info][gc,marking  ] GC(31) Mark Stack Usage: 32M
[2026-04-03T01:59:29.080+0600][20.495s][info][gc,nmethod  ] GC(31) NMethods: 5206 registered, 65 unregistered
[2026-04-03T01:59:29.080+0600][20.495s][info][gc,metaspace] GC(31) Metaspace: 65M used, 66M committed, 1088M reserved
[2026-04-03T01:59:29.080+0600][20.495s][info][gc,ref      ] GC(31) Soft: 4780 encountered, 0 discovered, 0 enqueued
[2026-04-03T01:59:29.080+0600][20.495s][info][gc,ref      ] GC(31) Weak: 5669 encountered, 464 discovered, 0 enqueued
[2026-04-03T01:59:29.080+0600][20.495s][info][gc,ref      ] GC(31) Final: 82 encountered, 0 discovered, 0 enqueued
[2026-04-03T01:59:29.080+0600][20.495s][info][gc,ref      ] GC(31) Phantom: 588 encountered, 462 discovered, 0 enqueued
[2026-04-03T01:59:29.080+0600][20.495s][info][gc,reloc    ] GC(31) Small Pages: 27 / 54M, Empty: 16M, Relocated: 3M, In-Place: 0
[2026-04-03T01:59:29.080+0600][20.495s][info][gc,reloc    ] GC(31) Medium Pages: 2 / 64M, Empty: 32M, Relocated: 0M, In-Place: 0
[2026-04-03T01:59:29.080+0600][20.495s][info][gc,reloc    ] GC(31) Large Pages: 0 / 0M, Empty: 0M, Relocated: 0M, In-Place: 0
[2026-04-03T01:59:29.080+0600][20.495s][info][gc,reloc    ] GC(31) Forwarding Usage: 1M
[2026-04-03T01:59:29.080+0600][20.495s][info][gc,heap     ] GC(31) Min Capacity: 8M(1%)
[2026-04-03T01:59:29.080+0600][20.495s][info][gc,heap     ] GC(31) Max Capacity: 1250M(100%)
[2026-04-03T01:59:29.080+0600][20.495s][info][gc,heap     ] GC(31) Soft Max Capacity: 1250M(100%)
[2026-04-03T01:59:29.080+0600][20.495s][info][gc,heap     ] GC(31)                Mark Start          Mark End        Relocate Start      Relocate End           High               Low         
[2026-04-03T01:59:29.080+0600][20.495s][info][gc,heap     ] GC(31)  Capacity:     1250M (100%)       1250M (100%)       1250M (100%)       1250M (100%)       1250M (100%)       1250M (100%)   
[2026-04-03T01:59:29.080+0600][20.495s][info][gc,heap     ] GC(31)      Free:     1132M (91%)        1120M (90%)        1134M (91%)        1138M (91%)        1138M (91%)        1086M (87%)    
[2026-04-03T01:59:29.080+0600][20.495s][info][gc,heap     ] GC(31)      Used:      118M (9%)          130M (10%)         116M (9%)          112M (9%)          164M (13%)         112M (9%)     
[2026-04-03T01:59:29.080+0600][20.495s][info][gc,heap     ] GC(31)      Live:         -                35M (3%)           35M (3%)           35M (3%)             -                  -          
[2026-04-03T01:59:29.080+0600][20.495s][info][gc,heap     ] GC(31) Allocated:         -                12M (1%)           46M (4%)           45M (4%)             -                  -          
[2026-04-03T01:59:29.080+0600][20.495s][info][gc,heap     ] GC(31)   Garbage:         -                82M (7%)           34M (3%)           30M (2%)             -                  -          
[2026-04-03T01:59:29.080+0600][20.495s][info][gc,heap     ] GC(31) Reclaimed:         -                  -                48M (4%)           51M (4%)             -                  -          
[2026-04-03T01:59:29.080+0600][20.495s][info][gc          ] GC(31) Garbage Collection (Allocation Rate) 118M(9%)->112M(9%)
[2026-04-03T01:59:29.267+0600][20.682s][info][gc,heap,exit] Heap
[2026-04-03T01:59:29.267+0600][20.682s][info][gc,heap,exit]  ZHeap           used 120M, capacity 1250M, max capacity 1250M
[2026-04-03T01:59:29.267+0600][20.682s][info][gc,heap,exit]  Metaspace       used 66811K, committed 67648K, reserved 1114112K
[2026-04-03T01:59:29.267+0600][20.682s][info][gc,heap,exit]   class space    used 8519K, committed 8896K, reserved 1048576K
