[2026-04-03T02:01:40.938+0600][0.005s][info][gc,init] Initializing The Z Garbage Collector
[2026-04-03T02:01:40.938+0600][0.005s][info][gc,init] Version: 21.0.10+7-Ubuntu-124.04 (release)
[2026-04-03T02:01:40.938+0600][0.005s][info][gc,init] NUMA Support: Disabled
[2026-04-03T02:01:40.938+0600][0.005s][info][gc,init] CPUs: 12 total, 12 available
[2026-04-03T02:01:40.938+0600][0.006s][info][gc,init] Memory: 15683M
[2026-04-03T02:01:40.938+0600][0.006s][info][gc,init] Large Page Support: Disabled
[2026-04-03T02:01:40.938+0600][0.006s][info][gc,init] Address Space Type: Contiguous/Unrestricted/Complete
[2026-04-03T02:01:40.938+0600][0.006s][info][gc,init] Address Space Size: 28000M
[2026-04-03T02:01:40.938+0600][0.006s][info][gc,init] Heap Backing File: /memfd:java_heap
[2026-04-03T02:01:40.938+0600][0.006s][info][gc,init] Heap Backing Filesystem: tmpfs (0x1021994)
[2026-04-03T02:01:40.939+0600][0.006s][info][gc,init] Min Capacity: 8M
[2026-04-03T02:01:40.939+0600][0.006s][info][gc,init] Initial Capacity: 246M
[2026-04-03T02:01:40.939+0600][0.006s][info][gc,init] Max Capacity: 1750M
[2026-04-03T02:01:40.939+0600][0.006s][info][gc,init] Soft Max Capacity: 1750M
[2026-04-03T02:01:40.939+0600][0.006s][info][gc,init] Medium Page Size: 32M
[2026-04-03T02:01:40.939+0600][0.006s][info][gc,init] Pre-touch: Disabled
[2026-04-03T02:01:40.939+0600][0.006s][info][gc,init] Available space on backing filesystem: N/A
[2026-04-03T02:01:40.940+0600][0.007s][info][gc,init] Uncommit: Enabled
[2026-04-03T02:01:40.940+0600][0.007s][info][gc,init] Uncommit Delay: 300s
[2026-04-03T02:01:40.940+0600][0.007s][info][gc,init] GC Workers for Old Generation: 3 (dynamic)
[2026-04-03T02:01:40.940+0600][0.008s][info][gc,init] GC Workers for Young Generation: 3 (dynamic)
[2026-04-03T02:01:41.035+0600][0.102s][info][gc,init] GC Workers Max: 3 (dynamic)
[2026-04-03T02:01:41.035+0600][0.103s][info][gc,init] Runtime Workers: 8
[2026-04-03T02:01:41.036+0600][0.104s][info][gc     ] Using The Z Garbage Collector
[2026-04-03T02:01:41.048+0600][0.116s][info][gc,metaspace] CDS archive(s) mapped at: [0x00007ed57b000000-0x00007ed57bc9c000-0x00007ed57bc9c000), size 13221888, SharedBaseAddress: 0x00007ed57b000000, ArchiveRelocationMode: 1.
[2026-04-03T02:01:41.048+0600][0.116s][info][gc,metaspace] Compressed class space mapped at: 0x00007ed57c000000-0x00007ed5bc000000, reserved size: 1073741824
[2026-04-03T02:01:41.048+0600][0.116s][info][gc,metaspace] Narrow klass base: 0x00007ed57b000000, Narrow klass shift: 0, Narrow klass range: 0x100000000
[2026-04-03T02:01:41.885+0600][0.952s][info][gc          ] GC(0) Major Collection (Warmup)
[2026-04-03T02:01:41.885+0600][0.952s][info][gc,task     ] GC(0) Using 3 Workers for Young Generation
[2026-04-03T02:01:41.885+0600][0.952s][info][gc,task     ] GC(0) Using 2 Workers for Old Generation
[2026-04-03T02:01:41.885+0600][0.952s][info][gc,phases   ] GC(0) Y: Young Generation
[2026-04-03T02:01:41.885+0600][0.953s][info][gc,phases   ] GC(0) Y: Pause Mark Start (Major) 0.027ms
[2026-04-03T02:01:41.891+0600][0.958s][info][gc,phases   ] GC(0) Y: Concurrent Mark 5.600ms
[2026-04-03T02:01:41.891+0600][0.959s][info][gc,phases   ] GC(0) Y: Pause Mark End 0.013ms
[2026-04-03T02:01:41.891+0600][0.959s][info][gc,phases   ] GC(0) Y: Concurrent Mark Free 0.001ms
[2026-04-03T02:01:41.891+0600][0.959s][info][gc,phases   ] GC(0) Y: Concurrent Reset Relocation Set 0.000ms
[2026-04-03T02:01:41.898+0600][0.965s][info][gc,reloc    ] GC(0) Y: Using tenuring threshold: 1 (Computed)
[2026-04-03T02:01:41.899+0600][0.966s][info][gc,phases   ] GC(0) Y: Concurrent Select Relocation Set 7.342ms
[2026-04-03T02:01:41.902+0600][0.969s][info][gc,phases   ] GC(0) Y: Pause Relocate Start 0.013ms
[2026-04-03T02:01:41.905+0600][0.973s][info][gc,phases   ] GC(0) Y: Concurrent Relocate 3.183ms
[2026-04-03T02:01:41.905+0600][0.973s][info][gc,alloc    ] GC(0) Y:                         Mark Start        Mark End      Relocate Start    Relocate End   
[2026-04-03T02:01:41.905+0600][0.973s][info][gc,alloc    ] GC(0) Y: Allocation Stalls:          0                0                0                0         
[2026-04-03T02:01:41.905+0600][0.973s][info][gc,load     ] GC(0) Y: Load: 3.09 (26%) / 3.91 (33%) / 5.70 (47%)
[2026-04-03T02:01:41.905+0600][0.973s][info][gc,mmu      ] GC(0) Y: MMU: 2ms/98.7%, 5ms/99.5%, 10ms/99.6%, 20ms/99.7%, 50ms/99.9%, 100ms/99.9%
[2026-04-03T02:01:41.905+0600][0.973s][info][gc,marking  ] GC(0) Y: Mark: 2 stripe(s), 7 proactive flush(es), 1 terminate flush(es), 0 completion(s), 0 continuation(s) 
[2026-04-03T02:01:41.905+0600][0.973s][info][gc,marking  ] GC(0) Y: Mark Stack Usage: 32M
[2026-04-03T02:01:41.905+0600][0.973s][info][gc,nmethod  ] GC(0) Y: NMethods: 988 registered, 0 unregistered
[2026-04-03T02:01:41.905+0600][0.973s][info][gc,metaspace] GC(0) Y: Metaspace: 6M used, 6M committed, 1088M reserved
[2026-04-03T02:01:41.905+0600][0.973s][info][gc,reloc    ] GC(0) Y:                        Candidates     Selected     In-Place         Size        Empty    Relocated 
[2026-04-03T02:01:41.905+0600][0.973s][info][gc,reloc    ] GC(0) Y: Small Pages:                   88           85            0         176M           0M           1M 
[2026-04-03T02:01:41.905+0600][0.973s][info][gc,reloc    ] GC(0) Y: Medium Pages:                   0            0            0           0M           0M           0M 
[2026-04-03T02:01:41.905+0600][0.973s][info][gc,reloc    ] GC(0) Y: Large Pages:                    0            0            0           0M           0M           0M 
[2026-04-03T02:01:41.905+0600][0.973s][info][gc,reloc    ] GC(0) Y: Forwarding Usage: 0M
[2026-04-03T02:01:41.905+0600][0.973s][info][gc,reloc    ] GC(0) Y: Age Table:
[2026-04-03T02:01:41.905+0600][0.973s][info][gc,reloc    ] GC(0) Y:                    Live             Garbage             Small              Medium             Large        
[2026-04-03T02:01:41.905+0600][0.973s][info][gc,reloc    ] GC(0) Y: Eden               3M (0%)          172M (10%)         88 / 85             0 / 0              0 / 0        
[2026-04-03T02:01:41.905+0600][0.973s][info][gc,heap     ] GC(0) Y: Min Capacity: 8M(0%)
[2026-04-03T02:01:41.905+0600][0.973s][info][gc,heap     ] GC(0) Y: Max Capacity: 1750M(100%)
[2026-04-03T02:01:41.905+0600][0.973s][info][gc,heap     ] GC(0) Y: Soft Max Capacity: 1750M(100%)
[2026-04-03T02:01:41.905+0600][0.973s][info][gc,heap     ] GC(0) Y: Heap Statistics:
[2026-04-03T02:01:41.905+0600][0.973s][info][gc,heap     ] GC(0) Y:                Mark Start          Mark End        Relocate Start      Relocate End           High               Low         
[2026-04-03T02:01:41.905+0600][0.973s][info][gc,heap     ] GC(0) Y:  Capacity:      246M (14%)         246M (14%)         246M (14%)         246M (14%)         246M (14%)         246M (14%)    
[2026-04-03T02:01:41.905+0600][0.973s][info][gc,heap     ] GC(0) Y:      Free:     1574M (90%)        1572M (90%)        1568M (90%)        1732M (99%)        1732M (99%)        1562M (89%)    
[2026-04-03T02:01:41.905+0600][0.973s][info][gc,heap     ] GC(0) Y:      Used:      176M (10%)         178M (10%)         182M (10%)          18M (1%)          188M (11%)          18M (1%)     
[2026-04-03T02:01:41.905+0600][0.973s][info][gc,heap     ] GC(0) Y: Young Generation Statistics:
[2026-04-03T02:01:41.905+0600][0.973s][info][gc,heap     ] GC(0) Y:                Mark Start          Mark End        Relocate Start      Relocate End    
[2026-04-03T02:01:41.905+0600][0.973s][info][gc,heap     ] GC(0) Y:      Used:      176M (10%)         178M (10%)         182M (10%)          18M (1%)     
[2026-04-03T02:01:41.905+0600][0.973s][info][gc,heap     ] GC(0) Y:      Live:         -                 3M (0%)            3M (0%)            3M (0%)     
[2026-04-03T02:01:41.905+0600][0.973s][info][gc,heap     ] GC(0) Y:   Garbage:         -               172M (10%)         172M (10%)           1M (0%)     
[2026-04-03T02:01:41.905+0600][0.973s][info][gc,heap     ] GC(0) Y: Allocated:         -                 2M (0%)            6M (0%)           12M (1%)     
[2026-04-03T02:01:41.906+0600][0.973s][info][gc,heap     ] GC(0) Y: Reclaimed:         -                  -                 0M (0%)          170M (10%)    
[2026-04-03T02:01:41.906+0600][0.973s][info][gc,heap     ] GC(0) Y:  Promoted:         -                  -                 0M (0%)            0M (0%)     
[2026-04-03T02:01:41.906+0600][0.973s][info][gc,heap     ] GC(0) Y: Compacted:         -                  -                  -                 1M (0%)     
[2026-04-03T02:01:41.906+0600][0.973s][info][gc,phases   ] GC(0) Y: Young Generation 176M(10%)->18M(1%) 0.020s
[2026-04-03T02:01:41.906+0600][0.973s][info][gc,phases   ] GC(0) O: Old Generation
[2026-04-03T02:01:41.906+0600][0.974s][info][gc,phases   ] GC(0) O: Concurrent Mark 0.949ms
[2026-04-03T02:01:41.907+0600][0.974s][info][gc,phases   ] GC(0) O: Pause Mark End 0.032ms
[2026-04-03T02:01:41.907+0600][0.974s][info][gc,phases   ] GC(0) O: Concurrent Mark Free 0.026ms
[2026-04-03T02:01:41.911+0600][0.979s][info][gc,phases   ] GC(0) O: Concurrent Process Non-Strong 4.125ms
[2026-04-03T02:01:41.911+0600][0.979s][info][gc,phases   ] GC(0) O: Concurrent Reset Relocation Set 0.001ms
[2026-04-03T02:01:41.913+0600][0.980s][info][gc,phases   ] GC(0) O: Concurrent Select Relocation Set 1.503ms
[2026-04-03T02:01:41.913+0600][0.980s][info][gc,task     ] GC(0) O: Using 3 Workers for Old Generation
[2026-04-03T02:01:41.925+0600][0.993s][info][gc,task     ] GC(0) O: Using 2 Workers for Old Generation
[2026-04-03T02:01:41.926+0600][0.993s][info][gc,phases   ] GC(0) O: Concurrent Remap Roots 12.900ms
[2026-04-03T02:01:41.926+0600][0.993s][info][gc,phases   ] GC(0) O: Pause Relocate Start 0.019ms
[2026-04-03T02:01:41.926+0600][0.993s][info][gc,phases   ] GC(0) O: Concurrent Relocate 0.100ms
[2026-04-03T02:01:41.926+0600][0.994s][info][gc,alloc    ] GC(0) O:                         Mark Start        Mark End      Relocate Start    Relocate End   
[2026-04-03T02:01:41.926+0600][0.994s][info][gc,alloc    ] GC(0) O: Allocation Stalls:          0                0                0                0         
[2026-04-03T02:01:41.926+0600][0.994s][info][gc,load     ] GC(0) O: Load: 3.09 (26%) / 3.91 (33%) / 5.70 (47%)
[2026-04-03T02:01:41.926+0600][0.994s][info][gc,mmu      ] GC(0) O: MMU: 2ms/98.4%, 5ms/99.1%, 10ms/99.6%, 20ms/99.7%, 50ms/99.8%, 100ms/99.9%
[2026-04-03T02:01:41.926+0600][0.994s][info][gc,marking  ] GC(0) O: Mark: 2 stripe(s), 1 proactive flush(es), 1 terminate flush(es), 0 completion(s), 0 continuation(s) 
[2026-04-03T02:01:41.926+0600][0.994s][info][gc,marking  ] GC(0) O: Mark Stack Usage: 0M
[2026-04-03T02:01:41.926+0600][0.994s][info][gc,nmethod  ] GC(0) O: NMethods: 908 registered, 88 unregistered
[2026-04-03T02:01:41.926+0600][0.994s][info][gc,metaspace] GC(0) O: Metaspace: 6M used, 6M committed, 1088M reserved
[2026-04-03T02:01:41.926+0600][0.994s][info][gc,ref      ] GC(0) O:                       Encountered   Discovered     Enqueued 
[2026-04-03T02:01:41.926+0600][0.994s][info][gc,ref      ] GC(0) O: Soft References:              186            0            0 
[2026-04-03T02:01:41.926+0600][0.994s][info][gc,ref      ] GC(0) O: Weak References:              613            0            0 
[2026-04-03T02:01:41.926+0600][0.994s][info][gc,ref      ] GC(0) O: Final References:               0            0            0 
[2026-04-03T02:01:41.926+0600][0.994s][info][gc,ref      ] GC(0) O: Phantom References:            25            0            0 
[2026-04-03T02:01:41.926+0600][0.994s][info][gc,heap     ] GC(0) O: Min Capacity: 8M(0%)
[2026-04-03T02:01:41.926+0600][0.994s][info][gc,heap     ] GC(0) O: Max Capacity: 1750M(100%)
[2026-04-03T02:01:41.926+0600][0.994s][info][gc,heap     ] GC(0) O: Soft Max Capacity: 1750M(100%)
[2026-04-03T02:01:41.926+0600][0.994s][info][gc,heap     ] GC(0) O: Heap Statistics:
[2026-04-03T02:01:41.926+0600][0.994s][info][gc,heap     ] GC(0) O:                Mark Start          Mark End        Relocate Start      Relocate End           High               Low         
[2026-04-03T02:01:41.926+0600][0.994s][info][gc,heap     ] GC(0) O:  Capacity:      246M (14%)         246M (14%)         246M (14%)         246M (14%)         246M (14%)         246M (14%)    
[2026-04-03T02:01:41.926+0600][0.994s][info][gc,heap     ] GC(0) O:      Free:     1574M (90%)        1732M (99%)        1726M (99%)        1726M (99%)        1732M (99%)        1562M (89%)    
[2026-04-03T02:01:41.926+0600][0.994s][info][gc,heap     ] GC(0) O:      Used:      176M (10%)          18M (1%)           24M (1%)           24M (1%)          188M (11%)          18M (1%)     
[2026-04-03T02:01:41.926+0600][0.994s][info][gc,heap     ] GC(0) O: Old Generation Statistics:
[2026-04-03T02:01:41.926+0600][0.994s][info][gc,heap     ] GC(0) O:                Mark Start          Mark End        Relocate Start      Relocate End    
[2026-04-03T02:01:41.926+0600][0.994s][info][gc,heap     ] GC(0) O:      Used:        0M (0%)            0M (0%)            0M (0%)            0M (0%)     
[2026-04-03T02:01:41.926+0600][0.994s][info][gc,heap     ] GC(0) O:      Live:         -                 0M (0%)            0M (0%)            0M (0%)     
[2026-04-03T02:01:41.926+0600][0.994s][info][gc,heap     ] GC(0) O:   Garbage:         -                 0M (0%)            0M (0%)            0M (0%)     
[2026-04-03T02:01:41.926+0600][0.994s][info][gc,heap     ] GC(0) O: Allocated:         -                 0M (0%)            0M (0%)            0M (0%)     
[2026-04-03T02:01:41.926+0600][0.994s][info][gc,heap     ] GC(0) O: Reclaimed:         -                  -                 0M (0%)            0M (0%)     
[2026-04-03T02:01:41.926+0600][0.994s][info][gc,heap     ] GC(0) O: Compacted:         -                  -                  -                 0M (0%)     
[2026-04-03T02:01:41.926+0600][0.994s][info][gc,phases   ] GC(0) O: Old Generation 18M(1%)->24M(1%) 0.021s
[2026-04-03T02:01:41.926+0600][0.994s][info][gc          ] GC(0) Major Collection (Warmup) 176M(10%)->24M(1%) 0.042s
[2026-04-03T02:01:45.810+0600][4.878s][info][gc          ] GC(1) Major Collection (Warmup)
[2026-04-03T02:01:45.810+0600][4.878s][info][gc,task     ] GC(1) Using 3 Workers for Young Generation
[2026-04-03T02:01:45.810+0600][4.878s][info][gc,task     ] GC(1) Using 1 Workers for Old Generation
[2026-04-03T02:01:45.810+0600][4.878s][info][gc,phases   ] GC(1) Y: Young Generation
[2026-04-03T02:01:45.811+0600][4.878s][info][gc,phases   ] GC(1) Y: Pause Mark Start (Major) 0.031ms
[2026-04-03T02:01:45.840+0600][4.908s][info][gc,phases   ] GC(1) Y: Concurrent Mark 29.827ms
[2026-04-03T02:01:45.841+0600][4.908s][info][gc,phases   ] GC(1) Y: Pause Mark End 0.027ms
[2026-04-03T02:01:45.841+0600][4.908s][info][gc,phases   ] GC(1) Y: Concurrent Mark Free 0.002ms
[2026-04-03T02:01:45.841+0600][4.908s][info][gc,phases   ] GC(1) Y: Concurrent Reset Relocation Set 0.019ms
[2026-04-03T02:01:45.843+0600][4.911s][info][gc,reloc    ] GC(1) Y: Using tenuring threshold: 2 (Computed)
[2026-04-03T02:01:45.845+0600][4.913s][info][gc,phases   ] GC(1) Y: Concurrent Select Relocation Set 4.680ms
[2026-04-03T02:01:45.846+0600][4.913s][info][gc,phases   ] GC(1) Y: Pause Relocate Start 0.045ms
[2026-04-03T02:01:45.861+0600][4.929s][info][gc,phases   ] GC(1) Y: Concurrent Relocate 15.520ms
[2026-04-03T02:01:45.861+0600][4.929s][info][gc,alloc    ] GC(1) Y:                         Mark Start        Mark End      Relocate Start    Relocate End   
[2026-04-03T02:01:45.862+0600][4.929s][info][gc,alloc    ] GC(1) Y: Allocation Stalls:          0                0                0                0         
[2026-04-03T02:01:45.862+0600][4.929s][info][gc,load     ] GC(1) Y: Load: 2.92 (24%) / 3.86 (32%) / 5.67 (47%)
[2026-04-03T02:01:45.862+0600][4.929s][info][gc,mmu      ] GC(1) Y: MMU: 2ms/97.8%, 5ms/99.1%, 10ms/99.3%, 20ms/99.6%, 50ms/99.8%, 100ms/99.9%
[2026-04-03T02:01:45.862+0600][4.929s][info][gc,marking  ] GC(1) Y: Mark: 2 stripe(s), 4 proactive flush(es), 1 terminate flush(es), 0 completion(s), 0 continuation(s) 
[2026-04-03T02:01:45.862+0600][4.929s][info][gc,marking  ] GC(1) Y: Mark Stack Usage: 32M
[2026-04-03T02:01:45.862+0600][4.929s][info][gc,nmethod  ] GC(1) Y: NMethods: 1653 registered, 0 unregistered
[2026-04-03T02:01:45.862+0600][4.929s][info][gc,metaspace] GC(1) Y: Metaspace: 17M used, 17M committed, 1088M reserved
[2026-04-03T02:01:45.862+0600][4.929s][info][gc,reloc    ] GC(1) Y:                        Candidates     Selected     In-Place         Size        Empty    Relocated 
[2026-04-03T02:01:45.862+0600][4.929s][info][gc,reloc    ] GC(1) Y: Small Pages:                  159          151            0         318M           0M           7M 
[2026-04-03T02:01:45.862+0600][4.929s][info][gc,reloc    ] GC(1) Y: Medium Pages:                   1            0            0          32M           0M           0M 
[2026-04-03T02:01:45.862+0600][4.929s][info][gc,reloc    ] GC(1) Y: Large Pages:                    0            0            0           0M           0M           0M 
[2026-04-03T02:01:45.862+0600][4.929s][info][gc,reloc    ] GC(1) Y: Forwarding Usage: 1M
[2026-04-03T02:01:45.862+0600][4.929s][info][gc,reloc    ] GC(1) Y: Age Table:
[2026-04-03T02:01:45.862+0600][4.929s][info][gc,reloc    ] GC(1) Y:                    Live             Garbage             Small              Medium             Large        
[2026-04-03T02:01:45.862+0600][4.929s][info][gc,reloc    ] GC(1) Y: Eden              14M (1%)          323M (18%)        153 / 147            1 / 0              0 / 0        
[2026-04-03T02:01:45.862+0600][4.929s][info][gc,reloc    ] GC(1) Y: Survivor 1         3M (0%)            8M (0%)           6 / 4              0 / 0              0 / 0        
[2026-04-03T02:01:45.862+0600][4.929s][info][gc,heap     ] GC(1) Y: Min Capacity: 8M(0%)
[2026-04-03T02:01:45.862+0600][4.929s][info][gc,heap     ] GC(1) Y: Max Capacity: 1750M(100%)
[2026-04-03T02:01:45.862+0600][4.929s][info][gc,heap     ] GC(1) Y: Soft Max Capacity: 1750M(100%)
[2026-04-03T02:01:45.862+0600][4.929s][info][gc,heap     ] GC(1) Y: Heap Statistics:
[2026-04-03T02:01:45.862+0600][4.929s][info][gc,heap     ] GC(1) Y:                Mark Start          Mark End        Relocate Start      Relocate End           High               Low         
[2026-04-03T02:01:45.862+0600][4.929s][info][gc,heap     ] GC(1) Y:  Capacity:      350M (20%)         352M (20%)         352M (20%)         362M (21%)         362M (21%)         350M (20%)    
[2026-04-03T02:01:45.862+0600][4.929s][info][gc,heap     ] GC(1) Y:      Free:     1400M (80%)        1398M (80%)        1398M (80%)        1692M (97%)        1692M (97%)        1388M (79%)    
[2026-04-03T02:01:45.862+0600][4.929s][info][gc,heap     ] GC(1) Y:      Used:      350M (20%)         352M (20%)         352M (20%)          58M (3%)          362M (21%)          58M (3%)     
[2026-04-03T02:01:45.862+0600][4.929s][info][gc,heap     ] GC(1) Y: Young Generation Statistics:
[2026-04-03T02:01:45.862+0600][4.929s][info][gc,heap     ] GC(1) Y:                Mark Start          Mark End        Relocate Start      Relocate End    
[2026-04-03T02:01:45.862+0600][4.929s][info][gc,heap     ] GC(1) Y:      Used:      350M (20%)         352M (20%)         352M (20%)          58M (3%)     
[2026-04-03T02:01:45.862+0600][4.929s][info][gc,heap     ] GC(1) Y:      Live:         -                18M (1%)           18M (1%)           18M (1%)     
[2026-04-03T02:01:45.862+0600][4.929s][info][gc,heap     ] GC(1) Y:   Garbage:         -               331M (19%)         331M (19%)          27M (2%)     
[2026-04-03T02:01:45.862+0600][4.929s][info][gc,heap     ] GC(1) Y: Allocated:         -                 2M (0%)            2M (0%)           12M (1%)     
[2026-04-03T02:01:45.862+0600][4.929s][info][gc,heap     ] GC(1) Y: Reclaimed:         -                  -                 0M (0%)          304M (17%)    
[2026-04-03T02:01:45.862+0600][4.929s][info][gc,heap     ] GC(1) Y:  Promoted:         -                  -                 0M (0%)            0M (0%)     
[2026-04-03T02:01:45.862+0600][4.930s][info][gc,heap     ] GC(1) Y: Compacted:         -                  -                  -                11M (1%)     
[2026-04-03T02:01:45.862+0600][4.930s][info][gc,phases   ] GC(1) Y: Young Generation 350M(20%)->58M(3%) 0.051s
[2026-04-03T02:01:45.862+0600][4.930s][info][gc,phases   ] GC(1) O: Old Generation
[2026-04-03T02:01:45.863+0600][4.931s][info][gc,phases   ] GC(1) O: Concurrent Mark 1.061ms
[2026-04-03T02:01:45.863+0600][4.931s][info][gc,phases   ] GC(1) O: Pause Mark End 0.040ms
[2026-04-03T02:01:45.864+0600][4.931s][info][gc,phases   ] GC(1) O: Concurrent Mark Free 0.004ms
[2026-04-03T02:01:45.872+0600][4.940s][info][gc,phases   ] GC(1) O: Concurrent Process Non-Strong 8.763ms
[2026-04-03T02:01:45.872+0600][4.940s][info][gc,phases   ] GC(1) O: Concurrent Reset Relocation Set 0.002ms
[2026-04-03T02:01:45.875+0600][4.942s][info][gc,phases   ] GC(1) O: Concurrent Select Relocation Set 2.089ms
[2026-04-03T02:01:45.875+0600][4.942s][info][gc,task     ] GC(1) O: Using 3 Workers for Old Generation
[2026-04-03T02:01:45.894+0600][4.961s][info][gc,task     ] GC(1) O: Using 1 Workers for Old Generation
[2026-04-03T02:01:45.894+0600][4.962s][info][gc,phases   ] GC(1) O: Concurrent Remap Roots 19.460ms
[2026-04-03T02:01:45.894+0600][4.962s][info][gc,phases   ] GC(1) O: Pause Relocate Start 0.029ms
[2026-04-03T02:01:45.895+0600][4.962s][info][gc,phases   ] GC(1) O: Concurrent Relocate 0.268ms
[2026-04-03T02:01:45.895+0600][4.962s][info][gc,alloc    ] GC(1) O:                         Mark Start        Mark End      Relocate Start    Relocate End   
[2026-04-03T02:01:45.895+0600][4.962s][info][gc,alloc    ] GC(1) O: Allocation Stalls:          0                0                0                0         
[2026-04-03T02:01:45.895+0600][4.962s][info][gc,load     ] GC(1) O: Load: 2.92 (24%) / 3.86 (32%) / 5.67 (47%)
[2026-04-03T02:01:45.895+0600][4.962s][info][gc,mmu      ] GC(1) O: MMU: 2ms/97.8%, 5ms/99.1%, 10ms/99.3%, 20ms/99.6%, 50ms/99.8%, 100ms/99.8%
[2026-04-03T02:01:45.895+0600][4.962s][info][gc,marking  ] GC(1) O: Mark: 1 stripe(s), 1 proactive flush(es), 1 terminate flush(es), 0 completion(s), 0 continuation(s) 
[2026-04-03T02:01:45.895+0600][4.962s][info][gc,marking  ] GC(1) O: Mark Stack Usage: 0M
[2026-04-03T02:01:45.895+0600][4.962s][info][gc,nmethod  ] GC(1) O: NMethods: 1519 registered, 138 unregistered
[2026-04-03T02:01:45.895+0600][4.962s][info][gc,metaspace] GC(1) O: Metaspace: 17M used, 17M committed, 1088M reserved
[2026-04-03T02:01:45.895+0600][4.962s][info][gc,ref      ] GC(1) O:                       Encountered   Discovered     Enqueued 
[2026-04-03T02:01:45.895+0600][4.962s][info][gc,ref      ] GC(1) O: Soft References:              325            0            0 
[2026-04-03T02:01:45.895+0600][4.963s][info][gc,ref      ] GC(1) O: Weak References:             1340            0            0 
[2026-04-03T02:01:45.895+0600][4.963s][info][gc,ref      ] GC(1) O: Final References:               0            0            0 
[2026-04-03T02:01:45.895+0600][4.963s][info][gc,ref      ] GC(1) O: Phantom References:           563            0            0 
[2026-04-03T02:01:45.895+0600][4.963s][info][gc,heap     ] GC(1) O: Min Capacity: 8M(0%)
[2026-04-03T02:01:45.895+0600][4.963s][info][gc,heap     ] GC(1) O: Max Capacity: 1750M(100%)
[2026-04-03T02:01:45.895+0600][4.963s][info][gc,heap     ] GC(1) O: Soft Max Capacity: 1750M(100%)
[2026-04-03T02:01:45.895+0600][4.963s][info][gc,heap     ] GC(1) O: Heap Statistics:
[2026-04-03T02:01:45.895+0600][4.963s][info][gc,heap     ] GC(1) O:                Mark Start          Mark End        Relocate Start      Relocate End           High               Low         
[2026-04-03T02:01:45.895+0600][4.963s][info][gc,heap     ] GC(1) O:  Capacity:      350M (20%)         362M (21%)         362M (21%)         362M (21%)         362M (21%)         350M (20%)    
[2026-04-03T02:01:45.895+0600][4.963s][info][gc,heap     ] GC(1) O:      Free:     1400M (80%)        1692M (97%)        1690M (97%)        1690M (97%)        1692M (97%)        1388M (79%)    
[2026-04-03T02:01:45.895+0600][4.963s][info][gc,heap     ] GC(1) O:      Used:      350M (20%)          58M (3%)           60M (3%)           60M (3%)          362M (21%)          58M (3%)     
[2026-04-03T02:01:45.895+0600][4.963s][info][gc,heap     ] GC(1) O: Old Generation Statistics:
[2026-04-03T02:01:45.895+0600][4.963s][info][gc,heap     ] GC(1) O:                Mark Start          Mark End        Relocate Start      Relocate End    
[2026-04-03T02:01:45.895+0600][4.963s][info][gc,heap     ] GC(1) O:      Used:        0M (0%)            0M (0%)            0M (0%)            0M (0%)     
[2026-04-03T02:01:45.895+0600][4.963s][info][gc,heap     ] GC(1) O:      Live:         -                 0M (0%)            0M (0%)            0M (0%)     
[2026-04-03T02:01:45.895+0600][4.963s][info][gc,heap     ] GC(1) O:   Garbage:         -                 0M (0%)            0M (0%)            0M (0%)     
[2026-04-03T02:01:45.895+0600][4.963s][info][gc,heap     ] GC(1) O: Allocated:         -                 0M (0%)            0M (0%)            0M (0%)     
[2026-04-03T02:01:45.895+0600][4.963s][info][gc,heap     ] GC(1) O: Reclaimed:         -                  -                 0M (0%)            0M (0%)     
[2026-04-03T02:01:45.895+0600][4.963s][info][gc,heap     ] GC(1) O: Compacted:         -                  -                  -                 0M (0%)     
[2026-04-03T02:01:45.895+0600][4.963s][info][gc,phases   ] GC(1) O: Old Generation 58M(3%)->60M(3%) 0.033s
[2026-04-03T02:01:45.895+0600][4.963s][info][gc          ] GC(1) Major Collection (Warmup) 350M(20%)->60M(3%) 0.085s
[2026-04-03T02:01:47.856+0600][6.923s][info][gc          ] GC(2) Major Collection (Metadata GC Threshold)
[2026-04-03T02:01:47.856+0600][6.923s][info][gc,task     ] GC(2) Using 1 Workers for Young Generation
[2026-04-03T02:01:47.856+0600][6.923s][info][gc,task     ] GC(2) Using 1 Workers for Old Generation
[2026-04-03T02:01:47.856+0600][6.923s][info][gc,phases   ] GC(2) Y: Young Generation
[2026-04-03T02:01:47.856+0600][6.924s][info][gc,phases   ] GC(2) Y: Pause Mark Start (Major) 0.021ms
[2026-04-03T02:01:47.901+0600][6.968s][info][gc,phases   ] GC(2) Y: Concurrent Mark 44.195ms
[2026-04-03T02:01:47.901+0600][6.968s][info][gc,phases   ] GC(2) Y: Pause Mark End 0.020ms
[2026-04-03T02:01:47.901+0600][6.968s][info][gc,phases   ] GC(2) Y: Concurrent Mark Free 0.001ms
[2026-04-03T02:01:47.901+0600][6.969s][info][gc,phases   ] GC(2) Y: Concurrent Reset Relocation Set 0.013ms
[2026-04-03T02:01:47.904+0600][6.971s][info][gc,reloc    ] GC(2) Y: Using tenuring threshold: 3 (Computed)
[2026-04-03T02:01:47.905+0600][6.973s][info][gc,phases   ] GC(2) Y: Concurrent Select Relocation Set 4.282ms
[2026-04-03T02:01:47.906+0600][6.973s][info][gc,phases   ] GC(2) Y: Pause Relocate Start 0.018ms
[2026-04-03T02:01:47.917+0600][6.985s][info][gc,phases   ] GC(2) Y: Concurrent Relocate 11.389ms
[2026-04-03T02:01:47.918+0600][6.985s][info][gc,alloc    ] GC(2) Y:                         Mark Start        Mark End      Relocate Start    Relocate End   
[2026-04-03T02:01:47.918+0600][6.985s][info][gc,alloc    ] GC(2) Y: Allocation Stalls:          0                0                0                0         
[2026-04-03T02:01:47.918+0600][6.985s][info][gc,load     ] GC(2) Y: Load: 2.92 (24%) / 3.86 (32%) / 5.67 (47%)
[2026-04-03T02:01:47.918+0600][6.985s][info][gc,mmu      ] GC(2) Y: MMU: 2ms/97.8%, 5ms/99.1%, 10ms/99.3%, 20ms/99.6%, 50ms/99.8%, 100ms/99.8%
[2026-04-03T02:01:47.918+0600][6.985s][info][gc,marking  ] GC(2) Y: Mark: 1 stripe(s), 2 proactive flush(es), 1 terminate flush(es), 0 completion(s), 0 continuation(s) 
[2026-04-03T02:01:47.918+0600][6.985s][info][gc,marking  ] GC(2) Y: Mark Stack Usage: 32M
[2026-04-03T02:01:47.918+0600][6.985s][info][gc,nmethod  ] GC(2) Y: NMethods: 2542 registered, 138 unregistered
[2026-04-03T02:01:47.918+0600][6.985s][info][gc,metaspace] GC(2) Y: Metaspace: 30M used, 30M committed, 1088M reserved
[2026-04-03T02:01:47.918+0600][6.985s][info][gc,reloc    ] GC(2) Y:                        Candidates     Selected     In-Place         Size        Empty    Relocated 
[2026-04-03T02:01:47.918+0600][6.985s][info][gc,reloc    ] GC(2) Y: Small Pages:                   67           56            0         134M           2M           5M 
[2026-04-03T02:01:47.918+0600][6.985s][info][gc,reloc    ] GC(2) Y: Medium Pages:                   2            0            0          64M          32M           0M 
[2026-04-03T02:01:47.918+0600][6.985s][info][gc,reloc    ] GC(2) Y: Large Pages:                    0            0            0           0M           0M           0M 
[2026-04-03T02:01:47.918+0600][6.985s][info][gc,reloc    ] GC(2) Y: Forwarding Usage: 2M
[2026-04-03T02:01:47.918+0600][6.985s][info][gc,reloc    ] GC(2) Y: Age Table:
[2026-04-03T02:01:47.918+0600][6.985s][info][gc,reloc    ] GC(2) Y:                    Live             Garbage             Small              Medium             Large        
[2026-04-03T02:01:47.918+0600][6.985s][info][gc,reloc    ] GC(2) Y: Eden               4M (0%)          137M (8%)          55 / 52             1 / 0              0 / 0        
[2026-04-03T02:01:47.918+0600][6.985s][info][gc,reloc    ] GC(2) Y: Survivor 1        14M (1%)           31M (2%)           7 / 2              1 / 0              0 / 0        
[2026-04-03T02:01:47.918+0600][6.985s][info][gc,reloc    ] GC(2) Y: Survivor 2         3M (0%)            6M (0%)           5 / 2              0 / 0              0 / 0        
[2026-04-03T02:01:47.918+0600][6.985s][info][gc,heap     ] GC(2) Y: Min Capacity: 8M(0%)
[2026-04-03T02:01:47.918+0600][6.985s][info][gc,heap     ] GC(2) Y: Max Capacity: 1750M(100%)
[2026-04-03T02:01:47.918+0600][6.985s][info][gc,heap     ] GC(2) Y: Soft Max Capacity: 1750M(100%)
[2026-04-03T02:01:47.918+0600][6.985s][info][gc,heap     ] GC(2) Y: Heap Statistics:
[2026-04-03T02:01:47.918+0600][6.985s][info][gc,heap     ] GC(2) Y:                Mark Start          Mark End        Relocate Start      Relocate End           High               Low         
[2026-04-03T02:01:47.918+0600][6.985s][info][gc,heap     ] GC(2) Y:  Capacity:      394M (23%)         394M (23%)         394M (23%)         394M (23%)         394M (23%)         394M (23%)    
[2026-04-03T02:01:47.918+0600][6.985s][info][gc,heap     ] GC(2) Y:      Free:     1552M (89%)        1542M (88%)        1574M (90%)        1676M (96%)        1678M (96%)        1540M (88%)    
[2026-04-03T02:01:47.918+0600][6.985s][info][gc,heap     ] GC(2) Y:      Used:      198M (11%)         208M (12%)         176M (10%)          74M (4%)          210M (12%)          72M (4%)     
[2026-04-03T02:01:47.918+0600][6.985s][info][gc,heap     ] GC(2) Y: Young Generation Statistics:
[2026-04-03T02:01:47.918+0600][6.985s][info][gc,heap     ] GC(2) Y:                Mark Start          Mark End        Relocate Start      Relocate End    
[2026-04-03T02:01:47.918+0600][6.985s][info][gc,heap     ] GC(2) Y:      Used:      198M (11%)         208M (12%)         176M (10%)          74M (4%)     
[2026-04-03T02:01:47.918+0600][6.985s][info][gc,heap     ] GC(2) Y:      Live:         -                22M (1%)           22M (1%)           22M (1%)     
[2026-04-03T02:01:47.918+0600][6.985s][info][gc,heap     ] GC(2) Y:   Garbage:         -               175M (10%)         141M (8%)           28M (2%)     
[2026-04-03T02:01:47.918+0600][6.985s][info][gc,heap     ] GC(2) Y: Allocated:         -                10M (1%)           12M (1%)           23M (1%)     
[2026-04-03T02:01:47.918+0600][6.985s][info][gc,heap     ] GC(2) Y: Reclaimed:         -                  -                34M (2%)          147M (8%)     
[2026-04-03T02:01:47.918+0600][6.985s][info][gc,heap     ] GC(2) Y:  Promoted:         -                  -                 0M (0%)            0M (0%)     
[2026-04-03T02:01:47.918+0600][6.985s][info][gc,heap     ] GC(2) Y: Compacted:         -                  -                  -                 8M (0%)     
[2026-04-03T02:01:47.918+0600][6.985s][info][gc,phases   ] GC(2) Y: Young Generation 198M(11%)->74M(4%) 0.062s
[2026-04-03T02:01:47.918+0600][6.985s][info][gc,phases   ] GC(2) O: Old Generation
[2026-04-03T02:01:47.919+0600][6.987s][info][gc,phases   ] GC(2) O: Concurrent Mark 1.131ms
[2026-04-03T02:01:47.919+0600][6.987s][info][gc,phases   ] GC(2) O: Pause Mark End 0.024ms
[2026-04-03T02:01:47.919+0600][6.987s][info][gc,phases   ] GC(2) O: Concurrent Mark Free 0.001ms
[2026-04-03T02:01:47.928+0600][6.995s][info][gc,phases   ] GC(2) O: Concurrent Process Non-Strong 8.494ms
[2026-04-03T02:01:47.928+0600][6.996s][info][gc,phases   ] GC(2) O: Concurrent Reset Relocation Set 0.001ms
[2026-04-03T02:01:47.933+0600][7.000s][info][gc,phases   ] GC(2) O: Concurrent Select Relocation Set 4.470ms
[2026-04-03T02:01:47.933+0600][7.000s][info][gc,task     ] GC(2) O: Using 2 Workers for Old Generation
[2026-04-03T02:01:47.955+0600][7.022s][info][gc,task     ] GC(2) O: Using 1 Workers for Old Generation
[2026-04-03T02:01:47.955+0600][7.023s][info][gc,phases   ] GC(2) O: Concurrent Remap Roots 22.499ms
[2026-04-03T02:01:47.955+0600][7.023s][info][gc,phases   ] GC(2) O: Pause Relocate Start 0.022ms
[2026-04-03T02:01:47.956+0600][7.023s][info][gc,phases   ] GC(2) O: Concurrent Relocate 0.213ms
[2026-04-03T02:01:47.956+0600][7.023s][info][gc,alloc    ] GC(2) O:                         Mark Start        Mark End      Relocate Start    Relocate End   
[2026-04-03T02:01:47.956+0600][7.023s][info][gc,alloc    ] GC(2) O: Allocation Stalls:          0                0                0                0         
[2026-04-03T02:01:47.956+0600][7.023s][info][gc,load     ] GC(2) O: Load: 2.92 (24%) / 3.86 (32%) / 5.67 (47%)
[2026-04-03T02:01:47.956+0600][7.023s][info][gc,mmu      ] GC(2) O: MMU: 2ms/97.8%, 5ms/99.1%, 10ms/99.3%, 20ms/99.6%, 50ms/99.8%, 100ms/99.8%
[2026-04-03T02:01:47.956+0600][7.023s][info][gc,marking  ] GC(2) O: Mark: 1 stripe(s), 1 proactive flush(es), 1 terminate flush(es), 0 completion(s), 0 continuation(s) 
[2026-04-03T02:01:47.956+0600][7.023s][info][gc,marking  ] GC(2) O: Mark Stack Usage: 0M
[2026-04-03T02:01:47.956+0600][7.023s][info][gc,nmethod  ] GC(2) O: NMethods: 2396 registered, 306 unregistered
[2026-04-03T02:01:47.956+0600][7.023s][info][gc,metaspace] GC(2) O: Metaspace: 30M used, 30M committed, 1088M reserved
[2026-04-03T02:01:47.956+0600][7.023s][info][gc,ref      ] GC(2) O:                       Encountered   Discovered     Enqueued 
[2026-04-03T02:01:47.956+0600][7.023s][info][gc,ref      ] GC(2) O: Soft References:             3787            0            0 
[2026-04-03T02:01:47.956+0600][7.023s][info][gc,ref      ] GC(2) O: Weak References:             2667            0            0 
[2026-04-03T02:01:47.956+0600][7.023s][info][gc,ref      ] GC(2) O: Final References:               0            0            0 
[2026-04-03T02:01:47.956+0600][7.023s][info][gc,ref      ] GC(2) O: Phantom References:           563            0            0 
[2026-04-03T02:01:47.956+0600][7.023s][info][gc,heap     ] GC(2) O: Min Capacity: 8M(0%)
[2026-04-03T02:01:47.956+0600][7.023s][info][gc,heap     ] GC(2) O: Max Capacity: 1750M(100%)
[2026-04-03T02:01:47.956+0600][7.023s][info][gc,heap     ] GC(2) O: Soft Max Capacity: 1750M(100%)
[2026-04-03T02:01:47.956+0600][7.023s][info][gc,heap     ] GC(2) O: Heap Statistics:
[2026-04-03T02:01:47.956+0600][7.023s][info][gc,heap     ] GC(2) O:                Mark Start          Mark End        Relocate Start      Relocate End           High               Low         
[2026-04-03T02:01:47.956+0600][7.023s][info][gc,heap     ] GC(2) O:  Capacity:      394M (23%)         394M (23%)         394M (23%)         394M (23%)         394M (23%)         394M (23%)    
[2026-04-03T02:01:47.956+0600][7.023s][info][gc,heap     ] GC(2) O:      Free:     1552M (89%)        1676M (96%)        1674M (96%)        1674M (96%)        1678M (96%)        1540M (88%)    
[2026-04-03T02:01:47.956+0600][7.023s][info][gc,heap     ] GC(2) O:      Used:      198M (11%)          74M (4%)           76M (4%)           76M (4%)          210M (12%)          72M (4%)     
[2026-04-03T02:01:47.956+0600][7.023s][info][gc,heap     ] GC(2) O: Old Generation Statistics:
[2026-04-03T02:01:47.956+0600][7.023s][info][gc,heap     ] GC(2) O:                Mark Start          Mark End        Relocate Start      Relocate End    
[2026-04-03T02:01:47.956+0600][7.023s][info][gc,heap     ] GC(2) O:      Used:        0M (0%)            0M (0%)            0M (0%)            0M (0%)     
[2026-04-03T02:01:47.956+0600][7.023s][info][gc,heap     ] GC(2) O:      Live:         -                 0M (0%)            0M (0%)            0M (0%)     
[2026-04-03T02:01:47.956+0600][7.023s][info][gc,heap     ] GC(2) O:   Garbage:         -                 0M (0%)            0M (0%)            0M (0%)     
[2026-04-03T02:01:47.956+0600][7.023s][info][gc,heap     ] GC(2) O: Allocated:         -                 0M (0%)            0M (0%)            0M (0%)     
[2026-04-03T02:01:47.956+0600][7.023s][info][gc,heap     ] GC(2) O: Reclaimed:         -                  -                 0M (0%)            0M (0%)     
[2026-04-03T02:01:47.956+0600][7.023s][info][gc,heap     ] GC(2) O: Compacted:         -                  -                  -                 0M (0%)     
[2026-04-03T02:01:47.956+0600][7.023s][info][gc,phases   ] GC(2) O: Old Generation 74M(4%)->76M(4%) 0.038s
[2026-04-03T02:01:47.956+0600][7.024s][info][gc          ] GC(2) Major Collection (Metadata GC Threshold) 198M(11%)->76M(4%) 0.100s
[2026-04-03T02:01:52.225+0600][11.292s][info][gc          ] GC(3) Major Collection (Warmup)
[2026-04-03T02:01:52.225+0600][11.293s][info][gc,task     ] GC(3) Using 3 Workers for Young Generation
[2026-04-03T02:01:52.225+0600][11.293s][info][gc,task     ] GC(3) Using 1 Workers for Old Generation
[2026-04-03T02:01:52.225+0600][11.293s][info][gc,phases   ] GC(3) Y: Young Generation
[2026-04-03T02:01:52.226+0600][11.293s][info][gc,phases   ] GC(3) Y: Pause Mark Start (Major) 0.021ms
[2026-04-03T02:01:52.361+0600][11.429s][info][gc,phases   ] GC(3) Y: Concurrent Mark 135.200ms
[2026-04-03T02:01:52.361+0600][11.429s][info][gc,phases   ] GC(3) Y: Pause Mark End 0.019ms
[2026-04-03T02:01:52.361+0600][11.429s][info][gc,phases   ] GC(3) Y: Concurrent Mark Free 0.001ms
[2026-04-03T02:01:52.361+0600][11.429s][info][gc,phases   ] GC(3) Y: Concurrent Reset Relocation Set 0.006ms
[2026-04-03T02:01:52.363+0600][11.430s][info][gc,reloc    ] GC(3) Y: Using tenuring threshold: 1 (Computed)
[2026-04-03T02:01:52.375+0600][11.442s][info][gc,phases   ] GC(3) Y: Concurrent Select Relocation Set 13.217ms
[2026-04-03T02:01:52.375+0600][11.442s][info][gc,phases   ] GC(3) Y: Pause Relocate Start 0.014ms
[2026-04-03T02:01:52.423+0600][11.490s][info][gc,phases   ] GC(3) Y: Concurrent Relocate 47.868ms
[2026-04-03T02:01:52.423+0600][11.490s][info][gc,alloc    ] GC(3) Y:                         Mark Start        Mark End      Relocate Start    Relocate End   
[2026-04-03T02:01:52.423+0600][11.490s][info][gc,alloc    ] GC(3) Y: Allocation Stalls:          0                0                0                0         
[2026-04-03T02:01:52.423+0600][11.490s][info][gc,load     ] GC(3) Y: Load: 3.17 (26%) / 3.89 (32%) / 5.68 (47%)
[2026-04-03T02:01:52.423+0600][11.490s][info][gc,mmu      ] GC(3) Y: MMU: 2ms/97.8%, 5ms/99.1%, 10ms/99.3%, 20ms/99.6%, 50ms/99.8%, 100ms/99.8%
[2026-04-03T02:01:52.423+0600][11.490s][info][gc,marking  ] GC(3) Y: Mark: 2 stripe(s), 10 proactive flush(es), 1 terminate flush(es), 0 completion(s), 0 continuation(s) 
[2026-04-03T02:01:52.423+0600][11.490s][info][gc,marking  ] GC(3) Y: Mark Stack Usage: 32M
[2026-04-03T02:01:52.423+0600][11.490s][info][gc,nmethod  ] GC(3) Y: NMethods: 3229 registered, 0 unregistered
[2026-04-03T02:01:52.423+0600][11.490s][info][gc,metaspace] GC(3) Y: Metaspace: 47M used, 48M committed, 1088M reserved
[2026-04-03T02:01:52.423+0600][11.490s][info][gc,reloc    ] GC(3) Y:                        Candidates     Selected     In-Place         Size        Empty    Relocated 
[2026-04-03T02:01:52.423+0600][11.490s][info][gc,reloc    ] GC(3) Y: Small Pages:                  231          205            0         462M           0M          25M 
[2026-04-03T02:01:52.423+0600][11.490s][info][gc,reloc    ] GC(3) Y: Medium Pages:                   2            1            0          64M           0M           5M 
[2026-04-03T02:01:52.423+0600][11.490s][info][gc,reloc    ] GC(3) Y: Large Pages:                    0            0            0           0M           0M           0M 
[2026-04-03T02:01:52.423+0600][11.490s][info][gc,reloc    ] GC(3) Y: Forwarding Usage: 17M
[2026-04-03T02:01:52.423+0600][11.490s][info][gc,reloc    ] GC(3) Y: Age Table:
[2026-04-03T02:01:52.423+0600][11.490s][info][gc,reloc    ] GC(3) Y:                    Live             Garbage             Small              Medium             Large        
[2026-04-03T02:01:52.423+0600][11.490s][info][gc,reloc    ] GC(3) Y: Eden              28M (2%)          435M (25%)        216 / 200            1 / 0              0 / 0        
[2026-04-03T02:01:52.423+0600][11.490s][info][gc,reloc    ] GC(3) Y: Survivor 1         3M (0%)            4M (0%)           4 / 2              0 / 0              0 / 0        
[2026-04-03T02:01:52.423+0600][11.490s][info][gc,reloc    ] GC(3) Y: Survivor 2        14M (1%)           29M (2%)           6 / 0              1 / 1              0 / 0        
[2026-04-03T02:01:52.423+0600][11.490s][info][gc,reloc    ] GC(3) Y: Survivor 3         3M (0%)            6M (0%)           5 / 3              0 / 0              0 / 0        
[2026-04-03T02:01:52.423+0600][11.490s][info][gc,heap     ] GC(3) Y: Min Capacity: 8M(0%)
[2026-04-03T02:01:52.423+0600][11.490s][info][gc,heap     ] GC(3) Y: Max Capacity: 1750M(100%)
[2026-04-03T02:01:52.423+0600][11.490s][info][gc,heap     ] GC(3) Y: Soft Max Capacity: 1750M(100%)
[2026-04-03T02:01:52.423+0600][11.490s][info][gc,heap     ] GC(3) Y: Heap Statistics:
[2026-04-03T02:01:52.423+0600][11.490s][info][gc,heap     ] GC(3) Y:                Mark Start          Mark End        Relocate Start      Relocate End           High               Low         
[2026-04-03T02:01:52.423+0600][11.490s][info][gc,heap     ] GC(3) Y:  Capacity:      526M (30%)         602M (34%)         608M (35%)         678M (39%)         678M (39%)         526M (30%)    
[2026-04-03T02:01:52.423+0600][11.490s][info][gc,heap     ] GC(3) Y:      Free:     1224M (70%)        1148M (66%)        1142M (65%)        1510M (86%)        1518M (87%)        1084M (62%)    
[2026-04-03T02:01:52.423+0600][11.490s][info][gc,heap     ] GC(3) Y:      Used:      526M (30%)         602M (34%)         608M (35%)         240M (14%)         666M (38%)         232M (13%)    
[2026-04-03T02:01:52.423+0600][11.490s][info][gc,heap     ] GC(3) Y: Young Generation Statistics:
[2026-04-03T02:01:52.423+0600][11.490s][info][gc,heap     ] GC(3) Y:                Mark Start          Mark End        Relocate Start      Relocate End    
[2026-04-03T02:01:52.423+0600][11.490s][info][gc,heap     ] GC(3) Y:      Used:      526M (30%)         602M (34%)         590M (34%)         182M (10%)    
[2026-04-03T02:01:52.423+0600][11.490s][info][gc,heap     ] GC(3) Y:      Live:         -                50M (3%)           34M (2%)           28M (2%)     
[2026-04-03T02:01:52.423+0600][11.491s][info][gc,heap     ] GC(3) Y:   Garbage:         -               475M (27%)         473M (27%)           1M (0%)     
[2026-04-03T02:01:52.423+0600][11.491s][info][gc,heap     ] GC(3) Y: Allocated:         -                76M (4%)           82M (5%)          152M (9%)     
[2026-04-03T02:01:52.423+0600][11.491s][info][gc,heap     ] GC(3) Y: Reclaimed:         -                  -                 2M (0%)          474M (27%)    
[2026-04-03T02:01:52.423+0600][11.491s][info][gc,heap     ] GC(3) Y:  Promoted:         -                  -                15M (1%)           22M (1%)     
[2026-04-03T02:01:52.423+0600][11.491s][info][gc,heap     ] GC(3) Y: Compacted:         -                  -                  -                27M (2%)     
[2026-04-03T02:01:52.423+0600][11.491s][info][gc,phases   ] GC(3) Y: Young Generation 526M(30%)->240M(14%) 0.198s
[2026-04-03T02:01:52.423+0600][11.491s][info][gc,phases   ] GC(3) O: Old Generation
[2026-04-03T02:01:52.425+0600][11.492s][info][gc,phases   ] GC(3) O: Concurrent Mark 1.720ms
[2026-04-03T02:01:52.425+0600][11.493s][info][gc,phases   ] GC(3) O: Pause Mark End 0.021ms
[2026-04-03T02:01:52.425+0600][11.493s][info][gc,phases   ] GC(3) O: Concurrent Mark Free 0.003ms
[2026-04-03T02:01:52.435+0600][11.503s][info][gc,phases   ] GC(3) O: Concurrent Process Non-Strong 10.054ms
[2026-04-03T02:01:52.435+0600][11.503s][info][gc,phases   ] GC(3) O: Concurrent Reset Relocation Set 0.001ms
[2026-04-03T02:01:52.437+0600][11.505s][info][gc,phases   ] GC(3) O: Concurrent Select Relocation Set 2.042ms
[2026-04-03T02:01:52.437+0600][11.505s][info][gc,task     ] GC(3) O: Using 3 Workers for Old Generation
[2026-04-03T02:01:52.453+0600][11.520s][info][gc,task     ] GC(3) O: Using 1 Workers for Old Generation
[2026-04-03T02:01:52.453+0600][11.520s][info][gc,phases   ] GC(3) O: Concurrent Remap Roots 15.543ms
[2026-04-03T02:01:52.453+0600][11.521s][info][gc,phases   ] GC(3) O: Pause Relocate Start 0.019ms
[2026-04-03T02:01:52.454+0600][11.521s][info][gc,phases   ] GC(3) O: Concurrent Relocate 0.293ms
[2026-04-03T02:01:52.454+0600][11.521s][info][gc,alloc    ] GC(3) O:                         Mark Start        Mark End      Relocate Start    Relocate End   
[2026-04-03T02:01:52.454+0600][11.521s][info][gc,alloc    ] GC(3) O: Allocation Stalls:          0                0                0                0         
[2026-04-03T02:01:52.454+0600][11.521s][info][gc,load     ] GC(3) O: Load: 3.17 (26%) / 3.89 (32%) / 5.68 (47%)
[2026-04-03T02:01:52.454+0600][11.521s][info][gc,mmu      ] GC(3) O: MMU: 2ms/97.8%, 5ms/99.1%, 10ms/99.3%, 20ms/99.6%, 50ms/99.8%, 100ms/99.8%
[2026-04-03T02:01:52.454+0600][11.521s][info][gc,marking  ] GC(3) O: Mark: 1 stripe(s), 1 proactive flush(es), 1 terminate flush(es), 0 completion(s), 0 continuation(s) 
[2026-04-03T02:01:52.454+0600][11.521s][info][gc,marking  ] GC(3) O: Mark Stack Usage: 0M
[2026-04-03T02:01:52.454+0600][11.521s][info][gc,nmethod  ] GC(3) O: NMethods: 3049 registered, 180 unregistered
[2026-04-03T02:01:52.454+0600][11.521s][info][gc,metaspace] GC(3) O: Metaspace: 47M used, 48M committed, 1088M reserved
[2026-04-03T02:01:52.454+0600][11.521s][info][gc,ref      ] GC(3) O:                       Encountered   Discovered     Enqueued 
[2026-04-03T02:01:52.454+0600][11.521s][info][gc,ref      ] GC(3) O: Soft References:             3982            0            0 
[2026-04-03T02:01:52.454+0600][11.521s][info][gc,ref      ] GC(3) O: Weak References:             4122            0            0 
[2026-04-03T02:01:52.454+0600][11.521s][info][gc,ref      ] GC(3) O: Final References:              82            0            0 
[2026-04-03T02:01:52.454+0600][11.521s][info][gc,ref      ] GC(3) O: Phantom References:           582            0            0 
[2026-04-03T02:01:52.454+0600][11.521s][info][gc,heap     ] GC(3) O: Min Capacity: 8M(0%)
[2026-04-03T02:01:52.454+0600][11.522s][info][gc,heap     ] GC(3) O: Max Capacity: 1750M(100%)
[2026-04-03T02:01:52.454+0600][11.522s][info][gc,heap     ] GC(3) O: Soft Max Capacity: 1750M(100%)
[2026-04-03T02:01:52.454+0600][11.522s][info][gc,heap     ] GC(3) O: Heap Statistics:
[2026-04-03T02:01:52.454+0600][11.522s][info][gc,heap     ] GC(3) O:                Mark Start          Mark End        Relocate Start      Relocate End           High               Low         
[2026-04-03T02:01:52.454+0600][11.522s][info][gc,heap     ] GC(3) O:  Capacity:      526M (30%)         678M (39%)         678M (39%)         678M (39%)         678M (39%)         526M (30%)    
[2026-04-03T02:01:52.454+0600][11.522s][info][gc,heap     ] GC(3) O:      Free:     1224M (70%)        1508M (86%)        1482M (85%)        1482M (85%)        1518M (87%)        1084M (62%)    
[2026-04-03T02:01:52.454+0600][11.522s][info][gc,heap     ] GC(3) O:      Used:      526M (30%)         242M (14%)         268M (15%)         268M (15%)         666M (38%)         232M (13%)    
[2026-04-03T02:01:52.454+0600][11.522s][info][gc,heap     ] GC(3) O: Old Generation Statistics:
[2026-04-03T02:01:52.454+0600][11.522s][info][gc,heap     ] GC(3) O:                Mark Start          Mark End        Relocate Start      Relocate End    
[2026-04-03T02:01:52.454+0600][11.522s][info][gc,heap     ] GC(3) O:      Used:        0M (0%)           58M (3%)           58M (3%)           58M (3%)     
[2026-04-03T02:01:52.454+0600][11.522s][info][gc,heap     ] GC(3) O:      Live:         -                 0M (0%)            0M (0%)            0M (0%)     
[2026-04-03T02:01:52.454+0600][11.522s][info][gc,heap     ] GC(3) O:   Garbage:         -                 0M (0%)            0M (0%)            0M (0%)     
[2026-04-03T02:01:52.454+0600][11.522s][info][gc,heap     ] GC(3) O: Allocated:         -                58M (3%)           58M (3%)           58M (3%)     
[2026-04-03T02:01:52.454+0600][11.522s][info][gc,heap     ] GC(3) O: Reclaimed:         -                  -                 0M (0%)            0M (0%)     
[2026-04-03T02:01:52.454+0600][11.522s][info][gc,heap     ] GC(3) O: Compacted:         -                  -                  -                 0M (0%)     
[2026-04-03T02:01:52.454+0600][11.522s][info][gc,phases   ] GC(3) O: Old Generation 240M(14%)->268M(15%) 0.031s
[2026-04-03T02:01:52.454+0600][11.522s][info][gc          ] GC(3) Major Collection (Warmup) 526M(30%)->270M(15%) 0.229s
[2026-04-03T02:01:53.481+0600][12.549s][info][gc          ] GC(4) Minor Collection (Allocation Rate)
[2026-04-03T02:01:53.481+0600][12.549s][info][gc,task     ] GC(4) Using 2 Workers for Young Generation
[2026-04-03T02:01:53.481+0600][12.549s][info][gc,phases   ] GC(4) y: Young Generation
[2026-04-03T02:01:53.481+0600][12.549s][info][gc,phases   ] GC(4) y: Pause Mark Start 0.051ms
[2026-04-03T02:01:53.844+0600][12.912s][info][gc,phases   ] GC(4) y: Concurrent Mark 362.880ms
[2026-04-03T02:01:53.845+0600][12.912s][info][gc,phases   ] GC(4) y: Pause Mark End 0.026ms
[2026-04-03T02:01:53.845+0600][12.912s][info][gc,phases   ] GC(4) y: Concurrent Mark Free 0.001ms
[2026-04-03T02:01:53.845+0600][12.912s][info][gc,phases   ] GC(4) y: Concurrent Reset Relocation Set 0.110ms
[2026-04-03T02:01:53.849+0600][12.917s][info][gc,reloc    ] GC(4) y: Using tenuring threshold: 2 (Computed)
[2026-04-03T02:01:53.872+0600][12.939s][info][gc,phases   ] GC(4) y: Concurrent Select Relocation Set 27.098ms
[2026-04-03T02:01:53.872+0600][12.940s][info][gc,phases   ] GC(4) y: Pause Relocate Start 0.021ms
[2026-04-03T02:01:53.985+0600][13.052s][info][gc,phases   ] GC(4) y: Concurrent Relocate 112.567ms
[2026-04-03T02:01:53.985+0600][13.053s][info][gc,alloc    ] GC(4) y:                         Mark Start        Mark End      Relocate Start    Relocate End   
[2026-04-03T02:01:53.985+0600][13.053s][info][gc,alloc    ] GC(4) y: Allocation Stalls:          0                0                0                0         
[2026-04-03T02:01:53.985+0600][13.053s][info][gc,load     ] GC(4) y: Load: 3.17 (26%) / 3.89 (32%) / 5.68 (47%)
[2026-04-03T02:01:53.985+0600][13.053s][info][gc,mmu      ] GC(4) y: MMU: 2ms/97.5%, 5ms/99.0%, 10ms/99.3%, 20ms/99.6%, 50ms/99.8%, 100ms/99.8%
[2026-04-03T02:01:53.985+0600][13.053s][info][gc,marking  ] GC(4) y: Mark: 2 stripe(s), 10 proactive flush(es), 1 terminate flush(es), 0 completion(s), 0 continuation(s) 
[2026-04-03T02:01:53.985+0600][13.053s][info][gc,marking  ] GC(4) y: Mark Stack Usage: 32M
[2026-04-03T02:01:53.985+0600][13.053s][info][gc,nmethod  ] GC(4) y: NMethods: 3129 registered, 180 unregistered
[2026-04-03T02:01:53.985+0600][13.053s][info][gc,metaspace] GC(4) y: Metaspace: 47M used, 48M committed, 1088M reserved
[2026-04-03T02:01:53.985+0600][13.053s][info][gc,reloc    ] GC(4) y:                        Candidates     Selected     In-Place         Size        Empty    Relocated 
[2026-04-03T02:01:53.985+0600][13.053s][info][gc,reloc    ] GC(4) y: Small Pages:                  527          467            0        1054M           0M          73M 
[2026-04-03T02:01:53.985+0600][13.053s][info][gc,reloc    ] GC(4) y: Medium Pages:                   1            0            0          32M           0M           0M 
[2026-04-03T02:01:53.985+0600][13.053s][info][gc,reloc    ] GC(4) y: Large Pages:                    0            0            0           0M           0M           0M 
[2026-04-03T02:01:53.985+0600][13.053s][info][gc,reloc    ] GC(4) y: Forwarding Usage: 63M
[2026-04-03T02:01:53.985+0600][13.053s][info][gc,reloc    ] GC(4) y: Age Table:
[2026-04-03T02:01:53.985+0600][13.053s][info][gc,reloc    ] GC(4) y:                    Live             Garbage             Small              Medium             Large        
[2026-04-03T02:01:53.985+0600][13.053s][info][gc,reloc    ] GC(4) y: Eden              79M (5%)          940M (54%)        510 / 464            0 / 0              0 / 0        
[2026-04-03T02:01:53.985+0600][13.053s][info][gc,reloc    ] GC(4) y: Survivor 1        28M (2%)           37M (2%)          17 / 3              1 / 0              0 / 0        
[2026-04-03T02:01:53.985+0600][13.053s][info][gc,heap     ] GC(4) y: Min Capacity: 8M(0%)
[2026-04-03T02:01:53.985+0600][13.053s][info][gc,heap     ] GC(4) y: Max Capacity: 1750M(100%)
[2026-04-03T02:01:53.985+0600][13.053s][info][gc,heap     ] GC(4) y: Soft Max Capacity: 1750M(100%)
[2026-04-03T02:01:53.985+0600][13.053s][info][gc,heap     ] GC(4) y: Heap Statistics:
[2026-04-03T02:01:53.985+0600][13.053s][info][gc,heap     ] GC(4) y:                Mark Start          Mark End        Relocate Start      Relocate End           High               Low         
[2026-04-03T02:01:53.985+0600][13.053s][info][gc,heap     ] GC(4) y:  Capacity:     1144M (65%)        1344M (77%)        1350M (77%)        1356M (77%)        1356M (77%)        1144M (65%)    
[2026-04-03T02:01:53.985+0600][13.053s][info][gc,heap     ] GC(4) y:      Free:      606M (35%)         406M (23%)         400M (23%)        1338M (76%)        1338M (76%)         394M (23%)    
[2026-04-03T02:01:53.985+0600][13.053s][info][gc,heap     ] GC(4) y:      Used:     1144M (65%)        1344M (77%)        1350M (77%)         412M (24%)        1356M (77%)         412M (24%)    
[2026-04-03T02:01:53.985+0600][13.053s][info][gc,heap     ] GC(4) y: Young Generation Statistics:
[2026-04-03T02:01:53.985+0600][13.053s][info][gc,heap     ] GC(4) y:                Mark Start          Mark End        Relocate Start      Relocate End    
[2026-04-03T02:01:53.985+0600][13.053s][info][gc,heap     ] GC(4) y:      Used:     1086M (62%)        1286M (73%)        1292M (74%)         354M (20%)    
[2026-04-03T02:01:53.985+0600][13.053s][info][gc,heap     ] GC(4) y:      Live:         -               107M (6%)          107M (6%)          107M (6%)     
[2026-04-03T02:01:53.985+0600][13.053s][info][gc,heap     ] GC(4) y:   Garbage:         -               978M (56%)         978M (56%)          31M (2%)     
[2026-04-03T02:01:53.985+0600][13.053s][info][gc,heap     ] GC(4) y: Allocated:         -               200M (11%)         206M (12%)         214M (12%)    
[2026-04-03T02:01:53.985+0600][13.053s][info][gc,heap     ] GC(4) y: Reclaimed:         -                  -                 0M (0%)          946M (54%)    
[2026-04-03T02:01:53.985+0600][13.053s][info][gc,heap     ] GC(4) y:  Promoted:         -                  -                 0M (0%)            0M (0%)     
[2026-04-03T02:01:53.986+0600][13.053s][info][gc,heap     ] GC(4) y: Compacted:         -                  -                  -                81M (5%)     
[2026-04-03T02:01:53.986+0600][13.053s][info][gc,phases   ] GC(4) y: Young Generation 1144M(65%)->412M(24%) 0.504s
[2026-04-03T02:01:53.986+0600][13.053s][info][gc          ] GC(4) Minor Collection (Allocation Rate) 1144M(65%)->412M(24%) 0.504s
[2026-04-03T02:01:53.986+0600][13.053s][info][gc          ] GC(5) Major Collection (Allocation Rate)
[2026-04-03T02:01:53.986+0600][13.053s][info][gc,task     ] GC(5) Using 3 Workers for Young Generation
[2026-04-03T02:01:53.986+0600][13.053s][info][gc,task     ] GC(5) Using 1 Workers for Old Generation
[2026-04-03T02:01:53.986+0600][13.053s][info][gc,phases   ] GC(5) Y: Young Generation
[2026-04-03T02:01:53.986+0600][13.054s][info][gc,phases   ] GC(5) Y: Pause Mark Start (Major) 0.090ms
[2026-04-03T02:01:54.498+0600][13.566s][info][gc,phases   ] GC(5) Y: Concurrent Mark 512.006ms
[2026-04-03T02:01:54.499+0600][13.566s][info][gc,phases   ] GC(5) Y: Pause Mark End 0.025ms
[2026-04-03T02:01:54.499+0600][13.566s][info][gc,phases   ] GC(5) Y: Concurrent Mark Free 0.002ms
[2026-04-03T02:01:54.499+0600][13.566s][info][gc,phases   ] GC(5) Y: Concurrent Reset Relocation Set 0.061ms
[2026-04-03T02:01:54.501+0600][13.568s][info][gc,reloc    ] GC(5) Y: Using tenuring threshold: 1 (Computed)
[2026-04-03T02:01:54.538+0600][13.606s][info][gc,phases   ] GC(5) Y: Concurrent Select Relocation Set 39.415ms
[2026-04-03T02:01:54.539+0600][13.606s][info][gc,phases   ] GC(5) Y: Pause Relocate Start 0.028ms
[2026-04-03T02:01:54.607+0600][13.675s][info][gc,phases   ] GC(5) Y: Concurrent Relocate 68.462ms
[2026-04-03T02:01:54.608+0600][13.675s][info][gc,alloc    ] GC(5) Y:                         Mark Start        Mark End      Relocate Start    Relocate End   
[2026-04-03T02:01:54.608+0600][13.675s][info][gc,alloc    ] GC(5) Y: Allocation Stalls:          0                0                0                0         
[2026-04-03T02:01:54.608+0600][13.675s][info][gc,load     ] GC(5) Y: Load: 3.40 (28%) / 3.93 (33%) / 5.68 (47%)
[2026-04-03T02:01:54.608+0600][13.675s][info][gc,mmu      ] GC(5) Y: MMU: 2ms/95.5%, 5ms/98.2%, 10ms/99.1%, 20ms/99.6%, 50ms/99.8%, 100ms/99.8%
[2026-04-03T02:01:54.608+0600][13.675s][info][gc,marking  ] GC(5) Y: Mark: 2 stripe(s), 10 proactive flush(es), 1 terminate flush(es), 0 completion(s), 0 continuation(s) 
[2026-04-03T02:01:54.608+0600][13.675s][info][gc,marking  ] GC(5) Y: Mark Stack Usage: 32M
[2026-04-03T02:01:54.608+0600][13.675s][info][gc,nmethod  ] GC(5) Y: NMethods: 3254 registered, 180 unregistered
[2026-04-03T02:01:54.608+0600][13.675s][info][gc,metaspace] GC(5) Y: Metaspace: 51M used, 51M committed, 1088M reserved
[2026-04-03T02:01:54.608+0600][13.675s][info][gc,reloc    ] GC(5) Y:                        Candidates     Selected     In-Place         Size        Empty    Relocated 
[2026-04-03T02:01:54.608+0600][13.675s][info][gc,reloc    ] GC(5) Y: Small Pages:                  161           97            0         322M           0M          15M 
[2026-04-03T02:01:54.608+0600][13.675s][info][gc,reloc    ] GC(5) Y: Medium Pages:                   1            0            0          32M           0M           0M 
[2026-04-03T02:01:54.608+0600][13.675s][info][gc,reloc    ] GC(5) Y: Large Pages:                    0            0            0           0M           0M           0M 
[2026-04-03T02:01:54.608+0600][13.675s][info][gc,reloc    ] GC(5) Y: Forwarding Usage: 12M
[2026-04-03T02:01:54.608+0600][13.675s][info][gc,reloc    ] GC(5) Y: Age Table:
[2026-04-03T02:01:54.608+0600][13.675s][info][gc,reloc    ] GC(5) Y:                    Live             Garbage             Small              Medium             Large        
[2026-04-03T02:01:54.608+0600][13.675s][info][gc,reloc    ] GC(5) Y: Eden              15M (1%)          192M (11%)        104 / 94             0 / 0              0 / 0        
[2026-04-03T02:01:54.608+0600][13.675s][info][gc,reloc    ] GC(5) Y: Survivor 1        79M (5%)            2M (0%)          41 / 1              0 / 0              0 / 0        
[2026-04-03T02:01:54.608+0600][13.675s][info][gc,reloc    ] GC(5) Y: Survivor 2        28M (2%)           35M (2%)          16 / 2              1 / 0              0 / 0        
[2026-04-03T02:01:54.608+0600][13.675s][info][gc,heap     ] GC(5) Y: Min Capacity: 8M(0%)
[2026-04-03T02:01:54.608+0600][13.675s][info][gc,heap     ] GC(5) Y: Max Capacity: 1750M(100%)
[2026-04-03T02:01:54.608+0600][13.675s][info][gc,heap     ] GC(5) Y: Soft Max Capacity: 1750M(100%)
[2026-04-03T02:01:54.608+0600][13.675s][info][gc,heap     ] GC(5) Y: Heap Statistics:
[2026-04-03T02:01:54.608+0600][13.675s][info][gc,heap     ] GC(5) Y:                Mark Start          Mark End        Relocate Start      Relocate End           High               Low         
[2026-04-03T02:01:54.608+0600][13.675s][info][gc,heap     ] GC(5) Y:  Capacity:     1356M (77%)        1356M (77%)        1356M (77%)        1356M (77%)        1356M (77%)        1356M (77%)    
[2026-04-03T02:01:54.608+0600][13.675s][info][gc,heap     ] GC(5) Y:      Free:     1338M (76%)        1280M (73%)        1280M (73%)        1464M (84%)        1468M (84%)        1274M (73%)    
[2026-04-03T02:01:54.608+0600][13.675s][info][gc,heap     ] GC(5) Y:      Used:      412M (24%)         470M (27%)         470M (27%)         286M (16%)         476M (27%)         282M (16%)    
[2026-04-03T02:01:54.608+0600][13.675s][info][gc,heap     ] GC(5) Y: Young Generation Statistics:
[2026-04-03T02:01:54.608+0600][13.675s][info][gc,heap     ] GC(5) Y:                Mark Start          Mark End        Relocate Start      Relocate End    
[2026-04-03T02:01:54.608+0600][13.675s][info][gc,heap     ] GC(5) Y:      Used:      354M (20%)         412M (24%)         272M (16%)          80M (5%)     
[2026-04-03T02:01:54.608+0600][13.675s][info][gc,heap     ] GC(5) Y:      Live:         -               123M (7%)           16M (1%)           15M (1%)     
[2026-04-03T02:01:54.608+0600][13.675s][info][gc,heap     ] GC(5) Y:   Garbage:         -               230M (13%)         197M (11%)           0M (0%)     
[2026-04-03T02:01:54.608+0600][13.675s][info][gc,heap     ] GC(5) Y: Allocated:         -                58M (3%)           58M (3%)           64M (4%)     
[2026-04-03T02:01:54.608+0600][13.675s][info][gc,heap     ] GC(5) Y: Reclaimed:         -                  -                33M (2%)          230M (13%)    
[2026-04-03T02:01:54.608+0600][13.675s][info][gc,heap     ] GC(5) Y:  Promoted:         -                  -               106M (6%)          107M (6%)     
[2026-04-03T02:01:54.608+0600][13.675s][info][gc,heap     ] GC(5) Y: Compacted:         -                  -                  -                15M (1%)     
[2026-04-03T02:01:54.608+0600][13.675s][info][gc,phases   ] GC(5) Y: Young Generation 412M(24%)->286M(16%) 0.622s
[2026-04-03T02:01:54.608+0600][13.675s][info][gc,phases   ] GC(5) O: Old Generation
[2026-04-03T02:01:54.644+0600][13.712s][info][gc,phases   ] GC(5) O: Concurrent Mark 36.184ms
[2026-04-03T02:01:54.644+0600][13.712s][info][gc,phases   ] GC(5) O: Pause Mark End 0.026ms
[2026-04-03T02:01:54.644+0600][13.712s][info][gc,phases   ] GC(5) O: Concurrent Mark Free 0.001ms
[2026-04-03T02:01:54.655+0600][13.723s][info][gc,phases   ] GC(5) O: Concurrent Process Non-Strong 10.786ms
[2026-04-03T02:01:54.655+0600][13.723s][info][gc,phases   ] GC(5) O: Concurrent Reset Relocation Set 0.001ms
[2026-04-03T02:01:54.657+0600][13.725s][info][gc,phases   ] GC(5) O: Concurrent Select Relocation Set 1.962ms
[2026-04-03T02:01:54.657+0600][13.725s][info][gc,task     ] GC(5) O: Using 3 Workers for Old Generation
[2026-04-03T02:01:54.674+0600][13.741s][info][gc,task     ] GC(5) O: Using 1 Workers for Old Generation
[2026-04-03T02:01:54.674+0600][13.741s][info][gc,phases   ] GC(5) O: Concurrent Remap Roots 16.661ms
[2026-04-03T02:01:54.674+0600][13.741s][info][gc,phases   ] GC(5) O: Pause Relocate Start 0.027ms
[2026-04-03T02:01:54.677+0600][13.744s][info][gc,phases   ] GC(5) O: Concurrent Relocate 2.652ms
[2026-04-03T02:01:54.677+0600][13.744s][info][gc,alloc    ] GC(5) O:                         Mark Start        Mark End      Relocate Start    Relocate End   
[2026-04-03T02:01:54.677+0600][13.744s][info][gc,alloc    ] GC(5) O: Allocation Stalls:          0                0                0                0         
[2026-04-03T02:01:54.677+0600][13.745s][info][gc,load     ] GC(5) O: Load: 3.40 (28%) / 3.93 (33%) / 5.68 (47%)
[2026-04-03T02:01:54.677+0600][13.745s][info][gc,mmu      ] GC(5) O: MMU: 2ms/95.5%, 5ms/98.2%, 10ms/99.1%, 20ms/99.6%, 50ms/99.8%, 100ms/99.8%
[2026-04-03T02:01:54.677+0600][13.745s][info][gc,marking  ] GC(5) O: Mark: 1 stripe(s), 2 proactive flush(es), 1 terminate flush(es), 0 completion(s), 0 continuation(s) 
[2026-04-03T02:01:54.677+0600][13.745s][info][gc,marking  ] GC(5) O: Mark Stack Usage: 32M
[2026-04-03T02:01:54.677+0600][13.745s][info][gc,nmethod  ] GC(5) O: NMethods: 3228 registered, 212 unregistered
[2026-04-03T02:01:54.677+0600][13.745s][info][gc,metaspace] GC(5) O: Metaspace: 51M used, 51M committed, 1088M reserved
[2026-04-03T02:01:54.677+0600][13.745s][info][gc,ref      ] GC(5) O:                       Encountered   Discovered     Enqueued 
[2026-04-03T02:01:54.677+0600][13.745s][info][gc,ref      ] GC(5) O: Soft References:             3982            0            0 
[2026-04-03T02:01:54.677+0600][13.745s][info][gc,ref      ] GC(5) O: Weak References:             4122         1846          797 
[2026-04-03T02:01:54.677+0600][13.745s][info][gc,ref      ] GC(5) O: Final References:              82            0            0 
[2026-04-03T02:01:54.677+0600][13.745s][info][gc,ref      ] GC(5) O: Phantom References:           583          198            0 
[2026-04-03T02:01:54.677+0600][13.745s][info][gc,reloc    ] GC(5) O:                        Candidates     Selected     In-Place         Size        Empty    Relocated 
[2026-04-03T02:01:54.677+0600][13.745s][info][gc,reloc    ] GC(5) O: Small Pages:                   13            3            0          26M           0M           0M 
[2026-04-03T02:01:54.677+0600][13.745s][info][gc,reloc    ] GC(5) O: Medium Pages:                   1            0            0          32M           0M           0M 
[2026-04-03T02:01:54.677+0600][13.745s][info][gc,reloc    ] GC(5) O: Large Pages:                    0            0            0           0M           0M           0M 
[2026-04-03T02:01:54.677+0600][13.745s][info][gc,reloc    ] GC(5) O: Forwarding Usage: 0M
[2026-04-03T02:01:54.677+0600][13.745s][info][gc,heap     ] GC(5) O: Min Capacity: 8M(0%)
[2026-04-03T02:01:54.677+0600][13.745s][info][gc,heap     ] GC(5) O: Max Capacity: 1750M(100%)
[2026-04-03T02:01:54.677+0600][13.745s][info][gc,heap     ] GC(5) O: Soft Max Capacity: 1750M(100%)
[2026-04-03T02:01:54.677+0600][13.745s][info][gc,heap     ] GC(5) O: Heap Statistics:
[2026-04-03T02:01:54.677+0600][13.745s][info][gc,heap     ] GC(5) O:                Mark Start          Mark End        Relocate Start      Relocate End           High               Low         
[2026-04-03T02:01:54.677+0600][13.745s][info][gc,heap     ] GC(5) O:  Capacity:     1356M (77%)        1356M (77%)        1356M (77%)        1356M (77%)        1356M (77%)        1356M (77%)    
[2026-04-03T02:01:54.677+0600][13.745s][info][gc,heap     ] GC(5) O:      Free:     1338M (76%)        1464M (84%)        1464M (84%)        1470M (84%)        1470M (84%)        1274M (73%)    
[2026-04-03T02:01:54.677+0600][13.745s][info][gc,heap     ] GC(5) O:      Used:      412M (24%)         286M (16%)         286M (16%)         280M (16%)         476M (27%)         280M (16%)    
[2026-04-03T02:01:54.677+0600][13.745s][info][gc,heap     ] GC(5) O: Old Generation Statistics:
[2026-04-03T02:01:54.677+0600][13.745s][info][gc,heap     ] GC(5) O:                Mark Start          Mark End        Relocate Start      Relocate End    
[2026-04-03T02:01:54.677+0600][13.745s][info][gc,heap     ] GC(5) O:      Used:       58M (3%)          206M (12%)         206M (12%)         200M (11%)    
[2026-04-03T02:01:54.677+0600][13.745s][info][gc,heap     ] GC(5) O:      Live:         -                21M (1%)           21M (1%)           21M (1%)     
[2026-04-03T02:01:54.677+0600][13.745s][info][gc,heap     ] GC(5) O:   Garbage:         -                36M (2%)           36M (2%)           29M (2%)     
[2026-04-03T02:01:54.677+0600][13.745s][info][gc,heap     ] GC(5) O: Allocated:         -               148M (8%)          148M (8%)          149M (9%)     
[2026-04-03T02:01:54.677+0600][13.745s][info][gc,heap     ] GC(5) O: Reclaimed:         -                  -                 0M (0%)            7M (0%)     
[2026-04-03T02:01:54.677+0600][13.745s][info][gc,heap     ] GC(5) O: Compacted:         -                  -                  -                 0M (0%)     
[2026-04-03T02:01:54.677+0600][13.745s][info][gc,phases   ] GC(5) O: Old Generation 286M(16%)->280M(16%) 0.069s
[2026-04-03T02:01:54.677+0600][13.745s][info][gc          ] GC(5) Major Collection (Allocation Rate) 412M(24%)->280M(16%) 0.692s
[2026-04-03T02:01:54.828+0600][13.895s][info][gc          ] GC(6) Minor Collection (Allocation Rate)
[2026-04-03T02:01:54.828+0600][13.895s][info][gc,task     ] GC(6) Using 3 Workers for Young Generation
[2026-04-03T02:01:54.828+0600][13.895s][info][gc,phases   ] GC(6) y: Young Generation
[2026-04-03T02:01:54.828+0600][13.895s][info][gc,phases   ] GC(6) y: Pause Mark Start 0.023ms
[2026-04-03T02:01:54.837+0600][13.904s][info][gc,phases   ] GC(6) y: Concurrent Mark 8.628ms
[2026-04-03T02:01:54.837+0600][13.904s][info][gc,phases   ] GC(6) y: Pause Mark End 0.020ms
[2026-04-03T02:01:54.837+0600][13.904s][info][gc,phases   ] GC(6) y: Concurrent Mark Free 0.002ms
[2026-04-03T02:01:54.837+0600][13.905s][info][gc,phases   ] GC(6) y: Concurrent Reset Relocation Set 0.108ms
[2026-04-03T02:01:54.841+0600][13.909s][info][gc,reloc    ] GC(6) y: Using tenuring threshold: 2 (Computed)
[2026-04-03T02:01:54.843+0600][13.911s][info][gc,phases   ] GC(6) y: Concurrent Select Relocation Set 6.376ms
[2026-04-03T02:01:54.844+0600][13.911s][info][gc,phases   ] GC(6) y: Pause Relocate Start 0.017ms
[2026-04-03T02:01:54.845+0600][13.913s][info][gc,phases   ] GC(6) y: Concurrent Relocate 1.489ms
[2026-04-03T02:01:54.845+0600][13.913s][info][gc,alloc    ] GC(6) y:                         Mark Start        Mark End      Relocate Start    Relocate End   
[2026-04-03T02:01:54.845+0600][13.913s][info][gc,alloc    ] GC(6) y: Allocation Stalls:          0                0                0                0         
[2026-04-03T02:01:54.846+0600][13.913s][info][gc,load     ] GC(6) y: Load: 3.40 (28%) / 3.93 (33%) / 5.68 (47%)
[2026-04-03T02:01:54.846+0600][13.913s][info][gc,mmu      ] GC(6) y: MMU: 2ms/95.5%, 5ms/98.2%, 10ms/99.1%, 20ms/99.6%, 50ms/99.8%, 100ms/99.8%
[2026-04-03T02:01:54.846+0600][13.913s][info][gc,marking  ] GC(6) y: Mark: 2 stripe(s), 3 proactive flush(es), 1 terminate flush(es), 0 completion(s), 0 continuation(s) 
[2026-04-03T02:01:54.846+0600][13.913s][info][gc,marking  ] GC(6) y: Mark Stack Usage: 32M
[2026-04-03T02:01:54.846+0600][13.913s][info][gc,nmethod  ] GC(6) y: NMethods: 3229 registered, 212 unregistered
[2026-04-03T02:01:54.846+0600][13.913s][info][gc,metaspace] GC(6) y: Metaspace: 51M used, 51M committed, 1088M reserved
[2026-04-03T02:01:54.846+0600][13.913s][info][gc,reloc    ] GC(6) y:                        Candidates     Selected     In-Place         Size        Empty    Relocated 
[2026-04-03T02:01:54.846+0600][13.913s][info][gc,reloc    ] GC(6) y: Small Pages:                   40           32            0          80M          12M           1M 
[2026-04-03T02:01:54.846+0600][13.913s][info][gc,reloc    ] GC(6) y: Medium Pages:                   1            0            0          32M           0M           0M 
[2026-04-03T02:01:54.846+0600][13.913s][info][gc,reloc    ] GC(6) y: Large Pages:                    0            0            0           0M           0M           0M 
[2026-04-03T02:01:54.846+0600][13.913s][info][gc,reloc    ] GC(6) y: Forwarding Usage: 0M
[2026-04-03T02:01:54.846+0600][13.913s][info][gc,reloc    ] GC(6) y: Age Table:
[2026-04-03T02:01:54.846+0600][13.913s][info][gc,reloc    ] GC(6) y:                    Live             Garbage             Small              Medium             Large        
[2026-04-03T02:01:54.846+0600][13.913s][info][gc,reloc    ] GC(6) y: Eden               1M (0%)           92M (5%)          31 / 30             1 / 0              0 / 0        
[2026-04-03T02:01:54.846+0600][13.913s][info][gc,reloc    ] GC(6) y: Survivor 1         1M (0%)           16M (1%)           9 / 2              0 / 0              0 / 0        
[2026-04-03T02:01:54.846+0600][13.913s][info][gc,heap     ] GC(6) y: Min Capacity: 8M(0%)
[2026-04-03T02:01:54.846+0600][13.913s][info][gc,heap     ] GC(6) y: Max Capacity: 1750M(100%)
[2026-04-03T02:01:54.846+0600][13.913s][info][gc,heap     ] GC(6) y: Soft Max Capacity: 1750M(100%)
[2026-04-03T02:01:54.846+0600][13.913s][info][gc,heap     ] GC(6) y: Heap Statistics:
[2026-04-03T02:01:54.846+0600][13.913s][info][gc,heap     ] GC(6) y:                Mark Start          Mark End        Relocate Start      Relocate End           High               Low         
[2026-04-03T02:01:54.846+0600][13.913s][info][gc,heap     ] GC(6) y:  Capacity:     1388M (79%)        1388M (79%)        1388M (79%)        1388M (79%)        1388M (79%)        1388M (79%)    
[2026-04-03T02:01:54.846+0600][13.913s][info][gc,heap     ] GC(6) y:      Free:     1438M (82%)        1436M (82%)        1448M (83%)        1504M (86%)        1504M (86%)        1436M (82%)    
[2026-04-03T02:01:54.846+0600][13.913s][info][gc,heap     ] GC(6) y:      Used:      312M (18%)         314M (18%)         302M (17%)         246M (14%)         314M (18%)         246M (14%)    
[2026-04-03T02:01:54.846+0600][13.913s][info][gc,heap     ] GC(6) y: Young Generation Statistics:
[2026-04-03T02:01:54.846+0600][13.913s][info][gc,heap     ] GC(6) y:                Mark Start          Mark End        Relocate Start      Relocate End    
[2026-04-03T02:01:54.846+0600][13.913s][info][gc,heap     ] GC(6) y:      Used:      112M (6%)          114M (7%)          102M (6%)           46M (3%)     
[2026-04-03T02:01:54.846+0600][13.913s][info][gc,heap     ] GC(6) y:      Live:         -                 2M (0%)            2M (0%)            2M (0%)     
[2026-04-03T02:01:54.846+0600][13.913s][info][gc,heap     ] GC(6) y:   Garbage:         -               109M (6%)           97M (6%)           32M (2%)     
[2026-04-03T02:01:54.846+0600][13.913s][info][gc,heap     ] GC(6) y: Allocated:         -                 2M (0%)            2M (0%)           10M (1%)     
[2026-04-03T02:01:54.846+0600][13.913s][info][gc,heap     ] GC(6) y: Reclaimed:         -                  -                12M (1%)           76M (4%)     
[2026-04-03T02:01:54.846+0600][13.913s][info][gc,heap     ] GC(6) y:  Promoted:         -                  -                 0M (0%)            0M (0%)     
[2026-04-03T02:01:54.846+0600][13.913s][info][gc,heap     ] GC(6) y: Compacted:         -                  -                  -                 1M (0%)     
[2026-04-03T02:01:54.846+0600][13.913s][info][gc,phases   ] GC(6) y: Young Generation 312M(18%)->246M(14%) 0.018s
[2026-04-03T02:01:54.846+0600][13.913s][info][gc          ] GC(6) Minor Collection (Allocation Rate) 312M(18%)->246M(14%) 0.018s
[2026-04-03T02:01:55.687+0600][14.755s][info][gc          ] GC(7) Major Collection (Allocation Rate)
[2026-04-03T02:01:55.687+0600][14.755s][info][gc,task     ] GC(7) Using 3 Workers for Young Generation
[2026-04-03T02:01:55.687+0600][14.755s][info][gc,task     ] GC(7) Using 2 Workers for Old Generation
[2026-04-03T02:01:55.687+0600][14.755s][info][gc,phases   ] GC(7) Y: Young Generation
[2026-04-03T02:01:55.687+0600][14.755s][info][gc,phases   ] GC(7) Y: Pause Mark Start (Major) 0.024ms
[2026-04-03T02:01:55.700+0600][14.768s][info][gc,phases   ] GC(7) Y: Concurrent Mark 12.909ms
[2026-04-03T02:01:55.701+0600][14.768s][info][gc,phases   ] GC(7) Y: Pause Mark End 0.030ms
[2026-04-03T02:01:55.701+0600][14.768s][info][gc,phases   ] GC(7) Y: Concurrent Mark Free 0.001ms
[2026-04-03T02:01:55.701+0600][14.768s][info][gc,phases   ] GC(7) Y: Concurrent Reset Relocation Set 0.010ms
[2026-04-03T02:01:55.704+0600][14.772s][info][gc,reloc    ] GC(7) Y: Using tenuring threshold: 3 (Computed)
[2026-04-03T02:01:55.705+0600][14.773s][info][gc,phases   ] GC(7) Y: Concurrent Select Relocation Set 4.419ms
[2026-04-03T02:01:55.705+0600][14.773s][info][gc,phases   ] GC(7) Y: Pause Relocate Start 0.014ms
[2026-04-03T02:01:55.708+0600][14.775s][info][gc,phases   ] GC(7) Y: Concurrent Relocate 1.967ms
[2026-04-03T02:01:55.708+0600][14.775s][info][gc,alloc    ] GC(7) Y:                         Mark Start        Mark End      Relocate Start    Relocate End   
[2026-04-03T02:01:55.708+0600][14.775s][info][gc,alloc    ] GC(7) Y: Allocation Stalls:          0                0                0                0         
[2026-04-03T02:01:55.708+0600][14.775s][info][gc,load     ] GC(7) Y: Load: 3.40 (28%) / 3.93 (33%) / 5.68 (47%)
[2026-04-03T02:01:55.708+0600][14.775s][info][gc,mmu      ] GC(7) Y: MMU: 2ms/95.5%, 5ms/98.2%, 10ms/99.1%, 20ms/99.6%, 50ms/99.8%, 100ms/99.8%
[2026-04-03T02:01:55.708+0600][14.775s][info][gc,marking  ] GC(7) Y: Mark: 2 stripe(s), 10 proactive flush(es), 1 terminate flush(es), 0 completion(s), 0 continuation(s) 
[2026-04-03T02:01:55.708+0600][14.775s][info][gc,marking  ] GC(7) Y: Mark Stack Usage: 32M
[2026-04-03T02:01:55.708+0600][14.775s][info][gc,nmethod  ] GC(7) Y: NMethods: 3246 registered, 212 unregistered
[2026-04-03T02:01:55.708+0600][14.775s][info][gc,metaspace] GC(7) Y: Metaspace: 51M used, 52M committed, 1088M reserved
[2026-04-03T02:01:55.708+0600][14.775s][info][gc,reloc    ] GC(7) Y:                        Candidates     Selected     In-Place         Size        Empty    Relocated 
[2026-04-03T02:01:55.708+0600][14.775s][info][gc,reloc    ] GC(7) Y: Small Pages:                   12           10            0          24M           0M           1M 
[2026-04-03T02:01:55.708+0600][14.775s][info][gc,reloc    ] GC(7) Y: Medium Pages:                   2            0            0          64M          64M           0M 
[2026-04-03T02:01:55.708+0600][14.775s][info][gc,reloc    ] GC(7) Y: Large Pages:                    0            0            0           0M           0M           0M 
[2026-04-03T02:01:55.708+0600][14.775s][info][gc,reloc    ] GC(7) Y: Forwarding Usage: 1M
[2026-04-03T02:01:55.708+0600][14.775s][info][gc,reloc    ] GC(7) Y: Age Table:
[2026-04-03T02:01:55.708+0600][14.775s][info][gc,reloc    ] GC(7) Y:                    Live             Garbage             Small              Medium             Large        
[2026-04-03T02:01:55.708+0600][14.775s][info][gc,reloc    ] GC(7) Y: Eden               0M (0%)           43M (2%)           6 / 5              1 / 0              0 / 0        
[2026-04-03T02:01:55.708+0600][14.775s][info][gc,reloc    ] GC(7) Y: Survivor 1         0M (0%)           37M (2%)           3 / 3              1 / 0              0 / 0        
[2026-04-03T02:01:55.708+0600][14.775s][info][gc,reloc    ] GC(7) Y: Survivor 2         1M (0%)            4M (0%)           3 / 2              0 / 0              0 / 0        
[2026-04-03T02:01:55.708+0600][14.775s][info][gc,heap     ] GC(7) Y: Min Capacity: 8M(0%)
[2026-04-03T02:01:55.708+0600][14.775s][info][gc,heap     ] GC(7) Y: Max Capacity: 1750M(100%)
[2026-04-03T02:01:55.708+0600][14.775s][info][gc,heap     ] GC(7) Y: Soft Max Capacity: 1750M(100%)
[2026-04-03T02:01:55.708+0600][14.775s][info][gc,heap     ] GC(7) Y: Heap Statistics:
[2026-04-03T02:01:55.708+0600][14.775s][info][gc,heap     ] GC(7) Y:                Mark Start          Mark End        Relocate Start      Relocate End           High               Low         
[2026-04-03T02:01:55.708+0600][14.775s][info][gc,heap     ] GC(7) Y:  Capacity:     1420M (81%)        1420M (81%)        1420M (81%)        1420M (81%)        1420M (81%)        1420M (81%)    
[2026-04-03T02:01:55.708+0600][14.775s][info][gc,heap     ] GC(7) Y:      Free:     1462M (84%)        1462M (84%)        1524M (87%)        1528M (87%)        1528M (87%)        1460M (83%)    
[2026-04-03T02:01:55.708+0600][14.775s][info][gc,heap     ] GC(7) Y:      Used:      288M (16%)         288M (16%)         226M (13%)         222M (13%)         290M (17%)         222M (13%)    
[2026-04-03T02:01:55.708+0600][14.775s][info][gc,heap     ] GC(7) Y: Young Generation Statistics:
[2026-04-03T02:01:55.708+0600][14.775s][info][gc,heap     ] GC(7) Y:                Mark Start          Mark End        Relocate Start      Relocate End    
[2026-04-03T02:01:55.708+0600][14.775s][info][gc,heap     ] GC(7) Y:      Used:       88M (5%)           88M (5%)           26M (1%)           22M (1%)     
[2026-04-03T02:01:55.708+0600][14.775s][info][gc,heap     ] GC(7) Y:      Live:         -                 2M (0%)            2M (0%)            2M (0%)     
[2026-04-03T02:01:55.708+0600][14.775s][info][gc,heap     ] GC(7) Y:   Garbage:         -                85M (5%)           21M (1%)            0M (0%)     
[2026-04-03T02:01:55.708+0600][14.775s][info][gc,heap     ] GC(7) Y: Allocated:         -                 0M (0%)            2M (0%)           19M (1%)     
[2026-04-03T02:01:55.708+0600][14.775s][info][gc,heap     ] GC(7) Y: Reclaimed:         -                  -                64M (4%)           85M (5%)     
[2026-04-03T02:01:55.708+0600][14.775s][info][gc,heap     ] GC(7) Y:  Promoted:         -                  -                 0M (0%)            0M (0%)     
[2026-04-03T02:01:55.708+0600][14.775s][info][gc,heap     ] GC(7) Y: Compacted:         -                  -                  -                 2M (0%)     
[2026-04-03T02:01:55.708+0600][14.775s][info][gc,phases   ] GC(7) Y: Young Generation 288M(16%)->222M(13%) 0.020s
[2026-04-03T02:01:55.708+0600][14.775s][info][gc,phases   ] GC(7) O: Old Generation
[2026-04-03T02:01:55.739+0600][14.807s][info][gc,phases   ] GC(7) O: Concurrent Mark 31.324ms
[2026-04-03T02:01:55.739+0600][14.807s][info][gc,phases   ] GC(7) O: Pause Mark End 0.032ms
[2026-04-03T02:01:55.740+0600][14.807s][info][gc,phases   ] GC(7) O: Concurrent Mark Free 0.003ms
[2026-04-03T02:01:55.748+0600][14.815s][info][gc,phases   ] GC(7) O: Concurrent Process Non-Strong 7.964ms
[2026-04-03T02:01:55.748+0600][14.815s][info][gc,phases   ] GC(7) O: Concurrent Reset Relocation Set 0.002ms
[2026-04-03T02:01:55.751+0600][14.818s][info][gc,phases   ] GC(7) O: Concurrent Select Relocation Set 3.283ms
[2026-04-03T02:01:55.751+0600][14.819s][info][gc,task     ] GC(7) O: Using 3 Workers for Old Generation
[2026-04-03T02:01:55.769+0600][14.837s][info][gc,task     ] GC(7) O: Using 2 Workers for Old Generation
[2026-04-03T02:01:55.769+0600][14.837s][info][gc,phases   ] GC(7) O: Concurrent Remap Roots 18.171ms
[2026-04-03T02:01:55.770+0600][14.837s][info][gc,phases   ] GC(7) O: Pause Relocate Start 0.026ms
[2026-04-03T02:01:55.779+0600][14.846s][info][gc,phases   ] GC(7) O: Concurrent Relocate 9.080ms
[2026-04-03T02:01:55.779+0600][14.846s][info][gc,alloc    ] GC(7) O:                         Mark Start        Mark End      Relocate Start    Relocate End   
[2026-04-03T02:01:55.779+0600][14.846s][info][gc,alloc    ] GC(7) O: Allocation Stalls:          0                0                0                0         
[2026-04-03T02:01:55.779+0600][14.846s][info][gc,load     ] GC(7) O: Load: 3.40 (28%) / 3.93 (33%) / 5.68 (47%)
[2026-04-03T02:01:55.779+0600][14.846s][info][gc,mmu      ] GC(7) O: MMU: 2ms/95.5%, 5ms/98.2%, 10ms/99.1%, 20ms/99.6%, 50ms/99.8%, 100ms/99.8%
[2026-04-03T02:01:55.779+0600][14.846s][info][gc,marking  ] GC(7) O: Mark: 2 stripe(s), 2 proactive flush(es), 1 terminate flush(es), 0 completion(s), 0 continuation(s) 
[2026-04-03T02:01:55.779+0600][14.846s][info][gc,marking  ] GC(7) O: Mark Stack Usage: 32M
[2026-04-03T02:01:55.779+0600][14.846s][info][gc,nmethod  ] GC(7) O: NMethods: 3189 registered, 271 unregistered
[2026-04-03T02:01:55.779+0600][14.846s][info][gc,metaspace] GC(7) O: Metaspace: 51M used, 52M committed, 1088M reserved
[2026-04-03T02:01:55.779+0600][14.846s][info][gc,ref      ] GC(7) O:                       Encountered   Discovered     Enqueued 
[2026-04-03T02:01:55.779+0600][14.846s][info][gc,ref      ] GC(7) O: Soft References:             4018            0            0 
[2026-04-03T02:01:55.779+0600][14.846s][info][gc,ref      ] GC(7) O: Weak References:             3736         1829          576 
[2026-04-03T02:01:55.779+0600][14.846s][info][gc,ref      ] GC(7) O: Final References:              82            2            0 
[2026-04-03T02:01:55.779+0600][14.846s][info][gc,ref      ] GC(7) O: Phantom References:           588          418            1 
[2026-04-03T02:01:55.779+0600][14.846s][info][gc,reloc    ] GC(7) O:                        Candidates     Selected     In-Place         Size        Empty    Relocated 
[2026-04-03T02:01:55.779+0600][14.846s][info][gc,reloc    ] GC(7) O: Small Pages:                   68            8            0         136M          92M           2M 
[2026-04-03T02:01:55.779+0600][14.846s][info][gc,reloc    ] GC(7) O: Medium Pages:                   2            1            0          64M           0M           5M 
[2026-04-03T02:01:55.779+0600][14.846s][info][gc,reloc    ] GC(7) O: Large Pages:                    0            0            0           0M           0M           0M 
[2026-04-03T02:01:55.779+0600][14.846s][info][gc,reloc    ] GC(7) O: Forwarding Usage: 1M
[2026-04-03T02:01:55.779+0600][14.846s][info][gc,heap     ] GC(7) O: Min Capacity: 8M(0%)
[2026-04-03T02:01:55.779+0600][14.846s][info][gc,heap     ] GC(7) O: Max Capacity: 1750M(100%)
[2026-04-03T02:01:55.779+0600][14.846s][info][gc,heap     ] GC(7) O: Soft Max Capacity: 1750M(100%)
[2026-04-03T02:01:55.779+0600][14.847s][info][gc,heap     ] GC(7) O: Heap Statistics:
[2026-04-03T02:01:55.779+0600][14.847s][info][gc,heap     ] GC(7) O:                Mark Start          Mark End        Relocate Start      Relocate End           High               Low         
[2026-04-03T02:01:55.779+0600][14.847s][info][gc,heap     ] GC(7) O:  Capacity:     1420M (81%)        1420M (81%)        1420M (81%)        1420M (81%)        1420M (81%)        1420M (81%)    
[2026-04-03T02:01:55.779+0600][14.847s][info][gc,heap     ] GC(7) O:      Free:     1462M (84%)        1528M (87%)        1620M (93%)        1666M (95%)        1666M (95%)        1460M (83%)    
[2026-04-03T02:01:55.779+0600][14.847s][info][gc,heap     ] GC(7) O:      Used:      288M (16%)         222M (13%)         130M (7%)           84M (5%)          290M (17%)          84M (5%)     
[2026-04-03T02:01:55.779+0600][14.847s][info][gc,heap     ] GC(7) O: Old Generation Statistics:
[2026-04-03T02:01:55.779+0600][14.847s][info][gc,heap     ] GC(7) O:                Mark Start          Mark End        Relocate Start      Relocate End    
[2026-04-03T02:01:55.779+0600][14.847s][info][gc,heap     ] GC(7) O:      Used:      200M (11%)         200M (11%)         108M (6%)           62M (4%)     
[2026-04-03T02:01:55.779+0600][14.847s][info][gc,heap     ] GC(7) O:      Live:         -                29M (2%)           29M (2%)           29M (2%)     
[2026-04-03T02:01:55.779+0600][14.847s][info][gc,heap     ] GC(7) O:   Garbage:         -               170M (10%)          78M (4%)            3M (0%)     
[2026-04-03T02:01:55.779+0600][14.847s][info][gc,heap     ] GC(7) O: Allocated:         -                 0M (0%)            0M (0%)           29M (2%)     
[2026-04-03T02:01:55.779+0600][14.847s][info][gc,heap     ] GC(7) O: Reclaimed:         -                  -                92M (5%)          167M (10%)    
[2026-04-03T02:01:55.779+0600][14.847s][info][gc,heap     ] GC(7) O: Compacted:         -                  -                  -                10M (1%)     
[2026-04-03T02:01:55.779+0600][14.847s][info][gc,phases   ] GC(7) O: Old Generation 222M(13%)->84M(5%) 0.071s
[2026-04-03T02:01:55.779+0600][14.847s][info][gc          ] GC(7) Major Collection (Allocation Rate) 288M(16%)->84M(5%) 0.092s
[2026-04-03T02:01:56.289+0600][15.356s][info][gc          ] GC(8) Major Collection (Allocation Rate)
[2026-04-03T02:01:56.289+0600][15.357s][info][gc,task     ] GC(8) Using 3 Workers for Young Generation
[2026-04-03T02:01:56.289+0600][15.357s][info][gc,task     ] GC(8) Using 2 Workers for Old Generation
[2026-04-03T02:01:56.289+0600][15.357s][info][gc,phases   ] GC(8) Y: Young Generation
[2026-04-03T02:01:56.289+0600][15.357s][info][gc,phases   ] GC(8) Y: Pause Mark Start (Major) 0.026ms
[2026-04-03T02:01:56.301+0600][15.368s][info][gc,phases   ] GC(8) Y: Concurrent Mark 11.282ms
[2026-04-03T02:01:56.301+0600][15.369s][info][gc,phases   ] GC(8) Y: Pause Mark End 0.027ms
[2026-04-03T02:01:56.301+0600][15.369s][info][gc,phases   ] GC(8) Y: Concurrent Mark Free 0.001ms
[2026-04-03T02:01:56.301+0600][15.369s][info][gc,phases   ] GC(8) Y: Concurrent Reset Relocation Set 0.005ms
[2026-04-03T02:01:56.306+0600][15.374s][info][gc,reloc    ] GC(8) Y: Using tenuring threshold: 4 (Computed)
[2026-04-03T02:01:56.307+0600][15.374s][info][gc,phases   ] GC(8) Y: Concurrent Select Relocation Set 5.187ms
[2026-04-03T02:01:56.307+0600][15.374s][info][gc,phases   ] GC(8) Y: Pause Relocate Start 0.017ms
[2026-04-03T02:01:56.309+0600][15.376s][info][gc,phases   ] GC(8) Y: Concurrent Relocate 1.617ms
[2026-04-03T02:01:56.309+0600][15.376s][info][gc,alloc    ] GC(8) Y:                         Mark Start        Mark End      Relocate Start    Relocate End   
[2026-04-03T02:01:56.309+0600][15.376s][info][gc,alloc    ] GC(8) Y: Allocation Stalls:          0                0                0                0         
[2026-04-03T02:01:56.309+0600][15.376s][info][gc,load     ] GC(8) Y: Load: 3.40 (28%) / 3.93 (33%) / 5.68 (47%)
[2026-04-03T02:01:56.309+0600][15.376s][info][gc,mmu      ] GC(8) Y: MMU: 2ms/95.5%, 5ms/98.2%, 10ms/99.1%, 20ms/99.6%, 50ms/99.8%, 100ms/99.8%
[2026-04-03T02:01:56.309+0600][15.376s][info][gc,marking  ] GC(8) Y: Mark: 2 stripe(s), 2 proactive flush(es), 1 terminate flush(es), 0 completion(s), 0 continuation(s) 
[2026-04-03T02:01:56.309+0600][15.376s][info][gc,marking  ] GC(8) Y: Mark Stack Usage: 32M
[2026-04-03T02:01:56.309+0600][15.376s][info][gc,nmethod  ] GC(8) Y: NMethods: 3422 registered, 271 unregistered
[2026-04-03T02:01:56.309+0600][15.376s][info][gc,metaspace] GC(8) Y: Metaspace: 53M used, 54M committed, 1088M reserved
[2026-04-03T02:01:56.309+0600][15.376s][info][gc,reloc    ] GC(8) Y:                        Candidates     Selected     In-Place         Size        Empty    Relocated 
[2026-04-03T02:01:56.309+0600][15.376s][info][gc,reloc    ] GC(8) Y: Small Pages:                   25           21            0          50M           4M           1M 
[2026-04-03T02:01:56.309+0600][15.376s][info][gc,reloc    ] GC(8) Y: Medium Pages:                   1            0            0          32M          32M           0M 
[2026-04-03T02:01:56.309+0600][15.376s][info][gc,reloc    ] GC(8) Y: Large Pages:                    1            0            0           6M           6M           0M 
[2026-04-03T02:01:56.309+0600][15.376s][info][gc,reloc    ] GC(8) Y: Forwarding Usage: 0M
[2026-04-03T02:01:56.309+0600][15.376s][info][gc,reloc    ] GC(8) Y: Age Table:
[2026-04-03T02:01:56.309+0600][15.376s][info][gc,reloc    ] GC(8) Y:                    Live             Garbage             Small              Medium             Large        
[2026-04-03T02:01:56.309+0600][15.376s][info][gc,reloc    ] GC(8) Y: Eden               0M (0%)           67M (4%)          15 / 13             1 / 0              1 / 0        
[2026-04-03T02:01:56.309+0600][15.376s][info][gc,reloc    ] GC(8) Y: Survivor 1         0M (0%)            7M (0%)           4 / 3              0 / 0              0 / 0        
[2026-04-03T02:01:56.309+0600][15.377s][info][gc,reloc    ] GC(8) Y: Survivor 2         0M (0%)            5M (0%)           3 / 3              0 / 0              0 / 0        
[2026-04-03T02:01:56.309+0600][15.377s][info][gc,reloc    ] GC(8) Y: Survivor 3         0M (0%)            5M (0%)           3 / 2              0 / 0              0 / 0        
[2026-04-03T02:01:56.309+0600][15.377s][info][gc,heap     ] GC(8) Y: Min Capacity: 8M(0%)
[2026-04-03T02:01:56.309+0600][15.377s][info][gc,heap     ] GC(8) Y: Max Capacity: 1750M(100%)
[2026-04-03T02:01:56.309+0600][15.377s][info][gc,heap     ] GC(8) Y: Soft Max Capacity: 1750M(100%)
[2026-04-03T02:01:56.309+0600][15.377s][info][gc,heap     ] GC(8) Y: Heap Statistics:
[2026-04-03T02:01:56.309+0600][15.377s][info][gc,heap     ] GC(8) Y:                Mark Start          Mark End        Relocate Start      Relocate End           High               Low         
[2026-04-03T02:01:56.309+0600][15.377s][info][gc,heap     ] GC(8) Y:  Capacity:     1420M (81%)        1420M (81%)        1420M (81%)        1420M (81%)        1420M (81%)        1420M (81%)    
[2026-04-03T02:01:56.309+0600][15.377s][info][gc,heap     ] GC(8) Y:      Free:     1600M (91%)        1598M (91%)        1638M (94%)        1658M (95%)        1658M (95%)        1596M (91%)    
[2026-04-03T02:01:56.309+0600][15.377s][info][gc,heap     ] GC(8) Y:      Used:      150M (9%)          152M (9%)          112M (6%)           92M (5%)          154M (9%)           92M (5%)     
[2026-04-03T02:01:56.309+0600][15.377s][info][gc,heap     ] GC(8) Y: Young Generation Statistics:
[2026-04-03T02:01:56.309+0600][15.377s][info][gc,heap     ] GC(8) Y:                Mark Start          Mark End        Relocate Start      Relocate End    
[2026-04-03T02:01:56.309+0600][15.377s][info][gc,heap     ] GC(8) Y:      Used:       88M (5%)           90M (5%)           50M (3%)           30M (2%)     
[2026-04-03T02:01:56.309+0600][15.377s][info][gc,heap     ] GC(8) Y:      Live:         -                 1M (0%)            1M (0%)            1M (0%)     
[2026-04-03T02:01:56.309+0600][15.377s][info][gc,heap     ] GC(8) Y:   Garbage:         -                86M (5%)           44M (3%)            1M (0%)     
[2026-04-03T02:01:56.309+0600][15.377s][info][gc,heap     ] GC(8) Y: Allocated:         -                 2M (0%)            4M (0%)           26M (2%)     
[2026-04-03T02:01:56.309+0600][15.377s][info][gc,heap     ] GC(8) Y: Reclaimed:         -                  -                42M (2%)           84M (5%)     
[2026-04-03T02:01:56.309+0600][15.377s][info][gc,heap     ] GC(8) Y:  Promoted:         -                  -                 0M (0%)            0M (0%)     
[2026-04-03T02:01:56.309+0600][15.377s][info][gc,heap     ] GC(8) Y: Compacted:         -                  -                  -                 1M (0%)     
[2026-04-03T02:01:56.309+0600][15.377s][info][gc,phases   ] GC(8) Y: Young Generation 150M(9%)->92M(5%) 0.020s
[2026-04-03T02:01:56.309+0600][15.377s][info][gc,phases   ] GC(8) O: Old Generation
[2026-04-03T02:01:56.346+0600][15.414s][info][gc,phases   ] GC(8) O: Concurrent Mark 36.881ms
[2026-04-03T02:01:56.346+0600][15.414s][info][gc,phases   ] GC(8) O: Pause Mark End 0.028ms
[2026-04-03T02:01:56.347+0600][15.414s][info][gc,phases   ] GC(8) O: Concurrent Mark Free 0.001ms
[2026-04-03T02:01:56.354+0600][15.421s][info][gc,phases   ] GC(8) O: Concurrent Process Non-Strong 7.064ms
[2026-04-03T02:01:56.354+0600][15.421s][info][gc,phases   ] GC(8) O: Concurrent Reset Relocation Set 0.006ms
[2026-04-03T02:01:56.356+0600][15.423s][info][gc,phases   ] GC(8) O: Concurrent Select Relocation Set 1.919ms
[2026-04-03T02:01:56.356+0600][15.423s][info][gc,task     ] GC(8) O: Using 3 Workers for Old Generation
[2026-04-03T02:01:56.374+0600][15.441s][info][gc,task     ] GC(8) O: Using 2 Workers for Old Generation
[2026-04-03T02:01:56.374+0600][15.441s][info][gc,phases   ] GC(8) O: Concurrent Remap Roots 17.953ms
[2026-04-03T02:01:56.374+0600][15.441s][info][gc,phases   ] GC(8) O: Pause Relocate Start 0.023ms
[2026-04-03T02:01:56.379+0600][15.447s][info][gc,phases   ] GC(8) O: Concurrent Relocate 4.935ms
[2026-04-03T02:01:56.379+0600][15.447s][info][gc,alloc    ] GC(8) O:                         Mark Start        Mark End      Relocate Start    Relocate End   
[2026-04-03T02:01:56.379+0600][15.447s][info][gc,alloc    ] GC(8) O: Allocation Stalls:          0                0                0                0         
[2026-04-03T02:01:56.379+0600][15.447s][info][gc,load     ] GC(8) O: Load: 3.40 (28%) / 3.93 (33%) / 5.68 (47%)
[2026-04-03T02:01:56.379+0600][15.447s][info][gc,mmu      ] GC(8) O: MMU: 2ms/95.5%, 5ms/98.2%, 10ms/99.1%, 20ms/99.6%, 50ms/99.8%, 100ms/99.8%
[2026-04-03T02:01:56.379+0600][15.447s][info][gc,marking  ] GC(8) O: Mark: 2 stripe(s), 2 proactive flush(es), 1 terminate flush(es), 0 completion(s), 0 continuation(s) 
[2026-04-03T02:01:56.379+0600][15.447s][info][gc,marking  ] GC(8) O: Mark Stack Usage: 32M
[2026-04-03T02:01:56.379+0600][15.447s][info][gc,nmethod  ] GC(8) O: NMethods: 3398 registered, 324 unregistered
[2026-04-03T02:01:56.379+0600][15.447s][info][gc,metaspace] GC(8) O: Metaspace: 53M used, 54M committed, 1088M reserved
[2026-04-03T02:01:56.379+0600][15.447s][info][gc,ref      ] GC(8) O:                       Encountered   Discovered     Enqueued 
[2026-04-03T02:01:56.379+0600][15.447s][info][gc,ref      ] GC(8) O: Soft References:             4133            0            0 
[2026-04-03T02:01:56.379+0600][15.447s][info][gc,ref      ] GC(8) O: Weak References:             3659          832            0 
[2026-04-03T02:01:56.379+0600][15.447s][info][gc,ref      ] GC(8) O: Final References:              82           50            0 
[2026-04-03T02:01:56.379+0600][15.447s][info][gc,ref      ] GC(8) O: Phantom References:           585          383            0 
[2026-04-03T02:01:56.379+0600][15.447s][info][gc,reloc    ] GC(8) O:                        Candidates     Selected     In-Place         Size        Empty    Relocated 
[2026-04-03T02:01:56.379+0600][15.447s][info][gc,reloc    ] GC(8) O: Small Pages:                   15            2            0          30M           0M           2M 
[2026-04-03T02:01:56.379+0600][15.447s][info][gc,reloc    ] GC(8) O: Medium Pages:                   1            0            0          32M           0M           0M 
[2026-04-03T02:01:56.379+0600][15.447s][info][gc,reloc    ] GC(8) O: Large Pages:                    0            0            0           0M           0M           0M 
[2026-04-03T02:01:56.379+0600][15.447s][info][gc,reloc    ] GC(8) O: Forwarding Usage: 1M
[2026-04-03T02:01:56.379+0600][15.447s][info][gc,heap     ] GC(8) O: Min Capacity: 8M(0%)
[2026-04-03T02:01:56.379+0600][15.447s][info][gc,heap     ] GC(8) O: Max Capacity: 1750M(100%)
[2026-04-03T02:01:56.379+0600][15.447s][info][gc,heap     ] GC(8) O: Soft Max Capacity: 1750M(100%)
[2026-04-03T02:01:56.379+0600][15.447s][info][gc,heap     ] GC(8) O: Heap Statistics:
[2026-04-03T02:01:56.379+0600][15.447s][info][gc,heap     ] GC(8) O:                Mark Start          Mark End        Relocate Start      Relocate End           High               Low         
[2026-04-03T02:01:56.379+0600][15.447s][info][gc,heap     ] GC(8) O:  Capacity:     1420M (81%)        1420M (81%)        1420M (81%)        1420M (81%)        1420M (81%)        1420M (81%)    
[2026-04-03T02:01:56.379+0600][15.447s][info][gc,heap     ] GC(8) O:      Free:     1600M (91%)        1652M (94%)        1652M (94%)        1654M (95%)        1658M (95%)        1596M (91%)    
[2026-04-03T02:01:56.379+0600][15.447s][info][gc,heap     ] GC(8) O:      Used:      150M (9%)           98M (6%)           98M (6%)           96M (5%)          154M (9%)           92M (5%)     
[2026-04-03T02:01:56.379+0600][15.447s][info][gc,heap     ] GC(8) O: Old Generation Statistics:
[2026-04-03T02:01:56.379+0600][15.447s][info][gc,heap     ] GC(8) O:                Mark Start          Mark End        Relocate Start      Relocate End    
[2026-04-03T02:01:56.379+0600][15.447s][info][gc,heap     ] GC(8) O:      Used:       62M (4%)           62M (4%)           62M (4%)           60M (3%)     
[2026-04-03T02:01:56.379+0600][15.447s][info][gc,heap     ] GC(8) O:      Live:         -                29M (2%)           29M (2%)           29M (2%)     
[2026-04-03T02:01:56.379+0600][15.447s][info][gc,heap     ] GC(8) O:   Garbage:         -                32M (2%)           32M (2%)           27M (2%)     
[2026-04-03T02:01:56.379+0600][15.447s][info][gc,heap     ] GC(8) O: Allocated:         -                 0M (0%)            0M (0%)            2M (0%)     
[2026-04-03T02:01:56.379+0600][15.447s][info][gc,heap     ] GC(8) O: Reclaimed:         -                  -                 0M (0%)            4M (0%)     
[2026-04-03T02:01:56.379+0600][15.447s][info][gc,heap     ] GC(8) O: Compacted:         -                  -                  -                 5M (0%)     
[2026-04-03T02:01:56.379+0600][15.447s][info][gc,phases   ] GC(8) O: Old Generation 92M(5%)->96M(5%) 0.070s
[2026-04-03T02:01:56.379+0600][15.447s][info][gc          ] GC(8) Major Collection (Allocation Rate) 150M(9%)->96M(5%) 0.090s
[2026-04-03T02:01:56.379+0600][15.447s][info][gc          ] GC(9) Major Collection (System.gc())
[2026-04-03T02:01:56.379+0600][15.447s][info][gc,task     ] GC(9) Using 3 Workers for Young Generation
[2026-04-03T02:01:56.379+0600][15.447s][info][gc,task     ] GC(9) Using 3 Workers for Old Generation
[2026-04-03T02:01:56.379+0600][15.447s][info][gc,phases   ] GC(9) Y: Young Generation (Promote All)
[2026-04-03T02:01:56.380+0600][15.447s][info][gc,phases   ] GC(9) Y: Pause Mark Start 0.016ms
[2026-04-03T02:01:56.390+0600][15.457s][info][gc,phases   ] GC(9) Y: Concurrent Mark 10.053ms
[2026-04-03T02:01:56.390+0600][15.458s][info][gc,phases   ] GC(9) Y: Pause Mark End 0.022ms
[2026-04-03T02:01:56.390+0600][15.458s][info][gc,phases   ] GC(9) Y: Concurrent Mark Free 0.002ms
[2026-04-03T02:01:56.390+0600][15.458s][info][gc,phases   ] GC(9) Y: Concurrent Reset Relocation Set 0.005ms
[2026-04-03T02:01:56.392+0600][15.459s][info][gc,reloc    ] GC(9) Y: Using tenuring threshold: 0 (Promote All)
[2026-04-03T02:01:56.393+0600][15.461s][info][gc,phases   ] GC(9) Y: Concurrent Select Relocation Set 2.984ms
[2026-04-03T02:01:56.393+0600][15.461s][info][gc,phases   ] GC(9) Y: Pause Relocate Start 0.013ms
[2026-04-03T02:01:56.396+0600][15.464s][info][gc,phases   ] GC(9) Y: Concurrent Relocate 2.823ms
[2026-04-03T02:01:56.396+0600][15.464s][info][gc,alloc    ] GC(9) Y:                         Mark Start        Mark End      Relocate Start    Relocate End   
[2026-04-03T02:01:56.396+0600][15.464s][info][gc,alloc    ] GC(9) Y: Allocation Stalls:          0                0                0                0         
[2026-04-03T02:01:56.396+0600][15.464s][info][gc,load     ] GC(9) Y: Load: 3.40 (28%) / 3.93 (33%) / 5.68 (47%)
[2026-04-03T02:01:56.397+0600][15.464s][info][gc,mmu      ] GC(9) Y: MMU: 2ms/95.5%, 5ms/98.2%, 10ms/99.1%, 20ms/99.6%, 50ms/99.8%, 100ms/99.8%
[2026-04-03T02:01:56.397+0600][15.464s][info][gc,marking  ] GC(9) Y: Mark: 2 stripe(s), 1 proactive flush(es), 1 terminate flush(es), 0 completion(s), 0 continuation(s) 
[2026-04-03T02:01:56.397+0600][15.464s][info][gc,marking  ] GC(9) Y: Mark Stack Usage: 32M
[2026-04-03T02:01:56.397+0600][15.464s][info][gc,nmethod  ] GC(9) Y: NMethods: 3398 registered, 324 unregistered
[2026-04-03T02:01:56.397+0600][15.464s][info][gc,metaspace] GC(9) Y: Metaspace: 53M used, 54M committed, 1088M reserved
[2026-04-03T02:01:56.397+0600][15.464s][info][gc,reloc    ] GC(9) Y:                        Candidates     Selected     In-Place         Size        Empty    Relocated 
[2026-04-03T02:01:56.397+0600][15.464s][info][gc,reloc    ] GC(9) Y: Small Pages:                   18           17            0          36M           0M           1M 
[2026-04-03T02:01:56.397+0600][15.464s][info][gc,reloc    ] GC(9) Y: Medium Pages:                   0            0            0           0M           0M           0M 
[2026-04-03T02:01:56.397+0600][15.464s][info][gc,reloc    ] GC(9) Y: Large Pages:                    0            0            0           0M           0M           0M 
[2026-04-03T02:01:56.397+0600][15.464s][info][gc,reloc    ] GC(9) Y: Forwarding Usage: 0M
[2026-04-03T02:01:56.397+0600][15.464s][info][gc,reloc    ] GC(9) Y: Age Table:
[2026-04-03T02:01:56.397+0600][15.464s][info][gc,reloc    ] GC(9) Y:                    Live             Garbage             Small              Medium             Large        
[2026-04-03T02:01:56.397+0600][15.464s][info][gc,reloc    ] GC(9) Y: Eden               0M (0%)            9M (1%)           5 / 4              0 / 0              0 / 0        
[2026-04-03T02:01:56.397+0600][15.464s][info][gc,reloc    ] GC(9) Y: Survivor 1         0M (0%)            9M (1%)           5 / 5              0 / 0              0 / 0        
[2026-04-03T02:01:56.397+0600][15.464s][info][gc,reloc    ] GC(9) Y: Survivor 2         0M (0%)            5M (0%)           3 / 3              0 / 0              0 / 0        
[2026-04-03T02:01:56.397+0600][15.464s][info][gc,reloc    ] GC(9) Y: Survivor 3         0M (0%)            7M (0%)           4 / 4              0 / 0              0 / 0        
[2026-04-03T02:01:56.397+0600][15.464s][info][gc,reloc    ] GC(9) Y: Survivor 4         0M (0%)            1M (0%)           1 / 1              0 / 0              0 / 0        
[2026-04-03T02:01:56.397+0600][15.464s][info][gc,heap     ] GC(9) Y: Min Capacity: 8M(0%)
[2026-04-03T02:01:56.397+0600][15.464s][info][gc,heap     ] GC(9) Y: Max Capacity: 1750M(100%)
[2026-04-03T02:01:56.397+0600][15.464s][info][gc,heap     ] GC(9) Y: Soft Max Capacity: 1750M(100%)
[2026-04-03T02:01:56.397+0600][15.464s][info][gc,heap     ] GC(9) Y: Heap Statistics:
[2026-04-03T02:01:56.397+0600][15.464s][info][gc,heap     ] GC(9) Y:                Mark Start          Mark End        Relocate Start      Relocate End           High               Low         
[2026-04-03T02:01:56.397+0600][15.464s][info][gc,heap     ] GC(9) Y:  Capacity:     1420M (81%)        1420M (81%)        1420M (81%)        1420M (81%)        1420M (81%)        1420M (81%)    
[2026-04-03T02:01:56.397+0600][15.464s][info][gc,heap     ] GC(9) Y:      Free:     1654M (95%)        1654M (95%)        1654M (95%)        1684M (96%)        1684M (96%)        1650M (94%)    
[2026-04-03T02:01:56.397+0600][15.464s][info][gc,heap     ] GC(9) Y:      Used:       96M (5%)           96M (5%)           96M (5%)           66M (4%)          100M (6%)           66M (4%)     
[2026-04-03T02:01:56.397+0600][15.464s][info][gc,heap     ] GC(9) Y: Young Generation Statistics:
[2026-04-03T02:01:56.397+0600][15.464s][info][gc,heap     ] GC(9) Y:                Mark Start          Mark End        Relocate Start      Relocate End    
[2026-04-03T02:01:56.397+0600][15.464s][info][gc,heap     ] GC(9) Y:      Used:       36M (2%)           36M (2%)           36M (2%)            0M (0%)     
[2026-04-03T02:01:56.397+0600][15.464s][info][gc,heap     ] GC(9) Y:      Live:         -                 1M (0%)            1M (0%)            0M (0%)     
[2026-04-03T02:01:56.397+0600][15.464s][info][gc,heap     ] GC(9) Y:   Garbage:         -                34M (2%)           34M (2%)            0M (0%)     
[2026-04-03T02:01:56.397+0600][15.464s][info][gc,heap     ] GC(9) Y: Allocated:         -                 0M (0%)            0M (0%)            0M (0%)     
[2026-04-03T02:01:56.397+0600][15.464s][info][gc,heap     ] GC(9) Y: Reclaimed:         -                  -                 0M (0%)           34M (2%)     
[2026-04-03T02:01:56.397+0600][15.464s][info][gc,heap     ] GC(9) Y:  Promoted:         -                  -                 0M (0%)            1M (0%)     
[2026-04-03T02:01:56.397+0600][15.464s][info][gc,heap     ] GC(9) Y: Compacted:         -                  -                  -                 0M (0%)     
[2026-04-03T02:01:56.397+0600][15.464s][info][gc,phases   ] GC(9) Y: Young Generation (Promote All) 96M(5%)->66M(4%) 0.017s
[2026-04-03T02:01:56.397+0600][15.464s][info][gc,phases   ] GC(9) Y: Young Generation (Collect Roots)
[2026-04-03T02:01:56.397+0600][15.464s][info][gc,phases   ] GC(9) Y: Pause Mark Start (Major) 0.093ms
[2026-04-03T02:01:56.403+0600][15.471s][info][gc,phases   ] GC(9) Y: Concurrent Mark 6.306ms
[2026-04-03T02:01:56.404+0600][15.471s][info][gc,phases   ] GC(9) Y: Pause Mark End 0.076ms
[2026-04-03T02:01:56.404+0600][15.471s][info][gc,phases   ] GC(9) Y: Concurrent Mark Free 0.267ms
[2026-04-03T02:01:56.404+0600][15.471s][info][gc,phases   ] GC(9) Y: Concurrent Reset Relocation Set 0.003ms
[2026-04-03T02:01:56.405+0600][15.473s][info][gc,reloc    ] GC(9) Y: Using tenuring threshold: 0 (Computed)
[2026-04-03T02:01:56.406+0600][15.474s][info][gc,phases   ] GC(9) Y: Concurrent Select Relocation Set 2.222ms
[2026-04-03T02:01:56.406+0600][15.474s][info][gc,phases   ] GC(9) Y: Pause Relocate Start 0.012ms
[2026-04-03T02:01:56.407+0600][15.474s][info][gc,phases   ] GC(9) Y: Concurrent Relocate 0.070ms
[2026-04-03T02:01:56.407+0600][15.474s][info][gc,alloc    ] GC(9) Y:                         Mark Start        Mark End      Relocate Start    Relocate End   
[2026-04-03T02:01:56.407+0600][15.474s][info][gc,alloc    ] GC(9) Y: Allocation Stalls:          0                0                0                0         
[2026-04-03T02:01:56.407+0600][15.474s][info][gc,load     ] GC(9) Y: Load: 3.40 (28%) / 3.93 (33%) / 5.68 (47%)
[2026-04-03T02:01:56.407+0600][15.474s][info][gc,mmu      ] GC(9) Y: MMU: 2ms/95.4%, 5ms/97.9%, 10ms/98.2%, 20ms/98.9%, 50ms/99.5%, 100ms/99.7%
[2026-04-03T02:01:56.407+0600][15.474s][info][gc,marking  ] GC(9) Y: Mark: 2 stripe(s), 1 proactive flush(es), 1 terminate flush(es), 0 completion(s), 0 continuation(s) 
[2026-04-03T02:01:56.407+0600][15.474s][info][gc,marking  ] GC(9) Y: Mark Stack Usage: 0M
[2026-04-03T02:01:56.407+0600][15.474s][info][gc,nmethod  ] GC(9) Y: NMethods: 3398 registered, 324 unregistered
[2026-04-03T02:01:56.407+0600][15.474s][info][gc,metaspace] GC(9) Y: Metaspace: 53M used, 54M committed, 1088M reserved
[2026-04-03T02:01:56.407+0600][15.474s][info][gc,heap     ] GC(9) Y: Min Capacity: 8M(0%)
[2026-04-03T02:01:56.407+0600][15.474s][info][gc,heap     ] GC(9) Y: Max Capacity: 1750M(100%)
[2026-04-03T02:01:56.407+0600][15.474s][info][gc,heap     ] GC(9) Y: Soft Max Capacity: 1750M(100%)
[2026-04-03T02:01:56.407+0600][15.474s][info][gc,heap     ] GC(9) Y: Heap Statistics:
[2026-04-03T02:01:56.407+0600][15.474s][info][gc,heap     ] GC(9) Y:                Mark Start          Mark End        Relocate Start      Relocate End           High               Low         
[2026-04-03T02:01:56.407+0600][15.474s][info][gc,heap     ] GC(9) Y:  Capacity:     1420M (81%)        1420M (81%)        1420M (81%)        1420M (81%)        1420M (81%)        1420M (81%)    
[2026-04-03T02:01:56.407+0600][15.474s][info][gc,heap     ] GC(9) Y:      Free:     1684M (96%)        1684M (96%)        1682M (96%)        1682M (96%)        1684M (96%)        1682M (96%)    
[2026-04-03T02:01:56.407+0600][15.474s][info][gc,heap     ] GC(9) Y:      Used:       66M (4%)           66M (4%)           68M (4%)           68M (4%)           68M (4%)           66M (4%)     
[2026-04-03T02:01:56.407+0600][15.474s][info][gc,heap     ] GC(9) Y: Young Generation Statistics:
[2026-04-03T02:01:56.407+0600][15.474s][info][gc,heap     ] GC(9) Y:                Mark Start          Mark End        Relocate Start      Relocate End    
[2026-04-03T02:01:56.407+0600][15.474s][info][gc,heap     ] GC(9) Y:      Used:        0M (0%)            0M (0%)            2M (0%)            2M (0%)     
[2026-04-03T02:01:56.407+0600][15.474s][info][gc,heap     ] GC(9) Y:      Live:         -                 0M (0%)            0M (0%)            0M (0%)     
[2026-04-03T02:01:56.407+0600][15.474s][info][gc,heap     ] GC(9) Y:   Garbage:         -                 0M (0%)            0M (0%)            0M (0%)     
[2026-04-03T02:01:56.407+0600][15.474s][info][gc,heap     ] GC(9) Y: Allocated:         -                 0M (0%)            2M (0%)            2M (0%)     
[2026-04-03T02:01:56.407+0600][15.474s][info][gc,heap     ] GC(9) Y: Reclaimed:         -                  -                 0M (0%)            0M (0%)     
[2026-04-03T02:01:56.407+0600][15.474s][info][gc,heap     ] GC(9) Y:  Promoted:         -                  -                 0M (0%)            0M (0%)     
[2026-04-03T02:01:56.407+0600][15.474s][info][gc,heap     ] GC(9) Y: Compacted:         -                  -                  -                 0M (0%)     
[2026-04-03T02:01:56.407+0600][15.474s][info][gc,phases   ] GC(9) Y: Young Generation (Collect Roots) 66M(4%)->68M(4%) 0.010s
[2026-04-03T02:01:56.407+0600][15.474s][info][gc,phases   ] GC(9) O: Old Generation
[2026-04-03T02:01:56.433+0600][15.500s][info][gc,phases   ] GC(9) O: Concurrent Mark 25.998ms
[2026-04-03T02:01:56.433+0600][15.501s][info][gc,phases   ] GC(9) O: Pause Mark End 0.028ms
[2026-04-03T02:01:56.433+0600][15.501s][info][gc,phases   ] GC(9) O: Concurrent Mark Free 0.001ms
[2026-04-03T02:01:56.439+0600][15.506s][info][gc,phases   ] GC(9) O: Concurrent Process Non-Strong 5.374ms
[2026-04-03T02:01:56.439+0600][15.506s][info][gc,phases   ] GC(9) O: Concurrent Reset Relocation Set 0.003ms
[2026-04-03T02:01:56.441+0600][15.508s][info][gc,phases   ] GC(9) O: Concurrent Select Relocation Set 1.814ms
[2026-04-03T02:01:56.441+0600][15.508s][info][gc,task     ] GC(9) O: Using 3 Workers for Old Generation
[2026-04-03T02:01:56.454+0600][15.522s][info][gc,task     ] GC(9) O: Using 3 Workers for Old Generation
[2026-04-03T02:01:56.454+0600][15.522s][info][gc,phases   ] GC(9) O: Concurrent Remap Roots 13.479ms
[2026-04-03T02:01:56.454+0600][15.522s][info][gc,phases   ] GC(9) O: Pause Relocate Start 0.019ms
[2026-04-03T02:01:56.457+0600][15.524s][info][gc,phases   ] GC(9) O: Concurrent Relocate 2.435ms
[2026-04-03T02:01:56.457+0600][15.524s][info][gc,alloc    ] GC(9) O:                         Mark Start        Mark End      Relocate Start    Relocate End   
[2026-04-03T02:01:56.457+0600][15.524s][info][gc,alloc    ] GC(9) O: Allocation Stalls:          0                0                0                0         
[2026-04-03T02:01:56.457+0600][15.524s][info][gc,load     ] GC(9) O: Load: 3.40 (28%) / 3.93 (33%) / 5.68 (47%)
[2026-04-03T02:01:56.457+0600][15.524s][info][gc,mmu      ] GC(9) O: MMU: 2ms/95.4%, 5ms/97.9%, 10ms/98.2%, 20ms/98.9%, 50ms/99.5%, 100ms/99.7%
[2026-04-03T02:01:56.457+0600][15.524s][info][gc,marking  ] GC(9) O: Mark: 2 stripe(s), 2 proactive flush(es), 1 terminate flush(es), 0 completion(s), 0 continuation(s) 
[2026-04-03T02:01:56.457+0600][15.524s][info][gc,marking  ] GC(9) O: Mark Stack Usage: 32M
[2026-04-03T02:01:56.457+0600][15.524s][info][gc,nmethod  ] GC(9) O: NMethods: 3393 registered, 329 unregistered
[2026-04-03T02:01:56.457+0600][15.524s][info][gc,metaspace] GC(9) O: Metaspace: 53M used, 54M committed, 1088M reserved
[2026-04-03T02:01:56.457+0600][15.524s][info][gc,ref      ] GC(9) O:                       Encountered   Discovered     Enqueued 
[2026-04-03T02:01:56.457+0600][15.524s][info][gc,ref      ] GC(9) O: Soft References:             4140            0            0 
[2026-04-03T02:01:56.457+0600][15.525s][info][gc,ref      ] GC(9) O: Weak References:             3687         1951          352 
[2026-04-03T02:01:56.457+0600][15.525s][info][gc,ref      ] GC(9) O: Final References:              82           48            0 
[2026-04-03T02:01:56.457+0600][15.525s][info][gc,ref      ] GC(9) O: Phantom References:           588          445            1 
[2026-04-03T02:01:56.457+0600][15.525s][info][gc,reloc    ] GC(9) O:                        Candidates     Selected     In-Place         Size        Empty    Relocated 
[2026-04-03T02:01:56.457+0600][15.525s][info][gc,reloc    ] GC(9) O: Small Pages:                   17            3            0          34M           0M           1M 
[2026-04-03T02:01:56.457+0600][15.525s][info][gc,reloc    ] GC(9) O: Medium Pages:                   1            0            0          32M           0M           0M 
[2026-04-03T02:01:56.457+0600][15.525s][info][gc,reloc    ] GC(9) O: Large Pages:                    0            0            0           0M           0M           0M 
[2026-04-03T02:01:56.457+0600][15.525s][info][gc,reloc    ] GC(9) O: Forwarding Usage: 0M
[2026-04-03T02:01:56.457+0600][15.525s][info][gc,heap     ] GC(9) O: Min Capacity: 8M(0%)
[2026-04-03T02:01:56.457+0600][15.525s][info][gc,heap     ] GC(9) O: Max Capacity: 1750M(100%)
[2026-04-03T02:01:56.457+0600][15.525s][info][gc,heap     ] GC(9) O: Soft Max Capacity: 1750M(100%)
[2026-04-03T02:01:56.457+0600][15.525s][info][gc,heap     ] GC(9) O: Heap Statistics:
[2026-04-03T02:01:56.457+0600][15.525s][info][gc,heap     ] GC(9) O:                Mark Start          Mark End        Relocate Start      Relocate End           High               Low         
[2026-04-03T02:01:56.457+0600][15.525s][info][gc,heap     ] GC(9) O:  Capacity:     1420M (81%)        1420M (81%)        1420M (81%)        1420M (81%)        1420M (81%)        1420M (81%)    
[2026-04-03T02:01:56.457+0600][15.525s][info][gc,heap     ] GC(9) O:      Free:     1684M (96%)        1682M (96%)        1680M (96%)        1684M (96%)        1684M (96%)        1674M (96%)    
[2026-04-03T02:01:56.457+0600][15.525s][info][gc,heap     ] GC(9) O:      Used:       66M (4%)           68M (4%)           70M (4%)           66M (4%)           76M (4%)           66M (4%)     
[2026-04-03T02:01:56.457+0600][15.525s][info][gc,heap     ] GC(9) O: Old Generation Statistics:
[2026-04-03T02:01:56.457+0600][15.525s][info][gc,heap     ] GC(9) O:                Mark Start          Mark End        Relocate Start      Relocate End    
[2026-04-03T02:01:56.457+0600][15.525s][info][gc,heap     ] GC(9) O:      Used:       66M (4%)           66M (4%)           66M (4%)           62M (4%)     
[2026-04-03T02:01:56.457+0600][15.525s][info][gc,heap     ] GC(9) O:      Live:         -                30M (2%)           30M (2%)           30M (2%)     
[2026-04-03T02:01:56.457+0600][15.525s][info][gc,heap     ] GC(9) O:   Garbage:         -                35M (2%)           35M (2%)           27M (2%)     
[2026-04-03T02:01:56.457+0600][15.525s][info][gc,heap     ] GC(9) O: Allocated:         -                 0M (0%)            0M (0%)            3M (0%)     
[2026-04-03T02:01:56.457+0600][15.525s][info][gc,heap     ] GC(9) O: Reclaimed:         -                  -                 0M (0%)            7M (0%)     
[2026-04-03T02:01:56.457+0600][15.525s][info][gc,heap     ] GC(9) O: Compacted:         -                  -                  -                 2M (0%)     
[2026-04-03T02:01:56.457+0600][15.525s][info][gc,phases   ] GC(9) O: Old Generation 68M(4%)->66M(4%) 0.050s
[2026-04-03T02:01:56.457+0600][15.525s][info][gc          ] GC(9) Major Collection (System.gc()) 96M(5%)->66M(4%) 0.078s
[2026-04-03T02:01:57.044+0600][16.111s][info][gc          ] GC(10) Minor Collection (Allocation Rate)
[2026-04-03T02:01:57.044+0600][16.111s][info][gc,task     ] GC(10) Using 2 Workers for Young Generation
[2026-04-03T02:01:57.044+0600][16.111s][info][gc,phases   ] GC(10) y: Young Generation
[2026-04-03T02:01:57.044+0600][16.112s][info][gc,phases   ] GC(10) y: Pause Mark Start 0.086ms
[2026-04-03T02:01:57.057+0600][16.124s][info][gc,phases   ] GC(10) y: Concurrent Mark 12.346ms
[2026-04-03T02:01:57.057+0600][16.124s][info][gc,phases   ] GC(10) y: Pause Mark End 0.029ms
[2026-04-03T02:01:57.057+0600][16.125s][info][gc,phases   ] GC(10) y: Concurrent Mark Free 0.003ms
[2026-04-03T02:01:57.057+0600][16.125s][info][gc,phases   ] GC(10) y: Concurrent Reset Relocation Set 0.001ms
[2026-04-03T02:01:57.059+0600][16.127s][info][gc,reloc    ] GC(10) y: Using tenuring threshold: 1 (Computed)
[2026-04-03T02:01:57.060+0600][16.127s][info][gc,phases   ] GC(10) y: Concurrent Select Relocation Set 2.592ms
[2026-04-03T02:01:57.060+0600][16.127s][info][gc,phases   ] GC(10) y: Pause Relocate Start 0.019ms
[2026-04-03T02:01:57.062+0600][16.130s][info][gc,phases   ] GC(10) y: Concurrent Relocate 2.173ms
[2026-04-03T02:01:57.062+0600][16.130s][info][gc,alloc    ] GC(10) y:                         Mark Start        Mark End      Relocate Start    Relocate End   
[2026-04-03T02:01:57.062+0600][16.130s][info][gc,alloc    ] GC(10) y: Allocation Stalls:          0                0                0                0         
[2026-04-03T02:01:57.062+0600][16.130s][info][gc,load     ] GC(10) y: Load: 3.40 (28%) / 3.93 (33%) / 5.68 (47%)
[2026-04-03T02:01:57.062+0600][16.130s][info][gc,mmu      ] GC(10) y: MMU: 2ms/95.4%, 5ms/97.9%, 10ms/98.2%, 20ms/98.9%, 50ms/99.5%, 100ms/99.7%
[2026-04-03T02:01:57.062+0600][16.130s][info][gc,marking  ] GC(10) y: Mark: 2 stripe(s), 2 proactive flush(es), 1 terminate flush(es), 0 completion(s), 0 continuation(s) 
[2026-04-03T02:01:57.062+0600][16.130s][info][gc,marking  ] GC(10) y: Mark Stack Usage: 32M
[2026-04-03T02:01:57.062+0600][16.130s][info][gc,nmethod  ] GC(10) y: NMethods: 3653 registered, 329 unregistered
[2026-04-03T02:01:57.062+0600][16.130s][info][gc,metaspace] GC(10) y: Metaspace: 57M used, 58M committed, 1088M reserved
[2026-04-03T02:01:57.062+0600][16.130s][info][gc,reloc    ] GC(10) y:                        Candidates     Selected     In-Place         Size        Empty    Relocated 
[2026-04-03T02:01:57.062+0600][16.130s][info][gc,reloc    ] GC(10) y: Small Pages:                   26           24            0          52M           0M           1M 
[2026-04-03T02:01:57.062+0600][16.130s][info][gc,reloc    ] GC(10) y: Medium Pages:                   1            0            0          32M          32M           0M 
[2026-04-03T02:01:57.062+0600][16.130s][info][gc,reloc    ] GC(10) y: Large Pages:                    1            0            0           6M           6M           0M 
[2026-04-03T02:01:57.062+0600][16.130s][info][gc,reloc    ] GC(10) y: Forwarding Usage: 0M
[2026-04-03T02:01:57.062+0600][16.130s][info][gc,reloc    ] GC(10) y: Age Table:
[2026-04-03T02:01:57.062+0600][16.130s][info][gc,reloc    ] GC(10) y:                    Live             Garbage             Small              Medium             Large        
[2026-04-03T02:01:57.062+0600][16.130s][info][gc,reloc    ] GC(10) y: Eden               2M (0%)           87M (5%)          26 / 24             1 / 0              1 / 0        
[2026-04-03T02:01:57.062+0600][16.130s][info][gc,heap     ] GC(10) y: Min Capacity: 8M(0%)
[2026-04-03T02:01:57.062+0600][16.130s][info][gc,heap     ] GC(10) y: Max Capacity: 1750M(100%)
[2026-04-03T02:01:57.062+0600][16.130s][info][gc,heap     ] GC(10) y: Soft Max Capacity: 1750M(100%)
[2026-04-03T02:01:57.062+0600][16.130s][info][gc,heap     ] GC(10) y: Heap Statistics:
[2026-04-03T02:01:57.063+0600][16.130s][info][gc,heap     ] GC(10) y:                Mark Start          Mark End        Relocate Start      Relocate End           High               Low         
[2026-04-03T02:01:57.063+0600][16.130s][info][gc,heap     ] GC(10) y:  Capacity:     1420M (81%)        1420M (81%)        1420M (81%)        1420M (81%)        1420M (81%)        1420M (81%)    
[2026-04-03T02:01:57.063+0600][16.130s][info][gc,heap     ] GC(10) y:      Free:     1598M (91%)        1596M (91%)        1634M (93%)        1678M (96%)        1678M (96%)        1596M (91%)    
[2026-04-03T02:01:57.063+0600][16.130s][info][gc,heap     ] GC(10) y:      Used:      152M (9%)          154M (9%)          116M (7%)           72M (4%)          154M (9%)           72M (4%)     
[2026-04-03T02:01:57.063+0600][16.130s][info][gc,heap     ] GC(10) y: Young Generation Statistics:
[2026-04-03T02:01:57.063+0600][16.130s][info][gc,heap     ] GC(10) y:                Mark Start          Mark End        Relocate Start      Relocate End    
[2026-04-03T02:01:57.063+0600][16.130s][info][gc,heap     ] GC(10) y:      Used:       90M (5%)           92M (5%)           54M (3%)           10M (1%)     
[2026-04-03T02:01:57.063+0600][16.130s][info][gc,heap     ] GC(10) y:      Live:         -                 2M (0%)            2M (0%)            2M (0%)     
[2026-04-03T02:01:57.063+0600][16.130s][info][gc,heap     ] GC(10) y:   Garbage:         -                87M (5%)           49M (3%)            1M (0%)     
[2026-04-03T02:01:57.063+0600][16.130s][info][gc,heap     ] GC(10) y: Allocated:         -                 2M (0%)            2M (0%)            6M (0%)     
[2026-04-03T02:01:57.063+0600][16.130s][info][gc,heap     ] GC(10) y: Reclaimed:         -                  -                38M (2%)           86M (5%)     
[2026-04-03T02:01:57.063+0600][16.130s][info][gc,heap     ] GC(10) y:  Promoted:         -                  -                 0M (0%)            0M (0%)     
[2026-04-03T02:01:57.063+0600][16.130s][info][gc,heap     ] GC(10) y: Compacted:         -                  -                  -                 1M (0%)     
[2026-04-03T02:01:57.063+0600][16.130s][info][gc,phases   ] GC(10) y: Young Generation 152M(9%)->72M(4%) 0.019s
[2026-04-03T02:01:57.063+0600][16.130s][info][gc          ] GC(10) Minor Collection (Allocation Rate) 152M(9%)->72M(4%) 0.019s
[2026-04-03T02:01:58.723+0600][17.790s][info][gc          ] GC(11) Major Collection (Allocation Rate)
[2026-04-03T02:01:58.723+0600][17.790s][info][gc,task     ] GC(11) Using 1 Workers for Young Generation
[2026-04-03T02:01:58.723+0600][17.790s][info][gc,task     ] GC(11) Using 1 Workers for Old Generation
[2026-04-03T02:01:58.723+0600][17.790s][info][gc,phases   ] GC(11) Y: Young Generation
[2026-04-03T02:01:58.723+0600][17.790s][info][gc,phases   ] GC(11) Y: Pause Mark Start (Major) 0.022ms
[2026-04-03T02:01:58.764+0600][17.831s][info][gc,phases   ] GC(11) Y: Concurrent Mark 40.468ms
[2026-04-03T02:01:58.764+0600][17.831s][info][gc,phases   ] GC(11) Y: Pause Mark End 0.025ms
[2026-04-03T02:01:58.764+0600][17.832s][info][gc,phases   ] GC(11) Y: Concurrent Mark Free 0.001ms
[2026-04-03T02:01:58.764+0600][17.832s][info][gc,phases   ] GC(11) Y: Concurrent Reset Relocation Set 0.005ms
[2026-04-03T02:01:58.769+0600][17.837s][info][gc,reloc    ] GC(11) Y: Using tenuring threshold: 2 (Computed)
[2026-04-03T02:01:58.773+0600][17.841s][info][gc,phases   ] GC(11) Y: Concurrent Select Relocation Set 9.256ms
[2026-04-03T02:01:58.774+0600][17.841s][info][gc,phases   ] GC(11) Y: Pause Relocate Start 0.020ms
[2026-04-03T02:01:58.794+0600][17.862s][info][gc,phases   ] GC(11) Y: Concurrent Relocate 20.243ms
[2026-04-03T02:01:58.794+0600][17.862s][info][gc,alloc    ] GC(11) Y:                         Mark Start        Mark End      Relocate Start    Relocate End   
[2026-04-03T02:01:58.794+0600][17.862s][info][gc,alloc    ] GC(11) Y: Allocation Stalls:          0                0                0                0         
[2026-04-03T02:01:58.794+0600][17.862s][info][gc,load     ] GC(11) Y: Load: 3.40 (28%) / 3.93 (33%) / 5.68 (47%)
[2026-04-03T02:01:58.794+0600][17.862s][info][gc,mmu      ] GC(11) Y: MMU: 2ms/95.4%, 5ms/97.9%, 10ms/98.2%, 20ms/98.9%, 50ms/99.5%, 100ms/99.7%
[2026-04-03T02:01:58.794+0600][17.862s][info][gc,marking  ] GC(11) Y: Mark: 1 stripe(s), 2 proactive flush(es), 1 terminate flush(es), 0 completion(s), 0 continuation(s) 
[2026-04-03T02:01:58.794+0600][17.862s][info][gc,marking  ] GC(11) Y: Mark Stack Usage: 32M
[2026-04-03T02:01:58.794+0600][17.862s][info][gc,nmethod  ] GC(11) Y: NMethods: 4337 registered, 329 unregistered
[2026-04-03T02:01:58.794+0600][17.862s][info][gc,metaspace] GC(11) Y: Metaspace: 59M used, 60M committed, 1088M reserved
[2026-04-03T02:01:58.794+0600][17.862s][info][gc,reloc    ] GC(11) Y:                        Candidates     Selected     In-Place         Size        Empty    Relocated 
[2026-04-03T02:01:58.794+0600][17.862s][info][gc,reloc    ] GC(11) Y: Small Pages:                   68           63            0         136M           0M           7M 
[2026-04-03T02:01:58.794+0600][17.862s][info][gc,reloc    ] GC(11) Y: Medium Pages:                   1            0            0          32M           0M           0M 
[2026-04-03T02:01:58.794+0600][17.862s][info][gc,reloc    ] GC(11) Y: Large Pages:                    0            0            0           0M           0M           0M 
[2026-04-03T02:01:58.794+0600][17.862s][info][gc,reloc    ] GC(11) Y: Forwarding Usage: 4M
[2026-04-03T02:01:58.794+0600][17.862s][info][gc,reloc    ] GC(11) Y: Age Table:
[2026-04-03T02:01:58.794+0600][17.862s][info][gc,reloc    ] GC(11) Y:                    Live             Garbage             Small              Medium             Large        
[2026-04-03T02:01:58.794+0600][17.862s][info][gc,reloc    ] GC(11) Y: Eden               7M (0%)          152M (9%)          64 / 60             1 / 0              0 / 0        
[2026-04-03T02:01:58.794+0600][17.862s][info][gc,reloc    ] GC(11) Y: Survivor 1         2M (0%)            5M (0%)           4 / 3              0 / 0              0 / 0        
[2026-04-03T02:01:58.794+0600][17.862s][info][gc,heap     ] GC(11) Y: Min Capacity: 8M(0%)
[2026-04-03T02:01:58.794+0600][17.862s][info][gc,heap     ] GC(11) Y: Max Capacity: 1750M(100%)
[2026-04-03T02:01:58.794+0600][17.862s][info][gc,heap     ] GC(11) Y: Soft Max Capacity: 1750M(100%)
[2026-04-03T02:01:58.794+0600][17.862s][info][gc,heap     ] GC(11) Y: Heap Statistics:
[2026-04-03T02:01:58.794+0600][17.862s][info][gc,heap     ] GC(11) Y:                Mark Start          Mark End        Relocate Start      Relocate End           High               Low         
[2026-04-03T02:01:58.794+0600][17.862s][info][gc,heap     ] GC(11) Y:  Capacity:     1420M (81%)        1420M (81%)        1420M (81%)        1420M (81%)        1420M (81%)        1420M (81%)    
[2026-04-03T02:01:58.794+0600][17.862s][info][gc,heap     ] GC(11) Y:      Free:     1520M (87%)        1462M (84%)        1458M (83%)        1554M (89%)        1556M (89%)        1454M (83%)    
[2026-04-03T02:01:58.794+0600][17.862s][info][gc,heap     ] GC(11) Y:      Used:      230M (13%)         288M (16%)         292M (17%)         196M (11%)         296M (17%)         194M (11%)    
[2026-04-03T02:01:58.794+0600][17.862s][info][gc,heap     ] GC(11) Y: Young Generation Statistics:
[2026-04-03T02:01:58.794+0600][17.862s][info][gc,heap     ] GC(11) Y:                Mark Start          Mark End        Relocate Start      Relocate End    
[2026-04-03T02:01:58.794+0600][17.862s][info][gc,heap     ] GC(11) Y:      Used:      168M (10%)         226M (13%)         230M (13%)         134M (8%)     
[2026-04-03T02:01:58.794+0600][17.862s][info][gc,heap     ] GC(11) Y:      Live:         -                 9M (1%)            9M (1%)            9M (1%)     
[2026-04-03T02:01:58.794+0600][17.862s][info][gc,heap     ] GC(11) Y:   Garbage:         -               158M (9%)          158M (9%)           31M (2%)     
[2026-04-03T02:01:58.794+0600][17.862s][info][gc,heap     ] GC(11) Y: Allocated:         -                58M (3%)           62M (4%)           93M (5%)     
[2026-04-03T02:01:58.794+0600][17.862s][info][gc,heap     ] GC(11) Y: Reclaimed:         -                  -                 0M (0%)          127M (7%)     
[2026-04-03T02:01:58.794+0600][17.862s][info][gc,heap     ] GC(11) Y:  Promoted:         -                  -                 0M (0%)            0M (0%)     
[2026-04-03T02:01:58.794+0600][17.862s][info][gc,heap     ] GC(11) Y: Compacted:         -                  -                  -                 8M (0%)     
[2026-04-03T02:01:58.794+0600][17.862s][info][gc,phases   ] GC(11) Y: Young Generation 230M(13%)->196M(11%) 0.072s
[2026-04-03T02:01:58.795+0600][17.862s][info][gc,phases   ] GC(11) O: Old Generation
[2026-04-03T02:01:58.864+0600][17.932s][info][gc,phases   ] GC(11) O: Concurrent Mark 69.673ms
[2026-04-03T02:01:58.864+0600][17.932s][info][gc,phases   ] GC(11) O: Pause Mark End 0.027ms
[2026-04-03T02:01:58.865+0600][17.932s][info][gc,phases   ] GC(11) O: Concurrent Mark Free 0.001ms
[2026-04-03T02:01:58.879+0600][17.946s][info][gc,phases   ] GC(11) O: Concurrent Process Non-Strong 14.441ms
[2026-04-03T02:01:58.879+0600][17.947s][info][gc,phases   ] GC(11) O: Concurrent Reset Relocation Set 0.003ms
[2026-04-03T02:01:58.881+0600][17.948s][info][gc,phases   ] GC(11) O: Concurrent Select Relocation Set 1.787ms
[2026-04-03T02:01:58.881+0600][17.948s][info][gc,task     ] GC(11) O: Using 2 Workers for Old Generation
[2026-04-03T02:01:58.908+0600][17.975s][info][gc,task     ] GC(11) O: Using 1 Workers for Old Generation
[2026-04-03T02:01:58.908+0600][17.975s][info][gc,phases   ] GC(11) O: Concurrent Remap Roots 26.794ms
[2026-04-03T02:01:58.908+0600][17.975s][info][gc,phases   ] GC(11) O: Pause Relocate Start 0.020ms
[2026-04-03T02:01:58.911+0600][17.978s][info][gc,phases   ] GC(11) O: Concurrent Relocate 2.806ms
[2026-04-03T02:01:58.911+0600][17.978s][info][gc,alloc    ] GC(11) O:                         Mark Start        Mark End      Relocate Start    Relocate End   
[2026-04-03T02:01:58.911+0600][17.978s][info][gc,alloc    ] GC(11) O: Allocation Stalls:          0                0                0                0         
[2026-04-03T02:01:58.911+0600][17.978s][info][gc,load     ] GC(11) O: Load: 3.40 (28%) / 3.93 (33%) / 5.68 (47%)
[2026-04-03T02:01:58.911+0600][17.978s][info][gc,mmu      ] GC(11) O: MMU: 2ms/95.4%, 5ms/97.9%, 10ms/98.2%, 20ms/98.9%, 50ms/99.5%, 100ms/99.7%
[2026-04-03T02:01:58.911+0600][17.978s][info][gc,marking  ] GC(11) O: Mark: 1 stripe(s), 2 proactive flush(es), 1 terminate flush(es), 0 completion(s), 0 continuation(s) 
[2026-04-03T02:01:58.911+0600][17.978s][info][gc,marking  ] GC(11) O: Mark Stack Usage: 32M
[2026-04-03T02:01:58.911+0600][17.978s][info][gc,nmethod  ] GC(11) O: NMethods: 4161 registered, 544 unregistered
[2026-04-03T02:01:58.911+0600][17.979s][info][gc,metaspace] GC(11) O: Metaspace: 59M used, 60M committed, 1088M reserved
[2026-04-03T02:01:58.911+0600][17.979s][info][gc,ref      ] GC(11) O:                       Encountered   Discovered     Enqueued 
[2026-04-03T02:01:58.911+0600][17.979s][info][gc,ref      ] GC(11) O: Soft References:             4544            0            0 
[2026-04-03T02:01:58.911+0600][17.979s][info][gc,ref      ] GC(11) O: Weak References:             5192          498            0 
[2026-04-03T02:01:58.911+0600][17.979s][info][gc,ref      ] GC(11) O: Final References:              82           48            0 
[2026-04-03T02:01:58.911+0600][17.979s][info][gc,ref      ] GC(11) O: Phantom References:           594          566            0 
[2026-04-03T02:01:58.911+0600][17.979s][info][gc,reloc    ] GC(11) O:                        Candidates     Selected     In-Place         Size        Empty    Relocated 
[2026-04-03T02:01:58.911+0600][17.979s][info][gc,reloc    ] GC(11) O: Small Pages:                   15            1            0          30M           0M           0M 
[2026-04-03T02:01:58.911+0600][17.979s][info][gc,reloc    ] GC(11) O: Medium Pages:                   1            0            0          32M           0M           0M 
[2026-04-03T02:01:58.911+0600][17.979s][info][gc,reloc    ] GC(11) O: Large Pages:                    0            0            0           0M           0M           0M 
[2026-04-03T02:01:58.911+0600][17.979s][info][gc,reloc    ] GC(11) O: Forwarding Usage: 0M
[2026-04-03T02:01:58.911+0600][17.979s][info][gc,heap     ] GC(11) O: Min Capacity: 8M(0%)
[2026-04-03T02:01:58.911+0600][17.979s][info][gc,heap     ] GC(11) O: Max Capacity: 1750M(100%)
[2026-04-03T02:01:58.911+0600][17.979s][info][gc,heap     ] GC(11) O: Soft Max Capacity: 1750M(100%)
[2026-04-03T02:01:58.911+0600][17.979s][info][gc,heap     ] GC(11) O: Heap Statistics:
[2026-04-03T02:01:58.911+0600][17.979s][info][gc,heap     ] GC(11) O:                Mark Start          Mark End        Relocate Start      Relocate End           High               Low         
[2026-04-03T02:01:58.911+0600][17.979s][info][gc,heap     ] GC(11) O:  Capacity:     1420M (81%)        1420M (81%)        1420M (81%)        1420M (81%)        1420M (81%)        1420M (81%)    
[2026-04-03T02:01:58.911+0600][17.979s][info][gc,heap     ] GC(11) O:      Free:     1520M (87%)        1482M (85%)        1428M (82%)        1424M (81%)        1556M (89%)        1420M (81%)    
[2026-04-03T02:01:58.911+0600][17.979s][info][gc,heap     ] GC(11) O:      Used:      230M (13%)         268M (15%)         322M (18%)         326M (19%)         330M (19%)         194M (11%)    
[2026-04-03T02:01:58.911+0600][17.979s][info][gc,heap     ] GC(11) O: Old Generation Statistics:
[2026-04-03T02:01:58.911+0600][17.979s][info][gc,heap     ] GC(11) O:                Mark Start          Mark End        Relocate Start      Relocate End    
[2026-04-03T02:01:58.911+0600][17.979s][info][gc,heap     ] GC(11) O:      Used:       62M (4%)           62M (4%)           62M (4%)           64M (4%)     
[2026-04-03T02:01:58.911+0600][17.979s][info][gc,heap     ] GC(11) O:      Live:         -                30M (2%)           30M (2%)           30M (2%)     
[2026-04-03T02:01:58.911+0600][17.979s][info][gc,heap     ] GC(11) O:   Garbage:         -                31M (2%)           31M (2%)           28M (2%)     
[2026-04-03T02:01:58.911+0600][17.979s][info][gc,heap     ] GC(11) O: Allocated:         -                 0M (0%)            0M (0%)            4M (0%)     
[2026-04-03T02:01:58.911+0600][17.979s][info][gc,heap     ] GC(11) O: Reclaimed:         -                  -                 0M (0%)            2M (0%)     
[2026-04-03T02:01:58.911+0600][17.979s][info][gc,heap     ] GC(11) O: Compacted:         -                  -                  -                 1M (0%)     
[2026-04-03T02:01:58.911+0600][17.979s][info][gc,phases   ] GC(11) O: Old Generation 196M(11%)->326M(19%) 0.116s
[2026-04-03T02:01:58.911+0600][17.979s][info][gc          ] GC(11) Major Collection (Allocation Rate) 230M(13%)->328M(19%) 0.189s
[2026-04-03T02:01:59.902+0600][18.969s][info][gc          ] GC(12) Minor Collection (Allocation Rate)
[2026-04-03T02:01:59.902+0600][18.969s][info][gc,task     ] GC(12) Using 1 Workers for Young Generation
[2026-04-03T02:01:59.902+0600][18.969s][info][gc,phases   ] GC(12) y: Young Generation
[2026-04-03T02:01:59.902+0600][18.970s][info][gc,phases   ] GC(12) y: Pause Mark Start 0.022ms
[2026-04-03T02:02:00.147+0600][19.215s][info][gc,task     ] Adjusting Workers for Young Generation: 1 -> 3
[2026-04-03T02:02:00.188+0600][19.256s][info][gc,phases   ] GC(12) y: Concurrent Mark 284.410ms
[2026-04-03T02:02:00.189+0600][19.257s][info][gc,phases   ] GC(12) y: Pause Mark End 0.026ms
[2026-04-03T02:02:00.189+0600][19.257s][info][gc,phases   ] GC(12) y: Concurrent Mark Free 0.003ms
[2026-04-03T02:02:00.190+0600][19.257s][info][gc,phases   ] GC(12) y: Concurrent Reset Relocation Set 0.013ms
[2026-04-03T02:02:00.192+0600][19.259s][info][gc,reloc    ] GC(12) y: Using tenuring threshold: 3 (Computed)
[2026-04-03T02:02:00.220+0600][19.288s][info][gc,phases   ] GC(12) y: Concurrent Select Relocation Set 30.877ms
[2026-04-03T02:02:00.221+0600][19.288s][info][gc,phases   ] GC(12) y: Pause Relocate Start 0.042ms
[2026-04-03T02:02:00.325+0600][19.393s][info][gc,phases   ] GC(12) y: Concurrent Relocate 104.351ms
[2026-04-03T02:02:00.325+0600][19.393s][info][gc,alloc    ] GC(12) y:                         Mark Start        Mark End      Relocate Start    Relocate End   
[2026-04-03T02:02:00.325+0600][19.393s][info][gc,alloc    ] GC(12) y: Allocation Stalls:          0                0                0                0         
[2026-04-03T02:02:00.325+0600][19.393s][info][gc,load     ] GC(12) y: Load: 3.52 (29%) / 3.95 (33%) / 5.67 (47%)
[2026-04-03T02:02:00.325+0600][19.393s][info][gc,mmu      ] GC(12) y: MMU: 2ms/95.4%, 5ms/97.9%, 10ms/98.2%, 20ms/98.9%, 50ms/99.5%, 100ms/99.7%
[2026-04-03T02:02:00.325+0600][19.393s][info][gc,marking  ] GC(12) y: Mark: 1 stripe(s), 2 proactive flush(es), 1 terminate flush(es), 0 completion(s), 0 continuation(s) 
[2026-04-03T02:02:00.325+0600][19.393s][info][gc,marking  ] GC(12) y: Mark Stack Usage: 32M
[2026-04-03T02:02:00.325+0600][19.393s][info][gc,nmethod  ] GC(12) y: NMethods: 4767 registered, 544 unregistered
[2026-04-03T02:02:00.325+0600][19.393s][info][gc,metaspace] GC(12) y: Metaspace: 62M used, 63M committed, 1088M reserved
[2026-04-03T02:02:00.325+0600][19.393s][info][gc,reloc    ] GC(12) y:                        Candidates     Selected     In-Place         Size        Empty    Relocated 
[2026-04-03T02:02:00.325+0600][19.393s][info][gc,reloc    ] GC(12) y: Small Pages:                  618          541            0        1236M          42M          81M 
[2026-04-03T02:02:00.325+0600][19.393s][info][gc,reloc    ] GC(12) y: Medium Pages:                   2            0            0          64M          32M           0M 
[2026-04-03T02:02:00.325+0600][19.393s][info][gc,reloc    ] GC(12) y: Large Pages:                    4            0            0          28M          22M           0M 
[2026-04-03T02:02:00.325+0600][19.393s][info][gc,reloc    ] GC(12) y: Forwarding Usage: 66M
[2026-04-03T02:02:00.325+0600][19.393s][info][gc,reloc    ] GC(12) y: Age Table:
[2026-04-03T02:02:00.325+0600][19.393s][info][gc,reloc    ] GC(12) y:                    Live             Garbage             Small              Medium             Large        
[2026-04-03T02:02:00.325+0600][19.393s][info][gc,reloc    ] GC(12) y: Eden              96M (5%)         1173M (67%)        605 / 533            1 / 0              4 / 0        
[2026-04-03T02:02:00.325+0600][19.393s][info][gc,reloc    ] GC(12) y: Survivor 1         6M (0%)           41M (2%)           8 / 4              1 / 0              0 / 0        
[2026-04-03T02:02:00.325+0600][19.393s][info][gc,reloc    ] GC(12) y: Survivor 2         2M (0%)            7M (0%)           5 / 4              0 / 0              0 / 0        
[2026-04-03T02:02:00.325+0600][19.393s][info][gc,heap     ] GC(12) y: Min Capacity: 8M(0%)
[2026-04-03T02:02:00.325+0600][19.393s][info][gc,heap     ] GC(12) y: Max Capacity: 1750M(100%)
[2026-04-03T02:02:00.325+0600][19.393s][info][gc,heap     ] GC(12) y: Soft Max Capacity: 1750M(100%)
[2026-04-03T02:02:00.325+0600][19.393s][info][gc,heap     ] GC(12) y: Heap Statistics:
[2026-04-03T02:02:00.325+0600][19.393s][info][gc,heap     ] GC(12) y:                Mark Start          Mark End        Relocate Start      Relocate End           High               Low         
[2026-04-03T02:02:00.325+0600][19.393s][info][gc,heap     ] GC(12) y:  Capacity:     1420M (81%)        1672M (96%)        1672M (96%)        1672M (96%)        1672M (96%)        1420M (81%)    
[2026-04-03T02:02:00.326+0600][19.393s][info][gc,heap     ] GC(12) y:      Free:      358M (20%)          78M (4%)          120M (7%)         1044M (60%)        1044M (60%)          78M (4%)     
[2026-04-03T02:02:00.326+0600][19.393s][info][gc,heap     ] GC(12) y:      Used:     1392M (80%)        1672M (96%)        1630M (93%)         706M (40%)        1672M (96%)         706M (40%)    
[2026-04-03T02:02:00.326+0600][19.393s][info][gc,heap     ] GC(12) y: Young Generation Statistics:
[2026-04-03T02:02:00.326+0600][19.393s][info][gc,heap     ] GC(12) y:                Mark Start          Mark End        Relocate Start      Relocate End    
[2026-04-03T02:02:00.326+0600][19.393s][info][gc,heap     ] GC(12) y:      Used:     1328M (76%)        1608M (92%)        1566M (89%)         642M (37%)    
[2026-04-03T02:02:00.326+0600][19.393s][info][gc,heap     ] GC(12) y:      Live:         -               104M (6%)          104M (6%)          104M (6%)     
[2026-04-03T02:02:00.326+0600][19.393s][info][gc,heap     ] GC(12) y:   Garbage:         -              1223M (70%)        1127M (64%)          32M (2%)     
[2026-04-03T02:02:00.326+0600][19.393s][info][gc,heap     ] GC(12) y: Allocated:         -               280M (16%)         334M (19%)         504M (29%)    
[2026-04-03T02:02:00.326+0600][19.393s][info][gc,heap     ] GC(12) y: Reclaimed:         -                  -                96M (5%)         1190M (68%)    
[2026-04-03T02:02:00.326+0600][19.393s][info][gc,heap     ] GC(12) y:  Promoted:         -                  -                 0M (0%)            0M (0%)     
[2026-04-03T02:02:00.326+0600][19.393s][info][gc,heap     ] GC(12) y: Compacted:         -                  -                  -                89M (5%)     
[2026-04-03T02:02:00.326+0600][19.393s][info][gc,phases   ] GC(12) y: Young Generation 1392M(80%)->706M(40%) 0.423s
[2026-04-03T02:02:00.326+0600][19.393s][info][gc          ] GC(12) Minor Collection (Allocation Rate) 1392M(80%)->706M(40%) 0.424s
[2026-04-03T02:02:00.326+0600][19.393s][info][gc          ] GC(13) Minor Collection (Allocation Rate)
[2026-04-03T02:02:00.326+0600][19.393s][info][gc,task     ] GC(13) Using 3 Workers for Young Generation
[2026-04-03T02:02:00.326+0600][19.393s][info][gc,phases   ] GC(13) y: Young Generation
[2026-04-03T02:02:00.326+0600][19.394s][info][gc,phases   ] GC(13) y: Pause Mark Start 0.058ms
[2026-04-03T02:02:00.534+0600][19.601s][info][gc,phases   ] GC(13) y: Concurrent Mark 207.361ms
[2026-04-03T02:02:00.534+0600][19.601s][info][gc,phases   ] GC(13) y: Pause Mark End 0.029ms
[2026-04-03T02:02:00.534+0600][19.602s][info][gc,phases   ] GC(13) y: Concurrent Mark Free 0.002ms
[2026-04-03T02:02:00.534+0600][19.602s][info][gc,phases   ] GC(13) y: Concurrent Reset Relocation Set 0.058ms
[2026-04-03T02:02:00.536+0600][19.604s][info][gc,reloc    ] GC(13) y: Using tenuring threshold: 1 (Computed)
[2026-04-03T02:02:00.566+0600][19.633s][info][gc,phases   ] GC(13) y: Concurrent Select Relocation Set 31.887ms
[2026-04-03T02:02:00.566+0600][19.634s][info][gc,phases   ] GC(13) y: Pause Relocate Start 0.077ms
[2026-04-03T02:02:00.639+0600][19.706s][info][gc,phases   ] GC(13) y: Concurrent Relocate 72.398ms
[2026-04-03T02:02:00.639+0600][19.707s][info][gc,alloc    ] GC(13) y:                         Mark Start        Mark End      Relocate Start    Relocate End   
[2026-04-03T02:02:00.639+0600][19.707s][info][gc,alloc    ] GC(13) y: Allocation Stalls:          0                0                0                0         
[2026-04-03T02:02:00.639+0600][19.707s][info][gc,load     ] GC(13) y: Load: 3.52 (29%) / 3.95 (33%) / 5.67 (47%)
[2026-04-03T02:02:00.639+0600][19.707s][info][gc,mmu      ] GC(13) y: MMU: 2ms/95.4%, 5ms/97.9%, 10ms/98.2%, 20ms/98.9%, 50ms/99.5%, 100ms/99.7%
[2026-04-03T02:02:00.639+0600][19.707s][info][gc,marking  ] GC(13) y: Mark: 2 stripe(s), 10 proactive flush(es), 1 terminate flush(es), 0 completion(s), 0 continuation(s) 
[2026-04-03T02:02:00.639+0600][19.707s][info][gc,marking  ] GC(13) y: Mark Stack Usage: 32M
[2026-04-03T02:02:00.639+0600][19.707s][info][gc,nmethod  ] GC(13) y: NMethods: 4789 registered, 544 unregistered
[2026-04-03T02:02:00.639+0600][19.707s][info][gc,metaspace] GC(13) y: Metaspace: 62M used, 63M committed, 1088M reserved
[2026-04-03T02:02:00.639+0600][19.707s][info][gc,reloc    ] GC(13) y:                        Candidates     Selected     In-Place         Size        Empty    Relocated 
[2026-04-03T02:02:00.639+0600][19.707s][info][gc,reloc    ] GC(13) y: Small Pages:                  283          122            0         566M         202M          18M 
[2026-04-03T02:02:00.639+0600][19.707s][info][gc,reloc    ] GC(13) y: Medium Pages:                   2            0            0          64M          64M           0M 
[2026-04-03T02:02:00.639+0600][19.707s][info][gc,reloc    ] GC(13) y: Large Pages:                    2            0            0          12M           0M           0M 
[2026-04-03T02:02:00.639+0600][19.707s][info][gc,reloc    ] GC(13) y: Forwarding Usage: 14M
[2026-04-03T02:02:00.639+0600][19.707s][info][gc,reloc    ] GC(13) y: Age Table:
[2026-04-03T02:02:00.639+0600][19.707s][info][gc,reloc    ] GC(13) y:                    Live             Garbage             Small              Medium             Large        
[2026-04-03T02:02:00.639+0600][19.707s][info][gc,reloc    ] GC(13) y: Eden              23M (1%)          462M (26%)        224 / 112            1 / 0              1 / 0        
[2026-04-03T02:02:00.639+0600][19.707s][info][gc,reloc    ] GC(13) y: Survivor 1        95M (5%)           38M (2%)          48 / 3              1 / 0              1 / 0        
[2026-04-03T02:02:00.639+0600][19.707s][info][gc,reloc    ] GC(13) y: Survivor 2         6M (0%)            7M (0%)           7 / 4              0 / 0              0 / 0        
[2026-04-03T02:02:00.639+0600][19.707s][info][gc,reloc    ] GC(13) y: Survivor 3         2M (0%)            5M (0%)           4 / 3              0 / 0              0 / 0        
[2026-04-03T02:02:00.639+0600][19.707s][info][gc,heap     ] GC(13) y: Min Capacity: 8M(0%)
[2026-04-03T02:02:00.639+0600][19.707s][info][gc,heap     ] GC(13) y: Max Capacity: 1750M(100%)
[2026-04-03T02:02:00.639+0600][19.707s][info][gc,heap     ] GC(13) y: Soft Max Capacity: 1750M(100%)
[2026-04-03T02:02:00.639+0600][19.707s][info][gc,heap     ] GC(13) y: Heap Statistics:
[2026-04-03T02:02:00.639+0600][19.707s][info][gc,heap     ] GC(13) y:                Mark Start          Mark End        Relocate Start      Relocate End           High               Low         
[2026-04-03T02:02:00.639+0600][19.707s][info][gc,heap     ] GC(13) y:  Capacity:     1672M (96%)        1672M (96%)        1672M (96%)        1672M (96%)        1672M (96%)        1672M (96%)    
[2026-04-03T02:02:00.639+0600][19.707s][info][gc,heap     ] GC(13) y:      Free:     1044M (60%)         544M (31%)         718M (41%)         822M (47%)        1044M (60%)         544M (31%)    
[2026-04-03T02:02:00.639+0600][19.707s][info][gc,heap     ] GC(13) y:      Used:      706M (40%)        1206M (69%)        1032M (59%)         928M (53%)        1206M (69%)         706M (40%)    
[2026-04-03T02:02:00.639+0600][19.707s][info][gc,heap     ] GC(13) y: Young Generation Statistics:
[2026-04-03T02:02:00.639+0600][19.707s][info][gc,heap     ] GC(13) y:                Mark Start          Mark End        Relocate Start      Relocate End    
[2026-04-03T02:02:00.639+0600][19.707s][info][gc,heap     ] GC(13) y:      Used:      642M (37%)        1142M (65%)         866M (49%)         752M (43%)    
[2026-04-03T02:02:00.639+0600][19.707s][info][gc,heap     ] GC(13) y:      Live:         -               127M (7%)           26M (1%)           23M (1%)     
[2026-04-03T02:02:00.639+0600][19.707s][info][gc,heap     ] GC(13) y:   Garbage:         -               514M (29%)         247M (14%)           0M (0%)     
[2026-04-03T02:02:00.639+0600][19.707s][info][gc,heap     ] GC(13) y: Allocated:         -               500M (29%)         592M (34%)         728M (42%)    
[2026-04-03T02:02:00.639+0600][19.707s][info][gc,heap     ] GC(13) y: Reclaimed:         -                  -               266M (15%)         514M (29%)    
[2026-04-03T02:02:00.639+0600][19.707s][info][gc,heap     ] GC(13) y:  Promoted:         -                  -               101M (6%)          103M (6%)     
[2026-04-03T02:02:00.639+0600][19.707s][info][gc,heap     ] GC(13) y: Compacted:         -                  -                  -                17M (1%)     
[2026-04-03T02:02:00.639+0600][19.707s][info][gc,phases   ] GC(13) y: Young Generation 706M(40%)->928M(53%) 0.313s
[2026-04-03T02:02:00.639+0600][19.707s][info][gc          ] GC(13) Minor Collection (Allocation Rate) 706M(40%)->928M(53%) 0.314s
[2026-04-03T02:02:00.640+0600][19.707s][info][gc          ] GC(14) Major Collection (Allocation Rate)
[2026-04-03T02:02:00.640+0600][19.707s][info][gc,task     ] GC(14) Using 3 Workers for Young Generation
[2026-04-03T02:02:00.640+0600][19.707s][info][gc,task     ] GC(14) Using 1 Workers for Old Generation
[2026-04-03T02:02:00.640+0600][19.707s][info][gc,phases   ] GC(14) Y: Young Generation
[2026-04-03T02:02:00.640+0600][19.707s][info][gc,phases   ] GC(14) Y: Pause Mark Start (Major) 0.026ms
[2026-04-03T02:02:00.721+0600][19.788s][info][gc,phases   ] GC(14) Y: Concurrent Mark 80.913ms
[2026-04-03T02:02:00.722+0600][19.790s][info][gc,phases   ] GC(14) Y: Pause Mark End 0.029ms
[2026-04-03T02:02:00.722+0600][19.790s][info][gc,phases   ] GC(14) Y: Concurrent Mark Free 0.001ms
[2026-04-03T02:02:00.722+0600][19.790s][info][gc,phases   ] GC(14) Y: Concurrent Reset Relocation Set 0.104ms
[2026-04-03T02:02:00.728+0600][19.795s][info][gc,reloc    ] GC(14) Y: Using tenuring threshold: 2 (Computed)
[2026-04-03T02:02:00.733+0600][19.800s][info][gc,phases   ] GC(14) Y: Concurrent Select Relocation Set 10.180ms
[2026-04-03T02:02:00.733+0600][19.800s][info][gc,phases   ] GC(14) Y: Pause Relocate Start 0.032ms
[2026-04-03T02:02:00.764+0600][19.831s][info][gc,phases   ] GC(14) Y: Concurrent Relocate 30.544ms
[2026-04-03T02:02:00.764+0600][19.831s][info][gc,alloc    ] GC(14) Y:                         Mark Start        Mark End      Relocate Start    Relocate End   
[2026-04-03T02:02:00.764+0600][19.831s][info][gc,alloc    ] GC(14) Y: Allocation Stalls:          0                0                0                0         
[2026-04-03T02:02:00.764+0600][19.831s][info][gc,load     ] GC(14) Y: Load: 3.52 (29%) / 3.95 (33%) / 5.67 (47%)
[2026-04-03T02:02:00.764+0600][19.831s][info][gc,mmu      ] GC(14) Y: MMU: 2ms/95.4%, 5ms/97.9%, 10ms/98.2%, 20ms/98.9%, 50ms/99.5%, 100ms/99.7%
[2026-04-03T02:02:00.764+0600][19.831s][info][gc,marking  ] GC(14) Y: Mark: 2 stripe(s), 2 proactive flush(es), 1 terminate flush(es), 0 completion(s), 0 continuation(s) 
[2026-04-03T02:02:00.764+0600][19.831s][info][gc,marking  ] GC(14) Y: Mark Stack Usage: 32M
[2026-04-03T02:02:00.764+0600][19.831s][info][gc,nmethod  ] GC(14) Y: NMethods: 4790 registered, 544 unregistered
[2026-04-03T02:02:00.764+0600][19.831s][info][gc,metaspace] GC(14) Y: Metaspace: 62M used, 63M committed, 1088M reserved
[2026-04-03T02:02:00.764+0600][19.831s][info][gc,reloc    ] GC(14) Y:                        Candidates     Selected     In-Place         Size        Empty    Relocated 
[2026-04-03T02:02:00.764+0600][19.831s][info][gc,reloc    ] GC(14) Y: Small Pages:                  369          180            0         738M         324M          27M 
[2026-04-03T02:02:00.764+0600][19.831s][info][gc,reloc    ] GC(14) Y: Medium Pages:                   0            0            0           0M           0M           0M 
[2026-04-03T02:02:00.764+0600][19.831s][info][gc,reloc    ] GC(14) Y: Large Pages:                    2            0            0          16M           6M           0M 
[2026-04-03T02:02:00.764+0600][19.831s][info][gc,reloc    ] GC(14) Y: Forwarding Usage: 24M
[2026-04-03T02:02:00.764+0600][19.831s][info][gc,reloc    ] GC(14) Y: Age Table:
[2026-04-03T02:02:00.764+0600][19.831s][info][gc,reloc    ] GC(14) Y:                    Live             Garbage             Small              Medium             Large        
[2026-04-03T02:02:00.764+0600][19.831s][info][gc,reloc    ] GC(14) Y: Eden              39M (2%)          686M (39%)        358 / 179            0 / 0              1 / 0        
[2026-04-03T02:02:00.764+0600][19.831s][info][gc,reloc    ] GC(14) Y: Survivor 1        17M (1%)           10M (1%)          11 / 1              0 / 0              1 / 0        
[2026-04-03T02:02:00.764+0600][19.831s][info][gc,heap     ] GC(14) Y: Min Capacity: 8M(0%)
[2026-04-03T02:02:00.764+0600][19.831s][info][gc,heap     ] GC(14) Y: Max Capacity: 1750M(100%)
[2026-04-03T02:02:00.764+0600][19.831s][info][gc,heap     ] GC(14) Y: Soft Max Capacity: 1750M(100%)
[2026-04-03T02:02:00.764+0600][19.831s][info][gc,heap     ] GC(14) Y: Heap Statistics:
[2026-04-03T02:02:00.764+0600][19.831s][info][gc,heap     ] GC(14) Y:                Mark Start          Mark End        Relocate Start      Relocate End           High               Low         
[2026-04-03T02:02:00.764+0600][19.831s][info][gc,heap     ] GC(14) Y:  Capacity:     1672M (96%)        1672M (96%)        1672M (96%)        1672M (96%)        1672M (96%)        1672M (96%)    
[2026-04-03T02:02:00.764+0600][19.831s][info][gc,heap     ] GC(14) Y:      Free:      820M (47%)         618M (35%)         922M (53%)        1200M (69%)        1202M (69%)         618M (35%)    
[2026-04-03T02:02:00.764+0600][19.831s][info][gc,heap     ] GC(14) Y:      Used:      930M (53%)        1132M (65%)         828M (47%)         550M (31%)        1132M (65%)         548M (31%)    
[2026-04-03T02:02:00.764+0600][19.831s][info][gc,heap     ] GC(14) Y: Young Generation Statistics:
[2026-04-03T02:02:00.764+0600][19.831s][info][gc,heap     ] GC(14) Y:                Mark Start          Mark End        Relocate Start      Relocate End    
[2026-04-03T02:02:00.764+0600][19.831s][info][gc,heap     ] GC(14) Y:      Used:      754M (43%)         956M (55%)         652M (37%)         374M (21%)    
[2026-04-03T02:02:00.764+0600][19.831s][info][gc,heap     ] GC(14) Y:      Live:         -                57M (3%)           57M (3%)           57M (3%)     
[2026-04-03T02:02:00.764+0600][19.831s][info][gc,heap     ] GC(14) Y:   Garbage:         -               696M (40%)         366M (21%)           1M (0%)     
[2026-04-03T02:02:00.764+0600][19.832s][info][gc,heap     ] GC(14) Y: Allocated:         -               202M (12%)         228M (13%)         315M (18%)    
[2026-04-03T02:02:00.764+0600][19.832s][info][gc,heap     ] GC(14) Y: Reclaimed:         -                  -               330M (19%)         695M (40%)    
[2026-04-03T02:02:00.764+0600][19.832s][info][gc,heap     ] GC(14) Y:  Promoted:         -                  -                 0M (0%)            0M (0%)     
[2026-04-03T02:02:00.764+0600][19.832s][info][gc,heap     ] GC(14) Y: Compacted:         -                  -                  -                30M (2%)     
[2026-04-03T02:02:00.764+0600][19.832s][info][gc,phases   ] GC(14) Y: Young Generation 928M(53%)->550M(31%) 0.124s
[2026-04-03T02:02:00.764+0600][19.832s][info][gc,phases   ] GC(14) O: Old Generation
[2026-04-03T02:02:00.767+0600][19.834s][info][gc          ] GC(15) Minor Collection (Allocation Rate)
[2026-04-03T02:02:00.767+0600][19.835s][info][gc,task     ] GC(15) Using 2 Workers for Young Generation
[2026-04-03T02:02:00.767+0600][19.835s][info][gc,phases   ] GC(15) y: Young Generation
[2026-04-03T02:02:00.767+0600][19.835s][info][gc,phases   ] GC(15) y: Pause Mark Start 0.039ms
[2026-04-03T02:02:00.896+0600][19.964s][info][gc,phases   ] GC(15) y: Concurrent Mark 128.766ms
[2026-04-03T02:02:00.897+0600][19.964s][info][gc,phases   ] GC(15) y: Pause Mark End 0.025ms
[2026-04-03T02:02:00.897+0600][19.964s][info][gc,phases   ] GC(15) y: Concurrent Mark Free 0.002ms
[2026-04-03T02:02:00.897+0600][19.964s][info][gc,phases   ] GC(15) y: Concurrent Reset Relocation Set 0.040ms
[2026-04-03T02:02:00.903+0600][19.971s][info][gc,reloc    ] GC(15) y: Using tenuring threshold: 1 (Computed)
[2026-04-03T02:02:00.931+0600][19.999s][info][gc,phases   ] GC(15) y: Concurrent Select Relocation Set 34.560ms
[2026-04-03T02:02:00.932+0600][19.999s][info][gc,phases   ] GC(15) y: Pause Relocate Start 0.045ms
[2026-04-03T02:02:01.015+0600][20.082s][info][gc,phases   ] GC(15) y: Concurrent Relocate 82.724ms
[2026-04-03T02:02:01.015+0600][20.082s][info][gc,alloc    ] GC(15) y:                         Mark Start        Mark End      Relocate Start    Relocate End   
[2026-04-03T02:02:01.015+0600][20.082s][info][gc,alloc    ] GC(15) y: Allocation Stalls:          0                0                0                0         
[2026-04-03T02:02:01.015+0600][20.082s][info][gc,load     ] GC(15) y: Load: 3.52 (29%) / 3.95 (33%) / 5.67 (47%)
[2026-04-03T02:02:01.015+0600][20.082s][info][gc,mmu      ] GC(15) y: MMU: 2ms/95.4%, 5ms/97.9%, 10ms/98.2%, 20ms/98.9%, 50ms/99.5%, 100ms/99.7%
[2026-04-03T02:02:01.015+0600][20.082s][info][gc,marking  ] GC(15) y: Mark: 2 stripe(s), 2 proactive flush(es), 1 terminate flush(es), 0 completion(s), 0 continuation(s) 
[2026-04-03T02:02:01.015+0600][20.082s][info][gc,marking  ] GC(15) y: Mark Stack Usage: 32M
[2026-04-03T02:02:01.015+0600][20.082s][info][gc,nmethod  ] GC(15) y: NMethods: 4838 registered, 544 unregistered
[2026-04-03T02:02:01.015+0600][20.082s][info][gc,metaspace] GC(15) y: Metaspace: 62M used, 63M committed, 1088M reserved
[2026-04-03T02:02:01.015+0600][20.082s][info][gc,reloc    ] GC(15) y:                        Candidates     Selected     In-Place         Size        Empty    Relocated 
[2026-04-03T02:02:01.015+0600][20.082s][info][gc,reloc    ] GC(15) y: Small Pages:                  187           88            0         374M         134M          14M 
[2026-04-03T02:02:01.015+0600][20.082s][info][gc,reloc    ] GC(15) y: Medium Pages:                   0            0            0           0M           0M           0M 
[2026-04-03T02:02:01.015+0600][20.082s][info][gc,reloc    ] GC(15) y: Large Pages:                    1            0            0          10M           0M           0M 
[2026-04-03T02:02:01.015+0600][20.082s][info][gc,reloc    ] GC(15) y: Forwarding Usage: 12M
[2026-04-03T02:02:01.015+0600][20.082s][info][gc,reloc    ] GC(15) y: Age Table:
[2026-04-03T02:02:01.015+0600][20.082s][info][gc,reloc    ] GC(15) y:                    Live             Garbage             Small              Medium             Large        
[2026-04-03T02:02:01.015+0600][20.082s][info][gc,reloc    ] GC(15) y: Eden              13M (1%)          300M (17%)        157 / 82             0 / 0              0 / 0        
[2026-04-03T02:02:01.015+0600][20.082s][info][gc,reloc    ] GC(15) y: Survivor 1        39M (2%)            6M (0%)          18 / 4              0 / 0              1 / 0        
[2026-04-03T02:02:01.015+0600][20.082s][info][gc,reloc    ] GC(15) y: Survivor 2        17M (1%)            6M (0%)          12 / 2              0 / 0              0 / 0        
[2026-04-03T02:02:01.015+0600][20.082s][info][gc,heap     ] GC(15) y: Min Capacity: 8M(0%)
[2026-04-03T02:02:01.015+0600][20.082s][info][gc,heap     ] GC(15) y: Max Capacity: 1750M(100%)
[2026-04-03T02:02:01.015+0600][20.082s][info][gc,heap     ] GC(15) y: Soft Max Capacity: 1750M(100%)
[2026-04-03T02:02:01.015+0600][20.082s][info][gc,heap     ] GC(15) y: Heap Statistics:
[2026-04-03T02:02:01.015+0600][20.082s][info][gc,heap     ] GC(15) y:                Mark Start          Mark End        Relocate Start      Relocate End           High               Low         
[2026-04-03T02:02:01.015+0600][20.082s][info][gc,heap     ] GC(15) y:  Capacity:     1672M (96%)        1672M (96%)        1672M (96%)        1672M (96%)        1672M (96%)        1672M (96%)    
[2026-04-03T02:02:01.015+0600][20.082s][info][gc,heap     ] GC(15) y:      Free:     1190M (68%)         964M (55%)        1046M (60%)        1054M (60%)        1190M (68%)         964M (55%)    
[2026-04-03T02:02:01.015+0600][20.082s][info][gc,heap     ] GC(15) y:      Used:      560M (32%)         786M (45%)         704M (40%)         696M (40%)         786M (45%)         560M (32%)    
[2026-04-03T02:02:01.015+0600][20.082s][info][gc,heap     ] GC(15) y: Young Generation Statistics:
[2026-04-03T02:02:01.015+0600][20.082s][info][gc,heap     ] GC(15) y:                Mark Start          Mark End        Relocate Start      Relocate End    
[2026-04-03T02:02:01.015+0600][20.082s][info][gc,heap     ] GC(15) y:      Used:      384M (22%)         610M (35%)         474M (27%)         462M (26%)    
[2026-04-03T02:02:01.015+0600][20.082s][info][gc,heap     ] GC(15) y:      Live:         -                70M (4%)           16M (1%)           13M (1%)     
[2026-04-03T02:02:01.015+0600][20.082s][info][gc,heap     ] GC(15) y:   Garbage:         -               313M (18%)         179M (10%)           0M (0%)     
[2026-04-03T02:02:01.015+0600][20.082s][info][gc,heap     ] GC(15) y: Allocated:         -               226M (13%)         278M (16%)         448M (26%)    
[2026-04-03T02:02:01.015+0600][20.082s][info][gc,heap     ] GC(15) y: Reclaimed:         -                  -               134M (8%)          313M (18%)    
[2026-04-03T02:02:01.015+0600][20.082s][info][gc,heap     ] GC(15) y:  Promoted:         -                  -                53M (3%)           57M (3%)     
[2026-04-03T02:02:01.015+0600][20.082s][info][gc,heap     ] GC(15) y: Compacted:         -                  -                  -                13M (1%)     
[2026-04-03T02:02:01.015+0600][20.082s][info][gc,phases   ] GC(15) y: Young Generation 560M(32%)->696M(40%) 0.248s
[2026-04-03T02:02:01.015+0600][20.082s][info][gc          ] GC(15) Minor Collection (Allocation Rate) 560M(32%)->698M(40%) 0.248s
[2026-04-03T02:02:01.015+0600][20.083s][info][gc          ] GC(16) Minor Collection (Allocation Rate)
[2026-04-03T02:02:01.015+0600][20.083s][info][gc,task     ] GC(16) Using 2 Workers for Young Generation
[2026-04-03T02:02:01.015+0600][20.083s][info][gc,phases   ] GC(16) y: Young Generation
[2026-04-03T02:02:01.016+0600][20.083s][info][gc,phases   ] GC(16) y: Pause Mark Start 0.024ms
[2026-04-03T02:02:01.092+0600][20.159s][info][gc,phases   ] GC(16) y: Concurrent Mark 75.755ms
[2026-04-03T02:02:01.092+0600][20.159s][info][gc,phases   ] GC(16) y: Pause Mark End 0.017ms
[2026-04-03T02:02:01.092+0600][20.159s][info][gc,phases   ] GC(16) y: Concurrent Mark Free 0.001ms
[2026-04-03T02:02:01.092+0600][20.159s][info][gc,phases   ] GC(16) y: Concurrent Reset Relocation Set 0.043ms
[2026-04-03T02:02:01.092+0600][20.160s][info][gc,phases   ] GC(14) O: Concurrent Mark 327.934ms
[2026-04-03T02:02:01.092+0600][20.160s][info][gc,phases   ] GC(14) O: Pause Mark End 0.010ms
[2026-04-03T02:02:01.092+0600][20.160s][info][gc,phases   ] GC(14) O: Concurrent Mark Free 0.002ms
[2026-04-03T02:02:01.094+0600][20.161s][info][gc,reloc    ] GC(16) y: Using tenuring threshold: 2 (Computed)
[2026-04-03T02:02:01.095+0600][20.163s][info][gc,phases   ] GC(16) y: Concurrent Select Relocation Set 3.186ms
[2026-04-03T02:02:01.095+0600][20.163s][info][gc,phases   ] GC(16) y: Pause Relocate Start 0.013ms
[2026-04-03T02:02:01.112+0600][20.179s][info][gc,phases   ] GC(16) y: Concurrent Relocate 16.553ms
[2026-04-03T02:02:01.112+0600][20.180s][info][gc,alloc    ] GC(16) y:                         Mark Start        Mark End      Relocate Start    Relocate End   
[2026-04-03T02:02:01.112+0600][20.180s][info][gc,alloc    ] GC(16) y: Allocation Stalls:          0                0                0                0         
[2026-04-03T02:02:01.112+0600][20.180s][info][gc,load     ] GC(16) y: Load: 3.52 (29%) / 3.95 (33%) / 5.67 (47%)
[2026-04-03T02:02:01.112+0600][20.180s][info][gc,mmu      ] GC(16) y: MMU: 2ms/95.4%, 5ms/97.9%, 10ms/98.2%, 20ms/98.9%, 50ms/99.5%, 100ms/99.7%
[2026-04-03T02:02:01.112+0600][20.180s][info][gc,marking  ] GC(16) y: Mark: 2 stripe(s), 4 proactive flush(es), 1 terminate flush(es), 0 completion(s), 0 continuation(s) 
[2026-04-03T02:02:01.112+0600][20.180s][info][gc,marking  ] GC(16) y: Mark Stack Usage: 32M
[2026-04-03T02:02:01.112+0600][20.180s][info][gc,nmethod  ] GC(16) y: NMethods: 4797 registered, 614 unregistered
[2026-04-03T02:02:01.112+0600][20.180s][info][gc,metaspace] GC(16) y: Metaspace: 62M used, 63M committed, 1088M reserved
[2026-04-03T02:02:01.112+0600][20.180s][info][gc,reloc    ] GC(16) y:                        Candidates     Selected     In-Place         Size        Empty    Relocated 
[2026-04-03T02:02:01.112+0600][20.180s][info][gc,reloc    ] GC(16) y: Small Pages:                  229           54            0         458M         328M           8M 
[2026-04-03T02:02:01.112+0600][20.180s][info][gc,reloc    ] GC(16) y: Medium Pages:                   0            0            0           0M           0M           0M 
[2026-04-03T02:02:01.112+0600][20.180s][info][gc,reloc    ] GC(16) y: Large Pages:                    1            0            0           6M           0M           0M 
[2026-04-03T02:02:01.112+0600][20.180s][info][gc,reloc    ] GC(16) y: Forwarding Usage: 6M
[2026-04-03T02:02:01.112+0600][20.180s][info][gc,reloc    ] GC(16) y: Age Table:
[2026-04-03T02:02:01.112+0600][20.180s][info][gc,reloc    ] GC(16) y:                    Live             Garbage             Small              Medium             Large        
[2026-04-03T02:02:01.112+0600][20.180s][info][gc,reloc    ] GC(16) y: Eden              13M (1%)          436M (25%)        222 / 53             0 / 0              1 / 0        
[2026-04-03T02:02:01.112+0600][20.180s][info][gc,reloc    ] GC(16) y: Survivor 1        13M (1%)            0M (0%)           7 / 1              0 / 0              0 / 0        
[2026-04-03T02:02:01.112+0600][20.180s][info][gc,heap     ] GC(16) y: Min Capacity: 8M(0%)
[2026-04-03T02:02:01.112+0600][20.180s][info][gc,heap     ] GC(16) y: Max Capacity: 1750M(100%)
[2026-04-03T02:02:01.112+0600][20.180s][info][gc,heap     ] GC(16) y: Soft Max Capacity: 1750M(100%)
[2026-04-03T02:02:01.112+0600][20.180s][info][gc,heap     ] GC(16) y: Heap Statistics:
[2026-04-03T02:02:01.112+0600][20.180s][info][gc,heap     ] GC(16) y:                Mark Start          Mark End        Relocate Start      Relocate End           High               Low         
[2026-04-03T02:02:01.112+0600][20.180s][info][gc,heap     ] GC(16) y:  Capacity:     1672M (96%)        1672M (96%)        1672M (96%)        1672M (96%)        1672M (96%)        1672M (96%)    
[2026-04-03T02:02:01.112+0600][20.180s][info][gc,heap     ] GC(16) y:      Free:     1052M (60%)         928M (53%)        1252M (72%)        1334M (76%)        1338M (76%)         928M (53%)    
[2026-04-03T02:02:01.112+0600][20.180s][info][gc,heap     ] GC(16) y:      Used:      698M (40%)         822M (47%)         498M (28%)         416M (24%)         822M (47%)         412M (24%)    
[2026-04-03T02:02:01.112+0600][20.180s][info][gc,heap     ] GC(16) y: Young Generation Statistics:
[2026-04-03T02:02:01.112+0600][20.180s][info][gc,heap     ] GC(16) y:                Mark Start          Mark End        Relocate Start      Relocate End    
[2026-04-03T02:02:01.112+0600][20.180s][info][gc,heap     ] GC(16) y:      Used:      464M (27%)         588M (34%)         264M (15%)         182M (10%)    
[2026-04-03T02:02:01.112+0600][20.180s][info][gc,heap     ] GC(16) y:      Live:         -                26M (2%)           26M (2%)           26M (2%)     
[2026-04-03T02:02:01.112+0600][20.180s][info][gc,heap     ] GC(16) y:   Garbage:         -               437M (25%)         109M (6%)            0M (0%)     
[2026-04-03T02:02:01.112+0600][20.180s][info][gc,heap     ] GC(16) y: Allocated:         -               124M (7%)          128M (7%)          155M (9%)     
[2026-04-03T02:02:01.112+0600][20.180s][info][gc,heap     ] GC(16) y: Reclaimed:         -                  -               328M (19%)         437M (25%)    
[2026-04-03T02:02:01.112+0600][20.180s][info][gc,heap     ] GC(16) y:  Promoted:         -                  -                 0M (0%)            0M (0%)     
[2026-04-03T02:02:01.112+0600][20.180s][info][gc,heap     ] GC(16) y: Compacted:         -                  -                  -                 8M (0%)     
[2026-04-03T02:02:01.112+0600][20.180s][info][gc,phases   ] GC(16) y: Young Generation 698M(40%)->416M(24%) 0.097s
[2026-04-03T02:02:01.112+0600][20.180s][info][gc          ] GC(16) Minor Collection (Allocation Rate) 698M(40%)->416M(24%) 0.097s
[2026-04-03T02:02:01.113+0600][20.180s][info][gc          ] GC(17) Minor Collection (Allocation Rate)
[2026-04-03T02:02:01.113+0600][20.180s][info][gc,task     ] GC(17) Using 2 Workers for Young Generation
[2026-04-03T02:02:01.113+0600][20.180s][info][gc,phases   ] GC(17) y: Young Generation
[2026-04-03T02:02:01.121+0600][20.189s][info][gc,phases   ] GC(17) y: Pause Mark Start 0.028ms
[2026-04-03T02:02:01.127+0600][20.194s][info][gc,phases   ] GC(14) O: Concurrent Process Non-Strong 34.429ms
[2026-04-03T02:02:01.127+0600][20.194s][info][gc,phases   ] GC(14) O: Concurrent Reset Relocation Set 0.002ms
[2026-04-03T02:02:01.133+0600][20.201s][info][gc,phases   ] GC(14) O: Concurrent Select Relocation Set 6.240ms
[2026-04-03T02:02:01.187+0600][20.255s][info][gc,phases   ] GC(17) y: Concurrent Mark 65.766ms
[2026-04-03T02:02:01.187+0600][20.255s][info][gc,phases   ] GC(17) y: Pause Mark End 0.020ms
[2026-04-03T02:02:01.187+0600][20.255s][info][gc,phases   ] GC(17) y: Concurrent Mark Free 0.002ms
[2026-04-03T02:02:01.188+0600][20.255s][info][gc,phases   ] GC(17) y: Concurrent Reset Relocation Set 0.008ms
[2026-04-03T02:02:01.191+0600][20.258s][info][gc,reloc    ] GC(17) y: Using tenuring threshold: 1 (Computed)
[2026-04-03T02:02:01.200+0600][20.267s][info][gc,phases   ] GC(17) y: Concurrent Select Relocation Set 12.086ms
[2026-04-03T02:02:01.200+0600][20.267s][info][gc,phases   ] GC(17) y: Pause Relocate Start 0.021ms
[2026-04-03T02:02:01.226+0600][20.293s][info][gc,phases   ] GC(17) y: Concurrent Relocate 25.963ms
[2026-04-03T02:02:01.226+0600][20.294s][info][gc,alloc    ] GC(17) y:                         Mark Start        Mark End      Relocate Start    Relocate End   
[2026-04-03T02:02:01.226+0600][20.294s][info][gc,alloc    ] GC(17) y: Allocation Stalls:          0                0                0                0         
[2026-04-03T02:02:01.226+0600][20.294s][info][gc,load     ] GC(17) y: Load: 3.52 (29%) / 3.95 (33%) / 5.67 (47%)
[2026-04-03T02:02:01.226+0600][20.294s][info][gc,mmu      ] GC(17) y: MMU: 2ms/95.4%, 5ms/97.9%, 10ms/98.2%, 20ms/98.9%, 50ms/99.5%, 100ms/99.7%
[2026-04-03T02:02:01.226+0600][20.294s][info][gc,marking  ] GC(17) y: Mark: 2 stripe(s), 10 proactive flush(es), 1 terminate flush(es), 0 completion(s), 0 continuation(s) 
[2026-04-03T02:02:01.226+0600][20.294s][info][gc,marking  ] GC(17) y: Mark Stack Usage: 32M
[2026-04-03T02:02:01.226+0600][20.294s][info][gc,nmethod  ] GC(17) y: NMethods: 4634 registered, 800 unregistered
[2026-04-03T02:02:01.226+0600][20.294s][info][gc,metaspace] GC(17) y: Metaspace: 62M used, 63M committed, 1088M reserved
[2026-04-03T02:02:01.226+0600][20.294s][info][gc,reloc    ] GC(17) y:                        Candidates     Selected     In-Place         Size        Empty    Relocated 
[2026-04-03T02:02:01.226+0600][20.294s][info][gc,reloc    ] GC(17) y: Small Pages:                   77           13            0         154M         106M           1M 
[2026-04-03T02:02:01.226+0600][20.294s][info][gc,reloc    ] GC(17) y: Medium Pages:                   1            0            0          32M          32M           0M 
[2026-04-03T02:02:01.226+0600][20.294s][info][gc,reloc    ] GC(17) y: Large Pages:                    1            0            0           6M           0M           0M 
[2026-04-03T02:02:01.226+0600][20.294s][info][gc,reloc    ] GC(17) y: Forwarding Usage: 0M
[2026-04-03T02:02:01.226+0600][20.294s][info][gc,reloc    ] GC(17) y: Age Table:
[2026-04-03T02:02:01.226+0600][20.294s][info][gc,reloc    ] GC(17) y:                    Live             Garbage             Small              Medium             Large        
[2026-04-03T02:02:01.226+0600][20.294s][info][gc,reloc    ] GC(17) y: Eden               0M (0%)          155M (9%)          62 / 8              1 / 0              0 / 0        
[2026-04-03T02:02:01.226+0600][20.294s][info][gc,reloc    ] GC(17) y: Survivor 1        13M (1%)            8M (1%)           8 / 5              0 / 0              1 / 0        
[2026-04-03T02:02:01.226+0600][20.294s][info][gc,reloc    ] GC(17) y: Survivor 2        13M (1%)            0M (0%)           7 / 0              0 / 0              0 / 0        
[2026-04-03T02:02:01.226+0600][20.294s][info][gc,heap     ] GC(17) y: Min Capacity: 8M(0%)
[2026-04-03T02:02:01.226+0600][20.294s][info][gc,heap     ] GC(17) y: Max Capacity: 1750M(100%)
[2026-04-03T02:02:01.226+0600][20.294s][info][gc,heap     ] GC(17) y: Soft Max Capacity: 1750M(100%)
[2026-04-03T02:02:01.226+0600][20.294s][info][gc,heap     ] GC(17) y: Heap Statistics:
[2026-04-03T02:02:01.226+0600][20.294s][info][gc,heap     ] GC(17) y:                Mark Start          Mark End        Relocate Start      Relocate End           High               Low         
[2026-04-03T02:02:01.226+0600][20.294s][info][gc,heap     ] GC(17) y:  Capacity:     1672M (96%)        1672M (96%)        1672M (96%)        1672M (96%)        1672M (96%)        1672M (96%)    
[2026-04-03T02:02:01.226+0600][20.294s][info][gc,heap     ] GC(17) y:      Free:     1324M (76%)        1240M (71%)        1360M (78%)        1344M (77%)        1376M (79%)        1236M (71%)    
[2026-04-03T02:02:01.226+0600][20.294s][info][gc,heap     ] GC(17) y:      Used:      426M (24%)         510M (29%)         390M (22%)         406M (23%)         514M (29%)         374M (21%)    
[2026-04-03T02:02:01.226+0600][20.294s][info][gc,heap     ] GC(17) y: Young Generation Statistics:
[2026-04-03T02:02:01.226+0600][20.294s][info][gc,heap     ] GC(17) y:                Mark Start          Mark End        Relocate Start      Relocate End    
[2026-04-03T02:02:01.226+0600][20.294s][info][gc,heap     ] GC(17) y:      Used:      192M (11%)         276M (16%)         130M (7%)          140M (8%)     
[2026-04-03T02:02:01.226+0600][20.294s][info][gc,heap     ] GC(17) y:      Live:         -                26M (2%)            1M (0%)            0M (0%)     
[2026-04-03T02:02:01.226+0600][20.294s][info][gc,heap     ] GC(17) y:   Garbage:         -               165M (9%)           26M (2%)            0M (0%)     
[2026-04-03T02:02:01.226+0600][20.294s][info][gc,heap     ] GC(17) y: Allocated:         -                84M (5%)          102M (6%)          139M (8%)     
[2026-04-03T02:02:01.226+0600][20.294s][info][gc,heap     ] GC(17) y: Reclaimed:         -                  -               138M (8%)          165M (9%)     
[2026-04-03T02:02:01.226+0600][20.294s][info][gc,heap     ] GC(17) y:  Promoted:         -                  -                25M (1%)           26M (2%)     
[2026-04-03T02:02:01.226+0600][20.294s][info][gc,heap     ] GC(17) y: Compacted:         -                  -                  -                 0M (0%)     
[2026-04-03T02:02:01.226+0600][20.294s][info][gc,phases   ] GC(17) y: Young Generation 416M(24%)->406M(23%) 0.113s
[2026-04-03T02:02:01.226+0600][20.294s][info][gc          ] GC(17) Minor Collection (Allocation Rate) 416M(24%)->406M(23%) 0.114s
[2026-04-03T02:02:01.226+0600][20.294s][info][gc          ] GC(18) Minor Collection (Allocation Rate)
[2026-04-03T02:02:01.226+0600][20.294s][info][gc,task     ] GC(18) Using 2 Workers for Young Generation
[2026-04-03T02:02:01.226+0600][20.294s][info][gc,phases   ] GC(18) y: Young Generation
[2026-04-03T02:02:01.227+0600][20.294s][info][gc,phases   ] GC(18) y: Pause Mark Start 0.020ms
[2026-04-03T02:02:01.239+0600][20.307s][info][gc,phases   ] GC(18) y: Concurrent Mark 12.433ms
[2026-04-03T02:02:01.239+0600][20.307s][info][gc,phases   ] GC(18) y: Pause Mark End 0.019ms
[2026-04-03T02:02:01.239+0600][20.307s][info][gc,phases   ] GC(18) y: Concurrent Mark Free 0.002ms
[2026-04-03T02:02:01.239+0600][20.307s][info][gc,phases   ] GC(18) y: Concurrent Reset Relocation Set 0.019ms
[2026-04-03T02:02:01.241+0600][20.309s][info][gc,reloc    ] GC(18) y: Using tenuring threshold: 2 (Computed)
[2026-04-03T02:02:01.241+0600][20.309s][info][gc,phases   ] GC(18) y: Concurrent Select Relocation Set 1.973ms
[2026-04-03T02:02:01.242+0600][20.309s][info][gc,phases   ] GC(18) y: Pause Relocate Start 0.016ms
[2026-04-03T02:02:01.242+0600][20.309s][info][gc,phases   ] GC(18) y: Concurrent Relocate 0.360ms
[2026-04-03T02:02:01.242+0600][20.309s][info][gc,alloc    ] GC(18) y:                         Mark Start        Mark End      Relocate Start    Relocate End   
[2026-04-03T02:02:01.242+0600][20.309s][info][gc,alloc    ] GC(18) y: Allocation Stalls:          0                0                0                0         
[2026-04-03T02:02:01.242+0600][20.310s][info][gc,load     ] GC(18) y: Load: 3.52 (29%) / 3.95 (33%) / 5.67 (47%)
[2026-04-03T02:02:01.242+0600][20.310s][info][gc,mmu      ] GC(18) y: MMU: 2ms/95.4%, 5ms/97.9%, 10ms/98.2%, 20ms/98.9%, 50ms/99.5%, 100ms/99.7%
[2026-04-03T02:02:01.242+0600][20.310s][info][gc,marking  ] GC(18) y: Mark: 2 stripe(s), 2 proactive flush(es), 1 terminate flush(es), 0 completion(s), 0 continuation(s) 
[2026-04-03T02:02:01.242+0600][20.310s][info][gc,marking  ] GC(18) y: Mark Stack Usage: 32M
[2026-04-03T02:02:01.242+0600][20.310s][info][gc,nmethod  ] GC(18) y: NMethods: 4634 registered, 800 unregistered
[2026-04-03T02:02:01.242+0600][20.310s][info][gc,metaspace] GC(18) y: Metaspace: 62M used, 63M committed, 1088M reserved
[2026-04-03T02:02:01.242+0600][20.310s][info][gc,reloc    ] GC(18) y:                        Candidates     Selected     In-Place         Size        Empty    Relocated 
[2026-04-03T02:02:01.242+0600][20.310s][info][gc,reloc    ] GC(18) y: Small Pages:                   71            9            0         142M         122M           0M 
[2026-04-03T02:02:01.242+0600][20.310s][info][gc,reloc    ] GC(18) y: Medium Pages:                   0            0            0           0M           0M           0M 
[2026-04-03T02:02:01.242+0600][20.310s][info][gc,reloc    ] GC(18) y: Large Pages:                    0            0            0           0M           0M           0M 
[2026-04-03T02:02:01.242+0600][20.310s][info][gc,reloc    ] GC(18) y: Forwarding Usage: 0M
[2026-04-03T02:02:01.242+0600][20.310s][info][gc,reloc    ] GC(18) y: Age Table:
[2026-04-03T02:02:01.242+0600][20.310s][info][gc,reloc    ] GC(18) y:                    Live             Garbage             Small              Medium             Large        
[2026-04-03T02:02:01.242+0600][20.310s][info][gc,reloc    ] GC(18) y: Eden               0M (0%)          137M (8%)          69 / 8              0 / 0              0 / 0        
[2026-04-03T02:02:01.242+0600][20.310s][info][gc,reloc    ] GC(18) y: Survivor 1         0M (0%)            3M (0%)           2 / 1              0 / 0              0 / 0        
[2026-04-03T02:02:01.242+0600][20.310s][info][gc,heap     ] GC(18) y: Min Capacity: 8M(0%)
[2026-04-03T02:02:01.242+0600][20.310s][info][gc,heap     ] GC(18) y: Max Capacity: 1750M(100%)
[2026-04-03T02:02:01.242+0600][20.310s][info][gc,heap     ] GC(18) y: Soft Max Capacity: 1750M(100%)
[2026-04-03T02:02:01.242+0600][20.310s][info][gc,heap     ] GC(18) y: Heap Statistics:
[2026-04-03T02:02:01.242+0600][20.310s][info][gc,heap     ] GC(18) y:                Mark Start          Mark End        Relocate Start      Relocate End           High               Low         
[2026-04-03T02:02:01.242+0600][20.310s][info][gc,heap     ] GC(18) y:  Capacity:     1672M (96%)        1672M (96%)        1672M (96%)        1672M (96%)        1672M (96%)        1672M (96%)    
[2026-04-03T02:02:01.242+0600][20.310s][info][gc,heap     ] GC(18) y:      Free:     1342M (77%)        1322M (76%)        1442M (82%)        1454M (83%)        1454M (83%)        1320M (75%)    
[2026-04-03T02:02:01.242+0600][20.310s][info][gc,heap     ] GC(18) y:      Used:      408M (23%)         428M (24%)         308M (18%)         296M (17%)         430M (25%)         296M (17%)    
[2026-04-03T02:02:01.242+0600][20.310s][info][gc,heap     ] GC(18) y: Young Generation Statistics:
[2026-04-03T02:02:01.242+0600][20.310s][info][gc,heap     ] GC(18) y:                Mark Start          Mark End        Relocate Start      Relocate End    
[2026-04-03T02:02:01.242+0600][20.310s][info][gc,heap     ] GC(18) y:      Used:      142M (8%)          162M (9%)           42M (2%)           30M (2%)     
[2026-04-03T02:02:01.242+0600][20.310s][info][gc,heap     ] GC(18) y:      Live:         -                 0M (0%)            0M (0%)            0M (0%)     
[2026-04-03T02:02:01.242+0600][20.310s][info][gc,heap     ] GC(18) y:   Garbage:         -               141M (8%)           19M (1%)            0M (0%)     
[2026-04-03T02:02:01.242+0600][20.310s][info][gc,heap     ] GC(18) y: Allocated:         -                20M (1%)           22M (1%)           29M (2%)     
[2026-04-03T02:02:01.242+0600][20.310s][info][gc,heap     ] GC(18) y: Reclaimed:         -                  -               122M (7%)          141M (8%)     
[2026-04-03T02:02:01.242+0600][20.310s][info][gc,heap     ] GC(18) y:  Promoted:         -                  -                 0M (0%)            0M (0%)     
[2026-04-03T02:02:01.242+0600][20.310s][info][gc,heap     ] GC(18) y: Compacted:         -                  -                  -                 0M (0%)     
[2026-04-03T02:02:01.242+0600][20.310s][info][gc,phases   ] GC(18) y: Young Generation 406M(23%)->296M(17%) 0.016s
[2026-04-03T02:02:01.242+0600][20.310s][info][gc          ] GC(18) Minor Collection (Allocation Rate) 406M(23%)->298M(17%) 0.016s
[2026-04-03T02:02:01.242+0600][20.310s][info][gc,task     ] GC(14) O: Using 3 Workers for Old Generation
[2026-04-03T02:02:01.259+0600][20.326s][info][gc,task     ] GC(14) O: Using 1 Workers for Old Generation
[2026-04-03T02:02:01.259+0600][20.327s][info][gc,phases   ] GC(14) O: Concurrent Remap Roots 16.669ms
[2026-04-03T02:02:01.259+0600][20.327s][info][gc,phases   ] GC(14) O: Pause Relocate Start 0.020ms
[2026-04-03T02:02:01.266+0600][20.333s][info][gc,phases   ] GC(14) O: Concurrent Relocate 6.703ms
[2026-04-03T02:02:01.266+0600][20.334s][info][gc,alloc    ] GC(14) O:                         Mark Start        Mark End      Relocate Start    Relocate End   
[2026-04-03T02:02:01.266+0600][20.334s][info][gc,alloc    ] GC(14) O: Allocation Stalls:          0                0                0                0         
[2026-04-03T02:02:01.266+0600][20.334s][info][gc,load     ] GC(14) O: Load: 3.52 (29%) / 3.95 (33%) / 5.67 (47%)
[2026-04-03T02:02:01.266+0600][20.334s][info][gc,mmu      ] GC(14) O: MMU: 2ms/95.4%, 5ms/97.9%, 10ms/98.2%, 20ms/98.9%, 50ms/99.5%, 100ms/99.7%
[2026-04-03T02:02:01.266+0600][20.334s][info][gc,marking  ] GC(14) O: Mark: 1 stripe(s), 2 proactive flush(es), 1 terminate flush(es), 0 completion(s), 0 continuation(s) 
[2026-04-03T02:02:01.266+0600][20.334s][info][gc,marking  ] GC(14) O: Mark Stack Usage: 32M
[2026-04-03T02:02:01.266+0600][20.334s][info][gc,nmethod  ] GC(14) O: NMethods: 4634 registered, 800 unregistered
[2026-04-03T02:02:01.266+0600][20.334s][info][gc,metaspace] GC(14) O: Metaspace: 62M used, 63M committed, 1088M reserved
[2026-04-03T02:02:01.266+0600][20.334s][info][gc,ref      ] GC(14) O:                       Encountered   Discovered     Enqueued 
[2026-04-03T02:02:01.266+0600][20.334s][info][gc,ref      ] GC(14) O: Soft References:             4730            0            0 
[2026-04-03T02:02:01.266+0600][20.334s][info][gc,ref      ] GC(14) O: Weak References:             6317         5188          886 
[2026-04-03T02:02:01.266+0600][20.334s][info][gc,ref      ] GC(14) O: Final References:              82            0            0 
[2026-04-03T02:02:01.266+0600][20.334s][info][gc,ref      ] GC(14) O: Phantom References:           595          216            0 
[2026-04-03T02:02:01.266+0600][20.334s][info][gc,reloc    ] GC(14) O:                        Candidates     Selected     In-Place         Size        Empty    Relocated 
[2026-04-03T02:02:01.266+0600][20.334s][info][gc,reloc    ] GC(14) O: Small Pages:                   69            6            0         138M           0M           2M 
[2026-04-03T02:02:01.266+0600][20.334s][info][gc,reloc    ] GC(14) O: Medium Pages:                   1            0            0          32M           0M           0M 
[2026-04-03T02:02:01.266+0600][20.334s][info][gc,reloc    ] GC(14) O: Large Pages:                    1            0            0           6M           0M           0M 
[2026-04-03T02:02:01.266+0600][20.334s][info][gc,reloc    ] GC(14) O: Forwarding Usage: 1M
[2026-04-03T02:02:01.266+0600][20.334s][info][gc,heap     ] GC(14) O: Min Capacity: 8M(0%)
[2026-04-03T02:02:01.266+0600][20.334s][info][gc,heap     ] GC(14) O: Max Capacity: 1750M(100%)
[2026-04-03T02:02:01.266+0600][20.334s][info][gc,heap     ] GC(14) O: Soft Max Capacity: 1750M(100%)
[2026-04-03T02:02:01.266+0600][20.334s][info][gc,heap     ] GC(14) O: Heap Statistics:
[2026-04-03T02:02:01.266+0600][20.334s][info][gc,heap     ] GC(14) O:                Mark Start          Mark End        Relocate Start      Relocate End           High               Low         
[2026-04-03T02:02:01.266+0600][20.334s][info][gc,heap     ] GC(14) O:  Capacity:     1672M (96%)        1672M (96%)        1672M (96%)        1672M (96%)        1672M (96%)        1672M (96%)    
[2026-04-03T02:02:01.266+0600][20.334s][info][gc,heap     ] GC(14) O:      Free:      820M (47%)        1184M (68%)        1430M (82%)        1434M (82%)        1454M (83%)         618M (35%)    
[2026-04-03T02:02:01.266+0600][20.334s][info][gc,heap     ] GC(14) O:      Used:      930M (53%)         566M (32%)         320M (18%)         316M (18%)        1132M (65%)         296M (17%)    
[2026-04-03T02:02:01.266+0600][20.334s][info][gc,heap     ] GC(14) O: Old Generation Statistics:
[2026-04-03T02:02:01.266+0600][20.334s][info][gc,heap     ] GC(14) O:                Mark Start          Mark End        Relocate Start      Relocate End    
[2026-04-03T02:02:01.266+0600][20.334s][info][gc,heap     ] GC(14) O:      Used:      176M (10%)         234M (13%)         266M (15%)         254M (15%)    
[2026-04-03T02:02:01.266+0600][20.334s][info][gc,heap     ] GC(14) O:      Live:         -               134M (8%)          134M (8%)          134M (8%)     
[2026-04-03T02:02:01.266+0600][20.334s][info][gc,heap     ] GC(14) O:   Garbage:         -                41M (2%)           41M (2%)           29M (2%)     
[2026-04-03T02:02:01.266+0600][20.334s][info][gc,heap     ] GC(14) O: Allocated:         -                58M (3%)           90M (5%)           90M (5%)     
[2026-04-03T02:02:01.266+0600][20.334s][info][gc,heap     ] GC(14) O: Reclaimed:         -                  -                 0M (0%)           12M (1%)     
[2026-04-03T02:02:01.266+0600][20.334s][info][gc,heap     ] GC(14) O: Compacted:         -                  -                  -                 3M (0%)     
[2026-04-03T02:02:01.266+0600][20.334s][info][gc,phases   ] GC(14) O: Old Generation 552M(32%)->316M(18%) 0.502s
[2026-04-03T02:02:01.266+0600][20.334s][info][gc          ] GC(14) Major Collection (Allocation Rate) 928M(53%)->316M(18%) 0.627s
[2026-04-03T02:02:01.573+0600][20.641s][info][gc          ] GC(19) Major Collection (Allocation Rate)
[2026-04-03T02:02:01.574+0600][20.641s][info][gc,task     ] GC(19) Using 3 Workers for Young Generation
[2026-04-03T02:02:01.574+0600][20.641s][info][gc,task     ] GC(19) Using 1 Workers for Old Generation
[2026-04-03T02:02:01.574+0600][20.641s][info][gc,phases   ] GC(19) Y: Young Generation
[2026-04-03T02:02:01.574+0600][20.641s][info][gc,phases   ] GC(19) Y: Pause Mark Start (Major) 0.017ms
[2026-04-03T02:02:01.581+0600][20.648s][info][gc,phases   ] GC(19) Y: Concurrent Mark 6.684ms
[2026-04-03T02:02:01.581+0600][20.648s][info][gc,phases   ] GC(19) Y: Pause Mark End 0.019ms
[2026-04-03T02:02:01.581+0600][20.648s][info][gc,phases   ] GC(19) Y: Concurrent Mark Free 0.001ms
[2026-04-03T02:02:01.581+0600][20.648s][info][gc,phases   ] GC(19) Y: Concurrent Reset Relocation Set 0.003ms
[2026-04-03T02:02:01.583+0600][20.651s][info][gc,reloc    ] GC(19) Y: Using tenuring threshold: 1 (Computed)
[2026-04-03T02:02:01.584+0600][20.651s][info][gc,phases   ] GC(19) Y: Concurrent Select Relocation Set 2.892ms
[2026-04-03T02:02:01.584+0600][20.651s][info][gc,phases   ] GC(19) Y: Pause Relocate Start 0.014ms
[2026-04-03T02:02:01.584+0600][20.652s][info][gc,phases   ] GC(19) Y: Concurrent Relocate 0.520ms
[2026-04-03T02:02:01.585+0600][20.652s][info][gc,alloc    ] GC(19) Y:                         Mark Start        Mark End      Relocate Start    Relocate End   
[2026-04-03T02:02:01.585+0600][20.652s][info][gc,alloc    ] GC(19) Y: Allocation Stalls:          0                0                0                0         
[2026-04-03T02:02:01.585+0600][20.652s][info][gc,load     ] GC(19) Y: Load: 3.52 (29%) / 3.95 (33%) / 5.67 (47%)
[2026-04-03T02:02:01.585+0600][20.652s][info][gc,mmu      ] GC(19) Y: MMU: 2ms/95.4%, 5ms/97.9%, 10ms/98.2%, 20ms/98.9%, 50ms/99.5%, 100ms/99.7%
[2026-04-03T02:02:01.585+0600][20.652s][info][gc,marking  ] GC(19) Y: Mark: 2 stripe(s), 2 proactive flush(es), 1 terminate flush(es), 0 completion(s), 0 continuation(s) 
[2026-04-03T02:02:01.585+0600][20.652s][info][gc,marking  ] GC(19) Y: Mark Stack Usage: 32M
[2026-04-03T02:02:01.585+0600][20.652s][info][gc,nmethod  ] GC(19) Y: NMethods: 4662 registered, 800 unregistered
[2026-04-03T02:02:01.585+0600][20.652s][info][gc,metaspace] GC(19) Y: Metaspace: 62M used, 63M committed, 1088M reserved
[2026-04-03T02:02:01.585+0600][20.652s][info][gc,reloc    ] GC(19) Y:                        Candidates     Selected     In-Place         Size        Empty    Relocated 
[2026-04-03T02:02:01.585+0600][20.652s][info][gc,reloc    ] GC(19) Y: Small Pages:                  300            7            0         600M         584M           0M 
[2026-04-03T02:02:01.585+0600][20.652s][info][gc,reloc    ] GC(19) Y: Medium Pages:                   1            0            0          32M          32M           0M 
[2026-04-03T02:02:01.585+0600][20.652s][info][gc,reloc    ] GC(19) Y: Large Pages:                    0            0            0           0M           0M           0M 
[2026-04-03T02:02:01.585+0600][20.652s][info][gc,reloc    ] GC(19) Y: Forwarding Usage: 0M
[2026-04-03T02:02:01.585+0600][20.652s][info][gc,reloc    ] GC(19) Y: Age Table:
[2026-04-03T02:02:01.585+0600][20.652s][info][gc,reloc    ] GC(19) Y:                    Live             Garbage             Small              Medium             Large        
[2026-04-03T02:02:01.585+0600][20.652s][info][gc,reloc    ] GC(19) Y: Eden               0M (0%)          623M (36%)        296 / 4              1 / 0              0 / 0        
[2026-04-03T02:02:01.585+0600][20.652s][info][gc,reloc    ] GC(19) Y: Survivor 1         0M (0%)            5M (0%)           3 / 2              0 / 0              0 / 0        
[2026-04-03T02:02:01.585+0600][20.652s][info][gc,reloc    ] GC(19) Y: Survivor 2         0M (0%)            1M (0%)           1 / 1              0 / 0              0 / 0        
[2026-04-03T02:02:01.585+0600][20.652s][info][gc,heap     ] GC(19) Y: Min Capacity: 8M(0%)
[2026-04-03T02:02:01.585+0600][20.652s][info][gc,heap     ] GC(19) Y: Max Capacity: 1750M(100%)
[2026-04-03T02:02:01.585+0600][20.652s][info][gc,heap     ] GC(19) Y: Soft Max Capacity: 1750M(100%)
[2026-04-03T02:02:01.585+0600][20.652s][info][gc,heap     ] GC(19) Y: Heap Statistics:
[2026-04-03T02:02:01.585+0600][20.652s][info][gc,heap     ] GC(19) Y:                Mark Start          Mark End        Relocate Start      Relocate End           High               Low         
[2026-04-03T02:02:01.585+0600][20.652s][info][gc,heap     ] GC(19) Y:  Capacity:     1672M (96%)        1672M (96%)        1672M (96%)        1672M (96%)        1672M (96%)        1672M (96%)    
[2026-04-03T02:02:01.585+0600][20.652s][info][gc,heap     ] GC(19) Y:      Free:      864M (49%)         854M (49%)        1468M (84%)        1472M (84%)        1472M (84%)         854M (49%)    
[2026-04-03T02:02:01.585+0600][20.652s][info][gc,heap     ] GC(19) Y:      Used:      886M (51%)         896M (51%)         282M (16%)         278M (16%)         896M (51%)         278M (16%)    
[2026-04-03T02:02:01.585+0600][20.652s][info][gc,heap     ] GC(19) Y: Young Generation Statistics:
[2026-04-03T02:02:01.585+0600][20.652s][info][gc,heap     ] GC(19) Y:                Mark Start          Mark End        Relocate Start      Relocate End    
[2026-04-03T02:02:01.585+0600][20.652s][info][gc,heap     ] GC(19) Y:      Used:      632M (36%)         642M (37%)          28M (2%)           18M (1%)     
[2026-04-03T02:02:01.585+0600][20.652s][info][gc,heap     ] GC(19) Y:      Live:         -                 0M (0%)            0M (0%)            0M (0%)     
[2026-04-03T02:02:01.585+0600][20.652s][info][gc,heap     ] GC(19) Y:   Garbage:         -               631M (36%)          15M (1%)            0M (0%)     
[2026-04-03T02:02:01.585+0600][20.652s][info][gc,heap     ] GC(19) Y: Allocated:         -                10M (1%)           12M (1%)           17M (1%)     
[2026-04-03T02:02:01.585+0600][20.652s][info][gc,heap     ] GC(19) Y: Reclaimed:         -                  -               616M (35%)         631M (36%)    
[2026-04-03T02:02:01.585+0600][20.652s][info][gc,heap     ] GC(19) Y:  Promoted:         -                  -                 0M (0%)            0M (0%)     
[2026-04-03T02:02:01.585+0600][20.652s][info][gc,heap     ] GC(19) Y: Compacted:         -                  -                  -                 0M (0%)     
[2026-04-03T02:02:01.585+0600][20.652s][info][gc,phases   ] GC(19) Y: Young Generation 886M(51%)->278M(16%) 0.011s
[2026-04-03T02:02:01.585+0600][20.652s][info][gc,phases   ] GC(19) O: Old Generation
[2026-04-03T02:02:01.979+0600][21.047s][info][gc,phases   ] GC(19) O: Concurrent Mark 394.486ms
[2026-04-03T02:02:01.980+0600][21.047s][info][gc,phases   ] GC(19) O: Pause Mark End 0.019ms
[2026-04-03T02:02:01.980+0600][21.047s][info][gc,phases   ] GC(19) O: Concurrent Mark Free 0.001ms
[2026-04-03T02:02:01.990+0600][21.057s][info][gc,phases   ] GC(19) O: Concurrent Process Non-Strong 10.108ms
[2026-04-03T02:02:01.990+0600][21.057s][info][gc,phases   ] GC(19) O: Concurrent Reset Relocation Set 0.002ms
[2026-04-03T02:02:01.994+0600][21.062s][info][gc,phases   ] GC(19) O: Concurrent Select Relocation Set 4.494ms
[2026-04-03T02:02:01.994+0600][21.062s][info][gc,task     ] GC(19) O: Using 3 Workers for Old Generation
[2026-04-03T02:02:02.008+0600][21.076s][info][gc,task     ] GC(19) O: Using 1 Workers for Old Generation
[2026-04-03T02:02:02.008+0600][21.076s][info][gc,phases   ] GC(19) O: Concurrent Remap Roots 13.734ms
[2026-04-03T02:02:02.008+0600][21.076s][info][gc,phases   ] GC(19) O: Pause Relocate Start 0.023ms
[2026-04-03T02:02:02.023+0600][21.091s][info][gc,phases   ] GC(19) O: Concurrent Relocate 14.803ms
[2026-04-03T02:02:02.024+0600][21.091s][info][gc,alloc    ] GC(19) O:                         Mark Start        Mark End      Relocate Start    Relocate End   
[2026-04-03T02:02:02.024+0600][21.091s][info][gc,alloc    ] GC(19) O: Allocation Stalls:          0                0                0                0         
[2026-04-03T02:02:02.024+0600][21.091s][info][gc,load     ] GC(19) O: Load: 3.52 (29%) / 3.95 (33%) / 5.67 (47%)
[2026-04-03T02:02:02.024+0600][21.091s][info][gc,mmu      ] GC(19) O: MMU: 2ms/95.4%, 5ms/97.9%, 10ms/98.2%, 20ms/98.9%, 50ms/99.5%, 100ms/99.7%
[2026-04-03T02:02:02.024+0600][21.091s][info][gc,marking  ] GC(19) O: Mark: 1 stripe(s), 2 proactive flush(es), 1 terminate flush(es), 0 completion(s), 0 continuation(s) 
[2026-04-03T02:02:02.024+0600][21.091s][info][gc,marking  ] GC(19) O: Mark Stack Usage: 32M
[2026-04-03T02:02:02.024+0600][21.091s][info][gc,nmethod  ] GC(19) O: NMethods: 4771 registered, 853 unregistered
[2026-04-03T02:02:02.024+0600][21.091s][info][gc,metaspace] GC(19) O: Metaspace: 64M used, 65M committed, 1088M reserved
[2026-04-03T02:02:02.024+0600][21.091s][info][gc,ref      ] GC(19) O:                       Encountered   Discovered     Enqueued 
[2026-04-03T02:02:02.024+0600][21.091s][info][gc,ref      ] GC(19) O: Soft References:             4738            0            0 
[2026-04-03T02:02:02.024+0600][21.091s][info][gc,ref      ] GC(19) O: Weak References:             5636         3695           15 
[2026-04-03T02:02:02.024+0600][21.091s][info][gc,ref      ] GC(19) O: Final References:              82            0            0 
[2026-04-03T02:02:02.024+0600][21.091s][info][gc,ref      ] GC(19) O: Phantom References:           594          368            0 
[2026-04-03T02:02:02.024+0600][21.091s][info][gc,reloc    ] GC(19) O:                        Candidates     Selected     In-Place         Size        Empty    Relocated 
[2026-04-03T02:02:02.024+0600][21.091s][info][gc,reloc    ] GC(19) O: Small Pages:                  100            3            0         200M           0M           2M 
[2026-04-03T02:02:02.024+0600][21.091s][info][gc,reloc    ] GC(19) O: Medium Pages:                   1            0            0          32M           0M           0M 
[2026-04-03T02:02:02.024+0600][21.091s][info][gc,reloc    ] GC(19) O: Large Pages:                    3            0            0          22M          10M           0M 
[2026-04-03T02:02:02.024+0600][21.091s][info][gc,reloc    ] GC(19) O: Forwarding Usage: 3M
[2026-04-03T02:02:02.024+0600][21.091s][info][gc,heap     ] GC(19) O: Min Capacity: 8M(0%)
[2026-04-03T02:02:02.024+0600][21.091s][info][gc,heap     ] GC(19) O: Max Capacity: 1750M(100%)
[2026-04-03T02:02:02.024+0600][21.091s][info][gc,heap     ] GC(19) O: Soft Max Capacity: 1750M(100%)
[2026-04-03T02:02:02.024+0600][21.091s][info][gc,heap     ] GC(19) O: Heap Statistics:
[2026-04-03T02:02:02.024+0600][21.091s][info][gc,heap     ] GC(19) O:                Mark Start          Mark End        Relocate Start      Relocate End           High               Low         
[2026-04-03T02:02:02.024+0600][21.091s][info][gc,heap     ] GC(19) O:  Capacity:     1672M (96%)        1672M (96%)        1672M (96%)        1672M (96%)        1672M (96%)        1672M (96%)    
[2026-04-03T02:02:02.024+0600][21.091s][info][gc,heap     ] GC(19) O:      Free:      864M (49%)        1416M (81%)        1426M (81%)        1432M (82%)        1472M (84%)         854M (49%)    
[2026-04-03T02:02:02.024+0600][21.091s][info][gc,heap     ] GC(19) O:      Used:      886M (51%)         334M (19%)         324M (19%)         318M (18%)         896M (51%)         278M (16%)    
[2026-04-03T02:02:02.024+0600][21.091s][info][gc,heap     ] GC(19) O: Old Generation Statistics:
[2026-04-03T02:02:02.024+0600][21.091s][info][gc,heap     ] GC(19) O:                Mark Start          Mark End        Relocate Start      Relocate End    
[2026-04-03T02:02:02.024+0600][21.091s][info][gc,heap     ] GC(19) O:      Used:      254M (15%)         260M (15%)         250M (14%)         244M (14%)    
[2026-04-03T02:02:02.024+0600][21.091s][info][gc,heap     ] GC(19) O:      Live:         -               207M (12%)         207M (12%)         207M (12%)    
[2026-04-03T02:02:02.024+0600][21.091s][info][gc,heap     ] GC(19) O:   Garbage:         -                46M (3%)           36M (2%)           29M (2%)     
[2026-04-03T02:02:02.024+0600][21.091s][info][gc,heap     ] GC(19) O: Allocated:         -                 6M (0%)            6M (0%)            7M (0%)     
[2026-04-03T02:02:02.024+0600][21.091s][info][gc,heap     ] GC(19) O: Reclaimed:         -                  -                10M (1%)           17M (1%)     
[2026-04-03T02:02:02.024+0600][21.091s][info][gc,heap     ] GC(19) O: Compacted:         -                  -                  -                 6M (0%)     
[2026-04-03T02:02:02.024+0600][21.091s][info][gc,phases   ] GC(19) O: Old Generation 278M(16%)->318M(18%) 0.439s
[2026-04-03T02:02:02.024+0600][21.091s][info][gc          ] GC(19) Major Collection (Allocation Rate) 886M(51%)->318M(18%) 0.450s
[2026-04-03T02:02:02.024+0600][21.091s][info][gc          ] GC(20) Major Collection (System.gc())
[2026-04-03T02:02:02.024+0600][21.091s][info][gc,task     ] GC(20) Using 3 Workers for Young Generation
[2026-04-03T02:02:02.024+0600][21.091s][info][gc,task     ] GC(20) Using 3 Workers for Old Generation
[2026-04-03T02:02:02.024+0600][21.091s][info][gc,phases   ] GC(20) Y: Young Generation (Promote All)
[2026-04-03T02:02:02.024+0600][21.091s][info][gc,phases   ] GC(20) Y: Pause Mark Start 0.019ms
[2026-04-03T02:02:02.031+0600][21.098s][info][gc,phases   ] GC(20) Y: Concurrent Mark 6.927ms
[2026-04-03T02:02:02.031+0600][21.099s][info][gc,phases   ] GC(20) Y: Pause Mark End 0.020ms
[2026-04-03T02:02:02.031+0600][21.099s][info][gc,phases   ] GC(20) Y: Concurrent Mark Free 0.001ms
[2026-04-03T02:02:02.031+0600][21.099s][info][gc,phases   ] GC(20) Y: Concurrent Reset Relocation Set 0.002ms
[2026-04-03T02:02:02.033+0600][21.100s][info][gc,reloc    ] GC(20) Y: Using tenuring threshold: 0 (Promote All)
[2026-04-03T02:02:02.033+0600][21.101s][info][gc,phases   ] GC(20) Y: Concurrent Select Relocation Set 1.938ms
[2026-04-03T02:02:02.033+0600][21.101s][info][gc,phases   ] GC(20) Y: Pause Relocate Start 0.019ms
[2026-04-03T02:02:02.034+0600][21.102s][info][gc,phases   ] GC(20) Y: Concurrent Relocate 0.893ms
[2026-04-03T02:02:02.034+0600][21.102s][info][gc,alloc    ] GC(20) Y:                         Mark Start        Mark End      Relocate Start    Relocate End   
[2026-04-03T02:02:02.034+0600][21.102s][info][gc,alloc    ] GC(20) Y: Allocation Stalls:          0                0                0                0         
[2026-04-03T02:02:02.034+0600][21.102s][info][gc,load     ] GC(20) Y: Load: 3.52 (29%) / 3.95 (33%) / 5.67 (47%)
[2026-04-03T02:02:02.034+0600][21.102s][info][gc,mmu      ] GC(20) Y: MMU: 2ms/95.4%, 5ms/97.9%, 10ms/98.2%, 20ms/98.9%, 50ms/99.5%, 100ms/99.7%
[2026-04-03T02:02:02.034+0600][21.102s][info][gc,marking  ] GC(20) Y: Mark: 2 stripe(s), 1 proactive flush(es), 1 terminate flush(es), 0 completion(s), 0 continuation(s) 
[2026-04-03T02:02:02.034+0600][21.102s][info][gc,marking  ] GC(20) Y: Mark Stack Usage: 32M
[2026-04-03T02:02:02.034+0600][21.102s][info][gc,nmethod  ] GC(20) Y: NMethods: 4771 registered, 853 unregistered
[2026-04-03T02:02:02.034+0600][21.102s][info][gc,metaspace] GC(20) Y: Metaspace: 64M used, 65M committed, 1088M reserved
[2026-04-03T02:02:02.034+0600][21.102s][info][gc,reloc    ] GC(20) Y:                        Candidates     Selected     In-Place         Size        Empty    Relocated 
[2026-04-03T02:02:02.034+0600][21.102s][info][gc,reloc    ] GC(20) Y: Small Pages:                   18           16            0          36M           2M           0M 
[2026-04-03T02:02:02.034+0600][21.102s][info][gc,reloc    ] GC(20) Y: Medium Pages:                   1            0            0          32M          32M           0M 
[2026-04-03T02:02:02.034+0600][21.102s][info][gc,reloc    ] GC(20) Y: Large Pages:                    1            0            0           6M           6M           0M 
[2026-04-03T02:02:02.034+0600][21.102s][info][gc,reloc    ] GC(20) Y: Forwarding Usage: 0M
[2026-04-03T02:02:02.034+0600][21.102s][info][gc,reloc    ] GC(20) Y: Age Table:
[2026-04-03T02:02:02.034+0600][21.102s][info][gc,reloc    ] GC(20) Y:                    Live             Garbage             Small              Medium             Large        
[2026-04-03T02:02:02.035+0600][21.102s][info][gc,reloc    ] GC(20) Y: Eden               0M (0%)           67M (4%)          15 / 14             1 / 0              1 / 0        
[2026-04-03T02:02:02.035+0600][21.102s][info][gc,reloc    ] GC(20) Y: Survivor 1         0M (0%)            5M (0%)           3 / 2              0 / 0              0 / 0        
[2026-04-03T02:02:02.035+0600][21.102s][info][gc,heap     ] GC(20) Y: Min Capacity: 8M(0%)
[2026-04-03T02:02:02.035+0600][21.102s][info][gc,heap     ] GC(20) Y: Max Capacity: 1750M(100%)
[2026-04-03T02:02:02.035+0600][21.102s][info][gc,heap     ] GC(20) Y: Soft Max Capacity: 1750M(100%)
[2026-04-03T02:02:02.035+0600][21.102s][info][gc,heap     ] GC(20) Y: Heap Statistics:
[2026-04-03T02:02:02.035+0600][21.102s][info][gc,heap     ] GC(20) Y:                Mark Start          Mark End        Relocate Start      Relocate End           High               Low         
[2026-04-03T02:02:02.035+0600][21.102s][info][gc,heap     ] GC(20) Y:  Capacity:     1672M (96%)        1672M (96%)        1672M (96%)        1672M (96%)        1672M (96%)        1672M (96%)    
[2026-04-03T02:02:02.035+0600][21.102s][info][gc,heap     ] GC(20) Y:      Free:     1432M (82%)        1432M (82%)        1472M (84%)        1500M (86%)        1500M (86%)        1432M (82%)    
[2026-04-03T02:02:02.035+0600][21.102s][info][gc,heap     ] GC(20) Y:      Used:      318M (18%)         318M (18%)         278M (16%)         250M (14%)         318M (18%)         250M (14%)    
[2026-04-03T02:02:02.035+0600][21.102s][info][gc,heap     ] GC(20) Y: Young Generation Statistics:
[2026-04-03T02:02:02.035+0600][21.102s][info][gc,heap     ] GC(20) Y:                Mark Start          Mark End        Relocate Start      Relocate End    
[2026-04-03T02:02:02.035+0600][21.102s][info][gc,heap     ] GC(20) Y:      Used:       74M (4%)           74M (4%)           34M (2%)            0M (0%)     
[2026-04-03T02:02:02.035+0600][21.102s][info][gc,heap     ] GC(20) Y:      Live:         -                 0M (0%)            0M (0%)            0M (0%)     
[2026-04-03T02:02:02.035+0600][21.102s][info][gc,heap     ] GC(20) Y:   Garbage:         -                73M (4%)           33M (2%)            0M (0%)     
[2026-04-03T02:02:02.035+0600][21.102s][info][gc,heap     ] GC(20) Y: Allocated:         -                 0M (0%)            0M (0%)            0M (0%)     
[2026-04-03T02:02:02.035+0600][21.102s][info][gc,heap     ] GC(20) Y: Reclaimed:         -                  -                40M (2%)           73M (4%)     
[2026-04-03T02:02:02.035+0600][21.102s][info][gc,heap     ] GC(20) Y:  Promoted:         -                  -                 0M (0%)            0M (0%)     
[2026-04-03T02:02:02.035+0600][21.102s][info][gc,heap     ] GC(20) Y: Compacted:         -                  -                  -                 0M (0%)     
[2026-04-03T02:02:02.035+0600][21.102s][info][gc,phases   ] GC(20) Y: Young Generation (Promote All) 318M(18%)->250M(14%) 0.011s
[2026-04-03T02:02:02.035+0600][21.102s][info][gc,phases   ] GC(20) Y: Young Generation (Collect Roots)
[2026-04-03T02:02:02.035+0600][21.102s][info][gc,phases   ] GC(20) Y: Pause Mark Start (Major) 0.033ms
[2026-04-03T02:02:02.041+0600][21.108s][info][gc,phases   ] GC(20) Y: Concurrent Mark 6.030ms
[2026-04-03T02:02:02.041+0600][21.109s][info][gc,phases   ] GC(20) Y: Pause Mark End 0.018ms
[2026-04-03T02:02:02.041+0600][21.109s][info][gc,phases   ] GC(20) Y: Concurrent Mark Free 0.209ms
[2026-04-03T02:02:02.041+0600][21.109s][info][gc,phases   ] GC(20) Y: Concurrent Reset Relocation Set 0.003ms
[2026-04-03T02:02:02.043+0600][21.110s][info][gc,reloc    ] GC(20) Y: Using tenuring threshold: 0 (Computed)
[2026-04-03T02:02:02.043+0600][21.110s][info][gc,phases   ] GC(20) Y: Concurrent Select Relocation Set 1.464ms
[2026-04-03T02:02:02.043+0600][21.110s][info][gc,phases   ] GC(20) Y: Pause Relocate Start 0.017ms
[2026-04-03T02:02:02.043+0600][21.110s][info][gc,phases   ] GC(20) Y: Concurrent Relocate 0.073ms
[2026-04-03T02:02:02.043+0600][21.111s][info][gc,alloc    ] GC(20) Y:                         Mark Start        Mark End      Relocate Start    Relocate End   
[2026-04-03T02:02:02.043+0600][21.111s][info][gc,alloc    ] GC(20) Y: Allocation Stalls:          0                0                0                0         
[2026-04-03T02:02:02.043+0600][21.111s][info][gc,load     ] GC(20) Y: Load: 3.52 (29%) / 3.95 (33%) / 5.67 (47%)
[2026-04-03T02:02:02.043+0600][21.111s][info][gc,mmu      ] GC(20) Y: MMU: 2ms/95.4%, 5ms/97.9%, 10ms/98.2%, 20ms/98.9%, 50ms/99.5%, 100ms/99.7%
[2026-04-03T02:02:02.043+0600][21.111s][info][gc,marking  ] GC(20) Y: Mark: 2 stripe(s), 1 proactive flush(es), 1 terminate flush(es), 0 completion(s), 0 continuation(s) 
[2026-04-03T02:02:02.043+0600][21.111s][info][gc,marking  ] GC(20) Y: Mark Stack Usage: 0M
[2026-04-03T02:02:02.043+0600][21.111s][info][gc,nmethod  ] GC(20) Y: NMethods: 4771 registered, 853 unregistered
[2026-04-03T02:02:02.043+0600][21.111s][info][gc,metaspace] GC(20) Y: Metaspace: 64M used, 65M committed, 1088M reserved
[2026-04-03T02:02:02.043+0600][21.111s][info][gc,heap     ] GC(20) Y: Min Capacity: 8M(0%)
[2026-04-03T02:02:02.043+0600][21.111s][info][gc,heap     ] GC(20) Y: Max Capacity: 1750M(100%)
[2026-04-03T02:02:02.043+0600][21.111s][info][gc,heap     ] GC(20) Y: Soft Max Capacity: 1750M(100%)
[2026-04-03T02:02:02.043+0600][21.111s][info][gc,heap     ] GC(20) Y: Heap Statistics:
[2026-04-03T02:02:02.043+0600][21.111s][info][gc,heap     ] GC(20) Y:                Mark Start          Mark End        Relocate Start      Relocate End           High               Low         
[2026-04-03T02:02:02.043+0600][21.111s][info][gc,heap     ] GC(20) Y:  Capacity:     1672M (96%)        1672M (96%)        1672M (96%)        1672M (96%)        1672M (96%)        1672M (96%)    
[2026-04-03T02:02:02.043+0600][21.111s][info][gc,heap     ] GC(20) Y:      Free:     1500M (86%)        1500M (86%)        1500M (86%)        1500M (86%)        1500M (86%)        1500M (86%)    
[2026-04-03T02:02:02.043+0600][21.111s][info][gc,heap     ] GC(20) Y:      Used:      250M (14%)         250M (14%)         250M (14%)         250M (14%)         250M (14%)         250M (14%)    
[2026-04-03T02:02:02.043+0600][21.111s][info][gc,heap     ] GC(20) Y: Young Generation Statistics:
[2026-04-03T02:02:02.043+0600][21.111s][info][gc,heap     ] GC(20) Y:                Mark Start          Mark End        Relocate Start      Relocate End    
[2026-04-03T02:02:02.043+0600][21.111s][info][gc,heap     ] GC(20) Y:      Used:        0M (0%)            0M (0%)            0M (0%)            0M (0%)     
[2026-04-03T02:02:02.043+0600][21.111s][info][gc,heap     ] GC(20) Y:      Live:         -                 0M (0%)            0M (0%)            0M (0%)     
[2026-04-03T02:02:02.043+0600][21.111s][info][gc,heap     ] GC(20) Y:   Garbage:         -                 0M (0%)            0M (0%)            0M (0%)     
[2026-04-03T02:02:02.043+0600][21.111s][info][gc,heap     ] GC(20) Y: Allocated:         -                 0M (0%)            0M (0%)            0M (0%)     
[2026-04-03T02:02:02.043+0600][21.111s][info][gc,heap     ] GC(20) Y: Reclaimed:         -                  -                 0M (0%)            0M (0%)     
[2026-04-03T02:02:02.043+0600][21.111s][info][gc,heap     ] GC(20) Y:  Promoted:         -                  -                 0M (0%)            0M (0%)     
[2026-04-03T02:02:02.043+0600][21.111s][info][gc,heap     ] GC(20) Y: Compacted:         -                  -                  -                 0M (0%)     
[2026-04-03T02:02:02.043+0600][21.111s][info][gc,phases   ] GC(20) Y: Young Generation (Collect Roots) 250M(14%)->250M(14%) 0.008s
[2026-04-03T02:02:02.043+0600][21.111s][info][gc,phases   ] GC(20) O: Old Generation
[2026-04-03T02:02:02.184+0600][21.251s][info][gc,phases   ] GC(20) O: Concurrent Mark 140.705ms
[2026-04-03T02:02:02.184+0600][21.252s][info][gc,phases   ] GC(20) O: Pause Mark End 0.035ms
[2026-04-03T02:02:02.184+0600][21.252s][info][gc,phases   ] GC(20) O: Concurrent Mark Free 0.002ms
[2026-04-03T02:02:02.197+0600][21.264s][info][gc,phases   ] GC(20) O: Concurrent Process Non-Strong 12.730ms
[2026-04-03T02:02:02.197+0600][21.264s][info][gc,phases   ] GC(20) O: Concurrent Reset Relocation Set 0.003ms
[2026-04-03T02:02:02.199+0600][21.266s][info][gc,phases   ] GC(20) O: Concurrent Select Relocation Set 1.542ms
[2026-04-03T02:02:02.199+0600][21.266s][info][gc,task     ] GC(20) O: Using 3 Workers for Old Generation
[2026-04-03T02:02:02.216+0600][21.284s][info][gc,task     ] GC(20) O: Using 3 Workers for Old Generation
[2026-04-03T02:02:02.216+0600][21.284s][info][gc,phases   ] GC(20) O: Concurrent Remap Roots 17.597ms
[2026-04-03T02:02:02.216+0600][21.284s][info][gc,phases   ] GC(20) O: Pause Relocate Start 0.021ms
[2026-04-03T02:02:02.220+0600][21.287s][info][gc,phases   ] GC(20) O: Concurrent Relocate 3.348ms
[2026-04-03T02:02:02.220+0600][21.287s][info][gc,alloc    ] GC(20) O:                         Mark Start        Mark End      Relocate Start    Relocate End   
[2026-04-03T02:02:02.220+0600][21.287s][info][gc,alloc    ] GC(20) O: Allocation Stalls:          0                0                0                0         
[2026-04-03T02:02:02.220+0600][21.287s][info][gc,load     ] GC(20) O: Load: 3.52 (29%) / 3.95 (33%) / 5.67 (47%)
[2026-04-03T02:02:02.220+0600][21.287s][info][gc,mmu      ] GC(20) O: MMU: 2ms/95.4%, 5ms/97.9%, 10ms/98.2%, 20ms/98.9%, 50ms/99.5%, 100ms/99.7%
[2026-04-03T02:02:02.220+0600][21.287s][info][gc,marking  ] GC(20) O: Mark: 2 stripe(s), 3 proactive flush(es), 1 terminate flush(es), 0 completion(s), 0 continuation(s) 
[2026-04-03T02:02:02.220+0600][21.287s][info][gc,marking  ] GC(20) O: Mark Stack Usage: 32M
[2026-04-03T02:02:02.220+0600][21.287s][info][gc,nmethod  ] GC(20) O: NMethods: 4759 registered, 889 unregistered
[2026-04-03T02:02:02.220+0600][21.287s][info][gc,metaspace] GC(20) O: Metaspace: 64M used, 65M committed, 1088M reserved
[2026-04-03T02:02:02.220+0600][21.287s][info][gc,ref      ] GC(20) O:                       Encountered   Discovered     Enqueued 
[2026-04-03T02:02:02.220+0600][21.287s][info][gc,ref      ] GC(20) O: Soft References:             4784            0            0 
[2026-04-03T02:02:02.220+0600][21.287s][info][gc,ref      ] GC(20) O: Weak References:             6084         5091          409 
[2026-04-03T02:02:02.220+0600][21.288s][info][gc,ref      ] GC(20) O: Final References:              82            0            0 
[2026-04-03T02:02:02.220+0600][21.288s][info][gc,ref      ] GC(20) O: Phantom References:           595          530            0 
[2026-04-03T02:02:02.220+0600][21.288s][info][gc,reloc    ] GC(20) O:                        Candidates     Selected     In-Place         Size        Empty    Relocated 
[2026-04-03T02:02:02.220+0600][21.288s][info][gc,reloc    ] GC(20) O: Small Pages:                  103            6            0         206M           0M           1M 
[2026-04-03T02:02:02.220+0600][21.288s][info][gc,reloc    ] GC(20) O: Medium Pages:                   1            0            0          32M           0M           0M 
[2026-04-03T02:02:02.220+0600][21.288s][info][gc,reloc    ] GC(20) O: Large Pages:                    2            0            0          12M           0M           0M 
[2026-04-03T02:02:02.220+0600][21.288s][info][gc,reloc    ] GC(20) O: Forwarding Usage: 0M
[2026-04-03T02:02:02.220+0600][21.288s][info][gc,heap     ] GC(20) O: Min Capacity: 8M(0%)
[2026-04-03T02:02:02.220+0600][21.288s][info][gc,heap     ] GC(20) O: Max Capacity: 1750M(100%)
[2026-04-03T02:02:02.220+0600][21.288s][info][gc,heap     ] GC(20) O: Soft Max Capacity: 1750M(100%)
[2026-04-03T02:02:02.220+0600][21.288s][info][gc,heap     ] GC(20) O: Heap Statistics:
[2026-04-03T02:02:02.220+0600][21.288s][info][gc,heap     ] GC(20) O:                Mark Start          Mark End        Relocate Start      Relocate End           High               Low         
[2026-04-03T02:02:02.220+0600][21.288s][info][gc,heap     ] GC(20) O:  Capacity:     1672M (96%)        1672M (96%)        1672M (96%)        1672M (96%)        1672M (96%)        1672M (96%)    
[2026-04-03T02:02:02.220+0600][21.288s][info][gc,heap     ] GC(20) O:      Free:     1500M (86%)        1498M (86%)        1482M (85%)        1484M (85%)        1500M (86%)        1470M (84%)    
[2026-04-03T02:02:02.220+0600][21.288s][info][gc,heap     ] GC(20) O:      Used:      250M (14%)         252M (14%)         268M (15%)         266M (15%)         280M (16%)         250M (14%)    
[2026-04-03T02:02:02.220+0600][21.288s][info][gc,heap     ] GC(20) O: Old Generation Statistics:
[2026-04-03T02:02:02.220+0600][21.288s][info][gc,heap     ] GC(20) O:                Mark Start          Mark End        Relocate Start      Relocate End    
[2026-04-03T02:02:02.220+0600][21.288s][info][gc,heap     ] GC(20) O:      Used:      250M (14%)         250M (14%)         250M (14%)         248M (14%)    
[2026-04-03T02:02:02.220+0600][21.288s][info][gc,heap     ] GC(20) O:      Live:         -               207M (12%)         207M (12%)         207M (12%)    
[2026-04-03T02:02:02.220+0600][21.288s][info][gc,heap     ] GC(20) O:   Garbage:         -                42M (2%)           42M (2%)           29M (2%)     
[2026-04-03T02:02:02.220+0600][21.288s][info][gc,heap     ] GC(20) O: Allocated:         -                 0M (0%)            0M (0%)           10M (1%)     
[2026-04-03T02:02:02.220+0600][21.288s][info][gc,heap     ] GC(20) O: Reclaimed:         -                  -                 0M (0%)           12M (1%)     
[2026-04-03T02:02:02.220+0600][21.288s][info][gc,heap     ] GC(20) O: Compacted:         -                  -                  -                 1M (0%)     
[2026-04-03T02:02:02.220+0600][21.288s][info][gc,phases   ] GC(20) O: Old Generation 250M(14%)->266M(15%) 0.177s
[2026-04-03T02:02:02.220+0600][21.288s][info][gc          ] GC(20) Major Collection (System.gc()) 318M(18%)->266M(15%) 0.196s
[2026-04-03T02:02:02.587+0600][21.655s][info][gc          ] GC(21) Minor Collection (Allocation Rate)
[2026-04-03T02:02:02.587+0600][21.655s][info][gc,task     ] GC(21) Using 2 Workers for Young Generation
[2026-04-03T02:02:02.587+0600][21.655s][info][gc,phases   ] GC(21) y: Young Generation
[2026-04-03T02:02:02.588+0600][21.655s][info][gc,phases   ] GC(21) y: Pause Mark Start 0.164ms
[2026-04-03T02:02:02.596+0600][21.664s][info][gc,phases   ] GC(21) y: Concurrent Mark 8.110ms
[2026-04-03T02:02:02.596+0600][21.664s][info][gc,phases   ] GC(21) y: Pause Mark End 0.017ms
[2026-04-03T02:02:02.596+0600][21.664s][info][gc,phases   ] GC(21) y: Concurrent Mark Free 0.001ms
[2026-04-03T02:02:02.596+0600][21.664s][info][gc,phases   ] GC(21) y: Concurrent Reset Relocation Set 0.000ms
[2026-04-03T02:02:02.598+0600][21.666s][info][gc,reloc    ] GC(21) y: Using tenuring threshold: 1 (Computed)
[2026-04-03T02:02:02.598+0600][21.666s][info][gc,phases   ] GC(21) y: Concurrent Select Relocation Set 1.974ms
[2026-04-03T02:02:02.599+0600][21.666s][info][gc,phases   ] GC(21) y: Pause Relocate Start 0.012ms
[2026-04-03T02:02:02.599+0600][21.667s][info][gc,phases   ] GC(21) y: Concurrent Relocate 0.674ms
[2026-04-03T02:02:02.599+0600][21.667s][info][gc,alloc    ] GC(21) y:                         Mark Start        Mark End      Relocate Start    Relocate End   
[2026-04-03T02:02:02.599+0600][21.667s][info][gc,alloc    ] GC(21) y: Allocation Stalls:          0                0                0                0         
[2026-04-03T02:02:02.599+0600][21.667s][info][gc,load     ] GC(21) y: Load: 3.52 (29%) / 3.95 (33%) / 5.67 (47%)
[2026-04-03T02:02:02.599+0600][21.667s][info][gc,mmu      ] GC(21) y: MMU: 2ms/91.8%, 5ms/96.7%, 10ms/98.2%, 20ms/98.9%, 50ms/99.5%, 100ms/99.7%
[2026-04-03T02:02:02.599+0600][21.667s][info][gc,marking  ] GC(21) y: Mark: 2 stripe(s), 2 proactive flush(es), 1 terminate flush(es), 0 completion(s), 0 continuation(s) 
[2026-04-03T02:02:02.599+0600][21.667s][info][gc,marking  ] GC(21) y: Mark Stack Usage: 32M
[2026-04-03T02:02:02.599+0600][21.667s][info][gc,nmethod  ] GC(21) y: NMethods: 4911 registered, 0 unregistered
[2026-04-03T02:02:02.599+0600][21.667s][info][gc,metaspace] GC(21) y: Metaspace: 64M used, 65M committed, 1088M reserved
[2026-04-03T02:02:02.599+0600][21.667s][info][gc,reloc    ] GC(21) y:                        Candidates     Selected     In-Place         Size        Empty    Relocated 
[2026-04-03T02:02:02.599+0600][21.667s][info][gc,reloc    ] GC(21) y: Small Pages:                  326           23            0         652M         604M           0M 
[2026-04-03T02:02:02.599+0600][21.667s][info][gc,reloc    ] GC(21) y: Medium Pages:                   1            0            0          32M          32M           0M 
[2026-04-03T02:02:02.600+0600][21.667s][info][gc,reloc    ] GC(21) y: Large Pages:                    2            0            0          12M          12M           0M 
[2026-04-03T02:02:02.600+0600][21.667s][info][gc,reloc    ] GC(21) y: Forwarding Usage: 0M
[2026-04-03T02:02:02.600+0600][21.667s][info][gc,reloc    ] GC(21) y: Age Table:
[2026-04-03T02:02:02.600+0600][21.667s][info][gc,reloc    ] GC(21) y:                    Live             Garbage             Small              Medium             Large        
[2026-04-03T02:02:02.600+0600][21.667s][info][gc,reloc    ] GC(21) y: Eden               0M (0%)          695M (40%)        326 / 23             1 / 0              2 / 0        
[2026-04-03T02:02:02.600+0600][21.667s][info][gc,heap     ] GC(21) y: Min Capacity: 8M(0%)
[2026-04-03T02:02:02.600+0600][21.667s][info][gc,heap     ] GC(21) y: Max Capacity: 1750M(100%)
[2026-04-03T02:02:02.600+0600][21.667s][info][gc,heap     ] GC(21) y: Soft Max Capacity: 1750M(100%)
[2026-04-03T02:02:02.600+0600][21.667s][info][gc,heap     ] GC(21) y: Heap Statistics:
[2026-04-03T02:02:02.600+0600][21.667s][info][gc,heap     ] GC(21) y:                Mark Start          Mark End        Relocate Start      Relocate End           High               Low         
[2026-04-03T02:02:02.600+0600][21.667s][info][gc,heap     ] GC(21) y:  Capacity:     1672M (96%)        1672M (96%)        1672M (96%)        1672M (96%)        1672M (96%)        1672M (96%)    
[2026-04-03T02:02:02.600+0600][21.667s][info][gc,heap     ] GC(21) y:      Free:      806M (46%)         786M (45%)        1426M (81%)        1466M (84%)        1466M (84%)         784M (45%)    
[2026-04-03T02:02:02.600+0600][21.667s][info][gc,heap     ] GC(21) y:      Used:      944M (54%)         964M (55%)         324M (19%)         284M (16%)         966M (55%)         284M (16%)    
[2026-04-03T02:02:02.600+0600][21.667s][info][gc,heap     ] GC(21) y: Young Generation Statistics:
[2026-04-03T02:02:02.600+0600][21.667s][info][gc,heap     ] GC(21) y:                Mark Start          Mark End        Relocate Start      Relocate End    
[2026-04-03T02:02:02.600+0600][21.667s][info][gc,heap     ] GC(21) y:      Used:      696M (40%)         716M (41%)          76M (4%)           36M (2%)     
[2026-04-03T02:02:02.600+0600][21.667s][info][gc,heap     ] GC(21) y:      Live:         -                 0M (0%)            0M (0%)            0M (0%)     
[2026-04-03T02:02:02.600+0600][21.667s][info][gc,heap     ] GC(21) y:   Garbage:         -               695M (40%)          47M (3%)            0M (0%)     
[2026-04-03T02:02:02.600+0600][21.667s][info][gc,heap     ] GC(21) y: Allocated:         -                20M (1%)           28M (2%)           35M (2%)     
[2026-04-03T02:02:02.600+0600][21.667s][info][gc,heap     ] GC(21) y: Reclaimed:         -                  -               648M (37%)         695M (40%)    
[2026-04-03T02:02:02.600+0600][21.667s][info][gc,heap     ] GC(21) y:  Promoted:         -                  -                 0M (0%)            0M (0%)     
[2026-04-03T02:02:02.600+0600][21.667s][info][gc,heap     ] GC(21) y: Compacted:         -                  -                  -                 0M (0%)     
[2026-04-03T02:02:02.600+0600][21.667s][info][gc,phases   ] GC(21) y: Young Generation 944M(54%)->284M(16%) 0.012s
[2026-04-03T02:02:02.600+0600][21.667s][info][gc          ] GC(21) Minor Collection (Allocation Rate) 942M(54%)->284M(16%) 0.012s
[2026-04-03T02:02:02.959+0600][22.026s][info][gc          ] GC(22) Minor Collection (Allocation Rate)
[2026-04-03T02:02:02.959+0600][22.026s][info][gc,task     ] GC(22) Using 3 Workers for Young Generation
[2026-04-03T02:02:02.959+0600][22.026s][info][gc,phases   ] GC(22) y: Young Generation
[2026-04-03T02:02:02.959+0600][22.027s][info][gc,phases   ] GC(22) y: Pause Mark Start 0.024ms
[2026-04-03T02:02:02.967+0600][22.034s][info][gc,phases   ] GC(22) y: Concurrent Mark 7.195ms
[2026-04-03T02:02:02.967+0600][22.034s][info][gc,phases   ] GC(22) y: Pause Mark End 0.023ms
[2026-04-03T02:02:02.967+0600][22.034s][info][gc,phases   ] GC(22) y: Concurrent Mark Free 0.001ms
[2026-04-03T02:02:02.967+0600][22.034s][info][gc,phases   ] GC(22) y: Concurrent Reset Relocation Set 0.005ms
[2026-04-03T02:02:02.969+0600][22.036s][info][gc,reloc    ] GC(22) y: Using tenuring threshold: 1 (Computed)
[2026-04-03T02:02:02.970+0600][22.037s][info][gc,phases   ] GC(22) y: Concurrent Select Relocation Set 2.547ms
[2026-04-03T02:02:02.970+0600][22.037s][info][gc,phases   ] GC(22) y: Pause Relocate Start 0.013ms
[2026-04-03T02:02:02.971+0600][22.038s][info][gc,phases   ] GC(22) y: Concurrent Relocate 0.966ms
[2026-04-03T02:02:02.971+0600][22.038s][info][gc,alloc    ] GC(22) y:                         Mark Start        Mark End      Relocate Start    Relocate End   
[2026-04-03T02:02:02.971+0600][22.038s][info][gc,alloc    ] GC(22) y: Allocation Stalls:          0                0                0                0         
[2026-04-03T02:02:02.971+0600][22.039s][info][gc,load     ] GC(22) y: Load: 3.52 (29%) / 3.95 (33%) / 5.67 (47%)
[2026-04-03T02:02:02.971+0600][22.039s][info][gc,mmu      ] GC(22) y: MMU: 2ms/91.8%, 5ms/96.7%, 10ms/98.2%, 20ms/98.9%, 50ms/99.5%, 100ms/99.7%
[2026-04-03T02:02:02.971+0600][22.039s][info][gc,marking  ] GC(22) y: Mark: 2 stripe(s), 2 proactive flush(es), 1 terminate flush(es), 0 completion(s), 0 continuation(s) 
[2026-04-03T02:02:02.971+0600][22.039s][info][gc,marking  ] GC(22) y: Mark Stack Usage: 32M
[2026-04-03T02:02:02.971+0600][22.039s][info][gc,nmethod  ] GC(22) y: NMethods: 4911 registered, 0 unregistered
[2026-04-03T02:02:02.971+0600][22.039s][info][gc,metaspace] GC(22) y: Metaspace: 64M used, 65M committed, 1088M reserved
[2026-04-03T02:02:02.971+0600][22.039s][info][gc,reloc    ] GC(22) y:                        Candidates     Selected     In-Place         Size        Empty    Relocated 
[2026-04-03T02:02:02.971+0600][22.039s][info][gc,reloc    ] GC(22) y: Small Pages:                  492           10            0         984M         962M           0M 
[2026-04-03T02:02:02.971+0600][22.039s][info][gc,reloc    ] GC(22) y: Medium Pages:                   0            0            0           0M           0M           0M 
[2026-04-03T02:02:02.971+0600][22.039s][info][gc,reloc    ] GC(22) y: Large Pages:                    0            0            0           0M           0M           0M 
[2026-04-03T02:02:02.971+0600][22.039s][info][gc,reloc    ] GC(22) y: Forwarding Usage: 0M
[2026-04-03T02:02:02.971+0600][22.039s][info][gc,reloc    ] GC(22) y: Age Table:
[2026-04-03T02:02:02.971+0600][22.039s][info][gc,reloc    ] GC(22) y:                    Live             Garbage             Small              Medium             Large        
[2026-04-03T02:02:02.971+0600][22.039s][info][gc,reloc    ] GC(22) y: Eden               0M (0%)          975M (56%)        488 / 6              0 / 0              0 / 0        
[2026-04-03T02:02:02.971+0600][22.039s][info][gc,reloc    ] GC(22) y: Survivor 1         0M (0%)            7M (0%)           4 / 4              0 / 0              0 / 0        
[2026-04-03T02:02:02.971+0600][22.039s][info][gc,heap     ] GC(22) y: Min Capacity: 8M(0%)
[2026-04-03T02:02:02.971+0600][22.039s][info][gc,heap     ] GC(22) y: Max Capacity: 1750M(100%)
[2026-04-03T02:02:02.971+0600][22.039s][info][gc,heap     ] GC(22) y: Soft Max Capacity: 1750M(100%)
[2026-04-03T02:02:02.971+0600][22.039s][info][gc,heap     ] GC(22) y: Heap Statistics:
[2026-04-03T02:02:02.971+0600][22.039s][info][gc,heap     ] GC(22) y:                Mark Start          Mark End        Relocate Start      Relocate End           High               Low         
[2026-04-03T02:02:02.971+0600][22.039s][info][gc,heap     ] GC(22) y:  Capacity:     1672M (96%)        1672M (96%)        1672M (96%)        1672M (96%)        1672M (96%)        1672M (96%)    
[2026-04-03T02:02:02.971+0600][22.039s][info][gc,heap     ] GC(22) y:      Free:      518M (30%)         498M (28%)        1452M (83%)        1456M (83%)        1456M (83%)         498M (28%)    
[2026-04-03T02:02:02.971+0600][22.039s][info][gc,heap     ] GC(22) y:      Used:     1232M (70%)        1252M (72%)         298M (17%)         294M (17%)        1252M (72%)         294M (17%)    
[2026-04-03T02:02:02.971+0600][22.039s][info][gc,heap     ] GC(22) y: Young Generation Statistics:
[2026-04-03T02:02:02.971+0600][22.039s][info][gc,heap     ] GC(22) y:                Mark Start          Mark End        Relocate Start      Relocate End    
[2026-04-03T02:02:02.971+0600][22.039s][info][gc,heap     ] GC(22) y:      Used:      984M (56%)        1004M (57%)          50M (3%)           36M (2%)     
[2026-04-03T02:02:02.971+0600][22.039s][info][gc,heap     ] GC(22) y:      Live:         -                 0M (0%)            0M (0%)            0M (0%)     
[2026-04-03T02:02:02.971+0600][22.039s][info][gc,heap     ] GC(22) y:   Garbage:         -               983M (56%)          21M (1%)            0M (0%)     
[2026-04-03T02:02:02.971+0600][22.039s][info][gc,heap     ] GC(22) y: Allocated:         -                20M (1%)           28M (2%)           35M (2%)     
[2026-04-03T02:02:02.971+0600][22.039s][info][gc,heap     ] GC(22) y: Reclaimed:         -                  -               962M (55%)         983M (56%)    
[2026-04-03T02:02:02.971+0600][22.039s][info][gc,heap     ] GC(22) y:  Promoted:         -                  -                 0M (0%)            0M (0%)     
[2026-04-03T02:02:02.971+0600][22.039s][info][gc,heap     ] GC(22) y: Compacted:         -                  -                  -                 0M (0%)     
[2026-04-03T02:02:02.971+0600][22.039s][info][gc,phases   ] GC(22) y: Young Generation 1230M(70%)->294M(17%) 0.012s
[2026-04-03T02:02:02.971+0600][22.039s][info][gc          ] GC(22) Minor Collection (Allocation Rate) 1230M(70%)->294M(17%) 0.012s
[2026-04-03T02:02:03.040+0600][22.107s][info][gc          ] GC(23) Major Collection (System.gc())
[2026-04-03T02:02:03.040+0600][22.107s][info][gc,task     ] GC(23) Using 3 Workers for Young Generation
[2026-04-03T02:02:03.040+0600][22.107s][info][gc,task     ] GC(23) Using 3 Workers for Old Generation
[2026-04-03T02:02:03.040+0600][22.107s][info][gc,phases   ] GC(23) Y: Young Generation (Promote All)
[2026-04-03T02:02:03.040+0600][22.108s][info][gc,phases   ] GC(23) Y: Pause Mark Start 0.019ms
[2026-04-03T02:02:03.048+0600][22.116s][info][gc,phases   ] GC(23) Y: Concurrent Mark 8.004ms
[2026-04-03T02:02:03.048+0600][22.116s][info][gc,phases   ] GC(23) Y: Pause Mark End 0.020ms
[2026-04-03T02:02:03.049+0600][22.116s][info][gc,phases   ] GC(23) Y: Concurrent Mark Free 0.002ms
[2026-04-03T02:02:03.049+0600][22.116s][info][gc,phases   ] GC(23) Y: Concurrent Reset Relocation Set 0.003ms
[2026-04-03T02:02:03.050+0600][22.118s][info][gc,reloc    ] GC(23) Y: Using tenuring threshold: 0 (Promote All)
[2026-04-03T02:02:03.051+0600][22.118s][info][gc,phases   ] GC(23) Y: Concurrent Select Relocation Set 2.033ms
[2026-04-03T02:02:03.051+0600][22.118s][info][gc,phases   ] GC(23) Y: Pause Relocate Start 0.017ms
[2026-04-03T02:02:03.051+0600][22.119s][info][gc,phases   ] GC(23) Y: Concurrent Relocate 0.548ms
[2026-04-03T02:02:03.051+0600][22.119s][info][gc,alloc    ] GC(23) Y:                         Mark Start        Mark End      Relocate Start    Relocate End   
[2026-04-03T02:02:03.051+0600][22.119s][info][gc,alloc    ] GC(23) Y: Allocation Stalls:          0                0                0                0         
[2026-04-03T02:02:03.051+0600][22.119s][info][gc,load     ] GC(23) Y: Load: 3.52 (29%) / 3.95 (33%) / 5.67 (47%)
[2026-04-03T02:02:03.051+0600][22.119s][info][gc,mmu      ] GC(23) Y: MMU: 2ms/91.8%, 5ms/96.7%, 10ms/98.2%, 20ms/98.9%, 50ms/99.5%, 100ms/99.7%
[2026-04-03T02:02:03.052+0600][22.119s][info][gc,marking  ] GC(23) Y: Mark: 2 stripe(s), 1 proactive flush(es), 1 terminate flush(es), 0 completion(s), 0 continuation(s) 
[2026-04-03T02:02:03.052+0600][22.119s][info][gc,marking  ] GC(23) Y: Mark Stack Usage: 32M
[2026-04-03T02:02:03.052+0600][22.119s][info][gc,nmethod  ] GC(23) Y: NMethods: 5026 registered, 0 unregistered
[2026-04-03T02:02:03.052+0600][22.119s][info][gc,metaspace] GC(23) Y: Metaspace: 64M used, 65M committed, 1088M reserved
[2026-04-03T02:02:03.052+0600][22.119s][info][gc,reloc    ] GC(23) Y:                        Candidates     Selected     In-Place         Size        Empty    Relocated 
[2026-04-03T02:02:03.052+0600][22.119s][info][gc,reloc    ] GC(23) Y: Small Pages:                   59           14            0         118M          88M           0M 
[2026-04-03T02:02:03.052+0600][22.119s][info][gc,reloc    ] GC(23) Y: Medium Pages:                   1            0            0          32M          32M           0M 
[2026-04-03T02:02:03.052+0600][22.119s][info][gc,reloc    ] GC(23) Y: Large Pages:                    1            0            0           6M           6M           0M 
[2026-04-03T02:02:03.052+0600][22.119s][info][gc,reloc    ] GC(23) Y: Forwarding Usage: 0M
[2026-04-03T02:02:03.052+0600][22.119s][info][gc,reloc    ] GC(23) Y: Age Table:
[2026-04-03T02:02:03.052+0600][22.119s][info][gc,reloc    ] GC(23) Y:                    Live             Garbage             Small              Medium             Large        
[2026-04-03T02:02:03.052+0600][22.119s][info][gc,reloc    ] GC(23) Y: Eden               0M (0%)          147M (8%)          55 / 11             1 / 0              1 / 0        
[2026-04-03T02:02:03.052+0600][22.119s][info][gc,reloc    ] GC(23) Y: Survivor 1         0M (0%)            7M (0%)           4 / 3              0 / 0              0 / 0        
[2026-04-03T02:02:03.052+0600][22.119s][info][gc,heap     ] GC(23) Y: Min Capacity: 8M(0%)
[2026-04-03T02:02:03.052+0600][22.119s][info][gc,heap     ] GC(23) Y: Max Capacity: 1750M(100%)
[2026-04-03T02:02:03.052+0600][22.119s][info][gc,heap     ] GC(23) Y: Soft Max Capacity: 1750M(100%)
[2026-04-03T02:02:03.052+0600][22.119s][info][gc,heap     ] GC(23) Y: Heap Statistics:
[2026-04-03T02:02:03.052+0600][22.119s][info][gc,heap     ] GC(23) Y:                Mark Start          Mark End        Relocate Start      Relocate End           High               Low         
[2026-04-03T02:02:03.052+0600][22.119s][info][gc,heap     ] GC(23) Y:  Capacity:     1672M (96%)        1672M (96%)        1672M (96%)        1672M (96%)        1672M (96%)        1672M (96%)    
[2026-04-03T02:02:03.052+0600][22.119s][info][gc,heap     ] GC(23) Y:      Free:     1336M (76%)        1334M (76%)        1460M (83%)        1484M (85%)        1484M (85%)        1334M (76%)    
[2026-04-03T02:02:03.052+0600][22.119s][info][gc,heap     ] GC(23) Y:      Used:      414M (24%)         416M (24%)         290M (17%)         266M (15%)         416M (24%)         266M (15%)    
[2026-04-03T02:02:03.052+0600][22.119s][info][gc,heap     ] GC(23) Y: Young Generation Statistics:
[2026-04-03T02:02:03.052+0600][22.119s][info][gc,heap     ] GC(23) Y:                Mark Start          Mark End        Relocate Start      Relocate End    
[2026-04-03T02:02:03.052+0600][22.119s][info][gc,heap     ] GC(23) Y:      Used:      156M (9%)          158M (9%)           32M (2%)            2M (0%)     
[2026-04-03T02:02:03.052+0600][22.119s][info][gc,heap     ] GC(23) Y:      Live:         -                 0M (0%)            0M (0%)            0M (0%)     
[2026-04-03T02:02:03.052+0600][22.119s][info][gc,heap     ] GC(23) Y:   Garbage:         -               155M (9%)           29M (2%)            0M (0%)     
[2026-04-03T02:02:03.052+0600][22.119s][info][gc,heap     ] GC(23) Y: Allocated:         -                 2M (0%)            2M (0%)            2M (0%)     
[2026-04-03T02:02:03.052+0600][22.119s][info][gc,heap     ] GC(23) Y: Reclaimed:         -                  -               126M (7%)          155M (9%)     
[2026-04-03T02:02:03.052+0600][22.119s][info][gc,heap     ] GC(23) Y:  Promoted:         -                  -                 0M (0%)            0M (0%)     
[2026-04-03T02:02:03.052+0600][22.119s][info][gc,heap     ] GC(23) Y: Compacted:         -                  -                  -                 0M (0%)     
[2026-04-03T02:02:03.052+0600][22.119s][info][gc,phases   ] GC(23) Y: Young Generation (Promote All) 414M(24%)->266M(15%) 0.012s
[2026-04-03T02:02:03.052+0600][22.119s][info][gc,phases   ] GC(23) Y: Young Generation (Collect Roots)
[2026-04-03T02:02:03.052+0600][22.119s][info][gc,phases   ] GC(23) Y: Pause Mark Start (Major) 0.016ms
[2026-04-03T02:02:03.059+0600][22.127s][info][gc,phases   ] GC(23) Y: Concurrent Mark 7.110ms
[2026-04-03T02:02:03.059+0600][22.127s][info][gc,phases   ] GC(23) Y: Pause Mark End 0.018ms
[2026-04-03T02:02:03.059+0600][22.127s][info][gc,phases   ] GC(23) Y: Concurrent Mark Free 0.001ms
[2026-04-03T02:02:03.059+0600][22.127s][info][gc,phases   ] GC(23) Y: Concurrent Reset Relocation Set 0.003ms
[2026-04-03T02:02:03.061+0600][22.128s][info][gc,reloc    ] GC(23) Y: Using tenuring threshold: 1 (Computed)
[2026-04-03T02:02:03.061+0600][22.129s][info][gc,phases   ] GC(23) Y: Concurrent Select Relocation Set 1.744ms
[2026-04-03T02:02:03.061+0600][22.129s][info][gc,phases   ] GC(23) Y: Pause Relocate Start 0.013ms
[2026-04-03T02:02:03.062+0600][22.129s][info][gc,phases   ] GC(23) Y: Concurrent Relocate 0.087ms
[2026-04-03T02:02:03.062+0600][22.129s][info][gc,alloc    ] GC(23) Y:                         Mark Start        Mark End      Relocate Start    Relocate End   
[2026-04-03T02:02:03.062+0600][22.129s][info][gc,alloc    ] GC(23) Y: Allocation Stalls:          0                0                0                0         
[2026-04-03T02:02:03.062+0600][22.129s][info][gc,load     ] GC(23) Y: Load: 3.52 (29%) / 3.95 (33%) / 5.67 (47%)
[2026-04-03T02:02:03.062+0600][22.129s][info][gc,mmu      ] GC(23) Y: MMU: 2ms/91.8%, 5ms/96.7%, 10ms/98.2%, 20ms/98.9%, 50ms/99.5%, 100ms/99.7%
[2026-04-03T02:02:03.062+0600][22.129s][info][gc,marking  ] GC(23) Y: Mark: 2 stripe(s), 2 proactive flush(es), 1 terminate flush(es), 0 completion(s), 0 continuation(s) 
[2026-04-03T02:02:03.062+0600][22.129s][info][gc,marking  ] GC(23) Y: Mark Stack Usage: 32M
[2026-04-03T02:02:03.062+0600][22.129s][info][gc,nmethod  ] GC(23) Y: NMethods: 5026 registered, 0 unregistered
[2026-04-03T02:02:03.062+0600][22.129s][info][gc,metaspace] GC(23) Y: Metaspace: 64M used, 65M committed, 1088M reserved
[2026-04-03T02:02:03.062+0600][22.129s][info][gc,reloc    ] GC(23) Y:                        Candidates     Selected     In-Place         Size        Empty    Relocated 
[2026-04-03T02:02:03.062+0600][22.129s][info][gc,reloc    ] GC(23) Y: Small Pages:                    1            0            0           2M           0M           0M 
[2026-04-03T02:02:03.062+0600][22.129s][info][gc,reloc    ] GC(23) Y: Medium Pages:                   0            0            0           0M           0M           0M 
[2026-04-03T02:02:03.062+0600][22.129s][info][gc,reloc    ] GC(23) Y: Large Pages:                    0            0            0           0M           0M           0M 
[2026-04-03T02:02:03.062+0600][22.129s][info][gc,reloc    ] GC(23) Y: Forwarding Usage: 0M
[2026-04-03T02:02:03.062+0600][22.129s][info][gc,reloc    ] GC(23) Y: Age Table:
[2026-04-03T02:02:03.062+0600][22.129s][info][gc,reloc    ] GC(23) Y:                    Live             Garbage             Small              Medium             Large        
[2026-04-03T02:02:03.062+0600][22.129s][info][gc,reloc    ] GC(23) Y: Eden               0M (0%)            1M (0%)           1 / 0              0 / 0              0 / 0        
[2026-04-03T02:02:03.062+0600][22.129s][info][gc,heap     ] GC(23) Y: Min Capacity: 8M(0%)
[2026-04-03T02:02:03.062+0600][22.129s][info][gc,heap     ] GC(23) Y: Max Capacity: 1750M(100%)
[2026-04-03T02:02:03.062+0600][22.129s][info][gc,heap     ] GC(23) Y: Soft Max Capacity: 1750M(100%)
[2026-04-03T02:02:03.062+0600][22.129s][info][gc,heap     ] GC(23) Y: Heap Statistics:
[2026-04-03T02:02:03.062+0600][22.129s][info][gc,heap     ] GC(23) Y:                Mark Start          Mark End        Relocate Start      Relocate End           High               Low         
[2026-04-03T02:02:03.062+0600][22.129s][info][gc,heap     ] GC(23) Y:  Capacity:     1672M (96%)        1672M (96%)        1672M (96%)        1672M (96%)        1672M (96%)        1672M (96%)    
[2026-04-03T02:02:03.062+0600][22.129s][info][gc,heap     ] GC(23) Y:      Free:     1484M (85%)        1484M (85%)        1484M (85%)        1484M (85%)        1484M (85%)        1484M (85%)    
[2026-04-03T02:02:03.062+0600][22.129s][info][gc,heap     ] GC(23) Y:      Used:      266M (15%)         266M (15%)         266M (15%)         266M (15%)         266M (15%)         266M (15%)    
[2026-04-03T02:02:03.062+0600][22.129s][info][gc,heap     ] GC(23) Y: Young Generation Statistics:
[2026-04-03T02:02:03.062+0600][22.129s][info][gc,heap     ] GC(23) Y:                Mark Start          Mark End        Relocate Start      Relocate End    
[2026-04-03T02:02:03.062+0600][22.129s][info][gc,heap     ] GC(23) Y:      Used:        2M (0%)            2M (0%)            2M (0%)            2M (0%)     
[2026-04-03T02:02:03.062+0600][22.129s][info][gc,heap     ] GC(23) Y:      Live:         -                 0M (0%)            0M (0%)            0M (0%)     
[2026-04-03T02:02:03.062+0600][22.129s][info][gc,heap     ] GC(23) Y:   Garbage:         -                 1M (0%)            1M (0%)            1M (0%)     
[2026-04-03T02:02:03.062+0600][22.129s][info][gc,heap     ] GC(23) Y: Allocated:         -                 0M (0%)            0M (0%)            0M (0%)     
[2026-04-03T02:02:03.062+0600][22.129s][info][gc,heap     ] GC(23) Y: Reclaimed:         -                  -                 0M (0%)            0M (0%)     
[2026-04-03T02:02:03.062+0600][22.129s][info][gc,heap     ] GC(23) Y:  Promoted:         -                  -                 0M (0%)            0M (0%)     
[2026-04-03T02:02:03.062+0600][22.129s][info][gc,heap     ] GC(23) Y: Compacted:         -                  -                  -                 0M (0%)     
[2026-04-03T02:02:03.062+0600][22.129s][info][gc,phases   ] GC(23) Y: Young Generation (Collect Roots) 266M(15%)->266M(15%) 0.010s
[2026-04-03T02:02:03.062+0600][22.129s][info][gc,phases   ] GC(23) O: Old Generation
[2026-04-03T02:02:03.199+0600][22.266s][info][gc,phases   ] GC(23) O: Concurrent Mark 137.003ms
[2026-04-03T02:02:03.199+0600][22.266s][info][gc,phases   ] GC(23) O: Pause Mark End 0.020ms
[2026-04-03T02:02:03.199+0600][22.267s][info][gc,phases   ] GC(23) O: Concurrent Mark Free 0.001ms
[2026-04-03T02:02:03.204+0600][22.272s][info][gc,phases   ] GC(23) O: Concurrent Process Non-Strong 5.250ms
[2026-04-03T02:02:03.204+0600][22.272s][info][gc,phases   ] GC(23) O: Concurrent Reset Relocation Set 0.002ms
[2026-04-03T02:02:03.206+0600][22.273s][info][gc,phases   ] GC(23) O: Concurrent Select Relocation Set 1.524ms
[2026-04-03T02:02:03.206+0600][22.273s][info][gc,task     ] GC(23) O: Using 3 Workers for Old Generation
[2026-04-03T02:02:03.223+0600][22.291s][info][gc,task     ] GC(23) O: Using 3 Workers for Old Generation
[2026-04-03T02:02:03.223+0600][22.291s][info][gc,phases   ] GC(23) O: Concurrent Remap Roots 17.288ms
[2026-04-03T02:02:03.224+0600][22.291s][info][gc,phases   ] GC(23) O: Pause Relocate Start 0.022ms
[2026-04-03T02:02:03.226+0600][22.294s][info][gc,phases   ] GC(23) O: Concurrent Relocate 2.749ms
[2026-04-03T02:02:03.226+0600][22.294s][info][gc,alloc    ] GC(23) O:                         Mark Start        Mark End      Relocate Start    Relocate End   
[2026-04-03T02:02:03.226+0600][22.294s][info][gc,alloc    ] GC(23) O: Allocation Stalls:          0                0                0                0         
[2026-04-03T02:02:03.226+0600][22.294s][info][gc,load     ] GC(23) O: Load: 3.52 (29%) / 3.95 (33%) / 5.67 (47%)
[2026-04-03T02:02:03.226+0600][22.294s][info][gc,mmu      ] GC(23) O: MMU: 2ms/91.8%, 5ms/96.7%, 10ms/98.2%, 20ms/98.9%, 50ms/99.5%, 100ms/99.7%
[2026-04-03T02:02:03.226+0600][22.294s][info][gc,marking  ] GC(23) O: Mark: 2 stripe(s), 2 proactive flush(es), 1 terminate flush(es), 0 completion(s), 0 continuation(s) 
[2026-04-03T02:02:03.226+0600][22.294s][info][gc,marking  ] GC(23) O: Mark Stack Usage: 32M
[2026-04-03T02:02:03.226+0600][22.294s][info][gc,nmethod  ] GC(23) O: NMethods: 5003 registered, 55 unregistered
[2026-04-03T02:02:03.226+0600][22.294s][info][gc,metaspace] GC(23) O: Metaspace: 64M used, 65M committed, 1088M reserved
[2026-04-03T02:02:03.226+0600][22.294s][info][gc,ref      ] GC(23) O:                       Encountered   Discovered     Enqueued 
[2026-04-03T02:02:03.226+0600][22.294s][info][gc,ref      ] GC(23) O: Soft References:             4785            0            0 
[2026-04-03T02:02:03.226+0600][22.294s][info][gc,ref      ] GC(23) O: Weak References:             5996         4643          279 
[2026-04-03T02:02:03.226+0600][22.294s][info][gc,ref      ] GC(23) O: Final References:              82            0            0 
[2026-04-03T02:02:03.226+0600][22.294s][info][gc,ref      ] GC(23) O: Phantom References:           595          448            0 
[2026-04-03T02:02:03.226+0600][22.294s][info][gc,reloc    ] GC(23) O:                        Candidates     Selected     In-Place         Size        Empty    Relocated 
[2026-04-03T02:02:03.226+0600][22.294s][info][gc,reloc    ] GC(23) O: Small Pages:                  110           10            0         220M           6M           1M 
[2026-04-03T02:02:03.226+0600][22.294s][info][gc,reloc    ] GC(23) O: Medium Pages:                   1            0            0          32M           0M           0M 
[2026-04-03T02:02:03.226+0600][22.294s][info][gc,reloc    ] GC(23) O: Large Pages:                    2            0            0          12M           0M           0M 
[2026-04-03T02:02:03.226+0600][22.294s][info][gc,reloc    ] GC(23) O: Forwarding Usage: 0M
[2026-04-03T02:02:03.226+0600][22.294s][info][gc,heap     ] GC(23) O: Min Capacity: 8M(0%)
[2026-04-03T02:02:03.226+0600][22.294s][info][gc,heap     ] GC(23) O: Max Capacity: 1750M(100%)
[2026-04-03T02:02:03.227+0600][22.294s][info][gc,heap     ] GC(23) O: Soft Max Capacity: 1750M(100%)
[2026-04-03T02:02:03.227+0600][22.294s][info][gc,heap     ] GC(23) O: Heap Statistics:
[2026-04-03T02:02:03.227+0600][22.294s][info][gc,heap     ] GC(23) O:                Mark Start          Mark End        Relocate Start      Relocate End           High               Low         
[2026-04-03T02:02:03.227+0600][22.294s][info][gc,heap     ] GC(23) O:  Capacity:     1672M (96%)        1672M (96%)        1672M (96%)        1672M (96%)        1672M (96%)        1672M (96%)    
[2026-04-03T02:02:03.227+0600][22.294s][info][gc,heap     ] GC(23) O:      Free:     1484M (85%)        1482M (85%)        1474M (84%)        1490M (85%)        1490M (85%)        1468M (84%)    
[2026-04-03T02:02:03.227+0600][22.294s][info][gc,heap     ] GC(23) O:      Used:      266M (15%)         268M (15%)         276M (16%)         260M (15%)         282M (16%)         260M (15%)    
[2026-04-03T02:02:03.227+0600][22.294s][info][gc,heap     ] GC(23) O: Old Generation Statistics:
[2026-04-03T02:02:03.227+0600][22.294s][info][gc,heap     ] GC(23) O:                Mark Start          Mark End        Relocate Start      Relocate End    
[2026-04-03T02:02:03.227+0600][22.294s][info][gc,heap     ] GC(23) O:      Used:      264M (15%)         264M (15%)         258M (15%)         242M (14%)    
[2026-04-03T02:02:03.227+0600][22.294s][info][gc,heap     ] GC(23) O:      Live:         -               207M (12%)         207M (12%)         207M (12%)    
[2026-04-03T02:02:03.227+0600][22.294s][info][gc,heap     ] GC(23) O:   Garbage:         -                56M (3%)           50M (3%)           29M (2%)     
[2026-04-03T02:02:03.227+0600][22.294s][info][gc,heap     ] GC(23) O: Allocated:         -                 0M (0%)            0M (0%)            4M (0%)     
[2026-04-03T02:02:03.227+0600][22.294s][info][gc,heap     ] GC(23) O: Reclaimed:         -                  -                 6M (0%)           26M (2%)     
[2026-04-03T02:02:03.227+0600][22.294s][info][gc,heap     ] GC(23) O: Compacted:         -                  -                  -                 1M (0%)     
[2026-04-03T02:02:03.227+0600][22.294s][info][gc,phases   ] GC(23) O: Old Generation 266M(15%)->260M(15%) 0.165s
[2026-04-03T02:02:03.227+0600][22.294s][info][gc          ] GC(23) Major Collection (System.gc()) 414M(24%)->260M(15%) 0.187s
[2026-04-03T02:02:03.668+0600][22.735s][info][gc          ] GC(24) Minor Collection (Allocation Rate)
[2026-04-03T02:02:03.668+0600][22.736s][info][gc,task     ] GC(24) Using 1 Workers for Young Generation
[2026-04-03T02:02:03.668+0600][22.736s][info][gc,phases   ] GC(24) y: Young Generation
[2026-04-03T02:02:03.668+0600][22.736s][info][gc,phases   ] GC(24) y: Pause Mark Start 0.017ms
[2026-04-03T02:02:03.681+0600][22.749s][info][gc,phases   ] GC(24) y: Concurrent Mark 12.674ms
[2026-04-03T02:02:03.681+0600][22.749s][info][gc,phases   ] GC(24) y: Pause Mark End 0.015ms
[2026-04-03T02:02:03.681+0600][22.749s][info][gc,phases   ] GC(24) y: Concurrent Mark Free 0.002ms
[2026-04-03T02:02:03.681+0600][22.749s][info][gc,phases   ] GC(24) y: Concurrent Reset Relocation Set 0.000ms
[2026-04-03T02:02:03.683+0600][22.750s][info][gc,reloc    ] GC(24) y: Using tenuring threshold: 2 (Computed)
[2026-04-03T02:02:03.683+0600][22.751s][info][gc,phases   ] GC(24) y: Concurrent Select Relocation Set 2.010ms
[2026-04-03T02:02:03.683+0600][22.751s][info][gc,phases   ] GC(24) y: Pause Relocate Start 0.010ms
[2026-04-03T02:02:03.684+0600][22.752s][info][gc,phases   ] GC(24) y: Concurrent Relocate 0.899ms
[2026-04-03T02:02:03.684+0600][22.752s][info][gc,alloc    ] GC(24) y:                         Mark Start        Mark End      Relocate Start    Relocate End   
[2026-04-03T02:02:03.684+0600][22.752s][info][gc,alloc    ] GC(24) y: Allocation Stalls:          0                0                0                0         
[2026-04-03T02:02:03.684+0600][22.752s][info][gc,load     ] GC(24) y: Load: 3.52 (29%) / 3.95 (33%) / 5.67 (47%)
[2026-04-03T02:02:03.684+0600][22.752s][info][gc,mmu      ] GC(24) y: MMU: 2ms/91.8%, 5ms/96.7%, 10ms/98.2%, 20ms/98.9%, 50ms/99.5%, 100ms/99.7%
[2026-04-03T02:02:03.684+0600][22.752s][info][gc,marking  ] GC(24) y: Mark: 1 stripe(s), 2 proactive flush(es), 1 terminate flush(es), 0 completion(s), 0 continuation(s) 
[2026-04-03T02:02:03.684+0600][22.752s][info][gc,marking  ] GC(24) y: Mark Stack Usage: 32M
[2026-04-03T02:02:03.684+0600][22.752s][info][gc,nmethod  ] GC(24) y: NMethods: 5124 registered, 55 unregistered
[2026-04-03T02:02:03.684+0600][22.752s][info][gc,metaspace] GC(24) y: Metaspace: 64M used, 65M committed, 1088M reserved
[2026-04-03T02:02:03.684+0600][22.752s][info][gc,reloc    ] GC(24) y:                        Candidates     Selected     In-Place         Size        Empty    Relocated 
[2026-04-03T02:02:03.685+0600][22.752s][info][gc,reloc    ] GC(24) y: Small Pages:                  376           21            0         752M         708M           0M 
[2026-04-03T02:02:03.685+0600][22.752s][info][gc,reloc    ] GC(24) y: Medium Pages:                   1            0            0          32M          32M           0M 
[2026-04-03T02:02:03.685+0600][22.752s][info][gc,reloc    ] GC(24) y: Large Pages:                    2            0            0          12M          12M           0M 
[2026-04-03T02:02:03.685+0600][22.752s][info][gc,reloc    ] GC(24) y: Forwarding Usage: 0M
[2026-04-03T02:02:03.685+0600][22.752s][info][gc,reloc    ] GC(24) y: Age Table:
[2026-04-03T02:02:03.685+0600][22.752s][info][gc,reloc    ] GC(24) y:                    Live             Garbage             Small              Medium             Large        
[2026-04-03T02:02:03.685+0600][22.752s][info][gc,reloc    ] GC(24) y: Eden               0M (0%)          793M (45%)        375 / 20             1 / 0              2 / 0        
[2026-04-03T02:02:03.685+0600][22.752s][info][gc,reloc    ] GC(24) y: Survivor 1         0M (0%)            1M (0%)           1 / 1              0 / 0              0 / 0        
[2026-04-03T02:02:03.685+0600][22.752s][info][gc,heap     ] GC(24) y: Min Capacity: 8M(0%)
[2026-04-03T02:02:03.685+0600][22.752s][info][gc,heap     ] GC(24) y: Max Capacity: 1750M(100%)
[2026-04-03T02:02:03.685+0600][22.752s][info][gc,heap     ] GC(24) y: Soft Max Capacity: 1750M(100%)
[2026-04-03T02:02:03.685+0600][22.752s][info][gc,heap     ] GC(24) y: Heap Statistics:
[2026-04-03T02:02:03.685+0600][22.752s][info][gc,heap     ] GC(24) y:                Mark Start          Mark End        Relocate Start      Relocate End           High               Low         
[2026-04-03T02:02:03.685+0600][22.752s][info][gc,heap     ] GC(24) y:  Capacity:     1672M (96%)        1672M (96%)        1672M (96%)        1672M (96%)        1672M (96%)        1672M (96%)    
[2026-04-03T02:02:03.685+0600][22.752s][info][gc,heap     ] GC(24) y:      Free:      712M (41%)         680M (39%)        1428M (82%)        1462M (84%)        1462M (84%)         680M (39%)    
[2026-04-03T02:02:03.685+0600][22.752s][info][gc,heap     ] GC(24) y:      Used:     1038M (59%)        1070M (61%)         322M (18%)         288M (16%)        1070M (61%)         288M (16%)    
[2026-04-03T02:02:03.685+0600][22.752s][info][gc,heap     ] GC(24) y: Young Generation Statistics:
[2026-04-03T02:02:03.685+0600][22.752s][info][gc,heap     ] GC(24) y:                Mark Start          Mark End        Relocate Start      Relocate End    
[2026-04-03T02:02:03.685+0600][22.752s][info][gc,heap     ] GC(24) y:      Used:      796M (45%)         828M (47%)          80M (5%)           46M (3%)     
[2026-04-03T02:02:03.685+0600][22.752s][info][gc,heap     ] GC(24) y:      Live:         -                 0M (0%)            0M (0%)            0M (0%)     
[2026-04-03T02:02:03.685+0600][22.752s][info][gc,heap     ] GC(24) y:   Garbage:         -               795M (45%)          43M (2%)            0M (0%)     
[2026-04-03T02:02:03.685+0600][22.752s][info][gc,heap     ] GC(24) y: Allocated:         -                32M (2%)           36M (2%)           45M (3%)     
[2026-04-03T02:02:03.685+0600][22.752s][info][gc,heap     ] GC(24) y: Reclaimed:         -                  -               752M (43%)         795M (45%)    
[2026-04-03T02:02:03.685+0600][22.752s][info][gc,heap     ] GC(24) y:  Promoted:         -                  -                 0M (0%)            0M (0%)     
[2026-04-03T02:02:03.685+0600][22.752s][info][gc,heap     ] GC(24) y: Compacted:         -                  -                  -                 0M (0%)     
[2026-04-03T02:02:03.685+0600][22.752s][info][gc,phases   ] GC(24) y: Young Generation 1038M(59%)->288M(16%) 0.016s
[2026-04-03T02:02:03.685+0600][22.752s][info][gc          ] GC(24) Minor Collection (Allocation Rate) 1038M(59%)->290M(17%) 0.017s
[2026-04-03T02:02:04.044+0600][23.112s][info][gc          ] GC(25) Minor Collection (Allocation Rate)
[2026-04-03T02:02:04.044+0600][23.112s][info][gc,task     ] GC(25) Using 1 Workers for Young Generation
[2026-04-03T02:02:04.044+0600][23.112s][info][gc,phases   ] GC(25) y: Young Generation
[2026-04-03T02:02:04.045+0600][23.112s][info][gc,phases   ] GC(25) y: Pause Mark Start 0.020ms
[2026-04-03T02:02:04.056+0600][23.123s][info][gc,phases   ] GC(25) y: Concurrent Mark 11.031ms
[2026-04-03T02:02:04.056+0600][23.124s][info][gc,phases   ] GC(25) y: Pause Mark End 0.022ms
[2026-04-03T02:02:04.056+0600][23.124s][info][gc,phases   ] GC(25) y: Concurrent Mark Free 0.002ms
[2026-04-03T02:02:04.056+0600][23.124s][info][gc,phases   ] GC(25) y: Concurrent Reset Relocation Set 0.004ms
[2026-04-03T02:02:04.058+0600][23.126s][info][gc,reloc    ] GC(25) y: Using tenuring threshold: 3 (Computed)
[2026-04-03T02:02:04.059+0600][23.126s][info][gc,phases   ] GC(25) y: Concurrent Select Relocation Set 2.403ms
[2026-04-03T02:02:04.059+0600][23.126s][info][gc,phases   ] GC(25) y: Pause Relocate Start 0.016ms
[2026-04-03T02:02:04.059+0600][23.127s][info][gc,phases   ] GC(25) y: Concurrent Relocate 0.585ms
[2026-04-03T02:02:04.059+0600][23.127s][info][gc,alloc    ] GC(25) y:                         Mark Start        Mark End      Relocate Start    Relocate End   
[2026-04-03T02:02:04.060+0600][23.127s][info][gc,alloc    ] GC(25) y: Allocation Stalls:          0                0                0                0         
[2026-04-03T02:02:04.060+0600][23.127s][info][gc,load     ] GC(25) y: Load: 3.52 (29%) / 3.95 (33%) / 5.67 (47%)
[2026-04-03T02:02:04.060+0600][23.127s][info][gc,mmu      ] GC(25) y: MMU: 2ms/91.8%, 5ms/96.7%, 10ms/98.2%, 20ms/98.9%, 50ms/99.5%, 100ms/99.7%
[2026-04-03T02:02:04.060+0600][23.127s][info][gc,marking  ] GC(25) y: Mark: 1 stripe(s), 2 proactive flush(es), 1 terminate flush(es), 0 completion(s), 0 continuation(s) 
[2026-04-03T02:02:04.060+0600][23.127s][info][gc,marking  ] GC(25) y: Mark Stack Usage: 32M
[2026-04-03T02:02:04.060+0600][23.127s][info][gc,nmethod  ] GC(25) y: NMethods: 5158 registered, 55 unregistered
[2026-04-03T02:02:04.060+0600][23.127s][info][gc,metaspace] GC(25) y: Metaspace: 64M used, 65M committed, 1088M reserved
[2026-04-03T02:02:04.060+0600][23.127s][info][gc,reloc    ] GC(25) y:                        Candidates     Selected     In-Place         Size        Empty    Relocated 
[2026-04-03T02:02:04.060+0600][23.127s][info][gc,reloc    ] GC(25) y: Small Pages:                  485            8            0         970M         952M           0M 
[2026-04-03T02:02:04.060+0600][23.127s][info][gc,reloc    ] GC(25) y: Medium Pages:                   1            0            0          32M           0M           0M 
[2026-04-03T02:02:04.060+0600][23.127s][info][gc,reloc    ] GC(25) y: Large Pages:                    0            0            0           0M           0M           0M 
[2026-04-03T02:02:04.060+0600][23.127s][info][gc,reloc    ] GC(25) y: Forwarding Usage: 0M
[2026-04-03T02:02:04.060+0600][23.127s][info][gc,reloc    ] GC(25) y: Age Table:
[2026-04-03T02:02:04.060+0600][23.127s][info][gc,reloc    ] GC(25) y:                    Live             Garbage             Small              Medium             Large        
[2026-04-03T02:02:04.060+0600][23.127s][info][gc,reloc    ] GC(25) y: Eden               1M (0%)          992M (57%)        481 / 4              1 / 0              0 / 0        
[2026-04-03T02:02:04.060+0600][23.127s][info][gc,reloc    ] GC(25) y: Survivor 1         0M (0%)            5M (0%)           3 / 3              0 / 0              0 / 0        
[2026-04-03T02:02:04.060+0600][23.127s][info][gc,reloc    ] GC(25) y: Survivor 2         0M (0%)            1M (0%)           1 / 1              0 / 0              0 / 0        
[2026-04-03T02:02:04.060+0600][23.127s][info][gc,heap     ] GC(25) y: Min Capacity: 8M(0%)
[2026-04-03T02:02:04.060+0600][23.127s][info][gc,heap     ] GC(25) y: Max Capacity: 1750M(100%)
[2026-04-03T02:02:04.060+0600][23.127s][info][gc,heap     ] GC(25) y: Soft Max Capacity: 1750M(100%)
[2026-04-03T02:02:04.060+0600][23.127s][info][gc,heap     ] GC(25) y: Heap Statistics:
[2026-04-03T02:02:04.060+0600][23.127s][info][gc,heap     ] GC(25) y:                Mark Start          Mark End        Relocate Start      Relocate End           High               Low         
[2026-04-03T02:02:04.060+0600][23.127s][info][gc,heap     ] GC(25) y:  Capacity:     1672M (96%)        1672M (96%)        1672M (96%)        1672M (96%)        1672M (96%)        1672M (96%)    
[2026-04-03T02:02:04.060+0600][23.127s][info][gc,heap     ] GC(25) y:      Free:      506M (29%)         460M (26%)        1406M (80%)        1416M (81%)        1416M (81%)         460M (26%)    
[2026-04-03T02:02:04.060+0600][23.127s][info][gc,heap     ] GC(25) y:      Used:     1244M (71%)        1290M (74%)         344M (20%)         334M (19%)        1290M (74%)         334M (19%)    
[2026-04-03T02:02:04.060+0600][23.127s][info][gc,heap     ] GC(25) y: Young Generation Statistics:
[2026-04-03T02:02:04.060+0600][23.127s][info][gc,heap     ] GC(25) y:                Mark Start          Mark End        Relocate Start      Relocate End    
[2026-04-03T02:02:04.060+0600][23.127s][info][gc,heap     ] GC(25) y:      Used:     1002M (57%)        1048M (60%)         102M (6%)           92M (5%)     
[2026-04-03T02:02:04.060+0600][23.127s][info][gc,heap     ] GC(25) y:      Live:         -                 1M (0%)            1M (0%)            1M (0%)     
[2026-04-03T02:02:04.060+0600][23.127s][info][gc,heap     ] GC(25) y:   Garbage:         -              1000M (57%)          48M (3%)           30M (2%)     
[2026-04-03T02:02:04.060+0600][23.127s][info][gc,heap     ] GC(25) y: Allocated:         -                46M (3%)           52M (3%)           59M (3%)     
[2026-04-03T02:02:04.060+0600][23.127s][info][gc,heap     ] GC(25) y: Reclaimed:         -                  -               952M (54%)         969M (55%)    
[2026-04-03T02:02:04.060+0600][23.127s][info][gc,heap     ] GC(25) y:  Promoted:         -                  -                 0M (0%)            0M (0%)     
[2026-04-03T02:02:04.060+0600][23.127s][info][gc,heap     ] GC(25) y: Compacted:         -                  -                  -                 0M (0%)     
[2026-04-03T02:02:04.060+0600][23.127s][info][gc,phases   ] GC(25) y: Young Generation 1244M(71%)->334M(19%) 0.015s
[2026-04-03T02:02:04.060+0600][23.127s][info][gc          ] GC(25) Minor Collection (Allocation Rate) 1244M(71%)->334M(19%) 0.015s
[2026-04-03T02:02:04.779+0600][23.847s][info][gc,exit     ] Stopping ZGC
[2026-04-03T02:02:04.780+0600][23.847s][info][gc,stats    ] === Garbage Collection Statistics =======================================================================================================================
[2026-04-03T02:02:04.780+0600][23.847s][info][gc,stats    ]                                                              Last 10s              Last 10m              Last 10h                Total
[2026-04-03T02:02:04.780+0600][23.847s][info][gc,stats    ]                                                              Avg / Max             Avg / Max             Avg / Max             Avg / Max
[2026-04-03T02:02:04.780+0600][23.847s][info][gc,stats    ]        Contention: Mark Segment Reset Contention                     3 / 14               15 / 226              15 / 226              15 / 226         ops/s
[2026-04-03T02:02:04.780+0600][23.847s][info][gc,stats    ]        Contention: Mark SeqNum Reset Contention                      0 / 1                 0 / 6                 0 / 6                 0 / 6           ops/s
[2026-04-03T02:02:04.780+0600][23.847s][info][gc,stats    ]          Critical: Allocation Stall                                  0 / 0                 0 / 0                 0 / 0                 0 / 0           ops/s
[2026-04-03T02:02:04.780+0600][23.847s][info][gc,stats    ]          Critical: Allocation Stall                              0.000 / 0.000         0.000 / 0.000         0.000 / 0.000         0.000 / 0.000       ms
[2026-04-03T02:02:04.780+0600][23.847s][info][gc,stats    ]          Critical: JNI Critical Stall                                0 / 3                 0 / 3                 0 / 3                 0 / 3           ops/s
[2026-04-03T02:02:04.780+0600][23.847s][info][gc,stats    ]          Critical: JNI Critical Stall                            0.411 / 0.553         0.416 / 0.553         0.416 / 0.553         0.416 / 0.553       ms
[2026-04-03T02:02:04.780+0600][23.847s][info][gc,stats    ]          Critical: Relocation Stall                                  0 / 0                 0 / 0                 0 / 0                 0 / 0           ops/s
[2026-04-03T02:02:04.780+0600][23.847s][info][gc,stats    ]          Critical: Relocation Stall                              0.000 / 0.000         0.000 / 0.000         0.000 / 0.000         0.000 / 0.000       ms
[2026-04-03T02:02:04.780+0600][23.847s][info][gc,stats    ]  Major Collection: Major Collection                            289.015 / 691.682     235.188 / 691.682     235.188 / 691.682     235.188 / 691.682     ms
[2026-04-03T02:02:04.780+0600][23.847s][info][gc,stats    ]            Memory: Allocation Rate                                 844 / 1922            470 / 1922            470 / 1922            470 / 1922        MB/s
[2026-04-03T02:02:04.780+0600][23.847s][info][gc,stats    ]            Memory: Defragment                                        1 / 13                2 / 32                2 / 32                2 / 32          ops/s
[2026-04-03T02:02:04.780+0600][23.847s][info][gc,stats    ]            Memory: Out Of Memory                                     0 / 0                 0 / 0                 0 / 0                 0 / 0           ops/s
[2026-04-03T02:02:04.780+0600][23.847s][info][gc,stats    ]            Memory: Page Cache Flush                                  3 / 26                4 / 64                4 / 64                4 / 64          MB/s
[2026-04-03T02:02:04.780+0600][23.847s][info][gc,stats    ]            Memory: Page Cache Hit L1                               402 / 958             200 / 958             200 / 958             200 / 958         ops/s
[2026-04-03T02:02:04.780+0600][23.847s][info][gc,stats    ]            Memory: Page Cache Hit L2                                 0 / 0                 0 / 0                 0 / 0                 0 / 0           ops/s
[2026-04-03T02:02:04.780+0600][23.847s][info][gc,stats    ]            Memory: Page Cache Hit L3                                 1 / 12                7 / 94                7 / 94                7 / 94          ops/s
[2026-04-03T02:02:04.780+0600][23.847s][info][gc,stats    ]            Memory: Page Cache Miss                                  11 / 56               26 / 253              26 / 253              26 / 253         ops/s
[2026-04-03T02:02:04.780+0600][23.847s][info][gc,stats    ]            Memory: Uncommit                                          0 / 0                 0 / 0                 0 / 0                 0 / 0           MB/s
[2026-04-03T02:02:04.780+0600][23.847s][info][gc,stats    ]            Memory: Undo Object Allocation Failed                     0 / 0                 0 / 0                 0 / 0                 0 / 0           ops/s
[2026-04-03T02:02:04.780+0600][23.847s][info][gc,stats    ]            Memory: Undo Object Allocation Succeeded                  7 / 72                3 / 72                3 / 72                3 / 72          ops/s
[2026-04-03T02:02:04.780+0600][23.847s][info][gc,stats    ]            Memory: Undo Page Allocation                              0 / 0                 0 / 1                 0 / 1                 0 / 1           ops/s
[2026-04-03T02:02:04.780+0600][23.847s][info][gc,stats    ]  Minor Collection: Minor Collection                            108.885 / 423.829     139.314 / 504.458     139.314 / 504.458     139.314 / 504.458     ms
[2026-04-03T02:02:04.780+0600][23.848s][info][gc,stats    ]    Old Generation: Old Generation                              184.244 / 501.986     136.936 / 501.986     136.936 / 501.986     136.936 / 501.986     ms
[2026-04-03T02:02:04.780+0600][23.848s][info][gc,stats    ]         Old Pause: Pause Mark End                                0.025 / 0.035         0.026 / 0.040         0.026 / 0.040         0.026 / 0.040       ms
[2026-04-03T02:02:04.780+0600][23.848s][info][gc,stats    ]         Old Pause: Pause Relocate Start                          0.022 / 0.027         0.022 / 0.029         0.022 / 0.029         0.022 / 0.029       ms
[2026-04-03T02:02:04.780+0600][23.848s][info][gc,stats    ]         Old Phase: Concurrent Mark                             133.354 / 394.486      92.696 / 394.486      92.696 / 394.486      92.696 / 394.486     ms
[2026-04-03T02:02:04.780+0600][23.848s][info][gc,stats    ]         Old Phase: Concurrent Mark Continue                      0.000 / 0.000         0.000 / 0.000         0.000 / 0.000         0.000 / 0.000       ms
[2026-04-03T02:02:04.780+0600][23.848s][info][gc,stats    ]         Old Phase: Concurrent Mark Free                          0.001 / 0.003         0.004 / 0.026         0.004 / 0.026         0.004 / 0.026       ms
[2026-04-03T02:02:04.780+0600][23.848s][info][gc,stats    ]         Old Phase: Concurrent Process Non-Strong                12.016 / 34.429       10.737 / 34.429       10.737 / 34.429       10.737 / 34.429      ms
[2026-04-03T02:02:04.780+0600][23.848s][info][gc,stats    ]         Old Phase: Concurrent Relocate                           5.501 / 14.803        3.876 / 14.803        3.876 / 14.803        3.876 / 14.803      ms
[2026-04-03T02:02:04.780+0600][23.848s][info][gc,stats    ]         Old Phase: Concurrent Remap Roots                       17.594 / 26.794       17.596 / 26.794       17.596 / 26.794       17.596 / 26.794      ms
[2026-04-03T02:02:04.780+0600][23.848s][info][gc,stats    ]         Old Phase: Concurrent Reset Relocation Set               0.003 / 0.006         0.002 / 0.006         0.002 / 0.006         0.002 / 0.006       ms
[2026-04-03T02:02:04.780+0600][23.848s][info][gc,stats    ]         Old Phase: Concurrent Select Relocation Set              2.729 / 6.240         2.667 / 6.240         2.667 / 6.240         2.667 / 6.240       ms
[2026-04-03T02:02:04.780+0600][23.848s][info][gc,stats    ]      Old Subphase: Concurrent Classes Purge                      0.293 / 1.110         0.288 / 1.110         0.288 / 1.110         0.288 / 1.110       ms
[2026-04-03T02:02:04.780+0600][23.848s][info][gc,stats    ]      Old Subphase: Concurrent Classes Unlink                     8.697 / 25.411        7.576 / 25.411        7.576 / 25.411        7.576 / 25.411      ms
[2026-04-03T02:02:04.780+0600][23.848s][info][gc,stats    ]      Old Subphase: Concurrent Mark Follow                      132.454 / 393.015      91.919 / 393.015      91.919 / 393.015      91.919 / 393.015     ms
[2026-04-03T02:02:04.780+0600][23.848s][info][gc,stats    ]      Old Subphase: Concurrent Mark Root Colored                  0.148 / 0.361         0.126 / 0.361         0.126 / 0.361         0.126 / 0.361       ms
[2026-04-03T02:02:04.780+0600][23.848s][info][gc,stats    ]      Old Subphase: Concurrent Mark Root Uncolored                0.419 / 1.271         0.379 / 1.271         0.379 / 1.271         0.379 / 1.271       ms
[2026-04-03T02:02:04.780+0600][23.848s][info][gc,stats    ]      Old Subphase: Concurrent Mark Roots                         0.893 / 1.697         0.770 / 1.697         0.770 / 1.697         0.770 / 1.697       ms
[2026-04-03T02:02:04.780+0600][23.848s][info][gc,stats    ]      Old Subphase: Concurrent References Enqueue                 0.006 / 0.024         0.004 / 0.024         0.004 / 0.024         0.004 / 0.024       ms
[2026-04-03T02:02:04.780+0600][23.848s][info][gc,stats    ]      Old Subphase: Concurrent References Process                 0.683 / 1.290         0.506 / 1.290         0.506 / 1.290         0.506 / 1.290       ms
[2026-04-03T02:02:04.780+0600][23.848s][info][gc,stats    ]      Old Subphase: Concurrent Remap Remembered                  14.299 / 21.811       14.441 / 21.811       14.441 / 21.811       14.441 / 21.811      ms
[2026-04-03T02:02:04.780+0600][23.848s][info][gc,stats    ]      Old Subphase: Concurrent Remap Roots Colored                1.306 / 2.796         1.355 / 2.796         1.355 / 2.796         1.355 / 2.796       ms
[2026-04-03T02:02:04.780+0600][23.848s][info][gc,stats    ]      Old Subphase: Concurrent Remap Roots Uncolored              1.323 / 2.955         1.114 / 2.955         1.114 / 2.955         1.114 / 2.955       ms
[2026-04-03T02:02:04.780+0600][23.848s][info][gc,stats    ]      Old Subphase: Concurrent Roots ClassLoaderDataGraph         0.714 / 2.325         0.788 / 2.325         0.788 / 2.325         0.788 / 2.325       ms
[2026-04-03T02:02:04.780+0600][23.848s][info][gc,stats    ]      Old Subphase: Concurrent Roots CodeCache                    1.288 / 2.933         1.087 / 2.933         1.087 / 2.933         1.087 / 2.933       ms
[2026-04-03T02:02:04.780+0600][23.848s][info][gc,stats    ]      Old Subphase: Concurrent Roots JavaThreads                  0.144 / 1.270         0.123 / 1.270         0.123 / 1.270         0.123 / 1.270       ms
[2026-04-03T02:02:04.780+0600][23.848s][info][gc,stats    ]      Old Subphase: Concurrent Roots OopStorageSet                0.023 / 0.092         0.021 / 0.092         0.021 / 0.092         0.021 / 0.092       ms
[2026-04-03T02:02:04.780+0600][23.848s][info][gc,stats    ]      Old Subphase: Concurrent Weak Roots OopStorageSet           0.516 / 2.404         0.511 / 2.404         0.511 / 2.404         0.511 / 2.404       ms
[2026-04-03T02:02:04.780+0600][23.848s][info][gc,stats    ]            System: Java Threads                                     65 / 102              57 / 102              57 / 102              57 / 102         threads
[2026-04-03T02:02:04.780+0600][23.848s][info][gc,stats    ]  Young Generation: Young Generation                            144.681 / 621.685     119.902 / 621.685     119.902 / 621.685     119.902 / 621.685     ms
[2026-04-03T02:02:04.780+0600][23.848s][info][gc,stats    ]  Young Generation: Young Generation                            108.466 / 423.324     138.888 / 503.961     138.888 / 503.961     138.888 / 503.961     ms
[2026-04-03T02:02:04.780+0600][23.848s][info][gc,stats    ]  Young Generation: Young Generation (Collect Roots)              9.370 / 9.872         9.370 / 9.872         9.370 / 9.872         9.370 / 9.872       ms
[2026-04-03T02:02:04.780+0600][23.848s][info][gc,stats    ]  Young Generation: Young Generation (Promote All)               13.024 / 16.951       13.024 / 16.951       13.024 / 16.951       13.024 / 16.951      ms
[2026-04-03T02:02:04.780+0600][23.848s][info][gc,stats    ]       Young Pause: Pause Mark End                                0.025 / 0.076         0.024 / 0.076         0.024 / 0.076         0.024 / 0.076       ms
[2026-04-03T02:02:04.780+0600][23.848s][info][gc,stats    ]       Young Pause: Pause Mark Start                              0.039 / 0.164         0.039 / 0.164         0.039 / 0.164         0.039 / 0.164       ms
[2026-04-03T02:02:04.780+0600][23.848s][info][gc,stats    ]       Young Pause: Pause Mark Start (Major)                      0.032 / 0.093         0.034 / 0.093         0.034 / 0.093         0.034 / 0.093       ms
[2026-04-03T02:02:04.780+0600][23.848s][info][gc,stats    ]       Young Pause: Pause Relocate Start                          0.021 / 0.077         0.022 / 0.077         0.022 / 0.077         0.022 / 0.077       ms
[2026-04-03T02:02:04.780+0600][23.848s][info][gc,stats    ]       Young Phase: Concurrent Mark                              64.299 / 512.006      73.133 / 512.006      73.133 / 512.006      73.133 / 512.006     ms
[2026-04-03T02:02:04.780+0600][23.848s][info][gc,stats    ]       Young Phase: Concurrent Mark Continue                      0.000 / 0.000         0.000 / 0.000         0.000 / 0.000         0.000 / 0.000       ms
[2026-04-03T02:02:04.780+0600][23.848s][info][gc,stats    ]       Young Phase: Concurrent Mark Free                          0.021 / 0.267         0.018 / 0.267         0.018 / 0.267         0.018 / 0.267       ms
[2026-04-03T02:02:04.780+0600][23.848s][info][gc,stats    ]       Young Phase: Concurrent Relocate                          18.208 / 104.351      21.638 / 112.567      21.638 / 112.567      21.638 / 112.567     ms
[2026-04-03T02:02:04.780+0600][23.848s][info][gc,stats    ]       Young Phase: Concurrent Reset Relocation Set               0.021 / 0.108         0.023 / 0.110         0.023 / 0.110         0.023 / 0.110       ms
[2026-04-03T02:02:04.780+0600][23.848s][info][gc,stats    ]       Young Phase: Concurrent Select Relocation Set              9.009 / 39.415        9.408 / 39.415        9.408 / 39.415        9.408 / 39.415      ms
[2026-04-03T02:02:04.780+0600][23.848s][info][gc,stats    ]    Young Subphase: Concurrent Mark Follow                       58.188 / 507.254      67.042 / 507.254      67.042 / 507.254      67.042 / 507.254     ms
[2026-04-03T02:02:04.780+0600][23.848s][info][gc,stats    ]    Young Subphase: Concurrent Mark Root Colored                  3.462 / 5.799         3.474 / 6.163         3.474 / 6.163         3.474 / 6.163       ms
[2026-04-03T02:02:04.780+0600][23.848s][info][gc,stats    ]    Young Subphase: Concurrent Mark Root Uncolored                2.153 / 6.671         2.041 / 6.671         2.041 / 6.671         2.041 / 6.671       ms
[2026-04-03T02:02:04.780+0600][23.848s][info][gc,stats    ]    Young Subphase: Concurrent Mark Roots                         6.164 / 10.828        6.085 / 11.580        6.085 / 11.580        6.085 / 11.580      ms
[2026-04-03T02:02:04.780+0600][23.848s][info][gc,stats    ]    Young Subphase: Concurrent Relocate Remset FP                 7.399 / 53.860        6.423 / 53.860        6.423 / 53.860        6.423 / 53.860      ms
[2026-04-03T02:02:04.780+0600][23.848s][info][gc,stats    ]    Young Subphase: Concurrent Roots ClassLoaderDataGraph         2.669 / 4.763         2.643 / 5.637         2.643 / 5.637         2.643 / 5.637       ms
[2026-04-03T02:02:04.780+0600][23.848s][info][gc,stats    ]    Young Subphase: Concurrent Roots CodeCache                    1.807 / 5.512         1.653 / 5.512         1.653 / 5.512         1.653 / 5.512       ms
[2026-04-03T02:02:04.780+0600][23.848s][info][gc,stats    ]    Young Subphase: Concurrent Roots JavaThreads                  0.173 / 1.674         0.223 / 6.037         0.223 / 6.037         0.223 / 6.037       ms
[2026-04-03T02:02:04.780+0600][23.848s][info][gc,stats    ]    Young Subphase: Concurrent Roots OopStorageSet                0.030 / 0.119         0.039 / 0.192         0.039 / 0.192         0.039 / 0.192       ms
[2026-04-03T02:02:04.780+0600][23.848s][info][gc,stats    ]    Young Subphase: Concurrent Weak Roots OopStorageSet           0.766 / 2.895         0.796 / 2.895         0.796 / 2.895         0.796 / 2.895       ms
[2026-04-03T02:02:04.780+0600][23.848s][info][gc,stats    ] =========================================================================================================================================================
[2026-04-03T02:02:04.780+0600][23.848s][info][gc,heap,exit] Heap
[2026-04-03T02:02:04.781+0600][23.848s][info][gc,heap,exit]  ZHeap           used 362M, capacity 1672M, max capacity 1750M
[2026-04-03T02:02:04.781+0600][23.848s][info][gc,heap,exit]  Metaspace       used 66738K, committed 67648K, reserved 1114112K
[2026-04-03T02:02:04.781+0600][23.848s][info][gc,heap,exit]   class space    used 8514K, committed 8896K, reserved 1048576K
