[2026-04-03T01:57:21.666+0600][0.005s][info][gc,init] Initializing The Z Garbage Collector
[2026-04-03T01:57:21.666+0600][0.005s][info][gc,init] Version: 21.0.10+7-Ubuntu-124.04 (release)
[2026-04-03T01:57:21.666+0600][0.006s][info][gc,init] NUMA Support: Disabled
[2026-04-03T01:57:21.666+0600][0.006s][info][gc,init] CPUs: 12 total, 12 available
[2026-04-03T01:57:21.666+0600][0.006s][info][gc,init] Memory: 15683M
[2026-04-03T01:57:21.666+0600][0.006s][info][gc,init] Large Page Support: Disabled
[2026-04-03T01:57:21.666+0600][0.006s][info][gc,init] Address Space Type: Contiguous/Unrestricted/Complete
[2026-04-03T01:57:21.666+0600][0.006s][info][gc,init] Address Space Size: 16000M
[2026-04-03T01:57:21.666+0600][0.006s][info][gc,init] Heap Backing File: /memfd:java_heap
[2026-04-03T01:57:21.666+0600][0.006s][info][gc,init] Heap Backing Filesystem: tmpfs (0x1021994)
[2026-04-03T01:57:21.667+0600][0.006s][info][gc,init] Min Capacity: 8M
[2026-04-03T01:57:21.667+0600][0.006s][info][gc,init] Initial Capacity: 246M
[2026-04-03T01:57:21.667+0600][0.006s][info][gc,init] Max Capacity: 1000M
[2026-04-03T01:57:21.667+0600][0.006s][info][gc,init] Soft Max Capacity: 1000M
[2026-04-03T01:57:21.667+0600][0.006s][info][gc,init] Medium Page Size: 16M
[2026-04-03T01:57:21.667+0600][0.006s][info][gc,init] Pre-touch: Disabled
[2026-04-03T01:57:21.667+0600][0.006s][info][gc,init] Available space on backing filesystem: N/A
[2026-04-03T01:57:21.667+0600][0.007s][info][gc,init] Uncommit: Enabled
[2026-04-03T01:57:21.667+0600][0.007s][info][gc,init] Uncommit Delay: 300s
[2026-04-03T01:57:21.667+0600][0.007s][info][gc,init] GC Workers for Old Generation: 3 (dynamic)
[2026-04-03T01:57:21.668+0600][0.008s][info][gc,init] GC Workers for Young Generation: 3 (dynamic)
[2026-04-03T01:57:21.753+0600][0.092s][info][gc,init] GC Workers Max: 3 (dynamic)
[2026-04-03T01:57:21.754+0600][0.093s][info][gc,init] Runtime Workers: 8
[2026-04-03T01:57:21.754+0600][0.094s][info][gc     ] Using The Z Garbage Collector
[2026-04-03T01:57:21.765+0600][0.104s][info][gc,metaspace] CDS archive(s) mapped at: [0x00007f1677000000-0x00007f1677c9c000-0x00007f1677c9c000), size 13221888, SharedBaseAddress: 0x00007f1677000000, ArchiveRelocationMode: 1.
[2026-04-03T01:57:21.765+0600][0.104s][info][gc,metaspace] Compressed class space mapped at: 0x00007f1678000000-0x00007f16b8000000, reserved size: 1073741824
[2026-04-03T01:57:21.765+0600][0.104s][info][gc,metaspace] Narrow klass base: 0x00007f1677000000, Narrow klass shift: 0, Narrow klass range: 0x100000000
[2026-04-03T01:57:22.272+0600][0.611s][info][gc          ] GC(0) Major Collection (Warmup)
[2026-04-03T01:57:22.272+0600][0.611s][info][gc,task     ] GC(0) Using 3 Workers for Young Generation
[2026-04-03T01:57:22.272+0600][0.611s][info][gc,task     ] GC(0) Using 2 Workers for Old Generation
[2026-04-03T01:57:22.272+0600][0.612s][info][gc,phases   ] GC(0) Y: Young Generation
[2026-04-03T01:57:22.272+0600][0.612s][info][gc,phases   ] GC(0) Y: Pause Mark Start (Major) 0.020ms
[2026-04-03T01:57:22.278+0600][0.618s][info][gc,phases   ] GC(0) Y: Concurrent Mark 5.727ms
[2026-04-03T01:57:22.280+0600][0.620s][info][gc,phases   ] GC(0) Y: Pause Mark End 0.020ms
[2026-04-03T01:57:22.280+0600][0.620s][info][gc,phases   ] GC(0) Y: Concurrent Mark Free 0.002ms
[2026-04-03T01:57:22.281+0600][0.620s][info][gc,phases   ] GC(0) Y: Concurrent Reset Relocation Set 0.001ms
[2026-04-03T01:57:22.287+0600][0.627s][info][gc,reloc    ] GC(0) Y: Using tenuring threshold: 1 (Computed)
[2026-04-03T01:57:22.288+0600][0.628s][info][gc,phases   ] GC(0) Y: Concurrent Select Relocation Set 7.922ms
[2026-04-03T01:57:22.289+0600][0.628s][info][gc,phases   ] GC(0) Y: Pause Relocate Start 0.012ms
[2026-04-03T01:57:22.291+0600][0.630s][info][gc,phases   ] GC(0) Y: Concurrent Relocate 2.168ms
[2026-04-03T01:57:22.291+0600][0.630s][info][gc,alloc    ] GC(0) Y:                         Mark Start        Mark End      Relocate Start    Relocate End   
[2026-04-03T01:57:22.291+0600][0.630s][info][gc,alloc    ] GC(0) Y: Allocation Stalls:          0                0                0                0         
[2026-04-03T01:57:22.291+0600][0.630s][info][gc,load     ] GC(0) Y: Load: 2.75 (23%) / 5.66 (47%) / 6.72 (56%)
[2026-04-03T01:57:22.291+0600][0.630s][info][gc,mmu      ] GC(0) Y: MMU: 2ms/99.0%, 5ms/99.6%, 10ms/99.6%, 20ms/99.7%, 50ms/99.9%, 100ms/99.9%
[2026-04-03T01:57:22.291+0600][0.630s][info][gc,marking  ] GC(0) Y: Mark: 2 stripe(s), 2 proactive flush(es), 1 terminate flush(es), 0 completion(s), 0 continuation(s) 
[2026-04-03T01:57:22.291+0600][0.630s][info][gc,marking  ] GC(0) Y: Mark Stack Usage: 32M
[2026-04-03T01:57:22.291+0600][0.630s][info][gc,nmethod  ] GC(0) Y: NMethods: 725 registered, 0 unregistered
[2026-04-03T01:57:22.291+0600][0.630s][info][gc,metaspace] GC(0) Y: Metaspace: 3M used, 4M committed, 1088M reserved
[2026-04-03T01:57:22.291+0600][0.630s][info][gc,reloc    ] GC(0) Y:                        Candidates     Selected     In-Place         Size        Empty    Relocated 
[2026-04-03T01:57:22.291+0600][0.630s][info][gc,reloc    ] GC(0) Y: Small Pages:                   50           47            0         100M           0M           1M 
[2026-04-03T01:57:22.291+0600][0.630s][info][gc,reloc    ] GC(0) Y: Medium Pages:                   0            0            0           0M           0M           0M 
[2026-04-03T01:57:22.291+0600][0.630s][info][gc,reloc    ] GC(0) Y: Large Pages:                    0            0            0           0M           0M           0M 
[2026-04-03T01:57:22.291+0600][0.630s][info][gc,reloc    ] GC(0) Y: Forwarding Usage: 0M
[2026-04-03T01:57:22.291+0600][0.630s][info][gc,reloc    ] GC(0) Y: Age Table:
[2026-04-03T01:57:22.291+0600][0.630s][info][gc,reloc    ] GC(0) Y:                    Live             Garbage             Small              Medium             Large        
[2026-04-03T01:57:22.291+0600][0.630s][info][gc,reloc    ] GC(0) Y: Eden               3M (0%)           96M (10%)         50 / 47             0 / 0              0 / 0        
[2026-04-03T01:57:22.291+0600][0.630s][info][gc,heap     ] GC(0) Y: Min Capacity: 8M(1%)
[2026-04-03T01:57:22.291+0600][0.630s][info][gc,heap     ] GC(0) Y: Max Capacity: 1000M(100%)
[2026-04-03T01:57:22.291+0600][0.630s][info][gc,heap     ] GC(0) Y: Soft Max Capacity: 1000M(100%)
[2026-04-03T01:57:22.291+0600][0.630s][info][gc,heap     ] GC(0) Y: Heap Statistics:
[2026-04-03T01:57:22.291+0600][0.630s][info][gc,heap     ] GC(0) Y:                Mark Start          Mark End        Relocate Start      Relocate End           High               Low         
[2026-04-03T01:57:22.291+0600][0.630s][info][gc,heap     ] GC(0) Y:  Capacity:      246M (25%)         246M (25%)         246M (25%)         246M (25%)         246M (25%)         246M (25%)    
[2026-04-03T01:57:22.291+0600][0.631s][info][gc,heap     ] GC(0) Y:      Free:      900M (90%)         898M (90%)         894M (89%)         982M (98%)         982M (98%)         890M (89%)    
[2026-04-03T01:57:22.291+0600][0.631s][info][gc,heap     ] GC(0) Y:      Used:      100M (10%)         102M (10%)         106M (11%)          18M (2%)          110M (11%)          18M (2%)     
[2026-04-03T01:57:22.291+0600][0.631s][info][gc,heap     ] GC(0) Y: Young Generation Statistics:
[2026-04-03T01:57:22.291+0600][0.631s][info][gc,heap     ] GC(0) Y:                Mark Start          Mark End        Relocate Start      Relocate End    
[2026-04-03T01:57:22.291+0600][0.631s][info][gc,heap     ] GC(0) Y:      Used:      100M (10%)         102M (10%)         106M (11%)          18M (2%)     
[2026-04-03T01:57:22.291+0600][0.631s][info][gc,heap     ] GC(0) Y:      Live:         -                 3M (0%)            3M (0%)            3M (0%)     
[2026-04-03T01:57:22.291+0600][0.631s][info][gc,heap     ] GC(0) Y:   Garbage:         -                96M (10%)          96M (10%)           1M (0%)     
[2026-04-03T01:57:22.291+0600][0.631s][info][gc,heap     ] GC(0) Y: Allocated:         -                 2M (0%)            6M (1%)           12M (1%)     
[2026-04-03T01:57:22.291+0600][0.631s][info][gc,heap     ] GC(0) Y: Reclaimed:         -                  -                 0M (0%)           94M (9%)     
[2026-04-03T01:57:22.291+0600][0.631s][info][gc,heap     ] GC(0) Y:  Promoted:         -                  -                 0M (0%)            0M (0%)     
[2026-04-03T01:57:22.291+0600][0.631s][info][gc,heap     ] GC(0) Y: Compacted:         -                  -                  -                 1M (0%)     
[2026-04-03T01:57:22.291+0600][0.631s][info][gc,phases   ] GC(0) Y: Young Generation 100M(10%)->18M(2%) 0.019s
[2026-04-03T01:57:22.291+0600][0.631s][info][gc,phases   ] GC(0) O: Old Generation
[2026-04-03T01:57:22.292+0600][0.631s][info][gc,phases   ] GC(0) O: Concurrent Mark 0.807ms
[2026-04-03T01:57:22.292+0600][0.632s][info][gc,phases   ] GC(0) O: Pause Mark End 0.016ms
[2026-04-03T01:57:22.292+0600][0.632s][info][gc,phases   ] GC(0) O: Concurrent Mark Free 0.027ms
[2026-04-03T01:57:22.294+0600][0.633s][info][gc,phases   ] GC(0) O: Concurrent Process Non-Strong 1.501ms
[2026-04-03T01:57:22.294+0600][0.633s][info][gc,phases   ] GC(0) O: Concurrent Reset Relocation Set 0.001ms
[2026-04-03T01:57:22.296+0600][0.635s][info][gc,phases   ] GC(0) O: Concurrent Select Relocation Set 2.053ms
[2026-04-03T01:57:22.296+0600][0.635s][info][gc,task     ] GC(0) O: Using 3 Workers for Old Generation
[2026-04-03T01:57:22.309+0600][0.648s][info][gc,task     ] GC(0) O: Using 2 Workers for Old Generation
[2026-04-03T01:57:22.309+0600][0.648s][info][gc,phases   ] GC(0) O: Concurrent Remap Roots 12.712ms
[2026-04-03T01:57:22.309+0600][0.649s][info][gc,phases   ] GC(0) O: Pause Relocate Start 0.018ms
[2026-04-03T01:57:22.310+0600][0.649s][info][gc,phases   ] GC(0) O: Concurrent Relocate 0.641ms
[2026-04-03T01:57:22.310+0600][0.649s][info][gc,alloc    ] GC(0) O:                         Mark Start        Mark End      Relocate Start    Relocate End   
[2026-04-03T01:57:22.310+0600][0.649s][info][gc,alloc    ] GC(0) O: Allocation Stalls:          0                0                0                0         
[2026-04-03T01:57:22.310+0600][0.650s][info][gc,load     ] GC(0) O: Load: 2.75 (23%) / 5.66 (47%) / 6.72 (56%)
[2026-04-03T01:57:22.310+0600][0.650s][info][gc,mmu      ] GC(0) O: MMU: 2ms/99.0%, 5ms/99.4%, 10ms/99.6%, 20ms/99.7%, 50ms/99.8%, 100ms/99.9%
[2026-04-03T01:57:22.310+0600][0.650s][info][gc,marking  ] GC(0) O: Mark: 2 stripe(s), 1 proactive flush(es), 1 terminate flush(es), 0 completion(s), 0 continuation(s) 
[2026-04-03T01:57:22.310+0600][0.650s][info][gc,marking  ] GC(0) O: Mark Stack Usage: 0M
[2026-04-03T01:57:22.310+0600][0.650s][info][gc,nmethod  ] GC(0) O: NMethods: 666 registered, 70 unregistered
[2026-04-03T01:57:22.310+0600][0.650s][info][gc,metaspace] GC(0) O: Metaspace: 4M used, 4M committed, 1088M reserved
[2026-04-03T01:57:22.310+0600][0.650s][info][gc,ref      ] GC(0) O:                       Encountered   Discovered     Enqueued 
[2026-04-03T01:57:22.310+0600][0.650s][info][gc,ref      ] GC(0) O: Soft References:              134            0            0 
[2026-04-03T01:57:22.310+0600][0.650s][info][gc,ref      ] GC(0) O: Weak References:              405            0            0 
[2026-04-03T01:57:22.310+0600][0.650s][info][gc,ref      ] GC(0) O: Final References:               0            0            0 
[2026-04-03T01:57:22.310+0600][0.650s][info][gc,ref      ] GC(0) O: Phantom References:            25            0            0 
[2026-04-03T01:57:22.310+0600][0.650s][info][gc,heap     ] GC(0) O: Min Capacity: 8M(1%)
[2026-04-03T01:57:22.310+0600][0.650s][info][gc,heap     ] GC(0) O: Max Capacity: 1000M(100%)
[2026-04-03T01:57:22.310+0600][0.650s][info][gc,heap     ] GC(0) O: Soft Max Capacity: 1000M(100%)
[2026-04-03T01:57:22.310+0600][0.650s][info][gc,heap     ] GC(0) O: Heap Statistics:
[2026-04-03T01:57:22.310+0600][0.650s][info][gc,heap     ] GC(0) O:                Mark Start          Mark End        Relocate Start      Relocate End           High               Low         
[2026-04-03T01:57:22.310+0600][0.650s][info][gc,heap     ] GC(0) O:  Capacity:      246M (25%)         246M (25%)         246M (25%)         246M (25%)         246M (25%)         246M (25%)    
[2026-04-03T01:57:22.310+0600][0.650s][info][gc,heap     ] GC(0) O:      Free:      900M (90%)         982M (98%)         976M (98%)         976M (98%)         982M (98%)         890M (89%)    
[2026-04-03T01:57:22.310+0600][0.650s][info][gc,heap     ] GC(0) O:      Used:      100M (10%)          18M (2%)           24M (2%)           24M (2%)          110M (11%)          18M (2%)     
[2026-04-03T01:57:22.310+0600][0.650s][info][gc,heap     ] GC(0) O: Old Generation Statistics:
[2026-04-03T01:57:22.310+0600][0.650s][info][gc,heap     ] GC(0) O:                Mark Start          Mark End        Relocate Start      Relocate End    
[2026-04-03T01:57:22.310+0600][0.650s][info][gc,heap     ] GC(0) O:      Used:        0M (0%)            0M (0%)            0M (0%)            0M (0%)     
[2026-04-03T01:57:22.310+0600][0.650s][info][gc,heap     ] GC(0) O:      Live:         -                 0M (0%)            0M (0%)            0M (0%)     
[2026-04-03T01:57:22.310+0600][0.650s][info][gc,heap     ] GC(0) O:   Garbage:         -                 0M (0%)            0M (0%)            0M (0%)     
[2026-04-03T01:57:22.310+0600][0.650s][info][gc,heap     ] GC(0) O: Allocated:         -                 0M (0%)            0M (0%)            0M (0%)     
[2026-04-03T01:57:22.310+0600][0.650s][info][gc,heap     ] GC(0) O: Reclaimed:         -                  -                 0M (0%)            0M (0%)     
[2026-04-03T01:57:22.310+0600][0.650s][info][gc,heap     ] GC(0) O: Compacted:         -                  -                  -                 0M (0%)     
[2026-04-03T01:57:22.310+0600][0.650s][info][gc,phases   ] GC(0) O: Old Generation 18M(2%)->24M(2%) 0.019s
[2026-04-03T01:57:22.310+0600][0.650s][info][gc          ] GC(0) Major Collection (Warmup) 100M(10%)->24M(2%) 0.038s
[2026-04-03T01:57:22.819+0600][1.158s][info][gc          ] GC(1) Major Collection (Warmup)
[2026-04-03T01:57:22.819+0600][1.158s][info][gc,task     ] GC(1) Using 3 Workers for Young Generation
[2026-04-03T01:57:22.819+0600][1.158s][info][gc,task     ] GC(1) Using 1 Workers for Old Generation
[2026-04-03T01:57:22.819+0600][1.158s][info][gc,phases   ] GC(1) Y: Young Generation
[2026-04-03T01:57:22.819+0600][1.159s][info][gc,phases   ] GC(1) Y: Pause Mark Start (Major) 0.015ms
[2026-04-03T01:57:22.827+0600][1.166s][info][gc,phases   ] GC(1) Y: Concurrent Mark 7.564ms
[2026-04-03T01:57:22.827+0600][1.167s][info][gc,phases   ] GC(1) Y: Pause Mark End 0.017ms
[2026-04-03T01:57:22.827+0600][1.167s][info][gc,phases   ] GC(1) Y: Concurrent Mark Free 0.001ms
[2026-04-03T01:57:22.827+0600][1.167s][info][gc,phases   ] GC(1) Y: Concurrent Reset Relocation Set 0.007ms
[2026-04-03T01:57:22.829+0600][1.168s][info][gc,reloc    ] GC(1) Y: Using tenuring threshold: 2 (Computed)
[2026-04-03T01:57:22.830+0600][1.170s][info][gc,phases   ] GC(1) Y: Concurrent Select Relocation Set 2.957ms
[2026-04-03T01:57:22.830+0600][1.170s][info][gc,phases   ] GC(1) Y: Pause Relocate Start 0.012ms
[2026-04-03T01:57:22.834+0600][1.173s][info][gc,phases   ] GC(1) Y: Concurrent Relocate 3.109ms
[2026-04-03T01:57:22.834+0600][1.173s][info][gc,alloc    ] GC(1) Y:                         Mark Start        Mark End      Relocate Start    Relocate End   
[2026-04-03T01:57:22.834+0600][1.173s][info][gc,alloc    ] GC(1) Y: Allocation Stalls:          0                0                0                0         
[2026-04-03T01:57:22.834+0600][1.173s][info][gc,load     ] GC(1) Y: Load: 2.75 (23%) / 5.66 (47%) / 6.72 (56%)
[2026-04-03T01:57:22.834+0600][1.173s][info][gc,mmu      ] GC(1) Y: MMU: 2ms/99.0%, 5ms/99.4%, 10ms/99.6%, 20ms/99.7%, 50ms/99.8%, 100ms/99.9%
[2026-04-03T01:57:22.834+0600][1.173s][info][gc,marking  ] GC(1) Y: Mark: 2 stripe(s), 3 proactive flush(es), 1 terminate flush(es), 0 completion(s), 0 continuation(s) 
[2026-04-03T01:57:22.834+0600][1.173s][info][gc,marking  ] GC(1) Y: Mark Stack Usage: 32M
[2026-04-03T01:57:22.834+0600][1.173s][info][gc,nmethod  ] GC(1) Y: NMethods: 1135 registered, 70 unregistered
[2026-04-03T01:57:22.834+0600][1.173s][info][gc,metaspace] GC(1) Y: Metaspace: 9M used, 9M committed, 1088M reserved
[2026-04-03T01:57:22.834+0600][1.173s][info][gc,reloc    ] GC(1) Y:                        Candidates     Selected     In-Place         Size        Empty    Relocated 
[2026-04-03T01:57:22.834+0600][1.173s][info][gc,reloc    ] GC(1) Y: Small Pages:                  101           98            0         202M           0M           2M 
[2026-04-03T01:57:22.834+0600][1.173s][info][gc,reloc    ] GC(1) Y: Medium Pages:                   0            0            0           0M           0M           0M 
[2026-04-03T01:57:22.834+0600][1.173s][info][gc,reloc    ] GC(1) Y: Large Pages:                    0            0            0           0M           0M           0M 
[2026-04-03T01:57:22.834+0600][1.173s][info][gc,reloc    ] GC(1) Y: Forwarding Usage: 1M
[2026-04-03T01:57:22.834+0600][1.173s][info][gc,reloc    ] GC(1) Y: Age Table:
[2026-04-03T01:57:22.834+0600][1.173s][info][gc,reloc    ] GC(1) Y:                    Live             Garbage             Small              Medium             Large        
[2026-04-03T01:57:22.834+0600][1.173s][info][gc,reloc    ] GC(1) Y: Eden               1M (0%)          188M (19%)         95 / 94             0 / 0              0 / 0        
[2026-04-03T01:57:22.834+0600][1.173s][info][gc,reloc    ] GC(1) Y: Survivor 1         3M (0%)            8M (1%)           6 / 4              0 / 0              0 / 0        
[2026-04-03T01:57:22.834+0600][1.173s][info][gc,heap     ] GC(1) Y: Min Capacity: 8M(1%)
[2026-04-03T01:57:22.834+0600][1.173s][info][gc,heap     ] GC(1) Y: Max Capacity: 1000M(100%)
[2026-04-03T01:57:22.834+0600][1.173s][info][gc,heap     ] GC(1) Y: Soft Max Capacity: 1000M(100%)
[2026-04-03T01:57:22.834+0600][1.173s][info][gc,heap     ] GC(1) Y: Heap Statistics:
[2026-04-03T01:57:22.834+0600][1.173s][info][gc,heap     ] GC(1) Y:                Mark Start          Mark End        Relocate Start      Relocate End           High               Low         
[2026-04-03T01:57:22.834+0600][1.173s][info][gc,heap     ] GC(1) Y:  Capacity:      246M (25%)         246M (25%)         246M (25%)         246M (25%)         246M (25%)         246M (25%)    
[2026-04-03T01:57:22.834+0600][1.173s][info][gc,heap     ] GC(1) Y:      Free:      798M (80%)         792M (79%)         790M (79%)         974M (97%)         974M (97%)         782M (78%)    
[2026-04-03T01:57:22.834+0600][1.173s][info][gc,heap     ] GC(1) Y:      Used:      202M (20%)         208M (21%)         210M (21%)          26M (3%)          218M (22%)          26M (3%)     
[2026-04-03T01:57:22.834+0600][1.173s][info][gc,heap     ] GC(1) Y: Young Generation Statistics:
[2026-04-03T01:57:22.834+0600][1.173s][info][gc,heap     ] GC(1) Y:                Mark Start          Mark End        Relocate Start      Relocate End    
[2026-04-03T01:57:22.834+0600][1.173s][info][gc,heap     ] GC(1) Y:      Used:      202M (20%)         208M (21%)         210M (21%)          26M (3%)     
[2026-04-03T01:57:22.834+0600][1.173s][info][gc,heap     ] GC(1) Y:      Live:         -                 4M (0%)            4M (0%)            4M (0%)     
[2026-04-03T01:57:22.834+0600][1.173s][info][gc,heap     ] GC(1) Y:   Garbage:         -               197M (20%)         197M (20%)           0M (0%)     
[2026-04-03T01:57:22.834+0600][1.173s][info][gc,heap     ] GC(1) Y: Allocated:         -                 6M (1%)            8M (1%)           20M (2%)     
[2026-04-03T01:57:22.834+0600][1.173s][info][gc,heap     ] GC(1) Y: Reclaimed:         -                  -                 0M (0%)          196M (20%)    
[2026-04-03T01:57:22.834+0600][1.173s][info][gc,heap     ] GC(1) Y:  Promoted:         -                  -                 0M (0%)            0M (0%)     
[2026-04-03T01:57:22.834+0600][1.173s][info][gc,heap     ] GC(1) Y: Compacted:         -                  -                  -                 3M (0%)     
[2026-04-03T01:57:22.834+0600][1.173s][info][gc,phases   ] GC(1) Y: Young Generation 202M(20%)->26M(3%) 0.015s
[2026-04-03T01:57:22.834+0600][1.173s][info][gc,phases   ] GC(1) O: Old Generation
[2026-04-03T01:57:22.835+0600][1.175s][info][gc,phases   ] GC(1) O: Concurrent Mark 1.554ms
[2026-04-03T01:57:22.836+0600][1.176s][info][gc,phases   ] GC(1) O: Pause Mark End 0.017ms
[2026-04-03T01:57:22.836+0600][1.176s][info][gc,phases   ] GC(1) O: Concurrent Mark Free 0.001ms
[2026-04-03T01:57:22.840+0600][1.180s][info][gc,phases   ] GC(1) O: Concurrent Process Non-Strong 3.717ms
[2026-04-03T01:57:22.840+0600][1.180s][info][gc,phases   ] GC(1) O: Concurrent Reset Relocation Set 0.001ms
[2026-04-03T01:57:22.842+0600][1.181s][info][gc,phases   ] GC(1) O: Concurrent Select Relocation Set 1.553ms
[2026-04-03T01:57:22.842+0600][1.181s][info][gc,task     ] GC(1) O: Using 3 Workers for Old Generation
[2026-04-03T01:57:22.855+0600][1.195s][info][gc,task     ] GC(1) O: Using 1 Workers for Old Generation
[2026-04-03T01:57:22.855+0600][1.195s][info][gc,phases   ] GC(1) O: Concurrent Remap Roots 13.661ms
[2026-04-03T01:57:22.856+0600][1.195s][info][gc,phases   ] GC(1) O: Pause Relocate Start 0.023ms
[2026-04-03T01:57:22.856+0600][1.196s][info][gc,phases   ] GC(1) O: Concurrent Relocate 0.496ms
[2026-04-03T01:57:22.856+0600][1.196s][info][gc,alloc    ] GC(1) O:                         Mark Start        Mark End      Relocate Start    Relocate End   
[2026-04-03T01:57:22.856+0600][1.196s][info][gc,alloc    ] GC(1) O: Allocation Stalls:          0                0                0                0         
[2026-04-03T01:57:22.856+0600][1.196s][info][gc,load     ] GC(1) O: Load: 2.75 (23%) / 5.66 (47%) / 6.72 (56%)
[2026-04-03T01:57:22.856+0600][1.196s][info][gc,mmu      ] GC(1) O: MMU: 2ms/98.8%, 5ms/99.4%, 10ms/99.5%, 20ms/99.7%, 50ms/99.8%, 100ms/99.9%
[2026-04-03T01:57:22.856+0600][1.196s][info][gc,marking  ] GC(1) O: Mark: 1 stripe(s), 1 proactive flush(es), 1 terminate flush(es), 0 completion(s), 0 continuation(s) 
[2026-04-03T01:57:22.856+0600][1.196s][info][gc,marking  ] GC(1) O: Mark Stack Usage: 0M
[2026-04-03T01:57:22.856+0600][1.196s][info][gc,nmethod  ] GC(1) O: NMethods: 1090 registered, 115 unregistered
[2026-04-03T01:57:22.856+0600][1.196s][info][gc,metaspace] GC(1) O: Metaspace: 9M used, 9M committed, 1088M reserved
[2026-04-03T01:57:22.856+0600][1.196s][info][gc,ref      ] GC(1) O:                       Encountered   Discovered     Enqueued 
[2026-04-03T01:57:22.856+0600][1.196s][info][gc,ref      ] GC(1) O: Soft References:              211            0            0 
[2026-04-03T01:57:22.856+0600][1.196s][info][gc,ref      ] GC(1) O: Weak References:              914            0            0 
[2026-04-03T01:57:22.856+0600][1.196s][info][gc,ref      ] GC(1) O: Final References:               0            0            0 
[2026-04-03T01:57:22.856+0600][1.196s][info][gc,ref      ] GC(1) O: Phantom References:            28            0            0 
[2026-04-03T01:57:22.856+0600][1.196s][info][gc,heap     ] GC(1) O: Min Capacity: 8M(1%)
[2026-04-03T01:57:22.857+0600][1.196s][info][gc,heap     ] GC(1) O: Max Capacity: 1000M(100%)
[2026-04-03T01:57:22.857+0600][1.196s][info][gc,heap     ] GC(1) O: Soft Max Capacity: 1000M(100%)
[2026-04-03T01:57:22.857+0600][1.196s][info][gc,heap     ] GC(1) O: Heap Statistics:
[2026-04-03T01:57:22.857+0600][1.196s][info][gc,heap     ] GC(1) O:                Mark Start          Mark End        Relocate Start      Relocate End           High               Low         
[2026-04-03T01:57:22.857+0600][1.196s][info][gc,heap     ] GC(1) O:  Capacity:      246M (25%)         246M (25%)         246M (25%)         246M (25%)         246M (25%)         246M (25%)    
[2026-04-03T01:57:22.857+0600][1.196s][info][gc,heap     ] GC(1) O:      Free:      798M (80%)         974M (97%)         966M (97%)         966M (97%)         974M (97%)         782M (78%)    
[2026-04-03T01:57:22.857+0600][1.196s][info][gc,heap     ] GC(1) O:      Used:      202M (20%)          26M (3%)           34M (3%)           34M (3%)          218M (22%)          26M (3%)     
[2026-04-03T01:57:22.857+0600][1.196s][info][gc,heap     ] GC(1) O: Old Generation Statistics:
[2026-04-03T01:57:22.857+0600][1.196s][info][gc,heap     ] GC(1) O:                Mark Start          Mark End        Relocate Start      Relocate End    
[2026-04-03T01:57:22.857+0600][1.196s][info][gc,heap     ] GC(1) O:      Used:        0M (0%)            0M (0%)            0M (0%)            0M (0%)     
[2026-04-03T01:57:22.857+0600][1.196s][info][gc,heap     ] GC(1) O:      Live:         -                 0M (0%)            0M (0%)            0M (0%)     
[2026-04-03T01:57:22.857+0600][1.196s][info][gc,heap     ] GC(1) O:   Garbage:         -                 0M (0%)            0M (0%)            0M (0%)     
[2026-04-03T01:57:22.857+0600][1.196s][info][gc,heap     ] GC(1) O: Allocated:         -                 0M (0%)            0M (0%)            0M (0%)     
[2026-04-03T01:57:22.857+0600][1.196s][info][gc,heap     ] GC(1) O: Reclaimed:         -                  -                 0M (0%)            0M (0%)     
[2026-04-03T01:57:22.857+0600][1.196s][info][gc,heap     ] GC(1) O: Compacted:         -                  -                  -                 0M (0%)     
[2026-04-03T01:57:22.857+0600][1.196s][info][gc,phases   ] GC(1) O: Old Generation 26M(3%)->34M(3%) 0.023s
[2026-04-03T01:57:22.857+0600][1.196s][info][gc          ] GC(1) Major Collection (Warmup) 202M(20%)->34M(3%) 0.038s
[2026-04-03T01:57:25.725+0600][4.065s][info][gc          ] GC(2) Major Collection (Metadata GC Threshold)
[2026-04-03T01:57:25.725+0600][4.065s][info][gc,task     ] GC(2) Using 1 Workers for Young Generation
[2026-04-03T01:57:25.725+0600][4.065s][info][gc,task     ] GC(2) Using 1 Workers for Old Generation
[2026-04-03T01:57:25.725+0600][4.065s][info][gc,phases   ] GC(2) Y: Young Generation
[2026-04-03T01:57:25.726+0600][4.065s][info][gc,phases   ] GC(2) Y: Pause Mark Start (Major) 0.021ms
[2026-04-03T01:57:25.762+0600][4.101s][info][gc,phases   ] GC(2) Y: Concurrent Mark 35.886ms
[2026-04-03T01:57:25.762+0600][4.101s][info][gc,phases   ] GC(2) Y: Pause Mark End 0.021ms
[2026-04-03T01:57:25.762+0600][4.102s][info][gc,phases   ] GC(2) Y: Concurrent Mark Free 0.002ms
[2026-04-03T01:57:25.762+0600][4.102s][info][gc,phases   ] GC(2) Y: Concurrent Reset Relocation Set 0.009ms
[2026-04-03T01:57:25.764+0600][4.103s][info][gc,reloc    ] GC(2) Y: Using tenuring threshold: 3 (Computed)
[2026-04-03T01:57:25.765+0600][4.105s][info][gc,phases   ] GC(2) Y: Concurrent Select Relocation Set 3.311ms
[2026-04-03T01:57:25.766+0600][4.105s][info][gc,phases   ] GC(2) Y: Pause Relocate Start 0.015ms
[2026-04-03T01:57:25.782+0600][4.121s][info][gc,phases   ] GC(2) Y: Concurrent Relocate 15.891ms
[2026-04-03T01:57:25.782+0600][4.121s][info][gc,alloc    ] GC(2) Y:                         Mark Start        Mark End      Relocate Start    Relocate End   
[2026-04-03T01:57:25.782+0600][4.121s][info][gc,alloc    ] GC(2) Y: Allocation Stalls:          0                0                0                0         
[2026-04-03T01:57:25.782+0600][4.121s][info][gc,load     ] GC(2) Y: Load: 2.61 (22%) / 5.58 (47%) / 6.69 (56%)
[2026-04-03T01:57:25.782+0600][4.121s][info][gc,mmu      ] GC(2) Y: MMU: 2ms/98.8%, 5ms/99.3%, 10ms/99.5%, 20ms/99.7%, 50ms/99.8%, 100ms/99.9%
[2026-04-03T01:57:25.782+0600][4.121s][info][gc,marking  ] GC(2) Y: Mark: 1 stripe(s), 2 proactive flush(es), 1 terminate flush(es), 0 completion(s), 0 continuation(s) 
[2026-04-03T01:57:25.782+0600][4.121s][info][gc,marking  ] GC(2) Y: Mark Stack Usage: 32M
[2026-04-03T01:57:25.782+0600][4.121s][info][gc,nmethod  ] GC(2) Y: NMethods: 1955 registered, 0 unregistered
[2026-04-03T01:57:25.782+0600][4.121s][info][gc,metaspace] GC(2) Y: Metaspace: 21M used, 21M committed, 1088M reserved
[2026-04-03T01:57:25.782+0600][4.121s][info][gc,reloc    ] GC(2) Y:                        Candidates     Selected     In-Place         Size        Empty    Relocated 
[2026-04-03T01:57:25.782+0600][4.121s][info][gc,reloc    ] GC(2) Y: Small Pages:                  116          107            0         232M           0M           8M 
[2026-04-03T01:57:25.782+0600][4.121s][info][gc,reloc    ] GC(2) Y: Medium Pages:                   1            0            0          16M           0M           0M 
[2026-04-03T01:57:25.782+0600][4.121s][info][gc,reloc    ] GC(2) Y: Large Pages:                    1            0            0           4M           0M           0M 
[2026-04-03T01:57:25.782+0600][4.121s][info][gc,reloc    ] GC(2) Y: Forwarding Usage: 2M
[2026-04-03T01:57:25.782+0600][4.121s][info][gc,reloc    ] GC(2) Y: Age Table:
[2026-04-03T01:57:25.782+0600][4.121s][info][gc,reloc    ] GC(2) Y:                    Live             Garbage             Small              Medium             Large        
[2026-04-03T01:57:25.782+0600][4.121s][info][gc,reloc    ] GC(2) Y: Eden              16M (2%)          217M (22%)        107 / 101            1 / 0              1 / 0        
[2026-04-03T01:57:25.782+0600][4.121s][info][gc,reloc    ] GC(2) Y: Survivor 1         1M (0%)            6M (1%)           4 / 2              0 / 0              0 / 0        
[2026-04-03T01:57:25.782+0600][4.121s][info][gc,reloc    ] GC(2) Y: Survivor 2         3M (0%)            6M (1%)           5 / 4              0 / 0              0 / 0        
[2026-04-03T01:57:25.782+0600][4.121s][info][gc,heap     ] GC(2) Y: Min Capacity: 8M(1%)
[2026-04-03T01:57:25.782+0600][4.121s][info][gc,heap     ] GC(2) Y: Max Capacity: 1000M(100%)
[2026-04-03T01:57:25.782+0600][4.121s][info][gc,heap     ] GC(2) Y: Soft Max Capacity: 1000M(100%)
[2026-04-03T01:57:25.782+0600][4.121s][info][gc,heap     ] GC(2) Y: Heap Statistics:
[2026-04-03T01:57:25.782+0600][4.121s][info][gc,heap     ] GC(2) Y:                Mark Start          Mark End        Relocate Start      Relocate End           High               Low         
[2026-04-03T01:57:25.782+0600][4.121s][info][gc,heap     ] GC(2) Y:  Capacity:      252M (25%)         256M (26%)         256M (26%)         266M (27%)         266M (27%)         252M (25%)    
[2026-04-03T01:57:25.782+0600][4.121s][info][gc,heap     ] GC(2) Y:      Free:      748M (75%)         744M (74%)         744M (74%)         940M (94%)         940M (94%)         734M (73%)    
[2026-04-03T01:57:25.782+0600][4.121s][info][gc,heap     ] GC(2) Y:      Used:      252M (25%)         256M (26%)         256M (26%)          60M (6%)          266M (27%)          60M (6%)     
[2026-04-03T01:57:25.782+0600][4.121s][info][gc,heap     ] GC(2) Y: Young Generation Statistics:
[2026-04-03T01:57:25.782+0600][4.121s][info][gc,heap     ] GC(2) Y:                Mark Start          Mark End        Relocate Start      Relocate End    
[2026-04-03T01:57:25.782+0600][4.121s][info][gc,heap     ] GC(2) Y:      Used:      252M (25%)         256M (26%)         256M (26%)          60M (6%)     
[2026-04-03T01:57:25.782+0600][4.121s][info][gc,heap     ] GC(2) Y:      Live:         -                21M (2%)           21M (2%)           21M (2%)     
[2026-04-03T01:57:25.782+0600][4.121s][info][gc,heap     ] GC(2) Y:   Garbage:         -               230M (23%)         230M (23%)          14M (1%)     
[2026-04-03T01:57:25.782+0600][4.121s][info][gc,heap     ] GC(2) Y: Allocated:         -                 4M (0%)            4M (0%)           23M (2%)     
[2026-04-03T01:57:25.782+0600][4.121s][info][gc,heap     ] GC(2) Y: Reclaimed:         -                  -                 0M (0%)          215M (22%)    
[2026-04-03T01:57:25.782+0600][4.121s][info][gc,heap     ] GC(2) Y:  Promoted:         -                  -                 0M (0%)            0M (0%)     
[2026-04-03T01:57:25.782+0600][4.121s][info][gc,heap     ] GC(2) Y: Compacted:         -                  -                  -                12M (1%)     
[2026-04-03T01:57:25.782+0600][4.121s][info][gc,phases   ] GC(2) Y: Young Generation 252M(25%)->60M(6%) 0.056s
[2026-04-03T01:57:25.782+0600][4.121s][info][gc,phases   ] GC(2) O: Old Generation
[2026-04-03T01:57:25.783+0600][4.122s][info][gc,phases   ] GC(2) O: Concurrent Mark 0.982ms
[2026-04-03T01:57:25.783+0600][4.123s][info][gc,phases   ] GC(2) O: Pause Mark End 0.021ms
[2026-04-03T01:57:25.783+0600][4.123s][info][gc,phases   ] GC(2) O: Concurrent Mark Free 0.004ms
[2026-04-03T01:57:25.791+0600][4.130s][info][gc,phases   ] GC(2) O: Concurrent Process Non-Strong 7.419ms
[2026-04-03T01:57:25.791+0600][4.130s][info][gc,phases   ] GC(2) O: Concurrent Reset Relocation Set 0.001ms
[2026-04-03T01:57:25.793+0600][4.132s][info][gc,phases   ] GC(2) O: Concurrent Select Relocation Set 1.730ms
[2026-04-03T01:57:25.793+0600][4.132s][info][gc,task     ] GC(2) O: Using 2 Workers for Old Generation
[2026-04-03T01:57:25.814+0600][4.154s][info][gc,task     ] GC(2) O: Using 1 Workers for Old Generation
[2026-04-03T01:57:25.814+0600][4.154s][info][gc,phases   ] GC(2) O: Concurrent Remap Roots 21.553ms
[2026-04-03T01:57:25.814+0600][4.154s][info][gc,phases   ] GC(2) O: Pause Relocate Start 0.020ms
[2026-04-03T01:57:25.815+0600][4.155s][info][gc,phases   ] GC(2) O: Concurrent Relocate 0.391ms
[2026-04-03T01:57:25.815+0600][4.155s][info][gc,alloc    ] GC(2) O:                         Mark Start        Mark End      Relocate Start    Relocate End   
[2026-04-03T01:57:25.815+0600][4.155s][info][gc,alloc    ] GC(2) O: Allocation Stalls:          0                0                0                0         
[2026-04-03T01:57:25.815+0600][4.155s][info][gc,load     ] GC(2) O: Load: 2.61 (22%) / 5.58 (47%) / 6.69 (56%)
[2026-04-03T01:57:25.815+0600][4.155s][info][gc,mmu      ] GC(2) O: MMU: 2ms/98.8%, 5ms/99.3%, 10ms/99.5%, 20ms/99.7%, 50ms/99.8%, 100ms/99.9%
[2026-04-03T01:57:25.815+0600][4.155s][info][gc,marking  ] GC(2) O: Mark: 1 stripe(s), 1 proactive flush(es), 1 terminate flush(es), 0 completion(s), 0 continuation(s) 
[2026-04-03T01:57:25.815+0600][4.155s][info][gc,marking  ] GC(2) O: Mark Stack Usage: 0M
[2026-04-03T01:57:25.815+0600][4.155s][info][gc,nmethod  ] GC(2) O: NMethods: 1870 registered, 146 unregistered
[2026-04-03T01:57:25.815+0600][4.155s][info][gc,metaspace] GC(2) O: Metaspace: 21M used, 21M committed, 1088M reserved
[2026-04-03T01:57:25.815+0600][4.155s][info][gc,ref      ] GC(2) O:                       Encountered   Discovered     Enqueued 
[2026-04-03T01:57:25.815+0600][4.155s][info][gc,ref      ] GC(2) O: Soft References:             3512            0            0 
[2026-04-03T01:57:25.815+0600][4.155s][info][gc,ref      ] GC(2) O: Weak References:             1472            0            0 
[2026-04-03T01:57:25.815+0600][4.155s][info][gc,ref      ] GC(2) O: Final References:               0            0            0 
[2026-04-03T01:57:25.815+0600][4.155s][info][gc,ref      ] GC(2) O: Phantom References:           563            0            0 
[2026-04-03T01:57:25.815+0600][4.155s][info][gc,heap     ] GC(2) O: Min Capacity: 8M(1%)
[2026-04-03T01:57:25.815+0600][4.155s][info][gc,heap     ] GC(2) O: Max Capacity: 1000M(100%)
[2026-04-03T01:57:25.815+0600][4.155s][info][gc,heap     ] GC(2) O: Soft Max Capacity: 1000M(100%)
[2026-04-03T01:57:25.815+0600][4.155s][info][gc,heap     ] GC(2) O: Heap Statistics:
[2026-04-03T01:57:25.815+0600][4.155s][info][gc,heap     ] GC(2) O:                Mark Start          Mark End        Relocate Start      Relocate End           High               Low         
[2026-04-03T01:57:25.815+0600][4.155s][info][gc,heap     ] GC(2) O:  Capacity:      252M (25%)         266M (27%)         266M (27%)         266M (27%)         266M (27%)         252M (25%)    
[2026-04-03T01:57:25.815+0600][4.155s][info][gc,heap     ] GC(2) O:      Free:      748M (75%)         940M (94%)         938M (94%)         938M (94%)         940M (94%)         734M (73%)    
[2026-04-03T01:57:25.815+0600][4.155s][info][gc,heap     ] GC(2) O:      Used:      252M (25%)          60M (6%)           62M (6%)           62M (6%)          266M (27%)          60M (6%)     
[2026-04-03T01:57:25.815+0600][4.155s][info][gc,heap     ] GC(2) O: Old Generation Statistics:
[2026-04-03T01:57:25.815+0600][4.155s][info][gc,heap     ] GC(2) O:                Mark Start          Mark End        Relocate Start      Relocate End    
[2026-04-03T01:57:25.815+0600][4.155s][info][gc,heap     ] GC(2) O:      Used:        0M (0%)            0M (0%)            0M (0%)            0M (0%)     
[2026-04-03T01:57:25.815+0600][4.155s][info][gc,heap     ] GC(2) O:      Live:         -                 0M (0%)            0M (0%)            0M (0%)     
[2026-04-03T01:57:25.815+0600][4.155s][info][gc,heap     ] GC(2) O:   Garbage:         -                 0M (0%)            0M (0%)            0M (0%)     
[2026-04-03T01:57:25.815+0600][4.155s][info][gc,heap     ] GC(2) O: Allocated:         -                 0M (0%)            0M (0%)            0M (0%)     
[2026-04-03T01:57:25.815+0600][4.155s][info][gc,heap     ] GC(2) O: Reclaimed:         -                  -                 0M (0%)            0M (0%)     
[2026-04-03T01:57:25.815+0600][4.155s][info][gc,heap     ] GC(2) O: Compacted:         -                  -                  -                 0M (0%)     
[2026-04-03T01:57:25.815+0600][4.155s][info][gc,phases   ] GC(2) O: Old Generation 60M(6%)->62M(6%) 0.033s
[2026-04-03T01:57:25.815+0600][4.155s][info][gc          ] GC(2) Major Collection (Metadata GC Threshold) 252M(25%)->62M(6%) 0.090s
[2026-04-03T01:57:28.565+0600][6.905s][info][gc          ] GC(3) Major Collection (Metadata GC Threshold)
[2026-04-03T01:57:28.565+0600][6.905s][info][gc,task     ] GC(3) Using 1 Workers for Young Generation
[2026-04-03T01:57:28.565+0600][6.905s][info][gc,task     ] GC(3) Using 1 Workers for Old Generation
[2026-04-03T01:57:28.565+0600][6.905s][info][gc,phases   ] GC(3) Y: Young Generation
[2026-04-03T01:57:28.566+0600][6.905s][info][gc,phases   ] GC(3) Y: Pause Mark Start (Major) 0.021ms
[2026-04-03T01:57:28.615+0600][6.954s][info][gc,phases   ] GC(3) Y: Concurrent Mark 49.043ms
[2026-04-03T01:57:28.615+0600][6.954s][info][gc,phases   ] GC(3) Y: Pause Mark End 0.021ms
[2026-04-03T01:57:28.615+0600][6.954s][info][gc,phases   ] GC(3) Y: Concurrent Mark Free 0.001ms
[2026-04-03T01:57:28.615+0600][6.954s][info][gc,phases   ] GC(3) Y: Concurrent Reset Relocation Set 0.011ms
[2026-04-03T01:57:28.619+0600][6.959s][info][gc,reloc    ] GC(3) Y: Using tenuring threshold: 2 (Computed)
[2026-04-03T01:57:28.626+0600][6.965s][info][gc,phases   ] GC(3) Y: Concurrent Select Relocation Set 10.920ms
[2026-04-03T01:57:28.626+0600][6.966s][info][gc,phases   ] GC(3) Y: Pause Relocate Start 0.018ms
[2026-04-03T01:57:28.646+0600][6.985s][info][gc,phases   ] GC(3) Y: Concurrent Relocate 19.695ms
[2026-04-03T01:57:28.646+0600][6.986s][info][gc,alloc    ] GC(3) Y:                         Mark Start        Mark End      Relocate Start    Relocate End   
[2026-04-03T01:57:28.646+0600][6.986s][info][gc,alloc    ] GC(3) Y: Allocation Stalls:          0                0                0                0         
[2026-04-03T01:57:28.646+0600][6.986s][info][gc,load     ] GC(3) Y: Load: 2.61 (22%) / 5.58 (47%) / 6.69 (56%)
[2026-04-03T01:57:28.646+0600][6.986s][info][gc,mmu      ] GC(3) Y: MMU: 2ms/98.8%, 5ms/99.3%, 10ms/99.5%, 20ms/99.7%, 50ms/99.8%, 100ms/99.9%
[2026-04-03T01:57:28.646+0600][6.986s][info][gc,marking  ] GC(3) Y: Mark: 1 stripe(s), 2 proactive flush(es), 1 terminate flush(es), 0 completion(s), 0 continuation(s) 
[2026-04-03T01:57:28.646+0600][6.986s][info][gc,marking  ] GC(3) Y: Mark Stack Usage: 32M
[2026-04-03T01:57:28.646+0600][6.986s][info][gc,nmethod  ] GC(3) Y: NMethods: 2716 registered, 146 unregistered
[2026-04-03T01:57:28.646+0600][6.986s][info][gc,metaspace] GC(3) Y: Metaspace: 36M used, 36M committed, 1088M reserved
[2026-04-03T01:57:28.646+0600][6.986s][info][gc,reloc    ] GC(3) Y:                        Candidates     Selected     In-Place         Size        Empty    Relocated 
[2026-04-03T01:57:28.646+0600][6.986s][info][gc,reloc    ] GC(3) Y: Small Pages:                   96           85            0         192M           0M           5M 
[2026-04-03T01:57:28.646+0600][6.986s][info][gc,reloc    ] GC(3) Y: Medium Pages:                   2            0            0          32M          16M           0M 
[2026-04-03T01:57:28.646+0600][6.986s][info][gc,reloc    ] GC(3) Y: Large Pages:                    1            0            0           4M           0M           0M 
[2026-04-03T01:57:28.646+0600][6.986s][info][gc,reloc    ] GC(3) Y: Forwarding Usage: 2M
[2026-04-03T01:57:28.646+0600][6.986s][info][gc,reloc    ] GC(3) Y: Age Table:
[2026-04-03T01:57:28.646+0600][6.986s][info][gc,reloc    ] GC(3) Y:                    Live             Garbage             Small              Medium             Large        
[2026-04-03T01:57:28.646+0600][6.986s][info][gc,reloc    ] GC(3) Y: Eden               5M (1%)          168M (17%)         79 / 76             1 / 0              0 / 0        
[2026-04-03T01:57:28.646+0600][6.986s][info][gc,reloc    ] GC(3) Y: Survivor 1        16M (2%)           19M (2%)           8 / 2              1 / 0              1 / 0        
[2026-04-03T01:57:28.646+0600][6.986s][info][gc,reloc    ] GC(3) Y: Survivor 2         1M (0%)            4M (0%)           3 / 3              0 / 0              0 / 0        
[2026-04-03T01:57:28.646+0600][6.986s][info][gc,reloc    ] GC(3) Y: Survivor 3         3M (0%)            8M (1%)           6 / 4              0 / 0              0 / 0        
[2026-04-03T01:57:28.646+0600][6.986s][info][gc,heap     ] GC(3) Y: Min Capacity: 8M(1%)
[2026-04-03T01:57:28.646+0600][6.986s][info][gc,heap     ] GC(3) Y: Max Capacity: 1000M(100%)
[2026-04-03T01:57:28.646+0600][6.986s][info][gc,heap     ] GC(3) Y: Soft Max Capacity: 1000M(100%)
[2026-04-03T01:57:28.646+0600][6.986s][info][gc,heap     ] GC(3) Y: Heap Statistics:
[2026-04-03T01:57:28.646+0600][6.986s][info][gc,heap     ] GC(3) Y:                Mark Start          Mark End        Relocate Start      Relocate End           High               Low         
[2026-04-03T01:57:28.646+0600][6.986s][info][gc,heap     ] GC(3) Y:  Capacity:      282M (28%)         282M (28%)         282M (28%)         282M (28%)         282M (28%)         282M (28%)    
[2026-04-03T01:57:28.646+0600][6.986s][info][gc,heap     ] GC(3) Y:      Free:      772M (77%)         762M (76%)         778M (78%)         940M (94%)         940M (94%)         762M (76%)    
[2026-04-03T01:57:28.646+0600][6.986s][info][gc,heap     ] GC(3) Y:      Used:      228M (23%)         238M (24%)         222M (22%)          60M (6%)          238M (24%)          60M (6%)     
[2026-04-03T01:57:28.646+0600][6.986s][info][gc,heap     ] GC(3) Y: Young Generation Statistics:
[2026-04-03T01:57:28.646+0600][6.986s][info][gc,heap     ] GC(3) Y:                Mark Start          Mark End        Relocate Start      Relocate End    
[2026-04-03T01:57:28.646+0600][6.986s][info][gc,heap     ] GC(3) Y:      Used:      228M (23%)         238M (24%)         218M (22%)          48M (5%)     
[2026-04-03T01:57:28.646+0600][6.986s][info][gc,heap     ] GC(3) Y:      Live:         -                26M (3%)           22M (2%)           21M (2%)     
[2026-04-03T01:57:28.646+0600][6.986s][info][gc,heap     ] GC(3) Y:   Garbage:         -               201M (20%)         185M (19%)          13M (1%)     
[2026-04-03T01:57:28.646+0600][6.986s][info][gc,heap     ] GC(3) Y: Allocated:         -                10M (1%)           10M (1%)           13M (1%)     
[2026-04-03T01:57:28.646+0600][6.986s][info][gc,heap     ] GC(3) Y: Reclaimed:         -                  -                16M (2%)          188M (19%)    
[2026-04-03T01:57:28.646+0600][6.986s][info][gc,heap     ] GC(3) Y:  Promoted:         -                  -                 3M (0%)            4M (0%)     
[2026-04-03T01:57:28.646+0600][6.986s][info][gc,heap     ] GC(3) Y: Compacted:         -                  -                  -                 6M (1%)     
[2026-04-03T01:57:28.646+0600][6.986s][info][gc,phases   ] GC(3) Y: Young Generation 228M(23%)->60M(6%) 0.081s
[2026-04-03T01:57:28.646+0600][6.986s][info][gc,phases   ] GC(3) O: Old Generation
[2026-04-03T01:57:28.648+0600][6.988s][info][gc,phases   ] GC(3) O: Concurrent Mark 1.801ms
[2026-04-03T01:57:28.648+0600][6.988s][info][gc,phases   ] GC(3) O: Pause Mark End 0.023ms
[2026-04-03T01:57:28.648+0600][6.988s][info][gc,phases   ] GC(3) O: Concurrent Mark Free 0.001ms
[2026-04-03T01:57:28.658+0600][6.998s][info][gc,phases   ] GC(3) O: Concurrent Process Non-Strong 9.958ms
[2026-04-03T01:57:28.659+0600][6.998s][info][gc,phases   ] GC(3) O: Concurrent Reset Relocation Set 0.001ms
[2026-04-03T01:57:28.663+0600][7.003s][info][gc,phases   ] GC(3) O: Concurrent Select Relocation Set 4.521ms
[2026-04-03T01:57:28.663+0600][7.003s][info][gc,task     ] GC(3) O: Using 2 Workers for Old Generation
[2026-04-03T01:57:28.686+0600][7.026s][info][gc,task     ] GC(3) O: Using 1 Workers for Old Generation
[2026-04-03T01:57:28.686+0600][7.026s][info][gc,phases   ] GC(3) O: Concurrent Remap Roots 23.249ms
[2026-04-03T01:57:28.687+0600][7.026s][info][gc,phases   ] GC(3) O: Pause Relocate Start 0.024ms
[2026-04-03T01:57:28.687+0600][7.027s][info][gc,phases   ] GC(3) O: Concurrent Relocate 0.485ms
[2026-04-03T01:57:28.687+0600][7.027s][info][gc,alloc    ] GC(3) O:                         Mark Start        Mark End      Relocate Start    Relocate End   
[2026-04-03T01:57:28.687+0600][7.027s][info][gc,alloc    ] GC(3) O: Allocation Stalls:          0                0                0                0         
[2026-04-03T01:57:28.687+0600][7.027s][info][gc,load     ] GC(3) O: Load: 2.61 (22%) / 5.58 (47%) / 6.69 (56%)
[2026-04-03T01:57:28.687+0600][7.027s][info][gc,mmu      ] GC(3) O: MMU: 2ms/98.8%, 5ms/99.3%, 10ms/99.5%, 20ms/99.7%, 50ms/99.8%, 100ms/99.9%
[2026-04-03T01:57:28.687+0600][7.027s][info][gc,marking  ] GC(3) O: Mark: 1 stripe(s), 1 proactive flush(es), 1 terminate flush(es), 0 completion(s), 0 continuation(s) 
[2026-04-03T01:57:28.687+0600][7.027s][info][gc,marking  ] GC(3) O: Mark Stack Usage: 0M
[2026-04-03T01:57:28.687+0600][7.027s][info][gc,nmethod  ] GC(3) O: NMethods: 2540 registered, 326 unregistered
[2026-04-03T01:57:28.687+0600][7.027s][info][gc,metaspace] GC(3) O: Metaspace: 36M used, 36M committed, 1088M reserved
[2026-04-03T01:57:28.687+0600][7.027s][info][gc,ref      ] GC(3) O:                       Encountered   Discovered     Enqueued 
[2026-04-03T01:57:28.687+0600][7.027s][info][gc,ref      ] GC(3) O: Soft References:             3874            0            0 
[2026-04-03T01:57:28.687+0600][7.027s][info][gc,ref      ] GC(3) O: Weak References:             3008            0            0 
[2026-04-03T01:57:28.687+0600][7.027s][info][gc,ref      ] GC(3) O: Final References:              80            0            0 
[2026-04-03T01:57:28.687+0600][7.027s][info][gc,ref      ] GC(3) O: Phantom References:           569            0            0 
[2026-04-03T01:57:28.687+0600][7.027s][info][gc,heap     ] GC(3) O: Min Capacity: 8M(1%)
[2026-04-03T01:57:28.687+0600][7.027s][info][gc,heap     ] GC(3) O: Max Capacity: 1000M(100%)
[2026-04-03T01:57:28.687+0600][7.027s][info][gc,heap     ] GC(3) O: Soft Max Capacity: 1000M(100%)
[2026-04-03T01:57:28.687+0600][7.027s][info][gc,heap     ] GC(3) O: Heap Statistics:
[2026-04-03T01:57:28.687+0600][7.027s][info][gc,heap     ] GC(3) O:                Mark Start          Mark End        Relocate Start      Relocate End           High               Low         
[2026-04-03T01:57:28.687+0600][7.027s][info][gc,heap     ] GC(3) O:  Capacity:      282M (28%)         282M (28%)         282M (28%)         282M (28%)         282M (28%)         282M (28%)    
[2026-04-03T01:57:28.687+0600][7.027s][info][gc,heap     ] GC(3) O:      Free:      772M (77%)         940M (94%)         940M (94%)         940M (94%)         940M (94%)         762M (76%)    
[2026-04-03T01:57:28.687+0600][7.027s][info][gc,heap     ] GC(3) O:      Used:      228M (23%)          60M (6%)           60M (6%)           60M (6%)          238M (24%)          60M (6%)     
[2026-04-03T01:57:28.687+0600][7.027s][info][gc,heap     ] GC(3) O: Old Generation Statistics:
[2026-04-03T01:57:28.687+0600][7.027s][info][gc,heap     ] GC(3) O:                Mark Start          Mark End        Relocate Start      Relocate End    
[2026-04-03T01:57:28.687+0600][7.027s][info][gc,heap     ] GC(3) O:      Used:        0M (0%)           12M (1%)           12M (1%)           12M (1%)     
[2026-04-03T01:57:28.687+0600][7.027s][info][gc,heap     ] GC(3) O:      Live:         -                 0M (0%)            0M (0%)            0M (0%)     
[2026-04-03T01:57:28.687+0600][7.027s][info][gc,heap     ] GC(3) O:   Garbage:         -                 0M (0%)            0M (0%)            0M (0%)     
[2026-04-03T01:57:28.687+0600][7.027s][info][gc,heap     ] GC(3) O: Allocated:         -                12M (1%)           12M (1%)           12M (1%)     
[2026-04-03T01:57:28.687+0600][7.027s][info][gc,heap     ] GC(3) O: Reclaimed:         -                  -                 0M (0%)            0M (0%)     
[2026-04-03T01:57:28.687+0600][7.027s][info][gc,heap     ] GC(3) O: Compacted:         -                  -                  -                 0M (0%)     
[2026-04-03T01:57:28.687+0600][7.027s][info][gc,phases   ] GC(3) O: Old Generation 60M(6%)->60M(6%) 0.041s
[2026-04-03T01:57:28.688+0600][7.027s][info][gc          ] GC(3) Major Collection (Metadata GC Threshold) 228M(23%)->60M(6%) 0.122s
[2026-04-03T01:57:30.696+0600][9.036s][info][gc          ] GC(4) Major Collection (Warmup)
[2026-04-03T01:57:30.696+0600][9.036s][info][gc,task     ] GC(4) Using 3 Workers for Young Generation
[2026-04-03T01:57:30.696+0600][9.036s][info][gc,task     ] GC(4) Using 1 Workers for Old Generation
[2026-04-03T01:57:30.696+0600][9.036s][info][gc,phases   ] GC(4) Y: Young Generation
[2026-04-03T01:57:30.697+0600][9.036s][info][gc,phases   ] GC(4) Y: Pause Mark Start (Major) 0.016ms
[2026-04-03T01:57:30.769+0600][9.108s][info][gc,phases   ] GC(4) Y: Concurrent Mark 71.844ms
[2026-04-03T01:57:30.769+0600][9.108s][info][gc,phases   ] GC(4) Y: Pause Mark End 0.022ms
[2026-04-03T01:57:30.769+0600][9.108s][info][gc,phases   ] GC(4) Y: Concurrent Mark Free 0.001ms
[2026-04-03T01:57:30.769+0600][9.108s][info][gc,phases   ] GC(4) Y: Concurrent Reset Relocation Set 0.015ms
[2026-04-03T01:57:30.773+0600][9.112s][info][gc,reloc    ] GC(4) Y: Using tenuring threshold: 2 (Computed)
[2026-04-03T01:57:30.778+0600][9.117s][info][gc,phases   ] GC(4) Y: Concurrent Select Relocation Set 9.010ms
[2026-04-03T01:57:30.778+0600][9.118s][info][gc,phases   ] GC(4) Y: Pause Relocate Start 0.016ms
[2026-04-03T01:57:30.807+0600][9.147s][info][gc,phases   ] GC(4) Y: Concurrent Relocate 28.837ms
[2026-04-03T01:57:30.807+0600][9.147s][info][gc,alloc    ] GC(4) Y:                         Mark Start        Mark End      Relocate Start    Relocate End   
[2026-04-03T01:57:30.807+0600][9.147s][info][gc,alloc    ] GC(4) Y: Allocation Stalls:          0                0                0                0         
[2026-04-03T01:57:30.807+0600][9.147s][info][gc,load     ] GC(4) Y: Load: 2.48 (21%) / 5.51 (46%) / 6.65 (55%)
[2026-04-03T01:57:30.807+0600][9.147s][info][gc,mmu      ] GC(4) Y: MMU: 2ms/98.8%, 5ms/99.3%, 10ms/99.5%, 20ms/99.7%, 50ms/99.8%, 100ms/99.9%
[2026-04-03T01:57:30.807+0600][9.147s][info][gc,marking  ] GC(4) Y: Mark: 2 stripe(s), 10 proactive flush(es), 1 terminate flush(es), 0 completion(s), 0 continuation(s) 
[2026-04-03T01:57:30.807+0600][9.147s][info][gc,marking  ] GC(4) Y: Mark Stack Usage: 32M
[2026-04-03T01:57:30.807+0600][9.147s][info][gc,nmethod  ] GC(4) Y: NMethods: 3167 registered, 0 unregistered
[2026-04-03T01:57:30.807+0600][9.147s][info][gc,metaspace] GC(4) Y: Metaspace: 47M used, 48M committed, 1088M reserved
[2026-04-03T01:57:30.807+0600][9.147s][info][gc,reloc    ] GC(4) Y:                        Candidates     Selected     In-Place         Size        Empty    Relocated 
[2026-04-03T01:57:30.807+0600][9.147s][info][gc,reloc    ] GC(4) Y: Small Pages:                  126          110            0         252M           0M          13M 
[2026-04-03T01:57:30.807+0600][9.147s][info][gc,reloc    ] GC(4) Y: Medium Pages:                   2            1            0          32M           0M           2M 
[2026-04-03T01:57:30.807+0600][9.147s][info][gc,reloc    ] GC(4) Y: Large Pages:                    1            0            0           4M           0M           0M 
[2026-04-03T01:57:30.807+0600][9.147s][info][gc,reloc    ] GC(4) Y: Forwarding Usage: 7M
[2026-04-03T01:57:30.807+0600][9.147s][info][gc,reloc    ] GC(4) Y: Age Table:
[2026-04-03T01:57:30.807+0600][9.147s][info][gc,reloc    ] GC(4) Y:                    Live             Garbage             Small              Medium             Large        
[2026-04-03T01:57:30.807+0600][9.147s][info][gc,reloc    ] GC(4) Y: Eden              14M (1%)          235M (24%)        117 / 108            1 / 0              0 / 0        
[2026-04-03T01:57:30.807+0600][9.147s][info][gc,reloc    ] GC(4) Y: Survivor 1         4M (0%)            3M (0%)           4 / 2              0 / 0              0 / 0        
[2026-04-03T01:57:30.807+0600][9.147s][info][gc,reloc    ] GC(4) Y: Survivor 2        16M (2%)           13M (1%)           5 / 0              1 / 1              1 / 0        
[2026-04-03T01:57:30.807+0600][9.147s][info][gc,heap     ] GC(4) Y: Min Capacity: 8M(1%)
[2026-04-03T01:57:30.807+0600][9.147s][info][gc,heap     ] GC(4) Y: Max Capacity: 1000M(100%)
[2026-04-03T01:57:30.807+0600][9.147s][info][gc,heap     ] GC(4) Y: Soft Max Capacity: 1000M(100%)
[2026-04-03T01:57:30.807+0600][9.147s][info][gc,heap     ] GC(4) Y: Heap Statistics:
[2026-04-03T01:57:30.807+0600][9.147s][info][gc,heap     ] GC(4) Y:                Mark Start          Mark End        Relocate Start      Relocate End           High               Low         
[2026-04-03T01:57:30.807+0600][9.147s][info][gc,heap     ] GC(4) Y:  Capacity:      300M (30%)         340M (34%)         348M (35%)         388M (39%)         388M (39%)         300M (30%)    
[2026-04-03T01:57:30.807+0600][9.147s][info][gc,heap     ] GC(4) Y:      Free:      700M (70%)         660M (66%)         652M (65%)         848M (85%)         852M (85%)         612M (61%)    
[2026-04-03T01:57:30.807+0600][9.147s][info][gc,heap     ] GC(4) Y:      Used:      300M (30%)         340M (34%)         348M (35%)         152M (15%)         388M (39%)         148M (15%)    
[2026-04-03T01:57:30.807+0600][9.147s][info][gc,heap     ] GC(4) Y: Young Generation Statistics:
[2026-04-03T01:57:30.807+0600][9.147s][info][gc,heap     ] GC(4) Y:                Mark Start          Mark End        Relocate Start      Relocate End    
[2026-04-03T01:57:30.807+0600][9.147s][info][gc,heap     ] GC(4) Y:      Used:      288M (29%)         328M (33%)         322M (32%)         110M (11%)    
[2026-04-03T01:57:30.807+0600][9.147s][info][gc,heap     ] GC(4) Y:      Live:         -                36M (4%)           22M (2%)           19M (2%)     
[2026-04-03T01:57:30.807+0600][9.147s][info][gc,heap     ] GC(4) Y:   Garbage:         -               251M (25%)         251M (25%)           0M (0%)     
[2026-04-03T01:57:30.807+0600][9.147s][info][gc,heap     ] GC(4) Y: Allocated:         -                40M (4%)           48M (5%)           90M (9%)     
[2026-04-03T01:57:30.807+0600][9.147s][info][gc,heap     ] GC(4) Y: Reclaimed:         -                  -                 0M (0%)          251M (25%)    
[2026-04-03T01:57:30.807+0600][9.147s][info][gc,heap     ] GC(4) Y:  Promoted:         -                  -                13M (1%)           16M (2%)     
[2026-04-03T01:57:30.808+0600][9.147s][info][gc,heap     ] GC(4) Y: Compacted:         -                  -                  -                15M (2%)     
[2026-04-03T01:57:30.808+0600][9.147s][info][gc,phases   ] GC(4) Y: Young Generation 300M(30%)->152M(15%) 0.111s
[2026-04-03T01:57:30.808+0600][9.147s][info][gc,phases   ] GC(4) O: Old Generation
[2026-04-03T01:57:30.822+0600][9.161s][info][gc,phases   ] GC(4) O: Concurrent Mark 14.146ms
[2026-04-03T01:57:30.822+0600][9.162s][info][gc,phases   ] GC(4) O: Pause Mark End 0.021ms
[2026-04-03T01:57:30.822+0600][9.162s][info][gc,phases   ] GC(4) O: Concurrent Mark Free 0.002ms
[2026-04-03T01:57:30.831+0600][9.171s][info][gc,phases   ] GC(4) O: Concurrent Process Non-Strong 8.899ms
[2026-04-03T01:57:30.831+0600][9.171s][info][gc,phases   ] GC(4) O: Concurrent Reset Relocation Set 0.001ms
[2026-04-03T01:57:30.833+0600][9.173s][info][gc,phases   ] GC(4) O: Concurrent Select Relocation Set 1.990ms
[2026-04-03T01:57:30.833+0600][9.173s][info][gc,task     ] GC(4) O: Using 3 Workers for Old Generation
[2026-04-03T01:57:30.848+0600][9.188s][info][gc,task     ] GC(4) O: Using 1 Workers for Old Generation
[2026-04-03T01:57:30.849+0600][9.188s][info][gc,phases   ] GC(4) O: Concurrent Remap Roots 15.380ms
[2026-04-03T01:57:30.849+0600][9.188s][info][gc,phases   ] GC(4) O: Pause Relocate Start 0.115ms
[2026-04-03T01:57:30.852+0600][9.191s][info][gc,phases   ] GC(4) O: Concurrent Relocate 2.670ms
[2026-04-03T01:57:30.852+0600][9.191s][info][gc,alloc    ] GC(4) O:                         Mark Start        Mark End      Relocate Start    Relocate End   
[2026-04-03T01:57:30.852+0600][9.191s][info][gc,alloc    ] GC(4) O: Allocation Stalls:          0                0                0                0         
[2026-04-03T01:57:30.852+0600][9.191s][info][gc,load     ] GC(4) O: Load: 2.48 (21%) / 5.51 (46%) / 6.65 (55%)
[2026-04-03T01:57:30.852+0600][9.191s][info][gc,mmu      ] GC(4) O: MMU: 2ms/94.2%, 5ms/97.7%, 10ms/98.8%, 20ms/99.4%, 50ms/99.7%, 100ms/99.8%
[2026-04-03T01:57:30.852+0600][9.191s][info][gc,marking  ] GC(4) O: Mark: 1 stripe(s), 2 proactive flush(es), 1 terminate flush(es), 0 completion(s), 0 continuation(s) 
[2026-04-03T01:57:30.852+0600][9.191s][info][gc,marking  ] GC(4) O: Mark Stack Usage: 32M
[2026-04-03T01:57:30.852+0600][9.191s][info][gc,nmethod  ] GC(4) O: NMethods: 3041 registered, 130 unregistered
[2026-04-03T01:57:30.852+0600][9.191s][info][gc,metaspace] GC(4) O: Metaspace: 47M used, 48M committed, 1088M reserved
[2026-04-03T01:57:30.852+0600][9.191s][info][gc,ref      ] GC(4) O:                       Encountered   Discovered     Enqueued 
[2026-04-03T01:57:30.852+0600][9.191s][info][gc,ref      ] GC(4) O: Soft References:             3982            0            0 
[2026-04-03T01:57:30.852+0600][9.191s][info][gc,ref      ] GC(4) O: Weak References:             4126          683          260 
[2026-04-03T01:57:30.852+0600][9.192s][info][gc,ref      ] GC(4) O: Final References:              82            0            0 
[2026-04-03T01:57:30.852+0600][9.192s][info][gc,ref      ] GC(4) O: Phantom References:           581           22            0 
[2026-04-03T01:57:30.852+0600][9.192s][info][gc,reloc    ] GC(4) O:                        Candidates     Selected     In-Place         Size        Empty    Relocated 
[2026-04-03T01:57:30.852+0600][9.192s][info][gc,reloc    ] GC(4) O: Small Pages:                    6            3            0          12M           0M           1M 
[2026-04-03T01:57:30.852+0600][9.192s][info][gc,reloc    ] GC(4) O: Medium Pages:                   0            0            0           0M           0M           0M 
[2026-04-03T01:57:30.852+0600][9.192s][info][gc,reloc    ] GC(4) O: Large Pages:                    0            0            0           0M           0M           0M 
[2026-04-03T01:57:30.852+0600][9.192s][info][gc,reloc    ] GC(4) O: Forwarding Usage: 0M
[2026-04-03T01:57:30.852+0600][9.192s][info][gc,heap     ] GC(4) O: Min Capacity: 8M(1%)
[2026-04-03T01:57:30.852+0600][9.192s][info][gc,heap     ] GC(4) O: Max Capacity: 1000M(100%)
[2026-04-03T01:57:30.852+0600][9.192s][info][gc,heap     ] GC(4) O: Soft Max Capacity: 1000M(100%)
[2026-04-03T01:57:30.852+0600][9.192s][info][gc,heap     ] GC(4) O: Heap Statistics:
[2026-04-03T01:57:30.852+0600][9.192s][info][gc,heap     ] GC(4) O:                Mark Start          Mark End        Relocate Start      Relocate End           High               Low         
[2026-04-03T01:57:30.852+0600][9.192s][info][gc,heap     ] GC(4) O:  Capacity:      300M (30%)         388M (39%)         388M (39%)         388M (39%)         388M (39%)         300M (30%)    
[2026-04-03T01:57:30.852+0600][9.192s][info][gc,heap     ] GC(4) O:      Free:      700M (70%)         834M (83%)         808M (81%)         808M (81%)         852M (85%)         612M (61%)    
[2026-04-03T01:57:30.852+0600][9.192s][info][gc,heap     ] GC(4) O:      Used:      300M (30%)         166M (17%)         192M (19%)         192M (19%)         388M (39%)         148M (15%)    
[2026-04-03T01:57:30.852+0600][9.192s][info][gc,heap     ] GC(4) O: Old Generation Statistics:
[2026-04-03T01:57:30.852+0600][9.192s][info][gc,heap     ] GC(4) O:                Mark Start          Mark End        Relocate Start      Relocate End    
[2026-04-03T01:57:30.852+0600][9.192s][info][gc,heap     ] GC(4) O:      Used:       12M (1%)           42M (4%)           42M (4%)           38M (4%)     
[2026-04-03T01:57:30.852+0600][9.192s][info][gc,heap     ] GC(4) O:      Live:         -                 4M (0%)            4M (0%)            4M (0%)     
[2026-04-03T01:57:30.852+0600][9.192s][info][gc,heap     ] GC(4) O:   Garbage:         -                 7M (1%)            7M (1%)            0M (0%)     
[2026-04-03T01:57:30.852+0600][9.192s][info][gc,heap     ] GC(4) O: Allocated:         -                30M (3%)           30M (3%)           32M (3%)     
[2026-04-03T01:57:30.852+0600][9.192s][info][gc,heap     ] GC(4) O: Reclaimed:         -                  -                 0M (0%)            6M (1%)     
[2026-04-03T01:57:30.852+0600][9.192s][info][gc,heap     ] GC(4) O: Compacted:         -                  -                  -                 1M (0%)     
[2026-04-03T01:57:30.852+0600][9.192s][info][gc,phases   ] GC(4) O: Old Generation 152M(15%)->192M(19%) 0.044s
[2026-04-03T01:57:30.852+0600][9.192s][info][gc          ] GC(4) Major Collection (Warmup) 300M(30%)->192M(19%) 0.156s
[2026-04-03T01:57:31.493+0600][9.833s][info][gc          ] GC(5) Minor Collection (Allocation Rate)
[2026-04-03T01:57:31.493+0600][9.833s][info][gc,task     ] GC(5) Using 2 Workers for Young Generation
[2026-04-03T01:57:31.493+0600][9.833s][info][gc,phases   ] GC(5) y: Young Generation
[2026-04-03T01:57:31.493+0600][9.833s][info][gc,phases   ] GC(5) y: Pause Mark Start 0.016ms
[2026-04-03T01:57:31.703+0600][10.042s][info][gc,phases   ] GC(5) y: Concurrent Mark 209.227ms
[2026-04-03T01:57:31.703+0600][10.042s][info][gc,phases   ] GC(5) y: Pause Mark End 0.028ms
[2026-04-03T01:57:31.703+0600][10.043s][info][gc,phases   ] GC(5) y: Concurrent Mark Free 0.001ms
[2026-04-03T01:57:31.703+0600][10.043s][info][gc,phases   ] GC(5) y: Concurrent Reset Relocation Set 0.033ms
[2026-04-03T01:57:31.707+0600][10.047s][info][gc,reloc    ] GC(5) y: Using tenuring threshold: 3 (Computed)
[2026-04-03T01:57:31.729+0600][10.069s][info][gc,phases   ] GC(5) y: Concurrent Select Relocation Set 26.234ms
[2026-04-03T01:57:31.730+0600][10.069s][info][gc,phases   ] GC(5) y: Pause Relocate Start 0.027ms
[2026-04-03T01:57:31.791+0600][10.131s][info][gc,phases   ] GC(5) y: Concurrent Relocate 61.210ms
[2026-04-03T01:57:31.791+0600][10.131s][info][gc,alloc    ] GC(5) y:                         Mark Start        Mark End      Relocate Start    Relocate End   
[2026-04-03T01:57:31.791+0600][10.131s][info][gc,alloc    ] GC(5) y: Allocation Stalls:          0                0                0                0         
[2026-04-03T01:57:31.791+0600][10.131s][info][gc,load     ] GC(5) y: Load: 2.48 (21%) / 5.51 (46%) / 6.65 (55%)
[2026-04-03T01:57:31.791+0600][10.131s][info][gc,mmu      ] GC(5) y: MMU: 2ms/94.2%, 5ms/97.7%, 10ms/98.8%, 20ms/99.4%, 50ms/99.7%, 100ms/99.8%
[2026-04-03T01:57:31.791+0600][10.131s][info][gc,marking  ] GC(5) y: Mark: 2 stripe(s), 3 proactive flush(es), 1 terminate flush(es), 0 completion(s), 0 continuation(s) 
[2026-04-03T01:57:31.791+0600][10.131s][info][gc,marking  ] GC(5) y: Mark Stack Usage: 32M
[2026-04-03T01:57:31.791+0600][10.131s][info][gc,nmethod  ] GC(5) y: NMethods: 3042 registered, 130 unregistered
[2026-04-03T01:57:31.791+0600][10.131s][info][gc,metaspace] GC(5) y: Metaspace: 47M used, 48M committed, 1088M reserved
[2026-04-03T01:57:31.791+0600][10.131s][info][gc,reloc    ] GC(5) y:                        Candidates     Selected     In-Place         Size        Empty    Relocated 
[2026-04-03T01:57:31.791+0600][10.131s][info][gc,reloc    ] GC(5) y: Small Pages:                  307          269            0         614M           4M          42M 
[2026-04-03T01:57:31.791+0600][10.131s][info][gc,reloc    ] GC(5) y: Medium Pages:                   1            0            0          16M           0M           0M 
[2026-04-03T01:57:31.791+0600][10.131s][info][gc,reloc    ] GC(5) y: Large Pages:                    0            0            0           0M           0M           0M 
[2026-04-03T01:57:31.791+0600][10.131s][info][gc,reloc    ] GC(5) y: Forwarding Usage: 37M
[2026-04-03T01:57:31.791+0600][10.131s][info][gc,reloc    ] GC(5) y: Age Table:
[2026-04-03T01:57:31.791+0600][10.131s][info][gc,reloc    ] GC(5) y:                    Live             Garbage             Small              Medium             Large        
[2026-04-03T01:57:31.791+0600][10.131s][info][gc,reloc    ] GC(5) y: Eden              45M (5%)          540M (54%)        293 / 266            0 / 0              0 / 0        
[2026-04-03T01:57:31.791+0600][10.131s][info][gc,reloc    ] GC(5) y: Survivor 1        14M (1%)           21M (2%)          10 / 2              1 / 0              0 / 0        
[2026-04-03T01:57:31.791+0600][10.131s][info][gc,reloc    ] GC(5) y: Survivor 2         4M (0%)            3M (0%)           4 / 1              0 / 0              0 / 0        
[2026-04-03T01:57:31.792+0600][10.131s][info][gc,heap     ] GC(5) y: Min Capacity: 8M(1%)
[2026-04-03T01:57:31.792+0600][10.131s][info][gc,heap     ] GC(5) y: Max Capacity: 1000M(100%)
[2026-04-03T01:57:31.792+0600][10.131s][info][gc,heap     ] GC(5) y: Soft Max Capacity: 1000M(100%)
[2026-04-03T01:57:31.792+0600][10.131s][info][gc,heap     ] GC(5) y: Heap Statistics:
[2026-04-03T01:57:31.792+0600][10.131s][info][gc,heap     ] GC(5) y:                Mark Start          Mark End        Relocate Start      Relocate End           High               Low         
[2026-04-03T01:57:31.792+0600][10.131s][info][gc,heap     ] GC(5) y:  Capacity:      668M (67%)         788M (79%)         798M (80%)         804M (80%)         804M (80%)         668M (67%)    
[2026-04-03T01:57:31.792+0600][10.131s][info][gc,heap     ] GC(5) y:      Free:      332M (33%)         212M (21%)         202M (20%)         680M (68%)         680M (68%)         196M (20%)    
[2026-04-03T01:57:31.792+0600][10.131s][info][gc,heap     ] GC(5) y:      Used:      668M (67%)         788M (79%)         798M (80%)         320M (32%)         804M (80%)         320M (32%)    
[2026-04-03T01:57:31.792+0600][10.131s][info][gc,heap     ] GC(5) y: Young Generation Statistics:
[2026-04-03T01:57:31.792+0600][10.131s][info][gc,heap     ] GC(5) y:                Mark Start          Mark End        Relocate Start      Relocate End    
[2026-04-03T01:57:31.792+0600][10.131s][info][gc,heap     ] GC(5) y:      Used:      630M (63%)         750M (75%)         760M (76%)         282M (28%)    
[2026-04-03T01:57:31.792+0600][10.131s][info][gc,heap     ] GC(5) y:      Live:         -                65M (7%)           65M (7%)           65M (7%)     
[2026-04-03T01:57:31.792+0600][10.131s][info][gc,heap     ] GC(5) y:   Garbage:         -               564M (56%)         560M (56%)          15M (2%)     
[2026-04-03T01:57:31.792+0600][10.131s][info][gc,heap     ] GC(5) y: Allocated:         -               120M (12%)         134M (13%)         201M (20%)    
[2026-04-03T01:57:31.792+0600][10.131s][info][gc,heap     ] GC(5) y: Reclaimed:         -                  -                 4M (0%)          549M (55%)    
[2026-04-03T01:57:31.792+0600][10.131s][info][gc,heap     ] GC(5) y:  Promoted:         -                  -                 0M (0%)            0M (0%)     
[2026-04-03T01:57:31.792+0600][10.131s][info][gc,heap     ] GC(5) y: Compacted:         -                  -                  -                48M (5%)     
[2026-04-03T01:57:31.792+0600][10.131s][info][gc,phases   ] GC(5) y: Young Generation 668M(67%)->320M(32%) 0.298s
[2026-04-03T01:57:31.792+0600][10.131s][info][gc          ] GC(5) Minor Collection (Allocation Rate) 668M(67%)->322M(32%) 0.299s
[2026-04-03T01:57:31.792+0600][10.131s][info][gc          ] GC(6) Minor Collection (Allocation Rate)
[2026-04-03T01:57:31.792+0600][10.131s][info][gc,task     ] GC(6) Using 3 Workers for Young Generation
[2026-04-03T01:57:31.792+0600][10.131s][info][gc,phases   ] GC(6) y: Young Generation
[2026-04-03T01:57:31.792+0600][10.132s][info][gc,phases   ] GC(6) y: Pause Mark Start 0.024ms
[2026-04-03T01:57:32.199+0600][10.539s][info][gc,phases   ] GC(6) y: Concurrent Mark 406.789ms
[2026-04-03T01:57:32.200+0600][10.539s][info][gc,phases   ] GC(6) y: Pause Mark End 0.030ms
[2026-04-03T01:57:32.200+0600][10.539s][info][gc,phases   ] GC(6) y: Concurrent Mark Free 0.001ms
[2026-04-03T01:57:32.200+0600][10.539s][info][gc,phases   ] GC(6) y: Concurrent Reset Relocation Set 0.033ms
[2026-04-03T01:57:32.201+0600][10.541s][info][gc,reloc    ] GC(6) y: Using tenuring threshold: 1 (Computed)
[2026-04-03T01:57:32.221+0600][10.561s][info][gc,phases   ] GC(6) y: Concurrent Select Relocation Set 21.375ms
[2026-04-03T01:57:32.221+0600][10.561s][info][gc,phases   ] GC(6) y: Pause Relocate Start 0.019ms
[2026-04-03T01:57:32.260+0600][10.600s][info][gc,phases   ] GC(6) y: Concurrent Relocate 38.685ms
[2026-04-03T01:57:32.260+0600][10.600s][info][gc,alloc    ] GC(6) y:                         Mark Start        Mark End      Relocate Start    Relocate End   
[2026-04-03T01:57:32.260+0600][10.600s][info][gc,alloc    ] GC(6) y: Allocation Stalls:          0                0                0                0         
[2026-04-03T01:57:32.260+0600][10.600s][info][gc,load     ] GC(6) y: Load: 2.48 (21%) / 5.51 (46%) / 6.65 (55%)
[2026-04-03T01:57:32.260+0600][10.600s][info][gc,mmu      ] GC(6) y: MMU: 2ms/94.2%, 5ms/97.7%, 10ms/98.8%, 20ms/99.4%, 50ms/99.7%, 100ms/99.8%
[2026-04-03T01:57:32.260+0600][10.600s][info][gc,marking  ] GC(6) y: Mark: 2 stripe(s), 10 proactive flush(es), 1 terminate flush(es), 0 completion(s), 0 continuation(s) 
[2026-04-03T01:57:32.260+0600][10.600s][info][gc,marking  ] GC(6) y: Mark Stack Usage: 32M
[2026-04-03T01:57:32.260+0600][10.600s][info][gc,nmethod  ] GC(6) y: NMethods: 3042 registered, 130 unregistered
[2026-04-03T01:57:32.260+0600][10.600s][info][gc,metaspace] GC(6) y: Metaspace: 47M used, 48M committed, 1088M reserved
[2026-04-03T01:57:32.260+0600][10.600s][info][gc,reloc    ] GC(6) y:                        Candidates     Selected     In-Place         Size        Empty    Relocated 
[2026-04-03T01:57:32.260+0600][10.600s][info][gc,reloc    ] GC(6) y: Small Pages:                  134           92            0         268M           0M          14M 
[2026-04-03T01:57:32.260+0600][10.600s][info][gc,reloc    ] GC(6) y: Medium Pages:                   1            0            0          16M           0M           0M 
[2026-04-03T01:57:32.260+0600][10.600s][info][gc,reloc    ] GC(6) y: Large Pages:                    0            0            0           0M           0M           0M 
[2026-04-03T01:57:32.260+0600][10.600s][info][gc,reloc    ] GC(6) y: Forwarding Usage: 12M
[2026-04-03T01:57:32.260+0600][10.600s][info][gc,reloc    ] GC(6) y: Age Table:
[2026-04-03T01:57:32.260+0600][10.600s][info][gc,reloc    ] GC(6) y:                    Live             Garbage             Small              Medium             Large        
[2026-04-03T01:57:32.260+0600][10.600s][info][gc,reloc    ] GC(6) y: Eden              14M (1%)          177M (18%)         96 / 88             0 / 0              0 / 0        
[2026-04-03T01:57:32.260+0600][10.600s][info][gc,reloc    ] GC(6) y: Survivor 1        45M (5%)            2M (0%)          24 / 1              0 / 0              0 / 0        
[2026-04-03T01:57:32.260+0600][10.600s][info][gc,reloc    ] GC(6) y: Survivor 2        14M (1%)           21M (2%)          10 / 2              1 / 0              0 / 0        
[2026-04-03T01:57:32.260+0600][10.600s][info][gc,reloc    ] GC(6) y: Survivor 3         4M (0%)            3M (0%)           4 / 1              0 / 0              0 / 0        
[2026-04-03T01:57:32.260+0600][10.600s][info][gc,heap     ] GC(6) y: Min Capacity: 8M(1%)
[2026-04-03T01:57:32.260+0600][10.600s][info][gc,heap     ] GC(6) y: Max Capacity: 1000M(100%)
[2026-04-03T01:57:32.260+0600][10.600s][info][gc,heap     ] GC(6) y: Soft Max Capacity: 1000M(100%)
[2026-04-03T01:57:32.260+0600][10.600s][info][gc,heap     ] GC(6) y: Heap Statistics:
[2026-04-03T01:57:32.260+0600][10.600s][info][gc,heap     ] GC(6) y:                Mark Start          Mark End        Relocate Start      Relocate End           High               Low         
[2026-04-03T01:57:32.260+0600][10.600s][info][gc,heap     ] GC(6) y:  Capacity:      804M (80%)         804M (80%)         804M (80%)         804M (80%)         804M (80%)         804M (80%)    
[2026-04-03T01:57:32.260+0600][10.600s][info][gc,heap     ] GC(6) y:      Free:      678M (68%)         260M (26%)         236M (24%)         380M (38%)         678M (68%)         230M (23%)    
[2026-04-03T01:57:32.260+0600][10.600s][info][gc,heap     ] GC(6) y:      Used:      322M (32%)         740M (74%)         764M (76%)         620M (62%)         770M (77%)         322M (32%)    
[2026-04-03T01:57:32.260+0600][10.600s][info][gc,heap     ] GC(6) y: Young Generation Statistics:
[2026-04-03T01:57:32.260+0600][10.600s][info][gc,heap     ] GC(6) y:                Mark Start          Mark End        Relocate Start      Relocate End    
[2026-04-03T01:57:32.260+0600][10.600s][info][gc,heap     ] GC(6) y:      Used:      284M (28%)         702M (70%)         646M (65%)         496M (50%)    
[2026-04-03T01:57:32.261+0600][10.600s][info][gc,heap     ] GC(6) y:      Live:         -                79M (8%)           16M (2%)           14M (1%)     
[2026-04-03T01:57:32.261+0600][10.600s][info][gc,heap     ] GC(6) y:   Garbage:         -               204M (20%)         187M (19%)           0M (0%)     
[2026-04-03T01:57:32.261+0600][10.600s][info][gc,heap     ] GC(6) y: Allocated:         -               418M (42%)         442M (44%)         481M (48%)    
[2026-04-03T01:57:32.261+0600][10.600s][info][gc,heap     ] GC(6) y: Reclaimed:         -                  -                16M (2%)          204M (20%)    
[2026-04-03T01:57:32.261+0600][10.600s][info][gc,heap     ] GC(6) y:  Promoted:         -                  -                63M (6%)           65M (7%)     
[2026-04-03T01:57:32.261+0600][10.600s][info][gc,heap     ] GC(6) y: Compacted:         -                  -                  -                14M (1%)     
[2026-04-03T01:57:32.261+0600][10.600s][info][gc,phases   ] GC(6) y: Young Generation 322M(32%)->620M(62%) 0.468s
[2026-04-03T01:57:32.261+0600][10.600s][info][gc          ] GC(6) Minor Collection (Allocation Rate) 322M(32%)->620M(62%) 0.469s
[2026-04-03T01:57:32.261+0600][10.600s][info][gc          ] GC(7) Major Collection (Allocation Rate)
[2026-04-03T01:57:32.261+0600][10.600s][info][gc,task     ] GC(7) Using 3 Workers for Young Generation
[2026-04-03T01:57:32.261+0600][10.600s][info][gc,task     ] GC(7) Using 1 Workers for Old Generation
[2026-04-03T01:57:32.261+0600][10.600s][info][gc,phases   ] GC(7) Y: Young Generation
[2026-04-03T01:57:32.261+0600][10.601s][info][gc,phases   ] GC(7) Y: Pause Mark Start (Major) 0.089ms
[2026-04-03T01:57:32.328+0600][10.667s][info][gc,phases   ] GC(7) Y: Concurrent Mark 66.445ms
[2026-04-03T01:57:32.328+0600][10.668s][info][gc,phases   ] GC(7) Y: Pause Mark End 0.087ms
[2026-04-03T01:57:32.329+0600][10.668s][info][gc,phases   ] GC(7) Y: Concurrent Mark Free 0.002ms
[2026-04-03T01:57:32.329+0600][10.668s][info][gc,phases   ] GC(7) Y: Concurrent Reset Relocation Set 0.089ms
[2026-04-03T01:57:32.332+0600][10.671s][info][gc,reloc    ] GC(7) Y: Using tenuring threshold: 2 (Computed)
[2026-04-03T01:57:32.340+0600][10.680s][info][gc,phases   ] GC(7) Y: Concurrent Select Relocation Set 11.592ms
[2026-04-03T01:57:32.341+0600][10.680s][info][gc,phases   ] GC(7) Y: Pause Relocate Start 0.076ms
[2026-04-03T01:57:32.376+0600][10.715s][info][gc,phases   ] GC(7) Y: Concurrent Relocate 35.013ms
[2026-04-03T01:57:32.376+0600][10.716s][info][gc,alloc    ] GC(7) Y:                         Mark Start        Mark End      Relocate Start    Relocate End   
[2026-04-03T01:57:32.376+0600][10.716s][info][gc,alloc    ] GC(7) Y: Allocation Stalls:          0                0                0                0         
[2026-04-03T01:57:32.376+0600][10.716s][info][gc,load     ] GC(7) Y: Load: 2.48 (21%) / 5.51 (46%) / 6.65 (55%)
[2026-04-03T01:57:32.376+0600][10.716s][info][gc,mmu      ] GC(7) Y: MMU: 2ms/94.2%, 5ms/97.7%, 10ms/98.8%, 20ms/99.2%, 50ms/99.7%, 100ms/99.7%
[2026-04-03T01:57:32.376+0600][10.716s][info][gc,marking  ] GC(7) Y: Mark: 2 stripe(s), 10 proactive flush(es), 1 terminate flush(es), 0 completion(s), 0 continuation(s) 
[2026-04-03T01:57:32.376+0600][10.716s][info][gc,marking  ] GC(7) Y: Mark Stack Usage: 32M
[2026-04-03T01:57:32.376+0600][10.716s][info][gc,nmethod  ] GC(7) Y: NMethods: 3042 registered, 130 unregistered
[2026-04-03T01:57:32.376+0600][10.716s][info][gc,metaspace] GC(7) Y: Metaspace: 47M used, 48M committed, 1088M reserved
[2026-04-03T01:57:32.376+0600][10.716s][info][gc,reloc    ] GC(7) Y:                        Candidates     Selected     In-Place         Size        Empty    Relocated 
[2026-04-03T01:57:32.376+0600][10.716s][info][gc,reloc    ] GC(7) Y: Small Pages:                  249          220            0         498M           0M          35M 
[2026-04-03T01:57:32.376+0600][10.716s][info][gc,reloc    ] GC(7) Y: Medium Pages:                   0            0            0           0M           0M           0M 
[2026-04-03T01:57:32.376+0600][10.716s][info][gc,reloc    ] GC(7) Y: Large Pages:                    0            0            0           0M           0M           0M 
[2026-04-03T01:57:32.376+0600][10.716s][info][gc,reloc    ] GC(7) Y: Forwarding Usage: 31M
[2026-04-03T01:57:32.376+0600][10.716s][info][gc,reloc    ] GC(7) Y: Age Table:
[2026-04-03T01:57:32.376+0600][10.716s][info][gc,reloc    ] GC(7) Y:                    Live             Garbage             Small              Medium             Large        
[2026-04-03T01:57:32.376+0600][10.716s][info][gc,reloc    ] GC(7) Y: Eden              37M (4%)          442M (44%)        240 / 218            0 / 0              0 / 0        
[2026-04-03T01:57:32.376+0600][10.716s][info][gc,reloc    ] GC(7) Y: Survivor 1        14M (1%)            3M (0%)           9 / 2              0 / 0              0 / 0        
[2026-04-03T01:57:32.376+0600][10.716s][info][gc,heap     ] GC(7) Y: Min Capacity: 8M(1%)
[2026-04-03T01:57:32.376+0600][10.716s][info][gc,heap     ] GC(7) Y: Max Capacity: 1000M(100%)
[2026-04-03T01:57:32.376+0600][10.716s][info][gc,heap     ] GC(7) Y: Soft Max Capacity: 1000M(100%)
[2026-04-03T01:57:32.376+0600][10.716s][info][gc,heap     ] GC(7) Y: Heap Statistics:
[2026-04-03T01:57:32.376+0600][10.716s][info][gc,heap     ] GC(7) Y:                Mark Start          Mark End        Relocate Start      Relocate End           High               Low         
[2026-04-03T01:57:32.376+0600][10.716s][info][gc,heap     ] GC(7) Y:  Capacity:      804M (80%)         804M (80%)         804M (80%)         804M (80%)         804M (80%)         804M (80%)    
[2026-04-03T01:57:32.376+0600][10.716s][info][gc,heap     ] GC(7) Y:      Free:      378M (38%)         314M (31%)         304M (30%)         710M (71%)         710M (71%)         298M (30%)    
[2026-04-03T01:57:32.376+0600][10.716s][info][gc,heap     ] GC(7) Y:      Used:      622M (62%)         686M (69%)         696M (70%)         290M (29%)         702M (70%)         290M (29%)    
[2026-04-03T01:57:32.376+0600][10.716s][info][gc,heap     ] GC(7) Y: Young Generation Statistics:
[2026-04-03T01:57:32.376+0600][10.716s][info][gc,heap     ] GC(7) Y:                Mark Start          Mark End        Relocate Start      Relocate End    
[2026-04-03T01:57:32.376+0600][10.716s][info][gc,heap     ] GC(7) Y:      Used:      498M (50%)         562M (56%)         572M (57%)         166M (17%)    
[2026-04-03T01:57:32.376+0600][10.716s][info][gc,heap     ] GC(7) Y:      Live:         -                51M (5%)           51M (5%)           51M (5%)     
[2026-04-03T01:57:32.376+0600][10.716s][info][gc,heap     ] GC(7) Y:   Garbage:         -               446M (45%)         446M (45%)           0M (0%)     
[2026-04-03T01:57:32.376+0600][10.716s][info][gc,heap     ] GC(7) Y: Allocated:         -                64M (6%)           74M (7%)          114M (11%)    
[2026-04-03T01:57:32.376+0600][10.716s][info][gc,heap     ] GC(7) Y: Reclaimed:         -                  -                 0M (0%)          446M (45%)    
[2026-04-03T01:57:32.376+0600][10.716s][info][gc,heap     ] GC(7) Y:  Promoted:         -                  -                 0M (0%)            0M (0%)     
[2026-04-03T01:57:32.376+0600][10.716s][info][gc,heap     ] GC(7) Y: Compacted:         -                  -                  -                39M (4%)     
[2026-04-03T01:57:32.376+0600][10.716s][info][gc,phases   ] GC(7) Y: Young Generation 622M(62%)->290M(29%) 0.115s
[2026-04-03T01:57:32.376+0600][10.716s][info][gc,phases   ] GC(7) O: Old Generation
[2026-04-03T01:57:32.377+0600][10.716s][info][gc          ] GC(8) Minor Collection (Allocation Rate)
[2026-04-03T01:57:32.377+0600][10.716s][info][gc,task     ] GC(8) Using 2 Workers for Young Generation
[2026-04-03T01:57:32.377+0600][10.716s][info][gc,phases   ] GC(8) y: Young Generation
[2026-04-03T01:57:32.377+0600][10.717s][info][gc,phases   ] GC(8) y: Pause Mark Start 0.025ms
[2026-04-03T01:57:32.494+0600][10.833s][info][gc,phases   ] GC(8) y: Concurrent Mark 115.981ms
[2026-04-03T01:57:32.494+0600][10.834s][info][gc,phases   ] GC(8) y: Pause Mark End 0.032ms
[2026-04-03T01:57:32.494+0600][10.834s][info][gc,phases   ] GC(8) y: Concurrent Mark Free 0.003ms
[2026-04-03T01:57:32.494+0600][10.834s][info][gc,phases   ] GC(8) y: Concurrent Reset Relocation Set 0.033ms
[2026-04-03T01:57:32.496+0600][10.836s][info][gc,reloc    ] GC(8) y: Using tenuring threshold: 2 (Computed)
[2026-04-03T01:57:32.504+0600][10.844s][info][gc,phases   ] GC(8) y: Concurrent Select Relocation Set 9.947ms
[2026-04-03T01:57:32.505+0600][10.844s][info][gc,phases   ] GC(8) y: Pause Relocate Start 0.024ms
[2026-04-03T01:57:32.535+0600][10.874s][info][gc,phases   ] GC(8) y: Concurrent Relocate 29.939ms
[2026-04-03T01:57:32.535+0600][10.874s][info][gc,alloc    ] GC(8) y:                         Mark Start        Mark End      Relocate Start    Relocate End   
[2026-04-03T01:57:32.535+0600][10.874s][info][gc,alloc    ] GC(8) y: Allocation Stalls:          0                0                0                0         
[2026-04-03T01:57:32.535+0600][10.874s][info][gc,load     ] GC(8) y: Load: 2.48 (21%) / 5.51 (46%) / 6.65 (55%)
[2026-04-03T01:57:32.535+0600][10.874s][info][gc,mmu      ] GC(8) y: MMU: 2ms/94.2%, 5ms/97.7%, 10ms/98.8%, 20ms/99.2%, 50ms/99.6%, 100ms/99.7%
[2026-04-03T01:57:32.535+0600][10.874s][info][gc,marking  ] GC(8) y: Mark: 2 stripe(s), 3 proactive flush(es), 1 terminate flush(es), 0 completion(s), 0 continuation(s) 
[2026-04-03T01:57:32.535+0600][10.874s][info][gc,marking  ] GC(8) y: Mark Stack Usage: 32M
[2026-04-03T01:57:32.535+0600][10.874s][info][gc,nmethod  ] GC(8) y: NMethods: 3125 registered, 130 unregistered
[2026-04-03T01:57:32.535+0600][10.874s][info][gc,metaspace] GC(8) y: Metaspace: 47M used, 48M committed, 1088M reserved
[2026-04-03T01:57:32.535+0600][10.874s][info][gc,reloc    ] GC(8) y:                        Candidates     Selected     In-Place         Size        Empty    Relocated 
[2026-04-03T01:57:32.535+0600][10.874s][info][gc,reloc    ] GC(8) y: Small Pages:                   84           53            0         168M           0M           9M 
[2026-04-03T01:57:32.535+0600][10.874s][info][gc,reloc    ] GC(8) y: Medium Pages:                   0            0            0           0M           0M           0M 
[2026-04-03T01:57:32.535+0600][10.874s][info][gc,reloc    ] GC(8) y: Large Pages:                    0            0            0           0M           0M           0M 
[2026-04-03T01:57:32.535+0600][10.874s][info][gc,reloc    ] GC(8) y: Forwarding Usage: 8M
[2026-04-03T01:57:32.535+0600][10.874s][info][gc,reloc    ] GC(8) y: Age Table:
[2026-04-03T01:57:32.535+0600][10.874s][info][gc,reloc    ] GC(8) y:                    Live             Garbage             Small              Medium             Large        
[2026-04-03T01:57:32.535+0600][10.874s][info][gc,reloc    ] GC(8) y: Eden               8M (1%)           99M (10%)         54 / 50             0 / 0              0 / 0        
[2026-04-03T01:57:32.535+0600][10.874s][info][gc,reloc    ] GC(8) y: Survivor 1        37M (4%)            4M (0%)          21 / 1              0 / 0              0 / 0        
[2026-04-03T01:57:32.535+0600][10.874s][info][gc,reloc    ] GC(8) y: Survivor 2        14M (1%)            3M (0%)           9 / 2              0 / 0              0 / 0        
[2026-04-03T01:57:32.535+0600][10.875s][info][gc,heap     ] GC(8) y: Min Capacity: 8M(1%)
[2026-04-03T01:57:32.535+0600][10.875s][info][gc,heap     ] GC(8) y: Max Capacity: 1000M(100%)
[2026-04-03T01:57:32.535+0600][10.875s][info][gc,heap     ] GC(8) y: Soft Max Capacity: 1000M(100%)
[2026-04-03T01:57:32.535+0600][10.875s][info][gc,heap     ] GC(8) y: Heap Statistics:
[2026-04-03T01:57:32.535+0600][10.875s][info][gc,heap     ] GC(8) y:                Mark Start          Mark End        Relocate Start      Relocate End           High               Low         
[2026-04-03T01:57:32.535+0600][10.875s][info][gc,heap     ] GC(8) y:  Capacity:      804M (80%)         804M (80%)         804M (80%)         804M (80%)         804M (80%)         804M (80%)    
[2026-04-03T01:57:32.535+0600][10.875s][info][gc,heap     ] GC(8) y:      Free:      708M (71%)         690M (69%)         690M (69%)         790M (79%)         790M (79%)         686M (69%)    
[2026-04-03T01:57:32.535+0600][10.875s][info][gc,heap     ] GC(8) y:      Used:      292M (29%)         310M (31%)         310M (31%)         210M (21%)         314M (31%)         210M (21%)    
[2026-04-03T01:57:32.535+0600][10.875s][info][gc,heap     ] GC(8) y: Young Generation Statistics:
[2026-04-03T01:57:32.535+0600][10.875s][info][gc,heap     ] GC(8) y:                Mark Start          Mark End        Relocate Start      Relocate End    
[2026-04-03T01:57:32.535+0600][10.875s][info][gc,heap     ] GC(8) y:      Used:      168M (17%)         186M (19%)         174M (17%)          70M (7%)     
[2026-04-03T01:57:32.535+0600][10.875s][info][gc,heap     ] GC(8) y:      Live:         -                60M (6%)           48M (5%)           45M (5%)     
[2026-04-03T01:57:32.535+0600][10.875s][info][gc,heap     ] GC(8) y:   Garbage:         -               107M (11%)         107M (11%)           0M (0%)     
[2026-04-03T01:57:32.535+0600][10.875s][info][gc,heap     ] GC(8) y: Allocated:         -                18M (2%)           18M (2%)           24M (2%)     
[2026-04-03T01:57:32.535+0600][10.875s][info][gc,heap     ] GC(8) y: Reclaimed:         -                  -                 0M (0%)          107M (11%)    
[2026-04-03T01:57:32.535+0600][10.875s][info][gc,heap     ] GC(8) y:  Promoted:         -                  -                11M (1%)           14M (1%)     
[2026-04-03T01:57:32.535+0600][10.875s][info][gc,heap     ] GC(8) y: Compacted:         -                  -                  -                 9M (1%)     
[2026-04-03T01:57:32.535+0600][10.875s][info][gc,phases   ] GC(8) y: Young Generation 292M(29%)->210M(21%) 0.158s
[2026-04-03T01:57:32.535+0600][10.875s][info][gc          ] GC(8) Minor Collection (Allocation Rate) 292M(29%)->210M(21%) 0.158s
[2026-04-03T01:57:32.535+0600][10.875s][info][gc          ] GC(9) Minor Collection (Allocation Rate)
[2026-04-03T01:57:32.535+0600][10.875s][info][gc,task     ] GC(9) Using 2 Workers for Young Generation
[2026-04-03T01:57:32.535+0600][10.875s][info][gc,phases   ] GC(9) y: Young Generation
[2026-04-03T01:57:32.536+0600][10.875s][info][gc,phases   ] GC(9) y: Pause Mark Start 0.100ms
[2026-04-03T01:57:32.584+0600][10.923s][info][gc,phases   ] GC(7) O: Concurrent Mark 207.215ms
[2026-04-03T01:57:32.584+0600][10.923s][info][gc,phases   ] GC(7) O: Pause Mark End 0.036ms
[2026-04-03T01:57:32.584+0600][10.923s][info][gc,phases   ] GC(7) O: Concurrent Mark Free 0.003ms
[2026-04-03T01:57:32.596+0600][10.935s][info][gc,phases   ] GC(7) O: Concurrent Process Non-Strong 11.531ms
[2026-04-03T01:57:32.596+0600][10.935s][info][gc,phases   ] GC(7) O: Concurrent Reset Relocation Set 0.002ms
[2026-04-03T01:57:32.599+0600][10.939s][info][gc,phases   ] GC(7) O: Concurrent Select Relocation Set 3.779ms
[2026-04-03T01:57:32.611+0600][10.951s][info][gc,phases   ] GC(9) y: Concurrent Mark 75.438ms
[2026-04-03T01:57:32.612+0600][10.951s][info][gc,phases   ] GC(9) y: Pause Mark End 0.026ms
[2026-04-03T01:57:32.612+0600][10.951s][info][gc,phases   ] GC(9) y: Concurrent Mark Free 0.001ms
[2026-04-03T01:57:32.612+0600][10.951s][info][gc,phases   ] GC(9) y: Concurrent Reset Relocation Set 0.028ms
[2026-04-03T01:57:32.613+0600][10.953s][info][gc,reloc    ] GC(9) y: Using tenuring threshold: 1 (Computed)
[2026-04-03T01:57:32.627+0600][10.967s][info][gc,phases   ] GC(9) y: Concurrent Select Relocation Set 15.180ms
[2026-04-03T01:57:32.627+0600][10.967s][info][gc,phases   ] GC(9) y: Pause Relocate Start 0.022ms
[2026-04-03T01:57:32.651+0600][10.990s][info][gc,phases   ] GC(9) y: Concurrent Relocate 23.408ms
[2026-04-03T01:57:32.651+0600][10.990s][info][gc,alloc    ] GC(9) y:                         Mark Start        Mark End      Relocate Start    Relocate End   
[2026-04-03T01:57:32.651+0600][10.990s][info][gc,alloc    ] GC(9) y: Allocation Stalls:          0                0                0                0         
[2026-04-03T01:57:32.651+0600][10.990s][info][gc,load     ] GC(9) y: Load: 2.48 (21%) / 5.51 (46%) / 6.65 (55%)
[2026-04-03T01:57:32.651+0600][10.990s][info][gc,mmu      ] GC(9) y: MMU: 2ms/94.2%, 5ms/97.7%, 10ms/98.8%, 20ms/99.2%, 50ms/99.6%, 100ms/99.7%
[2026-04-03T01:57:32.651+0600][10.990s][info][gc,marking  ] GC(9) y: Mark: 2 stripe(s), 2 proactive flush(es), 1 terminate flush(es), 0 completion(s), 0 continuation(s) 
[2026-04-03T01:57:32.651+0600][10.990s][info][gc,marking  ] GC(9) y: Mark Stack Usage: 32M
[2026-04-03T01:57:32.651+0600][10.990s][info][gc,nmethod  ] GC(9) y: NMethods: 3129 registered, 133 unregistered
[2026-04-03T01:57:32.651+0600][10.990s][info][gc,metaspace] GC(9) y: Metaspace: 47M used, 48M committed, 1088M reserved
[2026-04-03T01:57:32.651+0600][10.990s][info][gc,reloc    ] GC(9) y:                        Candidates     Selected     In-Place         Size        Empty    Relocated 
[2026-04-03T01:57:32.651+0600][10.990s][info][gc,reloc    ] GC(9) y: Small Pages:                   35           11            0          70M           0M           1M 
[2026-04-03T01:57:32.651+0600][10.991s][info][gc,reloc    ] GC(9) y: Medium Pages:                   0            0            0           0M           0M           0M 
[2026-04-03T01:57:32.651+0600][10.991s][info][gc,reloc    ] GC(9) y: Large Pages:                    0            0            0           0M           0M           0M 
[2026-04-03T01:57:32.651+0600][10.991s][info][gc,reloc    ] GC(9) y: Forwarding Usage: 1M
[2026-04-03T01:57:32.651+0600][10.991s][info][gc,reloc    ] GC(9) y: Age Table:
[2026-04-03T01:57:32.651+0600][10.991s][info][gc,reloc    ] GC(9) y:                    Live             Garbage             Small              Medium             Large        
[2026-04-03T01:57:32.651+0600][10.991s][info][gc,reloc    ] GC(9) y: Eden               1M (0%)           18M (2%)          10 / 9              0 / 0              0 / 0        
[2026-04-03T01:57:32.651+0600][10.991s][info][gc,reloc    ] GC(9) y: Survivor 1         8M (1%)            1M (0%)           5 / 1              0 / 0              0 / 0        
[2026-04-03T01:57:32.651+0600][10.991s][info][gc,reloc    ] GC(9) y: Survivor 2        37M (4%)            2M (0%)          20 / 1              0 / 0              0 / 0        
[2026-04-03T01:57:32.651+0600][10.991s][info][gc,heap     ] GC(9) y: Min Capacity: 8M(1%)
[2026-04-03T01:57:32.651+0600][10.991s][info][gc,heap     ] GC(9) y: Max Capacity: 1000M(100%)
[2026-04-03T01:57:32.651+0600][10.991s][info][gc,heap     ] GC(9) y: Soft Max Capacity: 1000M(100%)
[2026-04-03T01:57:32.651+0600][10.991s][info][gc,heap     ] GC(9) y: Heap Statistics:
[2026-04-03T01:57:32.651+0600][10.991s][info][gc,heap     ] GC(9) y:                Mark Start          Mark End        Relocate Start      Relocate End           High               Low         
[2026-04-03T01:57:32.651+0600][10.991s][info][gc,heap     ] GC(9) y:  Capacity:      804M (80%)         804M (80%)         804M (80%)         804M (80%)         804M (80%)         804M (80%)    
[2026-04-03T01:57:32.651+0600][10.991s][info][gc,heap     ] GC(9) y:      Free:      790M (79%)         786M (79%)         786M (79%)         800M (80%)         800M (80%)         784M (78%)    
[2026-04-03T01:57:32.651+0600][10.991s][info][gc,heap     ] GC(9) y:      Used:      210M (21%)         214M (21%)         214M (21%)         200M (20%)         216M (22%)         200M (20%)    
[2026-04-03T01:57:32.651+0600][10.991s][info][gc,heap     ] GC(9) y: Young Generation Statistics:
[2026-04-03T01:57:32.651+0600][10.991s][info][gc,heap     ] GC(9) y:                Mark Start          Mark End        Relocate Start      Relocate End    
[2026-04-03T01:57:32.651+0600][10.991s][info][gc,heap     ] GC(9) y:      Used:       70M (7%)           74M (7%)           28M (3%)           10M (1%)     
[2026-04-03T01:57:32.651+0600][10.991s][info][gc,heap     ] GC(9) y:      Live:         -                46M (5%)            1M (0%)            1M (0%)     
[2026-04-03T01:57:32.651+0600][10.991s][info][gc,heap     ] GC(9) y:   Garbage:         -                23M (2%)           22M (2%)            0M (0%)     
[2026-04-03T01:57:32.651+0600][10.991s][info][gc,heap     ] GC(9) y: Allocated:         -                 4M (0%)            4M (0%)            8M (1%)     
[2026-04-03T01:57:32.651+0600][10.991s][info][gc,heap     ] GC(9) y: Reclaimed:         -                  -                 1M (0%)           23M (2%)     
[2026-04-03T01:57:32.651+0600][10.991s][info][gc,heap     ] GC(9) y:  Promoted:         -                  -                44M (4%)           45M (5%)     
[2026-04-03T01:57:32.651+0600][10.991s][info][gc,heap     ] GC(9) y: Compacted:         -                  -                  -                 1M (0%)     
[2026-04-03T01:57:32.651+0600][10.991s][info][gc,phases   ] GC(9) y: Young Generation 210M(21%)->200M(20%) 0.115s
[2026-04-03T01:57:32.651+0600][10.991s][info][gc          ] GC(9) Minor Collection (Allocation Rate) 210M(21%)->200M(20%) 0.116s
[2026-04-03T01:57:32.651+0600][10.991s][info][gc,task     ] GC(7) O: Using 3 Workers for Old Generation
[2026-04-03T01:57:32.668+0600][11.007s][info][gc,task     ] GC(7) O: Using 1 Workers for Old Generation
[2026-04-03T01:57:32.668+0600][11.007s][info][gc,phases   ] GC(7) O: Concurrent Remap Roots 16.628ms
[2026-04-03T01:57:32.668+0600][11.008s][info][gc,phases   ] GC(7) O: Pause Relocate Start 0.023ms
[2026-04-03T01:57:32.684+0600][11.024s][info][gc,phases   ] GC(7) O: Concurrent Relocate 15.918ms
[2026-04-03T01:57:32.685+0600][11.024s][info][gc,alloc    ] GC(7) O:                         Mark Start        Mark End      Relocate Start    Relocate End   
[2026-04-03T01:57:32.685+0600][11.024s][info][gc,alloc    ] GC(7) O: Allocation Stalls:          0                0                0                0         
[2026-04-03T01:57:32.685+0600][11.024s][info][gc,load     ] GC(7) O: Load: 2.48 (21%) / 5.51 (46%) / 6.65 (55%)
[2026-04-03T01:57:32.685+0600][11.024s][info][gc,mmu      ] GC(7) O: MMU: 2ms/94.2%, 5ms/97.7%, 10ms/98.8%, 20ms/99.2%, 50ms/99.6%, 100ms/99.7%
[2026-04-03T01:57:32.685+0600][11.024s][info][gc,marking  ] GC(7) O: Mark: 1 stripe(s), 2 proactive flush(es), 1 terminate flush(es), 0 completion(s), 0 continuation(s) 
[2026-04-03T01:57:32.685+0600][11.024s][info][gc,marking  ] GC(7) O: Mark Stack Usage: 32M
[2026-04-03T01:57:32.685+0600][11.024s][info][gc,nmethod  ] GC(7) O: NMethods: 3129 registered, 133 unregistered
[2026-04-03T01:57:32.685+0600][11.024s][info][gc,metaspace] GC(7) O: Metaspace: 47M used, 48M committed, 1088M reserved
[2026-04-03T01:57:32.685+0600][11.024s][info][gc,ref      ] GC(7) O:                       Encountered   Discovered     Enqueued 
[2026-04-03T01:57:32.685+0600][11.024s][info][gc,ref      ] GC(7) O: Soft References:             3982            0            0 
[2026-04-03T01:57:32.685+0600][11.024s][info][gc,ref      ] GC(7) O: Weak References:             3866         3222         1114 
[2026-04-03T01:57:32.685+0600][11.024s][info][gc,ref      ] GC(7) O: Final References:              82            0            0 
[2026-04-03T01:57:32.685+0600][11.024s][info][gc,ref      ] GC(7) O: Phantom References:           582          558            1 
[2026-04-03T01:57:32.685+0600][11.024s][info][gc,reloc    ] GC(7) O:                        Candidates     Selected     In-Place         Size        Empty    Relocated 
[2026-04-03T01:57:32.685+0600][11.024s][info][gc,reloc    ] GC(7) O: Small Pages:                   44            3            0          88M           0M           2M 
[2026-04-03T01:57:32.685+0600][11.024s][info][gc,reloc    ] GC(7) O: Medium Pages:                   2            1            0          32M           0M           2M 
[2026-04-03T01:57:32.685+0600][11.024s][info][gc,reloc    ] GC(7) O: Large Pages:                    1            0            0           4M           0M           0M 
[2026-04-03T01:57:32.685+0600][11.024s][info][gc,reloc    ] GC(7) O: Forwarding Usage: 1M
[2026-04-03T01:57:32.685+0600][11.024s][info][gc,heap     ] GC(7) O: Min Capacity: 8M(1%)
[2026-04-03T01:57:32.685+0600][11.024s][info][gc,heap     ] GC(7) O: Max Capacity: 1000M(100%)
[2026-04-03T01:57:32.685+0600][11.024s][info][gc,heap     ] GC(7) O: Soft Max Capacity: 1000M(100%)
[2026-04-03T01:57:32.685+0600][11.024s][info][gc,heap     ] GC(7) O: Heap Statistics:
[2026-04-03T01:57:32.685+0600][11.024s][info][gc,heap     ] GC(7) O:                Mark Start          Mark End        Relocate Start      Relocate End           High               Low         
[2026-04-03T01:57:32.685+0600][11.024s][info][gc,heap     ] GC(7) O:  Capacity:      804M (80%)         804M (80%)         804M (80%)         820M (82%)         820M (82%)         804M (80%)    
[2026-04-03T01:57:32.685+0600][11.024s][info][gc,heap     ] GC(7) O:      Free:      378M (38%)         786M (79%)         800M (80%)         820M (82%)         820M (82%)         298M (30%)    
[2026-04-03T01:57:32.685+0600][11.024s][info][gc,heap     ] GC(7) O:      Used:      622M (62%)         214M (21%)         200M (20%)         180M (18%)         702M (70%)         180M (18%)    
[2026-04-03T01:57:32.685+0600][11.024s][info][gc,heap     ] GC(7) O: Old Generation Statistics:
[2026-04-03T01:57:32.685+0600][11.024s][info][gc,heap     ] GC(7) O:                Mark Start          Mark End        Relocate Start      Relocate End    
[2026-04-03T01:57:32.685+0600][11.024s][info][gc,heap     ] GC(7) O:      Used:      124M (12%)         140M (14%)         190M (19%)         170M (17%)    
[2026-04-03T01:57:32.685+0600][11.024s][info][gc,heap     ] GC(7) O:      Live:         -                85M (9%)           85M (9%)           85M (9%)     
[2026-04-03T01:57:32.685+0600][11.024s][info][gc,heap     ] GC(7) O:   Garbage:         -                38M (4%)           38M (4%)            2M (0%)     
[2026-04-03T01:57:32.685+0600][11.024s][info][gc,heap     ] GC(7) O: Allocated:         -                16M (2%)           66M (7%)           81M (8%)     
[2026-04-03T01:57:32.685+0600][11.024s][info][gc,heap     ] GC(7) O: Reclaimed:         -                  -                 0M (0%)           35M (4%)     
[2026-04-03T01:57:32.685+0600][11.024s][info][gc,heap     ] GC(7) O: Compacted:         -                  -                  -                 6M (1%)     
[2026-04-03T01:57:32.685+0600][11.024s][info][gc,phases   ] GC(7) O: Old Generation 290M(29%)->180M(18%) 0.308s
[2026-04-03T01:57:32.685+0600][11.024s][info][gc          ] GC(7) Major Collection (Allocation Rate) 622M(62%)->180M(18%) 0.424s
[2026-04-03T01:57:34.468+0600][12.807s][info][gc          ] GC(10) Major Collection (Allocation Rate)
[2026-04-03T01:57:34.468+0600][12.808s][info][gc,task     ] GC(10) Using 3 Workers for Young Generation
[2026-04-03T01:57:34.468+0600][12.808s][info][gc,task     ] GC(10) Using 1 Workers for Old Generation
[2026-04-03T01:57:34.468+0600][12.808s][info][gc,phases   ] GC(10) Y: Young Generation
[2026-04-03T01:57:34.468+0600][12.808s][info][gc,phases   ] GC(10) Y: Pause Mark Start (Major) 0.027ms
[2026-04-03T01:57:34.479+0600][12.818s][info][gc,phases   ] GC(10) Y: Concurrent Mark 10.348ms
[2026-04-03T01:57:34.479+0600][12.819s][info][gc,phases   ] GC(10) Y: Pause Mark End 0.103ms
[2026-04-03T01:57:34.480+0600][12.819s][info][gc,phases   ] GC(10) Y: Concurrent Mark Free 0.003ms
[2026-04-03T01:57:34.480+0600][12.819s][info][gc,phases   ] GC(10) Y: Concurrent Reset Relocation Set 0.045ms
[2026-04-03T01:57:34.481+0600][12.821s][info][gc,reloc    ] GC(10) Y: Using tenuring threshold: 2 (Computed)
[2026-04-03T01:57:34.482+0600][12.821s][info][gc,phases   ] GC(10) Y: Concurrent Select Relocation Set 1.903ms
[2026-04-03T01:57:34.482+0600][12.821s][info][gc,phases   ] GC(10) Y: Pause Relocate Start 0.016ms
[2026-04-03T01:57:34.484+0600][12.824s][info][gc,phases   ] GC(10) Y: Concurrent Relocate 2.495ms
[2026-04-03T01:57:34.484+0600][12.824s][info][gc,alloc    ] GC(10) Y:                         Mark Start        Mark End      Relocate Start    Relocate End   
[2026-04-03T01:57:34.484+0600][12.824s][info][gc,alloc    ] GC(10) Y: Allocation Stalls:          0                0                0                0         
[2026-04-03T01:57:34.484+0600][12.824s][info][gc,load     ] GC(10) Y: Load: 2.52 (21%) / 5.47 (46%) / 6.63 (55%)
[2026-04-03T01:57:34.484+0600][12.824s][info][gc,mmu      ] GC(10) Y: MMU: 2ms/94.2%, 5ms/97.6%, 10ms/98.8%, 20ms/99.2%, 50ms/99.6%, 100ms/99.7%
[2026-04-03T01:57:34.484+0600][12.824s][info][gc,marking  ] GC(10) Y: Mark: 2 stripe(s), 2 proactive flush(es), 1 terminate flush(es), 0 completion(s), 0 continuation(s) 
[2026-04-03T01:57:34.484+0600][12.824s][info][gc,marking  ] GC(10) Y: Mark Stack Usage: 32M
[2026-04-03T01:57:34.485+0600][12.824s][info][gc,nmethod  ] GC(10) Y: NMethods: 3458 registered, 133 unregistered
[2026-04-03T01:57:34.485+0600][12.824s][info][gc,metaspace] GC(10) Y: Metaspace: 52M used, 53M committed, 1088M reserved
[2026-04-03T01:57:34.485+0600][12.824s][info][gc,reloc    ] GC(10) Y:                        Candidates     Selected     In-Place         Size        Empty    Relocated 
[2026-04-03T01:57:34.485+0600][12.824s][info][gc,reloc    ] GC(10) Y: Small Pages:                   40           37            0          80M           2M           1M 
[2026-04-03T01:57:34.485+0600][12.824s][info][gc,reloc    ] GC(10) Y: Medium Pages:                   1            0            0          16M          16M           0M 
[2026-04-03T01:57:34.485+0600][12.824s][info][gc,reloc    ] GC(10) Y: Large Pages:                    1            0            0           6M           0M           0M 
[2026-04-03T01:57:34.485+0600][12.824s][info][gc,reloc    ] GC(10) Y: Forwarding Usage: 1M
[2026-04-03T01:57:34.485+0600][12.824s][info][gc,reloc    ] GC(10) Y: Age Table:
[2026-04-03T01:57:34.485+0600][12.824s][info][gc,reloc    ] GC(10) Y:                    Live             Garbage             Small              Medium             Large        
[2026-04-03T01:57:34.485+0600][12.824s][info][gc,reloc    ] GC(10) Y: Eden               7M (1%)           88M (9%)          37 / 36             1 / 0              1 / 0        
[2026-04-03T01:57:34.485+0600][12.824s][info][gc,reloc    ] GC(10) Y: Survivor 1         1M (0%)            4M (0%)           3 / 1              0 / 0              0 / 0        
[2026-04-03T01:57:34.485+0600][12.824s][info][gc,heap     ] GC(10) Y: Min Capacity: 8M(1%)
[2026-04-03T01:57:34.485+0600][12.824s][info][gc,heap     ] GC(10) Y: Max Capacity: 1000M(100%)
[2026-04-03T01:57:34.485+0600][12.824s][info][gc,heap     ] GC(10) Y: Soft Max Capacity: 1000M(100%)
[2026-04-03T01:57:34.485+0600][12.824s][info][gc,heap     ] GC(10) Y: Heap Statistics:
[2026-04-03T01:57:34.485+0600][12.824s][info][gc,heap     ] GC(10) Y:                Mark Start          Mark End        Relocate Start      Relocate End           High               Low         
[2026-04-03T01:57:34.485+0600][12.824s][info][gc,heap     ] GC(10) Y:  Capacity:      820M (82%)         820M (82%)         820M (82%)         820M (82%)         820M (82%)         820M (82%)    
[2026-04-03T01:57:34.485+0600][12.824s][info][gc,heap     ] GC(10) Y:      Free:      728M (73%)         724M (72%)         742M (74%)         804M (80%)         804M (80%)         724M (72%)    
[2026-04-03T01:57:34.485+0600][12.824s][info][gc,heap     ] GC(10) Y:      Used:      272M (27%)         276M (28%)         258M (26%)         196M (20%)         276M (28%)         196M (20%)    
[2026-04-03T01:57:34.485+0600][12.824s][info][gc,heap     ] GC(10) Y: Young Generation Statistics:
[2026-04-03T01:57:34.485+0600][12.824s][info][gc,heap     ] GC(10) Y:                Mark Start          Mark End        Relocate Start      Relocate End    
[2026-04-03T01:57:34.485+0600][12.824s][info][gc,heap     ] GC(10) Y:      Used:      102M (10%)         106M (11%)          88M (9%)           26M (3%)     
[2026-04-03T01:57:34.485+0600][12.824s][info][gc,heap     ] GC(10) Y:      Live:         -                 8M (1%)            8M (1%)            8M (1%)     
[2026-04-03T01:57:34.485+0600][12.824s][info][gc,heap     ] GC(10) Y:   Garbage:         -                93M (9%)           75M (8%)            0M (0%)     
[2026-04-03T01:57:34.485+0600][12.824s][info][gc,heap     ] GC(10) Y: Allocated:         -                 4M (0%)            4M (0%)           17M (2%)     
[2026-04-03T01:57:34.485+0600][12.824s][info][gc,heap     ] GC(10) Y: Reclaimed:         -                  -                18M (2%)           93M (9%)     
[2026-04-03T01:57:34.485+0600][12.824s][info][gc,heap     ] GC(10) Y:  Promoted:         -                  -                 0M (0%)            0M (0%)     
[2026-04-03T01:57:34.485+0600][12.824s][info][gc,heap     ] GC(10) Y: Compacted:         -                  -                  -                 2M (0%)     
[2026-04-03T01:57:34.485+0600][12.824s][info][gc,phases   ] GC(10) Y: Young Generation 272M(27%)->196M(20%) 0.016s
[2026-04-03T01:57:34.485+0600][12.824s][info][gc,phases   ] GC(10) O: Old Generation
[2026-04-03T01:57:34.547+0600][12.886s][info][gc,phases   ] GC(10) O: Concurrent Mark 62.146ms
[2026-04-03T01:57:34.547+0600][12.887s][info][gc,phases   ] GC(10) O: Pause Mark End 0.026ms
[2026-04-03T01:57:34.547+0600][12.887s][info][gc,phases   ] GC(10) O: Concurrent Mark Free 0.003ms
[2026-04-03T01:57:34.561+0600][12.900s][info][gc,phases   ] GC(10) O: Concurrent Process Non-Strong 13.136ms
[2026-04-03T01:57:34.561+0600][12.900s][info][gc,phases   ] GC(10) O: Concurrent Reset Relocation Set 0.005ms
[2026-04-03T01:57:34.567+0600][12.906s][info][gc,phases   ] GC(10) O: Concurrent Select Relocation Set 6.122ms
[2026-04-03T01:57:34.567+0600][12.906s][info][gc,task     ] GC(10) O: Using 3 Workers for Old Generation
[2026-04-03T01:57:34.584+0600][12.924s][info][gc,task     ] GC(10) O: Using 1 Workers for Old Generation
[2026-04-03T01:57:34.584+0600][12.924s][info][gc,phases   ] GC(10) O: Concurrent Remap Roots 17.611ms
[2026-04-03T01:57:34.585+0600][12.924s][info][gc,phases   ] GC(10) O: Pause Relocate Start 0.028ms
[2026-04-03T01:57:34.604+0600][12.944s][info][gc,phases   ] GC(10) O: Concurrent Relocate 19.560ms
[2026-04-03T01:57:34.605+0600][12.944s][info][gc,alloc    ] GC(10) O:                         Mark Start        Mark End      Relocate Start    Relocate End   
[2026-04-03T01:57:34.605+0600][12.944s][info][gc,alloc    ] GC(10) O: Allocation Stalls:          0                0                0                0         
[2026-04-03T01:57:34.605+0600][12.944s][info][gc,load     ] GC(10) O: Load: 2.52 (21%) / 5.47 (46%) / 6.63 (55%)
[2026-04-03T01:57:34.605+0600][12.944s][info][gc,mmu      ] GC(10) O: MMU: 2ms/94.2%, 5ms/97.6%, 10ms/98.8%, 20ms/99.2%, 50ms/99.6%, 100ms/99.7%
[2026-04-03T01:57:34.605+0600][12.944s][info][gc,marking  ] GC(10) O: Mark: 1 stripe(s), 2 proactive flush(es), 1 terminate flush(es), 0 completion(s), 0 continuation(s) 
[2026-04-03T01:57:34.605+0600][12.944s][info][gc,marking  ] GC(10) O: Mark Stack Usage: 32M
[2026-04-03T01:57:34.605+0600][12.944s][info][gc,nmethod  ] GC(10) O: NMethods: 3390 registered, 251 unregistered
[2026-04-03T01:57:34.605+0600][12.944s][info][gc,metaspace] GC(10) O: Metaspace: 53M used, 54M committed, 1088M reserved
[2026-04-03T01:57:34.605+0600][12.944s][info][gc,ref      ] GC(10) O:                       Encountered   Discovered     Enqueued 
[2026-04-03T01:57:34.605+0600][12.944s][info][gc,ref      ] GC(10) O: Soft References:             4100            0            0 
[2026-04-03T01:57:34.605+0600][12.944s][info][gc,ref      ] GC(10) O: Weak References:             3509         1639           18 
[2026-04-03T01:57:34.605+0600][12.944s][info][gc,ref      ] GC(10) O: Final References:              82            0            0 
[2026-04-03T01:57:34.605+0600][12.944s][info][gc,ref      ] GC(10) O: Phantom References:           584          570            0 
[2026-04-03T01:57:34.605+0600][12.944s][info][gc,reloc    ] GC(10) O:                        Candidates     Selected     In-Place         Size        Empty    Relocated 
[2026-04-03T01:57:34.605+0600][12.944s][info][gc,reloc    ] GC(10) O: Small Pages:                   75            7            0         150M         110M           3M 
[2026-04-03T01:57:34.605+0600][12.944s][info][gc,reloc    ] GC(10) O: Medium Pages:                   1            0            0          16M           0M           0M 
[2026-04-03T01:57:34.605+0600][12.944s][info][gc,reloc    ] GC(10) O: Large Pages:                    1            0            0           4M           0M           0M 
[2026-04-03T01:57:34.605+0600][12.944s][info][gc,reloc    ] GC(10) O: Forwarding Usage: 2M
[2026-04-03T01:57:34.605+0600][12.944s][info][gc,heap     ] GC(10) O: Min Capacity: 8M(1%)
[2026-04-03T01:57:34.605+0600][12.944s][info][gc,heap     ] GC(10) O: Max Capacity: 1000M(100%)
[2026-04-03T01:57:34.605+0600][12.944s][info][gc,heap     ] GC(10) O: Soft Max Capacity: 1000M(100%)
[2026-04-03T01:57:34.605+0600][12.944s][info][gc,heap     ] GC(10) O: Heap Statistics:
[2026-04-03T01:57:34.605+0600][12.944s][info][gc,heap     ] GC(10) O:                Mark Start          Mark End        Relocate Start      Relocate End           High               Low         
[2026-04-03T01:57:34.605+0600][12.944s][info][gc,heap     ] GC(10) O:  Capacity:      820M (82%)         820M (82%)         820M (82%)         820M (82%)         820M (82%)         820M (82%)    
[2026-04-03T01:57:34.605+0600][12.944s][info][gc,heap     ] GC(10) O:      Free:      728M (73%)         778M (78%)         886M (89%)         892M (89%)         892M (89%)         724M (72%)    
[2026-04-03T01:57:34.605+0600][12.944s][info][gc,heap     ] GC(10) O:      Used:      272M (27%)         222M (22%)         114M (11%)         108M (11%)         276M (28%)         108M (11%)    
[2026-04-03T01:57:34.605+0600][12.944s][info][gc,heap     ] GC(10) O: Old Generation Statistics:
[2026-04-03T01:57:34.605+0600][12.944s][info][gc,heap     ] GC(10) O:                Mark Start          Mark End        Relocate Start      Relocate End    
[2026-04-03T01:57:34.605+0600][12.944s][info][gc,heap     ] GC(10) O:      Used:      170M (17%)         170M (17%)          60M (6%)           52M (5%)     
[2026-04-03T01:57:34.605+0600][12.944s][info][gc,heap     ] GC(10) O:      Live:         -                31M (3%)           31M (3%)           31M (3%)     
[2026-04-03T01:57:34.605+0600][12.944s][info][gc,heap     ] GC(10) O:   Garbage:         -               138M (14%)          28M (3%)           13M (1%)     
[2026-04-03T01:57:34.605+0600][12.944s][info][gc,heap     ] GC(10) O: Allocated:         -                 0M (0%)            0M (0%)            7M (1%)     
[2026-04-03T01:57:34.605+0600][12.944s][info][gc,heap     ] GC(10) O: Reclaimed:         -                  -               110M (11%)         125M (13%)    
[2026-04-03T01:57:34.605+0600][12.944s][info][gc,heap     ] GC(10) O: Compacted:         -                  -                  -                 8M (1%)     
[2026-04-03T01:57:34.605+0600][12.944s][info][gc,phases   ] GC(10) O: Old Generation 196M(20%)->108M(11%) 0.120s
[2026-04-03T01:57:34.605+0600][12.944s][info][gc          ] GC(10) Major Collection (Allocation Rate) 272M(27%)->108M(11%) 0.137s
[2026-04-03T01:57:34.643+0600][12.982s][info][gc          ] GC(11) Major Collection (System.gc())
[2026-04-03T01:57:34.643+0600][12.983s][info][gc,task     ] GC(11) Using 3 Workers for Young Generation
[2026-04-03T01:57:34.643+0600][12.983s][info][gc,task     ] GC(11) Using 3 Workers for Old Generation
[2026-04-03T01:57:34.643+0600][12.983s][info][gc,phases   ] GC(11) Y: Young Generation (Promote All)
[2026-04-03T01:57:34.643+0600][12.983s][info][gc,phases   ] GC(11) Y: Pause Mark Start 0.020ms
[2026-04-03T01:57:34.654+0600][12.994s][info][gc,phases   ] GC(11) Y: Concurrent Mark 10.666ms
[2026-04-03T01:57:34.654+0600][12.994s][info][gc,phases   ] GC(11) Y: Pause Mark End 0.026ms
[2026-04-03T01:57:34.654+0600][12.994s][info][gc,phases   ] GC(11) Y: Concurrent Mark Free 0.001ms
[2026-04-03T01:57:34.654+0600][12.994s][info][gc,phases   ] GC(11) Y: Concurrent Reset Relocation Set 0.010ms
[2026-04-03T01:57:34.658+0600][12.998s][info][gc,reloc    ] GC(11) Y: Using tenuring threshold: 0 (Promote All)
[2026-04-03T01:57:34.660+0600][12.999s][info][gc,phases   ] GC(11) Y: Concurrent Select Relocation Set 5.610ms
[2026-04-03T01:57:34.660+0600][13.000s][info][gc,phases   ] GC(11) Y: Pause Relocate Start 0.014ms
[2026-04-03T01:57:34.663+0600][13.003s][info][gc,phases   ] GC(11) Y: Concurrent Relocate 3.101ms
[2026-04-03T01:57:34.663+0600][13.003s][info][gc,alloc    ] GC(11) Y:                         Mark Start        Mark End      Relocate Start    Relocate End   
[2026-04-03T01:57:34.663+0600][13.003s][info][gc,alloc    ] GC(11) Y: Allocation Stalls:          0                0                0                0         
[2026-04-03T01:57:34.663+0600][13.003s][info][gc,load     ] GC(11) Y: Load: 2.52 (21%) / 5.47 (46%) / 6.63 (55%)
[2026-04-03T01:57:34.663+0600][13.003s][info][gc,mmu      ] GC(11) Y: MMU: 2ms/94.2%, 5ms/97.6%, 10ms/98.8%, 20ms/99.2%, 50ms/99.6%, 100ms/99.7%
[2026-04-03T01:57:34.663+0600][13.003s][info][gc,marking  ] GC(11) Y: Mark: 2 stripe(s), 2 proactive flush(es), 1 terminate flush(es), 0 completion(s), 0 continuation(s) 
[2026-04-03T01:57:34.663+0600][13.003s][info][gc,marking  ] GC(11) Y: Mark Stack Usage: 32M
[2026-04-03T01:57:34.663+0600][13.003s][info][gc,nmethod  ] GC(11) Y: NMethods: 3420 registered, 251 unregistered
[2026-04-03T01:57:34.663+0600][13.003s][info][gc,metaspace] GC(11) Y: Metaspace: 53M used, 54M committed, 1088M reserved
[2026-04-03T01:57:34.663+0600][13.003s][info][gc,reloc    ] GC(11) Y:                        Candidates     Selected     In-Place         Size        Empty    Relocated 
[2026-04-03T01:57:34.663+0600][13.003s][info][gc,reloc    ] GC(11) Y: Small Pages:                   17           16            0          34M           0M           1M 
[2026-04-03T01:57:34.663+0600][13.003s][info][gc,reloc    ] GC(11) Y: Medium Pages:                   1            0            0          16M          16M           0M 
[2026-04-03T01:57:34.663+0600][13.003s][info][gc,reloc    ] GC(11) Y: Large Pages:                    1            0            0           6M           6M           0M 
[2026-04-03T01:57:34.663+0600][13.003s][info][gc,reloc    ] GC(11) Y: Forwarding Usage: 0M
[2026-04-03T01:57:34.663+0600][13.003s][info][gc,reloc    ] GC(11) Y: Age Table:
[2026-04-03T01:57:34.663+0600][13.003s][info][gc,reloc    ] GC(11) Y:                    Live             Garbage             Small              Medium             Large        
[2026-04-03T01:57:34.664+0600][13.003s][info][gc,reloc    ] GC(11) Y: Eden               0M (0%)           35M (4%)          10 / 9              1 / 0              0 / 0        
[2026-04-03T01:57:34.664+0600][13.003s][info][gc,reloc    ] GC(11) Y: Survivor 1         1M (0%)           14M (1%)           5 / 5              0 / 0              1 / 0        
[2026-04-03T01:57:34.664+0600][13.003s][info][gc,reloc    ] GC(11) Y: Survivor 2         0M (0%)            3M (0%)           2 / 2              0 / 0              0 / 0        
[2026-04-03T01:57:34.664+0600][13.003s][info][gc,heap     ] GC(11) Y: Min Capacity: 8M(1%)
[2026-04-03T01:57:34.664+0600][13.003s][info][gc,heap     ] GC(11) Y: Max Capacity: 1000M(100%)
[2026-04-03T01:57:34.664+0600][13.003s][info][gc,heap     ] GC(11) Y: Soft Max Capacity: 1000M(100%)
[2026-04-03T01:57:34.664+0600][13.003s][info][gc,heap     ] GC(11) Y: Heap Statistics:
[2026-04-03T01:57:34.664+0600][13.003s][info][gc,heap     ] GC(11) Y:                Mark Start          Mark End        Relocate Start      Relocate End           High               Low         
[2026-04-03T01:57:34.664+0600][13.003s][info][gc,heap     ] GC(11) Y:  Capacity:      820M (82%)         820M (82%)         820M (82%)         820M (82%)         820M (82%)         820M (82%)    
[2026-04-03T01:57:34.664+0600][13.003s][info][gc,heap     ] GC(11) Y:      Free:      892M (89%)         892M (89%)         914M (91%)         942M (94%)         942M (94%)         892M (89%)    
[2026-04-03T01:57:34.664+0600][13.003s][info][gc,heap     ] GC(11) Y:      Used:      108M (11%)         108M (11%)          86M (9%)           58M (6%)          108M (11%)          58M (6%)     
[2026-04-03T01:57:34.664+0600][13.003s][info][gc,heap     ] GC(11) Y: Young Generation Statistics:
[2026-04-03T01:57:34.664+0600][13.003s][info][gc,heap     ] GC(11) Y:                Mark Start          Mark End        Relocate Start      Relocate End    
[2026-04-03T01:57:34.664+0600][13.003s][info][gc,heap     ] GC(11) Y:      Used:       56M (6%)           56M (6%)           34M (3%)            0M (0%)     
[2026-04-03T01:57:34.664+0600][13.003s][info][gc,heap     ] GC(11) Y:      Live:         -                 1M (0%)            1M (0%)            0M (0%)     
[2026-04-03T01:57:34.664+0600][13.003s][info][gc,heap     ] GC(11) Y:   Garbage:         -                54M (5%)           32M (3%)            0M (0%)     
[2026-04-03T01:57:34.664+0600][13.003s][info][gc,heap     ] GC(11) Y: Allocated:         -                 0M (0%)            0M (0%)            0M (0%)     
[2026-04-03T01:57:34.664+0600][13.003s][info][gc,heap     ] GC(11) Y: Reclaimed:         -                  -                22M (2%)           54M (5%)     
[2026-04-03T01:57:34.664+0600][13.003s][info][gc,heap     ] GC(11) Y:  Promoted:         -                  -                 0M (0%)            1M (0%)     
[2026-04-03T01:57:34.664+0600][13.003s][info][gc,heap     ] GC(11) Y: Compacted:         -                  -                  -                 0M (0%)     
[2026-04-03T01:57:34.664+0600][13.003s][info][gc,phases   ] GC(11) Y: Young Generation (Promote All) 108M(11%)->58M(6%) 0.020s
[2026-04-03T01:57:34.664+0600][13.003s][info][gc,phases   ] GC(11) Y: Young Generation (Collect Roots)
[2026-04-03T01:57:34.664+0600][13.003s][info][gc,phases   ] GC(11) Y: Pause Mark Start (Major) 0.026ms
[2026-04-03T01:57:34.670+0600][13.010s][info][gc,phases   ] GC(11) Y: Concurrent Mark 6.525ms
[2026-04-03T01:57:34.671+0600][13.010s][info][gc,phases   ] GC(11) Y: Pause Mark End 0.083ms
[2026-04-03T01:57:34.671+0600][13.010s][info][gc,phases   ] GC(11) Y: Concurrent Mark Free 0.183ms
[2026-04-03T01:57:34.671+0600][13.011s][info][gc,phases   ] GC(11) Y: Concurrent Reset Relocation Set 0.003ms
[2026-04-03T01:57:34.672+0600][13.012s][info][gc,reloc    ] GC(11) Y: Using tenuring threshold: 0 (Computed)
[2026-04-03T01:57:34.673+0600][13.012s][info][gc,phases   ] GC(11) Y: Concurrent Select Relocation Set 1.677ms
[2026-04-03T01:57:34.673+0600][13.012s][info][gc,phases   ] GC(11) Y: Pause Relocate Start 0.010ms
[2026-04-03T01:57:34.673+0600][13.013s][info][gc,phases   ] GC(11) Y: Concurrent Relocate 0.119ms
[2026-04-03T01:57:34.673+0600][13.013s][info][gc,alloc    ] GC(11) Y:                         Mark Start        Mark End      Relocate Start    Relocate End   
[2026-04-03T01:57:34.673+0600][13.013s][info][gc,alloc    ] GC(11) Y: Allocation Stalls:          0                0                0                0         
[2026-04-03T01:57:34.673+0600][13.013s][info][gc,load     ] GC(11) Y: Load: 2.52 (21%) / 5.47 (46%) / 6.63 (55%)
[2026-04-03T01:57:34.673+0600][13.013s][info][gc,mmu      ] GC(11) Y: MMU: 2ms/94.2%, 5ms/97.6%, 10ms/98.8%, 20ms/99.2%, 50ms/99.6%, 100ms/99.7%
[2026-04-03T01:57:34.673+0600][13.013s][info][gc,marking  ] GC(11) Y: Mark: 2 stripe(s), 1 proactive flush(es), 1 terminate flush(es), 0 completion(s), 0 continuation(s) 
[2026-04-03T01:57:34.673+0600][13.013s][info][gc,marking  ] GC(11) Y: Mark Stack Usage: 0M
[2026-04-03T01:57:34.673+0600][13.013s][info][gc,nmethod  ] GC(11) Y: NMethods: 3420 registered, 251 unregistered
[2026-04-03T01:57:34.673+0600][13.013s][info][gc,metaspace] GC(11) Y: Metaspace: 53M used, 54M committed, 1088M reserved
[2026-04-03T01:57:34.673+0600][13.013s][info][gc,heap     ] GC(11) Y: Min Capacity: 8M(1%)
[2026-04-03T01:57:34.673+0600][13.013s][info][gc,heap     ] GC(11) Y: Max Capacity: 1000M(100%)
[2026-04-03T01:57:34.673+0600][13.013s][info][gc,heap     ] GC(11) Y: Soft Max Capacity: 1000M(100%)
[2026-04-03T01:57:34.673+0600][13.013s][info][gc,heap     ] GC(11) Y: Heap Statistics:
[2026-04-03T01:57:34.673+0600][13.013s][info][gc,heap     ] GC(11) Y:                Mark Start          Mark End        Relocate Start      Relocate End           High               Low         
[2026-04-03T01:57:34.673+0600][13.013s][info][gc,heap     ] GC(11) Y:  Capacity:      820M (82%)         820M (82%)         820M (82%)         820M (82%)         820M (82%)         820M (82%)    
[2026-04-03T01:57:34.673+0600][13.013s][info][gc,heap     ] GC(11) Y:      Free:      942M (94%)         942M (94%)         942M (94%)         942M (94%)         942M (94%)         942M (94%)    
[2026-04-03T01:57:34.673+0600][13.013s][info][gc,heap     ] GC(11) Y:      Used:       58M (6%)           58M (6%)           58M (6%)           58M (6%)           58M (6%)           58M (6%)     
[2026-04-03T01:57:34.673+0600][13.013s][info][gc,heap     ] GC(11) Y: Young Generation Statistics:
[2026-04-03T01:57:34.673+0600][13.013s][info][gc,heap     ] GC(11) Y:                Mark Start          Mark End        Relocate Start      Relocate End    
[2026-04-03T01:57:34.673+0600][13.013s][info][gc,heap     ] GC(11) Y:      Used:        0M (0%)            0M (0%)            0M (0%)            0M (0%)     
[2026-04-03T01:57:34.673+0600][13.013s][info][gc,heap     ] GC(11) Y:      Live:         -                 0M (0%)            0M (0%)            0M (0%)     
[2026-04-03T01:57:34.673+0600][13.013s][info][gc,heap     ] GC(11) Y:   Garbage:         -                 0M (0%)            0M (0%)            0M (0%)     
[2026-04-03T01:57:34.673+0600][13.013s][info][gc,heap     ] GC(11) Y: Allocated:         -                 0M (0%)            0M (0%)            0M (0%)     
[2026-04-03T01:57:34.673+0600][13.013s][info][gc,heap     ] GC(11) Y: Reclaimed:         -                  -                 0M (0%)            0M (0%)     
[2026-04-03T01:57:34.673+0600][13.013s][info][gc,heap     ] GC(11) Y:  Promoted:         -                  -                 0M (0%)            0M (0%)     
[2026-04-03T01:57:34.673+0600][13.013s][info][gc,heap     ] GC(11) Y: Compacted:         -                  -                  -                 0M (0%)     
[2026-04-03T01:57:34.673+0600][13.013s][info][gc,phases   ] GC(11) Y: Young Generation (Collect Roots) 58M(6%)->58M(6%) 0.010s
[2026-04-03T01:57:34.673+0600][13.013s][info][gc,phases   ] GC(11) O: Old Generation
[2026-04-03T01:57:34.703+0600][13.043s][info][gc,phases   ] GC(11) O: Concurrent Mark 29.965ms
[2026-04-03T01:57:34.704+0600][13.043s][info][gc,phases   ] GC(11) O: Pause Mark End 0.048ms
[2026-04-03T01:57:34.704+0600][13.043s][info][gc,phases   ] GC(11) O: Concurrent Mark Free 0.002ms
[2026-04-03T01:57:34.709+0600][13.049s][info][gc,phases   ] GC(11) O: Concurrent Process Non-Strong 5.471ms
[2026-04-03T01:57:34.710+0600][13.049s][info][gc,phases   ] GC(11) O: Concurrent Reset Relocation Set 0.005ms
[2026-04-03T01:57:34.711+0600][13.051s][info][gc,phases   ] GC(11) O: Concurrent Select Relocation Set 1.660ms
[2026-04-03T01:57:34.711+0600][13.051s][info][gc,task     ] GC(11) O: Using 3 Workers for Old Generation
[2026-04-03T01:57:34.726+0600][13.065s][info][gc,task     ] GC(11) O: Using 3 Workers for Old Generation
[2026-04-03T01:57:34.726+0600][13.066s][info][gc,phases   ] GC(11) O: Concurrent Remap Roots 14.842ms
[2026-04-03T01:57:34.726+0600][13.066s][info][gc,phases   ] GC(11) O: Pause Relocate Start 0.023ms
[2026-04-03T01:57:34.727+0600][13.067s][info][gc,phases   ] GC(11) O: Concurrent Relocate 1.002ms
[2026-04-03T01:57:34.728+0600][13.067s][info][gc,alloc    ] GC(11) O:                         Mark Start        Mark End      Relocate Start    Relocate End   
[2026-04-03T01:57:34.728+0600][13.067s][info][gc,alloc    ] GC(11) O: Allocation Stalls:          0                0                0                0         
[2026-04-03T01:57:34.728+0600][13.067s][info][gc,load     ] GC(11) O: Load: 2.52 (21%) / 5.47 (46%) / 6.63 (55%)
[2026-04-03T01:57:34.728+0600][13.067s][info][gc,mmu      ] GC(11) O: MMU: 2ms/94.2%, 5ms/97.6%, 10ms/98.8%, 20ms/99.2%, 50ms/99.6%, 100ms/99.7%
[2026-04-03T01:57:34.728+0600][13.067s][info][gc,marking  ] GC(11) O: Mark: 2 stripe(s), 2 proactive flush(es), 1 terminate flush(es), 0 completion(s), 0 continuation(s) 
[2026-04-03T01:57:34.728+0600][13.067s][info][gc,marking  ] GC(11) O: Mark Stack Usage: 32M
[2026-04-03T01:57:34.728+0600][13.067s][info][gc,nmethod  ] GC(11) O: NMethods: 3388 registered, 283 unregistered
[2026-04-03T01:57:34.728+0600][13.067s][info][gc,metaspace] GC(11) O: Metaspace: 53M used, 54M committed, 1088M reserved
[2026-04-03T01:57:34.728+0600][13.067s][info][gc,ref      ] GC(11) O:                       Encountered   Discovered     Enqueued 
[2026-04-03T01:57:34.728+0600][13.067s][info][gc,ref      ] GC(11) O: Soft References:             4140            0            0 
[2026-04-03T01:57:34.728+0600][13.067s][info][gc,ref      ] GC(11) O: Weak References:             3678         2393          331 
[2026-04-03T01:57:34.728+0600][13.067s][info][gc,ref      ] GC(11) O: Final References:              82            0            0 
[2026-04-03T01:57:34.728+0600][13.067s][info][gc,ref      ] GC(11) O: Phantom References:           587          444            1 
[2026-04-03T01:57:34.728+0600][13.067s][info][gc,reloc    ] GC(11) O:                        Candidates     Selected     In-Place         Size        Empty    Relocated 
[2026-04-03T01:57:34.728+0600][13.067s][info][gc,reloc    ] GC(11) O: Small Pages:                   19            5            0          38M           0M           1M 
[2026-04-03T01:57:34.728+0600][13.067s][info][gc,reloc    ] GC(11) O: Medium Pages:                   1            0            0          16M           0M           0M 
[2026-04-03T01:57:34.728+0600][13.067s][info][gc,reloc    ] GC(11) O: Large Pages:                    1            0            0           4M           0M           0M 
[2026-04-03T01:57:34.728+0600][13.067s][info][gc,reloc    ] GC(11) O: Forwarding Usage: 0M
[2026-04-03T01:57:34.728+0600][13.067s][info][gc,heap     ] GC(11) O: Min Capacity: 8M(1%)
[2026-04-03T01:57:34.728+0600][13.067s][info][gc,heap     ] GC(11) O: Max Capacity: 1000M(100%)
[2026-04-03T01:57:34.728+0600][13.067s][info][gc,heap     ] GC(11) O: Soft Max Capacity: 1000M(100%)
[2026-04-03T01:57:34.728+0600][13.067s][info][gc,heap     ] GC(11) O: Heap Statistics:
[2026-04-03T01:57:34.728+0600][13.067s][info][gc,heap     ] GC(11) O:                Mark Start          Mark End        Relocate Start      Relocate End           High               Low         
[2026-04-03T01:57:34.728+0600][13.067s][info][gc,heap     ] GC(11) O:  Capacity:      820M (82%)         820M (82%)         820M (82%)         820M (82%)         820M (82%)         820M (82%)    
[2026-04-03T01:57:34.728+0600][13.067s][info][gc,heap     ] GC(11) O:      Free:      942M (94%)         940M (94%)         938M (94%)         942M (94%)         942M (94%)         932M (93%)    
[2026-04-03T01:57:34.728+0600][13.067s][info][gc,heap     ] GC(11) O:      Used:       58M (6%)           60M (6%)           62M (6%)           58M (6%)           68M (7%)           58M (6%)     
[2026-04-03T01:57:34.728+0600][13.067s][info][gc,heap     ] GC(11) O: Old Generation Statistics:
[2026-04-03T01:57:34.728+0600][13.067s][info][gc,heap     ] GC(11) O:                Mark Start          Mark End        Relocate Start      Relocate End    
[2026-04-03T01:57:34.728+0600][13.067s][info][gc,heap     ] GC(11) O:      Used:       58M (6%)           58M (6%)           58M (6%)           54M (5%)     
[2026-04-03T01:57:34.728+0600][13.067s][info][gc,heap     ] GC(11) O:      Live:         -                32M (3%)           32M (3%)           32M (3%)     
[2026-04-03T01:57:34.728+0600][13.067s][info][gc,heap     ] GC(11) O:   Garbage:         -                25M (3%)           25M (3%)           14M (1%)     
[2026-04-03T01:57:34.728+0600][13.067s][info][gc,heap     ] GC(11) O: Allocated:         -                 0M (0%)            0M (0%)            6M (1%)     
[2026-04-03T01:57:34.728+0600][13.067s][info][gc,heap     ] GC(11) O: Reclaimed:         -                  -                 0M (0%)           10M (1%)     
[2026-04-03T01:57:34.728+0600][13.067s][info][gc,heap     ] GC(11) O: Compacted:         -                  -                  -                 1M (0%)     
[2026-04-03T01:57:34.728+0600][13.067s][info][gc,phases   ] GC(11) O: Old Generation 58M(6%)->58M(6%) 0.054s
[2026-04-03T01:57:34.728+0600][13.067s][info][gc          ] GC(11) Major Collection (System.gc()) 108M(11%)->58M(6%) 0.085s
[2026-04-03T01:57:36.711+0600][15.051s][info][gc          ] GC(12) Minor Collection (Allocation Rate)
[2026-04-03T01:57:36.712+0600][15.051s][info][gc,task     ] GC(12) Using 2 Workers for Young Generation
[2026-04-03T01:57:36.712+0600][15.051s][info][gc,phases   ] GC(12) y: Young Generation
[2026-04-03T01:57:36.712+0600][15.051s][info][gc,phases   ] GC(12) y: Pause Mark Start 0.023ms
[2026-04-03T01:57:36.725+0600][15.065s][info][gc,phases   ] GC(12) y: Concurrent Mark 13.219ms
[2026-04-03T01:57:36.725+0600][15.065s][info][gc,phases   ] GC(12) y: Pause Mark End 0.022ms
[2026-04-03T01:57:36.726+0600][15.065s][info][gc,phases   ] GC(12) y: Concurrent Mark Free 0.002ms
[2026-04-03T01:57:36.726+0600][15.065s][info][gc,phases   ] GC(12) y: Concurrent Reset Relocation Set 0.001ms
[2026-04-03T01:57:36.730+0600][15.070s][info][gc,reloc    ] GC(12) y: Using tenuring threshold: 1 (Computed)
[2026-04-03T01:57:36.732+0600][15.071s][info][gc,phases   ] GC(12) y: Concurrent Select Relocation Set 5.979ms
[2026-04-03T01:57:36.732+0600][15.071s][info][gc,phases   ] GC(12) y: Pause Relocate Start 0.017ms
[2026-04-03T01:57:36.736+0600][15.076s][info][gc,phases   ] GC(12) y: Concurrent Relocate 4.153ms
[2026-04-03T01:57:36.736+0600][15.076s][info][gc,alloc    ] GC(12) y:                         Mark Start        Mark End      Relocate Start    Relocate End   
[2026-04-03T01:57:36.736+0600][15.076s][info][gc,alloc    ] GC(12) y: Allocation Stalls:          0                0                0                0         
[2026-04-03T01:57:36.736+0600][15.076s][info][gc,load     ] GC(12) y: Load: 2.52 (21%) / 5.47 (46%) / 6.63 (55%)
[2026-04-03T01:57:36.736+0600][15.076s][info][gc,mmu      ] GC(12) y: MMU: 2ms/94.2%, 5ms/97.6%, 10ms/98.8%, 20ms/99.2%, 50ms/99.6%, 100ms/99.7%
[2026-04-03T01:57:36.736+0600][15.076s][info][gc,marking  ] GC(12) y: Mark: 2 stripe(s), 3 proactive flush(es), 1 terminate flush(es), 0 completion(s), 0 continuation(s) 
[2026-04-03T01:57:36.736+0600][15.076s][info][gc,marking  ] GC(12) y: Mark Stack Usage: 32M
[2026-04-03T01:57:36.736+0600][15.076s][info][gc,nmethod  ] GC(12) y: NMethods: 4224 registered, 283 unregistered
[2026-04-03T01:57:36.736+0600][15.076s][info][gc,metaspace] GC(12) y: Metaspace: 59M used, 60M committed, 1088M reserved
[2026-04-03T01:57:36.736+0600][15.076s][info][gc,reloc    ] GC(12) y:                        Candidates     Selected     In-Place         Size        Empty    Relocated 
[2026-04-03T01:57:36.736+0600][15.076s][info][gc,reloc    ] GC(12) y: Small Pages:                   45           42            0          90M           0M           3M 
[2026-04-03T01:57:36.736+0600][15.076s][info][gc,reloc    ] GC(12) y: Medium Pages:                   1            0            0          16M          16M           0M 
[2026-04-03T01:57:36.736+0600][15.076s][info][gc,reloc    ] GC(12) y: Large Pages:                    1            0            0           6M           6M           0M 
[2026-04-03T01:57:36.736+0600][15.076s][info][gc,reloc    ] GC(12) y: Forwarding Usage: 1M
[2026-04-03T01:57:36.736+0600][15.076s][info][gc,reloc    ] GC(12) y: Age Table:
[2026-04-03T01:57:36.736+0600][15.076s][info][gc,reloc    ] GC(12) y:                    Live             Garbage             Small              Medium             Large        
[2026-04-03T01:57:36.736+0600][15.076s][info][gc,reloc    ] GC(12) y: Eden               3M (0%)          108M (11%)         45 / 42             1 / 0              1 / 0        
[2026-04-03T01:57:36.736+0600][15.076s][info][gc,heap     ] GC(12) y: Min Capacity: 8M(1%)
[2026-04-03T01:57:36.736+0600][15.076s][info][gc,heap     ] GC(12) y: Max Capacity: 1000M(100%)
[2026-04-03T01:57:36.736+0600][15.076s][info][gc,heap     ] GC(12) y: Soft Max Capacity: 1000M(100%)
[2026-04-03T01:57:36.736+0600][15.076s][info][gc,heap     ] GC(12) y: Heap Statistics:
[2026-04-03T01:57:36.736+0600][15.076s][info][gc,heap     ] GC(12) y:                Mark Start          Mark End        Relocate Start      Relocate End           High               Low         
[2026-04-03T01:57:36.736+0600][15.076s][info][gc,heap     ] GC(12) y:  Capacity:      820M (82%)         820M (82%)         820M (82%)         820M (82%)         820M (82%)         820M (82%)    
[2026-04-03T01:57:36.736+0600][15.076s][info][gc,heap     ] GC(12) y:      Free:      834M (83%)         830M (83%)         852M (85%)         928M (93%)         928M (93%)         830M (83%)    
[2026-04-03T01:57:36.736+0600][15.076s][info][gc,heap     ] GC(12) y:      Used:      166M (17%)         170M (17%)         148M (15%)          72M (7%)          170M (17%)          72M (7%)     
[2026-04-03T01:57:36.736+0600][15.076s][info][gc,heap     ] GC(12) y: Young Generation Statistics:
[2026-04-03T01:57:36.736+0600][15.076s][info][gc,heap     ] GC(12) y:                Mark Start          Mark End        Relocate Start      Relocate End    
[2026-04-03T01:57:36.736+0600][15.076s][info][gc,heap     ] GC(12) y:      Used:      112M (11%)         116M (12%)          94M (9%)           18M (2%)     
[2026-04-03T01:57:36.736+0600][15.076s][info][gc,heap     ] GC(12) y:      Live:         -                 3M (0%)            3M (0%)            3M (0%)     
[2026-04-03T01:57:36.736+0600][15.076s][info][gc,heap     ] GC(12) y:   Garbage:         -               108M (11%)          86M (9%)            0M (0%)     
[2026-04-03T01:57:36.736+0600][15.076s][info][gc,heap     ] GC(12) y: Allocated:         -                 4M (0%)            4M (0%)           14M (1%)     
[2026-04-03T01:57:36.736+0600][15.076s][info][gc,heap     ] GC(12) y: Reclaimed:         -                  -                22M (2%)          108M (11%)    
[2026-04-03T01:57:36.736+0600][15.076s][info][gc,heap     ] GC(12) y:  Promoted:         -                  -                 0M (0%)            0M (0%)     
[2026-04-03T01:57:36.736+0600][15.076s][info][gc,heap     ] GC(12) y: Compacted:         -                  -                  -                 3M (0%)     
[2026-04-03T01:57:36.736+0600][15.076s][info][gc,phases   ] GC(12) y: Young Generation 166M(17%)->72M(7%) 0.025s
[2026-04-03T01:57:36.736+0600][15.076s][info][gc          ] GC(12) Minor Collection (Allocation Rate) 166M(17%)->72M(7%) 0.025s
[2026-04-03T01:57:37.083+0600][15.422s][info][gc          ] GC(13) Minor Collection (Allocation Rate)
[2026-04-03T01:57:37.083+0600][15.422s][info][gc,task     ] GC(13) Using 2 Workers for Young Generation
[2026-04-03T01:57:37.083+0600][15.422s][info][gc,phases   ] GC(13) y: Young Generation
[2026-04-03T01:57:37.083+0600][15.423s][info][gc,phases   ] GC(13) y: Pause Mark Start 0.014ms
[2026-04-03T01:57:37.133+0600][15.473s][info][gc,phases   ] GC(13) y: Concurrent Mark 50.209ms
[2026-04-03T01:57:37.134+0600][15.473s][info][gc,phases   ] GC(13) y: Pause Mark End 0.021ms
[2026-04-03T01:57:37.134+0600][15.473s][info][gc,phases   ] GC(13) y: Concurrent Mark Free 0.003ms
[2026-04-03T01:57:37.134+0600][15.473s][info][gc,phases   ] GC(13) y: Concurrent Reset Relocation Set 0.008ms
[2026-04-03T01:57:37.135+0600][15.475s][info][gc,reloc    ] GC(13) y: Using tenuring threshold: 2 (Computed)
[2026-04-03T01:57:37.144+0600][15.484s][info][gc,phases   ] GC(13) y: Concurrent Select Relocation Set 10.503ms
[2026-04-03T01:57:37.145+0600][15.484s][info][gc,phases   ] GC(13) y: Pause Relocate Start 0.018ms
[2026-04-03T01:57:37.178+0600][15.518s][info][gc,phases   ] GC(13) y: Concurrent Relocate 33.685ms
[2026-04-03T01:57:37.179+0600][15.518s][info][gc,alloc    ] GC(13) y:                         Mark Start        Mark End      Relocate Start    Relocate End   
[2026-04-03T01:57:37.179+0600][15.518s][info][gc,alloc    ] GC(13) y: Allocation Stalls:          0                0                0                0         
[2026-04-03T01:57:37.179+0600][15.518s][info][gc,load     ] GC(13) y: Load: 2.52 (21%) / 5.47 (46%) / 6.63 (55%)
[2026-04-03T01:57:37.179+0600][15.518s][info][gc,mmu      ] GC(13) y: MMU: 2ms/94.2%, 5ms/97.6%, 10ms/98.8%, 20ms/99.2%, 50ms/99.6%, 100ms/99.7%
[2026-04-03T01:57:37.179+0600][15.518s][info][gc,marking  ] GC(13) y: Mark: 2 stripe(s), 2 proactive flush(es), 1 terminate flush(es), 0 completion(s), 0 continuation(s) 
[2026-04-03T01:57:37.179+0600][15.518s][info][gc,marking  ] GC(13) y: Mark Stack Usage: 32M
[2026-04-03T01:57:37.179+0600][15.518s][info][gc,nmethod  ] GC(13) y: NMethods: 4388 registered, 283 unregistered
[2026-04-03T01:57:37.179+0600][15.518s][info][gc,metaspace] GC(13) y: Metaspace: 60M used, 60M committed, 1088M reserved
[2026-04-03T01:57:37.179+0600][15.518s][info][gc,reloc    ] GC(13) y:                        Candidates     Selected     In-Place         Size        Empty    Relocated 
[2026-04-03T01:57:37.179+0600][15.518s][info][gc,reloc    ] GC(13) y: Small Pages:                  173          156            0         346M           0M          25M 
[2026-04-03T01:57:37.179+0600][15.518s][info][gc,reloc    ] GC(13) y: Medium Pages:                   1            0            0          16M          16M           0M 
[2026-04-03T01:57:37.179+0600][15.518s][info][gc,reloc    ] GC(13) y: Large Pages:                    1            0            0           4M           0M           0M 
[2026-04-03T01:57:37.179+0600][15.518s][info][gc,reloc    ] GC(13) y: Forwarding Usage: 19M
[2026-04-03T01:57:37.179+0600][15.518s][info][gc,reloc    ] GC(13) y: Age Table:
[2026-04-03T01:57:37.179+0600][15.518s][info][gc,reloc    ] GC(13) y:                    Live             Garbage             Small              Medium             Large        
[2026-04-03T01:57:37.179+0600][15.518s][info][gc,reloc    ] GC(13) y: Eden              29M (3%)          324M (32%)        167 / 153            1 / 0              1 / 0        
[2026-04-03T01:57:37.179+0600][15.518s][info][gc,reloc    ] GC(13) y: Survivor 1         3M (0%)            8M (1%)           6 / 3              0 / 0              0 / 0        
[2026-04-03T01:57:37.179+0600][15.518s][info][gc,heap     ] GC(13) y: Min Capacity: 8M(1%)
[2026-04-03T01:57:37.179+0600][15.518s][info][gc,heap     ] GC(13) y: Max Capacity: 1000M(100%)
[2026-04-03T01:57:37.179+0600][15.518s][info][gc,heap     ] GC(13) y: Soft Max Capacity: 1000M(100%)
[2026-04-03T01:57:37.179+0600][15.518s][info][gc,heap     ] GC(13) y: Heap Statistics:
[2026-04-03T01:57:37.179+0600][15.518s][info][gc,heap     ] GC(13) y:                Mark Start          Mark End        Relocate Start      Relocate End           High               Low         
[2026-04-03T01:57:37.179+0600][15.518s][info][gc,heap     ] GC(13) y:  Capacity:      820M (82%)         820M (82%)         820M (82%)         820M (82%)         820M (82%)         820M (82%)    
[2026-04-03T01:57:37.179+0600][15.518s][info][gc,heap     ] GC(13) y:      Free:      580M (58%)         500M (50%)         498M (50%)         750M (75%)         752M (75%)         490M (49%)    
[2026-04-03T01:57:37.179+0600][15.518s][info][gc,heap     ] GC(13) y:      Used:      420M (42%)         500M (50%)         502M (50%)         250M (25%)         510M (51%)         248M (25%)    
[2026-04-03T01:57:37.179+0600][15.518s][info][gc,heap     ] GC(13) y: Young Generation Statistics:
[2026-04-03T01:57:37.179+0600][15.518s][info][gc,heap     ] GC(13) y:                Mark Start          Mark End        Relocate Start      Relocate End    
[2026-04-03T01:57:37.179+0600][15.518s][info][gc,heap     ] GC(13) y:      Used:      366M (37%)         446M (45%)         448M (45%)         196M (20%)    
[2026-04-03T01:57:37.179+0600][15.518s][info][gc,heap     ] GC(13) y:      Live:         -                33M (3%)           33M (3%)           33M (3%)     
[2026-04-03T01:57:37.179+0600][15.518s][info][gc,heap     ] GC(13) y:   Garbage:         -               332M (33%)         316M (32%)           0M (0%)     
[2026-04-03T01:57:37.179+0600][15.518s][info][gc,heap     ] GC(13) y: Allocated:         -                80M (8%)           98M (10%)         162M (16%)    
[2026-04-03T01:57:37.179+0600][15.518s][info][gc,heap     ] GC(13) y: Reclaimed:         -                  -                16M (2%)          332M (33%)    
[2026-04-03T01:57:37.179+0600][15.518s][info][gc,heap     ] GC(13) y:  Promoted:         -                  -                 0M (0%)            0M (0%)     
[2026-04-03T01:57:37.179+0600][15.518s][info][gc,heap     ] GC(13) y: Compacted:         -                  -                  -                27M (3%)     
[2026-04-03T01:57:37.179+0600][15.518s][info][gc,phases   ] GC(13) y: Young Generation 420M(42%)->250M(25%) 0.096s
[2026-04-03T01:57:37.179+0600][15.518s][info][gc          ] GC(13) Minor Collection (Allocation Rate) 420M(42%)->250M(25%) 0.096s
[2026-04-03T01:57:37.342+0600][15.681s][info][gc          ] GC(14) Minor Collection (Allocation Rate)
[2026-04-03T01:57:37.342+0600][15.681s][info][gc,task     ] GC(14) Using 2 Workers for Young Generation
[2026-04-03T01:57:37.342+0600][15.681s][info][gc,phases   ] GC(14) y: Young Generation
[2026-04-03T01:57:37.342+0600][15.682s][info][gc,phases   ] GC(14) y: Pause Mark Start 0.017ms
[2026-04-03T01:57:37.450+0600][15.790s][info][gc,phases   ] GC(14) y: Concurrent Mark 107.920ms
[2026-04-03T01:57:37.450+0600][15.790s][info][gc,phases   ] GC(14) y: Pause Mark End 0.021ms
[2026-04-03T01:57:37.451+0600][15.790s][info][gc,phases   ] GC(14) y: Concurrent Mark Free 0.001ms
[2026-04-03T01:57:37.451+0600][15.790s][info][gc,phases   ] GC(14) y: Concurrent Reset Relocation Set 0.023ms
[2026-04-03T01:57:37.452+0600][15.792s][info][gc,reloc    ] GC(14) y: Using tenuring threshold: 3 (Computed)
[2026-04-03T01:57:37.458+0600][15.798s][info][gc,phases   ] GC(14) y: Concurrent Select Relocation Set 7.470ms
[2026-04-03T01:57:37.460+0600][15.800s][info][gc,phases   ] GC(14) y: Pause Relocate Start 0.021ms
[2026-04-03T01:57:37.513+0600][15.853s][info][gc,phases   ] GC(14) y: Concurrent Relocate 52.898ms
[2026-04-03T01:57:37.514+0600][15.853s][info][gc,alloc    ] GC(14) y:                         Mark Start        Mark End      Relocate Start    Relocate End   
[2026-04-03T01:57:37.514+0600][15.853s][info][gc,alloc    ] GC(14) y: Allocation Stalls:          0                0                0                0         
[2026-04-03T01:57:37.514+0600][15.853s][info][gc,load     ] GC(14) y: Load: 2.52 (21%) / 5.47 (46%) / 6.63 (55%)
[2026-04-03T01:57:37.514+0600][15.853s][info][gc,mmu      ] GC(14) y: MMU: 2ms/94.2%, 5ms/97.6%, 10ms/98.8%, 20ms/99.2%, 50ms/99.6%, 100ms/99.7%
[2026-04-03T01:57:37.514+0600][15.853s][info][gc,marking  ] GC(14) y: Mark: 2 stripe(s), 10 proactive flush(es), 1 terminate flush(es), 0 completion(s), 0 continuation(s) 
[2026-04-03T01:57:37.514+0600][15.853s][info][gc,marking  ] GC(14) y: Mark Stack Usage: 32M
[2026-04-03T01:57:37.514+0600][15.853s][info][gc,nmethod  ] GC(14) y: NMethods: 4476 registered, 283 unregistered
[2026-04-03T01:57:37.514+0600][15.853s][info][gc,metaspace] GC(14) y: Metaspace: 60M used, 61M committed, 1088M reserved
[2026-04-03T01:57:37.514+0600][15.853s][info][gc,reloc    ] GC(14) y:                        Candidates     Selected     In-Place         Size        Empty    Relocated 
[2026-04-03T01:57:37.514+0600][15.853s][info][gc,reloc    ] GC(14) y: Small Pages:                  234          198            0         468M           0M          34M 
[2026-04-03T01:57:37.514+0600][15.853s][info][gc,reloc    ] GC(14) y: Medium Pages:                   0            0            0           0M           0M           0M 
[2026-04-03T01:57:37.514+0600][15.853s][info][gc,reloc    ] GC(14) y: Large Pages:                    3            0            0          20M          10M           0M 
[2026-04-03T01:57:37.514+0600][15.853s][info][gc,reloc    ] GC(14) y: Forwarding Usage: 27M
[2026-04-03T01:57:37.514+0600][15.853s][info][gc,reloc    ] GC(14) y: Age Table:
[2026-04-03T01:57:37.514+0600][15.853s][info][gc,reloc    ] GC(14) y:                    Live             Garbage             Small              Medium             Large        
[2026-04-03T01:57:37.514+0600][15.853s][info][gc,reloc    ] GC(14) y: Eden              46M (5%)          399M (40%)        215 / 195            0 / 0              2 / 0        
[2026-04-03T01:57:37.514+0600][15.853s][info][gc,reloc    ] GC(14) y: Survivor 1        25M (3%)            8M (1%)          15 / 2              0 / 0              1 / 0        
[2026-04-03T01:57:37.514+0600][15.853s][info][gc,reloc    ] GC(14) y: Survivor 2         3M (0%)            4M (0%)           4 / 1              0 / 0              0 / 0        
[2026-04-03T01:57:37.514+0600][15.853s][info][gc,heap     ] GC(14) y: Min Capacity: 8M(1%)
[2026-04-03T01:57:37.514+0600][15.853s][info][gc,heap     ] GC(14) y: Max Capacity: 1000M(100%)
[2026-04-03T01:57:37.514+0600][15.853s][info][gc,heap     ] GC(14) y: Soft Max Capacity: 1000M(100%)
[2026-04-03T01:57:37.514+0600][15.853s][info][gc,heap     ] GC(14) y: Heap Statistics:
[2026-04-03T01:57:37.514+0600][15.853s][info][gc,heap     ] GC(14) y:                Mark Start          Mark End        Relocate Start      Relocate End           High               Low         
[2026-04-03T01:57:37.514+0600][15.853s][info][gc,heap     ] GC(14) y:  Capacity:      820M (82%)         820M (82%)         820M (82%)         836M (84%)         836M (84%)         820M (82%)    
[2026-04-03T01:57:37.514+0600][15.853s][info][gc,heap     ] GC(14) y:      Free:      458M (46%)         258M (26%)         258M (26%)         624M (62%)         624M (62%)         252M (25%)    
[2026-04-03T01:57:37.514+0600][15.854s][info][gc,heap     ] GC(14) y:      Used:      542M (54%)         742M (74%)         742M (74%)         376M (38%)         748M (75%)         376M (38%)    
[2026-04-03T01:57:37.514+0600][15.854s][info][gc,heap     ] GC(14) y: Young Generation Statistics:
[2026-04-03T01:57:37.514+0600][15.854s][info][gc,heap     ] GC(14) y:                Mark Start          Mark End        Relocate Start      Relocate End    
[2026-04-03T01:57:37.514+0600][15.854s][info][gc,heap     ] GC(14) y:      Used:      488M (49%)         688M (69%)         688M (69%)         322M (32%)    
[2026-04-03T01:57:37.514+0600][15.854s][info][gc,heap     ] GC(14) y:      Live:         -                76M (8%)           76M (8%)           76M (8%)     
[2026-04-03T01:57:37.514+0600][15.854s][info][gc,heap     ] GC(14) y:   Garbage:         -               411M (41%)         401M (40%)           0M (0%)     
[2026-04-03T01:57:37.514+0600][15.854s][info][gc,heap     ] GC(14) y: Allocated:         -               200M (20%)         210M (21%)         245M (25%)    
[2026-04-03T01:57:37.514+0600][15.854s][info][gc,heap     ] GC(14) y: Reclaimed:         -                  -                10M (1%)          411M (41%)    
[2026-04-03T01:57:37.514+0600][15.854s][info][gc,heap     ] GC(14) y:  Promoted:         -                  -                 0M (0%)            0M (0%)     
[2026-04-03T01:57:37.514+0600][15.854s][info][gc,heap     ] GC(14) y: Compacted:         -                  -                  -                38M (4%)     
[2026-04-03T01:57:37.514+0600][15.854s][info][gc,phases   ] GC(14) y: Young Generation 542M(54%)->376M(38%) 0.172s
[2026-04-03T01:57:37.514+0600][15.854s][info][gc          ] GC(14) Minor Collection (Allocation Rate) 542M(54%)->376M(38%) 0.172s
[2026-04-03T01:57:37.514+0600][15.854s][info][gc          ] GC(15) Minor Collection (Allocation Rate)
[2026-04-03T01:57:37.514+0600][15.854s][info][gc,task     ] GC(15) Using 3 Workers for Young Generation
[2026-04-03T01:57:37.514+0600][15.854s][info][gc,phases   ] GC(15) y: Young Generation
[2026-04-03T01:57:37.515+0600][15.854s][info][gc,phases   ] GC(15) y: Pause Mark Start 0.029ms
[2026-04-03T01:57:37.643+0600][15.982s][info][gc,phases   ] GC(15) y: Concurrent Mark 128.114ms
[2026-04-03T01:57:37.643+0600][15.983s][info][gc,phases   ] GC(15) y: Pause Mark End 0.026ms
[2026-04-03T01:57:37.644+0600][15.983s][info][gc,phases   ] GC(15) y: Concurrent Mark Free 0.003ms
[2026-04-03T01:57:37.644+0600][15.983s][info][gc,phases   ] GC(15) y: Concurrent Reset Relocation Set 0.036ms
[2026-04-03T01:57:37.648+0600][15.988s][info][gc,reloc    ] GC(15) y: Using tenuring threshold: 4 (Computed)
[2026-04-03T01:57:37.651+0600][15.991s][info][gc,phases   ] GC(15) y: Concurrent Select Relocation Set 7.718ms
[2026-04-03T01:57:37.652+0600][15.991s][info][gc,phases   ] GC(15) y: Pause Relocate Start 0.024ms
[2026-04-03T01:57:37.677+0600][16.017s][info][gc,phases   ] GC(15) y: Concurrent Relocate 25.259ms
[2026-04-03T01:57:37.677+0600][16.017s][info][gc,alloc    ] GC(15) y:                         Mark Start        Mark End      Relocate Start    Relocate End   
[2026-04-03T01:57:37.677+0600][16.017s][info][gc,alloc    ] GC(15) y: Allocation Stalls:          0                0                0                0         
[2026-04-03T01:57:37.677+0600][16.017s][info][gc,load     ] GC(15) y: Load: 2.52 (21%) / 5.47 (46%) / 6.63 (55%)
[2026-04-03T01:57:37.677+0600][16.017s][info][gc,mmu      ] GC(15) y: MMU: 2ms/94.2%, 5ms/97.6%, 10ms/98.8%, 20ms/99.2%, 50ms/99.6%, 100ms/99.7%
[2026-04-03T01:57:37.677+0600][16.017s][info][gc,marking  ] GC(15) y: Mark: 2 stripe(s), 2 proactive flush(es), 1 terminate flush(es), 0 completion(s), 0 continuation(s) 
[2026-04-03T01:57:37.677+0600][16.017s][info][gc,marking  ] GC(15) y: Mark Stack Usage: 32M
[2026-04-03T01:57:37.677+0600][16.017s][info][gc,nmethod  ] GC(15) y: NMethods: 4559 registered, 283 unregistered
[2026-04-03T01:57:37.677+0600][16.017s][info][gc,metaspace] GC(15) y: Metaspace: 61M used, 62M committed, 1088M reserved
[2026-04-03T01:57:37.677+0600][16.017s][info][gc,reloc    ] GC(15) y:                        Candidates     Selected     In-Place         Size        Empty    Relocated 
[2026-04-03T01:57:37.677+0600][16.017s][info][gc,reloc    ] GC(15) y: Small Pages:                  145          101            0         290M           0M          17M 
[2026-04-03T01:57:37.677+0600][16.017s][info][gc,reloc    ] GC(15) y: Medium Pages:                   1            0            0          16M          16M           0M 
[2026-04-03T01:57:37.677+0600][16.017s][info][gc,reloc    ] GC(15) y: Large Pages:                    2            0            0          16M          10M           0M 
[2026-04-03T01:57:37.677+0600][16.017s][info][gc,reloc    ] GC(15) y: Forwarding Usage: 14M
[2026-04-03T01:57:37.677+0600][16.017s][info][gc,reloc    ] GC(15) y: Age Table:
[2026-04-03T01:57:37.677+0600][16.017s][info][gc,reloc    ] GC(15) y:                    Live             Garbage             Small              Medium             Large        
[2026-04-03T01:57:37.677+0600][16.017s][info][gc,reloc    ] GC(15) y: Eden              23M (2%)          210M (21%)        106 / 96             1 / 0              1 / 0        
[2026-04-03T01:57:37.677+0600][16.017s][info][gc,reloc    ] GC(15) y: Survivor 1        36M (4%)           13M (1%)          20 / 2              0 / 0              1 / 0        
[2026-04-03T01:57:37.678+0600][16.017s][info][gc,reloc    ] GC(15) y: Survivor 2        25M (3%)            4M (0%)          15 / 2              0 / 0              0 / 0        
[2026-04-03T01:57:37.678+0600][16.017s][info][gc,reloc    ] GC(15) y: Survivor 3         3M (0%)            4M (0%)           4 / 1              0 / 0              0 / 0        
[2026-04-03T01:57:37.678+0600][16.017s][info][gc,heap     ] GC(15) y: Min Capacity: 8M(1%)
[2026-04-03T01:57:37.678+0600][16.017s][info][gc,heap     ] GC(15) y: Max Capacity: 1000M(100%)
[2026-04-03T01:57:37.678+0600][16.017s][info][gc,heap     ] GC(15) y: Soft Max Capacity: 1000M(100%)
[2026-04-03T01:57:37.678+0600][16.017s][info][gc,heap     ] GC(15) y: Heap Statistics:
[2026-04-03T01:57:37.678+0600][16.017s][info][gc,heap     ] GC(15) y:                Mark Start          Mark End        Relocate Start      Relocate End           High               Low         
[2026-04-03T01:57:37.678+0600][16.017s][info][gc,heap     ] GC(15) y:  Capacity:      836M (84%)         852M (85%)         852M (85%)         852M (85%)         852M (85%)         836M (84%)    
[2026-04-03T01:57:37.678+0600][16.017s][info][gc,heap     ] GC(15) y:      Free:      624M (62%)         584M (58%)         610M (61%)         800M (80%)         800M (80%)         584M (58%)    
[2026-04-03T01:57:37.678+0600][16.017s][info][gc,heap     ] GC(15) y:      Used:      376M (38%)         416M (42%)         390M (39%)         200M (20%)         416M (42%)         200M (20%)    
[2026-04-03T01:57:37.678+0600][16.017s][info][gc,heap     ] GC(15) y: Young Generation Statistics:
[2026-04-03T01:57:37.678+0600][16.017s][info][gc,heap     ] GC(15) y:                Mark Start          Mark End        Relocate Start      Relocate End    
[2026-04-03T01:57:37.678+0600][16.017s][info][gc,heap     ] GC(15) y:      Used:      322M (32%)         362M (36%)         336M (34%)         146M (15%)    
[2026-04-03T01:57:37.678+0600][16.017s][info][gc,heap     ] GC(15) y:      Live:         -                89M (9%)           89M (9%)           89M (9%)     
[2026-04-03T01:57:37.678+0600][16.017s][info][gc,heap     ] GC(15) y:   Garbage:         -               232M (23%)         206M (21%)           0M (0%)     
[2026-04-03T01:57:37.678+0600][16.017s][info][gc,heap     ] GC(15) y: Allocated:         -                40M (4%)           40M (4%)           55M (6%)     
[2026-04-03T01:57:37.678+0600][16.017s][info][gc,heap     ] GC(15) y: Reclaimed:         -                  -                26M (3%)          231M (23%)    
[2026-04-03T01:57:37.678+0600][16.017s][info][gc,heap     ] GC(15) y:  Promoted:         -                  -                 0M (0%)            0M (0%)     
[2026-04-03T01:57:37.678+0600][16.017s][info][gc,heap     ] GC(15) y: Compacted:         -                  -                  -                20M (2%)     
[2026-04-03T01:57:37.678+0600][16.017s][info][gc,phases   ] GC(15) y: Young Generation 376M(38%)->200M(20%) 0.163s
[2026-04-03T01:57:37.678+0600][16.017s][info][gc          ] GC(15) Minor Collection (Allocation Rate) 376M(38%)->200M(20%) 0.164s
[2026-04-03T01:57:37.678+0600][16.017s][info][gc          ] GC(16) Minor Collection (Allocation Rate)
[2026-04-03T01:57:37.678+0600][16.017s][info][gc,task     ] GC(16) Using 3 Workers for Young Generation
[2026-04-03T01:57:37.678+0600][16.017s][info][gc,phases   ] GC(16) y: Young Generation
[2026-04-03T01:57:37.679+0600][16.018s][info][gc,phases   ] GC(16) y: Pause Mark Start 0.030ms
[2026-04-03T01:57:37.804+0600][16.143s][info][gc,phases   ] GC(16) y: Concurrent Mark 124.927ms
[2026-04-03T01:57:37.804+0600][16.143s][info][gc,phases   ] GC(16) y: Pause Mark End 0.031ms
[2026-04-03T01:57:37.804+0600][16.144s][info][gc,phases   ] GC(16) y: Concurrent Mark Free 0.002ms
[2026-04-03T01:57:37.804+0600][16.144s][info][gc,phases   ] GC(16) y: Concurrent Reset Relocation Set 0.021ms
[2026-04-03T01:57:37.810+0600][16.150s][info][gc,reloc    ] GC(16) y: Using tenuring threshold: 1 (Computed)
[2026-04-03T01:57:37.844+0600][16.183s][info][gc,phases   ] GC(16) y: Concurrent Select Relocation Set 39.624ms
[2026-04-03T01:57:37.844+0600][16.184s][info][gc,phases   ] GC(16) y: Pause Relocate Start 0.021ms
[2026-04-03T01:57:37.901+0600][16.240s][info][gc,phases   ] GC(16) y: Concurrent Relocate 56.599ms
[2026-04-03T01:57:37.901+0600][16.240s][info][gc,alloc    ] GC(16) y:                         Mark Start        Mark End      Relocate Start    Relocate End   
[2026-04-03T01:57:37.901+0600][16.240s][info][gc,alloc    ] GC(16) y: Allocation Stalls:          0                0                0                0         
[2026-04-03T01:57:37.901+0600][16.240s][info][gc,load     ] GC(16) y: Load: 2.52 (21%) / 5.47 (46%) / 6.63 (55%)
[2026-04-03T01:57:37.901+0600][16.240s][info][gc,mmu      ] GC(16) y: MMU: 2ms/94.2%, 5ms/97.6%, 10ms/98.8%, 20ms/99.2%, 50ms/99.6%, 100ms/99.7%
[2026-04-03T01:57:37.901+0600][16.240s][info][gc,marking  ] GC(16) y: Mark: 2 stripe(s), 2 proactive flush(es), 1 terminate flush(es), 0 completion(s), 0 continuation(s) 
[2026-04-03T01:57:37.901+0600][16.240s][info][gc,marking  ] GC(16) y: Mark Stack Usage: 32M
[2026-04-03T01:57:37.901+0600][16.240s][info][gc,nmethod  ] GC(16) y: NMethods: 4784 registered, 283 unregistered
[2026-04-03T01:57:37.901+0600][16.240s][info][gc,metaspace] GC(16) y: Metaspace: 62M used, 63M committed, 1088M reserved
[2026-04-03T01:57:37.901+0600][16.240s][info][gc,reloc    ] GC(16) y:                        Candidates     Selected     In-Place         Size        Empty    Relocated 
[2026-04-03T01:57:37.901+0600][16.240s][info][gc,reloc    ] GC(16) y: Small Pages:                   62           18            0         124M           0M           1M 
[2026-04-03T01:57:37.901+0600][16.240s][info][gc,reloc    ] GC(16) y: Medium Pages:                   1            0            0          16M          16M           0M 
[2026-04-03T01:57:37.901+0600][16.240s][info][gc,reloc    ] GC(16) y: Large Pages:                    1            0            0           6M           0M           0M 
[2026-04-03T01:57:37.901+0600][16.240s][info][gc,reloc    ] GC(16) y: Forwarding Usage: 0M
[2026-04-03T01:57:37.901+0600][16.240s][info][gc,reloc    ] GC(16) y: Age Table:
[2026-04-03T01:57:37.901+0600][16.240s][info][gc,reloc    ] GC(16) y:                    Live             Garbage             Small              Medium             Large        
[2026-04-03T01:57:37.901+0600][16.240s][info][gc,reloc    ] GC(16) y: Eden               0M (0%)           41M (4%)          13 / 13             1 / 0              0 / 0        
[2026-04-03T01:57:37.901+0600][16.240s][info][gc,reloc    ] GC(16) y: Survivor 1        23M (2%)            2M (0%)          10 / 1              0 / 0              1 / 0        
[2026-04-03T01:57:37.901+0600][16.241s][info][gc,reloc    ] GC(16) y: Survivor 2        36M (4%)            3M (0%)          20 / 2              0 / 0              0 / 0        
[2026-04-03T01:57:37.901+0600][16.241s][info][gc,reloc    ] GC(16) y: Survivor 3        25M (3%)            4M (0%)          15 / 0              0 / 0              0 / 0        
[2026-04-03T01:57:37.901+0600][16.241s][info][gc,reloc    ] GC(16) y: Survivor 4         3M (0%)            4M (0%)           4 / 2              0 / 0              0 / 0        
[2026-04-03T01:57:37.901+0600][16.241s][info][gc,heap     ] GC(16) y: Min Capacity: 8M(1%)
[2026-04-03T01:57:37.901+0600][16.241s][info][gc,heap     ] GC(16) y: Max Capacity: 1000M(100%)
[2026-04-03T01:57:37.901+0600][16.241s][info][gc,heap     ] GC(16) y: Soft Max Capacity: 1000M(100%)
[2026-04-03T01:57:37.901+0600][16.241s][info][gc,heap     ] GC(16) y: Heap Statistics:
[2026-04-03T01:57:37.901+0600][16.241s][info][gc,heap     ] GC(16) y:                Mark Start          Mark End        Relocate Start      Relocate End           High               Low         
[2026-04-03T01:57:37.901+0600][16.241s][info][gc,heap     ] GC(16) y:  Capacity:      852M (85%)         852M (85%)         852M (85%)         852M (85%)         852M (85%)         852M (85%)    
[2026-04-03T01:57:37.901+0600][16.241s][info][gc,heap     ] GC(16) y:      Free:      800M (80%)         772M (77%)         782M (78%)         794M (79%)         802M (80%)         768M (77%)    
[2026-04-03T01:57:37.901+0600][16.241s][info][gc,heap     ] GC(16) y:      Used:      200M (20%)         228M (23%)         218M (22%)         206M (21%)         232M (23%)         198M (20%)    
[2026-04-03T01:57:37.901+0600][16.241s][info][gc,heap     ] GC(16) y: Young Generation Statistics:
[2026-04-03T01:57:37.901+0600][16.241s][info][gc,heap     ] GC(16) y:                Mark Start          Mark End        Relocate Start      Relocate End    
[2026-04-03T01:57:37.901+0600][16.241s][info][gc,heap     ] GC(16) y:      Used:      146M (15%)         174M (17%)          72M (7%)           50M (5%)     
[2026-04-03T01:57:37.901+0600][16.241s][info][gc,heap     ] GC(16) y:      Live:         -                90M (9%)            1M (0%)            0M (0%)     
[2026-04-03T01:57:37.901+0600][16.241s][info][gc,heap     ] GC(16) y:   Garbage:         -                55M (6%)           36M (4%)            0M (0%)     
[2026-04-03T01:57:37.901+0600][16.241s][info][gc,heap     ] GC(16) y: Allocated:         -                28M (3%)           34M (3%)           49M (5%)     
[2026-04-03T01:57:37.901+0600][16.241s][info][gc,heap     ] GC(16) y: Reclaimed:         -                  -                19M (2%)           55M (6%)     
[2026-04-03T01:57:37.901+0600][16.241s][info][gc,heap     ] GC(16) y:  Promoted:         -                  -                88M (9%)           89M (9%)     
[2026-04-03T01:57:37.901+0600][16.241s][info][gc,heap     ] GC(16) y: Compacted:         -                  -                  -                 0M (0%)     
[2026-04-03T01:57:37.901+0600][16.241s][info][gc,phases   ] GC(16) y: Young Generation 200M(20%)->206M(21%) 0.223s
[2026-04-03T01:57:37.901+0600][16.241s][info][gc          ] GC(16) Minor Collection (Allocation Rate) 200M(20%)->206M(21%) 0.223s
[2026-04-03T01:57:37.910+0600][16.249s][info][gc          ] GC(17) Major Collection (Allocation Rate)
[2026-04-03T01:57:37.910+0600][16.249s][info][gc,task     ] GC(17) Using 3 Workers for Young Generation
[2026-04-03T01:57:37.910+0600][16.249s][info][gc,task     ] GC(17) Using 2 Workers for Old Generation
[2026-04-03T01:57:37.910+0600][16.249s][info][gc,phases   ] GC(17) Y: Young Generation
[2026-04-03T01:57:37.910+0600][16.250s][info][gc,phases   ] GC(17) Y: Pause Mark Start (Major) 0.028ms
[2026-04-03T01:57:37.922+0600][16.262s][info][gc,phases   ] GC(17) Y: Concurrent Mark 11.799ms
[2026-04-03T01:57:37.922+0600][16.262s][info][gc,phases   ] GC(17) Y: Pause Mark End 0.027ms
[2026-04-03T01:57:37.923+0600][16.262s][info][gc,phases   ] GC(17) Y: Concurrent Mark Free 0.003ms
[2026-04-03T01:57:37.923+0600][16.262s][info][gc,phases   ] GC(17) Y: Concurrent Reset Relocation Set 0.075ms
[2026-04-03T01:57:37.926+0600][16.265s][info][gc,reloc    ] GC(17) Y: Using tenuring threshold: 2 (Computed)
[2026-04-03T01:57:37.926+0600][16.266s][info][gc,phases   ] GC(17) Y: Concurrent Select Relocation Set 3.546ms
[2026-04-03T01:57:37.927+0600][16.266s][info][gc,phases   ] GC(17) Y: Pause Relocate Start 0.022ms
[2026-04-03T01:57:37.928+0600][16.267s][info][gc,phases   ] GC(17) Y: Concurrent Relocate 1.258ms
[2026-04-03T01:57:37.928+0600][16.267s][info][gc,alloc    ] GC(17) Y:                         Mark Start        Mark End      Relocate Start    Relocate End   
[2026-04-03T01:57:37.928+0600][16.267s][info][gc,alloc    ] GC(17) Y: Allocation Stalls:          0                0                0                0         
[2026-04-03T01:57:37.928+0600][16.267s][info][gc,load     ] GC(17) Y: Load: 2.52 (21%) / 5.47 (46%) / 6.63 (55%)
[2026-04-03T01:57:37.928+0600][16.268s][info][gc,mmu      ] GC(17) Y: MMU: 2ms/94.2%, 5ms/97.6%, 10ms/98.8%, 20ms/99.2%, 50ms/99.6%, 100ms/99.7%
[2026-04-03T01:57:37.928+0600][16.268s][info][gc,marking  ] GC(17) Y: Mark: 2 stripe(s), 2 proactive flush(es), 1 terminate flush(es), 0 completion(s), 0 continuation(s) 
[2026-04-03T01:57:37.928+0600][16.268s][info][gc,marking  ] GC(17) Y: Mark Stack Usage: 32M
[2026-04-03T01:57:37.928+0600][16.268s][info][gc,nmethod  ] GC(17) Y: NMethods: 4806 registered, 283 unregistered
[2026-04-03T01:57:37.928+0600][16.268s][info][gc,metaspace] GC(17) Y: Metaspace: 62M used, 63M committed, 1088M reserved
[2026-04-03T01:57:37.928+0600][16.268s][info][gc,reloc    ] GC(17) Y:                        Candidates     Selected     In-Place         Size        Empty    Relocated 
[2026-04-03T01:57:37.928+0600][16.268s][info][gc,reloc    ] GC(17) Y: Small Pages:                   23           22            0          46M           0M           1M 
[2026-04-03T01:57:37.928+0600][16.268s][info][gc,reloc    ] GC(17) Y: Medium Pages:                   0            0            0           0M           0M           0M 
[2026-04-03T01:57:37.928+0600][16.268s][info][gc,reloc    ] GC(17) Y: Large Pages:                    1            0            0           6M           6M           0M 
[2026-04-03T01:57:37.928+0600][16.268s][info][gc,reloc    ] GC(17) Y: Forwarding Usage: 0M
[2026-04-03T01:57:37.928+0600][16.268s][info][gc,reloc    ] GC(17) Y: Age Table:
[2026-04-03T01:57:37.928+0600][16.268s][info][gc,reloc    ] GC(17) Y:                    Live             Garbage             Small              Medium             Large        
[2026-04-03T01:57:37.928+0600][16.268s][info][gc,reloc    ] GC(17) Y: Eden               0M (0%)           43M (4%)          19 / 18             0 / 0              1 / 0        
[2026-04-03T01:57:37.928+0600][16.268s][info][gc,reloc    ] GC(17) Y: Survivor 1         0M (0%)            7M (1%)           4 / 4              0 / 0              0 / 0        
[2026-04-03T01:57:37.928+0600][16.268s][info][gc,heap     ] GC(17) Y: Min Capacity: 8M(1%)
[2026-04-03T01:57:37.928+0600][16.268s][info][gc,heap     ] GC(17) Y: Max Capacity: 1000M(100%)
[2026-04-03T01:57:37.928+0600][16.268s][info][gc,heap     ] GC(17) Y: Soft Max Capacity: 1000M(100%)
[2026-04-03T01:57:37.928+0600][16.268s][info][gc,heap     ] GC(17) Y: Heap Statistics:
[2026-04-03T01:57:37.928+0600][16.268s][info][gc,heap     ] GC(17) Y:                Mark Start          Mark End        Relocate Start      Relocate End           High               Low         
[2026-04-03T01:57:37.928+0600][16.268s][info][gc,heap     ] GC(17) Y:  Capacity:      852M (85%)         852M (85%)         852M (85%)         852M (85%)         852M (85%)         852M (85%)    
[2026-04-03T01:57:37.928+0600][16.268s][info][gc,heap     ] GC(17) Y:      Free:      792M (79%)         788M (79%)         792M (79%)         822M (82%)         822M (82%)         784M (78%)    
[2026-04-03T01:57:37.928+0600][16.268s][info][gc,heap     ] GC(17) Y:      Used:      208M (21%)         212M (21%)         208M (21%)         178M (18%)         216M (22%)         178M (18%)    
[2026-04-03T01:57:37.928+0600][16.268s][info][gc,heap     ] GC(17) Y: Young Generation Statistics:
[2026-04-03T01:57:37.928+0600][16.268s][info][gc,heap     ] GC(17) Y:                Mark Start          Mark End        Relocate Start      Relocate End    
[2026-04-03T01:57:37.928+0600][16.268s][info][gc,heap     ] GC(17) Y:      Used:       52M (5%)           56M (6%)           52M (5%)           22M (2%)     
[2026-04-03T01:57:37.928+0600][16.268s][info][gc,heap     ] GC(17) Y:      Live:         -                 1M (0%)            1M (0%)            1M (0%)     
[2026-04-03T01:57:37.928+0600][16.268s][info][gc,heap     ] GC(17) Y:   Garbage:         -                50M (5%)           44M (4%)            0M (0%)     
[2026-04-03T01:57:37.928+0600][16.268s][info][gc,heap     ] GC(17) Y: Allocated:         -                 4M (0%)            6M (1%)           20M (2%)     
[2026-04-03T01:57:37.928+0600][16.268s][info][gc,heap     ] GC(17) Y: Reclaimed:         -                  -                 6M (1%)           50M (5%)     
[2026-04-03T01:57:37.928+0600][16.268s][info][gc,heap     ] GC(17) Y:  Promoted:         -                  -                 0M (0%)            0M (0%)     
[2026-04-03T01:57:37.928+0600][16.268s][info][gc,heap     ] GC(17) Y: Compacted:         -                  -                  -                 1M (0%)     
[2026-04-03T01:57:37.928+0600][16.268s][info][gc,phases   ] GC(17) Y: Young Generation 208M(21%)->178M(18%) 0.018s
[2026-04-03T01:57:37.928+0600][16.268s][info][gc,phases   ] GC(17) O: Old Generation
[2026-04-03T01:57:38.014+0600][16.353s][info][gc          ] GC(18) Minor Collection (Allocation Rate)
[2026-04-03T01:57:38.014+0600][16.353s][info][gc,task     ] GC(18) Using 1 Workers for Young Generation
[2026-04-03T01:57:38.014+0600][16.353s][info][gc,phases   ] GC(18) y: Young Generation
[2026-04-03T01:57:38.014+0600][16.354s][info][gc,phases   ] GC(18) y: Pause Mark Start 0.057ms
[2026-04-03T01:57:38.039+0600][16.378s][info][gc,phases   ] GC(18) y: Concurrent Mark 24.173ms
[2026-04-03T01:57:38.039+0600][16.378s][info][gc,phases   ] GC(18) y: Pause Mark End 0.027ms
[2026-04-03T01:57:38.039+0600][16.378s][info][gc,phases   ] GC(18) y: Concurrent Mark Free 0.003ms
[2026-04-03T01:57:38.039+0600][16.378s][info][gc,phases   ] GC(18) y: Concurrent Reset Relocation Set 0.009ms
[2026-04-03T01:57:38.045+0600][16.385s][info][gc,reloc    ] GC(18) y: Using tenuring threshold: 3 (Computed)
[2026-04-03T01:57:38.046+0600][16.386s][info][gc,phases   ] GC(18) y: Concurrent Select Relocation Set 7.247ms
[2026-04-03T01:57:38.047+0600][16.386s][info][gc,phases   ] GC(18) y: Pause Relocate Start 0.089ms
[2026-04-03T01:57:38.054+0600][16.393s][info][gc,phases   ] GC(18) y: Concurrent Relocate 6.747ms
[2026-04-03T01:57:38.054+0600][16.393s][info][gc,alloc    ] GC(18) y:                         Mark Start        Mark End      Relocate Start    Relocate End   
[2026-04-03T01:57:38.054+0600][16.393s][info][gc,alloc    ] GC(18) y: Allocation Stalls:          0                0                0                0         
[2026-04-03T01:57:38.054+0600][16.393s][info][gc,load     ] GC(18) y: Load: 2.52 (21%) / 5.47 (46%) / 6.63 (55%)
[2026-04-03T01:57:38.054+0600][16.393s][info][gc,mmu      ] GC(18) y: MMU: 2ms/94.2%, 5ms/97.6%, 10ms/98.8%, 20ms/99.2%, 50ms/99.6%, 100ms/99.7%
[2026-04-03T01:57:38.054+0600][16.393s][info][gc,marking  ] GC(18) y: Mark: 1 stripe(s), 2 proactive flush(es), 1 terminate flush(es), 0 completion(s), 0 continuation(s) 
[2026-04-03T01:57:38.054+0600][16.393s][info][gc,marking  ] GC(18) y: Mark Stack Usage: 32M
[2026-04-03T01:57:38.054+0600][16.393s][info][gc,nmethod  ] GC(18) y: NMethods: 4823 registered, 283 unregistered
[2026-04-03T01:57:38.054+0600][16.393s][info][gc,metaspace] GC(18) y: Metaspace: 62M used, 63M committed, 1088M reserved
[2026-04-03T01:57:38.054+0600][16.393s][info][gc,reloc    ] GC(18) y:                        Candidates     Selected     In-Place         Size        Empty    Relocated 
[2026-04-03T01:57:38.054+0600][16.393s][info][gc,reloc    ] GC(18) y: Small Pages:                   26           21            0          52M           6M           2M 
[2026-04-03T01:57:38.054+0600][16.393s][info][gc,reloc    ] GC(18) y: Medium Pages:                   0            0            0           0M           0M           0M 
[2026-04-03T01:57:38.054+0600][16.393s][info][gc,reloc    ] GC(18) y: Large Pages:                    0            0            0           0M           0M           0M 
[2026-04-03T01:57:38.054+0600][16.393s][info][gc,reloc    ] GC(18) y: Forwarding Usage: 0M
[2026-04-03T01:57:38.054+0600][16.393s][info][gc,reloc    ] GC(18) y: Age Table:
[2026-04-03T01:57:38.054+0600][16.393s][info][gc,reloc    ] GC(18) y:                    Live             Garbage             Small              Medium             Large        
[2026-04-03T01:57:38.054+0600][16.393s][info][gc,reloc    ] GC(18) y: Eden               0M (0%)           35M (4%)          18 / 14             0 / 0              0 / 0        
[2026-04-03T01:57:38.054+0600][16.393s][info][gc,reloc    ] GC(18) y: Survivor 1         0M (0%)            9M (1%)           5 / 5              0 / 0              0 / 0        
[2026-04-03T01:57:38.054+0600][16.393s][info][gc,reloc    ] GC(18) y: Survivor 2         0M (0%)            5M (1%)           3 / 2              0 / 0              0 / 0        
[2026-04-03T01:57:38.054+0600][16.393s][info][gc,heap     ] GC(18) y: Min Capacity: 8M(1%)
[2026-04-03T01:57:38.054+0600][16.393s][info][gc,heap     ] GC(18) y: Max Capacity: 1000M(100%)
[2026-04-03T01:57:38.054+0600][16.393s][info][gc,heap     ] GC(18) y: Soft Max Capacity: 1000M(100%)
[2026-04-03T01:57:38.054+0600][16.394s][info][gc,heap     ] GC(18) y: Heap Statistics:
[2026-04-03T01:57:38.054+0600][16.394s][info][gc,heap     ] GC(18) y:                Mark Start          Mark End        Relocate Start      Relocate End           High               Low         
[2026-04-03T01:57:38.054+0600][16.394s][info][gc,heap     ] GC(18) y:  Capacity:      852M (85%)         852M (85%)         852M (85%)         852M (85%)         852M (85%)         852M (85%)    
[2026-04-03T01:57:38.054+0600][16.394s][info][gc,heap     ] GC(18) y:      Free:      792M (79%)         780M (78%)         784M (78%)         812M (81%)         812M (81%)         776M (78%)    
[2026-04-03T01:57:38.054+0600][16.394s][info][gc,heap     ] GC(18) y:      Used:      208M (21%)         220M (22%)         216M (22%)         188M (19%)         224M (22%)         188M (19%)    
[2026-04-03T01:57:38.054+0600][16.394s][info][gc,heap     ] GC(18) y: Young Generation Statistics:
[2026-04-03T01:57:38.054+0600][16.394s][info][gc,heap     ] GC(18) y:                Mark Start          Mark End        Relocate Start      Relocate End    
[2026-04-03T01:57:38.054+0600][16.394s][info][gc,heap     ] GC(18) y:      Used:       52M (5%)           64M (6%)           60M (6%)           32M (3%)     
[2026-04-03T01:57:38.054+0600][16.394s][info][gc,heap     ] GC(18) y:      Live:         -                 2M (0%)            2M (0%)            2M (0%)     
[2026-04-03T01:57:38.054+0600][16.394s][info][gc,heap     ] GC(18) y:   Garbage:         -                49M (5%)           43M (4%)            0M (0%)     
[2026-04-03T01:57:38.054+0600][16.394s][info][gc,heap     ] GC(18) y: Allocated:         -                12M (1%)           14M (1%)           29M (3%)     
[2026-04-03T01:57:38.054+0600][16.394s][info][gc,heap     ] GC(18) y: Reclaimed:         -                  -                 6M (1%)           49M (5%)     
[2026-04-03T01:57:38.054+0600][16.394s][info][gc,heap     ] GC(18) y:  Promoted:         -                  -                 0M (0%)            0M (0%)     
[2026-04-03T01:57:38.054+0600][16.394s][info][gc,heap     ] GC(18) y: Compacted:         -                  -                  -                 2M (0%)     
[2026-04-03T01:57:38.054+0600][16.394s][info][gc,phases   ] GC(18) y: Young Generation 208M(21%)->188M(19%) 0.040s
[2026-04-03T01:57:38.054+0600][16.394s][info][gc          ] GC(18) Minor Collection (Allocation Rate) 208M(21%)->188M(19%) 0.041s
[2026-04-03T01:57:38.060+0600][16.399s][info][gc          ] GC(19) Minor Collection (Allocation Rate)
[2026-04-03T01:57:38.060+0600][16.399s][info][gc,task     ] GC(19) Using 1 Workers for Young Generation
[2026-04-03T01:57:38.060+0600][16.399s][info][gc,phases   ] GC(19) y: Young Generation
[2026-04-03T01:57:38.061+0600][16.400s][info][gc,phases   ] GC(19) y: Pause Mark Start 0.026ms
[2026-04-03T01:57:38.097+0600][16.437s][info][gc,phases   ] GC(19) y: Concurrent Mark 36.216ms
[2026-04-03T01:57:38.098+0600][16.437s][info][gc,phases   ] GC(19) y: Pause Mark End 0.057ms
[2026-04-03T01:57:38.098+0600][16.437s][info][gc,phases   ] GC(19) y: Concurrent Mark Free 0.002ms
[2026-04-03T01:57:38.098+0600][16.437s][info][gc,phases   ] GC(19) y: Concurrent Reset Relocation Set 0.020ms
[2026-04-03T01:57:38.104+0600][16.444s][info][gc,reloc    ] GC(19) y: Using tenuring threshold: 4 (Computed)
[2026-04-03T01:57:38.106+0600][16.445s][info][gc,phases   ] GC(19) y: Concurrent Select Relocation Set 7.913ms
[2026-04-03T01:57:38.106+0600][16.445s][info][gc,phases   ] GC(19) y: Pause Relocate Start 0.027ms
[2026-04-03T01:57:38.113+0600][16.453s][info][gc,phases   ] GC(17) O: Concurrent Mark 184.654ms
[2026-04-03T01:57:38.114+0600][16.454s][info][gc,phases   ] GC(17) O: Pause Mark End 0.044ms
[2026-04-03T01:57:38.114+0600][16.454s][info][gc,phases   ] GC(17) O: Concurrent Mark Free 0.004ms
[2026-04-03T01:57:38.116+0600][16.456s][info][gc,phases   ] GC(19) y: Concurrent Relocate 10.315ms
[2026-04-03T01:57:38.117+0600][16.456s][info][gc,alloc    ] GC(19) y:                         Mark Start        Mark End      Relocate Start    Relocate End   
[2026-04-03T01:57:38.117+0600][16.456s][info][gc,alloc    ] GC(19) y: Allocation Stalls:          0                0                0                0         
[2026-04-03T01:57:38.117+0600][16.456s][info][gc,load     ] GC(19) y: Load: 2.52 (21%) / 5.47 (46%) / 6.63 (55%)
[2026-04-03T01:57:38.117+0600][16.456s][info][gc,mmu      ] GC(19) y: MMU: 2ms/94.2%, 5ms/97.6%, 10ms/98.8%, 20ms/99.2%, 50ms/99.6%, 100ms/99.7%
[2026-04-03T01:57:38.117+0600][16.456s][info][gc,marking  ] GC(19) y: Mark: 1 stripe(s), 2 proactive flush(es), 1 terminate flush(es), 0 completion(s), 0 continuation(s) 
[2026-04-03T01:57:38.117+0600][16.456s][info][gc,marking  ] GC(19) y: Mark Stack Usage: 32M
[2026-04-03T01:57:38.117+0600][16.456s][info][gc,nmethod  ] GC(19) y: NMethods: 4823 registered, 283 unregistered
[2026-04-03T01:57:38.117+0600][16.456s][info][gc,metaspace] GC(19) y: Metaspace: 62M used, 63M committed, 1088M reserved
[2026-04-03T01:57:38.117+0600][16.456s][info][gc,reloc    ] GC(19) y:                        Candidates     Selected     In-Place         Size        Empty    Relocated 
[2026-04-03T01:57:38.117+0600][16.456s][info][gc,reloc    ] GC(19) y: Small Pages:                   18           16            0          36M           0M           2M 
[2026-04-03T01:57:38.117+0600][16.456s][info][gc,reloc    ] GC(19) y: Medium Pages:                   1            0            0          16M           0M           0M 
[2026-04-03T01:57:38.117+0600][16.456s][info][gc,reloc    ] GC(19) y: Large Pages:                    0            0            0           0M           0M           0M 
[2026-04-03T01:57:38.117+0600][16.456s][info][gc,reloc    ] GC(19) y: Forwarding Usage: 1M
[2026-04-03T01:57:38.117+0600][16.456s][info][gc,reloc    ] GC(19) y: Age Table:
[2026-04-03T01:57:38.117+0600][16.456s][info][gc,reloc    ] GC(19) y:                    Live             Garbage             Small              Medium             Large        
[2026-04-03T01:57:38.117+0600][16.456s][info][gc,reloc    ] GC(19) y: Eden               1M (0%)           34M (3%)          10 / 10             1 / 0              0 / 0        
[2026-04-03T01:57:38.117+0600][16.456s][info][gc,reloc    ] GC(19) y: Survivor 1         0M (0%)            3M (0%)           2 / 1              0 / 0              0 / 0        
[2026-04-03T01:57:38.117+0600][16.456s][info][gc,reloc    ] GC(19) y: Survivor 2         0M (0%)            5M (1%)           3 / 3              0 / 0              0 / 0        
[2026-04-03T01:57:38.117+0600][16.456s][info][gc,reloc    ] GC(19) y: Survivor 3         0M (0%)            5M (1%)           3 / 2              0 / 0              0 / 0        
[2026-04-03T01:57:38.117+0600][16.456s][info][gc,heap     ] GC(19) y: Min Capacity: 8M(1%)
[2026-04-03T01:57:38.117+0600][16.456s][info][gc,heap     ] GC(19) y: Max Capacity: 1000M(100%)
[2026-04-03T01:57:38.117+0600][16.456s][info][gc,heap     ] GC(19) y: Soft Max Capacity: 1000M(100%)
[2026-04-03T01:57:38.117+0600][16.456s][info][gc,heap     ] GC(19) y: Heap Statistics:
[2026-04-03T01:57:38.117+0600][16.456s][info][gc,heap     ] GC(19) y:                Mark Start          Mark End        Relocate Start      Relocate End           High               Low         
[2026-04-03T01:57:38.117+0600][16.456s][info][gc,heap     ] GC(19) y:  Capacity:      852M (85%)         852M (85%)         852M (85%)         852M (85%)         852M (85%)         852M (85%)    
[2026-04-03T01:57:38.117+0600][16.456s][info][gc,heap     ] GC(19) y:      Free:      792M (79%)         778M (78%)         776M (78%)         780M (78%)         792M (79%)         764M (76%)    
[2026-04-03T01:57:38.117+0600][16.456s][info][gc,heap     ] GC(19) y:      Used:      208M (21%)         222M (22%)         224M (22%)         220M (22%)         236M (24%)         208M (21%)    
[2026-04-03T01:57:38.117+0600][16.456s][info][gc,heap     ] GC(19) y: Young Generation Statistics:
[2026-04-03T01:57:38.117+0600][16.457s][info][gc,heap     ] GC(19) y:                Mark Start          Mark End        Relocate Start      Relocate End    
[2026-04-03T01:57:38.117+0600][16.457s][info][gc,heap     ] GC(19) y:      Used:       52M (5%)           66M (7%)           68M (7%)           64M (6%)     
[2026-04-03T01:57:38.117+0600][16.457s][info][gc,heap     ] GC(19) y:      Live:         -                 3M (0%)            3M (0%)            3M (0%)     
[2026-04-03T01:57:38.117+0600][16.457s][info][gc,heap     ] GC(19) y:   Garbage:         -                48M (5%)           48M (5%)           15M (2%)     
[2026-04-03T01:57:38.117+0600][16.457s][info][gc,heap     ] GC(19) y: Allocated:         -                14M (1%)           16M (2%)           44M (4%)     
[2026-04-03T01:57:38.117+0600][16.457s][info][gc,heap     ] GC(19) y: Reclaimed:         -                  -                 0M (0%)           32M (3%)     
[2026-04-03T01:57:38.117+0600][16.457s][info][gc,heap     ] GC(19) y:  Promoted:         -                  -                 0M (0%)            0M (0%)     
[2026-04-03T01:57:38.117+0600][16.457s][info][gc,heap     ] GC(19) y: Compacted:         -                  -                  -                 3M (0%)     
[2026-04-03T01:57:38.117+0600][16.457s][info][gc,phases   ] GC(19) y: Young Generation 208M(21%)->220M(22%) 0.057s
[2026-04-03T01:57:38.117+0600][16.457s][info][gc          ] GC(19) Minor Collection (Allocation Rate) 208M(21%)->220M(22%) 0.057s
[2026-04-03T01:57:38.117+0600][16.457s][info][gc          ] GC(20) Minor Collection (Allocation Rate)
[2026-04-03T01:57:38.117+0600][16.457s][info][gc,task     ] GC(20) Using 1 Workers for Young Generation
[2026-04-03T01:57:38.117+0600][16.457s][info][gc,phases   ] GC(20) y: Young Generation
[2026-04-03T01:57:38.127+0600][16.467s][info][gc,phases   ] GC(20) y: Pause Mark Start 0.040ms
[2026-04-03T01:57:38.138+0600][16.477s][info][gc,phases   ] GC(17) O: Concurrent Process Non-Strong 23.448ms
[2026-04-03T01:57:38.138+0600][16.478s][info][gc,phases   ] GC(17) O: Concurrent Reset Relocation Set 0.004ms
[2026-04-03T01:57:38.145+0600][16.485s][info][gc,phases   ] GC(17) O: Concurrent Select Relocation Set 7.174ms
[2026-04-03T01:57:38.167+0600][16.507s][info][gc,phases   ] GC(20) y: Concurrent Mark 39.787ms
[2026-04-03T01:57:38.168+0600][16.507s][info][gc,phases   ] GC(20) y: Pause Mark End 0.024ms
[2026-04-03T01:57:38.168+0600][16.507s][info][gc,phases   ] GC(20) y: Concurrent Mark Free 0.001ms
[2026-04-03T01:57:38.168+0600][16.507s][info][gc,phases   ] GC(20) y: Concurrent Reset Relocation Set 0.003ms
[2026-04-03T01:57:38.170+0600][16.510s][info][gc,reloc    ] GC(20) y: Using tenuring threshold: 2 (Computed)
[2026-04-03T01:57:38.175+0600][16.515s][info][gc,phases   ] GC(20) y: Concurrent Select Relocation Set 7.720ms
[2026-04-03T01:57:38.176+0600][16.515s][info][gc,phases   ] GC(20) y: Pause Relocate Start 0.082ms
[2026-04-03T01:57:38.194+0600][16.533s][info][gc,phases   ] GC(20) y: Concurrent Relocate 17.553ms
[2026-04-03T01:57:38.194+0600][16.533s][info][gc,alloc    ] GC(20) y:                         Mark Start        Mark End      Relocate Start    Relocate End   
[2026-04-03T01:57:38.194+0600][16.533s][info][gc,alloc    ] GC(20) y: Allocation Stalls:          0                0                0                0         
[2026-04-03T01:57:38.194+0600][16.533s][info][gc,load     ] GC(20) y: Load: 2.52 (21%) / 5.47 (46%) / 6.63 (55%)
[2026-04-03T01:57:38.194+0600][16.533s][info][gc,mmu      ] GC(20) y: MMU: 2ms/94.2%, 5ms/97.6%, 10ms/98.8%, 20ms/99.2%, 50ms/99.6%, 100ms/99.7%
[2026-04-03T01:57:38.194+0600][16.533s][info][gc,marking  ] GC(20) y: Mark: 1 stripe(s), 3 proactive flush(es), 1 terminate flush(es), 0 completion(s), 0 continuation(s) 
[2026-04-03T01:57:38.194+0600][16.533s][info][gc,marking  ] GC(20) y: Mark Stack Usage: 32M
[2026-04-03T01:57:38.194+0600][16.533s][info][gc,nmethod  ] GC(20) y: NMethods: 4507 registered, 613 unregistered
[2026-04-03T01:57:38.194+0600][16.533s][info][gc,metaspace] GC(20) y: Metaspace: 62M used, 63M committed, 1088M reserved
[2026-04-03T01:57:38.194+0600][16.533s][info][gc,reloc    ] GC(20) y:                        Candidates     Selected     In-Place         Size        Empty    Relocated 
[2026-04-03T01:57:38.194+0600][16.533s][info][gc,reloc    ] GC(20) y: Small Pages:                   26           22            0          52M           2M           2M 
[2026-04-03T01:57:38.194+0600][16.533s][info][gc,reloc    ] GC(20) y: Medium Pages:                   1            0            0          16M           0M           0M 
[2026-04-03T01:57:38.194+0600][16.533s][info][gc,reloc    ] GC(20) y: Large Pages:                    0            0            0           0M           0M           0M 
[2026-04-03T01:57:38.194+0600][16.533s][info][gc,reloc    ] GC(20) y: Forwarding Usage: 1M
[2026-04-03T01:57:38.194+0600][16.533s][info][gc,reloc    ] GC(20) y: Age Table:
[2026-04-03T01:57:38.194+0600][16.533s][info][gc,reloc    ] GC(20) y:                    Live             Garbage             Small              Medium             Large        
[2026-04-03T01:57:38.194+0600][16.533s][info][gc,reloc    ] GC(20) y: Eden               0M (0%)           25M (3%)          13 / 11             0 / 0              0 / 0        
[2026-04-03T01:57:38.194+0600][16.533s][info][gc,reloc    ] GC(20) y: Survivor 1         1M (0%)           18M (2%)           2 / 1              1 / 0              0 / 0        
[2026-04-03T01:57:38.194+0600][16.533s][info][gc,reloc    ] GC(20) y: Survivor 2         0M (0%)            3M (0%)           2 / 2              0 / 0              0 / 0        
[2026-04-03T01:57:38.194+0600][16.533s][info][gc,reloc    ] GC(20) y: Survivor 3         0M (0%)           11M (1%)           6 / 5              0 / 0              0 / 0        
[2026-04-03T01:57:38.194+0600][16.533s][info][gc,reloc    ] GC(20) y: Survivor 4         0M (0%)            5M (1%)           3 / 3              0 / 0              0 / 0        
[2026-04-03T01:57:38.194+0600][16.533s][info][gc,heap     ] GC(20) y: Min Capacity: 8M(1%)
[2026-04-03T01:57:38.194+0600][16.533s][info][gc,heap     ] GC(20) y: Max Capacity: 1000M(100%)
[2026-04-03T01:57:38.194+0600][16.534s][info][gc,heap     ] GC(20) y: Soft Max Capacity: 1000M(100%)
[2026-04-03T01:57:38.194+0600][16.534s][info][gc,heap     ] GC(20) y: Heap Statistics:
[2026-04-03T01:57:38.194+0600][16.534s][info][gc,heap     ] GC(20) y:                Mark Start          Mark End        Relocate Start      Relocate End           High               Low         
[2026-04-03T01:57:38.194+0600][16.534s][info][gc,heap     ] GC(20) y:  Capacity:      852M (85%)         852M (85%)         852M (85%)         852M (85%)         852M (85%)         852M (85%)    
[2026-04-03T01:57:38.194+0600][16.534s][info][gc,heap     ] GC(20) y:      Free:      776M (78%)         734M (73%)         730M (73%)         750M (75%)         776M (78%)         722M (72%)    
[2026-04-03T01:57:38.194+0600][16.534s][info][gc,heap     ] GC(20) y:      Used:      224M (22%)         266M (27%)         270M (27%)         250M (25%)         278M (28%)         224M (22%)    
[2026-04-03T01:57:38.194+0600][16.534s][info][gc,heap     ] GC(20) y: Young Generation Statistics:
[2026-04-03T01:57:38.194+0600][16.534s][info][gc,heap     ] GC(20) y:                Mark Start          Mark End        Relocate Start      Relocate End    
[2026-04-03T01:57:38.194+0600][16.534s][info][gc,heap     ] GC(20) y:      Used:       68M (7%)          110M (11%)         114M (11%)          76M (8%)     
[2026-04-03T01:57:38.194+0600][16.534s][info][gc,heap     ] GC(20) y:      Live:         -                 4M (0%)            4M (0%)            2M (0%)     
[2026-04-03T01:57:38.194+0600][16.534s][info][gc,heap     ] GC(20) y:   Garbage:         -                63M (6%)           61M (6%)           16M (2%)     
[2026-04-03T01:57:38.194+0600][16.534s][info][gc,heap     ] GC(20) y: Allocated:         -                42M (4%)           48M (5%)           57M (6%)     
[2026-04-03T01:57:38.194+0600][16.534s][info][gc,heap     ] GC(20) y: Reclaimed:         -                  -                 2M (0%)           46M (5%)     
[2026-04-03T01:57:38.194+0600][16.534s][info][gc,heap     ] GC(20) y:  Promoted:         -                  -                 0M (0%)            2M (0%)     
[2026-04-03T01:57:38.194+0600][16.534s][info][gc,heap     ] GC(20) y: Compacted:         -                  -                  -                 0M (0%)     
[2026-04-03T01:57:38.194+0600][16.534s][info][gc,phases   ] GC(20) y: Young Generation 220M(22%)->250M(25%) 0.076s
[2026-04-03T01:57:38.194+0600][16.534s][info][gc          ] GC(20) Minor Collection (Allocation Rate) 220M(22%)->250M(25%) 0.077s
[2026-04-03T01:57:38.194+0600][16.534s][info][gc          ] GC(21) Minor Collection (Allocation Rate)
[2026-04-03T01:57:38.194+0600][16.534s][info][gc,task     ] GC(21) Using 1 Workers for Young Generation
[2026-04-03T01:57:38.194+0600][16.534s][info][gc,phases   ] GC(21) y: Young Generation
[2026-04-03T01:57:38.195+0600][16.534s][info][gc,phases   ] GC(21) y: Pause Mark Start 0.048ms
[2026-04-03T01:57:38.226+0600][16.565s][info][gc,phases   ] GC(21) y: Concurrent Mark 30.834ms
[2026-04-03T01:57:38.226+0600][16.565s][info][gc,phases   ] GC(21) y: Pause Mark End 0.042ms
[2026-04-03T01:57:38.226+0600][16.566s][info][gc,phases   ] GC(21) y: Concurrent Mark Free 0.002ms
[2026-04-03T01:57:38.226+0600][16.566s][info][gc,phases   ] GC(21) y: Concurrent Reset Relocation Set 0.005ms
[2026-04-03T01:57:38.233+0600][16.572s][info][gc,reloc    ] GC(21) y: Using tenuring threshold: 3 (Computed)
[2026-04-03T01:57:38.234+0600][16.574s][info][gc,phases   ] GC(21) y: Concurrent Select Relocation Set 7.944ms
[2026-04-03T01:57:38.234+0600][16.574s][info][gc,phases   ] GC(21) y: Pause Relocate Start 0.024ms
[2026-04-03T01:57:38.244+0600][16.583s][info][gc,phases   ] GC(21) y: Concurrent Relocate 9.500ms
[2026-04-03T01:57:38.244+0600][16.584s][info][gc,alloc    ] GC(21) y:                         Mark Start        Mark End      Relocate Start    Relocate End   
[2026-04-03T01:57:38.244+0600][16.584s][info][gc,alloc    ] GC(21) y: Allocation Stalls:          0                0                0                0         
[2026-04-03T01:57:38.244+0600][16.584s][info][gc,load     ] GC(21) y: Load: 2.52 (21%) / 5.47 (46%) / 6.63 (55%)
[2026-04-03T01:57:38.244+0600][16.584s][info][gc,mmu      ] GC(21) y: MMU: 2ms/94.2%, 5ms/97.6%, 10ms/98.8%, 20ms/99.2%, 50ms/99.6%, 100ms/99.7%
[2026-04-03T01:57:38.244+0600][16.584s][info][gc,marking  ] GC(21) y: Mark: 1 stripe(s), 2 proactive flush(es), 1 terminate flush(es), 0 completion(s), 0 continuation(s) 
[2026-04-03T01:57:38.244+0600][16.584s][info][gc,marking  ] GC(21) y: Mark Stack Usage: 32M
[2026-04-03T01:57:38.244+0600][16.584s][info][gc,nmethod  ] GC(21) y: NMethods: 4509 registered, 613 unregistered
[2026-04-03T01:57:38.244+0600][16.584s][info][gc,metaspace] GC(21) y: Metaspace: 62M used, 63M committed, 1088M reserved
[2026-04-03T01:57:38.244+0600][16.584s][info][gc,reloc    ] GC(21) y:                        Candidates     Selected     In-Place         Size        Empty    Relocated 
[2026-04-03T01:57:38.244+0600][16.584s][info][gc,reloc    ] GC(21) y: Small Pages:                   22           20            0          44M           0M           1M 
[2026-04-03T01:57:38.244+0600][16.584s][info][gc,reloc    ] GC(21) y: Medium Pages:                   2            0            0          32M          16M           0M 
[2026-04-03T01:57:38.244+0600][16.584s][info][gc,reloc    ] GC(21) y: Large Pages:                    0            0            0           0M           0M           0M 
[2026-04-03T01:57:38.244+0600][16.584s][info][gc,reloc    ] GC(21) y: Forwarding Usage: 1M
[2026-04-03T01:57:38.244+0600][16.584s][info][gc,reloc    ] GC(21) y: Age Table:
[2026-04-03T01:57:38.244+0600][16.584s][info][gc,reloc    ] GC(21) y:                    Live             Garbage             Small              Medium             Large        
[2026-04-03T01:57:38.244+0600][16.584s][info][gc,reloc    ] GC(21) y: Eden               1M (0%)           50M (5%)          18 / 17             1 / 0              0 / 0        
[2026-04-03T01:57:38.244+0600][16.584s][info][gc,reloc    ] GC(21) y: Survivor 1         0M (0%)            3M (0%)           2 / 2              0 / 0              0 / 0        
[2026-04-03T01:57:38.244+0600][16.584s][info][gc,reloc    ] GC(21) y: Survivor 2         0M (0%)           19M (2%)           2 / 1              1 / 0              0 / 0        
[2026-04-03T01:57:38.244+0600][16.584s][info][gc,heap     ] GC(21) y: Min Capacity: 8M(1%)
[2026-04-03T01:57:38.244+0600][16.584s][info][gc,heap     ] GC(21) y: Max Capacity: 1000M(100%)
[2026-04-03T01:57:38.244+0600][16.584s][info][gc,heap     ] GC(21) y: Soft Max Capacity: 1000M(100%)
[2026-04-03T01:57:38.244+0600][16.584s][info][gc,heap     ] GC(21) y: Heap Statistics:
[2026-04-03T01:57:38.244+0600][16.584s][info][gc,heap     ] GC(21) y:                Mark Start          Mark End        Relocate Start      Relocate End           High               Low         
[2026-04-03T01:57:38.244+0600][16.584s][info][gc,heap     ] GC(21) y:  Capacity:      852M (85%)         852M (85%)         852M (85%)         852M (85%)         852M (85%)         852M (85%)    
[2026-04-03T01:57:38.244+0600][16.584s][info][gc,heap     ] GC(21) y:      Free:      750M (75%)         734M (73%)         746M (75%)         774M (77%)         774M (77%)         732M (73%)    
[2026-04-03T01:57:38.244+0600][16.584s][info][gc,heap     ] GC(21) y:      Used:      250M (25%)         266M (27%)         254M (25%)         226M (23%)         268M (27%)         226M (23%)    
[2026-04-03T01:57:38.244+0600][16.584s][info][gc,heap     ] GC(21) y: Young Generation Statistics:
[2026-04-03T01:57:38.244+0600][16.584s][info][gc,heap     ] GC(21) y:                Mark Start          Mark End        Relocate Start      Relocate End    
[2026-04-03T01:57:38.244+0600][16.584s][info][gc,heap     ] GC(21) y:      Used:       76M (8%)           92M (9%)           80M (8%)           52M (5%)     
[2026-04-03T01:57:38.244+0600][16.584s][info][gc,heap     ] GC(21) y:      Live:         -                 3M (0%)            3M (0%)            3M (0%)     
[2026-04-03T01:57:38.244+0600][16.584s][info][gc,heap     ] GC(21) y:   Garbage:         -                72M (7%)           56M (6%)           15M (2%)     
[2026-04-03T01:57:38.245+0600][16.584s][info][gc,heap     ] GC(21) y: Allocated:         -                16M (2%)           20M (2%)           33M (3%)     
[2026-04-03T01:57:38.245+0600][16.584s][info][gc,heap     ] GC(21) y: Reclaimed:         -                  -                16M (2%)           57M (6%)     
[2026-04-03T01:57:38.245+0600][16.584s][info][gc,heap     ] GC(21) y:  Promoted:         -                  -                 0M (0%)            0M (0%)     
[2026-04-03T01:57:38.245+0600][16.584s][info][gc,heap     ] GC(21) y: Compacted:         -                  -                  -                 2M (0%)     
[2026-04-03T01:57:38.245+0600][16.584s][info][gc,phases   ] GC(21) y: Young Generation 250M(25%)->226M(23%) 0.050s
[2026-04-03T01:57:38.245+0600][16.584s][info][gc          ] GC(21) Minor Collection (Allocation Rate) 250M(25%)->226M(23%) 0.050s
[2026-04-03T01:57:38.245+0600][16.584s][info][gc,task     ] GC(17) O: Using 3 Workers for Old Generation
[2026-04-03T01:57:38.267+0600][16.606s][info][gc,task     ] GC(17) O: Using 2 Workers for Old Generation
[2026-04-03T01:57:38.267+0600][16.607s][info][gc,phases   ] GC(17) O: Concurrent Remap Roots 22.470ms
[2026-04-03T01:57:38.267+0600][16.607s][info][gc,phases   ] GC(17) O: Pause Relocate Start 0.037ms
[2026-04-03T01:57:38.278+0600][16.617s][info][gc,phases   ] GC(17) O: Concurrent Relocate 10.121ms
[2026-04-03T01:57:38.278+0600][16.617s][info][gc,alloc    ] GC(17) O:                         Mark Start        Mark End      Relocate Start    Relocate End   
[2026-04-03T01:57:38.278+0600][16.617s][info][gc,alloc    ] GC(17) O: Allocation Stalls:          0                0                0                0         
[2026-04-03T01:57:38.278+0600][16.617s][info][gc,load     ] GC(17) O: Load: 2.52 (21%) / 5.47 (46%) / 6.63 (55%)
[2026-04-03T01:57:38.278+0600][16.617s][info][gc,mmu      ] GC(17) O: MMU: 2ms/94.2%, 5ms/97.6%, 10ms/98.8%, 20ms/99.2%, 50ms/99.6%, 100ms/99.7%
[2026-04-03T01:57:38.278+0600][16.617s][info][gc,marking  ] GC(17) O: Mark: 2 stripe(s), 2 proactive flush(es), 1 terminate flush(es), 0 completion(s), 0 continuation(s) 
[2026-04-03T01:57:38.278+0600][16.617s][info][gc,marking  ] GC(17) O: Mark Stack Usage: 32M
[2026-04-03T01:57:38.278+0600][16.617s][info][gc,nmethod  ] GC(17) O: NMethods: 4509 registered, 613 unregistered
[2026-04-03T01:57:38.278+0600][16.617s][info][gc,metaspace] GC(17) O: Metaspace: 62M used, 63M committed, 1088M reserved
[2026-04-03T01:57:38.278+0600][16.617s][info][gc,ref      ] GC(17) O:                       Encountered   Discovered     Enqueued 
[2026-04-03T01:57:38.278+0600][16.617s][info][gc,ref      ] GC(17) O: Soft References:             5034            0            0 
[2026-04-03T01:57:38.278+0600][16.617s][info][gc,ref      ] GC(17) O: Weak References:             8076         3111          677 
[2026-04-03T01:57:38.278+0600][16.617s][info][gc,ref      ] GC(17) O: Final References:              82            0            0 
[2026-04-03T01:57:38.278+0600][16.617s][info][gc,ref      ] GC(17) O: Phantom References:           598          418            0 
[2026-04-03T01:57:38.278+0600][16.617s][info][gc,reloc    ] GC(17) O:                        Candidates     Selected     In-Place         Size        Empty    Relocated 
[2026-04-03T01:57:38.278+0600][16.617s][info][gc,reloc    ] GC(17) O: Small Pages:                   65            9            0         130M           0M           3M 
[2026-04-03T01:57:38.278+0600][16.617s][info][gc,reloc    ] GC(17) O: Medium Pages:                   1            0            0          16M           0M           0M 
[2026-04-03T01:57:38.278+0600][16.617s][info][gc,reloc    ] GC(17) O: Large Pages:                    2            0            0          10M           0M           0M 
[2026-04-03T01:57:38.278+0600][16.618s][info][gc,reloc    ] GC(17) O: Forwarding Usage: 2M
[2026-04-03T01:57:38.278+0600][16.618s][info][gc,heap     ] GC(17) O: Min Capacity: 8M(1%)
[2026-04-03T01:57:38.278+0600][16.618s][info][gc,heap     ] GC(17) O: Max Capacity: 1000M(100%)
[2026-04-03T01:57:38.278+0600][16.618s][info][gc,heap     ] GC(17) O: Soft Max Capacity: 1000M(100%)
[2026-04-03T01:57:38.278+0600][16.618s][info][gc,heap     ] GC(17) O: Heap Statistics:
[2026-04-03T01:57:38.278+0600][16.618s][info][gc,heap     ] GC(17) O:                Mark Start          Mark End        Relocate Start      Relocate End           High               Low         
[2026-04-03T01:57:38.278+0600][16.618s][info][gc,heap     ] GC(17) O:  Capacity:      852M (85%)         852M (85%)         852M (85%)         852M (85%)         852M (85%)         852M (85%)    
[2026-04-03T01:57:38.278+0600][16.618s][info][gc,heap     ] GC(17) O:      Free:      792M (79%)         778M (78%)         764M (76%)         772M (77%)         822M (82%)         722M (72%)    
[2026-04-03T01:57:38.278+0600][16.618s][info][gc,heap     ] GC(17) O:      Used:      208M (21%)         222M (22%)         236M (24%)         228M (23%)         278M (28%)         178M (18%)    
[2026-04-03T01:57:38.278+0600][16.618s][info][gc,heap     ] GC(17) O: Old Generation Statistics:
[2026-04-03T01:57:38.278+0600][16.618s][info][gc,heap     ] GC(17) O:                Mark Start          Mark End        Relocate Start      Relocate End    
[2026-04-03T01:57:38.278+0600][16.618s][info][gc,heap     ] GC(17) O:      Used:      156M (16%)         156M (16%)         174M (17%)         160M (16%)    
[2026-04-03T01:57:38.278+0600][16.618s][info][gc,heap     ] GC(17) O:      Live:         -               121M (12%)         121M (12%)         121M (12%)    
[2026-04-03T01:57:38.278+0600][16.618s][info][gc,heap     ] GC(17) O:   Garbage:         -                34M (3%)           34M (3%)           14M (1%)     
[2026-04-03T01:57:38.278+0600][16.618s][info][gc,heap     ] GC(17) O: Allocated:         -                 0M (0%)           18M (2%)           23M (2%)     
[2026-04-03T01:57:38.278+0600][16.618s][info][gc,heap     ] GC(17) O: Reclaimed:         -                  -                 0M (0%)           19M (2%)     
[2026-04-03T01:57:38.278+0600][16.618s][info][gc,heap     ] GC(17) O: Compacted:         -                  -                  -                 4M (0%)     
[2026-04-03T01:57:38.278+0600][16.618s][info][gc,phases   ] GC(17) O: Old Generation 178M(18%)->228M(23%) 0.349s
[2026-04-03T01:57:38.278+0600][16.618s][info][gc          ] GC(17) Major Collection (Allocation Rate) 208M(21%)->228M(23%) 0.369s
[2026-04-03T01:57:38.610+0600][16.950s][info][gc          ] GC(22) Minor Collection (Allocation Rate)
[2026-04-03T01:57:38.610+0600][16.950s][info][gc,task     ] GC(22) Using 2 Workers for Young Generation
[2026-04-03T01:57:38.610+0600][16.950s][info][gc,phases   ] GC(22) y: Young Generation
[2026-04-03T01:57:38.611+0600][16.950s][info][gc,phases   ] GC(22) y: Pause Mark Start 0.044ms
[2026-04-03T01:57:38.678+0600][17.017s][info][gc,phases   ] GC(22) y: Concurrent Mark 66.758ms
[2026-04-03T01:57:38.678+0600][17.017s][info][gc,phases   ] GC(22) y: Pause Mark End 0.058ms
[2026-04-03T01:57:38.678+0600][17.018s][info][gc,phases   ] GC(22) y: Concurrent Mark Free 0.002ms
[2026-04-03T01:57:38.678+0600][17.018s][info][gc,phases   ] GC(22) y: Concurrent Reset Relocation Set 0.006ms
[2026-04-03T01:57:38.684+0600][17.024s][info][gc,reloc    ] GC(22) y: Using tenuring threshold: 2 (Computed)
[2026-04-03T01:57:38.696+0600][17.036s][info][gc,phases   ] GC(22) y: Concurrent Select Relocation Set 18.321ms
[2026-04-03T01:57:38.697+0600][17.036s][info][gc,phases   ] GC(22) y: Pause Relocate Start 0.024ms
[2026-04-03T01:57:38.735+0600][17.074s][info][gc,phases   ] GC(22) y: Concurrent Relocate 37.728ms
[2026-04-03T01:57:38.735+0600][17.074s][info][gc,alloc    ] GC(22) y:                         Mark Start        Mark End      Relocate Start    Relocate End   
[2026-04-03T01:57:38.735+0600][17.074s][info][gc,alloc    ] GC(22) y: Allocation Stalls:          0                0                0                0         
[2026-04-03T01:57:38.735+0600][17.074s][info][gc,load     ] GC(22) y: Load: 2.52 (21%) / 5.47 (46%) / 6.63 (55%)
[2026-04-03T01:57:38.735+0600][17.074s][info][gc,mmu      ] GC(22) y: MMU: 2ms/94.2%, 5ms/97.6%, 10ms/98.8%, 20ms/99.2%, 50ms/99.6%, 100ms/99.7%
[2026-04-03T01:57:38.735+0600][17.074s][info][gc,marking  ] GC(22) y: Mark: 2 stripe(s), 2 proactive flush(es), 1 terminate flush(es), 0 completion(s), 0 continuation(s) 
[2026-04-03T01:57:38.735+0600][17.074s][info][gc,marking  ] GC(22) y: Mark Stack Usage: 32M
[2026-04-03T01:57:38.735+0600][17.075s][info][gc,nmethod  ] GC(22) y: NMethods: 4570 registered, 613 unregistered
[2026-04-03T01:57:38.735+0600][17.075s][info][gc,metaspace] GC(22) y: Metaspace: 62M used, 63M committed, 1088M reserved
[2026-04-03T01:57:38.735+0600][17.075s][info][gc,reloc    ] GC(22) y:                        Candidates     Selected     In-Place         Size        Empty    Relocated 
[2026-04-03T01:57:38.735+0600][17.075s][info][gc,reloc    ] GC(22) y: Small Pages:                  191          149            0         382M          54M          23M 
[2026-04-03T01:57:38.735+0600][17.075s][info][gc,reloc    ] GC(22) y: Medium Pages:                   2            0            0          32M          32M           0M 
[2026-04-03T01:57:38.735+0600][17.075s][info][gc,reloc    ] GC(22) y: Large Pages:                    1            0            0           4M           0M           0M 
[2026-04-03T01:57:38.735+0600][17.075s][info][gc,reloc    ] GC(22) y: Forwarding Usage: 19M
[2026-04-03T01:57:38.735+0600][17.075s][info][gc,reloc    ] GC(22) y: Age Table:
[2026-04-03T01:57:38.735+0600][17.075s][info][gc,reloc    ] GC(22) y:                    Live             Garbage             Small              Medium             Large        
[2026-04-03T01:57:38.735+0600][17.075s][info][gc,reloc    ] GC(22) y: Eden              27M (3%)          362M (36%)        185 / 145            1 / 0              1 / 0        
[2026-04-03T01:57:38.735+0600][17.075s][info][gc,reloc    ] GC(22) y: Survivor 1         1M (0%)           18M (2%)           2 / 2              1 / 0              0 / 0        
[2026-04-03T01:57:38.735+0600][17.075s][info][gc,reloc    ] GC(22) y: Survivor 2         0M (0%)            3M (0%)           2 / 0              0 / 0              0 / 0        
[2026-04-03T01:57:38.735+0600][17.075s][info][gc,reloc    ] GC(22) y: Survivor 3         0M (0%)            3M (0%)           2 / 2              0 / 0              0 / 0        
[2026-04-03T01:57:38.735+0600][17.075s][info][gc,heap     ] GC(22) y: Min Capacity: 8M(1%)
[2026-04-03T01:57:38.735+0600][17.075s][info][gc,heap     ] GC(22) y: Max Capacity: 1000M(100%)
[2026-04-03T01:57:38.735+0600][17.075s][info][gc,heap     ] GC(22) y: Soft Max Capacity: 1000M(100%)
[2026-04-03T01:57:38.735+0600][17.075s][info][gc,heap     ] GC(22) y: Heap Statistics:
[2026-04-03T01:57:38.735+0600][17.075s][info][gc,heap     ] GC(22) y:                Mark Start          Mark End        Relocate Start      Relocate End           High               Low         
[2026-04-03T01:57:38.735+0600][17.075s][info][gc,heap     ] GC(22) y:  Capacity:      852M (85%)         852M (85%)         852M (85%)         852M (85%)         852M (85%)         852M (85%)    
[2026-04-03T01:57:38.735+0600][17.075s][info][gc,heap     ] GC(22) y:      Free:      422M (42%)         332M (33%)         390M (39%)         632M (63%)         634M (63%)         322M (32%)    
[2026-04-03T01:57:38.735+0600][17.075s][info][gc,heap     ] GC(22) y:      Used:      578M (58%)         668M (67%)         610M (61%)         368M (37%)         678M (68%)         366M (37%)    
[2026-04-03T01:57:38.735+0600][17.075s][info][gc,heap     ] GC(22) y: Young Generation Statistics:
[2026-04-03T01:57:38.735+0600][17.075s][info][gc,heap     ] GC(22) y:                Mark Start          Mark End        Relocate Start      Relocate End    
[2026-04-03T01:57:38.735+0600][17.075s][info][gc,heap     ] GC(22) y:      Used:      418M (42%)         508M (51%)         450M (45%)         204M (20%)    
[2026-04-03T01:57:38.735+0600][17.075s][info][gc,heap     ] GC(22) y:      Live:         -                29M (3%)           29M (3%)           28M (3%)     
[2026-04-03T01:57:38.735+0600][17.075s][info][gc,heap     ] GC(22) y:   Garbage:         -               388M (39%)         302M (30%)           0M (0%)     
[2026-04-03T01:57:38.735+0600][17.075s][info][gc,heap     ] GC(22) y: Allocated:         -                90M (9%)          118M (12%)         175M (18%)    
[2026-04-03T01:57:38.735+0600][17.075s][info][gc,heap     ] GC(22) y: Reclaimed:         -                  -                86M (9%)          388M (39%)    
[2026-04-03T01:57:38.735+0600][17.075s][info][gc,heap     ] GC(22) y:  Promoted:         -                  -                 0M (0%)            1M (0%)     
[2026-04-03T01:57:38.735+0600][17.075s][info][gc,heap     ] GC(22) y: Compacted:         -                  -                  -                24M (2%)     
[2026-04-03T01:57:38.735+0600][17.075s][info][gc,phases   ] GC(22) y: Young Generation 578M(58%)->368M(37%) 0.124s
[2026-04-03T01:57:38.735+0600][17.075s][info][gc          ] GC(22) Minor Collection (Allocation Rate) 578M(58%)->370M(37%) 0.125s
[2026-04-03T01:57:38.736+0600][17.075s][info][gc          ] GC(23) Minor Collection (Allocation Rate)
[2026-04-03T01:57:38.736+0600][17.075s][info][gc,task     ] GC(23) Using 2 Workers for Young Generation
[2026-04-03T01:57:38.736+0600][17.075s][info][gc,phases   ] GC(23) y: Young Generation
[2026-04-03T01:57:38.736+0600][17.075s][info][gc,phases   ] GC(23) y: Pause Mark Start 0.028ms
[2026-04-03T01:57:38.824+0600][17.163s][info][gc,phases   ] GC(23) y: Concurrent Mark 87.726ms
[2026-04-03T01:57:38.824+0600][17.163s][info][gc,phases   ] GC(23) y: Pause Mark End 0.030ms
[2026-04-03T01:57:38.824+0600][17.164s][info][gc,phases   ] GC(23) y: Concurrent Mark Free 0.003ms
[2026-04-03T01:57:38.824+0600][17.164s][info][gc,phases   ] GC(23) y: Concurrent Reset Relocation Set 0.025ms
[2026-04-03T01:57:38.826+0600][17.166s][info][gc,reloc    ] GC(23) y: Using tenuring threshold: 3 (Computed)
[2026-04-03T01:57:38.829+0600][17.168s][info][gc,phases   ] GC(23) y: Concurrent Select Relocation Set 4.430ms
[2026-04-03T01:57:38.829+0600][17.169s][info][gc,phases   ] GC(23) y: Pause Relocate Start 0.023ms
[2026-04-03T01:57:38.846+0600][17.185s][info][gc,phases   ] GC(23) y: Concurrent Relocate 16.224ms
[2026-04-03T01:57:38.846+0600][17.185s][info][gc,alloc    ] GC(23) y:                         Mark Start        Mark End      Relocate Start    Relocate End   
[2026-04-03T01:57:38.846+0600][17.185s][info][gc,alloc    ] GC(23) y: Allocation Stalls:          0                0                0                0         
[2026-04-03T01:57:38.846+0600][17.185s][info][gc,load     ] GC(23) y: Load: 2.52 (21%) / 5.47 (46%) / 6.63 (55%)
[2026-04-03T01:57:38.846+0600][17.185s][info][gc,mmu      ] GC(23) y: MMU: 2ms/94.2%, 5ms/97.6%, 10ms/98.8%, 20ms/99.2%, 50ms/99.6%, 100ms/99.7%
[2026-04-03T01:57:38.846+0600][17.185s][info][gc,marking  ] GC(23) y: Mark: 2 stripe(s), 2 proactive flush(es), 1 terminate flush(es), 0 completion(s), 0 continuation(s) 
[2026-04-03T01:57:38.846+0600][17.185s][info][gc,marking  ] GC(23) y: Mark Stack Usage: 32M
[2026-04-03T01:57:38.846+0600][17.185s][info][gc,nmethod  ] GC(23) y: NMethods: 4581 registered, 613 unregistered
[2026-04-03T01:57:38.846+0600][17.185s][info][gc,metaspace] GC(23) y: Metaspace: 62M used, 63M committed, 1088M reserved
[2026-04-03T01:57:38.846+0600][17.185s][info][gc,reloc    ] GC(23) y:                        Candidates     Selected     In-Place         Size        Empty    Relocated 
[2026-04-03T01:57:38.846+0600][17.185s][info][gc,reloc    ] GC(23) y: Small Pages:                   99           69            0         198M          22M           9M 
[2026-04-03T01:57:38.846+0600][17.185s][info][gc,reloc    ] GC(23) y: Medium Pages:                   0            0            0           0M           0M           0M 
[2026-04-03T01:57:38.846+0600][17.185s][info][gc,reloc    ] GC(23) y: Large Pages:                    2            0            0          10M           4M           0M 
[2026-04-03T01:57:38.846+0600][17.185s][info][gc,reloc    ] GC(23) y: Forwarding Usage: 8M
[2026-04-03T01:57:38.846+0600][17.185s][info][gc,reloc    ] GC(23) y: Age Table:
[2026-04-03T01:57:38.846+0600][17.185s][info][gc,reloc    ] GC(23) y:                    Live             Garbage             Small              Medium             Large        
[2026-04-03T01:57:38.846+0600][17.185s][info][gc,reloc    ] GC(23) y: Eden              16M (2%)          155M (16%)         83 / 67             0 / 0              1 / 0        
[2026-04-03T01:57:38.846+0600][17.185s][info][gc,reloc    ] GC(23) y: Survivor 1        23M (2%)            6M (1%)          13 / 1              0 / 0              1 / 0        
[2026-04-03T01:57:38.846+0600][17.185s][info][gc,reloc    ] GC(23) y: Survivor 2         1M (0%)            4M (0%)           3 / 1              0 / 0              0 / 0        
[2026-04-03T01:57:38.846+0600][17.185s][info][gc,heap     ] GC(23) y: Min Capacity: 8M(1%)
[2026-04-03T01:57:38.846+0600][17.185s][info][gc,heap     ] GC(23) y: Max Capacity: 1000M(100%)
[2026-04-03T01:57:38.846+0600][17.185s][info][gc,heap     ] GC(23) y: Soft Max Capacity: 1000M(100%)
[2026-04-03T01:57:38.846+0600][17.185s][info][gc,heap     ] GC(23) y: Heap Statistics:
[2026-04-03T01:57:38.846+0600][17.185s][info][gc,heap     ] GC(23) y:                Mark Start          Mark End        Relocate Start      Relocate End           High               Low         
[2026-04-03T01:57:38.846+0600][17.185s][info][gc,heap     ] GC(23) y:  Capacity:      852M (85%)         852M (85%)         852M (85%)         852M (85%)         852M (85%)         852M (85%)    
[2026-04-03T01:57:38.846+0600][17.185s][info][gc,heap     ] GC(23) y:      Free:      628M (63%)         498M (50%)         518M (52%)         624M (62%)         628M (63%)         496M (50%)    
[2026-04-03T01:57:38.846+0600][17.185s][info][gc,heap     ] GC(23) y:      Used:      372M (37%)         502M (50%)         482M (48%)         376M (38%)         504M (50%)         372M (37%)    
[2026-04-03T01:57:38.846+0600][17.185s][info][gc,heap     ] GC(23) y: Young Generation Statistics:
[2026-04-03T01:57:38.846+0600][17.185s][info][gc,heap     ] GC(23) y:                Mark Start          Mark End        Relocate Start      Relocate End    
[2026-04-03T01:57:38.846+0600][17.185s][info][gc,heap     ] GC(23) y:      Used:      208M (21%)         338M (34%)         318M (32%)         212M (21%)    
[2026-04-03T01:57:38.846+0600][17.185s][info][gc,heap     ] GC(23) y:      Live:         -                40M (4%)           40M (4%)           40M (4%)     
[2026-04-03T01:57:38.846+0600][17.185s][info][gc,heap     ] GC(23) y:   Garbage:         -               167M (17%)         141M (14%)           1M (0%)     
[2026-04-03T01:57:38.846+0600][17.185s][info][gc,heap     ] GC(23) y: Allocated:         -               130M (13%)         136M (14%)         169M (17%)    
[2026-04-03T01:57:38.846+0600][17.185s][info][gc,heap     ] GC(23) y: Reclaimed:         -                  -                26M (3%)          165M (17%)    
[2026-04-03T01:57:38.846+0600][17.186s][info][gc,heap     ] GC(23) y:  Promoted:         -                  -                 0M (0%)            0M (0%)     
[2026-04-03T01:57:38.846+0600][17.186s][info][gc,heap     ] GC(23) y: Compacted:         -                  -                  -                10M (1%)     
[2026-04-03T01:57:38.846+0600][17.186s][info][gc,phases   ] GC(23) y: Young Generation 372M(37%)->376M(38%) 0.110s
[2026-04-03T01:57:38.846+0600][17.186s][info][gc          ] GC(23) Minor Collection (Allocation Rate) 370M(37%)->376M(38%) 0.111s
[2026-04-03T01:57:38.870+0600][17.210s][info][gc          ] GC(24) Minor Collection (Allocation Rate)
[2026-04-03T01:57:38.870+0600][17.210s][info][gc,task     ] GC(24) Using 2 Workers for Young Generation
[2026-04-03T01:57:38.870+0600][17.210s][info][gc,phases   ] GC(24) y: Young Generation
[2026-04-03T01:57:38.871+0600][17.210s][info][gc,phases   ] GC(24) y: Pause Mark Start 0.024ms
[2026-04-03T01:57:38.959+0600][17.298s][info][gc,phases   ] GC(24) y: Concurrent Mark 87.963ms
[2026-04-03T01:57:38.959+0600][17.299s][info][gc,phases   ] GC(24) y: Pause Mark End 0.053ms
[2026-04-03T01:57:38.959+0600][17.299s][info][gc,phases   ] GC(24) y: Concurrent Mark Free 0.001ms
[2026-04-03T01:57:38.959+0600][17.299s][info][gc,phases   ] GC(24) y: Concurrent Reset Relocation Set 0.013ms
[2026-04-03T01:57:38.964+0600][17.304s][info][gc,reloc    ] GC(24) y: Using tenuring threshold: 1 (Computed)
[2026-04-03T01:57:38.981+0600][17.321s][info][gc,phases   ] GC(24) y: Concurrent Select Relocation Set 22.001ms
[2026-04-03T01:57:38.982+0600][17.321s][info][gc,phases   ] GC(24) y: Pause Relocate Start 0.021ms
[2026-04-03T01:57:39.039+0600][17.379s][info][gc,phases   ] GC(24) y: Concurrent Relocate 57.547ms
[2026-04-03T01:57:39.039+0600][17.379s][info][gc,alloc    ] GC(24) y:                         Mark Start        Mark End      Relocate Start    Relocate End   
[2026-04-03T01:57:39.039+0600][17.379s][info][gc,alloc    ] GC(24) y: Allocation Stalls:          0                0                0                0         
[2026-04-03T01:57:39.039+0600][17.379s][info][gc,load     ] GC(24) y: Load: 2.52 (21%) / 5.47 (46%) / 6.63 (55%)
[2026-04-03T01:57:39.039+0600][17.379s][info][gc,mmu      ] GC(24) y: MMU: 2ms/94.2%, 5ms/97.6%, 10ms/98.8%, 20ms/99.2%, 50ms/99.6%, 100ms/99.7%
[2026-04-03T01:57:39.039+0600][17.379s][info][gc,marking  ] GC(24) y: Mark: 2 stripe(s), 2 proactive flush(es), 1 terminate flush(es), 0 completion(s), 0 continuation(s) 
[2026-04-03T01:57:39.039+0600][17.379s][info][gc,marking  ] GC(24) y: Mark Stack Usage: 32M
[2026-04-03T01:57:39.039+0600][17.379s][info][gc,nmethod  ] GC(24) y: NMethods: 4636 registered, 613 unregistered
[2026-04-03T01:57:39.039+0600][17.379s][info][gc,metaspace] GC(24) y: Metaspace: 62M used, 63M committed, 1088M reserved
[2026-04-03T01:57:39.039+0600][17.379s][info][gc,reloc    ] GC(24) y:                        Candidates     Selected     In-Place         Size        Empty    Relocated 
[2026-04-03T01:57:39.039+0600][17.379s][info][gc,reloc    ] GC(24) y: Small Pages:                  125           80            0         250M          40M          12M 
[2026-04-03T01:57:39.039+0600][17.379s][info][gc,reloc    ] GC(24) y: Medium Pages:                   0            0            0           0M           0M           0M 
[2026-04-03T01:57:39.039+0600][17.379s][info][gc,reloc    ] GC(24) y: Large Pages:                    1            0            0           6M           0M           0M 
[2026-04-03T01:57:39.040+0600][17.379s][info][gc,reloc    ] GC(24) y: Forwarding Usage: 10M
[2026-04-03T01:57:39.040+0600][17.379s][info][gc,reloc    ] GC(24) y: Age Table:
[2026-04-03T01:57:39.040+0600][17.379s][info][gc,reloc    ] GC(24) y:                    Live             Garbage             Small              Medium             Large        
[2026-04-03T01:57:39.040+0600][17.379s][info][gc,reloc    ] GC(24) y: Eden              12M (1%)          193M (19%)        103 / 75             0 / 0              0 / 0        
[2026-04-03T01:57:39.040+0600][17.379s][info][gc,reloc    ] GC(24) y: Survivor 1        16M (2%)            3M (0%)           7 / 2              0 / 0              1 / 0        
[2026-04-03T01:57:39.040+0600][17.379s][info][gc,reloc    ] GC(24) y: Survivor 2        23M (2%)            2M (0%)          13 / 1              0 / 0              0 / 0        
[2026-04-03T01:57:39.040+0600][17.379s][info][gc,reloc    ] GC(24) y: Survivor 3         1M (0%)            2M (0%)           2 / 2              0 / 0              0 / 0        
[2026-04-03T01:57:39.040+0600][17.379s][info][gc,heap     ] GC(24) y: Min Capacity: 8M(1%)
[2026-04-03T01:57:39.040+0600][17.379s][info][gc,heap     ] GC(24) y: Max Capacity: 1000M(100%)
[2026-04-03T01:57:39.040+0600][17.379s][info][gc,heap     ] GC(24) y: Soft Max Capacity: 1000M(100%)
[2026-04-03T01:57:39.040+0600][17.379s][info][gc,heap     ] GC(24) y: Heap Statistics:
[2026-04-03T01:57:39.040+0600][17.379s][info][gc,heap     ] GC(24) y:                Mark Start          Mark End        Relocate Start      Relocate End           High               Low         
[2026-04-03T01:57:39.040+0600][17.379s][info][gc,heap     ] GC(24) y:  Capacity:      852M (85%)         852M (85%)         852M (85%)         852M (85%)         852M (85%)         852M (85%)    
[2026-04-03T01:57:39.040+0600][17.379s][info][gc,heap     ] GC(24) y:      Free:      580M (58%)         384M (38%)         370M (37%)         388M (39%)         580M (58%)         366M (37%)    
[2026-04-03T01:57:39.040+0600][17.379s][info][gc,heap     ] GC(24) y:      Used:      420M (42%)         616M (62%)         630M (63%)         612M (61%)         634M (63%)         420M (42%)    
[2026-04-03T01:57:39.040+0600][17.379s][info][gc,heap     ] GC(24) y: Young Generation Statistics:
[2026-04-03T01:57:39.040+0600][17.379s][info][gc,heap     ] GC(24) y:                Mark Start          Mark End        Relocate Start      Relocate End    
[2026-04-03T01:57:39.040+0600][17.379s][info][gc,heap     ] GC(24) y:      Used:      256M (26%)         452M (45%)         426M (43%)         404M (40%)    
[2026-04-03T01:57:39.040+0600][17.379s][info][gc,heap     ] GC(24) y:      Live:         -                52M (5%)           13M (1%)           12M (1%)     
[2026-04-03T01:57:39.040+0600][17.379s][info][gc,heap     ] GC(24) y:   Garbage:         -               203M (20%)         162M (16%)           0M (0%)     
[2026-04-03T01:57:39.040+0600][17.379s][info][gc,heap     ] GC(24) y: Allocated:         -               196M (20%)         250M (25%)         391M (39%)    
[2026-04-03T01:57:39.040+0600][17.379s][info][gc,heap     ] GC(24) y: Reclaimed:         -                  -                41M (4%)          203M (20%)    
[2026-04-03T01:57:39.040+0600][17.379s][info][gc,heap     ] GC(24) y:  Promoted:         -                  -                38M (4%)           40M (4%)     
[2026-04-03T01:57:39.040+0600][17.379s][info][gc,heap     ] GC(24) y: Compacted:         -                  -                  -                12M (1%)     
[2026-04-03T01:57:39.040+0600][17.379s][info][gc,phases   ] GC(24) y: Young Generation 420M(42%)->612M(61%) 0.169s
[2026-04-03T01:57:39.040+0600][17.379s][info][gc          ] GC(24) Minor Collection (Allocation Rate) 420M(42%)->612M(61%) 0.169s
[2026-04-03T01:57:39.040+0600][17.379s][info][gc          ] GC(25) Major Collection (Allocation Rate)
[2026-04-03T01:57:39.040+0600][17.379s][info][gc,task     ] GC(25) Using 3 Workers for Young Generation
[2026-04-03T01:57:39.040+0600][17.379s][info][gc,task     ] GC(25) Using 1 Workers for Old Generation
[2026-04-03T01:57:39.040+0600][17.379s][info][gc,phases   ] GC(25) Y: Young Generation
[2026-04-03T01:57:39.040+0600][17.380s][info][gc,phases   ] GC(25) Y: Pause Mark Start (Major) 0.029ms
[2026-04-03T01:57:39.129+0600][17.469s][info][gc,phases   ] GC(25) Y: Concurrent Mark 89.006ms
[2026-04-03T01:57:39.130+0600][17.469s][info][gc,phases   ] GC(25) Y: Pause Mark End 0.028ms
[2026-04-03T01:57:39.130+0600][17.469s][info][gc,phases   ] GC(25) Y: Concurrent Mark Free 0.003ms
[2026-04-03T01:57:39.130+0600][17.469s][info][gc,phases   ] GC(25) Y: Concurrent Reset Relocation Set 0.053ms
[2026-04-03T01:57:39.133+0600][17.472s][info][gc,reloc    ] GC(25) Y: Using tenuring threshold: 2 (Computed)
[2026-04-03T01:57:39.135+0600][17.475s][info][gc,phases   ] GC(25) Y: Concurrent Select Relocation Set 5.704ms
[2026-04-03T01:57:39.136+0600][17.475s][info][gc,phases   ] GC(25) Y: Pause Relocate Start 0.017ms
[2026-04-03T01:57:39.157+0600][17.497s][info][gc,phases   ] GC(25) Y: Concurrent Relocate 21.425ms
[2026-04-03T01:57:39.157+0600][17.497s][info][gc,alloc    ] GC(25) Y:                         Mark Start        Mark End      Relocate Start    Relocate End   
[2026-04-03T01:57:39.157+0600][17.497s][info][gc,alloc    ] GC(25) Y: Allocation Stalls:          0                0                0                0         
[2026-04-03T01:57:39.157+0600][17.497s][info][gc,load     ] GC(25) Y: Load: 2.52 (21%) / 5.47 (46%) / 6.63 (55%)
[2026-04-03T01:57:39.157+0600][17.497s][info][gc,mmu      ] GC(25) Y: MMU: 2ms/94.2%, 5ms/97.6%, 10ms/98.8%, 20ms/99.2%, 50ms/99.6%, 100ms/99.7%
[2026-04-03T01:57:39.157+0600][17.497s][info][gc,marking  ] GC(25) Y: Mark: 2 stripe(s), 10 proactive flush(es), 1 terminate flush(es), 0 completion(s), 0 continuation(s) 
[2026-04-03T01:57:39.157+0600][17.497s][info][gc,marking  ] GC(25) Y: Mark Stack Usage: 32M
[2026-04-03T01:57:39.157+0600][17.497s][info][gc,nmethod  ] GC(25) Y: NMethods: 4645 registered, 613 unregistered
[2026-04-03T01:57:39.157+0600][17.497s][info][gc,metaspace] GC(25) Y: Metaspace: 62M used, 63M committed, 1088M reserved
[2026-04-03T01:57:39.157+0600][17.497s][info][gc,reloc    ] GC(25) Y:                        Candidates     Selected     In-Place         Size        Empty    Relocated 
[2026-04-03T01:57:39.157+0600][17.497s][info][gc,reloc    ] GC(25) Y: Small Pages:                  197          111            0         394M         138M          17M 
[2026-04-03T01:57:39.157+0600][17.497s][info][gc,reloc    ] GC(25) Y: Medium Pages:                   0            0            0           0M           0M           0M 
[2026-04-03T01:57:39.157+0600][17.497s][info][gc,reloc    ] GC(25) Y: Large Pages:                    1            0            0          10M           0M           0M 
[2026-04-03T01:57:39.157+0600][17.497s][info][gc,reloc    ] GC(25) Y: Forwarding Usage: 14M
[2026-04-03T01:57:39.157+0600][17.497s][info][gc,reloc    ] GC(25) Y: Age Table:
[2026-04-03T01:57:39.157+0600][17.497s][info][gc,reloc    ] GC(25) Y:                    Live             Garbage             Small              Medium             Large        
[2026-04-03T01:57:39.157+0600][17.497s][info][gc,reloc    ] GC(25) Y: Eden              27M (3%)          360M (36%)        189 / 109            0 / 0              1 / 0        
[2026-04-03T01:57:39.157+0600][17.497s][info][gc,reloc    ] GC(25) Y: Survivor 1        12M (1%)            3M (0%)           8 / 2              0 / 0              0 / 0        
[2026-04-03T01:57:39.157+0600][17.497s][info][gc,heap     ] GC(25) Y: Min Capacity: 8M(1%)
[2026-04-03T01:57:39.157+0600][17.497s][info][gc,heap     ] GC(25) Y: Max Capacity: 1000M(100%)
[2026-04-03T01:57:39.157+0600][17.497s][info][gc,heap     ] GC(25) Y: Soft Max Capacity: 1000M(100%)
[2026-04-03T01:57:39.157+0600][17.497s][info][gc,heap     ] GC(25) Y: Heap Statistics:
[2026-04-03T01:57:39.157+0600][17.497s][info][gc,heap     ] GC(25) Y:                Mark Start          Mark End        Relocate Start      Relocate End           High               Low         
[2026-04-03T01:57:39.158+0600][17.497s][info][gc,heap     ] GC(25) Y:  Capacity:      852M (85%)         852M (85%)         852M (85%)         852M (85%)         852M (85%)         852M (85%)    
[2026-04-03T01:57:39.158+0600][17.497s][info][gc,heap     ] GC(25) Y:      Free:      388M (39%)         178M (18%)         304M (30%)         474M (47%)         476M (48%)         178M (18%)    
[2026-04-03T01:57:39.158+0600][17.497s][info][gc,heap     ] GC(25) Y:      Used:      612M (61%)         822M (82%)         696M (70%)         526M (53%)         822M (82%)         524M (52%)    
[2026-04-03T01:57:39.158+0600][17.497s][info][gc,heap     ] GC(25) Y: Young Generation Statistics:
[2026-04-03T01:57:39.158+0600][17.497s][info][gc,heap     ] GC(25) Y:                Mark Start          Mark End        Relocate Start      Relocate End    
[2026-04-03T01:57:39.158+0600][17.497s][info][gc,heap     ] GC(25) Y:      Used:      404M (40%)         614M (61%)         488M (49%)         318M (32%)    
[2026-04-03T01:57:39.158+0600][17.497s][info][gc,heap     ] GC(25) Y:      Live:         -                39M (4%)           39M (4%)           39M (4%)     
[2026-04-03T01:57:39.158+0600][17.497s][info][gc,heap     ] GC(25) Y:   Garbage:         -               364M (36%)         226M (23%)           0M (0%)     
[2026-04-03T01:57:39.158+0600][17.497s][info][gc,heap     ] GC(25) Y: Allocated:         -               210M (21%)         222M (22%)         277M (28%)    
[2026-04-03T01:57:39.158+0600][17.497s][info][gc,heap     ] GC(25) Y: Reclaimed:         -                  -               138M (14%)         363M (36%)    
[2026-04-03T01:57:39.158+0600][17.497s][info][gc,heap     ] GC(25) Y:  Promoted:         -                  -                 0M (0%)            0M (0%)     
[2026-04-03T01:57:39.158+0600][17.497s][info][gc,heap     ] GC(25) Y: Compacted:         -                  -                  -                18M (2%)     
[2026-04-03T01:57:39.158+0600][17.497s][info][gc,phases   ] GC(25) Y: Young Generation 612M(61%)->526M(53%) 0.117s
[2026-04-03T01:57:39.158+0600][17.497s][info][gc,phases   ] GC(25) O: Old Generation
[2026-04-03T01:57:39.159+0600][17.499s][info][gc          ] GC(26) Minor Collection (Allocation Rate)
[2026-04-03T01:57:39.159+0600][17.499s][info][gc,task     ] GC(26) Using 2 Workers for Young Generation
[2026-04-03T01:57:39.159+0600][17.499s][info][gc,phases   ] GC(26) y: Young Generation
[2026-04-03T01:57:39.160+0600][17.499s][info][gc,phases   ] GC(26) y: Pause Mark Start 0.086ms
[2026-04-03T01:57:39.286+0600][17.625s][info][gc,phases   ] GC(26) y: Concurrent Mark 126.246ms
[2026-04-03T01:57:39.286+0600][17.626s][info][gc,phases   ] GC(26) y: Pause Mark End 0.036ms
[2026-04-03T01:57:39.287+0600][17.626s][info][gc,phases   ] GC(26) y: Concurrent Mark Free 0.004ms
[2026-04-03T01:57:39.287+0600][17.626s][info][gc,phases   ] GC(26) y: Concurrent Reset Relocation Set 0.049ms
[2026-04-03T01:57:39.291+0600][17.631s][info][gc,reloc    ] GC(26) y: Using tenuring threshold: 2 (Computed)
[2026-04-03T01:57:39.300+0600][17.640s][info][gc,phases   ] GC(26) y: Concurrent Select Relocation Set 13.370ms
[2026-04-03T01:57:39.300+0600][17.640s][info][gc,phases   ] GC(26) y: Pause Relocate Start 0.025ms
[2026-04-03T01:57:39.344+0600][17.684s][info][gc,phases   ] GC(26) y: Concurrent Relocate 43.906ms
[2026-04-03T01:57:39.345+0600][17.684s][info][gc,alloc    ] GC(26) y:                         Mark Start        Mark End      Relocate Start    Relocate End   
[2026-04-03T01:57:39.345+0600][17.684s][info][gc,alloc    ] GC(26) y: Allocation Stalls:          0                0                0                0         
[2026-04-03T01:57:39.345+0600][17.684s][info][gc,load     ] GC(26) y: Load: 2.52 (21%) / 5.47 (46%) / 6.63 (55%)
[2026-04-03T01:57:39.345+0600][17.684s][info][gc,mmu      ] GC(26) y: MMU: 2ms/94.2%, 5ms/97.6%, 10ms/98.8%, 20ms/99.2%, 50ms/99.6%, 100ms/99.7%
[2026-04-03T01:57:39.345+0600][17.684s][info][gc,marking  ] GC(26) y: Mark: 2 stripe(s), 4 proactive flush(es), 1 terminate flush(es), 0 completion(s), 0 continuation(s) 
[2026-04-03T01:57:39.345+0600][17.684s][info][gc,marking  ] GC(26) y: Mark Stack Usage: 32M
[2026-04-03T01:57:39.345+0600][17.684s][info][gc,nmethod  ] GC(26) y: NMethods: 4682 registered, 613 unregistered
[2026-04-03T01:57:39.345+0600][17.684s][info][gc,metaspace] GC(26) y: Metaspace: 62M used, 63M committed, 1088M reserved
[2026-04-03T01:57:39.345+0600][17.684s][info][gc,reloc    ] GC(26) y:                        Candidates     Selected     In-Place         Size        Empty    Relocated 
[2026-04-03T01:57:39.345+0600][17.684s][info][gc,reloc    ] GC(26) y: Small Pages:                  158           85            0         316M         100M          14M 
[2026-04-03T01:57:39.345+0600][17.684s][info][gc,reloc    ] GC(26) y: Medium Pages:                   0            0            0           0M           0M           0M 
[2026-04-03T01:57:39.345+0600][17.684s][info][gc,reloc    ] GC(26) y: Large Pages:                    1            0            0          10M           0M           0M 
[2026-04-03T01:57:39.345+0600][17.684s][info][gc,reloc    ] GC(26) y: Forwarding Usage: 14M
[2026-04-03T01:57:39.345+0600][17.684s][info][gc,reloc    ] GC(26) y: Age Table:
[2026-04-03T01:57:39.345+0600][17.684s][info][gc,reloc    ] GC(26) y:                    Live             Garbage             Small              Medium             Large        
[2026-04-03T01:57:39.345+0600][17.684s][info][gc,reloc    ] GC(26) y: Eden              13M (1%)          266M (27%)        140 / 82             0 / 0              0 / 0        
[2026-04-03T01:57:39.345+0600][17.684s][info][gc,reloc    ] GC(26) y: Survivor 1        27M (3%)            4M (0%)          11 / 2              0 / 0              1 / 0        
[2026-04-03T01:57:39.345+0600][17.684s][info][gc,reloc    ] GC(26) y: Survivor 2        12M (1%)            1M (0%)           7 / 1              0 / 0              0 / 0        
[2026-04-03T01:57:39.345+0600][17.684s][info][gc,heap     ] GC(26) y: Min Capacity: 8M(1%)
[2026-04-03T01:57:39.345+0600][17.684s][info][gc,heap     ] GC(26) y: Max Capacity: 1000M(100%)
[2026-04-03T01:57:39.345+0600][17.684s][info][gc,heap     ] GC(26) y: Soft Max Capacity: 1000M(100%)
[2026-04-03T01:57:39.345+0600][17.684s][info][gc,heap     ] GC(26) y: Heap Statistics:
[2026-04-03T01:57:39.345+0600][17.684s][info][gc,heap     ] GC(26) y:                Mark Start          Mark End        Relocate Start      Relocate End           High               Low         
[2026-04-03T01:57:39.345+0600][17.684s][info][gc,heap     ] GC(26) y:  Capacity:      852M (85%)         852M (85%)         852M (85%)         852M (85%)         852M (85%)         852M (85%)    
[2026-04-03T01:57:39.345+0600][17.684s][info][gc,heap     ] GC(26) y:      Free:      466M (47%)         398M (40%)         496M (50%)         620M (62%)         636M (64%)         398M (40%)    
[2026-04-03T01:57:39.345+0600][17.685s][info][gc,heap     ] GC(26) y:      Used:      534M (53%)         602M (60%)         504M (50%)         380M (38%)         602M (60%)         364M (36%)    
[2026-04-03T01:57:39.345+0600][17.685s][info][gc,heap     ] GC(26) y: Young Generation Statistics:
[2026-04-03T01:57:39.345+0600][17.685s][info][gc,heap     ] GC(26) y:                Mark Start          Mark End        Relocate Start      Relocate End    
[2026-04-03T01:57:39.345+0600][17.685s][info][gc,heap     ] GC(26) y:      Used:      326M (33%)         394M (39%)         286M (29%)         158M (16%)    
[2026-04-03T01:57:39.345+0600][17.685s][info][gc,heap     ] GC(26) y:      Live:         -                53M (5%)           43M (4%)           40M (4%)     
[2026-04-03T01:57:39.345+0600][17.685s][info][gc,heap     ] GC(26) y:   Garbage:         -               272M (27%)         172M (17%)           0M (0%)     
[2026-04-03T01:57:39.345+0600][17.685s][info][gc,heap     ] GC(26) y: Allocated:         -                68M (7%)           70M (7%)          117M (12%)    
[2026-04-03T01:57:39.345+0600][17.685s][info][gc,heap     ] GC(26) y: Reclaimed:         -                  -               100M (10%)         272M (27%)    
[2026-04-03T01:57:39.345+0600][17.685s][info][gc,heap     ] GC(26) y:  Promoted:         -                  -                 9M (1%)           12M (1%)     
[2026-04-03T01:57:39.345+0600][17.685s][info][gc,heap     ] GC(26) y: Compacted:         -                  -                  -                16M (2%)     
[2026-04-03T01:57:39.345+0600][17.685s][info][gc,phases   ] GC(26) y: Young Generation 534M(53%)->380M(38%) 0.185s
[2026-04-03T01:57:39.345+0600][17.685s][info][gc          ] GC(26) Minor Collection (Allocation Rate) 534M(53%)->380M(38%) 0.186s
[2026-04-03T01:57:39.345+0600][17.685s][info][gc          ] GC(27) Minor Collection (Allocation Rate)
[2026-04-03T01:57:39.345+0600][17.685s][info][gc,task     ] GC(27) Using 2 Workers for Young Generation
[2026-04-03T01:57:39.345+0600][17.685s][info][gc,phases   ] GC(27) y: Young Generation
[2026-04-03T01:57:39.346+0600][17.685s][info][gc,phases   ] GC(27) y: Pause Mark Start 0.082ms
[2026-04-03T01:57:39.458+0600][17.797s][info][gc,phases   ] GC(27) y: Concurrent Mark 111.832ms
[2026-04-03T01:57:39.458+0600][17.798s][info][gc,phases   ] GC(27) y: Pause Mark End 0.029ms
[2026-04-03T01:57:39.458+0600][17.798s][info][gc,phases   ] GC(27) y: Concurrent Mark Free 0.002ms
[2026-04-03T01:57:39.458+0600][17.798s][info][gc,phases   ] GC(27) y: Concurrent Reset Relocation Set 0.030ms
[2026-04-03T01:57:39.462+0600][17.802s][info][gc,reloc    ] GC(27) y: Using tenuring threshold: 1 (Computed)
[2026-04-03T01:57:39.483+0600][17.823s][info][gc,phases   ] GC(27) y: Concurrent Select Relocation Set 24.812ms
[2026-04-03T01:57:39.484+0600][17.823s][info][gc,phases   ] GC(27) y: Pause Relocate Start 0.056ms
[2026-04-03T01:57:39.521+0600][17.860s][info][gc,phases   ] GC(27) y: Concurrent Relocate 37.214ms
[2026-04-03T01:57:39.521+0600][17.860s][info][gc,alloc    ] GC(27) y:                         Mark Start        Mark End      Relocate Start    Relocate End   
[2026-04-03T01:57:39.521+0600][17.861s][info][gc,alloc    ] GC(27) y: Allocation Stalls:          0                0                0                0         
[2026-04-03T01:57:39.521+0600][17.861s][info][gc,load     ] GC(27) y: Load: 2.80 (23%) / 5.48 (46%) / 6.63 (55%)
[2026-04-03T01:57:39.521+0600][17.861s][info][gc,mmu      ] GC(27) y: MMU: 2ms/94.2%, 5ms/97.6%, 10ms/98.8%, 20ms/99.2%, 50ms/99.6%, 100ms/99.7%
[2026-04-03T01:57:39.521+0600][17.861s][info][gc,marking  ] GC(27) y: Mark: 2 stripe(s), 2 proactive flush(es), 1 terminate flush(es), 0 completion(s), 0 continuation(s) 
[2026-04-03T01:57:39.521+0600][17.861s][info][gc,marking  ] GC(27) y: Mark Stack Usage: 32M
[2026-04-03T01:57:39.521+0600][17.861s][info][gc,nmethod  ] GC(27) y: NMethods: 4686 registered, 613 unregistered
[2026-04-03T01:57:39.521+0600][17.861s][info][gc,metaspace] GC(27) y: Metaspace: 62M used, 63M committed, 1088M reserved
[2026-04-03T01:57:39.521+0600][17.861s][info][gc,reloc    ] GC(27) y:                        Candidates     Selected     In-Place         Size        Empty    Relocated 
[2026-04-03T01:57:39.521+0600][17.861s][info][gc,reloc    ] GC(27) y: Small Pages:                   71           14            0         142M          82M           1M 
[2026-04-03T01:57:39.521+0600][17.861s][info][gc,reloc    ] GC(27) y: Medium Pages:                   0            0            0           0M           0M           0M 
[2026-04-03T01:57:39.521+0600][17.861s][info][gc,reloc    ] GC(27) y: Large Pages:                    2            0            0          16M           0M           0M 
[2026-04-03T01:57:39.521+0600][17.861s][info][gc,reloc    ] GC(27) y: Forwarding Usage: 1M
[2026-04-03T01:57:39.521+0600][17.861s][info][gc,reloc    ] GC(27) y: Age Table:
[2026-04-03T01:57:39.521+0600][17.861s][info][gc,reloc    ] GC(27) y:                    Live             Garbage             Small              Medium             Large        
[2026-04-03T01:57:39.521+0600][17.861s][info][gc,reloc    ] GC(27) y: Eden               6M (1%)          107M (11%)         54 / 12             0 / 0              1 / 0        
[2026-04-03T01:57:39.521+0600][17.861s][info][gc,reloc    ] GC(27) y: Survivor 1        13M (1%)            0M (0%)           7 / 0              0 / 0              0 / 0        
[2026-04-03T01:57:39.521+0600][17.861s][info][gc,reloc    ] GC(27) y: Survivor 2        27M (3%)            2M (0%)          10 / 2              0 / 0              1 / 0        
[2026-04-03T01:57:39.521+0600][17.861s][info][gc,heap     ] GC(27) y: Min Capacity: 8M(1%)
[2026-04-03T01:57:39.521+0600][17.861s][info][gc,heap     ] GC(27) y: Max Capacity: 1000M(100%)
[2026-04-03T01:57:39.521+0600][17.861s][info][gc,heap     ] GC(27) y: Soft Max Capacity: 1000M(100%)
[2026-04-03T01:57:39.521+0600][17.861s][info][gc,heap     ] GC(27) y: Heap Statistics:
[2026-04-03T01:57:39.521+0600][17.861s][info][gc,heap     ] GC(27) y:                Mark Start          Mark End        Relocate Start      Relocate End           High               Low         
[2026-04-03T01:57:39.521+0600][17.861s][info][gc,heap     ] GC(27) y:  Capacity:      852M (85%)         852M (85%)         852M (85%)         852M (85%)         852M (85%)         852M (85%)    
[2026-04-03T01:57:39.521+0600][17.861s][info][gc,heap     ] GC(27) y:      Free:      620M (62%)         478M (48%)         524M (52%)         484M (48%)         620M (62%)         474M (47%)    
[2026-04-03T01:57:39.521+0600][17.861s][info][gc,heap     ] GC(27) y:      Used:      380M (38%)         522M (52%)         476M (48%)         516M (52%)         526M (53%)         380M (38%)    
[2026-04-03T01:57:39.521+0600][17.861s][info][gc,heap     ] GC(27) y: Young Generation Statistics:
[2026-04-03T01:57:39.521+0600][17.861s][info][gc,heap     ] GC(27) y:                Mark Start          Mark End        Relocate Start      Relocate End    
[2026-04-03T01:57:39.521+0600][17.861s][info][gc,heap     ] GC(27) y:      Used:      158M (16%)         300M (30%)         214M (21%)         250M (25%)    
[2026-04-03T01:57:39.521+0600][17.861s][info][gc,heap     ] GC(27) y:      Live:         -                46M (5%)            7M (1%)            6M (1%)     
[2026-04-03T01:57:39.521+0600][17.861s][info][gc,heap     ] GC(27) y:   Garbage:         -               111M (11%)          28M (3%)            0M (0%)     
[2026-04-03T01:57:39.521+0600][17.861s][info][gc,heap     ] GC(27) y: Allocated:         -               142M (14%)         178M (18%)         243M (24%)    
[2026-04-03T01:57:39.521+0600][17.861s][info][gc,heap     ] GC(27) y: Reclaimed:         -                  -                82M (8%)          111M (11%)    
[2026-04-03T01:57:39.521+0600][17.861s][info][gc,heap     ] GC(27) y:  Promoted:         -                  -                39M (4%)           40M (4%)     
[2026-04-03T01:57:39.521+0600][17.861s][info][gc,heap     ] GC(27) y: Compacted:         -                  -                  -                 0M (0%)     
[2026-04-03T01:57:39.521+0600][17.861s][info][gc,phases   ] GC(27) y: Young Generation 380M(38%)->516M(52%) 0.176s
[2026-04-03T01:57:39.521+0600][17.861s][info][gc          ] GC(27) Minor Collection (Allocation Rate) 380M(38%)->516M(52%) 0.176s
[2026-04-03T01:57:39.521+0600][17.861s][info][gc          ] GC(28) Minor Collection (Allocation Rate)
[2026-04-03T01:57:39.521+0600][17.861s][info][gc,task     ] GC(28) Using 2 Workers for Young Generation
[2026-04-03T01:57:39.521+0600][17.861s][info][gc,phases   ] GC(28) y: Young Generation
[2026-04-03T01:57:39.522+0600][17.861s][info][gc,phases   ] GC(28) y: Pause Mark Start 0.020ms
[2026-04-03T01:57:39.544+0600][17.884s][info][gc,phases   ] GC(28) y: Concurrent Mark 22.313ms
[2026-04-03T01:57:39.545+0600][17.884s][info][gc,phases   ] GC(28) y: Pause Mark End 0.056ms
[2026-04-03T01:57:39.545+0600][17.884s][info][gc,phases   ] GC(28) y: Concurrent Mark Free 0.002ms
[2026-04-03T01:57:39.545+0600][17.884s][info][gc,phases   ] GC(28) y: Concurrent Reset Relocation Set 0.058ms
[2026-04-03T01:57:39.548+0600][17.887s][info][gc,reloc    ] GC(28) y: Using tenuring threshold: 1 (Computed)
[2026-04-03T01:57:39.551+0600][17.890s][info][gc,phases   ] GC(28) y: Concurrent Select Relocation Set 5.689ms
[2026-04-03T01:57:39.551+0600][17.890s][info][gc,phases   ] GC(28) y: Pause Relocate Start 0.011ms
[2026-04-03T01:57:39.566+0600][17.906s][info][gc,phases   ] GC(28) y: Concurrent Relocate 15.352ms
[2026-04-03T01:57:39.566+0600][17.906s][info][gc,alloc    ] GC(28) y:                         Mark Start        Mark End      Relocate Start    Relocate End   
[2026-04-03T01:57:39.566+0600][17.906s][info][gc,alloc    ] GC(28) y: Allocation Stalls:          0                0                0                0         
[2026-04-03T01:57:39.566+0600][17.906s][info][gc,load     ] GC(28) y: Load: 2.80 (23%) / 5.48 (46%) / 6.63 (55%)
[2026-04-03T01:57:39.566+0600][17.906s][info][gc,mmu      ] GC(28) y: MMU: 2ms/94.2%, 5ms/97.6%, 10ms/98.8%, 20ms/99.2%, 50ms/99.6%, 100ms/99.7%
[2026-04-03T01:57:39.566+0600][17.906s][info][gc,marking  ] GC(28) y: Mark: 2 stripe(s), 4 proactive flush(es), 1 terminate flush(es), 0 completion(s), 0 continuation(s) 
[2026-04-03T01:57:39.566+0600][17.906s][info][gc,marking  ] GC(28) y: Mark Stack Usage: 32M
[2026-04-03T01:57:39.566+0600][17.906s][info][gc,nmethod  ] GC(28) y: NMethods: 4686 registered, 613 unregistered
[2026-04-03T01:57:39.566+0600][17.906s][info][gc,metaspace] GC(28) y: Metaspace: 62M used, 63M committed, 1088M reserved
[2026-04-03T01:57:39.566+0600][17.906s][info][gc,reloc    ] GC(28) y:                        Candidates     Selected     In-Place         Size        Empty    Relocated 
[2026-04-03T01:57:39.566+0600][17.906s][info][gc,reloc    ] GC(28) y: Small Pages:                  122           11            0         244M         220M           0M 
[2026-04-03T01:57:39.566+0600][17.906s][info][gc,reloc    ] GC(28) y: Medium Pages:                   0            0            0           0M           0M           0M 
[2026-04-03T01:57:39.566+0600][17.906s][info][gc,reloc    ] GC(28) y: Large Pages:                    1            0            0           6M           0M           0M 
[2026-04-03T01:57:39.566+0600][17.906s][info][gc,reloc    ] GC(28) y: Forwarding Usage: 0M
[2026-04-03T01:57:39.566+0600][17.906s][info][gc,reloc    ] GC(28) y: Age Table:
[2026-04-03T01:57:39.566+0600][17.906s][info][gc,reloc    ] GC(28) y:                    Live             Garbage             Small              Medium             Large        
[2026-04-03T01:57:39.566+0600][17.906s][info][gc,reloc    ] GC(28) y: Eden               0M (0%)          237M (24%)        119 / 8              0 / 0              0 / 0        
[2026-04-03T01:57:39.566+0600][17.906s][info][gc,reloc    ] GC(28) y: Survivor 1         6M (1%)            5M (1%)           3 / 3              0 / 0              1 / 0        
[2026-04-03T01:57:39.566+0600][17.906s][info][gc,heap     ] GC(28) y: Min Capacity: 8M(1%)
[2026-04-03T01:57:39.566+0600][17.906s][info][gc,heap     ] GC(28) y: Max Capacity: 1000M(100%)
[2026-04-03T01:57:39.566+0600][17.906s][info][gc,heap     ] GC(28) y: Soft Max Capacity: 1000M(100%)
[2026-04-03T01:57:39.566+0600][17.906s][info][gc,heap     ] GC(28) y: Heap Statistics:
[2026-04-03T01:57:39.567+0600][17.906s][info][gc,heap     ] GC(28) y:                Mark Start          Mark End        Relocate Start      Relocate End           High               Low         
[2026-04-03T01:57:39.567+0600][17.906s][info][gc,heap     ] GC(28) y:  Capacity:      852M (85%)         852M (85%)         852M (85%)         852M (85%)         852M (85%)         852M (85%)    
[2026-04-03T01:57:39.567+0600][17.906s][info][gc,heap     ] GC(28) y:      Free:      484M (48%)         446M (45%)         656M (66%)         642M (64%)         666M (67%)         446M (45%)    
[2026-04-03T01:57:39.567+0600][17.906s][info][gc,heap     ] GC(28) y:      Used:      516M (52%)         554M (55%)         344M (34%)         358M (36%)         554M (55%)         334M (33%)    
[2026-04-03T01:57:39.567+0600][17.906s][info][gc,heap     ] GC(28) y: Young Generation Statistics:
[2026-04-03T01:57:39.567+0600][17.906s][info][gc,heap     ] GC(28) y:                Mark Start          Mark End        Relocate Start      Relocate End    
[2026-04-03T01:57:39.567+0600][17.906s][info][gc,heap     ] GC(28) y:      Used:      250M (25%)         288M (29%)          72M (7%)           80M (8%)     
[2026-04-03T01:57:39.567+0600][17.906s][info][gc,heap     ] GC(28) y:      Live:         -                 6M (1%)            0M (0%)            0M (0%)     
[2026-04-03T01:57:39.567+0600][17.906s][info][gc,heap     ] GC(28) y:   Garbage:         -               243M (24%)          23M (2%)            0M (0%)     
[2026-04-03T01:57:39.567+0600][17.906s][info][gc,heap     ] GC(28) y: Allocated:         -                38M (4%)           48M (5%)           79M (8%)     
[2026-04-03T01:57:39.567+0600][17.906s][info][gc,heap     ] GC(28) y: Reclaimed:         -                  -               220M (22%)         243M (24%)    
[2026-04-03T01:57:39.567+0600][17.906s][info][gc,heap     ] GC(28) y:  Promoted:         -                  -                 6M (1%)            6M (1%)     
[2026-04-03T01:57:39.567+0600][17.906s][info][gc,heap     ] GC(28) y: Compacted:         -                  -                  -                 0M (0%)     
[2026-04-03T01:57:39.567+0600][17.906s][info][gc,phases   ] GC(28) y: Young Generation 516M(52%)->358M(36%) 0.045s
[2026-04-03T01:57:39.567+0600][17.906s][info][gc          ] GC(28) Minor Collection (Allocation Rate) 516M(52%)->358M(36%) 0.045s
[2026-04-03T01:57:39.567+0600][17.906s][info][gc          ] GC(29) Minor Collection (Allocation Rate)
[2026-04-03T01:57:39.567+0600][17.906s][info][gc,task     ] GC(29) Using 2 Workers for Young Generation
[2026-04-03T01:57:39.567+0600][17.906s][info][gc,phases   ] GC(29) y: Young Generation
[2026-04-03T01:57:39.567+0600][17.906s][info][gc,phases   ] GC(29) y: Pause Mark Start 0.021ms
[2026-04-03T01:57:39.573+0600][17.913s][info][gc,phases   ] GC(29) y: Concurrent Mark 6.254ms
[2026-04-03T01:57:39.574+0600][17.913s][info][gc,phases   ] GC(29) y: Pause Mark End 0.021ms
[2026-04-03T01:57:39.574+0600][17.913s][info][gc,phases   ] GC(29) y: Concurrent Mark Free 0.001ms
[2026-04-03T01:57:39.574+0600][17.913s][info][gc,phases   ] GC(29) y: Concurrent Reset Relocation Set 0.004ms
[2026-04-03T01:57:39.575+0600][17.915s][info][gc,phases   ] GC(25) O: Concurrent Mark 417.289ms
[2026-04-03T01:57:39.575+0600][17.915s][info][gc,reloc    ] GC(29) y: Using tenuring threshold: 2 (Computed)
[2026-04-03T01:57:39.575+0600][17.915s][info][gc,phases   ] GC(25) O: Pause Mark End 0.012ms
[2026-04-03T01:57:39.575+0600][17.915s][info][gc,phases   ] GC(25) O: Concurrent Mark Free 0.001ms
[2026-04-03T01:57:39.575+0600][17.915s][info][gc,phases   ] GC(29) y: Concurrent Select Relocation Set 1.711ms
[2026-04-03T01:57:39.575+0600][17.915s][info][gc,phases   ] GC(29) y: Pause Relocate Start 0.009ms
[2026-04-03T01:57:39.576+0600][17.915s][info][gc,phases   ] GC(29) y: Concurrent Relocate 0.111ms
[2026-04-03T01:57:39.576+0600][17.915s][info][gc,alloc    ] GC(29) y:                         Mark Start        Mark End      Relocate Start    Relocate End   
[2026-04-03T01:57:39.576+0600][17.915s][info][gc,alloc    ] GC(29) y: Allocation Stalls:          0                0                0                0         
[2026-04-03T01:57:39.576+0600][17.915s][info][gc,load     ] GC(29) y: Load: 2.80 (23%) / 5.48 (46%) / 6.63 (55%)
[2026-04-03T01:57:39.576+0600][17.915s][info][gc,mmu      ] GC(29) y: MMU: 2ms/94.2%, 5ms/97.6%, 10ms/98.8%, 20ms/99.2%, 50ms/99.6%, 100ms/99.7%
[2026-04-03T01:57:39.576+0600][17.915s][info][gc,marking  ] GC(29) y: Mark: 2 stripe(s), 2 proactive flush(es), 1 terminate flush(es), 0 completion(s), 0 continuation(s) 
[2026-04-03T01:57:39.576+0600][17.915s][info][gc,marking  ] GC(29) y: Mark Stack Usage: 32M
[2026-04-03T01:57:39.576+0600][17.915s][info][gc,nmethod  ] GC(29) y: NMethods: 4686 registered, 613 unregistered
[2026-04-03T01:57:39.576+0600][17.915s][info][gc,metaspace] GC(29) y: Metaspace: 62M used, 63M committed, 1088M reserved
[2026-04-03T01:57:39.576+0600][17.915s][info][gc,reloc    ] GC(29) y:                        Candidates     Selected     In-Place         Size        Empty    Relocated 
[2026-04-03T01:57:39.576+0600][17.915s][info][gc,reloc    ] GC(29) y: Small Pages:                   41            9            0          82M          62M           0M 
[2026-04-03T01:57:39.576+0600][17.915s][info][gc,reloc    ] GC(29) y: Medium Pages:                   0            0            0           0M           0M           0M 
[2026-04-03T01:57:39.576+0600][17.915s][info][gc,reloc    ] GC(29) y: Large Pages:                    0            0            0           0M           0M           0M 
[2026-04-03T01:57:39.576+0600][17.915s][info][gc,reloc    ] GC(29) y: Forwarding Usage: 0M
[2026-04-03T01:57:39.576+0600][17.915s][info][gc,reloc    ] GC(29) y: Age Table:
[2026-04-03T01:57:39.576+0600][17.915s][info][gc,reloc    ] GC(29) y:                    Live             Garbage             Small              Medium             Large        
[2026-04-03T01:57:39.576+0600][17.915s][info][gc,reloc    ] GC(29) y: Eden               0M (0%)           75M (8%)          38 / 7              0 / 0              0 / 0        
[2026-04-03T01:57:39.576+0600][17.915s][info][gc,reloc    ] GC(29) y: Survivor 1         0M (0%)            5M (1%)           3 / 2              0 / 0              0 / 0        
[2026-04-03T01:57:39.576+0600][17.915s][info][gc,heap     ] GC(29) y: Min Capacity: 8M(1%)
[2026-04-03T01:57:39.576+0600][17.915s][info][gc,heap     ] GC(29) y: Max Capacity: 1000M(100%)
[2026-04-03T01:57:39.576+0600][17.915s][info][gc,heap     ] GC(29) y: Soft Max Capacity: 1000M(100%)
[2026-04-03T01:57:39.576+0600][17.915s][info][gc,heap     ] GC(29) y: Heap Statistics:
[2026-04-03T01:57:39.576+0600][17.915s][info][gc,heap     ] GC(29) y:                Mark Start          Mark End        Relocate Start      Relocate End           High               Low         
[2026-04-03T01:57:39.576+0600][17.915s][info][gc,heap     ] GC(29) y:  Capacity:      852M (85%)         852M (85%)         852M (85%)         852M (85%)         852M (85%)         852M (85%)    
[2026-04-03T01:57:39.576+0600][17.915s][info][gc,heap     ] GC(29) y:      Free:      640M (64%)         628M (63%)         686M (69%)         694M (69%)         694M (69%)         626M (63%)    
[2026-04-03T01:57:39.576+0600][17.915s][info][gc,heap     ] GC(29) y:      Used:      360M (36%)         372M (37%)         314M (31%)         306M (31%)         374M (37%)         306M (31%)    
[2026-04-03T01:57:39.576+0600][17.915s][info][gc,heap     ] GC(29) y: Young Generation Statistics:
[2026-04-03T01:57:39.576+0600][17.915s][info][gc,heap     ] GC(29) y:                Mark Start          Mark End        Relocate Start      Relocate End    
[2026-04-03T01:57:39.576+0600][17.915s][info][gc,heap     ] GC(29) y:      Used:       82M (8%)           94M (9%)           36M (4%)           28M (3%)     
[2026-04-03T01:57:39.576+0600][17.915s][info][gc,heap     ] GC(29) y:      Live:         -                 0M (0%)            0M (0%)            0M (0%)     
[2026-04-03T01:57:39.576+0600][17.915s][info][gc,heap     ] GC(29) y:   Garbage:         -                81M (8%)           19M (2%)            0M (0%)     
[2026-04-03T01:57:39.576+0600][17.915s][info][gc,heap     ] GC(29) y: Allocated:         -                12M (1%)           16M (2%)           27M (3%)     
[2026-04-03T01:57:39.576+0600][17.915s][info][gc,heap     ] GC(29) y: Reclaimed:         -                  -                62M (6%)           81M (8%)     
[2026-04-03T01:57:39.576+0600][17.915s][info][gc,heap     ] GC(29) y:  Promoted:         -                  -                 0M (0%)            0M (0%)     
[2026-04-03T01:57:39.576+0600][17.915s][info][gc,heap     ] GC(29) y: Compacted:         -                  -                  -                 0M (0%)     
[2026-04-03T01:57:39.576+0600][17.915s][info][gc,phases   ] GC(29) y: Young Generation 360M(36%)->306M(31%) 0.009s
[2026-04-03T01:57:39.576+0600][17.915s][info][gc          ] GC(29) Minor Collection (Allocation Rate) 360M(36%)->306M(31%) 0.009s
[2026-04-03T01:57:39.596+0600][17.935s][info][gc          ] GC(30) Minor Collection (Allocation Rate)
[2026-04-03T01:57:39.596+0600][17.935s][info][gc,task     ] GC(30) Using 2 Workers for Young Generation
[2026-04-03T01:57:39.596+0600][17.935s][info][gc,phases   ] GC(30) y: Young Generation
[2026-04-03T01:57:39.597+0600][17.936s][info][gc,phases   ] GC(30) y: Pause Mark Start 0.022ms
[2026-04-03T01:57:39.597+0600][17.937s][info][gc,phases   ] GC(25) O: Concurrent Process Non-Strong 21.832ms
[2026-04-03T01:57:39.597+0600][17.937s][info][gc,phases   ] GC(25) O: Concurrent Reset Relocation Set 0.003ms
[2026-04-03T01:57:39.603+0600][17.943s][info][gc,phases   ] GC(25) O: Concurrent Select Relocation Set 5.989ms
[2026-04-03T01:57:39.605+0600][17.945s][info][gc,phases   ] GC(30) y: Concurrent Mark 8.187ms
[2026-04-03T01:57:39.605+0600][17.945s][info][gc,phases   ] GC(30) y: Pause Mark End 0.021ms
[2026-04-03T01:57:39.606+0600][17.945s][info][gc,phases   ] GC(30) y: Concurrent Mark Free 0.003ms
[2026-04-03T01:57:39.606+0600][17.945s][info][gc,phases   ] GC(30) y: Concurrent Reset Relocation Set 0.003ms
[2026-04-03T01:57:39.607+0600][17.947s][info][gc,reloc    ] GC(30) y: Using tenuring threshold: 3 (Computed)
[2026-04-03T01:57:39.608+0600][17.947s][info][gc,phases   ] GC(30) y: Concurrent Select Relocation Set 2.018ms
[2026-04-03T01:57:39.608+0600][17.947s][info][gc,phases   ] GC(30) y: Pause Relocate Start 0.024ms
[2026-04-03T01:57:39.608+0600][17.948s][info][gc,phases   ] GC(30) y: Concurrent Relocate 0.530ms
[2026-04-03T01:57:39.609+0600][17.948s][info][gc,alloc    ] GC(30) y:                         Mark Start        Mark End      Relocate Start    Relocate End   
[2026-04-03T01:57:39.609+0600][17.948s][info][gc,alloc    ] GC(30) y: Allocation Stalls:          0                0                0                0         
[2026-04-03T01:57:39.609+0600][17.948s][info][gc,load     ] GC(30) y: Load: 2.80 (23%) / 5.48 (46%) / 6.63 (55%)
[2026-04-03T01:57:39.609+0600][17.948s][info][gc,mmu      ] GC(30) y: MMU: 2ms/94.2%, 5ms/97.6%, 10ms/98.8%, 20ms/99.2%, 50ms/99.6%, 100ms/99.7%
[2026-04-03T01:57:39.609+0600][17.948s][info][gc,marking  ] GC(30) y: Mark: 2 stripe(s), 2 proactive flush(es), 1 terminate flush(es), 0 completion(s), 0 continuation(s) 
[2026-04-03T01:57:39.609+0600][17.948s][info][gc,marking  ] GC(30) y: Mark Stack Usage: 32M
[2026-04-03T01:57:39.609+0600][17.948s][info][gc,nmethod  ] GC(30) y: NMethods: 4568 registered, 731 unregistered
[2026-04-03T01:57:39.609+0600][17.948s][info][gc,metaspace] GC(30) y: Metaspace: 62M used, 63M committed, 1088M reserved
[2026-04-03T01:57:39.609+0600][17.948s][info][gc,reloc    ] GC(30) y:                        Candidates     Selected     In-Place         Size        Empty    Relocated 
[2026-04-03T01:57:39.609+0600][17.948s][info][gc,reloc    ] GC(30) y: Small Pages:                   30            6            0          60M          46M           0M 
[2026-04-03T01:57:39.609+0600][17.948s][info][gc,reloc    ] GC(30) y: Medium Pages:                   0            0            0           0M           0M           0M 
[2026-04-03T01:57:39.609+0600][17.948s][info][gc,reloc    ] GC(30) y: Large Pages:                    0            0            0           0M           0M           0M 
[2026-04-03T01:57:39.609+0600][17.948s][info][gc,reloc    ] GC(30) y: Forwarding Usage: 0M
[2026-04-03T01:57:39.609+0600][17.948s][info][gc,reloc    ] GC(30) y: Age Table:
[2026-04-03T01:57:39.609+0600][17.948s][info][gc,reloc    ] GC(30) y:                    Live             Garbage             Small              Medium             Large        
[2026-04-03T01:57:39.609+0600][17.948s][info][gc,reloc    ] GC(30) y: Eden               0M (0%)           47M (5%)          24 / 3              0 / 0              0 / 0        
[2026-04-03T01:57:39.609+0600][17.948s][info][gc,reloc    ] GC(30) y: Survivor 1         0M (0%)            5M (1%)           3 / 1              0 / 0              0 / 0        
[2026-04-03T01:57:39.609+0600][17.948s][info][gc,reloc    ] GC(30) y: Survivor 2         0M (0%)            5M (1%)           3 / 2              0 / 0              0 / 0        
[2026-04-03T01:57:39.609+0600][17.948s][info][gc,heap     ] GC(30) y: Min Capacity: 8M(1%)
[2026-04-03T01:57:39.609+0600][17.948s][info][gc,heap     ] GC(30) y: Max Capacity: 1000M(100%)
[2026-04-03T01:57:39.609+0600][17.948s][info][gc,heap     ] GC(30) y: Soft Max Capacity: 1000M(100%)
[2026-04-03T01:57:39.609+0600][17.948s][info][gc,heap     ] GC(30) y: Heap Statistics:
[2026-04-03T01:57:39.609+0600][17.948s][info][gc,heap     ] GC(30) y:                Mark Start          Mark End        Relocate Start      Relocate End           High               Low         
[2026-04-03T01:57:39.609+0600][17.948s][info][gc,heap     ] GC(30) y:  Capacity:      852M (85%)         852M (85%)         852M (85%)         852M (85%)         852M (85%)         852M (85%)    
[2026-04-03T01:57:39.609+0600][17.948s][info][gc,heap     ] GC(30) y:      Free:      662M (66%)         652M (65%)         694M (69%)         698M (70%)         698M (70%)         648M (65%)    
[2026-04-03T01:57:39.609+0600][17.948s][info][gc,heap     ] GC(30) y:      Used:      338M (34%)         348M (35%)         306M (31%)         302M (30%)         352M (35%)         302M (30%)    
[2026-04-03T01:57:39.609+0600][17.948s][info][gc,heap     ] GC(30) y: Young Generation Statistics:
[2026-04-03T01:57:39.609+0600][17.948s][info][gc,heap     ] GC(30) y:                Mark Start          Mark End        Relocate Start      Relocate End    
[2026-04-03T01:57:39.609+0600][17.948s][info][gc,heap     ] GC(30) y:      Used:       60M (6%)           76M (8%)           34M (3%)           30M (3%)     
[2026-04-03T01:57:39.609+0600][17.948s][info][gc,heap     ] GC(30) y:      Live:         -                 0M (0%)            0M (0%)            0M (0%)     
[2026-04-03T01:57:39.609+0600][17.948s][info][gc,heap     ] GC(30) y:   Garbage:         -                59M (6%)           13M (1%)            0M (0%)     
[2026-04-03T01:57:39.609+0600][17.948s][info][gc,heap     ] GC(30) y: Allocated:         -                16M (2%)           20M (2%)           29M (3%)     
[2026-04-03T01:57:39.609+0600][17.948s][info][gc,heap     ] GC(30) y: Reclaimed:         -                  -                46M (5%)           59M (6%)     
[2026-04-03T01:57:39.609+0600][17.948s][info][gc,heap     ] GC(30) y:  Promoted:         -                  -                 0M (0%)            0M (0%)     
[2026-04-03T01:57:39.609+0600][17.948s][info][gc,heap     ] GC(30) y: Compacted:         -                  -                  -                 0M (0%)     
[2026-04-03T01:57:39.609+0600][17.948s][info][gc,phases   ] GC(30) y: Young Generation 336M(34%)->302M(30%) 0.013s
[2026-04-03T01:57:39.609+0600][17.948s][info][gc          ] GC(30) Minor Collection (Allocation Rate) 336M(34%)->304M(30%) 0.013s
[2026-04-03T01:57:39.609+0600][17.948s][info][gc,task     ] GC(25) O: Using 3 Workers for Old Generation
[2026-04-03T01:57:39.627+0600][17.967s][info][gc,task     ] GC(25) O: Using 1 Workers for Old Generation
[2026-04-03T01:57:39.627+0600][17.967s][info][gc,phases   ] GC(25) O: Concurrent Remap Roots 18.224ms
[2026-04-03T01:57:39.627+0600][17.967s][info][gc,phases   ] GC(25) O: Pause Relocate Start 0.021ms
[2026-04-03T01:57:39.636+0600][17.975s][info][gc,phases   ] GC(25) O: Concurrent Relocate 8.377ms
[2026-04-03T01:57:39.636+0600][17.975s][info][gc,alloc    ] GC(25) O:                         Mark Start        Mark End      Relocate Start    Relocate End   
[2026-04-03T01:57:39.636+0600][17.975s][info][gc,alloc    ] GC(25) O: Allocation Stalls:          0                0                0                0         
[2026-04-03T01:57:39.636+0600][17.975s][info][gc,load     ] GC(25) O: Load: 2.80 (23%) / 5.48 (46%) / 6.63 (55%)
[2026-04-03T01:57:39.636+0600][17.975s][info][gc,mmu      ] GC(25) O: MMU: 2ms/94.2%, 5ms/97.6%, 10ms/98.8%, 20ms/99.2%, 50ms/99.6%, 100ms/99.7%
[2026-04-03T01:57:39.636+0600][17.975s][info][gc,marking  ] GC(25) O: Mark: 1 stripe(s), 2 proactive flush(es), 1 terminate flush(es), 0 completion(s), 0 continuation(s) 
[2026-04-03T01:57:39.636+0600][17.975s][info][gc,marking  ] GC(25) O: Mark Stack Usage: 32M
[2026-04-03T01:57:39.636+0600][17.975s][info][gc,nmethod  ] GC(25) O: NMethods: 4568 registered, 731 unregistered
[2026-04-03T01:57:39.636+0600][17.975s][info][gc,metaspace] GC(25) O: Metaspace: 62M used, 63M committed, 1088M reserved
[2026-04-03T01:57:39.636+0600][17.975s][info][gc,ref      ] GC(25) O:                       Encountered   Discovered     Enqueued 
[2026-04-03T01:57:39.636+0600][17.976s][info][gc,ref      ] GC(25) O: Soft References:             4730            0            0 
[2026-04-03T01:57:39.636+0600][17.976s][info][gc,ref      ] GC(25) O: Weak References:             5730         4633          271 
[2026-04-03T01:57:39.636+0600][17.976s][info][gc,ref      ] GC(25) O: Final References:              82            0            0 
[2026-04-03T01:57:39.636+0600][17.976s][info][gc,ref      ] GC(25) O: Phantom References:           593          213            0 
[2026-04-03T01:57:39.636+0600][17.976s][info][gc,reloc    ] GC(25) O:                        Candidates     Selected     In-Place         Size        Empty    Relocated 
[2026-04-03T01:57:39.636+0600][17.976s][info][gc,reloc    ] GC(25) O: Small Pages:                   88           12            0         176M           0M           2M 
[2026-04-03T01:57:39.636+0600][17.976s][info][gc,reloc    ] GC(25) O: Medium Pages:                   1            0            0          16M           0M           0M 
[2026-04-03T01:57:39.636+0600][17.976s][info][gc,reloc    ] GC(25) O: Large Pages:                    3            0            0          16M           6M           0M 
[2026-04-03T01:57:39.636+0600][17.976s][info][gc,reloc    ] GC(25) O: Forwarding Usage: 1M
[2026-04-03T01:57:39.636+0600][17.976s][info][gc,heap     ] GC(25) O: Min Capacity: 8M(1%)
[2026-04-03T01:57:39.636+0600][17.976s][info][gc,heap     ] GC(25) O: Max Capacity: 1000M(100%)
[2026-04-03T01:57:39.636+0600][17.976s][info][gc,heap     ] GC(25) O: Soft Max Capacity: 1000M(100%)
[2026-04-03T01:57:39.636+0600][17.976s][info][gc,heap     ] GC(25) O: Heap Statistics:
[2026-04-03T01:57:39.636+0600][17.976s][info][gc,heap     ] GC(25) O:                Mark Start          Mark End        Relocate Start      Relocate End           High               Low         
[2026-04-03T01:57:39.636+0600][17.976s][info][gc,heap     ] GC(25) O:  Capacity:      852M (85%)         852M (85%)         852M (85%)         852M (85%)         852M (85%)         852M (85%)    
[2026-04-03T01:57:39.636+0600][17.976s][info][gc,heap     ] GC(25) O:      Free:      388M (39%)         688M (69%)         670M (67%)         676M (68%)         698M (70%)         178M (18%)    
[2026-04-03T01:57:39.636+0600][17.976s][info][gc,heap     ] GC(25) O:      Used:      612M (61%)         312M (31%)         330M (33%)         324M (32%)         822M (82%)         302M (30%)    
[2026-04-03T01:57:39.636+0600][17.976s][info][gc,heap     ] GC(25) O: Old Generation Statistics:
[2026-04-03T01:57:39.636+0600][17.976s][info][gc,heap     ] GC(25) O:                Mark Start          Mark End        Relocate Start      Relocate End    
[2026-04-03T01:57:39.636+0600][17.976s][info][gc,heap     ] GC(25) O:      Used:      208M (21%)         278M (28%)         272M (27%)         250M (25%)    
[2026-04-03T01:57:39.636+0600][17.976s][info][gc,heap     ] GC(25) O:      Live:         -               160M (16%)         160M (16%)         160M (16%)    
[2026-04-03T01:57:39.636+0600][17.976s][info][gc,heap     ] GC(25) O:   Garbage:         -                47M (5%)           41M (4%)           17M (2%)     
[2026-04-03T01:57:39.636+0600][17.976s][info][gc,heap     ] GC(25) O: Allocated:         -                70M (7%)           70M (7%)           72M (7%)     
[2026-04-03T01:57:39.636+0600][17.976s][info][gc,heap     ] GC(25) O: Reclaimed:         -                  -                 6M (1%)           30M (3%)     
[2026-04-03T01:57:39.636+0600][17.976s][info][gc,heap     ] GC(25) O: Compacted:         -                  -                  -                 3M (0%)     
[2026-04-03T01:57:39.636+0600][17.976s][info][gc,phases   ] GC(25) O: Old Generation 528M(53%)->324M(32%) 0.478s
[2026-04-03T01:57:39.636+0600][17.976s][info][gc          ] GC(25) Major Collection (Allocation Rate) 612M(61%)->324M(32%) 0.596s
[2026-04-03T01:57:39.672+0600][18.012s][info][gc          ] GC(31) Major Collection (Allocation Rate)
[2026-04-03T01:57:39.672+0600][18.012s][info][gc,task     ] GC(31) Using 2 Workers for Young Generation
[2026-04-03T01:57:39.672+0600][18.012s][info][gc,task     ] GC(31) Using 1 Workers for Old Generation
[2026-04-03T01:57:39.672+0600][18.012s][info][gc,phases   ] GC(31) Y: Young Generation
[2026-04-03T01:57:39.673+0600][18.012s][info][gc,phases   ] GC(31) Y: Pause Mark Start (Major) 0.021ms
[2026-04-03T01:57:39.680+0600][18.019s][info][gc,phases   ] GC(31) Y: Concurrent Mark 7.007ms
[2026-04-03T01:57:39.680+0600][18.019s][info][gc,phases   ] GC(31) Y: Pause Mark End 0.019ms
[2026-04-03T01:57:39.680+0600][18.019s][info][gc,phases   ] GC(31) Y: Concurrent Mark Free 0.001ms
[2026-04-03T01:57:39.680+0600][18.020s][info][gc,phases   ] GC(31) Y: Concurrent Reset Relocation Set 0.002ms
[2026-04-03T01:57:39.684+0600][18.024s][info][gc,reloc    ] GC(31) Y: Using tenuring threshold: 2 (Computed)
[2026-04-03T01:57:39.684+0600][18.024s][info][gc,phases   ] GC(31) Y: Concurrent Select Relocation Set 4.274ms
[2026-04-03T01:57:39.685+0600][18.024s][info][gc,phases   ] GC(31) Y: Pause Relocate Start 0.010ms
[2026-04-03T01:57:39.685+0600][18.024s][info][gc,phases   ] GC(31) Y: Concurrent Relocate 0.098ms
[2026-04-03T01:57:39.685+0600][18.024s][info][gc,alloc    ] GC(31) Y:                         Mark Start        Mark End      Relocate Start    Relocate End   
[2026-04-03T01:57:39.685+0600][18.024s][info][gc,alloc    ] GC(31) Y: Allocation Stalls:          0                0                0                0         
[2026-04-03T01:57:39.685+0600][18.024s][info][gc,load     ] GC(31) Y: Load: 2.80 (23%) / 5.48 (46%) / 6.63 (55%)
[2026-04-03T01:57:39.685+0600][18.024s][info][gc,mmu      ] GC(31) Y: MMU: 2ms/94.2%, 5ms/97.6%, 10ms/98.8%, 20ms/99.2%, 50ms/99.6%, 100ms/99.7%
[2026-04-03T01:57:39.685+0600][18.024s][info][gc,marking  ] GC(31) Y: Mark: 2 stripe(s), 2 proactive flush(es), 1 terminate flush(es), 0 completion(s), 0 continuation(s) 
[2026-04-03T01:57:39.685+0600][18.024s][info][gc,marking  ] GC(31) Y: Mark Stack Usage: 32M
[2026-04-03T01:57:39.685+0600][18.024s][info][gc,nmethod  ] GC(31) Y: NMethods: 4568 registered, 731 unregistered
[2026-04-03T01:57:39.685+0600][18.024s][info][gc,metaspace] GC(31) Y: Metaspace: 62M used, 63M committed, 1088M reserved
[2026-04-03T01:57:39.685+0600][18.024s][info][gc,reloc    ] GC(31) Y:                        Candidates     Selected     In-Place         Size        Empty    Relocated 
[2026-04-03T01:57:39.685+0600][18.024s][info][gc,reloc    ] GC(31) Y: Small Pages:                   81            6            0         162M         148M           0M 
[2026-04-03T01:57:39.685+0600][18.024s][info][gc,reloc    ] GC(31) Y: Medium Pages:                   0            0            0           0M           0M           0M 
[2026-04-03T01:57:39.685+0600][18.024s][info][gc,reloc    ] GC(31) Y: Large Pages:                    0            0            0           0M           0M           0M 
[2026-04-03T01:57:39.685+0600][18.024s][info][gc,reloc    ] GC(31) Y: Forwarding Usage: 0M
[2026-04-03T01:57:39.685+0600][18.024s][info][gc,reloc    ] GC(31) Y: Age Table:
[2026-04-03T01:57:39.685+0600][18.024s][info][gc,reloc    ] GC(31) Y:                    Live             Garbage             Small              Medium             Large        
[2026-04-03T01:57:39.685+0600][18.024s][info][gc,reloc    ] GC(31) Y: Eden               0M (0%)          151M (15%)         76 / 5              0 / 0              0 / 0        
[2026-04-03T01:57:39.685+0600][18.024s][info][gc,reloc    ] GC(31) Y: Survivor 1         0M (0%)            5M (1%)           3 / 1              0 / 0              0 / 0        
[2026-04-03T01:57:39.685+0600][18.024s][info][gc,reloc    ] GC(31) Y: Survivor 2          -                 2M (0%)           1 / 0              0 / 0              0 / 0        
[2026-04-03T01:57:39.685+0600][18.024s][info][gc,reloc    ] GC(31) Y: Survivor 3          -                 2M (0%)           1 / 0              0 / 0              0 / 0        
[2026-04-03T01:57:39.685+0600][18.024s][info][gc,heap     ] GC(31) Y: Min Capacity: 8M(1%)
[2026-04-03T01:57:39.685+0600][18.024s][info][gc,heap     ] GC(31) Y: Max Capacity: 1000M(100%)
[2026-04-03T01:57:39.685+0600][18.024s][info][gc,heap     ] GC(31) Y: Soft Max Capacity: 1000M(100%)
[2026-04-03T01:57:39.685+0600][18.024s][info][gc,heap     ] GC(31) Y: Heap Statistics:
[2026-04-03T01:57:39.685+0600][18.024s][info][gc,heap     ] GC(31) Y:                Mark Start          Mark End        Relocate Start      Relocate End           High               Low         
[2026-04-03T01:57:39.685+0600][18.024s][info][gc,heap     ] GC(31) Y:  Capacity:      852M (85%)         852M (85%)         852M (85%)         852M (85%)         852M (85%)         852M (85%)    
[2026-04-03T01:57:39.685+0600][18.024s][info][gc,heap     ] GC(31) Y:      Free:      588M (59%)         568M (57%)         708M (71%)         716M (72%)         716M (72%)         568M (57%)    
[2026-04-03T01:57:39.685+0600][18.024s][info][gc,heap     ] GC(31) Y:      Used:      412M (41%)         432M (43%)         292M (29%)         284M (28%)         432M (43%)         284M (28%)    
[2026-04-03T01:57:39.685+0600][18.024s][info][gc,heap     ] GC(31) Y: Young Generation Statistics:
[2026-04-03T01:57:39.685+0600][18.024s][info][gc,heap     ] GC(31) Y:                Mark Start          Mark End        Relocate Start      Relocate End    
[2026-04-03T01:57:39.685+0600][18.024s][info][gc,heap     ] GC(31) Y:      Used:      162M (16%)         182M (18%)          42M (4%)           34M (3%)     
[2026-04-03T01:57:39.685+0600][18.024s][info][gc,heap     ] GC(31) Y:      Live:         -                 0M (0%)            0M (0%)            0M (0%)     
[2026-04-03T01:57:39.685+0600][18.024s][info][gc,heap     ] GC(31) Y:   Garbage:         -               161M (16%)          13M (1%)            0M (0%)     
[2026-04-03T01:57:39.685+0600][18.024s][info][gc,heap     ] GC(31) Y: Allocated:         -                20M (2%)           28M (3%)           33M (3%)     
[2026-04-03T01:57:39.685+0600][18.025s][info][gc,heap     ] GC(31) Y: Reclaimed:         -                  -               148M (15%)         161M (16%)    
[2026-04-03T01:57:39.685+0600][18.025s][info][gc,heap     ] GC(31) Y:  Promoted:         -                  -                 0M (0%)            0M (0%)     
[2026-04-03T01:57:39.685+0600][18.025s][info][gc,heap     ] GC(31) Y: Compacted:         -                  -                  -                 0M (0%)     
[2026-04-03T01:57:39.685+0600][18.025s][info][gc,phases   ] GC(31) Y: Young Generation 412M(41%)->284M(28%) 0.012s
[2026-04-03T01:57:39.685+0600][18.025s][info][gc,phases   ] GC(31) O: Old Generation
[2026-04-03T01:57:39.870+0600][18.210s][info][gc          ] GC(32) Minor Collection (Allocation Rate)
[2026-04-03T01:57:39.870+0600][18.210s][info][gc,task     ] GC(32) Using 1 Workers for Young Generation
[2026-04-03T01:57:39.870+0600][18.210s][info][gc,phases   ] GC(32) y: Young Generation
[2026-04-03T01:57:39.871+0600][18.210s][info][gc,phases   ] GC(32) y: Pause Mark Start 0.019ms
[2026-04-03T01:57:39.881+0600][18.220s][info][gc,phases   ] GC(32) y: Concurrent Mark 9.839ms
[2026-04-03T01:57:39.881+0600][18.220s][info][gc,phases   ] GC(32) y: Pause Mark End 0.022ms
[2026-04-03T01:57:39.881+0600][18.220s][info][gc,phases   ] GC(32) y: Concurrent Mark Free 0.002ms
[2026-04-03T01:57:39.881+0600][18.220s][info][gc,phases   ] GC(32) y: Concurrent Reset Relocation Set 0.002ms
[2026-04-03T01:57:39.882+0600][18.222s][info][gc,reloc    ] GC(32) y: Using tenuring threshold: 3 (Computed)
[2026-04-03T01:57:39.883+0600][18.223s][info][gc,phases   ] GC(32) y: Concurrent Select Relocation Set 2.114ms
[2026-04-03T01:57:39.883+0600][18.223s][info][gc,phases   ] GC(32) y: Pause Relocate Start 0.017ms
[2026-04-03T01:57:39.884+0600][18.224s][info][gc,phases   ] GC(32) y: Concurrent Relocate 0.661ms
[2026-04-03T01:57:39.884+0600][18.224s][info][gc,alloc    ] GC(32) y:                         Mark Start        Mark End      Relocate Start    Relocate End   
[2026-04-03T01:57:39.884+0600][18.224s][info][gc,alloc    ] GC(32) y: Allocation Stalls:          0                0                0                0         
[2026-04-03T01:57:39.884+0600][18.224s][info][gc,load     ] GC(32) y: Load: 2.80 (23%) / 5.48 (46%) / 6.63 (55%)
[2026-04-03T01:57:39.884+0600][18.224s][info][gc,mmu      ] GC(32) y: MMU: 2ms/94.2%, 5ms/97.6%, 10ms/98.8%, 20ms/99.2%, 50ms/99.6%, 100ms/99.7%
[2026-04-03T01:57:39.884+0600][18.224s][info][gc,marking  ] GC(32) y: Mark: 1 stripe(s), 2 proactive flush(es), 1 terminate flush(es), 0 completion(s), 0 continuation(s) 
[2026-04-03T01:57:39.884+0600][18.224s][info][gc,marking  ] GC(32) y: Mark Stack Usage: 32M
[2026-04-03T01:57:39.884+0600][18.224s][info][gc,nmethod  ] GC(32) y: NMethods: 4603 registered, 731 unregistered
[2026-04-03T01:57:39.884+0600][18.224s][info][gc,metaspace] GC(32) y: Metaspace: 62M used, 63M committed, 1088M reserved
[2026-04-03T01:57:39.884+0600][18.224s][info][gc,reloc    ] GC(32) y:                        Candidates     Selected     In-Place         Size        Empty    Relocated 
[2026-04-03T01:57:39.884+0600][18.224s][info][gc,reloc    ] GC(32) y: Small Pages:                  131           16            0         262M         228M           0M 
[2026-04-03T01:57:39.884+0600][18.224s][info][gc,reloc    ] GC(32) y: Medium Pages:                   1            0            0          16M          16M           0M 
[2026-04-03T01:57:39.884+0600][18.224s][info][gc,reloc    ] GC(32) y: Large Pages:                    0            0            0           0M           0M           0M 
[2026-04-03T01:57:39.884+0600][18.224s][info][gc,reloc    ] GC(32) y: Forwarding Usage: 0M
[2026-04-03T01:57:39.884+0600][18.224s][info][gc,reloc    ] GC(32) y: Age Table:
[2026-04-03T01:57:39.884+0600][18.224s][info][gc,reloc    ] GC(32) y:                    Live             Garbage             Small              Medium             Large        
[2026-04-03T01:57:39.884+0600][18.224s][info][gc,reloc    ] GC(32) y: Eden               0M (0%)          271M (27%)        128 / 14             1 / 0              0 / 0        
[2026-04-03T01:57:39.884+0600][18.224s][info][gc,reloc    ] GC(32) y: Survivor 1         0M (0%)            3M (0%)           2 / 1              0 / 0              0 / 0        
[2026-04-03T01:57:39.884+0600][18.224s][info][gc,reloc    ] GC(32) y: Survivor 2         0M (0%)            1M (0%)           1 / 1              0 / 0              0 / 0        
[2026-04-03T01:57:39.884+0600][18.224s][info][gc,heap     ] GC(32) y: Min Capacity: 8M(1%)
[2026-04-03T01:57:39.884+0600][18.224s][info][gc,heap     ] GC(32) y: Max Capacity: 1000M(100%)
[2026-04-03T01:57:39.884+0600][18.224s][info][gc,heap     ] GC(32) y: Soft Max Capacity: 1000M(100%)
[2026-04-03T01:57:39.884+0600][18.224s][info][gc,heap     ] GC(32) y: Heap Statistics:
[2026-04-03T01:57:39.884+0600][18.224s][info][gc,heap     ] GC(32) y:                Mark Start          Mark End        Relocate Start      Relocate End           High               Low         
[2026-04-03T01:57:39.884+0600][18.224s][info][gc,heap     ] GC(32) y:  Capacity:      852M (85%)         852M (85%)         852M (85%)         852M (85%)         852M (85%)         852M (85%)    
[2026-04-03T01:57:39.884+0600][18.224s][info][gc,heap     ] GC(32) y:      Free:      472M (47%)         460M (46%)         700M (70%)         728M (73%)         728M (73%)         460M (46%)    
[2026-04-03T01:57:39.884+0600][18.224s][info][gc,heap     ] GC(32) y:      Used:      528M (53%)         540M (54%)         300M (30%)         272M (27%)         540M (54%)         272M (27%)    
[2026-04-03T01:57:39.884+0600][18.224s][info][gc,heap     ] GC(32) y: Young Generation Statistics:
[2026-04-03T01:57:39.884+0600][18.224s][info][gc,heap     ] GC(32) y:                Mark Start          Mark End        Relocate Start      Relocate End    
[2026-04-03T01:57:39.884+0600][18.224s][info][gc,heap     ] GC(32) y:      Used:      278M (28%)         290M (29%)          50M (5%)           22M (2%)     
[2026-04-03T01:57:39.884+0600][18.224s][info][gc,heap     ] GC(32) y:      Live:         -                 0M (0%)            0M (0%)            0M (0%)     
[2026-04-03T01:57:39.884+0600][18.224s][info][gc,heap     ] GC(32) y:   Garbage:         -               277M (28%)          33M (3%)            0M (0%)     
[2026-04-03T01:57:39.884+0600][18.224s][info][gc,heap     ] GC(32) y: Allocated:         -                12M (1%)           16M (2%)           21M (2%)     
[2026-04-03T01:57:39.884+0600][18.224s][info][gc,heap     ] GC(32) y: Reclaimed:         -                  -               244M (24%)         277M (28%)    
[2026-04-03T01:57:39.884+0600][18.224s][info][gc,heap     ] GC(32) y:  Promoted:         -                  -                 0M (0%)            0M (0%)     
[2026-04-03T01:57:39.884+0600][18.224s][info][gc,heap     ] GC(32) y: Compacted:         -                  -                  -                 0M (0%)     
[2026-04-03T01:57:39.884+0600][18.224s][info][gc,phases   ] GC(32) y: Young Generation 528M(53%)->272M(27%) 0.014s
[2026-04-03T01:57:39.884+0600][18.224s][info][gc          ] GC(32) Minor Collection (Allocation Rate) 528M(53%)->272M(27%) 0.014s
[2026-04-03T01:57:40.052+0600][18.391s][info][gc,phases   ] GC(31) O: Concurrent Mark 366.533ms
[2026-04-03T01:57:40.052+0600][18.391s][info][gc,phases   ] GC(31) O: Pause Mark End 0.038ms
[2026-04-03T01:57:40.052+0600][18.392s][info][gc,phases   ] GC(31) O: Concurrent Mark Free 0.001ms
[2026-04-03T01:57:40.066+0600][18.406s][info][gc,phases   ] GC(31) O: Concurrent Process Non-Strong 14.069ms
[2026-04-03T01:57:40.066+0600][18.406s][info][gc,phases   ] GC(31) O: Concurrent Reset Relocation Set 0.004ms
[2026-04-03T01:57:40.073+0600][18.412s][info][gc,phases   ] GC(31) O: Concurrent Select Relocation Set 6.363ms
[2026-04-03T01:57:40.073+0600][18.412s][info][gc,task     ] GC(31) O: Using 2 Workers for Old Generation
[2026-04-03T01:57:40.098+0600][18.437s][info][gc,task     ] GC(31) O: Using 1 Workers for Old Generation
[2026-04-03T01:57:40.098+0600][18.437s][info][gc,phases   ] GC(31) O: Concurrent Remap Roots 24.992ms
[2026-04-03T01:57:40.099+0600][18.438s][info][gc,phases   ] GC(31) O: Pause Relocate Start 0.024ms
[2026-04-03T01:57:40.113+0600][18.453s][info][gc,phases   ] GC(31) O: Concurrent Relocate 14.489ms
[2026-04-03T01:57:40.113+0600][18.453s][info][gc,alloc    ] GC(31) O:                         Mark Start        Mark End      Relocate Start    Relocate End   
[2026-04-03T01:57:40.113+0600][18.453s][info][gc,alloc    ] GC(31) O: Allocation Stalls:          0                0                0                0         
[2026-04-03T01:57:40.113+0600][18.453s][info][gc,load     ] GC(31) O: Load: 2.80 (23%) / 5.48 (46%) / 6.63 (55%)
[2026-04-03T01:57:40.113+0600][18.453s][info][gc,mmu      ] GC(31) O: MMU: 2ms/94.2%, 5ms/97.6%, 10ms/98.8%, 20ms/99.2%, 50ms/99.6%, 100ms/99.7%
[2026-04-03T01:57:40.113+0600][18.453s][info][gc,marking  ] GC(31) O: Mark: 1 stripe(s), 2 proactive flush(es), 1 terminate flush(es), 0 completion(s), 0 continuation(s) 
[2026-04-03T01:57:40.113+0600][18.453s][info][gc,marking  ] GC(31) O: Mark Stack Usage: 32M
[2026-04-03T01:57:40.113+0600][18.453s][info][gc,nmethod  ] GC(31) O: NMethods: 4710 registered, 762 unregistered
[2026-04-03T01:57:40.113+0600][18.453s][info][gc,metaspace] GC(31) O: Metaspace: 63M used, 64M committed, 1088M reserved
[2026-04-03T01:57:40.113+0600][18.453s][info][gc,ref      ] GC(31) O:                       Encountered   Discovered     Enqueued 
[2026-04-03T01:57:40.113+0600][18.453s][info][gc,ref      ] GC(31) O: Soft References:             4740            0            0 
[2026-04-03T01:57:40.113+0600][18.453s][info][gc,ref      ] GC(31) O: Weak References:             5597         4298            1 
[2026-04-03T01:57:40.113+0600][18.453s][info][gc,ref      ] GC(31) O: Final References:              82            0            0 
[2026-04-03T01:57:40.113+0600][18.453s][info][gc,ref      ] GC(31) O: Phantom References:           593          214            0 
[2026-04-03T01:57:40.114+0600][18.453s][info][gc,reloc    ] GC(31) O:                        Candidates     Selected     In-Place         Size        Empty    Relocated 
[2026-04-03T01:57:40.114+0600][18.453s][info][gc,reloc    ] GC(31) O: Small Pages:                  104            6            0         208M           0M           2M 
[2026-04-03T01:57:40.114+0600][18.453s][info][gc,reloc    ] GC(31) O: Medium Pages:                   1            0            0          16M           0M           0M 
[2026-04-03T01:57:40.114+0600][18.453s][info][gc,reloc    ] GC(31) O: Large Pages:                    4            0            0          26M          10M           0M 
[2026-04-03T01:57:40.114+0600][18.453s][info][gc,reloc    ] GC(31) O: Forwarding Usage: 3M
[2026-04-03T01:57:40.114+0600][18.453s][info][gc,heap     ] GC(31) O: Min Capacity: 8M(1%)
[2026-04-03T01:57:40.114+0600][18.453s][info][gc,heap     ] GC(31) O: Max Capacity: 1000M(100%)
[2026-04-03T01:57:40.114+0600][18.453s][info][gc,heap     ] GC(31) O: Soft Max Capacity: 1000M(100%)
[2026-04-03T01:57:40.114+0600][18.453s][info][gc,heap     ] GC(31) O: Heap Statistics:
[2026-04-03T01:57:40.114+0600][18.453s][info][gc,heap     ] GC(31) O:                Mark Start          Mark End        Relocate Start      Relocate End           High               Low         
[2026-04-03T01:57:40.114+0600][18.453s][info][gc,heap     ] GC(31) O:  Capacity:      852M (85%)         852M (85%)         852M (85%)         852M (85%)         852M (85%)         852M (85%)    
[2026-04-03T01:57:40.114+0600][18.453s][info][gc,heap     ] GC(31) O:      Free:      588M (59%)         542M (54%)         550M (55%)         554M (55%)         728M (73%)         460M (46%)    
[2026-04-03T01:57:40.114+0600][18.453s][info][gc,heap     ] GC(31) O:      Used:      412M (41%)         458M (46%)         450M (45%)         446M (45%)         540M (54%)         272M (27%)    
[2026-04-03T01:57:40.114+0600][18.453s][info][gc,heap     ] GC(31) O: Old Generation Statistics:
[2026-04-03T01:57:40.114+0600][18.453s][info][gc,heap     ] GC(31) O:                Mark Start          Mark End        Relocate Start      Relocate End    
[2026-04-03T01:57:40.114+0600][18.453s][info][gc,heap     ] GC(31) O:      Used:      250M (25%)         250M (25%)         240M (24%)         234M (23%)    
[2026-04-03T01:57:40.114+0600][18.453s][info][gc,heap     ] GC(31) O:      Live:         -               209M (21%)         209M (21%)         209M (21%)    
[2026-04-03T01:57:40.114+0600][18.453s][info][gc,heap     ] GC(31) O:   Garbage:         -                40M (4%)           30M (3%)           17M (2%)     
[2026-04-03T01:57:40.114+0600][18.453s][info][gc,heap     ] GC(31) O: Allocated:         -                 0M (0%)            0M (0%)            6M (1%)     
[2026-04-03T01:57:40.114+0600][18.453s][info][gc,heap     ] GC(31) O: Reclaimed:         -                  -                10M (1%)           22M (2%)     
[2026-04-03T01:57:40.114+0600][18.453s][info][gc,heap     ] GC(31) O: Compacted:         -                  -                  -                 5M (1%)     
[2026-04-03T01:57:40.114+0600][18.453s][info][gc,phases   ] GC(31) O: Old Generation 284M(28%)->446M(45%) 0.428s
[2026-04-03T01:57:40.114+0600][18.453s][info][gc          ] GC(31) Major Collection (Allocation Rate) 412M(41%)->446M(45%) 0.442s
[2026-04-03T01:57:40.185+0600][18.524s][info][gc          ] GC(33) Major Collection (System.gc())
[2026-04-03T01:57:40.185+0600][18.524s][info][gc,task     ] GC(33) Using 3 Workers for Young Generation
[2026-04-03T01:57:40.185+0600][18.524s][info][gc,task     ] GC(33) Using 3 Workers for Old Generation
[2026-04-03T01:57:40.185+0600][18.525s][info][gc,phases   ] GC(33) Y: Young Generation (Promote All)
[2026-04-03T01:57:40.185+0600][18.525s][info][gc,phases   ] GC(33) Y: Pause Mark Start 0.020ms
[2026-04-03T01:57:40.195+0600][18.534s][info][gc,phases   ] GC(33) Y: Concurrent Mark 9.180ms
[2026-04-03T01:57:40.195+0600][18.534s][info][gc,phases   ] GC(33) Y: Pause Mark End 0.026ms
[2026-04-03T01:57:40.195+0600][18.534s][info][gc,phases   ] GC(33) Y: Concurrent Mark Free 0.001ms
[2026-04-03T01:57:40.195+0600][18.534s][info][gc,phases   ] GC(33) Y: Concurrent Reset Relocation Set 0.003ms
[2026-04-03T01:57:40.200+0600][18.539s][info][gc,reloc    ] GC(33) Y: Using tenuring threshold: 0 (Promote All)
[2026-04-03T01:57:40.201+0600][18.540s][info][gc,phases   ] GC(33) Y: Concurrent Select Relocation Set 5.509ms
[2026-04-03T01:57:40.201+0600][18.540s][info][gc,phases   ] GC(33) Y: Pause Relocate Start 0.013ms
[2026-04-03T01:57:40.202+0600][18.541s][info][gc,phases   ] GC(33) Y: Concurrent Relocate 1.262ms
[2026-04-03T01:57:40.202+0600][18.542s][info][gc,alloc    ] GC(33) Y:                         Mark Start        Mark End      Relocate Start    Relocate End   
[2026-04-03T01:57:40.202+0600][18.542s][info][gc,alloc    ] GC(33) Y: Allocation Stalls:          0                0                0                0         
[2026-04-03T01:57:40.202+0600][18.542s][info][gc,load     ] GC(33) Y: Load: 2.80 (23%) / 5.48 (46%) / 6.63 (55%)
[2026-04-03T01:57:40.202+0600][18.542s][info][gc,mmu      ] GC(33) Y: MMU: 2ms/94.2%, 5ms/97.6%, 10ms/98.8%, 20ms/99.2%, 50ms/99.6%, 100ms/99.7%
[2026-04-03T01:57:40.202+0600][18.542s][info][gc,marking  ] GC(33) Y: Mark: 2 stripe(s), 2 proactive flush(es), 1 terminate flush(es), 0 completion(s), 0 continuation(s) 
[2026-04-03T01:57:40.202+0600][18.542s][info][gc,marking  ] GC(33) Y: Mark Stack Usage: 32M
[2026-04-03T01:57:40.202+0600][18.542s][info][gc,nmethod  ] GC(33) Y: NMethods: 4779 registered, 762 unregistered
[2026-04-03T01:57:40.202+0600][18.542s][info][gc,metaspace] GC(33) Y: Metaspace: 64M used, 65M committed, 1088M reserved
[2026-04-03T01:57:40.202+0600][18.542s][info][gc,reloc    ] GC(33) Y:                        Candidates     Selected     In-Place         Size        Empty    Relocated 
[2026-04-03T01:57:40.202+0600][18.542s][info][gc,reloc    ] GC(33) Y: Small Pages:                   98           20            0         196M         154M           0M 
[2026-04-03T01:57:40.202+0600][18.542s][info][gc,reloc    ] GC(33) Y: Medium Pages:                   1            0            0          16M          16M           0M 
[2026-04-03T01:57:40.202+0600][18.542s][info][gc,reloc    ] GC(33) Y: Large Pages:                    1            0            0           6M           6M           0M 
[2026-04-03T01:57:40.202+0600][18.542s][info][gc,reloc    ] GC(33) Y: Forwarding Usage: 0M
[2026-04-03T01:57:40.202+0600][18.542s][info][gc,reloc    ] GC(33) Y: Age Table:
[2026-04-03T01:57:40.202+0600][18.542s][info][gc,reloc    ] GC(33) Y:                    Live             Garbage             Small              Medium             Large        
[2026-04-03T01:57:40.202+0600][18.542s][info][gc,reloc    ] GC(33) Y: Eden               0M (0%)          211M (21%)         95 / 17             1 / 0              1 / 0        
[2026-04-03T01:57:40.202+0600][18.542s][info][gc,reloc    ] GC(33) Y: Survivor 1         0M (0%)            1M (0%)           1 / 1              0 / 0              0 / 0        
[2026-04-03T01:57:40.202+0600][18.542s][info][gc,reloc    ] GC(33) Y: Survivor 2         0M (0%)            1M (0%)           1 / 1              0 / 0              0 / 0        
[2026-04-03T01:57:40.202+0600][18.542s][info][gc,reloc    ] GC(33) Y: Survivor 3         0M (0%)            1M (0%)           1 / 1              0 / 0              0 / 0        
[2026-04-03T01:57:40.202+0600][18.542s][info][gc,heap     ] GC(33) Y: Min Capacity: 8M(1%)
[2026-04-03T01:57:40.202+0600][18.542s][info][gc,heap     ] GC(33) Y: Max Capacity: 1000M(100%)
[2026-04-03T01:57:40.202+0600][18.542s][info][gc,heap     ] GC(33) Y: Soft Max Capacity: 1000M(100%)
[2026-04-03T01:57:40.202+0600][18.542s][info][gc,heap     ] GC(33) Y: Heap Statistics:
[2026-04-03T01:57:40.202+0600][18.542s][info][gc,heap     ] GC(33) Y:                Mark Start          Mark End        Relocate Start      Relocate End           High               Low         
[2026-04-03T01:57:40.202+0600][18.542s][info][gc,heap     ] GC(33) Y:  Capacity:      852M (85%)         852M (85%)         852M (85%)         852M (85%)         852M (85%)         852M (85%)    
[2026-04-03T01:57:40.202+0600][18.542s][info][gc,heap     ] GC(33) Y:      Free:      548M (55%)         548M (55%)         722M (72%)         758M (76%)         758M (76%)         548M (55%)    
[2026-04-03T01:57:40.202+0600][18.542s][info][gc,heap     ] GC(33) Y:      Used:      452M (45%)         452M (45%)         278M (28%)         242M (24%)         452M (45%)         242M (24%)    
[2026-04-03T01:57:40.202+0600][18.542s][info][gc,heap     ] GC(33) Y: Young Generation Statistics:
[2026-04-03T01:57:40.202+0600][18.542s][info][gc,heap     ] GC(33) Y:                Mark Start          Mark End        Relocate Start      Relocate End    
[2026-04-03T01:57:40.202+0600][18.542s][info][gc,heap     ] GC(33) Y:      Used:      218M (22%)         218M (22%)          44M (4%)            2M (0%)     
[2026-04-03T01:57:40.202+0600][18.542s][info][gc,heap     ] GC(33) Y:      Live:         -                 0M (0%)            0M (0%)            0M (0%)     
[2026-04-03T01:57:40.202+0600][18.542s][info][gc,heap     ] GC(33) Y:   Garbage:         -               217M (22%)          41M (4%)            0M (0%)     
[2026-04-03T01:57:40.202+0600][18.542s][info][gc,heap     ] GC(33) Y: Allocated:         -                 0M (0%)            2M (0%)            2M (0%)     
[2026-04-03T01:57:40.202+0600][18.542s][info][gc,heap     ] GC(33) Y: Reclaimed:         -                  -               176M (18%)         217M (22%)    
[2026-04-03T01:57:40.202+0600][18.542s][info][gc,heap     ] GC(33) Y:  Promoted:         -                  -                 0M (0%)            0M (0%)     
[2026-04-03T01:57:40.202+0600][18.542s][info][gc,heap     ] GC(33) Y: Compacted:         -                  -                  -                 0M (0%)     
[2026-04-03T01:57:40.202+0600][18.542s][info][gc,phases   ] GC(33) Y: Young Generation (Promote All) 452M(45%)->242M(24%) 0.017s
[2026-04-03T01:57:40.202+0600][18.542s][info][gc,phases   ] GC(33) Y: Young Generation (Collect Roots)
[2026-04-03T01:57:40.203+0600][18.542s][info][gc,phases   ] GC(33) Y: Pause Mark Start (Major) 0.019ms
[2026-04-03T01:57:40.210+0600][18.549s][info][gc,phases   ] GC(33) Y: Concurrent Mark 7.073ms
[2026-04-03T01:57:40.210+0600][18.549s][info][gc,phases   ] GC(33) Y: Pause Mark End 0.024ms
[2026-04-03T01:57:40.210+0600][18.550s][info][gc,phases   ] GC(33) Y: Concurrent Mark Free 0.001ms
[2026-04-03T01:57:40.210+0600][18.550s][info][gc,phases   ] GC(33) Y: Concurrent Reset Relocation Set 0.005ms
[2026-04-03T01:57:40.215+0600][18.554s][info][gc,reloc    ] GC(33) Y: Using tenuring threshold: 1 (Computed)
[2026-04-03T01:57:40.215+0600][18.555s][info][gc,phases   ] GC(33) Y: Concurrent Select Relocation Set 5.069ms
[2026-04-03T01:57:40.215+0600][18.555s][info][gc,phases   ] GC(33) Y: Pause Relocate Start 0.014ms
[2026-04-03T01:57:40.216+0600][18.555s][info][gc,phases   ] GC(33) Y: Concurrent Relocate 0.220ms
[2026-04-03T01:57:40.216+0600][18.555s][info][gc,alloc    ] GC(33) Y:                         Mark Start        Mark End      Relocate Start    Relocate End   
[2026-04-03T01:57:40.216+0600][18.555s][info][gc,alloc    ] GC(33) Y: Allocation Stalls:          0                0                0                0         
[2026-04-03T01:57:40.216+0600][18.555s][info][gc,load     ] GC(33) Y: Load: 2.80 (23%) / 5.48 (46%) / 6.63 (55%)
[2026-04-03T01:57:40.216+0600][18.555s][info][gc,mmu      ] GC(33) Y: MMU: 2ms/94.2%, 5ms/97.6%, 10ms/98.8%, 20ms/99.2%, 50ms/99.6%, 100ms/99.7%
[2026-04-03T01:57:40.216+0600][18.555s][info][gc,marking  ] GC(33) Y: Mark: 2 stripe(s), 1 proactive flush(es), 1 terminate flush(es), 0 completion(s), 0 continuation(s) 
[2026-04-03T01:57:40.216+0600][18.555s][info][gc,marking  ] GC(33) Y: Mark Stack Usage: 32M
[2026-04-03T01:57:40.216+0600][18.555s][info][gc,nmethod  ] GC(33) Y: NMethods: 4779 registered, 762 unregistered
[2026-04-03T01:57:40.216+0600][18.555s][info][gc,metaspace] GC(33) Y: Metaspace: 64M used, 65M committed, 1088M reserved
[2026-04-03T01:57:40.216+0600][18.555s][info][gc,reloc    ] GC(33) Y:                        Candidates     Selected     In-Place         Size        Empty    Relocated 
[2026-04-03T01:57:40.216+0600][18.555s][info][gc,reloc    ] GC(33) Y: Small Pages:                    1            0            0           2M           0M           0M 
[2026-04-03T01:57:40.216+0600][18.555s][info][gc,reloc    ] GC(33) Y: Medium Pages:                   0            0            0           0M           0M           0M 
[2026-04-03T01:57:40.216+0600][18.555s][info][gc,reloc    ] GC(33) Y: Large Pages:                    0            0            0           0M           0M           0M 
[2026-04-03T01:57:40.216+0600][18.555s][info][gc,reloc    ] GC(33) Y: Forwarding Usage: 0M
[2026-04-03T01:57:40.216+0600][18.555s][info][gc,reloc    ] GC(33) Y: Age Table:
[2026-04-03T01:57:40.216+0600][18.555s][info][gc,reloc    ] GC(33) Y:                    Live             Garbage             Small              Medium             Large        
[2026-04-03T01:57:40.216+0600][18.555s][info][gc,reloc    ] GC(33) Y: Eden               0M (0%)            1M (0%)           1 / 0              0 / 0              0 / 0        
[2026-04-03T01:57:40.216+0600][18.555s][info][gc,heap     ] GC(33) Y: Min Capacity: 8M(1%)
[2026-04-03T01:57:40.216+0600][18.555s][info][gc,heap     ] GC(33) Y: Max Capacity: 1000M(100%)
[2026-04-03T01:57:40.216+0600][18.555s][info][gc,heap     ] GC(33) Y: Soft Max Capacity: 1000M(100%)
[2026-04-03T01:57:40.216+0600][18.555s][info][gc,heap     ] GC(33) Y: Heap Statistics:
[2026-04-03T01:57:40.216+0600][18.555s][info][gc,heap     ] GC(33) Y:                Mark Start          Mark End        Relocate Start      Relocate End           High               Low         
[2026-04-03T01:57:40.216+0600][18.555s][info][gc,heap     ] GC(33) Y:  Capacity:      852M (85%)         852M (85%)         852M (85%)         852M (85%)         852M (85%)         852M (85%)    
[2026-04-03T01:57:40.216+0600][18.555s][info][gc,heap     ] GC(33) Y:      Free:      758M (76%)         758M (76%)         758M (76%)         758M (76%)         758M (76%)         758M (76%)    
[2026-04-03T01:57:40.216+0600][18.555s][info][gc,heap     ] GC(33) Y:      Used:      242M (24%)         242M (24%)         242M (24%)         242M (24%)         242M (24%)         242M (24%)    
[2026-04-03T01:57:40.216+0600][18.555s][info][gc,heap     ] GC(33) Y: Young Generation Statistics:
[2026-04-03T01:57:40.216+0600][18.555s][info][gc,heap     ] GC(33) Y:                Mark Start          Mark End        Relocate Start      Relocate End    
[2026-04-03T01:57:40.216+0600][18.555s][info][gc,heap     ] GC(33) Y:      Used:        2M (0%)            2M (0%)            2M (0%)            2M (0%)     
[2026-04-03T01:57:40.216+0600][18.555s][info][gc,heap     ] GC(33) Y:      Live:         -                 0M (0%)            0M (0%)            0M (0%)     
[2026-04-03T01:57:40.216+0600][18.555s][info][gc,heap     ] GC(33) Y:   Garbage:         -                 1M (0%)            1M (0%)            1M (0%)     
[2026-04-03T01:57:40.216+0600][18.555s][info][gc,heap     ] GC(33) Y: Allocated:         -                 0M (0%)            0M (0%)            0M (0%)     
[2026-04-03T01:57:40.216+0600][18.555s][info][gc,heap     ] GC(33) Y: Reclaimed:         -                  -                 0M (0%)            0M (0%)     
[2026-04-03T01:57:40.216+0600][18.555s][info][gc,heap     ] GC(33) Y:  Promoted:         -                  -                 0M (0%)            0M (0%)     
[2026-04-03T01:57:40.216+0600][18.555s][info][gc,heap     ] GC(33) Y: Compacted:         -                  -                  -                 0M (0%)     
[2026-04-03T01:57:40.216+0600][18.555s][info][gc,phases   ] GC(33) Y: Young Generation (Collect Roots) 242M(24%)->242M(24%) 0.013s
[2026-04-03T01:57:40.216+0600][18.555s][info][gc,phases   ] GC(33) O: Old Generation
[2026-04-03T01:57:40.383+0600][18.723s][info][gc,phases   ] GC(33) O: Concurrent Mark 167.335ms
[2026-04-03T01:57:40.384+0600][18.723s][info][gc,phases   ] GC(33) O: Pause Mark End 0.027ms
[2026-04-03T01:57:40.384+0600][18.723s][info][gc,phases   ] GC(33) O: Concurrent Mark Free 0.002ms
[2026-04-03T01:57:40.397+0600][18.736s][info][gc,phases   ] GC(33) O: Concurrent Process Non-Strong 13.265ms
[2026-04-03T01:57:40.397+0600][18.736s][info][gc,phases   ] GC(33) O: Concurrent Reset Relocation Set 0.002ms
[2026-04-03T01:57:40.402+0600][18.741s][info][gc,phases   ] GC(33) O: Concurrent Select Relocation Set 4.570ms
[2026-04-03T01:57:40.402+0600][18.741s][info][gc,task     ] GC(33) O: Using 3 Workers for Old Generation
[2026-04-03T01:57:40.422+0600][18.762s][info][gc,task     ] GC(33) O: Using 3 Workers for Old Generation
[2026-04-03T01:57:40.422+0600][18.762s][info][gc,phases   ] GC(33) O: Concurrent Remap Roots 20.716ms
[2026-04-03T01:57:40.423+0600][18.762s][info][gc,phases   ] GC(33) O: Pause Relocate Start 0.031ms
[2026-04-03T01:57:40.441+0600][18.780s][info][gc,phases   ] GC(33) O: Concurrent Relocate 17.825ms
[2026-04-03T01:57:40.441+0600][18.780s][info][gc,alloc    ] GC(33) O:                         Mark Start        Mark End      Relocate Start    Relocate End   
[2026-04-03T01:57:40.441+0600][18.780s][info][gc,alloc    ] GC(33) O: Allocation Stalls:          0                0                0                0         
[2026-04-03T01:57:40.441+0600][18.780s][info][gc,load     ] GC(33) O: Load: 2.80 (23%) / 5.48 (46%) / 6.63 (55%)
[2026-04-03T01:57:40.441+0600][18.780s][info][gc,mmu      ] GC(33) O: MMU: 2ms/94.2%, 5ms/97.6%, 10ms/98.8%, 20ms/99.2%, 50ms/99.6%, 100ms/99.7%
[2026-04-03T01:57:40.441+0600][18.780s][info][gc,marking  ] GC(33) O: Mark: 2 stripe(s), 2 proactive flush(es), 1 terminate flush(es), 0 completion(s), 0 continuation(s) 
[2026-04-03T01:57:40.441+0600][18.780s][info][gc,marking  ] GC(33) O: Mark Stack Usage: 32M
[2026-04-03T01:57:40.441+0600][18.780s][info][gc,nmethod  ] GC(33) O: NMethods: 4739 registered, 824 unregistered
[2026-04-03T01:57:40.441+0600][18.780s][info][gc,metaspace] GC(33) O: Metaspace: 64M used, 65M committed, 1088M reserved
[2026-04-03T01:57:40.441+0600][18.780s][info][gc,ref      ] GC(33) O:                       Encountered   Discovered     Enqueued 
[2026-04-03T01:57:40.441+0600][18.780s][info][gc,ref      ] GC(33) O: Soft References:             4784            0            0 
[2026-04-03T01:57:40.441+0600][18.780s][info][gc,ref      ] GC(33) O: Weak References:             6052         4450          377 
[2026-04-03T01:57:40.441+0600][18.780s][info][gc,ref      ] GC(33) O: Final References:              82            0            0 
[2026-04-03T01:57:40.441+0600][18.780s][info][gc,ref      ] GC(33) O: Phantom References:           594          330            0 
[2026-04-03T01:57:40.441+0600][18.780s][info][gc,reloc    ] GC(33) O:                        Candidates     Selected     In-Place         Size        Empty    Relocated 
[2026-04-03T01:57:40.441+0600][18.780s][info][gc,reloc    ] GC(33) O: Small Pages:                  104            7            0         208M           0M           3M 
[2026-04-03T01:57:40.441+0600][18.780s][info][gc,reloc    ] GC(33) O: Medium Pages:                   1            0            0          16M           0M           0M 
[2026-04-03T01:57:40.441+0600][18.780s][info][gc,reloc    ] GC(33) O: Large Pages:                    3            0            0          16M           0M           0M 
[2026-04-03T01:57:40.441+0600][18.780s][info][gc,reloc    ] GC(33) O: Forwarding Usage: 9M
[2026-04-03T01:57:40.441+0600][18.780s][info][gc,heap     ] GC(33) O: Min Capacity: 8M(1%)
[2026-04-03T01:57:40.441+0600][18.780s][info][gc,heap     ] GC(33) O: Max Capacity: 1000M(100%)
[2026-04-03T01:57:40.441+0600][18.780s][info][gc,heap     ] GC(33) O: Soft Max Capacity: 1000M(100%)
[2026-04-03T01:57:40.441+0600][18.780s][info][gc,heap     ] GC(33) O: Heap Statistics:
[2026-04-03T01:57:40.441+0600][18.780s][info][gc,heap     ] GC(33) O:                Mark Start          Mark End        Relocate Start      Relocate End           High               Low         
[2026-04-03T01:57:40.441+0600][18.781s][info][gc,heap     ] GC(33) O:  Capacity:      852M (85%)         852M (85%)         852M (85%)         852M (85%)         852M (85%)         852M (85%)    
[2026-04-03T01:57:40.441+0600][18.781s][info][gc,heap     ] GC(33) O:      Free:      758M (76%)         756M (76%)         740M (74%)         752M (75%)         758M (76%)         734M (73%)    
[2026-04-03T01:57:40.441+0600][18.781s][info][gc,heap     ] GC(33) O:      Used:      242M (24%)         244M (24%)         260M (26%)         248M (25%)         266M (27%)         242M (24%)    
[2026-04-03T01:57:40.441+0600][18.781s][info][gc,heap     ] GC(33) O: Old Generation Statistics:
[2026-04-03T01:57:40.441+0600][18.781s][info][gc,heap     ] GC(33) O:                Mark Start          Mark End        Relocate Start      Relocate End    
[2026-04-03T01:57:40.441+0600][18.781s][info][gc,heap     ] GC(33) O:      Used:      240M (24%)         240M (24%)         240M (24%)         228M (23%)    
[2026-04-03T01:57:40.441+0600][18.781s][info][gc,heap     ] GC(33) O:      Live:         -               209M (21%)         209M (21%)         209M (21%)    
[2026-04-03T01:57:40.441+0600][18.781s][info][gc,heap     ] GC(33) O:   Garbage:         -                30M (3%)           30M (3%)           14M (1%)     
[2026-04-03T01:57:40.441+0600][18.781s][info][gc,heap     ] GC(33) O: Allocated:         -                 0M (0%)            0M (0%)            4M (0%)     
[2026-04-03T01:57:40.441+0600][18.781s][info][gc,heap     ] GC(33) O: Reclaimed:         -                  -                 0M (0%)           16M (2%)     
[2026-04-03T01:57:40.441+0600][18.781s][info][gc,heap     ] GC(33) O: Compacted:         -                  -                  -                17M (2%)     
[2026-04-03T01:57:40.441+0600][18.781s][info][gc,phases   ] GC(33) O: Old Generation 242M(24%)->248M(25%) 0.225s
[2026-04-03T01:57:40.441+0600][18.781s][info][gc          ] GC(33) Major Collection (System.gc()) 452M(45%)->248M(25%) 0.256s
[2026-04-03T01:57:40.743+0600][19.083s][info][gc          ] GC(34) Minor Collection (Allocation Rate)
[2026-04-03T01:57:40.743+0600][19.083s][info][gc,task     ] GC(34) Using 1 Workers for Young Generation
[2026-04-03T01:57:40.743+0600][19.083s][info][gc,phases   ] GC(34) y: Young Generation
[2026-04-03T01:57:40.744+0600][19.083s][info][gc,phases   ] GC(34) y: Pause Mark Start 0.018ms
[2026-04-03T01:57:40.757+0600][19.096s][info][gc,phases   ] GC(34) y: Concurrent Mark 12.777ms
[2026-04-03T01:57:40.757+0600][19.096s][info][gc,phases   ] GC(34) y: Pause Mark End 0.019ms
[2026-04-03T01:57:40.757+0600][19.096s][info][gc,phases   ] GC(34) y: Concurrent Mark Free 0.001ms
[2026-04-03T01:57:40.757+0600][19.096s][info][gc,phases   ] GC(34) y: Concurrent Reset Relocation Set 0.000ms
[2026-04-03T01:57:40.758+0600][19.098s][info][gc,reloc    ] GC(34) y: Using tenuring threshold: 1 (Computed)
[2026-04-03T01:57:40.759+0600][19.099s][info][gc,phases   ] GC(34) y: Concurrent Select Relocation Set 2.140ms
[2026-04-03T01:57:40.759+0600][19.099s][info][gc,phases   ] GC(34) y: Pause Relocate Start 0.025ms
[2026-04-03T01:57:40.760+0600][19.100s][info][gc,phases   ] GC(34) y: Concurrent Relocate 0.779ms
[2026-04-03T01:57:40.760+0600][19.100s][info][gc,alloc    ] GC(34) y:                         Mark Start        Mark End      Relocate Start    Relocate End   
[2026-04-03T01:57:40.760+0600][19.100s][info][gc,alloc    ] GC(34) y: Allocation Stalls:          0                0                0                0         
[2026-04-03T01:57:40.760+0600][19.100s][info][gc,load     ] GC(34) y: Load: 2.80 (23%) / 5.48 (46%) / 6.63 (55%)
[2026-04-03T01:57:40.760+0600][19.100s][info][gc,mmu      ] GC(34) y: MMU: 2ms/94.2%, 5ms/97.6%, 10ms/98.8%, 20ms/99.2%, 50ms/99.6%, 100ms/99.7%
[2026-04-03T01:57:40.760+0600][19.100s][info][gc,marking  ] GC(34) y: Mark: 1 stripe(s), 2 proactive flush(es), 1 terminate flush(es), 0 completion(s), 0 continuation(s) 
[2026-04-03T01:57:40.760+0600][19.100s][info][gc,marking  ] GC(34) y: Mark Stack Usage: 32M
[2026-04-03T01:57:40.760+0600][19.100s][info][gc,nmethod  ] GC(34) y: NMethods: 4890 registered, 824 unregistered
[2026-04-03T01:57:40.760+0600][19.100s][info][gc,metaspace] GC(34) y: Metaspace: 64M used, 65M committed, 1088M reserved
[2026-04-03T01:57:40.760+0600][19.100s][info][gc,reloc    ] GC(34) y:                        Candidates     Selected     In-Place         Size        Empty    Relocated 
[2026-04-03T01:57:40.760+0600][19.100s][info][gc,reloc    ] GC(34) y: Small Pages:                  192           19            0         384M         344M           0M 
[2026-04-03T01:57:40.760+0600][19.100s][info][gc,reloc    ] GC(34) y: Medium Pages:                   1            0            0          16M          16M           0M 
[2026-04-03T01:57:40.760+0600][19.100s][info][gc,reloc    ] GC(34) y: Large Pages:                    2            0            0          12M          12M           0M 
[2026-04-03T01:57:40.760+0600][19.100s][info][gc,reloc    ] GC(34) y: Forwarding Usage: 0M
[2026-04-03T01:57:40.760+0600][19.100s][info][gc,reloc    ] GC(34) y: Age Table:
[2026-04-03T01:57:40.760+0600][19.100s][info][gc,reloc    ] GC(34) y:                    Live             Garbage             Small              Medium             Large        
[2026-04-03T01:57:40.760+0600][19.100s][info][gc,reloc    ] GC(34) y: Eden               0M (0%)          409M (41%)        191 / 19             1 / 0              2 / 0        
[2026-04-03T01:57:40.760+0600][19.100s][info][gc,reloc    ] GC(34) y: Survivor 1          -                 2M (0%)           1 / 0              0 / 0              0 / 0        
[2026-04-03T01:57:40.760+0600][19.100s][info][gc,heap     ] GC(34) y: Min Capacity: 8M(1%)
[2026-04-03T01:57:40.760+0600][19.100s][info][gc,heap     ] GC(34) y: Max Capacity: 1000M(100%)
[2026-04-03T01:57:40.760+0600][19.100s][info][gc,heap     ] GC(34) y: Soft Max Capacity: 1000M(100%)
[2026-04-03T01:57:40.760+0600][19.100s][info][gc,heap     ] GC(34) y: Heap Statistics:
[2026-04-03T01:57:40.760+0600][19.100s][info][gc,heap     ] GC(34) y:                Mark Start          Mark End        Relocate Start      Relocate End           High               Low         
[2026-04-03T01:57:40.760+0600][19.100s][info][gc,heap     ] GC(34) y:  Capacity:      852M (85%)         852M (85%)         852M (85%)         852M (85%)         852M (85%)         852M (85%)    
[2026-04-03T01:57:40.760+0600][19.100s][info][gc,heap     ] GC(34) y:      Free:      360M (36%)         330M (33%)         696M (70%)         730M (73%)         730M (73%)         330M (33%)    
[2026-04-03T01:57:40.760+0600][19.100s][info][gc,heap     ] GC(34) y:      Used:      640M (64%)         670M (67%)         304M (30%)         270M (27%)         670M (67%)         270M (27%)    
[2026-04-03T01:57:40.760+0600][19.100s][info][gc,heap     ] GC(34) y: Young Generation Statistics:
[2026-04-03T01:57:40.760+0600][19.100s][info][gc,heap     ] GC(34) y:                Mark Start          Mark End        Relocate Start      Relocate End    
[2026-04-03T01:57:40.760+0600][19.100s][info][gc,heap     ] GC(34) y:      Used:      412M (41%)         442M (44%)          76M (8%)           42M (4%)     
[2026-04-03T01:57:40.760+0600][19.100s][info][gc,heap     ] GC(34) y:      Live:         -                 0M (0%)            0M (0%)            0M (0%)     
[2026-04-03T01:57:40.760+0600][19.100s][info][gc,heap     ] GC(34) y:   Garbage:         -               411M (41%)          39M (4%)            0M (0%)     
[2026-04-03T01:57:40.760+0600][19.100s][info][gc,heap     ] GC(34) y: Allocated:         -                30M (3%)           36M (4%)           41M (4%)     
[2026-04-03T01:57:40.760+0600][19.100s][info][gc,heap     ] GC(34) y: Reclaimed:         -                  -               372M (37%)         411M (41%)    
[2026-04-03T01:57:40.760+0600][19.100s][info][gc,heap     ] GC(34) y:  Promoted:         -                  -                 0M (0%)            0M (0%)     
[2026-04-03T01:57:40.760+0600][19.100s][info][gc,heap     ] GC(34) y: Compacted:         -                  -                  -                 0M (0%)     
[2026-04-03T01:57:40.760+0600][19.100s][info][gc,phases   ] GC(34) y: Young Generation 640M(64%)->270M(27%) 0.017s
[2026-04-03T01:57:40.760+0600][19.100s][info][gc          ] GC(34) Minor Collection (Allocation Rate) 640M(64%)->270M(27%) 0.017s
[2026-04-03T01:57:40.981+0600][19.321s][info][gc          ] GC(35) Minor Collection (Allocation Rate)
[2026-04-03T01:57:40.981+0600][19.321s][info][gc,task     ] GC(35) Using 2 Workers for Young Generation
[2026-04-03T01:57:40.981+0600][19.321s][info][gc,phases   ] GC(35) y: Young Generation
[2026-04-03T01:57:40.981+0600][19.321s][info][gc,phases   ] GC(35) y: Pause Mark Start 0.030ms
[2026-04-03T01:57:40.990+0600][19.329s][info][gc,phases   ] GC(35) y: Concurrent Mark 7.985ms
[2026-04-03T01:57:40.990+0600][19.329s][info][gc,phases   ] GC(35) y: Pause Mark End 0.019ms
[2026-04-03T01:57:40.990+0600][19.329s][info][gc,phases   ] GC(35) y: Concurrent Mark Free 0.001ms
[2026-04-03T01:57:40.990+0600][19.329s][info][gc,phases   ] GC(35) y: Concurrent Reset Relocation Set 0.004ms
[2026-04-03T01:57:40.991+0600][19.331s][info][gc,reloc    ] GC(35) y: Using tenuring threshold: 1 (Computed)
[2026-04-03T01:57:40.992+0600][19.332s][info][gc,phases   ] GC(35) y: Concurrent Select Relocation Set 2.381ms
[2026-04-03T01:57:40.993+0600][19.332s][info][gc,phases   ] GC(35) y: Pause Relocate Start 0.050ms
[2026-04-03T01:57:40.994+0600][19.333s][info][gc,phases   ] GC(35) y: Concurrent Relocate 1.155ms
[2026-04-03T01:57:40.994+0600][19.333s][info][gc,alloc    ] GC(35) y:                         Mark Start        Mark End      Relocate Start    Relocate End   
[2026-04-03T01:57:40.994+0600][19.333s][info][gc,alloc    ] GC(35) y: Allocation Stalls:          0                0                0                0         
[2026-04-03T01:57:40.994+0600][19.333s][info][gc,load     ] GC(35) y: Load: 2.80 (23%) / 5.48 (46%) / 6.63 (55%)
[2026-04-03T01:57:40.994+0600][19.333s][info][gc,mmu      ] GC(35) y: MMU: 2ms/94.2%, 5ms/97.6%, 10ms/98.8%, 20ms/99.2%, 50ms/99.6%, 100ms/99.7%
[2026-04-03T01:57:40.994+0600][19.333s][info][gc,marking  ] GC(35) y: Mark: 2 stripe(s), 2 proactive flush(es), 1 terminate flush(es), 0 completion(s), 0 continuation(s) 
[2026-04-03T01:57:40.994+0600][19.333s][info][gc,marking  ] GC(35) y: Mark Stack Usage: 32M
[2026-04-03T01:57:40.994+0600][19.333s][info][gc,nmethod  ] GC(35) y: NMethods: 4890 registered, 824 unregistered
[2026-04-03T01:57:40.994+0600][19.333s][info][gc,metaspace] GC(35) y: Metaspace: 64M used, 65M committed, 1088M reserved
[2026-04-03T01:57:40.994+0600][19.333s][info][gc,reloc    ] GC(35) y:                        Candidates     Selected     In-Place         Size        Empty    Relocated 
[2026-04-03T01:57:40.994+0600][19.333s][info][gc,reloc    ] GC(35) y: Small Pages:                  274            9            0         548M         528M           0M 
[2026-04-03T01:57:40.994+0600][19.334s][info][gc,reloc    ] GC(35) y: Medium Pages:                   0            0            0           0M           0M           0M 
[2026-04-03T01:57:40.994+0600][19.334s][info][gc,reloc    ] GC(35) y: Large Pages:                    0            0            0           0M           0M           0M 
[2026-04-03T01:57:40.994+0600][19.334s][info][gc,reloc    ] GC(35) y: Forwarding Usage: 0M
[2026-04-03T01:57:40.994+0600][19.334s][info][gc,reloc    ] GC(35) y: Age Table:
[2026-04-03T01:57:40.994+0600][19.334s][info][gc,reloc    ] GC(35) y:                    Live             Garbage             Small              Medium             Large        
[2026-04-03T01:57:40.994+0600][19.334s][info][gc,reloc    ] GC(35) y: Eden               0M (0%)          541M (54%)        271 / 6              0 / 0              0 / 0        
[2026-04-03T01:57:40.994+0600][19.334s][info][gc,reloc    ] GC(35) y: Survivor 1         0M (0%)            5M (1%)           3 / 3              0 / 0              0 / 0        
[2026-04-03T01:57:40.994+0600][19.334s][info][gc,heap     ] GC(35) y: Min Capacity: 8M(1%)
[2026-04-03T01:57:40.994+0600][19.334s][info][gc,heap     ] GC(35) y: Max Capacity: 1000M(100%)
[2026-04-03T01:57:40.994+0600][19.334s][info][gc,heap     ] GC(35) y: Soft Max Capacity: 1000M(100%)
[2026-04-03T01:57:40.994+0600][19.334s][info][gc,heap     ] GC(35) y: Heap Statistics:
[2026-04-03T01:57:40.994+0600][19.334s][info][gc,heap     ] GC(35) y:                Mark Start          Mark End        Relocate Start      Relocate End           High               Low         
[2026-04-03T01:57:40.994+0600][19.334s][info][gc,heap     ] GC(35) y:  Capacity:      852M (85%)         852M (85%)         852M (85%)         852M (85%)         852M (85%)         852M (85%)    
[2026-04-03T01:57:40.994+0600][19.334s][info][gc,heap     ] GC(35) y:      Free:      224M (22%)         204M (20%)         728M (73%)         732M (73%)         734M (73%)         204M (20%)    
[2026-04-03T01:57:40.994+0600][19.334s][info][gc,heap     ] GC(35) y:      Used:      776M (78%)         796M (80%)         272M (27%)         268M (27%)         796M (80%)         266M (27%)    
[2026-04-03T01:57:40.994+0600][19.334s][info][gc,heap     ] GC(35) y: Young Generation Statistics:
[2026-04-03T01:57:40.994+0600][19.334s][info][gc,heap     ] GC(35) y:                Mark Start          Mark End        Relocate Start      Relocate End    
[2026-04-03T01:57:40.994+0600][19.334s][info][gc,heap     ] GC(35) y:      Used:      548M (55%)         568M (57%)          44M (4%)           32M (3%)     
[2026-04-03T01:57:40.994+0600][19.334s][info][gc,heap     ] GC(35) y:      Live:         -                 0M (0%)            0M (0%)            0M (0%)     
[2026-04-03T01:57:40.994+0600][19.334s][info][gc,heap     ] GC(35) y:   Garbage:         -               547M (55%)          19M (2%)            0M (0%)     
[2026-04-03T01:57:40.994+0600][19.334s][info][gc,heap     ] GC(35) y: Allocated:         -                20M (2%)           24M (2%)           31M (3%)     
[2026-04-03T01:57:40.994+0600][19.334s][info][gc,heap     ] GC(35) y: Reclaimed:         -                  -               528M (53%)         547M (55%)    
[2026-04-03T01:57:40.994+0600][19.334s][info][gc,heap     ] GC(35) y:  Promoted:         -                  -                 0M (0%)            0M (0%)     
[2026-04-03T01:57:40.994+0600][19.334s][info][gc,heap     ] GC(35) y: Compacted:         -                  -                  -                 0M (0%)     
[2026-04-03T01:57:40.994+0600][19.334s][info][gc,phases   ] GC(35) y: Young Generation 774M(77%)->268M(27%) 0.013s
[2026-04-03T01:57:40.994+0600][19.334s][info][gc          ] GC(35) Minor Collection (Allocation Rate) 774M(77%)->268M(27%) 0.013s
[2026-04-03T01:57:41.107+0600][19.446s][info][gc          ] GC(36) Minor Collection (Allocation Rate)
[2026-04-03T01:57:41.107+0600][19.446s][info][gc,task     ] GC(36) Using 1 Workers for Young Generation
[2026-04-03T01:57:41.107+0600][19.446s][info][gc,phases   ] GC(36) y: Young Generation
[2026-04-03T01:57:41.107+0600][19.447s][info][gc,phases   ] GC(36) y: Pause Mark Start 0.019ms
[2026-04-03T01:57:41.116+0600][19.455s][info][gc,phases   ] GC(36) y: Concurrent Mark 8.301ms
[2026-04-03T01:57:41.116+0600][19.455s][info][gc,phases   ] GC(36) y: Pause Mark End 0.014ms
[2026-04-03T01:57:41.116+0600][19.455s][info][gc,phases   ] GC(36) y: Concurrent Mark Free 0.001ms
[2026-04-03T01:57:41.116+0600][19.455s][info][gc,phases   ] GC(36) y: Concurrent Reset Relocation Set 0.002ms
[2026-04-03T01:57:41.117+0600][19.457s][info][gc,reloc    ] GC(36) y: Using tenuring threshold: 1 (Computed)
[2026-04-03T01:57:41.117+0600][19.457s][info][gc,phases   ] GC(36) y: Concurrent Select Relocation Set 1.731ms
[2026-04-03T01:57:41.118+0600][19.457s][info][gc,phases   ] GC(36) y: Pause Relocate Start 0.008ms
[2026-04-03T01:57:41.118+0600][19.457s][info][gc,phases   ] GC(36) y: Concurrent Relocate 0.308ms
[2026-04-03T01:57:41.118+0600][19.457s][info][gc,alloc    ] GC(36) y:                         Mark Start        Mark End      Relocate Start    Relocate End   
[2026-04-03T01:57:41.118+0600][19.457s][info][gc,alloc    ] GC(36) y: Allocation Stalls:          0                0                0                0         
[2026-04-03T01:57:41.118+0600][19.457s][info][gc,load     ] GC(36) y: Load: 2.80 (23%) / 5.48 (46%) / 6.63 (55%)
[2026-04-03T01:57:41.118+0600][19.457s][info][gc,mmu      ] GC(36) y: MMU: 2ms/94.2%, 5ms/97.6%, 10ms/98.8%, 20ms/99.2%, 50ms/99.6%, 100ms/99.7%
[2026-04-03T01:57:41.118+0600][19.458s][info][gc,marking  ] GC(36) y: Mark: 1 stripe(s), 2 proactive flush(es), 1 terminate flush(es), 0 completion(s), 0 continuation(s) 
[2026-04-03T01:57:41.118+0600][19.458s][info][gc,marking  ] GC(36) y: Mark Stack Usage: 32M
[2026-04-03T01:57:41.118+0600][19.458s][info][gc,nmethod  ] GC(36) y: NMethods: 4890 registered, 824 unregistered
[2026-04-03T01:57:41.118+0600][19.458s][info][gc,metaspace] GC(36) y: Metaspace: 64M used, 65M committed, 1088M reserved
[2026-04-03T01:57:41.118+0600][19.458s][info][gc,reloc    ] GC(36) y:                        Candidates     Selected     In-Place         Size        Empty    Relocated 
[2026-04-03T01:57:41.118+0600][19.458s][info][gc,reloc    ] GC(36) y: Small Pages:                  144            6            0         288M         274M           0M 
[2026-04-03T01:57:41.118+0600][19.458s][info][gc,reloc    ] GC(36) y: Medium Pages:                   0            0            0           0M           0M           0M 
[2026-04-03T01:57:41.118+0600][19.458s][info][gc,reloc    ] GC(36) y: Large Pages:                    0            0            0           0M           0M           0M 
[2026-04-03T01:57:41.118+0600][19.458s][info][gc,reloc    ] GC(36) y: Forwarding Usage: 0M
[2026-04-03T01:57:41.118+0600][19.458s][info][gc,reloc    ] GC(36) y: Age Table:
[2026-04-03T01:57:41.118+0600][19.458s][info][gc,reloc    ] GC(36) y:                    Live             Garbage             Small              Medium             Large        
[2026-04-03T01:57:41.118+0600][19.458s][info][gc,reloc    ] GC(36) y: Eden               0M (0%)          283M (28%)        142 / 6              0 / 0              0 / 0        
[2026-04-03T01:57:41.118+0600][19.458s][info][gc,reloc    ] GC(36) y: Survivor 1          -                 4M (0%)           2 / 0              0 / 0              0 / 0        
[2026-04-03T01:57:41.118+0600][19.458s][info][gc,heap     ] GC(36) y: Min Capacity: 8M(1%)
[2026-04-03T01:57:41.118+0600][19.458s][info][gc,heap     ] GC(36) y: Max Capacity: 1000M(100%)
[2026-04-03T01:57:41.118+0600][19.458s][info][gc,heap     ] GC(36) y: Soft Max Capacity: 1000M(100%)
[2026-04-03T01:57:41.118+0600][19.458s][info][gc,heap     ] GC(36) y: Heap Statistics:
[2026-04-03T01:57:41.118+0600][19.458s][info][gc,heap     ] GC(36) y:                Mark Start          Mark End        Relocate Start      Relocate End           High               Low         
[2026-04-03T01:57:41.118+0600][19.458s][info][gc,heap     ] GC(36) y:  Capacity:      852M (85%)         852M (85%)         852M (85%)         852M (85%)         852M (85%)         852M (85%)    
[2026-04-03T01:57:41.118+0600][19.458s][info][gc,heap     ] GC(36) y:      Free:      476M (48%)         456M (46%)         726M (73%)         734M (73%)         734M (73%)         456M (46%)    
[2026-04-03T01:57:41.118+0600][19.458s][info][gc,heap     ] GC(36) y:      Used:      524M (52%)         544M (54%)         274M (27%)         266M (27%)         544M (54%)         266M (27%)    
[2026-04-03T01:57:41.118+0600][19.458s][info][gc,heap     ] GC(36) y: Young Generation Statistics:
[2026-04-03T01:57:41.118+0600][19.458s][info][gc,heap     ] GC(36) y:                Mark Start          Mark End        Relocate Start      Relocate End    
[2026-04-03T01:57:41.118+0600][19.458s][info][gc,heap     ] GC(36) y:      Used:      288M (29%)         308M (31%)          38M (4%)           30M (3%)     
[2026-04-03T01:57:41.118+0600][19.458s][info][gc,heap     ] GC(36) y:      Live:         -                 0M (0%)            0M (0%)            0M (0%)     
[2026-04-03T01:57:41.118+0600][19.458s][info][gc,heap     ] GC(36) y:   Garbage:         -               287M (29%)          13M (1%)            0M (0%)     
[2026-04-03T01:57:41.118+0600][19.458s][info][gc,heap     ] GC(36) y: Allocated:         -                20M (2%)           24M (2%)           29M (3%)     
[2026-04-03T01:57:41.118+0600][19.458s][info][gc,heap     ] GC(36) y: Reclaimed:         -                  -               274M (27%)         287M (29%)    
[2026-04-03T01:57:41.118+0600][19.458s][info][gc,heap     ] GC(36) y:  Promoted:         -                  -                 0M (0%)            0M (0%)     
[2026-04-03T01:57:41.118+0600][19.458s][info][gc,heap     ] GC(36) y: Compacted:         -                  -                  -                 0M (0%)     
[2026-04-03T01:57:41.118+0600][19.458s][info][gc,phases   ] GC(36) y: Young Generation 522M(52%)->266M(27%) 0.011s
[2026-04-03T01:57:41.118+0600][19.458s][info][gc          ] GC(36) Minor Collection (Allocation Rate) 522M(52%)->268M(27%) 0.011s
[2026-04-03T01:57:41.234+0600][19.574s][info][gc          ] GC(37) Major Collection (System.gc())
[2026-04-03T01:57:41.234+0600][19.574s][info][gc,task     ] GC(37) Using 3 Workers for Young Generation
[2026-04-03T01:57:41.234+0600][19.574s][info][gc,task     ] GC(37) Using 3 Workers for Old Generation
[2026-04-03T01:57:41.234+0600][19.574s][info][gc,phases   ] GC(37) Y: Young Generation (Promote All)
[2026-04-03T01:57:41.234+0600][19.574s][info][gc,phases   ] GC(37) Y: Pause Mark Start 0.024ms
[2026-04-03T01:57:41.243+0600][19.583s][info][gc,phases   ] GC(37) Y: Concurrent Mark 8.685ms
[2026-04-03T01:57:41.243+0600][19.583s][info][gc,phases   ] GC(37) Y: Pause Mark End 0.023ms
[2026-04-03T01:57:41.243+0600][19.583s][info][gc,phases   ] GC(37) Y: Concurrent Mark Free 0.001ms
[2026-04-03T01:57:41.243+0600][19.583s][info][gc,phases   ] GC(37) Y: Concurrent Reset Relocation Set 0.002ms
[2026-04-03T01:57:41.248+0600][19.588s][info][gc,reloc    ] GC(37) Y: Using tenuring threshold: 0 (Promote All)
[2026-04-03T01:57:41.249+0600][19.589s][info][gc,phases   ] GC(37) Y: Concurrent Select Relocation Set 5.571ms
[2026-04-03T01:57:41.249+0600][19.589s][info][gc,phases   ] GC(37) Y: Pause Relocate Start 0.016ms
[2026-04-03T01:57:41.250+0600][19.589s][info][gc,phases   ] GC(37) Y: Concurrent Relocate 0.392ms
[2026-04-03T01:57:41.250+0600][19.589s][info][gc,alloc    ] GC(37) Y:                         Mark Start        Mark End      Relocate Start    Relocate End   
[2026-04-03T01:57:41.250+0600][19.589s][info][gc,alloc    ] GC(37) Y: Allocation Stalls:          0                0                0                0         
[2026-04-03T01:57:41.250+0600][19.589s][info][gc,load     ] GC(37) Y: Load: 2.80 (23%) / 5.48 (46%) / 6.63 (55%)
[2026-04-03T01:57:41.250+0600][19.589s][info][gc,mmu      ] GC(37) Y: MMU: 2ms/94.2%, 5ms/97.6%, 10ms/98.8%, 20ms/99.2%, 50ms/99.6%, 100ms/99.7%
[2026-04-03T01:57:41.250+0600][19.589s][info][gc,marking  ] GC(37) Y: Mark: 2 stripe(s), 2 proactive flush(es), 1 terminate flush(es), 0 completion(s), 0 continuation(s) 
[2026-04-03T01:57:41.250+0600][19.589s][info][gc,marking  ] GC(37) Y: Mark Stack Usage: 32M
[2026-04-03T01:57:41.250+0600][19.589s][info][gc,nmethod  ] GC(37) Y: NMethods: 5010 registered, 0 unregistered
[2026-04-03T01:57:41.250+0600][19.589s][info][gc,metaspace] GC(37) Y: Metaspace: 64M used, 65M committed, 1088M reserved
[2026-04-03T01:57:41.250+0600][19.589s][info][gc,reloc    ] GC(37) Y:                        Candidates     Selected     In-Place         Size        Empty    Relocated 
[2026-04-03T01:57:41.250+0600][19.589s][info][gc,reloc    ] GC(37) Y: Small Pages:                   97           14            0         194M         164M           0M 
[2026-04-03T01:57:41.250+0600][19.589s][info][gc,reloc    ] GC(37) Y: Medium Pages:                   1            0            0          16M          16M           0M 
[2026-04-03T01:57:41.250+0600][19.589s][info][gc,reloc    ] GC(37) Y: Large Pages:                    1            0            0           6M           6M           0M 
[2026-04-03T01:57:41.250+0600][19.589s][info][gc,reloc    ] GC(37) Y: Forwarding Usage: 0M
[2026-04-03T01:57:41.250+0600][19.589s][info][gc,reloc    ] GC(37) Y: Age Table:
[2026-04-03T01:57:41.250+0600][19.589s][info][gc,reloc    ] GC(37) Y:                    Live             Garbage             Small              Medium             Large        
[2026-04-03T01:57:41.250+0600][19.589s][info][gc,reloc    ] GC(37) Y: Eden               0M (0%)          209M (21%)         94 / 12             1 / 0              1 / 0        
[2026-04-03T01:57:41.250+0600][19.589s][info][gc,reloc    ] GC(37) Y: Survivor 1         0M (0%)            5M (1%)           3 / 2              0 / 0              0 / 0        
[2026-04-03T01:57:41.250+0600][19.589s][info][gc,heap     ] GC(37) Y: Min Capacity: 8M(1%)
[2026-04-03T01:57:41.250+0600][19.589s][info][gc,heap     ] GC(37) Y: Max Capacity: 1000M(100%)
[2026-04-03T01:57:41.250+0600][19.589s][info][gc,heap     ] GC(37) Y: Soft Max Capacity: 1000M(100%)
[2026-04-03T01:57:41.250+0600][19.589s][info][gc,heap     ] GC(37) Y: Heap Statistics:
[2026-04-03T01:57:41.250+0600][19.589s][info][gc,heap     ] GC(37) Y:                Mark Start          Mark End        Relocate Start      Relocate End           High               Low         
[2026-04-03T01:57:41.250+0600][19.589s][info][gc,heap     ] GC(37) Y:  Capacity:      852M (85%)         852M (85%)         852M (85%)         852M (85%)         852M (85%)         852M (85%)    
[2026-04-03T01:57:41.250+0600][19.589s][info][gc,heap     ] GC(37) Y:      Free:      548M (55%)         548M (55%)         734M (73%)         758M (76%)         758M (76%)         548M (55%)    
[2026-04-03T01:57:41.250+0600][19.589s][info][gc,heap     ] GC(37) Y:      Used:      452M (45%)         452M (45%)         266M (27%)         242M (24%)         452M (45%)         242M (24%)    
[2026-04-03T01:57:41.250+0600][19.589s][info][gc,heap     ] GC(37) Y: Young Generation Statistics:
[2026-04-03T01:57:41.250+0600][19.589s][info][gc,heap     ] GC(37) Y:                Mark Start          Mark End        Relocate Start      Relocate End    
[2026-04-03T01:57:41.250+0600][19.589s][info][gc,heap     ] GC(37) Y:      Used:      216M (22%)         216M (22%)          30M (3%)            0M (0%)     
[2026-04-03T01:57:41.250+0600][19.589s][info][gc,heap     ] GC(37) Y:      Live:         -                 0M (0%)            0M (0%)            0M (0%)     
[2026-04-03T01:57:41.250+0600][19.589s][info][gc,heap     ] GC(37) Y:   Garbage:         -               215M (22%)          29M (3%)            0M (0%)     
[2026-04-03T01:57:41.250+0600][19.590s][info][gc,heap     ] GC(37) Y: Allocated:         -                 0M (0%)            0M (0%)            0M (0%)     
[2026-04-03T01:57:41.250+0600][19.590s][info][gc,heap     ] GC(37) Y: Reclaimed:         -                  -               186M (19%)         215M (22%)    
[2026-04-03T01:57:41.250+0600][19.590s][info][gc,heap     ] GC(37) Y:  Promoted:         -                  -                 0M (0%)            0M (0%)     
[2026-04-03T01:57:41.250+0600][19.590s][info][gc,heap     ] GC(37) Y: Compacted:         -                  -                  -                 0M (0%)     
[2026-04-03T01:57:41.250+0600][19.590s][info][gc,phases   ] GC(37) Y: Young Generation (Promote All) 452M(45%)->242M(24%) 0.016s
[2026-04-03T01:57:41.250+0600][19.590s][info][gc,phases   ] GC(37) Y: Young Generation (Collect Roots)
[2026-04-03T01:57:41.250+0600][19.590s][info][gc,phases   ] GC(37) Y: Pause Mark Start (Major) 0.015ms
[2026-04-03T01:57:41.257+0600][19.596s][info][gc,phases   ] GC(37) Y: Concurrent Mark 6.842ms
[2026-04-03T01:57:41.257+0600][19.597s][info][gc,phases   ] GC(37) Y: Pause Mark End 0.019ms
[2026-04-03T01:57:41.257+0600][19.597s][info][gc,phases   ] GC(37) Y: Concurrent Mark Free 0.258ms
[2026-04-03T01:57:41.257+0600][19.597s][info][gc,phases   ] GC(37) Y: Concurrent Reset Relocation Set 0.004ms
[2026-04-03T01:57:41.262+0600][19.601s][info][gc,reloc    ] GC(37) Y: Using tenuring threshold: 0 (Computed)
[2026-04-03T01:57:41.262+0600][19.601s][info][gc,phases   ] GC(37) Y: Concurrent Select Relocation Set 4.490ms
[2026-04-03T01:57:41.262+0600][19.602s][info][gc,phases   ] GC(37) Y: Pause Relocate Start 0.011ms
[2026-04-03T01:57:41.262+0600][19.602s][info][gc,phases   ] GC(37) Y: Concurrent Relocate 0.099ms
[2026-04-03T01:57:41.262+0600][19.602s][info][gc,alloc    ] GC(37) Y:                         Mark Start        Mark End      Relocate Start    Relocate End   
[2026-04-03T01:57:41.262+0600][19.602s][info][gc,alloc    ] GC(37) Y: Allocation Stalls:          0                0                0                0         
[2026-04-03T01:57:41.262+0600][19.602s][info][gc,load     ] GC(37) Y: Load: 2.80 (23%) / 5.48 (46%) / 6.63 (55%)
[2026-04-03T01:57:41.262+0600][19.602s][info][gc,mmu      ] GC(37) Y: MMU: 2ms/94.2%, 5ms/97.6%, 10ms/98.8%, 20ms/99.2%, 50ms/99.6%, 100ms/99.7%
[2026-04-03T01:57:41.262+0600][19.602s][info][gc,marking  ] GC(37) Y: Mark: 2 stripe(s), 1 proactive flush(es), 1 terminate flush(es), 0 completion(s), 0 continuation(s) 
[2026-04-03T01:57:41.262+0600][19.602s][info][gc,marking  ] GC(37) Y: Mark Stack Usage: 0M
[2026-04-03T01:57:41.262+0600][19.602s][info][gc,nmethod  ] GC(37) Y: NMethods: 5010 registered, 0 unregistered
[2026-04-03T01:57:41.262+0600][19.602s][info][gc,metaspace] GC(37) Y: Metaspace: 64M used, 65M committed, 1088M reserved
[2026-04-03T01:57:41.262+0600][19.602s][info][gc,heap     ] GC(37) Y: Min Capacity: 8M(1%)
[2026-04-03T01:57:41.262+0600][19.602s][info][gc,heap     ] GC(37) Y: Max Capacity: 1000M(100%)
[2026-04-03T01:57:41.262+0600][19.602s][info][gc,heap     ] GC(37) Y: Soft Max Capacity: 1000M(100%)
[2026-04-03T01:57:41.262+0600][19.602s][info][gc,heap     ] GC(37) Y: Heap Statistics:
[2026-04-03T01:57:41.262+0600][19.602s][info][gc,heap     ] GC(37) Y:                Mark Start          Mark End        Relocate Start      Relocate End           High               Low         
[2026-04-03T01:57:41.262+0600][19.602s][info][gc,heap     ] GC(37) Y:  Capacity:      852M (85%)         852M (85%)         852M (85%)         852M (85%)         852M (85%)         852M (85%)    
[2026-04-03T01:57:41.262+0600][19.602s][info][gc,heap     ] GC(37) Y:      Free:      758M (76%)         758M (76%)         758M (76%)         758M (76%)         758M (76%)         758M (76%)    
[2026-04-03T01:57:41.262+0600][19.602s][info][gc,heap     ] GC(37) Y:      Used:      242M (24%)         242M (24%)         242M (24%)         242M (24%)         242M (24%)         242M (24%)    
[2026-04-03T01:57:41.262+0600][19.602s][info][gc,heap     ] GC(37) Y: Young Generation Statistics:
[2026-04-03T01:57:41.262+0600][19.602s][info][gc,heap     ] GC(37) Y:                Mark Start          Mark End        Relocate Start      Relocate End    
[2026-04-03T01:57:41.263+0600][19.602s][info][gc,heap     ] GC(37) Y:      Used:        0M (0%)            0M (0%)            0M (0%)            0M (0%)     
[2026-04-03T01:57:41.263+0600][19.602s][info][gc,heap     ] GC(37) Y:      Live:         -                 0M (0%)            0M (0%)            0M (0%)     
[2026-04-03T01:57:41.263+0600][19.602s][info][gc,heap     ] GC(37) Y:   Garbage:         -                 0M (0%)            0M (0%)            0M (0%)     
[2026-04-03T01:57:41.263+0600][19.602s][info][gc,heap     ] GC(37) Y: Allocated:         -                 0M (0%)            0M (0%)            0M (0%)     
[2026-04-03T01:57:41.263+0600][19.602s][info][gc,heap     ] GC(37) Y: Reclaimed:         -                  -                 0M (0%)            0M (0%)     
[2026-04-03T01:57:41.263+0600][19.602s][info][gc,heap     ] GC(37) Y:  Promoted:         -                  -                 0M (0%)            0M (0%)     
[2026-04-03T01:57:41.263+0600][19.602s][info][gc,heap     ] GC(37) Y: Compacted:         -                  -                  -                 0M (0%)     
[2026-04-03T01:57:41.263+0600][19.602s][info][gc,phases   ] GC(37) Y: Young Generation (Collect Roots) 242M(24%)->242M(24%) 0.012s
[2026-04-03T01:57:41.263+0600][19.602s][info][gc,phases   ] GC(37) O: Old Generation
[2026-04-03T01:57:41.404+0600][19.743s][info][gc,phases   ] GC(37) O: Concurrent Mark 141.196ms
[2026-04-03T01:57:41.404+0600][19.743s][info][gc,phases   ] GC(37) O: Pause Mark End 0.021ms
[2026-04-03T01:57:41.404+0600][19.743s][info][gc,phases   ] GC(37) O: Concurrent Mark Free 0.001ms
[2026-04-03T01:57:41.409+0600][19.749s][info][gc,phases   ] GC(37) O: Concurrent Process Non-Strong 5.166ms
[2026-04-03T01:57:41.409+0600][19.749s][info][gc,phases   ] GC(37) O: Concurrent Reset Relocation Set 0.003ms
[2026-04-03T01:57:41.411+0600][19.750s][info][gc,phases   ] GC(37) O: Concurrent Select Relocation Set 1.569ms
[2026-04-03T01:57:41.411+0600][19.750s][info][gc,task     ] GC(37) O: Using 3 Workers for Old Generation
[2026-04-03T01:57:41.427+0600][19.766s][info][gc,task     ] GC(37) O: Using 3 Workers for Old Generation
[2026-04-03T01:57:41.427+0600][19.767s][info][gc,phases   ] GC(37) O: Concurrent Remap Roots 16.175ms
[2026-04-03T01:57:41.427+0600][19.767s][info][gc,phases   ] GC(37) O: Pause Relocate Start 0.023ms
[2026-04-03T01:57:41.431+0600][19.771s][info][gc,phases   ] GC(37) O: Concurrent Relocate 3.699ms
[2026-04-03T01:57:41.431+0600][19.771s][info][gc,alloc    ] GC(37) O:                         Mark Start        Mark End      Relocate Start    Relocate End   
[2026-04-03T01:57:41.431+0600][19.771s][info][gc,alloc    ] GC(37) O: Allocation Stalls:          0                0                0                0         
[2026-04-03T01:57:41.431+0600][19.771s][info][gc,load     ] GC(37) O: Load: 2.80 (23%) / 5.48 (46%) / 6.63 (55%)
[2026-04-03T01:57:41.431+0600][19.771s][info][gc,mmu      ] GC(37) O: MMU: 2ms/94.2%, 5ms/97.6%, 10ms/98.8%, 20ms/99.2%, 50ms/99.6%, 100ms/99.7%
[2026-04-03T01:57:41.431+0600][19.771s][info][gc,marking  ] GC(37) O: Mark: 2 stripe(s), 5 proactive flush(es), 1 terminate flush(es), 0 completion(s), 0 continuation(s) 
[2026-04-03T01:57:41.431+0600][19.771s][info][gc,marking  ] GC(37) O: Mark Stack Usage: 32M
[2026-04-03T01:57:41.431+0600][19.771s][info][gc,nmethod  ] GC(37) O: NMethods: 4988 registered, 55 unregistered
[2026-04-03T01:57:41.431+0600][19.771s][info][gc,metaspace] GC(37) O: Metaspace: 64M used, 65M committed, 1088M reserved
[2026-04-03T01:57:41.431+0600][19.771s][info][gc,ref      ] GC(37) O:                       Encountered   Discovered     Enqueued 
[2026-04-03T01:57:41.431+0600][19.771s][info][gc,ref      ] GC(37) O: Soft References:             4785            0            0 
[2026-04-03T01:57:41.431+0600][19.771s][info][gc,ref      ] GC(37) O: Weak References:             5994         4842          277 
[2026-04-03T01:57:41.431+0600][19.771s][info][gc,ref      ] GC(37) O: Final References:              82            0            0 
[2026-04-03T01:57:41.431+0600][19.771s][info][gc,ref      ] GC(37) O: Phantom References:           594          450            0 
[2026-04-03T01:57:41.431+0600][19.771s][info][gc,reloc    ] GC(37) O:                        Candidates     Selected     In-Place         Size        Empty    Relocated 
[2026-04-03T01:57:41.431+0600][19.771s][info][gc,reloc    ] GC(37) O: Small Pages:                  105            6            0         210M           6M           1M 
[2026-04-03T01:57:41.431+0600][19.771s][info][gc,reloc    ] GC(37) O: Medium Pages:                   1            0            0          16M           0M           0M 
[2026-04-03T01:57:41.431+0600][19.771s][info][gc,reloc    ] GC(37) O: Large Pages:                    3            0            0          16M           0M           0M 
[2026-04-03T01:57:41.431+0600][19.771s][info][gc,reloc    ] GC(37) O: Forwarding Usage: 0M
[2026-04-03T01:57:41.431+0600][19.771s][info][gc,heap     ] GC(37) O: Min Capacity: 8M(1%)
[2026-04-03T01:57:41.431+0600][19.771s][info][gc,heap     ] GC(37) O: Max Capacity: 1000M(100%)
[2026-04-03T01:57:41.431+0600][19.771s][info][gc,heap     ] GC(37) O: Soft Max Capacity: 1000M(100%)
[2026-04-03T01:57:41.431+0600][19.771s][info][gc,heap     ] GC(37) O: Heap Statistics:
[2026-04-03T01:57:41.431+0600][19.771s][info][gc,heap     ] GC(37) O:                Mark Start          Mark End        Relocate Start      Relocate End           High               Low         
[2026-04-03T01:57:41.431+0600][19.771s][info][gc,heap     ] GC(37) O:  Capacity:      852M (85%)         852M (85%)         852M (85%)         852M (85%)         852M (85%)         852M (85%)    
[2026-04-03T01:57:41.431+0600][19.771s][info][gc,heap     ] GC(37) O:      Free:      758M (76%)         756M (76%)         744M (74%)         752M (75%)         758M (76%)         738M (74%)    
[2026-04-03T01:57:41.431+0600][19.771s][info][gc,heap     ] GC(37) O:      Used:      242M (24%)         244M (24%)         256M (26%)         248M (25%)         262M (26%)         242M (24%)    
[2026-04-03T01:57:41.431+0600][19.771s][info][gc,heap     ] GC(37) O: Old Generation Statistics:
[2026-04-03T01:57:41.431+0600][19.771s][info][gc,heap     ] GC(37) O:                Mark Start          Mark End        Relocate Start      Relocate End    
[2026-04-03T01:57:41.431+0600][19.771s][info][gc,heap     ] GC(37) O:      Used:      242M (24%)         242M (24%)         236M (24%)         228M (23%)    
[2026-04-03T01:57:41.431+0600][19.771s][info][gc,heap     ] GC(37) O:      Live:         -               209M (21%)         209M (21%)         209M (21%)    
[2026-04-03T01:57:41.431+0600][19.771s][info][gc,heap     ] GC(37) O:   Garbage:         -                32M (3%)           26M (3%)           14M (1%)     
[2026-04-03T01:57:41.431+0600][19.771s][info][gc,heap     ] GC(37) O: Allocated:         -                 0M (0%)            0M (0%)            4M (0%)     
[2026-04-03T01:57:41.431+0600][19.771s][info][gc,heap     ] GC(37) O: Reclaimed:         -                  -                 6M (1%)           18M (2%)     
[2026-04-03T01:57:41.431+0600][19.771s][info][gc,heap     ] GC(37) O: Compacted:         -                  -                  -                 1M (0%)     
[2026-04-03T01:57:41.431+0600][19.771s][info][gc,phases   ] GC(37) O: Old Generation 242M(24%)->248M(25%) 0.169s
[2026-04-03T01:57:41.431+0600][19.771s][info][gc          ] GC(37) Major Collection (System.gc()) 452M(45%)->248M(25%) 0.197s
[2026-04-03T01:57:41.778+0600][20.118s][info][gc          ] GC(38) Minor Collection (Allocation Rate)
[2026-04-03T01:57:41.778+0600][20.118s][info][gc,task     ] GC(38) Using 1 Workers for Young Generation
[2026-04-03T01:57:41.778+0600][20.118s][info][gc,phases   ] GC(38) y: Young Generation
[2026-04-03T01:57:41.779+0600][20.118s][info][gc,phases   ] GC(38) y: Pause Mark Start 0.019ms
[2026-04-03T01:57:41.790+0600][20.129s][info][gc,phases   ] GC(38) y: Concurrent Mark 11.261ms
[2026-04-03T01:57:41.790+0600][20.130s][info][gc,phases   ] GC(38) y: Pause Mark End 0.021ms
[2026-04-03T01:57:41.790+0600][20.130s][info][gc,phases   ] GC(38) y: Concurrent Mark Free 0.001ms
[2026-04-03T01:57:41.790+0600][20.130s][info][gc,phases   ] GC(38) y: Concurrent Reset Relocation Set 0.001ms
[2026-04-03T01:57:41.794+0600][20.134s][info][gc,reloc    ] GC(38) y: Using tenuring threshold: 1 (Computed)
[2026-04-03T01:57:41.795+0600][20.135s][info][gc,phases   ] GC(38) y: Concurrent Select Relocation Set 4.807ms
[2026-04-03T01:57:41.795+0600][20.135s][info][gc,phases   ] GC(38) y: Pause Relocate Start 0.011ms
[2026-04-03T01:57:41.796+0600][20.136s][info][gc,phases   ] GC(38) y: Concurrent Relocate 0.855ms
[2026-04-03T01:57:41.796+0600][20.136s][info][gc,alloc    ] GC(38) y:                         Mark Start        Mark End      Relocate Start    Relocate End   
[2026-04-03T01:57:41.796+0600][20.136s][info][gc,alloc    ] GC(38) y: Allocation Stalls:          0                0                0                0         
[2026-04-03T01:57:41.796+0600][20.136s][info][gc,load     ] GC(38) y: Load: 2.80 (23%) / 5.48 (46%) / 6.63 (55%)
[2026-04-03T01:57:41.796+0600][20.136s][info][gc,mmu      ] GC(38) y: MMU: 2ms/94.2%, 5ms/97.6%, 10ms/98.8%, 20ms/99.2%, 50ms/99.6%, 100ms/99.7%
[2026-04-03T01:57:41.796+0600][20.136s][info][gc,marking  ] GC(38) y: Mark: 1 stripe(s), 2 proactive flush(es), 1 terminate flush(es), 0 completion(s), 0 continuation(s) 
[2026-04-03T01:57:41.796+0600][20.136s][info][gc,marking  ] GC(38) y: Mark Stack Usage: 32M
[2026-04-03T01:57:41.796+0600][20.136s][info][gc,nmethod  ] GC(38) y: NMethods: 5106 registered, 55 unregistered
[2026-04-03T01:57:41.796+0600][20.136s][info][gc,metaspace] GC(38) y: Metaspace: 64M used, 65M committed, 1088M reserved
[2026-04-03T01:57:41.796+0600][20.136s][info][gc,reloc    ] GC(38) y:                        Candidates     Selected     In-Place         Size        Empty    Relocated 
[2026-04-03T01:57:41.796+0600][20.136s][info][gc,reloc    ] GC(38) y: Small Pages:                  253           22            0         506M         460M           0M 
[2026-04-03T01:57:41.796+0600][20.136s][info][gc,reloc    ] GC(38) y: Medium Pages:                   1            0            0          16M          16M           0M 
[2026-04-03T01:57:41.796+0600][20.136s][info][gc,reloc    ] GC(38) y: Large Pages:                    2            0            0          12M          12M           0M 
[2026-04-03T01:57:41.796+0600][20.136s][info][gc,reloc    ] GC(38) y: Forwarding Usage: 0M
[2026-04-03T01:57:41.796+0600][20.136s][info][gc,reloc    ] GC(38) y: Age Table:
[2026-04-03T01:57:41.796+0600][20.136s][info][gc,reloc    ] GC(38) y:                    Live             Garbage             Small              Medium             Large        
[2026-04-03T01:57:41.796+0600][20.136s][info][gc,reloc    ] GC(38) y: Eden               0M (0%)          533M (53%)        253 / 22             1 / 0              2 / 0        
[2026-04-03T01:57:41.796+0600][20.136s][info][gc,heap     ] GC(38) y: Min Capacity: 8M(1%)
[2026-04-03T01:57:41.796+0600][20.136s][info][gc,heap     ] GC(38) y: Max Capacity: 1000M(100%)
[2026-04-03T01:57:41.796+0600][20.136s][info][gc,heap     ] GC(38) y: Soft Max Capacity: 1000M(100%)
[2026-04-03T01:57:41.796+0600][20.136s][info][gc,heap     ] GC(38) y: Heap Statistics:
[2026-04-03T01:57:41.796+0600][20.136s][info][gc,heap     ] GC(38) y:                Mark Start          Mark End        Relocate Start      Relocate End           High               Low         
[2026-04-03T01:57:41.796+0600][20.136s][info][gc,heap     ] GC(38) y:  Capacity:      852M (85%)         852M (85%)         852M (85%)         852M (85%)         852M (85%)         852M (85%)    
[2026-04-03T01:57:41.796+0600][20.136s][info][gc,heap     ] GC(38) y:      Free:      238M (24%)         212M (21%)         690M (69%)         728M (73%)         728M (73%)         212M (21%)    
[2026-04-03T01:57:41.797+0600][20.136s][info][gc,heap     ] GC(38) y:      Used:      762M (76%)         788M (79%)         310M (31%)         272M (27%)         788M (79%)         272M (27%)    
[2026-04-03T01:57:41.797+0600][20.136s][info][gc,heap     ] GC(38) y: Young Generation Statistics:
[2026-04-03T01:57:41.797+0600][20.136s][info][gc,heap     ] GC(38) y:                Mark Start          Mark End        Relocate Start      Relocate End    
[2026-04-03T01:57:41.797+0600][20.136s][info][gc,heap     ] GC(38) y:      Used:      534M (53%)         560M (56%)          82M (8%)           44M (4%)     
[2026-04-03T01:57:41.797+0600][20.136s][info][gc,heap     ] GC(38) y:      Live:         -                 0M (0%)            0M (0%)            0M (0%)     
[2026-04-03T01:57:41.797+0600][20.136s][info][gc,heap     ] GC(38) y:   Garbage:         -               533M (53%)          45M (5%)            0M (0%)     
[2026-04-03T01:57:41.797+0600][20.136s][info][gc,heap     ] GC(38) y: Allocated:         -                26M (3%)           36M (4%)           43M (4%)     
[2026-04-03T01:57:41.797+0600][20.136s][info][gc,heap     ] GC(38) y: Reclaimed:         -                  -               488M (49%)         533M (53%)    
[2026-04-03T01:57:41.797+0600][20.136s][info][gc,heap     ] GC(38) y:  Promoted:         -                  -                 0M (0%)            0M (0%)     
[2026-04-03T01:57:41.797+0600][20.136s][info][gc,heap     ] GC(38) y: Compacted:         -                  -                  -                 0M (0%)     
[2026-04-03T01:57:41.797+0600][20.136s][info][gc,phases   ] GC(38) y: Young Generation 762M(76%)->272M(27%) 0.018s
[2026-04-03T01:57:41.797+0600][20.136s][info][gc          ] GC(38) Minor Collection (Allocation Rate) 762M(76%)->272M(27%) 0.018s
[2026-04-03T01:57:41.993+0600][20.333s][info][gc          ] GC(39) Minor Collection (Allocation Rate)
[2026-04-03T01:57:41.993+0600][20.333s][info][gc,task     ] GC(39) Using 1 Workers for Young Generation
[2026-04-03T01:57:41.993+0600][20.333s][info][gc,phases   ] GC(39) y: Young Generation
[2026-04-03T01:57:41.993+0600][20.333s][info][gc,phases   ] GC(39) y: Pause Mark Start 0.019ms
[2026-04-03T01:57:42.003+0600][20.343s][info][gc,phases   ] GC(39) y: Concurrent Mark 9.715ms
[2026-04-03T01:57:42.004+0600][20.343s][info][gc,phases   ] GC(39) y: Pause Mark End 0.020ms
[2026-04-03T01:57:42.004+0600][20.343s][info][gc,phases   ] GC(39) y: Concurrent Mark Free 0.001ms
[2026-04-03T01:57:42.004+0600][20.343s][info][gc,phases   ] GC(39) y: Concurrent Reset Relocation Set 0.003ms
[2026-04-03T01:57:42.007+0600][20.347s][info][gc,reloc    ] GC(39) y: Using tenuring threshold: 1 (Computed)
[2026-04-03T01:57:42.009+0600][20.348s][info][gc,phases   ] GC(39) y: Concurrent Select Relocation Set 5.281ms
[2026-04-03T01:57:42.009+0600][20.349s][info][gc,phases   ] GC(39) y: Pause Relocate Start 0.016ms
[2026-04-03T01:57:42.011+0600][20.350s][info][gc,phases   ] GC(39) y: Concurrent Relocate 1.612ms
[2026-04-03T01:57:42.011+0600][20.350s][info][gc,alloc    ] GC(39) y:                         Mark Start        Mark End      Relocate Start    Relocate End   
[2026-04-03T01:57:42.011+0600][20.350s][info][gc,alloc    ] GC(39) y: Allocation Stalls:          0                0                0                0         
[2026-04-03T01:57:42.011+0600][20.350s][info][gc,load     ] GC(39) y: Load: 2.80 (23%) / 5.48 (46%) / 6.63 (55%)
[2026-04-03T01:57:42.011+0600][20.350s][info][gc,mmu      ] GC(39) y: MMU: 2ms/94.2%, 5ms/97.6%, 10ms/98.8%, 20ms/99.2%, 50ms/99.6%, 100ms/99.7%
[2026-04-03T01:57:42.011+0600][20.350s][info][gc,marking  ] GC(39) y: Mark: 1 stripe(s), 2 proactive flush(es), 1 terminate flush(es), 0 completion(s), 0 continuation(s) 
[2026-04-03T01:57:42.011+0600][20.350s][info][gc,marking  ] GC(39) y: Mark Stack Usage: 32M
[2026-04-03T01:57:42.011+0600][20.350s][info][gc,nmethod  ] GC(39) y: NMethods: 5106 registered, 55 unregistered
[2026-04-03T01:57:42.011+0600][20.350s][info][gc,metaspace] GC(39) y: Metaspace: 64M used, 65M committed, 1088M reserved
[2026-04-03T01:57:42.011+0600][20.350s][info][gc,reloc    ] GC(39) y:                        Candidates     Selected     In-Place         Size        Empty    Relocated 
[2026-04-03T01:57:42.011+0600][20.350s][info][gc,reloc    ] GC(39) y: Small Pages:                  254            9            0         508M         488M           0M 
[2026-04-03T01:57:42.011+0600][20.350s][info][gc,reloc    ] GC(39) y: Medium Pages:                   0            0            0           0M           0M           0M 
[2026-04-03T01:57:42.011+0600][20.350s][info][gc,reloc    ] GC(39) y: Large Pages:                    0            0            0           0M           0M           0M 
[2026-04-03T01:57:42.011+0600][20.350s][info][gc,reloc    ] GC(39) y: Forwarding Usage: 0M
[2026-04-03T01:57:42.011+0600][20.350s][info][gc,reloc    ] GC(39) y: Age Table:
[2026-04-03T01:57:42.011+0600][20.350s][info][gc,reloc    ] GC(39) y:                    Live             Garbage             Small              Medium             Large        
[2026-04-03T01:57:42.011+0600][20.350s][info][gc,reloc    ] GC(39) y: Eden               0M (0%)          501M (50%)        251 / 6              0 / 0              0 / 0        
[2026-04-03T01:57:42.011+0600][20.350s][info][gc,reloc    ] GC(39) y: Survivor 1         0M (0%)            5M (1%)           3 / 3              0 / 0              0 / 0        
[2026-04-03T01:57:42.011+0600][20.350s][info][gc,heap     ] GC(39) y: Min Capacity: 8M(1%)
[2026-04-03T01:57:42.011+0600][20.350s][info][gc,heap     ] GC(39) y: Max Capacity: 1000M(100%)
[2026-04-03T01:57:42.011+0600][20.350s][info][gc,heap     ] GC(39) y: Soft Max Capacity: 1000M(100%)
[2026-04-03T01:57:42.011+0600][20.350s][info][gc,heap     ] GC(39) y: Heap Statistics:
[2026-04-03T01:57:42.011+0600][20.350s][info][gc,heap     ] GC(39) y:                Mark Start          Mark End        Relocate Start      Relocate End           High               Low         
[2026-04-03T01:57:42.011+0600][20.350s][info][gc,heap     ] GC(39) y:  Capacity:      852M (85%)         852M (85%)         852M (85%)         852M (85%)         852M (85%)         852M (85%)    
[2026-04-03T01:57:42.011+0600][20.351s][info][gc,heap     ] GC(39) y:      Free:      264M (26%)         240M (24%)         716M (72%)         720M (72%)         724M (72%)         240M (24%)    
[2026-04-03T01:57:42.011+0600][20.351s][info][gc,heap     ] GC(39) y:      Used:      736M (74%)         760M (76%)         284M (28%)         280M (28%)         760M (76%)         276M (28%)    
[2026-04-03T01:57:42.011+0600][20.351s][info][gc,heap     ] GC(39) y: Young Generation Statistics:
[2026-04-03T01:57:42.011+0600][20.351s][info][gc,heap     ] GC(39) y:                Mark Start          Mark End        Relocate Start      Relocate End    
[2026-04-03T01:57:42.011+0600][20.351s][info][gc,heap     ] GC(39) y:      Used:      508M (51%)         532M (53%)          56M (6%)           46M (5%)     
[2026-04-03T01:57:42.011+0600][20.351s][info][gc,heap     ] GC(39) y:      Live:         -                 0M (0%)            0M (0%)            0M (0%)     
[2026-04-03T01:57:42.011+0600][20.351s][info][gc,heap     ] GC(39) y:   Garbage:         -               507M (51%)          19M (2%)            0M (0%)     
[2026-04-03T01:57:42.011+0600][20.351s][info][gc,heap     ] GC(39) y: Allocated:         -                24M (2%)           36M (4%)           45M (5%)     
[2026-04-03T01:57:42.011+0600][20.351s][info][gc,heap     ] GC(39) y: Reclaimed:         -                  -               488M (49%)         507M (51%)    
[2026-04-03T01:57:42.011+0600][20.351s][info][gc,heap     ] GC(39) y:  Promoted:         -                  -                 0M (0%)            0M (0%)     
[2026-04-03T01:57:42.011+0600][20.351s][info][gc,heap     ] GC(39) y: Compacted:         -                  -                  -                 0M (0%)     
[2026-04-03T01:57:42.011+0600][20.351s][info][gc,phases   ] GC(39) y: Young Generation 736M(74%)->280M(28%) 0.018s
[2026-04-03T01:57:42.011+0600][20.351s][info][gc          ] GC(39) Minor Collection (Allocation Rate) 736M(74%)->280M(28%) 0.018s
[2026-04-03T01:57:42.861+0600][21.200s][info][gc,exit     ] Stopping ZGC
[2026-04-03T01:57:42.861+0600][21.200s][info][gc,stats    ] === Garbage Collection Statistics =======================================================================================================================
[2026-04-03T01:57:42.861+0600][21.201s][info][gc,stats    ]                                                              Last 10s              Last 10m              Last 10h                Total
[2026-04-03T01:57:42.861+0600][21.201s][info][gc,stats    ]                                                              Avg / Max             Avg / Max             Avg / Max             Avg / Max
[2026-04-03T01:57:42.861+0600][21.201s][info][gc,stats    ]        Contention: Mark Segment Reset Contention                     1 / 13                8 / 110               8 / 110               8 / 110         ops/s
[2026-04-03T01:57:42.861+0600][21.201s][info][gc,stats    ]        Contention: Mark SeqNum Reset Contention                      0 / 3                 0 / 6                 0 / 6                 0 / 6           ops/s
[2026-04-03T01:57:42.861+0600][21.201s][info][gc,stats    ]          Critical: Allocation Stall                                  0 / 0                 0 / 0                 0 / 0                 0 / 0           ops/s
[2026-04-03T01:57:42.861+0600][21.201s][info][gc,stats    ]          Critical: Allocation Stall                              0.000 / 0.000         0.000 / 0.000         0.000 / 0.000         0.000 / 0.000       ms
[2026-04-03T01:57:42.861+0600][21.201s][info][gc,stats    ]          Critical: JNI Critical Stall                                0 / 2                 0 / 2                 0 / 2                 0 / 2           ops/s
[2026-04-03T01:57:42.861+0600][21.201s][info][gc,stats    ]          Critical: JNI Critical Stall                            0.455 / 0.550         1.007 / 3.959         1.007 / 3.959         1.007 / 3.959       ms
[2026-04-03T01:57:42.861+0600][21.201s][info][gc,stats    ]          Critical: Relocation Stall                                  0 / 0                 0 / 0                 0 / 0                 0 / 0           ops/s
[2026-04-03T01:57:42.861+0600][21.201s][info][gc,stats    ]          Critical: Relocation Stall                              0.000 / 0.000         0.000 / 0.000         0.000 / 0.000         0.000 / 0.000       ms
[2026-04-03T01:57:42.861+0600][21.201s][info][gc,stats    ]  Major Collection: Major Collection                            297.442 / 596.346     226.961 / 596.346     226.961 / 596.346     226.961 / 596.346     ms
[2026-04-03T01:57:42.861+0600][21.201s][info][gc,stats    ]            Memory: Allocation Rate                                 710 / 1628            452 / 1628            452 / 1628            452 / 1628        MB/s
[2026-04-03T01:57:42.861+0600][21.201s][info][gc,stats    ]            Memory: Defragment                                        0 / 5                 0 / 8                 0 / 8                 0 / 8           ops/s
[2026-04-03T01:57:42.861+0600][21.201s][info][gc,stats    ]            Memory: Out Of Memory                                     0 / 0                 0 / 0                 0 / 0                 0 / 0           ops/s
[2026-04-03T01:57:42.861+0600][21.201s][info][gc,stats    ]            Memory: Page Cache Flush                                  1 / 10                1 / 16                1 / 16                1 / 16          MB/s
[2026-04-03T01:57:42.861+0600][21.201s][info][gc,stats    ]            Memory: Page Cache Hit L1                               361 / 856             214 / 856             214 / 856             214 / 856         ops/s
[2026-04-03T01:57:42.861+0600][21.201s][info][gc,stats    ]            Memory: Page Cache Hit L2                                 0 / 0                 0 / 0                 0 / 0                 0 / 0           ops/s
[2026-04-03T01:57:42.861+0600][21.201s][info][gc,stats    ]            Memory: Page Cache Hit L3                                 0 / 4                 6 / 85                6 / 85                6 / 85          ops/s
[2026-04-03T01:57:42.861+0600][21.201s][info][gc,stats    ]            Memory: Page Cache Miss                                   0 / 2                12 / 215              12 / 215              12 / 215         ops/s
[2026-04-03T01:57:42.861+0600][21.201s][info][gc,stats    ]            Memory: Uncommit                                          0 / 0                 0 / 0                 0 / 0                 0 / 0           MB/s
[2026-04-03T01:57:42.861+0600][21.201s][info][gc,stats    ]            Memory: Undo Object Allocation Failed                     0 / 0                 0 / 0                 0 / 0                 0 / 0           ops/s
[2026-04-03T01:57:42.861+0600][21.201s][info][gc,stats    ]            Memory: Undo Object Allocation Succeeded                  0 / 1                 0 / 1                 0 / 1                 0 / 1           ops/s
[2026-04-03T01:57:42.861+0600][21.201s][info][gc,stats    ]            Memory: Undo Page Allocation                              0 / 0                 0 / 0                 0 / 0                 0 / 0           ops/s
[2026-04-03T01:57:42.861+0600][21.201s][info][gc,stats    ]  Minor Collection: Minor Collection                             79.670 / 223.226     106.433 / 468.619     106.433 / 468.619     106.433 / 468.619     ms
[2026-04-03T01:57:42.861+0600][21.201s][info][gc,stats    ]    Old Generation: Old Generation                              260.432 / 478.178     176.224 / 478.178     176.224 / 478.178     176.224 / 478.178     ms
[2026-04-03T01:57:42.861+0600][21.201s][info][gc,stats    ]         Old Pause: Pause Mark End                                0.031 / 0.048         0.027 / 0.048         0.027 / 0.048         0.027 / 0.048       ms
[2026-04-03T01:57:42.861+0600][21.201s][info][gc,stats    ]         Old Pause: Pause Relocate Start                          0.027 / 0.037         0.032 / 0.115         0.032 / 0.115         0.032 / 0.115       ms
[2026-04-03T01:57:42.861+0600][21.201s][info][gc,stats    ]         Old Phase: Concurrent Mark                             195.588 / 417.289     122.740 / 417.289     122.740 / 417.289     122.740 / 417.289     ms
[2026-04-03T01:57:42.861+0600][21.201s][info][gc,stats    ]         Old Phase: Concurrent Mark Continue                      0.000 / 0.000         0.000 / 0.000         0.000 / 0.000         0.000 / 0.000       ms
[2026-04-03T01:57:42.861+0600][21.201s][info][gc,stats    ]         Old Phase: Concurrent Mark Free                          0.002 / 0.004         0.004 / 0.027         0.004 / 0.027         0.004 / 0.027       ms
[2026-04-03T01:57:42.861+0600][21.201s][info][gc,stats    ]         Old Phase: Concurrent Process Non-Strong                13.769 / 23.448       10.724 / 23.448       10.724 / 23.448       10.724 / 23.448      ms
[2026-04-03T01:57:42.861+0600][21.201s][info][gc,stats    ]         Old Phase: Concurrent Relocate                          10.725 / 19.560        7.359 / 19.560        7.359 / 19.560        7.359 / 19.560      ms
[2026-04-03T01:57:42.861+0600][21.201s][info][gc,stats    ]         Old Phase: Concurrent Remap Roots                       19.290 / 24.992       18.324 / 24.992       18.324 / 24.992       18.324 / 24.992      ms
[2026-04-03T01:57:42.861+0600][21.201s][info][gc,stats    ]         Old Phase: Concurrent Reset Relocation Set               0.004 / 0.005         0.002 / 0.005         0.002 / 0.005         0.002 / 0.005       ms
[2026-04-03T01:57:42.861+0600][21.201s][info][gc,stats    ]         Old Phase: Concurrent Select Relocation Set              4.778 / 7.174         3.775 / 7.174         3.775 / 7.174         3.775 / 7.174       ms
[2026-04-03T01:57:42.861+0600][21.201s][info][gc,stats    ]      Old Subphase: Concurrent Classes Purge                      0.265 / 0.905         0.214 / 0.905         0.214 / 0.905         0.214 / 0.905       ms
[2026-04-03T01:57:42.861+0600][21.201s][info][gc,stats    ]      Old Subphase: Concurrent Classes Unlink                     9.258 / 17.005        7.332 / 17.005        7.332 / 17.005        7.332 / 17.005      ms
[2026-04-03T01:57:42.861+0600][21.201s][info][gc,stats    ]      Old Subphase: Concurrent Mark Follow                      194.704 / 415.714     121.952 / 415.714     121.952 / 415.714     121.952 / 415.714     ms
[2026-04-03T01:57:42.861+0600][21.201s][info][gc,stats    ]      Old Subphase: Concurrent Mark Root Colored                  0.178 / 0.434         0.139 / 0.434         0.139 / 0.434         0.139 / 0.434       ms
[2026-04-03T01:57:42.861+0600][21.201s][info][gc,stats    ]      Old Subphase: Concurrent Mark Root Uncolored                0.412 / 1.124         0.386 / 1.124         0.386 / 1.124         0.386 / 1.124       ms
[2026-04-03T01:57:42.861+0600][21.201s][info][gc,stats    ]      Old Subphase: Concurrent Mark Roots                         0.878 / 1.569         0.782 / 1.569         0.782 / 1.569         0.782 / 1.569       ms
[2026-04-03T01:57:42.861+0600][21.201s][info][gc,stats    ]      Old Subphase: Concurrent References Enqueue                 0.051 / 0.323         0.029 / 0.323         0.029 / 0.323         0.029 / 0.323       ms
[2026-04-03T01:57:42.861+0600][21.201s][info][gc,stats    ]      Old Subphase: Concurrent References Process                 0.865 / 1.602         0.621 / 1.602         0.621 / 1.602         0.621 / 1.602       ms
[2026-04-03T01:57:42.861+0600][21.201s][info][gc,stats    ]      Old Subphase: Concurrent Remap Remembered                  15.389 / 21.705       14.814 / 21.705       14.814 / 21.705       14.814 / 21.705      ms
[2026-04-03T01:57:42.861+0600][21.201s][info][gc,stats    ]      Old Subphase: Concurrent Remap Roots Colored                1.615 / 4.129         1.489 / 4.129         1.489 / 4.129         1.489 / 4.129       ms
[2026-04-03T01:57:42.861+0600][21.201s][info][gc,stats    ]      Old Subphase: Concurrent Remap Roots Uncolored              1.692 / 2.394         1.263 / 2.394         1.263 / 2.394         1.263 / 2.394       ms
[2026-04-03T01:57:42.862+0600][21.201s][info][gc,stats    ]      Old Subphase: Concurrent Roots ClassLoaderDataGraph         0.819 / 3.507         0.840 / 3.507         0.840 / 3.507         0.840 / 3.507       ms
[2026-04-03T01:57:42.862+0600][21.201s][info][gc,stats    ]      Old Subphase: Concurrent Roots CodeCache                    1.578 / 2.097         1.177 / 2.097         1.177 / 2.097         1.177 / 2.097       ms
[2026-04-03T01:57:42.862+0600][21.201s][info][gc,stats    ]      Old Subphase: Concurrent Roots JavaThreads                  0.175 / 1.123         0.152 / 1.123         0.152 / 1.123         0.152 / 1.123       ms
[2026-04-03T01:57:42.862+0600][21.201s][info][gc,stats    ]      Old Subphase: Concurrent Roots OopStorageSet                0.019 / 0.067         0.018 / 0.090         0.018 / 0.090         0.018 / 0.090       ms
[2026-04-03T01:57:42.862+0600][21.201s][info][gc,stats    ]      Old Subphase: Concurrent Weak Roots OopStorageSet           0.620 / 2.027         0.532 / 2.027         0.532 / 2.027         0.532 / 2.027       ms
[2026-04-03T01:57:42.862+0600][21.201s][info][gc,stats    ]            System: Java Threads                                     66 / 102              57 / 102              57 / 102              57 / 102         threads
[2026-04-03T01:57:42.862+0600][21.201s][info][gc,stats    ]  Young Generation: Young Generation                             41.020 / 117.247      56.047 / 117.247      56.047 / 117.247      56.047 / 117.247     ms
[2026-04-03T01:57:42.862+0600][21.201s][info][gc,stats    ]  Young Generation: Young Generation                             79.188 / 222.828     105.968 / 468.244     105.968 / 468.244     105.968 / 468.244     ms
[2026-04-03T01:57:42.862+0600][21.201s][info][gc,stats    ]  Young Generation: Young Generation (Collect Roots)             11.697 / 13.289       11.697 / 13.289       11.697 / 13.289       11.697 / 13.289      ms
[2026-04-03T01:57:42.862+0600][21.201s][info][gc,stats    ]  Young Generation: Young Generation (Promote All)               17.592 / 20.251       17.592 / 20.251       17.592 / 20.251       17.592 / 20.251      ms
[2026-04-03T01:57:42.862+0600][21.201s][info][gc,stats    ]       Young Pause: Pause Mark End                                0.032 / 0.103         0.032 / 0.103         0.032 / 0.103         0.032 / 0.103       ms
[2026-04-03T01:57:42.862+0600][21.201s][info][gc,stats    ]       Young Pause: Pause Mark Start                              0.031 / 0.086         0.032 / 0.100         0.032 / 0.100         0.032 / 0.100       ms
[2026-04-03T01:57:42.862+0600][21.201s][info][gc,stats    ]       Young Pause: Pause Mark Start (Major)                      0.024 / 0.029         0.027 / 0.089         0.027 / 0.089         0.027 / 0.089       ms
[2026-04-03T01:57:42.862+0600][21.201s][info][gc,stats    ]       Young Pause: Pause Relocate Start                          0.024 / 0.089         0.024 / 0.089         0.024 / 0.089         0.024 / 0.089       ms
[2026-04-03T01:57:42.862+0600][21.201s][info][gc,stats    ]       Young Phase: Concurrent Mark                              39.384 / 128.114      54.503 / 406.789      54.503 / 406.789      54.503 / 406.789     ms
[2026-04-03T01:57:42.862+0600][21.201s][info][gc,stats    ]       Young Phase: Concurrent Mark Continue                      0.000 / 0.000         0.000 / 0.000         0.000 / 0.000         0.000 / 0.000       ms
[2026-04-03T01:57:42.862+0600][21.201s][info][gc,stats    ]       Young Phase: Concurrent Mark Free                          0.015 / 0.258         0.012 / 0.258         0.012 / 0.258         0.012 / 0.258       ms
[2026-04-03T01:57:42.862+0600][21.201s][info][gc,stats    ]       Young Phase: Concurrent Relocate                          13.975 / 57.547       16.724 / 61.210       16.724 / 61.210       16.724 / 61.210      ms
[2026-04-03T01:57:42.862+0600][21.201s][info][gc,stats    ]       Young Phase: Concurrent Reset Relocation Set               0.016 / 0.075         0.018 / 0.089         0.018 / 0.089         0.018 / 0.089       ms
[2026-04-03T01:57:42.862+0600][21.201s][info][gc,stats    ]       Young Phase: Concurrent Select Relocation Set              7.766 / 39.624        8.715 / 39.624        8.715 / 39.624        8.715 / 39.624      ms
[2026-04-03T01:57:42.862+0600][21.201s][info][gc,stats    ]    Young Subphase: Concurrent Mark Follow                       32.594 / 121.724      48.246 / 400.102      48.246 / 400.102      48.246 / 400.102     ms
[2026-04-03T01:57:42.862+0600][21.201s][info][gc,stats    ]    Young Subphase: Concurrent Mark Root Colored                  3.492 / 4.981         3.269 / 4.981         3.269 / 4.981         3.269 / 4.981       ms
[2026-04-03T01:57:42.862+0600][21.201s][info][gc,stats    ]    Young Subphase: Concurrent Mark Root Uncolored                2.752 / 8.578         2.417 / 8.578         2.417 / 8.578         2.417 / 8.578       ms
[2026-04-03T01:57:42.862+0600][21.201s][info][gc,stats    ]    Young Subphase: Concurrent Mark Roots                         6.784 / 12.265        6.251 / 12.265        6.251 / 12.265        6.251 / 12.265      ms
[2026-04-03T01:57:42.862+0600][21.201s][info][gc,stats    ]    Young Subphase: Concurrent Relocate Remset FP                 4.398 / 52.179        4.830 / 52.179        4.830 / 52.179        4.830 / 52.179      ms
[2026-04-03T01:57:42.862+0600][21.201s][info][gc,stats    ]    Young Subphase: Concurrent Roots ClassLoaderDataGraph         2.564 / 4.129         2.404 / 4.129         2.404 / 4.129         2.404 / 4.129       ms
[2026-04-03T01:57:42.862+0600][21.201s][info][gc,stats    ]    Young Subphase: Concurrent Roots CodeCache                    2.365 / 7.558         2.022 / 7.558         2.022 / 7.558         2.022 / 7.558       ms
[2026-04-03T01:57:42.862+0600][21.201s][info][gc,stats    ]    Young Subphase: Concurrent Roots JavaThreads                  0.202 / 1.239         0.206 / 1.978         0.206 / 1.978         0.206 / 1.978       ms
[2026-04-03T01:57:42.862+0600][21.201s][info][gc,stats    ]    Young Subphase: Concurrent Roots OopStorageSet                0.026 / 0.072         0.029 / 0.144         0.029 / 0.144         0.029 / 0.144       ms
[2026-04-03T01:57:42.862+0600][21.201s][info][gc,stats    ]    Young Subphase: Concurrent Weak Roots OopStorageSet           0.902 / 2.370         0.836 / 2.370         0.836 / 2.370         0.836 / 2.370       ms
[2026-04-03T01:57:42.862+0600][21.201s][info][gc,stats    ] =========================================================================================================================================================
[2026-04-03T01:57:42.862+0600][21.202s][info][gc,heap,exit] Heap
[2026-04-03T01:57:42.862+0600][21.202s][info][gc,heap,exit]  ZHeap           used 666M, capacity 852M, max capacity 1000M
[2026-04-03T01:57:42.862+0600][21.202s][info][gc,heap,exit]  Metaspace       used 66859K, committed 67712K, reserved 1114112K
[2026-04-03T01:57:42.862+0600][21.202s][info][gc,heap,exit]   class space    used 8521K, committed 8896K, reserved 1048576K
