[2026-04-03T02:03:07.523+0600][0.005s][info][gc,init] Initializing The Z Garbage Collector
[2026-04-03T02:03:07.523+0600][0.005s][info][gc,init] Version: 21.0.10+7-Ubuntu-124.04 (release)
[2026-04-03T02:03:07.523+0600][0.005s][info][gc,init] NUMA Support: Disabled
[2026-04-03T02:03:07.523+0600][0.005s][info][gc,init] CPUs: 12 total, 12 available
[2026-04-03T02:03:07.523+0600][0.005s][info][gc,init] Memory: 15683M
[2026-04-03T02:03:07.523+0600][0.005s][info][gc,init] Large Page Support: Disabled
[2026-04-03T02:03:07.523+0600][0.005s][info][gc,init] Address Space Type: Contiguous/Unrestricted/Complete
[2026-04-03T02:03:07.523+0600][0.005s][info][gc,init] Address Space Size: 32000M
[2026-04-03T02:03:07.523+0600][0.005s][info][gc,init] Heap Backing File: /memfd:java_heap
[2026-04-03T02:03:07.523+0600][0.005s][info][gc,init] Heap Backing Filesystem: tmpfs (0x1021994)
[2026-04-03T02:03:07.523+0600][0.006s][info][gc,init] Min Capacity: 8M
[2026-04-03T02:03:07.523+0600][0.006s][info][gc,init] Initial Capacity: 246M
[2026-04-03T02:03:07.523+0600][0.006s][info][gc,init] Max Capacity: 2000M
[2026-04-03T02:03:07.523+0600][0.006s][info][gc,init] Soft Max Capacity: 2000M
[2026-04-03T02:03:07.523+0600][0.006s][info][gc,init] Medium Page Size: 32M
[2026-04-03T02:03:07.523+0600][0.006s][info][gc,init] Pre-touch: Disabled
[2026-04-03T02:03:07.523+0600][0.006s][info][gc,init] Available space on backing filesystem: N/A
[2026-04-03T02:03:07.524+0600][0.007s][info][gc,init] Uncommit: Enabled
[2026-04-03T02:03:07.524+0600][0.007s][info][gc,init] Uncommit Delay: 300s
[2026-04-03T02:03:07.524+0600][0.007s][info][gc,init] GC Workers for Old Generation: 3 (dynamic)
[2026-04-03T02:03:07.525+0600][0.007s][info][gc,init] GC Workers for Young Generation: 3 (dynamic)
[2026-04-03T02:03:07.601+0600][0.083s][info][gc,init] GC Workers Max: 3 (dynamic)
[2026-04-03T02:03:07.601+0600][0.084s][info][gc,init] Runtime Workers: 8
[2026-04-03T02:03:07.603+0600][0.085s][info][gc     ] Using The Z Garbage Collector
[2026-04-03T02:03:07.612+0600][0.094s][info][gc,metaspace] CDS archive(s) mapped at: [0x00007571eb000000-0x00007571ebc9c000-0x00007571ebc9c000), size 13221888, SharedBaseAddress: 0x00007571eb000000, ArchiveRelocationMode: 1.
[2026-04-03T02:03:07.612+0600][0.094s][info][gc,metaspace] Compressed class space mapped at: 0x00007571ec000000-0x000075722c000000, reserved size: 1073741824
[2026-04-03T02:03:07.612+0600][0.094s][info][gc,metaspace] Narrow klass base: 0x00007571eb000000, Narrow klass shift: 0, Narrow klass range: 0x100000000
[2026-04-03T02:03:08.432+0600][0.914s][info][gc          ] GC(0) Major Collection (Warmup)
[2026-04-03T02:03:08.432+0600][0.914s][info][gc,task     ] GC(0) Using 3 Workers for Young Generation
[2026-04-03T02:03:08.432+0600][0.914s][info][gc,task     ] GC(0) Using 2 Workers for Old Generation
[2026-04-03T02:03:08.432+0600][0.914s][info][gc,phases   ] GC(0) Y: Young Generation
[2026-04-03T02:03:08.433+0600][0.915s][info][gc,phases   ] GC(0) Y: Pause Mark Start (Major) 0.017ms
[2026-04-03T02:03:08.438+0600][0.921s][info][gc,phases   ] GC(0) Y: Concurrent Mark 5.680ms
[2026-04-03T02:03:08.439+0600][0.921s][info][gc,phases   ] GC(0) Y: Pause Mark End 0.018ms
[2026-04-03T02:03:08.439+0600][0.921s][info][gc,phases   ] GC(0) Y: Concurrent Mark Free 0.001ms
[2026-04-03T02:03:08.439+0600][0.921s][info][gc,phases   ] GC(0) Y: Concurrent Reset Relocation Set 0.001ms
[2026-04-03T02:03:08.446+0600][0.928s][info][gc,reloc    ] GC(0) Y: Using tenuring threshold: 1 (Computed)
[2026-04-03T02:03:08.447+0600][0.929s][info][gc,phases   ] GC(0) Y: Concurrent Select Relocation Set 8.349ms
[2026-04-03T02:03:08.447+0600][0.930s][info][gc,phases   ] GC(0) Y: Pause Relocate Start 0.017ms
[2026-04-03T02:03:08.451+0600][0.934s][info][gc,phases   ] GC(0) Y: Concurrent Relocate 3.660ms
[2026-04-03T02:03:08.451+0600][0.934s][info][gc,alloc    ] GC(0) Y:                         Mark Start        Mark End      Relocate Start    Relocate End   
[2026-04-03T02:03:08.451+0600][0.934s][info][gc,alloc    ] GC(0) Y: Allocation Stalls:          0                0                0                0         
[2026-04-03T02:03:08.451+0600][0.934s][info][gc,load     ] GC(0) Y: Load: 3.26 (27%) / 3.75 (31%) / 5.49 (46%)
[2026-04-03T02:03:08.451+0600][0.934s][info][gc,mmu      ] GC(0) Y: MMU: 2ms/99.1%, 5ms/99.6%, 10ms/99.6%, 20ms/99.7%, 50ms/99.9%, 100ms/99.9%
[2026-04-03T02:03:08.451+0600][0.934s][info][gc,marking  ] GC(0) Y: Mark: 2 stripe(s), 2 proactive flush(es), 1 terminate flush(es), 0 completion(s), 0 continuation(s) 
[2026-04-03T02:03:08.451+0600][0.934s][info][gc,marking  ] GC(0) Y: Mark Stack Usage: 32M
[2026-04-03T02:03:08.451+0600][0.934s][info][gc,nmethod  ] GC(0) Y: NMethods: 1077 registered, 0 unregistered
[2026-04-03T02:03:08.451+0600][0.934s][info][gc,metaspace] GC(0) Y: Metaspace: 7M used, 7M committed, 1088M reserved
[2026-04-03T02:03:08.451+0600][0.934s][info][gc,reloc    ] GC(0) Y:                        Candidates     Selected     In-Place         Size        Empty    Relocated 
[2026-04-03T02:03:08.451+0600][0.934s][info][gc,reloc    ] GC(0) Y: Small Pages:                  101           98            0         202M           0M           1M 
[2026-04-03T02:03:08.451+0600][0.934s][info][gc,reloc    ] GC(0) Y: Medium Pages:                   0            0            0           0M           0M           0M 
[2026-04-03T02:03:08.451+0600][0.934s][info][gc,reloc    ] GC(0) Y: Large Pages:                    0            0            0           0M           0M           0M 
[2026-04-03T02:03:08.451+0600][0.934s][info][gc,reloc    ] GC(0) Y: Forwarding Usage: 0M
[2026-04-03T02:03:08.451+0600][0.934s][info][gc,reloc    ] GC(0) Y: Age Table:
[2026-04-03T02:03:08.451+0600][0.934s][info][gc,reloc    ] GC(0) Y:                    Live             Garbage             Small              Medium             Large        
[2026-04-03T02:03:08.451+0600][0.934s][info][gc,reloc    ] GC(0) Y: Eden               3M (0%)          198M (10%)        101 / 98             0 / 0              0 / 0        
[2026-04-03T02:03:08.451+0600][0.934s][info][gc,heap     ] GC(0) Y: Min Capacity: 8M(0%)
[2026-04-03T02:03:08.451+0600][0.934s][info][gc,heap     ] GC(0) Y: Max Capacity: 2000M(100%)
[2026-04-03T02:03:08.451+0600][0.934s][info][gc,heap     ] GC(0) Y: Soft Max Capacity: 2000M(100%)
[2026-04-03T02:03:08.451+0600][0.934s][info][gc,heap     ] GC(0) Y: Heap Statistics:
[2026-04-03T02:03:08.451+0600][0.934s][info][gc,heap     ] GC(0) Y:                Mark Start          Mark End        Relocate Start      Relocate End           High               Low         
[2026-04-03T02:03:08.451+0600][0.934s][info][gc,heap     ] GC(0) Y:  Capacity:      246M (12%)         246M (12%)         246M (12%)         246M (12%)         246M (12%)         246M (12%)    
[2026-04-03T02:03:08.451+0600][0.934s][info][gc,heap     ] GC(0) Y:      Free:     1798M (90%)        1794M (90%)        1794M (90%)        1984M (99%)        1984M (99%)        1788M (89%)    
[2026-04-03T02:03:08.451+0600][0.934s][info][gc,heap     ] GC(0) Y:      Used:      202M (10%)         206M (10%)         206M (10%)          16M (1%)          212M (11%)          16M (1%)     
[2026-04-03T02:03:08.451+0600][0.934s][info][gc,heap     ] GC(0) Y: Young Generation Statistics:
[2026-04-03T02:03:08.451+0600][0.934s][info][gc,heap     ] GC(0) Y:                Mark Start          Mark End        Relocate Start      Relocate End    
[2026-04-03T02:03:08.451+0600][0.934s][info][gc,heap     ] GC(0) Y:      Used:      202M (10%)         206M (10%)         206M (10%)          16M (1%)     
[2026-04-03T02:03:08.451+0600][0.934s][info][gc,heap     ] GC(0) Y:      Live:         -                 3M (0%)            3M (0%)            3M (0%)     
[2026-04-03T02:03:08.451+0600][0.934s][info][gc,heap     ] GC(0) Y:   Garbage:         -               198M (10%)         198M (10%)           1M (0%)     
[2026-04-03T02:03:08.451+0600][0.934s][info][gc,heap     ] GC(0) Y: Allocated:         -                 4M (0%)            4M (0%)           10M (1%)     
[2026-04-03T02:03:08.451+0600][0.934s][info][gc,heap     ] GC(0) Y: Reclaimed:         -                  -                 0M (0%)          196M (10%)    
[2026-04-03T02:03:08.451+0600][0.934s][info][gc,heap     ] GC(0) Y:  Promoted:         -                  -                 0M (0%)            0M (0%)     
[2026-04-03T02:03:08.451+0600][0.934s][info][gc,heap     ] GC(0) Y: Compacted:         -                  -                  -                 1M (0%)     
[2026-04-03T02:03:08.451+0600][0.934s][info][gc,phases   ] GC(0) Y: Young Generation 202M(10%)->16M(1%) 0.019s
[2026-04-03T02:03:08.451+0600][0.934s][info][gc,phases   ] GC(0) O: Old Generation
[2026-04-03T02:03:08.452+0600][0.935s][info][gc,phases   ] GC(0) O: Concurrent Mark 0.773ms
[2026-04-03T02:03:08.452+0600][0.935s][info][gc,phases   ] GC(0) O: Pause Mark End 0.016ms
[2026-04-03T02:03:08.453+0600][0.935s][info][gc,phases   ] GC(0) O: Concurrent Mark Free 0.019ms
[2026-04-03T02:03:08.455+0600][0.937s][info][gc,phases   ] GC(0) O: Concurrent Process Non-Strong 2.074ms
[2026-04-03T02:03:08.455+0600][0.937s][info][gc,phases   ] GC(0) O: Concurrent Reset Relocation Set 0.001ms
[2026-04-03T02:03:08.458+0600][0.941s][info][gc,phases   ] GC(0) O: Concurrent Select Relocation Set 3.549ms
[2026-04-03T02:03:08.458+0600][0.941s][info][gc,task     ] GC(0) O: Using 3 Workers for Old Generation
[2026-04-03T02:03:08.471+0600][0.953s][info][gc,task     ] GC(0) O: Using 2 Workers for Old Generation
[2026-04-03T02:03:08.471+0600][0.954s][info][gc,phases   ] GC(0) O: Concurrent Remap Roots 12.788ms
[2026-04-03T02:03:08.472+0600][0.954s][info][gc,phases   ] GC(0) O: Pause Relocate Start 0.017ms
[2026-04-03T02:03:08.472+0600][0.955s][info][gc,phases   ] GC(0) O: Concurrent Relocate 0.337ms
[2026-04-03T02:03:08.472+0600][0.955s][info][gc,alloc    ] GC(0) O:                         Mark Start        Mark End      Relocate Start    Relocate End   
[2026-04-03T02:03:08.472+0600][0.955s][info][gc,alloc    ] GC(0) O: Allocation Stalls:          0                0                0                0         
[2026-04-03T02:03:08.472+0600][0.955s][info][gc,load     ] GC(0) O: Load: 3.26 (27%) / 3.75 (31%) / 5.49 (46%)
[2026-04-03T02:03:08.472+0600][0.955s][info][gc,mmu      ] GC(0) O: MMU: 2ms/99.1%, 5ms/99.6%, 10ms/99.6%, 20ms/99.7%, 50ms/99.8%, 100ms/99.9%
[2026-04-03T02:03:08.472+0600][0.955s][info][gc,marking  ] GC(0) O: Mark: 2 stripe(s), 1 proactive flush(es), 1 terminate flush(es), 0 completion(s), 0 continuation(s) 
[2026-04-03T02:03:08.472+0600][0.955s][info][gc,marking  ] GC(0) O: Mark Stack Usage: 0M
[2026-04-03T02:03:08.472+0600][0.955s][info][gc,nmethod  ] GC(0) O: NMethods: 998 registered, 91 unregistered
[2026-04-03T02:03:08.472+0600][0.955s][info][gc,metaspace] GC(0) O: Metaspace: 7M used, 7M committed, 1088M reserved
[2026-04-03T02:03:08.472+0600][0.955s][info][gc,ref      ] GC(0) O:                       Encountered   Discovered     Enqueued 
[2026-04-03T02:03:08.472+0600][0.955s][info][gc,ref      ] GC(0) O: Soft References:              188            0            0 
[2026-04-03T02:03:08.472+0600][0.955s][info][gc,ref      ] GC(0) O: Weak References:              664            0            0 
[2026-04-03T02:03:08.472+0600][0.955s][info][gc,ref      ] GC(0) O: Final References:               0            0            0 
[2026-04-03T02:03:08.472+0600][0.955s][info][gc,ref      ] GC(0) O: Phantom References:            25            0            0 
[2026-04-03T02:03:08.472+0600][0.955s][info][gc,heap     ] GC(0) O: Min Capacity: 8M(0%)
[2026-04-03T02:03:08.472+0600][0.955s][info][gc,heap     ] GC(0) O: Max Capacity: 2000M(100%)
[2026-04-03T02:03:08.472+0600][0.955s][info][gc,heap     ] GC(0) O: Soft Max Capacity: 2000M(100%)
[2026-04-03T02:03:08.472+0600][0.955s][info][gc,heap     ] GC(0) O: Heap Statistics:
[2026-04-03T02:03:08.472+0600][0.955s][info][gc,heap     ] GC(0) O:                Mark Start          Mark End        Relocate Start      Relocate End           High               Low         
[2026-04-03T02:03:08.472+0600][0.955s][info][gc,heap     ] GC(0) O:  Capacity:      246M (12%)         246M (12%)         246M (12%)         246M (12%)         246M (12%)         246M (12%)    
[2026-04-03T02:03:08.473+0600][0.955s][info][gc,heap     ] GC(0) O:      Free:     1798M (90%)        1984M (99%)        1978M (99%)        1978M (99%)        1984M (99%)        1788M (89%)    
[2026-04-03T02:03:08.473+0600][0.955s][info][gc,heap     ] GC(0) O:      Used:      202M (10%)          16M (1%)           22M (1%)           22M (1%)          212M (11%)          16M (1%)     
[2026-04-03T02:03:08.473+0600][0.955s][info][gc,heap     ] GC(0) O: Old Generation Statistics:
[2026-04-03T02:03:08.473+0600][0.955s][info][gc,heap     ] GC(0) O:                Mark Start          Mark End        Relocate Start      Relocate End    
[2026-04-03T02:03:08.473+0600][0.955s][info][gc,heap     ] GC(0) O:      Used:        0M (0%)            0M (0%)            0M (0%)            0M (0%)     
[2026-04-03T02:03:08.473+0600][0.955s][info][gc,heap     ] GC(0) O:      Live:         -                 0M (0%)            0M (0%)            0M (0%)     
[2026-04-03T02:03:08.473+0600][0.955s][info][gc,heap     ] GC(0) O:   Garbage:         -                 0M (0%)            0M (0%)            0M (0%)     
[2026-04-03T02:03:08.473+0600][0.955s][info][gc,heap     ] GC(0) O: Allocated:         -                 0M (0%)            0M (0%)            0M (0%)     
[2026-04-03T02:03:08.473+0600][0.955s][info][gc,heap     ] GC(0) O: Reclaimed:         -                  -                 0M (0%)            0M (0%)     
[2026-04-03T02:03:08.473+0600][0.955s][info][gc,heap     ] GC(0) O: Compacted:         -                  -                  -                 0M (0%)     
[2026-04-03T02:03:08.473+0600][0.955s][info][gc,phases   ] GC(0) O: Old Generation 16M(1%)->22M(1%) 0.021s
[2026-04-03T02:03:08.473+0600][0.955s][info][gc          ] GC(0) Major Collection (Warmup) 202M(10%)->22M(1%) 0.041s
[2026-04-03T02:03:11.638+0600][4.120s][info][gc          ] GC(1) Major Collection (Metadata GC Threshold)
[2026-04-03T02:03:11.638+0600][4.120s][info][gc,task     ] GC(1) Using 1 Workers for Young Generation
[2026-04-03T02:03:11.638+0600][4.120s][info][gc,task     ] GC(1) Using 1 Workers for Old Generation
[2026-04-03T02:03:11.638+0600][4.120s][info][gc,phases   ] GC(1) Y: Young Generation
[2026-04-03T02:03:11.638+0600][4.121s][info][gc,phases   ] GC(1) Y: Pause Mark Start (Major) 0.022ms
[2026-04-03T02:03:11.669+0600][4.152s][info][gc,phases   ] GC(1) Y: Concurrent Mark 30.765ms
[2026-04-03T02:03:11.669+0600][4.152s][info][gc,phases   ] GC(1) Y: Pause Mark End 0.019ms
[2026-04-03T02:03:11.670+0600][4.152s][info][gc,phases   ] GC(1) Y: Concurrent Mark Free 0.001ms
[2026-04-03T02:03:11.670+0600][4.152s][info][gc,phases   ] GC(1) Y: Concurrent Reset Relocation Set 0.008ms
[2026-04-03T02:03:11.674+0600][4.157s][info][gc,reloc    ] GC(1) Y: Using tenuring threshold: 2 (Computed)
[2026-04-03T02:03:11.677+0600][4.159s][info][gc,phases   ] GC(1) Y: Concurrent Select Relocation Set 7.074ms
[2026-04-03T02:03:11.677+0600][4.159s][info][gc,phases   ] GC(1) Y: Pause Relocate Start 0.020ms
[2026-04-03T02:03:11.694+0600][4.177s][info][gc,phases   ] GC(1) Y: Concurrent Relocate 17.281ms
[2026-04-03T02:03:11.694+0600][4.177s][info][gc,alloc    ] GC(1) Y:                         Mark Start        Mark End      Relocate Start    Relocate End   
[2026-04-03T02:03:11.694+0600][4.177s][info][gc,alloc    ] GC(1) Y: Allocation Stalls:          0                0                0                0         
[2026-04-03T02:03:11.694+0600][4.177s][info][gc,load     ] GC(1) Y: Load: 3.16 (26%) / 3.72 (31%) / 5.47 (46%)
[2026-04-03T02:03:11.694+0600][4.177s][info][gc,mmu      ] GC(1) Y: MMU: 2ms/98.9%, 5ms/99.6%, 10ms/99.6%, 20ms/99.7%, 50ms/99.8%, 100ms/99.9%
[2026-04-03T02:03:11.694+0600][4.177s][info][gc,marking  ] GC(1) Y: Mark: 1 stripe(s), 2 proactive flush(es), 1 terminate flush(es), 0 completion(s), 0 continuation(s) 
[2026-04-03T02:03:11.695+0600][4.177s][info][gc,marking  ] GC(1) Y: Mark Stack Usage: 32M
[2026-04-03T02:03:11.695+0600][4.177s][info][gc,nmethod  ] GC(1) Y: NMethods: 1945 registered, 0 unregistered
[2026-04-03T02:03:11.695+0600][4.177s][info][gc,metaspace] GC(1) Y: Metaspace: 21M used, 21M committed, 1088M reserved
[2026-04-03T02:03:11.695+0600][4.177s][info][gc,reloc    ] GC(1) Y:                        Candidates     Selected     In-Place         Size        Empty    Relocated 
[2026-04-03T02:03:11.695+0600][4.177s][info][gc,reloc    ] GC(1) Y: Small Pages:                  152          143            0         304M           0M           8M 
[2026-04-03T02:03:11.695+0600][4.177s][info][gc,reloc    ] GC(1) Y: Medium Pages:                   1            0            0          32M           0M           0M 
[2026-04-03T02:03:11.695+0600][4.177s][info][gc,reloc    ] GC(1) Y: Large Pages:                    0            0            0           0M           0M           0M 
[2026-04-03T02:03:11.695+0600][4.177s][info][gc,reloc    ] GC(1) Y: Forwarding Usage: 2M
[2026-04-03T02:03:11.695+0600][4.177s][info][gc,reloc    ] GC(1) Y: Age Table:
[2026-04-03T02:03:11.695+0600][4.177s][info][gc,reloc    ] GC(1) Y:                    Live             Garbage             Small              Medium             Large        
[2026-04-03T02:03:11.695+0600][4.177s][info][gc,reloc    ] GC(1) Y: Eden              15M (1%)          308M (15%)        146 / 139            1 / 0              0 / 0        
[2026-04-03T02:03:11.695+0600][4.177s][info][gc,reloc    ] GC(1) Y: Survivor 1         3M (0%)            8M (0%)           6 / 4              0 / 0              0 / 0        
[2026-04-03T02:03:11.695+0600][4.177s][info][gc,heap     ] GC(1) Y: Min Capacity: 8M(0%)
[2026-04-03T02:03:11.695+0600][4.177s][info][gc,heap     ] GC(1) Y: Max Capacity: 2000M(100%)
[2026-04-03T02:03:11.695+0600][4.177s][info][gc,heap     ] GC(1) Y: Soft Max Capacity: 2000M(100%)
[2026-04-03T02:03:11.695+0600][4.177s][info][gc,heap     ] GC(1) Y: Heap Statistics:
[2026-04-03T02:03:11.695+0600][4.177s][info][gc,heap     ] GC(1) Y:                Mark Start          Mark End        Relocate Start      Relocate End           High               Low         
[2026-04-03T02:03:11.695+0600][4.177s][info][gc,heap     ] GC(1) Y:  Capacity:      336M (17%)         340M (17%)         340M (17%)         352M (18%)         352M (18%)         336M (17%)    
[2026-04-03T02:03:11.695+0600][4.177s][info][gc,heap     ] GC(1) Y:      Free:     1664M (83%)        1660M (83%)        1660M (83%)        1934M (97%)        1934M (97%)        1648M (82%)    
[2026-04-03T02:03:11.695+0600][4.177s][info][gc,heap     ] GC(1) Y:      Used:      336M (17%)         340M (17%)         340M (17%)          66M (3%)          352M (18%)          66M (3%)     
[2026-04-03T02:03:11.695+0600][4.177s][info][gc,heap     ] GC(1) Y: Young Generation Statistics:
[2026-04-03T02:03:11.695+0600][4.177s][info][gc,heap     ] GC(1) Y:                Mark Start          Mark End        Relocate Start      Relocate End    
[2026-04-03T02:03:11.695+0600][4.177s][info][gc,heap     ] GC(1) Y:      Used:      336M (17%)         340M (17%)         340M (17%)          66M (3%)     
[2026-04-03T02:03:11.695+0600][4.177s][info][gc,heap     ] GC(1) Y:      Live:         -                19M (1%)           19M (1%)           19M (1%)     
[2026-04-03T02:03:11.695+0600][4.177s][info][gc,heap     ] GC(1) Y:   Garbage:         -               316M (16%)         316M (16%)          28M (1%)     
[2026-04-03T02:03:11.695+0600][4.177s][info][gc,heap     ] GC(1) Y: Allocated:         -                 4M (0%)            4M (0%)           18M (1%)     
[2026-04-03T02:03:11.695+0600][4.177s][info][gc,heap     ] GC(1) Y: Reclaimed:         -                  -                 0M (0%)          288M (14%)    
[2026-04-03T02:03:11.695+0600][4.177s][info][gc,heap     ] GC(1) Y:  Promoted:         -                  -                 0M (0%)            0M (0%)     
[2026-04-03T02:03:11.695+0600][4.177s][info][gc,heap     ] GC(1) Y: Compacted:         -                  -                  -                11M (1%)     
[2026-04-03T02:03:11.695+0600][4.177s][info][gc,phases   ] GC(1) Y: Young Generation 336M(17%)->66M(3%) 0.056s
[2026-04-03T02:03:11.695+0600][4.177s][info][gc,phases   ] GC(1) O: Old Generation
[2026-04-03T02:03:11.696+0600][4.178s][info][gc,phases   ] GC(1) O: Concurrent Mark 1.058ms
[2026-04-03T02:03:11.696+0600][4.179s][info][gc,phases   ] GC(1) O: Pause Mark End 0.022ms
[2026-04-03T02:03:11.696+0600][4.179s][info][gc,phases   ] GC(1) O: Concurrent Mark Free 0.001ms
[2026-04-03T02:03:11.704+0600][4.186s][info][gc,phases   ] GC(1) O: Concurrent Process Non-Strong 7.340ms
[2026-04-03T02:03:11.704+0600][4.186s][info][gc,phases   ] GC(1) O: Concurrent Reset Relocation Set 0.001ms
[2026-04-03T02:03:11.708+0600][4.191s][info][gc,phases   ] GC(1) O: Concurrent Select Relocation Set 4.461ms
[2026-04-03T02:03:11.708+0600][4.191s][info][gc,task     ] GC(1) O: Using 2 Workers for Old Generation
[2026-04-03T02:03:11.729+0600][4.212s][info][gc,task     ] GC(1) O: Using 1 Workers for Old Generation
[2026-04-03T02:03:11.729+0600][4.212s][info][gc,phases   ] GC(1) O: Concurrent Remap Roots 21.126ms
[2026-04-03T02:03:11.730+0600][4.212s][info][gc,phases   ] GC(1) O: Pause Relocate Start 0.020ms
[2026-04-03T02:03:11.730+0600][4.212s][info][gc,phases   ] GC(1) O: Concurrent Relocate 0.062ms
[2026-04-03T02:03:11.730+0600][4.212s][info][gc,alloc    ] GC(1) O:                         Mark Start        Mark End      Relocate Start    Relocate End   
[2026-04-03T02:03:11.730+0600][4.212s][info][gc,alloc    ] GC(1) O: Allocation Stalls:          0                0                0                0         
[2026-04-03T02:03:11.730+0600][4.212s][info][gc,load     ] GC(1) O: Load: 3.16 (26%) / 3.72 (31%) / 5.47 (46%)
[2026-04-03T02:03:11.730+0600][4.212s][info][gc,mmu      ] GC(1) O: MMU: 2ms/98.9%, 5ms/99.6%, 10ms/99.6%, 20ms/99.7%, 50ms/99.8%, 100ms/99.9%
[2026-04-03T02:03:11.730+0600][4.212s][info][gc,marking  ] GC(1) O: Mark: 1 stripe(s), 1 proactive flush(es), 1 terminate flush(es), 0 completion(s), 0 continuation(s) 
[2026-04-03T02:03:11.730+0600][4.212s][info][gc,marking  ] GC(1) O: Mark Stack Usage: 0M
[2026-04-03T02:03:11.730+0600][4.212s][info][gc,nmethod  ] GC(1) O: NMethods: 1845 registered, 167 unregistered
[2026-04-03T02:03:11.730+0600][4.212s][info][gc,metaspace] GC(1) O: Metaspace: 21M used, 21M committed, 1088M reserved
[2026-04-03T02:03:11.730+0600][4.212s][info][gc,ref      ] GC(1) O:                       Encountered   Discovered     Enqueued 
[2026-04-03T02:03:11.730+0600][4.212s][info][gc,ref      ] GC(1) O: Soft References:             3500            0            0 
[2026-04-03T02:03:11.730+0600][4.212s][info][gc,ref      ] GC(1) O: Weak References:             1463            0            0 
[2026-04-03T02:03:11.730+0600][4.212s][info][gc,ref      ] GC(1) O: Final References:               0            0            0 
[2026-04-03T02:03:11.730+0600][4.212s][info][gc,ref      ] GC(1) O: Phantom References:           563            0            0 
[2026-04-03T02:03:11.730+0600][4.212s][info][gc,heap     ] GC(1) O: Min Capacity: 8M(0%)
[2026-04-03T02:03:11.730+0600][4.212s][info][gc,heap     ] GC(1) O: Max Capacity: 2000M(100%)
[2026-04-03T02:03:11.730+0600][4.212s][info][gc,heap     ] GC(1) O: Soft Max Capacity: 2000M(100%)
[2026-04-03T02:03:11.730+0600][4.212s][info][gc,heap     ] GC(1) O: Heap Statistics:
[2026-04-03T02:03:11.730+0600][4.212s][info][gc,heap     ] GC(1) O:                Mark Start          Mark End        Relocate Start      Relocate End           High               Low         
[2026-04-03T02:03:11.730+0600][4.212s][info][gc,heap     ] GC(1) O:  Capacity:      336M (17%)         352M (18%)         352M (18%)         352M (18%)         352M (18%)         336M (17%)    
[2026-04-03T02:03:11.730+0600][4.212s][info][gc,heap     ] GC(1) O:      Free:     1664M (83%)        1932M (97%)        1932M (97%)        1932M (97%)        1934M (97%)        1648M (82%)    
[2026-04-03T02:03:11.730+0600][4.212s][info][gc,heap     ] GC(1) O:      Used:      336M (17%)          68M (3%)           68M (3%)           68M (3%)          352M (18%)          66M (3%)     
[2026-04-03T02:03:11.730+0600][4.212s][info][gc,heap     ] GC(1) O: Old Generation Statistics:
[2026-04-03T02:03:11.730+0600][4.212s][info][gc,heap     ] GC(1) O:                Mark Start          Mark End        Relocate Start      Relocate End    
[2026-04-03T02:03:11.730+0600][4.212s][info][gc,heap     ] GC(1) O:      Used:        0M (0%)            0M (0%)            0M (0%)            0M (0%)     
[2026-04-03T02:03:11.730+0600][4.212s][info][gc,heap     ] GC(1) O:      Live:         -                 0M (0%)            0M (0%)            0M (0%)     
[2026-04-03T02:03:11.730+0600][4.212s][info][gc,heap     ] GC(1) O:   Garbage:         -                 0M (0%)            0M (0%)            0M (0%)     
[2026-04-03T02:03:11.730+0600][4.212s][info][gc,heap     ] GC(1) O: Allocated:         -                 0M (0%)            0M (0%)            0M (0%)     
[2026-04-03T02:03:11.730+0600][4.212s][info][gc,heap     ] GC(1) O: Reclaimed:         -                  -                 0M (0%)            0M (0%)     
[2026-04-03T02:03:11.730+0600][4.212s][info][gc,heap     ] GC(1) O: Compacted:         -                  -                  -                 0M (0%)     
[2026-04-03T02:03:11.730+0600][4.212s][info][gc,phases   ] GC(1) O: Old Generation 66M(3%)->68M(3%) 0.035s
[2026-04-03T02:03:11.730+0600][4.212s][info][gc          ] GC(1) Major Collection (Metadata GC Threshold) 336M(17%)->68M(3%) 0.092s
[2026-04-03T02:03:14.481+0600][6.963s][info][gc          ] GC(2) Major Collection (Metadata GC Threshold)
[2026-04-03T02:03:14.481+0600][6.963s][info][gc,task     ] GC(2) Using 1 Workers for Young Generation
[2026-04-03T02:03:14.481+0600][6.963s][info][gc,task     ] GC(2) Using 1 Workers for Old Generation
[2026-04-03T02:03:14.481+0600][6.963s][info][gc,phases   ] GC(2) Y: Young Generation
[2026-04-03T02:03:14.481+0600][6.964s][info][gc,phases   ] GC(2) Y: Pause Mark Start (Major) 0.020ms
[2026-04-03T02:03:14.532+0600][7.014s][info][gc,phases   ] GC(2) Y: Concurrent Mark 50.328ms
[2026-04-03T02:03:14.532+0600][7.014s][info][gc,phases   ] GC(2) Y: Pause Mark End 0.020ms
[2026-04-03T02:03:14.532+0600][7.014s][info][gc,phases   ] GC(2) Y: Concurrent Mark Free 0.001ms
[2026-04-03T02:03:14.532+0600][7.015s][info][gc,phases   ] GC(2) Y: Concurrent Reset Relocation Set 0.013ms
[2026-04-03T02:03:14.535+0600][7.017s][info][gc,reloc    ] GC(2) Y: Using tenuring threshold: 3 (Computed)
[2026-04-03T02:03:14.536+0600][7.019s][info][gc,phases   ] GC(2) Y: Concurrent Select Relocation Set 3.975ms
[2026-04-03T02:03:14.536+0600][7.019s][info][gc,phases   ] GC(2) Y: Pause Relocate Start 0.016ms
[2026-04-03T02:03:14.547+0600][7.029s][info][gc,phases   ] GC(2) Y: Concurrent Relocate 10.395ms
[2026-04-03T02:03:14.547+0600][7.029s][info][gc,alloc    ] GC(2) Y:                         Mark Start        Mark End      Relocate Start    Relocate End   
[2026-04-03T02:03:14.547+0600][7.029s][info][gc,alloc    ] GC(2) Y: Allocation Stalls:          0                0                0                0         
[2026-04-03T02:03:14.547+0600][7.029s][info][gc,load     ] GC(2) Y: Load: 3.15 (26%) / 3.71 (31%) / 5.45 (45%)
[2026-04-03T02:03:14.547+0600][7.029s][info][gc,mmu      ] GC(2) Y: MMU: 2ms/98.9%, 5ms/99.3%, 10ms/99.6%, 20ms/99.7%, 50ms/99.8%, 100ms/99.9%
[2026-04-03T02:03:14.547+0600][7.029s][info][gc,marking  ] GC(2) Y: Mark: 1 stripe(s), 2 proactive flush(es), 1 terminate flush(es), 0 completion(s), 0 continuation(s) 
[2026-04-03T02:03:14.547+0600][7.029s][info][gc,marking  ] GC(2) Y: Mark Stack Usage: 32M
[2026-04-03T02:03:14.547+0600][7.029s][info][gc,nmethod  ] GC(2) Y: NMethods: 2726 registered, 0 unregistered
[2026-04-03T02:03:14.547+0600][7.029s][info][gc,metaspace] GC(2) Y: Metaspace: 36M used, 36M committed, 1088M reserved
[2026-04-03T02:03:14.547+0600][7.029s][info][gc,reloc    ] GC(2) Y:                        Candidates     Selected     In-Place         Size        Empty    Relocated 
[2026-04-03T02:03:14.547+0600][7.029s][info][gc,reloc    ] GC(2) Y: Small Pages:                   92           81            0         184M           0M           6M 
[2026-04-03T02:03:14.547+0600][7.029s][info][gc,reloc    ] GC(2) Y: Medium Pages:                   2            0            0          64M          32M           0M 
[2026-04-03T02:03:14.547+0600][7.030s][info][gc,reloc    ] GC(2) Y: Large Pages:                    0            0            0           0M           0M           0M 
[2026-04-03T02:03:14.547+0600][7.030s][info][gc,reloc    ] GC(2) Y: Forwarding Usage: 2M
[2026-04-03T02:03:14.547+0600][7.030s][info][gc,reloc    ] GC(2) Y: Age Table:
[2026-04-03T02:03:14.547+0600][7.030s][info][gc,reloc    ] GC(2) Y:                    Live             Garbage             Small              Medium             Large        
[2026-04-03T02:03:14.547+0600][7.030s][info][gc,reloc    ] GC(2) Y: Eden               5M (0%)          182M (9%)          78 / 75             1 / 0              0 / 0        
[2026-04-03T02:03:14.547+0600][7.030s][info][gc,reloc    ] GC(2) Y: Survivor 1        15M (1%)           32M (2%)           8 / 3              1 / 0              0 / 0        
[2026-04-03T02:03:14.547+0600][7.030s][info][gc,reloc    ] GC(2) Y: Survivor 2         3M (0%)            8M (0%)           6 / 3              0 / 0              0 / 0        
[2026-04-03T02:03:14.547+0600][7.030s][info][gc,heap     ] GC(2) Y: Min Capacity: 8M(0%)
[2026-04-03T02:03:14.547+0600][7.030s][info][gc,heap     ] GC(2) Y: Max Capacity: 2000M(100%)
[2026-04-03T02:03:14.547+0600][7.030s][info][gc,heap     ] GC(2) Y: Soft Max Capacity: 2000M(100%)
[2026-04-03T02:03:14.547+0600][7.030s][info][gc,heap     ] GC(2) Y: Heap Statistics:
[2026-04-03T02:03:14.547+0600][7.030s][info][gc,heap     ] GC(2) Y:                Mark Start          Mark End        Relocate Start      Relocate End           High               Low         
[2026-04-03T02:03:14.547+0600][7.030s][info][gc,heap     ] GC(2) Y:  Capacity:      384M (19%)         384M (19%)         384M (19%)         384M (19%)         384M (19%)         384M (19%)    
[2026-04-03T02:03:14.547+0600][7.030s][info][gc,heap     ] GC(2) Y:      Free:     1752M (88%)        1744M (87%)        1776M (89%)        1930M (96%)        1930M (96%)        1744M (87%)    
[2026-04-03T02:03:14.547+0600][7.030s][info][gc,heap     ] GC(2) Y:      Used:      248M (12%)         256M (13%)         224M (11%)          70M (4%)          256M (13%)          70M (4%)     
[2026-04-03T02:03:14.547+0600][7.030s][info][gc,heap     ] GC(2) Y: Young Generation Statistics:
[2026-04-03T02:03:14.547+0600][7.030s][info][gc,heap     ] GC(2) Y:                Mark Start          Mark End        Relocate Start      Relocate End    
[2026-04-03T02:03:14.547+0600][7.030s][info][gc,heap     ] GC(2) Y:      Used:      248M (12%)         256M (13%)         224M (11%)          70M (4%)     
[2026-04-03T02:03:14.547+0600][7.030s][info][gc,heap     ] GC(2) Y:      Live:         -                24M (1%)           24M (1%)           24M (1%)     
[2026-04-03T02:03:14.547+0600][7.030s][info][gc,heap     ] GC(2) Y:   Garbage:         -               223M (11%)         191M (10%)          28M (1%)     
[2026-04-03T02:03:14.547+0600][7.030s][info][gc,heap     ] GC(2) Y: Allocated:         -                 8M (0%)            8M (0%)           17M (1%)     
[2026-04-03T02:03:14.547+0600][7.030s][info][gc,heap     ] GC(2) Y: Reclaimed:         -                  -                32M (2%)          195M (10%)    
[2026-04-03T02:03:14.547+0600][7.030s][info][gc,heap     ] GC(2) Y:  Promoted:         -                  -                 0M (0%)            0M (0%)     
[2026-04-03T02:03:14.547+0600][7.030s][info][gc,heap     ] GC(2) Y: Compacted:         -                  -                  -                 8M (0%)     
[2026-04-03T02:03:14.547+0600][7.030s][info][gc,phases   ] GC(2) Y: Young Generation 248M(12%)->70M(4%) 0.066s
[2026-04-03T02:03:14.547+0600][7.030s][info][gc,phases   ] GC(2) O: Old Generation
[2026-04-03T02:03:14.549+0600][7.031s][info][gc,phases   ] GC(2) O: Concurrent Mark 1.367ms
[2026-04-03T02:03:14.549+0600][7.031s][info][gc,phases   ] GC(2) O: Pause Mark End 0.020ms
[2026-04-03T02:03:14.549+0600][7.031s][info][gc,phases   ] GC(2) O: Concurrent Mark Free 0.001ms
[2026-04-03T02:03:14.558+0600][7.040s][info][gc,phases   ] GC(2) O: Concurrent Process Non-Strong 9.098ms
[2026-04-03T02:03:14.558+0600][7.040s][info][gc,phases   ] GC(2) O: Concurrent Reset Relocation Set 0.001ms
[2026-04-03T02:03:14.560+0600][7.043s][info][gc,phases   ] GC(2) O: Concurrent Select Relocation Set 2.089ms
[2026-04-03T02:03:14.560+0600][7.043s][info][gc,task     ] GC(2) O: Using 2 Workers for Old Generation
[2026-04-03T02:03:14.581+0600][7.063s][info][gc,task     ] GC(2) O: Using 1 Workers for Old Generation
[2026-04-03T02:03:14.581+0600][7.063s][info][gc,phases   ] GC(2) O: Concurrent Remap Roots 20.734ms
[2026-04-03T02:03:14.581+0600][7.064s][info][gc,phases   ] GC(2) O: Pause Relocate Start 0.021ms
[2026-04-03T02:03:14.581+0600][7.064s][info][gc,phases   ] GC(2) O: Concurrent Relocate 0.169ms
[2026-04-03T02:03:14.581+0600][7.064s][info][gc,alloc    ] GC(2) O:                         Mark Start        Mark End      Relocate Start    Relocate End   
[2026-04-03T02:03:14.581+0600][7.064s][info][gc,alloc    ] GC(2) O: Allocation Stalls:          0                0                0                0         
[2026-04-03T02:03:14.582+0600][7.064s][info][gc,load     ] GC(2) O: Load: 3.15 (26%) / 3.71 (31%) / 5.45 (45%)
[2026-04-03T02:03:14.582+0600][7.064s][info][gc,mmu      ] GC(2) O: MMU: 2ms/98.9%, 5ms/99.3%, 10ms/99.6%, 20ms/99.7%, 50ms/99.8%, 100ms/99.9%
[2026-04-03T02:03:14.582+0600][7.064s][info][gc,marking  ] GC(2) O: Mark: 1 stripe(s), 1 proactive flush(es), 1 terminate flush(es), 0 completion(s), 0 continuation(s) 
[2026-04-03T02:03:14.582+0600][7.064s][info][gc,marking  ] GC(2) O: Mark Stack Usage: 0M
[2026-04-03T02:03:14.582+0600][7.064s][info][gc,nmethod  ] GC(2) O: NMethods: 2536 registered, 190 unregistered
[2026-04-03T02:03:14.582+0600][7.064s][info][gc,metaspace] GC(2) O: Metaspace: 36M used, 36M committed, 1088M reserved
[2026-04-03T02:03:14.582+0600][7.064s][info][gc,ref      ] GC(2) O:                       Encountered   Discovered     Enqueued 
[2026-04-03T02:03:14.582+0600][7.064s][info][gc,ref      ] GC(2) O: Soft References:             3873            0            0 
[2026-04-03T02:03:14.582+0600][7.064s][info][gc,ref      ] GC(2) O: Weak References:             3001            0            0 
[2026-04-03T02:03:14.582+0600][7.064s][info][gc,ref      ] GC(2) O: Final References:              80            0            0 
[2026-04-03T02:03:14.582+0600][7.064s][info][gc,ref      ] GC(2) O: Phantom References:           569            0            0 
[2026-04-03T02:03:14.582+0600][7.064s][info][gc,heap     ] GC(2) O: Min Capacity: 8M(0%)
[2026-04-03T02:03:14.582+0600][7.064s][info][gc,heap     ] GC(2) O: Max Capacity: 2000M(100%)
[2026-04-03T02:03:14.582+0600][7.064s][info][gc,heap     ] GC(2) O: Soft Max Capacity: 2000M(100%)
[2026-04-03T02:03:14.582+0600][7.064s][info][gc,heap     ] GC(2) O: Heap Statistics:
[2026-04-03T02:03:14.582+0600][7.064s][info][gc,heap     ] GC(2) O:                Mark Start          Mark End        Relocate Start      Relocate End           High               Low         
[2026-04-03T02:03:14.582+0600][7.064s][info][gc,heap     ] GC(2) O:  Capacity:      384M (19%)         384M (19%)         384M (19%)         384M (19%)         384M (19%)         384M (19%)    
[2026-04-03T02:03:14.582+0600][7.064s][info][gc,heap     ] GC(2) O:      Free:     1752M (88%)        1930M (96%)        1930M (96%)        1930M (96%)        1930M (96%)        1744M (87%)    
[2026-04-03T02:03:14.582+0600][7.064s][info][gc,heap     ] GC(2) O:      Used:      248M (12%)          70M (4%)           70M (4%)           70M (4%)          256M (13%)          70M (4%)     
[2026-04-03T02:03:14.582+0600][7.064s][info][gc,heap     ] GC(2) O: Old Generation Statistics:
[2026-04-03T02:03:14.582+0600][7.064s][info][gc,heap     ] GC(2) O:                Mark Start          Mark End        Relocate Start      Relocate End    
[2026-04-03T02:03:14.582+0600][7.064s][info][gc,heap     ] GC(2) O:      Used:        0M (0%)            0M (0%)            0M (0%)            0M (0%)     
[2026-04-03T02:03:14.582+0600][7.064s][info][gc,heap     ] GC(2) O:      Live:         -                 0M (0%)            0M (0%)            0M (0%)     
[2026-04-03T02:03:14.582+0600][7.064s][info][gc,heap     ] GC(2) O:   Garbage:         -                 0M (0%)            0M (0%)            0M (0%)     
[2026-04-03T02:03:14.582+0600][7.064s][info][gc,heap     ] GC(2) O: Allocated:         -                 0M (0%)            0M (0%)            0M (0%)     
[2026-04-03T02:03:14.582+0600][7.064s][info][gc,heap     ] GC(2) O: Reclaimed:         -                  -                 0M (0%)            0M (0%)     
[2026-04-03T02:03:14.582+0600][7.064s][info][gc,heap     ] GC(2) O: Compacted:         -                  -                  -                 0M (0%)     
[2026-04-03T02:03:14.582+0600][7.064s][info][gc,phases   ] GC(2) O: Old Generation 70M(4%)->70M(4%) 0.034s
[2026-04-03T02:03:14.582+0600][7.064s][info][gc          ] GC(2) Major Collection (Metadata GC Threshold) 248M(12%)->70M(4%) 0.101s
[2026-04-03T02:03:16.687+0600][9.169s][info][gc          ] GC(3) Major Collection (Warmup)
[2026-04-03T02:03:16.687+0600][9.169s][info][gc,task     ] GC(3) Using 3 Workers for Young Generation
[2026-04-03T02:03:16.687+0600][9.169s][info][gc,task     ] GC(3) Using 1 Workers for Old Generation
[2026-04-03T02:03:16.687+0600][9.169s][info][gc,phases   ] GC(3) Y: Young Generation
[2026-04-03T02:03:16.687+0600][9.169s][info][gc,phases   ] GC(3) Y: Pause Mark Start (Major) 0.019ms
[2026-04-03T02:03:16.787+0600][9.270s][info][gc,phases   ] GC(3) Y: Concurrent Mark 100.070ms
[2026-04-03T02:03:16.787+0600][9.270s][info][gc,phases   ] GC(3) Y: Pause Mark End 0.018ms
[2026-04-03T02:03:16.787+0600][9.270s][info][gc,phases   ] GC(3) Y: Concurrent Mark Free 0.001ms
[2026-04-03T02:03:16.787+0600][9.270s][info][gc,phases   ] GC(3) Y: Concurrent Reset Relocation Set 0.008ms
[2026-04-03T02:03:16.789+0600][9.271s][info][gc,reloc    ] GC(3) Y: Using tenuring threshold: 2 (Computed)
[2026-04-03T02:03:16.799+0600][9.282s][info][gc,phases   ] GC(3) Y: Concurrent Select Relocation Set 11.946ms
[2026-04-03T02:03:16.800+0600][9.282s][info][gc,phases   ] GC(3) Y: Pause Relocate Start 0.013ms
[2026-04-03T02:03:16.848+0600][9.331s][info][gc,phases   ] GC(3) Y: Concurrent Relocate 48.686ms
[2026-04-03T02:03:16.848+0600][9.331s][info][gc,alloc    ] GC(3) Y:                         Mark Start        Mark End      Relocate Start    Relocate End   
[2026-04-03T02:03:16.848+0600][9.331s][info][gc,alloc    ] GC(3) Y: Allocation Stalls:          0                0                0                0         
[2026-04-03T02:03:16.848+0600][9.331s][info][gc,load     ] GC(3) Y: Load: 3.15 (26%) / 3.71 (31%) / 5.45 (45%)
[2026-04-03T02:03:16.848+0600][9.331s][info][gc,mmu      ] GC(3) Y: MMU: 2ms/98.9%, 5ms/99.3%, 10ms/99.6%, 20ms/99.7%, 50ms/99.8%, 100ms/99.9%
[2026-04-03T02:03:16.848+0600][9.331s][info][gc,marking  ] GC(3) Y: Mark: 2 stripe(s), 10 proactive flush(es), 1 terminate flush(es), 0 completion(s), 0 continuation(s) 
[2026-04-03T02:03:16.848+0600][9.331s][info][gc,marking  ] GC(3) Y: Mark Stack Usage: 32M
[2026-04-03T02:03:16.848+0600][9.331s][info][gc,nmethod  ] GC(3) Y: NMethods: 3166 registered, 190 unregistered
[2026-04-03T02:03:16.848+0600][9.331s][info][gc,metaspace] GC(3) Y: Metaspace: 47M used, 48M committed, 1088M reserved
[2026-04-03T02:03:16.848+0600][9.331s][info][gc,reloc    ] GC(3) Y:                        Candidates     Selected     In-Place         Size        Empty    Relocated 
[2026-04-03T02:03:16.848+0600][9.331s][info][gc,reloc    ] GC(3) Y: Small Pages:                  169          147            0         338M           0M          20M 
[2026-04-03T02:03:16.848+0600][9.331s][info][gc,reloc    ] GC(3) Y: Medium Pages:                   2            1            0          64M           0M           5M 
[2026-04-03T02:03:16.848+0600][9.331s][info][gc,reloc    ] GC(3) Y: Large Pages:                    0            0            0           0M           0M           0M 
[2026-04-03T02:03:16.848+0600][9.331s][info][gc,reloc    ] GC(3) Y: Forwarding Usage: 13M
[2026-04-03T02:03:16.848+0600][9.331s][info][gc,reloc    ] GC(3) Y: Age Table:
[2026-04-03T02:03:16.848+0600][9.331s][info][gc,reloc    ] GC(3) Y:                    Live             Garbage             Small              Medium             Large        
[2026-04-03T02:03:16.848+0600][9.331s][info][gc,reloc    ] GC(3) Y: Eden              21M (1%)          318M (16%)        154 / 142            1 / 0              0 / 0        
[2026-04-03T02:03:16.848+0600][9.331s][info][gc,reloc    ] GC(3) Y: Survivor 1         4M (0%)            3M (0%)           4 / 1              0 / 0              0 / 0        
[2026-04-03T02:03:16.849+0600][9.331s][info][gc,reloc    ] GC(3) Y: Survivor 2        15M (1%)           30M (2%)           7 / 2              1 / 1              0 / 0        
[2026-04-03T02:03:16.849+0600][9.331s][info][gc,reloc    ] GC(3) Y: Survivor 3         3M (0%)            4M (0%)           4 / 2              0 / 0              0 / 0        
[2026-04-03T02:03:16.849+0600][9.331s][info][gc,heap     ] GC(3) Y: Min Capacity: 8M(0%)
[2026-04-03T02:03:16.849+0600][9.331s][info][gc,heap     ] GC(3) Y: Max Capacity: 2000M(100%)
[2026-04-03T02:03:16.849+0600][9.331s][info][gc,heap     ] GC(3) Y: Soft Max Capacity: 2000M(100%)
[2026-04-03T02:03:16.849+0600][9.331s][info][gc,heap     ] GC(3) Y: Heap Statistics:
[2026-04-03T02:03:16.849+0600][9.331s][info][gc,heap     ] GC(3) Y:                Mark Start          Mark End        Relocate Start      Relocate End           High               Low         
[2026-04-03T02:03:16.849+0600][9.331s][info][gc,heap     ] GC(3) Y:  Capacity:      402M (20%)         460M (23%)         468M (23%)         538M (27%)         538M (27%)         402M (20%)    
[2026-04-03T02:03:16.849+0600][9.331s][info][gc,heap     ] GC(3) Y:      Free:     1598M (80%)        1540M (77%)        1532M (77%)        1788M (89%)        1794M (90%)        1462M (73%)    
[2026-04-03T02:03:16.849+0600][9.331s][info][gc,heap     ] GC(3) Y:      Used:      402M (20%)         460M (23%)         468M (23%)         212M (11%)         538M (27%)         206M (10%)    
[2026-04-03T02:03:16.849+0600][9.331s][info][gc,heap     ] GC(3) Y: Young Generation Statistics:
[2026-04-03T02:03:16.849+0600][9.331s][info][gc,heap     ] GC(3) Y:                Mark Start          Mark End        Relocate Start      Relocate End    
[2026-04-03T02:03:16.849+0600][9.331s][info][gc,heap     ] GC(3) Y:      Used:      402M (20%)         460M (23%)         458M (23%)         160M (8%)     
[2026-04-03T02:03:16.849+0600][9.331s][info][gc,heap     ] GC(3) Y:      Live:         -                45M (2%)           35M (2%)           25M (1%)     
[2026-04-03T02:03:16.849+0600][9.331s][info][gc,heap     ] GC(3) Y:   Garbage:         -               356M (18%)         356M (18%)           0M (0%)     
[2026-04-03T02:03:16.849+0600][9.331s][info][gc,heap     ] GC(3) Y: Allocated:         -                58M (3%)           66M (3%)          133M (7%)     
[2026-04-03T02:03:16.849+0600][9.331s][info][gc,heap     ] GC(3) Y: Reclaimed:         -                  -                 0M (0%)          356M (18%)    
[2026-04-03T02:03:16.849+0600][9.331s][info][gc,heap     ] GC(3) Y:  Promoted:         -                  -                 9M (0%)           19M (1%)     
[2026-04-03T02:03:16.849+0600][9.331s][info][gc,heap     ] GC(3) Y: Compacted:         -                  -                  -                22M (1%)     
[2026-04-03T02:03:16.849+0600][9.331s][info][gc,phases   ] GC(3) Y: Young Generation 402M(20%)->212M(11%) 0.162s
[2026-04-03T02:03:16.849+0600][9.331s][info][gc,phases   ] GC(3) O: Old Generation
[2026-04-03T02:03:16.850+0600][9.333s][info][gc,phases   ] GC(3) O: Concurrent Mark 1.728ms
[2026-04-03T02:03:16.851+0600][9.333s][info][gc,phases   ] GC(3) O: Pause Mark End 0.022ms
[2026-04-03T02:03:16.851+0600][9.333s][info][gc,phases   ] GC(3) O: Concurrent Mark Free 0.002ms
[2026-04-03T02:03:16.861+0600][9.343s][info][gc,phases   ] GC(3) O: Concurrent Process Non-Strong 9.870ms
[2026-04-03T02:03:16.861+0600][9.343s][info][gc,phases   ] GC(3) O: Concurrent Reset Relocation Set 0.001ms
[2026-04-03T02:03:16.862+0600][9.345s][info][gc,phases   ] GC(3) O: Concurrent Select Relocation Set 1.577ms
[2026-04-03T02:03:16.862+0600][9.345s][info][gc,task     ] GC(3) O: Using 3 Workers for Old Generation
[2026-04-03T02:03:16.879+0600][9.361s][info][gc,task     ] GC(3) O: Using 1 Workers for Old Generation
[2026-04-03T02:03:16.879+0600][9.361s][info][gc,phases   ] GC(3) O: Concurrent Remap Roots 16.276ms
[2026-04-03T02:03:16.879+0600][9.361s][info][gc,phases   ] GC(3) O: Pause Relocate Start 0.024ms
[2026-04-03T02:03:16.880+0600][9.362s][info][gc,phases   ] GC(3) O: Concurrent Relocate 0.505ms
[2026-04-03T02:03:16.880+0600][9.362s][info][gc,alloc    ] GC(3) O:                         Mark Start        Mark End      Relocate Start    Relocate End   
[2026-04-03T02:03:16.880+0600][9.362s][info][gc,alloc    ] GC(3) O: Allocation Stalls:          0                0                0                0         
[2026-04-03T02:03:16.880+0600][9.362s][info][gc,load     ] GC(3) O: Load: 3.15 (26%) / 3.71 (31%) / 5.45 (45%)
[2026-04-03T02:03:16.880+0600][9.362s][info][gc,mmu      ] GC(3) O: MMU: 2ms/98.8%, 5ms/99.3%, 10ms/99.6%, 20ms/99.7%, 50ms/99.8%, 100ms/99.9%
[2026-04-03T02:03:16.880+0600][9.362s][info][gc,marking  ] GC(3) O: Mark: 1 stripe(s), 1 proactive flush(es), 1 terminate flush(es), 0 completion(s), 0 continuation(s) 
[2026-04-03T02:03:16.880+0600][9.362s][info][gc,marking  ] GC(3) O: Mark Stack Usage: 0M
[2026-04-03T02:03:16.880+0600][9.362s][info][gc,nmethod  ] GC(3) O: NMethods: 3039 registered, 317 unregistered
[2026-04-03T02:03:16.880+0600][9.362s][info][gc,metaspace] GC(3) O: Metaspace: 47M used, 48M committed, 1088M reserved
[2026-04-03T02:03:16.880+0600][9.362s][info][gc,ref      ] GC(3) O:                       Encountered   Discovered     Enqueued 
[2026-04-03T02:03:16.880+0600][9.362s][info][gc,ref      ] GC(3) O: Soft References:             3982            0            0 
[2026-04-03T02:03:16.880+0600][9.362s][info][gc,ref      ] GC(3) O: Weak References:             4122            0            0 
[2026-04-03T02:03:16.880+0600][9.362s][info][gc,ref      ] GC(3) O: Final References:              82            0            0 
[2026-04-03T02:03:16.880+0600][9.362s][info][gc,ref      ] GC(3) O: Phantom References:           581            0            0 
[2026-04-03T02:03:16.880+0600][9.362s][info][gc,heap     ] GC(3) O: Min Capacity: 8M(0%)
[2026-04-03T02:03:16.880+0600][9.362s][info][gc,heap     ] GC(3) O: Max Capacity: 2000M(100%)
[2026-04-03T02:03:16.880+0600][9.362s][info][gc,heap     ] GC(3) O: Soft Max Capacity: 2000M(100%)
[2026-04-03T02:03:16.880+0600][9.362s][info][gc,heap     ] GC(3) O: Heap Statistics:
[2026-04-03T02:03:16.880+0600][9.362s][info][gc,heap     ] GC(3) O:                Mark Start          Mark End        Relocate Start      Relocate End           High               Low         
[2026-04-03T02:03:16.880+0600][9.362s][info][gc,heap     ] GC(3) O:  Capacity:      402M (20%)         538M (27%)         538M (27%)         538M (27%)         538M (27%)         402M (20%)    
[2026-04-03T02:03:16.880+0600][9.362s][info][gc,heap     ] GC(3) O:      Free:     1598M (80%)        1786M (89%)        1758M (88%)        1758M (88%)        1794M (90%)        1462M (73%)    
[2026-04-03T02:03:16.880+0600][9.362s][info][gc,heap     ] GC(3) O:      Used:      402M (20%)         214M (11%)         242M (12%)         242M (12%)         538M (27%)         206M (10%)    
[2026-04-03T02:03:16.880+0600][9.362s][info][gc,heap     ] GC(3) O: Old Generation Statistics:
[2026-04-03T02:03:16.880+0600][9.362s][info][gc,heap     ] GC(3) O:                Mark Start          Mark End        Relocate Start      Relocate End    
[2026-04-03T02:03:16.880+0600][9.362s][info][gc,heap     ] GC(3) O:      Used:        0M (0%)           52M (3%)           52M (3%)           52M (3%)     
[2026-04-03T02:03:16.880+0600][9.362s][info][gc,heap     ] GC(3) O:      Live:         -                 0M (0%)            0M (0%)            0M (0%)     
[2026-04-03T02:03:16.880+0600][9.362s][info][gc,heap     ] GC(3) O:   Garbage:         -                 0M (0%)            0M (0%)            0M (0%)     
[2026-04-03T02:03:16.880+0600][9.362s][info][gc,heap     ] GC(3) O: Allocated:         -                52M (3%)           52M (3%)           52M (3%)     
[2026-04-03T02:03:16.880+0600][9.362s][info][gc,heap     ] GC(3) O: Reclaimed:         -                  -                 0M (0%)            0M (0%)     
[2026-04-03T02:03:16.880+0600][9.362s][info][gc,heap     ] GC(3) O: Compacted:         -                  -                  -                 0M (0%)     
[2026-04-03T02:03:16.880+0600][9.362s][info][gc,phases   ] GC(3) O: Old Generation 212M(11%)->242M(12%) 0.031s
[2026-04-03T02:03:16.880+0600][9.362s][info][gc          ] GC(3) Major Collection (Warmup) 402M(20%)->242M(12%) 0.193s
[2026-04-03T02:03:17.251+0600][9.733s][info][gc          ] GC(4) Major Collection (Warmup)
[2026-04-03T02:03:17.251+0600][9.734s][info][gc,task     ] GC(4) Using 3 Workers for Young Generation
[2026-04-03T02:03:17.251+0600][9.734s][info][gc,task     ] GC(4) Using 1 Workers for Old Generation
[2026-04-03T02:03:17.251+0600][9.734s][info][gc,phases   ] GC(4) Y: Young Generation
[2026-04-03T02:03:17.251+0600][9.734s][info][gc,phases   ] GC(4) Y: Pause Mark Start (Major) 0.024ms
[2026-04-03T02:03:17.583+0600][10.065s][info][gc,phases   ] GC(4) Y: Concurrent Mark 330.830ms
[2026-04-03T02:03:17.583+0600][10.065s][info][gc,phases   ] GC(4) Y: Pause Mark End 0.030ms
[2026-04-03T02:03:17.583+0600][10.065s][info][gc,phases   ] GC(4) Y: Concurrent Mark Free 0.002ms
[2026-04-03T02:03:17.583+0600][10.065s][info][gc,phases   ] GC(4) Y: Concurrent Reset Relocation Set 0.051ms
[2026-04-03T02:03:17.584+0600][10.067s][info][gc,reloc    ] GC(4) Y: Using tenuring threshold: 3 (Computed)
[2026-04-03T02:03:17.590+0600][10.073s][info][gc,phases   ] GC(4) Y: Concurrent Select Relocation Set 7.501ms
[2026-04-03T02:03:17.591+0600][10.073s][info][gc,phases   ] GC(4) Y: Pause Relocate Start 0.026ms
[2026-04-03T02:03:17.630+0600][10.112s][info][gc,phases   ] GC(4) Y: Concurrent Relocate 38.695ms
[2026-04-03T02:03:17.630+0600][10.112s][info][gc,alloc    ] GC(4) Y:                         Mark Start        Mark End      Relocate Start    Relocate End   
[2026-04-03T02:03:17.630+0600][10.112s][info][gc,alloc    ] GC(4) Y: Allocation Stalls:          0                0                0                0         
[2026-04-03T02:03:17.630+0600][10.112s][info][gc,load     ] GC(4) Y: Load: 3.15 (26%) / 3.71 (31%) / 5.45 (45%)
[2026-04-03T02:03:17.630+0600][10.112s][info][gc,mmu      ] GC(4) Y: MMU: 2ms/98.5%, 5ms/99.3%, 10ms/99.4%, 20ms/99.7%, 50ms/99.8%, 100ms/99.9%
[2026-04-03T02:03:17.630+0600][10.112s][info][gc,marking  ] GC(4) Y: Mark: 2 stripe(s), 10 proactive flush(es), 1 terminate flush(es), 0 completion(s), 0 continuation(s) 
[2026-04-03T02:03:17.630+0600][10.112s][info][gc,marking  ] GC(4) Y: Mark Stack Usage: 32M
[2026-04-03T02:03:17.630+0600][10.112s][info][gc,nmethod  ] GC(4) Y: NMethods: 3039 registered, 317 unregistered
[2026-04-03T02:03:17.630+0600][10.112s][info][gc,metaspace] GC(4) Y: Metaspace: 47M used, 48M committed, 1088M reserved
[2026-04-03T02:03:17.630+0600][10.112s][info][gc,reloc    ] GC(4) Y:                        Candidates     Selected     In-Place         Size        Empty    Relocated 
[2026-04-03T02:03:17.630+0600][10.112s][info][gc,reloc    ] GC(4) Y: Small Pages:                  258          222            0         516M           0M          36M 
[2026-04-03T02:03:17.630+0600][10.112s][info][gc,reloc    ] GC(4) Y: Medium Pages:                   1            0            0          32M           0M           0M 
[2026-04-03T02:03:17.630+0600][10.112s][info][gc,reloc    ] GC(4) Y: Large Pages:                    0            0            0           0M           0M           0M 
[2026-04-03T02:03:17.630+0600][10.112s][info][gc,reloc    ] GC(4) Y: Forwarding Usage: 29M
[2026-04-03T02:03:17.630+0600][10.112s][info][gc,reloc    ] GC(4) Y: Age Table:
[2026-04-03T02:03:17.630+0600][10.112s][info][gc,reloc    ] GC(4) Y:                    Live             Garbage             Small              Medium             Large        
[2026-04-03T02:03:17.630+0600][10.112s][info][gc,reloc    ] GC(4) Y: Eden              38M (2%)          445M (22%)        242 / 219            0 / 0              0 / 0        
[2026-04-03T02:03:17.630+0600][10.112s][info][gc,reloc    ] GC(4) Y: Survivor 1        21M (1%)           36M (2%)          13 / 3              1 / 0              0 / 0        
[2026-04-03T02:03:17.630+0600][10.112s][info][gc,reloc    ] GC(4) Y: Survivor 2         4M (0%)            1M (0%)           3 / 0              0 / 0              0 / 0        
[2026-04-03T02:03:17.630+0600][10.112s][info][gc,heap     ] GC(4) Y: Min Capacity: 8M(0%)
[2026-04-03T02:03:17.630+0600][10.112s][info][gc,heap     ] GC(4) Y: Max Capacity: 2000M(100%)
[2026-04-03T02:03:17.630+0600][10.112s][info][gc,heap     ] GC(4) Y: Soft Max Capacity: 2000M(100%)
[2026-04-03T02:03:17.630+0600][10.112s][info][gc,heap     ] GC(4) Y: Heap Statistics:
[2026-04-03T02:03:17.630+0600][10.112s][info][gc,heap     ] GC(4) Y:                Mark Start          Mark End        Relocate Start      Relocate End           High               Low         
[2026-04-03T02:03:17.630+0600][10.112s][info][gc,heap     ] GC(4) Y:  Capacity:      600M (30%)         774M (39%)         778M (39%)         786M (39%)         786M (39%)         600M (30%)    
[2026-04-03T02:03:17.630+0600][10.112s][info][gc,heap     ] GC(4) Y:      Free:     1400M (70%)        1226M (61%)        1222M (61%)        1630M (82%)        1630M (82%)        1214M (61%)    
[2026-04-03T02:03:17.630+0600][10.112s][info][gc,heap     ] GC(4) Y:      Used:      600M (30%)         774M (39%)         778M (39%)         370M (18%)         786M (39%)         370M (18%)    
[2026-04-03T02:03:17.630+0600][10.112s][info][gc,heap     ] GC(4) Y: Young Generation Statistics:
[2026-04-03T02:03:17.630+0600][10.112s][info][gc,heap     ] GC(4) Y:                Mark Start          Mark End        Relocate Start      Relocate End    
[2026-04-03T02:03:17.630+0600][10.112s][info][gc,heap     ] GC(4) Y:      Used:      548M (27%)         722M (36%)         726M (36%)         318M (16%)    
[2026-04-03T02:03:17.630+0600][10.112s][info][gc,heap     ] GC(4) Y:      Live:         -                64M (3%)           64M (3%)           64M (3%)     
[2026-04-03T02:03:17.630+0600][10.112s][info][gc,heap     ] GC(4) Y:   Garbage:         -               483M (24%)         483M (24%)          32M (2%)     
[2026-04-03T02:03:17.630+0600][10.112s][info][gc,heap     ] GC(4) Y: Allocated:         -               174M (9%)          178M (9%)          220M (11%)    
[2026-04-03T02:03:17.630+0600][10.112s][info][gc,heap     ] GC(4) Y: Reclaimed:         -                  -                 0M (0%)          450M (23%)    
[2026-04-03T02:03:17.630+0600][10.112s][info][gc,heap     ] GC(4) Y:  Promoted:         -                  -                 0M (0%)            0M (0%)     
[2026-04-03T02:03:17.630+0600][10.112s][info][gc,heap     ] GC(4) Y: Compacted:         -                  -                  -                39M (2%)     
[2026-04-03T02:03:17.630+0600][10.112s][info][gc,phases   ] GC(4) Y: Young Generation 600M(30%)->370M(18%) 0.378s
[2026-04-03T02:03:17.630+0600][10.112s][info][gc,phases   ] GC(4) O: Old Generation
[2026-04-03T02:03:17.656+0600][10.138s][info][gc,phases   ] GC(4) O: Concurrent Mark 25.655ms
[2026-04-03T02:03:17.656+0600][10.138s][info][gc,phases   ] GC(4) O: Pause Mark End 0.029ms
[2026-04-03T02:03:17.656+0600][10.138s][info][gc,phases   ] GC(4) O: Concurrent Mark Free 0.002ms
[2026-04-03T02:03:17.666+0600][10.149s][info][gc,phases   ] GC(4) O: Concurrent Process Non-Strong 10.298ms
[2026-04-03T02:03:17.667+0600][10.149s][info][gc,phases   ] GC(4) O: Concurrent Reset Relocation Set 0.001ms
[2026-04-03T02:03:17.671+0600][10.153s][info][gc,phases   ] GC(4) O: Concurrent Select Relocation Set 4.060ms
[2026-04-03T02:03:17.671+0600][10.153s][info][gc,task     ] GC(4) O: Using 3 Workers for Old Generation
[2026-04-03T02:03:17.686+0600][10.168s][info][gc,task     ] GC(4) O: Using 1 Workers for Old Generation
[2026-04-03T02:03:17.686+0600][10.169s][info][gc,phases   ] GC(4) O: Concurrent Remap Roots 15.510ms
[2026-04-03T02:03:17.686+0600][10.169s][info][gc,phases   ] GC(4) O: Pause Relocate Start 0.031ms
[2026-04-03T02:03:17.691+0600][10.173s][info][gc,phases   ] GC(4) O: Concurrent Relocate 3.966ms
[2026-04-03T02:03:17.691+0600][10.173s][info][gc,alloc    ] GC(4) O:                         Mark Start        Mark End      Relocate Start    Relocate End   
[2026-04-03T02:03:17.691+0600][10.173s][info][gc,alloc    ] GC(4) O: Allocation Stalls:          0                0                0                0         
[2026-04-03T02:03:17.691+0600][10.173s][info][gc,load     ] GC(4) O: Load: 3.15 (26%) / 3.71 (31%) / 5.45 (45%)
[2026-04-03T02:03:17.691+0600][10.173s][info][gc,mmu      ] GC(4) O: MMU: 2ms/98.5%, 5ms/99.3%, 10ms/99.4%, 20ms/99.7%, 50ms/99.8%, 100ms/99.9%
[2026-04-03T02:03:17.691+0600][10.173s][info][gc,marking  ] GC(4) O: Mark: 1 stripe(s), 2 proactive flush(es), 1 terminate flush(es), 0 completion(s), 0 continuation(s) 
[2026-04-03T02:03:17.691+0600][10.173s][info][gc,marking  ] GC(4) O: Mark Stack Usage: 32M
[2026-04-03T02:03:17.691+0600][10.173s][info][gc,nmethod  ] GC(4) O: NMethods: 3044 registered, 317 unregistered
[2026-04-03T02:03:17.691+0600][10.173s][info][gc,metaspace] GC(4) O: Metaspace: 47M used, 48M committed, 1088M reserved
[2026-04-03T02:03:17.691+0600][10.173s][info][gc,ref      ] GC(4) O:                       Encountered   Discovered     Enqueued 
[2026-04-03T02:03:17.691+0600][10.173s][info][gc,ref      ] GC(4) O: Soft References:             3982            0            0 
[2026-04-03T02:03:17.691+0600][10.173s][info][gc,ref      ] GC(4) O: Weak References:             4122         1135          446 
[2026-04-03T02:03:17.691+0600][10.173s][info][gc,ref      ] GC(4) O: Final References:              82            0            0 
[2026-04-03T02:03:17.691+0600][10.173s][info][gc,ref      ] GC(4) O: Phantom References:           581          190            0 
[2026-04-03T02:03:17.691+0600][10.173s][info][gc,reloc    ] GC(4) O:                        Candidates     Selected     In-Place         Size        Empty    Relocated 
[2026-04-03T02:03:17.691+0600][10.173s][info][gc,reloc    ] GC(4) O: Small Pages:                   10            2            0          20M           0M           1M 
[2026-04-03T02:03:17.691+0600][10.173s][info][gc,reloc    ] GC(4) O: Medium Pages:                   1            0            0          32M           0M           0M 
[2026-04-03T02:03:17.691+0600][10.173s][info][gc,reloc    ] GC(4) O: Large Pages:                    0            0            0           0M           0M           0M 
[2026-04-03T02:03:17.691+0600][10.173s][info][gc,reloc    ] GC(4) O: Forwarding Usage: 0M
[2026-04-03T02:03:17.691+0600][10.173s][info][gc,heap     ] GC(4) O: Min Capacity: 8M(0%)
[2026-04-03T02:03:17.691+0600][10.173s][info][gc,heap     ] GC(4) O: Max Capacity: 2000M(100%)
[2026-04-03T02:03:17.691+0600][10.173s][info][gc,heap     ] GC(4) O: Soft Max Capacity: 2000M(100%)
[2026-04-03T02:03:17.691+0600][10.173s][info][gc,heap     ] GC(4) O: Heap Statistics:
[2026-04-03T02:03:17.691+0600][10.173s][info][gc,heap     ] GC(4) O:                Mark Start          Mark End        Relocate Start      Relocate End           High               Low         
[2026-04-03T02:03:17.691+0600][10.173s][info][gc,heap     ] GC(4) O:  Capacity:      600M (30%)         786M (39%)         786M (39%)         786M (39%)         786M (39%)         600M (30%)    
[2026-04-03T02:03:17.691+0600][10.173s][info][gc,heap     ] GC(4) O:      Free:     1400M (70%)        1606M (80%)        1576M (79%)        1576M (79%)        1630M (82%)        1214M (61%)    
[2026-04-03T02:03:17.691+0600][10.173s][info][gc,heap     ] GC(4) O:      Used:      600M (30%)         394M (20%)         424M (21%)         424M (21%)         786M (39%)         370M (18%)    
[2026-04-03T02:03:17.691+0600][10.173s][info][gc,heap     ] GC(4) O: Old Generation Statistics:
[2026-04-03T02:03:17.691+0600][10.173s][info][gc,heap     ] GC(4) O:                Mark Start          Mark End        Relocate Start      Relocate End    
[2026-04-03T02:03:17.691+0600][10.173s][info][gc,heap     ] GC(4) O:      Used:       52M (3%)           52M (3%)           52M (3%)           50M (2%)     
[2026-04-03T02:03:17.691+0600][10.173s][info][gc,heap     ] GC(4) O:      Live:         -                19M (1%)           19M (1%)           19M (1%)     
[2026-04-03T02:03:17.691+0600][10.173s][info][gc,heap     ] GC(4) O:   Garbage:         -                32M (2%)           32M (2%)           27M (1%)     
[2026-04-03T02:03:17.691+0600][10.173s][info][gc,heap     ] GC(4) O: Allocated:         -                 0M (0%)            0M (0%)            2M (0%)     
[2026-04-03T02:03:17.691+0600][10.173s][info][gc,heap     ] GC(4) O: Reclaimed:         -                  -                 0M (0%)            4M (0%)     
[2026-04-03T02:03:17.691+0600][10.173s][info][gc,heap     ] GC(4) O: Compacted:         -                  -                  -                 1M (0%)     
[2026-04-03T02:03:17.691+0600][10.173s][info][gc,phases   ] GC(4) O: Old Generation 370M(18%)->424M(21%) 0.061s
[2026-04-03T02:03:17.691+0600][10.173s][info][gc          ] GC(4) Major Collection (Warmup) 600M(30%)->424M(21%) 0.440s
[2026-04-03T02:03:20.465+0600][12.948s][info][gc          ] GC(5) Major Collection (System.gc())
[2026-04-03T02:03:20.466+0600][12.948s][info][gc,task     ] GC(5) Using 3 Workers for Young Generation
[2026-04-03T02:03:20.466+0600][12.948s][info][gc,task     ] GC(5) Using 3 Workers for Old Generation
[2026-04-03T02:03:20.466+0600][12.948s][info][gc,phases   ] GC(5) Y: Young Generation (Promote All)
[2026-04-03T02:03:20.466+0600][12.948s][info][gc,phases   ] GC(5) Y: Pause Mark Start 0.030ms
[2026-04-03T02:03:20.486+0600][12.968s][info][gc,phases   ] GC(5) Y: Concurrent Mark 19.731ms
[2026-04-03T02:03:20.486+0600][12.968s][info][gc,phases   ] GC(5) Y: Pause Mark End 0.028ms
[2026-04-03T02:03:20.486+0600][12.968s][info][gc,phases   ] GC(5) Y: Concurrent Mark Free 0.001ms
[2026-04-03T02:03:20.486+0600][12.968s][info][gc,phases   ] GC(5) Y: Concurrent Reset Relocation Set 0.042ms
[2026-04-03T02:03:20.491+0600][12.973s][info][gc,reloc    ] GC(5) Y: Using tenuring threshold: 0 (Promote All)
[2026-04-03T02:03:20.504+0600][12.986s][info][gc,phases   ] GC(5) Y: Concurrent Select Relocation Set 17.499ms
[2026-04-03T02:03:20.504+0600][12.986s][info][gc,phases   ] GC(5) Y: Pause Relocate Start 0.024ms
[2026-04-03T02:03:20.518+0600][13.001s][info][gc,phases   ] GC(5) Y: Concurrent Relocate 14.352ms
[2026-04-03T02:03:20.518+0600][13.001s][info][gc,alloc    ] GC(5) Y:                         Mark Start        Mark End      Relocate Start    Relocate End   
[2026-04-03T02:03:20.518+0600][13.001s][info][gc,alloc    ] GC(5) Y: Allocation Stalls:          0                0                0                0         
[2026-04-03T02:03:20.518+0600][13.001s][info][gc,load     ] GC(5) Y: Load: 2.98 (25%) / 3.67 (31%) / 5.43 (45%)
[2026-04-03T02:03:20.518+0600][13.001s][info][gc,mmu      ] GC(5) Y: MMU: 2ms/98.5%, 5ms/99.3%, 10ms/99.4%, 20ms/99.7%, 50ms/99.8%, 100ms/99.9%
[2026-04-03T02:03:20.518+0600][13.001s][info][gc,marking  ] GC(5) Y: Mark: 2 stripe(s), 1 proactive flush(es), 1 terminate flush(es), 0 completion(s), 0 continuation(s) 
[2026-04-03T02:03:20.518+0600][13.001s][info][gc,marking  ] GC(5) Y: Mark Stack Usage: 32M
[2026-04-03T02:03:20.518+0600][13.001s][info][gc,nmethod  ] GC(5) Y: NMethods: 3527 registered, 317 unregistered
[2026-04-03T02:03:20.518+0600][13.001s][info][gc,metaspace] GC(5) Y: Metaspace: 53M used, 54M committed, 1088M reserved
[2026-04-03T02:03:20.518+0600][13.001s][info][gc,reloc    ] GC(5) Y:                        Candidates     Selected     In-Place         Size        Empty    Relocated 
[2026-04-03T02:03:20.518+0600][13.001s][info][gc,reloc    ] GC(5) Y: Small Pages:                  458           50            0         916M         802M           3M 
[2026-04-03T02:03:20.518+0600][13.001s][info][gc,reloc    ] GC(5) Y: Medium Pages:                   2            0            0          64M          32M           0M 
[2026-04-03T02:03:20.518+0600][13.001s][info][gc,reloc    ] GC(5) Y: Large Pages:                    1            0            0           6M           6M           0M 
[2026-04-03T02:03:20.518+0600][13.001s][info][gc,reloc    ] GC(5) Y: Forwarding Usage: 1M
[2026-04-03T02:03:20.518+0600][13.001s][info][gc,reloc    ] GC(5) Y: Age Table:
[2026-04-03T02:03:20.518+0600][13.001s][info][gc,reloc    ] GC(5) Y:                    Live             Garbage             Small              Medium             Large        
[2026-04-03T02:03:20.518+0600][13.001s][info][gc,reloc    ] GC(5) Y: Eden               1M (0%)          876M (44%)        420 / 44             1 / 0              1 / 0        
[2026-04-03T02:03:20.518+0600][13.001s][info][gc,reloc    ] GC(5) Y: Survivor 1          -                44M (2%)          22 / 0              0 / 0              0 / 0        
[2026-04-03T02:03:20.519+0600][13.001s][info][gc,reloc    ] GC(5) Y: Survivor 2         5M (0%)           52M (3%)          13 / 5              1 / 0              0 / 0        
[2026-04-03T02:03:20.519+0600][13.001s][info][gc,reloc    ] GC(5) Y: Survivor 3         4M (0%)            1M (0%)           3 / 1              0 / 0              0 / 0        
[2026-04-03T02:03:20.519+0600][13.001s][info][gc,heap     ] GC(5) Y: Min Capacity: 8M(0%)
[2026-04-03T02:03:20.519+0600][13.001s][info][gc,heap     ] GC(5) Y: Max Capacity: 2000M(100%)
[2026-04-03T02:03:20.519+0600][13.001s][info][gc,heap     ] GC(5) Y: Soft Max Capacity: 2000M(100%)
[2026-04-03T02:03:20.519+0600][13.001s][info][gc,heap     ] GC(5) Y: Heap Statistics:
[2026-04-03T02:03:20.519+0600][13.001s][info][gc,heap     ] GC(5) Y:                Mark Start          Mark End        Relocate Start      Relocate End           High               Low         
[2026-04-03T02:03:20.519+0600][13.001s][info][gc,heap     ] GC(5) Y:  Capacity:     1036M (52%)        1036M (52%)        1036M (52%)        1036M (52%)        1036M (52%)        1036M (52%)    
[2026-04-03T02:03:20.519+0600][13.001s][info][gc,heap     ] GC(5) Y:      Free:      964M (48%)         964M (48%)        1804M (90%)        1904M (95%)        1904M (95%)         964M (48%)    
[2026-04-03T02:03:20.519+0600][13.001s][info][gc,heap     ] GC(5) Y:      Used:     1036M (52%)        1036M (52%)         196M (10%)          96M (5%)         1036M (52%)          96M (5%)     
[2026-04-03T02:03:20.519+0600][13.001s][info][gc,heap     ] GC(5) Y: Young Generation Statistics:
[2026-04-03T02:03:20.519+0600][13.001s][info][gc,heap     ] GC(5) Y:                Mark Start          Mark End        Relocate Start      Relocate End    
[2026-04-03T02:03:20.519+0600][13.001s][info][gc,heap     ] GC(5) Y:      Used:      986M (49%)         986M (49%)         106M (5%)            0M (0%)     
[2026-04-03T02:03:20.519+0600][13.001s][info][gc,heap     ] GC(5) Y:      Live:         -                11M (1%)            4M (0%)            0M (0%)     
[2026-04-03T02:03:20.519+0600][13.001s][info][gc,heap     ] GC(5) Y:   Garbage:         -               974M (49%)         101M (5%)            0M (0%)     
[2026-04-03T02:03:20.519+0600][13.001s][info][gc,heap     ] GC(5) Y: Allocated:         -                 0M (0%)            0M (0%)            0M (0%)     
[2026-04-03T02:03:20.519+0600][13.001s][info][gc,heap     ] GC(5) Y: Reclaimed:         -                  -               872M (44%)         974M (49%)    
[2026-04-03T02:03:20.519+0600][13.001s][info][gc,heap     ] GC(5) Y:  Promoted:         -                  -                 7M (0%)           11M (1%)     
[2026-04-03T02:03:20.519+0600][13.001s][info][gc,heap     ] GC(5) Y: Compacted:         -                  -                  -                 0M (0%)     
[2026-04-03T02:03:20.519+0600][13.001s][info][gc,phases   ] GC(5) Y: Young Generation (Promote All) 1036M(52%)->96M(5%) 0.053s
[2026-04-03T02:03:20.519+0600][13.001s][info][gc,phases   ] GC(5) Y: Young Generation (Collect Roots)
[2026-04-03T02:03:20.519+0600][13.001s][info][gc,phases   ] GC(5) Y: Pause Mark Start (Major) 0.030ms
[2026-04-03T02:03:20.528+0600][13.010s][info][gc,phases   ] GC(5) Y: Concurrent Mark 8.939ms
[2026-04-03T02:03:20.528+0600][13.011s][info][gc,phases   ] GC(5) Y: Pause Mark End 0.026ms
[2026-04-03T02:03:20.529+0600][13.011s][info][gc,phases   ] GC(5) Y: Concurrent Mark Free 0.334ms
[2026-04-03T02:03:20.529+0600][13.011s][info][gc,phases   ] GC(5) Y: Concurrent Reset Relocation Set 0.025ms
[2026-04-03T02:03:20.533+0600][13.015s][info][gc,reloc    ] GC(5) Y: Using tenuring threshold: 0 (Computed)
[2026-04-03T02:03:20.534+0600][13.016s][info][gc,phases   ] GC(5) Y: Concurrent Select Relocation Set 4.930ms
[2026-04-03T02:03:20.534+0600][13.016s][info][gc,phases   ] GC(5) Y: Pause Relocate Start 0.023ms
[2026-04-03T02:03:20.534+0600][13.016s][info][gc,phases   ] GC(5) Y: Concurrent Relocate 0.108ms
[2026-04-03T02:03:20.534+0600][13.017s][info][gc,alloc    ] GC(5) Y:                         Mark Start        Mark End      Relocate Start    Relocate End   
[2026-04-03T02:03:20.534+0600][13.017s][info][gc,alloc    ] GC(5) Y: Allocation Stalls:          0                0                0                0         
[2026-04-03T02:03:20.534+0600][13.017s][info][gc,load     ] GC(5) Y: Load: 2.98 (25%) / 3.67 (31%) / 5.43 (45%)
[2026-04-03T02:03:20.534+0600][13.017s][info][gc,mmu      ] GC(5) Y: MMU: 2ms/98.5%, 5ms/99.3%, 10ms/99.4%, 20ms/99.6%, 50ms/99.7%, 100ms/99.8%
[2026-04-03T02:03:20.534+0600][13.017s][info][gc,marking  ] GC(5) Y: Mark: 2 stripe(s), 1 proactive flush(es), 1 terminate flush(es), 0 completion(s), 0 continuation(s) 
[2026-04-03T02:03:20.534+0600][13.017s][info][gc,marking  ] GC(5) Y: Mark Stack Usage: 0M
[2026-04-03T02:03:20.534+0600][13.017s][info][gc,nmethod  ] GC(5) Y: NMethods: 3527 registered, 317 unregistered
[2026-04-03T02:03:20.534+0600][13.017s][info][gc,metaspace] GC(5) Y: Metaspace: 53M used, 54M committed, 1088M reserved
[2026-04-03T02:03:20.534+0600][13.017s][info][gc,heap     ] GC(5) Y: Min Capacity: 8M(0%)
[2026-04-03T02:03:20.534+0600][13.017s][info][gc,heap     ] GC(5) Y: Max Capacity: 2000M(100%)
[2026-04-03T02:03:20.534+0600][13.017s][info][gc,heap     ] GC(5) Y: Soft Max Capacity: 2000M(100%)
[2026-04-03T02:03:20.534+0600][13.017s][info][gc,heap     ] GC(5) Y: Heap Statistics:
[2026-04-03T02:03:20.534+0600][13.017s][info][gc,heap     ] GC(5) Y:                Mark Start          Mark End        Relocate Start      Relocate End           High               Low         
[2026-04-03T02:03:20.534+0600][13.017s][info][gc,heap     ] GC(5) Y:  Capacity:     1036M (52%)        1036M (52%)        1036M (52%)        1036M (52%)        1036M (52%)        1036M (52%)    
[2026-04-03T02:03:20.534+0600][13.017s][info][gc,heap     ] GC(5) Y:      Free:     1904M (95%)        1904M (95%)        1904M (95%)        1904M (95%)        1904M (95%)        1904M (95%)    
[2026-04-03T02:03:20.534+0600][13.017s][info][gc,heap     ] GC(5) Y:      Used:       96M (5%)           96M (5%)           96M (5%)           96M (5%)           96M (5%)           96M (5%)     
[2026-04-03T02:03:20.534+0600][13.017s][info][gc,heap     ] GC(5) Y: Young Generation Statistics:
[2026-04-03T02:03:20.534+0600][13.017s][info][gc,heap     ] GC(5) Y:                Mark Start          Mark End        Relocate Start      Relocate End    
[2026-04-03T02:03:20.534+0600][13.017s][info][gc,heap     ] GC(5) Y:      Used:        0M (0%)            0M (0%)            0M (0%)            0M (0%)     
[2026-04-03T02:03:20.534+0600][13.017s][info][gc,heap     ] GC(5) Y:      Live:         -                 0M (0%)            0M (0%)            0M (0%)     
[2026-04-03T02:03:20.534+0600][13.017s][info][gc,heap     ] GC(5) Y:   Garbage:         -                 0M (0%)            0M (0%)            0M (0%)     
[2026-04-03T02:03:20.534+0600][13.017s][info][gc,heap     ] GC(5) Y: Allocated:         -                 0M (0%)            0M (0%)            0M (0%)     
[2026-04-03T02:03:20.534+0600][13.017s][info][gc,heap     ] GC(5) Y: Reclaimed:         -                  -                 0M (0%)            0M (0%)     
[2026-04-03T02:03:20.534+0600][13.017s][info][gc,heap     ] GC(5) Y:  Promoted:         -                  -                 0M (0%)            0M (0%)     
[2026-04-03T02:03:20.534+0600][13.017s][info][gc,heap     ] GC(5) Y: Compacted:         -                  -                  -                 0M (0%)     
[2026-04-03T02:03:20.534+0600][13.017s][info][gc,phases   ] GC(5) Y: Young Generation (Collect Roots) 96M(5%)->96M(5%) 0.015s
[2026-04-03T02:03:20.534+0600][13.017s][info][gc,phases   ] GC(5) O: Old Generation
[2026-04-03T02:03:20.561+0600][13.043s][info][gc,phases   ] GC(5) O: Concurrent Mark 26.700ms
[2026-04-03T02:03:20.561+0600][13.044s][info][gc,phases   ] GC(5) O: Pause Mark End 0.036ms
[2026-04-03T02:03:20.561+0600][13.044s][info][gc,phases   ] GC(5) O: Concurrent Mark Free 0.002ms
[2026-04-03T02:03:20.568+0600][13.050s][info][gc,phases   ] GC(5) O: Concurrent Process Non-Strong 6.143ms
[2026-04-03T02:03:20.568+0600][13.050s][info][gc,phases   ] GC(5) O: Concurrent Reset Relocation Set 0.002ms
[2026-04-03T02:03:20.570+0600][13.053s][info][gc,phases   ] GC(5) O: Concurrent Select Relocation Set 2.544ms
[2026-04-03T02:03:20.570+0600][13.053s][info][gc,task     ] GC(5) O: Using 3 Workers for Old Generation
[2026-04-03T02:03:20.585+0600][13.067s][info][gc,task     ] GC(5) O: Using 3 Workers for Old Generation
[2026-04-03T02:03:20.585+0600][13.067s][info][gc,phases   ] GC(5) O: Concurrent Remap Roots 14.728ms
[2026-04-03T02:03:20.585+0600][13.068s][info][gc,phases   ] GC(5) O: Pause Relocate Start 0.023ms
[2026-04-03T02:03:20.591+0600][13.074s][info][gc,phases   ] GC(5) O: Concurrent Relocate 6.134ms
[2026-04-03T02:03:20.592+0600][13.074s][info][gc,alloc    ] GC(5) O:                         Mark Start        Mark End      Relocate Start    Relocate End   
[2026-04-03T02:03:20.592+0600][13.074s][info][gc,alloc    ] GC(5) O: Allocation Stalls:          0                0                0                0         
[2026-04-03T02:03:20.592+0600][13.074s][info][gc,load     ] GC(5) O: Load: 2.98 (25%) / 3.67 (31%) / 5.43 (45%)
[2026-04-03T02:03:20.592+0600][13.074s][info][gc,mmu      ] GC(5) O: MMU: 2ms/98.2%, 5ms/99.3%, 10ms/99.4%, 20ms/99.6%, 50ms/99.7%, 100ms/99.8%
[2026-04-03T02:03:20.592+0600][13.074s][info][gc,marking  ] GC(5) O: Mark: 2 stripe(s), 2 proactive flush(es), 1 terminate flush(es), 0 completion(s), 0 continuation(s) 
[2026-04-03T02:03:20.592+0600][13.074s][info][gc,marking  ] GC(5) O: Mark Stack Usage: 32M
[2026-04-03T02:03:20.592+0600][13.074s][info][gc,nmethod  ] GC(5) O: NMethods: 3390 registered, 454 unregistered
[2026-04-03T02:03:20.592+0600][13.074s][info][gc,metaspace] GC(5) O: Metaspace: 53M used, 54M committed, 1088M reserved
[2026-04-03T02:03:20.592+0600][13.074s][info][gc,ref      ] GC(5) O:                       Encountered   Discovered     Enqueued 
[2026-04-03T02:03:20.592+0600][13.074s][info][gc,ref      ] GC(5) O: Soft References:             4140            0            0 
[2026-04-03T02:03:20.592+0600][13.074s][info][gc,ref      ] GC(5) O: Weak References:             4614         3655         1249 
[2026-04-03T02:03:20.592+0600][13.074s][info][gc,ref      ] GC(5) O: Final References:              82            0            0 
[2026-04-03T02:03:20.592+0600][13.074s][info][gc,ref      ] GC(5) O: Phantom References:           588          499            2 
[2026-04-03T02:03:20.592+0600][13.074s][info][gc,reloc    ] GC(5) O:                        Candidates     Selected     In-Place         Size        Empty    Relocated 
[2026-04-03T02:03:20.592+0600][13.074s][info][gc,reloc    ] GC(5) O: Small Pages:                   16            2            0          32M           0M           2M 
[2026-04-03T02:03:20.592+0600][13.074s][info][gc,reloc    ] GC(5) O: Medium Pages:                   2            1            0          64M           0M           5M 
[2026-04-03T02:03:20.592+0600][13.074s][info][gc,reloc    ] GC(5) O: Large Pages:                    0            0            0           0M           0M           0M 
[2026-04-03T02:03:20.592+0600][13.074s][info][gc,reloc    ] GC(5) O: Forwarding Usage: 1M
[2026-04-03T02:03:20.592+0600][13.074s][info][gc,heap     ] GC(5) O: Min Capacity: 8M(0%)
[2026-04-03T02:03:20.592+0600][13.074s][info][gc,heap     ] GC(5) O: Max Capacity: 2000M(100%)
[2026-04-03T02:03:20.592+0600][13.074s][info][gc,heap     ] GC(5) O: Soft Max Capacity: 2000M(100%)
[2026-04-03T02:03:20.592+0600][13.074s][info][gc,heap     ] GC(5) O: Heap Statistics:
[2026-04-03T02:03:20.592+0600][13.074s][info][gc,heap     ] GC(5) O:                Mark Start          Mark End        Relocate Start      Relocate End           High               Low         
[2026-04-03T02:03:20.592+0600][13.074s][info][gc,heap     ] GC(5) O:  Capacity:     1036M (52%)        1036M (52%)        1036M (52%)        1036M (52%)        1036M (52%)        1036M (52%)    
[2026-04-03T02:03:20.592+0600][13.074s][info][gc,heap     ] GC(5) O:      Free:     1904M (95%)        1902M (95%)        1900M (95%)        1934M (97%)        1934M (97%)        1866M (93%)    
[2026-04-03T02:03:20.592+0600][13.074s][info][gc,heap     ] GC(5) O:      Used:       96M (5%)           98M (5%)          100M (5%)           66M (3%)          134M (7%)           66M (3%)     
[2026-04-03T02:03:20.592+0600][13.074s][info][gc,heap     ] GC(5) O: Old Generation Statistics:
[2026-04-03T02:03:20.592+0600][13.074s][info][gc,heap     ] GC(5) O:                Mark Start          Mark End        Relocate Start      Relocate End    
[2026-04-03T02:03:20.592+0600][13.074s][info][gc,heap     ] GC(5) O:      Used:       96M (5%)           96M (5%)           96M (5%)           62M (3%)     
[2026-04-03T02:03:20.592+0600][13.074s][info][gc,heap     ] GC(5) O:      Live:         -                30M (2%)           30M (2%)           30M (2%)     
[2026-04-03T02:03:20.592+0600][13.074s][info][gc,heap     ] GC(5) O:   Garbage:         -                65M (3%)           65M (3%)            2M (0%)     
[2026-04-03T02:03:20.592+0600][13.074s][info][gc,heap     ] GC(5) O: Allocated:         -                 0M (0%)            0M (0%)           29M (1%)     
[2026-04-03T02:03:20.592+0600][13.074s][info][gc,heap     ] GC(5) O: Reclaimed:         -                  -                 0M (0%)           63M (3%)     
[2026-04-03T02:03:20.592+0600][13.074s][info][gc,heap     ] GC(5) O: Compacted:         -                  -                  -                10M (1%)     
[2026-04-03T02:03:20.592+0600][13.074s][info][gc,phases   ] GC(5) O: Old Generation 96M(5%)->66M(3%) 0.057s
[2026-04-03T02:03:20.592+0600][13.074s][info][gc          ] GC(5) Major Collection (System.gc()) 1036M(52%)->66M(3%) 0.126s
[2026-04-03T02:03:22.910+0600][15.393s][info][gc          ] GC(6) Minor Collection (Allocation Rate)
[2026-04-03T02:03:22.911+0600][15.393s][info][gc,task     ] GC(6) Using 2 Workers for Young Generation
[2026-04-03T02:03:22.911+0600][15.393s][info][gc,phases   ] GC(6) y: Young Generation
[2026-04-03T02:03:22.911+0600][15.393s][info][gc,phases   ] GC(6) y: Pause Mark Start 0.016ms
[2026-04-03T02:03:22.975+0600][15.458s][info][gc,phases   ] GC(6) y: Concurrent Mark 64.164ms
[2026-04-03T02:03:22.975+0600][15.458s][info][gc,phases   ] GC(6) y: Pause Mark End 0.021ms
[2026-04-03T02:03:22.976+0600][15.458s][info][gc,phases   ] GC(6) y: Concurrent Mark Free 0.001ms
[2026-04-03T02:03:22.976+0600][15.458s][info][gc,phases   ] GC(6) y: Concurrent Reset Relocation Set 0.000ms
[2026-04-03T02:03:22.980+0600][15.462s][info][gc,reloc    ] GC(6) y: Using tenuring threshold: 1 (Computed)
[2026-04-03T02:03:22.991+0600][15.474s][info][gc,phases   ] GC(6) y: Concurrent Select Relocation Set 15.804ms
[2026-04-03T02:03:22.992+0600][15.474s][info][gc,phases   ] GC(6) y: Pause Relocate Start 0.046ms
[2026-04-03T02:03:23.034+0600][15.517s][info][gc,phases   ] GC(6) y: Concurrent Relocate 42.564ms
[2026-04-03T02:03:23.034+0600][15.517s][info][gc,alloc    ] GC(6) y:                         Mark Start        Mark End      Relocate Start    Relocate End   
[2026-04-03T02:03:23.035+0600][15.517s][info][gc,alloc    ] GC(6) y: Allocation Stalls:          0                0                0                0         
[2026-04-03T02:03:23.035+0600][15.517s][info][gc,load     ] GC(6) y: Load: 2.98 (25%) / 3.67 (31%) / 5.43 (45%)
[2026-04-03T02:03:23.035+0600][15.517s][info][gc,mmu      ] GC(6) y: MMU: 2ms/97.7%, 5ms/99.1%, 10ms/99.4%, 20ms/99.6%, 50ms/99.7%, 100ms/99.8%
[2026-04-03T02:03:23.035+0600][15.517s][info][gc,marking  ] GC(6) y: Mark: 2 stripe(s), 2 proactive flush(es), 1 terminate flush(es), 0 completion(s), 0 continuation(s) 
[2026-04-03T02:03:23.035+0600][15.517s][info][gc,marking  ] GC(6) y: Mark Stack Usage: 32M
[2026-04-03T02:03:23.035+0600][15.517s][info][gc,nmethod  ] GC(6) y: NMethods: 4431 registered, 454 unregistered
[2026-04-03T02:03:23.035+0600][15.517s][info][gc,metaspace] GC(6) y: Metaspace: 60M used, 60M committed, 1088M reserved
[2026-04-03T02:03:23.035+0600][15.517s][info][gc,reloc    ] GC(6) y:                        Candidates     Selected     In-Place         Size        Empty    Relocated 
[2026-04-03T02:03:23.035+0600][15.517s][info][gc,reloc    ] GC(6) y: Small Pages:                  274          250            0         548M           0M          37M 
[2026-04-03T02:03:23.035+0600][15.517s][info][gc,reloc    ] GC(6) y: Medium Pages:                   1            0            0          32M          32M           0M 
[2026-04-03T02:03:23.035+0600][15.517s][info][gc,reloc    ] GC(6) y: Large Pages:                    2            0            0          12M           6M           0M 
[2026-04-03T02:03:23.035+0600][15.517s][info][gc,reloc    ] GC(6) y: Forwarding Usage: 28M
[2026-04-03T02:03:23.035+0600][15.517s][info][gc,reloc    ] GC(6) y: Age Table:
[2026-04-03T02:03:23.035+0600][15.517s][info][gc,reloc    ] GC(6) y:                    Live             Garbage             Small              Medium             Large        
[2026-04-03T02:03:23.035+0600][15.517s][info][gc,reloc    ] GC(6) y: Eden              47M (2%)          544M (27%)        274 / 250            1 / 0              2 / 0        
[2026-04-03T02:03:23.035+0600][15.517s][info][gc,heap     ] GC(6) y: Min Capacity: 8M(0%)
[2026-04-03T02:03:23.035+0600][15.517s][info][gc,heap     ] GC(6) y: Max Capacity: 2000M(100%)
[2026-04-03T02:03:23.035+0600][15.517s][info][gc,heap     ] GC(6) y: Soft Max Capacity: 2000M(100%)
[2026-04-03T02:03:23.035+0600][15.517s][info][gc,heap     ] GC(6) y: Heap Statistics:
[2026-04-03T02:03:23.035+0600][15.517s][info][gc,heap     ] GC(6) y:                Mark Start          Mark End        Relocate Start      Relocate End           High               Low         
[2026-04-03T02:03:23.035+0600][15.517s][info][gc,heap     ] GC(6) y:  Capacity:     1036M (52%)        1036M (52%)        1036M (52%)        1036M (52%)        1036M (52%)        1036M (52%)    
[2026-04-03T02:03:23.035+0600][15.517s][info][gc,heap     ] GC(6) y:      Free:     1346M (67%)        1222M (61%)        1230M (62%)        1662M (83%)        1662M (83%)        1216M (61%)    
[2026-04-03T02:03:23.035+0600][15.517s][info][gc,heap     ] GC(6) y:      Used:      654M (33%)         778M (39%)         770M (38%)         338M (17%)         784M (39%)         338M (17%)    
[2026-04-03T02:03:23.035+0600][15.517s][info][gc,heap     ] GC(6) y: Young Generation Statistics:
[2026-04-03T02:03:23.035+0600][15.517s][info][gc,heap     ] GC(6) y:                Mark Start          Mark End        Relocate Start      Relocate End    
[2026-04-03T02:03:23.035+0600][15.517s][info][gc,heap     ] GC(6) y:      Used:      592M (30%)         716M (36%)         708M (35%)         276M (14%)    
[2026-04-03T02:03:23.035+0600][15.517s][info][gc,heap     ] GC(6) y:      Live:         -                47M (2%)           47M (2%)           47M (2%)     
[2026-04-03T02:03:23.035+0600][15.517s][info][gc,heap     ] GC(6) y:   Garbage:         -               544M (27%)         506M (25%)           0M (0%)     
[2026-04-03T02:03:23.035+0600][15.517s][info][gc,heap     ] GC(6) y: Allocated:         -               124M (6%)          154M (8%)          228M (11%)    
[2026-04-03T02:03:23.035+0600][15.517s][info][gc,heap     ] GC(6) y: Reclaimed:         -                  -                38M (2%)          544M (27%)    
[2026-04-03T02:03:23.035+0600][15.517s][info][gc,heap     ] GC(6) y:  Promoted:         -                  -                 0M (0%)            0M (0%)     
[2026-04-03T02:03:23.035+0600][15.517s][info][gc,heap     ] GC(6) y: Compacted:         -                  -                  -                41M (2%)     
[2026-04-03T02:03:23.035+0600][15.517s][info][gc,phases   ] GC(6) y: Young Generation 654M(33%)->338M(17%) 0.124s
[2026-04-03T02:03:23.035+0600][15.517s][info][gc          ] GC(6) Minor Collection (Allocation Rate) 654M(33%)->338M(17%) 0.125s
[2026-04-03T02:03:24.186+0600][16.669s][info][gc          ] GC(7) Minor Collection (Allocation Rate)
[2026-04-03T02:03:24.186+0600][16.669s][info][gc,task     ] GC(7) Using 2 Workers for Young Generation
[2026-04-03T02:03:24.186+0600][16.669s][info][gc,phases   ] GC(7) y: Young Generation
[2026-04-03T02:03:24.187+0600][16.669s][info][gc,phases   ] GC(7) y: Pause Mark Start 0.022ms
[2026-04-03T02:03:24.392+0600][16.875s][info][gc,phases   ] GC(7) y: Concurrent Mark 204.987ms
[2026-04-03T02:03:24.393+0600][16.875s][info][gc,phases   ] GC(7) y: Pause Mark End 0.028ms
[2026-04-03T02:03:24.393+0600][16.875s][info][gc,phases   ] GC(7) y: Concurrent Mark Free 0.003ms
[2026-04-03T02:03:24.393+0600][16.876s][info][gc,phases   ] GC(7) y: Concurrent Reset Relocation Set 0.049ms
[2026-04-03T02:03:24.398+0600][16.881s][info][gc,reloc    ] GC(7) y: Using tenuring threshold: 2 (Computed)
[2026-04-03T02:03:24.414+0600][16.896s][info][gc,phases   ] GC(7) y: Concurrent Select Relocation Set 20.585ms
[2026-04-03T02:03:24.414+0600][16.896s][info][gc,phases   ] GC(7) y: Pause Relocate Start 0.017ms
[2026-04-03T02:03:24.504+0600][16.986s][info][gc,phases   ] GC(7) y: Concurrent Relocate 89.621ms
[2026-04-03T02:03:24.504+0600][16.986s][info][gc,alloc    ] GC(7) y:                         Mark Start        Mark End      Relocate Start    Relocate End   
[2026-04-03T02:03:24.504+0600][16.986s][info][gc,alloc    ] GC(7) y: Allocation Stalls:          0                0                0                0         
[2026-04-03T02:03:24.504+0600][16.986s][info][gc,load     ] GC(7) y: Load: 2.98 (25%) / 3.67 (31%) / 5.43 (45%)
[2026-04-03T02:03:24.504+0600][16.986s][info][gc,mmu      ] GC(7) y: MMU: 2ms/97.7%, 5ms/99.1%, 10ms/99.4%, 20ms/99.6%, 50ms/99.7%, 100ms/99.8%
[2026-04-03T02:03:24.504+0600][16.986s][info][gc,marking  ] GC(7) y: Mark: 2 stripe(s), 10 proactive flush(es), 1 terminate flush(es), 0 completion(s), 0 continuation(s) 
[2026-04-03T02:03:24.504+0600][16.986s][info][gc,marking  ] GC(7) y: Mark Stack Usage: 32M
[2026-04-03T02:03:24.504+0600][16.986s][info][gc,nmethod  ] GC(7) y: NMethods: 4974 registered, 454 unregistered
[2026-04-03T02:03:24.504+0600][16.986s][info][gc,metaspace] GC(7) y: Metaspace: 62M used, 63M committed, 1088M reserved
[2026-04-03T02:03:24.504+0600][16.986s][info][gc,reloc    ] GC(7) y:                        Candidates     Selected     In-Place         Size        Empty    Relocated 
[2026-04-03T02:03:24.504+0600][16.986s][info][gc,reloc    ] GC(7) y: Small Pages:                  546          417            0        1092M         136M          63M 
[2026-04-03T02:03:24.504+0600][16.986s][info][gc,reloc    ] GC(7) y: Medium Pages:                   1            0            0          32M           0M           0M 
[2026-04-03T02:03:24.504+0600][16.986s][info][gc,reloc    ] GC(7) y: Large Pages:                    4            0            0          28M          22M           0M 
[2026-04-03T02:03:24.504+0600][16.986s][info][gc,reloc    ] GC(7) y: Forwarding Usage: 50M
[2026-04-03T02:03:24.504+0600][16.986s][info][gc,reloc    ] GC(7) y: Age Table:
[2026-04-03T02:03:24.504+0600][16.986s][info][gc,reloc    ] GC(7) y:                    Live             Garbage             Small              Medium             Large        
[2026-04-03T02:03:24.504+0600][16.987s][info][gc,reloc    ] GC(7) y: Eden              77M (4%)         1024M (51%)        524 / 416            1 / 0              3 / 0        
[2026-04-03T02:03:24.504+0600][16.987s][info][gc,reloc    ] GC(7) y: Survivor 1        40M (2%)            9M (0%)          22 / 1              0 / 0              1 / 0        
[2026-04-03T02:03:24.504+0600][16.987s][info][gc,heap     ] GC(7) y: Min Capacity: 8M(0%)
[2026-04-03T02:03:24.504+0600][16.987s][info][gc,heap     ] GC(7) y: Max Capacity: 2000M(100%)
[2026-04-03T02:03:24.504+0600][16.987s][info][gc,heap     ] GC(7) y: Soft Max Capacity: 2000M(100%)
[2026-04-03T02:03:24.504+0600][16.987s][info][gc,heap     ] GC(7) y: Heap Statistics:
[2026-04-03T02:03:24.504+0600][16.987s][info][gc,heap     ] GC(7) y:                Mark Start          Mark End        Relocate Start      Relocate End           High               Low         
[2026-04-03T02:03:24.504+0600][16.987s][info][gc,heap     ] GC(7) y:  Capacity:     1214M (61%)        1420M (71%)        1420M (71%)        1420M (71%)        1420M (71%)        1214M (61%)    
[2026-04-03T02:03:24.504+0600][16.987s][info][gc,heap     ] GC(7) y:      Free:      786M (39%)         580M (29%)         684M (34%)        1284M (64%)        1284M (64%)         580M (29%)    
[2026-04-03T02:03:24.504+0600][16.987s][info][gc,heap     ] GC(7) y:      Used:     1214M (61%)        1420M (71%)        1316M (66%)         716M (36%)        1420M (71%)         716M (36%)    
[2026-04-03T02:03:24.504+0600][16.987s][info][gc,heap     ] GC(7) y: Young Generation Statistics:
[2026-04-03T02:03:24.504+0600][16.987s][info][gc,heap     ] GC(7) y:                Mark Start          Mark End        Relocate Start      Relocate End    
[2026-04-03T02:03:24.504+0600][16.987s][info][gc,heap     ] GC(7) y:      Used:     1152M (58%)        1358M (68%)        1254M (63%)         654M (33%)    
[2026-04-03T02:03:24.504+0600][16.987s][info][gc,heap     ] GC(7) y:      Live:         -               118M (6%)          118M (6%)          118M (6%)     
[2026-04-03T02:03:24.504+0600][16.987s][info][gc,heap     ] GC(7) y:   Garbage:         -              1033M (52%)         875M (44%)          31M (2%)     
[2026-04-03T02:03:24.504+0600][16.987s][info][gc,heap     ] GC(7) y: Allocated:         -               206M (10%)         260M (13%)         504M (25%)    
[2026-04-03T02:03:24.504+0600][16.987s][info][gc,heap     ] GC(7) y: Reclaimed:         -                  -               158M (8%)         1002M (50%)    
[2026-04-03T02:03:24.504+0600][16.987s][info][gc,heap     ] GC(7) y:  Promoted:         -                  -                 0M (0%)            0M (0%)     
[2026-04-03T02:03:24.504+0600][16.987s][info][gc,heap     ] GC(7) y: Compacted:         -                  -                  -                69M (3%)     
[2026-04-03T02:03:24.504+0600][16.987s][info][gc,phases   ] GC(7) y: Young Generation 1214M(61%)->716M(36%) 0.318s
[2026-04-03T02:03:24.504+0600][16.987s][info][gc          ] GC(7) Minor Collection (Allocation Rate) 1214M(61%)->718M(36%) 0.318s
[2026-04-03T02:03:24.504+0600][16.987s][info][gc          ] GC(8) Minor Collection (Allocation Rate)
[2026-04-03T02:03:24.505+0600][16.987s][info][gc,task     ] GC(8) Using 3 Workers for Young Generation
[2026-04-03T02:03:24.505+0600][16.987s][info][gc,phases   ] GC(8) y: Young Generation
[2026-04-03T02:03:24.505+0600][16.987s][info][gc,phases   ] GC(8) y: Pause Mark Start 0.028ms
[2026-04-03T02:03:24.683+0600][17.165s][info][gc,phases   ] GC(8) y: Concurrent Mark 178.001ms
[2026-04-03T02:03:24.683+0600][17.166s][info][gc,phases   ] GC(8) y: Pause Mark End 0.028ms
[2026-04-03T02:03:24.683+0600][17.166s][info][gc,phases   ] GC(8) y: Concurrent Mark Free 0.002ms
[2026-04-03T02:03:24.684+0600][17.166s][info][gc,phases   ] GC(8) y: Concurrent Reset Relocation Set 0.084ms
[2026-04-03T02:03:24.689+0600][17.172s][info][gc,reloc    ] GC(8) y: Using tenuring threshold: 1 (Computed)
[2026-04-03T02:03:24.723+0600][17.205s][info][gc,phases   ] GC(8) y: Concurrent Select Relocation Set 39.183ms
[2026-04-03T02:03:24.723+0600][17.206s][info][gc,phases   ] GC(8) y: Pause Relocate Start 0.021ms
[2026-04-03T02:03:24.792+0600][17.275s][info][gc,phases   ] GC(8) y: Concurrent Relocate 68.911ms
[2026-04-03T02:03:24.792+0600][17.275s][info][gc,alloc    ] GC(8) y:                         Mark Start        Mark End      Relocate Start    Relocate End   
[2026-04-03T02:03:24.792+0600][17.275s][info][gc,alloc    ] GC(8) y: Allocation Stalls:          0                0                0                0         
[2026-04-03T02:03:24.792+0600][17.275s][info][gc,load     ] GC(8) y: Load: 3.14 (26%) / 3.69 (31%) / 5.43 (45%)
[2026-04-03T02:03:24.792+0600][17.275s][info][gc,mmu      ] GC(8) y: MMU: 2ms/97.7%, 5ms/99.1%, 10ms/99.4%, 20ms/99.6%, 50ms/99.7%, 100ms/99.8%
[2026-04-03T02:03:24.792+0600][17.275s][info][gc,marking  ] GC(8) y: Mark: 2 stripe(s), 4 proactive flush(es), 1 terminate flush(es), 0 completion(s), 0 continuation(s) 
[2026-04-03T02:03:24.792+0600][17.275s][info][gc,marking  ] GC(8) y: Mark Stack Usage: 32M
[2026-04-03T02:03:24.792+0600][17.275s][info][gc,nmethod  ] GC(8) y: NMethods: 4986 registered, 454 unregistered
[2026-04-03T02:03:24.792+0600][17.275s][info][gc,metaspace] GC(8) y: Metaspace: 62M used, 63M committed, 1088M reserved
[2026-04-03T02:03:24.792+0600][17.275s][info][gc,reloc    ] GC(8) y:                        Candidates     Selected     In-Place         Size        Empty    Relocated 
[2026-04-03T02:03:24.792+0600][17.275s][info][gc,reloc    ] GC(8) y: Small Pages:                  306          133            0         612M         210M          19M 
[2026-04-03T02:03:24.792+0600][17.275s][info][gc,reloc    ] GC(8) y: Medium Pages:                   1            0            0          32M          32M           0M 
[2026-04-03T02:03:24.792+0600][17.275s][info][gc,reloc    ] GC(8) y: Large Pages:                    2            0            0          12M           0M           0M 
[2026-04-03T02:03:24.792+0600][17.275s][info][gc,reloc    ] GC(8) y: Forwarding Usage: 16M
[2026-04-03T02:03:24.792+0600][17.275s][info][gc,reloc    ] GC(8) y: Age Table:
[2026-04-03T02:03:24.792+0600][17.275s][info][gc,reloc    ] GC(8) y:                    Live             Garbage             Small              Medium             Large        
[2026-04-03T02:03:24.792+0600][17.275s][info][gc,reloc    ] GC(8) y: Eden              26M (1%)          469M (23%)        245 / 128            0 / 0              1 / 0        
[2026-04-03T02:03:24.792+0600][17.275s][info][gc,reloc    ] GC(8) y: Survivor 1        75M (4%)           36M (2%)          37 / 2              1 / 0              1 / 0        
[2026-04-03T02:03:24.792+0600][17.275s][info][gc,reloc    ] GC(8) y: Survivor 2        40M (2%)            7M (0%)          24 / 3              0 / 0              0 / 0        
[2026-04-03T02:03:24.792+0600][17.275s][info][gc,heap     ] GC(8) y: Min Capacity: 8M(0%)
[2026-04-03T02:03:24.792+0600][17.275s][info][gc,heap     ] GC(8) y: Max Capacity: 2000M(100%)
[2026-04-03T02:03:24.792+0600][17.275s][info][gc,heap     ] GC(8) y: Soft Max Capacity: 2000M(100%)
[2026-04-03T02:03:24.792+0600][17.275s][info][gc,heap     ] GC(8) y: Heap Statistics:
[2026-04-03T02:03:24.792+0600][17.275s][info][gc,heap     ] GC(8) y:                Mark Start          Mark End        Relocate Start      Relocate End           High               Low         
[2026-04-03T02:03:24.792+0600][17.275s][info][gc,heap     ] GC(8) y:  Capacity:     1420M (71%)        1420M (71%)        1420M (71%)        1420M (71%)        1420M (71%)        1420M (71%)    
[2026-04-03T02:03:24.792+0600][17.275s][info][gc,heap     ] GC(8) y:      Free:     1282M (64%)         850M (42%)         976M (49%)        1034M (52%)        1282M (64%)         850M (42%)    
[2026-04-03T02:03:24.792+0600][17.275s][info][gc,heap     ] GC(8) y:      Used:      718M (36%)        1150M (57%)        1024M (51%)         966M (48%)        1150M (57%)         718M (36%)    
[2026-04-03T02:03:24.792+0600][17.275s][info][gc,heap     ] GC(8) y: Young Generation Statistics:
[2026-04-03T02:03:24.792+0600][17.275s][info][gc,heap     ] GC(8) y:                Mark Start          Mark End        Relocate Start      Relocate End    
[2026-04-03T02:03:24.792+0600][17.275s][info][gc,heap     ] GC(8) y:      Used:      656M (33%)        1088M (54%)         844M (42%)         776M (39%)    
[2026-04-03T02:03:24.792+0600][17.275s][info][gc,heap     ] GC(8) y:      Live:         -               143M (7%)           26M (1%)           26M (1%)     
[2026-04-03T02:03:24.792+0600][17.275s][info][gc,heap     ] GC(8) y:   Garbage:         -               512M (26%)         269M (13%)           0M (0%)     
[2026-04-03T02:03:24.792+0600][17.275s][info][gc,heap     ] GC(8) y: Allocated:         -               432M (22%)         548M (27%)         749M (37%)    
[2026-04-03T02:03:24.792+0600][17.275s][info][gc,heap     ] GC(8) y: Reclaimed:         -                  -               243M (12%)         512M (26%)    
[2026-04-03T02:03:24.792+0600][17.275s][info][gc,heap     ] GC(8) y:  Promoted:         -                  -               116M (6%)          116M (6%)     
[2026-04-03T02:03:24.792+0600][17.275s][info][gc,heap     ] GC(8) y: Compacted:         -                  -                  -                20M (1%)     
[2026-04-03T02:03:24.793+0600][17.275s][info][gc,phases   ] GC(8) y: Young Generation 718M(36%)->966M(48%) 0.288s
[2026-04-03T02:03:24.793+0600][17.275s][info][gc          ] GC(8) Minor Collection (Allocation Rate) 718M(36%)->968M(48%) 0.288s
[2026-04-03T02:03:24.793+0600][17.275s][info][gc          ] GC(9) Major Collection (Allocation Rate)
[2026-04-03T02:03:24.793+0600][17.275s][info][gc,task     ] GC(9) Using 3 Workers for Young Generation
[2026-04-03T02:03:24.793+0600][17.275s][info][gc,task     ] GC(9) Using 1 Workers for Old Generation
[2026-04-03T02:03:24.793+0600][17.275s][info][gc,phases   ] GC(9) Y: Young Generation
[2026-04-03T02:03:24.793+0600][17.276s][info][gc,phases   ] GC(9) Y: Pause Mark Start (Major) 0.021ms
[2026-04-03T02:03:24.954+0600][17.436s][info][gc,phases   ] GC(9) Y: Concurrent Mark 160.628ms
[2026-04-03T02:03:24.954+0600][17.437s][info][gc,phases   ] GC(9) Y: Pause Mark End 0.022ms
[2026-04-03T02:03:24.954+0600][17.437s][info][gc,phases   ] GC(9) Y: Concurrent Mark Free 0.003ms
[2026-04-03T02:03:24.954+0600][17.437s][info][gc,phases   ] GC(9) Y: Concurrent Reset Relocation Set 0.105ms
[2026-04-03T02:03:24.958+0600][17.440s][info][gc,reloc    ] GC(9) Y: Using tenuring threshold: 2 (Computed)
[2026-04-03T02:03:24.962+0600][17.445s][info][gc,phases   ] GC(9) Y: Concurrent Select Relocation Set 8.004ms
[2026-04-03T02:03:24.963+0600][17.445s][info][gc,phases   ] GC(9) Y: Pause Relocate Start 0.014ms
[2026-04-03T02:03:24.993+0600][17.476s][info][gc,phases   ] GC(9) Y: Concurrent Relocate 30.474ms
[2026-04-03T02:03:24.993+0600][17.476s][info][gc,alloc    ] GC(9) Y:                         Mark Start        Mark End      Relocate Start    Relocate End   
[2026-04-03T02:03:24.993+0600][17.476s][info][gc,alloc    ] GC(9) Y: Allocation Stalls:          0                0                0                0         
[2026-04-03T02:03:24.993+0600][17.476s][info][gc,load     ] GC(9) Y: Load: 3.14 (26%) / 3.69 (31%) / 5.43 (45%)
[2026-04-03T02:03:24.993+0600][17.476s][info][gc,mmu      ] GC(9) Y: MMU: 2ms/97.7%, 5ms/99.1%, 10ms/99.4%, 20ms/99.6%, 50ms/99.7%, 100ms/99.8%
[2026-04-03T02:03:24.993+0600][17.476s][info][gc,marking  ] GC(9) Y: Mark: 2 stripe(s), 10 proactive flush(es), 1 terminate flush(es), 0 completion(s), 0 continuation(s) 
[2026-04-03T02:03:24.993+0600][17.476s][info][gc,marking  ] GC(9) Y: Mark Stack Usage: 32M
[2026-04-03T02:03:24.993+0600][17.476s][info][gc,nmethod  ] GC(9) Y: NMethods: 5022 registered, 454 unregistered
[2026-04-03T02:03:24.993+0600][17.476s][info][gc,metaspace] GC(9) Y: Metaspace: 62M used, 63M committed, 1088M reserved
[2026-04-03T02:03:24.993+0600][17.476s][info][gc,reloc    ] GC(9) Y:                        Candidates     Selected     In-Place         Size        Empty    Relocated 
[2026-04-03T02:03:24.993+0600][17.476s][info][gc,reloc    ] GC(9) Y: Small Pages:                  382          187            0         764M         332M          28M 
[2026-04-03T02:03:24.993+0600][17.476s][info][gc,reloc    ] GC(9) Y: Medium Pages:                   0            0            0           0M           0M           0M 
[2026-04-03T02:03:24.993+0600][17.476s][info][gc,reloc    ] GC(9) Y: Large Pages:                    2            0            0          16M           6M           0M 
[2026-04-03T02:03:24.993+0600][17.476s][info][gc,reloc    ] GC(9) Y: Forwarding Usage: 24M
[2026-04-03T02:03:24.993+0600][17.476s][info][gc,reloc    ] GC(9) Y: Age Table:
[2026-04-03T02:03:24.994+0600][17.476s][info][gc,reloc    ] GC(9) Y:                    Live             Garbage             Small              Medium             Large        
[2026-04-03T02:03:24.994+0600][17.476s][info][gc,reloc    ] GC(9) Y: Eden              41M (2%)          708M (35%)        370 / 186            0 / 0              1 / 0        
[2026-04-03T02:03:24.994+0600][17.476s][info][gc,reloc    ] GC(9) Y: Survivor 1        20M (1%)            9M (0%)          12 / 1              0 / 0              1 / 0        
[2026-04-03T02:03:24.994+0600][17.476s][info][gc,heap     ] GC(9) Y: Min Capacity: 8M(0%)
[2026-04-03T02:03:24.994+0600][17.476s][info][gc,heap     ] GC(9) Y: Max Capacity: 2000M(100%)
[2026-04-03T02:03:24.994+0600][17.476s][info][gc,heap     ] GC(9) Y: Soft Max Capacity: 2000M(100%)
[2026-04-03T02:03:24.994+0600][17.476s][info][gc,heap     ] GC(9) Y: Heap Statistics:
[2026-04-03T02:03:24.994+0600][17.476s][info][gc,heap     ] GC(9) Y:                Mark Start          Mark End        Relocate Start      Relocate End           High               Low         
[2026-04-03T02:03:24.994+0600][17.476s][info][gc,heap     ] GC(9) Y:  Capacity:     1420M (71%)        1420M (71%)        1420M (71%)        1420M (71%)        1420M (71%)        1420M (71%)    
[2026-04-03T02:03:24.994+0600][17.476s][info][gc,heap     ] GC(9) Y:      Free:     1030M (52%)         872M (44%)        1196M (60%)        1520M (76%)        1520M (76%)         872M (44%)    
[2026-04-03T02:03:24.994+0600][17.476s][info][gc,heap     ] GC(9) Y:      Used:      970M (48%)        1128M (56%)         804M (40%)         480M (24%)        1128M (56%)         480M (24%)    
[2026-04-03T02:03:24.994+0600][17.476s][info][gc,heap     ] GC(9) Y: Young Generation Statistics:
[2026-04-03T02:03:24.994+0600][17.476s][info][gc,heap     ] GC(9) Y:                Mark Start          Mark End        Relocate Start      Relocate End    
[2026-04-03T02:03:24.994+0600][17.476s][info][gc,heap     ] GC(9) Y:      Used:      780M (39%)         938M (47%)         614M (31%)         290M (14%)    
[2026-04-03T02:03:24.994+0600][17.476s][info][gc,heap     ] GC(9) Y:      Live:         -                61M (3%)           61M (3%)           61M (3%)     
[2026-04-03T02:03:24.994+0600][17.476s][info][gc,heap     ] GC(9) Y:   Garbage:         -               718M (36%)         380M (19%)           1M (0%)     
[2026-04-03T02:03:24.994+0600][17.476s][info][gc,heap     ] GC(9) Y: Allocated:         -               158M (8%)          172M (9%)          226M (11%)    
[2026-04-03T02:03:24.994+0600][17.476s][info][gc,heap     ] GC(9) Y: Reclaimed:         -                  -               338M (17%)         716M (36%)    
[2026-04-03T02:03:24.994+0600][17.476s][info][gc,heap     ] GC(9) Y:  Promoted:         -                  -                 0M (0%)            0M (0%)     
[2026-04-03T02:03:24.994+0600][17.476s][info][gc,heap     ] GC(9) Y: Compacted:         -                  -                  -                31M (2%)     
[2026-04-03T02:03:24.994+0600][17.476s][info][gc,phases   ] GC(9) Y: Young Generation 970M(48%)->480M(24%) 0.200s
[2026-04-03T02:03:24.994+0600][17.476s][info][gc,phases   ] GC(9) O: Old Generation
[2026-04-03T02:03:24.996+0600][17.478s][info][gc          ] GC(10) Minor Collection (Allocation Rate)
[2026-04-03T02:03:24.996+0600][17.478s][info][gc,task     ] GC(10) Using 2 Workers for Young Generation
[2026-04-03T02:03:24.996+0600][17.478s][info][gc,phases   ] GC(10) y: Young Generation
[2026-04-03T02:03:24.996+0600][17.478s][info][gc,phases   ] GC(10) y: Pause Mark Start 0.034ms
[2026-04-03T02:03:25.117+0600][17.600s][info][gc,phases   ] GC(10) y: Concurrent Mark 121.394ms
[2026-04-03T02:03:25.118+0600][17.600s][info][gc,phases   ] GC(10) y: Pause Mark End 0.026ms
[2026-04-03T02:03:25.118+0600][17.600s][info][gc,phases   ] GC(10) y: Concurrent Mark Free 0.003ms
[2026-04-03T02:03:25.118+0600][17.600s][info][gc,phases   ] GC(10) y: Concurrent Reset Relocation Set 0.023ms
[2026-04-03T02:03:25.120+0600][17.602s][info][gc,reloc    ] GC(10) y: Using tenuring threshold: 1 (Computed)
[2026-04-03T02:03:25.151+0600][17.633s][info][gc,phases   ] GC(10) y: Concurrent Select Relocation Set 33.068ms
[2026-04-03T02:03:25.151+0600][17.634s][info][gc,phases   ] GC(10) y: Pause Relocate Start 0.021ms
[2026-04-03T02:03:25.205+0600][17.687s][info][gc,phases   ] GC(10) y: Concurrent Relocate 53.359ms
[2026-04-03T02:03:25.205+0600][17.687s][info][gc,alloc    ] GC(10) y:                         Mark Start        Mark End      Relocate Start    Relocate End   
[2026-04-03T02:03:25.205+0600][17.687s][info][gc,alloc    ] GC(10) y: Allocation Stalls:          0                0                0                0         
[2026-04-03T02:03:25.205+0600][17.687s][info][gc,load     ] GC(10) y: Load: 3.14 (26%) / 3.69 (31%) / 5.43 (45%)
[2026-04-03T02:03:25.205+0600][17.687s][info][gc,mmu      ] GC(10) y: MMU: 2ms/97.7%, 5ms/99.1%, 10ms/99.4%, 20ms/99.6%, 50ms/99.7%, 100ms/99.8%
[2026-04-03T02:03:25.205+0600][17.687s][info][gc,marking  ] GC(10) y: Mark: 2 stripe(s), 3 proactive flush(es), 1 terminate flush(es), 0 completion(s), 0 continuation(s) 
[2026-04-03T02:03:25.205+0600][17.687s][info][gc,marking  ] GC(10) y: Mark Stack Usage: 32M
[2026-04-03T02:03:25.205+0600][17.687s][info][gc,nmethod  ] GC(10) y: NMethods: 5061 registered, 454 unregistered
[2026-04-03T02:03:25.205+0600][17.687s][info][gc,metaspace] GC(10) y: Metaspace: 62M used, 63M committed, 1088M reserved
[2026-04-03T02:03:25.205+0600][17.687s][info][gc,reloc    ] GC(10) y:                        Candidates     Selected     In-Place         Size        Empty    Relocated 
[2026-04-03T02:03:25.205+0600][17.687s][info][gc,reloc    ] GC(10) y: Small Pages:                  139           32            0         278M         156M           3M 
[2026-04-03T02:03:25.205+0600][17.687s][info][gc,reloc    ] GC(10) y: Medium Pages:                   0            0            0           0M           0M           0M 
[2026-04-03T02:03:25.205+0600][17.687s][info][gc,reloc    ] GC(10) y: Large Pages:                    2            0            0          16M           0M           0M 
[2026-04-03T02:03:25.205+0600][17.687s][info][gc,reloc    ] GC(10) y: Forwarding Usage: 2M
[2026-04-03T02:03:25.205+0600][17.687s][info][gc,reloc    ] GC(10) y: Age Table:
[2026-04-03T02:03:25.205+0600][17.687s][info][gc,reloc    ] GC(10) y:                    Live             Garbage             Small              Medium             Large        
[2026-04-03T02:03:25.205+0600][17.687s][info][gc,reloc    ] GC(10) y: Eden               8M (0%)          217M (11%)        110 / 30             0 / 0              1 / 0        
[2026-04-03T02:03:25.205+0600][17.688s][info][gc,reloc    ] GC(10) y: Survivor 1        41M (2%)            2M (0%)          17 / 1              0 / 0              1 / 0        
[2026-04-03T02:03:25.205+0600][17.688s][info][gc,reloc    ] GC(10) y: Survivor 2        20M (1%)            3M (0%)          12 / 1              0 / 0              0 / 0        
[2026-04-03T02:03:25.205+0600][17.688s][info][gc,heap     ] GC(10) y: Min Capacity: 8M(0%)
[2026-04-03T02:03:25.205+0600][17.688s][info][gc,heap     ] GC(10) y: Max Capacity: 2000M(100%)
[2026-04-03T02:03:25.205+0600][17.688s][info][gc,heap     ] GC(10) y: Soft Max Capacity: 2000M(100%)
[2026-04-03T02:03:25.205+0600][17.688s][info][gc,heap     ] GC(10) y: Heap Statistics:
[2026-04-03T02:03:25.205+0600][17.688s][info][gc,heap     ] GC(10) y:                Mark Start          Mark End        Relocate Start      Relocate End           High               Low         
[2026-04-03T02:03:25.205+0600][17.688s][info][gc,heap     ] GC(10) y:  Capacity:     1420M (71%)        1420M (71%)        1420M (71%)        1420M (71%)        1420M (71%)        1420M (71%)    
[2026-04-03T02:03:25.205+0600][17.688s][info][gc,heap     ] GC(10) y:      Free:     1516M (76%)        1296M (65%)        1388M (69%)        1388M (69%)        1516M (76%)        1296M (65%)    
[2026-04-03T02:03:25.205+0600][17.688s][info][gc,heap     ] GC(10) y:      Used:      484M (24%)         704M (35%)         612M (31%)         612M (31%)         704M (35%)         484M (24%)    
[2026-04-03T02:03:25.205+0600][17.688s][info][gc,heap     ] GC(10) y: Young Generation Statistics:
[2026-04-03T02:03:25.205+0600][17.688s][info][gc,heap     ] GC(10) y:                Mark Start          Mark End        Relocate Start      Relocate End    
[2026-04-03T02:03:25.205+0600][17.688s][info][gc,heap     ] GC(10) y:      Used:      294M (15%)         514M (26%)         358M (18%)         356M (18%)    
[2026-04-03T02:03:25.205+0600][17.688s][info][gc,heap     ] GC(10) y:      Live:         -                70M (4%)            9M (0%)            8M (0%)     
[2026-04-03T02:03:25.205+0600][17.688s][info][gc,heap     ] GC(10) y:   Garbage:         -               223M (11%)          64M (3%)            0M (0%)     
[2026-04-03T02:03:25.205+0600][17.688s][info][gc,heap     ] GC(10) y: Allocated:         -               220M (11%)         284M (14%)         347M (17%)    
[2026-04-03T02:03:25.205+0600][17.688s][info][gc,heap     ] GC(10) y: Reclaimed:         -                  -               158M (8%)          223M (11%)    
[2026-04-03T02:03:25.205+0600][17.688s][info][gc,heap     ] GC(10) y:  Promoted:         -                  -                61M (3%)           61M (3%)     
[2026-04-03T02:03:25.205+0600][17.688s][info][gc,heap     ] GC(10) y: Compacted:         -                  -                  -                 2M (0%)     
[2026-04-03T02:03:25.205+0600][17.688s][info][gc,phases   ] GC(10) y: Young Generation 484M(24%)->612M(31%) 0.209s
[2026-04-03T02:03:25.205+0600][17.688s][info][gc          ] GC(10) Minor Collection (Allocation Rate) 484M(24%)->612M(31%) 0.210s
[2026-04-03T02:03:25.205+0600][17.688s][info][gc          ] GC(11) Minor Collection (Allocation Rate)
[2026-04-03T02:03:25.205+0600][17.688s][info][gc,task     ] GC(11) Using 2 Workers for Young Generation
[2026-04-03T02:03:25.205+0600][17.688s][info][gc,phases   ] GC(11) y: Young Generation
[2026-04-03T02:03:25.206+0600][17.688s][info][gc,phases   ] GC(11) y: Pause Mark Start 0.020ms
[2026-04-03T02:03:25.238+0600][17.720s][info][gc,phases   ] GC(11) y: Concurrent Mark 31.859ms
[2026-04-03T02:03:25.238+0600][17.720s][info][gc,phases   ] GC(11) y: Pause Mark End 0.021ms
[2026-04-03T02:03:25.238+0600][17.720s][info][gc,phases   ] GC(11) y: Concurrent Mark Free 0.001ms
[2026-04-03T02:03:25.238+0600][17.720s][info][gc,phases   ] GC(11) y: Concurrent Reset Relocation Set 0.048ms
[2026-04-03T02:03:25.242+0600][17.725s][info][gc,reloc    ] GC(11) y: Using tenuring threshold: 1 (Computed)
[2026-04-03T02:03:25.249+0600][17.731s][info][gc,phases   ] GC(11) y: Concurrent Select Relocation Set 10.601ms
[2026-04-03T02:03:25.249+0600][17.731s][info][gc,phases   ] GC(11) y: Pause Relocate Start 0.019ms
[2026-04-03T02:03:25.272+0600][17.754s][info][gc,phases   ] GC(11) y: Concurrent Relocate 22.913ms
[2026-04-03T02:03:25.272+0600][17.754s][info][gc,alloc    ] GC(11) y:                         Mark Start        Mark End      Relocate Start    Relocate End   
[2026-04-03T02:03:25.272+0600][17.755s][info][gc,alloc    ] GC(11) y: Allocation Stalls:          0                0                0                0         
[2026-04-03T02:03:25.272+0600][17.755s][info][gc,load     ] GC(11) y: Load: 3.14 (26%) / 3.69 (31%) / 5.43 (45%)
[2026-04-03T02:03:25.272+0600][17.755s][info][gc,mmu      ] GC(11) y: MMU: 2ms/97.7%, 5ms/99.1%, 10ms/99.4%, 20ms/99.6%, 50ms/99.7%, 100ms/99.8%
[2026-04-03T02:03:25.272+0600][17.755s][info][gc,marking  ] GC(11) y: Mark: 2 stripe(s), 4 proactive flush(es), 1 terminate flush(es), 0 completion(s), 0 continuation(s) 
[2026-04-03T02:03:25.272+0600][17.755s][info][gc,marking  ] GC(11) y: Mark Stack Usage: 32M
[2026-04-03T02:03:25.272+0600][17.755s][info][gc,nmethod  ] GC(11) y: NMethods: 5061 registered, 454 unregistered
[2026-04-03T02:03:25.272+0600][17.755s][info][gc,metaspace] GC(11) y: Metaspace: 62M used, 63M committed, 1088M reserved
[2026-04-03T02:03:25.272+0600][17.755s][info][gc,reloc    ] GC(11) y:                        Candidates     Selected     In-Place         Size        Empty    Relocated 
[2026-04-03T02:03:25.272+0600][17.755s][info][gc,reloc    ] GC(11) y: Small Pages:                  160           14            0         320M         288M           1M 
[2026-04-03T02:03:25.272+0600][17.755s][info][gc,reloc    ] GC(11) y: Medium Pages:                   1            0            0          32M          32M           0M 
[2026-04-03T02:03:25.272+0600][17.755s][info][gc,reloc    ] GC(11) y: Large Pages:                    1            0            0           6M           0M           0M 
[2026-04-03T02:03:25.272+0600][17.755s][info][gc,reloc    ] GC(11) y: Forwarding Usage: 1M
[2026-04-03T02:03:25.272+0600][17.755s][info][gc,reloc    ] GC(11) y: Age Table:
[2026-04-03T02:03:25.272+0600][17.755s][info][gc,reloc    ] GC(11) y:                    Live             Garbage             Small              Medium             Large        
[2026-04-03T02:03:25.272+0600][17.755s][info][gc,reloc    ] GC(11) y: Eden               0M (0%)          345M (17%)        157 / 12             1 / 0              0 / 0        
[2026-04-03T02:03:25.272+0600][17.755s][info][gc,reloc    ] GC(11) y: Survivor 1         8M (0%)            3M (0%)           3 / 2              0 / 0              1 / 0        
[2026-04-03T02:03:25.272+0600][17.755s][info][gc,heap     ] GC(11) y: Min Capacity: 8M(0%)
[2026-04-03T02:03:25.272+0600][17.755s][info][gc,heap     ] GC(11) y: Max Capacity: 2000M(100%)
[2026-04-03T02:03:25.272+0600][17.755s][info][gc,heap     ] GC(11) y: Soft Max Capacity: 2000M(100%)
[2026-04-03T02:03:25.272+0600][17.755s][info][gc,heap     ] GC(11) y: Heap Statistics:
[2026-04-03T02:03:25.272+0600][17.755s][info][gc,heap     ] GC(11) y:                Mark Start          Mark End        Relocate Start      Relocate End           High               Low         
[2026-04-03T02:03:25.272+0600][17.755s][info][gc,heap     ] GC(11) y:  Capacity:     1420M (71%)        1420M (71%)        1420M (71%)        1420M (71%)        1420M (71%)        1420M (71%)    
[2026-04-03T02:03:25.272+0600][17.755s][info][gc,heap     ] GC(11) y:      Free:     1386M (69%)        1346M (67%)        1650M (82%)        1644M (82%)        1670M (84%)        1346M (67%)    
[2026-04-03T02:03:25.272+0600][17.755s][info][gc,heap     ] GC(11) y:      Used:      614M (31%)         654M (33%)         350M (18%)         356M (18%)         654M (33%)         330M (16%)    
[2026-04-03T02:03:25.272+0600][17.755s][info][gc,heap     ] GC(11) y: Young Generation Statistics:
[2026-04-03T02:03:25.272+0600][17.755s][info][gc,heap     ] GC(11) y:                Mark Start          Mark End        Relocate Start      Relocate End    
[2026-04-03T02:03:25.272+0600][17.755s][info][gc,heap     ] GC(11) y:      Used:      358M (18%)         398M (20%)          86M (4%)           88M (4%)     
[2026-04-03T02:03:25.272+0600][17.755s][info][gc,heap     ] GC(11) y:      Live:         -                 8M (0%)            1M (0%)            0M (0%)     
[2026-04-03T02:03:25.272+0600][17.755s][info][gc,heap     ] GC(11) y:   Garbage:         -               349M (17%)          28M (1%)            0M (0%)     
[2026-04-03T02:03:25.272+0600][17.755s][info][gc,heap     ] GC(11) y: Allocated:         -                40M (2%)           56M (3%)           87M (4%)     
[2026-04-03T02:03:25.272+0600][17.755s][info][gc,heap     ] GC(11) y: Reclaimed:         -                  -               320M (16%)         349M (17%)    
[2026-04-03T02:03:25.272+0600][17.755s][info][gc,heap     ] GC(11) y:  Promoted:         -                  -                 7M (0%)            8M (0%)     
[2026-04-03T02:03:25.272+0600][17.755s][info][gc,heap     ] GC(11) y: Compacted:         -                  -                  -                 0M (0%)     
[2026-04-03T02:03:25.272+0600][17.755s][info][gc,phases   ] GC(11) y: Young Generation 614M(31%)->356M(18%) 0.067s
[2026-04-03T02:03:25.272+0600][17.755s][info][gc          ] GC(11) Minor Collection (Allocation Rate) 614M(31%)->356M(18%) 0.067s
[2026-04-03T02:03:25.288+0600][17.771s][info][gc          ] GC(12) Minor Collection (Allocation Rate)
[2026-04-03T02:03:25.288+0600][17.771s][info][gc,task     ] GC(12) Using 2 Workers for Young Generation
[2026-04-03T02:03:25.288+0600][17.771s][info][gc,phases   ] GC(12) y: Young Generation
[2026-04-03T02:03:25.289+0600][17.771s][info][gc,phases   ] GC(12) y: Pause Mark Start 0.021ms
[2026-04-03T02:03:25.299+0600][17.782s][info][gc,phases   ] GC(12) y: Concurrent Mark 10.656ms
[2026-04-03T02:03:25.300+0600][17.782s][info][gc,phases   ] GC(12) y: Pause Mark End 0.027ms
[2026-04-03T02:03:25.300+0600][17.782s][info][gc,phases   ] GC(12) y: Concurrent Mark Free 0.001ms
[2026-04-03T02:03:25.300+0600][17.782s][info][gc,phases   ] GC(12) y: Concurrent Reset Relocation Set 0.008ms
[2026-04-03T02:03:25.303+0600][17.785s][info][gc,reloc    ] GC(12) y: Using tenuring threshold: 1 (Computed)
[2026-04-03T02:03:25.304+0600][17.786s][info][gc,phases   ] GC(12) y: Concurrent Select Relocation Set 3.838ms
[2026-04-03T02:03:25.304+0600][17.786s][info][gc,phases   ] GC(12) y: Pause Relocate Start 0.022ms
[2026-04-03T02:03:25.305+0600][17.787s][info][gc,phases   ] GC(12) y: Concurrent Relocate 0.593ms
[2026-04-03T02:03:25.305+0600][17.787s][info][gc,alloc    ] GC(12) y:                         Mark Start        Mark End      Relocate Start    Relocate End   
[2026-04-03T02:03:25.305+0600][17.787s][info][gc,alloc    ] GC(12) y: Allocation Stalls:          0                0                0                0         
[2026-04-03T02:03:25.305+0600][17.787s][info][gc,load     ] GC(12) y: Load: 3.14 (26%) / 3.69 (31%) / 5.43 (45%)
[2026-04-03T02:03:25.305+0600][17.787s][info][gc,mmu      ] GC(12) y: MMU: 2ms/97.7%, 5ms/99.0%, 10ms/99.4%, 20ms/99.6%, 50ms/99.7%, 100ms/99.8%
[2026-04-03T02:03:25.305+0600][17.787s][info][gc,marking  ] GC(12) y: Mark: 2 stripe(s), 2 proactive flush(es), 1 terminate flush(es), 0 completion(s), 0 continuation(s) 
[2026-04-03T02:03:25.305+0600][17.787s][info][gc,marking  ] GC(12) y: Mark Stack Usage: 32M
[2026-04-03T02:03:25.305+0600][17.787s][info][gc,nmethod  ] GC(12) y: NMethods: 5061 registered, 454 unregistered
[2026-04-03T02:03:25.305+0600][17.787s][info][gc,metaspace] GC(12) y: Metaspace: 62M used, 63M committed, 1088M reserved
[2026-04-03T02:03:25.305+0600][17.787s][info][gc,reloc    ] GC(12) y:                        Candidates     Selected     In-Place         Size        Empty    Relocated 
[2026-04-03T02:03:25.305+0600][17.787s][info][gc,reloc    ] GC(12) y: Small Pages:                   54            6            0         108M          94M           0M 
[2026-04-03T02:03:25.305+0600][17.787s][info][gc,reloc    ] GC(12) y: Medium Pages:                   0            0            0           0M           0M           0M 
[2026-04-03T02:03:25.305+0600][17.787s][info][gc,reloc    ] GC(12) y: Large Pages:                    0            0            0           0M           0M           0M 
[2026-04-03T02:03:25.305+0600][17.787s][info][gc,reloc    ] GC(12) y: Forwarding Usage: 0M
[2026-04-03T02:03:25.305+0600][17.787s][info][gc,reloc    ] GC(12) y: Age Table:
[2026-04-03T02:03:25.305+0600][17.787s][info][gc,reloc    ] GC(12) y:                    Live             Garbage             Small              Medium             Large        
[2026-04-03T02:03:25.305+0600][17.787s][info][gc,reloc    ] GC(12) y: Eden               0M (0%)          103M (5%)          52 / 4              0 / 0              0 / 0        
[2026-04-03T02:03:25.305+0600][17.787s][info][gc,reloc    ] GC(12) y: Survivor 1         0M (0%)            3M (0%)           2 / 2              0 / 0              0 / 0        
[2026-04-03T02:03:25.305+0600][17.787s][info][gc,heap     ] GC(12) y: Min Capacity: 8M(0%)
[2026-04-03T02:03:25.305+0600][17.787s][info][gc,heap     ] GC(12) y: Max Capacity: 2000M(100%)
[2026-04-03T02:03:25.305+0600][17.787s][info][gc,heap     ] GC(12) y: Soft Max Capacity: 2000M(100%)
[2026-04-03T02:03:25.305+0600][17.787s][info][gc,heap     ] GC(12) y: Heap Statistics:
[2026-04-03T02:03:25.305+0600][17.787s][info][gc,heap     ] GC(12) y:                Mark Start          Mark End        Relocate Start      Relocate End           High               Low         
[2026-04-03T02:03:25.305+0600][17.787s][info][gc,heap     ] GC(12) y:  Capacity:     1420M (71%)        1420M (71%)        1420M (71%)        1420M (71%)        1420M (71%)        1420M (71%)    
[2026-04-03T02:03:25.305+0600][17.787s][info][gc,heap     ] GC(12) y:      Free:     1624M (81%)        1610M (80%)        1700M (85%)        1708M (85%)        1708M (85%)        1608M (80%)    
[2026-04-03T02:03:25.305+0600][17.787s][info][gc,heap     ] GC(12) y:      Used:      376M (19%)         390M (20%)         300M (15%)         292M (15%)         392M (20%)         292M (15%)    
[2026-04-03T02:03:25.305+0600][17.787s][info][gc,heap     ] GC(12) y: Young Generation Statistics:
[2026-04-03T02:03:25.305+0600][17.787s][info][gc,heap     ] GC(12) y:                Mark Start          Mark End        Relocate Start      Relocate End    
[2026-04-03T02:03:25.305+0600][17.787s][info][gc,heap     ] GC(12) y:      Used:      108M (5%)          122M (6%)           32M (2%)           20M (1%)     
[2026-04-03T02:03:25.305+0600][17.787s][info][gc,heap     ] GC(12) y:      Live:         -                 0M (0%)            0M (0%)            0M (0%)     
[2026-04-03T02:03:25.305+0600][17.787s][info][gc,heap     ] GC(12) y:   Garbage:         -               107M (5%)           13M (1%)            0M (0%)     
[2026-04-03T02:03:25.305+0600][17.787s][info][gc,heap     ] GC(12) y: Allocated:         -                14M (1%)           18M (1%)           19M (1%)     
[2026-04-03T02:03:25.305+0600][17.787s][info][gc,heap     ] GC(12) y: Reclaimed:         -                  -                94M (5%)          107M (5%)     
[2026-04-03T02:03:25.305+0600][17.787s][info][gc,heap     ] GC(12) y:  Promoted:         -                  -                 0M (0%)            0M (0%)     
[2026-04-03T02:03:25.305+0600][17.787s][info][gc,heap     ] GC(12) y: Compacted:         -                  -                  -                 0M (0%)     
[2026-04-03T02:03:25.305+0600][17.787s][info][gc,phases   ] GC(12) y: Young Generation 376M(19%)->292M(15%) 0.016s
[2026-04-03T02:03:25.305+0600][17.788s][info][gc          ] GC(12) Minor Collection (Allocation Rate) 376M(19%)->294M(15%) 0.017s
[2026-04-03T02:03:25.313+0600][17.795s][info][gc,phases   ] GC(9) O: Concurrent Mark 319.131ms
[2026-04-03T02:03:25.313+0600][17.796s][info][gc,phases   ] GC(9) O: Pause Mark End 0.026ms
[2026-04-03T02:03:25.313+0600][17.796s][info][gc,phases   ] GC(9) O: Concurrent Mark Free 0.001ms
[2026-04-03T02:03:25.343+0600][17.825s][info][gc,phases   ] GC(9) O: Concurrent Process Non-Strong 29.382ms
[2026-04-03T02:03:25.343+0600][17.825s][info][gc,phases   ] GC(9) O: Concurrent Reset Relocation Set 0.004ms
[2026-04-03T02:03:25.348+0600][17.831s][info][gc,phases   ] GC(9) O: Concurrent Select Relocation Set 5.321ms
[2026-04-03T02:03:25.348+0600][17.831s][info][gc,task     ] GC(9) O: Using 3 Workers for Old Generation
[2026-04-03T02:03:25.370+0600][17.852s][info][gc,task     ] GC(9) O: Using 1 Workers for Old Generation
[2026-04-03T02:03:25.370+0600][17.852s][info][gc,phases   ] GC(9) O: Concurrent Remap Roots 21.830ms
[2026-04-03T02:03:25.370+0600][17.853s][info][gc,phases   ] GC(9) O: Pause Relocate Start 0.028ms
[2026-04-03T02:03:25.379+0600][17.861s][info][gc,phases   ] GC(9) O: Concurrent Relocate 8.241ms
[2026-04-03T02:03:25.379+0600][17.861s][info][gc,alloc    ] GC(9) O:                         Mark Start        Mark End      Relocate Start    Relocate End   
[2026-04-03T02:03:25.379+0600][17.861s][info][gc,alloc    ] GC(9) O: Allocation Stalls:          0                0                0                0         
[2026-04-03T02:03:25.379+0600][17.861s][info][gc,load     ] GC(9) O: Load: 3.14 (26%) / 3.69 (31%) / 5.43 (45%)
[2026-04-03T02:03:25.379+0600][17.861s][info][gc,mmu      ] GC(9) O: MMU: 2ms/97.7%, 5ms/99.0%, 10ms/99.4%, 20ms/99.6%, 50ms/99.7%, 100ms/99.8%
[2026-04-03T02:03:25.379+0600][17.861s][info][gc,marking  ] GC(9) O: Mark: 1 stripe(s), 2 proactive flush(es), 1 terminate flush(es), 0 completion(s), 0 continuation(s) 
[2026-04-03T02:03:25.379+0600][17.861s][info][gc,marking  ] GC(9) O: Mark Stack Usage: 32M
[2026-04-03T02:03:25.379+0600][17.861s][info][gc,nmethod  ] GC(9) O: NMethods: 4599 registered, 924 unregistered
[2026-04-03T02:03:25.379+0600][17.861s][info][gc,metaspace] GC(9) O: Metaspace: 62M used, 63M committed, 1088M reserved
[2026-04-03T02:03:25.379+0600][17.861s][info][gc,ref      ] GC(9) O:                       Encountered   Discovered     Enqueued 
[2026-04-03T02:03:25.379+0600][17.861s][info][gc,ref      ] GC(9) O: Soft References:             4745            0            0 
[2026-04-03T02:03:25.379+0600][17.861s][info][gc,ref      ] GC(9) O: Weak References:             6573         5213          908 
[2026-04-03T02:03:25.379+0600][17.861s][info][gc,ref      ] GC(9) O: Final References:              82            0            0 
[2026-04-03T02:03:25.379+0600][17.861s][info][gc,ref      ] GC(9) O: Phantom References:           593          562            0 
[2026-04-03T02:03:25.379+0600][17.861s][info][gc,reloc    ] GC(9) O:                        Candidates     Selected     In-Place         Size        Empty    Relocated 
[2026-04-03T02:03:25.379+0600][17.861s][info][gc,reloc    ] GC(9) O: Small Pages:                   76            6            0         152M           0M           1M 
[2026-04-03T02:03:25.379+0600][17.861s][info][gc,reloc    ] GC(9) O: Medium Pages:                   1            0            0          32M           0M           0M 
[2026-04-03T02:03:25.379+0600][17.861s][info][gc,reloc    ] GC(9) O: Large Pages:                    1            0            0           6M           0M           0M 
[2026-04-03T02:03:25.379+0600][17.861s][info][gc,reloc    ] GC(9) O: Forwarding Usage: 1M
[2026-04-03T02:03:25.379+0600][17.861s][info][gc,heap     ] GC(9) O: Min Capacity: 8M(0%)
[2026-04-03T02:03:25.379+0600][17.861s][info][gc,heap     ] GC(9) O: Max Capacity: 2000M(100%)
[2026-04-03T02:03:25.379+0600][17.861s][info][gc,heap     ] GC(9) O: Soft Max Capacity: 2000M(100%)
[2026-04-03T02:03:25.379+0600][17.861s][info][gc,heap     ] GC(9) O: Heap Statistics:
[2026-04-03T02:03:25.379+0600][17.861s][info][gc,heap     ] GC(9) O:                Mark Start          Mark End        Relocate Start      Relocate End           High               Low         
[2026-04-03T02:03:25.379+0600][17.861s][info][gc,heap     ] GC(9) O:  Capacity:     1420M (71%)        1420M (71%)        1420M (71%)        1420M (71%)        1420M (71%)        1420M (71%)    
[2026-04-03T02:03:25.379+0600][17.861s][info][gc,heap     ] GC(9) O:      Free:     1030M (52%)        1698M (85%)        1628M (81%)        1628M (81%)        1708M (85%)         872M (44%)    
[2026-04-03T02:03:25.379+0600][17.861s][info][gc,heap     ] GC(9) O:      Used:      970M (48%)         302M (15%)         372M (19%)         372M (19%)        1128M (56%)         292M (15%)    
[2026-04-03T02:03:25.379+0600][17.861s][info][gc,heap     ] GC(9) O: Old Generation Statistics:
[2026-04-03T02:03:25.379+0600][17.861s][info][gc,heap     ] GC(9) O:                Mark Start          Mark End        Relocate Start      Relocate End    
[2026-04-03T02:03:25.379+0600][17.861s][info][gc,heap     ] GC(9) O:      Used:      190M (10%)         272M (14%)         272M (14%)         264M (13%)    
[2026-04-03T02:03:25.379+0600][17.861s][info][gc,heap     ] GC(9) O:      Live:         -               147M (7%)          147M (7%)          147M (7%)     
[2026-04-03T02:03:25.379+0600][17.861s][info][gc,heap     ] GC(9) O:   Garbage:         -                42M (2%)           42M (2%)           29M (1%)     
[2026-04-03T02:03:25.379+0600][17.861s][info][gc,heap     ] GC(9) O: Allocated:         -                82M (4%)           82M (4%)           86M (4%)     
[2026-04-03T02:03:25.379+0600][17.862s][info][gc,heap     ] GC(9) O: Reclaimed:         -                  -                 0M (0%)           12M (1%)     
[2026-04-03T02:03:25.379+0600][17.862s][info][gc,heap     ] GC(9) O: Compacted:         -                  -                  -                 3M (0%)     
[2026-04-03T02:03:25.379+0600][17.862s][info][gc,phases   ] GC(9) O: Old Generation 480M(24%)->372M(19%) 0.385s
[2026-04-03T02:03:25.379+0600][17.862s][info][gc          ] GC(9) Major Collection (Allocation Rate) 970M(48%)->372M(19%) 0.586s
[2026-04-03T02:03:25.848+0600][18.331s][info][gc          ] GC(13) Major Collection (System.gc())
[2026-04-03T02:03:25.849+0600][18.331s][info][gc,task     ] GC(13) Using 3 Workers for Young Generation
[2026-04-03T02:03:25.849+0600][18.331s][info][gc,task     ] GC(13) Using 3 Workers for Old Generation
[2026-04-03T02:03:25.849+0600][18.331s][info][gc,phases   ] GC(13) Y: Young Generation (Promote All)
[2026-04-03T02:03:25.849+0600][18.331s][info][gc,phases   ] GC(13) Y: Pause Mark Start 0.019ms
[2026-04-03T02:03:25.857+0600][18.339s][info][gc,phases   ] GC(13) Y: Concurrent Mark 8.151ms
[2026-04-03T02:03:25.857+0600][18.340s][info][gc,phases   ] GC(13) Y: Pause Mark End 0.023ms
[2026-04-03T02:03:25.857+0600][18.340s][info][gc,phases   ] GC(13) Y: Concurrent Mark Free 0.001ms
[2026-04-03T02:03:25.857+0600][18.340s][info][gc,phases   ] GC(13) Y: Concurrent Reset Relocation Set 0.002ms
[2026-04-03T02:03:25.862+0600][18.345s][info][gc,reloc    ] GC(13) Y: Using tenuring threshold: 0 (Promote All)
[2026-04-03T02:03:25.863+0600][18.345s][info][gc,phases   ] GC(13) Y: Concurrent Select Relocation Set 5.645ms
[2026-04-03T02:03:25.863+0600][18.345s][info][gc,phases   ] GC(13) Y: Pause Relocate Start 0.014ms
[2026-04-03T02:03:25.864+0600][18.347s][info][gc,phases   ] GC(13) Y: Concurrent Relocate 1.074ms
[2026-04-03T02:03:25.864+0600][18.347s][info][gc,alloc    ] GC(13) Y:                         Mark Start        Mark End      Relocate Start    Relocate End   
[2026-04-03T02:03:25.864+0600][18.347s][info][gc,alloc    ] GC(13) Y: Allocation Stalls:          0                0                0                0         
[2026-04-03T02:03:25.864+0600][18.347s][info][gc,load     ] GC(13) Y: Load: 3.14 (26%) / 3.69 (31%) / 5.43 (45%)
[2026-04-03T02:03:25.864+0600][18.347s][info][gc,mmu      ] GC(13) Y: MMU: 2ms/97.7%, 5ms/99.0%, 10ms/99.4%, 20ms/99.6%, 50ms/99.7%, 100ms/99.8%
[2026-04-03T02:03:25.864+0600][18.347s][info][gc,marking  ] GC(13) Y: Mark: 2 stripe(s), 1 proactive flush(es), 1 terminate flush(es), 0 completion(s), 0 continuation(s) 
[2026-04-03T02:03:25.864+0600][18.347s][info][gc,marking  ] GC(13) Y: Mark Stack Usage: 32M
[2026-04-03T02:03:25.864+0600][18.347s][info][gc,nmethod  ] GC(13) Y: NMethods: 4816 registered, 0 unregistered
[2026-04-03T02:03:25.864+0600][18.347s][info][gc,metaspace] GC(13) Y: Metaspace: 64M used, 65M committed, 1088M reserved
[2026-04-03T02:03:25.864+0600][18.347s][info][gc,reloc    ] GC(13) Y:                        Candidates     Selected     In-Place         Size        Empty    Relocated 
[2026-04-03T02:03:25.864+0600][18.347s][info][gc,reloc    ] GC(13) Y: Small Pages:                  274           20            0         548M         506M           0M 
[2026-04-03T02:03:25.864+0600][18.347s][info][gc,reloc    ] GC(13) Y: Medium Pages:                   1            0            0          32M          32M           0M 
[2026-04-03T02:03:25.864+0600][18.347s][info][gc,reloc    ] GC(13) Y: Large Pages:                    1            0            0           6M           6M           0M 
[2026-04-03T02:03:25.864+0600][18.347s][info][gc,reloc    ] GC(13) Y: Forwarding Usage: 0M
[2026-04-03T02:03:25.864+0600][18.347s][info][gc,reloc    ] GC(13) Y: Age Table:
[2026-04-03T02:03:25.864+0600][18.347s][info][gc,reloc    ] GC(13) Y:                    Live             Garbage             Small              Medium             Large        
[2026-04-03T02:03:25.864+0600][18.347s][info][gc,reloc    ] GC(13) Y: Eden               0M (0%)          583M (29%)        273 / 19             1 / 0              1 / 0        
[2026-04-03T02:03:25.864+0600][18.347s][info][gc,reloc    ] GC(13) Y: Survivor 1         0M (0%)            1M (0%)           1 / 1              0 / 0              0 / 0        
[2026-04-03T02:03:25.864+0600][18.347s][info][gc,heap     ] GC(13) Y: Min Capacity: 8M(0%)
[2026-04-03T02:03:25.864+0600][18.347s][info][gc,heap     ] GC(13) Y: Max Capacity: 2000M(100%)
[2026-04-03T02:03:25.864+0600][18.347s][info][gc,heap     ] GC(13) Y: Soft Max Capacity: 2000M(100%)
[2026-04-03T02:03:25.864+0600][18.347s][info][gc,heap     ] GC(13) Y: Heap Statistics:
[2026-04-03T02:03:25.864+0600][18.347s][info][gc,heap     ] GC(13) Y:                Mark Start          Mark End        Relocate Start      Relocate End           High               Low         
[2026-04-03T02:03:25.864+0600][18.347s][info][gc,heap     ] GC(13) Y:  Capacity:     1420M (71%)        1420M (71%)        1420M (71%)        1420M (71%)        1420M (71%)        1420M (71%)    
[2026-04-03T02:03:25.865+0600][18.347s][info][gc,heap     ] GC(13) Y:      Free:     1150M (57%)        1150M (57%)        1694M (85%)        1730M (86%)        1730M (86%)        1150M (57%)    
[2026-04-03T02:03:25.865+0600][18.347s][info][gc,heap     ] GC(13) Y:      Used:      850M (42%)         850M (42%)         306M (15%)         270M (14%)         850M (42%)         270M (14%)    
[2026-04-03T02:03:25.865+0600][18.347s][info][gc,heap     ] GC(13) Y: Young Generation Statistics:
[2026-04-03T02:03:25.865+0600][18.347s][info][gc,heap     ] GC(13) Y:                Mark Start          Mark End        Relocate Start      Relocate End    
[2026-04-03T02:03:25.865+0600][18.347s][info][gc,heap     ] GC(13) Y:      Used:      586M (29%)         586M (29%)          42M (2%)            0M (0%)     
[2026-04-03T02:03:25.865+0600][18.347s][info][gc,heap     ] GC(13) Y:      Live:         -                 0M (0%)            0M (0%)            0M (0%)     
[2026-04-03T02:03:25.865+0600][18.347s][info][gc,heap     ] GC(13) Y:   Garbage:         -               585M (29%)          41M (2%)            0M (0%)     
[2026-04-03T02:03:25.865+0600][18.347s][info][gc,heap     ] GC(13) Y: Allocated:         -                 0M (0%)            0M (0%)            0M (0%)     
[2026-04-03T02:03:25.865+0600][18.347s][info][gc,heap     ] GC(13) Y: Reclaimed:         -                  -               544M (27%)         585M (29%)    
[2026-04-03T02:03:25.865+0600][18.347s][info][gc,heap     ] GC(13) Y:  Promoted:         -                  -                 0M (0%)            0M (0%)     
[2026-04-03T02:03:25.865+0600][18.347s][info][gc,heap     ] GC(13) Y: Compacted:         -                  -                  -                 0M (0%)     
[2026-04-03T02:03:25.865+0600][18.347s][info][gc,phases   ] GC(13) Y: Young Generation (Promote All) 850M(42%)->270M(14%) 0.016s
[2026-04-03T02:03:25.865+0600][18.347s][info][gc,phases   ] GC(13) Y: Young Generation (Collect Roots)
[2026-04-03T02:03:25.865+0600][18.347s][info][gc,phases   ] GC(13) Y: Pause Mark Start (Major) 0.022ms
[2026-04-03T02:03:25.872+0600][18.354s][info][gc,phases   ] GC(13) Y: Concurrent Mark 6.928ms
[2026-04-03T02:03:25.872+0600][18.354s][info][gc,phases   ] GC(13) Y: Pause Mark End 0.017ms
[2026-04-03T02:03:25.872+0600][18.355s][info][gc,phases   ] GC(13) Y: Concurrent Mark Free 0.180ms
[2026-04-03T02:03:25.872+0600][18.355s][info][gc,phases   ] GC(13) Y: Concurrent Reset Relocation Set 0.005ms
[2026-04-03T02:03:25.876+0600][18.359s][info][gc,reloc    ] GC(13) Y: Using tenuring threshold: 0 (Computed)
[2026-04-03T02:03:25.876+0600][18.359s][info][gc,phases   ] GC(13) Y: Concurrent Select Relocation Set 4.187ms
[2026-04-03T02:03:25.876+0600][18.359s][info][gc,phases   ] GC(13) Y: Pause Relocate Start 0.010ms
[2026-04-03T02:03:25.877+0600][18.359s][info][gc,phases   ] GC(13) Y: Concurrent Relocate 0.065ms
[2026-04-03T02:03:25.877+0600][18.359s][info][gc,alloc    ] GC(13) Y:                         Mark Start        Mark End      Relocate Start    Relocate End   
[2026-04-03T02:03:25.877+0600][18.359s][info][gc,alloc    ] GC(13) Y: Allocation Stalls:          0                0                0                0         
[2026-04-03T02:03:25.877+0600][18.359s][info][gc,load     ] GC(13) Y: Load: 3.14 (26%) / 3.69 (31%) / 5.43 (45%)
[2026-04-03T02:03:25.877+0600][18.359s][info][gc,mmu      ] GC(13) Y: MMU: 2ms/97.7%, 5ms/99.0%, 10ms/99.4%, 20ms/99.6%, 50ms/99.7%, 100ms/99.8%
[2026-04-03T02:03:25.877+0600][18.359s][info][gc,marking  ] GC(13) Y: Mark: 2 stripe(s), 1 proactive flush(es), 1 terminate flush(es), 0 completion(s), 0 continuation(s) 
[2026-04-03T02:03:25.877+0600][18.359s][info][gc,marking  ] GC(13) Y: Mark Stack Usage: 0M
[2026-04-03T02:03:25.877+0600][18.359s][info][gc,nmethod  ] GC(13) Y: NMethods: 4816 registered, 0 unregistered
[2026-04-03T02:03:25.877+0600][18.359s][info][gc,metaspace] GC(13) Y: Metaspace: 64M used, 65M committed, 1088M reserved
[2026-04-03T02:03:25.877+0600][18.359s][info][gc,heap     ] GC(13) Y: Min Capacity: 8M(0%)
[2026-04-03T02:03:25.877+0600][18.359s][info][gc,heap     ] GC(13) Y: Max Capacity: 2000M(100%)
[2026-04-03T02:03:25.877+0600][18.359s][info][gc,heap     ] GC(13) Y: Soft Max Capacity: 2000M(100%)
[2026-04-03T02:03:25.877+0600][18.359s][info][gc,heap     ] GC(13) Y: Heap Statistics:
[2026-04-03T02:03:25.877+0600][18.359s][info][gc,heap     ] GC(13) Y:                Mark Start          Mark End        Relocate Start      Relocate End           High               Low         
[2026-04-03T02:03:25.877+0600][18.359s][info][gc,heap     ] GC(13) Y:  Capacity:     1420M (71%)        1420M (71%)        1420M (71%)        1420M (71%)        1420M (71%)        1420M (71%)    
[2026-04-03T02:03:25.877+0600][18.359s][info][gc,heap     ] GC(13) Y:      Free:     1730M (86%)        1730M (86%)        1730M (86%)        1730M (86%)        1730M (86%)        1730M (86%)    
[2026-04-03T02:03:25.877+0600][18.359s][info][gc,heap     ] GC(13) Y:      Used:      270M (14%)         270M (14%)         270M (14%)         270M (14%)         270M (14%)         270M (14%)    
[2026-04-03T02:03:25.877+0600][18.359s][info][gc,heap     ] GC(13) Y: Young Generation Statistics:
[2026-04-03T02:03:25.877+0600][18.359s][info][gc,heap     ] GC(13) Y:                Mark Start          Mark End        Relocate Start      Relocate End    
[2026-04-03T02:03:25.877+0600][18.359s][info][gc,heap     ] GC(13) Y:      Used:        0M (0%)            0M (0%)            0M (0%)            0M (0%)     
[2026-04-03T02:03:25.877+0600][18.359s][info][gc,heap     ] GC(13) Y:      Live:         -                 0M (0%)            0M (0%)            0M (0%)     
[2026-04-03T02:03:25.877+0600][18.359s][info][gc,heap     ] GC(13) Y:   Garbage:         -                 0M (0%)            0M (0%)            0M (0%)     
[2026-04-03T02:03:25.877+0600][18.359s][info][gc,heap     ] GC(13) Y: Allocated:         -                 0M (0%)            0M (0%)            0M (0%)     
[2026-04-03T02:03:25.877+0600][18.359s][info][gc,heap     ] GC(13) Y: Reclaimed:         -                  -                 0M (0%)            0M (0%)     
[2026-04-03T02:03:25.877+0600][18.359s][info][gc,heap     ] GC(13) Y:  Promoted:         -                  -                 0M (0%)            0M (0%)     
[2026-04-03T02:03:25.877+0600][18.359s][info][gc,heap     ] GC(13) Y: Compacted:         -                  -                  -                 0M (0%)     
[2026-04-03T02:03:25.877+0600][18.359s][info][gc,phases   ] GC(13) Y: Young Generation (Collect Roots) 270M(14%)->270M(14%) 0.012s
[2026-04-03T02:03:25.877+0600][18.359s][info][gc,phases   ] GC(13) O: Old Generation
[2026-04-03T02:03:26.020+0600][18.502s][info][gc,phases   ] GC(13) O: Concurrent Mark 143.011ms
[2026-04-03T02:03:26.020+0600][18.502s][info][gc,phases   ] GC(13) O: Pause Mark End 0.025ms
[2026-04-03T02:03:26.020+0600][18.503s][info][gc,phases   ] GC(13) O: Concurrent Mark Free 0.001ms
[2026-04-03T02:03:26.035+0600][18.517s][info][gc,phases   ] GC(13) O: Concurrent Process Non-Strong 14.627ms
[2026-04-03T02:03:26.035+0600][18.517s][info][gc,phases   ] GC(13) O: Concurrent Reset Relocation Set 0.003ms
[2026-04-03T02:03:26.042+0600][18.524s][info][gc,phases   ] GC(13) O: Concurrent Select Relocation Set 6.844ms
[2026-04-03T02:03:26.042+0600][18.524s][info][gc,task     ] GC(13) O: Using 3 Workers for Old Generation
[2026-04-03T02:03:26.059+0600][18.541s][info][gc,task     ] GC(13) O: Using 3 Workers for Old Generation
[2026-04-03T02:03:26.059+0600][18.541s][info][gc,phases   ] GC(13) O: Concurrent Remap Roots 16.881ms
[2026-04-03T02:03:26.059+0600][18.541s][info][gc,phases   ] GC(13) O: Pause Relocate Start 0.023ms
[2026-04-03T02:03:26.067+0600][18.549s][info][gc,phases   ] GC(13) O: Concurrent Relocate 7.494ms
[2026-04-03T02:03:26.067+0600][18.549s][info][gc,alloc    ] GC(13) O:                         Mark Start        Mark End      Relocate Start    Relocate End   
[2026-04-03T02:03:26.067+0600][18.549s][info][gc,alloc    ] GC(13) O: Allocation Stalls:          0                0                0                0         
[2026-04-03T02:03:26.067+0600][18.549s][info][gc,load     ] GC(13) O: Load: 3.14 (26%) / 3.69 (31%) / 5.43 (45%)
[2026-04-03T02:03:26.067+0600][18.549s][info][gc,mmu      ] GC(13) O: MMU: 2ms/97.7%, 5ms/99.0%, 10ms/99.4%, 20ms/99.6%, 50ms/99.7%, 100ms/99.8%
[2026-04-03T02:03:26.067+0600][18.549s][info][gc,marking  ] GC(13) O: Mark: 2 stripe(s), 2 proactive flush(es), 1 terminate flush(es), 0 completion(s), 0 continuation(s) 
[2026-04-03T02:03:26.067+0600][18.549s][info][gc,marking  ] GC(13) O: Mark Stack Usage: 32M
[2026-04-03T02:03:26.067+0600][18.549s][info][gc,nmethod  ] GC(13) O: NMethods: 4736 registered, 98 unregistered
[2026-04-03T02:03:26.067+0600][18.549s][info][gc,metaspace] GC(13) O: Metaspace: 64M used, 65M committed, 1088M reserved
[2026-04-03T02:03:26.067+0600][18.549s][info][gc,ref      ] GC(13) O:                       Encountered   Discovered     Enqueued 
[2026-04-03T02:03:26.067+0600][18.549s][info][gc,ref      ] GC(13) O: Soft References:             4784            0            0 
[2026-04-03T02:03:26.067+0600][18.549s][info][gc,ref      ] GC(13) O: Weak References:             6101         4574          425 
[2026-04-03T02:03:26.067+0600][18.549s][info][gc,ref      ] GC(13) O: Final References:              82           32            0 
[2026-04-03T02:03:26.067+0600][18.549s][info][gc,ref      ] GC(13) O: Phantom References:           594          467            0 
[2026-04-03T02:03:26.067+0600][18.549s][info][gc,reloc    ] GC(13) O:                        Candidates     Selected     In-Place         Size        Empty    Relocated 
[2026-04-03T02:03:26.067+0600][18.549s][info][gc,reloc    ] GC(13) O: Small Pages:                  108            9            0         216M           2M           3M 
[2026-04-03T02:03:26.067+0600][18.549s][info][gc,reloc    ] GC(13) O: Medium Pages:                   1            0            0          32M           0M           0M 
[2026-04-03T02:03:26.067+0600][18.549s][info][gc,reloc    ] GC(13) O: Large Pages:                    3            0            0          22M          10M           0M 
[2026-04-03T02:03:26.067+0600][18.549s][info][gc,reloc    ] GC(13) O: Forwarding Usage: 4M
[2026-04-03T02:03:26.067+0600][18.549s][info][gc,heap     ] GC(13) O: Min Capacity: 8M(0%)
[2026-04-03T02:03:26.067+0600][18.549s][info][gc,heap     ] GC(13) O: Max Capacity: 2000M(100%)
[2026-04-03T02:03:26.067+0600][18.549s][info][gc,heap     ] GC(13) O: Soft Max Capacity: 2000M(100%)
[2026-04-03T02:03:26.067+0600][18.549s][info][gc,heap     ] GC(13) O: Heap Statistics:
[2026-04-03T02:03:26.067+0600][18.549s][info][gc,heap     ] GC(13) O:                Mark Start          Mark End        Relocate Start      Relocate End           High               Low         
[2026-04-03T02:03:26.067+0600][18.549s][info][gc,heap     ] GC(13) O:  Capacity:     1420M (71%)        1420M (71%)        1420M (71%)        1420M (71%)        1420M (71%)        1420M (71%)    
[2026-04-03T02:03:26.067+0600][18.549s][info][gc,heap     ] GC(13) O:      Free:     1730M (86%)        1726M (86%)        1730M (86%)        1748M (87%)        1748M (87%)        1722M (86%)    
[2026-04-03T02:03:26.067+0600][18.549s][info][gc,heap     ] GC(13) O:      Used:      270M (14%)         274M (14%)         270M (14%)         252M (13%)         278M (14%)         252M (13%)    
[2026-04-03T02:03:26.067+0600][18.549s][info][gc,heap     ] GC(13) O: Old Generation Statistics:
[2026-04-03T02:03:26.067+0600][18.549s][info][gc,heap     ] GC(13) O:                Mark Start          Mark End        Relocate Start      Relocate End    
[2026-04-03T02:03:26.067+0600][18.549s][info][gc,heap     ] GC(13) O:      Used:      270M (14%)         270M (14%)         258M (13%)         240M (12%)    
[2026-04-03T02:03:26.067+0600][18.549s][info][gc,heap     ] GC(13) O:      Live:         -               207M (10%)         207M (10%)         207M (10%)    
[2026-04-03T02:03:26.067+0600][18.549s][info][gc,heap     ] GC(13) O:   Garbage:         -                62M (3%)           50M (3%)           30M (2%)     
[2026-04-03T02:03:26.067+0600][18.549s][info][gc,heap     ] GC(13) O: Allocated:         -                 0M (0%)            0M (0%)            1M (0%)     
[2026-04-03T02:03:26.067+0600][18.549s][info][gc,heap     ] GC(13) O: Reclaimed:         -                  -                12M (1%)           31M (2%)     
[2026-04-03T02:03:26.067+0600][18.549s][info][gc,heap     ] GC(13) O: Compacted:         -                  -                  -                 8M (0%)     
[2026-04-03T02:03:26.067+0600][18.549s][info][gc,phases   ] GC(13) O: Old Generation 270M(14%)->252M(13%) 0.190s
[2026-04-03T02:03:26.067+0600][18.549s][info][gc          ] GC(13) Major Collection (System.gc()) 850M(42%)->252M(13%) 0.219s
[2026-04-03T02:03:26.319+0600][18.801s][info][gc          ] GC(14) Minor Collection (Allocation Rate)
[2026-04-03T02:03:26.319+0600][18.801s][info][gc,task     ] GC(14) Using 2 Workers for Young Generation
[2026-04-03T02:03:26.319+0600][18.801s][info][gc,phases   ] GC(14) y: Young Generation
[2026-04-03T02:03:26.319+0600][18.802s][info][gc,phases   ] GC(14) y: Pause Mark Start 0.022ms
[2026-04-03T02:03:26.329+0600][18.812s][info][gc,phases   ] GC(14) y: Concurrent Mark 9.945ms
[2026-04-03T02:03:26.329+0600][18.812s][info][gc,phases   ] GC(14) y: Pause Mark End 0.022ms
[2026-04-03T02:03:26.330+0600][18.812s][info][gc,phases   ] GC(14) y: Concurrent Mark Free 0.002ms
[2026-04-03T02:03:26.330+0600][18.812s][info][gc,phases   ] GC(14) y: Concurrent Reset Relocation Set 0.000ms
[2026-04-03T02:03:26.331+0600][18.814s][info][gc,reloc    ] GC(14) y: Using tenuring threshold: 1 (Computed)
[2026-04-03T02:03:26.331+0600][18.814s][info][gc,phases   ] GC(14) y: Concurrent Select Relocation Set 1.799ms
[2026-04-03T02:03:26.332+0600][18.814s][info][gc,phases   ] GC(14) y: Pause Relocate Start 0.017ms
[2026-04-03T02:03:26.332+0600][18.815s][info][gc,phases   ] GC(14) y: Concurrent Relocate 0.663ms
[2026-04-03T02:03:26.332+0600][18.815s][info][gc,alloc    ] GC(14) y:                         Mark Start        Mark End      Relocate Start    Relocate End   
[2026-04-03T02:03:26.332+0600][18.815s][info][gc,alloc    ] GC(14) y: Allocation Stalls:          0                0                0                0         
[2026-04-03T02:03:26.332+0600][18.815s][info][gc,load     ] GC(14) y: Load: 3.14 (26%) / 3.69 (31%) / 5.43 (45%)
[2026-04-03T02:03:26.332+0600][18.815s][info][gc,mmu      ] GC(14) y: MMU: 2ms/97.7%, 5ms/99.0%, 10ms/99.4%, 20ms/99.6%, 50ms/99.7%, 100ms/99.8%
[2026-04-03T02:03:26.332+0600][18.815s][info][gc,marking  ] GC(14) y: Mark: 2 stripe(s), 2 proactive flush(es), 1 terminate flush(es), 0 completion(s), 0 continuation(s) 
[2026-04-03T02:03:26.333+0600][18.815s][info][gc,marking  ] GC(14) y: Mark Stack Usage: 32M
[2026-04-03T02:03:26.333+0600][18.815s][info][gc,nmethod  ] GC(14) y: NMethods: 4902 registered, 98 unregistered
[2026-04-03T02:03:26.333+0600][18.815s][info][gc,metaspace] GC(14) y: Metaspace: 64M used, 65M committed, 1088M reserved
[2026-04-03T02:03:26.333+0600][18.815s][info][gc,reloc    ] GC(14) y:                        Candidates     Selected     In-Place         Size        Empty    Relocated 
[2026-04-03T02:03:26.333+0600][18.815s][info][gc,reloc    ] GC(14) y: Small Pages:                  130           20            0         260M         218M           0M 
[2026-04-03T02:03:26.333+0600][18.815s][info][gc,reloc    ] GC(14) y: Medium Pages:                   1            0            0          32M          32M           0M 
[2026-04-03T02:03:26.333+0600][18.815s][info][gc,reloc    ] GC(14) y: Large Pages:                    2            0            0          12M          12M           0M 
[2026-04-03T02:03:26.333+0600][18.815s][info][gc,reloc    ] GC(14) y: Forwarding Usage: 0M
[2026-04-03T02:03:26.333+0600][18.815s][info][gc,reloc    ] GC(14) y: Age Table:
[2026-04-03T02:03:26.333+0600][18.815s][info][gc,reloc    ] GC(14) y:                    Live             Garbage             Small              Medium             Large        
[2026-04-03T02:03:26.333+0600][18.815s][info][gc,reloc    ] GC(14) y: Eden               0M (0%)          303M (15%)        130 / 20             1 / 0              2 / 0        
[2026-04-03T02:03:26.333+0600][18.815s][info][gc,heap     ] GC(14) y: Min Capacity: 8M(0%)
[2026-04-03T02:03:26.333+0600][18.815s][info][gc,heap     ] GC(14) y: Max Capacity: 2000M(100%)
[2026-04-03T02:03:26.333+0600][18.815s][info][gc,heap     ] GC(14) y: Soft Max Capacity: 2000M(100%)
[2026-04-03T02:03:26.333+0600][18.815s][info][gc,heap     ] GC(14) y: Heap Statistics:
[2026-04-03T02:03:26.333+0600][18.815s][info][gc,heap     ] GC(14) y:                Mark Start          Mark End        Relocate Start      Relocate End           High               Low         
[2026-04-03T02:03:26.333+0600][18.815s][info][gc,heap     ] GC(14) y:  Capacity:     1420M (71%)        1420M (71%)        1420M (71%)        1420M (71%)        1420M (71%)        1420M (71%)    
[2026-04-03T02:03:26.333+0600][18.815s][info][gc,heap     ] GC(14) y:      Free:     1456M (73%)        1436M (72%)        1694M (85%)        1726M (86%)        1726M (86%)        1436M (72%)    
[2026-04-03T02:03:26.333+0600][18.815s][info][gc,heap     ] GC(14) y:      Used:      544M (27%)         564M (28%)         306M (15%)         274M (14%)         564M (28%)         274M (14%)    
[2026-04-03T02:03:26.333+0600][18.815s][info][gc,heap     ] GC(14) y: Young Generation Statistics:
[2026-04-03T02:03:26.333+0600][18.815s][info][gc,heap     ] GC(14) y:                Mark Start          Mark End        Relocate Start      Relocate End    
[2026-04-03T02:03:26.333+0600][18.815s][info][gc,heap     ] GC(14) y:      Used:      304M (15%)         324M (16%)          66M (3%)           34M (2%)     
[2026-04-03T02:03:26.333+0600][18.815s][info][gc,heap     ] GC(14) y:      Live:         -                 0M (0%)            0M (0%)            0M (0%)     
[2026-04-03T02:03:26.333+0600][18.815s][info][gc,heap     ] GC(14) y:   Garbage:         -               303M (15%)          41M (2%)            0M (0%)     
[2026-04-03T02:03:26.333+0600][18.815s][info][gc,heap     ] GC(14) y: Allocated:         -                20M (1%)           24M (1%)           33M (2%)     
[2026-04-03T02:03:26.333+0600][18.815s][info][gc,heap     ] GC(14) y: Reclaimed:         -                  -               262M (13%)         303M (15%)    
[2026-04-03T02:03:26.333+0600][18.815s][info][gc,heap     ] GC(14) y:  Promoted:         -                  -                 0M (0%)            0M (0%)     
[2026-04-03T02:03:26.333+0600][18.815s][info][gc,heap     ] GC(14) y: Compacted:         -                  -                  -                 0M (0%)     
[2026-04-03T02:03:26.333+0600][18.815s][info][gc,phases   ] GC(14) y: Young Generation 542M(27%)->274M(14%) 0.014s
[2026-04-03T02:03:26.333+0600][18.815s][info][gc          ] GC(14) Minor Collection (Allocation Rate) 542M(27%)->276M(14%) 0.014s
[2026-04-03T02:03:26.780+0600][19.262s][info][gc          ] GC(15) Minor Collection (Allocation Rate)
[2026-04-03T02:03:26.780+0600][19.262s][info][gc,task     ] GC(15) Using 2 Workers for Young Generation
[2026-04-03T02:03:26.780+0600][19.262s][info][gc,phases   ] GC(15) y: Young Generation
[2026-04-03T02:03:26.780+0600][19.263s][info][gc,phases   ] GC(15) y: Pause Mark Start 0.021ms
[2026-04-03T02:03:26.789+0600][19.271s][info][gc,phases   ] GC(15) y: Concurrent Mark 8.209ms
[2026-04-03T02:03:26.789+0600][19.271s][info][gc,phases   ] GC(15) y: Pause Mark End 0.018ms
[2026-04-03T02:03:26.789+0600][19.271s][info][gc,phases   ] GC(15) y: Concurrent Mark Free 0.002ms
[2026-04-03T02:03:26.789+0600][19.271s][info][gc,phases   ] GC(15) y: Concurrent Reset Relocation Set 0.005ms
[2026-04-03T02:03:26.791+0600][19.273s][info][gc,reloc    ] GC(15) y: Using tenuring threshold: 1 (Computed)
[2026-04-03T02:03:26.791+0600][19.274s][info][gc,phases   ] GC(15) y: Concurrent Select Relocation Set 2.558ms
[2026-04-03T02:03:26.792+0600][19.274s][info][gc,phases   ] GC(15) y: Pause Relocate Start 0.015ms
[2026-04-03T02:03:26.793+0600][19.275s][info][gc,phases   ] GC(15) y: Concurrent Relocate 0.941ms
[2026-04-03T02:03:26.793+0600][19.275s][info][gc,alloc    ] GC(15) y:                         Mark Start        Mark End      Relocate Start    Relocate End   
[2026-04-03T02:03:26.793+0600][19.275s][info][gc,alloc    ] GC(15) y: Allocation Stalls:          0                0                0                0         
[2026-04-03T02:03:26.793+0600][19.275s][info][gc,load     ] GC(15) y: Load: 3.14 (26%) / 3.69 (31%) / 5.43 (45%)
[2026-04-03T02:03:26.793+0600][19.275s][info][gc,mmu      ] GC(15) y: MMU: 2ms/97.7%, 5ms/99.0%, 10ms/99.4%, 20ms/99.6%, 50ms/99.7%, 100ms/99.8%
[2026-04-03T02:03:26.793+0600][19.275s][info][gc,marking  ] GC(15) y: Mark: 2 stripe(s), 2 proactive flush(es), 1 terminate flush(es), 0 completion(s), 0 continuation(s) 
[2026-04-03T02:03:26.793+0600][19.275s][info][gc,marking  ] GC(15) y: Mark Stack Usage: 32M
[2026-04-03T02:03:26.793+0600][19.275s][info][gc,nmethod  ] GC(15) y: NMethods: 4903 registered, 98 unregistered
[2026-04-03T02:03:26.793+0600][19.275s][info][gc,metaspace] GC(15) y: Metaspace: 64M used, 65M committed, 1088M reserved
[2026-04-03T02:03:26.793+0600][19.275s][info][gc,reloc    ] GC(15) y:                        Candidates     Selected     In-Place         Size        Empty    Relocated 
[2026-04-03T02:03:26.793+0600][19.275s][info][gc,reloc    ] GC(15) y: Small Pages:                  584           10            0        1168M        1146M           0M 
[2026-04-03T02:03:26.793+0600][19.275s][info][gc,reloc    ] GC(15) y: Medium Pages:                   0            0            0           0M           0M           0M 
[2026-04-03T02:03:26.793+0600][19.275s][info][gc,reloc    ] GC(15) y: Large Pages:                    0            0            0           0M           0M           0M 
[2026-04-03T02:03:26.793+0600][19.275s][info][gc,reloc    ] GC(15) y: Forwarding Usage: 0M
[2026-04-03T02:03:26.793+0600][19.275s][info][gc,reloc    ] GC(15) y: Age Table:
[2026-04-03T02:03:26.793+0600][19.275s][info][gc,reloc    ] GC(15) y:                    Live             Garbage             Small              Medium             Large        
[2026-04-03T02:03:26.793+0600][19.275s][info][gc,reloc    ] GC(15) y: Eden               0M (0%)         1159M (58%)        580 / 6              0 / 0              0 / 0        
[2026-04-03T02:03:26.793+0600][19.275s][info][gc,reloc    ] GC(15) y: Survivor 1         0M (0%)            7M (0%)           4 / 4              0 / 0              0 / 0        
[2026-04-03T02:03:26.793+0600][19.275s][info][gc,heap     ] GC(15) y: Min Capacity: 8M(0%)
[2026-04-03T02:03:26.793+0600][19.275s][info][gc,heap     ] GC(15) y: Max Capacity: 2000M(100%)
[2026-04-03T02:03:26.793+0600][19.275s][info][gc,heap     ] GC(15) y: Soft Max Capacity: 2000M(100%)
[2026-04-03T02:03:26.793+0600][19.275s][info][gc,heap     ] GC(15) y: Heap Statistics:
[2026-04-03T02:03:26.793+0600][19.275s][info][gc,heap     ] GC(15) y:                Mark Start          Mark End        Relocate Start      Relocate End           High               Low         
[2026-04-03T02:03:26.793+0600][19.275s][info][gc,heap     ] GC(15) y:  Capacity:     1420M (71%)        1420M (71%)        1420M (71%)        1420M (71%)        1420M (71%)        1420M (71%)    
[2026-04-03T02:03:26.793+0600][19.275s][info][gc,heap     ] GC(15) y:      Free:      592M (30%)         580M (29%)        1720M (86%)        1728M (86%)        1728M (86%)         580M (29%)    
[2026-04-03T02:03:26.793+0600][19.275s][info][gc,heap     ] GC(15) y:      Used:     1408M (70%)        1420M (71%)         280M (14%)         272M (14%)        1420M (71%)         272M (14%)    
[2026-04-03T02:03:26.793+0600][19.275s][info][gc,heap     ] GC(15) y: Young Generation Statistics:
[2026-04-03T02:03:26.793+0600][19.275s][info][gc,heap     ] GC(15) y:                Mark Start          Mark End        Relocate Start      Relocate End    
[2026-04-03T02:03:26.793+0600][19.275s][info][gc,heap     ] GC(15) y:      Used:     1168M (58%)        1180M (59%)          40M (2%)           24M (1%)     
[2026-04-03T02:03:26.793+0600][19.275s][info][gc,heap     ] GC(15) y:      Live:         -                 0M (0%)            0M (0%)            0M (0%)     
[2026-04-03T02:03:26.793+0600][19.275s][info][gc,heap     ] GC(15) y:   Garbage:         -              1167M (58%)          21M (1%)            0M (0%)     
[2026-04-03T02:03:26.793+0600][19.275s][info][gc,heap     ] GC(15) y: Allocated:         -                12M (1%)           18M (1%)           23M (1%)     
[2026-04-03T02:03:26.793+0600][19.275s][info][gc,heap     ] GC(15) y: Reclaimed:         -                  -              1146M (57%)        1167M (58%)    
[2026-04-03T02:03:26.793+0600][19.275s][info][gc,heap     ] GC(15) y:  Promoted:         -                  -                 0M (0%)            0M (0%)     
[2026-04-03T02:03:26.793+0600][19.275s][info][gc,heap     ] GC(15) y: Compacted:         -                  -                  -                 0M (0%)     
[2026-04-03T02:03:26.793+0600][19.275s][info][gc,phases   ] GC(15) y: Young Generation 1408M(70%)->272M(14%) 0.013s
[2026-04-03T02:03:26.793+0600][19.275s][info][gc          ] GC(15) Minor Collection (Allocation Rate) 1408M(70%)->274M(14%) 0.013s
[2026-04-03T02:03:26.959+0600][19.441s][info][gc          ] GC(16) Major Collection (System.gc())
[2026-04-03T02:03:26.959+0600][19.441s][info][gc,task     ] GC(16) Using 3 Workers for Young Generation
[2026-04-03T02:03:26.959+0600][19.441s][info][gc,task     ] GC(16) Using 3 Workers for Old Generation
[2026-04-03T02:03:26.959+0600][19.441s][info][gc,phases   ] GC(16) Y: Young Generation (Promote All)
[2026-04-03T02:03:26.959+0600][19.442s][info][gc,phases   ] GC(16) Y: Pause Mark Start 0.022ms
[2026-04-03T02:03:26.968+0600][19.450s][info][gc,phases   ] GC(16) Y: Concurrent Mark 8.617ms
[2026-04-03T02:03:26.968+0600][19.451s][info][gc,phases   ] GC(16) Y: Pause Mark End 0.025ms
[2026-04-03T02:03:26.968+0600][19.451s][info][gc,phases   ] GC(16) Y: Concurrent Mark Free 0.001ms
[2026-04-03T02:03:26.968+0600][19.451s][info][gc,phases   ] GC(16) Y: Concurrent Reset Relocation Set 0.003ms
[2026-04-03T02:03:26.973+0600][19.456s][info][gc,reloc    ] GC(16) Y: Using tenuring threshold: 0 (Promote All)
[2026-04-03T02:03:26.974+0600][19.456s][info][gc,phases   ] GC(16) Y: Concurrent Select Relocation Set 5.368ms
[2026-04-03T02:03:26.974+0600][19.456s][info][gc,phases   ] GC(16) Y: Pause Relocate Start 0.017ms
[2026-04-03T02:03:26.974+0600][19.457s][info][gc,phases   ] GC(16) Y: Concurrent Relocate 0.475ms
[2026-04-03T02:03:26.974+0600][19.457s][info][gc,alloc    ] GC(16) Y:                         Mark Start        Mark End      Relocate Start    Relocate End   
[2026-04-03T02:03:26.974+0600][19.457s][info][gc,alloc    ] GC(16) Y: Allocation Stalls:          0                0                0                0         
[2026-04-03T02:03:26.974+0600][19.457s][info][gc,load     ] GC(16) Y: Load: 3.14 (26%) / 3.69 (31%) / 5.43 (45%)
[2026-04-03T02:03:26.974+0600][19.457s][info][gc,mmu      ] GC(16) Y: MMU: 2ms/97.7%, 5ms/99.0%, 10ms/99.4%, 20ms/99.6%, 50ms/99.7%, 100ms/99.8%
[2026-04-03T02:03:26.974+0600][19.457s][info][gc,marking  ] GC(16) Y: Mark: 2 stripe(s), 2 proactive flush(es), 1 terminate flush(es), 0 completion(s), 0 continuation(s) 
[2026-04-03T02:03:26.975+0600][19.457s][info][gc,marking  ] GC(16) Y: Mark Stack Usage: 32M
[2026-04-03T02:03:26.975+0600][19.457s][info][gc,nmethod  ] GC(16) Y: NMethods: 5023 registered, 98 unregistered
[2026-04-03T02:03:26.975+0600][19.457s][info][gc,metaspace] GC(16) Y: Metaspace: 64M used, 65M committed, 1088M reserved
[2026-04-03T02:03:26.975+0600][19.457s][info][gc,reloc    ] GC(16) Y:                        Candidates     Selected     In-Place         Size        Empty    Relocated 
[2026-04-03T02:03:26.975+0600][19.457s][info][gc,reloc    ] GC(16) Y: Small Pages:                  159           15            0         318M         286M           0M 
[2026-04-03T02:03:26.975+0600][19.457s][info][gc,reloc    ] GC(16) Y: Medium Pages:                   1            0            0          32M          32M           0M 
[2026-04-03T02:03:26.975+0600][19.457s][info][gc,reloc    ] GC(16) Y: Large Pages:                    1            0            0           6M           6M           0M 
[2026-04-03T02:03:26.975+0600][19.457s][info][gc,reloc    ] GC(16) Y: Forwarding Usage: 0M
[2026-04-03T02:03:26.975+0600][19.457s][info][gc,reloc    ] GC(16) Y: Age Table:
[2026-04-03T02:03:26.975+0600][19.457s][info][gc,reloc    ] GC(16) Y:                    Live             Garbage             Small              Medium             Large        
[2026-04-03T02:03:26.975+0600][19.457s][info][gc,reloc    ] GC(16) Y: Eden               0M (0%)          349M (17%)        156 / 15             1 / 0              1 / 0        
[2026-04-03T02:03:26.975+0600][19.457s][info][gc,reloc    ] GC(16) Y: Survivor 1          -                 6M (0%)           3 / 0              0 / 0              0 / 0        
[2026-04-03T02:03:26.975+0600][19.457s][info][gc,heap     ] GC(16) Y: Min Capacity: 8M(0%)
[2026-04-03T02:03:26.975+0600][19.457s][info][gc,heap     ] GC(16) Y: Max Capacity: 2000M(100%)
[2026-04-03T02:03:26.975+0600][19.457s][info][gc,heap     ] GC(16) Y: Soft Max Capacity: 2000M(100%)
[2026-04-03T02:03:26.975+0600][19.457s][info][gc,heap     ] GC(16) Y: Heap Statistics:
[2026-04-03T02:03:26.975+0600][19.457s][info][gc,heap     ] GC(16) Y:                Mark Start          Mark End        Relocate Start      Relocate End           High               Low         
[2026-04-03T02:03:26.975+0600][19.457s][info][gc,heap     ] GC(16) Y:  Capacity:     1458M (73%)        1458M (73%)        1458M (73%)        1458M (73%)        1458M (73%)        1458M (73%)    
[2026-04-03T02:03:26.975+0600][19.457s][info][gc,heap     ] GC(16) Y:      Free:     1396M (70%)        1396M (70%)        1720M (86%)        1746M (87%)        1746M (87%)        1396M (70%)    
[2026-04-03T02:03:26.975+0600][19.457s][info][gc,heap     ] GC(16) Y:      Used:      604M (30%)         604M (30%)         280M (14%)         254M (13%)         604M (30%)         254M (13%)    
[2026-04-03T02:03:26.975+0600][19.457s][info][gc,heap     ] GC(16) Y: Young Generation Statistics:
[2026-04-03T02:03:26.975+0600][19.457s][info][gc,heap     ] GC(16) Y:                Mark Start          Mark End        Relocate Start      Relocate End    
[2026-04-03T02:03:26.975+0600][19.457s][info][gc,heap     ] GC(16) Y:      Used:      356M (18%)         356M (18%)          32M (2%)            0M (0%)     
[2026-04-03T02:03:26.975+0600][19.457s][info][gc,heap     ] GC(16) Y:      Live:         -                 0M (0%)            0M (0%)            0M (0%)     
[2026-04-03T02:03:26.975+0600][19.457s][info][gc,heap     ] GC(16) Y:   Garbage:         -               355M (18%)          31M (2%)            0M (0%)     
[2026-04-03T02:03:26.975+0600][19.457s][info][gc,heap     ] GC(16) Y: Allocated:         -                 0M (0%)            0M (0%)            0M (0%)     
[2026-04-03T02:03:26.975+0600][19.457s][info][gc,heap     ] GC(16) Y: Reclaimed:         -                  -               324M (16%)         355M (18%)    
[2026-04-03T02:03:26.975+0600][19.457s][info][gc,heap     ] GC(16) Y:  Promoted:         -                  -                 0M (0%)            0M (0%)     
[2026-04-03T02:03:26.975+0600][19.457s][info][gc,heap     ] GC(16) Y: Compacted:         -                  -                  -                 0M (0%)     
[2026-04-03T02:03:26.975+0600][19.457s][info][gc,phases   ] GC(16) Y: Young Generation (Promote All) 604M(30%)->254M(13%) 0.015s
[2026-04-03T02:03:26.975+0600][19.457s][info][gc,phases   ] GC(16) Y: Young Generation (Collect Roots)
[2026-04-03T02:03:26.975+0600][19.457s][info][gc,phases   ] GC(16) Y: Pause Mark Start (Major) 0.019ms
[2026-04-03T02:03:26.983+0600][19.465s][info][gc,phases   ] GC(16) Y: Concurrent Mark 7.678ms
[2026-04-03T02:03:26.983+0600][19.465s][info][gc,phases   ] GC(16) Y: Pause Mark End 0.022ms
[2026-04-03T02:03:26.983+0600][19.466s][info][gc,phases   ] GC(16) Y: Concurrent Mark Free 0.153ms
[2026-04-03T02:03:26.983+0600][19.466s][info][gc,phases   ] GC(16) Y: Concurrent Reset Relocation Set 0.047ms
[2026-04-03T02:03:26.987+0600][19.469s][info][gc,reloc    ] GC(16) Y: Using tenuring threshold: 0 (Computed)
[2026-04-03T02:03:26.987+0600][19.469s][info][gc,phases   ] GC(16) Y: Concurrent Select Relocation Set 3.697ms
[2026-04-03T02:03:26.987+0600][19.470s][info][gc,phases   ] GC(16) Y: Pause Relocate Start 0.018ms
[2026-04-03T02:03:26.987+0600][19.470s][info][gc,phases   ] GC(16) Y: Concurrent Relocate 0.090ms
[2026-04-03T02:03:26.987+0600][19.470s][info][gc,alloc    ] GC(16) Y:                         Mark Start        Mark End      Relocate Start    Relocate End   
[2026-04-03T02:03:26.987+0600][19.470s][info][gc,alloc    ] GC(16) Y: Allocation Stalls:          0                0                0                0         
[2026-04-03T02:03:26.987+0600][19.470s][info][gc,load     ] GC(16) Y: Load: 3.14 (26%) / 3.69 (31%) / 5.43 (45%)
[2026-04-03T02:03:26.987+0600][19.470s][info][gc,mmu      ] GC(16) Y: MMU: 2ms/97.7%, 5ms/99.0%, 10ms/99.4%, 20ms/99.5%, 50ms/99.7%, 100ms/99.8%
[2026-04-03T02:03:26.987+0600][19.470s][info][gc,marking  ] GC(16) Y: Mark: 2 stripe(s), 1 proactive flush(es), 1 terminate flush(es), 0 completion(s), 0 continuation(s) 
[2026-04-03T02:03:26.987+0600][19.470s][info][gc,marking  ] GC(16) Y: Mark Stack Usage: 0M
[2026-04-03T02:03:26.987+0600][19.470s][info][gc,nmethod  ] GC(16) Y: NMethods: 5023 registered, 98 unregistered
[2026-04-03T02:03:26.987+0600][19.470s][info][gc,metaspace] GC(16) Y: Metaspace: 64M used, 65M committed, 1088M reserved
[2026-04-03T02:03:26.987+0600][19.470s][info][gc,heap     ] GC(16) Y: Min Capacity: 8M(0%)
[2026-04-03T02:03:26.987+0600][19.470s][info][gc,heap     ] GC(16) Y: Max Capacity: 2000M(100%)
[2026-04-03T02:03:26.987+0600][19.470s][info][gc,heap     ] GC(16) Y: Soft Max Capacity: 2000M(100%)
[2026-04-03T02:03:26.987+0600][19.470s][info][gc,heap     ] GC(16) Y: Heap Statistics:
[2026-04-03T02:03:26.987+0600][19.470s][info][gc,heap     ] GC(16) Y:                Mark Start          Mark End        Relocate Start      Relocate End           High               Low         
[2026-04-03T02:03:26.987+0600][19.470s][info][gc,heap     ] GC(16) Y:  Capacity:     1458M (73%)        1458M (73%)        1458M (73%)        1458M (73%)        1458M (73%)        1458M (73%)    
[2026-04-03T02:03:26.987+0600][19.470s][info][gc,heap     ] GC(16) Y:      Free:     1746M (87%)        1744M (87%)        1744M (87%)        1744M (87%)        1746M (87%)        1744M (87%)    
[2026-04-03T02:03:26.987+0600][19.470s][info][gc,heap     ] GC(16) Y:      Used:      254M (13%)         256M (13%)         256M (13%)         256M (13%)         256M (13%)         254M (13%)    
[2026-04-03T02:03:26.987+0600][19.470s][info][gc,heap     ] GC(16) Y: Young Generation Statistics:
[2026-04-03T02:03:26.987+0600][19.470s][info][gc,heap     ] GC(16) Y:                Mark Start          Mark End        Relocate Start      Relocate End    
[2026-04-03T02:03:26.987+0600][19.470s][info][gc,heap     ] GC(16) Y:      Used:        0M (0%)            2M (0%)            2M (0%)            2M (0%)     
[2026-04-03T02:03:26.987+0600][19.470s][info][gc,heap     ] GC(16) Y:      Live:         -                 0M (0%)            0M (0%)            0M (0%)     
[2026-04-03T02:03:26.987+0600][19.470s][info][gc,heap     ] GC(16) Y:   Garbage:         -                 0M (0%)            0M (0%)            0M (0%)     
[2026-04-03T02:03:26.987+0600][19.470s][info][gc,heap     ] GC(16) Y: Allocated:         -                 2M (0%)            2M (0%)            2M (0%)     
[2026-04-03T02:03:26.987+0600][19.470s][info][gc,heap     ] GC(16) Y: Reclaimed:         -                  -                 0M (0%)            0M (0%)     
[2026-04-03T02:03:26.987+0600][19.470s][info][gc,heap     ] GC(16) Y:  Promoted:         -                  -                 0M (0%)            0M (0%)     
[2026-04-03T02:03:26.987+0600][19.470s][info][gc,heap     ] GC(16) Y: Compacted:         -                  -                  -                 0M (0%)     
[2026-04-03T02:03:26.988+0600][19.470s][info][gc,phases   ] GC(16) Y: Young Generation (Collect Roots) 254M(13%)->256M(13%) 0.012s
[2026-04-03T02:03:26.988+0600][19.470s][info][gc,phases   ] GC(16) O: Old Generation
[2026-04-03T02:03:27.131+0600][19.613s][info][gc,phases   ] GC(16) O: Concurrent Mark 143.085ms
[2026-04-03T02:03:27.131+0600][19.613s][info][gc,phases   ] GC(16) O: Pause Mark End 0.024ms
[2026-04-03T02:03:27.131+0600][19.613s][info][gc,phases   ] GC(16) O: Concurrent Mark Free 0.003ms
[2026-04-03T02:03:27.137+0600][19.619s][info][gc,phases   ] GC(16) O: Concurrent Process Non-Strong 6.040ms
[2026-04-03T02:03:27.137+0600][19.619s][info][gc,phases   ] GC(16) O: Concurrent Reset Relocation Set 0.005ms
[2026-04-03T02:03:27.139+0600][19.621s][info][gc,phases   ] GC(16) O: Concurrent Select Relocation Set 1.626ms
[2026-04-03T02:03:27.139+0600][19.621s][info][gc,task     ] GC(16) O: Using 3 Workers for Old Generation
[2026-04-03T02:03:27.154+0600][19.636s][info][gc,task     ] GC(16) O: Using 3 Workers for Old Generation
[2026-04-03T02:03:27.154+0600][19.636s][info][gc,phases   ] GC(16) O: Concurrent Remap Roots 15.252ms
[2026-04-03T02:03:27.154+0600][19.637s][info][gc,phases   ] GC(16) O: Pause Relocate Start 0.022ms
[2026-04-03T02:03:27.156+0600][19.639s][info][gc,phases   ] GC(16) O: Concurrent Relocate 2.216ms
[2026-04-03T02:03:27.157+0600][19.639s][info][gc,alloc    ] GC(16) O:                         Mark Start        Mark End      Relocate Start    Relocate End   
[2026-04-03T02:03:27.157+0600][19.639s][info][gc,alloc    ] GC(16) O: Allocation Stalls:          0                0                0                0         
[2026-04-03T02:03:27.157+0600][19.639s][info][gc,load     ] GC(16) O: Load: 3.14 (26%) / 3.69 (31%) / 5.43 (45%)
[2026-04-03T02:03:27.157+0600][19.639s][info][gc,mmu      ] GC(16) O: MMU: 2ms/97.7%, 5ms/99.0%, 10ms/99.4%, 20ms/99.5%, 50ms/99.7%, 100ms/99.8%
[2026-04-03T02:03:27.157+0600][19.639s][info][gc,marking  ] GC(16) O: Mark: 2 stripe(s), 2 proactive flush(es), 1 terminate flush(es), 0 completion(s), 0 continuation(s) 
[2026-04-03T02:03:27.157+0600][19.639s][info][gc,marking  ] GC(16) O: Mark Stack Usage: 32M
[2026-04-03T02:03:27.157+0600][19.639s][info][gc,nmethod  ] GC(16) O: NMethods: 4994 registered, 161 unregistered
[2026-04-03T02:03:27.157+0600][19.639s][info][gc,metaspace] GC(16) O: Metaspace: 64M used, 65M committed, 1088M reserved
[2026-04-03T02:03:27.157+0600][19.639s][info][gc,ref      ] GC(16) O:                       Encountered   Discovered     Enqueued 
[2026-04-03T02:03:27.157+0600][19.639s][info][gc,ref      ] GC(16) O: Soft References:             4785            0            0 
[2026-04-03T02:03:27.157+0600][19.639s][info][gc,ref      ] GC(16) O: Weak References:             5997         4292          279 
[2026-04-03T02:03:27.157+0600][19.639s][info][gc,ref      ] GC(16) O: Final References:              82            0            0 
[2026-04-03T02:03:27.157+0600][19.639s][info][gc,ref      ] GC(16) O: Phantom References:           594          535            0 
[2026-04-03T02:03:27.157+0600][19.639s][info][gc,reloc    ] GC(16) O:                        Candidates     Selected     In-Place         Size        Empty    Relocated 
[2026-04-03T02:03:27.157+0600][19.639s][info][gc,reloc    ] GC(16) O: Small Pages:                  105            5            0         210M           4M           0M 
[2026-04-03T02:03:27.157+0600][19.639s][info][gc,reloc    ] GC(16) O: Medium Pages:                   1            0            0          32M           0M           0M 
[2026-04-03T02:03:27.157+0600][19.639s][info][gc,reloc    ] GC(16) O: Large Pages:                    2            0            0          12M           0M           0M 
[2026-04-03T02:03:27.157+0600][19.639s][info][gc,reloc    ] GC(16) O: Forwarding Usage: 0M
[2026-04-03T02:03:27.157+0600][19.639s][info][gc,heap     ] GC(16) O: Min Capacity: 8M(0%)
[2026-04-03T02:03:27.157+0600][19.639s][info][gc,heap     ] GC(16) O: Max Capacity: 2000M(100%)
[2026-04-03T02:03:27.157+0600][19.639s][info][gc,heap     ] GC(16) O: Soft Max Capacity: 2000M(100%)
[2026-04-03T02:03:27.157+0600][19.639s][info][gc,heap     ] GC(16) O: Heap Statistics:
[2026-04-03T02:03:27.157+0600][19.639s][info][gc,heap     ] GC(16) O:                Mark Start          Mark End        Relocate Start      Relocate End           High               Low         
[2026-04-03T02:03:27.157+0600][19.639s][info][gc,heap     ] GC(16) O:  Capacity:     1458M (73%)        1458M (73%)        1458M (73%)        1458M (73%)        1458M (73%)        1458M (73%)    
[2026-04-03T02:03:27.157+0600][19.639s][info][gc,heap     ] GC(16) O:      Free:     1746M (87%)        1740M (87%)        1732M (87%)        1738M (87%)        1746M (87%)        1728M (86%)    
[2026-04-03T02:03:27.157+0600][19.639s][info][gc,heap     ] GC(16) O:      Used:      254M (13%)         260M (13%)         268M (13%)         262M (13%)         272M (14%)         254M (13%)    
[2026-04-03T02:03:27.157+0600][19.639s][info][gc,heap     ] GC(16) O: Old Generation Statistics:
[2026-04-03T02:03:27.157+0600][19.639s][info][gc,heap     ] GC(16) O:                Mark Start          Mark End        Relocate Start      Relocate End    
[2026-04-03T02:03:27.157+0600][19.639s][info][gc,heap     ] GC(16) O:      Used:      254M (13%)         254M (13%)         250M (12%)         244M (12%)    
[2026-04-03T02:03:27.157+0600][19.639s][info][gc,heap     ] GC(16) O:      Live:         -               207M (10%)         207M (10%)         207M (10%)    
[2026-04-03T02:03:27.157+0600][19.639s][info][gc,heap     ] GC(16) O:   Garbage:         -                46M (2%)           42M (2%)           30M (2%)     
[2026-04-03T02:03:27.157+0600][19.639s][info][gc,heap     ] GC(16) O: Allocated:         -                 0M (0%)            0M (0%)            5M (0%)     
[2026-04-03T02:03:27.157+0600][19.639s][info][gc,heap     ] GC(16) O: Reclaimed:         -                  -                 4M (0%)           15M (1%)     
[2026-04-03T02:03:27.157+0600][19.639s][info][gc,heap     ] GC(16) O: Compacted:         -                  -                  -                 0M (0%)     
[2026-04-03T02:03:27.157+0600][19.639s][info][gc,phases   ] GC(16) O: Old Generation 256M(13%)->262M(13%) 0.169s
[2026-04-03T02:03:27.157+0600][19.639s][info][gc          ] GC(16) Major Collection (System.gc()) 604M(30%)->262M(13%) 0.198s
[2026-04-03T02:03:27.560+0600][20.042s][info][gc          ] GC(17) Minor Collection (Allocation Rate)
[2026-04-03T02:03:27.560+0600][20.042s][info][gc,task     ] GC(17) Using 1 Workers for Young Generation
[2026-04-03T02:03:27.560+0600][20.043s][info][gc,phases   ] GC(17) y: Young Generation
[2026-04-03T02:03:27.560+0600][20.043s][info][gc,phases   ] GC(17) y: Pause Mark Start 0.022ms
[2026-04-03T02:03:27.572+0600][20.055s][info][gc,phases   ] GC(17) y: Concurrent Mark 11.763ms
[2026-04-03T02:03:27.573+0600][20.055s][info][gc,phases   ] GC(17) y: Pause Mark End 0.037ms
[2026-04-03T02:03:27.573+0600][20.055s][info][gc,phases   ] GC(17) y: Concurrent Mark Free 0.002ms
[2026-04-03T02:03:27.573+0600][20.055s][info][gc,phases   ] GC(17) y: Concurrent Reset Relocation Set 0.000ms
[2026-04-03T02:03:27.575+0600][20.057s][info][gc,reloc    ] GC(17) y: Using tenuring threshold: 1 (Computed)
[2026-04-03T02:03:27.575+0600][20.058s][info][gc,phases   ] GC(17) y: Concurrent Select Relocation Set 2.104ms
[2026-04-03T02:03:27.575+0600][20.058s][info][gc,phases   ] GC(17) y: Pause Relocate Start 0.014ms
[2026-04-03T02:03:27.576+0600][20.059s][info][gc,phases   ] GC(17) y: Concurrent Relocate 0.811ms
[2026-04-03T02:03:27.576+0600][20.059s][info][gc,alloc    ] GC(17) y:                         Mark Start        Mark End      Relocate Start    Relocate End   
[2026-04-03T02:03:27.576+0600][20.059s][info][gc,alloc    ] GC(17) y: Allocation Stalls:          0                0                0                0         
[2026-04-03T02:03:27.576+0600][20.059s][info][gc,load     ] GC(17) y: Load: 3.14 (26%) / 3.69 (31%) / 5.43 (45%)
[2026-04-03T02:03:27.576+0600][20.059s][info][gc,mmu      ] GC(17) y: MMU: 2ms/97.7%, 5ms/99.0%, 10ms/99.4%, 20ms/99.5%, 50ms/99.7%, 100ms/99.8%
[2026-04-03T02:03:27.576+0600][20.059s][info][gc,marking  ] GC(17) y: Mark: 1 stripe(s), 2 proactive flush(es), 1 terminate flush(es), 0 completion(s), 0 continuation(s) 
[2026-04-03T02:03:27.576+0600][20.059s][info][gc,marking  ] GC(17) y: Mark Stack Usage: 32M
[2026-04-03T02:03:27.576+0600][20.059s][info][gc,nmethod  ] GC(17) y: NMethods: 5094 registered, 161 unregistered
[2026-04-03T02:03:27.576+0600][20.059s][info][gc,metaspace] GC(17) y: Metaspace: 64M used, 65M committed, 1088M reserved
[2026-04-03T02:03:27.577+0600][20.059s][info][gc,reloc    ] GC(17) y:                        Candidates     Selected     In-Place         Size        Empty    Relocated 
[2026-04-03T02:03:27.577+0600][20.059s][info][gc,reloc    ] GC(17) y: Small Pages:                  292           20            0         584M         542M           0M 
[2026-04-03T02:03:27.577+0600][20.059s][info][gc,reloc    ] GC(17) y: Medium Pages:                   1            0            0          32M          32M           0M 
[2026-04-03T02:03:27.577+0600][20.059s][info][gc,reloc    ] GC(17) y: Large Pages:                    2            0            0          12M          12M           0M 
[2026-04-03T02:03:27.577+0600][20.059s][info][gc,reloc    ] GC(17) y: Forwarding Usage: 0M
[2026-04-03T02:03:27.577+0600][20.059s][info][gc,reloc    ] GC(17) y: Age Table:
[2026-04-03T02:03:27.577+0600][20.059s][info][gc,reloc    ] GC(17) y:                    Live             Garbage             Small              Medium             Large        
[2026-04-03T02:03:27.577+0600][20.059s][info][gc,reloc    ] GC(17) y: Eden               0M (0%)          627M (31%)        292 / 20             1 / 0              2 / 0        
[2026-04-03T02:03:27.577+0600][20.059s][info][gc,heap     ] GC(17) y: Min Capacity: 8M(0%)
[2026-04-03T02:03:27.577+0600][20.059s][info][gc,heap     ] GC(17) y: Max Capacity: 2000M(100%)
[2026-04-03T02:03:27.577+0600][20.059s][info][gc,heap     ] GC(17) y: Soft Max Capacity: 2000M(100%)
[2026-04-03T02:03:27.577+0600][20.059s][info][gc,heap     ] GC(17) y: Heap Statistics:
[2026-04-03T02:03:27.577+0600][20.059s][info][gc,heap     ] GC(17) y:                Mark Start          Mark End        Relocate Start      Relocate End           High               Low         
[2026-04-03T02:03:27.577+0600][20.059s][info][gc,heap     ] GC(17) y:  Capacity:     1464M (73%)        1464M (73%)        1464M (73%)        1464M (73%)        1464M (73%)        1464M (73%)    
[2026-04-03T02:03:27.577+0600][20.059s][info][gc,heap     ] GC(17) y:      Free:     1128M (56%)        1098M (55%)        1680M (84%)        1714M (86%)        1714M (86%)        1098M (55%)    
[2026-04-03T02:03:27.577+0600][20.059s][info][gc,heap     ] GC(17) y:      Used:      872M (44%)         902M (45%)         320M (16%)         286M (14%)         902M (45%)         286M (14%)    
[2026-04-03T02:03:27.577+0600][20.059s][info][gc,heap     ] GC(17) y: Young Generation Statistics:
[2026-04-03T02:03:27.577+0600][20.059s][info][gc,heap     ] GC(17) y:                Mark Start          Mark End        Relocate Start      Relocate End    
[2026-04-03T02:03:27.577+0600][20.059s][info][gc,heap     ] GC(17) y:      Used:      628M (31%)         658M (33%)          76M (4%)           42M (2%)     
[2026-04-03T02:03:27.577+0600][20.059s][info][gc,heap     ] GC(17) y:      Live:         -                 0M (0%)            0M (0%)            0M (0%)     
[2026-04-03T02:03:27.577+0600][20.059s][info][gc,heap     ] GC(17) y:   Garbage:         -               627M (31%)          41M (2%)            0M (0%)     
[2026-04-03T02:03:27.577+0600][20.059s][info][gc,heap     ] GC(17) y: Allocated:         -                30M (2%)           34M (2%)           41M (2%)     
[2026-04-03T02:03:27.577+0600][20.059s][info][gc,heap     ] GC(17) y: Reclaimed:         -                  -               586M (29%)         627M (31%)    
[2026-04-03T02:03:27.577+0600][20.059s][info][gc,heap     ] GC(17) y:  Promoted:         -                  -                 0M (0%)            0M (0%)     
[2026-04-03T02:03:27.577+0600][20.059s][info][gc,heap     ] GC(17) y: Compacted:         -                  -                  -                 0M (0%)     
[2026-04-03T02:03:27.577+0600][20.059s][info][gc,phases   ] GC(17) y: Young Generation 872M(44%)->286M(14%) 0.016s
[2026-04-03T02:03:27.577+0600][20.059s][info][gc          ] GC(17) Minor Collection (Allocation Rate) 872M(44%)->288M(14%) 0.017s
[2026-04-03T02:03:28.007+0600][20.489s][info][gc          ] GC(18) Minor Collection (Allocation Rate)
[2026-04-03T02:03:28.007+0600][20.489s][info][gc,task     ] GC(18) Using 1 Workers for Young Generation
[2026-04-03T02:03:28.007+0600][20.489s][info][gc,phases   ] GC(18) y: Young Generation
[2026-04-03T02:03:28.007+0600][20.489s][info][gc,phases   ] GC(18) y: Pause Mark Start 0.014ms
[2026-04-03T02:03:28.017+0600][20.499s][info][gc,phases   ] GC(18) y: Concurrent Mark 9.967ms
[2026-04-03T02:03:28.017+0600][20.499s][info][gc,phases   ] GC(18) y: Pause Mark End 0.017ms
[2026-04-03T02:03:28.017+0600][20.499s][info][gc,phases   ] GC(18) y: Concurrent Mark Free 0.002ms
[2026-04-03T02:03:28.017+0600][20.499s][info][gc,phases   ] GC(18) y: Concurrent Reset Relocation Set 0.004ms
[2026-04-03T02:03:28.020+0600][20.502s][info][gc,reloc    ] GC(18) y: Using tenuring threshold: 2 (Computed)
[2026-04-03T02:03:28.020+0600][20.503s][info][gc,phases   ] GC(18) y: Concurrent Select Relocation Set 3.366ms
[2026-04-03T02:03:28.021+0600][20.503s][info][gc,phases   ] GC(18) y: Pause Relocate Start 0.015ms
[2026-04-03T02:03:28.021+0600][20.504s][info][gc,phases   ] GC(18) y: Concurrent Relocate 0.514ms
[2026-04-03T02:03:28.021+0600][20.504s][info][gc,alloc    ] GC(18) y:                         Mark Start        Mark End      Relocate Start    Relocate End   
[2026-04-03T02:03:28.021+0600][20.504s][info][gc,alloc    ] GC(18) y: Allocation Stalls:          0                0                0                0         
[2026-04-03T02:03:28.021+0600][20.504s][info][gc,load     ] GC(18) y: Load: 3.14 (26%) / 3.69 (31%) / 5.43 (45%)
[2026-04-03T02:03:28.021+0600][20.504s][info][gc,mmu      ] GC(18) y: MMU: 2ms/97.7%, 5ms/99.0%, 10ms/99.4%, 20ms/99.5%, 50ms/99.7%, 100ms/99.8%
[2026-04-03T02:03:28.021+0600][20.504s][info][gc,marking  ] GC(18) y: Mark: 1 stripe(s), 2 proactive flush(es), 1 terminate flush(es), 0 completion(s), 0 continuation(s) 
[2026-04-03T02:03:28.021+0600][20.504s][info][gc,marking  ] GC(18) y: Mark Stack Usage: 32M
[2026-04-03T02:03:28.021+0600][20.504s][info][gc,nmethod  ] GC(18) y: NMethods: 5134 registered, 161 unregistered
[2026-04-03T02:03:28.021+0600][20.504s][info][gc,metaspace] GC(18) y: Metaspace: 64M used, 65M committed, 1088M reserved
[2026-04-03T02:03:28.021+0600][20.504s][info][gc,reloc    ] GC(18) y:                        Candidates     Selected     In-Place         Size        Empty    Relocated 
[2026-04-03T02:03:28.021+0600][20.504s][info][gc,reloc    ] GC(18) y: Small Pages:                  572            8            0        1144M        1126M           0M 
[2026-04-03T02:03:28.021+0600][20.504s][info][gc,reloc    ] GC(18) y: Medium Pages:                   1            0            0          32M          32M           0M 
[2026-04-03T02:03:28.021+0600][20.504s][info][gc,reloc    ] GC(18) y: Large Pages:                    0            0            0           0M           0M           0M 
[2026-04-03T02:03:28.021+0600][20.504s][info][gc,reloc    ] GC(18) y: Forwarding Usage: 0M
[2026-04-03T02:03:28.021+0600][20.504s][info][gc,reloc    ] GC(18) y: Age Table:
[2026-04-03T02:03:28.021+0600][20.504s][info][gc,reloc    ] GC(18) y:                    Live             Garbage             Small              Medium             Large        
[2026-04-03T02:03:28.021+0600][20.504s][info][gc,reloc    ] GC(18) y: Eden               0M (0%)         1169M (58%)        569 / 7              1 / 0              0 / 0        
[2026-04-03T02:03:28.021+0600][20.504s][info][gc,reloc    ] GC(18) y: Survivor 1         0M (0%)            5M (0%)           3 / 1              0 / 0              0 / 0        
[2026-04-03T02:03:28.021+0600][20.504s][info][gc,heap     ] GC(18) y: Min Capacity: 8M(0%)
[2026-04-03T02:03:28.021+0600][20.504s][info][gc,heap     ] GC(18) y: Max Capacity: 2000M(100%)
[2026-04-03T02:03:28.021+0600][20.504s][info][gc,heap     ] GC(18) y: Soft Max Capacity: 2000M(100%)
[2026-04-03T02:03:28.021+0600][20.504s][info][gc,heap     ] GC(18) y: Heap Statistics:
[2026-04-03T02:03:28.021+0600][20.504s][info][gc,heap     ] GC(18) y:                Mark Start          Mark End        Relocate Start      Relocate End           High               Low         
[2026-04-03T02:03:28.021+0600][20.504s][info][gc,heap     ] GC(18) y:  Capacity:     1464M (73%)        1464M (73%)        1464M (73%)        1464M (73%)        1464M (73%)        1464M (73%)    
[2026-04-03T02:03:28.021+0600][20.504s][info][gc,heap     ] GC(18) y:      Free:      580M (29%)         566M (28%)        1716M (86%)        1728M (86%)        1730M (86%)         562M (28%)    
[2026-04-03T02:03:28.021+0600][20.504s][info][gc,heap     ] GC(18) y:      Used:     1420M (71%)        1434M (72%)         284M (14%)         272M (14%)        1438M (72%)         270M (14%)    
[2026-04-03T02:03:28.021+0600][20.504s][info][gc,heap     ] GC(18) y: Young Generation Statistics:
[2026-04-03T02:03:28.021+0600][20.504s][info][gc,heap     ] GC(18) y:                Mark Start          Mark End        Relocate Start      Relocate End    
[2026-04-03T02:03:28.021+0600][20.504s][info][gc,heap     ] GC(18) y:      Used:     1176M (59%)        1190M (60%)          40M (2%)           28M (1%)     
[2026-04-03T02:03:28.021+0600][20.504s][info][gc,heap     ] GC(18) y:      Live:         -                 0M (0%)            0M (0%)            0M (0%)     
[2026-04-03T02:03:28.021+0600][20.504s][info][gc,heap     ] GC(18) y:   Garbage:         -              1175M (59%)          17M (1%)            0M (0%)     
[2026-04-03T02:03:28.021+0600][20.504s][info][gc,heap     ] GC(18) y: Allocated:         -                14M (1%)           22M (1%)           27M (1%)     
[2026-04-03T02:03:28.021+0600][20.504s][info][gc,heap     ] GC(18) y: Reclaimed:         -                  -              1158M (58%)        1175M (59%)    
[2026-04-03T02:03:28.021+0600][20.504s][info][gc,heap     ] GC(18) y:  Promoted:         -                  -                 0M (0%)            0M (0%)     
[2026-04-03T02:03:28.022+0600][20.504s][info][gc,heap     ] GC(18) y: Compacted:         -                  -                  -                 0M (0%)     
[2026-04-03T02:03:28.022+0600][20.504s][info][gc,phases   ] GC(18) y: Young Generation 1420M(71%)->272M(14%) 0.015s
[2026-04-03T02:03:28.022+0600][20.504s][info][gc          ] GC(18) Minor Collection (Allocation Rate) 1420M(71%)->272M(14%) 0.015s
[2026-04-03T02:03:28.698+0600][21.180s][info][gc,exit     ] Stopping ZGC
[2026-04-03T02:03:28.698+0600][21.180s][info][gc,stats    ] === Garbage Collection Statistics =======================================================================================================================
[2026-04-03T02:03:28.698+0600][21.180s][info][gc,stats    ]                                                              Last 10s              Last 10m              Last 10h                Total
[2026-04-03T02:03:28.698+0600][21.180s][info][gc,stats    ]                                                              Avg / Max             Avg / Max             Avg / Max             Avg / Max
[2026-04-03T02:03:28.698+0600][21.180s][info][gc,stats    ]        Contention: Mark Segment Reset Contention                     4 / 25                5 / 34                5 / 34                5 / 34          ops/s
[2026-04-03T02:03:28.698+0600][21.180s][info][gc,stats    ]        Contention: Mark SeqNum Reset Contention                      0 / 1                 0 / 3                 0 / 3                 0 / 3           ops/s
[2026-04-03T02:03:28.698+0600][21.180s][info][gc,stats    ]          Critical: Allocation Stall                                  0 / 0                 0 / 0                 0 / 0                 0 / 0           ops/s
[2026-04-03T02:03:28.698+0600][21.181s][info][gc,stats    ]          Critical: Allocation Stall                              0.000 / 0.000         0.000 / 0.000         0.000 / 0.000         0.000 / 0.000       ms
[2026-04-03T02:03:28.698+0600][21.181s][info][gc,stats    ]          Critical: JNI Critical Stall                                0 / 0                 0 / 2                 0 / 2                 0 / 2           ops/s
[2026-04-03T02:03:28.698+0600][21.181s][info][gc,stats    ]          Critical: JNI Critical Stall                            0.000 / 0.000         0.318 / 0.396         0.318 / 0.396         0.318 / 0.396       ms
[2026-04-03T02:03:28.698+0600][21.181s][info][gc,stats    ]          Critical: Relocation Stall                                  0 / 0                 0 / 0                 0 / 0                 0 / 0           ops/s
[2026-04-03T02:03:28.698+0600][21.181s][info][gc,stats    ]          Critical: Relocation Stall                              0.000 / 0.000         0.000 / 0.000         0.000 / 0.000         0.000 / 0.000       ms
[2026-04-03T02:03:28.698+0600][21.181s][info][gc,stats    ]  Major Collection: Major Collection                            282.263 / 586.345     221.779 / 586.345     221.779 / 586.345     221.779 / 586.345     ms
[2026-04-03T02:03:28.698+0600][21.181s][info][gc,stats    ]            Memory: Allocation Rate                                 802 / 1598            494 / 1598            494 / 1598            494 / 1598        MB/s
[2026-04-03T02:03:28.698+0600][21.181s][info][gc,stats    ]            Memory: Defragment                                        3 / 27                2 / 27                2 / 27                2 / 27          ops/s
[2026-04-03T02:03:28.698+0600][21.181s][info][gc,stats    ]            Memory: Out Of Memory                                     0 / 0                 0 / 0                 0 / 0                 0 / 0           ops/s
[2026-04-03T02:03:28.698+0600][21.181s][info][gc,stats    ]            Memory: Page Cache Flush                                  6 / 54                4 / 54                4 / 54                4 / 54          MB/s
[2026-04-03T02:03:28.698+0600][21.181s][info][gc,stats    ]            Memory: Page Cache Hit L1                               370 / 825             212 / 825             212 / 825             212 / 825         ops/s
[2026-04-03T02:03:28.698+0600][21.181s][info][gc,stats    ]            Memory: Page Cache Hit L2                                 0 / 0                 0 / 0                 0 / 0                 0 / 0           ops/s
[2026-04-03T02:03:28.698+0600][21.181s][info][gc,stats    ]            Memory: Page Cache Hit L3                                 3 / 23                7 / 106               7 / 106               7 / 106         ops/s
[2026-04-03T02:03:28.698+0600][21.181s][info][gc,stats    ]            Memory: Page Cache Miss                                  22 / 190              25 / 190              25 / 190              25 / 190         ops/s
[2026-04-03T02:03:28.698+0600][21.181s][info][gc,stats    ]            Memory: Uncommit                                          0 / 0                 0 / 0                 0 / 0                 0 / 0           MB/s
[2026-04-03T02:03:28.698+0600][21.181s][info][gc,stats    ]            Memory: Undo Object Allocation Failed                     0 / 0                 0 / 0                 0 / 0                 0 / 0           ops/s
[2026-04-03T02:03:28.698+0600][21.181s][info][gc,stats    ]            Memory: Undo Object Allocation Succeeded                  0 / 0                 0 / 0                 0 / 0                 0 / 0           ops/s
[2026-04-03T02:03:28.698+0600][21.181s][info][gc,stats    ]            Memory: Undo Page Allocation                              0 / 0                 0 / 0                 0 / 0                 0 / 0           ops/s
[2026-04-03T02:03:28.698+0600][21.181s][info][gc,stats    ]  Minor Collection: Minor Collection                            108.310 / 318.262     108.310 / 318.262     108.310 / 318.262     108.310 / 318.262     ms
[2026-04-03T02:03:28.698+0600][21.181s][info][gc,stats    ]    Old Generation: Old Generation                              200.213 / 384.849     109.150 / 384.849     109.150 / 384.849     109.150 / 384.849     ms
[2026-04-03T02:03:28.698+0600][21.181s][info][gc,stats    ]         Old Pause: Pause Mark End                                0.028 / 0.036         0.025 / 0.036         0.025 / 0.036         0.025 / 0.036       ms
[2026-04-03T02:03:28.698+0600][21.181s][info][gc,stats    ]         Old Pause: Pause Relocate Start                          0.024 / 0.028         0.023 / 0.031         0.023 / 0.031         0.023 / 0.031       ms
[2026-04-03T02:03:28.698+0600][21.181s][info][gc,stats    ]         Old Phase: Concurrent Mark                             157.982 / 319.131      73.612 / 319.131      73.612 / 319.131      73.612 / 319.131     ms
[2026-04-03T02:03:28.698+0600][21.181s][info][gc,stats    ]         Old Phase: Concurrent Mark Continue                      0.000 / 0.000         0.000 / 0.000         0.000 / 0.000         0.000 / 0.000       ms
[2026-04-03T02:03:28.698+0600][21.181s][info][gc,stats    ]         Old Phase: Concurrent Mark Free                          0.002 / 0.003         0.004 / 0.019         0.004 / 0.019         0.004 / 0.019       ms
[2026-04-03T02:03:28.698+0600][21.181s][info][gc,stats    ]         Old Phase: Concurrent Process Non-Strong                14.048 / 29.382       10.541 / 29.382       10.541 / 29.382       10.541 / 29.382      ms
[2026-04-03T02:03:28.698+0600][21.181s][info][gc,stats    ]         Old Phase: Concurrent Relocate                           6.021 / 8.241         3.236 / 8.241         3.236 / 8.241         3.236 / 8.241       ms
[2026-04-03T02:03:28.698+0600][21.181s][info][gc,stats    ]         Old Phase: Concurrent Remap Roots                       17.173 / 21.830       17.236 / 21.830       17.236 / 21.830       17.236 / 21.830      ms
[2026-04-03T02:03:28.698+0600][21.181s][info][gc,stats    ]         Old Phase: Concurrent Reset Relocation Set               0.003 / 0.005         0.002 / 0.005         0.002 / 0.005         0.002 / 0.005       ms
[2026-04-03T02:03:28.698+0600][21.181s][info][gc,stats    ]         Old Phase: Concurrent Select Relocation Set              4.084 / 6.844         3.564 / 6.844         3.564 / 6.844         3.564 / 6.844       ms
[2026-04-03T02:03:28.698+0600][21.181s][info][gc,stats    ]      Old Subphase: Concurrent Classes Purge                      0.337 / 0.782         0.245 / 0.782         0.245 / 0.782         0.245 / 0.782       ms
[2026-04-03T02:03:28.698+0600][21.181s][info][gc,stats    ]      Old Subphase: Concurrent Classes Unlink                    11.117 / 24.369        8.084 / 24.369        8.084 / 24.369        8.084 / 24.369      ms
[2026-04-03T02:03:28.698+0600][21.181s][info][gc,stats    ]      Old Subphase: Concurrent Mark Follow                      157.291 / 317.982      72.876 / 317.982      72.876 / 317.982      72.876 / 317.982     ms
[2026-04-03T02:03:28.698+0600][21.181s][info][gc,stats    ]      Old Subphase: Concurrent Mark Root Colored                  0.208 / 0.463         0.154 / 0.463         0.154 / 0.463         0.154 / 0.463       ms
[2026-04-03T02:03:28.698+0600][21.181s][info][gc,stats    ]      Old Subphase: Concurrent Mark Root Uncolored                0.295 / 0.826         0.346 / 0.869         0.346 / 0.869         0.346 / 0.869       ms
[2026-04-03T02:03:28.698+0600][21.181s][info][gc,stats    ]      Old Subphase: Concurrent Mark Roots                         0.684 / 1.140         0.730 / 1.140         0.730 / 1.140         0.730 / 1.140       ms
[2026-04-03T02:03:28.698+0600][21.181s][info][gc,stats    ]      Old Subphase: Concurrent References Enqueue                 0.008 / 0.014         0.004 / 0.014         0.004 / 0.014         0.004 / 0.014       ms
[2026-04-03T02:03:28.698+0600][21.181s][info][gc,stats    ]      Old Subphase: Concurrent References Process                 0.969 / 1.661         0.538 / 1.661         0.538 / 1.661         0.538 / 1.661       ms
[2026-04-03T02:03:28.698+0600][21.181s][info][gc,stats    ]      Old Subphase: Concurrent Remap Remembered                  14.253 / 16.530       14.255 / 19.799       14.255 / 19.799       14.255 / 19.799      ms
[2026-04-03T02:03:28.698+0600][21.181s][info][gc,stats    ]      Old Subphase: Concurrent Remap Roots Colored                1.025 / 2.883         1.244 / 2.883         1.244 / 2.883         1.244 / 2.883       ms
[2026-04-03T02:03:28.698+0600][21.181s][info][gc,stats    ]      Old Subphase: Concurrent Remap Roots Uncolored              1.527 / 2.137         1.105 / 2.137         1.105 / 2.137         1.105 / 2.137       ms
[2026-04-03T02:03:28.698+0600][21.181s][info][gc,stats    ]      Old Subphase: Concurrent Roots ClassLoaderDataGraph         0.534 / 2.601         0.704 / 2.601         0.704 / 2.601         0.704 / 2.601       ms
[2026-04-03T02:03:28.698+0600][21.181s][info][gc,stats    ]      Old Subphase: Concurrent Roots CodeCache                    1.470 / 1.958         1.074 / 1.958         1.074 / 1.958         1.074 / 1.958       ms
[2026-04-03T02:03:28.698+0600][21.181s][info][gc,stats    ]      Old Subphase: Concurrent Roots JavaThreads                  0.134 / 0.825         0.124 / 0.868         0.124 / 0.868         0.124 / 0.868       ms
[2026-04-03T02:03:28.698+0600][21.181s][info][gc,stats    ]      Old Subphase: Concurrent Roots OopStorageSet                0.017 / 0.047         0.015 / 0.047         0.015 / 0.047         0.015 / 0.047       ms
[2026-04-03T02:03:28.698+0600][21.181s][info][gc,stats    ]      Old Subphase: Concurrent Weak Roots OopStorageSet           0.448 / 1.992         0.446 / 2.167         0.446 / 2.167         0.446 / 2.167       ms
[2026-04-03T02:03:28.698+0600][21.181s][info][gc,stats    ]            System: Java Threads                                     69 / 103              58 / 103              58 / 103              58 / 103         threads
[2026-04-03T02:03:28.698+0600][21.181s][info][gc,stats    ]  Young Generation: Young Generation                            200.294 / 200.294     146.988 / 378.454     146.988 / 378.454     146.988 / 378.454     ms
[2026-04-03T02:03:28.698+0600][21.181s][info][gc,stats    ]  Young Generation: Young Generation                            107.859 / 317.729     107.859 / 317.729     107.859 / 317.729     107.859 / 317.729     ms
[2026-04-03T02:03:28.698+0600][21.181s][info][gc,stats    ]  Young Generation: Young Generation (Collect Roots)             13.309 / 15.451       13.309 / 15.451       13.309 / 15.451       13.309 / 15.451      ms
[2026-04-03T02:03:28.698+0600][21.181s][info][gc,stats    ]  Young Generation: Young Generation (Promote All)               27.933 / 52.722       27.933 / 52.722       27.933 / 52.722       27.933 / 52.722      ms
[2026-04-03T02:03:28.698+0600][21.181s][info][gc,stats    ]       Young Pause: Pause Mark End                                0.024 / 0.037         0.023 / 0.037         0.023 / 0.037         0.023 / 0.037       ms
[2026-04-03T02:03:28.698+0600][21.181s][info][gc,stats    ]       Young Pause: Pause Mark Start                              0.022 / 0.034         0.022 / 0.034         0.022 / 0.034         0.022 / 0.034       ms
[2026-04-03T02:03:28.698+0600][21.181s][info][gc,stats    ]       Young Pause: Pause Mark Start (Major)                      0.023 / 0.030         0.021 / 0.030         0.021 / 0.030         0.021 / 0.030       ms
[2026-04-03T02:03:28.698+0600][21.181s][info][gc,stats    ]       Young Pause: Pause Relocate Start                          0.019 / 0.046         0.019 / 0.046         0.019 / 0.046         0.019 / 0.046       ms
[2026-04-03T02:03:28.698+0600][21.181s][info][gc,stats    ]       Young Phase: Concurrent Mark                              51.271 / 204.987      63.149 / 330.830      63.149 / 330.830      63.149 / 330.830     ms
[2026-04-03T02:03:28.698+0600][21.181s][info][gc,stats    ]       Young Phase: Concurrent Mark Continue                      0.000 / 0.000         0.000 / 0.000         0.000 / 0.000         0.000 / 0.000       ms
[2026-04-03T02:03:28.698+0600][21.181s][info][gc,stats    ]       Young Phase: Concurrent Mark Free                          0.041 / 0.334         0.032 / 0.334         0.032 / 0.334         0.032 / 0.334       ms
[2026-04-03T02:03:28.698+0600][21.181s][info][gc,stats    ]       Young Phase: Concurrent Relocate                          19.266 / 89.621       20.284 / 89.621       20.284 / 89.621       20.284 / 89.621      ms
[2026-04-03T02:03:28.698+0600][21.181s][info][gc,stats    ]       Young Phase: Concurrent Reset Relocation Set               0.026 / 0.105         0.024 / 0.105         0.024 / 0.105         0.024 / 0.105       ms
[2026-04-03T02:03:28.698+0600][21.181s][info][gc,stats    ]       Young Phase: Concurrent Select Relocation Set             10.720 / 39.183       10.049 / 39.183       10.049 / 39.183       10.049 / 39.183      ms
[2026-04-03T02:03:28.698+0600][21.181s][info][gc,stats    ]    Young Subphase: Concurrent Mark Follow                       44.941 / 198.319      57.124 / 326.670      57.124 / 326.670      57.124 / 326.670     ms
[2026-04-03T02:03:28.698+0600][21.181s][info][gc,stats    ]    Young Subphase: Concurrent Mark Root Colored                  3.653 / 5.024         3.447 / 5.024         3.447 / 5.024         3.447 / 5.024       ms
[2026-04-03T02:03:28.698+0600][21.181s][info][gc,stats    ]    Young Subphase: Concurrent Mark Root Uncolored                2.389 / 4.844         2.211 / 4.844         2.211 / 4.844         2.211 / 4.844       ms
[2026-04-03T02:03:28.698+0600][21.181s][info][gc,stats    ]    Young Subphase: Concurrent Mark Roots                         6.322 / 7.387         6.018 / 7.387         6.018 / 7.387         6.018 / 7.387       ms
[2026-04-03T02:03:28.698+0600][21.181s][info][gc,stats    ]    Young Subphase: Concurrent Relocate Remset FP                 7.126 / 49.624        5.750 / 49.624        5.750 / 49.624        5.750 / 49.624      ms
[2026-04-03T02:03:28.698+0600][21.181s][info][gc,stats    ]    Young Subphase: Concurrent Roots ClassLoaderDataGraph         2.822 / 4.083         2.612 / 4.083         2.612 / 4.083         2.612 / 4.083       ms
[2026-04-03T02:03:28.698+0600][21.181s][info][gc,stats    ]    Young Subphase: Concurrent Roots CodeCache                    1.997 / 3.977         1.767 / 3.977         1.767 / 3.977         1.767 / 3.977       ms
[2026-04-03T02:03:28.698+0600][21.181s][info][gc,stats    ]    Young Subphase: Concurrent Roots JavaThreads                  0.204 / 1.250         0.229 / 1.944         0.229 / 1.944         0.229 / 1.944       ms
[2026-04-03T02:03:28.698+0600][21.181s][info][gc,stats    ]    Young Subphase: Concurrent Roots OopStorageSet                0.037 / 0.100         0.043 / 0.107         0.043 / 0.107         0.043 / 0.107       ms
[2026-04-03T02:03:28.698+0600][21.181s][info][gc,stats    ]    Young Subphase: Concurrent Weak Roots OopStorageSet           0.798 / 1.472         0.796 / 2.121         0.796 / 2.121         0.796 / 2.121       ms
[2026-04-03T02:03:28.698+0600][21.181s][info][gc,stats    ] =========================================================================================================================================================
[2026-04-03T02:03:28.699+0600][21.181s][info][gc,heap,exit] Heap
[2026-04-03T02:03:28.699+0600][21.181s][info][gc,heap,exit]  ZHeap           used 330M, capacity 1464M, max capacity 2000M
[2026-04-03T02:03:28.699+0600][21.181s][info][gc,heap,exit]  Metaspace       used 66744K, committed 67648K, reserved 1114112K
[2026-04-03T02:03:28.699+0600][21.181s][info][gc,heap,exit]   class space    used 8514K, committed 8896K, reserved 1048576K
