[2026-04-03T01:34:31.257+0600][0.005s][info][gc,init] CardTable entry size: 512
[2026-04-03T01:34:31.257+0600][0.005s][info][gc     ] Using G1
[2026-04-03T01:34:31.260+0600][0.008s][info][gc,init] Version: 21.0.10+7-Ubuntu-124.04 (release)
[2026-04-03T01:34:31.260+0600][0.008s][info][gc,init] CPUs: 12 total, 12 available
[2026-04-03T01:34:31.260+0600][0.008s][info][gc,init] Memory: 15683M
[2026-04-03T01:34:31.260+0600][0.008s][info][gc,init] Large Page Support: Disabled
[2026-04-03T01:34:31.260+0600][0.008s][info][gc,init] NUMA Support: Disabled
[2026-04-03T01:34:31.260+0600][0.008s][info][gc,init] Compressed Oops: Enabled (Zero based)
[2026-04-03T01:34:31.260+0600][0.008s][info][gc,init] Heap Region Size: 2M
[2026-04-03T01:34:31.260+0600][0.008s][info][gc,init] Heap Min Capacity: 8M
[2026-04-03T01:34:31.260+0600][0.008s][info][gc,init] Heap Initial Capacity: 246M
[2026-04-03T01:34:31.260+0600][0.008s][info][gc,init] Heap Max Capacity: 3922M
[2026-04-03T01:34:31.260+0600][0.008s][info][gc,init] Pre-touch: Disabled
[2026-04-03T01:34:31.260+0600][0.008s][info][gc,init] Parallel Workers: 10
[2026-04-03T01:34:31.260+0600][0.008s][info][gc,init] Concurrent Workers: 2
[2026-04-03T01:34:31.260+0600][0.008s][info][gc,init] Concurrent Refinement Workers: 10
[2026-04-03T01:34:31.260+0600][0.008s][info][gc,init] Periodic GC: Disabled
[2026-04-03T01:34:31.278+0600][0.027s][info][gc,metaspace] CDS archive(s) mapped at: [0x000075471f000000-0x000075471fc9c000-0x000075471fc9c000), size 13221888, SharedBaseAddress: 0x000075471f000000, ArchiveRelocationMode: 1.
[2026-04-03T01:34:31.278+0600][0.027s][info][gc,metaspace] Compressed class space mapped at: 0x0000754720000000-0x0000754760000000, reserved size: 1073741824
[2026-04-03T01:34:31.278+0600][0.027s][info][gc,metaspace] Narrow klass base: 0x000075471f000000, Narrow klass shift: 0, Narrow klass range: 0x100000000
[2026-04-03T01:34:31.656+0600][0.404s][info][gc,start    ] GC(0) Pause Young (Normal) (G1 Evacuation Pause)
[2026-04-03T01:34:31.657+0600][0.406s][info][gc,task     ] GC(0) Using 5 workers of 10 for evacuation
[2026-04-03T01:34:31.661+0600][0.409s][info][gc,phases   ] GC(0)   Pre Evacuate Collection Set: 0.15ms
[2026-04-03T01:34:31.661+0600][0.409s][info][gc,phases   ] GC(0)   Merge Heap Roots: 0.30ms
[2026-04-03T01:34:31.661+0600][0.409s][info][gc,phases   ] GC(0)   Evacuate Collection Set: 2.20ms
[2026-04-03T01:34:31.661+0600][0.409s][info][gc,phases   ] GC(0)   Post Evacuate Collection Set: 0.49ms
[2026-04-03T01:34:31.661+0600][0.409s][info][gc,phases   ] GC(0)   Other: 1.35ms
[2026-04-03T01:34:31.661+0600][0.409s][info][gc,heap     ] GC(0) Eden regions: 11->0(22)
[2026-04-03T01:34:31.661+0600][0.409s][info][gc,heap     ] GC(0) Survivor regions: 0->2(2)
[2026-04-03T01:34:31.661+0600][0.409s][info][gc,heap     ] GC(0) Old regions: 1->1
[2026-04-03T01:34:31.661+0600][0.409s][info][gc,heap     ] GC(0) Humongous regions: 0->0
[2026-04-03T01:34:31.661+0600][0.409s][info][gc,metaspace] GC(0) Metaspace: 2518K(2688K)->2518K(2688K) NonClass: 2289K(2368K)->2289K(2368K) Class: 228K(320K)->228K(320K)
[2026-04-03T01:34:31.661+0600][0.409s][info][gc          ] GC(0) Pause Young (Normal) (G1 Evacuation Pause) 23M->3M(248M) 5.032ms
[2026-04-03T01:34:31.661+0600][0.410s][info][gc,cpu      ] GC(0) User=0.01s Sys=0.00s Real=0.01s
[2026-04-03T01:34:31.810+0600][0.559s][info][gc,start    ] GC(1) Pause Young (Normal) (G1 Evacuation Pause)
[2026-04-03T01:34:31.811+0600][0.559s][info][gc,task     ] GC(1) Using 5 workers of 10 for evacuation
[2026-04-03T01:34:31.814+0600][0.563s][info][gc,phases   ] GC(1)   Pre Evacuate Collection Set: 0.29ms
[2026-04-03T01:34:31.814+0600][0.563s][info][gc,phases   ] GC(1)   Merge Heap Roots: 0.31ms
[2026-04-03T01:34:31.814+0600][0.563s][info][gc,phases   ] GC(1)   Evacuate Collection Set: 1.94ms
[2026-04-03T01:34:31.814+0600][0.563s][info][gc,phases   ] GC(1)   Post Evacuate Collection Set: 0.95ms
[2026-04-03T01:34:31.814+0600][0.563s][info][gc,phases   ] GC(1)   Other: 0.09ms
[2026-04-03T01:34:31.814+0600][0.563s][info][gc,heap     ] GC(1) Eden regions: 22->0(71)
[2026-04-03T01:34:31.814+0600][0.563s][info][gc,heap     ] GC(1) Survivor regions: 2->2(3)
[2026-04-03T01:34:31.814+0600][0.563s][info][gc,heap     ] GC(1) Old regions: 1->1
[2026-04-03T01:34:31.814+0600][0.563s][info][gc,heap     ] GC(1) Humongous regions: 0->0
[2026-04-03T01:34:31.814+0600][0.563s][info][gc,metaspace] GC(1) Metaspace: 3803K(3968K)->3803K(3968K) NonClass: 3370K(3456K)->3370K(3456K) Class: 432K(512K)->432K(512K)
[2026-04-03T01:34:31.814+0600][0.563s][info][gc          ] GC(1) Pause Young (Normal) (G1 Evacuation Pause) 47M->3M(248M) 3.850ms
[2026-04-03T01:34:31.814+0600][0.563s][info][gc,cpu      ] GC(1) User=0.01s Sys=0.01s Real=0.00s
[2026-04-03T01:34:32.448+0600][1.196s][info][gc,start    ] GC(2) Pause Young (Normal) (G1 Evacuation Pause)
[2026-04-03T01:34:32.448+0600][1.196s][info][gc,task     ] GC(2) Using 5 workers of 10 for evacuation
[2026-04-03T01:34:32.453+0600][1.201s][info][gc,phases   ] GC(2)   Pre Evacuate Collection Set: 0.45ms
[2026-04-03T01:34:32.453+0600][1.201s][info][gc,phases   ] GC(2)   Merge Heap Roots: 0.22ms
[2026-04-03T01:34:32.453+0600][1.201s][info][gc,phases   ] GC(2)   Evacuate Collection Set: 2.81ms
[2026-04-03T01:34:32.453+0600][1.201s][info][gc,phases   ] GC(2)   Post Evacuate Collection Set: 0.94ms
[2026-04-03T01:34:32.453+0600][1.201s][info][gc,phases   ] GC(2)   Other: 0.13ms
[2026-04-03T01:34:32.453+0600][1.201s][info][gc,heap     ] GC(2) Eden regions: 71->0(71)
[2026-04-03T01:34:32.453+0600][1.201s][info][gc,heap     ] GC(2) Survivor regions: 2->2(10)
[2026-04-03T01:34:32.453+0600][1.201s][info][gc,heap     ] GC(2) Old regions: 1->1
[2026-04-03T01:34:32.453+0600][1.201s][info][gc,heap     ] GC(2) Humongous regions: 0->0
[2026-04-03T01:34:32.453+0600][1.201s][info][gc,metaspace] GC(2) Metaspace: 9915K(10176K)->9915K(10176K) NonClass: 8656K(8832K)->8656K(8832K) Class: 1259K(1344K)->1259K(1344K)
[2026-04-03T01:34:32.453+0600][1.201s][info][gc          ] GC(2) Pause Young (Normal) (G1 Evacuation Pause) 145M->4M(248M) 4.809ms
[2026-04-03T01:34:32.453+0600][1.201s][info][gc,cpu      ] GC(2) User=0.01s Sys=0.00s Real=0.01s
[2026-04-03T01:34:35.004+0600][3.753s][info][gc,start    ] GC(3) Pause Young (Normal) (G1 Evacuation Pause)
[2026-04-03T01:34:35.004+0600][3.753s][info][gc,task     ] GC(3) Using 5 workers of 10 for evacuation
[2026-04-03T01:34:35.010+0600][3.758s][info][gc,phases   ] GC(3)   Pre Evacuate Collection Set: 0.19ms
[2026-04-03T01:34:35.010+0600][3.759s][info][gc,phases   ] GC(3)   Merge Heap Roots: 0.14ms
[2026-04-03T01:34:35.010+0600][3.759s][info][gc,phases   ] GC(3)   Evacuate Collection Set: 4.61ms
[2026-04-03T01:34:35.010+0600][3.759s][info][gc,phases   ] GC(3)   Post Evacuate Collection Set: 0.70ms
[2026-04-03T01:34:35.010+0600][3.759s][info][gc,phases   ] GC(3)   Other: 0.07ms
[2026-04-03T01:34:35.010+0600][3.759s][info][gc,heap     ] GC(3) Eden regions: 71->0(66)
[2026-04-03T01:34:35.010+0600][3.759s][info][gc,heap     ] GC(3) Survivor regions: 2->7(10)
[2026-04-03T01:34:35.010+0600][3.759s][info][gc,heap     ] GC(3) Old regions: 1->1
[2026-04-03T01:34:35.010+0600][3.759s][info][gc,heap     ] GC(3) Humongous regions: 3->3
[2026-04-03T01:34:35.010+0600][3.759s][info][gc,metaspace] GC(3) Metaspace: 16852K(17088K)->16852K(17088K) NonClass: 14767K(14912K)->14767K(14912K) Class: 2085K(2176K)->2085K(2176K)
[2026-04-03T01:34:35.010+0600][3.759s][info][gc          ] GC(3) Pause Young (Normal) (G1 Evacuation Pause) 152M->19M(248M) 5.935ms
[2026-04-03T01:34:35.010+0600][3.759s][info][gc,cpu      ] GC(3) User=0.03s Sys=0.01s Real=0.01s
[2026-04-03T01:34:35.388+0600][4.136s][info][gc,start    ] GC(4) Pause Young (Concurrent Start) (Metadata GC Threshold)
[2026-04-03T01:34:35.388+0600][4.136s][info][gc,task     ] GC(4) Using 5 workers of 10 for evacuation
[2026-04-03T01:34:35.394+0600][4.143s][info][gc,phases   ] GC(4)   Pre Evacuate Collection Set: 0.39ms
[2026-04-03T01:34:35.394+0600][4.143s][info][gc,phases   ] GC(4)   Merge Heap Roots: 0.06ms
[2026-04-03T01:34:35.394+0600][4.143s][info][gc,phases   ] GC(4)   Evacuate Collection Set: 4.35ms
[2026-04-03T01:34:35.394+0600][4.143s][info][gc,phases   ] GC(4)   Post Evacuate Collection Set: 1.17ms
[2026-04-03T01:34:35.394+0600][4.143s][info][gc,phases   ] GC(4)   Other: 0.10ms
[2026-04-03T01:34:35.394+0600][4.143s][info][gc,heap     ] GC(4) Eden regions: 10->0(67)
[2026-04-03T01:34:35.394+0600][4.143s][info][gc,heap     ] GC(4) Survivor regions: 7->6(10)
[2026-04-03T01:34:35.394+0600][4.143s][info][gc,heap     ] GC(4) Old regions: 1->3
[2026-04-03T01:34:35.394+0600][4.143s][info][gc,heap     ] GC(4) Humongous regions: 3->3
[2026-04-03T01:34:35.394+0600][4.143s][info][gc,metaspace] GC(4) Metaspace: 21240K(21504K)->21240K(21504K) NonClass: 18587K(18688K)->18587K(18688K) Class: 2652K(2816K)->2652K(2816K)
[2026-04-03T01:34:35.394+0600][4.143s][info][gc          ] GC(4) Pause Young (Concurrent Start) (Metadata GC Threshold) 38M->22M(248M) 6.355ms
[2026-04-03T01:34:35.394+0600][4.143s][info][gc,cpu      ] GC(4) User=0.02s Sys=0.00s Real=0.01s
[2026-04-03T01:34:35.394+0600][4.143s][info][gc          ] GC(5) Concurrent Mark Cycle
[2026-04-03T01:34:35.394+0600][4.143s][info][gc,marking  ] GC(5) Concurrent Scan Root Regions
[2026-04-03T01:34:35.398+0600][4.146s][info][gc,marking  ] GC(5) Concurrent Scan Root Regions 3.199ms
[2026-04-03T01:34:35.398+0600][4.146s][info][gc,marking  ] GC(5) Concurrent Mark
[2026-04-03T01:34:35.398+0600][4.146s][info][gc,marking  ] GC(5) Concurrent Mark From Roots
[2026-04-03T01:34:35.398+0600][4.146s][info][gc,task     ] GC(5) Using 2 workers of 2 for marking
[2026-04-03T01:34:35.401+0600][4.149s][info][gc,marking  ] GC(5) Concurrent Mark From Roots 3.079ms
[2026-04-03T01:34:35.401+0600][4.149s][info][gc,marking  ] GC(5) Concurrent Preclean
[2026-04-03T01:34:35.401+0600][4.149s][info][gc,marking  ] GC(5) Concurrent Preclean 0.021ms
[2026-04-03T01:34:35.401+0600][4.149s][info][gc,start    ] GC(5) Pause Remark
[2026-04-03T01:34:35.404+0600][4.153s][info][gc          ] GC(5) Pause Remark 23M->23M(80M) 3.081ms
[2026-04-03T01:34:35.404+0600][4.153s][info][gc,cpu      ] GC(5) User=0.01s Sys=0.00s Real=0.00s
[2026-04-03T01:34:35.404+0600][4.153s][info][gc,marking  ] GC(5) Concurrent Mark 6.522ms
[2026-04-03T01:34:35.404+0600][4.153s][info][gc,marking  ] GC(5) Concurrent Rebuild Remembered Sets and Scrub Regions
[2026-04-03T01:34:35.407+0600][4.155s][info][gc,marking  ] GC(5) Concurrent Rebuild Remembered Sets and Scrub Regions 2.411ms
[2026-04-03T01:34:35.414+0600][4.163s][info][gc,start    ] GC(5) Pause Cleanup
[2026-04-03T01:34:35.414+0600][4.163s][info][gc          ] GC(5) Pause Cleanup 23M->23M(80M) 0.236ms
[2026-04-03T01:34:35.414+0600][4.163s][info][gc,cpu      ] GC(5) User=0.00s Sys=0.00s Real=0.00s
[2026-04-03T01:34:35.414+0600][4.163s][info][gc,marking  ] GC(5) Concurrent Clear Claimed Marks
[2026-04-03T01:34:35.415+0600][4.163s][info][gc,marking  ] GC(5) Concurrent Clear Claimed Marks 0.048ms
[2026-04-03T01:34:35.415+0600][4.163s][info][gc,marking  ] GC(5) Concurrent Cleanup for Next Mark
[2026-04-03T01:34:35.415+0600][4.164s][info][gc,marking  ] GC(5) Concurrent Cleanup for Next Mark 0.752ms
[2026-04-03T01:34:35.415+0600][4.164s][info][gc          ] GC(5) Concurrent Mark Cycle 21.015ms
[2026-04-03T01:34:36.310+0600][5.058s][info][gc,start    ] GC(6) Pause Young (Prepare Mixed) (G1 Evacuation Pause)
[2026-04-03T01:34:36.310+0600][5.058s][info][gc,task     ] GC(6) Using 3 workers of 10 for evacuation
[2026-04-03T01:34:36.318+0600][5.067s][info][gc,phases   ] GC(6)   Pre Evacuate Collection Set: 0.29ms
[2026-04-03T01:34:36.318+0600][5.067s][info][gc,phases   ] GC(6)   Merge Heap Roots: 0.11ms
[2026-04-03T01:34:36.318+0600][5.067s][info][gc,phases   ] GC(6)   Evacuate Collection Set: 6.97ms
[2026-04-03T01:34:36.318+0600][5.067s][info][gc,phases   ] GC(6)   Post Evacuate Collection Set: 1.28ms
[2026-04-03T01:34:36.318+0600][5.067s][info][gc,phases   ] GC(6)   Other: 0.07ms
[2026-04-03T01:34:36.318+0600][5.067s][info][gc,heap     ] GC(6) Eden regions: 27->0(26)
[2026-04-03T01:34:36.318+0600][5.067s][info][gc,heap     ] GC(6) Survivor regions: 6->2(10)
[2026-04-03T01:34:36.318+0600][5.067s][info][gc,heap     ] GC(6) Old regions: 3->8
[2026-04-03T01:34:36.318+0600][5.067s][info][gc,heap     ] GC(6) Humongous regions: 5->4
[2026-04-03T01:34:36.318+0600][5.067s][info][gc,metaspace] GC(6) Metaspace: 28749K(29120K)->28749K(29120K) NonClass: 25158K(25344K)->25158K(25344K) Class: 3590K(3776K)->3590K(3776K)
[2026-04-03T01:34:36.319+0600][5.067s][info][gc          ] GC(6) Pause Young (Prepare Mixed) (G1 Evacuation Pause) 80M->25M(96M) 8.985ms
[2026-04-03T01:34:36.319+0600][5.067s][info][gc,cpu      ] GC(6) User=0.01s Sys=0.01s Real=0.01s
[2026-04-03T01:34:38.190+0600][6.939s][info][gc,start    ] GC(7) Pause Young (Mixed) (G1 Evacuation Pause)
[2026-04-03T01:34:38.191+0600][6.939s][info][gc,task     ] GC(7) Using 2 workers of 10 for evacuation
[2026-04-03T01:34:38.202+0600][6.951s][info][gc,phases   ] GC(7)   Pre Evacuate Collection Set: 0.30ms
[2026-04-03T01:34:38.203+0600][6.951s][info][gc,phases   ] GC(7)   Merge Heap Roots: 0.17ms
[2026-04-03T01:34:38.203+0600][6.951s][info][gc,phases   ] GC(7)   Evacuate Collection Set: 10.44ms
[2026-04-03T01:34:38.203+0600][6.951s][info][gc,phases   ] GC(7)   Post Evacuate Collection Set: 0.89ms
[2026-04-03T01:34:38.203+0600][6.951s][info][gc,phases   ] GC(7)   Other: 0.11ms
[2026-04-03T01:34:38.203+0600][6.951s][info][gc,heap     ] GC(7) Eden regions: 26->0(28)
[2026-04-03T01:34:38.203+0600][6.951s][info][gc,heap     ] GC(7) Survivor regions: 2->3(4)
[2026-04-03T01:34:38.203+0600][6.951s][info][gc,heap     ] GC(7) Old regions: 8->8
[2026-04-03T01:34:38.203+0600][6.951s][info][gc,heap     ] GC(7) Humongous regions: 12->3
[2026-04-03T01:34:38.203+0600][6.951s][info][gc,metaspace] GC(7) Metaspace: 35850K(36224K)->35850K(36224K) NonClass: 31377K(31616K)->31377K(31616K) Class: 4472K(4608K)->4472K(4608K)
[2026-04-03T01:34:38.203+0600][6.951s][info][gc          ] GC(7) Pause Young (Mixed) (G1 Evacuation Pause) 93M->25M(104M) 12.148ms
[2026-04-03T01:34:38.203+0600][6.951s][info][gc,cpu      ] GC(7) User=0.02s Sys=0.01s Real=0.01s
[2026-04-03T01:34:38.209+0600][6.958s][info][gc,start    ] GC(8) Pause Young (Concurrent Start) (Metadata GC Threshold)
[2026-04-03T01:34:38.210+0600][6.958s][info][gc,task     ] GC(8) Using 2 workers of 10 for evacuation
[2026-04-03T01:34:38.218+0600][6.966s][info][gc,phases   ] GC(8)   Pre Evacuate Collection Set: 0.19ms
[2026-04-03T01:34:38.218+0600][6.966s][info][gc,phases   ] GC(8)   Merge Heap Roots: 0.22ms
[2026-04-03T01:34:38.218+0600][6.966s][info][gc,phases   ] GC(8)   Evacuate Collection Set: 6.82ms
[2026-04-03T01:34:38.218+0600][6.966s][info][gc,phases   ] GC(8)   Post Evacuate Collection Set: 1.04ms
[2026-04-03T01:34:38.218+0600][6.966s][info][gc,phases   ] GC(8)   Other: 0.12ms
[2026-04-03T01:34:38.218+0600][6.967s][info][gc,heap     ] GC(8) Eden regions: 1->0(29)
[2026-04-03T01:34:38.218+0600][6.967s][info][gc,heap     ] GC(8) Survivor regions: 3->2(4)
[2026-04-03T01:34:38.218+0600][6.967s][info][gc,heap     ] GC(8) Old regions: 8->9
[2026-04-03T01:34:38.218+0600][6.967s][info][gc,heap     ] GC(8) Humongous regions: 3->3
[2026-04-03T01:34:38.218+0600][6.967s][info][gc,metaspace] GC(8) Metaspace: 35972K(36288K)->35972K(36288K) NonClass: 31486K(31680K)->31486K(31680K) Class: 4485K(4608K)->4485K(4608K)
[2026-04-03T01:34:38.218+0600][6.967s][info][gc          ] GC(8) Pause Young (Concurrent Start) (Metadata GC Threshold) 26M->25M(104M) 8.632ms
[2026-04-03T01:34:38.218+0600][6.967s][info][gc,cpu      ] GC(8) User=0.02s Sys=0.00s Real=0.01s
[2026-04-03T01:34:38.218+0600][6.967s][info][gc          ] GC(9) Concurrent Mark Cycle
[2026-04-03T01:34:38.218+0600][6.967s][info][gc,marking  ] GC(9) Concurrent Scan Root Regions
[2026-04-03T01:34:38.221+0600][6.970s][info][gc,marking  ] GC(9) Concurrent Scan Root Regions 3.176ms
[2026-04-03T01:34:38.221+0600][6.970s][info][gc,marking  ] GC(9) Concurrent Mark
[2026-04-03T01:34:38.221+0600][6.970s][info][gc,marking  ] GC(9) Concurrent Mark From Roots
[2026-04-03T01:34:38.221+0600][6.970s][info][gc,task     ] GC(9) Using 2 workers of 2 for marking
[2026-04-03T01:34:38.227+0600][6.976s][info][gc,marking  ] GC(9) Concurrent Mark From Roots 5.958ms
[2026-04-03T01:34:38.227+0600][6.976s][info][gc,marking  ] GC(9) Concurrent Preclean
[2026-04-03T01:34:38.228+0600][6.976s][info][gc,marking  ] GC(9) Concurrent Preclean 0.077ms
[2026-04-03T01:34:38.228+0600][6.976s][info][gc,start    ] GC(9) Pause Remark
[2026-04-03T01:34:38.233+0600][6.982s][info][gc          ] GC(9) Pause Remark 27M->27M(94M) 5.626ms
[2026-04-03T01:34:38.233+0600][6.982s][info][gc,cpu      ] GC(9) User=0.01s Sys=0.00s Real=0.01s
[2026-04-03T01:34:38.233+0600][6.982s][info][gc,marking  ] GC(9) Concurrent Mark 12.046ms
[2026-04-03T01:34:38.233+0600][6.982s][info][gc,marking  ] GC(9) Concurrent Rebuild Remembered Sets and Scrub Regions
[2026-04-03T01:34:38.238+0600][6.986s][info][gc,marking  ] GC(9) Concurrent Rebuild Remembered Sets and Scrub Regions 4.204ms
[2026-04-03T01:34:38.238+0600][6.987s][info][gc,start    ] GC(9) Pause Cleanup
[2026-04-03T01:34:38.238+0600][6.987s][info][gc          ] GC(9) Pause Cleanup 27M->27M(94M) 0.193ms
[2026-04-03T01:34:38.238+0600][6.987s][info][gc,cpu      ] GC(9) User=0.00s Sys=0.00s Real=0.00s
[2026-04-03T01:34:38.239+0600][6.987s][info][gc,marking  ] GC(9) Concurrent Clear Claimed Marks
[2026-04-03T01:34:38.239+0600][6.987s][info][gc,marking  ] GC(9) Concurrent Clear Claimed Marks 0.073ms
[2026-04-03T01:34:38.239+0600][6.987s][info][gc,marking  ] GC(9) Concurrent Cleanup for Next Mark
[2026-04-03T01:34:38.239+0600][6.987s][info][gc,marking  ] GC(9) Concurrent Cleanup for Next Mark 0.323ms
[2026-04-03T01:34:38.239+0600][6.987s][info][gc          ] GC(9) Concurrent Mark Cycle 20.830ms
[2026-04-03T01:34:39.790+0600][8.539s][info][gc,start    ] GC(10) Pause Young (Prepare Mixed) (G1 Evacuation Pause)
[2026-04-03T01:34:39.790+0600][8.539s][info][gc,task     ] GC(10) Using 2 workers of 10 for evacuation
[2026-04-03T01:34:39.803+0600][8.551s][info][gc,phases   ] GC(10)   Pre Evacuate Collection Set: 0.28ms
[2026-04-03T01:34:39.803+0600][8.551s][info][gc,phases   ] GC(10)   Merge Heap Roots: 0.09ms
[2026-04-03T01:34:39.803+0600][8.551s][info][gc,phases   ] GC(10)   Evacuate Collection Set: 11.08ms
[2026-04-03T01:34:39.803+0600][8.551s][info][gc,phases   ] GC(10)   Post Evacuate Collection Set: 0.95ms
[2026-04-03T01:34:39.803+0600][8.551s][info][gc,phases   ] GC(10)   Other: 0.07ms
[2026-04-03T01:34:39.803+0600][8.551s][info][gc,heap     ] GC(10) Eden regions: 27->0(26)
[2026-04-03T01:34:39.803+0600][8.551s][info][gc,heap     ] GC(10) Survivor regions: 2->4(4)
[2026-04-03T01:34:39.803+0600][8.551s][info][gc,heap     ] GC(10) Old regions: 9->9
[2026-04-03T01:34:39.803+0600][8.551s][info][gc,heap     ] GC(10) Humongous regions: 9->3
[2026-04-03T01:34:39.803+0600][8.551s][info][gc,metaspace] GC(10) Metaspace: 42630K(43072K)->42630K(43072K) NonClass: 37325K(37568K)->37325K(37568K) Class: 5304K(5504K)->5304K(5504K)
[2026-04-03T01:34:39.803+0600][8.551s][info][gc          ] GC(10) Pause Young (Prepare Mixed) (G1 Evacuation Pause) 91M->28M(102M) 12.691ms
[2026-04-03T01:34:39.803+0600][8.551s][info][gc,cpu      ] GC(10) User=0.02s Sys=0.01s Real=0.01s
[2026-04-03T01:34:41.159+0600][9.908s][info][gc,start    ] GC(11) Pause Young (Mixed) (G1 Evacuation Pause)
[2026-04-03T01:34:41.159+0600][9.908s][info][gc,task     ] GC(11) Using 2 workers of 10 for evacuation
[2026-04-03T01:34:41.170+0600][9.919s][info][gc,phases   ] GC(11)   Pre Evacuate Collection Set: 0.18ms
[2026-04-03T01:34:41.170+0600][9.919s][info][gc,phases   ] GC(11)   Merge Heap Roots: 0.10ms
[2026-04-03T01:34:41.170+0600][9.919s][info][gc,phases   ] GC(11)   Evacuate Collection Set: 9.70ms
[2026-04-03T01:34:41.170+0600][9.919s][info][gc,phases   ] GC(11)   Post Evacuate Collection Set: 0.71ms
[2026-04-03T01:34:41.170+0600][9.919s][info][gc,phases   ] GC(11)   Other: 0.08ms
[2026-04-03T01:34:41.170+0600][9.919s][info][gc,heap     ] GC(11) Eden regions: 26->0(28)
[2026-04-03T01:34:41.170+0600][9.919s][info][gc,heap     ] GC(11) Survivor regions: 4->3(4)
[2026-04-03T01:34:41.170+0600][9.919s][info][gc,heap     ] GC(11) Old regions: 9->11
[2026-04-03T01:34:41.170+0600][9.919s][info][gc,heap     ] GC(11) Humongous regions: 8->4
[2026-04-03T01:34:41.170+0600][9.919s][info][gc,metaspace] GC(11) Metaspace: 50150K(50624K)->50150K(50624K) NonClass: 43925K(44224K)->43925K(44224K) Class: 6224K(6400K)->6224K(6400K)
[2026-04-03T01:34:41.170+0600][9.919s][info][gc          ] GC(11) Pause Young (Mixed) (G1 Evacuation Pause) 90M->32M(106M) 11.045ms
[2026-04-03T01:34:41.170+0600][9.919s][info][gc,cpu      ] GC(11) User=0.02s Sys=0.00s Real=0.02s
[2026-04-03T01:34:42.129+0600][10.877s][info][gc,start    ] GC(12) Pause Young (Concurrent Start) (Metadata GC Threshold)
[2026-04-03T01:34:42.129+0600][10.877s][info][gc,task     ] GC(12) Using 2 workers of 10 for evacuation
[2026-04-03T01:34:42.139+0600][10.888s][info][gc,phases   ] GC(12)   Pre Evacuate Collection Set: 0.38ms
[2026-04-03T01:34:42.139+0600][10.888s][info][gc,phases   ] GC(12)   Merge Heap Roots: 0.25ms
[2026-04-03T01:34:42.139+0600][10.888s][info][gc,phases   ] GC(12)   Evacuate Collection Set: 8.96ms
[2026-04-03T01:34:42.139+0600][10.888s][info][gc,phases   ] GC(12)   Post Evacuate Collection Set: 0.67ms
[2026-04-03T01:34:42.139+0600][10.888s][info][gc,phases   ] GC(12)   Other: 0.24ms
[2026-04-03T01:34:42.139+0600][10.888s][info][gc,heap     ] GC(12) Eden regions: 26->0(28)
[2026-04-03T01:34:42.139+0600][10.888s][info][gc,heap     ] GC(12) Survivor regions: 3->3(4)
[2026-04-03T01:34:42.139+0600][10.888s][info][gc,heap     ] GC(12) Old regions: 11->12
[2026-04-03T01:34:42.139+0600][10.888s][info][gc,heap     ] GC(12) Humongous regions: 6->3
[2026-04-03T01:34:42.139+0600][10.888s][info][gc,metaspace] GC(12) Metaspace: 60348K(60800K)->60348K(60800K) NonClass: 52931K(53184K)->52931K(53184K) Class: 7416K(7616K)->7416K(7616K)
[2026-04-03T01:34:42.140+0600][10.888s][info][gc          ] GC(12) Pause Young (Concurrent Start) (Metadata GC Threshold) 87M->33M(106M) 10.736ms
[2026-04-03T01:34:42.140+0600][10.888s][info][gc,cpu      ] GC(12) User=0.03s Sys=0.00s Real=0.01s
[2026-04-03T01:34:42.140+0600][10.888s][info][gc          ] GC(13) Concurrent Mark Cycle
[2026-04-03T01:34:42.140+0600][10.888s][info][gc,marking  ] GC(13) Concurrent Scan Root Regions
[2026-04-03T01:34:42.143+0600][10.892s][info][gc,marking  ] GC(13) Concurrent Scan Root Regions 3.661ms
[2026-04-03T01:34:42.143+0600][10.892s][info][gc,marking  ] GC(13) Concurrent Mark
[2026-04-03T01:34:42.143+0600][10.892s][info][gc,marking  ] GC(13) Concurrent Mark From Roots
[2026-04-03T01:34:42.143+0600][10.892s][info][gc,task     ] GC(13) Using 2 workers of 2 for marking
[2026-04-03T01:34:42.155+0600][10.903s][info][gc,marking  ] GC(13) Concurrent Mark From Roots 11.137ms
[2026-04-03T01:34:42.155+0600][10.903s][info][gc,marking  ] GC(13) Concurrent Preclean
[2026-04-03T01:34:42.155+0600][10.903s][info][gc,marking  ] GC(13) Concurrent Preclean 0.078ms
[2026-04-03T01:34:42.155+0600][10.903s][info][gc,start    ] GC(13) Pause Remark
[2026-04-03T01:34:42.162+0600][10.910s][info][gc          ] GC(13) Pause Remark 34M->34M(106M) 6.725ms
[2026-04-03T01:34:42.162+0600][10.910s][info][gc,cpu      ] GC(13) User=0.02s Sys=0.00s Real=0.01s
[2026-04-03T01:34:42.162+0600][10.910s][info][gc,marking  ] GC(13) Concurrent Mark 18.579ms
[2026-04-03T01:34:42.162+0600][10.911s][info][gc,marking  ] GC(13) Concurrent Rebuild Remembered Sets and Scrub Regions
[2026-04-03T01:34:42.171+0600][10.919s][info][gc,marking  ] GC(13) Concurrent Rebuild Remembered Sets and Scrub Regions 8.517ms
[2026-04-03T01:34:42.171+0600][10.919s][info][gc,start    ] GC(13) Pause Cleanup
[2026-04-03T01:34:42.171+0600][10.920s][info][gc          ] GC(13) Pause Cleanup 35M->35M(106M) 0.239ms
[2026-04-03T01:34:42.171+0600][10.920s][info][gc,cpu      ] GC(13) User=0.00s Sys=0.00s Real=0.00s
[2026-04-03T01:34:42.171+0600][10.920s][info][gc,marking  ] GC(13) Concurrent Clear Claimed Marks
[2026-04-03T01:34:42.171+0600][10.920s][info][gc,marking  ] GC(13) Concurrent Clear Claimed Marks 0.103ms
[2026-04-03T01:34:42.171+0600][10.920s][info][gc,marking  ] GC(13) Concurrent Cleanup for Next Mark
[2026-04-03T01:34:42.172+0600][10.920s][info][gc,marking  ] GC(13) Concurrent Cleanup for Next Mark 0.394ms
[2026-04-03T01:34:42.172+0600][10.920s][info][gc          ] GC(13) Concurrent Mark Cycle 32.339ms
[2026-04-03T01:34:42.649+0600][11.397s][info][gc,start    ] GC(14) Pause Young (Prepare Mixed) (G1 Evacuation Pause)
[2026-04-03T01:34:42.649+0600][11.397s][info][gc,task     ] GC(14) Using 2 workers of 10 for evacuation
[2026-04-03T01:34:42.660+0600][11.409s][info][gc,phases   ] GC(14)   Pre Evacuate Collection Set: 0.33ms
[2026-04-03T01:34:42.660+0600][11.409s][info][gc,phases   ] GC(14)   Merge Heap Roots: 0.22ms
[2026-04-03T01:34:42.660+0600][11.409s][info][gc,phases   ] GC(14)   Evacuate Collection Set: 9.69ms
[2026-04-03T01:34:42.661+0600][11.409s][info][gc,phases   ] GC(14)   Post Evacuate Collection Set: 1.18ms
[2026-04-03T01:34:42.661+0600][11.409s][info][gc,phases   ] GC(14)   Other: 0.07ms
[2026-04-03T01:34:42.661+0600][11.409s][info][gc,heap     ] GC(14) Eden regions: 28->0(35)
[2026-04-03T01:34:42.661+0600][11.409s][info][gc,heap     ] GC(14) Survivor regions: 3->3(4)
[2026-04-03T01:34:42.661+0600][11.409s][info][gc,heap     ] GC(14) Old regions: 12->13
[2026-04-03T01:34:42.661+0600][11.409s][info][gc,heap     ] GC(14) Humongous regions: 3->3
[2026-04-03T01:34:42.661+0600][11.409s][info][gc,metaspace] GC(14) Metaspace: 63440K(63872K)->63440K(63872K) NonClass: 55628K(55872K)->55628K(55872K) Class: 7811K(8000K)->7811K(8000K)
[2026-04-03T01:34:42.661+0600][11.409s][info][gc          ] GC(14) Pause Young (Prepare Mixed) (G1 Evacuation Pause) 89M->36M(128M) 11.731ms
[2026-04-03T01:34:42.661+0600][11.409s][info][gc,cpu      ] GC(14) User=0.02s Sys=0.00s Real=0.02s
[2026-04-03T01:34:43.225+0600][11.973s][info][gc,start    ] GC(15) Pause Young (Mixed) (G1 Evacuation Pause)
[2026-04-03T01:34:43.225+0600][11.973s][info][gc,task     ] GC(15) Using 3 workers of 10 for evacuation
[2026-04-03T01:34:43.239+0600][11.987s][info][gc,phases   ] GC(15)   Pre Evacuate Collection Set: 0.33ms
[2026-04-03T01:34:43.239+0600][11.987s][info][gc,phases   ] GC(15)   Merge Heap Roots: 0.13ms
[2026-04-03T01:34:43.239+0600][11.987s][info][gc,phases   ] GC(15)   Evacuate Collection Set: 11.65ms
[2026-04-03T01:34:43.239+0600][11.987s][info][gc,phases   ] GC(15)   Post Evacuate Collection Set: 1.52ms
[2026-04-03T01:34:43.239+0600][11.987s][info][gc,phases   ] GC(15)   Other: 0.08ms
[2026-04-03T01:34:43.239+0600][11.987s][info][gc,heap     ] GC(15) Eden regions: 35->0(34)
[2026-04-03T01:34:43.239+0600][11.987s][info][gc,heap     ] GC(15) Survivor regions: 3->4(5)
[2026-04-03T01:34:43.239+0600][11.987s][info][gc,heap     ] GC(15) Old regions: 13->13
[2026-04-03T01:34:43.239+0600][11.987s][info][gc,heap     ] GC(15) Humongous regions: 3->3
[2026-04-03T01:34:43.239+0600][11.987s][info][gc,metaspace] GC(15) Metaspace: 71560K(72000K)->71560K(72000K) NonClass: 62803K(63040K)->62803K(63040K) Class: 8757K(8960K)->8757K(8960K)
[2026-04-03T01:34:43.239+0600][11.987s][info][gc          ] GC(15) Pause Young (Mixed) (G1 Evacuation Pause) 106M->38M(128M) 13.995ms
[2026-04-03T01:34:43.239+0600][11.987s][info][gc,cpu      ] GC(15) User=0.04s Sys=0.00s Real=0.01s
[2026-04-03T01:34:43.876+0600][12.625s][info][gc,start    ] GC(16) Pause Young (Normal) (G1 Evacuation Pause)
[2026-04-03T01:34:43.876+0600][12.625s][info][gc,task     ] GC(16) Using 3 workers of 10 for evacuation
[2026-04-03T01:34:43.887+0600][12.636s][info][gc,phases   ] GC(16)   Pre Evacuate Collection Set: 0.21ms
[2026-04-03T01:34:43.887+0600][12.636s][info][gc,phases   ] GC(16)   Merge Heap Roots: 0.14ms
[2026-04-03T01:34:43.887+0600][12.636s][info][gc,phases   ] GC(16)   Evacuate Collection Set: 9.41ms
[2026-04-03T01:34:43.887+0600][12.636s][info][gc,phases   ] GC(16)   Post Evacuate Collection Set: 1.24ms
[2026-04-03T01:34:43.887+0600][12.636s][info][gc,phases   ] GC(16)   Other: 0.07ms
[2026-04-03T01:34:43.887+0600][12.636s][info][gc,heap     ] GC(16) Eden regions: 34->0(33)
[2026-04-03T01:34:43.887+0600][12.636s][info][gc,heap     ] GC(16) Survivor regions: 4->5(5)
[2026-04-03T01:34:43.887+0600][12.636s][info][gc,heap     ] GC(16) Old regions: 13->14
[2026-04-03T01:34:43.887+0600][12.636s][info][gc,heap     ] GC(16) Humongous regions: 3->3
[2026-04-03T01:34:43.887+0600][12.636s][info][gc,metaspace] GC(16) Metaspace: 82231K(82688K)->82231K(82688K) NonClass: 72153K(72448K)->72153K(72448K) Class: 10077K(10240K)->10077K(10240K)
[2026-04-03T01:34:43.887+0600][12.636s][info][gc          ] GC(16) Pause Young (Normal) (G1 Evacuation Pause) 106M->41M(128M) 11.318ms
[2026-04-03T01:34:43.887+0600][12.636s][info][gc,cpu      ] GC(16) User=0.03s Sys=0.00s Real=0.01s
[2026-04-03T01:34:44.820+0600][13.568s][info][gc,start    ] GC(17) Pause Young (Concurrent Start) (G1 Evacuation Pause)
[2026-04-03T01:34:44.820+0600][13.568s][info][gc,task     ] GC(17) Using 3 workers of 10 for evacuation
[2026-04-03T01:34:44.832+0600][13.581s][info][gc,phases   ] GC(17)   Pre Evacuate Collection Set: 0.28ms
[2026-04-03T01:34:44.832+0600][13.581s][info][gc,phases   ] GC(17)   Merge Heap Roots: 0.16ms
[2026-04-03T01:34:44.832+0600][13.581s][info][gc,phases   ] GC(17)   Evacuate Collection Set: 10.91ms
[2026-04-03T01:34:44.832+0600][13.581s][info][gc,phases   ] GC(17)   Post Evacuate Collection Set: 0.77ms
[2026-04-03T01:34:44.832+0600][13.581s][info][gc,phases   ] GC(17)   Other: 0.17ms
[2026-04-03T01:34:44.832+0600][13.581s][info][gc,heap     ] GC(17) Eden regions: 33->0(34)
[2026-04-03T01:34:44.832+0600][13.581s][info][gc,heap     ] GC(17) Survivor regions: 5->4(5)
[2026-04-03T01:34:44.832+0600][13.581s][info][gc,heap     ] GC(17) Old regions: 14->17
[2026-04-03T01:34:44.832+0600][13.581s][info][gc,heap     ] GC(17) Humongous regions: 3->3
[2026-04-03T01:34:44.832+0600][13.581s][info][gc,metaspace] GC(17) Metaspace: 94479K(94976K)->94479K(94976K) NonClass: 82803K(83072K)->82803K(83072K) Class: 11675K(11904K)->11675K(11904K)
[2026-04-03T01:34:44.832+0600][13.581s][info][gc          ] GC(17) Pause Young (Concurrent Start) (G1 Evacuation Pause) 107M->46M(128M) 12.543ms
[2026-04-03T01:34:44.832+0600][13.581s][info][gc,cpu      ] GC(17) User=0.03s Sys=0.01s Real=0.02s
[2026-04-03T01:34:44.832+0600][13.581s][info][gc          ] GC(18) Concurrent Mark Cycle
[2026-04-03T01:34:44.832+0600][13.581s][info][gc,marking  ] GC(18) Concurrent Scan Root Regions
[2026-04-03T01:34:44.838+0600][13.586s][info][gc,marking  ] GC(18) Concurrent Scan Root Regions 5.419ms
[2026-04-03T01:34:44.838+0600][13.586s][info][gc,marking  ] GC(18) Concurrent Mark
[2026-04-03T01:34:44.838+0600][13.586s][info][gc,marking  ] GC(18) Concurrent Mark From Roots
[2026-04-03T01:34:44.838+0600][13.586s][info][gc,task     ] GC(18) Using 2 workers of 2 for marking
[2026-04-03T01:34:44.853+0600][13.601s][info][gc,marking  ] GC(18) Concurrent Mark From Roots 14.743ms
[2026-04-03T01:34:44.853+0600][13.601s][info][gc,marking  ] GC(18) Concurrent Preclean
[2026-04-03T01:34:44.853+0600][13.601s][info][gc,marking  ] GC(18) Concurrent Preclean 0.178ms
[2026-04-03T01:34:44.853+0600][13.602s][info][gc,start    ] GC(18) Pause Remark
[2026-04-03T01:34:44.860+0600][13.608s][info][gc          ] GC(18) Pause Remark 47M->47M(128M) 6.473ms
[2026-04-03T01:34:44.860+0600][13.608s][info][gc,cpu      ] GC(18) User=0.02s Sys=0.00s Real=0.00s
[2026-04-03T01:34:44.860+0600][13.608s][info][gc,marking  ] GC(18) Concurrent Mark 21.990ms
[2026-04-03T01:34:44.860+0600][13.608s][info][gc,marking  ] GC(18) Concurrent Rebuild Remembered Sets and Scrub Regions
[2026-04-03T01:34:44.872+0600][13.621s][info][gc,marking  ] GC(18) Concurrent Rebuild Remembered Sets and Scrub Regions 12.214ms
[2026-04-03T01:34:44.872+0600][13.621s][info][gc,start    ] GC(18) Pause Cleanup
[2026-04-03T01:34:44.873+0600][13.621s][info][gc          ] GC(18) Pause Cleanup 48M->48M(128M) 0.164ms
[2026-04-03T01:34:44.873+0600][13.621s][info][gc,cpu      ] GC(18) User=0.00s Sys=0.00s Real=0.00s
[2026-04-03T01:34:44.873+0600][13.621s][info][gc,marking  ] GC(18) Concurrent Clear Claimed Marks
[2026-04-03T01:34:44.873+0600][13.621s][info][gc,marking  ] GC(18) Concurrent Clear Claimed Marks 0.110ms
[2026-04-03T01:34:44.873+0600][13.621s][info][gc,marking  ] GC(18) Concurrent Cleanup for Next Mark
[2026-04-03T01:34:44.873+0600][13.622s][info][gc,marking  ] GC(18) Concurrent Cleanup for Next Mark 0.471ms
[2026-04-03T01:34:44.873+0600][13.622s][info][gc          ] GC(18) Concurrent Mark Cycle 40.970ms
[2026-04-03T01:34:45.678+0600][14.427s][info][gc,start    ] GC(19) Pause Young (Prepare Mixed) (G1 Evacuation Pause)
[2026-04-03T01:34:45.678+0600][14.427s][info][gc,task     ] GC(19) Using 3 workers of 10 for evacuation
[2026-04-03T01:34:45.690+0600][14.438s][info][gc,phases   ] GC(19)   Pre Evacuate Collection Set: 0.18ms
[2026-04-03T01:34:45.690+0600][14.438s][info][gc,phases   ] GC(19)   Merge Heap Roots: 0.17ms
[2026-04-03T01:34:45.690+0600][14.438s][info][gc,phases   ] GC(19)   Evacuate Collection Set: 10.21ms
[2026-04-03T01:34:45.690+0600][14.438s][info][gc,phases   ] GC(19)   Post Evacuate Collection Set: 0.78ms
[2026-04-03T01:34:45.690+0600][14.438s][info][gc,phases   ] GC(19)   Other: 0.08ms
[2026-04-03T01:34:45.690+0600][14.438s][info][gc,heap     ] GC(19) Eden regions: 34->0(33)
[2026-04-03T01:34:45.690+0600][14.438s][info][gc,heap     ] GC(19) Survivor regions: 4->5(5)
[2026-04-03T01:34:45.690+0600][14.438s][info][gc,heap     ] GC(19) Old regions: 17->18
[2026-04-03T01:34:45.690+0600][14.438s][info][gc,heap     ] GC(19) Humongous regions: 5->3
[2026-04-03T01:34:45.690+0600][14.438s][info][gc,metaspace] GC(19) Metaspace: 103381K(104000K)->103381K(104000K) NonClass: 90371K(90752K)->90371K(90752K) Class: 13010K(13248K)->13010K(13248K)
[2026-04-03T01:34:45.690+0600][14.438s][info][gc          ] GC(19) Pause Young (Prepare Mixed) (G1 Evacuation Pause) 118M->51M(132M) 11.655ms
[2026-04-03T01:34:45.690+0600][14.438s][info][gc,cpu      ] GC(19) User=0.03s Sys=0.00s Real=0.02s
[2026-04-03T01:34:46.940+0600][15.688s][info][gc,start    ] GC(20) Pause Young (Mixed) (G1 Evacuation Pause)
[2026-04-03T01:34:46.940+0600][15.689s][info][gc,task     ] GC(20) Using 3 workers of 10 for evacuation
[2026-04-03T01:34:46.961+0600][15.710s][info][gc,phases   ] GC(20)   Pre Evacuate Collection Set: 0.31ms
[2026-04-03T01:34:46.961+0600][15.710s][info][gc,phases   ] GC(20)   Merge Heap Roots: 0.21ms
[2026-04-03T01:34:46.961+0600][15.710s][info][gc,phases   ] GC(20)   Evacuate Collection Set: 19.49ms
[2026-04-03T01:34:46.961+0600][15.710s][info][gc,phases   ] GC(20)   Post Evacuate Collection Set: 1.16ms
[2026-04-03T01:34:46.961+0600][15.710s][info][gc,phases   ] GC(20)   Other: 0.09ms
[2026-04-03T01:34:46.961+0600][15.710s][info][gc,heap     ] GC(20) Eden regions: 33->0(47)
[2026-04-03T01:34:46.961+0600][15.710s][info][gc,heap     ] GC(20) Survivor regions: 5->5(5)
[2026-04-03T01:34:46.961+0600][15.710s][info][gc,heap     ] GC(20) Old regions: 18->20
[2026-04-03T01:34:46.961+0600][15.710s][info][gc,heap     ] GC(20) Humongous regions: 9->3
[2026-04-03T01:34:46.961+0600][15.710s][info][gc,metaspace] GC(20) Metaspace: 111236K(112320K)->111236K(112320K) NonClass: 97016K(97600K)->97016K(97600K) Class: 14219K(14720K)->14219K(14720K)
[2026-04-03T01:34:46.961+0600][15.710s][info][gc          ] GC(20) Pause Young (Mixed) (G1 Evacuation Pause) 129M->54M(176M) 21.539ms
[2026-04-03T01:34:46.961+0600][15.710s][info][gc,cpu      ] GC(20) User=0.05s Sys=0.01s Real=0.02s
[2026-04-03T01:34:47.205+0600][15.953s][info][gc,start    ] GC(21) Pause Young (Concurrent Start) (G1 Humongous Allocation)
[2026-04-03T01:34:47.205+0600][15.953s][info][gc,task     ] GC(21) Using 4 workers of 10 for evacuation
[2026-04-03T01:34:47.222+0600][15.971s][info][gc,phases   ] GC(21)   Pre Evacuate Collection Set: 0.39ms
[2026-04-03T01:34:47.222+0600][15.971s][info][gc,phases   ] GC(21)   Merge Heap Roots: 0.13ms
[2026-04-03T01:34:47.223+0600][15.971s][info][gc,phases   ] GC(21)   Evacuate Collection Set: 15.77ms
[2026-04-03T01:34:47.223+0600][15.971s][info][gc,phases   ] GC(21)   Post Evacuate Collection Set: 1.04ms
[2026-04-03T01:34:47.223+0600][15.971s][info][gc,phases   ] GC(21)   Other: 0.25ms
[2026-04-03T01:34:47.223+0600][15.971s][info][gc,heap     ] GC(21) Eden regions: 9->0(47)
[2026-04-03T01:34:47.223+0600][15.971s][info][gc,heap     ] GC(21) Survivor regions: 5->5(7)
[2026-04-03T01:34:47.223+0600][15.971s][info][gc,heap     ] GC(21) Old regions: 20->22
[2026-04-03T01:34:47.223+0600][15.971s][info][gc,heap     ] GC(21) Humongous regions: 3->3
[2026-04-03T01:34:47.223+0600][15.971s][info][gc,metaspace] GC(21) Metaspace: 113083K(114496K)->113083K(114496K) NonClass: 98446K(99264K)->98446K(99264K) Class: 14637K(15232K)->14637K(15232K)
[2026-04-03T01:34:47.223+0600][15.971s][info][gc          ] GC(21) Pause Young (Concurrent Start) (G1 Humongous Allocation) 72M->58M(176M) 17.923ms
[2026-04-03T01:34:47.223+0600][15.971s][info][gc,cpu      ] GC(21) User=0.10s Sys=0.01s Real=0.02s
[2026-04-03T01:34:47.223+0600][15.971s][info][gc          ] GC(22) Concurrent Mark Cycle
[2026-04-03T01:34:47.223+0600][15.971s][info][gc,marking  ] GC(22) Concurrent Scan Root Regions
[2026-04-03T01:34:47.231+0600][15.980s][info][gc,marking  ] GC(22) Concurrent Scan Root Regions 8.452ms
[2026-04-03T01:34:47.231+0600][15.980s][info][gc,marking  ] GC(22) Concurrent Mark
[2026-04-03T01:34:47.231+0600][15.980s][info][gc,marking  ] GC(22) Concurrent Mark From Roots
[2026-04-03T01:34:47.231+0600][15.980s][info][gc,task     ] GC(22) Using 2 workers of 2 for marking
[2026-04-03T01:34:47.287+0600][16.035s][info][gc,marking  ] GC(22) Concurrent Mark From Roots 55.538ms
[2026-04-03T01:34:47.287+0600][16.036s][info][gc,marking  ] GC(22) Concurrent Preclean
[2026-04-03T01:34:47.287+0600][16.036s][info][gc,marking  ] GC(22) Concurrent Preclean 0.253ms
[2026-04-03T01:34:47.301+0600][16.049s][info][gc,start    ] GC(22) Pause Remark
[2026-04-03T01:34:47.308+0600][16.057s][info][gc          ] GC(22) Pause Remark 220M->220M(368M) 7.662ms
[2026-04-03T01:34:47.308+0600][16.057s][info][gc,cpu      ] GC(22) User=0.03s Sys=0.00s Real=0.00s
[2026-04-03T01:34:47.309+0600][16.057s][info][gc,marking  ] GC(22) Concurrent Mark 77.355ms
[2026-04-03T01:34:47.309+0600][16.057s][info][gc,marking  ] GC(22) Concurrent Rebuild Remembered Sets and Scrub Regions
[2026-04-03T01:34:47.340+0600][16.088s][info][gc,marking  ] GC(22) Concurrent Rebuild Remembered Sets and Scrub Regions 31.175ms
[2026-04-03T01:34:47.341+0600][16.089s][info][gc,start    ] GC(22) Pause Cleanup
[2026-04-03T01:34:47.341+0600][16.090s][info][gc          ] GC(22) Pause Cleanup 222M->222M(368M) 0.383ms
[2026-04-03T01:34:47.341+0600][16.090s][info][gc,cpu      ] GC(22) User=0.00s Sys=0.00s Real=0.00s
[2026-04-03T01:34:47.343+0600][16.092s][info][gc,marking  ] GC(22) Concurrent Clear Claimed Marks
[2026-04-03T01:34:47.343+0600][16.092s][info][gc,marking  ] GC(22) Concurrent Clear Claimed Marks 0.300ms
[2026-04-03T01:34:47.343+0600][16.092s][info][gc,marking  ] GC(22) Concurrent Cleanup for Next Mark
[2026-04-03T01:34:47.349+0600][16.097s][info][gc,marking  ] GC(22) Concurrent Cleanup for Next Mark 5.283ms
[2026-04-03T01:34:47.349+0600][16.097s][info][gc          ] GC(22) Concurrent Mark Cycle 126.117ms
[2026-04-03T01:34:48.497+0600][17.246s][info][gc,start    ] GC(23) Pause Young (Prepare Mixed) (G1 Evacuation Pause)
[2026-04-03T01:34:48.497+0600][17.246s][info][gc,task     ] GC(23) Using 8 workers of 10 for evacuation
[2026-04-03T01:34:48.505+0600][17.253s][info][gc,phases   ] GC(23)   Pre Evacuate Collection Set: 0.41ms
[2026-04-03T01:34:48.505+0600][17.254s][info][gc,phases   ] GC(23)   Merge Heap Roots: 0.21ms
[2026-04-03T01:34:48.505+0600][17.254s][info][gc,phases   ] GC(23)   Evacuate Collection Set: 5.74ms
[2026-04-03T01:34:48.505+0600][17.254s][info][gc,phases   ] GC(23)   Post Evacuate Collection Set: 1.26ms
[2026-04-03T01:34:48.505+0600][17.254s][info][gc,phases   ] GC(23)   Other: 0.14ms
[2026-04-03T01:34:48.505+0600][17.254s][info][gc,heap     ] GC(23) Eden regions: 37->0(84)
[2026-04-03T01:34:48.505+0600][17.254s][info][gc,heap     ] GC(23) Survivor regions: 5->2(7)
[2026-04-03T01:34:48.505+0600][17.254s][info][gc,heap     ] GC(23) Old regions: 22->24
[2026-04-03T01:34:48.505+0600][17.254s][info][gc,heap     ] GC(23) Humongous regions: 123->67
[2026-04-03T01:34:48.505+0600][17.254s][info][gc,metaspace] GC(23) Metaspace: 117031K(118592K)->117031K(118592K) NonClass: 101619K(102528K)->101619K(102528K) Class: 15412K(16064K)->15412K(16064K)
[2026-04-03T01:34:48.505+0600][17.254s][info][gc          ] GC(23) Pause Young (Prepare Mixed) (G1 Evacuation Pause) 372M->184M(382M) 8.148ms
[2026-04-03T01:34:48.505+0600][17.254s][info][gc,cpu      ] GC(23) User=0.05s Sys=0.01s Real=0.01s
[2026-04-03T01:34:49.152+0600][17.901s][info][gc,start    ] GC(24) Pause Young (Mixed) (G1 Evacuation Pause)
[2026-04-03T01:34:49.152+0600][17.901s][info][gc,task     ] GC(24) Using 9 workers of 10 for evacuation
[2026-04-03T01:34:49.276+0600][18.025s][info][gc,phases   ] GC(24)   Pre Evacuate Collection Set: 0.46ms
[2026-04-03T01:34:49.276+0600][18.025s][info][gc,phases   ] GC(24)   Merge Heap Roots: 0.23ms
[2026-04-03T01:34:49.276+0600][18.025s][info][gc,phases   ] GC(24)   Evacuate Collection Set: 122.07ms
[2026-04-03T01:34:49.277+0600][18.025s][info][gc,phases   ] GC(24)   Post Evacuate Collection Set: 0.96ms
[2026-04-03T01:34:49.277+0600][18.025s][info][gc,phases   ] GC(24)   Other: 0.26ms
[2026-04-03T01:34:49.277+0600][18.025s][info][gc,heap     ] GC(24) Eden regions: 78->0(65)
[2026-04-03T01:34:49.277+0600][18.025s][info][gc,heap     ] GC(24) Survivor regions: 2->11(11)
[2026-04-03T01:34:49.277+0600][18.025s][info][gc,heap     ] GC(24) Old regions: 24->34
[2026-04-03T01:34:49.277+0600][18.025s][info][gc,heap     ] GC(24) Humongous regions: 87->75
[2026-04-03T01:34:49.277+0600][18.025s][info][gc,metaspace] GC(24) Metaspace: 117841K(119424K)->117841K(119424K) NonClass: 102325K(103232K)->102325K(103232K) Class: 15516K(16192K)->15516K(16192K)
[2026-04-03T01:34:49.277+0600][18.025s][info][gc          ] GC(24) Pause Young (Mixed) (G1 Evacuation Pause) 380M->238M(426M) 124.331ms
[2026-04-03T01:34:49.277+0600][18.025s][info][gc,cpu      ] GC(24) User=1.03s Sys=0.06s Real=0.12s
[2026-04-03T01:34:49.313+0600][18.062s][info][gc,start    ] GC(25) Pause Young (Concurrent Start) (G1 Humongous Allocation)
[2026-04-03T01:34:49.313+0600][18.062s][info][gc,task     ] GC(25) Using 10 workers of 10 for evacuation
[2026-04-03T01:34:49.331+0600][18.080s][info][gc,phases   ] GC(25)   Pre Evacuate Collection Set: 0.48ms
[2026-04-03T01:34:49.331+0600][18.080s][info][gc,phases   ] GC(25)   Merge Heap Roots: 0.25ms
[2026-04-03T01:34:49.331+0600][18.080s][info][gc,phases   ] GC(25)   Evacuate Collection Set: 16.23ms
[2026-04-03T01:34:49.331+0600][18.080s][info][gc,phases   ] GC(25)   Post Evacuate Collection Set: 0.72ms
[2026-04-03T01:34:49.331+0600][18.080s][info][gc,phases   ] GC(25)   Other: 0.24ms
[2026-04-03T01:34:49.331+0600][18.080s][info][gc,heap     ] GC(25) Eden regions: 8->0(43)
[2026-04-03T01:34:49.331+0600][18.080s][info][gc,heap     ] GC(25) Survivor regions: 11->5(10)
[2026-04-03T01:34:49.331+0600][18.080s][info][gc,heap     ] GC(25) Old regions: 34->46
[2026-04-03T01:34:49.331+0600][18.080s][info][gc,heap     ] GC(25) Humongous regions: 75->75
[2026-04-03T01:34:49.331+0600][18.080s][info][gc,metaspace] GC(25) Metaspace: 117848K(119424K)->117848K(119424K) NonClass: 102332K(103232K)->102332K(103232K) Class: 15516K(16192K)->15516K(16192K)
[2026-04-03T01:34:49.332+0600][18.080s][info][gc          ] GC(25) Pause Young (Concurrent Start) (G1 Humongous Allocation) 253M->248M(426M) 18.242ms
[2026-04-03T01:34:49.332+0600][18.080s][info][gc          ] GC(26) Concurrent Mark Cycle
[2026-04-03T01:34:49.332+0600][18.080s][info][gc,cpu      ] GC(25) User=0.13s Sys=0.00s Real=0.02s
[2026-04-03T01:34:49.332+0600][18.080s][info][gc,marking  ] GC(26) Concurrent Scan Root Regions
[2026-04-03T01:34:49.348+0600][18.096s][info][gc,marking  ] GC(26) Concurrent Scan Root Regions 16.342ms
[2026-04-03T01:34:49.348+0600][18.097s][info][gc,marking  ] GC(26) Concurrent Mark
[2026-04-03T01:34:49.348+0600][18.097s][info][gc,marking  ] GC(26) Concurrent Mark From Roots
[2026-04-03T01:34:49.348+0600][18.097s][info][gc,task     ] GC(26) Using 2 workers of 2 for marking
[2026-04-03T01:34:49.466+0600][18.215s][info][gc,marking  ] GC(26) Concurrent Mark From Roots 117.942ms
[2026-04-03T01:34:49.466+0600][18.215s][info][gc,marking  ] GC(26) Concurrent Preclean
[2026-04-03T01:34:49.467+0600][18.215s][info][gc,marking  ] GC(26) Concurrent Preclean 0.573ms
[2026-04-03T01:34:49.467+0600][18.216s][info][gc,start    ] GC(26) Pause Remark
[2026-04-03T01:34:49.488+0600][18.237s][info][gc          ] GC(26) Pause Remark 296M->296M(474M) 21.164ms
[2026-04-03T01:34:49.488+0600][18.237s][info][gc,cpu      ] GC(26) User=0.17s Sys=0.00s Real=0.02s
[2026-04-03T01:34:49.489+0600][18.237s][info][gc,marking  ] GC(26) Concurrent Mark 140.769ms
[2026-04-03T01:34:49.489+0600][18.237s][info][gc,marking  ] GC(26) Concurrent Rebuild Remembered Sets and Scrub Regions
[2026-04-03T01:34:49.621+0600][18.369s][info][gc,marking  ] GC(26) Concurrent Rebuild Remembered Sets and Scrub Regions 131.494ms
[2026-04-03T01:34:49.621+0600][18.369s][info][gc,start    ] GC(26) Pause Cleanup
[2026-04-03T01:34:49.621+0600][18.370s][info][gc          ] GC(26) Pause Cleanup 322M->322M(474M) 0.259ms
[2026-04-03T01:34:49.621+0600][18.370s][info][gc,cpu      ] GC(26) User=0.00s Sys=0.00s Real=0.00s
[2026-04-03T01:34:49.621+0600][18.370s][info][gc,marking  ] GC(26) Concurrent Clear Claimed Marks
[2026-04-03T01:34:49.622+0600][18.370s][info][gc,marking  ] GC(26) Concurrent Clear Claimed Marks 0.335ms
[2026-04-03T01:34:49.622+0600][18.370s][info][gc,marking  ] GC(26) Concurrent Cleanup for Next Mark
[2026-04-03T01:34:49.625+0600][18.374s][info][gc,marking  ] GC(26) Concurrent Cleanup for Next Mark 3.598ms
[2026-04-03T01:34:49.625+0600][18.374s][info][gc          ] GC(26) Concurrent Mark Cycle 293.721ms
[2026-04-03T01:34:49.698+0600][18.446s][info][gc,start    ] GC(27) Pause Young (Prepare Mixed) (G1 Evacuation Pause)
[2026-04-03T01:34:49.698+0600][18.446s][info][gc,task     ] GC(27) Using 10 workers of 10 for evacuation
[2026-04-03T01:34:49.704+0600][18.452s][info][gc,phases   ] GC(27)   Pre Evacuate Collection Set: 1.06ms
[2026-04-03T01:34:49.704+0600][18.452s][info][gc,phases   ] GC(27)   Merge Heap Roots: 0.18ms
[2026-04-03T01:34:49.704+0600][18.452s][info][gc,phases   ] GC(27)   Evacuate Collection Set: 3.64ms
[2026-04-03T01:34:49.704+0600][18.452s][info][gc,phases   ] GC(27)   Post Evacuate Collection Set: 0.57ms
[2026-04-03T01:34:49.704+0600][18.452s][info][gc,phases   ] GC(27)   Other: 0.16ms
[2026-04-03T01:34:49.704+0600][18.452s][info][gc,heap     ] GC(27) Eden regions: 43->0(49)
[2026-04-03T01:34:49.704+0600][18.452s][info][gc,heap     ] GC(27) Survivor regions: 5->4(6)
[2026-04-03T01:34:49.704+0600][18.452s][info][gc,heap     ] GC(27) Old regions: 46->50
[2026-04-03T01:34:49.704+0600][18.452s][info][gc,heap     ] GC(27) Humongous regions: 91->91
[2026-04-03T01:34:49.704+0600][18.452s][info][gc,metaspace] GC(27) Metaspace: 117656K(119424K)->117656K(119424K) NonClass: 102216K(103232K)->102216K(103232K) Class: 15440K(16192K)->15440K(16192K)
[2026-04-03T01:34:49.704+0600][18.452s][info][gc          ] GC(27) Pause Young (Prepare Mixed) (G1 Evacuation Pause) 366M->287M(474M) 6.005ms
[2026-04-03T01:34:49.704+0600][18.452s][info][gc,cpu      ] GC(27) User=0.04s Sys=0.01s Real=0.01s
[2026-04-03T01:34:50.878+0600][19.627s][info][gc,start    ] GC(28) Pause Young (Mixed) (G1 Evacuation Pause)
[2026-04-03T01:34:50.878+0600][19.627s][info][gc,task     ] GC(28) Using 10 workers of 10 for evacuation
[2026-04-03T01:34:50.883+0600][19.631s][info][gc,phases   ] GC(28)   Pre Evacuate Collection Set: 0.45ms
[2026-04-03T01:34:50.883+0600][19.631s][info][gc,phases   ] GC(28)   Merge Heap Roots: 0.28ms
[2026-04-03T01:34:50.883+0600][19.631s][info][gc,phases   ] GC(28)   Evacuate Collection Set: 2.68ms
[2026-04-03T01:34:50.883+0600][19.631s][info][gc,phases   ] GC(28)   Post Evacuate Collection Set: 0.87ms
[2026-04-03T01:34:50.883+0600][19.631s][info][gc,phases   ] GC(28)   Other: 0.12ms
[2026-04-03T01:34:50.883+0600][19.631s][info][gc,heap     ] GC(28) Eden regions: 49->0(62)
[2026-04-03T01:34:50.883+0600][19.631s][info][gc,heap     ] GC(28) Survivor regions: 4->1(7)
[2026-04-03T01:34:50.883+0600][19.631s][info][gc,heap     ] GC(28) Old regions: 50->49
[2026-04-03T01:34:50.883+0600][19.631s][info][gc,heap     ] GC(28) Humongous regions: 107->79
[2026-04-03T01:34:50.883+0600][19.631s][info][gc,metaspace] GC(28) Metaspace: 121597K(122944K)->121597K(122944K) NonClass: 105751K(106496K)->105751K(106496K) Class: 15845K(16448K)->15845K(16448K)
[2026-04-03T01:34:50.883+0600][19.631s][info][gc          ] GC(28) Pause Young (Mixed) (G1 Evacuation Pause) 417M->256M(474M) 4.841ms
[2026-04-03T01:34:50.883+0600][19.632s][info][gc,cpu      ] GC(28) User=0.03s Sys=0.01s Real=0.01s
[2026-04-03T01:34:51.024+0600][19.773s][info][gc,start    ] GC(29) Pause Young (Concurrent Start) (G1 Humongous Allocation)
[2026-04-03T01:34:51.024+0600][19.773s][info][gc,task     ] GC(29) Using 10 workers of 10 for evacuation
[2026-04-03T01:34:51.029+0600][19.777s][info][gc,phases   ] GC(29)   Pre Evacuate Collection Set: 0.49ms
[2026-04-03T01:34:51.029+0600][19.777s][info][gc,phases   ] GC(29)   Merge Heap Roots: 0.14ms
[2026-04-03T01:34:51.029+0600][19.777s][info][gc,phases   ] GC(29)   Evacuate Collection Set: 2.52ms
[2026-04-03T01:34:51.029+0600][19.777s][info][gc,phases   ] GC(29)   Post Evacuate Collection Set: 0.73ms
[2026-04-03T01:34:51.029+0600][19.777s][info][gc,phases   ] GC(29)   Other: 0.33ms
[2026-04-03T01:34:51.029+0600][19.777s][info][gc,heap     ] GC(29) Eden regions: 16->0(68)
[2026-04-03T01:34:51.029+0600][19.778s][info][gc,heap     ] GC(29) Survivor regions: 1->1(8)
[2026-04-03T01:34:51.029+0600][19.778s][info][gc,heap     ] GC(29) Old regions: 49->49
[2026-04-03T01:34:51.029+0600][19.778s][info][gc,heap     ] GC(29) Humongous regions: 79->79
[2026-04-03T01:34:51.029+0600][19.778s][info][gc,metaspace] GC(29) Metaspace: 121804K(123200K)->121804K(123200K) NonClass: 105936K(106688K)->105936K(106688K) Class: 15867K(16512K)->15867K(16512K)
[2026-04-03T01:34:51.029+0600][19.778s][info][gc          ] GC(29) Pause Young (Concurrent Start) (G1 Humongous Allocation) 288M->256M(474M) 4.771ms
[2026-04-03T01:34:51.029+0600][19.778s][info][gc          ] GC(30) Concurrent Mark Cycle
[2026-04-03T01:34:51.029+0600][19.778s][info][gc,marking  ] GC(30) Concurrent Scan Root Regions
[2026-04-03T01:34:51.029+0600][19.778s][info][gc,cpu      ] GC(29) User=0.03s Sys=0.01s Real=0.00s
[2026-04-03T01:34:51.034+0600][19.782s][info][gc,marking  ] GC(30) Concurrent Scan Root Regions 4.549ms
[2026-04-03T01:34:51.034+0600][19.782s][info][gc,marking  ] GC(30) Concurrent Mark
[2026-04-03T01:34:51.034+0600][19.782s][info][gc,marking  ] GC(30) Concurrent Mark From Roots
[2026-04-03T01:34:51.034+0600][19.782s][info][gc,task     ] GC(30) Using 2 workers of 2 for marking
[2026-04-03T01:34:51.129+0600][19.878s][info][gc,marking  ] GC(30) Concurrent Mark From Roots 95.456ms
[2026-04-03T01:34:51.129+0600][19.878s][info][gc,marking  ] GC(30) Concurrent Preclean
[2026-04-03T01:34:51.130+0600][19.879s][info][gc,marking  ] GC(30) Concurrent Preclean 0.708ms
[2026-04-03T01:34:51.130+0600][19.879s][info][gc,start    ] GC(30) Pause Remark
[2026-04-03T01:34:51.153+0600][19.901s][info][gc          ] GC(30) Pause Remark 272M->256M(474M) 22.430ms
[2026-04-03T01:34:51.153+0600][19.902s][info][gc,cpu      ] GC(30) User=0.18s Sys=0.00s Real=0.02s
[2026-04-03T01:34:51.153+0600][19.902s][info][gc,marking  ] GC(30) Concurrent Mark 119.435ms
[2026-04-03T01:34:51.153+0600][19.902s][info][gc,marking  ] GC(30) Concurrent Rebuild Remembered Sets and Scrub Regions
[2026-04-03T01:34:51.211+0600][19.959s][info][gc,marking  ] GC(30) Concurrent Rebuild Remembered Sets and Scrub Regions 57.493ms
[2026-04-03T01:34:51.211+0600][19.960s][info][gc,start    ] GC(30) Pause Cleanup
[2026-04-03T01:34:51.212+0600][19.960s][info][gc          ] GC(30) Pause Cleanup 271M->271M(474M) 0.354ms
[2026-04-03T01:34:51.212+0600][19.960s][info][gc,cpu      ] GC(30) User=0.00s Sys=0.00s Real=0.00s
[2026-04-03T01:34:51.212+0600][19.960s][info][gc,marking  ] GC(30) Concurrent Clear Claimed Marks
[2026-04-03T01:34:51.212+0600][19.961s][info][gc,marking  ] GC(30) Concurrent Clear Claimed Marks 0.305ms
[2026-04-03T01:34:51.212+0600][19.961s][info][gc,marking  ] GC(30) Concurrent Cleanup for Next Mark
[2026-04-03T01:34:51.213+0600][19.962s][info][gc,marking  ] GC(30) Concurrent Cleanup for Next Mark 1.222ms
[2026-04-03T01:34:51.214+0600][19.962s][info][gc          ] GC(30) Concurrent Mark Cycle 184.412ms
[2026-04-03T01:34:51.783+0600][20.531s][info][gc,start    ] GC(31) Pause Young (Prepare Mixed) (G1 Evacuation Pause)
[2026-04-03T01:34:51.783+0600][20.532s][info][gc,task     ] GC(31) Using 10 workers of 10 for evacuation
[2026-04-03T01:34:51.786+0600][20.535s][info][gc,phases   ] GC(31)   Pre Evacuate Collection Set: 0.31ms
[2026-04-03T01:34:51.786+0600][20.535s][info][gc,phases   ] GC(31)   Merge Heap Roots: 0.14ms
[2026-04-03T01:34:51.786+0600][20.535s][info][gc,phases   ] GC(31)   Evacuate Collection Set: 1.96ms
[2026-04-03T01:34:51.786+0600][20.535s][info][gc,phases   ] GC(31)   Post Evacuate Collection Set: 0.63ms
[2026-04-03T01:34:51.786+0600][20.535s][info][gc,phases   ] GC(31)   Other: 0.11ms
[2026-04-03T01:34:51.786+0600][20.535s][info][gc,heap     ] GC(31) Eden regions: 68->0(77)
[2026-04-03T01:34:51.786+0600][20.535s][info][gc,heap     ] GC(31) Survivor regions: 1->2(9)
[2026-04-03T01:34:51.786+0600][20.535s][info][gc,heap     ] GC(31) Old regions: 49->49
[2026-04-03T01:34:51.786+0600][20.535s][info][gc,heap     ] GC(31) Humongous regions: 93->71
[2026-04-03T01:34:51.786+0600][20.535s][info][gc,metaspace] GC(31) Metaspace: 121952K(123584K)->121952K(123584K) NonClass: 106142K(107072K)->106142K(107072K) Class: 15810K(16512K)->15810K(16512K)
[2026-04-03T01:34:51.786+0600][20.535s][info][gc          ] GC(31) Pause Young (Prepare Mixed) (G1 Evacuation Pause) 419M->241M(474M) 3.410ms
[2026-04-03T01:34:51.786+0600][20.535s][info][gc,cpu      ] GC(31) User=0.02s Sys=0.00s Real=0.00s
[2026-04-03T01:34:52.024+0600][20.772s][info][gc,start    ] GC(32) Pause Full (System.gc())
[2026-04-03T01:34:52.024+0600][20.772s][info][gc,task     ] GC(32) Using 10 workers of 10 for full compaction
[2026-04-03T01:34:52.024+0600][20.773s][info][gc,phases,start] GC(32) Phase 1: Mark live objects
[2026-04-03T01:34:52.123+0600][20.872s][info][gc,phases      ] GC(32) Phase 1: Mark live objects 98.944ms
[2026-04-03T01:34:52.123+0600][20.872s][info][gc,phases,start] GC(32) Phase 2: Prepare compaction
[2026-04-03T01:34:52.130+0600][20.879s][info][gc,phases      ] GC(32) Phase 2: Prepare compaction 7.100ms
[2026-04-03T01:34:52.130+0600][20.879s][info][gc,phases,start] GC(32) Phase 3: Adjust pointers
[2026-04-03T01:34:52.149+0600][20.897s][info][gc,phases      ] GC(32) Phase 3: Adjust pointers 18.189ms
[2026-04-03T01:34:52.149+0600][20.897s][info][gc,phases,start] GC(32) Phase 4: Compact heap
[2026-04-03T01:34:52.158+0600][20.906s][info][gc,phases      ] GC(32) Phase 4: Compact heap 9.325ms
[2026-04-03T01:34:52.158+0600][20.907s][info][gc,phases,start] GC(32) Phase 5: Reset Metadata
[2026-04-03T01:34:52.162+0600][20.910s][info][gc,phases      ] GC(32) Phase 5: Reset Metadata 3.830ms
[2026-04-03T01:34:52.172+0600][20.920s][info][gc,heap        ] GC(32) Eden regions: 58->0(70)
[2026-04-03T01:34:52.172+0600][20.920s][info][gc,heap        ] GC(32) Survivor regions: 2->0(9)
[2026-04-03T01:34:52.172+0600][20.920s][info][gc,heap        ] GC(32) Old regions: 49->41
[2026-04-03T01:34:52.172+0600][20.920s][info][gc,heap        ] GC(32) Humongous regions: 83->3
[2026-04-03T01:34:52.172+0600][20.920s][info][gc,metaspace   ] GC(32) Metaspace: 122177K(123584K)->122168K(123584K) NonClass: 106344K(107072K)->106338K(107072K) Class: 15832K(16512K)->15830K(16512K)
[2026-04-03T01:34:52.172+0600][20.921s][info][gc             ] GC(32) Pause Full (System.gc()) 380M->77M(294M) 148.372ms
[2026-04-03T01:34:52.172+0600][20.921s][info][gc,cpu         ] GC(32) User=1.15s Sys=0.08s Real=0.15s
[2026-04-03T01:34:52.201+0600][20.950s][info][gc,start       ] GC(33) Pause Young (Concurrent Start) (G1 Humongous Allocation)
[2026-04-03T01:34:52.202+0600][20.950s][info][gc,task        ] GC(33) Using 8 workers of 10 for evacuation
[2026-04-03T01:34:52.205+0600][20.953s][info][gc,phases      ] GC(33)   Pre Evacuate Collection Set: 0.47ms
[2026-04-03T01:34:52.205+0600][20.953s][info][gc,phases      ] GC(33)   Merge Heap Roots: 0.08ms
[2026-04-03T01:34:52.205+0600][20.953s][info][gc,phases      ] GC(33)   Evacuate Collection Set: 1.28ms
[2026-04-03T01:34:52.205+0600][20.953s][info][gc,phases      ] GC(33)   Post Evacuate Collection Set: 1.14ms
[2026-04-03T01:34:52.205+0600][20.953s][info][gc,phases      ] GC(33)   Other: 0.24ms
[2026-04-03T01:34:52.205+0600][20.953s][info][gc,heap        ] GC(33) Eden regions: 4->0(192)
[2026-04-03T01:34:52.205+0600][20.953s][info][gc,heap        ] GC(33) Survivor regions: 0->1(9)
[2026-04-03T01:34:52.205+0600][20.953s][info][gc,heap        ] GC(33) Old regions: 41->41
[2026-04-03T01:34:52.205+0600][20.953s][info][gc,heap        ] GC(33) Humongous regions: 3->3
[2026-04-03T01:34:52.205+0600][20.953s][info][gc,metaspace   ] GC(33) Metaspace: 122254K(123648K)->122254K(123648K) NonClass: 106417K(107136K)->106417K(107136K) Class: 15837K(16512K)->15837K(16512K)
[2026-04-03T01:34:52.205+0600][20.953s][info][gc             ] GC(33) Pause Young (Concurrent Start) (G1 Humongous Allocation) 83M->77M(646M) 3.449ms
[2026-04-03T01:34:52.205+0600][20.953s][info][gc,cpu         ] GC(33) User=0.00s Sys=0.00s Real=0.00s
[2026-04-03T01:34:52.205+0600][20.954s][info][gc             ] GC(34) Concurrent Undo Cycle
[2026-04-03T01:34:52.205+0600][20.954s][info][gc,marking     ] GC(34) Concurrent Clear Claimed Marks
[2026-04-03T01:34:52.205+0600][20.954s][info][gc,marking     ] GC(34) Concurrent Clear Claimed Marks 0.149ms
[2026-04-03T01:34:52.205+0600][20.954s][info][gc,marking     ] GC(34) Concurrent Cleanup for Next Mark
[2026-04-03T01:34:52.206+0600][20.954s][info][gc,marking     ] GC(34) Concurrent Cleanup for Next Mark 0.276ms
[2026-04-03T01:34:52.206+0600][20.954s][info][gc             ] GC(34) Concurrent Undo Cycle 0.567ms
[2026-04-03T01:34:52.230+0600][20.978s][info][gc,start       ] GC(35) Pause Young (Concurrent Start) (G1 Humongous Allocation)
[2026-04-03T01:34:52.230+0600][20.978s][info][gc,task        ] GC(35) Using 10 workers of 10 for evacuation
[2026-04-03T01:34:52.232+0600][20.980s][info][gc,phases      ] GC(35)   Pre Evacuate Collection Set: 0.38ms
[2026-04-03T01:34:52.232+0600][20.981s][info][gc,phases      ] GC(35)   Merge Heap Roots: 0.07ms
[2026-04-03T01:34:52.232+0600][20.981s][info][gc,phases      ] GC(35)   Evacuate Collection Set: 1.37ms
[2026-04-03T01:34:52.232+0600][20.981s][info][gc,phases      ] GC(35)   Post Evacuate Collection Set: 0.34ms
[2026-04-03T01:34:52.232+0600][20.981s][info][gc,phases      ] GC(35)   Other: 0.10ms
[2026-04-03T01:34:52.232+0600][20.981s][info][gc,heap        ] GC(35) Eden regions: 1->0(192)
[2026-04-03T01:34:52.232+0600][20.981s][info][gc,heap        ] GC(35) Survivor regions: 1->1(25)
[2026-04-03T01:34:52.232+0600][20.981s][info][gc,heap        ] GC(35) Old regions: 41->41
[2026-04-03T01:34:52.232+0600][20.981s][info][gc,heap        ] GC(35) Humongous regions: 6->3
[2026-04-03T01:34:52.232+0600][20.981s][info][gc,metaspace   ] GC(35) Metaspace: 122373K(123712K)->122373K(123712K) NonClass: 106513K(107200K)->106513K(107200K) Class: 15859K(16512K)->15859K(16512K)
[2026-04-03T01:34:52.232+0600][20.981s][info][gc             ] GC(35) Pause Young (Concurrent Start) (G1 Humongous Allocation) 85M->77M(646M) 2.500ms
[2026-04-03T01:34:52.232+0600][20.981s][info][gc,cpu         ] GC(35) User=0.01s Sys=0.00s Real=0.01s
[2026-04-03T01:34:52.232+0600][20.981s][info][gc             ] GC(36) Concurrent Mark Cycle
[2026-04-03T01:34:52.232+0600][20.981s][info][gc,marking     ] GC(36) Concurrent Scan Root Regions
[2026-04-03T01:34:52.234+0600][20.983s][info][gc,marking     ] GC(36) Concurrent Scan Root Regions 1.993ms
[2026-04-03T01:34:52.234+0600][20.983s][info][gc,marking     ] GC(36) Concurrent Mark
[2026-04-03T01:34:52.234+0600][20.983s][info][gc,marking     ] GC(36) Concurrent Mark From Roots
[2026-04-03T01:34:52.234+0600][20.983s][info][gc,task        ] GC(36) Using 2 workers of 2 for marking
[2026-04-03T01:34:52.318+0600][21.066s][info][gc,marking     ] GC(36) Concurrent Mark From Roots 83.511ms
[2026-04-03T01:34:52.318+0600][21.066s][info][gc,marking     ] GC(36) Concurrent Preclean
[2026-04-03T01:34:52.318+0600][21.067s][info][gc,marking     ] GC(36) Concurrent Preclean 0.364ms
[2026-04-03T01:34:52.318+0600][21.067s][info][gc,start       ] GC(36) Pause Remark
[2026-04-03T01:34:52.323+0600][21.072s][info][gc             ] GC(36) Pause Remark 82M->82M(308M) 4.917ms
[2026-04-03T01:34:52.323+0600][21.072s][info][gc,cpu         ] GC(36) User=0.03s Sys=0.00s Real=0.01s
[2026-04-03T01:34:52.324+0600][21.072s][info][gc,marking     ] GC(36) Concurrent Mark 89.320ms
[2026-04-03T01:34:52.324+0600][21.072s][info][gc,marking     ] GC(36) Concurrent Rebuild Remembered Sets and Scrub Regions
[2026-04-03T01:34:52.356+0600][21.104s][info][gc,marking     ] GC(36) Concurrent Rebuild Remembered Sets and Scrub Regions 32.104ms
[2026-04-03T01:34:52.356+0600][21.105s][info][gc,start       ] GC(36) Pause Cleanup
[2026-04-03T01:34:52.356+0600][21.105s][info][gc             ] GC(36) Pause Cleanup 86M->86M(308M) 0.334ms
[2026-04-03T01:34:52.357+0600][21.105s][info][gc,cpu         ] GC(36) User=0.00s Sys=0.00s Real=0.00s
[2026-04-03T01:34:52.357+0600][21.105s][info][gc,marking     ] GC(36) Concurrent Clear Claimed Marks
[2026-04-03T01:34:52.357+0600][21.105s][info][gc,marking     ] GC(36) Concurrent Clear Claimed Marks 0.240ms
[2026-04-03T01:34:52.357+0600][21.105s][info][gc,marking     ] GC(36) Concurrent Cleanup for Next Mark
[2026-04-03T01:34:52.358+0600][21.106s][info][gc,marking     ] GC(36) Concurrent Cleanup for Next Mark 0.826ms
[2026-04-03T01:34:52.358+0600][21.106s][info][gc             ] GC(36) Concurrent Mark Cycle 125.575ms
[2026-04-03T01:34:52.873+0600][21.622s][info][gc,start       ] GC(37) Pause Young (Prepare Mixed) (G1 Evacuation Pause)
[2026-04-03T01:34:52.873+0600][21.622s][info][gc,task        ] GC(37) Using 9 workers of 10 for evacuation
[2026-04-03T01:34:52.878+0600][21.626s][info][gc,phases      ] GC(37)   Pre Evacuate Collection Set: 0.30ms
[2026-04-03T01:34:52.878+0600][21.626s][info][gc,phases      ] GC(37)   Merge Heap Roots: 0.14ms
[2026-04-03T01:34:52.878+0600][21.626s][info][gc,phases      ] GC(37)   Evacuate Collection Set: 3.14ms
[2026-04-03T01:34:52.878+0600][21.626s][info][gc,phases      ] GC(37)   Post Evacuate Collection Set: 0.53ms
[2026-04-03T01:34:52.878+0600][21.626s][info][gc,phases      ] GC(37)   Other: 0.13ms
[2026-04-03T01:34:52.878+0600][21.626s][info][gc,heap        ] GC(37) Eden regions: 31->0(108)
[2026-04-03T01:34:52.878+0600][21.626s][info][gc,heap        ] GC(37) Survivor regions: 1->3(12)
[2026-04-03T01:34:52.878+0600][21.626s][info][gc,heap        ] GC(37) Old regions: 41->41
[2026-04-03T01:34:52.878+0600][21.626s][info][gc,heap        ] GC(37) Humongous regions: 123->12
[2026-04-03T01:34:52.878+0600][21.626s][info][gc,metaspace   ] GC(37) Metaspace: 123389K(124608K)->123389K(124608K) NonClass: 107360K(108032K)->107360K(108032K) Class: 16028K(16576K)->16028K(16576K)
[2026-04-03T01:34:52.878+0600][21.626s][info][gc             ] GC(37) Pause Young (Prepare Mixed) (G1 Evacuation Pause) 379M->100M(398M) 4.489ms
[2026-04-03T01:34:52.878+0600][21.626s][info][gc,cpu         ] GC(37) User=0.03s Sys=0.01s Real=0.00s
[2026-04-03T01:34:53.344+0600][22.093s][info][gc,start       ] GC(38) Pause Young (Mixed) (G1 Evacuation Pause)
[2026-04-03T01:34:53.345+0600][22.093s][info][gc,task        ] GC(38) Using 10 workers of 10 for evacuation
[2026-04-03T01:34:53.350+0600][22.098s][info][gc,phases      ] GC(38)   Pre Evacuate Collection Set: 0.29ms
[2026-04-03T01:34:53.350+0600][22.098s][info][gc,phases      ] GC(38)   Merge Heap Roots: 0.12ms
[2026-04-03T01:34:53.350+0600][22.098s][info][gc,phases      ] GC(38)   Evacuate Collection Set: 3.87ms
[2026-04-03T01:34:53.350+0600][22.098s][info][gc,phases      ] GC(38)   Post Evacuate Collection Set: 0.77ms
[2026-04-03T01:34:53.350+0600][22.098s][info][gc,phases      ] GC(38)   Other: 0.10ms
[2026-04-03T01:34:53.350+0600][22.098s][info][gc,heap        ] GC(38) Eden regions: 32->0(140)
[2026-04-03T01:34:53.350+0600][22.098s][info][gc,heap        ] GC(38) Survivor regions: 3->3(14)
[2026-04-03T01:34:53.350+0600][22.098s][info][gc,heap        ] GC(38) Old regions: 41->40
[2026-04-03T01:34:53.350+0600][22.098s][info][gc,heap        ] GC(38) Humongous regions: 159->9
[2026-04-03T01:34:53.350+0600][22.098s][info][gc,metaspace   ] GC(38) Metaspace: 123714K(124928K)->123714K(124928K) NonClass: 107636K(108288K)->107636K(108288K) Class: 16078K(16640K)->16078K(16640K)
[2026-04-03T01:34:53.350+0600][22.098s][info][gc             ] GC(38) Pause Young (Mixed) (G1 Evacuation Pause) 458M->93M(478M) 5.492ms
[2026-04-03T01:34:53.350+0600][22.098s][info][gc,cpu         ] GC(38) User=0.03s Sys=0.01s Real=0.01s
[2026-04-03T01:34:53.351+0600][22.099s][info][gc,start       ] GC(39) Pause Young (Concurrent Start) (G1 Humongous Allocation)
[2026-04-03T01:34:53.351+0600][22.100s][info][gc,task        ] GC(39) Using 10 workers of 10 for evacuation
[2026-04-03T01:34:53.355+0600][22.103s][info][gc,phases      ] GC(39)   Pre Evacuate Collection Set: 0.35ms
[2026-04-03T01:34:53.355+0600][22.103s][info][gc,phases      ] GC(39)   Merge Heap Roots: 0.08ms
[2026-04-03T01:34:53.355+0600][22.103s][info][gc,phases      ] GC(39)   Evacuate Collection Set: 2.68ms
[2026-04-03T01:34:53.355+0600][22.103s][info][gc,phases      ] GC(39)   Post Evacuate Collection Set: 0.57ms
[2026-04-03T01:34:53.355+0600][22.103s][info][gc,phases      ] GC(39)   Other: 0.13ms
[2026-04-03T01:34:53.355+0600][22.103s][info][gc,heap        ] GC(39) Eden regions: 1->0(140)
[2026-04-03T01:34:53.355+0600][22.103s][info][gc,heap        ] GC(39) Survivor regions: 3->3(18)
[2026-04-03T01:34:53.355+0600][22.103s][info][gc,heap        ] GC(39) Old regions: 40->40
[2026-04-03T01:34:53.355+0600][22.104s][info][gc,heap        ] GC(39) Humongous regions: 12->12
[2026-04-03T01:34:53.355+0600][22.104s][info][gc,metaspace   ] GC(39) Metaspace: 123714K(124928K)->123714K(124928K) NonClass: 107636K(108288K)->107636K(108288K) Class: 16078K(16640K)->16078K(16640K)
[2026-04-03T01:34:53.355+0600][22.104s][info][gc             ] GC(39) Pause Young (Concurrent Start) (G1 Humongous Allocation) 100M->99M(478M) 4.140ms
[2026-04-03T01:34:53.355+0600][22.104s][info][gc             ] GC(40) Concurrent Mark Cycle
[2026-04-03T01:34:53.355+0600][22.104s][info][gc,marking     ] GC(40) Concurrent Scan Root Regions
[2026-04-03T01:34:53.355+0600][22.104s][info][gc,cpu         ] GC(39) User=0.02s Sys=0.01s Real=0.00s
[2026-04-03T01:34:53.358+0600][22.106s][info][gc,marking     ] GC(40) Concurrent Scan Root Regions 2.694ms
[2026-04-03T01:34:53.358+0600][22.106s][info][gc,marking     ] GC(40) Concurrent Mark
[2026-04-03T01:34:53.358+0600][22.106s][info][gc,marking     ] GC(40) Concurrent Mark From Roots
[2026-04-03T01:34:53.358+0600][22.106s][info][gc,task        ] GC(40) Using 2 workers of 2 for marking
[2026-04-03T01:34:53.485+0600][22.233s][info][gc,marking     ] GC(40) Concurrent Mark From Roots 126.826ms
[2026-04-03T01:34:53.485+0600][22.233s][info][gc,marking     ] GC(40) Concurrent Preclean
[2026-04-03T01:34:53.486+0600][22.234s][info][gc,marking     ] GC(40) Concurrent Preclean 0.640ms
[2026-04-03T01:34:53.486+0600][22.235s][info][gc,start       ] GC(40) Pause Remark
[2026-04-03T01:34:53.495+0600][22.243s][info][gc             ] GC(40) Pause Remark 434M->434M(698M) 8.687ms
[2026-04-03T01:34:53.495+0600][22.244s][info][gc,cpu         ] GC(40) User=0.05s Sys=0.00s Real=0.01s
[2026-04-03T01:34:53.496+0600][22.245s][info][gc,marking     ] GC(40) Concurrent Mark 138.312ms
[2026-04-03T01:34:53.496+0600][22.245s][info][gc,marking     ] GC(40) Concurrent Rebuild Remembered Sets and Scrub Regions
[2026-04-03T01:34:53.554+0600][22.302s][info][gc,marking     ] GC(40) Concurrent Rebuild Remembered Sets and Scrub Regions 57.156ms
[2026-04-03T01:34:53.554+0600][22.302s][info][gc,start       ] GC(40) Pause Cleanup
[2026-04-03T01:34:53.554+0600][22.303s][info][gc             ] GC(40) Pause Cleanup 452M->452M(698M) 0.292ms
[2026-04-03T01:34:53.554+0600][22.303s][info][gc,cpu         ] GC(40) User=0.00s Sys=0.00s Real=0.00s
[2026-04-03T01:34:53.554+0600][22.303s][info][gc,marking     ] GC(40) Concurrent Clear Claimed Marks
[2026-04-03T01:34:53.555+0600][22.303s][info][gc,marking     ] GC(40) Concurrent Clear Claimed Marks 0.313ms
[2026-04-03T01:34:53.555+0600][22.303s][info][gc,marking     ] GC(40) Concurrent Cleanup for Next Mark
[2026-04-03T01:34:53.559+0600][22.308s][info][gc,marking     ] GC(40) Concurrent Cleanup for Next Mark 4.740ms
[2026-04-03T01:34:53.560+0600][22.308s][info][gc             ] GC(40) Concurrent Mark Cycle 204.405ms
[2026-04-03T01:34:55.107+0600][23.856s][info][gc,start       ] GC(41) Pause Young (Prepare Mixed) (G1 Evacuation Pause)
[2026-04-03T01:34:55.107+0600][23.856s][info][gc,task        ] GC(41) Using 10 workers of 10 for evacuation
[2026-04-03T01:34:55.114+0600][23.863s][info][gc,phases      ] GC(41)   Pre Evacuate Collection Set: 0.50ms
[2026-04-03T01:34:55.114+0600][23.863s][info][gc,phases      ] GC(41)   Merge Heap Roots: 0.22ms
[2026-04-03T01:34:55.114+0600][23.863s][info][gc,phases      ] GC(41)   Evacuate Collection Set: 4.88ms
[2026-04-03T01:34:55.114+0600][23.863s][info][gc,phases      ] GC(41)   Post Evacuate Collection Set: 1.11ms
[2026-04-03T01:34:55.114+0600][23.863s][info][gc,phases      ] GC(41)   Other: 0.16ms
[2026-04-03T01:34:55.114+0600][23.863s][info][gc,heap        ] GC(41) Eden regions: 90->0(208)
[2026-04-03T01:34:55.114+0600][23.863s][info][gc,heap        ] GC(41) Survivor regions: 3->3(19)
[2026-04-03T01:34:55.114+0600][23.863s][info][gc,heap        ] GC(41) Old regions: 40->40
[2026-04-03T01:34:55.114+0600][23.863s][info][gc,heap        ] GC(41) Humongous regions: 216->3
[2026-04-03T01:34:55.114+0600][23.863s][info][gc,metaspace   ] GC(41) Metaspace: 127891K(129344K)->127891K(129344K) NonClass: 111302K(112128K)->111302K(112128K) Class: 16588K(17216K)->16588K(17216K)
[2026-04-03T01:34:55.114+0600][23.863s][info][gc             ] GC(41) Pause Young (Prepare Mixed) (G1 Evacuation Pause) 687M->82M(704M) 7.198ms
[2026-04-03T01:34:55.114+0600][23.863s][info][gc,cpu         ] GC(41) User=0.05s Sys=0.01s Real=0.01s
[2026-04-03T01:34:56.473+0600][25.221s][info][gc,start       ] GC(42) Pause Young (Mixed) (G1 Evacuation Pause)
[2026-04-03T01:34:56.473+0600][25.221s][info][gc,task        ] GC(42) Using 10 workers of 10 for evacuation
[2026-04-03T01:34:56.481+0600][25.229s][info][gc,phases      ] GC(42)   Pre Evacuate Collection Set: 0.56ms
[2026-04-03T01:34:56.481+0600][25.229s][info][gc,phases      ] GC(42)   Merge Heap Roots: 0.29ms
[2026-04-03T01:34:56.481+0600][25.229s][info][gc,phases      ] GC(42)   Evacuate Collection Set: 6.03ms
[2026-04-03T01:34:56.481+0600][25.229s][info][gc,phases      ] GC(42)   Post Evacuate Collection Set: 0.93ms
[2026-04-03T01:34:56.481+0600][25.229s][info][gc,phases      ] GC(42)   Other: 0.17ms
[2026-04-03T01:34:56.481+0600][25.229s][info][gc,heap        ] GC(42) Eden regions: 193->0(209)
[2026-04-03T01:34:56.481+0600][25.229s][info][gc,heap        ] GC(42) Survivor regions: 3->4(27)
[2026-04-03T01:34:56.481+0600][25.229s][info][gc,heap        ] GC(42) Old regions: 40->39
[2026-04-03T01:34:56.481+0600][25.229s][info][gc,heap        ] GC(42) Humongous regions: 116->3
[2026-04-03T01:34:56.481+0600][25.229s][info][gc,metaspace   ] GC(42) Metaspace: 128604K(130112K)->128604K(130112K) NonClass: 111994K(112832K)->111994K(112832K) Class: 16610K(17280K)->16610K(17280K)
[2026-04-03T01:34:56.481+0600][25.229s][info][gc             ] GC(42) Pause Young (Mixed) (G1 Evacuation Pause) 694M->84M(712M) 8.331ms
[2026-04-03T01:34:56.481+0600][25.230s][info][gc,cpu         ] GC(42) User=0.06s Sys=0.01s Real=0.01s
[2026-04-03T01:34:56.513+0600][25.261s][info][gc,start       ] GC(43) Pause Young (Concurrent Start) (G1 Humongous Allocation)
[2026-04-03T01:34:56.513+0600][25.262s][info][gc,task        ] GC(43) Using 10 workers of 10 for evacuation
[2026-04-03T01:34:56.519+0600][25.267s][info][gc,phases      ] GC(43)   Pre Evacuate Collection Set: 0.51ms
[2026-04-03T01:34:56.519+0600][25.267s][info][gc,phases      ] GC(43)   Merge Heap Roots: 0.12ms
[2026-04-03T01:34:56.519+0600][25.267s][info][gc,phases      ] GC(43)   Evacuate Collection Set: 4.18ms
[2026-04-03T01:34:56.519+0600][25.267s][info][gc,phases      ] GC(43)   Post Evacuate Collection Set: 0.75ms
[2026-04-03T01:34:56.519+0600][25.267s][info][gc,phases      ] GC(43)   Other: 0.13ms
[2026-04-03T01:34:56.519+0600][25.267s][info][gc,heap        ] GC(43) Eden regions: 9->0(209)
[2026-04-03T01:34:56.519+0600][25.267s][info][gc,heap        ] GC(43) Survivor regions: 4->4(27)
[2026-04-03T01:34:56.519+0600][25.267s][info][gc,heap        ] GC(43) Old regions: 39->39
[2026-04-03T01:34:56.519+0600][25.267s][info][gc,heap        ] GC(43) Humongous regions: 3->3
[2026-04-03T01:34:56.519+0600][25.267s][info][gc,metaspace   ] GC(43) Metaspace: 128627K(130112K)->128627K(130112K) NonClass: 112016K(112832K)->112016K(112832K) Class: 16611K(17280K)->16611K(17280K)
[2026-04-03T01:34:56.519+0600][25.267s][info][gc             ] GC(43) Pause Young (Concurrent Start) (G1 Humongous Allocation) 102M->84M(712M) 6.002ms
[2026-04-03T01:34:56.519+0600][25.267s][info][gc             ] GC(44) Concurrent Mark Cycle
[2026-04-03T01:34:56.519+0600][25.268s][info][gc,marking     ] GC(44) Concurrent Scan Root Regions
[2026-04-03T01:34:56.519+0600][25.268s][info][gc,cpu         ] GC(43) User=0.04s Sys=0.00s Real=0.00s
[2026-04-03T01:34:56.524+0600][25.272s][info][gc,marking     ] GC(44) Concurrent Scan Root Regions 4.732ms
[2026-04-03T01:34:56.524+0600][25.272s][info][gc,marking     ] GC(44) Concurrent Mark
[2026-04-03T01:34:56.524+0600][25.272s][info][gc,marking     ] GC(44) Concurrent Mark From Roots
[2026-04-03T01:34:56.524+0600][25.272s][info][gc,task        ] GC(44) Using 2 workers of 2 for marking
[2026-04-03T01:34:56.660+0600][25.409s][info][gc,marking     ] GC(44) Concurrent Mark From Roots 136.396ms
[2026-04-03T01:34:56.660+0600][25.409s][info][gc,marking     ] GC(44) Concurrent Preclean
[2026-04-03T01:34:56.661+0600][25.410s][info][gc,marking     ] GC(44) Concurrent Preclean 0.661ms
[2026-04-03T01:34:56.661+0600][25.410s][info][gc,start       ] GC(44) Pause Remark
[2026-04-03T01:34:56.670+0600][25.418s][info][gc             ] GC(44) Pause Remark 177M->177M(454M) 8.120ms
[2026-04-03T01:34:56.670+0600][25.418s][info][gc,cpu         ] GC(44) User=0.06s Sys=0.00s Real=0.01s
[2026-04-03T01:34:56.670+0600][25.418s][info][gc,marking     ] GC(44) Concurrent Mark 146.023ms
[2026-04-03T01:34:56.670+0600][25.418s][info][gc,marking     ] GC(44) Concurrent Rebuild Remembered Sets and Scrub Regions
[2026-04-03T01:34:56.727+0600][25.475s][info][gc,marking     ] GC(44) Concurrent Rebuild Remembered Sets and Scrub Regions 56.793ms
[2026-04-03T01:34:56.727+0600][25.476s][info][gc,start       ] GC(44) Pause Cleanup
[2026-04-03T01:34:56.728+0600][25.476s][info][gc             ] GC(44) Pause Cleanup 205M->205M(454M) 0.445ms
[2026-04-03T01:34:56.728+0600][25.476s][info][gc,cpu         ] GC(44) User=0.00s Sys=0.01s Real=0.00s
[2026-04-03T01:34:56.728+0600][25.476s][info][gc,marking     ] GC(44) Concurrent Clear Claimed Marks
[2026-04-03T01:34:56.728+0600][25.477s][info][gc,marking     ] GC(44) Concurrent Clear Claimed Marks 0.456ms
[2026-04-03T01:34:56.728+0600][25.477s][info][gc,marking     ] GC(44) Concurrent Cleanup for Next Mark
[2026-04-03T01:34:56.730+0600][25.478s][info][gc,marking     ] GC(44) Concurrent Cleanup for Next Mark 1.345ms
[2026-04-03T01:34:56.730+0600][25.478s][info][gc             ] GC(44) Concurrent Mark Cycle 210.917ms
[2026-04-03T01:34:57.059+0600][25.808s][info][gc,start       ] GC(45) Pause Young (Prepare Mixed) (GCLocker Initiated GC)
[2026-04-03T01:34:57.059+0600][25.808s][info][gc,task        ] GC(45) Using 10 workers of 10 for evacuation
[2026-04-03T01:34:57.067+0600][25.815s][info][gc,phases      ] GC(45)   Pre Evacuate Collection Set: 0.42ms
[2026-04-03T01:34:57.067+0600][25.815s][info][gc,phases      ] GC(45)   Merge Heap Roots: 0.22ms
[2026-04-03T01:34:57.067+0600][25.815s][info][gc,phases      ] GC(45)   Evacuate Collection Set: 5.81ms
[2026-04-03T01:34:57.067+0600][25.815s][info][gc,phases      ] GC(45)   Post Evacuate Collection Set: 0.92ms
[2026-04-03T01:34:57.067+0600][25.815s][info][gc,phases      ] GC(45)   Other: 0.13ms
[2026-04-03T01:34:57.067+0600][25.815s][info][gc,heap        ] GC(45) Eden regions: 104->0(134)
[2026-04-03T01:34:57.067+0600][25.815s][info][gc,heap        ] GC(45) Survivor regions: 4->5(17)
[2026-04-03T01:34:57.067+0600][25.815s][info][gc,heap        ] GC(45) Old regions: 39->39
[2026-04-03T01:34:57.067+0600][25.815s][info][gc,heap        ] GC(45) Humongous regions: 80->3
[2026-04-03T01:34:57.067+0600][25.815s][info][gc,metaspace   ] GC(45) Metaspace: 128906K(130432K)->128906K(130432K) NonClass: 112290K(113152K)->112290K(113152K) Class: 16615K(17280K)->16615K(17280K)
[2026-04-03T01:34:57.067+0600][25.816s][info][gc             ] GC(45) Pause Young (Prepare Mixed) (GCLocker Initiated GC) 446M->85M(464M) 7.904ms
[2026-04-03T01:34:57.067+0600][25.816s][info][gc,cpu         ] GC(45) User=0.04s Sys=0.01s Real=0.01s
[2026-04-03T01:34:57.728+0600][26.476s][info][gc,start       ] GC(46) Pause Young (Mixed) (G1 Evacuation Pause)
[2026-04-03T01:34:57.728+0600][26.477s][info][gc,task        ] GC(46) Using 10 workers of 10 for evacuation
[2026-04-03T01:34:57.733+0600][26.481s][info][gc,phases      ] GC(46)   Pre Evacuate Collection Set: 0.45ms
[2026-04-03T01:34:57.733+0600][26.481s][info][gc,phases      ] GC(46)   Merge Heap Roots: 0.14ms
[2026-04-03T01:34:57.733+0600][26.481s][info][gc,phases      ] GC(46)   Evacuate Collection Set: 2.95ms
[2026-04-03T01:34:57.733+0600][26.481s][info][gc,phases      ] GC(46)   Post Evacuate Collection Set: 0.85ms
[2026-04-03T01:34:57.733+0600][26.481s][info][gc,phases      ] GC(46)   Other: 0.09ms
[2026-04-03T01:34:57.733+0600][26.481s][info][gc,heap        ] GC(46) Eden regions: 127->0(138)
[2026-04-03T01:34:57.733+0600][26.481s][info][gc,heap        ] GC(46) Survivor regions: 5->4(18)
[2026-04-03T01:34:57.733+0600][26.481s][info][gc,heap        ] GC(46) Old regions: 39->39
[2026-04-03T01:34:57.733+0600][26.481s][info][gc,heap        ] GC(46) Humongous regions: 61->3
[2026-04-03T01:34:57.733+0600][26.481s][info][gc,metaspace   ] GC(46) Metaspace: 129351K(130880K)->129351K(130880K) NonClass: 112707K(113536K)->112707K(113536K) Class: 16643K(17344K)->16643K(17344K)
[2026-04-03T01:34:57.733+0600][26.481s][info][gc             ] GC(46) Pause Young (Mixed) (G1 Evacuation Pause) 455M->83M(474M) 4.756ms
[2026-04-03T01:34:57.733+0600][26.481s][info][gc,cpu         ] GC(46) User=0.02s Sys=0.00s Real=0.01s
[2026-04-03T01:34:57.800+0600][26.548s][info][gc,start       ] GC(47) Pause Young (Concurrent Start) (G1 Humongous Allocation)
[2026-04-03T01:34:57.800+0600][26.548s][info][gc,task        ] GC(47) Using 10 workers of 10 for evacuation
[2026-04-03T01:34:57.803+0600][26.552s][info][gc,phases      ] GC(47)   Pre Evacuate Collection Set: 0.37ms
[2026-04-03T01:34:57.803+0600][26.552s][info][gc,phases      ] GC(47)   Merge Heap Roots: 0.09ms
[2026-04-03T01:34:57.803+0600][26.552s][info][gc,phases      ] GC(47)   Evacuate Collection Set: 2.43ms
[2026-04-03T01:34:57.803+0600][26.552s][info][gc,phases      ] GC(47)   Post Evacuate Collection Set: 0.55ms
[2026-04-03T01:34:57.803+0600][26.552s][info][gc,phases      ] GC(47)   Other: 0.13ms
[2026-04-03T01:34:57.803+0600][26.552s][info][gc,heap        ] GC(47) Eden regions: 15->0(139)
[2026-04-03T01:34:57.803+0600][26.552s][info][gc,heap        ] GC(47) Survivor regions: 4->3(18)
[2026-04-03T01:34:57.803+0600][26.552s][info][gc,heap        ] GC(47) Old regions: 39->39
[2026-04-03T01:34:57.803+0600][26.552s][info][gc,heap        ] GC(47) Humongous regions: 3->3
[2026-04-03T01:34:57.803+0600][26.552s][info][gc,metaspace   ] GC(47) Metaspace: 129413K(130944K)->129413K(130944K) NonClass: 112758K(113600K)->112758K(113600K) Class: 16654K(17344K)->16654K(17344K)
[2026-04-03T01:34:57.803+0600][26.552s][info][gc             ] GC(47) Pause Young (Concurrent Start) (G1 Humongous Allocation) 112M->83M(474M) 3.813ms
[2026-04-03T01:34:57.803+0600][26.552s][info][gc             ] GC(48) Concurrent Mark Cycle
[2026-04-03T01:34:57.803+0600][26.552s][info][gc,cpu         ] GC(47) User=0.03s Sys=0.00s Real=0.01s
[2026-04-03T01:34:57.804+0600][26.552s][info][gc,marking     ] GC(48) Concurrent Scan Root Regions
[2026-04-03T01:34:57.807+0600][26.555s][info][gc,marking     ] GC(48) Concurrent Scan Root Regions 3.083ms
[2026-04-03T01:34:57.807+0600][26.555s][info][gc,marking     ] GC(48) Concurrent Mark
[2026-04-03T01:34:57.807+0600][26.555s][info][gc,marking     ] GC(48) Concurrent Mark From Roots
[2026-04-03T01:34:57.807+0600][26.555s][info][gc,task        ] GC(48) Using 2 workers of 2 for marking
[2026-04-03T01:34:57.934+0600][26.683s][info][gc,marking     ] GC(48) Concurrent Mark From Roots 127.336ms
[2026-04-03T01:34:57.934+0600][26.683s][info][gc,marking     ] GC(48) Concurrent Preclean
[2026-04-03T01:34:57.935+0600][26.683s][info][gc,marking     ] GC(48) Concurrent Preclean 0.556ms
[2026-04-03T01:34:57.938+0600][26.687s][info][gc,start       ] GC(48) Pause Remark
[2026-04-03T01:34:57.947+0600][26.695s][info][gc             ] GC(48) Pause Remark 183M->183M(468M) 8.345ms
[2026-04-03T01:34:57.947+0600][26.695s][info][gc,cpu         ] GC(48) User=0.07s Sys=0.00s Real=0.01s
[2026-04-03T01:34:57.947+0600][26.695s][info][gc,marking     ] GC(48) Concurrent Mark 140.189ms
[2026-04-03T01:34:57.947+0600][26.695s][info][gc,marking     ] GC(48) Concurrent Rebuild Remembered Sets and Scrub Regions
[2026-04-03T01:34:58.003+0600][26.752s][info][gc,marking     ] GC(48) Concurrent Rebuild Remembered Sets and Scrub Regions 56.098ms
[2026-04-03T01:34:58.004+0600][26.752s][info][gc,start       ] GC(48) Pause Cleanup
[2026-04-03T01:34:58.004+0600][26.753s][info][gc             ] GC(48) Pause Cleanup 225M->225M(468M) 0.301ms
[2026-04-03T01:34:58.004+0600][26.753s][info][gc,cpu         ] GC(48) User=0.01s Sys=0.00s Real=0.00s
[2026-04-03T01:34:58.004+0600][26.753s][info][gc,marking     ] GC(48) Concurrent Clear Claimed Marks
[2026-04-03T01:34:58.005+0600][26.753s][info][gc,marking     ] GC(48) Concurrent Clear Claimed Marks 0.393ms
[2026-04-03T01:34:58.005+0600][26.753s][info][gc,marking     ] GC(48) Concurrent Cleanup for Next Mark
[2026-04-03T01:34:58.006+0600][26.755s][info][gc,marking     ] GC(48) Concurrent Cleanup for Next Mark 1.413ms
[2026-04-03T01:34:58.006+0600][26.755s][info][gc             ] GC(48) Concurrent Mark Cycle 202.777ms
[2026-04-03T01:34:58.288+0600][27.037s][info][gc,start       ] GC(49) Pause Young (Prepare Mixed) (G1 Evacuation Pause)
[2026-04-03T01:34:58.288+0600][27.037s][info][gc,task        ] GC(49) Using 10 workers of 10 for evacuation
[2026-04-03T01:34:58.294+0600][27.043s][info][gc,phases      ] GC(49)   Pre Evacuate Collection Set: 0.41ms
[2026-04-03T01:34:58.294+0600][27.043s][info][gc,phases      ] GC(49)   Merge Heap Roots: 0.16ms
[2026-04-03T01:34:58.294+0600][27.043s][info][gc,phases      ] GC(49)   Evacuate Collection Set: 4.46ms
[2026-04-03T01:34:58.294+0600][27.043s][info][gc,phases      ] GC(49)   Post Evacuate Collection Set: 0.69ms
[2026-04-03T01:34:58.294+0600][27.043s][info][gc,phases      ] GC(49)   Other: 0.11ms
[2026-04-03T01:34:58.294+0600][27.043s][info][gc,heap        ] GC(49) Eden regions: 101->0(140)
[2026-04-03T01:34:58.294+0600][27.043s][info][gc,heap        ] GC(49) Survivor regions: 3->4(18)
[2026-04-03T01:34:58.294+0600][27.043s][info][gc,heap        ] GC(49) Old regions: 39->39
[2026-04-03T01:34:58.294+0600][27.043s][info][gc,heap        ] GC(49) Humongous regions: 94->3
[2026-04-03T01:34:58.294+0600][27.043s][info][gc,metaspace   ] GC(49) Metaspace: 129609K(131136K)->129609K(131136K) NonClass: 112954K(113792K)->112954K(113792K) Class: 16654K(17344K)->16654K(17344K)
[2026-04-03T01:34:58.294+0600][27.043s][info][gc             ] GC(49) Pause Young (Prepare Mixed) (G1 Evacuation Pause) 467M->84M(482M) 6.110ms
[2026-04-03T01:34:58.294+0600][27.043s][info][gc,cpu         ] GC(49) User=0.04s Sys=0.01s Real=0.01s
[2026-04-03T01:34:58.689+0600][27.437s][info][gc,start       ] GC(50) Pause Young (Mixed) (G1 Evacuation Pause)
[2026-04-03T01:34:58.689+0600][27.438s][info][gc,task        ] GC(50) Using 10 workers of 10 for evacuation
[2026-04-03T01:34:58.697+0600][27.445s][info][gc,phases      ] GC(50)   Pre Evacuate Collection Set: 0.41ms
[2026-04-03T01:34:58.697+0600][27.446s][info][gc,phases      ] GC(50)   Merge Heap Roots: 0.29ms
[2026-04-03T01:34:58.697+0600][27.446s][info][gc,phases      ] GC(50)   Evacuate Collection Set: 5.79ms
[2026-04-03T01:34:58.697+0600][27.446s][info][gc,phases      ] GC(50)   Post Evacuate Collection Set: 1.22ms
[2026-04-03T01:34:58.697+0600][27.446s][info][gc,phases      ] GC(50)   Other: 0.14ms
[2026-04-03T01:34:58.697+0600][27.446s][info][gc,heap        ] GC(50) Eden regions: 110->0(143)
[2026-04-03T01:34:58.697+0600][27.446s][info][gc,heap        ] GC(50) Survivor regions: 4->4(18)
[2026-04-03T01:34:58.697+0600][27.446s][info][gc,heap        ] GC(50) Old regions: 39->39
[2026-04-03T01:34:58.697+0600][27.446s][info][gc,heap        ] GC(50) Humongous regions: 88->3
[2026-04-03T01:34:58.697+0600][27.446s][info][gc,metaspace   ] GC(50) Metaspace: 129746K(131264K)->129746K(131264K) NonClass: 113089K(113920K)->113089K(113920K) Class: 16657K(17344K)->16657K(17344K)
[2026-04-03T01:34:58.697+0600][27.446s][info][gc             ] GC(50) Pause Young (Mixed) (G1 Evacuation Pause) 474M->84M(492M) 8.298ms
[2026-04-03T01:34:58.697+0600][27.446s][info][gc,cpu         ] GC(50) User=0.06s Sys=0.00s Real=0.01s
[2026-04-03T01:34:58.707+0600][27.456s][info][gc,start       ] GC(51) Pause Young (Concurrent Start) (G1 Humongous Allocation)
[2026-04-03T01:34:58.707+0600][27.456s][info][gc,task        ] GC(51) Using 10 workers of 10 for evacuation
[2026-04-03T01:34:58.712+0600][27.461s][info][gc,phases      ] GC(51)   Pre Evacuate Collection Set: 0.49ms
[2026-04-03T01:34:58.712+0600][27.461s][info][gc,phases      ] GC(51)   Merge Heap Roots: 0.12ms
[2026-04-03T01:34:58.713+0600][27.461s][info][gc,phases      ] GC(51)   Evacuate Collection Set: 3.11ms
[2026-04-03T01:34:58.713+0600][27.461s][info][gc,phases      ] GC(51)   Post Evacuate Collection Set: 1.15ms
[2026-04-03T01:34:58.713+0600][27.461s][info][gc,phases      ] GC(51)   Other: 0.23ms
[2026-04-03T01:34:58.713+0600][27.461s][info][gc,heap        ] GC(51) Eden regions: 3->0(143)
[2026-04-03T01:34:58.713+0600][27.461s][info][gc,heap        ] GC(51) Survivor regions: 4->4(19)
[2026-04-03T01:34:58.713+0600][27.461s][info][gc,heap        ] GC(51) Old regions: 39->39
[2026-04-03T01:34:58.713+0600][27.461s][info][gc,heap        ] GC(51) Humongous regions: 3->3
[2026-04-03T01:34:58.713+0600][27.461s][info][gc,metaspace   ] GC(51) Metaspace: 129754K(131264K)->129754K(131264K) NonClass: 113096K(113920K)->113096K(113920K) Class: 16657K(17344K)->16657K(17344K)
[2026-04-03T01:34:58.713+0600][27.461s][info][gc             ] GC(51) Pause Young (Concurrent Start) (G1 Humongous Allocation) 88M->83M(492M) 5.460ms
[2026-04-03T01:34:58.713+0600][27.461s][info][gc             ] GC(52) Concurrent Mark Cycle
[2026-04-03T01:34:58.713+0600][27.461s][info][gc,cpu         ] GC(51) User=0.04s Sys=0.01s Real=0.01s
[2026-04-03T01:34:58.713+0600][27.461s][info][gc,marking     ] GC(52) Concurrent Scan Root Regions
[2026-04-03T01:34:58.717+0600][27.466s][info][gc,marking     ] GC(52) Concurrent Scan Root Regions 4.427ms
[2026-04-03T01:34:58.717+0600][27.466s][info][gc,marking     ] GC(52) Concurrent Mark
[2026-04-03T01:34:58.717+0600][27.466s][info][gc,marking     ] GC(52) Concurrent Mark From Roots
[2026-04-03T01:34:58.717+0600][27.466s][info][gc,task        ] GC(52) Using 2 workers of 2 for marking
[2026-04-03T01:34:58.850+0600][27.599s][info][gc,marking     ] GC(52) Concurrent Mark From Roots 133.051ms
[2026-04-03T01:34:58.850+0600][27.599s][info][gc,marking     ] GC(52) Concurrent Preclean
[2026-04-03T01:34:58.851+0600][27.600s][info][gc,marking     ] GC(52) Concurrent Preclean 0.708ms
[2026-04-03T01:34:58.852+0600][27.600s][info][gc,start       ] GC(52) Pause Remark
[2026-04-03T01:34:58.860+0600][27.609s][info][gc             ] GC(52) Pause Remark 193M->193M(474M) 8.772ms
[2026-04-03T01:34:58.861+0600][27.609s][info][gc,cpu         ] GC(52) User=0.07s Sys=0.00s Real=0.01s
[2026-04-03T01:34:58.861+0600][27.609s][info][gc,marking     ] GC(52) Concurrent Mark 143.400ms
[2026-04-03T01:34:58.861+0600][27.609s][info][gc,marking     ] GC(52) Concurrent Rebuild Remembered Sets and Scrub Regions
[2026-04-03T01:34:58.913+0600][27.662s][info][gc,marking     ] GC(52) Concurrent Rebuild Remembered Sets and Scrub Regions 52.628ms
[2026-04-03T01:34:58.914+0600][27.662s][info][gc,start       ] GC(52) Pause Cleanup
[2026-04-03T01:34:58.914+0600][27.663s][info][gc             ] GC(52) Pause Cleanup 226M->226M(474M) 0.342ms
[2026-04-03T01:34:58.914+0600][27.663s][info][gc,cpu         ] GC(52) User=0.00s Sys=0.00s Real=0.00s
[2026-04-03T01:34:58.914+0600][27.663s][info][gc,marking     ] GC(52) Concurrent Clear Claimed Marks
[2026-04-03T01:34:58.915+0600][27.663s][info][gc,marking     ] GC(52) Concurrent Clear Claimed Marks 0.429ms
[2026-04-03T01:34:58.915+0600][27.663s][info][gc,marking     ] GC(52) Concurrent Cleanup for Next Mark
[2026-04-03T01:34:58.916+0600][27.664s][info][gc,marking     ] GC(52) Concurrent Cleanup for Next Mark 0.873ms
[2026-04-03T01:34:58.916+0600][27.664s][info][gc             ] GC(52) Concurrent Mark Cycle 203.268ms
[2026-04-03T01:34:59.364+0600][28.113s][info][gc,start       ] GC(53) Pause Young (Prepare Mixed) (G1 Evacuation Pause)
[2026-04-03T01:34:59.364+0600][28.113s][info][gc,task        ] GC(53) Using 10 workers of 10 for evacuation
[2026-04-03T01:34:59.373+0600][28.122s][info][gc,phases      ] GC(53)   Pre Evacuate Collection Set: 0.38ms
[2026-04-03T01:34:59.373+0600][28.122s][info][gc,phases      ] GC(53)   Merge Heap Roots: 0.33ms
[2026-04-03T01:34:59.374+0600][28.122s][info][gc,phases      ] GC(53)   Evacuate Collection Set: 6.93ms
[2026-04-03T01:34:59.374+0600][28.122s][info][gc,phases      ] GC(53)   Post Evacuate Collection Set: 1.31ms
[2026-04-03T01:34:59.374+0600][28.122s][info][gc,phases      ] GC(53)   Other: 0.14ms
[2026-04-03T01:34:59.374+0600][28.122s][info][gc,heap        ] GC(53) Eden regions: 110->0(139)
[2026-04-03T01:34:59.374+0600][28.122s][info][gc,heap        ] GC(53) Survivor regions: 4->6(18)
[2026-04-03T01:34:59.374+0600][28.122s][info][gc,heap        ] GC(53) Old regions: 39->39
[2026-04-03T01:34:59.374+0600][28.122s][info][gc,heap        ] GC(53) Humongous regions: 84->3
[2026-04-03T01:34:59.374+0600][28.122s][info][gc,metaspace   ] GC(53) Metaspace: 130284K(131840K)->130284K(131840K) NonClass: 113546K(114368K)->113546K(114368K) Class: 16738K(17472K)->16738K(17472K)
[2026-04-03T01:34:59.374+0600][28.122s][info][gc             ] GC(53) Pause Young (Prepare Mixed) (G1 Evacuation Pause) 465M->88M(486M) 9.485ms
[2026-04-03T01:34:59.374+0600][28.122s][info][gc,cpu         ] GC(53) User=0.04s Sys=0.03s Real=0.01s
[2026-04-03T01:34:59.968+0600][28.717s][info][gc,start       ] GC(54) Pause Young (Mixed) (G1 Evacuation Pause)
[2026-04-03T01:34:59.968+0600][28.717s][info][gc,task        ] GC(54) Using 10 workers of 10 for evacuation
[2026-04-03T01:34:59.975+0600][28.723s][info][gc,phases      ] GC(54)   Pre Evacuate Collection Set: 0.35ms
[2026-04-03T01:34:59.975+0600][28.723s][info][gc,phases      ] GC(54)   Merge Heap Roots: 0.15ms
[2026-04-03T01:34:59.975+0600][28.723s][info][gc,phases      ] GC(54)   Evacuate Collection Set: 4.93ms
[2026-04-03T01:34:59.975+0600][28.723s][info][gc,phases      ] GC(54)   Post Evacuate Collection Set: 0.98ms
[2026-04-03T01:34:59.975+0600][28.723s][info][gc,phases      ] GC(54)   Other: 0.10ms
[2026-04-03T01:34:59.975+0600][28.723s][info][gc,heap        ] GC(54) Eden regions: 132->0(156)
[2026-04-03T01:34:59.975+0600][28.723s][info][gc,heap        ] GC(54) Survivor regions: 6->6(19)
[2026-04-03T01:34:59.975+0600][28.723s][info][gc,heap        ] GC(54) Old regions: 39->39
[2026-04-03T01:34:59.975+0600][28.723s][info][gc,heap        ] GC(54) Humongous regions: 87->12
[2026-04-03T01:34:59.975+0600][28.723s][info][gc,metaspace   ] GC(54) Metaspace: 130469K(132032K)->130469K(132032K) NonClass: 113714K(114560K)->113714K(114560K) Class: 16754K(17472K)->16754K(17472K)
[2026-04-03T01:34:59.975+0600][28.723s][info][gc             ] GC(54) Pause Young (Mixed) (G1 Evacuation Pause) 520M->106M(542M) 6.818ms
[2026-04-03T01:34:59.975+0600][28.723s][info][gc,cpu         ] GC(54) User=0.03s Sys=0.02s Real=0.01s
[2026-04-03T01:34:59.975+0600][28.724s][info][gc,start       ] GC(55) Pause Young (Concurrent Start) (G1 Humongous Allocation)
[2026-04-03T01:34:59.975+0600][28.724s][info][gc,task        ] GC(55) Using 10 workers of 10 for evacuation
[2026-04-03T01:34:59.981+0600][28.729s][info][gc,phases      ] GC(55)   Pre Evacuate Collection Set: 0.25ms
[2026-04-03T01:34:59.981+0600][28.730s][info][gc,phases      ] GC(55)   Merge Heap Roots: 0.10ms
[2026-04-03T01:34:59.981+0600][28.730s][info][gc,phases      ] GC(55)   Evacuate Collection Set: 4.34ms
[2026-04-03T01:34:59.981+0600][28.730s][info][gc,phases      ] GC(55)   Post Evacuate Collection Set: 0.73ms
[2026-04-03T01:34:59.981+0600][28.730s][info][gc,phases      ] GC(55)   Other: 0.13ms
[2026-04-03T01:34:59.981+0600][28.730s][info][gc,heap        ] GC(55) Eden regions: 2->0(156)
[2026-04-03T01:34:59.981+0600][28.730s][info][gc,heap        ] GC(55) Survivor regions: 6->6(21)
[2026-04-03T01:34:59.981+0600][28.730s][info][gc,heap        ] GC(55) Old regions: 39->39
[2026-04-03T01:34:59.981+0600][28.730s][info][gc,heap        ] GC(55) Humongous regions: 12->3
[2026-04-03T01:34:59.981+0600][28.730s][info][gc,metaspace   ] GC(55) Metaspace: 130469K(132032K)->130469K(132032K) NonClass: 113714K(114560K)->113714K(114560K) Class: 16754K(17472K)->16754K(17472K)
[2026-04-03T01:34:59.981+0600][28.730s][info][gc             ] GC(55) Pause Young (Concurrent Start) (G1 Humongous Allocation) 110M->88M(542M) 5.797ms
[2026-04-03T01:34:59.981+0600][28.730s][info][gc             ] GC(56) Concurrent Mark Cycle
[2026-04-03T01:34:59.981+0600][28.730s][info][gc,marking     ] GC(56) Concurrent Scan Root Regions
[2026-04-03T01:34:59.981+0600][28.730s][info][gc,cpu         ] GC(55) User=0.04s Sys=0.01s Real=0.01s
[2026-04-03T01:34:59.988+0600][28.736s][info][gc,marking     ] GC(56) Concurrent Scan Root Regions 6.591ms
[2026-04-03T01:34:59.988+0600][28.737s][info][gc,marking     ] GC(56) Concurrent Mark
[2026-04-03T01:34:59.988+0600][28.737s][info][gc,marking     ] GC(56) Concurrent Mark From Roots
[2026-04-03T01:34:59.988+0600][28.737s][info][gc,task        ] GC(56) Using 2 workers of 2 for marking
[2026-04-03T01:35:00.115+0600][28.863s][info][gc,marking     ] GC(56) Concurrent Mark From Roots 126.629ms
[2026-04-03T01:35:00.115+0600][28.863s][info][gc,marking     ] GC(56) Concurrent Preclean
[2026-04-03T01:35:00.116+0600][28.864s][info][gc,marking     ] GC(56) Concurrent Preclean 0.673ms
[2026-04-03T01:35:00.117+0600][28.865s][info][gc,start       ] GC(56) Pause Remark
[2026-04-03T01:35:00.126+0600][28.875s][info][gc             ] GC(56) Pause Remark 483M->483M(728M) 9.141ms
[2026-04-03T01:35:00.126+0600][28.875s][info][gc,cpu         ] GC(56) User=0.07s Sys=0.00s Real=0.01s
[2026-04-03T01:35:00.126+0600][28.875s][info][gc,marking     ] GC(56) Concurrent Mark 138.168ms
[2026-04-03T01:35:00.126+0600][28.875s][info][gc,marking     ] GC(56) Concurrent Rebuild Remembered Sets and Scrub Regions
[2026-04-03T01:35:00.166+0600][28.914s][info][gc,marking     ] GC(56) Concurrent Rebuild Remembered Sets and Scrub Regions 39.465ms
[2026-04-03T01:35:00.166+0600][28.915s][info][gc,start       ] GC(56) Pause Cleanup
[2026-04-03T01:35:00.167+0600][28.915s][info][gc             ] GC(56) Pause Cleanup 492M->492M(728M) 0.283ms
[2026-04-03T01:35:00.167+0600][28.915s][info][gc,cpu         ] GC(56) User=0.00s Sys=0.00s Real=0.00s
[2026-04-03T01:35:00.167+0600][28.915s][info][gc,marking     ] GC(56) Concurrent Clear Claimed Marks
[2026-04-03T01:35:00.167+0600][28.916s][info][gc,marking     ] GC(56) Concurrent Clear Claimed Marks 0.546ms
[2026-04-03T01:35:00.167+0600][28.916s][info][gc,marking     ] GC(56) Concurrent Cleanup for Next Mark
[2026-04-03T01:35:00.170+0600][28.919s][info][gc,marking     ] GC(56) Concurrent Cleanup for Next Mark 2.957ms
[2026-04-03T01:35:00.170+0600][28.919s][info][gc             ] GC(56) Concurrent Mark Cycle 189.208ms
[2026-04-03T01:35:00.256+0600][29.004s][info][gc,start       ] GC(57) Pause Young (Prepare Mixed) (G1 Evacuation Pause)
[2026-04-03T01:35:00.256+0600][29.005s][info][gc,task        ] GC(57) Using 10 workers of 10 for evacuation
[2026-04-03T01:35:00.264+0600][29.012s][info][gc,phases      ] GC(57)   Pre Evacuate Collection Set: 0.31ms
[2026-04-03T01:35:00.264+0600][29.012s][info][gc,phases      ] GC(57)   Merge Heap Roots: 0.15ms
[2026-04-03T01:35:00.264+0600][29.012s][info][gc,phases      ] GC(57)   Evacuate Collection Set: 6.06ms
[2026-04-03T01:35:00.264+0600][29.012s][info][gc,phases      ] GC(57)   Post Evacuate Collection Set: 0.92ms
[2026-04-03T01:35:00.264+0600][29.012s][info][gc,phases      ] GC(57)   Other: 0.11ms
[2026-04-03T01:35:00.264+0600][29.012s][info][gc,heap        ] GC(57) Eden regions: 40->0(240)
[2026-04-03T01:35:00.264+0600][29.012s][info][gc,heap        ] GC(57) Survivor regions: 6->6(26)
[2026-04-03T01:35:00.264+0600][29.012s][info][gc,heap        ] GC(57) Old regions: 39->40
[2026-04-03T01:35:00.264+0600][29.012s][info][gc,heap        ] GC(57) Humongous regions: 318->9
[2026-04-03T01:35:00.264+0600][29.012s][info][gc,metaspace   ] GC(57) Metaspace: 130525K(132096K)->130525K(132096K) NonClass: 113771K(114624K)->113771K(114624K) Class: 16754K(17472K)->16754K(17472K)
[2026-04-03T01:35:00.264+0600][29.012s][info][gc             ] GC(57) Pause Young (Prepare Mixed) (G1 Evacuation Pause) 798M->102M(820M) 7.959ms
[2026-04-03T01:35:00.264+0600][29.012s][info][gc,cpu         ] GC(57) User=0.06s Sys=0.02s Real=0.01s
[2026-04-03T01:35:01.170+0600][29.919s][info][gc,start       ] GC(58) Pause Young (Mixed) (G1 Evacuation Pause)
[2026-04-03T01:35:01.170+0600][29.919s][info][gc,task        ] GC(58) Using 10 workers of 10 for evacuation
[2026-04-03T01:35:01.178+0600][29.927s][info][gc,phases      ] GC(58)   Pre Evacuate Collection Set: 0.39ms
[2026-04-03T01:35:01.178+0600][29.927s][info][gc,phases      ] GC(58)   Merge Heap Roots: 0.18ms
[2026-04-03T01:35:01.178+0600][29.927s][info][gc,phases      ] GC(58)   Evacuate Collection Set: 6.32ms
[2026-04-03T01:35:01.178+0600][29.927s][info][gc,phases      ] GC(58)   Post Evacuate Collection Set: 0.92ms
[2026-04-03T01:35:01.179+0600][29.927s][info][gc,phases      ] GC(58)   Other: 0.11ms
[2026-04-03T01:35:01.179+0600][29.927s][info][gc,heap        ] GC(58) Eden regions: 192->0(243)
[2026-04-03T01:35:01.179+0600][29.927s][info][gc,heap        ] GC(58) Survivor regions: 6->6(31)
[2026-04-03T01:35:01.179+0600][29.927s][info][gc,heap        ] GC(58) Old regions: 40->39
[2026-04-03T01:35:01.179+0600][29.927s][info][gc,heap        ] GC(58) Humongous regions: 172->3
[2026-04-03T01:35:01.179+0600][29.927s][info][gc,metaspace   ] GC(58) Metaspace: 130855K(132352K)->130855K(132352K) NonClass: 114098K(114880K)->114098K(114880K) Class: 16757K(17472K)->16757K(17472K)
[2026-04-03T01:35:01.179+0600][29.927s][info][gc             ] GC(58) Pause Young (Mixed) (G1 Evacuation Pause) 812M->90M(832M) 8.228ms
[2026-04-03T01:35:01.179+0600][29.927s][info][gc,cpu         ] GC(58) User=0.06s Sys=0.02s Real=0.00s
[2026-04-03T01:35:01.200+0600][29.948s][info][gc,start       ] GC(59) Pause Young (Concurrent Start) (G1 Humongous Allocation)
[2026-04-03T01:35:01.200+0600][29.948s][info][gc,task        ] GC(59) Using 10 workers of 10 for evacuation
[2026-04-03T01:35:01.206+0600][29.954s][info][gc,phases      ] GC(59)   Pre Evacuate Collection Set: 0.45ms
[2026-04-03T01:35:01.206+0600][29.954s][info][gc,phases      ] GC(59)   Merge Heap Roots: 0.15ms
[2026-04-03T01:35:01.206+0600][29.954s][info][gc,phases      ] GC(59)   Evacuate Collection Set: 4.21ms
[2026-04-03T01:35:01.206+0600][29.954s][info][gc,phases      ] GC(59)   Post Evacuate Collection Set: 0.73ms
[2026-04-03T01:35:01.206+0600][29.954s][info][gc,phases      ] GC(59)   Other: 0.20ms
[2026-04-03T01:35:01.206+0600][29.954s][info][gc,heap        ] GC(59) Eden regions: 16->0(243)
[2026-04-03T01:35:01.206+0600][29.954s][info][gc,heap        ] GC(59) Survivor regions: 6->6(32)
[2026-04-03T01:35:01.206+0600][29.954s][info][gc,heap        ] GC(59) Old regions: 39->39
[2026-04-03T01:35:01.206+0600][29.954s][info][gc,heap        ] GC(59) Humongous regions: 3->3
[2026-04-03T01:35:01.206+0600][29.954s][info][gc,metaspace   ] GC(59) Metaspace: 130858K(132352K)->130858K(132352K) NonClass: 114101K(114880K)->114101K(114880K) Class: 16757K(17472K)->16757K(17472K)
[2026-04-03T01:35:01.206+0600][29.954s][info][gc             ] GC(59) Pause Young (Concurrent Start) (G1 Humongous Allocation) 122M->91M(832M) 6.106ms
[2026-04-03T01:35:01.206+0600][29.955s][info][gc,cpu         ] GC(59) User=0.04s Sys=0.01s Real=0.00s
[2026-04-03T01:35:01.206+0600][29.955s][info][gc             ] GC(60) Concurrent Mark Cycle
[2026-04-03T01:35:01.206+0600][29.955s][info][gc,marking     ] GC(60) Concurrent Scan Root Regions
[2026-04-03T01:35:01.213+0600][29.961s][info][gc,marking     ] GC(60) Concurrent Scan Root Regions 6.575ms
[2026-04-03T01:35:01.213+0600][29.961s][info][gc,marking     ] GC(60) Concurrent Mark
[2026-04-03T01:35:01.213+0600][29.961s][info][gc,marking     ] GC(60) Concurrent Mark From Roots
[2026-04-03T01:35:01.213+0600][29.961s][info][gc,task        ] GC(60) Using 2 workers of 2 for marking
[2026-04-03T01:35:01.342+0600][30.091s][info][gc,marking     ] GC(60) Concurrent Mark From Roots 129.171ms
[2026-04-03T01:35:01.342+0600][30.091s][info][gc,marking     ] GC(60) Concurrent Preclean
[2026-04-03T01:35:01.343+0600][30.091s][info][gc,marking     ] GC(60) Concurrent Preclean 0.614ms
[2026-04-03T01:35:01.344+0600][30.092s][info][gc,start       ] GC(60) Pause Remark
[2026-04-03T01:35:01.368+0600][30.116s][info][gc             ] GC(60) Pause Remark 231M->231M(540M) 23.903ms
[2026-04-03T01:35:01.368+0600][30.117s][info][gc,cpu         ] GC(60) User=0.20s Sys=0.01s Real=0.02s
[2026-04-03T01:35:01.372+0600][30.120s][info][gc,marking     ] GC(60) Concurrent Mark 158.810ms
[2026-04-03T01:35:01.372+0600][30.120s][info][gc,marking     ] GC(60) Concurrent Rebuild Remembered Sets and Scrub Regions
[2026-04-03T01:35:01.425+0600][30.174s][info][gc,marking     ] GC(60) Concurrent Rebuild Remembered Sets and Scrub Regions 53.330ms
[2026-04-03T01:35:01.426+0600][30.174s][info][gc,start       ] GC(60) Pause Cleanup
[2026-04-03T01:35:01.426+0600][30.175s][info][gc             ] GC(60) Pause Cleanup 273M->273M(540M) 0.285ms
[2026-04-03T01:35:01.426+0600][30.175s][info][gc,cpu         ] GC(60) User=0.00s Sys=0.00s Real=0.00s
[2026-04-03T01:35:01.426+0600][30.175s][info][gc,marking     ] GC(60) Concurrent Clear Claimed Marks
[2026-04-03T01:35:01.427+0600][30.175s][info][gc,marking     ] GC(60) Concurrent Clear Claimed Marks 0.383ms
[2026-04-03T01:35:01.427+0600][30.175s][info][gc,marking     ] GC(60) Concurrent Cleanup for Next Mark
[2026-04-03T01:35:01.429+0600][30.177s][info][gc,marking     ] GC(60) Concurrent Cleanup for Next Mark 2.065ms
[2026-04-03T01:35:01.429+0600][30.177s][info][gc             ] GC(60) Concurrent Mark Cycle 222.840ms
[2026-04-03T01:35:01.682+0600][30.430s][info][gc,start       ] GC(61) Pause Young (Prepare Mixed) (G1 Evacuation Pause)
[2026-04-03T01:35:01.682+0600][30.430s][info][gc,task        ] GC(61) Using 10 workers of 10 for evacuation
[2026-04-03T01:35:01.691+0600][30.440s][info][gc,phases      ] GC(61)   Pre Evacuate Collection Set: 0.45ms
[2026-04-03T01:35:01.691+0600][30.440s][info][gc,phases      ] GC(61)   Merge Heap Roots: 0.21ms
[2026-04-03T01:35:01.691+0600][30.440s][info][gc,phases      ] GC(61)   Evacuate Collection Set: 7.79ms
[2026-04-03T01:35:01.691+0600][30.440s][info][gc,phases      ] GC(61)   Post Evacuate Collection Set: 1.10ms
[2026-04-03T01:35:01.691+0600][30.440s][info][gc,phases      ] GC(61)   Other: 0.20ms
[2026-04-03T01:35:01.692+0600][30.440s][info][gc,heap        ] GC(61) Eden regions: 123->0(160)
[2026-04-03T01:35:01.692+0600][30.440s][info][gc,heap        ] GC(61) Survivor regions: 6->7(21)
[2026-04-03T01:35:01.692+0600][30.440s][info][gc,heap        ] GC(61) Old regions: 39->40
[2026-04-03T01:35:01.692+0600][30.440s][info][gc,heap        ] GC(61) Humongous regions: 103->4
[2026-04-03T01:35:01.692+0600][30.440s][info][gc,metaspace   ] GC(61) Metaspace: 130811K(132480K)->130811K(132480K) NonClass: 114081K(115008K)->114081K(115008K) Class: 16730K(17472K)->16730K(17472K)
[2026-04-03T01:35:01.692+0600][30.440s][info][gc             ] GC(61) Pause Young (Prepare Mixed) (G1 Evacuation Pause) 537M->96M(558M) 10.060ms
[2026-04-03T01:35:01.692+0600][30.440s][info][gc,cpu         ] GC(61) User=0.07s Sys=0.02s Real=0.01s
[2026-04-03T01:35:02.198+0600][30.946s][info][gc,start       ] GC(62) Pause Young (Mixed) (G1 Evacuation Pause)
[2026-04-03T01:35:02.198+0600][30.947s][info][gc,task        ] GC(62) Using 10 workers of 10 for evacuation
[2026-04-03T01:35:02.203+0600][30.951s][info][gc,phases      ] GC(62)   Pre Evacuate Collection Set: 0.21ms
[2026-04-03T01:35:02.203+0600][30.951s][info][gc,phases      ] GC(62)   Merge Heap Roots: 0.11ms
[2026-04-03T01:35:02.203+0600][30.951s][info][gc,phases      ] GC(62)   Evacuate Collection Set: 3.30ms
[2026-04-03T01:35:02.203+0600][30.951s][info][gc,phases      ] GC(62)   Post Evacuate Collection Set: 0.87ms
[2026-04-03T01:35:02.203+0600][30.951s][info][gc,phases      ] GC(62)   Other: 0.08ms
[2026-04-03T01:35:02.203+0600][30.951s][info][gc,heap        ] GC(62) Eden regions: 138->0(201)
[2026-04-03T01:35:02.203+0600][30.951s][info][gc,heap        ] GC(62) Survivor regions: 7->5(21)
[2026-04-03T01:35:02.203+0600][30.951s][info][gc,heap        ] GC(62) Old regions: 40->40
[2026-04-03T01:35:02.203+0600][30.951s][info][gc,heap        ] GC(62) Humongous regions: 94->3
[2026-04-03T01:35:02.203+0600][30.951s][info][gc,metaspace   ] GC(62) Metaspace: 130908K(132480K)->130908K(132480K) NonClass: 114173K(115008K)->114173K(115008K) Class: 16734K(17472K)->16734K(17472K)
[2026-04-03T01:35:02.203+0600][30.951s][info][gc             ] GC(62) Pause Young (Mixed) (G1 Evacuation Pause) 552M->89M(688M) 4.800ms
[2026-04-03T01:35:02.203+0600][30.951s][info][gc,cpu         ] GC(62) User=0.02s Sys=0.01s Real=0.01s
[2026-04-03T01:35:02.384+0600][31.133s][info][gc,start       ] GC(63) Pause Young (Concurrent Start) (G1 Humongous Allocation)
[2026-04-03T01:35:02.384+0600][31.133s][info][gc,task        ] GC(63) Using 10 workers of 10 for evacuation
[2026-04-03T01:35:02.389+0600][31.137s][info][gc,phases      ] GC(63)   Pre Evacuate Collection Set: 0.33ms
[2026-04-03T01:35:02.389+0600][31.137s][info][gc,phases      ] GC(63)   Merge Heap Roots: 0.14ms
[2026-04-03T01:35:02.389+0600][31.137s][info][gc,phases      ] GC(63)   Evacuate Collection Set: 2.82ms
[2026-04-03T01:35:02.389+0600][31.137s][info][gc,phases      ] GC(63)   Post Evacuate Collection Set: 0.73ms
[2026-04-03T01:35:02.389+0600][31.137s][info][gc,phases      ] GC(63)   Other: 0.23ms
[2026-04-03T01:35:02.389+0600][31.137s][info][gc,heap        ] GC(63) Eden regions: 41->0(202)
[2026-04-03T01:35:02.389+0600][31.137s][info][gc,heap        ] GC(63) Survivor regions: 5->4(26)
[2026-04-03T01:35:02.389+0600][31.137s][info][gc,heap        ] GC(63) Old regions: 40->40
[2026-04-03T01:35:02.389+0600][31.137s][info][gc,heap        ] GC(63) Humongous regions: 3->3
[2026-04-03T01:35:02.389+0600][31.137s][info][gc,metaspace   ] GC(63) Metaspace: 130925K(132480K)->130925K(132480K) NonClass: 114191K(115008K)->114191K(115008K) Class: 16734K(17472K)->16734K(17472K)
[2026-04-03T01:35:02.389+0600][31.137s][info][gc             ] GC(63) Pause Young (Concurrent Start) (G1 Humongous Allocation) 171M->89M(688M) 4.566ms
[2026-04-03T01:35:02.389+0600][31.138s][info][gc,cpu         ] GC(63) User=0.03s Sys=0.00s Real=0.00s
[2026-04-03T01:35:02.389+0600][31.138s][info][gc             ] GC(64) Concurrent Mark Cycle
[2026-04-03T01:35:02.389+0600][31.138s][info][gc,marking     ] GC(64) Concurrent Scan Root Regions
[2026-04-03T01:35:02.393+0600][31.141s][info][gc,marking     ] GC(64) Concurrent Scan Root Regions 3.663ms
[2026-04-03T01:35:02.393+0600][31.141s][info][gc,marking     ] GC(64) Concurrent Mark
[2026-04-03T01:35:02.393+0600][31.141s][info][gc,marking     ] GC(64) Concurrent Mark From Roots
[2026-04-03T01:35:02.393+0600][31.141s][info][gc,task        ] GC(64) Using 2 workers of 2 for marking
[2026-04-03T01:35:02.516+0600][31.265s][info][gc,marking     ] GC(64) Concurrent Mark From Roots 123.586ms
[2026-04-03T01:35:02.517+0600][31.265s][info][gc,marking     ] GC(64) Concurrent Preclean
[2026-04-03T01:35:02.517+0600][31.266s][info][gc,marking     ] GC(64) Concurrent Preclean 0.555ms
[2026-04-03T01:35:02.518+0600][31.266s][info][gc,start       ] GC(64) Pause Remark
[2026-04-03T01:35:02.545+0600][31.293s][info][gc             ] GC(64) Pause Remark 225M->225M(534M) 27.291ms
[2026-04-03T01:35:02.545+0600][31.294s][info][gc,cpu         ] GC(64) User=0.21s Sys=0.00s Real=0.03s
[2026-04-03T01:35:02.545+0600][31.294s][info][gc,marking     ] GC(64) Concurrent Mark 152.344ms
[2026-04-03T01:35:02.545+0600][31.294s][info][gc,marking     ] GC(64) Concurrent Rebuild Remembered Sets and Scrub Regions
[2026-04-03T01:35:02.603+0600][31.352s][info][gc,marking     ] GC(64) Concurrent Rebuild Remembered Sets and Scrub Regions 57.738ms
[2026-04-03T01:35:02.604+0600][31.352s][info][gc,start       ] GC(64) Pause Cleanup
[2026-04-03T01:35:02.604+0600][31.352s][info][gc             ] GC(64) Pause Cleanup 278M->278M(534M) 0.397ms
[2026-04-03T01:35:02.604+0600][31.353s][info][gc,cpu         ] GC(64) User=0.00s Sys=0.01s Real=0.00s
[2026-04-03T01:35:02.604+0600][31.353s][info][gc,marking     ] GC(64) Concurrent Clear Claimed Marks
[2026-04-03T01:35:02.604+0600][31.353s][info][gc,marking     ] GC(64) Concurrent Clear Claimed Marks 0.360ms
[2026-04-03T01:35:02.604+0600][31.353s][info][gc,marking     ] GC(64) Concurrent Cleanup for Next Mark
[2026-04-03T01:35:02.606+0600][31.354s][info][gc,marking     ] GC(64) Concurrent Cleanup for Next Mark 1.113ms
[2026-04-03T01:35:02.606+0600][31.354s][info][gc             ] GC(64) Concurrent Mark Cycle 216.635ms
[2026-04-03T01:35:02.842+0600][31.590s][info][gc,start       ] GC(65) Pause Young (Prepare Mixed) (G1 Evacuation Pause)
[2026-04-03T01:35:02.842+0600][31.591s][info][gc,task        ] GC(65) Using 10 workers of 10 for evacuation
[2026-04-03T01:35:02.851+0600][31.599s][info][gc,phases      ] GC(65)   Pre Evacuate Collection Set: 0.44ms
[2026-04-03T01:35:02.851+0600][31.599s][info][gc,phases      ] GC(65)   Merge Heap Roots: 0.28ms
[2026-04-03T01:35:02.851+0600][31.599s][info][gc,phases      ] GC(65)   Evacuate Collection Set: 6.58ms
[2026-04-03T01:35:02.851+0600][31.599s][info][gc,phases      ] GC(65)   Post Evacuate Collection Set: 1.05ms
[2026-04-03T01:35:02.851+0600][31.599s][info][gc,phases      ] GC(65)   Other: 0.13ms
[2026-04-03T01:35:02.851+0600][31.599s][info][gc,heap        ] GC(65) Eden regions: 118->0(158)
[2026-04-03T01:35:02.851+0600][31.599s][info][gc,heap        ] GC(65) Survivor regions: 4->6(20)
[2026-04-03T01:35:02.851+0600][31.599s][info][gc,heap        ] GC(65) Old regions: 40->41
[2026-04-03T01:35:02.851+0600][31.599s][info][gc,heap        ] GC(65) Humongous regions: 105->3
[2026-04-03T01:35:02.851+0600][31.599s][info][gc,metaspace   ] GC(65) Metaspace: 130742K(132480K)->130742K(132480K) NonClass: 114064K(115008K)->114064K(115008K) Class: 16677K(17472K)->16677K(17472K)
[2026-04-03T01:35:02.851+0600][31.599s][info][gc             ] GC(65) Pause Young (Prepare Mixed) (G1 Evacuation Pause) 529M->92M(548M) 8.891ms
[2026-04-03T01:35:02.851+0600][31.599s][info][gc,cpu         ] GC(65) User=0.06s Sys=0.01s Real=0.01s
[2026-04-03T01:35:03.234+0600][31.983s][info][gc,start       ] GC(66) Pause Young (Mixed) (G1 Evacuation Pause)
[2026-04-03T01:35:03.234+0600][31.983s][info][gc,task        ] GC(66) Using 10 workers of 10 for evacuation
[2026-04-03T01:35:03.242+0600][31.991s][info][gc,phases      ] GC(66)   Pre Evacuate Collection Set: 0.30ms
[2026-04-03T01:35:03.242+0600][31.991s][info][gc,phases      ] GC(66)   Merge Heap Roots: 0.19ms
[2026-04-03T01:35:03.242+0600][31.991s][info][gc,phases      ] GC(66)   Evacuate Collection Set: 6.23ms
[2026-04-03T01:35:03.242+0600][31.991s][info][gc,phases      ] GC(66)   Post Evacuate Collection Set: 0.95ms
[2026-04-03T01:35:03.242+0600][31.991s][info][gc,phases      ] GC(66)   Other: 0.11ms
[2026-04-03T01:35:03.242+0600][31.991s][info][gc,heap        ] GC(66) Eden regions: 125->0(162)
[2026-04-03T01:35:03.242+0600][31.991s][info][gc,heap        ] GC(66) Survivor regions: 6->5(21)
[2026-04-03T01:35:03.242+0600][31.991s][info][gc,heap        ] GC(66) Old regions: 41->40
[2026-04-03T01:35:03.242+0600][31.991s][info][gc,heap        ] GC(66) Humongous regions: 102->3
[2026-04-03T01:35:03.242+0600][31.991s][info][gc,metaspace   ] GC(66) Metaspace: 130804K(132480K)->130804K(132480K) NonClass: 114125K(115008K)->114125K(115008K) Class: 16678K(17472K)->16678K(17472K)
[2026-04-03T01:35:03.242+0600][31.991s][info][gc             ] GC(66) Pause Young (Mixed) (G1 Evacuation Pause) 540M->91M(558M) 8.091ms
[2026-04-03T01:35:03.242+0600][31.991s][info][gc,cpu         ] GC(66) User=0.05s Sys=0.01s Real=0.01s
[2026-04-03T01:35:03.270+0600][32.019s][info][gc,start       ] GC(67) Pause Young (Concurrent Start) (G1 Humongous Allocation)
[2026-04-03T01:35:03.270+0600][32.019s][info][gc,task        ] GC(67) Using 10 workers of 10 for evacuation
[2026-04-03T01:35:03.277+0600][32.025s][info][gc,phases      ] GC(67)   Pre Evacuate Collection Set: 0.44ms
[2026-04-03T01:35:03.277+0600][32.025s][info][gc,phases      ] GC(67)   Merge Heap Roots: 0.18ms
[2026-04-03T01:35:03.277+0600][32.025s][info][gc,phases      ] GC(67)   Evacuate Collection Set: 4.52ms
[2026-04-03T01:35:03.277+0600][32.025s][info][gc,phases      ] GC(67)   Post Evacuate Collection Set: 1.09ms
[2026-04-03T01:35:03.277+0600][32.025s][info][gc,phases      ] GC(67)   Other: 0.18ms
[2026-04-03T01:35:03.277+0600][32.025s][info][gc,heap        ] GC(67) Eden regions: 13->0(161)
[2026-04-03T01:35:03.277+0600][32.025s][info][gc,heap        ] GC(67) Survivor regions: 5->6(21)
[2026-04-03T01:35:03.277+0600][32.025s][info][gc,heap        ] GC(67) Old regions: 40->41
[2026-04-03T01:35:03.277+0600][32.025s][info][gc,heap        ] GC(67) Humongous regions: 3->3
[2026-04-03T01:35:03.277+0600][32.025s][info][gc,metaspace   ] GC(67) Metaspace: 130812K(132480K)->130812K(132480K) NonClass: 114133K(115008K)->114133K(115008K) Class: 16678K(17472K)->16678K(17472K)
[2026-04-03T01:35:03.277+0600][32.025s][info][gc             ] GC(67) Pause Young (Concurrent Start) (G1 Humongous Allocation) 116M->94M(558M) 6.749ms
[2026-04-03T01:35:03.277+0600][32.025s][info][gc             ] GC(68) Concurrent Mark Cycle
[2026-04-03T01:35:03.277+0600][32.026s][info][gc,cpu         ] GC(67) User=0.05s Sys=0.00s Real=0.00s
[2026-04-03T01:35:03.277+0600][32.026s][info][gc,marking     ] GC(68) Concurrent Scan Root Regions
[2026-04-03T01:35:03.282+0600][32.031s][info][gc,marking     ] GC(68) Concurrent Scan Root Regions 5.226ms
[2026-04-03T01:35:03.282+0600][32.031s][info][gc,marking     ] GC(68) Concurrent Mark
[2026-04-03T01:35:03.282+0600][32.031s][info][gc,marking     ] GC(68) Concurrent Mark From Roots
[2026-04-03T01:35:03.282+0600][32.031s][info][gc,task        ] GC(68) Using 2 workers of 2 for marking
[2026-04-03T01:35:03.401+0600][32.149s][info][gc,marking     ] GC(68) Concurrent Mark From Roots 118.395ms
[2026-04-03T01:35:03.401+0600][32.149s][info][gc,marking     ] GC(68) Concurrent Preclean
[2026-04-03T01:35:03.402+0600][32.150s][info][gc,marking     ] GC(68) Concurrent Preclean 0.776ms
[2026-04-03T01:35:03.402+0600][32.151s][info][gc,start       ] GC(68) Pause Remark
[2026-04-03T01:35:03.412+0600][32.161s][info][gc             ] GC(68) Pause Remark 183M->183M(480M) 10.042ms
[2026-04-03T01:35:03.412+0600][32.161s][info][gc,cpu         ] GC(68) User=0.08s Sys=0.01s Real=0.01s
[2026-04-03T01:35:03.413+0600][32.161s][info][gc,marking     ] GC(68) Concurrent Mark 130.535ms
[2026-04-03T01:35:03.413+0600][32.161s][info][gc,marking     ] GC(68) Concurrent Rebuild Remembered Sets and Scrub Regions
[2026-04-03T01:35:03.476+0600][32.224s][info][gc,marking     ] GC(68) Concurrent Rebuild Remembered Sets and Scrub Regions 62.861ms
[2026-04-03T01:35:03.477+0600][32.225s][info][gc,start       ] GC(68) Pause Cleanup
[2026-04-03T01:35:03.477+0600][32.225s][info][gc             ] GC(68) Pause Cleanup 216M->216M(480M) 0.307ms
[2026-04-03T01:35:03.477+0600][32.225s][info][gc,cpu         ] GC(68) User=0.00s Sys=0.00s Real=0.00s
[2026-04-03T01:35:03.477+0600][32.226s][info][gc,marking     ] GC(68) Concurrent Clear Claimed Marks
[2026-04-03T01:35:03.477+0600][32.226s][info][gc,marking     ] GC(68) Concurrent Clear Claimed Marks 0.310ms
[2026-04-03T01:35:03.477+0600][32.226s][info][gc,marking     ] GC(68) Concurrent Cleanup for Next Mark
[2026-04-03T01:35:03.478+0600][32.227s][info][gc,marking     ] GC(68) Concurrent Cleanup for Next Mark 0.982ms
[2026-04-03T01:35:03.478+0600][32.227s][info][gc             ] GC(68) Concurrent Mark Cycle 201.557ms
[2026-04-03T01:35:03.846+0600][32.594s][info][gc,start       ] GC(69) Pause Young (Prepare Mixed) (G1 Evacuation Pause)
[2026-04-03T01:35:03.846+0600][32.594s][info][gc,task        ] GC(69) Using 10 workers of 10 for evacuation
[2026-04-03T01:35:03.855+0600][32.604s][info][gc,phases      ] GC(69)   Pre Evacuate Collection Set: 0.42ms
[2026-04-03T01:35:03.855+0600][32.604s][info][gc,phases      ] GC(69)   Merge Heap Roots: 0.29ms
[2026-04-03T01:35:03.855+0600][32.604s][info][gc,phases      ] GC(69)   Evacuate Collection Set: 7.50ms
[2026-04-03T01:35:03.855+0600][32.604s][info][gc,phases      ] GC(69)   Post Evacuate Collection Set: 1.05ms
[2026-04-03T01:35:03.855+0600][32.604s][info][gc,phases      ] GC(69)   Other: 0.27ms
[2026-04-03T01:35:03.856+0600][32.604s][info][gc,heap        ] GC(69) Eden regions: 123->0(141)
[2026-04-03T01:35:03.856+0600][32.604s][info][gc,heap        ] GC(69) Survivor regions: 6->7(18)
[2026-04-03T01:35:03.856+0600][32.604s][info][gc,heap        ] GC(69) Old regions: 41->42
[2026-04-03T01:35:03.856+0600][32.604s][info][gc,heap        ] GC(69) Humongous regions: 70->3
[2026-04-03T01:35:03.856+0600][32.604s][info][gc,metaspace   ] GC(69) Metaspace: 130858K(132480K)->130858K(132480K) NonClass: 114178K(115008K)->114178K(115008K) Class: 16680K(17472K)->16680K(17472K)
[2026-04-03T01:35:03.856+0600][32.604s][info][gc             ] GC(69) Pause Young (Prepare Mixed) (G1 Evacuation Pause) 474M->96M(496M) 9.981ms
[2026-04-03T01:35:03.856+0600][32.604s][info][gc,cpu         ] GC(69) User=0.07s Sys=0.02s Real=0.01s
[2026-04-03T01:35:04.134+0600][32.883s][info][gc,start       ] GC(70) Pause Young (Mixed) (G1 Evacuation Pause)
[2026-04-03T01:35:04.134+0600][32.883s][info][gc,task        ] GC(70) Using 10 workers of 10 for evacuation
[2026-04-03T01:35:04.142+0600][32.890s][info][gc,phases      ] GC(70)   Pre Evacuate Collection Set: 0.46ms
[2026-04-03T01:35:04.142+0600][32.890s][info][gc,phases      ] GC(70)   Merge Heap Roots: 0.22ms
[2026-04-03T01:35:04.142+0600][32.890s][info][gc,phases      ] GC(70)   Evacuate Collection Set: 5.85ms
[2026-04-03T01:35:04.142+0600][32.890s][info][gc,phases      ] GC(70)   Post Evacuate Collection Set: 0.69ms
[2026-04-03T01:35:04.142+0600][32.890s][info][gc,phases      ] GC(70)   Other: 0.12ms
[2026-04-03T01:35:04.142+0600][32.890s][info][gc,heap        ] GC(70) Eden regions: 81->0(155)
[2026-04-03T01:35:04.142+0600][32.890s][info][gc,heap        ] GC(70) Survivor regions: 7->6(19)
[2026-04-03T01:35:04.142+0600][32.890s][info][gc,heap        ] GC(70) Old regions: 42->41
[2026-04-03T01:35:04.142+0600][32.890s][info][gc,heap        ] GC(70) Humongous regions: 133->6
[2026-04-03T01:35:04.142+0600][32.890s][info][gc,metaspace   ] GC(70) Metaspace: 130891K(132480K)->130891K(132480K) NonClass: 114209K(115008K)->114209K(115008K) Class: 16681K(17472K)->16681K(17472K)
[2026-04-03T01:35:04.142+0600][32.890s][info][gc             ] GC(70) Pause Young (Mixed) (G1 Evacuation Pause) 518M->100M(538M) 7.739ms
[2026-04-03T01:35:04.142+0600][32.891s][info][gc,cpu         ] GC(70) User=0.04s Sys=0.03s Real=0.01s
[2026-04-03T01:35:04.143+0600][32.891s][info][gc,start       ] GC(71) Pause Young (Concurrent Start) (G1 Humongous Allocation)
[2026-04-03T01:35:04.143+0600][32.891s][info][gc,task        ] GC(71) Using 10 workers of 10 for evacuation
[2026-04-03T01:35:04.147+0600][32.896s][info][gc,phases      ] GC(71)   Pre Evacuate Collection Set: 0.36ms
[2026-04-03T01:35:04.147+0600][32.896s][info][gc,phases      ] GC(71)   Merge Heap Roots: 0.12ms
[2026-04-03T01:35:04.147+0600][32.896s][info][gc,phases      ] GC(71)   Evacuate Collection Set: 3.11ms
[2026-04-03T01:35:04.147+0600][32.896s][info][gc,phases      ] GC(71)   Post Evacuate Collection Set: 0.72ms
[2026-04-03T01:35:04.147+0600][32.896s][info][gc,phases      ] GC(71)   Other: 0.14ms
[2026-04-03T01:35:04.147+0600][32.896s][info][gc,heap        ] GC(71) Eden regions: 2->0(155)
[2026-04-03T01:35:04.147+0600][32.896s][info][gc,heap        ] GC(71) Survivor regions: 6->6(21)
[2026-04-03T01:35:04.147+0600][32.896s][info][gc,heap        ] GC(71) Old regions: 41->41
[2026-04-03T01:35:04.147+0600][32.896s][info][gc,heap        ] GC(71) Humongous regions: 6->3
[2026-04-03T01:35:04.147+0600][32.896s][info][gc,metaspace   ] GC(71) Metaspace: 130891K(132480K)->130891K(132480K) NonClass: 114209K(115008K)->114209K(115008K) Class: 16681K(17472K)->16681K(17472K)
[2026-04-03T01:35:04.147+0600][32.896s][info][gc             ] GC(71) Pause Young (Concurrent Start) (G1 Humongous Allocation) 103M->94M(538M) 4.804ms
[2026-04-03T01:35:04.147+0600][32.896s][info][gc             ] GC(72) Concurrent Mark Cycle
[2026-04-03T01:35:04.148+0600][32.896s][info][gc,cpu         ] GC(71) User=0.04s Sys=0.00s Real=0.00s
[2026-04-03T01:35:04.148+0600][32.896s][info][gc,marking     ] GC(72) Concurrent Scan Root Regions
[2026-04-03T01:35:04.153+0600][32.901s][info][gc,marking     ] GC(72) Concurrent Scan Root Regions 5.485ms
[2026-04-03T01:35:04.153+0600][32.902s][info][gc,marking     ] GC(72) Concurrent Mark
[2026-04-03T01:35:04.153+0600][32.902s][info][gc,marking     ] GC(72) Concurrent Mark From Roots
[2026-04-03T01:35:04.153+0600][32.902s][info][gc,task        ] GC(72) Using 2 workers of 2 for marking
[2026-04-03T01:35:04.277+0600][33.026s][info][gc,marking     ] GC(72) Concurrent Mark From Roots 124.340ms
[2026-04-03T01:35:04.278+0600][33.026s][info][gc,marking     ] GC(72) Concurrent Preclean
[2026-04-03T01:35:04.278+0600][33.027s][info][gc,marking     ] GC(72) Concurrent Preclean 0.650ms
[2026-04-03T01:35:04.279+0600][33.027s][info][gc,start       ] GC(72) Pause Remark
[2026-04-03T01:35:04.290+0600][33.038s][info][gc             ] GC(72) Pause Remark 370M->370M(548M) 11.226ms
[2026-04-03T01:35:04.290+0600][33.038s][info][gc,cpu         ] GC(72) User=0.10s Sys=0.01s Real=0.02s
[2026-04-03T01:35:04.290+0600][33.039s][info][gc,marking     ] GC(72) Concurrent Mark 137.015ms
[2026-04-03T01:35:04.290+0600][33.039s][info][gc,marking     ] GC(72) Concurrent Rebuild Remembered Sets and Scrub Regions
[2026-04-03T01:35:04.338+0600][33.087s][info][gc,marking     ] GC(72) Concurrent Rebuild Remembered Sets and Scrub Regions 48.000ms
[2026-04-03T01:35:04.338+0600][33.087s][info][gc,start       ] GC(72) Pause Cleanup
[2026-04-03T01:35:04.339+0600][33.087s][info][gc             ] GC(72) Pause Cleanup 378M->378M(548M) 0.399ms
[2026-04-03T01:35:04.342+0600][33.090s][info][gc,cpu         ] GC(72) User=0.00s Sys=0.00s Real=0.01s
[2026-04-03T01:35:04.342+0600][33.090s][info][gc,marking     ] GC(72) Concurrent Clear Claimed Marks
[2026-04-03T01:35:04.342+0600][33.091s][info][gc,marking     ] GC(72) Concurrent Clear Claimed Marks 0.330ms
[2026-04-03T01:35:04.342+0600][33.091s][info][gc,marking     ] GC(72) Concurrent Cleanup for Next Mark
[2026-04-03T01:35:04.344+0600][33.092s][info][gc,marking     ] GC(72) Concurrent Cleanup for Next Mark 1.573ms
[2026-04-03T01:35:04.344+0600][33.092s][info][gc             ] GC(72) Concurrent Mark Cycle 196.301ms
[2026-04-03T01:35:04.408+0600][33.156s][info][gc,start       ] GC(73) Pause Young (Prepare Mixed) (G1 Evacuation Pause)
[2026-04-03T01:35:04.408+0600][33.157s][info][gc,task        ] GC(73) Using 10 workers of 10 for evacuation
[2026-04-03T01:35:04.415+0600][33.164s][info][gc,phases      ] GC(73)   Pre Evacuate Collection Set: 0.35ms
[2026-04-03T01:35:04.416+0600][33.164s][info][gc,phases      ] GC(73)   Merge Heap Roots: 0.28ms
[2026-04-03T01:35:04.416+0600][33.164s][info][gc,phases      ] GC(73)   Evacuate Collection Set: 5.60ms
[2026-04-03T01:35:04.416+0600][33.164s][info][gc,phases      ] GC(73)   Post Evacuate Collection Set: 1.05ms
[2026-04-03T01:35:04.416+0600][33.164s][info][gc,phases      ] GC(73)   Other: 0.10ms
[2026-04-03T01:35:04.416+0600][33.164s][info][gc,heap        ] GC(73) Eden regions: 35->0(205)
[2026-04-03T01:35:04.416+0600][33.164s][info][gc,heap        ] GC(73) Survivor regions: 6->6(26)
[2026-04-03T01:35:04.416+0600][33.164s][info][gc,heap        ] GC(73) Old regions: 41->41
[2026-04-03T01:35:04.416+0600][33.164s][info][gc,heap        ] GC(73) Humongous regions: 264->12
[2026-04-03T01:35:04.416+0600][33.164s][info][gc,metaspace   ] GC(73) Metaspace: 130914K(132544K)->130914K(132544K) NonClass: 114232K(115072K)->114232K(115072K) Class: 16682K(17472K)->16682K(17472K)
[2026-04-03T01:35:04.416+0600][33.164s][info][gc             ] GC(73) Pause Young (Prepare Mixed) (G1 Evacuation Pause) 686M->113M(704M) 7.746ms
[2026-04-03T01:35:04.416+0600][33.164s][info][gc,cpu         ] GC(73) User=0.03s Sys=0.02s Real=0.01s
[2026-04-03T01:35:05.196+0600][33.945s][info][gc,start       ] GC(74) Pause Young (Mixed) (G1 Evacuation Pause)
[2026-04-03T01:35:05.196+0600][33.945s][info][gc,task        ] GC(74) Using 10 workers of 10 for evacuation
[2026-04-03T01:35:05.205+0600][33.953s][info][gc,phases      ] GC(74)   Pre Evacuate Collection Set: 0.40ms
[2026-04-03T01:35:05.205+0600][33.953s][info][gc,phases      ] GC(74)   Merge Heap Roots: 0.28ms
[2026-04-03T01:35:05.205+0600][33.953s][info][gc,phases      ] GC(74)   Evacuate Collection Set: 6.27ms
[2026-04-03T01:35:05.205+0600][33.953s][info][gc,phases      ] GC(74)   Post Evacuate Collection Set: 1.43ms
[2026-04-03T01:35:05.205+0600][33.953s][info][gc,phases      ] GC(74)   Other: 0.11ms
[2026-04-03T01:35:05.205+0600][33.953s][info][gc,heap        ] GC(74) Eden regions: 165->0(255)
[2026-04-03T01:35:05.205+0600][33.953s][info][gc,heap        ] GC(74) Survivor regions: 6->5(27)
[2026-04-03T01:35:05.205+0600][33.953s][info][gc,heap        ] GC(74) Old regions: 41->41
[2026-04-03T01:35:05.205+0600][33.953s][info][gc,heap        ] GC(74) Humongous regions: 147->3
[2026-04-03T01:35:05.205+0600][33.953s][info][gc,metaspace   ] GC(74) Metaspace: 130962K(132608K)->130962K(132608K) NonClass: 114279K(115136K)->114279K(115136K) Class: 16682K(17472K)->16682K(17472K)
[2026-04-03T01:35:05.205+0600][33.953s][info][gc             ] GC(74) Pause Young (Mixed) (G1 Evacuation Pause) 713M->94M(868M) 8.848ms
[2026-04-03T01:35:05.205+0600][33.954s][info][gc,cpu         ] GC(74) User=0.06s Sys=0.01s Real=0.01s
[2026-04-03T01:35:05.212+0600][33.961s][info][gc,start       ] GC(75) Pause Young (Concurrent Start) (G1 Humongous Allocation)
[2026-04-03T01:35:05.212+0600][33.961s][info][gc,task        ] GC(75) Using 10 workers of 10 for evacuation
[2026-04-03T01:35:05.217+0600][33.966s][info][gc,phases      ] GC(75)   Pre Evacuate Collection Set: 0.39ms
[2026-04-03T01:35:05.217+0600][33.966s][info][gc,phases      ] GC(75)   Merge Heap Roots: 0.18ms
[2026-04-03T01:35:05.217+0600][33.966s][info][gc,phases      ] GC(75)   Evacuate Collection Set: 3.43ms
[2026-04-03T01:35:05.217+0600][33.966s][info][gc,phases      ] GC(75)   Post Evacuate Collection Set: 0.67ms
[2026-04-03T01:35:05.217+0600][33.966s][info][gc,phases      ] GC(75)   Other: 0.13ms
[2026-04-03T01:35:05.217+0600][33.966s][info][gc,heap        ] GC(75) Eden regions: 2->0(255)
[2026-04-03T01:35:05.217+0600][33.966s][info][gc,heap        ] GC(75) Survivor regions: 5->5(33)
[2026-04-03T01:35:05.217+0600][33.966s][info][gc,heap        ] GC(75) Old regions: 41->41
[2026-04-03T01:35:05.217+0600][33.966s][info][gc,heap        ] GC(75) Humongous regions: 3->3
[2026-04-03T01:35:05.217+0600][33.966s][info][gc,metaspace   ] GC(75) Metaspace: 130962K(132608K)->130962K(132608K) NonClass: 114279K(115136K)->114279K(115136K) Class: 16682K(17472K)->16682K(17472K)
[2026-04-03T01:35:05.217+0600][33.966s][info][gc             ] GC(75) Pause Young (Concurrent Start) (G1 Humongous Allocation) 97M->94M(868M) 5.109ms
[2026-04-03T01:35:05.217+0600][33.966s][info][gc             ] GC(76) Concurrent Mark Cycle
[2026-04-03T01:35:05.217+0600][33.966s][info][gc,cpu         ] GC(75) User=0.04s Sys=0.01s Real=0.00s
[2026-04-03T01:35:05.217+0600][33.966s][info][gc,marking     ] GC(76) Concurrent Scan Root Regions
[2026-04-03T01:35:05.223+0600][33.971s][info][gc,marking     ] GC(76) Concurrent Scan Root Regions 5.100ms
[2026-04-03T01:35:05.223+0600][33.971s][info][gc,marking     ] GC(76) Concurrent Mark
[2026-04-03T01:35:05.223+0600][33.971s][info][gc,marking     ] GC(76) Concurrent Mark From Roots
[2026-04-03T01:35:05.223+0600][33.971s][info][gc,task        ] GC(76) Using 2 workers of 2 for marking
[2026-04-03T01:35:05.347+0600][34.095s][info][gc,marking     ] GC(76) Concurrent Mark From Roots 124.165ms
[2026-04-03T01:35:05.347+0600][34.095s][info][gc,marking     ] GC(76) Concurrent Preclean
[2026-04-03T01:35:05.348+0600][34.096s][info][gc,marking     ] GC(76) Concurrent Preclean 0.633ms
[2026-04-03T01:35:05.348+0600][34.096s][info][gc,start       ] GC(76) Pause Remark
[2026-04-03T01:35:05.373+0600][34.122s][info][gc             ] GC(76) Pause Remark 231M->231M(508M) 25.063ms
[2026-04-03T01:35:05.373+0600][34.122s][info][gc,cpu         ] GC(76) User=0.21s Sys=0.01s Real=0.03s
[2026-04-03T01:35:05.374+0600][34.122s][info][gc,marking     ] GC(76) Concurrent Mark 150.981ms
[2026-04-03T01:35:05.374+0600][34.122s][info][gc,marking     ] GC(76) Concurrent Rebuild Remembered Sets and Scrub Regions
[2026-04-03T01:35:05.421+0600][34.170s][info][gc,marking     ] GC(76) Concurrent Rebuild Remembered Sets and Scrub Regions 47.674ms
[2026-04-03T01:35:05.422+0600][34.170s][info][gc,start       ] GC(76) Pause Cleanup
[2026-04-03T01:35:05.422+0600][34.171s][info][gc             ] GC(76) Pause Cleanup 264M->264M(508M) 0.323ms
[2026-04-03T01:35:05.422+0600][34.171s][info][gc,cpu         ] GC(76) User=0.00s Sys=0.00s Real=0.00s
[2026-04-03T01:35:05.422+0600][34.171s][info][gc,marking     ] GC(76) Concurrent Clear Claimed Marks
[2026-04-03T01:35:05.423+0600][34.171s][info][gc,marking     ] GC(76) Concurrent Clear Claimed Marks 0.396ms
[2026-04-03T01:35:05.423+0600][34.171s][info][gc,marking     ] GC(76) Concurrent Cleanup for Next Mark
[2026-04-03T01:35:05.425+0600][34.174s][info][gc,marking     ] GC(76) Concurrent Cleanup for Next Mark 2.476ms
[2026-04-03T01:35:05.425+0600][34.174s][info][gc             ] GC(76) Concurrent Mark Cycle 208.109ms
[2026-04-03T01:35:05.634+0600][34.382s][info][gc,start       ] GC(77) Pause Young (Prepare Mixed) (G1 Evacuation Pause)
[2026-04-03T01:35:05.634+0600][34.382s][info][gc,task        ] GC(77) Using 10 workers of 10 for evacuation
[2026-04-03T01:35:05.642+0600][34.390s][info][gc,phases      ] GC(77)   Pre Evacuate Collection Set: 0.54ms
[2026-04-03T01:35:05.642+0600][34.390s][info][gc,phases      ] GC(77)   Merge Heap Roots: 0.22ms
[2026-04-03T01:35:05.642+0600][34.390s][info][gc,phases      ] GC(77)   Evacuate Collection Set: 6.41ms
[2026-04-03T01:35:05.642+0600][34.390s][info][gc,phases      ] GC(77)   Post Evacuate Collection Set: 0.74ms
[2026-04-03T01:35:05.642+0600][34.390s][info][gc,phases      ] GC(77)   Other: 0.12ms
[2026-04-03T01:35:05.642+0600][34.390s][info][gc,heap        ] GC(77) Eden regions: 114->0(150)
[2026-04-03T01:35:05.642+0600][34.390s][info][gc,heap        ] GC(77) Survivor regions: 5->6(19)
[2026-04-03T01:35:05.642+0600][34.390s][info][gc,heap        ] GC(77) Old regions: 41->42
[2026-04-03T01:35:05.642+0600][34.390s][info][gc,heap        ] GC(77) Humongous regions: 94->3
[2026-04-03T01:35:05.642+0600][34.390s][info][gc,metaspace   ] GC(77) Metaspace: 130942K(132608K)->130942K(132608K) NonClass: 114265K(115136K)->114265K(115136K) Class: 16677K(17472K)->16677K(17472K)
[2026-04-03T01:35:05.642+0600][34.390s][info][gc             ] GC(77) Pause Young (Prepare Mixed) (G1 Evacuation Pause) 504M->96M(522M) 8.383ms
[2026-04-03T01:35:05.642+0600][34.390s][info][gc,cpu         ] GC(77) User=0.04s Sys=0.03s Real=0.01s
[2026-04-03T01:35:06.003+0600][34.752s][info][gc,start       ] GC(78) Pause Young (Mixed) (GCLocker Initiated GC)
[2026-04-03T01:35:06.003+0600][34.752s][info][gc,task        ] GC(78) Using 10 workers of 10 for evacuation
[2026-04-03T01:35:06.012+0600][34.760s][info][gc,phases      ] GC(78)   Pre Evacuate Collection Set: 0.38ms
[2026-04-03T01:35:06.012+0600][34.760s][info][gc,phases      ] GC(78)   Merge Heap Roots: 0.26ms
[2026-04-03T01:35:06.012+0600][34.760s][info][gc,phases      ] GC(78)   Evacuate Collection Set: 6.70ms
[2026-04-03T01:35:06.012+0600][34.760s][info][gc,phases      ] GC(78)   Post Evacuate Collection Set: 0.98ms
[2026-04-03T01:35:06.012+0600][34.760s][info][gc,phases      ] GC(78)   Other: 0.12ms
[2026-04-03T01:35:06.012+0600][34.760s][info][gc,heap        ] GC(78) Eden regions: 122->0(155)
[2026-04-03T01:35:06.012+0600][34.760s][info][gc,heap        ] GC(78) Survivor regions: 6->6(20)
[2026-04-03T01:35:06.012+0600][34.760s][info][gc,heap        ] GC(78) Old regions: 42->42
[2026-04-03T01:35:06.012+0600][34.760s][info][gc,heap        ] GC(78) Humongous regions: 92->3
[2026-04-03T01:35:06.012+0600][34.760s][info][gc,metaspace   ] GC(78) Metaspace: 130948K(132608K)->130948K(132608K) NonClass: 114270K(115136K)->114270K(115136K) Class: 16677K(17472K)->16677K(17472K)
[2026-04-03T01:35:06.012+0600][34.761s][info][gc             ] GC(78) Pause Young (Mixed) (GCLocker Initiated GC) 518M->97M(538M) 8.775ms
[2026-04-03T01:35:06.012+0600][34.761s][info][gc,cpu         ] GC(78) User=0.06s Sys=0.02s Real=0.01s
[2026-04-03T01:35:06.017+0600][34.765s][info][gc,start       ] GC(79) Pause Young (Concurrent Start) (G1 Humongous Allocation)
[2026-04-03T01:35:06.017+0600][34.765s][info][gc,task        ] GC(79) Using 10 workers of 10 for evacuation
[2026-04-03T01:35:06.024+0600][34.772s][info][gc,phases      ] GC(79)   Pre Evacuate Collection Set: 0.36ms
[2026-04-03T01:35:06.024+0600][34.772s][info][gc,phases      ] GC(79)   Merge Heap Roots: 0.15ms
[2026-04-03T01:35:06.024+0600][34.772s][info][gc,phases      ] GC(79)   Evacuate Collection Set: 5.46ms
[2026-04-03T01:35:06.024+0600][34.772s][info][gc,phases      ] GC(79)   Post Evacuate Collection Set: 0.60ms
[2026-04-03T01:35:06.024+0600][34.772s][info][gc,phases      ] GC(79)   Other: 0.15ms
[2026-04-03T01:35:06.024+0600][34.772s][info][gc,heap        ] GC(79) Eden regions: 4->0(155)
[2026-04-03T01:35:06.024+0600][34.772s][info][gc,heap        ] GC(79) Survivor regions: 6->6(21)
[2026-04-03T01:35:06.024+0600][34.772s][info][gc,heap        ] GC(79) Old regions: 42->42
[2026-04-03T01:35:06.024+0600][34.772s][info][gc,heap        ] GC(79) Humongous regions: 3->3
[2026-04-03T01:35:06.024+0600][34.772s][info][gc,metaspace   ] GC(79) Metaspace: 130948K(132608K)->130948K(132608K) NonClass: 114270K(115136K)->114270K(115136K) Class: 16677K(17472K)->16677K(17472K)
[2026-04-03T01:35:06.024+0600][34.772s][info][gc             ] GC(79) Pause Young (Concurrent Start) (G1 Humongous Allocation) 104M->97M(538M) 7.037ms
[2026-04-03T01:35:06.024+0600][34.772s][info][gc             ] GC(80) Concurrent Mark Cycle
[2026-04-03T01:35:06.024+0600][34.772s][info][gc,cpu         ] GC(79) User=0.04s Sys=0.00s Real=0.01s
[2026-04-03T01:35:06.024+0600][34.773s][info][gc,marking     ] GC(80) Concurrent Scan Root Regions
[2026-04-03T01:35:06.030+0600][34.779s][info][gc,marking     ] GC(80) Concurrent Scan Root Regions 6.234ms
[2026-04-03T01:35:06.030+0600][34.779s][info][gc,marking     ] GC(80) Concurrent Mark
[2026-04-03T01:35:06.030+0600][34.779s][info][gc,marking     ] GC(80) Concurrent Mark From Roots
[2026-04-03T01:35:06.030+0600][34.779s][info][gc,task        ] GC(80) Using 2 workers of 2 for marking
[2026-04-03T01:35:06.150+0600][34.898s][info][gc,marking     ] GC(80) Concurrent Mark From Roots 119.331ms
[2026-04-03T01:35:06.150+0600][34.898s][info][gc,marking     ] GC(80) Concurrent Preclean
[2026-04-03T01:35:06.154+0600][34.902s][info][gc,marking     ] GC(80) Concurrent Preclean 3.860ms
[2026-04-03T01:35:06.155+0600][34.903s][info][gc,start       ] GC(80) Pause Remark
[2026-04-03T01:35:06.165+0600][34.913s][info][gc             ] GC(80) Pause Remark 183M->183M(500M) 10.261ms
[2026-04-03T01:35:06.165+0600][34.914s][info][gc,cpu         ] GC(80) User=0.09s Sys=0.00s Real=0.01s
[2026-04-03T01:35:06.165+0600][34.914s][info][gc,marking     ] GC(80) Concurrent Mark 134.817ms
[2026-04-03T01:35:06.165+0600][34.914s][info][gc,marking     ] GC(80) Concurrent Rebuild Remembered Sets and Scrub Regions
[2026-04-03T01:35:06.221+0600][34.969s][info][gc,marking     ] GC(80) Concurrent Rebuild Remembered Sets and Scrub Regions 55.508ms
[2026-04-03T01:35:06.221+0600][34.970s][info][gc,start       ] GC(80) Pause Cleanup
[2026-04-03T01:35:06.222+0600][34.970s][info][gc             ] GC(80) Pause Cleanup 210M->210M(500M) 0.407ms
[2026-04-03T01:35:06.222+0600][34.970s][info][gc,cpu         ] GC(80) User=0.01s Sys=0.00s Real=0.00s
[2026-04-03T01:35:06.222+0600][34.970s][info][gc,marking     ] GC(80) Concurrent Clear Claimed Marks
[2026-04-03T01:35:06.222+0600][34.971s][info][gc,marking     ] GC(80) Concurrent Clear Claimed Marks 0.394ms
[2026-04-03T01:35:06.222+0600][34.971s][info][gc,marking     ] GC(80) Concurrent Cleanup for Next Mark
[2026-04-03T01:35:06.225+0600][34.973s][info][gc,marking     ] GC(80) Concurrent Cleanup for Next Mark 2.116ms
[2026-04-03T01:35:06.225+0600][34.973s][info][gc             ] GC(80) Concurrent Mark Cycle 200.700ms
[2026-04-03T01:35:06.673+0600][35.421s][info][gc,start       ] GC(81) Pause Young (Prepare Mixed) (G1 Evacuation Pause)
[2026-04-03T01:35:06.673+0600][35.421s][info][gc,task        ] GC(81) Using 10 workers of 10 for evacuation
[2026-04-03T01:35:06.679+0600][35.428s][info][gc,phases      ] GC(81)   Pre Evacuate Collection Set: 0.55ms
[2026-04-03T01:35:06.679+0600][35.428s][info][gc,phases      ] GC(81)   Merge Heap Roots: 0.24ms
[2026-04-03T01:35:06.679+0600][35.428s][info][gc,phases      ] GC(81)   Evacuate Collection Set: 4.89ms
[2026-04-03T01:35:06.679+0600][35.428s][info][gc,phases      ] GC(81)   Post Evacuate Collection Set: 0.77ms
[2026-04-03T01:35:06.679+0600][35.428s][info][gc,phases      ] GC(81)   Other: 0.12ms
[2026-04-03T01:35:06.679+0600][35.428s][info][gc,heap        ] GC(81) Eden regions: 136->0(152)
[2026-04-03T01:35:06.679+0600][35.428s][info][gc,heap        ] GC(81) Survivor regions: 6->4(19)
[2026-04-03T01:35:06.679+0600][35.428s][info][gc,heap        ] GC(81) Old regions: 42->43
[2026-04-03T01:35:06.679+0600][35.428s][info][gc,heap        ] GC(81) Humongous regions: 71->3
[2026-04-03T01:35:06.679+0600][35.428s][info][gc,metaspace   ] GC(81) Metaspace: 131009K(132608K)->131009K(132608K) NonClass: 114330K(115136K)->114330K(115136K) Class: 16678K(17472K)->16678K(17472K)
[2026-04-03T01:35:06.679+0600][35.428s][info][gc             ] GC(81) Pause Young (Prepare Mixed) (G1 Evacuation Pause) 505M->94M(520M) 6.978ms
[2026-04-03T01:35:06.680+0600][35.428s][info][gc,cpu         ] GC(81) User=0.05s Sys=0.01s Real=0.00s
[2026-04-03T01:35:07.009+0600][35.757s][info][gc,start       ] GC(82) Pause Young (Mixed) (G1 Evacuation Pause)
[2026-04-03T01:35:07.009+0600][35.758s][info][gc,task        ] GC(82) Using 10 workers of 10 for evacuation
[2026-04-03T01:35:07.018+0600][35.767s][info][gc,phases      ] GC(82)   Pre Evacuate Collection Set: 0.64ms
[2026-04-03T01:35:07.018+0600][35.767s][info][gc,phases      ] GC(82)   Merge Heap Roots: 0.34ms
[2026-04-03T01:35:07.019+0600][35.767s][info][gc,phases      ] GC(82)   Evacuate Collection Set: 7.42ms
[2026-04-03T01:35:07.019+0600][35.767s][info][gc,phases      ] GC(82)   Post Evacuate Collection Set: 0.81ms
[2026-04-03T01:35:07.019+0600][35.767s][info][gc,phases      ] GC(82)   Other: 0.14ms
[2026-04-03T01:35:07.019+0600][35.767s][info][gc,heap        ] GC(82) Eden regions: 119->0(153)
[2026-04-03T01:35:07.019+0600][35.767s][info][gc,heap        ] GC(82) Survivor regions: 4->6(20)
[2026-04-03T01:35:07.019+0600][35.767s][info][gc,heap        ] GC(82) Old regions: 43->42
[2026-04-03T01:35:07.019+0600][35.767s][info][gc,heap        ] GC(82) Humongous regions: 94->3
[2026-04-03T01:35:07.019+0600][35.767s][info][gc,metaspace   ] GC(82) Metaspace: 131022K(132608K)->131022K(132608K) NonClass: 114343K(115136K)->114343K(115136K) Class: 16678K(17472K)->16678K(17472K)
[2026-04-03T01:35:07.019+0600][35.767s][info][gc             ] GC(82) Pause Young (Mixed) (G1 Evacuation Pause) 514M->98M(532M) 9.674ms
[2026-04-03T01:35:07.019+0600][35.767s][info][gc,cpu         ] GC(82) User=0.05s Sys=0.02s Real=0.01s
[2026-04-03T01:35:07.022+0600][35.770s][info][gc,start       ] GC(83) Pause Young (Concurrent Start) (GCLocker Initiated GC)
[2026-04-03T01:35:07.022+0600][35.770s][info][gc,task        ] GC(83) Using 10 workers of 10 for evacuation
[2026-04-03T01:35:07.027+0600][35.775s][info][gc,phases      ] GC(83)   Pre Evacuate Collection Set: 0.33ms
[2026-04-03T01:35:07.027+0600][35.775s][info][gc,phases      ] GC(83)   Merge Heap Roots: 0.12ms
[2026-04-03T01:35:07.027+0600][35.775s][info][gc,phases      ] GC(83)   Evacuate Collection Set: 3.82ms
[2026-04-03T01:35:07.027+0600][35.775s][info][gc,phases      ] GC(83)   Post Evacuate Collection Set: 0.59ms
[2026-04-03T01:35:07.027+0600][35.775s][info][gc,phases      ] GC(83)   Other: 0.11ms
[2026-04-03T01:35:07.027+0600][35.775s][info][gc,heap        ] GC(83) Eden regions: 4->0(154)
[2026-04-03T01:35:07.027+0600][35.775s][info][gc,heap        ] GC(83) Survivor regions: 6->5(20)
[2026-04-03T01:35:07.027+0600][35.775s][info][gc,heap        ] GC(83) Old regions: 42->43
[2026-04-03T01:35:07.027+0600][35.775s][info][gc,heap        ] GC(83) Humongous regions: 3->3
[2026-04-03T01:35:07.027+0600][35.775s][info][gc,metaspace   ] GC(83) Metaspace: 131022K(132608K)->131022K(132608K) NonClass: 114343K(115136K)->114343K(115136K) Class: 16678K(17472K)->16678K(17472K)
[2026-04-03T01:35:07.027+0600][35.776s][info][gc             ] GC(83) Pause Young (Concurrent Start) (GCLocker Initiated GC) 105M->97M(532M) 5.264ms
[2026-04-03T01:35:07.027+0600][35.776s][info][gc,cpu         ] GC(83) User=0.05s Sys=0.01s Real=0.00s
[2026-04-03T01:35:07.027+0600][35.776s][info][gc             ] GC(84) Concurrent Mark Cycle
[2026-04-03T01:35:07.027+0600][35.776s][info][gc,marking     ] GC(84) Concurrent Scan Root Regions
[2026-04-03T01:35:07.033+0600][35.781s][info][gc,marking     ] GC(84) Concurrent Scan Root Regions 5.288ms
[2026-04-03T01:35:07.033+0600][35.781s][info][gc,marking     ] GC(84) Concurrent Mark
[2026-04-03T01:35:07.033+0600][35.781s][info][gc,marking     ] GC(84) Concurrent Mark From Roots
[2026-04-03T01:35:07.033+0600][35.781s][info][gc,task        ] GC(84) Using 2 workers of 2 for marking
[2026-04-03T01:35:07.176+0600][35.925s][info][gc,marking     ] GC(84) Concurrent Mark From Roots 143.749ms
[2026-04-03T01:35:07.177+0600][35.925s][info][gc,marking     ] GC(84) Concurrent Preclean
[2026-04-03T01:35:07.177+0600][35.926s][info][gc,marking     ] GC(84) Concurrent Preclean 0.829ms
[2026-04-03T01:35:07.178+0600][35.926s][info][gc,start       ] GC(84) Pause Remark
[2026-04-03T01:35:07.187+0600][35.936s][info][gc             ] GC(84) Pause Remark 246M->246M(532M) 9.555ms
[2026-04-03T01:35:07.188+0600][35.936s][info][gc,cpu         ] GC(84) User=0.08s Sys=0.00s Real=0.01s
[2026-04-03T01:35:07.188+0600][35.936s][info][gc,marking     ] GC(84) Concurrent Mark 155.344ms
[2026-04-03T01:35:07.188+0600][35.937s][info][gc,marking     ] GC(84) Concurrent Rebuild Remembered Sets and Scrub Regions
[2026-04-03T01:35:07.241+0600][35.989s][info][gc,marking     ] GC(84) Concurrent Rebuild Remembered Sets and Scrub Regions 52.545ms
[2026-04-03T01:35:07.242+0600][35.991s][info][gc,start       ] GC(84) Pause Cleanup
[2026-04-03T01:35:07.243+0600][35.991s][info][gc             ] GC(84) Pause Cleanup 299M->299M(532M) 0.401ms
[2026-04-03T01:35:07.243+0600][35.991s][info][gc,cpu         ] GC(84) User=0.00s Sys=0.00s Real=0.00s
[2026-04-03T01:35:07.243+0600][35.991s][info][gc,marking     ] GC(84) Concurrent Clear Claimed Marks
[2026-04-03T01:35:07.243+0600][35.992s][info][gc,marking     ] GC(84) Concurrent Clear Claimed Marks 0.397ms
[2026-04-03T01:35:07.243+0600][35.992s][info][gc,marking     ] GC(84) Concurrent Cleanup for Next Mark
[2026-04-03T01:35:07.246+0600][35.995s][info][gc,marking     ] GC(84) Concurrent Cleanup for Next Mark 2.758ms
[2026-04-03T01:35:07.246+0600][35.995s][info][gc             ] GC(84) Concurrent Mark Cycle 219.060ms
[2026-04-03T01:35:07.425+0600][36.173s][info][gc,start       ] GC(85) Pause Young (Prepare Mixed) (G1 Evacuation Pause)
[2026-04-03T01:35:07.425+0600][36.173s][info][gc,task        ] GC(85) Using 10 workers of 10 for evacuation
[2026-04-03T01:35:07.429+0600][36.178s][info][gc,phases      ] GC(85)   Pre Evacuate Collection Set: 0.44ms
[2026-04-03T01:35:07.429+0600][36.178s][info][gc,phases      ] GC(85)   Merge Heap Roots: 0.23ms
[2026-04-03T01:35:07.430+0600][36.178s][info][gc,phases      ] GC(85)   Evacuate Collection Set: 3.26ms
[2026-04-03T01:35:07.430+0600][36.178s][info][gc,phases      ] GC(85)   Post Evacuate Collection Set: 0.68ms
[2026-04-03T01:35:07.430+0600][36.178s][info][gc,phases      ] GC(85)   Other: 0.11ms
[2026-04-03T01:35:07.430+0600][36.178s][info][gc,heap        ] GC(85) Eden regions: 119->0(158)
[2026-04-03T01:35:07.430+0600][36.178s][info][gc,heap        ] GC(85) Survivor regions: 5->4(20)
[2026-04-03T01:35:07.430+0600][36.178s][info][gc,heap        ] GC(85) Old regions: 43->43
[2026-04-03T01:35:07.430+0600][36.178s][info][gc,heap        ] GC(85) Humongous regions: 99->3
[2026-04-03T01:35:07.430+0600][36.178s][info][gc,metaspace   ] GC(85) Metaspace: 131028K(132608K)->131028K(132608K) NonClass: 114349K(115136K)->114349K(115136K) Class: 16678K(17472K)->16678K(17472K)
[2026-04-03T01:35:07.430+0600][36.178s][info][gc             ] GC(85) Pause Young (Prepare Mixed) (G1 Evacuation Pause) 527M->95M(540M) 5.022ms
[2026-04-03T01:35:07.430+0600][36.178s][info][gc,cpu         ] GC(85) User=0.02s Sys=0.01s Real=0.01s
[2026-04-03T01:35:07.943+0600][36.692s][info][gc,start       ] GC(86) Pause Young (Mixed) (G1 Evacuation Pause)
[2026-04-03T01:35:07.943+0600][36.692s][info][gc,task        ] GC(86) Using 10 workers of 10 for evacuation
[2026-04-03T01:35:07.953+0600][36.702s][info][gc,phases      ] GC(86)   Pre Evacuate Collection Set: 0.59ms
[2026-04-03T01:35:07.953+0600][36.702s][info][gc,phases      ] GC(86)   Merge Heap Roots: 0.32ms
[2026-04-03T01:35:07.953+0600][36.702s][info][gc,phases      ] GC(86)   Evacuate Collection Set: 7.40ms
[2026-04-03T01:35:07.953+0600][36.702s][info][gc,phases      ] GC(86)   Post Evacuate Collection Set: 1.34ms
[2026-04-03T01:35:07.953+0600][36.702s][info][gc,phases      ] GC(86)   Other: 0.14ms
[2026-04-03T01:35:07.953+0600][36.702s][info][gc,heap        ] GC(86) Eden regions: 158->0(193)
[2026-04-03T01:35:07.953+0600][36.702s][info][gc,heap        ] GC(86) Survivor regions: 4->6(21)
[2026-04-03T01:35:07.953+0600][36.702s][info][gc,heap        ] GC(86) Old regions: 43->42
[2026-04-03T01:35:07.953+0600][36.702s][info][gc,heap        ] GC(86) Humongous regions: 66->3
[2026-04-03T01:35:07.953+0600][36.702s][info][gc,metaspace   ] GC(86) Metaspace: 131055K(132608K)->131055K(132608K) NonClass: 114376K(115136K)->114376K(115136K) Class: 16678K(17472K)->16678K(17472K)
[2026-04-03T01:35:07.953+0600][36.702s][info][gc             ] GC(86) Pause Young (Mixed) (G1 Evacuation Pause) 537M->98M(666M) 10.129ms
[2026-04-03T01:35:07.954+0600][36.702s][info][gc,cpu         ] GC(86) User=0.07s Sys=0.02s Real=0.01s
[2026-04-03T01:35:07.955+0600][36.704s][info][gc,start       ] GC(87) Pause Young (Concurrent Start) (G1 Humongous Allocation)
[2026-04-03T01:35:07.955+0600][36.704s][info][gc,task        ] GC(87) Using 10 workers of 10 for evacuation
[2026-04-03T01:35:07.960+0600][36.709s][info][gc,phases      ] GC(87)   Pre Evacuate Collection Set: 0.31ms
[2026-04-03T01:35:07.960+0600][36.709s][info][gc,phases      ] GC(87)   Merge Heap Roots: 0.11ms
[2026-04-03T01:35:07.960+0600][36.709s][info][gc,phases      ] GC(87)   Evacuate Collection Set: 4.27ms
[2026-04-03T01:35:07.960+0600][36.709s][info][gc,phases      ] GC(87)   Post Evacuate Collection Set: 0.52ms
[2026-04-03T01:35:07.960+0600][36.709s][info][gc,phases      ] GC(87)   Other: 0.12ms
[2026-04-03T01:35:07.961+0600][36.709s][info][gc,heap        ] GC(87) Eden regions: 2->0(193)
[2026-04-03T01:35:07.961+0600][36.709s][info][gc,heap        ] GC(87) Survivor regions: 6->6(25)
[2026-04-03T01:35:07.961+0600][36.709s][info][gc,heap        ] GC(87) Old regions: 42->42
[2026-04-03T01:35:07.961+0600][36.709s][info][gc,heap        ] GC(87) Humongous regions: 3->3
[2026-04-03T01:35:07.961+0600][36.709s][info][gc,metaspace   ] GC(87) Metaspace: 131055K(132608K)->131055K(132608K) NonClass: 114376K(115136K)->114376K(115136K) Class: 16678K(17472K)->16678K(17472K)
[2026-04-03T01:35:07.961+0600][36.709s][info][gc             ] GC(87) Pause Young (Concurrent Start) (G1 Humongous Allocation) 101M->98M(666M) 5.552ms
[2026-04-03T01:35:07.961+0600][36.709s][info][gc             ] GC(88) Concurrent Mark Cycle
[2026-04-03T01:35:07.961+0600][36.709s][info][gc,cpu         ] GC(87) User=0.04s Sys=0.00s Real=0.01s
[2026-04-03T01:35:07.961+0600][36.709s][info][gc,marking     ] GC(88) Concurrent Scan Root Regions
[2026-04-03T01:35:07.966+0600][36.715s][info][gc,marking     ] GC(88) Concurrent Scan Root Regions 5.467ms
[2026-04-03T01:35:07.966+0600][36.715s][info][gc,marking     ] GC(88) Concurrent Mark
[2026-04-03T01:35:07.966+0600][36.715s][info][gc,marking     ] GC(88) Concurrent Mark From Roots
[2026-04-03T01:35:07.966+0600][36.715s][info][gc,task        ] GC(88) Using 2 workers of 2 for marking
[2026-04-03T01:35:08.083+0600][36.831s][info][gc,marking     ] GC(88) Concurrent Mark From Roots 116.151ms
[2026-04-03T01:35:08.083+0600][36.831s][info][gc,marking     ] GC(88) Concurrent Preclean
[2026-04-03T01:35:08.083+0600][36.832s][info][gc,marking     ] GC(88) Concurrent Preclean 0.733ms
[2026-04-03T01:35:08.084+0600][36.832s][info][gc,start       ] GC(88) Pause Remark
[2026-04-03T01:35:08.094+0600][36.843s][info][gc             ] GC(88) Pause Remark 144M->144M(420M) 10.287ms
[2026-04-03T01:35:08.094+0600][36.843s][info][gc,cpu         ] GC(88) User=0.08s Sys=0.00s Real=0.01s
[2026-04-03T01:35:08.094+0600][36.843s][info][gc,marking     ] GC(88) Concurrent Mark 128.024ms
[2026-04-03T01:35:08.094+0600][36.843s][info][gc,marking     ] GC(88) Concurrent Rebuild Remembered Sets and Scrub Regions
[2026-04-03T01:35:08.142+0600][36.891s][info][gc,marking     ] GC(88) Concurrent Rebuild Remembered Sets and Scrub Regions 48.014ms
[2026-04-03T01:35:08.143+0600][36.892s][info][gc,start       ] GC(88) Pause Cleanup
[2026-04-03T01:35:08.143+0600][36.892s][info][gc             ] GC(88) Pause Cleanup 171M->171M(420M) 0.302ms
[2026-04-03T01:35:08.143+0600][36.892s][info][gc,cpu         ] GC(88) User=0.00s Sys=0.00s Real=0.00s
[2026-04-03T01:35:08.144+0600][36.892s][info][gc,marking     ] GC(88) Concurrent Clear Claimed Marks
[2026-04-03T01:35:08.144+0600][36.892s][info][gc,marking     ] GC(88) Concurrent Clear Claimed Marks 0.431ms
[2026-04-03T01:35:08.144+0600][36.892s][info][gc,marking     ] GC(88) Concurrent Cleanup for Next Mark
[2026-04-03T01:35:08.145+0600][36.893s][info][gc,marking     ] GC(88) Concurrent Cleanup for Next Mark 0.950ms
[2026-04-03T01:35:08.145+0600][36.894s][info][gc             ] GC(88) Concurrent Mark Cycle 184.363ms
[2026-04-03T01:35:08.207+0600][36.956s][info][gc,start       ] GC(89) Pause Young (Prepare Mixed) (G1 Evacuation Pause)
[2026-04-03T01:35:08.207+0600][36.956s][info][gc,task        ] GC(89) Using 10 workers of 10 for evacuation
[2026-04-03T01:35:08.214+0600][36.963s][info][gc,phases      ] GC(89)   Pre Evacuate Collection Set: 0.63ms
[2026-04-03T01:35:08.214+0600][36.963s][info][gc,phases      ] GC(89)   Merge Heap Roots: 0.19ms
[2026-04-03T01:35:08.214+0600][36.963s][info][gc,phases      ] GC(89)   Evacuate Collection Set: 5.31ms
[2026-04-03T01:35:08.214+0600][36.963s][info][gc,phases      ] GC(89)   Post Evacuate Collection Set: 0.66ms
[2026-04-03T01:35:08.214+0600][36.963s][info][gc,phases      ] GC(89)   Other: 0.09ms
[2026-04-03T01:35:08.214+0600][36.963s][info][gc,heap        ] GC(89) Eden regions: 32->0(144)
[2026-04-03T01:35:08.214+0600][36.963s][info][gc,heap        ] GC(89) Survivor regions: 6->6(18)
[2026-04-03T01:35:08.214+0600][36.963s][info][gc,heap        ] GC(89) Old regions: 42->43
[2026-04-03T01:35:08.214+0600][36.963s][info][gc,heap        ] GC(89) Humongous regions: 163->9
[2026-04-03T01:35:08.214+0600][36.963s][info][gc,metaspace   ] GC(89) Metaspace: 131062K(132608K)->131062K(132608K) NonClass: 114383K(115136K)->114383K(115136K) Class: 16678K(17472K)->16678K(17472K)
[2026-04-03T01:35:08.214+0600][36.963s][info][gc             ] GC(89) Pause Young (Prepare Mixed) (G1 Evacuation Pause) 482M->112M(500M) 7.173ms
[2026-04-03T01:35:08.214+0600][36.963s][info][gc,cpu         ] GC(89) User=0.05s Sys=0.01s Real=0.01s
[2026-04-03T01:35:08.333+0600][37.082s][info][gc,start       ] GC(90) Pause Young (Mixed) (G1 Evacuation Pause)
[2026-04-03T01:35:08.333+0600][37.082s][info][gc,task        ] GC(90) Using 10 workers of 10 for evacuation
[2026-04-03T01:35:08.339+0600][37.088s][info][gc,phases      ] GC(90)   Pre Evacuate Collection Set: 0.55ms
[2026-04-03T01:35:08.340+0600][37.088s][info][gc,phases      ] GC(90)   Merge Heap Roots: 0.17ms
[2026-04-03T01:35:08.340+0600][37.088s][info][gc,phases      ] GC(90)   Evacuate Collection Set: 4.52ms
[2026-04-03T01:35:08.340+0600][37.088s][info][gc,phases      ] GC(90)   Post Evacuate Collection Set: 0.71ms
[2026-04-03T01:35:08.340+0600][37.088s][info][gc,phases      ] GC(90)   Other: 0.11ms
[2026-04-03T01:35:08.340+0600][37.088s][info][gc,heap        ] GC(90) Eden regions: 30->0(160)
[2026-04-03T01:35:08.340+0600][37.088s][info][gc,heap        ] GC(90) Survivor regions: 6->5(20)
[2026-04-03T01:35:08.340+0600][37.088s][info][gc,heap        ] GC(90) Old regions: 43->44
[2026-04-03T01:35:08.340+0600][37.088s][info][gc,heap        ] GC(90) Humongous regions: 189->9
[2026-04-03T01:35:08.340+0600][37.088s][info][gc,metaspace   ] GC(90) Metaspace: 131071K(132608K)->131071K(132608K) NonClass: 114391K(115136K)->114391K(115136K) Class: 16679K(17472K)->16679K(17472K)
[2026-04-03T01:35:08.340+0600][37.088s][info][gc             ] GC(90) Pause Young (Mixed) (G1 Evacuation Pause) 532M->112M(550M) 6.390ms
[2026-04-03T01:35:08.340+0600][37.088s][info][gc,cpu         ] GC(90) User=0.04s Sys=0.01s Real=0.01s
[2026-04-03T01:35:08.341+0600][37.089s][info][gc,start       ] GC(91) Pause Young (Concurrent Start) (G1 Humongous Allocation)
[2026-04-03T01:35:08.341+0600][37.089s][info][gc,task        ] GC(91) Using 10 workers of 10 for evacuation
[2026-04-03T01:35:08.344+0600][37.093s][info][gc,phases      ] GC(91)   Pre Evacuate Collection Set: 0.29ms
[2026-04-03T01:35:08.344+0600][37.093s][info][gc,phases      ] GC(91)   Merge Heap Roots: 0.09ms
[2026-04-03T01:35:08.344+0600][37.093s][info][gc,phases      ] GC(91)   Evacuate Collection Set: 2.41ms
[2026-04-03T01:35:08.344+0600][37.093s][info][gc,phases      ] GC(91)   Post Evacuate Collection Set: 0.48ms
[2026-04-03T01:35:08.344+0600][37.093s][info][gc,phases      ] GC(91)   Other: 0.11ms
[2026-04-03T01:35:08.344+0600][37.093s][info][gc,heap        ] GC(91) Eden regions: 2->0(160)
[2026-04-03T01:35:08.344+0600][37.093s][info][gc,heap        ] GC(91) Survivor regions: 5->5(21)
[2026-04-03T01:35:08.344+0600][37.093s][info][gc,heap        ] GC(91) Old regions: 44->44
[2026-04-03T01:35:08.344+0600][37.093s][info][gc,heap        ] GC(91) Humongous regions: 12->6
[2026-04-03T01:35:08.344+0600][37.093s][info][gc,metaspace   ] GC(91) Metaspace: 131071K(132608K)->131071K(132608K) NonClass: 114391K(115136K)->114391K(115136K) Class: 16679K(17472K)->16679K(17472K)
[2026-04-03T01:35:08.344+0600][37.093s][info][gc             ] GC(91) Pause Young (Concurrent Start) (G1 Humongous Allocation) 121M->106M(550M) 3.650ms
[2026-04-03T01:35:08.344+0600][37.093s][info][gc             ] GC(92) Concurrent Mark Cycle
[2026-04-03T01:35:08.344+0600][37.093s][info][gc,marking     ] GC(92) Concurrent Scan Root Regions
[2026-04-03T01:35:08.344+0600][37.093s][info][gc,cpu         ] GC(91) User=0.03s Sys=0.00s Real=0.00s
[2026-04-03T01:35:08.350+0600][37.098s][info][gc,marking     ] GC(92) Concurrent Scan Root Regions 5.144ms
[2026-04-03T01:35:08.350+0600][37.098s][info][gc,marking     ] GC(92) Concurrent Mark
[2026-04-03T01:35:08.350+0600][37.098s][info][gc,marking     ] GC(92) Concurrent Mark From Roots
[2026-04-03T01:35:08.350+0600][37.098s][info][gc,task        ] GC(92) Using 2 workers of 2 for marking
[2026-04-03T01:35:08.466+0600][37.215s][info][gc,marking     ] GC(92) Concurrent Mark From Roots 116.278ms
[2026-04-03T01:35:08.466+0600][37.215s][info][gc,marking     ] GC(92) Concurrent Preclean
[2026-04-03T01:35:08.467+0600][37.215s][info][gc,marking     ] GC(92) Concurrent Preclean 0.808ms
[2026-04-03T01:35:08.467+0600][37.216s][info][gc,start       ] GC(92) Pause Remark
[2026-04-03T01:35:08.476+0600][37.224s][info][gc             ] GC(92) Pause Remark 370M->370M(550M) 8.262ms
[2026-04-03T01:35:08.476+0600][37.224s][info][gc,cpu         ] GC(92) User=0.06s Sys=0.00s Real=0.01s
[2026-04-03T01:35:08.476+0600][37.225s][info][gc,marking     ] GC(92) Concurrent Mark 126.300ms
[2026-04-03T01:35:08.476+0600][37.225s][info][gc,marking     ] GC(92) Concurrent Rebuild Remembered Sets and Scrub Regions
[2026-04-03T01:35:08.536+0600][37.284s][info][gc,marking     ] GC(92) Concurrent Rebuild Remembered Sets and Scrub Regions 59.393ms
[2026-04-03T01:35:08.537+0600][37.285s][info][gc,start       ] GC(92) Pause Cleanup
[2026-04-03T01:35:08.537+0600][37.286s][info][gc             ] GC(92) Pause Cleanup 420M->420M(550M) 0.366ms
[2026-04-03T01:35:08.537+0600][37.286s][info][gc,cpu         ] GC(92) User=0.00s Sys=0.00s Real=0.00s
[2026-04-03T01:35:08.537+0600][37.286s][info][gc,marking     ] GC(92) Concurrent Clear Claimed Marks
[2026-04-03T01:35:08.538+0600][37.286s][info][gc,marking     ] GC(92) Concurrent Clear Claimed Marks 0.346ms
[2026-04-03T01:35:08.538+0600][37.286s][info][gc,marking     ] GC(92) Concurrent Cleanup for Next Mark
[2026-04-03T01:35:08.540+0600][37.288s][info][gc,marking     ] GC(92) Concurrent Cleanup for Next Mark 2.100ms
[2026-04-03T01:35:08.540+0600][37.288s][info][gc             ] GC(92) Concurrent Mark Cycle 195.506ms
[2026-04-03T01:35:08.753+0600][37.501s][info][gc,start       ] GC(93) Pause Young (Prepare Mixed) (G1 Evacuation Pause)
[2026-04-03T01:35:08.753+0600][37.501s][info][gc,task        ] GC(93) Using 10 workers of 10 for evacuation
[2026-04-03T01:35:08.757+0600][37.506s][info][gc,phases      ] GC(93)   Pre Evacuate Collection Set: 0.51ms
[2026-04-03T01:35:08.757+0600][37.506s][info][gc,phases      ] GC(93)   Merge Heap Roots: 0.17ms
[2026-04-03T01:35:08.757+0600][37.506s][info][gc,phases      ] GC(93)   Evacuate Collection Set: 3.17ms
[2026-04-03T01:35:08.757+0600][37.506s][info][gc,phases      ] GC(93)   Post Evacuate Collection Set: 0.59ms
[2026-04-03T01:35:08.757+0600][37.506s][info][gc,phases      ] GC(93)   Other: 0.08ms
[2026-04-03T01:35:08.757+0600][37.506s][info][gc,heap        ] GC(93) Eden regions: 85->0(163)
[2026-04-03T01:35:08.757+0600][37.506s][info][gc,heap        ] GC(93) Survivor regions: 5->4(21)
[2026-04-03T01:35:08.757+0600][37.506s][info][gc,heap        ] GC(93) Old regions: 44->44
[2026-04-03T01:35:08.757+0600][37.506s][info][gc,heap        ] GC(93) Humongous regions: 141->3
[2026-04-03T01:35:08.757+0600][37.506s][info][gc,metaspace   ] GC(93) Metaspace: 131111K(132672K)->131111K(132672K) NonClass: 114431K(115200K)->114431K(115200K) Class: 16680K(17472K)->16680K(17472K)
[2026-04-03T01:35:08.757+0600][37.506s][info][gc             ] GC(93) Pause Young (Prepare Mixed) (G1 Evacuation Pause) 546M->99M(558M) 4.754ms
[2026-04-03T01:35:08.757+0600][37.506s][info][gc,cpu         ] GC(93) User=0.03s Sys=0.01s Real=0.00s
[2026-04-03T01:35:09.232+0600][37.980s][info][gc,start       ] GC(94) Pause Young (Mixed) (GCLocker Initiated GC)
[2026-04-03T01:35:09.232+0600][37.980s][info][gc,task        ] GC(94) Using 10 workers of 10 for evacuation
[2026-04-03T01:35:09.240+0600][37.989s][info][gc,phases      ] GC(94)   Pre Evacuate Collection Set: 0.36ms
[2026-04-03T01:35:09.240+0600][37.989s][info][gc,phases      ] GC(94)   Merge Heap Roots: 0.27ms
[2026-04-03T01:35:09.241+0600][37.989s][info][gc,phases      ] GC(94)   Evacuate Collection Set: 6.79ms
[2026-04-03T01:35:09.241+0600][37.989s][info][gc,phases      ] GC(94)   Post Evacuate Collection Set: 0.97ms
[2026-04-03T01:35:09.241+0600][37.989s][info][gc,phases      ] GC(94)   Other: 0.13ms
[2026-04-03T01:35:09.241+0600][37.989s][info][gc,heap        ] GC(94) Eden regions: 147->0(165)
[2026-04-03T01:35:09.241+0600][37.989s][info][gc,heap        ] GC(94) Survivor regions: 4->6(21)
[2026-04-03T01:35:09.241+0600][37.989s][info][gc,heap        ] GC(94) Old regions: 44->44
[2026-04-03T01:35:09.241+0600][37.989s][info][gc,heap        ] GC(94) Humongous regions: 84->3
[2026-04-03T01:35:09.241+0600][37.989s][info][gc,metaspace   ] GC(94) Metaspace: 131142K(132672K)->131142K(132672K) NonClass: 114461K(115200K)->114461K(115200K) Class: 16680K(17472K)->16680K(17472K)
[2026-04-03T01:35:09.241+0600][37.989s][info][gc             ] GC(94) Pause Young (Mixed) (GCLocker Initiated GC) 555M->101M(572M) 8.940ms
[2026-04-03T01:35:09.241+0600][37.989s][info][gc,cpu         ] GC(94) User=0.06s Sys=0.02s Real=0.01s
[2026-04-03T01:35:09.244+0600][37.993s][info][gc,start       ] GC(95) Pause Young (Concurrent Start) (G1 Humongous Allocation)
[2026-04-03T01:35:09.244+0600][37.993s][info][gc,task        ] GC(95) Using 10 workers of 10 for evacuation
[2026-04-03T01:35:09.249+0600][37.998s][info][gc,phases      ] GC(95)   Pre Evacuate Collection Set: 0.38ms
[2026-04-03T01:35:09.249+0600][37.998s][info][gc,phases      ] GC(95)   Merge Heap Roots: 0.14ms
[2026-04-03T01:35:09.249+0600][37.998s][info][gc,phases      ] GC(95)   Evacuate Collection Set: 3.77ms
[2026-04-03T01:35:09.250+0600][37.998s][info][gc,phases      ] GC(95)   Post Evacuate Collection Set: 0.51ms
[2026-04-03T01:35:09.250+0600][37.998s][info][gc,phases      ] GC(95)   Other: 0.16ms
[2026-04-03T01:35:09.250+0600][37.998s][info][gc,heap        ] GC(95) Eden regions: 3->0(166)
[2026-04-03T01:35:09.250+0600][37.998s][info][gc,heap        ] GC(95) Survivor regions: 6->5(22)
[2026-04-03T01:35:09.250+0600][37.998s][info][gc,heap        ] GC(95) Old regions: 44->44
[2026-04-03T01:35:09.250+0600][37.998s][info][gc,heap        ] GC(95) Humongous regions: 3->3
[2026-04-03T01:35:09.250+0600][37.998s][info][gc,metaspace   ] GC(95) Metaspace: 131142K(132672K)->131142K(132672K) NonClass: 114461K(115200K)->114461K(115200K) Class: 16680K(17472K)->16680K(17472K)
[2026-04-03T01:35:09.250+0600][37.998s][info][gc             ] GC(95) Pause Young (Concurrent Start) (G1 Humongous Allocation) 107M->101M(572M) 5.297ms
[2026-04-03T01:35:09.250+0600][37.998s][info][gc             ] GC(96) Concurrent Mark Cycle
[2026-04-03T01:35:09.250+0600][37.998s][info][gc,cpu         ] GC(95) User=0.04s Sys=0.00s Real=0.01s
[2026-04-03T01:35:09.250+0600][37.998s][info][gc,marking     ] GC(96) Concurrent Scan Root Regions
[2026-04-03T01:35:09.256+0600][38.005s][info][gc,marking     ] GC(96) Concurrent Scan Root Regions 6.270ms
[2026-04-03T01:35:09.256+0600][38.005s][info][gc,marking     ] GC(96) Concurrent Mark
[2026-04-03T01:35:09.256+0600][38.005s][info][gc,marking     ] GC(96) Concurrent Mark From Roots
[2026-04-03T01:35:09.256+0600][38.005s][info][gc,task        ] GC(96) Using 2 workers of 2 for marking
[2026-04-03T01:35:09.395+0600][38.144s][info][gc,marking     ] GC(96) Concurrent Mark From Roots 139.198ms
[2026-04-03T01:35:09.395+0600][38.144s][info][gc,marking     ] GC(96) Concurrent Preclean
[2026-04-03T01:35:09.396+0600][38.145s][info][gc,marking     ] GC(96) Concurrent Preclean 0.623ms
[2026-04-03T01:35:09.396+0600][38.145s][info][gc,start       ] GC(96) Pause Remark
[2026-04-03T01:35:09.405+0600][38.154s][info][gc             ] GC(96) Pause Remark 266M->266M(572M) 8.740ms
[2026-04-03T01:35:09.405+0600][38.154s][info][gc,cpu         ] GC(96) User=0.07s Sys=0.00s Real=0.01s
[2026-04-03T01:35:09.406+0600][38.154s][info][gc,marking     ] GC(96) Concurrent Mark 149.466ms
[2026-04-03T01:35:09.406+0600][38.154s][info][gc,marking     ] GC(96) Concurrent Rebuild Remembered Sets and Scrub Regions
[2026-04-03T01:35:09.461+0600][38.209s][info][gc,marking     ] GC(96) Concurrent Rebuild Remembered Sets and Scrub Regions 54.853ms
[2026-04-03T01:35:09.461+0600][38.209s][info][gc,start       ] GC(96) Pause Cleanup
[2026-04-03T01:35:09.461+0600][38.210s][info][gc             ] GC(96) Pause Cleanup 317M->317M(572M) 0.311ms
[2026-04-03T01:35:09.461+0600][38.210s][info][gc,cpu         ] GC(96) User=0.00s Sys=0.00s Real=0.00s
[2026-04-03T01:35:09.462+0600][38.210s][info][gc,marking     ] GC(96) Concurrent Clear Claimed Marks
[2026-04-03T01:35:09.462+0600][38.210s][info][gc,marking     ] GC(96) Concurrent Clear Claimed Marks 0.370ms
[2026-04-03T01:35:09.462+0600][38.210s][info][gc,marking     ] GC(96) Concurrent Cleanup for Next Mark
[2026-04-03T01:35:09.463+0600][38.212s][info][gc,marking     ] GC(96) Concurrent Cleanup for Next Mark 1.087ms
[2026-04-03T01:35:09.463+0600][38.212s][info][gc             ] GC(96) Concurrent Mark Cycle 213.409ms
[2026-04-03T01:35:09.672+0600][38.420s][info][gc,start       ] GC(97) Pause Young (Prepare Mixed) (G1 Evacuation Pause)
[2026-04-03T01:35:09.672+0600][38.421s][info][gc,task        ] GC(97) Using 10 workers of 10 for evacuation
[2026-04-03T01:35:09.680+0600][38.429s][info][gc,phases      ] GC(97)   Pre Evacuate Collection Set: 0.51ms
[2026-04-03T01:35:09.680+0600][38.429s][info][gc,phases      ] GC(97)   Merge Heap Roots: 0.24ms
[2026-04-03T01:35:09.680+0600][38.429s][info][gc,phases      ] GC(97)   Evacuate Collection Set: 6.41ms
[2026-04-03T01:35:09.680+0600][38.429s][info][gc,phases      ] GC(97)   Post Evacuate Collection Set: 0.77ms
[2026-04-03T01:35:09.680+0600][38.429s][info][gc,phases      ] GC(97)   Other: 0.11ms
[2026-04-03T01:35:09.680+0600][38.429s][info][gc,heap        ] GC(97) Eden regions: 128->0(171)
[2026-04-03T01:35:09.680+0600][38.429s][info][gc,heap        ] GC(97) Survivor regions: 5->5(22)
[2026-04-03T01:35:09.680+0600][38.429s][info][gc,heap        ] GC(97) Old regions: 44->44
[2026-04-03T01:35:09.680+0600][38.429s][info][gc,heap        ] GC(97) Humongous regions: 112->3
[2026-04-03T01:35:09.680+0600][38.429s][info][gc,metaspace   ] GC(97) Metaspace: 131166K(132672K)->131166K(132672K) NonClass: 114485K(115200K)->114485K(115200K) Class: 16681K(17472K)->16681K(17472K)
[2026-04-03T01:35:09.680+0600][38.429s][info][gc             ] GC(97) Pause Young (Prepare Mixed) (G1 Evacuation Pause) 575M->101M(588M) 8.332ms
[2026-04-03T01:35:09.680+0600][38.429s][info][gc,cpu         ] GC(97) User=0.05s Sys=0.01s Real=0.01s
[2026-04-03T01:35:10.328+0600][39.076s][info][gc,start       ] GC(98) Pause Young (Mixed) (G1 Evacuation Pause)
[2026-04-03T01:35:10.328+0600][39.076s][info][gc,task        ] GC(98) Using 10 workers of 10 for evacuation
[2026-04-03T01:35:10.335+0600][39.084s][info][gc,phases      ] GC(98)   Pre Evacuate Collection Set: 0.57ms
[2026-04-03T01:35:10.335+0600][39.084s][info][gc,phases      ] GC(98)   Merge Heap Roots: 0.30ms
[2026-04-03T01:35:10.335+0600][39.084s][info][gc,phases      ] GC(98)   Evacuate Collection Set: 5.68ms
[2026-04-03T01:35:10.335+0600][39.084s][info][gc,phases      ] GC(98)   Post Evacuate Collection Set: 0.75ms
[2026-04-03T01:35:10.335+0600][39.084s][info][gc,phases      ] GC(98)   Other: 0.13ms
[2026-04-03T01:35:10.335+0600][39.084s][info][gc,heap        ] GC(98) Eden regions: 162->0(175)
[2026-04-03T01:35:10.335+0600][39.084s][info][gc,heap        ] GC(98) Survivor regions: 5->4(22)
[2026-04-03T01:35:10.335+0600][39.084s][info][gc,heap        ] GC(98) Old regions: 44->43
[2026-04-03T01:35:10.335+0600][39.084s][info][gc,heap        ] GC(98) Humongous regions: 83->4
[2026-04-03T01:35:10.335+0600][39.084s][info][gc,metaspace   ] GC(98) Metaspace: 131197K(132672K)->131197K(132672K) NonClass: 114516K(115200K)->114516K(115200K) Class: 16681K(17472K)->16681K(17472K)
[2026-04-03T01:35:10.335+0600][39.084s][info][gc             ] GC(98) Pause Young (Mixed) (G1 Evacuation Pause) 585M->98M(598M) 7.733ms
[2026-04-03T01:35:10.335+0600][39.084s][info][gc,cpu         ] GC(98) User=0.05s Sys=0.01s Real=0.01s
[2026-04-03T01:35:10.342+0600][39.090s][info][gc,start       ] GC(99) Pause Young (Concurrent Start) (G1 Humongous Allocation)
[2026-04-03T01:35:10.342+0600][39.090s][info][gc,task        ] GC(99) Using 10 workers of 10 for evacuation
[2026-04-03T01:35:10.346+0600][39.095s][info][gc,phases      ] GC(99)   Pre Evacuate Collection Set: 0.48ms
[2026-04-03T01:35:10.346+0600][39.095s][info][gc,phases      ] GC(99)   Merge Heap Roots: 0.16ms
[2026-04-03T01:35:10.346+0600][39.095s][info][gc,phases      ] GC(99)   Evacuate Collection Set: 2.96ms
[2026-04-03T01:35:10.346+0600][39.095s][info][gc,phases      ] GC(99)   Post Evacuate Collection Set: 0.53ms
[2026-04-03T01:35:10.346+0600][39.095s][info][gc,phases      ] GC(99)   Other: 0.18ms
[2026-04-03T01:35:10.346+0600][39.095s][info][gc,heap        ] GC(99) Eden regions: 2->0(175)
[2026-04-03T01:35:10.346+0600][39.095s][info][gc,heap        ] GC(99) Survivor regions: 4->4(23)
[2026-04-03T01:35:10.346+0600][39.095s][info][gc,heap        ] GC(99) Old regions: 43->43
[2026-04-03T01:35:10.346+0600][39.095s][info][gc,heap        ] GC(99) Humongous regions: 4->3
[2026-04-03T01:35:10.346+0600][39.095s][info][gc,metaspace   ] GC(99) Metaspace: 131199K(132672K)->131199K(132672K) NonClass: 114517K(115200K)->114517K(115200K) Class: 16681K(17472K)->16681K(17472K)
[2026-04-03T01:35:10.346+0600][39.095s][info][gc             ] GC(99) Pause Young (Concurrent Start) (G1 Humongous Allocation) 102M->96M(598M) 4.630ms
[2026-04-03T01:35:10.346+0600][39.095s][info][gc             ] GC(100) Concurrent Mark Cycle
[2026-04-03T01:35:10.346+0600][39.095s][info][gc,marking     ] GC(100) Concurrent Scan Root Regions
[2026-04-03T01:35:10.346+0600][39.095s][info][gc,cpu         ] GC(99) User=0.04s Sys=0.00s Real=0.00s
[2026-04-03T01:35:10.350+0600][39.098s][info][gc,marking     ] GC(100) Concurrent Scan Root Regions 3.115ms
[2026-04-03T01:35:10.350+0600][39.098s][info][gc,marking     ] GC(100) Concurrent Mark
[2026-04-03T01:35:10.350+0600][39.098s][info][gc,marking     ] GC(100) Concurrent Mark From Roots
[2026-04-03T01:35:10.350+0600][39.098s][info][gc,task        ] GC(100) Using 2 workers of 2 for marking
[2026-04-03T01:35:10.484+0600][39.232s][info][gc,marking     ] GC(100) Concurrent Mark From Roots 134.022ms
[2026-04-03T01:35:10.484+0600][39.232s][info][gc,marking     ] GC(100) Concurrent Preclean
[2026-04-03T01:35:10.484+0600][39.233s][info][gc,marking     ] GC(100) Concurrent Preclean 0.642ms
[2026-04-03T01:35:10.485+0600][39.233s][info][gc,start       ] GC(100) Pause Remark
[2026-04-03T01:35:10.494+0600][39.242s][info][gc             ] GC(100) Pause Remark 262M->262M(574M) 9.109ms
[2026-04-03T01:35:10.494+0600][39.243s][info][gc,cpu         ] GC(100) User=0.07s Sys=0.00s Real=0.01s
[2026-04-03T01:35:10.494+0600][39.243s][info][gc,marking     ] GC(100) Concurrent Mark 144.791ms
[2026-04-03T01:35:10.495+0600][39.243s][info][gc,marking     ] GC(100) Concurrent Rebuild Remembered Sets and Scrub Regions
[2026-04-03T01:35:10.549+0600][39.298s][info][gc,marking     ] GC(100) Concurrent Rebuild Remembered Sets and Scrub Regions 54.708ms
[2026-04-03T01:35:10.550+0600][39.298s][info][gc,start       ] GC(100) Pause Cleanup
[2026-04-03T01:35:10.550+0600][39.298s][info][gc             ] GC(100) Pause Cleanup 333M->333M(574M) 0.291ms
[2026-04-03T01:35:10.550+0600][39.299s][info][gc,cpu         ] GC(100) User=0.00s Sys=0.00s Real=0.00s
[2026-04-03T01:35:10.550+0600][39.299s][info][gc,marking     ] GC(100) Concurrent Clear Claimed Marks
[2026-04-03T01:35:10.551+0600][39.299s][info][gc,marking     ] GC(100) Concurrent Clear Claimed Marks 0.337ms
[2026-04-03T01:35:10.551+0600][39.299s][info][gc,marking     ] GC(100) Concurrent Cleanup for Next Mark
[2026-04-03T01:35:10.552+0600][39.300s][info][gc,marking     ] GC(100) Concurrent Cleanup for Next Mark 1.074ms
[2026-04-03T01:35:10.552+0600][39.300s][info][gc             ] GC(100) Concurrent Mark Cycle 205.328ms
[2026-04-03T01:35:10.712+0600][39.460s][info][gc,start       ] GC(101) Pause Young (Prepare Mixed) (G1 Evacuation Pause)
[2026-04-03T01:35:10.712+0600][39.460s][info][gc,task        ] GC(101) Using 10 workers of 10 for evacuation
[2026-04-03T01:35:10.717+0600][39.466s][info][gc,phases      ] GC(101)   Pre Evacuate Collection Set: 0.31ms
[2026-04-03T01:35:10.717+0600][39.466s][info][gc,phases      ] GC(101)   Merge Heap Roots: 0.19ms
[2026-04-03T01:35:10.717+0600][39.466s][info][gc,phases      ] GC(101)   Evacuate Collection Set: 4.08ms
[2026-04-03T01:35:10.717+0600][39.466s][info][gc,phases      ] GC(101)   Post Evacuate Collection Set: 0.74ms
[2026-04-03T01:35:10.717+0600][39.466s][info][gc,phases      ] GC(101)   Other: 0.11ms
[2026-04-03T01:35:10.717+0600][39.466s][info][gc,heap        ] GC(101) Eden regions: 131->0(173)
[2026-04-03T01:35:10.717+0600][39.466s][info][gc,heap        ] GC(101) Survivor regions: 4->4(22)
[2026-04-03T01:35:10.717+0600][39.466s][info][gc,heap        ] GC(101) Old regions: 43->44
[2026-04-03T01:35:10.717+0600][39.466s][info][gc,heap        ] GC(101) Humongous regions: 112->4
[2026-04-03T01:35:10.717+0600][39.466s][info][gc,metaspace   ] GC(101) Metaspace: 131217K(132736K)->131217K(132736K) NonClass: 114536K(115264K)->114536K(115264K) Class: 16681K(17472K)->16681K(17472K)
[2026-04-03T01:35:10.717+0600][39.466s][info][gc             ] GC(101) Pause Young (Prepare Mixed) (G1 Evacuation Pause) 576M->99M(590M) 5.747ms
[2026-04-03T01:35:10.717+0600][39.466s][info][gc,cpu         ] GC(101) User=0.04s Sys=0.01s Real=0.00s
[2026-04-03T01:35:11.114+0600][39.863s][info][gc,start       ] GC(102) Pause Young (Mixed) (G1 Evacuation Pause)
[2026-04-03T01:35:11.114+0600][39.863s][info][gc,task        ] GC(102) Using 10 workers of 10 for evacuation
[2026-04-03T01:35:11.121+0600][39.870s][info][gc,phases      ] GC(102)   Pre Evacuate Collection Set: 0.40ms
[2026-04-03T01:35:11.121+0600][39.870s][info][gc,phases      ] GC(102)   Merge Heap Roots: 0.24ms
[2026-04-03T01:35:11.121+0600][39.870s][info][gc,phases      ] GC(102)   Evacuate Collection Set: 4.55ms
[2026-04-03T01:35:11.121+0600][39.870s][info][gc,phases      ] GC(102)   Post Evacuate Collection Set: 1.68ms
[2026-04-03T01:35:11.121+0600][39.870s][info][gc,phases      ] GC(102)   Other: 0.11ms
[2026-04-03T01:35:11.121+0600][39.870s][info][gc,heap        ] GC(102) Eden regions: 140->0(246)
[2026-04-03T01:35:11.121+0600][39.870s][info][gc,heap        ] GC(102) Survivor regions: 4->5(23)
[2026-04-03T01:35:11.121+0600][39.870s][info][gc,heap        ] GC(102) Old regions: 44->43
[2026-04-03T01:35:11.121+0600][39.870s][info][gc,heap        ] GC(102) Humongous regions: 108->3
[2026-04-03T01:35:11.121+0600][39.870s][info][gc,metaspace   ] GC(102) Metaspace: 131234K(132736K)->131234K(132736K) NonClass: 114553K(115264K)->114553K(115264K) Class: 16681K(17472K)->16681K(17472K)
[2026-04-03T01:35:11.121+0600][39.870s][info][gc             ] GC(102) Pause Young (Mixed) (G1 Evacuation Pause) 587M->97M(838M) 7.258ms
[2026-04-03T01:35:11.121+0600][39.870s][info][gc,cpu         ] GC(102) User=0.04s Sys=0.01s Real=0.01s
[2026-04-03T01:35:11.142+0600][39.890s][info][gc,start       ] GC(103) Pause Young (Concurrent Start) (G1 Humongous Allocation)
[2026-04-03T01:35:11.142+0600][39.891s][info][gc,task        ] GC(103) Using 10 workers of 10 for evacuation
[2026-04-03T01:35:11.146+0600][39.894s][info][gc,phases      ] GC(103)   Pre Evacuate Collection Set: 0.55ms
[2026-04-03T01:35:11.146+0600][39.894s][info][gc,phases      ] GC(103)   Merge Heap Roots: 0.14ms
[2026-04-03T01:35:11.146+0600][39.894s][info][gc,phases      ] GC(103)   Evacuate Collection Set: 2.21ms
[2026-04-03T01:35:11.146+0600][39.894s][info][gc,phases      ] GC(103)   Post Evacuate Collection Set: 0.44ms
[2026-04-03T01:35:11.146+0600][39.894s][info][gc,phases      ] GC(103)   Other: 0.16ms
[2026-04-03T01:35:11.146+0600][39.894s][info][gc,heap        ] GC(103) Eden regions: 4->0(247)
[2026-04-03T01:35:11.146+0600][39.894s][info][gc,heap        ] GC(103) Survivor regions: 5->4(32)
[2026-04-03T01:35:11.146+0600][39.894s][info][gc,heap        ] GC(103) Old regions: 43->43
[2026-04-03T01:35:11.146+0600][39.894s][info][gc,heap        ] GC(103) Humongous regions: 3->3
[2026-04-03T01:35:11.146+0600][39.894s][info][gc,metaspace   ] GC(103) Metaspace: 131236K(132736K)->131236K(132736K) NonClass: 114555K(115264K)->114555K(115264K) Class: 16681K(17472K)->16681K(17472K)
[2026-04-03T01:35:11.146+0600][39.894s][info][gc             ] GC(103) Pause Young (Concurrent Start) (G1 Humongous Allocation) 105M->96M(838M) 3.806ms
[2026-04-03T01:35:11.146+0600][39.894s][info][gc             ] GC(104) Concurrent Mark Cycle
[2026-04-03T01:35:11.146+0600][39.894s][info][gc,cpu         ] GC(103) User=0.02s Sys=0.00s Real=0.00s
[2026-04-03T01:35:11.146+0600][39.894s][info][gc,marking     ] GC(104) Concurrent Scan Root Regions
[2026-04-03T01:35:11.149+0600][39.897s][info][gc,marking     ] GC(104) Concurrent Scan Root Regions 2.945ms
[2026-04-03T01:35:11.149+0600][39.897s][info][gc,marking     ] GC(104) Concurrent Mark
[2026-04-03T01:35:11.149+0600][39.897s][info][gc,marking     ] GC(104) Concurrent Mark From Roots
[2026-04-03T01:35:11.149+0600][39.897s][info][gc,task        ] GC(104) Using 2 workers of 2 for marking
[2026-04-03T01:35:11.245+0600][39.993s][info][gc,marking     ] GC(104) Concurrent Mark From Roots 95.924ms
[2026-04-03T01:35:11.245+0600][39.993s][info][gc,marking     ] GC(104) Concurrent Preclean
[2026-04-03T01:35:11.246+0600][39.994s][info][gc,marking     ] GC(104) Concurrent Preclean 0.547ms
[2026-04-03T01:35:11.246+0600][39.994s][info][gc,start       ] GC(104) Pause Remark
[2026-04-03T01:35:11.256+0600][40.004s][info][gc             ] GC(104) Pause Remark 157M->157M(434M) 9.795ms
[2026-04-03T01:35:11.256+0600][40.004s][info][gc,cpu         ] GC(104) User=0.09s Sys=0.00s Real=0.01s
[2026-04-03T01:35:11.256+0600][40.005s][info][gc,marking     ] GC(104) Concurrent Mark 107.228ms
[2026-04-03T01:35:11.256+0600][40.005s][info][gc,marking     ] GC(104) Concurrent Rebuild Remembered Sets and Scrub Regions
[2026-04-03T01:35:11.316+0600][40.064s][info][gc,marking     ] GC(104) Concurrent Rebuild Remembered Sets and Scrub Regions 59.422ms
[2026-04-03T01:35:11.316+0600][40.065s][info][gc,start       ] GC(104) Pause Cleanup
[2026-04-03T01:35:11.316+0600][40.065s][info][gc             ] GC(104) Pause Cleanup 198M->198M(434M) 0.260ms
[2026-04-03T01:35:11.316+0600][40.065s][info][gc,cpu         ] GC(104) User=0.00s Sys=0.00s Real=0.00s
[2026-04-03T01:35:11.317+0600][40.065s][info][gc,marking     ] GC(104) Concurrent Clear Claimed Marks
[2026-04-03T01:35:11.317+0600][40.065s][info][gc,marking     ] GC(104) Concurrent Clear Claimed Marks 0.398ms
[2026-04-03T01:35:11.317+0600][40.065s][info][gc,marking     ] GC(104) Concurrent Cleanup for Next Mark
[2026-04-03T01:35:11.318+0600][40.067s][info][gc,marking     ] GC(104) Concurrent Cleanup for Next Mark 1.129ms
[2026-04-03T01:35:11.318+0600][40.067s][info][gc             ] GC(104) Concurrent Mark Cycle 172.291ms
[2026-04-03T01:35:11.541+0600][40.289s][info][gc,start       ] GC(105) Pause Young (Prepare Mixed) (G1 Evacuation Pause)
[2026-04-03T01:35:11.541+0600][40.289s][info][gc,task        ] GC(105) Using 10 workers of 10 for evacuation
[2026-04-03T01:35:11.549+0600][40.297s][info][gc,phases      ] GC(105)   Pre Evacuate Collection Set: 0.42ms
[2026-04-03T01:35:11.549+0600][40.297s][info][gc,phases      ] GC(105)   Merge Heap Roots: 0.27ms
[2026-04-03T01:35:11.549+0600][40.297s][info][gc,phases      ] GC(105)   Evacuate Collection Set: 6.27ms
[2026-04-03T01:35:11.549+0600][40.297s][info][gc,phases      ] GC(105)   Post Evacuate Collection Set: 0.70ms
[2026-04-03T01:35:11.549+0600][40.297s][info][gc,phases      ] GC(105)   Other: 0.13ms
[2026-04-03T01:35:11.549+0600][40.297s][info][gc,heap        ] GC(105) Eden regions: 120->0(128)
[2026-04-03T01:35:11.549+0600][40.297s][info][gc,heap        ] GC(105) Survivor regions: 4->6(17)
[2026-04-03T01:35:11.549+0600][40.297s][info][gc,heap        ] GC(105) Old regions: 43->44
[2026-04-03T01:35:11.549+0600][40.297s][info][gc,heap        ] GC(105) Humongous regions: 50->3
[2026-04-03T01:35:11.549+0600][40.297s][info][gc,metaspace   ] GC(105) Metaspace: 131277K(132800K)->131277K(132800K) NonClass: 114595K(115328K)->114595K(115328K) Class: 16681K(17472K)->16681K(17472K)
[2026-04-03T01:35:11.549+0600][40.297s][info][gc             ] GC(105) Pause Young (Prepare Mixed) (G1 Evacuation Pause) 430M->100M(448M) 8.167ms
[2026-04-03T01:35:11.549+0600][40.297s][info][gc,cpu         ] GC(105) User=0.04s Sys=0.02s Real=0.00s
[2026-04-03T01:35:11.684+0600][40.432s][info][gc,start       ] GC(106) Pause Young (Mixed) (G1 Evacuation Pause)
[2026-04-03T01:35:11.684+0600][40.433s][info][gc,task        ] GC(106) Using 10 workers of 10 for evacuation
[2026-04-03T01:35:11.690+0600][40.439s][info][gc,phases      ] GC(106)   Pre Evacuate Collection Set: 0.30ms
[2026-04-03T01:35:11.690+0600][40.439s][info][gc,phases      ] GC(106)   Merge Heap Roots: 0.14ms
[2026-04-03T01:35:11.690+0600][40.439s][info][gc,phases      ] GC(106)   Evacuate Collection Set: 4.87ms
[2026-04-03T01:35:11.690+0600][40.439s][info][gc,phases      ] GC(106)   Post Evacuate Collection Set: 0.69ms
[2026-04-03T01:35:11.690+0600][40.439s][info][gc,phases      ] GC(106)   Other: 0.08ms
[2026-04-03T01:35:11.690+0600][40.439s][info][gc,heap        ] GC(106) Eden regions: 37->0(147)
[2026-04-03T01:35:11.690+0600][40.439s][info][gc,heap        ] GC(106) Survivor regions: 6->5(17)
[2026-04-03T01:35:11.690+0600][40.439s][info][gc,heap        ] GC(106) Old regions: 44->43
[2026-04-03T01:35:11.690+0600][40.439s][info][gc,heap        ] GC(106) Humongous regions: 161->12
[2026-04-03T01:35:11.690+0600][40.439s][info][gc,metaspace   ] GC(106) Metaspace: 131280K(132800K)->131280K(132800K) NonClass: 114598K(115328K)->114598K(115328K) Class: 16681K(17472K)->16681K(17472K)
[2026-04-03T01:35:11.690+0600][40.439s][info][gc             ] GC(106) Pause Young (Mixed) (G1 Evacuation Pause) 490M->118M(508M) 6.371ms
[2026-04-03T01:35:11.690+0600][40.439s][info][gc,cpu         ] GC(106) User=0.04s Sys=0.01s Real=0.01s
[2026-04-03T01:35:11.691+0600][40.440s][info][gc,start       ] GC(107) Pause Young (Concurrent Start) (G1 Humongous Allocation)
[2026-04-03T01:35:11.691+0600][40.440s][info][gc,task        ] GC(107) Using 10 workers of 10 for evacuation
[2026-04-03T01:35:11.695+0600][40.443s][info][gc,phases      ] GC(107)   Pre Evacuate Collection Set: 0.24ms
[2026-04-03T01:35:11.695+0600][40.443s][info][gc,phases      ] GC(107)   Merge Heap Roots: 0.08ms
[2026-04-03T01:35:11.695+0600][40.443s][info][gc,phases      ] GC(107)   Evacuate Collection Set: 2.53ms
[2026-04-03T01:35:11.695+0600][40.443s][info][gc,phases      ] GC(107)   Post Evacuate Collection Set: 0.47ms
[2026-04-03T01:35:11.695+0600][40.443s][info][gc,phases      ] GC(107)   Other: 0.09ms
[2026-04-03T01:35:11.695+0600][40.443s][info][gc,heap        ] GC(107) Eden regions: 2->0(147)
[2026-04-03T01:35:11.695+0600][40.443s][info][gc,heap        ] GC(107) Survivor regions: 5->5(19)
[2026-04-03T01:35:11.695+0600][40.443s][info][gc,heap        ] GC(107) Old regions: 43->43
[2026-04-03T01:35:11.695+0600][40.443s][info][gc,heap        ] GC(107) Humongous regions: 12->3
[2026-04-03T01:35:11.695+0600][40.443s][info][gc,metaspace   ] GC(107) Metaspace: 131280K(132800K)->131280K(132800K) NonClass: 114598K(115328K)->114598K(115328K) Class: 16681K(17472K)->16681K(17472K)
[2026-04-03T01:35:11.695+0600][40.443s][info][gc             ] GC(107) Pause Young (Concurrent Start) (G1 Humongous Allocation) 120M->100M(508M) 3.685ms
[2026-04-03T01:35:11.695+0600][40.443s][info][gc             ] GC(108) Concurrent Mark Cycle
[2026-04-03T01:35:11.695+0600][40.443s][info][gc,marking     ] GC(108) Concurrent Scan Root Regions
[2026-04-03T01:35:11.695+0600][40.443s][info][gc,cpu         ] GC(107) User=0.03s Sys=0.00s Real=0.00s
[2026-04-03T01:35:11.699+0600][40.447s][info][gc,marking     ] GC(108) Concurrent Scan Root Regions 3.822ms
[2026-04-03T01:35:11.699+0600][40.447s][info][gc,marking     ] GC(108) Concurrent Mark
[2026-04-03T01:35:11.699+0600][40.447s][info][gc,marking     ] GC(108) Concurrent Mark From Roots
[2026-04-03T01:35:11.699+0600][40.447s][info][gc,task        ] GC(108) Using 2 workers of 2 for marking
[2026-04-03T01:35:11.806+0600][40.554s][info][gc,marking     ] GC(108) Concurrent Mark From Roots 106.665ms
[2026-04-03T01:35:11.806+0600][40.554s][info][gc,marking     ] GC(108) Concurrent Preclean
[2026-04-03T01:35:11.806+0600][40.555s][info][gc,marking     ] GC(108) Concurrent Preclean 0.626ms
[2026-04-03T01:35:11.810+0600][40.558s][info][gc,start       ] GC(108) Pause Remark
[2026-04-03T01:35:11.818+0600][40.567s][info][gc             ] GC(108) Pause Remark 549M->549M(820M) 8.643ms
[2026-04-03T01:35:11.818+0600][40.567s][info][gc,cpu         ] GC(108) User=0.06s Sys=0.00s Real=0.01s
[2026-04-03T01:35:11.819+0600][40.567s][info][gc,marking     ] GC(108) Concurrent Mark 119.776ms
[2026-04-03T01:35:11.819+0600][40.567s][info][gc,marking     ] GC(108) Concurrent Rebuild Remembered Sets and Scrub Regions
[2026-04-03T01:35:11.871+0600][40.620s][info][gc,marking     ] GC(108) Concurrent Rebuild Remembered Sets and Scrub Regions 52.309ms
[2026-04-03T01:35:11.871+0600][40.620s][info][gc,start       ] GC(108) Pause Cleanup
[2026-04-03T01:35:11.872+0600][40.620s][info][gc             ] GC(108) Pause Cleanup 709M->709M(820M) 0.311ms
[2026-04-03T01:35:11.872+0600][40.620s][info][gc,cpu         ] GC(108) User=0.00s Sys=0.00s Real=0.00s
[2026-04-03T01:35:11.872+0600][40.621s][info][gc,marking     ] GC(108) Concurrent Clear Claimed Marks
[2026-04-03T01:35:11.872+0600][40.621s][info][gc,marking     ] GC(108) Concurrent Clear Claimed Marks 0.335ms
[2026-04-03T01:35:11.872+0600][40.621s][info][gc,marking     ] GC(108) Concurrent Cleanup for Next Mark
[2026-04-03T01:35:11.876+0600][40.624s][info][gc,marking     ] GC(108) Concurrent Cleanup for Next Mark 3.506ms
[2026-04-03T01:35:11.876+0600][40.624s][info][gc             ] GC(108) Concurrent Mark Cycle 181.099ms
[2026-04-03T01:35:11.972+0600][40.721s][info][gc,start       ] GC(109) Pause Young (Prepare Mixed) (G1 Evacuation Pause)
[2026-04-03T01:35:11.973+0600][40.721s][info][gc,task        ] GC(109) Using 10 workers of 10 for evacuation
[2026-04-03T01:35:11.978+0600][40.727s][info][gc,phases      ] GC(109)   Pre Evacuate Collection Set: 0.52ms
[2026-04-03T01:35:11.978+0600][40.727s][info][gc,phases      ] GC(109)   Merge Heap Roots: 0.23ms
[2026-04-03T01:35:11.978+0600][40.727s][info][gc,phases      ] GC(109)   Evacuate Collection Set: 4.13ms
[2026-04-03T01:35:11.978+0600][40.727s][info][gc,phases      ] GC(109)   Post Evacuate Collection Set: 0.69ms
[2026-04-03T01:35:11.978+0600][40.727s][info][gc,phases      ] GC(109)   Other: 0.10ms
[2026-04-03T01:35:11.978+0600][40.727s][info][gc,heap        ] GC(109) Eden regions: 69->0(246)
[2026-04-03T01:35:11.978+0600][40.727s][info][gc,heap        ] GC(109) Survivor regions: 5->4(24)
[2026-04-03T01:35:11.978+0600][40.727s][info][gc,heap        ] GC(109) Old regions: 43->44
[2026-04-03T01:35:11.978+0600][40.727s][info][gc,heap        ] GC(109) Humongous regions: 296->3
[2026-04-03T01:35:11.978+0600][40.727s][info][gc,metaspace   ] GC(109) Metaspace: 131295K(132864K)->131295K(132864K) NonClass: 114613K(115392K)->114613K(115392K) Class: 16681K(17472K)->16681K(17472K)
[2026-04-03T01:35:11.978+0600][40.727s][info][gc             ] GC(109) Pause Young (Prepare Mixed) (G1 Evacuation Pause) 824M->98M(836M) 5.967ms
[2026-04-03T01:35:11.979+0600][40.727s][info][gc,cpu         ] GC(109) User=0.04s Sys=0.02s Real=0.00s
[2026-04-03T01:35:12.747+0600][41.495s][info][gc,start       ] GC(110) Pause Young (Mixed) (GCLocker Initiated GC)
[2026-04-03T01:35:12.747+0600][41.496s][info][gc,task        ] GC(110) Using 10 workers of 10 for evacuation
[2026-04-03T01:35:12.755+0600][41.504s][info][gc,phases      ] GC(110)   Pre Evacuate Collection Set: 0.36ms
[2026-04-03T01:35:12.755+0600][41.504s][info][gc,phases      ] GC(110)   Merge Heap Roots: 0.30ms
[2026-04-03T01:35:12.755+0600][41.504s][info][gc,phases      ] GC(110)   Evacuate Collection Set: 6.47ms
[2026-04-03T01:35:12.755+0600][41.504s][info][gc,phases      ] GC(110)   Post Evacuate Collection Set: 0.84ms
[2026-04-03T01:35:12.755+0600][41.504s][info][gc,phases      ] GC(110)   Other: 0.15ms
[2026-04-03T01:35:12.755+0600][41.504s][info][gc,heap        ] GC(110) Eden regions: 226->0(250)
[2026-04-03T01:35:12.755+0600][41.504s][info][gc,heap        ] GC(110) Survivor regions: 4->6(32)
[2026-04-03T01:35:12.755+0600][41.504s][info][gc,heap        ] GC(110) Old regions: 44->44
[2026-04-03T01:35:12.755+0600][41.504s][info][gc,heap        ] GC(110) Humongous regions: 147->3
[2026-04-03T01:35:12.755+0600][41.504s][info][gc,metaspace   ] GC(110) Metaspace: 131306K(132864K)->131306K(132864K) NonClass: 114624K(115392K)->114624K(115392K) Class: 16681K(17472K)->16681K(17472K)
[2026-04-03T01:35:12.755+0600][41.504s][info][gc             ] GC(110) Pause Young (Mixed) (GCLocker Initiated GC) 838M->101M(856M) 8.441ms
[2026-04-03T01:35:12.755+0600][41.504s][info][gc,cpu         ] GC(110) User=0.05s Sys=0.02s Real=0.01s
[2026-04-03T01:35:12.760+0600][41.509s][info][gc,start       ] GC(111) Pause Young (Concurrent Start) (G1 Humongous Allocation)
[2026-04-03T01:35:12.760+0600][41.509s][info][gc,task        ] GC(111) Using 10 workers of 10 for evacuation
[2026-04-03T01:35:12.765+0600][41.514s][info][gc,phases      ] GC(111)   Pre Evacuate Collection Set: 0.37ms
[2026-04-03T01:35:12.765+0600][41.514s][info][gc,phases      ] GC(111)   Merge Heap Roots: 0.13ms
[2026-04-03T01:35:12.765+0600][41.514s][info][gc,phases      ] GC(111)   Evacuate Collection Set: 3.52ms
[2026-04-03T01:35:12.765+0600][41.514s][info][gc,phases      ] GC(111)   Post Evacuate Collection Set: 0.57ms
[2026-04-03T01:35:12.765+0600][41.514s][info][gc,phases      ] GC(111)   Other: 0.16ms
[2026-04-03T01:35:12.765+0600][41.514s][info][gc,heap        ] GC(111) Eden regions: 7->0(251)
[2026-04-03T01:35:12.765+0600][41.514s][info][gc,heap        ] GC(111) Survivor regions: 6->5(32)
[2026-04-03T01:35:12.765+0600][41.514s][info][gc,heap        ] GC(111) Old regions: 44->44
[2026-04-03T01:35:12.765+0600][41.514s][info][gc,heap        ] GC(111) Humongous regions: 3->3
[2026-04-03T01:35:12.765+0600][41.514s][info][gc,metaspace   ] GC(111) Metaspace: 131306K(132864K)->131306K(132864K) NonClass: 114624K(115392K)->114624K(115392K) Class: 16681K(17472K)->16681K(17472K)
[2026-04-03T01:35:12.765+0600][41.514s][info][gc             ] GC(111) Pause Young (Concurrent Start) (G1 Humongous Allocation) 114M->100M(856M) 5.050ms
[2026-04-03T01:35:12.765+0600][41.514s][info][gc             ] GC(112) Concurrent Mark Cycle
[2026-04-03T01:35:12.765+0600][41.514s][info][gc,cpu         ] GC(111) User=0.05s Sys=0.00s Real=0.00s
[2026-04-03T01:35:12.766+0600][41.514s][info][gc,marking     ] GC(112) Concurrent Scan Root Regions
[2026-04-03T01:35:12.771+0600][41.520s][info][gc,marking     ] GC(112) Concurrent Scan Root Regions 5.693ms
[2026-04-03T01:35:12.771+0600][41.520s][info][gc,marking     ] GC(112) Concurrent Mark
[2026-04-03T01:35:12.771+0600][41.520s][info][gc,marking     ] GC(112) Concurrent Mark From Roots
[2026-04-03T01:35:12.771+0600][41.520s][info][gc,task        ] GC(112) Using 2 workers of 2 for marking
[2026-04-03T01:35:12.891+0600][41.640s][info][gc,marking     ] GC(112) Concurrent Mark From Roots 119.901ms
[2026-04-03T01:35:12.891+0600][41.640s][info][gc,marking     ] GC(112) Concurrent Preclean
[2026-04-03T01:35:12.892+0600][41.641s][info][gc,marking     ] GC(112) Concurrent Preclean 0.707ms
[2026-04-03T01:35:12.892+0600][41.641s][info][gc,start       ] GC(112) Pause Remark
[2026-04-03T01:35:12.902+0600][41.650s][info][gc             ] GC(112) Pause Remark 236M->236M(548M) 9.323ms
[2026-04-03T01:35:12.902+0600][41.650s][info][gc,cpu         ] GC(112) User=0.07s Sys=0.00s Real=0.01s
[2026-04-03T01:35:12.902+0600][41.651s][info][gc,marking     ] GC(112) Concurrent Mark 130.775ms
[2026-04-03T01:35:12.902+0600][41.651s][info][gc,marking     ] GC(112) Concurrent Rebuild Remembered Sets and Scrub Regions
[2026-04-03T01:35:12.959+0600][41.708s][info][gc,marking     ] GC(112) Concurrent Rebuild Remembered Sets and Scrub Regions 56.988ms
[2026-04-03T01:35:12.960+0600][41.708s][info][gc,start       ] GC(112) Pause Cleanup
[2026-04-03T01:35:12.960+0600][41.709s][info][gc             ] GC(112) Pause Cleanup 292M->292M(548M) 0.403ms
[2026-04-03T01:35:12.960+0600][41.709s][info][gc,cpu         ] GC(112) User=0.00s Sys=0.00s Real=0.01s
[2026-04-03T01:35:12.960+0600][41.709s][info][gc,marking     ] GC(112) Concurrent Clear Claimed Marks
[2026-04-03T01:35:12.961+0600][41.709s][info][gc,marking     ] GC(112) Concurrent Clear Claimed Marks 0.439ms
[2026-04-03T01:35:12.961+0600][41.709s][info][gc,marking     ] GC(112) Concurrent Cleanup for Next Mark
[2026-04-03T01:35:12.963+0600][41.711s][info][gc,marking     ] GC(112) Concurrent Cleanup for Next Mark 1.921ms
[2026-04-03T01:35:12.963+0600][41.711s][info][gc             ] GC(112) Concurrent Mark Cycle 197.393ms
[2026-04-03T01:35:13.162+0600][41.910s][info][gc,start       ] GC(113) Pause Young (Prepare Mixed) (GCLocker Initiated GC)
[2026-04-03T01:35:13.162+0600][41.910s][info][gc,task        ] GC(113) Using 10 workers of 10 for evacuation
[2026-04-03T01:35:13.170+0600][41.919s][info][gc,phases      ] GC(113)   Pre Evacuate Collection Set: 0.35ms
[2026-04-03T01:35:13.170+0600][41.919s][info][gc,phases      ] GC(113)   Merge Heap Roots: 0.28ms
[2026-04-03T01:35:13.170+0600][41.919s][info][gc,phases      ] GC(113)   Evacuate Collection Set: 6.46ms
[2026-04-03T01:35:13.170+0600][41.919s][info][gc,phases      ] GC(113)   Post Evacuate Collection Set: 1.05ms
[2026-04-03T01:35:13.170+0600][41.919s][info][gc,phases      ] GC(113)   Other: 0.11ms
[2026-04-03T01:35:13.170+0600][41.919s][info][gc,heap        ] GC(113) Eden regions: 126->0(162)
[2026-04-03T01:35:13.170+0600][41.919s][info][gc,heap        ] GC(113) Survivor regions: 5->6(21)
[2026-04-03T01:35:13.170+0600][41.919s][info][gc,heap        ] GC(113) Old regions: 44->45
[2026-04-03T01:35:13.170+0600][41.919s][info][gc,heap        ] GC(113) Humongous regions: 99->3
[2026-04-03T01:35:13.170+0600][41.919s][info][gc,metaspace   ] GC(113) Metaspace: 131308K(132864K)->131308K(132864K) NonClass: 114627K(115392K)->114627K(115392K) Class: 16681K(17472K)->16681K(17472K)
[2026-04-03T01:35:13.170+0600][41.919s][info][gc             ] GC(113) Pause Young (Prepare Mixed) (GCLocker Initiated GC) 544M->102M(562M) 8.581ms
[2026-04-03T01:35:13.170+0600][41.919s][info][gc,cpu         ] GC(113) User=0.04s Sys=0.02s Real=0.01s
[2026-04-03T01:35:13.630+0600][42.379s][info][gc,start       ] GC(114) Pause Young (Mixed) (G1 Evacuation Pause)
[2026-04-03T01:35:13.631+0600][42.379s][info][gc,task        ] GC(114) Using 10 workers of 10 for evacuation
[2026-04-03T01:35:13.640+0600][42.389s][info][gc,phases      ] GC(114)   Pre Evacuate Collection Set: 0.52ms
[2026-04-03T01:35:13.640+0600][42.389s][info][gc,phases      ] GC(114)   Merge Heap Roots: 0.35ms
[2026-04-03T01:35:13.640+0600][42.389s][info][gc,phases      ] GC(114)   Evacuate Collection Set: 7.24ms
[2026-04-03T01:35:13.640+0600][42.389s][info][gc,phases      ] GC(114)   Post Evacuate Collection Set: 1.23ms
[2026-04-03T01:35:13.640+0600][42.389s][info][gc,phases      ] GC(114)   Other: 0.14ms
[2026-04-03T01:35:13.640+0600][42.389s][info][gc,heap        ] GC(114) Eden regions: 158->0(210)
[2026-04-03T01:35:13.640+0600][42.389s][info][gc,heap        ] GC(114) Survivor regions: 6->7(21)
[2026-04-03T01:35:13.640+0600][42.389s][info][gc,heap        ] GC(114) Old regions: 45->44
[2026-04-03T01:35:13.640+0600][42.389s][info][gc,heap        ] GC(114) Humongous regions: 73->4
[2026-04-03T01:35:13.640+0600][42.389s][info][gc,metaspace   ] GC(114) Metaspace: 131406K(132928K)->131406K(132928K) NonClass: 114709K(115456K)->114709K(115456K) Class: 16696K(17472K)->16696K(17472K)
[2026-04-03T01:35:13.640+0600][42.389s][info][gc             ] GC(114) Pause Young (Mixed) (G1 Evacuation Pause) 558M->105M(726M) 9.798ms
[2026-04-03T01:35:13.640+0600][42.389s][info][gc,cpu         ] GC(114) User=0.06s Sys=0.02s Real=0.01s
[2026-04-03T01:35:13.641+0600][42.390s][info][gc,start       ] GC(115) Pause Young (Concurrent Start) (G1 Humongous Allocation)
[2026-04-03T01:35:13.642+0600][42.390s][info][gc,task        ] GC(115) Using 10 workers of 10 for evacuation
[2026-04-03T01:35:13.647+0600][42.395s][info][gc,phases      ] GC(115)   Pre Evacuate Collection Set: 0.30ms
[2026-04-03T01:35:13.647+0600][42.395s][info][gc,phases      ] GC(115)   Merge Heap Roots: 0.10ms
[2026-04-03T01:35:13.647+0600][42.395s][info][gc,phases      ] GC(115)   Evacuate Collection Set: 4.12ms
[2026-04-03T01:35:13.647+0600][42.395s][info][gc,phases      ] GC(115)   Post Evacuate Collection Set: 0.67ms
[2026-04-03T01:35:13.647+0600][42.395s][info][gc,phases      ] GC(115)   Other: 0.17ms
[2026-04-03T01:35:13.647+0600][42.395s][info][gc,heap        ] GC(115) Eden regions: 3->0(211)
[2026-04-03T01:35:13.647+0600][42.396s][info][gc,heap        ] GC(115) Survivor regions: 7->6(28)
[2026-04-03T01:35:13.647+0600][42.396s][info][gc,heap        ] GC(115) Old regions: 44->44
[2026-04-03T01:35:13.647+0600][42.396s][info][gc,heap        ] GC(115) Humongous regions: 4->3
[2026-04-03T01:35:13.647+0600][42.396s][info][gc,metaspace   ] GC(115) Metaspace: 131406K(132928K)->131406K(132928K) NonClass: 114709K(115456K)->114709K(115456K) Class: 16696K(17472K)->16696K(17472K)
[2026-04-03T01:35:13.647+0600][42.396s][info][gc             ] GC(115) Pause Young (Concurrent Start) (G1 Humongous Allocation) 110M->102M(726M) 5.673ms
[2026-04-03T01:35:13.647+0600][42.396s][info][gc             ] GC(116) Concurrent Mark Cycle
[2026-04-03T01:35:13.647+0600][42.396s][info][gc,cpu         ] GC(115) User=0.05s Sys=0.00s Real=0.00s
[2026-04-03T01:35:13.647+0600][42.396s][info][gc,marking     ] GC(116) Concurrent Scan Root Regions
[2026-04-03T01:35:13.654+0600][42.403s][info][gc,marking     ] GC(116) Concurrent Scan Root Regions 6.904ms
[2026-04-03T01:35:13.654+0600][42.403s][info][gc,marking     ] GC(116) Concurrent Mark
[2026-04-03T01:35:13.654+0600][42.403s][info][gc,marking     ] GC(116) Concurrent Mark From Roots
[2026-04-03T01:35:13.654+0600][42.403s][info][gc,task        ] GC(116) Using 2 workers of 2 for marking
[2026-04-03T01:35:13.733+0600][42.481s][info][gc,marking     ] GC(116) Concurrent Mark From Roots 78.510ms
[2026-04-03T01:35:13.733+0600][42.481s][info][gc,marking     ] GC(116) Concurrent Preclean
[2026-04-03T01:35:13.733+0600][42.482s][info][gc,marking     ] GC(116) Concurrent Preclean 0.462ms
[2026-04-03T01:35:13.734+0600][42.482s][info][gc,start       ] GC(116) Pause Remark
[2026-04-03T01:35:13.741+0600][42.489s][info][gc             ] GC(116) Pause Remark 154M->154M(440M) 6.796ms
[2026-04-03T01:35:13.741+0600][42.489s][info][gc,cpu         ] GC(116) User=0.04s Sys=0.00s Real=0.01s
[2026-04-03T01:35:13.741+0600][42.489s][info][gc,marking     ] GC(116) Concurrent Mark 86.599ms
[2026-04-03T01:35:13.741+0600][42.489s][info][gc,marking     ] GC(116) Concurrent Rebuild Remembered Sets and Scrub Regions
[2026-04-03T01:35:13.784+0600][42.533s][info][gc,marking     ] GC(116) Concurrent Rebuild Remembered Sets and Scrub Regions 43.183ms
[2026-04-03T01:35:13.785+0600][42.533s][info][gc,start       ] GC(116) Pause Cleanup
[2026-04-03T01:35:13.785+0600][42.534s][info][gc             ] GC(116) Pause Cleanup 193M->193M(440M) 0.240ms
[2026-04-03T01:35:13.785+0600][42.534s][info][gc,cpu         ] GC(116) User=0.00s Sys=0.00s Real=0.00s
[2026-04-03T01:35:13.785+0600][42.534s][info][gc,marking     ] GC(116) Concurrent Clear Claimed Marks
[2026-04-03T01:35:13.786+0600][42.534s][info][gc,marking     ] GC(116) Concurrent Clear Claimed Marks 0.395ms
[2026-04-03T01:35:13.786+0600][42.534s][info][gc,marking     ] GC(116) Concurrent Cleanup for Next Mark
[2026-04-03T01:35:13.786+0600][42.535s][info][gc,marking     ] GC(116) Concurrent Cleanup for Next Mark 0.703ms
[2026-04-03T01:35:13.786+0600][42.535s][info][gc             ] GC(116) Concurrent Mark Cycle 139.194ms
[2026-04-03T01:35:13.809+0600][42.558s][info][gc,start       ] GC(117) Pause Young (Prepare Mixed) (G1 Evacuation Pause)
[2026-04-03T01:35:13.809+0600][42.558s][info][gc,task        ] GC(117) Using 10 workers of 10 for evacuation
[2026-04-03T01:35:13.814+0600][42.562s][info][gc,phases      ] GC(117)   Pre Evacuate Collection Set: 0.34ms
[2026-04-03T01:35:13.814+0600][42.562s][info][gc,phases      ] GC(117)   Merge Heap Roots: 0.27ms
[2026-04-03T01:35:13.814+0600][42.562s][info][gc,phases      ] GC(117)   Evacuate Collection Set: 3.10ms
[2026-04-03T01:35:13.814+0600][42.562s][info][gc,phases      ] GC(117)   Post Evacuate Collection Set: 0.65ms
[2026-04-03T01:35:13.814+0600][42.562s][info][gc,phases      ] GC(117)   Other: 0.09ms
[2026-04-03T01:35:13.814+0600][42.562s][info][gc,heap        ] GC(117) Eden regions: 33->0(141)
[2026-04-03T01:35:13.814+0600][42.562s][info][gc,heap        ] GC(117) Survivor regions: 6->6(17)
[2026-04-03T01:35:13.814+0600][42.562s][info][gc,heap        ] GC(117) Old regions: 44->45
[2026-04-03T01:35:13.814+0600][42.562s][info][gc,heap        ] GC(117) Humongous regions: 155->12
[2026-04-03T01:35:13.814+0600][42.562s][info][gc,metaspace   ] GC(117) Metaspace: 131435K(132928K)->131435K(132928K) NonClass: 114739K(115456K)->114739K(115456K) Class: 16696K(17472K)->16696K(17472K)
[2026-04-03T01:35:13.814+0600][42.562s][info][gc             ] GC(117) Pause Young (Prepare Mixed) (G1 Evacuation Pause) 472M->121M(490M) 4.746ms
[2026-04-03T01:35:13.814+0600][42.562s][info][gc,cpu         ] GC(117) User=0.04s Sys=0.00s Real=0.01s
[2026-04-03T01:35:13.934+0600][42.683s][info][gc,start       ] GC(118) Pause Young (Mixed) (G1 Evacuation Pause)
[2026-04-03T01:35:13.934+0600][42.683s][info][gc,task        ] GC(118) Using 10 workers of 10 for evacuation
[2026-04-03T01:35:13.942+0600][42.690s][info][gc,phases      ] GC(118)   Pre Evacuate Collection Set: 0.37ms
[2026-04-03T01:35:13.942+0600][42.690s][info][gc,phases      ] GC(118)   Merge Heap Roots: 0.23ms
[2026-04-03T01:35:13.942+0600][42.690s][info][gc,phases      ] GC(118)   Evacuate Collection Set: 5.55ms
[2026-04-03T01:35:13.942+0600][42.690s][info][gc,phases      ] GC(118)   Post Evacuate Collection Set: 1.11ms
[2026-04-03T01:35:13.942+0600][42.690s][info][gc,phases      ] GC(118)   Other: 0.11ms
[2026-04-03T01:35:13.942+0600][42.690s][info][gc,heap        ] GC(118) Eden regions: 32->0(188)
[2026-04-03T01:35:13.942+0600][42.690s][info][gc,heap        ] GC(118) Survivor regions: 6->5(21)
[2026-04-03T01:35:13.942+0600][42.690s][info][gc,heap        ] GC(118) Old regions: 45->44
[2026-04-03T01:35:13.942+0600][42.690s][info][gc,heap        ] GC(118) Humongous regions: 234->12
[2026-04-03T01:35:13.942+0600][42.690s][info][gc,metaspace   ] GC(118) Metaspace: 131446K(132928K)->131446K(132928K) NonClass: 114749K(115456K)->114749K(115456K) Class: 16696K(17472K)->16696K(17472K)
[2026-04-03T01:35:13.942+0600][42.690s][info][gc             ] GC(118) Pause Young (Mixed) (G1 Evacuation Pause) 629M->118M(646M) 7.740ms
[2026-04-03T01:35:13.942+0600][42.690s][info][gc,cpu         ] GC(118) User=0.05s Sys=0.01s Real=0.01s
[2026-04-03T01:35:13.942+0600][42.691s][info][gc,start       ] GC(119) Pause Young (Concurrent Start) (G1 Humongous Allocation)
[2026-04-03T01:35:13.943+0600][42.691s][info][gc,task        ] GC(119) Using 10 workers of 10 for evacuation
[2026-04-03T01:35:13.946+0600][42.695s][info][gc,phases      ] GC(119)   Pre Evacuate Collection Set: 0.34ms
[2026-04-03T01:35:13.957+0600][42.705s][info][gc,phases      ] GC(119)   Merge Heap Roots: 0.10ms
[2026-04-03T01:35:13.957+0600][42.705s][info][gc,phases      ] GC(119)   Evacuate Collection Set: 2.51ms
[2026-04-03T01:35:13.957+0600][42.705s][info][gc,phases      ] GC(119)   Post Evacuate Collection Set: 0.46ms
[2026-04-03T01:35:13.957+0600][42.705s][info][gc,phases      ] GC(119)   Other: 0.11ms
[2026-04-03T01:35:13.957+0600][42.706s][info][gc,heap        ] GC(119) Eden regions: 2->0(188)
[2026-04-03T01:35:13.957+0600][42.706s][info][gc,heap        ] GC(119) Survivor regions: 5->5(25)
[2026-04-03T01:35:13.957+0600][42.706s][info][gc,heap        ] GC(119) Old regions: 44->44
[2026-04-03T01:35:13.957+0600][42.706s][info][gc,heap        ] GC(119) Humongous regions: 12->3
[2026-04-03T01:35:13.957+0600][42.706s][info][gc,metaspace   ] GC(119) Metaspace: 131446K(132928K)->131446K(132928K) NonClass: 114749K(115456K)->114749K(115456K) Class: 16696K(17472K)->16696K(17472K)
[2026-04-03T01:35:13.957+0600][42.706s][info][gc             ] GC(119) Pause Young (Concurrent Start) (G1 Humongous Allocation) 120M->100M(646M) 14.622ms
[2026-04-03T01:35:13.957+0600][42.706s][info][gc,cpu         ] GC(119) User=0.04s Sys=0.00s Real=0.01s
[2026-04-03T01:35:13.957+0600][42.706s][info][gc             ] GC(120) Concurrent Mark Cycle
[2026-04-03T01:35:13.957+0600][42.706s][info][gc,marking     ] GC(120) Concurrent Scan Root Regions
[2026-04-03T01:35:13.961+0600][42.710s][info][gc,marking     ] GC(120) Concurrent Scan Root Regions 3.755ms
[2026-04-03T01:35:13.961+0600][42.710s][info][gc,marking     ] GC(120) Concurrent Mark
[2026-04-03T01:35:13.961+0600][42.710s][info][gc,marking     ] GC(120) Concurrent Mark From Roots
[2026-04-03T01:35:13.961+0600][42.710s][info][gc,task        ] GC(120) Using 2 workers of 2 for marking
[2026-04-03T01:35:14.078+0600][42.826s][info][gc,marking     ] GC(120) Concurrent Mark From Roots 116.510ms
[2026-04-03T01:35:14.078+0600][42.826s][info][gc,marking     ] GC(120) Concurrent Preclean
[2026-04-03T01:35:14.078+0600][42.827s][info][gc,marking     ] GC(120) Concurrent Preclean 0.635ms
[2026-04-03T01:35:14.079+0600][42.827s][info][gc,start       ] GC(120) Pause Remark
[2026-04-03T01:35:14.087+0600][42.836s][info][gc             ] GC(120) Pause Remark 333M->333M(646M) 8.356ms
[2026-04-03T01:35:14.087+0600][42.836s][info][gc,cpu         ] GC(120) User=0.06s Sys=0.00s Real=0.01s
[2026-04-03T01:35:14.088+0600][42.836s][info][gc,marking     ] GC(120) Concurrent Mark 126.430ms
[2026-04-03T01:35:14.088+0600][42.836s][info][gc,marking     ] GC(120) Concurrent Rebuild Remembered Sets and Scrub Regions
[2026-04-03T01:35:14.138+0600][42.886s][info][gc,marking     ] GC(120) Concurrent Rebuild Remembered Sets and Scrub Regions 50.308ms
[2026-04-03T01:35:14.138+0600][42.887s][info][gc,start       ] GC(120) Pause Cleanup
[2026-04-03T01:35:14.139+0600][42.887s][info][gc             ] GC(120) Pause Cleanup 372M->372M(646M) 0.272ms
[2026-04-03T01:35:14.139+0600][42.887s][info][gc,cpu         ] GC(120) User=0.00s Sys=0.00s Real=0.00s
[2026-04-03T01:35:14.139+0600][42.887s][info][gc,marking     ] GC(120) Concurrent Clear Claimed Marks
[2026-04-03T01:35:14.139+0600][42.888s][info][gc,marking     ] GC(120) Concurrent Clear Claimed Marks 0.328ms
[2026-04-03T01:35:14.139+0600][42.888s][info][gc,marking     ] GC(120) Concurrent Cleanup for Next Mark
[2026-04-03T01:35:14.141+0600][42.889s][info][gc,marking     ] GC(120) Concurrent Cleanup for Next Mark 1.867ms
[2026-04-03T01:35:14.141+0600][42.889s][info][gc             ] GC(120) Concurrent Mark Cycle 183.774ms
[2026-04-03T01:35:14.556+0600][43.305s][info][gc,start       ] GC(121) Pause Young (Prepare Mixed) (G1 Evacuation Pause)
[2026-04-03T01:35:14.557+0600][43.305s][info][gc,task        ] GC(121) Using 10 workers of 10 for evacuation
[2026-04-03T01:35:14.562+0600][43.311s][info][gc,phases      ] GC(121)   Pre Evacuate Collection Set: 0.38ms
[2026-04-03T01:35:14.562+0600][43.311s][info][gc,phases      ] GC(121)   Merge Heap Roots: 0.21ms
[2026-04-03T01:35:14.562+0600][43.311s][info][gc,phases      ] GC(121)   Evacuate Collection Set: 4.08ms
[2026-04-03T01:35:14.562+0600][43.311s][info][gc,phases      ] GC(121)   Post Evacuate Collection Set: 0.75ms
[2026-04-03T01:35:14.562+0600][43.311s][info][gc,phases      ] GC(121)   Other: 0.10ms
[2026-04-03T01:35:14.562+0600][43.311s][info][gc,heap        ] GC(121) Eden regions: 151->0(194)
[2026-04-03T01:35:14.562+0600][43.311s][info][gc,heap        ] GC(121) Survivor regions: 5->4(25)
[2026-04-03T01:35:14.562+0600][43.311s][info][gc,heap        ] GC(121) Old regions: 44->44
[2026-04-03T01:35:14.562+0600][43.311s][info][gc,heap        ] GC(121) Humongous regions: 127->3
[2026-04-03T01:35:14.562+0600][43.311s][info][gc,metaspace   ] GC(121) Metaspace: 131485K(132992K)->131485K(132992K) NonClass: 114787K(115520K)->114787K(115520K) Class: 16698K(17472K)->16698K(17472K)
[2026-04-03T01:35:14.562+0600][43.311s][info][gc             ] GC(121) Pause Young (Prepare Mixed) (G1 Evacuation Pause) 650M->99M(662M) 5.808ms
[2026-04-03T01:35:14.562+0600][43.311s][info][gc,cpu         ] GC(121) User=0.03s Sys=0.02s Real=0.01s
[2026-04-03T01:35:14.962+0600][43.711s][info][gc,start       ] GC(122) Pause Young (Mixed) (GCLocker Initiated GC)
[2026-04-03T01:35:14.962+0600][43.711s][info][gc,task        ] GC(122) Using 10 workers of 10 for evacuation
[2026-04-03T01:35:14.971+0600][43.719s][info][gc,phases      ] GC(122)   Pre Evacuate Collection Set: 0.58ms
[2026-04-03T01:35:14.971+0600][43.719s][info][gc,phases      ] GC(122)   Merge Heap Roots: 0.23ms
[2026-04-03T01:35:14.971+0600][43.719s][info][gc,phases      ] GC(122)   Evacuate Collection Set: 6.52ms
[2026-04-03T01:35:14.971+0600][43.719s][info][gc,phases      ] GC(122)   Post Evacuate Collection Set: 0.81ms
[2026-04-03T01:35:14.971+0600][43.719s][info][gc,phases      ] GC(122)   Other: 0.17ms
[2026-04-03T01:35:14.971+0600][43.719s][info][gc,heap        ] GC(122) Eden regions: 153->0(197)
[2026-04-03T01:35:14.971+0600][43.719s][info][gc,heap        ] GC(122) Survivor regions: 4->5(25)
[2026-04-03T01:35:14.971+0600][43.719s][info][gc,heap        ] GC(122) Old regions: 44->43
[2026-04-03T01:35:14.971+0600][43.719s][info][gc,heap        ] GC(122) Humongous regions: 130->3
[2026-04-03T01:35:14.971+0600][43.719s][info][gc,metaspace   ] GC(122) Metaspace: 131496K(132992K)->131496K(132992K) NonClass: 114797K(115520K)->114797K(115520K) Class: 16698K(17472K)->16698K(17472K)
[2026-04-03T01:35:14.971+0600][43.720s][info][gc             ] GC(122) Pause Young (Mixed) (GCLocker Initiated GC) 659M->99M(674M) 8.651ms
[2026-04-03T01:35:14.971+0600][43.720s][info][gc,cpu         ] GC(122) User=0.06s Sys=0.01s Real=0.01s
[2026-04-03T01:35:14.975+0600][43.723s][info][gc,start       ] GC(123) Pause Young (Concurrent Start) (GCLocker Initiated GC)
[2026-04-03T01:35:14.975+0600][43.723s][info][gc,task        ] GC(123) Using 10 workers of 10 for evacuation
[2026-04-03T01:35:14.980+0600][43.728s][info][gc,phases      ] GC(123)   Pre Evacuate Collection Set: 0.39ms
[2026-04-03T01:35:14.980+0600][43.728s][info][gc,phases      ] GC(123)   Merge Heap Roots: 0.15ms
[2026-04-03T01:35:14.980+0600][43.728s][info][gc,phases      ] GC(123)   Evacuate Collection Set: 3.32ms
[2026-04-03T01:35:14.980+0600][43.728s][info][gc,phases      ] GC(123)   Post Evacuate Collection Set: 0.76ms
[2026-04-03T01:35:14.980+0600][43.728s][info][gc,phases      ] GC(123)   Other: 0.16ms
[2026-04-03T01:35:14.980+0600][43.728s][info][gc,heap        ] GC(123) Eden regions: 5->0(198)
[2026-04-03T01:35:14.980+0600][43.728s][info][gc,heap        ] GC(123) Survivor regions: 5->4(26)
[2026-04-03T01:35:14.980+0600][43.728s][info][gc,heap        ] GC(123) Old regions: 43->44
[2026-04-03T01:35:14.980+0600][43.728s][info][gc,heap        ] GC(123) Humongous regions: 3->3
[2026-04-03T01:35:14.980+0600][43.728s][info][gc,metaspace   ] GC(123) Metaspace: 131496K(132992K)->131496K(132992K) NonClass: 114797K(115520K)->114797K(115520K) Class: 16698K(17472K)->16698K(17472K)
[2026-04-03T01:35:14.980+0600][43.728s][info][gc             ] GC(123) Pause Young (Concurrent Start) (GCLocker Initiated GC) 107M->98M(674M) 5.195ms
[2026-04-03T01:35:14.980+0600][43.728s][info][gc             ] GC(124) Concurrent Mark Cycle
[2026-04-03T01:35:14.980+0600][43.728s][info][gc,cpu         ] GC(123) User=0.04s Sys=0.01s Real=0.01s
[2026-04-03T01:35:14.980+0600][43.729s][info][gc,marking     ] GC(124) Concurrent Scan Root Regions
[2026-04-03T01:35:14.985+0600][43.733s][info][gc,marking     ] GC(124) Concurrent Scan Root Regions 4.499ms
[2026-04-03T01:35:14.985+0600][43.733s][info][gc,marking     ] GC(124) Concurrent Mark
[2026-04-03T01:35:14.985+0600][43.733s][info][gc,marking     ] GC(124) Concurrent Mark From Roots
[2026-04-03T01:35:14.985+0600][43.733s][info][gc,task        ] GC(124) Using 2 workers of 2 for marking
[2026-04-03T01:35:15.119+0600][43.868s][info][gc,marking     ] GC(124) Concurrent Mark From Roots 134.331ms
[2026-04-03T01:35:15.119+0600][43.868s][info][gc,marking     ] GC(124) Concurrent Preclean
[2026-04-03T01:35:15.120+0600][43.868s][info][gc,marking     ] GC(124) Concurrent Preclean 0.823ms
[2026-04-03T01:35:15.120+0600][43.869s][info][gc,start       ] GC(124) Pause Remark
[2026-04-03T01:35:15.130+0600][43.878s][info][gc             ] GC(124) Pause Remark 258M->258M(568M) 9.273ms
[2026-04-03T01:35:15.130+0600][43.878s][info][gc,cpu         ] GC(124) User=0.06s Sys=0.00s Real=0.01s
[2026-04-03T01:35:15.130+0600][43.879s][info][gc,marking     ] GC(124) Concurrent Mark 145.386ms
[2026-04-03T01:35:15.130+0600][43.879s][info][gc,marking     ] GC(124) Concurrent Rebuild Remembered Sets and Scrub Regions
[2026-04-03T01:35:15.182+0600][43.930s][info][gc,marking     ] GC(124) Concurrent Rebuild Remembered Sets and Scrub Regions 51.417ms
[2026-04-03T01:35:15.182+0600][43.930s][info][gc,start       ] GC(124) Pause Cleanup
[2026-04-03T01:35:15.182+0600][43.931s][info][gc             ] GC(124) Pause Cleanup 326M->326M(568M) 0.316ms
[2026-04-03T01:35:15.182+0600][43.931s][info][gc,cpu         ] GC(124) User=0.00s Sys=0.00s Real=0.00s
[2026-04-03T01:35:15.183+0600][43.931s][info][gc,marking     ] GC(124) Concurrent Clear Claimed Marks
[2026-04-03T01:35:15.183+0600][43.931s][info][gc,marking     ] GC(124) Concurrent Clear Claimed Marks 0.433ms
[2026-04-03T01:35:15.183+0600][43.932s][info][gc,marking     ] GC(124) Concurrent Cleanup for Next Mark
[2026-04-03T01:35:15.185+0600][43.933s][info][gc,marking     ] GC(124) Concurrent Cleanup for Next Mark 1.457ms
[2026-04-03T01:35:15.185+0600][43.933s][info][gc             ] GC(124) Concurrent Mark Cycle 204.730ms
[2026-04-03T01:35:15.449+0600][44.197s][info][gc,start       ] GC(125) Pause Young (Prepare Mixed) (G1 Evacuation Pause)
[2026-04-03T01:35:15.449+0600][44.198s][info][gc,task        ] GC(125) Using 10 workers of 10 for evacuation
[2026-04-03T01:35:15.454+0600][44.203s][info][gc,phases      ] GC(125)   Pre Evacuate Collection Set: 0.34ms
[2026-04-03T01:35:15.454+0600][44.203s][info][gc,phases      ] GC(125)   Merge Heap Roots: 0.17ms
[2026-04-03T01:35:15.454+0600][44.203s][info][gc,phases      ] GC(125)   Evacuate Collection Set: 3.78ms
[2026-04-03T01:35:15.454+0600][44.203s][info][gc,phases      ] GC(125)   Post Evacuate Collection Set: 0.65ms
[2026-04-03T01:35:15.454+0600][44.203s][info][gc,phases      ] GC(125)   Other: 0.09ms
[2026-04-03T01:35:15.454+0600][44.203s][info][gc,heap        ] GC(125) Eden regions: 132->0(170)
[2026-04-03T01:35:15.454+0600][44.203s][info][gc,heap        ] GC(125) Survivor regions: 4->5(22)
[2026-04-03T01:35:15.454+0600][44.203s][info][gc,heap        ] GC(125) Old regions: 44->45
[2026-04-03T01:35:15.454+0600][44.203s][info][gc,heap        ] GC(125) Humongous regions: 107->3
[2026-04-03T01:35:15.454+0600][44.203s][info][gc,metaspace   ] GC(125) Metaspace: 131523K(132992K)->131523K(132992K) NonClass: 114824K(115520K)->114824K(115520K) Class: 16698K(17472K)->16698K(17472K)
[2026-04-03T01:35:15.454+0600][44.203s][info][gc             ] GC(125) Pause Young (Prepare Mixed) (G1 Evacuation Pause) 570M->100M(586M) 5.356ms
[2026-04-03T01:35:15.454+0600][44.203s][info][gc,cpu         ] GC(125) User=0.03s Sys=0.01s Real=0.01s
[2026-04-03T01:35:15.812+0600][44.560s][info][gc,start       ] GC(126) Pause Young (Mixed) (G1 Evacuation Pause)
[2026-04-03T01:35:15.812+0600][44.560s][info][gc,task        ] GC(126) Using 10 workers of 10 for evacuation
[2026-04-03T01:35:15.817+0600][44.565s][info][gc,phases      ] GC(126)   Pre Evacuate Collection Set: 0.27ms
[2026-04-03T01:35:15.817+0600][44.565s][info][gc,phases      ] GC(126)   Merge Heap Roots: 0.17ms
[2026-04-03T01:35:15.817+0600][44.565s][info][gc,phases      ] GC(126)   Evacuate Collection Set: 3.78ms
[2026-04-03T01:35:15.817+0600][44.565s][info][gc,phases      ] GC(126)   Post Evacuate Collection Set: 0.62ms
[2026-04-03T01:35:15.817+0600][44.565s][info][gc,phases      ] GC(126)   Other: 0.10ms
[2026-04-03T01:35:15.817+0600][44.565s][info][gc,heap        ] GC(126) Eden regions: 140->0(195)
[2026-04-03T01:35:15.817+0600][44.565s][info][gc,heap        ] GC(126) Survivor regions: 5->5(25)
[2026-04-03T01:35:15.817+0600][44.565s][info][gc,heap        ] GC(126) Old regions: 45->43
[2026-04-03T01:35:15.817+0600][44.565s][info][gc,heap        ] GC(126) Humongous regions: 139->12
[2026-04-03T01:35:15.817+0600][44.565s][info][gc,metaspace   ] GC(126) Metaspace: 131528K(132992K)->131528K(132992K) NonClass: 114829K(115520K)->114829K(115520K) Class: 16698K(17472K)->16698K(17472K)
[2026-04-03T01:35:15.817+0600][44.565s][info][gc             ] GC(126) Pause Young (Mixed) (G1 Evacuation Pause) 652M->117M(668M) 5.236ms
[2026-04-03T01:35:15.817+0600][44.566s][info][gc,cpu         ] GC(126) User=0.03s Sys=0.02s Real=0.00s
[2026-04-03T01:35:15.817+0600][44.566s][info][gc,start       ] GC(127) Pause Young (Concurrent Start) (G1 Humongous Allocation)
[2026-04-03T01:35:15.817+0600][44.566s][info][gc,task        ] GC(127) Using 10 workers of 10 for evacuation
[2026-04-03T01:35:15.821+0600][44.569s][info][gc,phases      ] GC(127)   Pre Evacuate Collection Set: 0.24ms
[2026-04-03T01:35:15.821+0600][44.569s][info][gc,phases      ] GC(127)   Merge Heap Roots: 0.09ms
[2026-04-03T01:35:15.821+0600][44.569s][info][gc,phases      ] GC(127)   Evacuate Collection Set: 2.40ms
[2026-04-03T01:35:15.821+0600][44.569s][info][gc,phases      ] GC(127)   Post Evacuate Collection Set: 0.42ms
[2026-04-03T01:35:15.821+0600][44.569s][info][gc,phases      ] GC(127)   Other: 0.08ms
[2026-04-03T01:35:15.821+0600][44.569s][info][gc,heap        ] GC(127) Eden regions: 2->0(195)
[2026-04-03T01:35:15.821+0600][44.569s][info][gc,heap        ] GC(127) Survivor regions: 5->5(25)
[2026-04-03T01:35:15.821+0600][44.569s][info][gc,heap        ] GC(127) Old regions: 43->43
[2026-04-03T01:35:15.821+0600][44.569s][info][gc,heap        ] GC(127) Humongous regions: 12->12
[2026-04-03T01:35:15.821+0600][44.569s][info][gc,metaspace   ] GC(127) Metaspace: 131528K(132992K)->131528K(132992K) NonClass: 114829K(115520K)->114829K(115520K) Class: 16698K(17472K)->16698K(17472K)
[2026-04-03T01:35:15.821+0600][44.569s][info][gc             ] GC(127) Pause Young (Concurrent Start) (G1 Humongous Allocation) 120M->118M(668M) 3.449ms
[2026-04-03T01:35:15.821+0600][44.569s][info][gc             ] GC(128) Concurrent Mark Cycle
[2026-04-03T01:35:15.821+0600][44.569s][info][gc,cpu         ] GC(127) User=0.03s Sys=0.00s Real=0.01s
[2026-04-03T01:35:15.821+0600][44.569s][info][gc,marking     ] GC(128) Concurrent Scan Root Regions
[2026-04-03T01:35:15.825+0600][44.574s][info][gc,marking     ] GC(128) Concurrent Scan Root Regions 4.138ms
[2026-04-03T01:35:15.825+0600][44.574s][info][gc,marking     ] GC(128) Concurrent Mark
[2026-04-03T01:35:15.825+0600][44.574s][info][gc,marking     ] GC(128) Concurrent Mark From Roots
[2026-04-03T01:35:15.825+0600][44.574s][info][gc,task        ] GC(128) Using 2 workers of 2 for marking
[2026-04-03T01:35:15.932+0600][44.681s][info][gc,marking     ] GC(128) Concurrent Mark From Roots 106.795ms
[2026-04-03T01:35:15.932+0600][44.681s][info][gc,marking     ] GC(128) Concurrent Preclean
[2026-04-03T01:35:15.933+0600][44.682s][info][gc,marking     ] GC(128) Concurrent Preclean 0.772ms
[2026-04-03T01:35:15.938+0600][44.687s][info][gc,start       ] GC(128) Pause Remark
[2026-04-03T01:35:15.947+0600][44.695s][info][gc             ] GC(128) Pause Remark 667M->667M(1000M) 8.779ms
[2026-04-03T01:35:15.947+0600][44.695s][info][gc,cpu         ] GC(128) User=0.06s Sys=0.00s Real=0.01s
[2026-04-03T01:35:15.947+0600][44.696s][info][gc,marking     ] GC(128) Concurrent Mark 121.916ms
[2026-04-03T01:35:15.947+0600][44.696s][info][gc,marking     ] GC(128) Concurrent Rebuild Remembered Sets and Scrub Regions
[2026-04-03T01:35:15.992+0600][44.741s][info][gc,marking     ] GC(128) Concurrent Rebuild Remembered Sets and Scrub Regions 44.818ms
[2026-04-03T01:35:15.993+0600][44.741s][info][gc,start       ] GC(128) Pause Cleanup
[2026-04-03T01:35:15.993+0600][44.741s][info][gc             ] GC(128) Pause Cleanup 835M->835M(1000M) 0.336ms
[2026-04-03T01:35:15.993+0600][44.741s][info][gc,cpu         ] GC(128) User=0.00s Sys=0.00s Real=0.00s
[2026-04-03T01:35:15.993+0600][44.742s][info][gc,marking     ] GC(128) Concurrent Clear Claimed Marks
[2026-04-03T01:35:15.993+0600][44.742s][info][gc,marking     ] GC(128) Concurrent Clear Claimed Marks 0.348ms
[2026-04-03T01:35:15.993+0600][44.742s][info][gc,marking     ] GC(128) Concurrent Cleanup for Next Mark
[2026-04-03T01:35:15.997+0600][44.746s][info][gc,marking     ] GC(128) Concurrent Cleanup for Next Mark 3.950ms
[2026-04-03T01:35:15.997+0600][44.746s][info][gc             ] GC(128) Concurrent Mark Cycle 176.538ms
[2026-04-03T01:35:16.162+0600][44.910s][info][gc,start       ] GC(129) Pause Young (Prepare Mixed) (G1 Evacuation Pause)
[2026-04-03T01:35:16.162+0600][44.910s][info][gc,task        ] GC(129) Using 10 workers of 10 for evacuation
[2026-04-03T01:35:16.166+0600][44.915s][info][gc,phases      ] GC(129)   Pre Evacuate Collection Set: 0.29ms
[2026-04-03T01:35:16.166+0600][44.915s][info][gc,phases      ] GC(129)   Merge Heap Roots: 0.19ms
[2026-04-03T01:35:16.166+0600][44.915s][info][gc,phases      ] GC(129)   Evacuate Collection Set: 3.04ms
[2026-04-03T01:35:16.166+0600][44.915s][info][gc,phases      ] GC(129)   Post Evacuate Collection Set: 0.67ms
[2026-04-03T01:35:16.166+0600][44.915s][info][gc,phases      ] GC(129)   Other: 0.08ms
[2026-04-03T01:35:16.166+0600][44.915s][info][gc,heap        ] GC(129) Eden regions: 82->0(302)
[2026-04-03T01:35:16.166+0600][44.915s][info][gc,heap        ] GC(129) Survivor regions: 5->4(32)
[2026-04-03T01:35:16.166+0600][44.915s][info][gc,heap        ] GC(129) Old regions: 43->43
[2026-04-03T01:35:16.166+0600][44.915s][info][gc,heap        ] GC(129) Humongous regions: 376->3
[2026-04-03T01:35:16.166+0600][44.915s][info][gc,metaspace   ] GC(129) Metaspace: 131547K(132992K)->131547K(132992K) NonClass: 114848K(115520K)->114848K(115520K) Class: 16698K(17472K)->16698K(17472K)
[2026-04-03T01:35:16.166+0600][44.915s][info][gc             ] GC(129) Pause Young (Prepare Mixed) (G1 Evacuation Pause) 1010M->97M(1020M) 4.563ms
[2026-04-03T01:35:16.166+0600][44.915s][info][gc,cpu         ] GC(129) User=0.02s Sys=0.01s Real=0.00s
[2026-04-03T01:35:17.042+0600][45.791s][info][gc,start       ] GC(130) Pause Young (Mixed) (G1 Evacuation Pause)
[2026-04-03T01:35:17.042+0600][45.791s][info][gc,task        ] GC(130) Using 10 workers of 10 for evacuation
[2026-04-03T01:35:17.050+0600][45.798s][info][gc,phases      ] GC(130)   Pre Evacuate Collection Set: 0.43ms
[2026-04-03T01:35:17.050+0600][45.799s][info][gc,phases      ] GC(130)   Merge Heap Roots: 0.29ms
[2026-04-03T01:35:17.050+0600][45.799s][info][gc,phases      ] GC(130)   Evacuate Collection Set: 6.06ms
[2026-04-03T01:35:17.050+0600][45.799s][info][gc,phases      ] GC(130)   Post Evacuate Collection Set: 0.95ms
[2026-04-03T01:35:17.050+0600][45.799s][info][gc,phases      ] GC(130)   Other: 0.13ms
[2026-04-03T01:35:17.050+0600][45.799s][info][gc,heap        ] GC(130) Eden regions: 281->0(304)
[2026-04-03T01:35:17.050+0600][45.799s][info][gc,heap        ] GC(130) Survivor regions: 4->5(39)
[2026-04-03T01:35:17.050+0600][45.799s][info][gc,heap        ] GC(130) Old regions: 43->43
[2026-04-03T01:35:17.050+0600][45.799s][info][gc,heap        ] GC(130) Humongous regions: 182->3
[2026-04-03T01:35:17.050+0600][45.799s][info][gc,metaspace   ] GC(130) Metaspace: 131586K(133056K)->131586K(133056K) NonClass: 114887K(115584K)->114887K(115584K) Class: 16698K(17472K)->16698K(17472K)
[2026-04-03T01:35:17.050+0600][45.799s][info][gc             ] GC(130) Pause Young (Mixed) (G1 Evacuation Pause) 1017M->98M(1032M) 8.218ms
[2026-04-03T01:35:17.050+0600][45.799s][info][gc,cpu         ] GC(130) User=0.05s Sys=0.01s Real=0.01s
[2026-04-03T01:35:17.067+0600][45.815s][info][gc,start       ] GC(131) Pause Young (Concurrent Start) (G1 Humongous Allocation)
[2026-04-03T01:35:17.067+0600][45.816s][info][gc,task        ] GC(131) Using 10 workers of 10 for evacuation
[2026-04-03T01:35:17.072+0600][45.820s][info][gc,phases      ] GC(131)   Pre Evacuate Collection Set: 0.46ms
[2026-04-03T01:35:17.072+0600][45.820s][info][gc,phases      ] GC(131)   Merge Heap Roots: 0.21ms
[2026-04-03T01:35:17.072+0600][45.820s][info][gc,phases      ] GC(131)   Evacuate Collection Set: 3.19ms
[2026-04-03T01:35:17.072+0600][45.820s][info][gc,phases      ] GC(131)   Post Evacuate Collection Set: 0.82ms
[2026-04-03T01:35:17.072+0600][45.820s][info][gc,phases      ] GC(131)   Other: 0.11ms
[2026-04-03T01:35:17.072+0600][45.821s][info][gc,heap        ] GC(131) Eden regions: 13->0(305)
[2026-04-03T01:35:17.072+0600][45.821s][info][gc,heap        ] GC(131) Survivor regions: 5->4(39)
[2026-04-03T01:35:17.072+0600][45.821s][info][gc,heap        ] GC(131) Old regions: 43->43
[2026-04-03T01:35:17.072+0600][45.821s][info][gc,heap        ] GC(131) Humongous regions: 3->3
[2026-04-03T01:35:17.072+0600][45.821s][info][gc,metaspace   ] GC(131) Metaspace: 131586K(133056K)->131586K(133056K) NonClass: 114887K(115584K)->114887K(115584K) Class: 16698K(17472K)->16698K(17472K)
[2026-04-03T01:35:17.072+0600][45.821s][info][gc             ] GC(131) Pause Young (Concurrent Start) (G1 Humongous Allocation) 123M->97M(1032M) 5.108ms
[2026-04-03T01:35:17.072+0600][45.821s][info][gc             ] GC(132) Concurrent Mark Cycle
[2026-04-03T01:35:17.072+0600][45.821s][info][gc,marking     ] GC(132) Concurrent Scan Root Regions
[2026-04-03T01:35:17.072+0600][45.821s][info][gc,cpu         ] GC(131) User=0.04s Sys=0.00s Real=0.01s
[2026-04-03T01:35:17.076+0600][45.825s][info][gc,marking     ] GC(132) Concurrent Scan Root Regions 3.852ms
[2026-04-03T01:35:17.076+0600][45.825s][info][gc,marking     ] GC(132) Concurrent Mark
[2026-04-03T01:35:17.076+0600][45.825s][info][gc,marking     ] GC(132) Concurrent Mark From Roots
[2026-04-03T01:35:17.076+0600][45.825s][info][gc,task        ] GC(132) Using 2 workers of 2 for marking
[2026-04-03T01:35:17.213+0600][45.961s][info][gc,marking     ] GC(132) Concurrent Mark From Roots 136.316ms
[2026-04-03T01:35:17.213+0600][45.961s][info][gc,marking     ] GC(132) Concurrent Preclean
[2026-04-03T01:35:17.213+0600][45.962s][info][gc,marking     ] GC(132) Concurrent Preclean 0.724ms
[2026-04-03T01:35:17.214+0600][45.962s][info][gc,start       ] GC(132) Pause Remark
[2026-04-03T01:35:17.223+0600][45.972s][info][gc             ] GC(132) Pause Remark 268M->268M(600M) 9.490ms
[2026-04-03T01:35:17.223+0600][45.972s][info][gc,cpu         ] GC(132) User=0.06s Sys=0.00s Real=0.01s
[2026-04-03T01:35:17.223+0600][45.972s][info][gc,marking     ] GC(132) Concurrent Mark 147.279ms
[2026-04-03T01:35:17.224+0600][45.972s][info][gc,marking     ] GC(132) Concurrent Rebuild Remembered Sets and Scrub Regions
[2026-04-03T01:35:17.280+0600][46.028s][info][gc,marking     ] GC(132) Concurrent Rebuild Remembered Sets and Scrub Regions 56.282ms
[2026-04-03T01:35:17.280+0600][46.029s][info][gc,start       ] GC(132) Pause Cleanup
[2026-04-03T01:35:17.281+0600][46.029s][info][gc             ] GC(132) Pause Cleanup 324M->324M(600M) 0.311ms
[2026-04-03T01:35:17.281+0600][46.029s][info][gc,cpu         ] GC(132) User=0.00s Sys=0.00s Real=0.00s
[2026-04-03T01:35:17.281+0600][46.029s][info][gc,marking     ] GC(132) Concurrent Clear Claimed Marks
[2026-04-03T01:35:17.281+0600][46.029s][info][gc,marking     ] GC(132) Concurrent Clear Claimed Marks 0.330ms
[2026-04-03T01:35:17.281+0600][46.030s][info][gc,marking     ] GC(132) Concurrent Cleanup for Next Mark
[2026-04-03T01:35:17.282+0600][46.031s][info][gc,marking     ] GC(132) Concurrent Cleanup for Next Mark 1.220ms
[2026-04-03T01:35:17.282+0600][46.031s][info][gc             ] GC(132) Concurrent Mark Cycle 210.165ms
[2026-04-03T01:35:17.587+0600][46.336s][info][gc,start       ] GC(133) Pause Young (Prepare Mixed) (G1 Evacuation Pause)
[2026-04-03T01:35:17.588+0600][46.336s][info][gc,task        ] GC(133) Using 10 workers of 10 for evacuation
[2026-04-03T01:35:17.595+0600][46.344s][info][gc,phases      ] GC(133)   Pre Evacuate Collection Set: 0.38ms
[2026-04-03T01:35:17.595+0600][46.344s][info][gc,phases      ] GC(133)   Merge Heap Roots: 0.32ms
[2026-04-03T01:35:17.595+0600][46.344s][info][gc,phases      ] GC(133)   Evacuate Collection Set: 5.81ms
[2026-04-03T01:35:17.595+0600][46.344s][info][gc,phases      ] GC(133)   Post Evacuate Collection Set: 0.99ms
[2026-04-03T01:35:17.595+0600][46.344s][info][gc,phases      ] GC(133)   Other: 0.11ms
[2026-04-03T01:35:17.595+0600][46.344s][info][gc,heap        ] GC(133) Eden regions: 150->0(178)
[2026-04-03T01:35:17.595+0600][46.344s][info][gc,heap        ] GC(133) Survivor regions: 4->5(23)
[2026-04-03T01:35:17.595+0600][46.344s][info][gc,heap        ] GC(133) Old regions: 43->44
[2026-04-03T01:35:17.595+0600][46.344s][info][gc,heap        ] GC(133) Humongous regions: 103->3
[2026-04-03T01:35:17.595+0600][46.344s][info][gc,metaspace   ] GC(133) Metaspace: 131599K(133056K)->131599K(133056K) NonClass: 114900K(115584K)->114900K(115584K) Class: 16699K(17472K)->16699K(17472K)
[2026-04-03T01:35:17.595+0600][46.344s][info][gc             ] GC(133) Pause Young (Prepare Mixed) (G1 Evacuation Pause) 597M->100M(612M) 7.901ms
[2026-04-03T01:35:17.595+0600][46.344s][info][gc,cpu         ] GC(133) User=0.05s Sys=0.01s Real=0.01s
[2026-04-03T01:35:17.846+0600][46.595s][info][gc,start       ] GC(134) Pause Young (Mixed) (G1 Evacuation Pause)
[2026-04-03T01:35:17.846+0600][46.595s][info][gc,task        ] GC(134) Using 10 workers of 10 for evacuation
[2026-04-03T01:35:17.852+0600][46.600s][info][gc,phases      ] GC(134)   Pre Evacuate Collection Set: 0.28ms
[2026-04-03T01:35:17.852+0600][46.600s][info][gc,phases      ] GC(134)   Merge Heap Roots: 0.14ms
[2026-04-03T01:35:17.852+0600][46.600s][info][gc,phases      ] GC(134)   Evacuate Collection Set: 4.49ms
[2026-04-03T01:35:17.852+0600][46.600s][info][gc,phases      ] GC(134)   Post Evacuate Collection Set: 0.63ms
[2026-04-03T01:35:17.852+0600][46.600s][info][gc,phases      ] GC(134)   Other: 0.09ms
[2026-04-03T01:35:17.852+0600][46.600s][info][gc,heap        ] GC(134) Eden regions: 100->0(192)
[2026-04-03T01:35:17.852+0600][46.600s][info][gc,heap        ] GC(134) Survivor regions: 5->6(23)
[2026-04-03T01:35:17.852+0600][46.600s][info][gc,heap        ] GC(134) Old regions: 44->43
[2026-04-03T01:35:17.852+0600][46.600s][info][gc,heap        ] GC(134) Humongous regions: 175->9
[2026-04-03T01:35:17.852+0600][46.600s][info][gc,metaspace   ] GC(134) Metaspace: 131605K(133056K)->131605K(133056K) NonClass: 114906K(115584K)->114906K(115584K) Class: 16699K(17472K)->16699K(17472K)
[2026-04-03T01:35:17.852+0600][46.600s][info][gc             ] GC(134) Pause Young (Mixed) (G1 Evacuation Pause) 644M->113M(660M) 5.898ms
[2026-04-03T01:35:17.852+0600][46.601s][info][gc,cpu         ] GC(134) User=0.03s Sys=0.01s Real=0.01s
[2026-04-03T01:35:17.853+0600][46.601s][info][gc,start       ] GC(135) Pause Young (Concurrent Start) (G1 Humongous Allocation)
[2026-04-03T01:35:17.853+0600][46.601s][info][gc,task        ] GC(135) Using 10 workers of 10 for evacuation
[2026-04-03T01:35:17.856+0600][46.605s][info][gc,phases      ] GC(135)   Pre Evacuate Collection Set: 0.34ms
[2026-04-03T01:35:17.857+0600][46.605s][info][gc,phases      ] GC(135)   Merge Heap Roots: 0.08ms
[2026-04-03T01:35:17.857+0600][46.605s][info][gc,phases      ] GC(135)   Evacuate Collection Set: 2.73ms
[2026-04-03T01:35:17.857+0600][46.605s][info][gc,phases      ] GC(135)   Post Evacuate Collection Set: 0.56ms
[2026-04-03T01:35:17.857+0600][46.605s][info][gc,phases      ] GC(135)   Other: 0.13ms
[2026-04-03T01:35:17.857+0600][46.605s][info][gc,heap        ] GC(135) Eden regions: 2->0(192)
[2026-04-03T01:35:17.857+0600][46.605s][info][gc,heap        ] GC(135) Survivor regions: 6->6(25)
[2026-04-03T01:35:17.857+0600][46.605s][info][gc,heap        ] GC(135) Old regions: 43->43
[2026-04-03T01:35:17.857+0600][46.605s][info][gc,heap        ] GC(135) Humongous regions: 9->3
[2026-04-03T01:35:17.857+0600][46.605s][info][gc,metaspace   ] GC(135) Metaspace: 131605K(133056K)->131605K(133056K) NonClass: 114906K(115584K)->114906K(115584K) Class: 16699K(17472K)->16699K(17472K)
[2026-04-03T01:35:17.857+0600][46.605s][info][gc             ] GC(135) Pause Young (Concurrent Start) (G1 Humongous Allocation) 116M->101M(660M) 4.151ms
[2026-04-03T01:35:17.857+0600][46.605s][info][gc             ] GC(136) Concurrent Mark Cycle
[2026-04-03T01:35:17.857+0600][46.605s][info][gc,cpu         ] GC(135) User=0.03s Sys=0.00s Real=0.00s
[2026-04-03T01:35:17.857+0600][46.605s][info][gc,marking     ] GC(136) Concurrent Scan Root Regions
[2026-04-03T01:35:17.863+0600][46.611s][info][gc,marking     ] GC(136) Concurrent Scan Root Regions 5.558ms
[2026-04-03T01:35:17.863+0600][46.611s][info][gc,marking     ] GC(136) Concurrent Mark
[2026-04-03T01:35:17.863+0600][46.611s][info][gc,marking     ] GC(136) Concurrent Mark From Roots
[2026-04-03T01:35:17.863+0600][46.611s][info][gc,task        ] GC(136) Using 2 workers of 2 for marking
[2026-04-03T01:35:17.967+0600][46.716s][info][gc,marking     ] GC(136) Concurrent Mark From Roots 104.500ms
[2026-04-03T01:35:17.967+0600][46.716s][info][gc,marking     ] GC(136) Concurrent Preclean
[2026-04-03T01:35:17.968+0600][46.716s][info][gc,marking     ] GC(136) Concurrent Preclean 0.703ms
[2026-04-03T01:35:17.969+0600][46.717s][info][gc,start       ] GC(136) Pause Remark
[2026-04-03T01:35:17.978+0600][46.727s][info][gc             ] GC(136) Pause Remark 645M->645M(974M) 9.633ms
[2026-04-03T01:35:17.979+0600][46.727s][info][gc,cpu         ] GC(136) User=0.06s Sys=0.00s Real=0.01s
[2026-04-03T01:35:17.979+0600][46.727s][info][gc,marking     ] GC(136) Concurrent Mark 116.226ms
[2026-04-03T01:35:17.979+0600][46.727s][info][gc,marking     ] GC(136) Concurrent Rebuild Remembered Sets and Scrub Regions
[2026-04-03T01:35:18.032+0600][46.781s][info][gc,marking     ] GC(136) Concurrent Rebuild Remembered Sets and Scrub Regions 53.434ms
[2026-04-03T01:35:18.033+0600][46.781s][info][gc,start       ] GC(136) Pause Cleanup
[2026-04-03T01:35:18.033+0600][46.782s][info][gc             ] GC(136) Pause Cleanup 727M->727M(974M) 0.392ms
[2026-04-03T01:35:18.033+0600][46.782s][info][gc,cpu         ] GC(136) User=0.01s Sys=0.00s Real=0.00s
[2026-04-03T01:35:18.034+0600][46.782s][info][gc,marking     ] GC(136) Concurrent Clear Claimed Marks
[2026-04-03T01:35:18.034+0600][46.783s][info][gc,marking     ] GC(136) Concurrent Clear Claimed Marks 0.503ms
[2026-04-03T01:35:18.034+0600][46.783s][info][gc,marking     ] GC(136) Concurrent Cleanup for Next Mark
[2026-04-03T01:35:18.040+0600][46.788s][info][gc,marking     ] GC(136) Concurrent Cleanup for Next Mark 5.580ms
[2026-04-03T01:35:18.040+0600][46.788s][info][gc             ] GC(136) Concurrent Mark Cycle 183.007ms
[2026-04-03T01:35:18.370+0600][47.118s][info][gc,start       ] GC(137) Pause Young (Prepare Mixed) (G1 Evacuation Pause)
[2026-04-03T01:35:18.370+0600][47.118s][info][gc,task        ] GC(137) Using 10 workers of 10 for evacuation
[2026-04-03T01:35:18.374+0600][47.123s][info][gc,phases      ] GC(137)   Pre Evacuate Collection Set: 0.37ms
[2026-04-03T01:35:18.374+0600][47.123s][info][gc,phases      ] GC(137)   Merge Heap Roots: 0.22ms
[2026-04-03T01:35:18.374+0600][47.123s][info][gc,phases      ] GC(137)   Evacuate Collection Set: 3.35ms
[2026-04-03T01:35:18.374+0600][47.123s][info][gc,phases      ] GC(137)   Post Evacuate Collection Set: 0.64ms
[2026-04-03T01:35:18.374+0600][47.123s][info][gc,phases      ] GC(137)   Other: 0.09ms
[2026-04-03T01:35:18.374+0600][47.123s][info][gc,heap        ] GC(137) Eden regions: 114->0(290)
[2026-04-03T01:35:18.374+0600][47.123s][info][gc,heap        ] GC(137) Survivor regions: 6->5(33)
[2026-04-03T01:35:18.374+0600][47.123s][info][gc,heap        ] GC(137) Old regions: 43->43
[2026-04-03T01:35:18.374+0600][47.123s][info][gc,heap        ] GC(137) Humongous regions: 324->3
[2026-04-03T01:35:18.374+0600][47.123s][info][gc,metaspace   ] GC(137) Metaspace: 131663K(133120K)->131663K(133120K) NonClass: 114962K(115648K)->114962K(115648K) Class: 16700K(17472K)->16700K(17472K)
[2026-04-03T01:35:18.374+0600][47.123s][info][gc             ] GC(137) Pause Young (Prepare Mixed) (G1 Evacuation Pause) 971M->100M(984M) 4.921ms
[2026-04-03T01:35:18.375+0600][47.123s][info][gc,cpu         ] GC(137) User=0.03s Sys=0.00s Real=0.01s
[2026-04-03T01:35:19.069+0600][47.817s][info][gc,start       ] GC(138) Pause Young (Mixed) (GCLocker Initiated GC)
[2026-04-03T01:35:19.069+0600][47.817s][info][gc,task        ] GC(138) Using 10 workers of 10 for evacuation
[2026-04-03T01:35:19.078+0600][47.826s][info][gc,phases      ] GC(138)   Pre Evacuate Collection Set: 0.48ms
[2026-04-03T01:35:19.078+0600][47.827s][info][gc,phases      ] GC(138)   Merge Heap Roots: 0.35ms
[2026-04-03T01:35:19.078+0600][47.827s][info][gc,phases      ] GC(138)   Evacuate Collection Set: 7.40ms
[2026-04-03T01:35:19.078+0600][47.827s][info][gc,phases      ] GC(138)   Post Evacuate Collection Set: 0.80ms
[2026-04-03T01:35:19.078+0600][47.827s][info][gc,phases      ] GC(138)   Other: 0.12ms
[2026-04-03T01:35:19.078+0600][47.827s][info][gc,heap        ] GC(138) Eden regions: 262->0(293)
[2026-04-03T01:35:19.078+0600][47.827s][info][gc,heap        ] GC(138) Survivor regions: 5->7(37)
[2026-04-03T01:35:19.078+0600][47.827s][info][gc,heap        ] GC(138) Old regions: 43->43
[2026-04-03T01:35:19.078+0600][47.827s][info][gc,heap        ] GC(138) Humongous regions: 183->4
[2026-04-03T01:35:19.078+0600][47.827s][info][gc,metaspace   ] GC(138) Metaspace: 131678K(133120K)->131678K(133120K) NonClass: 114977K(115648K)->114977K(115648K) Class: 16700K(17472K)->16700K(17472K)
[2026-04-03T01:35:19.078+0600][47.827s][info][gc             ] GC(138) Pause Young (Mixed) (GCLocker Initiated GC) 984M->104M(1002M) 9.466ms
[2026-04-03T01:35:19.078+0600][47.827s][info][gc,cpu         ] GC(138) User=0.06s Sys=0.02s Real=0.01s
[2026-04-03T01:35:19.083+0600][47.832s][info][gc,start       ] GC(139) Pause Young (Concurrent Start) (G1 Humongous Allocation)
[2026-04-03T01:35:19.084+0600][47.832s][info][gc,task        ] GC(139) Using 10 workers of 10 for evacuation
[2026-04-03T01:35:19.088+0600][47.837s][info][gc,phases      ] GC(139)   Pre Evacuate Collection Set: 0.37ms
[2026-04-03T01:35:19.088+0600][47.837s][info][gc,phases      ] GC(139)   Merge Heap Roots: 0.15ms
[2026-04-03T01:35:19.088+0600][47.837s][info][gc,phases      ] GC(139)   Evacuate Collection Set: 3.44ms
[2026-04-03T01:35:19.088+0600][47.837s][info][gc,phases      ] GC(139)   Post Evacuate Collection Set: 0.65ms
[2026-04-03T01:35:19.088+0600][47.837s][info][gc,phases      ] GC(139)   Other: 0.21ms
[2026-04-03T01:35:19.088+0600][47.837s][info][gc,heap        ] GC(139) Eden regions: 7->0(292)
[2026-04-03T01:35:19.088+0600][47.837s][info][gc,heap        ] GC(139) Survivor regions: 7->8(38)
[2026-04-03T01:35:19.088+0600][47.837s][info][gc,heap        ] GC(139) Old regions: 43->43
[2026-04-03T01:35:19.088+0600][47.837s][info][gc,heap        ] GC(139) Humongous regions: 4->3
[2026-04-03T01:35:19.089+0600][47.837s][info][gc,metaspace   ] GC(139) Metaspace: 131678K(133120K)->131678K(133120K) NonClass: 114977K(115648K)->114977K(115648K) Class: 16700K(17472K)->16700K(17472K)
[2026-04-03T01:35:19.089+0600][47.837s][info][gc             ] GC(139) Pause Young (Concurrent Start) (G1 Humongous Allocation) 117M->104M(1002M) 5.143ms
[2026-04-03T01:35:19.089+0600][47.837s][info][gc             ] GC(140) Concurrent Mark Cycle
[2026-04-03T01:35:19.089+0600][47.837s][info][gc,cpu         ] GC(139) User=0.03s Sys=0.00s Real=0.00s
[2026-04-03T01:35:19.089+0600][47.837s][info][gc,marking     ] GC(140) Concurrent Scan Root Regions
[2026-04-03T01:35:19.094+0600][47.843s][info][gc,marking     ] GC(140) Concurrent Scan Root Regions 5.308ms
[2026-04-03T01:35:19.094+0600][47.843s][info][gc,marking     ] GC(140) Concurrent Mark
[2026-04-03T01:35:19.094+0600][47.843s][info][gc,marking     ] GC(140) Concurrent Mark From Roots
[2026-04-03T01:35:19.094+0600][47.843s][info][gc,task        ] GC(140) Using 2 workers of 2 for marking
[2026-04-03T01:35:19.196+0600][47.944s][info][gc,marking     ] GC(140) Concurrent Mark From Roots 101.638ms
[2026-04-03T01:35:19.196+0600][47.944s][info][gc,marking     ] GC(140) Concurrent Preclean
[2026-04-03T01:35:19.196+0600][47.945s][info][gc,marking     ] GC(140) Concurrent Preclean 0.552ms
[2026-04-03T01:35:19.197+0600][47.945s][info][gc,start       ] GC(140) Pause Remark
[2026-04-03T01:35:19.205+0600][47.954s][info][gc             ] GC(140) Pause Remark 236M->236M(574M) 8.505ms
[2026-04-03T01:35:19.205+0600][47.954s][info][gc,cpu         ] GC(140) User=0.07s Sys=0.00s Real=0.01s
[2026-04-03T01:35:19.206+0600][47.954s][info][gc,marking     ] GC(140) Concurrent Mark 111.625ms
[2026-04-03T01:35:19.206+0600][47.954s][info][gc,marking     ] GC(140) Concurrent Rebuild Remembered Sets and Scrub Regions
[2026-04-03T01:35:19.258+0600][48.006s][info][gc,marking     ] GC(140) Concurrent Rebuild Remembered Sets and Scrub Regions 51.939ms
[2026-04-03T01:35:19.258+0600][48.007s][info][gc,start       ] GC(140) Pause Cleanup
[2026-04-03T01:35:19.258+0600][48.007s][info][gc             ] GC(140) Pause Cleanup 280M->280M(574M) 0.286ms
[2026-04-03T01:35:19.259+0600][48.007s][info][gc,cpu         ] GC(140) User=0.00s Sys=0.00s Real=0.00s
[2026-04-03T01:35:19.259+0600][48.007s][info][gc,marking     ] GC(140) Concurrent Clear Claimed Marks
[2026-04-03T01:35:19.259+0600][48.008s][info][gc,marking     ] GC(140) Concurrent Clear Claimed Marks 0.343ms
[2026-04-03T01:35:19.259+0600][48.008s][info][gc,marking     ] GC(140) Concurrent Cleanup for Next Mark
[2026-04-03T01:35:19.260+0600][48.009s][info][gc,marking     ] GC(140) Concurrent Cleanup for Next Mark 0.994ms
[2026-04-03T01:35:19.260+0600][48.009s][info][gc             ] GC(140) Concurrent Mark Cycle 171.554ms
[2026-04-03T01:35:19.586+0600][48.334s][info][gc,start       ] GC(141) Pause Young (Prepare Mixed) (G1 Evacuation Pause)
[2026-04-03T01:35:19.586+0600][48.335s][info][gc,task        ] GC(141) Using 10 workers of 10 for evacuation
[2026-04-03T01:35:19.595+0600][48.344s][info][gc,phases      ] GC(141)   Pre Evacuate Collection Set: 0.39ms
[2026-04-03T01:35:19.596+0600][48.344s][info][gc,phases      ] GC(141)   Merge Heap Roots: 0.27ms
[2026-04-03T01:35:19.596+0600][48.344s][info][gc,phases      ] GC(141)   Evacuate Collection Set: 7.50ms
[2026-04-03T01:35:19.596+0600][48.344s][info][gc,phases      ] GC(141)   Post Evacuate Collection Set: 1.06ms
[2026-04-03T01:35:19.596+0600][48.344s][info][gc,phases      ] GC(141)   Other: 0.14ms
[2026-04-03T01:35:19.596+0600][48.344s][info][gc,heap        ] GC(141) Eden regions: 145->0(169)
[2026-04-03T01:35:19.596+0600][48.344s][info][gc,heap        ] GC(141) Survivor regions: 8->9(22)
[2026-04-03T01:35:19.596+0600][48.344s][info][gc,heap        ] GC(141) Old regions: 43->44
[2026-04-03T01:35:19.596+0600][48.344s][info][gc,heap        ] GC(141) Humongous regions: 91->3
[2026-04-03T01:35:19.596+0600][48.344s][info][gc,metaspace   ] GC(141) Metaspace: 131723K(133184K)->131723K(133184K) NonClass: 115019K(115712K)->115019K(115712K) Class: 16704K(17472K)->16704K(17472K)
[2026-04-03T01:35:19.596+0600][48.344s][info][gc             ] GC(141) Pause Young (Prepare Mixed) (G1 Evacuation Pause) 570M->106M(594M) 9.772ms
[2026-04-03T01:35:19.596+0600][48.344s][info][gc,cpu         ] GC(141) User=0.06s Sys=0.02s Real=0.01s
[2026-04-03T01:35:19.993+0600][48.741s][info][gc,start       ] GC(142) Pause Young (Mixed) (G1 Evacuation Pause)
[2026-04-03T01:35:19.993+0600][48.741s][info][gc,task        ] GC(142) Using 10 workers of 10 for evacuation
[2026-04-03T01:35:20.000+0600][48.749s][info][gc,phases      ] GC(142)   Pre Evacuate Collection Set: 0.45ms
[2026-04-03T01:35:20.001+0600][48.749s][info][gc,phases      ] GC(142)   Merge Heap Roots: 0.35ms
[2026-04-03T01:35:20.001+0600][48.749s][info][gc,phases      ] GC(142)   Evacuate Collection Set: 5.42ms
[2026-04-03T01:35:20.001+0600][48.749s][info][gc,phases      ] GC(142)   Post Evacuate Collection Set: 1.25ms
[2026-04-03T01:35:20.001+0600][48.749s][info][gc,phases      ] GC(142)   Other: 0.15ms
[2026-04-03T01:35:20.001+0600][48.749s][info][gc,heap        ] GC(142) Eden regions: 169->0(170)
[2026-04-03T01:35:20.001+0600][48.749s][info][gc,heap        ] GC(142) Survivor regions: 9->8(23)
[2026-04-03T01:35:20.001+0600][48.749s][info][gc,heap        ] GC(142) Old regions: 44->42
[2026-04-03T01:35:20.001+0600][48.749s][info][gc,heap        ] GC(142) Humongous regions: 62->3
[2026-04-03T01:35:20.001+0600][48.749s][info][gc,metaspace   ] GC(142) Metaspace: 131723K(133184K)->131723K(133184K) NonClass: 115019K(115712K)->115019K(115712K) Class: 16704K(17472K)->16704K(17472K)
[2026-04-03T01:35:20.001+0600][48.749s][info][gc             ] GC(142) Pause Young (Mixed) (G1 Evacuation Pause) 562M->101M(594M) 8.060ms
[2026-04-03T01:35:20.001+0600][48.749s][info][gc,cpu         ] GC(142) User=0.06s Sys=0.01s Real=0.01s
[2026-04-03T01:35:20.005+0600][48.754s][info][gc,start       ] GC(143) Pause Young (Concurrent Start) (G1 Humongous Allocation)
[2026-04-03T01:35:20.005+0600][48.754s][info][gc,task        ] GC(143) Using 10 workers of 10 for evacuation
[2026-04-03T01:35:20.011+0600][48.760s][info][gc,phases      ] GC(143)   Pre Evacuate Collection Set: 0.40ms
[2026-04-03T01:35:20.011+0600][48.760s][info][gc,phases      ] GC(143)   Merge Heap Roots: 0.17ms
[2026-04-03T01:35:20.011+0600][48.760s][info][gc,phases      ] GC(143)   Evacuate Collection Set: 4.38ms
[2026-04-03T01:35:20.011+0600][48.760s][info][gc,phases      ] GC(143)   Post Evacuate Collection Set: 0.66ms
[2026-04-03T01:35:20.011+0600][48.760s][info][gc,phases      ] GC(143)   Other: 0.13ms
[2026-04-03T01:35:20.011+0600][48.760s][info][gc,heap        ] GC(143) Eden regions: 5->0(170)
[2026-04-03T01:35:20.011+0600][48.760s][info][gc,heap        ] GC(143) Survivor regions: 8->8(23)
[2026-04-03T01:35:20.011+0600][48.760s][info][gc,heap        ] GC(143) Old regions: 42->42
[2026-04-03T01:35:20.011+0600][48.760s][info][gc,heap        ] GC(143) Humongous regions: 3->3
[2026-04-03T01:35:20.011+0600][48.760s][info][gc,metaspace   ] GC(143) Metaspace: 131724K(133184K)->131724K(133184K) NonClass: 115020K(115712K)->115020K(115712K) Class: 16704K(17472K)->16704K(17472K)
[2026-04-03T01:35:20.011+0600][48.760s][info][gc             ] GC(143) Pause Young (Concurrent Start) (G1 Humongous Allocation) 110M->101M(594M) 6.061ms
[2026-04-03T01:35:20.011+0600][48.760s][info][gc             ] GC(144) Concurrent Mark Cycle
[2026-04-03T01:35:20.011+0600][48.760s][info][gc,cpu         ] GC(143) User=0.05s Sys=0.00s Real=0.01s
[2026-04-03T01:35:20.011+0600][48.760s][info][gc,marking     ] GC(144) Concurrent Scan Root Regions
[2026-04-03T01:35:20.019+0600][48.767s][info][gc,marking     ] GC(144) Concurrent Scan Root Regions 7.242ms
[2026-04-03T01:35:20.019+0600][48.767s][info][gc,marking     ] GC(144) Concurrent Mark
[2026-04-03T01:35:20.019+0600][48.767s][info][gc,marking     ] GC(144) Concurrent Mark From Roots
[2026-04-03T01:35:20.019+0600][48.767s][info][gc,task        ] GC(144) Using 2 workers of 2 for marking
[2026-04-03T01:35:20.136+0600][48.884s][info][gc,marking     ] GC(144) Concurrent Mark From Roots 117.113ms
[2026-04-03T01:35:20.136+0600][48.885s][info][gc,marking     ] GC(144) Concurrent Preclean
[2026-04-03T01:35:20.137+0600][48.885s][info][gc,marking     ] GC(144) Concurrent Preclean 0.587ms
[2026-04-03T01:35:20.137+0600][48.885s][info][gc,start       ] GC(144) Pause Remark
[2026-04-03T01:35:20.146+0600][48.895s][info][gc             ] GC(144) Pause Remark 179M->179M(488M) 9.242ms
[2026-04-03T01:35:20.146+0600][48.895s][info][gc,cpu         ] GC(144) User=0.07s Sys=0.00s Real=0.01s
[2026-04-03T01:35:20.147+0600][48.895s][info][gc,marking     ] GC(144) Concurrent Mark 127.835ms
[2026-04-03T01:35:20.147+0600][48.895s][info][gc,marking     ] GC(144) Concurrent Rebuild Remembered Sets and Scrub Regions
[2026-04-03T01:35:20.190+0600][48.938s][info][gc,marking     ] GC(144) Concurrent Rebuild Remembered Sets and Scrub Regions 43.157ms
[2026-04-03T01:35:20.190+0600][48.939s][info][gc,start       ] GC(144) Pause Cleanup
[2026-04-03T01:35:20.191+0600][48.939s][info][gc             ] GC(144) Pause Cleanup 187M->187M(488M) 0.354ms
[2026-04-03T01:35:20.191+0600][48.939s][info][gc,cpu         ] GC(144) User=0.00s Sys=0.00s Real=0.00s
[2026-04-03T01:35:20.191+0600][48.940s][info][gc,marking     ] GC(144) Concurrent Clear Claimed Marks
[2026-04-03T01:35:20.191+0600][48.940s][info][gc,marking     ] GC(144) Concurrent Clear Claimed Marks 0.329ms
[2026-04-03T01:35:20.191+0600][48.940s][info][gc,marking     ] GC(144) Concurrent Cleanup for Next Mark
[2026-04-03T01:35:20.192+0600][48.941s][info][gc,marking     ] GC(144) Concurrent Cleanup for Next Mark 0.721ms
[2026-04-03T01:35:20.192+0600][48.941s][info][gc             ] GC(144) Concurrent Mark Cycle 180.772ms
[2026-04-03T01:35:20.417+0600][49.166s][info][gc,start       ] GC(145) Pause Full (System.gc())
[2026-04-03T01:35:20.418+0600][49.166s][info][gc,task        ] GC(145) Using 10 workers of 10 for full compaction
[2026-04-03T01:35:20.418+0600][49.166s][info][gc,phases,start] GC(145) Phase 1: Mark live objects
[2026-04-03T01:35:20.504+0600][49.253s][info][gc,phases      ] GC(145) Phase 1: Mark live objects 86.343ms
[2026-04-03T01:35:20.504+0600][49.253s][info][gc,phases,start] GC(145) Phase 2: Prepare compaction
[2026-04-03T01:35:20.508+0600][49.256s][info][gc,phases      ] GC(145) Phase 2: Prepare compaction 3.173ms
[2026-04-03T01:35:20.508+0600][49.256s][info][gc,phases,start] GC(145) Phase 3: Adjust pointers
[2026-04-03T01:35:20.532+0600][49.280s][info][gc,phases      ] GC(145) Phase 3: Adjust pointers 24.052ms
[2026-04-03T01:35:20.532+0600][49.280s][info][gc,phases,start] GC(145) Phase 4: Compact heap
[2026-04-03T01:35:20.535+0600][49.283s][info][gc,phases      ] GC(145) Phase 4: Compact heap 2.976ms
[2026-04-03T01:35:20.535+0600][49.283s][info][gc,phases,start] GC(145) Phase 5: Reset Metadata
[2026-04-03T01:35:20.539+0600][49.287s][info][gc,phases      ] GC(145) Phase 5: Reset Metadata 3.808ms
[2026-04-03T01:35:20.555+0600][49.303s][info][gc,heap        ] GC(145) Eden regions: 78->0(94)
[2026-04-03T01:35:20.555+0600][49.303s][info][gc,heap        ] GC(145) Survivor regions: 8->0(23)
[2026-04-03T01:35:20.555+0600][49.303s][info][gc,heap        ] GC(145) Old regions: 42->46
[2026-04-03T01:35:20.555+0600][49.303s][info][gc,heap        ] GC(145) Humongous regions: 69->3
[2026-04-03T01:35:20.555+0600][49.303s][info][gc,metaspace   ] GC(145) Metaspace: 132055K(133504K)->131953K(133504K) NonClass: 115270K(116032K)->115195K(116032K) Class: 16785K(17472K)->16758K(17472K)
[2026-04-03T01:35:20.555+0600][49.303s][info][gc             ] GC(145) Pause Full (System.gc()) 388M->89M(328M) 137.450ms
[2026-04-03T01:35:20.555+0600][49.303s][info][gc,cpu         ] GC(145) User=0.93s Sys=0.06s Real=0.14s
[2026-04-03T01:35:20.571+0600][49.320s][info][gc,start       ] GC(146) Pause Young (Concurrent Start) (G1 Humongous Allocation)
[2026-04-03T01:35:20.571+0600][49.320s][info][gc,task        ] GC(146) Using 8 workers of 10 for evacuation
[2026-04-03T01:35:20.575+0600][49.323s][info][gc,phases      ] GC(146)   Pre Evacuate Collection Set: 0.40ms
[2026-04-03T01:35:20.575+0600][49.323s][info][gc,phases      ] GC(146)   Merge Heap Roots: 0.14ms
[2026-04-03T01:35:20.575+0600][49.323s][info][gc,phases      ] GC(146)   Evacuate Collection Set: 1.83ms
[2026-04-03T01:35:20.575+0600][49.323s][info][gc,phases      ] GC(146)   Post Evacuate Collection Set: 0.58ms
[2026-04-03T01:35:20.575+0600][49.323s][info][gc,phases      ] GC(146)   Other: 0.21ms
[2026-04-03T01:35:20.575+0600][49.323s][info][gc,heap        ] GC(146) Eden regions: 3->0(96)
[2026-04-03T01:35:20.575+0600][49.323s][info][gc,heap        ] GC(146) Survivor regions: 0->2(12)
[2026-04-03T01:35:20.575+0600][49.323s][info][gc,heap        ] GC(146) Old regions: 46->46
[2026-04-03T01:35:20.575+0600][49.323s][info][gc,heap        ] GC(146) Humongous regions: 3->3
[2026-04-03T01:35:20.575+0600][49.323s][info][gc,metaspace   ] GC(146) Metaspace: 131955K(133504K)->131955K(133504K) NonClass: 115196K(116032K)->115196K(116032K) Class: 16758K(17472K)->16758K(17472K)
[2026-04-03T01:35:20.575+0600][49.323s][info][gc             ] GC(146) Pause Young (Concurrent Start) (G1 Humongous Allocation) 94M->91M(328M) 3.398ms
[2026-04-03T01:35:20.575+0600][49.323s][info][gc             ] GC(147) Concurrent Mark Cycle
[2026-04-03T01:35:20.575+0600][49.323s][info][gc,marking     ] GC(147) Concurrent Scan Root Regions
[2026-04-03T01:35:20.575+0600][49.323s][info][gc,cpu         ] GC(146) User=0.01s Sys=0.00s Real=0.00s
[2026-04-03T01:35:20.576+0600][49.324s][info][gc,marking     ] GC(147) Concurrent Scan Root Regions 1.122ms
[2026-04-03T01:35:20.576+0600][49.324s][info][gc,marking     ] GC(147) Concurrent Mark
[2026-04-03T01:35:20.576+0600][49.324s][info][gc,marking     ] GC(147) Concurrent Mark From Roots
[2026-04-03T01:35:20.576+0600][49.324s][info][gc,task        ] GC(147) Using 2 workers of 2 for marking
[2026-04-03T01:35:20.664+0600][49.413s][info][gc,marking     ] GC(147) Concurrent Mark From Roots 88.138ms
[2026-04-03T01:35:20.664+0600][49.413s][info][gc,marking     ] GC(147) Concurrent Preclean
[2026-04-03T01:35:20.665+0600][49.413s][info][gc,marking     ] GC(147) Concurrent Preclean 0.587ms
[2026-04-03T01:35:20.670+0600][49.419s][info][gc,start       ] GC(147) Pause Remark
[2026-04-03T01:35:20.678+0600][49.427s][info][gc             ] GC(147) Pause Remark 150M->150M(328M) 8.177ms
[2026-04-03T01:35:20.678+0600][49.427s][info][gc,cpu         ] GC(147) User=0.05s Sys=0.00s Real=0.00s
[2026-04-03T01:35:20.679+0600][49.427s][info][gc,marking     ] GC(147) Concurrent Mark 102.639ms
[2026-04-03T01:35:20.679+0600][49.427s][info][gc,marking     ] GC(147) Concurrent Rebuild Remembered Sets and Scrub Regions
[2026-04-03T01:35:20.719+0600][49.468s][info][gc,marking     ] GC(147) Concurrent Rebuild Remembered Sets and Scrub Regions 40.798ms
[2026-04-03T01:35:20.724+0600][49.473s][info][gc,start       ] GC(147) Pause Cleanup
[2026-04-03T01:35:20.725+0600][49.473s][info][gc             ] GC(147) Pause Cleanup 376M->376M(388M) 0.264ms
[2026-04-03T01:35:20.725+0600][49.473s][info][gc,cpu         ] GC(147) User=0.00s Sys=0.00s Real=0.00s
[2026-04-03T01:35:20.725+0600][49.473s][info][gc,marking     ] GC(147) Concurrent Clear Claimed Marks
[2026-04-03T01:35:20.725+0600][49.474s][info][gc,marking     ] GC(147) Concurrent Clear Claimed Marks 0.341ms
[2026-04-03T01:35:20.725+0600][49.474s][info][gc,marking     ] GC(147) Concurrent Cleanup for Next Mark
[2026-04-03T01:35:20.725+0600][49.474s][info][gc,start       ] GC(148) Pause Young (Prepare Mixed) (G1 Evacuation Pause)
[2026-04-03T01:35:20.725+0600][49.474s][info][gc,task        ] GC(148) Using 9 workers of 10 for evacuation
[2026-04-03T01:35:20.728+0600][49.477s][info][gc,phases      ] GC(148)   Pre Evacuate Collection Set: 0.23ms
[2026-04-03T01:35:20.728+0600][49.477s][info][gc,phases      ] GC(148)   Merge Heap Roots: 0.11ms
[2026-04-03T01:35:20.728+0600][49.477s][info][gc,phases      ] GC(148)   Evacuate Collection Set: 2.00ms
[2026-04-03T01:35:20.728+0600][49.477s][info][gc,phases      ] GC(148)   Post Evacuate Collection Set: 0.63ms
[2026-04-03T01:35:20.728+0600][49.477s][info][gc,phases      ] GC(148)   Other: 0.07ms
[2026-04-03T01:35:20.728+0600][49.477s][info][gc,heap        ] GC(148) Eden regions: 26->0(115)
[2026-04-03T01:35:20.728+0600][49.477s][info][gc,heap        ] GC(148) Survivor regions: 2->2(13)
[2026-04-03T01:35:20.728+0600][49.477s][info][gc,heap        ] GC(148) Old regions: 46->46
[2026-04-03T01:35:20.728+0600][49.477s][info][gc,heap        ] GC(148) Humongous regions: 120->3
[2026-04-03T01:35:20.728+0600][49.477s][info][gc,metaspace   ] GC(148) Metaspace: 131955K(133504K)->131955K(133504K) NonClass: 115196K(116032K)->115196K(116032K) Class: 16758K(17472K)->16758K(17472K)
[2026-04-03T01:35:20.728+0600][49.477s][info][gc             ] GC(148) Pause Young (Prepare Mixed) (G1 Evacuation Pause) 377M->93M(392M) 3.205ms
[2026-04-03T01:35:20.729+0600][49.477s][info][gc,cpu         ] GC(148) User=0.01s Sys=0.00s Real=0.00s
[2026-04-03T01:35:20.730+0600][49.478s][info][gc,marking     ] GC(147) Concurrent Cleanup for Next Mark 4.540ms
[2026-04-03T01:35:20.730+0600][49.478s][info][gc             ] GC(147) Concurrent Mark Cycle 155.120ms
[2026-04-03T01:35:20.812+0600][49.560s][info][gc,start       ] GC(149) Pause Young (Mixed) (G1 Evacuation Pause)
[2026-04-03T01:35:20.812+0600][49.561s][info][gc,task        ] GC(149) Using 10 workers of 10 for evacuation
[2026-04-03T01:35:20.815+0600][49.563s][info][gc,phases      ] GC(149)   Pre Evacuate Collection Set: 0.32ms
[2026-04-03T01:35:20.815+0600][49.563s][info][gc,phases      ] GC(149)   Merge Heap Roots: 0.08ms
[2026-04-03T01:35:20.815+0600][49.563s][info][gc,phases      ] GC(149)   Evacuate Collection Set: 1.58ms
[2026-04-03T01:35:20.815+0600][49.563s][info][gc,phases      ] GC(149)   Post Evacuate Collection Set: 0.53ms
[2026-04-03T01:35:20.815+0600][49.563s][info][gc,phases      ] GC(149)   Other: 0.07ms
[2026-04-03T01:35:20.815+0600][49.563s][info][gc,heap        ] GC(149) Eden regions: 28->0(133)
[2026-04-03T01:35:20.815+0600][49.563s][info][gc,heap        ] GC(149) Survivor regions: 2->2(15)
[2026-04-03T01:35:20.815+0600][49.563s][info][gc,heap        ] GC(149) Old regions: 46->46
[2026-04-03T01:35:20.815+0600][49.563s][info][gc,heap        ] GC(149) Humongous regions: 147->9
[2026-04-03T01:35:20.815+0600][49.563s][info][gc,metaspace   ] GC(149) Metaspace: 131957K(133504K)->131957K(133504K) NonClass: 115198K(116032K)->115198K(116032K) Class: 16758K(17472K)->16758K(17472K)
[2026-04-03T01:35:20.815+0600][49.563s][info][gc             ] GC(149) Pause Young (Mixed) (G1 Evacuation Pause) 437M->104M(452M) 2.807ms
[2026-04-03T01:35:20.815+0600][49.563s][info][gc,cpu         ] GC(149) User=0.01s Sys=0.00s Real=0.00s
[2026-04-03T01:35:20.815+0600][49.564s][info][gc,start       ] GC(150) Pause Young (Concurrent Start) (G1 Humongous Allocation)
[2026-04-03T01:35:20.815+0600][49.564s][info][gc,task        ] GC(150) Using 10 workers of 10 for evacuation
[2026-04-03T01:35:20.820+0600][49.568s][info][gc,phases      ] GC(150)   Pre Evacuate Collection Set: 0.18ms
[2026-04-03T01:35:20.820+0600][49.568s][info][gc,phases      ] GC(150)   Merge Heap Roots: 0.06ms
[2026-04-03T01:35:20.820+0600][49.568s][info][gc,phases      ] GC(150)   Evacuate Collection Set: 1.32ms
[2026-04-03T01:35:20.820+0600][49.568s][info][gc,phases      ] GC(150)   Post Evacuate Collection Set: 2.76ms
[2026-04-03T01:35:20.820+0600][49.568s][info][gc,phases      ] GC(150)   Other: 0.10ms
[2026-04-03T01:35:20.820+0600][49.568s][info][gc,heap        ] GC(150) Eden regions: 1->0(404)
[2026-04-03T01:35:20.820+0600][49.568s][info][gc,heap        ] GC(150) Survivor regions: 2->2(17)
[2026-04-03T01:35:20.820+0600][49.568s][info][gc,heap        ] GC(150) Old regions: 46->46
[2026-04-03T01:35:20.820+0600][49.568s][info][gc,heap        ] GC(150) Humongous regions: 9->3
[2026-04-03T01:35:20.820+0600][49.568s][info][gc,metaspace   ] GC(150) Metaspace: 131957K(133504K)->131957K(133504K) NonClass: 115198K(116032K)->115198K(116032K) Class: 16758K(17472K)->16758K(17472K)
[2026-04-03T01:35:20.820+0600][49.568s][info][gc             ] GC(150) Pause Young (Concurrent Start) (G1 Humongous Allocation) 106M->92M(1356M) 4.634ms
[2026-04-03T01:35:20.820+0600][49.568s][info][gc             ] GC(151) Concurrent Undo Cycle
[2026-04-03T01:35:20.820+0600][49.568s][info][gc,cpu         ] GC(150) User=0.01s Sys=0.01s Real=0.01s
[2026-04-03T01:35:20.820+0600][49.569s][info][gc,marking     ] GC(151) Concurrent Clear Claimed Marks
[2026-04-03T01:35:20.820+0600][49.569s][info][gc,marking     ] GC(151) Concurrent Clear Claimed Marks 0.201ms
[2026-04-03T01:35:20.820+0600][49.569s][info][gc,marking     ] GC(151) Concurrent Cleanup for Next Mark
[2026-04-03T01:35:20.821+0600][49.569s][info][gc,marking     ] GC(151) Concurrent Cleanup for Next Mark 0.640ms
[2026-04-03T01:35:20.821+0600][49.569s][info][gc             ] GC(151) Concurrent Undo Cycle 0.975ms
[2026-04-03T01:35:20.828+0600][49.576s][info][gc,start       ] GC(152) Pause Young (Concurrent Start) (G1 Humongous Allocation)
[2026-04-03T01:35:20.828+0600][49.576s][info][gc,task        ] GC(152) Using 10 workers of 10 for evacuation
[2026-04-03T01:35:20.831+0600][49.580s][info][gc,phases      ] GC(152)   Pre Evacuate Collection Set: 0.48ms
[2026-04-03T01:35:20.831+0600][49.580s][info][gc,phases      ] GC(152)   Merge Heap Roots: 0.09ms
[2026-04-03T01:35:20.831+0600][49.580s][info][gc,phases      ] GC(152)   Evacuate Collection Set: 1.85ms
[2026-04-03T01:35:20.831+0600][49.580s][info][gc,phases      ] GC(152)   Post Evacuate Collection Set: 0.57ms
[2026-04-03T01:35:20.831+0600][49.580s][info][gc,phases      ] GC(152)   Other: 0.17ms
[2026-04-03T01:35:20.831+0600][49.580s][info][gc,heap        ] GC(152) Eden regions: 3->0(403)
[2026-04-03T01:35:20.831+0600][49.580s][info][gc,heap        ] GC(152) Survivor regions: 2->3(51)
[2026-04-03T01:35:20.831+0600][49.580s][info][gc,heap        ] GC(152) Old regions: 46->46
[2026-04-03T01:35:20.831+0600][49.580s][info][gc,heap        ] GC(152) Humongous regions: 69->12
[2026-04-03T01:35:20.831+0600][49.580s][info][gc,metaspace   ] GC(152) Metaspace: 131957K(133504K)->131957K(133504K) NonClass: 115198K(116032K)->115198K(116032K) Class: 16758K(17472K)->16758K(17472K)
[2026-04-03T01:35:20.831+0600][49.580s][info][gc             ] GC(152) Pause Young (Concurrent Start) (G1 Humongous Allocation) 230M->112M(1356M) 3.493ms
[2026-04-03T01:35:20.831+0600][49.580s][info][gc             ] GC(153) Concurrent Undo Cycle
[2026-04-03T01:35:20.831+0600][49.580s][info][gc,cpu         ] GC(152) User=0.01s Sys=0.01s Real=0.01s
[2026-04-03T01:35:20.831+0600][49.580s][info][gc,marking     ] GC(153) Concurrent Clear Claimed Marks
[2026-04-03T01:35:20.832+0600][49.580s][info][gc,marking     ] GC(153) Concurrent Clear Claimed Marks 0.269ms
[2026-04-03T01:35:20.832+0600][49.580s][info][gc,marking     ] GC(153) Concurrent Cleanup for Next Mark
[2026-04-03T01:35:20.832+0600][49.581s][info][gc,marking     ] GC(153) Concurrent Cleanup for Next Mark 0.308ms
[2026-04-03T01:35:20.832+0600][49.581s][info][gc             ] GC(153) Concurrent Undo Cycle 0.767ms
[2026-04-03T01:35:20.832+0600][49.581s][info][gc,start       ] GC(154) Pause Young (Concurrent Start) (G1 Humongous Allocation)
[2026-04-03T01:35:20.832+0600][49.581s][info][gc,task        ] GC(154) Using 10 workers of 10 for evacuation
[2026-04-03T01:35:20.836+0600][49.584s][info][gc,phases      ] GC(154)   Pre Evacuate Collection Set: 0.39ms
[2026-04-03T01:35:20.836+0600][49.584s][info][gc,phases      ] GC(154)   Merge Heap Roots: 0.19ms
[2026-04-03T01:35:20.836+0600][49.584s][info][gc,phases      ] GC(154)   Evacuate Collection Set: 1.76ms
[2026-04-03T01:35:20.836+0600][49.584s][info][gc,phases      ] GC(154)   Post Evacuate Collection Set: 0.56ms
[2026-04-03T01:35:20.836+0600][49.584s][info][gc,phases      ] GC(154)   Other: 0.24ms
[2026-04-03T01:35:20.836+0600][49.584s][info][gc,heap        ] GC(154) Eden regions: 2->0(403)
[2026-04-03T01:35:20.836+0600][49.584s][info][gc,heap        ] GC(154) Survivor regions: 3->3(51)
[2026-04-03T01:35:20.836+0600][49.584s][info][gc,heap        ] GC(154) Old regions: 46->46
[2026-04-03T01:35:20.836+0600][49.584s][info][gc,heap        ] GC(154) Humongous regions: 15->6
[2026-04-03T01:35:20.836+0600][49.584s][info][gc,metaspace   ] GC(154) Metaspace: 131957K(133504K)->131957K(133504K) NonClass: 115198K(116032K)->115198K(116032K) Class: 16758K(17472K)->16758K(17472K)
[2026-04-03T01:35:20.836+0600][49.584s][info][gc             ] GC(154) Pause Young (Concurrent Start) (G1 Humongous Allocation) 122M->100M(1356M) 3.405ms
[2026-04-03T01:35:20.836+0600][49.584s][info][gc             ] GC(155) Concurrent Mark Cycle
[2026-04-03T01:35:20.836+0600][49.584s][info][gc,marking     ] GC(155) Concurrent Scan Root Regions
[2026-04-03T01:35:20.836+0600][49.584s][info][gc,cpu         ] GC(154) User=0.01s Sys=0.01s Real=0.00s
[2026-04-03T01:35:20.838+0600][49.586s][info][gc,marking     ] GC(155) Concurrent Scan Root Regions 1.942ms
[2026-04-03T01:35:20.838+0600][49.586s][info][gc,marking     ] GC(155) Concurrent Mark
[2026-04-03T01:35:20.838+0600][49.586s][info][gc,marking     ] GC(155) Concurrent Mark From Roots
[2026-04-03T01:35:20.838+0600][49.586s][info][gc,task        ] GC(155) Using 2 workers of 2 for marking
[2026-04-03T01:35:20.939+0600][49.687s][info][gc,marking     ] GC(155) Concurrent Mark From Roots 100.770ms
[2026-04-03T01:35:20.939+0600][49.687s][info][gc,marking     ] GC(155) Concurrent Preclean
[2026-04-03T01:35:20.939+0600][49.688s][info][gc,marking     ] GC(155) Concurrent Preclean 0.458ms
[2026-04-03T01:35:20.940+0600][49.688s][info][gc,start       ] GC(155) Pause Remark
[2026-04-03T01:35:20.946+0600][49.695s][info][gc             ] GC(155) Pause Remark 383M->383M(1088M) 6.964ms
[2026-04-03T01:35:20.947+0600][49.695s][info][gc,cpu         ] GC(155) User=0.05s Sys=0.00s Real=0.01s
[2026-04-03T01:35:20.947+0600][49.695s][info][gc,marking     ] GC(155) Concurrent Mark 108.848ms
[2026-04-03T01:35:20.947+0600][49.695s][info][gc,marking     ] GC(155) Concurrent Rebuild Remembered Sets and Scrub Regions
[2026-04-03T01:35:20.999+0600][49.747s][info][gc,marking     ] GC(155) Concurrent Rebuild Remembered Sets and Scrub Regions 51.935ms
[2026-04-03T01:35:21.001+0600][49.749s][info][gc,start       ] GC(155) Pause Cleanup
[2026-04-03T01:35:21.001+0600][49.750s][info][gc             ] GC(155) Pause Cleanup 431M->431M(1088M) 0.407ms
[2026-04-03T01:35:21.001+0600][49.750s][info][gc,cpu         ] GC(155) User=0.00s Sys=0.00s Real=0.00s
[2026-04-03T01:35:21.002+0600][49.750s][info][gc,marking     ] GC(155) Concurrent Clear Claimed Marks
[2026-04-03T01:35:21.002+0600][49.751s][info][gc,marking     ] GC(155) Concurrent Clear Claimed Marks 0.461ms
[2026-04-03T01:35:21.002+0600][49.751s][info][gc,marking     ] GC(155) Concurrent Cleanup for Next Mark
[2026-04-03T01:35:21.012+0600][49.761s][info][gc,marking     ] GC(155) Concurrent Cleanup for Next Mark 9.834ms
[2026-04-03T01:35:21.012+0600][49.761s][info][gc             ] GC(155) Concurrent Mark Cycle 176.584ms
[2026-04-03T01:35:21.766+0600][50.515s][info][gc,start       ] GC(156) Pause Young (Prepare Mixed) (G1 Evacuation Pause)
[2026-04-03T01:35:21.767+0600][50.515s][info][gc,task        ] GC(156) Using 10 workers of 10 for evacuation
[2026-04-03T01:35:21.771+0600][50.520s][info][gc,phases      ] GC(156)   Pre Evacuate Collection Set: 0.34ms
[2026-04-03T01:35:21.771+0600][50.520s][info][gc,phases      ] GC(156)   Merge Heap Roots: 0.17ms
[2026-04-03T01:35:21.771+0600][50.520s][info][gc,phases      ] GC(156)   Evacuate Collection Set: 2.98ms
[2026-04-03T01:35:21.771+0600][50.520s][info][gc,phases      ] GC(156)   Post Evacuate Collection Set: 0.88ms
[2026-04-03T01:35:21.771+0600][50.520s][info][gc,phases      ] GC(156)   Other: 0.10ms
[2026-04-03T01:35:21.771+0600][50.520s][info][gc,heap        ] GC(156) Eden regions: 246->0(327)
[2026-04-03T01:35:21.771+0600][50.520s][info][gc,heap        ] GC(156) Survivor regions: 3->3(41)
[2026-04-03T01:35:21.771+0600][50.520s][info][gc,heap        ] GC(156) Old regions: 46->46
[2026-04-03T01:35:21.771+0600][50.520s][info][gc,heap        ] GC(156) Humongous regions: 252->3
[2026-04-03T01:35:21.771+0600][50.520s][info][gc,metaspace   ] GC(156) Metaspace: 131988K(133504K)->131988K(133504K) NonClass: 115228K(116032K)->115228K(116032K) Class: 16759K(17472K)->16759K(17472K)
[2026-04-03T01:35:21.771+0600][50.520s][info][gc             ] GC(156) Pause Young (Prepare Mixed) (G1 Evacuation Pause) 1084M->94M(1100M) 4.728ms
[2026-04-03T01:35:21.771+0600][50.520s][info][gc,cpu         ] GC(156) User=0.03s Sys=0.01s Real=0.01s
[2026-04-03T01:35:22.700+0600][51.448s][info][gc,start       ] GC(157) Pause Young (Mixed) (GCLocker Initiated GC)
[2026-04-03T01:35:22.700+0600][51.449s][info][gc,task        ] GC(157) Using 10 workers of 10 for evacuation
[2026-04-03T01:35:22.707+0600][51.456s][info][gc,phases      ] GC(157)   Pre Evacuate Collection Set: 0.70ms
[2026-04-03T01:35:22.707+0600][51.456s][info][gc,phases      ] GC(157)   Merge Heap Roots: 0.46ms
[2026-04-03T01:35:22.707+0600][51.456s][info][gc,phases      ] GC(157)   Evacuate Collection Set: 4.30ms
[2026-04-03T01:35:22.707+0600][51.456s][info][gc,phases      ] GC(157)   Post Evacuate Collection Set: 1.31ms
[2026-04-03T01:35:22.707+0600][51.456s][info][gc,phases      ] GC(157)   Other: 0.21ms
[2026-04-03T01:35:22.707+0600][51.456s][info][gc,heap        ] GC(157) Eden regions: 305->0(328)
[2026-04-03T01:35:22.707+0600][51.456s][info][gc,heap        ] GC(157) Survivor regions: 3->5(42)
[2026-04-03T01:35:22.707+0600][51.456s][info][gc,heap        ] GC(157) Old regions: 46->46
[2026-04-03T01:35:22.707+0600][51.456s][info][gc,heap        ] GC(157) Humongous regions: 196->3
[2026-04-03T01:35:22.707+0600][51.456s][info][gc,metaspace   ] GC(157) Metaspace: 132010K(133504K)->132010K(133504K) NonClass: 115250K(116032K)->115250K(116032K) Class: 16759K(17472K)->16759K(17472K)
[2026-04-03T01:35:22.707+0600][51.456s][info][gc             ] GC(157) Pause Young (Mixed) (GCLocker Initiated GC) 1090M->97M(1112M) 7.345ms
[2026-04-03T01:35:22.707+0600][51.456s][info][gc,cpu         ] GC(157) User=0.04s Sys=0.01s Real=0.00s
[2026-04-03T01:35:22.711+0600][51.460s][info][gc,start       ] GC(158) Pause Young (Concurrent Start) (GCLocker Initiated GC)
[2026-04-03T01:35:22.711+0600][51.460s][info][gc,task        ] GC(158) Using 10 workers of 10 for evacuation
[2026-04-03T01:35:22.715+0600][51.464s][info][gc,phases      ] GC(158)   Pre Evacuate Collection Set: 0.34ms
[2026-04-03T01:35:22.715+0600][51.464s][info][gc,phases      ] GC(158)   Merge Heap Roots: 0.11ms
[2026-04-03T01:35:22.715+0600][51.464s][info][gc,phases      ] GC(158)   Evacuate Collection Set: 2.53ms
[2026-04-03T01:35:22.715+0600][51.464s][info][gc,phases      ] GC(158)   Post Evacuate Collection Set: 0.86ms
[2026-04-03T01:35:22.715+0600][51.464s][info][gc,phases      ] GC(158)   Other: 0.13ms
[2026-04-03T01:35:22.715+0600][51.464s][info][gc,heap        ] GC(158) Eden regions: 5->0(328)
[2026-04-03T01:35:22.715+0600][51.464s][info][gc,heap        ] GC(158) Survivor regions: 5->5(42)
[2026-04-03T01:35:22.715+0600][51.464s][info][gc,heap        ] GC(158) Old regions: 46->46
[2026-04-03T01:35:22.715+0600][51.464s][info][gc,heap        ] GC(158) Humongous regions: 3->3
[2026-04-03T01:35:22.715+0600][51.464s][info][gc,metaspace   ] GC(158) Metaspace: 132010K(133504K)->132010K(133504K) NonClass: 115250K(116032K)->115250K(116032K) Class: 16759K(17472K)->16759K(17472K)
[2026-04-03T01:35:22.715+0600][51.464s][info][gc             ] GC(158) Pause Young (Concurrent Start) (GCLocker Initiated GC) 105M->97M(1112M) 4.271ms
[2026-04-03T01:35:22.715+0600][51.464s][info][gc             ] GC(159) Concurrent Mark Cycle
[2026-04-03T01:35:22.716+0600][51.464s][info][gc,cpu         ] GC(158) User=0.02s Sys=0.00s Real=0.00s
[2026-04-03T01:35:22.716+0600][51.464s][info][gc,marking     ] GC(159) Concurrent Scan Root Regions
[2026-04-03T01:35:22.719+0600][51.467s][info][gc,marking     ] GC(159) Concurrent Scan Root Regions 3.197ms
[2026-04-03T01:35:22.719+0600][51.467s][info][gc,marking     ] GC(159) Concurrent Mark
[2026-04-03T01:35:22.719+0600][51.467s][info][gc,marking     ] GC(159) Concurrent Mark From Roots
[2026-04-03T01:35:22.719+0600][51.467s][info][gc,task        ] GC(159) Using 2 workers of 2 for marking
[2026-04-03T01:35:22.849+0600][51.598s][info][gc,marking     ] GC(159) Concurrent Mark From Roots 130.314ms
[2026-04-03T01:35:22.849+0600][51.598s][info][gc,marking     ] GC(159) Concurrent Preclean
[2026-04-03T01:35:22.850+0600][51.599s][info][gc,marking     ] GC(159) Concurrent Preclean 0.819ms
[2026-04-03T01:35:22.850+0600][51.599s][info][gc,start       ] GC(159) Pause Remark
[2026-04-03T01:35:22.859+0600][51.608s][info][gc             ] GC(159) Pause Remark 267M->267M(620M) 8.934ms
[2026-04-03T01:35:22.860+0600][51.608s][info][gc,cpu         ] GC(159) User=0.07s Sys=0.00s Real=0.00s
[2026-04-03T01:35:22.860+0600][51.608s][info][gc,marking     ] GC(159) Concurrent Mark 140.900ms
[2026-04-03T01:35:22.860+0600][51.608s][info][gc,marking     ] GC(159) Concurrent Rebuild Remembered Sets and Scrub Regions
[2026-04-03T01:35:22.909+0600][51.657s][info][gc,marking     ] GC(159) Concurrent Rebuild Remembered Sets and Scrub Regions 49.134ms
[2026-04-03T01:35:22.909+0600][51.658s][info][gc,start       ] GC(159) Pause Cleanup
[2026-04-03T01:35:22.910+0600][51.658s][info][gc             ] GC(159) Pause Cleanup 316M->316M(620M) 0.277ms
[2026-04-03T01:35:22.910+0600][51.658s][info][gc,cpu         ] GC(159) User=0.01s Sys=0.00s Real=0.00s
[2026-04-03T01:35:22.910+0600][51.658s][info][gc,marking     ] GC(159) Concurrent Clear Claimed Marks
[2026-04-03T01:35:22.910+0600][51.659s][info][gc,marking     ] GC(159) Concurrent Clear Claimed Marks 0.355ms
[2026-04-03T01:35:22.910+0600][51.659s][info][gc,marking     ] GC(159) Concurrent Cleanup for Next Mark
[2026-04-03T01:35:22.911+0600][51.660s][info][gc,marking     ] GC(159) Concurrent Cleanup for Next Mark 1.220ms
[2026-04-03T01:35:22.911+0600][51.660s][info][gc             ] GC(159) Concurrent Mark Cycle 195.911ms
[2026-04-03T01:35:23.136+0600][51.884s][info][gc,start       ] GC(160) Pause Young (Prepare Mixed) (G1 Evacuation Pause)
[2026-04-03T01:35:23.136+0600][51.885s][info][gc,task        ] GC(160) Using 10 workers of 10 for evacuation
[2026-04-03T01:35:23.141+0600][51.889s][info][gc,phases      ] GC(160)   Pre Evacuate Collection Set: 0.37ms
[2026-04-03T01:35:23.141+0600][51.889s][info][gc,phases      ] GC(160)   Merge Heap Roots: 0.18ms
[2026-04-03T01:35:23.141+0600][51.889s][info][gc,phases      ] GC(160)   Evacuate Collection Set: 3.40ms
[2026-04-03T01:35:23.141+0600][51.889s][info][gc,phases      ] GC(160)   Post Evacuate Collection Set: 0.66ms
[2026-04-03T01:35:23.141+0600][51.889s][info][gc,phases      ] GC(160)   Other: 0.11ms
[2026-04-03T01:35:23.141+0600][51.889s][info][gc,heap        ] GC(160) Eden regions: 138->0(186)
[2026-04-03T01:35:23.141+0600][51.889s][info][gc,heap        ] GC(160) Survivor regions: 5->3(24)
[2026-04-03T01:35:23.141+0600][51.889s][info][gc,heap        ] GC(160) Old regions: 46->46
[2026-04-03T01:35:23.141+0600][51.889s][info][gc,heap        ] GC(160) Humongous regions: 124->3
[2026-04-03T01:35:23.141+0600][51.889s][info][gc,metaspace   ] GC(160) Metaspace: 132014K(133504K)->132014K(133504K) NonClass: 115254K(116032K)->115254K(116032K) Class: 16759K(17472K)->16759K(17472K)
[2026-04-03T01:35:23.141+0600][51.889s][info][gc             ] GC(160) Pause Young (Prepare Mixed) (G1 Evacuation Pause) 615M->95M(632M) 5.004ms
[2026-04-03T01:35:23.141+0600][51.890s][info][gc,cpu         ] GC(160) User=0.02s Sys=0.02s Real=0.01s
[2026-04-03T01:35:23.623+0600][52.372s][info][gc,start       ] GC(161) Pause Young (Mixed) (G1 Evacuation Pause)
[2026-04-03T01:35:23.623+0600][52.372s][info][gc,task        ] GC(161) Using 10 workers of 10 for evacuation
[2026-04-03T01:35:23.630+0600][52.378s][info][gc,phases      ] GC(161)   Pre Evacuate Collection Set: 0.35ms
[2026-04-03T01:35:23.630+0600][52.379s][info][gc,phases      ] GC(161)   Merge Heap Roots: 0.28ms
[2026-04-03T01:35:23.630+0600][52.379s][info][gc,phases      ] GC(161)   Evacuate Collection Set: 4.81ms
[2026-04-03T01:35:23.630+0600][52.379s][info][gc,phases      ] GC(161)   Post Evacuate Collection Set: 1.06ms
[2026-04-03T01:35:23.630+0600][52.379s][info][gc,phases      ] GC(161)   Other: 0.14ms
[2026-04-03T01:35:23.630+0600][52.379s][info][gc,heap        ] GC(161) Eden regions: 164->0(188)
[2026-04-03T01:35:23.630+0600][52.379s][info][gc,heap        ] GC(161) Survivor regions: 3->5(24)
[2026-04-03T01:35:23.630+0600][52.379s][info][gc,heap        ] GC(161) Old regions: 46->46
[2026-04-03T01:35:23.630+0600][52.379s][info][gc,heap        ] GC(161) Humongous regions: 103->3
[2026-04-03T01:35:23.630+0600][52.379s][info][gc,metaspace   ] GC(161) Metaspace: 132041K(133504K)->132041K(133504K) NonClass: 115280K(116032K)->115280K(116032K) Class: 16760K(17472K)->16760K(17472K)
[2026-04-03T01:35:23.630+0600][52.379s][info][gc             ] GC(161) Pause Young (Mixed) (G1 Evacuation Pause) 623M->97M(644M) 7.064ms
[2026-04-03T01:35:23.630+0600][52.379s][info][gc,cpu         ] GC(161) User=0.04s Sys=0.02s Real=0.01s
[2026-04-03T01:35:23.644+0600][52.392s][info][gc,start       ] GC(162) Pause Young (Concurrent Start) (G1 Humongous Allocation)
[2026-04-03T01:35:23.644+0600][52.392s][info][gc,task        ] GC(162) Using 10 workers of 10 for evacuation
[2026-04-03T01:35:23.649+0600][52.397s][info][gc,phases      ] GC(162)   Pre Evacuate Collection Set: 0.53ms
[2026-04-03T01:35:23.649+0600][52.397s][info][gc,phases      ] GC(162)   Merge Heap Roots: 0.39ms
[2026-04-03T01:35:23.649+0600][52.397s][info][gc,phases      ] GC(162)   Evacuate Collection Set: 2.97ms
[2026-04-03T01:35:23.649+0600][52.397s][info][gc,phases      ] GC(162)   Post Evacuate Collection Set: 0.63ms
[2026-04-03T01:35:23.649+0600][52.397s][info][gc,phases      ] GC(162)   Other: 0.35ms
[2026-04-03T01:35:23.649+0600][52.397s][info][gc,heap        ] GC(162) Eden regions: 9->0(188)
[2026-04-03T01:35:23.649+0600][52.397s][info][gc,heap        ] GC(162) Survivor regions: 5->5(25)
[2026-04-03T01:35:23.649+0600][52.397s][info][gc,heap        ] GC(162) Old regions: 46->46
[2026-04-03T01:35:23.649+0600][52.397s][info][gc,heap        ] GC(162) Humongous regions: 3->3
[2026-04-03T01:35:23.649+0600][52.398s][info][gc,metaspace   ] GC(162) Metaspace: 132041K(133504K)->132041K(133504K) NonClass: 115280K(116032K)->115280K(116032K) Class: 16760K(17472K)->16760K(17472K)
[2026-04-03T01:35:23.649+0600][52.398s][info][gc             ] GC(162) Pause Young (Concurrent Start) (G1 Humongous Allocation) 115M->97M(644M) 5.198ms
[2026-04-03T01:35:23.649+0600][52.398s][info][gc             ] GC(163) Concurrent Mark Cycle
[2026-04-03T01:35:23.649+0600][52.398s][info][gc,cpu         ] GC(162) User=0.04s Sys=0.00s Real=0.00s
[2026-04-03T01:35:23.649+0600][52.398s][info][gc,marking     ] GC(163) Concurrent Scan Root Regions
[2026-04-03T01:35:23.654+0600][52.402s][info][gc,marking     ] GC(163) Concurrent Scan Root Regions 4.626ms
[2026-04-03T01:35:23.654+0600][52.402s][info][gc,marking     ] GC(163) Concurrent Mark
[2026-04-03T01:35:23.654+0600][52.402s][info][gc,marking     ] GC(163) Concurrent Mark From Roots
[2026-04-03T01:35:23.654+0600][52.402s][info][gc,task        ] GC(163) Using 2 workers of 2 for marking
[2026-04-03T01:35:23.788+0600][52.537s][info][gc,marking     ] GC(163) Concurrent Mark From Roots 134.202ms
[2026-04-03T01:35:23.788+0600][52.537s][info][gc,marking     ] GC(163) Concurrent Preclean
[2026-04-03T01:35:23.789+0600][52.537s][info][gc,marking     ] GC(163) Concurrent Preclean 0.677ms
[2026-04-03T01:35:23.789+0600][52.538s][info][gc,start       ] GC(163) Pause Remark
[2026-04-03T01:35:23.798+0600][52.547s][info][gc             ] GC(163) Pause Remark 255M->255M(488M) 8.886ms
[2026-04-03T01:35:23.798+0600][52.547s][info][gc,cpu         ] GC(163) User=0.07s Sys=0.00s Real=0.01s
[2026-04-03T01:35:23.799+0600][52.547s][info][gc,marking     ] GC(163) Concurrent Mark 144.588ms
[2026-04-03T01:35:23.799+0600][52.547s][info][gc,marking     ] GC(163) Concurrent Rebuild Remembered Sets and Scrub Regions
[2026-04-03T01:35:23.838+0600][52.587s][info][gc,marking     ] GC(163) Concurrent Rebuild Remembered Sets and Scrub Regions 39.801ms
[2026-04-03T01:35:23.839+0600][52.588s][info][gc,start       ] GC(163) Pause Cleanup
[2026-04-03T01:35:23.839+0600][52.588s][info][gc             ] GC(163) Pause Cleanup 277M->277M(488M) 0.247ms
[2026-04-03T01:35:23.839+0600][52.588s][info][gc,cpu         ] GC(163) User=0.00s Sys=0.00s Real=0.00s
[2026-04-03T01:35:23.839+0600][52.588s][info][gc,marking     ] GC(163) Concurrent Clear Claimed Marks
[2026-04-03T01:35:23.840+0600][52.588s][info][gc,marking     ] GC(163) Concurrent Clear Claimed Marks 0.340ms
[2026-04-03T01:35:23.840+0600][52.588s][info][gc,marking     ] GC(163) Concurrent Cleanup for Next Mark
[2026-04-03T01:35:23.841+0600][52.589s][info][gc,marking     ] GC(163) Concurrent Cleanup for Next Mark 0.926ms
[2026-04-03T01:35:23.841+0600][52.589s][info][gc             ] GC(163) Concurrent Mark Cycle 191.678ms
[2026-04-03T01:35:23.917+0600][52.665s][info][gc,start       ] GC(164) Pause Young (Prepare Mixed) (G1 Evacuation Pause)
[2026-04-03T01:35:23.917+0600][52.665s][info][gc,task        ] GC(164) Using 10 workers of 10 for evacuation
[2026-04-03T01:35:23.922+0600][52.671s][info][gc,phases      ] GC(164)   Pre Evacuate Collection Set: 0.41ms
[2026-04-03T01:35:23.922+0600][52.671s][info][gc,phases      ] GC(164)   Merge Heap Roots: 0.17ms
[2026-04-03T01:35:23.922+0600][52.671s][info][gc,phases      ] GC(164)   Evacuate Collection Set: 3.95ms
[2026-04-03T01:35:23.922+0600][52.671s][info][gc,phases      ] GC(164)   Post Evacuate Collection Set: 0.74ms
[2026-04-03T01:35:23.922+0600][52.671s][info][gc,phases      ] GC(164)   Other: 0.09ms
[2026-04-03T01:35:23.922+0600][52.671s][info][gc,heap        ] GC(164) Eden regions: 84->0(146)
[2026-04-03T01:35:23.922+0600][52.671s][info][gc,heap        ] GC(164) Survivor regions: 5->5(19)
[2026-04-03T01:35:23.922+0600][52.671s][info][gc,heap        ] GC(164) Old regions: 46->46
[2026-04-03T01:35:23.922+0600][52.671s][info][gc,heap        ] GC(164) Humongous regions: 112->9
[2026-04-03T01:35:23.922+0600][52.671s][info][gc,metaspace   ] GC(164) Metaspace: 132041K(133504K)->132041K(133504K) NonClass: 115280K(116032K)->115280K(116032K) Class: 16760K(17472K)->16760K(17472K)
[2026-04-03T01:35:23.922+0600][52.671s][info][gc             ] GC(164) Pause Young (Prepare Mixed) (G1 Evacuation Pause) 483M->109M(504M) 5.659ms
[2026-04-03T01:35:23.923+0600][52.671s][info][gc,cpu         ] GC(164) User=0.03s Sys=0.01s Real=0.01s
[2026-04-03T01:35:24.039+0600][52.788s][info][gc,start       ] GC(165) Pause Young (Mixed) (G1 Evacuation Pause)
[2026-04-03T01:35:24.039+0600][52.788s][info][gc,task        ] GC(165) Using 10 workers of 10 for evacuation
[2026-04-03T01:35:24.043+0600][52.792s][info][gc,phases      ] GC(165)   Pre Evacuate Collection Set: 0.27ms
[2026-04-03T01:35:24.043+0600][52.792s][info][gc,phases      ] GC(165)   Merge Heap Roots: 0.16ms
[2026-04-03T01:35:24.043+0600][52.792s][info][gc,phases      ] GC(165)   Evacuate Collection Set: 2.88ms
[2026-04-03T01:35:24.043+0600][52.792s][info][gc,phases      ] GC(165)   Post Evacuate Collection Set: 0.67ms
[2026-04-03T01:35:24.043+0600][52.792s][info][gc,phases      ] GC(165)   Other: 0.07ms
[2026-04-03T01:35:24.043+0600][52.792s][info][gc,heap        ] GC(165) Eden regions: 34->0(197)
[2026-04-03T01:35:24.043+0600][52.792s][info][gc,heap        ] GC(165) Survivor regions: 5->4(19)
[2026-04-03T01:35:24.043+0600][52.792s][info][gc,heap        ] GC(165) Old regions: 46->45
[2026-04-03T01:35:24.043+0600][52.792s][info][gc,heap        ] GC(165) Humongous regions: 246->12
[2026-04-03T01:35:24.043+0600][52.792s][info][gc,metaspace   ] GC(165) Metaspace: 132067K(133504K)->132067K(133504K) NonClass: 115306K(116032K)->115306K(116032K) Class: 16760K(17472K)->16760K(17472K)
[2026-04-03T01:35:24.043+0600][52.792s][info][gc             ] GC(165) Pause Young (Mixed) (G1 Evacuation Pause) 651M->113M(672M) 4.306ms
[2026-04-03T01:35:24.043+0600][52.792s][info][gc,cpu         ] GC(165) User=0.02s Sys=0.01s Real=0.01s
[2026-04-03T01:35:24.044+0600][52.792s][info][gc,start       ] GC(166) Pause Young (Concurrent Start) (G1 Humongous Allocation)
[2026-04-03T01:35:24.044+0600][52.792s][info][gc,task        ] GC(166) Using 10 workers of 10 for evacuation
[2026-04-03T01:35:24.047+0600][52.795s][info][gc,phases      ] GC(166)   Pre Evacuate Collection Set: 0.33ms
[2026-04-03T01:35:24.047+0600][52.795s][info][gc,phases      ] GC(166)   Merge Heap Roots: 0.09ms
[2026-04-03T01:35:24.047+0600][52.795s][info][gc,phases      ] GC(166)   Evacuate Collection Set: 1.66ms
[2026-04-03T01:35:24.047+0600][52.795s][info][gc,phases      ] GC(166)   Post Evacuate Collection Set: 0.79ms
[2026-04-03T01:35:24.047+0600][52.796s][info][gc,phases      ] GC(166)   Other: 0.09ms
[2026-04-03T01:35:24.047+0600][52.796s][info][gc,heap        ] GC(166) Eden regions: 1->0(236)
[2026-04-03T01:35:24.047+0600][52.796s][info][gc,heap        ] GC(166) Survivor regions: 4->4(26)
[2026-04-03T01:35:24.047+0600][52.796s][info][gc,heap        ] GC(166) Old regions: 45->45
[2026-04-03T01:35:24.047+0600][52.796s][info][gc,heap        ] GC(166) Humongous regions: 12->3
[2026-04-03T01:35:24.047+0600][52.796s][info][gc,metaspace   ] GC(166) Metaspace: 132067K(133504K)->132067K(133504K) NonClass: 115306K(116032K)->115306K(116032K) Class: 16760K(17472K)->16760K(17472K)
[2026-04-03T01:35:24.047+0600][52.796s][info][gc             ] GC(166) Pause Young (Concurrent Start) (G1 Humongous Allocation) 115M->95M(802M) 3.152ms
[2026-04-03T01:35:24.047+0600][52.796s][info][gc             ] GC(167) Concurrent Mark Cycle
[2026-04-03T01:35:24.047+0600][52.796s][info][gc,cpu         ] GC(166) User=0.01s Sys=0.01s Real=0.00s
[2026-04-03T01:35:24.047+0600][52.796s][info][gc,marking     ] GC(167) Concurrent Scan Root Regions
[2026-04-03T01:35:24.052+0600][52.800s][info][gc,marking     ] GC(167) Concurrent Scan Root Regions 4.635ms
[2026-04-03T01:35:24.052+0600][52.801s][info][gc,marking     ] GC(167) Concurrent Mark
[2026-04-03T01:35:24.052+0600][52.801s][info][gc,marking     ] GC(167) Concurrent Mark From Roots
[2026-04-03T01:35:24.052+0600][52.801s][info][gc,task        ] GC(167) Using 2 workers of 2 for marking
[2026-04-03T01:35:24.154+0600][52.902s][info][gc,marking     ] GC(167) Concurrent Mark From Roots 101.621ms
[2026-04-03T01:35:24.154+0600][52.902s][info][gc,marking     ] GC(167) Concurrent Preclean
[2026-04-03T01:35:24.155+0600][52.903s][info][gc,marking     ] GC(167) Concurrent Preclean 0.937ms
[2026-04-03T01:35:24.155+0600][52.904s][info][gc,start       ] GC(167) Pause Remark
[2026-04-03T01:35:24.164+0600][52.912s][info][gc             ] GC(167) Pause Remark 416M->416M(802M) 8.733ms
[2026-04-03T01:35:24.164+0600][52.913s][info][gc,cpu         ] GC(167) User=0.07s Sys=0.00s Real=0.01s
[2026-04-03T01:35:24.164+0600][52.913s][info][gc,marking     ] GC(167) Concurrent Mark 112.266ms
[2026-04-03T01:35:24.164+0600][52.913s][info][gc,marking     ] GC(167) Concurrent Rebuild Remembered Sets and Scrub Regions
[2026-04-03T01:35:24.211+0600][52.960s][info][gc,marking     ] GC(167) Concurrent Rebuild Remembered Sets and Scrub Regions 46.910ms
[2026-04-03T01:35:24.212+0600][52.960s][info][gc,start       ] GC(167) Pause Cleanup
[2026-04-03T01:35:24.212+0600][52.960s][info][gc             ] GC(167) Pause Cleanup 451M->451M(802M) 0.346ms
[2026-04-03T01:35:24.212+0600][52.961s][info][gc,cpu         ] GC(167) User=0.00s Sys=0.00s Real=0.00s
[2026-04-03T01:35:24.212+0600][52.961s][info][gc,marking     ] GC(167) Concurrent Clear Claimed Marks
[2026-04-03T01:35:24.213+0600][52.961s][info][gc,marking     ] GC(167) Concurrent Clear Claimed Marks 0.370ms
[2026-04-03T01:35:24.213+0600][52.961s][info][gc,marking     ] GC(167) Concurrent Cleanup for Next Mark
[2026-04-03T01:35:24.216+0600][52.964s][info][gc,marking     ] GC(167) Concurrent Cleanup for Next Mark 3.135ms
[2026-04-03T01:35:24.216+0600][52.964s][info][gc             ] GC(167) Concurrent Mark Cycle 168.622ms
[2026-04-03T01:35:24.715+0600][53.463s][info][gc,start       ] GC(168) Pause Young (Prepare Mixed) (G1 Evacuation Pause)
[2026-04-03T01:35:24.715+0600][53.463s][info][gc,task        ] GC(168) Using 10 workers of 10 for evacuation
[2026-04-03T01:35:24.720+0600][53.468s][info][gc,phases      ] GC(168)   Pre Evacuate Collection Set: 0.31ms
[2026-04-03T01:35:24.720+0600][53.468s][info][gc,phases      ] GC(168)   Merge Heap Roots: 0.20ms
[2026-04-03T01:35:24.720+0600][53.468s][info][gc,phases      ] GC(168)   Evacuate Collection Set: 3.55ms
[2026-04-03T01:35:24.720+0600][53.468s][info][gc,phases      ] GC(168)   Post Evacuate Collection Set: 0.67ms
[2026-04-03T01:35:24.720+0600][53.468s][info][gc,phases      ] GC(168)   Other: 0.10ms
[2026-04-03T01:35:24.720+0600][53.468s][info][gc,heap        ] GC(168) Eden regions: 166->0(239)
[2026-04-03T01:35:24.720+0600][53.468s][info][gc,heap        ] GC(168) Survivor regions: 4->3(30)
[2026-04-03T01:35:24.720+0600][53.468s][info][gc,heap        ] GC(168) Old regions: 45->45
[2026-04-03T01:35:24.720+0600][53.468s][info][gc,heap        ] GC(168) Humongous regions: 186->3
[2026-04-03T01:35:24.720+0600][53.468s][info][gc,metaspace   ] GC(168) Metaspace: 132104K(133504K)->132104K(133504K) NonClass: 115343K(116032K)->115343K(116032K) Class: 16760K(17472K)->16760K(17472K)
[2026-04-03T01:35:24.720+0600][53.468s][info][gc             ] GC(168) Pause Young (Prepare Mixed) (G1 Evacuation Pause) 793M->95M(808M) 5.117ms
[2026-04-03T01:35:24.720+0600][53.469s][info][gc,cpu         ] GC(168) User=0.03s Sys=0.01s Real=0.01s
[2026-04-03T01:35:25.228+0600][53.976s][info][gc,start       ] GC(169) Pause Young (Mixed) (GCLocker Initiated GC)
[2026-04-03T01:35:25.228+0600][53.976s][info][gc,task        ] GC(169) Using 10 workers of 10 for evacuation
[2026-04-03T01:35:25.235+0600][53.984s][info][gc,phases      ] GC(169)   Pre Evacuate Collection Set: 0.41ms
[2026-04-03T01:35:25.235+0600][53.984s][info][gc,phases      ] GC(169)   Merge Heap Roots: 0.25ms
[2026-04-03T01:35:25.235+0600][53.984s][info][gc,phases      ] GC(169)   Evacuate Collection Set: 5.93ms
[2026-04-03T01:35:25.235+0600][53.984s][info][gc,phases      ] GC(169)   Post Evacuate Collection Set: 0.92ms
[2026-04-03T01:35:25.236+0600][53.984s][info][gc,phases      ] GC(169)   Other: 0.16ms
[2026-04-03T01:35:25.236+0600][53.984s][info][gc,heap        ] GC(169) Eden regions: 199->0(240)
[2026-04-03T01:35:25.236+0600][53.984s][info][gc,heap        ] GC(169) Survivor regions: 3->5(31)
[2026-04-03T01:35:25.236+0600][53.984s][info][gc,heap        ] GC(169) Old regions: 45->44
[2026-04-03T01:35:25.236+0600][53.984s][info][gc,heap        ] GC(169) Humongous regions: 157->3
[2026-04-03T01:35:25.236+0600][53.984s][info][gc,metaspace   ] GC(169) Metaspace: 132132K(133568K)->132132K(133568K) NonClass: 115371K(116096K)->115371K(116096K) Class: 16760K(17472K)->16760K(17472K)
[2026-04-03T01:35:25.236+0600][53.984s][info][gc             ] GC(169) Pause Young (Mixed) (GCLocker Initiated GC) 801M->98M(818M) 8.018ms
[2026-04-03T01:35:25.236+0600][53.984s][info][gc,cpu         ] GC(169) User=0.05s Sys=0.02s Real=0.01s
[2026-04-03T01:35:25.240+0600][53.989s][info][gc,start       ] GC(170) Pause Young (Concurrent Start) (GCLocker Initiated GC)
[2026-04-03T01:35:25.240+0600][53.989s][info][gc,task        ] GC(170) Using 10 workers of 10 for evacuation
[2026-04-03T01:35:25.245+0600][53.994s][info][gc,phases      ] GC(170)   Pre Evacuate Collection Set: 0.41ms
[2026-04-03T01:35:25.245+0600][53.994s][info][gc,phases      ] GC(170)   Merge Heap Roots: 0.14ms
[2026-04-03T01:35:25.245+0600][53.994s][info][gc,phases      ] GC(170)   Evacuate Collection Set: 3.47ms
[2026-04-03T01:35:25.245+0600][53.994s][info][gc,phases      ] GC(170)   Post Evacuate Collection Set: 0.77ms
[2026-04-03T01:35:25.245+0600][53.994s][info][gc,phases      ] GC(170)   Other: 0.18ms
[2026-04-03T01:35:25.245+0600][53.994s][info][gc,heap        ] GC(170) Eden regions: 5->0(240)
[2026-04-03T01:35:25.245+0600][53.994s][info][gc,heap        ] GC(170) Survivor regions: 5->5(31)
[2026-04-03T01:35:25.245+0600][53.994s][info][gc,heap        ] GC(170) Old regions: 44->44
[2026-04-03T01:35:25.245+0600][53.994s][info][gc,heap        ] GC(170) Humongous regions: 3->3
[2026-04-03T01:35:25.245+0600][53.994s][info][gc,metaspace   ] GC(170) Metaspace: 132132K(133568K)->132132K(133568K) NonClass: 115371K(116096K)->115371K(116096K) Class: 16760K(17472K)->16760K(17472K)
[2026-04-03T01:35:25.246+0600][53.994s][info][gc             ] GC(170) Pause Young (Concurrent Start) (GCLocker Initiated GC) 107M->97M(818M) 5.336ms
[2026-04-03T01:35:25.246+0600][53.994s][info][gc             ] GC(171) Concurrent Mark Cycle
[2026-04-03T01:35:25.246+0600][53.994s][info][gc,cpu         ] GC(170) User=0.04s Sys=0.00s Real=0.00s
[2026-04-03T01:35:25.246+0600][53.994s][info][gc,marking     ] GC(171) Concurrent Scan Root Regions
[2026-04-03T01:35:25.253+0600][54.001s][info][gc,marking     ] GC(171) Concurrent Scan Root Regions 7.162ms
[2026-04-03T01:35:25.253+0600][54.001s][info][gc,marking     ] GC(171) Concurrent Mark
[2026-04-03T01:35:25.253+0600][54.001s][info][gc,marking     ] GC(171) Concurrent Mark From Roots
[2026-04-03T01:35:25.253+0600][54.001s][info][gc,task        ] GC(171) Using 2 workers of 2 for marking
[2026-04-03T01:35:25.388+0600][54.136s][info][gc,marking     ] GC(171) Concurrent Mark From Roots 134.780ms
[2026-04-03T01:35:25.388+0600][54.136s][info][gc,marking     ] GC(171) Concurrent Preclean
[2026-04-03T01:35:25.389+0600][54.137s][info][gc,marking     ] GC(171) Concurrent Preclean 0.648ms
[2026-04-03T01:35:25.389+0600][54.137s][info][gc,start       ] GC(171) Pause Remark
[2026-04-03T01:35:25.398+0600][54.146s][info][gc             ] GC(171) Pause Remark 262M->262M(614M) 8.964ms
[2026-04-03T01:35:25.398+0600][54.147s][info][gc,cpu         ] GC(171) User=0.06s Sys=0.01s Real=0.01s
[2026-04-03T01:35:25.398+0600][54.147s][info][gc,marking     ] GC(171) Concurrent Mark 145.314ms
[2026-04-03T01:35:25.398+0600][54.147s][info][gc,marking     ] GC(171) Concurrent Rebuild Remembered Sets and Scrub Regions
[2026-04-03T01:35:25.436+0600][54.185s][info][gc,marking     ] GC(171) Concurrent Rebuild Remembered Sets and Scrub Regions 38.051ms
[2026-04-03T01:35:25.437+0600][54.185s][info][gc,start       ] GC(171) Pause Cleanup
[2026-04-03T01:35:25.437+0600][54.186s][info][gc             ] GC(171) Pause Cleanup 285M->285M(614M) 0.276ms
[2026-04-03T01:35:25.437+0600][54.186s][info][gc,cpu         ] GC(171) User=0.00s Sys=0.00s Real=0.00s
[2026-04-03T01:35:25.437+0600][54.186s][info][gc,marking     ] GC(171) Concurrent Clear Claimed Marks
[2026-04-03T01:35:25.438+0600][54.186s][info][gc,marking     ] GC(171) Concurrent Clear Claimed Marks 0.346ms
[2026-04-03T01:35:25.438+0600][54.186s][info][gc,marking     ] GC(171) Concurrent Cleanup for Next Mark
[2026-04-03T01:35:25.439+0600][54.187s][info][gc,marking     ] GC(171) Concurrent Cleanup for Next Mark 0.976ms
[2026-04-03T01:35:25.439+0600][54.187s][info][gc             ] GC(171) Concurrent Mark Cycle 193.034ms
[2026-04-03T01:35:25.862+0600][54.610s][info][gc,start       ] GC(172) Pause Young (Prepare Mixed) (G1 Evacuation Pause)
[2026-04-03T01:35:25.862+0600][54.611s][info][gc,task        ] GC(172) Using 10 workers of 10 for evacuation
[2026-04-03T01:35:25.868+0600][54.616s][info][gc,phases      ] GC(172)   Pre Evacuate Collection Set: 0.53ms
[2026-04-03T01:35:25.868+0600][54.616s][info][gc,phases      ] GC(172)   Merge Heap Roots: 0.33ms
[2026-04-03T01:35:25.868+0600][54.616s][info][gc,phases      ] GC(172)   Evacuate Collection Set: 3.39ms
[2026-04-03T01:35:25.868+0600][54.616s][info][gc,phases      ] GC(172)   Post Evacuate Collection Set: 1.13ms
[2026-04-03T01:35:25.868+0600][54.616s][info][gc,phases      ] GC(172)   Other: 0.12ms
[2026-04-03T01:35:25.868+0600][54.616s][info][gc,heap        ] GC(172) Eden regions: 164->0(184)
[2026-04-03T01:35:25.868+0600][54.616s][info][gc,heap        ] GC(172) Survivor regions: 5->4(23)
[2026-04-03T01:35:25.868+0600][54.616s][info][gc,heap        ] GC(172) Old regions: 44->44
[2026-04-03T01:35:25.868+0600][54.616s][info][gc,heap        ] GC(172) Humongous regions: 97->3
[2026-04-03T01:35:25.868+0600][54.616s][info][gc,metaspace   ] GC(172) Metaspace: 132162K(133632K)->132162K(133632K) NonClass: 115398K(116160K)->115398K(116160K) Class: 16763K(17472K)->16763K(17472K)
[2026-04-03T01:35:25.868+0600][54.616s][info][gc             ] GC(172) Pause Young (Prepare Mixed) (G1 Evacuation Pause) 613M->96M(628M) 5.997ms
[2026-04-03T01:35:25.868+0600][54.617s][info][gc,cpu         ] GC(172) User=0.03s Sys=0.01s Real=0.00s
[2026-04-03T01:35:26.240+0600][54.988s][info][gc,start       ] GC(173) Pause Young (Mixed) (G1 Evacuation Pause)
[2026-04-03T01:35:26.240+0600][54.988s][info][gc,task        ] GC(173) Using 10 workers of 10 for evacuation
[2026-04-03T01:35:26.247+0600][54.995s][info][gc,phases      ] GC(173)   Pre Evacuate Collection Set: 0.45ms
[2026-04-03T01:35:26.247+0600][54.996s][info][gc,phases      ] GC(173)   Merge Heap Roots: 0.22ms
[2026-04-03T01:35:26.247+0600][54.996s][info][gc,phases      ] GC(173)   Evacuate Collection Set: 5.32ms
[2026-04-03T01:35:26.247+0600][54.996s][info][gc,phases      ] GC(173)   Post Evacuate Collection Set: 0.96ms
[2026-04-03T01:35:26.247+0600][54.996s][info][gc,phases      ] GC(173)   Other: 0.13ms
[2026-04-03T01:35:26.247+0600][54.996s][info][gc,heap        ] GC(173) Eden regions: 148->0(188)
[2026-04-03T01:35:26.247+0600][54.996s][info][gc,heap        ] GC(173) Survivor regions: 4->4(24)
[2026-04-03T01:35:26.247+0600][54.996s][info][gc,heap        ] GC(173) Old regions: 44->44
[2026-04-03T01:35:26.247+0600][54.996s][info][gc,heap        ] GC(173) Humongous regions: 120->3
[2026-04-03T01:35:26.247+0600][54.996s][info][gc,metaspace   ] GC(173) Metaspace: 132164K(133632K)->132164K(133632K) NonClass: 115400K(116160K)->115400K(116160K) Class: 16763K(17472K)->16763K(17472K)
[2026-04-03T01:35:26.247+0600][54.996s][info][gc             ] GC(173) Pause Young (Mixed) (G1 Evacuation Pause) 626M->96M(642M) 7.437ms
[2026-04-03T01:35:26.247+0600][54.996s][info][gc,cpu         ] GC(173) User=0.04s Sys=0.01s Real=0.00s
[2026-04-03T01:35:26.249+0600][54.998s][info][gc,start       ] GC(174) Pause Young (Concurrent Start) (G1 Humongous Allocation)
[2026-04-03T01:35:26.249+0600][54.998s][info][gc,task        ] GC(174) Using 10 workers of 10 for evacuation
[2026-04-03T01:35:26.254+0600][55.002s][info][gc,phases      ] GC(174)   Pre Evacuate Collection Set: 0.34ms
[2026-04-03T01:35:26.254+0600][55.002s][info][gc,phases      ] GC(174)   Merge Heap Roots: 0.13ms
[2026-04-03T01:35:26.254+0600][55.002s][info][gc,phases      ] GC(174)   Evacuate Collection Set: 2.91ms
[2026-04-03T01:35:26.254+0600][55.002s][info][gc,phases      ] GC(174)   Post Evacuate Collection Set: 0.72ms
[2026-04-03T01:35:26.254+0600][55.002s][info][gc,phases      ] GC(174)   Other: 0.15ms
[2026-04-03T01:35:26.254+0600][55.002s][info][gc,heap        ] GC(174) Eden regions: 2->0(188)
[2026-04-03T01:35:26.254+0600][55.002s][info][gc,heap        ] GC(174) Survivor regions: 4->4(24)
[2026-04-03T01:35:26.254+0600][55.002s][info][gc,heap        ] GC(174) Old regions: 44->44
[2026-04-03T01:35:26.254+0600][55.002s][info][gc,heap        ] GC(174) Humongous regions: 3->3
[2026-04-03T01:35:26.254+0600][55.002s][info][gc,metaspace   ] GC(174) Metaspace: 132164K(133632K)->132164K(133632K) NonClass: 115400K(116160K)->115400K(116160K) Class: 16763K(17472K)->16763K(17472K)
[2026-04-03T01:35:26.254+0600][55.002s][info][gc             ] GC(174) Pause Young (Concurrent Start) (G1 Humongous Allocation) 98M->95M(642M) 4.590ms
[2026-04-03T01:35:26.254+0600][55.003s][info][gc             ] GC(175) Concurrent Mark Cycle
[2026-04-03T01:35:26.254+0600][55.003s][info][gc,cpu         ] GC(174) User=0.03s Sys=0.00s Real=0.01s
[2026-04-03T01:35:26.254+0600][55.003s][info][gc,marking     ] GC(175) Concurrent Scan Root Regions
[2026-04-03T01:35:26.257+0600][55.006s][info][gc,marking     ] GC(175) Concurrent Scan Root Regions 3.300ms
[2026-04-03T01:35:26.258+0600][55.006s][info][gc,marking     ] GC(175) Concurrent Mark
[2026-04-03T01:35:26.258+0600][55.006s][info][gc,marking     ] GC(175) Concurrent Mark From Roots
[2026-04-03T01:35:26.258+0600][55.006s][info][gc,task        ] GC(175) Using 2 workers of 2 for marking
[2026-04-03T01:35:26.403+0600][55.152s][info][gc,marking     ] GC(175) Concurrent Mark From Roots 145.565ms
[2026-04-03T01:35:26.403+0600][55.152s][info][gc,marking     ] GC(175) Concurrent Preclean
[2026-04-03T01:35:26.404+0600][55.152s][info][gc,marking     ] GC(175) Concurrent Preclean 0.641ms
[2026-04-03T01:35:26.404+0600][55.153s][info][gc,start       ] GC(175) Pause Remark
[2026-04-03T01:35:26.414+0600][55.163s][info][gc             ] GC(175) Pause Remark 261M->261M(588M) 9.817ms
[2026-04-03T01:35:26.414+0600][55.163s][info][gc,cpu         ] GC(175) User=0.07s Sys=0.01s Real=0.01s
[2026-04-03T01:35:26.414+0600][55.163s][info][gc,marking     ] GC(175) Concurrent Mark 156.891ms
[2026-04-03T01:35:26.414+0600][55.163s][info][gc,marking     ] GC(175) Concurrent Rebuild Remembered Sets and Scrub Regions
[2026-04-03T01:35:26.465+0600][55.213s][info][gc,marking     ] GC(175) Concurrent Rebuild Remembered Sets and Scrub Regions 50.218ms
[2026-04-03T01:35:26.465+0600][55.214s][info][gc,start       ] GC(175) Pause Cleanup
[2026-04-03T01:35:26.466+0600][55.214s][info][gc             ] GC(175) Pause Cleanup 320M->320M(588M) 0.298ms
[2026-04-03T01:35:26.466+0600][55.214s][info][gc,cpu         ] GC(175) User=0.00s Sys=0.00s Real=0.00s
[2026-04-03T01:35:26.466+0600][55.214s][info][gc,marking     ] GC(175) Concurrent Clear Claimed Marks
[2026-04-03T01:35:26.466+0600][55.215s][info][gc,marking     ] GC(175) Concurrent Clear Claimed Marks 0.418ms
[2026-04-03T01:35:26.466+0600][55.215s][info][gc,marking     ] GC(175) Concurrent Cleanup for Next Mark
[2026-04-03T01:35:26.467+0600][55.216s][info][gc,marking     ] GC(175) Concurrent Cleanup for Next Mark 1.210ms
[2026-04-03T01:35:26.468+0600][55.216s][info][gc             ] GC(175) Concurrent Mark Cycle 213.518ms
[2026-04-03T01:35:26.726+0600][55.474s][info][gc,start       ] GC(176) Pause Young (Prepare Mixed) (G1 Evacuation Pause)
[2026-04-03T01:35:26.726+0600][55.474s][info][gc,task        ] GC(176) Using 10 workers of 10 for evacuation
[2026-04-03T01:35:26.732+0600][55.481s][info][gc,phases      ] GC(176)   Pre Evacuate Collection Set: 0.40ms
[2026-04-03T01:35:26.732+0600][55.481s][info][gc,phases      ] GC(176)   Merge Heap Roots: 0.19ms
[2026-04-03T01:35:26.732+0600][55.481s][info][gc,phases      ] GC(176)   Evacuate Collection Set: 4.73ms
[2026-04-03T01:35:26.732+0600][55.481s][info][gc,phases      ] GC(176)   Post Evacuate Collection Set: 0.81ms
[2026-04-03T01:35:26.732+0600][55.481s][info][gc,phases      ] GC(176)   Other: 0.14ms
[2026-04-03T01:35:26.732+0600][55.481s][info][gc,heap        ] GC(176) Eden regions: 139->0(175)
[2026-04-03T01:35:26.732+0600][55.481s][info][gc,heap        ] GC(176) Survivor regions: 4->5(22)
[2026-04-03T01:35:26.732+0600][55.481s][info][gc,heap        ] GC(176) Old regions: 44->45
[2026-04-03T01:35:26.732+0600][55.481s][info][gc,heap        ] GC(176) Humongous regions: 107->3
[2026-04-03T01:35:26.732+0600][55.481s][info][gc,metaspace   ] GC(176) Metaspace: 132166K(133632K)->132166K(133632K) NonClass: 115402K(116160K)->115402K(116160K) Class: 16764K(17472K)->16764K(17472K)
[2026-04-03T01:35:26.732+0600][55.481s][info][gc             ] GC(176) Pause Young (Prepare Mixed) (G1 Evacuation Pause) 581M->98M(600M) 6.569ms
[2026-04-03T01:35:26.733+0600][55.481s][info][gc,cpu         ] GC(176) User=0.04s Sys=0.00s Real=0.01s
[2026-04-03T01:35:27.050+0600][55.799s][info][gc,start       ] GC(177) Pause Young (Mixed) (G1 Evacuation Pause)
[2026-04-03T01:35:27.050+0600][55.799s][info][gc,task        ] GC(177) Using 10 workers of 10 for evacuation
[2026-04-03T01:35:27.056+0600][55.805s][info][gc,phases      ] GC(177)   Pre Evacuate Collection Set: 0.47ms
[2026-04-03T01:35:27.056+0600][55.805s][info][gc,phases      ] GC(177)   Merge Heap Roots: 0.28ms
[2026-04-03T01:35:27.056+0600][55.805s][info][gc,phases      ] GC(177)   Evacuate Collection Set: 4.33ms
[2026-04-03T01:35:27.056+0600][55.805s][info][gc,phases      ] GC(177)   Post Evacuate Collection Set: 0.75ms
[2026-04-03T01:35:27.056+0600][55.805s][info][gc,phases      ] GC(177)   Other: 0.16ms
[2026-04-03T01:35:27.056+0600][55.805s][info][gc,heap        ] GC(177) Eden regions: 130->0(178)
[2026-04-03T01:35:27.056+0600][55.805s][info][gc,heap        ] GC(177) Survivor regions: 5->5(23)
[2026-04-03T01:35:27.056+0600][55.805s][info][gc,heap        ] GC(177) Old regions: 45->44
[2026-04-03T01:35:27.056+0600][55.805s][info][gc,heap        ] GC(177) Humongous regions: 120->6
[2026-04-03T01:35:27.056+0600][55.805s][info][gc,metaspace   ] GC(177) Metaspace: 132166K(133632K)->132166K(133632K) NonClass: 115402K(116160K)->115402K(116160K) Class: 16764K(17472K)->16764K(17472K)
[2026-04-03T01:35:27.057+0600][55.805s][info][gc             ] GC(177) Pause Young (Mixed) (G1 Evacuation Pause) 592M->105M(610M) 6.364ms
[2026-04-03T01:35:27.057+0600][55.805s][info][gc,cpu         ] GC(177) User=0.03s Sys=0.01s Real=0.00s
[2026-04-03T01:35:27.057+0600][55.806s][info][gc,start       ] GC(178) Pause Young (Concurrent Start) (G1 Humongous Allocation)
[2026-04-03T01:35:27.057+0600][55.806s][info][gc,task        ] GC(178) Using 10 workers of 10 for evacuation
[2026-04-03T01:35:27.061+0600][55.809s][info][gc,phases      ] GC(178)   Pre Evacuate Collection Set: 0.26ms
[2026-04-03T01:35:27.061+0600][55.809s][info][gc,phases      ] GC(178)   Merge Heap Roots: 0.13ms
[2026-04-03T01:35:27.061+0600][55.809s][info][gc,phases      ] GC(178)   Evacuate Collection Set: 2.28ms
[2026-04-03T01:35:27.061+0600][55.809s][info][gc,phases      ] GC(178)   Post Evacuate Collection Set: 0.51ms
[2026-04-03T01:35:27.061+0600][55.809s][info][gc,phases      ] GC(178)   Other: 0.22ms
[2026-04-03T01:35:27.061+0600][55.809s][info][gc,heap        ] GC(178) Eden regions: 1->0(178)
[2026-04-03T01:35:27.061+0600][55.809s][info][gc,heap        ] GC(178) Survivor regions: 5->5(23)
[2026-04-03T01:35:27.061+0600][55.809s][info][gc,heap        ] GC(178) Old regions: 44->44
[2026-04-03T01:35:27.061+0600][55.809s][info][gc,heap        ] GC(178) Humongous regions: 6->6
[2026-04-03T01:35:27.061+0600][55.809s][info][gc,metaspace   ] GC(178) Metaspace: 132166K(133632K)->132166K(133632K) NonClass: 115402K(116160K)->115402K(116160K) Class: 16764K(17472K)->16764K(17472K)
[2026-04-03T01:35:27.061+0600][55.809s][info][gc             ] GC(178) Pause Young (Concurrent Start) (G1 Humongous Allocation) 107M->105M(610M) 3.695ms
[2026-04-03T01:35:27.061+0600][55.809s][info][gc             ] GC(179) Concurrent Mark Cycle
[2026-04-03T01:35:27.061+0600][55.809s][info][gc,marking     ] GC(179) Concurrent Scan Root Regions
[2026-04-03T01:35:27.061+0600][55.809s][info][gc,cpu         ] GC(178) User=0.03s Sys=0.00s Real=0.01s
[2026-04-03T01:35:27.064+0600][55.813s][info][gc,marking     ] GC(179) Concurrent Scan Root Regions 3.500ms
[2026-04-03T01:35:27.065+0600][55.813s][info][gc,marking     ] GC(179) Concurrent Mark
[2026-04-03T01:35:27.065+0600][55.813s][info][gc,marking     ] GC(179) Concurrent Mark From Roots
[2026-04-03T01:35:27.065+0600][55.813s][info][gc,task        ] GC(179) Using 2 workers of 2 for marking
[2026-04-03T01:35:27.185+0600][55.933s][info][gc,marking     ] GC(179) Concurrent Mark From Roots 120.388ms
[2026-04-03T01:35:27.185+0600][55.934s][info][gc,marking     ] GC(179) Concurrent Preclean
[2026-04-03T01:35:27.186+0600][55.934s][info][gc,marking     ] GC(179) Concurrent Preclean 0.601ms
[2026-04-03T01:35:27.190+0600][55.939s][info][gc,start       ] GC(179) Pause Remark
[2026-04-03T01:35:27.201+0600][55.949s][info][gc             ] GC(179) Pause Remark 707M->707M(1074M) 10.507ms
[2026-04-03T01:35:27.201+0600][55.949s][info][gc,cpu         ] GC(179) User=0.06s Sys=0.01s Real=0.01s
[2026-04-03T01:35:27.201+0600][55.949s][info][gc,marking     ] GC(179) Concurrent Mark 136.446ms
[2026-04-03T01:35:27.201+0600][55.950s][info][gc,marking     ] GC(179) Concurrent Rebuild Remembered Sets and Scrub Regions
[2026-04-03T01:35:27.242+0600][55.991s][info][gc,marking     ] GC(179) Concurrent Rebuild Remembered Sets and Scrub Regions 41.176ms
[2026-04-03T01:35:27.246+0600][55.994s][info][gc,start       ] GC(179) Pause Cleanup
[2026-04-03T01:35:27.246+0600][55.995s][info][gc             ] GC(179) Pause Cleanup 847M->847M(1074M) 0.316ms
[2026-04-03T01:35:27.246+0600][55.995s][info][gc,cpu         ] GC(179) User=0.00s Sys=0.00s Real=0.00s
[2026-04-03T01:35:27.246+0600][55.995s][info][gc,marking     ] GC(179) Concurrent Clear Claimed Marks
[2026-04-03T01:35:27.247+0600][55.995s][info][gc,marking     ] GC(179) Concurrent Clear Claimed Marks 0.398ms
[2026-04-03T01:35:27.247+0600][55.995s][info][gc,marking     ] GC(179) Concurrent Cleanup for Next Mark
[2026-04-03T01:35:27.251+0600][56.000s][info][gc,marking     ] GC(179) Concurrent Cleanup for Next Mark 4.274ms
[2026-04-03T01:35:27.251+0600][56.000s][info][gc             ] GC(179) Concurrent Mark Cycle 190.268ms
[2026-04-03T01:35:27.513+0600][56.262s][info][gc,start       ] GC(180) Pause Young (Prepare Mixed) (G1 Evacuation Pause)
[2026-04-03T01:35:27.513+0600][56.262s][info][gc,task        ] GC(180) Using 10 workers of 10 for evacuation
[2026-04-03T01:35:27.517+0600][56.266s][info][gc,phases      ] GC(180)   Pre Evacuate Collection Set: 0.47ms
[2026-04-03T01:35:27.518+0600][56.266s][info][gc,phases      ] GC(180)   Merge Heap Roots: 0.28ms
[2026-04-03T01:35:27.518+0600][56.266s][info][gc,phases      ] GC(180)   Evacuate Collection Set: 2.49ms
[2026-04-03T01:35:27.518+0600][56.266s][info][gc,phases      ] GC(180)   Post Evacuate Collection Set: 0.77ms
[2026-04-03T01:35:27.518+0600][56.266s][info][gc,phases      ] GC(180)   Other: 0.09ms
[2026-04-03T01:35:27.518+0600][56.266s][info][gc,heap        ] GC(180) Eden regions: 95->0(321)
[2026-04-03T01:35:27.518+0600][56.266s][info][gc,heap        ] GC(180) Survivor regions: 5->3(29)
[2026-04-03T01:35:27.518+0600][56.266s][info][gc,heap        ] GC(180) Old regions: 44->44
[2026-04-03T01:35:27.518+0600][56.266s][info][gc,heap        ] GC(180) Humongous regions: 393->3
[2026-04-03T01:35:27.518+0600][56.266s][info][gc,metaspace   ] GC(180) Metaspace: 132179K(133632K)->132179K(133632K) NonClass: 115414K(116160K)->115414K(116160K) Class: 16765K(17472K)->16765K(17472K)
[2026-04-03T01:35:27.518+0600][56.266s][info][gc             ] GC(180) Pause Young (Prepare Mixed) (G1 Evacuation Pause) 1069M->95M(1080M) 4.347ms
[2026-04-03T01:35:27.518+0600][56.266s][info][gc,cpu         ] GC(180) User=0.03s Sys=0.01s Real=0.00s
[2026-04-03T01:35:28.367+0600][57.116s][info][gc,start       ] GC(181) Pause Young (Mixed) (G1 Evacuation Pause)
[2026-04-03T01:35:28.367+0600][57.116s][info][gc,task        ] GC(181) Using 10 workers of 10 for evacuation
[2026-04-03T01:35:28.374+0600][57.123s][info][gc,phases      ] GC(181)   Pre Evacuate Collection Set: 0.47ms
[2026-04-03T01:35:28.374+0600][57.123s][info][gc,phases      ] GC(181)   Merge Heap Roots: 0.34ms
[2026-04-03T01:35:28.374+0600][57.123s][info][gc,phases      ] GC(181)   Evacuate Collection Set: 5.03ms
[2026-04-03T01:35:28.374+0600][57.123s][info][gc,phases      ] GC(181)   Post Evacuate Collection Set: 0.85ms
[2026-04-03T01:35:28.374+0600][57.123s][info][gc,phases      ] GC(181)   Other: 0.10ms
[2026-04-03T01:35:28.374+0600][57.123s][info][gc,heap        ] GC(181) Eden regions: 300->0(322)
[2026-04-03T01:35:28.374+0600][57.123s][info][gc,heap        ] GC(181) Survivor regions: 3->5(41)
[2026-04-03T01:35:28.374+0600][57.123s][info][gc,heap        ] GC(181) Old regions: 44->44
[2026-04-03T01:35:28.374+0600][57.123s][info][gc,heap        ] GC(181) Humongous regions: 193->3
[2026-04-03T01:35:28.374+0600][57.123s][info][gc,metaspace   ] GC(181) Metaspace: 132192K(133632K)->132192K(133632K) NonClass: 115426K(116160K)->115426K(116160K) Class: 16765K(17472K)->16765K(17472K)
[2026-04-03T01:35:28.374+0600][57.123s][info][gc             ] GC(181) Pause Young (Mixed) (G1 Evacuation Pause) 1075M->99M(1092M) 7.109ms
[2026-04-03T01:35:28.375+0600][57.123s][info][gc,cpu         ] GC(181) User=0.05s Sys=0.01s Real=0.01s
[2026-04-03T01:35:28.386+0600][57.135s][info][gc,start       ] GC(182) Pause Young (Concurrent Start) (G1 Humongous Allocation)
[2026-04-03T01:35:28.386+0600][57.135s][info][gc,task        ] GC(182) Using 10 workers of 10 for evacuation
[2026-04-03T01:35:28.392+0600][57.141s][info][gc,phases      ] GC(182)   Pre Evacuate Collection Set: 0.49ms
[2026-04-03T01:35:28.392+0600][57.141s][info][gc,phases      ] GC(182)   Merge Heap Roots: 0.34ms
[2026-04-03T01:35:28.392+0600][57.141s][info][gc,phases      ] GC(182)   Evacuate Collection Set: 3.48ms
[2026-04-03T01:35:28.392+0600][57.141s][info][gc,phases      ] GC(182)   Post Evacuate Collection Set: 1.18ms
[2026-04-03T01:35:28.392+0600][57.141s][info][gc,phases      ] GC(182)   Other: 0.32ms
[2026-04-03T01:35:28.392+0600][57.141s][info][gc,heap        ] GC(182) Eden regions: 9->0(322)
[2026-04-03T01:35:28.392+0600][57.141s][info][gc,heap        ] GC(182) Survivor regions: 5->5(41)
[2026-04-03T01:35:28.392+0600][57.141s][info][gc,heap        ] GC(182) Old regions: 44->44
[2026-04-03T01:35:28.392+0600][57.141s][info][gc,heap        ] GC(182) Humongous regions: 3->3
[2026-04-03T01:35:28.392+0600][57.141s][info][gc,metaspace   ] GC(182) Metaspace: 132192K(133632K)->132192K(133632K) NonClass: 115426K(116160K)->115426K(116160K) Class: 16765K(17472K)->16765K(17472K)
[2026-04-03T01:35:28.392+0600][57.141s][info][gc             ] GC(182) Pause Young (Concurrent Start) (G1 Humongous Allocation) 117M->99M(1092M) 6.131ms
[2026-04-03T01:35:28.393+0600][57.141s][info][gc,cpu         ] GC(182) User=0.03s Sys=0.00s Real=0.01s
[2026-04-03T01:35:28.393+0600][57.141s][info][gc             ] GC(183) Concurrent Mark Cycle
[2026-04-03T01:35:28.393+0600][57.141s][info][gc,marking     ] GC(183) Concurrent Scan Root Regions
[2026-04-03T01:35:28.397+0600][57.145s][info][gc,marking     ] GC(183) Concurrent Scan Root Regions 4.311ms
[2026-04-03T01:35:28.397+0600][57.146s][info][gc,marking     ] GC(183) Concurrent Mark
[2026-04-03T01:35:28.397+0600][57.146s][info][gc,marking     ] GC(183) Concurrent Mark From Roots
[2026-04-03T01:35:28.397+0600][57.146s][info][gc,task        ] GC(183) Using 2 workers of 2 for marking
[2026-04-03T01:35:28.522+0600][57.270s][info][gc,marking     ] GC(183) Concurrent Mark From Roots 124.652ms
[2026-04-03T01:35:28.522+0600][57.270s][info][gc,marking     ] GC(183) Concurrent Preclean
[2026-04-03T01:35:28.523+0600][57.271s][info][gc,marking     ] GC(183) Concurrent Preclean 0.690ms
[2026-04-03T01:35:28.523+0600][57.271s][info][gc,start       ] GC(183) Pause Remark
[2026-04-03T01:35:28.533+0600][57.281s][info][gc             ] GC(183) Pause Remark 255M->255M(588M) 9.583ms
[2026-04-03T01:35:28.533+0600][57.281s][info][gc,cpu         ] GC(183) User=0.07s Sys=0.00s Real=0.01s
[2026-04-03T01:35:28.533+0600][57.282s][info][gc,marking     ] GC(183) Concurrent Mark 135.933ms
[2026-04-03T01:35:28.533+0600][57.282s][info][gc,marking     ] GC(183) Concurrent Rebuild Remembered Sets and Scrub Regions
[2026-04-03T01:35:28.571+0600][57.319s][info][gc,marking     ] GC(183) Concurrent Rebuild Remembered Sets and Scrub Regions 37.773ms
[2026-04-03T01:35:28.572+0600][57.320s][info][gc,start       ] GC(183) Pause Cleanup
[2026-04-03T01:35:28.572+0600][57.321s][info][gc             ] GC(183) Pause Cleanup 287M->287M(588M) 0.315ms
[2026-04-03T01:35:28.572+0600][57.321s][info][gc,cpu         ] GC(183) User=0.00s Sys=0.00s Real=0.00s
[2026-04-03T01:35:28.572+0600][57.321s][info][gc,marking     ] GC(183) Concurrent Clear Claimed Marks
[2026-04-03T01:35:28.573+0600][57.321s][info][gc,marking     ] GC(183) Concurrent Clear Claimed Marks 0.401ms
[2026-04-03T01:35:28.573+0600][57.321s][info][gc,marking     ] GC(183) Concurrent Cleanup for Next Mark
[2026-04-03T01:35:28.577+0600][57.325s][info][gc,marking     ] GC(183) Concurrent Cleanup for Next Mark 4.048ms
[2026-04-03T01:35:28.577+0600][57.325s][info][gc             ] GC(183) Concurrent Mark Cycle 184.330ms
[2026-04-03T01:35:28.960+0600][57.708s][info][gc,start       ] GC(184) Pause Young (Prepare Mixed) (GCLocker Initiated GC)
[2026-04-03T01:35:28.960+0600][57.708s][info][gc,task        ] GC(184) Using 10 workers of 10 for evacuation
[2026-04-03T01:35:28.967+0600][57.715s][info][gc,phases      ] GC(184)   Pre Evacuate Collection Set: 0.61ms
[2026-04-03T01:35:28.967+0600][57.715s][info][gc,phases      ] GC(184)   Merge Heap Roots: 0.35ms
[2026-04-03T01:35:28.967+0600][57.715s][info][gc,phases      ] GC(184)   Evacuate Collection Set: 4.69ms
[2026-04-03T01:35:28.967+0600][57.715s][info][gc,phases      ] GC(184)   Post Evacuate Collection Set: 0.99ms
[2026-04-03T01:35:28.967+0600][57.715s][info][gc,phases      ] GC(184)   Other: 0.17ms
[2026-04-03T01:35:28.967+0600][57.715s][info][gc,heap        ] GC(184) Eden regions: 159->0(175)
[2026-04-03T01:35:28.967+0600][57.715s][info][gc,heap        ] GC(184) Survivor regions: 5->5(22)
[2026-04-03T01:35:28.967+0600][57.715s][info][gc,heap        ] GC(184) Old regions: 44->45
[2026-04-03T01:35:28.967+0600][57.715s][info][gc,heap        ] GC(184) Humongous regions: 86->3
[2026-04-03T01:35:28.967+0600][57.715s][info][gc,metaspace   ] GC(184) Metaspace: 132225K(133696K)->132225K(133696K) NonClass: 115459K(116224K)->115459K(116224K) Class: 16765K(17472K)->16765K(17472K)
[2026-04-03T01:35:28.967+0600][57.715s][info][gc             ] GC(184) Pause Young (Prepare Mixed) (GCLocker Initiated GC) 583M->98M(600M) 7.186ms
[2026-04-03T01:35:28.967+0600][57.715s][info][gc,cpu         ] GC(184) User=0.04s Sys=0.01s Real=0.01s
[2026-04-03T01:35:29.292+0600][58.040s][info][gc,start       ] GC(185) Pause Young (Mixed) (GCLocker Initiated GC)
[2026-04-03T01:35:29.292+0600][58.040s][info][gc,task        ] GC(185) Using 10 workers of 10 for evacuation
[2026-04-03T01:35:29.299+0600][58.048s][info][gc,phases      ] GC(185)   Pre Evacuate Collection Set: 0.47ms
[2026-04-03T01:35:29.299+0600][58.048s][info][gc,phases      ] GC(185)   Merge Heap Roots: 0.27ms
[2026-04-03T01:35:29.299+0600][58.048s][info][gc,phases      ] GC(185)   Evacuate Collection Set: 5.34ms
[2026-04-03T01:35:29.299+0600][58.048s][info][gc,phases      ] GC(185)   Post Evacuate Collection Set: 0.86ms
[2026-04-03T01:35:29.299+0600][58.048s][info][gc,phases      ] GC(185)   Other: 0.13ms
[2026-04-03T01:35:29.299+0600][58.048s][info][gc,heap        ] GC(185) Eden regions: 135->0(179)
[2026-04-03T01:35:29.299+0600][58.048s][info][gc,heap        ] GC(185) Survivor regions: 5->4(23)
[2026-04-03T01:35:29.299+0600][58.048s][info][gc,heap        ] GC(185) Old regions: 45->44
[2026-04-03T01:35:29.299+0600][58.048s][info][gc,heap        ] GC(185) Humongous regions: 116->3
[2026-04-03T01:35:29.299+0600][58.048s][info][gc,metaspace   ] GC(185) Metaspace: 132225K(133696K)->132225K(133696K) NonClass: 115459K(116224K)->115459K(116224K) Class: 16765K(17472K)->16765K(17472K)
[2026-04-03T01:35:29.299+0600][58.048s][info][gc             ] GC(185) Pause Young (Mixed) (GCLocker Initiated GC) 594M->98M(610M) 7.410ms
[2026-04-03T01:35:29.299+0600][58.048s][info][gc,cpu         ] GC(185) User=0.05s Sys=0.01s Real=0.00s
[2026-04-03T01:35:29.300+0600][58.049s][info][gc,start       ] GC(186) Pause Young (Concurrent Start) (G1 Humongous Allocation)
[2026-04-03T01:35:29.300+0600][58.049s][info][gc,task        ] GC(186) Using 10 workers of 10 for evacuation
[2026-04-03T01:35:29.304+0600][58.053s][info][gc,phases      ] GC(186)   Pre Evacuate Collection Set: 0.26ms
[2026-04-03T01:35:29.305+0600][58.053s][info][gc,phases      ] GC(186)   Merge Heap Roots: 0.11ms
[2026-04-03T01:35:29.305+0600][58.053s][info][gc,phases      ] GC(186)   Evacuate Collection Set: 2.94ms
[2026-04-03T01:35:29.305+0600][58.053s][info][gc,phases      ] GC(186)   Post Evacuate Collection Set: 0.80ms
[2026-04-03T01:35:29.305+0600][58.053s][info][gc,phases      ] GC(186)   Other: 0.15ms
[2026-04-03T01:35:29.305+0600][58.053s][info][gc,heap        ] GC(186) Eden regions: 2->0(179)
[2026-04-03T01:35:29.305+0600][58.053s][info][gc,heap        ] GC(186) Survivor regions: 4->4(23)
[2026-04-03T01:35:29.305+0600][58.053s][info][gc,heap        ] GC(186) Old regions: 44->44
[2026-04-03T01:35:29.305+0600][58.053s][info][gc,heap        ] GC(186) Humongous regions: 3->3
[2026-04-03T01:35:29.305+0600][58.053s][info][gc,metaspace   ] GC(186) Metaspace: 132225K(133696K)->132225K(133696K) NonClass: 115459K(116224K)->115459K(116224K) Class: 16765K(17472K)->16765K(17472K)
[2026-04-03T01:35:29.305+0600][58.053s][info][gc             ] GC(186) Pause Young (Concurrent Start) (G1 Humongous Allocation) 102M->98M(610M) 4.563ms
[2026-04-03T01:35:29.305+0600][58.053s][info][gc,cpu         ] GC(186) User=0.03s Sys=0.00s Real=0.00s
[2026-04-03T01:35:29.305+0600][58.053s][info][gc             ] GC(187) Concurrent Mark Cycle
[2026-04-03T01:35:29.305+0600][58.053s][info][gc,marking     ] GC(187) Concurrent Scan Root Regions
[2026-04-03T01:35:29.310+0600][58.058s][info][gc,marking     ] GC(187) Concurrent Scan Root Regions 4.623ms
[2026-04-03T01:35:29.310+0600][58.058s][info][gc,marking     ] GC(187) Concurrent Mark
[2026-04-03T01:35:29.310+0600][58.058s][info][gc,marking     ] GC(187) Concurrent Mark From Roots
[2026-04-03T01:35:29.310+0600][58.058s][info][gc,task        ] GC(187) Using 2 workers of 2 for marking
[2026-04-03T01:35:29.440+0600][58.188s][info][gc,marking     ] GC(187) Concurrent Mark From Roots 129.961ms
[2026-04-03T01:35:29.440+0600][58.188s][info][gc,marking     ] GC(187) Concurrent Preclean
[2026-04-03T01:35:29.440+0600][58.189s][info][gc,marking     ] GC(187) Concurrent Preclean 0.628ms
[2026-04-03T01:35:29.441+0600][58.189s][info][gc,start       ] GC(187) Pause Remark
[2026-04-03T01:35:29.450+0600][58.199s][info][gc             ] GC(187) Pause Remark 266M->266M(574M) 9.413ms
[2026-04-03T01:35:29.450+0600][58.199s][info][gc,cpu         ] GC(187) User=0.07s Sys=0.00s Real=0.01s
[2026-04-03T01:35:29.451+0600][58.199s][info][gc,marking     ] GC(187) Concurrent Mark 140.835ms
[2026-04-03T01:35:29.451+0600][58.199s][info][gc,marking     ] GC(187) Concurrent Rebuild Remembered Sets and Scrub Regions
[2026-04-03T01:35:29.503+0600][58.251s][info][gc,marking     ] GC(187) Concurrent Rebuild Remembered Sets and Scrub Regions 52.074ms
[2026-04-03T01:35:29.503+0600][58.252s][info][gc,start       ] GC(187) Pause Cleanup
[2026-04-03T01:35:29.504+0600][58.252s][info][gc             ] GC(187) Pause Cleanup 326M->326M(574M) 0.264ms
[2026-04-03T01:35:29.504+0600][58.252s][info][gc,cpu         ] GC(187) User=0.00s Sys=0.00s Real=0.00s
[2026-04-03T01:35:29.504+0600][58.252s][info][gc,marking     ] GC(187) Concurrent Clear Claimed Marks
[2026-04-03T01:35:29.504+0600][58.253s][info][gc,marking     ] GC(187) Concurrent Clear Claimed Marks 0.308ms
[2026-04-03T01:35:29.504+0600][58.253s][info][gc,marking     ] GC(187) Concurrent Cleanup for Next Mark
[2026-04-03T01:35:29.505+0600][58.254s][info][gc,marking     ] GC(187) Concurrent Cleanup for Next Mark 0.989ms
[2026-04-03T01:35:29.505+0600][58.254s][info][gc             ] GC(187) Concurrent Mark Cycle 200.195ms
[2026-04-03T01:35:29.751+0600][58.500s][info][gc,start       ] GC(188) Pause Young (Prepare Mixed) (G1 Evacuation Pause)
[2026-04-03T01:35:29.751+0600][58.500s][info][gc,task        ] GC(188) Using 10 workers of 10 for evacuation
[2026-04-03T01:35:29.756+0600][58.505s][info][gc,phases      ] GC(188)   Pre Evacuate Collection Set: 0.38ms
[2026-04-03T01:35:29.756+0600][58.505s][info][gc,phases      ] GC(188)   Merge Heap Roots: 0.20ms
[2026-04-03T01:35:29.756+0600][58.505s][info][gc,phases      ] GC(188)   Evacuate Collection Set: 3.66ms
[2026-04-03T01:35:29.756+0600][58.505s][info][gc,phases      ] GC(188)   Post Evacuate Collection Set: 0.60ms
[2026-04-03T01:35:29.756+0600][58.505s][info][gc,phases      ] GC(188)   Other: 0.09ms
[2026-04-03T01:35:29.756+0600][58.505s][info][gc,heap        ] GC(188) Eden regions: 136->0(171)
[2026-04-03T01:35:29.756+0600][58.505s][info][gc,heap        ] GC(188) Survivor regions: 4->4(22)
[2026-04-03T01:35:29.756+0600][58.505s][info][gc,heap        ] GC(188) Old regions: 44->45
[2026-04-03T01:35:29.756+0600][58.505s][info][gc,heap        ] GC(188) Humongous regions: 103->3
[2026-04-03T01:35:29.756+0600][58.505s][info][gc,metaspace   ] GC(188) Metaspace: 132226K(133696K)->132226K(133696K) NonClass: 115461K(116224K)->115461K(116224K) Class: 16765K(17472K)->16765K(17472K)
[2026-04-03T01:35:29.756+0600][58.505s][info][gc             ] GC(188) Pause Young (Prepare Mixed) (G1 Evacuation Pause) 570M->98M(584M) 5.260ms
[2026-04-03T01:35:29.756+0600][58.505s][info][gc,cpu         ] GC(188) User=0.03s Sys=0.01s Real=0.00s
[2026-04-03T01:35:30.173+0600][58.922s][info][gc,start       ] GC(189) Pause Young (Mixed) (G1 Evacuation Pause)
[2026-04-03T01:35:30.173+0600][58.922s][info][gc,task        ] GC(189) Using 10 workers of 10 for evacuation
[2026-04-03T01:35:30.179+0600][58.927s][info][gc,phases      ] GC(189)   Pre Evacuate Collection Set: 0.37ms
[2026-04-03T01:35:30.179+0600][58.927s][info][gc,phases      ] GC(189)   Merge Heap Roots: 0.17ms
[2026-04-03T01:35:30.179+0600][58.927s][info][gc,phases      ] GC(189)   Evacuate Collection Set: 3.89ms
[2026-04-03T01:35:30.179+0600][58.927s][info][gc,phases      ] GC(189)   Post Evacuate Collection Set: 0.92ms
[2026-04-03T01:35:30.179+0600][58.927s][info][gc,phases      ] GC(189)   Other: 0.11ms
[2026-04-03T01:35:30.179+0600][58.927s][info][gc,heap        ] GC(189) Eden regions: 152->0(202)
[2026-04-03T01:35:30.179+0600][58.927s][info][gc,heap        ] GC(189) Survivor regions: 4->5(25)
[2026-04-03T01:35:30.179+0600][58.927s][info][gc,heap        ] GC(189) Old regions: 45->44
[2026-04-03T01:35:30.179+0600][58.927s][info][gc,heap        ] GC(189) Humongous regions: 139->12
[2026-04-03T01:35:30.179+0600][58.927s][info][gc,metaspace   ] GC(189) Metaspace: 132234K(133696K)->132234K(133696K) NonClass: 115468K(116224K)->115468K(116224K) Class: 16765K(17472K)->16765K(17472K)
[2026-04-03T01:35:30.179+0600][58.927s][info][gc             ] GC(189) Pause Young (Mixed) (G1 Evacuation Pause) 674M->118M(690M) 5.816ms
[2026-04-03T01:35:30.179+0600][58.927s][info][gc,cpu         ] GC(189) User=0.03s Sys=0.02s Real=0.00s
[2026-04-03T01:35:30.180+0600][58.928s][info][gc,start       ] GC(190) Pause Young (Concurrent Start) (G1 Humongous Allocation)
[2026-04-03T01:35:30.180+0600][58.928s][info][gc,task        ] GC(190) Using 10 workers of 10 for evacuation
[2026-04-03T01:35:30.183+0600][58.932s][info][gc,phases      ] GC(190)   Pre Evacuate Collection Set: 0.36ms
[2026-04-03T01:35:30.184+0600][58.932s][info][gc,phases      ] GC(190)   Merge Heap Roots: 0.11ms
[2026-04-03T01:35:30.184+0600][58.932s][info][gc,phases      ] GC(190)   Evacuate Collection Set: 2.60ms
[2026-04-03T01:35:30.184+0600][58.932s][info][gc,phases      ] GC(190)   Post Evacuate Collection Set: 0.70ms
[2026-04-03T01:35:30.184+0600][58.932s][info][gc,phases      ] GC(190)   Other: 0.14ms
[2026-04-03T01:35:30.184+0600][58.932s][info][gc,heap        ] GC(190) Eden regions: 2->0(202)
[2026-04-03T01:35:30.184+0600][58.932s][info][gc,heap        ] GC(190) Survivor regions: 5->5(26)
[2026-04-03T01:35:30.184+0600][58.932s][info][gc,heap        ] GC(190) Old regions: 44->44
[2026-04-03T01:35:30.184+0600][58.932s][info][gc,heap        ] GC(190) Humongous regions: 12->3
[2026-04-03T01:35:30.184+0600][58.932s][info][gc,metaspace   ] GC(190) Metaspace: 132234K(133696K)->132234K(133696K) NonClass: 115468K(116224K)->115468K(116224K) Class: 16765K(17472K)->16765K(17472K)
[2026-04-03T01:35:30.184+0600][58.932s][info][gc             ] GC(190) Pause Young (Concurrent Start) (G1 Humongous Allocation) 121M->100M(690M) 4.164ms
[2026-04-03T01:35:30.184+0600][58.932s][info][gc,cpu         ] GC(190) User=0.03s Sys=0.00s Real=0.01s
[2026-04-03T01:35:30.184+0600][58.932s][info][gc             ] GC(191) Concurrent Mark Cycle
[2026-04-03T01:35:30.184+0600][58.932s][info][gc,marking     ] GC(191) Concurrent Scan Root Regions
[2026-04-03T01:35:30.188+0600][58.937s][info][gc,marking     ] GC(191) Concurrent Scan Root Regions 4.277ms
[2026-04-03T01:35:30.188+0600][58.937s][info][gc,marking     ] GC(191) Concurrent Mark
[2026-04-03T01:35:30.188+0600][58.937s][info][gc,marking     ] GC(191) Concurrent Mark From Roots
[2026-04-03T01:35:30.188+0600][58.937s][info][gc,task        ] GC(191) Using 2 workers of 2 for marking
[2026-04-03T01:35:30.302+0600][59.051s][info][gc,marking     ] GC(191) Concurrent Mark From Roots 113.935ms
[2026-04-03T01:35:30.302+0600][59.051s][info][gc,marking     ] GC(191) Concurrent Preclean
[2026-04-03T01:35:30.303+0600][59.051s][info][gc,marking     ] GC(191) Concurrent Preclean 0.626ms
[2026-04-03T01:35:30.308+0600][59.056s][info][gc,start       ] GC(191) Pause Remark
[2026-04-03T01:35:30.316+0600][59.065s][info][gc             ] GC(191) Pause Remark 726M->726M(1098M) 8.585ms
[2026-04-03T01:35:30.316+0600][59.065s][info][gc,cpu         ] GC(191) User=0.06s Sys=0.00s Real=0.01s
[2026-04-03T01:35:30.317+0600][59.065s][info][gc,marking     ] GC(191) Concurrent Mark 128.207ms
[2026-04-03T01:35:30.317+0600][59.065s][info][gc,marking     ] GC(191) Concurrent Rebuild Remembered Sets and Scrub Regions
[2026-04-03T01:35:30.354+0600][59.103s][info][gc,marking     ] GC(191) Concurrent Rebuild Remembered Sets and Scrub Regions 37.592ms
[2026-04-03T01:35:30.354+0600][59.103s][info][gc,start       ] GC(191) Pause Cleanup
[2026-04-03T01:35:30.355+0600][59.103s][info][gc             ] GC(191) Pause Cleanup 850M->850M(1098M) 0.236ms
[2026-04-03T01:35:30.355+0600][59.103s][info][gc,cpu         ] GC(191) User=0.00s Sys=0.00s Real=0.00s
[2026-04-03T01:35:30.355+0600][59.103s][info][gc,marking     ] GC(191) Concurrent Clear Claimed Marks
[2026-04-03T01:35:30.355+0600][59.104s][info][gc,marking     ] GC(191) Concurrent Clear Claimed Marks 0.277ms
[2026-04-03T01:35:30.355+0600][59.104s][info][gc,marking     ] GC(191) Concurrent Cleanup for Next Mark
[2026-04-03T01:35:30.359+0600][59.108s][info][gc,marking     ] GC(191) Concurrent Cleanup for Next Mark 4.054ms
[2026-04-03T01:35:30.359+0600][59.108s][info][gc             ] GC(191) Concurrent Mark Cycle 175.440ms
[2026-04-03T01:35:30.660+0600][59.408s][info][gc,start       ] GC(192) Pause Young (Prepare Mixed) (G1 Evacuation Pause)
[2026-04-03T01:35:30.660+0600][59.409s][info][gc,task        ] GC(192) Using 10 workers of 10 for evacuation
[2026-04-03T01:35:30.664+0600][59.412s][info][gc,phases      ] GC(192)   Pre Evacuate Collection Set: 0.24ms
[2026-04-03T01:35:30.664+0600][59.412s][info][gc,phases      ] GC(192)   Merge Heap Roots: 0.20ms
[2026-04-03T01:35:30.664+0600][59.412s][info][gc,phases      ] GC(192)   Evacuate Collection Set: 2.36ms
[2026-04-03T01:35:30.664+0600][59.412s][info][gc,phases      ] GC(192)   Post Evacuate Collection Set: 0.65ms
[2026-04-03T01:35:30.664+0600][59.412s][info][gc,phases      ] GC(192)   Other: 0.07ms
[2026-04-03T01:35:30.664+0600][59.412s][info][gc,heap        ] GC(192) Eden regions: 110->0(328)
[2026-04-03T01:35:30.664+0600][59.412s][info][gc,heap        ] GC(192) Survivor regions: 5->3(33)
[2026-04-03T01:35:30.664+0600][59.412s][info][gc,heap        ] GC(192) Old regions: 44->44
[2026-04-03T01:35:30.664+0600][59.412s][info][gc,heap        ] GC(192) Humongous regions: 390->3
[2026-04-03T01:35:30.664+0600][59.412s][info][gc,metaspace   ] GC(192) Metaspace: 132255K(133696K)->132255K(133696K) NonClass: 115489K(116224K)->115489K(116224K) Class: 16766K(17472K)->16766K(17472K)
[2026-04-03T01:35:30.664+0600][59.412s][info][gc             ] GC(192) Pause Young (Prepare Mixed) (G1 Evacuation Pause) 1094M->96M(1104M) 3.726ms
[2026-04-03T01:35:30.664+0600][59.412s][info][gc,cpu         ] GC(192) User=0.02s Sys=0.00s Real=0.00s
[2026-04-03T01:35:31.474+0600][60.222s][info][gc,start       ] GC(193) Pause Young (Mixed) (G1 Evacuation Pause)
[2026-04-03T01:35:31.474+0600][60.222s][info][gc,task        ] GC(193) Using 10 workers of 10 for evacuation
[2026-04-03T01:35:31.482+0600][60.231s][info][gc,phases      ] GC(193)   Pre Evacuate Collection Set: 0.72ms
[2026-04-03T01:35:31.482+0600][60.231s][info][gc,phases      ] GC(193)   Merge Heap Roots: 0.41ms
[2026-04-03T01:35:31.482+0600][60.231s][info][gc,phases      ] GC(193)   Evacuate Collection Set: 6.02ms
[2026-04-03T01:35:31.482+0600][60.231s][info][gc,phases      ] GC(193)   Post Evacuate Collection Set: 1.07ms
[2026-04-03T01:35:31.482+0600][60.231s][info][gc,phases      ] GC(193)   Other: 0.22ms
[2026-04-03T01:35:31.482+0600][60.231s][info][gc,heap        ] GC(193) Eden regions: 300->0(329)
[2026-04-03T01:35:31.482+0600][60.231s][info][gc,heap        ] GC(193) Survivor regions: 3->6(42)
[2026-04-03T01:35:31.482+0600][60.231s][info][gc,heap        ] GC(193) Old regions: 44->44
[2026-04-03T01:35:31.482+0600][60.231s][info][gc,heap        ] GC(193) Humongous regions: 205->3
[2026-04-03T01:35:31.482+0600][60.231s][info][gc,metaspace   ] GC(193) Metaspace: 132255K(133696K)->132255K(133696K) NonClass: 115489K(116224K)->115489K(116224K) Class: 16766K(17472K)->16766K(17472K)
[2026-04-03T01:35:31.482+0600][60.231s][info][gc             ] GC(193) Pause Young (Mixed) (G1 Evacuation Pause) 1100M->101M(1118M) 8.774ms
[2026-04-03T01:35:31.482+0600][60.231s][info][gc,cpu         ] GC(193) User=0.05s Sys=0.01s Real=0.01s
[2026-04-03T01:35:31.485+0600][60.234s][info][gc,start       ] GC(194) Pause Young (Concurrent Start) (G1 Humongous Allocation)
[2026-04-03T01:35:31.485+0600][60.234s][info][gc,task        ] GC(194) Using 10 workers of 10 for evacuation
[2026-04-03T01:35:31.491+0600][60.239s][info][gc,phases      ] GC(194)   Pre Evacuate Collection Set: 0.40ms
[2026-04-03T01:35:31.491+0600][60.239s][info][gc,phases      ] GC(194)   Merge Heap Roots: 0.16ms
[2026-04-03T01:35:31.491+0600][60.239s][info][gc,phases      ] GC(194)   Evacuate Collection Set: 3.77ms
[2026-04-03T01:35:31.491+0600][60.239s][info][gc,phases      ] GC(194)   Post Evacuate Collection Set: 0.62ms
[2026-04-03T01:35:31.491+0600][60.239s][info][gc,phases      ] GC(194)   Other: 0.26ms
[2026-04-03T01:35:31.491+0600][60.239s][info][gc,heap        ] GC(194) Eden regions: 4->0(267)
[2026-04-03T01:35:31.491+0600][60.239s][info][gc,heap        ] GC(194) Survivor regions: 6->6(42)
[2026-04-03T01:35:31.491+0600][60.239s][info][gc,heap        ] GC(194) Old regions: 44->44
[2026-04-03T01:35:31.491+0600][60.239s][info][gc,heap        ] GC(194) Humongous regions: 3->3
[2026-04-03T01:35:31.491+0600][60.239s][info][gc,metaspace   ] GC(194) Metaspace: 132255K(133696K)->132255K(133696K) NonClass: 115489K(116224K)->115489K(116224K) Class: 16766K(17472K)->16766K(17472K)
[2026-04-03T01:35:31.491+0600][60.239s][info][gc             ] GC(194) Pause Young (Concurrent Start) (G1 Humongous Allocation) 108M->101M(1118M) 5.572ms
[2026-04-03T01:35:31.491+0600][60.239s][info][gc             ] GC(195) Concurrent Mark Cycle
[2026-04-03T01:35:31.491+0600][60.239s][info][gc,marking     ] GC(195) Concurrent Scan Root Regions
[2026-04-03T01:35:31.491+0600][60.240s][info][gc,cpu         ] GC(194) User=0.05s Sys=0.00s Real=0.01s
[2026-04-03T01:35:31.495+0600][60.243s][info][gc,marking     ] GC(195) Concurrent Scan Root Regions 3.982ms
[2026-04-03T01:35:31.495+0600][60.244s][info][gc,marking     ] GC(195) Concurrent Mark
[2026-04-03T01:35:31.495+0600][60.244s][info][gc,marking     ] GC(195) Concurrent Mark From Roots
[2026-04-03T01:35:31.495+0600][60.244s][info][gc,task        ] GC(195) Using 2 workers of 2 for marking
[2026-04-03T01:35:31.627+0600][60.375s][info][gc,marking     ] GC(195) Concurrent Mark From Roots 129.873ms
[2026-04-03T01:35:31.627+0600][60.375s][info][gc,marking     ] GC(195) Concurrent Preclean
[2026-04-03T01:35:31.627+0600][60.376s][info][gc,marking     ] GC(195) Concurrent Preclean 0.809ms
[2026-04-03T01:35:31.628+0600][60.376s][info][gc,start       ] GC(195) Pause Remark
[2026-04-03T01:35:31.638+0600][60.386s][info][gc             ] GC(195) Pause Remark 234M->234M(588M) 9.675ms
[2026-04-03T01:35:31.638+0600][60.386s][info][gc,cpu         ] GC(195) User=0.07s Sys=0.00s Real=0.01s
[2026-04-03T01:35:31.638+0600][60.387s][info][gc,marking     ] GC(195) Concurrent Mark 142.922ms
[2026-04-03T01:35:31.638+0600][60.387s][info][gc,marking     ] GC(195) Concurrent Rebuild Remembered Sets and Scrub Regions
[2026-04-03T01:35:31.692+0600][60.440s][info][gc,marking     ] GC(195) Concurrent Rebuild Remembered Sets and Scrub Regions 53.716ms
[2026-04-03T01:35:31.692+0600][60.441s][info][gc,start       ] GC(195) Pause Cleanup
[2026-04-03T01:35:31.693+0600][60.441s][info][gc             ] GC(195) Pause Cleanup 269M->269M(588M) 0.331ms
[2026-04-03T01:35:31.693+0600][60.441s][info][gc,cpu         ] GC(195) User=0.00s Sys=0.00s Real=0.00s
[2026-04-03T01:35:31.693+0600][60.441s][info][gc,marking     ] GC(195) Concurrent Clear Claimed Marks
[2026-04-03T01:35:31.693+0600][60.442s][info][gc,marking     ] GC(195) Concurrent Clear Claimed Marks 0.432ms
[2026-04-03T01:35:31.693+0600][60.442s][info][gc,marking     ] GC(195) Concurrent Cleanup for Next Mark
[2026-04-03T01:35:31.694+0600][60.443s][info][gc,marking     ] GC(195) Concurrent Cleanup for Next Mark 1.021ms
[2026-04-03T01:35:31.694+0600][60.443s][info][gc             ] GC(195) Concurrent Mark Cycle 203.411ms
[2026-04-03T01:35:32.079+0600][60.827s][info][gc,start       ] GC(196) Pause Young (Prepare Mixed) (GCLocker Initiated GC)
[2026-04-03T01:35:32.079+0600][60.828s][info][gc,task        ] GC(196) Using 10 workers of 10 for evacuation
[2026-04-03T01:35:32.085+0600][60.834s][info][gc,phases      ] GC(196)   Pre Evacuate Collection Set: 0.44ms
[2026-04-03T01:35:32.085+0600][60.834s][info][gc,phases      ] GC(196)   Merge Heap Roots: 0.34ms
[2026-04-03T01:35:32.085+0600][60.834s][info][gc,phases      ] GC(196)   Evacuate Collection Set: 4.48ms
[2026-04-03T01:35:32.085+0600][60.834s][info][gc,phases      ] GC(196)   Post Evacuate Collection Set: 0.75ms
[2026-04-03T01:35:32.085+0600][60.834s][info][gc,phases      ] GC(196)   Other: 0.11ms
[2026-04-03T01:35:32.085+0600][60.834s][info][gc,heap        ] GC(196) Eden regions: 159->0(145)
[2026-04-03T01:35:32.085+0600][60.834s][info][gc,heap        ] GC(196) Survivor regions: 6->5(22)
[2026-04-03T01:35:32.085+0600][60.834s][info][gc,heap        ] GC(196) Old regions: 44->45
[2026-04-03T01:35:32.085+0600][60.834s][info][gc,heap        ] GC(196) Humongous regions: 86->3
[2026-04-03T01:35:32.085+0600][60.834s][info][gc,metaspace   ] GC(196) Metaspace: 132279K(133696K)->132279K(133696K) NonClass: 115513K(116224K)->115513K(116224K) Class: 16766K(17472K)->16766K(17472K)
[2026-04-03T01:35:32.085+0600][60.834s][info][gc             ] GC(196) Pause Young (Prepare Mixed) (GCLocker Initiated GC) 585M->99M(602M) 6.377ms
[2026-04-03T01:35:32.085+0600][60.834s][info][gc,cpu         ] GC(196) User=0.04s Sys=0.02s Real=0.01s
[2026-04-03T01:35:32.402+0600][61.150s][info][gc,start       ] GC(197) Pause Young (Mixed) (G1 Evacuation Pause)
[2026-04-03T01:35:32.402+0600][61.150s][info][gc,task        ] GC(197) Using 10 workers of 10 for evacuation
[2026-04-03T01:35:32.408+0600][61.156s][info][gc,phases      ] GC(197)   Pre Evacuate Collection Set: 0.33ms
[2026-04-03T01:35:32.408+0600][61.156s][info][gc,phases      ] GC(197)   Merge Heap Roots: 0.20ms
[2026-04-03T01:35:32.408+0600][61.156s][info][gc,phases      ] GC(197)   Evacuate Collection Set: 4.38ms
[2026-04-03T01:35:32.408+0600][61.156s][info][gc,phases      ] GC(197)   Post Evacuate Collection Set: 0.61ms
[2026-04-03T01:35:32.408+0600][61.156s][info][gc,phases      ] GC(197)   Other: 0.12ms
[2026-04-03T01:35:32.408+0600][61.156s][info][gc,heap        ] GC(197) Eden regions: 136->0(161)
[2026-04-03T01:35:32.408+0600][61.156s][info][gc,heap        ] GC(197) Survivor regions: 5->4(19)
[2026-04-03T01:35:32.408+0600][61.156s][info][gc,heap        ] GC(197) Old regions: 45->44
[2026-04-03T01:35:32.408+0600][61.156s][info][gc,heap        ] GC(197) Humongous regions: 117->5
[2026-04-03T01:35:32.408+0600][61.156s][info][gc,metaspace   ] GC(197) Metaspace: 132279K(133696K)->132279K(133696K) NonClass: 115513K(116224K)->115513K(116224K) Class: 16766K(17472K)->16766K(17472K)
[2026-04-03T01:35:32.408+0600][61.156s][info][gc             ] GC(197) Pause Young (Mixed) (G1 Evacuation Pause) 599M->102M(614M) 5.994ms
[2026-04-03T01:35:32.408+0600][61.156s][info][gc,cpu         ] GC(197) User=0.03s Sys=0.02s Real=0.00s
[2026-04-03T01:35:32.409+0600][61.158s][info][gc,start       ] GC(198) Pause Young (Concurrent Start) (G1 Humongous Allocation)
[2026-04-03T01:35:32.409+0600][61.158s][info][gc,task        ] GC(198) Using 10 workers of 10 for evacuation
[2026-04-03T01:35:32.413+0600][61.162s][info][gc,phases      ] GC(198)   Pre Evacuate Collection Set: 0.28ms
[2026-04-03T01:35:32.413+0600][61.162s][info][gc,phases      ] GC(198)   Merge Heap Roots: 0.10ms
[2026-04-03T01:35:32.413+0600][61.162s][info][gc,phases      ] GC(198)   Evacuate Collection Set: 2.64ms
[2026-04-03T01:35:32.413+0600][61.162s][info][gc,phases      ] GC(198)   Post Evacuate Collection Set: 0.74ms
[2026-04-03T01:35:32.413+0600][61.162s][info][gc,phases      ] GC(198)   Other: 0.12ms
[2026-04-03T01:35:32.413+0600][61.162s][info][gc,heap        ] GC(198) Eden regions: 3->0(175)
[2026-04-03T01:35:32.413+0600][61.162s][info][gc,heap        ] GC(198) Survivor regions: 4->4(21)
[2026-04-03T01:35:32.413+0600][61.162s][info][gc,heap        ] GC(198) Old regions: 44->44
[2026-04-03T01:35:32.413+0600][61.162s][info][gc,heap        ] GC(198) Humongous regions: 5->3
[2026-04-03T01:35:32.413+0600][61.162s][info][gc,metaspace   ] GC(198) Metaspace: 132279K(133696K)->132279K(133696K) NonClass: 115513K(116224K)->115513K(116224K) Class: 16766K(17472K)->16766K(17472K)
[2026-04-03T01:35:32.413+0600][61.162s][info][gc             ] GC(198) Pause Young (Concurrent Start) (G1 Humongous Allocation) 106M->97M(614M) 4.211ms
[2026-04-03T01:35:32.413+0600][61.162s][info][gc             ] GC(199) Concurrent Mark Cycle
[2026-04-03T01:35:32.413+0600][61.162s][info][gc,marking     ] GC(199) Concurrent Scan Root Regions
[2026-04-03T01:35:32.413+0600][61.162s][info][gc,cpu         ] GC(198) User=0.03s Sys=0.00s Real=0.01s
[2026-04-03T01:35:32.417+0600][61.165s][info][gc,marking     ] GC(199) Concurrent Scan Root Regions 3.110ms
[2026-04-03T01:35:32.417+0600][61.165s][info][gc,marking     ] GC(199) Concurrent Mark
[2026-04-03T01:35:32.417+0600][61.165s][info][gc,marking     ] GC(199) Concurrent Mark From Roots
[2026-04-03T01:35:32.417+0600][61.165s][info][gc,task        ] GC(199) Using 2 workers of 2 for marking
[2026-04-03T01:35:32.545+0600][61.293s][info][gc,marking     ] GC(199) Concurrent Mark From Roots 128.092ms
[2026-04-03T01:35:32.545+0600][61.293s][info][gc,marking     ] GC(199) Concurrent Preclean
[2026-04-03T01:35:32.545+0600][61.294s][info][gc,marking     ] GC(199) Concurrent Preclean 0.630ms
[2026-04-03T01:35:32.546+0600][61.294s][info][gc,start       ] GC(199) Pause Remark
[2026-04-03T01:35:32.555+0600][61.303s][info][gc             ] GC(199) Pause Remark 253M->253M(580M) 8.666ms
[2026-04-03T01:35:32.555+0600][61.303s][info][gc,cpu         ] GC(199) User=0.06s Sys=0.00s Real=0.01s
[2026-04-03T01:35:32.555+0600][61.303s][info][gc,marking     ] GC(199) Concurrent Mark 138.306ms
[2026-04-03T01:35:32.555+0600][61.304s][info][gc,marking     ] GC(199) Concurrent Rebuild Remembered Sets and Scrub Regions
[2026-04-03T01:35:32.600+0600][61.348s][info][gc,marking     ] GC(199) Concurrent Rebuild Remembered Sets and Scrub Regions 44.954ms
[2026-04-03T01:35:32.600+0600][61.349s][info][gc,start       ] GC(199) Pause Cleanup
[2026-04-03T01:35:32.601+0600][61.349s][info][gc             ] GC(199) Pause Cleanup 305M->305M(580M) 0.323ms
[2026-04-03T01:35:32.601+0600][61.349s][info][gc,cpu         ] GC(199) User=0.00s Sys=0.00s Real=0.00s
[2026-04-03T01:35:32.601+0600][61.349s][info][gc,marking     ] GC(199) Concurrent Clear Claimed Marks
[2026-04-03T01:35:32.601+0600][61.350s][info][gc,marking     ] GC(199) Concurrent Clear Claimed Marks 0.341ms
[2026-04-03T01:35:32.601+0600][61.350s][info][gc,marking     ] GC(199) Concurrent Cleanup for Next Mark
[2026-04-03T01:35:32.602+0600][61.351s][info][gc,marking     ] GC(199) Concurrent Cleanup for Next Mark 1.035ms
[2026-04-03T01:35:32.602+0600][61.351s][info][gc             ] GC(199) Concurrent Mark Cycle 189.063ms
[2026-04-03T01:35:32.856+0600][61.605s][info][gc,start       ] GC(200) Pause Young (Prepare Mixed) (G1 Evacuation Pause)
[2026-04-03T01:35:32.856+0600][61.605s][info][gc,task        ] GC(200) Using 10 workers of 10 for evacuation
[2026-04-03T01:35:32.864+0600][61.613s][info][gc,phases      ] GC(200)   Pre Evacuate Collection Set: 0.41ms
[2026-04-03T01:35:32.864+0600][61.613s][info][gc,phases      ] GC(200)   Merge Heap Roots: 0.43ms
[2026-04-03T01:35:32.864+0600][61.613s][info][gc,phases      ] GC(200)   Evacuate Collection Set: 5.99ms
[2026-04-03T01:35:32.864+0600][61.613s][info][gc,phases      ] GC(200)   Post Evacuate Collection Set: 1.08ms
[2026-04-03T01:35:32.864+0600][61.613s][info][gc,phases      ] GC(200)   Other: 0.12ms
[2026-04-03T01:35:32.864+0600][61.613s][info][gc,heap        ] GC(200) Eden regions: 133->0(172)
[2026-04-03T01:35:32.864+0600][61.613s][info][gc,heap        ] GC(200) Survivor regions: 4->5(22)
[2026-04-03T01:35:32.864+0600][61.613s][info][gc,heap        ] GC(200) Old regions: 44->45
[2026-04-03T01:35:32.864+0600][61.613s][info][gc,heap        ] GC(200) Humongous regions: 109->3
[2026-04-03T01:35:32.864+0600][61.613s][info][gc,metaspace   ] GC(200) Metaspace: 132280K(133696K)->132280K(133696K) NonClass: 115513K(116224K)->115513K(116224K) Class: 16766K(17472K)->16766K(17472K)
[2026-04-03T01:35:32.864+0600][61.613s][info][gc             ] GC(200) Pause Young (Prepare Mixed) (G1 Evacuation Pause) 575M->100M(592M) 8.397ms
[2026-04-03T01:35:32.865+0600][61.613s][info][gc,cpu         ] GC(200) User=0.05s Sys=0.01s Real=0.01s
[2026-04-03T01:35:33.199+0600][61.947s][info][gc,start       ] GC(201) Pause Young (Mixed) (G1 Evacuation Pause)
[2026-04-03T01:35:33.199+0600][61.948s][info][gc,task        ] GC(201) Using 10 workers of 10 for evacuation
[2026-04-03T01:35:33.205+0600][61.954s][info][gc,phases      ] GC(201)   Pre Evacuate Collection Set: 0.42ms
[2026-04-03T01:35:33.205+0600][61.954s][info][gc,phases      ] GC(201)   Merge Heap Roots: 0.19ms
[2026-04-03T01:35:33.205+0600][61.954s][info][gc,phases      ] GC(201)   Evacuate Collection Set: 4.62ms
[2026-04-03T01:35:33.205+0600][61.954s][info][gc,phases      ] GC(201)   Post Evacuate Collection Set: 0.68ms
[2026-04-03T01:35:33.205+0600][61.954s][info][gc,phases      ] GC(201)   Other: 0.11ms
[2026-04-03T01:35:33.205+0600][61.954s][info][gc,heap        ] GC(201) Eden regions: 135->0(195)
[2026-04-03T01:35:33.205+0600][61.954s][info][gc,heap        ] GC(201) Survivor regions: 5->5(23)
[2026-04-03T01:35:33.205+0600][61.954s][info][gc,heap        ] GC(201) Old regions: 45->44
[2026-04-03T01:35:33.205+0600][61.954s][info][gc,heap        ] GC(201) Humongous regions: 144->12
[2026-04-03T01:35:33.205+0600][61.954s][info][gc,metaspace   ] GC(201) Metaspace: 132281K(133696K)->132281K(133696K) NonClass: 115515K(116224K)->115515K(116224K) Class: 16766K(17472K)->16766K(17472K)
[2026-04-03T01:35:33.205+0600][61.954s][info][gc             ] GC(201) Pause Young (Mixed) (G1 Evacuation Pause) 652M->118M(668M) 6.303ms
[2026-04-03T01:35:33.205+0600][61.954s][info][gc,cpu         ] GC(201) User=0.04s Sys=0.01s Real=0.01s
[2026-04-03T01:35:33.206+0600][61.955s][info][gc,start       ] GC(202) Pause Young (Concurrent Start) (G1 Humongous Allocation)
[2026-04-03T01:35:33.206+0600][61.955s][info][gc,task        ] GC(202) Using 10 workers of 10 for evacuation
[2026-04-03T01:35:33.210+0600][61.958s][info][gc,phases      ] GC(202)   Pre Evacuate Collection Set: 0.36ms
[2026-04-03T01:35:33.210+0600][61.958s][info][gc,phases      ] GC(202)   Merge Heap Roots: 0.07ms
[2026-04-03T01:35:33.210+0600][61.958s][info][gc,phases      ] GC(202)   Evacuate Collection Set: 2.40ms
[2026-04-03T01:35:33.210+0600][61.958s][info][gc,phases      ] GC(202)   Post Evacuate Collection Set: 0.47ms
[2026-04-03T01:35:33.210+0600][61.958s][info][gc,phases      ] GC(202)   Other: 0.10ms
[2026-04-03T01:35:33.210+0600][61.958s][info][gc,heap        ] GC(202) Eden regions: 2->0(195)
[2026-04-03T01:35:33.210+0600][61.958s][info][gc,heap        ] GC(202) Survivor regions: 5->5(25)
[2026-04-03T01:35:33.210+0600][61.958s][info][gc,heap        ] GC(202) Old regions: 44->44
[2026-04-03T01:35:33.210+0600][61.958s][info][gc,heap        ] GC(202) Humongous regions: 12->3
[2026-04-03T01:35:33.210+0600][61.958s][info][gc,metaspace   ] GC(202) Metaspace: 132281K(133696K)->132281K(133696K) NonClass: 115515K(116224K)->115515K(116224K) Class: 16766K(17472K)->16766K(17472K)
[2026-04-03T01:35:33.210+0600][61.958s][info][gc             ] GC(202) Pause Young (Concurrent Start) (G1 Humongous Allocation) 121M->100M(668M) 3.707ms
[2026-04-03T01:35:33.210+0600][61.958s][info][gc             ] GC(203) Concurrent Mark Cycle
[2026-04-03T01:35:33.210+0600][61.958s][info][gc,marking     ] GC(203) Concurrent Scan Root Regions
[2026-04-03T01:35:33.210+0600][61.958s][info][gc,cpu         ] GC(202) User=0.02s Sys=0.00s Real=0.01s
[2026-04-03T01:35:33.214+0600][61.962s][info][gc,marking     ] GC(203) Concurrent Scan Root Regions 3.750ms
[2026-04-03T01:35:33.214+0600][61.962s][info][gc,marking     ] GC(203) Concurrent Mark
[2026-04-03T01:35:33.214+0600][61.962s][info][gc,marking     ] GC(203) Concurrent Mark From Roots
[2026-04-03T01:35:33.214+0600][61.962s][info][gc,task        ] GC(203) Using 2 workers of 2 for marking
[2026-04-03T01:35:33.319+0600][62.068s][info][gc,start       ] GC(204) Pause Young (Normal) (G1 Evacuation Pause)
[2026-04-03T01:35:33.319+0600][62.068s][info][gc,task        ] GC(204) Using 10 workers of 10 for evacuation
[2026-04-03T01:35:33.325+0600][62.073s][info][gc,phases      ] GC(204)   Pre Evacuate Collection Set: 0.52ms
[2026-04-03T01:35:33.325+0600][62.073s][info][gc,phases      ] GC(204)   Merge Heap Roots: 0.20ms
[2026-04-03T01:35:33.325+0600][62.073s][info][gc,phases      ] GC(204)   Evacuate Collection Set: 3.65ms
[2026-04-03T01:35:33.325+0600][62.073s][info][gc,phases      ] GC(204)   Post Evacuate Collection Set: 1.07ms
[2026-04-03T01:35:33.325+0600][62.073s][info][gc,phases      ] GC(204)   Other: 0.12ms
[2026-04-03T01:35:33.325+0600][62.073s][info][gc,heap        ] GC(204) Eden regions: 35->0(200)
[2026-04-03T01:35:33.325+0600][62.073s][info][gc,heap        ] GC(204) Survivor regions: 5->4(25)
[2026-04-03T01:35:33.325+0600][62.073s][info][gc,heap        ] GC(204) Old regions: 44->44
[2026-04-03T01:35:33.325+0600][62.073s][info][gc,heap        ] GC(204) Humongous regions: 252->9
[2026-04-03T01:35:33.325+0600][62.073s][info][gc,metaspace   ] GC(204) Metaspace: 132283K(133696K)->132283K(133696K) NonClass: 115516K(116224K)->115516K(116224K) Class: 16766K(17472K)->16766K(17472K)
[2026-04-03T01:35:33.325+0600][62.073s][info][gc             ] GC(204) Pause Young (Normal) (G1 Evacuation Pause) 668M->110M(680M) 5.863ms
[2026-04-03T01:35:33.325+0600][62.074s][info][gc,cpu         ] GC(204) User=0.03s Sys=0.01s Real=0.01s
[2026-04-03T01:35:33.335+0600][62.084s][info][gc,marking     ] GC(203) Concurrent Mark From Roots 121.686ms
[2026-04-03T01:35:33.336+0600][62.084s][info][gc,marking     ] GC(203) Concurrent Preclean
[2026-04-03T01:35:33.336+0600][62.085s][info][gc,marking     ] GC(203) Concurrent Preclean 0.843ms
[2026-04-03T01:35:33.337+0600][62.085s][info][gc,start       ] GC(203) Pause Remark
[2026-04-03T01:35:33.345+0600][62.094s][info][gc             ] GC(203) Pause Remark 245M->245M(680M) 8.430ms
[2026-04-03T01:35:33.345+0600][62.094s][info][gc,cpu         ] GC(203) User=0.06s Sys=0.00s Real=0.01s
[2026-04-03T01:35:33.346+0600][62.094s][info][gc,marking     ] GC(203) Concurrent Mark 131.875ms
[2026-04-03T01:35:33.346+0600][62.094s][info][gc,marking     ] GC(203) Concurrent Rebuild Remembered Sets and Scrub Regions
[2026-04-03T01:35:33.394+0600][62.143s][info][gc,marking     ] GC(203) Concurrent Rebuild Remembered Sets and Scrub Regions 48.341ms
[2026-04-03T01:35:33.394+0600][62.143s][info][gc,start       ] GC(203) Pause Cleanup
[2026-04-03T01:35:33.395+0600][62.143s][info][gc             ] GC(203) Pause Cleanup 315M->315M(680M) 0.294ms
[2026-04-03T01:35:33.395+0600][62.143s][info][gc,cpu         ] GC(203) User=0.00s Sys=0.00s Real=0.00s
[2026-04-03T01:35:33.395+0600][62.143s][info][gc,marking     ] GC(203) Concurrent Clear Claimed Marks
[2026-04-03T01:35:33.395+0600][62.144s][info][gc,marking     ] GC(203) Concurrent Clear Claimed Marks 0.307ms
[2026-04-03T01:35:33.395+0600][62.144s][info][gc,marking     ] GC(203) Concurrent Cleanup for Next Mark
[2026-04-03T01:35:33.397+0600][62.145s][info][gc,marking     ] GC(203) Concurrent Cleanup for Next Mark 1.724ms
[2026-04-03T01:35:33.397+0600][62.145s][info][gc             ] GC(203) Concurrent Mark Cycle 187.199ms
[2026-04-03T01:35:33.852+0600][62.601s][info][gc,start       ] GC(205) Pause Young (Prepare Mixed) (G1 Evacuation Pause)
[2026-04-03T01:35:33.852+0600][62.601s][info][gc,task        ] GC(205) Using 10 workers of 10 for evacuation
[2026-04-03T01:35:33.857+0600][62.606s][info][gc,phases      ] GC(205)   Pre Evacuate Collection Set: 0.33ms
[2026-04-03T01:35:33.857+0600][62.606s][info][gc,phases      ] GC(205)   Merge Heap Roots: 0.21ms
[2026-04-03T01:35:33.857+0600][62.606s][info][gc,phases      ] GC(205)   Evacuate Collection Set: 3.24ms
[2026-04-03T01:35:33.857+0600][62.606s][info][gc,phases      ] GC(205)   Post Evacuate Collection Set: 0.70ms
[2026-04-03T01:35:33.857+0600][62.606s][info][gc,phases      ] GC(205)   Other: 0.10ms
[2026-04-03T01:35:33.857+0600][62.606s][info][gc,heap        ] GC(205) Eden regions: 151->0(204)
[2026-04-03T01:35:33.857+0600][62.606s][info][gc,heap        ] GC(205) Survivor regions: 4->3(26)
[2026-04-03T01:35:33.857+0600][62.606s][info][gc,heap        ] GC(205) Old regions: 44->44
[2026-04-03T01:35:33.857+0600][62.606s][info][gc,heap        ] GC(205) Humongous regions: 144->5
[2026-04-03T01:35:33.857+0600][62.606s][info][gc,metaspace   ] GC(205) Metaspace: 132310K(133760K)->132310K(133760K) NonClass: 115543K(116288K)->115543K(116288K) Class: 16766K(17472K)->16766K(17472K)
[2026-04-03T01:35:33.857+0600][62.606s][info][gc             ] GC(205) Pause Young (Prepare Mixed) (G1 Evacuation Pause) 682M->101M(692M) 4.865ms
[2026-04-03T01:35:33.857+0600][62.606s][info][gc,cpu         ] GC(205) User=0.02s Sys=0.02s Real=0.00s
[2026-04-03T01:35:34.242+0600][62.991s][info][gc,start       ] GC(206) Pause Young (Mixed) (G1 Evacuation Pause)
[2026-04-03T01:35:34.243+0600][62.991s][info][gc,task        ] GC(206) Using 10 workers of 10 for evacuation
[2026-04-03T01:35:34.247+0600][62.996s][info][gc,phases      ] GC(206)   Pre Evacuate Collection Set: 0.32ms
[2026-04-03T01:35:34.247+0600][62.996s][info][gc,phases      ] GC(206)   Merge Heap Roots: 0.24ms
[2026-04-03T01:35:34.247+0600][62.996s][info][gc,phases      ] GC(206)   Evacuate Collection Set: 3.40ms
[2026-04-03T01:35:34.247+0600][62.996s][info][gc,phases      ] GC(206)   Post Evacuate Collection Set: 0.77ms
[2026-04-03T01:35:34.247+0600][62.996s][info][gc,phases      ] GC(206)   Other: 0.08ms
[2026-04-03T01:35:34.247+0600][62.996s][info][gc,heap        ] GC(206) Eden regions: 161->0(208)
[2026-04-03T01:35:34.247+0600][62.996s][info][gc,heap        ] GC(206) Survivor regions: 3->4(26)
[2026-04-03T01:35:34.247+0600][62.996s][info][gc,heap        ] GC(206) Old regions: 44->44
[2026-04-03T01:35:34.247+0600][62.996s][info][gc,heap        ] GC(206) Humongous regions: 141->3
[2026-04-03T01:35:34.247+0600][62.996s][info][gc,metaspace   ] GC(206) Metaspace: 132312K(133760K)->132312K(133760K) NonClass: 115545K(116288K)->115545K(116288K) Class: 16766K(17472K)->16766K(17472K)
[2026-04-03T01:35:34.248+0600][62.996s][info][gc             ] GC(206) Pause Young (Mixed) (G1 Evacuation Pause) 695M->98M(708M) 5.057ms
[2026-04-03T01:35:34.248+0600][62.996s][info][gc,cpu         ] GC(206) User=0.02s Sys=0.01s Real=0.00s
[2026-04-03T01:35:34.267+0600][63.016s][info][gc,start       ] GC(207) Pause Young (Concurrent Start) (GCLocker Initiated GC)
[2026-04-03T01:35:34.267+0600][63.016s][info][gc,task        ] GC(207) Using 10 workers of 10 for evacuation
[2026-04-03T01:35:34.273+0600][63.021s][info][gc,phases      ] GC(207)   Pre Evacuate Collection Set: 0.43ms
[2026-04-03T01:35:34.273+0600][63.022s][info][gc,phases      ] GC(207)   Merge Heap Roots: 0.17ms
[2026-04-03T01:35:34.273+0600][63.022s][info][gc,phases      ] GC(207)   Evacuate Collection Set: 3.64ms
[2026-04-03T01:35:34.273+0600][63.022s][info][gc,phases      ] GC(207)   Post Evacuate Collection Set: 1.03ms
[2026-04-03T01:35:34.273+0600][63.022s][info][gc,phases      ] GC(207)   Other: 0.20ms
[2026-04-03T01:35:34.273+0600][63.022s][info][gc,heap        ] GC(207) Eden regions: 11->0(208)
[2026-04-03T01:35:34.273+0600][63.022s][info][gc,heap        ] GC(207) Survivor regions: 4->4(27)
[2026-04-03T01:35:34.273+0600][63.022s][info][gc,heap        ] GC(207) Old regions: 44->44
[2026-04-03T01:35:34.273+0600][63.022s][info][gc,heap        ] GC(207) Humongous regions: 3->3
[2026-04-03T01:35:34.273+0600][63.022s][info][gc,metaspace   ] GC(207) Metaspace: 132312K(133760K)->132312K(133760K) NonClass: 115545K(116288K)->115545K(116288K) Class: 16766K(17472K)->16766K(17472K)
[2026-04-03T01:35:34.273+0600][63.022s][info][gc             ] GC(207) Pause Young (Concurrent Start) (GCLocker Initiated GC) 119M->99M(708M) 5.783ms
[2026-04-03T01:35:34.273+0600][63.022s][info][gc,cpu         ] GC(207) User=0.03s Sys=0.00s Real=0.01s
[2026-04-03T01:35:34.273+0600][63.022s][info][gc             ] GC(208) Concurrent Mark Cycle
[2026-04-03T01:35:34.273+0600][63.022s][info][gc,marking     ] GC(208) Concurrent Scan Root Regions
[2026-04-03T01:35:34.278+0600][63.027s][info][gc,marking     ] GC(208) Concurrent Scan Root Regions 4.791ms
[2026-04-03T01:35:34.278+0600][63.027s][info][gc,marking     ] GC(208) Concurrent Mark
[2026-04-03T01:35:34.278+0600][63.027s][info][gc,marking     ] GC(208) Concurrent Mark From Roots
[2026-04-03T01:35:34.278+0600][63.027s][info][gc,task        ] GC(208) Using 2 workers of 2 for marking
[2026-04-03T01:35:34.403+0600][63.152s][info][gc,marking     ] GC(208) Concurrent Mark From Roots 124.955ms
[2026-04-03T01:35:34.403+0600][63.152s][info][gc,marking     ] GC(208) Concurrent Preclean
[2026-04-03T01:35:34.404+0600][63.153s][info][gc,marking     ] GC(208) Concurrent Preclean 0.790ms
[2026-04-03T01:35:34.405+0600][63.153s][info][gc,start       ] GC(208) Pause Remark
[2026-04-03T01:35:34.414+0600][63.163s][info][gc             ] GC(208) Pause Remark 272M->272M(594M) 9.476ms
[2026-04-03T01:35:34.414+0600][63.163s][info][gc,cpu         ] GC(208) User=0.07s Sys=0.00s Real=0.01s
[2026-04-03T01:35:34.414+0600][63.163s][info][gc,marking     ] GC(208) Concurrent Mark 136.142ms
[2026-04-03T01:35:34.415+0600][63.163s][info][gc,marking     ] GC(208) Concurrent Rebuild Remembered Sets and Scrub Regions
[2026-04-03T01:35:34.468+0600][63.217s][info][gc,marking     ] GC(208) Concurrent Rebuild Remembered Sets and Scrub Regions 53.859ms
[2026-04-03T01:35:34.469+0600][63.217s][info][gc,start       ] GC(208) Pause Cleanup
[2026-04-03T01:35:34.469+0600][63.218s][info][gc             ] GC(208) Pause Cleanup 327M->327M(594M) 0.339ms
[2026-04-03T01:35:34.469+0600][63.218s][info][gc,cpu         ] GC(208) User=0.00s Sys=0.00s Real=0.00s
[2026-04-03T01:35:34.469+0600][63.218s][info][gc,marking     ] GC(208) Concurrent Clear Claimed Marks
[2026-04-03T01:35:34.470+0600][63.218s][info][gc,marking     ] GC(208) Concurrent Clear Claimed Marks 0.375ms
[2026-04-03T01:35:34.470+0600][63.218s][info][gc,marking     ] GC(208) Concurrent Cleanup for Next Mark
[2026-04-03T01:35:34.471+0600][63.219s][info][gc,marking     ] GC(208) Concurrent Cleanup for Next Mark 1.181ms
[2026-04-03T01:35:34.471+0600][63.219s][info][gc             ] GC(208) Concurrent Mark Cycle 197.569ms
[2026-04-03T01:35:34.751+0600][63.499s][info][gc,start       ] GC(209) Pause Young (Prepare Mixed) (G1 Evacuation Pause)
[2026-04-03T01:35:34.751+0600][63.499s][info][gc,task        ] GC(209) Using 10 workers of 10 for evacuation
[2026-04-03T01:35:34.758+0600][63.506s][info][gc,phases      ] GC(209)   Pre Evacuate Collection Set: 0.55ms
[2026-04-03T01:35:34.758+0600][63.506s][info][gc,phases      ] GC(209)   Merge Heap Roots: 0.27ms
[2026-04-03T01:35:34.758+0600][63.506s][info][gc,phases      ] GC(209)   Evacuate Collection Set: 4.80ms
[2026-04-03T01:35:34.758+0600][63.506s][info][gc,phases      ] GC(209)   Post Evacuate Collection Set: 1.08ms
[2026-04-03T01:35:34.758+0600][63.506s][info][gc,phases      ] GC(209)   Other: 0.12ms
[2026-04-03T01:35:34.758+0600][63.506s][info][gc,heap        ] GC(209) Eden regions: 143->0(177)
[2026-04-03T01:35:34.758+0600][63.506s][info][gc,heap        ] GC(209) Survivor regions: 4->5(23)
[2026-04-03T01:35:34.758+0600][63.506s][info][gc,heap        ] GC(209) Old regions: 44->45
[2026-04-03T01:35:34.758+0600][63.506s][info][gc,heap        ] GC(209) Humongous regions: 107->3
[2026-04-03T01:35:34.758+0600][63.506s][info][gc,metaspace   ] GC(209) Metaspace: 132318K(133760K)->132318K(133760K) NonClass: 115551K(116288K)->115551K(116288K) Class: 16766K(17472K)->16766K(17472K)
[2026-04-03T01:35:34.758+0600][63.507s][info][gc             ] GC(209) Pause Young (Prepare Mixed) (G1 Evacuation Pause) 593M->101M(608M) 7.241ms
[2026-04-03T01:35:34.758+0600][63.507s][info][gc,cpu         ] GC(209) User=0.04s Sys=0.02s Real=0.00s
[2026-04-03T01:35:35.053+0600][63.801s][info][gc,start       ] GC(210) Pause Young (Mixed) (G1 Evacuation Pause)
[2026-04-03T01:35:35.053+0600][63.801s][info][gc,task        ] GC(210) Using 10 workers of 10 for evacuation
[2026-04-03T01:35:35.058+0600][63.807s][info][gc,phases      ] GC(210)   Pre Evacuate Collection Set: 0.35ms
[2026-04-03T01:35:35.058+0600][63.807s][info][gc,phases      ] GC(210)   Merge Heap Roots: 0.15ms
[2026-04-03T01:35:35.058+0600][63.807s][info][gc,phases      ] GC(210)   Evacuate Collection Set: 3.91ms
[2026-04-03T01:35:35.058+0600][63.807s][info][gc,phases      ] GC(210)   Post Evacuate Collection Set: 0.63ms
[2026-04-03T01:35:35.058+0600][63.807s][info][gc,phases      ] GC(210)   Other: 0.10ms
[2026-04-03T01:35:35.058+0600][63.807s][info][gc,heap        ] GC(210) Eden regions: 120->0(196)
[2026-04-03T01:35:35.058+0600][63.807s][info][gc,heap        ] GC(210) Survivor regions: 5->5(23)
[2026-04-03T01:35:35.058+0600][63.807s][info][gc,heap        ] GC(210) Old regions: 45->44
[2026-04-03T01:35:35.058+0600][63.807s][info][gc,heap        ] GC(210) Humongous regions: 161->9
[2026-04-03T01:35:35.058+0600][63.807s][info][gc,metaspace   ] GC(210) Metaspace: 132320K(133760K)->132320K(133760K) NonClass: 115553K(116288K)->115553K(116288K) Class: 16766K(17472K)->16766K(17472K)
[2026-04-03T01:35:35.058+0600][63.807s][info][gc             ] GC(210) Pause Young (Mixed) (G1 Evacuation Pause) 657M->113M(672M) 5.463ms
[2026-04-03T01:35:35.058+0600][63.807s][info][gc,cpu         ] GC(210) User=0.03s Sys=0.01s Real=0.00s
[2026-04-03T01:35:35.059+0600][63.807s][info][gc,start       ] GC(211) Pause Young (Concurrent Start) (G1 Humongous Allocation)
[2026-04-03T01:35:35.059+0600][63.808s][info][gc,task        ] GC(211) Using 10 workers of 10 for evacuation
[2026-04-03T01:35:35.062+0600][63.811s][info][gc,phases      ] GC(211)   Pre Evacuate Collection Set: 0.24ms
[2026-04-03T01:35:35.063+0600][63.811s][info][gc,phases      ] GC(211)   Merge Heap Roots: 0.08ms
[2026-04-03T01:35:35.063+0600][63.811s][info][gc,phases      ] GC(211)   Evacuate Collection Set: 2.52ms
[2026-04-03T01:35:35.063+0600][63.811s][info][gc,phases      ] GC(211)   Post Evacuate Collection Set: 0.45ms
[2026-04-03T01:35:35.063+0600][63.811s][info][gc,phases      ] GC(211)   Other: 0.11ms
[2026-04-03T01:35:35.063+0600][63.811s][info][gc,heap        ] GC(211) Eden regions: 2->0(196)
[2026-04-03T01:35:35.063+0600][63.811s][info][gc,heap        ] GC(211) Survivor regions: 5->5(26)
[2026-04-03T01:35:35.063+0600][63.811s][info][gc,heap        ] GC(211) Old regions: 44->44
[2026-04-03T01:35:35.063+0600][63.811s][info][gc,heap        ] GC(211) Humongous regions: 9->3
[2026-04-03T01:35:35.063+0600][63.811s][info][gc,metaspace   ] GC(211) Metaspace: 132320K(133760K)->132320K(133760K) NonClass: 115553K(116288K)->115553K(116288K) Class: 16766K(17472K)->16766K(17472K)
[2026-04-03T01:35:35.063+0600][63.811s][info][gc             ] GC(211) Pause Young (Concurrent Start) (G1 Humongous Allocation) 116M->101M(672M) 3.683ms
[2026-04-03T01:35:35.063+0600][63.811s][info][gc             ] GC(212) Concurrent Mark Cycle
[2026-04-03T01:35:35.063+0600][63.811s][info][gc,marking     ] GC(212) Concurrent Scan Root Regions
[2026-04-03T01:35:35.063+0600][63.811s][info][gc,cpu         ] GC(211) User=0.02s Sys=0.01s Real=0.01s
[2026-04-03T01:35:35.067+0600][63.816s][info][gc,marking     ] GC(212) Concurrent Scan Root Regions 4.184ms
[2026-04-03T01:35:35.067+0600][63.816s][info][gc,marking     ] GC(212) Concurrent Mark
[2026-04-03T01:35:35.067+0600][63.816s][info][gc,marking     ] GC(212) Concurrent Mark From Roots
[2026-04-03T01:35:35.067+0600][63.816s][info][gc,task        ] GC(212) Using 2 workers of 2 for marking
[2026-04-03T01:35:35.183+0600][63.931s][info][gc,marking     ] GC(212) Concurrent Mark From Roots 115.660ms
[2026-04-03T01:35:35.183+0600][63.931s][info][gc,marking     ] GC(212) Concurrent Preclean
[2026-04-03T01:35:35.184+0600][63.932s][info][gc,marking     ] GC(212) Concurrent Preclean 0.699ms
[2026-04-03T01:35:35.186+0600][63.935s][info][gc,start       ] GC(212) Pause Remark
[2026-04-03T01:35:35.195+0600][63.944s][info][gc             ] GC(212) Pause Remark 695M->695M(1048M) 9.232ms
[2026-04-03T01:35:35.196+0600][63.944s][info][gc,cpu         ] GC(212) User=0.06s Sys=0.00s Real=0.01s
[2026-04-03T01:35:35.196+0600][63.944s][info][gc,marking     ] GC(212) Concurrent Mark 128.562ms
[2026-04-03T01:35:35.196+0600][63.944s][info][gc,marking     ] GC(212) Concurrent Rebuild Remembered Sets and Scrub Regions
[2026-04-03T01:35:35.236+0600][63.985s][info][gc,marking     ] GC(212) Concurrent Rebuild Remembered Sets and Scrub Regions 40.250ms
[2026-04-03T01:35:35.236+0600][63.985s][info][gc,start       ] GC(212) Pause Cleanup
[2026-04-03T01:35:35.237+0600][63.985s][info][gc             ] GC(212) Pause Cleanup 767M->767M(1048M) 0.263ms
[2026-04-03T01:35:35.237+0600][63.985s][info][gc,cpu         ] GC(212) User=0.00s Sys=0.00s Real=0.00s
[2026-04-03T01:35:35.237+0600][63.985s][info][gc,marking     ] GC(212) Concurrent Clear Claimed Marks
[2026-04-03T01:35:35.237+0600][63.986s][info][gc,marking     ] GC(212) Concurrent Clear Claimed Marks 0.345ms
[2026-04-03T01:35:35.237+0600][63.986s][info][gc,marking     ] GC(212) Concurrent Cleanup for Next Mark
[2026-04-03T01:35:35.243+0600][63.992s][info][gc,marking     ] GC(212) Concurrent Cleanup for Next Mark 5.850ms
[2026-04-03T01:35:35.243+0600][63.992s][info][gc             ] GC(212) Concurrent Mark Cycle 180.407ms
[2026-04-03T01:35:35.632+0600][64.381s][info][gc,start       ] GC(213) Pause Young (Prepare Mixed) (G1 Evacuation Pause)
[2026-04-03T01:35:35.632+0600][64.381s][info][gc,task        ] GC(213) Using 10 workers of 10 for evacuation
[2026-04-03T01:35:35.636+0600][64.384s][info][gc,phases      ] GC(213)   Pre Evacuate Collection Set: 0.32ms
[2026-04-03T01:35:35.636+0600][64.385s][info][gc,phases      ] GC(213)   Merge Heap Roots: 0.23ms
[2026-04-03T01:35:35.636+0600][64.385s][info][gc,phases      ] GC(213)   Evacuate Collection Set: 2.45ms
[2026-04-03T01:35:35.636+0600][64.385s][info][gc,phases      ] GC(213)   Post Evacuate Collection Set: 0.72ms
[2026-04-03T01:35:35.636+0600][64.385s][info][gc,phases      ] GC(213)   Other: 0.09ms
[2026-04-03T01:35:35.636+0600][64.385s][info][gc,heap        ] GC(213) Eden regions: 130->0(313)
[2026-04-03T01:35:35.636+0600][64.385s][info][gc,heap        ] GC(213) Survivor regions: 5->3(29)
[2026-04-03T01:35:35.636+0600][64.385s][info][gc,heap        ] GC(213) Old regions: 44->44
[2026-04-03T01:35:35.636+0600][64.385s][info][gc,heap        ] GC(213) Humongous regions: 345->3
[2026-04-03T01:35:35.636+0600][64.385s][info][gc,metaspace   ] GC(213) Metaspace: 132341K(133760K)->132341K(133760K) NonClass: 115574K(116288K)->115574K(116288K) Class: 16766K(17472K)->16766K(17472K)
[2026-04-03T01:35:35.636+0600][64.385s][info][gc             ] GC(213) Pause Young (Prepare Mixed) (G1 Evacuation Pause) 1045M->97M(1054M) 4.051ms
[2026-04-03T01:35:35.636+0600][64.385s][info][gc,cpu         ] GC(213) User=0.03s Sys=0.00s Real=0.00s
[2026-04-03T01:35:36.335+0600][65.084s][info][gc,start       ] GC(214) Pause Young (Mixed) (GCLocker Initiated GC)
[2026-04-03T01:35:36.336+0600][65.084s][info][gc,task        ] GC(214) Using 10 workers of 10 for evacuation
[2026-04-03T01:35:36.343+0600][65.092s][info][gc,phases      ] GC(214)   Pre Evacuate Collection Set: 0.49ms
[2026-04-03T01:35:36.343+0600][65.092s][info][gc,phases      ] GC(214)   Merge Heap Roots: 0.34ms
[2026-04-03T01:35:36.343+0600][65.092s][info][gc,phases      ] GC(214)   Evacuate Collection Set: 5.31ms
[2026-04-03T01:35:36.343+0600][65.092s][info][gc,phases      ] GC(214)   Post Evacuate Collection Set: 1.25ms
[2026-04-03T01:35:36.343+0600][65.092s][info][gc,phases      ] GC(214)   Other: 0.14ms
[2026-04-03T01:35:36.343+0600][65.092s][info][gc,heap        ] GC(214) Eden regions: 275->0(316)
[2026-04-03T01:35:36.343+0600][65.092s][info][gc,heap        ] GC(214) Survivor regions: 3->5(40)
[2026-04-03T01:35:36.343+0600][65.092s][info][gc,heap        ] GC(214) Old regions: 44->44
[2026-04-03T01:35:36.343+0600][65.092s][info][gc,heap        ] GC(214) Humongous regions: 207->4
[2026-04-03T01:35:36.343+0600][65.092s][info][gc,metaspace   ] GC(214) Metaspace: 132341K(133760K)->132341K(133760K) NonClass: 115574K(116288K)->115574K(116288K) Class: 16766K(17472K)->16766K(17472K)
[2026-04-03T01:35:36.343+0600][65.092s][info][gc             ] GC(214) Pause Young (Mixed) (GCLocker Initiated GC) 1055M->102M(1070M) 7.863ms
[2026-04-03T01:35:36.343+0600][65.092s][info][gc,cpu         ] GC(214) User=0.04s Sys=0.02s Real=0.01s
[2026-04-03T01:35:36.400+0600][65.148s][info][gc,start       ] GC(215) Pause Young (Concurrent Start) (G1 Humongous Allocation)
[2026-04-03T01:35:36.400+0600][65.148s][info][gc,task        ] GC(215) Using 10 workers of 10 for evacuation
[2026-04-03T01:35:36.403+0600][65.151s][info][gc,phases      ] GC(215)   Pre Evacuate Collection Set: 0.43ms
[2026-04-03T01:35:36.403+0600][65.151s][info][gc,phases      ] GC(215)   Merge Heap Roots: 0.12ms
[2026-04-03T01:35:36.403+0600][65.151s][info][gc,phases      ] GC(215)   Evacuate Collection Set: 1.76ms
[2026-04-03T01:35:36.403+0600][65.151s][info][gc,phases      ] GC(215)   Post Evacuate Collection Set: 0.52ms
[2026-04-03T01:35:36.403+0600][65.152s][info][gc,phases      ] GC(215)   Other: 0.10ms
[2026-04-03T01:35:36.403+0600][65.152s][info][gc,heap        ] GC(215) Eden regions: 22->0(318)
[2026-04-03T01:35:36.403+0600][65.152s][info][gc,heap        ] GC(215) Survivor regions: 5->3(41)
[2026-04-03T01:35:36.403+0600][65.152s][info][gc,heap        ] GC(215) Old regions: 44->44
[2026-04-03T01:35:36.403+0600][65.152s][info][gc,heap        ] GC(215) Humongous regions: 20->3
[2026-04-03T01:35:36.403+0600][65.152s][info][gc,metaspace   ] GC(215) Metaspace: 132342K(133760K)->132342K(133760K) NonClass: 115575K(116288K)->115575K(116288K) Class: 16766K(17472K)->16766K(17472K)
[2026-04-03T01:35:36.403+0600][65.152s][info][gc             ] GC(215) Pause Young (Concurrent Start) (G1 Humongous Allocation) 177M->97M(1070M) 3.161ms
[2026-04-03T01:35:36.403+0600][65.152s][info][gc             ] GC(216) Concurrent Undo Cycle
[2026-04-03T01:35:36.403+0600][65.152s][info][gc,cpu         ] GC(215) User=0.03s Sys=0.00s Real=0.00s
[2026-04-03T01:35:36.403+0600][65.152s][info][gc,marking     ] GC(216) Concurrent Clear Claimed Marks
[2026-04-03T01:35:36.403+0600][65.152s][info][gc,marking     ] GC(216) Concurrent Clear Claimed Marks 0.215ms
[2026-04-03T01:35:36.403+0600][65.152s][info][gc,marking     ] GC(216) Concurrent Cleanup for Next Mark
[2026-04-03T01:35:36.404+0600][65.152s][info][gc,marking     ] GC(216) Concurrent Cleanup for Next Mark 0.350ms
[2026-04-03T01:35:36.404+0600][65.152s][info][gc             ] GC(216) Concurrent Undo Cycle 0.724ms
[2026-04-03T01:35:36.524+0600][65.272s][info][gc,start       ] GC(217) Pause Young (Concurrent Start) (G1 Humongous Allocation)
[2026-04-03T01:35:36.524+0600][65.272s][info][gc,task        ] GC(217) Using 10 workers of 10 for evacuation
[2026-04-03T01:35:36.526+0600][65.275s][info][gc,phases      ] GC(217)   Pre Evacuate Collection Set: 0.29ms
[2026-04-03T01:35:36.526+0600][65.275s][info][gc,phases      ] GC(217)   Merge Heap Roots: 0.10ms
[2026-04-03T01:35:36.526+0600][65.275s][info][gc,phases      ] GC(217)   Evacuate Collection Set: 1.77ms
[2026-04-03T01:35:36.526+0600][65.275s][info][gc,phases      ] GC(217)   Post Evacuate Collection Set: 0.48ms
[2026-04-03T01:35:36.526+0600][65.275s][info][gc,phases      ] GC(217)   Other: 0.12ms
[2026-04-03T01:35:36.526+0600][65.275s][info][gc,heap        ] GC(217) Eden regions: 32->0(317)
[2026-04-03T01:35:36.526+0600][65.275s][info][gc,heap        ] GC(217) Survivor regions: 3->4(41)
[2026-04-03T01:35:36.526+0600][65.275s][info][gc,heap        ] GC(217) Old regions: 44->44
[2026-04-03T01:35:36.526+0600][65.275s][info][gc,heap        ] GC(217) Humongous regions: 21->3
[2026-04-03T01:35:36.526+0600][65.275s][info][gc,metaspace   ] GC(217) Metaspace: 132345K(133760K)->132345K(133760K) NonClass: 115578K(116288K)->115578K(116288K) Class: 16766K(17472K)->16766K(17472K)
[2026-04-03T01:35:36.527+0600][65.275s][info][gc             ] GC(217) Pause Young (Concurrent Start) (G1 Humongous Allocation) 197M->98M(1070M) 3.001ms
[2026-04-03T01:35:36.527+0600][65.275s][info][gc             ] GC(218) Concurrent Undo Cycle
[2026-04-03T01:35:36.527+0600][65.275s][info][gc,cpu         ] GC(217) User=0.01s Sys=0.00s Real=0.00s
[2026-04-03T01:35:36.527+0600][65.275s][info][gc,marking     ] GC(218) Concurrent Clear Claimed Marks
[2026-04-03T01:35:36.527+0600][65.275s][info][gc,marking     ] GC(218) Concurrent Clear Claimed Marks 0.281ms
[2026-04-03T01:35:36.527+0600][65.275s][info][gc,marking     ] GC(218) Concurrent Cleanup for Next Mark
[2026-04-03T01:35:36.527+0600][65.276s][info][gc,marking     ] GC(218) Concurrent Cleanup for Next Mark 0.366ms
[2026-04-03T01:35:36.527+0600][65.276s][info][gc             ] GC(218) Concurrent Undo Cycle 0.789ms
[2026-04-03T01:35:36.638+0600][65.387s][info][gc,start       ] GC(219) Pause Young (Concurrent Start) (G1 Humongous Allocation)
[2026-04-03T01:35:36.638+0600][65.387s][info][gc,task        ] GC(219) Using 10 workers of 10 for evacuation
[2026-04-03T01:35:36.643+0600][65.391s][info][gc,phases      ] GC(219)   Pre Evacuate Collection Set: 0.45ms
[2026-04-03T01:35:36.643+0600][65.391s][info][gc,phases      ] GC(219)   Merge Heap Roots: 0.17ms
[2026-04-03T01:35:36.643+0600][65.391s][info][gc,phases      ] GC(219)   Evacuate Collection Set: 2.95ms
[2026-04-03T01:35:36.643+0600][65.391s][info][gc,phases      ] GC(219)   Post Evacuate Collection Set: 0.59ms
[2026-04-03T01:35:36.643+0600][65.391s][info][gc,phases      ] GC(219)   Other: 0.28ms
[2026-04-03T01:35:36.643+0600][65.391s][info][gc,heap        ] GC(219) Eden regions: 38->0(317)
[2026-04-03T01:35:36.643+0600][65.391s][info][gc,heap        ] GC(219) Survivor regions: 4->4(41)
[2026-04-03T01:35:36.643+0600][65.391s][info][gc,heap        ] GC(219) Old regions: 44->44
[2026-04-03T01:35:36.643+0600][65.391s][info][gc,heap        ] GC(219) Humongous regions: 25->3
[2026-04-03T01:35:36.643+0600][65.391s][info][gc,metaspace   ] GC(219) Metaspace: 132347K(133760K)->132347K(133760K) NonClass: 115579K(116288K)->115579K(116288K) Class: 16767K(17472K)->16767K(17472K)
[2026-04-03T01:35:36.643+0600][65.392s][info][gc             ] GC(219) Pause Young (Concurrent Start) (G1 Humongous Allocation) 217M->99M(1070M) 4.710ms
[2026-04-03T01:35:36.643+0600][65.392s][info][gc             ] GC(220) Concurrent Undo Cycle
[2026-04-03T01:35:36.643+0600][65.392s][info][gc,cpu         ] GC(219) User=0.03s Sys=0.00s Real=0.01s
[2026-04-03T01:35:36.643+0600][65.392s][info][gc,marking     ] GC(220) Concurrent Clear Claimed Marks
[2026-04-03T01:35:36.644+0600][65.392s][info][gc,marking     ] GC(220) Concurrent Clear Claimed Marks 0.293ms
[2026-04-03T01:35:36.644+0600][65.392s][info][gc,marking     ] GC(220) Concurrent Cleanup for Next Mark
[2026-04-03T01:35:36.644+0600][65.392s][info][gc,marking     ] GC(220) Concurrent Cleanup for Next Mark 0.367ms
[2026-04-03T01:35:36.644+0600][65.392s][info][gc             ] GC(220) Concurrent Undo Cycle 0.824ms
[2026-04-03T01:35:36.833+0600][65.581s][info][gc,start       ] GC(221) Pause Young (Concurrent Start) (G1 Humongous Allocation)
[2026-04-03T01:35:36.833+0600][65.581s][info][gc,task        ] GC(221) Using 10 workers of 10 for evacuation
[2026-04-03T01:35:36.837+0600][65.585s][info][gc,phases      ] GC(221)   Pre Evacuate Collection Set: 0.44ms
[2026-04-03T01:35:36.837+0600][65.585s][info][gc,phases      ] GC(221)   Merge Heap Roots: 0.14ms
[2026-04-03T01:35:36.837+0600][65.585s][info][gc,phases      ] GC(221)   Evacuate Collection Set: 2.16ms
[2026-04-03T01:35:36.837+0600][65.585s][info][gc,phases      ] GC(221)   Post Evacuate Collection Set: 0.72ms
[2026-04-03T01:35:36.837+0600][65.585s][info][gc,phases      ] GC(221)   Other: 0.11ms
[2026-04-03T01:35:36.837+0600][65.585s][info][gc,heap        ] GC(221) Eden regions: 92->0(317)
[2026-04-03T01:35:36.837+0600][65.585s][info][gc,heap        ] GC(221) Survivor regions: 4->4(41)
[2026-04-03T01:35:36.837+0600][65.585s][info][gc,heap        ] GC(221) Old regions: 44->44
[2026-04-03T01:35:36.837+0600][65.585s][info][gc,heap        ] GC(221) Humongous regions: 28->3
[2026-04-03T01:35:36.837+0600][65.585s][info][gc,metaspace   ] GC(221) Metaspace: 132351K(133760K)->132351K(133760K) NonClass: 115582K(116288K)->115582K(116288K) Class: 16768K(17472K)->16768K(17472K)
[2026-04-03T01:35:36.837+0600][65.585s][info][gc             ] GC(221) Pause Young (Concurrent Start) (G1 Humongous Allocation) 332M->98M(1070M) 3.894ms
[2026-04-03T01:35:36.837+0600][65.585s][info][gc             ] GC(222) Concurrent Undo Cycle
[2026-04-03T01:35:36.837+0600][65.585s][info][gc,cpu         ] GC(221) User=0.02s Sys=0.01s Real=0.00s
[2026-04-03T01:35:36.837+0600][65.585s][info][gc,marking     ] GC(222) Concurrent Clear Claimed Marks
[2026-04-03T01:35:36.837+0600][65.586s][info][gc,marking     ] GC(222) Concurrent Clear Claimed Marks 0.298ms
[2026-04-03T01:35:36.837+0600][65.586s][info][gc,marking     ] GC(222) Concurrent Cleanup for Next Mark
[2026-04-03T01:35:36.838+0600][65.586s][info][gc,marking     ] GC(222) Concurrent Cleanup for Next Mark 0.394ms
[2026-04-03T01:35:36.838+0600][65.586s][info][gc             ] GC(222) Concurrent Undo Cycle 0.872ms
[2026-04-03T01:35:36.931+0600][65.680s][info][gc,start       ] GC(223) Pause Young (Concurrent Start) (G1 Humongous Allocation)
[2026-04-03T01:35:36.931+0600][65.680s][info][gc,task        ] GC(223) Using 10 workers of 10 for evacuation
[2026-04-03T01:35:36.935+0600][65.683s][info][gc,phases      ] GC(223)   Pre Evacuate Collection Set: 0.32ms
[2026-04-03T01:35:36.935+0600][65.683s][info][gc,phases      ] GC(223)   Merge Heap Roots: 0.13ms
[2026-04-03T01:35:36.935+0600][65.683s][info][gc,phases      ] GC(223)   Evacuate Collection Set: 2.07ms
[2026-04-03T01:35:36.935+0600][65.683s][info][gc,phases      ] GC(223)   Post Evacuate Collection Set: 0.55ms
[2026-04-03T01:35:36.935+0600][65.683s][info][gc,phases      ] GC(223)   Other: 0.16ms
[2026-04-03T01:35:36.935+0600][65.683s][info][gc,heap        ] GC(223) Eden regions: 24->0(317)
[2026-04-03T01:35:36.935+0600][65.683s][info][gc,heap        ] GC(223) Survivor regions: 4->4(41)
[2026-04-03T01:35:36.935+0600][65.683s][info][gc,heap        ] GC(223) Old regions: 44->44
[2026-04-03T01:35:36.935+0600][65.683s][info][gc,heap        ] GC(223) Humongous regions: 35->9
[2026-04-03T01:35:36.935+0600][65.683s][info][gc,metaspace   ] GC(223) Metaspace: 132351K(133760K)->132351K(133760K) NonClass: 115582K(116288K)->115582K(116288K) Class: 16768K(17472K)->16768K(17472K)
[2026-04-03T01:35:36.935+0600][65.683s][info][gc             ] GC(223) Pause Young (Concurrent Start) (G1 Humongous Allocation) 209M->112M(1070M) 3.481ms
[2026-04-03T01:35:36.935+0600][65.683s][info][gc,cpu         ] GC(223) User=0.02s Sys=0.00s Real=0.00s
[2026-04-03T01:35:36.935+0600][65.683s][info][gc             ] GC(224) Concurrent Undo Cycle
[2026-04-03T01:35:36.935+0600][65.683s][info][gc,marking     ] GC(224) Concurrent Clear Claimed Marks
[2026-04-03T01:35:36.935+0600][65.684s][info][gc,marking     ] GC(224) Concurrent Clear Claimed Marks 0.295ms
[2026-04-03T01:35:36.935+0600][65.684s][info][gc,marking     ] GC(224) Concurrent Cleanup for Next Mark
[2026-04-03T01:35:36.936+0600][65.685s][info][gc,marking     ] GC(224) Concurrent Cleanup for Next Mark 1.001ms
[2026-04-03T01:35:36.936+0600][65.685s][info][gc             ] GC(224) Concurrent Undo Cycle 1.497ms
[2026-04-03T01:35:36.938+0600][65.687s][info][gc,start       ] GC(225) Pause Young (Concurrent Start) (G1 Humongous Allocation)
[2026-04-03T01:35:36.938+0600][65.687s][info][gc,task        ] GC(225) Using 10 workers of 10 for evacuation
[2026-04-03T01:35:36.942+0600][65.690s][info][gc,phases      ] GC(225)   Pre Evacuate Collection Set: 0.32ms
[2026-04-03T01:35:36.942+0600][65.690s][info][gc,phases      ] GC(225)   Merge Heap Roots: 0.14ms
[2026-04-03T01:35:36.942+0600][65.690s][info][gc,phases      ] GC(225)   Evacuate Collection Set: 2.20ms
[2026-04-03T01:35:36.942+0600][65.690s][info][gc,phases      ] GC(225)   Post Evacuate Collection Set: 0.52ms
[2026-04-03T01:35:36.942+0600][65.690s][info][gc,phases      ] GC(225)   Other: 0.09ms
[2026-04-03T01:35:36.942+0600][65.690s][info][gc,heap        ] GC(225) Eden regions: 3->0(317)
[2026-04-03T01:35:36.942+0600][65.690s][info][gc,heap        ] GC(225) Survivor regions: 4->4(41)
[2026-04-03T01:35:36.942+0600][65.690s][info][gc,heap        ] GC(225) Old regions: 44->44
[2026-04-03T01:35:36.942+0600][65.690s][info][gc,heap        ] GC(225) Humongous regions: 30->12
[2026-04-03T01:35:36.942+0600][65.690s][info][gc,metaspace   ] GC(225) Metaspace: 132351K(133760K)->132351K(133760K) NonClass: 115582K(116288K)->115582K(116288K) Class: 16768K(17472K)->16768K(17472K)
[2026-04-03T01:35:36.942+0600][65.690s][info][gc             ] GC(225) Pause Young (Concurrent Start) (G1 Humongous Allocation) 158M->118M(1070M) 3.513ms
[2026-04-03T01:35:36.942+0600][65.690s][info][gc             ] GC(226) Concurrent Undo Cycle
[2026-04-03T01:35:36.942+0600][65.690s][info][gc,cpu         ] GC(225) User=0.03s Sys=0.00s Real=0.01s
[2026-04-03T01:35:36.942+0600][65.691s][info][gc,marking     ] GC(226) Concurrent Clear Claimed Marks
[2026-04-03T01:35:36.942+0600][65.691s][info][gc,marking     ] GC(226) Concurrent Clear Claimed Marks 0.276ms
[2026-04-03T01:35:36.942+0600][65.691s][info][gc,marking     ] GC(226) Concurrent Cleanup for Next Mark
[2026-04-03T01:35:36.943+0600][65.691s][info][gc,marking     ] GC(226) Concurrent Cleanup for Next Mark 0.320ms
[2026-04-03T01:35:36.943+0600][65.691s][info][gc             ] GC(226) Concurrent Undo Cycle 0.839ms
[2026-04-03T01:35:36.944+0600][65.692s][info][gc,start       ] GC(227) Pause Young (Concurrent Start) (G1 Humongous Allocation)
[2026-04-03T01:35:36.944+0600][65.692s][info][gc,task        ] GC(227) Using 10 workers of 10 for evacuation
[2026-04-03T01:35:36.948+0600][65.696s][info][gc,phases      ] GC(227)   Pre Evacuate Collection Set: 0.46ms
[2026-04-03T01:35:36.948+0600][65.696s][info][gc,phases      ] GC(227)   Merge Heap Roots: 0.10ms
[2026-04-03T01:35:36.948+0600][65.696s][info][gc,phases      ] GC(227)   Evacuate Collection Set: 2.43ms
[2026-04-03T01:35:36.948+0600][65.696s][info][gc,phases      ] GC(227)   Post Evacuate Collection Set: 0.51ms
[2026-04-03T01:35:36.948+0600][65.696s][info][gc,phases      ] GC(227)   Other: 0.11ms
[2026-04-03T01:35:36.948+0600][65.696s][info][gc,heap        ] GC(227) Eden regions: 3->0(316)
[2026-04-03T01:35:36.948+0600][65.696s][info][gc,heap        ] GC(227) Survivor regions: 4->5(41)
[2026-04-03T01:35:36.948+0600][65.696s][info][gc,heap        ] GC(227) Old regions: 44->44
[2026-04-03T01:35:36.948+0600][65.696s][info][gc,heap        ] GC(227) Humongous regions: 24->12
[2026-04-03T01:35:36.948+0600][65.696s][info][gc,metaspace   ] GC(227) Metaspace: 132351K(133760K)->132351K(133760K) NonClass: 115582K(116288K)->115582K(116288K) Class: 16768K(17472K)->16768K(17472K)
[2026-04-03T01:35:36.948+0600][65.696s][info][gc             ] GC(227) Pause Young (Concurrent Start) (G1 Humongous Allocation) 146M->118M(1070M) 3.872ms
[2026-04-03T01:35:36.948+0600][65.696s][info][gc             ] GC(228) Concurrent Mark Cycle
[2026-04-03T01:35:36.948+0600][65.696s][info][gc,marking     ] GC(228) Concurrent Scan Root Regions
[2026-04-03T01:35:36.948+0600][65.696s][info][gc,cpu         ] GC(227) User=0.02s Sys=0.00s Real=0.00s
[2026-04-03T01:35:36.951+0600][65.700s][info][gc,marking     ] GC(228) Concurrent Scan Root Regions 3.177ms
[2026-04-03T01:35:36.951+0600][65.700s][info][gc,marking     ] GC(228) Concurrent Mark
[2026-04-03T01:35:36.951+0600][65.700s][info][gc,marking     ] GC(228) Concurrent Mark From Roots
[2026-04-03T01:35:36.951+0600][65.700s][info][gc,task        ] GC(228) Using 2 workers of 2 for marking
[2026-04-03T01:35:37.071+0600][65.819s][info][gc,marking     ] GC(228) Concurrent Mark From Roots 119.509ms
[2026-04-03T01:35:37.071+0600][65.819s][info][gc,marking     ] GC(228) Concurrent Preclean
[2026-04-03T01:35:37.072+0600][65.820s][info][gc,marking     ] GC(228) Concurrent Preclean 0.725ms
[2026-04-03T01:35:37.072+0600][65.820s][info][gc,start       ] GC(228) Pause Remark
[2026-04-03T01:35:37.081+0600][65.830s][info][gc             ] GC(228) Pause Remark 918M->918M(1400M) 9.324ms
[2026-04-03T01:35:37.081+0600][65.830s][info][gc,cpu         ] GC(228) User=0.06s Sys=0.01s Real=0.01s
[2026-04-03T01:35:37.082+0600][65.830s][info][gc,marking     ] GC(228) Concurrent Mark 130.281ms
[2026-04-03T01:35:37.082+0600][65.830s][info][gc,marking     ] GC(228) Concurrent Rebuild Remembered Sets and Scrub Regions
[2026-04-03T01:35:37.132+0600][65.881s][info][gc,marking     ] GC(228) Concurrent Rebuild Remembered Sets and Scrub Regions 50.536ms
[2026-04-03T01:35:37.133+0600][65.881s][info][gc,start       ] GC(228) Pause Cleanup
[2026-04-03T01:35:37.133+0600][65.882s][info][gc             ] GC(228) Pause Cleanup 988M->988M(1400M) 0.555ms
[2026-04-03T01:35:37.133+0600][65.882s][info][gc,cpu         ] GC(228) User=0.00s Sys=0.00s Real=0.00s
[2026-04-03T01:35:37.133+0600][65.882s][info][gc,marking     ] GC(228) Concurrent Clear Claimed Marks
[2026-04-03T01:35:37.134+0600][65.882s][info][gc,marking     ] GC(228) Concurrent Clear Claimed Marks 0.328ms
[2026-04-03T01:35:37.134+0600][65.882s][info][gc,marking     ] GC(228) Concurrent Cleanup for Next Mark
[2026-04-03T01:35:37.138+0600][65.886s][info][gc,marking     ] GC(228) Concurrent Cleanup for Next Mark 3.912ms
[2026-04-03T01:35:37.138+0600][65.886s][info][gc             ] GC(228) Concurrent Mark Cycle 189.800ms
[2026-04-03T01:35:37.675+0600][66.423s][info][gc,start       ] GC(229) Pause Young (Prepare Mixed) (G1 Evacuation Pause)
[2026-04-03T01:35:37.675+0600][66.423s][info][gc,task        ] GC(229) Using 10 workers of 10 for evacuation
[2026-04-03T01:35:37.680+0600][66.429s][info][gc,phases      ] GC(229)   Pre Evacuate Collection Set: 0.43ms
[2026-04-03T01:35:37.680+0600][66.429s][info][gc,phases      ] GC(229)   Merge Heap Roots: 0.28ms
[2026-04-03T01:35:37.680+0600][66.429s][info][gc,phases      ] GC(229)   Evacuate Collection Set: 3.48ms
[2026-04-03T01:35:37.680+0600][66.429s][info][gc,phases      ] GC(229)   Post Evacuate Collection Set: 1.07ms
[2026-04-03T01:35:37.680+0600][66.429s][info][gc,phases      ] GC(229)   Other: 0.13ms
[2026-04-03T01:35:37.680+0600][66.429s][info][gc,heap        ] GC(229) Eden regions: 201->0(421)
[2026-04-03T01:35:37.680+0600][66.429s][info][gc,heap        ] GC(229) Survivor regions: 5->3(42)
[2026-04-03T01:35:37.680+0600][66.429s][info][gc,heap        ] GC(229) Old regions: 44->44
[2026-04-03T01:35:37.680+0600][66.429s][info][gc,heap        ] GC(229) Humongous regions: 454->4
[2026-04-03T01:35:37.680+0600][66.429s][info][gc,metaspace   ] GC(229) Metaspace: 132363K(133760K)->132363K(133760K) NonClass: 115594K(116288K)->115594K(116288K) Class: 16768K(17472K)->16768K(17472K)
[2026-04-03T01:35:37.680+0600][66.429s][info][gc             ] GC(229) Pause Young (Prepare Mixed) (G1 Evacuation Pause) 1404M->100M(1414M) 5.690ms
[2026-04-03T01:35:37.680+0600][66.429s][info][gc,cpu         ] GC(229) User=0.03s Sys=0.01s Real=0.01s
[2026-04-03T01:35:38.706+0600][67.454s][info][gc,start       ] GC(230) Pause Young (Mixed) (G1 Evacuation Pause)
[2026-04-03T01:35:38.706+0600][67.454s][info][gc,task        ] GC(230) Using 10 workers of 10 for evacuation
[2026-04-03T01:35:38.711+0600][67.460s][info][gc,phases      ] GC(230)   Pre Evacuate Collection Set: 0.47ms
[2026-04-03T01:35:38.711+0600][67.460s][info][gc,phases      ] GC(230)   Merge Heap Roots: 0.25ms
[2026-04-03T01:35:38.711+0600][67.460s][info][gc,phases      ] GC(230)   Evacuate Collection Set: 3.82ms
[2026-04-03T01:35:38.711+0600][67.460s][info][gc,phases      ] GC(230)   Post Evacuate Collection Set: 0.81ms
[2026-04-03T01:35:38.712+0600][67.460s][info][gc,phases      ] GC(230)   Other: 0.13ms
[2026-04-03T01:35:38.712+0600][67.460s][info][gc,heap        ] GC(230) Eden regions: 396->0(425)
[2026-04-03T01:35:38.712+0600][67.460s][info][gc,heap        ] GC(230) Survivor regions: 3->5(54)
[2026-04-03T01:35:38.712+0600][67.460s][info][gc,heap        ] GC(230) Old regions: 44->44
[2026-04-03T01:35:38.712+0600][67.460s][info][gc,heap        ] GC(230) Humongous regions: 268->3
[2026-04-03T01:35:38.712+0600][67.460s][info][gc,metaspace   ] GC(230) Metaspace: 132376K(133760K)->132376K(133760K) NonClass: 115607K(116288K)->115607K(116288K) Class: 16769K(17472K)->16769K(17472K)
[2026-04-03T01:35:38.712+0600][67.460s][info][gc             ] GC(230) Pause Young (Mixed) (G1 Evacuation Pause) 1420M->101M(1434M) 5.711ms
[2026-04-03T01:35:38.712+0600][67.460s][info][gc,cpu         ] GC(230) User=0.03s Sys=0.01s Real=0.01s
[2026-04-03T01:35:38.743+0600][67.491s][info][gc,start       ] GC(231) Pause Young (Concurrent Start) (G1 Humongous Allocation)
[2026-04-03T01:35:38.743+0600][67.491s][info][gc,task        ] GC(231) Using 10 workers of 10 for evacuation
[2026-04-03T01:35:38.745+0600][67.494s][info][gc,phases      ] GC(231)   Pre Evacuate Collection Set: 0.56ms
[2026-04-03T01:35:38.745+0600][67.494s][info][gc,phases      ] GC(231)   Merge Heap Roots: 0.17ms
[2026-04-03T01:35:38.745+0600][67.494s][info][gc,phases      ] GC(231)   Evacuate Collection Set: 1.44ms
[2026-04-03T01:35:38.745+0600][67.494s][info][gc,phases      ] GC(231)   Post Evacuate Collection Set: 0.44ms
[2026-04-03T01:35:38.745+0600][67.494s][info][gc,phases      ] GC(231)   Other: 0.17ms
[2026-04-03T01:35:38.745+0600][67.494s][info][gc,heap        ] GC(231) Eden regions: 8->0(428)
[2026-04-03T01:35:38.745+0600][67.494s][info][gc,heap        ] GC(231) Survivor regions: 5->2(54)
[2026-04-03T01:35:38.745+0600][67.494s][info][gc,heap        ] GC(231) Old regions: 44->44
[2026-04-03T01:35:38.745+0600][67.494s][info][gc,heap        ] GC(231) Humongous regions: 3->3
[2026-04-03T01:35:38.745+0600][67.494s][info][gc,metaspace   ] GC(231) Metaspace: 132376K(133760K)->132376K(133760K) NonClass: 115607K(116288K)->115607K(116288K) Class: 16769K(17472K)->16769K(17472K)
[2026-04-03T01:35:38.746+0600][67.494s][info][gc             ] GC(231) Pause Young (Concurrent Start) (G1 Humongous Allocation) 115M->95M(1434M) 3.024ms
[2026-04-03T01:35:38.746+0600][67.494s][info][gc             ] GC(232) Concurrent Mark Cycle
[2026-04-03T01:35:38.746+0600][67.494s][info][gc,cpu         ] GC(231) User=0.02s Sys=0.00s Real=0.00s
[2026-04-03T01:35:38.746+0600][67.494s][info][gc,marking     ] GC(232) Concurrent Scan Root Regions
[2026-04-03T01:35:38.747+0600][67.496s][info][gc,marking     ] GC(232) Concurrent Scan Root Regions 1.715ms
[2026-04-03T01:35:38.747+0600][67.496s][info][gc,marking     ] GC(232) Concurrent Mark
[2026-04-03T01:35:38.747+0600][67.496s][info][gc,marking     ] GC(232) Concurrent Mark From Roots
[2026-04-03T01:35:38.747+0600][67.496s][info][gc,task        ] GC(232) Using 2 workers of 2 for marking
[2026-04-03T01:35:38.855+0600][67.603s][info][gc,marking     ] GC(232) Concurrent Mark From Roots 107.612ms
[2026-04-03T01:35:38.855+0600][67.604s][info][gc,marking     ] GC(232) Concurrent Preclean
[2026-04-03T01:35:38.855+0600][67.604s][info][gc,marking     ] GC(232) Concurrent Preclean 0.442ms
[2026-04-03T01:35:38.856+0600][67.604s][info][gc,start       ] GC(232) Pause Remark
[2026-04-03T01:35:38.863+0600][67.611s][info][gc             ] GC(232) Pause Remark 611M->611M(1434M) 7.020ms
[2026-04-03T01:35:38.863+0600][67.611s][info][gc,cpu         ] GC(232) User=0.05s Sys=0.00s Real=0.01s
[2026-04-03T01:35:38.863+0600][67.612s][info][gc,marking     ] GC(232) Concurrent Mark 115.683ms
[2026-04-03T01:35:38.863+0600][67.612s][info][gc,marking     ] GC(232) Concurrent Rebuild Remembered Sets and Scrub Regions
[2026-04-03T01:35:38.907+0600][67.655s][info][gc,marking     ] GC(232) Concurrent Rebuild Remembered Sets and Scrub Regions 43.540ms
[2026-04-03T01:35:38.907+0600][67.656s][info][gc,start       ] GC(232) Pause Cleanup
[2026-04-03T01:35:38.907+0600][67.656s][info][gc             ] GC(232) Pause Cleanup 1014M->1014M(1434M) 0.282ms
[2026-04-03T01:35:38.908+0600][67.656s][info][gc,cpu         ] GC(232) User=0.00s Sys=0.00s Real=0.00s
[2026-04-03T01:35:38.908+0600][67.656s][info][gc,marking     ] GC(232) Concurrent Clear Claimed Marks
[2026-04-03T01:35:38.908+0600][67.656s][info][gc,marking     ] GC(232) Concurrent Clear Claimed Marks 0.335ms
[2026-04-03T01:35:38.908+0600][67.656s][info][gc,marking     ] GC(232) Concurrent Cleanup for Next Mark
[2026-04-03T01:35:38.910+0600][67.659s][info][gc,marking     ] GC(232) Concurrent Cleanup for Next Mark 2.547ms
[2026-04-03T01:35:38.911+0600][67.659s][info][gc             ] GC(232) Concurrent Mark Cycle 164.978ms
[2026-04-03T01:35:39.417+0600][68.166s][info][gc,start       ] GC(233) Pause Young (Prepare Mixed) (G1 Evacuation Pause)
[2026-04-03T01:35:39.418+0600][68.166s][info][gc,task        ] GC(233) Using 10 workers of 10 for evacuation
[2026-04-03T01:35:39.423+0600][68.172s][info][gc,phases      ] GC(233)   Pre Evacuate Collection Set: 0.44ms
[2026-04-03T01:35:39.423+0600][68.172s][info][gc,phases      ] GC(233)   Merge Heap Roots: 0.21ms
[2026-04-03T01:35:39.423+0600][68.172s][info][gc,phases      ] GC(233)   Evacuate Collection Set: 3.85ms
[2026-04-03T01:35:39.423+0600][68.172s][info][gc,phases      ] GC(233)   Post Evacuate Collection Set: 0.88ms
[2026-04-03T01:35:39.423+0600][68.172s][info][gc,phases      ] GC(233)   Other: 0.10ms
[2026-04-03T01:35:39.423+0600][68.172s][info][gc,heap        ] GC(233) Eden regions: 188->0(428)
[2026-04-03T01:35:39.423+0600][68.172s][info][gc,heap        ] GC(233) Survivor regions: 2->4(54)
[2026-04-03T01:35:39.423+0600][68.172s][info][gc,heap        ] GC(233) Old regions: 44->44
[2026-04-03T01:35:39.423+0600][68.172s][info][gc,heap        ] GC(233) Humongous regions: 483->3
[2026-04-03T01:35:39.423+0600][68.172s][info][gc,metaspace   ] GC(233) Metaspace: 132390K(133824K)->132390K(133824K) NonClass: 115621K(116352K)->115621K(116352K) Class: 16769K(17472K)->16769K(17472K)
[2026-04-03T01:35:39.423+0600][68.172s][info][gc             ] GC(233) Pause Young (Prepare Mixed) (G1 Evacuation Pause) 1431M->99M(1442M) 5.751ms
[2026-04-03T01:35:39.423+0600][68.172s][info][gc,cpu         ] GC(233) User=0.04s Sys=0.01s Real=0.01s
[2026-04-03T01:35:40.395+0600][69.143s][info][gc,start       ] GC(234) Pause Young (Mixed) (G1 Evacuation Pause)
[2026-04-03T01:35:40.395+0600][69.143s][info][gc,task        ] GC(234) Using 10 workers of 10 for evacuation
[2026-04-03T01:35:40.405+0600][69.154s][info][gc,phases      ] GC(234)   Pre Evacuate Collection Set: 0.60ms
[2026-04-03T01:35:40.405+0600][69.154s][info][gc,phases      ] GC(234)   Merge Heap Roots: 0.40ms
[2026-04-03T01:35:40.405+0600][69.154s][info][gc,phases      ] GC(234)   Evacuate Collection Set: 7.57ms
[2026-04-03T01:35:40.405+0600][69.154s][info][gc,phases      ] GC(234)   Post Evacuate Collection Set: 1.53ms
[2026-04-03T01:35:40.405+0600][69.154s][info][gc,phases      ] GC(234)   Other: 0.15ms
[2026-04-03T01:35:40.405+0600][69.154s][info][gc,heap        ] GC(234) Eden regions: 403->0(431)
[2026-04-03T01:35:40.405+0600][69.154s][info][gc,heap        ] GC(234) Survivor regions: 4->6(54)
[2026-04-03T01:35:40.405+0600][69.154s][info][gc,heap        ] GC(234) Old regions: 44->44
[2026-04-03T01:35:40.405+0600][69.154s][info][gc,heap        ] GC(234) Humongous regions: 271->4
[2026-04-03T01:35:40.405+0600][69.154s][info][gc,metaspace   ] GC(234) Metaspace: 132392K(133824K)->132392K(133824K) NonClass: 115623K(116352K)->115623K(116352K) Class: 16769K(17472K)->16769K(17472K)
[2026-04-03T01:35:40.405+0600][69.154s][info][gc             ] GC(234) Pause Young (Mixed) (G1 Evacuation Pause) 1441M->106M(1458M) 10.586ms
[2026-04-03T01:35:40.405+0600][69.154s][info][gc,cpu         ] GC(234) User=0.05s Sys=0.03s Real=0.01s
[2026-04-03T01:35:40.411+0600][69.159s][info][gc,start       ] GC(235) Pause Young (Concurrent Start) (G1 Humongous Allocation)
[2026-04-03T01:35:40.411+0600][69.159s][info][gc,task        ] GC(235) Using 10 workers of 10 for evacuation
[2026-04-03T01:35:40.416+0600][69.164s][info][gc,phases      ] GC(235)   Pre Evacuate Collection Set: 0.47ms
[2026-04-03T01:35:40.416+0600][69.164s][info][gc,phases      ] GC(235)   Merge Heap Roots: 0.12ms
[2026-04-03T01:35:40.416+0600][69.164s][info][gc,phases      ] GC(235)   Evacuate Collection Set: 3.41ms
[2026-04-03T01:35:40.416+0600][69.164s][info][gc,phases      ] GC(235)   Post Evacuate Collection Set: 0.75ms
[2026-04-03T01:35:40.416+0600][69.164s][info][gc,phases      ] GC(235)   Other: 0.12ms
[2026-04-03T01:35:40.416+0600][69.164s][info][gc,heap        ] GC(235) Eden regions: 6->0(432)
[2026-04-03T01:35:40.416+0600][69.164s][info][gc,heap        ] GC(235) Survivor regions: 6->5(55)
[2026-04-03T01:35:40.416+0600][69.164s][info][gc,heap        ] GC(235) Old regions: 44->44
[2026-04-03T01:35:40.416+0600][69.164s][info][gc,heap        ] GC(235) Humongous regions: 6->3
[2026-04-03T01:35:40.416+0600][69.164s][info][gc,metaspace   ] GC(235) Metaspace: 132392K(133824K)->132392K(133824K) NonClass: 115623K(116352K)->115623K(116352K) Class: 16769K(17472K)->16769K(17472K)
[2026-04-03T01:35:40.416+0600][69.165s][info][gc             ] GC(235) Pause Young (Concurrent Start) (G1 Humongous Allocation) 121M->101M(1458M) 5.239ms
[2026-04-03T01:35:40.416+0600][69.165s][info][gc,cpu         ] GC(235) User=0.04s Sys=0.01s Real=0.00s
[2026-04-03T01:35:40.416+0600][69.165s][info][gc             ] GC(236) Concurrent Undo Cycle
[2026-04-03T01:35:40.416+0600][69.165s][info][gc,marking     ] GC(236) Concurrent Clear Claimed Marks
[2026-04-03T01:35:40.417+0600][69.165s][info][gc,marking     ] GC(236) Concurrent Clear Claimed Marks 0.402ms
[2026-04-03T01:35:40.417+0600][69.165s][info][gc,marking     ] GC(236) Concurrent Cleanup for Next Mark
[2026-04-03T01:35:40.417+0600][69.166s][info][gc,marking     ] GC(236) Concurrent Cleanup for Next Mark 0.354ms
[2026-04-03T01:35:40.417+0600][69.166s][info][gc             ] GC(236) Concurrent Undo Cycle 0.995ms
[2026-04-03T01:35:40.441+0600][69.189s][info][gc,start       ] GC(237) Pause Young (Concurrent Start) (G1 Humongous Allocation)
[2026-04-03T01:35:40.441+0600][69.189s][info][gc,task        ] GC(237) Using 10 workers of 10 for evacuation
[2026-04-03T01:35:40.444+0600][69.192s][info][gc,phases      ] GC(237)   Pre Evacuate Collection Set: 0.50ms
[2026-04-03T01:35:40.444+0600][69.192s][info][gc,phases      ] GC(237)   Merge Heap Roots: 0.12ms
[2026-04-03T01:35:40.444+0600][69.192s][info][gc,phases      ] GC(237)   Evacuate Collection Set: 1.77ms
[2026-04-03T01:35:40.444+0600][69.192s][info][gc,phases      ] GC(237)   Post Evacuate Collection Set: 0.42ms
[2026-04-03T01:35:40.444+0600][69.192s][info][gc,phases      ] GC(237)   Other: 0.11ms
[2026-04-03T01:35:40.444+0600][69.192s][info][gc,heap        ] GC(237) Eden regions: 7->0(434)
[2026-04-03T01:35:40.444+0600][69.192s][info][gc,heap        ] GC(237) Survivor regions: 5->3(55)
[2026-04-03T01:35:40.444+0600][69.192s][info][gc,heap        ] GC(237) Old regions: 44->44
[2026-04-03T01:35:40.444+0600][69.192s][info][gc,heap        ] GC(237) Humongous regions: 9->3
[2026-04-03T01:35:40.444+0600][69.192s][info][gc,metaspace   ] GC(237) Metaspace: 132392K(133824K)->132392K(133824K) NonClass: 115623K(116352K)->115623K(116352K) Class: 16769K(17472K)->16769K(17472K)
[2026-04-03T01:35:40.444+0600][69.192s][info][gc             ] GC(237) Pause Young (Concurrent Start) (G1 Humongous Allocation) 127M->98M(1458M) 3.147ms
[2026-04-03T01:35:40.444+0600][69.192s][info][gc             ] GC(238) Concurrent Undo Cycle
[2026-04-03T01:35:40.444+0600][69.193s][info][gc,cpu         ] GC(237) User=0.02s Sys=0.00s Real=0.00s
[2026-04-03T01:35:40.444+0600][69.193s][info][gc,marking     ] GC(238) Concurrent Clear Claimed Marks
[2026-04-03T01:35:40.444+0600][69.193s][info][gc,marking     ] GC(238) Concurrent Clear Claimed Marks 0.239ms
[2026-04-03T01:35:40.444+0600][69.193s][info][gc,marking     ] GC(238) Concurrent Cleanup for Next Mark
[2026-04-03T01:35:40.445+0600][69.193s][info][gc,marking     ] GC(238) Concurrent Cleanup for Next Mark 0.346ms
[2026-04-03T01:35:40.445+0600][69.193s][info][gc             ] GC(238) Concurrent Undo Cycle 0.753ms
[2026-04-03T01:35:40.499+0600][69.247s][info][gc,start       ] GC(239) Pause Young (Concurrent Start) (G1 Humongous Allocation)
[2026-04-03T01:35:40.499+0600][69.247s][info][gc,task        ] GC(239) Using 10 workers of 10 for evacuation
[2026-04-03T01:35:40.501+0600][69.250s][info][gc,phases      ] GC(239)   Pre Evacuate Collection Set: 0.34ms
[2026-04-03T01:35:40.502+0600][69.250s][info][gc,phases      ] GC(239)   Merge Heap Roots: 0.13ms
[2026-04-03T01:35:40.502+0600][69.250s][info][gc,phases      ] GC(239)   Evacuate Collection Set: 1.55ms
[2026-04-03T01:35:40.502+0600][69.250s][info][gc,phases      ] GC(239)   Post Evacuate Collection Set: 0.42ms
[2026-04-03T01:35:40.502+0600][69.250s][info][gc,phases      ] GC(239)   Other: 0.07ms
[2026-04-03T01:35:40.502+0600][69.250s][info][gc,heap        ] GC(239) Eden regions: 14->0(435)
[2026-04-03T01:35:40.502+0600][69.250s][info][gc,heap        ] GC(239) Survivor regions: 3->2(55)
[2026-04-03T01:35:40.502+0600][69.250s][info][gc,heap        ] GC(239) Old regions: 44->44
[2026-04-03T01:35:40.502+0600][69.250s][info][gc,heap        ] GC(239) Humongous regions: 15->3
[2026-04-03T01:35:40.502+0600][69.250s][info][gc,metaspace   ] GC(239) Metaspace: 132393K(133824K)->132393K(133824K) NonClass: 115623K(116352K)->115623K(116352K) Class: 16769K(17472K)->16769K(17472K)
[2026-04-03T01:35:40.502+0600][69.250s][info][gc             ] GC(239) Pause Young (Concurrent Start) (G1 Humongous Allocation) 150M->95M(1458M) 2.730ms
[2026-04-03T01:35:40.502+0600][69.250s][info][gc             ] GC(240) Concurrent Undo Cycle
[2026-04-03T01:35:40.502+0600][69.250s][info][gc,cpu         ] GC(239) User=0.02s Sys=0.00s Real=0.01s
[2026-04-03T01:35:40.502+0600][69.250s][info][gc,marking     ] GC(240) Concurrent Clear Claimed Marks
[2026-04-03T01:35:40.502+0600][69.250s][info][gc,marking     ] GC(240) Concurrent Clear Claimed Marks 0.241ms
[2026-04-03T01:35:40.502+0600][69.250s][info][gc,marking     ] GC(240) Concurrent Cleanup for Next Mark
[2026-04-03T01:35:40.502+0600][69.251s][info][gc,marking     ] GC(240) Concurrent Cleanup for Next Mark 0.301ms
[2026-04-03T01:35:40.502+0600][69.251s][info][gc             ] GC(240) Concurrent Undo Cycle 0.725ms
[2026-04-03T01:35:40.668+0600][69.417s][info][gc,start       ] GC(241) Pause Young (Concurrent Start) (G1 Humongous Allocation)
[2026-04-03T01:35:40.668+0600][69.417s][info][gc,task        ] GC(241) Using 10 workers of 10 for evacuation
[2026-04-03T01:35:40.672+0600][69.421s][info][gc,phases      ] GC(241)   Pre Evacuate Collection Set: 0.61ms
[2026-04-03T01:35:40.672+0600][69.421s][info][gc,phases      ] GC(241)   Merge Heap Roots: 0.22ms
[2026-04-03T01:35:40.672+0600][69.421s][info][gc,phases      ] GC(241)   Evacuate Collection Set: 2.18ms
[2026-04-03T01:35:40.672+0600][69.421s][info][gc,phases      ] GC(241)   Post Evacuate Collection Set: 0.85ms
[2026-04-03T01:35:40.672+0600][69.421s][info][gc,phases      ] GC(241)   Other: 0.23ms
[2026-04-03T01:35:40.672+0600][69.421s][info][gc,heap        ] GC(241) Eden regions: 69->0(434)
[2026-04-03T01:35:40.672+0600][69.421s][info][gc,heap        ] GC(241) Survivor regions: 2->3(55)
[2026-04-03T01:35:40.672+0600][69.421s][info][gc,heap        ] GC(241) Old regions: 44->44
[2026-04-03T01:35:40.672+0600][69.421s][info][gc,heap        ] GC(241) Humongous regions: 21->3
[2026-04-03T01:35:40.673+0600][69.421s][info][gc,metaspace   ] GC(241) Metaspace: 132393K(133824K)->132393K(133824K) NonClass: 115623K(116352K)->115623K(116352K) Class: 16769K(17472K)->16769K(17472K)
[2026-04-03T01:35:40.673+0600][69.421s][info][gc             ] GC(241) Pause Young (Concurrent Start) (G1 Humongous Allocation) 269M->98M(1458M) 4.375ms
[2026-04-03T01:35:40.673+0600][69.421s][info][gc             ] GC(242) Concurrent Undo Cycle
[2026-04-03T01:35:40.673+0600][69.421s][info][gc,cpu         ] GC(241) User=0.02s Sys=0.00s Real=0.01s
[2026-04-03T01:35:40.673+0600][69.421s][info][gc,marking     ] GC(242) Concurrent Clear Claimed Marks
[2026-04-03T01:35:40.673+0600][69.422s][info][gc,marking     ] GC(242) Concurrent Clear Claimed Marks 0.280ms
[2026-04-03T01:35:40.673+0600][69.422s][info][gc,marking     ] GC(242) Concurrent Cleanup for Next Mark
[2026-04-03T01:35:40.673+0600][69.422s][info][gc,marking     ] GC(242) Concurrent Cleanup for Next Mark 0.357ms
[2026-04-03T01:35:40.673+0600][69.422s][info][gc             ] GC(242) Concurrent Undo Cycle 0.833ms
[2026-04-03T01:35:40.771+0600][69.520s][info][gc,start       ] GC(243) Pause Young (Concurrent Start) (G1 Humongous Allocation)
[2026-04-03T01:35:40.771+0600][69.520s][info][gc,task        ] GC(243) Using 10 workers of 10 for evacuation
[2026-04-03T01:35:40.774+0600][69.522s][info][gc,phases      ] GC(243)   Pre Evacuate Collection Set: 0.44ms
[2026-04-03T01:35:40.774+0600][69.523s][info][gc,phases      ] GC(243)   Merge Heap Roots: 0.18ms
[2026-04-03T01:35:40.774+0600][69.523s][info][gc,phases      ] GC(243)   Evacuate Collection Set: 1.39ms
[2026-04-03T01:35:40.774+0600][69.523s][info][gc,phases      ] GC(243)   Post Evacuate Collection Set: 0.61ms
[2026-04-03T01:35:40.774+0600][69.523s][info][gc,phases      ] GC(243)   Other: 0.16ms
[2026-04-03T01:35:40.774+0600][69.523s][info][gc,heap        ] GC(243) Eden regions: 50->0(435)
[2026-04-03T01:35:40.774+0600][69.523s][info][gc,heap        ] GC(243) Survivor regions: 3->2(55)
[2026-04-03T01:35:40.774+0600][69.523s][info][gc,heap        ] GC(243) Old regions: 44->44
[2026-04-03T01:35:40.774+0600][69.523s][info][gc,heap        ] GC(243) Humongous regions: 27->3
[2026-04-03T01:35:40.774+0600][69.523s][info][gc,metaspace   ] GC(243) Metaspace: 132395K(133824K)->132395K(133824K) NonClass: 115624K(116352K)->115624K(116352K) Class: 16770K(17472K)->16770K(17472K)
[2026-04-03T01:35:40.774+0600][69.523s][info][gc             ] GC(243) Pause Young (Concurrent Start) (G1 Humongous Allocation) 246M->95M(1458M) 3.096ms
[2026-04-03T01:35:40.774+0600][69.523s][info][gc             ] GC(244) Concurrent Undo Cycle
[2026-04-03T01:35:40.774+0600][69.523s][info][gc,cpu         ] GC(243) User=0.02s Sys=0.00s Real=0.00s
[2026-04-03T01:35:40.774+0600][69.523s][info][gc,marking     ] GC(244) Concurrent Clear Claimed Marks
[2026-04-03T01:35:40.775+0600][69.523s][info][gc,marking     ] GC(244) Concurrent Clear Claimed Marks 0.229ms
[2026-04-03T01:35:40.775+0600][69.523s][info][gc,marking     ] GC(244) Concurrent Cleanup for Next Mark
[2026-04-03T01:35:40.775+0600][69.523s][info][gc,marking     ] GC(244) Concurrent Cleanup for Next Mark 0.331ms
[2026-04-03T01:35:40.775+0600][69.523s][info][gc             ] GC(244) Concurrent Undo Cycle 0.689ms
[2026-04-03T01:35:40.851+0600][69.600s][info][gc,start       ] GC(245) Pause Young (Concurrent Start) (G1 Humongous Allocation)
[2026-04-03T01:35:40.851+0600][69.600s][info][gc,task        ] GC(245) Using 10 workers of 10 for evacuation
[2026-04-03T01:35:40.856+0600][69.605s][info][gc,phases      ] GC(245)   Pre Evacuate Collection Set: 0.42ms
[2026-04-03T01:35:40.856+0600][69.605s][info][gc,phases      ] GC(245)   Merge Heap Roots: 0.17ms
[2026-04-03T01:35:40.856+0600][69.605s][info][gc,phases      ] GC(245)   Evacuate Collection Set: 2.96ms
[2026-04-03T01:35:40.856+0600][69.605s][info][gc,phases      ] GC(245)   Post Evacuate Collection Set: 0.83ms
[2026-04-03T01:35:40.856+0600][69.605s][info][gc,phases      ] GC(245)   Other: 0.18ms
[2026-04-03T01:35:40.856+0600][69.605s][info][gc,heap        ] GC(245) Eden regions: 22->0(435)
[2026-04-03T01:35:40.856+0600][69.605s][info][gc,heap        ] GC(245) Survivor regions: 2->2(55)
[2026-04-03T01:35:40.856+0600][69.605s][info][gc,heap        ] GC(245) Old regions: 44->44
[2026-04-03T01:35:40.856+0600][69.605s][info][gc,heap        ] GC(245) Humongous regions: 33->3
[2026-04-03T01:35:40.856+0600][69.605s][info][gc,metaspace   ] GC(245) Metaspace: 132399K(133824K)->132399K(133824K) NonClass: 115629K(116352K)->115629K(116352K) Class: 16770K(17472K)->16770K(17472K)
[2026-04-03T01:35:40.856+0600][69.605s][info][gc             ] GC(245) Pause Young (Concurrent Start) (G1 Humongous Allocation) 199M->96M(1458M) 4.871ms
[2026-04-03T01:35:40.856+0600][69.605s][info][gc             ] GC(246) Concurrent Undo Cycle
[2026-04-03T01:35:40.856+0600][69.605s][info][gc,cpu         ] GC(245) User=0.02s Sys=0.00s Real=0.00s
[2026-04-03T01:35:40.856+0600][69.605s][info][gc,marking     ] GC(246) Concurrent Clear Claimed Marks
[2026-04-03T01:35:40.857+0600][69.605s][info][gc,marking     ] GC(246) Concurrent Clear Claimed Marks 0.345ms
[2026-04-03T01:35:40.857+0600][69.605s][info][gc,marking     ] GC(246) Concurrent Cleanup for Next Mark
[2026-04-03T01:35:40.857+0600][69.606s][info][gc,marking     ] GC(246) Concurrent Cleanup for Next Mark 0.372ms
[2026-04-03T01:35:40.857+0600][69.606s][info][gc             ] GC(246) Concurrent Undo Cycle 0.901ms
[2026-04-03T01:35:40.960+0600][69.709s][info][gc,start       ] GC(247) Pause Full (System.gc())
[2026-04-03T01:35:40.960+0600][69.709s][info][gc,task        ] GC(247) Using 10 workers of 10 for full compaction
[2026-04-03T01:35:40.961+0600][69.709s][info][gc,phases,start] GC(247) Phase 1: Mark live objects
[2026-04-03T01:35:41.055+0600][69.804s][info][gc,phases      ] GC(247) Phase 1: Mark live objects 94.253ms
[2026-04-03T01:35:41.055+0600][69.804s][info][gc,phases,start] GC(247) Phase 2: Prepare compaction
[2026-04-03T01:35:41.058+0600][69.807s][info][gc,phases      ] GC(247) Phase 2: Prepare compaction 3.249ms
[2026-04-03T01:35:41.059+0600][69.807s][info][gc,phases,start] GC(247) Phase 3: Adjust pointers
[2026-04-03T01:35:41.083+0600][69.832s][info][gc,phases      ] GC(247) Phase 3: Adjust pointers 24.745ms
[2026-04-03T01:35:41.083+0600][69.832s][info][gc,phases,start] GC(247) Phase 4: Compact heap
[2026-04-03T01:35:41.086+0600][69.835s][info][gc,phases      ] GC(247) Phase 4: Compact heap 2.792ms
[2026-04-03T01:35:41.086+0600][69.835s][info][gc,phases,start] GC(247) Phase 5: Reset Metadata
[2026-04-03T01:35:41.092+0600][69.841s][info][gc,phases      ] GC(247) Phase 5: Reset Metadata 5.829ms
[2026-04-03T01:35:41.112+0600][69.860s][info][gc,heap        ] GC(247) Eden regions: 40->0(100)
[2026-04-03T01:35:41.112+0600][69.860s][info][gc,heap        ] GC(247) Survivor regions: 2->0(55)
[2026-04-03T01:35:41.112+0600][69.860s][info][gc,heap        ] GC(247) Old regions: 44->47
[2026-04-03T01:35:41.112+0600][69.860s][info][gc,heap        ] GC(247) Humongous regions: 22->3
[2026-04-03T01:35:41.112+0600][69.860s][info][gc,metaspace   ] GC(247) Metaspace: 132399K(133824K)->132399K(133824K) NonClass: 115629K(116352K)->115629K(116352K) Class: 16770K(17472K)->16770K(17472K)
[2026-04-03T01:35:41.112+0600][69.860s][info][gc             ] GC(247) Pause Full (System.gc()) 213M->91M(334M) 151.290ms
[2026-04-03T01:35:41.112+0600][69.860s][info][gc,cpu         ] GC(247) User=0.89s Sys=0.12s Real=0.15s
[2026-04-03T01:35:41.126+0600][69.875s][info][gc,start       ] GC(248) Pause Young (Concurrent Start) (G1 Humongous Allocation)
[2026-04-03T01:35:41.126+0600][69.875s][info][gc,task        ] GC(248) Using 9 workers of 10 for evacuation
[2026-04-03T01:35:41.129+0600][69.878s][info][gc,phases      ] GC(248)   Pre Evacuate Collection Set: 0.29ms
[2026-04-03T01:35:41.129+0600][69.878s][info][gc,phases      ] GC(248)   Merge Heap Roots: 0.09ms
[2026-04-03T01:35:41.129+0600][69.878s][info][gc,phases      ] GC(248)   Evacuate Collection Set: 1.58ms
[2026-04-03T01:35:41.129+0600][69.878s][info][gc,phases      ] GC(248)   Post Evacuate Collection Set: 0.51ms
[2026-04-03T01:35:41.129+0600][69.878s][info][gc,phases      ] GC(248)   Other: 0.19ms
[2026-04-03T01:35:41.129+0600][69.878s][info][gc,heap        ] GC(248) Eden regions: 3->0(99)
[2026-04-03T01:35:41.129+0600][69.878s][info][gc,heap        ] GC(248) Survivor regions: 0->1(13)
[2026-04-03T01:35:41.129+0600][69.878s][info][gc,heap        ] GC(248) Old regions: 47->47
[2026-04-03T01:35:41.129+0600][69.878s][info][gc,heap        ] GC(248) Humongous regions: 3->3
[2026-04-03T01:35:41.129+0600][69.878s][info][gc,metaspace   ] GC(248) Metaspace: 132399K(133824K)->132399K(133824K) NonClass: 115629K(116352K)->115629K(116352K) Class: 16770K(17472K)->16770K(17472K)
[2026-04-03T01:35:41.129+0600][69.878s][info][gc             ] GC(248) Pause Young (Concurrent Start) (G1 Humongous Allocation) 96M->92M(334M) 2.901ms
[2026-04-03T01:35:41.129+0600][69.878s][info][gc             ] GC(249) Concurrent Mark Cycle
[2026-04-03T01:35:41.129+0600][69.878s][info][gc,cpu         ] GC(248) User=0.01s Sys=0.00s Real=0.00s
[2026-04-03T01:35:41.129+0600][69.878s][info][gc,marking     ] GC(249) Concurrent Scan Root Regions
[2026-04-03T01:35:41.131+0600][69.880s][info][gc,marking     ] GC(249) Concurrent Scan Root Regions 2.025ms
[2026-04-03T01:35:41.132+0600][69.880s][info][gc,marking     ] GC(249) Concurrent Mark
[2026-04-03T01:35:41.132+0600][69.880s][info][gc,marking     ] GC(249) Concurrent Mark From Roots
[2026-04-03T01:35:41.132+0600][69.880s][info][gc,task        ] GC(249) Using 2 workers of 2 for marking
[2026-04-03T01:35:41.229+0600][69.977s][info][gc,marking     ] GC(249) Concurrent Mark From Roots 97.017ms
[2026-04-03T01:35:41.229+0600][69.977s][info][gc,marking     ] GC(249) Concurrent Preclean
[2026-04-03T01:35:41.230+0600][69.978s][info][gc,marking     ] GC(249) Concurrent Preclean 0.850ms
[2026-04-03T01:35:41.238+0600][69.986s][info][gc,start       ] GC(249) Pause Remark
[2026-04-03T01:35:41.247+0600][69.995s][info][gc             ] GC(249) Pause Remark 164M->164M(334M) 8.892ms
[2026-04-03T01:35:41.247+0600][69.995s][info][gc,cpu         ] GC(249) User=0.06s Sys=0.00s Real=0.01s
[2026-04-03T01:35:41.247+0600][69.995s][info][gc,marking     ] GC(249) Concurrent Mark 115.384ms
[2026-04-03T01:35:41.247+0600][69.996s][info][gc,marking     ] GC(249) Concurrent Rebuild Remembered Sets and Scrub Regions
[2026-04-03T01:35:41.296+0600][70.044s][info][gc,start       ] GC(250) Pause Young (Normal) (G1 Evacuation Pause)
[2026-04-03T01:35:41.296+0600][70.045s][info][gc,task        ] GC(250) Using 9 workers of 10 for evacuation
[2026-04-03T01:35:41.303+0600][70.052s][info][gc,phases      ] GC(250)   Pre Evacuate Collection Set: 0.31ms
[2026-04-03T01:35:41.303+0600][70.052s][info][gc,phases      ] GC(250)   Merge Heap Roots: 0.11ms
[2026-04-03T01:35:41.303+0600][70.052s][info][gc,phases      ] GC(250)   Evacuate Collection Set: 2.75ms
[2026-04-03T01:35:41.303+0600][70.052s][info][gc,phases      ] GC(250)   Post Evacuate Collection Set: 3.80ms
[2026-04-03T01:35:41.303+0600][70.052s][info][gc,phases      ] GC(250)   Other: 0.10ms
[2026-04-03T01:35:41.303+0600][70.052s][info][gc,heap        ] GC(250) Eden regions: 26->0(367)
[2026-04-03T01:35:41.303+0600][70.052s][info][gc,heap        ] GC(250) Survivor regions: 1->2(13)
[2026-04-03T01:35:41.303+0600][70.052s][info][gc,heap        ] GC(250) Old regions: 47->47
[2026-04-03T01:35:41.303+0600][70.052s][info][gc,heap        ] GC(250) Humongous regions: 129->15
[2026-04-03T01:35:41.303+0600][70.052s][info][gc,metaspace   ] GC(250) Metaspace: 132399K(133824K)->132399K(133824K) NonClass: 115629K(116352K)->115629K(116352K) Class: 16770K(17472K)->16770K(17472K)
[2026-04-03T01:35:41.303+0600][70.052s][info][gc             ] GC(250) Pause Young (Normal) (G1 Evacuation Pause) 396M->119M(1230M) 7.368ms
[2026-04-03T01:35:41.303+0600][70.052s][info][gc,cpu         ] GC(250) User=0.02s Sys=0.01s Real=0.01s
[2026-04-03T01:35:41.305+0600][70.053s][info][gc,marking     ] GC(249) Concurrent Rebuild Remembered Sets and Scrub Regions 57.941ms
[2026-04-03T01:35:41.306+0600][70.054s][info][gc,start       ] GC(249) Pause Cleanup
[2026-04-03T01:35:41.306+0600][70.054s][info][gc             ] GC(249) Pause Cleanup 146M->146M(1230M) 0.322ms
[2026-04-03T01:35:41.306+0600][70.054s][info][gc,cpu         ] GC(249) User=0.00s Sys=0.00s Real=0.00s
[2026-04-03T01:35:41.306+0600][70.055s][info][gc,marking     ] GC(249) Concurrent Clear Claimed Marks
[2026-04-03T01:35:41.306+0600][70.055s][info][gc,marking     ] GC(249) Concurrent Clear Claimed Marks 0.340ms
[2026-04-03T01:35:41.306+0600][70.055s][info][gc,marking     ] GC(249) Concurrent Cleanup for Next Mark
[2026-04-03T01:35:41.312+0600][70.060s][info][gc,marking     ] GC(249) Concurrent Cleanup for Next Mark 5.424ms
[2026-04-03T01:35:41.312+0600][70.060s][info][gc             ] GC(249) Concurrent Mark Cycle 182.580ms
[2026-04-03T01:35:41.868+0600][70.616s][info][gc,start       ] GC(251) Pause Young (Prepare Mixed) (G1 Evacuation Pause)
[2026-04-03T01:35:41.868+0600][70.616s][info][gc,task        ] GC(251) Using 10 workers of 10 for evacuation
[2026-04-03T01:35:41.872+0600][70.620s][info][gc,phases      ] GC(251)   Pre Evacuate Collection Set: 0.41ms
[2026-04-03T01:35:41.872+0600][70.620s][info][gc,phases      ] GC(251)   Merge Heap Roots: 0.17ms
[2026-04-03T01:35:41.872+0600][70.620s][info][gc,phases      ] GC(251)   Evacuate Collection Set: 2.16ms
[2026-04-03T01:35:41.872+0600][70.620s][info][gc,phases      ] GC(251)   Post Evacuate Collection Set: 1.02ms
[2026-04-03T01:35:41.872+0600][70.620s][info][gc,phases      ] GC(251)   Other: 0.13ms
[2026-04-03T01:35:41.872+0600][70.620s][info][gc,heap        ] GC(251) Eden regions: 184->0(371)
[2026-04-03T01:35:41.872+0600][70.620s][info][gc,heap        ] GC(251) Survivor regions: 2->2(47)
[2026-04-03T01:35:41.872+0600][70.620s][info][gc,heap        ] GC(251) Old regions: 47->47
[2026-04-03T01:35:41.872+0600][70.620s][info][gc,heap        ] GC(251) Humongous regions: 388->3
[2026-04-03T01:35:41.872+0600][70.620s][info][gc,metaspace   ] GC(251) Metaspace: 132414K(133888K)->132414K(133888K) NonClass: 115644K(116416K)->115644K(116416K) Class: 16770K(17472K)->16770K(17472K)
[2026-04-03T01:35:41.872+0600][70.620s][info][gc             ] GC(251) Pause Young (Prepare Mixed) (G1 Evacuation Pause) 1233M->95M(1246M) 4.153ms
[2026-04-03T01:35:41.872+0600][70.620s][info][gc,cpu         ] GC(251) User=0.01s Sys=0.00s Real=0.01s
[2026-04-03T01:35:42.869+0600][71.618s][info][gc,start       ] GC(252) Pause Young (Mixed) (G1 Evacuation Pause)
[2026-04-03T01:35:42.869+0600][71.618s][info][gc,task        ] GC(252) Using 10 workers of 10 for evacuation
[2026-04-03T01:35:42.878+0600][71.626s][info][gc,phases      ] GC(252)   Pre Evacuate Collection Set: 0.49ms
[2026-04-03T01:35:42.878+0600][71.626s][info][gc,phases      ] GC(252)   Merge Heap Roots: 0.35ms
[2026-04-03T01:35:42.878+0600][71.626s][info][gc,phases      ] GC(252)   Evacuate Collection Set: 6.53ms
[2026-04-03T01:35:42.878+0600][71.626s][info][gc,phases      ] GC(252)   Post Evacuate Collection Set: 1.02ms
[2026-04-03T01:35:42.878+0600][71.626s][info][gc,phases      ] GC(252)   Other: 0.16ms
[2026-04-03T01:35:42.878+0600][71.626s][info][gc,heap        ] GC(252) Eden regions: 345->0(371)
[2026-04-03T01:35:42.878+0600][71.626s][info][gc,heap        ] GC(252) Survivor regions: 2->7(47)
[2026-04-03T01:35:42.878+0600][71.626s][info][gc,heap        ] GC(252) Old regions: 47->47
[2026-04-03T01:35:42.878+0600][71.626s][info][gc,heap        ] GC(252) Humongous regions: 229->3
[2026-04-03T01:35:42.878+0600][71.626s][info][gc,metaspace   ] GC(252) Metaspace: 132425K(133888K)->132425K(133888K) NonClass: 115655K(116416K)->115655K(116416K) Class: 16770K(17472K)->16770K(17472K)
[2026-04-03T01:35:42.878+0600][71.626s][info][gc             ] GC(252) Pause Young (Mixed) (G1 Evacuation Pause) 1237M->104M(1262M) 8.855ms
[2026-04-03T01:35:42.878+0600][71.627s][info][gc,cpu         ] GC(252) User=0.04s Sys=0.03s Real=0.01s
[2026-04-03T01:35:42.908+0600][71.657s][info][gc,start       ] GC(253) Pause Young (Concurrent Start) (G1 Humongous Allocation)
[2026-04-03T01:35:42.909+0600][71.657s][info][gc,task        ] GC(253) Using 10 workers of 10 for evacuation
[2026-04-03T01:35:42.913+0600][71.661s][info][gc,phases      ] GC(253)   Pre Evacuate Collection Set: 0.56ms
[2026-04-03T01:35:42.913+0600][71.661s][info][gc,phases      ] GC(253)   Merge Heap Roots: 0.18ms
[2026-04-03T01:35:42.913+0600][71.661s][info][gc,phases      ] GC(253)   Evacuate Collection Set: 2.77ms
[2026-04-03T01:35:42.913+0600][71.661s][info][gc,phases      ] GC(253)   Post Evacuate Collection Set: 0.56ms
[2026-04-03T01:35:42.913+0600][71.661s][info][gc,phases      ] GC(253)   Other: 0.17ms
[2026-04-03T01:35:42.913+0600][71.661s][info][gc,heap        ] GC(253) Eden regions: 16->0(375)
[2026-04-03T01:35:42.913+0600][71.661s][info][gc,heap        ] GC(253) Survivor regions: 7->3(48)
[2026-04-03T01:35:42.913+0600][71.661s][info][gc,heap        ] GC(253) Old regions: 47->47
[2026-04-03T01:35:42.913+0600][71.661s][info][gc,heap        ] GC(253) Humongous regions: 15->3
[2026-04-03T01:35:42.913+0600][71.661s][info][gc,metaspace   ] GC(253) Metaspace: 132425K(133888K)->132425K(133888K) NonClass: 115655K(116416K)->115655K(116416K) Class: 16770K(17472K)->16770K(17472K)
[2026-04-03T01:35:42.913+0600][71.661s][info][gc             ] GC(253) Pause Young (Concurrent Start) (G1 Humongous Allocation) 159M->97M(1262M) 4.569ms
[2026-04-03T01:35:42.913+0600][71.662s][info][gc,cpu         ] GC(253) User=0.03s Sys=0.00s Real=0.01s
[2026-04-03T01:35:42.913+0600][71.662s][info][gc             ] GC(254) Concurrent Undo Cycle
[2026-04-03T01:35:42.913+0600][71.662s][info][gc,marking     ] GC(254) Concurrent Clear Claimed Marks
[2026-04-03T01:35:42.914+0600][71.662s][info][gc,marking     ] GC(254) Concurrent Clear Claimed Marks 0.433ms
[2026-04-03T01:35:42.914+0600][71.662s][info][gc,marking     ] GC(254) Concurrent Cleanup for Next Mark
[2026-04-03T01:35:42.917+0600][71.666s][info][gc,marking     ] GC(254) Concurrent Cleanup for Next Mark 3.414ms
[2026-04-03T01:35:42.917+0600][71.666s][info][gc             ] GC(254) Concurrent Undo Cycle 4.167ms
[2026-04-03T01:35:42.950+0600][71.699s][info][gc,start       ] GC(255) Pause Young (Concurrent Start) (G1 Humongous Allocation)
[2026-04-03T01:35:42.950+0600][71.699s][info][gc,task        ] GC(255) Using 10 workers of 10 for evacuation
[2026-04-03T01:35:42.954+0600][71.702s][info][gc,phases      ] GC(255)   Pre Evacuate Collection Set: 0.53ms
[2026-04-03T01:35:42.954+0600][71.702s][info][gc,phases      ] GC(255)   Merge Heap Roots: 0.14ms
[2026-04-03T01:35:42.954+0600][71.702s][info][gc,phases      ] GC(255)   Evacuate Collection Set: 2.22ms
[2026-04-03T01:35:42.954+0600][71.702s][info][gc,phases      ] GC(255)   Post Evacuate Collection Set: 0.67ms
[2026-04-03T01:35:42.954+0600][71.702s][info][gc,phases      ] GC(255)   Other: 0.16ms
[2026-04-03T01:35:42.954+0600][71.702s][info][gc,heap        ] GC(255) Eden regions: 15->0(375)
[2026-04-03T01:35:42.954+0600][71.703s][info][gc,heap        ] GC(255) Survivor regions: 3->3(48)
[2026-04-03T01:35:42.954+0600][71.703s][info][gc,heap        ] GC(255) Old regions: 47->47
[2026-04-03T01:35:42.954+0600][71.703s][info][gc,heap        ] GC(255) Humongous regions: 15->3
[2026-04-03T01:35:42.954+0600][71.703s][info][gc,metaspace   ] GC(255) Metaspace: 132425K(133888K)->132425K(133888K) NonClass: 115655K(116416K)->115655K(116416K) Class: 16770K(17472K)->16770K(17472K)
[2026-04-03T01:35:42.954+0600][71.703s][info][gc             ] GC(255) Pause Young (Concurrent Start) (G1 Humongous Allocation) 150M->97M(1262M) 4.045ms
[2026-04-03T01:35:42.954+0600][71.703s][info][gc,cpu         ] GC(255) User=0.03s Sys=0.00s Real=0.00s
[2026-04-03T01:35:42.954+0600][71.703s][info][gc             ] GC(256) Concurrent Undo Cycle
[2026-04-03T01:35:42.954+0600][71.703s][info][gc,marking     ] GC(256) Concurrent Clear Claimed Marks
[2026-04-03T01:35:42.955+0600][71.703s][info][gc,marking     ] GC(256) Concurrent Clear Claimed Marks 0.367ms
[2026-04-03T01:35:42.955+0600][71.703s][info][gc,marking     ] GC(256) Concurrent Cleanup for Next Mark
[2026-04-03T01:35:42.955+0600][71.704s][info][gc,marking     ] GC(256) Concurrent Cleanup for Next Mark 0.464ms
[2026-04-03T01:35:42.955+0600][71.704s][info][gc             ] GC(256) Concurrent Undo Cycle 1.052ms
[2026-04-03T01:35:42.996+0600][71.745s][info][gc,start       ] GC(257) Pause Young (Concurrent Start) (G1 Humongous Allocation)
[2026-04-03T01:35:42.996+0600][71.745s][info][gc,task        ] GC(257) Using 10 workers of 10 for evacuation
[2026-04-03T01:35:42.999+0600][71.748s][info][gc,phases      ] GC(257)   Pre Evacuate Collection Set: 0.41ms
[2026-04-03T01:35:42.999+0600][71.748s][info][gc,phases      ] GC(257)   Merge Heap Roots: 0.14ms
[2026-04-03T01:35:42.999+0600][71.748s][info][gc,phases      ] GC(257)   Evacuate Collection Set: 1.59ms
[2026-04-03T01:35:42.999+0600][71.748s][info][gc,phases      ] GC(257)   Post Evacuate Collection Set: 0.55ms
[2026-04-03T01:35:42.999+0600][71.748s][info][gc,phases      ] GC(257)   Other: 0.19ms
[2026-04-03T01:35:42.999+0600][71.748s][info][gc,heap        ] GC(257) Eden regions: 18->0(375)
[2026-04-03T01:35:42.999+0600][71.748s][info][gc,heap        ] GC(257) Survivor regions: 3->3(48)
[2026-04-03T01:35:42.999+0600][71.748s][info][gc,heap        ] GC(257) Old regions: 47->47
[2026-04-03T01:35:42.999+0600][71.748s][info][gc,heap        ] GC(257) Humongous regions: 20->3
[2026-04-03T01:35:42.999+0600][71.748s][info][gc,metaspace   ] GC(257) Metaspace: 132425K(133888K)->132425K(133888K) NonClass: 115655K(116416K)->115655K(116416K) Class: 16770K(17472K)->16770K(17472K)
[2026-04-03T01:35:43.000+0600][71.748s][info][gc             ] GC(257) Pause Young (Concurrent Start) (G1 Humongous Allocation) 166M->96M(1262M) 3.165ms
[2026-04-03T01:35:43.000+0600][71.748s][info][gc             ] GC(258) Concurrent Undo Cycle
[2026-04-03T01:35:43.000+0600][71.748s][info][gc,cpu         ] GC(257) User=0.02s Sys=0.00s Real=0.00s
[2026-04-03T01:35:43.000+0600][71.748s][info][gc,marking     ] GC(258) Concurrent Clear Claimed Marks
[2026-04-03T01:35:43.000+0600][71.748s][info][gc,marking     ] GC(258) Concurrent Clear Claimed Marks 0.316ms
[2026-04-03T01:35:43.000+0600][71.748s][info][gc,marking     ] GC(258) Concurrent Cleanup for Next Mark
[2026-04-03T01:35:43.000+0600][71.749s][info][gc,marking     ] GC(258) Concurrent Cleanup for Next Mark 0.348ms
[2026-04-03T01:35:43.000+0600][71.749s][info][gc             ] GC(258) Concurrent Undo Cycle 0.862ms
[2026-04-03T01:35:43.067+0600][71.815s][info][gc,start       ] GC(259) Pause Young (Concurrent Start) (G1 Humongous Allocation)
[2026-04-03T01:35:43.067+0600][71.815s][info][gc,task        ] GC(259) Using 10 workers of 10 for evacuation
[2026-04-03T01:35:43.070+0600][71.819s][info][gc,phases      ] GC(259)   Pre Evacuate Collection Set: 0.44ms
[2026-04-03T01:35:43.070+0600][71.819s][info][gc,phases      ] GC(259)   Merge Heap Roots: 0.12ms
[2026-04-03T01:35:43.070+0600][71.819s][info][gc,phases      ] GC(259)   Evacuate Collection Set: 1.53ms
[2026-04-03T01:35:43.070+0600][71.819s][info][gc,phases      ] GC(259)   Post Evacuate Collection Set: 1.23ms
[2026-04-03T01:35:43.070+0600][71.819s][info][gc,phases      ] GC(259)   Other: 0.16ms
[2026-04-03T01:35:43.070+0600][71.819s][info][gc,heap        ] GC(259) Eden regions: 28->0(462)
[2026-04-03T01:35:43.070+0600][71.819s][info][gc,heap        ] GC(259) Survivor regions: 3->3(48)
[2026-04-03T01:35:43.070+0600][71.819s][info][gc,heap        ] GC(259) Old regions: 47->47
[2026-04-03T01:35:43.070+0600][71.819s][info][gc,heap        ] GC(259) Humongous regions: 25->3
[2026-04-03T01:35:43.070+0600][71.819s][info][gc,metaspace   ] GC(259) Metaspace: 132425K(133888K)->132425K(133888K) NonClass: 115655K(116416K)->115655K(116416K) Class: 16770K(17472K)->16770K(17472K)
[2026-04-03T01:35:43.070+0600][71.819s][info][gc             ] GC(259) Pause Young (Concurrent Start) (G1 Humongous Allocation) 195M->96M(1552M) 3.708ms
[2026-04-03T01:35:43.070+0600][71.819s][info][gc             ] GC(260) Concurrent Undo Cycle
[2026-04-03T01:35:43.070+0600][71.819s][info][gc,cpu         ] GC(259) User=0.01s Sys=0.00s Real=0.01s
[2026-04-03T01:35:43.070+0600][71.819s][info][gc,marking     ] GC(260) Concurrent Clear Claimed Marks
[2026-04-03T01:35:43.071+0600][71.819s][info][gc,marking     ] GC(260) Concurrent Clear Claimed Marks 0.226ms
[2026-04-03T01:35:43.071+0600][71.819s][info][gc,marking     ] GC(260) Concurrent Cleanup for Next Mark
[2026-04-03T01:35:43.071+0600][71.819s][info][gc,marking     ] GC(260) Concurrent Cleanup for Next Mark 0.298ms
[2026-04-03T01:35:43.071+0600][71.819s][info][gc             ] GC(260) Concurrent Undo Cycle 0.692ms
[2026-04-03T01:35:43.300+0600][72.048s][info][gc,start       ] GC(261) Pause Young (Concurrent Start) (G1 Humongous Allocation)
[2026-04-03T01:35:43.300+0600][72.049s][info][gc,task        ] GC(261) Using 10 workers of 10 for evacuation
[2026-04-03T01:35:43.303+0600][72.052s][info][gc,phases      ] GC(261)   Pre Evacuate Collection Set: 0.41ms
[2026-04-03T01:35:43.303+0600][72.052s][info][gc,phases      ] GC(261)   Merge Heap Roots: 0.11ms
[2026-04-03T01:35:43.303+0600][72.052s][info][gc,phases      ] GC(261)   Evacuate Collection Set: 1.71ms
[2026-04-03T01:35:43.303+0600][72.052s][info][gc,phases      ] GC(261)   Post Evacuate Collection Set: 0.76ms
[2026-04-03T01:35:43.303+0600][72.052s][info][gc,phases      ] GC(261)   Other: 0.11ms
[2026-04-03T01:35:43.303+0600][72.052s][info][gc,heap        ] GC(261) Eden regions: 93->0(462)
[2026-04-03T01:35:43.303+0600][72.052s][info][gc,heap        ] GC(261) Survivor regions: 3->3(59)
[2026-04-03T01:35:43.303+0600][72.052s][info][gc,heap        ] GC(261) Old regions: 47->47
[2026-04-03T01:35:43.303+0600][72.052s][info][gc,heap        ] GC(261) Humongous regions: 80->3
[2026-04-03T01:35:43.303+0600][72.052s][info][gc,metaspace   ] GC(261) Metaspace: 132425K(133888K)->132425K(133888K) NonClass: 115655K(116416K)->115655K(116416K) Class: 16770K(17472K)->16770K(17472K)
[2026-04-03T01:35:43.303+0600][72.052s][info][gc             ] GC(261) Pause Young (Concurrent Start) (G1 Humongous Allocation) 435M->96M(1552M) 3.387ms
[2026-04-03T01:35:43.303+0600][72.052s][info][gc,cpu         ] GC(261) User=0.01s Sys=0.01s Real=0.00s
[2026-04-03T01:35:43.303+0600][72.052s][info][gc             ] GC(262) Concurrent Undo Cycle
[2026-04-03T01:35:43.304+0600][72.052s][info][gc,marking     ] GC(262) Concurrent Clear Claimed Marks
[2026-04-03T01:35:43.304+0600][72.052s][info][gc,marking     ] GC(262) Concurrent Clear Claimed Marks 0.376ms
[2026-04-03T01:35:43.304+0600][72.052s][info][gc,marking     ] GC(262) Concurrent Cleanup for Next Mark
[2026-04-03T01:35:43.304+0600][72.053s][info][gc,marking     ] GC(262) Concurrent Cleanup for Next Mark 0.369ms
[2026-04-03T01:35:43.304+0600][72.053s][info][gc             ] GC(262) Concurrent Undo Cycle 0.939ms
[2026-04-03T01:35:43.607+0600][72.355s][info][gc,start       ] GC(263) Pause Young (Concurrent Start) (G1 Humongous Allocation)
[2026-04-03T01:35:43.607+0600][72.355s][info][gc,task        ] GC(263) Using 10 workers of 10 for evacuation
[2026-04-03T01:35:43.612+0600][72.361s][info][gc,phases      ] GC(263)   Pre Evacuate Collection Set: 0.49ms
[2026-04-03T01:35:43.612+0600][72.361s][info][gc,phases      ] GC(263)   Merge Heap Roots: 0.23ms
[2026-04-03T01:35:43.612+0600][72.361s][info][gc,phases      ] GC(263)   Evacuate Collection Set: 3.54ms
[2026-04-03T01:35:43.612+0600][72.361s][info][gc,phases      ] GC(263)   Post Evacuate Collection Set: 1.00ms
[2026-04-03T01:35:43.612+0600][72.361s][info][gc,phases      ] GC(263)   Other: 0.14ms
[2026-04-03T01:35:43.613+0600][72.361s][info][gc,heap        ] GC(263) Eden regions: 119->0(461)
[2026-04-03T01:35:43.613+0600][72.361s][info][gc,heap        ] GC(263) Survivor regions: 3->4(59)
[2026-04-03T01:35:43.613+0600][72.361s][info][gc,heap        ] GC(263) Old regions: 47->47
[2026-04-03T01:35:43.613+0600][72.361s][info][gc,heap        ] GC(263) Humongous regions: 86->3
[2026-04-03T01:35:43.613+0600][72.361s][info][gc,metaspace   ] GC(263) Metaspace: 132425K(133888K)->132425K(133888K) NonClass: 115655K(116416K)->115655K(116416K) Class: 16770K(17472K)->16770K(17472K)
[2026-04-03T01:35:43.613+0600][72.361s][info][gc             ] GC(263) Pause Young (Concurrent Start) (G1 Humongous Allocation) 500M->98M(1552M) 5.725ms
[2026-04-03T01:35:43.613+0600][72.361s][info][gc             ] GC(264) Concurrent Undo Cycle
[2026-04-03T01:35:43.613+0600][72.361s][info][gc,cpu         ] GC(263) User=0.03s Sys=0.00s Real=0.01s
[2026-04-03T01:35:43.613+0600][72.361s][info][gc,marking     ] GC(264) Concurrent Clear Claimed Marks
[2026-04-03T01:35:43.613+0600][72.362s][info][gc,marking     ] GC(264) Concurrent Clear Claimed Marks 0.322ms
[2026-04-03T01:35:43.613+0600][72.362s][info][gc,marking     ] GC(264) Concurrent Cleanup for Next Mark
[2026-04-03T01:35:43.613+0600][72.362s][info][gc,marking     ] GC(264) Concurrent Cleanup for Next Mark 0.374ms
[2026-04-03T01:35:43.614+0600][72.362s][info][gc             ] GC(264) Concurrent Undo Cycle 0.882ms
[2026-04-03T01:35:44.075+0600][72.824s][info][gc,start       ] GC(265) Pause Young (Concurrent Start) (G1 Humongous Allocation)
[2026-04-03T01:35:44.075+0600][72.824s][info][gc,task        ] GC(265) Using 10 workers of 10 for evacuation
[2026-04-03T01:35:44.079+0600][72.828s][info][gc,phases      ] GC(265)   Pre Evacuate Collection Set: 0.35ms
[2026-04-03T01:35:44.079+0600][72.828s][info][gc,phases      ] GC(265)   Merge Heap Roots: 0.21ms
[2026-04-03T01:35:44.079+0600][72.828s][info][gc,phases      ] GC(265)   Evacuate Collection Set: 2.16ms
[2026-04-03T01:35:44.079+0600][72.828s][info][gc,phases      ] GC(265)   Post Evacuate Collection Set: 0.88ms
[2026-04-03T01:35:44.079+0600][72.828s][info][gc,phases      ] GC(265)   Other: 0.34ms
[2026-04-03T01:35:44.079+0600][72.828s][info][gc,heap        ] GC(265) Eden regions: 159->0(461)
[2026-04-03T01:35:44.079+0600][72.828s][info][gc,heap        ] GC(265) Survivor regions: 4->4(59)
[2026-04-03T01:35:44.079+0600][72.828s][info][gc,heap        ] GC(265) Old regions: 47->47
[2026-04-03T01:35:44.079+0600][72.828s][info][gc,heap        ] GC(265) Humongous regions: 91->6
[2026-04-03T01:35:44.079+0600][72.828s][info][gc,metaspace   ] GC(265) Metaspace: 132431K(133888K)->132431K(133888K) NonClass: 115660K(116416K)->115660K(116416K) Class: 16771K(17472K)->16771K(17472K)
[2026-04-03T01:35:44.079+0600][72.828s][info][gc             ] GC(265) Pause Young (Concurrent Start) (G1 Humongous Allocation) 592M->104M(1552M) 4.223ms
[2026-04-03T01:35:44.079+0600][72.828s][info][gc             ] GC(266) Concurrent Undo Cycle
[2026-04-03T01:35:44.079+0600][72.828s][info][gc,cpu         ] GC(265) User=0.03s Sys=0.00s Real=0.00s
[2026-04-03T01:35:44.080+0600][72.828s][info][gc,marking     ] GC(266) Concurrent Clear Claimed Marks
[2026-04-03T01:35:44.080+0600][72.828s][info][gc,marking     ] GC(266) Concurrent Clear Claimed Marks 0.308ms
[2026-04-03T01:35:44.080+0600][72.828s][info][gc,marking     ] GC(266) Concurrent Cleanup for Next Mark
[2026-04-03T01:35:44.080+0600][72.829s][info][gc,marking     ] GC(266) Concurrent Cleanup for Next Mark 0.342ms
[2026-04-03T01:35:44.080+0600][72.829s][info][gc             ] GC(266) Concurrent Undo Cycle 0.837ms
[2026-04-03T01:35:44.091+0600][72.839s][info][gc,start       ] GC(267) Pause Young (Concurrent Start) (G1 Humongous Allocation)
[2026-04-03T01:35:44.091+0600][72.840s][info][gc,task        ] GC(267) Using 10 workers of 10 for evacuation
[2026-04-03T01:35:44.095+0600][72.844s][info][gc,phases      ] GC(267)   Pre Evacuate Collection Set: 0.54ms
[2026-04-03T01:35:44.095+0600][72.844s][info][gc,phases      ] GC(267)   Merge Heap Roots: 0.12ms
[2026-04-03T01:35:44.095+0600][72.844s][info][gc,phases      ] GC(267)   Evacuate Collection Set: 2.37ms
[2026-04-03T01:35:44.095+0600][72.844s][info][gc,phases      ] GC(267)   Post Evacuate Collection Set: 0.89ms
[2026-04-03T01:35:44.095+0600][72.844s][info][gc,phases      ] GC(267)   Other: 0.14ms
[2026-04-03T01:35:44.095+0600][72.844s][info][gc,heap        ] GC(267) Eden regions: 8->0(460)
[2026-04-03T01:35:44.095+0600][72.844s][info][gc,heap        ] GC(267) Survivor regions: 4->5(59)
[2026-04-03T01:35:44.095+0600][72.844s][info][gc,heap        ] GC(267) Old regions: 47->47
[2026-04-03T01:35:44.095+0600][72.844s][info][gc,heap        ] GC(267) Humongous regions: 93->9
[2026-04-03T01:35:44.095+0600][72.844s][info][gc,metaspace   ] GC(267) Metaspace: 132431K(133888K)->132431K(133888K) NonClass: 115660K(116416K)->115660K(116416K) Class: 16771K(17472K)->16771K(17472K)
[2026-04-03T01:35:44.095+0600][72.844s][info][gc             ] GC(267) Pause Young (Concurrent Start) (G1 Humongous Allocation) 292M->112M(1552M) 4.369ms
[2026-04-03T01:35:44.095+0600][72.844s][info][gc             ] GC(268) Concurrent Undo Cycle
[2026-04-03T01:35:44.095+0600][72.844s][info][gc,marking     ] GC(268) Concurrent Clear Claimed Marks
[2026-04-03T01:35:44.095+0600][72.844s][info][gc,cpu         ] GC(267) User=0.03s Sys=0.00s Real=0.00s
[2026-04-03T01:35:44.096+0600][72.844s][info][gc,marking     ] GC(268) Concurrent Clear Claimed Marks 0.379ms
[2026-04-03T01:35:44.096+0600][72.844s][info][gc,marking     ] GC(268) Concurrent Cleanup for Next Mark
[2026-04-03T01:35:44.097+0600][72.845s][info][gc,marking     ] GC(268) Concurrent Cleanup for Next Mark 0.901ms
[2026-04-03T01:35:44.097+0600][72.845s][info][gc             ] GC(268) Concurrent Undo Cycle 1.411ms
[2026-04-03T01:35:44.105+0600][72.854s][info][gc,start       ] GC(269) Pause Young (Concurrent Start) (G1 Humongous Allocation)
[2026-04-03T01:35:44.106+0600][72.854s][info][gc,task        ] GC(269) Using 10 workers of 10 for evacuation
[2026-04-03T01:35:44.110+0600][72.859s][info][gc,phases      ] GC(269)   Pre Evacuate Collection Set: 0.49ms
[2026-04-03T01:35:44.110+0600][72.859s][info][gc,phases      ] GC(269)   Merge Heap Roots: 0.13ms
[2026-04-03T01:35:44.110+0600][72.859s][info][gc,phases      ] GC(269)   Evacuate Collection Set: 2.97ms
[2026-04-03T01:35:44.110+0600][72.859s][info][gc,phases      ] GC(269)   Post Evacuate Collection Set: 0.66ms
[2026-04-03T01:35:44.110+0600][72.859s][info][gc,phases      ] GC(269)   Other: 0.24ms
[2026-04-03T01:35:44.110+0600][72.859s][info][gc,heap        ] GC(269) Eden regions: 5->0(460)
[2026-04-03T01:35:44.110+0600][72.859s][info][gc,heap        ] GC(269) Survivor regions: 5->5(59)
[2026-04-03T01:35:44.110+0600][72.859s][info][gc,heap        ] GC(269) Old regions: 47->47
[2026-04-03T01:35:44.110+0600][72.859s][info][gc,heap        ] GC(269) Humongous regions: 72->9
[2026-04-03T01:35:44.110+0600][72.859s][info][gc,metaspace   ] GC(269) Metaspace: 132431K(133888K)->132431K(133888K) NonClass: 115660K(116416K)->115660K(116416K) Class: 16771K(17472K)->16771K(17472K)
[2026-04-03T01:35:44.110+0600][72.859s][info][gc             ] GC(269) Pause Young (Concurrent Start) (G1 Humongous Allocation) 247M->112M(1552M) 4.882ms
[2026-04-03T01:35:44.110+0600][72.859s][info][gc             ] GC(270) Concurrent Undo Cycle
[2026-04-03T01:35:44.110+0600][72.859s][info][gc,cpu         ] GC(269) User=0.04s Sys=0.00s Real=0.01s
[2026-04-03T01:35:44.111+0600][72.859s][info][gc,marking     ] GC(270) Concurrent Clear Claimed Marks
[2026-04-03T01:35:44.111+0600][72.859s][info][gc,marking     ] GC(270) Concurrent Clear Claimed Marks 0.342ms
[2026-04-03T01:35:44.111+0600][72.859s][info][gc,marking     ] GC(270) Concurrent Cleanup for Next Mark
[2026-04-03T01:35:44.111+0600][72.860s][info][gc,marking     ] GC(270) Concurrent Cleanup for Next Mark 0.336ms
[2026-04-03T01:35:44.111+0600][72.860s][info][gc             ] GC(270) Concurrent Undo Cycle 0.887ms
[2026-04-03T01:35:44.112+0600][72.860s][info][gc,start       ] GC(271) Pause Young (Concurrent Start) (G1 Humongous Allocation)
[2026-04-03T01:35:44.112+0600][72.860s][info][gc,task        ] GC(271) Using 10 workers of 10 for evacuation
[2026-04-03T01:35:44.116+0600][72.864s][info][gc,phases      ] GC(271)   Pre Evacuate Collection Set: 0.42ms
[2026-04-03T01:35:44.116+0600][72.864s][info][gc,phases      ] GC(271)   Merge Heap Roots: 0.17ms
[2026-04-03T01:35:44.116+0600][72.864s][info][gc,phases      ] GC(271)   Evacuate Collection Set: 2.51ms
[2026-04-03T01:35:44.116+0600][72.864s][info][gc,phases      ] GC(271)   Post Evacuate Collection Set: 0.66ms
[2026-04-03T01:35:44.116+0600][72.864s][info][gc,phases      ] GC(271)   Other: 0.21ms
[2026-04-03T01:35:44.116+0600][72.864s][info][gc,heap        ] GC(271) Eden regions: 1->0(460)
[2026-04-03T01:35:44.116+0600][72.864s][info][gc,heap        ] GC(271) Survivor regions: 5->5(59)
[2026-04-03T01:35:44.116+0600][72.864s][info][gc,heap        ] GC(271) Old regions: 47->47
[2026-04-03T01:35:44.116+0600][72.864s][info][gc,heap        ] GC(271) Humongous regions: 9->9
[2026-04-03T01:35:44.116+0600][72.864s][info][gc,metaspace   ] GC(271) Metaspace: 132431K(133888K)->132431K(133888K) NonClass: 115660K(116416K)->115660K(116416K) Class: 16771K(17472K)->16771K(17472K)
[2026-04-03T01:35:44.116+0600][72.865s][info][gc             ] GC(271) Pause Young (Concurrent Start) (G1 Humongous Allocation) 113M->112M(1552M) 4.333ms
[2026-04-03T01:35:44.116+0600][72.865s][info][gc,cpu         ] GC(271) User=0.03s Sys=0.00s Real=0.00s
[2026-04-03T01:35:44.116+0600][72.865s][info][gc             ] GC(272) Concurrent Undo Cycle
[2026-04-03T01:35:44.116+0600][72.865s][info][gc,marking     ] GC(272) Concurrent Clear Claimed Marks
[2026-04-03T01:35:44.117+0600][72.865s][info][gc,marking     ] GC(272) Concurrent Clear Claimed Marks 0.313ms
[2026-04-03T01:35:44.117+0600][72.865s][info][gc,marking     ] GC(272) Concurrent Cleanup for Next Mark
[2026-04-03T01:35:44.117+0600][72.866s][info][gc,marking     ] GC(272) Concurrent Cleanup for Next Mark 0.480ms
[2026-04-03T01:35:44.117+0600][72.866s][info][gc             ] GC(272) Concurrent Undo Cycle 1.018ms
[2026-04-03T01:35:44.189+0600][72.938s][info][gc,start       ] GC(273) Pause Young (Concurrent Start) (G1 Humongous Allocation)
[2026-04-03T01:35:44.189+0600][72.938s][info][gc,task        ] GC(273) Using 10 workers of 10 for evacuation
[2026-04-03T01:35:44.192+0600][72.941s][info][gc,phases      ] GC(273)   Pre Evacuate Collection Set: 0.47ms
[2026-04-03T01:35:44.192+0600][72.941s][info][gc,phases      ] GC(273)   Merge Heap Roots: 0.27ms
[2026-04-03T01:35:44.192+0600][72.941s][info][gc,phases      ] GC(273)   Evacuate Collection Set: 1.50ms
[2026-04-03T01:35:44.192+0600][72.941s][info][gc,phases      ] GC(273)   Post Evacuate Collection Set: 0.84ms
[2026-04-03T01:35:44.192+0600][72.941s][info][gc,phases      ] GC(273)   Other: 0.17ms
[2026-04-03T01:35:44.193+0600][72.941s][info][gc,heap        ] GC(273) Eden regions: 26->0(462)
[2026-04-03T01:35:44.193+0600][72.941s][info][gc,heap        ] GC(273) Survivor regions: 5->3(59)
[2026-04-03T01:35:44.193+0600][72.941s][info][gc,heap        ] GC(273) Old regions: 47->47
[2026-04-03T01:35:44.193+0600][72.941s][info][gc,heap        ] GC(273) Humongous regions: 81->6
[2026-04-03T01:35:44.193+0600][72.941s][info][gc,metaspace   ] GC(273) Metaspace: 132432K(133888K)->132432K(133888K) NonClass: 115661K(116416K)->115661K(116416K) Class: 16771K(17472K)->16771K(17472K)
[2026-04-03T01:35:44.193+0600][72.941s][info][gc             ] GC(273) Pause Young (Concurrent Start) (G1 Humongous Allocation) 308M->102M(1552M) 3.533ms
[2026-04-03T01:35:44.193+0600][72.941s][info][gc             ] GC(274) Concurrent Undo Cycle
[2026-04-03T01:35:44.193+0600][72.941s][info][gc,cpu         ] GC(273) User=0.02s Sys=0.01s Real=0.01s
[2026-04-03T01:35:44.193+0600][72.941s][info][gc,marking     ] GC(274) Concurrent Clear Claimed Marks
[2026-04-03T01:35:44.193+0600][72.942s][info][gc,marking     ] GC(274) Concurrent Clear Claimed Marks 0.300ms
[2026-04-03T01:35:44.193+0600][72.942s][info][gc,marking     ] GC(274) Concurrent Cleanup for Next Mark
[2026-04-03T01:35:44.194+0600][72.943s][info][gc,marking     ] GC(274) Concurrent Cleanup for Next Mark 1.286ms
[2026-04-03T01:35:44.194+0600][72.943s][info][gc             ] GC(274) Concurrent Undo Cycle 1.832ms
[2026-04-03T01:35:44.201+0600][72.950s][info][gc,start       ] GC(275) Pause Young (Concurrent Start) (G1 Humongous Allocation)
[2026-04-03T01:35:44.201+0600][72.950s][info][gc,task        ] GC(275) Using 10 workers of 10 for evacuation
[2026-04-03T01:35:44.205+0600][72.953s][info][gc,phases      ] GC(275)   Pre Evacuate Collection Set: 0.54ms
[2026-04-03T01:35:44.205+0600][72.953s][info][gc,phases      ] GC(275)   Merge Heap Roots: 0.17ms
[2026-04-03T01:35:44.205+0600][72.953s][info][gc,phases      ] GC(275)   Evacuate Collection Set: 1.56ms
[2026-04-03T01:35:44.205+0600][72.953s][info][gc,phases      ] GC(275)   Post Evacuate Collection Set: 0.74ms
[2026-04-03T01:35:44.205+0600][72.953s][info][gc,phases      ] GC(275)   Other: 0.21ms
[2026-04-03T01:35:44.205+0600][72.953s][info][gc,heap        ] GC(275) Eden regions: 5->0(462)
[2026-04-03T01:35:44.205+0600][72.953s][info][gc,heap        ] GC(275) Survivor regions: 3->3(59)
[2026-04-03T01:35:44.205+0600][72.953s][info][gc,heap        ] GC(275) Old regions: 47->47
[2026-04-03T01:35:44.205+0600][72.953s][info][gc,heap        ] GC(275) Humongous regions: 87->12
[2026-04-03T01:35:44.205+0600][72.953s][info][gc,metaspace   ] GC(275) Metaspace: 132432K(133888K)->132432K(133888K) NonClass: 115661K(116416K)->115661K(116416K) Class: 16771K(17472K)->16771K(17472K)
[2026-04-03T01:35:44.205+0600][72.953s][info][gc             ] GC(275) Pause Young (Concurrent Start) (G1 Humongous Allocation) 272M->115M(1552M) 3.611ms
[2026-04-03T01:35:44.205+0600][72.954s][info][gc             ] GC(276) Concurrent Undo Cycle
[2026-04-03T01:35:44.205+0600][72.954s][info][gc,cpu         ] GC(275) User=0.02s Sys=0.00s Real=0.00s
[2026-04-03T01:35:44.205+0600][72.954s][info][gc,marking     ] GC(276) Concurrent Clear Claimed Marks
[2026-04-03T01:35:44.205+0600][72.954s][info][gc,marking     ] GC(276) Concurrent Clear Claimed Marks 0.293ms
[2026-04-03T01:35:44.205+0600][72.954s][info][gc,marking     ] GC(276) Concurrent Cleanup for Next Mark
[2026-04-03T01:35:44.206+0600][72.954s][info][gc,marking     ] GC(276) Concurrent Cleanup for Next Mark 0.390ms
[2026-04-03T01:35:44.206+0600][72.954s][info][gc             ] GC(276) Concurrent Undo Cycle 0.841ms
[2026-04-03T01:35:44.207+0600][72.955s][info][gc,start       ] GC(277) Pause Young (Concurrent Start) (G1 Humongous Allocation)
[2026-04-03T01:35:44.207+0600][72.955s][info][gc,task        ] GC(277) Using 10 workers of 10 for evacuation
[2026-04-03T01:35:44.214+0600][72.962s][info][gc,phases      ] GC(277)   Pre Evacuate Collection Set: 0.55ms
[2026-04-03T01:35:44.214+0600][72.962s][info][gc,phases      ] GC(277)   Merge Heap Roots: 0.22ms
[2026-04-03T01:35:44.214+0600][72.962s][info][gc,phases      ] GC(277)   Evacuate Collection Set: 2.28ms
[2026-04-03T01:35:44.214+0600][72.962s][info][gc,phases      ] GC(277)   Post Evacuate Collection Set: 3.46ms
[2026-04-03T01:35:44.214+0600][72.962s][info][gc,phases      ] GC(277)   Other: 0.20ms
[2026-04-03T01:35:44.214+0600][72.962s][info][gc,heap        ] GC(277) Eden regions: 2->0(747)
[2026-04-03T01:35:44.214+0600][72.962s][info][gc,heap        ] GC(277) Survivor regions: 3->3(59)
[2026-04-03T01:35:44.214+0600][72.962s][info][gc,heap        ] GC(277) Old regions: 47->47
[2026-04-03T01:35:44.214+0600][72.962s][info][gc,heap        ] GC(277) Humongous regions: 24->12
[2026-04-03T01:35:44.214+0600][72.962s][info][gc,metaspace   ] GC(277) Metaspace: 132432K(133888K)->132432K(133888K) NonClass: 115661K(116416K)->115661K(116416K) Class: 16771K(17472K)->16771K(17472K)
[2026-04-03T01:35:44.214+0600][72.962s][info][gc             ] GC(277) Pause Young (Concurrent Start) (G1 Humongous Allocation) 143M->115M(2500M) 7.010ms
[2026-04-03T01:35:44.214+0600][72.962s][info][gc             ] GC(278) Concurrent Undo Cycle
[2026-04-03T01:35:44.214+0600][72.962s][info][gc,cpu         ] GC(277) User=0.02s Sys=0.00s Real=0.01s
[2026-04-03T01:35:44.214+0600][72.962s][info][gc,marking     ] GC(278) Concurrent Clear Claimed Marks
[2026-04-03T01:35:44.214+0600][72.963s][info][gc,marking     ] GC(278) Concurrent Clear Claimed Marks 0.275ms
[2026-04-03T01:35:44.214+0600][72.963s][info][gc,marking     ] GC(278) Concurrent Cleanup for Next Mark
[2026-04-03T01:35:44.215+0600][72.963s][info][gc,marking     ] GC(278) Concurrent Cleanup for Next Mark 0.494ms
[2026-04-03T01:35:44.215+0600][72.963s][info][gc             ] GC(278) Concurrent Undo Cycle 0.964ms
[2026-04-03T01:35:44.801+0600][73.549s][info][gc,start       ] GC(279) Pause Young (Concurrent Start) (G1 Humongous Allocation)
[2026-04-03T01:35:44.801+0600][73.549s][info][gc,task        ] GC(279) Using 10 workers of 10 for evacuation
[2026-04-03T01:35:44.806+0600][73.554s][info][gc,phases      ] GC(279)   Pre Evacuate Collection Set: 0.69ms
[2026-04-03T01:35:44.806+0600][73.554s][info][gc,phases      ] GC(279)   Merge Heap Roots: 0.18ms
[2026-04-03T01:35:44.806+0600][73.554s][info][gc,phases      ] GC(279)   Evacuate Collection Set: 2.73ms
[2026-04-03T01:35:44.806+0600][73.554s][info][gc,phases      ] GC(279)   Post Evacuate Collection Set: 0.78ms
[2026-04-03T01:35:44.806+0600][73.554s][info][gc,phases      ] GC(279)   Other: 0.22ms
[2026-04-03T01:35:44.806+0600][73.554s][info][gc,heap        ] GC(279) Eden regions: 158->0(747)
[2026-04-03T01:35:44.806+0600][73.554s][info][gc,heap        ] GC(279) Survivor regions: 3->3(94)
[2026-04-03T01:35:44.806+0600][73.554s][info][gc,heap        ] GC(279) Old regions: 47->47
[2026-04-03T01:35:44.806+0600][73.554s][info][gc,heap        ] GC(279) Humongous regions: 165->3
[2026-04-03T01:35:44.806+0600][73.554s][info][gc,metaspace   ] GC(279) Metaspace: 132441K(133888K)->132441K(133888K) NonClass: 115670K(116416K)->115670K(116416K) Class: 16771K(17472K)->16771K(17472K)
[2026-04-03T01:35:44.806+0600][73.554s][info][gc             ] GC(279) Pause Young (Concurrent Start) (G1 Humongous Allocation) 737M->96M(2500M) 4.994ms
[2026-04-03T01:35:44.806+0600][73.554s][info][gc             ] GC(280) Concurrent Undo Cycle
[2026-04-03T01:35:44.806+0600][73.554s][info][gc,cpu         ] GC(279) User=0.02s Sys=0.01s Real=0.00s
[2026-04-03T01:35:44.806+0600][73.555s][info][gc,marking     ] GC(280) Concurrent Clear Claimed Marks
[2026-04-03T01:35:44.806+0600][73.555s][info][gc,marking     ] GC(280) Concurrent Clear Claimed Marks 0.335ms
[2026-04-03T01:35:44.806+0600][73.555s][info][gc,marking     ] GC(280) Concurrent Cleanup for Next Mark
[2026-04-03T01:35:44.807+0600][73.555s][info][gc,marking     ] GC(280) Concurrent Cleanup for Next Mark 0.430ms
[2026-04-03T01:35:44.807+0600][73.555s][info][gc             ] GC(280) Concurrent Undo Cycle 0.985ms
[2026-04-03T01:35:45.340+0600][74.089s][info][gc,start       ] GC(281) Pause Young (Concurrent Start) (GCLocker Initiated GC)
[2026-04-03T01:35:45.340+0600][74.089s][info][gc,task        ] GC(281) Using 10 workers of 10 for evacuation
[2026-04-03T01:35:45.347+0600][74.096s][info][gc,phases      ] GC(281)   Pre Evacuate Collection Set: 0.62ms
[2026-04-03T01:35:45.347+0600][74.096s][info][gc,phases      ] GC(281)   Merge Heap Roots: 0.20ms
[2026-04-03T01:35:45.347+0600][74.096s][info][gc,phases      ] GC(281)   Evacuate Collection Set: 4.17ms
[2026-04-03T01:35:45.347+0600][74.096s][info][gc,phases      ] GC(281)   Post Evacuate Collection Set: 1.41ms
[2026-04-03T01:35:45.347+0600][74.096s][info][gc,phases      ] GC(281)   Other: 0.19ms
[2026-04-03T01:35:45.347+0600][74.096s][info][gc,heap        ] GC(281) Eden regions: 212->0(746)
[2026-04-03T01:35:45.347+0600][74.096s][info][gc,heap        ] GC(281) Survivor regions: 3->4(94)
[2026-04-03T01:35:45.347+0600][74.096s][info][gc,heap        ] GC(281) Old regions: 47->47
[2026-04-03T01:35:45.347+0600][74.096s][info][gc,heap        ] GC(281) Humongous regions: 173->3
[2026-04-03T01:35:45.347+0600][74.096s][info][gc,metaspace   ] GC(281) Metaspace: 132441K(133888K)->132441K(133888K) NonClass: 115670K(116416K)->115670K(116416K) Class: 16771K(17472K)->16771K(17472K)
[2026-04-03T01:35:45.347+0600][74.096s][info][gc             ] GC(281) Pause Young (Concurrent Start) (GCLocker Initiated GC) 860M->100M(2500M) 6.972ms
[2026-04-03T01:35:45.347+0600][74.096s][info][gc             ] GC(282) Concurrent Mark Cycle
[2026-04-03T01:35:45.347+0600][74.096s][info][gc,marking     ] GC(282) Concurrent Scan Root Regions
[2026-04-03T01:35:45.348+0600][74.096s][info][gc,cpu         ] GC(281) User=0.05s Sys=0.01s Real=0.00s
[2026-04-03T01:35:45.352+0600][74.100s][info][gc,marking     ] GC(282) Concurrent Scan Root Regions 4.352ms
[2026-04-03T01:35:45.352+0600][74.100s][info][gc,marking     ] GC(282) Concurrent Mark
[2026-04-03T01:35:45.352+0600][74.100s][info][gc,marking     ] GC(282) Concurrent Mark From Roots
[2026-04-03T01:35:45.352+0600][74.100s][info][gc,task        ] GC(282) Using 2 workers of 2 for marking
[2026-04-03T01:35:45.488+0600][74.237s][info][gc,marking     ] GC(282) Concurrent Mark From Roots 136.453ms
[2026-04-03T01:35:45.489+0600][74.237s][info][gc,marking     ] GC(282) Concurrent Preclean
[2026-04-03T01:35:45.489+0600][74.238s][info][gc,marking     ] GC(282) Concurrent Preclean 0.832ms
[2026-04-03T01:35:45.490+0600][74.238s][info][gc,start       ] GC(282) Pause Remark
[2026-04-03T01:35:45.500+0600][74.248s][info][gc             ] GC(282) Pause Remark 266M->266M(628M) 9.894ms
[2026-04-03T01:35:45.500+0600][74.248s][info][gc,cpu         ] GC(282) User=0.08s Sys=0.00s Real=0.02s
[2026-04-03T01:35:45.500+0600][74.248s][info][gc,marking     ] GC(282) Concurrent Mark 148.051ms
[2026-04-03T01:35:45.500+0600][74.248s][info][gc,marking     ] GC(282) Concurrent Rebuild Remembered Sets and Scrub Regions
[2026-04-03T01:35:45.553+0600][74.301s][info][gc,marking     ] GC(282) Concurrent Rebuild Remembered Sets and Scrub Regions 52.791ms
[2026-04-03T01:35:45.554+0600][74.303s][info][gc,start       ] GC(282) Pause Cleanup
[2026-04-03T01:35:45.555+0600][74.303s][info][gc             ] GC(282) Pause Cleanup 294M->294M(628M) 0.340ms
[2026-04-03T01:35:45.555+0600][74.303s][info][gc,cpu         ] GC(282) User=0.00s Sys=0.00s Real=0.00s
[2026-04-03T01:35:45.555+0600][74.304s][info][gc,marking     ] GC(282) Concurrent Clear Claimed Marks
[2026-04-03T01:35:45.556+0600][74.304s][info][gc,marking     ] GC(282) Concurrent Clear Claimed Marks 0.395ms
[2026-04-03T01:35:45.556+0600][74.304s][info][gc,marking     ] GC(282) Concurrent Cleanup for Next Mark
[2026-04-03T01:35:45.560+0600][74.308s][info][gc,marking     ] GC(282) Concurrent Cleanup for Next Mark 3.914ms
[2026-04-03T01:35:45.560+0600][74.308s][info][gc             ] GC(282) Concurrent Mark Cycle 212.442ms
[2026-04-03T01:35:45.996+0600][74.744s][info][gc,start       ] GC(283) Pause Young (Prepare Mixed) (G1 Evacuation Pause)
[2026-04-03T01:35:45.996+0600][74.744s][info][gc,task        ] GC(283) Using 10 workers of 10 for evacuation
[2026-04-03T01:35:46.001+0600][74.750s][info][gc,phases      ] GC(283)   Pre Evacuate Collection Set: 0.30ms
[2026-04-03T01:35:46.002+0600][74.750s][info][gc,phases      ] GC(283)   Merge Heap Roots: 0.27ms
[2026-04-03T01:35:46.002+0600][74.750s][info][gc,phases      ] GC(283)   Evacuate Collection Set: 4.17ms
[2026-04-03T01:35:46.002+0600][74.750s][info][gc,phases      ] GC(283)   Post Evacuate Collection Set: 0.83ms
[2026-04-03T01:35:46.002+0600][74.750s][info][gc,phases      ] GC(283)   Other: 0.11ms
[2026-04-03T01:35:46.002+0600][74.750s][info][gc,heap        ] GC(283) Eden regions: 167->0(187)
[2026-04-03T01:35:46.002+0600][74.750s][info][gc,heap        ] GC(283) Survivor regions: 4->4(24)
[2026-04-03T01:35:46.002+0600][74.750s][info][gc,heap        ] GC(283) Old regions: 47->48
[2026-04-03T01:35:46.002+0600][74.750s][info][gc,heap        ] GC(283) Humongous regions: 96->3
[2026-04-03T01:35:46.002+0600][74.750s][info][gc,metaspace   ] GC(283) Metaspace: 132453K(133888K)->132453K(133888K) NonClass: 115680K(116416K)->115680K(116416K) Class: 16772K(17472K)->16772K(17472K)
[2026-04-03T01:35:46.002+0600][74.750s][info][gc             ] GC(283) Pause Young (Prepare Mixed) (G1 Evacuation Pause) 620M->99M(638M) 6.006ms
[2026-04-03T01:35:46.002+0600][74.750s][info][gc,cpu         ] GC(283) User=0.03s Sys=0.01s Real=0.01s
[2026-04-03T01:35:46.389+0600][75.137s][info][gc,start       ] GC(284) Pause Young (Mixed) (G1 Evacuation Pause)
[2026-04-03T01:35:46.389+0600][75.137s][info][gc,task        ] GC(284) Using 10 workers of 10 for evacuation
[2026-04-03T01:35:46.394+0600][75.143s][info][gc,phases      ] GC(284)   Pre Evacuate Collection Set: 0.38ms
[2026-04-03T01:35:46.394+0600][75.143s][info][gc,phases      ] GC(284)   Merge Heap Roots: 0.28ms
[2026-04-03T01:35:46.394+0600][75.143s][info][gc,phases      ] GC(284)   Evacuate Collection Set: 3.72ms
[2026-04-03T01:35:46.394+0600][75.143s][info][gc,phases      ] GC(284)   Post Evacuate Collection Set: 0.93ms
[2026-04-03T01:35:46.394+0600][75.143s][info][gc,phases      ] GC(284)   Other: 0.13ms
[2026-04-03T01:35:46.394+0600][75.143s][info][gc,heap        ] GC(284) Eden regions: 146->0(191)
[2026-04-03T01:35:46.394+0600][75.143s][info][gc,heap        ] GC(284) Survivor regions: 4->4(24)
[2026-04-03T01:35:46.394+0600][75.143s][info][gc,heap        ] GC(284) Old regions: 48->47
[2026-04-03T01:35:46.394+0600][75.143s][info][gc,heap        ] GC(284) Humongous regions: 124->3
[2026-04-03T01:35:46.394+0600][75.143s][info][gc,metaspace   ] GC(284) Metaspace: 132455K(133888K)->132455K(133888K) NonClass: 115682K(116416K)->115682K(116416K) Class: 16772K(17472K)->16772K(17472K)
[2026-04-03T01:35:46.395+0600][75.143s][info][gc             ] GC(284) Pause Young (Mixed) (G1 Evacuation Pause) 633M->98M(652M) 5.775ms
[2026-04-03T01:35:46.395+0600][75.143s][info][gc,cpu         ] GC(284) User=0.02s Sys=0.01s Real=0.01s
[2026-04-03T01:35:46.414+0600][75.162s][info][gc,start       ] GC(285) Pause Young (Concurrent Start) (GCLocker Initiated GC)
[2026-04-03T01:35:46.414+0600][75.162s][info][gc,task        ] GC(285) Using 10 workers of 10 for evacuation
[2026-04-03T01:35:46.419+0600][75.168s][info][gc,phases      ] GC(285)   Pre Evacuate Collection Set: 0.56ms
[2026-04-03T01:35:46.419+0600][75.168s][info][gc,phases      ] GC(285)   Merge Heap Roots: 0.17ms
[2026-04-03T01:35:46.419+0600][75.168s][info][gc,phases      ] GC(285)   Evacuate Collection Set: 3.47ms
[2026-04-03T01:35:46.419+0600][75.168s][info][gc,phases      ] GC(285)   Post Evacuate Collection Set: 0.96ms
[2026-04-03T01:35:46.419+0600][75.168s][info][gc,phases      ] GC(285)   Other: 0.22ms
[2026-04-03T01:35:46.419+0600][75.168s][info][gc,heap        ] GC(285) Eden regions: 9->0(191)
[2026-04-03T01:35:46.419+0600][75.168s][info][gc,heap        ] GC(285) Survivor regions: 4->4(25)
[2026-04-03T01:35:46.419+0600][75.168s][info][gc,heap        ] GC(285) Old regions: 47->47
[2026-04-03T01:35:46.419+0600][75.168s][info][gc,heap        ] GC(285) Humongous regions: 3->3
[2026-04-03T01:35:46.419+0600][75.168s][info][gc,metaspace   ] GC(285) Metaspace: 132455K(133888K)->132455K(133888K) NonClass: 115682K(116416K)->115682K(116416K) Class: 16772K(17472K)->16772K(17472K)
[2026-04-03T01:35:46.419+0600][75.168s][info][gc             ] GC(285) Pause Young (Concurrent Start) (GCLocker Initiated GC) 116M->99M(652M) 5.881ms
[2026-04-03T01:35:46.420+0600][75.168s][info][gc             ] GC(286) Concurrent Mark Cycle
[2026-04-03T01:35:46.420+0600][75.168s][info][gc,marking     ] GC(286) Concurrent Scan Root Regions
[2026-04-03T01:35:46.420+0600][75.168s][info][gc,cpu         ] GC(285) User=0.05s Sys=0.01s Real=0.00s
[2026-04-03T01:35:46.424+0600][75.173s][info][gc,marking     ] GC(286) Concurrent Scan Root Regions 4.840ms
[2026-04-03T01:35:46.424+0600][75.173s][info][gc,marking     ] GC(286) Concurrent Mark
[2026-04-03T01:35:46.424+0600][75.173s][info][gc,marking     ] GC(286) Concurrent Mark From Roots
[2026-04-03T01:35:46.424+0600][75.173s][info][gc,task        ] GC(286) Using 2 workers of 2 for marking
[2026-04-03T01:35:46.561+0600][75.309s][info][gc,marking     ] GC(286) Concurrent Mark From Roots 136.503ms
[2026-04-03T01:35:46.561+0600][75.310s][info][gc,marking     ] GC(286) Concurrent Preclean
[2026-04-03T01:35:46.562+0600][75.310s][info][gc,marking     ] GC(286) Concurrent Preclean 0.798ms
[2026-04-03T01:35:46.562+0600][75.311s][info][gc,start       ] GC(286) Pause Remark
[2026-04-03T01:35:46.573+0600][75.321s][info][gc             ] GC(286) Pause Remark 249M->249M(580M) 10.157ms
[2026-04-03T01:35:46.573+0600][75.321s][info][gc,cpu         ] GC(286) User=0.08s Sys=0.00s Real=0.01s
[2026-04-03T01:35:46.573+0600][75.321s][info][gc,marking     ] GC(286) Concurrent Mark 148.452ms
[2026-04-03T01:35:46.573+0600][75.321s][info][gc,marking     ] GC(286) Concurrent Rebuild Remembered Sets and Scrub Regions
[2026-04-03T01:35:46.630+0600][75.379s][info][gc,marking     ] GC(286) Concurrent Rebuild Remembered Sets and Scrub Regions 57.160ms
[2026-04-03T01:35:46.631+0600][75.379s][info][gc,start       ] GC(286) Pause Cleanup
[2026-04-03T01:35:46.631+0600][75.380s][info][gc             ] GC(286) Pause Cleanup 307M->307M(580M) 0.505ms
[2026-04-03T01:35:46.631+0600][75.380s][info][gc,cpu         ] GC(286) User=0.00s Sys=0.01s Real=0.00s
[2026-04-03T01:35:46.631+0600][75.380s][info][gc,marking     ] GC(286) Concurrent Clear Claimed Marks
[2026-04-03T01:35:46.632+0600][75.380s][info][gc,marking     ] GC(286) Concurrent Clear Claimed Marks 0.377ms
[2026-04-03T01:35:46.632+0600][75.380s][info][gc,marking     ] GC(286) Concurrent Cleanup for Next Mark
[2026-04-03T01:35:46.633+0600][75.382s][info][gc,marking     ] GC(286) Concurrent Cleanup for Next Mark 1.458ms
[2026-04-03T01:35:46.633+0600][75.382s][info][gc             ] GC(286) Concurrent Mark Cycle 213.723ms
[2026-04-03T01:35:46.927+0600][75.675s][info][gc,start       ] GC(287) Pause Young (Prepare Mixed) (G1 Evacuation Pause)
[2026-04-03T01:35:46.927+0600][75.675s][info][gc,task        ] GC(287) Using 10 workers of 10 for evacuation
[2026-04-03T01:35:46.934+0600][75.682s][info][gc,phases      ] GC(287)   Pre Evacuate Collection Set: 0.36ms
[2026-04-03T01:35:46.934+0600][75.682s][info][gc,phases      ] GC(287)   Merge Heap Roots: 0.19ms
[2026-04-03T01:35:46.934+0600][75.682s][info][gc,phases      ] GC(287)   Evacuate Collection Set: 4.98ms
[2026-04-03T01:35:46.934+0600][75.682s][info][gc,phases      ] GC(287)   Post Evacuate Collection Set: 0.92ms
[2026-04-03T01:35:46.934+0600][75.682s][info][gc,phases      ] GC(287)   Other: 0.11ms
[2026-04-03T01:35:46.934+0600][75.682s][info][gc,heap        ] GC(287) Eden regions: 136->0(172)
[2026-04-03T01:35:46.934+0600][75.682s][info][gc,heap        ] GC(287) Survivor regions: 4->5(22)
[2026-04-03T01:35:46.934+0600][75.682s][info][gc,heap        ] GC(287) Old regions: 47->48
[2026-04-03T01:35:46.934+0600][75.682s][info][gc,heap        ] GC(287) Humongous regions: 103->3
[2026-04-03T01:35:46.934+0600][75.682s][info][gc,metaspace   ] GC(287) Metaspace: 132482K(133952K)->132482K(133952K) NonClass: 115708K(116480K)->115708K(116480K) Class: 16774K(17472K)->16774K(17472K)
[2026-04-03T01:35:46.934+0600][75.682s][info][gc             ] GC(287) Pause Young (Prepare Mixed) (G1 Evacuation Pause) 571M->101M(592M) 6.908ms
[2026-04-03T01:35:46.934+0600][75.682s][info][gc,cpu         ] GC(287) User=0.04s Sys=0.02s Real=0.01s
[2026-04-03T01:35:47.239+0600][75.987s][info][gc,start       ] GC(288) Pause Young (Mixed) (G1 Evacuation Pause)
[2026-04-03T01:35:47.239+0600][75.987s][info][gc,task        ] GC(288) Using 10 workers of 10 for evacuation
[2026-04-03T01:35:47.243+0600][75.992s][info][gc,phases      ] GC(288)   Pre Evacuate Collection Set: 0.24ms
[2026-04-03T01:35:47.243+0600][75.992s][info][gc,phases      ] GC(288)   Merge Heap Roots: 0.14ms
[2026-04-03T01:35:47.243+0600][75.992s][info][gc,phases      ] GC(288)   Evacuate Collection Set: 3.53ms
[2026-04-03T01:35:47.243+0600][75.992s][info][gc,phases      ] GC(288)   Post Evacuate Collection Set: 0.60ms
[2026-04-03T01:35:47.243+0600][75.992s][info][gc,phases      ] GC(288)   Other: 0.09ms
[2026-04-03T01:35:47.243+0600][75.992s][info][gc,heap        ] GC(288) Eden regions: 126->0(199)
[2026-04-03T01:35:47.243+0600][75.992s][info][gc,heap        ] GC(288) Survivor regions: 5->5(23)
[2026-04-03T01:35:47.243+0600][75.992s][info][gc,heap        ] GC(288) Old regions: 48->46
[2026-04-03T01:35:47.243+0600][75.992s][info][gc,heap        ] GC(288) Humongous regions: 156->12
[2026-04-03T01:35:47.243+0600][75.992s][info][gc,metaspace   ] GC(288) Metaspace: 132486K(133952K)->132486K(133952K) NonClass: 115711K(116480K)->115711K(116480K) Class: 16774K(17472K)->16774K(17472K)
[2026-04-03T01:35:47.243+0600][75.992s][info][gc             ] GC(288) Pause Young (Mixed) (G1 Evacuation Pause) 659M->119M(680M) 4.874ms
[2026-04-03T01:35:47.244+0600][75.992s][info][gc,cpu         ] GC(288) User=0.03s Sys=0.00s Real=0.01s
[2026-04-03T01:35:47.244+0600][75.992s][info][gc,start       ] GC(289) Pause Young (Concurrent Start) (G1 Humongous Allocation)
[2026-04-03T01:35:47.244+0600][75.993s][info][gc,task        ] GC(289) Using 10 workers of 10 for evacuation
[2026-04-03T01:35:47.247+0600][75.995s][info][gc,phases      ] GC(289)   Pre Evacuate Collection Set: 0.21ms
[2026-04-03T01:35:47.247+0600][75.995s][info][gc,phases      ] GC(289)   Merge Heap Roots: 0.07ms
[2026-04-03T01:35:47.247+0600][75.995s][info][gc,phases      ] GC(289)   Evacuate Collection Set: 1.82ms
[2026-04-03T01:35:47.247+0600][75.995s][info][gc,phases      ] GC(289)   Post Evacuate Collection Set: 0.41ms
[2026-04-03T01:35:47.247+0600][75.995s][info][gc,phases      ] GC(289)   Other: 0.09ms
[2026-04-03T01:35:47.247+0600][75.995s][info][gc,heap        ] GC(289) Eden regions: 2->0(199)
[2026-04-03T01:35:47.247+0600][75.995s][info][gc,heap        ] GC(289) Survivor regions: 5->5(26)
[2026-04-03T01:35:47.247+0600][75.995s][info][gc,heap        ] GC(289) Old regions: 46->46
[2026-04-03T01:35:47.247+0600][75.995s][info][gc,heap        ] GC(289) Humongous regions: 12->3
[2026-04-03T01:35:47.247+0600][75.995s][info][gc,metaspace   ] GC(289) Metaspace: 132486K(133952K)->132486K(133952K) NonClass: 115711K(116480K)->115711K(116480K) Class: 16774K(17472K)->16774K(17472K)
[2026-04-03T01:35:47.247+0600][75.995s][info][gc             ] GC(289) Pause Young (Concurrent Start) (G1 Humongous Allocation) 122M->101M(680M) 2.855ms
[2026-04-03T01:35:47.247+0600][75.995s][info][gc             ] GC(290) Concurrent Mark Cycle
[2026-04-03T01:35:47.247+0600][75.995s][info][gc,marking     ] GC(290) Concurrent Scan Root Regions
[2026-04-03T01:35:47.247+0600][75.995s][info][gc,cpu         ] GC(289) User=0.02s Sys=0.00s Real=0.00s
[2026-04-03T01:35:47.250+0600][75.999s][info][gc,marking     ] GC(290) Concurrent Scan Root Regions 3.342ms
[2026-04-03T01:35:47.250+0600][75.999s][info][gc,marking     ] GC(290) Concurrent Mark
[2026-04-03T01:35:47.250+0600][75.999s][info][gc,marking     ] GC(290) Concurrent Mark From Roots
[2026-04-03T01:35:47.250+0600][75.999s][info][gc,task        ] GC(290) Using 2 workers of 2 for marking
[2026-04-03T01:35:47.361+0600][76.110s][info][gc,start       ] GC(291) Pause Young (Normal) (G1 Evacuation Pause)
[2026-04-03T01:35:47.361+0600][76.110s][info][gc,task        ] GC(291) Using 10 workers of 10 for evacuation
[2026-04-03T01:35:47.365+0600][76.114s][info][gc,phases      ] GC(291)   Pre Evacuate Collection Set: 0.32ms
[2026-04-03T01:35:47.366+0600][76.114s][info][gc,phases      ] GC(291)   Merge Heap Roots: 0.21ms
[2026-04-03T01:35:47.366+0600][76.114s][info][gc,phases      ] GC(291)   Evacuate Collection Set: 2.67ms
[2026-04-03T01:35:47.366+0600][76.114s][info][gc,phases      ] GC(291)   Post Evacuate Collection Set: 0.72ms
[2026-04-03T01:35:47.366+0600][76.114s][info][gc,phases      ] GC(291)   Other: 0.09ms
[2026-04-03T01:35:47.366+0600][76.114s][info][gc,heap        ] GC(291) Eden regions: 35->0(220)
[2026-04-03T01:35:47.366+0600][76.114s][info][gc,heap        ] GC(291) Survivor regions: 5->3(26)
[2026-04-03T01:35:47.366+0600][76.114s][info][gc,heap        ] GC(291) Old regions: 46->46
[2026-04-03T01:35:47.366+0600][76.114s][info][gc,heap        ] GC(291) Humongous regions: 284->9
[2026-04-03T01:35:47.366+0600][76.114s][info][gc,metaspace   ] GC(291) Metaspace: 132486K(133952K)->132486K(133952K) NonClass: 115711K(116480K)->115711K(116480K) Class: 16774K(17472K)->16774K(17472K)
[2026-04-03T01:35:47.366+0600][76.114s][info][gc             ] GC(291) Pause Young (Normal) (G1 Evacuation Pause) 733M->109M(746M) 4.282ms
[2026-04-03T01:35:47.366+0600][76.114s][info][gc,cpu         ] GC(291) User=0.02s Sys=0.00s Real=0.00s
[2026-04-03T01:35:47.376+0600][76.124s][info][gc,marking     ] GC(290) Concurrent Mark From Roots 125.479ms
[2026-04-03T01:35:47.376+0600][76.124s][info][gc,marking     ] GC(290) Concurrent Preclean
[2026-04-03T01:35:47.377+0600][76.125s][info][gc,marking     ] GC(290) Concurrent Preclean 0.795ms
[2026-04-03T01:35:47.377+0600][76.126s][info][gc,start       ] GC(290) Pause Remark
[2026-04-03T01:35:47.387+0600][76.135s][info][gc             ] GC(290) Pause Remark 155M->155M(520M) 9.428ms
[2026-04-03T01:35:47.387+0600][76.135s][info][gc,cpu         ] GC(290) User=0.06s Sys=0.01s Real=0.01s
[2026-04-03T01:35:47.387+0600][76.135s][info][gc,marking     ] GC(290) Concurrent Mark 136.538ms
[2026-04-03T01:35:47.387+0600][76.136s][info][gc,marking     ] GC(290) Concurrent Rebuild Remembered Sets and Scrub Regions
[2026-04-03T01:35:47.438+0600][76.187s][info][gc,marking     ] GC(290) Concurrent Rebuild Remembered Sets and Scrub Regions 51.156ms
[2026-04-03T01:35:47.439+0600][76.187s][info][gc,start       ] GC(290) Pause Cleanup
[2026-04-03T01:35:47.439+0600][76.187s][info][gc             ] GC(290) Pause Cleanup 227M->227M(520M) 0.275ms
[2026-04-03T01:35:47.439+0600][76.187s][info][gc,cpu         ] GC(290) User=0.01s Sys=0.00s Real=0.00s
[2026-04-03T01:35:47.439+0600][76.188s][info][gc,marking     ] GC(290) Concurrent Clear Claimed Marks
[2026-04-03T01:35:47.439+0600][76.188s][info][gc,marking     ] GC(290) Concurrent Clear Claimed Marks 0.325ms
[2026-04-03T01:35:47.439+0600][76.188s][info][gc,marking     ] GC(290) Concurrent Cleanup for Next Mark
[2026-04-03T01:35:47.440+0600][76.189s][info][gc,marking     ] GC(290) Concurrent Cleanup for Next Mark 1.032ms
[2026-04-03T01:35:47.440+0600][76.189s][info][gc             ] GC(290) Concurrent Mark Cycle 193.602ms
[2026-04-03T01:35:47.829+0600][76.578s][info][gc,start       ] GC(292) Pause Young (Prepare Mixed) (G1 Evacuation Pause)
[2026-04-03T01:35:47.829+0600][76.578s][info][gc,task        ] GC(292) Using 10 workers of 10 for evacuation
[2026-04-03T01:35:47.834+0600][76.583s][info][gc,phases      ] GC(292)   Pre Evacuate Collection Set: 0.47ms
[2026-04-03T01:35:47.834+0600][76.583s][info][gc,phases      ] GC(292)   Merge Heap Roots: 0.26ms
[2026-04-03T01:35:47.834+0600][76.583s][info][gc,phases      ] GC(292)   Evacuate Collection Set: 3.12ms
[2026-04-03T01:35:47.834+0600][76.583s][info][gc,phases      ] GC(292)   Post Evacuate Collection Set: 0.58ms
[2026-04-03T01:35:47.834+0600][76.583s][info][gc,phases      ] GC(292)   Other: 0.12ms
[2026-04-03T01:35:47.834+0600][76.583s][info][gc,heap        ] GC(292) Eden regions: 129->0(155)
[2026-04-03T01:35:47.834+0600][76.583s][info][gc,heap        ] GC(292) Survivor regions: 3->3(20)
[2026-04-03T01:35:47.834+0600][76.583s][info][gc,heap        ] GC(292) Old regions: 46->47
[2026-04-03T01:35:47.834+0600][76.583s][info][gc,heap        ] GC(292) Humongous regions: 82->3
[2026-04-03T01:35:47.834+0600][76.583s][info][gc,metaspace   ] GC(292) Metaspace: 132502K(133952K)->132502K(133952K) NonClass: 115727K(116480K)->115727K(116480K) Class: 16775K(17472K)->16775K(17472K)
[2026-04-03T01:35:47.834+0600][76.583s][info][gc             ] GC(292) Pause Young (Prepare Mixed) (G1 Evacuation Pause) 513M->98M(528M) 4.838ms
[2026-04-03T01:35:47.834+0600][76.583s][info][gc,cpu         ] GC(292) User=0.02s Sys=0.00s Real=0.01s
[2026-04-03T01:35:48.104+0600][76.853s][info][gc,start       ] GC(293) Pause Young (Mixed) (G1 Evacuation Pause)
[2026-04-03T01:35:48.104+0600][76.853s][info][gc,task        ] GC(293) Using 10 workers of 10 for evacuation
[2026-04-03T01:35:48.109+0600][76.858s][info][gc,phases      ] GC(293)   Pre Evacuate Collection Set: 0.26ms
[2026-04-03T01:35:48.109+0600][76.858s][info][gc,phases      ] GC(293)   Merge Heap Roots: 0.18ms
[2026-04-03T01:35:48.109+0600][76.858s][info][gc,phases      ] GC(293)   Evacuate Collection Set: 3.31ms
[2026-04-03T01:35:48.109+0600][76.858s][info][gc,phases      ] GC(293)   Post Evacuate Collection Set: 0.97ms
[2026-04-03T01:35:48.109+0600][76.858s][info][gc,phases      ] GC(293)   Other: 0.11ms
[2026-04-03T01:35:48.109+0600][76.858s][info][gc,heap        ] GC(293) Eden regions: 112->0(189)
[2026-04-03T01:35:48.109+0600][76.858s][info][gc,heap        ] GC(293) Survivor regions: 3->4(20)
[2026-04-03T01:35:48.109+0600][76.858s][info][gc,heap        ] GC(293) Old regions: 47->45
[2026-04-03T01:35:48.109+0600][76.858s][info][gc,heap        ] GC(293) Humongous regions: 102->3
[2026-04-03T01:35:48.109+0600][76.858s][info][gc,metaspace   ] GC(293) Metaspace: 132502K(133952K)->132502K(133952K) NonClass: 115727K(116480K)->115727K(116480K) Class: 16775K(17472K)->16775K(17472K)
[2026-04-03T01:35:48.109+0600][76.858s][info][gc             ] GC(293) Pause Young (Mixed) (G1 Evacuation Pause) 520M->99M(644M) 5.079ms
[2026-04-03T01:35:48.110+0600][76.858s][info][gc,cpu         ] GC(293) User=0.03s Sys=0.01s Real=0.00s
[2026-04-03T01:35:48.124+0600][76.873s][info][gc,start       ] GC(294) Pause Young (Concurrent Start) (GCLocker Initiated GC)
[2026-04-03T01:35:48.124+0600][76.873s][info][gc,task        ] GC(294) Using 10 workers of 10 for evacuation
[2026-04-03T01:35:48.129+0600][76.878s][info][gc,phases      ] GC(294)   Pre Evacuate Collection Set: 0.62ms
[2026-04-03T01:35:48.129+0600][76.878s][info][gc,phases      ] GC(294)   Merge Heap Roots: 0.17ms
[2026-04-03T01:35:48.129+0600][76.878s][info][gc,phases      ] GC(294)   Evacuate Collection Set: 3.10ms
[2026-04-03T01:35:48.129+0600][76.878s][info][gc,phases      ] GC(294)   Post Evacuate Collection Set: 0.64ms
[2026-04-03T01:35:48.129+0600][76.878s][info][gc,phases      ] GC(294)   Other: 0.22ms
[2026-04-03T01:35:48.129+0600][76.878s][info][gc,heap        ] GC(294) Eden regions: 12->0(189)
[2026-04-03T01:35:48.129+0600][76.878s][info][gc,heap        ] GC(294) Survivor regions: 4->4(25)
[2026-04-03T01:35:48.129+0600][76.878s][info][gc,heap        ] GC(294) Old regions: 45->45
[2026-04-03T01:35:48.129+0600][76.878s][info][gc,heap        ] GC(294) Humongous regions: 3->3
[2026-04-03T01:35:48.129+0600][76.878s][info][gc,metaspace   ] GC(294) Metaspace: 132502K(133952K)->132502K(133952K) NonClass: 115727K(116480K)->115727K(116480K) Class: 16775K(17472K)->16775K(17472K)
[2026-04-03T01:35:48.129+0600][76.878s][info][gc             ] GC(294) Pause Young (Concurrent Start) (GCLocker Initiated GC) 122M->99M(644M) 5.060ms
[2026-04-03T01:35:48.129+0600][76.878s][info][gc             ] GC(295) Concurrent Mark Cycle
[2026-04-03T01:35:48.129+0600][76.878s][info][gc,cpu         ] GC(294) User=0.03s Sys=0.00s Real=0.00s
[2026-04-03T01:35:48.129+0600][76.878s][info][gc,marking     ] GC(295) Concurrent Scan Root Regions
[2026-04-03T01:35:48.133+0600][76.882s][info][gc,marking     ] GC(295) Concurrent Scan Root Regions 3.794ms
[2026-04-03T01:35:48.133+0600][76.882s][info][gc,marking     ] GC(295) Concurrent Mark
[2026-04-03T01:35:48.133+0600][76.882s][info][gc,marking     ] GC(295) Concurrent Mark From Roots
[2026-04-03T01:35:48.133+0600][76.882s][info][gc,task        ] GC(295) Using 2 workers of 2 for marking
[2026-04-03T01:35:48.259+0600][77.008s][info][gc,marking     ] GC(295) Concurrent Mark From Roots 125.972ms
[2026-04-03T01:35:48.259+0600][77.008s][info][gc,marking     ] GC(295) Concurrent Preclean
[2026-04-03T01:35:48.260+0600][77.009s][info][gc,marking     ] GC(295) Concurrent Preclean 0.738ms
[2026-04-03T01:35:48.261+0600][77.009s][info][gc,start       ] GC(295) Pause Remark
[2026-04-03T01:35:48.271+0600][77.020s][info][gc             ] GC(295) Pause Remark 243M->243M(568M) 10.849ms
[2026-04-03T01:35:48.272+0600][77.020s][info][gc,cpu         ] GC(295) User=0.08s Sys=0.01s Real=0.01s
[2026-04-03T01:35:48.274+0600][77.023s][info][gc,marking     ] GC(295) Concurrent Mark 140.701ms
[2026-04-03T01:35:48.274+0600][77.023s][info][gc,marking     ] GC(295) Concurrent Rebuild Remembered Sets and Scrub Regions
[2026-04-03T01:35:48.333+0600][77.082s][info][gc,marking     ] GC(295) Concurrent Rebuild Remembered Sets and Scrub Regions 59.048ms
[2026-04-03T01:35:48.334+0600][77.082s][info][gc,start       ] GC(295) Pause Cleanup
[2026-04-03T01:35:48.334+0600][77.082s][info][gc             ] GC(295) Pause Cleanup 325M->325M(568M) 0.342ms
[2026-04-03T01:35:48.334+0600][77.083s][info][gc,cpu         ] GC(295) User=0.00s Sys=0.00s Real=0.00s
[2026-04-03T01:35:48.334+0600][77.083s][info][gc,marking     ] GC(295) Concurrent Clear Claimed Marks
[2026-04-03T01:35:48.335+0600][77.083s][info][gc,marking     ] GC(295) Concurrent Clear Claimed Marks 0.384ms
[2026-04-03T01:35:48.335+0600][77.083s][info][gc,marking     ] GC(295) Concurrent Cleanup for Next Mark
[2026-04-03T01:35:48.336+0600][77.085s][info][gc,marking     ] GC(295) Concurrent Cleanup for Next Mark 1.520ms
[2026-04-03T01:35:48.336+0600][77.085s][info][gc             ] GC(295) Concurrent Mark Cycle 206.881ms
[2026-04-03T01:35:48.520+0600][77.268s][info][gc,start       ] GC(296) Pause Young (Prepare Mixed) (G1 Evacuation Pause)
[2026-04-03T01:35:48.520+0600][77.268s][info][gc,task        ] GC(296) Using 10 workers of 10 for evacuation
[2026-04-03T01:35:48.526+0600][77.274s][info][gc,phases      ] GC(296)   Pre Evacuate Collection Set: 0.50ms
[2026-04-03T01:35:48.526+0600][77.274s][info][gc,phases      ] GC(296)   Merge Heap Roots: 0.39ms
[2026-04-03T01:35:48.526+0600][77.274s][info][gc,phases      ] GC(296)   Evacuate Collection Set: 3.76ms
[2026-04-03T01:35:48.526+0600][77.274s][info][gc,phases      ] GC(296)   Post Evacuate Collection Set: 0.79ms
[2026-04-03T01:35:48.526+0600][77.274s][info][gc,phases      ] GC(296)   Other: 0.12ms
[2026-04-03T01:35:48.526+0600][77.274s][info][gc,heap        ] GC(296) Eden regions: 129->0(171)
[2026-04-03T01:35:48.526+0600][77.274s][info][gc,heap        ] GC(296) Survivor regions: 4->3(22)
[2026-04-03T01:35:48.526+0600][77.274s][info][gc,heap        ] GC(296) Old regions: 45->46
[2026-04-03T01:35:48.526+0600][77.274s][info][gc,heap        ] GC(296) Humongous regions: 109->3
[2026-04-03T01:35:48.526+0600][77.274s][info][gc,metaspace   ] GC(296) Metaspace: 132502K(133952K)->132502K(133952K) NonClass: 115727K(116480K)->115727K(116480K) Class: 16775K(17472K)->16775K(17472K)
[2026-04-03T01:35:48.526+0600][77.274s][info][gc             ] GC(296) Pause Young (Prepare Mixed) (G1 Evacuation Pause) 569M->98M(582M) 5.921ms
[2026-04-03T01:35:48.526+0600][77.274s][info][gc,cpu         ] GC(296) User=0.04s Sys=0.01s Real=0.00s
[2026-04-03T01:35:49.010+0600][77.759s][info][gc,start       ] GC(297) Pause Young (Mixed) (G1 Evacuation Pause)
[2026-04-03T01:35:49.010+0600][77.759s][info][gc,task        ] GC(297) Using 10 workers of 10 for evacuation
[2026-04-03T01:35:49.017+0600][77.765s][info][gc,phases      ] GC(297)   Pre Evacuate Collection Set: 0.49ms
[2026-04-03T01:35:49.017+0600][77.765s][info][gc,phases      ] GC(297)   Merge Heap Roots: 0.35ms
[2026-04-03T01:35:49.017+0600][77.765s][info][gc,phases      ] GC(297)   Evacuate Collection Set: 4.40ms
[2026-04-03T01:35:49.017+0600][77.765s][info][gc,phases      ] GC(297)   Post Evacuate Collection Set: 0.97ms
[2026-04-03T01:35:49.017+0600][77.765s][info][gc,phases      ] GC(297)   Other: 0.16ms
[2026-04-03T01:35:49.017+0600][77.765s][info][gc,heap        ] GC(297) Eden regions: 162->0(174)
[2026-04-03T01:35:49.017+0600][77.765s][info][gc,heap        ] GC(297) Survivor regions: 3->4(22)
[2026-04-03T01:35:49.017+0600][77.765s][info][gc,heap        ] GC(297) Old regions: 46->45
[2026-04-03T01:35:49.017+0600][77.765s][info][gc,heap        ] GC(297) Humongous regions: 82->5
[2026-04-03T01:35:49.017+0600][77.765s][info][gc,metaspace   ] GC(297) Metaspace: 132509K(133952K)->132509K(133952K) NonClass: 115734K(116480K)->115734K(116480K) Class: 16775K(17472K)->16775K(17472K)
[2026-04-03T01:35:49.017+0600][77.766s][info][gc             ] GC(297) Pause Young (Mixed) (G1 Evacuation Pause) 580M->103M(594M) 6.769ms
[2026-04-03T01:35:49.017+0600][77.766s][info][gc,cpu         ] GC(297) User=0.03s Sys=0.02s Real=0.00s
[2026-04-03T01:35:49.019+0600][77.768s][info][gc,start       ] GC(298) Pause Young (Concurrent Start) (G1 Humongous Allocation)
[2026-04-03T01:35:49.019+0600][77.768s][info][gc,task        ] GC(298) Using 10 workers of 10 for evacuation
[2026-04-03T01:35:49.024+0600][77.772s][info][gc,phases      ] GC(298)   Pre Evacuate Collection Set: 0.39ms
[2026-04-03T01:35:49.024+0600][77.772s][info][gc,phases      ] GC(298)   Merge Heap Roots: 0.19ms
[2026-04-03T01:35:49.024+0600][77.772s][info][gc,phases      ] GC(298)   Evacuate Collection Set: 2.80ms
[2026-04-03T01:35:49.024+0600][77.772s][info][gc,phases      ] GC(298)   Post Evacuate Collection Set: 0.63ms
[2026-04-03T01:35:49.024+0600][77.772s][info][gc,phases      ] GC(298)   Other: 0.30ms
[2026-04-03T01:35:49.024+0600][77.772s][info][gc,heap        ] GC(298) Eden regions: 4->0(174)
[2026-04-03T01:35:49.024+0600][77.772s][info][gc,heap        ] GC(298) Survivor regions: 4->4(23)
[2026-04-03T01:35:49.024+0600][77.772s][info][gc,heap        ] GC(298) Old regions: 45->45
[2026-04-03T01:35:49.024+0600][77.772s][info][gc,heap        ] GC(298) Humongous regions: 5->3
[2026-04-03T01:35:49.024+0600][77.772s][info][gc,metaspace   ] GC(298) Metaspace: 132509K(133952K)->132509K(133952K) NonClass: 115734K(116480K)->115734K(116480K) Class: 16775K(17472K)->16775K(17472K)
[2026-04-03T01:35:49.024+0600][77.772s][info][gc             ] GC(298) Pause Young (Concurrent Start) (G1 Humongous Allocation) 109M->99M(594M) 4.707ms
[2026-04-03T01:35:49.024+0600][77.773s][info][gc             ] GC(299) Concurrent Mark Cycle
[2026-04-03T01:35:49.024+0600][77.773s][info][gc,marking     ] GC(299) Concurrent Scan Root Regions
[2026-04-03T01:35:49.024+0600][77.773s][info][gc,cpu         ] GC(298) User=0.03s Sys=0.00s Real=0.01s
[2026-04-03T01:35:49.027+0600][77.776s][info][gc,marking     ] GC(299) Concurrent Scan Root Regions 3.258ms
[2026-04-03T01:35:49.027+0600][77.776s][info][gc,marking     ] GC(299) Concurrent Mark
[2026-04-03T01:35:49.028+0600][77.776s][info][gc,marking     ] GC(299) Concurrent Mark From Roots
[2026-04-03T01:35:49.028+0600][77.776s][info][gc,task        ] GC(299) Using 2 workers of 2 for marking
[2026-04-03T01:35:49.180+0600][77.928s][info][gc,marking     ] GC(299) Concurrent Mark From Roots 152.268ms
[2026-04-03T01:35:49.180+0600][77.928s][info][gc,marking     ] GC(299) Concurrent Preclean
[2026-04-03T01:35:49.181+0600][77.929s][info][gc,marking     ] GC(299) Concurrent Preclean 0.747ms
[2026-04-03T01:35:49.182+0600][77.931s][info][gc,start       ] GC(299) Pause Remark
[2026-04-03T01:35:49.192+0600][77.941s][info][gc             ] GC(299) Pause Remark 283M->283M(594M) 10.118ms
[2026-04-03T01:35:49.192+0600][77.941s][info][gc,cpu         ] GC(299) User=0.07s Sys=0.00s Real=0.01s
[2026-04-03T01:35:49.194+0600][77.942s][info][gc,marking     ] GC(299) Concurrent Mark 166.228ms
[2026-04-03T01:35:49.194+0600][77.942s][info][gc,marking     ] GC(299) Concurrent Rebuild Remembered Sets and Scrub Regions
[2026-04-03T01:35:49.254+0600][78.003s][info][gc,marking     ] GC(299) Concurrent Rebuild Remembered Sets and Scrub Regions 60.638ms
[2026-04-03T01:35:49.255+0600][78.003s][info][gc,start       ] GC(299) Pause Cleanup
[2026-04-03T01:35:49.255+0600][78.004s][info][gc             ] GC(299) Pause Cleanup 352M->352M(594M) 0.323ms
[2026-04-03T01:35:49.255+0600][78.004s][info][gc,cpu         ] GC(299) User=0.00s Sys=0.00s Real=0.00s
[2026-04-03T01:35:49.255+0600][78.004s][info][gc,marking     ] GC(299) Concurrent Clear Claimed Marks
[2026-04-03T01:35:49.256+0600][78.004s][info][gc,marking     ] GC(299) Concurrent Clear Claimed Marks 0.398ms
[2026-04-03T01:35:49.256+0600][78.004s][info][gc,marking     ] GC(299) Concurrent Cleanup for Next Mark
[2026-04-03T01:35:49.257+0600][78.006s][info][gc,marking     ] GC(299) Concurrent Cleanup for Next Mark 1.516ms
[2026-04-03T01:35:49.257+0600][78.006s][info][gc             ] GC(299) Concurrent Mark Cycle 233.411ms
[2026-04-03T01:35:49.427+0600][78.175s][info][gc,start       ] GC(300) Pause Young (Prepare Mixed) (GCLocker Initiated GC)
[2026-04-03T01:35:49.427+0600][78.175s][info][gc,task        ] GC(300) Using 10 workers of 10 for evacuation
[2026-04-03T01:35:49.433+0600][78.181s][info][gc,phases      ] GC(300)   Pre Evacuate Collection Set: 0.52ms
[2026-04-03T01:35:49.433+0600][78.181s][info][gc,phases      ] GC(300)   Merge Heap Roots: 0.35ms
[2026-04-03T01:35:49.433+0600][78.181s][info][gc,phases      ] GC(300)   Evacuate Collection Set: 4.27ms
[2026-04-03T01:35:49.433+0600][78.182s][info][gc,phases      ] GC(300)   Post Evacuate Collection Set: 0.86ms
[2026-04-03T01:35:49.433+0600][78.182s][info][gc,phases      ] GC(300)   Other: 0.14ms
[2026-04-03T01:35:49.433+0600][78.182s][info][gc,heap        ] GC(300) Eden regions: 135->0(176)
[2026-04-03T01:35:49.433+0600][78.182s][info][gc,heap        ] GC(300) Survivor regions: 4->4(23)
[2026-04-03T01:35:49.433+0600][78.182s][info][gc,heap        ] GC(300) Old regions: 45->45
[2026-04-03T01:35:49.433+0600][78.182s][info][gc,heap        ] GC(300) Humongous regions: 113->3
[2026-04-03T01:35:49.433+0600][78.182s][info][gc,metaspace   ] GC(300) Metaspace: 132509K(133952K)->132509K(133952K) NonClass: 115734K(116480K)->115734K(116480K) Class: 16775K(17472K)->16775K(17472K)
[2026-04-03T01:35:49.433+0600][78.182s][info][gc             ] GC(300) Pause Young (Prepare Mixed) (GCLocker Initiated GC) 589M->100M(602M) 6.525ms
[2026-04-03T01:35:49.433+0600][78.182s][info][gc,cpu         ] GC(300) User=0.04s Sys=0.01s Real=0.01s
[2026-04-03T01:35:49.837+0600][78.586s][info][gc,start       ] GC(301) Pause Young (Mixed) (G1 Evacuation Pause)
[2026-04-03T01:35:49.838+0600][78.586s][info][gc,task        ] GC(301) Using 10 workers of 10 for evacuation
[2026-04-03T01:35:49.844+0600][78.593s][info][gc,phases      ] GC(301)   Pre Evacuate Collection Set: 0.54ms
[2026-04-03T01:35:49.844+0600][78.593s][info][gc,phases      ] GC(301)   Merge Heap Roots: 0.26ms
[2026-04-03T01:35:49.844+0600][78.593s][info][gc,phases      ] GC(301)   Evacuate Collection Set: 4.71ms
[2026-04-03T01:35:49.844+0600][78.593s][info][gc,phases      ] GC(301)   Post Evacuate Collection Set: 0.96ms
[2026-04-03T01:35:49.844+0600][78.593s][info][gc,phases      ] GC(301)   Other: 0.12ms
[2026-04-03T01:35:49.844+0600][78.593s][info][gc,heap        ] GC(301) Eden regions: 141->0(179)
[2026-04-03T01:35:49.844+0600][78.593s][info][gc,heap        ] GC(301) Survivor regions: 4->5(23)
[2026-04-03T01:35:49.844+0600][78.593s][info][gc,heap        ] GC(301) Old regions: 45->45
[2026-04-03T01:35:49.844+0600][78.593s][info][gc,heap        ] GC(301) Humongous regions: 111->3
[2026-04-03T01:35:49.844+0600][78.593s][info][gc,metaspace   ] GC(301) Metaspace: 132511K(134016K)->132511K(134016K) NonClass: 115736K(116544K)->115736K(116544K) Class: 16775K(17472K)->16775K(17472K)
[2026-04-03T01:35:49.844+0600][78.593s][info][gc             ] GC(301) Pause Young (Mixed) (G1 Evacuation Pause) 598M->101M(614M) 6.912ms
[2026-04-03T01:35:49.844+0600][78.593s][info][gc,cpu         ] GC(301) User=0.03s Sys=0.02s Real=0.01s
[2026-04-03T01:35:49.880+0600][78.629s][info][gc,start       ] GC(302) Pause Young (Concurrent Start) (G1 Humongous Allocation)
[2026-04-03T01:35:49.881+0600][78.629s][info][gc,task        ] GC(302) Using 10 workers of 10 for evacuation
[2026-04-03T01:35:49.886+0600][78.634s][info][gc,phases      ] GC(302)   Pre Evacuate Collection Set: 0.44ms
[2026-04-03T01:35:49.886+0600][78.634s][info][gc,phases      ] GC(302)   Merge Heap Roots: 0.20ms
[2026-04-03T01:35:49.886+0600][78.634s][info][gc,phases      ] GC(302)   Evacuate Collection Set: 3.15ms
[2026-04-03T01:35:49.886+0600][78.634s][info][gc,phases      ] GC(302)   Post Evacuate Collection Set: 0.96ms
[2026-04-03T01:35:49.886+0600][78.634s][info][gc,phases      ] GC(302)   Other: 0.32ms
[2026-04-03T01:35:49.886+0600][78.634s][info][gc,heap        ] GC(302) Eden regions: 16->0(178)
[2026-04-03T01:35:49.886+0600][78.634s][info][gc,heap        ] GC(302) Survivor regions: 5->6(23)
[2026-04-03T01:35:49.886+0600][78.634s][info][gc,heap        ] GC(302) Old regions: 45->45
[2026-04-03T01:35:49.886+0600][78.635s][info][gc,heap        ] GC(302) Humongous regions: 3->3
[2026-04-03T01:35:49.886+0600][78.635s][info][gc,metaspace   ] GC(302) Metaspace: 132511K(134016K)->132511K(134016K) NonClass: 115736K(116544K)->115736K(116544K) Class: 16775K(17472K)->16775K(17472K)
[2026-04-03T01:35:49.886+0600][78.635s][info][gc             ] GC(302) Pause Young (Concurrent Start) (G1 Humongous Allocation) 132M->103M(614M) 5.658ms
[2026-04-03T01:35:49.886+0600][78.635s][info][gc,cpu         ] GC(302) User=0.04s Sys=0.01s Real=0.00s
[2026-04-03T01:35:49.886+0600][78.635s][info][gc             ] GC(303) Concurrent Mark Cycle
[2026-04-03T01:35:49.886+0600][78.635s][info][gc,marking     ] GC(303) Concurrent Scan Root Regions
[2026-04-03T01:35:49.890+0600][78.638s][info][gc,marking     ] GC(303) Concurrent Scan Root Regions 3.443ms
[2026-04-03T01:35:49.890+0600][78.638s][info][gc,marking     ] GC(303) Concurrent Mark
[2026-04-03T01:35:49.890+0600][78.638s][info][gc,marking     ] GC(303) Concurrent Mark From Roots
[2026-04-03T01:35:49.890+0600][78.638s][info][gc,task        ] GC(303) Using 2 workers of 2 for marking
[2026-04-03T01:35:50.036+0600][78.784s][info][gc,marking     ] GC(303) Concurrent Mark From Roots 145.697ms
[2026-04-03T01:35:50.036+0600][78.784s][info][gc,marking     ] GC(303) Concurrent Preclean
[2026-04-03T01:35:50.036+0600][78.785s][info][gc,marking     ] GC(303) Concurrent Preclean 0.740ms
[2026-04-03T01:35:50.037+0600][78.785s][info][gc,start       ] GC(303) Pause Remark
[2026-04-03T01:35:50.046+0600][78.795s][info][gc             ] GC(303) Pause Remark 242M->242M(480M) 9.571ms
[2026-04-03T01:35:50.047+0600][78.795s][info][gc,cpu         ] GC(303) User=0.07s Sys=0.00s Real=0.01s
[2026-04-03T01:35:50.047+0600][78.795s][info][gc,marking     ] GC(303) Concurrent Mark 157.072ms
[2026-04-03T01:35:50.047+0600][78.796s][info][gc,marking     ] GC(303) Concurrent Rebuild Remembered Sets and Scrub Regions
[2026-04-03T01:35:50.099+0600][78.847s][info][gc,marking     ] GC(303) Concurrent Rebuild Remembered Sets and Scrub Regions 51.865ms
[2026-04-03T01:35:50.099+0600][78.848s][info][gc,start       ] GC(303) Pause Cleanup
[2026-04-03T01:35:50.100+0600][78.848s][info][gc             ] GC(303) Pause Cleanup 293M->293M(480M) 0.312ms
[2026-04-03T01:35:50.100+0600][78.848s][info][gc,cpu         ] GC(303) User=0.00s Sys=0.00s Real=0.01s
[2026-04-03T01:35:50.100+0600][78.848s][info][gc,marking     ] GC(303) Concurrent Clear Claimed Marks
[2026-04-03T01:35:50.100+0600][78.849s][info][gc,marking     ] GC(303) Concurrent Clear Claimed Marks 0.473ms
[2026-04-03T01:35:50.100+0600][78.849s][info][gc,marking     ] GC(303) Concurrent Cleanup for Next Mark
[2026-04-03T01:35:50.102+0600][78.850s][info][gc,marking     ] GC(303) Concurrent Cleanup for Next Mark 1.510ms
[2026-04-03T01:35:50.102+0600][78.851s][info][gc             ] GC(303) Concurrent Mark Cycle 215.800ms
[2026-04-03T01:35:50.244+0600][78.993s][info][gc,start       ] GC(304) Pause Young (Prepare Mixed) (G1 Evacuation Pause)
[2026-04-03T01:35:50.244+0600][78.993s][info][gc,task        ] GC(304) Using 10 workers of 10 for evacuation
[2026-04-03T01:35:50.249+0600][78.998s][info][gc,phases      ] GC(304)   Pre Evacuate Collection Set: 0.37ms
[2026-04-03T01:35:50.249+0600][78.998s][info][gc,phases      ] GC(304)   Merge Heap Roots: 0.19ms
[2026-04-03T01:35:50.249+0600][78.998s][info][gc,phases      ] GC(304)   Evacuate Collection Set: 3.30ms
[2026-04-03T01:35:50.249+0600][78.998s][info][gc,phases      ] GC(304)   Post Evacuate Collection Set: 0.81ms
[2026-04-03T01:35:50.249+0600][78.998s][info][gc,phases      ] GC(304)   Other: 0.10ms
[2026-04-03T01:35:50.249+0600][78.998s][info][gc,heap        ] GC(304) Eden regions: 117->0(167)
[2026-04-03T01:35:50.249+0600][78.998s][info][gc,heap        ] GC(304) Survivor regions: 6->5(18)
[2026-04-03T01:35:50.249+0600][78.998s][info][gc,heap        ] GC(304) Old regions: 45->46
[2026-04-03T01:35:50.249+0600][78.998s][info][gc,heap        ] GC(304) Humongous regions: 114->12
[2026-04-03T01:35:50.249+0600][78.998s][info][gc,metaspace   ] GC(304) Metaspace: 132513K(134016K)->132513K(134016K) NonClass: 115738K(116544K)->115738K(116544K) Class: 16775K(17472K)->16775K(17472K)
[2026-04-03T01:35:50.249+0600][78.998s][info][gc             ] GC(304) Pause Young (Prepare Mixed) (G1 Evacuation Pause) 559M->119M(576M) 5.077ms
[2026-04-03T01:35:50.250+0600][78.998s][info][gc,cpu         ] GC(304) User=0.03s Sys=0.02s Real=0.00s
[2026-04-03T01:35:50.383+0600][79.132s][info][gc,start       ] GC(305) Pause Young (Mixed) (G1 Evacuation Pause)
[2026-04-03T01:35:50.384+0600][79.132s][info][gc,task        ] GC(305) Using 10 workers of 10 for evacuation
[2026-04-03T01:35:50.389+0600][79.138s][info][gc,phases      ] GC(305)   Pre Evacuate Collection Set: 0.52ms
[2026-04-03T01:35:50.389+0600][79.138s][info][gc,phases      ] GC(305)   Merge Heap Roots: 0.21ms
[2026-04-03T01:35:50.389+0600][79.138s][info][gc,phases      ] GC(305)   Evacuate Collection Set: 3.38ms
[2026-04-03T01:35:50.389+0600][79.138s][info][gc,phases      ] GC(305)   Post Evacuate Collection Set: 1.42ms
[2026-04-03T01:35:50.389+0600][79.138s][info][gc,phases      ] GC(305)   Other: 0.11ms
[2026-04-03T01:35:50.389+0600][79.138s][info][gc,heap        ] GC(305) Eden regions: 37->0(243)
[2026-04-03T01:35:50.389+0600][79.138s][info][gc,heap        ] GC(305) Survivor regions: 5->4(26)
[2026-04-03T01:35:50.389+0600][79.138s][info][gc,heap        ] GC(305) Old regions: 46->45
[2026-04-03T01:35:50.389+0600][79.138s][info][gc,heap        ] GC(305) Humongous regions: 321->9
[2026-04-03T01:35:50.389+0600][79.138s][info][gc,metaspace   ] GC(305) Metaspace: 132513K(134016K)->132513K(134016K) NonClass: 115738K(116544K)->115738K(116544K) Class: 16775K(17472K)->16775K(17472K)
[2026-04-03T01:35:50.389+0600][79.138s][info][gc             ] GC(305) Pause Young (Mixed) (G1 Evacuation Pause) 811M->111M(826M) 5.968ms
[2026-04-03T01:35:50.390+0600][79.138s][info][gc,cpu         ] GC(305) User=0.03s Sys=0.01s Real=0.00s
[2026-04-03T01:35:50.396+0600][79.144s][info][gc,start       ] GC(306) Pause Young (Concurrent Start) (G1 Humongous Allocation)
[2026-04-03T01:35:50.396+0600][79.144s][info][gc,task        ] GC(306) Using 10 workers of 10 for evacuation
[2026-04-03T01:35:50.399+0600][79.148s][info][gc,phases      ] GC(306)   Pre Evacuate Collection Set: 0.41ms
[2026-04-03T01:35:50.399+0600][79.148s][info][gc,phases      ] GC(306)   Merge Heap Roots: 0.14ms
[2026-04-03T01:35:50.399+0600][79.148s][info][gc,phases      ] GC(306)   Evacuate Collection Set: 2.12ms
[2026-04-03T01:35:50.399+0600][79.148s][info][gc,phases      ] GC(306)   Post Evacuate Collection Set: 0.54ms
[2026-04-03T01:35:50.399+0600][79.148s][info][gc,phases      ] GC(306)   Other: 0.13ms
[2026-04-03T01:35:50.399+0600][79.148s][info][gc,heap        ] GC(306) Eden regions: 3->0(244)
[2026-04-03T01:35:50.399+0600][79.148s][info][gc,heap        ] GC(306) Survivor regions: 4->3(31)
[2026-04-03T01:35:50.399+0600][79.148s][info][gc,heap        ] GC(306) Old regions: 45->45
[2026-04-03T01:35:50.399+0600][79.148s][info][gc,heap        ] GC(306) Humongous regions: 38->3
[2026-04-03T01:35:50.399+0600][79.148s][info][gc,metaspace   ] GC(306) Metaspace: 132513K(134016K)->132513K(134016K) NonClass: 115738K(116544K)->115738K(116544K) Class: 16775K(17472K)->16775K(17472K)
[2026-04-03T01:35:50.399+0600][79.148s][info][gc             ] GC(306) Pause Young (Concurrent Start) (G1 Humongous Allocation) 174M->97M(826M) 3.616ms
[2026-04-03T01:35:50.399+0600][79.148s][info][gc             ] GC(307) Concurrent Undo Cycle
[2026-04-03T01:35:50.399+0600][79.148s][info][gc,cpu         ] GC(306) User=0.02s Sys=0.00s Real=0.00s
[2026-04-03T01:35:50.399+0600][79.148s][info][gc,marking     ] GC(307) Concurrent Clear Claimed Marks
[2026-04-03T01:35:50.400+0600][79.148s][info][gc,marking     ] GC(307) Concurrent Clear Claimed Marks 0.188ms
[2026-04-03T01:35:50.400+0600][79.148s][info][gc,marking     ] GC(307) Concurrent Cleanup for Next Mark
[2026-04-03T01:35:50.400+0600][79.148s][info][gc,marking     ] GC(307) Concurrent Cleanup for Next Mark 0.318ms
[2026-04-03T01:35:50.400+0600][79.148s][info][gc             ] GC(307) Concurrent Undo Cycle 0.643ms
[2026-04-03T01:35:50.403+0600][79.151s][info][gc,start       ] GC(308) Pause Young (Concurrent Start) (G1 Humongous Allocation)
[2026-04-03T01:35:50.403+0600][79.151s][info][gc,task        ] GC(308) Using 10 workers of 10 for evacuation
[2026-04-03T01:35:50.407+0600][79.156s][info][gc,phases      ] GC(308)   Pre Evacuate Collection Set: 0.40ms
[2026-04-03T01:35:50.407+0600][79.156s][info][gc,phases      ] GC(308)   Merge Heap Roots: 0.10ms
[2026-04-03T01:35:50.407+0600][79.156s][info][gc,phases      ] GC(308)   Evacuate Collection Set: 1.68ms
[2026-04-03T01:35:50.407+0600][79.156s][info][gc,phases      ] GC(308)   Post Evacuate Collection Set: 2.32ms
[2026-04-03T01:35:50.407+0600][79.156s][info][gc,phases      ] GC(308)   Other: 0.19ms
[2026-04-03T01:35:50.407+0600][79.156s][info][gc,heap        ] GC(308) Eden regions: 2->0(430)
[2026-04-03T01:35:50.407+0600][79.156s][info][gc,heap        ] GC(308) Survivor regions: 3->2(31)
[2026-04-03T01:35:50.407+0600][79.156s][info][gc,heap        ] GC(308) Old regions: 45->45
[2026-04-03T01:35:50.407+0600][79.156s][info][gc,heap        ] GC(308) Humongous regions: 6->3
[2026-04-03T01:35:50.407+0600][79.156s][info][gc,metaspace   ] GC(308) Metaspace: 132513K(134016K)->132513K(134016K) NonClass: 115738K(116544K)->115738K(116544K) Class: 16775K(17472K)->16775K(17472K)
[2026-04-03T01:35:50.407+0600][79.156s][info][gc             ] GC(308) Pause Young (Concurrent Start) (G1 Humongous Allocation) 106M->96M(1442M) 4.949ms
[2026-04-03T01:35:50.408+0600][79.156s][info][gc,cpu         ] GC(308) User=0.02s Sys=0.01s Real=0.00s
[2026-04-03T01:35:50.408+0600][79.156s][info][gc             ] GC(309) Concurrent Undo Cycle
[2026-04-03T01:35:50.408+0600][79.156s][info][gc,marking     ] GC(309) Concurrent Clear Claimed Marks
[2026-04-03T01:35:50.408+0600][79.157s][info][gc,marking     ] GC(309) Concurrent Clear Claimed Marks 0.248ms
[2026-04-03T01:35:50.408+0600][79.157s][info][gc,marking     ] GC(309) Concurrent Cleanup for Next Mark
[2026-04-03T01:35:50.408+0600][79.157s][info][gc,marking     ] GC(309) Concurrent Cleanup for Next Mark 0.389ms
[2026-04-03T01:35:50.408+0600][79.157s][info][gc             ] GC(309) Concurrent Undo Cycle 0.841ms
[2026-04-03T01:35:50.998+0600][79.746s][info][gc,start       ] GC(310) Pause Young (Concurrent Start) (G1 Humongous Allocation)
[2026-04-03T01:35:50.998+0600][79.746s][info][gc,task        ] GC(310) Using 10 workers of 10 for evacuation
[2026-04-03T01:35:51.004+0600][79.752s][info][gc,phases      ] GC(310)   Pre Evacuate Collection Set: 0.57ms
[2026-04-03T01:35:51.004+0600][79.752s][info][gc,phases      ] GC(310)   Merge Heap Roots: 0.59ms
[2026-04-03T01:35:51.004+0600][79.752s][info][gc,phases      ] GC(310)   Evacuate Collection Set: 3.85ms
[2026-04-03T01:35:51.004+0600][79.752s][info][gc,phases      ] GC(310)   Post Evacuate Collection Set: 0.80ms
[2026-04-03T01:35:51.004+0600][79.752s][info][gc,phases      ] GC(310)   Other: 0.19ms
[2026-04-03T01:35:51.004+0600][79.752s][info][gc,heap        ] GC(310) Eden regions: 158->0(428)
[2026-04-03T01:35:51.004+0600][79.752s][info][gc,heap        ] GC(310) Survivor regions: 2->4(54)
[2026-04-03T01:35:51.004+0600][79.752s][info][gc,heap        ] GC(310) Old regions: 45->45
[2026-04-03T01:35:51.004+0600][79.752s][info][gc,heap        ] GC(310) Humongous regions: 80->3
[2026-04-03T01:35:51.004+0600][79.753s][info][gc,metaspace   ] GC(310) Metaspace: 132520K(134016K)->132520K(134016K) NonClass: 115745K(116544K)->115745K(116544K) Class: 16775K(17472K)->16775K(17472K)
[2026-04-03T01:35:51.004+0600][79.753s][info][gc             ] GC(310) Pause Young (Concurrent Start) (G1 Humongous Allocation) 566M->100M(1442M) 6.337ms
[2026-04-03T01:35:51.004+0600][79.753s][info][gc             ] GC(311) Concurrent Undo Cycle
[2026-04-03T01:35:51.004+0600][79.753s][info][gc,marking     ] GC(311) Concurrent Clear Claimed Marks
[2026-04-03T01:35:51.004+0600][79.753s][info][gc,cpu         ] GC(310) User=0.03s Sys=0.01s Real=0.01s
[2026-04-03T01:35:51.004+0600][79.753s][info][gc,marking     ] GC(311) Concurrent Clear Claimed Marks 0.312ms
[2026-04-03T01:35:51.004+0600][79.753s][info][gc,marking     ] GC(311) Concurrent Cleanup for Next Mark
[2026-04-03T01:35:51.005+0600][79.753s][info][gc,marking     ] GC(311) Concurrent Cleanup for Next Mark 0.364ms
[2026-04-03T01:35:51.005+0600][79.753s][info][gc             ] GC(311) Concurrent Undo Cycle 0.853ms
[2026-04-03T01:35:51.216+0600][79.964s][info][gc,start       ] GC(312) Pause Young (Concurrent Start) (G1 Humongous Allocation)
[2026-04-03T01:35:51.216+0600][79.965s][info][gc,task        ] GC(312) Using 10 workers of 10 for evacuation
[2026-04-03T01:35:51.221+0600][79.969s][info][gc,phases      ] GC(312)   Pre Evacuate Collection Set: 0.70ms
[2026-04-03T01:35:51.221+0600][79.969s][info][gc,phases      ] GC(312)   Merge Heap Roots: 0.23ms
[2026-04-03T01:35:51.221+0600][79.969s][info][gc,phases      ] GC(312)   Evacuate Collection Set: 2.55ms
[2026-04-03T01:35:51.221+0600][79.969s][info][gc,phases      ] GC(312)   Post Evacuate Collection Set: 0.69ms
[2026-04-03T01:35:51.221+0600][79.969s][info][gc,phases      ] GC(312)   Other: 0.42ms
[2026-04-03T01:35:51.221+0600][79.969s][info][gc,heap        ] GC(312) Eden regions: 96->0(428)
[2026-04-03T01:35:51.221+0600][79.969s][info][gc,heap        ] GC(312) Survivor regions: 4->4(54)
[2026-04-03T01:35:51.221+0600][79.969s][info][gc,heap        ] GC(312) Old regions: 45->45
[2026-04-03T01:35:51.221+0600][79.969s][info][gc,heap        ] GC(312) Humongous regions: 84->3
[2026-04-03T01:35:51.221+0600][79.969s][info][gc,metaspace   ] GC(312) Metaspace: 132522K(134016K)->132522K(134016K) NonClass: 115747K(116544K)->115747K(116544K) Class: 16775K(17472K)->16775K(17472K)
[2026-04-03T01:35:51.221+0600][79.969s][info][gc             ] GC(312) Pause Young (Concurrent Start) (G1 Humongous Allocation) 454M->100M(1442M) 5.025ms
[2026-04-03T01:35:51.221+0600][79.969s][info][gc             ] GC(313) Concurrent Undo Cycle
[2026-04-03T01:35:51.221+0600][79.970s][info][gc,cpu         ] GC(312) User=0.03s Sys=0.00s Real=0.01s
[2026-04-03T01:35:51.221+0600][79.970s][info][gc,marking     ] GC(313) Concurrent Clear Claimed Marks
[2026-04-03T01:35:51.221+0600][79.970s][info][gc,marking     ] GC(313) Concurrent Clear Claimed Marks 0.328ms
[2026-04-03T01:35:51.221+0600][79.970s][info][gc,marking     ] GC(313) Concurrent Cleanup for Next Mark
[2026-04-03T01:35:51.222+0600][79.970s][info][gc,marking     ] GC(313) Concurrent Cleanup for Next Mark 0.359ms
[2026-04-03T01:35:51.222+0600][79.970s][info][gc             ] GC(313) Concurrent Undo Cycle 0.881ms
[2026-04-03T01:35:51.461+0600][80.210s][info][gc,start       ] GC(314) Pause Young (Concurrent Start) (G1 Humongous Allocation)
[2026-04-03T01:35:51.461+0600][80.210s][info][gc,task        ] GC(314) Using 10 workers of 10 for evacuation
[2026-04-03T01:35:51.467+0600][80.215s][info][gc,phases      ] GC(314)   Pre Evacuate Collection Set: 0.44ms
[2026-04-03T01:35:51.467+0600][80.215s][info][gc,phases      ] GC(314)   Merge Heap Roots: 0.21ms
[2026-04-03T01:35:51.467+0600][80.215s][info][gc,phases      ] GC(314)   Evacuate Collection Set: 3.41ms
[2026-04-03T01:35:51.467+0600][80.215s][info][gc,phases      ] GC(314)   Post Evacuate Collection Set: 1.15ms
[2026-04-03T01:35:51.467+0600][80.215s][info][gc,phases      ] GC(314)   Other: 0.19ms
[2026-04-03T01:35:51.467+0600][80.216s][info][gc,heap        ] GC(314) Eden regions: 110->0(428)
[2026-04-03T01:35:51.467+0600][80.216s][info][gc,heap        ] GC(314) Survivor regions: 4->4(54)
[2026-04-03T01:35:51.467+0600][80.216s][info][gc,heap        ] GC(314) Old regions: 45->45
[2026-04-03T01:35:51.467+0600][80.216s][info][gc,heap        ] GC(314) Humongous regions: 88->3
[2026-04-03T01:35:51.467+0600][80.216s][info][gc,metaspace   ] GC(314) Metaspace: 132522K(134016K)->132522K(134016K) NonClass: 115747K(116544K)->115747K(116544K) Class: 16775K(17472K)->16775K(17472K)
[2026-04-03T01:35:51.467+0600][80.216s][info][gc             ] GC(314) Pause Young (Concurrent Start) (G1 Humongous Allocation) 490M->101M(1442M) 5.739ms
[2026-04-03T01:35:51.467+0600][80.216s][info][gc             ] GC(315) Concurrent Undo Cycle
[2026-04-03T01:35:51.467+0600][80.216s][info][gc,cpu         ] GC(314) User=0.04s Sys=0.00s Real=0.00s
[2026-04-03T01:35:51.467+0600][80.216s][info][gc,marking     ] GC(315) Concurrent Clear Claimed Marks
[2026-04-03T01:35:51.468+0600][80.216s][info][gc,marking     ] GC(315) Concurrent Clear Claimed Marks 0.410ms
[2026-04-03T01:35:51.468+0600][80.216s][info][gc,marking     ] GC(315) Concurrent Cleanup for Next Mark
[2026-04-03T01:35:51.468+0600][80.217s][info][gc,marking     ] GC(315) Concurrent Cleanup for Next Mark 0.385ms
[2026-04-03T01:35:51.468+0600][80.217s][info][gc             ] GC(315) Concurrent Undo Cycle 1.008ms
[2026-04-03T01:35:51.965+0600][80.713s][info][gc,start       ] GC(316) Pause Young (Concurrent Start) (G1 Humongous Allocation)
[2026-04-03T01:35:51.965+0600][80.714s][info][gc,task        ] GC(316) Using 10 workers of 10 for evacuation
[2026-04-03T01:35:51.969+0600][80.718s][info][gc,phases      ] GC(316)   Pre Evacuate Collection Set: 0.52ms
[2026-04-03T01:35:51.969+0600][80.718s][info][gc,phases      ] GC(316)   Merge Heap Roots: 0.24ms
[2026-04-03T01:35:51.969+0600][80.718s][info][gc,phases      ] GC(316)   Evacuate Collection Set: 2.50ms
[2026-04-03T01:35:51.969+0600][80.718s][info][gc,phases      ] GC(316)   Post Evacuate Collection Set: 0.78ms
[2026-04-03T01:35:51.969+0600][80.718s][info][gc,phases      ] GC(316)   Other: 0.14ms
[2026-04-03T01:35:51.969+0600][80.718s][info][gc,heap        ] GC(316) Eden regions: 163->0(429)
[2026-04-03T01:35:51.969+0600][80.718s][info][gc,heap        ] GC(316) Survivor regions: 4->3(54)
[2026-04-03T01:35:51.969+0600][80.718s][info][gc,heap        ] GC(316) Old regions: 45->45
[2026-04-03T01:35:51.969+0600][80.718s][info][gc,heap        ] GC(316) Humongous regions: 92->3
[2026-04-03T01:35:51.969+0600][80.718s][info][gc,metaspace   ] GC(316) Metaspace: 132559K(134016K)->132559K(134016K) NonClass: 115777K(116544K)->115777K(116544K) Class: 16781K(17472K)->16781K(17472K)
[2026-04-03T01:35:51.969+0600][80.718s][info][gc             ] GC(316) Pause Young (Concurrent Start) (G1 Humongous Allocation) 605M->99M(1442M) 4.470ms
[2026-04-03T01:35:51.969+0600][80.718s][info][gc             ] GC(317) Concurrent Undo Cycle
[2026-04-03T01:35:51.970+0600][80.718s][info][gc,cpu         ] GC(316) User=0.02s Sys=0.01s Real=0.00s
[2026-04-03T01:35:51.970+0600][80.718s][info][gc,marking     ] GC(317) Concurrent Clear Claimed Marks
[2026-04-03T01:35:51.970+0600][80.718s][info][gc,marking     ] GC(317) Concurrent Clear Claimed Marks 0.397ms
[2026-04-03T01:35:51.970+0600][80.719s][info][gc,marking     ] GC(317) Concurrent Cleanup for Next Mark
[2026-04-03T01:35:51.970+0600][80.719s][info][gc,marking     ] GC(317) Concurrent Cleanup for Next Mark 0.415ms
[2026-04-03T01:35:51.970+0600][80.719s][info][gc             ] GC(317) Concurrent Undo Cycle 1.056ms
[2026-04-03T01:35:52.224+0600][80.973s][info][gc,start       ] GC(318) Pause Young (Concurrent Start) (GCLocker Initiated GC)
[2026-04-03T01:35:52.224+0600][80.973s][info][gc,task        ] GC(318) Using 10 workers of 10 for evacuation
[2026-04-03T01:35:52.228+0600][80.977s][info][gc,phases      ] GC(318)   Pre Evacuate Collection Set: 0.45ms
[2026-04-03T01:35:52.228+0600][80.977s][info][gc,phases      ] GC(318)   Merge Heap Roots: 0.20ms
[2026-04-03T01:35:52.228+0600][80.977s][info][gc,phases      ] GC(318)   Evacuate Collection Set: 2.60ms
[2026-04-03T01:35:52.228+0600][80.977s][info][gc,phases      ] GC(318)   Post Evacuate Collection Set: 0.88ms
[2026-04-03T01:35:52.229+0600][80.977s][info][gc,phases      ] GC(318)   Other: 0.13ms
[2026-04-03T01:35:52.229+0600][80.977s][info][gc,heap        ] GC(318) Eden regions: 118->0(428)
[2026-04-03T01:35:52.229+0600][80.977s][info][gc,heap        ] GC(318) Survivor regions: 3->4(54)
[2026-04-03T01:35:52.229+0600][80.977s][info][gc,heap        ] GC(318) Old regions: 45->45
[2026-04-03T01:35:52.229+0600][80.977s][info][gc,heap        ] GC(318) Humongous regions: 95->3
[2026-04-03T01:35:52.229+0600][80.977s][info][gc,metaspace   ] GC(318) Metaspace: 132559K(134016K)->132559K(134016K) NonClass: 115777K(116544K)->115777K(116544K) Class: 16781K(17472K)->16781K(17472K)
[2026-04-03T01:35:52.229+0600][80.977s][info][gc             ] GC(318) Pause Young (Concurrent Start) (GCLocker Initiated GC) 518M->100M(1442M) 4.569ms
[2026-04-03T01:35:52.229+0600][80.977s][info][gc             ] GC(319) Concurrent Mark Cycle
[2026-04-03T01:35:52.229+0600][80.977s][info][gc,marking     ] GC(319) Concurrent Scan Root Regions
[2026-04-03T01:35:52.229+0600][80.977s][info][gc,cpu         ] GC(318) User=0.03s Sys=0.00s Real=0.00s
[2026-04-03T01:35:52.233+0600][80.981s][info][gc,marking     ] GC(319) Concurrent Scan Root Regions 4.225ms
[2026-04-03T01:35:52.233+0600][80.982s][info][gc,marking     ] GC(319) Concurrent Mark
[2026-04-03T01:35:52.233+0600][80.982s][info][gc,marking     ] GC(319) Concurrent Mark From Roots
[2026-04-03T01:35:52.233+0600][80.982s][info][gc,task        ] GC(319) Using 2 workers of 2 for marking
[2026-04-03T01:35:52.380+0600][81.128s][info][gc,marking     ] GC(319) Concurrent Mark From Roots 146.468ms
[2026-04-03T01:35:52.380+0600][81.128s][info][gc,marking     ] GC(319) Concurrent Preclean
[2026-04-03T01:35:52.380+0600][81.129s][info][gc,marking     ] GC(319) Concurrent Preclean 0.742ms
[2026-04-03T01:35:52.381+0600][81.129s][info][gc,start       ] GC(319) Pause Remark
[2026-04-03T01:35:52.391+0600][81.139s][info][gc             ] GC(319) Pause Remark 300M->300M(648M) 9.988ms
[2026-04-03T01:35:52.391+0600][81.140s][info][gc,cpu         ] GC(319) User=0.08s Sys=0.00s Real=0.01s
[2026-04-03T01:35:52.391+0600][81.140s][info][gc,marking     ] GC(319) Concurrent Mark 158.217ms
[2026-04-03T01:35:52.391+0600][81.140s][info][gc,marking     ] GC(319) Concurrent Rebuild Remembered Sets and Scrub Regions
[2026-04-03T01:35:52.446+0600][81.194s][info][gc,marking     ] GC(319) Concurrent Rebuild Remembered Sets and Scrub Regions 54.491ms
[2026-04-03T01:35:52.446+0600][81.195s][info][gc,start       ] GC(319) Pause Cleanup
[2026-04-03T01:35:52.447+0600][81.195s][info][gc             ] GC(319) Pause Cleanup 350M->350M(648M) 0.299ms
[2026-04-03T01:35:52.447+0600][81.195s][info][gc,cpu         ] GC(319) User=0.00s Sys=0.00s Real=0.00s
[2026-04-03T01:35:52.447+0600][81.195s][info][gc,marking     ] GC(319) Concurrent Clear Claimed Marks
[2026-04-03T01:35:52.447+0600][81.196s][info][gc,marking     ] GC(319) Concurrent Clear Claimed Marks 0.380ms
[2026-04-03T01:35:52.447+0600][81.196s][info][gc,marking     ] GC(319) Concurrent Cleanup for Next Mark
[2026-04-03T01:35:52.451+0600][81.200s][info][gc,marking     ] GC(319) Concurrent Cleanup for Next Mark 4.009ms
[2026-04-03T01:35:52.451+0600][81.200s][info][gc             ] GC(319) Concurrent Mark Cycle 222.624ms
[2026-04-03T01:35:52.725+0600][81.474s][info][gc,start       ] GC(320) Pause Young (Prepare Mixed) (G1 Evacuation Pause)
[2026-04-03T01:35:52.725+0600][81.474s][info][gc,task        ] GC(320) Using 10 workers of 10 for evacuation
[2026-04-03T01:35:52.729+0600][81.478s][info][gc,phases      ] GC(320)   Pre Evacuate Collection Set: 0.38ms
[2026-04-03T01:35:52.730+0600][81.478s][info][gc,phases      ] GC(320)   Merge Heap Roots: 0.16ms
[2026-04-03T01:35:52.730+0600][81.478s][info][gc,phases      ] GC(320)   Evacuate Collection Set: 2.72ms
[2026-04-03T01:35:52.730+0600][81.478s][info][gc,phases      ] GC(320)   Post Evacuate Collection Set: 0.63ms
[2026-04-03T01:35:52.730+0600][81.478s][info][gc,phases      ] GC(320)   Other: 0.10ms
[2026-04-03T01:35:52.730+0600][81.478s][info][gc,heap        ] GC(320) Eden regions: 152->0(193)
[2026-04-03T01:35:52.730+0600][81.478s][info][gc,heap        ] GC(320) Survivor regions: 4->4(25)
[2026-04-03T01:35:52.730+0600][81.478s][info][gc,heap        ] GC(320) Old regions: 45->46
[2026-04-03T01:35:52.730+0600][81.478s][info][gc,heap        ] GC(320) Humongous regions: 123->3
[2026-04-03T01:35:52.730+0600][81.478s][info][gc,metaspace   ] GC(320) Metaspace: 132565K(134016K)->132565K(134016K) NonClass: 115783K(116544K)->115783K(116544K) Class: 16782K(17472K)->16782K(17472K)
[2026-04-03T01:35:52.730+0600][81.478s][info][gc             ] GC(320) Pause Young (Prepare Mixed) (G1 Evacuation Pause) 644M->100M(658M) 4.227ms
[2026-04-03T01:35:52.730+0600][81.478s][info][gc,cpu         ] GC(320) User=0.03s Sys=0.01s Real=0.00s
[2026-04-03T01:35:53.182+0600][81.931s][info][gc,start       ] GC(321) Pause Young (Mixed) (G1 Evacuation Pause)
[2026-04-03T01:35:53.183+0600][81.931s][info][gc,task        ] GC(321) Using 10 workers of 10 for evacuation
[2026-04-03T01:35:53.189+0600][81.937s][info][gc,phases      ] GC(321)   Pre Evacuate Collection Set: 0.45ms
[2026-04-03T01:35:53.189+0600][81.937s][info][gc,phases      ] GC(321)   Merge Heap Roots: 0.21ms
[2026-04-03T01:35:53.189+0600][81.937s][info][gc,phases      ] GC(321)   Evacuate Collection Set: 4.41ms
[2026-04-03T01:35:53.189+0600][81.937s][info][gc,phases      ] GC(321)   Post Evacuate Collection Set: 0.81ms
[2026-04-03T01:35:53.189+0600][81.937s][info][gc,phases      ] GC(321)   Other: 0.12ms
[2026-04-03T01:35:53.189+0600][81.937s][info][gc,heap        ] GC(321) Eden regions: 146->0(195)
[2026-04-03T01:35:53.189+0600][81.937s][info][gc,heap        ] GC(321) Survivor regions: 4->5(25)
[2026-04-03T01:35:53.189+0600][81.937s][info][gc,heap        ] GC(321) Old regions: 46->45
[2026-04-03T01:35:53.189+0600][81.937s][info][gc,heap        ] GC(321) Humongous regions: 133->3
[2026-04-03T01:35:53.189+0600][81.937s][info][gc,metaspace   ] GC(321) Metaspace: 132569K(134016K)->132569K(134016K) NonClass: 115787K(116544K)->115787K(116544K) Class: 16782K(17472K)->16782K(17472K)
[2026-04-03T01:35:53.189+0600][81.937s][info][gc             ] GC(321) Pause Young (Mixed) (G1 Evacuation Pause) 652M->102M(668M) 6.512ms
[2026-04-03T01:35:53.189+0600][81.938s][info][gc,cpu         ] GC(321) User=0.03s Sys=0.01s Real=0.00s
[2026-04-03T01:35:53.190+0600][81.938s][info][gc,start       ] GC(322) Pause Young (Concurrent Start) (G1 Humongous Allocation)
[2026-04-03T01:35:53.190+0600][81.938s][info][gc,task        ] GC(322) Using 10 workers of 10 for evacuation
[2026-04-03T01:35:53.193+0600][81.942s][info][gc,phases      ] GC(322)   Pre Evacuate Collection Set: 0.27ms
[2026-04-03T01:35:53.193+0600][81.942s][info][gc,phases      ] GC(322)   Merge Heap Roots: 0.10ms
[2026-04-03T01:35:53.193+0600][81.942s][info][gc,phases      ] GC(322)   Evacuate Collection Set: 2.48ms
[2026-04-03T01:35:53.194+0600][81.942s][info][gc,phases      ] GC(322)   Post Evacuate Collection Set: 0.55ms
[2026-04-03T01:35:53.194+0600][81.942s][info][gc,phases      ] GC(322)   Other: 0.18ms
[2026-04-03T01:35:53.194+0600][81.942s][info][gc,heap        ] GC(322) Eden regions: 2->0(195)
[2026-04-03T01:35:53.194+0600][81.942s][info][gc,heap        ] GC(322) Survivor regions: 5->5(25)
[2026-04-03T01:35:53.194+0600][81.942s][info][gc,heap        ] GC(322) Old regions: 45->45
[2026-04-03T01:35:53.194+0600][81.942s][info][gc,heap        ] GC(322) Humongous regions: 3->3
[2026-04-03T01:35:53.194+0600][81.942s][info][gc,metaspace   ] GC(322) Metaspace: 132569K(134016K)->132569K(134016K) NonClass: 115787K(116544K)->115787K(116544K) Class: 16782K(17472K)->16782K(17472K)
[2026-04-03T01:35:53.194+0600][81.942s][info][gc             ] GC(322) Pause Young (Concurrent Start) (G1 Humongous Allocation) 106M->103M(668M) 3.842ms
[2026-04-03T01:35:53.194+0600][81.942s][info][gc             ] GC(323) Concurrent Mark Cycle
[2026-04-03T01:35:53.194+0600][81.942s][info][gc,marking     ] GC(323) Concurrent Scan Root Regions
[2026-04-03T01:35:53.194+0600][81.942s][info][gc,cpu         ] GC(322) User=0.02s Sys=0.00s Real=0.00s
[2026-04-03T01:35:53.198+0600][81.946s][info][gc,marking     ] GC(323) Concurrent Scan Root Regions 3.869ms
[2026-04-03T01:35:53.198+0600][81.946s][info][gc,marking     ] GC(323) Concurrent Mark
[2026-04-03T01:35:53.198+0600][81.946s][info][gc,marking     ] GC(323) Concurrent Mark From Roots
[2026-04-03T01:35:53.198+0600][81.946s][info][gc,task        ] GC(323) Using 2 workers of 2 for marking
[2026-04-03T01:35:53.318+0600][82.067s][info][gc,start       ] GC(324) Pause Young (Normal) (G1 Evacuation Pause)
[2026-04-03T01:35:53.318+0600][82.067s][info][gc,task        ] GC(324) Using 10 workers of 10 for evacuation
[2026-04-03T01:35:53.324+0600][82.072s][info][gc,phases      ] GC(324)   Pre Evacuate Collection Set: 0.38ms
[2026-04-03T01:35:53.324+0600][82.072s][info][gc,phases      ] GC(324)   Merge Heap Roots: 0.26ms
[2026-04-03T01:35:53.324+0600][82.072s][info][gc,phases      ] GC(324)   Evacuate Collection Set: 3.39ms
[2026-04-03T01:35:53.324+0600][82.072s][info][gc,phases      ] GC(324)   Post Evacuate Collection Set: 1.04ms
[2026-04-03T01:35:53.324+0600][82.072s][info][gc,phases      ] GC(324)   Other: 0.10ms
[2026-04-03T01:35:53.324+0600][82.072s][info][gc,heap        ] GC(324) Eden regions: 37->0(236)
[2026-04-03T01:35:53.324+0600][82.072s][info][gc,heap        ] GC(324) Survivor regions: 5->4(28)
[2026-04-03T01:35:53.324+0600][82.072s][info][gc,heap        ] GC(324) Old regions: 45->45
[2026-04-03T01:35:53.324+0600][82.072s][info][gc,heap        ] GC(324) Humongous regions: 309->12
[2026-04-03T01:35:53.324+0600][82.072s][info][gc,metaspace   ] GC(324) Metaspace: 132571K(134016K)->132571K(134016K) NonClass: 115789K(116544K)->115789K(116544K) Class: 16782K(17472K)->16782K(17472K)
[2026-04-03T01:35:53.324+0600][82.072s][info][gc             ] GC(324) Pause Young (Normal) (G1 Evacuation Pause) 789M->119M(800M) 5.578ms
[2026-04-03T01:35:53.324+0600][82.072s][info][gc,cpu         ] GC(324) User=0.03s Sys=0.01s Real=0.01s
[2026-04-03T01:35:53.336+0600][82.084s][info][gc,marking     ] GC(323) Concurrent Mark From Roots 138.136ms
[2026-04-03T01:35:53.336+0600][82.084s][info][gc,marking     ] GC(323) Concurrent Preclean
[2026-04-03T01:35:53.337+0600][82.085s][info][gc,marking     ] GC(323) Concurrent Preclean 0.679ms
[2026-04-03T01:35:53.337+0600][82.086s][info][gc,start       ] GC(323) Pause Remark
[2026-04-03T01:35:53.346+0600][82.094s][info][gc             ] GC(323) Pause Remark 188M->188M(614M) 8.524ms
[2026-04-03T01:35:53.346+0600][82.094s][info][gc,cpu         ] GC(323) User=0.06s Sys=0.00s Real=0.01s
[2026-04-03T01:35:53.346+0600][82.094s][info][gc,marking     ] GC(323) Concurrent Mark 148.287ms
[2026-04-03T01:35:53.346+0600][82.095s][info][gc,marking     ] GC(323) Concurrent Rebuild Remembered Sets and Scrub Regions
[2026-04-03T01:35:53.396+0600][82.145s][info][gc,marking     ] GC(323) Concurrent Rebuild Remembered Sets and Scrub Regions 50.342ms
[2026-04-03T01:35:53.397+0600][82.145s][info][gc,start       ] GC(323) Pause Cleanup
[2026-04-03T01:35:53.397+0600][82.146s][info][gc             ] GC(323) Pause Cleanup 261M->261M(614M) 0.273ms
[2026-04-03T01:35:53.397+0600][82.146s][info][gc,cpu         ] GC(323) User=0.00s Sys=0.00s Real=0.00s
[2026-04-03T01:35:53.397+0600][82.146s][info][gc,marking     ] GC(323) Concurrent Clear Claimed Marks
[2026-04-03T01:35:53.397+0600][82.146s][info][gc,marking     ] GC(323) Concurrent Clear Claimed Marks 0.265ms
[2026-04-03T01:35:53.397+0600][82.146s][info][gc,marking     ] GC(323) Concurrent Cleanup for Next Mark
[2026-04-03T01:35:53.399+0600][82.147s][info][gc,marking     ] GC(323) Concurrent Cleanup for Next Mark 1.244ms
[2026-04-03T01:35:53.399+0600][82.147s][info][gc             ] GC(323) Concurrent Mark Cycle 205.163ms
[2026-04-03T01:35:53.801+0600][82.549s][info][gc,start       ] GC(325) Pause Young (Prepare Mixed) (GCLocker Initiated GC)
[2026-04-03T01:35:53.801+0600][82.549s][info][gc,task        ] GC(325) Using 10 workers of 10 for evacuation
[2026-04-03T01:35:53.806+0600][82.554s][info][gc,phases      ] GC(325)   Pre Evacuate Collection Set: 0.32ms
[2026-04-03T01:35:53.806+0600][82.554s][info][gc,phases      ] GC(325)   Merge Heap Roots: 0.23ms
[2026-04-03T01:35:53.806+0600][82.554s][info][gc,phases      ] GC(325)   Evacuate Collection Set: 3.61ms
[2026-04-03T01:35:53.806+0600][82.554s][info][gc,phases      ] GC(325)   Post Evacuate Collection Set: 0.70ms
[2026-04-03T01:35:53.806+0600][82.555s][info][gc,phases      ] GC(325)   Other: 0.11ms
[2026-04-03T01:35:53.806+0600][82.555s][info][gc,heap        ] GC(325) Eden regions: 149->0(183)
[2026-04-03T01:35:53.806+0600][82.555s][info][gc,heap        ] GC(325) Survivor regions: 4->4(23)
[2026-04-03T01:35:53.806+0600][82.555s][info][gc,heap        ] GC(325) Old regions: 45->46
[2026-04-03T01:35:53.806+0600][82.555s][info][gc,heap        ] GC(325) Humongous regions: 110->3
[2026-04-03T01:35:53.806+0600][82.555s][info][gc,metaspace   ] GC(325) Metaspace: 132585K(134016K)->132585K(134016K) NonClass: 115803K(116544K)->115803K(116544K) Class: 16782K(17472K)->16782K(17472K)
[2026-04-03T01:35:53.806+0600][82.555s][info][gc             ] GC(325) Pause Young (Prepare Mixed) (GCLocker Initiated GC) 613M->100M(626M) 5.243ms
[2026-04-03T01:35:53.806+0600][82.555s][info][gc,cpu         ] GC(325) User=0.03s Sys=0.01s Real=0.00s
[2026-04-03T01:35:54.139+0600][82.887s][info][gc,start       ] GC(326) Pause Young (Mixed) (GCLocker Initiated GC)
[2026-04-03T01:35:54.139+0600][82.887s][info][gc,task        ] GC(326) Using 10 workers of 10 for evacuation
[2026-04-03T01:35:54.147+0600][82.895s][info][gc,phases      ] GC(326)   Pre Evacuate Collection Set: 0.38ms
[2026-04-03T01:35:54.147+0600][82.895s][info][gc,phases      ] GC(326)   Merge Heap Roots: 0.39ms
[2026-04-03T01:35:54.147+0600][82.895s][info][gc,phases      ] GC(326)   Evacuate Collection Set: 5.35ms
[2026-04-03T01:35:54.147+0600][82.895s][info][gc,phases      ] GC(326)   Post Evacuate Collection Set: 1.30ms
[2026-04-03T01:35:54.147+0600][82.895s][info][gc,phases      ] GC(326)   Other: 0.13ms
[2026-04-03T01:35:54.147+0600][82.895s][info][gc,heap        ] GC(326) Eden regions: 142->0(225)
[2026-04-03T01:35:54.147+0600][82.895s][info][gc,heap        ] GC(326) Survivor regions: 4->4(24)
[2026-04-03T01:35:54.147+0600][82.895s][info][gc,heap        ] GC(326) Old regions: 46->45
[2026-04-03T01:35:54.147+0600][82.895s][info][gc,heap        ] GC(326) Humongous regions: 122->3
[2026-04-03T01:35:54.147+0600][82.895s][info][gc,metaspace   ] GC(326) Metaspace: 132585K(134016K)->132585K(134016K) NonClass: 115803K(116544K)->115803K(116544K) Class: 16782K(17472K)->16782K(17472K)
[2026-04-03T01:35:54.147+0600][82.895s][info][gc             ] GC(326) Pause Young (Mixed) (GCLocker Initiated GC) 622M->102M(764M) 8.044ms
[2026-04-03T01:35:54.147+0600][82.895s][info][gc,cpu         ] GC(326) User=0.04s Sys=0.02s Real=0.01s
[2026-04-03T01:35:54.235+0600][82.984s][info][gc,start       ] GC(327) Pause Young (Concurrent Start) (G1 Humongous Allocation)
[2026-04-03T01:35:54.235+0600][82.984s][info][gc,task        ] GC(327) Using 10 workers of 10 for evacuation
[2026-04-03T01:35:54.240+0600][82.988s][info][gc,phases      ] GC(327)   Pre Evacuate Collection Set: 0.44ms
[2026-04-03T01:35:54.240+0600][82.988s][info][gc,phases      ] GC(327)   Merge Heap Roots: 0.20ms
[2026-04-03T01:35:54.240+0600][82.988s][info][gc,phases      ] GC(327)   Evacuate Collection Set: 2.63ms
[2026-04-03T01:35:54.240+0600][82.988s][info][gc,phases      ] GC(327)   Post Evacuate Collection Set: 0.70ms
[2026-04-03T01:35:54.240+0600][82.988s][info][gc,phases      ] GC(327)   Other: 0.26ms
[2026-04-03T01:35:54.240+0600][82.988s][info][gc,heap        ] GC(327) Eden regions: 34->0(226)
[2026-04-03T01:35:54.240+0600][82.988s][info][gc,heap        ] GC(327) Survivor regions: 4->3(29)
[2026-04-03T01:35:54.240+0600][82.988s][info][gc,heap        ] GC(327) Old regions: 45->45
[2026-04-03T01:35:54.240+0600][82.988s][info][gc,heap        ] GC(327) Humongous regions: 31->3
[2026-04-03T01:35:54.240+0600][82.988s][info][gc,metaspace   ] GC(327) Metaspace: 132585K(134016K)->132585K(134016K) NonClass: 115803K(116544K)->115803K(116544K) Class: 16782K(17472K)->16782K(17472K)
[2026-04-03T01:35:54.240+0600][82.988s][info][gc             ] GC(327) Pause Young (Concurrent Start) (G1 Humongous Allocation) 225M->99M(764M) 4.591ms
[2026-04-03T01:35:54.240+0600][82.988s][info][gc             ] GC(328) Concurrent Undo Cycle
[2026-04-03T01:35:54.240+0600][82.989s][info][gc,cpu         ] GC(327) User=0.03s Sys=0.01s Real=0.01s
[2026-04-03T01:35:54.240+0600][82.989s][info][gc,marking     ] GC(328) Concurrent Clear Claimed Marks
[2026-04-03T01:35:54.240+0600][82.989s][info][gc,marking     ] GC(328) Concurrent Clear Claimed Marks 0.347ms
[2026-04-03T01:35:54.241+0600][82.989s][info][gc,marking     ] GC(328) Concurrent Cleanup for Next Mark
[2026-04-03T01:35:54.241+0600][82.989s][info][gc,marking     ] GC(328) Concurrent Cleanup for Next Mark 0.287ms
[2026-04-03T01:35:54.241+0600][82.989s][info][gc             ] GC(328) Concurrent Undo Cycle 0.832ms
[2026-04-03T01:35:54.248+0600][82.996s][info][gc,start       ] GC(329) Pause Young (Concurrent Start) (G1 Humongous Allocation)
[2026-04-03T01:35:54.248+0600][82.996s][info][gc,task        ] GC(329) Using 10 workers of 10 for evacuation
[2026-04-03T01:35:54.251+0600][82.999s][info][gc,phases      ] GC(329)   Pre Evacuate Collection Set: 0.46ms
[2026-04-03T01:35:54.251+0600][82.999s][info][gc,phases      ] GC(329)   Merge Heap Roots: 0.12ms
[2026-04-03T01:35:54.251+0600][82.999s][info][gc,phases      ] GC(329)   Evacuate Collection Set: 1.72ms
[2026-04-03T01:35:54.251+0600][82.999s][info][gc,phases      ] GC(329)   Post Evacuate Collection Set: 0.53ms
[2026-04-03T01:35:54.251+0600][82.999s][info][gc,phases      ] GC(329)   Other: 0.20ms
[2026-04-03T01:35:54.251+0600][82.999s][info][gc,heap        ] GC(329) Eden regions: 2->0(226)
[2026-04-03T01:35:54.251+0600][82.999s][info][gc,heap        ] GC(329) Survivor regions: 3->3(29)
[2026-04-03T01:35:54.251+0600][82.999s][info][gc,heap        ] GC(329) Old regions: 45->45
[2026-04-03T01:35:54.251+0600][82.999s][info][gc,heap        ] GC(329) Humongous regions: 4->3
[2026-04-03T01:35:54.251+0600][82.999s][info][gc,metaspace   ] GC(329) Metaspace: 132585K(134016K)->132585K(134016K) NonClass: 115803K(116544K)->115803K(116544K) Class: 16782K(17472K)->16782K(17472K)
[2026-04-03T01:35:54.251+0600][82.999s][info][gc             ] GC(329) Pause Young (Concurrent Start) (G1 Humongous Allocation) 104M->99M(764M) 3.329ms
[2026-04-03T01:35:54.251+0600][82.999s][info][gc             ] GC(330) Concurrent Mark Cycle
[2026-04-03T01:35:54.251+0600][82.999s][info][gc,marking     ] GC(330) Concurrent Scan Root Regions
[2026-04-03T01:35:54.251+0600][82.999s][info][gc,cpu         ] GC(329) User=0.01s Sys=0.00s Real=0.01s
[2026-04-03T01:35:54.253+0600][83.001s][info][gc,marking     ] GC(330) Concurrent Scan Root Regions 2.038ms
[2026-04-03T01:35:54.253+0600][83.002s][info][gc,marking     ] GC(330) Concurrent Mark
[2026-04-03T01:35:54.253+0600][83.002s][info][gc,marking     ] GC(330) Concurrent Mark From Roots
[2026-04-03T01:35:54.253+0600][83.002s][info][gc,task        ] GC(330) Using 2 workers of 2 for marking
[2026-04-03T01:35:54.402+0600][83.151s][info][gc,marking     ] GC(330) Concurrent Mark From Roots 148.955ms
[2026-04-03T01:35:54.402+0600][83.151s][info][gc,marking     ] GC(330) Concurrent Preclean
[2026-04-03T01:35:54.403+0600][83.152s][info][gc,marking     ] GC(330) Concurrent Preclean 0.899ms
[2026-04-03T01:35:54.404+0600][83.152s][info][gc,start       ] GC(330) Pause Remark
[2026-04-03T01:35:54.413+0600][83.161s][info][gc             ] GC(330) Pause Remark 289M->289M(594M) 9.002ms
[2026-04-03T01:35:54.413+0600][83.161s][info][gc,cpu         ] GC(330) User=0.06s Sys=0.00s Real=0.01s
[2026-04-03T01:35:54.413+0600][83.161s][info][gc,marking     ] GC(330) Concurrent Mark 159.896ms
[2026-04-03T01:35:54.413+0600][83.162s][info][gc,marking     ] GC(330) Concurrent Rebuild Remembered Sets and Scrub Regions
[2026-04-03T01:35:54.463+0600][83.212s][info][gc,marking     ] GC(330) Concurrent Rebuild Remembered Sets and Scrub Regions 50.252ms
[2026-04-03T01:35:54.464+0600][83.212s][info][gc,start       ] GC(330) Pause Cleanup
[2026-04-03T01:35:54.464+0600][83.213s][info][gc             ] GC(330) Pause Cleanup 355M->355M(594M) 0.306ms
[2026-04-03T01:35:54.464+0600][83.213s][info][gc,cpu         ] GC(330) User=0.00s Sys=0.00s Real=0.00s
[2026-04-03T01:35:54.464+0600][83.213s][info][gc,marking     ] GC(330) Concurrent Clear Claimed Marks
[2026-04-03T01:35:54.465+0600][83.213s][info][gc,marking     ] GC(330) Concurrent Clear Claimed Marks 0.442ms
[2026-04-03T01:35:54.465+0600][83.213s][info][gc,marking     ] GC(330) Concurrent Cleanup for Next Mark
[2026-04-03T01:35:54.466+0600][83.215s][info][gc,marking     ] GC(330) Concurrent Cleanup for Next Mark 1.590ms
[2026-04-03T01:35:54.467+0600][83.215s][info][gc             ] GC(330) Concurrent Mark Cycle 215.619ms
[2026-04-03T01:35:54.703+0600][83.452s][info][gc,start       ] GC(331) Pause Young (Prepare Mixed) (G1 Evacuation Pause)
[2026-04-03T01:35:54.703+0600][83.452s][info][gc,task        ] GC(331) Using 10 workers of 10 for evacuation
[2026-04-03T01:35:54.709+0600][83.457s][info][gc,phases      ] GC(331)   Pre Evacuate Collection Set: 0.22ms
[2026-04-03T01:35:54.709+0600][83.457s][info][gc,phases      ] GC(331)   Merge Heap Roots: 0.13ms
[2026-04-03T01:35:54.709+0600][83.457s][info][gc,phases      ] GC(331)   Evacuate Collection Set: 4.44ms
[2026-04-03T01:35:54.709+0600][83.457s][info][gc,phases      ] GC(331)   Post Evacuate Collection Set: 0.67ms
[2026-04-03T01:35:54.709+0600][83.457s][info][gc,phases      ] GC(331)   Other: 0.08ms
[2026-04-03T01:35:54.709+0600][83.457s][info][gc,heap        ] GC(331) Eden regions: 146->0(178)
[2026-04-03T01:35:54.709+0600][83.457s][info][gc,heap        ] GC(331) Survivor regions: 3->5(23)
[2026-04-03T01:35:54.709+0600][83.457s][info][gc,heap        ] GC(331) Old regions: 45->46
[2026-04-03T01:35:54.709+0600][83.457s][info][gc,heap        ] GC(331) Humongous regions: 106->3
[2026-04-03T01:35:54.709+0600][83.457s][info][gc,metaspace   ] GC(331) Metaspace: 132585K(134016K)->132585K(134016K) NonClass: 115803K(116544K)->115803K(116544K) Class: 16782K(17472K)->16782K(17472K)
[2026-04-03T01:35:54.709+0600][83.458s][info][gc             ] GC(331) Pause Young (Prepare Mixed) (G1 Evacuation Pause) 597M->103M(612M) 5.806ms
[2026-04-03T01:35:54.709+0600][83.458s][info][gc,cpu         ] GC(331) User=0.03s Sys=0.01s Real=0.00s
[2026-04-03T01:35:54.970+0600][83.718s][info][gc,start       ] GC(332) Pause Young (Mixed) (G1 Evacuation Pause)
[2026-04-03T01:35:54.970+0600][83.718s][info][gc,task        ] GC(332) Using 10 workers of 10 for evacuation
[2026-04-03T01:35:54.976+0600][83.725s][info][gc,phases      ] GC(332)   Pre Evacuate Collection Set: 0.33ms
[2026-04-03T01:35:54.976+0600][83.725s][info][gc,phases      ] GC(332)   Merge Heap Roots: 0.19ms
[2026-04-03T01:35:54.976+0600][83.725s][info][gc,phases      ] GC(332)   Evacuate Collection Set: 4.91ms
[2026-04-03T01:35:54.976+0600][83.725s][info][gc,phases      ] GC(332)   Post Evacuate Collection Set: 0.89ms
[2026-04-03T01:35:54.976+0600][83.725s][info][gc,phases      ] GC(332)   Other: 0.13ms
[2026-04-03T01:35:54.976+0600][83.725s][info][gc,heap        ] GC(332) Eden regions: 113->0(188)
[2026-04-03T01:35:54.976+0600][83.725s][info][gc,heap        ] GC(332) Survivor regions: 5->5(24)
[2026-04-03T01:35:54.976+0600][83.725s][info][gc,heap        ] GC(332) Old regions: 46->45
[2026-04-03T01:35:54.976+0600][83.725s][info][gc,heap        ] GC(332) Humongous regions: 154->9
[2026-04-03T01:35:54.976+0600][83.725s][info][gc,metaspace   ] GC(332) Metaspace: 132589K(134016K)->132589K(134016K) NonClass: 115807K(116544K)->115807K(116544K) Class: 16782K(17472K)->16782K(17472K)
[2026-04-03T01:35:54.976+0600][83.725s][info][gc             ] GC(332) Pause Young (Mixed) (G1 Evacuation Pause) 631M->115M(646M) 6.732ms
[2026-04-03T01:35:54.977+0600][83.725s][info][gc,cpu         ] GC(332) User=0.04s Sys=0.02s Real=0.01s
[2026-04-03T01:35:54.977+0600][83.726s][info][gc,start       ] GC(333) Pause Young (Concurrent Start) (G1 Humongous Allocation)
[2026-04-03T01:35:54.977+0600][83.726s][info][gc,task        ] GC(333) Using 10 workers of 10 for evacuation
[2026-04-03T01:35:54.981+0600][83.729s][info][gc,phases      ] GC(333)   Pre Evacuate Collection Set: 0.34ms
[2026-04-03T01:35:54.981+0600][83.729s][info][gc,phases      ] GC(333)   Merge Heap Roots: 0.09ms
[2026-04-03T01:35:54.981+0600][83.729s][info][gc,phases      ] GC(333)   Evacuate Collection Set: 2.13ms
[2026-04-03T01:35:54.981+0600][83.729s][info][gc,phases      ] GC(333)   Post Evacuate Collection Set: 0.43ms
[2026-04-03T01:35:54.981+0600][83.729s][info][gc,phases      ] GC(333)   Other: 0.15ms
[2026-04-03T01:35:54.981+0600][83.729s][info][gc,heap        ] GC(333) Eden regions: 2->0(188)
[2026-04-03T01:35:54.981+0600][83.729s][info][gc,heap        ] GC(333) Survivor regions: 5->5(25)
[2026-04-03T01:35:54.981+0600][83.729s][info][gc,heap        ] GC(333) Old regions: 45->45
[2026-04-03T01:35:54.981+0600][83.729s][info][gc,heap        ] GC(333) Humongous regions: 9->3
[2026-04-03T01:35:54.981+0600][83.729s][info][gc,metaspace   ] GC(333) Metaspace: 132589K(134016K)->132589K(134016K) NonClass: 115807K(116544K)->115807K(116544K) Class: 16782K(17472K)->16782K(17472K)
[2026-04-03T01:35:54.981+0600][83.729s][info][gc             ] GC(333) Pause Young (Concurrent Start) (G1 Humongous Allocation) 118M->103M(646M) 3.404ms
[2026-04-03T01:35:54.981+0600][83.729s][info][gc             ] GC(334) Concurrent Mark Cycle
[2026-04-03T01:35:54.981+0600][83.729s][info][gc,marking     ] GC(334) Concurrent Scan Root Regions
[2026-04-03T01:35:54.981+0600][83.729s][info][gc,cpu         ] GC(333) User=0.02s Sys=0.00s Real=0.01s
[2026-04-03T01:35:54.983+0600][83.732s][info][gc,marking     ] GC(334) Concurrent Scan Root Regions 2.274ms
[2026-04-03T01:35:54.983+0600][83.732s][info][gc,marking     ] GC(334) Concurrent Mark
[2026-04-03T01:35:54.983+0600][83.732s][info][gc,marking     ] GC(334) Concurrent Mark From Roots
[2026-04-03T01:35:54.983+0600][83.732s][info][gc,task        ] GC(334) Using 2 workers of 2 for marking
[2026-04-03T01:35:55.095+0600][83.844s][info][gc,start       ] GC(335) Pause Young (Normal) (G1 Evacuation Pause)
[2026-04-03T01:35:55.095+0600][83.844s][info][gc,task        ] GC(335) Using 10 workers of 10 for evacuation
[2026-04-03T01:35:55.099+0600][83.848s][info][gc,phases      ] GC(335)   Pre Evacuate Collection Set: 0.31ms
[2026-04-03T01:35:55.099+0600][83.848s][info][gc,phases      ] GC(335)   Merge Heap Roots: 0.22ms
[2026-04-03T01:35:55.099+0600][83.848s][info][gc,phases      ] GC(335)   Evacuate Collection Set: 2.78ms
[2026-04-03T01:35:55.099+0600][83.848s][info][gc,phases      ] GC(335)   Post Evacuate Collection Set: 0.77ms
[2026-04-03T01:35:55.099+0600][83.848s][info][gc,phases      ] GC(335)   Other: 0.09ms
[2026-04-03T01:35:55.099+0600][83.848s][info][gc,heap        ] GC(335) Eden regions: 34->0(199)
[2026-04-03T01:35:55.099+0600][83.848s][info][gc,heap        ] GC(335) Survivor regions: 5->3(25)
[2026-04-03T01:35:55.100+0600][83.848s][info][gc,heap        ] GC(335) Old regions: 45->45
[2026-04-03T01:35:55.100+0600][83.848s][info][gc,heap        ] GC(335) Humongous regions: 250->6
[2026-04-03T01:35:55.100+0600][83.848s][info][gc,metaspace   ] GC(335) Metaspace: 132590K(134016K)->132590K(134016K) NonClass: 115808K(116544K)->115808K(116544K) Class: 16782K(17472K)->16782K(17472K)
[2026-04-03T01:35:55.100+0600][83.848s][info][gc             ] GC(335) Pause Young (Normal) (G1 Evacuation Pause) 665M->106M(674M) 4.488ms
[2026-04-03T01:35:55.100+0600][83.848s][info][gc,cpu         ] GC(335) User=0.03s Sys=0.01s Real=0.00s
[2026-04-03T01:35:55.117+0600][83.865s][info][gc,marking     ] GC(334) Concurrent Mark From Roots 133.347ms
[2026-04-03T01:35:55.117+0600][83.865s][info][gc,marking     ] GC(334) Concurrent Preclean
[2026-04-03T01:35:55.117+0600][83.866s][info][gc,marking     ] GC(334) Concurrent Preclean 0.648ms
[2026-04-03T01:35:55.118+0600][83.866s][info][gc,start       ] GC(334) Pause Remark
[2026-04-03T01:35:55.126+0600][83.875s][info][gc             ] GC(334) Pause Remark 213M->213M(674M) 8.366ms
[2026-04-03T01:35:55.126+0600][83.875s][info][gc,cpu         ] GC(334) User=0.06s Sys=0.01s Real=0.01s
[2026-04-03T01:35:55.126+0600][83.875s][info][gc,marking     ] GC(334) Concurrent Mark 143.178ms
[2026-04-03T01:35:55.127+0600][83.875s][info][gc,marking     ] GC(334) Concurrent Rebuild Remembered Sets and Scrub Regions
[2026-04-03T01:35:55.176+0600][83.925s][info][gc,marking     ] GC(334) Concurrent Rebuild Remembered Sets and Scrub Regions 49.795ms
[2026-04-03T01:35:55.177+0600][83.925s][info][gc,start       ] GC(334) Pause Cleanup
[2026-04-03T01:35:55.177+0600][83.926s][info][gc             ] GC(334) Pause Cleanup 277M->277M(674M) 0.344ms
[2026-04-03T01:35:55.177+0600][83.926s][info][gc,cpu         ] GC(334) User=0.00s Sys=0.00s Real=0.00s
[2026-04-03T01:35:55.177+0600][83.926s][info][gc,marking     ] GC(334) Concurrent Clear Claimed Marks
[2026-04-03T01:35:55.178+0600][83.926s][info][gc,marking     ] GC(334) Concurrent Clear Claimed Marks 0.350ms
[2026-04-03T01:35:55.178+0600][83.926s][info][gc,marking     ] GC(334) Concurrent Cleanup for Next Mark
[2026-04-03T01:35:55.179+0600][83.928s][info][gc,marking     ] GC(334) Concurrent Cleanup for Next Mark 1.534ms
[2026-04-03T01:35:55.179+0600][83.928s][info][gc             ] GC(334) Concurrent Mark Cycle 198.345ms
[2026-04-03T01:35:55.655+0600][84.404s][info][gc,start       ] GC(336) Pause Young (Prepare Mixed) (G1 Evacuation Pause)
[2026-04-03T01:35:55.655+0600][84.404s][info][gc,task        ] GC(336) Using 10 workers of 10 for evacuation
[2026-04-03T01:35:55.659+0600][84.408s][info][gc,phases      ] GC(336)   Pre Evacuate Collection Set: 0.42ms
[2026-04-03T01:35:55.659+0600][84.408s][info][gc,phases      ] GC(336)   Merge Heap Roots: 0.16ms
[2026-04-03T01:35:55.659+0600][84.408s][info][gc,phases      ] GC(336)   Evacuate Collection Set: 2.44ms
[2026-04-03T01:35:55.659+0600][84.408s][info][gc,phases      ] GC(336)   Post Evacuate Collection Set: 0.76ms
[2026-04-03T01:35:55.659+0600][84.408s][info][gc,phases      ] GC(336)   Other: 0.10ms
[2026-04-03T01:35:55.659+0600][84.408s][info][gc,heap        ] GC(336) Eden regions: 161->0(206)
[2026-04-03T01:35:55.659+0600][84.408s][info][gc,heap        ] GC(336) Survivor regions: 3->3(26)
[2026-04-03T01:35:55.659+0600][84.408s][info][gc,heap        ] GC(336) Old regions: 45->45
[2026-04-03T01:35:55.659+0600][84.408s][info][gc,heap        ] GC(336) Humongous regions: 137->3
[2026-04-03T01:35:55.659+0600][84.408s][info][gc,metaspace   ] GC(336) Metaspace: 132597K(134080K)->132597K(134080K) NonClass: 115815K(116608K)->115815K(116608K) Class: 16782K(17472K)->16782K(17472K)
[2026-04-03T01:35:55.659+0600][84.408s][info][gc             ] GC(336) Pause Young (Prepare Mixed) (G1 Evacuation Pause) 690M->99M(698M) 4.162ms
[2026-04-03T01:35:55.659+0600][84.408s][info][gc,cpu         ] GC(336) User=0.02s Sys=0.01s Real=0.00s
[2026-04-03T01:35:56.079+0600][84.827s][info][gc,start       ] GC(337) Pause Young (Mixed) (GCLocker Initiated GC)
[2026-04-03T01:35:56.079+0600][84.828s][info][gc,task        ] GC(337) Using 10 workers of 10 for evacuation
[2026-04-03T01:35:56.086+0600][84.835s][info][gc,phases      ] GC(337)   Pre Evacuate Collection Set: 0.41ms
[2026-04-03T01:35:56.086+0600][84.835s][info][gc,phases      ] GC(337)   Merge Heap Roots: 0.29ms
[2026-04-03T01:35:56.086+0600][84.835s][info][gc,phases      ] GC(337)   Evacuate Collection Set: 5.34ms
[2026-04-03T01:35:56.086+0600][84.835s][info][gc,phases      ] GC(337)   Post Evacuate Collection Set: 0.93ms
[2026-04-03T01:35:56.086+0600][84.835s][info][gc,phases      ] GC(337)   Other: 0.14ms
[2026-04-03T01:35:56.086+0600][84.835s][info][gc,heap        ] GC(337) Eden regions: 166->0(208)
[2026-04-03T01:35:56.086+0600][84.835s][info][gc,heap        ] GC(337) Survivor regions: 3->4(27)
[2026-04-03T01:35:56.086+0600][84.835s][info][gc,heap        ] GC(337) Old regions: 45->45
[2026-04-03T01:35:56.086+0600][84.835s][info][gc,heap        ] GC(337) Humongous regions: 135->3
[2026-04-03T01:35:56.086+0600][84.835s][info][gc,metaspace   ] GC(337) Metaspace: 132597K(134080K)->132597K(134080K) NonClass: 115815K(116608K)->115815K(116608K) Class: 16782K(17472K)->16782K(17472K)
[2026-04-03T01:35:56.086+0600][84.835s][info][gc             ] GC(337) Pause Young (Mixed) (GCLocker Initiated GC) 695M->102M(708M) 7.446ms
[2026-04-03T01:35:56.086+0600][84.835s][info][gc,cpu         ] GC(337) User=0.05s Sys=0.01s Real=0.01s
[2026-04-03T01:35:56.093+0600][84.841s][info][gc,start       ] GC(338) Pause Young (Concurrent Start) (G1 Humongous Allocation)
[2026-04-03T01:35:56.093+0600][84.842s][info][gc,task        ] GC(338) Using 10 workers of 10 for evacuation
[2026-04-03T01:35:56.098+0600][84.846s][info][gc,phases      ] GC(338)   Pre Evacuate Collection Set: 0.46ms
[2026-04-03T01:35:56.098+0600][84.847s][info][gc,phases      ] GC(338)   Merge Heap Roots: 0.23ms
[2026-04-03T01:35:56.098+0600][84.847s][info][gc,phases      ] GC(338)   Evacuate Collection Set: 2.94ms
[2026-04-03T01:35:56.098+0600][84.847s][info][gc,phases      ] GC(338)   Post Evacuate Collection Set: 0.99ms
[2026-04-03T01:35:56.098+0600][84.847s][info][gc,phases      ] GC(338)   Other: 0.22ms
[2026-04-03T01:35:56.098+0600][84.847s][info][gc,heap        ] GC(338) Eden regions: 7->0(208)
[2026-04-03T01:35:56.098+0600][84.847s][info][gc,heap        ] GC(338) Survivor regions: 4->4(27)
[2026-04-03T01:35:56.098+0600][84.847s][info][gc,heap        ] GC(338) Old regions: 45->45
[2026-04-03T01:35:56.098+0600][84.847s][info][gc,heap        ] GC(338) Humongous regions: 3->3
[2026-04-03T01:35:56.098+0600][84.847s][info][gc,metaspace   ] GC(338) Metaspace: 132597K(134080K)->132597K(134080K) NonClass: 115815K(116608K)->115815K(116608K) Class: 16782K(17472K)->16782K(17472K)
[2026-04-03T01:35:56.098+0600][84.847s][info][gc             ] GC(338) Pause Young (Concurrent Start) (G1 Humongous Allocation) 116M->102M(708M) 5.186ms
[2026-04-03T01:35:56.098+0600][84.847s][info][gc             ] GC(339) Concurrent Mark Cycle
[2026-04-03T01:35:56.098+0600][84.847s][info][gc,cpu         ] GC(338) User=0.03s Sys=0.01s Real=0.00s
[2026-04-03T01:35:56.098+0600][84.847s][info][gc,marking     ] GC(339) Concurrent Scan Root Regions
[2026-04-03T01:35:56.103+0600][84.852s][info][gc,marking     ] GC(339) Concurrent Scan Root Regions 4.941ms
[2026-04-03T01:35:56.103+0600][84.852s][info][gc,marking     ] GC(339) Concurrent Mark
[2026-04-03T01:35:56.103+0600][84.852s][info][gc,marking     ] GC(339) Concurrent Mark From Roots
[2026-04-03T01:35:56.103+0600][84.852s][info][gc,task        ] GC(339) Using 2 workers of 2 for marking
[2026-04-03T01:35:56.255+0600][85.003s][info][gc,marking     ] GC(339) Concurrent Mark From Roots 151.123ms
[2026-04-03T01:35:56.255+0600][85.003s][info][gc,marking     ] GC(339) Concurrent Preclean
[2026-04-03T01:35:56.256+0600][85.004s][info][gc,marking     ] GC(339) Concurrent Preclean 0.949ms
[2026-04-03T01:35:56.256+0600][85.004s][info][gc,start       ] GC(339) Pause Remark
[2026-04-03T01:35:56.265+0600][85.014s][info][gc             ] GC(339) Pause Remark 282M->282M(640M) 9.412ms
[2026-04-03T01:35:56.266+0600][85.014s][info][gc,cpu         ] GC(339) User=0.07s Sys=0.00s Real=0.01s
[2026-04-03T01:35:56.266+0600][85.014s][info][gc,marking     ] GC(339) Concurrent Mark 162.405ms
[2026-04-03T01:35:56.266+0600][85.014s][info][gc,marking     ] GC(339) Concurrent Rebuild Remembered Sets and Scrub Regions
[2026-04-03T01:35:56.321+0600][85.070s][info][gc,marking     ] GC(339) Concurrent Rebuild Remembered Sets and Scrub Regions 55.288ms
[2026-04-03T01:35:56.322+0600][85.070s][info][gc,start       ] GC(339) Pause Cleanup
[2026-04-03T01:35:56.322+0600][85.070s][info][gc             ] GC(339) Pause Cleanup 330M->330M(640M) 0.266ms
[2026-04-03T01:35:56.322+0600][85.070s][info][gc,cpu         ] GC(339) User=0.00s Sys=0.00s Real=0.00s
[2026-04-03T01:35:56.322+0600][85.071s][info][gc,marking     ] GC(339) Concurrent Clear Claimed Marks
[2026-04-03T01:35:56.322+0600][85.071s][info][gc,marking     ] GC(339) Concurrent Clear Claimed Marks 0.297ms
[2026-04-03T01:35:56.322+0600][85.071s][info][gc,marking     ] GC(339) Concurrent Cleanup for Next Mark
[2026-04-03T01:35:56.323+0600][85.072s][info][gc,marking     ] GC(339) Concurrent Cleanup for Next Mark 0.955ms
[2026-04-03T01:35:56.323+0600][85.072s][info][gc             ] GC(339) Concurrent Mark Cycle 225.123ms
[2026-04-03T01:35:56.645+0600][85.393s][info][gc,start       ] GC(340) Pause Young (Prepare Mixed) (G1 Evacuation Pause)
[2026-04-03T01:35:56.645+0600][85.393s][info][gc,task        ] GC(340) Using 10 workers of 10 for evacuation
[2026-04-03T01:35:56.651+0600][85.400s][info][gc,phases      ] GC(340)   Pre Evacuate Collection Set: 0.30ms
[2026-04-03T01:35:56.652+0600][85.400s][info][gc,phases      ] GC(340)   Merge Heap Roots: 0.26ms
[2026-04-03T01:35:56.652+0600][85.400s][info][gc,phases      ] GC(340)   Evacuate Collection Set: 4.86ms
[2026-04-03T01:35:56.652+0600][85.400s][info][gc,phases      ] GC(340)   Post Evacuate Collection Set: 1.11ms
[2026-04-03T01:35:56.652+0600][85.400s][info][gc,phases      ] GC(340)   Other: 0.20ms
[2026-04-03T01:35:56.652+0600][85.400s][info][gc,heap        ] GC(340) Eden regions: 165->0(190)
[2026-04-03T01:35:56.652+0600][85.400s][info][gc,heap        ] GC(340) Survivor regions: 4->5(24)
[2026-04-03T01:35:56.652+0600][85.400s][info][gc,heap        ] GC(340) Old regions: 45->46
[2026-04-03T01:35:56.652+0600][85.400s][info][gc,heap        ] GC(340) Humongous regions: 106->3
[2026-04-03T01:35:56.652+0600][85.400s][info][gc,metaspace   ] GC(340) Metaspace: 132600K(134080K)->132600K(134080K) NonClass: 115818K(116608K)->115818K(116608K) Class: 16782K(17472K)->16782K(17472K)
[2026-04-03T01:35:56.652+0600][85.400s][info][gc             ] GC(340) Pause Young (Prepare Mixed) (G1 Evacuation Pause) 638M->103M(652M) 7.056ms
[2026-04-03T01:35:56.652+0600][85.400s][info][gc,cpu         ] GC(340) User=0.04s Sys=0.02s Real=0.01s
[2026-04-03T01:35:56.838+0600][85.587s][info][gc,start       ] GC(341) Pause Young (Mixed) (G1 Evacuation Pause)
[2026-04-03T01:35:56.838+0600][85.587s][info][gc,task        ] GC(341) Using 10 workers of 10 for evacuation
[2026-04-03T01:35:56.844+0600][85.593s][info][gc,phases      ] GC(341)   Pre Evacuate Collection Set: 0.25ms
[2026-04-03T01:35:56.844+0600][85.593s][info][gc,phases      ] GC(341)   Merge Heap Roots: 0.17ms
[2026-04-03T01:35:56.844+0600][85.593s][info][gc,phases      ] GC(341)   Evacuate Collection Set: 4.90ms
[2026-04-03T01:35:56.844+0600][85.593s][info][gc,phases      ] GC(341)   Post Evacuate Collection Set: 0.73ms
[2026-04-03T01:35:56.844+0600][85.593s][info][gc,phases      ] GC(341)   Other: 0.10ms
[2026-04-03T01:35:56.844+0600][85.593s][info][gc,heap        ] GC(341) Eden regions: 84->0(199)
[2026-04-03T01:35:56.844+0600][85.593s][info][gc,heap        ] GC(341) Survivor regions: 5->5(25)
[2026-04-03T01:35:56.844+0600][85.593s][info][gc,heap        ] GC(341) Old regions: 46->45
[2026-04-03T01:35:56.844+0600][85.593s][info][gc,heap        ] GC(341) Humongous regions: 200->12
[2026-04-03T01:35:56.844+0600][85.593s][info][gc,metaspace   ] GC(341) Metaspace: 132601K(134080K)->132601K(134080K) NonClass: 115819K(116608K)->115819K(116608K) Class: 16782K(17472K)->16782K(17472K)
[2026-04-03T01:35:56.845+0600][85.593s][info][gc             ] GC(341) Pause Young (Mixed) (G1 Evacuation Pause) 665M->121M(680M) 6.427ms
[2026-04-03T01:35:56.845+0600][85.593s][info][gc,cpu         ] GC(341) User=0.02s Sys=0.03s Real=0.01s
[2026-04-03T01:35:56.845+0600][85.594s][info][gc,start       ] GC(342) Pause Young (Concurrent Start) (G1 Humongous Allocation)
[2026-04-03T01:35:56.846+0600][85.594s][info][gc,task        ] GC(342) Using 10 workers of 10 for evacuation
[2026-04-03T01:35:56.849+0600][85.598s][info][gc,phases      ] GC(342)   Pre Evacuate Collection Set: 0.28ms
[2026-04-03T01:35:56.849+0600][85.598s][info][gc,phases      ] GC(342)   Merge Heap Roots: 0.10ms
[2026-04-03T01:35:56.849+0600][85.598s][info][gc,phases      ] GC(342)   Evacuate Collection Set: 2.08ms
[2026-04-03T01:35:56.849+0600][85.598s][info][gc,phases      ] GC(342)   Post Evacuate Collection Set: 1.10ms
[2026-04-03T01:35:56.849+0600][85.598s][info][gc,phases      ] GC(342)   Other: 0.16ms
[2026-04-03T01:35:56.849+0600][85.598s][info][gc,heap        ] GC(342) Eden regions: 2->0(238)
[2026-04-03T01:35:56.849+0600][85.598s][info][gc,heap        ] GC(342) Survivor regions: 5->5(26)
[2026-04-03T01:35:56.849+0600][85.598s][info][gc,heap        ] GC(342) Old regions: 45->45
[2026-04-03T01:35:56.849+0600][85.598s][info][gc,heap        ] GC(342) Humongous regions: 12->3
[2026-04-03T01:35:56.849+0600][85.598s][info][gc,metaspace   ] GC(342) Metaspace: 132601K(134080K)->132601K(134080K) NonClass: 115819K(116608K)->115819K(116608K) Class: 16782K(17472K)->16782K(17472K)
[2026-04-03T01:35:56.849+0600][85.598s][info][gc             ] GC(342) Pause Young (Concurrent Start) (G1 Humongous Allocation) 124M->103M(810M) 3.948ms
[2026-04-03T01:35:56.849+0600][85.598s][info][gc             ] GC(343) Concurrent Undo Cycle
[2026-04-03T01:35:56.850+0600][85.598s][info][gc,cpu         ] GC(342) User=0.02s Sys=0.00s Real=0.00s
[2026-04-03T01:35:56.850+0600][85.598s][info][gc,marking     ] GC(343) Concurrent Clear Claimed Marks
[2026-04-03T01:35:56.850+0600][85.598s][info][gc,marking     ] GC(343) Concurrent Clear Claimed Marks 0.373ms
[2026-04-03T01:35:56.850+0600][85.598s][info][gc,marking     ] GC(343) Concurrent Cleanup for Next Mark
[2026-04-03T01:35:56.850+0600][85.599s][info][gc,marking     ] GC(343) Concurrent Cleanup for Next Mark 0.341ms
[2026-04-03T01:35:56.850+0600][85.599s][info][gc             ] GC(343) Concurrent Undo Cycle 0.956ms
[2026-04-03T01:35:56.852+0600][85.601s][info][gc,start       ] GC(344) Pause Young (Concurrent Start) (G1 Humongous Allocation)
[2026-04-03T01:35:56.852+0600][85.601s][info][gc,task        ] GC(344) Using 10 workers of 10 for evacuation
[2026-04-03T01:35:56.857+0600][85.605s][info][gc,phases      ] GC(344)   Pre Evacuate Collection Set: 0.32ms
[2026-04-03T01:35:56.857+0600][85.605s][info][gc,phases      ] GC(344)   Merge Heap Roots: 0.09ms
[2026-04-03T01:35:56.857+0600][85.605s][info][gc,phases      ] GC(344)   Evacuate Collection Set: 3.17ms
[2026-04-03T01:35:56.857+0600][85.605s][info][gc,phases      ] GC(344)   Post Evacuate Collection Set: 0.73ms
[2026-04-03T01:35:56.857+0600][85.605s][info][gc,phases      ] GC(344)   Other: 0.13ms
[2026-04-03T01:35:56.857+0600][85.605s][info][gc,heap        ] GC(344) Eden regions: 3->0(238)
[2026-04-03T01:35:56.857+0600][85.605s][info][gc,heap        ] GC(344) Survivor regions: 5->5(31)
[2026-04-03T01:35:56.857+0600][85.605s][info][gc,heap        ] GC(344) Old regions: 45->45
[2026-04-03T01:35:56.857+0600][85.605s][info][gc,heap        ] GC(344) Humongous regions: 15->6
[2026-04-03T01:35:56.857+0600][85.605s][info][gc,metaspace   ] GC(344) Metaspace: 132601K(134080K)->132601K(134080K) NonClass: 115819K(116608K)->115819K(116608K) Class: 16782K(17472K)->16782K(17472K)
[2026-04-03T01:35:56.857+0600][85.605s][info][gc             ] GC(344) Pause Young (Concurrent Start) (G1 Humongous Allocation) 131M->109M(810M) 4.751ms
[2026-04-03T01:35:56.857+0600][85.605s][info][gc             ] GC(345) Concurrent Undo Cycle
[2026-04-03T01:35:56.857+0600][85.605s][info][gc,cpu         ] GC(344) User=0.03s Sys=0.02s Real=0.00s
[2026-04-03T01:35:56.857+0600][85.605s][info][gc,marking     ] GC(345) Concurrent Clear Claimed Marks
[2026-04-03T01:35:56.857+0600][85.606s][info][gc,marking     ] GC(345) Concurrent Clear Claimed Marks 0.379ms
[2026-04-03T01:35:56.857+0600][85.606s][info][gc,marking     ] GC(345) Concurrent Cleanup for Next Mark
[2026-04-03T01:35:56.858+0600][85.607s][info][gc,marking     ] GC(345) Concurrent Cleanup for Next Mark 0.744ms
[2026-04-03T01:35:56.858+0600][85.607s][info][gc             ] GC(345) Concurrent Undo Cycle 1.399ms
[2026-04-03T01:35:56.859+0600][85.607s][info][gc,start       ] GC(346) Pause Young (Concurrent Start) (G1 Humongous Allocation)
[2026-04-03T01:35:56.859+0600][85.607s][info][gc,task        ] GC(346) Using 10 workers of 10 for evacuation
[2026-04-03T01:35:56.863+0600][85.612s][info][gc,phases      ] GC(346)   Pre Evacuate Collection Set: 0.36ms
[2026-04-03T01:35:56.863+0600][85.612s][info][gc,phases      ] GC(346)   Merge Heap Roots: 0.09ms
[2026-04-03T01:35:56.863+0600][85.612s][info][gc,phases      ] GC(346)   Evacuate Collection Set: 2.97ms
[2026-04-03T01:35:56.863+0600][85.612s][info][gc,phases      ] GC(346)   Post Evacuate Collection Set: 0.79ms
[2026-04-03T01:35:56.863+0600][85.612s][info][gc,phases      ] GC(346)   Other: 0.08ms
[2026-04-03T01:35:56.863+0600][85.612s][info][gc,heap        ] GC(346) Eden regions: 2->0(238)
[2026-04-03T01:35:56.863+0600][85.612s][info][gc,heap        ] GC(346) Survivor regions: 5->5(31)
[2026-04-03T01:35:56.863+0600][85.612s][info][gc,heap        ] GC(346) Old regions: 45->45
[2026-04-03T01:35:56.863+0600][85.612s][info][gc,heap        ] GC(346) Humongous regions: 12->6
[2026-04-03T01:35:56.863+0600][85.612s][info][gc,metaspace   ] GC(346) Metaspace: 132601K(134080K)->132601K(134080K) NonClass: 115819K(116608K)->115819K(116608K) Class: 16782K(17472K)->16782K(17472K)
[2026-04-03T01:35:56.863+0600][85.612s][info][gc             ] GC(346) Pause Young (Concurrent Start) (G1 Humongous Allocation) 123M->109M(810M) 4.535ms
[2026-04-03T01:35:56.864+0600][85.612s][info][gc,cpu         ] GC(346) User=0.03s Sys=0.00s Real=0.01s
[2026-04-03T01:35:56.864+0600][85.612s][info][gc             ] GC(347) Concurrent Mark Cycle
[2026-04-03T01:35:56.864+0600][85.612s][info][gc,marking     ] GC(347) Concurrent Scan Root Regions
[2026-04-03T01:35:56.868+0600][85.616s][info][gc,marking     ] GC(347) Concurrent Scan Root Regions 3.777ms
[2026-04-03T01:35:56.868+0600][85.616s][info][gc,marking     ] GC(347) Concurrent Mark
[2026-04-03T01:35:56.868+0600][85.616s][info][gc,marking     ] GC(347) Concurrent Mark From Roots
[2026-04-03T01:35:56.868+0600][85.616s][info][gc,task        ] GC(347) Using 2 workers of 2 for marking
[2026-04-03T01:35:56.986+0600][85.735s][info][gc,marking     ] GC(347) Concurrent Mark From Roots 118.568ms
[2026-04-03T01:35:56.986+0600][85.735s][info][gc,marking     ] GC(347) Concurrent Preclean
[2026-04-03T01:35:56.987+0600][85.736s][info][gc,marking     ] GC(347) Concurrent Preclean 0.718ms
[2026-04-03T01:35:56.987+0600][85.736s][info][gc,start       ] GC(347) Pause Remark
[2026-04-03T01:35:56.997+0600][85.745s][info][gc             ] GC(347) Pause Remark 650M->650M(948M) 9.596ms
[2026-04-03T01:35:56.997+0600][85.746s][info][gc,cpu         ] GC(347) User=0.07s Sys=0.00s Real=0.01s
[2026-04-03T01:35:56.997+0600][85.746s][info][gc,marking     ] GC(347) Concurrent Mark 129.630ms
[2026-04-03T01:35:56.997+0600][85.746s][info][gc,marking     ] GC(347) Concurrent Rebuild Remembered Sets and Scrub Regions
[2026-04-03T01:35:57.040+0600][85.788s][info][gc,marking     ] GC(347) Concurrent Rebuild Remembered Sets and Scrub Regions 42.319ms
[2026-04-03T01:35:57.040+0600][85.788s][info][gc,start       ] GC(347) Pause Cleanup
[2026-04-03T01:35:57.040+0600][85.789s][info][gc             ] GC(347) Pause Cleanup 695M->695M(948M) 0.278ms
[2026-04-03T01:35:57.040+0600][85.789s][info][gc,cpu         ] GC(347) User=0.00s Sys=0.00s Real=0.00s
[2026-04-03T01:35:57.040+0600][85.789s][info][gc,marking     ] GC(347) Concurrent Clear Claimed Marks
[2026-04-03T01:35:57.041+0600][85.789s][info][gc,marking     ] GC(347) Concurrent Clear Claimed Marks 0.258ms
[2026-04-03T01:35:57.041+0600][85.789s][info][gc,marking     ] GC(347) Concurrent Cleanup for Next Mark
[2026-04-03T01:35:57.044+0600][85.792s][info][gc,marking     ] GC(347) Concurrent Cleanup for Next Mark 2.906ms
[2026-04-03T01:35:57.044+0600][85.792s][info][gc             ] GC(347) Concurrent Mark Cycle 179.974ms
[2026-04-03T01:35:57.432+0600][86.180s][info][gc,start       ] GC(348) Pause Young (Prepare Mixed) (G1 Evacuation Pause)
[2026-04-03T01:35:57.432+0600][86.180s][info][gc,task        ] GC(348) Using 10 workers of 10 for evacuation
[2026-04-03T01:35:57.435+0600][86.184s][info][gc,phases      ] GC(348)   Pre Evacuate Collection Set: 0.35ms
[2026-04-03T01:35:57.435+0600][86.184s][info][gc,phases      ] GC(348)   Merge Heap Roots: 0.21ms
[2026-04-03T01:35:57.435+0600][86.184s][info][gc,phases      ] GC(348)   Evacuate Collection Set: 2.06ms
[2026-04-03T01:35:57.435+0600][86.184s][info][gc,phases      ] GC(348)   Post Evacuate Collection Set: 0.60ms
[2026-04-03T01:35:57.435+0600][86.184s][info][gc,phases      ] GC(348)   Other: 0.07ms
[2026-04-03T01:35:57.435+0600][86.184s][info][gc,heap        ] GC(348) Eden regions: 143->0(283)
[2026-04-03T01:35:57.435+0600][86.184s][info][gc,heap        ] GC(348) Survivor regions: 5->3(34)
[2026-04-03T01:35:57.435+0600][86.184s][info][gc,heap        ] GC(348) Old regions: 45->46
[2026-04-03T01:35:57.435+0600][86.184s][info][gc,heap        ] GC(348) Humongous regions: 281->3
[2026-04-03T01:35:57.435+0600][86.184s][info][gc,metaspace   ] GC(348) Metaspace: 132605K(134080K)->132605K(134080K) NonClass: 115823K(116608K)->115823K(116608K) Class: 16782K(17472K)->16782K(17472K)
[2026-04-03T01:35:57.435+0600][86.184s][info][gc             ] GC(348) Pause Young (Prepare Mixed) (G1 Evacuation Pause) 945M->99M(956M) 3.518ms
[2026-04-03T01:35:57.435+0600][86.184s][info][gc,cpu         ] GC(348) User=0.02s Sys=0.01s Real=0.00s
[2026-04-03T01:35:58.014+0600][86.763s][info][gc,start       ] GC(349) Pause Young (Mixed) (G1 Evacuation Pause)
[2026-04-03T01:35:58.014+0600][86.763s][info][gc,task        ] GC(349) Using 10 workers of 10 for evacuation
[2026-04-03T01:35:58.020+0600][86.768s][info][gc,phases      ] GC(349)   Pre Evacuate Collection Set: 0.36ms
[2026-04-03T01:35:58.020+0600][86.769s][info][gc,phases      ] GC(349)   Merge Heap Roots: 0.25ms
[2026-04-03T01:35:58.020+0600][86.769s][info][gc,phases      ] GC(349)   Evacuate Collection Set: 3.58ms
[2026-04-03T01:35:58.020+0600][86.769s][info][gc,phases      ] GC(349)   Post Evacuate Collection Set: 1.22ms
[2026-04-03T01:35:58.020+0600][86.769s][info][gc,phases      ] GC(349)   Other: 0.12ms
[2026-04-03T01:35:58.020+0600][86.769s][info][gc,heap        ] GC(349) Eden regions: 241->0(286)
[2026-04-03T01:35:58.020+0600][86.769s][info][gc,heap        ] GC(349) Survivor regions: 3->3(36)
[2026-04-03T01:35:58.020+0600][86.769s][info][gc,heap        ] GC(349) Old regions: 46->45
[2026-04-03T01:35:58.020+0600][86.769s][info][gc,heap        ] GC(349) Humongous regions: 190->3
[2026-04-03T01:35:58.020+0600][86.769s][info][gc,metaspace   ] GC(349) Metaspace: 132605K(134080K)->132605K(134080K) NonClass: 115823K(116608K)->115823K(116608K) Class: 16782K(17472K)->16782K(17472K)
[2026-04-03T01:35:58.020+0600][86.769s][info][gc             ] GC(349) Pause Young (Mixed) (G1 Evacuation Pause) 955M->100M(966M) 5.872ms
[2026-04-03T01:35:58.020+0600][86.769s][info][gc,cpu         ] GC(349) User=0.03s Sys=0.02s Real=0.01s
[2026-04-03T01:35:58.025+0600][86.774s][info][gc,start       ] GC(350) Pause Young (Concurrent Start) (G1 Humongous Allocation)
[2026-04-03T01:35:58.025+0600][86.774s][info][gc,task        ] GC(350) Using 10 workers of 10 for evacuation
[2026-04-03T01:35:58.029+0600][86.778s][info][gc,phases      ] GC(350)   Pre Evacuate Collection Set: 0.48ms
[2026-04-03T01:35:58.029+0600][86.778s][info][gc,phases      ] GC(350)   Merge Heap Roots: 0.19ms
[2026-04-03T01:35:58.029+0600][86.778s][info][gc,phases      ] GC(350)   Evacuate Collection Set: 2.20ms
[2026-04-03T01:35:58.029+0600][86.778s][info][gc,phases      ] GC(350)   Post Evacuate Collection Set: 1.01ms
[2026-04-03T01:35:58.030+0600][86.778s][info][gc,phases      ] GC(350)   Other: 0.22ms
[2026-04-03T01:35:58.030+0600][86.778s][info][gc,heap        ] GC(350) Eden regions: 1->0(286)
[2026-04-03T01:35:58.030+0600][86.778s][info][gc,heap        ] GC(350) Survivor regions: 3->3(37)
[2026-04-03T01:35:58.030+0600][86.778s][info][gc,heap        ] GC(350) Old regions: 45->45
[2026-04-03T01:35:58.030+0600][86.778s][info][gc,heap        ] GC(350) Humongous regions: 3->3
[2026-04-03T01:35:58.030+0600][86.778s][info][gc,metaspace   ] GC(350) Metaspace: 132605K(134080K)->132605K(134080K) NonClass: 115823K(116608K)->115823K(116608K) Class: 16782K(17472K)->16782K(17472K)
[2026-04-03T01:35:58.030+0600][86.778s][info][gc             ] GC(350) Pause Young (Concurrent Start) (G1 Humongous Allocation) 101M->100M(966M) 4.394ms
[2026-04-03T01:35:58.030+0600][86.778s][info][gc             ] GC(351) Concurrent Mark Cycle
[2026-04-03T01:35:58.030+0600][86.778s][info][gc,cpu         ] GC(350) User=0.02s Sys=0.00s Real=0.01s
[2026-04-03T01:35:58.030+0600][86.778s][info][gc,marking     ] GC(351) Concurrent Scan Root Regions
[2026-04-03T01:35:58.032+0600][86.781s][info][gc,marking     ] GC(351) Concurrent Scan Root Regions 2.378ms
[2026-04-03T01:35:58.032+0600][86.781s][info][gc,marking     ] GC(351) Concurrent Mark
[2026-04-03T01:35:58.032+0600][86.781s][info][gc,marking     ] GC(351) Concurrent Mark From Roots
[2026-04-03T01:35:58.032+0600][86.781s][info][gc,task        ] GC(351) Using 2 workers of 2 for marking
[2026-04-03T01:35:58.174+0600][86.923s][info][gc,marking     ] GC(351) Concurrent Mark From Roots 142.114ms
[2026-04-03T01:35:58.174+0600][86.923s][info][gc,marking     ] GC(351) Concurrent Preclean
[2026-04-03T01:35:58.175+0600][86.924s][info][gc,marking     ] GC(351) Concurrent Preclean 0.684ms
[2026-04-03T01:35:58.176+0600][86.924s][info][gc,start       ] GC(351) Pause Remark
[2026-04-03T01:35:58.185+0600][86.933s][info][gc             ] GC(351) Pause Remark 279M->279M(580M) 9.228ms
[2026-04-03T01:35:58.185+0600][86.933s][info][gc,cpu         ] GC(351) User=0.07s Sys=0.00s Real=0.01s
[2026-04-03T01:35:58.185+0600][86.934s][info][gc,marking     ] GC(351) Concurrent Mark 152.954ms
[2026-04-03T01:35:58.185+0600][86.934s][info][gc,marking     ] GC(351) Concurrent Rebuild Remembered Sets and Scrub Regions
[2026-04-03T01:35:58.245+0600][86.993s][info][gc,marking     ] GC(351) Concurrent Rebuild Remembered Sets and Scrub Regions 59.286ms
[2026-04-03T01:35:58.245+0600][86.993s][info][gc,start       ] GC(351) Pause Cleanup
[2026-04-03T01:35:58.245+0600][86.994s][info][gc             ] GC(351) Pause Cleanup 325M->325M(580M) 0.316ms
[2026-04-03T01:35:58.245+0600][86.994s][info][gc,cpu         ] GC(351) User=0.00s Sys=0.00s Real=0.00s
[2026-04-03T01:35:58.246+0600][86.994s][info][gc,marking     ] GC(351) Concurrent Clear Claimed Marks
[2026-04-03T01:35:58.246+0600][86.994s][info][gc,marking     ] GC(351) Concurrent Clear Claimed Marks 0.411ms
[2026-04-03T01:35:58.246+0600][86.994s][info][gc,marking     ] GC(351) Concurrent Cleanup for Next Mark
[2026-04-03T01:35:58.247+0600][86.996s][info][gc,marking     ] GC(351) Concurrent Cleanup for Next Mark 1.346ms
[2026-04-03T01:35:58.247+0600][86.996s][info][gc             ] GC(351) Concurrent Mark Cycle 217.756ms
[2026-04-03T01:35:58.506+0600][87.255s][info][gc,start       ] GC(352) Pause Young (Prepare Mixed) (G1 Evacuation Pause)
[2026-04-03T01:35:58.506+0600][87.255s][info][gc,task        ] GC(352) Using 10 workers of 10 for evacuation
[2026-04-03T01:35:58.512+0600][87.261s][info][gc,phases      ] GC(352)   Pre Evacuate Collection Set: 0.51ms
[2026-04-03T01:35:58.512+0600][87.261s][info][gc,phases      ] GC(352)   Merge Heap Roots: 0.22ms
[2026-04-03T01:35:58.512+0600][87.261s][info][gc,phases      ] GC(352)   Evacuate Collection Set: 4.36ms
[2026-04-03T01:35:58.512+0600][87.261s][info][gc,phases      ] GC(352)   Post Evacuate Collection Set: 0.93ms
[2026-04-03T01:35:58.512+0600][87.261s][info][gc,phases      ] GC(352)   Other: 0.10ms
[2026-04-03T01:35:58.512+0600][87.261s][info][gc,heap        ] GC(352) Eden regions: 154->0(173)
[2026-04-03T01:35:58.512+0600][87.261s][info][gc,heap        ] GC(352) Survivor regions: 3->4(22)
[2026-04-03T01:35:58.513+0600][87.261s][info][gc,heap        ] GC(352) Old regions: 45->46
[2026-04-03T01:35:58.513+0600][87.261s][info][gc,heap        ] GC(352) Humongous regions: 88->3
[2026-04-03T01:35:58.513+0600][87.261s][info][gc,metaspace   ] GC(352) Metaspace: 132605K(134080K)->132605K(134080K) NonClass: 115823K(116608K)->115823K(116608K) Class: 16782K(17472K)->16782K(17472K)
[2026-04-03T01:35:58.513+0600][87.261s][info][gc             ] GC(352) Pause Young (Prepare Mixed) (G1 Evacuation Pause) 578M->103M(590M) 6.405ms
[2026-04-03T01:35:58.513+0600][87.261s][info][gc,cpu         ] GC(352) User=0.03s Sys=0.01s Real=0.01s
[2026-04-03T01:35:58.700+0600][87.449s][info][gc,start       ] GC(353) Pause Young (Mixed) (G1 Evacuation Pause)
[2026-04-03T01:35:58.700+0600][87.449s][info][gc,task        ] GC(353) Using 10 workers of 10 for evacuation
[2026-04-03T01:35:58.705+0600][87.454s][info][gc,phases      ] GC(353)   Pre Evacuate Collection Set: 0.30ms
[2026-04-03T01:35:58.705+0600][87.454s][info][gc,phases      ] GC(353)   Merge Heap Roots: 0.12ms
[2026-04-03T01:35:58.705+0600][87.454s][info][gc,phases      ] GC(353)   Evacuate Collection Set: 3.85ms
[2026-04-03T01:35:58.705+0600][87.454s][info][gc,phases      ] GC(353)   Post Evacuate Collection Set: 0.58ms
[2026-04-03T01:35:58.705+0600][87.454s][info][gc,phases      ] GC(353)   Other: 0.09ms
[2026-04-03T01:35:58.705+0600][87.454s][info][gc,heap        ] GC(353) Eden regions: 80->0(185)
[2026-04-03T01:35:58.705+0600][87.454s][info][gc,heap        ] GC(353) Survivor regions: 4->5(23)
[2026-04-03T01:35:58.705+0600][87.454s][info][gc,heap        ] GC(353) Old regions: 46->45
[2026-04-03T01:35:58.705+0600][87.454s][info][gc,heap        ] GC(353) Humongous regions: 183->9
[2026-04-03T01:35:58.705+0600][87.454s][info][gc,metaspace   ] GC(353) Metaspace: 132606K(134080K)->132606K(134080K) NonClass: 115824K(116608K)->115824K(116608K) Class: 16782K(17472K)->16782K(17472K)
[2026-04-03T01:35:58.705+0600][87.454s][info][gc             ] GC(353) Pause Young (Mixed) (G1 Evacuation Pause) 623M->116M(636M) 5.186ms
[2026-04-03T01:35:58.705+0600][87.454s][info][gc,cpu         ] GC(353) User=0.03s Sys=0.01s Real=0.00s
[2026-04-03T01:35:58.706+0600][87.455s][info][gc,start       ] GC(354) Pause Young (Concurrent Start) (G1 Humongous Allocation)
[2026-04-03T01:35:58.706+0600][87.455s][info][gc,task        ] GC(354) Using 10 workers of 10 for evacuation
[2026-04-03T01:35:58.709+0600][87.457s][info][gc,phases      ] GC(354)   Pre Evacuate Collection Set: 0.24ms
[2026-04-03T01:35:58.709+0600][87.458s][info][gc,phases      ] GC(354)   Merge Heap Roots: 0.07ms
[2026-04-03T01:35:58.709+0600][87.458s][info][gc,phases      ] GC(354)   Evacuate Collection Set: 2.00ms
[2026-04-03T01:35:58.709+0600][87.458s][info][gc,phases      ] GC(354)   Post Evacuate Collection Set: 0.53ms
[2026-04-03T01:35:58.709+0600][87.458s][info][gc,phases      ] GC(354)   Other: 0.09ms
[2026-04-03T01:35:58.709+0600][87.458s][info][gc,heap        ] GC(354) Eden regions: 2->0(184)
[2026-04-03T01:35:58.709+0600][87.458s][info][gc,heap        ] GC(354) Survivor regions: 5->6(24)
[2026-04-03T01:35:58.709+0600][87.458s][info][gc,heap        ] GC(354) Old regions: 45->45
[2026-04-03T01:35:58.709+0600][87.458s][info][gc,heap        ] GC(354) Humongous regions: 9->3
[2026-04-03T01:35:58.709+0600][87.458s][info][gc,metaspace   ] GC(354) Metaspace: 132606K(134080K)->132606K(134080K) NonClass: 115824K(116608K)->115824K(116608K) Class: 16782K(17472K)->16782K(17472K)
[2026-04-03T01:35:58.709+0600][87.458s][info][gc             ] GC(354) Pause Young (Concurrent Start) (G1 Humongous Allocation) 120M->104M(636M) 3.155ms
[2026-04-03T01:35:58.709+0600][87.458s][info][gc             ] GC(355) Concurrent Mark Cycle
[2026-04-03T01:35:58.709+0600][87.458s][info][gc,cpu         ] GC(354) User=0.03s Sys=0.00s Real=0.00s
[2026-04-03T01:35:58.709+0600][87.458s][info][gc,marking     ] GC(355) Concurrent Scan Root Regions
[2026-04-03T01:35:58.713+0600][87.461s][info][gc,marking     ] GC(355) Concurrent Scan Root Regions 3.418ms
[2026-04-03T01:35:58.713+0600][87.461s][info][gc,marking     ] GC(355) Concurrent Mark
[2026-04-03T01:35:58.713+0600][87.461s][info][gc,marking     ] GC(355) Concurrent Mark From Roots
[2026-04-03T01:35:58.713+0600][87.461s][info][gc,task        ] GC(355) Using 2 workers of 2 for marking
[2026-04-03T01:35:58.826+0600][87.575s][info][gc,start       ] GC(356) Pause Young (Normal) (G1 Evacuation Pause)
[2026-04-03T01:35:58.826+0600][87.575s][info][gc,task        ] GC(356) Using 10 workers of 10 for evacuation
[2026-04-03T01:35:58.832+0600][87.581s][info][gc,phases      ] GC(356)   Pre Evacuate Collection Set: 0.39ms
[2026-04-03T01:35:58.832+0600][87.581s][info][gc,phases      ] GC(356)   Merge Heap Roots: 0.19ms
[2026-04-03T01:35:58.832+0600][87.581s][info][gc,phases      ] GC(356)   Evacuate Collection Set: 2.11ms
[2026-04-03T01:35:58.832+0600][87.581s][info][gc,phases      ] GC(356)   Post Evacuate Collection Set: 3.38ms
[2026-04-03T01:35:58.832+0600][87.581s][info][gc,phases      ] GC(356)   Other: 0.08ms
[2026-04-03T01:35:58.832+0600][87.581s][info][gc,heap        ] GC(356) Eden regions: 33->0(593)
[2026-04-03T01:35:58.832+0600][87.581s][info][gc,heap        ] GC(356) Survivor regions: 6->2(25)
[2026-04-03T01:35:58.832+0600][87.581s][info][gc,heap        ] GC(356) Old regions: 45->45
[2026-04-03T01:35:58.832+0600][87.581s][info][gc,heap        ] GC(356) Humongous regions: 261->6
[2026-04-03T01:35:58.832+0600][87.581s][info][gc,metaspace   ] GC(356) Metaspace: 132606K(134080K)->132606K(134080K) NonClass: 115824K(116608K)->115824K(116608K) Class: 16782K(17472K)->16782K(17472K)
[2026-04-03T01:35:58.833+0600][87.581s][info][gc             ] GC(356) Pause Young (Normal) (G1 Evacuation Pause) 686M->104M(1986M) 6.382ms
[2026-04-03T01:35:58.833+0600][87.581s][info][gc,cpu         ] GC(356) User=0.02s Sys=0.01s Real=0.01s
[2026-04-03T01:35:58.839+0600][87.588s][info][gc,marking     ] GC(355) Concurrent Mark From Roots 126.382ms
[2026-04-03T01:35:58.839+0600][87.588s][info][gc,marking     ] GC(355) Concurrent Preclean
[2026-04-03T01:35:58.840+0600][87.588s][info][gc,marking     ] GC(355) Concurrent Preclean 0.614ms
[2026-04-03T01:35:58.840+0600][87.589s][info][gc,start       ] GC(355) Pause Remark
[2026-04-03T01:35:58.848+0600][87.597s][info][gc             ] GC(355) Pause Remark 115M->115M(380M) 7.865ms
[2026-04-03T01:35:58.848+0600][87.597s][info][gc,cpu         ] GC(355) User=0.05s Sys=0.00s Real=0.00s
[2026-04-03T01:35:58.848+0600][87.597s][info][gc,marking     ] GC(355) Concurrent Mark 135.482ms
[2026-04-03T01:35:58.848+0600][87.597s][info][gc,marking     ] GC(355) Concurrent Rebuild Remembered Sets and Scrub Regions
[2026-04-03T01:35:58.895+0600][87.643s][info][gc,marking     ] GC(355) Concurrent Rebuild Remembered Sets and Scrub Regions 46.443ms
[2026-04-03T01:35:58.895+0600][87.644s][info][gc,start       ] GC(355) Pause Cleanup
[2026-04-03T01:35:58.895+0600][87.644s][info][gc             ] GC(355) Pause Cleanup 180M->180M(380M) 0.281ms
[2026-04-03T01:35:58.896+0600][87.644s][info][gc,cpu         ] GC(355) User=0.00s Sys=0.00s Real=0.00s
[2026-04-03T01:35:58.896+0600][87.644s][info][gc,marking     ] GC(355) Concurrent Clear Claimed Marks
[2026-04-03T01:35:58.896+0600][87.644s][info][gc,marking     ] GC(355) Concurrent Clear Claimed Marks 0.329ms
[2026-04-03T01:35:58.896+0600][87.644s][info][gc,marking     ] GC(355) Concurrent Cleanup for Next Mark
[2026-04-03T01:35:58.897+0600][87.645s][info][gc,marking     ] GC(355) Concurrent Cleanup for Next Mark 0.667ms
[2026-04-03T01:35:58.897+0600][87.645s][info][gc             ] GC(355) Concurrent Mark Cycle 187.458ms
[2026-04-03T01:35:59.169+0600][87.918s][info][gc,start       ] GC(357) Pause Young (Prepare Mixed) (G1 Evacuation Pause)
[2026-04-03T01:35:59.169+0600][87.918s][info][gc,task        ] GC(357) Using 9 workers of 10 for evacuation
[2026-04-03T01:35:59.172+0600][87.921s][info][gc,phases      ] GC(357)   Pre Evacuate Collection Set: 0.32ms
[2026-04-03T01:35:59.172+0600][87.921s][info][gc,phases      ] GC(357)   Merge Heap Roots: 0.09ms
[2026-04-03T01:35:59.172+0600][87.921s][info][gc,phases      ] GC(357)   Evacuate Collection Set: 2.04ms
[2026-04-03T01:35:59.172+0600][87.921s][info][gc,phases      ] GC(357)   Post Evacuate Collection Set: 0.58ms
[2026-04-03T01:35:59.172+0600][87.921s][info][gc,phases      ] GC(357)   Other: 0.07ms
[2026-04-03T01:35:59.172+0600][87.921s][info][gc,heap        ] GC(357) Eden regions: 86->0(113)
[2026-04-03T01:35:59.172+0600][87.921s][info][gc,heap        ] GC(357) Survivor regions: 2->3(15)
[2026-04-03T01:35:59.172+0600][87.921s][info][gc,heap        ] GC(357) Old regions: 45->46
[2026-04-03T01:35:59.172+0600][87.921s][info][gc,heap        ] GC(357) Humongous regions: 57->3
[2026-04-03T01:35:59.172+0600][87.921s][info][gc,metaspace   ] GC(357) Metaspace: 132606K(134080K)->132606K(134080K) NonClass: 115824K(116608K)->115824K(116608K) Class: 16782K(17472K)->16782K(17472K)
[2026-04-03T01:35:59.172+0600][87.921s][info][gc             ] GC(357) Pause Young (Prepare Mixed) (G1 Evacuation Pause) 378M->99M(388M) 3.310ms
[2026-04-03T01:35:59.172+0600][87.921s][info][gc,cpu         ] GC(357) User=0.01s Sys=0.01s Real=0.01s
[2026-04-03T01:35:59.430+0600][88.179s][info][gc,start       ] GC(358) Pause Young (Mixed) (GCLocker Initiated GC)
[2026-04-03T01:35:59.431+0600][88.179s][info][gc,task        ] GC(358) Using 9 workers of 10 for evacuation
[2026-04-03T01:35:59.438+0600][88.187s][info][gc,phases      ] GC(358)   Pre Evacuate Collection Set: 0.44ms
[2026-04-03T01:35:59.438+0600][88.187s][info][gc,phases      ] GC(358)   Merge Heap Roots: 0.24ms
[2026-04-03T01:35:59.438+0600][88.187s][info][gc,phases      ] GC(358)   Evacuate Collection Set: 6.14ms
[2026-04-03T01:35:59.438+0600][88.187s][info][gc,phases      ] GC(358)   Post Evacuate Collection Set: 0.71ms
[2026-04-03T01:35:59.438+0600][88.187s][info][gc,phases      ] GC(358)   Other: 0.12ms
[2026-04-03T01:35:59.438+0600][88.187s][info][gc,heap        ] GC(358) Eden regions: 95->0(115)
[2026-04-03T01:35:59.438+0600][88.187s][info][gc,heap        ] GC(358) Survivor regions: 3->4(15)
[2026-04-03T01:35:59.438+0600][88.187s][info][gc,heap        ] GC(358) Old regions: 46->45
[2026-04-03T01:35:59.438+0600][88.187s][info][gc,heap        ] GC(358) Humongous regions: 51->3
[2026-04-03T01:35:59.438+0600][88.187s][info][gc,metaspace   ] GC(358) Metaspace: 132606K(134080K)->132606K(134080K) NonClass: 115824K(116608K)->115824K(116608K) Class: 16782K(17472K)->16782K(17472K)
[2026-04-03T01:35:59.438+0600][88.187s][info][gc             ] GC(358) Pause Young (Mixed) (GCLocker Initiated GC) 385M->102M(398M) 7.935ms
[2026-04-03T01:35:59.438+0600][88.187s][info][gc,cpu         ] GC(358) User=0.04s Sys=0.01s Real=0.00s
[2026-04-03T01:35:59.442+0600][88.190s][info][gc,start       ] GC(359) Pause Young (Concurrent Start) (G1 Humongous Allocation)
[2026-04-03T01:35:59.442+0600][88.190s][info][gc,task        ] GC(359) Using 9 workers of 10 for evacuation
[2026-04-03T01:35:59.445+0600][88.194s][info][gc,phases      ] GC(359)   Pre Evacuate Collection Set: 0.30ms
[2026-04-03T01:35:59.446+0600][88.194s][info][gc,phases      ] GC(359)   Merge Heap Roots: 0.11ms
[2026-04-03T01:35:59.446+0600][88.194s][info][gc,phases      ] GC(359)   Evacuate Collection Set: 2.63ms
[2026-04-03T01:35:59.446+0600][88.194s][info][gc,phases      ] GC(359)   Post Evacuate Collection Set: 0.55ms
[2026-04-03T01:35:59.446+0600][88.194s][info][gc,phases      ] GC(359)   Other: 0.15ms
[2026-04-03T01:35:59.446+0600][88.194s][info][gc,heap        ] GC(359) Eden regions: 3->0(115)
[2026-04-03T01:35:59.446+0600][88.194s][info][gc,heap        ] GC(359) Survivor regions: 4->4(15)
[2026-04-03T01:35:59.446+0600][88.194s][info][gc,heap        ] GC(359) Old regions: 45->45
[2026-04-03T01:35:59.446+0600][88.194s][info][gc,heap        ] GC(359) Humongous regions: 3->3
[2026-04-03T01:35:59.446+0600][88.194s][info][gc,metaspace   ] GC(359) Metaspace: 132606K(134080K)->132606K(134080K) NonClass: 115824K(116608K)->115824K(116608K) Class: 16782K(17472K)->16782K(17472K)
[2026-04-03T01:35:59.446+0600][88.194s][info][gc             ] GC(359) Pause Young (Concurrent Start) (G1 Humongous Allocation) 108M->102M(398M) 4.026ms
[2026-04-03T01:35:59.446+0600][88.194s][info][gc             ] GC(360) Concurrent Mark Cycle
[2026-04-03T01:35:59.446+0600][88.194s][info][gc,cpu         ] GC(359) User=0.03s Sys=0.00s Real=0.00s
[2026-04-03T01:35:59.446+0600][88.194s][info][gc,marking     ] GC(360) Concurrent Scan Root Regions
[2026-04-03T01:35:59.449+0600][88.197s][info][gc,marking     ] GC(360) Concurrent Scan Root Regions 3.039ms
[2026-04-03T01:35:59.449+0600][88.197s][info][gc,marking     ] GC(360) Concurrent Mark
[2026-04-03T01:35:59.449+0600][88.197s][info][gc,marking     ] GC(360) Concurrent Mark From Roots
[2026-04-03T01:35:59.449+0600][88.197s][info][gc,task        ] GC(360) Using 2 workers of 2 for marking
[2026-04-03T01:35:59.587+0600][88.336s][info][gc,marking     ] GC(360) Concurrent Mark From Roots 138.502ms
[2026-04-03T01:35:59.588+0600][88.336s][info][gc,marking     ] GC(360) Concurrent Preclean
[2026-04-03T01:35:59.588+0600][88.337s][info][gc,marking     ] GC(360) Concurrent Preclean 0.645ms
[2026-04-03T01:35:59.589+0600][88.337s][info][gc,start       ] GC(360) Pause Remark
[2026-04-03T01:35:59.599+0600][88.347s][info][gc             ] GC(360) Pause Remark 286M->286M(398M) 10.038ms
[2026-04-03T01:35:59.599+0600][88.347s][info][gc,cpu         ] GC(360) User=0.07s Sys=0.00s Real=0.01s
[2026-04-03T01:35:59.599+0600][88.348s][info][gc,marking     ] GC(360) Concurrent Mark 150.371ms
[2026-04-03T01:35:59.599+0600][88.348s][info][gc,marking     ] GC(360) Concurrent Rebuild Remembered Sets and Scrub Regions
[2026-04-03T01:35:59.657+0600][88.405s][info][gc,marking     ] GC(360) Concurrent Rebuild Remembered Sets and Scrub Regions 57.355ms
[2026-04-03T01:35:59.657+0600][88.406s][info][gc,start       ] GC(360) Pause Cleanup
[2026-04-03T01:35:59.657+0600][88.406s][info][gc             ] GC(360) Pause Cleanup 371M->371M(398M) 0.238ms
[2026-04-03T01:35:59.657+0600][88.406s][info][gc,cpu         ] GC(360) User=0.00s Sys=0.00s Real=0.00s
[2026-04-03T01:35:59.657+0600][88.406s][info][gc,marking     ] GC(360) Concurrent Clear Claimed Marks
[2026-04-03T01:35:59.658+0600][88.406s][info][gc,marking     ] GC(360) Concurrent Clear Claimed Marks 0.347ms
[2026-04-03T01:35:59.658+0600][88.406s][info][gc,marking     ] GC(360) Concurrent Cleanup for Next Mark
[2026-04-03T01:35:59.659+0600][88.407s][info][gc,marking     ] GC(360) Concurrent Cleanup for Next Mark 0.837ms
[2026-04-03T01:35:59.659+0600][88.407s][info][gc             ] GC(360) Concurrent Mark Cycle 212.901ms
[2026-04-03T01:35:59.683+0600][88.431s][info][gc,start       ] GC(361) Pause Young (Prepare Mixed) (G1 Evacuation Pause)
[2026-04-03T01:35:59.683+0600][88.432s][info][gc,task        ] GC(361) Using 9 workers of 10 for evacuation
[2026-04-03T01:35:59.688+0600][88.437s][info][gc,phases      ] GC(361)   Pre Evacuate Collection Set: 0.33ms
[2026-04-03T01:35:59.688+0600][88.437s][info][gc,phases      ] GC(361)   Merge Heap Roots: 0.15ms
[2026-04-03T01:35:59.688+0600][88.437s][info][gc,phases      ] GC(361)   Evacuate Collection Set: 3.81ms
[2026-04-03T01:35:59.688+0600][88.437s][info][gc,phases      ] GC(361)   Post Evacuate Collection Set: 0.67ms
[2026-04-03T01:35:59.688+0600][88.437s][info][gc,phases      ] GC(361)   Other: 0.10ms
[2026-04-03T01:35:59.688+0600][88.437s][info][gc,heap        ] GC(361) Eden regions: 80->0(119)
[2026-04-03T01:35:59.688+0600][88.437s][info][gc,heap        ] GC(361) Survivor regions: 4->4(15)
[2026-04-03T01:35:59.688+0600][88.437s][info][gc,heap        ] GC(361) Old regions: 45->45
[2026-04-03T01:35:59.688+0600][88.437s][info][gc,heap        ] GC(361) Humongous regions: 73->5
[2026-04-03T01:35:59.688+0600][88.437s][info][gc,metaspace   ] GC(361) Metaspace: 132606K(134080K)->132606K(134080K) NonClass: 115824K(116608K)->115824K(116608K) Class: 16782K(17472K)->16782K(17472K)
[2026-04-03T01:35:59.688+0600][88.437s][info][gc             ] GC(361) Pause Young (Prepare Mixed) (G1 Evacuation Pause) 402M->105M(412M) 5.378ms
[2026-04-03T01:35:59.688+0600][88.437s][info][gc,cpu         ] GC(361) User=0.03s Sys=0.01s Real=0.00s
[2026-04-03T01:35:59.902+0600][88.651s][info][gc,start       ] GC(362) Pause Young (Mixed) (G1 Evacuation Pause)
[2026-04-03T01:35:59.902+0600][88.651s][info][gc,task        ] GC(362) Using 10 workers of 10 for evacuation
[2026-04-03T01:35:59.907+0600][88.655s][info][gc,phases      ] GC(362)   Pre Evacuate Collection Set: 0.23ms
[2026-04-03T01:35:59.907+0600][88.655s][info][gc,phases      ] GC(362)   Merge Heap Roots: 0.18ms
[2026-04-03T01:35:59.907+0600][88.655s][info][gc,phases      ] GC(362)   Evacuate Collection Set: 3.47ms
[2026-04-03T01:35:59.907+0600][88.655s][info][gc,phases      ] GC(362)   Post Evacuate Collection Set: 0.52ms
[2026-04-03T01:35:59.907+0600][88.655s][info][gc,phases      ] GC(362)   Other: 0.09ms
[2026-04-03T01:35:59.907+0600][88.655s][info][gc,heap        ] GC(362) Eden regions: 85->0(126)
[2026-04-03T01:35:59.907+0600][88.655s][info][gc,heap        ] GC(362) Survivor regions: 4->3(16)
[2026-04-03T01:35:59.907+0600][88.655s][info][gc,heap        ] GC(362) Old regions: 45->45
[2026-04-03T01:35:59.907+0600][88.655s][info][gc,heap        ] GC(362) Humongous regions: 77->3
[2026-04-03T01:35:59.907+0600][88.655s][info][gc,metaspace   ] GC(362) Metaspace: 132606K(134080K)->132606K(134080K) NonClass: 115824K(116608K)->115824K(116608K) Class: 16782K(17472K)->16782K(17472K)
[2026-04-03T01:35:59.907+0600][88.655s][info][gc             ] GC(362) Pause Young (Mixed) (G1 Evacuation Pause) 419M->100M(430M) 4.733ms
[2026-04-03T01:35:59.907+0600][88.655s][info][gc,cpu         ] GC(362) User=0.02s Sys=0.01s Real=0.00s
[2026-04-03T01:35:59.924+0600][88.672s][info][gc,start       ] GC(363) Pause Young (Concurrent Start) (GCLocker Initiated GC)
[2026-04-03T01:35:59.924+0600][88.672s][info][gc,task        ] GC(363) Using 10 workers of 10 for evacuation
[2026-04-03T01:35:59.929+0600][88.677s][info][gc,phases      ] GC(363)   Pre Evacuate Collection Set: 0.33ms
[2026-04-03T01:35:59.929+0600][88.677s][info][gc,phases      ] GC(363)   Merge Heap Roots: 0.13ms
[2026-04-03T01:35:59.929+0600][88.677s][info][gc,phases      ] GC(363)   Evacuate Collection Set: 3.23ms
[2026-04-03T01:35:59.929+0600][88.677s][info][gc,phases      ] GC(363)   Post Evacuate Collection Set: 0.98ms
[2026-04-03T01:35:59.929+0600][88.677s][info][gc,phases      ] GC(363)   Other: 0.16ms
[2026-04-03T01:35:59.929+0600][88.677s][info][gc,heap        ] GC(363) Eden regions: 12->0(125)
[2026-04-03T01:35:59.929+0600][88.678s][info][gc,heap        ] GC(363) Survivor regions: 3->4(17)
[2026-04-03T01:35:59.929+0600][88.678s][info][gc,heap        ] GC(363) Old regions: 45->45
[2026-04-03T01:35:59.929+0600][88.678s][info][gc,heap        ] GC(363) Humongous regions: 3->3
[2026-04-03T01:35:59.929+0600][88.678s][info][gc,metaspace   ] GC(363) Metaspace: 132606K(134080K)->132606K(134080K) NonClass: 115824K(116608K)->115824K(116608K) Class: 16782K(17472K)->16782K(17472K)
[2026-04-03T01:35:59.929+0600][88.678s][info][gc             ] GC(363) Pause Young (Concurrent Start) (GCLocker Initiated GC) 123M->101M(430M) 5.447ms
[2026-04-03T01:35:59.929+0600][88.678s][info][gc,cpu         ] GC(363) User=0.04s Sys=0.00s Real=0.00s
[2026-04-03T01:35:59.929+0600][88.678s][info][gc             ] GC(364) Concurrent Mark Cycle
[2026-04-03T01:35:59.929+0600][88.678s][info][gc,marking     ] GC(364) Concurrent Scan Root Regions
[2026-04-03T01:35:59.933+0600][88.682s][info][gc,marking     ] GC(364) Concurrent Scan Root Regions 3.697ms
[2026-04-03T01:35:59.933+0600][88.682s][info][gc,marking     ] GC(364) Concurrent Mark
[2026-04-03T01:35:59.933+0600][88.682s][info][gc,marking     ] GC(364) Concurrent Mark From Roots
[2026-04-03T01:35:59.933+0600][88.682s][info][gc,task        ] GC(364) Using 2 workers of 2 for marking
[2026-04-03T01:36:00.055+0600][88.803s][info][gc,marking     ] GC(364) Concurrent Mark From Roots 121.825ms
[2026-04-03T01:36:00.055+0600][88.804s][info][gc,marking     ] GC(364) Concurrent Preclean
[2026-04-03T01:36:00.056+0600][88.804s][info][gc,marking     ] GC(364) Concurrent Preclean 0.481ms
[2026-04-03T01:36:00.056+0600][88.804s][info][gc,start       ] GC(364) Pause Remark
[2026-04-03T01:36:00.065+0600][88.813s][info][gc             ] GC(364) Pause Remark 239M->239M(430M) 8.738ms
[2026-04-03T01:36:00.065+0600][88.813s][info][gc,cpu         ] GC(364) User=0.06s Sys=0.00s Real=0.01s
[2026-04-03T01:36:00.065+0600][88.813s][info][gc,marking     ] GC(364) Concurrent Mark 131.820ms
[2026-04-03T01:36:00.065+0600][88.814s][info][gc,marking     ] GC(364) Concurrent Rebuild Remembered Sets and Scrub Regions
[2026-04-03T01:36:00.119+0600][88.867s][info][gc,marking     ] GC(364) Concurrent Rebuild Remembered Sets and Scrub Regions 53.457ms
[2026-04-03T01:36:00.119+0600][88.868s][info][gc,start       ] GC(364) Pause Cleanup
[2026-04-03T01:36:00.119+0600][88.868s][info][gc             ] GC(364) Pause Cleanup 287M->287M(430M) 0.286ms
[2026-04-03T01:36:00.119+0600][88.868s][info][gc,cpu         ] GC(364) User=0.00s Sys=0.00s Real=0.00s
[2026-04-03T01:36:00.120+0600][88.868s][info][gc,marking     ] GC(364) Concurrent Clear Claimed Marks
[2026-04-03T01:36:00.120+0600][88.868s][info][gc,marking     ] GC(364) Concurrent Clear Claimed Marks 0.387ms
[2026-04-03T01:36:00.120+0600][88.868s][info][gc,marking     ] GC(364) Concurrent Cleanup for Next Mark
[2026-04-03T01:36:00.121+0600][88.870s][info][gc,marking     ] GC(364) Concurrent Cleanup for Next Mark 1.095ms
[2026-04-03T01:36:00.121+0600][88.870s][info][gc             ] GC(364) Concurrent Mark Cycle 191.825ms
[2026-04-03T01:36:00.268+0600][89.016s][info][gc,start       ] GC(365) Pause Young (Prepare Mixed) (G1 Evacuation Pause)
[2026-04-03T01:36:00.268+0600][89.017s][info][gc,task        ] GC(365) Using 10 workers of 10 for evacuation
[2026-04-03T01:36:00.274+0600][89.022s][info][gc,phases      ] GC(365)   Pre Evacuate Collection Set: 0.45ms
[2026-04-03T01:36:00.274+0600][89.023s][info][gc,phases      ] GC(365)   Merge Heap Roots: 0.18ms
[2026-04-03T01:36:00.274+0600][89.023s][info][gc,phases      ] GC(365)   Evacuate Collection Set: 4.50ms
[2026-04-03T01:36:00.274+0600][89.023s][info][gc,phases      ] GC(365)   Post Evacuate Collection Set: 0.72ms
[2026-04-03T01:36:00.274+0600][89.023s][info][gc,phases      ] GC(365)   Other: 0.11ms
[2026-04-03T01:36:00.274+0600][89.023s][info][gc,heap        ] GC(365) Eden regions: 95->0(127)
[2026-04-03T01:36:00.274+0600][89.023s][info][gc,heap        ] GC(365) Survivor regions: 4->4(17)
[2026-04-03T01:36:00.274+0600][89.023s][info][gc,heap        ] GC(365) Old regions: 45->45
[2026-04-03T01:36:00.274+0600][89.023s][info][gc,heap        ] GC(365) Humongous regions: 71->3
[2026-04-03T01:36:00.274+0600][89.023s][info][gc,metaspace   ] GC(365) Metaspace: 132607K(134080K)->132607K(134080K) NonClass: 115825K(116608K)->115825K(116608K) Class: 16782K(17472K)->16782K(17472K)
[2026-04-03T01:36:00.274+0600][89.023s][info][gc             ] GC(365) Pause Young (Prepare Mixed) (G1 Evacuation Pause) 427M->102M(438M) 6.262ms
[2026-04-03T01:36:00.274+0600][89.023s][info][gc,cpu         ] GC(365) User=0.03s Sys=0.01s Real=0.01s
[2026-04-03T01:36:00.551+0600][89.299s][info][gc,start       ] GC(366) Pause Young (Mixed) (G1 Evacuation Pause)
[2026-04-03T01:36:00.551+0600][89.299s][info][gc,task        ] GC(366) Using 10 workers of 10 for evacuation
[2026-04-03T01:36:00.558+0600][89.306s][info][gc,phases      ] GC(366)   Pre Evacuate Collection Set: 0.31ms
[2026-04-03T01:36:00.558+0600][89.306s][info][gc,phases      ] GC(366)   Merge Heap Roots: 0.20ms
[2026-04-03T01:36:00.558+0600][89.306s][info][gc,phases      ] GC(366)   Evacuate Collection Set: 4.90ms
[2026-04-03T01:36:00.558+0600][89.306s][info][gc,phases      ] GC(366)   Post Evacuate Collection Set: 1.45ms
[2026-04-03T01:36:00.558+0600][89.306s][info][gc,phases      ] GC(366)   Other: 0.14ms
[2026-04-03T01:36:00.558+0600][89.306s][info][gc,heap        ] GC(366) Eden regions: 120->0(209)
[2026-04-03T01:36:00.558+0600][89.306s][info][gc,heap        ] GC(366) Survivor regions: 4->4(17)
[2026-04-03T01:36:00.558+0600][89.306s][info][gc,heap        ] GC(366) Old regions: 45->45
[2026-04-03T01:36:00.558+0600][89.306s][info][gc,heap        ] GC(366) Humongous regions: 50->3
[2026-04-03T01:36:00.558+0600][89.306s][info][gc,metaspace   ] GC(366) Metaspace: 132607K(134080K)->132607K(134080K) NonClass: 115825K(116608K)->115825K(116608K) Class: 16782K(17472K)->16782K(17472K)
[2026-04-03T01:36:00.558+0600][89.306s][info][gc             ] GC(366) Pause Young (Mixed) (G1 Evacuation Pause) 436M->101M(710M) 7.348ms
[2026-04-03T01:36:00.558+0600][89.306s][info][gc,cpu         ] GC(366) User=0.03s Sys=0.02s Real=0.00s
[2026-04-03T01:36:00.572+0600][89.321s][info][gc,start       ] GC(367) Pause Young (Concurrent Start) (G1 Humongous Allocation)
[2026-04-03T01:36:00.572+0600][89.321s][info][gc,task        ] GC(367) Using 10 workers of 10 for evacuation
[2026-04-03T01:36:00.577+0600][89.325s][info][gc,phases      ] GC(367)   Pre Evacuate Collection Set: 0.41ms
[2026-04-03T01:36:00.577+0600][89.325s][info][gc,phases      ] GC(367)   Merge Heap Roots: 0.15ms
[2026-04-03T01:36:00.577+0600][89.325s][info][gc,phases      ] GC(367)   Evacuate Collection Set: 3.18ms
[2026-04-03T01:36:00.577+0600][89.325s][info][gc,phases      ] GC(367)   Post Evacuate Collection Set: 0.57ms
[2026-04-03T01:36:00.577+0600][89.325s][info][gc,phases      ] GC(367)   Other: 0.14ms
[2026-04-03T01:36:00.577+0600][89.326s][info][gc,heap        ] GC(367) Eden regions: 7->0(209)
[2026-04-03T01:36:00.577+0600][89.326s][info][gc,heap        ] GC(367) Survivor regions: 4->4(27)
[2026-04-03T01:36:00.577+0600][89.326s][info][gc,heap        ] GC(367) Old regions: 45->45
[2026-04-03T01:36:00.577+0600][89.326s][info][gc,heap        ] GC(367) Humongous regions: 3->3
[2026-04-03T01:36:00.577+0600][89.326s][info][gc,metaspace   ] GC(367) Metaspace: 132607K(134080K)->132607K(134080K) NonClass: 115825K(116608K)->115825K(116608K) Class: 16782K(17472K)->16782K(17472K)
[2026-04-03T01:36:00.577+0600][89.326s][info][gc             ] GC(367) Pause Young (Concurrent Start) (G1 Humongous Allocation) 114M->100M(710M) 4.734ms
[2026-04-03T01:36:00.577+0600][89.326s][info][gc             ] GC(368) Concurrent Mark Cycle
[2026-04-03T01:36:00.577+0600][89.326s][info][gc,cpu         ] GC(367) User=0.03s Sys=0.01s Real=0.00s
[2026-04-03T01:36:00.577+0600][89.326s][info][gc,marking     ] GC(368) Concurrent Scan Root Regions
[2026-04-03T01:36:00.586+0600][89.334s][info][gc,marking     ] GC(368) Concurrent Scan Root Regions 8.477ms
[2026-04-03T01:36:00.586+0600][89.334s][info][gc,marking     ] GC(368) Concurrent Mark
[2026-04-03T01:36:00.586+0600][89.334s][info][gc,marking     ] GC(368) Concurrent Mark From Roots
[2026-04-03T01:36:00.586+0600][89.334s][info][gc,task        ] GC(368) Using 2 workers of 2 for marking
[2026-04-03T01:36:00.711+0600][89.460s][info][gc,marking     ] GC(368) Concurrent Mark From Roots 125.362ms
[2026-04-03T01:36:00.711+0600][89.460s][info][gc,marking     ] GC(368) Concurrent Preclean
[2026-04-03T01:36:00.712+0600][89.460s][info][gc,marking     ] GC(368) Concurrent Preclean 0.631ms
[2026-04-03T01:36:00.712+0600][89.461s][info][gc,start       ] GC(368) Pause Remark
[2026-04-03T01:36:00.722+0600][89.470s][info][gc             ] GC(368) Pause Remark 210M->210M(420M) 9.379ms
[2026-04-03T01:36:00.722+0600][89.470s][info][gc,cpu         ] GC(368) User=0.06s Sys=0.00s Real=0.01s
[2026-04-03T01:36:00.724+0600][89.472s][info][gc,marking     ] GC(368) Concurrent Mark 137.775ms
[2026-04-03T01:36:00.724+0600][89.472s][info][gc,marking     ] GC(368) Concurrent Rebuild Remembered Sets and Scrub Regions
[2026-04-03T01:36:00.790+0600][89.539s][info][gc,marking     ] GC(368) Concurrent Rebuild Remembered Sets and Scrub Regions 66.271ms
[2026-04-03T01:36:00.790+0600][89.539s][info][gc,start       ] GC(368) Pause Cleanup
[2026-04-03T01:36:00.791+0600][89.539s][info][gc             ] GC(368) Pause Cleanup 302M->302M(420M) 0.300ms
[2026-04-03T01:36:00.791+0600][89.539s][info][gc,cpu         ] GC(368) User=0.00s Sys=0.00s Real=0.00s
[2026-04-03T01:36:00.791+0600][89.540s][info][gc,marking     ] GC(368) Concurrent Clear Claimed Marks
[2026-04-03T01:36:00.791+0600][89.540s][info][gc,marking     ] GC(368) Concurrent Clear Claimed Marks 0.415ms
[2026-04-03T01:36:00.791+0600][89.540s][info][gc,marking     ] GC(368) Concurrent Cleanup for Next Mark
[2026-04-03T01:36:00.793+0600][89.542s][info][gc,marking     ] GC(368) Concurrent Cleanup for Next Mark 1.697ms
[2026-04-03T01:36:00.793+0600][89.542s][info][gc             ] GC(368) Concurrent Mark Cycle 216.096ms
[2026-04-03T01:36:00.872+0600][89.620s][info][gc,start       ] GC(369) Pause Young (Prepare Mixed) (G1 Evacuation Pause)
[2026-04-03T01:36:00.872+0600][89.620s][info][gc,task        ] GC(369) Using 10 workers of 10 for evacuation
[2026-04-03T01:36:00.876+0600][89.624s][info][gc,phases      ] GC(369)   Pre Evacuate Collection Set: 0.33ms
[2026-04-03T01:36:00.876+0600][89.624s][info][gc,phases      ] GC(369)   Merge Heap Roots: 0.15ms
[2026-04-03T01:36:00.876+0600][89.624s][info][gc,phases      ] GC(369)   Evacuate Collection Set: 2.65ms
[2026-04-03T01:36:00.876+0600][89.624s][info][gc,phases      ] GC(369)   Post Evacuate Collection Set: 0.52ms
[2026-04-03T01:36:00.876+0600][89.624s][info][gc,phases      ] GC(369)   Other: 0.08ms
[2026-04-03T01:36:00.876+0600][89.624s][info][gc,heap        ] GC(369) Eden regions: 107->0(128)
[2026-04-03T01:36:00.876+0600][89.624s][info][gc,heap        ] GC(369) Survivor regions: 4->2(16)
[2026-04-03T01:36:00.876+0600][89.624s][info][gc,heap        ] GC(369) Old regions: 45->46
[2026-04-03T01:36:00.876+0600][89.624s][info][gc,heap        ] GC(369) Humongous regions: 58->3
[2026-04-03T01:36:00.876+0600][89.624s][info][gc,metaspace   ] GC(369) Metaspace: 132608K(134080K)->132608K(134080K) NonClass: 115826K(116608K)->115826K(116608K) Class: 16782K(17472K)->16782K(17472K)
[2026-04-03T01:36:00.876+0600][89.624s][info][gc             ] GC(369) Pause Young (Prepare Mixed) (G1 Evacuation Pause) 424M->96M(434M) 3.933ms
[2026-04-03T01:36:00.876+0600][89.624s][info][gc,cpu         ] GC(369) User=0.01s Sys=0.01s Real=0.00s
[2026-04-03T01:36:01.717+0600][90.466s][info][gc,heap,exit   ] Heap
[2026-04-03T01:36:01.717+0600][90.466s][info][gc,heap,exit   ]  garbage-first heap   total 444416K, used 309349K [0x000000070ae00000, 0x0000000800000000)
[2026-04-03T01:36:01.717+0600][90.466s][info][gc,heap,exit   ]   region size 2048K, 69 young (141312K), 2 survivors (4096K)
[2026-04-03T01:36:01.717+0600][90.466s][info][gc,heap,exit   ]  Metaspace       used 133340K, committed 134784K, reserved 1179648K
[2026-04-03T01:36:01.717+0600][90.466s][info][gc,heap,exit   ]   class space    used 16974K, committed 17664K, reserved 1048576K
