[2026-04-03T01:40:58.206+0600][0.004s][info][gc,init] CardTable entry size: 512
[2026-04-03T01:40:58.206+0600][0.004s][info][gc     ] Using G1
[2026-04-03T01:40:58.208+0600][0.006s][info][gc,init] Version: 21.0.10+7-Ubuntu-124.04 (release)
[2026-04-03T01:40:58.208+0600][0.006s][info][gc,init] CPUs: 12 total, 12 available
[2026-04-03T01:40:58.208+0600][0.006s][info][gc,init] Memory: 15683M
[2026-04-03T01:40:58.208+0600][0.006s][info][gc,init] Large Page Support: Disabled
[2026-04-03T01:40:58.208+0600][0.006s][info][gc,init] NUMA Support: Disabled
[2026-04-03T01:40:58.208+0600][0.006s][info][gc,init] Compressed Oops: Enabled (Zero based)
[2026-04-03T01:40:58.208+0600][0.006s][info][gc,init] Heap Region Size: 2M
[2026-04-03T01:40:58.208+0600][0.006s][info][gc,init] Heap Min Capacity: 8M
[2026-04-03T01:40:58.208+0600][0.006s][info][gc,init] Heap Initial Capacity: 246M
[2026-04-03T01:40:58.208+0600][0.006s][info][gc,init] Heap Max Capacity: 3922M
[2026-04-03T01:40:58.208+0600][0.007s][info][gc,init] Pre-touch: Disabled
[2026-04-03T01:40:58.208+0600][0.007s][info][gc,init] Parallel Workers: 10
[2026-04-03T01:40:58.208+0600][0.007s][info][gc,init] Concurrent Workers: 3
[2026-04-03T01:40:58.208+0600][0.007s][info][gc,init] Concurrent Refinement Workers: 10
[2026-04-03T01:40:58.208+0600][0.007s][info][gc,init] Periodic GC: Disabled
[2026-04-03T01:40:58.220+0600][0.018s][info][gc,metaspace] CDS archive(s) mapped at: [0x00007cfcf7000000-0x00007cfcf7c9c000-0x00007cfcf7c9c000), size 13221888, SharedBaseAddress: 0x00007cfcf7000000, ArchiveRelocationMode: 1.
[2026-04-03T01:40:58.220+0600][0.018s][info][gc,metaspace] Compressed class space mapped at: 0x00007cfcf8000000-0x00007cfd38000000, reserved size: 1073741824
[2026-04-03T01:40:58.220+0600][0.018s][info][gc,metaspace] Narrow klass base: 0x00007cfcf7000000, Narrow klass shift: 0, Narrow klass range: 0x100000000
[2026-04-03T01:40:58.556+0600][0.354s][info][gc,start    ] GC(0) Pause Young (Normal) (G1 Evacuation Pause)
[2026-04-03T01:40:58.557+0600][0.355s][info][gc,task     ] GC(0) Using 5 workers of 10 for evacuation
[2026-04-03T01:40:58.560+0600][0.358s][info][gc,phases   ] GC(0)   Pre Evacuate Collection Set: 0.13ms
[2026-04-03T01:40:58.560+0600][0.358s][info][gc,phases   ] GC(0)   Merge Heap Roots: 0.14ms
[2026-04-03T01:40:58.560+0600][0.358s][info][gc,phases   ] GC(0)   Evacuate Collection Set: 1.94ms
[2026-04-03T01:40:58.560+0600][0.358s][info][gc,phases   ] GC(0)   Post Evacuate Collection Set: 0.35ms
[2026-04-03T01:40:58.560+0600][0.358s][info][gc,phases   ] GC(0)   Other: 0.91ms
[2026-04-03T01:40:58.560+0600][0.358s][info][gc,heap     ] GC(0) Eden regions: 6->0(5)
[2026-04-03T01:40:58.560+0600][0.358s][info][gc,heap     ] GC(0) Survivor regions: 0->1(1)
[2026-04-03T01:40:58.560+0600][0.358s][info][gc,heap     ] GC(0) Old regions: 1->2
[2026-04-03T01:40:58.560+0600][0.358s][info][gc,heap     ] GC(0) Humongous regions: 0->0
[2026-04-03T01:40:58.560+0600][0.358s][info][gc,metaspace] GC(0) Metaspace: 2084K(2304K)->2084K(2304K) NonClass: 1900K(2048K)->1900K(2048K) Class: 183K(256K)->183K(256K)
[2026-04-03T01:40:58.560+0600][0.358s][info][gc          ] GC(0) Pause Young (Normal) (G1 Evacuation Pause) 13M->3M(248M) 3.750ms
[2026-04-03T01:40:58.560+0600][0.358s][info][gc,cpu      ] GC(0) User=0.00s Sys=0.00s Real=0.01s
[2026-04-03T01:40:58.605+0600][0.403s][info][gc,start    ] GC(1) Pause Young (Normal) (G1 Evacuation Pause)
[2026-04-03T01:40:58.605+0600][0.403s][info][gc,task     ] GC(1) Using 5 workers of 10 for evacuation
[2026-04-03T01:40:58.607+0600][0.405s][info][gc,phases   ] GC(1)   Pre Evacuate Collection Set: 0.14ms
[2026-04-03T01:40:58.607+0600][0.405s][info][gc,phases   ] GC(1)   Merge Heap Roots: 0.05ms
[2026-04-03T01:40:58.607+0600][0.405s][info][gc,phases   ] GC(1)   Evacuate Collection Set: 1.37ms
[2026-04-03T01:40:58.607+0600][0.405s][info][gc,phases   ] GC(1)   Post Evacuate Collection Set: 0.25ms
[2026-04-03T01:40:58.607+0600][0.405s][info][gc,phases   ] GC(1)   Other: 0.08ms
[2026-04-03T01:40:58.607+0600][0.405s][info][gc,heap     ] GC(1) Eden regions: 5->0(6)
[2026-04-03T01:40:58.607+0600][0.405s][info][gc,heap     ] GC(1) Survivor regions: 1->1(1)
[2026-04-03T01:40:58.607+0600][0.405s][info][gc,heap     ] GC(1) Old regions: 2->3
[2026-04-03T01:40:58.607+0600][0.405s][info][gc,heap     ] GC(1) Humongous regions: 0->0
[2026-04-03T01:40:58.607+0600][0.405s][info][gc,metaspace] GC(1) Metaspace: 2576K(2752K)->2576K(2752K) NonClass: 2345K(2432K)->2345K(2432K) Class: 231K(320K)->231K(320K)
[2026-04-03T01:40:58.607+0600][0.405s][info][gc          ] GC(1) Pause Young (Normal) (G1 Evacuation Pause) 13M->3M(248M) 2.136ms
[2026-04-03T01:40:58.607+0600][0.405s][info][gc,cpu      ] GC(1) User=0.01s Sys=0.01s Real=0.00s
[2026-04-03T01:40:58.651+0600][0.449s][info][gc,start    ] GC(2) Pause Young (Normal) (G1 Evacuation Pause)
[2026-04-03T01:40:58.651+0600][0.449s][info][gc,task     ] GC(2) Using 5 workers of 10 for evacuation
[2026-04-03T01:40:58.652+0600][0.450s][info][gc,phases   ] GC(2)   Pre Evacuate Collection Set: 0.13ms
[2026-04-03T01:40:58.652+0600][0.450s][info][gc,phases   ] GC(2)   Merge Heap Roots: 0.05ms
[2026-04-03T01:40:58.652+0600][0.450s][info][gc,phases   ] GC(2)   Evacuate Collection Set: 0.34ms
[2026-04-03T01:40:58.652+0600][0.450s][info][gc,phases   ] GC(2)   Post Evacuate Collection Set: 0.28ms
[2026-04-03T01:40:58.652+0600][0.450s][info][gc,phases   ] GC(2)   Other: 0.06ms
[2026-04-03T01:40:58.652+0600][0.450s][info][gc,heap     ] GC(2) Eden regions: 6->0(15)
[2026-04-03T01:40:58.652+0600][0.450s][info][gc,heap     ] GC(2) Survivor regions: 1->1(1)
[2026-04-03T01:40:58.652+0600][0.450s][info][gc,heap     ] GC(2) Old regions: 3->3
[2026-04-03T01:40:58.652+0600][0.450s][info][gc,heap     ] GC(2) Humongous regions: 0->0
[2026-04-03T01:40:58.652+0600][0.450s][info][gc,metaspace] GC(2) Metaspace: 3112K(3264K)->3112K(3264K) NonClass: 2786K(2880K)->2786K(2880K) Class: 325K(384K)->325K(384K)
[2026-04-03T01:40:58.652+0600][0.450s][info][gc          ] GC(2) Pause Young (Normal) (G1 Evacuation Pause) 15M->3M(248M) 1.044ms
[2026-04-03T01:40:58.652+0600][0.450s][info][gc,cpu      ] GC(2) User=0.00s Sys=0.00s Real=0.00s
[2026-04-03T01:40:58.739+0600][0.538s][info][gc,start    ] GC(3) Pause Young (Normal) (G1 Evacuation Pause)
[2026-04-03T01:40:58.740+0600][0.538s][info][gc,task     ] GC(3) Using 5 workers of 10 for evacuation
[2026-04-03T01:40:58.741+0600][0.539s][info][gc,phases   ] GC(3)   Pre Evacuate Collection Set: 0.14ms
[2026-04-03T01:40:58.741+0600][0.539s][info][gc,phases   ] GC(3)   Merge Heap Roots: 0.10ms
[2026-04-03T01:40:58.741+0600][0.539s][info][gc,phases   ] GC(3)   Evacuate Collection Set: 0.55ms
[2026-04-03T01:40:58.741+0600][0.539s][info][gc,phases   ] GC(3)   Post Evacuate Collection Set: 0.32ms
[2026-04-03T01:40:58.741+0600][0.539s][info][gc,phases   ] GC(3)   Other: 0.06ms
[2026-04-03T01:40:58.741+0600][0.539s][info][gc,heap     ] GC(3) Eden regions: 15->0(72)
[2026-04-03T01:40:58.741+0600][0.539s][info][gc,heap     ] GC(3) Survivor regions: 1->1(2)
[2026-04-03T01:40:58.741+0600][0.539s][info][gc,heap     ] GC(3) Old regions: 3->3
[2026-04-03T01:40:58.741+0600][0.539s][info][gc,heap     ] GC(3) Humongous regions: 0->0
[2026-04-03T01:40:58.741+0600][0.539s][info][gc,metaspace] GC(3) Metaspace: 3744K(3968K)->3744K(3968K) NonClass: 3337K(3456K)->3337K(3456K) Class: 407K(512K)->407K(512K)
[2026-04-03T01:40:58.741+0600][0.539s][info][gc          ] GC(3) Pause Young (Normal) (G1 Evacuation Pause) 33M->3M(248M) 1.363ms
[2026-04-03T01:40:58.741+0600][0.539s][info][gc,cpu      ] GC(3) User=0.01s Sys=0.00s Real=0.01s
[2026-04-03T01:40:59.313+0600][1.111s][info][gc,start    ] GC(4) Pause Young (Normal) (G1 Evacuation Pause)
[2026-04-03T01:40:59.313+0600][1.111s][info][gc,task     ] GC(4) Using 5 workers of 10 for evacuation
[2026-04-03T01:40:59.315+0600][1.113s][info][gc,phases   ] GC(4)   Pre Evacuate Collection Set: 0.34ms
[2026-04-03T01:40:59.315+0600][1.113s][info][gc,phases   ] GC(4)   Merge Heap Roots: 0.08ms
[2026-04-03T01:40:59.315+0600][1.113s][info][gc,phases   ] GC(4)   Evacuate Collection Set: 1.08ms
[2026-04-03T01:40:59.315+0600][1.113s][info][gc,phases   ] GC(4)   Post Evacuate Collection Set: 0.34ms
[2026-04-03T01:40:59.315+0600][1.113s][info][gc,phases   ] GC(4)   Other: 0.09ms
[2026-04-03T01:40:59.315+0600][1.113s][info][gc,heap     ] GC(4) Eden regions: 72->0(72)
[2026-04-03T01:40:59.315+0600][1.113s][info][gc,heap     ] GC(4) Survivor regions: 1->1(10)
[2026-04-03T01:40:59.315+0600][1.113s][info][gc,heap     ] GC(4) Old regions: 3->3
[2026-04-03T01:40:59.315+0600][1.113s][info][gc,heap     ] GC(4) Humongous regions: 0->0
[2026-04-03T01:40:59.315+0600][1.113s][info][gc,metaspace] GC(4) Metaspace: 9938K(10176K)->9938K(10176K) NonClass: 8677K(8832K)->8677K(8832K) Class: 1260K(1344K)->1260K(1344K)
[2026-04-03T01:40:59.315+0600][1.113s][info][gc          ] GC(4) Pause Young (Normal) (G1 Evacuation Pause) 147M->4M(248M) 2.132ms
[2026-04-03T01:40:59.315+0600][1.113s][info][gc,cpu      ] GC(4) User=0.01s Sys=0.00s Real=0.00s
[2026-04-03T01:41:01.844+0600][3.642s][info][gc,start    ] GC(5) Pause Young (Normal) (G1 Evacuation Pause)
[2026-04-03T01:41:01.844+0600][3.642s][info][gc,task     ] GC(5) Using 5 workers of 10 for evacuation
[2026-04-03T01:41:01.849+0600][3.647s][info][gc,phases   ] GC(5)   Pre Evacuate Collection Set: 0.15ms
[2026-04-03T01:41:01.849+0600][3.647s][info][gc,phases   ] GC(5)   Merge Heap Roots: 0.07ms
[2026-04-03T01:41:01.849+0600][3.647s][info][gc,phases   ] GC(5)   Evacuate Collection Set: 3.37ms
[2026-04-03T01:41:01.849+0600][3.647s][info][gc,phases   ] GC(5)   Post Evacuate Collection Set: 0.92ms
[2026-04-03T01:41:01.849+0600][3.647s][info][gc,phases   ] GC(5)   Other: 0.07ms
[2026-04-03T01:41:01.849+0600][3.647s][info][gc,heap     ] GC(5) Eden regions: 72->0(67)
[2026-04-03T01:41:01.849+0600][3.647s][info][gc,heap     ] GC(5) Survivor regions: 1->6(10)
[2026-04-03T01:41:01.849+0600][3.647s][info][gc,heap     ] GC(5) Old regions: 3->3
[2026-04-03T01:41:01.849+0600][3.647s][info][gc,heap     ] GC(5) Humongous regions: 3->3
[2026-04-03T01:41:01.849+0600][3.647s][info][gc,metaspace] GC(5) Metaspace: 17500K(17728K)->17500K(17728K) NonClass: 15310K(15424K)->15310K(15424K) Class: 2189K(2304K)->2189K(2304K)
[2026-04-03T01:41:01.849+0600][3.647s][info][gc          ] GC(5) Pause Young (Normal) (G1 Evacuation Pause) 154M->20M(248M) 4.824ms
[2026-04-03T01:41:01.849+0600][3.647s][info][gc,cpu      ] GC(5) User=0.01s Sys=0.00s Real=0.00s
[2026-04-03T01:41:02.136+0600][3.934s][info][gc,start    ] GC(6) Pause Young (Concurrent Start) (Metadata GC Threshold)
[2026-04-03T01:41:02.136+0600][3.934s][info][gc,task     ] GC(6) Using 5 workers of 10 for evacuation
[2026-04-03T01:41:02.141+0600][3.939s][info][gc,phases   ] GC(6)   Pre Evacuate Collection Set: 0.39ms
[2026-04-03T01:41:02.141+0600][3.939s][info][gc,phases   ] GC(6)   Merge Heap Roots: 0.14ms
[2026-04-03T01:41:02.141+0600][3.939s][info][gc,phases   ] GC(6)   Evacuate Collection Set: 3.25ms
[2026-04-03T01:41:02.141+0600][3.939s][info][gc,phases   ] GC(6)   Post Evacuate Collection Set: 0.85ms
[2026-04-03T01:41:02.141+0600][3.939s][info][gc,phases   ] GC(6)   Other: 0.15ms
[2026-04-03T01:41:02.141+0600][3.939s][info][gc,heap     ] GC(6) Eden regions: 8->0(34)
[2026-04-03T01:41:02.141+0600][3.939s][info][gc,heap     ] GC(6) Survivor regions: 6->6(10)
[2026-04-03T01:41:02.141+0600][3.939s][info][gc,heap     ] GC(6) Old regions: 3->3
[2026-04-03T01:41:02.141+0600][3.939s][info][gc,heap     ] GC(6) Humongous regions: 3->3
[2026-04-03T01:41:02.141+0600][3.939s][info][gc,metaspace] GC(6) Metaspace: 21240K(21504K)->21240K(21504K) NonClass: 18588K(18688K)->18588K(18688K) Class: 2652K(2816K)->2652K(2816K)
[2026-04-03T01:41:02.141+0600][3.939s][info][gc          ] GC(6) Pause Young (Concurrent Start) (Metadata GC Threshold) 36M->22M(248M) 5.027ms
[2026-04-03T01:41:02.141+0600][3.939s][info][gc,cpu      ] GC(6) User=0.02s Sys=0.00s Real=0.01s
[2026-04-03T01:41:02.141+0600][3.939s][info][gc          ] GC(7) Concurrent Mark Cycle
[2026-04-03T01:41:02.141+0600][3.939s][info][gc,marking  ] GC(7) Concurrent Scan Root Regions
[2026-04-03T01:41:02.143+0600][3.942s][info][gc,marking  ] GC(7) Concurrent Scan Root Regions 2.607ms
[2026-04-03T01:41:02.143+0600][3.942s][info][gc,marking  ] GC(7) Concurrent Mark
[2026-04-03T01:41:02.144+0600][3.942s][info][gc,marking  ] GC(7) Concurrent Mark From Roots
[2026-04-03T01:41:02.144+0600][3.942s][info][gc,task     ] GC(7) Using 3 workers of 3 for marking
[2026-04-03T01:41:02.147+0600][3.945s][info][gc,marking  ] GC(7) Concurrent Mark From Roots 3.553ms
[2026-04-03T01:41:02.147+0600][3.945s][info][gc,marking  ] GC(7) Concurrent Preclean
[2026-04-03T01:41:02.147+0600][3.945s][info][gc,marking  ] GC(7) Concurrent Preclean 0.026ms
[2026-04-03T01:41:02.147+0600][3.945s][info][gc,start    ] GC(7) Pause Remark
[2026-04-03T01:41:02.150+0600][3.948s][info][gc          ] GC(7) Pause Remark 23M->23M(80M) 2.629ms
[2026-04-03T01:41:02.150+0600][3.948s][info][gc,cpu      ] GC(7) User=0.01s Sys=0.00s Real=0.01s
[2026-04-03T01:41:02.150+0600][3.948s][info][gc,marking  ] GC(7) Concurrent Mark 6.502ms
[2026-04-03T01:41:02.150+0600][3.948s][info][gc,marking  ] GC(7) Concurrent Rebuild Remembered Sets and Scrub Regions
[2026-04-03T01:41:02.152+0600][3.950s][info][gc,marking  ] GC(7) Concurrent Rebuild Remembered Sets and Scrub Regions 2.076ms
[2026-04-03T01:41:02.161+0600][3.959s][info][gc,start    ] GC(7) Pause Cleanup
[2026-04-03T01:41:02.161+0600][3.960s][info][gc          ] GC(7) Pause Cleanup 23M->23M(80M) 0.148ms
[2026-04-03T01:41:02.161+0600][3.960s][info][gc,cpu      ] GC(7) User=0.00s Sys=0.00s Real=0.00s
[2026-04-03T01:41:02.162+0600][3.960s][info][gc,marking  ] GC(7) Concurrent Clear Claimed Marks
[2026-04-03T01:41:02.162+0600][3.960s][info][gc,marking  ] GC(7) Concurrent Clear Claimed Marks 0.060ms
[2026-04-03T01:41:02.162+0600][3.960s][info][gc,marking  ] GC(7) Concurrent Cleanup for Next Mark
[2026-04-03T01:41:02.162+0600][3.961s][info][gc,marking  ] GC(7) Concurrent Cleanup for Next Mark 0.744ms
[2026-04-03T01:41:02.162+0600][3.961s][info][gc          ] GC(7) Concurrent Mark Cycle 21.717ms
[2026-04-03T01:41:03.507+0600][5.305s][info][gc,start    ] GC(8) Pause Young (Prepare Mixed) (G1 Evacuation Pause)
[2026-04-03T01:41:03.507+0600][5.305s][info][gc,task     ] GC(8) Using 3 workers of 10 for evacuation
[2026-04-03T01:41:03.516+0600][5.314s][info][gc,phases   ] GC(8)   Pre Evacuate Collection Set: 0.20ms
[2026-04-03T01:41:03.516+0600][5.314s][info][gc,phases   ] GC(8)   Merge Heap Roots: 0.16ms
[2026-04-03T01:41:03.516+0600][5.314s][info][gc,phases   ] GC(8)   Evacuate Collection Set: 7.45ms
[2026-04-03T01:41:03.516+0600][5.314s][info][gc,phases   ] GC(8)   Post Evacuate Collection Set: 0.98ms
[2026-04-03T01:41:03.516+0600][5.314s][info][gc,phases   ] GC(8)   Other: 0.06ms
[2026-04-03T01:41:03.516+0600][5.314s][info][gc,heap     ] GC(8) Eden regions: 27->0(28)
[2026-04-03T01:41:03.516+0600][5.314s][info][gc,heap     ] GC(8) Survivor regions: 6->2(5)
[2026-04-03T01:41:03.516+0600][5.314s][info][gc,heap     ] GC(8) Old regions: 3->8
[2026-04-03T01:41:03.516+0600][5.314s][info][gc,heap     ] GC(8) Humongous regions: 7->4
[2026-04-03T01:41:03.516+0600][5.314s][info][gc,metaspace] GC(8) Metaspace: 28769K(29120K)->28769K(29120K) NonClass: 25179K(25344K)->25179K(25344K) Class: 3590K(3776K)->3590K(3776K)
[2026-04-03T01:41:03.516+0600][5.314s][info][gc          ] GC(8) Pause Young (Prepare Mixed) (G1 Evacuation Pause) 84M->25M(100M) 9.044ms
[2026-04-03T01:41:03.516+0600][5.314s][info][gc,cpu      ] GC(8) User=0.02s Sys=0.00s Real=0.01s
[2026-04-03T01:41:05.014+0600][6.812s][info][gc,start    ] GC(9) Pause Young (Mixed) (Metadata GC Threshold)
[2026-04-03T01:41:05.014+0600][6.812s][info][gc,task     ] GC(9) Using 2 workers of 10 for evacuation
[2026-04-03T01:41:05.024+0600][6.822s][info][gc,phases   ] GC(9)   Pre Evacuate Collection Set: 0.36ms
[2026-04-03T01:41:05.024+0600][6.822s][info][gc,phases   ] GC(9)   Merge Heap Roots: 0.14ms
[2026-04-03T01:41:05.024+0600][6.822s][info][gc,phases   ] GC(9)   Evacuate Collection Set: 8.73ms
[2026-04-03T01:41:05.024+0600][6.822s][info][gc,phases   ] GC(9)   Post Evacuate Collection Set: 0.73ms
[2026-04-03T01:41:05.024+0600][6.822s][info][gc,phases   ] GC(9)   Other: 0.09ms
[2026-04-03T01:41:05.024+0600][6.822s][info][gc,heap     ] GC(9) Eden regions: 26->0(27)
[2026-04-03T01:41:05.024+0600][6.822s][info][gc,heap     ] GC(9) Survivor regions: 2->3(4)
[2026-04-03T01:41:05.024+0600][6.822s][info][gc,heap     ] GC(9) Old regions: 8->8
[2026-04-03T01:41:05.024+0600][6.822s][info][gc,heap     ] GC(9) Humongous regions: 10->3
[2026-04-03T01:41:05.024+0600][6.822s][info][gc,metaspace] GC(9) Metaspace: 35961K(36288K)->35961K(36288K) NonClass: 31474K(31680K)->31474K(31680K) Class: 4486K(4608K)->4486K(4608K)
[2026-04-03T01:41:05.024+0600][6.822s][info][gc          ] GC(9) Pause Young (Mixed) (Metadata GC Threshold) 89M->25M(100M) 10.287ms
[2026-04-03T01:41:05.024+0600][6.822s][info][gc,cpu      ] GC(9) User=0.02s Sys=0.00s Real=0.01s
[2026-04-03T01:41:05.046+0600][6.844s][info][gc,start    ] GC(10) Pause Young (Concurrent Start) (Metadata GC Threshold)
[2026-04-03T01:41:05.046+0600][6.844s][info][gc,task     ] GC(10) Using 2 workers of 10 for evacuation
[2026-04-03T01:41:05.053+0600][6.851s][info][gc,phases   ] GC(10)   Pre Evacuate Collection Set: 0.34ms
[2026-04-03T01:41:05.053+0600][6.851s][info][gc,phases   ] GC(10)   Merge Heap Roots: 0.08ms
[2026-04-03T01:41:05.053+0600][6.851s][info][gc,phases   ] GC(10)   Evacuate Collection Set: 6.08ms
[2026-04-03T01:41:05.053+0600][6.851s][info][gc,phases   ] GC(10)   Post Evacuate Collection Set: 0.62ms
[2026-04-03T01:41:05.053+0600][6.851s][info][gc,phases   ] GC(10)   Other: 0.11ms
[2026-04-03T01:41:05.053+0600][6.851s][info][gc,heap     ] GC(10) Eden regions: 2->0(28)
[2026-04-03T01:41:05.053+0600][6.851s][info][gc,heap     ] GC(10) Survivor regions: 3->2(4)
[2026-04-03T01:41:05.053+0600][6.851s][info][gc,heap     ] GC(10) Old regions: 8->9
[2026-04-03T01:41:05.053+0600][6.851s][info][gc,heap     ] GC(10) Humongous regions: 3->3
[2026-04-03T01:41:05.053+0600][6.851s][info][gc,metaspace] GC(10) Metaspace: 36255K(36608K)->36255K(36608K) NonClass: 31734K(31936K)->31734K(31936K) Class: 4521K(4672K)->4521K(4672K)
[2026-04-03T01:41:05.053+0600][6.851s][info][gc          ] GC(10) Pause Young (Concurrent Start) (Metadata GC Threshold) 29M->25M(100M) 7.456ms
[2026-04-03T01:41:05.053+0600][6.851s][info][gc,cpu      ] GC(10) User=0.01s Sys=0.00s Real=0.01s
[2026-04-03T01:41:05.053+0600][6.851s][info][gc          ] GC(11) Concurrent Mark Cycle
[2026-04-03T01:41:05.053+0600][6.851s][info][gc,marking  ] GC(11) Concurrent Scan Root Regions
[2026-04-03T01:41:05.056+0600][6.854s][info][gc,marking  ] GC(11) Concurrent Scan Root Regions 2.454ms
[2026-04-03T01:41:05.056+0600][6.854s][info][gc,marking  ] GC(11) Concurrent Mark
[2026-04-03T01:41:05.056+0600][6.854s][info][gc,marking  ] GC(11) Concurrent Mark From Roots
[2026-04-03T01:41:05.056+0600][6.854s][info][gc,task     ] GC(11) Using 3 workers of 3 for marking
[2026-04-03T01:41:05.061+0600][6.859s][info][gc,marking  ] GC(11) Concurrent Mark From Roots 5.102ms
[2026-04-03T01:41:05.061+0600][6.859s][info][gc,marking  ] GC(11) Concurrent Preclean
[2026-04-03T01:41:05.061+0600][6.859s][info][gc,marking  ] GC(11) Concurrent Preclean 0.046ms
[2026-04-03T01:41:05.062+0600][6.860s][info][gc,start    ] GC(11) Pause Remark
[2026-04-03T01:41:05.067+0600][6.866s][info][gc          ] GC(11) Pause Remark 26M->26M(94M) 5.593ms
[2026-04-03T01:41:05.068+0600][6.866s][info][gc,cpu      ] GC(11) User=0.01s Sys=0.00s Real=0.00s
[2026-04-03T01:41:05.068+0600][6.866s][info][gc,marking  ] GC(11) Concurrent Mark 11.846ms
[2026-04-03T01:41:05.068+0600][6.866s][info][gc,marking  ] GC(11) Concurrent Rebuild Remembered Sets and Scrub Regions
[2026-04-03T01:41:05.072+0600][6.870s][info][gc,marking  ] GC(11) Concurrent Rebuild Remembered Sets and Scrub Regions 3.826ms
[2026-04-03T01:41:05.072+0600][6.870s][info][gc,start    ] GC(11) Pause Cleanup
[2026-04-03T01:41:05.072+0600][6.870s][info][gc          ] GC(11) Pause Cleanup 26M->26M(94M) 0.223ms
[2026-04-03T01:41:05.072+0600][6.870s][info][gc,cpu      ] GC(11) User=0.00s Sys=0.00s Real=0.00s
[2026-04-03T01:41:05.072+0600][6.871s][info][gc,marking  ] GC(11) Concurrent Clear Claimed Marks
[2026-04-03T01:41:05.073+0600][6.871s][info][gc,marking  ] GC(11) Concurrent Clear Claimed Marks 0.084ms
[2026-04-03T01:41:05.073+0600][6.871s][info][gc,marking  ] GC(11) Concurrent Cleanup for Next Mark
[2026-04-03T01:41:05.073+0600][6.871s][info][gc,marking  ] GC(11) Concurrent Cleanup for Next Mark 0.395ms
[2026-04-03T01:41:05.073+0600][6.871s][info][gc          ] GC(11) Concurrent Mark Cycle 19.777ms
[2026-04-03T01:41:06.713+0600][8.511s][info][gc,start    ] GC(12) Pause Young (Prepare Mixed) (G1 Evacuation Pause)
[2026-04-03T01:41:06.713+0600][8.511s][info][gc,task     ] GC(12) Using 2 workers of 10 for evacuation
[2026-04-03T01:41:06.724+0600][8.522s][info][gc,phases   ] GC(12)   Pre Evacuate Collection Set: 0.30ms
[2026-04-03T01:41:06.724+0600][8.522s][info][gc,phases   ] GC(12)   Merge Heap Roots: 0.14ms
[2026-04-03T01:41:06.724+0600][8.522s][info][gc,phases   ] GC(12)   Evacuate Collection Set: 9.96ms
[2026-04-03T01:41:06.724+0600][8.522s][info][gc,phases   ] GC(12)   Post Evacuate Collection Set: 0.88ms
[2026-04-03T01:41:06.724+0600][8.522s][info][gc,phases   ] GC(12)   Other: 0.09ms
[2026-04-03T01:41:06.724+0600][8.522s][info][gc,heap     ] GC(12) Eden regions: 27->0(33)
[2026-04-03T01:41:06.724+0600][8.522s][info][gc,heap     ] GC(12) Survivor regions: 2->4(4)
[2026-04-03T01:41:06.724+0600][8.522s][info][gc,heap     ] GC(12) Old regions: 9->9
[2026-04-03T01:41:06.724+0600][8.522s][info][gc,heap     ] GC(12) Humongous regions: 9->3
[2026-04-03T01:41:06.724+0600][8.522s][info][gc,metaspace] GC(12) Metaspace: 43065K(43520K)->43065K(43520K) NonClass: 37704K(37952K)->37704K(37952K) Class: 5360K(5568K)->5360K(5568K)
[2026-04-03T01:41:06.724+0600][8.522s][info][gc          ] GC(12) Pause Young (Prepare Mixed) (G1 Evacuation Pause) 91M->29M(124M) 11.588ms
[2026-04-03T01:41:06.724+0600][8.523s][info][gc,cpu      ] GC(12) User=0.02s Sys=0.00s Real=0.01s
[2026-04-03T01:41:08.628+0600][10.427s][info][gc,start    ] GC(13) Pause Young (Mixed) (G1 Evacuation Pause)
[2026-04-03T01:41:08.628+0600][10.427s][info][gc,task     ] GC(13) Using 2 workers of 10 for evacuation
[2026-04-03T01:41:08.645+0600][10.443s][info][gc,phases   ] GC(13)   Pre Evacuate Collection Set: 0.36ms
[2026-04-03T01:41:08.645+0600][10.443s][info][gc,phases   ] GC(13)   Merge Heap Roots: 0.22ms
[2026-04-03T01:41:08.645+0600][10.443s][info][gc,phases   ] GC(13)   Evacuate Collection Set: 14.89ms
[2026-04-03T01:41:08.645+0600][10.443s][info][gc,phases   ] GC(13)   Post Evacuate Collection Set: 0.97ms
[2026-04-03T01:41:08.645+0600][10.443s][info][gc,phases   ] GC(13)   Other: 0.07ms
[2026-04-03T01:41:08.645+0600][10.443s][info][gc,heap     ] GC(13) Eden regions: 33->0(32)
[2026-04-03T01:41:08.645+0600][10.443s][info][gc,heap     ] GC(13) Survivor regions: 4->5(5)
[2026-04-03T01:41:08.645+0600][10.443s][info][gc,heap     ] GC(13) Old regions: 9->9
[2026-04-03T01:41:08.645+0600][10.443s][info][gc,heap     ] GC(13) Humongous regions: 10->3
[2026-04-03T01:41:08.645+0600][10.443s][info][gc,metaspace] GC(13) Metaspace: 54293K(54720K)->54293K(54720K) NonClass: 47765K(48000K)->47765K(48000K) Class: 6527K(6720K)->6527K(6720K)
[2026-04-03T01:41:08.645+0600][10.443s][info][gc          ] GC(13) Pause Young (Mixed) (G1 Evacuation Pause) 109M->31M(124M) 16.733ms
[2026-04-03T01:41:08.645+0600][10.443s][info][gc,cpu      ] GC(13) User=0.04s Sys=0.00s Real=0.02s
[2026-04-03T01:41:09.132+0600][10.930s][info][gc,start    ] GC(14) Pause Young (Concurrent Start) (Metadata GC Threshold)
[2026-04-03T01:41:09.132+0600][10.930s][info][gc,task     ] GC(14) Using 2 workers of 10 for evacuation
[2026-04-03T01:41:09.149+0600][10.947s][info][gc,phases   ] GC(14)   Pre Evacuate Collection Set: 0.36ms
[2026-04-03T01:41:09.149+0600][10.947s][info][gc,phases   ] GC(14)   Merge Heap Roots: 0.17ms
[2026-04-03T01:41:09.149+0600][10.947s][info][gc,phases   ] GC(14)   Evacuate Collection Set: 15.33ms
[2026-04-03T01:41:09.149+0600][10.947s][info][gc,phases   ] GC(14)   Post Evacuate Collection Set: 0.70ms
[2026-04-03T01:41:09.149+0600][10.947s][info][gc,phases   ] GC(14)   Other: 0.22ms
[2026-04-03T01:41:09.149+0600][10.947s][info][gc,heap     ] GC(14) Eden regions: 19->0(34)
[2026-04-03T01:41:09.149+0600][10.947s][info][gc,heap     ] GC(14) Survivor regions: 5->3(5)
[2026-04-03T01:41:09.149+0600][10.947s][info][gc,heap     ] GC(14) Old regions: 9->12
[2026-04-03T01:41:09.149+0600][10.947s][info][gc,heap     ] GC(14) Humongous regions: 3->3
[2026-04-03T01:41:09.149+0600][10.947s][info][gc,metaspace] GC(14) Metaspace: 60848K(61248K)->60848K(61248K) NonClass: 53401K(53632K)->53401K(53632K) Class: 7447K(7616K)->7447K(7616K)
[2026-04-03T01:41:09.149+0600][10.947s][info][gc          ] GC(14) Pause Young (Concurrent Start) (Metadata GC Threshold) 69M->33M(124M) 17.228ms
[2026-04-03T01:41:09.149+0600][10.947s][info][gc,cpu      ] GC(14) User=0.07s Sys=0.01s Real=0.01s
[2026-04-03T01:41:09.149+0600][10.947s][info][gc          ] GC(15) Concurrent Mark Cycle
[2026-04-03T01:41:09.149+0600][10.947s][info][gc,marking  ] GC(15) Concurrent Scan Root Regions
[2026-04-03T01:41:09.155+0600][10.953s][info][gc,marking  ] GC(15) Concurrent Scan Root Regions 5.377ms
[2026-04-03T01:41:09.155+0600][10.953s][info][gc,marking  ] GC(15) Concurrent Mark
[2026-04-03T01:41:09.155+0600][10.953s][info][gc,marking  ] GC(15) Concurrent Mark From Roots
[2026-04-03T01:41:09.155+0600][10.953s][info][gc,task     ] GC(15) Using 3 workers of 3 for marking
[2026-04-03T01:41:09.167+0600][10.965s][info][gc,marking  ] GC(15) Concurrent Mark From Roots 11.787ms
[2026-04-03T01:41:09.167+0600][10.965s][info][gc,marking  ] GC(15) Concurrent Preclean
[2026-04-03T01:41:09.167+0600][10.965s][info][gc,marking  ] GC(15) Concurrent Preclean 0.127ms
[2026-04-03T01:41:09.167+0600][10.965s][info][gc,start    ] GC(15) Pause Remark
[2026-04-03T01:41:09.177+0600][10.975s][info][gc          ] GC(15) Pause Remark 34M->34M(120M) 9.546ms
[2026-04-03T01:41:09.177+0600][10.975s][info][gc,cpu      ] GC(15) User=0.04s Sys=0.00s Real=0.01s
[2026-04-03T01:41:09.177+0600][10.975s][info][gc,marking  ] GC(15) Concurrent Mark 22.157ms
[2026-04-03T01:41:09.177+0600][10.975s][info][gc,marking  ] GC(15) Concurrent Rebuild Remembered Sets and Scrub Regions
[2026-04-03T01:41:09.186+0600][10.984s][info][gc,marking  ] GC(15) Concurrent Rebuild Remembered Sets and Scrub Regions 9.324ms
[2026-04-03T01:41:09.187+0600][10.985s][info][gc,start    ] GC(15) Pause Cleanup
[2026-04-03T01:41:09.187+0600][10.985s][info][gc          ] GC(15) Pause Cleanup 35M->35M(120M) 0.207ms
[2026-04-03T01:41:09.187+0600][10.985s][info][gc,cpu      ] GC(15) User=0.01s Sys=0.00s Real=0.00s
[2026-04-03T01:41:09.187+0600][10.985s][info][gc,marking  ] GC(15) Concurrent Clear Claimed Marks
[2026-04-03T01:41:09.187+0600][10.985s][info][gc,marking  ] GC(15) Concurrent Clear Claimed Marks 0.114ms
[2026-04-03T01:41:09.187+0600][10.985s][info][gc,marking  ] GC(15) Concurrent Cleanup for Next Mark
[2026-04-03T01:41:09.188+0600][10.986s][info][gc,marking  ] GC(15) Concurrent Cleanup for Next Mark 0.568ms
[2026-04-03T01:41:09.188+0600][10.986s][info][gc          ] GC(15) Concurrent Mark Cycle 38.458ms
[2026-04-03T01:41:09.723+0600][11.521s][info][gc,start    ] GC(16) Pause Young (Prepare Mixed) (G1 Evacuation Pause)
[2026-04-03T01:41:09.723+0600][11.521s][info][gc,task     ] GC(16) Using 2 workers of 10 for evacuation
[2026-04-03T01:41:09.735+0600][11.533s][info][gc,phases   ] GC(16)   Pre Evacuate Collection Set: 0.36ms
[2026-04-03T01:41:09.735+0600][11.534s][info][gc,phases   ] GC(16)   Merge Heap Roots: 0.14ms
[2026-04-03T01:41:09.735+0600][11.534s][info][gc,phases   ] GC(16)   Evacuate Collection Set: 10.89ms
[2026-04-03T01:41:09.735+0600][11.534s][info][gc,phases   ] GC(16)   Post Evacuate Collection Set: 1.09ms
[2026-04-03T01:41:09.735+0600][11.534s][info][gc,phases   ] GC(16)   Other: 0.09ms
[2026-04-03T01:41:09.735+0600][11.534s][info][gc,heap     ] GC(16) Eden regions: 34->0(34)
[2026-04-03T01:41:09.735+0600][11.534s][info][gc,heap     ] GC(16) Survivor regions: 3->2(5)
[2026-04-03T01:41:09.735+0600][11.534s][info][gc,heap     ] GC(16) Old regions: 12->14
[2026-04-03T01:41:09.735+0600][11.534s][info][gc,heap     ] GC(16) Humongous regions: 3->3
[2026-04-03T01:41:09.735+0600][11.534s][info][gc,metaspace] GC(16) Metaspace: 63708K(64192K)->63708K(64192K) NonClass: 55850K(56128K)->55850K(56128K) Class: 7858K(8064K)->7858K(8064K)
[2026-04-03T01:41:09.736+0600][11.534s][info][gc          ] GC(16) Pause Young (Prepare Mixed) (G1 Evacuation Pause) 101M->34M(120M) 12.854ms
[2026-04-03T01:41:09.736+0600][11.534s][info][gc,cpu      ] GC(16) User=0.02s Sys=0.00s Real=0.01s
[2026-04-03T01:41:10.618+0600][12.416s][info][gc,start    ] GC(17) Pause Young (Mixed) (G1 Evacuation Pause)
[2026-04-03T01:41:10.618+0600][12.416s][info][gc,task     ] GC(17) Using 2 workers of 10 for evacuation
[2026-04-03T01:41:10.630+0600][12.428s][info][gc,phases   ] GC(17)   Pre Evacuate Collection Set: 0.29ms
[2026-04-03T01:41:10.630+0600][12.428s][info][gc,phases   ] GC(17)   Merge Heap Roots: 0.08ms
[2026-04-03T01:41:10.630+0600][12.428s][info][gc,phases   ] GC(17)   Evacuate Collection Set: 9.79ms
[2026-04-03T01:41:10.630+0600][12.428s][info][gc,phases   ] GC(17)   Post Evacuate Collection Set: 1.38ms
[2026-04-03T01:41:10.630+0600][12.428s][info][gc,phases   ] GC(17)   Other: 0.08ms
[2026-04-03T01:41:10.630+0600][12.428s][info][gc,heap     ] GC(17) Eden regions: 34->0(32)
[2026-04-03T01:41:10.630+0600][12.428s][info][gc,heap     ] GC(17) Survivor regions: 2->4(5)
[2026-04-03T01:41:10.630+0600][12.428s][info][gc,heap     ] GC(17) Old regions: 14->13
[2026-04-03T01:41:10.630+0600][12.428s][info][gc,heap     ] GC(17) Humongous regions: 3->3
[2026-04-03T01:41:10.630+0600][12.428s][info][gc,metaspace] GC(17) Metaspace: 76363K(76864K)->76363K(76864K) NonClass: 67145K(67456K)->67145K(67456K) Class: 9218K(9408K)->9218K(9408K)
[2026-04-03T01:41:10.630+0600][12.428s][info][gc          ] GC(17) Pause Young (Mixed) (G1 Evacuation Pause) 102M->39M(120M) 11.892ms
[2026-04-03T01:41:10.630+0600][12.428s][info][gc,cpu      ] GC(17) User=0.02s Sys=0.00s Real=0.02s
[2026-04-03T01:41:11.134+0600][12.932s][info][gc,start    ] GC(18) Pause Young (Normal) (G1 Evacuation Pause)
[2026-04-03T01:41:11.134+0600][12.932s][info][gc,task     ] GC(18) Using 2 workers of 10 for evacuation
[2026-04-03T01:41:11.148+0600][12.946s][info][gc,phases   ] GC(18)   Pre Evacuate Collection Set: 0.30ms
[2026-04-03T01:41:11.148+0600][12.946s][info][gc,phases   ] GC(18)   Merge Heap Roots: 0.18ms
[2026-04-03T01:41:11.148+0600][12.946s][info][gc,phases   ] GC(18)   Evacuate Collection Set: 11.57ms
[2026-04-03T01:41:11.148+0600][12.946s][info][gc,phases   ] GC(18)   Post Evacuate Collection Set: 1.59ms
[2026-04-03T01:41:11.148+0600][12.946s][info][gc,phases   ] GC(18)   Other: 0.08ms
[2026-04-03T01:41:11.148+0600][12.946s][info][gc,heap     ] GC(18) Eden regions: 32->0(33)
[2026-04-03T01:41:11.148+0600][12.946s][info][gc,heap     ] GC(18) Survivor regions: 4->3(5)
[2026-04-03T01:41:11.148+0600][12.946s][info][gc,heap     ] GC(18) Old regions: 13->15
[2026-04-03T01:41:11.148+0600][12.946s][info][gc,heap     ] GC(18) Humongous regions: 3->3
[2026-04-03T01:41:11.148+0600][12.946s][info][gc,metaspace] GC(18) Metaspace: 83062K(83520K)->83062K(83520K) NonClass: 72903K(73152K)->72903K(73152K) Class: 10159K(10368K)->10159K(10368K)
[2026-04-03T01:41:11.148+0600][12.946s][info][gc          ] GC(18) Pause Young (Normal) (G1 Evacuation Pause) 103M->40M(120M) 13.995ms
[2026-04-03T01:41:11.148+0600][12.946s][info][gc,cpu      ] GC(18) User=0.03s Sys=0.00s Real=0.01s
[2026-04-03T01:41:12.417+0600][14.215s][info][gc,start    ] GC(19) Pause Young (Concurrent Start) (G1 Evacuation Pause)
[2026-04-03T01:41:12.417+0600][14.215s][info][gc,task     ] GC(19) Using 2 workers of 10 for evacuation
[2026-04-03T01:41:12.434+0600][14.233s][info][gc,phases   ] GC(19)   Pre Evacuate Collection Set: 0.22ms
[2026-04-03T01:41:12.434+0600][14.233s][info][gc,phases   ] GC(19)   Merge Heap Roots: 0.10ms
[2026-04-03T01:41:12.434+0600][14.233s][info][gc,phases   ] GC(19)   Evacuate Collection Set: 15.51ms
[2026-04-03T01:41:12.434+0600][14.233s][info][gc,phases   ] GC(19)   Post Evacuate Collection Set: 1.35ms
[2026-04-03T01:41:12.434+0600][14.233s][info][gc,phases   ] GC(19)   Other: 0.14ms
[2026-04-03T01:41:12.434+0600][14.233s][info][gc,heap     ] GC(19) Eden regions: 33->0(40)
[2026-04-03T01:41:12.434+0600][14.233s][info][gc,heap     ] GC(19) Survivor regions: 3->3(5)
[2026-04-03T01:41:12.434+0600][14.233s][info][gc,heap     ] GC(19) Old regions: 15->17
[2026-04-03T01:41:12.434+0600][14.233s][info][gc,heap     ] GC(19) Humongous regions: 3->3
[2026-04-03T01:41:12.434+0600][14.233s][info][gc,metaspace] GC(19) Metaspace: 97352K(97920K)->97352K(97920K) NonClass: 85248K(85568K)->85248K(85568K) Class: 12103K(12352K)->12103K(12352K)
[2026-04-03T01:41:12.435+0600][14.233s][info][gc          ] GC(19) Pause Young (Concurrent Start) (G1 Evacuation Pause) 106M->44M(144M) 17.582ms
[2026-04-03T01:41:12.435+0600][14.233s][info][gc,cpu      ] GC(19) User=0.03s Sys=0.00s Real=0.02s
[2026-04-03T01:41:12.435+0600][14.233s][info][gc          ] GC(20) Concurrent Mark Cycle
[2026-04-03T01:41:12.435+0600][14.233s][info][gc,marking  ] GC(20) Concurrent Scan Root Regions
[2026-04-03T01:41:12.441+0600][14.239s][info][gc,marking  ] GC(20) Concurrent Scan Root Regions 6.286ms
[2026-04-03T01:41:12.441+0600][14.239s][info][gc,marking  ] GC(20) Concurrent Mark
[2026-04-03T01:41:12.441+0600][14.239s][info][gc,marking  ] GC(20) Concurrent Mark From Roots
[2026-04-03T01:41:12.441+0600][14.239s][info][gc,task     ] GC(20) Using 3 workers of 3 for marking
[2026-04-03T01:41:12.461+0600][14.259s][info][gc,marking  ] GC(20) Concurrent Mark From Roots 20.190ms
[2026-04-03T01:41:12.461+0600][14.260s][info][gc,marking  ] GC(20) Concurrent Preclean
[2026-04-03T01:41:12.462+0600][14.260s][info][gc,marking  ] GC(20) Concurrent Preclean 0.323ms
[2026-04-03T01:41:12.462+0600][14.260s][info][gc,start    ] GC(20) Pause Remark
[2026-04-03T01:41:12.474+0600][14.272s][info][gc          ] GC(20) Pause Remark 46M->46M(144M) 11.458ms
[2026-04-03T01:41:12.474+0600][14.272s][info][gc,cpu      ] GC(20) User=0.02s Sys=0.00s Real=0.01s
[2026-04-03T01:41:12.474+0600][14.272s][info][gc,marking  ] GC(20) Concurrent Mark 32.752ms
[2026-04-03T01:41:12.474+0600][14.272s][info][gc,marking  ] GC(20) Concurrent Rebuild Remembered Sets and Scrub Regions
[2026-04-03T01:41:12.487+0600][14.286s][info][gc,marking  ] GC(20) Concurrent Rebuild Remembered Sets and Scrub Regions 13.575ms
[2026-04-03T01:41:12.488+0600][14.287s][info][gc,start    ] GC(20) Pause Cleanup
[2026-04-03T01:41:12.489+0600][14.287s][info][gc          ] GC(20) Pause Cleanup 46M->46M(144M) 0.211ms
[2026-04-03T01:41:12.489+0600][14.287s][info][gc,cpu      ] GC(20) User=0.00s Sys=0.00s Real=0.00s
[2026-04-03T01:41:12.489+0600][14.287s][info][gc,marking  ] GC(20) Concurrent Clear Claimed Marks
[2026-04-03T01:41:12.489+0600][14.287s][info][gc,marking  ] GC(20) Concurrent Clear Claimed Marks 0.175ms
[2026-04-03T01:41:12.489+0600][14.287s][info][gc,marking  ] GC(20) Concurrent Cleanup for Next Mark
[2026-04-03T01:41:12.490+0600][14.288s][info][gc,marking  ] GC(20) Concurrent Cleanup for Next Mark 0.524ms
[2026-04-03T01:41:12.490+0600][14.288s][info][gc          ] GC(20) Concurrent Mark Cycle 54.979ms
[2026-04-03T01:41:13.549+0600][15.347s][info][gc,start    ] GC(21) Pause Young (Prepare Mixed) (GCLocker Initiated GC)
[2026-04-03T01:41:13.549+0600][15.347s][info][gc,task     ] GC(21) Using 3 workers of 10 for evacuation
[2026-04-03T01:41:13.559+0600][15.357s][info][gc,phases   ] GC(21)   Pre Evacuate Collection Set: 0.14ms
[2026-04-03T01:41:13.572+0600][15.370s][info][gc,phases   ] GC(21)   Merge Heap Roots: 0.18ms
[2026-04-03T01:41:13.572+0600][15.370s][info][gc,phases   ] GC(21)   Evacuate Collection Set: 9.12ms
[2026-04-03T01:41:13.572+0600][15.370s][info][gc,phases   ] GC(21)   Post Evacuate Collection Set: 0.83ms
[2026-04-03T01:41:13.572+0600][15.370s][info][gc,phases   ] GC(21)   Other: 0.08ms
[2026-04-03T01:41:13.572+0600][15.370s][info][gc,heap     ] GC(21) Eden regions: 40->0(37)
[2026-04-03T01:41:13.572+0600][15.370s][info][gc,heap     ] GC(21) Survivor regions: 3->6(6)
[2026-04-03T01:41:13.572+0600][15.370s][info][gc,heap     ] GC(21) Old regions: 17->17
[2026-04-03T01:41:13.572+0600][15.370s][info][gc,heap     ] GC(21) Humongous regions: 5->3
[2026-04-03T01:41:13.572+0600][15.370s][info][gc,metaspace] GC(21) Metaspace: 107194K(107840K)->107194K(107840K) NonClass: 93688K(94080K)->93688K(94080K) Class: 13505K(13760K)->13505K(13760K)
[2026-04-03T01:41:13.572+0600][15.370s][info][gc          ] GC(21) Pause Young (Prepare Mixed) (GCLocker Initiated GC) 128M->50M(144M) 23.494ms
[2026-04-03T01:41:13.572+0600][15.370s][info][gc,cpu      ] GC(21) User=0.03s Sys=0.00s Real=0.03s
[2026-04-03T01:41:14.901+0600][16.700s][info][gc,start    ] GC(22) Pause Young (Mixed) (G1 Evacuation Pause)
[2026-04-03T01:41:14.901+0600][16.700s][info][gc,task     ] GC(22) Using 6 workers of 10 for evacuation
[2026-04-03T01:41:14.923+0600][16.721s][info][gc,phases   ] GC(22)   Pre Evacuate Collection Set: 0.23ms
[2026-04-03T01:41:14.923+0600][16.721s][info][gc,phases   ] GC(22)   Merge Heap Roots: 0.33ms
[2026-04-03T01:41:14.923+0600][16.721s][info][gc,phases   ] GC(22)   Evacuate Collection Set: 18.99ms
[2026-04-03T01:41:14.923+0600][16.721s][info][gc,phases   ] GC(22)   Post Evacuate Collection Set: 1.70ms
[2026-04-03T01:41:14.923+0600][16.721s][info][gc,phases   ] GC(22)   Other: 0.10ms
[2026-04-03T01:41:14.923+0600][16.721s][info][gc,heap     ] GC(22) Eden regions: 28->0(32)
[2026-04-03T01:41:14.923+0600][16.721s][info][gc,heap     ] GC(22) Survivor regions: 6->6(6)
[2026-04-03T01:41:14.923+0600][16.721s][info][gc,heap     ] GC(22) Old regions: 17->20
[2026-04-03T01:41:14.923+0600][16.721s][info][gc,heap     ] GC(22) Humongous regions: 89->83
[2026-04-03T01:41:14.923+0600][16.721s][info][gc,metaspace] GC(22) Metaspace: 112799K(114048K)->112799K(114048K) NonClass: 98268K(98944K)->98268K(98944K) Class: 14531K(15104K)->14531K(15104K)
[2026-04-03T01:41:14.923+0600][16.721s][info][gc          ] GC(22) Pause Young (Mixed) (G1 Evacuation Pause) 278M->216M(300M) 21.676ms
[2026-04-03T01:41:14.923+0600][16.721s][info][gc,cpu      ] GC(22) User=0.16s Sys=0.02s Real=0.02s
[2026-04-03T01:41:15.231+0600][17.029s][info][gc,start    ] GC(23) Pause Young (Concurrent Start) (G1 Humongous Allocation)
[2026-04-03T01:41:15.231+0600][17.029s][info][gc,task     ] GC(23) Using 7 workers of 10 for evacuation
[2026-04-03T01:41:15.243+0600][17.041s][info][gc,phases   ] GC(23)   Pre Evacuate Collection Set: 0.49ms
[2026-04-03T01:41:15.243+0600][17.042s][info][gc,phases   ] GC(23)   Merge Heap Roots: 0.12ms
[2026-04-03T01:41:15.243+0600][17.042s][info][gc,phases   ] GC(23)   Evacuate Collection Set: 10.56ms
[2026-04-03T01:41:15.243+0600][17.042s][info][gc,phases   ] GC(23)   Post Evacuate Collection Set: 0.63ms
[2026-04-03T01:41:15.243+0600][17.042s][info][gc,phases   ] GC(23)   Other: 0.22ms
[2026-04-03T01:41:15.243+0600][17.042s][info][gc,heap     ] GC(23) Eden regions: 9->0(43)
[2026-04-03T01:41:15.243+0600][17.042s][info][gc,heap     ] GC(23) Survivor regions: 6->1(5)
[2026-04-03T01:41:15.243+0600][17.042s][info][gc,heap     ] GC(23) Old regions: 20->25
[2026-04-03T01:41:15.243+0600][17.042s][info][gc,heap     ] GC(23) Humongous regions: 83->71
[2026-04-03T01:41:15.243+0600][17.042s][info][gc,metaspace] GC(23) Metaspace: 114063K(115456K)->114063K(115456K) NonClass: 99264K(100032K)->99264K(100032K) Class: 14799K(15424K)->14799K(15424K)
[2026-04-03T01:41:15.244+0600][17.042s][info][gc          ] GC(23) Pause Young (Concurrent Start) (G1 Humongous Allocation) 233M->193M(300M) 12.409ms
[2026-04-03T01:41:15.244+0600][17.042s][info][gc          ] GC(24) Concurrent Mark Cycle
[2026-04-03T01:41:15.244+0600][17.042s][info][gc,cpu      ] GC(23) User=0.11s Sys=0.00s Real=0.01s
[2026-04-03T01:41:15.244+0600][17.042s][info][gc,marking  ] GC(24) Concurrent Scan Root Regions
[2026-04-03T01:41:15.249+0600][17.047s][info][gc,marking  ] GC(24) Concurrent Scan Root Regions 5.278ms
[2026-04-03T01:41:15.249+0600][17.047s][info][gc,marking  ] GC(24) Concurrent Mark
[2026-04-03T01:41:15.249+0600][17.047s][info][gc,marking  ] GC(24) Concurrent Mark From Roots
[2026-04-03T01:41:15.249+0600][17.047s][info][gc,task     ] GC(24) Using 3 workers of 3 for marking
[2026-04-03T01:41:15.287+0600][17.085s][info][gc,marking  ] GC(24) Concurrent Mark From Roots 37.544ms
[2026-04-03T01:41:15.287+0600][17.085s][info][gc,marking  ] GC(24) Concurrent Preclean
[2026-04-03T01:41:15.287+0600][17.085s][info][gc,marking  ] GC(24) Concurrent Preclean 0.302ms
[2026-04-03T01:41:15.287+0600][17.086s][info][gc,start    ] GC(24) Pause Remark
[2026-04-03T01:41:15.295+0600][17.093s][info][gc          ] GC(24) Pause Remark 215M->215M(350M) 7.534ms
[2026-04-03T01:41:15.295+0600][17.093s][info][gc,cpu      ] GC(24) User=0.03s Sys=0.00s Real=0.01s
[2026-04-03T01:41:15.295+0600][17.093s][info][gc,marking  ] GC(24) Concurrent Mark 46.145ms
[2026-04-03T01:41:15.295+0600][17.093s][info][gc,marking  ] GC(24) Concurrent Rebuild Remembered Sets and Scrub Regions
[2026-04-03T01:41:15.313+0600][17.111s][info][gc,marking  ] GC(24) Concurrent Rebuild Remembered Sets and Scrub Regions 18.051ms
[2026-04-03T01:41:15.314+0600][17.112s][info][gc,start    ] GC(24) Pause Cleanup
[2026-04-03T01:41:15.314+0600][17.112s][info][gc          ] GC(24) Pause Cleanup 216M->216M(350M) 0.399ms
[2026-04-03T01:41:15.314+0600][17.112s][info][gc,cpu      ] GC(24) User=0.00s Sys=0.00s Real=0.00s
[2026-04-03T01:41:15.314+0600][17.112s][info][gc,marking  ] GC(24) Concurrent Clear Claimed Marks
[2026-04-03T01:41:15.314+0600][17.113s][info][gc,marking  ] GC(24) Concurrent Clear Claimed Marks 0.301ms
[2026-04-03T01:41:15.315+0600][17.113s][info][gc,marking  ] GC(24) Concurrent Cleanup for Next Mark
[2026-04-03T01:41:15.317+0600][17.115s][info][gc,marking  ] GC(24) Concurrent Cleanup for Next Mark 2.094ms
[2026-04-03T01:41:15.317+0600][17.115s][info][gc          ] GC(24) Concurrent Mark Cycle 73.115ms
[2026-04-03T01:41:16.155+0600][17.953s][info][gc,start    ] GC(25) Pause Young (Prepare Mixed) (G1 Evacuation Pause)
[2026-04-03T01:41:16.155+0600][17.953s][info][gc,task     ] GC(25) Using 8 workers of 10 for evacuation
[2026-04-03T01:41:16.159+0600][17.957s][info][gc,phases   ] GC(25)   Pre Evacuate Collection Set: 0.35ms
[2026-04-03T01:41:16.159+0600][17.958s][info][gc,phases   ] GC(25)   Merge Heap Roots: 0.24ms
[2026-04-03T01:41:16.159+0600][17.958s][info][gc,phases   ] GC(25)   Evacuate Collection Set: 3.10ms
[2026-04-03T01:41:16.159+0600][17.958s][info][gc,phases   ] GC(25)   Post Evacuate Collection Set: 0.84ms
[2026-04-03T01:41:16.159+0600][17.958s][info][gc,phases   ] GC(25)   Other: 0.13ms
[2026-04-03T01:41:16.159+0600][17.958s][info][gc,heap     ] GC(25) Eden regions: 34->0(65)
[2026-04-03T01:41:16.159+0600][17.958s][info][gc,heap     ] GC(25) Survivor regions: 1->2(6)
[2026-04-03T01:41:16.159+0600][17.958s][info][gc,heap     ] GC(25) Old regions: 25->25
[2026-04-03T01:41:16.159+0600][17.958s][info][gc,heap     ] GC(25) Humongous regions: 115->71
[2026-04-03T01:41:16.159+0600][17.958s][info][gc,metaspace] GC(25) Metaspace: 116945K(118528K)->116945K(118528K) NonClass: 101632K(102528K)->101632K(102528K) Class: 15312K(16000K)->15312K(16000K)
[2026-04-03T01:41:16.160+0600][17.958s][info][gc          ] GC(25) Pause Young (Prepare Mixed) (G1 Evacuation Pause) 349M->195M(354M) 5.017ms
[2026-04-03T01:41:16.160+0600][17.958s][info][gc,cpu      ] GC(25) User=0.03s Sys=0.01s Real=0.00s
[2026-04-03T01:41:16.529+0600][18.327s][info][gc,start    ] GC(26) Pause Young (Mixed) (G1 Evacuation Pause)
[2026-04-03T01:41:16.529+0600][18.328s][info][gc,task     ] GC(26) Using 8 workers of 10 for evacuation
[2026-04-03T01:41:16.657+0600][18.456s][info][gc,mmu      ] GC(26) MMU target violated: 51.0ms (50.0ms/51.0ms)
[2026-04-03T01:41:16.657+0600][18.456s][info][gc,phases   ] GC(26)   Pre Evacuate Collection Set: 0.34ms
[2026-04-03T01:41:16.658+0600][18.456s][info][gc,phases   ] GC(26)   Merge Heap Roots: 0.25ms
[2026-04-03T01:41:16.658+0600][18.456s][info][gc,phases   ] GC(26)   Evacuate Collection Set: 126.09ms
[2026-04-03T01:41:16.658+0600][18.456s][info][gc,phases   ] GC(26)   Post Evacuate Collection Set: 1.17ms
[2026-04-03T01:41:16.658+0600][18.456s][info][gc,phases   ] GC(26)   Other: 0.19ms
[2026-04-03T01:41:16.658+0600][18.456s][info][gc,heap     ] GC(26) Eden regions: 65->0(53)
[2026-04-03T01:41:16.658+0600][18.456s][info][gc,heap     ] GC(26) Survivor regions: 2->9(9)
[2026-04-03T01:41:16.658+0600][18.456s][info][gc,heap     ] GC(26) Old regions: 25->35
[2026-04-03T01:41:16.658+0600][18.456s][info][gc,heap     ] GC(26) Humongous regions: 80->72
[2026-04-03T01:41:16.658+0600][18.456s][info][gc,metaspace] GC(26) Metaspace: 117362K(118848K)->117362K(118848K) NonClass: 101992K(102848K)->101992K(102848K) Class: 15370K(16000K)->15370K(16000K)
[2026-04-03T01:41:16.658+0600][18.456s][info][gc          ] GC(26) Pause Young (Mixed) (G1 Evacuation Pause) 343M->230M(384M) 128.308ms
[2026-04-03T01:41:16.658+0600][18.456s][info][gc,cpu      ] GC(26) User=1.15s Sys=0.05s Real=0.13s
[2026-04-03T01:41:16.664+0600][18.462s][info][gc,start    ] GC(27) Pause Young (Concurrent Start) (G1 Humongous Allocation)
[2026-04-03T01:41:16.664+0600][18.462s][info][gc,task     ] GC(27) Using 9 workers of 10 for evacuation
[2026-04-03T01:41:16.683+0600][18.481s][info][gc,phases   ] GC(27)   Pre Evacuate Collection Set: 0.30ms
[2026-04-03T01:41:16.683+0600][18.482s][info][gc,phases   ] GC(27)   Merge Heap Roots: 0.14ms
[2026-04-03T01:41:16.683+0600][18.482s][info][gc,phases   ] GC(27)   Evacuate Collection Set: 17.79ms
[2026-04-03T01:41:16.683+0600][18.482s][info][gc,phases   ] GC(27)   Post Evacuate Collection Set: 0.78ms
[2026-04-03T01:41:16.683+0600][18.482s][info][gc,phases   ] GC(27)   Other: 0.16ms
[2026-04-03T01:41:16.683+0600][18.482s][info][gc,heap     ] GC(27) Eden regions: 1->0(46)
[2026-04-03T01:41:16.683+0600][18.482s][info][gc,heap     ] GC(27) Survivor regions: 9->1(8)
[2026-04-03T01:41:16.683+0600][18.482s][info][gc,heap     ] GC(27) Old regions: 35->44
[2026-04-03T01:41:16.683+0600][18.482s][info][gc,heap     ] GC(27) Humongous regions: 72->72
[2026-04-03T01:41:16.684+0600][18.482s][info][gc,metaspace] GC(27) Metaspace: 117367K(118848K)->117367K(118848K) NonClass: 101997K(102848K)->101997K(102848K) Class: 15370K(16000K)->15370K(16000K)
[2026-04-03T01:41:16.684+0600][18.482s][info][gc          ] GC(27) Pause Young (Concurrent Start) (G1 Humongous Allocation) 232M->234M(384M) 19.562ms
[2026-04-03T01:41:16.684+0600][18.482s][info][gc,cpu      ] GC(27) User=0.16s Sys=0.00s Real=0.02s
[2026-04-03T01:41:16.684+0600][18.482s][info][gc          ] GC(28) Concurrent Mark Cycle
[2026-04-03T01:41:16.684+0600][18.482s][info][gc,marking  ] GC(28) Concurrent Scan Root Regions
[2026-04-03T01:41:16.691+0600][18.489s][info][gc,marking  ] GC(28) Concurrent Scan Root Regions 6.985ms
[2026-04-03T01:41:16.691+0600][18.489s][info][gc,marking  ] GC(28) Concurrent Mark
[2026-04-03T01:41:16.691+0600][18.489s][info][gc,marking  ] GC(28) Concurrent Mark From Roots
[2026-04-03T01:41:16.691+0600][18.489s][info][gc,task     ] GC(28) Using 3 workers of 3 for marking
[2026-04-03T01:41:16.791+0600][18.589s][info][gc,marking  ] GC(28) Concurrent Mark From Roots 100.196ms
[2026-04-03T01:41:16.791+0600][18.589s][info][gc,marking  ] GC(28) Concurrent Preclean
[2026-04-03T01:41:16.792+0600][18.590s][info][gc,marking  ] GC(28) Concurrent Preclean 0.528ms
[2026-04-03T01:41:16.793+0600][18.591s][info][gc,start    ] GC(28) Pause Remark
[2026-04-03T01:41:16.816+0600][18.614s][info][gc          ] GC(28) Pause Remark 264M->256M(400M) 22.759ms
[2026-04-03T01:41:16.816+0600][18.614s][info][gc,cpu      ] GC(28) User=0.20s Sys=0.00s Real=0.02s
[2026-04-03T01:41:16.816+0600][18.614s][info][gc,marking  ] GC(28) Concurrent Mark 125.128ms
[2026-04-03T01:41:16.816+0600][18.614s][info][gc,marking  ] GC(28) Concurrent Rebuild Remembered Sets and Scrub Regions
[2026-04-03T01:41:16.879+0600][18.678s][info][gc,marking  ] GC(28) Concurrent Rebuild Remembered Sets and Scrub Regions 63.187ms
[2026-04-03T01:41:16.880+0600][18.678s][info][gc,start    ] GC(28) Pause Cleanup
[2026-04-03T01:41:16.881+0600][18.679s][info][gc          ] GC(28) Pause Cleanup 264M->264M(400M) 0.344ms
[2026-04-03T01:41:16.881+0600][18.679s][info][gc,cpu      ] GC(28) User=0.00s Sys=0.00s Real=0.00s
[2026-04-03T01:41:16.881+0600][18.679s][info][gc,marking  ] GC(28) Concurrent Clear Claimed Marks
[2026-04-03T01:41:16.881+0600][18.679s][info][gc,marking  ] GC(28) Concurrent Clear Claimed Marks 0.315ms
[2026-04-03T01:41:16.881+0600][18.679s][info][gc,marking  ] GC(28) Concurrent Cleanup for Next Mark
[2026-04-03T01:41:16.883+0600][18.681s][info][gc,marking  ] GC(28) Concurrent Cleanup for Next Mark 1.568ms
[2026-04-03T01:41:16.883+0600][18.681s][info][gc          ] GC(28) Concurrent Mark Cycle 198.890ms
[2026-04-03T01:41:17.229+0600][19.027s][info][gc,start    ] GC(29) Pause Young (Prepare Mixed) (G1 Evacuation Pause)
[2026-04-03T01:41:17.229+0600][19.027s][info][gc,task     ] GC(29) Using 9 workers of 10 for evacuation
[2026-04-03T01:41:17.234+0600][19.032s][info][gc,phases   ] GC(29)   Pre Evacuate Collection Set: 0.29ms
[2026-04-03T01:41:17.234+0600][19.032s][info][gc,phases   ] GC(29)   Merge Heap Roots: 0.13ms
[2026-04-03T01:41:17.234+0600][19.032s][info][gc,phases   ] GC(29)   Evacuate Collection Set: 3.69ms
[2026-04-03T01:41:17.234+0600][19.032s][info][gc,phases   ] GC(29)   Post Evacuate Collection Set: 0.53ms
[2026-04-03T01:41:17.234+0600][19.032s][info][gc,phases   ] GC(29)   Other: 0.12ms
[2026-04-03T01:41:17.234+0600][19.032s][info][gc,heap     ] GC(29) Eden regions: 46->0(22)
[2026-04-03T01:41:17.234+0600][19.032s][info][gc,heap     ] GC(29) Survivor regions: 1->6(6)
[2026-04-03T01:41:17.234+0600][19.032s][info][gc,heap     ] GC(29) Old regions: 44->46
[2026-04-03T01:41:17.234+0600][19.032s][info][gc,heap     ] GC(29) Humongous regions: 91->91
[2026-04-03T01:41:17.234+0600][19.032s][info][gc,metaspace] GC(29) Metaspace: 116824K(118912K)->116824K(118912K) NonClass: 101625K(102912K)->101625K(102912K) Class: 15199K(16000K)->15199K(16000K)
[2026-04-03T01:41:17.234+0600][19.032s][info][gc          ] GC(29) Pause Young (Prepare Mixed) (G1 Evacuation Pause) 364M->285M(400M) 5.059ms
[2026-04-03T01:41:17.234+0600][19.032s][info][gc,cpu      ] GC(29) User=0.04s Sys=0.00s Real=0.01s
[2026-04-03T01:41:17.811+0600][19.610s][info][gc,start    ] GC(30) Pause Young (Mixed) (G1 Evacuation Pause)
[2026-04-03T01:41:17.812+0600][19.610s][info][gc,task     ] GC(30) Using 9 workers of 10 for evacuation
[2026-04-03T01:41:17.817+0600][19.616s][info][gc,phases   ] GC(30)   Pre Evacuate Collection Set: 0.38ms
[2026-04-03T01:41:17.817+0600][19.616s][info][gc,phases   ] GC(30)   Merge Heap Roots: 0.17ms
[2026-04-03T01:41:17.817+0600][19.616s][info][gc,phases   ] GC(30)   Evacuate Collection Set: 4.43ms
[2026-04-03T01:41:17.817+0600][19.616s][info][gc,phases   ] GC(30)   Post Evacuate Collection Set: 0.66ms
[2026-04-03T01:41:17.817+0600][19.616s][info][gc,phases   ] GC(30)   Other: 0.11ms
[2026-04-03T01:41:17.818+0600][19.616s][info][gc,heap     ] GC(30) Eden regions: 23->0(36)
[2026-04-03T01:41:17.818+0600][19.616s][info][gc,heap     ] GC(30) Survivor regions: 6->1(4)
[2026-04-03T01:41:17.818+0600][19.616s][info][gc,heap     ] GC(30) Old regions: 46->51
[2026-04-03T01:41:17.818+0600][19.616s][info][gc,heap     ] GC(30) Humongous regions: 102->91
[2026-04-03T01:41:17.818+0600][19.616s][info][gc,metaspace] GC(30) Metaspace: 116932K(118912K)->116932K(118912K) NonClass: 101730K(102912K)->101730K(102912K) Class: 15201K(16000K)->15201K(16000K)
[2026-04-03T01:41:17.818+0600][19.616s][info][gc          ] GC(30) Pause Young (Mixed) (G1 Evacuation Pause) 353M->284M(400M) 6.130ms
[2026-04-03T01:41:17.818+0600][19.616s][info][gc,cpu      ] GC(30) User=0.05s Sys=0.00s Real=0.00s
[2026-04-03T01:41:18.458+0600][20.257s][info][gc,start    ] GC(31) Pause Young (Mixed) (G1 Evacuation Pause)
[2026-04-03T01:41:18.459+0600][20.257s][info][gc,task     ] GC(31) Using 9 workers of 10 for evacuation
[2026-04-03T01:41:18.463+0600][20.261s][info][gc,phases   ] GC(31)   Pre Evacuate Collection Set: 0.35ms
[2026-04-03T01:41:18.463+0600][20.261s][info][gc,phases   ] GC(31)   Merge Heap Roots: 0.18ms
[2026-04-03T01:41:18.463+0600][20.261s][info][gc,phases   ] GC(31)   Evacuate Collection Set: 2.78ms
[2026-04-03T01:41:18.463+0600][20.261s][info][gc,phases   ] GC(31)   Post Evacuate Collection Set: 0.79ms
[2026-04-03T01:41:18.463+0600][20.261s][info][gc,phases   ] GC(31)   Other: 0.16ms
[2026-04-03T01:41:18.463+0600][20.261s][info][gc,heap     ] GC(31) Eden regions: 36->0(39)
[2026-04-03T01:41:18.463+0600][20.261s][info][gc,heap     ] GC(31) Survivor regions: 1->1(5)
[2026-04-03T01:41:18.463+0600][20.261s][info][gc,heap     ] GC(31) Old regions: 51->51
[2026-04-03T01:41:18.463+0600][20.261s][info][gc,heap     ] GC(31) Humongous regions: 96->91
[2026-04-03T01:41:18.463+0600][20.261s][info][gc,metaspace] GC(31) Metaspace: 120748K(121920K)->120748K(121920K) NonClass: 105147K(105792K)->105147K(105792K) Class: 15600K(16128K)->15600K(16128K)
[2026-04-03T01:41:18.463+0600][20.261s][info][gc          ] GC(31) Pause Young (Mixed) (G1 Evacuation Pause) 366M->283M(400M) 4.688ms
[2026-04-03T01:41:18.463+0600][20.261s][info][gc,cpu      ] GC(31) User=0.03s Sys=0.01s Real=0.01s
[2026-04-03T01:41:18.573+0600][20.371s][info][gc,start    ] GC(32) Pause Young (Concurrent Start) (G1 Humongous Allocation)
[2026-04-03T01:41:18.573+0600][20.371s][info][gc,task     ] GC(32) Using 9 workers of 10 for evacuation
[2026-04-03T01:41:18.577+0600][20.375s][info][gc,phases   ] GC(32)   Pre Evacuate Collection Set: 0.34ms
[2026-04-03T01:41:18.577+0600][20.375s][info][gc,phases   ] GC(32)   Merge Heap Roots: 0.22ms
[2026-04-03T01:41:18.577+0600][20.375s][info][gc,phases   ] GC(32)   Evacuate Collection Set: 2.67ms
[2026-04-03T01:41:18.577+0600][20.375s][info][gc,phases   ] GC(32)   Post Evacuate Collection Set: 0.59ms
[2026-04-03T01:41:18.577+0600][20.375s][info][gc,phases   ] GC(32)   Other: 0.20ms
[2026-04-03T01:41:18.577+0600][20.375s][info][gc,heap     ] GC(32) Eden regions: 12->0(41)
[2026-04-03T01:41:18.577+0600][20.375s][info][gc,heap     ] GC(32) Survivor regions: 1->1(5)
[2026-04-03T01:41:18.577+0600][20.375s][info][gc,heap     ] GC(32) Old regions: 51->51
[2026-04-03T01:41:18.577+0600][20.375s][info][gc,heap     ] GC(32) Humongous regions: 91->91
[2026-04-03T01:41:18.577+0600][20.375s][info][gc,metaspace] GC(32) Metaspace: 120932K(122048K)->120932K(122048K) NonClass: 105312K(105920K)->105312K(105920K) Class: 15619K(16128K)->15619K(16128K)
[2026-04-03T01:41:18.577+0600][20.375s][info][gc          ] GC(32) Pause Young (Concurrent Start) (G1 Humongous Allocation) 307M->283M(400M) 4.424ms
[2026-04-03T01:41:18.577+0600][20.375s][info][gc          ] GC(33) Concurrent Mark Cycle
[2026-04-03T01:41:18.577+0600][20.375s][info][gc,cpu      ] GC(32) User=0.03s Sys=0.00s Real=0.00s
[2026-04-03T01:41:18.577+0600][20.375s][info][gc,marking  ] GC(33) Concurrent Scan Root Regions
[2026-04-03T01:41:18.583+0600][20.381s][info][gc,marking  ] GC(33) Concurrent Scan Root Regions 6.079ms
[2026-04-03T01:41:18.583+0600][20.381s][info][gc,marking  ] GC(33) Concurrent Mark
[2026-04-03T01:41:18.583+0600][20.381s][info][gc,marking  ] GC(33) Concurrent Mark From Roots
[2026-04-03T01:41:18.583+0600][20.381s][info][gc,task     ] GC(33) Using 3 workers of 3 for marking
[2026-04-03T01:41:18.678+0600][20.476s][info][gc,marking  ] GC(33) Concurrent Mark From Roots 94.288ms
[2026-04-03T01:41:18.678+0600][20.476s][info][gc,marking  ] GC(33) Concurrent Preclean
[2026-04-03T01:41:18.678+0600][20.476s][info][gc,marking  ] GC(33) Concurrent Preclean 0.451ms
[2026-04-03T01:41:18.679+0600][20.478s][info][gc,start    ] GC(33) Pause Remark
[2026-04-03T01:41:18.703+0600][20.501s][info][gc          ] GC(33) Pause Remark 297M->249M(414M) 23.586ms
[2026-04-03T01:41:18.703+0600][20.501s][info][gc,cpu      ] GC(33) User=0.19s Sys=0.01s Real=0.03s
[2026-04-03T01:41:18.703+0600][20.502s][info][gc,marking  ] GC(33) Concurrent Mark 120.266ms
[2026-04-03T01:41:18.704+0600][20.502s][info][gc,marking  ] GC(33) Concurrent Rebuild Remembered Sets and Scrub Regions
[2026-04-03T01:41:18.749+0600][20.547s][info][gc,marking  ] GC(33) Concurrent Rebuild Remembered Sets and Scrub Regions 45.509ms
[2026-04-03T01:41:18.750+0600][20.548s][info][gc,start    ] GC(33) Pause Cleanup
[2026-04-03T01:41:18.750+0600][20.548s][info][gc          ] GC(33) Pause Cleanup 252M->252M(414M) 0.355ms
[2026-04-03T01:41:18.750+0600][20.548s][info][gc,cpu      ] GC(33) User=0.00s Sys=0.00s Real=0.01s
[2026-04-03T01:41:18.750+0600][20.548s][info][gc,marking  ] GC(33) Concurrent Clear Claimed Marks
[2026-04-03T01:41:18.750+0600][20.549s][info][gc,marking  ] GC(33) Concurrent Clear Claimed Marks 0.364ms
[2026-04-03T01:41:18.750+0600][20.549s][info][gc,marking  ] GC(33) Concurrent Cleanup for Next Mark
[2026-04-03T01:41:18.752+0600][20.550s][info][gc,marking  ] GC(33) Concurrent Cleanup for Next Mark 1.109ms
[2026-04-03T01:41:18.752+0600][20.550s][info][gc          ] GC(33) Concurrent Mark Cycle 174.767ms
[2026-04-03T01:41:19.229+0600][21.027s][info][gc,start    ] GC(34) Pause Young (Prepare Mixed) (G1 Evacuation Pause)
[2026-04-03T01:41:19.229+0600][21.027s][info][gc,task     ] GC(34) Using 9 workers of 10 for evacuation
[2026-04-03T01:41:19.233+0600][21.031s][info][gc,phases   ] GC(34)   Pre Evacuate Collection Set: 0.41ms
[2026-04-03T01:41:19.233+0600][21.031s][info][gc,phases   ] GC(34)   Merge Heap Roots: 0.45ms
[2026-04-03T01:41:19.233+0600][21.031s][info][gc,phases   ] GC(34)   Evacuate Collection Set: 1.98ms
[2026-04-03T01:41:19.233+0600][21.031s][info][gc,phases   ] GC(34)   Post Evacuate Collection Set: 0.57ms
[2026-04-03T01:41:19.233+0600][21.031s][info][gc,phases   ] GC(34)   Other: 0.12ms
[2026-04-03T01:41:19.233+0600][21.031s][info][gc,heap     ] GC(34) Eden regions: 41->0(68)
[2026-04-03T01:41:19.233+0600][21.031s][info][gc,heap     ] GC(34) Survivor regions: 1->1(6)
[2026-04-03T01:41:19.233+0600][21.031s][info][gc,heap     ] GC(34) Old regions: 51->51
[2026-04-03T01:41:19.233+0600][21.031s][info][gc,heap     ] GC(34) Humongous regions: 84->67
[2026-04-03T01:41:19.233+0600][21.031s][info][gc,metaspace] GC(34) Metaspace: 121262K(122368K)->121262K(122368K) NonClass: 105629K(106176K)->105629K(106176K) Class: 15632K(16192K)->15632K(16192K)
[2026-04-03T01:41:19.233+0600][21.031s][info][gc          ] GC(34) Pause Young (Prepare Mixed) (G1 Evacuation Pause) 351M->235M(414M) 3.839ms
[2026-04-03T01:41:19.233+0600][21.031s][info][gc,cpu      ] GC(34) User=0.01s Sys=0.01s Real=0.01s
[2026-04-03T01:41:19.626+0600][21.424s][info][gc,start    ] GC(35) Pause Young (Mixed) (G1 Evacuation Pause)
[2026-04-03T01:41:19.626+0600][21.424s][info][gc,task     ] GC(35) Using 9 workers of 10 for evacuation
[2026-04-03T01:41:19.631+0600][21.429s][info][gc,phases   ] GC(35)   Pre Evacuate Collection Set: 0.45ms
[2026-04-03T01:41:19.631+0600][21.429s][info][gc,phases   ] GC(35)   Merge Heap Roots: 0.20ms
[2026-04-03T01:41:19.631+0600][21.429s][info][gc,phases   ] GC(35)   Evacuate Collection Set: 3.29ms
[2026-04-03T01:41:19.631+0600][21.429s][info][gc,phases   ] GC(35)   Post Evacuate Collection Set: 0.85ms
[2026-04-03T01:41:19.631+0600][21.429s][info][gc,phases   ] GC(35)   Other: 0.15ms
[2026-04-03T01:41:19.631+0600][21.429s][info][gc,heap     ] GC(35) Eden regions: 68->0(74)
[2026-04-03T01:41:19.631+0600][21.429s][info][gc,heap     ] GC(35) Survivor regions: 1->2(9)
[2026-04-03T01:41:19.631+0600][21.429s][info][gc,heap     ] GC(35) Old regions: 51->45
[2026-04-03T01:41:19.631+0600][21.429s][info][gc,heap     ] GC(35) Humongous regions: 82->67
[2026-04-03T01:41:19.631+0600][21.429s][info][gc,metaspace] GC(35) Metaspace: 121737K(122816K)->121737K(122816K) NonClass: 106033K(106624K)->106033K(106624K) Class: 15703K(16192K)->15703K(16192K)
[2026-04-03T01:41:19.631+0600][21.429s][info][gc          ] GC(35) Pause Young (Mixed) (G1 Evacuation Pause) 401M->225M(414M) 5.310ms
[2026-04-03T01:41:19.631+0600][21.429s][info][gc,cpu      ] GC(35) User=0.04s Sys=0.00s Real=0.01s
[2026-04-03T01:41:19.681+0600][21.479s][info][gc,start    ] GC(36) Pause Young (Concurrent Start) (G1 Humongous Allocation)
[2026-04-03T01:41:19.681+0600][21.479s][info][gc,task     ] GC(36) Using 9 workers of 10 for evacuation
[2026-04-03T01:41:19.686+0600][21.485s][info][gc,phases   ] GC(36)   Pre Evacuate Collection Set: 0.46ms
[2026-04-03T01:41:19.686+0600][21.485s][info][gc,phases   ] GC(36)   Merge Heap Roots: 0.12ms
[2026-04-03T01:41:19.686+0600][21.485s][info][gc,phases   ] GC(36)   Evacuate Collection Set: 3.16ms
[2026-04-03T01:41:19.686+0600][21.485s][info][gc,phases   ] GC(36)   Post Evacuate Collection Set: 1.38ms
[2026-04-03T01:41:19.687+0600][21.485s][info][gc,phases   ] GC(36)   Other: 0.22ms
[2026-04-03T01:41:19.687+0600][21.485s][info][gc,heap     ] GC(36) Eden regions: 19->0(110)
[2026-04-03T01:41:19.687+0600][21.485s][info][gc,heap     ] GC(36) Survivor regions: 2->3(10)
[2026-04-03T01:41:19.687+0600][21.485s][info][gc,heap     ] GC(36) Old regions: 45->45
[2026-04-03T01:41:19.687+0600][21.485s][info][gc,heap     ] GC(36) Humongous regions: 67->67
[2026-04-03T01:41:19.687+0600][21.485s][info][gc,metaspace] GC(36) Metaspace: 121781K(122880K)->121781K(122880K) NonClass: 106077K(106688K)->106077K(106688K) Class: 15703K(16192K)->15703K(16192K)
[2026-04-03T01:41:19.687+0600][21.485s][info][gc          ] GC(36) Pause Young (Concurrent Start) (G1 Humongous Allocation) 263M->227M(498M) 5.726ms
[2026-04-03T01:41:19.687+0600][21.485s][info][gc          ] GC(37) Concurrent Mark Cycle
[2026-04-03T01:41:19.687+0600][21.485s][info][gc,marking  ] GC(37) Concurrent Scan Root Regions
[2026-04-03T01:41:19.687+0600][21.485s][info][gc,cpu      ] GC(36) User=0.04s Sys=0.01s Real=0.00s
[2026-04-03T01:41:19.693+0600][21.491s][info][gc,marking  ] GC(37) Concurrent Scan Root Regions 5.672ms
[2026-04-03T01:41:19.693+0600][21.491s][info][gc,marking  ] GC(37) Concurrent Mark
[2026-04-03T01:41:19.693+0600][21.491s][info][gc,marking  ] GC(37) Concurrent Mark From Roots
[2026-04-03T01:41:19.693+0600][21.491s][info][gc,task     ] GC(37) Using 3 workers of 3 for marking
[2026-04-03T01:41:19.708+0600][21.506s][info][gc,start    ] GC(38) Pause Full (System.gc())
[2026-04-03T01:41:19.708+0600][21.506s][info][gc,task     ] GC(38) Using 10 workers of 10 for full compaction
[2026-04-03T01:41:19.710+0600][21.508s][info][gc,phases,start] GC(38) Phase 1: Mark live objects
[2026-04-03T01:41:19.804+0600][21.602s][info][gc,phases      ] GC(38) Phase 1: Mark live objects 93.838ms
[2026-04-03T01:41:19.804+0600][21.602s][info][gc,phases,start] GC(38) Phase 2: Prepare compaction
[2026-04-03T01:41:19.809+0600][21.607s][info][gc,phases      ] GC(38) Phase 2: Prepare compaction 5.177ms
[2026-04-03T01:41:19.809+0600][21.607s][info][gc,phases,start] GC(38) Phase 3: Adjust pointers
[2026-04-03T01:41:19.827+0600][21.625s][info][gc,phases      ] GC(38) Phase 3: Adjust pointers 17.940ms
[2026-04-03T01:41:19.827+0600][21.625s][info][gc,phases,start] GC(38) Phase 4: Compact heap
[2026-04-03T01:41:19.833+0600][21.631s][info][gc,phases      ] GC(38) Phase 4: Compact heap 6.064ms
[2026-04-03T01:41:19.833+0600][21.631s][info][gc,phases,start] GC(38) Phase 5: Reset Metadata
[2026-04-03T01:41:19.837+0600][21.635s][info][gc,phases      ] GC(38) Phase 5: Reset Metadata 3.446ms
[2026-04-03T01:41:19.849+0600][21.647s][info][gc,heap        ] GC(38) Eden regions: 3->0(85)
[2026-04-03T01:41:19.849+0600][21.647s][info][gc,heap        ] GC(38) Survivor regions: 3->0(10)
[2026-04-03T01:41:19.849+0600][21.647s][info][gc,heap        ] GC(38) Old regions: 45->41
[2026-04-03T01:41:19.849+0600][21.647s][info][gc,heap        ] GC(38) Humongous regions: 69->3
[2026-04-03T01:41:19.849+0600][21.647s][info][gc,metaspace   ] GC(38) Metaspace: 121838K(122880K)->121836K(122880K) NonClass: 106125K(106688K)->106123K(106688K) Class: 15713K(16192K)->15712K(16192K)
[2026-04-03T01:41:19.849+0600][21.647s][info][gc             ] GC(38) Pause Full (System.gc()) 237M->77M(294M) 140.535ms
[2026-04-03T01:41:19.849+0600][21.647s][info][gc,cpu         ] GC(38) User=1.05s Sys=0.06s Real=0.14s
[2026-04-03T01:41:19.849+0600][21.647s][info][gc,marking     ] GC(37) Concurrent Mark From Roots 156.299ms
[2026-04-03T01:41:19.849+0600][21.647s][info][gc,marking     ] GC(37) Concurrent Mark Abort
[2026-04-03T01:41:19.849+0600][21.647s][info][gc             ] GC(37) Concurrent Mark Cycle 162.247ms
[2026-04-03T01:41:19.884+0600][21.682s][info][gc,start       ] GC(39) Pause Young (Concurrent Start) (G1 Humongous Allocation)
[2026-04-03T01:41:19.884+0600][21.682s][info][gc,task        ] GC(39) Using 8 workers of 10 for evacuation
[2026-04-03T01:41:19.887+0600][21.685s][info][gc,phases      ] GC(39)   Pre Evacuate Collection Set: 0.36ms
[2026-04-03T01:41:19.887+0600][21.685s][info][gc,phases      ] GC(39)   Merge Heap Roots: 0.07ms
[2026-04-03T01:41:19.887+0600][21.685s][info][gc,phases      ] GC(39)   Evacuate Collection Set: 1.73ms
[2026-04-03T01:41:19.887+0600][21.685s][info][gc,phases      ] GC(39)   Post Evacuate Collection Set: 0.52ms
[2026-04-03T01:41:19.887+0600][21.685s][info][gc,phases      ] GC(39)   Other: 0.12ms
[2026-04-03T01:41:19.887+0600][21.685s][info][gc,heap        ] GC(39) Eden regions: 3->0(87)
[2026-04-03T01:41:19.887+0600][21.685s][info][gc,heap        ] GC(39) Survivor regions: 0->1(11)
[2026-04-03T01:41:19.887+0600][21.685s][info][gc,heap        ] GC(39) Old regions: 41->41
[2026-04-03T01:41:19.887+0600][21.685s][info][gc,heap        ] GC(39) Humongous regions: 3->3
[2026-04-03T01:41:19.887+0600][21.685s][info][gc,metaspace   ] GC(39) Metaspace: 121914K(122944K)->121914K(122944K) NonClass: 106193K(106752K)->106193K(106752K) Class: 15720K(16192K)->15720K(16192K)
[2026-04-03T01:41:19.887+0600][21.685s][info][gc             ] GC(39) Pause Young (Concurrent Start) (G1 Humongous Allocation) 82M->77M(294M) 3.036ms
[2026-04-03T01:41:19.887+0600][21.685s][info][gc,cpu         ] GC(39) User=0.01s Sys=0.00s Real=0.00s
[2026-04-03T01:41:19.887+0600][21.685s][info][gc             ] GC(40) Concurrent Mark Cycle
[2026-04-03T01:41:19.887+0600][21.685s][info][gc,marking     ] GC(40) Concurrent Scan Root Regions
[2026-04-03T01:41:19.889+0600][21.687s][info][gc,marking     ] GC(40) Concurrent Scan Root Regions 1.247ms
[2026-04-03T01:41:19.889+0600][21.687s][info][gc,marking     ] GC(40) Concurrent Mark
[2026-04-03T01:41:19.889+0600][21.687s][info][gc,marking     ] GC(40) Concurrent Mark From Roots
[2026-04-03T01:41:19.889+0600][21.687s][info][gc,task        ] GC(40) Using 3 workers of 3 for marking
[2026-04-03T01:41:19.961+0600][21.759s][info][gc,marking     ] GC(40) Concurrent Mark From Roots 72.586ms
[2026-04-03T01:41:19.961+0600][21.759s][info][gc,marking     ] GC(40) Concurrent Preclean
[2026-04-03T01:41:19.962+0600][21.760s][info][gc,marking     ] GC(40) Concurrent Preclean 0.456ms
[2026-04-03T01:41:19.966+0600][21.764s][info][gc,start       ] GC(40) Pause Remark
[2026-04-03T01:41:19.972+0600][21.770s][info][gc             ] GC(40) Pause Remark 88M->88M(294M) 6.323ms
[2026-04-03T01:41:19.972+0600][21.771s][info][gc,cpu         ] GC(40) User=0.02s Sys=0.01s Real=0.01s
[2026-04-03T01:41:19.973+0600][21.771s][info][gc,marking     ] GC(40) Concurrent Mark 84.071ms
[2026-04-03T01:41:19.973+0600][21.771s][info][gc,marking     ] GC(40) Concurrent Rebuild Remembered Sets and Scrub Regions
[2026-04-03T01:41:19.994+0600][21.792s][info][gc,marking     ] GC(40) Concurrent Rebuild Remembered Sets and Scrub Regions 20.896ms
[2026-04-03T01:41:19.994+0600][21.792s][info][gc,start       ] GC(40) Pause Cleanup
[2026-04-03T01:41:19.994+0600][21.792s][info][gc             ] GC(40) Pause Cleanup 88M->88M(294M) 0.278ms
[2026-04-03T01:41:19.994+0600][21.792s][info][gc,cpu         ] GC(40) User=0.00s Sys=0.00s Real=0.00s
[2026-04-03T01:41:19.994+0600][21.793s][info][gc,marking     ] GC(40) Concurrent Clear Claimed Marks
[2026-04-03T01:41:19.995+0600][21.793s][info][gc,marking     ] GC(40) Concurrent Clear Claimed Marks 0.232ms
[2026-04-03T01:41:19.995+0600][21.793s][info][gc,marking     ] GC(40) Concurrent Cleanup for Next Mark
[2026-04-03T01:41:19.995+0600][21.793s][info][gc,marking     ] GC(40) Concurrent Cleanup for Next Mark 0.359ms
[2026-04-03T01:41:19.995+0600][21.793s][info][gc             ] GC(40) Concurrent Mark Cycle 107.831ms
[2026-04-03T01:41:20.498+0600][22.296s][info][gc,start       ] GC(41) Pause Young (Prepare Mixed) (G1 Evacuation Pause)
[2026-04-03T01:41:20.498+0600][22.296s][info][gc,task        ] GC(41) Using 8 workers of 10 for evacuation
[2026-04-03T01:41:20.502+0600][22.300s][info][gc,phases      ] GC(41)   Pre Evacuate Collection Set: 0.30ms
[2026-04-03T01:41:20.502+0600][22.300s][info][gc,phases      ] GC(41)   Merge Heap Roots: 0.11ms
[2026-04-03T01:41:20.502+0600][22.300s][info][gc,phases      ] GC(41)   Evacuate Collection Set: 2.87ms
[2026-04-03T01:41:20.502+0600][22.300s][info][gc,phases      ] GC(41)   Post Evacuate Collection Set: 0.55ms
[2026-04-03T01:41:20.502+0600][22.300s][info][gc,phases      ] GC(41)   Other: 0.11ms
[2026-04-03T01:41:20.502+0600][22.300s][info][gc,heap        ] GC(41) Eden regions: 30->0(110)
[2026-04-03T01:41:20.502+0600][22.300s][info][gc,heap        ] GC(41) Survivor regions: 1->3(11)
[2026-04-03T01:41:20.502+0600][22.300s][info][gc,heap        ] GC(41) Old regions: 41->41
[2026-04-03T01:41:20.502+0600][22.300s][info][gc,heap        ] GC(41) Humongous regions: 114->12
[2026-04-03T01:41:20.502+0600][22.300s][info][gc,metaspace   ] GC(41) Metaspace: 123012K(124224K)->123012K(124224K) NonClass: 107118K(107776K)->107118K(107776K) Class: 15894K(16448K)->15894K(16448K)
[2026-04-03T01:41:20.502+0600][22.300s][info][gc             ] GC(41) Pause Young (Prepare Mixed) (G1 Evacuation Pause) 359M->99M(378M) 4.225ms
[2026-04-03T01:41:20.502+0600][22.300s][info][gc,cpu         ] GC(41) User=0.03s Sys=0.01s Real=0.01s
[2026-04-03T01:41:21.037+0600][22.835s][info][gc,start       ] GC(42) Pause Young (Mixed) (G1 Evacuation Pause)
[2026-04-03T01:41:21.037+0600][22.835s][info][gc,task        ] GC(42) Using 9 workers of 10 for evacuation
[2026-04-03T01:41:21.042+0600][22.840s][info][gc,phases      ] GC(42)   Pre Evacuate Collection Set: 0.50ms
[2026-04-03T01:41:21.042+0600][22.840s][info][gc,phases      ] GC(42)   Merge Heap Roots: 0.18ms
[2026-04-03T01:41:21.042+0600][22.840s][info][gc,phases      ] GC(42)   Evacuate Collection Set: 3.02ms
[2026-04-03T01:41:21.042+0600][22.840s][info][gc,phases      ] GC(42)   Post Evacuate Collection Set: 0.66ms
[2026-04-03T01:41:21.042+0600][22.840s][info][gc,phases      ] GC(42)   Other: 0.10ms
[2026-04-03T01:41:21.042+0600][22.840s][info][gc,heap        ] GC(42) Eden regions: 24->0(114)
[2026-04-03T01:41:21.042+0600][22.840s][info][gc,heap        ] GC(42) Survivor regions: 3->2(15)
[2026-04-03T01:41:21.042+0600][22.840s][info][gc,heap        ] GC(42) Old regions: 41->40
[2026-04-03T01:41:21.042+0600][22.840s][info][gc,heap        ] GC(42) Humongous regions: 123->3
[2026-04-03T01:41:21.042+0600][22.840s][info][gc,metaspace   ] GC(42) Metaspace: 123311K(124544K)->123311K(124544K) NonClass: 107370K(108032K)->107370K(108032K) Class: 15941K(16512K)->15941K(16512K)
[2026-04-03T01:41:21.042+0600][22.840s][info][gc             ] GC(42) Pause Young (Mixed) (G1 Evacuation Pause) 369M->79M(388M) 4.831ms
[2026-04-03T01:41:21.042+0600][22.840s][info][gc,cpu         ] GC(42) User=0.03s Sys=0.01s Real=0.01s
[2026-04-03T01:41:21.045+0600][22.843s][info][gc,start       ] GC(43) Pause Young (Concurrent Start) (G1 Humongous Allocation)
[2026-04-03T01:41:21.045+0600][22.843s][info][gc,task        ] GC(43) Using 9 workers of 10 for evacuation
[2026-04-03T01:41:21.050+0600][22.848s][info][gc,phases      ] GC(43)   Pre Evacuate Collection Set: 0.33ms
[2026-04-03T01:41:21.050+0600][22.848s][info][gc,phases      ] GC(43)   Merge Heap Roots: 0.18ms
[2026-04-03T01:41:21.050+0600][22.848s][info][gc,phases      ] GC(43)   Evacuate Collection Set: 3.32ms
[2026-04-03T01:41:21.050+0600][22.848s][info][gc,phases      ] GC(43)   Post Evacuate Collection Set: 0.66ms
[2026-04-03T01:41:21.050+0600][22.848s][info][gc,phases      ] GC(43)   Other: 0.15ms
[2026-04-03T01:41:21.050+0600][22.848s][info][gc,heap        ] GC(43) Eden regions: 2->0(114)
[2026-04-03T01:41:21.050+0600][22.848s][info][gc,heap        ] GC(43) Survivor regions: 2->2(15)
[2026-04-03T01:41:21.050+0600][22.848s][info][gc,heap        ] GC(43) Old regions: 40->40
[2026-04-03T01:41:21.050+0600][22.848s][info][gc,heap        ] GC(43) Humongous regions: 3->3
[2026-04-03T01:41:21.050+0600][22.848s][info][gc,metaspace   ] GC(43) Metaspace: 123313K(124544K)->123313K(124544K) NonClass: 107372K(108032K)->107372K(108032K) Class: 15941K(16512K)->15941K(16512K)
[2026-04-03T01:41:21.050+0600][22.848s][info][gc             ] GC(43) Pause Young (Concurrent Start) (G1 Humongous Allocation) 82M->79M(388M) 4.952ms
[2026-04-03T01:41:21.050+0600][22.848s][info][gc,cpu         ] GC(43) User=0.04s Sys=0.01s Real=0.01s
[2026-04-03T01:41:21.050+0600][22.848s][info][gc             ] GC(44) Concurrent Mark Cycle
[2026-04-03T01:41:21.050+0600][22.849s][info][gc,marking     ] GC(44) Concurrent Scan Root Regions
[2026-04-03T01:41:21.054+0600][22.852s][info][gc,marking     ] GC(44) Concurrent Scan Root Regions 3.784ms
[2026-04-03T01:41:21.054+0600][22.852s][info][gc,marking     ] GC(44) Concurrent Mark
[2026-04-03T01:41:21.054+0600][22.852s][info][gc,marking     ] GC(44) Concurrent Mark From Roots
[2026-04-03T01:41:21.054+0600][22.852s][info][gc,task        ] GC(44) Using 3 workers of 3 for marking
[2026-04-03T01:41:21.140+0600][22.938s][info][gc,marking     ] GC(44) Concurrent Mark From Roots 85.914ms
[2026-04-03T01:41:21.140+0600][22.938s][info][gc,marking     ] GC(44) Concurrent Preclean
[2026-04-03T01:41:21.141+0600][22.939s][info][gc,marking     ] GC(44) Concurrent Preclean 0.508ms
[2026-04-03T01:41:21.141+0600][22.939s][info][gc,start       ] GC(44) Pause Remark
[2026-04-03T01:41:21.149+0600][22.947s][info][gc             ] GC(44) Pause Remark 105M->105M(340M) 7.648ms
[2026-04-03T01:41:21.149+0600][22.947s][info][gc,cpu         ] GC(44) User=0.05s Sys=0.00s Real=0.00s
[2026-04-03T01:41:21.149+0600][22.947s][info][gc,marking     ] GC(44) Concurrent Mark 94.845ms
[2026-04-03T01:41:21.149+0600][22.947s][info][gc,marking     ] GC(44) Concurrent Rebuild Remembered Sets and Scrub Regions
[2026-04-03T01:41:21.182+0600][22.980s][info][gc,marking     ] GC(44) Concurrent Rebuild Remembered Sets and Scrub Regions 32.956ms
[2026-04-03T01:41:21.183+0600][22.981s][info][gc,start       ] GC(44) Pause Cleanup
[2026-04-03T01:41:21.184+0600][22.982s][info][gc             ] GC(44) Pause Cleanup 169M->169M(340M) 0.286ms
[2026-04-03T01:41:21.184+0600][22.982s][info][gc,cpu         ] GC(44) User=0.00s Sys=0.00s Real=0.00s
[2026-04-03T01:41:21.184+0600][22.982s][info][gc,marking     ] GC(44) Concurrent Clear Claimed Marks
[2026-04-03T01:41:21.184+0600][22.982s][info][gc,marking     ] GC(44) Concurrent Clear Claimed Marks 0.357ms
[2026-04-03T01:41:21.184+0600][22.982s][info][gc,marking     ] GC(44) Concurrent Cleanup for Next Mark
[2026-04-03T01:41:21.186+0600][22.984s][info][gc,marking     ] GC(44) Concurrent Cleanup for Next Mark 1.407ms
[2026-04-03T01:41:21.186+0600][22.984s][info][gc             ] GC(44) Concurrent Mark Cycle 135.507ms
[2026-04-03T01:41:21.224+0600][23.023s][info][gc,start       ] GC(45) Pause Young (Prepare Mixed) (G1 Evacuation Pause)
[2026-04-03T01:41:21.225+0600][23.023s][info][gc,task        ] GC(45) Using 10 workers of 10 for evacuation
[2026-04-03T01:41:21.229+0600][23.027s][info][gc,phases      ] GC(45)   Pre Evacuate Collection Set: 0.29ms
[2026-04-03T01:41:21.229+0600][23.027s][info][gc,phases      ] GC(45)   Merge Heap Roots: 0.11ms
[2026-04-03T01:41:21.229+0600][23.027s][info][gc,phases      ] GC(45)   Evacuate Collection Set: 3.37ms
[2026-04-03T01:41:21.229+0600][23.027s][info][gc,phases      ] GC(45)   Post Evacuate Collection Set: 0.73ms
[2026-04-03T01:41:21.229+0600][23.027s][info][gc,phases      ] GC(45)   Other: 0.09ms
[2026-04-03T01:41:21.229+0600][23.027s][info][gc,heap        ] GC(45) Eden regions: 14->0(129)
[2026-04-03T01:41:21.229+0600][23.027s][info][gc,heap        ] GC(45) Survivor regions: 2->4(13)
[2026-04-03T01:41:21.229+0600][23.027s][info][gc,heap        ] GC(45) Old regions: 40->40
[2026-04-03T01:41:21.229+0600][23.027s][info][gc,heap        ] GC(45) Humongous regions: 162->12
[2026-04-03T01:41:21.229+0600][23.027s][info][gc,metaspace   ] GC(45) Metaspace: 123340K(124544K)->123340K(124544K) NonClass: 107395K(108032K)->107395K(108032K) Class: 15944K(16512K)->15944K(16512K)
[2026-04-03T01:41:21.229+0600][23.028s][info][gc             ] GC(45) Pause Young (Prepare Mixed) (G1 Evacuation Pause) 425M->101M(444M) 4.937ms
[2026-04-03T01:41:21.229+0600][23.028s][info][gc,cpu         ] GC(45) User=0.03s Sys=0.02s Real=0.00s
[2026-04-03T01:41:22.734+0600][24.532s][info][gc,start       ] GC(46) Pause Young (Mixed) (G1 Evacuation Pause)
[2026-04-03T01:41:22.734+0600][24.532s][info][gc,task        ] GC(46) Using 10 workers of 10 for evacuation
[2026-04-03T01:41:22.739+0600][24.537s][info][gc,phases      ] GC(46)   Pre Evacuate Collection Set: 0.43ms
[2026-04-03T01:41:22.739+0600][24.537s][info][gc,phases      ] GC(46)   Merge Heap Roots: 0.16ms
[2026-04-03T01:41:22.739+0600][24.537s][info][gc,phases      ] GC(46)   Evacuate Collection Set: 3.31ms
[2026-04-03T01:41:22.739+0600][24.537s][info][gc,phases      ] GC(46)   Post Evacuate Collection Set: 0.84ms
[2026-04-03T01:41:22.739+0600][24.537s][info][gc,phases      ] GC(46)   Other: 0.12ms
[2026-04-03T01:41:22.739+0600][24.537s][info][gc,heap        ] GC(46) Eden regions: 70->0(132)
[2026-04-03T01:41:22.739+0600][24.537s][info][gc,heap        ] GC(46) Survivor regions: 4->3(17)
[2026-04-03T01:41:22.739+0600][24.537s][info][gc,heap        ] GC(46) Old regions: 40->40
[2026-04-03T01:41:22.739+0600][24.537s][info][gc,heap        ] GC(46) Humongous regions: 108->3
[2026-04-03T01:41:22.739+0600][24.537s][info][gc,metaspace   ] GC(46) Metaspace: 127281K(128704K)->127281K(128704K) NonClass: 110872K(111616K)->110872K(111616K) Class: 16408K(17088K)->16408K(17088K)
[2026-04-03T01:41:22.739+0600][24.537s][info][gc             ] GC(46) Pause Young (Mixed) (G1 Evacuation Pause) 433M->81M(452M) 5.162ms
[2026-04-03T01:41:22.739+0600][24.537s][info][gc,cpu         ] GC(46) User=0.02s Sys=0.01s Real=0.00s
[2026-04-03T01:41:23.145+0600][24.943s][info][gc,start       ] GC(47) Pause Young (Concurrent Start) (G1 Humongous Allocation)
[2026-04-03T01:41:23.145+0600][24.943s][info][gc,task        ] GC(47) Using 10 workers of 10 for evacuation
[2026-04-03T01:41:23.149+0600][24.947s][info][gc,phases      ] GC(47)   Pre Evacuate Collection Set: 0.32ms
[2026-04-03T01:41:23.149+0600][24.947s][info][gc,phases      ] GC(47)   Merge Heap Roots: 0.17ms
[2026-04-03T01:41:23.149+0600][24.947s][info][gc,phases      ] GC(47)   Evacuate Collection Set: 2.59ms
[2026-04-03T01:41:23.149+0600][24.947s][info][gc,phases      ] GC(47)   Post Evacuate Collection Set: 0.54ms
[2026-04-03T01:41:23.149+0600][24.947s][info][gc,phases      ] GC(47)   Other: 0.15ms
[2026-04-03T01:41:23.149+0600][24.947s][info][gc,heap        ] GC(47) Eden regions: 73->0(132)
[2026-04-03T01:41:23.149+0600][24.947s][info][gc,heap        ] GC(47) Survivor regions: 3->3(17)
[2026-04-03T01:41:23.149+0600][24.947s][info][gc,heap        ] GC(47) Old regions: 40->40
[2026-04-03T01:41:23.149+0600][24.947s][info][gc,heap        ] GC(47) Humongous regions: 3->3
[2026-04-03T01:41:23.149+0600][24.947s][info][gc,metaspace   ] GC(47) Metaspace: 127504K(128960K)->127504K(128960K) NonClass: 111094K(111872K)->111094K(111872K) Class: 16410K(17088K)->16410K(17088K)
[2026-04-03T01:41:23.149+0600][24.947s][info][gc             ] GC(47) Pause Young (Concurrent Start) (G1 Humongous Allocation) 226M->81M(452M) 4.046ms
[2026-04-03T01:41:23.149+0600][24.947s][info][gc             ] GC(48) Concurrent Mark Cycle
[2026-04-03T01:41:23.149+0600][24.947s][info][gc,marking     ] GC(48) Concurrent Scan Root Regions
[2026-04-03T01:41:23.149+0600][24.947s][info][gc,cpu         ] GC(47) User=0.02s Sys=0.01s Real=0.00s
[2026-04-03T01:41:23.154+0600][24.952s][info][gc,marking     ] GC(48) Concurrent Scan Root Regions 4.387ms
[2026-04-03T01:41:23.154+0600][24.952s][info][gc,marking     ] GC(48) Concurrent Mark
[2026-04-03T01:41:23.154+0600][24.952s][info][gc,marking     ] GC(48) Concurrent Mark From Roots
[2026-04-03T01:41:23.154+0600][24.952s][info][gc,task        ] GC(48) Using 3 workers of 3 for marking
[2026-04-03T01:41:23.240+0600][25.038s][info][gc,marking     ] GC(48) Concurrent Mark From Roots 86.374ms
[2026-04-03T01:41:23.240+0600][25.038s][info][gc,marking     ] GC(48) Concurrent Preclean
[2026-04-03T01:41:23.241+0600][25.039s][info][gc,marking     ] GC(48) Concurrent Preclean 0.515ms
[2026-04-03T01:41:23.242+0600][25.040s][info][gc,start       ] GC(48) Pause Remark
[2026-04-03T01:41:23.252+0600][25.050s][info][gc             ] GC(48) Pause Remark 137M->137M(400M) 9.499ms
[2026-04-03T01:41:23.252+0600][25.050s][info][gc,cpu         ] GC(48) User=0.07s Sys=0.00s Real=0.01s
[2026-04-03T01:41:23.256+0600][25.054s][info][gc,marking     ] GC(48) Concurrent Mark 101.922ms
[2026-04-03T01:41:23.256+0600][25.054s][info][gc,marking     ] GC(48) Concurrent Rebuild Remembered Sets and Scrub Regions
[2026-04-03T01:41:23.309+0600][25.107s][info][gc,marking     ] GC(48) Concurrent Rebuild Remembered Sets and Scrub Regions 53.009ms
[2026-04-03T01:41:23.309+0600][25.107s][info][gc,start       ] GC(48) Pause Cleanup
[2026-04-03T01:41:23.310+0600][25.108s][info][gc             ] GC(48) Pause Cleanup 149M->149M(400M) 0.285ms
[2026-04-03T01:41:23.310+0600][25.108s][info][gc,cpu         ] GC(48) User=0.00s Sys=0.00s Real=0.01s
[2026-04-03T01:41:23.310+0600][25.108s][info][gc,marking     ] GC(48) Concurrent Clear Claimed Marks
[2026-04-03T01:41:23.310+0600][25.108s][info][gc,marking     ] GC(48) Concurrent Clear Claimed Marks 0.336ms
[2026-04-03T01:41:23.310+0600][25.108s][info][gc,marking     ] GC(48) Concurrent Cleanup for Next Mark
[2026-04-03T01:41:23.312+0600][25.110s][info][gc,marking     ] GC(48) Concurrent Cleanup for Next Mark 1.316ms
[2026-04-03T01:41:23.312+0600][25.110s][info][gc             ] GC(48) Concurrent Mark Cycle 162.327ms
[2026-04-03T01:41:23.751+0600][25.549s][info][gc,start       ] GC(49) Pause Young (Prepare Mixed) (GCLocker Initiated GC)
[2026-04-03T01:41:23.751+0600][25.549s][info][gc,task        ] GC(49) Using 9 workers of 10 for evacuation
[2026-04-03T01:41:23.758+0600][25.557s][info][gc,phases      ] GC(49)   Pre Evacuate Collection Set: 0.41ms
[2026-04-03T01:41:23.759+0600][25.557s][info][gc,phases      ] GC(49)   Merge Heap Roots: 0.26ms
[2026-04-03T01:41:23.759+0600][25.557s][info][gc,phases      ] GC(49)   Evacuate Collection Set: 5.73ms
[2026-04-03T01:41:23.759+0600][25.557s][info][gc,phases      ] GC(49)   Post Evacuate Collection Set: 0.73ms
[2026-04-03T01:41:23.759+0600][25.557s][info][gc,phases      ] GC(49)   Other: 0.15ms
[2026-04-03T01:41:23.759+0600][25.557s][info][gc,heap        ] GC(49) Eden regions: 84->0(118)
[2026-04-03T01:41:23.759+0600][25.557s][info][gc,heap        ] GC(49) Survivor regions: 3->5(15)
[2026-04-03T01:41:23.759+0600][25.557s][info][gc,heap        ] GC(49) Old regions: 40->40
[2026-04-03T01:41:23.759+0600][25.557s][info][gc,heap        ] GC(49) Humongous regions: 74->3
[2026-04-03T01:41:23.759+0600][25.557s][info][gc,metaspace   ] GC(49) Metaspace: 127894K(129408K)->127894K(129408K) NonClass: 111468K(112320K)->111468K(112320K) Class: 16426K(17088K)->16426K(17088K)
[2026-04-03T01:41:23.759+0600][25.557s][info][gc             ] GC(49) Pause Young (Prepare Mixed) (GCLocker Initiated GC) 391M->85M(412M) 7.640ms
[2026-04-03T01:41:23.759+0600][25.557s][info][gc,cpu         ] GC(49) User=0.06s Sys=0.01s Real=0.00s
[2026-04-03T01:41:24.199+0600][25.997s][info][gc,start       ] GC(50) Pause Young (Mixed) (G1 Evacuation Pause)
[2026-04-03T01:41:24.199+0600][25.997s][info][gc,task        ] GC(50) Using 10 workers of 10 for evacuation
[2026-04-03T01:41:24.207+0600][26.005s][info][gc,phases      ] GC(50)   Pre Evacuate Collection Set: 0.39ms
[2026-04-03T01:41:24.207+0600][26.005s][info][gc,phases      ] GC(50)   Merge Heap Roots: 0.39ms
[2026-04-03T01:41:24.207+0600][26.005s][info][gc,phases      ] GC(50)   Evacuate Collection Set: 5.56ms
[2026-04-03T01:41:24.207+0600][26.005s][info][gc,phases      ] GC(50)   Post Evacuate Collection Set: 1.22ms
[2026-04-03T01:41:24.207+0600][26.005s][info][gc,phases      ] GC(50)   Other: 0.14ms
[2026-04-03T01:41:24.207+0600][26.005s][info][gc,heap        ] GC(50) Eden regions: 88->0(123)
[2026-04-03T01:41:24.207+0600][26.005s][info][gc,heap        ] GC(50) Survivor regions: 5->4(16)
[2026-04-03T01:41:24.207+0600][26.005s][info][gc,heap        ] GC(50) Old regions: 40->40
[2026-04-03T01:41:24.207+0600][26.005s][info][gc,heap        ] GC(50) Humongous regions: 75->4
[2026-04-03T01:41:24.207+0600][26.005s][info][gc,metaspace   ] GC(50) Metaspace: 128166K(129664K)->128166K(129664K) NonClass: 111730K(112512K)->111730K(112512K) Class: 16436K(17152K)->16436K(17152K)
[2026-04-03T01:41:24.207+0600][26.005s][info][gc             ] GC(50) Pause Young (Mixed) (G1 Evacuation Pause) 405M->85M(426M) 8.105ms
[2026-04-03T01:41:24.207+0600][26.005s][info][gc,cpu         ] GC(50) User=0.04s Sys=0.01s Real=0.01s
[2026-04-03T01:41:24.225+0600][26.023s][info][gc,start       ] GC(51) Pause Young (Concurrent Start) (G1 Humongous Allocation)
[2026-04-03T01:41:24.225+0600][26.023s][info][gc,task        ] GC(51) Using 10 workers of 10 for evacuation
[2026-04-03T01:41:24.231+0600][26.029s][info][gc,phases      ] GC(51)   Pre Evacuate Collection Set: 0.54ms
[2026-04-03T01:41:24.231+0600][26.030s][info][gc,phases      ] GC(51)   Merge Heap Roots: 0.16ms
[2026-04-03T01:41:24.231+0600][26.030s][info][gc,phases      ] GC(51)   Evacuate Collection Set: 4.64ms
[2026-04-03T01:41:24.231+0600][26.030s][info][gc,phases      ] GC(51)   Post Evacuate Collection Set: 1.07ms
[2026-04-03T01:41:24.231+0600][26.030s][info][gc,phases      ] GC(51)   Other: 0.19ms
[2026-04-03T01:41:24.232+0600][26.030s][info][gc,heap        ] GC(51) Eden regions: 3->0(124)
[2026-04-03T01:41:24.232+0600][26.030s][info][gc,heap        ] GC(51) Survivor regions: 4->3(16)
[2026-04-03T01:41:24.232+0600][26.030s][info][gc,heap        ] GC(51) Old regions: 40->40
[2026-04-03T01:41:24.232+0600][26.030s][info][gc,heap        ] GC(51) Humongous regions: 4->3
[2026-04-03T01:41:24.232+0600][26.030s][info][gc,metaspace   ] GC(51) Metaspace: 128179K(129728K)->128179K(129728K) NonClass: 111742K(112576K)->111742K(112576K) Class: 16436K(17152K)->16436K(17152K)
[2026-04-03T01:41:24.232+0600][26.030s][info][gc             ] GC(51) Pause Young (Concurrent Start) (G1 Humongous Allocation) 89M->83M(426M) 7.038ms
[2026-04-03T01:41:24.232+0600][26.030s][info][gc             ] GC(52) Concurrent Mark Cycle
[2026-04-03T01:41:24.232+0600][26.030s][info][gc,marking     ] GC(52) Concurrent Scan Root Regions
[2026-04-03T01:41:24.232+0600][26.030s][info][gc,cpu         ] GC(51) User=0.05s Sys=0.00s Real=0.01s
[2026-04-03T01:41:24.235+0600][26.034s][info][gc,marking     ] GC(52) Concurrent Scan Root Regions 3.556ms
[2026-04-03T01:41:24.235+0600][26.034s][info][gc,marking     ] GC(52) Concurrent Mark
[2026-04-03T01:41:24.235+0600][26.034s][info][gc,marking     ] GC(52) Concurrent Mark From Roots
[2026-04-03T01:41:24.235+0600][26.034s][info][gc,task        ] GC(52) Using 3 workers of 3 for marking
[2026-04-03T01:41:24.339+0600][26.137s][info][gc,marking     ] GC(52) Concurrent Mark From Roots 103.821ms
[2026-04-03T01:41:24.339+0600][26.138s][info][gc,marking     ] GC(52) Concurrent Preclean
[2026-04-03T01:41:24.340+0600][26.138s][info][gc,marking     ] GC(52) Concurrent Preclean 0.600ms
[2026-04-03T01:41:24.340+0600][26.139s][info][gc,start       ] GC(52) Pause Remark
[2026-04-03T01:41:24.348+0600][26.147s][info][gc             ] GC(52) Pause Remark 133M->133M(368M) 8.087ms
[2026-04-03T01:41:24.349+0600][26.147s][info][gc,cpu         ] GC(52) User=0.06s Sys=0.00s Real=0.00s
[2026-04-03T01:41:24.349+0600][26.147s][info][gc,marking     ] GC(52) Concurrent Mark 113.350ms
[2026-04-03T01:41:24.349+0600][26.147s][info][gc,marking     ] GC(52) Concurrent Rebuild Remembered Sets and Scrub Regions
[2026-04-03T01:41:24.376+0600][26.174s][info][gc,marking     ] GC(52) Concurrent Rebuild Remembered Sets and Scrub Regions 27.472ms
[2026-04-03T01:41:24.377+0600][26.175s][info][gc,start       ] GC(52) Pause Cleanup
[2026-04-03T01:41:24.377+0600][26.175s][info][gc             ] GC(52) Pause Cleanup 147M->147M(368M) 0.403ms
[2026-04-03T01:41:24.377+0600][26.175s][info][gc,cpu         ] GC(52) User=0.00s Sys=0.00s Real=0.00s
[2026-04-03T01:41:24.377+0600][26.176s][info][gc,marking     ] GC(52) Concurrent Clear Claimed Marks
[2026-04-03T01:41:24.378+0600][26.176s][info][gc,marking     ] GC(52) Concurrent Clear Claimed Marks 0.469ms
[2026-04-03T01:41:24.378+0600][26.176s][info][gc,marking     ] GC(52) Concurrent Cleanup for Next Mark
[2026-04-03T01:41:24.379+0600][26.177s][info][gc,marking     ] GC(52) Concurrent Cleanup for Next Mark 0.674ms
[2026-04-03T01:41:24.379+0600][26.177s][info][gc             ] GC(52) Concurrent Mark Cycle 147.030ms
[2026-04-03T01:41:24.639+0600][26.437s][info][gc,start       ] GC(53) Pause Young (Prepare Mixed) (GCLocker Initiated GC)
[2026-04-03T01:41:24.639+0600][26.437s][info][gc,task        ] GC(53) Using 9 workers of 10 for evacuation
[2026-04-03T01:41:24.651+0600][26.449s][info][gc,phases      ] GC(53)   Pre Evacuate Collection Set: 0.54ms
[2026-04-03T01:41:24.651+0600][26.449s][info][gc,phases      ] GC(53)   Merge Heap Roots: 0.20ms
[2026-04-03T01:41:24.651+0600][26.449s][info][gc,phases      ] GC(53)   Evacuate Collection Set: 8.51ms
[2026-04-03T01:41:24.651+0600][26.449s][info][gc,phases      ] GC(53)   Post Evacuate Collection Set: 2.45ms
[2026-04-03T01:41:24.651+0600][26.449s][info][gc,phases      ] GC(53)   Other: 0.17ms
[2026-04-03T01:41:24.651+0600][26.449s][info][gc,heap        ] GC(53) Eden regions: 80->0(131)
[2026-04-03T01:41:24.651+0600][26.449s][info][gc,heap        ] GC(53) Survivor regions: 3->4(14)
[2026-04-03T01:41:24.651+0600][26.449s][info][gc,heap        ] GC(53) Old regions: 40->40
[2026-04-03T01:41:24.651+0600][26.449s][info][gc,heap        ] GC(53) Humongous regions: 61->3
[2026-04-03T01:41:24.651+0600][26.449s][info][gc,metaspace   ] GC(53) Metaspace: 128397K(129920K)->128397K(129920K) NonClass: 111960K(112768K)->111960K(112768K) Class: 16437K(17152K)->16437K(17152K)
[2026-04-03T01:41:24.651+0600][26.449s][info][gc             ] GC(53) Pause Young (Prepare Mixed) (GCLocker Initiated GC) 359M->85M(452M) 12.461ms
[2026-04-03T01:41:24.651+0600][26.449s][info][gc,cpu         ] GC(53) User=0.06s Sys=0.02s Real=0.02s
[2026-04-03T01:41:25.354+0600][27.152s][info][gc,start       ] GC(54) Pause Young (Mixed) (G1 Evacuation Pause)
[2026-04-03T01:41:25.354+0600][27.152s][info][gc,task        ] GC(54) Using 10 workers of 10 for evacuation
[2026-04-03T01:41:25.361+0600][27.159s][info][gc,phases      ] GC(54)   Pre Evacuate Collection Set: 0.57ms
[2026-04-03T01:41:25.361+0600][27.159s][info][gc,phases      ] GC(54)   Merge Heap Roots: 0.20ms
[2026-04-03T01:41:25.361+0600][27.159s][info][gc,phases      ] GC(54)   Evacuate Collection Set: 4.98ms
[2026-04-03T01:41:25.361+0600][27.159s][info][gc,phases      ] GC(54)   Post Evacuate Collection Set: 0.96ms
[2026-04-03T01:41:25.361+0600][27.159s][info][gc,phases      ] GC(54)   Other: 0.16ms
[2026-04-03T01:41:25.361+0600][27.159s][info][gc,heap        ] GC(54) Eden regions: 129->0(134)
[2026-04-03T01:41:25.361+0600][27.159s][info][gc,heap        ] GC(54) Survivor regions: 4->4(17)
[2026-04-03T01:41:25.361+0600][27.159s][info][gc,heap        ] GC(54) Old regions: 40->40
[2026-04-03T01:41:25.361+0600][27.159s][info][gc,heap        ] GC(54) Humongous regions: 53->3
[2026-04-03T01:41:25.361+0600][27.159s][info][gc,metaspace   ] GC(54) Metaspace: 128858K(130368K)->128858K(130368K) NonClass: 112383K(113216K)->112383K(113216K) Class: 16475K(17152K)->16475K(17152K)
[2026-04-03T01:41:25.361+0600][27.159s][info][gc             ] GC(54) Pause Young (Mixed) (G1 Evacuation Pause) 443M->84M(462M) 7.195ms
[2026-04-03T01:41:25.361+0600][27.159s][info][gc,cpu         ] GC(54) User=0.05s Sys=0.00s Real=0.01s
[2026-04-03T01:41:25.372+0600][27.170s][info][gc,start       ] GC(55) Pause Young (Concurrent Start) (G1 Humongous Allocation)
[2026-04-03T01:41:25.372+0600][27.170s][info][gc,task        ] GC(55) Using 10 workers of 10 for evacuation
[2026-04-03T01:41:25.378+0600][27.176s][info][gc,phases      ] GC(55)   Pre Evacuate Collection Set: 0.39ms
[2026-04-03T01:41:25.378+0600][27.176s][info][gc,phases      ] GC(55)   Merge Heap Roots: 0.14ms
[2026-04-03T01:41:25.378+0600][27.176s][info][gc,phases      ] GC(55)   Evacuate Collection Set: 4.21ms
[2026-04-03T01:41:25.378+0600][27.176s][info][gc,phases      ] GC(55)   Post Evacuate Collection Set: 0.70ms
[2026-04-03T01:41:25.378+0600][27.176s][info][gc,phases      ] GC(55)   Other: 0.22ms
[2026-04-03T01:41:25.378+0600][27.176s][info][gc,heap        ] GC(55) Eden regions: 7->0(134)
[2026-04-03T01:41:25.378+0600][27.176s][info][gc,heap        ] GC(55) Survivor regions: 4->4(18)
[2026-04-03T01:41:25.378+0600][27.176s][info][gc,heap        ] GC(55) Old regions: 40->40
[2026-04-03T01:41:25.378+0600][27.176s][info][gc,heap        ] GC(55) Humongous regions: 3->3
[2026-04-03T01:41:25.378+0600][27.176s][info][gc,metaspace   ] GC(55) Metaspace: 128860K(130368K)->128860K(130368K) NonClass: 112385K(113216K)->112385K(113216K) Class: 16475K(17152K)->16475K(17152K)
[2026-04-03T01:41:25.378+0600][27.176s][info][gc             ] GC(55) Pause Young (Concurrent Start) (G1 Humongous Allocation) 98M->84M(462M) 6.098ms
[2026-04-03T01:41:25.378+0600][27.176s][info][gc,cpu         ] GC(55) User=0.05s Sys=0.00s Real=0.00s
[2026-04-03T01:41:25.378+0600][27.176s][info][gc             ] GC(56) Concurrent Mark Cycle
[2026-04-03T01:41:25.378+0600][27.177s][info][gc,marking     ] GC(56) Concurrent Scan Root Regions
[2026-04-03T01:41:25.383+0600][27.181s][info][gc,marking     ] GC(56) Concurrent Scan Root Regions 4.201ms
[2026-04-03T01:41:25.383+0600][27.181s][info][gc,marking     ] GC(56) Concurrent Mark
[2026-04-03T01:41:25.383+0600][27.181s][info][gc,marking     ] GC(56) Concurrent Mark From Roots
[2026-04-03T01:41:25.383+0600][27.181s][info][gc,task        ] GC(56) Using 3 workers of 3 for marking
[2026-04-03T01:41:25.494+0600][27.293s][info][gc,marking     ] GC(56) Concurrent Mark From Roots 111.655ms
[2026-04-03T01:41:25.494+0600][27.293s][info][gc,marking     ] GC(56) Concurrent Preclean
[2026-04-03T01:41:25.495+0600][27.293s][info][gc,marking     ] GC(56) Concurrent Preclean 0.402ms
[2026-04-03T01:41:25.495+0600][27.293s][info][gc,start       ] GC(56) Pause Remark
[2026-04-03T01:41:25.503+0600][27.301s][info][gc             ] GC(56) Pause Remark 166M->166M(460M) 7.830ms
[2026-04-03T01:41:25.503+0600][27.301s][info][gc,cpu         ] GC(56) User=0.05s Sys=0.01s Real=0.01s
[2026-04-03T01:41:25.504+0600][27.302s][info][gc,marking     ] GC(56) Concurrent Mark 120.790ms
[2026-04-03T01:41:25.504+0600][27.302s][info][gc,marking     ] GC(56) Concurrent Rebuild Remembered Sets and Scrub Regions
[2026-04-03T01:41:25.537+0600][27.335s][info][gc,marking     ] GC(56) Concurrent Rebuild Remembered Sets and Scrub Regions 33.187ms
[2026-04-03T01:41:25.537+0600][27.335s][info][gc,start       ] GC(56) Pause Cleanup
[2026-04-03T01:41:25.537+0600][27.336s][info][gc             ] GC(56) Pause Cleanup 175M->175M(460M) 0.264ms
[2026-04-03T01:41:25.538+0600][27.336s][info][gc,cpu         ] GC(56) User=0.00s Sys=0.00s Real=0.00s
[2026-04-03T01:41:25.538+0600][27.336s][info][gc,marking     ] GC(56) Concurrent Clear Claimed Marks
[2026-04-03T01:41:25.538+0600][27.336s][info][gc,marking     ] GC(56) Concurrent Clear Claimed Marks 0.343ms
[2026-04-03T01:41:25.538+0600][27.336s][info][gc,marking     ] GC(56) Concurrent Cleanup for Next Mark
[2026-04-03T01:41:25.541+0600][27.340s][info][gc,marking     ] GC(56) Concurrent Cleanup for Next Mark 3.153ms
[2026-04-03T01:41:25.542+0600][27.340s][info][gc             ] GC(56) Concurrent Mark Cycle 163.240ms
[2026-04-03T01:41:25.856+0600][27.654s][info][gc,start       ] GC(57) Pause Young (Prepare Mixed) (G1 Evacuation Pause)
[2026-04-03T01:41:25.856+0600][27.655s][info][gc,task        ] GC(57) Using 10 workers of 10 for evacuation
[2026-04-03T01:41:25.865+0600][27.663s][info][gc,phases      ] GC(57)   Pre Evacuate Collection Set: 0.62ms
[2026-04-03T01:41:25.865+0600][27.664s][info][gc,phases      ] GC(57)   Merge Heap Roots: 0.23ms
[2026-04-03T01:41:25.865+0600][27.664s][info][gc,phases      ] GC(57)   Evacuate Collection Set: 6.73ms
[2026-04-03T01:41:25.865+0600][27.664s][info][gc,phases      ] GC(57)   Post Evacuate Collection Set: 1.11ms
[2026-04-03T01:41:25.865+0600][27.664s][info][gc,phases      ] GC(57)   Other: 0.13ms
[2026-04-03T01:41:25.865+0600][27.664s][info][gc,heap        ] GC(57) Eden regions: 98->0(137)
[2026-04-03T01:41:25.865+0600][27.664s][info][gc,heap        ] GC(57) Survivor regions: 4->5(18)
[2026-04-03T01:41:25.865+0600][27.664s][info][gc,heap        ] GC(57) Old regions: 40->40
[2026-04-03T01:41:25.865+0600][27.664s][info][gc,heap        ] GC(57) Humongous regions: 91->3
[2026-04-03T01:41:25.866+0600][27.664s][info][gc,metaspace   ] GC(57) Metaspace: 129080K(130560K)->129080K(130560K) NonClass: 112602K(113408K)->112602K(113408K) Class: 16477K(17152K)->16477K(17152K)
[2026-04-03T01:41:25.866+0600][27.664s][info][gc             ] GC(57) Pause Young (Prepare Mixed) (G1 Evacuation Pause) 456M->85M(476M) 9.277ms
[2026-04-03T01:41:25.866+0600][27.664s][info][gc,cpu         ] GC(57) User=0.06s Sys=0.02s Real=0.01s
[2026-04-03T01:41:26.297+0600][28.095s][info][gc,start       ] GC(58) Pause Young (Mixed) (G1 Evacuation Pause)
[2026-04-03T01:41:26.297+0600][28.095s][info][gc,task        ] GC(58) Using 10 workers of 10 for evacuation
[2026-04-03T01:41:26.304+0600][28.102s][info][gc,phases      ] GC(58)   Pre Evacuate Collection Set: 0.40ms
[2026-04-03T01:41:26.304+0600][28.103s][info][gc,phases      ] GC(58)   Merge Heap Roots: 0.22ms
[2026-04-03T01:41:26.304+0600][28.103s][info][gc,phases      ] GC(58)   Evacuate Collection Set: 5.84ms
[2026-04-03T01:41:26.304+0600][28.103s][info][gc,phases      ] GC(58)   Post Evacuate Collection Set: 1.03ms
[2026-04-03T01:41:26.304+0600][28.103s][info][gc,phases      ] GC(58)   Other: 0.11ms
[2026-04-03T01:41:26.304+0600][28.103s][info][gc,heap        ] GC(58) Eden regions: 107->0(142)
[2026-04-03T01:41:26.304+0600][28.103s][info][gc,heap        ] GC(58) Survivor regions: 5->4(18)
[2026-04-03T01:41:26.304+0600][28.103s][info][gc,heap        ] GC(58) Old regions: 40->40
[2026-04-03T01:41:26.304+0600][28.103s][info][gc,heap        ] GC(58) Humongous regions: 87->4
[2026-04-03T01:41:26.304+0600][28.103s][info][gc,metaspace   ] GC(58) Metaspace: 129238K(130752K)->129238K(130752K) NonClass: 112758K(113600K)->112758K(113600K) Class: 16480K(17152K)->16480K(17152K)
[2026-04-03T01:41:26.305+0600][28.103s][info][gc             ] GC(58) Pause Young (Mixed) (G1 Evacuation Pause) 467M->86M(488M) 8.010ms
[2026-04-03T01:41:26.305+0600][28.103s][info][gc,cpu         ] GC(58) User=0.05s Sys=0.02s Real=0.01s
[2026-04-03T01:41:26.307+0600][28.105s][info][gc,start       ] GC(59) Pause Young (Concurrent Start) (G1 Humongous Allocation)
[2026-04-03T01:41:26.307+0600][28.105s][info][gc,task        ] GC(59) Using 10 workers of 10 for evacuation
[2026-04-03T01:41:26.313+0600][28.111s][info][gc,phases      ] GC(59)   Pre Evacuate Collection Set: 0.42ms
[2026-04-03T01:41:26.313+0600][28.111s][info][gc,phases      ] GC(59)   Merge Heap Roots: 0.13ms
[2026-04-03T01:41:26.313+0600][28.111s][info][gc,phases      ] GC(59)   Evacuate Collection Set: 4.71ms
[2026-04-03T01:41:26.313+0600][28.111s][info][gc,phases      ] GC(59)   Post Evacuate Collection Set: 0.73ms
[2026-04-03T01:41:26.313+0600][28.111s][info][gc,phases      ] GC(59)   Other: 0.12ms
[2026-04-03T01:41:26.313+0600][28.112s][info][gc,heap        ] GC(59) Eden regions: 2->0(142)
[2026-04-03T01:41:26.313+0600][28.112s][info][gc,heap        ] GC(59) Survivor regions: 4->4(19)
[2026-04-03T01:41:26.313+0600][28.112s][info][gc,heap        ] GC(59) Old regions: 40->40
[2026-04-03T01:41:26.313+0600][28.112s][info][gc,heap        ] GC(59) Humongous regions: 4->3
[2026-04-03T01:41:26.313+0600][28.112s][info][gc,metaspace   ] GC(59) Metaspace: 129244K(130752K)->129244K(130752K) NonClass: 112764K(113600K)->112764K(113600K) Class: 16480K(17152K)->16480K(17152K)
[2026-04-03T01:41:26.313+0600][28.112s][info][gc             ] GC(59) Pause Young (Concurrent Start) (G1 Humongous Allocation) 88M->84M(488M) 6.443ms
[2026-04-03T01:41:26.314+0600][28.112s][info][gc             ] GC(60) Concurrent Mark Cycle
[2026-04-03T01:41:26.314+0600][28.112s][info][gc,cpu         ] GC(59) User=0.04s Sys=0.01s Real=0.01s
[2026-04-03T01:41:26.314+0600][28.112s][info][gc,marking     ] GC(60) Concurrent Scan Root Regions
[2026-04-03T01:41:26.319+0600][28.118s][info][gc,marking     ] GC(60) Concurrent Scan Root Regions 5.708ms
[2026-04-03T01:41:26.319+0600][28.118s][info][gc,marking     ] GC(60) Concurrent Mark
[2026-04-03T01:41:26.319+0600][28.118s][info][gc,marking     ] GC(60) Concurrent Mark From Roots
[2026-04-03T01:41:26.319+0600][28.118s][info][gc,task        ] GC(60) Using 3 workers of 3 for marking
[2026-04-03T01:41:26.432+0600][28.230s][info][gc,marking     ] GC(60) Concurrent Mark From Roots 112.519ms
[2026-04-03T01:41:26.432+0600][28.230s][info][gc,marking     ] GC(60) Concurrent Preclean
[2026-04-03T01:41:26.433+0600][28.231s][info][gc,marking     ] GC(60) Concurrent Preclean 0.668ms
[2026-04-03T01:41:26.434+0600][28.232s][info][gc,start       ] GC(60) Pause Remark
[2026-04-03T01:41:26.443+0600][28.241s][info][gc             ] GC(60) Pause Remark 160M->160M(414M) 8.836ms
[2026-04-03T01:41:26.443+0600][28.241s][info][gc,cpu         ] GC(60) User=0.06s Sys=0.01s Real=0.01s
[2026-04-03T01:41:26.444+0600][28.242s][info][gc,marking     ] GC(60) Concurrent Mark 124.683ms
[2026-04-03T01:41:26.444+0600][28.242s][info][gc,marking     ] GC(60) Concurrent Rebuild Remembered Sets and Scrub Regions
[2026-04-03T01:41:26.478+0600][28.276s][info][gc,marking     ] GC(60) Concurrent Rebuild Remembered Sets and Scrub Regions 33.443ms
[2026-04-03T01:41:26.478+0600][28.276s][info][gc,start       ] GC(60) Pause Cleanup
[2026-04-03T01:41:26.479+0600][28.277s][info][gc             ] GC(60) Pause Cleanup 195M->195M(414M) 0.406ms
[2026-04-03T01:41:26.479+0600][28.277s][info][gc,cpu         ] GC(60) User=0.01s Sys=0.00s Real=0.00s
[2026-04-03T01:41:26.479+0600][28.277s][info][gc,marking     ] GC(60) Concurrent Clear Claimed Marks
[2026-04-03T01:41:26.479+0600][28.277s][info][gc,marking     ] GC(60) Concurrent Clear Claimed Marks 0.434ms
[2026-04-03T01:41:26.479+0600][28.277s][info][gc,marking     ] GC(60) Concurrent Cleanup for Next Mark
[2026-04-03T01:41:26.480+0600][28.278s][info][gc,marking     ] GC(60) Concurrent Cleanup for Next Mark 0.972ms
[2026-04-03T01:41:26.480+0600][28.278s][info][gc             ] GC(60) Concurrent Mark Cycle 166.704ms
[2026-04-03T01:41:26.792+0600][28.591s][info][gc,start       ] GC(61) Pause Young (Prepare Mixed) (G1 Evacuation Pause)
[2026-04-03T01:41:26.792+0600][28.591s][info][gc,task        ] GC(61) Using 9 workers of 10 for evacuation
[2026-04-03T01:41:26.798+0600][28.596s][info][gc,phases      ] GC(61)   Pre Evacuate Collection Set: 0.42ms
[2026-04-03T01:41:26.798+0600][28.596s][info][gc,phases      ] GC(61)   Merge Heap Roots: 0.16ms
[2026-04-03T01:41:26.798+0600][28.596s][info][gc,phases      ] GC(61)   Evacuate Collection Set: 3.76ms
[2026-04-03T01:41:26.798+0600][28.596s][info][gc,phases      ] GC(61)   Post Evacuate Collection Set: 1.14ms
[2026-04-03T01:41:26.798+0600][28.596s][info][gc,phases      ] GC(61)   Other: 0.09ms
[2026-04-03T01:41:26.798+0600][28.596s][info][gc,heap        ] GC(61) Eden regions: 96->0(123)
[2026-04-03T01:41:26.798+0600][28.596s][info][gc,heap        ] GC(61) Survivor regions: 4->4(16)
[2026-04-03T01:41:26.798+0600][28.596s][info][gc,heap        ] GC(61) Old regions: 40->41
[2026-04-03T01:41:26.798+0600][28.596s][info][gc,heap        ] GC(61) Humongous regions: 67->3
[2026-04-03T01:41:26.798+0600][28.596s][info][gc,metaspace   ] GC(61) Metaspace: 129647K(131136K)->129647K(131136K) NonClass: 113116K(113920K)->113116K(113920K) Class: 16531K(17216K)->16531K(17216K)
[2026-04-03T01:41:26.798+0600][28.596s][info][gc             ] GC(61) Pause Young (Prepare Mixed) (G1 Evacuation Pause) 404M->85M(424M) 5.831ms
[2026-04-03T01:41:26.798+0600][28.596s][info][gc,cpu         ] GC(61) User=0.03s Sys=0.00s Real=0.00s
[2026-04-03T01:41:27.353+0600][29.151s][info][gc,start       ] GC(62) Pause Young (Mixed) (G1 Evacuation Pause)
[2026-04-03T01:41:27.353+0600][29.151s][info][gc,task        ] GC(62) Using 10 workers of 10 for evacuation
[2026-04-03T01:41:27.360+0600][29.158s][info][gc,phases      ] GC(62)   Pre Evacuate Collection Set: 0.40ms
[2026-04-03T01:41:27.360+0600][29.158s][info][gc,phases      ] GC(62)   Merge Heap Roots: 0.17ms
[2026-04-03T01:41:27.360+0600][29.158s][info][gc,phases      ] GC(62)   Evacuate Collection Set: 5.41ms
[2026-04-03T01:41:27.360+0600][29.158s][info][gc,phases      ] GC(62)   Post Evacuate Collection Set: 0.81ms
[2026-04-03T01:41:27.360+0600][29.158s][info][gc,phases      ] GC(62)   Other: 0.11ms
[2026-04-03T01:41:27.360+0600][29.158s][info][gc,heap        ] GC(62) Eden regions: 123->0(125)
[2026-04-03T01:41:27.360+0600][29.158s][info][gc,heap        ] GC(62) Survivor regions: 4->5(16)
[2026-04-03T01:41:27.360+0600][29.158s][info][gc,heap        ] GC(62) Old regions: 41->41
[2026-04-03T01:41:27.360+0600][29.158s][info][gc,heap        ] GC(62) Humongous regions: 43->3
[2026-04-03T01:41:27.360+0600][29.158s][info][gc,metaspace   ] GC(62) Metaspace: 129946K(131520K)->129946K(131520K) NonClass: 113365K(114240K)->113365K(114240K) Class: 16580K(17280K)->16580K(17280K)
[2026-04-03T01:41:27.360+0600][29.158s][info][gc             ] GC(62) Pause Young (Mixed) (G1 Evacuation Pause) 411M->88M(434M) 7.268ms
[2026-04-03T01:41:27.360+0600][29.158s][info][gc,cpu         ] GC(62) User=0.05s Sys=0.01s Real=0.01s
[2026-04-03T01:41:27.392+0600][29.190s][info][gc,start       ] GC(63) Pause Young (Concurrent Start) (G1 Humongous Allocation)
[2026-04-03T01:41:27.392+0600][29.190s][info][gc,task        ] GC(63) Using 10 workers of 10 for evacuation
[2026-04-03T01:41:27.399+0600][29.197s][info][gc,phases      ] GC(63)   Pre Evacuate Collection Set: 0.50ms
[2026-04-03T01:41:27.399+0600][29.197s][info][gc,phases      ] GC(63)   Merge Heap Roots: 0.21ms
[2026-04-03T01:41:27.399+0600][29.197s][info][gc,phases      ] GC(63)   Evacuate Collection Set: 4.81ms
[2026-04-03T01:41:27.399+0600][29.197s][info][gc,phases      ] GC(63)   Post Evacuate Collection Set: 0.95ms
[2026-04-03T01:41:27.399+0600][29.197s][info][gc,phases      ] GC(63)   Other: 0.30ms
[2026-04-03T01:41:27.399+0600][29.197s][info][gc,heap        ] GC(63) Eden regions: 17->0(125)
[2026-04-03T01:41:27.399+0600][29.197s][info][gc,heap        ] GC(63) Survivor regions: 5->5(17)
[2026-04-03T01:41:27.399+0600][29.197s][info][gc,heap        ] GC(63) Old regions: 41->41
[2026-04-03T01:41:27.399+0600][29.197s][info][gc,heap        ] GC(63) Humongous regions: 3->3
[2026-04-03T01:41:27.399+0600][29.197s][info][gc,metaspace   ] GC(63) Metaspace: 129951K(131520K)->129951K(131520K) NonClass: 113370K(114240K)->113370K(114240K) Class: 16580K(17280K)->16580K(17280K)
[2026-04-03T01:41:27.399+0600][29.197s][info][gc             ] GC(63) Pause Young (Concurrent Start) (G1 Humongous Allocation) 120M->88M(434M) 7.183ms
[2026-04-03T01:41:27.399+0600][29.197s][info][gc,cpu         ] GC(63) User=0.06s Sys=0.00s Real=0.00s
[2026-04-03T01:41:27.399+0600][29.197s][info][gc             ] GC(64) Concurrent Mark Cycle
[2026-04-03T01:41:27.399+0600][29.197s][info][gc,marking     ] GC(64) Concurrent Scan Root Regions
[2026-04-03T01:41:27.405+0600][29.203s][info][gc,marking     ] GC(64) Concurrent Scan Root Regions 5.924ms
[2026-04-03T01:41:27.405+0600][29.203s][info][gc,marking     ] GC(64) Concurrent Mark
[2026-04-03T01:41:27.405+0600][29.203s][info][gc,marking     ] GC(64) Concurrent Mark From Roots
[2026-04-03T01:41:27.405+0600][29.203s][info][gc,task        ] GC(64) Using 3 workers of 3 for marking
[2026-04-03T01:41:27.476+0600][29.274s][info][gc,marking     ] GC(64) Concurrent Mark From Roots 70.500ms
[2026-04-03T01:41:27.476+0600][29.274s][info][gc,marking     ] GC(64) Concurrent Preclean
[2026-04-03T01:41:27.476+0600][29.274s][info][gc,marking     ] GC(64) Concurrent Preclean 0.539ms
[2026-04-03T01:41:27.477+0600][29.275s][info][gc,start       ] GC(64) Pause Remark
[2026-04-03T01:41:27.502+0600][29.300s][info][gc             ] GC(64) Pause Remark 123M->123M(380M) 25.130ms
[2026-04-03T01:41:27.502+0600][29.300s][info][gc,cpu         ] GC(64) User=0.22s Sys=0.00s Real=0.03s
[2026-04-03T01:41:27.502+0600][29.301s][info][gc,marking     ] GC(64) Concurrent Mark 97.229ms
[2026-04-03T01:41:27.502+0600][29.301s][info][gc,marking     ] GC(64) Concurrent Rebuild Remembered Sets and Scrub Regions
[2026-04-03T01:41:27.532+0600][29.330s][info][gc,marking     ] GC(64) Concurrent Rebuild Remembered Sets and Scrub Regions 29.493ms
[2026-04-03T01:41:27.532+0600][29.331s][info][gc,start       ] GC(64) Pause Cleanup
[2026-04-03T01:41:27.555+0600][29.354s][info][gc             ] GC(64) Pause Cleanup 132M->132M(380M) 23.019ms
[2026-04-03T01:41:27.556+0600][29.354s][info][gc,cpu         ] GC(64) User=0.01s Sys=0.00s Real=0.02s
[2026-04-03T01:41:27.556+0600][29.354s][info][gc,marking     ] GC(64) Concurrent Clear Claimed Marks
[2026-04-03T01:41:27.556+0600][29.354s][info][gc,marking     ] GC(64) Concurrent Clear Claimed Marks 0.288ms
[2026-04-03T01:41:27.556+0600][29.354s][info][gc,marking     ] GC(64) Concurrent Cleanup for Next Mark
[2026-04-03T01:41:27.557+0600][29.355s][info][gc,marking     ] GC(64) Concurrent Cleanup for Next Mark 0.425ms
[2026-04-03T01:41:27.557+0600][29.355s][info][gc             ] GC(64) Concurrent Mark Cycle 157.707ms
[2026-04-03T01:41:27.681+0600][29.479s][info][gc,start       ] GC(65) Pause Young (Prepare Mixed) (G1 Evacuation Pause)
[2026-04-03T01:41:27.681+0600][29.479s][info][gc,task        ] GC(65) Using 9 workers of 10 for evacuation
[2026-04-03T01:41:27.690+0600][29.488s][info][gc,phases      ] GC(65)   Pre Evacuate Collection Set: 0.49ms
[2026-04-03T01:41:27.690+0600][29.488s][info][gc,phases      ] GC(65)   Merge Heap Roots: 0.20ms
[2026-04-03T01:41:27.690+0600][29.488s][info][gc,phases      ] GC(65)   Evacuate Collection Set: 6.71ms
[2026-04-03T01:41:27.690+0600][29.488s][info][gc,phases      ] GC(65)   Post Evacuate Collection Set: 1.14ms
[2026-04-03T01:41:27.690+0600][29.488s][info][gc,phases      ] GC(65)   Other: 0.11ms
[2026-04-03T01:41:27.690+0600][29.488s][info][gc,heap        ] GC(65) Eden regions: 34->0(112)
[2026-04-03T01:41:27.690+0600][29.488s][info][gc,heap        ] GC(65) Survivor regions: 5->5(15)
[2026-04-03T01:41:27.690+0600][29.488s][info][gc,heap        ] GC(65) Old regions: 41->42
[2026-04-03T01:41:27.690+0600][29.488s][info][gc,heap        ] GC(65) Humongous regions: 110->3
[2026-04-03T01:41:27.690+0600][29.488s][info][gc,metaspace   ] GC(65) Metaspace: 129950K(131584K)->129950K(131584K) NonClass: 113383K(114240K)->113383K(114240K) Class: 16567K(17344K)->16567K(17344K)
[2026-04-03T01:41:27.690+0600][29.488s][info][gc             ] GC(65) Pause Young (Prepare Mixed) (G1 Evacuation Pause) 370M->88M(392M) 9.029ms
[2026-04-03T01:41:27.690+0600][29.488s][info][gc,cpu         ] GC(65) User=0.06s Sys=0.01s Real=0.01s
[2026-04-03T01:41:27.798+0600][29.596s][info][gc,start       ] GC(66) Pause Young (Mixed) (G1 Evacuation Pause)
[2026-04-03T01:41:27.798+0600][29.596s][info][gc,task        ] GC(66) Using 9 workers of 10 for evacuation
[2026-04-03T01:41:27.806+0600][29.604s][info][gc,phases      ] GC(66)   Pre Evacuate Collection Set: 0.46ms
[2026-04-03T01:41:27.806+0600][29.604s][info][gc,phases      ] GC(66)   Merge Heap Roots: 0.20ms
[2026-04-03T01:41:27.806+0600][29.604s][info][gc,phases      ] GC(66)   Evacuate Collection Set: 5.73ms
[2026-04-03T01:41:27.806+0600][29.604s][info][gc,phases      ] GC(66)   Post Evacuate Collection Set: 1.14ms
[2026-04-03T01:41:27.806+0600][29.604s][info][gc,phases      ] GC(66)   Other: 0.17ms
[2026-04-03T01:41:27.806+0600][29.604s][info][gc,heap        ] GC(66) Eden regions: 23->0(151)
[2026-04-03T01:41:27.806+0600][29.604s][info][gc,heap        ] GC(66) Survivor regions: 5->4(15)
[2026-04-03T01:41:27.806+0600][29.604s][info][gc,heap        ] GC(66) Old regions: 42->41
[2026-04-03T01:41:27.806+0600][29.604s][info][gc,heap        ] GC(66) Humongous regions: 127->4
[2026-04-03T01:41:27.806+0600][29.604s][info][gc,metaspace   ] GC(66) Metaspace: 129987K(131648K)->129987K(131648K) NonClass: 113419K(114304K)->113419K(114304K) Class: 16567K(17344K)->16567K(17344K)
[2026-04-03T01:41:27.806+0600][29.604s][info][gc             ] GC(66) Pause Young (Mixed) (G1 Evacuation Pause) 382M->88M(518M) 8.149ms
[2026-04-03T01:41:27.806+0600][29.604s][info][gc,cpu         ] GC(66) User=0.07s Sys=0.00s Real=0.01s
[2026-04-03T01:41:27.808+0600][29.606s][info][gc,start       ] GC(67) Pause Young (Concurrent Start) (G1 Humongous Allocation)
[2026-04-03T01:41:27.808+0600][29.606s][info][gc,task        ] GC(67) Using 10 workers of 10 for evacuation
[2026-04-03T01:41:27.813+0600][29.611s][info][gc,phases      ] GC(67)   Pre Evacuate Collection Set: 0.35ms
[2026-04-03T01:41:27.813+0600][29.611s][info][gc,phases      ] GC(67)   Merge Heap Roots: 0.13ms
[2026-04-03T01:41:27.813+0600][29.611s][info][gc,phases      ] GC(67)   Evacuate Collection Set: 3.81ms
[2026-04-03T01:41:27.813+0600][29.611s][info][gc,phases      ] GC(67)   Post Evacuate Collection Set: 0.70ms
[2026-04-03T01:41:27.813+0600][29.611s][info][gc,phases      ] GC(67)   Other: 0.17ms
[2026-04-03T01:41:27.813+0600][29.611s][info][gc,heap        ] GC(67) Eden regions: 2->0(152)
[2026-04-03T01:41:27.813+0600][29.611s][info][gc,heap        ] GC(67) Survivor regions: 4->3(20)
[2026-04-03T01:41:27.813+0600][29.611s][info][gc,heap        ] GC(67) Old regions: 41->42
[2026-04-03T01:41:27.813+0600][29.611s][info][gc,heap        ] GC(67) Humongous regions: 4->3
[2026-04-03T01:41:27.813+0600][29.611s][info][gc,metaspace   ] GC(67) Metaspace: 129987K(131648K)->129987K(131648K) NonClass: 113420K(114304K)->113420K(114304K) Class: 16567K(17344K)->16567K(17344K)
[2026-04-03T01:41:27.813+0600][29.612s][info][gc             ] GC(67) Pause Young (Concurrent Start) (G1 Humongous Allocation) 91M->86M(518M) 5.579ms
[2026-04-03T01:41:27.813+0600][29.612s][info][gc             ] GC(68) Concurrent Mark Cycle
[2026-04-03T01:41:27.813+0600][29.612s][info][gc,marking     ] GC(68) Concurrent Scan Root Regions
[2026-04-03T01:41:27.814+0600][29.612s][info][gc,cpu         ] GC(67) User=0.05s Sys=0.00s Real=0.01s
[2026-04-03T01:41:27.817+0600][29.616s][info][gc,marking     ] GC(68) Concurrent Scan Root Regions 3.907ms
[2026-04-03T01:41:27.817+0600][29.616s][info][gc,marking     ] GC(68) Concurrent Mark
[2026-04-03T01:41:27.818+0600][29.616s][info][gc,marking     ] GC(68) Concurrent Mark From Roots
[2026-04-03T01:41:27.818+0600][29.616s][info][gc,task        ] GC(68) Using 3 workers of 3 for marking
[2026-04-03T01:41:27.922+0600][29.720s][info][gc,marking     ] GC(68) Concurrent Mark From Roots 104.005ms
[2026-04-03T01:41:27.922+0600][29.720s][info][gc,marking     ] GC(68) Concurrent Preclean
[2026-04-03T01:41:27.922+0600][29.720s][info][gc,marking     ] GC(68) Concurrent Preclean 0.553ms
[2026-04-03T01:41:27.927+0600][29.725s][info][gc,start       ] GC(68) Pause Remark
[2026-04-03T01:41:27.953+0600][29.751s][info][gc             ] GC(68) Pause Remark 455M->455M(728M) 26.281ms
[2026-04-03T01:41:27.953+0600][29.752s][info][gc,cpu         ] GC(68) User=0.22s Sys=0.01s Real=0.03s
[2026-04-03T01:41:27.954+0600][29.752s][info][gc,marking     ] GC(68) Concurrent Mark 136.163ms
[2026-04-03T01:41:27.954+0600][29.752s][info][gc,marking     ] GC(68) Concurrent Rebuild Remembered Sets and Scrub Regions
[2026-04-03T01:41:27.985+0600][29.783s][info][gc,marking     ] GC(68) Concurrent Rebuild Remembered Sets and Scrub Regions 31.576ms
[2026-04-03T01:41:27.986+0600][29.784s][info][gc,start       ] GC(68) Pause Cleanup
[2026-04-03T01:41:27.986+0600][29.785s][info][gc             ] GC(68) Pause Cleanup 520M->520M(728M) 0.465ms
[2026-04-03T01:41:27.987+0600][29.785s][info][gc,cpu         ] GC(68) User=0.00s Sys=0.00s Real=0.00s
[2026-04-03T01:41:27.987+0600][29.785s][info][gc,marking     ] GC(68) Concurrent Clear Claimed Marks
[2026-04-03T01:41:27.987+0600][29.785s][info][gc,marking     ] GC(68) Concurrent Clear Claimed Marks 0.436ms
[2026-04-03T01:41:27.987+0600][29.785s][info][gc,marking     ] GC(68) Concurrent Cleanup for Next Mark
[2026-04-03T01:41:27.990+0600][29.789s][info][gc,marking     ] GC(68) Concurrent Cleanup for Next Mark 3.242ms
[2026-04-03T01:41:27.991+0600][29.789s][info][gc             ] GC(68) Concurrent Mark Cycle 177.108ms
[2026-04-03T01:41:28.329+0600][30.127s][info][gc,start       ] GC(69) Pause Young (Prepare Mixed) (G1 Evacuation Pause)
[2026-04-03T01:41:28.329+0600][30.127s][info][gc,task        ] GC(69) Using 10 workers of 10 for evacuation
[2026-04-03T01:41:28.334+0600][30.132s][info][gc,phases      ] GC(69)   Pre Evacuate Collection Set: 0.38ms
[2026-04-03T01:41:28.334+0600][30.132s][info][gc,phases      ] GC(69)   Merge Heap Roots: 0.15ms
[2026-04-03T01:41:28.334+0600][30.132s][info][gc,phases      ] GC(69)   Evacuate Collection Set: 3.50ms
[2026-04-03T01:41:28.334+0600][30.132s][info][gc,phases      ] GC(69)   Post Evacuate Collection Set: 0.57ms
[2026-04-03T01:41:28.334+0600][30.132s][info][gc,phases      ] GC(69)   Other: 0.07ms
[2026-04-03T01:41:28.334+0600][30.132s][info][gc,heap        ] GC(69) Eden regions: 68->0(218)
[2026-04-03T01:41:28.334+0600][30.132s][info][gc,heap        ] GC(69) Survivor regions: 3->4(25)
[2026-04-03T01:41:28.334+0600][30.132s][info][gc,heap        ] GC(69) Old regions: 42->42
[2026-04-03T01:41:28.334+0600][30.132s][info][gc,heap        ] GC(69) Humongous regions: 254->3
[2026-04-03T01:41:28.334+0600][30.132s][info][gc,metaspace   ] GC(69) Metaspace: 129916K(131712K)->129916K(131712K) NonClass: 113426K(114368K)->113426K(114368K) Class: 16490K(17344K)->16490K(17344K)
[2026-04-03T01:41:28.334+0600][30.132s][info][gc             ] GC(69) Pause Young (Prepare Mixed) (G1 Evacuation Pause) 724M->88M(742M) 4.912ms
[2026-04-03T01:41:28.334+0600][30.132s][info][gc,cpu         ] GC(69) User=0.03s Sys=0.01s Real=0.01s
[2026-04-03T01:41:29.170+0600][30.968s][info][gc,start       ] GC(70) Pause Young (Mixed) (G1 Evacuation Pause)
[2026-04-03T01:41:29.170+0600][30.968s][info][gc,task        ] GC(70) Using 10 workers of 10 for evacuation
[2026-04-03T01:41:29.180+0600][30.978s][info][gc,phases      ] GC(70)   Pre Evacuate Collection Set: 0.43ms
[2026-04-03T01:41:29.180+0600][30.979s][info][gc,phases      ] GC(70)   Merge Heap Roots: 0.30ms
[2026-04-03T01:41:29.180+0600][30.979s][info][gc,phases      ] GC(70)   Evacuate Collection Set: 8.28ms
[2026-04-03T01:41:29.180+0600][30.979s][info][gc,phases      ] GC(70)   Post Evacuate Collection Set: 0.90ms
[2026-04-03T01:41:29.180+0600][30.979s][info][gc,phases      ] GC(70)   Other: 0.15ms
[2026-04-03T01:41:29.180+0600][30.979s][info][gc,heap        ] GC(70) Eden regions: 209->0(220)
[2026-04-03T01:41:29.180+0600][30.979s][info][gc,heap        ] GC(70) Survivor regions: 4->5(28)
[2026-04-03T01:41:29.180+0600][30.979s][info][gc,heap        ] GC(70) Old regions: 42->41
[2026-04-03T01:41:29.181+0600][30.979s][info][gc,heap        ] GC(70) Humongous regions: 116->3
[2026-04-03T01:41:29.181+0600][30.979s][info][gc,metaspace   ] GC(70) Metaspace: 130029K(131712K)->130029K(131712K) NonClass: 113536K(114368K)->113536K(114368K) Class: 16492K(17344K)->16492K(17344K)
[2026-04-03T01:41:29.181+0600][30.979s][info][gc             ] GC(70) Pause Young (Mixed) (G1 Evacuation Pause) 732M->91M(752M) 10.469ms
[2026-04-03T01:41:29.181+0600][30.979s][info][gc,cpu         ] GC(70) User=0.06s Sys=0.01s Real=0.01s
[2026-04-03T01:41:29.204+0600][31.002s][info][gc,start       ] GC(71) Pause Young (Concurrent Start) (G1 Humongous Allocation)
[2026-04-03T01:41:29.204+0600][31.002s][info][gc,task        ] GC(71) Using 10 workers of 10 for evacuation
[2026-04-03T01:41:29.210+0600][31.008s][info][gc,phases      ] GC(71)   Pre Evacuate Collection Set: 0.60ms
[2026-04-03T01:41:29.210+0600][31.008s][info][gc,phases      ] GC(71)   Merge Heap Roots: 0.22ms
[2026-04-03T01:41:29.210+0600][31.008s][info][gc,phases      ] GC(71)   Evacuate Collection Set: 4.13ms
[2026-04-03T01:41:29.210+0600][31.008s][info][gc,phases      ] GC(71)   Post Evacuate Collection Set: 0.59ms
[2026-04-03T01:41:29.210+0600][31.008s][info][gc,phases      ] GC(71)   Other: 0.28ms
[2026-04-03T01:41:29.210+0600][31.008s][info][gc,heap        ] GC(71) Eden regions: 10->0(220)
[2026-04-03T01:41:29.210+0600][31.008s][info][gc,heap        ] GC(71) Survivor regions: 5->5(29)
[2026-04-03T01:41:29.210+0600][31.008s][info][gc,heap        ] GC(71) Old regions: 41->41
[2026-04-03T01:41:29.210+0600][31.008s][info][gc,heap        ] GC(71) Humongous regions: 3->3
[2026-04-03T01:41:29.210+0600][31.008s][info][gc,metaspace   ] GC(71) Metaspace: 130031K(131712K)->130031K(131712K) NonClass: 113538K(114368K)->113538K(114368K) Class: 16492K(17344K)->16492K(17344K)
[2026-04-03T01:41:29.210+0600][31.008s][info][gc             ] GC(71) Pause Young (Concurrent Start) (G1 Humongous Allocation) 110M->90M(752M) 6.158ms
[2026-04-03T01:41:29.210+0600][31.008s][info][gc             ] GC(72) Concurrent Mark Cycle
[2026-04-03T01:41:29.210+0600][31.009s][info][gc,cpu         ] GC(71) User=0.04s Sys=0.00s Real=0.01s
[2026-04-03T01:41:29.210+0600][31.009s][info][gc,marking     ] GC(72) Concurrent Scan Root Regions
[2026-04-03T01:41:29.217+0600][31.015s][info][gc,marking     ] GC(72) Concurrent Scan Root Regions 6.494ms
[2026-04-03T01:41:29.217+0600][31.015s][info][gc,marking     ] GC(72) Concurrent Mark
[2026-04-03T01:41:29.217+0600][31.015s][info][gc,marking     ] GC(72) Concurrent Mark From Roots
[2026-04-03T01:41:29.217+0600][31.015s][info][gc,task        ] GC(72) Using 3 workers of 3 for marking
[2026-04-03T01:41:29.353+0600][31.151s][info][gc,marking     ] GC(72) Concurrent Mark From Roots 135.897ms
[2026-04-03T01:41:29.353+0600][31.151s][info][gc,marking     ] GC(72) Concurrent Preclean
[2026-04-03T01:41:29.354+0600][31.152s][info][gc,marking     ] GC(72) Concurrent Preclean 0.550ms
[2026-04-03T01:41:29.357+0600][31.155s][info][gc,start       ] GC(72) Pause Remark
[2026-04-03T01:41:29.375+0600][31.173s][info][gc             ] GC(72) Pause Remark 167M->167M(454M) 17.981ms
[2026-04-03T01:41:29.375+0600][31.174s][info][gc,cpu         ] GC(72) User=0.08s Sys=0.00s Real=0.02s
[2026-04-03T01:41:29.376+0600][31.174s][info][gc,marking     ] GC(72) Concurrent Mark 158.639ms
[2026-04-03T01:41:29.376+0600][31.174s][info][gc,marking     ] GC(72) Concurrent Rebuild Remembered Sets and Scrub Regions
[2026-04-03T01:41:29.428+0600][31.226s][info][gc,marking     ] GC(72) Concurrent Rebuild Remembered Sets and Scrub Regions 52.203ms
[2026-04-03T01:41:29.429+0600][31.227s][info][gc,start       ] GC(72) Pause Cleanup
[2026-04-03T01:41:29.429+0600][31.228s][info][gc             ] GC(72) Pause Cleanup 184M->184M(454M) 0.432ms
[2026-04-03T01:41:29.430+0600][31.228s][info][gc,cpu         ] GC(72) User=0.00s Sys=0.00s Real=0.00s
[2026-04-03T01:41:29.430+0600][31.228s][info][gc,marking     ] GC(72) Concurrent Clear Claimed Marks
[2026-04-03T01:41:29.430+0600][31.228s][info][gc,marking     ] GC(72) Concurrent Clear Claimed Marks 0.396ms
[2026-04-03T01:41:29.430+0600][31.228s][info][gc,marking     ] GC(72) Concurrent Cleanup for Next Mark
[2026-04-03T01:41:29.432+0600][31.230s][info][gc,marking     ] GC(72) Concurrent Cleanup for Next Mark 1.500ms
[2026-04-03T01:41:29.432+0600][31.230s][info][gc             ] GC(72) Concurrent Mark Cycle 221.406ms
[2026-04-03T01:41:29.741+0600][31.540s][info][gc,start       ] GC(73) Pause Young (Prepare Mixed) (GCLocker Initiated GC)
[2026-04-03T01:41:29.741+0600][31.540s][info][gc,task        ] GC(73) Using 10 workers of 10 for evacuation
[2026-04-03T01:41:29.750+0600][31.548s][info][gc,phases      ] GC(73)   Pre Evacuate Collection Set: 0.52ms
[2026-04-03T01:41:29.750+0600][31.548s][info][gc,phases      ] GC(73)   Merge Heap Roots: 0.23ms
[2026-04-03T01:41:29.750+0600][31.548s][info][gc,phases      ] GC(73)   Evacuate Collection Set: 6.27ms
[2026-04-03T01:41:29.750+0600][31.548s][info][gc,phases      ] GC(73)   Post Evacuate Collection Set: 0.96ms
[2026-04-03T01:41:29.750+0600][31.548s][info][gc,phases      ] GC(73)   Other: 0.14ms
[2026-04-03T01:41:29.750+0600][31.548s][info][gc,heap        ] GC(73) Eden regions: 100->0(135)
[2026-04-03T01:41:29.750+0600][31.548s][info][gc,heap        ] GC(73) Survivor regions: 5->6(17)
[2026-04-03T01:41:29.750+0600][31.548s][info][gc,heap        ] GC(73) Old regions: 41->42
[2026-04-03T01:41:29.750+0600][31.548s][info][gc,heap        ] GC(73) Humongous regions: 82->4
[2026-04-03T01:41:29.750+0600][31.548s][info][gc,metaspace   ] GC(73) Metaspace: 130085K(131712K)->130085K(131712K) NonClass: 113591K(114368K)->113591K(114368K) Class: 16493K(17344K)->16493K(17344K)
[2026-04-03T01:41:29.750+0600][31.548s][info][gc             ] GC(73) Pause Young (Prepare Mixed) (GCLocker Initiated GC) 448M->94M(470M) 8.493ms
[2026-04-03T01:41:29.750+0600][31.548s][info][gc,cpu         ] GC(73) User=0.06s Sys=0.01s Real=0.01s
[2026-04-03T01:41:30.332+0600][32.130s][info][gc,start       ] GC(74) Pause Young (Mixed) (G1 Evacuation Pause)
[2026-04-03T01:41:30.332+0600][32.130s][info][gc,task        ] GC(74) Using 10 workers of 10 for evacuation
[2026-04-03T01:41:30.337+0600][32.135s][info][gc,phases      ] GC(74)   Pre Evacuate Collection Set: 0.32ms
[2026-04-03T01:41:30.337+0600][32.135s][info][gc,phases      ] GC(74)   Merge Heap Roots: 0.15ms
[2026-04-03T01:41:30.337+0600][32.135s][info][gc,phases      ] GC(74)   Evacuate Collection Set: 3.58ms
[2026-04-03T01:41:30.337+0600][32.135s][info][gc,phases      ] GC(74)   Post Evacuate Collection Set: 0.71ms
[2026-04-03T01:41:30.337+0600][32.135s][info][gc,phases      ] GC(74)   Other: 0.10ms
[2026-04-03T01:41:30.337+0600][32.135s][info][gc,heap        ] GC(74) Eden regions: 127->0(140)
[2026-04-03T01:41:30.337+0600][32.135s][info][gc,heap        ] GC(74) Survivor regions: 6->4(18)
[2026-04-03T01:41:30.337+0600][32.135s][info][gc,heap        ] GC(74) Old regions: 42->42
[2026-04-03T01:41:30.337+0600][32.135s][info][gc,heap        ] GC(74) Humongous regions: 60->3
[2026-04-03T01:41:30.337+0600][32.135s][info][gc,metaspace   ] GC(74) Metaspace: 130149K(131840K)->130149K(131840K) NonClass: 113651K(114496K)->113651K(114496K) Class: 16497K(17344K)->16497K(17344K)
[2026-04-03T01:41:30.337+0600][32.135s][info][gc             ] GC(74) Pause Young (Mixed) (G1 Evacuation Pause) 460M->89M(480M) 5.165ms
[2026-04-03T01:41:30.337+0600][32.136s][info][gc,cpu         ] GC(74) User=0.04s Sys=0.00s Real=0.00s
[2026-04-03T01:41:30.377+0600][32.175s][info][gc,start       ] GC(75) Pause Young (Concurrent Start) (G1 Humongous Allocation)
[2026-04-03T01:41:30.377+0600][32.175s][info][gc,task        ] GC(75) Using 10 workers of 10 for evacuation
[2026-04-03T01:41:30.381+0600][32.179s][info][gc,phases      ] GC(75)   Pre Evacuate Collection Set: 0.56ms
[2026-04-03T01:41:30.381+0600][32.179s][info][gc,phases      ] GC(75)   Merge Heap Roots: 0.17ms
[2026-04-03T01:41:30.381+0600][32.179s][info][gc,phases      ] GC(75)   Evacuate Collection Set: 2.40ms
[2026-04-03T01:41:30.381+0600][32.179s][info][gc,phases      ] GC(75)   Post Evacuate Collection Set: 0.83ms
[2026-04-03T01:41:30.381+0600][32.179s][info][gc,phases      ] GC(75)   Other: 0.23ms
[2026-04-03T01:41:30.381+0600][32.179s][info][gc,heap        ] GC(75) Eden regions: 7->0(140)
[2026-04-03T01:41:30.381+0600][32.179s][info][gc,heap        ] GC(75) Survivor regions: 4->4(18)
[2026-04-03T01:41:30.381+0600][32.179s][info][gc,heap        ] GC(75) Old regions: 42->42
[2026-04-03T01:41:30.381+0600][32.179s][info][gc,heap        ] GC(75) Humongous regions: 3->3
[2026-04-03T01:41:30.381+0600][32.179s][info][gc,metaspace   ] GC(75) Metaspace: 130155K(131840K)->130155K(131840K) NonClass: 113658K(114496K)->113658K(114496K) Class: 16497K(17344K)->16497K(17344K)
[2026-04-03T01:41:30.381+0600][32.179s][info][gc             ] GC(75) Pause Young (Concurrent Start) (G1 Humongous Allocation) 103M->89M(480M) 4.520ms
[2026-04-03T01:41:30.381+0600][32.179s][info][gc,cpu         ] GC(75) User=0.02s Sys=0.00s Real=0.01s
[2026-04-03T01:41:30.381+0600][32.180s][info][gc             ] GC(76) Concurrent Mark Cycle
[2026-04-03T01:41:30.381+0600][32.180s][info][gc,marking     ] GC(76) Concurrent Scan Root Regions
[2026-04-03T01:41:30.385+0600][32.183s][info][gc,marking     ] GC(76) Concurrent Scan Root Regions 3.172ms
[2026-04-03T01:41:30.385+0600][32.183s][info][gc,marking     ] GC(76) Concurrent Mark
[2026-04-03T01:41:30.385+0600][32.183s][info][gc,marking     ] GC(76) Concurrent Mark From Roots
[2026-04-03T01:41:30.385+0600][32.183s][info][gc,task        ] GC(76) Using 3 workers of 3 for marking
[2026-04-03T01:41:30.472+0600][32.270s][info][gc,marking     ] GC(76) Concurrent Mark From Roots 87.637ms
[2026-04-03T01:41:30.472+0600][32.271s][info][gc,marking     ] GC(76) Concurrent Preclean
[2026-04-03T01:41:30.473+0600][32.271s][info][gc,marking     ] GC(76) Concurrent Preclean 0.537ms
[2026-04-03T01:41:30.474+0600][32.272s][info][gc,start       ] GC(76) Pause Remark
[2026-04-03T01:41:30.484+0600][32.282s][info][gc             ] GC(76) Pause Remark 165M->165M(440M) 10.182ms
[2026-04-03T01:41:30.484+0600][32.282s][info][gc,cpu         ] GC(76) User=0.07s Sys=0.01s Real=0.01s
[2026-04-03T01:41:30.484+0600][32.283s][info][gc,marking     ] GC(76) Concurrent Mark 99.771ms
[2026-04-03T01:41:30.485+0600][32.283s][info][gc,marking     ] GC(76) Concurrent Rebuild Remembered Sets and Scrub Regions
[2026-04-03T01:41:30.516+0600][32.314s][info][gc,marking     ] GC(76) Concurrent Rebuild Remembered Sets and Scrub Regions 31.139ms
[2026-04-03T01:41:30.516+0600][32.314s][info][gc,start       ] GC(76) Pause Cleanup
[2026-04-03T01:41:30.516+0600][32.315s][info][gc             ] GC(76) Pause Cleanup 188M->188M(440M) 0.268ms
[2026-04-03T01:41:30.517+0600][32.315s][info][gc,cpu         ] GC(76) User=0.00s Sys=0.00s Real=0.00s
[2026-04-03T01:41:30.517+0600][32.315s][info][gc,marking     ] GC(76) Concurrent Clear Claimed Marks
[2026-04-03T01:41:30.517+0600][32.315s][info][gc,marking     ] GC(76) Concurrent Clear Claimed Marks 0.396ms
[2026-04-03T01:41:30.517+0600][32.315s][info][gc,marking     ] GC(76) Concurrent Cleanup for Next Mark
[2026-04-03T01:41:30.518+0600][32.316s][info][gc,marking     ] GC(76) Concurrent Cleanup for Next Mark 0.731ms
[2026-04-03T01:41:30.518+0600][32.316s][info][gc             ] GC(76) Concurrent Mark Cycle 136.596ms
[2026-04-03T01:41:30.735+0600][32.534s][info][gc,start       ] GC(77) Pause Young (Prepare Mixed) (G1 Evacuation Pause)
[2026-04-03T01:41:30.736+0600][32.534s][info][gc,task        ] GC(77) Using 10 workers of 10 for evacuation
[2026-04-03T01:41:30.742+0600][32.540s][info][gc,phases      ] GC(77)   Pre Evacuate Collection Set: 0.52ms
[2026-04-03T01:41:30.742+0600][32.541s][info][gc,phases      ] GC(77)   Merge Heap Roots: 0.20ms
[2026-04-03T01:41:30.742+0600][32.541s][info][gc,phases      ] GC(77)   Evacuate Collection Set: 5.25ms
[2026-04-03T01:41:30.742+0600][32.541s][info][gc,phases      ] GC(77)   Post Evacuate Collection Set: 0.66ms
[2026-04-03T01:41:30.742+0600][32.541s][info][gc,phases      ] GC(77)   Other: 0.11ms
[2026-04-03T01:41:30.742+0600][32.541s][info][gc,heap        ] GC(77) Eden regions: 91->0(130)
[2026-04-03T01:41:30.742+0600][32.541s][info][gc,heap        ] GC(77) Survivor regions: 4->5(17)
[2026-04-03T01:41:30.742+0600][32.541s][info][gc,heap        ] GC(77) Old regions: 42->43
[2026-04-03T01:41:30.742+0600][32.541s][info][gc,heap        ] GC(77) Humongous regions: 83->3
[2026-04-03T01:41:30.742+0600][32.541s][info][gc,metaspace   ] GC(77) Metaspace: 130187K(131840K)->130187K(131840K) NonClass: 113687K(114496K)->113687K(114496K) Class: 16499K(17344K)->16499K(17344K)
[2026-04-03T01:41:30.742+0600][32.541s][info][gc             ] GC(77) Pause Young (Prepare Mixed) (G1 Evacuation Pause) 431M->91M(452M) 7.094ms
[2026-04-03T01:41:30.743+0600][32.541s][info][gc,cpu         ] GC(77) User=0.04s Sys=0.02s Real=0.01s
[2026-04-03T01:41:31.056+0600][32.854s][info][gc,start       ] GC(78) Pause Young (Mixed) (GCLocker Initiated GC)
[2026-04-03T01:41:31.056+0600][32.854s][info][gc,task        ] GC(78) Using 10 workers of 10 for evacuation
[2026-04-03T01:41:31.064+0600][32.863s][info][gc,phases      ] GC(78)   Pre Evacuate Collection Set: 0.48ms
[2026-04-03T01:41:31.064+0600][32.863s][info][gc,phases      ] GC(78)   Merge Heap Roots: 0.22ms
[2026-04-03T01:41:31.064+0600][32.863s][info][gc,phases      ] GC(78)   Evacuate Collection Set: 7.03ms
[2026-04-03T01:41:31.064+0600][32.863s][info][gc,phases      ] GC(78)   Post Evacuate Collection Set: 0.78ms
[2026-04-03T01:41:31.064+0600][32.863s][info][gc,phases      ] GC(78)   Other: 0.14ms
[2026-04-03T01:41:31.064+0600][32.863s][info][gc,heap        ] GC(78) Eden regions: 98->0(133)
[2026-04-03T01:41:31.064+0600][32.863s][info][gc,heap        ] GC(78) Survivor regions: 5->5(17)
[2026-04-03T01:41:31.065+0600][32.863s][info][gc,heap        ] GC(78) Old regions: 43->42
[2026-04-03T01:41:31.065+0600][32.863s][info][gc,heap        ] GC(78) Humongous regions: 80->3
[2026-04-03T01:41:31.065+0600][32.863s][info][gc,metaspace   ] GC(78) Metaspace: 130238K(131840K)->130238K(131840K) NonClass: 113738K(114496K)->113738K(114496K) Class: 16499K(17344K)->16499K(17344K)
[2026-04-03T01:41:31.065+0600][32.863s][info][gc             ] GC(78) Pause Young (Mixed) (GCLocker Initiated GC) 441M->91M(462M) 8.995ms
[2026-04-03T01:41:31.065+0600][32.863s][info][gc,cpu         ] GC(78) User=0.05s Sys=0.02s Real=0.01s
[2026-04-03T01:41:31.082+0600][32.880s][info][gc,start       ] GC(79) Pause Young (Concurrent Start) (G1 Humongous Allocation)
[2026-04-03T01:41:31.082+0600][32.881s][info][gc,task        ] GC(79) Using 10 workers of 10 for evacuation
[2026-04-03T01:41:31.089+0600][32.887s][info][gc,phases      ] GC(79)   Pre Evacuate Collection Set: 0.49ms
[2026-04-03T01:41:31.089+0600][32.887s][info][gc,phases      ] GC(79)   Merge Heap Roots: 0.17ms
[2026-04-03T01:41:31.089+0600][32.887s][info][gc,phases      ] GC(79)   Evacuate Collection Set: 4.24ms
[2026-04-03T01:41:31.089+0600][32.887s][info][gc,phases      ] GC(79)   Post Evacuate Collection Set: 1.14ms
[2026-04-03T01:41:31.089+0600][32.887s][info][gc,phases      ] GC(79)   Other: 0.18ms
[2026-04-03T01:41:31.089+0600][32.887s][info][gc,heap        ] GC(79) Eden regions: 7->0(167)
[2026-04-03T01:41:31.089+0600][32.887s][info][gc,heap        ] GC(79) Survivor regions: 5->5(18)
[2026-04-03T01:41:31.089+0600][32.887s][info][gc,heap        ] GC(79) Old regions: 42->42
[2026-04-03T01:41:31.089+0600][32.887s][info][gc,heap        ] GC(79) Humongous regions: 3->3
[2026-04-03T01:41:31.089+0600][32.887s][info][gc,metaspace   ] GC(79) Metaspace: 130247K(131840K)->130247K(131840K) NonClass: 113748K(114496K)->113748K(114496K) Class: 16499K(17344K)->16499K(17344K)
[2026-04-03T01:41:31.089+0600][32.887s][info][gc             ] GC(79) Pause Young (Concurrent Start) (G1 Humongous Allocation) 105M->91M(576M) 6.578ms
[2026-04-03T01:41:31.089+0600][32.887s][info][gc             ] GC(80) Concurrent Mark Cycle
[2026-04-03T01:41:31.089+0600][32.887s][info][gc,cpu         ] GC(79) User=0.05s Sys=0.00s Real=0.00s
[2026-04-03T01:41:31.089+0600][32.887s][info][gc,marking     ] GC(80) Concurrent Scan Root Regions
[2026-04-03T01:41:31.097+0600][32.895s][info][gc,marking     ] GC(80) Concurrent Scan Root Regions 7.522ms
[2026-04-03T01:41:31.097+0600][32.895s][info][gc,marking     ] GC(80) Concurrent Mark
[2026-04-03T01:41:31.097+0600][32.895s][info][gc,marking     ] GC(80) Concurrent Mark From Roots
[2026-04-03T01:41:31.097+0600][32.895s][info][gc,task        ] GC(80) Using 3 workers of 3 for marking
[2026-04-03T01:41:31.213+0600][33.011s][info][gc,marking     ] GC(80) Concurrent Mark From Roots 116.558ms
[2026-04-03T01:41:31.213+0600][33.011s][info][gc,marking     ] GC(80) Concurrent Preclean
[2026-04-03T01:41:31.214+0600][33.012s][info][gc,marking     ] GC(80) Concurrent Preclean 0.705ms
[2026-04-03T01:41:31.214+0600][33.013s][info][gc,start       ] GC(80) Pause Remark
[2026-04-03T01:41:31.224+0600][33.022s][info][gc             ] GC(80) Pause Remark 210M->210M(528M) 9.052ms
[2026-04-03T01:41:31.224+0600][33.022s][info][gc,cpu         ] GC(80) User=0.07s Sys=0.00s Real=0.01s
[2026-04-03T01:41:31.224+0600][33.022s][info][gc,marking     ] GC(80) Concurrent Mark 127.252ms
[2026-04-03T01:41:31.224+0600][33.022s][info][gc,marking     ] GC(80) Concurrent Rebuild Remembered Sets and Scrub Regions
[2026-04-03T01:41:31.253+0600][33.051s][info][gc,marking     ] GC(80) Concurrent Rebuild Remembered Sets and Scrub Regions 29.145ms
[2026-04-03T01:41:31.254+0600][33.052s][info][gc,start       ] GC(80) Pause Cleanup
[2026-04-03T01:41:31.254+0600][33.052s][info][gc             ] GC(80) Pause Cleanup 225M->225M(528M) 0.333ms
[2026-04-03T01:41:31.254+0600][33.052s][info][gc,cpu         ] GC(80) User=0.00s Sys=0.00s Real=0.00s
[2026-04-03T01:41:31.254+0600][33.053s][info][gc,marking     ] GC(80) Concurrent Clear Claimed Marks
[2026-04-03T01:41:31.255+0600][33.053s][info][gc,marking     ] GC(80) Concurrent Clear Claimed Marks 0.457ms
[2026-04-03T01:41:31.255+0600][33.053s][info][gc,marking     ] GC(80) Concurrent Cleanup for Next Mark
[2026-04-03T01:41:31.257+0600][33.055s][info][gc,marking     ] GC(80) Concurrent Cleanup for Next Mark 2.008ms
[2026-04-03T01:41:31.257+0600][33.055s][info][gc             ] GC(80) Concurrent Mark Cycle 168.154ms
[2026-04-03T01:41:31.620+0600][33.419s][info][gc,start       ] GC(81) Pause Young (Prepare Mixed) (G1 Evacuation Pause)
[2026-04-03T01:41:31.621+0600][33.419s][info][gc,task        ] GC(81) Using 10 workers of 10 for evacuation
[2026-04-03T01:41:31.629+0600][33.427s][info][gc,phases      ] GC(81)   Pre Evacuate Collection Set: 0.66ms
[2026-04-03T01:41:31.629+0600][33.427s][info][gc,phases      ] GC(81)   Merge Heap Roots: 0.28ms
[2026-04-03T01:41:31.629+0600][33.427s][info][gc,phases      ] GC(81)   Evacuate Collection Set: 6.14ms
[2026-04-03T01:41:31.629+0600][33.427s][info][gc,phases      ] GC(81)   Post Evacuate Collection Set: 1.20ms
[2026-04-03T01:41:31.629+0600][33.427s][info][gc,phases      ] GC(81)   Other: 0.15ms
[2026-04-03T01:41:31.629+0600][33.427s][info][gc,heap        ] GC(81) Eden regions: 121->0(157)
[2026-04-03T01:41:31.629+0600][33.427s][info][gc,heap        ] GC(81) Survivor regions: 5->5(20)
[2026-04-03T01:41:31.629+0600][33.427s][info][gc,heap        ] GC(81) Old regions: 42->43
[2026-04-03T01:41:31.629+0600][33.427s][info][gc,heap        ] GC(81) Humongous regions: 96->3
[2026-04-03T01:41:31.629+0600][33.427s][info][gc,metaspace   ] GC(81) Metaspace: 130293K(131904K)->130293K(131904K) NonClass: 113792K(114560K)->113792K(114560K) Class: 16501K(17344K)->16501K(17344K)
[2026-04-03T01:41:31.629+0600][33.427s][info][gc             ] GC(81) Pause Young (Prepare Mixed) (G1 Evacuation Pause) 519M->94M(540M) 8.860ms
[2026-04-03T01:41:31.629+0600][33.428s][info][gc,cpu         ] GC(81) User=0.06s Sys=0.01s Real=0.00s
[2026-04-03T01:41:32.251+0600][34.049s][info][gc,start       ] GC(82) Pause Young (Mixed) (G1 Evacuation Pause)
[2026-04-03T01:41:32.251+0600][34.049s][info][gc,task        ] GC(82) Using 10 workers of 10 for evacuation
[2026-04-03T01:41:32.260+0600][34.058s][info][gc,phases      ] GC(82)   Pre Evacuate Collection Set: 0.29ms
[2026-04-03T01:41:32.260+0600][34.058s][info][gc,phases      ] GC(82)   Merge Heap Roots: 0.36ms
[2026-04-03T01:41:32.260+0600][34.058s][info][gc,phases      ] GC(82)   Evacuate Collection Set: 6.99ms
[2026-04-03T01:41:32.260+0600][34.058s][info][gc,phases      ] GC(82)   Post Evacuate Collection Set: 0.85ms
[2026-04-03T01:41:32.260+0600][34.058s][info][gc,phases      ] GC(82)   Other: 0.11ms
[2026-04-03T01:41:32.260+0600][34.058s][info][gc,heap        ] GC(82) Eden regions: 155->0(194)
[2026-04-03T01:41:32.260+0600][34.058s][info][gc,heap        ] GC(82) Survivor regions: 5->5(24)
[2026-04-03T01:41:32.260+0600][34.058s][info][gc,heap        ] GC(82) Old regions: 43->43
[2026-04-03T01:41:32.260+0600][34.058s][info][gc,heap        ] GC(82) Humongous regions: 124->12
[2026-04-03T01:41:32.260+0600][34.058s][info][gc,metaspace   ] GC(82) Metaspace: 130322K(131904K)->130322K(131904K) NonClass: 113819K(114560K)->113819K(114560K) Class: 16502K(17344K)->16502K(17344K)
[2026-04-03T01:41:32.260+0600][34.058s][info][gc             ] GC(82) Pause Young (Mixed) (G1 Evacuation Pause) 646M->112M(666M) 8.922ms
[2026-04-03T01:41:32.260+0600][34.058s][info][gc,cpu         ] GC(82) User=0.05s Sys=0.01s Real=0.01s
[2026-04-03T01:41:32.261+0600][34.059s][info][gc,start       ] GC(83) Pause Young (Concurrent Start) (G1 Humongous Allocation)
[2026-04-03T01:41:32.261+0600][34.059s][info][gc,task        ] GC(83) Using 10 workers of 10 for evacuation
[2026-04-03T01:41:32.265+0600][34.063s][info][gc,phases      ] GC(83)   Pre Evacuate Collection Set: 0.29ms
[2026-04-03T01:41:32.265+0600][34.063s][info][gc,phases      ] GC(83)   Merge Heap Roots: 0.13ms
[2026-04-03T01:41:32.265+0600][34.063s][info][gc,phases      ] GC(83)   Evacuate Collection Set: 3.04ms
[2026-04-03T01:41:32.265+0600][34.063s][info][gc,phases      ] GC(83)   Post Evacuate Collection Set: 0.54ms
[2026-04-03T01:41:32.265+0600][34.063s][info][gc,phases      ] GC(83)   Other: 0.12ms
[2026-04-03T01:41:32.265+0600][34.063s][info][gc,heap        ] GC(83) Eden regions: 3->0(194)
[2026-04-03T01:41:32.265+0600][34.063s][info][gc,heap        ] GC(83) Survivor regions: 5->5(25)
[2026-04-03T01:41:32.265+0600][34.063s][info][gc,heap        ] GC(83) Old regions: 43->43
[2026-04-03T01:41:32.265+0600][34.063s][info][gc,heap        ] GC(83) Humongous regions: 12->3
[2026-04-03T01:41:32.265+0600][34.063s][info][gc,metaspace   ] GC(83) Metaspace: 130322K(131904K)->130322K(131904K) NonClass: 113819K(114560K)->113819K(114560K) Class: 16502K(17344K)->16502K(17344K)
[2026-04-03T01:41:32.265+0600][34.063s][info][gc             ] GC(83) Pause Young (Concurrent Start) (G1 Humongous Allocation) 116M->94M(666M) 4.420ms
[2026-04-03T01:41:32.265+0600][34.063s][info][gc             ] GC(84) Concurrent Mark Cycle
[2026-04-03T01:41:32.265+0600][34.063s][info][gc,cpu         ] GC(83) User=0.03s Sys=0.00s Real=0.00s
[2026-04-03T01:41:32.265+0600][34.063s][info][gc,marking     ] GC(84) Concurrent Scan Root Regions
[2026-04-03T01:41:32.269+0600][34.067s][info][gc,marking     ] GC(84) Concurrent Scan Root Regions 3.880ms
[2026-04-03T01:41:32.269+0600][34.067s][info][gc,marking     ] GC(84) Concurrent Mark
[2026-04-03T01:41:32.269+0600][34.068s][info][gc,marking     ] GC(84) Concurrent Mark From Roots
[2026-04-03T01:41:32.269+0600][34.068s][info][gc,task        ] GC(84) Using 3 workers of 3 for marking
[2026-04-03T01:41:32.385+0600][34.183s][info][gc,marking     ] GC(84) Concurrent Mark From Roots 115.955ms
[2026-04-03T01:41:32.385+0600][34.184s][info][gc,marking     ] GC(84) Concurrent Preclean
[2026-04-03T01:41:32.386+0600][34.184s][info][gc,marking     ] GC(84) Concurrent Preclean 0.636ms
[2026-04-03T01:41:32.387+0600][34.185s][info][gc,start       ] GC(84) Pause Remark
[2026-04-03T01:41:32.415+0600][34.213s][info][gc             ] GC(84) Pause Remark 407M->407M(666M) 28.119ms
[2026-04-03T01:41:32.415+0600][34.213s][info][gc,cpu         ] GC(84) User=0.24s Sys=0.01s Real=0.03s
[2026-04-03T01:41:32.416+0600][34.214s][info][gc,marking     ] GC(84) Concurrent Mark 146.773ms
[2026-04-03T01:41:32.416+0600][34.214s][info][gc,marking     ] GC(84) Concurrent Rebuild Remembered Sets and Scrub Regions
[2026-04-03T01:41:32.458+0600][34.256s][info][gc,marking     ] GC(84) Concurrent Rebuild Remembered Sets and Scrub Regions 41.637ms
[2026-04-03T01:41:32.458+0600][34.256s][info][gc,start       ] GC(84) Pause Cleanup
[2026-04-03T01:41:32.459+0600][34.257s][info][gc             ] GC(84) Pause Cleanup 429M->429M(666M) 0.278ms
[2026-04-03T01:41:32.459+0600][34.257s][info][gc,cpu         ] GC(84) User=0.00s Sys=0.00s Real=0.00s
[2026-04-03T01:41:32.459+0600][34.257s][info][gc,marking     ] GC(84) Concurrent Clear Claimed Marks
[2026-04-03T01:41:32.459+0600][34.257s][info][gc,marking     ] GC(84) Concurrent Clear Claimed Marks 0.350ms
[2026-04-03T01:41:32.459+0600][34.257s][info][gc,marking     ] GC(84) Concurrent Cleanup for Next Mark
[2026-04-03T01:41:32.461+0600][34.259s][info][gc,marking     ] GC(84) Concurrent Cleanup for Next Mark 1.741ms
[2026-04-03T01:41:32.461+0600][34.259s][info][gc             ] GC(84) Concurrent Mark Cycle 195.559ms
[2026-04-03T01:41:32.539+0600][34.337s][info][gc,start       ] GC(85) Pause Young (Prepare Mixed) (G1 Evacuation Pause)
[2026-04-03T01:41:32.539+0600][34.337s][info][gc,task        ] GC(85) Using 10 workers of 10 for evacuation
[2026-04-03T01:41:32.548+0600][34.346s][info][gc,phases      ] GC(85)   Pre Evacuate Collection Set: 0.50ms
[2026-04-03T01:41:32.548+0600][34.347s][info][gc,phases      ] GC(85)   Merge Heap Roots: 0.26ms
[2026-04-03T01:41:32.548+0600][34.347s][info][gc,phases      ] GC(85)   Evacuate Collection Set: 7.21ms
[2026-04-03T01:41:32.548+0600][34.347s][info][gc,phases      ] GC(85)   Post Evacuate Collection Set: 0.95ms
[2026-04-03T01:41:32.548+0600][34.347s][info][gc,phases      ] GC(85)   Other: 0.13ms
[2026-04-03T01:41:32.549+0600][34.347s][info][gc,heap        ] GC(85) Eden regions: 36->0(206)
[2026-04-03T01:41:32.549+0600][34.347s][info][gc,heap        ] GC(85) Survivor regions: 5->6(25)
[2026-04-03T01:41:32.549+0600][34.347s][info][gc,heap        ] GC(85) Old regions: 43->43
[2026-04-03T01:41:32.549+0600][34.347s][info][gc,heap        ] GC(85) Humongous regions: 264->15
[2026-04-03T01:41:32.549+0600][34.347s][info][gc,metaspace   ] GC(85) Metaspace: 130322K(131904K)->130322K(131904K) NonClass: 113825K(114560K)->113825K(114560K) Class: 16497K(17344K)->16497K(17344K)
[2026-04-03T01:41:32.549+0600][34.347s][info][gc             ] GC(85) Pause Young (Prepare Mixed) (G1 Evacuation Pause) 688M->119M(708M) 9.506ms
[2026-04-03T01:41:32.549+0600][34.347s][info][gc,cpu         ] GC(85) User=0.05s Sys=0.02s Real=0.01s
[2026-04-03T01:41:33.214+0600][35.012s][info][gc,start       ] GC(86) Pause Young (Mixed) (G1 Evacuation Pause)
[2026-04-03T01:41:33.214+0600][35.012s][info][gc,task        ] GC(86) Using 10 workers of 10 for evacuation
[2026-04-03T01:41:33.222+0600][35.020s][info][gc,phases      ] GC(86)   Pre Evacuate Collection Set: 0.37ms
[2026-04-03T01:41:33.222+0600][35.020s][info][gc,phases      ] GC(86)   Merge Heap Roots: 0.27ms
[2026-04-03T01:41:33.222+0600][35.020s][info][gc,phases      ] GC(86)   Evacuate Collection Set: 6.61ms
[2026-04-03T01:41:33.222+0600][35.020s][info][gc,phases      ] GC(86)   Post Evacuate Collection Set: 0.81ms
[2026-04-03T01:41:33.222+0600][35.020s][info][gc,phases      ] GC(86)   Other: 0.12ms
[2026-04-03T01:41:33.222+0600][35.020s][info][gc,heap        ] GC(86) Eden regions: 147->0(210)
[2026-04-03T01:41:33.222+0600][35.020s][info][gc,heap        ] GC(86) Survivor regions: 6->6(27)
[2026-04-03T01:41:33.222+0600][35.020s][info][gc,heap        ] GC(86) Old regions: 43->43
[2026-04-03T01:41:33.222+0600][35.020s][info][gc,heap        ] GC(86) Humongous regions: 158->3
[2026-04-03T01:41:33.222+0600][35.020s][info][gc,metaspace   ] GC(86) Metaspace: 130381K(131968K)->130381K(131968K) NonClass: 113883K(114624K)->113883K(114624K) Class: 16497K(17344K)->16497K(17344K)
[2026-04-03T01:41:33.222+0600][35.020s][info][gc             ] GC(86) Pause Young (Mixed) (G1 Evacuation Pause) 699M->97M(722M) 8.524ms
[2026-04-03T01:41:33.222+0600][35.020s][info][gc,cpu         ] GC(86) User=0.06s Sys=0.02s Real=0.01s
[2026-04-03T01:41:33.235+0600][35.033s][info][gc,start       ] GC(87) Pause Young (Concurrent Start) (G1 Humongous Allocation)
[2026-04-03T01:41:33.235+0600][35.033s][info][gc,task        ] GC(87) Using 10 workers of 10 for evacuation
[2026-04-03T01:41:33.240+0600][35.038s][info][gc,phases      ] GC(87)   Pre Evacuate Collection Set: 0.46ms
[2026-04-03T01:41:33.240+0600][35.038s][info][gc,phases      ] GC(87)   Merge Heap Roots: 0.16ms
[2026-04-03T01:41:33.240+0600][35.038s][info][gc,phases      ] GC(87)   Evacuate Collection Set: 3.60ms
[2026-04-03T01:41:33.240+0600][35.038s][info][gc,phases      ] GC(87)   Post Evacuate Collection Set: 0.79ms
[2026-04-03T01:41:33.240+0600][35.038s][info][gc,phases      ] GC(87)   Other: 0.26ms
[2026-04-03T01:41:33.240+0600][35.039s][info][gc,heap        ] GC(87) Eden regions: 7->0(210)
[2026-04-03T01:41:33.240+0600][35.039s][info][gc,heap        ] GC(87) Survivor regions: 6->6(27)
[2026-04-03T01:41:33.240+0600][35.039s][info][gc,heap        ] GC(87) Old regions: 43->43
[2026-04-03T01:41:33.240+0600][35.039s][info][gc,heap        ] GC(87) Humongous regions: 3->3
[2026-04-03T01:41:33.240+0600][35.039s][info][gc,metaspace   ] GC(87) Metaspace: 130381K(131968K)->130381K(131968K) NonClass: 113883K(114624K)->113883K(114624K) Class: 16497K(17344K)->16497K(17344K)
[2026-04-03T01:41:33.240+0600][35.039s][info][gc             ] GC(87) Pause Young (Concurrent Start) (G1 Humongous Allocation) 109M->97M(722M) 5.683ms
[2026-04-03T01:41:33.241+0600][35.039s][info][gc             ] GC(88) Concurrent Mark Cycle
[2026-04-03T01:41:33.241+0600][35.039s][info][gc,cpu         ] GC(87) User=0.04s Sys=0.00s Real=0.01s
[2026-04-03T01:41:33.241+0600][35.039s][info][gc,marking     ] GC(88) Concurrent Scan Root Regions
[2026-04-03T01:41:33.248+0600][35.046s][info][gc,marking     ] GC(88) Concurrent Scan Root Regions 7.130ms
[2026-04-03T01:41:33.248+0600][35.046s][info][gc,marking     ] GC(88) Concurrent Mark
[2026-04-03T01:41:33.248+0600][35.046s][info][gc,marking     ] GC(88) Concurrent Mark From Roots
[2026-04-03T01:41:33.248+0600][35.046s][info][gc,task        ] GC(88) Using 3 workers of 3 for marking
[2026-04-03T01:41:33.347+0600][35.145s][info][gc,marking     ] GC(88) Concurrent Mark From Roots 98.636ms
[2026-04-03T01:41:33.347+0600][35.145s][info][gc,marking     ] GC(88) Concurrent Preclean
[2026-04-03T01:41:33.347+0600][35.146s][info][gc,marking     ] GC(88) Concurrent Preclean 0.707ms
[2026-04-03T01:41:33.348+0600][35.146s][info][gc,start       ] GC(88) Pause Remark
[2026-04-03T01:41:33.358+0600][35.156s][info][gc             ] GC(88) Pause Remark 200M->200M(500M) 10.022ms
[2026-04-03T01:41:33.358+0600][35.156s][info][gc,cpu         ] GC(88) User=0.07s Sys=0.00s Real=0.01s
[2026-04-03T01:41:33.359+0600][35.157s][info][gc,marking     ] GC(88) Concurrent Mark 110.625ms
[2026-04-03T01:41:33.359+0600][35.157s][info][gc,marking     ] GC(88) Concurrent Rebuild Remembered Sets and Scrub Regions
[2026-04-03T01:41:33.392+0600][35.190s][info][gc,marking     ] GC(88) Concurrent Rebuild Remembered Sets and Scrub Regions 33.177ms
[2026-04-03T01:41:33.392+0600][35.190s][info][gc,start       ] GC(88) Pause Cleanup
[2026-04-03T01:41:33.393+0600][35.191s][info][gc             ] GC(88) Pause Cleanup 227M->227M(500M) 0.503ms
[2026-04-03T01:41:33.393+0600][35.191s][info][gc,cpu         ] GC(88) User=0.01s Sys=0.00s Real=0.00s
[2026-04-03T01:41:33.393+0600][35.191s][info][gc,marking     ] GC(88) Concurrent Clear Claimed Marks
[2026-04-03T01:41:33.394+0600][35.192s][info][gc,marking     ] GC(88) Concurrent Clear Claimed Marks 0.451ms
[2026-04-03T01:41:33.394+0600][35.192s][info][gc,marking     ] GC(88) Concurrent Cleanup for Next Mark
[2026-04-03T01:41:33.395+0600][35.193s][info][gc,marking     ] GC(88) Concurrent Cleanup for Next Mark 1.144ms
[2026-04-03T01:41:33.395+0600][35.193s][info][gc             ] GC(88) Concurrent Mark Cycle 154.322ms
[2026-04-03T01:41:33.668+0600][35.466s][info][gc,start       ] GC(89) Pause Young (Prepare Mixed) (GCLocker Initiated GC)
[2026-04-03T01:41:33.668+0600][35.466s][info][gc,task        ] GC(89) Using 10 workers of 10 for evacuation
[2026-04-03T01:41:33.677+0600][35.475s][info][gc,phases      ] GC(89)   Pre Evacuate Collection Set: 0.53ms
[2026-04-03T01:41:33.677+0600][35.475s][info][gc,phases      ] GC(89)   Merge Heap Roots: 0.21ms
[2026-04-03T01:41:33.677+0600][35.475s][info][gc,phases      ] GC(89)   Evacuate Collection Set: 7.70ms
[2026-04-03T01:41:33.677+0600][35.475s][info][gc,phases      ] GC(89)   Post Evacuate Collection Set: 0.81ms
[2026-04-03T01:41:33.677+0600][35.475s][info][gc,phases      ] GC(89)   Other: 0.13ms
[2026-04-03T01:41:33.677+0600][35.475s][info][gc,heap        ] GC(89) Eden regions: 108->0(148)
[2026-04-03T01:41:33.677+0600][35.475s][info][gc,heap        ] GC(89) Survivor regions: 6->6(19)
[2026-04-03T01:41:33.677+0600][35.475s][info][gc,heap        ] GC(89) Old regions: 43->44
[2026-04-03T01:41:33.677+0600][35.476s][info][gc,heap        ] GC(89) Humongous regions: 93->3
[2026-04-03T01:41:33.677+0600][35.476s][info][gc,metaspace   ] GC(89) Metaspace: 130389K(131968K)->130389K(131968K) NonClass: 113891K(114624K)->113891K(114624K) Class: 16498K(17344K)->16498K(17344K)
[2026-04-03T01:41:33.677+0600][35.476s][info][gc             ] GC(89) Pause Young (Prepare Mixed) (GCLocker Initiated GC) 493M->98M(514M) 9.749ms
[2026-04-03T01:41:33.678+0600][35.476s][info][gc,cpu         ] GC(89) User=0.05s Sys=0.02s Real=0.01s
[2026-04-03T01:41:34.126+0600][35.924s][info][gc,start       ] GC(90) Pause Young (Mixed) (GCLocker Initiated GC)
[2026-04-03T01:41:34.126+0600][35.924s][info][gc,task        ] GC(90) Using 10 workers of 10 for evacuation
[2026-04-03T01:41:34.136+0600][35.934s][info][gc,phases      ] GC(90)   Pre Evacuate Collection Set: 0.53ms
[2026-04-03T01:41:34.136+0600][35.934s][info][gc,phases      ] GC(90)   Merge Heap Roots: 0.30ms
[2026-04-03T01:41:34.136+0600][35.934s][info][gc,phases      ] GC(90)   Evacuate Collection Set: 8.10ms
[2026-04-03T01:41:34.136+0600][35.934s][info][gc,phases      ] GC(90)   Post Evacuate Collection Set: 0.86ms
[2026-04-03T01:41:34.136+0600][35.934s][info][gc,phases      ] GC(90)   Other: 0.15ms
[2026-04-03T01:41:34.136+0600][35.934s][info][gc,heap        ] GC(90) Eden regions: 115->0(152)
[2026-04-03T01:41:34.136+0600][35.934s][info][gc,heap        ] GC(90) Survivor regions: 6->5(20)
[2026-04-03T01:41:34.136+0600][35.934s][info][gc,heap        ] GC(90) Old regions: 44->43
[2026-04-03T01:41:34.136+0600][35.934s][info][gc,heap        ] GC(90) Humongous regions: 92->3
[2026-04-03T01:41:34.136+0600][35.934s][info][gc,metaspace   ] GC(90) Metaspace: 130391K(131968K)->130391K(131968K) NonClass: 113893K(114624K)->113893K(114624K) Class: 16498K(17344K)->16498K(17344K)
[2026-04-03T01:41:34.136+0600][35.934s][info][gc             ] GC(90) Pause Young (Mixed) (GCLocker Initiated GC) 506M->96M(524M) 10.503ms
[2026-04-03T01:41:34.136+0600][35.934s][info][gc,cpu         ] GC(90) User=0.05s Sys=0.02s Real=0.01s
[2026-04-03T01:41:34.137+0600][35.935s][info][gc,start       ] GC(91) Pause Young (Concurrent Start) (G1 Humongous Allocation)
[2026-04-03T01:41:34.137+0600][35.935s][info][gc,task        ] GC(91) Using 10 workers of 10 for evacuation
[2026-04-03T01:41:34.143+0600][35.941s][info][gc,phases      ] GC(91)   Pre Evacuate Collection Set: 0.44ms
[2026-04-03T01:41:34.143+0600][35.941s][info][gc,phases      ] GC(91)   Merge Heap Roots: 0.33ms
[2026-04-03T01:41:34.143+0600][35.941s][info][gc,phases      ] GC(91)   Evacuate Collection Set: 4.14ms
[2026-04-03T01:41:34.143+0600][35.941s][info][gc,phases      ] GC(91)   Post Evacuate Collection Set: 0.61ms
[2026-04-03T01:41:34.143+0600][35.941s][info][gc,phases      ] GC(91)   Other: 0.22ms
[2026-04-03T01:41:34.143+0600][35.941s][info][gc,heap        ] GC(91) Eden regions: 1->0(152)
[2026-04-03T01:41:34.143+0600][35.941s][info][gc,heap        ] GC(91) Survivor regions: 5->5(20)
[2026-04-03T01:41:34.143+0600][35.941s][info][gc,heap        ] GC(91) Old regions: 43->43
[2026-04-03T01:41:34.143+0600][35.941s][info][gc,heap        ] GC(91) Humongous regions: 3->3
[2026-04-03T01:41:34.143+0600][35.941s][info][gc,metaspace   ] GC(91) Metaspace: 130391K(131968K)->130391K(131968K) NonClass: 113893K(114624K)->113893K(114624K) Class: 16498K(17344K)->16498K(17344K)
[2026-04-03T01:41:34.143+0600][35.941s][info][gc             ] GC(91) Pause Young (Concurrent Start) (G1 Humongous Allocation) 97M->96M(524M) 6.064ms
[2026-04-03T01:41:34.143+0600][35.941s][info][gc             ] GC(92) Concurrent Mark Cycle
[2026-04-03T01:41:34.143+0600][35.941s][info][gc,cpu         ] GC(91) User=0.05s Sys=0.00s Real=0.01s
[2026-04-03T01:41:34.143+0600][35.941s][info][gc,marking     ] GC(92) Concurrent Scan Root Regions
[2026-04-03T01:41:34.150+0600][35.948s][info][gc,marking     ] GC(92) Concurrent Scan Root Regions 6.720ms
[2026-04-03T01:41:34.150+0600][35.948s][info][gc,marking     ] GC(92) Concurrent Mark
[2026-04-03T01:41:34.150+0600][35.948s][info][gc,marking     ] GC(92) Concurrent Mark From Roots
[2026-04-03T01:41:34.150+0600][35.948s][info][gc,task        ] GC(92) Using 3 workers of 3 for marking
[2026-04-03T01:41:34.288+0600][36.086s][info][gc,marking     ] GC(92) Concurrent Mark From Roots 137.418ms
[2026-04-03T01:41:34.288+0600][36.086s][info][gc,marking     ] GC(92) Concurrent Preclean
[2026-04-03T01:41:34.288+0600][36.086s][info][gc,marking     ] GC(92) Concurrent Preclean 0.661ms
[2026-04-03T01:41:34.289+0600][36.088s][info][gc,start       ] GC(92) Pause Remark
[2026-04-03T01:41:34.301+0600][36.100s][info][gc             ] GC(92) Pause Remark 198M->198M(480M) 11.981ms
[2026-04-03T01:41:34.302+0600][36.100s][info][gc,cpu         ] GC(92) User=0.09s Sys=0.00s Real=0.02s
[2026-04-03T01:41:34.302+0600][36.100s][info][gc,marking     ] GC(92) Concurrent Mark 151.879ms
[2026-04-03T01:41:34.302+0600][36.100s][info][gc,marking     ] GC(92) Concurrent Rebuild Remembered Sets and Scrub Regions
[2026-04-03T01:41:34.335+0600][36.134s][info][gc,marking     ] GC(92) Concurrent Rebuild Remembered Sets and Scrub Regions 33.384ms
[2026-04-03T01:41:34.336+0600][36.134s][info][gc,start       ] GC(92) Pause Cleanup
[2026-04-03T01:41:34.336+0600][36.134s][info][gc             ] GC(92) Pause Cleanup 222M->222M(480M) 0.337ms
[2026-04-03T01:41:34.336+0600][36.134s][info][gc,cpu         ] GC(92) User=0.00s Sys=0.00s Real=0.00s
[2026-04-03T01:41:34.336+0600][36.135s][info][gc,marking     ] GC(92) Concurrent Clear Claimed Marks
[2026-04-03T01:41:34.337+0600][36.135s][info][gc,marking     ] GC(92) Concurrent Clear Claimed Marks 0.651ms
[2026-04-03T01:41:34.337+0600][36.135s][info][gc,marking     ] GC(92) Concurrent Cleanup for Next Mark
[2026-04-03T01:41:34.338+0600][36.136s][info][gc,marking     ] GC(92) Concurrent Cleanup for Next Mark 1.013ms
[2026-04-03T01:41:34.338+0600][36.136s][info][gc             ] GC(92) Concurrent Mark Cycle 195.157ms
[2026-04-03T01:41:34.874+0600][36.672s][info][gc,start       ] GC(93) Pause Young (Prepare Mixed) (G1 Evacuation Pause)
[2026-04-03T01:41:34.874+0600][36.672s][info][gc,task        ] GC(93) Using 10 workers of 10 for evacuation
[2026-04-03T01:41:34.880+0600][36.679s][info][gc,phases      ] GC(93)   Pre Evacuate Collection Set: 0.33ms
[2026-04-03T01:41:34.881+0600][36.679s][info][gc,phases      ] GC(93)   Merge Heap Roots: 0.27ms
[2026-04-03T01:41:34.881+0600][36.679s][info][gc,phases      ] GC(93)   Evacuate Collection Set: 4.50ms
[2026-04-03T01:41:34.881+0600][36.679s][info][gc,phases      ] GC(93)   Post Evacuate Collection Set: 0.99ms
[2026-04-03T01:41:34.881+0600][36.679s][info][gc,phases      ] GC(93)   Other: 0.10ms
[2026-04-03T01:41:34.881+0600][36.679s][info][gc,heap        ] GC(93) Eden regions: 131->0(142)
[2026-04-03T01:41:34.881+0600][36.679s][info][gc,heap        ] GC(93) Survivor regions: 5->5(18)
[2026-04-03T01:41:34.881+0600][36.679s][info][gc,heap        ] GC(93) Old regions: 43->44
[2026-04-03T01:41:34.881+0600][36.679s][info][gc,heap        ] GC(93) Humongous regions: 61->3
[2026-04-03T01:41:34.881+0600][36.679s][info][gc,metaspace   ] GC(93) Metaspace: 130461K(132032K)->130461K(132032K) NonClass: 113962K(114688K)->113962K(114688K) Class: 16499K(17344K)->16499K(17344K)
[2026-04-03T01:41:34.881+0600][36.679s][info][gc             ] GC(93) Pause Young (Prepare Mixed) (G1 Evacuation Pause) 474M->96M(492M) 6.470ms
[2026-04-03T01:41:34.881+0600][36.679s][info][gc,cpu         ] GC(93) User=0.04s Sys=0.02s Real=0.01s
[2026-04-03T01:41:35.184+0600][36.982s][info][gc,start       ] GC(94) Pause Young (Mixed) (GCLocker Initiated GC)
[2026-04-03T01:41:35.184+0600][36.982s][info][gc,task        ] GC(94) Using 10 workers of 10 for evacuation
[2026-04-03T01:41:35.192+0600][36.990s][info][gc,phases      ] GC(94)   Pre Evacuate Collection Set: 0.42ms
[2026-04-03T01:41:35.192+0600][36.990s][info][gc,phases      ] GC(94)   Merge Heap Roots: 0.22ms
[2026-04-03T01:41:35.192+0600][36.990s][info][gc,phases      ] GC(94)   Evacuate Collection Set: 6.18ms
[2026-04-03T01:41:35.192+0600][36.990s][info][gc,phases      ] GC(94)   Post Evacuate Collection Set: 0.85ms
[2026-04-03T01:41:35.192+0600][36.990s][info][gc,phases      ] GC(94)   Other: 0.12ms
[2026-04-03T01:41:35.192+0600][36.990s][info][gc,heap        ] GC(94) Eden regions: 106->0(145)
[2026-04-03T01:41:35.192+0600][36.990s][info][gc,heap        ] GC(94) Survivor regions: 5->5(19)
[2026-04-03T01:41:35.192+0600][36.990s][info][gc,heap        ] GC(94) Old regions: 44->43
[2026-04-03T01:41:35.192+0600][36.990s][info][gc,heap        ] GC(94) Humongous regions: 91->3
[2026-04-03T01:41:35.192+0600][36.990s][info][gc,metaspace   ] GC(94) Metaspace: 130488K(132032K)->130488K(132032K) NonClass: 113988K(114688K)->113988K(114688K) Class: 16499K(17344K)->16499K(17344K)
[2026-04-03T01:41:35.192+0600][36.991s][info][gc             ] GC(94) Pause Young (Mixed) (GCLocker Initiated GC) 484M->96M(502M) 8.147ms
[2026-04-03T01:41:35.192+0600][36.991s][info][gc,cpu         ] GC(94) User=0.05s Sys=0.02s Real=0.01s
[2026-04-03T01:41:35.210+0600][37.008s][info][gc,start       ] GC(95) Pause Young (Concurrent Start) (G1 Humongous Allocation)
[2026-04-03T01:41:35.210+0600][37.009s][info][gc,task        ] GC(95) Using 10 workers of 10 for evacuation
[2026-04-03T01:41:35.216+0600][37.014s][info][gc,phases      ] GC(95)   Pre Evacuate Collection Set: 0.50ms
[2026-04-03T01:41:35.216+0600][37.014s][info][gc,phases      ] GC(95)   Merge Heap Roots: 0.16ms
[2026-04-03T01:41:35.216+0600][37.014s][info][gc,phases      ] GC(95)   Evacuate Collection Set: 3.14ms
[2026-04-03T01:41:35.216+0600][37.014s][info][gc,phases      ] GC(95)   Post Evacuate Collection Set: 1.25ms
[2026-04-03T01:41:35.216+0600][37.014s][info][gc,phases      ] GC(95)   Other: 0.21ms
[2026-04-03T01:41:35.216+0600][37.014s][info][gc,heap        ] GC(95) Eden regions: 7->0(195)
[2026-04-03T01:41:35.216+0600][37.014s][info][gc,heap        ] GC(95) Survivor regions: 5->4(19)
[2026-04-03T01:41:35.216+0600][37.014s][info][gc,heap        ] GC(95) Old regions: 43->44
[2026-04-03T01:41:35.216+0600][37.014s][info][gc,heap        ] GC(95) Humongous regions: 3->3
[2026-04-03T01:41:35.216+0600][37.014s][info][gc,metaspace   ] GC(95) Metaspace: 130488K(132032K)->130488K(132032K) NonClass: 113988K(114688K)->113988K(114688K) Class: 16499K(17344K)->16499K(17344K)
[2026-04-03T01:41:35.216+0600][37.014s][info][gc             ] GC(95) Pause Young (Concurrent Start) (G1 Humongous Allocation) 109M->96M(666M) 5.700ms
[2026-04-03T01:41:35.216+0600][37.014s][info][gc             ] GC(96) Concurrent Mark Cycle
[2026-04-03T01:41:35.216+0600][37.014s][info][gc,cpu         ] GC(95) User=0.04s Sys=0.01s Real=0.00s
[2026-04-03T01:41:35.216+0600][37.014s][info][gc,marking     ] GC(96) Concurrent Scan Root Regions
[2026-04-03T01:41:35.221+0600][37.020s][info][gc,marking     ] GC(96) Concurrent Scan Root Regions 5.336ms
[2026-04-03T01:41:35.222+0600][37.020s][info][gc,marking     ] GC(96) Concurrent Mark
[2026-04-03T01:41:35.222+0600][37.020s][info][gc,marking     ] GC(96) Concurrent Mark From Roots
[2026-04-03T01:41:35.222+0600][37.020s][info][gc,task        ] GC(96) Using 3 workers of 3 for marking
[2026-04-03T01:41:35.331+0600][37.129s][info][gc,marking     ] GC(96) Concurrent Mark From Roots 109.707ms
[2026-04-03T01:41:35.331+0600][37.130s][info][gc,marking     ] GC(96) Concurrent Preclean
[2026-04-03T01:41:35.332+0600][37.130s][info][gc,marking     ] GC(96) Concurrent Preclean 0.681ms
[2026-04-03T01:41:35.332+0600][37.131s][info][gc,start       ] GC(96) Pause Remark
[2026-04-03T01:41:35.341+0600][37.139s][info][gc             ] GC(96) Pause Remark 197M->197M(488M) 8.525ms
[2026-04-03T01:41:35.341+0600][37.139s][info][gc,cpu         ] GC(96) User=0.06s Sys=0.01s Real=0.01s
[2026-04-03T01:41:35.341+0600][37.139s][info][gc,marking     ] GC(96) Concurrent Mark 119.654ms
[2026-04-03T01:41:35.341+0600][37.139s][info][gc,marking     ] GC(96) Concurrent Rebuild Remembered Sets and Scrub Regions
[2026-04-03T01:41:35.370+0600][37.168s][info][gc,marking     ] GC(96) Concurrent Rebuild Remembered Sets and Scrub Regions 28.899ms
[2026-04-03T01:41:35.371+0600][37.169s][info][gc,start       ] GC(96) Pause Cleanup
[2026-04-03T01:41:35.371+0600][37.169s][info][gc             ] GC(96) Pause Cleanup 224M->224M(488M) 0.481ms
[2026-04-03T01:41:35.371+0600][37.169s][info][gc,cpu         ] GC(96) User=0.00s Sys=0.00s Real=0.00s
[2026-04-03T01:41:35.371+0600][37.169s][info][gc,marking     ] GC(96) Concurrent Clear Claimed Marks
[2026-04-03T01:41:35.372+0600][37.170s][info][gc,marking     ] GC(96) Concurrent Clear Claimed Marks 0.384ms
[2026-04-03T01:41:35.372+0600][37.170s][info][gc,marking     ] GC(96) Concurrent Cleanup for Next Mark
[2026-04-03T01:41:35.373+0600][37.171s][info][gc,marking     ] GC(96) Concurrent Cleanup for Next Mark 0.810ms
[2026-04-03T01:41:35.373+0600][37.171s][info][gc             ] GC(96) Concurrent Mark Cycle 156.550ms
[2026-04-03T01:41:35.587+0600][37.385s][info][gc,start       ] GC(97) Pause Young (Prepare Mixed) (G1 Evacuation Pause)
[2026-04-03T01:41:35.587+0600][37.386s][info][gc,task        ] GC(97) Using 10 workers of 10 for evacuation
[2026-04-03T01:41:35.594+0600][37.393s][info][gc,phases      ] GC(97)   Pre Evacuate Collection Set: 0.40ms
[2026-04-03T01:41:35.594+0600][37.393s][info][gc,phases      ] GC(97)   Merge Heap Roots: 0.25ms
[2026-04-03T01:41:35.594+0600][37.393s][info][gc,phases      ] GC(97)   Evacuate Collection Set: 5.30ms
[2026-04-03T01:41:35.594+0600][37.393s][info][gc,phases      ] GC(97)   Post Evacuate Collection Set: 0.93ms
[2026-04-03T01:41:35.594+0600][37.393s][info][gc,phases      ] GC(97)   Other: 0.12ms
[2026-04-03T01:41:35.595+0600][37.393s][info][gc,heap        ] GC(97) Eden regions: 105->0(145)
[2026-04-03T01:41:35.595+0600][37.393s][info][gc,heap        ] GC(97) Survivor regions: 4->5(19)
[2026-04-03T01:41:35.595+0600][37.393s][info][gc,heap        ] GC(97) Old regions: 44->45
[2026-04-03T01:41:35.595+0600][37.393s][info][gc,heap        ] GC(97) Humongous regions: 91->3
[2026-04-03T01:41:35.595+0600][37.393s][info][gc,metaspace   ] GC(97) Metaspace: 130505K(132096K)->130505K(132096K) NonClass: 114004K(114752K)->114004K(114752K) Class: 16500K(17344K)->16500K(17344K)
[2026-04-03T01:41:35.595+0600][37.393s][info][gc             ] GC(97) Pause Young (Prepare Mixed) (G1 Evacuation Pause) 482M->97M(500M) 7.383ms
[2026-04-03T01:41:35.595+0600][37.393s][info][gc,cpu         ] GC(97) User=0.04s Sys=0.01s Real=0.01s
[2026-04-03T01:41:35.997+0600][37.795s][info][gc,start       ] GC(98) Pause Young (Mixed) (G1 Evacuation Pause)
[2026-04-03T01:41:35.997+0600][37.795s][info][gc,task        ] GC(98) Using 10 workers of 10 for evacuation
[2026-04-03T01:41:36.004+0600][37.803s][info][gc,phases      ] GC(98)   Pre Evacuate Collection Set: 0.33ms
[2026-04-03T01:41:36.004+0600][37.803s][info][gc,phases      ] GC(98)   Merge Heap Roots: 0.24ms
[2026-04-03T01:41:36.004+0600][37.803s][info][gc,phases      ] GC(98)   Evacuate Collection Set: 5.54ms
[2026-04-03T01:41:36.005+0600][37.803s][info][gc,phases      ] GC(98)   Post Evacuate Collection Set: 0.95ms
[2026-04-03T01:41:36.005+0600][37.803s][info][gc,phases      ] GC(98)   Other: 0.14ms
[2026-04-03T01:41:36.005+0600][37.803s][info][gc,heap        ] GC(98) Eden regions: 119->0(147)
[2026-04-03T01:41:36.005+0600][37.803s][info][gc,heap        ] GC(98) Survivor regions: 5->6(19)
[2026-04-03T01:41:36.005+0600][37.803s][info][gc,heap        ] GC(98) Old regions: 45->44
[2026-04-03T01:41:36.005+0600][37.803s][info][gc,heap        ] GC(98) Humongous regions: 81->3
[2026-04-03T01:41:36.005+0600][37.803s][info][gc,metaspace   ] GC(98) Metaspace: 130523K(132096K)->130523K(132096K) NonClass: 114023K(114752K)->114023K(114752K) Class: 16500K(17344K)->16500K(17344K)
[2026-04-03T01:41:36.005+0600][37.803s][info][gc             ] GC(98) Pause Young (Mixed) (G1 Evacuation Pause) 491M->99M(512M) 7.576ms
[2026-04-03T01:41:36.005+0600][37.803s][info][gc,cpu         ] GC(98) User=0.05s Sys=0.01s Real=0.01s
[2026-04-03T01:41:36.018+0600][37.816s][info][gc,start       ] GC(99) Pause Young (Concurrent Start) (G1 Humongous Allocation)
[2026-04-03T01:41:36.018+0600][37.817s][info][gc,task        ] GC(99) Using 10 workers of 10 for evacuation
[2026-04-03T01:41:36.024+0600][37.822s][info][gc,phases      ] GC(99)   Pre Evacuate Collection Set: 0.58ms
[2026-04-03T01:41:36.024+0600][37.822s][info][gc,phases      ] GC(99)   Merge Heap Roots: 0.16ms
[2026-04-03T01:41:36.024+0600][37.822s][info][gc,phases      ] GC(99)   Evacuate Collection Set: 4.17ms
[2026-04-03T01:41:36.024+0600][37.822s][info][gc,phases      ] GC(99)   Post Evacuate Collection Set: 0.62ms
[2026-04-03T01:41:36.024+0600][37.822s][info][gc,phases      ] GC(99)   Other: 0.28ms
[2026-04-03T01:41:36.024+0600][37.822s][info][gc,heap        ] GC(99) Eden regions: 8->0(147)
[2026-04-03T01:41:36.024+0600][37.822s][info][gc,heap        ] GC(99) Survivor regions: 6->6(20)
[2026-04-03T01:41:36.024+0600][37.822s][info][gc,heap        ] GC(99) Old regions: 44->44
[2026-04-03T01:41:36.024+0600][37.823s][info][gc,heap        ] GC(99) Humongous regions: 3->3
[2026-04-03T01:41:36.024+0600][37.823s][info][gc,metaspace   ] GC(99) Metaspace: 130523K(132096K)->130523K(132096K) NonClass: 114023K(114752K)->114023K(114752K) Class: 16500K(17344K)->16500K(17344K)
[2026-04-03T01:41:36.024+0600][37.823s][info][gc             ] GC(99) Pause Young (Concurrent Start) (G1 Humongous Allocation) 114M->100M(512M) 6.154ms
[2026-04-03T01:41:36.025+0600][37.823s][info][gc             ] GC(100) Concurrent Mark Cycle
[2026-04-03T01:41:36.025+0600][37.823s][info][gc,cpu         ] GC(99) User=0.04s Sys=0.00s Real=0.01s
[2026-04-03T01:41:36.025+0600][37.823s][info][gc,marking     ] GC(100) Concurrent Scan Root Regions
[2026-04-03T01:41:36.030+0600][37.828s][info][gc,marking     ] GC(100) Concurrent Scan Root Regions 5.376ms
[2026-04-03T01:41:36.030+0600][37.828s][info][gc,marking     ] GC(100) Concurrent Mark
[2026-04-03T01:41:36.030+0600][37.828s][info][gc,marking     ] GC(100) Concurrent Mark From Roots
[2026-04-03T01:41:36.030+0600][37.828s][info][gc,task        ] GC(100) Using 3 workers of 3 for marking
[2026-04-03T01:41:36.136+0600][37.934s][info][gc,marking     ] GC(100) Concurrent Mark From Roots 106.001ms
[2026-04-03T01:41:36.136+0600][37.934s][info][gc,marking     ] GC(100) Concurrent Preclean
[2026-04-03T01:41:36.137+0600][37.935s][info][gc,marking     ] GC(100) Concurrent Preclean 0.673ms
[2026-04-03T01:41:36.138+0600][37.936s][info][gc,start       ] GC(100) Pause Remark
[2026-04-03T01:41:36.147+0600][37.945s][info][gc             ] GC(100) Pause Remark 180M->180M(428M) 8.911ms
[2026-04-03T01:41:36.147+0600][37.945s][info][gc,cpu         ] GC(100) User=0.07s Sys=0.00s Real=0.01s
[2026-04-03T01:41:36.147+0600][37.945s][info][gc,marking     ] GC(100) Concurrent Mark 116.853ms
[2026-04-03T01:41:36.147+0600][37.945s][info][gc,marking     ] GC(100) Concurrent Rebuild Remembered Sets and Scrub Regions
[2026-04-03T01:41:36.191+0600][37.989s][info][gc,marking     ] GC(100) Concurrent Rebuild Remembered Sets and Scrub Regions 43.956ms
[2026-04-03T01:41:36.191+0600][37.990s][info][gc,start       ] GC(100) Pause Cleanup
[2026-04-03T01:41:36.192+0600][37.990s][info][gc             ] GC(100) Pause Cleanup 221M->221M(428M) 0.345ms
[2026-04-03T01:41:36.192+0600][37.990s][info][gc,cpu         ] GC(100) User=0.00s Sys=0.00s Real=0.00s
[2026-04-03T01:41:36.192+0600][37.990s][info][gc,marking     ] GC(100) Concurrent Clear Claimed Marks
[2026-04-03T01:41:36.192+0600][37.990s][info][gc,marking     ] GC(100) Concurrent Clear Claimed Marks 0.317ms
[2026-04-03T01:41:36.192+0600][37.990s][info][gc,marking     ] GC(100) Concurrent Cleanup for Next Mark
[2026-04-03T01:41:36.193+0600][37.991s][info][gc,marking     ] GC(100) Concurrent Cleanup for Next Mark 0.785ms
[2026-04-03T01:41:36.193+0600][37.991s][info][gc             ] GC(100) Concurrent Mark Cycle 168.681ms
[2026-04-03T01:41:36.375+0600][38.173s][info][gc,start       ] GC(101) Pause Young (Prepare Mixed) (G1 Evacuation Pause)
[2026-04-03T01:41:36.375+0600][38.174s][info][gc,task        ] GC(101) Using 10 workers of 10 for evacuation
[2026-04-03T01:41:36.380+0600][38.178s][info][gc,phases      ] GC(101)   Pre Evacuate Collection Set: 0.32ms
[2026-04-03T01:41:36.380+0600][38.178s][info][gc,phases      ] GC(101)   Merge Heap Roots: 0.19ms
[2026-04-03T01:41:36.380+0600][38.178s][info][gc,phases      ] GC(101)   Evacuate Collection Set: 3.58ms
[2026-04-03T01:41:36.380+0600][38.178s][info][gc,phases      ] GC(101)   Post Evacuate Collection Set: 0.51ms
[2026-04-03T01:41:36.380+0600][38.178s][info][gc,phases      ] GC(101)   Other: 0.08ms
[2026-04-03T01:41:36.380+0600][38.178s][info][gc,heap        ] GC(101) Eden regions: 119->0(127)
[2026-04-03T01:41:36.380+0600][38.178s][info][gc,heap        ] GC(101) Survivor regions: 6->4(16)
[2026-04-03T01:41:36.380+0600][38.178s][info][gc,heap        ] GC(101) Old regions: 44->45
[2026-04-03T01:41:36.380+0600][38.178s][info][gc,heap        ] GC(101) Humongous regions: 45->3
[2026-04-03T01:41:36.380+0600][38.178s][info][gc,metaspace   ] GC(101) Metaspace: 130538K(132096K)->130538K(132096K) NonClass: 114037K(114752K)->114037K(114752K) Class: 16500K(17344K)->16500K(17344K)
[2026-04-03T01:41:36.380+0600][38.178s][info][gc             ] GC(101) Pause Young (Prepare Mixed) (G1 Evacuation Pause) 422M->97M(438M) 4.905ms
[2026-04-03T01:41:36.380+0600][38.178s][info][gc,cpu         ] GC(101) User=0.02s Sys=0.01s Real=0.01s
[2026-04-03T01:41:36.459+0600][38.257s][info][gc,start       ] GC(102) Pause Young (Mixed) (G1 Evacuation Pause)
[2026-04-03T01:41:36.459+0600][38.257s][info][gc,task        ] GC(102) Using 10 workers of 10 for evacuation
[2026-04-03T01:41:36.463+0600][38.261s][info][gc,phases      ] GC(102)   Pre Evacuate Collection Set: 0.23ms
[2026-04-03T01:41:36.463+0600][38.261s][info][gc,phases      ] GC(102)   Merge Heap Roots: 0.11ms
[2026-04-03T01:41:36.463+0600][38.261s][info][gc,phases      ] GC(102)   Evacuate Collection Set: 3.00ms
[2026-04-03T01:41:36.463+0600][38.261s][info][gc,phases      ] GC(102)   Post Evacuate Collection Set: 0.59ms
[2026-04-03T01:41:36.463+0600][38.261s][info][gc,phases      ] GC(102)   Other: 0.08ms
[2026-04-03T01:41:36.463+0600][38.261s][info][gc,heap        ] GC(102) Eden regions: 22->0(166)
[2026-04-03T01:41:36.463+0600][38.261s][info][gc,heap        ] GC(102) Survivor regions: 4->4(20)
[2026-04-03T01:41:36.463+0600][38.261s][info][gc,heap        ] GC(102) Old regions: 45->45
[2026-04-03T01:41:36.463+0600][38.261s][info][gc,heap        ] GC(102) Humongous regions: 208->3
[2026-04-03T01:41:36.463+0600][38.262s][info][gc,metaspace   ] GC(102) Metaspace: 130543K(132096K)->130543K(132096K) NonClass: 114043K(114752K)->114043K(114752K) Class: 16500K(17344K)->16500K(17344K)
[2026-04-03T01:41:36.463+0600][38.262s][info][gc             ] GC(102) Pause Young (Mixed) (G1 Evacuation Pause) 551M->97M(568M) 4.251ms
[2026-04-03T01:41:36.463+0600][38.262s][info][gc,cpu         ] GC(102) User=0.02s Sys=0.01s Real=0.01s
[2026-04-03T01:41:36.477+0600][38.276s][info][gc,start       ] GC(103) Pause Young (Concurrent Start) (G1 Humongous Allocation)
[2026-04-03T01:41:36.478+0600][38.276s][info][gc,task        ] GC(103) Using 10 workers of 10 for evacuation
[2026-04-03T01:41:36.482+0600][38.280s][info][gc,phases      ] GC(103)   Pre Evacuate Collection Set: 0.36ms
[2026-04-03T01:41:36.482+0600][38.280s][info][gc,phases      ] GC(103)   Merge Heap Roots: 0.13ms
[2026-04-03T01:41:36.482+0600][38.280s][info][gc,phases      ] GC(103)   Evacuate Collection Set: 2.84ms
[2026-04-03T01:41:36.482+0600][38.280s][info][gc,phases      ] GC(103)   Post Evacuate Collection Set: 0.51ms
[2026-04-03T01:41:36.482+0600][38.280s][info][gc,phases      ] GC(103)   Other: 0.17ms
[2026-04-03T01:41:36.482+0600][38.280s][info][gc,heap        ] GC(103) Eden regions: 14->0(165)
[2026-04-03T01:41:36.482+0600][38.280s][info][gc,heap        ] GC(103) Survivor regions: 4->5(22)
[2026-04-03T01:41:36.482+0600][38.280s][info][gc,heap        ] GC(103) Old regions: 45->45
[2026-04-03T01:41:36.482+0600][38.280s][info][gc,heap        ] GC(103) Humongous regions: 3->3
[2026-04-03T01:41:36.482+0600][38.280s][info][gc,metaspace   ] GC(103) Metaspace: 130545K(132096K)->130545K(132096K) NonClass: 114045K(114752K)->114045K(114752K) Class: 16500K(17344K)->16500K(17344K)
[2026-04-03T01:41:36.482+0600][38.280s][info][gc             ] GC(103) Pause Young (Concurrent Start) (G1 Humongous Allocation) 123M->100M(568M) 4.367ms
[2026-04-03T01:41:36.482+0600][38.280s][info][gc             ] GC(104) Concurrent Mark Cycle
[2026-04-03T01:41:36.482+0600][38.280s][info][gc,marking     ] GC(104) Concurrent Scan Root Regions
[2026-04-03T01:41:36.482+0600][38.280s][info][gc,cpu         ] GC(103) User=0.03s Sys=0.00s Real=0.01s
[2026-04-03T01:41:36.486+0600][38.284s][info][gc,marking     ] GC(104) Concurrent Scan Root Regions 3.606ms
[2026-04-03T01:41:36.486+0600][38.284s][info][gc,marking     ] GC(104) Concurrent Mark
[2026-04-03T01:41:36.486+0600][38.284s][info][gc,marking     ] GC(104) Concurrent Mark From Roots
[2026-04-03T01:41:36.486+0600][38.284s][info][gc,task        ] GC(104) Using 3 workers of 3 for marking
[2026-04-03T01:41:36.577+0600][38.375s][info][gc,marking     ] GC(104) Concurrent Mark From Roots 91.407ms
[2026-04-03T01:41:36.577+0600][38.375s][info][gc,marking     ] GC(104) Concurrent Preclean
[2026-04-03T01:41:36.578+0600][38.376s][info][gc,marking     ] GC(104) Concurrent Preclean 0.534ms
[2026-04-03T01:41:36.578+0600][38.376s][info][gc,start       ] GC(104) Pause Remark
[2026-04-03T01:41:36.587+0600][38.385s][info][gc             ] GC(104) Pause Remark 522M->522M(818M) 8.991ms
[2026-04-03T01:41:36.587+0600][38.385s][info][gc,cpu         ] GC(104) User=0.06s Sys=0.00s Real=0.01s
[2026-04-03T01:41:36.588+0600][38.386s][info][gc,marking     ] GC(104) Concurrent Mark 101.906ms
[2026-04-03T01:41:36.588+0600][38.386s][info][gc,marking     ] GC(104) Concurrent Rebuild Remembered Sets and Scrub Regions
[2026-04-03T01:41:36.622+0600][38.420s][info][gc,marking     ] GC(104) Concurrent Rebuild Remembered Sets and Scrub Regions 34.341ms
[2026-04-03T01:41:36.623+0600][38.421s][info][gc,start       ] GC(104) Pause Cleanup
[2026-04-03T01:41:36.623+0600][38.421s][info][gc             ] GC(104) Pause Cleanup 565M->565M(818M) 0.413ms
[2026-04-03T01:41:36.623+0600][38.421s][info][gc,cpu         ] GC(104) User=0.00s Sys=0.00s Real=0.00s
[2026-04-03T01:41:36.623+0600][38.421s][info][gc,marking     ] GC(104) Concurrent Clear Claimed Marks
[2026-04-03T01:41:36.624+0600][38.422s][info][gc,marking     ] GC(104) Concurrent Clear Claimed Marks 0.462ms
[2026-04-03T01:41:36.624+0600][38.422s][info][gc,marking     ] GC(104) Concurrent Cleanup for Next Mark
[2026-04-03T01:41:36.628+0600][38.426s][info][gc,marking     ] GC(104) Concurrent Cleanup for Next Mark 4.230ms
[2026-04-03T01:41:36.628+0600][38.426s][info][gc             ] GC(104) Concurrent Mark Cycle 146.265ms
[2026-04-03T01:41:36.975+0600][38.773s][info][gc,start       ] GC(105) Pause Young (Prepare Mixed) (G1 Evacuation Pause)
[2026-04-03T01:41:36.975+0600][38.773s][info][gc,task        ] GC(105) Using 10 workers of 10 for evacuation
[2026-04-03T01:41:36.979+0600][38.777s][info][gc,phases      ] GC(105)   Pre Evacuate Collection Set: 0.40ms
[2026-04-03T01:41:36.979+0600][38.777s][info][gc,phases      ] GC(105)   Merge Heap Roots: 0.14ms
[2026-04-03T01:41:36.979+0600][38.777s][info][gc,phases      ] GC(105)   Evacuate Collection Set: 2.65ms
[2026-04-03T01:41:36.979+0600][38.777s][info][gc,phases      ] GC(105)   Post Evacuate Collection Set: 0.53ms
[2026-04-03T01:41:36.979+0600][38.777s][info][gc,phases      ] GC(105)   Other: 0.07ms
[2026-04-03T01:41:36.979+0600][38.777s][info][gc,heap        ] GC(105) Eden regions: 99->0(243)
[2026-04-03T01:41:36.979+0600][38.777s][info][gc,heap        ] GC(105) Survivor regions: 5->4(26)
[2026-04-03T01:41:36.979+0600][38.777s][info][gc,heap        ] GC(105) Old regions: 45->45
[2026-04-03T01:41:36.979+0600][38.777s][info][gc,heap        ] GC(105) Humongous regions: 260->3
[2026-04-03T01:41:36.979+0600][38.777s][info][gc,metaspace   ] GC(105) Metaspace: 130610K(132160K)->130610K(132160K) NonClass: 114108K(114816K)->114108K(114816K) Class: 16501K(17344K)->16501K(17344K)
[2026-04-03T01:41:36.979+0600][38.777s][info][gc             ] GC(105) Pause Young (Prepare Mixed) (G1 Evacuation Pause) 812M->99M(826M) 4.013ms
[2026-04-03T01:41:36.979+0600][38.777s][info][gc,cpu         ] GC(105) User=0.02s Sys=0.00s Real=0.00s
[2026-04-03T01:41:37.583+0600][39.381s][info][gc,start       ] GC(106) Pause Young (Mixed) (G1 Evacuation Pause)
[2026-04-03T01:41:37.583+0600][39.382s][info][gc,task        ] GC(106) Using 10 workers of 10 for evacuation
[2026-04-03T01:41:37.590+0600][39.388s][info][gc,phases      ] GC(106)   Pre Evacuate Collection Set: 0.34ms
[2026-04-03T01:41:37.590+0600][39.388s][info][gc,phases      ] GC(106)   Merge Heap Roots: 0.18ms
[2026-04-03T01:41:37.590+0600][39.388s][info][gc,phases      ] GC(106)   Evacuate Collection Set: 4.77ms
[2026-04-03T01:41:37.590+0600][39.388s][info][gc,phases      ] GC(106)   Post Evacuate Collection Set: 0.67ms
[2026-04-03T01:41:37.590+0600][39.388s][info][gc,phases      ] GC(106)   Other: 0.10ms
[2026-04-03T01:41:37.590+0600][39.388s][info][gc,heap        ] GC(106) Eden regions: 215->0(246)
[2026-04-03T01:41:37.590+0600][39.388s][info][gc,heap        ] GC(106) Survivor regions: 4->5(31)
[2026-04-03T01:41:37.590+0600][39.388s][info][gc,heap        ] GC(106) Old regions: 45->45
[2026-04-03T01:41:37.590+0600][39.388s][info][gc,heap        ] GC(106) Humongous regions: 149->3
[2026-04-03T01:41:37.590+0600][39.388s][info][gc,metaspace   ] GC(106) Metaspace: 130646K(132160K)->130646K(132160K) NonClass: 114143K(114816K)->114143K(114816K) Class: 16502K(17344K)->16502K(17344K)
[2026-04-03T01:41:37.590+0600][39.388s][info][gc             ] GC(106) Pause Young (Mixed) (G1 Evacuation Pause) 821M->101M(838M) 6.338ms
[2026-04-03T01:41:37.590+0600][39.388s][info][gc,cpu         ] GC(106) User=0.04s Sys=0.01s Real=0.01s
[2026-04-03T01:41:37.608+0600][39.406s][info][gc,start       ] GC(107) Pause Young (Concurrent Start) (GCLocker Initiated GC)
[2026-04-03T01:41:37.608+0600][39.406s][info][gc,task        ] GC(107) Using 10 workers of 10 for evacuation
[2026-04-03T01:41:37.614+0600][39.412s][info][gc,phases      ] GC(107)   Pre Evacuate Collection Set: 0.53ms
[2026-04-03T01:41:37.614+0600][39.412s][info][gc,phases      ] GC(107)   Merge Heap Roots: 0.25ms
[2026-04-03T01:41:37.614+0600][39.413s][info][gc,phases      ] GC(107)   Evacuate Collection Set: 4.02ms
[2026-04-03T01:41:37.614+0600][39.413s][info][gc,phases      ] GC(107)   Post Evacuate Collection Set: 1.16ms
[2026-04-03T01:41:37.614+0600][39.413s][info][gc,phases      ] GC(107)   Other: 0.32ms
[2026-04-03T01:41:37.614+0600][39.413s][info][gc,heap        ] GC(107) Eden regions: 12->0(246)
[2026-04-03T01:41:37.614+0600][39.413s][info][gc,heap        ] GC(107) Survivor regions: 5->5(32)
[2026-04-03T01:41:37.614+0600][39.413s][info][gc,heap        ] GC(107) Old regions: 45->45
[2026-04-03T01:41:37.614+0600][39.413s][info][gc,heap        ] GC(107) Humongous regions: 3->3
[2026-04-03T01:41:37.614+0600][39.413s][info][gc,metaspace   ] GC(107) Metaspace: 130647K(132160K)->130647K(132160K) NonClass: 114145K(114816K)->114145K(114816K) Class: 16502K(17344K)->16502K(17344K)
[2026-04-03T01:41:37.615+0600][39.413s][info][gc             ] GC(107) Pause Young (Concurrent Start) (GCLocker Initiated GC) 125M->101M(838M) 6.676ms
[2026-04-03T01:41:37.615+0600][39.413s][info][gc             ] GC(108) Concurrent Mark Cycle
[2026-04-03T01:41:37.615+0600][39.413s][info][gc,marking     ] GC(108) Concurrent Scan Root Regions
[2026-04-03T01:41:37.615+0600][39.413s][info][gc,cpu         ] GC(107) User=0.03s Sys=0.01s Real=0.01s
[2026-04-03T01:41:37.621+0600][39.419s][info][gc,marking     ] GC(108) Concurrent Scan Root Regions 6.277ms
[2026-04-03T01:41:37.621+0600][39.419s][info][gc,marking     ] GC(108) Concurrent Mark
[2026-04-03T01:41:37.621+0600][39.419s][info][gc,marking     ] GC(108) Concurrent Mark From Roots
[2026-04-03T01:41:37.621+0600][39.419s][info][gc,task        ] GC(108) Using 3 workers of 3 for marking
[2026-04-03T01:41:37.744+0600][39.542s][info][gc,marking     ] GC(108) Concurrent Mark From Roots 122.943ms
[2026-04-03T01:41:37.744+0600][39.542s][info][gc,marking     ] GC(108) Concurrent Preclean
[2026-04-03T01:41:37.745+0600][39.543s][info][gc,marking     ] GC(108) Concurrent Preclean 0.631ms
[2026-04-03T01:41:37.745+0600][39.543s][info][gc,start       ] GC(108) Pause Remark
[2026-04-03T01:41:37.755+0600][39.553s][info][gc             ] GC(108) Pause Remark 203M->203M(500M) 9.856ms
[2026-04-03T01:41:37.755+0600][39.553s][info][gc,cpu         ] GC(108) User=0.07s Sys=0.00s Real=0.01s
[2026-04-03T01:41:37.755+0600][39.553s][info][gc,marking     ] GC(108) Concurrent Mark 134.270ms
[2026-04-03T01:41:37.755+0600][39.554s][info][gc,marking     ] GC(108) Concurrent Rebuild Remembered Sets and Scrub Regions
[2026-04-03T01:41:37.798+0600][39.596s][info][gc,marking     ] GC(108) Concurrent Rebuild Remembered Sets and Scrub Regions 42.142ms
[2026-04-03T01:41:37.798+0600][39.597s][info][gc,start       ] GC(108) Pause Cleanup
[2026-04-03T01:41:37.799+0600][39.597s][info][gc             ] GC(108) Pause Cleanup 241M->241M(500M) 0.291ms
[2026-04-03T01:41:37.799+0600][39.597s][info][gc,cpu         ] GC(108) User=0.00s Sys=0.00s Real=0.00s
[2026-04-03T01:41:37.799+0600][39.597s][info][gc,marking     ] GC(108) Concurrent Clear Claimed Marks
[2026-04-03T01:41:37.799+0600][39.597s][info][gc,marking     ] GC(108) Concurrent Clear Claimed Marks 0.377ms
[2026-04-03T01:41:37.799+0600][39.597s][info][gc,marking     ] GC(108) Concurrent Cleanup for Next Mark
[2026-04-03T01:41:37.802+0600][39.600s][info][gc,marking     ] GC(108) Concurrent Cleanup for Next Mark 2.749ms
[2026-04-03T01:41:37.802+0600][39.600s][info][gc             ] GC(108) Concurrent Mark Cycle 187.540ms
[2026-04-03T01:41:38.030+0600][39.828s][info][gc,start       ] GC(109) Pause Young (Prepare Mixed) (G1 Evacuation Pause)
[2026-04-03T01:41:38.030+0600][39.828s][info][gc,task        ] GC(109) Using 10 workers of 10 for evacuation
[2026-04-03T01:41:38.037+0600][39.835s][info][gc,phases      ] GC(109)   Pre Evacuate Collection Set: 0.38ms
[2026-04-03T01:41:38.037+0600][39.835s][info][gc,phases      ] GC(109)   Merge Heap Roots: 0.27ms
[2026-04-03T01:41:38.037+0600][39.835s][info][gc,phases      ] GC(109)   Evacuate Collection Set: 5.56ms
[2026-04-03T01:41:38.037+0600][39.835s][info][gc,phases      ] GC(109)   Post Evacuate Collection Set: 0.75ms
[2026-04-03T01:41:38.037+0600][39.835s][info][gc,phases      ] GC(109)   Other: 0.13ms
[2026-04-03T01:41:38.037+0600][39.835s][info][gc,heap        ] GC(109) Eden regions: 106->0(148)
[2026-04-03T01:41:38.037+0600][39.835s][info][gc,heap        ] GC(109) Survivor regions: 5->5(19)
[2026-04-03T01:41:38.037+0600][39.835s][info][gc,heap        ] GC(109) Old regions: 45->46
[2026-04-03T01:41:38.037+0600][39.835s][info][gc,heap        ] GC(109) Humongous regions: 94->3
[2026-04-03T01:41:38.037+0600][39.835s][info][gc,metaspace   ] GC(109) Metaspace: 130657K(132160K)->130657K(132160K) NonClass: 114155K(114816K)->114155K(114816K) Class: 16502K(17344K)->16502K(17344K)
[2026-04-03T01:41:38.037+0600][39.835s][info][gc             ] GC(109) Pause Young (Prepare Mixed) (G1 Evacuation Pause) 495M->101M(512M) 7.502ms
[2026-04-03T01:41:38.037+0600][39.835s][info][gc,cpu         ] GC(109) User=0.05s Sys=0.02s Real=0.01s
[2026-04-03T01:41:38.568+0600][40.366s][info][gc,start       ] GC(110) Pause Young (Mixed) (G1 Evacuation Pause)
[2026-04-03T01:41:38.568+0600][40.366s][info][gc,task        ] GC(110) Using 10 workers of 10 for evacuation
[2026-04-03T01:41:38.574+0600][40.372s][info][gc,phases      ] GC(110)   Pre Evacuate Collection Set: 0.41ms
[2026-04-03T01:41:38.574+0600][40.372s][info][gc,phases      ] GC(110)   Merge Heap Roots: 0.29ms
[2026-04-03T01:41:38.574+0600][40.372s][info][gc,phases      ] GC(110)   Evacuate Collection Set: 4.73ms
[2026-04-03T01:41:38.574+0600][40.372s][info][gc,phases      ] GC(110)   Post Evacuate Collection Set: 0.88ms
[2026-04-03T01:41:38.574+0600][40.372s][info][gc,phases      ] GC(110)   Other: 0.11ms
[2026-04-03T01:41:38.574+0600][40.372s][info][gc,heap        ] GC(110) Eden regions: 140->0(184)
[2026-04-03T01:41:38.574+0600][40.372s][info][gc,heap        ] GC(110) Survivor regions: 5->5(20)
[2026-04-03T01:41:38.574+0600][40.372s][info][gc,heap        ] GC(110) Old regions: 46->44
[2026-04-03T01:41:38.574+0600][40.372s][info][gc,heap        ] GC(110) Humongous regions: 66->4
[2026-04-03T01:41:38.574+0600][40.372s][info][gc,metaspace   ] GC(110) Metaspace: 130679K(132224K)->130679K(132224K) NonClass: 114177K(114880K)->114177K(114880K) Class: 16502K(17344K)->16502K(17344K)
[2026-04-03T01:41:38.574+0600][40.372s][info][gc             ] GC(110) Pause Young (Mixed) (G1 Evacuation Pause) 507M->99M(630M) 6.722ms
[2026-04-03T01:41:38.574+0600][40.373s][info][gc,cpu         ] GC(110) User=0.04s Sys=0.01s Real=0.01s
[2026-04-03T01:41:38.575+0600][40.373s][info][gc,start       ] GC(111) Pause Young (Concurrent Start) (G1 Humongous Allocation)
[2026-04-03T01:41:38.575+0600][40.373s][info][gc,task        ] GC(111) Using 10 workers of 10 for evacuation
[2026-04-03T01:41:38.579+0600][40.377s][info][gc,phases      ] GC(111)   Pre Evacuate Collection Set: 0.39ms
[2026-04-03T01:41:38.579+0600][40.377s][info][gc,phases      ] GC(111)   Merge Heap Roots: 0.11ms
[2026-04-03T01:41:38.579+0600][40.377s][info][gc,phases      ] GC(111)   Evacuate Collection Set: 2.64ms
[2026-04-03T01:41:38.579+0600][40.377s][info][gc,phases      ] GC(111)   Post Evacuate Collection Set: 0.53ms
[2026-04-03T01:41:38.579+0600][40.377s][info][gc,phases      ] GC(111)   Other: 0.13ms
[2026-04-03T01:41:38.579+0600][40.377s][info][gc,heap        ] GC(111) Eden regions: 1->0(184)
[2026-04-03T01:41:38.579+0600][40.377s][info][gc,heap        ] GC(111) Survivor regions: 5->5(24)
[2026-04-03T01:41:38.579+0600][40.377s][info][gc,heap        ] GC(111) Old regions: 44->44
[2026-04-03T01:41:38.579+0600][40.377s][info][gc,heap        ] GC(111) Humongous regions: 4->3
[2026-04-03T01:41:38.579+0600][40.377s][info][gc,metaspace   ] GC(111) Metaspace: 130679K(132224K)->130679K(132224K) NonClass: 114177K(114880K)->114177K(114880K) Class: 16502K(17344K)->16502K(17344K)
[2026-04-03T01:41:38.579+0600][40.377s][info][gc             ] GC(111) Pause Young (Concurrent Start) (G1 Humongous Allocation) 101M->97M(630M) 4.153ms
[2026-04-03T01:41:38.579+0600][40.377s][info][gc             ] GC(112) Concurrent Mark Cycle
[2026-04-03T01:41:38.579+0600][40.377s][info][gc,marking     ] GC(112) Concurrent Scan Root Regions
[2026-04-03T01:41:38.579+0600][40.377s][info][gc,cpu         ] GC(111) User=0.03s Sys=0.00s Real=0.00s
[2026-04-03T01:41:38.584+0600][40.382s][info][gc,marking     ] GC(112) Concurrent Scan Root Regions 4.936ms
[2026-04-03T01:41:38.584+0600][40.382s][info][gc,marking     ] GC(112) Concurrent Mark
[2026-04-03T01:41:38.584+0600][40.382s][info][gc,marking     ] GC(112) Concurrent Mark From Roots
[2026-04-03T01:41:38.584+0600][40.382s][info][gc,task        ] GC(112) Using 3 workers of 3 for marking
[2026-04-03T01:41:38.694+0600][40.493s][info][gc,marking     ] GC(112) Concurrent Mark From Roots 110.105ms
[2026-04-03T01:41:38.694+0600][40.493s][info][gc,marking     ] GC(112) Concurrent Preclean
[2026-04-03T01:41:38.695+0600][40.493s][info][gc,marking     ] GC(112) Concurrent Preclean 0.594ms
[2026-04-03T01:41:38.696+0600][40.494s][info][gc,start       ] GC(112) Pause Remark
[2026-04-03T01:41:38.705+0600][40.503s][info][gc             ] GC(112) Pause Remark 223M->223M(534M) 8.708ms
[2026-04-03T01:41:38.705+0600][40.503s][info][gc,cpu         ] GC(112) User=0.07s Sys=0.00s Real=0.01s
[2026-04-03T01:41:38.705+0600][40.503s][info][gc,marking     ] GC(112) Concurrent Mark 120.810ms
[2026-04-03T01:41:38.705+0600][40.503s][info][gc,marking     ] GC(112) Concurrent Rebuild Remembered Sets and Scrub Regions
[2026-04-03T01:41:38.739+0600][40.537s][info][gc,marking     ] GC(112) Concurrent Rebuild Remembered Sets and Scrub Regions 33.657ms
[2026-04-03T01:41:38.739+0600][40.537s][info][gc,start       ] GC(112) Pause Cleanup
[2026-04-03T01:41:38.740+0600][40.538s][info][gc             ] GC(112) Pause Cleanup 261M->261M(534M) 0.305ms
[2026-04-03T01:41:38.740+0600][40.538s][info][gc,cpu         ] GC(112) User=0.00s Sys=0.00s Real=0.00s
[2026-04-03T01:41:38.740+0600][40.538s][info][gc,marking     ] GC(112) Concurrent Clear Claimed Marks
[2026-04-03T01:41:38.740+0600][40.538s][info][gc,marking     ] GC(112) Concurrent Clear Claimed Marks 0.360ms
[2026-04-03T01:41:38.740+0600][40.538s][info][gc,marking     ] GC(112) Concurrent Cleanup for Next Mark
[2026-04-03T01:41:38.741+0600][40.539s][info][gc,marking     ] GC(112) Concurrent Cleanup for Next Mark 1.152ms
[2026-04-03T01:41:38.741+0600][40.540s][info][gc             ] GC(112) Concurrent Mark Cycle 162.233ms
[2026-04-03T01:41:38.936+0600][40.734s][info][gc,start       ] GC(113) Pause Young (Prepare Mixed) (GCLocker Initiated GC)
[2026-04-03T01:41:38.936+0600][40.734s][info][gc,task        ] GC(113) Using 10 workers of 10 for evacuation
[2026-04-03T01:41:38.942+0600][40.740s][info][gc,phases      ] GC(113)   Pre Evacuate Collection Set: 0.33ms
[2026-04-03T01:41:38.942+0600][40.740s][info][gc,phases      ] GC(113)   Merge Heap Roots: 0.23ms
[2026-04-03T01:41:38.942+0600][40.740s][info][gc,phases      ] GC(113)   Evacuate Collection Set: 4.94ms
[2026-04-03T01:41:38.942+0600][40.740s][info][gc,phases      ] GC(113)   Post Evacuate Collection Set: 0.65ms
[2026-04-03T01:41:38.942+0600][40.740s][info][gc,phases      ] GC(113)   Other: 0.11ms
[2026-04-03T01:41:38.942+0600][40.741s][info][gc,heap        ] GC(113) Eden regions: 120->0(160)
[2026-04-03T01:41:38.942+0600][40.741s][info][gc,heap        ] GC(113) Survivor regions: 5->5(20)
[2026-04-03T01:41:38.942+0600][40.741s][info][gc,heap        ] GC(113) Old regions: 44->45
[2026-04-03T01:41:38.942+0600][40.741s][info][gc,heap        ] GC(113) Humongous regions: 101->3
[2026-04-03T01:41:38.942+0600][40.741s][info][gc,metaspace   ] GC(113) Metaspace: 130693K(132224K)->130693K(132224K) NonClass: 114190K(114880K)->114190K(114880K) Class: 16502K(17344K)->16502K(17344K)
[2026-04-03T01:41:38.942+0600][40.741s][info][gc             ] GC(113) Pause Young (Prepare Mixed) (GCLocker Initiated GC) 533M->99M(552M) 6.600ms
[2026-04-03T01:41:38.943+0600][40.741s][info][gc,cpu         ] GC(113) User=0.03s Sys=0.01s Real=0.01s
[2026-04-03T01:41:39.473+0600][41.271s][info][gc,start       ] GC(114) Pause Young (Mixed) (G1 Evacuation Pause)
[2026-04-03T01:41:39.473+0600][41.271s][info][gc,task        ] GC(114) Using 10 workers of 10 for evacuation
[2026-04-03T01:41:39.482+0600][41.280s][info][gc,phases      ] GC(114)   Pre Evacuate Collection Set: 0.29ms
[2026-04-03T01:41:39.482+0600][41.280s][info][gc,phases      ] GC(114)   Merge Heap Roots: 0.19ms
[2026-04-03T01:41:39.482+0600][41.280s][info][gc,phases      ] GC(114)   Evacuate Collection Set: 6.49ms
[2026-04-03T01:41:39.482+0600][41.280s][info][gc,phases      ] GC(114)   Post Evacuate Collection Set: 1.19ms
[2026-04-03T01:41:39.482+0600][41.280s][info][gc,phases      ] GC(114)   Other: 0.11ms
[2026-04-03T01:41:39.482+0600][41.280s][info][gc,heap        ] GC(114) Eden regions: 129->0(164)
[2026-04-03T01:41:39.482+0600][41.280s][info][gc,heap        ] GC(114) Survivor regions: 5->5(21)
[2026-04-03T01:41:39.482+0600][41.280s][info][gc,heap        ] GC(114) Old regions: 45->44
[2026-04-03T01:41:39.482+0600][41.280s][info][gc,heap        ] GC(114) Humongous regions: 97->3
[2026-04-03T01:41:39.482+0600][41.280s][info][gc,metaspace   ] GC(114) Metaspace: 130729K(132288K)->130729K(132288K) NonClass: 114227K(114944K)->114227K(114944K) Class: 16502K(17344K)->16502K(17344K)
[2026-04-03T01:41:39.482+0600][41.280s][info][gc             ] GC(114) Pause Young (Mixed) (G1 Evacuation Pause) 545M->96M(564M) 8.669ms
[2026-04-03T01:41:39.482+0600][41.280s][info][gc,cpu         ] GC(114) User=0.06s Sys=0.01s Real=0.01s
[2026-04-03T01:41:39.499+0600][41.297s][info][gc,start       ] GC(115) Pause Young (Concurrent Start) (G1 Humongous Allocation)
[2026-04-03T01:41:39.499+0600][41.297s][info][gc,task        ] GC(115) Using 10 workers of 10 for evacuation
[2026-04-03T01:41:39.505+0600][41.303s][info][gc,phases      ] GC(115)   Pre Evacuate Collection Set: 0.59ms
[2026-04-03T01:41:39.505+0600][41.303s][info][gc,phases      ] GC(115)   Merge Heap Roots: 0.23ms
[2026-04-03T01:41:39.505+0600][41.303s][info][gc,phases      ] GC(115)   Evacuate Collection Set: 3.27ms
[2026-04-03T01:41:39.505+0600][41.303s][info][gc,phases      ] GC(115)   Post Evacuate Collection Set: 0.91ms
[2026-04-03T01:41:39.505+0600][41.303s][info][gc,phases      ] GC(115)   Other: 0.29ms
[2026-04-03T01:41:39.505+0600][41.303s][info][gc,heap        ] GC(115) Eden regions: 3->0(165)
[2026-04-03T01:41:39.505+0600][41.303s][info][gc,heap        ] GC(115) Survivor regions: 5->4(22)
[2026-04-03T01:41:39.505+0600][41.303s][info][gc,heap        ] GC(115) Old regions: 44->44
[2026-04-03T01:41:39.505+0600][41.303s][info][gc,heap        ] GC(115) Humongous regions: 3->3
[2026-04-03T01:41:39.505+0600][41.303s][info][gc,metaspace   ] GC(115) Metaspace: 130730K(132288K)->130730K(132288K) NonClass: 114227K(114944K)->114227K(114944K) Class: 16502K(17344K)->16502K(17344K)
[2026-04-03T01:41:39.505+0600][41.303s][info][gc             ] GC(115) Pause Young (Concurrent Start) (G1 Humongous Allocation) 102M->96M(564M) 5.977ms
[2026-04-03T01:41:39.505+0600][41.303s][info][gc             ] GC(116) Concurrent Mark Cycle
[2026-04-03T01:41:39.505+0600][41.303s][info][gc,marking     ] GC(116) Concurrent Scan Root Regions
[2026-04-03T01:41:39.505+0600][41.303s][info][gc,cpu         ] GC(115) User=0.03s Sys=0.00s Real=0.01s
[2026-04-03T01:41:39.509+0600][41.307s][info][gc,marking     ] GC(116) Concurrent Scan Root Regions 3.574ms
[2026-04-03T01:41:39.509+0600][41.307s][info][gc,marking     ] GC(116) Concurrent Mark
[2026-04-03T01:41:39.509+0600][41.307s][info][gc,marking     ] GC(116) Concurrent Mark From Roots
[2026-04-03T01:41:39.509+0600][41.307s][info][gc,task        ] GC(116) Using 3 workers of 3 for marking
[2026-04-03T01:41:39.603+0600][41.402s][info][gc,marking     ] GC(116) Concurrent Mark From Roots 94.412ms
[2026-04-03T01:41:39.604+0600][41.402s][info][gc,marking     ] GC(116) Concurrent Preclean
[2026-04-03T01:41:39.604+0600][41.402s][info][gc,marking     ] GC(116) Concurrent Preclean 0.694ms
[2026-04-03T01:41:39.605+0600][41.403s][info][gc,start       ] GC(116) Pause Remark
[2026-04-03T01:41:39.617+0600][41.415s][info][gc             ] GC(116) Pause Remark 164M->164M(428M) 11.464ms
[2026-04-03T01:41:39.617+0600][41.415s][info][gc,cpu         ] GC(116) User=0.09s Sys=0.00s Real=0.01s
[2026-04-03T01:41:39.619+0600][41.417s][info][gc,marking     ] GC(116) Concurrent Mark 110.318ms
[2026-04-03T01:41:39.619+0600][41.418s][info][gc,marking     ] GC(116) Concurrent Rebuild Remembered Sets and Scrub Regions
[2026-04-03T01:41:39.669+0600][41.467s][info][gc,marking     ] GC(116) Concurrent Rebuild Remembered Sets and Scrub Regions 49.764ms
[2026-04-03T01:41:39.670+0600][41.468s][info][gc,start       ] GC(116) Pause Cleanup
[2026-04-03T01:41:39.670+0600][41.468s][info][gc             ] GC(116) Pause Cleanup 207M->207M(428M) 0.319ms
[2026-04-03T01:41:39.670+0600][41.468s][info][gc,cpu         ] GC(116) User=0.00s Sys=0.00s Real=0.01s
[2026-04-03T01:41:39.670+0600][41.468s][info][gc,marking     ] GC(116) Concurrent Clear Claimed Marks
[2026-04-03T01:41:39.671+0600][41.469s][info][gc,marking     ] GC(116) Concurrent Clear Claimed Marks 0.390ms
[2026-04-03T01:41:39.671+0600][41.469s][info][gc,marking     ] GC(116) Concurrent Cleanup for Next Mark
[2026-04-03T01:41:39.671+0600][41.469s][info][gc,marking     ] GC(116) Concurrent Cleanup for Next Mark 0.689ms
[2026-04-03T01:41:39.671+0600][41.470s][info][gc             ] GC(116) Concurrent Mark Cycle 166.201ms
[2026-04-03T01:41:39.853+0600][41.651s][info][gc,start       ] GC(117) Pause Young (Prepare Mixed) (G1 Evacuation Pause)
[2026-04-03T01:41:39.853+0600][41.651s][info][gc,task        ] GC(117) Using 10 workers of 10 for evacuation
[2026-04-03T01:41:39.860+0600][41.658s][info][gc,phases      ] GC(117)   Pre Evacuate Collection Set: 0.50ms
[2026-04-03T01:41:39.860+0600][41.658s][info][gc,phases      ] GC(117)   Merge Heap Roots: 0.29ms
[2026-04-03T01:41:39.860+0600][41.658s][info][gc,phases      ] GC(117)   Evacuate Collection Set: 5.20ms
[2026-04-03T01:41:39.860+0600][41.658s][info][gc,phases      ] GC(117)   Post Evacuate Collection Set: 0.78ms
[2026-04-03T01:41:39.860+0600][41.658s][info][gc,phases      ] GC(117)   Other: 0.13ms
[2026-04-03T01:41:39.860+0600][41.659s][info][gc,heap        ] GC(117) Eden regions: 124->0(126)
[2026-04-03T01:41:39.860+0600][41.659s][info][gc,heap        ] GC(117) Survivor regions: 4->5(16)
[2026-04-03T01:41:39.860+0600][41.659s][info][gc,heap        ] GC(117) Old regions: 44->45
[2026-04-03T01:41:39.860+0600][41.659s][info][gc,heap        ] GC(117) Humongous regions: 41->3
[2026-04-03T01:41:39.860+0600][41.659s][info][gc,metaspace   ] GC(117) Metaspace: 130748K(132352K)->130748K(132352K) NonClass: 114246K(115008K)->114246K(115008K) Class: 16502K(17344K)->16502K(17344K)
[2026-04-03T01:41:39.860+0600][41.659s][info][gc             ] GC(117) Pause Young (Prepare Mixed) (G1 Evacuation Pause) 420M->98M(438M) 7.248ms
[2026-04-03T01:41:39.861+0600][41.659s][info][gc,cpu         ] GC(117) User=0.05s Sys=0.01s Real=0.01s
[2026-04-03T01:41:39.980+0600][41.778s][info][gc,start       ] GC(118) Pause Young (Mixed) (G1 Evacuation Pause)
[2026-04-03T01:41:39.980+0600][41.778s][info][gc,task        ] GC(118) Using 10 workers of 10 for evacuation
[2026-04-03T01:41:39.987+0600][41.785s][info][gc,phases      ] GC(118)   Pre Evacuate Collection Set: 0.46ms
[2026-04-03T01:41:39.987+0600][41.785s][info][gc,phases      ] GC(118)   Merge Heap Roots: 0.18ms
[2026-04-03T01:41:39.987+0600][41.785s][info][gc,phases      ] GC(118)   Evacuate Collection Set: 5.88ms
[2026-04-03T01:41:39.987+0600][41.785s][info][gc,phases      ] GC(118)   Post Evacuate Collection Set: 0.64ms
[2026-04-03T01:41:39.987+0600][41.785s][info][gc,phases      ] GC(118)   Other: 0.08ms
[2026-04-03T01:41:39.987+0600][41.786s][info][gc,heap        ] GC(118) Eden regions: 35->0(133)
[2026-04-03T01:41:39.987+0600][41.786s][info][gc,heap        ] GC(118) Survivor regions: 5->5(17)
[2026-04-03T01:41:39.987+0600][41.786s][info][gc,heap        ] GC(118) Old regions: 45->44
[2026-04-03T01:41:39.987+0600][41.786s][info][gc,heap        ] GC(118) Humongous regions: 140->9
[2026-04-03T01:41:39.987+0600][41.786s][info][gc,metaspace   ] GC(118) Metaspace: 130749K(132352K)->130749K(132352K) NonClass: 114247K(115008K)->114247K(115008K) Class: 16502K(17344K)->16502K(17344K)
[2026-04-03T01:41:39.987+0600][41.786s][info][gc             ] GC(118) Pause Young (Mixed) (G1 Evacuation Pause) 442M->112M(462M) 7.544ms
[2026-04-03T01:41:39.988+0600][41.786s][info][gc,cpu         ] GC(118) User=0.03s Sys=0.02s Real=0.00s
[2026-04-03T01:41:39.988+0600][41.787s][info][gc,start       ] GC(119) Pause Young (Concurrent Start) (G1 Humongous Allocation)
[2026-04-03T01:41:39.989+0600][41.787s][info][gc,task        ] GC(119) Using 10 workers of 10 for evacuation
[2026-04-03T01:41:39.992+0600][41.790s][info][gc,phases      ] GC(119)   Pre Evacuate Collection Set: 0.40ms
[2026-04-03T01:41:39.992+0600][41.790s][info][gc,phases      ] GC(119)   Merge Heap Roots: 0.12ms
[2026-04-03T01:41:39.992+0600][41.790s][info][gc,phases      ] GC(119)   Evacuate Collection Set: 2.46ms
[2026-04-03T01:41:39.992+0600][41.790s][info][gc,phases      ] GC(119)   Post Evacuate Collection Set: 0.55ms
[2026-04-03T01:41:39.992+0600][41.790s][info][gc,phases      ] GC(119)   Other: 0.14ms
[2026-04-03T01:41:39.992+0600][41.791s][info][gc,heap        ] GC(119) Eden regions: 1->0(133)
[2026-04-03T01:41:39.992+0600][41.791s][info][gc,heap        ] GC(119) Survivor regions: 5->5(18)
[2026-04-03T01:41:39.992+0600][41.791s][info][gc,heap        ] GC(119) Old regions: 44->45
[2026-04-03T01:41:39.992+0600][41.791s][info][gc,heap        ] GC(119) Humongous regions: 12->6
[2026-04-03T01:41:39.992+0600][41.791s][info][gc,metaspace   ] GC(119) Metaspace: 130749K(132352K)->130749K(132352K) NonClass: 114247K(115008K)->114247K(115008K) Class: 16502K(17344K)->16502K(17344K)
[2026-04-03T01:41:39.992+0600][41.791s][info][gc             ] GC(119) Pause Young (Concurrent Start) (G1 Humongous Allocation) 120M->106M(462M) 3.957ms
[2026-04-03T01:41:39.992+0600][41.791s][info][gc             ] GC(120) Concurrent Mark Cycle
[2026-04-03T01:41:39.993+0600][41.791s][info][gc,cpu         ] GC(119) User=0.02s Sys=0.01s Real=0.01s
[2026-04-03T01:41:39.993+0600][41.791s][info][gc,marking     ] GC(120) Concurrent Scan Root Regions
[2026-04-03T01:41:39.995+0600][41.793s][info][gc,marking     ] GC(120) Concurrent Scan Root Regions 2.638ms
[2026-04-03T01:41:39.995+0600][41.793s][info][gc,marking     ] GC(120) Concurrent Mark
[2026-04-03T01:41:39.995+0600][41.793s][info][gc,marking     ] GC(120) Concurrent Mark From Roots
[2026-04-03T01:41:39.995+0600][41.793s][info][gc,task        ] GC(120) Using 3 workers of 3 for marking
[2026-04-03T01:41:40.113+0600][41.911s][info][gc,marking     ] GC(120) Concurrent Mark From Roots 117.758ms
[2026-04-03T01:41:40.113+0600][41.911s][info][gc,marking     ] GC(120) Concurrent Preclean
[2026-04-03T01:41:40.114+0600][41.912s][info][gc,marking     ] GC(120) Concurrent Preclean 0.656ms
[2026-04-03T01:41:40.114+0600][41.912s][info][gc,start       ] GC(120) Pause Remark
[2026-04-03T01:41:40.124+0600][41.923s][info][gc             ] GC(120) Pause Remark 342M->342M(498M) 10.339ms
[2026-04-03T01:41:40.125+0600][41.923s][info][gc,cpu         ] GC(120) User=0.07s Sys=0.00s Real=0.01s
[2026-04-03T01:41:40.125+0600][41.923s][info][gc,marking     ] GC(120) Concurrent Mark 129.705ms
[2026-04-03T01:41:40.125+0600][41.923s][info][gc,marking     ] GC(120) Concurrent Rebuild Remembered Sets and Scrub Regions
[2026-04-03T01:41:40.173+0600][41.971s][info][gc,marking     ] GC(120) Concurrent Rebuild Remembered Sets and Scrub Regions 47.554ms
[2026-04-03T01:41:40.177+0600][41.976s][info][gc,start       ] GC(120) Pause Cleanup
[2026-04-03T01:41:40.178+0600][41.976s][info][gc             ] GC(120) Pause Cleanup 521M->521M(528M) 0.521ms
[2026-04-03T01:41:40.178+0600][41.976s][info][gc,cpu         ] GC(120) User=0.00s Sys=0.00s Real=0.00s
[2026-04-03T01:41:40.178+0600][41.976s][info][gc,marking     ] GC(120) Concurrent Clear Claimed Marks
[2026-04-03T01:41:40.179+0600][41.977s][info][gc,marking     ] GC(120) Concurrent Clear Claimed Marks 0.571ms
[2026-04-03T01:41:40.179+0600][41.977s][info][gc,marking     ] GC(120) Concurrent Cleanup for Next Mark
[2026-04-03T01:41:40.179+0600][41.977s][info][gc,start       ] GC(121) Pause Young (Prepare Mixed) (G1 Evacuation Pause)
[2026-04-03T01:41:40.179+0600][41.977s][info][gc,task        ] GC(121) Using 10 workers of 10 for evacuation
[2026-04-03T01:41:40.186+0600][41.984s][info][gc,phases      ] GC(121)   Pre Evacuate Collection Set: 0.37ms
[2026-04-03T01:41:40.186+0600][41.984s][info][gc,phases      ] GC(121)   Merge Heap Roots: 0.28ms
[2026-04-03T01:41:40.186+0600][41.984s][info][gc,phases      ] GC(121)   Evacuate Collection Set: 5.29ms
[2026-04-03T01:41:40.186+0600][41.984s][info][gc,phases      ] GC(121)   Post Evacuate Collection Set: 0.84ms
[2026-04-03T01:41:40.186+0600][41.984s][info][gc,phases      ] GC(121)   Other: 0.15ms
[2026-04-03T01:41:40.186+0600][41.984s][info][gc,heap        ] GC(121) Eden regions: 31->0(156)
[2026-04-03T01:41:40.186+0600][41.984s][info][gc,heap        ] GC(121) Survivor regions: 5->5(20)
[2026-04-03T01:41:40.186+0600][41.984s][info][gc,heap        ] GC(121) Old regions: 45->45
[2026-04-03T01:41:40.186+0600][41.984s][info][gc,heap        ] GC(121) Humongous regions: 183->3
[2026-04-03T01:41:40.186+0600][41.984s][info][gc,metaspace   ] GC(121) Metaspace: 130759K(132352K)->130759K(132352K) NonClass: 114256K(115008K)->114256K(115008K) Class: 16502K(17344K)->16502K(17344K)
[2026-04-03T01:41:40.186+0600][41.984s][info][gc             ] GC(121) Pause Young (Prepare Mixed) (G1 Evacuation Pause) 522M->100M(538M) 7.233ms
[2026-04-03T01:41:40.186+0600][41.984s][info][gc,cpu         ] GC(121) User=0.04s Sys=0.02s Real=0.01s
[2026-04-03T01:41:40.188+0600][41.987s][info][gc,marking     ] GC(120) Concurrent Cleanup for Next Mark 9.558ms
[2026-04-03T01:41:40.189+0600][41.987s][info][gc             ] GC(120) Concurrent Mark Cycle 196.206ms
[2026-04-03T01:41:40.482+0600][42.280s][info][gc,start       ] GC(122) Pause Young (Mixed) (G1 Evacuation Pause)
[2026-04-03T01:41:40.482+0600][42.280s][info][gc,task        ] GC(122) Using 10 workers of 10 for evacuation
[2026-04-03T01:41:40.492+0600][42.291s][info][gc,phases      ] GC(122)   Pre Evacuate Collection Set: 0.41ms
[2026-04-03T01:41:40.492+0600][42.291s][info][gc,phases      ] GC(122)   Merge Heap Roots: 0.28ms
[2026-04-03T01:41:40.492+0600][42.291s][info][gc,phases      ] GC(122)   Evacuate Collection Set: 5.81ms
[2026-04-03T01:41:40.492+0600][42.291s][info][gc,phases      ] GC(122)   Post Evacuate Collection Set: 3.66ms
[2026-04-03T01:41:40.493+0600][42.291s][info][gc,phases      ] GC(122)   Other: 0.15ms
[2026-04-03T01:41:40.493+0600][42.291s][info][gc,heap        ] GC(122) Eden regions: 57->0(442)
[2026-04-03T01:41:40.493+0600][42.291s][info][gc,heap        ] GC(122) Survivor regions: 5->5(21)
[2026-04-03T01:41:40.493+0600][42.291s][info][gc,heap        ] GC(122) Old regions: 45->44
[2026-04-03T01:41:40.493+0600][42.291s][info][gc,heap        ] GC(122) Humongous regions: 165->3
[2026-04-03T01:41:40.493+0600][42.291s][info][gc,metaspace   ] GC(122) Metaspace: 130771K(132352K)->130771K(132352K) NonClass: 114268K(115008K)->114268K(115008K) Class: 16502K(17344K)->16502K(17344K)
[2026-04-03T01:41:40.493+0600][42.291s][info][gc             ] GC(122) Pause Young (Mixed) (G1 Evacuation Pause) 538M->98M(1490M) 10.659ms
[2026-04-03T01:41:40.493+0600][42.291s][info][gc,cpu         ] GC(122) User=0.05s Sys=0.01s Real=0.01s
[2026-04-03T01:41:42.239+0600][44.037s][info][gc,start       ] GC(123) Pause Young (Normal) (G1 Evacuation Pause)
[2026-04-03T01:41:42.239+0600][44.037s][info][gc,task        ] GC(123) Using 10 workers of 10 for evacuation
[2026-04-03T01:41:42.250+0600][44.048s][info][gc,phases      ] GC(123)   Pre Evacuate Collection Set: 0.60ms
[2026-04-03T01:41:42.250+0600][44.048s][info][gc,phases      ] GC(123)   Merge Heap Roots: 0.29ms
[2026-04-03T01:41:42.250+0600][44.048s][info][gc,phases      ] GC(123)   Evacuate Collection Set: 7.49ms
[2026-04-03T01:41:42.250+0600][44.048s][info][gc,phases      ] GC(123)   Post Evacuate Collection Set: 2.04ms
[2026-04-03T01:41:42.250+0600][44.048s][info][gc,phases      ] GC(123)   Other: 0.20ms
[2026-04-03T01:41:42.250+0600][44.048s][info][gc,heap        ] GC(123) Eden regions: 425->0(444)
[2026-04-03T01:41:42.250+0600][44.048s][info][gc,heap        ] GC(123) Survivor regions: 5->7(56)
[2026-04-03T01:41:42.250+0600][44.048s][info][gc,heap        ] GC(123) Old regions: 44->44
[2026-04-03T01:41:42.250+0600][44.048s][info][gc,heap        ] GC(123) Humongous regions: 271->3
[2026-04-03T01:41:42.250+0600][44.048s][info][gc,metaspace   ] GC(123) Metaspace: 130889K(132480K)->130889K(132480K) NonClass: 114371K(115136K)->114371K(115136K) Class: 16518K(17344K)->16518K(17344K)
[2026-04-03T01:41:42.250+0600][44.048s][info][gc             ] GC(123) Pause Young (Normal) (G1 Evacuation Pause) 1484M->103M(1504M) 11.115ms
[2026-04-03T01:41:42.250+0600][44.048s][info][gc,cpu         ] GC(123) User=0.06s Sys=0.02s Real=0.02s
[2026-04-03T01:41:42.552+0600][44.350s][info][gc,start       ] GC(124) Pause Young (Concurrent Start) (G1 Humongous Allocation)
[2026-04-03T01:41:42.552+0600][44.350s][info][gc,task        ] GC(124) Using 10 workers of 10 for evacuation
[2026-04-03T01:41:42.557+0600][44.355s][info][gc,phases      ] GC(124)   Pre Evacuate Collection Set: 0.67ms
[2026-04-03T01:41:42.557+0600][44.356s][info][gc,phases      ] GC(124)   Merge Heap Roots: 0.19ms
[2026-04-03T01:41:42.557+0600][44.356s][info][gc,phases      ] GC(124)   Evacuate Collection Set: 3.33ms
[2026-04-03T01:41:42.557+0600][44.356s][info][gc,phases      ] GC(124)   Post Evacuate Collection Set: 1.04ms
[2026-04-03T01:41:42.557+0600][44.356s][info][gc,phases      ] GC(124)   Other: 0.14ms
[2026-04-03T01:41:42.557+0600][44.356s][info][gc,heap        ] GC(124) Eden regions: 117->0(445)
[2026-04-03T01:41:42.557+0600][44.356s][info][gc,heap        ] GC(124) Survivor regions: 7->6(57)
[2026-04-03T01:41:42.557+0600][44.356s][info][gc,heap        ] GC(124) Old regions: 44->45
[2026-04-03T01:41:42.557+0600][44.356s][info][gc,heap        ] GC(124) Humongous regions: 100->12
[2026-04-03T01:41:42.557+0600][44.356s][info][gc,metaspace   ] GC(124) Metaspace: 130913K(132480K)->130913K(132480K) NonClass: 114395K(115136K)->114395K(115136K) Class: 16518K(17344K)->16518K(17344K)
[2026-04-03T01:41:42.558+0600][44.356s][info][gc             ] GC(124) Pause Young (Concurrent Start) (G1 Humongous Allocation) 530M->121M(1504M) 5.723ms
[2026-04-03T01:41:42.558+0600][44.356s][info][gc             ] GC(125) Concurrent Undo Cycle
[2026-04-03T01:41:42.558+0600][44.356s][info][gc,cpu         ] GC(124) User=0.04s Sys=0.01s Real=0.00s
[2026-04-03T01:41:42.558+0600][44.356s][info][gc,marking     ] GC(125) Concurrent Clear Claimed Marks
[2026-04-03T01:41:42.558+0600][44.356s][info][gc,marking     ] GC(125) Concurrent Clear Claimed Marks 0.305ms
[2026-04-03T01:41:42.558+0600][44.356s][info][gc,marking     ] GC(125) Concurrent Cleanup for Next Mark
[2026-04-03T01:41:42.558+0600][44.356s][info][gc,marking     ] GC(125) Concurrent Cleanup for Next Mark 0.342ms
[2026-04-03T01:41:42.558+0600][44.357s][info][gc             ] GC(125) Concurrent Undo Cycle 0.806ms
[2026-04-03T01:41:42.572+0600][44.370s][info][gc,start       ] GC(126) Pause Young (Concurrent Start) (G1 Humongous Allocation)
[2026-04-03T01:41:42.572+0600][44.370s][info][gc,task        ] GC(126) Using 10 workers of 10 for evacuation
[2026-04-03T01:41:42.578+0600][44.376s][info][gc,phases      ] GC(126)   Pre Evacuate Collection Set: 0.62ms
[2026-04-03T01:41:42.578+0600][44.376s][info][gc,phases      ] GC(126)   Merge Heap Roots: 0.15ms
[2026-04-03T01:41:42.578+0600][44.376s][info][gc,phases      ] GC(126)   Evacuate Collection Set: 3.85ms
[2026-04-03T01:41:42.578+0600][44.376s][info][gc,phases      ] GC(126)   Post Evacuate Collection Set: 0.93ms
[2026-04-03T01:41:42.578+0600][44.376s][info][gc,phases      ] GC(126)   Other: 0.20ms
[2026-04-03T01:41:42.578+0600][44.376s][info][gc,heap        ] GC(126) Eden regions: 7->0(444)
[2026-04-03T01:41:42.578+0600][44.376s][info][gc,heap        ] GC(126) Survivor regions: 6->7(57)
[2026-04-03T01:41:42.578+0600][44.376s][info][gc,heap        ] GC(126) Old regions: 45->45
[2026-04-03T01:41:42.578+0600][44.376s][info][gc,heap        ] GC(126) Humongous regions: 99->9
[2026-04-03T01:41:42.578+0600][44.376s][info][gc,metaspace   ] GC(126) Metaspace: 130913K(132480K)->130913K(132480K) NonClass: 114395K(115136K)->114395K(115136K) Class: 16518K(17344K)->16518K(17344K)
[2026-04-03T01:41:42.578+0600][44.377s][info][gc             ] GC(126) Pause Young (Concurrent Start) (G1 Humongous Allocation) 308M->116M(1504M) 6.223ms
[2026-04-03T01:41:42.578+0600][44.377s][info][gc             ] GC(127) Concurrent Undo Cycle
[2026-04-03T01:41:42.579+0600][44.377s][info][gc,cpu         ] GC(126) User=0.05s Sys=0.00s Real=0.00s
[2026-04-03T01:41:42.579+0600][44.377s][info][gc,marking     ] GC(127) Concurrent Clear Claimed Marks
[2026-04-03T01:41:42.579+0600][44.377s][info][gc,marking     ] GC(127) Concurrent Clear Claimed Marks 0.373ms
[2026-04-03T01:41:42.579+0600][44.377s][info][gc,marking     ] GC(127) Concurrent Cleanup for Next Mark
[2026-04-03T01:41:42.579+0600][44.378s][info][gc,marking     ] GC(127) Concurrent Cleanup for Next Mark 0.434ms
[2026-04-03T01:41:42.580+0600][44.378s][info][gc             ] GC(127) Concurrent Undo Cycle 1.049ms
[2026-04-03T01:41:42.679+0600][44.477s][info][gc,start       ] GC(128) Pause Young (Concurrent Start) (G1 Humongous Allocation)
[2026-04-03T01:41:42.679+0600][44.477s][info][gc,task        ] GC(128) Using 10 workers of 10 for evacuation
[2026-04-03T01:41:42.684+0600][44.482s][info][gc,phases      ] GC(128)   Pre Evacuate Collection Set: 0.65ms
[2026-04-03T01:41:42.684+0600][44.482s][info][gc,phases      ] GC(128)   Merge Heap Roots: 0.22ms
[2026-04-03T01:41:42.684+0600][44.482s][info][gc,phases      ] GC(128)   Evacuate Collection Set: 3.09ms
[2026-04-03T01:41:42.684+0600][44.482s][info][gc,phases      ] GC(128)   Post Evacuate Collection Set: 0.80ms
[2026-04-03T01:41:42.684+0600][44.482s][info][gc,phases      ] GC(128)   Other: 0.17ms
[2026-04-03T01:41:42.684+0600][44.482s][info][gc,heap        ] GC(128) Eden regions: 29->0(447)
[2026-04-03T01:41:42.684+0600][44.482s][info][gc,heap        ] GC(128) Survivor regions: 7->4(57)
[2026-04-03T01:41:42.684+0600][44.482s][info][gc,heap        ] GC(128) Old regions: 45->45
[2026-04-03T01:41:42.684+0600][44.482s][info][gc,heap        ] GC(128) Humongous regions: 102->3
[2026-04-03T01:41:42.684+0600][44.482s][info][gc,metaspace   ] GC(128) Metaspace: 130918K(132480K)->130918K(132480K) NonClass: 114400K(115136K)->114400K(115136K) Class: 16518K(17344K)->16518K(17344K)
[2026-04-03T01:41:42.684+0600][44.482s][info][gc             ] GC(128) Pause Young (Concurrent Start) (G1 Humongous Allocation) 359M->99M(1504M) 5.277ms
[2026-04-03T01:41:42.684+0600][44.482s][info][gc             ] GC(129) Concurrent Undo Cycle
[2026-04-03T01:41:42.684+0600][44.482s][info][gc,marking     ] GC(129) Concurrent Clear Claimed Marks
[2026-04-03T01:41:42.684+0600][44.482s][info][gc,cpu         ] GC(128) User=0.04s Sys=0.00s Real=0.01s
[2026-04-03T01:41:42.685+0600][44.483s][info][gc,marking     ] GC(129) Concurrent Clear Claimed Marks 0.303ms
[2026-04-03T01:41:42.685+0600][44.483s][info][gc,marking     ] GC(129) Concurrent Cleanup for Next Mark
[2026-04-03T01:41:42.685+0600][44.483s][info][gc,marking     ] GC(129) Concurrent Cleanup for Next Mark 0.301ms
[2026-04-03T01:41:42.685+0600][44.483s][info][gc             ] GC(129) Concurrent Undo Cycle 0.750ms
[2026-04-03T01:41:42.686+0600][44.484s][info][gc,start       ] GC(130) Pause Young (Concurrent Start) (G1 Humongous Allocation)
[2026-04-03T01:41:42.686+0600][44.484s][info][gc,task        ] GC(130) Using 10 workers of 10 for evacuation
[2026-04-03T01:41:42.690+0600][44.488s][info][gc,phases      ] GC(130)   Pre Evacuate Collection Set: 0.31ms
[2026-04-03T01:41:42.690+0600][44.488s][info][gc,phases      ] GC(130)   Merge Heap Roots: 0.09ms
[2026-04-03T01:41:42.690+0600][44.488s][info][gc,phases      ] GC(130)   Evacuate Collection Set: 2.84ms
[2026-04-03T01:41:42.690+0600][44.488s][info][gc,phases      ] GC(130)   Post Evacuate Collection Set: 0.54ms
[2026-04-03T01:41:42.690+0600][44.488s][info][gc,phases      ] GC(130)   Other: 0.14ms
[2026-04-03T01:41:42.690+0600][44.488s][info][gc,heap        ] GC(130) Eden regions: 1->0(447)
[2026-04-03T01:41:42.690+0600][44.488s][info][gc,heap        ] GC(130) Survivor regions: 4->4(57)
[2026-04-03T01:41:42.690+0600][44.488s][info][gc,heap        ] GC(130) Old regions: 45->45
[2026-04-03T01:41:42.690+0600][44.488s][info][gc,heap        ] GC(130) Humongous regions: 9->9
[2026-04-03T01:41:42.690+0600][44.488s][info][gc,metaspace   ] GC(130) Metaspace: 130918K(132480K)->130918K(132480K) NonClass: 114400K(115136K)->114400K(115136K) Class: 16518K(17344K)->16518K(17344K)
[2026-04-03T01:41:42.690+0600][44.488s][info][gc             ] GC(130) Pause Young (Concurrent Start) (G1 Humongous Allocation) 112M->111M(1504M) 4.238ms
[2026-04-03T01:41:42.690+0600][44.488s][info][gc             ] GC(131) Concurrent Undo Cycle
[2026-04-03T01:41:42.690+0600][44.488s][info][gc,cpu         ] GC(130) User=0.04s Sys=0.00s Real=0.01s
[2026-04-03T01:41:42.690+0600][44.488s][info][gc,marking     ] GC(131) Concurrent Clear Claimed Marks
[2026-04-03T01:41:42.690+0600][44.489s][info][gc,marking     ] GC(131) Concurrent Clear Claimed Marks 0.370ms
[2026-04-03T01:41:42.690+0600][44.489s][info][gc,marking     ] GC(131) Concurrent Cleanup for Next Mark
[2026-04-03T01:41:42.691+0600][44.489s][info][gc,marking     ] GC(131) Concurrent Cleanup for Next Mark 0.722ms
[2026-04-03T01:41:42.691+0600][44.489s][info][gc             ] GC(131) Concurrent Undo Cycle 1.367ms
[2026-04-03T01:41:42.693+0600][44.491s][info][gc,start       ] GC(132) Pause Young (Concurrent Start) (G1 Humongous Allocation)
[2026-04-03T01:41:42.693+0600][44.491s][info][gc,task        ] GC(132) Using 10 workers of 10 for evacuation
[2026-04-03T01:41:42.698+0600][44.496s][info][gc,phases      ] GC(132)   Pre Evacuate Collection Set: 0.51ms
[2026-04-03T01:41:42.698+0600][44.496s][info][gc,phases      ] GC(132)   Merge Heap Roots: 0.26ms
[2026-04-03T01:41:42.698+0600][44.496s][info][gc,phases      ] GC(132)   Evacuate Collection Set: 3.27ms
[2026-04-03T01:41:42.698+0600][44.496s][info][gc,phases      ] GC(132)   Post Evacuate Collection Set: 0.81ms
[2026-04-03T01:41:42.698+0600][44.496s][info][gc,phases      ] GC(132)   Other: 0.30ms
[2026-04-03T01:41:42.698+0600][44.496s][info][gc,heap        ] GC(132) Eden regions: 3->0(447)
[2026-04-03T01:41:42.698+0600][44.496s][info][gc,heap        ] GC(132) Survivor regions: 4->4(57)
[2026-04-03T01:41:42.698+0600][44.496s][info][gc,heap        ] GC(132) Old regions: 45->45
[2026-04-03T01:41:42.698+0600][44.496s][info][gc,heap        ] GC(132) Humongous regions: 21->9
[2026-04-03T01:41:42.698+0600][44.496s][info][gc,metaspace   ] GC(132) Metaspace: 130918K(132480K)->130918K(132480K) NonClass: 114400K(115136K)->114400K(115136K) Class: 16518K(17344K)->16518K(17344K)
[2026-04-03T01:41:42.698+0600][44.496s][info][gc             ] GC(132) Pause Young (Concurrent Start) (G1 Humongous Allocation) 139M->112M(1504M) 5.662ms
[2026-04-03T01:41:42.698+0600][44.497s][info][gc             ] GC(133) Concurrent Mark Cycle
[2026-04-03T01:41:42.698+0600][44.497s][info][gc,cpu         ] GC(132) User=0.04s Sys=0.00s Real=0.00s
[2026-04-03T01:41:42.699+0600][44.497s][info][gc,marking     ] GC(133) Concurrent Scan Root Regions
[2026-04-03T01:41:42.702+0600][44.500s][info][gc,marking     ] GC(133) Concurrent Scan Root Regions 3.348ms
[2026-04-03T01:41:42.702+0600][44.500s][info][gc,marking     ] GC(133) Concurrent Mark
[2026-04-03T01:41:42.702+0600][44.500s][info][gc,marking     ] GC(133) Concurrent Mark From Roots
[2026-04-03T01:41:42.702+0600][44.500s][info][gc,task        ] GC(133) Using 3 workers of 3 for marking
[2026-04-03T01:41:42.798+0600][44.597s][info][gc,marking     ] GC(133) Concurrent Mark From Roots 96.269ms
[2026-04-03T01:41:42.799+0600][44.597s][info][gc,marking     ] GC(133) Concurrent Preclean
[2026-04-03T01:41:42.799+0600][44.597s][info][gc,marking     ] GC(133) Concurrent Preclean 0.516ms
[2026-04-03T01:41:42.799+0600][44.598s][info][gc,start       ] GC(133) Pause Remark
[2026-04-03T01:41:42.808+0600][44.606s][info][gc             ] GC(133) Pause Remark 492M->492M(1448M) 8.467ms
[2026-04-03T01:41:42.808+0600][44.606s][info][gc,cpu         ] GC(133) User=0.06s Sys=0.00s Real=0.01s
[2026-04-03T01:41:42.808+0600][44.606s][info][gc,marking     ] GC(133) Concurrent Mark 106.012ms
[2026-04-03T01:41:42.808+0600][44.606s][info][gc,marking     ] GC(133) Concurrent Rebuild Remembered Sets and Scrub Regions
[2026-04-03T01:41:42.842+0600][44.640s][info][gc,marking     ] GC(133) Concurrent Rebuild Remembered Sets and Scrub Regions 33.934ms
[2026-04-03T01:41:42.843+0600][44.641s][info][gc,start       ] GC(133) Pause Cleanup
[2026-04-03T01:41:42.843+0600][44.641s][info][gc             ] GC(133) Pause Cleanup 502M->502M(1448M) 0.499ms
[2026-04-03T01:41:42.843+0600][44.641s][info][gc,cpu         ] GC(133) User=0.01s Sys=0.00s Real=0.00s
[2026-04-03T01:41:42.843+0600][44.642s][info][gc,marking     ] GC(133) Concurrent Clear Claimed Marks
[2026-04-03T01:41:42.844+0600][44.642s][info][gc,marking     ] GC(133) Concurrent Clear Claimed Marks 0.432ms
[2026-04-03T01:41:42.844+0600][44.642s][info][gc,marking     ] GC(133) Concurrent Cleanup for Next Mark
[2026-04-03T01:41:42.851+0600][44.649s][info][gc,marking     ] GC(133) Concurrent Cleanup for Next Mark 7.176ms
[2026-04-03T01:41:42.851+0600][44.649s][info][gc             ] GC(133) Concurrent Mark Cycle 152.728ms
[2026-04-03T01:41:43.875+0600][45.674s][info][gc,start       ] GC(134) Pause Young (Prepare Mixed) (G1 Evacuation Pause)
[2026-04-03T01:41:43.876+0600][45.674s][info][gc,task        ] GC(134) Using 10 workers of 10 for evacuation
[2026-04-03T01:41:43.886+0600][45.684s][info][gc,phases      ] GC(134)   Pre Evacuate Collection Set: 0.61ms
[2026-04-03T01:41:43.886+0600][45.684s][info][gc,phases      ] GC(134)   Merge Heap Roots: 0.52ms
[2026-04-03T01:41:43.886+0600][45.684s][info][gc,phases      ] GC(134)   Evacuate Collection Set: 7.38ms
[2026-04-03T01:41:43.886+0600][45.684s][info][gc,phases      ] GC(134)   Post Evacuate Collection Set: 1.35ms
[2026-04-03T01:41:43.886+0600][45.684s][info][gc,phases      ] GC(134)   Other: 0.17ms
[2026-04-03T01:41:43.886+0600][45.684s][info][gc,heap        ] GC(134) Eden regions: 315->0(415)
[2026-04-03T01:41:43.886+0600][45.684s][info][gc,heap        ] GC(134) Survivor regions: 4->5(55)
[2026-04-03T01:41:43.886+0600][45.684s][info][gc,heap        ] GC(134) Old regions: 45->45
[2026-04-03T01:41:43.886+0600][45.684s][info][gc,heap        ] GC(134) Humongous regions: 364->3
[2026-04-03T01:41:43.886+0600][45.684s][info][gc,metaspace   ] GC(134) Metaspace: 130975K(132544K)->130975K(132544K) NonClass: 114456K(115200K)->114456K(115200K) Class: 16518K(17344K)->16518K(17344K)
[2026-04-03T01:41:43.886+0600][45.684s][info][gc             ] GC(134) Pause Young (Prepare Mixed) (G1 Evacuation Pause) 1452M->102M(1466M) 10.412ms
[2026-04-03T01:41:43.886+0600][45.684s][info][gc,cpu         ] GC(134) User=0.04s Sys=0.03s Real=0.01s
[2026-04-03T01:41:44.857+0600][46.655s][info][gc,start       ] GC(135) Pause Young (Mixed) (G1 Evacuation Pause)
[2026-04-03T01:41:44.857+0600][46.655s][info][gc,task        ] GC(135) Using 10 workers of 10 for evacuation
[2026-04-03T01:41:44.864+0600][46.663s][info][gc,phases      ] GC(135)   Pre Evacuate Collection Set: 0.38ms
[2026-04-03T01:41:44.865+0600][46.663s][info][gc,phases      ] GC(135)   Merge Heap Roots: 0.27ms
[2026-04-03T01:41:44.865+0600][46.663s][info][gc,phases      ] GC(135)   Evacuate Collection Set: 5.79ms
[2026-04-03T01:41:44.865+0600][46.663s][info][gc,phases      ] GC(135)   Post Evacuate Collection Set: 1.15ms
[2026-04-03T01:41:44.865+0600][46.663s][info][gc,phases      ] GC(135)   Other: 0.11ms
[2026-04-03T01:41:44.865+0600][46.663s][info][gc,heap        ] GC(135) Eden regions: 310->0(454)
[2026-04-03T01:41:44.865+0600][46.663s][info][gc,heap        ] GC(135) Survivor regions: 5->6(53)
[2026-04-03T01:41:44.865+0600][46.663s][info][gc,heap        ] GC(135) Old regions: 45->44
[2026-04-03T01:41:44.865+0600][46.663s][info][gc,heap        ] GC(135) Humongous regions: 400->9
[2026-04-03T01:41:44.865+0600][46.663s][info][gc,metaspace   ] GC(135) Metaspace: 130999K(132544K)->130999K(132544K) NonClass: 114480K(115200K)->114480K(115200K) Class: 16518K(17344K)->16518K(17344K)
[2026-04-03T01:41:44.865+0600][46.663s][info][gc             ] GC(135) Pause Young (Mixed) (G1 Evacuation Pause) 1516M->114M(1534M) 8.005ms
[2026-04-03T01:41:44.865+0600][46.663s][info][gc,cpu         ] GC(135) User=0.05s Sys=0.01s Real=0.01s
[2026-04-03T01:41:44.866+0600][46.664s][info][gc,start       ] GC(136) Pause Young (Concurrent Start) (G1 Humongous Allocation)
[2026-04-03T01:41:44.866+0600][46.665s][info][gc,task        ] GC(136) Using 10 workers of 10 for evacuation
[2026-04-03T01:41:44.871+0600][46.669s][info][gc,phases      ] GC(136)   Pre Evacuate Collection Set: 0.32ms
[2026-04-03T01:41:44.871+0600][46.669s][info][gc,phases      ] GC(136)   Merge Heap Roots: 0.11ms
[2026-04-03T01:41:44.871+0600][46.669s][info][gc,phases      ] GC(136)   Evacuate Collection Set: 3.15ms
[2026-04-03T01:41:44.871+0600][46.669s][info][gc,phases      ] GC(136)   Post Evacuate Collection Set: 0.47ms
[2026-04-03T01:41:44.871+0600][46.669s][info][gc,phases      ] GC(136)   Other: 0.17ms
[2026-04-03T01:41:44.871+0600][46.669s][info][gc,heap        ] GC(136) Eden regions: 3->0(403)
[2026-04-03T01:41:44.871+0600][46.669s][info][gc,heap        ] GC(136) Survivor regions: 6->6(58)
[2026-04-03T01:41:44.871+0600][46.669s][info][gc,heap        ] GC(136) Old regions: 44->45
[2026-04-03T01:41:44.871+0600][46.669s][info][gc,heap        ] GC(136) Humongous regions: 9->3
[2026-04-03T01:41:44.871+0600][46.669s][info][gc,metaspace   ] GC(136) Metaspace: 130999K(132544K)->130999K(132544K) NonClass: 114481K(115200K)->114481K(115200K) Class: 16518K(17344K)->16518K(17344K)
[2026-04-03T01:41:44.871+0600][46.669s][info][gc             ] GC(136) Pause Young (Concurrent Start) (G1 Humongous Allocation) 118M->103M(1534M) 4.493ms
[2026-04-03T01:41:44.871+0600][46.669s][info][gc             ] GC(137) Concurrent Mark Cycle
[2026-04-03T01:41:44.871+0600][46.669s][info][gc,marking     ] GC(137) Concurrent Scan Root Regions
[2026-04-03T01:41:44.871+0600][46.669s][info][gc,cpu         ] GC(136) User=0.04s Sys=0.00s Real=0.01s
[2026-04-03T01:41:44.875+0600][46.673s][info][gc,marking     ] GC(137) Concurrent Scan Root Regions 3.682ms
[2026-04-03T01:41:44.875+0600][46.673s][info][gc,marking     ] GC(137) Concurrent Mark
[2026-04-03T01:41:44.875+0600][46.673s][info][gc,marking     ] GC(137) Concurrent Mark From Roots
[2026-04-03T01:41:44.875+0600][46.673s][info][gc,task        ] GC(137) Using 3 workers of 3 for marking
[2026-04-03T01:41:44.978+0600][46.776s][info][gc,marking     ] GC(137) Concurrent Mark From Roots 103.246ms
[2026-04-03T01:41:44.978+0600][46.776s][info][gc,marking     ] GC(137) Concurrent Preclean
[2026-04-03T01:41:44.979+0600][46.777s][info][gc,marking     ] GC(137) Concurrent Preclean 0.757ms
[2026-04-03T01:41:44.979+0600][46.777s][info][gc,start       ] GC(137) Pause Remark
[2026-04-03T01:41:44.988+0600][46.786s][info][gc             ] GC(137) Pause Remark 506M->506M(1480M) 8.924ms
[2026-04-03T01:41:44.988+0600][46.787s][info][gc,cpu         ] GC(137) User=0.06s Sys=0.01s Real=0.01s
[2026-04-03T01:41:44.989+0600][46.787s][info][gc,marking     ] GC(137) Concurrent Mark 113.849ms
[2026-04-03T01:41:44.989+0600][46.787s][info][gc,marking     ] GC(137) Concurrent Rebuild Remembered Sets and Scrub Regions
[2026-04-03T01:41:45.019+0600][46.817s][info][gc,marking     ] GC(137) Concurrent Rebuild Remembered Sets and Scrub Regions 29.941ms
[2026-04-03T01:41:45.019+0600][46.817s][info][gc,start       ] GC(137) Pause Cleanup
[2026-04-03T01:41:45.019+0600][46.818s][info][gc             ] GC(137) Pause Cleanup 513M->513M(1480M) 0.397ms
[2026-04-03T01:41:45.020+0600][46.818s][info][gc,cpu         ] GC(137) User=0.00s Sys=0.00s Real=0.00s
[2026-04-03T01:41:45.020+0600][46.818s][info][gc,marking     ] GC(137) Concurrent Clear Claimed Marks
[2026-04-03T01:41:45.020+0600][46.818s][info][gc,marking     ] GC(137) Concurrent Clear Claimed Marks 0.394ms
[2026-04-03T01:41:45.020+0600][46.818s][info][gc,marking     ] GC(137) Concurrent Cleanup for Next Mark
[2026-04-03T01:41:45.022+0600][46.820s][info][gc,marking     ] GC(137) Concurrent Cleanup for Next Mark 1.914ms
[2026-04-03T01:41:45.022+0600][46.820s][info][gc             ] GC(137) Concurrent Mark Cycle 151.244ms
[2026-04-03T01:41:45.925+0600][47.723s][info][gc,start       ] GC(138) Pause Young (Prepare Mixed) (G1 Evacuation Pause)
[2026-04-03T01:41:45.925+0600][47.723s][info][gc,task        ] GC(138) Using 10 workers of 10 for evacuation
[2026-04-03T01:41:45.935+0600][47.733s][info][gc,phases      ] GC(138)   Pre Evacuate Collection Set: 0.49ms
[2026-04-03T01:41:45.935+0600][47.733s][info][gc,phases      ] GC(138)   Merge Heap Roots: 0.49ms
[2026-04-03T01:41:45.935+0600][47.733s][info][gc,phases      ] GC(138)   Evacuate Collection Set: 7.65ms
[2026-04-03T01:41:45.935+0600][47.733s][info][gc,phases      ] GC(138)   Post Evacuate Collection Set: 1.18ms
[2026-04-03T01:41:45.935+0600][47.733s][info][gc,phases      ] GC(138)   Other: 0.15ms
[2026-04-03T01:41:45.935+0600][47.733s][info][gc,heap        ] GC(138) Eden regions: 322->0(442)
[2026-04-03T01:41:45.935+0600][47.733s][info][gc,heap        ] GC(138) Survivor regions: 6->5(51)
[2026-04-03T01:41:45.935+0600][47.733s][info][gc,heap        ] GC(138) Old regions: 45->46
[2026-04-03T01:41:45.935+0600][47.733s][info][gc,heap        ] GC(138) Humongous regions: 367->3
[2026-04-03T01:41:45.935+0600][47.733s][info][gc,metaspace   ] GC(138) Metaspace: 131038K(132608K)->131038K(132608K) NonClass: 114519K(115264K)->114519K(115264K) Class: 16518K(17344K)->16518K(17344K)
[2026-04-03T01:41:45.935+0600][47.733s][info][gc             ] GC(138) Pause Young (Prepare Mixed) (G1 Evacuation Pause) 1475M->101M(1492M) 10.386ms
[2026-04-03T01:41:45.935+0600][47.734s][info][gc,cpu         ] GC(138) User=0.06s Sys=0.02s Real=0.01s
[2026-04-03T01:41:46.973+0600][48.771s][info][gc,start       ] GC(139) Pause Young (Mixed) (G1 Evacuation Pause)
[2026-04-03T01:41:46.973+0600][48.771s][info][gc,task        ] GC(139) Using 10 workers of 10 for evacuation
[2026-04-03T01:41:46.981+0600][48.780s][info][gc,phases      ] GC(139)   Pre Evacuate Collection Set: 0.35ms
[2026-04-03T01:41:46.982+0600][48.780s][info][gc,phases      ] GC(139)   Merge Heap Roots: 0.34ms
[2026-04-03T01:41:46.982+0600][48.780s][info][gc,phases      ] GC(139)   Evacuate Collection Set: 5.91ms
[2026-04-03T01:41:46.982+0600][48.780s][info][gc,phases      ] GC(139)   Post Evacuate Collection Set: 1.47ms
[2026-04-03T01:41:46.982+0600][48.780s][info][gc,phases      ] GC(139)   Other: 0.15ms
[2026-04-03T01:41:46.982+0600][48.780s][info][gc,heap        ] GC(139) Eden regions: 313->0(461)
[2026-04-03T01:41:46.982+0600][48.780s][info][gc,heap        ] GC(139) Survivor regions: 5->7(56)
[2026-04-03T01:41:46.982+0600][48.780s][info][gc,heap        ] GC(139) Old regions: 46->44
[2026-04-03T01:41:46.982+0600][48.780s][info][gc,heap        ] GC(139) Humongous regions: 409->12
[2026-04-03T01:41:46.982+0600][48.780s][info][gc,metaspace   ] GC(139) Metaspace: 131123K(132608K)->131123K(132608K) NonClass: 114589K(115264K)->114589K(115264K) Class: 16533K(17344K)->16533K(17344K)
[2026-04-03T01:41:46.982+0600][48.780s][info][gc             ] GC(139) Pause Young (Mixed) (G1 Evacuation Pause) 1539M->120M(1560M) 8.617ms
[2026-04-03T01:41:46.982+0600][48.780s][info][gc,cpu         ] GC(139) User=0.05s Sys=0.02s Real=0.01s
[2026-04-03T01:41:46.983+0600][48.781s][info][gc,start       ] GC(140) Pause Young (Concurrent Start) (G1 Humongous Allocation)
[2026-04-03T01:41:46.983+0600][48.781s][info][gc,task        ] GC(140) Using 10 workers of 10 for evacuation
[2026-04-03T01:41:46.987+0600][48.785s][info][gc,phases      ] GC(140)   Pre Evacuate Collection Set: 0.44ms
[2026-04-03T01:41:46.987+0600][48.785s][info][gc,phases      ] GC(140)   Merge Heap Roots: 0.12ms
[2026-04-03T01:41:46.987+0600][48.785s][info][gc,phases      ] GC(140)   Evacuate Collection Set: 3.06ms
[2026-04-03T01:41:46.987+0600][48.785s][info][gc,phases      ] GC(140)   Post Evacuate Collection Set: 0.60ms
[2026-04-03T01:41:46.987+0600][48.785s][info][gc,phases      ] GC(140)   Other: 0.23ms
[2026-04-03T01:41:46.987+0600][48.785s][info][gc,heap        ] GC(140) Eden regions: 1->0(461)
[2026-04-03T01:41:46.987+0600][48.785s][info][gc,heap        ] GC(140) Survivor regions: 7->7(59)
[2026-04-03T01:41:46.987+0600][48.785s][info][gc,heap        ] GC(140) Old regions: 44->44
[2026-04-03T01:41:46.987+0600][48.785s][info][gc,heap        ] GC(140) Humongous regions: 12->6
[2026-04-03T01:41:46.987+0600][48.785s][info][gc,metaspace   ] GC(140) Metaspace: 131123K(132608K)->131123K(132608K) NonClass: 114589K(115264K)->114589K(115264K) Class: 16533K(17344K)->16533K(17344K)
[2026-04-03T01:41:46.987+0600][48.785s][info][gc             ] GC(140) Pause Young (Concurrent Start) (G1 Humongous Allocation) 122M->109M(1560M) 4.726ms
[2026-04-03T01:41:46.987+0600][48.785s][info][gc             ] GC(141) Concurrent Mark Cycle
[2026-04-03T01:41:46.987+0600][48.786s][info][gc,cpu         ] GC(140) User=0.03s Sys=0.00s Real=0.00s
[2026-04-03T01:41:46.987+0600][48.786s][info][gc,marking     ] GC(141) Concurrent Scan Root Regions
[2026-04-03T01:41:46.992+0600][48.790s][info][gc,marking     ] GC(141) Concurrent Scan Root Regions 4.546ms
[2026-04-03T01:41:46.992+0600][48.790s][info][gc,marking     ] GC(141) Concurrent Mark
[2026-04-03T01:41:46.992+0600][48.790s][info][gc,marking     ] GC(141) Concurrent Mark From Roots
[2026-04-03T01:41:46.992+0600][48.790s][info][gc,task        ] GC(141) Using 3 workers of 3 for marking
[2026-04-03T01:41:47.089+0600][48.887s][info][gc,marking     ] GC(141) Concurrent Mark From Roots 97.231ms
[2026-04-03T01:41:47.089+0600][48.888s][info][gc,marking     ] GC(141) Concurrent Preclean
[2026-04-03T01:41:47.090+0600][48.888s][info][gc,marking     ] GC(141) Concurrent Preclean 0.747ms
[2026-04-03T01:41:47.091+0600][48.889s][info][gc,start       ] GC(141) Pause Remark
[2026-04-03T01:41:47.102+0600][48.900s][info][gc             ] GC(141) Pause Remark 491M->491M(1440M) 11.330ms
[2026-04-03T01:41:47.102+0600][48.900s][info][gc,cpu         ] GC(141) User=0.09s Sys=0.00s Real=0.01s
[2026-04-03T01:41:47.102+0600][48.900s][info][gc,marking     ] GC(141) Concurrent Mark 110.165ms
[2026-04-03T01:41:47.102+0600][48.900s][info][gc,marking     ] GC(141) Concurrent Rebuild Remembered Sets and Scrub Regions
[2026-04-03T01:41:47.137+0600][48.935s][info][gc,marking     ] GC(141) Concurrent Rebuild Remembered Sets and Scrub Regions 34.602ms
[2026-04-03T01:41:47.137+0600][48.936s][info][gc,start       ] GC(141) Pause Cleanup
[2026-04-03T01:41:47.138+0600][48.936s][info][gc             ] GC(141) Pause Cleanup 499M->499M(1440M) 0.374ms
[2026-04-03T01:41:47.138+0600][48.936s][info][gc,cpu         ] GC(141) User=0.00s Sys=0.00s Real=0.00s
[2026-04-03T01:41:47.138+0600][48.936s][info][gc,marking     ] GC(141) Concurrent Clear Claimed Marks
[2026-04-03T01:41:47.138+0600][48.937s][info][gc,marking     ] GC(141) Concurrent Clear Claimed Marks 0.373ms
[2026-04-03T01:41:47.138+0600][48.937s][info][gc,marking     ] GC(141) Concurrent Cleanup for Next Mark
[2026-04-03T01:41:47.141+0600][48.939s][info][gc,marking     ] GC(141) Concurrent Cleanup for Next Mark 2.535ms
[2026-04-03T01:41:47.141+0600][48.939s][info][gc             ] GC(141) Concurrent Mark Cycle 153.851ms
[2026-04-03T01:41:48.119+0600][49.917s][info][gc,start       ] GC(142) Pause Young (Prepare Mixed) (G1 Evacuation Pause)
[2026-04-03T01:41:48.119+0600][49.917s][info][gc,task        ] GC(142) Using 10 workers of 10 for evacuation
[2026-04-03T01:41:48.127+0600][49.925s][info][gc,phases      ] GC(142)   Pre Evacuate Collection Set: 0.58ms
[2026-04-03T01:41:48.127+0600][49.925s][info][gc,phases      ] GC(142)   Merge Heap Roots: 0.54ms
[2026-04-03T01:41:48.127+0600][49.925s][info][gc,phases      ] GC(142)   Evacuate Collection Set: 5.59ms
[2026-04-03T01:41:48.127+0600][49.925s][info][gc,phases      ] GC(142)   Post Evacuate Collection Set: 1.20ms
[2026-04-03T01:41:48.127+0600][49.925s][info][gc,phases      ] GC(142)   Other: 0.16ms
[2026-04-03T01:41:48.127+0600][49.925s][info][gc,heap        ] GC(142) Eden regions: 313->0(430)
[2026-04-03T01:41:48.127+0600][49.925s][info][gc,heap        ] GC(142) Survivor regions: 7->7(54)
[2026-04-03T01:41:48.127+0600][49.925s][info][gc,heap        ] GC(142) Old regions: 44->44
[2026-04-03T01:41:48.127+0600][49.925s][info][gc,heap        ] GC(142) Humongous regions: 358->3
[2026-04-03T01:41:48.127+0600][49.925s][info][gc,metaspace   ] GC(142) Metaspace: 131181K(132672K)->131181K(132672K) NonClass: 114647K(115328K)->114647K(115328K) Class: 16533K(17344K)->16533K(17344K)
[2026-04-03T01:41:48.127+0600][49.925s][info][gc             ] GC(142) Pause Young (Prepare Mixed) (G1 Evacuation Pause) 1439M->102M(1458M) 8.474ms
[2026-04-03T01:41:48.127+0600][49.925s][info][gc,cpu         ] GC(142) User=0.05s Sys=0.01s Real=0.01s
[2026-04-03T01:41:49.516+0600][51.314s][info][gc,start       ] GC(143) Pause Young (Mixed) (G1 Evacuation Pause)
[2026-04-03T01:41:49.516+0600][51.314s][info][gc,task        ] GC(143) Using 10 workers of 10 for evacuation
[2026-04-03T01:41:49.526+0600][51.324s][info][gc,phases      ] GC(143)   Pre Evacuate Collection Set: 0.58ms
[2026-04-03T01:41:49.526+0600][51.324s][info][gc,phases      ] GC(143)   Merge Heap Roots: 0.33ms
[2026-04-03T01:41:49.526+0600][51.324s][info][gc,phases      ] GC(143)   Evacuate Collection Set: 7.47ms
[2026-04-03T01:41:49.526+0600][51.324s][info][gc,phases      ] GC(143)   Post Evacuate Collection Set: 1.62ms
[2026-04-03T01:41:49.526+0600][51.324s][info][gc,phases      ] GC(143)   Other: 0.18ms
[2026-04-03T01:41:49.526+0600][51.324s][info][gc,heap        ] GC(143) Eden regions: 430->0(428)
[2026-04-03T01:41:49.526+0600][51.324s][info][gc,heap        ] GC(143) Survivor regions: 7->9(55)
[2026-04-03T01:41:49.526+0600][51.324s][info][gc,heap        ] GC(143) Old regions: 44->43
[2026-04-03T01:41:49.526+0600][51.324s][info][gc,heap        ] GC(143) Humongous regions: 234->3
[2026-04-03T01:41:49.526+0600][51.324s][info][gc,metaspace   ] GC(143) Metaspace: 131487K(132992K)->131487K(132992K) NonClass: 114888K(115648K)->114888K(115648K) Class: 16599K(17344K)->16599K(17344K)
[2026-04-03T01:41:49.526+0600][51.324s][info][gc             ] GC(143) Pause Young (Mixed) (G1 Evacuation Pause) 1424M->106M(1458M) 10.514ms
[2026-04-03T01:41:49.526+0600][51.325s][info][gc,cpu         ] GC(143) User=0.10s Sys=0.00s Real=0.01s
[2026-04-03T01:41:49.579+0600][51.377s][info][gc,start       ] GC(144) Pause Young (Concurrent Start) (G1 Humongous Allocation)
[2026-04-03T01:41:49.579+0600][51.377s][info][gc,task        ] GC(144) Using 10 workers of 10 for evacuation
[2026-04-03T01:41:49.587+0600][51.385s][info][gc,phases      ] GC(144)   Pre Evacuate Collection Set: 0.52ms
[2026-04-03T01:41:49.587+0600][51.385s][info][gc,phases      ] GC(144)   Merge Heap Roots: 0.25ms
[2026-04-03T01:41:49.587+0600][51.385s][info][gc,phases      ] GC(144)   Evacuate Collection Set: 6.13ms
[2026-04-03T01:41:49.587+0600][51.385s][info][gc,phases      ] GC(144)   Post Evacuate Collection Set: 0.83ms
[2026-04-03T01:41:49.587+0600][51.385s][info][gc,phases      ] GC(144)   Other: 0.19ms
[2026-04-03T01:41:49.587+0600][51.385s][info][gc,heap        ] GC(144) Eden regions: 23->0(429)
[2026-04-03T01:41:49.587+0600][51.385s][info][gc,heap        ] GC(144) Survivor regions: 9->8(55)
[2026-04-03T01:41:49.587+0600][51.385s][info][gc,heap        ] GC(144) Old regions: 43->44
[2026-04-03T01:41:49.587+0600][51.385s][info][gc,heap        ] GC(144) Humongous regions: 3->3
[2026-04-03T01:41:49.587+0600][51.385s][info][gc,metaspace   ] GC(144) Metaspace: 131488K(132992K)->131488K(132992K) NonClass: 114888K(115648K)->114888K(115648K) Class: 16599K(17344K)->16599K(17344K)
[2026-04-03T01:41:49.587+0600][51.385s][info][gc             ] GC(144) Pause Young (Concurrent Start) (G1 Humongous Allocation) 150M->105M(1458M) 8.339ms
[2026-04-03T01:41:49.587+0600][51.385s][info][gc             ] GC(145) Concurrent Mark Cycle
[2026-04-03T01:41:49.587+0600][51.385s][info][gc,cpu         ] GC(144) User=0.08s Sys=0.00s Real=0.01s
[2026-04-03T01:41:49.587+0600][51.385s][info][gc,marking     ] GC(145) Concurrent Scan Root Regions
[2026-04-03T01:41:49.593+0600][51.391s][info][gc,marking     ] GC(145) Concurrent Scan Root Regions 6.064ms
[2026-04-03T01:41:49.593+0600][51.391s][info][gc,marking     ] GC(145) Concurrent Mark
[2026-04-03T01:41:49.593+0600][51.391s][info][gc,marking     ] GC(145) Concurrent Mark From Roots
[2026-04-03T01:41:49.593+0600][51.391s][info][gc,task        ] GC(145) Using 3 workers of 3 for marking
[2026-04-03T01:41:49.676+0600][51.474s][info][gc,start       ] GC(146) Pause Full (System.gc())
[2026-04-03T01:41:49.676+0600][51.474s][info][gc,task        ] GC(146) Using 10 workers of 10 for full compaction
[2026-04-03T01:41:49.680+0600][51.478s][info][gc,phases,start] GC(146) Phase 1: Mark live objects
[2026-04-03T01:41:49.783+0600][51.581s][info][gc,phases      ] GC(146) Phase 1: Mark live objects 103.750ms
[2026-04-03T01:41:49.783+0600][51.582s][info][gc,phases,start] GC(146) Phase 2: Prepare compaction
[2026-04-03T01:41:49.788+0600][51.586s][info][gc,phases      ] GC(146) Phase 2: Prepare compaction 4.168ms
[2026-04-03T01:41:49.788+0600][51.586s][info][gc,phases,start] GC(146) Phase 3: Adjust pointers
[2026-04-03T01:41:49.813+0600][51.611s][info][gc,phases      ] GC(146) Phase 3: Adjust pointers 24.881ms
[2026-04-03T01:41:49.813+0600][51.611s][info][gc,phases,start] GC(146) Phase 4: Compact heap
[2026-04-03T01:41:49.816+0600][51.614s][info][gc,phases      ] GC(146) Phase 4: Compact heap 3.558ms
[2026-04-03T01:41:49.816+0600][51.614s][info][gc,phases,start] GC(146) Phase 5: Reset Metadata
[2026-04-03T01:41:49.822+0600][51.620s][info][gc,phases      ] GC(146) Phase 5: Reset Metadata 5.827ms
[2026-04-03T01:41:49.841+0600][51.640s][info][gc,heap        ] GC(146) Eden regions: 18->0(100)
[2026-04-03T01:41:49.841+0600][51.640s][info][gc,heap        ] GC(146) Survivor regions: 8->0(55)
[2026-04-03T01:41:49.841+0600][51.640s][info][gc,heap        ] GC(146) Old regions: 44->47
[2026-04-03T01:41:49.841+0600][51.640s][info][gc,heap        ] GC(146) Humongous regions: 11->3
[2026-04-03T01:41:49.842+0600][51.640s][info][gc,metaspace   ] GC(146) Metaspace: 131534K(132992K)->131462K(132992K) NonClass: 114924K(115648K)->114871K(115648K) Class: 16609K(17344K)->16591K(17344K)
[2026-04-03T01:41:49.842+0600][51.640s][info][gc             ] GC(146) Pause Full (System.gc()) 156M->91M(334M) 165.365ms
[2026-04-03T01:41:49.842+0600][51.640s][info][gc,cpu         ] GC(146) User=1.24s Sys=0.07s Real=0.17s
[2026-04-03T01:41:49.842+0600][51.640s][info][gc,marking     ] GC(145) Concurrent Mark From Roots 248.620ms
[2026-04-03T01:41:49.842+0600][51.640s][info][gc,marking     ] GC(145) Concurrent Mark Abort
[2026-04-03T01:41:49.842+0600][51.640s][info][gc             ] GC(145) Concurrent Mark Cycle 254.995ms
[2026-04-03T01:41:49.865+0600][51.664s][info][gc,start       ] GC(147) Pause Young (Concurrent Start) (G1 Humongous Allocation)
[2026-04-03T01:41:49.865+0600][51.664s][info][gc,task        ] GC(147) Using 9 workers of 10 for evacuation
[2026-04-03T01:41:49.869+0600][51.667s][info][gc,phases      ] GC(147)   Pre Evacuate Collection Set: 0.43ms
[2026-04-03T01:41:49.869+0600][51.667s][info][gc,phases      ] GC(147)   Merge Heap Roots: 0.17ms
[2026-04-03T01:41:49.869+0600][51.667s][info][gc,phases      ] GC(147)   Evacuate Collection Set: 2.01ms
[2026-04-03T01:41:49.869+0600][51.667s][info][gc,phases      ] GC(147)   Post Evacuate Collection Set: 0.54ms
[2026-04-03T01:41:49.869+0600][51.667s][info][gc,phases      ] GC(147)   Other: 0.25ms
[2026-04-03T01:41:49.869+0600][51.667s][info][gc,heap        ] GC(147) Eden regions: 4->0(98)
[2026-04-03T01:41:49.869+0600][51.667s][info][gc,heap        ] GC(147) Survivor regions: 0->2(13)
[2026-04-03T01:41:49.869+0600][51.667s][info][gc,heap        ] GC(147) Old regions: 47->47
[2026-04-03T01:41:49.869+0600][51.667s][info][gc,heap        ] GC(147) Humongous regions: 3->3
[2026-04-03T01:41:49.869+0600][51.667s][info][gc,metaspace   ] GC(147) Metaspace: 131465K(132992K)->131465K(132992K) NonClass: 114874K(115648K)->114874K(115648K) Class: 16591K(17344K)->16591K(17344K)
[2026-04-03T01:41:49.869+0600][51.667s][info][gc             ] GC(147) Pause Young (Concurrent Start) (G1 Humongous Allocation) 98M->94M(334M) 3.701ms
[2026-04-03T01:41:49.869+0600][51.667s][info][gc             ] GC(148) Concurrent Mark Cycle
[2026-04-03T01:41:49.869+0600][51.667s][info][gc,marking     ] GC(148) Concurrent Scan Root Regions
[2026-04-03T01:41:49.869+0600][51.667s][info][gc,cpu         ] GC(147) User=0.01s Sys=0.01s Real=0.00s
[2026-04-03T01:41:49.871+0600][51.670s][info][gc,marking     ] GC(148) Concurrent Scan Root Regions 2.273ms
[2026-04-03T01:41:49.872+0600][51.670s][info][gc,marking     ] GC(148) Concurrent Mark
[2026-04-03T01:41:49.872+0600][51.670s][info][gc,marking     ] GC(148) Concurrent Mark From Roots
[2026-04-03T01:41:49.872+0600][51.670s][info][gc,task        ] GC(148) Using 3 workers of 3 for marking
[2026-04-03T01:41:49.936+0600][51.734s][info][gc,marking     ] GC(148) Concurrent Mark From Roots 64.589ms
[2026-04-03T01:41:49.936+0600][51.734s][info][gc,marking     ] GC(148) Concurrent Preclean
[2026-04-03T01:41:49.937+0600][51.735s][info][gc,marking     ] GC(148) Concurrent Preclean 0.630ms
[2026-04-03T01:41:49.940+0600][51.738s][info][gc,start       ] GC(148) Pause Remark
[2026-04-03T01:41:49.948+0600][51.746s][info][gc             ] GC(148) Pause Remark 125M->125M(334M) 8.136ms
[2026-04-03T01:41:49.948+0600][51.746s][info][gc,cpu         ] GC(148) User=0.05s Sys=0.00s Real=0.01s
[2026-04-03T01:41:49.948+0600][51.746s][info][gc,marking     ] GC(148) Concurrent Mark 76.650ms
[2026-04-03T01:41:49.948+0600][51.746s][info][gc,marking     ] GC(148) Concurrent Rebuild Remembered Sets and Scrub Regions
[2026-04-03T01:41:49.977+0600][51.775s][info][gc,marking     ] GC(148) Concurrent Rebuild Remembered Sets and Scrub Regions 28.271ms
[2026-04-03T01:41:49.987+0600][51.785s][info][gc,start       ] GC(148) Pause Cleanup
[2026-04-03T01:41:49.987+0600][51.785s][info][gc             ] GC(148) Pause Cleanup 150M->150M(334M) 0.283ms
[2026-04-03T01:41:49.987+0600][51.785s][info][gc,cpu         ] GC(148) User=0.00s Sys=0.00s Real=0.00s
[2026-04-03T01:41:49.987+0600][51.785s][info][gc,marking     ] GC(148) Concurrent Clear Claimed Marks
[2026-04-03T01:41:49.988+0600][51.786s][info][gc,marking     ] GC(148) Concurrent Clear Claimed Marks 0.270ms
[2026-04-03T01:41:49.988+0600][51.786s][info][gc,marking     ] GC(148) Concurrent Cleanup for Next Mark
[2026-04-03T01:41:49.988+0600][51.786s][info][gc,marking     ] GC(148) Concurrent Cleanup for Next Mark 0.531ms
[2026-04-03T01:41:49.988+0600][51.786s][info][gc             ] GC(148) Concurrent Mark Cycle 119.009ms
[2026-04-03T01:41:50.020+0600][51.818s][info][gc,start       ] GC(149) Pause Young (Prepare Mixed) (G1 Evacuation Pause)
[2026-04-03T01:41:50.020+0600][51.818s][info][gc,task        ] GC(149) Using 8 workers of 10 for evacuation
[2026-04-03T01:41:50.023+0600][51.821s][info][gc,phases      ] GC(149)   Pre Evacuate Collection Set: 0.24ms
[2026-04-03T01:41:50.023+0600][51.821s][info][gc,phases      ] GC(149)   Merge Heap Roots: 0.10ms
[2026-04-03T01:41:50.023+0600][51.821s][info][gc,phases      ] GC(149)   Evacuate Collection Set: 1.77ms
[2026-04-03T01:41:50.023+0600][51.821s][info][gc,phases      ] GC(149)   Post Evacuate Collection Set: 0.46ms
[2026-04-03T01:41:50.023+0600][51.821s][info][gc,phases      ] GC(149)   Other: 0.07ms
[2026-04-03T01:41:50.023+0600][51.821s][info][gc,heap        ] GC(149) Eden regions: 25->0(105)
[2026-04-03T01:41:50.023+0600][51.821s][info][gc,heap        ] GC(149) Survivor regions: 2->2(13)
[2026-04-03T01:41:50.023+0600][51.821s][info][gc,heap        ] GC(149) Old regions: 47->47
[2026-04-03T01:41:50.023+0600][51.821s][info][gc,heap        ] GC(149) Humongous regions: 105->12
[2026-04-03T01:41:50.023+0600][51.821s][info][gc,metaspace   ] GC(149) Metaspace: 131465K(132992K)->131465K(132992K) NonClass: 114874K(115648K)->114874K(115648K) Class: 16591K(17344K)->16591K(17344K)
[2026-04-03T01:41:50.023+0600][51.821s][info][gc             ] GC(149) Pause Young (Prepare Mixed) (G1 Evacuation Pause) 348M->113M(362M) 2.873ms
[2026-04-03T01:41:50.023+0600][51.821s][info][gc,cpu         ] GC(149) User=0.02s Sys=0.01s Real=0.00s
[2026-04-03T01:41:50.061+0600][51.859s][info][gc,start       ] GC(150) Pause Young (Mixed) (G1 Evacuation Pause)
[2026-04-03T01:41:50.061+0600][51.859s][info][gc,task        ] GC(150) Using 8 workers of 10 for evacuation
[2026-04-03T01:41:50.063+0600][51.861s][info][gc,phases      ] GC(150)   Pre Evacuate Collection Set: 0.22ms
[2026-04-03T01:41:50.063+0600][51.861s][info][gc,phases      ] GC(150)   Merge Heap Roots: 0.10ms
[2026-04-03T01:41:50.063+0600][51.861s][info][gc,phases      ] GC(150)   Evacuate Collection Set: 1.21ms
[2026-04-03T01:41:50.063+0600][51.861s][info][gc,phases      ] GC(150)   Post Evacuate Collection Set: 0.45ms
[2026-04-03T01:41:50.063+0600][51.861s][info][gc,phases      ] GC(150)   Other: 0.07ms
[2026-04-03T01:41:50.063+0600][51.861s][info][gc,heap        ] GC(150) Eden regions: 9->0(111)
[2026-04-03T01:41:50.063+0600][51.861s][info][gc,heap        ] GC(150) Survivor regions: 2->1(14)
[2026-04-03T01:41:50.063+0600][51.861s][info][gc,heap        ] GC(150) Old regions: 47->46
[2026-04-03T01:41:50.063+0600][51.861s][info][gc,heap        ] GC(150) Humongous regions: 127->3
[2026-04-03T01:41:50.063+0600][51.861s][info][gc,metaspace   ] GC(150) Metaspace: 131465K(132992K)->131465K(132992K) NonClass: 114874K(115648K)->114874K(115648K) Class: 16591K(17344K)->16591K(17344K)
[2026-04-03T01:41:50.063+0600][51.862s][info][gc             ] GC(150) Pause Young (Mixed) (G1 Evacuation Pause) 361M->93M(374M) 2.260ms
[2026-04-03T01:41:50.063+0600][51.862s][info][gc,cpu         ] GC(150) User=0.01s Sys=0.00s Real=0.00s
[2026-04-03T01:41:50.084+0600][51.882s][info][gc,start       ] GC(151) Pause Young (Concurrent Start) (G1 Humongous Allocation)
[2026-04-03T01:41:50.084+0600][51.882s][info][gc,task        ] GC(151) Using 8 workers of 10 for evacuation
[2026-04-03T01:41:50.086+0600][51.885s][info][gc,phases      ] GC(151)   Pre Evacuate Collection Set: 0.35ms
[2026-04-03T01:41:50.086+0600][51.885s][info][gc,phases      ] GC(151)   Merge Heap Roots: 0.09ms
[2026-04-03T01:41:50.086+0600][51.885s][info][gc,phases      ] GC(151)   Evacuate Collection Set: 1.54ms
[2026-04-03T01:41:50.086+0600][51.885s][info][gc,phases      ] GC(151)   Post Evacuate Collection Set: 0.51ms
[2026-04-03T01:41:50.086+0600][51.885s][info][gc,phases      ] GC(151)   Other: 0.15ms
[2026-04-03T01:41:50.086+0600][51.885s][info][gc,heap        ] GC(151) Eden regions: 11->0(110)
[2026-04-03T01:41:50.086+0600][51.885s][info][gc,heap        ] GC(151) Survivor regions: 1->2(14)
[2026-04-03T01:41:50.086+0600][51.885s][info][gc,heap        ] GC(151) Old regions: 46->46
[2026-04-03T01:41:50.086+0600][51.885s][info][gc,heap        ] GC(151) Humongous regions: 3->3
[2026-04-03T01:41:50.086+0600][51.885s][info][gc,metaspace   ] GC(151) Metaspace: 131465K(132992K)->131465K(132992K) NonClass: 114874K(115648K)->114874K(115648K) Class: 16591K(17344K)->16591K(17344K)
[2026-04-03T01:41:50.087+0600][51.885s][info][gc             ] GC(151) Pause Young (Concurrent Start) (G1 Humongous Allocation) 115M->95M(374M) 2.885ms
[2026-04-03T01:41:50.087+0600][51.885s][info][gc             ] GC(152) Concurrent Mark Cycle
[2026-04-03T01:41:50.087+0600][51.885s][info][gc,cpu         ] GC(151) User=0.01s Sys=0.00s Real=0.00s
[2026-04-03T01:41:50.087+0600][51.885s][info][gc,marking     ] GC(152) Concurrent Scan Root Regions
[2026-04-03T01:41:50.088+0600][51.886s][info][gc,marking     ] GC(152) Concurrent Scan Root Regions 1.698ms
[2026-04-03T01:41:50.088+0600][51.887s][info][gc,marking     ] GC(152) Concurrent Mark
[2026-04-03T01:41:50.088+0600][51.887s][info][gc,marking     ] GC(152) Concurrent Mark From Roots
[2026-04-03T01:41:50.088+0600][51.887s][info][gc,task        ] GC(152) Using 3 workers of 3 for marking
[2026-04-03T01:41:50.157+0600][51.955s][info][gc,start       ] GC(153) Pause Young (Normal) (G1 Evacuation Pause)
[2026-04-03T01:41:50.157+0600][51.955s][info][gc,task        ] GC(153) Using 9 workers of 10 for evacuation
[2026-04-03T01:41:50.163+0600][51.961s][info][gc,phases      ] GC(153)   Pre Evacuate Collection Set: 0.43ms
[2026-04-03T01:41:50.163+0600][51.961s][info][gc,phases      ] GC(153)   Merge Heap Roots: 0.21ms
[2026-04-03T01:41:50.163+0600][51.961s][info][gc,phases      ] GC(153)   Evacuate Collection Set: 3.15ms
[2026-04-03T01:41:50.163+0600][51.961s][info][gc,phases      ] GC(153)   Post Evacuate Collection Set: 2.06ms
[2026-04-03T01:41:50.163+0600][51.961s][info][gc,phases      ] GC(153)   Other: 0.09ms
[2026-04-03T01:41:50.163+0600][51.961s][info][gc,heap        ] GC(153) Eden regions: 14->0(305)
[2026-04-03T01:41:50.163+0600][51.961s][info][gc,heap        ] GC(153) Survivor regions: 2->3(14)
[2026-04-03T01:41:50.163+0600][51.961s][info][gc,heap        ] GC(153) Old regions: 46->46
[2026-04-03T01:41:50.163+0600][51.961s][info][gc,heap        ] GC(153) Humongous regions: 134->12
[2026-04-03T01:41:50.163+0600][51.961s][info][gc,metaspace   ] GC(153) Metaspace: 131467K(132992K)->131467K(132992K) NonClass: 114876K(115648K)->114876K(115648K) Class: 16591K(17344K)->16591K(17344K)
[2026-04-03T01:41:50.163+0600][51.961s][info][gc             ] GC(153) Pause Young (Normal) (G1 Evacuation Pause) 385M->114M(1028M) 6.229ms
[2026-04-03T01:41:50.163+0600][51.961s][info][gc,cpu         ] GC(153) User=0.01s Sys=0.01s Real=0.01s
[2026-04-03T01:41:50.185+0600][51.984s][info][gc,marking     ] GC(152) Concurrent Mark From Roots 97.022ms
[2026-04-03T01:41:50.185+0600][51.984s][info][gc,marking     ] GC(152) Concurrent Preclean
[2026-04-03T01:41:50.186+0600][51.984s][info][gc,marking     ] GC(152) Concurrent Preclean 0.668ms
[2026-04-03T01:41:50.187+0600][51.985s][info][gc,start       ] GC(152) Pause Remark
[2026-04-03T01:41:50.195+0600][51.993s][info][gc             ] GC(152) Pause Remark 274M->274M(914M) 8.313ms
[2026-04-03T01:41:50.195+0600][51.993s][info][gc,cpu         ] GC(152) User=0.06s Sys=0.01s Real=0.01s
[2026-04-03T01:41:50.195+0600][51.993s][info][gc,marking     ] GC(152) Concurrent Mark 106.828ms
[2026-04-03T01:41:50.195+0600][51.993s][info][gc,marking     ] GC(152) Concurrent Rebuild Remembered Sets and Scrub Regions
[2026-04-03T01:41:50.230+0600][52.028s][info][gc,marking     ] GC(152) Concurrent Rebuild Remembered Sets and Scrub Regions 34.311ms
[2026-04-03T01:41:50.230+0600][52.028s][info][gc,start       ] GC(152) Pause Cleanup
[2026-04-03T01:41:50.230+0600][52.028s][info][gc             ] GC(152) Pause Cleanup 314M->314M(914M) 0.288ms
[2026-04-03T01:41:50.230+0600][52.029s][info][gc,cpu         ] GC(152) User=0.00s Sys=0.00s Real=0.00s
[2026-04-03T01:41:50.231+0600][52.029s][info][gc,marking     ] GC(152) Concurrent Clear Claimed Marks
[2026-04-03T01:41:50.231+0600][52.029s][info][gc,marking     ] GC(152) Concurrent Clear Claimed Marks 0.417ms
[2026-04-03T01:41:50.231+0600][52.029s][info][gc,marking     ] GC(152) Concurrent Cleanup for Next Mark
[2026-04-03T01:41:50.237+0600][52.035s][info][gc,marking     ] GC(152) Concurrent Cleanup for Next Mark 5.692ms
[2026-04-03T01:41:50.237+0600][52.035s][info][gc             ] GC(152) Concurrent Mark Cycle 150.287ms
[2026-04-03T01:41:51.039+0600][52.837s][info][gc,start       ] GC(154) Pause Young (Prepare Mixed) (G1 Evacuation Pause)
[2026-04-03T01:41:51.039+0600][52.837s][info][gc,task        ] GC(154) Using 10 workers of 10 for evacuation
[2026-04-03T01:41:51.043+0600][52.841s][info][gc,phases      ] GC(154)   Pre Evacuate Collection Set: 0.39ms
[2026-04-03T01:41:51.043+0600][52.841s][info][gc,phases      ] GC(154)   Merge Heap Roots: 0.14ms
[2026-04-03T01:41:51.043+0600][52.841s][info][gc,phases      ] GC(154)   Evacuate Collection Set: 2.51ms
[2026-04-03T01:41:51.043+0600][52.841s][info][gc,phases      ] GC(154)   Post Evacuate Collection Set: 0.67ms
[2026-04-03T01:41:51.043+0600][52.841s][info][gc,phases      ] GC(154)   Other: 0.11ms
[2026-04-03T01:41:51.043+0600][52.841s][info][gc,heap        ] GC(154) Eden regions: 204->0(274)
[2026-04-03T01:41:51.043+0600][52.841s][info][gc,heap        ] GC(154) Survivor regions: 3->3(35)
[2026-04-03T01:41:51.043+0600][52.841s][info][gc,heap        ] GC(154) Old regions: 46->46
[2026-04-03T01:41:51.043+0600][52.841s][info][gc,heap        ] GC(154) Humongous regions: 207->3
[2026-04-03T01:41:51.043+0600][52.841s][info][gc,metaspace   ] GC(154) Metaspace: 131509K(132992K)->131509K(132992K) NonClass: 114916K(115648K)->114916K(115648K) Class: 16593K(17344K)->16593K(17344K)
[2026-04-03T01:41:51.043+0600][52.841s][info][gc             ] GC(154) Pause Young (Prepare Mixed) (G1 Evacuation Pause) 912M->96M(926M) 4.085ms
[2026-04-03T01:41:51.043+0600][52.842s][info][gc,cpu         ] GC(154) User=0.01s Sys=0.02s Real=0.01s
[2026-04-03T01:41:51.740+0600][53.538s][info][gc,start       ] GC(155) Pause Young (Mixed) (G1 Evacuation Pause)
[2026-04-03T01:41:51.740+0600][53.538s][info][gc,task        ] GC(155) Using 10 workers of 10 for evacuation
[2026-04-03T01:41:51.743+0600][53.542s][info][gc,phases      ] GC(155)   Pre Evacuate Collection Set: 0.38ms
[2026-04-03T01:41:51.744+0600][53.542s][info][gc,phases      ] GC(155)   Merge Heap Roots: 0.15ms
[2026-04-03T01:41:51.744+0600][53.542s][info][gc,phases      ] GC(155)   Evacuate Collection Set: 2.32ms
[2026-04-03T01:41:51.744+0600][53.542s][info][gc,phases      ] GC(155)   Post Evacuate Collection Set: 0.75ms
[2026-04-03T01:41:51.744+0600][53.542s][info][gc,phases      ] GC(155)   Other: 0.08ms
[2026-04-03T01:41:51.744+0600][53.542s][info][gc,heap        ] GC(155) Eden regions: 232->0(277)
[2026-04-03T01:41:51.744+0600][53.542s][info][gc,heap        ] GC(155) Survivor regions: 3->3(35)
[2026-04-03T01:41:51.744+0600][53.542s][info][gc,heap        ] GC(155) Old regions: 46->45
[2026-04-03T01:41:51.744+0600][53.542s][info][gc,heap        ] GC(155) Humongous regions: 182->3
[2026-04-03T01:41:51.744+0600][53.542s][info][gc,metaspace   ] GC(155) Metaspace: 131546K(133056K)->131546K(133056K) NonClass: 114953K(115712K)->114953K(115712K) Class: 16593K(17344K)->16593K(17344K)
[2026-04-03T01:41:51.744+0600][53.542s][info][gc             ] GC(155) Pause Young (Mixed) (G1 Evacuation Pause) 918M->96M(934M) 3.932ms
[2026-04-03T01:41:51.744+0600][53.542s][info][gc,cpu         ] GC(155) User=0.02s Sys=0.01s Real=0.01s
[2026-04-03T01:41:51.949+0600][53.748s][info][gc,start       ] GC(156) Pause Young (Concurrent Start) (G1 Humongous Allocation)
[2026-04-03T01:41:51.950+0600][53.748s][info][gc,task        ] GC(156) Using 10 workers of 10 for evacuation
[2026-04-03T01:41:51.952+0600][53.750s][info][gc,phases      ] GC(156)   Pre Evacuate Collection Set: 0.35ms
[2026-04-03T01:41:51.952+0600][53.750s][info][gc,phases      ] GC(156)   Merge Heap Roots: 0.12ms
[2026-04-03T01:41:51.952+0600][53.750s][info][gc,phases      ] GC(156)   Evacuate Collection Set: 1.23ms
[2026-04-03T01:41:51.952+0600][53.750s][info][gc,phases      ] GC(156)   Post Evacuate Collection Set: 0.44ms
[2026-04-03T01:41:51.952+0600][53.750s][info][gc,phases      ] GC(156)   Other: 0.10ms
[2026-04-03T01:41:51.952+0600][53.750s][info][gc,heap        ] GC(156) Eden regions: 56->0(278)
[2026-04-03T01:41:51.952+0600][53.750s][info][gc,heap        ] GC(156) Survivor regions: 3->2(35)
[2026-04-03T01:41:51.952+0600][53.750s][info][gc,heap        ] GC(156) Old regions: 45->45
[2026-04-03T01:41:51.952+0600][53.750s][info][gc,heap        ] GC(156) Humongous regions: 3->3
[2026-04-03T01:41:51.952+0600][53.750s][info][gc,metaspace   ] GC(156) Metaspace: 131551K(133056K)->131551K(133056K) NonClass: 114958K(115712K)->114958K(115712K) Class: 16593K(17344K)->16593K(17344K)
[2026-04-03T01:41:51.952+0600][53.750s][info][gc             ] GC(156) Pause Young (Concurrent Start) (G1 Humongous Allocation) 207M->95M(934M) 2.461ms
[2026-04-03T01:41:51.952+0600][53.750s][info][gc             ] GC(157) Concurrent Mark Cycle
[2026-04-03T01:41:51.952+0600][53.750s][info][gc,cpu         ] GC(156) User=0.01s Sys=0.00s Real=0.01s
[2026-04-03T01:41:51.952+0600][53.750s][info][gc,marking     ] GC(157) Concurrent Scan Root Regions
[2026-04-03T01:41:51.954+0600][53.752s][info][gc,marking     ] GC(157) Concurrent Scan Root Regions 2.122ms
[2026-04-03T01:41:51.954+0600][53.752s][info][gc,marking     ] GC(157) Concurrent Mark
[2026-04-03T01:41:51.954+0600][53.752s][info][gc,marking     ] GC(157) Concurrent Mark From Roots
[2026-04-03T01:41:51.954+0600][53.752s][info][gc,task        ] GC(157) Using 3 workers of 3 for marking
[2026-04-03T01:41:52.037+0600][53.836s][info][gc,marking     ] GC(157) Concurrent Mark From Roots 83.192ms
[2026-04-03T01:41:52.038+0600][53.836s][info][gc,marking     ] GC(157) Concurrent Preclean
[2026-04-03T01:41:52.038+0600][53.836s][info][gc,marking     ] GC(157) Concurrent Preclean 0.719ms
[2026-04-03T01:41:52.039+0600][53.837s][info][gc,start       ] GC(157) Pause Remark
[2026-04-03T01:41:52.047+0600][53.845s][info][gc             ] GC(157) Pause Remark 199M->199M(500M) 8.281ms
[2026-04-03T01:41:52.047+0600][53.845s][info][gc,cpu         ] GC(157) User=0.06s Sys=0.00s Real=0.01s
[2026-04-03T01:41:52.047+0600][53.845s][info][gc,marking     ] GC(157) Concurrent Mark 93.056ms
[2026-04-03T01:41:52.047+0600][53.845s][info][gc,marking     ] GC(157) Concurrent Rebuild Remembered Sets and Scrub Regions
[2026-04-03T01:41:52.084+0600][53.882s][info][gc,marking     ] GC(157) Concurrent Rebuild Remembered Sets and Scrub Regions 36.249ms
[2026-04-03T01:41:52.084+0600][53.882s][info][gc,start       ] GC(157) Pause Cleanup
[2026-04-03T01:41:52.084+0600][53.882s][info][gc             ] GC(157) Pause Cleanup 237M->237M(500M) 0.244ms
[2026-04-03T01:41:52.084+0600][53.882s][info][gc,cpu         ] GC(157) User=0.00s Sys=0.00s Real=0.00s
[2026-04-03T01:41:52.084+0600][53.883s][info][gc,marking     ] GC(157) Concurrent Clear Claimed Marks
[2026-04-03T01:41:52.085+0600][53.883s][info][gc,marking     ] GC(157) Concurrent Clear Claimed Marks 0.350ms
[2026-04-03T01:41:52.085+0600][53.883s][info][gc,marking     ] GC(157) Concurrent Cleanup for Next Mark
[2026-04-03T01:41:52.086+0600][53.884s][info][gc,marking     ] GC(157) Concurrent Cleanup for Next Mark 0.903ms
[2026-04-03T01:41:52.086+0600][53.884s][info][gc             ] GC(157) Concurrent Mark Cycle 133.741ms
[2026-04-03T01:41:52.266+0600][54.064s][info][gc,start       ] GC(158) Pause Young (Prepare Mixed) (G1 Evacuation Pause)
[2026-04-03T01:41:52.266+0600][54.064s][info][gc,task        ] GC(158) Using 10 workers of 10 for evacuation
[2026-04-03T01:41:52.271+0600][54.069s][info][gc,phases      ] GC(158)   Pre Evacuate Collection Set: 0.33ms
[2026-04-03T01:41:52.271+0600][54.070s][info][gc,phases      ] GC(158)   Merge Heap Roots: 0.21ms
[2026-04-03T01:41:52.271+0600][54.070s][info][gc,phases      ] GC(158)   Evacuate Collection Set: 3.75ms
[2026-04-03T01:41:52.271+0600][54.070s][info][gc,phases      ] GC(158)   Post Evacuate Collection Set: 0.66ms
[2026-04-03T01:41:52.271+0600][54.070s][info][gc,phases      ] GC(158)   Other: 0.10ms
[2026-04-03T01:41:52.271+0600][54.070s][info][gc,heap        ] GC(158) Eden regions: 108->0(149)
[2026-04-03T01:41:52.271+0600][54.070s][info][gc,heap        ] GC(158) Survivor regions: 2->3(19)
[2026-04-03T01:41:52.271+0600][54.070s][info][gc,heap        ] GC(158) Old regions: 45->45
[2026-04-03T01:41:52.271+0600][54.070s][info][gc,heap        ] GC(158) Humongous regions: 96->4
[2026-04-03T01:41:52.271+0600][54.070s][info][gc,metaspace   ] GC(158) Metaspace: 131551K(133056K)->131551K(133056K) NonClass: 114958K(115712K)->114958K(115712K) Class: 16593K(17344K)->16593K(17344K)
[2026-04-03T01:41:52.271+0600][54.070s][info][gc             ] GC(158) Pause Young (Prepare Mixed) (G1 Evacuation Pause) 497M->99M(508M) 5.346ms
[2026-04-03T01:41:52.272+0600][54.070s][info][gc,cpu         ] GC(158) User=0.03s Sys=0.00s Real=0.01s
[2026-04-03T01:41:52.556+0600][54.354s][info][gc,start       ] GC(159) Pause Young (Mixed) (G1 Evacuation Pause)
[2026-04-03T01:41:52.556+0600][54.354s][info][gc,task        ] GC(159) Using 10 workers of 10 for evacuation
[2026-04-03T01:41:52.562+0600][54.360s][info][gc,phases      ] GC(159)   Pre Evacuate Collection Set: 0.34ms
[2026-04-03T01:41:52.562+0600][54.360s][info][gc,phases      ] GC(159)   Merge Heap Roots: 0.20ms
[2026-04-03T01:41:52.562+0600][54.360s][info][gc,phases      ] GC(159)   Evacuate Collection Set: 4.77ms
[2026-04-03T01:41:52.562+0600][54.360s][info][gc,phases      ] GC(159)   Post Evacuate Collection Set: 0.67ms
[2026-04-03T01:41:52.562+0600][54.360s][info][gc,phases      ] GC(159)   Other: 0.13ms
[2026-04-03T01:41:52.562+0600][54.360s][info][gc,heap        ] GC(159) Eden regions: 112->0(152)
[2026-04-03T01:41:52.562+0600][54.360s][info][gc,heap        ] GC(159) Survivor regions: 3->4(19)
[2026-04-03T01:41:52.562+0600][54.360s][info][gc,heap        ] GC(159) Old regions: 45->45
[2026-04-03T01:41:52.562+0600][54.360s][info][gc,heap        ] GC(159) Humongous regions: 94->3
[2026-04-03T01:41:52.562+0600][54.360s][info][gc,metaspace   ] GC(159) Metaspace: 131552K(133056K)->131552K(133056K) NonClass: 114959K(115712K)->114959K(115712K) Class: 16593K(17344K)->16593K(17344K)
[2026-04-03T01:41:52.562+0600][54.360s][info][gc             ] GC(159) Pause Young (Mixed) (G1 Evacuation Pause) 503M->98M(520M) 6.413ms
[2026-04-03T01:41:52.562+0600][54.360s][info][gc,cpu         ] GC(159) User=0.05s Sys=0.01s Real=0.01s
[2026-04-03T01:41:52.563+0600][54.361s][info][gc,start       ] GC(160) Pause Young (Concurrent Start) (G1 Humongous Allocation)
[2026-04-03T01:41:52.563+0600][54.361s][info][gc,task        ] GC(160) Using 10 workers of 10 for evacuation
[2026-04-03T01:41:52.567+0600][54.365s][info][gc,phases      ] GC(160)   Pre Evacuate Collection Set: 0.30ms
[2026-04-03T01:41:52.567+0600][54.365s][info][gc,phases      ] GC(160)   Merge Heap Roots: 0.10ms
[2026-04-03T01:41:52.567+0600][54.365s][info][gc,phases      ] GC(160)   Evacuate Collection Set: 2.61ms
[2026-04-03T01:41:52.567+0600][54.365s][info][gc,phases      ] GC(160)   Post Evacuate Collection Set: 0.56ms
[2026-04-03T01:41:52.567+0600][54.365s][info][gc,phases      ] GC(160)   Other: 0.12ms
[2026-04-03T01:41:52.567+0600][54.365s][info][gc,heap        ] GC(160) Eden regions: 3->0(152)
[2026-04-03T01:41:52.567+0600][54.365s][info][gc,heap        ] GC(160) Survivor regions: 4->4(20)
[2026-04-03T01:41:52.567+0600][54.365s][info][gc,heap        ] GC(160) Old regions: 45->45
[2026-04-03T01:41:52.567+0600][54.365s][info][gc,heap        ] GC(160) Humongous regions: 3->3
[2026-04-03T01:41:52.567+0600][54.365s][info][gc,metaspace   ] GC(160) Metaspace: 131552K(133056K)->131552K(133056K) NonClass: 114959K(115712K)->114959K(115712K) Class: 16593K(17344K)->16593K(17344K)
[2026-04-03T01:41:52.567+0600][54.365s][info][gc             ] GC(160) Pause Young (Concurrent Start) (G1 Humongous Allocation) 102M->98M(520M) 3.999ms
[2026-04-03T01:41:52.567+0600][54.365s][info][gc             ] GC(161) Concurrent Mark Cycle
[2026-04-03T01:41:52.567+0600][54.365s][info][gc,marking     ] GC(161) Concurrent Scan Root Regions
[2026-04-03T01:41:52.567+0600][54.365s][info][gc,cpu         ] GC(160) User=0.03s Sys=0.00s Real=0.00s
[2026-04-03T01:41:52.569+0600][54.368s][info][gc,marking     ] GC(161) Concurrent Scan Root Regions 2.534ms
[2026-04-03T01:41:52.570+0600][54.368s][info][gc,marking     ] GC(161) Concurrent Mark
[2026-04-03T01:41:52.570+0600][54.368s][info][gc,marking     ] GC(161) Concurrent Mark From Roots
[2026-04-03T01:41:52.570+0600][54.368s][info][gc,task        ] GC(161) Using 3 workers of 3 for marking
[2026-04-03T01:41:52.667+0600][54.465s][info][gc,marking     ] GC(161) Concurrent Mark From Roots 97.101ms
[2026-04-03T01:41:52.667+0600][54.465s][info][gc,marking     ] GC(161) Concurrent Preclean
[2026-04-03T01:41:52.667+0600][54.466s][info][gc,marking     ] GC(161) Concurrent Preclean 0.612ms
[2026-04-03T01:41:52.668+0600][54.466s][info][gc,start       ] GC(161) Pause Remark
[2026-04-03T01:41:52.679+0600][54.477s][info][gc             ] GC(161) Pause Remark 182M->182M(468M) 10.936ms
[2026-04-03T01:41:52.679+0600][54.477s][info][gc,cpu         ] GC(161) User=0.07s Sys=0.00s Real=0.01s
[2026-04-03T01:41:52.680+0600][54.478s][info][gc,marking     ] GC(161) Concurrent Mark 109.967ms
[2026-04-03T01:41:52.680+0600][54.478s][info][gc,marking     ] GC(161) Concurrent Rebuild Remembered Sets and Scrub Regions
[2026-04-03T01:41:52.716+0600][54.514s][info][gc,marking     ] GC(161) Concurrent Rebuild Remembered Sets and Scrub Regions 36.700ms
[2026-04-03T01:41:52.717+0600][54.515s][info][gc,start       ] GC(161) Pause Cleanup
[2026-04-03T01:41:52.717+0600][54.515s][info][gc             ] GC(161) Pause Cleanup 218M->218M(468M) 0.287ms
[2026-04-03T01:41:52.717+0600][54.515s][info][gc,cpu         ] GC(161) User=0.00s Sys=0.00s Real=0.00s
[2026-04-03T01:41:52.717+0600][54.515s][info][gc,marking     ] GC(161) Concurrent Clear Claimed Marks
[2026-04-03T01:41:52.718+0600][54.516s][info][gc,marking     ] GC(161) Concurrent Clear Claimed Marks 0.393ms
[2026-04-03T01:41:52.718+0600][54.516s][info][gc,marking     ] GC(161) Concurrent Cleanup for Next Mark
[2026-04-03T01:41:52.719+0600][54.517s][info][gc,marking     ] GC(161) Concurrent Cleanup for Next Mark 0.888ms
[2026-04-03T01:41:52.719+0600][54.517s][info][gc             ] GC(161) Concurrent Mark Cycle 151.910ms
[2026-04-03T01:41:52.976+0600][54.774s][info][gc,start       ] GC(162) Pause Young (Prepare Mixed) (G1 Evacuation Pause)
[2026-04-03T01:41:52.976+0600][54.774s][info][gc,task        ] GC(162) Using 10 workers of 10 for evacuation
[2026-04-03T01:41:52.982+0600][54.780s][info][gc,phases      ] GC(162)   Pre Evacuate Collection Set: 0.57ms
[2026-04-03T01:41:52.982+0600][54.780s][info][gc,phases      ] GC(162)   Merge Heap Roots: 0.25ms
[2026-04-03T01:41:52.982+0600][54.780s][info][gc,phases      ] GC(162)   Evacuate Collection Set: 4.51ms
[2026-04-03T01:41:52.982+0600][54.780s][info][gc,phases      ] GC(162)   Post Evacuate Collection Set: 0.92ms
[2026-04-03T01:41:52.982+0600][54.780s][info][gc,phases      ] GC(162)   Other: 0.13ms
[2026-04-03T01:41:52.982+0600][54.780s][info][gc,heap        ] GC(162) Eden regions: 108->0(138)
[2026-04-03T01:41:52.982+0600][54.780s][info][gc,heap        ] GC(162) Survivor regions: 4->4(18)
[2026-04-03T01:41:52.982+0600][54.780s][info][gc,heap        ] GC(162) Old regions: 45->45
[2026-04-03T01:41:52.982+0600][54.780s][info][gc,heap        ] GC(162) Humongous regions: 77->3
[2026-04-03T01:41:52.982+0600][54.780s][info][gc,metaspace   ] GC(162) Metaspace: 131575K(133056K)->131575K(133056K) NonClass: 114981K(115712K)->114981K(115712K) Class: 16594K(17344K)->16594K(17344K)
[2026-04-03T01:41:52.982+0600][54.780s][info][gc             ] GC(162) Pause Young (Prepare Mixed) (G1 Evacuation Pause) 462M->99M(476M) 6.719ms
[2026-04-03T01:41:52.982+0600][54.780s][info][gc,cpu         ] GC(162) User=0.04s Sys=0.01s Real=0.01s
[2026-04-03T01:41:53.301+0600][55.099s][info][gc,start       ] GC(163) Pause Young (Mixed) (G1 Evacuation Pause)
[2026-04-03T01:41:53.301+0600][55.099s][info][gc,task        ] GC(163) Using 10 workers of 10 for evacuation
[2026-04-03T01:41:53.306+0600][55.105s][info][gc,phases      ] GC(163)   Pre Evacuate Collection Set: 0.31ms
[2026-04-03T01:41:53.306+0600][55.105s][info][gc,phases      ] GC(163)   Merge Heap Roots: 0.17ms
[2026-04-03T01:41:53.307+0600][55.105s][info][gc,phases      ] GC(163)   Evacuate Collection Set: 4.24ms
[2026-04-03T01:41:53.307+0600][55.105s][info][gc,phases      ] GC(163)   Post Evacuate Collection Set: 0.82ms
[2026-04-03T01:41:53.307+0600][55.105s][info][gc,phases      ] GC(163)   Other: 0.12ms
[2026-04-03T01:41:53.307+0600][55.105s][info][gc,heap        ] GC(163) Eden regions: 135->0(156)
[2026-04-03T01:41:53.307+0600][55.105s][info][gc,heap        ] GC(163) Survivor regions: 4->4(18)
[2026-04-03T01:41:53.307+0600][55.105s][info][gc,heap        ] GC(163) Old regions: 45->44
[2026-04-03T01:41:53.307+0600][55.105s][info][gc,heap        ] GC(163) Humongous regions: 78->12
[2026-04-03T01:41:53.307+0600][55.105s][info][gc,metaspace   ] GC(163) Metaspace: 131576K(133056K)->131576K(133056K) NonClass: 114982K(115712K)->114982K(115712K) Class: 16594K(17344K)->16594K(17344K)
[2026-04-03T01:41:53.307+0600][55.105s][info][gc             ] GC(163) Pause Young (Mixed) (G1 Evacuation Pause) 519M->116M(534M) 6.023ms
[2026-04-03T01:41:53.307+0600][55.105s][info][gc,cpu         ] GC(163) User=0.04s Sys=0.01s Real=0.00s
[2026-04-03T01:41:53.308+0600][55.106s][info][gc,start       ] GC(164) Pause Young (Concurrent Start) (G1 Humongous Allocation)
[2026-04-03T01:41:53.308+0600][55.106s][info][gc,task        ] GC(164) Using 10 workers of 10 for evacuation
[2026-04-03T01:41:53.311+0600][55.109s][info][gc,phases      ] GC(164)   Pre Evacuate Collection Set: 0.44ms
[2026-04-03T01:41:53.311+0600][55.109s][info][gc,phases      ] GC(164)   Merge Heap Roots: 0.08ms
[2026-04-03T01:41:53.311+0600][55.109s][info][gc,phases      ] GC(164)   Evacuate Collection Set: 2.06ms
[2026-04-03T01:41:53.311+0600][55.109s][info][gc,phases      ] GC(164)   Post Evacuate Collection Set: 0.46ms
[2026-04-03T01:41:53.311+0600][55.109s][info][gc,phases      ] GC(164)   Other: 0.21ms
[2026-04-03T01:41:53.311+0600][55.109s][info][gc,heap        ] GC(164) Eden regions: 2->0(156)
[2026-04-03T01:41:53.311+0600][55.109s][info][gc,heap        ] GC(164) Survivor regions: 4->4(20)
[2026-04-03T01:41:53.311+0600][55.109s][info][gc,heap        ] GC(164) Old regions: 44->44
[2026-04-03T01:41:53.311+0600][55.109s][info][gc,heap        ] GC(164) Humongous regions: 12->3
[2026-04-03T01:41:53.311+0600][55.109s][info][gc,metaspace   ] GC(164) Metaspace: 131576K(133056K)->131576K(133056K) NonClass: 114982K(115712K)->114982K(115712K) Class: 16594K(17344K)->16594K(17344K)
[2026-04-03T01:41:53.311+0600][55.109s][info][gc             ] GC(164) Pause Young (Concurrent Start) (G1 Humongous Allocation) 119M->98M(534M) 3.545ms
[2026-04-03T01:41:53.311+0600][55.109s][info][gc             ] GC(165) Concurrent Mark Cycle
[2026-04-03T01:41:53.311+0600][55.109s][info][gc,marking     ] GC(165) Concurrent Scan Root Regions
[2026-04-03T01:41:53.311+0600][55.109s][info][gc,cpu         ] GC(164) User=0.03s Sys=0.00s Real=0.01s
[2026-04-03T01:41:53.314+0600][55.113s][info][gc,marking     ] GC(165) Concurrent Scan Root Regions 3.243ms
[2026-04-03T01:41:53.315+0600][55.113s][info][gc,marking     ] GC(165) Concurrent Mark
[2026-04-03T01:41:53.315+0600][55.113s][info][gc,marking     ] GC(165) Concurrent Mark From Roots
[2026-04-03T01:41:53.315+0600][55.113s][info][gc,task        ] GC(165) Using 3 workers of 3 for marking
[2026-04-03T01:41:53.409+0600][55.207s][info][gc,marking     ] GC(165) Concurrent Mark From Roots 94.497ms
[2026-04-03T01:41:53.409+0600][55.207s][info][gc,marking     ] GC(165) Concurrent Preclean
[2026-04-03T01:41:53.410+0600][55.208s][info][gc,marking     ] GC(165) Concurrent Preclean 0.429ms
[2026-04-03T01:41:53.410+0600][55.208s][info][gc,start       ] GC(165) Pause Remark
[2026-04-03T01:41:53.418+0600][55.216s][info][gc             ] GC(165) Pause Remark 516M->516M(770M) 8.120ms
[2026-04-03T01:41:53.418+0600][55.216s][info][gc,cpu         ] GC(165) User=0.05s Sys=0.00s Real=0.00s
[2026-04-03T01:41:53.418+0600][55.217s][info][gc,marking     ] GC(165) Concurrent Mark 103.839ms
[2026-04-03T01:41:53.418+0600][55.217s][info][gc,marking     ] GC(165) Concurrent Rebuild Remembered Sets and Scrub Regions
[2026-04-03T01:41:53.444+0600][55.242s][info][gc,marking     ] GC(165) Concurrent Rebuild Remembered Sets and Scrub Regions 25.177ms
[2026-04-03T01:41:53.444+0600][55.242s][info][gc,start       ] GC(165) Pause Cleanup
[2026-04-03T01:41:53.444+0600][55.243s][info][gc             ] GC(165) Pause Cleanup 526M->526M(770M) 0.322ms
[2026-04-03T01:41:53.444+0600][55.243s][info][gc,cpu         ] GC(165) User=0.00s Sys=0.00s Real=0.00s
[2026-04-03T01:41:53.445+0600][55.243s][info][gc,marking     ] GC(165) Concurrent Clear Claimed Marks
[2026-04-03T01:41:53.445+0600][55.243s][info][gc,marking     ] GC(165) Concurrent Clear Claimed Marks 0.296ms
[2026-04-03T01:41:53.445+0600][55.243s][info][gc,marking     ] GC(165) Concurrent Cleanup for Next Mark
[2026-04-03T01:41:53.447+0600][55.245s][info][gc,marking     ] GC(165) Concurrent Cleanup for Next Mark 2.158ms
[2026-04-03T01:41:53.447+0600][55.245s][info][gc             ] GC(165) Concurrent Mark Cycle 136.131ms
[2026-04-03T01:41:53.507+0600][55.305s][info][gc,start       ] GC(166) Pause Young (Prepare Mixed) (G1 Evacuation Pause)
[2026-04-03T01:41:53.507+0600][55.305s][info][gc,task        ] GC(166) Using 10 workers of 10 for evacuation
[2026-04-03T01:41:53.511+0600][55.310s][info][gc,phases      ] GC(166)   Pre Evacuate Collection Set: 0.34ms
[2026-04-03T01:41:53.511+0600][55.310s][info][gc,phases      ] GC(166)   Merge Heap Roots: 0.18ms
[2026-04-03T01:41:53.511+0600][55.310s][info][gc,phases      ] GC(166)   Evacuate Collection Set: 2.81ms
[2026-04-03T01:41:53.512+0600][55.310s][info][gc,phases      ] GC(166)   Post Evacuate Collection Set: 0.84ms
[2026-04-03T01:41:53.512+0600][55.310s][info][gc,phases      ] GC(166)   Other: 0.09ms
[2026-04-03T01:41:53.512+0600][55.310s][info][gc,heap        ] GC(166) Eden regions: 40->0(267)
[2026-04-03T01:41:53.512+0600][55.310s][info][gc,heap        ] GC(166) Survivor regions: 4->3(23)
[2026-04-03T01:41:53.512+0600][55.310s][info][gc,heap        ] GC(166) Old regions: 44->44
[2026-04-03T01:41:53.512+0600][55.310s][info][gc,heap        ] GC(166) Humongous regions: 360->6
[2026-04-03T01:41:53.512+0600][55.310s][info][gc,metaspace   ] GC(166) Metaspace: 131591K(133056K)->131591K(133056K) NonClass: 114996K(115712K)->114996K(115712K) Class: 16594K(17344K)->16594K(17344K)
[2026-04-03T01:41:53.512+0600][55.310s][info][gc             ] GC(166) Pause Young (Prepare Mixed) (G1 Evacuation Pause) 892M->103M(902M) 4.544ms
[2026-04-03T01:41:53.512+0600][55.310s][info][gc,cpu         ] GC(166) User=0.02s Sys=0.01s Real=0.01s
[2026-04-03T01:41:54.267+0600][56.065s][info][gc,start       ] GC(167) Pause Young (Mixed) (GCLocker Initiated GC)
[2026-04-03T01:41:54.267+0600][56.065s][info][gc,task        ] GC(167) Using 10 workers of 10 for evacuation
[2026-04-03T01:41:54.275+0600][56.073s][info][gc,phases      ] GC(167)   Pre Evacuate Collection Set: 0.45ms
[2026-04-03T01:41:54.275+0600][56.073s][info][gc,phases      ] GC(167)   Merge Heap Roots: 0.26ms
[2026-04-03T01:41:54.275+0600][56.073s][info][gc,phases      ] GC(167)   Evacuate Collection Set: 5.60ms
[2026-04-03T01:41:54.275+0600][56.073s][info][gc,phases      ] GC(167)   Post Evacuate Collection Set: 1.72ms
[2026-04-03T01:41:54.275+0600][56.073s][info][gc,phases      ] GC(167)   Other: 0.13ms
[2026-04-03T01:41:54.275+0600][56.073s][info][gc,heap        ] GC(167) Eden regions: 235->0(307)
[2026-04-03T01:41:54.275+0600][56.073s][info][gc,heap        ] GC(167) Survivor regions: 3->5(34)
[2026-04-03T01:41:54.275+0600][56.073s][info][gc,heap        ] GC(167) Old regions: 44->44
[2026-04-03T01:41:54.275+0600][56.073s][info][gc,heap        ] GC(167) Humongous regions: 172->3
[2026-04-03T01:41:54.275+0600][56.073s][info][gc,metaspace   ] GC(167) Metaspace: 131615K(133120K)->131615K(133120K) NonClass: 115021K(115776K)->115021K(115776K) Class: 16594K(17344K)->16594K(17344K)
[2026-04-03T01:41:54.275+0600][56.073s][info][gc             ] GC(167) Pause Young (Mixed) (GCLocker Initiated GC) 905M->99M(1042M) 8.496ms
[2026-04-03T01:41:54.275+0600][56.073s][info][gc,cpu         ] GC(167) User=0.04s Sys=0.02s Real=0.01s
[2026-04-03T01:41:54.279+0600][56.078s][info][gc,start       ] GC(168) Pause Young (Concurrent Start) (G1 Humongous Allocation)
[2026-04-03T01:41:54.280+0600][56.078s][info][gc,task        ] GC(168) Using 10 workers of 10 for evacuation
[2026-04-03T01:41:54.283+0600][56.082s][info][gc,phases      ] GC(168)   Pre Evacuate Collection Set: 0.33ms
[2026-04-03T01:41:54.284+0600][56.082s][info][gc,phases      ] GC(168)   Merge Heap Roots: 0.13ms
[2026-04-03T01:41:54.284+0600][56.082s][info][gc,phases      ] GC(168)   Evacuate Collection Set: 2.62ms
[2026-04-03T01:41:54.284+0600][56.082s][info][gc,phases      ] GC(168)   Post Evacuate Collection Set: 0.65ms
[2026-04-03T01:41:54.284+0600][56.082s][info][gc,phases      ] GC(168)   Other: 0.13ms
[2026-04-03T01:41:54.284+0600][56.082s][info][gc,heap        ] GC(168) Eden regions: 6->0(308)
[2026-04-03T01:41:54.284+0600][56.082s][info][gc,heap        ] GC(168) Survivor regions: 5->4(39)
[2026-04-03T01:41:54.284+0600][56.082s][info][gc,heap        ] GC(168) Old regions: 44->44
[2026-04-03T01:41:54.284+0600][56.082s][info][gc,heap        ] GC(168) Humongous regions: 3->3
[2026-04-03T01:41:54.284+0600][56.082s][info][gc,metaspace   ] GC(168) Metaspace: 131615K(133120K)->131615K(133120K) NonClass: 115021K(115776K)->115021K(115776K) Class: 16594K(17344K)->16594K(17344K)
[2026-04-03T01:41:54.284+0600][56.082s][info][gc             ] GC(168) Pause Young (Concurrent Start) (G1 Humongous Allocation) 109M->98M(1042M) 4.260ms
[2026-04-03T01:41:54.284+0600][56.082s][info][gc             ] GC(169) Concurrent Mark Cycle
[2026-04-03T01:41:54.284+0600][56.082s][info][gc,marking     ] GC(169) Concurrent Scan Root Regions
[2026-04-03T01:41:54.284+0600][56.082s][info][gc,cpu         ] GC(168) User=0.04s Sys=0.00s Real=0.01s
[2026-04-03T01:41:54.287+0600][56.086s][info][gc,marking     ] GC(169) Concurrent Scan Root Regions 3.580ms
[2026-04-03T01:41:54.288+0600][56.086s][info][gc,marking     ] GC(169) Concurrent Mark
[2026-04-03T01:41:54.288+0600][56.086s][info][gc,marking     ] GC(169) Concurrent Mark From Roots
[2026-04-03T01:41:54.288+0600][56.086s][info][gc,task        ] GC(169) Using 3 workers of 3 for marking
[2026-04-03T01:41:54.400+0600][56.198s][info][gc,marking     ] GC(169) Concurrent Mark From Roots 112.513ms
[2026-04-03T01:41:54.400+0600][56.198s][info][gc,marking     ] GC(169) Concurrent Preclean
[2026-04-03T01:41:54.401+0600][56.199s][info][gc,marking     ] GC(169) Concurrent Preclean 0.755ms
[2026-04-03T01:41:54.401+0600][56.200s][info][gc,start       ] GC(169) Pause Remark
[2026-04-03T01:41:54.411+0600][56.209s][info][gc             ] GC(169) Pause Remark 218M->218M(540M) 9.211ms
[2026-04-03T01:41:54.411+0600][56.209s][info][gc,cpu         ] GC(169) User=0.06s Sys=0.00s Real=0.01s
[2026-04-03T01:41:54.411+0600][56.209s][info][gc,marking     ] GC(169) Concurrent Mark 123.450ms
[2026-04-03T01:41:54.411+0600][56.209s][info][gc,marking     ] GC(169) Concurrent Rebuild Remembered Sets and Scrub Regions
[2026-04-03T01:41:54.449+0600][56.247s][info][gc,marking     ] GC(169) Concurrent Rebuild Remembered Sets and Scrub Regions 37.897ms
[2026-04-03T01:41:54.449+0600][56.248s][info][gc,start       ] GC(169) Pause Cleanup
[2026-04-03T01:41:54.450+0600][56.248s][info][gc             ] GC(169) Pause Cleanup 252M->252M(540M) 0.357ms
[2026-04-03T01:41:54.450+0600][56.248s][info][gc,cpu         ] GC(169) User=0.00s Sys=0.00s Real=0.01s
[2026-04-03T01:41:54.450+0600][56.248s][info][gc,marking     ] GC(169) Concurrent Clear Claimed Marks
[2026-04-03T01:41:54.450+0600][56.249s][info][gc,marking     ] GC(169) Concurrent Clear Claimed Marks 0.432ms
[2026-04-03T01:41:54.450+0600][56.249s][info][gc,marking     ] GC(169) Concurrent Cleanup for Next Mark
[2026-04-03T01:41:54.452+0600][56.250s][info][gc,marking     ] GC(169) Concurrent Cleanup for Next Mark 1.330ms
[2026-04-03T01:41:54.452+0600][56.250s][info][gc             ] GC(169) Concurrent Mark Cycle 168.146ms
[2026-04-03T01:41:54.663+0600][56.461s][info][gc,start       ] GC(170) Pause Young (Prepare Mixed) (GCLocker Initiated GC)
[2026-04-03T01:41:54.663+0600][56.461s][info][gc,task        ] GC(170) Using 10 workers of 10 for evacuation
[2026-04-03T01:41:54.670+0600][56.468s][info][gc,phases      ] GC(170)   Pre Evacuate Collection Set: 0.56ms
[2026-04-03T01:41:54.670+0600][56.468s][info][gc,phases      ] GC(170)   Merge Heap Roots: 0.47ms
[2026-04-03T01:41:54.670+0600][56.468s][info][gc,phases      ] GC(170)   Evacuate Collection Set: 5.16ms
[2026-04-03T01:41:54.670+0600][56.468s][info][gc,phases      ] GC(170)   Post Evacuate Collection Set: 0.69ms
[2026-04-03T01:41:54.670+0600][56.468s][info][gc,phases      ] GC(170)   Other: 0.15ms
[2026-04-03T01:41:54.670+0600][56.468s][info][gc,heap        ] GC(170) Eden regions: 123->0(160)
[2026-04-03T01:41:54.670+0600][56.468s][info][gc,heap        ] GC(170) Survivor regions: 4->5(21)
[2026-04-03T01:41:54.670+0600][56.468s][info][gc,heap        ] GC(170) Old regions: 44->45
[2026-04-03T01:41:54.670+0600][56.468s][info][gc,heap        ] GC(170) Humongous regions: 99->3
[2026-04-03T01:41:54.670+0600][56.468s][info][gc,metaspace   ] GC(170) Metaspace: 131649K(133120K)->131649K(133120K) NonClass: 115055K(115776K)->115055K(115776K) Class: 16594K(17344K)->16594K(17344K)
[2026-04-03T01:41:54.670+0600][56.468s][info][gc             ] GC(170) Pause Young (Prepare Mixed) (GCLocker Initiated GC) 536M->101M(552M) 7.391ms
[2026-04-03T01:41:54.670+0600][56.468s][info][gc,cpu         ] GC(170) User=0.05s Sys=0.01s Real=0.01s
[2026-04-03T01:41:55.158+0600][56.957s][info][gc,start       ] GC(171) Pause Young (Mixed) (GCLocker Initiated GC)
[2026-04-03T01:41:55.158+0600][56.957s][info][gc,task        ] GC(171) Using 10 workers of 10 for evacuation
[2026-04-03T01:41:55.165+0600][56.963s][info][gc,phases      ] GC(171)   Pre Evacuate Collection Set: 0.38ms
[2026-04-03T01:41:55.165+0600][56.963s][info][gc,phases      ] GC(171)   Merge Heap Roots: 0.27ms
[2026-04-03T01:41:55.165+0600][56.963s][info][gc,phases      ] GC(171)   Evacuate Collection Set: 4.48ms
[2026-04-03T01:41:55.165+0600][56.963s][info][gc,phases      ] GC(171)   Post Evacuate Collection Set: 0.85ms
[2026-04-03T01:41:55.165+0600][56.963s][info][gc,phases      ] GC(171)   Other: 0.12ms
[2026-04-03T01:41:55.165+0600][56.963s][info][gc,heap        ] GC(171) Eden regions: 150->0(163)
[2026-04-03T01:41:55.165+0600][56.963s][info][gc,heap        ] GC(171) Survivor regions: 5->5(21)
[2026-04-03T01:41:55.165+0600][56.963s][info][gc,heap        ] GC(171) Old regions: 45->44
[2026-04-03T01:41:55.165+0600][56.963s][info][gc,heap        ] GC(171) Humongous regions: 76->3
[2026-04-03T01:41:55.165+0600][56.963s][info][gc,metaspace   ] GC(171) Metaspace: 131670K(133184K)->131670K(133184K) NonClass: 115073K(115840K)->115073K(115840K) Class: 16597K(17344K)->16597K(17344K)
[2026-04-03T01:41:55.165+0600][56.963s][info][gc             ] GC(171) Pause Young (Mixed) (GCLocker Initiated GC) 547M->99M(562M) 6.402ms
[2026-04-03T01:41:55.165+0600][56.963s][info][gc,cpu         ] GC(171) User=0.03s Sys=0.01s Real=0.01s
[2026-04-03T01:41:55.166+0600][56.964s][info][gc,start       ] GC(172) Pause Young (Concurrent Start) (G1 Humongous Allocation)
[2026-04-03T01:41:55.166+0600][56.965s][info][gc,task        ] GC(172) Using 10 workers of 10 for evacuation
[2026-04-03T01:41:55.170+0600][56.968s][info][gc,phases      ] GC(172)   Pre Evacuate Collection Set: 0.29ms
[2026-04-03T01:41:55.170+0600][56.968s][info][gc,phases      ] GC(172)   Merge Heap Roots: 0.09ms
[2026-04-03T01:41:55.170+0600][56.968s][info][gc,phases      ] GC(172)   Evacuate Collection Set: 2.53ms
[2026-04-03T01:41:55.170+0600][56.968s][info][gc,phases      ] GC(172)   Post Evacuate Collection Set: 0.55ms
[2026-04-03T01:41:55.170+0600][56.968s][info][gc,phases      ] GC(172)   Other: 0.10ms
[2026-04-03T01:41:55.170+0600][56.968s][info][gc,heap        ] GC(172) Eden regions: 3->0(164)
[2026-04-03T01:41:55.170+0600][56.968s][info][gc,heap        ] GC(172) Survivor regions: 5->4(21)
[2026-04-03T01:41:55.170+0600][56.968s][info][gc,heap        ] GC(172) Old regions: 44->44
[2026-04-03T01:41:55.170+0600][56.968s][info][gc,heap        ] GC(172) Humongous regions: 3->3
[2026-04-03T01:41:55.170+0600][56.968s][info][gc,metaspace   ] GC(172) Metaspace: 131670K(133184K)->131670K(133184K) NonClass: 115073K(115840K)->115073K(115840K) Class: 16597K(17344K)->16597K(17344K)
[2026-04-03T01:41:55.170+0600][56.968s][info][gc             ] GC(172) Pause Young (Concurrent Start) (G1 Humongous Allocation) 105M->98M(562M) 3.811ms
[2026-04-03T01:41:55.170+0600][56.968s][info][gc             ] GC(173) Concurrent Mark Cycle
[2026-04-03T01:41:55.170+0600][56.968s][info][gc,cpu         ] GC(172) User=0.02s Sys=0.01s Real=0.01s
[2026-04-03T01:41:55.170+0600][56.968s][info][gc,marking     ] GC(173) Concurrent Scan Root Regions
[2026-04-03T01:41:55.173+0600][56.971s][info][gc,marking     ] GC(173) Concurrent Scan Root Regions 2.776ms
[2026-04-03T01:41:55.173+0600][56.971s][info][gc,marking     ] GC(173) Concurrent Mark
[2026-04-03T01:41:55.173+0600][56.971s][info][gc,marking     ] GC(173) Concurrent Mark From Roots
[2026-04-03T01:41:55.173+0600][56.971s][info][gc,task        ] GC(173) Using 3 workers of 3 for marking
[2026-04-03T01:41:55.279+0600][57.078s][info][gc,marking     ] GC(173) Concurrent Mark From Roots 106.228ms
[2026-04-03T01:41:55.279+0600][57.078s][info][gc,marking     ] GC(173) Concurrent Preclean
[2026-04-03T01:41:55.280+0600][57.078s][info][gc,marking     ] GC(173) Concurrent Preclean 0.596ms
[2026-04-03T01:41:55.280+0600][57.079s][info][gc,start       ] GC(173) Pause Remark
[2026-04-03T01:41:55.290+0600][57.088s][info][gc             ] GC(173) Pause Remark 228M->228M(554M) 9.175ms
[2026-04-03T01:41:55.290+0600][57.088s][info][gc,cpu         ] GC(173) User=0.07s Sys=0.00s Real=0.01s
[2026-04-03T01:41:55.290+0600][57.088s][info][gc,marking     ] GC(173) Concurrent Mark 116.986ms
[2026-04-03T01:41:55.290+0600][57.088s][info][gc,marking     ] GC(173) Concurrent Rebuild Remembered Sets and Scrub Regions
[2026-04-03T01:41:55.329+0600][57.127s][info][gc,marking     ] GC(173) Concurrent Rebuild Remembered Sets and Scrub Regions 38.493ms
[2026-04-03T01:41:55.329+0600][57.127s][info][gc,start       ] GC(173) Pause Cleanup
[2026-04-03T01:41:55.329+0600][57.128s][info][gc             ] GC(173) Pause Cleanup 259M->259M(554M) 0.329ms
[2026-04-03T01:41:55.330+0600][57.128s][info][gc,cpu         ] GC(173) User=0.00s Sys=0.00s Real=0.00s
[2026-04-03T01:41:55.330+0600][57.128s][info][gc,marking     ] GC(173) Concurrent Clear Claimed Marks
[2026-04-03T01:41:55.330+0600][57.128s][info][gc,marking     ] GC(173) Concurrent Clear Claimed Marks 0.359ms
[2026-04-03T01:41:55.330+0600][57.128s][info][gc,marking     ] GC(173) Concurrent Cleanup for Next Mark
[2026-04-03T01:41:55.331+0600][57.130s][info][gc,marking     ] GC(173) Concurrent Cleanup for Next Mark 1.215ms
[2026-04-03T01:41:55.331+0600][57.130s][info][gc             ] GC(173) Concurrent Mark Cycle 161.300ms
[2026-04-03T01:41:55.535+0600][57.333s][info][gc,start       ] GC(174) Pause Young (Prepare Mixed) (G1 Evacuation Pause)
[2026-04-03T01:41:55.535+0600][57.333s][info][gc,task        ] GC(174) Using 10 workers of 10 for evacuation
[2026-04-03T01:41:55.539+0600][57.338s][info][gc,phases      ] GC(174)   Pre Evacuate Collection Set: 0.24ms
[2026-04-03T01:41:55.539+0600][57.338s][info][gc,phases      ] GC(174)   Merge Heap Roots: 0.14ms
[2026-04-03T01:41:55.539+0600][57.338s][info][gc,phases      ] GC(174)   Evacuate Collection Set: 3.30ms
[2026-04-03T01:41:55.539+0600][57.338s][info][gc,phases      ] GC(174)   Post Evacuate Collection Set: 0.59ms
[2026-04-03T01:41:55.539+0600][57.338s][info][gc,phases      ] GC(174)   Other: 0.08ms
[2026-04-03T01:41:55.540+0600][57.338s][info][gc,heap        ] GC(174) Eden regions: 120->0(167)
[2026-04-03T01:41:55.540+0600][57.338s][info][gc,heap        ] GC(174) Survivor regions: 4->4(21)
[2026-04-03T01:41:55.540+0600][57.338s][info][gc,heap        ] GC(174) Old regions: 44->45
[2026-04-03T01:41:55.540+0600][57.338s][info][gc,heap        ] GC(174) Humongous regions: 112->3
[2026-04-03T01:41:55.540+0600][57.338s][info][gc,metaspace   ] GC(174) Metaspace: 131673K(133184K)->131673K(133184K) NonClass: 115076K(115840K)->115076K(115840K) Class: 16597K(17344K)->16597K(17344K)
[2026-04-03T01:41:55.540+0600][57.338s][info][gc             ] GC(174) Pause Young (Prepare Mixed) (G1 Evacuation Pause) 556M->98M(570M) 4.608ms
[2026-04-03T01:41:55.540+0600][57.338s][info][gc,cpu         ] GC(174) User=0.03s Sys=0.00s Real=0.00s
[2026-04-03T01:41:55.871+0600][57.669s][info][gc,start       ] GC(175) Pause Young (Mixed) (GCLocker Initiated GC)
[2026-04-03T01:41:55.871+0600][57.669s][info][gc,task        ] GC(175) Using 10 workers of 10 for evacuation
[2026-04-03T01:41:55.877+0600][57.675s][info][gc,phases      ] GC(175)   Pre Evacuate Collection Set: 0.34ms
[2026-04-03T01:41:55.877+0600][57.676s][info][gc,phases      ] GC(175)   Merge Heap Roots: 0.26ms
[2026-04-03T01:41:55.877+0600][57.676s][info][gc,phases      ] GC(175)   Evacuate Collection Set: 4.86ms
[2026-04-03T01:41:55.877+0600][57.676s][info][gc,phases      ] GC(175)   Post Evacuate Collection Set: 0.78ms
[2026-04-03T01:41:55.877+0600][57.676s][info][gc,phases      ] GC(175)   Other: 0.14ms
[2026-04-03T01:41:55.877+0600][57.676s][info][gc,heap        ] GC(175) Eden regions: 134->0(169)
[2026-04-03T01:41:55.877+0600][57.676s][info][gc,heap        ] GC(175) Survivor regions: 4->4(22)
[2026-04-03T01:41:55.877+0600][57.676s][info][gc,heap        ] GC(175) Old regions: 45->44
[2026-04-03T01:41:55.877+0600][57.676s][info][gc,heap        ] GC(175) Humongous regions: 102->3
[2026-04-03T01:41:55.877+0600][57.676s][info][gc,metaspace   ] GC(175) Metaspace: 131674K(133184K)->131674K(133184K) NonClass: 115076K(115840K)->115076K(115840K) Class: 16597K(17344K)->16597K(17344K)
[2026-04-03T01:41:55.878+0600][57.676s][info][gc             ] GC(175) Pause Young (Mixed) (GCLocker Initiated GC) 564M->99M(578M) 6.716ms
[2026-04-03T01:41:55.878+0600][57.676s][info][gc,cpu         ] GC(175) User=0.04s Sys=0.01s Real=0.00s
[2026-04-03T01:41:55.919+0600][57.717s][info][gc,start       ] GC(176) Pause Young (Concurrent Start) (G1 Humongous Allocation)
[2026-04-03T01:41:55.919+0600][57.717s][info][gc,task        ] GC(176) Using 10 workers of 10 for evacuation
[2026-04-03T01:41:55.925+0600][57.723s][info][gc,phases      ] GC(176)   Pre Evacuate Collection Set: 0.58ms
[2026-04-03T01:41:55.925+0600][57.723s][info][gc,phases      ] GC(176)   Merge Heap Roots: 0.20ms
[2026-04-03T01:41:55.925+0600][57.723s][info][gc,phases      ] GC(176)   Evacuate Collection Set: 4.05ms
[2026-04-03T01:41:55.925+0600][57.723s][info][gc,phases      ] GC(176)   Post Evacuate Collection Set: 0.62ms
[2026-04-03T01:41:55.925+0600][57.723s][info][gc,phases      ] GC(176)   Other: 0.25ms
[2026-04-03T01:41:55.925+0600][57.723s][info][gc,heap        ] GC(176) Eden regions: 15->0(169)
[2026-04-03T01:41:55.925+0600][57.723s][info][gc,heap        ] GC(176) Survivor regions: 4->4(22)
[2026-04-03T01:41:55.925+0600][57.723s][info][gc,heap        ] GC(176) Old regions: 44->44
[2026-04-03T01:41:55.925+0600][57.723s][info][gc,heap        ] GC(176) Humongous regions: 3->3
[2026-04-03T01:41:55.925+0600][57.723s][info][gc,metaspace   ] GC(176) Metaspace: 131674K(133184K)->131674K(133184K) NonClass: 115076K(115840K)->115076K(115840K) Class: 16597K(17344K)->16597K(17344K)
[2026-04-03T01:41:55.925+0600][57.723s][info][gc             ] GC(176) Pause Young (Concurrent Start) (G1 Humongous Allocation) 129M->98M(578M) 6.134ms
[2026-04-03T01:41:55.925+0600][57.723s][info][gc             ] GC(177) Concurrent Mark Cycle
[2026-04-03T01:41:55.925+0600][57.723s][info][gc,marking     ] GC(177) Concurrent Scan Root Regions
[2026-04-03T01:41:55.925+0600][57.723s][info][gc,cpu         ] GC(176) User=0.04s Sys=0.00s Real=0.01s
[2026-04-03T01:41:55.928+0600][57.727s][info][gc,marking     ] GC(177) Concurrent Scan Root Regions 3.476ms
[2026-04-03T01:41:55.928+0600][57.727s][info][gc,marking     ] GC(177) Concurrent Mark
[2026-04-03T01:41:55.928+0600][57.727s][info][gc,marking     ] GC(177) Concurrent Mark From Roots
[2026-04-03T01:41:55.928+0600][57.727s][info][gc,task        ] GC(177) Using 3 workers of 3 for marking
[2026-04-03T01:41:56.015+0600][57.814s][info][gc,marking     ] GC(177) Concurrent Mark From Roots 86.893ms
[2026-04-03T01:41:56.015+0600][57.814s][info][gc,marking     ] GC(177) Concurrent Preclean
[2026-04-03T01:41:56.016+0600][57.814s][info][gc,marking     ] GC(177) Concurrent Preclean 0.434ms
[2026-04-03T01:41:56.016+0600][57.814s][info][gc,start       ] GC(177) Pause Remark
[2026-04-03T01:41:56.023+0600][57.821s][info][gc             ] GC(177) Pause Remark 166M->166M(448M) 6.943ms
[2026-04-03T01:41:56.023+0600][57.821s][info][gc,cpu         ] GC(177) User=0.05s Sys=0.00s Real=0.01s
[2026-04-03T01:41:56.023+0600][57.821s][info][gc,marking     ] GC(177) Concurrent Mark 94.840ms
[2026-04-03T01:41:56.023+0600][57.821s][info][gc,marking     ] GC(177) Concurrent Rebuild Remembered Sets and Scrub Regions
[2026-04-03T01:41:56.051+0600][57.850s][info][gc,marking     ] GC(177) Concurrent Rebuild Remembered Sets and Scrub Regions 28.059ms
[2026-04-03T01:41:56.052+0600][57.850s][info][gc,start       ] GC(177) Pause Cleanup
[2026-04-03T01:41:56.052+0600][57.850s][info][gc             ] GC(177) Pause Cleanup 182M->182M(448M) 0.273ms
[2026-04-03T01:41:56.052+0600][57.850s][info][gc,cpu         ] GC(177) User=0.00s Sys=0.00s Real=0.00s
[2026-04-03T01:41:56.052+0600][57.850s][info][gc,marking     ] GC(177) Concurrent Clear Claimed Marks
[2026-04-03T01:41:56.052+0600][57.851s][info][gc,marking     ] GC(177) Concurrent Clear Claimed Marks 0.318ms
[2026-04-03T01:41:56.052+0600][57.851s][info][gc,marking     ] GC(177) Concurrent Cleanup for Next Mark
[2026-04-03T01:41:56.053+0600][57.851s][info][gc,marking     ] GC(177) Concurrent Cleanup for Next Mark 0.654ms
[2026-04-03T01:41:56.053+0600][57.851s][info][gc             ] GC(177) Concurrent Mark Cycle 128.314ms
[2026-04-03T01:41:56.304+0600][58.103s][info][gc,start       ] GC(178) Pause Young (Prepare Mixed) (G1 Evacuation Pause)
[2026-04-03T01:41:56.304+0600][58.103s][info][gc,task        ] GC(178) Using 10 workers of 10 for evacuation
[2026-04-03T01:41:56.311+0600][58.109s][info][gc,phases      ] GC(178)   Pre Evacuate Collection Set: 0.31ms
[2026-04-03T01:41:56.311+0600][58.109s][info][gc,phases      ] GC(178)   Merge Heap Roots: 0.16ms
[2026-04-03T01:41:56.311+0600][58.109s][info][gc,phases      ] GC(178)   Evacuate Collection Set: 5.07ms
[2026-04-03T01:41:56.311+0600][58.109s][info][gc,phases      ] GC(178)   Post Evacuate Collection Set: 0.69ms
[2026-04-03T01:41:56.311+0600][58.109s][info][gc,phases      ] GC(178)   Other: 0.11ms
[2026-04-03T01:41:56.311+0600][58.109s][info][gc,heap        ] GC(178) Eden regions: 117->0(133)
[2026-04-03T01:41:56.311+0600][58.109s][info][gc,heap        ] GC(178) Survivor regions: 4->4(17)
[2026-04-03T01:41:56.311+0600][58.109s][info][gc,heap        ] GC(178) Old regions: 44->45
[2026-04-03T01:41:56.311+0600][58.109s][info][gc,heap        ] GC(178) Humongous regions: 59->3
[2026-04-03T01:41:56.311+0600][58.109s][info][gc,metaspace   ] GC(178) Metaspace: 131676K(133184K)->131676K(133184K) NonClass: 115078K(115840K)->115078K(115840K) Class: 16597K(17344K)->16597K(17344K)
[2026-04-03T01:41:56.311+0600][58.109s][info][gc             ] GC(178) Pause Young (Prepare Mixed) (G1 Evacuation Pause) 444M->99M(458M) 6.649ms
[2026-04-03T01:41:56.311+0600][58.109s][info][gc,cpu         ] GC(178) User=0.02s Sys=0.02s Real=0.01s
[2026-04-03T01:41:56.473+0600][58.272s][info][gc,start       ] GC(179) Pause Young (Mixed) (G1 Evacuation Pause)
[2026-04-03T01:41:56.473+0600][58.272s][info][gc,task        ] GC(179) Using 10 workers of 10 for evacuation
[2026-04-03T01:41:56.478+0600][58.276s][info][gc,phases      ] GC(179)   Pre Evacuate Collection Set: 0.26ms
[2026-04-03T01:41:56.478+0600][58.276s][info][gc,phases      ] GC(179)   Merge Heap Roots: 0.12ms
[2026-04-03T01:41:56.478+0600][58.276s][info][gc,phases      ] GC(179)   Evacuate Collection Set: 3.43ms
[2026-04-03T01:41:56.478+0600][58.276s][info][gc,phases      ] GC(179)   Post Evacuate Collection Set: 0.58ms
[2026-04-03T01:41:56.478+0600][58.276s][info][gc,phases      ] GC(179)   Other: 0.08ms
[2026-04-03T01:41:56.478+0600][58.276s][info][gc,heap        ] GC(179) Eden regions: 67->0(151)
[2026-04-03T01:41:56.478+0600][58.276s][info][gc,heap        ] GC(179) Survivor regions: 4->5(19)
[2026-04-03T01:41:56.478+0600][58.276s][info][gc,heap        ] GC(179) Old regions: 45->44
[2026-04-03T01:41:56.478+0600][58.276s][info][gc,heap        ] GC(179) Humongous regions: 140->9
[2026-04-03T01:41:56.478+0600][58.276s][info][gc,metaspace   ] GC(179) Metaspace: 131676K(133184K)->131676K(133184K) NonClass: 115078K(115840K)->115078K(115840K) Class: 16597K(17344K)->16597K(17344K)
[2026-04-03T01:41:56.478+0600][58.276s][info][gc             ] GC(179) Pause Young (Mixed) (G1 Evacuation Pause) 507M->112M(522M) 4.758ms
[2026-04-03T01:41:56.478+0600][58.276s][info][gc,cpu         ] GC(179) User=0.02s Sys=0.01s Real=0.00s
[2026-04-03T01:41:56.479+0600][58.277s][info][gc,start       ] GC(180) Pause Young (Concurrent Start) (G1 Humongous Allocation)
[2026-04-03T01:41:56.479+0600][58.277s][info][gc,task        ] GC(180) Using 10 workers of 10 for evacuation
[2026-04-03T01:41:56.482+0600][58.280s][info][gc,phases      ] GC(180)   Pre Evacuate Collection Set: 0.23ms
[2026-04-03T01:41:56.482+0600][58.280s][info][gc,phases      ] GC(180)   Merge Heap Roots: 0.09ms
[2026-04-03T01:41:56.482+0600][58.280s][info][gc,phases      ] GC(180)   Evacuate Collection Set: 2.17ms
[2026-04-03T01:41:56.482+0600][58.280s][info][gc,phases      ] GC(180)   Post Evacuate Collection Set: 0.55ms
[2026-04-03T01:41:56.482+0600][58.280s][info][gc,phases      ] GC(180)   Other: 0.12ms
[2026-04-03T01:41:56.482+0600][58.280s][info][gc,heap        ] GC(180) Eden regions: 2->0(151)
[2026-04-03T01:41:56.482+0600][58.280s][info][gc,heap        ] GC(180) Survivor regions: 5->5(20)
[2026-04-03T01:41:56.482+0600][58.280s][info][gc,heap        ] GC(180) Old regions: 44->44
[2026-04-03T01:41:56.482+0600][58.280s][info][gc,heap        ] GC(180) Humongous regions: 9->3
[2026-04-03T01:41:56.482+0600][58.280s][info][gc,metaspace   ] GC(180) Metaspace: 131676K(133184K)->131676K(133184K) NonClass: 115078K(115840K)->115078K(115840K) Class: 16597K(17344K)->16597K(17344K)
[2026-04-03T01:41:56.482+0600][58.280s][info][gc             ] GC(180) Pause Young (Concurrent Start) (G1 Humongous Allocation) 115M->101M(522M) 3.389ms
[2026-04-03T01:41:56.482+0600][58.280s][info][gc             ] GC(181) Concurrent Mark Cycle
[2026-04-03T01:41:56.482+0600][58.280s][info][gc,marking     ] GC(181) Concurrent Scan Root Regions
[2026-04-03T01:41:56.482+0600][58.280s][info][gc,cpu         ] GC(180) User=0.02s Sys=0.00s Real=0.01s
[2026-04-03T01:41:56.485+0600][58.283s][info][gc,marking     ] GC(181) Concurrent Scan Root Regions 2.269ms
[2026-04-03T01:41:56.485+0600][58.283s][info][gc,marking     ] GC(181) Concurrent Mark
[2026-04-03T01:41:56.485+0600][58.283s][info][gc,marking     ] GC(181) Concurrent Mark From Roots
[2026-04-03T01:41:56.485+0600][58.283s][info][gc,task        ] GC(181) Using 3 workers of 3 for marking
[2026-04-03T01:41:56.579+0600][58.377s][info][gc,marking     ] GC(181) Concurrent Mark From Roots 94.266ms
[2026-04-03T01:41:56.579+0600][58.377s][info][gc,marking     ] GC(181) Concurrent Preclean
[2026-04-03T01:41:56.579+0600][58.378s][info][gc,marking     ] GC(181) Concurrent Preclean 0.425ms
[2026-04-03T01:41:56.580+0600][58.378s][info][gc,start       ] GC(181) Pause Remark
[2026-04-03T01:41:56.588+0600][58.386s][info][gc             ] GC(181) Pause Remark 344M->344M(522M) 8.109ms
[2026-04-03T01:41:56.588+0600][58.386s][info][gc,cpu         ] GC(181) User=0.06s Sys=0.00s Real=0.00s
[2026-04-03T01:41:56.588+0600][58.386s][info][gc,marking     ] GC(181) Concurrent Mark 103.718ms
[2026-04-03T01:41:56.588+0600][58.387s][info][gc,marking     ] GC(181) Concurrent Rebuild Remembered Sets and Scrub Regions
[2026-04-03T01:41:56.619+0600][58.417s][info][gc,marking     ] GC(181) Concurrent Rebuild Remembered Sets and Scrub Regions 30.455ms
[2026-04-03T01:41:56.624+0600][58.422s][info][gc,start       ] GC(181) Pause Cleanup
[2026-04-03T01:41:56.624+0600][58.422s][info][gc             ] GC(181) Pause Cleanup 553M->553M(558M) 0.392ms
[2026-04-03T01:41:56.624+0600][58.422s][info][gc,cpu         ] GC(181) User=0.00s Sys=0.00s Real=0.00s
[2026-04-03T01:41:56.624+0600][58.422s][info][gc,marking     ] GC(181) Concurrent Clear Claimed Marks
[2026-04-03T01:41:56.625+0600][58.423s][info][gc,marking     ] GC(181) Concurrent Clear Claimed Marks 0.400ms
[2026-04-03T01:41:56.625+0600][58.423s][info][gc,marking     ] GC(181) Concurrent Cleanup for Next Mark
[2026-04-03T01:41:56.626+0600][58.425s][info][gc,marking     ] GC(181) Concurrent Cleanup for Next Mark 1.850ms
[2026-04-03T01:41:56.626+0600][58.425s][info][gc             ] GC(181) Concurrent Mark Cycle 144.263ms
[2026-04-03T01:41:56.637+0600][58.435s][info][gc,start       ] GC(182) Pause Young (Prepare Mixed) (G1 Evacuation Pause)
[2026-04-03T01:41:56.637+0600][58.435s][info][gc,task        ] GC(182) Using 10 workers of 10 for evacuation
[2026-04-03T01:41:56.642+0600][58.441s][info][gc,phases      ] GC(182)   Pre Evacuate Collection Set: 0.32ms
[2026-04-03T01:41:56.643+0600][58.441s][info][gc,phases      ] GC(182)   Merge Heap Roots: 0.23ms
[2026-04-03T01:41:56.643+0600][58.441s][info][gc,phases      ] GC(182)   Evacuate Collection Set: 4.13ms
[2026-04-03T01:41:56.643+0600][58.441s][info][gc,phases      ] GC(182)   Post Evacuate Collection Set: 0.75ms
[2026-04-03T01:41:56.643+0600][58.441s][info][gc,phases      ] GC(182)   Other: 0.11ms
[2026-04-03T01:41:56.643+0600][58.441s][info][gc,heap        ] GC(182) Eden regions: 32->0(180)
[2026-04-03T01:41:56.643+0600][58.441s][info][gc,heap        ] GC(182) Survivor regions: 5->4(20)
[2026-04-03T01:41:56.643+0600][58.441s][info][gc,heap        ] GC(182) Old regions: 44->44
[2026-04-03T01:41:56.643+0600][58.441s][info][gc,heap        ] GC(182) Humongous regions: 222->12
[2026-04-03T01:41:56.643+0600][58.441s][info][gc,metaspace   ] GC(182) Metaspace: 131685K(133184K)->131685K(133184K) NonClass: 115087K(115840K)->115087K(115840K) Class: 16597K(17344K)->16597K(17344K)
[2026-04-03T01:41:56.643+0600][58.441s][info][gc             ] GC(182) Pause Young (Prepare Mixed) (G1 Evacuation Pause) 603M->116M(614M) 6.025ms
[2026-04-03T01:41:56.643+0600][58.441s][info][gc,cpu         ] GC(182) User=0.03s Sys=0.01s Real=0.01s
[2026-04-03T01:41:57.121+0600][58.920s][info][gc,start       ] GC(183) Pause Young (Mixed) (G1 Evacuation Pause)
[2026-04-03T01:41:57.122+0600][58.920s][info][gc,task        ] GC(183) Using 10 workers of 10 for evacuation
[2026-04-03T01:41:57.127+0600][58.925s][info][gc,phases      ] GC(183)   Pre Evacuate Collection Set: 0.44ms
[2026-04-03T01:41:57.127+0600][58.925s][info][gc,phases      ] GC(183)   Merge Heap Roots: 0.21ms
[2026-04-03T01:41:57.127+0600][58.925s][info][gc,phases      ] GC(183)   Evacuate Collection Set: 2.62ms
[2026-04-03T01:41:57.127+0600][58.925s][info][gc,phases      ] GC(183)   Post Evacuate Collection Set: 1.77ms
[2026-04-03T01:41:57.127+0600][58.925s][info][gc,phases      ] GC(183)   Other: 0.21ms
[2026-04-03T01:41:57.127+0600][58.925s][info][gc,heap        ] GC(183) Eden regions: 121->0(354)
[2026-04-03T01:41:57.127+0600][58.925s][info][gc,heap        ] GC(183) Survivor regions: 4->3(23)
[2026-04-03T01:41:57.127+0600][58.925s][info][gc,heap        ] GC(183) Old regions: 44->44
[2026-04-03T01:41:57.127+0600][58.925s][info][gc,heap        ] GC(183) Humongous regions: 138->3
[2026-04-03T01:41:57.127+0600][58.925s][info][gc,metaspace   ] GC(183) Metaspace: 131699K(133184K)->131699K(133184K) NonClass: 115101K(115840K)->115101K(115840K) Class: 16598K(17344K)->16598K(17344K)
[2026-04-03T01:41:57.127+0600][58.925s][info][gc             ] GC(183) Pause Young (Mixed) (G1 Evacuation Pause) 610M->96M(1190M) 5.511ms
[2026-04-03T01:41:57.127+0600][58.925s][info][gc,cpu         ] GC(183) User=0.03s Sys=0.00s Real=0.00s
[2026-04-03T01:41:57.168+0600][58.967s][info][gc,start       ] GC(184) Pause Young (Concurrent Start) (G1 Humongous Allocation)
[2026-04-03T01:41:57.169+0600][58.967s][info][gc,task        ] GC(184) Using 10 workers of 10 for evacuation
[2026-04-03T01:41:57.172+0600][58.970s][info][gc,phases      ] GC(184)   Pre Evacuate Collection Set: 0.45ms
[2026-04-03T01:41:57.172+0600][58.970s][info][gc,phases      ] GC(184)   Merge Heap Roots: 0.12ms
[2026-04-03T01:41:57.172+0600][58.970s][info][gc,phases      ] GC(184)   Evacuate Collection Set: 2.04ms
[2026-04-03T01:41:57.172+0600][58.970s][info][gc,phases      ] GC(184)   Post Evacuate Collection Set: 0.50ms
[2026-04-03T01:41:57.172+0600][58.970s][info][gc,phases      ] GC(184)   Other: 0.13ms
[2026-04-03T01:41:57.172+0600][58.970s][info][gc,heap        ] GC(184) Eden regions: 9->0(354)
[2026-04-03T01:41:57.172+0600][58.970s][info][gc,heap        ] GC(184) Survivor regions: 3->3(45)
[2026-04-03T01:41:57.172+0600][58.970s][info][gc,heap        ] GC(184) Old regions: 44->44
[2026-04-03T01:41:57.172+0600][58.970s][info][gc,heap        ] GC(184) Humongous regions: 3->3
[2026-04-03T01:41:57.172+0600][58.970s][info][gc,metaspace   ] GC(184) Metaspace: 131703K(133184K)->131703K(133184K) NonClass: 115104K(115840K)->115104K(115840K) Class: 16598K(17344K)->16598K(17344K)
[2026-04-03T01:41:57.172+0600][58.970s][info][gc             ] GC(184) Pause Young (Concurrent Start) (G1 Humongous Allocation) 114M->96M(1190M) 3.489ms
[2026-04-03T01:41:57.172+0600][58.970s][info][gc,cpu         ] GC(184) User=0.02s Sys=0.01s Real=0.01s
[2026-04-03T01:41:57.172+0600][58.970s][info][gc             ] GC(185) Concurrent Mark Cycle
[2026-04-03T01:41:57.172+0600][58.970s][info][gc,marking     ] GC(185) Concurrent Scan Root Regions
[2026-04-03T01:41:57.174+0600][58.972s][info][gc,marking     ] GC(185) Concurrent Scan Root Regions 1.612ms
[2026-04-03T01:41:57.174+0600][58.972s][info][gc,marking     ] GC(185) Concurrent Mark
[2026-04-03T01:41:57.174+0600][58.972s][info][gc,marking     ] GC(185) Concurrent Mark From Roots
[2026-04-03T01:41:57.174+0600][58.972s][info][gc,task        ] GC(185) Using 3 workers of 3 for marking
[2026-04-03T01:41:57.268+0600][59.066s][info][gc,marking     ] GC(185) Concurrent Mark From Roots 94.193ms
[2026-04-03T01:41:57.268+0600][59.066s][info][gc,marking     ] GC(185) Concurrent Preclean
[2026-04-03T01:41:57.269+0600][59.067s][info][gc,marking     ] GC(185) Concurrent Preclean 0.794ms
[2026-04-03T01:41:57.269+0600][59.067s][info][gc,start       ] GC(185) Pause Remark
[2026-04-03T01:41:57.279+0600][59.077s][info][gc             ] GC(185) Pause Remark 206M->206M(500M) 9.562ms
[2026-04-03T01:41:57.279+0600][59.077s][info][gc,cpu         ] GC(185) User=0.07s Sys=0.00s Real=0.01s
[2026-04-03T01:41:57.280+0600][59.078s][info][gc,marking     ] GC(185) Concurrent Mark 105.958ms
[2026-04-03T01:41:57.280+0600][59.078s][info][gc,marking     ] GC(185) Concurrent Rebuild Remembered Sets and Scrub Regions
[2026-04-03T01:41:57.317+0600][59.115s][info][gc,marking     ] GC(185) Concurrent Rebuild Remembered Sets and Scrub Regions 37.229ms
[2026-04-03T01:41:57.317+0600][59.116s][info][gc,start       ] GC(185) Pause Cleanup
[2026-04-03T01:41:57.318+0600][59.116s][info][gc             ] GC(185) Pause Cleanup 239M->239M(500M) 0.270ms
[2026-04-03T01:41:57.318+0600][59.116s][info][gc,cpu         ] GC(185) User=0.00s Sys=0.00s Real=0.00s
[2026-04-03T01:41:57.318+0600][59.116s][info][gc,marking     ] GC(185) Concurrent Clear Claimed Marks
[2026-04-03T01:41:57.318+0600][59.117s][info][gc,marking     ] GC(185) Concurrent Clear Claimed Marks 0.436ms
[2026-04-03T01:41:57.318+0600][59.117s][info][gc,marking     ] GC(185) Concurrent Cleanup for Next Mark
[2026-04-03T01:41:57.319+0600][59.118s][info][gc,marking     ] GC(185) Concurrent Cleanup for Next Mark 0.972ms
[2026-04-03T01:41:57.319+0600][59.118s][info][gc             ] GC(185) Concurrent Mark Cycle 147.421ms
[2026-04-03T01:41:57.533+0600][59.331s][info][gc,start       ] GC(186) Pause Young (Prepare Mixed) (GCLocker Initiated GC)
[2026-04-03T01:41:57.533+0600][59.332s][info][gc,task        ] GC(186) Using 10 workers of 10 for evacuation
[2026-04-03T01:41:57.539+0600][59.337s][info][gc,phases      ] GC(186)   Pre Evacuate Collection Set: 0.65ms
[2026-04-03T01:41:57.539+0600][59.337s][info][gc,phases      ] GC(186)   Merge Heap Roots: 0.38ms
[2026-04-03T01:41:57.539+0600][59.337s][info][gc,phases      ] GC(186)   Evacuate Collection Set: 3.76ms
[2026-04-03T01:41:57.539+0600][59.337s][info][gc,phases      ] GC(186)   Post Evacuate Collection Set: 0.80ms
[2026-04-03T01:41:57.539+0600][59.337s][info][gc,phases      ] GC(186)   Other: 0.14ms
[2026-04-03T01:41:57.539+0600][59.337s][info][gc,heap        ] GC(186) Eden regions: 109->0(149)
[2026-04-03T01:41:57.539+0600][59.337s][info][gc,heap        ] GC(186) Survivor regions: 3->4(19)
[2026-04-03T01:41:57.539+0600][59.337s][info][gc,heap        ] GC(186) Old regions: 44->45
[2026-04-03T01:41:57.539+0600][59.338s][info][gc,heap        ] GC(186) Humongous regions: 94->3
[2026-04-03T01:41:57.539+0600][59.338s][info][gc,metaspace   ] GC(186) Metaspace: 131703K(133184K)->131703K(133184K) NonClass: 115104K(115840K)->115104K(115840K) Class: 16598K(17344K)->16598K(17344K)
[2026-04-03T01:41:57.539+0600][59.338s][info][gc             ] GC(186) Pause Young (Prepare Mixed) (GCLocker Initiated GC) 496M->99M(510M) 6.083ms
[2026-04-03T01:41:57.540+0600][59.338s][info][gc,cpu         ] GC(186) User=0.03s Sys=0.01s Real=0.00s
[2026-04-03T01:41:57.830+0600][59.628s][info][gc,start       ] GC(187) Pause Young (Mixed) (GCLocker Initiated GC)
[2026-04-03T01:41:57.830+0600][59.628s][info][gc,task        ] GC(187) Using 10 workers of 10 for evacuation
[2026-04-03T01:41:57.837+0600][59.635s][info][gc,phases      ] GC(187)   Pre Evacuate Collection Set: 0.51ms
[2026-04-03T01:41:57.837+0600][59.635s][info][gc,phases      ] GC(187)   Merge Heap Roots: 0.22ms
[2026-04-03T01:41:57.837+0600][59.635s][info][gc,phases      ] GC(187)   Evacuate Collection Set: 5.31ms
[2026-04-03T01:41:57.837+0600][59.635s][info][gc,phases      ] GC(187)   Post Evacuate Collection Set: 0.77ms
[2026-04-03T01:41:57.837+0600][59.635s][info][gc,phases      ] GC(187)   Other: 0.12ms
[2026-04-03T01:41:57.837+0600][59.635s][info][gc,heap        ] GC(187) Eden regions: 114->0(151)
[2026-04-03T01:41:57.837+0600][59.635s][info][gc,heap        ] GC(187) Survivor regions: 4->5(20)
[2026-04-03T01:41:57.837+0600][59.635s][info][gc,heap        ] GC(187) Old regions: 45->44
[2026-04-03T01:41:57.837+0600][59.635s][info][gc,heap        ] GC(187) Humongous regions: 92->3
[2026-04-03T01:41:57.837+0600][59.635s][info][gc,metaspace   ] GC(187) Metaspace: 131713K(133184K)->131713K(133184K) NonClass: 115114K(115840K)->115114K(115840K) Class: 16598K(17344K)->16598K(17344K)
[2026-04-03T01:41:57.837+0600][59.635s][info][gc             ] GC(187) Pause Young (Mixed) (GCLocker Initiated GC) 505M->101M(520M) 7.260ms
[2026-04-03T01:41:57.837+0600][59.635s][info][gc,cpu         ] GC(187) User=0.04s Sys=0.02s Real=0.00s
[2026-04-03T01:41:57.840+0600][59.639s][info][gc,start       ] GC(188) Pause Young (Concurrent Start) (G1 Humongous Allocation)
[2026-04-03T01:41:57.841+0600][59.639s][info][gc,task        ] GC(188) Using 10 workers of 10 for evacuation
[2026-04-03T01:41:57.846+0600][59.644s][info][gc,phases      ] GC(188)   Pre Evacuate Collection Set: 0.46ms
[2026-04-03T01:41:57.846+0600][59.644s][info][gc,phases      ] GC(188)   Merge Heap Roots: 0.17ms
[2026-04-03T01:41:57.846+0600][59.644s][info][gc,phases      ] GC(188)   Evacuate Collection Set: 4.14ms
[2026-04-03T01:41:57.846+0600][59.644s][info][gc,phases      ] GC(188)   Post Evacuate Collection Set: 0.70ms
[2026-04-03T01:41:57.846+0600][59.644s][info][gc,phases      ] GC(188)   Other: 0.18ms
[2026-04-03T01:41:57.846+0600][59.644s][info][gc,heap        ] GC(188) Eden regions: 3->0(150)
[2026-04-03T01:41:57.846+0600][59.644s][info][gc,heap        ] GC(188) Survivor regions: 5->5(20)
[2026-04-03T01:41:57.846+0600][59.644s][info][gc,heap        ] GC(188) Old regions: 44->44
[2026-04-03T01:41:57.846+0600][59.644s][info][gc,heap        ] GC(188) Humongous regions: 3->3
[2026-04-03T01:41:57.846+0600][59.644s][info][gc,metaspace   ] GC(188) Metaspace: 131713K(133184K)->131713K(133184K) NonClass: 115114K(115840K)->115114K(115840K) Class: 16598K(17344K)->16598K(17344K)
[2026-04-03T01:41:57.846+0600][59.645s][info][gc             ] GC(188) Pause Young (Concurrent Start) (G1 Humongous Allocation) 106M->101M(520M) 5.998ms
[2026-04-03T01:41:57.846+0600][59.645s][info][gc             ] GC(189) Concurrent Mark Cycle
[2026-04-03T01:41:57.846+0600][59.645s][info][gc,cpu         ] GC(188) User=0.04s Sys=0.00s Real=0.00s
[2026-04-03T01:41:57.847+0600][59.645s][info][gc,marking     ] GC(189) Concurrent Scan Root Regions
[2026-04-03T01:41:57.850+0600][59.648s][info][gc,marking     ] GC(189) Concurrent Scan Root Regions 3.360ms
[2026-04-03T01:41:57.850+0600][59.648s][info][gc,marking     ] GC(189) Concurrent Mark
[2026-04-03T01:41:57.850+0600][59.648s][info][gc,marking     ] GC(189) Concurrent Mark From Roots
[2026-04-03T01:41:57.850+0600][59.648s][info][gc,task        ] GC(189) Using 3 workers of 3 for marking
[2026-04-03T01:41:57.978+0600][59.776s][info][gc,marking     ] GC(189) Concurrent Mark From Roots 128.221ms
[2026-04-03T01:41:57.978+0600][59.777s][info][gc,marking     ] GC(189) Concurrent Preclean
[2026-04-03T01:41:57.979+0600][59.777s][info][gc,marking     ] GC(189) Concurrent Preclean 0.698ms
[2026-04-03T01:41:57.980+0600][59.778s][info][gc,start       ] GC(189) Pause Remark
[2026-04-03T01:41:57.988+0600][59.786s][info][gc             ] GC(189) Pause Remark 231M->231M(520M) 8.378ms
[2026-04-03T01:41:57.988+0600][59.786s][info][gc,cpu         ] GC(189) User=0.06s Sys=0.00s Real=0.01s
[2026-04-03T01:41:57.988+0600][59.786s][info][gc,marking     ] GC(189) Concurrent Mark 138.219ms
[2026-04-03T01:41:57.988+0600][59.786s][info][gc,marking     ] GC(189) Concurrent Rebuild Remembered Sets and Scrub Regions
[2026-04-03T01:41:58.027+0600][59.826s][info][gc,marking     ] GC(189) Concurrent Rebuild Remembered Sets and Scrub Regions 39.139ms
[2026-04-03T01:41:58.028+0600][59.826s][info][gc,start       ] GC(189) Pause Cleanup
[2026-04-03T01:41:58.028+0600][59.826s][info][gc             ] GC(189) Pause Cleanup 278M->278M(520M) 0.271ms
[2026-04-03T01:41:58.028+0600][59.826s][info][gc,cpu         ] GC(189) User=0.00s Sys=0.00s Real=0.00s
[2026-04-03T01:41:58.028+0600][59.826s][info][gc,marking     ] GC(189) Concurrent Clear Claimed Marks
[2026-04-03T01:41:58.029+0600][59.827s][info][gc,marking     ] GC(189) Concurrent Clear Claimed Marks 0.360ms
[2026-04-03T01:41:58.029+0600][59.827s][info][gc,marking     ] GC(189) Concurrent Cleanup for Next Mark
[2026-04-03T01:41:58.029+0600][59.827s][info][gc,marking     ] GC(189) Concurrent Cleanup for Next Mark 0.757ms
[2026-04-03T01:41:58.029+0600][59.828s][info][gc             ] GC(189) Concurrent Mark Cycle 182.958ms
[2026-04-03T01:41:58.387+0600][60.185s][info][gc,start       ] GC(190) Pause Young (Prepare Mixed) (G1 Evacuation Pause)
[2026-04-03T01:41:58.387+0600][60.185s][info][gc,task        ] GC(190) Using 10 workers of 10 for evacuation
[2026-04-03T01:41:58.391+0600][60.189s][info][gc,phases      ] GC(190)   Pre Evacuate Collection Set: 0.53ms
[2026-04-03T01:41:58.391+0600][60.189s][info][gc,phases      ] GC(190)   Merge Heap Roots: 0.22ms
[2026-04-03T01:41:58.391+0600][60.189s][info][gc,phases      ] GC(190)   Evacuate Collection Set: 2.61ms
[2026-04-03T01:41:58.391+0600][60.189s][info][gc,phases      ] GC(190)   Post Evacuate Collection Set: 0.61ms
[2026-04-03T01:41:58.391+0600][60.189s][info][gc,phases      ] GC(190)   Other: 0.12ms
[2026-04-03T01:41:58.391+0600][60.189s][info][gc,heap        ] GC(190) Eden regions: 140->0(154)
[2026-04-03T01:41:58.391+0600][60.189s][info][gc,heap        ] GC(190) Survivor regions: 5->3(20)
[2026-04-03T01:41:58.391+0600][60.189s][info][gc,heap        ] GC(190) Old regions: 44->44
[2026-04-03T01:41:58.391+0600][60.189s][info][gc,heap        ] GC(190) Humongous regions: 71->3
[2026-04-03T01:41:58.391+0600][60.189s][info][gc,metaspace   ] GC(190) Metaspace: 131725K(133184K)->131725K(133184K) NonClass: 115126K(115840K)->115126K(115840K) Class: 16598K(17344K)->16598K(17344K)
[2026-04-03T01:41:58.391+0600][60.189s][info][gc             ] GC(190) Pause Young (Prepare Mixed) (G1 Evacuation Pause) 517M->97M(526M) 4.327ms
[2026-04-03T01:41:58.391+0600][60.190s][info][gc,cpu         ] GC(190) User=0.01s Sys=0.01s Real=0.01s
[2026-04-03T01:41:58.679+0600][60.477s][info][gc,start       ] GC(191) Pause Young (Mixed) (G1 Evacuation Pause)
[2026-04-03T01:41:58.679+0600][60.478s][info][gc,task        ] GC(191) Using 10 workers of 10 for evacuation
[2026-04-03T01:41:58.686+0600][60.484s][info][gc,phases      ] GC(191)   Pre Evacuate Collection Set: 0.41ms
[2026-04-03T01:41:58.686+0600][60.484s][info][gc,phases      ] GC(191)   Merge Heap Roots: 0.18ms
[2026-04-03T01:41:58.686+0600][60.484s][info][gc,phases      ] GC(191)   Evacuate Collection Set: 4.97ms
[2026-04-03T01:41:58.686+0600][60.484s][info][gc,phases      ] GC(191)   Post Evacuate Collection Set: 0.62ms
[2026-04-03T01:41:58.686+0600][60.484s][info][gc,phases      ] GC(191)   Other: 0.10ms
[2026-04-03T01:41:58.686+0600][60.484s][info][gc,heap        ] GC(191) Eden regions: 118->0(157)
[2026-04-03T01:41:58.686+0600][60.484s][info][gc,heap        ] GC(191) Survivor regions: 3->3(20)
[2026-04-03T01:41:58.686+0600][60.484s][info][gc,heap        ] GC(191) Old regions: 44->44
[2026-04-03T01:41:58.686+0600][60.484s][info][gc,heap        ] GC(191) Humongous regions: 99->3
[2026-04-03T01:41:58.686+0600][60.484s][info][gc,metaspace   ] GC(191) Metaspace: 131728K(133248K)->131728K(133248K) NonClass: 115130K(115904K)->115130K(115904K) Class: 16598K(17344K)->16598K(17344K)
[2026-04-03T01:41:58.686+0600][60.484s][info][gc             ] GC(191) Pause Young (Mixed) (G1 Evacuation Pause) 525M->97M(536M) 6.598ms
[2026-04-03T01:41:58.686+0600][60.484s][info][gc,cpu         ] GC(191) User=0.03s Sys=0.01s Real=0.01s
[2026-04-03T01:41:58.687+0600][60.485s][info][gc,start       ] GC(192) Pause Young (Concurrent Start) (G1 Humongous Allocation)
[2026-04-03T01:41:58.687+0600][60.485s][info][gc,task        ] GC(192) Using 10 workers of 10 for evacuation
[2026-04-03T01:41:58.690+0600][60.489s][info][gc,phases      ] GC(192)   Pre Evacuate Collection Set: 0.33ms
[2026-04-03T01:41:58.691+0600][60.489s][info][gc,phases      ] GC(192)   Merge Heap Roots: 0.11ms
[2026-04-03T01:41:58.691+0600][60.489s][info][gc,phases      ] GC(192)   Evacuate Collection Set: 2.13ms
[2026-04-03T01:41:58.691+0600][60.489s][info][gc,phases      ] GC(192)   Post Evacuate Collection Set: 0.54ms
[2026-04-03T01:41:58.691+0600][60.489s][info][gc,phases      ] GC(192)   Other: 0.13ms
[2026-04-03T01:41:58.691+0600][60.489s][info][gc,heap        ] GC(192) Eden regions: 2->0(157)
[2026-04-03T01:41:58.691+0600][60.489s][info][gc,heap        ] GC(192) Survivor regions: 3->3(20)
[2026-04-03T01:41:58.691+0600][60.489s][info][gc,heap        ] GC(192) Old regions: 44->44
[2026-04-03T01:41:58.691+0600][60.489s][info][gc,heap        ] GC(192) Humongous regions: 3->3
[2026-04-03T01:41:58.691+0600][60.489s][info][gc,metaspace   ] GC(192) Metaspace: 131728K(133248K)->131728K(133248K) NonClass: 115130K(115904K)->115130K(115904K) Class: 16598K(17344K)->16598K(17344K)
[2026-04-03T01:41:58.691+0600][60.489s][info][gc             ] GC(192) Pause Young (Concurrent Start) (G1 Humongous Allocation) 100M->97M(536M) 3.535ms
[2026-04-03T01:41:58.691+0600][60.489s][info][gc             ] GC(193) Concurrent Mark Cycle
[2026-04-03T01:41:58.691+0600][60.489s][info][gc,cpu         ] GC(192) User=0.02s Sys=0.01s Real=0.01s
[2026-04-03T01:41:58.691+0600][60.489s][info][gc,marking     ] GC(193) Concurrent Scan Root Regions
[2026-04-03T01:41:58.693+0600][60.491s][info][gc,marking     ] GC(193) Concurrent Scan Root Regions 2.203ms
[2026-04-03T01:41:58.693+0600][60.491s][info][gc,marking     ] GC(193) Concurrent Mark
[2026-04-03T01:41:58.693+0600][60.491s][info][gc,marking     ] GC(193) Concurrent Mark From Roots
[2026-04-03T01:41:58.693+0600][60.491s][info][gc,task        ] GC(193) Using 3 workers of 3 for marking
[2026-04-03T01:41:58.793+0600][60.592s][info][gc,marking     ] GC(193) Concurrent Mark From Roots 100.299ms
[2026-04-03T01:41:58.793+0600][60.592s][info][gc,marking     ] GC(193) Concurrent Preclean
[2026-04-03T01:41:58.794+0600][60.592s][info][gc,marking     ] GC(193) Concurrent Preclean 0.483ms
[2026-04-03T01:41:58.794+0600][60.592s][info][gc,start       ] GC(193) Pause Remark
[2026-04-03T01:41:58.802+0600][60.600s][info][gc             ] GC(193) Pause Remark 212M->212M(520M) 7.375ms
[2026-04-03T01:41:58.802+0600][60.600s][info][gc,cpu         ] GC(193) User=0.05s Sys=0.00s Real=0.01s
[2026-04-03T01:41:58.802+0600][60.600s][info][gc,marking     ] GC(193) Concurrent Mark 108.809ms
[2026-04-03T01:41:58.802+0600][60.600s][info][gc,marking     ] GC(193) Concurrent Rebuild Remembered Sets and Scrub Regions
[2026-04-03T01:41:58.839+0600][60.638s][info][gc,marking     ] GC(193) Concurrent Rebuild Remembered Sets and Scrub Regions 37.388ms
[2026-04-03T01:41:58.840+0600][60.638s][info][gc,start       ] GC(193) Pause Cleanup
[2026-04-03T01:41:58.840+0600][60.638s][info][gc             ] GC(193) Pause Cleanup 259M->259M(520M) 0.321ms
[2026-04-03T01:41:58.840+0600][60.638s][info][gc,cpu         ] GC(193) User=0.00s Sys=0.01s Real=0.00s
[2026-04-03T01:41:58.840+0600][60.638s][info][gc,marking     ] GC(193) Concurrent Clear Claimed Marks
[2026-04-03T01:41:58.841+0600][60.639s][info][gc,marking     ] GC(193) Concurrent Clear Claimed Marks 0.513ms
[2026-04-03T01:41:58.841+0600][60.639s][info][gc,marking     ] GC(193) Concurrent Cleanup for Next Mark
[2026-04-03T01:41:58.842+0600][60.640s][info][gc,marking     ] GC(193) Concurrent Cleanup for Next Mark 0.691ms
[2026-04-03T01:41:58.842+0600][60.640s][info][gc             ] GC(193) Concurrent Mark Cycle 150.929ms
[2026-04-03T01:41:59.067+0600][60.865s][info][gc,start       ] GC(194) Pause Young (Prepare Mixed) (G1 Evacuation Pause)
[2026-04-03T01:41:59.067+0600][60.865s][info][gc,task        ] GC(194) Using 10 workers of 10 for evacuation
[2026-04-03T01:41:59.078+0600][60.876s][info][gc,phases      ] GC(194)   Pre Evacuate Collection Set: 0.38ms
[2026-04-03T01:41:59.078+0600][60.876s][info][gc,phases      ] GC(194)   Merge Heap Roots: 0.48ms
[2026-04-03T01:41:59.078+0600][60.876s][info][gc,phases      ] GC(194)   Evacuate Collection Set: 8.38ms
[2026-04-03T01:41:59.078+0600][60.876s][info][gc,phases      ] GC(194)   Post Evacuate Collection Set: 1.18ms
[2026-04-03T01:41:59.078+0600][60.876s][info][gc,phases      ] GC(194)   Other: 0.13ms
[2026-04-03T01:41:59.078+0600][60.876s][info][gc,heap        ] GC(194) Eden regions: 116->0(155)
[2026-04-03T01:41:59.078+0600][60.876s][info][gc,heap        ] GC(194) Survivor regions: 3->4(20)
[2026-04-03T01:41:59.078+0600][60.876s][info][gc,heap        ] GC(194) Old regions: 44->45
[2026-04-03T01:41:59.078+0600][60.876s][info][gc,heap        ] GC(194) Humongous regions: 97->3
[2026-04-03T01:41:59.078+0600][60.876s][info][gc,metaspace   ] GC(194) Metaspace: 131729K(133248K)->131729K(133248K) NonClass: 115130K(115904K)->115130K(115904K) Class: 16599K(17344K)->16599K(17344K)
[2026-04-03T01:41:59.078+0600][60.876s][info][gc             ] GC(194) Pause Young (Prepare Mixed) (G1 Evacuation Pause) 517M->99M(530M) 10.921ms
[2026-04-03T01:41:59.078+0600][60.876s][info][gc,cpu         ] GC(194) User=0.06s Sys=0.01s Real=0.01s
[2026-04-03T01:41:59.550+0600][61.348s][info][gc,start       ] GC(195) Pause Young (Mixed) (G1 Evacuation Pause)
[2026-04-03T01:41:59.550+0600][61.348s][info][gc,task        ] GC(195) Using 10 workers of 10 for evacuation
[2026-04-03T01:41:59.559+0600][61.357s][info][gc,phases      ] GC(195)   Pre Evacuate Collection Set: 0.58ms
[2026-04-03T01:41:59.559+0600][61.357s][info][gc,phases      ] GC(195)   Merge Heap Roots: 0.27ms
[2026-04-03T01:41:59.559+0600][61.357s][info][gc,phases      ] GC(195)   Evacuate Collection Set: 5.89ms
[2026-04-03T01:41:59.559+0600][61.357s][info][gc,phases      ] GC(195)   Post Evacuate Collection Set: 1.56ms
[2026-04-03T01:41:59.559+0600][61.357s][info][gc,phases      ] GC(195)   Other: 0.15ms
[2026-04-03T01:41:59.559+0600][61.357s][info][gc,heap        ] GC(195) Eden regions: 135->0(189)
[2026-04-03T01:41:59.559+0600][61.357s][info][gc,heap        ] GC(195) Survivor regions: 4->5(20)
[2026-04-03T01:41:59.559+0600][61.357s][info][gc,heap        ] GC(195) Old regions: 45->44
[2026-04-03T01:41:59.559+0600][61.357s][info][gc,heap        ] GC(195) Humongous regions: 81->3
[2026-04-03T01:41:59.559+0600][61.357s][info][gc,metaspace   ] GC(195) Metaspace: 131734K(133248K)->131734K(133248K) NonClass: 115135K(115904K)->115135K(115904K) Class: 16599K(17344K)->16599K(17344K)
[2026-04-03T01:41:59.559+0600][61.357s][info][gc             ] GC(195) Pause Young (Mixed) (G1 Evacuation Pause) 525M->100M(648M) 8.943ms
[2026-04-03T01:41:59.559+0600][61.357s][info][gc,cpu         ] GC(195) User=0.05s Sys=0.02s Real=0.00s
[2026-04-03T01:41:59.613+0600][61.411s][info][gc,start       ] GC(196) Pause Young (Concurrent Start) (G1 Humongous Allocation)
[2026-04-03T01:41:59.613+0600][61.411s][info][gc,task        ] GC(196) Using 10 workers of 10 for evacuation
[2026-04-03T01:41:59.618+0600][61.417s][info][gc,phases      ] GC(196)   Pre Evacuate Collection Set: 0.65ms
[2026-04-03T01:41:59.618+0600][61.417s][info][gc,phases      ] GC(196)   Merge Heap Roots: 0.16ms
[2026-04-03T01:41:59.618+0600][61.417s][info][gc,phases      ] GC(196)   Evacuate Collection Set: 3.46ms
[2026-04-03T01:41:59.619+0600][61.417s][info][gc,phases      ] GC(196)   Post Evacuate Collection Set: 0.86ms
[2026-04-03T01:41:59.619+0600][61.417s][info][gc,phases      ] GC(196)   Other: 0.35ms
[2026-04-03T01:41:59.619+0600][61.417s][info][gc,heap        ] GC(196) Eden regions: 29->0(188)
[2026-04-03T01:41:59.619+0600][61.417s][info][gc,heap        ] GC(196) Survivor regions: 5->6(25)
[2026-04-03T01:41:59.619+0600][61.417s][info][gc,heap        ] GC(196) Old regions: 44->44
[2026-04-03T01:41:59.619+0600][61.417s][info][gc,heap        ] GC(196) Humongous regions: 3->3
[2026-04-03T01:41:59.619+0600][61.417s][info][gc,metaspace   ] GC(196) Metaspace: 131734K(133248K)->131734K(133248K) NonClass: 115135K(115904K)->115135K(115904K) Class: 16599K(17344K)->16599K(17344K)
[2026-04-03T01:41:59.619+0600][61.417s][info][gc             ] GC(196) Pause Young (Concurrent Start) (G1 Humongous Allocation) 157M->102M(648M) 5.924ms
[2026-04-03T01:41:59.619+0600][61.417s][info][gc             ] GC(197) Concurrent Mark Cycle
[2026-04-03T01:41:59.619+0600][61.417s][info][gc,cpu         ] GC(196) User=0.04s Sys=0.00s Real=0.00s
[2026-04-03T01:41:59.619+0600][61.417s][info][gc,marking     ] GC(197) Concurrent Scan Root Regions
[2026-04-03T01:41:59.622+0600][61.420s][info][gc,marking     ] GC(197) Concurrent Scan Root Regions 3.496ms
[2026-04-03T01:41:59.622+0600][61.421s][info][gc,marking     ] GC(197) Concurrent Mark
[2026-04-03T01:41:59.622+0600][61.421s][info][gc,marking     ] GC(197) Concurrent Mark From Roots
[2026-04-03T01:41:59.622+0600][61.421s][info][gc,task        ] GC(197) Using 3 workers of 3 for marking
[2026-04-03T01:41:59.726+0600][61.524s][info][gc,marking     ] GC(197) Concurrent Mark From Roots 103.091ms
[2026-04-03T01:41:59.726+0600][61.524s][info][gc,marking     ] GC(197) Concurrent Preclean
[2026-04-03T01:41:59.726+0600][61.524s][info][gc,marking     ] GC(197) Concurrent Preclean 0.646ms
[2026-04-03T01:41:59.727+0600][61.525s][info][gc,start       ] GC(197) Pause Remark
[2026-04-03T01:41:59.735+0600][61.534s][info][gc             ] GC(197) Pause Remark 225M->225M(428M) 8.852ms
[2026-04-03T01:41:59.736+0600][61.534s][info][gc,cpu         ] GC(197) User=0.07s Sys=0.00s Real=0.01s
[2026-04-03T01:41:59.736+0600][61.534s][info][gc,marking     ] GC(197) Concurrent Mark 113.362ms
[2026-04-03T01:41:59.736+0600][61.534s][info][gc,marking     ] GC(197) Concurrent Rebuild Remembered Sets and Scrub Regions
[2026-04-03T01:41:59.768+0600][61.566s][info][gc,marking     ] GC(197) Concurrent Rebuild Remembered Sets and Scrub Regions 31.845ms
[2026-04-03T01:41:59.768+0600][61.566s][info][gc,start       ] GC(197) Pause Cleanup
[2026-04-03T01:41:59.768+0600][61.566s][info][gc             ] GC(197) Pause Cleanup 257M->257M(428M) 0.264ms
[2026-04-03T01:41:59.768+0600][61.566s][info][gc,cpu         ] GC(197) User=0.01s Sys=0.00s Real=0.00s
[2026-04-03T01:41:59.768+0600][61.567s][info][gc,marking     ] GC(197) Concurrent Clear Claimed Marks
[2026-04-03T01:41:59.769+0600][61.567s][info][gc,marking     ] GC(197) Concurrent Clear Claimed Marks 0.293ms
[2026-04-03T01:41:59.769+0600][61.567s][info][gc,marking     ] GC(197) Concurrent Cleanup for Next Mark
[2026-04-03T01:41:59.769+0600][61.568s][info][gc,marking     ] GC(197) Concurrent Cleanup for Next Mark 0.727ms
[2026-04-03T01:41:59.769+0600][61.568s][info][gc             ] GC(197) Concurrent Mark Cycle 150.736ms
[2026-04-03T01:41:59.883+0600][61.681s][info][gc,start       ] GC(198) Pause Young (Prepare Mixed) (G1 Evacuation Pause)
[2026-04-03T01:41:59.883+0600][61.681s][info][gc,task        ] GC(198) Using 10 workers of 10 for evacuation
[2026-04-03T01:41:59.888+0600][61.686s][info][gc,phases      ] GC(198)   Pre Evacuate Collection Set: 0.29ms
[2026-04-03T01:41:59.888+0600][61.686s][info][gc,phases      ] GC(198)   Merge Heap Roots: 0.16ms
[2026-04-03T01:41:59.888+0600][61.686s][info][gc,phases      ] GC(198)   Evacuate Collection Set: 4.11ms
[2026-04-03T01:41:59.888+0600][61.686s][info][gc,phases      ] GC(198)   Post Evacuate Collection Set: 0.70ms
[2026-04-03T01:41:59.888+0600][61.686s][info][gc,phases      ] GC(198)   Other: 0.09ms
[2026-04-03T01:41:59.888+0600][61.686s][info][gc,heap        ] GC(198) Eden regions: 82->0(141)
[2026-04-03T01:41:59.888+0600][61.686s][info][gc,heap        ] GC(198) Survivor regions: 6->5(16)
[2026-04-03T01:41:59.888+0600][61.686s][info][gc,heap        ] GC(198) Old regions: 44->45
[2026-04-03T01:41:59.888+0600][61.686s][info][gc,heap        ] GC(198) Humongous regions: 106->12
[2026-04-03T01:41:59.888+0600][61.686s][info][gc,metaspace   ] GC(198) Metaspace: 131737K(133248K)->131737K(133248K) NonClass: 115137K(115904K)->115137K(115904K) Class: 16599K(17344K)->16599K(17344K)
[2026-04-03T01:41:59.888+0600][61.686s][info][gc             ] GC(198) Pause Young (Prepare Mixed) (G1 Evacuation Pause) 472M->118M(488M) 5.664ms
[2026-04-03T01:41:59.888+0600][61.686s][info][gc,cpu         ] GC(198) User=0.02s Sys=0.01s Real=0.00s
[2026-04-03T01:41:59.988+0600][61.786s][info][gc,start       ] GC(199) Pause Young (Mixed) (G1 Evacuation Pause)
[2026-04-03T01:41:59.988+0600][61.786s][info][gc,task        ] GC(199) Using 10 workers of 10 for evacuation
[2026-04-03T01:41:59.992+0600][61.790s][info][gc,phases      ] GC(199)   Pre Evacuate Collection Set: 0.28ms
[2026-04-03T01:41:59.992+0600][61.790s][info][gc,phases      ] GC(199)   Merge Heap Roots: 0.18ms
[2026-04-03T01:41:59.992+0600][61.790s][info][gc,phases      ] GC(199)   Evacuate Collection Set: 2.75ms
[2026-04-03T01:41:59.992+0600][61.790s][info][gc,phases      ] GC(199)   Post Evacuate Collection Set: 0.56ms
[2026-04-03T01:41:59.992+0600][61.790s][info][gc,phases      ] GC(199)   Other: 0.07ms
[2026-04-03T01:41:59.992+0600][61.790s][info][gc,heap        ] GC(199) Eden regions: 32->0(174)
[2026-04-03T01:41:59.992+0600][61.790s][info][gc,heap        ] GC(199) Survivor regions: 5->3(19)
[2026-04-03T01:41:59.992+0600][61.790s][info][gc,heap        ] GC(199) Old regions: 45->44
[2026-04-03T01:41:59.992+0600][61.790s][info][gc,heap        ] GC(199) Humongous regions: 210->12
[2026-04-03T01:41:59.992+0600][61.790s][info][gc,metaspace   ] GC(199) Metaspace: 131741K(133248K)->131741K(133248K) NonClass: 115142K(115904K)->115142K(115904K) Class: 16599K(17344K)->16599K(17344K)
[2026-04-03T01:41:59.992+0600][61.790s][info][gc             ] GC(199) Pause Young (Mixed) (G1 Evacuation Pause) 578M->115M(590M) 4.061ms
[2026-04-03T01:41:59.992+0600][61.791s][info][gc,cpu         ] GC(199) User=0.02s Sys=0.01s Real=0.01s
[2026-04-03T01:41:59.993+0600][61.791s][info][gc,start       ] GC(200) Pause Young (Concurrent Start) (G1 Humongous Allocation)
[2026-04-03T01:41:59.993+0600][61.791s][info][gc,task        ] GC(200) Using 10 workers of 10 for evacuation
[2026-04-03T01:41:59.995+0600][61.794s][info][gc,phases      ] GC(200)   Pre Evacuate Collection Set: 0.25ms
[2026-04-03T01:41:59.995+0600][61.794s][info][gc,phases      ] GC(200)   Merge Heap Roots: 0.08ms
[2026-04-03T01:41:59.995+0600][61.794s][info][gc,phases      ] GC(200)   Evacuate Collection Set: 1.71ms
[2026-04-03T01:41:59.995+0600][61.794s][info][gc,phases      ] GC(200)   Post Evacuate Collection Set: 0.39ms
[2026-04-03T01:41:59.995+0600][61.794s][info][gc,phases      ] GC(200)   Other: 0.08ms
[2026-04-03T01:41:59.995+0600][61.794s][info][gc,heap        ] GC(200) Eden regions: 2->0(174)
[2026-04-03T01:41:59.996+0600][61.794s][info][gc,heap        ] GC(200) Survivor regions: 3->3(23)
[2026-04-03T01:41:59.996+0600][61.794s][info][gc,heap        ] GC(200) Old regions: 44->44
[2026-04-03T01:41:59.996+0600][61.794s][info][gc,heap        ] GC(200) Humongous regions: 12->3
[2026-04-03T01:41:59.996+0600][61.794s][info][gc,metaspace   ] GC(200) Metaspace: 131741K(133248K)->131741K(133248K) NonClass: 115142K(115904K)->115142K(115904K) Class: 16599K(17344K)->16599K(17344K)
[2026-04-03T01:41:59.996+0600][61.794s][info][gc             ] GC(200) Pause Young (Concurrent Start) (G1 Humongous Allocation) 118M->97M(590M) 2.686ms
[2026-04-03T01:41:59.996+0600][61.794s][info][gc             ] GC(201) Concurrent Mark Cycle
[2026-04-03T01:41:59.996+0600][61.794s][info][gc,cpu         ] GC(200) User=0.01s Sys=0.00s Real=0.00s
[2026-04-03T01:41:59.996+0600][61.794s][info][gc,marking     ] GC(201) Concurrent Scan Root Regions
[2026-04-03T01:41:59.999+0600][61.797s][info][gc,marking     ] GC(201) Concurrent Scan Root Regions 3.093ms
[2026-04-03T01:41:59.999+0600][61.797s][info][gc,marking     ] GC(201) Concurrent Mark
[2026-04-03T01:41:59.999+0600][61.797s][info][gc,marking     ] GC(201) Concurrent Mark From Roots
[2026-04-03T01:41:59.999+0600][61.797s][info][gc,task        ] GC(201) Using 3 workers of 3 for marking
[2026-04-03T01:42:00.093+0600][61.892s][info][gc,marking     ] GC(201) Concurrent Mark From Roots 94.520ms
[2026-04-03T01:42:00.093+0600][61.892s][info][gc,marking     ] GC(201) Concurrent Preclean
[2026-04-03T01:42:00.094+0600][61.892s][info][gc,marking     ] GC(201) Concurrent Preclean 0.547ms
[2026-04-03T01:42:00.094+0600][61.892s][info][gc,start       ] GC(201) Pause Remark
[2026-04-03T01:42:00.102+0600][61.900s][info][gc             ] GC(201) Pause Remark 471M->471M(678M) 7.284ms
[2026-04-03T01:42:00.102+0600][61.900s][info][gc,cpu         ] GC(201) User=0.05s Sys=0.00s Real=0.01s
[2026-04-03T01:42:00.102+0600][61.900s][info][gc,marking     ] GC(201) Concurrent Mark 103.034ms
[2026-04-03T01:42:00.102+0600][61.900s][info][gc,marking     ] GC(201) Concurrent Rebuild Remembered Sets and Scrub Regions
[2026-04-03T01:42:00.128+0600][61.926s][info][gc,marking     ] GC(201) Concurrent Rebuild Remembered Sets and Scrub Regions 25.643ms
[2026-04-03T01:42:00.128+0600][61.926s][info][gc,start       ] GC(201) Pause Cleanup
[2026-04-03T01:42:00.129+0600][61.927s][info][gc             ] GC(201) Pause Cleanup 485M->485M(678M) 0.312ms
[2026-04-03T01:42:00.129+0600][61.927s][info][gc,cpu         ] GC(201) User=0.00s Sys=0.00s Real=0.00s
[2026-04-03T01:42:00.129+0600][61.927s][info][gc,marking     ] GC(201) Concurrent Clear Claimed Marks
[2026-04-03T01:42:00.129+0600][61.927s][info][gc,marking     ] GC(201) Concurrent Clear Claimed Marks 0.356ms
[2026-04-03T01:42:00.129+0600][61.927s][info][gc,marking     ] GC(201) Concurrent Cleanup for Next Mark
[2026-04-03T01:42:00.132+0600][61.930s][info][gc,marking     ] GC(201) Concurrent Cleanup for Next Mark 2.368ms
[2026-04-03T01:42:00.132+0600][61.930s][info][gc             ] GC(201) Concurrent Mark Cycle 136.001ms
[2026-04-03T01:42:00.446+0600][62.244s][info][gc,start       ] GC(202) Pause Young (Prepare Mixed) (G1 Evacuation Pause)
[2026-04-03T01:42:00.446+0600][62.244s][info][gc,task        ] GC(202) Using 10 workers of 10 for evacuation
[2026-04-03T01:42:00.450+0600][62.248s][info][gc,phases      ] GC(202)   Pre Evacuate Collection Set: 0.33ms
[2026-04-03T01:42:00.450+0600][62.248s][info][gc,phases      ] GC(202)   Merge Heap Roots: 0.28ms
[2026-04-03T01:42:00.450+0600][62.248s][info][gc,phases      ] GC(202)   Evacuate Collection Set: 2.59ms
[2026-04-03T01:42:00.450+0600][62.248s][info][gc,phases      ] GC(202)   Post Evacuate Collection Set: 0.62ms
[2026-04-03T01:42:00.450+0600][62.248s][info][gc,phases      ] GC(202)   Other: 0.09ms
[2026-04-03T01:42:00.450+0600][62.248s][info][gc,heap        ] GC(202) Eden regions: 97->0(202)
[2026-04-03T01:42:00.450+0600][62.248s][info][gc,heap        ] GC(202) Survivor regions: 3->3(23)
[2026-04-03T01:42:00.450+0600][62.248s][info][gc,heap        ] GC(202) Old regions: 44->44
[2026-04-03T01:42:00.450+0600][62.248s][info][gc,heap        ] GC(202) Humongous regions: 195->3
[2026-04-03T01:42:00.450+0600][62.248s][info][gc,metaspace   ] GC(202) Metaspace: 131758K(133248K)->131758K(133248K) NonClass: 115158K(115904K)->115158K(115904K) Class: 16600K(17344K)->16600K(17344K)
[2026-04-03T01:42:00.450+0600][62.248s][info][gc             ] GC(202) Pause Young (Prepare Mixed) (G1 Evacuation Pause) 675M->96M(684M) 4.188ms
[2026-04-03T01:42:00.450+0600][62.249s][info][gc,cpu         ] GC(202) User=0.02s Sys=0.01s Real=0.01s
[2026-04-03T01:42:00.904+0600][62.703s][info][gc,start       ] GC(203) Pause Young (Mixed) (G1 Evacuation Pause)
[2026-04-03T01:42:00.905+0600][62.703s][info][gc,task        ] GC(203) Using 10 workers of 10 for evacuation
[2026-04-03T01:42:00.908+0600][62.706s][info][gc,phases      ] GC(203)   Pre Evacuate Collection Set: 0.30ms
[2026-04-03T01:42:00.908+0600][62.706s][info][gc,phases      ] GC(203)   Merge Heap Roots: 0.17ms
[2026-04-03T01:42:00.908+0600][62.706s][info][gc,phases      ] GC(203)   Evacuate Collection Set: 2.57ms
[2026-04-03T01:42:00.908+0600][62.706s][info][gc,phases      ] GC(203)   Post Evacuate Collection Set: 0.49ms
[2026-04-03T01:42:00.908+0600][62.706s][info][gc,phases      ] GC(203)   Other: 0.12ms
[2026-04-03T01:42:00.908+0600][62.706s][info][gc,heap        ] GC(203) Eden regions: 174->0(208)
[2026-04-03T01:42:00.908+0600][62.706s][info][gc,heap        ] GC(203) Survivor regions: 3->3(26)
[2026-04-03T01:42:00.908+0600][62.706s][info][gc,heap        ] GC(203) Old regions: 44->44
[2026-04-03T01:42:00.908+0600][62.706s][info][gc,heap        ] GC(203) Humongous regions: 127->3
[2026-04-03T01:42:00.908+0600][62.706s][info][gc,metaspace   ] GC(203) Metaspace: 131761K(133248K)->131761K(133248K) NonClass: 115161K(115904K)->115161K(115904K) Class: 16600K(17344K)->16600K(17344K)
[2026-04-03T01:42:00.908+0600][62.706s][info][gc             ] GC(203) Pause Young (Mixed) (G1 Evacuation Pause) 692M->97M(704M) 3.903ms
[2026-04-03T01:42:00.908+0600][62.707s][info][gc,cpu         ] GC(203) User=0.02s Sys=0.01s Real=0.00s
[2026-04-03T01:42:00.926+0600][62.724s][info][gc,start       ] GC(204) Pause Young (Concurrent Start) (GCLocker Initiated GC)
[2026-04-03T01:42:00.926+0600][62.724s][info][gc,task        ] GC(204) Using 10 workers of 10 for evacuation
[2026-04-03T01:42:00.931+0600][62.730s][info][gc,phases      ] GC(204)   Pre Evacuate Collection Set: 0.40ms
[2026-04-03T01:42:00.932+0600][62.730s][info][gc,phases      ] GC(204)   Merge Heap Roots: 0.23ms
[2026-04-03T01:42:00.932+0600][62.730s][info][gc,phases      ] GC(204)   Evacuate Collection Set: 3.51ms
[2026-04-03T01:42:00.932+0600][62.730s][info][gc,phases      ] GC(204)   Post Evacuate Collection Set: 0.73ms
[2026-04-03T01:42:00.932+0600][62.730s][info][gc,phases      ] GC(204)   Other: 0.28ms
[2026-04-03T01:42:00.932+0600][62.730s][info][gc,heap        ] GC(204) Eden regions: 14->0(207)
[2026-04-03T01:42:00.932+0600][62.730s][info][gc,heap        ] GC(204) Survivor regions: 3->4(27)
[2026-04-03T01:42:00.932+0600][62.730s][info][gc,heap        ] GC(204) Old regions: 44->44
[2026-04-03T01:42:00.932+0600][62.730s][info][gc,heap        ] GC(204) Humongous regions: 3->3
[2026-04-03T01:42:00.932+0600][62.730s][info][gc,metaspace   ] GC(204) Metaspace: 131761K(133248K)->131761K(133248K) NonClass: 115161K(115904K)->115161K(115904K) Class: 16600K(17344K)->16600K(17344K)
[2026-04-03T01:42:00.932+0600][62.730s][info][gc             ] GC(204) Pause Young (Concurrent Start) (GCLocker Initiated GC) 125M->98M(704M) 5.451ms
[2026-04-03T01:42:00.932+0600][62.730s][info][gc             ] GC(205) Concurrent Mark Cycle
[2026-04-03T01:42:00.932+0600][62.730s][info][gc,cpu         ] GC(204) User=0.04s Sys=0.00s Real=0.01s
[2026-04-03T01:42:00.932+0600][62.730s][info][gc,marking     ] GC(205) Concurrent Scan Root Regions
[2026-04-03T01:42:00.936+0600][62.734s][info][gc,marking     ] GC(205) Concurrent Scan Root Regions 4.404ms
[2026-04-03T01:42:00.936+0600][62.734s][info][gc,marking     ] GC(205) Concurrent Mark
[2026-04-03T01:42:00.936+0600][62.734s][info][gc,marking     ] GC(205) Concurrent Mark From Roots
[2026-04-03T01:42:00.936+0600][62.734s][info][gc,task        ] GC(205) Using 3 workers of 3 for marking
[2026-04-03T01:42:01.048+0600][62.846s][info][gc,marking     ] GC(205) Concurrent Mark From Roots 111.393ms
[2026-04-03T01:42:01.048+0600][62.846s][info][gc,marking     ] GC(205) Concurrent Preclean
[2026-04-03T01:42:01.048+0600][62.847s][info][gc,marking     ] GC(205) Concurrent Preclean 0.615ms
[2026-04-03T01:42:01.049+0600][62.847s][info][gc,start       ] GC(205) Pause Remark
[2026-04-03T01:42:01.058+0600][62.856s][info][gc             ] GC(205) Pause Remark 240M->240M(560M) 8.907ms
[2026-04-03T01:42:01.058+0600][62.856s][info][gc,cpu         ] GC(205) User=0.07s Sys=0.01s Real=0.01s
[2026-04-03T01:42:01.058+0600][62.856s][info][gc,marking     ] GC(205) Concurrent Mark 121.713ms
[2026-04-03T01:42:01.058+0600][62.856s][info][gc,marking     ] GC(205) Concurrent Rebuild Remembered Sets and Scrub Regions
[2026-04-03T01:42:01.094+0600][62.892s][info][gc,marking     ] GC(205) Concurrent Rebuild Remembered Sets and Scrub Regions 35.852ms
[2026-04-03T01:42:01.094+0600][62.893s][info][gc,start       ] GC(205) Pause Cleanup
[2026-04-03T01:42:01.095+0600][62.893s][info][gc             ] GC(205) Pause Cleanup 286M->286M(560M) 0.262ms
[2026-04-03T01:42:01.095+0600][62.893s][info][gc,cpu         ] GC(205) User=0.00s Sys=0.00s Real=0.00s
[2026-04-03T01:42:01.095+0600][62.893s][info][gc,marking     ] GC(205) Concurrent Clear Claimed Marks
[2026-04-03T01:42:01.095+0600][62.893s][info][gc,marking     ] GC(205) Concurrent Clear Claimed Marks 0.433ms
[2026-04-03T01:42:01.095+0600][62.893s][info][gc,marking     ] GC(205) Concurrent Cleanup for Next Mark
[2026-04-03T01:42:01.097+0600][62.895s][info][gc,marking     ] GC(205) Concurrent Cleanup for Next Mark 1.393ms
[2026-04-03T01:42:01.097+0600][62.895s][info][gc             ] GC(205) Concurrent Mark Cycle 165.069ms
[2026-04-03T01:42:01.292+0600][63.090s][info][gc,start       ] GC(206) Pause Young (Prepare Mixed) (G1 Evacuation Pause)
[2026-04-03T01:42:01.292+0600][63.091s][info][gc,task        ] GC(206) Using 10 workers of 10 for evacuation
[2026-04-03T01:42:01.299+0600][63.097s][info][gc,phases      ] GC(206)   Pre Evacuate Collection Set: 0.44ms
[2026-04-03T01:42:01.299+0600][63.097s][info][gc,phases      ] GC(206)   Merge Heap Roots: 0.29ms
[2026-04-03T01:42:01.299+0600][63.097s][info][gc,phases      ] GC(206)   Evacuate Collection Set: 5.00ms
[2026-04-03T01:42:01.299+0600][63.097s][info][gc,phases      ] GC(206)   Post Evacuate Collection Set: 0.99ms
[2026-04-03T01:42:01.299+0600][63.097s][info][gc,phases      ] GC(206)   Other: 0.13ms
[2026-04-03T01:42:01.299+0600][63.098s][info][gc,heap        ] GC(206) Eden regions: 124->0(168)
[2026-04-03T01:42:01.299+0600][63.098s][info][gc,heap        ] GC(206) Survivor regions: 4->3(21)
[2026-04-03T01:42:01.299+0600][63.098s][info][gc,heap        ] GC(206) Old regions: 44->45
[2026-04-03T01:42:01.299+0600][63.098s][info][gc,heap        ] GC(206) Humongous regions: 110->3
[2026-04-03T01:42:01.299+0600][63.098s][info][gc,metaspace   ] GC(206) Metaspace: 131761K(133248K)->131761K(133248K) NonClass: 115161K(115904K)->115161K(115904K) Class: 16600K(17344K)->16600K(17344K)
[2026-04-03T01:42:01.299+0600][63.098s][info][gc             ] GC(206) Pause Young (Prepare Mixed) (G1 Evacuation Pause) 560M->97M(572M) 7.246ms
[2026-04-03T01:42:01.300+0600][63.098s][info][gc,cpu         ] GC(206) User=0.03s Sys=0.01s Real=0.00s
[2026-04-03T01:42:01.863+0600][63.661s][info][gc,start       ] GC(207) Pause Young (Mixed) (GCLocker Initiated GC)
[2026-04-03T01:42:01.863+0600][63.661s][info][gc,task        ] GC(207) Using 10 workers of 10 for evacuation
[2026-04-03T01:42:01.869+0600][63.667s][info][gc,phases      ] GC(207)   Pre Evacuate Collection Set: 0.47ms
[2026-04-03T01:42:01.869+0600][63.667s][info][gc,phases      ] GC(207)   Merge Heap Roots: 0.29ms
[2026-04-03T01:42:01.869+0600][63.667s][info][gc,phases      ] GC(207)   Evacuate Collection Set: 4.19ms
[2026-04-03T01:42:01.869+0600][63.667s][info][gc,phases      ] GC(207)   Post Evacuate Collection Set: 0.67ms
[2026-04-03T01:42:01.869+0600][63.667s][info][gc,phases      ] GC(207)   Other: 0.12ms
[2026-04-03T01:42:01.869+0600][63.667s][info][gc,heap        ] GC(207) Eden regions: 160->0(171)
[2026-04-03T01:42:01.869+0600][63.667s][info][gc,heap        ] GC(207) Survivor regions: 3->4(22)
[2026-04-03T01:42:01.869+0600][63.667s][info][gc,heap        ] GC(207) Old regions: 45->44
[2026-04-03T01:42:01.869+0600][63.667s][info][gc,heap        ] GC(207) Humongous regions: 80->3
[2026-04-03T01:42:01.869+0600][63.667s][info][gc,metaspace   ] GC(207) Metaspace: 131794K(133248K)->131794K(133248K) NonClass: 115194K(115904K)->115194K(115904K) Class: 16600K(17344K)->16600K(17344K)
[2026-04-03T01:42:01.869+0600][63.667s][info][gc             ] GC(207) Pause Young (Mixed) (GCLocker Initiated GC) 571M->98M(584M) 6.153ms
[2026-04-03T01:42:01.869+0600][63.667s][info][gc,cpu         ] GC(207) User=0.03s Sys=0.02s Real=0.00s
[2026-04-03T01:42:01.870+0600][63.669s][info][gc,start       ] GC(208) Pause Young (Concurrent Start) (GCLocker Initiated GC)
[2026-04-03T01:42:01.870+0600][63.669s][info][gc,task        ] GC(208) Using 10 workers of 10 for evacuation
[2026-04-03T01:42:01.874+0600][63.673s][info][gc,phases      ] GC(208)   Pre Evacuate Collection Set: 0.31ms
[2026-04-03T01:42:01.874+0600][63.673s][info][gc,phases      ] GC(208)   Merge Heap Roots: 0.12ms
[2026-04-03T01:42:01.874+0600][63.673s][info][gc,phases      ] GC(208)   Evacuate Collection Set: 2.64ms
[2026-04-03T01:42:01.874+0600][63.673s][info][gc,phases      ] GC(208)   Post Evacuate Collection Set: 0.63ms
[2026-04-03T01:42:01.874+0600][63.673s][info][gc,phases      ] GC(208)   Other: 0.18ms
[2026-04-03T01:42:01.874+0600][63.673s][info][gc,heap        ] GC(208) Eden regions: 3->0(171)
[2026-04-03T01:42:01.875+0600][63.673s][info][gc,heap        ] GC(208) Survivor regions: 4->4(22)
[2026-04-03T01:42:01.875+0600][63.673s][info][gc,heap        ] GC(208) Old regions: 44->44
[2026-04-03T01:42:01.875+0600][63.673s][info][gc,heap        ] GC(208) Humongous regions: 3->3
[2026-04-03T01:42:01.875+0600][63.673s][info][gc,metaspace   ] GC(208) Metaspace: 131794K(133248K)->131794K(133248K) NonClass: 115194K(115904K)->115194K(115904K) Class: 16600K(17344K)->16600K(17344K)
[2026-04-03T01:42:01.875+0600][63.673s][info][gc             ] GC(208) Pause Young (Concurrent Start) (GCLocker Initiated GC) 104M->99M(584M) 4.216ms
[2026-04-03T01:42:01.875+0600][63.673s][info][gc             ] GC(209) Concurrent Mark Cycle
[2026-04-03T01:42:01.875+0600][63.673s][info][gc,cpu         ] GC(208) User=0.03s Sys=0.00s Real=0.00s
[2026-04-03T01:42:01.875+0600][63.673s][info][gc,marking     ] GC(209) Concurrent Scan Root Regions
[2026-04-03T01:42:01.878+0600][63.676s][info][gc,marking     ] GC(209) Concurrent Scan Root Regions 3.410ms
[2026-04-03T01:42:01.878+0600][63.676s][info][gc,marking     ] GC(209) Concurrent Mark
[2026-04-03T01:42:01.878+0600][63.676s][info][gc,marking     ] GC(209) Concurrent Mark From Roots
[2026-04-03T01:42:01.878+0600][63.676s][info][gc,task        ] GC(209) Using 3 workers of 3 for marking
[2026-04-03T01:42:02.001+0600][63.799s][info][gc,marking     ] GC(209) Concurrent Mark From Roots 122.459ms
[2026-04-03T01:42:02.001+0600][63.799s][info][gc,marking     ] GC(209) Concurrent Preclean
[2026-04-03T01:42:02.002+0600][63.800s][info][gc,marking     ] GC(209) Concurrent Preclean 0.788ms
[2026-04-03T01:42:02.002+0600][63.800s][info][gc,start       ] GC(209) Pause Remark
[2026-04-03T01:42:02.012+0600][63.810s][info][gc             ] GC(209) Pause Remark 232M->232M(548M) 9.518ms
[2026-04-03T01:42:02.012+0600][63.810s][info][gc,cpu         ] GC(209) User=0.08s Sys=0.00s Real=0.01s
[2026-04-03T01:42:02.012+0600][63.810s][info][gc,marking     ] GC(209) Concurrent Mark 133.714ms
[2026-04-03T01:42:02.012+0600][63.810s][info][gc,marking     ] GC(209) Concurrent Rebuild Remembered Sets and Scrub Regions
[2026-04-03T01:42:02.051+0600][63.849s][info][gc,marking     ] GC(209) Concurrent Rebuild Remembered Sets and Scrub Regions 38.689ms
[2026-04-03T01:42:02.051+0600][63.849s][info][gc,start       ] GC(209) Pause Cleanup
[2026-04-03T01:42:02.051+0600][63.850s][info][gc             ] GC(209) Pause Cleanup 279M->279M(548M) 0.287ms
[2026-04-03T01:42:02.052+0600][63.850s][info][gc,cpu         ] GC(209) User=0.00s Sys=0.00s Real=0.00s
[2026-04-03T01:42:02.052+0600][63.850s][info][gc,marking     ] GC(209) Concurrent Clear Claimed Marks
[2026-04-03T01:42:02.052+0600][63.850s][info][gc,marking     ] GC(209) Concurrent Clear Claimed Marks 0.408ms
[2026-04-03T01:42:02.052+0600][63.850s][info][gc,marking     ] GC(209) Concurrent Cleanup for Next Mark
[2026-04-03T01:42:02.053+0600][63.851s][info][gc,marking     ] GC(209) Concurrent Cleanup for Next Mark 0.955ms
[2026-04-03T01:42:02.053+0600][63.851s][info][gc             ] GC(209) Concurrent Mark Cycle 178.442ms
[2026-04-03T01:42:02.231+0600][64.029s][info][gc,start       ] GC(210) Pause Young (Prepare Mixed) (G1 Evacuation Pause)
[2026-04-03T01:42:02.231+0600][64.029s][info][gc,task        ] GC(210) Using 10 workers of 10 for evacuation
[2026-04-03T01:42:02.235+0600][64.033s][info][gc,phases      ] GC(210)   Pre Evacuate Collection Set: 0.30ms
[2026-04-03T01:42:02.235+0600][64.033s][info][gc,phases      ] GC(210)   Merge Heap Roots: 0.16ms
[2026-04-03T01:42:02.235+0600][64.033s][info][gc,phases      ] GC(210)   Evacuate Collection Set: 2.77ms
[2026-04-03T01:42:02.235+0600][64.033s][info][gc,phases      ] GC(210)   Post Evacuate Collection Set: 0.64ms
[2026-04-03T01:42:02.235+0600][64.033s][info][gc,phases      ] GC(210)   Other: 0.09ms
[2026-04-03T01:42:02.235+0600][64.033s][info][gc,heap        ] GC(210) Eden regions: 122->0(168)
[2026-04-03T01:42:02.235+0600][64.033s][info][gc,heap        ] GC(210) Survivor regions: 4->3(21)
[2026-04-03T01:42:02.235+0600][64.033s][info][gc,heap        ] GC(210) Old regions: 44->45
[2026-04-03T01:42:02.235+0600][64.033s][info][gc,heap        ] GC(210) Humongous regions: 111->3
[2026-04-03T01:42:02.235+0600][64.033s][info][gc,metaspace   ] GC(210) Metaspace: 131797K(133248K)->131797K(133248K) NonClass: 115197K(115904K)->115197K(115904K) Class: 16600K(17344K)->16600K(17344K)
[2026-04-03T01:42:02.235+0600][64.033s][info][gc             ] GC(210) Pause Young (Prepare Mixed) (G1 Evacuation Pause) 559M->98M(570M) 4.201ms
[2026-04-03T01:42:02.235+0600][64.033s][info][gc,cpu         ] GC(210) User=0.03s Sys=0.01s Real=0.00s
[2026-04-03T01:42:02.633+0600][64.431s][info][gc,start       ] GC(211) Pause Young (Mixed) (G1 Evacuation Pause)
[2026-04-03T01:42:02.633+0600][64.431s][info][gc,task        ] GC(211) Using 10 workers of 10 for evacuation
[2026-04-03T01:42:02.639+0600][64.437s][info][gc,phases      ] GC(211)   Pre Evacuate Collection Set: 0.36ms
[2026-04-03T01:42:02.639+0600][64.438s][info][gc,phases      ] GC(211)   Merge Heap Roots: 0.25ms
[2026-04-03T01:42:02.639+0600][64.438s][info][gc,phases      ] GC(211)   Evacuate Collection Set: 4.38ms
[2026-04-03T01:42:02.639+0600][64.438s][info][gc,phases      ] GC(211)   Post Evacuate Collection Set: 0.92ms
[2026-04-03T01:42:02.639+0600][64.438s][info][gc,phases      ] GC(211)   Other: 0.12ms
[2026-04-03T01:42:02.639+0600][64.438s][info][gc,heap        ] GC(211) Eden regions: 142->0(169)
[2026-04-03T01:42:02.639+0600][64.438s][info][gc,heap        ] GC(211) Survivor regions: 3->4(22)
[2026-04-03T01:42:02.639+0600][64.438s][info][gc,heap        ] GC(211) Old regions: 45->44
[2026-04-03T01:42:02.639+0600][64.438s][info][gc,heap        ] GC(211) Humongous regions: 95->3
[2026-04-03T01:42:02.639+0600][64.438s][info][gc,metaspace   ] GC(211) Metaspace: 131797K(133248K)->131797K(133248K) NonClass: 115197K(115904K)->115197K(115904K) Class: 16600K(17344K)->16600K(17344K)
[2026-04-03T01:42:02.640+0600][64.438s][info][gc             ] GC(211) Pause Young (Mixed) (G1 Evacuation Pause) 566M->99M(578M) 6.392ms
[2026-04-03T01:42:02.640+0600][64.438s][info][gc,cpu         ] GC(211) User=0.03s Sys=0.01s Real=0.00s
[2026-04-03T01:42:02.641+0600][64.439s][info][gc,start       ] GC(212) Pause Young (Concurrent Start) (G1 Humongous Allocation)
[2026-04-03T01:42:02.641+0600][64.439s][info][gc,task        ] GC(212) Using 10 workers of 10 for evacuation
[2026-04-03T01:42:02.645+0600][64.444s][info][gc,phases      ] GC(212)   Pre Evacuate Collection Set: 0.29ms
[2026-04-03T01:42:02.645+0600][64.444s][info][gc,phases      ] GC(212)   Merge Heap Roots: 0.16ms
[2026-04-03T01:42:02.645+0600][64.444s][info][gc,phases      ] GC(212)   Evacuate Collection Set: 2.61ms
[2026-04-03T01:42:02.645+0600][64.444s][info][gc,phases      ] GC(212)   Post Evacuate Collection Set: 1.20ms
[2026-04-03T01:42:02.646+0600][64.444s][info][gc,phases      ] GC(212)   Other: 0.20ms
[2026-04-03T01:42:02.646+0600][64.444s][info][gc,heap        ] GC(212) Eden regions: 2->0(204)
[2026-04-03T01:42:02.646+0600][64.444s][info][gc,heap        ] GC(212) Survivor regions: 4->4(22)
[2026-04-03T01:42:02.646+0600][64.444s][info][gc,heap        ] GC(212) Old regions: 44->44
[2026-04-03T01:42:02.646+0600][64.444s][info][gc,heap        ] GC(212) Humongous regions: 3->3
[2026-04-03T01:42:02.646+0600][64.444s][info][gc,metaspace   ] GC(212) Metaspace: 131797K(133248K)->131797K(133248K) NonClass: 115197K(115904K)->115197K(115904K) Class: 16600K(17344K)->16600K(17344K)
[2026-04-03T01:42:02.646+0600][64.444s][info][gc             ] GC(212) Pause Young (Concurrent Start) (G1 Humongous Allocation) 103M->100M(694M) 4.801ms
[2026-04-03T01:42:02.646+0600][64.444s][info][gc             ] GC(213) Concurrent Mark Cycle
[2026-04-03T01:42:02.646+0600][64.444s][info][gc,marking     ] GC(213) Concurrent Scan Root Regions
[2026-04-03T01:42:02.646+0600][64.444s][info][gc,cpu         ] GC(212) User=0.03s Sys=0.00s Real=0.00s
[2026-04-03T01:42:02.649+0600][64.447s][info][gc,marking     ] GC(213) Concurrent Scan Root Regions 3.099ms
[2026-04-03T01:42:02.649+0600][64.447s][info][gc,marking     ] GC(213) Concurrent Mark
[2026-04-03T01:42:02.649+0600][64.447s][info][gc,marking     ] GC(213) Concurrent Mark From Roots
[2026-04-03T01:42:02.649+0600][64.447s][info][gc,task        ] GC(213) Using 3 workers of 3 for marking
[2026-04-03T01:42:02.725+0600][64.523s][info][gc,marking     ] GC(213) Concurrent Mark From Roots 75.574ms
[2026-04-03T01:42:02.725+0600][64.523s][info][gc,marking     ] GC(213) Concurrent Preclean
[2026-04-03T01:42:02.725+0600][64.523s][info][gc,marking     ] GC(213) Concurrent Preclean 0.585ms
[2026-04-03T01:42:02.726+0600][64.524s][info][gc,start       ] GC(213) Pause Remark
[2026-04-03T01:42:02.735+0600][64.533s][info][gc             ] GC(213) Pause Remark 168M->168M(394M) 9.129ms
[2026-04-03T01:42:02.735+0600][64.533s][info][gc,cpu         ] GC(213) User=0.07s Sys=0.00s Real=0.01s
[2026-04-03T01:42:02.736+0600][64.534s][info][gc,marking     ] GC(213) Concurrent Mark 86.827ms
[2026-04-03T01:42:02.736+0600][64.534s][info][gc,marking     ] GC(213) Concurrent Rebuild Remembered Sets and Scrub Regions
[2026-04-03T01:42:02.776+0600][64.574s][info][gc,marking     ] GC(213) Concurrent Rebuild Remembered Sets and Scrub Regions 39.582ms
[2026-04-03T01:42:02.776+0600][64.574s][info][gc,start       ] GC(213) Pause Cleanup
[2026-04-03T01:42:02.776+0600][64.575s][info][gc             ] GC(213) Pause Cleanup 202M->202M(394M) 0.305ms
[2026-04-03T01:42:02.776+0600][64.575s][info][gc,cpu         ] GC(213) User=0.00s Sys=0.00s Real=0.00s
[2026-04-03T01:42:02.777+0600][64.575s][info][gc,marking     ] GC(213) Concurrent Clear Claimed Marks
[2026-04-03T01:42:02.777+0600][64.575s][info][gc,marking     ] GC(213) Concurrent Clear Claimed Marks 0.366ms
[2026-04-03T01:42:02.777+0600][64.575s][info][gc,marking     ] GC(213) Concurrent Cleanup for Next Mark
[2026-04-03T01:42:02.778+0600][64.576s][info][gc,marking     ] GC(213) Concurrent Cleanup for Next Mark 1.209ms
[2026-04-03T01:42:02.778+0600][64.576s][info][gc             ] GC(213) Concurrent Mark Cycle 132.453ms
[2026-04-03T01:42:02.944+0600][64.743s][info][gc,start       ] GC(214) Pause Young (Prepare Mixed) (G1 Evacuation Pause)
[2026-04-03T01:42:02.945+0600][64.743s][info][gc,task        ] GC(214) Using 9 workers of 10 for evacuation
[2026-04-03T01:42:02.949+0600][64.747s][info][gc,phases      ] GC(214)   Pre Evacuate Collection Set: 0.56ms
[2026-04-03T01:42:02.949+0600][64.747s][info][gc,phases      ] GC(214)   Merge Heap Roots: 0.23ms
[2026-04-03T01:42:02.949+0600][64.747s][info][gc,phases      ] GC(214)   Evacuate Collection Set: 2.59ms
[2026-04-03T01:42:02.949+0600][64.747s][info][gc,phases      ] GC(214)   Post Evacuate Collection Set: 0.70ms
[2026-04-03T01:42:02.949+0600][64.747s][info][gc,phases      ] GC(214)   Other: 0.11ms
[2026-04-03T01:42:02.949+0600][64.747s][info][gc,heap        ] GC(214) Eden regions: 111->0(117)
[2026-04-03T01:42:02.949+0600][64.747s][info][gc,heap        ] GC(214) Survivor regions: 4->3(15)
[2026-04-03T01:42:02.949+0600][64.747s][info][gc,heap        ] GC(214) Old regions: 44->45
[2026-04-03T01:42:02.949+0600][64.747s][info][gc,heap        ] GC(214) Humongous regions: 38->3
[2026-04-03T01:42:02.949+0600][64.747s][info][gc,metaspace   ] GC(214) Metaspace: 131799K(133248K)->131799K(133248K) NonClass: 115199K(115904K)->115199K(115904K) Class: 16600K(17344K)->16600K(17344K)
[2026-04-03T01:42:02.949+0600][64.747s][info][gc             ] GC(214) Pause Young (Prepare Mixed) (G1 Evacuation Pause) 392M->98M(402M) 4.561ms
[2026-04-03T01:42:02.949+0600][64.747s][info][gc,cpu         ] GC(214) User=0.02s Sys=0.01s Real=0.00s
[2026-04-03T01:42:03.031+0600][64.829s][info][gc,start       ] GC(215) Pause Young (Mixed) (G1 Evacuation Pause)
[2026-04-03T01:42:03.031+0600][64.830s][info][gc,task        ] GC(215) Using 10 workers of 10 for evacuation
[2026-04-03T01:42:03.037+0600][64.835s][info][gc,phases      ] GC(215)   Pre Evacuate Collection Set: 0.48ms
[2026-04-03T01:42:03.037+0600][64.835s][info][gc,phases      ] GC(215)   Merge Heap Roots: 0.26ms
[2026-04-03T01:42:03.037+0600][64.835s][info][gc,phases      ] GC(215)   Evacuate Collection Set: 3.90ms
[2026-04-03T01:42:03.037+0600][64.835s][info][gc,phases      ] GC(215)   Post Evacuate Collection Set: 0.83ms
[2026-04-03T01:42:03.037+0600][64.835s][info][gc,phases      ] GC(215)   Other: 0.11ms
[2026-04-03T01:42:03.037+0600][64.835s][info][gc,heap        ] GC(215) Eden regions: 26->0(147)
[2026-04-03T01:42:03.037+0600][64.835s][info][gc,heap        ] GC(215) Survivor regions: 3->3(15)
[2026-04-03T01:42:03.037+0600][64.835s][info][gc,heap        ] GC(215) Old regions: 45->44
[2026-04-03T01:42:03.037+0600][64.835s][info][gc,heap        ] GC(215) Humongous regions: 173->12
[2026-04-03T01:42:03.037+0600][64.835s][info][gc,metaspace   ] GC(215) Metaspace: 131799K(133248K)->131799K(133248K) NonClass: 115199K(115904K)->115199K(115904K) Class: 16600K(17344K)->16600K(17344K)
[2026-04-03T01:42:03.037+0600][64.835s][info][gc             ] GC(215) Pause Young (Mixed) (G1 Evacuation Pause) 490M->115M(500M) 5.908ms
[2026-04-03T01:42:03.037+0600][64.835s][info][gc,cpu         ] GC(215) User=0.03s Sys=0.00s Real=0.00s
[2026-04-03T01:42:03.038+0600][64.836s][info][gc,start       ] GC(216) Pause Young (Concurrent Start) (G1 Humongous Allocation)
[2026-04-03T01:42:03.038+0600][64.836s][info][gc,task        ] GC(216) Using 10 workers of 10 for evacuation
[2026-04-03T01:42:03.041+0600][64.839s][info][gc,phases      ] GC(216)   Pre Evacuate Collection Set: 0.40ms
[2026-04-03T01:42:03.041+0600][64.839s][info][gc,phases      ] GC(216)   Merge Heap Roots: 0.11ms
[2026-04-03T01:42:03.041+0600][64.839s][info][gc,phases      ] GC(216)   Evacuate Collection Set: 1.73ms
[2026-04-03T01:42:03.041+0600][64.839s][info][gc,phases      ] GC(216)   Post Evacuate Collection Set: 0.65ms
[2026-04-03T01:42:03.041+0600][64.839s][info][gc,phases      ] GC(216)   Other: 0.13ms
[2026-04-03T01:42:03.041+0600][64.839s][info][gc,heap        ] GC(216) Eden regions: 1->0(147)
[2026-04-03T01:42:03.041+0600][64.839s][info][gc,heap        ] GC(216) Survivor regions: 3->3(19)
[2026-04-03T01:42:03.041+0600][64.839s][info][gc,heap        ] GC(216) Old regions: 44->44
[2026-04-03T01:42:03.041+0600][64.839s][info][gc,heap        ] GC(216) Humongous regions: 12->3
[2026-04-03T01:42:03.041+0600][64.839s][info][gc,metaspace   ] GC(216) Metaspace: 131799K(133248K)->131799K(133248K) NonClass: 115199K(115904K)->115199K(115904K) Class: 16600K(17344K)->16600K(17344K)
[2026-04-03T01:42:03.041+0600][64.840s][info][gc             ] GC(216) Pause Young (Concurrent Start) (G1 Humongous Allocation) 117M->97M(500M) 3.304ms
[2026-04-03T01:42:03.041+0600][64.840s][info][gc,cpu         ] GC(216) User=0.02s Sys=0.00s Real=0.01s
[2026-04-03T01:42:03.041+0600][64.840s][info][gc             ] GC(217) Concurrent Mark Cycle
[2026-04-03T01:42:03.042+0600][64.840s][info][gc,marking     ] GC(217) Concurrent Scan Root Regions
[2026-04-03T01:42:03.044+0600][64.842s][info][gc,marking     ] GC(217) Concurrent Scan Root Regions 2.215ms
[2026-04-03T01:42:03.044+0600][64.842s][info][gc,marking     ] GC(217) Concurrent Mark
[2026-04-03T01:42:03.044+0600][64.842s][info][gc,marking     ] GC(217) Concurrent Mark From Roots
[2026-04-03T01:42:03.044+0600][64.842s][info][gc,task        ] GC(217) Using 3 workers of 3 for marking
[2026-04-03T01:42:03.134+0600][64.933s][info][gc,marking     ] GC(217) Concurrent Mark From Roots 90.529ms
[2026-04-03T01:42:03.135+0600][64.933s][info][gc,marking     ] GC(217) Concurrent Preclean
[2026-04-03T01:42:03.135+0600][64.933s][info][gc,marking     ] GC(217) Concurrent Preclean 0.476ms
[2026-04-03T01:42:03.136+0600][64.934s][info][gc,start       ] GC(217) Pause Remark
[2026-04-03T01:42:03.145+0600][64.943s][info][gc             ] GC(217) Pause Remark 261M->261M(500M) 8.681ms
[2026-04-03T01:42:03.145+0600][64.943s][info][gc,cpu         ] GC(217) User=0.06s Sys=0.00s Real=0.01s
[2026-04-03T01:42:03.145+0600][64.943s][info][gc,marking     ] GC(217) Concurrent Mark 101.400ms
[2026-04-03T01:42:03.145+0600][64.943s][info][gc,marking     ] GC(217) Concurrent Rebuild Remembered Sets and Scrub Regions
[2026-04-03T01:42:03.175+0600][64.974s][info][gc,start       ] GC(218) Pause Young (Normal) (G1 Evacuation Pause)
[2026-04-03T01:42:03.176+0600][64.974s][info][gc,task        ] GC(218) Using 10 workers of 10 for evacuation
[2026-04-03T01:42:03.180+0600][64.979s][info][gc,phases      ] GC(218)   Pre Evacuate Collection Set: 0.49ms
[2026-04-03T01:42:03.181+0600][64.979s][info][gc,phases      ] GC(218)   Merge Heap Roots: 0.23ms
[2026-04-03T01:42:03.181+0600][64.979s][info][gc,phases      ] GC(218)   Evacuate Collection Set: 3.14ms
[2026-04-03T01:42:03.181+0600][64.979s][info][gc,phases      ] GC(218)   Post Evacuate Collection Set: 0.92ms
[2026-04-03T01:42:03.181+0600][64.979s][info][gc,phases      ] GC(218)   Other: 0.13ms
[2026-04-03T01:42:03.181+0600][64.979s][info][gc,heap        ] GC(218) Eden regions: 28->0(155)
[2026-04-03T01:42:03.181+0600][64.979s][info][gc,heap        ] GC(218) Survivor regions: 3->3(19)
[2026-04-03T01:42:03.181+0600][64.979s][info][gc,heap        ] GC(218) Old regions: 44->44
[2026-04-03T01:42:03.181+0600][64.979s][info][gc,heap        ] GC(218) Humongous regions: 186->12
[2026-04-03T01:42:03.181+0600][64.979s][info][gc,metaspace   ] GC(218) Metaspace: 131800K(133248K)->131800K(133248K) NonClass: 115200K(115904K)->115200K(115904K) Class: 16600K(17344K)->16600K(17344K)
[2026-04-03T01:42:03.181+0600][64.979s][info][gc             ] GC(218) Pause Young (Normal) (G1 Evacuation Pause) 519M->116M(528M) 5.291ms
[2026-04-03T01:42:03.181+0600][64.979s][info][gc,cpu         ] GC(218) User=0.02s Sys=0.01s Real=0.01s
[2026-04-03T01:42:03.185+0600][64.983s][info][gc,marking     ] GC(217) Concurrent Rebuild Remembered Sets and Scrub Regions 39.785ms
[2026-04-03T01:42:03.186+0600][64.984s][info][gc,start       ] GC(217) Pause Cleanup
[2026-04-03T01:42:03.187+0600][64.985s][info][gc             ] GC(217) Pause Cleanup 193M->193M(528M) 0.486ms
[2026-04-03T01:42:03.187+0600][64.985s][info][gc,cpu         ] GC(217) User=0.00s Sys=0.00s Real=0.00s
[2026-04-03T01:42:03.187+0600][64.985s][info][gc,marking     ] GC(217) Concurrent Clear Claimed Marks
[2026-04-03T01:42:03.187+0600][64.985s][info][gc,marking     ] GC(217) Concurrent Clear Claimed Marks 0.393ms
[2026-04-03T01:42:03.187+0600][64.985s][info][gc,marking     ] GC(217) Concurrent Cleanup for Next Mark
[2026-04-03T01:42:03.189+0600][64.987s][info][gc,marking     ] GC(217) Concurrent Cleanup for Next Mark 1.638ms
[2026-04-03T01:42:03.189+0600][64.987s][info][gc             ] GC(217) Concurrent Mark Cycle 147.355ms
[2026-04-03T01:42:03.507+0600][65.305s][info][gc,start       ] GC(219) Pause Young (Prepare Mixed) (G1 Evacuation Pause)
[2026-04-03T01:42:03.507+0600][65.305s][info][gc,task        ] GC(219) Using 10 workers of 10 for evacuation
[2026-04-03T01:42:03.510+0600][65.309s][info][gc,phases      ] GC(219)   Pre Evacuate Collection Set: 0.28ms
[2026-04-03T01:42:03.510+0600][65.309s][info][gc,phases      ] GC(219)   Merge Heap Roots: 0.14ms
[2026-04-03T01:42:03.510+0600][65.309s][info][gc,phases      ] GC(219)   Evacuate Collection Set: 1.98ms
[2026-04-03T01:42:03.510+0600][65.309s][info][gc,phases      ] GC(219)   Post Evacuate Collection Set: 0.91ms
[2026-04-03T01:42:03.510+0600][65.309s][info][gc,phases      ] GC(219)   Other: 0.08ms
[2026-04-03T01:42:03.510+0600][65.309s][info][gc,heap        ] GC(219) Eden regions: 92->0(234)
[2026-04-03T01:42:03.510+0600][65.309s][info][gc,heap        ] GC(219) Survivor regions: 3->3(20)
[2026-04-03T01:42:03.510+0600][65.309s][info][gc,heap        ] GC(219) Old regions: 44->44
[2026-04-03T01:42:03.510+0600][65.309s][info][gc,heap        ] GC(219) Humongous regions: 125->3
[2026-04-03T01:42:03.510+0600][65.309s][info][gc,metaspace   ] GC(219) Metaspace: 131823K(133248K)->131823K(133248K) NonClass: 115222K(115904K)->115222K(115904K) Class: 16600K(17344K)->16600K(17344K)
[2026-04-03T01:42:03.510+0600][65.309s][info][gc             ] GC(219) Pause Young (Prepare Mixed) (G1 Evacuation Pause) 526M->97M(792M) 3.606ms
[2026-04-03T01:42:03.511+0600][65.309s][info][gc,cpu         ] GC(219) User=0.02s Sys=0.00s Real=0.01s
[2026-04-03T01:42:04.111+0600][65.909s][info][gc,start       ] GC(220) Pause Young (Mixed) (G1 Evacuation Pause)
[2026-04-03T01:42:04.111+0600][65.909s][info][gc,task        ] GC(220) Using 10 workers of 10 for evacuation
[2026-04-03T01:42:04.117+0600][65.915s][info][gc,phases      ] GC(220)   Pre Evacuate Collection Set: 0.33ms
[2026-04-03T01:42:04.117+0600][65.915s][info][gc,phases      ] GC(220)   Merge Heap Roots: 0.24ms
[2026-04-03T01:42:04.117+0600][65.915s][info][gc,phases      ] GC(220)   Evacuate Collection Set: 4.30ms
[2026-04-03T01:42:04.117+0600][65.915s][info][gc,phases      ] GC(220)   Post Evacuate Collection Set: 0.67ms
[2026-04-03T01:42:04.117+0600][65.915s][info][gc,phases      ] GC(220)   Other: 0.11ms
[2026-04-03T01:42:04.117+0600][65.915s][info][gc,heap        ] GC(220) Eden regions: 203->0(238)
[2026-04-03T01:42:04.117+0600][65.915s][info][gc,heap        ] GC(220) Survivor regions: 3->4(30)
[2026-04-03T01:42:04.117+0600][65.915s][info][gc,heap        ] GC(220) Old regions: 44->44
[2026-04-03T01:42:04.117+0600][65.915s][info][gc,heap        ] GC(220) Humongous regions: 149->3
[2026-04-03T01:42:04.117+0600][65.915s][info][gc,metaspace   ] GC(220) Metaspace: 131824K(133248K)->131824K(133248K) NonClass: 115224K(115904K)->115224K(115904K) Class: 16600K(17344K)->16600K(17344K)
[2026-04-03T01:42:04.117+0600][65.915s][info][gc             ] GC(220) Pause Young (Mixed) (G1 Evacuation Pause) 795M->99M(808M) 5.962ms
[2026-04-03T01:42:04.117+0600][65.915s][info][gc,cpu         ] GC(220) User=0.05s Sys=0.01s Real=0.00s
[2026-04-03T01:42:04.132+0600][65.930s][info][gc,start       ] GC(221) Pause Young (Concurrent Start) (GCLocker Initiated GC)
[2026-04-03T01:42:04.132+0600][65.930s][info][gc,task        ] GC(221) Using 10 workers of 10 for evacuation
[2026-04-03T01:42:04.137+0600][65.935s][info][gc,phases      ] GC(221)   Pre Evacuate Collection Set: 0.40ms
[2026-04-03T01:42:04.137+0600][65.935s][info][gc,phases      ] GC(221)   Merge Heap Roots: 0.26ms
[2026-04-03T01:42:04.137+0600][65.935s][info][gc,phases      ] GC(221)   Evacuate Collection Set: 3.42ms
[2026-04-03T01:42:04.137+0600][65.935s][info][gc,phases      ] GC(221)   Post Evacuate Collection Set: 0.70ms
[2026-04-03T01:42:04.137+0600][65.935s][info][gc,phases      ] GC(221)   Other: 0.16ms
[2026-04-03T01:42:04.137+0600][65.935s][info][gc,heap        ] GC(221) Eden regions: 11->0(238)
[2026-04-03T01:42:04.137+0600][65.935s][info][gc,heap        ] GC(221) Survivor regions: 4->4(31)
[2026-04-03T01:42:04.137+0600][65.935s][info][gc,heap        ] GC(221) Old regions: 44->44
[2026-04-03T01:42:04.137+0600][65.935s][info][gc,heap        ] GC(221) Humongous regions: 3->3
[2026-04-03T01:42:04.137+0600][65.935s][info][gc,metaspace   ] GC(221) Metaspace: 131824K(133248K)->131824K(133248K) NonClass: 115224K(115904K)->115224K(115904K) Class: 16600K(17344K)->16600K(17344K)
[2026-04-03T01:42:04.137+0600][65.935s][info][gc             ] GC(221) Pause Young (Concurrent Start) (GCLocker Initiated GC) 121M->99M(808M) 5.264ms
[2026-04-03T01:42:04.137+0600][65.936s][info][gc             ] GC(222) Concurrent Mark Cycle
[2026-04-03T01:42:04.137+0600][65.936s][info][gc,marking     ] GC(222) Concurrent Scan Root Regions
[2026-04-03T01:42:04.137+0600][65.936s][info][gc,cpu         ] GC(221) User=0.04s Sys=0.00s Real=0.00s
[2026-04-03T01:42:04.141+0600][65.940s][info][gc,marking     ] GC(222) Concurrent Scan Root Regions 3.908ms
[2026-04-03T01:42:04.141+0600][65.940s][info][gc,marking     ] GC(222) Concurrent Mark
[2026-04-03T01:42:04.141+0600][65.940s][info][gc,marking     ] GC(222) Concurrent Mark From Roots
[2026-04-03T01:42:04.141+0600][65.940s][info][gc,task        ] GC(222) Using 3 workers of 3 for marking
[2026-04-03T01:42:04.258+0600][66.056s][info][gc,marking     ] GC(222) Concurrent Mark From Roots 116.122ms
[2026-04-03T01:42:04.258+0600][66.056s][info][gc,marking     ] GC(222) Concurrent Preclean
[2026-04-03T01:42:04.258+0600][66.056s][info][gc,marking     ] GC(222) Concurrent Preclean 0.549ms
[2026-04-03T01:42:04.259+0600][66.057s][info][gc,start       ] GC(222) Pause Remark
[2026-04-03T01:42:04.267+0600][66.065s][info][gc             ] GC(222) Pause Remark 243M->243M(560M) 8.276ms
[2026-04-03T01:42:04.267+0600][66.065s][info][gc,cpu         ] GC(222) User=0.07s Sys=0.00s Real=0.01s
[2026-04-03T01:42:04.267+0600][66.065s][info][gc,marking     ] GC(222) Concurrent Mark 125.704ms
[2026-04-03T01:42:04.267+0600][66.065s][info][gc,marking     ] GC(222) Concurrent Rebuild Remembered Sets and Scrub Regions
[2026-04-03T01:42:04.309+0600][66.107s][info][gc,marking     ] GC(222) Concurrent Rebuild Remembered Sets and Scrub Regions 41.640ms
[2026-04-03T01:42:04.309+0600][66.107s][info][gc,start       ] GC(222) Pause Cleanup
[2026-04-03T01:42:04.310+0600][66.108s][info][gc             ] GC(222) Pause Cleanup 283M->283M(560M) 0.307ms
[2026-04-03T01:42:04.310+0600][66.108s][info][gc,cpu         ] GC(222) User=0.00s Sys=0.00s Real=0.00s
[2026-04-03T01:42:04.310+0600][66.108s][info][gc,marking     ] GC(222) Concurrent Clear Claimed Marks
[2026-04-03T01:42:04.310+0600][66.108s][info][gc,marking     ] GC(222) Concurrent Clear Claimed Marks 0.335ms
[2026-04-03T01:42:04.310+0600][66.108s][info][gc,marking     ] GC(222) Concurrent Cleanup for Next Mark
[2026-04-03T01:42:04.311+0600][66.109s][info][gc,marking     ] GC(222) Concurrent Cleanup for Next Mark 0.868ms
[2026-04-03T01:42:04.311+0600][66.109s][info][gc             ] GC(222) Concurrent Mark Cycle 173.572ms
[2026-04-03T01:42:04.584+0600][66.382s][info][gc,start       ] GC(223) Pause Young (Prepare Mixed) (G1 Evacuation Pause)
[2026-04-03T01:42:04.584+0600][66.382s][info][gc,task        ] GC(223) Using 10 workers of 10 for evacuation
[2026-04-03T01:42:04.588+0600][66.386s][info][gc,phases      ] GC(223)   Pre Evacuate Collection Set: 0.39ms
[2026-04-03T01:42:04.588+0600][66.386s][info][gc,phases      ] GC(223)   Merge Heap Roots: 0.24ms
[2026-04-03T01:42:04.588+0600][66.386s][info][gc,phases      ] GC(223)   Evacuate Collection Set: 3.02ms
[2026-04-03T01:42:04.588+0600][66.386s][info][gc,phases      ] GC(223)   Post Evacuate Collection Set: 0.64ms
[2026-04-03T01:42:04.588+0600][66.386s][info][gc,phases      ] GC(223)   Other: 0.10ms
[2026-04-03T01:42:04.588+0600][66.386s][info][gc,heap        ] GC(223) Eden regions: 131->0(167)
[2026-04-03T01:42:04.588+0600][66.386s][info][gc,heap        ] GC(223) Survivor regions: 4->4(21)
[2026-04-03T01:42:04.588+0600][66.386s][info][gc,heap        ] GC(223) Old regions: 44->45
[2026-04-03T01:42:04.588+0600][66.386s][info][gc,heap        ] GC(223) Humongous regions: 101->3
[2026-04-03T01:42:04.588+0600][66.386s][info][gc,metaspace   ] GC(223) Metaspace: 131824K(133248K)->131824K(133248K) NonClass: 115224K(115904K)->115224K(115904K) Class: 16600K(17344K)->16600K(17344K)
[2026-04-03T01:42:04.588+0600][66.386s][info][gc             ] GC(223) Pause Young (Prepare Mixed) (G1 Evacuation Pause) 557M->99M(570M) 4.688ms
[2026-04-03T01:42:04.588+0600][66.387s][info][gc,cpu         ] GC(223) User=0.02s Sys=0.01s Real=0.00s
[2026-04-03T01:42:04.964+0600][66.762s][info][gc,start       ] GC(224) Pause Young (Mixed) (G1 Evacuation Pause)
[2026-04-03T01:42:04.964+0600][66.762s][info][gc,task        ] GC(224) Using 10 workers of 10 for evacuation
[2026-04-03T01:42:04.969+0600][66.767s][info][gc,phases      ] GC(224)   Pre Evacuate Collection Set: 0.34ms
[2026-04-03T01:42:04.969+0600][66.767s][info][gc,phases      ] GC(224)   Merge Heap Roots: 0.21ms
[2026-04-03T01:42:04.969+0600][66.767s][info][gc,phases      ] GC(224)   Evacuate Collection Set: 3.68ms
[2026-04-03T01:42:04.969+0600][66.767s][info][gc,phases      ] GC(224)   Post Evacuate Collection Set: 0.75ms
[2026-04-03T01:42:04.969+0600][66.767s][info][gc,phases      ] GC(224)   Other: 0.11ms
[2026-04-03T01:42:04.969+0600][66.767s][info][gc,heap        ] GC(224) Eden regions: 157->0(174)
[2026-04-03T01:42:04.969+0600][66.767s][info][gc,heap        ] GC(224) Survivor regions: 4->5(22)
[2026-04-03T01:42:04.969+0600][66.767s][info][gc,heap        ] GC(224) Old regions: 45->44
[2026-04-03T01:42:04.969+0600][66.767s][info][gc,heap        ] GC(224) Humongous regions: 88->12
[2026-04-03T01:42:04.969+0600][66.767s][info][gc,metaspace   ] GC(224) Metaspace: 131825K(133248K)->131825K(133248K) NonClass: 115225K(115904K)->115225K(115904K) Class: 16600K(17344K)->16600K(17344K)
[2026-04-03T01:42:04.969+0600][66.768s][info][gc             ] GC(224) Pause Young (Mixed) (G1 Evacuation Pause) 583M->118M(598M) 5.409ms
[2026-04-03T01:42:04.969+0600][66.768s][info][gc,cpu         ] GC(224) User=0.04s Sys=0.02s Real=0.00s
[2026-04-03T01:42:04.970+0600][66.768s][info][gc,start       ] GC(225) Pause Young (Concurrent Start) (G1 Humongous Allocation)
[2026-04-03T01:42:04.970+0600][66.768s][info][gc,task        ] GC(225) Using 10 workers of 10 for evacuation
[2026-04-03T01:42:04.973+0600][66.771s][info][gc,phases      ] GC(225)   Pre Evacuate Collection Set: 0.23ms
[2026-04-03T01:42:04.973+0600][66.771s][info][gc,phases      ] GC(225)   Merge Heap Roots: 0.09ms
[2026-04-03T01:42:04.973+0600][66.771s][info][gc,phases      ] GC(225)   Evacuate Collection Set: 1.98ms
[2026-04-03T01:42:04.973+0600][66.771s][info][gc,phases      ] GC(225)   Post Evacuate Collection Set: 0.48ms
[2026-04-03T01:42:04.973+0600][66.771s][info][gc,phases      ] GC(225)   Other: 0.13ms
[2026-04-03T01:42:04.973+0600][66.771s][info][gc,heap        ] GC(225) Eden regions: 1->0(174)
[2026-04-03T01:42:04.973+0600][66.771s][info][gc,heap        ] GC(225) Survivor regions: 5->5(23)
[2026-04-03T01:42:04.973+0600][66.771s][info][gc,heap        ] GC(225) Old regions: 44->44
[2026-04-03T01:42:04.973+0600][66.771s][info][gc,heap        ] GC(225) Humongous regions: 12->3
[2026-04-03T01:42:04.973+0600][66.771s][info][gc,metaspace   ] GC(225) Metaspace: 131825K(133248K)->131825K(133248K) NonClass: 115225K(115904K)->115225K(115904K) Class: 16600K(17344K)->16600K(17344K)
[2026-04-03T01:42:04.973+0600][66.771s][info][gc             ] GC(225) Pause Young (Concurrent Start) (G1 Humongous Allocation) 120M->100M(598M) 3.152ms
[2026-04-03T01:42:04.973+0600][66.771s][info][gc             ] GC(226) Concurrent Mark Cycle
[2026-04-03T01:42:04.973+0600][66.771s][info][gc,marking     ] GC(226) Concurrent Scan Root Regions
[2026-04-03T01:42:04.973+0600][66.771s][info][gc,cpu         ] GC(225) User=0.02s Sys=0.00s Real=0.00s
[2026-04-03T01:42:04.977+0600][66.776s][info][gc,marking     ] GC(226) Concurrent Scan Root Regions 4.280ms
[2026-04-03T01:42:04.978+0600][66.776s][info][gc,marking     ] GC(226) Concurrent Mark
[2026-04-03T01:42:04.978+0600][66.776s][info][gc,marking     ] GC(226) Concurrent Mark From Roots
[2026-04-03T01:42:04.978+0600][66.776s][info][gc,task        ] GC(226) Using 3 workers of 3 for marking
[2026-04-03T01:42:05.069+0600][66.867s][info][gc,marking     ] GC(226) Concurrent Mark From Roots 91.704ms
[2026-04-03T01:42:05.069+0600][66.867s][info][gc,marking     ] GC(226) Concurrent Preclean
[2026-04-03T01:42:05.070+0600][66.868s][info][gc,marking     ] GC(226) Concurrent Preclean 0.488ms
[2026-04-03T01:42:05.070+0600][66.868s][info][gc,start       ] GC(226) Pause Remark
[2026-04-03T01:42:05.079+0600][66.877s][info][gc             ] GC(226) Pause Remark 528M->528M(784M) 8.912ms
[2026-04-03T01:42:05.079+0600][66.878s][info][gc,cpu         ] GC(226) User=0.05s Sys=0.00s Real=0.00s
[2026-04-03T01:42:05.080+0600][66.878s][info][gc,marking     ] GC(226) Concurrent Mark 102.028ms
[2026-04-03T01:42:05.080+0600][66.878s][info][gc,marking     ] GC(226) Concurrent Rebuild Remembered Sets and Scrub Regions
[2026-04-03T01:42:05.112+0600][66.911s][info][gc,marking     ] GC(226) Concurrent Rebuild Remembered Sets and Scrub Regions 32.723ms
[2026-04-03T01:42:05.116+0600][66.914s][info][gc,start       ] GC(226) Pause Cleanup
[2026-04-03T01:42:05.116+0600][66.915s][info][gc             ] GC(226) Pause Cleanup 682M->682M(784M) 0.475ms
[2026-04-03T01:42:05.117+0600][66.915s][info][gc,cpu         ] GC(226) User=0.01s Sys=0.00s Real=0.00s
[2026-04-03T01:42:05.117+0600][66.915s][info][gc,marking     ] GC(226) Concurrent Clear Claimed Marks
[2026-04-03T01:42:05.117+0600][66.915s][info][gc,marking     ] GC(226) Concurrent Clear Claimed Marks 0.458ms
[2026-04-03T01:42:05.117+0600][66.915s][info][gc,marking     ] GC(226) Concurrent Cleanup for Next Mark
[2026-04-03T01:42:05.120+0600][66.918s][info][gc,marking     ] GC(226) Concurrent Cleanup for Next Mark 2.806ms
[2026-04-03T01:42:05.120+0600][66.918s][info][gc             ] GC(226) Concurrent Mark Cycle 147.012ms
[2026-04-03T01:42:05.137+0600][66.935s][info][gc,start       ] GC(227) Pause Young (Prepare Mixed) (G1 Evacuation Pause)
[2026-04-03T01:42:05.137+0600][66.935s][info][gc,task        ] GC(227) Using 10 workers of 10 for evacuation
[2026-04-03T01:42:05.142+0600][66.940s][info][gc,phases      ] GC(227)   Pre Evacuate Collection Set: 0.37ms
[2026-04-03T01:42:05.142+0600][66.940s][info][gc,phases      ] GC(227)   Merge Heap Roots: 0.21ms
[2026-04-03T01:42:05.142+0600][66.940s][info][gc,phases      ] GC(227)   Evacuate Collection Set: 3.66ms
[2026-04-03T01:42:05.142+0600][66.940s][info][gc,phases      ] GC(227)   Post Evacuate Collection Set: 0.77ms
[2026-04-03T01:42:05.142+0600][66.940s][info][gc,phases      ] GC(227)   Other: 0.10ms
[2026-04-03T01:42:05.142+0600][66.940s][info][gc,heap        ] GC(227) Eden regions: 38->0(234)
[2026-04-03T01:42:05.142+0600][66.940s][info][gc,heap        ] GC(227) Survivor regions: 5->4(28)
[2026-04-03T01:42:05.142+0600][66.940s][info][gc,heap        ] GC(227) Old regions: 44->45
[2026-04-03T01:42:05.142+0600][66.940s][info][gc,heap        ] GC(227) Humongous regions: 306->12
[2026-04-03T01:42:05.142+0600][66.940s][info][gc,metaspace   ] GC(227) Metaspace: 131829K(133248K)->131829K(133248K) NonClass: 115229K(115904K)->115229K(115904K) Class: 16600K(17344K)->16600K(17344K)
[2026-04-03T01:42:05.142+0600][66.940s][info][gc             ] GC(227) Pause Young (Prepare Mixed) (G1 Evacuation Pause) 782M->117M(796M) 5.372ms
[2026-04-03T01:42:05.142+0600][66.940s][info][gc,cpu         ] GC(227) User=0.02s Sys=0.01s Real=0.01s
[2026-04-03T01:42:05.730+0600][67.528s][info][gc,start       ] GC(228) Pause Young (Mixed) (GCLocker Initiated GC)
[2026-04-03T01:42:05.730+0600][67.528s][info][gc,task        ] GC(228) Using 10 workers of 10 for evacuation
[2026-04-03T01:42:05.739+0600][67.537s][info][gc,phases      ] GC(228)   Pre Evacuate Collection Set: 0.58ms
[2026-04-03T01:42:05.739+0600][67.537s][info][gc,phases      ] GC(228)   Merge Heap Roots: 0.60ms
[2026-04-03T01:42:05.739+0600][67.537s][info][gc,phases      ] GC(228)   Evacuate Collection Set: 6.72ms
[2026-04-03T01:42:05.739+0600][67.537s][info][gc,phases      ] GC(228)   Post Evacuate Collection Set: 1.13ms
[2026-04-03T01:42:05.739+0600][67.537s][info][gc,phases      ] GC(228)   Other: 0.13ms
[2026-04-03T01:42:05.739+0600][67.537s][info][gc,heap        ] GC(228) Eden regions: 172->0(237)
[2026-04-03T01:42:05.739+0600][67.537s][info][gc,heap        ] GC(228) Survivor regions: 4->4(30)
[2026-04-03T01:42:05.739+0600][67.537s][info][gc,heap        ] GC(228) Old regions: 45->44
[2026-04-03T01:42:05.739+0600][67.537s][info][gc,heap        ] GC(228) Humongous regions: 177->3
[2026-04-03T01:42:05.739+0600][67.537s][info][gc,metaspace   ] GC(228) Metaspace: 131845K(133376K)->131845K(133376K) NonClass: 115244K(116032K)->115244K(116032K) Class: 16600K(17344K)->16600K(17344K)
[2026-04-03T01:42:05.739+0600][67.537s][info][gc             ] GC(228) Pause Young (Mixed) (GCLocker Initiated GC) 791M->100M(804M) 9.525ms
[2026-04-03T01:42:05.739+0600][67.538s][info][gc,cpu         ] GC(228) User=0.04s Sys=0.02s Real=0.00s
[2026-04-03T01:42:05.743+0600][67.541s][info][gc,start       ] GC(229) Pause Young (Concurrent Start) (G1 Humongous Allocation)
[2026-04-03T01:42:05.743+0600][67.541s][info][gc,task        ] GC(229) Using 10 workers of 10 for evacuation
[2026-04-03T01:42:05.749+0600][67.547s][info][gc,phases      ] GC(229)   Pre Evacuate Collection Set: 0.39ms
[2026-04-03T01:42:05.749+0600][67.547s][info][gc,phases      ] GC(229)   Merge Heap Roots: 0.13ms
[2026-04-03T01:42:05.749+0600][67.547s][info][gc,phases      ] GC(229)   Evacuate Collection Set: 4.43ms
[2026-04-03T01:42:05.749+0600][67.547s][info][gc,phases      ] GC(229)   Post Evacuate Collection Set: 1.06ms
[2026-04-03T01:42:05.749+0600][67.547s][info][gc,phases      ] GC(229)   Other: 0.15ms
[2026-04-03T01:42:05.749+0600][67.547s][info][gc,heap        ] GC(229) Eden regions: 4->0(237)
[2026-04-03T01:42:05.749+0600][67.547s][info][gc,heap        ] GC(229) Survivor regions: 4->4(31)
[2026-04-03T01:42:05.749+0600][67.547s][info][gc,heap        ] GC(229) Old regions: 44->44
[2026-04-03T01:42:05.749+0600][67.547s][info][gc,heap        ] GC(229) Humongous regions: 3->3
[2026-04-03T01:42:05.749+0600][67.547s][info][gc,metaspace   ] GC(229) Metaspace: 131845K(133376K)->131845K(133376K) NonClass: 115244K(116032K)->115244K(116032K) Class: 16600K(17344K)->16600K(17344K)
[2026-04-03T01:42:05.749+0600][67.547s][info][gc             ] GC(229) Pause Young (Concurrent Start) (G1 Humongous Allocation) 107M->100M(804M) 6.606ms
[2026-04-03T01:42:05.749+0600][67.548s][info][gc             ] GC(230) Concurrent Mark Cycle
[2026-04-03T01:42:05.749+0600][67.548s][info][gc,cpu         ] GC(229) User=0.04s Sys=0.00s Real=0.00s
[2026-04-03T01:42:05.750+0600][67.548s][info][gc,marking     ] GC(230) Concurrent Scan Root Regions
[2026-04-03T01:42:05.759+0600][67.557s][info][gc,marking     ] GC(230) Concurrent Scan Root Regions 9.217ms
[2026-04-03T01:42:05.759+0600][67.557s][info][gc,marking     ] GC(230) Concurrent Mark
[2026-04-03T01:42:05.759+0600][67.557s][info][gc,marking     ] GC(230) Concurrent Mark From Roots
[2026-04-03T01:42:05.759+0600][67.557s][info][gc,task        ] GC(230) Using 3 workers of 3 for marking
[2026-04-03T01:42:05.882+0600][67.680s][info][gc,marking     ] GC(230) Concurrent Mark From Roots 122.767ms
[2026-04-03T01:42:05.882+0600][67.680s][info][gc,marking     ] GC(230) Concurrent Preclean
[2026-04-03T01:42:05.882+0600][67.681s][info][gc,marking     ] GC(230) Concurrent Preclean 0.685ms
[2026-04-03T01:42:05.883+0600][67.681s][info][gc,start       ] GC(230) Pause Remark
[2026-04-03T01:42:05.893+0600][67.691s][info][gc             ] GC(230) Pause Remark 240M->240M(560M) 9.760ms
[2026-04-03T01:42:05.893+0600][67.691s][info][gc,cpu         ] GC(230) User=0.07s Sys=0.00s Real=0.01s
[2026-04-03T01:42:05.893+0600][67.691s][info][gc,marking     ] GC(230) Concurrent Mark 134.274ms
[2026-04-03T01:42:05.893+0600][67.691s][info][gc,marking     ] GC(230) Concurrent Rebuild Remembered Sets and Scrub Regions
[2026-04-03T01:42:05.934+0600][67.732s][info][gc,marking     ] GC(230) Concurrent Rebuild Remembered Sets and Scrub Regions 41.016ms
[2026-04-03T01:42:05.935+0600][67.733s][info][gc,start       ] GC(230) Pause Cleanup
[2026-04-03T01:42:05.935+0600][67.733s][info][gc             ] GC(230) Pause Cleanup 283M->283M(560M) 0.364ms
[2026-04-03T01:42:05.935+0600][67.733s][info][gc,cpu         ] GC(230) User=0.00s Sys=0.00s Real=0.00s
[2026-04-03T01:42:05.935+0600][67.733s][info][gc,marking     ] GC(230) Concurrent Clear Claimed Marks
[2026-04-03T01:42:05.936+0600][67.734s][info][gc,marking     ] GC(230) Concurrent Clear Claimed Marks 0.341ms
[2026-04-03T01:42:05.936+0600][67.734s][info][gc,marking     ] GC(230) Concurrent Cleanup for Next Mark
[2026-04-03T01:42:05.937+0600][67.735s][info][gc,marking     ] GC(230) Concurrent Cleanup for Next Mark 1.382ms
[2026-04-03T01:42:05.937+0600][67.735s][info][gc             ] GC(230) Concurrent Mark Cycle 187.583ms
[2026-04-03T01:42:06.123+0600][67.921s][info][gc,start       ] GC(231) Pause Young (Prepare Mixed) (G1 Evacuation Pause)
[2026-04-03T01:42:06.123+0600][67.921s][info][gc,task        ] GC(231) Using 10 workers of 10 for evacuation
[2026-04-03T01:42:06.128+0600][67.926s][info][gc,phases      ] GC(231)   Pre Evacuate Collection Set: 0.34ms
[2026-04-03T01:42:06.128+0600][67.926s][info][gc,phases      ] GC(231)   Merge Heap Roots: 0.16ms
[2026-04-03T01:42:06.128+0600][67.926s][info][gc,phases      ] GC(231)   Evacuate Collection Set: 3.44ms
[2026-04-03T01:42:06.128+0600][67.926s][info][gc,phases      ] GC(231)   Post Evacuate Collection Set: 0.56ms
[2026-04-03T01:42:06.128+0600][67.926s][info][gc,phases      ] GC(231)   Other: 0.09ms
[2026-04-03T01:42:06.128+0600][67.926s][info][gc,heap        ] GC(231) Eden regions: 122->0(169)
[2026-04-03T01:42:06.128+0600][67.926s][info][gc,heap        ] GC(231) Survivor regions: 4->3(21)
[2026-04-03T01:42:06.128+0600][67.926s][info][gc,heap        ] GC(231) Old regions: 44->45
[2026-04-03T01:42:06.128+0600][67.926s][info][gc,heap        ] GC(231) Humongous regions: 113->3
[2026-04-03T01:42:06.128+0600][67.926s][info][gc,metaspace   ] GC(231) Metaspace: 131845K(133376K)->131845K(133376K) NonClass: 115244K(116032K)->115244K(116032K) Class: 16600K(17344K)->16600K(17344K)
[2026-04-03T01:42:06.128+0600][67.926s][info][gc             ] GC(231) Pause Young (Prepare Mixed) (G1 Evacuation Pause) 564M->99M(574M) 4.836ms
[2026-04-03T01:42:06.128+0600][67.926s][info][gc,cpu         ] GC(231) User=0.02s Sys=0.01s Real=0.00s
[2026-04-03T01:42:06.505+0600][68.303s][info][gc,start       ] GC(232) Pause Young (Mixed) (G1 Evacuation Pause)
[2026-04-03T01:42:06.505+0600][68.303s][info][gc,task        ] GC(232) Using 10 workers of 10 for evacuation
[2026-04-03T01:42:06.510+0600][68.308s][info][gc,phases      ] GC(232)   Pre Evacuate Collection Set: 0.31ms
[2026-04-03T01:42:06.510+0600][68.308s][info][gc,phases      ] GC(232)   Merge Heap Roots: 0.16ms
[2026-04-03T01:42:06.510+0600][68.308s][info][gc,phases      ] GC(232)   Evacuate Collection Set: 3.60ms
[2026-04-03T01:42:06.510+0600][68.308s][info][gc,phases      ] GC(232)   Post Evacuate Collection Set: 0.59ms
[2026-04-03T01:42:06.510+0600][68.308s][info][gc,phases      ] GC(232)   Other: 0.09ms
[2026-04-03T01:42:06.510+0600][68.308s][info][gc,heap        ] GC(232) Eden regions: 138->0(170)
[2026-04-03T01:42:06.510+0600][68.308s][info][gc,heap        ] GC(232) Survivor regions: 3->4(22)
[2026-04-03T01:42:06.510+0600][68.308s][info][gc,heap        ] GC(232) Old regions: 45->44
[2026-04-03T01:42:06.510+0600][68.308s][info][gc,heap        ] GC(232) Humongous regions: 101->3
[2026-04-03T01:42:06.510+0600][68.308s][info][gc,metaspace   ] GC(232) Metaspace: 131848K(133376K)->131848K(133376K) NonClass: 115248K(116032K)->115248K(116032K) Class: 16600K(17344K)->16600K(17344K)
[2026-04-03T01:42:06.510+0600][68.308s][info][gc             ] GC(232) Pause Young (Mixed) (G1 Evacuation Pause) 571M->100M(582M) 4.989ms
[2026-04-03T01:42:06.510+0600][68.308s][info][gc,cpu         ] GC(232) User=0.02s Sys=0.01s Real=0.01s
[2026-04-03T01:42:06.536+0600][68.334s][info][gc,start       ] GC(233) Pause Young (Concurrent Start) (G1 Humongous Allocation)
[2026-04-03T01:42:06.536+0600][68.334s][info][gc,task        ] GC(233) Using 10 workers of 10 for evacuation
[2026-04-03T01:42:06.538+0600][68.336s][info][gc,phases      ] GC(233)   Pre Evacuate Collection Set: 0.27ms
[2026-04-03T01:42:06.538+0600][68.337s][info][gc,phases      ] GC(233)   Merge Heap Roots: 0.13ms
[2026-04-03T01:42:06.538+0600][68.337s][info][gc,phases      ] GC(233)   Evacuate Collection Set: 1.47ms
[2026-04-03T01:42:06.538+0600][68.337s][info][gc,phases      ] GC(233)   Post Evacuate Collection Set: 0.45ms
[2026-04-03T01:42:06.538+0600][68.337s][info][gc,phases      ] GC(233)   Other: 0.18ms
[2026-04-03T01:42:06.538+0600][68.337s][info][gc,heap        ] GC(233) Eden regions: 7->0(171)
[2026-04-03T01:42:06.538+0600][68.337s][info][gc,heap        ] GC(233) Survivor regions: 4->3(22)
[2026-04-03T01:42:06.538+0600][68.337s][info][gc,heap        ] GC(233) Old regions: 44->44
[2026-04-03T01:42:06.538+0600][68.337s][info][gc,heap        ] GC(233) Humongous regions: 3->3
[2026-04-03T01:42:06.538+0600][68.337s][info][gc,metaspace   ] GC(233) Metaspace: 131848K(133376K)->131848K(133376K) NonClass: 115248K(116032K)->115248K(116032K) Class: 16600K(17344K)->16600K(17344K)
[2026-04-03T01:42:06.538+0600][68.337s][info][gc             ] GC(233) Pause Young (Concurrent Start) (G1 Humongous Allocation) 113M->99M(582M) 2.720ms
[2026-04-03T01:42:06.538+0600][68.337s][info][gc             ] GC(234) Concurrent Mark Cycle
[2026-04-03T01:42:06.539+0600][68.337s][info][gc,marking     ] GC(234) Concurrent Scan Root Regions
[2026-04-03T01:42:06.539+0600][68.337s][info][gc,cpu         ] GC(233) User=0.02s Sys=0.00s Real=0.00s
[2026-04-03T01:42:06.540+0600][68.338s][info][gc,marking     ] GC(234) Concurrent Scan Root Regions 1.729ms
[2026-04-03T01:42:06.540+0600][68.338s][info][gc,marking     ] GC(234) Concurrent Mark
[2026-04-03T01:42:06.540+0600][68.338s][info][gc,marking     ] GC(234) Concurrent Mark From Roots
[2026-04-03T01:42:06.540+0600][68.338s][info][gc,task        ] GC(234) Using 3 workers of 3 for marking
[2026-04-03T01:42:06.631+0600][68.429s][info][gc,marking     ] GC(234) Concurrent Mark From Roots 90.288ms
[2026-04-03T01:42:06.631+0600][68.429s][info][gc,marking     ] GC(234) Concurrent Preclean
[2026-04-03T01:42:06.632+0600][68.430s][info][gc,marking     ] GC(234) Concurrent Preclean 0.907ms
[2026-04-03T01:42:06.632+0600][68.430s][info][gc,start       ] GC(234) Pause Remark
[2026-04-03T01:42:06.641+0600][68.439s][info][gc             ] GC(234) Pause Remark 197M->197M(440M) 8.857ms
[2026-04-03T01:42:06.641+0600][68.439s][info][gc,cpu         ] GC(234) User=0.07s Sys=0.00s Real=0.01s
[2026-04-03T01:42:06.641+0600][68.440s][info][gc,marking     ] GC(234) Concurrent Mark 101.069ms
[2026-04-03T01:42:06.641+0600][68.440s][info][gc,marking     ] GC(234) Concurrent Rebuild Remembered Sets and Scrub Regions
[2026-04-03T01:42:06.672+0600][68.470s][info][gc,marking     ] GC(234) Concurrent Rebuild Remembered Sets and Scrub Regions 30.596ms
[2026-04-03T01:42:06.673+0600][68.471s][info][gc,start       ] GC(234) Pause Cleanup
[2026-04-03T01:42:06.673+0600][68.471s][info][gc             ] GC(234) Pause Cleanup 226M->226M(440M) 0.348ms
[2026-04-03T01:42:06.673+0600][68.471s][info][gc,cpu         ] GC(234) User=0.00s Sys=0.00s Real=0.00s
[2026-04-03T01:42:06.673+0600][68.471s][info][gc,marking     ] GC(234) Concurrent Clear Claimed Marks
[2026-04-03T01:42:06.674+0600][68.472s][info][gc,marking     ] GC(234) Concurrent Clear Claimed Marks 0.431ms
[2026-04-03T01:42:06.674+0600][68.472s][info][gc,marking     ] GC(234) Concurrent Cleanup for Next Mark
[2026-04-03T01:42:06.675+0600][68.473s][info][gc,marking     ] GC(234) Concurrent Cleanup for Next Mark 1.013ms
[2026-04-03T01:42:06.675+0600][68.473s][info][gc             ] GC(234) Concurrent Mark Cycle 136.212ms
[2026-04-03T01:42:06.840+0600][68.638s][info][gc,start       ] GC(235) Pause Young (Prepare Mixed) (G1 Evacuation Pause)
[2026-04-03T01:42:06.840+0600][68.638s][info][gc,task        ] GC(235) Using 10 workers of 10 for evacuation
[2026-04-03T01:42:06.846+0600][68.644s][info][gc,phases      ] GC(235)   Pre Evacuate Collection Set: 0.63ms
[2026-04-03T01:42:06.846+0600][68.644s][info][gc,phases      ] GC(235)   Merge Heap Roots: 0.28ms
[2026-04-03T01:42:06.846+0600][68.644s][info][gc,phases      ] GC(235)   Evacuate Collection Set: 3.99ms
[2026-04-03T01:42:06.846+0600][68.644s][info][gc,phases      ] GC(235)   Post Evacuate Collection Set: 0.97ms
[2026-04-03T01:42:06.846+0600][68.644s][info][gc,phases      ] GC(235)   Other: 0.13ms
[2026-04-03T01:42:06.846+0600][68.644s][info][gc,heap        ] GC(235) Eden regions: 129->0(130)
[2026-04-03T01:42:06.846+0600][68.644s][info][gc,heap        ] GC(235) Survivor regions: 3->4(17)
[2026-04-03T01:42:06.846+0600][68.644s][info][gc,heap        ] GC(235) Old regions: 44->45
[2026-04-03T01:42:06.846+0600][68.644s][info][gc,heap        ] GC(235) Humongous regions: 43->3
[2026-04-03T01:42:06.846+0600][68.645s][info][gc,metaspace   ] GC(235) Metaspace: 131853K(133376K)->131853K(133376K) NonClass: 115252K(116032K)->115252K(116032K) Class: 16601K(17344K)->16601K(17344K)
[2026-04-03T01:42:06.846+0600][68.645s][info][gc             ] GC(235) Pause Young (Prepare Mixed) (G1 Evacuation Pause) 437M->101M(448M) 6.373ms
[2026-04-03T01:42:06.847+0600][68.645s][info][gc,cpu         ] GC(235) User=0.03s Sys=0.01s Real=0.00s
[2026-04-03T01:42:06.966+0600][68.764s][info][gc,start       ] GC(236) Pause Young (Mixed) (G1 Evacuation Pause)
[2026-04-03T01:42:06.966+0600][68.764s][info][gc,task        ] GC(236) Using 10 workers of 10 for evacuation
[2026-04-03T01:42:06.971+0600][68.769s][info][gc,phases      ] GC(236)   Pre Evacuate Collection Set: 0.24ms
[2026-04-03T01:42:06.971+0600][68.770s][info][gc,phases      ] GC(236)   Merge Heap Roots: 0.13ms
[2026-04-03T01:42:06.971+0600][68.770s][info][gc,phases      ] GC(236)   Evacuate Collection Set: 4.35ms
[2026-04-03T01:42:06.971+0600][68.770s][info][gc,phases      ] GC(236)   Post Evacuate Collection Set: 0.64ms
[2026-04-03T01:42:06.971+0600][68.770s][info][gc,phases      ] GC(236)   Other: 0.07ms
[2026-04-03T01:42:06.971+0600][68.770s][info][gc,heap        ] GC(236) Eden regions: 34->0(165)
[2026-04-03T01:42:06.971+0600][68.770s][info][gc,heap        ] GC(236) Survivor regions: 4->5(17)
[2026-04-03T01:42:06.971+0600][68.770s][info][gc,heap        ] GC(236) Old regions: 45->44
[2026-04-03T01:42:06.971+0600][68.770s][info][gc,heap        ] GC(236) Humongous regions: 196->12
[2026-04-03T01:42:06.971+0600][68.770s][info][gc,metaspace   ] GC(236) Metaspace: 131853K(133376K)->131853K(133376K) NonClass: 115252K(116032K)->115252K(116032K) Class: 16601K(17344K)->16601K(17344K)
[2026-04-03T01:42:06.971+0600][68.770s][info][gc             ] GC(236) Pause Young (Mixed) (G1 Evacuation Pause) 555M->120M(568M) 5.667ms
[2026-04-03T01:42:06.972+0600][68.770s][info][gc,cpu         ] GC(236) User=0.03s Sys=0.01s Real=0.01s
[2026-04-03T01:42:06.972+0600][68.770s][info][gc,start       ] GC(237) Pause Young (Concurrent Start) (G1 Humongous Allocation)
[2026-04-03T01:42:06.972+0600][68.771s][info][gc,task        ] GC(237) Using 10 workers of 10 for evacuation
[2026-04-03T01:42:06.976+0600][68.774s][info][gc,phases      ] GC(237)   Pre Evacuate Collection Set: 0.21ms
[2026-04-03T01:42:06.976+0600][68.775s][info][gc,phases      ] GC(237)   Merge Heap Roots: 0.07ms
[2026-04-03T01:42:06.976+0600][68.775s][info][gc,phases      ] GC(237)   Evacuate Collection Set: 2.20ms
[2026-04-03T01:42:06.976+0600][68.775s][info][gc,phases      ] GC(237)   Post Evacuate Collection Set: 1.39ms
[2026-04-03T01:42:06.976+0600][68.775s][info][gc,phases      ] GC(237)   Other: 0.09ms
[2026-04-03T01:42:06.976+0600][68.775s][info][gc,heap        ] GC(237) Eden regions: 2->0(282)
[2026-04-03T01:42:06.976+0600][68.775s][info][gc,heap        ] GC(237) Survivor regions: 5->5(22)
[2026-04-03T01:42:06.976+0600][68.775s][info][gc,heap        ] GC(237) Old regions: 44->44
[2026-04-03T01:42:06.976+0600][68.775s][info][gc,heap        ] GC(237) Humongous regions: 12->3
[2026-04-03T01:42:06.976+0600][68.775s][info][gc,metaspace   ] GC(237) Metaspace: 131853K(133376K)->131853K(133376K) NonClass: 115252K(116032K)->115252K(116032K) Class: 16601K(17344K)->16601K(17344K)
[2026-04-03T01:42:06.976+0600][68.775s][info][gc             ] GC(237) Pause Young (Concurrent Start) (G1 Humongous Allocation) 122M->102M(958M) 4.154ms
[2026-04-03T01:42:06.977+0600][68.775s][info][gc             ] GC(238) Concurrent Undo Cycle
[2026-04-03T01:42:06.977+0600][68.775s][info][gc,cpu         ] GC(237) User=0.02s Sys=0.01s Real=0.00s
[2026-04-03T01:42:06.977+0600][68.775s][info][gc,marking     ] GC(238) Concurrent Clear Claimed Marks
[2026-04-03T01:42:06.977+0600][68.775s][info][gc,marking     ] GC(238) Concurrent Clear Claimed Marks 0.289ms
[2026-04-03T01:42:06.977+0600][68.775s][info][gc,marking     ] GC(238) Concurrent Cleanup for Next Mark
[2026-04-03T01:42:06.977+0600][68.775s][info][gc,marking     ] GC(238) Concurrent Cleanup for Next Mark 0.232ms
[2026-04-03T01:42:06.977+0600][68.775s][info][gc             ] GC(238) Concurrent Undo Cycle 0.685ms
[2026-04-03T01:42:06.978+0600][68.776s][info][gc,start       ] GC(239) Pause Young (Concurrent Start) (G1 Humongous Allocation)
[2026-04-03T01:42:06.978+0600][68.776s][info][gc,task        ] GC(239) Using 10 workers of 10 for evacuation
[2026-04-03T01:42:06.982+0600][68.780s][info][gc,phases      ] GC(239)   Pre Evacuate Collection Set: 0.33ms
[2026-04-03T01:42:06.982+0600][68.780s][info][gc,phases      ] GC(239)   Merge Heap Roots: 0.09ms
[2026-04-03T01:42:06.982+0600][68.780s][info][gc,phases      ] GC(239)   Evacuate Collection Set: 2.84ms
[2026-04-03T01:42:06.982+0600][68.780s][info][gc,phases      ] GC(239)   Post Evacuate Collection Set: 0.66ms
[2026-04-03T01:42:06.982+0600][68.781s][info][gc,phases      ] GC(239)   Other: 0.12ms
[2026-04-03T01:42:06.982+0600][68.781s][info][gc,heap        ] GC(239) Eden regions: 2->0(283)
[2026-04-03T01:42:06.982+0600][68.781s][info][gc,heap        ] GC(239) Survivor regions: 5->4(36)
[2026-04-03T01:42:06.982+0600][68.781s][info][gc,heap        ] GC(239) Old regions: 44->44
[2026-04-03T01:42:06.982+0600][68.781s][info][gc,heap        ] GC(239) Humongous regions: 9->3
[2026-04-03T01:42:06.982+0600][68.781s][info][gc,metaspace   ] GC(239) Metaspace: 131853K(133376K)->131853K(133376K) NonClass: 115252K(116032K)->115252K(116032K) Class: 16601K(17344K)->16601K(17344K)
[2026-04-03T01:42:06.982+0600][68.781s][info][gc             ] GC(239) Pause Young (Concurrent Start) (G1 Humongous Allocation) 117M->101M(958M) 4.344ms
[2026-04-03T01:42:06.983+0600][68.781s][info][gc             ] GC(240) Concurrent Mark Cycle
[2026-04-03T01:42:06.983+0600][68.781s][info][gc,cpu         ] GC(239) User=0.02s Sys=0.00s Real=0.01s
[2026-04-03T01:42:06.983+0600][68.781s][info][gc,marking     ] GC(240) Concurrent Scan Root Regions
[2026-04-03T01:42:06.985+0600][68.783s][info][gc,marking     ] GC(240) Concurrent Scan Root Regions 2.287ms
[2026-04-03T01:42:06.985+0600][68.783s][info][gc,marking     ] GC(240) Concurrent Mark
[2026-04-03T01:42:06.985+0600][68.783s][info][gc,marking     ] GC(240) Concurrent Mark From Roots
[2026-04-03T01:42:06.985+0600][68.783s][info][gc,task        ] GC(240) Using 3 workers of 3 for marking
[2026-04-03T01:42:07.084+0600][68.882s][info][gc,marking     ] GC(240) Concurrent Mark From Roots 99.059ms
[2026-04-03T01:42:07.084+0600][68.882s][info][gc,marking     ] GC(240) Concurrent Preclean
[2026-04-03T01:42:07.085+0600][68.883s][info][gc,marking     ] GC(240) Concurrent Preclean 0.560ms
[2026-04-03T01:42:07.087+0600][68.886s][info][gc,start       ] GC(240) Pause Remark
[2026-04-03T01:42:07.097+0600][68.895s][info][gc             ] GC(240) Pause Remark 536M->536M(958M) 9.204ms
[2026-04-03T01:42:07.097+0600][68.895s][info][gc,cpu         ] GC(240) User=0.06s Sys=0.00s Real=0.01s
[2026-04-03T01:42:07.097+0600][68.895s][info][gc,marking     ] GC(240) Concurrent Mark 112.019ms
[2026-04-03T01:42:07.097+0600][68.895s][info][gc,marking     ] GC(240) Concurrent Rebuild Remembered Sets and Scrub Regions
[2026-04-03T01:42:07.127+0600][68.925s][info][gc,marking     ] GC(240) Concurrent Rebuild Remembered Sets and Scrub Regions 29.622ms
[2026-04-03T01:42:07.127+0600][68.925s][info][gc,start       ] GC(240) Pause Cleanup
[2026-04-03T01:42:07.127+0600][68.926s][info][gc             ] GC(240) Pause Cleanup 618M->618M(958M) 0.247ms
[2026-04-03T01:42:07.128+0600][68.926s][info][gc,cpu         ] GC(240) User=0.00s Sys=0.00s Real=0.00s
[2026-04-03T01:42:07.128+0600][68.926s][info][gc,marking     ] GC(240) Concurrent Clear Claimed Marks
[2026-04-03T01:42:07.128+0600][68.926s][info][gc,marking     ] GC(240) Concurrent Clear Claimed Marks 0.427ms
[2026-04-03T01:42:07.128+0600][68.926s][info][gc,marking     ] GC(240) Concurrent Cleanup for Next Mark
[2026-04-03T01:42:07.131+0600][68.930s][info][gc,marking     ] GC(240) Concurrent Cleanup for Next Mark 3.286ms
[2026-04-03T01:42:07.131+0600][68.930s][info][gc             ] GC(240) Concurrent Mark Cycle 148.834ms
[2026-04-03T01:42:07.611+0600][69.409s][info][gc,start       ] GC(241) Pause Young (Prepare Mixed) (G1 Evacuation Pause)
[2026-04-03T01:42:07.611+0600][69.409s][info][gc,task        ] GC(241) Using 10 workers of 10 for evacuation
[2026-04-03T01:42:07.614+0600][69.412s][info][gc,phases      ] GC(241)   Pre Evacuate Collection Set: 0.22ms
[2026-04-03T01:42:07.614+0600][69.412s][info][gc,phases      ] GC(241)   Merge Heap Roots: 0.17ms
[2026-04-03T01:42:07.614+0600][69.412s][info][gc,phases      ] GC(241)   Evacuate Collection Set: 1.98ms
[2026-04-03T01:42:07.614+0600][69.412s][info][gc,phases      ] GC(241)   Post Evacuate Collection Set: 0.59ms
[2026-04-03T01:42:07.614+0600][69.412s][info][gc,phases      ] GC(241)   Other: 0.08ms
[2026-04-03T01:42:07.614+0600][69.412s][info][gc,heap        ] GC(241) Eden regions: 150->0(286)
[2026-04-03T01:42:07.614+0600][69.412s][info][gc,heap        ] GC(241) Survivor regions: 4->3(36)
[2026-04-03T01:42:07.614+0600][69.412s][info][gc,heap        ] GC(241) Old regions: 44->44
[2026-04-03T01:42:07.614+0600][69.412s][info][gc,heap        ] GC(241) Humongous regions: 281->3
[2026-04-03T01:42:07.614+0600][69.412s][info][gc,metaspace   ] GC(241) Metaspace: 131878K(133376K)->131878K(133376K) NonClass: 115277K(116032K)->115277K(116032K) Class: 16601K(17344K)->16601K(17344K)
[2026-04-03T01:42:07.614+0600][69.412s][info][gc             ] GC(241) Pause Young (Prepare Mixed) (G1 Evacuation Pause) 957M->98M(964M) 3.244ms
[2026-04-03T01:42:07.614+0600][69.412s][info][gc,cpu         ] GC(241) User=0.01s Sys=0.00s Real=0.00s
[2026-04-03T01:42:08.249+0600][70.047s][info][gc,start       ] GC(242) Pause Young (Mixed) (GCLocker Initiated GC)
[2026-04-03T01:42:08.249+0600][70.047s][info][gc,task        ] GC(242) Using 10 workers of 10 for evacuation
[2026-04-03T01:42:08.257+0600][70.056s][info][gc,phases      ] GC(242)   Pre Evacuate Collection Set: 0.37ms
[2026-04-03T01:42:08.257+0600][70.056s][info][gc,phases      ] GC(242)   Merge Heap Roots: 0.33ms
[2026-04-03T01:42:08.257+0600][70.056s][info][gc,phases      ] GC(242)   Evacuate Collection Set: 6.60ms
[2026-04-03T01:42:08.257+0600][70.056s][info][gc,phases      ] GC(242)   Post Evacuate Collection Set: 1.13ms
[2026-04-03T01:42:08.257+0600][70.056s][info][gc,phases      ] GC(242)   Other: 0.13ms
[2026-04-03T01:42:08.258+0600][70.056s][info][gc,heap        ] GC(242) Eden regions: 242->0(287)
[2026-04-03T01:42:08.258+0600][70.056s][info][gc,heap        ] GC(242) Survivor regions: 3->5(37)
[2026-04-03T01:42:08.258+0600][70.056s][info][gc,heap        ] GC(242) Old regions: 44->44
[2026-04-03T01:42:08.258+0600][70.056s][info][gc,heap        ] GC(242) Humongous regions: 193->3
[2026-04-03T01:42:08.258+0600][70.056s][info][gc,metaspace   ] GC(242) Metaspace: 131880K(133376K)->131880K(133376K) NonClass: 115278K(116032K)->115278K(116032K) Class: 16601K(17344K)->16601K(17344K)
[2026-04-03T01:42:08.258+0600][70.056s][info][gc             ] GC(242) Pause Young (Mixed) (GCLocker Initiated GC) 962M->102M(976M) 8.931ms
[2026-04-03T01:42:08.258+0600][70.056s][info][gc,cpu         ] GC(242) User=0.05s Sys=0.01s Real=0.01s
[2026-04-03T01:42:08.265+0600][70.063s][info][gc,start       ] GC(243) Pause Young (Concurrent Start) (GCLocker Initiated GC)
[2026-04-03T01:42:08.265+0600][70.063s][info][gc,task        ] GC(243) Using 10 workers of 10 for evacuation
[2026-04-03T01:42:08.270+0600][70.068s][info][gc,phases      ] GC(243)   Pre Evacuate Collection Set: 0.39ms
[2026-04-03T01:42:08.270+0600][70.068s][info][gc,phases      ] GC(243)   Merge Heap Roots: 0.16ms
[2026-04-03T01:42:08.270+0600][70.068s][info][gc,phases      ] GC(243)   Evacuate Collection Set: 3.10ms
[2026-04-03T01:42:08.270+0600][70.068s][info][gc,phases      ] GC(243)   Post Evacuate Collection Set: 0.80ms
[2026-04-03T01:42:08.270+0600][70.068s][info][gc,phases      ] GC(243)   Other: 0.11ms
[2026-04-03T01:42:08.270+0600][70.068s][info][gc,heap        ] GC(243) Eden regions: 6->0(288)
[2026-04-03T01:42:08.270+0600][70.068s][info][gc,heap        ] GC(243) Survivor regions: 5->4(37)
[2026-04-03T01:42:08.270+0600][70.068s][info][gc,heap        ] GC(243) Old regions: 44->44
[2026-04-03T01:42:08.270+0600][70.068s][info][gc,heap        ] GC(243) Humongous regions: 3->3
[2026-04-03T01:42:08.270+0600][70.068s][info][gc,metaspace   ] GC(243) Metaspace: 131880K(133376K)->131880K(133376K) NonClass: 115278K(116032K)->115278K(116032K) Class: 16601K(17344K)->16601K(17344K)
[2026-04-03T01:42:08.270+0600][70.068s][info][gc             ] GC(243) Pause Young (Concurrent Start) (GCLocker Initiated GC) 112M->101M(976M) 4.904ms
[2026-04-03T01:42:08.270+0600][70.068s][info][gc             ] GC(244) Concurrent Mark Cycle
[2026-04-03T01:42:08.270+0600][70.068s][info][gc,marking     ] GC(244) Concurrent Scan Root Regions
[2026-04-03T01:42:08.270+0600][70.068s][info][gc,cpu         ] GC(243) User=0.03s Sys=0.00s Real=0.01s
[2026-04-03T01:42:08.273+0600][70.071s][info][gc,marking     ] GC(244) Concurrent Scan Root Regions 2.938ms
[2026-04-03T01:42:08.273+0600][70.071s][info][gc,marking     ] GC(244) Concurrent Mark
[2026-04-03T01:42:08.273+0600][70.071s][info][gc,marking     ] GC(244) Concurrent Mark From Roots
[2026-04-03T01:42:08.273+0600][70.071s][info][gc,task        ] GC(244) Using 3 workers of 3 for marking
[2026-04-03T01:42:08.393+0600][70.191s][info][gc,marking     ] GC(244) Concurrent Mark From Roots 119.562ms
[2026-04-03T01:42:08.393+0600][70.191s][info][gc,marking     ] GC(244) Concurrent Preclean
[2026-04-03T01:42:08.393+0600][70.192s][info][gc,marking     ] GC(244) Concurrent Preclean 0.775ms
[2026-04-03T01:42:08.395+0600][70.193s][info][gc,start       ] GC(244) Pause Remark
[2026-04-03T01:42:08.411+0600][70.209s][info][gc             ] GC(244) Pause Remark 224M->224M(540M) 16.655ms
[2026-04-03T01:42:08.411+0600][70.210s][info][gc,cpu         ] GC(244) User=0.09s Sys=0.01s Real=0.02s
[2026-04-03T01:42:08.412+0600][70.210s][info][gc,marking     ] GC(244) Concurrent Mark 138.605ms
[2026-04-03T01:42:08.412+0600][70.210s][info][gc,marking     ] GC(244) Concurrent Rebuild Remembered Sets and Scrub Regions
[2026-04-03T01:42:08.450+0600][70.249s][info][gc,marking     ] GC(244) Concurrent Rebuild Remembered Sets and Scrub Regions 38.721ms
[2026-04-03T01:42:08.451+0600][70.249s][info][gc,start       ] GC(244) Pause Cleanup
[2026-04-03T01:42:08.451+0600][70.249s][info][gc             ] GC(244) Pause Cleanup 243M->243M(540M) 0.296ms
[2026-04-03T01:42:08.451+0600][70.250s][info][gc,cpu         ] GC(244) User=0.00s Sys=0.00s Real=0.00s
[2026-04-03T01:42:08.451+0600][70.250s][info][gc,marking     ] GC(244) Concurrent Clear Claimed Marks
[2026-04-03T01:42:08.452+0600][70.250s][info][gc,marking     ] GC(244) Concurrent Clear Claimed Marks 0.367ms
[2026-04-03T01:42:08.452+0600][70.250s][info][gc,marking     ] GC(244) Concurrent Cleanup for Next Mark
[2026-04-03T01:42:08.453+0600][70.251s][info][gc,marking     ] GC(244) Concurrent Cleanup for Next Mark 1.313ms
[2026-04-03T01:42:08.453+0600][70.251s][info][gc             ] GC(244) Concurrent Mark Cycle 183.408ms
[2026-04-03T01:42:08.807+0600][70.606s][info][gc,start       ] GC(245) Pause Young (Prepare Mixed) (G1 Evacuation Pause)
[2026-04-03T01:42:08.808+0600][70.606s][info][gc,task        ] GC(245) Using 10 workers of 10 for evacuation
[2026-04-03T01:42:08.815+0600][70.613s][info][gc,phases      ] GC(245)   Pre Evacuate Collection Set: 0.51ms
[2026-04-03T01:42:08.815+0600][70.613s][info][gc,phases      ] GC(245)   Merge Heap Roots: 0.29ms
[2026-04-03T01:42:08.815+0600][70.613s][info][gc,phases      ] GC(245)   Evacuate Collection Set: 5.35ms
[2026-04-03T01:42:08.815+0600][70.613s][info][gc,phases      ] GC(245)   Post Evacuate Collection Set: 1.07ms
[2026-04-03T01:42:08.815+0600][70.613s][info][gc,phases      ] GC(245)   Other: 0.13ms
[2026-04-03T01:42:08.815+0600][70.613s][info][gc,heap        ] GC(245) Eden regions: 141->0(160)
[2026-04-03T01:42:08.815+0600][70.613s][info][gc,heap        ] GC(245) Survivor regions: 4->6(21)
[2026-04-03T01:42:08.815+0600][70.613s][info][gc,heap        ] GC(245) Old regions: 44->45
[2026-04-03T01:42:08.815+0600][70.613s][info][gc,heap        ] GC(245) Humongous regions: 81->3
[2026-04-03T01:42:08.815+0600][70.613s][info][gc,metaspace   ] GC(245) Metaspace: 131890K(133376K)->131890K(133376K) NonClass: 115287K(116032K)->115287K(116032K) Class: 16602K(17344K)->16602K(17344K)
[2026-04-03T01:42:08.815+0600][70.613s][info][gc             ] GC(245) Pause Young (Prepare Mixed) (G1 Evacuation Pause) 539M->104M(554M) 7.676ms
[2026-04-03T01:42:08.815+0600][70.613s][info][gc,cpu         ] GC(245) User=0.04s Sys=0.01s Real=0.01s
[2026-04-03T01:42:09.046+0600][70.844s][info][gc,start       ] GC(246) Pause Young (Mixed) (G1 Evacuation Pause)
[2026-04-03T01:42:09.046+0600][70.844s][info][gc,task        ] GC(246) Using 10 workers of 10 for evacuation
[2026-04-03T01:42:09.052+0600][70.850s][info][gc,phases      ] GC(246)   Pre Evacuate Collection Set: 0.28ms
[2026-04-03T01:42:09.052+0600][70.850s][info][gc,phases      ] GC(246)   Merge Heap Roots: 0.18ms
[2026-04-03T01:42:09.052+0600][70.850s][info][gc,phases      ] GC(246)   Evacuate Collection Set: 4.68ms
[2026-04-03T01:42:09.052+0600][70.850s][info][gc,phases      ] GC(246)   Post Evacuate Collection Set: 0.81ms
[2026-04-03T01:42:09.052+0600][70.850s][info][gc,phases      ] GC(246)   Other: 0.11ms
[2026-04-03T01:42:09.052+0600][70.850s][info][gc,heap        ] GC(246) Eden regions: 96->0(184)
[2026-04-03T01:42:09.052+0600][70.850s][info][gc,heap        ] GC(246) Survivor regions: 6->5(21)
[2026-04-03T01:42:09.052+0600][70.850s][info][gc,heap        ] GC(246) Old regions: 45->44
[2026-04-03T01:42:09.052+0600][70.850s][info][gc,heap        ] GC(246) Humongous regions: 163->12
[2026-04-03T01:42:09.052+0600][70.850s][info][gc,metaspace   ] GC(246) Metaspace: 131893K(133376K)->131893K(133376K) NonClass: 115290K(116032K)->115290K(116032K) Class: 16603K(17344K)->16603K(17344K)
[2026-04-03T01:42:09.052+0600][70.850s][info][gc             ] GC(246) Pause Young (Mixed) (G1 Evacuation Pause) 616M->121M(630M) 6.427ms
[2026-04-03T01:42:09.052+0600][70.851s][info][gc,cpu         ] GC(246) User=0.03s Sys=0.02s Real=0.01s
[2026-04-03T01:42:09.053+0600][70.851s][info][gc,start       ] GC(247) Pause Young (Concurrent Start) (G1 Humongous Allocation)
[2026-04-03T01:42:09.053+0600][70.851s][info][gc,task        ] GC(247) Using 10 workers of 10 for evacuation
[2026-04-03T01:42:09.057+0600][70.855s][info][gc,phases      ] GC(247)   Pre Evacuate Collection Set: 0.36ms
[2026-04-03T01:42:09.057+0600][70.855s][info][gc,phases      ] GC(247)   Merge Heap Roots: 0.16ms
[2026-04-03T01:42:09.057+0600][70.855s][info][gc,phases      ] GC(247)   Evacuate Collection Set: 2.62ms
[2026-04-03T01:42:09.057+0600][70.855s][info][gc,phases      ] GC(247)   Post Evacuate Collection Set: 0.55ms
[2026-04-03T01:42:09.057+0600][70.855s][info][gc,phases      ] GC(247)   Other: 0.15ms
[2026-04-03T01:42:09.057+0600][70.855s][info][gc,heap        ] GC(247) Eden regions: 2->0(184)
[2026-04-03T01:42:09.057+0600][70.855s][info][gc,heap        ] GC(247) Survivor regions: 5->5(24)
[2026-04-03T01:42:09.057+0600][70.855s][info][gc,heap        ] GC(247) Old regions: 44->44
[2026-04-03T01:42:09.057+0600][70.855s][info][gc,heap        ] GC(247) Humongous regions: 12->3
[2026-04-03T01:42:09.057+0600][70.855s][info][gc,metaspace   ] GC(247) Metaspace: 131893K(133376K)->131893K(133376K) NonClass: 115290K(116032K)->115290K(116032K) Class: 16603K(17344K)->16603K(17344K)
[2026-04-03T01:42:09.057+0600][70.855s][info][gc             ] GC(247) Pause Young (Concurrent Start) (G1 Humongous Allocation) 124M->103M(630M) 4.077ms
[2026-04-03T01:42:09.057+0600][70.856s][info][gc             ] GC(248) Concurrent Mark Cycle
[2026-04-03T01:42:09.057+0600][70.856s][info][gc,cpu         ] GC(247) User=0.03s Sys=0.00s Real=0.00s
[2026-04-03T01:42:09.057+0600][70.856s][info][gc,marking     ] GC(248) Concurrent Scan Root Regions
[2026-04-03T01:42:09.061+0600][70.859s][info][gc,marking     ] GC(248) Concurrent Scan Root Regions 3.555ms
[2026-04-03T01:42:09.061+0600][70.859s][info][gc,marking     ] GC(248) Concurrent Mark
[2026-04-03T01:42:09.061+0600][70.859s][info][gc,marking     ] GC(248) Concurrent Mark From Roots
[2026-04-03T01:42:09.061+0600][70.859s][info][gc,task        ] GC(248) Using 3 workers of 3 for marking
[2026-04-03T01:42:09.174+0600][70.972s][info][gc,marking     ] GC(248) Concurrent Mark From Roots 113.098ms
[2026-04-03T01:42:09.174+0600][70.973s][info][gc,marking     ] GC(248) Concurrent Preclean
[2026-04-03T01:42:09.175+0600][70.973s][info][gc,marking     ] GC(248) Concurrent Preclean 0.709ms
[2026-04-03T01:42:09.179+0600][70.977s][info][gc,start       ] GC(248) Pause Remark
[2026-04-03T01:42:09.189+0600][70.987s][info][gc             ] GC(248) Pause Remark 573M->573M(854M) 10.603ms
[2026-04-03T01:42:09.189+0600][70.988s][info][gc,cpu         ] GC(248) User=0.08s Sys=0.00s Real=0.01s
[2026-04-03T01:42:09.190+0600][70.988s][info][gc,marking     ] GC(248) Concurrent Mark 128.544ms
[2026-04-03T01:42:09.190+0600][70.988s][info][gc,marking     ] GC(248) Concurrent Rebuild Remembered Sets and Scrub Regions
[2026-04-03T01:42:09.226+0600][71.024s][info][gc,marking     ] GC(248) Concurrent Rebuild Remembered Sets and Scrub Regions 35.781ms
[2026-04-03T01:42:09.227+0600][71.025s][info][gc,start       ] GC(248) Pause Cleanup
[2026-04-03T01:42:09.227+0600][71.026s][info][gc             ] GC(248) Pause Cleanup 715M->715M(854M) 0.406ms
[2026-04-03T01:42:09.228+0600][71.026s][info][gc,cpu         ] GC(248) User=0.00s Sys=0.00s Real=0.00s
[2026-04-03T01:42:09.228+0600][71.026s][info][gc,marking     ] GC(248) Concurrent Clear Claimed Marks
[2026-04-03T01:42:09.228+0600][71.026s][info][gc,marking     ] GC(248) Concurrent Clear Claimed Marks 0.440ms
[2026-04-03T01:42:09.228+0600][71.026s][info][gc,marking     ] GC(248) Concurrent Cleanup for Next Mark
[2026-04-03T01:42:09.232+0600][71.030s][info][gc,marking     ] GC(248) Concurrent Cleanup for Next Mark 3.480ms
[2026-04-03T01:42:09.232+0600][71.030s][info][gc             ] GC(248) Concurrent Mark Cycle 174.370ms
[2026-04-03T01:42:09.356+0600][71.154s][info][gc,start       ] GC(249) Pause Young (Prepare Mixed) (G1 Evacuation Pause)
[2026-04-03T01:42:09.356+0600][71.154s][info][gc,task        ] GC(249) Using 10 workers of 10 for evacuation
[2026-04-03T01:42:09.363+0600][71.161s][info][gc,phases      ] GC(249)   Pre Evacuate Collection Set: 0.35ms
[2026-04-03T01:42:09.363+0600][71.161s][info][gc,phases      ] GC(249)   Merge Heap Roots: 0.47ms
[2026-04-03T01:42:09.363+0600][71.161s][info][gc,phases      ] GC(249)   Evacuate Collection Set: 4.95ms
[2026-04-03T01:42:09.363+0600][71.161s][info][gc,phases      ] GC(249)   Post Evacuate Collection Set: 1.11ms
[2026-04-03T01:42:09.363+0600][71.161s][info][gc,phases      ] GC(249)   Other: 0.11ms
[2026-04-03T01:42:09.363+0600][71.161s][info][gc,heap        ] GC(249) Eden regions: 71->0(258)
[2026-04-03T01:42:09.363+0600][71.161s][info][gc,heap        ] GC(249) Survivor regions: 5->3(26)
[2026-04-03T01:42:09.363+0600][71.161s][info][gc,heap        ] GC(249) Old regions: 44->45
[2026-04-03T01:42:09.363+0600][71.161s][info][gc,heap        ] GC(249) Humongous regions: 311->3
[2026-04-03T01:42:09.363+0600][71.161s][info][gc,metaspace   ] GC(249) Metaspace: 131897K(133376K)->131897K(133376K) NonClass: 115294K(116032K)->115294K(116032K) Class: 16603K(17344K)->16603K(17344K)
[2026-04-03T01:42:09.363+0600][71.162s][info][gc             ] GC(249) Pause Young (Prepare Mixed) (G1 Evacuation Pause) 861M->98M(870M) 7.349ms
[2026-04-03T01:42:09.364+0600][71.162s][info][gc,cpu         ] GC(249) User=0.03s Sys=0.01s Real=0.01s
[2026-04-03T01:42:10.167+0600][71.965s][info][gc,start       ] GC(250) Pause Young (Mixed) (GCLocker Initiated GC)
[2026-04-03T01:42:10.167+0600][71.965s][info][gc,task        ] GC(250) Using 10 workers of 10 for evacuation
[2026-04-03T01:42:10.175+0600][71.973s][info][gc,phases      ] GC(250)   Pre Evacuate Collection Set: 0.45ms
[2026-04-03T01:42:10.175+0600][71.973s][info][gc,phases      ] GC(250)   Merge Heap Roots: 0.39ms
[2026-04-03T01:42:10.175+0600][71.973s][info][gc,phases      ] GC(250)   Evacuate Collection Set: 5.39ms
[2026-04-03T01:42:10.175+0600][71.973s][info][gc,phases      ] GC(250)   Post Evacuate Collection Set: 1.19ms
[2026-04-03T01:42:10.175+0600][71.973s][info][gc,phases      ] GC(250)   Other: 0.14ms
[2026-04-03T01:42:10.175+0600][71.973s][info][gc,heap        ] GC(250) Eden regions: 235->0(259)
[2026-04-03T01:42:10.175+0600][71.973s][info][gc,heap        ] GC(250) Survivor regions: 3->5(33)
[2026-04-03T01:42:10.175+0600][71.973s][info][gc,heap        ] GC(250) Old regions: 45->44
[2026-04-03T01:42:10.175+0600][71.973s][info][gc,heap        ] GC(250) Humongous regions: 152->3
[2026-04-03T01:42:10.175+0600][71.973s][info][gc,metaspace   ] GC(250) Metaspace: 131908K(133376K)->131908K(133376K) NonClass: 115305K(116032K)->115305K(116032K) Class: 16603K(17344K)->16603K(17344K)
[2026-04-03T01:42:10.175+0600][71.973s][info][gc             ] GC(250) Pause Young (Mixed) (GCLocker Initiated GC) 866M->101M(880M) 7.928ms
[2026-04-03T01:42:10.175+0600][71.973s][info][gc,cpu         ] GC(250) User=0.04s Sys=0.01s Real=0.01s
[2026-04-03T01:42:10.181+0600][71.979s][info][gc,start       ] GC(251) Pause Young (Concurrent Start) (GCLocker Initiated GC)
[2026-04-03T01:42:10.181+0600][71.979s][info][gc,task        ] GC(251) Using 10 workers of 10 for evacuation
[2026-04-03T01:42:10.186+0600][71.984s][info][gc,phases      ] GC(251)   Pre Evacuate Collection Set: 0.43ms
[2026-04-03T01:42:10.186+0600][71.984s][info][gc,phases      ] GC(251)   Merge Heap Roots: 0.14ms
[2026-04-03T01:42:10.186+0600][71.984s][info][gc,phases      ] GC(251)   Evacuate Collection Set: 3.31ms
[2026-04-03T01:42:10.186+0600][71.984s][info][gc,phases      ] GC(251)   Post Evacuate Collection Set: 0.63ms
[2026-04-03T01:42:10.186+0600][71.984s][info][gc,phases      ] GC(251)   Other: 0.13ms
[2026-04-03T01:42:10.186+0600][71.984s][info][gc,heap        ] GC(251) Eden regions: 6->0(260)
[2026-04-03T01:42:10.186+0600][71.984s][info][gc,heap        ] GC(251) Survivor regions: 5->4(33)
[2026-04-03T01:42:10.186+0600][71.984s][info][gc,heap        ] GC(251) Old regions: 44->44
[2026-04-03T01:42:10.186+0600][71.984s][info][gc,heap        ] GC(251) Humongous regions: 3->3
[2026-04-03T01:42:10.186+0600][71.984s][info][gc,metaspace   ] GC(251) Metaspace: 131908K(133376K)->131908K(133376K) NonClass: 115305K(116032K)->115305K(116032K) Class: 16603K(17344K)->16603K(17344K)
[2026-04-03T01:42:10.186+0600][71.984s][info][gc             ] GC(251) Pause Young (Concurrent Start) (GCLocker Initiated GC) 111M->100M(880M) 5.042ms
[2026-04-03T01:42:10.186+0600][71.984s][info][gc,cpu         ] GC(251) User=0.04s Sys=0.00s Real=0.00s
[2026-04-03T01:42:10.186+0600][71.984s][info][gc             ] GC(252) Concurrent Mark Cycle
[2026-04-03T01:42:10.186+0600][71.984s][info][gc,marking     ] GC(252) Concurrent Scan Root Regions
[2026-04-03T01:42:10.193+0600][71.991s][info][gc,marking     ] GC(252) Concurrent Scan Root Regions 6.718ms
[2026-04-03T01:42:10.193+0600][71.991s][info][gc,marking     ] GC(252) Concurrent Mark
[2026-04-03T01:42:10.193+0600][71.991s][info][gc,marking     ] GC(252) Concurrent Mark From Roots
[2026-04-03T01:42:10.193+0600][71.991s][info][gc,task        ] GC(252) Using 3 workers of 3 for marking
[2026-04-03T01:42:10.300+0600][72.099s][info][gc,marking     ] GC(252) Concurrent Mark From Roots 107.224ms
[2026-04-03T01:42:10.301+0600][72.099s][info][gc,marking     ] GC(252) Concurrent Preclean
[2026-04-03T01:42:10.301+0600][72.099s][info][gc,marking     ] GC(252) Concurrent Preclean 0.634ms
[2026-04-03T01:42:10.302+0600][72.100s][info][gc,start       ] GC(252) Pause Remark
[2026-04-03T01:42:10.312+0600][72.110s][info][gc             ] GC(252) Pause Remark 235M->235M(560M) 9.968ms
[2026-04-03T01:42:10.312+0600][72.110s][info][gc,cpu         ] GC(252) User=0.07s Sys=0.00s Real=0.01s
[2026-04-03T01:42:10.312+0600][72.110s][info][gc,marking     ] GC(252) Concurrent Mark 118.802ms
[2026-04-03T01:42:10.312+0600][72.110s][info][gc,marking     ] GC(252) Concurrent Rebuild Remembered Sets and Scrub Regions
[2026-04-03T01:42:10.353+0600][72.151s][info][gc,marking     ] GC(252) Concurrent Rebuild Remembered Sets and Scrub Regions 40.612ms
[2026-04-03T01:42:10.353+0600][72.151s][info][gc,start       ] GC(252) Pause Cleanup
[2026-04-03T01:42:10.354+0600][72.152s][info][gc             ] GC(252) Pause Cleanup 273M->273M(560M) 0.328ms
[2026-04-03T01:42:10.354+0600][72.152s][info][gc,cpu         ] GC(252) User=0.00s Sys=0.00s Real=0.00s
[2026-04-03T01:42:10.354+0600][72.152s][info][gc,marking     ] GC(252) Concurrent Clear Claimed Marks
[2026-04-03T01:42:10.354+0600][72.152s][info][gc,marking     ] GC(252) Concurrent Clear Claimed Marks 0.408ms
[2026-04-03T01:42:10.354+0600][72.152s][info][gc,marking     ] GC(252) Concurrent Cleanup for Next Mark
[2026-04-03T01:42:10.355+0600][72.154s][info][gc,marking     ] GC(252) Concurrent Cleanup for Next Mark 1.214ms
[2026-04-03T01:42:10.356+0600][72.154s][info][gc             ] GC(252) Concurrent Mark Cycle 169.321ms
[2026-04-03T01:42:10.581+0600][72.379s][info][gc,start       ] GC(253) Pause Young (Prepare Mixed) (G1 Evacuation Pause)
[2026-04-03T01:42:10.581+0600][72.379s][info][gc,task        ] GC(253) Using 10 workers of 10 for evacuation
[2026-04-03T01:42:10.588+0600][72.386s][info][gc,phases      ] GC(253)   Pre Evacuate Collection Set: 0.33ms
[2026-04-03T01:42:10.588+0600][72.386s][info][gc,phases      ] GC(253)   Merge Heap Roots: 0.24ms
[2026-04-03T01:42:10.588+0600][72.386s][info][gc,phases      ] GC(253)   Evacuate Collection Set: 5.44ms
[2026-04-03T01:42:10.588+0600][72.386s][info][gc,phases      ] GC(253)   Post Evacuate Collection Set: 1.18ms
[2026-04-03T01:42:10.588+0600][72.387s][info][gc,phases      ] GC(253)   Other: 0.12ms
[2026-04-03T01:42:10.588+0600][72.387s][info][gc,heap        ] GC(253) Eden regions: 130->0(201)
[2026-04-03T01:42:10.588+0600][72.387s][info][gc,heap        ] GC(253) Survivor regions: 4->4(21)
[2026-04-03T01:42:10.588+0600][72.387s][info][gc,heap        ] GC(253) Old regions: 44->45
[2026-04-03T01:42:10.588+0600][72.387s][info][gc,heap        ] GC(253) Humongous regions: 102->3
[2026-04-03T01:42:10.588+0600][72.387s][info][gc,metaspace   ] GC(253) Metaspace: 131908K(133376K)->131908K(133376K) NonClass: 115305K(116032K)->115305K(116032K) Class: 16603K(17344K)->16603K(17344K)
[2026-04-03T01:42:10.588+0600][72.387s][info][gc             ] GC(253) Pause Young (Prepare Mixed) (G1 Evacuation Pause) 558M->101M(684M) 7.795ms
[2026-04-03T01:42:10.589+0600][72.387s][info][gc,cpu         ] GC(253) User=0.05s Sys=0.02s Real=0.00s
[2026-04-03T01:42:11.194+0600][72.992s][info][gc,start       ] GC(254) Pause Young (Mixed) (G1 Evacuation Pause)
[2026-04-03T01:42:11.194+0600][72.992s][info][gc,task        ] GC(254) Using 10 workers of 10 for evacuation
[2026-04-03T01:42:11.200+0600][72.998s][info][gc,phases      ] GC(254)   Pre Evacuate Collection Set: 0.44ms
[2026-04-03T01:42:11.200+0600][72.998s][info][gc,phases      ] GC(254)   Merge Heap Roots: 0.27ms
[2026-04-03T01:42:11.200+0600][72.998s][info][gc,phases      ] GC(254)   Evacuate Collection Set: 4.64ms
[2026-04-03T01:42:11.200+0600][72.998s][info][gc,phases      ] GC(254)   Post Evacuate Collection Set: 0.95ms
[2026-04-03T01:42:11.200+0600][72.998s][info][gc,phases      ] GC(254)   Other: 0.13ms
[2026-04-03T01:42:11.200+0600][72.998s][info][gc,heap        ] GC(254) Eden regions: 201->0(203)
[2026-04-03T01:42:11.200+0600][72.998s][info][gc,heap        ] GC(254) Survivor regions: 4->4(26)
[2026-04-03T01:42:11.200+0600][72.998s][info][gc,heap        ] GC(254) Old regions: 45->44
[2026-04-03T01:42:11.200+0600][72.998s][info][gc,heap        ] GC(254) Humongous regions: 91->3
[2026-04-03T01:42:11.200+0600][72.998s][info][gc,metaspace   ] GC(254) Metaspace: 131908K(133376K)->131908K(133376K) NonClass: 115305K(116032K)->115305K(116032K) Class: 16603K(17344K)->16603K(17344K)
[2026-04-03T01:42:11.200+0600][72.999s][info][gc             ] GC(254) Pause Young (Mixed) (G1 Evacuation Pause) 679M->100M(690M) 6.785ms
[2026-04-03T01:42:11.200+0600][72.999s][info][gc,cpu         ] GC(254) User=0.04s Sys=0.01s Real=0.01s
[2026-04-03T01:42:11.202+0600][73.000s][info][gc,start       ] GC(255) Pause Young (Concurrent Start) (G1 Humongous Allocation)
[2026-04-03T01:42:11.202+0600][73.000s][info][gc,task        ] GC(255) Using 10 workers of 10 for evacuation
[2026-04-03T01:42:11.207+0600][73.005s][info][gc,phases      ] GC(255)   Pre Evacuate Collection Set: 0.44ms
[2026-04-03T01:42:11.207+0600][73.005s][info][gc,phases      ] GC(255)   Merge Heap Roots: 0.14ms
[2026-04-03T01:42:11.207+0600][73.005s][info][gc,phases      ] GC(255)   Evacuate Collection Set: 3.09ms
[2026-04-03T01:42:11.207+0600][73.005s][info][gc,phases      ] GC(255)   Post Evacuate Collection Set: 0.70ms
[2026-04-03T01:42:11.207+0600][73.005s][info][gc,phases      ] GC(255)   Other: 0.24ms
[2026-04-03T01:42:11.207+0600][73.005s][info][gc,heap        ] GC(255) Eden regions: 2->0(203)
[2026-04-03T01:42:11.207+0600][73.005s][info][gc,heap        ] GC(255) Survivor regions: 4->4(26)
[2026-04-03T01:42:11.207+0600][73.005s][info][gc,heap        ] GC(255) Old regions: 44->44
[2026-04-03T01:42:11.207+0600][73.005s][info][gc,heap        ] GC(255) Humongous regions: 3->3
[2026-04-03T01:42:11.207+0600][73.005s][info][gc,metaspace   ] GC(255) Metaspace: 131908K(133376K)->131908K(133376K) NonClass: 115305K(116032K)->115305K(116032K) Class: 16603K(17344K)->16603K(17344K)
[2026-04-03T01:42:11.207+0600][73.005s][info][gc             ] GC(255) Pause Young (Concurrent Start) (G1 Humongous Allocation) 103M->99M(690M) 4.994ms
[2026-04-03T01:42:11.207+0600][73.005s][info][gc             ] GC(256) Concurrent Mark Cycle
[2026-04-03T01:42:11.207+0600][73.005s][info][gc,cpu         ] GC(255) User=0.03s Sys=0.00s Real=0.00s
[2026-04-03T01:42:11.207+0600][73.005s][info][gc,marking     ] GC(256) Concurrent Scan Root Regions
[2026-04-03T01:42:11.210+0600][73.008s][info][gc,marking     ] GC(256) Concurrent Scan Root Regions 3.273ms
[2026-04-03T01:42:11.210+0600][73.009s][info][gc,marking     ] GC(256) Concurrent Mark
[2026-04-03T01:42:11.210+0600][73.009s][info][gc,marking     ] GC(256) Concurrent Mark From Roots
[2026-04-03T01:42:11.210+0600][73.009s][info][gc,task        ] GC(256) Using 3 workers of 3 for marking
[2026-04-03T01:42:11.332+0600][73.130s][info][gc,marking     ] GC(256) Concurrent Mark From Roots 121.387ms
[2026-04-03T01:42:11.332+0600][73.130s][info][gc,marking     ] GC(256) Concurrent Preclean
[2026-04-03T01:42:11.333+0600][73.131s][info][gc,marking     ] GC(256) Concurrent Preclean 0.859ms
[2026-04-03T01:42:11.333+0600][73.131s][info][gc,start       ] GC(256) Pause Remark
[2026-04-03T01:42:11.343+0600][73.142s][info][gc             ] GC(256) Pause Remark 187M->187M(374M) 10.365ms
[2026-04-03T01:42:11.344+0600][73.142s][info][gc,cpu         ] GC(256) User=0.07s Sys=0.00s Real=0.01s
[2026-04-03T01:42:11.344+0600][73.142s][info][gc,marking     ] GC(256) Concurrent Mark 133.448ms
[2026-04-03T01:42:11.344+0600][73.142s][info][gc,marking     ] GC(256) Concurrent Rebuild Remembered Sets and Scrub Regions
[2026-04-03T01:42:11.388+0600][73.186s][info][gc,marking     ] GC(256) Concurrent Rebuild Remembered Sets and Scrub Regions 43.599ms
[2026-04-03T01:42:11.388+0600][73.186s][info][gc,start       ] GC(256) Pause Cleanup
[2026-04-03T01:42:11.389+0600][73.187s][info][gc             ] GC(256) Pause Cleanup 241M->241M(374M) 0.438ms
[2026-04-03T01:42:11.389+0600][73.187s][info][gc,cpu         ] GC(256) User=0.00s Sys=0.00s Real=0.00s
[2026-04-03T01:42:11.389+0600][73.187s][info][gc,marking     ] GC(256) Concurrent Clear Claimed Marks
[2026-04-03T01:42:11.389+0600][73.187s][info][gc,marking     ] GC(256) Concurrent Clear Claimed Marks 0.441ms
[2026-04-03T01:42:11.389+0600][73.188s][info][gc,marking     ] GC(256) Concurrent Cleanup for Next Mark
[2026-04-03T01:42:11.390+0600][73.188s][info][gc,marking     ] GC(256) Concurrent Cleanup for Next Mark 0.784ms
[2026-04-03T01:42:11.390+0600][73.188s][info][gc             ] GC(256) Concurrent Mark Cycle 183.323ms
[2026-04-03T01:42:11.491+0600][73.289s][info][gc,start       ] GC(257) Pause Young (Prepare Mixed) (G1 Evacuation Pause)
[2026-04-03T01:42:11.491+0600][73.289s][info][gc,task        ] GC(257) Using 9 workers of 10 for evacuation
[2026-04-03T01:42:11.494+0600][73.292s][info][gc,phases      ] GC(257)   Pre Evacuate Collection Set: 0.41ms
[2026-04-03T01:42:11.494+0600][73.292s][info][gc,phases      ] GC(257)   Merge Heap Roots: 0.20ms
[2026-04-03T01:42:11.494+0600][73.292s][info][gc,phases      ] GC(257)   Evacuate Collection Set: 1.86ms
[2026-04-03T01:42:11.494+0600][73.292s][info][gc,phases      ] GC(257)   Post Evacuate Collection Set: 0.48ms
[2026-04-03T01:42:11.494+0600][73.292s][info][gc,phases      ] GC(257)   Other: 0.08ms
[2026-04-03T01:42:11.494+0600][73.292s][info][gc,heap        ] GC(257) Eden regions: 104->0(112)
[2026-04-03T01:42:11.494+0600][73.292s][info][gc,heap        ] GC(257) Survivor regions: 4->2(14)
[2026-04-03T01:42:11.494+0600][73.292s][info][gc,heap        ] GC(257) Old regions: 44->45
[2026-04-03T01:42:11.494+0600][73.292s][info][gc,heap        ] GC(257) Humongous regions: 36->3
[2026-04-03T01:42:11.494+0600][73.292s][info][gc,metaspace   ] GC(257) Metaspace: 131910K(133376K)->131910K(133376K) NonClass: 115307K(116032K)->115307K(116032K) Class: 16603K(17344K)->16603K(17344K)
[2026-04-03T01:42:11.494+0600][73.292s][info][gc             ] GC(257) Pause Young (Prepare Mixed) (G1 Evacuation Pause) 373M->95M(382M) 3.270ms
[2026-04-03T01:42:11.494+0600][73.292s][info][gc,cpu         ] GC(257) User=0.02s Sys=0.00s Real=0.00s
[2026-04-03T01:42:11.686+0600][73.484s][info][gc,start       ] GC(258) Pause Full (System.gc())
[2026-04-03T01:42:11.686+0600][73.484s][info][gc,task        ] GC(258) Using 9 workers of 10 for full compaction
[2026-04-03T01:42:11.687+0600][73.485s][info][gc,phases,start] GC(258) Phase 1: Mark live objects
[2026-04-03T01:42:11.771+0600][73.569s][info][gc,phases      ] GC(258) Phase 1: Mark live objects 84.682ms
[2026-04-03T01:42:11.771+0600][73.570s][info][gc,phases,start] GC(258) Phase 2: Prepare compaction
[2026-04-03T01:42:11.775+0600][73.574s][info][gc,phases      ] GC(258) Phase 2: Prepare compaction 4.024ms
[2026-04-03T01:42:11.775+0600][73.574s][info][gc,phases,start] GC(258) Phase 3: Adjust pointers
[2026-04-03T01:42:11.798+0600][73.596s][info][gc,phases      ] GC(258) Phase 3: Adjust pointers 22.534ms
[2026-04-03T01:42:11.798+0600][73.596s][info][gc,phases,start] GC(258) Phase 4: Compact heap
[2026-04-03T01:42:11.802+0600][73.600s][info][gc,phases      ] GC(258) Phase 4: Compact heap 3.980ms
[2026-04-03T01:42:11.802+0600][73.600s][info][gc,phases,start] GC(258) Phase 5: Reset Metadata
[2026-04-03T01:42:11.808+0600][73.606s][info][gc,phases      ] GC(258) Phase 5: Reset Metadata 6.021ms
[2026-04-03T01:42:11.824+0600][73.622s][info][gc,heap        ] GC(258) Eden regions: 64->0(98)
[2026-04-03T01:42:11.824+0600][73.622s][info][gc,heap        ] GC(258) Survivor regions: 2->0(14)
[2026-04-03T01:42:11.824+0600][73.622s][info][gc,heap        ] GC(258) Old regions: 45->46
[2026-04-03T01:42:11.824+0600][73.622s][info][gc,heap        ] GC(258) Humongous regions: 52->3
[2026-04-03T01:42:11.824+0600][73.622s][info][gc,metaspace   ] GC(258) Metaspace: 131916K(133440K)->131916K(133440K) NonClass: 115312K(116096K)->115312K(116096K) Class: 16603K(17344K)->16603K(17344K)
[2026-04-03T01:42:11.824+0600][73.622s][info][gc             ] GC(258) Pause Full (System.gc()) 321M->91M(328M) 137.675ms
[2026-04-03T01:42:11.824+0600][73.622s][info][gc,cpu         ] GC(258) User=0.86s Sys=0.04s Real=0.14s
[2026-04-03T01:42:11.840+0600][73.638s][info][gc,start       ] GC(259) Pause Young (Concurrent Start) (G1 Humongous Allocation)
[2026-04-03T01:42:11.840+0600][73.639s][info][gc,task        ] GC(259) Using 8 workers of 10 for evacuation
[2026-04-03T01:42:11.844+0600][73.642s][info][gc,phases      ] GC(259)   Pre Evacuate Collection Set: 0.48ms
[2026-04-03T01:42:11.844+0600][73.642s][info][gc,phases      ] GC(259)   Merge Heap Roots: 0.12ms
[2026-04-03T01:42:11.844+0600][73.642s][info][gc,phases      ] GC(259)   Evacuate Collection Set: 1.92ms
[2026-04-03T01:42:11.844+0600][73.642s][info][gc,phases      ] GC(259)   Post Evacuate Collection Set: 0.98ms
[2026-04-03T01:42:11.844+0600][73.642s][info][gc,phases      ] GC(259)   Other: 0.25ms
[2026-04-03T01:42:11.844+0600][73.642s][info][gc,heap        ] GC(259) Eden regions: 3->0(97)
[2026-04-03T01:42:11.844+0600][73.642s][info][gc,heap        ] GC(259) Survivor regions: 0->1(13)
[2026-04-03T01:42:11.844+0600][73.643s][info][gc,heap        ] GC(259) Old regions: 46->46
[2026-04-03T01:42:11.844+0600][73.643s][info][gc,heap        ] GC(259) Humongous regions: 3->3
[2026-04-03T01:42:11.844+0600][73.643s][info][gc,metaspace   ] GC(259) Metaspace: 131916K(133440K)->131916K(133440K) NonClass: 115312K(116096K)->115312K(116096K) Class: 16603K(17344K)->16603K(17344K)
[2026-04-03T01:42:11.844+0600][73.643s][info][gc             ] GC(259) Pause Young (Concurrent Start) (G1 Humongous Allocation) 96M->92M(328M) 4.096ms
[2026-04-03T01:42:11.844+0600][73.643s][info][gc             ] GC(260) Concurrent Mark Cycle
[2026-04-03T01:42:11.845+0600][73.643s][info][gc,marking     ] GC(260) Concurrent Scan Root Regions
[2026-04-03T01:42:11.845+0600][73.643s][info][gc,cpu         ] GC(259) User=0.01s Sys=0.01s Real=0.00s
[2026-04-03T01:42:11.847+0600][73.645s][info][gc,marking     ] GC(260) Concurrent Scan Root Regions 2.585ms
[2026-04-03T01:42:11.847+0600][73.645s][info][gc,marking     ] GC(260) Concurrent Mark
[2026-04-03T01:42:11.847+0600][73.645s][info][gc,marking     ] GC(260) Concurrent Mark From Roots
[2026-04-03T01:42:11.847+0600][73.645s][info][gc,task        ] GC(260) Using 3 workers of 3 for marking
[2026-04-03T01:42:11.922+0600][73.720s][info][gc,marking     ] GC(260) Concurrent Mark From Roots 74.467ms
[2026-04-03T01:42:11.922+0600][73.720s][info][gc,marking     ] GC(260) Concurrent Preclean
[2026-04-03T01:42:11.922+0600][73.720s][info][gc,marking     ] GC(260) Concurrent Preclean 0.401ms
[2026-04-03T01:42:11.922+0600][73.721s][info][gc,start       ] GC(260) Pause Remark
[2026-04-03T01:42:11.931+0600][73.729s][info][gc             ] GC(260) Pause Remark 124M->124M(328M) 8.740ms
[2026-04-03T01:42:11.931+0600][73.730s][info][gc,cpu         ] GC(260) User=0.05s Sys=0.00s Real=0.01s
[2026-04-03T01:42:11.932+0600][73.730s][info][gc,marking     ] GC(260) Concurrent Mark 84.354ms
[2026-04-03T01:42:11.932+0600][73.730s][info][gc,marking     ] GC(260) Concurrent Rebuild Remembered Sets and Scrub Regions
[2026-04-03T01:42:11.962+0600][73.760s][info][gc,marking     ] GC(260) Concurrent Rebuild Remembered Sets and Scrub Regions 30.535ms
[2026-04-03T01:42:11.963+0600][73.761s][info][gc,start       ] GC(260) Pause Cleanup
[2026-04-03T01:42:11.963+0600][73.761s][info][gc             ] GC(260) Pause Cleanup 151M->151M(328M) 0.587ms
[2026-04-03T01:42:11.963+0600][73.762s][info][gc,cpu         ] GC(260) User=0.00s Sys=0.00s Real=0.00s
[2026-04-03T01:42:11.964+0600][73.762s][info][gc,marking     ] GC(260) Concurrent Clear Claimed Marks
[2026-04-03T01:42:11.964+0600][73.762s][info][gc,marking     ] GC(260) Concurrent Clear Claimed Marks 0.442ms
[2026-04-03T01:42:11.964+0600][73.762s][info][gc,marking     ] GC(260) Concurrent Cleanup for Next Mark
[2026-04-03T01:42:11.965+0600][73.763s][info][gc,marking     ] GC(260) Concurrent Cleanup for Next Mark 0.556ms
[2026-04-03T01:42:11.965+0600][73.763s][info][gc             ] GC(260) Concurrent Mark Cycle 120.227ms
[2026-04-03T01:42:12.004+0600][73.802s][info][gc,start       ] GC(261) Pause Young (Prepare Mixed) (G1 Evacuation Pause)
[2026-04-03T01:42:12.004+0600][73.802s][info][gc,task        ] GC(261) Using 8 workers of 10 for evacuation
[2026-04-03T01:42:12.008+0600][73.806s][info][gc,phases      ] GC(261)   Pre Evacuate Collection Set: 0.45ms
[2026-04-03T01:42:12.008+0600][73.806s][info][gc,phases      ] GC(261)   Merge Heap Roots: 0.20ms
[2026-04-03T01:42:12.008+0600][73.806s][info][gc,phases      ] GC(261)   Evacuate Collection Set: 2.55ms
[2026-04-03T01:42:12.008+0600][73.806s][info][gc,phases      ] GC(261)   Post Evacuate Collection Set: 0.73ms
[2026-04-03T01:42:12.008+0600][73.806s][info][gc,phases      ] GC(261)   Other: 0.12ms
[2026-04-03T01:42:12.008+0600][73.806s][info][gc,heap        ] GC(261) Eden regions: 25->0(109)
[2026-04-03T01:42:12.008+0600][73.806s][info][gc,heap        ] GC(261) Survivor regions: 1->2(14)
[2026-04-03T01:42:12.008+0600][73.806s][info][gc,heap        ] GC(261) Old regions: 46->46
[2026-04-03T01:42:12.008+0600][73.806s][info][gc,heap        ] GC(261) Humongous regions: 111->12
[2026-04-03T01:42:12.008+0600][73.806s][info][gc,metaspace   ] GC(261) Metaspace: 131916K(133440K)->131916K(133440K) NonClass: 115313K(116096K)->115313K(116096K) Class: 16603K(17344K)->16603K(17344K)
[2026-04-03T01:42:12.008+0600][73.806s][info][gc             ] GC(261) Pause Young (Prepare Mixed) (G1 Evacuation Pause) 358M->113M(370M) 4.406ms
[2026-04-03T01:42:12.008+0600][73.806s][info][gc,cpu         ] GC(261) User=0.01s Sys=0.02s Real=0.00s
[2026-04-03T01:42:12.038+0600][73.836s][info][gc,start       ] GC(262) Pause Young (Mixed) (G1 Evacuation Pause)
[2026-04-03T01:42:12.038+0600][73.836s][info][gc,task        ] GC(262) Using 8 workers of 10 for evacuation
[2026-04-03T01:42:12.043+0600][73.841s][info][gc,phases      ] GC(262)   Pre Evacuate Collection Set: 0.50ms
[2026-04-03T01:42:12.043+0600][73.841s][info][gc,phases      ] GC(262)   Merge Heap Roots: 0.16ms
[2026-04-03T01:42:12.043+0600][73.841s][info][gc,phases      ] GC(262)   Evacuate Collection Set: 2.75ms
[2026-04-03T01:42:12.043+0600][73.841s][info][gc,phases      ] GC(262)   Post Evacuate Collection Set: 0.87ms
[2026-04-03T01:42:12.043+0600][73.841s][info][gc,phases      ] GC(262)   Other: 0.12ms
[2026-04-03T01:42:12.043+0600][73.841s][info][gc,heap        ] GC(262) Eden regions: 16->0(110)
[2026-04-03T01:42:12.043+0600][73.841s][info][gc,heap        ] GC(262) Survivor regions: 2->2(14)
[2026-04-03T01:42:12.043+0600][73.841s][info][gc,heap        ] GC(262) Old regions: 46->46
[2026-04-03T01:42:12.043+0600][73.841s][info][gc,heap        ] GC(262) Humongous regions: 121->3
[2026-04-03T01:42:12.043+0600][73.841s][info][gc,metaspace   ] GC(262) Metaspace: 131916K(133440K)->131916K(133440K) NonClass: 115313K(116096K)->115313K(116096K) Class: 16603K(17344K)->16603K(17344K)
[2026-04-03T01:42:12.043+0600][73.841s][info][gc             ] GC(262) Pause Young (Mixed) (G1 Evacuation Pause) 363M->95M(376M) 4.797ms
[2026-04-03T01:42:12.043+0600][73.841s][info][gc,cpu         ] GC(262) User=0.02s Sys=0.00s Real=0.01s
[2026-04-03T01:42:12.046+0600][73.844s][info][gc,start       ] GC(263) Pause Young (Concurrent Start) (G1 Humongous Allocation)
[2026-04-03T01:42:12.046+0600][73.844s][info][gc,task        ] GC(263) Using 9 workers of 10 for evacuation
[2026-04-03T01:42:12.050+0600][73.848s][info][gc,phases      ] GC(263)   Pre Evacuate Collection Set: 0.24ms
[2026-04-03T01:42:12.050+0600][73.848s][info][gc,phases      ] GC(263)   Merge Heap Roots: 0.08ms
[2026-04-03T01:42:12.050+0600][73.848s][info][gc,phases      ] GC(263)   Evacuate Collection Set: 2.22ms
[2026-04-03T01:42:12.050+0600][73.848s][info][gc,phases      ] GC(263)   Post Evacuate Collection Set: 1.86ms
[2026-04-03T01:42:12.050+0600][73.848s][info][gc,phases      ] GC(263)   Other: 0.13ms
[2026-04-03T01:42:12.050+0600][73.848s][info][gc,heap        ] GC(263) Eden regions: 4->0(249)
[2026-04-03T01:42:12.050+0600][73.848s][info][gc,heap        ] GC(263) Survivor regions: 2->2(14)
[2026-04-03T01:42:12.050+0600][73.848s][info][gc,heap        ] GC(263) Old regions: 46->46
[2026-04-03T01:42:12.050+0600][73.849s][info][gc,heap        ] GC(263) Humongous regions: 3->3
[2026-04-03T01:42:12.050+0600][73.849s][info][gc,metaspace   ] GC(263) Metaspace: 131916K(133440K)->131916K(133440K) NonClass: 115313K(116096K)->115313K(116096K) Class: 16603K(17344K)->16603K(17344K)
[2026-04-03T01:42:12.050+0600][73.849s][info][gc             ] GC(263) Pause Young (Concurrent Start) (G1 Humongous Allocation) 102M->94M(838M) 4.787ms
[2026-04-03T01:42:12.050+0600][73.849s][info][gc,cpu         ] GC(263) User=0.02s Sys=0.00s Real=0.01s
[2026-04-03T01:42:12.051+0600][73.849s][info][gc             ] GC(264) Concurrent Undo Cycle
[2026-04-03T01:42:12.051+0600][73.849s][info][gc,marking     ] GC(264) Concurrent Clear Claimed Marks
[2026-04-03T01:42:12.051+0600][73.849s][info][gc,marking     ] GC(264) Concurrent Clear Claimed Marks 0.198ms
[2026-04-03T01:42:12.051+0600][73.849s][info][gc,marking     ] GC(264) Concurrent Cleanup for Next Mark
[2026-04-03T01:42:12.051+0600][73.849s][info][gc,marking     ] GC(264) Concurrent Cleanup for Next Mark 0.248ms
[2026-04-03T01:42:12.051+0600][73.849s][info][gc             ] GC(264) Concurrent Undo Cycle 0.738ms
[2026-04-03T01:42:12.052+0600][73.850s][info][gc,start       ] GC(265) Pause Young (Concurrent Start) (G1 Humongous Allocation)
[2026-04-03T01:42:12.052+0600][73.851s][info][gc,task        ] GC(265) Using 10 workers of 10 for evacuation
[2026-04-03T01:42:12.056+0600][73.854s][info][gc,phases      ] GC(265)   Pre Evacuate Collection Set: 0.27ms
[2026-04-03T01:42:12.056+0600][73.854s][info][gc,phases      ] GC(265)   Merge Heap Roots: 0.15ms
[2026-04-03T01:42:12.056+0600][73.854s][info][gc,phases      ] GC(265)   Evacuate Collection Set: 1.86ms
[2026-04-03T01:42:12.056+0600][73.854s][info][gc,phases      ] GC(265)   Post Evacuate Collection Set: 0.67ms
[2026-04-03T01:42:12.056+0600][73.854s][info][gc,phases      ] GC(265)   Other: 0.20ms
[2026-04-03T01:42:12.056+0600][73.854s][info][gc,heap        ] GC(265) Eden regions: 2->0(249)
[2026-04-03T01:42:12.056+0600][73.854s][info][gc,heap        ] GC(265) Survivor regions: 2->2(32)
[2026-04-03T01:42:12.056+0600][73.854s][info][gc,heap        ] GC(265) Old regions: 46->46
[2026-04-03T01:42:12.056+0600][73.854s][info][gc,heap        ] GC(265) Humongous regions: 4->3
[2026-04-03T01:42:12.056+0600][73.854s][info][gc,metaspace   ] GC(265) Metaspace: 131916K(133440K)->131916K(133440K) NonClass: 115313K(116096K)->115313K(116096K) Class: 16603K(17344K)->16603K(17344K)
[2026-04-03T01:42:12.056+0600][73.854s][info][gc             ] GC(265) Pause Young (Concurrent Start) (G1 Humongous Allocation) 100M->94M(838M) 3.461ms
[2026-04-03T01:42:12.056+0600][73.854s][info][gc             ] GC(266) Concurrent Mark Cycle
[2026-04-03T01:42:12.056+0600][73.854s][info][gc,marking     ] GC(266) Concurrent Scan Root Regions
[2026-04-03T01:42:12.056+0600][73.854s][info][gc,cpu         ] GC(265) User=0.02s Sys=0.00s Real=0.00s
[2026-04-03T01:42:12.058+0600][73.857s][info][gc,marking     ] GC(266) Concurrent Scan Root Regions 2.360ms
[2026-04-03T01:42:12.058+0600][73.857s][info][gc,marking     ] GC(266) Concurrent Mark
[2026-04-03T01:42:12.058+0600][73.857s][info][gc,marking     ] GC(266) Concurrent Mark From Roots
[2026-04-03T01:42:12.058+0600][73.857s][info][gc,task        ] GC(266) Using 3 workers of 3 for marking
[2026-04-03T01:42:12.121+0600][73.919s][info][gc,marking     ] GC(266) Concurrent Mark From Roots 62.743ms
[2026-04-03T01:42:12.121+0600][73.919s][info][gc,marking     ] GC(266) Concurrent Preclean
[2026-04-03T01:42:12.122+0600][73.920s][info][gc,marking     ] GC(266) Concurrent Preclean 0.489ms
[2026-04-03T01:42:12.126+0600][73.925s][info][gc,start       ] GC(266) Pause Remark
[2026-04-03T01:42:12.135+0600][73.933s][info][gc             ] GC(266) Pause Remark 433M->433M(838M) 8.940ms
[2026-04-03T01:42:12.136+0600][73.934s][info][gc,cpu         ] GC(266) User=0.06s Sys=0.00s Real=0.01s
[2026-04-03T01:42:12.136+0600][73.934s][info][gc,marking     ] GC(266) Concurrent Mark 77.329ms
[2026-04-03T01:42:12.136+0600][73.934s][info][gc,marking     ] GC(266) Concurrent Rebuild Remembered Sets and Scrub Regions
[2026-04-03T01:42:12.167+0600][73.965s][info][gc,marking     ] GC(266) Concurrent Rebuild Remembered Sets and Scrub Regions 31.423ms
[2026-04-03T01:42:12.171+0600][73.969s][info][gc,start       ] GC(266) Pause Cleanup
[2026-04-03T01:42:12.171+0600][73.969s][info][gc             ] GC(266) Pause Cleanup 534M->534M(838M) 0.362ms
[2026-04-03T01:42:12.171+0600][73.970s][info][gc,cpu         ] GC(266) User=0.01s Sys=0.00s Real=0.00s
[2026-04-03T01:42:12.172+0600][73.970s][info][gc,marking     ] GC(266) Concurrent Clear Claimed Marks
[2026-04-03T01:42:12.172+0600][73.970s][info][gc,marking     ] GC(266) Concurrent Clear Claimed Marks 0.316ms
[2026-04-03T01:42:12.172+0600][73.970s][info][gc,marking     ] GC(266) Concurrent Cleanup for Next Mark
[2026-04-03T01:42:12.175+0600][73.973s][info][gc,marking     ] GC(266) Concurrent Cleanup for Next Mark 3.205ms
[2026-04-03T01:42:12.175+0600][73.973s][info][gc             ] GC(266) Concurrent Mark Cycle 119.266ms
[2026-04-03T01:42:12.581+0600][74.379s][info][gc,start       ] GC(267) Pause Young (Prepare Mixed) (G1 Evacuation Pause)
[2026-04-03T01:42:12.581+0600][74.379s][info][gc,task        ] GC(267) Using 10 workers of 10 for evacuation
[2026-04-03T01:42:12.584+0600][74.382s][info][gc,phases      ] GC(267)   Pre Evacuate Collection Set: 0.36ms
[2026-04-03T01:42:12.584+0600][74.382s][info][gc,phases      ] GC(267)   Merge Heap Roots: 0.22ms
[2026-04-03T01:42:12.584+0600][74.382s][info][gc,phases      ] GC(267)   Evacuate Collection Set: 1.92ms
[2026-04-03T01:42:12.584+0600][74.382s][info][gc,phases      ] GC(267)   Post Evacuate Collection Set: 0.77ms
[2026-04-03T01:42:12.584+0600][74.382s][info][gc,phases      ] GC(267)   Other: 0.08ms
[2026-04-03T01:42:12.584+0600][74.382s][info][gc,heap        ] GC(267) Eden regions: 112->0(250)
[2026-04-03T01:42:12.584+0600][74.382s][info][gc,heap        ] GC(267) Survivor regions: 2->2(32)
[2026-04-03T01:42:12.584+0600][74.382s][info][gc,heap        ] GC(267) Old regions: 46->46
[2026-04-03T01:42:12.584+0600][74.382s][info][gc,heap        ] GC(267) Humongous regions: 259->3
[2026-04-03T01:42:12.584+0600][74.382s][info][gc,metaspace   ] GC(267) Metaspace: 131923K(133440K)->131923K(133440K) NonClass: 115319K(116096K)->115319K(116096K) Class: 16604K(17344K)->16604K(17344K)
[2026-04-03T01:42:12.584+0600][74.382s][info][gc             ] GC(267) Pause Young (Prepare Mixed) (G1 Evacuation Pause) 830M->94M(842M) 3.626ms
[2026-04-03T01:42:12.584+0600][74.382s][info][gc,cpu         ] GC(267) User=0.01s Sys=0.00s Real=0.00s
[2026-04-03T01:42:13.146+0600][74.944s][info][gc,start       ] GC(268) Pause Young (Mixed) (G1 Evacuation Pause)
[2026-04-03T01:42:13.146+0600][74.944s][info][gc,task        ] GC(268) Using 10 workers of 10 for evacuation
[2026-04-03T01:42:13.150+0600][74.948s][info][gc,phases      ] GC(268)   Pre Evacuate Collection Set: 0.29ms
[2026-04-03T01:42:13.150+0600][74.948s][info][gc,phases      ] GC(268)   Merge Heap Roots: 0.21ms
[2026-04-03T01:42:13.150+0600][74.948s][info][gc,phases      ] GC(268)   Evacuate Collection Set: 2.84ms
[2026-04-03T01:42:13.150+0600][74.948s][info][gc,phases      ] GC(268)   Post Evacuate Collection Set: 0.87ms
[2026-04-03T01:42:13.150+0600][74.948s][info][gc,phases      ] GC(268)   Other: 0.10ms
[2026-04-03T01:42:13.150+0600][74.948s][info][gc,heap        ] GC(268) Eden regions: 213->0(251)
[2026-04-03T01:42:13.150+0600][74.948s][info][gc,heap        ] GC(268) Survivor regions: 2->3(32)
[2026-04-03T01:42:13.150+0600][74.948s][info][gc,heap        ] GC(268) Old regions: 46->45
[2026-04-03T01:42:13.150+0600][74.948s][info][gc,heap        ] GC(268) Humongous regions: 160->3
[2026-04-03T01:42:13.150+0600][74.948s][info][gc,metaspace   ] GC(268) Metaspace: 131924K(133440K)->131924K(133440K) NonClass: 115320K(116096K)->115320K(116096K) Class: 16604K(17344K)->16604K(17344K)
[2026-04-03T01:42:13.150+0600][74.948s][info][gc             ] GC(268) Pause Young (Mixed) (G1 Evacuation Pause) 834M->96M(848M) 4.603ms
[2026-04-03T01:42:13.150+0600][74.948s][info][gc,cpu         ] GC(268) User=0.03s Sys=0.01s Real=0.01s
[2026-04-03T01:42:13.168+0600][74.967s][info][gc,start       ] GC(269) Pause Young (Concurrent Start) (G1 Humongous Allocation)
[2026-04-03T01:42:13.169+0600][74.967s][info][gc,task        ] GC(269) Using 10 workers of 10 for evacuation
[2026-04-03T01:42:13.174+0600][74.972s][info][gc,phases      ] GC(269)   Pre Evacuate Collection Set: 0.65ms
[2026-04-03T01:42:13.174+0600][74.972s][info][gc,phases      ] GC(269)   Merge Heap Roots: 0.21ms
[2026-04-03T01:42:13.174+0600][74.972s][info][gc,phases      ] GC(269)   Evacuate Collection Set: 3.22ms
[2026-04-03T01:42:13.174+0600][74.972s][info][gc,phases      ] GC(269)   Post Evacuate Collection Set: 0.97ms
[2026-04-03T01:42:13.174+0600][74.972s][info][gc,phases      ] GC(269)   Other: 0.28ms
[2026-04-03T01:42:13.174+0600][74.972s][info][gc,heap        ] GC(269) Eden regions: 10->0(250)
[2026-04-03T01:42:13.174+0600][74.972s][info][gc,heap        ] GC(269) Survivor regions: 3->4(32)
[2026-04-03T01:42:13.174+0600][74.972s][info][gc,heap        ] GC(269) Old regions: 45->45
[2026-04-03T01:42:13.174+0600][74.972s][info][gc,heap        ] GC(269) Humongous regions: 3->3
[2026-04-03T01:42:13.174+0600][74.972s][info][gc,metaspace   ] GC(269) Metaspace: 131924K(133440K)->131924K(133440K) NonClass: 115320K(116096K)->115320K(116096K) Class: 16604K(17344K)->16604K(17344K)
[2026-04-03T01:42:13.174+0600][74.972s][info][gc             ] GC(269) Pause Young (Concurrent Start) (G1 Humongous Allocation) 116M->99M(848M) 5.806ms
[2026-04-03T01:42:13.174+0600][74.973s][info][gc             ] GC(270) Concurrent Mark Cycle
[2026-04-03T01:42:13.174+0600][74.973s][info][gc,marking     ] GC(270) Concurrent Scan Root Regions
[2026-04-03T01:42:13.174+0600][74.973s][info][gc,cpu         ] GC(269) User=0.03s Sys=0.01s Real=0.01s
[2026-04-03T01:42:13.186+0600][74.984s][info][gc,marking     ] GC(270) Concurrent Scan Root Regions 11.598ms
[2026-04-03T01:42:13.186+0600][74.984s][info][gc,marking     ] GC(270) Concurrent Mark
[2026-04-03T01:42:13.186+0600][74.984s][info][gc,marking     ] GC(270) Concurrent Mark From Roots
[2026-04-03T01:42:13.186+0600][74.984s][info][gc,task        ] GC(270) Using 3 workers of 3 for marking
[2026-04-03T01:42:13.296+0600][75.094s][info][gc,marking     ] GC(270) Concurrent Mark From Roots 109.585ms
[2026-04-03T01:42:13.296+0600][75.094s][info][gc,marking     ] GC(270) Concurrent Preclean
[2026-04-03T01:42:13.297+0600][75.095s][info][gc,marking     ] GC(270) Concurrent Preclean 0.724ms
[2026-04-03T01:42:13.297+0600][75.095s][info][gc,start       ] GC(270) Pause Remark
[2026-04-03T01:42:13.307+0600][75.106s][info][gc             ] GC(270) Pause Remark 246M->246M(568M) 10.398ms
[2026-04-03T01:42:13.308+0600][75.106s][info][gc,cpu         ] GC(270) User=0.07s Sys=0.00s Real=0.01s
[2026-04-03T01:42:13.308+0600][75.106s][info][gc,marking     ] GC(270) Concurrent Mark 121.682ms
[2026-04-03T01:42:13.308+0600][75.106s][info][gc,marking     ] GC(270) Concurrent Rebuild Remembered Sets and Scrub Regions
[2026-04-03T01:42:13.347+0600][75.145s][info][gc,marking     ] GC(270) Concurrent Rebuild Remembered Sets and Scrub Regions 38.883ms
[2026-04-03T01:42:13.350+0600][75.148s][info][gc,start       ] GC(270) Pause Cleanup
[2026-04-03T01:42:13.350+0600][75.149s][info][gc             ] GC(270) Pause Cleanup 290M->290M(568M) 0.418ms
[2026-04-03T01:42:13.351+0600][75.149s][info][gc,cpu         ] GC(270) User=0.00s Sys=0.00s Real=0.00s
[2026-04-03T01:42:13.354+0600][75.152s][info][gc,marking     ] GC(270) Concurrent Clear Claimed Marks
[2026-04-03T01:42:13.354+0600][75.152s][info][gc,marking     ] GC(270) Concurrent Clear Claimed Marks 0.413ms
[2026-04-03T01:42:13.354+0600][75.152s][info][gc,marking     ] GC(270) Concurrent Cleanup for Next Mark
[2026-04-03T01:42:13.356+0600][75.155s][info][gc,marking     ] GC(270) Concurrent Cleanup for Next Mark 2.247ms
[2026-04-03T01:42:13.357+0600][75.155s][info][gc             ] GC(270) Concurrent Mark Cycle 182.157ms
[2026-04-03T01:42:13.775+0600][75.573s][info][gc,start       ] GC(271) Pause Young (Prepare Mixed) (G1 Evacuation Pause)
[2026-04-03T01:42:13.775+0600][75.573s][info][gc,task        ] GC(271) Using 10 workers of 10 for evacuation
[2026-04-03T01:42:13.779+0600][75.577s][info][gc,phases      ] GC(271)   Pre Evacuate Collection Set: 0.39ms
[2026-04-03T01:42:13.779+0600][75.577s][info][gc,phases      ] GC(271)   Merge Heap Roots: 0.20ms
[2026-04-03T01:42:13.779+0600][75.578s][info][gc,phases      ] GC(271)   Evacuate Collection Set: 2.48ms
[2026-04-03T01:42:13.779+0600][75.578s][info][gc,phases      ] GC(271)   Post Evacuate Collection Set: 0.90ms
[2026-04-03T01:42:13.779+0600][75.578s][info][gc,phases      ] GC(271)   Other: 0.10ms
[2026-04-03T01:42:13.779+0600][75.578s][info][gc,heap        ] GC(271) Eden regions: 141->0(169)
[2026-04-03T01:42:13.779+0600][75.578s][info][gc,heap        ] GC(271) Survivor regions: 4->3(22)
[2026-04-03T01:42:13.779+0600][75.578s][info][gc,heap        ] GC(271) Old regions: 45->45
[2026-04-03T01:42:13.779+0600][75.578s][info][gc,heap        ] GC(271) Humongous regions: 94->3
[2026-04-03T01:42:13.779+0600][75.578s][info][gc,metaspace   ] GC(271) Metaspace: 131936K(133440K)->131936K(133440K) NonClass: 115332K(116096K)->115332K(116096K) Class: 16604K(17344K)->16604K(17344K)
[2026-04-03T01:42:13.779+0600][75.578s][info][gc             ] GC(271) Pause Young (Prepare Mixed) (G1 Evacuation Pause) 563M->95M(574M) 4.387ms
[2026-04-03T01:42:13.780+0600][75.578s][info][gc,cpu         ] GC(271) User=0.03s Sys=0.01s Real=0.00s
[2026-04-03T01:42:14.154+0600][75.952s][info][gc,start       ] GC(272) Pause Young (Mixed) (G1 Evacuation Pause)
[2026-04-03T01:42:14.154+0600][75.952s][info][gc,task        ] GC(272) Using 10 workers of 10 for evacuation
[2026-04-03T01:42:14.159+0600][75.958s][info][gc,phases      ] GC(272)   Pre Evacuate Collection Set: 0.49ms
[2026-04-03T01:42:14.160+0600][75.958s][info][gc,phases      ] GC(272)   Merge Heap Roots: 0.23ms
[2026-04-03T01:42:14.160+0600][75.958s][info][gc,phases      ] GC(272)   Evacuate Collection Set: 3.85ms
[2026-04-03T01:42:14.160+0600][75.958s][info][gc,phases      ] GC(272)   Post Evacuate Collection Set: 0.69ms
[2026-04-03T01:42:14.160+0600][75.958s][info][gc,phases      ] GC(272)   Other: 0.12ms
[2026-04-03T01:42:14.160+0600][75.958s][info][gc,heap        ] GC(272) Eden regions: 141->0(171)
[2026-04-03T01:42:14.160+0600][75.958s][info][gc,heap        ] GC(272) Survivor regions: 3->4(22)
[2026-04-03T01:42:14.160+0600][75.958s][info][gc,heap        ] GC(272) Old regions: 45->45
[2026-04-03T01:42:14.160+0600][75.958s][info][gc,heap        ] GC(272) Humongous regions: 98->3
[2026-04-03T01:42:14.160+0600][75.958s][info][gc,metaspace   ] GC(272) Metaspace: 131936K(133440K)->131936K(133440K) NonClass: 115332K(116096K)->115332K(116096K) Class: 16604K(17344K)->16604K(17344K)
[2026-04-03T01:42:14.160+0600][75.958s][info][gc             ] GC(272) Pause Young (Mixed) (G1 Evacuation Pause) 567M->98M(584M) 5.734ms
[2026-04-03T01:42:14.160+0600][75.958s][info][gc,cpu         ] GC(272) User=0.03s Sys=0.02s Real=0.01s
[2026-04-03T01:42:14.160+0600][75.958s][info][gc,start       ] GC(273) Pause Young (Concurrent Start) (G1 Humongous Allocation)
[2026-04-03T01:42:14.160+0600][75.959s][info][gc,task        ] GC(273) Using 10 workers of 10 for evacuation
[2026-04-03T01:42:14.163+0600][75.962s][info][gc,phases      ] GC(273)   Pre Evacuate Collection Set: 0.32ms
[2026-04-03T01:42:14.164+0600][75.962s][info][gc,phases      ] GC(273)   Merge Heap Roots: 0.09ms
[2026-04-03T01:42:14.164+0600][75.962s][info][gc,phases      ] GC(273)   Evacuate Collection Set: 2.04ms
[2026-04-03T01:42:14.164+0600][75.962s][info][gc,phases      ] GC(273)   Post Evacuate Collection Set: 0.48ms
[2026-04-03T01:42:14.164+0600][75.962s][info][gc,phases      ] GC(273)   Other: 0.16ms
[2026-04-03T01:42:14.164+0600][75.962s][info][gc,heap        ] GC(273) Eden regions: 2->0(171)
[2026-04-03T01:42:14.164+0600][75.962s][info][gc,heap        ] GC(273) Survivor regions: 4->4(22)
[2026-04-03T01:42:14.164+0600][75.962s][info][gc,heap        ] GC(273) Old regions: 45->45
[2026-04-03T01:42:14.164+0600][75.962s][info][gc,heap        ] GC(273) Humongous regions: 3->3
[2026-04-03T01:42:14.164+0600][75.962s][info][gc,metaspace   ] GC(273) Metaspace: 131936K(133440K)->131936K(133440K) NonClass: 115332K(116096K)->115332K(116096K) Class: 16604K(17344K)->16604K(17344K)
[2026-04-03T01:42:14.164+0600][75.962s][info][gc             ] GC(273) Pause Young (Concurrent Start) (G1 Humongous Allocation) 101M->98M(584M) 3.380ms
[2026-04-03T01:42:14.164+0600][75.962s][info][gc             ] GC(274) Concurrent Mark Cycle
[2026-04-03T01:42:14.164+0600][75.962s][info][gc,cpu         ] GC(273) User=0.02s Sys=0.00s Real=0.00s
[2026-04-03T01:42:14.164+0600][75.962s][info][gc,marking     ] GC(274) Concurrent Scan Root Regions
[2026-04-03T01:42:14.167+0600][75.965s][info][gc,marking     ] GC(274) Concurrent Scan Root Regions 3.475ms
[2026-04-03T01:42:14.167+0600][75.966s][info][gc,marking     ] GC(274) Concurrent Mark
[2026-04-03T01:42:14.167+0600][75.966s][info][gc,marking     ] GC(274) Concurrent Mark From Roots
[2026-04-03T01:42:14.167+0600][75.966s][info][gc,task        ] GC(274) Using 3 workers of 3 for marking
[2026-04-03T01:42:14.251+0600][76.050s][info][gc,marking     ] GC(274) Concurrent Mark From Roots 84.030ms
[2026-04-03T01:42:14.251+0600][76.050s][info][gc,marking     ] GC(274) Concurrent Preclean
[2026-04-03T01:42:14.252+0600][76.050s][info][gc,marking     ] GC(274) Concurrent Preclean 0.644ms
[2026-04-03T01:42:14.252+0600][76.051s][info][gc,start       ] GC(274) Pause Remark
[2026-04-03T01:42:14.261+0600][76.059s][info][gc             ] GC(274) Pause Remark 208M->208M(520M) 8.343ms
[2026-04-03T01:42:14.261+0600][76.059s][info][gc,cpu         ] GC(274) User=0.06s Sys=0.00s Real=0.01s
[2026-04-03T01:42:14.261+0600][76.059s][info][gc,marking     ] GC(274) Concurrent Mark 93.731ms
[2026-04-03T01:42:14.261+0600][76.059s][info][gc,marking     ] GC(274) Concurrent Rebuild Remembered Sets and Scrub Regions
[2026-04-03T01:42:14.296+0600][76.094s][info][gc,marking     ] GC(274) Concurrent Rebuild Remembered Sets and Scrub Regions 34.986ms
[2026-04-03T01:42:14.297+0600][76.095s][info][gc,start       ] GC(274) Pause Cleanup
[2026-04-03T01:42:14.298+0600][76.096s][info][gc             ] GC(274) Pause Cleanup 236M->236M(520M) 0.403ms
[2026-04-03T01:42:14.298+0600][76.096s][info][gc,cpu         ] GC(274) User=0.00s Sys=0.00s Real=0.00s
[2026-04-03T01:42:14.300+0600][76.098s][info][gc,marking     ] GC(274) Concurrent Clear Claimed Marks
[2026-04-03T01:42:14.300+0600][76.099s][info][gc,marking     ] GC(274) Concurrent Clear Claimed Marks 0.479ms
[2026-04-03T01:42:14.300+0600][76.099s][info][gc,marking     ] GC(274) Concurrent Cleanup for Next Mark
[2026-04-03T01:42:14.302+0600][76.100s][info][gc,marking     ] GC(274) Concurrent Cleanup for Next Mark 1.117ms
[2026-04-03T01:42:14.302+0600][76.100s][info][gc             ] GC(274) Concurrent Mark Cycle 137.891ms
[2026-04-03T01:42:14.502+0600][76.300s][info][gc,start       ] GC(275) Pause Young (Prepare Mixed) (G1 Evacuation Pause)
[2026-04-03T01:42:14.502+0600][76.300s][info][gc,task        ] GC(275) Using 10 workers of 10 for evacuation
[2026-04-03T01:42:14.508+0600][76.306s][info][gc,phases      ] GC(275)   Pre Evacuate Collection Set: 0.31ms
[2026-04-03T01:42:14.508+0600][76.306s][info][gc,phases      ] GC(275)   Merge Heap Roots: 0.22ms
[2026-04-03T01:42:14.508+0600][76.306s][info][gc,phases      ] GC(275)   Evacuate Collection Set: 3.83ms
[2026-04-03T01:42:14.508+0600][76.306s][info][gc,phases      ] GC(275)   Post Evacuate Collection Set: 0.88ms
[2026-04-03T01:42:14.508+0600][76.306s][info][gc,phases      ] GC(275)   Other: 0.10ms
[2026-04-03T01:42:14.508+0600][76.306s][info][gc,heap        ] GC(275) Eden regions: 113->0(154)
[2026-04-03T01:42:14.508+0600][76.306s][info][gc,heap        ] GC(275) Survivor regions: 4->4(20)
[2026-04-03T01:42:14.508+0600][76.306s][info][gc,heap        ] GC(275) Old regions: 45->45
[2026-04-03T01:42:14.508+0600][76.306s][info][gc,heap        ] GC(275) Humongous regions: 98->3
[2026-04-03T01:42:14.508+0600][76.306s][info][gc,metaspace   ] GC(275) Metaspace: 131936K(133440K)->131936K(133440K) NonClass: 115332K(116096K)->115332K(116096K) Class: 16604K(17344K)->16604K(17344K)
[2026-04-03T01:42:14.508+0600][76.306s][info][gc             ] GC(275) Pause Young (Prepare Mixed) (G1 Evacuation Pause) 514M->97M(528M) 5.699ms
[2026-04-03T01:42:14.508+0600][76.306s][info][gc,cpu         ] GC(275) User=0.03s Sys=0.01s Real=0.00s
[2026-04-03T01:42:14.922+0600][76.720s][info][gc,start       ] GC(276) Pause Young (Mixed) (G1 Evacuation Pause)
[2026-04-03T01:42:14.922+0600][76.720s][info][gc,task        ] GC(276) Using 10 workers of 10 for evacuation
[2026-04-03T01:42:14.929+0600][76.727s][info][gc,phases      ] GC(276)   Pre Evacuate Collection Set: 0.51ms
[2026-04-03T01:42:14.929+0600][76.727s][info][gc,phases      ] GC(276)   Merge Heap Roots: 0.31ms
[2026-04-03T01:42:14.929+0600][76.727s][info][gc,phases      ] GC(276)   Evacuate Collection Set: 4.63ms
[2026-04-03T01:42:14.929+0600][76.727s][info][gc,phases      ] GC(276)   Post Evacuate Collection Set: 1.20ms
[2026-04-03T01:42:14.929+0600][76.727s][info][gc,phases      ] GC(276)   Other: 0.15ms
[2026-04-03T01:42:14.929+0600][76.727s][info][gc,heap        ] GC(276) Eden regions: 134->0(157)
[2026-04-03T01:42:14.929+0600][76.727s][info][gc,heap        ] GC(276) Survivor regions: 4->4(20)
[2026-04-03T01:42:14.929+0600][76.727s][info][gc,heap        ] GC(276) Old regions: 45->45
[2026-04-03T01:42:14.929+0600][76.727s][info][gc,heap        ] GC(276) Humongous regions: 81->3
[2026-04-03T01:42:14.929+0600][76.727s][info][gc,metaspace   ] GC(276) Metaspace: 131939K(133440K)->131939K(133440K) NonClass: 115334K(116096K)->115334K(116096K) Class: 16604K(17344K)->16604K(17344K)
[2026-04-03T01:42:14.929+0600][76.727s][info][gc             ] GC(276) Pause Young (Mixed) (G1 Evacuation Pause) 521M->99M(538M) 7.145ms
[2026-04-03T01:42:14.929+0600][76.727s][info][gc,cpu         ] GC(276) User=0.03s Sys=0.02s Real=0.00s
[2026-04-03T01:42:14.984+0600][76.782s][info][gc,start       ] GC(277) Pause Young (Concurrent Start) (G1 Humongous Allocation)
[2026-04-03T01:42:14.984+0600][76.782s][info][gc,task        ] GC(277) Using 10 workers of 10 for evacuation
[2026-04-03T01:42:14.988+0600][76.786s][info][gc,phases      ] GC(277)   Pre Evacuate Collection Set: 0.53ms
[2026-04-03T01:42:14.988+0600][76.786s][info][gc,phases      ] GC(277)   Merge Heap Roots: 0.19ms
[2026-04-03T01:42:14.988+0600][76.786s][info][gc,phases      ] GC(277)   Evacuate Collection Set: 2.76ms
[2026-04-03T01:42:14.988+0600][76.786s][info][gc,phases      ] GC(277)   Post Evacuate Collection Set: 0.59ms
[2026-04-03T01:42:14.988+0600][76.786s][info][gc,phases      ] GC(277)   Other: 0.21ms
[2026-04-03T01:42:14.988+0600][76.786s][info][gc,heap        ] GC(277) Eden regions: 25->0(157)
[2026-04-03T01:42:14.988+0600][76.786s][info][gc,heap        ] GC(277) Survivor regions: 4->4(21)
[2026-04-03T01:42:14.988+0600][76.786s][info][gc,heap        ] GC(277) Old regions: 45->45
[2026-04-03T01:42:14.988+0600][76.786s][info][gc,heap        ] GC(277) Humongous regions: 3->3
[2026-04-03T01:42:14.988+0600][76.786s][info][gc,metaspace   ] GC(277) Metaspace: 131939K(133440K)->131939K(133440K) NonClass: 115334K(116096K)->115334K(116096K) Class: 16604K(17344K)->16604K(17344K)
[2026-04-03T01:42:14.988+0600][76.786s][info][gc             ] GC(277) Pause Young (Concurrent Start) (G1 Humongous Allocation) 147M->99M(538M) 4.663ms
[2026-04-03T01:42:14.988+0600][76.787s][info][gc,cpu         ] GC(277) User=0.02s Sys=0.00s Real=0.00s
[2026-04-03T01:42:14.988+0600][76.787s][info][gc             ] GC(278) Concurrent Mark Cycle
[2026-04-03T01:42:14.989+0600][76.787s][info][gc,marking     ] GC(278) Concurrent Scan Root Regions
[2026-04-03T01:42:14.993+0600][76.791s][info][gc,marking     ] GC(278) Concurrent Scan Root Regions 4.448ms
[2026-04-03T01:42:14.993+0600][76.791s][info][gc,marking     ] GC(278) Concurrent Mark
[2026-04-03T01:42:14.993+0600][76.791s][info][gc,marking     ] GC(278) Concurrent Mark From Roots
[2026-04-03T01:42:14.993+0600][76.791s][info][gc,task        ] GC(278) Using 3 workers of 3 for marking
[2026-04-03T01:42:15.085+0600][76.883s][info][gc,marking     ] GC(278) Concurrent Mark From Roots 91.653ms
[2026-04-03T01:42:15.085+0600][76.883s][info][gc,marking     ] GC(278) Concurrent Preclean
[2026-04-03T01:42:15.086+0600][76.884s][info][gc,marking     ] GC(278) Concurrent Preclean 0.681ms
[2026-04-03T01:42:15.086+0600][76.884s][info][gc,start       ] GC(278) Pause Remark
[2026-04-03T01:42:15.096+0600][76.894s][info][gc             ] GC(278) Pause Remark 185M->185M(420M) 10.183ms
[2026-04-03T01:42:15.096+0600][76.894s][info][gc,cpu         ] GC(278) User=0.08s Sys=0.00s Real=0.01s
[2026-04-03T01:42:15.097+0600][76.895s][info][gc,marking     ] GC(278) Concurrent Mark 103.638ms
[2026-04-03T01:42:15.097+0600][76.895s][info][gc,marking     ] GC(278) Concurrent Rebuild Remembered Sets and Scrub Regions
[2026-04-03T01:42:15.141+0600][76.939s][info][gc,marking     ] GC(278) Concurrent Rebuild Remembered Sets and Scrub Regions 43.733ms
[2026-04-03T01:42:15.141+0600][76.939s][info][gc,start       ] GC(278) Pause Cleanup
[2026-04-03T01:42:15.141+0600][76.940s][info][gc             ] GC(278) Pause Cleanup 251M->251M(420M) 0.386ms
[2026-04-03T01:42:15.142+0600][76.940s][info][gc,cpu         ] GC(278) User=0.00s Sys=0.00s Real=0.00s
[2026-04-03T01:42:15.142+0600][76.940s][info][gc,marking     ] GC(278) Concurrent Clear Claimed Marks
[2026-04-03T01:42:15.142+0600][76.940s][info][gc,marking     ] GC(278) Concurrent Clear Claimed Marks 0.528ms
[2026-04-03T01:42:15.142+0600][76.940s][info][gc,marking     ] GC(278) Concurrent Cleanup for Next Mark
[2026-04-03T01:42:15.143+0600][76.941s][info][gc,marking     ] GC(278) Concurrent Cleanup for Next Mark 0.870ms
[2026-04-03T01:42:15.143+0600][76.941s][info][gc             ] GC(278) Concurrent Mark Cycle 154.834ms
[2026-04-03T01:42:15.268+0600][77.066s][info][gc,start       ] GC(279) Pause Young (Prepare Mixed) (G1 Evacuation Pause)
[2026-04-03T01:42:15.268+0600][77.066s][info][gc,task        ] GC(279) Using 10 workers of 10 for evacuation
[2026-04-03T01:42:15.273+0600][77.071s][info][gc,phases      ] GC(279)   Pre Evacuate Collection Set: 0.26ms
[2026-04-03T01:42:15.273+0600][77.071s][info][gc,phases      ] GC(279)   Merge Heap Roots: 0.15ms
[2026-04-03T01:42:15.273+0600][77.071s][info][gc,phases      ] GC(279)   Evacuate Collection Set: 3.66ms
[2026-04-03T01:42:15.273+0600][77.071s][info][gc,phases      ] GC(279)   Post Evacuate Collection Set: 1.02ms
[2026-04-03T01:42:15.273+0600][77.071s][info][gc,phases      ] GC(279)   Other: 0.10ms
[2026-04-03T01:42:15.273+0600][77.071s][info][gc,heap        ] GC(279) Eden regions: 85->0(167)
[2026-04-03T01:42:15.273+0600][77.071s][info][gc,heap        ] GC(279) Survivor regions: 4->4(16)
[2026-04-03T01:42:15.273+0600][77.071s][info][gc,heap        ] GC(279) Old regions: 45->45
[2026-04-03T01:42:15.273+0600][77.071s][info][gc,heap        ] GC(279) Humongous regions: 100->9
[2026-04-03T01:42:15.273+0600][77.071s][info][gc,metaspace   ] GC(279) Metaspace: 131941K(133440K)->131941K(133440K) NonClass: 115336K(116096K)->115336K(116096K) Class: 16605K(17344K)->16605K(17344K)
[2026-04-03T01:42:15.273+0600][77.071s][info][gc             ] GC(279) Pause Young (Prepare Mixed) (G1 Evacuation Pause) 463M->111M(572M) 5.484ms
[2026-04-03T01:42:15.273+0600][77.071s][info][gc,cpu         ] GC(279) User=0.03s Sys=0.01s Real=0.01s
[2026-04-03T01:42:15.412+0600][77.210s][info][gc,start       ] GC(280) Pause Young (Mixed) (G1 Evacuation Pause)
[2026-04-03T01:42:15.412+0600][77.210s][info][gc,task        ] GC(280) Using 10 workers of 10 for evacuation
[2026-04-03T01:42:15.417+0600][77.216s][info][gc,phases      ] GC(280)   Pre Evacuate Collection Set: 0.35ms
[2026-04-03T01:42:15.418+0600][77.216s][info][gc,phases      ] GC(280)   Merge Heap Roots: 0.25ms
[2026-04-03T01:42:15.418+0600][77.216s][info][gc,phases      ] GC(280)   Evacuate Collection Set: 3.62ms
[2026-04-03T01:42:15.418+0600][77.216s][info][gc,phases      ] GC(280)   Post Evacuate Collection Set: 0.89ms
[2026-04-03T01:42:15.418+0600][77.216s][info][gc,phases      ] GC(280)   Other: 0.10ms
[2026-04-03T01:42:15.418+0600][77.216s][info][gc,heap        ] GC(280) Eden regions: 34->0(198)
[2026-04-03T01:42:15.418+0600][77.216s][info][gc,heap        ] GC(280) Survivor regions: 4->3(22)
[2026-04-03T01:42:15.418+0600][77.216s][info][gc,heap        ] GC(280) Old regions: 45->45
[2026-04-03T01:42:15.418+0600][77.216s][info][gc,heap        ] GC(280) Humongous regions: 249->12
[2026-04-03T01:42:15.418+0600][77.216s][info][gc,metaspace   ] GC(280) Metaspace: 131942K(133440K)->131942K(133440K) NonClass: 115336K(116096K)->115336K(116096K) Class: 16605K(17344K)->16605K(17344K)
[2026-04-03T01:42:15.418+0600][77.216s][info][gc             ] GC(280) Pause Young (Mixed) (G1 Evacuation Pause) 659M->115M(672M) 5.512ms
[2026-04-03T01:42:15.418+0600][77.216s][info][gc,cpu         ] GC(280) User=0.02s Sys=0.01s Real=0.00s
[2026-04-03T01:42:15.419+0600][77.217s][info][gc,start       ] GC(281) Pause Young (Concurrent Start) (G1 Humongous Allocation)
[2026-04-03T01:42:15.419+0600][77.217s][info][gc,task        ] GC(281) Using 10 workers of 10 for evacuation
[2026-04-03T01:42:15.422+0600][77.220s][info][gc,phases      ] GC(281)   Pre Evacuate Collection Set: 0.35ms
[2026-04-03T01:42:15.422+0600][77.221s][info][gc,phases      ] GC(281)   Merge Heap Roots: 0.08ms
[2026-04-03T01:42:15.422+0600][77.221s][info][gc,phases      ] GC(281)   Evacuate Collection Set: 2.06ms
[2026-04-03T01:42:15.422+0600][77.221s][info][gc,phases      ] GC(281)   Post Evacuate Collection Set: 0.80ms
[2026-04-03T01:42:15.422+0600][77.221s][info][gc,phases      ] GC(281)   Other: 0.14ms
[2026-04-03T01:42:15.422+0600][77.221s][info][gc,heap        ] GC(281) Eden regions: 2->0(198)
[2026-04-03T01:42:15.422+0600][77.221s][info][gc,heap        ] GC(281) Survivor regions: 3->3(26)
[2026-04-03T01:42:15.422+0600][77.221s][info][gc,heap        ] GC(281) Old regions: 45->45
[2026-04-03T01:42:15.422+0600][77.221s][info][gc,heap        ] GC(281) Humongous regions: 15->6
[2026-04-03T01:42:15.422+0600][77.221s][info][gc,metaspace   ] GC(281) Metaspace: 131942K(133440K)->131942K(133440K) NonClass: 115336K(116096K)->115336K(116096K) Class: 16605K(17344K)->16605K(17344K)
[2026-04-03T01:42:15.423+0600][77.221s][info][gc             ] GC(281) Pause Young (Concurrent Start) (G1 Humongous Allocation) 123M->103M(672M) 3.744ms
[2026-04-03T01:42:15.423+0600][77.221s][info][gc             ] GC(282) Concurrent Undo Cycle
[2026-04-03T01:42:15.423+0600][77.221s][info][gc,cpu         ] GC(281) User=0.02s Sys=0.00s Real=0.01s
[2026-04-03T01:42:15.423+0600][77.221s][info][gc,marking     ] GC(282) Concurrent Clear Claimed Marks
[2026-04-03T01:42:15.423+0600][77.221s][info][gc,marking     ] GC(282) Concurrent Clear Claimed Marks 0.521ms
[2026-04-03T01:42:15.423+0600][77.221s][info][gc,marking     ] GC(282) Concurrent Cleanup for Next Mark
[2026-04-03T01:42:15.424+0600][77.222s][info][gc,marking     ] GC(282) Concurrent Cleanup for Next Mark 0.364ms
[2026-04-03T01:42:15.424+0600][77.222s][info][gc             ] GC(282) Concurrent Undo Cycle 1.228ms
[2026-04-03T01:42:15.424+0600][77.223s][info][gc,start       ] GC(283) Pause Young (Concurrent Start) (G1 Humongous Allocation)
[2026-04-03T01:42:15.425+0600][77.223s][info][gc,task        ] GC(283) Using 10 workers of 10 for evacuation
[2026-04-03T01:42:15.428+0600][77.226s][info][gc,phases      ] GC(283)   Pre Evacuate Collection Set: 0.32ms
[2026-04-03T01:42:15.428+0600][77.226s][info][gc,phases      ] GC(283)   Merge Heap Roots: 0.10ms
[2026-04-03T01:42:15.428+0600][77.226s][info][gc,phases      ] GC(283)   Evacuate Collection Set: 1.99ms
[2026-04-03T01:42:15.428+0600][77.226s][info][gc,phases      ] GC(283)   Post Evacuate Collection Set: 0.57ms
[2026-04-03T01:42:15.428+0600][77.226s][info][gc,phases      ] GC(283)   Other: 0.13ms
[2026-04-03T01:42:15.428+0600][77.226s][info][gc,heap        ] GC(283) Eden regions: 2->0(198)
[2026-04-03T01:42:15.428+0600][77.226s][info][gc,heap        ] GC(283) Survivor regions: 3->3(26)
[2026-04-03T01:42:15.428+0600][77.226s][info][gc,heap        ] GC(283) Old regions: 45->45
[2026-04-03T01:42:15.428+0600][77.226s][info][gc,heap        ] GC(283) Humongous regions: 18->9
[2026-04-03T01:42:15.428+0600][77.226s][info][gc,metaspace   ] GC(283) Metaspace: 131942K(133440K)->131942K(133440K) NonClass: 115336K(116096K)->115336K(116096K) Class: 16605K(17344K)->16605K(17344K)
[2026-04-03T01:42:15.428+0600][77.226s][info][gc             ] GC(283) Pause Young (Concurrent Start) (G1 Humongous Allocation) 131M->109M(672M) 3.404ms
[2026-04-03T01:42:15.428+0600][77.226s][info][gc             ] GC(284) Concurrent Mark Cycle
[2026-04-03T01:42:15.428+0600][77.226s][info][gc,cpu         ] GC(283) User=0.02s Sys=0.01s Real=0.00s
[2026-04-03T01:42:15.428+0600][77.226s][info][gc,marking     ] GC(284) Concurrent Scan Root Regions
[2026-04-03T01:42:15.431+0600][77.229s][info][gc,marking     ] GC(284) Concurrent Scan Root Regions 2.935ms
[2026-04-03T01:42:15.431+0600][77.229s][info][gc,marking     ] GC(284) Concurrent Mark
[2026-04-03T01:42:15.431+0600][77.229s][info][gc,marking     ] GC(284) Concurrent Mark From Roots
[2026-04-03T01:42:15.431+0600][77.229s][info][gc,task        ] GC(284) Using 3 workers of 3 for marking
[2026-04-03T01:42:15.521+0600][77.319s][info][gc,marking     ] GC(284) Concurrent Mark From Roots 89.995ms
[2026-04-03T01:42:15.521+0600][77.319s][info][gc,marking     ] GC(284) Concurrent Preclean
[2026-04-03T01:42:15.522+0600][77.320s][info][gc,marking     ] GC(284) Concurrent Preclean 0.817ms
[2026-04-03T01:42:15.522+0600][77.320s][info][gc,start       ] GC(284) Pause Remark
[2026-04-03T01:42:15.534+0600][77.332s][info][gc             ] GC(284) Pause Remark 374M->374M(672M) 11.558ms
[2026-04-03T01:42:15.534+0600][77.332s][info][gc,cpu         ] GC(284) User=0.09s Sys=0.00s Real=0.01s
[2026-04-03T01:42:15.534+0600][77.332s][info][gc,marking     ] GC(284) Concurrent Mark 103.226ms
[2026-04-03T01:42:15.534+0600][77.333s][info][gc,marking     ] GC(284) Concurrent Rebuild Remembered Sets and Scrub Regions
[2026-04-03T01:42:15.572+0600][77.370s][info][gc,marking     ] GC(284) Concurrent Rebuild Remembered Sets and Scrub Regions 37.766ms
[2026-04-03T01:42:15.573+0600][77.371s][info][gc,start       ] GC(284) Pause Cleanup
[2026-04-03T01:42:15.573+0600][77.371s][info][gc             ] GC(284) Pause Cleanup 387M->387M(672M) 0.367ms
[2026-04-03T01:42:15.573+0600][77.371s][info][gc,cpu         ] GC(284) User=0.00s Sys=0.01s Real=0.00s
[2026-04-03T01:42:15.573+0600][77.372s][info][gc,marking     ] GC(284) Concurrent Clear Claimed Marks
[2026-04-03T01:42:15.574+0600][77.372s][info][gc,marking     ] GC(284) Concurrent Clear Claimed Marks 0.508ms
[2026-04-03T01:42:15.574+0600][77.372s][info][gc,marking     ] GC(284) Concurrent Cleanup for Next Mark
[2026-04-03T01:42:15.577+0600][77.375s][info][gc,marking     ] GC(284) Concurrent Cleanup for Next Mark 3.080ms
[2026-04-03T01:42:15.577+0600][77.375s][info][gc             ] GC(284) Concurrent Mark Cycle 149.288ms
[2026-04-03T01:42:16.023+0600][77.821s][info][gc,start       ] GC(285) Pause Young (Prepare Mixed) (G1 Evacuation Pause)
[2026-04-03T01:42:16.023+0600][77.822s][info][gc,task        ] GC(285) Using 10 workers of 10 for evacuation
[2026-04-03T01:42:16.029+0600][77.827s][info][gc,phases      ] GC(285)   Pre Evacuate Collection Set: 0.22ms
[2026-04-03T01:42:16.029+0600][77.827s][info][gc,phases      ] GC(285)   Merge Heap Roots: 0.26ms
[2026-04-03T01:42:16.029+0600][77.827s][info][gc,phases      ] GC(285)   Evacuate Collection Set: 4.30ms
[2026-04-03T01:42:16.029+0600][77.827s][info][gc,phases      ] GC(285)   Post Evacuate Collection Set: 0.65ms
[2026-04-03T01:42:16.029+0600][77.827s][info][gc,phases      ] GC(285)   Other: 0.10ms
[2026-04-03T01:42:16.029+0600][77.827s][info][gc,heap        ] GC(285) Eden regions: 135->0(199)
[2026-04-03T01:42:16.029+0600][77.827s][info][gc,heap        ] GC(285) Survivor regions: 3->5(26)
[2026-04-03T01:42:16.029+0600][77.827s][info][gc,heap        ] GC(285) Old regions: 45->45
[2026-04-03T01:42:16.029+0600][77.827s][info][gc,heap        ] GC(285) Humongous regions: 153->3
[2026-04-03T01:42:16.029+0600][77.827s][info][gc,metaspace   ] GC(285) Metaspace: 131951K(133440K)->131951K(133440K) NonClass: 115345K(116096K)->115345K(116096K) Class: 16605K(17344K)->16605K(17344K)
[2026-04-03T01:42:16.029+0600][77.827s][info][gc             ] GC(285) Pause Young (Prepare Mixed) (G1 Evacuation Pause) 667M->99M(682M) 5.827ms
[2026-04-03T01:42:16.029+0600][77.827s][info][gc,cpu         ] GC(285) User=0.03s Sys=0.02s Real=0.00s
[2026-04-03T01:42:16.437+0600][78.235s][info][gc,start       ] GC(286) Pause Young (Mixed) (GCLocker Initiated GC)
[2026-04-03T01:42:16.437+0600][78.236s][info][gc,task        ] GC(286) Using 10 workers of 10 for evacuation
[2026-04-03T01:42:16.445+0600][78.243s][info][gc,phases      ] GC(286)   Pre Evacuate Collection Set: 0.53ms
[2026-04-03T01:42:16.445+0600][78.243s][info][gc,phases      ] GC(286)   Merge Heap Roots: 0.23ms
[2026-04-03T01:42:16.445+0600][78.243s][info][gc,phases      ] GC(286)   Evacuate Collection Set: 5.88ms
[2026-04-03T01:42:16.445+0600][78.243s][info][gc,phases      ] GC(286)   Post Evacuate Collection Set: 1.00ms
[2026-04-03T01:42:16.445+0600][78.243s][info][gc,phases      ] GC(286)   Other: 0.18ms
[2026-04-03T01:42:16.445+0600][78.244s][info][gc,heap        ] GC(286) Eden regions: 156->0(203)
[2026-04-03T01:42:16.445+0600][78.244s][info][gc,heap        ] GC(286) Survivor regions: 5->4(26)
[2026-04-03T01:42:16.445+0600][78.244s][info][gc,heap        ] GC(286) Old regions: 45->44
[2026-04-03T01:42:16.445+0600][78.244s][info][gc,heap        ] GC(286) Humongous regions: 135->3
[2026-04-03T01:42:16.445+0600][78.244s][info][gc,metaspace   ] GC(286) Metaspace: 131951K(133440K)->131951K(133440K) NonClass: 115345K(116096K)->115345K(116096K) Class: 16605K(17344K)->16605K(17344K)
[2026-04-03T01:42:16.445+0600][78.244s][info][gc             ] GC(286) Pause Young (Mixed) (GCLocker Initiated GC) 675M->99M(690M) 8.185ms
[2026-04-03T01:42:16.446+0600][78.244s][info][gc,cpu         ] GC(286) User=0.03s Sys=0.03s Real=0.01s
[2026-04-03T01:42:16.453+0600][78.251s][info][gc,start       ] GC(287) Pause Young (Concurrent Start) (G1 Humongous Allocation)
[2026-04-03T01:42:16.453+0600][78.251s][info][gc,task        ] GC(287) Using 10 workers of 10 for evacuation
[2026-04-03T01:42:16.457+0600][78.256s][info][gc,phases      ] GC(287)   Pre Evacuate Collection Set: 0.52ms
[2026-04-03T01:42:16.457+0600][78.256s][info][gc,phases      ] GC(287)   Merge Heap Roots: 0.16ms
[2026-04-03T01:42:16.457+0600][78.256s][info][gc,phases      ] GC(287)   Evacuate Collection Set: 2.82ms
[2026-04-03T01:42:16.457+0600][78.256s][info][gc,phases      ] GC(287)   Post Evacuate Collection Set: 0.55ms
[2026-04-03T01:42:16.458+0600][78.256s][info][gc,phases      ] GC(287)   Other: 0.18ms
[2026-04-03T01:42:16.458+0600][78.256s][info][gc,heap        ] GC(287) Eden regions: 7->0(203)
[2026-04-03T01:42:16.458+0600][78.256s][info][gc,heap        ] GC(287) Survivor regions: 4->4(26)
[2026-04-03T01:42:16.458+0600][78.256s][info][gc,heap        ] GC(287) Old regions: 44->44
[2026-04-03T01:42:16.458+0600][78.256s][info][gc,heap        ] GC(287) Humongous regions: 3->3
[2026-04-03T01:42:16.458+0600][78.256s][info][gc,metaspace   ] GC(287) Metaspace: 131951K(133440K)->131951K(133440K) NonClass: 115345K(116096K)->115345K(116096K) Class: 16605K(17344K)->16605K(17344K)
[2026-04-03T01:42:16.458+0600][78.256s][info][gc             ] GC(287) Pause Young (Concurrent Start) (G1 Humongous Allocation) 111M->99M(690M) 4.555ms
[2026-04-03T01:42:16.458+0600][78.256s][info][gc             ] GC(288) Concurrent Mark Cycle
[2026-04-03T01:42:16.458+0600][78.256s][info][gc,marking     ] GC(288) Concurrent Scan Root Regions
[2026-04-03T01:42:16.458+0600][78.256s][info][gc,cpu         ] GC(287) User=0.03s Sys=0.01s Real=0.00s
[2026-04-03T01:42:16.461+0600][78.260s][info][gc,marking     ] GC(288) Concurrent Scan Root Regions 3.603ms
[2026-04-03T01:42:16.461+0600][78.260s][info][gc,marking     ] GC(288) Concurrent Mark
[2026-04-03T01:42:16.461+0600][78.260s][info][gc,marking     ] GC(288) Concurrent Mark From Roots
[2026-04-03T01:42:16.461+0600][78.260s][info][gc,task        ] GC(288) Using 3 workers of 3 for marking
[2026-04-03T01:42:16.588+0600][78.386s][info][gc,marking     ] GC(288) Concurrent Mark From Roots 126.832ms
[2026-04-03T01:42:16.588+0600][78.387s][info][gc,marking     ] GC(288) Concurrent Preclean
[2026-04-03T01:42:16.589+0600][78.387s][info][gc,marking     ] GC(288) Concurrent Preclean 0.634ms
[2026-04-03T01:42:16.589+0600][78.388s][info][gc,start       ] GC(288) Pause Remark
[2026-04-03T01:42:16.600+0600][78.398s][info][gc             ] GC(288) Pause Remark 224M->224M(540M) 10.674ms
[2026-04-03T01:42:16.600+0600][78.398s][info][gc,cpu         ] GC(288) User=0.07s Sys=0.00s Real=0.02s
[2026-04-03T01:42:16.601+0600][78.399s][info][gc,marking     ] GC(288) Concurrent Mark 139.103ms
[2026-04-03T01:42:16.601+0600][78.399s][info][gc,marking     ] GC(288) Concurrent Rebuild Remembered Sets and Scrub Regions
[2026-04-03T01:42:16.642+0600][78.440s][info][gc,marking     ] GC(288) Concurrent Rebuild Remembered Sets and Scrub Regions 41.104ms
[2026-04-03T01:42:16.642+0600][78.440s][info][gc,start       ] GC(288) Pause Cleanup
[2026-04-03T01:42:16.642+0600][78.441s][info][gc             ] GC(288) Pause Cleanup 260M->260M(540M) 0.285ms
[2026-04-03T01:42:16.643+0600][78.441s][info][gc,cpu         ] GC(288) User=0.00s Sys=0.00s Real=0.00s
[2026-04-03T01:42:16.643+0600][78.441s][info][gc,marking     ] GC(288) Concurrent Clear Claimed Marks
[2026-04-03T01:42:16.643+0600][78.441s][info][gc,marking     ] GC(288) Concurrent Clear Claimed Marks 0.392ms
[2026-04-03T01:42:16.643+0600][78.441s][info][gc,marking     ] GC(288) Concurrent Cleanup for Next Mark
[2026-04-03T01:42:16.645+0600][78.443s][info][gc,marking     ] GC(288) Concurrent Cleanup for Next Mark 1.988ms
[2026-04-03T01:42:16.645+0600][78.443s][info][gc             ] GC(288) Concurrent Mark Cycle 187.673ms
[2026-04-03T01:42:16.940+0600][78.739s][info][gc,start       ] GC(289) Pause Young (Prepare Mixed) (G1 Evacuation Pause)
[2026-04-03T01:42:16.941+0600][78.739s][info][gc,task        ] GC(289) Using 10 workers of 10 for evacuation
[2026-04-03T01:42:16.953+0600][78.751s][info][gc,phases      ] GC(289)   Pre Evacuate Collection Set: 0.63ms
[2026-04-03T01:42:16.953+0600][78.751s][info][gc,phases      ] GC(289)   Merge Heap Roots: 0.28ms
[2026-04-03T01:42:16.953+0600][78.751s][info][gc,phases      ] GC(289)   Evacuate Collection Set: 9.78ms
[2026-04-03T01:42:16.953+0600][78.751s][info][gc,phases      ] GC(289)   Post Evacuate Collection Set: 1.57ms
[2026-04-03T01:42:16.953+0600][78.751s][info][gc,phases      ] GC(289)   Other: 0.17ms
[2026-04-03T01:42:16.953+0600][78.751s][info][gc,heap        ] GC(289) Eden regions: 117->0(161)
[2026-04-03T01:42:16.953+0600][78.751s][info][gc,heap        ] GC(289) Survivor regions: 4->4(21)
[2026-04-03T01:42:16.953+0600][78.751s][info][gc,heap        ] GC(289) Old regions: 44->45
[2026-04-03T01:42:16.953+0600][78.751s][info][gc,heap        ] GC(289) Humongous regions: 105->3
[2026-04-03T01:42:16.953+0600][78.751s][info][gc,metaspace   ] GC(289) Metaspace: 131954K(133440K)->131954K(133440K) NonClass: 115349K(116096K)->115349K(116096K) Class: 16605K(17344K)->16605K(17344K)
[2026-04-03T01:42:16.953+0600][78.752s][info][gc             ] GC(289) Pause Young (Prepare Mixed) (G1 Evacuation Pause) 537M->99M(550M) 12.893ms
[2026-04-03T01:42:16.954+0600][78.752s][info][gc,cpu         ] GC(289) User=0.07s Sys=0.01s Real=0.01s
[2026-04-03T01:42:17.754+0600][79.552s][info][gc,start       ] GC(290) Pause Young (Mixed) (GCLocker Initiated GC)
[2026-04-03T01:42:17.754+0600][79.552s][info][gc,task        ] GC(290) Using 10 workers of 10 for evacuation
[2026-04-03T01:42:17.768+0600][79.566s][info][gc,phases      ] GC(290)   Pre Evacuate Collection Set: 0.87ms
[2026-04-03T01:42:17.768+0600][79.566s][info][gc,phases      ] GC(290)   Merge Heap Roots: 0.46ms
[2026-04-03T01:42:17.768+0600][79.566s][info][gc,phases      ] GC(290)   Evacuate Collection Set: 7.48ms
[2026-04-03T01:42:17.768+0600][79.566s][info][gc,phases      ] GC(290)   Post Evacuate Collection Set: 4.37ms
[2026-04-03T01:42:17.768+0600][79.566s][info][gc,phases      ] GC(290)   Other: 0.20ms
[2026-04-03T01:42:17.768+0600][79.566s][info][gc,heap        ] GC(290) Eden regions: 154->0(401)
[2026-04-03T01:42:17.768+0600][79.566s][info][gc,heap        ] GC(290) Survivor regions: 4->4(21)
[2026-04-03T01:42:17.768+0600][79.566s][info][gc,heap        ] GC(290) Old regions: 45->44
[2026-04-03T01:42:17.768+0600][79.566s][info][gc,heap        ] GC(290) Humongous regions: 72->3
[2026-04-03T01:42:17.768+0600][79.566s][info][gc,metaspace   ] GC(290) Metaspace: 131962K(133440K)->131962K(133440K) NonClass: 115355K(116096K)->115355K(116096K) Class: 16606K(17344K)->16606K(17344K)
[2026-04-03T01:42:17.768+0600][79.566s][info][gc             ] GC(290) Pause Young (Mixed) (GCLocker Initiated GC) 545M->99M(1350M) 13.849ms
[2026-04-03T01:42:17.768+0600][79.566s][info][gc,cpu         ] GC(290) User=0.05s Sys=0.02s Real=0.01s
[2026-04-03T01:42:18.601+0600][80.399s][info][gc,start       ] GC(291) Pause Young (Concurrent Start) (G1 Humongous Allocation)
[2026-04-03T01:42:18.601+0600][80.400s][info][gc,task        ] GC(291) Using 10 workers of 10 for evacuation
[2026-04-03T01:42:18.608+0600][80.406s][info][gc,phases      ] GC(291)   Pre Evacuate Collection Set: 0.48ms
[2026-04-03T01:42:18.608+0600][80.406s][info][gc,phases      ] GC(291)   Merge Heap Roots: 0.23ms
[2026-04-03T01:42:18.608+0600][80.406s][info][gc,phases      ] GC(291)   Evacuate Collection Set: 4.39ms
[2026-04-03T01:42:18.608+0600][80.406s][info][gc,phases      ] GC(291)   Post Evacuate Collection Set: 1.32ms
[2026-04-03T01:42:18.608+0600][80.406s][info][gc,phases      ] GC(291)   Other: 0.19ms
[2026-04-03T01:42:18.608+0600][80.406s][info][gc,heap        ] GC(291) Eden regions: 214->0(400)
[2026-04-03T01:42:18.608+0600][80.406s][info][gc,heap        ] GC(291) Survivor regions: 4->5(51)
[2026-04-03T01:42:18.608+0600][80.406s][info][gc,heap        ] GC(291) Old regions: 44->44
[2026-04-03T01:42:18.608+0600][80.406s][info][gc,heap        ] GC(291) Humongous regions: 168->3
[2026-04-03T01:42:18.608+0600][80.406s][info][gc,metaspace   ] GC(291) Metaspace: 131969K(133440K)->131969K(133440K) NonClass: 115363K(116096K)->115363K(116096K) Class: 16606K(17344K)->16606K(17344K)
[2026-04-03T01:42:18.608+0600][80.406s][info][gc             ] GC(291) Pause Young (Concurrent Start) (G1 Humongous Allocation) 857M->100M(1350M) 6.993ms
[2026-04-03T01:42:18.608+0600][80.407s][info][gc             ] GC(292) Concurrent Undo Cycle
[2026-04-03T01:42:18.608+0600][80.407s][info][gc,cpu         ] GC(291) User=0.04s Sys=0.01s Real=0.00s
[2026-04-03T01:42:18.609+0600][80.407s][info][gc,marking     ] GC(292) Concurrent Clear Claimed Marks
[2026-04-03T01:42:18.609+0600][80.407s][info][gc,marking     ] GC(292) Concurrent Clear Claimed Marks 0.348ms
[2026-04-03T01:42:18.609+0600][80.407s][info][gc,marking     ] GC(292) Concurrent Cleanup for Next Mark
[2026-04-03T01:42:18.609+0600][80.407s][info][gc,marking     ] GC(292) Concurrent Cleanup for Next Mark 0.353ms
[2026-04-03T01:42:18.609+0600][80.407s][info][gc             ] GC(292) Concurrent Undo Cycle 0.890ms
[2026-04-03T01:42:18.612+0600][80.411s][info][gc,start       ] GC(293) Pause Young (Concurrent Start) (G1 Humongous Allocation)
[2026-04-03T01:42:18.613+0600][80.411s][info][gc,task        ] GC(293) Using 10 workers of 10 for evacuation
[2026-04-03T01:42:18.617+0600][80.415s][info][gc,phases      ] GC(293)   Pre Evacuate Collection Set: 0.45ms
[2026-04-03T01:42:18.617+0600][80.415s][info][gc,phases      ] GC(293)   Merge Heap Roots: 0.16ms
[2026-04-03T01:42:18.617+0600][80.415s][info][gc,phases      ] GC(293)   Evacuate Collection Set: 3.03ms
[2026-04-03T01:42:18.617+0600][80.415s][info][gc,phases      ] GC(293)   Post Evacuate Collection Set: 0.81ms
[2026-04-03T01:42:18.617+0600][80.415s][info][gc,phases      ] GC(293)   Other: 0.20ms
[2026-04-03T01:42:18.617+0600][80.416s][info][gc,heap        ] GC(293) Eden regions: 5->0(401)
[2026-04-03T01:42:18.617+0600][80.416s][info][gc,heap        ] GC(293) Survivor regions: 5->4(51)
[2026-04-03T01:42:18.617+0600][80.416s][info][gc,heap        ] GC(293) Old regions: 44->45
[2026-04-03T01:42:18.617+0600][80.416s][info][gc,heap        ] GC(293) Humongous regions: 4->3
[2026-04-03T01:42:18.617+0600][80.416s][info][gc,metaspace   ] GC(293) Metaspace: 131969K(133440K)->131969K(133440K) NonClass: 115363K(116096K)->115363K(116096K) Class: 16606K(17344K)->16606K(17344K)
[2026-04-03T01:42:18.617+0600][80.416s][info][gc             ] GC(293) Pause Young (Concurrent Start) (G1 Humongous Allocation) 112M->100M(1350M) 4.962ms
[2026-04-03T01:42:18.618+0600][80.416s][info][gc             ] GC(294) Concurrent Mark Cycle
[2026-04-03T01:42:18.618+0600][80.416s][info][gc,marking     ] GC(294) Concurrent Scan Root Regions
[2026-04-03T01:42:18.618+0600][80.416s][info][gc,cpu         ] GC(293) User=0.04s Sys=0.00s Real=0.00s
[2026-04-03T01:42:18.621+0600][80.419s][info][gc,marking     ] GC(294) Concurrent Scan Root Regions 3.271ms
[2026-04-03T01:42:18.621+0600][80.419s][info][gc,marking     ] GC(294) Concurrent Mark
[2026-04-03T01:42:18.621+0600][80.419s][info][gc,marking     ] GC(294) Concurrent Mark From Roots
[2026-04-03T01:42:18.621+0600][80.419s][info][gc,task        ] GC(294) Using 3 workers of 3 for marking
[2026-04-03T01:42:18.697+0600][80.495s][info][gc,marking     ] GC(294) Concurrent Mark From Roots 75.600ms
[2026-04-03T01:42:18.697+0600][80.495s][info][gc,marking     ] GC(294) Concurrent Preclean
[2026-04-03T01:42:18.698+0600][80.496s][info][gc,marking     ] GC(294) Concurrent Preclean 0.737ms
[2026-04-03T01:42:18.698+0600][80.496s][info][gc,start       ] GC(294) Pause Remark
[2026-04-03T01:42:18.707+0600][80.505s][info][gc             ] GC(294) Pause Remark 154M->154M(420M) 8.938ms
[2026-04-03T01:42:18.707+0600][80.505s][info][gc,cpu         ] GC(294) User=0.07s Sys=0.00s Real=0.01s
[2026-04-03T01:42:18.707+0600][80.506s][info][gc,marking     ] GC(294) Concurrent Mark 86.424ms
[2026-04-03T01:42:18.708+0600][80.506s][info][gc,marking     ] GC(294) Concurrent Rebuild Remembered Sets and Scrub Regions
[2026-04-03T01:42:18.735+0600][80.534s][info][gc,marking     ] GC(294) Concurrent Rebuild Remembered Sets and Scrub Regions 27.855ms
[2026-04-03T01:42:18.736+0600][80.534s][info][gc,start       ] GC(294) Pause Cleanup
[2026-04-03T01:42:18.736+0600][80.534s][info][gc             ] GC(294) Pause Cleanup 166M->166M(420M) 0.217ms
[2026-04-03T01:42:18.736+0600][80.534s][info][gc,cpu         ] GC(294) User=0.00s Sys=0.00s Real=0.00s
[2026-04-03T01:42:18.736+0600][80.534s][info][gc,marking     ] GC(294) Concurrent Clear Claimed Marks
[2026-04-03T01:42:18.737+0600][80.535s][info][gc,marking     ] GC(294) Concurrent Clear Claimed Marks 0.299ms
[2026-04-03T01:42:18.737+0600][80.535s][info][gc,marking     ] GC(294) Concurrent Cleanup for Next Mark
[2026-04-03T01:42:18.737+0600][80.535s][info][gc,marking     ] GC(294) Concurrent Cleanup for Next Mark 0.685ms
[2026-04-03T01:42:18.737+0600][80.535s][info][gc             ] GC(294) Concurrent Mark Cycle 119.764ms
[2026-04-03T01:42:18.992+0600][80.790s][info][gc,start       ] GC(295) Pause Young (Prepare Mixed) (G1 Evacuation Pause)
[2026-04-03T01:42:18.992+0600][80.790s][info][gc,task        ] GC(295) Using 10 workers of 10 for evacuation
[2026-04-03T01:42:18.997+0600][80.795s][info][gc,phases      ] GC(295)   Pre Evacuate Collection Set: 0.34ms
[2026-04-03T01:42:18.997+0600][80.795s][info][gc,phases      ] GC(295)   Merge Heap Roots: 0.23ms
[2026-04-03T01:42:18.997+0600][80.795s][info][gc,phases      ] GC(295)   Evacuate Collection Set: 3.19ms
[2026-04-03T01:42:18.997+0600][80.795s][info][gc,phases      ] GC(295)   Post Evacuate Collection Set: 0.51ms
[2026-04-03T01:42:18.997+0600][80.795s][info][gc,phases      ] GC(295)   Other: 0.08ms
[2026-04-03T01:42:18.997+0600][80.795s][info][gc,heap        ] GC(295) Eden regions: 110->0(126)
[2026-04-03T01:42:18.997+0600][80.795s][info][gc,heap        ] GC(295) Survivor regions: 4->4(16)
[2026-04-03T01:42:18.997+0600][80.795s][info][gc,heap        ] GC(295) Old regions: 45->46
[2026-04-03T01:42:18.997+0600][80.795s][info][gc,heap        ] GC(295) Humongous regions: 53->4
[2026-04-03T01:42:18.997+0600][80.795s][info][gc,metaspace   ] GC(295) Metaspace: 131995K(133504K)->131995K(133504K) NonClass: 115387K(116160K)->115387K(116160K) Class: 16608K(17344K)->16608K(17344K)
[2026-04-03T01:42:18.997+0600][80.795s][info][gc             ] GC(295) Pause Young (Prepare Mixed) (G1 Evacuation Pause) 420M->101M(434M) 4.613ms
[2026-04-03T01:42:18.997+0600][80.795s][info][gc,cpu         ] GC(295) User=0.02s Sys=0.02s Real=0.00s
[2026-04-03T01:42:19.155+0600][80.953s][info][gc,start       ] GC(296) Pause Young (Mixed) (G1 Evacuation Pause)
[2026-04-03T01:42:19.155+0600][80.953s][info][gc,task        ] GC(296) Using 10 workers of 10 for evacuation
[2026-04-03T01:42:19.159+0600][80.957s][info][gc,phases      ] GC(296)   Pre Evacuate Collection Set: 0.22ms
[2026-04-03T01:42:19.159+0600][80.957s][info][gc,phases      ] GC(296)   Merge Heap Roots: 0.11ms
[2026-04-03T01:42:19.159+0600][80.957s][info][gc,phases      ] GC(296)   Evacuate Collection Set: 3.14ms
[2026-04-03T01:42:19.159+0600][80.957s][info][gc,phases      ] GC(296)   Post Evacuate Collection Set: 0.54ms
[2026-04-03T01:42:19.159+0600][80.957s][info][gc,phases      ] GC(296)   Other: 0.08ms
[2026-04-03T01:42:19.159+0600][80.957s][info][gc,heap        ] GC(296) Eden regions: 72->0(135)
[2026-04-03T01:42:19.159+0600][80.958s][info][gc,heap        ] GC(296) Survivor regions: 4->5(17)
[2026-04-03T01:42:19.159+0600][80.958s][info][gc,heap        ] GC(296) Old regions: 46->45
[2026-04-03T01:42:19.159+0600][80.958s][info][gc,heap        ] GC(296) Humongous regions: 107->9
[2026-04-03T01:42:19.159+0600][80.958s][info][gc,metaspace   ] GC(296) Metaspace: 131999K(133504K)->131999K(133504K) NonClass: 115391K(116160K)->115391K(116160K) Class: 16608K(17344K)->16608K(17344K)
[2026-04-03T01:42:19.159+0600][80.958s][info][gc             ] GC(296) Pause Young (Mixed) (G1 Evacuation Pause) 451M->113M(468M) 4.331ms
[2026-04-03T01:42:19.160+0600][80.958s][info][gc,cpu         ] GC(296) User=0.01s Sys=0.01s Real=0.00s
[2026-04-03T01:42:19.160+0600][80.958s][info][gc,start       ] GC(297) Pause Young (Concurrent Start) (G1 Humongous Allocation)
[2026-04-03T01:42:19.160+0600][80.959s][info][gc,task        ] GC(297) Using 10 workers of 10 for evacuation
[2026-04-03T01:42:19.163+0600][80.962s][info][gc,phases      ] GC(297)   Pre Evacuate Collection Set: 0.27ms
[2026-04-03T01:42:19.164+0600][80.962s][info][gc,phases      ] GC(297)   Merge Heap Roots: 0.08ms
[2026-04-03T01:42:19.164+0600][80.962s][info][gc,phases      ] GC(297)   Evacuate Collection Set: 2.10ms
[2026-04-03T01:42:19.164+0600][80.962s][info][gc,phases      ] GC(297)   Post Evacuate Collection Set: 0.51ms
[2026-04-03T01:42:19.164+0600][80.962s][info][gc,phases      ] GC(297)   Other: 0.11ms
[2026-04-03T01:42:19.164+0600][80.962s][info][gc,heap        ] GC(297) Eden regions: 2->0(135)
[2026-04-03T01:42:19.164+0600][80.962s][info][gc,heap        ] GC(297) Survivor regions: 5->5(18)
[2026-04-03T01:42:19.164+0600][80.962s][info][gc,heap        ] GC(297) Old regions: 45->45
[2026-04-03T01:42:19.164+0600][80.962s][info][gc,heap        ] GC(297) Humongous regions: 12->6
[2026-04-03T01:42:19.164+0600][80.962s][info][gc,metaspace   ] GC(297) Metaspace: 131999K(133504K)->131999K(133504K) NonClass: 115391K(116160K)->115391K(116160K) Class: 16608K(17344K)->16608K(17344K)
[2026-04-03T01:42:19.164+0600][80.962s][info][gc             ] GC(297) Pause Young (Concurrent Start) (G1 Humongous Allocation) 121M->107M(468M) 3.416ms
[2026-04-03T01:42:19.164+0600][80.962s][info][gc,cpu         ] GC(297) User=0.02s Sys=0.00s Real=0.00s
[2026-04-03T01:42:19.164+0600][80.962s][info][gc             ] GC(298) Concurrent Mark Cycle
[2026-04-03T01:42:19.164+0600][80.962s][info][gc,marking     ] GC(298) Concurrent Scan Root Regions
[2026-04-03T01:42:19.166+0600][80.964s][info][gc,marking     ] GC(298) Concurrent Scan Root Regions 2.124ms
[2026-04-03T01:42:19.166+0600][80.964s][info][gc,marking     ] GC(298) Concurrent Mark
[2026-04-03T01:42:19.166+0600][80.964s][info][gc,marking     ] GC(298) Concurrent Mark From Roots
[2026-04-03T01:42:19.166+0600][80.964s][info][gc,task        ] GC(298) Using 3 workers of 3 for marking
[2026-04-03T01:42:19.275+0600][81.073s][info][gc,marking     ] GC(298) Concurrent Mark From Roots 108.483ms
[2026-04-03T01:42:19.275+0600][81.073s][info][gc,marking     ] GC(298) Concurrent Preclean
[2026-04-03T01:42:19.275+0600][81.074s][info][gc,marking     ] GC(298) Concurrent Preclean 0.648ms
[2026-04-03T01:42:19.281+0600][81.079s][info][gc,start       ] GC(298) Pause Remark
[2026-04-03T01:42:19.291+0600][81.089s][info][gc             ] GC(298) Pause Remark 473M->473M(698M) 9.814ms
[2026-04-03T01:42:19.291+0600][81.089s][info][gc,cpu         ] GC(298) User=0.05s Sys=0.01s Real=0.01s
[2026-04-03T01:42:19.291+0600][81.090s][info][gc,marking     ] GC(298) Concurrent Mark 125.152ms
[2026-04-03T01:42:19.291+0600][81.090s][info][gc,marking     ] GC(298) Concurrent Rebuild Remembered Sets and Scrub Regions
[2026-04-03T01:42:19.326+0600][81.124s][info][gc,marking     ] GC(298) Concurrent Rebuild Remembered Sets and Scrub Regions 34.687ms
[2026-04-03T01:42:19.330+0600][81.128s][info][gc,start       ] GC(298) Pause Cleanup
[2026-04-03T01:42:19.330+0600][81.129s][info][gc             ] GC(298) Pause Cleanup 617M->617M(698M) 0.529ms
[2026-04-03T01:42:19.331+0600][81.129s][info][gc,cpu         ] GC(298) User=0.00s Sys=0.00s Real=0.00s
[2026-04-03T01:42:19.331+0600][81.129s][info][gc,marking     ] GC(298) Concurrent Clear Claimed Marks
[2026-04-03T01:42:19.331+0600][81.129s][info][gc,marking     ] GC(298) Concurrent Clear Claimed Marks 0.465ms
[2026-04-03T01:42:19.331+0600][81.129s][info][gc,marking     ] GC(298) Concurrent Cleanup for Next Mark
[2026-04-03T01:42:19.334+0600][81.133s][info][gc,marking     ] GC(298) Concurrent Cleanup for Next Mark 3.096ms
[2026-04-03T01:42:19.335+0600][81.133s][info][gc             ] GC(298) Concurrent Mark Cycle 170.610ms
[2026-04-03T01:42:19.354+0600][81.152s][info][gc,start       ] GC(299) Pause Young (Prepare Mixed) (G1 Evacuation Pause)
[2026-04-03T01:42:19.354+0600][81.152s][info][gc,task        ] GC(299) Using 10 workers of 10 for evacuation
[2026-04-03T01:42:19.359+0600][81.157s][info][gc,phases      ] GC(299)   Pre Evacuate Collection Set: 0.32ms
[2026-04-03T01:42:19.359+0600][81.157s][info][gc,phases      ] GC(299)   Merge Heap Roots: 0.27ms
[2026-04-03T01:42:19.359+0600][81.157s][info][gc,phases      ] GC(299)   Evacuate Collection Set: 3.27ms
[2026-04-03T01:42:19.359+0600][81.157s][info][gc,phases      ] GC(299)   Post Evacuate Collection Set: 0.90ms
[2026-04-03T01:42:19.359+0600][81.157s][info][gc,phases      ] GC(299)   Other: 0.10ms
[2026-04-03T01:42:19.359+0600][81.157s][info][gc,heap        ] GC(299) Eden regions: 35->0(216)
[2026-04-03T01:42:19.359+0600][81.157s][info][gc,heap        ] GC(299) Survivor regions: 5->4(20)
[2026-04-03T01:42:19.359+0600][81.157s][info][gc,heap        ] GC(299) Old regions: 45->45
[2026-04-03T01:42:19.359+0600][81.157s][info][gc,heap        ] GC(299) Humongous regions: 279->12
[2026-04-03T01:42:19.359+0600][81.157s][info][gc,metaspace   ] GC(299) Metaspace: 132002K(133504K)->132002K(133504K) NonClass: 115394K(116160K)->115394K(116160K) Class: 16608K(17344K)->16608K(17344K)
[2026-04-03T01:42:19.359+0600][81.158s][info][gc             ] GC(299) Pause Young (Prepare Mixed) (G1 Evacuation Pause) 723M->117M(736M) 5.146ms
[2026-04-03T01:42:19.359+0600][81.158s][info][gc,cpu         ] GC(299) User=0.02s Sys=0.01s Real=0.00s
[2026-04-03T01:42:19.925+0600][81.724s][info][gc,start       ] GC(300) Pause Young (Mixed) (G1 Evacuation Pause)
[2026-04-03T01:42:19.925+0600][81.724s][info][gc,task        ] GC(300) Using 10 workers of 10 for evacuation
[2026-04-03T01:42:19.930+0600][81.728s][info][gc,phases      ] GC(300)   Pre Evacuate Collection Set: 0.25ms
[2026-04-03T01:42:19.930+0600][81.728s][info][gc,phases      ] GC(300)   Merge Heap Roots: 0.15ms
[2026-04-03T01:42:19.930+0600][81.728s][info][gc,phases      ] GC(300)   Evacuate Collection Set: 3.46ms
[2026-04-03T01:42:19.930+0600][81.728s][info][gc,phases      ] GC(300)   Post Evacuate Collection Set: 0.58ms
[2026-04-03T01:42:19.930+0600][81.728s][info][gc,phases      ] GC(300)   Other: 0.09ms
[2026-04-03T01:42:19.930+0600][81.728s][info][gc,heap        ] GC(300) Eden regions: 163->0(219)
[2026-04-03T01:42:19.930+0600][81.728s][info][gc,heap        ] GC(300) Survivor regions: 4->4(28)
[2026-04-03T01:42:19.930+0600][81.728s][info][gc,heap        ] GC(300) Old regions: 45->44
[2026-04-03T01:42:19.930+0600][81.728s][info][gc,heap        ] GC(300) Humongous regions: 156->3
[2026-04-03T01:42:19.930+0600][81.728s][info][gc,metaspace   ] GC(300) Metaspace: 132018K(133504K)->132018K(133504K) NonClass: 115409K(116160K)->115409K(116160K) Class: 16608K(17344K)->16608K(17344K)
[2026-04-03T01:42:19.930+0600][81.728s][info][gc             ] GC(300) Pause Young (Mixed) (G1 Evacuation Pause) 731M->98M(744M) 4.785ms
[2026-04-03T01:42:19.930+0600][81.728s][info][gc,cpu         ] GC(300) User=0.04s Sys=0.00s Real=0.01s
[2026-04-03T01:42:19.945+0600][81.744s][info][gc,start       ] GC(301) Pause Young (Concurrent Start) (GCLocker Initiated GC)
[2026-04-03T01:42:19.946+0600][81.744s][info][gc,task        ] GC(301) Using 10 workers of 10 for evacuation
[2026-04-03T01:42:19.950+0600][81.748s][info][gc,phases      ] GC(301)   Pre Evacuate Collection Set: 0.50ms
[2026-04-03T01:42:19.950+0600][81.748s][info][gc,phases      ] GC(301)   Merge Heap Roots: 0.20ms
[2026-04-03T01:42:19.950+0600][81.748s][info][gc,phases      ] GC(301)   Evacuate Collection Set: 2.96ms
[2026-04-03T01:42:19.950+0600][81.748s][info][gc,phases      ] GC(301)   Post Evacuate Collection Set: 0.76ms
[2026-04-03T01:42:19.950+0600][81.749s][info][gc,phases      ] GC(301)   Other: 0.16ms
[2026-04-03T01:42:19.950+0600][81.749s][info][gc,heap        ] GC(301) Eden regions: 12->0(219)
[2026-04-03T01:42:19.950+0600][81.749s][info][gc,heap        ] GC(301) Survivor regions: 4->4(28)
[2026-04-03T01:42:19.950+0600][81.749s][info][gc,heap        ] GC(301) Old regions: 44->44
[2026-04-03T01:42:19.950+0600][81.749s][info][gc,heap        ] GC(301) Humongous regions: 3->3
[2026-04-03T01:42:19.950+0600][81.749s][info][gc,metaspace   ] GC(301) Metaspace: 132018K(133504K)->132018K(133504K) NonClass: 115409K(116160K)->115409K(116160K) Class: 16608K(17344K)->16608K(17344K)
[2026-04-03T01:42:19.950+0600][81.749s][info][gc             ] GC(301) Pause Young (Concurrent Start) (GCLocker Initiated GC) 122M->100M(744M) 5.062ms
[2026-04-03T01:42:19.951+0600][81.749s][info][gc,cpu         ] GC(301) User=0.03s Sys=0.00s Real=0.01s
[2026-04-03T01:42:19.951+0600][81.749s][info][gc             ] GC(302) Concurrent Mark Cycle
[2026-04-03T01:42:19.951+0600][81.749s][info][gc,marking     ] GC(302) Concurrent Scan Root Regions
[2026-04-03T01:42:19.954+0600][81.752s][info][gc,marking     ] GC(302) Concurrent Scan Root Regions 3.089ms
[2026-04-03T01:42:19.954+0600][81.752s][info][gc,marking     ] GC(302) Concurrent Mark
[2026-04-03T01:42:19.954+0600][81.752s][info][gc,marking     ] GC(302) Concurrent Mark From Roots
[2026-04-03T01:42:19.954+0600][81.752s][info][gc,task        ] GC(302) Using 3 workers of 3 for marking
[2026-04-03T01:42:20.056+0600][81.854s][info][gc,marking     ] GC(302) Concurrent Mark From Roots 102.272ms
[2026-04-03T01:42:20.056+0600][81.854s][info][gc,marking     ] GC(302) Concurrent Preclean
[2026-04-03T01:42:20.057+0600][81.855s][info][gc,marking     ] GC(302) Concurrent Preclean 0.762ms
[2026-04-03T01:42:20.057+0600][81.856s][info][gc,start       ] GC(302) Pause Remark
[2026-04-03T01:42:20.066+0600][81.864s][info][gc             ] GC(302) Pause Remark 230M->230M(560M) 8.337ms
[2026-04-03T01:42:20.066+0600][81.864s][info][gc,cpu         ] GC(302) User=0.05s Sys=0.00s Real=0.01s
[2026-04-03T01:42:20.066+0600][81.864s][info][gc,marking     ] GC(302) Concurrent Mark 112.248ms
[2026-04-03T01:42:20.066+0600][81.864s][info][gc,marking     ] GC(302) Concurrent Rebuild Remembered Sets and Scrub Regions
[2026-04-03T01:42:20.103+0600][81.901s][info][gc,marking     ] GC(302) Concurrent Rebuild Remembered Sets and Scrub Regions 36.886ms
[2026-04-03T01:42:20.103+0600][81.902s][info][gc,start       ] GC(302) Pause Cleanup
[2026-04-03T01:42:20.104+0600][81.902s][info][gc             ] GC(302) Pause Cleanup 267M->267M(560M) 0.255ms
[2026-04-03T01:42:20.104+0600][81.902s][info][gc,cpu         ] GC(302) User=0.00s Sys=0.00s Real=0.00s
[2026-04-03T01:42:20.104+0600][81.902s][info][gc,marking     ] GC(302) Concurrent Clear Claimed Marks
[2026-04-03T01:42:20.104+0600][81.902s][info][gc,marking     ] GC(302) Concurrent Clear Claimed Marks 0.338ms
[2026-04-03T01:42:20.104+0600][81.902s][info][gc,marking     ] GC(302) Concurrent Cleanup for Next Mark
[2026-04-03T01:42:20.105+0600][81.904s][info][gc,marking     ] GC(302) Concurrent Cleanup for Next Mark 1.210ms
[2026-04-03T01:42:20.105+0600][81.904s][info][gc             ] GC(302) Concurrent Mark Cycle 154.832ms
[2026-04-03T01:42:20.315+0600][82.113s][info][gc,start       ] GC(303) Pause Young (Prepare Mixed) (G1 Evacuation Pause)
[2026-04-03T01:42:20.315+0600][82.113s][info][gc,task        ] GC(303) Using 10 workers of 10 for evacuation
[2026-04-03T01:42:20.320+0600][82.118s][info][gc,phases      ] GC(303)   Pre Evacuate Collection Set: 0.35ms
[2026-04-03T01:42:20.320+0600][82.118s][info][gc,phases      ] GC(303)   Merge Heap Roots: 0.26ms
[2026-04-03T01:42:20.320+0600][82.118s][info][gc,phases      ] GC(303)   Evacuate Collection Set: 3.12ms
[2026-04-03T01:42:20.320+0600][82.118s][info][gc,phases      ] GC(303)   Post Evacuate Collection Set: 0.67ms
[2026-04-03T01:42:20.320+0600][82.118s][info][gc,phases      ] GC(303)   Other: 0.11ms
[2026-04-03T01:42:20.320+0600][82.118s][info][gc,heap        ] GC(303) Eden regions: 123->0(167)
[2026-04-03T01:42:20.320+0600][82.118s][info][gc,heap        ] GC(303) Survivor regions: 4->3(21)
[2026-04-03T01:42:20.320+0600][82.118s][info][gc,heap        ] GC(303) Old regions: 44->44
[2026-04-03T01:42:20.320+0600][82.118s][info][gc,heap        ] GC(303) Humongous regions: 110->3
[2026-04-03T01:42:20.320+0600][82.118s][info][gc,metaspace   ] GC(303) Metaspace: 132018K(133504K)->132018K(133504K) NonClass: 115409K(116160K)->115409K(116160K) Class: 16608K(17344K)->16608K(17344K)
[2026-04-03T01:42:20.320+0600][82.118s][info][gc             ] GC(303) Pause Young (Prepare Mixed) (G1 Evacuation Pause) 560M->98M(568M) 5.000ms
[2026-04-03T01:42:20.320+0600][82.118s][info][gc,cpu         ] GC(303) User=0.03s Sys=0.01s Real=0.01s
[2026-04-03T01:42:20.710+0600][82.508s][info][gc,start       ] GC(304) Pause Young (Mixed) (G1 Evacuation Pause)
[2026-04-03T01:42:20.710+0600][82.508s][info][gc,task        ] GC(304) Using 10 workers of 10 for evacuation
[2026-04-03T01:42:20.714+0600][82.512s][info][gc,phases      ] GC(304)   Pre Evacuate Collection Set: 0.37ms
[2026-04-03T01:42:20.714+0600][82.512s][info][gc,phases      ] GC(304)   Merge Heap Roots: 0.24ms
[2026-04-03T01:42:20.714+0600][82.513s][info][gc,phases      ] GC(304)   Evacuate Collection Set: 2.95ms
[2026-04-03T01:42:20.714+0600][82.513s][info][gc,phases      ] GC(304)   Post Evacuate Collection Set: 0.87ms
[2026-04-03T01:42:20.714+0600][82.513s][info][gc,phases      ] GC(304)   Other: 0.10ms
[2026-04-03T01:42:20.714+0600][82.513s][info][gc,heap        ] GC(304) Eden regions: 129->0(169)
[2026-04-03T01:42:20.714+0600][82.513s][info][gc,heap        ] GC(304) Survivor regions: 3->3(22)
[2026-04-03T01:42:20.714+0600][82.513s][info][gc,heap        ] GC(304) Old regions: 44->44
[2026-04-03T01:42:20.714+0600][82.513s][info][gc,heap        ] GC(304) Humongous regions: 108->3
[2026-04-03T01:42:20.714+0600][82.513s][info][gc,metaspace   ] GC(304) Metaspace: 132026K(133504K)->132026K(133504K) NonClass: 115417K(116160K)->115417K(116160K) Class: 16608K(17344K)->16608K(17344K)
[2026-04-03T01:42:20.714+0600][82.513s][info][gc             ] GC(304) Pause Young (Mixed) (G1 Evacuation Pause) 566M->98M(576M) 4.818ms
[2026-04-03T01:42:20.715+0600][82.513s][info][gc,cpu         ] GC(304) User=0.02s Sys=0.01s Real=0.01s
[2026-04-03T01:42:20.958+0600][82.756s][info][gc,start       ] GC(305) Pause Young (Concurrent Start) (G1 Humongous Allocation)
[2026-04-03T01:42:20.958+0600][82.756s][info][gc,task        ] GC(305) Using 10 workers of 10 for evacuation
[2026-04-03T01:42:20.960+0600][82.759s][info][gc,phases      ] GC(305)   Pre Evacuate Collection Set: 0.36ms
[2026-04-03T01:42:20.960+0600][82.759s][info][gc,phases      ] GC(305)   Merge Heap Roots: 0.11ms
[2026-04-03T01:42:20.960+0600][82.759s][info][gc,phases      ] GC(305)   Evacuate Collection Set: 1.38ms
[2026-04-03T01:42:20.960+0600][82.759s][info][gc,phases      ] GC(305)   Post Evacuate Collection Set: 0.53ms
[2026-04-03T01:42:20.960+0600][82.759s][info][gc,phases      ] GC(305)   Other: 0.23ms
[2026-04-03T01:42:20.961+0600][82.759s][info][gc,heap        ] GC(305) Eden regions: 71->0(169)
[2026-04-03T01:42:20.961+0600][82.759s][info][gc,heap        ] GC(305) Survivor regions: 3->3(22)
[2026-04-03T01:42:20.961+0600][82.759s][info][gc,heap        ] GC(305) Old regions: 44->44
[2026-04-03T01:42:20.961+0600][82.759s][info][gc,heap        ] GC(305) Humongous regions: 3->3
[2026-04-03T01:42:20.961+0600][82.759s][info][gc,metaspace   ] GC(305) Metaspace: 132027K(133504K)->132027K(133504K) NonClass: 115418K(116160K)->115418K(116160K) Class: 16608K(17344K)->16608K(17344K)
[2026-04-03T01:42:20.961+0600][82.759s][info][gc             ] GC(305) Pause Young (Concurrent Start) (G1 Humongous Allocation) 239M->97M(576M) 2.920ms
[2026-04-03T01:42:20.961+0600][82.759s][info][gc             ] GC(306) Concurrent Mark Cycle
[2026-04-03T01:42:20.961+0600][82.759s][info][gc,marking     ] GC(306) Concurrent Scan Root Regions
[2026-04-03T01:42:20.961+0600][82.759s][info][gc,cpu         ] GC(305) User=0.01s Sys=0.01s Real=0.01s
[2026-04-03T01:42:20.963+0600][82.762s][info][gc,marking     ] GC(306) Concurrent Scan Root Regions 2.628ms
[2026-04-03T01:42:20.963+0600][82.762s][info][gc,marking     ] GC(306) Concurrent Mark
[2026-04-03T01:42:20.963+0600][82.762s][info][gc,marking     ] GC(306) Concurrent Mark From Roots
[2026-04-03T01:42:20.963+0600][82.762s][info][gc,task        ] GC(306) Using 3 workers of 3 for marking
[2026-04-03T01:42:21.071+0600][82.869s][info][gc,marking     ] GC(306) Concurrent Mark From Roots 107.610ms
[2026-04-03T01:42:21.071+0600][82.869s][info][gc,marking     ] GC(306) Concurrent Preclean
[2026-04-03T01:42:21.072+0600][82.870s][info][gc,marking     ] GC(306) Concurrent Preclean 0.564ms
[2026-04-03T01:42:21.072+0600][82.870s][info][gc,start       ] GC(306) Pause Remark
[2026-04-03T01:42:21.081+0600][82.879s][info][gc             ] GC(306) Pause Remark 247M->247M(574M) 8.543ms
[2026-04-03T01:42:21.081+0600][82.879s][info][gc,cpu         ] GC(306) User=0.07s Sys=0.00s Real=0.01s
[2026-04-03T01:42:21.081+0600][82.879s][info][gc,marking     ] GC(306) Concurrent Mark 117.501ms
[2026-04-03T01:42:21.081+0600][82.879s][info][gc,marking     ] GC(306) Concurrent Rebuild Remembered Sets and Scrub Regions
[2026-04-03T01:42:21.118+0600][82.916s][info][gc,marking     ] GC(306) Concurrent Rebuild Remembered Sets and Scrub Regions 36.800ms
[2026-04-03T01:42:21.120+0600][82.918s][info][gc,start       ] GC(306) Pause Cleanup
[2026-04-03T01:42:21.120+0600][82.918s][info][gc             ] GC(306) Pause Cleanup 295M->295M(574M) 0.318ms
[2026-04-03T01:42:21.120+0600][82.919s][info][gc,cpu         ] GC(306) User=0.00s Sys=0.00s Real=0.00s
[2026-04-03T01:42:21.121+0600][82.919s][info][gc,marking     ] GC(306) Concurrent Clear Claimed Marks
[2026-04-03T01:42:21.121+0600][82.919s][info][gc,marking     ] GC(306) Concurrent Clear Claimed Marks 0.431ms
[2026-04-03T01:42:21.121+0600][82.919s][info][gc,marking     ] GC(306) Concurrent Cleanup for Next Mark
[2026-04-03T01:42:21.124+0600][82.922s][info][gc,marking     ] GC(306) Concurrent Cleanup for Next Mark 2.448ms
[2026-04-03T01:42:21.124+0600][82.922s][info][gc             ] GC(306) Concurrent Mark Cycle 162.998ms
[2026-04-03T01:42:21.328+0600][83.126s][info][gc,start       ] GC(307) Pause Young (Prepare Mixed) (G1 Evacuation Pause)
[2026-04-03T01:42:21.328+0600][83.126s][info][gc,task        ] GC(307) Using 10 workers of 10 for evacuation
[2026-04-03T01:42:21.332+0600][83.130s][info][gc,phases      ] GC(307)   Pre Evacuate Collection Set: 0.39ms
[2026-04-03T01:42:21.332+0600][83.131s][info][gc,phases      ] GC(307)   Merge Heap Roots: 0.25ms
[2026-04-03T01:42:21.332+0600][83.131s][info][gc,phases      ] GC(307)   Evacuate Collection Set: 3.22ms
[2026-04-03T01:42:21.332+0600][83.131s][info][gc,phases      ] GC(307)   Post Evacuate Collection Set: 0.67ms
[2026-04-03T01:42:21.332+0600][83.131s][info][gc,phases      ] GC(307)   Other: 0.12ms
[2026-04-03T01:42:21.332+0600][83.131s][info][gc,heap        ] GC(307) Eden regions: 129->0(172)
[2026-04-03T01:42:21.332+0600][83.131s][info][gc,heap        ] GC(307) Survivor regions: 3->3(22)
[2026-04-03T01:42:21.332+0600][83.131s][info][gc,heap        ] GC(307) Old regions: 44->45
[2026-04-03T01:42:21.332+0600][83.131s][info][gc,heap        ] GC(307) Humongous regions: 113->3
[2026-04-03T01:42:21.332+0600][83.131s][info][gc,metaspace   ] GC(307) Metaspace: 132027K(133504K)->132027K(133504K) NonClass: 115418K(116160K)->115418K(116160K) Class: 16608K(17344K)->16608K(17344K)
[2026-04-03T01:42:21.332+0600][83.131s][info][gc             ] GC(307) Pause Young (Prepare Mixed) (G1 Evacuation Pause) 575M->98M(586M) 4.979ms
[2026-04-03T01:42:21.333+0600][83.131s][info][gc,cpu         ] GC(307) User=0.03s Sys=0.02s Real=0.01s
[2026-04-03T01:42:21.682+0600][83.480s][info][gc,start       ] GC(308) Pause Young (Mixed) (GCLocker Initiated GC)
[2026-04-03T01:42:21.682+0600][83.480s][info][gc,task        ] GC(308) Using 10 workers of 10 for evacuation
[2026-04-03T01:42:21.689+0600][83.487s][info][gc,phases      ] GC(308)   Pre Evacuate Collection Set: 0.60ms
[2026-04-03T01:42:21.689+0600][83.488s][info][gc,phases      ] GC(308)   Merge Heap Roots: 0.25ms
[2026-04-03T01:42:21.689+0600][83.488s][info][gc,phases      ] GC(308)   Evacuate Collection Set: 5.35ms
[2026-04-03T01:42:21.689+0600][83.488s][info][gc,phases      ] GC(308)   Post Evacuate Collection Set: 1.11ms
[2026-04-03T01:42:21.689+0600][83.488s][info][gc,phases      ] GC(308)   Other: 0.12ms
[2026-04-03T01:42:21.689+0600][83.488s][info][gc,heap        ] GC(308) Eden regions: 139->0(175)
[2026-04-03T01:42:21.689+0600][83.488s][info][gc,heap        ] GC(308) Survivor regions: 3->4(22)
[2026-04-03T01:42:21.689+0600][83.488s][info][gc,heap        ] GC(308) Old regions: 45->44
[2026-04-03T01:42:21.689+0600][83.488s][info][gc,heap        ] GC(308) Humongous regions: 108->3
[2026-04-03T01:42:21.689+0600][83.488s][info][gc,metaspace   ] GC(308) Metaspace: 132027K(133504K)->132027K(133504K) NonClass: 115418K(116160K)->115418K(116160K) Class: 16608K(17344K)->16608K(17344K)
[2026-04-03T01:42:21.690+0600][83.488s][info][gc             ] GC(308) Pause Young (Mixed) (GCLocker Initiated GC) 586M->100M(598M) 7.868ms
[2026-04-03T01:42:21.690+0600][83.488s][info][gc,cpu         ] GC(308) User=0.06s Sys=0.01s Real=0.00s
[2026-04-03T01:42:21.692+0600][83.490s][info][gc,start       ] GC(309) Pause Young (Concurrent Start) (G1 Humongous Allocation)
[2026-04-03T01:42:21.692+0600][83.490s][info][gc,task        ] GC(309) Using 10 workers of 10 for evacuation
[2026-04-03T01:42:21.696+0600][83.494s][info][gc,phases      ] GC(309)   Pre Evacuate Collection Set: 0.37ms
[2026-04-03T01:42:21.696+0600][83.494s][info][gc,phases      ] GC(309)   Merge Heap Roots: 0.13ms
[2026-04-03T01:42:21.696+0600][83.494s][info][gc,phases      ] GC(309)   Evacuate Collection Set: 2.27ms
[2026-04-03T01:42:21.696+0600][83.494s][info][gc,phases      ] GC(309)   Post Evacuate Collection Set: 0.89ms
[2026-04-03T01:42:21.696+0600][83.494s][info][gc,phases      ] GC(309)   Other: 0.23ms
[2026-04-03T01:42:21.696+0600][83.494s][info][gc,heap        ] GC(309) Eden regions: 3->0(175)
[2026-04-03T01:42:21.696+0600][83.494s][info][gc,heap        ] GC(309) Survivor regions: 4->4(23)
[2026-04-03T01:42:21.696+0600][83.494s][info][gc,heap        ] GC(309) Old regions: 44->44
[2026-04-03T01:42:21.696+0600][83.494s][info][gc,heap        ] GC(309) Humongous regions: 3->3
[2026-04-03T01:42:21.696+0600][83.494s][info][gc,metaspace   ] GC(309) Metaspace: 132027K(133504K)->132027K(133504K) NonClass: 115418K(116160K)->115418K(116160K) Class: 16608K(17344K)->16608K(17344K)
[2026-04-03T01:42:21.696+0600][83.494s][info][gc             ] GC(309) Pause Young (Concurrent Start) (G1 Humongous Allocation) 105M->100M(598M) 4.393ms
[2026-04-03T01:42:21.696+0600][83.494s][info][gc             ] GC(310) Concurrent Mark Cycle
[2026-04-03T01:42:21.696+0600][83.494s][info][gc,cpu         ] GC(309) User=0.03s Sys=0.00s Real=0.00s
[2026-04-03T01:42:21.696+0600][83.494s][info][gc,marking     ] GC(310) Concurrent Scan Root Regions
[2026-04-03T01:42:21.699+0600][83.497s][info][gc,marking     ] GC(310) Concurrent Scan Root Regions 2.566ms
[2026-04-03T01:42:21.699+0600][83.497s][info][gc,marking     ] GC(310) Concurrent Mark
[2026-04-03T01:42:21.699+0600][83.497s][info][gc,marking     ] GC(310) Concurrent Mark From Roots
[2026-04-03T01:42:21.699+0600][83.497s][info][gc,task        ] GC(310) Using 3 workers of 3 for marking
[2026-04-03T01:42:21.780+0600][83.578s][info][gc,marking     ] GC(310) Concurrent Mark From Roots 80.629ms
[2026-04-03T01:42:21.780+0600][83.578s][info][gc,marking     ] GC(310) Concurrent Preclean
[2026-04-03T01:42:21.780+0600][83.578s][info][gc,marking     ] GC(310) Concurrent Preclean 0.643ms
[2026-04-03T01:42:21.781+0600][83.579s][info][gc,start       ] GC(310) Pause Remark
[2026-04-03T01:42:21.790+0600][83.589s][info][gc             ] GC(310) Pause Remark 158M->158M(394M) 9.555ms
[2026-04-03T01:42:21.791+0600][83.589s][info][gc,cpu         ] GC(310) User=0.07s Sys=0.00s Real=0.01s
[2026-04-03T01:42:21.793+0600][83.591s][info][gc,marking     ] GC(310) Concurrent Mark 94.002ms
[2026-04-03T01:42:21.793+0600][83.591s][info][gc,marking     ] GC(310) Concurrent Rebuild Remembered Sets and Scrub Regions
[2026-04-03T01:42:21.826+0600][83.625s][info][gc,marking     ] GC(310) Concurrent Rebuild Remembered Sets and Scrub Regions 33.501ms
[2026-04-03T01:42:21.827+0600][83.625s][info][gc,start       ] GC(310) Pause Cleanup
[2026-04-03T01:42:21.827+0600][83.625s][info][gc             ] GC(310) Pause Cleanup 195M->195M(394M) 0.284ms
[2026-04-03T01:42:21.827+0600][83.625s][info][gc,cpu         ] GC(310) User=0.00s Sys=0.00s Real=0.00s
[2026-04-03T01:42:21.827+0600][83.625s][info][gc,marking     ] GC(310) Concurrent Clear Claimed Marks
[2026-04-03T01:42:21.828+0600][83.626s][info][gc,marking     ] GC(310) Concurrent Clear Claimed Marks 0.416ms
[2026-04-03T01:42:21.828+0600][83.626s][info][gc,marking     ] GC(310) Concurrent Cleanup for Next Mark
[2026-04-03T01:42:21.828+0600][83.627s][info][gc,marking     ] GC(310) Concurrent Cleanup for Next Mark 0.716ms
[2026-04-03T01:42:21.828+0600][83.627s][info][gc             ] GC(310) Concurrent Mark Cycle 132.389ms
[2026-04-03T01:42:22.037+0600][83.835s][info][gc,start       ] GC(311) Pause Young (Prepare Mixed) (G1 Evacuation Pause)
[2026-04-03T01:42:22.037+0600][83.835s][info][gc,task        ] GC(311) Using 9 workers of 10 for evacuation
[2026-04-03T01:42:22.044+0600][83.842s][info][gc,phases      ] GC(311)   Pre Evacuate Collection Set: 0.51ms
[2026-04-03T01:42:22.044+0600][83.842s][info][gc,phases      ] GC(311)   Merge Heap Roots: 0.25ms
[2026-04-03T01:42:22.044+0600][83.842s][info][gc,phases      ] GC(311)   Evacuate Collection Set: 5.22ms
[2026-04-03T01:42:22.044+0600][83.842s][info][gc,phases      ] GC(311)   Post Evacuate Collection Set: 1.12ms
[2026-04-03T01:42:22.044+0600][83.842s][info][gc,phases      ] GC(311)   Other: 0.13ms
[2026-04-03T01:42:22.044+0600][83.842s][info][gc,heap        ] GC(311) Eden regions: 93->0(141)
[2026-04-03T01:42:22.044+0600][83.842s][info][gc,heap        ] GC(311) Survivor regions: 4->4(15)
[2026-04-03T01:42:22.044+0600][83.842s][info][gc,heap        ] GC(311) Old regions: 44->45
[2026-04-03T01:42:22.044+0600][83.842s][info][gc,heap        ] GC(311) Humongous regions: 56->3
[2026-04-03T01:42:22.044+0600][83.842s][info][gc,metaspace   ] GC(311) Metaspace: 132027K(133504K)->132027K(133504K) NonClass: 115418K(116160K)->115418K(116160K) Class: 16608K(17344K)->16608K(17344K)
[2026-04-03T01:42:22.044+0600][83.843s][info][gc             ] GC(311) Pause Young (Prepare Mixed) (G1 Evacuation Pause) 392M->101M(486M) 7.593ms
[2026-04-03T01:42:22.044+0600][83.843s][info][gc,cpu         ] GC(311) User=0.04s Sys=0.01s Real=0.01s
[2026-04-03T01:42:22.332+0600][84.130s][info][gc,start       ] GC(312) Pause Young (Mixed) (G1 Evacuation Pause)
[2026-04-03T01:42:22.332+0600][84.130s][info][gc,task        ] GC(312) Using 10 workers of 10 for evacuation
[2026-04-03T01:42:22.338+0600][84.136s][info][gc,phases      ] GC(312)   Pre Evacuate Collection Set: 0.29ms
[2026-04-03T01:42:22.338+0600][84.136s][info][gc,phases      ] GC(312)   Merge Heap Roots: 0.17ms
[2026-04-03T01:42:22.338+0600][84.136s][info][gc,phases      ] GC(312)   Evacuate Collection Set: 4.78ms
[2026-04-03T01:42:22.338+0600][84.136s][info][gc,phases      ] GC(312)   Post Evacuate Collection Set: 0.78ms
[2026-04-03T01:42:22.338+0600][84.136s][info][gc,phases      ] GC(312)   Other: 0.11ms
[2026-04-03T01:42:22.338+0600][84.136s][info][gc,heap        ] GC(312) Eden regions: 112->0(170)
[2026-04-03T01:42:22.338+0600][84.136s][info][gc,heap        ] GC(312) Survivor regions: 4->5(19)
[2026-04-03T01:42:22.338+0600][84.136s][info][gc,heap        ] GC(312) Old regions: 45->44
[2026-04-03T01:42:22.338+0600][84.136s][info][gc,heap        ] GC(312) Humongous regions: 127->12
[2026-04-03T01:42:22.338+0600][84.136s][info][gc,metaspace   ] GC(312) Metaspace: 132031K(133504K)->132031K(133504K) NonClass: 115422K(116160K)->115422K(116160K) Class: 16608K(17344K)->16608K(17344K)
[2026-04-03T01:42:22.338+0600][84.136s][info][gc             ] GC(312) Pause Young (Mixed) (G1 Evacuation Pause) 573M->119M(586M) 6.485ms
[2026-04-03T01:42:22.338+0600][84.136s][info][gc,cpu         ] GC(312) User=0.03s Sys=0.02s Real=0.00s
[2026-04-03T01:42:22.339+0600][84.137s][info][gc,start       ] GC(313) Pause Young (Concurrent Start) (G1 Humongous Allocation)
[2026-04-03T01:42:22.339+0600][84.137s][info][gc,task        ] GC(313) Using 10 workers of 10 for evacuation
[2026-04-03T01:42:22.342+0600][84.141s][info][gc,phases      ] GC(313)   Pre Evacuate Collection Set: 0.29ms
[2026-04-03T01:42:22.343+0600][84.141s][info][gc,phases      ] GC(313)   Merge Heap Roots: 0.10ms
[2026-04-03T01:42:22.343+0600][84.141s][info][gc,phases      ] GC(313)   Evacuate Collection Set: 2.53ms
[2026-04-03T01:42:22.343+0600][84.141s][info][gc,phases      ] GC(313)   Post Evacuate Collection Set: 0.48ms
[2026-04-03T01:42:22.343+0600][84.141s][info][gc,phases      ] GC(313)   Other: 0.14ms
[2026-04-03T01:42:22.343+0600][84.141s][info][gc,heap        ] GC(313) Eden regions: 2->0(170)
[2026-04-03T01:42:22.343+0600][84.141s][info][gc,heap        ] GC(313) Survivor regions: 5->5(22)
[2026-04-03T01:42:22.343+0600][84.141s][info][gc,heap        ] GC(313) Old regions: 44->44
[2026-04-03T01:42:22.343+0600][84.141s][info][gc,heap        ] GC(313) Humongous regions: 12->3
[2026-04-03T01:42:22.343+0600][84.141s][info][gc,metaspace   ] GC(313) Metaspace: 132031K(133504K)->132031K(133504K) NonClass: 115422K(116160K)->115422K(116160K) Class: 16608K(17344K)->16608K(17344K)
[2026-04-03T01:42:22.343+0600][84.141s][info][gc             ] GC(313) Pause Young (Concurrent Start) (G1 Humongous Allocation) 122M->102M(586M) 3.849ms
[2026-04-03T01:42:22.343+0600][84.141s][info][gc             ] GC(314) Concurrent Mark Cycle
[2026-04-03T01:42:22.343+0600][84.141s][info][gc,cpu         ] GC(313) User=0.03s Sys=0.00s Real=0.01s
[2026-04-03T01:42:22.343+0600][84.141s][info][gc,marking     ] GC(314) Concurrent Scan Root Regions
[2026-04-03T01:42:22.348+0600][84.146s][info][gc,marking     ] GC(314) Concurrent Scan Root Regions 4.947ms
[2026-04-03T01:42:22.348+0600][84.146s][info][gc,marking     ] GC(314) Concurrent Mark
[2026-04-03T01:42:22.348+0600][84.146s][info][gc,marking     ] GC(314) Concurrent Mark From Roots
[2026-04-03T01:42:22.348+0600][84.146s][info][gc,task        ] GC(314) Using 3 workers of 3 for marking
[2026-04-03T01:42:22.439+0600][84.237s][info][gc,marking     ] GC(314) Concurrent Mark From Roots 91.258ms
[2026-04-03T01:42:22.439+0600][84.237s][info][gc,marking     ] GC(314) Concurrent Preclean
[2026-04-03T01:42:22.440+0600][84.238s][info][gc,marking     ] GC(314) Concurrent Preclean 0.490ms
[2026-04-03T01:42:22.440+0600][84.238s][info][gc,start       ] GC(314) Pause Remark
[2026-04-03T01:42:22.448+0600][84.246s][info][gc             ] GC(314) Pause Remark 397M->397M(586M) 7.844ms
[2026-04-03T01:42:22.448+0600][84.246s][info][gc,cpu         ] GC(314) User=0.05s Sys=0.00s Real=0.00s
[2026-04-03T01:42:22.448+0600][84.246s][info][gc,marking     ] GC(314) Concurrent Mark 100.328ms
[2026-04-03T01:42:22.448+0600][84.246s][info][gc,marking     ] GC(314) Concurrent Rebuild Remembered Sets and Scrub Regions
[2026-04-03T01:42:22.482+0600][84.280s][info][gc,marking     ] GC(314) Concurrent Rebuild Remembered Sets and Scrub Regions 33.786ms
[2026-04-03T01:42:22.487+0600][84.285s][info][gc,start       ] GC(314) Pause Cleanup
[2026-04-03T01:42:22.487+0600][84.285s][info][gc             ] GC(314) Pause Cleanup 618M->618M(622M) 0.253ms
[2026-04-03T01:42:22.487+0600][84.285s][info][gc,cpu         ] GC(314) User=0.00s Sys=0.00s Real=0.00s
[2026-04-03T01:42:22.487+0600][84.285s][info][gc,marking     ] GC(314) Concurrent Clear Claimed Marks
[2026-04-03T01:42:22.488+0600][84.286s][info][gc,marking     ] GC(314) Concurrent Clear Claimed Marks 0.361ms
[2026-04-03T01:42:22.488+0600][84.286s][info][gc,marking     ] GC(314) Concurrent Cleanup for Next Mark
[2026-04-03T01:42:22.490+0600][84.288s][info][gc,marking     ] GC(314) Concurrent Cleanup for Next Mark 2.277ms
[2026-04-03T01:42:22.490+0600][84.288s][info][gc             ] GC(314) Concurrent Mark Cycle 147.320ms
[2026-04-03T01:42:22.497+0600][84.296s][info][gc,start       ] GC(315) Pause Young (Prepare Mixed) (G1 Evacuation Pause)
[2026-04-03T01:42:22.498+0600][84.296s][info][gc,task        ] GC(315) Using 10 workers of 10 for evacuation
[2026-04-03T01:42:22.502+0600][84.300s][info][gc,phases      ] GC(315)   Pre Evacuate Collection Set: 0.42ms
[2026-04-03T01:42:22.502+0600][84.300s][info][gc,phases      ] GC(315)   Merge Heap Roots: 0.25ms
[2026-04-03T01:42:22.502+0600][84.300s][info][gc,phases      ] GC(315)   Evacuate Collection Set: 2.96ms
[2026-04-03T01:42:22.502+0600][84.300s][info][gc,phases      ] GC(315)   Post Evacuate Collection Set: 0.68ms
[2026-04-03T01:42:22.502+0600][84.300s][info][gc,phases      ] GC(315)   Other: 0.10ms
[2026-04-03T01:42:22.502+0600][84.300s][info][gc,heap        ] GC(315) Eden regions: 34->0(196)
[2026-04-03T01:42:22.502+0600][84.300s][info][gc,heap        ] GC(315) Survivor regions: 5->4(22)
[2026-04-03T01:42:22.502+0600][84.300s][info][gc,heap        ] GC(315) Old regions: 44->45
[2026-04-03T01:42:22.502+0600][84.300s][info][gc,heap        ] GC(315) Humongous regions: 246->12
[2026-04-03T01:42:22.502+0600][84.300s][info][gc,metaspace   ] GC(315) Metaspace: 132031K(133504K)->132031K(133504K) NonClass: 115422K(116160K)->115422K(116160K) Class: 16608K(17344K)->16608K(17344K)
[2026-04-03T01:42:22.502+0600][84.300s][info][gc             ] GC(315) Pause Young (Prepare Mixed) (G1 Evacuation Pause) 656M->117M(668M) 4.686ms
[2026-04-03T01:42:22.502+0600][84.300s][info][gc,cpu         ] GC(315) User=0.02s Sys=0.01s Real=0.01s
[2026-04-03T01:42:22.996+0600][84.794s][info][gc,start       ] GC(316) Pause Young (Mixed) (G1 Evacuation Pause)
[2026-04-03T01:42:22.996+0600][84.794s][info][gc,task        ] GC(316) Using 10 workers of 10 for evacuation
[2026-04-03T01:42:23.000+0600][84.798s][info][gc,phases      ] GC(316)   Pre Evacuate Collection Set: 0.31ms
[2026-04-03T01:42:23.000+0600][84.798s][info][gc,phases      ] GC(316)   Merge Heap Roots: 0.15ms
[2026-04-03T01:42:23.000+0600][84.798s][info][gc,phases      ] GC(316)   Evacuate Collection Set: 3.14ms
[2026-04-03T01:42:23.000+0600][84.798s][info][gc,phases      ] GC(316)   Post Evacuate Collection Set: 0.67ms
[2026-04-03T01:42:23.000+0600][84.798s][info][gc,phases      ] GC(316)   Other: 0.09ms
[2026-04-03T01:42:23.000+0600][84.798s][info][gc,heap        ] GC(316) Eden regions: 139->0(202)
[2026-04-03T01:42:23.000+0600][84.798s][info][gc,heap        ] GC(316) Survivor regions: 4->3(25)
[2026-04-03T01:42:23.000+0600][84.798s][info][gc,heap        ] GC(316) Old regions: 45->44
[2026-04-03T01:42:23.000+0600][84.798s][info][gc,heap        ] GC(316) Humongous regions: 152->3
[2026-04-03T01:42:23.000+0600][84.798s][info][gc,metaspace   ] GC(316) Metaspace: 132035K(133504K)->132035K(133504K) NonClass: 115426K(116160K)->115426K(116160K) Class: 16608K(17344K)->16608K(17344K)
[2026-04-03T01:42:23.000+0600][84.798s][info][gc             ] GC(316) Pause Young (Mixed) (G1 Evacuation Pause) 675M->98M(686M) 4.617ms
[2026-04-03T01:42:23.000+0600][84.798s][info][gc,cpu         ] GC(316) User=0.02s Sys=0.00s Real=0.01s
[2026-04-03T01:42:23.015+0600][84.813s][info][gc,start       ] GC(317) Pause Young (Concurrent Start) (G1 Humongous Allocation)
[2026-04-03T01:42:23.015+0600][84.813s][info][gc,task        ] GC(317) Using 10 workers of 10 for evacuation
[2026-04-03T01:42:23.019+0600][84.817s][info][gc,phases      ] GC(317)   Pre Evacuate Collection Set: 0.38ms
[2026-04-03T01:42:23.019+0600][84.817s][info][gc,phases      ] GC(317)   Merge Heap Roots: 0.20ms
[2026-04-03T01:42:23.019+0600][84.817s][info][gc,phases      ] GC(317)   Evacuate Collection Set: 2.38ms
[2026-04-03T01:42:23.019+0600][84.817s][info][gc,phases      ] GC(317)   Post Evacuate Collection Set: 0.55ms
[2026-04-03T01:42:23.019+0600][84.817s][info][gc,phases      ] GC(317)   Other: 0.14ms
[2026-04-03T01:42:23.019+0600][84.817s][info][gc,heap        ] GC(317) Eden regions: 12->0(201)
[2026-04-03T01:42:23.019+0600][84.817s][info][gc,heap        ] GC(317) Survivor regions: 3->4(26)
[2026-04-03T01:42:23.019+0600][84.817s][info][gc,heap        ] GC(317) Old regions: 44->44
[2026-04-03T01:42:23.019+0600][84.817s][info][gc,heap        ] GC(317) Humongous regions: 3->3
[2026-04-03T01:42:23.019+0600][84.817s][info][gc,metaspace   ] GC(317) Metaspace: 132035K(133504K)->132035K(133504K) NonClass: 115426K(116160K)->115426K(116160K) Class: 16608K(17344K)->16608K(17344K)
[2026-04-03T01:42:23.019+0600][84.817s][info][gc             ] GC(317) Pause Young (Concurrent Start) (G1 Humongous Allocation) 122M->99M(686M) 3.956ms
[2026-04-03T01:42:23.019+0600][84.817s][info][gc             ] GC(318) Concurrent Mark Cycle
[2026-04-03T01:42:23.019+0600][84.817s][info][gc,cpu         ] GC(317) User=0.02s Sys=0.00s Real=0.00s
[2026-04-03T01:42:23.019+0600][84.817s][info][gc,marking     ] GC(318) Concurrent Scan Root Regions
[2026-04-03T01:42:23.024+0600][84.822s][info][gc,marking     ] GC(318) Concurrent Scan Root Regions 4.921ms
[2026-04-03T01:42:23.024+0600][84.822s][info][gc,marking     ] GC(318) Concurrent Mark
[2026-04-03T01:42:23.024+0600][84.822s][info][gc,marking     ] GC(318) Concurrent Mark From Roots
[2026-04-03T01:42:23.024+0600][84.822s][info][gc,task        ] GC(318) Using 3 workers of 3 for marking
[2026-04-03T01:42:23.135+0600][84.934s][info][gc,marking     ] GC(318) Concurrent Mark From Roots 111.167ms
[2026-04-03T01:42:23.136+0600][84.934s][info][gc,marking     ] GC(318) Concurrent Preclean
[2026-04-03T01:42:23.136+0600][84.934s][info][gc,marking     ] GC(318) Concurrent Preclean 0.636ms
[2026-04-03T01:42:23.136+0600][84.935s][info][gc,start       ] GC(318) Pause Remark
[2026-04-03T01:42:23.146+0600][84.944s][info][gc             ] GC(318) Pause Remark 256M->256M(600M) 9.586ms
[2026-04-03T01:42:23.146+0600][84.944s][info][gc,cpu         ] GC(318) User=0.07s Sys=0.00s Real=0.01s
[2026-04-03T01:42:23.146+0600][84.945s][info][gc,marking     ] GC(318) Concurrent Mark 122.210ms
[2026-04-03T01:42:23.147+0600][84.945s][info][gc,marking     ] GC(318) Concurrent Rebuild Remembered Sets and Scrub Regions
[2026-04-03T01:42:23.182+0600][84.980s][info][gc,marking     ] GC(318) Concurrent Rebuild Remembered Sets and Scrub Regions 35.456ms
[2026-04-03T01:42:23.183+0600][84.981s][info][gc,start       ] GC(318) Pause Cleanup
[2026-04-03T01:42:23.183+0600][84.981s][info][gc             ] GC(318) Pause Cleanup 291M->291M(600M) 0.339ms
[2026-04-03T01:42:23.183+0600][84.981s][info][gc,cpu         ] GC(318) User=0.00s Sys=0.00s Real=0.00s
[2026-04-03T01:42:23.183+0600][84.982s][info][gc,marking     ] GC(318) Concurrent Clear Claimed Marks
[2026-04-03T01:42:23.184+0600][84.982s][info][gc,marking     ] GC(318) Concurrent Clear Claimed Marks 0.440ms
[2026-04-03T01:42:23.184+0600][84.982s][info][gc,marking     ] GC(318) Concurrent Cleanup for Next Mark
[2026-04-03T01:42:23.185+0600][84.983s][info][gc,marking     ] GC(318) Concurrent Cleanup for Next Mark 1.232ms
[2026-04-03T01:42:23.185+0600][84.983s][info][gc             ] GC(318) Concurrent Mark Cycle 166.170ms
[2026-04-03T01:42:23.384+0600][85.183s][info][gc,start       ] GC(319) Pause Young (Prepare Mixed) (G1 Evacuation Pause)
[2026-04-03T01:42:23.384+0600][85.183s][info][gc,task        ] GC(319) Using 10 workers of 10 for evacuation
[2026-04-03T01:42:23.389+0600][85.187s][info][gc,phases      ] GC(319)   Pre Evacuate Collection Set: 0.31ms
[2026-04-03T01:42:23.389+0600][85.187s][info][gc,phases      ] GC(319)   Merge Heap Roots: 0.15ms
[2026-04-03T01:42:23.389+0600][85.187s][info][gc,phases      ] GC(319)   Evacuate Collection Set: 3.07ms
[2026-04-03T01:42:23.389+0600][85.187s][info][gc,phases      ] GC(319)   Post Evacuate Collection Set: 0.62ms
[2026-04-03T01:42:23.389+0600][85.187s][info][gc,phases      ] GC(319)   Other: 0.11ms
[2026-04-03T01:42:23.389+0600][85.187s][info][gc,heap        ] GC(319) Eden regions: 134->0(182)
[2026-04-03T01:42:23.389+0600][85.187s][info][gc,heap        ] GC(319) Survivor regions: 4->4(23)
[2026-04-03T01:42:23.389+0600][85.187s][info][gc,heap        ] GC(319) Old regions: 44->45
[2026-04-03T01:42:23.389+0600][85.187s][info][gc,heap        ] GC(319) Humongous regions: 124->3
[2026-04-03T01:42:23.389+0600][85.187s][info][gc,metaspace   ] GC(319) Metaspace: 132036K(133504K)->132036K(133504K) NonClass: 115427K(116160K)->115427K(116160K) Class: 16608K(17344K)->16608K(17344K)
[2026-04-03T01:42:23.389+0600][85.187s][info][gc             ] GC(319) Pause Young (Prepare Mixed) (G1 Evacuation Pause) 609M->99M(622M) 4.528ms
[2026-04-03T01:42:23.389+0600][85.187s][info][gc,cpu         ] GC(319) User=0.02s Sys=0.02s Real=0.00s
[2026-04-03T01:42:23.795+0600][85.593s][info][gc,start       ] GC(320) Pause Young (Mixed) (G1 Evacuation Pause)
[2026-04-03T01:42:23.795+0600][85.593s][info][gc,task        ] GC(320) Using 10 workers of 10 for evacuation
[2026-04-03T01:42:23.799+0600][85.597s][info][gc,phases      ] GC(320)   Pre Evacuate Collection Set: 0.44ms
[2026-04-03T01:42:23.799+0600][85.597s][info][gc,phases      ] GC(320)   Merge Heap Roots: 0.13ms
[2026-04-03T01:42:23.799+0600][85.597s][info][gc,phases      ] GC(320)   Evacuate Collection Set: 2.53ms
[2026-04-03T01:42:23.799+0600][85.597s][info][gc,phases      ] GC(320)   Post Evacuate Collection Set: 0.92ms
[2026-04-03T01:42:23.799+0600][85.597s][info][gc,phases      ] GC(320)   Other: 0.08ms
[2026-04-03T01:42:23.799+0600][85.597s][info][gc,heap        ] GC(320) Eden regions: 146->0(185)
[2026-04-03T01:42:23.799+0600][85.597s][info][gc,heap        ] GC(320) Survivor regions: 4->3(24)
[2026-04-03T01:42:23.799+0600][85.597s][info][gc,heap        ] GC(320) Old regions: 45->44
[2026-04-03T01:42:23.799+0600][85.597s][info][gc,heap        ] GC(320) Humongous regions: 116->3
[2026-04-03T01:42:23.799+0600][85.597s][info][gc,metaspace   ] GC(320) Metaspace: 132071K(133568K)->132071K(133568K) NonClass: 115456K(116224K)->115456K(116224K) Class: 16615K(17344K)->16615K(17344K)
[2026-04-03T01:42:23.799+0600][85.597s][info][gc             ] GC(320) Pause Young (Mixed) (G1 Evacuation Pause) 617M->98M(628M) 4.321ms
[2026-04-03T01:42:23.799+0600][85.598s][info][gc,cpu         ] GC(320) User=0.02s Sys=0.00s Real=0.00s
[2026-04-03T01:42:24.014+0600][85.812s][info][gc,start       ] GC(321) Pause Young (Concurrent Start) (G1 Humongous Allocation)
[2026-04-03T01:42:24.014+0600][85.812s][info][gc,task        ] GC(321) Using 10 workers of 10 for evacuation
[2026-04-03T01:42:24.017+0600][85.815s][info][gc,phases      ] GC(321)   Pre Evacuate Collection Set: 0.31ms
[2026-04-03T01:42:24.017+0600][85.815s][info][gc,phases      ] GC(321)   Merge Heap Roots: 0.10ms
[2026-04-03T01:42:24.017+0600][85.815s][info][gc,phases      ] GC(321)   Evacuate Collection Set: 1.39ms
[2026-04-03T01:42:24.017+0600][85.815s][info][gc,phases      ] GC(321)   Post Evacuate Collection Set: 0.47ms
[2026-04-03T01:42:24.017+0600][85.815s][info][gc,phases      ] GC(321)   Other: 0.15ms
[2026-04-03T01:42:24.017+0600][85.815s][info][gc,heap        ] GC(321) Eden regions: 61->0(185)
[2026-04-03T01:42:24.017+0600][85.815s][info][gc,heap        ] GC(321) Survivor regions: 3->3(24)
[2026-04-03T01:42:24.017+0600][85.815s][info][gc,heap        ] GC(321) Old regions: 44->44
[2026-04-03T01:42:24.017+0600][85.815s][info][gc,heap        ] GC(321) Humongous regions: 3->3
[2026-04-03T01:42:24.017+0600][85.815s][info][gc,metaspace   ] GC(321) Metaspace: 132071K(133568K)->132071K(133568K) NonClass: 115456K(116224K)->115456K(116224K) Class: 16615K(17344K)->16615K(17344K)
[2026-04-03T01:42:24.017+0600][85.815s][info][gc             ] GC(321) Pause Young (Concurrent Start) (G1 Humongous Allocation) 219M->97M(628M) 2.670ms
[2026-04-03T01:42:24.017+0600][85.815s][info][gc,cpu         ] GC(321) User=0.02s Sys=0.01s Real=0.00s
[2026-04-03T01:42:24.017+0600][85.815s][info][gc             ] GC(322) Concurrent Mark Cycle
[2026-04-03T01:42:24.017+0600][85.815s][info][gc,marking     ] GC(322) Concurrent Scan Root Regions
[2026-04-03T01:42:24.019+0600][85.817s][info][gc,marking     ] GC(322) Concurrent Scan Root Regions 2.361ms
[2026-04-03T01:42:24.019+0600][85.817s][info][gc,marking     ] GC(322) Concurrent Mark
[2026-04-03T01:42:24.019+0600][85.817s][info][gc,marking     ] GC(322) Concurrent Mark From Roots
[2026-04-03T01:42:24.019+0600][85.817s][info][gc,task        ] GC(322) Using 3 workers of 3 for marking
[2026-04-03T01:42:24.097+0600][85.895s][info][gc,marking     ] GC(322) Concurrent Mark From Roots 77.866ms
[2026-04-03T01:42:24.097+0600][85.895s][info][gc,marking     ] GC(322) Concurrent Preclean
[2026-04-03T01:42:24.098+0600][85.896s][info][gc,marking     ] GC(322) Concurrent Preclean 0.706ms
[2026-04-03T01:42:24.098+0600][85.897s][info][gc,start       ] GC(322) Pause Remark
[2026-04-03T01:42:24.108+0600][85.906s][info][gc             ] GC(322) Pause Remark 209M->209M(508M) 9.473ms
[2026-04-03T01:42:24.108+0600][85.906s][info][gc,cpu         ] GC(322) User=0.07s Sys=0.00s Real=0.01s
[2026-04-03T01:42:24.108+0600][85.906s][info][gc,marking     ] GC(322) Concurrent Mark 88.983ms
[2026-04-03T01:42:24.108+0600][85.907s][info][gc,marking     ] GC(322) Concurrent Rebuild Remembered Sets and Scrub Regions
[2026-04-03T01:42:24.141+0600][85.939s][info][gc,marking     ] GC(322) Concurrent Rebuild Remembered Sets and Scrub Regions 32.690ms
[2026-04-03T01:42:24.142+0600][85.940s][info][gc,start       ] GC(322) Pause Cleanup
[2026-04-03T01:42:24.142+0600][85.940s][info][gc             ] GC(322) Pause Cleanup 255M->255M(508M) 0.352ms
[2026-04-03T01:42:24.142+0600][85.940s][info][gc,cpu         ] GC(322) User=0.00s Sys=0.00s Real=0.00s
[2026-04-03T01:42:24.142+0600][85.940s][info][gc,marking     ] GC(322) Concurrent Clear Claimed Marks
[2026-04-03T01:42:24.143+0600][85.941s][info][gc,marking     ] GC(322) Concurrent Clear Claimed Marks 0.430ms
[2026-04-03T01:42:24.143+0600][85.941s][info][gc,marking     ] GC(322) Concurrent Cleanup for Next Mark
[2026-04-03T01:42:24.144+0600][85.942s][info][gc,marking     ] GC(322) Concurrent Cleanup for Next Mark 0.959ms
[2026-04-03T01:42:24.144+0600][85.942s][info][gc             ] GC(322) Concurrent Mark Cycle 126.883ms
[2026-04-03T01:42:24.295+0600][86.093s][info][gc,start       ] GC(323) Pause Young (Prepare Mixed) (G1 Evacuation Pause)
[2026-04-03T01:42:24.295+0600][86.094s][info][gc,task        ] GC(323) Using 10 workers of 10 for evacuation
[2026-04-03T01:42:24.301+0600][86.100s][info][gc,phases      ] GC(323)   Pre Evacuate Collection Set: 0.48ms
[2026-04-03T01:42:24.301+0600][86.100s][info][gc,phases      ] GC(323)   Merge Heap Roots: 0.18ms
[2026-04-03T01:42:24.302+0600][86.100s][info][gc,phases      ] GC(323)   Evacuate Collection Set: 4.52ms
[2026-04-03T01:42:24.302+0600][86.100s][info][gc,phases      ] GC(323)   Post Evacuate Collection Set: 0.79ms
[2026-04-03T01:42:24.302+0600][86.100s][info][gc,phases      ] GC(323)   Other: 0.11ms
[2026-04-03T01:42:24.302+0600][86.100s][info][gc,heap        ] GC(323) Eden regions: 110->0(151)
[2026-04-03T01:42:24.302+0600][86.100s][info][gc,heap        ] GC(323) Survivor regions: 3->4(19)
[2026-04-03T01:42:24.302+0600][86.100s][info][gc,heap        ] GC(323) Old regions: 44->45
[2026-04-03T01:42:24.302+0600][86.100s][info][gc,heap        ] GC(323) Humongous regions: 97->3
[2026-04-03T01:42:24.302+0600][86.100s][info][gc,metaspace   ] GC(323) Metaspace: 132071K(133568K)->132071K(133568K) NonClass: 115456K(116224K)->115456K(116224K) Class: 16615K(17344K)->16615K(17344K)
[2026-04-03T01:42:24.302+0600][86.100s][info][gc             ] GC(323) Pause Young (Prepare Mixed) (G1 Evacuation Pause) 505M->100M(518M) 6.373ms
[2026-04-03T01:42:24.302+0600][86.100s][info][gc,cpu         ] GC(323) User=0.02s Sys=0.02s Real=0.01s
[2026-04-03T01:42:24.576+0600][86.375s][info][gc,start       ] GC(324) Pause Young (Mixed) (G1 Evacuation Pause)
[2026-04-03T01:42:24.577+0600][86.375s][info][gc,task        ] GC(324) Using 10 workers of 10 for evacuation
[2026-04-03T01:42:24.582+0600][86.380s][info][gc,phases      ] GC(324)   Pre Evacuate Collection Set: 0.54ms
[2026-04-03T01:42:24.582+0600][86.380s][info][gc,phases      ] GC(324)   Merge Heap Roots: 0.25ms
[2026-04-03T01:42:24.582+0600][86.380s][info][gc,phases      ] GC(324)   Evacuate Collection Set: 3.93ms
[2026-04-03T01:42:24.582+0600][86.380s][info][gc,phases      ] GC(324)   Post Evacuate Collection Set: 0.75ms
[2026-04-03T01:42:24.582+0600][86.380s][info][gc,phases      ] GC(324)   Other: 0.09ms
[2026-04-03T01:42:24.582+0600][86.380s][info][gc,heap        ] GC(324) Eden regions: 114->0(155)
[2026-04-03T01:42:24.582+0600][86.380s][info][gc,heap        ] GC(324) Survivor regions: 4->4(20)
[2026-04-03T01:42:24.582+0600][86.380s][info][gc,heap        ] GC(324) Old regions: 45->44
[2026-04-03T01:42:24.582+0600][86.380s][info][gc,heap        ] GC(324) Humongous regions: 99->3
[2026-04-03T01:42:24.582+0600][86.380s][info][gc,metaspace   ] GC(324) Metaspace: 132071K(133568K)->132071K(133568K) NonClass: 115456K(116224K)->115456K(116224K) Class: 16615K(17344K)->16615K(17344K)
[2026-04-03T01:42:24.582+0600][86.381s][info][gc             ] GC(324) Pause Young (Mixed) (G1 Evacuation Pause) 520M->99M(532M) 5.908ms
[2026-04-03T01:42:24.582+0600][86.381s][info][gc,cpu         ] GC(324) User=0.03s Sys=0.00s Real=0.01s
[2026-04-03T01:42:24.597+0600][86.396s][info][gc,start       ] GC(325) Pause Young (Concurrent Start) (GCLocker Initiated GC)
[2026-04-03T01:42:24.597+0600][86.396s][info][gc,task        ] GC(325) Using 10 workers of 10 for evacuation
[2026-04-03T01:42:24.603+0600][86.401s][info][gc,phases      ] GC(325)   Pre Evacuate Collection Set: 0.50ms
[2026-04-03T01:42:24.603+0600][86.401s][info][gc,phases      ] GC(325)   Merge Heap Roots: 0.19ms
[2026-04-03T01:42:24.603+0600][86.401s][info][gc,phases      ] GC(325)   Evacuate Collection Set: 3.30ms
[2026-04-03T01:42:24.603+0600][86.401s][info][gc,phases      ] GC(325)   Post Evacuate Collection Set: 1.26ms
[2026-04-03T01:42:24.603+0600][86.401s][info][gc,phases      ] GC(325)   Other: 0.19ms
[2026-04-03T01:42:24.603+0600][86.401s][info][gc,heap        ] GC(325) Eden regions: 12->0(188)
[2026-04-03T01:42:24.603+0600][86.401s][info][gc,heap        ] GC(325) Survivor regions: 4->4(20)
[2026-04-03T01:42:24.603+0600][86.401s][info][gc,heap        ] GC(325) Old regions: 44->45
[2026-04-03T01:42:24.603+0600][86.401s][info][gc,heap        ] GC(325) Humongous regions: 3->3
[2026-04-03T01:42:24.603+0600][86.401s][info][gc,metaspace   ] GC(325) Metaspace: 132071K(133568K)->132071K(133568K) NonClass: 115456K(116224K)->115456K(116224K) Class: 16615K(17344K)->16615K(17344K)
[2026-04-03T01:42:24.603+0600][86.401s][info][gc             ] GC(325) Pause Young (Concurrent Start) (GCLocker Initiated GC) 123M->100M(640M) 5.753ms
[2026-04-03T01:42:24.603+0600][86.401s][info][gc,cpu         ] GC(325) User=0.04s Sys=0.00s Real=0.01s
[2026-04-03T01:42:24.603+0600][86.401s][info][gc             ] GC(326) Concurrent Mark Cycle
[2026-04-03T01:42:24.603+0600][86.401s][info][gc,marking     ] GC(326) Concurrent Scan Root Regions
[2026-04-03T01:42:24.606+0600][86.404s][info][gc,marking     ] GC(326) Concurrent Scan Root Regions 2.962ms
[2026-04-03T01:42:24.606+0600][86.405s][info][gc,marking     ] GC(326) Concurrent Mark
[2026-04-03T01:42:24.606+0600][86.405s][info][gc,marking     ] GC(326) Concurrent Mark From Roots
[2026-04-03T01:42:24.606+0600][86.405s][info][gc,task        ] GC(326) Using 3 workers of 3 for marking
[2026-04-03T01:42:24.715+0600][86.513s][info][gc,marking     ] GC(326) Concurrent Mark From Roots 108.724ms
[2026-04-03T01:42:24.715+0600][86.513s][info][gc,marking     ] GC(326) Concurrent Preclean
[2026-04-03T01:42:24.716+0600][86.514s][info][gc,marking     ] GC(326) Concurrent Preclean 0.586ms
[2026-04-03T01:42:24.716+0600][86.514s][info][gc,start       ] GC(326) Pause Remark
[2026-04-03T01:42:24.726+0600][86.525s][info][gc             ] GC(326) Pause Remark 221M->221M(540M) 10.256ms
[2026-04-03T01:42:24.727+0600][86.525s][info][gc,cpu         ] GC(326) User=0.07s Sys=0.00s Real=0.01s
[2026-04-03T01:42:24.727+0600][86.525s][info][gc,marking     ] GC(326) Concurrent Mark 120.494ms
[2026-04-03T01:42:24.727+0600][86.525s][info][gc,marking     ] GC(326) Concurrent Rebuild Remembered Sets and Scrub Regions
[2026-04-03T01:42:24.754+0600][86.552s][info][gc,marking     ] GC(326) Concurrent Rebuild Remembered Sets and Scrub Regions 26.837ms
[2026-04-03T01:42:24.754+0600][86.552s][info][gc,start       ] GC(326) Pause Cleanup
[2026-04-03T01:42:24.754+0600][86.552s][info][gc             ] GC(326) Pause Cleanup 230M->230M(540M) 0.217ms
[2026-04-03T01:42:24.754+0600][86.552s][info][gc,cpu         ] GC(326) User=0.00s Sys=0.00s Real=0.00s
[2026-04-03T01:42:24.754+0600][86.553s][info][gc,marking     ] GC(326) Concurrent Clear Claimed Marks
[2026-04-03T01:42:24.755+0600][86.553s][info][gc,marking     ] GC(326) Concurrent Clear Claimed Marks 0.358ms
[2026-04-03T01:42:24.755+0600][86.553s][info][gc,marking     ] GC(326) Concurrent Cleanup for Next Mark
[2026-04-03T01:42:24.756+0600][86.554s][info][gc,marking     ] GC(326) Concurrent Cleanup for Next Mark 0.790ms
[2026-04-03T01:42:24.756+0600][86.554s][info][gc             ] GC(326) Concurrent Mark Cycle 152.380ms
[2026-04-03T01:42:25.095+0600][86.893s][info][gc,start       ] GC(327) Pause Young (Prepare Mixed) (G1 Evacuation Pause)
[2026-04-03T01:42:25.095+0600][86.893s][info][gc,task        ] GC(327) Using 10 workers of 10 for evacuation
[2026-04-03T01:42:25.102+0600][86.900s][info][gc,phases      ] GC(327)   Pre Evacuate Collection Set: 0.60ms
[2026-04-03T01:42:25.102+0600][86.900s][info][gc,phases      ] GC(327)   Merge Heap Roots: 0.35ms
[2026-04-03T01:42:25.102+0600][86.900s][info][gc,phases      ] GC(327)   Evacuate Collection Set: 5.24ms
[2026-04-03T01:42:25.102+0600][86.900s][info][gc,phases      ] GC(327)   Post Evacuate Collection Set: 0.80ms
[2026-04-03T01:42:25.102+0600][86.900s][info][gc,phases      ] GC(327)   Other: 0.14ms
[2026-04-03T01:42:25.102+0600][86.900s][info][gc,heap        ] GC(327) Eden regions: 140->0(160)
[2026-04-03T01:42:25.102+0600][86.900s][info][gc,heap        ] GC(327) Survivor regions: 4->5(21)
[2026-04-03T01:42:25.102+0600][86.900s][info][gc,heap        ] GC(327) Old regions: 45->46
[2026-04-03T01:42:25.102+0600][86.900s][info][gc,heap        ] GC(327) Humongous regions: 81->3
[2026-04-03T01:42:25.102+0600][86.900s][info][gc,metaspace   ] GC(327) Metaspace: 132078K(133568K)->132078K(133568K) NonClass: 115462K(116224K)->115462K(116224K) Class: 16615K(17344K)->16615K(17344K)
[2026-04-03T01:42:25.102+0600][86.901s][info][gc             ] GC(327) Pause Young (Prepare Mixed) (G1 Evacuation Pause) 536M->103M(552M) 7.433ms
[2026-04-03T01:42:25.102+0600][86.901s][info][gc,cpu         ] GC(327) User=0.04s Sys=0.02s Real=0.01s
[2026-04-03T01:42:25.319+0600][87.117s][info][gc,start       ] GC(328) Pause Young (Mixed) (G1 Evacuation Pause)
[2026-04-03T01:42:25.319+0600][87.117s][info][gc,task        ] GC(328) Using 10 workers of 10 for evacuation
[2026-04-03T01:42:25.324+0600][87.122s][info][gc,phases      ] GC(328)   Pre Evacuate Collection Set: 0.28ms
[2026-04-03T01:42:25.324+0600][87.122s][info][gc,phases      ] GC(328)   Merge Heap Roots: 0.16ms
[2026-04-03T01:42:25.324+0600][87.122s][info][gc,phases      ] GC(328)   Evacuate Collection Set: 3.56ms
[2026-04-03T01:42:25.324+0600][87.123s][info][gc,phases      ] GC(328)   Post Evacuate Collection Set: 0.84ms
[2026-04-03T01:42:25.324+0600][87.123s][info][gc,phases      ] GC(328)   Other: 0.10ms
[2026-04-03T01:42:25.324+0600][87.123s][info][gc,heap        ] GC(328) Eden regions: 98->0(194)
[2026-04-03T01:42:25.324+0600][87.123s][info][gc,heap        ] GC(328) Survivor regions: 5->5(21)
[2026-04-03T01:42:25.324+0600][87.123s][info][gc,heap        ] GC(328) Old regions: 46->45
[2026-04-03T01:42:25.324+0600][87.123s][info][gc,heap        ] GC(328) Humongous regions: 178->12
[2026-04-03T01:42:25.324+0600][87.123s][info][gc,metaspace   ] GC(328) Metaspace: 132079K(133568K)->132079K(133568K) NonClass: 115463K(116224K)->115463K(116224K) Class: 16615K(17344K)->16615K(17344K)
[2026-04-03T01:42:25.324+0600][87.123s][info][gc             ] GC(328) Pause Young (Mixed) (G1 Evacuation Pause) 649M->120M(664M) 5.216ms
[2026-04-03T01:42:25.325+0600][87.123s][info][gc,cpu         ] GC(328) User=0.02s Sys=0.01s Real=0.01s
[2026-04-03T01:42:25.325+0600][87.123s][info][gc,start       ] GC(329) Pause Young (Concurrent Start) (G1 Humongous Allocation)
[2026-04-03T01:42:25.325+0600][87.123s][info][gc,task        ] GC(329) Using 10 workers of 10 for evacuation
[2026-04-03T01:42:25.328+0600][87.127s][info][gc,phases      ] GC(329)   Pre Evacuate Collection Set: 0.32ms
[2026-04-03T01:42:25.329+0600][87.127s][info][gc,phases      ] GC(329)   Merge Heap Roots: 0.08ms
[2026-04-03T01:42:25.329+0600][87.127s][info][gc,phases      ] GC(329)   Evacuate Collection Set: 2.20ms
[2026-04-03T01:42:25.329+0600][87.127s][info][gc,phases      ] GC(329)   Post Evacuate Collection Set: 0.50ms
[2026-04-03T01:42:25.329+0600][87.127s][info][gc,phases      ] GC(329)   Other: 0.11ms
[2026-04-03T01:42:25.329+0600][87.127s][info][gc,heap        ] GC(329) Eden regions: 2->0(194)
[2026-04-03T01:42:25.329+0600][87.127s][info][gc,heap        ] GC(329) Survivor regions: 5->5(25)
[2026-04-03T01:42:25.329+0600][87.127s][info][gc,heap        ] GC(329) Old regions: 45->45
[2026-04-03T01:42:25.329+0600][87.127s][info][gc,heap        ] GC(329) Humongous regions: 12->3
[2026-04-03T01:42:25.329+0600][87.127s][info][gc,metaspace   ] GC(329) Metaspace: 132079K(133568K)->132079K(133568K) NonClass: 115463K(116224K)->115463K(116224K) Class: 16615K(17344K)->16615K(17344K)
[2026-04-03T01:42:25.329+0600][87.127s][info][gc             ] GC(329) Pause Young (Concurrent Start) (G1 Humongous Allocation) 123M->103M(664M) 3.449ms
[2026-04-03T01:42:25.329+0600][87.127s][info][gc             ] GC(330) Concurrent Mark Cycle
[2026-04-03T01:42:25.329+0600][87.127s][info][gc,cpu         ] GC(329) User=0.02s Sys=0.00s Real=0.00s
[2026-04-03T01:42:25.329+0600][87.127s][info][gc,marking     ] GC(330) Concurrent Scan Root Regions
[2026-04-03T01:42:25.332+0600][87.130s][info][gc,marking     ] GC(330) Concurrent Scan Root Regions 3.251ms
[2026-04-03T01:42:25.332+0600][87.130s][info][gc,marking     ] GC(330) Concurrent Mark
[2026-04-03T01:42:25.332+0600][87.130s][info][gc,marking     ] GC(330) Concurrent Mark From Roots
[2026-04-03T01:42:25.332+0600][87.130s][info][gc,task        ] GC(330) Using 3 workers of 3 for marking
[2026-04-03T01:42:25.441+0600][87.239s][info][gc,marking     ] GC(330) Concurrent Mark From Roots 108.720ms
[2026-04-03T01:42:25.441+0600][87.239s][info][gc,marking     ] GC(330) Concurrent Preclean
[2026-04-03T01:42:25.442+0600][87.240s][info][gc,marking     ] GC(330) Concurrent Preclean 0.745ms
[2026-04-03T01:42:25.445+0600][87.243s][info][gc,start       ] GC(330) Pause Remark
[2026-04-03T01:42:25.455+0600][87.253s][info][gc             ] GC(330) Pause Remark 679M->679M(1028M) 9.827ms
[2026-04-03T01:42:25.455+0600][87.253s][info][gc,cpu         ] GC(330) User=0.06s Sys=0.01s Real=0.01s
[2026-04-03T01:42:25.455+0600][87.253s][info][gc,marking     ] GC(330) Concurrent Mark 123.191ms
[2026-04-03T01:42:25.455+0600][87.254s][info][gc,marking     ] GC(330) Concurrent Rebuild Remembered Sets and Scrub Regions
[2026-04-03T01:42:25.484+0600][87.283s][info][gc,marking     ] GC(330) Concurrent Rebuild Remembered Sets and Scrub Regions 28.977ms
[2026-04-03T01:42:25.485+0600][87.283s][info][gc,start       ] GC(330) Pause Cleanup
[2026-04-03T01:42:25.485+0600][87.283s][info][gc             ] GC(330) Pause Cleanup 718M->718M(1028M) 0.419ms
[2026-04-03T01:42:25.485+0600][87.283s][info][gc,cpu         ] GC(330) User=0.00s Sys=0.00s Real=0.00s
[2026-04-03T01:42:25.485+0600][87.284s][info][gc,marking     ] GC(330) Concurrent Clear Claimed Marks
[2026-04-03T01:42:25.486+0600][87.284s][info][gc,marking     ] GC(330) Concurrent Clear Claimed Marks 0.413ms
[2026-04-03T01:42:25.486+0600][87.284s][info][gc,marking     ] GC(330) Concurrent Cleanup for Next Mark
[2026-04-03T01:42:25.491+0600][87.289s][info][gc,marking     ] GC(330) Concurrent Cleanup for Next Mark 5.324ms
[2026-04-03T01:42:25.491+0600][87.290s][info][gc             ] GC(330) Concurrent Mark Cycle 162.698ms
[2026-04-03T01:42:25.941+0600][87.739s][info][gc,start       ] GC(331) Pause Young (Prepare Mixed) (G1 Evacuation Pause)
[2026-04-03T01:42:25.941+0600][87.739s][info][gc,task        ] GC(331) Using 10 workers of 10 for evacuation
[2026-04-03T01:42:25.945+0600][87.743s][info][gc,phases      ] GC(331)   Pre Evacuate Collection Set: 0.39ms
[2026-04-03T01:42:25.945+0600][87.743s][info][gc,phases      ] GC(331)   Merge Heap Roots: 0.22ms
[2026-04-03T01:42:25.945+0600][87.743s][info][gc,phases      ] GC(331)   Evacuate Collection Set: 2.27ms
[2026-04-03T01:42:25.945+0600][87.743s][info][gc,phases      ] GC(331)   Post Evacuate Collection Set: 0.90ms
[2026-04-03T01:42:25.945+0600][87.743s][info][gc,phases      ] GC(331)   Other: 0.10ms
[2026-04-03T01:42:25.945+0600][87.743s][info][gc,heap        ] GC(331) Eden regions: 143->0(307)
[2026-04-03T01:42:25.945+0600][87.743s][info][gc,heap        ] GC(331) Survivor regions: 5->3(32)
[2026-04-03T01:42:25.945+0600][87.743s][info][gc,heap        ] GC(331) Old regions: 45->45
[2026-04-03T01:42:25.945+0600][87.743s][info][gc,heap        ] GC(331) Humongous regions: 321->3
[2026-04-03T01:42:25.945+0600][87.743s][info][gc,metaspace   ] GC(331) Metaspace: 132090K(133568K)->132090K(133568K) NonClass: 115474K(116224K)->115474K(116224K) Class: 16615K(17344K)->16615K(17344K)
[2026-04-03T01:42:25.945+0600][87.743s][info][gc             ] GC(331) Pause Young (Prepare Mixed) (G1 Evacuation Pause) 1025M->98M(1034M) 4.236ms
[2026-04-03T01:42:25.945+0600][87.743s][info][gc,cpu         ] GC(331) User=0.02s Sys=0.00s Real=0.00s
[2026-04-03T01:42:26.587+0600][88.385s][info][gc,start       ] GC(332) Pause Young (Mixed) (G1 Evacuation Pause)
[2026-04-03T01:42:26.587+0600][88.385s][info][gc,task        ] GC(332) Using 10 workers of 10 for evacuation
[2026-04-03T01:42:26.595+0600][88.393s][info][gc,phases      ] GC(332)   Pre Evacuate Collection Set: 0.59ms
[2026-04-03T01:42:26.595+0600][88.393s][info][gc,phases      ] GC(332)   Merge Heap Roots: 0.34ms
[2026-04-03T01:42:26.595+0600][88.393s][info][gc,phases      ] GC(332)   Evacuate Collection Set: 5.69ms
[2026-04-03T01:42:26.595+0600][88.393s][info][gc,phases      ] GC(332)   Post Evacuate Collection Set: 1.10ms
[2026-04-03T01:42:26.595+0600][88.393s][info][gc,phases      ] GC(332)   Other: 0.16ms
[2026-04-03T01:42:26.595+0600][88.393s][info][gc,heap        ] GC(332) Eden regions: 264->0(311)
[2026-04-03T01:42:26.595+0600][88.393s][info][gc,heap        ] GC(332) Survivor regions: 3->4(39)
[2026-04-03T01:42:26.595+0600][88.393s][info][gc,heap        ] GC(332) Old regions: 45->45
[2026-04-03T01:42:26.595+0600][88.393s][info][gc,heap        ] GC(332) Humongous regions: 208->3
[2026-04-03T01:42:26.595+0600][88.393s][info][gc,metaspace   ] GC(332) Metaspace: 132090K(133568K)->132090K(133568K) NonClass: 115474K(116224K)->115474K(116224K) Class: 16615K(17344K)->16615K(17344K)
[2026-04-03T01:42:26.595+0600][88.393s][info][gc             ] GC(332) Pause Young (Mixed) (G1 Evacuation Pause) 1036M->101M(1050M) 8.216ms
[2026-04-03T01:42:26.595+0600][88.393s][info][gc,cpu         ] GC(332) User=0.04s Sys=0.02s Real=0.01s
[2026-04-03T01:42:26.634+0600][88.432s][info][gc,start       ] GC(333) Pause Young (Concurrent Start) (G1 Humongous Allocation)
[2026-04-03T01:42:26.634+0600][88.432s][info][gc,task        ] GC(333) Using 10 workers of 10 for evacuation
[2026-04-03T01:42:26.638+0600][88.436s][info][gc,phases      ] GC(333)   Pre Evacuate Collection Set: 0.45ms
[2026-04-03T01:42:26.638+0600][88.436s][info][gc,phases      ] GC(333)   Merge Heap Roots: 0.25ms
[2026-04-03T01:42:26.638+0600][88.436s][info][gc,phases      ] GC(333)   Evacuate Collection Set: 2.25ms
[2026-04-03T01:42:26.638+0600][88.436s][info][gc,phases      ] GC(333)   Post Evacuate Collection Set: 1.07ms
[2026-04-03T01:42:26.638+0600][88.436s][info][gc,phases      ] GC(333)   Other: 0.19ms
[2026-04-03T01:42:26.638+0600][88.436s][info][gc,heap        ] GC(333) Eden regions: 19->0(312)
[2026-04-03T01:42:26.638+0600][88.436s][info][gc,heap        ] GC(333) Survivor regions: 4->3(40)
[2026-04-03T01:42:26.638+0600][88.436s][info][gc,heap        ] GC(333) Old regions: 45->45
[2026-04-03T01:42:26.638+0600][88.436s][info][gc,heap        ] GC(333) Humongous regions: 17->4
[2026-04-03T01:42:26.638+0600][88.436s][info][gc,metaspace   ] GC(333) Metaspace: 132090K(133568K)->132090K(133568K) NonClass: 115474K(116224K)->115474K(116224K) Class: 16615K(17344K)->16615K(17344K)
[2026-04-03T01:42:26.638+0600][88.437s][info][gc             ] GC(333) Pause Young (Concurrent Start) (G1 Humongous Allocation) 167M->100M(1050M) 4.525ms
[2026-04-03T01:42:26.638+0600][88.437s][info][gc             ] GC(334) Concurrent Undo Cycle
[2026-04-03T01:42:26.638+0600][88.437s][info][gc,cpu         ] GC(333) User=0.02s Sys=0.00s Real=0.00s
[2026-04-03T01:42:26.639+0600][88.437s][info][gc,marking     ] GC(334) Concurrent Clear Claimed Marks
[2026-04-03T01:42:26.639+0600][88.437s][info][gc,marking     ] GC(334) Concurrent Clear Claimed Marks 0.348ms
[2026-04-03T01:42:26.639+0600][88.437s][info][gc,marking     ] GC(334) Concurrent Cleanup for Next Mark
[2026-04-03T01:42:26.639+0600][88.437s][info][gc,marking     ] GC(334) Concurrent Cleanup for Next Mark 0.345ms
[2026-04-03T01:42:26.639+0600][88.438s][info][gc             ] GC(334) Concurrent Undo Cycle 0.909ms
[2026-04-03T01:42:26.725+0600][88.523s][info][gc,start       ] GC(335) Pause Young (Concurrent Start) (G1 Humongous Allocation)
[2026-04-03T01:42:26.725+0600][88.523s][info][gc,task        ] GC(335) Using 10 workers of 10 for evacuation
[2026-04-03T01:42:26.729+0600][88.527s][info][gc,phases      ] GC(335)   Pre Evacuate Collection Set: 0.49ms
[2026-04-03T01:42:26.729+0600][88.527s][info][gc,phases      ] GC(335)   Merge Heap Roots: 0.12ms
[2026-04-03T01:42:26.729+0600][88.527s][info][gc,phases      ] GC(335)   Evacuate Collection Set: 2.34ms
[2026-04-03T01:42:26.729+0600][88.527s][info][gc,phases      ] GC(335)   Post Evacuate Collection Set: 0.84ms
[2026-04-03T01:42:26.729+0600][88.527s][info][gc,phases      ] GC(335)   Other: 0.18ms
[2026-04-03T01:42:26.729+0600][88.527s][info][gc,heap        ] GC(335) Eden regions: 32->0(311)
[2026-04-03T01:42:26.729+0600][88.527s][info][gc,heap        ] GC(335) Survivor regions: 3->4(40)
[2026-04-03T01:42:26.729+0600][88.527s][info][gc,heap        ] GC(335) Old regions: 45->45
[2026-04-03T01:42:26.729+0600][88.527s][info][gc,heap        ] GC(335) Humongous regions: 14->3
[2026-04-03T01:42:26.729+0600][88.527s][info][gc,metaspace   ] GC(335) Metaspace: 132090K(133568K)->132090K(133568K) NonClass: 115474K(116224K)->115474K(116224K) Class: 16615K(17344K)->16615K(17344K)
[2026-04-03T01:42:26.729+0600][88.528s][info][gc             ] GC(335) Pause Young (Concurrent Start) (G1 Humongous Allocation) 182M->99M(1050M) 4.213ms
[2026-04-03T01:42:26.729+0600][88.528s][info][gc             ] GC(336) Concurrent Undo Cycle
[2026-04-03T01:42:26.729+0600][88.528s][info][gc,cpu         ] GC(335) User=0.03s Sys=0.00s Real=0.00s
[2026-04-03T01:42:26.730+0600][88.528s][info][gc,marking     ] GC(336) Concurrent Clear Claimed Marks
[2026-04-03T01:42:26.730+0600][88.528s][info][gc,marking     ] GC(336) Concurrent Clear Claimed Marks 0.285ms
[2026-04-03T01:42:26.730+0600][88.528s][info][gc,marking     ] GC(336) Concurrent Cleanup for Next Mark
[2026-04-03T01:42:26.730+0600][88.528s][info][gc,marking     ] GC(336) Concurrent Cleanup for Next Mark 0.253ms
[2026-04-03T01:42:26.730+0600][88.528s][info][gc             ] GC(336) Concurrent Undo Cycle 0.695ms
[2026-04-03T01:42:26.816+0600][88.614s][info][gc,start       ] GC(337) Pause Young (Concurrent Start) (G1 Humongous Allocation)
[2026-04-03T01:42:26.816+0600][88.614s][info][gc,task        ] GC(337) Using 10 workers of 10 for evacuation
[2026-04-03T01:42:26.818+0600][88.617s][info][gc,phases      ] GC(337)   Pre Evacuate Collection Set: 0.29ms
[2026-04-03T01:42:26.819+0600][88.617s][info][gc,phases      ] GC(337)   Merge Heap Roots: 0.10ms
[2026-04-03T01:42:26.819+0600][88.617s][info][gc,phases      ] GC(337)   Evacuate Collection Set: 1.57ms
[2026-04-03T01:42:26.819+0600][88.617s][info][gc,phases      ] GC(337)   Post Evacuate Collection Set: 0.56ms
[2026-04-03T01:42:26.819+0600][88.617s][info][gc,phases      ] GC(337)   Other: 0.17ms
[2026-04-03T01:42:26.819+0600][88.617s][info][gc,heap        ] GC(337) Eden regions: 18->0(312)
[2026-04-03T01:42:26.819+0600][88.617s][info][gc,heap        ] GC(337) Survivor regions: 4->3(40)
[2026-04-03T01:42:26.819+0600][88.617s][info][gc,heap        ] GC(337) Old regions: 45->45
[2026-04-03T01:42:26.819+0600][88.617s][info][gc,heap        ] GC(337) Humongous regions: 18->3
[2026-04-03T01:42:26.819+0600][88.617s][info][gc,metaspace   ] GC(337) Metaspace: 132090K(133568K)->132090K(133568K) NonClass: 115474K(116224K)->115474K(116224K) Class: 16615K(17344K)->16615K(17344K)
[2026-04-03T01:42:26.819+0600][88.617s][info][gc             ] GC(337) Pause Young (Concurrent Start) (G1 Humongous Allocation) 164M->99M(1050M) 2.903ms
[2026-04-03T01:42:26.819+0600][88.617s][info][gc             ] GC(338) Concurrent Undo Cycle
[2026-04-03T01:42:26.819+0600][88.617s][info][gc,cpu         ] GC(337) User=0.02s Sys=0.01s Real=0.00s
[2026-04-03T01:42:26.819+0600][88.617s][info][gc,marking     ] GC(338) Concurrent Clear Claimed Marks
[2026-04-03T01:42:26.819+0600][88.617s][info][gc,marking     ] GC(338) Concurrent Clear Claimed Marks 0.361ms
[2026-04-03T01:42:26.819+0600][88.617s][info][gc,marking     ] GC(338) Concurrent Cleanup for Next Mark
[2026-04-03T01:42:26.819+0600][88.618s][info][gc,marking     ] GC(338) Concurrent Cleanup for Next Mark 0.234ms
[2026-04-03T01:42:26.819+0600][88.618s][info][gc             ] GC(338) Concurrent Undo Cycle 0.838ms
[2026-04-03T01:42:26.907+0600][88.705s][info][gc,start       ] GC(339) Pause Young (Concurrent Start) (G1 Humongous Allocation)
[2026-04-03T01:42:26.907+0600][88.705s][info][gc,task        ] GC(339) Using 10 workers of 10 for evacuation
[2026-04-03T01:42:26.910+0600][88.708s][info][gc,phases      ] GC(339)   Pre Evacuate Collection Set: 0.36ms
[2026-04-03T01:42:26.910+0600][88.708s][info][gc,phases      ] GC(339)   Merge Heap Roots: 0.11ms
[2026-04-03T01:42:26.910+0600][88.708s][info][gc,phases      ] GC(339)   Evacuate Collection Set: 1.81ms
[2026-04-03T01:42:26.910+0600][88.708s][info][gc,phases      ] GC(339)   Post Evacuate Collection Set: 0.43ms
[2026-04-03T01:42:26.910+0600][88.708s][info][gc,phases      ] GC(339)   Other: 0.10ms
[2026-04-03T01:42:26.910+0600][88.708s][info][gc,heap        ] GC(339) Eden regions: 36->0(311)
[2026-04-03T01:42:26.910+0600][88.708s][info][gc,heap        ] GC(339) Survivor regions: 3->4(40)
[2026-04-03T01:42:26.910+0600][88.708s][info][gc,heap        ] GC(339) Old regions: 45->45
[2026-04-03T01:42:26.910+0600][88.708s][info][gc,heap        ] GC(339) Humongous regions: 22->3
[2026-04-03T01:42:26.910+0600][88.708s][info][gc,metaspace   ] GC(339) Metaspace: 132091K(133568K)->132091K(133568K) NonClass: 115475K(116224K)->115475K(116224K) Class: 16615K(17344K)->16615K(17344K)
[2026-04-03T01:42:26.910+0600][88.708s][info][gc             ] GC(339) Pause Young (Concurrent Start) (G1 Humongous Allocation) 208M->100M(1050M) 3.123ms
[2026-04-03T01:42:26.910+0600][88.708s][info][gc             ] GC(340) Concurrent Undo Cycle
[2026-04-03T01:42:26.910+0600][88.708s][info][gc,cpu         ] GC(339) User=0.02s Sys=0.00s Real=0.01s
[2026-04-03T01:42:26.910+0600][88.708s][info][gc,marking     ] GC(340) Concurrent Clear Claimed Marks
[2026-04-03T01:42:26.910+0600][88.708s][info][gc,marking     ] GC(340) Concurrent Clear Claimed Marks 0.260ms
[2026-04-03T01:42:26.910+0600][88.708s][info][gc,marking     ] GC(340) Concurrent Cleanup for Next Mark
[2026-04-03T01:42:26.911+0600][88.709s][info][gc,marking     ] GC(340) Concurrent Cleanup for Next Mark 0.272ms
[2026-04-03T01:42:26.911+0600][88.709s][info][gc             ] GC(340) Concurrent Undo Cycle 0.692ms
[2026-04-03T01:42:27.097+0600][88.895s][info][gc,start       ] GC(341) Pause Young (Concurrent Start) (G1 Humongous Allocation)
[2026-04-03T01:42:27.097+0600][88.896s][info][gc,task        ] GC(341) Using 10 workers of 10 for evacuation
[2026-04-03T01:42:27.101+0600][88.899s][info][gc,phases      ] GC(341)   Pre Evacuate Collection Set: 0.55ms
[2026-04-03T01:42:27.101+0600][88.899s][info][gc,phases      ] GC(341)   Merge Heap Roots: 0.22ms
[2026-04-03T01:42:27.101+0600][88.899s][info][gc,phases      ] GC(341)   Evacuate Collection Set: 1.74ms
[2026-04-03T01:42:27.101+0600][88.899s][info][gc,phases      ] GC(341)   Post Evacuate Collection Set: 0.51ms
[2026-04-03T01:42:27.101+0600][88.899s][info][gc,phases      ] GC(341)   Other: 0.19ms
[2026-04-03T01:42:27.101+0600][88.899s][info][gc,heap        ] GC(341) Eden regions: 99->0(312)
[2026-04-03T01:42:27.101+0600][88.899s][info][gc,heap        ] GC(341) Survivor regions: 4->3(40)
[2026-04-03T01:42:27.101+0600][88.899s][info][gc,heap        ] GC(341) Old regions: 45->45
[2026-04-03T01:42:27.101+0600][88.899s][info][gc,heap        ] GC(341) Humongous regions: 26->3
[2026-04-03T01:42:27.101+0600][88.899s][info][gc,metaspace   ] GC(341) Metaspace: 132092K(133568K)->132092K(133568K) NonClass: 115476K(116224K)->115476K(116224K) Class: 16615K(17344K)->16615K(17344K)
[2026-04-03T01:42:27.101+0600][88.899s][info][gc             ] GC(341) Pause Young (Concurrent Start) (G1 Humongous Allocation) 344M->99M(1050M) 3.497ms
[2026-04-03T01:42:27.101+0600][88.899s][info][gc             ] GC(342) Concurrent Undo Cycle
[2026-04-03T01:42:27.101+0600][88.899s][info][gc,cpu         ] GC(341) User=0.02s Sys=0.01s Real=0.01s
[2026-04-03T01:42:27.101+0600][88.899s][info][gc,marking     ] GC(342) Concurrent Clear Claimed Marks
[2026-04-03T01:42:27.101+0600][88.899s][info][gc,marking     ] GC(342) Concurrent Clear Claimed Marks 0.255ms
[2026-04-03T01:42:27.101+0600][88.899s][info][gc,marking     ] GC(342) Concurrent Cleanup for Next Mark
[2026-04-03T01:42:27.101+0600][88.900s][info][gc,marking     ] GC(342) Concurrent Cleanup for Next Mark 0.254ms
[2026-04-03T01:42:27.101+0600][88.900s][info][gc             ] GC(342) Concurrent Undo Cycle 0.639ms
[2026-04-03T01:42:27.190+0600][88.988s][info][gc,start       ] GC(343) Pause Young (Concurrent Start) (G1 Humongous Allocation)
[2026-04-03T01:42:27.190+0600][88.988s][info][gc,task        ] GC(343) Using 10 workers of 10 for evacuation
[2026-04-03T01:42:27.193+0600][88.991s][info][gc,phases      ] GC(343)   Pre Evacuate Collection Set: 0.37ms
[2026-04-03T01:42:27.193+0600][88.991s][info][gc,phases      ] GC(343)   Merge Heap Roots: 0.11ms
[2026-04-03T01:42:27.193+0600][88.991s][info][gc,phases      ] GC(343)   Evacuate Collection Set: 1.85ms
[2026-04-03T01:42:27.193+0600][88.991s][info][gc,phases      ] GC(343)   Post Evacuate Collection Set: 0.51ms
[2026-04-03T01:42:27.193+0600][88.991s][info][gc,phases      ] GC(343)   Other: 0.17ms
[2026-04-03T01:42:27.193+0600][88.991s][info][gc,heap        ] GC(343) Eden regions: 23->0(311)
[2026-04-03T01:42:27.193+0600][88.991s][info][gc,heap        ] GC(343) Survivor regions: 3->4(40)
[2026-04-03T01:42:27.193+0600][88.991s][info][gc,heap        ] GC(343) Old regions: 45->45
[2026-04-03T01:42:27.193+0600][88.991s][info][gc,heap        ] GC(343) Humongous regions: 28->9
[2026-04-03T01:42:27.193+0600][88.991s][info][gc,metaspace   ] GC(343) Metaspace: 132093K(133568K)->132093K(133568K) NonClass: 115477K(116224K)->115477K(116224K) Class: 16615K(17344K)->16615K(17344K)
[2026-04-03T01:42:27.193+0600][88.991s][info][gc             ] GC(343) Pause Young (Concurrent Start) (G1 Humongous Allocation) 194M->112M(1050M) 3.323ms
[2026-04-03T01:42:27.193+0600][88.991s][info][gc             ] GC(344) Concurrent Undo Cycle
[2026-04-03T01:42:27.193+0600][88.991s][info][gc,cpu         ] GC(343) User=0.01s Sys=0.01s Real=0.01s
[2026-04-03T01:42:27.193+0600][88.991s][info][gc,marking     ] GC(344) Concurrent Clear Claimed Marks
[2026-04-03T01:42:27.193+0600][88.991s][info][gc,marking     ] GC(344) Concurrent Clear Claimed Marks 0.267ms
[2026-04-03T01:42:27.193+0600][88.991s][info][gc,marking     ] GC(344) Concurrent Cleanup for Next Mark
[2026-04-03T01:42:27.194+0600][88.992s][info][gc,marking     ] GC(344) Concurrent Cleanup for Next Mark 0.378ms
[2026-04-03T01:42:27.194+0600][88.992s][info][gc             ] GC(344) Concurrent Undo Cycle 0.835ms
[2026-04-03T01:42:27.196+0600][88.994s][info][gc,start       ] GC(345) Pause Young (Concurrent Start) (G1 Humongous Allocation)
[2026-04-03T01:42:27.196+0600][88.994s][info][gc,task        ] GC(345) Using 10 workers of 10 for evacuation
[2026-04-03T01:42:27.199+0600][88.997s][info][gc,phases      ] GC(345)   Pre Evacuate Collection Set: 0.45ms
[2026-04-03T01:42:27.199+0600][88.997s][info][gc,phases      ] GC(345)   Merge Heap Roots: 0.09ms
[2026-04-03T01:42:27.199+0600][88.997s][info][gc,phases      ] GC(345)   Evacuate Collection Set: 1.88ms
[2026-04-03T01:42:27.199+0600][88.997s][info][gc,phases      ] GC(345)   Post Evacuate Collection Set: 0.46ms
[2026-04-03T01:42:27.199+0600][88.997s][info][gc,phases      ] GC(345)   Other: 0.10ms
[2026-04-03T01:42:27.199+0600][88.997s][info][gc,heap        ] GC(345) Eden regions: 3->0(311)
[2026-04-03T01:42:27.199+0600][88.997s][info][gc,heap        ] GC(345) Survivor regions: 4->4(40)
[2026-04-03T01:42:27.199+0600][88.997s][info][gc,heap        ] GC(345) Old regions: 45->45
[2026-04-03T01:42:27.199+0600][88.997s][info][gc,heap        ] GC(345) Humongous regions: 27->6
[2026-04-03T01:42:27.199+0600][88.997s][info][gc,metaspace   ] GC(345) Metaspace: 132093K(133568K)->132093K(133568K) NonClass: 115477K(116224K)->115477K(116224K) Class: 16615K(17344K)->16615K(17344K)
[2026-04-03T01:42:27.199+0600][88.997s][info][gc             ] GC(345) Pause Young (Concurrent Start) (G1 Humongous Allocation) 153M->107M(1050M) 3.242ms
[2026-04-03T01:42:27.199+0600][88.997s][info][gc             ] GC(346) Concurrent Undo Cycle
[2026-04-03T01:42:27.199+0600][88.998s][info][gc,cpu         ] GC(345) User=0.02s Sys=0.00s Real=0.00s
[2026-04-03T01:42:27.199+0600][88.998s][info][gc,marking     ] GC(346) Concurrent Clear Claimed Marks
[2026-04-03T01:42:27.200+0600][88.998s][info][gc,marking     ] GC(346) Concurrent Clear Claimed Marks 0.267ms
[2026-04-03T01:42:27.200+0600][88.998s][info][gc,marking     ] GC(346) Concurrent Cleanup for Next Mark
[2026-04-03T01:42:27.200+0600][88.999s][info][gc,marking     ] GC(346) Concurrent Cleanup for Next Mark 0.716ms
[2026-04-03T01:42:27.200+0600][88.999s][info][gc             ] GC(346) Concurrent Undo Cycle 1.184ms
[2026-04-03T01:42:27.203+0600][89.001s][info][gc,start       ] GC(347) Pause Young (Concurrent Start) (G1 Humongous Allocation)
[2026-04-03T01:42:27.203+0600][89.001s][info][gc,task        ] GC(347) Using 10 workers of 10 for evacuation
[2026-04-03T01:42:27.206+0600][89.004s][info][gc,phases      ] GC(347)   Pre Evacuate Collection Set: 0.52ms
[2026-04-03T01:42:27.206+0600][89.004s][info][gc,phases      ] GC(347)   Merge Heap Roots: 0.10ms
[2026-04-03T01:42:27.206+0600][89.004s][info][gc,phases      ] GC(347)   Evacuate Collection Set: 1.78ms
[2026-04-03T01:42:27.206+0600][89.004s][info][gc,phases      ] GC(347)   Post Evacuate Collection Set: 0.52ms
[2026-04-03T01:42:27.206+0600][89.004s][info][gc,phases      ] GC(347)   Other: 0.23ms
[2026-04-03T01:42:27.206+0600][89.004s][info][gc,heap        ] GC(347) Eden regions: 3->0(311)
[2026-04-03T01:42:27.206+0600][89.004s][info][gc,heap        ] GC(347) Survivor regions: 4->4(40)
[2026-04-03T01:42:27.206+0600][89.004s][info][gc,heap        ] GC(347) Old regions: 45->45
[2026-04-03T01:42:27.206+0600][89.004s][info][gc,heap        ] GC(347) Humongous regions: 30->9
[2026-04-03T01:42:27.206+0600][89.005s][info][gc,metaspace   ] GC(347) Metaspace: 132093K(133568K)->132093K(133568K) NonClass: 115477K(116224K)->115477K(116224K) Class: 16615K(17344K)->16615K(17344K)
[2026-04-03T01:42:27.206+0600][89.005s][info][gc             ] GC(347) Pause Young (Concurrent Start) (G1 Humongous Allocation) 159M->113M(1050M) 3.484ms
[2026-04-03T01:42:27.207+0600][89.005s][info][gc,cpu         ] GC(347) User=0.02s Sys=0.00s Real=0.00s
[2026-04-03T01:42:27.207+0600][89.005s][info][gc             ] GC(348) Concurrent Undo Cycle
[2026-04-03T01:42:27.207+0600][89.005s][info][gc,marking     ] GC(348) Concurrent Clear Claimed Marks
[2026-04-03T01:42:27.207+0600][89.005s][info][gc,marking     ] GC(348) Concurrent Clear Claimed Marks 0.321ms
[2026-04-03T01:42:27.207+0600][89.005s][info][gc,marking     ] GC(348) Concurrent Cleanup for Next Mark
[2026-04-03T01:42:27.207+0600][89.006s][info][gc,marking     ] GC(348) Concurrent Cleanup for Next Mark 0.418ms
[2026-04-03T01:42:27.207+0600][89.006s][info][gc             ] GC(348) Concurrent Undo Cycle 0.924ms
[2026-04-03T01:42:27.208+0600][89.006s][info][gc,start       ] GC(349) Pause Young (Concurrent Start) (G1 Humongous Allocation)
[2026-04-03T01:42:27.208+0600][89.006s][info][gc,task        ] GC(349) Using 10 workers of 10 for evacuation
[2026-04-03T01:42:27.215+0600][89.013s][info][gc,phases      ] GC(349)   Pre Evacuate Collection Set: 0.31ms
[2026-04-03T01:42:27.215+0600][89.013s][info][gc,phases      ] GC(349)   Merge Heap Roots: 0.09ms
[2026-04-03T01:42:27.215+0600][89.013s][info][gc,phases      ] GC(349)   Evacuate Collection Set: 2.07ms
[2026-04-03T01:42:27.215+0600][89.013s][info][gc,phases      ] GC(349)   Post Evacuate Collection Set: 4.30ms
[2026-04-03T01:42:27.215+0600][89.013s][info][gc,phases      ] GC(349)   Other: 0.17ms
[2026-04-03T01:42:27.215+0600][89.013s][info][gc,heap        ] GC(349) Eden regions: 2->0(597)
[2026-04-03T01:42:27.215+0600][89.013s][info][gc,heap        ] GC(349) Survivor regions: 4->4(40)
[2026-04-03T01:42:27.215+0600][89.013s][info][gc,heap        ] GC(349) Old regions: 45->45
[2026-04-03T01:42:27.215+0600][89.013s][info][gc,heap        ] GC(349) Humongous regions: 15->9
[2026-04-03T01:42:27.215+0600][89.013s][info][gc,metaspace   ] GC(349) Metaspace: 132093K(133568K)->132093K(133568K) NonClass: 115477K(116224K)->115477K(116224K) Class: 16615K(17344K)->16615K(17344K)
[2026-04-03T01:42:27.215+0600][89.013s][info][gc             ] GC(349) Pause Young (Concurrent Start) (G1 Humongous Allocation) 128M->114M(2004M) 7.185ms
[2026-04-03T01:42:27.215+0600][89.013s][info][gc,cpu         ] GC(349) User=0.02s Sys=0.00s Real=0.01s
[2026-04-03T01:42:27.215+0600][89.013s][info][gc             ] GC(350) Concurrent Undo Cycle
[2026-04-03T01:42:27.215+0600][89.013s][info][gc,marking     ] GC(350) Concurrent Clear Claimed Marks
[2026-04-03T01:42:27.216+0600][89.014s][info][gc,marking     ] GC(350) Concurrent Clear Claimed Marks 0.260ms
[2026-04-03T01:42:27.216+0600][89.014s][info][gc,marking     ] GC(350) Concurrent Cleanup for Next Mark
[2026-04-03T01:42:27.216+0600][89.014s][info][gc,marking     ] GC(350) Concurrent Cleanup for Next Mark 0.773ms
[2026-04-03T01:42:27.216+0600][89.015s][info][gc             ] GC(350) Concurrent Undo Cycle 1.212ms
[2026-04-03T01:42:27.231+0600][89.029s][info][gc,start       ] GC(351) Pause Young (Concurrent Start) (G1 Humongous Allocation)
[2026-04-03T01:42:27.231+0600][89.029s][info][gc,task        ] GC(351) Using 10 workers of 10 for evacuation
[2026-04-03T01:42:27.236+0600][89.034s][info][gc,phases      ] GC(351)   Pre Evacuate Collection Set: 0.60ms
[2026-04-03T01:42:27.236+0600][89.034s][info][gc,phases      ] GC(351)   Merge Heap Roots: 0.15ms
[2026-04-03T01:42:27.236+0600][89.034s][info][gc,phases      ] GC(351)   Evacuate Collection Set: 3.39ms
[2026-04-03T01:42:27.236+0600][89.034s][info][gc,phases      ] GC(351)   Post Evacuate Collection Set: 0.63ms
[2026-04-03T01:42:27.236+0600][89.034s][info][gc,phases      ] GC(351)   Other: 0.12ms
[2026-04-03T01:42:27.236+0600][89.034s][info][gc,heap        ] GC(351) Eden regions: 10->0(559)
[2026-04-03T01:42:27.236+0600][89.034s][info][gc,heap        ] GC(351) Survivor regions: 4->4(76)
[2026-04-03T01:42:27.236+0600][89.034s][info][gc,heap        ] GC(351) Old regions: 45->45
[2026-04-03T01:42:27.236+0600][89.034s][info][gc,heap        ] GC(351) Humongous regions: 126->3
[2026-04-03T01:42:27.236+0600][89.034s][info][gc,metaspace   ] GC(351) Metaspace: 132093K(133568K)->132093K(133568K) NonClass: 115477K(116224K)->115477K(116224K) Class: 16615K(17344K)->16615K(17344K)
[2026-04-03T01:42:27.236+0600][89.034s][info][gc             ] GC(351) Pause Young (Concurrent Start) (G1 Humongous Allocation) 366M->102M(2004M) 5.201ms
[2026-04-03T01:42:27.236+0600][89.034s][info][gc             ] GC(352) Concurrent Undo Cycle
[2026-04-03T01:42:27.236+0600][89.034s][info][gc,marking     ] GC(352) Concurrent Clear Claimed Marks
[2026-04-03T01:42:27.236+0600][89.034s][info][gc,cpu         ] GC(351) User=0.01s Sys=0.03s Real=0.00s
[2026-04-03T01:42:27.236+0600][89.035s][info][gc,marking     ] GC(352) Concurrent Clear Claimed Marks 0.359ms
[2026-04-03T01:42:27.236+0600][89.035s][info][gc,marking     ] GC(352) Concurrent Cleanup for Next Mark
[2026-04-03T01:42:27.237+0600][89.035s][info][gc,marking     ] GC(352) Concurrent Cleanup for Next Mark 0.309ms
[2026-04-03T01:42:27.237+0600][89.035s][info][gc             ] GC(352) Concurrent Undo Cycle 1.095ms
[2026-04-03T01:42:27.314+0600][89.112s][info][gc,start       ] GC(353) Pause Young (Concurrent Start) (G1 Humongous Allocation)
[2026-04-03T01:42:27.314+0600][89.112s][info][gc,task        ] GC(353) Using 10 workers of 10 for evacuation
[2026-04-03T01:42:27.319+0600][89.117s][info][gc,phases      ] GC(353)   Pre Evacuate Collection Set: 0.76ms
[2026-04-03T01:42:27.319+0600][89.117s][info][gc,phases      ] GC(353)   Merge Heap Roots: 0.25ms
[2026-04-03T01:42:27.319+0600][89.117s][info][gc,phases      ] GC(353)   Evacuate Collection Set: 2.24ms
[2026-04-03T01:42:27.319+0600][89.117s][info][gc,phases      ] GC(353)   Post Evacuate Collection Set: 1.13ms
[2026-04-03T01:42:27.319+0600][89.117s][info][gc,phases      ] GC(353)   Other: 0.19ms
[2026-04-03T01:42:27.319+0600][89.117s][info][gc,heap        ] GC(353) Eden regions: 30->0(597)
[2026-04-03T01:42:27.319+0600][89.117s][info][gc,heap        ] GC(353) Survivor regions: 4->4(71)
[2026-04-03T01:42:27.319+0600][89.117s][info][gc,heap        ] GC(353) Old regions: 45->45
[2026-04-03T01:42:27.319+0600][89.117s][info][gc,heap        ] GC(353) Humongous regions: 168->6
[2026-04-03T01:42:27.319+0600][89.117s][info][gc,metaspace   ] GC(353) Metaspace: 132094K(133568K)->132094K(133568K) NonClass: 115478K(116224K)->115478K(116224K) Class: 16615K(17344K)->16615K(17344K)
[2026-04-03T01:42:27.319+0600][89.117s][info][gc             ] GC(353) Pause Young (Concurrent Start) (G1 Humongous Allocation) 491M->106M(2004M) 4.949ms
[2026-04-03T01:42:27.319+0600][89.117s][info][gc             ] GC(354) Concurrent Undo Cycle
[2026-04-03T01:42:27.319+0600][89.117s][info][gc,cpu         ] GC(353) User=0.02s Sys=0.01s Real=0.00s
[2026-04-03T01:42:27.319+0600][89.117s][info][gc,marking     ] GC(354) Concurrent Clear Claimed Marks
[2026-04-03T01:42:27.319+0600][89.117s][info][gc,marking     ] GC(354) Concurrent Clear Claimed Marks 0.276ms
[2026-04-03T01:42:27.319+0600][89.117s][info][gc,marking     ] GC(354) Concurrent Cleanup for Next Mark
[2026-04-03T01:42:27.320+0600][89.118s][info][gc,marking     ] GC(354) Concurrent Cleanup for Next Mark 0.840ms
[2026-04-03T01:42:27.320+0600][89.118s][info][gc             ] GC(354) Concurrent Undo Cycle 1.350ms
[2026-04-03T01:42:27.877+0600][89.676s][info][gc,start       ] GC(355) Pause Young (Concurrent Start) (G1 Humongous Allocation)
[2026-04-03T01:42:27.878+0600][89.676s][info][gc,task        ] GC(355) Using 10 workers of 10 for evacuation
[2026-04-03T01:42:27.881+0600][89.679s][info][gc,phases      ] GC(355)   Pre Evacuate Collection Set: 0.42ms
[2026-04-03T01:42:27.881+0600][89.679s][info][gc,phases      ] GC(355)   Merge Heap Roots: 0.16ms
[2026-04-03T01:42:27.881+0600][89.679s][info][gc,phases      ] GC(355)   Evacuate Collection Set: 2.32ms
[2026-04-03T01:42:27.881+0600][89.679s][info][gc,phases      ] GC(355)   Post Evacuate Collection Set: 0.64ms
[2026-04-03T01:42:27.881+0600][89.679s][info][gc,phases      ] GC(355)   Other: 0.13ms
[2026-04-03T01:42:27.881+0600][89.680s][info][gc,heap        ] GC(355) Eden regions: 139->0(598)
[2026-04-03T01:42:27.881+0600][89.680s][info][gc,heap        ] GC(355) Survivor regions: 4->3(76)
[2026-04-03T01:42:27.881+0600][89.680s][info][gc,heap        ] GC(355) Old regions: 45->45
[2026-04-03T01:42:27.881+0600][89.680s][info][gc,heap        ] GC(355) Humongous regions: 135->3
[2026-04-03T01:42:27.881+0600][89.680s][info][gc,metaspace   ] GC(355) Metaspace: 132097K(133568K)->132097K(133568K) NonClass: 115481K(116224K)->115481K(116224K) Class: 16615K(17344K)->16615K(17344K)
[2026-04-03T01:42:27.881+0600][89.680s][info][gc             ] GC(355) Pause Young (Concurrent Start) (G1 Humongous Allocation) 642M->99M(2004M) 3.979ms
[2026-04-03T01:42:27.881+0600][89.680s][info][gc             ] GC(356) Concurrent Undo Cycle
[2026-04-03T01:42:27.882+0600][89.680s][info][gc,cpu         ] GC(355) User=0.02s Sys=0.01s Real=0.01s
[2026-04-03T01:42:27.882+0600][89.680s][info][gc,marking     ] GC(356) Concurrent Clear Claimed Marks
[2026-04-03T01:42:27.882+0600][89.680s][info][gc,marking     ] GC(356) Concurrent Clear Claimed Marks 0.305ms
[2026-04-03T01:42:27.882+0600][89.680s][info][gc,marking     ] GC(356) Concurrent Cleanup for Next Mark
[2026-04-03T01:42:27.882+0600][89.680s][info][gc,marking     ] GC(356) Concurrent Cleanup for Next Mark 0.303ms
[2026-04-03T01:42:27.882+0600][89.680s][info][gc             ] GC(356) Concurrent Undo Cycle 0.801ms
[2026-04-03T01:42:28.320+0600][90.118s][info][gc,start       ] GC(357) Pause Young (Concurrent Start) (G1 Humongous Allocation)
[2026-04-03T01:42:28.320+0600][90.118s][info][gc,task        ] GC(357) Using 10 workers of 10 for evacuation
[2026-04-03T01:42:28.326+0600][90.125s][info][gc,phases      ] GC(357)   Pre Evacuate Collection Set: 0.63ms
[2026-04-03T01:42:28.326+0600][90.125s][info][gc,phases      ] GC(357)   Merge Heap Roots: 0.19ms
[2026-04-03T01:42:28.326+0600][90.125s][info][gc,phases      ] GC(357)   Evacuate Collection Set: 4.10ms
[2026-04-03T01:42:28.326+0600][90.125s][info][gc,phases      ] GC(357)   Post Evacuate Collection Set: 1.04ms
[2026-04-03T01:42:28.326+0600][90.125s][info][gc,phases      ] GC(357)   Other: 0.17ms
[2026-04-03T01:42:28.327+0600][90.125s][info][gc,heap        ] GC(357) Eden regions: 169->0(597)
[2026-04-03T01:42:28.327+0600][90.125s][info][gc,heap        ] GC(357) Survivor regions: 3->4(76)
[2026-04-03T01:42:28.327+0600][90.125s][info][gc,heap        ] GC(357) Old regions: 45->45
[2026-04-03T01:42:28.327+0600][90.125s][info][gc,heap        ] GC(357) Humongous regions: 141->3
[2026-04-03T01:42:28.327+0600][90.125s][info][gc,metaspace   ] GC(357) Metaspace: 132097K(133568K)->132097K(133568K) NonClass: 115481K(116224K)->115481K(116224K) Class: 16615K(17344K)->16615K(17344K)
[2026-04-03T01:42:28.327+0600][90.125s][info][gc             ] GC(357) Pause Young (Concurrent Start) (G1 Humongous Allocation) 712M->101M(2004M) 6.541ms
[2026-04-03T01:42:28.327+0600][90.125s][info][gc             ] GC(358) Concurrent Undo Cycle
[2026-04-03T01:42:28.327+0600][90.125s][info][gc,cpu         ] GC(357) User=0.05s Sys=0.01s Real=0.00s
[2026-04-03T01:42:28.327+0600][90.125s][info][gc,marking     ] GC(358) Concurrent Clear Claimed Marks
[2026-04-03T01:42:28.327+0600][90.125s][info][gc,marking     ] GC(358) Concurrent Clear Claimed Marks 0.364ms
[2026-04-03T01:42:28.327+0600][90.125s][info][gc,marking     ] GC(358) Concurrent Cleanup for Next Mark
[2026-04-03T01:42:28.328+0600][90.126s][info][gc,marking     ] GC(358) Concurrent Cleanup for Next Mark 0.366ms
[2026-04-03T01:42:28.328+0600][90.126s][info][gc             ] GC(358) Concurrent Undo Cycle 0.949ms
[2026-04-03T01:42:29.057+0600][90.855s][info][gc,start       ] GC(359) Pause Young (Concurrent Start) (G1 Humongous Allocation)
[2026-04-03T01:42:29.057+0600][90.855s][info][gc,task        ] GC(359) Using 10 workers of 10 for evacuation
[2026-04-03T01:42:29.061+0600][90.859s][info][gc,phases      ] GC(359)   Pre Evacuate Collection Set: 0.65ms
[2026-04-03T01:42:29.061+0600][90.860s][info][gc,phases      ] GC(359)   Merge Heap Roots: 0.22ms
[2026-04-03T01:42:29.061+0600][90.860s][info][gc,phases      ] GC(359)   Evacuate Collection Set: 2.25ms
[2026-04-03T01:42:29.061+0600][90.860s][info][gc,phases      ] GC(359)   Post Evacuate Collection Set: 0.88ms
[2026-04-03T01:42:29.061+0600][90.860s][info][gc,phases      ] GC(359)   Other: 0.28ms
[2026-04-03T01:42:29.061+0600][90.860s][info][gc,heap        ] GC(359) Eden regions: 262->0(597)
[2026-04-03T01:42:29.061+0600][90.860s][info][gc,heap        ] GC(359) Survivor regions: 4->4(76)
[2026-04-03T01:42:29.061+0600][90.860s][info][gc,heap        ] GC(359) Old regions: 45->45
[2026-04-03T01:42:29.061+0600][90.860s][info][gc,heap        ] GC(359) Humongous regions: 146->3
[2026-04-03T01:42:29.061+0600][90.860s][info][gc,metaspace   ] GC(359) Metaspace: 132103K(133568K)->132103K(133568K) NonClass: 115487K(116224K)->115487K(116224K) Class: 16615K(17344K)->16615K(17344K)
[2026-04-03T01:42:29.061+0600][90.860s][info][gc             ] GC(359) Pause Young (Concurrent Start) (G1 Humongous Allocation) 911M->100M(2004M) 4.523ms
[2026-04-03T01:42:29.061+0600][90.860s][info][gc             ] GC(360) Concurrent Undo Cycle
[2026-04-03T01:42:29.062+0600][90.860s][info][gc,cpu         ] GC(359) User=0.02s Sys=0.01s Real=0.01s
[2026-04-03T01:42:29.062+0600][90.860s][info][gc,marking     ] GC(360) Concurrent Clear Claimed Marks
[2026-04-03T01:42:29.062+0600][90.860s][info][gc,marking     ] GC(360) Concurrent Clear Claimed Marks 0.247ms
[2026-04-03T01:42:29.062+0600][90.860s][info][gc,marking     ] GC(360) Concurrent Cleanup for Next Mark
[2026-04-03T01:42:29.062+0600][90.860s][info][gc,marking     ] GC(360) Concurrent Cleanup for Next Mark 0.375ms
[2026-04-03T01:42:29.062+0600][90.860s][info][gc             ] GC(360) Concurrent Undo Cycle 0.769ms
[2026-04-03T01:42:29.151+0600][90.949s][info][gc,start       ] GC(361) Pause Young (Concurrent Start) (G1 Humongous Allocation)
[2026-04-03T01:42:29.151+0600][90.949s][info][gc,task        ] GC(361) Using 10 workers of 10 for evacuation
[2026-04-03T01:42:29.155+0600][90.953s][info][gc,phases      ] GC(361)   Pre Evacuate Collection Set: 0.52ms
[2026-04-03T01:42:29.155+0600][90.953s][info][gc,phases      ] GC(361)   Merge Heap Roots: 0.21ms
[2026-04-03T01:42:29.155+0600][90.953s][info][gc,phases      ] GC(361)   Evacuate Collection Set: 1.70ms
[2026-04-03T01:42:29.155+0600][90.953s][info][gc,phases      ] GC(361)   Post Evacuate Collection Set: 0.63ms
[2026-04-03T01:42:29.155+0600][90.953s][info][gc,phases      ] GC(361)   Other: 0.31ms
[2026-04-03T01:42:29.155+0600][90.953s][info][gc,heap        ] GC(361) Eden regions: 30->0(598)
[2026-04-03T01:42:29.155+0600][90.953s][info][gc,heap        ] GC(361) Survivor regions: 4->3(76)
[2026-04-03T01:42:29.155+0600][90.953s][info][gc,heap        ] GC(361) Old regions: 45->45
[2026-04-03T01:42:29.155+0600][90.953s][info][gc,heap        ] GC(361) Humongous regions: 150->9
[2026-04-03T01:42:29.155+0600][90.953s][info][gc,metaspace   ] GC(361) Metaspace: 132105K(133568K)->132105K(133568K) NonClass: 115489K(116224K)->115489K(116224K) Class: 16615K(17344K)->16615K(17344K)
[2026-04-03T01:42:29.155+0600][90.953s][info][gc             ] GC(361) Pause Young (Concurrent Start) (G1 Humongous Allocation) 454M->111M(2004M) 3.822ms
[2026-04-03T01:42:29.155+0600][90.953s][info][gc             ] GC(362) Concurrent Undo Cycle
[2026-04-03T01:42:29.155+0600][90.953s][info][gc,cpu         ] GC(361) User=0.03s Sys=0.00s Real=0.00s
[2026-04-03T01:42:29.155+0600][90.953s][info][gc,marking     ] GC(362) Concurrent Clear Claimed Marks
[2026-04-03T01:42:29.155+0600][90.954s][info][gc,marking     ] GC(362) Concurrent Clear Claimed Marks 0.289ms
[2026-04-03T01:42:29.155+0600][90.954s][info][gc,marking     ] GC(362) Concurrent Cleanup for Next Mark
[2026-04-03T01:42:29.156+0600][90.954s][info][gc,marking     ] GC(362) Concurrent Cleanup for Next Mark 0.323ms
[2026-04-03T01:42:29.156+0600][90.954s][info][gc             ] GC(362) Concurrent Undo Cycle 0.811ms
[2026-04-03T01:42:29.220+0600][91.019s][info][gc,start       ] GC(363) Pause Young (Concurrent Start) (G1 Humongous Allocation)
[2026-04-03T01:42:29.220+0600][91.019s][info][gc,task        ] GC(363) Using 10 workers of 10 for evacuation
[2026-04-03T01:42:29.224+0600][91.022s][info][gc,phases      ] GC(363)   Pre Evacuate Collection Set: 0.66ms
[2026-04-03T01:42:29.224+0600][91.022s][info][gc,phases      ] GC(363)   Merge Heap Roots: 0.14ms
[2026-04-03T01:42:29.224+0600][91.022s][info][gc,phases      ] GC(363)   Evacuate Collection Set: 1.72ms
[2026-04-03T01:42:29.224+0600][91.022s][info][gc,phases      ] GC(363)   Post Evacuate Collection Set: 0.76ms
[2026-04-03T01:42:29.224+0600][91.022s][info][gc,phases      ] GC(363)   Other: 0.23ms
[2026-04-03T01:42:29.224+0600][91.022s][info][gc,heap        ] GC(363) Eden regions: 29->0(598)
[2026-04-03T01:42:29.224+0600][91.022s][info][gc,heap        ] GC(363) Survivor regions: 3->3(76)
[2026-04-03T01:42:29.224+0600][91.022s][info][gc,heap        ] GC(363) Old regions: 45->45
[2026-04-03T01:42:29.224+0600][91.022s][info][gc,heap        ] GC(363) Humongous regions: 153->6
[2026-04-03T01:42:29.224+0600][91.022s][info][gc,metaspace   ] GC(363) Metaspace: 132105K(133568K)->132105K(133568K) NonClass: 115489K(116224K)->115489K(116224K) Class: 16615K(17344K)->16615K(17344K)
[2026-04-03T01:42:29.224+0600][91.022s][info][gc             ] GC(363) Pause Young (Concurrent Start) (G1 Humongous Allocation) 456M->106M(2004M) 3.779ms
[2026-04-03T01:42:29.224+0600][91.022s][info][gc,cpu         ] GC(363) User=0.02s Sys=0.00s Real=0.00s
[2026-04-03T01:42:29.224+0600][91.022s][info][gc             ] GC(364) Concurrent Undo Cycle
[2026-04-03T01:42:29.224+0600][91.023s][info][gc,marking     ] GC(364) Concurrent Clear Claimed Marks
[2026-04-03T01:42:29.225+0600][91.023s][info][gc,marking     ] GC(364) Concurrent Clear Claimed Marks 0.285ms
[2026-04-03T01:42:29.225+0600][91.023s][info][gc,marking     ] GC(364) Concurrent Cleanup for Next Mark
[2026-04-03T01:42:29.226+0600][91.024s][info][gc,marking     ] GC(364) Concurrent Cleanup for Next Mark 1.030ms
[2026-04-03T01:42:29.226+0600][91.024s][info][gc             ] GC(364) Concurrent Undo Cycle 1.538ms
[2026-04-03T01:42:29.318+0600][91.116s][info][gc,start       ] GC(365) Pause Young (Concurrent Start) (G1 Humongous Allocation)
[2026-04-03T01:42:29.318+0600][91.116s][info][gc,task        ] GC(365) Using 10 workers of 10 for evacuation
[2026-04-03T01:42:29.321+0600][91.119s][info][gc,phases      ] GC(365)   Pre Evacuate Collection Set: 0.40ms
[2026-04-03T01:42:29.321+0600][91.119s][info][gc,phases      ] GC(365)   Merge Heap Roots: 0.18ms
[2026-04-03T01:42:29.321+0600][91.119s][info][gc,phases      ] GC(365)   Evacuate Collection Set: 1.60ms
[2026-04-03T01:42:29.321+0600][91.119s][info][gc,phases      ] GC(365)   Post Evacuate Collection Set: 0.65ms
[2026-04-03T01:42:29.321+0600][91.119s][info][gc,phases      ] GC(365)   Other: 0.14ms
[2026-04-03T01:42:29.321+0600][91.119s][info][gc,heap        ] GC(365) Eden regions: 43->0(599)
[2026-04-03T01:42:29.321+0600][91.119s][info][gc,heap        ] GC(365) Survivor regions: 3->2(76)
[2026-04-03T01:42:29.321+0600][91.119s][info][gc,heap        ] GC(365) Old regions: 45->45
[2026-04-03T01:42:29.321+0600][91.119s][info][gc,heap        ] GC(365) Humongous regions: 158->3
[2026-04-03T01:42:29.321+0600][91.119s][info][gc,metaspace   ] GC(365) Metaspace: 132105K(133568K)->132105K(133568K) NonClass: 115489K(116224K)->115489K(116224K) Class: 16615K(17344K)->16615K(17344K)
[2026-04-03T01:42:29.321+0600][91.120s][info][gc             ] GC(365) Pause Young (Concurrent Start) (G1 Humongous Allocation) 495M->98M(2004M) 3.266ms
[2026-04-03T01:42:29.321+0600][91.120s][info][gc             ] GC(366) Concurrent Undo Cycle
[2026-04-03T01:42:29.321+0600][91.120s][info][gc,cpu         ] GC(365) User=0.02s Sys=0.00s Real=0.01s
[2026-04-03T01:42:29.322+0600][91.120s][info][gc,marking     ] GC(366) Concurrent Clear Claimed Marks
[2026-04-03T01:42:29.322+0600][91.120s][info][gc,marking     ] GC(366) Concurrent Clear Claimed Marks 0.268ms
[2026-04-03T01:42:29.322+0600][91.120s][info][gc,marking     ] GC(366) Concurrent Cleanup for Next Mark
[2026-04-03T01:42:29.322+0600][91.120s][info][gc,marking     ] GC(366) Concurrent Cleanup for Next Mark 0.309ms
[2026-04-03T01:42:29.322+0600][91.120s][info][gc             ] GC(366) Concurrent Undo Cycle 0.722ms
[2026-04-03T01:42:30.028+0600][91.826s][info][gc,start       ] GC(367) Pause Young (Concurrent Start) (G1 Humongous Allocation)
[2026-04-03T01:42:30.028+0600][91.826s][info][gc,task        ] GC(367) Using 10 workers of 10 for evacuation
[2026-04-03T01:42:30.032+0600][91.830s][info][gc,phases      ] GC(367)   Pre Evacuate Collection Set: 0.42ms
[2026-04-03T01:42:30.032+0600][91.831s][info][gc,phases      ] GC(367)   Merge Heap Roots: 0.20ms
[2026-04-03T01:42:30.032+0600][91.831s][info][gc,phases      ] GC(367)   Evacuate Collection Set: 2.57ms
[2026-04-03T01:42:30.032+0600][91.831s][info][gc,phases      ] GC(367)   Post Evacuate Collection Set: 0.91ms
[2026-04-03T01:42:30.032+0600][91.831s][info][gc,phases      ] GC(367)   Other: 0.16ms
[2026-04-03T01:42:30.032+0600][91.831s][info][gc,heap        ] GC(367) Eden regions: 248->0(598)
[2026-04-03T01:42:30.032+0600][91.831s][info][gc,heap        ] GC(367) Survivor regions: 2->3(76)
[2026-04-03T01:42:30.032+0600][91.831s][info][gc,heap        ] GC(367) Old regions: 45->45
[2026-04-03T01:42:30.032+0600][91.831s][info][gc,heap        ] GC(367) Humongous regions: 163->3
[2026-04-03T01:42:30.032+0600][91.831s][info][gc,metaspace   ] GC(367) Metaspace: 132112K(133568K)->132112K(133568K) NonClass: 115496K(116224K)->115496K(116224K) Class: 16615K(17344K)->16615K(17344K)
[2026-04-03T01:42:30.033+0600][91.831s][info][gc             ] GC(367) Pause Young (Concurrent Start) (G1 Humongous Allocation) 913M->100M(2004M) 4.546ms
[2026-04-03T01:42:30.033+0600][91.831s][info][gc             ] GC(368) Concurrent Undo Cycle
[2026-04-03T01:42:30.033+0600][91.831s][info][gc,cpu         ] GC(367) User=0.03s Sys=0.00s Real=0.01s
[2026-04-03T01:42:30.033+0600][91.831s][info][gc,marking     ] GC(368) Concurrent Clear Claimed Marks
[2026-04-03T01:42:30.033+0600][91.831s][info][gc,marking     ] GC(368) Concurrent Clear Claimed Marks 0.337ms
[2026-04-03T01:42:30.033+0600][91.831s][info][gc,marking     ] GC(368) Concurrent Cleanup for Next Mark
[2026-04-03T01:42:30.033+0600][91.832s][info][gc,marking     ] GC(368) Concurrent Cleanup for Next Mark 0.317ms
[2026-04-03T01:42:30.033+0600][91.832s][info][gc             ] GC(368) Concurrent Undo Cycle 0.836ms
[2026-04-03T01:42:30.771+0600][92.570s][info][gc,start       ] GC(369) Pause Young (Concurrent Start) (G1 Humongous Allocation)
[2026-04-03T01:42:30.772+0600][92.570s][info][gc,task        ] GC(369) Using 10 workers of 10 for evacuation
[2026-04-03T01:42:30.776+0600][92.574s][info][gc,phases      ] GC(369)   Pre Evacuate Collection Set: 0.58ms
[2026-04-03T01:42:30.776+0600][92.574s][info][gc,phases      ] GC(369)   Merge Heap Roots: 0.18ms
[2026-04-03T01:42:30.776+0600][92.574s][info][gc,phases      ] GC(369)   Evacuate Collection Set: 2.30ms
[2026-04-03T01:42:30.776+0600][92.574s][info][gc,phases      ] GC(369)   Post Evacuate Collection Set: 1.32ms
[2026-04-03T01:42:30.776+0600][92.574s][info][gc,phases      ] GC(369)   Other: 0.24ms
[2026-04-03T01:42:30.776+0600][92.574s][info][gc,heap        ] GC(369) Eden regions: 298->0(597)
[2026-04-03T01:42:30.776+0600][92.574s][info][gc,heap        ] GC(369) Survivor regions: 3->4(76)
[2026-04-03T01:42:30.776+0600][92.574s][info][gc,heap        ] GC(369) Old regions: 45->45
[2026-04-03T01:42:30.776+0600][92.574s][info][gc,heap        ] GC(369) Humongous regions: 166->3
[2026-04-03T01:42:30.776+0600][92.574s][info][gc,metaspace   ] GC(369) Metaspace: 132116K(133568K)->132116K(133568K) NonClass: 115500K(116224K)->115500K(116224K) Class: 16615K(17344K)->16615K(17344K)
[2026-04-03T01:42:30.776+0600][92.575s][info][gc             ] GC(369) Pause Young (Concurrent Start) (G1 Humongous Allocation) 1021M->101M(2004M) 4.912ms
[2026-04-03T01:42:30.776+0600][92.575s][info][gc,cpu         ] GC(369) User=0.02s Sys=0.01s Real=0.00s
[2026-04-03T01:42:30.776+0600][92.575s][info][gc             ] GC(370) Concurrent Undo Cycle
[2026-04-03T01:42:30.777+0600][92.575s][info][gc,marking     ] GC(370) Concurrent Clear Claimed Marks
[2026-04-03T01:42:30.777+0600][92.575s][info][gc,marking     ] GC(370) Concurrent Clear Claimed Marks 0.475ms
[2026-04-03T01:42:30.777+0600][92.575s][info][gc,marking     ] GC(370) Concurrent Cleanup for Next Mark
[2026-04-03T01:42:30.777+0600][92.576s][info][gc,marking     ] GC(370) Concurrent Cleanup for Next Mark 0.377ms
[2026-04-03T01:42:30.778+0600][92.576s][info][gc             ] GC(370) Concurrent Undo Cycle 1.094ms
[2026-04-03T01:42:30.825+0600][92.623s][info][gc,start       ] GC(371) Pause Young (Concurrent Start) (G1 Humongous Allocation)
[2026-04-03T01:42:30.825+0600][92.624s][info][gc,task        ] GC(371) Using 10 workers of 10 for evacuation
[2026-04-03T01:42:30.829+0600][92.627s][info][gc,phases      ] GC(371)   Pre Evacuate Collection Set: 0.44ms
[2026-04-03T01:42:30.829+0600][92.628s][info][gc,phases      ] GC(371)   Merge Heap Roots: 0.26ms
[2026-04-03T01:42:30.829+0600][92.628s][info][gc,phases      ] GC(371)   Evacuate Collection Set: 2.17ms
[2026-04-03T01:42:30.829+0600][92.628s][info][gc,phases      ] GC(371)   Post Evacuate Collection Set: 0.92ms
[2026-04-03T01:42:30.829+0600][92.628s][info][gc,phases      ] GC(371)   Other: 0.17ms
[2026-04-03T01:42:30.829+0600][92.628s][info][gc,heap        ] GC(371) Eden regions: 23->0(598)
[2026-04-03T01:42:30.829+0600][92.628s][info][gc,heap        ] GC(371) Survivor regions: 4->3(76)
[2026-04-03T01:42:30.829+0600][92.628s][info][gc,heap        ] GC(371) Old regions: 45->45
[2026-04-03T01:42:30.829+0600][92.628s][info][gc,heap        ] GC(371) Humongous regions: 172->9
[2026-04-03T01:42:30.829+0600][92.628s][info][gc,metaspace   ] GC(371) Metaspace: 132117K(133568K)->132117K(133568K) NonClass: 115501K(116224K)->115501K(116224K) Class: 16615K(17344K)->16615K(17344K)
[2026-04-03T01:42:30.830+0600][92.628s][info][gc             ] GC(371) Pause Young (Concurrent Start) (G1 Humongous Allocation) 485M->112M(2004M) 4.282ms
[2026-04-03T01:42:30.830+0600][92.628s][info][gc             ] GC(372) Concurrent Undo Cycle
[2026-04-03T01:42:30.830+0600][92.628s][info][gc,cpu         ] GC(371) User=0.02s Sys=0.00s Real=0.00s
[2026-04-03T01:42:30.830+0600][92.628s][info][gc,marking     ] GC(372) Concurrent Clear Claimed Marks
[2026-04-03T01:42:30.830+0600][92.628s][info][gc,marking     ] GC(372) Concurrent Clear Claimed Marks 0.309ms
[2026-04-03T01:42:30.830+0600][92.628s][info][gc,marking     ] GC(372) Concurrent Cleanup for Next Mark
[2026-04-03T01:42:30.830+0600][92.629s][info][gc,marking     ] GC(372) Concurrent Cleanup for Next Mark 0.360ms
[2026-04-03T01:42:30.830+0600][92.629s][info][gc             ] GC(372) Concurrent Undo Cycle 0.840ms
[2026-04-03T01:42:30.901+0600][92.699s][info][gc,start       ] GC(373) Pause Young (Concurrent Start) (G1 Humongous Allocation)
[2026-04-03T01:42:30.901+0600][92.699s][info][gc,task        ] GC(373) Using 10 workers of 10 for evacuation
[2026-04-03T01:42:30.904+0600][92.702s][info][gc,phases      ] GC(373)   Pre Evacuate Collection Set: 0.41ms
[2026-04-03T01:42:30.904+0600][92.702s][info][gc,phases      ] GC(373)   Merge Heap Roots: 0.11ms
[2026-04-03T01:42:30.904+0600][92.702s][info][gc,phases      ] GC(373)   Evacuate Collection Set: 1.55ms
[2026-04-03T01:42:30.904+0600][92.702s][info][gc,phases      ] GC(373)   Post Evacuate Collection Set: 0.53ms
[2026-04-03T01:42:30.904+0600][92.702s][info][gc,phases      ] GC(373)   Other: 0.21ms
[2026-04-03T01:42:30.904+0600][92.702s][info][gc,heap        ] GC(373) Eden regions: 29->0(597)
[2026-04-03T01:42:30.904+0600][92.702s][info][gc,heap        ] GC(373) Survivor regions: 3->4(76)
[2026-04-03T01:42:30.904+0600][92.702s][info][gc,heap        ] GC(373) Old regions: 45->45
[2026-04-03T01:42:30.904+0600][92.702s][info][gc,heap        ] GC(373) Humongous regions: 168->9
[2026-04-03T01:42:30.904+0600][92.702s][info][gc,metaspace   ] GC(373) Metaspace: 132117K(133568K)->132117K(133568K) NonClass: 115501K(116224K)->115501K(116224K) Class: 16615K(17344K)->16615K(17344K)
[2026-04-03T01:42:30.904+0600][92.702s][info][gc             ] GC(373) Pause Young (Concurrent Start) (G1 Humongous Allocation) 487M->113M(2004M) 3.107ms
[2026-04-03T01:42:30.904+0600][92.702s][info][gc             ] GC(374) Concurrent Undo Cycle
[2026-04-03T01:42:30.904+0600][92.703s][info][gc,cpu         ] GC(373) User=0.02s Sys=0.00s Real=0.00s
[2026-04-03T01:42:30.904+0600][92.703s][info][gc,marking     ] GC(374) Concurrent Clear Claimed Marks
[2026-04-03T01:42:30.905+0600][92.703s][info][gc,marking     ] GC(374) Concurrent Clear Claimed Marks 0.335ms
[2026-04-03T01:42:30.905+0600][92.703s][info][gc,marking     ] GC(374) Concurrent Cleanup for Next Mark
[2026-04-03T01:42:30.905+0600][92.703s][info][gc,marking     ] GC(374) Concurrent Cleanup for Next Mark 0.353ms
[2026-04-03T01:42:30.905+0600][92.703s][info][gc             ] GC(374) Concurrent Undo Cycle 0.890ms
[2026-04-03T01:42:31.415+0600][93.213s][info][gc,start       ] GC(375) Pause Young (Concurrent Start) (G1 Humongous Allocation)
[2026-04-03T01:42:31.415+0600][93.214s][info][gc,task        ] GC(375) Using 10 workers of 10 for evacuation
[2026-04-03T01:42:31.421+0600][93.219s][info][gc,phases      ] GC(375)   Pre Evacuate Collection Set: 0.70ms
[2026-04-03T01:42:31.421+0600][93.219s][info][gc,phases      ] GC(375)   Merge Heap Roots: 0.27ms
[2026-04-03T01:42:31.421+0600][93.219s][info][gc,phases      ] GC(375)   Evacuate Collection Set: 3.18ms
[2026-04-03T01:42:31.421+0600][93.219s][info][gc,phases      ] GC(375)   Post Evacuate Collection Set: 1.24ms
[2026-04-03T01:42:31.421+0600][93.219s][info][gc,phases      ] GC(375)   Other: 0.22ms
[2026-04-03T01:42:31.421+0600][93.219s][info][gc,heap        ] GC(375) Eden regions: 163->0(596)
[2026-04-03T01:42:31.421+0600][93.219s][info][gc,heap        ] GC(375) Survivor regions: 4->5(76)
[2026-04-03T01:42:31.421+0600][93.219s][info][gc,heap        ] GC(375) Old regions: 45->45
[2026-04-03T01:42:31.421+0600][93.219s][info][gc,heap        ] GC(375) Humongous regions: 174->3
[2026-04-03T01:42:31.421+0600][93.219s][info][gc,metaspace   ] GC(375) Metaspace: 132117K(133568K)->132117K(133568K) NonClass: 115501K(116224K)->115501K(116224K) Class: 16615K(17344K)->16615K(17344K)
[2026-04-03T01:42:31.421+0600][93.219s][info][gc             ] GC(375) Pause Young (Concurrent Start) (G1 Humongous Allocation) 768M->103M(2004M) 5.978ms
[2026-04-03T01:42:31.421+0600][93.219s][info][gc             ] GC(376) Concurrent Undo Cycle
[2026-04-03T01:42:31.421+0600][93.220s][info][gc,cpu         ] GC(375) User=0.04s Sys=0.00s Real=0.01s
[2026-04-03T01:42:31.421+0600][93.220s][info][gc,marking     ] GC(376) Concurrent Clear Claimed Marks
[2026-04-03T01:42:31.422+0600][93.220s][info][gc,marking     ] GC(376) Concurrent Clear Claimed Marks 0.467ms
[2026-04-03T01:42:31.422+0600][93.220s][info][gc,marking     ] GC(376) Concurrent Cleanup for Next Mark
[2026-04-03T01:42:31.423+0600][93.221s][info][gc,marking     ] GC(376) Concurrent Cleanup for Next Mark 0.592ms
[2026-04-03T01:42:31.423+0600][93.221s][info][gc             ] GC(376) Concurrent Undo Cycle 1.329ms
[2026-04-03T01:42:31.976+0600][93.774s][info][gc,start       ] GC(377) Pause Young (Concurrent Start) (GCLocker Initiated GC)
[2026-04-03T01:42:31.976+0600][93.775s][info][gc,task        ] GC(377) Using 10 workers of 10 for evacuation
[2026-04-03T01:42:31.983+0600][93.781s][info][gc,phases      ] GC(377)   Pre Evacuate Collection Set: 0.63ms
[2026-04-03T01:42:31.983+0600][93.781s][info][gc,phases      ] GC(377)   Merge Heap Roots: 0.30ms
[2026-04-03T01:42:31.983+0600][93.781s][info][gc,phases      ] GC(377)   Evacuate Collection Set: 3.52ms
[2026-04-03T01:42:31.983+0600][93.781s][info][gc,phases      ] GC(377)   Post Evacuate Collection Set: 1.36ms
[2026-04-03T01:42:31.983+0600][93.781s][info][gc,phases      ] GC(377)   Other: 0.27ms
[2026-04-03T01:42:31.983+0600][93.781s][info][gc,heap        ] GC(377) Eden regions: 212->0(597)
[2026-04-03T01:42:31.983+0600][93.781s][info][gc,heap        ] GC(377) Survivor regions: 5->4(76)
[2026-04-03T01:42:31.983+0600][93.781s][info][gc,heap        ] GC(377) Old regions: 45->45
[2026-04-03T01:42:31.983+0600][93.781s][info][gc,heap        ] GC(377) Humongous regions: 178->3
[2026-04-03T01:42:31.983+0600][93.781s][info][gc,metaspace   ] GC(377) Metaspace: 132117K(133568K)->132117K(133568K) NonClass: 115501K(116224K)->115501K(116224K) Class: 16615K(17344K)->16615K(17344K)
[2026-04-03T01:42:31.983+0600][93.781s][info][gc             ] GC(377) Pause Young (Concurrent Start) (GCLocker Initiated GC) 877M->102M(2004M) 6.454ms
[2026-04-03T01:42:31.983+0600][93.781s][info][gc             ] GC(378) Concurrent Mark Cycle
[2026-04-03T01:42:31.983+0600][93.781s][info][gc,marking     ] GC(378) Concurrent Scan Root Regions
[2026-04-03T01:42:31.983+0600][93.781s][info][gc,cpu         ] GC(377) User=0.04s Sys=0.00s Real=0.01s
[2026-04-03T01:42:31.987+0600][93.785s][info][gc,marking     ] GC(378) Concurrent Scan Root Regions 4.145ms
[2026-04-03T01:42:31.987+0600][93.785s][info][gc,marking     ] GC(378) Concurrent Mark
[2026-04-03T01:42:31.987+0600][93.785s][info][gc,marking     ] GC(378) Concurrent Mark From Roots
[2026-04-03T01:42:31.987+0600][93.785s][info][gc,task        ] GC(378) Using 3 workers of 3 for marking
[2026-04-03T01:42:32.098+0600][93.897s][info][gc,marking     ] GC(378) Concurrent Mark From Roots 111.189ms
[2026-04-03T01:42:32.099+0600][93.897s][info][gc,marking     ] GC(378) Concurrent Preclean
[2026-04-03T01:42:32.099+0600][93.897s][info][gc,marking     ] GC(378) Concurrent Preclean 0.747ms
[2026-04-03T01:42:32.100+0600][93.898s][info][gc,start       ] GC(378) Pause Remark
[2026-04-03T01:42:32.110+0600][93.908s][info][gc             ] GC(378) Pause Remark 195M->195M(488M) 9.824ms
[2026-04-03T01:42:32.110+0600][93.908s][info][gc,cpu         ] GC(378) User=0.07s Sys=0.00s Real=0.01s
[2026-04-03T01:42:32.110+0600][93.908s][info][gc,marking     ] GC(378) Concurrent Mark 122.753ms
[2026-04-03T01:42:32.110+0600][93.908s][info][gc,marking     ] GC(378) Concurrent Rebuild Remembered Sets and Scrub Regions
[2026-04-03T01:42:32.163+0600][93.961s][info][gc,marking     ] GC(378) Concurrent Rebuild Remembered Sets and Scrub Regions 52.931ms
[2026-04-03T01:42:32.164+0600][93.962s][info][gc,start       ] GC(378) Pause Cleanup
[2026-04-03T01:42:32.164+0600][93.962s][info][gc             ] GC(378) Pause Cleanup 225M->225M(488M) 0.551ms
[2026-04-03T01:42:32.164+0600][93.962s][info][gc,cpu         ] GC(378) User=0.00s Sys=0.00s Real=0.00s
[2026-04-03T01:42:32.164+0600][93.963s][info][gc,marking     ] GC(378) Concurrent Clear Claimed Marks
[2026-04-03T01:42:32.165+0600][93.963s][info][gc,marking     ] GC(378) Concurrent Clear Claimed Marks 0.368ms
[2026-04-03T01:42:32.165+0600][93.963s][info][gc,marking     ] GC(378) Concurrent Cleanup for Next Mark
[2026-04-03T01:42:32.167+0600][93.965s][info][gc,marking     ] GC(378) Concurrent Cleanup for Next Mark 1.897ms
[2026-04-03T01:42:32.167+0600][93.965s][info][gc             ] GC(378) Concurrent Mark Cycle 183.869ms
[2026-04-03T01:42:32.477+0600][94.276s][info][gc,start       ] GC(379) Pause Young (Prepare Mixed) (G1 Evacuation Pause)
[2026-04-03T01:42:32.477+0600][94.276s][info][gc,task        ] GC(379) Using 10 workers of 10 for evacuation
[2026-04-03T01:42:32.486+0600][94.285s][info][gc,phases      ] GC(379)   Pre Evacuate Collection Set: 0.45ms
[2026-04-03T01:42:32.486+0600][94.285s][info][gc,phases      ] GC(379)   Merge Heap Roots: 0.31ms
[2026-04-03T01:42:32.487+0600][94.285s][info][gc,phases      ] GC(379)   Evacuate Collection Set: 6.88ms
[2026-04-03T01:42:32.487+0600][94.285s][info][gc,phases      ] GC(379)   Post Evacuate Collection Set: 1.14ms
[2026-04-03T01:42:32.487+0600][94.285s][info][gc,phases      ] GC(379)   Other: 0.14ms
[2026-04-03T01:42:32.487+0600][94.285s][info][gc,heap        ] GC(379) Eden regions: 126->0(144)
[2026-04-03T01:42:32.487+0600][94.285s][info][gc,heap        ] GC(379) Survivor regions: 4->5(19)
[2026-04-03T01:42:32.487+0600][94.285s][info][gc,heap        ] GC(379) Old regions: 45->45
[2026-04-03T01:42:32.487+0600][94.285s][info][gc,heap        ] GC(379) Humongous regions: 69->3
[2026-04-03T01:42:32.487+0600][94.285s][info][gc,metaspace   ] GC(379) Metaspace: 132121K(133568K)->132121K(133568K) NonClass: 115505K(116224K)->115505K(116224K) Class: 16615K(17344K)->16615K(17344K)
[2026-04-03T01:42:32.487+0600][94.285s][info][gc             ] GC(379) Pause Young (Prepare Mixed) (G1 Evacuation Pause) 486M->104M(498M) 9.303ms
[2026-04-03T01:42:32.487+0600][94.285s][info][gc,cpu         ] GC(379) User=0.04s Sys=0.02s Real=0.01s
[2026-04-03T01:42:32.847+0600][94.645s][info][gc,start       ] GC(380) Pause Young (Mixed) (G1 Evacuation Pause)
[2026-04-03T01:42:32.847+0600][94.645s][info][gc,task        ] GC(380) Using 10 workers of 10 for evacuation
[2026-04-03T01:42:32.855+0600][94.653s][info][gc,phases      ] GC(380)   Pre Evacuate Collection Set: 0.51ms
[2026-04-03T01:42:32.855+0600][94.653s][info][gc,phases      ] GC(380)   Merge Heap Roots: 0.27ms
[2026-04-03T01:42:32.855+0600][94.653s][info][gc,phases      ] GC(380)   Evacuate Collection Set: 5.91ms
[2026-04-03T01:42:32.855+0600][94.653s][info][gc,phases      ] GC(380)   Post Evacuate Collection Set: 0.88ms
[2026-04-03T01:42:32.855+0600][94.653s][info][gc,phases      ] GC(380)   Other: 0.14ms
[2026-04-03T01:42:32.855+0600][94.653s][info][gc,heap        ] GC(380) Eden regions: 144->0(145)
[2026-04-03T01:42:32.855+0600][94.653s][info][gc,heap        ] GC(380) Survivor regions: 5->6(19)
[2026-04-03T01:42:32.855+0600][94.653s][info][gc,heap        ] GC(380) Old regions: 45->45
[2026-04-03T01:42:32.855+0600][94.653s][info][gc,heap        ] GC(380) Humongous regions: 51->3
[2026-04-03T01:42:32.855+0600][94.653s][info][gc,metaspace   ] GC(380) Metaspace: 132121K(133568K)->132121K(133568K) NonClass: 115505K(116224K)->115505K(116224K) Class: 16615K(17344K)->16615K(17344K)
[2026-04-03T01:42:32.855+0600][94.653s][info][gc             ] GC(380) Pause Young (Mixed) (G1 Evacuation Pause) 488M->105M(504M) 8.043ms
[2026-04-03T01:42:32.855+0600][94.653s][info][gc,cpu         ] GC(380) User=0.04s Sys=0.02s Real=0.01s
[2026-04-03T01:42:32.864+0600][94.662s][info][gc,start       ] GC(381) Pause Young (Concurrent Start) (G1 Humongous Allocation)
[2026-04-03T01:42:32.864+0600][94.662s][info][gc,task        ] GC(381) Using 10 workers of 10 for evacuation
[2026-04-03T01:42:32.868+0600][94.667s][info][gc,phases      ] GC(381)   Pre Evacuate Collection Set: 0.51ms
[2026-04-03T01:42:32.869+0600][94.667s][info][gc,phases      ] GC(381)   Merge Heap Roots: 0.19ms
[2026-04-03T01:42:32.869+0600][94.667s][info][gc,phases      ] GC(381)   Evacuate Collection Set: 3.08ms
[2026-04-03T01:42:32.869+0600][94.667s][info][gc,phases      ] GC(381)   Post Evacuate Collection Set: 0.59ms
[2026-04-03T01:42:32.869+0600][94.667s][info][gc,phases      ] GC(381)   Other: 0.14ms
[2026-04-03T01:42:32.869+0600][94.667s][info][gc,heap        ] GC(381) Eden regions: 6->0(147)
[2026-04-03T01:42:32.869+0600][94.667s][info][gc,heap        ] GC(381) Survivor regions: 6->4(19)
[2026-04-03T01:42:32.869+0600][94.667s][info][gc,heap        ] GC(381) Old regions: 45->45
[2026-04-03T01:42:32.869+0600][94.667s][info][gc,heap        ] GC(381) Humongous regions: 3->3
[2026-04-03T01:42:32.869+0600][94.667s][info][gc,metaspace   ] GC(381) Metaspace: 132121K(133568K)->132121K(133568K) NonClass: 115505K(116224K)->115505K(116224K) Class: 16615K(17344K)->16615K(17344K)
[2026-04-03T01:42:32.869+0600][94.667s][info][gc             ] GC(381) Pause Young (Concurrent Start) (G1 Humongous Allocation) 115M->102M(504M) 4.840ms
[2026-04-03T01:42:32.869+0600][94.667s][info][gc             ] GC(382) Concurrent Mark Cycle
[2026-04-03T01:42:32.869+0600][94.667s][info][gc,cpu         ] GC(381) User=0.03s Sys=0.01s Real=0.00s
[2026-04-03T01:42:32.869+0600][94.667s][info][gc,marking     ] GC(382) Concurrent Scan Root Regions
[2026-04-03T01:42:32.873+0600][94.671s][info][gc,marking     ] GC(382) Concurrent Scan Root Regions 4.405ms
[2026-04-03T01:42:32.873+0600][94.672s][info][gc,marking     ] GC(382) Concurrent Mark
[2026-04-03T01:42:32.873+0600][94.672s][info][gc,marking     ] GC(382) Concurrent Mark From Roots
[2026-04-03T01:42:32.873+0600][94.672s][info][gc,task        ] GC(382) Using 3 workers of 3 for marking
[2026-04-03T01:42:32.969+0600][94.767s][info][gc,marking     ] GC(382) Concurrent Mark From Roots 95.397ms
[2026-04-03T01:42:32.969+0600][94.767s][info][gc,marking     ] GC(382) Concurrent Preclean
[2026-04-03T01:42:32.970+0600][94.768s][info][gc,marking     ] GC(382) Concurrent Preclean 0.630ms
[2026-04-03T01:42:32.970+0600][94.768s][info][gc,start       ] GC(382) Pause Remark
[2026-04-03T01:42:32.981+0600][94.779s][info][gc             ] GC(382) Pause Remark 192M->192M(420M) 11.362ms
[2026-04-03T01:42:32.982+0600][94.780s][info][gc,cpu         ] GC(382) User=0.08s Sys=0.00s Real=0.01s
[2026-04-03T01:42:32.982+0600][94.780s][info][gc,marking     ] GC(382) Concurrent Mark 108.303ms
[2026-04-03T01:42:32.982+0600][94.780s][info][gc,marking     ] GC(382) Concurrent Rebuild Remembered Sets and Scrub Regions
[2026-04-03T01:42:33.029+0600][94.827s][info][gc,marking     ] GC(382) Concurrent Rebuild Remembered Sets and Scrub Regions 47.336ms
[2026-04-03T01:42:33.030+0600][94.828s][info][gc,start       ] GC(382) Pause Cleanup
[2026-04-03T01:42:33.030+0600][94.828s][info][gc             ] GC(382) Pause Cleanup 262M->262M(420M) 0.374ms
[2026-04-03T01:42:33.030+0600][94.828s][info][gc,cpu         ] GC(382) User=0.00s Sys=0.00s Real=0.01s
[2026-04-03T01:42:33.030+0600][94.828s][info][gc,marking     ] GC(382) Concurrent Clear Claimed Marks
[2026-04-03T01:42:33.031+0600][94.829s][info][gc,marking     ] GC(382) Concurrent Clear Claimed Marks 0.383ms
[2026-04-03T01:42:33.031+0600][94.829s][info][gc,marking     ] GC(382) Concurrent Cleanup for Next Mark
[2026-04-03T01:42:33.031+0600][94.830s][info][gc,marking     ] GC(382) Concurrent Cleanup for Next Mark 0.678ms
[2026-04-03T01:42:33.031+0600][94.830s][info][gc             ] GC(382) Concurrent Mark Cycle 162.673ms
[2026-04-03T01:42:33.157+0600][94.956s][info][gc,start       ] GC(383) Pause Young (Prepare Mixed) (G1 Evacuation Pause)
[2026-04-03T01:42:33.158+0600][94.956s][info][gc,task        ] GC(383) Using 10 workers of 10 for evacuation
[2026-04-03T01:42:33.162+0600][94.960s][info][gc,phases      ] GC(383)   Pre Evacuate Collection Set: 0.41ms
[2026-04-03T01:42:33.162+0600][94.960s][info][gc,phases      ] GC(383)   Merge Heap Roots: 0.33ms
[2026-04-03T01:42:33.162+0600][94.960s][info][gc,phases      ] GC(383)   Evacuate Collection Set: 2.82ms
[2026-04-03T01:42:33.162+0600][94.960s][info][gc,phases      ] GC(383)   Post Evacuate Collection Set: 0.53ms
[2026-04-03T01:42:33.162+0600][94.960s][info][gc,phases      ] GC(383)   Other: 0.08ms
[2026-04-03T01:42:33.162+0600][94.960s][info][gc,heap        ] GC(383) Eden regions: 92->0(127)
[2026-04-03T01:42:33.162+0600][94.960s][info][gc,heap        ] GC(383) Survivor regions: 4->2(16)
[2026-04-03T01:42:33.162+0600][94.960s][info][gc,heap        ] GC(383) Old regions: 45->46
[2026-04-03T01:42:33.162+0600][94.960s][info][gc,heap        ] GC(383) Humongous regions: 72->3
[2026-04-03T01:42:33.162+0600][94.960s][info][gc,metaspace   ] GC(383) Metaspace: 132121K(133568K)->132121K(133568K) NonClass: 115505K(116224K)->115505K(116224K) Class: 16615K(17344K)->16615K(17344K)
[2026-04-03T01:42:33.162+0600][94.960s][info][gc             ] GC(383) Pause Young (Prepare Mixed) (G1 Evacuation Pause) 424M->98M(432M) 4.387ms
[2026-04-03T01:42:33.162+0600][94.960s][info][gc,cpu         ] GC(383) User=0.02s Sys=0.01s Real=0.01s
[2026-04-03T01:42:34.028+0600][95.826s][info][gc,heap,exit   ] Heap
[2026-04-03T01:42:34.028+0600][95.826s][info][gc,heap,exit   ]  garbage-first heap   total 442368K, used 229186K [0x000000070ae00000, 0x0000000800000000)
[2026-04-03T01:42:34.028+0600][95.826s][info][gc,heap,exit   ]   region size 2048K, 54 young (110592K), 2 survivors (4096K)
[2026-04-03T01:42:34.028+0600][95.826s][info][gc,heap,exit   ]  Metaspace       used 132857K, committed 134272K, reserved 1179648K
[2026-04-03T01:42:34.028+0600][95.826s][info][gc,heap,exit   ]   class space    used 16808K, committed 17472K, reserved 1048576K
