[2026-04-03T01:39:23.158+0600][0.004s][info][gc,init] CardTable entry size: 512
[2026-04-03T01:39:23.159+0600][0.005s][info][gc     ] Using G1
[2026-04-03T01:39:23.161+0600][0.007s][info][gc,init] Version: 21.0.10+7-Ubuntu-124.04 (release)
[2026-04-03T01:39:23.161+0600][0.007s][info][gc,init] CPUs: 12 total, 12 available
[2026-04-03T01:39:23.161+0600][0.007s][info][gc,init] Memory: 15683M
[2026-04-03T01:39:23.161+0600][0.007s][info][gc,init] Large Page Support: Disabled
[2026-04-03T01:39:23.161+0600][0.007s][info][gc,init] NUMA Support: Disabled
[2026-04-03T01:39:23.161+0600][0.007s][info][gc,init] Compressed Oops: Enabled (Zero based)
[2026-04-03T01:39:23.161+0600][0.007s][info][gc,init] Heap Region Size: 2M
[2026-04-03T01:39:23.161+0600][0.007s][info][gc,init] Heap Min Capacity: 8M
[2026-04-03T01:39:23.161+0600][0.007s][info][gc,init] Heap Initial Capacity: 246M
[2026-04-03T01:39:23.161+0600][0.007s][info][gc,init] Heap Max Capacity: 3922M
[2026-04-03T01:39:23.161+0600][0.007s][info][gc,init] Pre-touch: Disabled
[2026-04-03T01:39:23.161+0600][0.007s][info][gc,init] Parallel Workers: 10
[2026-04-03T01:39:23.161+0600][0.007s][info][gc,init] Concurrent Workers: 3
[2026-04-03T01:39:23.161+0600][0.007s][info][gc,init] Concurrent Refinement Workers: 10
[2026-04-03T01:39:23.161+0600][0.007s][info][gc,init] Periodic GC: Disabled
[2026-04-03T01:39:23.175+0600][0.021s][info][gc,metaspace] CDS archive(s) mapped at: [0x00007b67f7000000-0x00007b67f7c9c000-0x00007b67f7c9c000), size 13221888, SharedBaseAddress: 0x00007b67f7000000, ArchiveRelocationMode: 1.
[2026-04-03T01:39:23.175+0600][0.021s][info][gc,metaspace] Compressed class space mapped at: 0x00007b67f8000000-0x00007b6838000000, reserved size: 1073741824
[2026-04-03T01:39:23.175+0600][0.021s][info][gc,metaspace] Narrow klass base: 0x00007b67f7000000, Narrow klass shift: 0, Narrow klass range: 0x100000000
[2026-04-03T01:39:23.537+0600][0.383s][info][gc,start    ] GC(0) Pause Young (Normal) (G1 Evacuation Pause)
[2026-04-03T01:39:23.538+0600][0.384s][info][gc,task     ] GC(0) Using 5 workers of 10 for evacuation
[2026-04-03T01:39:23.541+0600][0.387s][info][gc,phases   ] GC(0)   Pre Evacuate Collection Set: 0.12ms
[2026-04-03T01:39:23.541+0600][0.388s][info][gc,phases   ] GC(0)   Merge Heap Roots: 0.32ms
[2026-04-03T01:39:23.541+0600][0.388s][info][gc,phases   ] GC(0)   Evacuate Collection Set: 1.78ms
[2026-04-03T01:39:23.541+0600][0.388s][info][gc,phases   ] GC(0)   Post Evacuate Collection Set: 0.66ms
[2026-04-03T01:39:23.541+0600][0.388s][info][gc,phases   ] GC(0)   Other: 1.05ms
[2026-04-03T01:39:23.541+0600][0.388s][info][gc,heap     ] GC(0) Eden regions: 11->0(22)
[2026-04-03T01:39:23.541+0600][0.388s][info][gc,heap     ] GC(0) Survivor regions: 0->2(2)
[2026-04-03T01:39:23.541+0600][0.388s][info][gc,heap     ] GC(0) Old regions: 1->1
[2026-04-03T01:39:23.541+0600][0.388s][info][gc,heap     ] GC(0) Humongous regions: 0->0
[2026-04-03T01:39:23.541+0600][0.388s][info][gc,metaspace] GC(0) Metaspace: 2520K(2688K)->2520K(2688K) NonClass: 2291K(2368K)->2291K(2368K) Class: 228K(320K)->228K(320K)
[2026-04-03T01:39:23.542+0600][0.388s][info][gc          ] GC(0) Pause Young (Normal) (G1 Evacuation Pause) 23M->3M(248M) 4.215ms
[2026-04-03T01:39:23.542+0600][0.388s][info][gc,cpu      ] GC(0) User=0.01s Sys=0.00s Real=0.01s
[2026-04-03T01:39:23.711+0600][0.557s][info][gc,start    ] GC(1) Pause Young (Normal) (G1 Evacuation Pause)
[2026-04-03T01:39:23.711+0600][0.557s][info][gc,task     ] GC(1) Using 5 workers of 10 for evacuation
[2026-04-03T01:39:23.714+0600][0.560s][info][gc,phases   ] GC(1)   Pre Evacuate Collection Set: 0.31ms
[2026-04-03T01:39:23.714+0600][0.560s][info][gc,phases   ] GC(1)   Merge Heap Roots: 0.06ms
[2026-04-03T01:39:23.714+0600][0.560s][info][gc,phases   ] GC(1)   Evacuate Collection Set: 1.91ms
[2026-04-03T01:39:23.714+0600][0.560s][info][gc,phases   ] GC(1)   Post Evacuate Collection Set: 0.39ms
[2026-04-03T01:39:23.714+0600][0.560s][info][gc,phases   ] GC(1)   Other: 0.07ms
[2026-04-03T01:39:23.714+0600][0.560s][info][gc,heap     ] GC(1) Eden regions: 22->0(71)
[2026-04-03T01:39:23.714+0600][0.560s][info][gc,heap     ] GC(1) Survivor regions: 2->2(3)
[2026-04-03T01:39:23.714+0600][0.560s][info][gc,heap     ] GC(1) Old regions: 1->1
[2026-04-03T01:39:23.714+0600][0.560s][info][gc,heap     ] GC(1) Humongous regions: 0->0
[2026-04-03T01:39:23.714+0600][0.560s][info][gc,metaspace] GC(1) Metaspace: 3798K(3968K)->3798K(3968K) NonClass: 3365K(3456K)->3365K(3456K) Class: 432K(512K)->432K(512K)
[2026-04-03T01:39:23.714+0600][0.560s][info][gc          ] GC(1) Pause Young (Normal) (G1 Evacuation Pause) 47M->3M(248M) 2.994ms
[2026-04-03T01:39:23.714+0600][0.560s][info][gc,cpu      ] GC(1) User=0.01s Sys=0.00s Real=0.00s
[2026-04-03T01:39:24.360+0600][1.206s][info][gc,start    ] GC(2) Pause Young (Normal) (G1 Evacuation Pause)
[2026-04-03T01:39:24.360+0600][1.206s][info][gc,task     ] GC(2) Using 5 workers of 10 for evacuation
[2026-04-03T01:39:24.364+0600][1.210s][info][gc,phases   ] GC(2)   Pre Evacuate Collection Set: 0.21ms
[2026-04-03T01:39:24.364+0600][1.210s][info][gc,phases   ] GC(2)   Merge Heap Roots: 0.06ms
[2026-04-03T01:39:24.364+0600][1.210s][info][gc,phases   ] GC(2)   Evacuate Collection Set: 2.49ms
[2026-04-03T01:39:24.364+0600][1.210s][info][gc,phases   ] GC(2)   Post Evacuate Collection Set: 0.44ms
[2026-04-03T01:39:24.364+0600][1.210s][info][gc,phases   ] GC(2)   Other: 0.10ms
[2026-04-03T01:39:24.364+0600][1.210s][info][gc,heap     ] GC(2) Eden regions: 71->0(71)
[2026-04-03T01:39:24.364+0600][1.210s][info][gc,heap     ] GC(2) Survivor regions: 2->2(10)
[2026-04-03T01:39:24.364+0600][1.210s][info][gc,heap     ] GC(2) Old regions: 1->1
[2026-04-03T01:39:24.364+0600][1.210s][info][gc,heap     ] GC(2) Humongous regions: 0->0
[2026-04-03T01:39:24.364+0600][1.210s][info][gc,metaspace] GC(2) Metaspace: 9915K(10176K)->9915K(10176K) NonClass: 8656K(8832K)->8656K(8832K) Class: 1259K(1344K)->1259K(1344K)
[2026-04-03T01:39:24.364+0600][1.210s][info][gc          ] GC(2) Pause Young (Normal) (G1 Evacuation Pause) 145M->4M(248M) 3.597ms
[2026-04-03T01:39:24.364+0600][1.210s][info][gc,cpu      ] GC(2) User=0.01s Sys=0.00s Real=0.00s
[2026-04-03T01:39:27.048+0600][3.894s][info][gc,start    ] GC(3) Pause Young (Normal) (G1 Evacuation Pause)
[2026-04-03T01:39:27.048+0600][3.894s][info][gc,task     ] GC(3) Using 5 workers of 10 for evacuation
[2026-04-03T01:39:27.053+0600][3.899s][info][gc,phases   ] GC(3)   Pre Evacuate Collection Set: 0.33ms
[2026-04-03T01:39:27.053+0600][3.899s][info][gc,phases   ] GC(3)   Merge Heap Roots: 0.06ms
[2026-04-03T01:39:27.053+0600][3.899s][info][gc,phases   ] GC(3)   Evacuate Collection Set: 4.19ms
[2026-04-03T01:39:27.053+0600][3.899s][info][gc,phases   ] GC(3)   Post Evacuate Collection Set: 0.55ms
[2026-04-03T01:39:27.053+0600][3.899s][info][gc,phases   ] GC(3)   Other: 0.07ms
[2026-04-03T01:39:27.053+0600][3.899s][info][gc,heap     ] GC(3) Eden regions: 71->0(66)
[2026-04-03T01:39:27.053+0600][3.899s][info][gc,heap     ] GC(3) Survivor regions: 2->7(10)
[2026-04-03T01:39:27.053+0600][3.899s][info][gc,heap     ] GC(3) Old regions: 1->1
[2026-04-03T01:39:27.053+0600][3.899s][info][gc,heap     ] GC(3) Humongous regions: 3->3
[2026-04-03T01:39:27.053+0600][3.899s][info][gc,metaspace] GC(3) Metaspace: 16837K(17088K)->16837K(17088K) NonClass: 14753K(14912K)->14753K(14912K) Class: 2084K(2176K)->2084K(2176K)
[2026-04-03T01:39:27.053+0600][3.899s][info][gc          ] GC(3) Pause Young (Normal) (G1 Evacuation Pause) 152M->20M(248M) 5.407ms
[2026-04-03T01:39:27.053+0600][3.899s][info][gc,cpu      ] GC(3) User=0.01s Sys=0.01s Real=0.01s
[2026-04-03T01:39:27.436+0600][4.282s][info][gc,start    ] GC(4) Pause Young (Concurrent Start) (Metadata GC Threshold)
[2026-04-03T01:39:27.436+0600][4.282s][info][gc,task     ] GC(4) Using 5 workers of 10 for evacuation
[2026-04-03T01:39:27.442+0600][4.288s][info][gc,phases   ] GC(4)   Pre Evacuate Collection Set: 0.25ms
[2026-04-03T01:39:27.442+0600][4.288s][info][gc,phases   ] GC(4)   Merge Heap Roots: 0.06ms
[2026-04-03T01:39:27.442+0600][4.288s][info][gc,phases   ] GC(4)   Evacuate Collection Set: 4.62ms
[2026-04-03T01:39:27.442+0600][4.288s][info][gc,phases   ] GC(4)   Post Evacuate Collection Set: 1.27ms
[2026-04-03T01:39:27.442+0600][4.289s][info][gc,phases   ] GC(4)   Other: 0.10ms
[2026-04-03T01:39:27.442+0600][4.289s][info][gc,heap     ] GC(4) Eden regions: 10->0(67)
[2026-04-03T01:39:27.442+0600][4.289s][info][gc,heap     ] GC(4) Survivor regions: 7->6(10)
[2026-04-03T01:39:27.442+0600][4.289s][info][gc,heap     ] GC(4) Old regions: 1->3
[2026-04-03T01:39:27.442+0600][4.289s][info][gc,heap     ] GC(4) Humongous regions: 3->3
[2026-04-03T01:39:27.442+0600][4.289s][info][gc,metaspace] GC(4) Metaspace: 21241K(21504K)->21241K(21504K) NonClass: 18588K(18688K)->18588K(18688K) Class: 2653K(2816K)->2653K(2816K)
[2026-04-03T01:39:27.442+0600][4.289s][info][gc          ] GC(4) Pause Young (Concurrent Start) (Metadata GC Threshold) 39M->21M(248M) 6.550ms
[2026-04-03T01:39:27.443+0600][4.289s][info][gc,cpu      ] GC(4) User=0.02s Sys=0.01s Real=0.01s
[2026-04-03T01:39:27.443+0600][4.289s][info][gc          ] GC(5) Concurrent Mark Cycle
[2026-04-03T01:39:27.443+0600][4.289s][info][gc,marking  ] GC(5) Concurrent Scan Root Regions
[2026-04-03T01:39:27.446+0600][4.292s][info][gc,marking  ] GC(5) Concurrent Scan Root Regions 3.061ms
[2026-04-03T01:39:27.446+0600][4.292s][info][gc,marking  ] GC(5) Concurrent Mark
[2026-04-03T01:39:27.446+0600][4.292s][info][gc,marking  ] GC(5) Concurrent Mark From Roots
[2026-04-03T01:39:27.446+0600][4.292s][info][gc,task     ] GC(5) Using 3 workers of 3 for marking
[2026-04-03T01:39:27.449+0600][4.295s][info][gc,marking  ] GC(5) Concurrent Mark From Roots 3.311ms
[2026-04-03T01:39:27.449+0600][4.295s][info][gc,marking  ] GC(5) Concurrent Preclean
[2026-04-03T01:39:27.449+0600][4.295s][info][gc,marking  ] GC(5) Concurrent Preclean 0.020ms
[2026-04-03T01:39:27.449+0600][4.295s][info][gc,start    ] GC(5) Pause Remark
[2026-04-03T01:39:27.453+0600][4.299s][info][gc          ] GC(5) Pause Remark 22M->22M(80M) 3.219ms
[2026-04-03T01:39:27.453+0600][4.299s][info][gc,cpu      ] GC(5) User=0.01s Sys=0.00s Real=0.01s
[2026-04-03T01:39:27.453+0600][4.299s][info][gc,marking  ] GC(5) Concurrent Mark 6.956ms
[2026-04-03T01:39:27.453+0600][4.299s][info][gc,marking  ] GC(5) Concurrent Rebuild Remembered Sets and Scrub Regions
[2026-04-03T01:39:27.455+0600][4.301s][info][gc,marking  ] GC(5) Concurrent Rebuild Remembered Sets and Scrub Regions 2.154ms
[2026-04-03T01:39:27.468+0600][4.314s][info][gc,start    ] GC(5) Pause Cleanup
[2026-04-03T01:39:27.468+0600][4.314s][info][gc          ] GC(5) Pause Cleanup 22M->22M(80M) 0.156ms
[2026-04-03T01:39:27.468+0600][4.314s][info][gc,cpu      ] GC(5) User=0.00s Sys=0.00s Real=0.00s
[2026-04-03T01:39:27.468+0600][4.314s][info][gc,marking  ] GC(5) Concurrent Clear Claimed Marks
[2026-04-03T01:39:27.468+0600][4.314s][info][gc,marking  ] GC(5) Concurrent Clear Claimed Marks 0.075ms
[2026-04-03T01:39:27.468+0600][4.314s][info][gc,marking  ] GC(5) Concurrent Cleanup for Next Mark
[2026-04-03T01:39:27.469+0600][4.315s][info][gc,marking  ] GC(5) Concurrent Cleanup for Next Mark 0.680ms
[2026-04-03T01:39:27.469+0600][4.315s][info][gc          ] GC(5) Concurrent Mark Cycle 26.306ms
[2026-04-03T01:39:28.437+0600][5.283s][info][gc,start    ] GC(6) Pause Young (Prepare Mixed) (G1 Evacuation Pause)
[2026-04-03T01:39:28.437+0600][5.283s][info][gc,task     ] GC(6) Using 3 workers of 10 for evacuation
[2026-04-03T01:39:28.447+0600][5.293s][info][gc,phases   ] GC(6)   Pre Evacuate Collection Set: 0.44ms
[2026-04-03T01:39:28.447+0600][5.293s][info][gc,phases   ] GC(6)   Merge Heap Roots: 0.17ms
[2026-04-03T01:39:28.447+0600][5.294s][info][gc,phases   ] GC(6)   Evacuate Collection Set: 8.73ms
[2026-04-03T01:39:28.447+0600][5.294s][info][gc,phases   ] GC(6)   Post Evacuate Collection Set: 1.14ms
[2026-04-03T01:39:28.447+0600][5.294s][info][gc,phases   ] GC(6)   Other: 0.07ms
[2026-04-03T01:39:28.447+0600][5.294s][info][gc,heap     ] GC(6) Eden regions: 27->0(26)
[2026-04-03T01:39:28.447+0600][5.294s][info][gc,heap     ] GC(6) Survivor regions: 6->2(10)
[2026-04-03T01:39:28.447+0600][5.294s][info][gc,heap     ] GC(6) Old regions: 3->8
[2026-04-03T01:39:28.447+0600][5.294s][info][gc,heap     ] GC(6) Humongous regions: 5->4
[2026-04-03T01:39:28.447+0600][5.294s][info][gc,metaspace] GC(6) Metaspace: 28753K(29120K)->28753K(29120K) NonClass: 25163K(25344K)->25163K(25344K) Class: 3590K(3776K)->3590K(3776K)
[2026-04-03T01:39:28.448+0600][5.294s][info][gc          ] GC(6) Pause Young (Prepare Mixed) (G1 Evacuation Pause) 79M->25M(96M) 10.758ms
[2026-04-03T01:39:28.448+0600][5.294s][info][gc,cpu      ] GC(6) User=0.02s Sys=0.01s Real=0.01s
[2026-04-03T01:39:30.395+0600][7.241s][info][gc,start    ] GC(7) Pause Young (Mixed) (G1 Evacuation Pause)
[2026-04-03T01:39:30.395+0600][7.242s][info][gc,task     ] GC(7) Using 2 workers of 10 for evacuation
[2026-04-03T01:39:30.407+0600][7.253s][info][gc,phases   ] GC(7)   Pre Evacuate Collection Set: 0.16ms
[2026-04-03T01:39:30.407+0600][7.253s][info][gc,phases   ] GC(7)   Merge Heap Roots: 0.29ms
[2026-04-03T01:39:30.407+0600][7.253s][info][gc,phases   ] GC(7)   Evacuate Collection Set: 10.15ms
[2026-04-03T01:39:30.407+0600][7.253s][info][gc,phases   ] GC(7)   Post Evacuate Collection Set: 0.93ms
[2026-04-03T01:39:30.407+0600][7.253s][info][gc,phases   ] GC(7)   Other: 0.08ms
[2026-04-03T01:39:30.407+0600][7.253s][info][gc,heap     ] GC(7) Eden regions: 26->0(28)
[2026-04-03T01:39:30.407+0600][7.253s][info][gc,heap     ] GC(7) Survivor regions: 2->3(4)
[2026-04-03T01:39:30.407+0600][7.253s][info][gc,heap     ] GC(7) Old regions: 8->8
[2026-04-03T01:39:30.407+0600][7.253s][info][gc,heap     ] GC(7) Humongous regions: 12->3
[2026-04-03T01:39:30.407+0600][7.253s][info][gc,metaspace] GC(7) Metaspace: 35876K(36224K)->35876K(36224K) NonClass: 31402K(31616K)->31402K(31616K) Class: 4473K(4608K)->4473K(4608K)
[2026-04-03T01:39:30.407+0600][7.253s][info][gc          ] GC(7) Pause Young (Mixed) (G1 Evacuation Pause) 93M->25M(104M) 11.858ms
[2026-04-03T01:39:30.407+0600][7.253s][info][gc,cpu      ] GC(7) User=0.02s Sys=0.00s Real=0.01s
[2026-04-03T01:39:30.414+0600][7.260s][info][gc,start    ] GC(8) Pause Young (Concurrent Start) (Metadata GC Threshold)
[2026-04-03T01:39:30.414+0600][7.260s][info][gc,task     ] GC(8) Using 2 workers of 10 for evacuation
[2026-04-03T01:39:30.421+0600][7.267s][info][gc,phases   ] GC(8)   Pre Evacuate Collection Set: 0.27ms
[2026-04-03T01:39:30.421+0600][7.267s][info][gc,phases   ] GC(8)   Merge Heap Roots: 0.14ms
[2026-04-03T01:39:30.421+0600][7.267s][info][gc,phases   ] GC(8)   Evacuate Collection Set: 6.59ms
[2026-04-03T01:39:30.421+0600][7.267s][info][gc,phases   ] GC(8)   Post Evacuate Collection Set: 0.58ms
[2026-04-03T01:39:30.421+0600][7.267s][info][gc,phases   ] GC(8)   Other: 0.09ms
[2026-04-03T01:39:30.421+0600][7.267s][info][gc,heap     ] GC(8) Eden regions: 1->0(29)
[2026-04-03T01:39:30.421+0600][7.267s][info][gc,heap     ] GC(8) Survivor regions: 3->2(4)
[2026-04-03T01:39:30.421+0600][7.267s][info][gc,heap     ] GC(8) Old regions: 8->9
[2026-04-03T01:39:30.421+0600][7.267s][info][gc,heap     ] GC(8) Humongous regions: 3->3
[2026-04-03T01:39:30.421+0600][7.267s][info][gc,metaspace] GC(8) Metaspace: 35974K(36288K)->35974K(36288K) NonClass: 31490K(31680K)->31490K(31680K) Class: 4484K(4608K)->4484K(4608K)
[2026-04-03T01:39:30.421+0600][7.268s][info][gc          ] GC(8) Pause Young (Concurrent Start) (Metadata GC Threshold) 26M->26M(104M) 7.904ms
[2026-04-03T01:39:30.421+0600][7.268s][info][gc,cpu      ] GC(8) User=0.01s Sys=0.00s Real=0.01s
[2026-04-03T01:39:30.422+0600][7.268s][info][gc          ] GC(9) Concurrent Mark Cycle
[2026-04-03T01:39:30.422+0600][7.268s][info][gc,marking  ] GC(9) Concurrent Scan Root Regions
[2026-04-03T01:39:30.424+0600][7.270s][info][gc,marking  ] GC(9) Concurrent Scan Root Regions 2.605ms
[2026-04-03T01:39:30.424+0600][7.270s][info][gc,marking  ] GC(9) Concurrent Mark
[2026-04-03T01:39:30.424+0600][7.270s][info][gc,marking  ] GC(9) Concurrent Mark From Roots
[2026-04-03T01:39:30.424+0600][7.270s][info][gc,task     ] GC(9) Using 3 workers of 3 for marking
[2026-04-03T01:39:30.430+0600][7.276s][info][gc,marking  ] GC(9) Concurrent Mark From Roots 5.342ms
[2026-04-03T01:39:30.430+0600][7.276s][info][gc,marking  ] GC(9) Concurrent Preclean
[2026-04-03T01:39:30.430+0600][7.276s][info][gc,marking  ] GC(9) Concurrent Preclean 0.123ms
[2026-04-03T01:39:30.430+0600][7.276s][info][gc,start    ] GC(9) Pause Remark
[2026-04-03T01:39:30.436+0600][7.282s][info][gc          ] GC(9) Pause Remark 28M->28M(94M) 5.763ms
[2026-04-03T01:39:30.436+0600][7.282s][info][gc,cpu      ] GC(9) User=0.01s Sys=0.01s Real=0.00s
[2026-04-03T01:39:30.436+0600][7.282s][info][gc,marking  ] GC(9) Concurrent Mark 11.530ms
[2026-04-03T01:39:30.436+0600][7.282s][info][gc,marking  ] GC(9) Concurrent Rebuild Remembered Sets and Scrub Regions
[2026-04-03T01:39:30.440+0600][7.286s][info][gc,marking  ] GC(9) Concurrent Rebuild Remembered Sets and Scrub Regions 4.036ms
[2026-04-03T01:39:30.440+0600][7.286s][info][gc,start    ] GC(9) Pause Cleanup
[2026-04-03T01:39:30.441+0600][7.287s][info][gc          ] GC(9) Pause Cleanup 28M->28M(94M) 0.214ms
[2026-04-03T01:39:30.441+0600][7.287s][info][gc,cpu      ] GC(9) User=0.00s Sys=0.00s Real=0.00s
[2026-04-03T01:39:30.441+0600][7.287s][info][gc,marking  ] GC(9) Concurrent Clear Claimed Marks
[2026-04-03T01:39:30.441+0600][7.287s][info][gc,marking  ] GC(9) Concurrent Clear Claimed Marks 0.070ms
[2026-04-03T01:39:30.441+0600][7.287s][info][gc,marking  ] GC(9) Concurrent Cleanup for Next Mark
[2026-04-03T01:39:30.441+0600][7.287s][info][gc,marking  ] GC(9) Concurrent Cleanup for Next Mark 0.379ms
[2026-04-03T01:39:30.441+0600][7.287s][info][gc          ] GC(9) Concurrent Mark Cycle 19.609ms
[2026-04-03T01:39:32.030+0600][8.876s][info][gc,start    ] GC(10) Pause Young (Prepare Mixed) (GCLocker Initiated GC)
[2026-04-03T01:39:32.030+0600][8.876s][info][gc,task     ] GC(10) Using 2 workers of 10 for evacuation
[2026-04-03T01:39:32.041+0600][8.887s][info][gc,phases   ] GC(10)   Pre Evacuate Collection Set: 0.27ms
[2026-04-03T01:39:32.041+0600][8.887s][info][gc,phases   ] GC(10)   Merge Heap Roots: 0.11ms
[2026-04-03T01:39:32.041+0600][8.887s][info][gc,phases   ] GC(10)   Evacuate Collection Set: 9.82ms
[2026-04-03T01:39:32.041+0600][8.887s][info][gc,phases   ] GC(10)   Post Evacuate Collection Set: 0.47ms
[2026-04-03T01:39:32.041+0600][8.887s][info][gc,phases   ] GC(10)   Other: 0.08ms
[2026-04-03T01:39:32.041+0600][8.887s][info][gc,heap     ] GC(10) Eden regions: 27->0(27)
[2026-04-03T01:39:32.041+0600][8.887s][info][gc,heap     ] GC(10) Survivor regions: 2->3(4)
[2026-04-03T01:39:32.041+0600][8.887s][info][gc,heap     ] GC(10) Old regions: 9->9
[2026-04-03T01:39:32.041+0600][8.887s][info][gc,heap     ] GC(10) Humongous regions: 9->3
[2026-04-03T01:39:32.041+0600][8.887s][info][gc,metaspace] GC(10) Metaspace: 42610K(43072K)->42610K(43072K) NonClass: 37307K(37568K)->37307K(37568K) Class: 5303K(5504K)->5303K(5504K)
[2026-04-03T01:39:32.041+0600][8.887s][info][gc          ] GC(10) Pause Young (Prepare Mixed) (GCLocker Initiated GC) 92M->28M(100M) 10.960ms
[2026-04-03T01:39:32.041+0600][8.887s][info][gc,cpu      ] GC(10) User=0.02s Sys=0.00s Real=0.02s
[2026-04-03T01:39:33.946+0600][10.792s][info][gc,start    ] GC(11) Pause Young (Mixed) (G1 Evacuation Pause)
[2026-04-03T01:39:33.946+0600][10.792s][info][gc,task     ] GC(11) Using 2 workers of 10 for evacuation
[2026-04-03T01:39:33.963+0600][10.809s][info][gc,phases   ] GC(11)   Pre Evacuate Collection Set: 0.21ms
[2026-04-03T01:39:33.963+0600][10.809s][info][gc,phases   ] GC(11)   Merge Heap Roots: 0.08ms
[2026-04-03T01:39:33.963+0600][10.809s][info][gc,phases   ] GC(11)   Evacuate Collection Set: 15.50ms
[2026-04-03T01:39:33.963+0600][10.809s][info][gc,phases   ] GC(11)   Post Evacuate Collection Set: 0.78ms
[2026-04-03T01:39:33.963+0600][10.809s][info][gc,phases   ] GC(11)   Other: 0.07ms
[2026-04-03T01:39:33.963+0600][10.809s][info][gc,heap     ] GC(11) Eden regions: 27->0(30)
[2026-04-03T01:39:33.963+0600][10.809s][info][gc,heap     ] GC(11) Survivor regions: 3->3(4)
[2026-04-03T01:39:33.963+0600][10.809s][info][gc,heap     ] GC(11) Old regions: 9->11
[2026-04-03T01:39:33.963+0600][10.809s][info][gc,heap     ] GC(11) Humongous regions: 10->3
[2026-04-03T01:39:33.963+0600][10.809s][info][gc,metaspace] GC(11) Metaspace: 50178K(50624K)->50178K(50624K) NonClass: 43952K(44224K)->43952K(44224K) Class: 6226K(6400K)->6226K(6400K)
[2026-04-03T01:39:33.963+0600][10.809s][info][gc          ] GC(11) Pause Young (Mixed) (G1 Evacuation Pause) 96M->31M(110M) 16.884ms
[2026-04-03T01:39:33.963+0600][10.809s][info][gc,cpu      ] GC(11) User=0.03s Sys=0.00s Real=0.02s
[2026-04-03T01:39:34.625+0600][11.471s][info][gc,start    ] GC(12) Pause Young (Concurrent Start) (Metadata GC Threshold)
[2026-04-03T01:39:34.625+0600][11.472s][info][gc,task     ] GC(12) Using 2 workers of 10 for evacuation
[2026-04-03T01:39:34.655+0600][11.501s][info][gc,phases   ] GC(12)   Pre Evacuate Collection Set: 0.43ms
[2026-04-03T01:39:34.655+0600][11.501s][info][gc,phases   ] GC(12)   Merge Heap Roots: 0.19ms
[2026-04-03T01:39:34.655+0600][11.501s][info][gc,phases   ] GC(12)   Evacuate Collection Set: 27.02ms
[2026-04-03T01:39:34.655+0600][11.501s][info][gc,phases   ] GC(12)   Post Evacuate Collection Set: 1.16ms
[2026-04-03T01:39:34.655+0600][11.501s][info][gc,phases   ] GC(12)   Other: 0.46ms
[2026-04-03T01:39:34.655+0600][11.501s][info][gc,heap     ] GC(12) Eden regions: 23->0(29)
[2026-04-03T01:39:34.655+0600][11.501s][info][gc,heap     ] GC(12) Survivor regions: 3->4(5)
[2026-04-03T01:39:34.655+0600][11.501s][info][gc,heap     ] GC(12) Old regions: 11->11
[2026-04-03T01:39:34.655+0600][11.501s][info][gc,heap     ] GC(12) Humongous regions: 3->3
[2026-04-03T01:39:34.655+0600][11.501s][info][gc,metaspace] GC(12) Metaspace: 60160K(60608K)->60160K(60608K) NonClass: 52761K(53056K)->52761K(53056K) Class: 7399K(7552K)->7399K(7552K)
[2026-04-03T01:39:34.655+0600][11.501s][info][gc          ] GC(12) Pause Young (Concurrent Start) (Metadata GC Threshold) 77M->33M(110M) 29.835ms
[2026-04-03T01:39:34.655+0600][11.501s][info][gc,cpu      ] GC(12) User=0.10s Sys=0.00s Real=0.03s
[2026-04-03T01:39:34.655+0600][11.501s][info][gc          ] GC(13) Concurrent Mark Cycle
[2026-04-03T01:39:34.655+0600][11.502s][info][gc,marking  ] GC(13) Concurrent Scan Root Regions
[2026-04-03T01:39:34.668+0600][11.514s][info][gc,marking  ] GC(13) Concurrent Scan Root Regions 12.480ms
[2026-04-03T01:39:34.668+0600][11.514s][info][gc,marking  ] GC(13) Concurrent Mark
[2026-04-03T01:39:34.668+0600][11.514s][info][gc,marking  ] GC(13) Concurrent Mark From Roots
[2026-04-03T01:39:34.668+0600][11.514s][info][gc,task     ] GC(13) Using 3 workers of 3 for marking
[2026-04-03T01:39:34.704+0600][11.550s][info][gc,marking  ] GC(13) Concurrent Mark From Roots 35.611ms
[2026-04-03T01:39:34.704+0600][11.550s][info][gc,marking  ] GC(13) Concurrent Preclean
[2026-04-03T01:39:34.704+0600][11.550s][info][gc,marking  ] GC(13) Concurrent Preclean 0.143ms
[2026-04-03T01:39:34.704+0600][11.550s][info][gc,start    ] GC(13) Pause Remark
[2026-04-03T01:39:34.714+0600][11.560s][info][gc          ] GC(13) Pause Remark 34M->34M(110M) 9.945ms
[2026-04-03T01:39:34.714+0600][11.560s][info][gc,cpu      ] GC(13) User=0.03s Sys=0.00s Real=0.01s
[2026-04-03T01:39:34.714+0600][11.560s][info][gc,marking  ] GC(13) Concurrent Mark 46.262ms
[2026-04-03T01:39:34.714+0600][11.560s][info][gc,marking  ] GC(13) Concurrent Rebuild Remembered Sets and Scrub Regions
[2026-04-03T01:39:34.723+0600][11.569s][info][gc,marking  ] GC(13) Concurrent Rebuild Remembered Sets and Scrub Regions 8.663ms
[2026-04-03T01:39:34.723+0600][11.569s][info][gc,start    ] GC(13) Pause Cleanup
[2026-04-03T01:39:34.724+0600][11.570s][info][gc          ] GC(13) Pause Cleanup 34M->34M(110M) 0.202ms
[2026-04-03T01:39:34.724+0600][11.570s][info][gc,cpu      ] GC(13) User=0.00s Sys=0.00s Real=0.00s
[2026-04-03T01:39:34.724+0600][11.570s][info][gc,marking  ] GC(13) Concurrent Clear Claimed Marks
[2026-04-03T01:39:34.724+0600][11.570s][info][gc,marking  ] GC(13) Concurrent Clear Claimed Marks 0.178ms
[2026-04-03T01:39:34.724+0600][11.570s][info][gc,marking  ] GC(13) Concurrent Cleanup for Next Mark
[2026-04-03T01:39:34.725+0600][11.571s][info][gc,marking  ] GC(13) Concurrent Cleanup for Next Mark 0.665ms
[2026-04-03T01:39:34.725+0600][11.571s][info][gc          ] GC(13) Concurrent Mark Cycle 69.346ms
[2026-04-03T01:39:35.306+0600][12.153s][info][gc,start    ] GC(14) Pause Young (Prepare Mixed) (G1 Evacuation Pause)
[2026-04-03T01:39:35.307+0600][12.153s][info][gc,task     ] GC(14) Using 2 workers of 10 for evacuation
[2026-04-03T01:39:35.319+0600][12.165s][info][gc,phases   ] GC(14)   Pre Evacuate Collection Set: 0.35ms
[2026-04-03T01:39:35.319+0600][12.165s][info][gc,phases   ] GC(14)   Merge Heap Roots: 0.17ms
[2026-04-03T01:39:35.319+0600][12.165s][info][gc,phases   ] GC(14)   Evacuate Collection Set: 10.64ms
[2026-04-03T01:39:35.319+0600][12.165s][info][gc,phases   ] GC(14)   Post Evacuate Collection Set: 1.48ms
[2026-04-03T01:39:35.319+0600][12.165s][info][gc,phases   ] GC(14)   Other: 0.07ms
[2026-04-03T01:39:35.319+0600][12.165s][info][gc,heap     ] GC(14) Eden regions: 29->0(35)
[2026-04-03T01:39:35.319+0600][12.165s][info][gc,heap     ] GC(14) Survivor regions: 4->4(5)
[2026-04-03T01:39:35.319+0600][12.165s][info][gc,heap     ] GC(14) Old regions: 11->12
[2026-04-03T01:39:35.319+0600][12.165s][info][gc,heap     ] GC(14) Humongous regions: 3->3
[2026-04-03T01:39:35.319+0600][12.165s][info][gc,metaspace] GC(14) Metaspace: 63431K(63936K)->63431K(63936K) NonClass: 55623K(55936K)->55623K(55936K) Class: 7808K(8000K)->7808K(8000K)
[2026-04-03T01:39:35.319+0600][12.165s][info][gc          ] GC(14) Pause Young (Prepare Mixed) (G1 Evacuation Pause) 91M->35M(132M) 12.908ms
[2026-04-03T01:39:35.319+0600][12.165s][info][gc,cpu      ] GC(14) User=0.02s Sys=0.01s Real=0.01s
[2026-04-03T01:39:35.868+0600][12.714s][info][gc,start    ] GC(15) Pause Young (Mixed) (G1 Evacuation Pause)
[2026-04-03T01:39:35.868+0600][12.714s][info][gc,task     ] GC(15) Using 3 workers of 10 for evacuation
[2026-04-03T01:39:35.884+0600][12.730s][info][gc,phases   ] GC(15)   Pre Evacuate Collection Set: 0.33ms
[2026-04-03T01:39:35.884+0600][12.730s][info][gc,phases   ] GC(15)   Merge Heap Roots: 0.18ms
[2026-04-03T01:39:35.884+0600][12.730s][info][gc,phases   ] GC(15)   Evacuate Collection Set: 14.21ms
[2026-04-03T01:39:35.884+0600][12.730s][info][gc,phases   ] GC(15)   Post Evacuate Collection Set: 1.51ms
[2026-04-03T01:39:35.884+0600][12.730s][info][gc,phases   ] GC(15)   Other: 0.07ms
[2026-04-03T01:39:35.884+0600][12.730s][info][gc,heap     ] GC(15) Eden regions: 35->0(35)
[2026-04-03T01:39:35.884+0600][12.730s][info][gc,heap     ] GC(15) Survivor regions: 4->4(5)
[2026-04-03T01:39:35.884+0600][12.730s][info][gc,heap     ] GC(15) Old regions: 12->13
[2026-04-03T01:39:35.884+0600][12.730s][info][gc,heap     ] GC(15) Humongous regions: 3->3
[2026-04-03T01:39:35.884+0600][12.730s][info][gc,metaspace] GC(15) Metaspace: 71077K(71552K)->71077K(71552K) NonClass: 62379K(62656K)->62379K(62656K) Class: 8698K(8896K)->8698K(8896K)
[2026-04-03T01:39:35.884+0600][12.730s][info][gc          ] GC(15) Pause Young (Mixed) (G1 Evacuation Pause) 105M->38M(132M) 16.524ms
[2026-04-03T01:39:35.884+0600][12.730s][info][gc,cpu      ] GC(15) User=0.04s Sys=0.00s Real=0.02s
[2026-04-03T01:39:36.577+0600][13.423s][info][gc,start    ] GC(16) Pause Young (Normal) (G1 Evacuation Pause)
[2026-04-03T01:39:36.577+0600][13.423s][info][gc,task     ] GC(16) Using 3 workers of 10 for evacuation
[2026-04-03T01:39:36.588+0600][13.434s][info][gc,phases   ] GC(16)   Pre Evacuate Collection Set: 0.12ms
[2026-04-03T01:39:36.588+0600][13.435s][info][gc,phases   ] GC(16)   Merge Heap Roots: 0.13ms
[2026-04-03T01:39:36.588+0600][13.435s][info][gc,phases   ] GC(16)   Evacuate Collection Set: 9.76ms
[2026-04-03T01:39:36.588+0600][13.435s][info][gc,phases   ] GC(16)   Post Evacuate Collection Set: 1.42ms
[2026-04-03T01:39:36.588+0600][13.435s][info][gc,phases   ] GC(16)   Other: 0.07ms
[2026-04-03T01:39:36.588+0600][13.435s][info][gc,heap     ] GC(16) Eden regions: 35->0(34)
[2026-04-03T01:39:36.588+0600][13.435s][info][gc,heap     ] GC(16) Survivor regions: 4->5(5)
[2026-04-03T01:39:36.588+0600][13.435s][info][gc,heap     ] GC(16) Old regions: 13->14
[2026-04-03T01:39:36.588+0600][13.435s][info][gc,heap     ] GC(16) Humongous regions: 3->3
[2026-04-03T01:39:36.589+0600][13.435s][info][gc,metaspace] GC(16) Metaspace: 82262K(82752K)->82262K(82752K) NonClass: 72183K(72512K)->72183K(72512K) Class: 10078K(10240K)->10078K(10240K)
[2026-04-03T01:39:36.589+0600][13.435s][info][gc          ] GC(16) Pause Young (Normal) (G1 Evacuation Pause) 108M->41M(132M) 11.732ms
[2026-04-03T01:39:36.589+0600][13.435s][info][gc,cpu      ] GC(16) User=0.04s Sys=0.00s Real=0.01s
[2026-04-03T01:39:37.633+0600][14.479s][info][gc,start    ] GC(17) Pause Young (Concurrent Start) (G1 Evacuation Pause)
[2026-04-03T01:39:37.633+0600][14.479s][info][gc,task     ] GC(17) Using 3 workers of 10 for evacuation
[2026-04-03T01:39:37.645+0600][14.491s][info][gc,phases   ] GC(17)   Pre Evacuate Collection Set: 0.24ms
[2026-04-03T01:39:37.656+0600][14.503s][info][gc,phases   ] GC(17)   Merge Heap Roots: 0.17ms
[2026-04-03T01:39:37.656+0600][14.503s][info][gc,phases   ] GC(17)   Evacuate Collection Set: 10.62ms
[2026-04-03T01:39:37.656+0600][14.503s][info][gc,phases   ] GC(17)   Post Evacuate Collection Set: 0.75ms
[2026-04-03T01:39:37.656+0600][14.503s][info][gc,phases   ] GC(17)   Other: 0.17ms
[2026-04-03T01:39:37.657+0600][14.503s][info][gc,heap     ] GC(17) Eden regions: 34->0(35)
[2026-04-03T01:39:37.657+0600][14.503s][info][gc,heap     ] GC(17) Survivor regions: 5->4(5)
[2026-04-03T01:39:37.657+0600][14.503s][info][gc,heap     ] GC(17) Old regions: 14->17
[2026-04-03T01:39:37.657+0600][14.503s][info][gc,heap     ] GC(17) Humongous regions: 3->3
[2026-04-03T01:39:37.657+0600][14.503s][info][gc,metaspace] GC(17) Metaspace: 95048K(95552K)->95048K(95552K) NonClass: 83308K(83584K)->83308K(83584K) Class: 11739K(11968K)->11739K(11968K)
[2026-04-03T01:39:37.657+0600][14.503s][info][gc          ] GC(17) Pause Young (Concurrent Start) (G1 Evacuation Pause) 109M->45M(132M) 23.492ms
[2026-04-03T01:39:37.657+0600][14.503s][info][gc,cpu      ] GC(17) User=0.03s Sys=0.00s Real=0.02s
[2026-04-03T01:39:37.657+0600][14.503s][info][gc          ] GC(18) Concurrent Mark Cycle
[2026-04-03T01:39:37.657+0600][14.503s][info][gc,marking  ] GC(18) Concurrent Scan Root Regions
[2026-04-03T01:39:37.663+0600][14.509s][info][gc,marking  ] GC(18) Concurrent Scan Root Regions 6.271ms
[2026-04-03T01:39:37.663+0600][14.509s][info][gc,marking  ] GC(18) Concurrent Mark
[2026-04-03T01:39:37.663+0600][14.509s][info][gc,marking  ] GC(18) Concurrent Mark From Roots
[2026-04-03T01:39:37.663+0600][14.509s][info][gc,task     ] GC(18) Using 3 workers of 3 for marking
[2026-04-03T01:39:37.676+0600][14.522s][info][gc,marking  ] GC(18) Concurrent Mark From Roots 12.644ms
[2026-04-03T01:39:37.676+0600][14.522s][info][gc,marking  ] GC(18) Concurrent Preclean
[2026-04-03T01:39:37.676+0600][14.522s][info][gc,marking  ] GC(18) Concurrent Preclean 0.161ms
[2026-04-03T01:39:37.676+0600][14.522s][info][gc,start    ] GC(18) Pause Remark
[2026-04-03T01:39:37.683+0600][14.529s][info][gc          ] GC(18) Pause Remark 47M->47M(132M) 6.738ms
[2026-04-03T01:39:37.683+0600][14.529s][info][gc,cpu      ] GC(18) User=0.02s Sys=0.00s Real=0.01s
[2026-04-03T01:39:37.683+0600][14.529s][info][gc,marking  ] GC(18) Concurrent Mark 19.866ms
[2026-04-03T01:39:37.683+0600][14.529s][info][gc,marking  ] GC(18) Concurrent Rebuild Remembered Sets and Scrub Regions
[2026-04-03T01:39:37.691+0600][14.537s][info][gc,marking  ] GC(18) Concurrent Rebuild Remembered Sets and Scrub Regions 7.711ms
[2026-04-03T01:39:37.691+0600][14.537s][info][gc,start    ] GC(18) Pause Cleanup
[2026-04-03T01:39:37.691+0600][14.537s][info][gc          ] GC(18) Pause Cleanup 47M->47M(132M) 0.167ms
[2026-04-03T01:39:37.691+0600][14.537s][info][gc,cpu      ] GC(18) User=0.00s Sys=0.00s Real=0.00s
[2026-04-03T01:39:37.691+0600][14.537s][info][gc,marking  ] GC(18) Concurrent Clear Claimed Marks
[2026-04-03T01:39:37.691+0600][14.537s][info][gc,marking  ] GC(18) Concurrent Clear Claimed Marks 0.072ms
[2026-04-03T01:39:37.691+0600][14.537s][info][gc,marking  ] GC(18) Concurrent Cleanup for Next Mark
[2026-04-03T01:39:37.692+0600][14.538s][info][gc,marking  ] GC(18) Concurrent Cleanup for Next Mark 0.302ms
[2026-04-03T01:39:37.692+0600][14.538s][info][gc          ] GC(18) Concurrent Mark Cycle 34.983ms
[2026-04-03T01:39:38.633+0600][15.479s][info][gc,start    ] GC(19) Pause Young (Prepare Mixed) (G1 Evacuation Pause)
[2026-04-03T01:39:38.633+0600][15.479s][info][gc,task     ] GC(19) Using 3 workers of 10 for evacuation
[2026-04-03T01:39:38.647+0600][15.493s][info][gc,phases   ] GC(19)   Pre Evacuate Collection Set: 0.25ms
[2026-04-03T01:39:38.647+0600][15.493s][info][gc,phases   ] GC(19)   Merge Heap Roots: 0.17ms
[2026-04-03T01:39:38.647+0600][15.493s][info][gc,phases   ] GC(19)   Evacuate Collection Set: 12.24ms
[2026-04-03T01:39:38.647+0600][15.493s][info][gc,phases   ] GC(19)   Post Evacuate Collection Set: 0.87ms
[2026-04-03T01:39:38.647+0600][15.493s][info][gc,phases   ] GC(19)   Other: 0.09ms
[2026-04-03T01:39:38.647+0600][15.493s][info][gc,heap     ] GC(19) Eden regions: 35->0(43)
[2026-04-03T01:39:38.647+0600][15.493s][info][gc,heap     ] GC(19) Survivor regions: 4->5(5)
[2026-04-03T01:39:38.647+0600][15.493s][info][gc,heap     ] GC(19) Old regions: 17->18
[2026-04-03T01:39:38.647+0600][15.493s][info][gc,heap     ] GC(19) Humongous regions: 5->3
[2026-04-03T01:39:38.647+0600][15.493s][info][gc,metaspace] GC(19) Metaspace: 103977K(104576K)->103977K(104576K) NonClass: 90912K(91264K)->90912K(91264K) Class: 13065K(13312K)->13065K(13312K)
[2026-04-03T01:39:38.647+0600][15.493s][info][gc          ] GC(19) Pause Young (Prepare Mixed) (G1 Evacuation Pause) 119M->51M(162M) 13.894ms
[2026-04-03T01:39:38.647+0600][15.493s][info][gc,cpu      ] GC(19) User=0.05s Sys=0.00s Real=0.01s
[2026-04-03T01:39:40.284+0600][17.130s][info][gc,start    ] GC(20) Pause Young (Mixed) (G1 Evacuation Pause)
[2026-04-03T01:39:40.284+0600][17.130s][info][gc,task     ] GC(20) Using 7 workers of 10 for evacuation
[2026-04-03T01:39:40.301+0600][17.147s][info][gc,phases   ] GC(20)   Pre Evacuate Collection Set: 0.26ms
[2026-04-03T01:39:40.301+0600][17.147s][info][gc,phases   ] GC(20)   Merge Heap Roots: 0.22ms
[2026-04-03T01:39:40.301+0600][17.147s][info][gc,phases   ] GC(20)   Evacuate Collection Set: 14.64ms
[2026-04-03T01:39:40.301+0600][17.147s][info][gc,phases   ] GC(20)   Post Evacuate Collection Set: 1.48ms
[2026-04-03T01:39:40.301+0600][17.147s][info][gc,phases   ] GC(20)   Other: 0.13ms
[2026-04-03T01:39:40.301+0600][17.147s][info][gc,heap     ] GC(20) Eden regions: 41->0(43)
[2026-04-03T01:39:40.301+0600][17.147s][info][gc,heap     ] GC(20) Survivor regions: 5->7(7)
[2026-04-03T01:39:40.301+0600][17.147s][info][gc,heap     ] GC(20) Old regions: 18->20
[2026-04-03T01:39:40.301+0600][17.147s][info][gc,heap     ] GC(20) Humongous regions: 89->83
[2026-04-03T01:39:40.301+0600][17.147s][info][gc,metaspace] GC(20) Metaspace: 113018K(114432K)->113018K(114432K) NonClass: 98446K(99264K)->98446K(99264K) Class: 14571K(15168K)->14571K(15168K)
[2026-04-03T01:39:40.301+0600][17.147s][info][gc          ] GC(20) Pause Young (Mixed) (G1 Evacuation Pause) 305M->218M(326M) 17.078ms
[2026-04-03T01:39:40.301+0600][17.147s][info][gc,cpu      ] GC(20) User=0.13s Sys=0.02s Real=0.02s
[2026-04-03T01:39:40.646+0600][17.492s][info][gc,start    ] GC(21) Pause Young (Concurrent Start) (G1 Humongous Allocation)
[2026-04-03T01:39:40.646+0600][17.492s][info][gc,task     ] GC(21) Using 7 workers of 10 for evacuation
[2026-04-03T01:39:40.656+0600][17.502s][info][gc,phases   ] GC(21)   Pre Evacuate Collection Set: 0.32ms
[2026-04-03T01:39:40.656+0600][17.502s][info][gc,phases   ] GC(21)   Merge Heap Roots: 0.13ms
[2026-04-03T01:39:40.656+0600][17.502s][info][gc,phases   ] GC(21)   Evacuate Collection Set: 8.42ms
[2026-04-03T01:39:40.656+0600][17.502s][info][gc,phases   ] GC(21)   Post Evacuate Collection Set: 0.82ms
[2026-04-03T01:39:40.656+0600][17.502s][info][gc,phases   ] GC(21)   Other: 0.17ms
[2026-04-03T01:39:40.656+0600][17.502s][info][gc,heap     ] GC(21) Eden regions: 8->0(61)
[2026-04-03T01:39:40.656+0600][17.502s][info][gc,heap     ] GC(21) Survivor regions: 7->1(7)
[2026-04-03T01:39:40.656+0600][17.502s][info][gc,heap     ] GC(21) Old regions: 20->25
[2026-04-03T01:39:40.656+0600][17.503s][info][gc,heap     ] GC(21) Humongous regions: 83->67
[2026-04-03T01:39:40.656+0600][17.503s][info][gc,metaspace] GC(21) Metaspace: 114297K(115776K)->114297K(115776K) NonClass: 99459K(100288K)->99459K(100288K) Class: 14837K(15488K)->14837K(15488K)
[2026-04-03T01:39:40.657+0600][17.503s][info][gc          ] GC(21) Pause Young (Concurrent Start) (G1 Humongous Allocation) 233M->185M(326M) 10.292ms
[2026-04-03T01:39:40.657+0600][17.503s][info][gc,cpu      ] GC(21) User=0.07s Sys=0.00s Real=0.01s
[2026-04-03T01:39:40.657+0600][17.503s][info][gc          ] GC(22) Concurrent Mark Cycle
[2026-04-03T01:39:40.657+0600][17.503s][info][gc,marking  ] GC(22) Concurrent Scan Root Regions
[2026-04-03T01:39:40.668+0600][17.515s][info][gc,marking  ] GC(22) Concurrent Scan Root Regions 11.799ms
[2026-04-03T01:39:40.669+0600][17.515s][info][gc,marking  ] GC(22) Concurrent Mark
[2026-04-03T01:39:40.669+0600][17.515s][info][gc,marking  ] GC(22) Concurrent Mark From Roots
[2026-04-03T01:39:40.669+0600][17.515s][info][gc,task     ] GC(22) Using 3 workers of 3 for marking
[2026-04-03T01:39:40.702+0600][17.548s][info][gc,marking  ] GC(22) Concurrent Mark From Roots 33.640ms
[2026-04-03T01:39:40.702+0600][17.548s][info][gc,marking  ] GC(22) Concurrent Preclean
[2026-04-03T01:39:40.703+0600][17.549s][info][gc,marking  ] GC(22) Concurrent Preclean 0.226ms
[2026-04-03T01:39:40.703+0600][17.549s][info][gc,start    ] GC(22) Pause Remark
[2026-04-03T01:39:40.711+0600][17.557s][info][gc          ] GC(22) Pause Remark 207M->207M(338M) 8.554ms
[2026-04-03T01:39:40.712+0600][17.558s][info][gc,cpu      ] GC(22) User=0.05s Sys=0.01s Real=0.01s
[2026-04-03T01:39:40.712+0600][17.558s][info][gc,marking  ] GC(22) Concurrent Mark 43.175ms
[2026-04-03T01:39:40.712+0600][17.558s][info][gc,marking  ] GC(22) Concurrent Rebuild Remembered Sets and Scrub Regions
[2026-04-03T01:39:40.733+0600][17.579s][info][gc,marking  ] GC(22) Concurrent Rebuild Remembered Sets and Scrub Regions 20.854ms
[2026-04-03T01:39:40.733+0600][17.579s][info][gc,start    ] GC(22) Pause Cleanup
[2026-04-03T01:39:40.734+0600][17.580s][info][gc          ] GC(22) Pause Cleanup 208M->208M(338M) 0.246ms
[2026-04-03T01:39:40.734+0600][17.580s][info][gc,cpu      ] GC(22) User=0.00s Sys=0.00s Real=0.00s
[2026-04-03T01:39:40.734+0600][17.580s][info][gc,marking  ] GC(22) Concurrent Clear Claimed Marks
[2026-04-03T01:39:40.734+0600][17.580s][info][gc,marking  ] GC(22) Concurrent Clear Claimed Marks 0.394ms
[2026-04-03T01:39:40.734+0600][17.580s][info][gc,marking  ] GC(22) Concurrent Cleanup for Next Mark
[2026-04-03T01:39:40.737+0600][17.583s][info][gc,marking  ] GC(22) Concurrent Cleanup for Next Mark 2.485ms
[2026-04-03T01:39:40.737+0600][17.583s][info][gc          ] GC(22) Concurrent Mark Cycle 80.094ms
[2026-04-03T01:39:41.597+0600][18.444s][info][gc,start    ] GC(23) Pause Young (Prepare Mixed) (G1 Evacuation Pause)
[2026-04-03T01:39:41.598+0600][18.444s][info][gc,task     ] GC(23) Using 8 workers of 10 for evacuation
[2026-04-03T01:39:41.602+0600][18.448s][info][gc,phases   ] GC(23)   Pre Evacuate Collection Set: 0.38ms
[2026-04-03T01:39:41.602+0600][18.448s][info][gc,phases   ] GC(23)   Merge Heap Roots: 0.13ms
[2026-04-03T01:39:41.602+0600][18.448s][info][gc,phases   ] GC(23)   Evacuate Collection Set: 3.28ms
[2026-04-03T01:39:41.602+0600][18.448s][info][gc,phases   ] GC(23)   Post Evacuate Collection Set: 0.68ms
[2026-04-03T01:39:41.602+0600][18.448s][info][gc,phases   ] GC(23)   Other: 0.10ms
[2026-04-03T01:39:41.602+0600][18.448s][info][gc,heap     ] GC(23) Eden regions: 33->0(67)
[2026-04-03T01:39:41.602+0600][18.448s][info][gc,heap     ] GC(23) Survivor regions: 1->2(8)
[2026-04-03T01:39:41.602+0600][18.448s][info][gc,heap     ] GC(23) Old regions: 25->25
[2026-04-03T01:39:41.602+0600][18.448s][info][gc,heap     ] GC(23) Humongous regions: 110->67
[2026-04-03T01:39:41.602+0600][18.448s][info][gc,metaspace] GC(23) Metaspace: 117010K(118592K)->117010K(118592K) NonClass: 101692K(102592K)->101692K(102592K) Class: 15318K(16000K)->15318K(16000K)
[2026-04-03T01:39:41.602+0600][18.448s][info][gc          ] GC(23) Pause Young (Prepare Mixed) (G1 Evacuation Pause) 337M->186M(342M) 4.866ms
[2026-04-03T01:39:41.602+0600][18.448s][info][gc,cpu      ] GC(23) User=0.03s Sys=0.00s Real=0.01s
[2026-04-03T01:39:41.996+0600][18.842s][info][gc,start    ] GC(24) Pause Young (Mixed) (G1 Evacuation Pause)
[2026-04-03T01:39:41.996+0600][18.842s][info][gc,task     ] GC(24) Using 8 workers of 10 for evacuation
[2026-04-03T01:39:42.128+0600][18.974s][info][gc,phases   ] GC(24)   Pre Evacuate Collection Set: 0.44ms
[2026-04-03T01:39:42.128+0600][18.974s][info][gc,phases   ] GC(24)   Merge Heap Roots: 0.21ms
[2026-04-03T01:39:42.128+0600][18.974s][info][gc,phases   ] GC(24)   Evacuate Collection Set: 130.55ms
[2026-04-03T01:39:42.128+0600][18.974s][info][gc,phases   ] GC(24)   Post Evacuate Collection Set: 1.05ms
[2026-04-03T01:39:42.128+0600][18.974s][info][gc,phases   ] GC(24)   Other: 0.12ms
[2026-04-03T01:39:42.128+0600][18.974s][info][gc,heap     ] GC(24) Eden regions: 66->0(56)
[2026-04-03T01:39:42.128+0600][18.974s][info][gc,heap     ] GC(24) Survivor regions: 2->9(9)
[2026-04-03T01:39:42.128+0600][18.974s][info][gc,heap     ] GC(24) Old regions: 25->35
[2026-04-03T01:39:42.128+0600][18.974s][info][gc,heap     ] GC(24) Humongous regions: 78->69
[2026-04-03T01:39:42.128+0600][18.974s][info][gc,metaspace] GC(24) Metaspace: 117443K(119104K)->117443K(119104K) NonClass: 102064K(103040K)->102064K(103040K) Class: 15378K(16064K)->15378K(16064K)
[2026-04-03T01:39:42.128+0600][18.974s][info][gc          ] GC(24) Pause Young (Mixed) (G1 Evacuation Pause) 340M->225M(382M) 132.753ms
[2026-04-03T01:39:42.128+0600][18.974s][info][gc,cpu      ] GC(24) User=0.98s Sys=0.06s Real=0.13s
[2026-04-03T01:39:42.135+0600][18.981s][info][gc,start    ] GC(25) Pause Young (Concurrent Start) (G1 Humongous Allocation)
[2026-04-03T01:39:42.136+0600][18.982s][info][gc,task     ] GC(25) Using 9 workers of 10 for evacuation
[2026-04-03T01:39:42.152+0600][18.998s][info][gc,phases   ] GC(25)   Pre Evacuate Collection Set: 0.35ms
[2026-04-03T01:39:42.152+0600][18.998s][info][gc,phases   ] GC(25)   Merge Heap Roots: 0.16ms
[2026-04-03T01:39:42.152+0600][18.998s][info][gc,phases   ] GC(25)   Evacuate Collection Set: 14.96ms
[2026-04-03T01:39:42.152+0600][18.998s][info][gc,phases   ] GC(25)   Post Evacuate Collection Set: 0.71ms
[2026-04-03T01:39:42.152+0600][18.998s][info][gc,phases   ] GC(25)   Other: 0.17ms
[2026-04-03T01:39:42.152+0600][18.998s][info][gc,heap     ] GC(25) Eden regions: 2->0(56)
[2026-04-03T01:39:42.152+0600][18.998s][info][gc,heap     ] GC(25) Survivor regions: 9->2(9)
[2026-04-03T01:39:42.152+0600][18.998s][info][gc,heap     ] GC(25) Old regions: 35->45
[2026-04-03T01:39:42.152+0600][18.998s][info][gc,heap     ] GC(25) Humongous regions: 69->69
[2026-04-03T01:39:42.152+0600][18.998s][info][gc,metaspace] GC(25) Metaspace: 117443K(119104K)->117443K(119104K) NonClass: 102065K(103040K)->102065K(103040K) Class: 15378K(16064K)->15378K(16064K)
[2026-04-03T01:39:42.152+0600][18.998s][info][gc          ] GC(25) Pause Young (Concurrent Start) (G1 Humongous Allocation) 227M->229M(382M) 16.755ms
[2026-04-03T01:39:42.152+0600][18.998s][info][gc,cpu      ] GC(25) User=0.10s Sys=0.00s Real=0.02s
[2026-04-03T01:39:42.152+0600][18.998s][info][gc          ] GC(26) Concurrent Mark Cycle
[2026-04-03T01:39:42.152+0600][18.998s][info][gc,marking  ] GC(26) Concurrent Scan Root Regions
[2026-04-03T01:39:42.161+0600][19.007s][info][gc,marking  ] GC(26) Concurrent Scan Root Regions 8.629ms
[2026-04-03T01:39:42.161+0600][19.007s][info][gc,marking  ] GC(26) Concurrent Mark
[2026-04-03T01:39:42.161+0600][19.007s][info][gc,marking  ] GC(26) Concurrent Mark From Roots
[2026-04-03T01:39:42.161+0600][19.007s][info][gc,task     ] GC(26) Using 3 workers of 3 for marking
[2026-04-03T01:39:42.286+0600][19.132s][info][gc,marking  ] GC(26) Concurrent Mark From Roots 124.452ms
[2026-04-03T01:39:42.286+0600][19.132s][info][gc,marking  ] GC(26) Concurrent Preclean
[2026-04-03T01:39:42.286+0600][19.132s][info][gc,marking  ] GC(26) Concurrent Preclean 0.491ms
[2026-04-03T01:39:42.287+0600][19.133s][info][gc,start    ] GC(26) Pause Remark
[2026-04-03T01:39:42.307+0600][19.154s][info][gc          ] GC(26) Pause Remark 259M->259M(408M) 20.752ms
[2026-04-03T01:39:42.308+0600][19.154s][info][gc,cpu      ] GC(26) User=0.17s Sys=0.00s Real=0.02s
[2026-04-03T01:39:42.310+0600][19.156s][info][gc,marking  ] GC(26) Concurrent Mark 148.576ms
[2026-04-03T01:39:42.310+0600][19.156s][info][gc,marking  ] GC(26) Concurrent Rebuild Remembered Sets and Scrub Regions
[2026-04-03T01:39:42.381+0600][19.227s][info][gc,marking  ] GC(26) Concurrent Rebuild Remembered Sets and Scrub Regions 71.213ms
[2026-04-03T01:39:42.381+0600][19.227s][info][gc,start    ] GC(26) Pause Cleanup
[2026-04-03T01:39:42.382+0600][19.228s][info][gc          ] GC(26) Pause Cleanup 307M->307M(408M) 0.322ms
[2026-04-03T01:39:42.382+0600][19.228s][info][gc,cpu      ] GC(26) User=0.00s Sys=0.00s Real=0.00s
[2026-04-03T01:39:42.382+0600][19.228s][info][gc,marking  ] GC(26) Concurrent Clear Claimed Marks
[2026-04-03T01:39:42.382+0600][19.228s][info][gc,marking  ] GC(26) Concurrent Clear Claimed Marks 0.280ms
[2026-04-03T01:39:42.382+0600][19.228s][info][gc,marking  ] GC(26) Concurrent Cleanup for Next Mark
[2026-04-03T01:39:42.386+0600][19.232s][info][gc,marking  ] GC(26) Concurrent Cleanup for Next Mark 3.674ms
[2026-04-03T01:39:42.386+0600][19.232s][info][gc          ] GC(26) Concurrent Mark Cycle 233.674ms
[2026-04-03T01:39:42.762+0600][19.609s][info][gc,start    ] GC(27) Pause Young (Prepare Mixed) (G1 Evacuation Pause)
[2026-04-03T01:39:42.763+0600][19.609s][info][gc,task     ] GC(27) Using 9 workers of 10 for evacuation
[2026-04-03T01:39:42.771+0600][19.617s][info][gc,phases   ] GC(27)   Pre Evacuate Collection Set: 0.39ms
[2026-04-03T01:39:42.771+0600][19.617s][info][gc,phases   ] GC(27)   Merge Heap Roots: 0.19ms
[2026-04-03T01:39:42.771+0600][19.617s][info][gc,phases   ] GC(27)   Evacuate Collection Set: 7.07ms
[2026-04-03T01:39:42.771+0600][19.617s][info][gc,phases   ] GC(27)   Post Evacuate Collection Set: 0.73ms
[2026-04-03T01:39:42.771+0600][19.617s][info][gc,phases   ] GC(27)   Other: 0.15ms
[2026-04-03T01:39:42.771+0600][19.617s][info][gc,heap     ] GC(27) Eden regions: 56->0(43)
[2026-04-03T01:39:42.771+0600][19.617s][info][gc,heap     ] GC(27) Survivor regions: 2->8(8)
[2026-04-03T01:39:42.771+0600][19.617s][info][gc,heap     ] GC(27) Old regions: 45->46
[2026-04-03T01:39:42.771+0600][19.617s][info][gc,heap     ] GC(27) Humongous regions: 91->91
[2026-04-03T01:39:42.771+0600][19.617s][info][gc,metaspace] GC(27) Metaspace: 116780K(119104K)->116780K(119104K) NonClass: 101609K(103040K)->101609K(103040K) Class: 15171K(16064K)->15171K(16064K)
[2026-04-03T01:39:42.771+0600][19.618s][info][gc          ] GC(27) Pause Young (Prepare Mixed) (G1 Evacuation Pause) 385M->289M(408M) 8.974ms
[2026-04-03T01:39:42.772+0600][19.618s][info][gc,cpu      ] GC(27) User=0.06s Sys=0.01s Real=0.01s
[2026-04-03T01:39:44.021+0600][20.868s][info][gc,start    ] GC(28) Pause Young (Mixed) (G1 Evacuation Pause)
[2026-04-03T01:39:44.022+0600][20.868s][info][gc,task     ] GC(28) Using 9 workers of 10 for evacuation
[2026-04-03T01:39:44.030+0600][20.876s][info][gc,phases   ] GC(28)   Pre Evacuate Collection Set: 0.45ms
[2026-04-03T01:39:44.030+0600][20.876s][info][gc,phases   ] GC(28)   Merge Heap Roots: 0.20ms
[2026-04-03T01:39:44.030+0600][20.876s][info][gc,phases   ] GC(28)   Evacuate Collection Set: 6.77ms
[2026-04-03T01:39:44.030+0600][20.876s][info][gc,phases   ] GC(28)   Post Evacuate Collection Set: 0.73ms
[2026-04-03T01:39:44.030+0600][20.876s][info][gc,phases   ] GC(28)   Other: 0.14ms
[2026-04-03T01:39:44.030+0600][20.876s][info][gc,heap     ] GC(28) Eden regions: 43->0(51)
[2026-04-03T01:39:44.030+0600][20.876s][info][gc,heap     ] GC(28) Survivor regions: 8->2(7)
[2026-04-03T01:39:44.030+0600][20.876s][info][gc,heap     ] GC(28) Old regions: 46->48
[2026-04-03T01:39:44.030+0600][20.876s][info][gc,heap     ] GC(28) Humongous regions: 107->89
[2026-04-03T01:39:44.030+0600][20.876s][info][gc,metaspace] GC(28) Metaspace: 120659K(121920K)->120659K(121920K) NonClass: 105084K(105728K)->105084K(105728K) Class: 15575K(16192K)->15575K(16192K)
[2026-04-03T01:39:44.030+0600][20.876s][info][gc          ] GC(28) Pause Young (Mixed) (G1 Evacuation Pause) 407M->274M(418M) 8.690ms
[2026-04-03T01:39:44.030+0600][20.876s][info][gc,cpu      ] GC(28) User=0.05s Sys=0.01s Real=0.01s
[2026-04-03T01:39:44.269+0600][21.115s][info][gc,start    ] GC(29) Pause Young (Concurrent Start) (G1 Humongous Allocation)
[2026-04-03T01:39:44.269+0600][21.115s][info][gc,task     ] GC(29) Using 10 workers of 10 for evacuation
[2026-04-03T01:39:44.273+0600][21.119s][info][gc,phases   ] GC(29)   Pre Evacuate Collection Set: 0.47ms
[2026-04-03T01:39:44.273+0600][21.119s][info][gc,phases   ] GC(29)   Merge Heap Roots: 0.22ms
[2026-04-03T01:39:44.273+0600][21.119s][info][gc,phases   ] GC(29)   Evacuate Collection Set: 2.00ms
[2026-04-03T01:39:44.273+0600][21.119s][info][gc,phases   ] GC(29)   Post Evacuate Collection Set: 0.63ms
[2026-04-03T01:39:44.273+0600][21.119s][info][gc,phases   ] GC(29)   Other: 0.17ms
[2026-04-03T01:39:44.273+0600][21.119s][info][gc,heap     ] GC(29) Eden regions: 20->0(55)
[2026-04-03T01:39:44.273+0600][21.119s][info][gc,heap     ] GC(29) Survivor regions: 2->1(7)
[2026-04-03T01:39:44.273+0600][21.119s][info][gc,heap     ] GC(29) Old regions: 48->48
[2026-04-03T01:39:44.273+0600][21.119s][info][gc,heap     ] GC(29) Humongous regions: 89->89
[2026-04-03T01:39:44.273+0600][21.119s][info][gc,metaspace] GC(29) Metaspace: 120895K(122112K)->120895K(122112K) NonClass: 105298K(105920K)->105298K(105920K) Class: 15596K(16192K)->15596K(16192K)
[2026-04-03T01:39:44.273+0600][21.119s][info][gc          ] GC(29) Pause Young (Concurrent Start) (G1 Humongous Allocation) 314M->274M(418M) 3.954ms
[2026-04-03T01:39:44.273+0600][21.119s][info][gc          ] GC(30) Concurrent Mark Cycle
[2026-04-03T01:39:44.273+0600][21.119s][info][gc,marking  ] GC(30) Concurrent Scan Root Regions
[2026-04-03T01:39:44.273+0600][21.119s][info][gc,cpu      ] GC(29) User=0.02s Sys=0.00s Real=0.01s
[2026-04-03T01:39:44.277+0600][21.123s][info][gc,marking  ] GC(30) Concurrent Scan Root Regions 4.076ms
[2026-04-03T01:39:44.277+0600][21.123s][info][gc,marking  ] GC(30) Concurrent Mark
[2026-04-03T01:39:44.277+0600][21.123s][info][gc,marking  ] GC(30) Concurrent Mark From Roots
[2026-04-03T01:39:44.277+0600][21.123s][info][gc,task     ] GC(30) Using 3 workers of 3 for marking
[2026-04-03T01:39:44.373+0600][21.219s][info][gc,marking  ] GC(30) Concurrent Mark From Roots 95.828ms
[2026-04-03T01:39:44.373+0600][21.219s][info][gc,marking  ] GC(30) Concurrent Preclean
[2026-04-03T01:39:44.374+0600][21.220s][info][gc,marking  ] GC(30) Concurrent Preclean 0.478ms
[2026-04-03T01:39:44.376+0600][21.222s][info][gc,start    ] GC(30) Pause Remark
[2026-04-03T01:39:44.398+0600][21.244s][info][gc          ] GC(30) Pause Remark 287M->240M(418M) 21.508ms
[2026-04-03T01:39:44.398+0600][21.244s][info][gc,cpu      ] GC(30) User=0.18s Sys=0.00s Real=0.02s
[2026-04-03T01:39:44.398+0600][21.244s][info][gc,marking  ] GC(30) Concurrent Mark 120.753ms
[2026-04-03T01:39:44.398+0600][21.244s][info][gc,marking  ] GC(30) Concurrent Rebuild Remembered Sets and Scrub Regions
[2026-04-03T01:39:44.437+0600][21.283s][info][gc,marking  ] GC(30) Concurrent Rebuild Remembered Sets and Scrub Regions 39.047ms
[2026-04-03T01:39:44.438+0600][21.284s][info][gc,start    ] GC(30) Pause Cleanup
[2026-04-03T01:39:44.438+0600][21.284s][info][gc          ] GC(30) Pause Cleanup 244M->244M(418M) 0.383ms
[2026-04-03T01:39:44.438+0600][21.284s][info][gc,cpu      ] GC(30) User=0.00s Sys=0.00s Real=0.00s
[2026-04-03T01:39:44.438+0600][21.284s][info][gc,marking  ] GC(30) Concurrent Clear Claimed Marks
[2026-04-03T01:39:44.438+0600][21.284s][info][gc,marking  ] GC(30) Concurrent Clear Claimed Marks 0.286ms
[2026-04-03T01:39:44.438+0600][21.284s][info][gc,marking  ] GC(30) Concurrent Cleanup for Next Mark
[2026-04-03T01:39:44.439+0600][21.285s][info][gc,marking  ] GC(30) Concurrent Cleanup for Next Mark 0.870ms
[2026-04-03T01:39:44.439+0600][21.285s][info][gc          ] GC(30) Concurrent Mark Cycle 166.307ms
[2026-04-03T01:39:45.038+0600][21.885s][info][gc,start    ] GC(31) Pause Young (Prepare Mixed) (G1 Evacuation Pause)
[2026-04-03T01:39:45.039+0600][21.885s][info][gc,task     ] GC(31) Using 10 workers of 10 for evacuation
[2026-04-03T01:39:45.042+0600][21.888s][info][gc,phases   ] GC(31)   Pre Evacuate Collection Set: 0.23ms
[2026-04-03T01:39:45.042+0600][21.888s][info][gc,phases   ] GC(31)   Merge Heap Roots: 0.14ms
[2026-04-03T01:39:45.042+0600][21.888s][info][gc,phases   ] GC(31)   Evacuate Collection Set: 2.49ms
[2026-04-03T01:39:45.042+0600][21.888s][info][gc,phases   ] GC(31)   Post Evacuate Collection Set: 0.64ms
[2026-04-03T01:39:45.042+0600][21.888s][info][gc,phases   ] GC(31)   Other: 0.09ms
[2026-04-03T01:39:45.042+0600][21.888s][info][gc,heap     ] GC(31) Eden regions: 55->0(78)
[2026-04-03T01:39:45.042+0600][21.888s][info][gc,heap     ] GC(31) Survivor regions: 1->2(7)
[2026-04-03T01:39:45.042+0600][21.888s][info][gc,heap     ] GC(31) Old regions: 46->46
[2026-04-03T01:39:45.042+0600][21.888s][info][gc,heap     ] GC(31) Humongous regions: 87->67
[2026-04-03T01:39:45.042+0600][21.888s][info][gc,metaspace] GC(31) Metaspace: 121516K(122752K)->121516K(122752K) NonClass: 105864K(106496K)->105864K(106496K) Class: 15652K(16256K)->15652K(16256K)
[2026-04-03T01:39:45.042+0600][21.888s][info][gc          ] GC(31) Pause Young (Prepare Mixed) (G1 Evacuation Pause) 377M->228M(418M) 3.846ms
[2026-04-03T01:39:45.042+0600][21.888s][info][gc,cpu      ] GC(31) User=0.02s Sys=0.01s Real=0.01s
[2026-04-03T01:39:45.376+0600][22.222s][info][gc,start    ] GC(32) Pause Full (System.gc())
[2026-04-03T01:39:45.376+0600][22.223s][info][gc,task     ] GC(32) Using 10 workers of 10 for full compaction
[2026-04-03T01:39:45.377+0600][22.223s][info][gc,phases,start] GC(32) Phase 1: Mark live objects
[2026-04-03T01:39:45.474+0600][22.320s][info][gc,phases      ] GC(32) Phase 1: Mark live objects 96.571ms
[2026-04-03T01:39:45.474+0600][22.320s][info][gc,phases,start] GC(32) Phase 2: Prepare compaction
[2026-04-03T01:39:45.481+0600][22.328s][info][gc,phases      ] GC(32) Phase 2: Prepare compaction 7.773ms
[2026-04-03T01:39:45.481+0600][22.328s][info][gc,phases,start] GC(32) Phase 3: Adjust pointers
[2026-04-03T01:39:45.500+0600][22.346s][info][gc,phases      ] GC(32) Phase 3: Adjust pointers 18.660ms
[2026-04-03T01:39:45.500+0600][22.346s][info][gc,phases,start] GC(32) Phase 4: Compact heap
[2026-04-03T01:39:45.511+0600][22.357s][info][gc,phases      ] GC(32) Phase 4: Compact heap 10.356ms
[2026-04-03T01:39:45.511+0600][22.357s][info][gc,phases,start] GC(32) Phase 5: Reset Metadata
[2026-04-03T01:39:45.515+0600][22.361s][info][gc,phases      ] GC(32) Phase 5: Reset Metadata 4.556ms
[2026-04-03T01:39:45.529+0600][22.375s][info][gc,heap        ] GC(32) Eden regions: 75->0(84)
[2026-04-03T01:39:45.529+0600][22.375s][info][gc,heap        ] GC(32) Survivor regions: 2->0(7)
[2026-04-03T01:39:45.529+0600][22.375s][info][gc,heap        ] GC(32) Old regions: 46->40
[2026-04-03T01:39:45.529+0600][22.375s][info][gc,heap        ] GC(32) Humongous regions: 81->3
[2026-04-03T01:39:45.529+0600][22.375s][info][gc,metaspace   ] GC(32) Metaspace: 121792K(122944K)->121790K(122944K) NonClass: 106106K(106688K)->106104K(106688K) Class: 15686K(16256K)->15685K(16256K)
[2026-04-03T01:39:45.529+0600][22.375s][info][gc             ] GC(32) Pause Full (System.gc()) 404M->77M(288M) 152.898ms
[2026-04-03T01:39:45.529+0600][22.375s][info][gc,cpu         ] GC(32) User=1.15s Sys=0.06s Real=0.15s
[2026-04-03T01:39:45.574+0600][22.420s][info][gc,start       ] GC(33) Pause Young (Concurrent Start) (G1 Humongous Allocation)
[2026-04-03T01:39:45.574+0600][22.420s][info][gc,task        ] GC(33) Using 8 workers of 10 for evacuation
[2026-04-03T01:39:45.578+0600][22.424s][info][gc,phases      ] GC(33)   Pre Evacuate Collection Set: 0.42ms
[2026-04-03T01:39:45.578+0600][22.424s][info][gc,phases      ] GC(33)   Merge Heap Roots: 0.09ms
[2026-04-03T01:39:45.578+0600][22.424s][info][gc,phases      ] GC(33)   Evacuate Collection Set: 1.43ms
[2026-04-03T01:39:45.578+0600][22.424s][info][gc,phases      ] GC(33)   Post Evacuate Collection Set: 1.56ms
[2026-04-03T01:39:45.578+0600][22.424s][info][gc,phases      ] GC(33)   Other: 0.30ms
[2026-04-03T01:39:45.578+0600][22.424s][info][gc,heap        ] GC(33) Eden regions: 3->0(185)
[2026-04-03T01:39:45.578+0600][22.424s][info][gc,heap        ] GC(33) Survivor regions: 0->1(11)
[2026-04-03T01:39:45.578+0600][22.424s][info][gc,heap        ] GC(33) Old regions: 40->40
[2026-04-03T01:39:45.578+0600][22.424s][info][gc,heap        ] GC(33) Humongous regions: 3->3
[2026-04-03T01:39:45.578+0600][22.424s][info][gc,metaspace   ] GC(33) Metaspace: 121884K(123008K)->121884K(123008K) NonClass: 106191K(106752K)->106191K(106752K) Class: 15693K(16256K)->15693K(16256K)
[2026-04-03T01:39:45.578+0600][22.424s][info][gc             ] GC(33) Pause Young (Concurrent Start) (G1 Humongous Allocation) 83M->77M(620M) 4.103ms
[2026-04-03T01:39:45.578+0600][22.424s][info][gc             ] GC(34) Concurrent Mark Cycle
[2026-04-03T01:39:45.578+0600][22.424s][info][gc,cpu         ] GC(33) User=0.01s Sys=0.00s Real=0.00s
[2026-04-03T01:39:45.578+0600][22.424s][info][gc,marking     ] GC(34) Concurrent Scan Root Regions
[2026-04-03T01:39:45.580+0600][22.426s][info][gc,marking     ] GC(34) Concurrent Scan Root Regions 2.002ms
[2026-04-03T01:39:45.580+0600][22.427s][info][gc,marking     ] GC(34) Concurrent Mark
[2026-04-03T01:39:45.580+0600][22.427s][info][gc,marking     ] GC(34) Concurrent Mark From Roots
[2026-04-03T01:39:45.580+0600][22.427s][info][gc,task        ] GC(34) Using 3 workers of 3 for marking
[2026-04-03T01:39:45.650+0600][22.496s][info][gc,marking     ] GC(34) Concurrent Mark From Roots 69.549ms
[2026-04-03T01:39:45.650+0600][22.496s][info][gc,marking     ] GC(34) Concurrent Preclean
[2026-04-03T01:39:45.651+0600][22.497s][info][gc,marking     ] GC(34) Concurrent Preclean 0.469ms
[2026-04-03T01:39:45.651+0600][22.497s][info][gc,start       ] GC(34) Pause Remark
[2026-04-03T01:39:45.657+0600][22.503s][info][gc             ] GC(34) Pause Remark 88M->88M(320M) 6.501ms
[2026-04-03T01:39:45.657+0600][22.504s][info][gc,cpu         ] GC(34) User=0.03s Sys=0.00s Real=0.00s
[2026-04-03T01:39:45.658+0600][22.504s][info][gc,marking     ] GC(34) Concurrent Mark 77.081ms
[2026-04-03T01:39:45.658+0600][22.504s][info][gc,marking     ] GC(34) Concurrent Rebuild Remembered Sets and Scrub Regions
[2026-04-03T01:39:45.680+0600][22.526s][info][gc,marking     ] GC(34) Concurrent Rebuild Remembered Sets and Scrub Regions 22.808ms
[2026-04-03T01:39:45.681+0600][22.527s][info][gc,start       ] GC(34) Pause Cleanup
[2026-04-03T01:39:45.681+0600][22.527s][info][gc             ] GC(34) Pause Cleanup 88M->88M(320M) 0.382ms
[2026-04-03T01:39:45.681+0600][22.527s][info][gc,cpu         ] GC(34) User=0.01s Sys=0.00s Real=0.00s
[2026-04-03T01:39:45.681+0600][22.527s][info][gc,marking     ] GC(34) Concurrent Clear Claimed Marks
[2026-04-03T01:39:45.681+0600][22.527s][info][gc,marking     ] GC(34) Concurrent Clear Claimed Marks 0.220ms
[2026-04-03T01:39:45.681+0600][22.528s][info][gc,marking     ] GC(34) Concurrent Cleanup for Next Mark
[2026-04-03T01:39:45.682+0600][22.528s][info][gc,marking     ] GC(34) Concurrent Cleanup for Next Mark 0.656ms
[2026-04-03T01:39:45.682+0600][22.528s][info][gc             ] GC(34) Concurrent Mark Cycle 103.864ms
[2026-04-03T01:39:46.202+0600][23.048s][info][gc,start       ] GC(35) Pause Young (Prepare Mixed) (G1 Evacuation Pause)
[2026-04-03T01:39:46.202+0600][23.048s][info][gc,task        ] GC(35) Using 7 workers of 10 for evacuation
[2026-04-03T01:39:46.207+0600][23.053s][info][gc,phases      ] GC(35)   Pre Evacuate Collection Set: 0.30ms
[2026-04-03T01:39:46.207+0600][23.053s][info][gc,phases      ] GC(35)   Merge Heap Roots: 0.14ms
[2026-04-03T01:39:46.207+0600][23.053s][info][gc,phases      ] GC(35)   Evacuate Collection Set: 3.78ms
[2026-04-03T01:39:46.207+0600][23.053s][info][gc,phases      ] GC(35)   Post Evacuate Collection Set: 0.68ms
[2026-04-03T01:39:46.207+0600][23.053s][info][gc,phases      ] GC(35)   Other: 0.13ms
[2026-04-03T01:39:46.207+0600][23.053s][info][gc,heap        ] GC(35) Eden regions: 29->0(98)
[2026-04-03T01:39:46.207+0600][23.053s][info][gc,heap        ] GC(35) Survivor regions: 1->3(12)
[2026-04-03T01:39:46.207+0600][23.053s][info][gc,heap        ] GC(35) Old regions: 40->40
[2026-04-03T01:39:46.207+0600][23.053s][info][gc,heap        ] GC(35) Humongous regions: 96->12
[2026-04-03T01:39:46.207+0600][23.053s][info][gc,metaspace   ] GC(35) Metaspace: 122969K(124160K)->122969K(124160K) NonClass: 107106K(107776K)->107106K(107776K) Class: 15863K(16384K)->15863K(16384K)
[2026-04-03T01:39:46.207+0600][23.053s][info][gc             ] GC(35) Pause Young (Prepare Mixed) (G1 Evacuation Pause) 321M->99M(338M) 5.360ms
[2026-04-03T01:39:46.207+0600][23.054s][info][gc,cpu         ] GC(35) User=0.03s Sys=0.01s Real=0.00s
[2026-04-03T01:39:46.350+0600][23.196s][info][gc,start       ] GC(36) Pause Young (Mixed) (G1 Evacuation Pause)
[2026-04-03T01:39:46.350+0600][23.196s][info][gc,task        ] GC(36) Using 9 workers of 10 for evacuation
[2026-04-03T01:39:46.355+0600][23.201s][info][gc,phases      ] GC(36)   Pre Evacuate Collection Set: 0.46ms
[2026-04-03T01:39:46.355+0600][23.201s][info][gc,phases      ] GC(36)   Merge Heap Roots: 0.30ms
[2026-04-03T01:39:46.355+0600][23.201s][info][gc,phases      ] GC(36)   Evacuate Collection Set: 2.99ms
[2026-04-03T01:39:46.355+0600][23.201s][info][gc,phases      ] GC(36)   Post Evacuate Collection Set: 0.68ms
[2026-04-03T01:39:46.355+0600][23.201s][info][gc,phases      ] GC(36)   Other: 0.10ms
[2026-04-03T01:39:46.355+0600][23.201s][info][gc,heap        ] GC(36) Eden regions: 11->0(113)
[2026-04-03T01:39:46.355+0600][23.201s][info][gc,heap        ] GC(36) Survivor regions: 3->2(13)
[2026-04-03T01:39:46.355+0600][23.201s][info][gc,heap        ] GC(36) Old regions: 40->40
[2026-04-03T01:39:46.355+0600][23.201s][info][gc,heap        ] GC(36) Humongous regions: 136->3
[2026-04-03T01:39:46.355+0600][23.201s][info][gc,metaspace   ] GC(36) Metaspace: 122991K(124160K)->122991K(124160K) NonClass: 107127K(107776K)->107127K(107776K) Class: 15864K(16384K)->15864K(16384K)
[2026-04-03T01:39:46.355+0600][23.201s][info][gc             ] GC(36) Pause Young (Mixed) (G1 Evacuation Pause) 369M->79M(386M) 4.906ms
[2026-04-03T01:39:46.355+0600][23.201s][info][gc,cpu         ] GC(36) User=0.02s Sys=0.00s Real=0.00s
[2026-04-03T01:39:46.745+0600][23.591s][info][gc,start       ] GC(37) Pause Young (Concurrent Start) (G1 Humongous Allocation)
[2026-04-03T01:39:46.745+0600][23.591s][info][gc,task        ] GC(37) Using 9 workers of 10 for evacuation
[2026-04-03T01:39:46.750+0600][23.596s][info][gc,phases      ] GC(37)   Pre Evacuate Collection Set: 0.34ms
[2026-04-03T01:39:46.750+0600][23.596s][info][gc,phases      ] GC(37)   Merge Heap Roots: 0.12ms
[2026-04-03T01:39:46.750+0600][23.596s][info][gc,phases      ] GC(37)   Evacuate Collection Set: 3.26ms
[2026-04-03T01:39:46.750+0600][23.596s][info][gc,phases      ] GC(37)   Post Evacuate Collection Set: 0.90ms
[2026-04-03T01:39:46.750+0600][23.596s][info][gc,phases      ] GC(37)   Other: 0.25ms
[2026-04-03T01:39:46.750+0600][23.596s][info][gc,heap        ] GC(37) Eden regions: 12->0(112)
[2026-04-03T01:39:46.750+0600][23.596s][info][gc,heap        ] GC(37) Survivor regions: 2->3(15)
[2026-04-03T01:39:46.750+0600][23.596s][info][gc,heap        ] GC(37) Old regions: 40->40
[2026-04-03T01:39:46.750+0600][23.596s][info][gc,heap        ] GC(37) Humongous regions: 3->3
[2026-04-03T01:39:46.750+0600][23.596s][info][gc,metaspace   ] GC(37) Metaspace: 123120K(124352K)->123120K(124352K) NonClass: 107233K(107904K)->107233K(107904K) Class: 15886K(16448K)->15886K(16448K)
[2026-04-03T01:39:46.750+0600][23.596s][info][gc             ] GC(37) Pause Young (Concurrent Start) (G1 Humongous Allocation) 102M->82M(386M) 5.248ms
[2026-04-03T01:39:46.750+0600][23.596s][info][gc             ] GC(38) Concurrent Mark Cycle
[2026-04-03T01:39:46.750+0600][23.596s][info][gc,marking     ] GC(38) Concurrent Scan Root Regions
[2026-04-03T01:39:46.750+0600][23.596s][info][gc,cpu         ] GC(37) User=0.03s Sys=0.01s Real=0.01s
[2026-04-03T01:39:46.753+0600][23.599s][info][gc,marking     ] GC(38) Concurrent Scan Root Regions 2.865ms
[2026-04-03T01:39:46.753+0600][23.599s][info][gc,marking     ] GC(38) Concurrent Mark
[2026-04-03T01:39:46.753+0600][23.599s][info][gc,marking     ] GC(38) Concurrent Mark From Roots
[2026-04-03T01:39:46.753+0600][23.599s][info][gc,task        ] GC(38) Using 3 workers of 3 for marking
[2026-04-03T01:39:46.863+0600][23.709s][info][gc,marking     ] GC(38) Concurrent Mark From Roots 110.319ms
[2026-04-03T01:39:46.863+0600][23.709s][info][gc,marking     ] GC(38) Concurrent Preclean
[2026-04-03T01:39:46.864+0600][23.710s][info][gc,marking     ] GC(38) Concurrent Preclean 0.203ms
[2026-04-03T01:39:46.864+0600][23.710s][info][gc,start       ] GC(38) Pause Remark
[2026-04-03T01:39:46.871+0600][23.717s][info][gc             ] GC(38) Pause Remark 100M->100M(340M) 6.932ms
[2026-04-03T01:39:46.871+0600][23.717s][info][gc,cpu         ] GC(38) User=0.06s Sys=0.00s Real=0.01s
[2026-04-03T01:39:46.871+0600][23.717s][info][gc,marking     ] GC(38) Concurrent Mark 118.251ms
[2026-04-03T01:39:46.871+0600][23.717s][info][gc,marking     ] GC(38) Concurrent Rebuild Remembered Sets and Scrub Regions
[2026-04-03T01:39:46.903+0600][23.749s][info][gc,marking     ] GC(38) Concurrent Rebuild Remembered Sets and Scrub Regions 31.589ms
[2026-04-03T01:39:46.903+0600][23.749s][info][gc,start       ] GC(38) Pause Cleanup
[2026-04-03T01:39:46.904+0600][23.750s][info][gc             ] GC(38) Pause Cleanup 108M->108M(340M) 0.304ms
[2026-04-03T01:39:46.904+0600][23.750s][info][gc,cpu         ] GC(38) User=0.00s Sys=0.00s Real=0.00s
[2026-04-03T01:39:46.904+0600][23.750s][info][gc,marking     ] GC(38) Concurrent Clear Claimed Marks
[2026-04-03T01:39:46.904+0600][23.750s][info][gc,marking     ] GC(38) Concurrent Clear Claimed Marks 0.340ms
[2026-04-03T01:39:46.904+0600][23.750s][info][gc,marking     ] GC(38) Concurrent Cleanup for Next Mark
[2026-04-03T01:39:46.905+0600][23.751s][info][gc,marking     ] GC(38) Concurrent Cleanup for Next Mark 0.712ms
[2026-04-03T01:39:46.905+0600][23.751s][info][gc             ] GC(38) Concurrent Mark Cycle 155.097ms
[2026-04-03T01:39:47.038+0600][23.884s][info][gc,start       ] GC(39) Pause Young (Prepare Mixed) (G1 Evacuation Pause)
[2026-04-03T01:39:47.038+0600][23.884s][info][gc,task        ] GC(39) Using 10 workers of 10 for evacuation
[2026-04-03T01:39:47.042+0600][23.888s][info][gc,phases      ] GC(39)   Pre Evacuate Collection Set: 0.28ms
[2026-04-03T01:39:47.042+0600][23.888s][info][gc,phases      ] GC(39)   Merge Heap Roots: 0.18ms
[2026-04-03T01:39:47.042+0600][23.888s][info][gc,phases      ] GC(39)   Evacuate Collection Set: 2.55ms
[2026-04-03T01:39:47.042+0600][23.888s][info][gc,phases      ] GC(39)   Post Evacuate Collection Set: 0.76ms
[2026-04-03T01:39:47.042+0600][23.888s][info][gc,phases      ] GC(39)   Other: 0.15ms
[2026-04-03T01:39:47.042+0600][23.888s][info][gc,heap        ] GC(39) Eden regions: 17->0(140)
[2026-04-03T01:39:47.042+0600][23.888s][info][gc,heap        ] GC(39) Survivor regions: 3->3(13)
[2026-04-03T01:39:47.042+0600][23.888s][info][gc,heap        ] GC(39) Old regions: 40->40
[2026-04-03T01:39:47.042+0600][23.888s][info][gc,heap        ] GC(39) Humongous regions: 176->6
[2026-04-03T01:39:47.042+0600][23.888s][info][gc,metaspace   ] GC(39) Metaspace: 123162K(124352K)->123162K(124352K) NonClass: 107271K(107904K)->107271K(107904K) Class: 15890K(16448K)->15890K(16448K)
[2026-04-03T01:39:47.042+0600][23.888s][info][gc             ] GC(39) Pause Young (Prepare Mixed) (G1 Evacuation Pause) 462M->88M(478M) 4.274ms
[2026-04-03T01:39:47.042+0600][23.889s][info][gc,cpu         ] GC(39) User=0.02s Sys=0.01s Real=0.01s
[2026-04-03T01:39:48.838+0600][25.684s][info][gc,start       ] GC(40) Pause Young (Mixed) (G1 Evacuation Pause)
[2026-04-03T01:39:48.838+0600][25.685s][info][gc,task        ] GC(40) Using 10 workers of 10 for evacuation
[2026-04-03T01:39:48.842+0600][25.689s][info][gc,phases      ] GC(40)   Pre Evacuate Collection Set: 0.33ms
[2026-04-03T01:39:48.842+0600][25.689s][info][gc,phases      ] GC(40)   Merge Heap Roots: 0.14ms
[2026-04-03T01:39:48.843+0600][25.689s][info][gc,phases      ] GC(40)   Evacuate Collection Set: 2.71ms
[2026-04-03T01:39:48.843+0600][25.689s][info][gc,phases      ] GC(40)   Post Evacuate Collection Set: 0.72ms
[2026-04-03T01:39:48.843+0600][25.689s][info][gc,phases      ] GC(40)   Other: 0.12ms
[2026-04-03T01:39:48.843+0600][25.689s][info][gc,heap        ] GC(40) Eden regions: 103->0(142)
[2026-04-03T01:39:48.843+0600][25.689s][info][gc,heap        ] GC(40) Survivor regions: 3->3(18)
[2026-04-03T01:39:48.843+0600][25.689s][info][gc,heap        ] GC(40) Old regions: 40->40
[2026-04-03T01:39:48.843+0600][25.689s][info][gc,heap        ] GC(40) Humongous regions: 93->3
[2026-04-03T01:39:48.843+0600][25.689s][info][gc,metaspace   ] GC(40) Metaspace: 127211K(128640K)->127211K(128640K) NonClass: 110853K(111616K)->110853K(111616K) Class: 16358K(17024K)->16358K(17024K)
[2026-04-03T01:39:48.843+0600][25.689s][info][gc             ] GC(40) Pause Young (Mixed) (G1 Evacuation Pause) 468M->81M(486M) 4.267ms
[2026-04-03T01:39:48.843+0600][25.689s][info][gc,cpu         ] GC(40) User=0.03s Sys=0.00s Real=0.01s
[2026-04-03T01:39:49.047+0600][25.893s][info][gc,start       ] GC(41) Pause Young (Concurrent Start) (G1 Humongous Allocation)
[2026-04-03T01:39:49.047+0600][25.893s][info][gc,task        ] GC(41) Using 10 workers of 10 for evacuation
[2026-04-03T01:39:49.052+0600][25.898s][info][gc,phases      ] GC(41)   Pre Evacuate Collection Set: 0.37ms
[2026-04-03T01:39:49.052+0600][25.898s][info][gc,phases      ] GC(41)   Merge Heap Roots: 0.11ms
[2026-04-03T01:39:49.052+0600][25.898s][info][gc,phases      ] GC(41)   Evacuate Collection Set: 3.06ms
[2026-04-03T01:39:49.052+0600][25.898s][info][gc,phases      ] GC(41)   Post Evacuate Collection Set: 0.77ms
[2026-04-03T01:39:49.052+0600][25.898s][info][gc,phases      ] GC(41)   Other: 0.30ms
[2026-04-03T01:39:49.052+0600][25.898s][info][gc,heap        ] GC(41) Eden regions: 40->0(142)
[2026-04-03T01:39:49.052+0600][25.898s][info][gc,heap        ] GC(41) Survivor regions: 3->3(19)
[2026-04-03T01:39:49.052+0600][25.898s][info][gc,heap        ] GC(41) Old regions: 40->40
[2026-04-03T01:39:49.052+0600][25.898s][info][gc,heap        ] GC(41) Humongous regions: 3->3
[2026-04-03T01:39:49.052+0600][25.898s][info][gc,metaspace   ] GC(41) Metaspace: 127454K(128896K)->127454K(128896K) NonClass: 111077K(111872K)->111077K(111872K) Class: 16376K(17024K)->16376K(17024K)
[2026-04-03T01:39:49.052+0600][25.898s][info][gc             ] GC(41) Pause Young (Concurrent Start) (G1 Humongous Allocation) 161M->82M(486M) 4.909ms
[2026-04-03T01:39:49.052+0600][25.898s][info][gc             ] GC(42) Concurrent Mark Cycle
[2026-04-03T01:39:49.052+0600][25.898s][info][gc,marking     ] GC(42) Concurrent Scan Root Regions
[2026-04-03T01:39:49.052+0600][25.898s][info][gc,cpu         ] GC(41) User=0.02s Sys=0.01s Real=0.01s
[2026-04-03T01:39:49.054+0600][25.901s][info][gc,marking     ] GC(42) Concurrent Scan Root Regions 2.600ms
[2026-04-03T01:39:49.055+0600][25.901s][info][gc,marking     ] GC(42) Concurrent Mark
[2026-04-03T01:39:49.055+0600][25.901s][info][gc,marking     ] GC(42) Concurrent Mark From Roots
[2026-04-03T01:39:49.055+0600][25.901s][info][gc,task        ] GC(42) Using 3 workers of 3 for marking
[2026-04-03T01:39:49.170+0600][26.016s][info][gc,marking     ] GC(42) Concurrent Mark From Roots 115.396ms
[2026-04-03T01:39:49.170+0600][26.016s][info][gc,marking     ] GC(42) Concurrent Preclean
[2026-04-03T01:39:49.171+0600][26.017s][info][gc,marking     ] GC(42) Concurrent Preclean 0.522ms
[2026-04-03T01:39:49.171+0600][26.017s][info][gc,start       ] GC(42) Pause Remark
[2026-04-03T01:39:49.180+0600][26.026s][info][gc             ] GC(42) Pause Remark 139M->139M(400M) 8.380ms
[2026-04-03T01:39:49.180+0600][26.026s][info][gc,cpu         ] GC(42) User=0.06s Sys=0.00s Real=0.01s
[2026-04-03T01:39:49.180+0600][26.026s][info][gc,marking     ] GC(42) Concurrent Mark 125.631ms
[2026-04-03T01:39:49.180+0600][26.026s][info][gc,marking     ] GC(42) Concurrent Rebuild Remembered Sets and Scrub Regions
[2026-04-03T01:39:49.258+0600][26.104s][info][gc,marking     ] GC(42) Concurrent Rebuild Remembered Sets and Scrub Regions 77.893ms
[2026-04-03T01:39:49.259+0600][26.105s][info][gc,start       ] GC(42) Pause Cleanup
[2026-04-03T01:39:49.259+0600][26.105s][info][gc             ] GC(42) Pause Cleanup 154M->154M(400M) 0.326ms
[2026-04-03T01:39:49.259+0600][26.105s][info][gc,cpu         ] GC(42) User=0.00s Sys=0.00s Real=0.00s
[2026-04-03T01:39:49.261+0600][26.107s][info][gc,marking     ] GC(42) Concurrent Clear Claimed Marks
[2026-04-03T01:39:49.261+0600][26.107s][info][gc,marking     ] GC(42) Concurrent Clear Claimed Marks 0.407ms
[2026-04-03T01:39:49.261+0600][26.107s][info][gc,marking     ] GC(42) Concurrent Cleanup for Next Mark
[2026-04-03T01:39:49.266+0600][26.112s][info][gc,marking     ] GC(42) Concurrent Cleanup for Next Mark 4.743ms
[2026-04-03T01:39:49.266+0600][26.112s][info][gc             ] GC(42) Concurrent Mark Cycle 214.247ms
[2026-04-03T01:39:49.714+0600][26.560s][info][gc,start       ] GC(43) Pause Young (Prepare Mixed) (GCLocker Initiated GC)
[2026-04-03T01:39:49.714+0600][26.560s][info][gc,task        ] GC(43) Using 9 workers of 10 for evacuation
[2026-04-03T01:39:49.722+0600][26.568s][info][gc,phases      ] GC(43)   Pre Evacuate Collection Set: 0.31ms
[2026-04-03T01:39:49.722+0600][26.568s][info][gc,phases      ] GC(43)   Merge Heap Roots: 0.24ms
[2026-04-03T01:39:49.722+0600][26.568s][info][gc,phases      ] GC(43)   Evacuate Collection Set: 6.26ms
[2026-04-03T01:39:49.722+0600][26.568s][info][gc,phases      ] GC(43)   Post Evacuate Collection Set: 0.71ms
[2026-04-03T01:39:49.722+0600][26.568s][info][gc,phases      ] GC(43)   Other: 0.11ms
[2026-04-03T01:39:49.722+0600][26.568s][info][gc,heap        ] GC(43) Eden regions: 84->0(118)
[2026-04-03T01:39:49.722+0600][26.568s][info][gc,heap        ] GC(43) Survivor regions: 3->5(15)
[2026-04-03T01:39:49.722+0600][26.568s][info][gc,heap        ] GC(43) Old regions: 40->40
[2026-04-03T01:39:49.722+0600][26.568s][info][gc,heap        ] GC(43) Humongous regions: 73->3
[2026-04-03T01:39:49.722+0600][26.568s][info][gc,metaspace   ] GC(43) Metaspace: 127810K(129216K)->127810K(129216K) NonClass: 111421K(112192K)->111421K(112192K) Class: 16389K(17024K)->16389K(17024K)
[2026-04-03T01:39:49.722+0600][26.568s][info][gc             ] GC(43) Pause Young (Prepare Mixed) (GCLocker Initiated GC) 390M->85M(410M) 7.990ms
[2026-04-03T01:39:49.722+0600][26.568s][info][gc,cpu         ] GC(43) User=0.04s Sys=0.02s Real=0.01s
[2026-04-03T01:39:50.129+0600][26.975s][info][gc,start       ] GC(44) Pause Young (Mixed) (G1 Evacuation Pause)
[2026-04-03T01:39:50.129+0600][26.975s][info][gc,task        ] GC(44) Using 9 workers of 10 for evacuation
[2026-04-03T01:39:50.135+0600][26.981s][info][gc,phases      ] GC(44)   Pre Evacuate Collection Set: 0.35ms
[2026-04-03T01:39:50.135+0600][26.981s][info][gc,phases      ] GC(44)   Merge Heap Roots: 0.22ms
[2026-04-03T01:39:50.135+0600][26.981s][info][gc,phases      ] GC(44)   Evacuate Collection Set: 4.54ms
[2026-04-03T01:39:50.135+0600][26.981s][info][gc,phases      ] GC(44)   Post Evacuate Collection Set: 0.69ms
[2026-04-03T01:39:50.135+0600][26.981s][info][gc,phases      ] GC(44)   Other: 0.11ms
[2026-04-03T01:39:50.135+0600][26.981s][info][gc,heap        ] GC(44) Eden regions: 87->0(123)
[2026-04-03T01:39:50.135+0600][26.981s][info][gc,heap        ] GC(44) Survivor regions: 5->4(16)
[2026-04-03T01:39:50.135+0600][26.981s][info][gc,heap        ] GC(44) Old regions: 40->40
[2026-04-03T01:39:50.135+0600][26.981s][info][gc,heap        ] GC(44) Humongous regions: 75->5
[2026-04-03T01:39:50.135+0600][26.981s][info][gc,metaspace   ] GC(44) Metaspace: 128048K(129536K)->128048K(129536K) NonClass: 111649K(112448K)->111649K(112448K) Class: 16399K(17088K)->16399K(17088K)
[2026-04-03T01:39:50.135+0600][26.981s][info][gc             ] GC(44) Pause Young (Mixed) (G1 Evacuation Pause) 403M->88M(424M) 6.215ms
[2026-04-03T01:39:50.135+0600][26.982s][info][gc,cpu         ] GC(44) User=0.04s Sys=0.01s Real=0.01s
[2026-04-03T01:39:50.140+0600][26.986s][info][gc,start       ] GC(45) Pause Young (Concurrent Start) (G1 Humongous Allocation)
[2026-04-03T01:39:50.141+0600][26.987s][info][gc,task        ] GC(45) Using 10 workers of 10 for evacuation
[2026-04-03T01:39:50.147+0600][26.993s][info][gc,phases      ] GC(45)   Pre Evacuate Collection Set: 0.44ms
[2026-04-03T01:39:50.147+0600][26.993s][info][gc,phases      ] GC(45)   Merge Heap Roots: 0.12ms
[2026-04-03T01:39:50.147+0600][26.993s][info][gc,phases      ] GC(45)   Evacuate Collection Set: 4.66ms
[2026-04-03T01:39:50.147+0600][26.993s][info][gc,phases      ] GC(45)   Post Evacuate Collection Set: 0.82ms
[2026-04-03T01:39:50.147+0600][26.993s][info][gc,phases      ] GC(45)   Other: 0.17ms
[2026-04-03T01:39:50.147+0600][26.993s][info][gc,heap        ] GC(45) Eden regions: 3->0(124)
[2026-04-03T01:39:50.147+0600][26.993s][info][gc,heap        ] GC(45) Survivor regions: 4->3(16)
[2026-04-03T01:39:50.147+0600][26.993s][info][gc,heap        ] GC(45) Old regions: 40->40
[2026-04-03T01:39:50.147+0600][26.993s][info][gc,heap        ] GC(45) Humongous regions: 5->3
[2026-04-03T01:39:50.147+0600][26.993s][info][gc,metaspace   ] GC(45) Metaspace: 128048K(129536K)->128048K(129536K) NonClass: 111649K(112448K)->111649K(112448K) Class: 16399K(17088K)->16399K(17088K)
[2026-04-03T01:39:50.147+0600][26.993s][info][gc             ] GC(45) Pause Young (Concurrent Start) (G1 Humongous Allocation) 92M->83M(424M) 6.592ms
[2026-04-03T01:39:50.147+0600][26.993s][info][gc,cpu         ] GC(45) User=0.05s Sys=0.00s Real=0.00s
[2026-04-03T01:39:50.147+0600][26.993s][info][gc             ] GC(46) Concurrent Mark Cycle
[2026-04-03T01:39:50.147+0600][26.993s][info][gc,marking     ] GC(46) Concurrent Scan Root Regions
[2026-04-03T01:39:50.151+0600][26.997s][info][gc,marking     ] GC(46) Concurrent Scan Root Regions 3.665ms
[2026-04-03T01:39:50.151+0600][26.997s][info][gc,marking     ] GC(46) Concurrent Mark
[2026-04-03T01:39:50.151+0600][26.997s][info][gc,marking     ] GC(46) Concurrent Mark From Roots
[2026-04-03T01:39:50.151+0600][26.997s][info][gc,task        ] GC(46) Using 3 workers of 3 for marking
[2026-04-03T01:39:50.280+0600][27.126s][info][gc,marking     ] GC(46) Concurrent Mark From Roots 128.923ms
[2026-04-03T01:39:50.280+0600][27.126s][info][gc,marking     ] GC(46) Concurrent Preclean
[2026-04-03T01:39:50.281+0600][27.127s][info][gc,marking     ] GC(46) Concurrent Preclean 0.535ms
[2026-04-03T01:39:50.281+0600][27.127s][info][gc,start       ] GC(46) Pause Remark
[2026-04-03T01:39:50.292+0600][27.138s][info][gc             ] GC(46) Pause Remark 151M->151M(408M) 10.765ms
[2026-04-03T01:39:50.292+0600][27.138s][info][gc,cpu         ] GC(46) User=0.07s Sys=0.00s Real=0.01s
[2026-04-03T01:39:50.292+0600][27.138s][info][gc,marking     ] GC(46) Concurrent Mark 141.399ms
[2026-04-03T01:39:50.292+0600][27.139s][info][gc,marking     ] GC(46) Concurrent Rebuild Remembered Sets and Scrub Regions
[2026-04-03T01:39:50.341+0600][27.188s][info][gc,marking     ] GC(46) Concurrent Rebuild Remembered Sets and Scrub Regions 48.954ms
[2026-04-03T01:39:50.342+0600][27.188s][info][gc,start       ] GC(46) Pause Cleanup
[2026-04-03T01:39:50.342+0600][27.188s][info][gc             ] GC(46) Pause Cleanup 183M->183M(408M) 0.312ms
[2026-04-03T01:39:50.342+0600][27.188s][info][gc,cpu         ] GC(46) User=0.01s Sys=0.00s Real=0.00s
[2026-04-03T01:39:50.343+0600][27.189s][info][gc,marking     ] GC(46) Concurrent Clear Claimed Marks
[2026-04-03T01:39:50.343+0600][27.189s][info][gc,marking     ] GC(46) Concurrent Clear Claimed Marks 0.468ms
[2026-04-03T01:39:50.343+0600][27.189s][info][gc,marking     ] GC(46) Concurrent Cleanup for Next Mark
[2026-04-03T01:39:50.344+0600][27.190s][info][gc,marking     ] GC(46) Concurrent Cleanup for Next Mark 0.829ms
[2026-04-03T01:39:50.344+0600][27.190s][info][gc             ] GC(46) Concurrent Mark Cycle 196.841ms
[2026-04-03T01:39:50.617+0600][27.464s][info][gc,start       ] GC(47) Pause Young (Prepare Mixed) (G1 Evacuation Pause)
[2026-04-03T01:39:50.618+0600][27.464s][info][gc,task        ] GC(47) Using 9 workers of 10 for evacuation
[2026-04-03T01:39:50.624+0600][27.470s][info][gc,phases      ] GC(47)   Pre Evacuate Collection Set: 0.36ms
[2026-04-03T01:39:50.624+0600][27.470s][info][gc,phases      ] GC(47)   Merge Heap Roots: 0.26ms
[2026-04-03T01:39:50.624+0600][27.470s][info][gc,phases      ] GC(47)   Evacuate Collection Set: 4.36ms
[2026-04-03T01:39:50.624+0600][27.470s][info][gc,phases      ] GC(47)   Post Evacuate Collection Set: 1.05ms
[2026-04-03T01:39:50.624+0600][27.470s][info][gc,phases      ] GC(47)   Other: 0.13ms
[2026-04-03T01:39:50.624+0600][27.470s][info][gc,heap        ] GC(47) Eden regions: 88->0(120)
[2026-04-03T01:39:50.624+0600][27.470s][info][gc,heap        ] GC(47) Survivor regions: 3->4(16)
[2026-04-03T01:39:50.624+0600][27.470s][info][gc,heap        ] GC(47) Old regions: 40->40
[2026-04-03T01:39:50.624+0600][27.470s][info][gc,heap        ] GC(47) Humongous regions: 73->3
[2026-04-03T01:39:50.624+0600][27.470s][info][gc,metaspace   ] GC(47) Metaspace: 128346K(129856K)->128346K(129856K) NonClass: 111943K(112768K)->111943K(112768K) Class: 16402K(17088K)->16402K(17088K)
[2026-04-03T01:39:50.624+0600][27.470s][info][gc             ] GC(47) Pause Young (Prepare Mixed) (G1 Evacuation Pause) 399M->84M(416M) 6.547ms
[2026-04-03T01:39:50.624+0600][27.470s][info][gc,cpu         ] GC(47) User=0.03s Sys=0.01s Real=0.01s
[2026-04-03T01:39:51.267+0600][28.114s][info][gc,start       ] GC(48) Pause Young (Mixed) (G1 Evacuation Pause)
[2026-04-03T01:39:51.268+0600][28.114s][info][gc,task        ] GC(48) Using 10 workers of 10 for evacuation
[2026-04-03T01:39:51.273+0600][28.119s][info][gc,phases      ] GC(48)   Pre Evacuate Collection Set: 0.57ms
[2026-04-03T01:39:51.273+0600][28.119s][info][gc,phases      ] GC(48)   Merge Heap Roots: 0.18ms
[2026-04-03T01:39:51.273+0600][28.119s][info][gc,phases      ] GC(48)   Evacuate Collection Set: 3.08ms
[2026-04-03T01:39:51.273+0600][28.119s][info][gc,phases      ] GC(48)   Post Evacuate Collection Set: 1.26ms
[2026-04-03T01:39:51.273+0600][28.119s][info][gc,phases      ] GC(48)   Other: 0.19ms
[2026-04-03T01:39:51.273+0600][28.119s][info][gc,heap        ] GC(48) Eden regions: 120->0(120)
[2026-04-03T01:39:51.273+0600][28.119s][info][gc,heap        ] GC(48) Survivor regions: 4->4(16)
[2026-04-03T01:39:51.273+0600][28.119s][info][gc,heap        ] GC(48) Old regions: 40->40
[2026-04-03T01:39:51.273+0600][28.119s][info][gc,heap        ] GC(48) Humongous regions: 39->3
[2026-04-03T01:39:51.273+0600][28.119s][info][gc,metaspace   ] GC(48) Metaspace: 128684K(130176K)->128684K(130176K) NonClass: 112246K(113088K)->112246K(113088K) Class: 16438K(17088K)->16438K(17088K)
[2026-04-03T01:39:51.273+0600][28.119s][info][gc             ] GC(48) Pause Young (Mixed) (G1 Evacuation Pause) 396M->83M(416M) 5.735ms
[2026-04-03T01:39:51.273+0600][28.119s][info][gc,cpu         ] GC(48) User=0.03s Sys=0.01s Real=0.01s
[2026-04-03T01:39:51.274+0600][28.120s][info][gc,start       ] GC(49) Pause Young (Concurrent Start) (G1 Humongous Allocation)
[2026-04-03T01:39:51.274+0600][28.120s][info][gc,task        ] GC(49) Using 10 workers of 10 for evacuation
[2026-04-03T01:39:51.278+0600][28.124s][info][gc,phases      ] GC(49)   Pre Evacuate Collection Set: 0.28ms
[2026-04-03T01:39:51.278+0600][28.125s][info][gc,phases      ] GC(49)   Merge Heap Roots: 0.15ms
[2026-04-03T01:39:51.278+0600][28.125s][info][gc,phases      ] GC(49)   Evacuate Collection Set: 2.87ms
[2026-04-03T01:39:51.278+0600][28.125s][info][gc,phases      ] GC(49)   Post Evacuate Collection Set: 0.81ms
[2026-04-03T01:39:51.278+0600][28.125s][info][gc,phases      ] GC(49)   Other: 0.22ms
[2026-04-03T01:39:51.279+0600][28.125s][info][gc,heap        ] GC(49) Eden regions: 1->0(120)
[2026-04-03T01:39:51.279+0600][28.125s][info][gc,heap        ] GC(49) Survivor regions: 4->4(16)
[2026-04-03T01:39:51.279+0600][28.125s][info][gc,heap        ] GC(49) Old regions: 40->40
[2026-04-03T01:39:51.279+0600][28.125s][info][gc,heap        ] GC(49) Humongous regions: 3->3
[2026-04-03T01:39:51.279+0600][28.125s][info][gc,metaspace   ] GC(49) Metaspace: 128684K(130176K)->128684K(130176K) NonClass: 112246K(113088K)->112246K(113088K) Class: 16438K(17088K)->16438K(17088K)
[2026-04-03T01:39:51.279+0600][28.125s][info][gc             ] GC(49) Pause Young (Concurrent Start) (G1 Humongous Allocation) 85M->83M(416M) 4.595ms
[2026-04-03T01:39:51.279+0600][28.125s][info][gc             ] GC(50) Concurrent Mark Cycle
[2026-04-03T01:39:51.279+0600][28.125s][info][gc,cpu         ] GC(49) User=0.03s Sys=0.00s Real=0.00s
[2026-04-03T01:39:51.279+0600][28.125s][info][gc,marking     ] GC(50) Concurrent Scan Root Regions
[2026-04-03T01:39:51.283+0600][28.129s][info][gc,marking     ] GC(50) Concurrent Scan Root Regions 4.238ms
[2026-04-03T01:39:51.283+0600][28.129s][info][gc,marking     ] GC(50) Concurrent Mark
[2026-04-03T01:39:51.283+0600][28.129s][info][gc,marking     ] GC(50) Concurrent Mark From Roots
[2026-04-03T01:39:51.283+0600][28.129s][info][gc,task        ] GC(50) Using 3 workers of 3 for marking
[2026-04-03T01:39:51.398+0600][28.244s][info][gc,marking     ] GC(50) Concurrent Mark From Roots 114.834ms
[2026-04-03T01:39:51.398+0600][28.244s][info][gc,marking     ] GC(50) Concurrent Preclean
[2026-04-03T01:39:51.399+0600][28.245s][info][gc,marking     ] GC(50) Concurrent Preclean 0.607ms
[2026-04-03T01:39:51.399+0600][28.245s][info][gc,start       ] GC(50) Pause Remark
[2026-04-03T01:39:51.408+0600][28.254s][info][gc             ] GC(50) Pause Remark 178M->178M(416M) 8.573ms
[2026-04-03T01:39:51.408+0600][28.254s][info][gc,cpu         ] GC(50) User=0.06s Sys=0.00s Real=0.01s
[2026-04-03T01:39:51.408+0600][28.254s][info][gc,marking     ] GC(50) Concurrent Mark 125.075ms
[2026-04-03T01:39:51.408+0600][28.255s][info][gc,marking     ] GC(50) Concurrent Rebuild Remembered Sets and Scrub Regions
[2026-04-03T01:39:51.437+0600][28.284s][info][gc,marking     ] GC(50) Concurrent Rebuild Remembered Sets and Scrub Regions 29.065ms
[2026-04-03T01:39:51.438+0600][28.284s][info][gc,start       ] GC(50) Pause Cleanup
[2026-04-03T01:39:51.438+0600][28.285s][info][gc             ] GC(50) Pause Cleanup 189M->189M(416M) 0.311ms
[2026-04-03T01:39:51.439+0600][28.285s][info][gc,cpu         ] GC(50) User=0.00s Sys=0.00s Real=0.00s
[2026-04-03T01:39:51.439+0600][28.285s][info][gc,marking     ] GC(50) Concurrent Clear Claimed Marks
[2026-04-03T01:39:51.439+0600][28.286s][info][gc,marking     ] GC(50) Concurrent Clear Claimed Marks 0.482ms
[2026-04-03T01:39:51.440+0600][28.286s][info][gc,marking     ] GC(50) Concurrent Cleanup for Next Mark
[2026-04-03T01:39:51.442+0600][28.288s][info][gc,marking     ] GC(50) Concurrent Cleanup for Next Mark 2.410ms
[2026-04-03T01:39:51.442+0600][28.288s][info][gc             ] GC(50) Concurrent Mark Cycle 163.709ms
[2026-04-03T01:39:51.706+0600][28.552s][info][gc,start       ] GC(51) Pause Young (Prepare Mixed) (G1 Evacuation Pause)
[2026-04-03T01:39:51.706+0600][28.552s][info][gc,task        ] GC(51) Using 10 workers of 10 for evacuation
[2026-04-03T01:39:51.714+0600][28.560s][info][gc,phases      ] GC(51)   Pre Evacuate Collection Set: 0.49ms
[2026-04-03T01:39:51.714+0600][28.560s][info][gc,phases      ] GC(51)   Merge Heap Roots: 0.31ms
[2026-04-03T01:39:51.714+0600][28.560s][info][gc,phases      ] GC(51)   Evacuate Collection Set: 5.92ms
[2026-04-03T01:39:51.714+0600][28.560s][info][gc,phases      ] GC(51)   Post Evacuate Collection Set: 1.12ms
[2026-04-03T01:39:51.714+0600][28.560s][info][gc,phases      ] GC(51)   Other: 0.14ms
[2026-04-03T01:39:51.714+0600][28.560s][info][gc,heap        ] GC(51) Eden regions: 87->0(153)
[2026-04-03T01:39:51.714+0600][28.560s][info][gc,heap        ] GC(51) Survivor regions: 4->4(16)
[2026-04-03T01:39:51.714+0600][28.560s][info][gc,heap        ] GC(51) Old regions: 40->40
[2026-04-03T01:39:51.714+0600][28.560s][info][gc,heap        ] GC(51) Humongous regions: 83->3
[2026-04-03T01:39:51.714+0600][28.560s][info][gc,metaspace   ] GC(51) Metaspace: 128884K(130304K)->128884K(130304K) NonClass: 112443K(113216K)->112443K(113216K) Class: 16441K(17088K)->16441K(17088K)
[2026-04-03T01:39:51.714+0600][28.560s][info][gc             ] GC(51) Pause Young (Prepare Mixed) (G1 Evacuation Pause) 417M->84M(524M) 8.399ms
[2026-04-03T01:39:51.714+0600][28.560s][info][gc,cpu         ] GC(51) User=0.04s Sys=0.02s Real=0.01s
[2026-04-03T01:39:52.345+0600][29.191s][info][gc,start       ] GC(52) Pause Young (Mixed) (G1 Evacuation Pause)
[2026-04-03T01:39:52.345+0600][29.191s][info][gc,task        ] GC(52) Using 10 workers of 10 for evacuation
[2026-04-03T01:39:52.354+0600][29.200s][info][gc,phases      ] GC(52)   Pre Evacuate Collection Set: 0.34ms
[2026-04-03T01:39:52.354+0600][29.200s][info][gc,phases      ] GC(52)   Merge Heap Roots: 0.22ms
[2026-04-03T01:39:52.354+0600][29.200s][info][gc,phases      ] GC(52)   Evacuate Collection Set: 6.99ms
[2026-04-03T01:39:52.354+0600][29.200s][info][gc,phases      ] GC(52)   Post Evacuate Collection Set: 1.21ms
[2026-04-03T01:39:52.354+0600][29.200s][info][gc,phases      ] GC(52)   Other: 0.13ms
[2026-04-03T01:39:52.354+0600][29.200s][info][gc,heap        ] GC(52) Eden regions: 124->0(155)
[2026-04-03T01:39:52.354+0600][29.200s][info][gc,heap        ] GC(52) Survivor regions: 4->5(20)
[2026-04-03T01:39:52.354+0600][29.200s][info][gc,heap        ] GC(52) Old regions: 40->39
[2026-04-03T01:39:52.354+0600][29.200s][info][gc,heap        ] GC(52) Humongous regions: 94->3
[2026-04-03T01:39:52.354+0600][29.200s][info][gc,metaspace   ] GC(52) Metaspace: 129089K(130624K)->129089K(130624K) NonClass: 112645K(113472K)->112645K(113472K) Class: 16444K(17152K)->16444K(17152K)
[2026-04-03T01:39:52.354+0600][29.200s][info][gc             ] GC(52) Pause Young (Mixed) (G1 Evacuation Pause) 514M->85M(534M) 9.206ms
[2026-04-03T01:39:52.354+0600][29.200s][info][gc,cpu         ] GC(52) User=0.07s Sys=0.00s Real=0.01s
[2026-04-03T01:39:52.357+0600][29.203s][info][gc,start       ] GC(53) Pause Young (Concurrent Start) (G1 Humongous Allocation)
[2026-04-03T01:39:52.357+0600][29.203s][info][gc,task        ] GC(53) Using 10 workers of 10 for evacuation
[2026-04-03T01:39:52.364+0600][29.210s][info][gc,phases      ] GC(53)   Pre Evacuate Collection Set: 0.41ms
[2026-04-03T01:39:52.364+0600][29.210s][info][gc,phases      ] GC(53)   Merge Heap Roots: 0.13ms
[2026-04-03T01:39:52.364+0600][29.210s][info][gc,phases      ] GC(53)   Evacuate Collection Set: 4.61ms
[2026-04-03T01:39:52.364+0600][29.210s][info][gc,phases      ] GC(53)   Post Evacuate Collection Set: 1.10ms
[2026-04-03T01:39:52.364+0600][29.210s][info][gc,phases      ] GC(53)   Other: 0.21ms
[2026-04-03T01:39:52.364+0600][29.210s][info][gc,heap        ] GC(53) Eden regions: 2->0(156)
[2026-04-03T01:39:52.364+0600][29.210s][info][gc,heap        ] GC(53) Survivor regions: 5->4(20)
[2026-04-03T01:39:52.364+0600][29.210s][info][gc,heap        ] GC(53) Old regions: 39->39
[2026-04-03T01:39:52.364+0600][29.210s][info][gc,heap        ] GC(53) Humongous regions: 3->3
[2026-04-03T01:39:52.364+0600][29.210s][info][gc,metaspace   ] GC(53) Metaspace: 129090K(130624K)->129090K(130624K) NonClass: 112646K(113472K)->112646K(113472K) Class: 16444K(17152K)->16444K(17152K)
[2026-04-03T01:39:52.364+0600][29.210s][info][gc             ] GC(53) Pause Young (Concurrent Start) (G1 Humongous Allocation) 89M->85M(534M) 6.835ms
[2026-04-03T01:39:52.364+0600][29.210s][info][gc             ] GC(54) Concurrent Mark Cycle
[2026-04-03T01:39:52.364+0600][29.210s][info][gc,cpu         ] GC(53) User=0.05s Sys=0.00s Real=0.01s
[2026-04-03T01:39:52.364+0600][29.210s][info][gc,marking     ] GC(54) Concurrent Scan Root Regions
[2026-04-03T01:39:52.368+0600][29.214s][info][gc,marking     ] GC(54) Concurrent Scan Root Regions 4.030ms
[2026-04-03T01:39:52.368+0600][29.215s][info][gc,marking     ] GC(54) Concurrent Mark
[2026-04-03T01:39:52.368+0600][29.215s][info][gc,marking     ] GC(54) Concurrent Mark From Roots
[2026-04-03T01:39:52.368+0600][29.215s][info][gc,task        ] GC(54) Using 3 workers of 3 for marking
[2026-04-03T01:39:52.492+0600][29.338s][info][gc,marking     ] GC(54) Concurrent Mark From Roots 123.058ms
[2026-04-03T01:39:52.492+0600][29.338s][info][gc,marking     ] GC(54) Concurrent Preclean
[2026-04-03T01:39:52.492+0600][29.338s][info][gc,marking     ] GC(54) Concurrent Preclean 0.231ms
[2026-04-03T01:39:52.492+0600][29.338s][info][gc,start       ] GC(54) Pause Remark
[2026-04-03T01:39:52.503+0600][29.349s][info][gc             ] GC(54) Pause Remark 159M->159M(434M) 10.237ms
[2026-04-03T01:39:52.503+0600][29.349s][info][gc,cpu         ] GC(54) User=0.05s Sys=0.01s Real=0.01s
[2026-04-03T01:39:52.503+0600][29.349s][info][gc,marking     ] GC(54) Concurrent Mark 134.492ms
[2026-04-03T01:39:52.503+0600][29.349s][info][gc,marking     ] GC(54) Concurrent Rebuild Remembered Sets and Scrub Regions
[2026-04-03T01:39:52.546+0600][29.392s][info][gc,marking     ] GC(54) Concurrent Rebuild Remembered Sets and Scrub Regions 43.321ms
[2026-04-03T01:39:52.547+0600][29.393s][info][gc,start       ] GC(54) Pause Cleanup
[2026-04-03T01:39:52.547+0600][29.393s][info][gc             ] GC(54) Pause Cleanup 200M->200M(434M) 0.329ms
[2026-04-03T01:39:52.547+0600][29.393s][info][gc,cpu         ] GC(54) User=0.00s Sys=0.01s Real=0.00s
[2026-04-03T01:39:52.547+0600][29.393s][info][gc,marking     ] GC(54) Concurrent Clear Claimed Marks
[2026-04-03T01:39:52.548+0600][29.394s][info][gc,marking     ] GC(54) Concurrent Clear Claimed Marks 0.501ms
[2026-04-03T01:39:52.548+0600][29.394s][info][gc,marking     ] GC(54) Concurrent Cleanup for Next Mark
[2026-04-03T01:39:52.549+0600][29.395s][info][gc,marking     ] GC(54) Concurrent Cleanup for Next Mark 1.516ms
[2026-04-03T01:39:52.549+0600][29.396s][info][gc             ] GC(54) Concurrent Mark Cycle 185.423ms
[2026-04-03T01:39:52.961+0600][29.807s][info][gc,start       ] GC(55) Pause Young (Prepare Mixed) (G1 Evacuation Pause)
[2026-04-03T01:39:52.961+0600][29.807s][info][gc,task        ] GC(55) Using 10 workers of 10 for evacuation
[2026-04-03T01:39:52.967+0600][29.813s][info][gc,phases      ] GC(55)   Pre Evacuate Collection Set: 0.38ms
[2026-04-03T01:39:52.967+0600][29.813s][info][gc,phases      ] GC(55)   Merge Heap Roots: 0.26ms
[2026-04-03T01:39:52.967+0600][29.813s][info][gc,phases      ] GC(55)   Evacuate Collection Set: 4.94ms
[2026-04-03T01:39:52.967+0600][29.813s][info][gc,phases      ] GC(55)   Post Evacuate Collection Set: 0.88ms
[2026-04-03T01:39:52.967+0600][29.813s][info][gc,phases      ] GC(55)   Other: 0.10ms
[2026-04-03T01:39:52.967+0600][29.813s][info][gc,heap        ] GC(55) Eden regions: 100->0(130)
[2026-04-03T01:39:52.967+0600][29.813s][info][gc,heap        ] GC(55) Survivor regions: 4->4(17)
[2026-04-03T01:39:52.967+0600][29.813s][info][gc,heap        ] GC(55) Old regions: 39->40
[2026-04-03T01:39:52.967+0600][29.813s][info][gc,heap        ] GC(55) Humongous regions: 76->3
[2026-04-03T01:39:52.967+0600][29.813s][info][gc,metaspace   ] GC(55) Metaspace: 129552K(131072K)->129552K(131072K) NonClass: 113049K(113856K)->113049K(113856K) Class: 16502K(17216K)->16502K(17216K)
[2026-04-03T01:39:52.967+0600][29.813s][info][gc             ] GC(55) Pause Young (Prepare Mixed) (G1 Evacuation Pause) 431M->85M(448M) 6.846ms
[2026-04-03T01:39:52.967+0600][29.814s][info][gc,cpu         ] GC(55) User=0.04s Sys=0.02s Real=0.00s
[2026-04-03T01:39:53.500+0600][30.346s][info][gc,start       ] GC(56) Pause Young (Mixed) (G1 Evacuation Pause)
[2026-04-03T01:39:53.500+0600][30.346s][info][gc,task        ] GC(56) Using 10 workers of 10 for evacuation
[2026-04-03T01:39:53.508+0600][30.354s][info][gc,phases      ] GC(56)   Pre Evacuate Collection Set: 0.49ms
[2026-04-03T01:39:53.508+0600][30.354s][info][gc,phases      ] GC(56)   Merge Heap Roots: 0.25ms
[2026-04-03T01:39:53.508+0600][30.354s][info][gc,phases      ] GC(56)   Evacuate Collection Set: 5.45ms
[2026-04-03T01:39:53.508+0600][30.354s][info][gc,phases      ] GC(56)   Post Evacuate Collection Set: 1.15ms
[2026-04-03T01:39:53.508+0600][30.354s][info][gc,phases      ] GC(56)   Other: 0.17ms
[2026-04-03T01:39:53.508+0600][30.354s][info][gc,heap        ] GC(56) Eden regions: 130->0(128)
[2026-04-03T01:39:53.508+0600][30.354s][info][gc,heap        ] GC(56) Survivor regions: 4->6(17)
[2026-04-03T01:39:53.508+0600][30.354s][info][gc,heap        ] GC(56) Old regions: 40->40
[2026-04-03T01:39:53.508+0600][30.354s][info][gc,heap        ] GC(56) Humongous regions: 38->3
[2026-04-03T01:39:53.508+0600][30.354s][info][gc,metaspace   ] GC(56) Metaspace: 129761K(131264K)->129761K(131264K) NonClass: 113234K(114048K)->113234K(114048K) Class: 16526K(17216K)->16526K(17216K)
[2026-04-03T01:39:53.508+0600][30.354s][info][gc             ] GC(56) Pause Young (Mixed) (G1 Evacuation Pause) 415M->90M(448M) 7.922ms
[2026-04-03T01:39:53.508+0600][30.354s][info][gc,cpu         ] GC(56) User=0.07s Sys=0.00s Real=0.00s
[2026-04-03T01:39:53.522+0600][30.368s][info][gc,start       ] GC(57) Pause Young (Concurrent Start) (G1 Humongous Allocation)
[2026-04-03T01:39:53.522+0600][30.368s][info][gc,task        ] GC(57) Using 10 workers of 10 for evacuation
[2026-04-03T01:39:53.530+0600][30.376s][info][gc,phases      ] GC(57)   Pre Evacuate Collection Set: 0.54ms
[2026-04-03T01:39:53.530+0600][30.376s][info][gc,phases      ] GC(57)   Merge Heap Roots: 0.26ms
[2026-04-03T01:39:53.530+0600][30.376s][info][gc,phases      ] GC(57)   Evacuate Collection Set: 5.37ms
[2026-04-03T01:39:53.530+0600][30.376s][info][gc,phases      ] GC(57)   Post Evacuate Collection Set: 1.30ms
[2026-04-03T01:39:53.530+0600][30.376s][info][gc,phases      ] GC(57)   Other: 0.27ms
[2026-04-03T01:39:53.530+0600][30.376s][info][gc,heap        ] GC(57) Eden regions: 7->0(129)
[2026-04-03T01:39:53.530+0600][30.376s][info][gc,heap        ] GC(57) Survivor regions: 6->5(17)
[2026-04-03T01:39:53.530+0600][30.376s][info][gc,heap        ] GC(57) Old regions: 40->40
[2026-04-03T01:39:53.530+0600][30.376s][info][gc,heap        ] GC(57) Humongous regions: 3->3
[2026-04-03T01:39:53.530+0600][30.376s][info][gc,metaspace   ] GC(57) Metaspace: 129761K(131264K)->129761K(131264K) NonClass: 113234K(114048K)->113234K(114048K) Class: 16526K(17216K)->16526K(17216K)
[2026-04-03T01:39:53.530+0600][30.376s][info][gc             ] GC(57) Pause Young (Concurrent Start) (G1 Humongous Allocation) 103M->89M(448M) 8.405ms
[2026-04-03T01:39:53.530+0600][30.376s][info][gc             ] GC(58) Concurrent Mark Cycle
[2026-04-03T01:39:53.530+0600][30.376s][info][gc,marking     ] GC(58) Concurrent Scan Root Regions
[2026-04-03T01:39:53.530+0600][30.376s][info][gc,cpu         ] GC(57) User=0.06s Sys=0.00s Real=0.01s
[2026-04-03T01:39:53.539+0600][30.385s][info][gc,marking     ] GC(58) Concurrent Scan Root Regions 8.636ms
[2026-04-03T01:39:53.539+0600][30.385s][info][gc,marking     ] GC(58) Concurrent Mark
[2026-04-03T01:39:53.539+0600][30.385s][info][gc,marking     ] GC(58) Concurrent Mark From Roots
[2026-04-03T01:39:53.539+0600][30.385s][info][gc,task        ] GC(58) Using 3 workers of 3 for marking
[2026-04-03T01:39:53.655+0600][30.501s][info][gc,marking     ] GC(58) Concurrent Mark From Roots 116.256ms
[2026-04-03T01:39:53.655+0600][30.502s][info][gc,marking     ] GC(58) Concurrent Preclean
[2026-04-03T01:39:53.656+0600][30.502s][info][gc,marking     ] GC(58) Concurrent Preclean 0.152ms
[2026-04-03T01:39:53.656+0600][30.502s][info][gc,start       ] GC(58) Pause Remark
[2026-04-03T01:39:53.682+0600][30.528s][info][gc             ] GC(58) Pause Remark 133M->133M(400M) 26.071ms
[2026-04-03T01:39:53.682+0600][30.528s][info][gc,cpu         ] GC(58) User=0.22s Sys=0.00s Real=0.03s
[2026-04-03T01:39:53.682+0600][30.529s][info][gc,marking     ] GC(58) Concurrent Mark 143.447ms
[2026-04-03T01:39:53.683+0600][30.529s][info][gc,marking     ] GC(58) Concurrent Rebuild Remembered Sets and Scrub Regions
[2026-04-03T01:39:53.715+0600][30.561s][info][gc,marking     ] GC(58) Concurrent Rebuild Remembered Sets and Scrub Regions 32.723ms
[2026-04-03T01:39:53.716+0600][30.562s][info][gc,start       ] GC(58) Pause Cleanup
[2026-04-03T01:39:53.716+0600][30.562s][info][gc             ] GC(58) Pause Cleanup 141M->141M(400M) 0.484ms
[2026-04-03T01:39:53.717+0600][30.563s][info][gc,cpu         ] GC(58) User=0.00s Sys=0.00s Real=0.00s
[2026-04-03T01:39:53.717+0600][30.563s][info][gc,marking     ] GC(58) Concurrent Clear Claimed Marks
[2026-04-03T01:39:53.717+0600][30.563s][info][gc,marking     ] GC(58) Concurrent Clear Claimed Marks 0.433ms
[2026-04-03T01:39:53.717+0600][30.563s][info][gc,marking     ] GC(58) Concurrent Cleanup for Next Mark
[2026-04-03T01:39:53.718+0600][30.564s][info][gc,marking     ] GC(58) Concurrent Cleanup for Next Mark 0.846ms
[2026-04-03T01:39:53.718+0600][30.564s][info][gc             ] GC(58) Concurrent Mark Cycle 188.013ms
[2026-04-03T01:39:53.834+0600][30.680s][info][gc,start       ] GC(59) Pause Young (Prepare Mixed) (G1 Evacuation Pause)
[2026-04-03T01:39:53.834+0600][30.680s][info][gc,task        ] GC(59) Using 9 workers of 10 for evacuation
[2026-04-03T01:39:53.841+0600][30.687s][info][gc,phases      ] GC(59)   Pre Evacuate Collection Set: 0.45ms
[2026-04-03T01:39:53.841+0600][30.688s][info][gc,phases      ] GC(59)   Merge Heap Roots: 0.16ms
[2026-04-03T01:39:53.841+0600][30.688s][info][gc,phases      ] GC(59)   Evacuate Collection Set: 5.76ms
[2026-04-03T01:39:53.841+0600][30.688s][info][gc,phases      ] GC(59)   Post Evacuate Collection Set: 0.76ms
[2026-04-03T01:39:53.841+0600][30.688s][info][gc,phases      ] GC(59)   Other: 0.11ms
[2026-04-03T01:39:53.841+0600][30.688s][info][gc,heap        ] GC(59) Eden regions: 33->0(118)
[2026-04-03T01:39:53.842+0600][30.688s][info][gc,heap        ] GC(59) Survivor regions: 5->5(15)
[2026-04-03T01:39:53.842+0600][30.688s][info][gc,heap        ] GC(59) Old regions: 40->41
[2026-04-03T01:39:53.842+0600][30.688s][info][gc,heap        ] GC(59) Humongous regions: 122->12
[2026-04-03T01:39:53.842+0600][30.688s][info][gc,metaspace   ] GC(59) Metaspace: 129807K(131328K)->129807K(131328K) NonClass: 113279K(114048K)->113279K(114048K) Class: 16527K(17280K)->16527K(17280K)
[2026-04-03T01:39:53.842+0600][30.688s][info][gc             ] GC(59) Pause Young (Prepare Mixed) (G1 Evacuation Pause) 393M->107M(412M) 7.575ms
[2026-04-03T01:39:53.842+0600][30.688s][info][gc,cpu         ] GC(59) User=0.04s Sys=0.02s Real=0.01s
[2026-04-03T01:39:54.057+0600][30.903s][info][gc,start       ] GC(60) Pause Young (Mixed) (G1 Evacuation Pause)
[2026-04-03T01:39:54.057+0600][30.903s][info][gc,task        ] GC(60) Using 10 workers of 10 for evacuation
[2026-04-03T01:39:54.065+0600][30.911s][info][gc,phases      ] GC(60)   Pre Evacuate Collection Set: 0.37ms
[2026-04-03T01:39:54.065+0600][30.911s][info][gc,phases      ] GC(60)   Merge Heap Roots: 0.21ms
[2026-04-03T01:39:54.065+0600][30.911s][info][gc,phases      ] GC(60)   Evacuate Collection Set: 6.46ms
[2026-04-03T01:39:54.065+0600][30.911s][info][gc,phases      ] GC(60)   Post Evacuate Collection Set: 0.76ms
[2026-04-03T01:39:54.065+0600][30.911s][info][gc,phases      ] GC(60)   Other: 0.11ms
[2026-04-03T01:39:54.065+0600][30.912s][info][gc,heap        ] GC(60) Eden regions: 31->0(158)
[2026-04-03T01:39:54.065+0600][30.912s][info][gc,heap        ] GC(60) Survivor regions: 5->4(18)
[2026-04-03T01:39:54.065+0600][30.912s][info][gc,heap        ] GC(60) Old regions: 41->41
[2026-04-03T01:39:54.065+0600][30.912s][info][gc,heap        ] GC(60) Humongous regions: 189->12
[2026-04-03T01:39:54.065+0600][30.912s][info][gc,metaspace   ] GC(60) Metaspace: 129854K(131392K)->129854K(131392K) NonClass: 113326K(114112K)->113326K(114112K) Class: 16527K(17280K)->16527K(17280K)
[2026-04-03T01:39:54.065+0600][30.912s][info][gc             ] GC(60) Pause Young (Mixed) (G1 Evacuation Pause) 523M->107M(542M) 8.231ms
[2026-04-03T01:39:54.066+0600][30.912s][info][gc,cpu         ] GC(60) User=0.05s Sys=0.01s Real=0.01s
[2026-04-03T01:39:54.066+0600][30.912s][info][gc,start       ] GC(61) Pause Young (Concurrent Start) (G1 Humongous Allocation)
[2026-04-03T01:39:54.066+0600][30.912s][info][gc,task        ] GC(61) Using 10 workers of 10 for evacuation
[2026-04-03T01:39:54.071+0600][30.917s][info][gc,phases      ] GC(61)   Pre Evacuate Collection Set: 0.26ms
[2026-04-03T01:39:54.071+0600][30.917s][info][gc,phases      ] GC(61)   Merge Heap Roots: 0.09ms
[2026-04-03T01:39:54.071+0600][30.917s][info][gc,phases      ] GC(61)   Evacuate Collection Set: 3.36ms
[2026-04-03T01:39:54.071+0600][30.917s][info][gc,phases      ] GC(61)   Post Evacuate Collection Set: 0.87ms
[2026-04-03T01:39:54.071+0600][30.917s][info][gc,phases      ] GC(61)   Other: 0.21ms
[2026-04-03T01:39:54.071+0600][30.917s][info][gc,heap        ] GC(61) Eden regions: 2->0(158)
[2026-04-03T01:39:54.071+0600][30.917s][info][gc,heap        ] GC(61) Survivor regions: 4->4(21)
[2026-04-03T01:39:54.071+0600][30.917s][info][gc,heap        ] GC(61) Old regions: 41->41
[2026-04-03T01:39:54.071+0600][30.917s][info][gc,heap        ] GC(61) Humongous regions: 12->3
[2026-04-03T01:39:54.071+0600][30.917s][info][gc,metaspace   ] GC(61) Metaspace: 129854K(131392K)->129854K(131392K) NonClass: 113326K(114112K)->113326K(114112K) Class: 16527K(17280K)->16527K(17280K)
[2026-04-03T01:39:54.071+0600][30.917s][info][gc             ] GC(61) Pause Young (Concurrent Start) (G1 Humongous Allocation) 109M->89M(542M) 5.139ms
[2026-04-03T01:39:54.071+0600][30.918s][info][gc,cpu         ] GC(61) User=0.03s Sys=0.01s Real=0.01s
[2026-04-03T01:39:54.071+0600][30.918s][info][gc             ] GC(62) Concurrent Mark Cycle
[2026-04-03T01:39:54.072+0600][30.918s][info][gc,marking     ] GC(62) Concurrent Scan Root Regions
[2026-04-03T01:39:54.077+0600][30.924s][info][gc,marking     ] GC(62) Concurrent Scan Root Regions 5.869ms
[2026-04-03T01:39:54.078+0600][30.924s][info][gc,marking     ] GC(62) Concurrent Mark
[2026-04-03T01:39:54.078+0600][30.924s][info][gc,marking     ] GC(62) Concurrent Mark From Roots
[2026-04-03T01:39:54.078+0600][30.924s][info][gc,task        ] GC(62) Using 3 workers of 3 for marking
[2026-04-03T01:39:54.182+0600][31.028s][info][gc,marking     ] GC(62) Concurrent Mark From Roots 104.300ms
[2026-04-03T01:39:54.182+0600][31.028s][info][gc,marking     ] GC(62) Concurrent Preclean
[2026-04-03T01:39:54.183+0600][31.029s][info][gc,marking     ] GC(62) Concurrent Preclean 0.557ms
[2026-04-03T01:39:54.183+0600][31.029s][info][gc,start       ] GC(62) Pause Remark
[2026-04-03T01:39:54.209+0600][31.055s][info][gc             ] GC(62) Pause Remark 442M->442M(650M) 25.906ms
[2026-04-03T01:39:54.209+0600][31.055s][info][gc,cpu         ] GC(62) User=0.22s Sys=0.00s Real=0.02s
[2026-04-03T01:39:54.209+0600][31.055s][info][gc,marking     ] GC(62) Concurrent Mark 131.799ms
[2026-04-03T01:39:54.209+0600][31.056s][info][gc,marking     ] GC(62) Concurrent Rebuild Remembered Sets and Scrub Regions
[2026-04-03T01:39:54.244+0600][31.090s][info][gc,marking     ] GC(62) Concurrent Rebuild Remembered Sets and Scrub Regions 34.810ms
[2026-04-03T01:39:54.245+0600][31.091s][info][gc,start       ] GC(62) Pause Cleanup
[2026-04-03T01:39:54.245+0600][31.091s][info][gc             ] GC(62) Pause Cleanup 447M->447M(650M) 0.368ms
[2026-04-03T01:39:54.245+0600][31.091s][info][gc,cpu         ] GC(62) User=0.00s Sys=0.00s Real=0.00s
[2026-04-03T01:39:54.245+0600][31.091s][info][gc,marking     ] GC(62) Concurrent Clear Claimed Marks
[2026-04-03T01:39:54.246+0600][31.092s][info][gc,marking     ] GC(62) Concurrent Clear Claimed Marks 0.416ms
[2026-04-03T01:39:54.246+0600][31.092s][info][gc,marking     ] GC(62) Concurrent Cleanup for Next Mark
[2026-04-03T01:39:54.248+0600][31.095s][info][gc,marking     ] GC(62) Concurrent Cleanup for Next Mark 2.600ms
[2026-04-03T01:39:54.249+0600][31.095s][info][gc             ] GC(62) Concurrent Mark Cycle 177.120ms
[2026-04-03T01:39:54.689+0600][31.535s][info][gc,start       ] GC(63) Pause Young (Prepare Mixed) (G1 Evacuation Pause)
[2026-04-03T01:39:54.689+0600][31.535s][info][gc,task        ] GC(63) Using 10 workers of 10 for evacuation
[2026-04-03T01:39:54.693+0600][31.539s][info][gc,phases      ] GC(63)   Pre Evacuate Collection Set: 0.52ms
[2026-04-03T01:39:54.693+0600][31.539s][info][gc,phases      ] GC(63)   Merge Heap Roots: 0.23ms
[2026-04-03T01:39:54.693+0600][31.539s][info][gc,phases      ] GC(63)   Evacuate Collection Set: 2.95ms
[2026-04-03T01:39:54.693+0600][31.539s][info][gc,phases      ] GC(63)   Post Evacuate Collection Set: 0.50ms
[2026-04-03T01:39:54.693+0600][31.539s][info][gc,phases      ] GC(63)   Other: 0.07ms
[2026-04-03T01:39:54.693+0600][31.539s][info][gc,heap        ] GC(63) Eden regions: 91->0(193)
[2026-04-03T01:39:54.693+0600][31.539s][info][gc,heap        ] GC(63) Survivor regions: 4->4(25)
[2026-04-03T01:39:54.693+0600][31.539s][info][gc,heap        ] GC(63) Old regions: 41->41
[2026-04-03T01:39:54.693+0600][31.539s][info][gc,heap        ] GC(63) Humongous regions: 189->3
[2026-04-03T01:39:54.693+0600][31.539s][info][gc,metaspace   ] GC(63) Metaspace: 129804K(131520K)->129804K(131520K) NonClass: 113353K(114240K)->113353K(114240K) Class: 16450K(17280K)->16450K(17280K)
[2026-04-03T01:39:54.693+0600][31.539s][info][gc             ] GC(63) Pause Young (Prepare Mixed) (G1 Evacuation Pause) 643M->88M(658M) 4.545ms
[2026-04-03T01:39:54.693+0600][31.539s][info][gc,cpu         ] GC(63) User=0.03s Sys=0.00s Real=0.01s
[2026-04-03T01:39:55.351+0600][32.197s][info][gc,start       ] GC(64) Pause Young (Mixed) (G1 Evacuation Pause)
[2026-04-03T01:39:55.351+0600][32.197s][info][gc,task        ] GC(64) Using 10 workers of 10 for evacuation
[2026-04-03T01:39:55.362+0600][32.208s][info][gc,phases      ] GC(64)   Pre Evacuate Collection Set: 0.47ms
[2026-04-03T01:39:55.362+0600][32.209s][info][gc,phases      ] GC(64)   Merge Heap Roots: 0.66ms
[2026-04-03T01:39:55.362+0600][32.209s][info][gc,phases      ] GC(64)   Evacuate Collection Set: 9.02ms
[2026-04-03T01:39:55.362+0600][32.209s][info][gc,phases      ] GC(64)   Post Evacuate Collection Set: 1.12ms
[2026-04-03T01:39:55.362+0600][32.209s][info][gc,phases      ] GC(64)   Other: 0.19ms
[2026-04-03T01:39:55.363+0600][32.209s][info][gc,heap        ] GC(64) Eden regions: 173->0(196)
[2026-04-03T01:39:55.363+0600][32.209s][info][gc,heap        ] GC(64) Survivor regions: 4->5(25)
[2026-04-03T01:39:55.363+0600][32.209s][info][gc,heap        ] GC(64) Old regions: 41->40
[2026-04-03T01:39:55.363+0600][32.209s][info][gc,heap        ] GC(64) Humongous regions: 112->4
[2026-04-03T01:39:55.363+0600][32.209s][info][gc,metaspace   ] GC(64) Metaspace: 129916K(131520K)->129916K(131520K) NonClass: 113464K(114240K)->113464K(114240K) Class: 16452K(17280K)->16452K(17280K)
[2026-04-03T01:39:55.363+0600][32.209s][info][gc             ] GC(64) Pause Young (Mixed) (G1 Evacuation Pause) 652M->93M(670M) 11.946ms
[2026-04-03T01:39:55.363+0600][32.209s][info][gc,cpu         ] GC(64) User=0.06s Sys=0.02s Real=0.01s
[2026-04-03T01:39:55.365+0600][32.211s][info][gc,start       ] GC(65) Pause Young (Concurrent Start) (G1 Humongous Allocation)
[2026-04-03T01:39:55.365+0600][32.212s][info][gc,task        ] GC(65) Using 10 workers of 10 for evacuation
[2026-04-03T01:39:55.373+0600][32.219s][info][gc,phases      ] GC(65)   Pre Evacuate Collection Set: 0.64ms
[2026-04-03T01:39:55.373+0600][32.219s][info][gc,phases      ] GC(65)   Merge Heap Roots: 0.21ms
[2026-04-03T01:39:55.373+0600][32.219s][info][gc,phases      ] GC(65)   Evacuate Collection Set: 4.56ms
[2026-04-03T01:39:55.373+0600][32.219s][info][gc,phases      ] GC(65)   Post Evacuate Collection Set: 1.71ms
[2026-04-03T01:39:55.373+0600][32.219s][info][gc,phases      ] GC(65)   Other: 0.26ms
[2026-04-03T01:39:55.373+0600][32.219s][info][gc,heap        ] GC(65) Eden regions: 3->0(260)
[2026-04-03T01:39:55.373+0600][32.219s][info][gc,heap        ] GC(65) Survivor regions: 5->5(26)
[2026-04-03T01:39:55.373+0600][32.219s][info][gc,heap        ] GC(65) Old regions: 40->40
[2026-04-03T01:39:55.373+0600][32.219s][info][gc,heap        ] GC(65) Humongous regions: 4->3
[2026-04-03T01:39:55.373+0600][32.219s][info][gc,metaspace   ] GC(65) Metaspace: 129916K(131520K)->129916K(131520K) NonClass: 113464K(114240K)->113464K(114240K) Class: 16452K(17280K)->16452K(17280K)
[2026-04-03T01:39:55.373+0600][32.219s][info][gc             ] GC(65) Pause Young (Concurrent Start) (G1 Humongous Allocation) 98M->90M(884M) 7.751ms
[2026-04-03T01:39:55.373+0600][32.219s][info][gc             ] GC(66) Concurrent Mark Cycle
[2026-04-03T01:39:55.373+0600][32.219s][info][gc,cpu         ] GC(65) User=0.03s Sys=0.01s Real=0.01s
[2026-04-03T01:39:55.373+0600][32.219s][info][gc,marking     ] GC(66) Concurrent Scan Root Regions
[2026-04-03T01:39:55.378+0600][32.224s][info][gc,marking     ] GC(66) Concurrent Scan Root Regions 4.916ms
[2026-04-03T01:39:55.378+0600][32.224s][info][gc,marking     ] GC(66) Concurrent Mark
[2026-04-03T01:39:55.378+0600][32.224s][info][gc,marking     ] GC(66) Concurrent Mark From Roots
[2026-04-03T01:39:55.378+0600][32.224s][info][gc,task        ] GC(66) Using 3 workers of 3 for marking
[2026-04-03T01:39:55.502+0600][32.348s][info][gc,marking     ] GC(66) Concurrent Mark From Roots 123.561ms
[2026-04-03T01:39:55.502+0600][32.348s][info][gc,marking     ] GC(66) Concurrent Preclean
[2026-04-03T01:39:55.502+0600][32.348s][info][gc,marking     ] GC(66) Concurrent Preclean 0.143ms
[2026-04-03T01:39:55.502+0600][32.349s][info][gc,start       ] GC(66) Pause Remark
[2026-04-03T01:39:55.514+0600][32.360s][info][gc             ] GC(66) Pause Remark 160M->160M(420M) 11.165ms
[2026-04-03T01:39:55.514+0600][32.360s][info][gc,cpu         ] GC(66) User=0.07s Sys=0.00s Real=0.01s
[2026-04-03T01:39:55.514+0600][32.360s][info][gc,marking     ] GC(66) Concurrent Mark 135.885ms
[2026-04-03T01:39:55.514+0600][32.360s][info][gc,marking     ] GC(66) Concurrent Rebuild Remembered Sets and Scrub Regions
[2026-04-03T01:39:55.558+0600][32.405s][info][gc,marking     ] GC(66) Concurrent Rebuild Remembered Sets and Scrub Regions 44.173ms
[2026-04-03T01:39:55.559+0600][32.405s][info][gc,start       ] GC(66) Pause Cleanup
[2026-04-03T01:39:55.560+0600][32.406s][info][gc             ] GC(66) Pause Cleanup 196M->196M(420M) 0.469ms
[2026-04-03T01:39:55.560+0600][32.406s][info][gc,cpu         ] GC(66) User=0.00s Sys=0.00s Real=0.01s
[2026-04-03T01:39:55.560+0600][32.406s][info][gc,marking     ] GC(66) Concurrent Clear Claimed Marks
[2026-04-03T01:39:55.560+0600][32.406s][info][gc,marking     ] GC(66) Concurrent Clear Claimed Marks 0.401ms
[2026-04-03T01:39:55.560+0600][32.407s][info][gc,marking     ] GC(66) Concurrent Cleanup for Next Mark
[2026-04-03T01:39:55.561+0600][32.408s][info][gc,marking     ] GC(66) Concurrent Cleanup for Next Mark 1.030ms
[2026-04-03T01:39:55.562+0600][32.408s][info][gc             ] GC(66) Concurrent Mark Cycle 188.470ms
[2026-04-03T01:39:55.813+0600][32.660s][info][gc,start       ] GC(67) Pause Young (Prepare Mixed) (GCLocker Initiated GC)
[2026-04-03T01:39:55.814+0600][32.660s][info][gc,task        ] GC(67) Using 10 workers of 10 for evacuation
[2026-04-03T01:39:55.822+0600][32.669s][info][gc,phases      ] GC(67)   Pre Evacuate Collection Set: 0.44ms
[2026-04-03T01:39:55.823+0600][32.669s][info][gc,phases      ] GC(67)   Merge Heap Roots: 0.30ms
[2026-04-03T01:39:55.823+0600][32.669s][info][gc,phases      ] GC(67)   Evacuate Collection Set: 6.79ms
[2026-04-03T01:39:55.823+0600][32.669s][info][gc,phases      ] GC(67)   Post Evacuate Collection Set: 1.22ms
[2026-04-03T01:39:55.823+0600][32.669s][info][gc,phases      ] GC(67)   Other: 0.13ms
[2026-04-03T01:39:55.823+0600][32.669s][info][gc,heap        ] GC(67) Eden regions: 92->0(124)
[2026-04-03T01:39:55.823+0600][32.669s][info][gc,heap        ] GC(67) Survivor regions: 5->5(16)
[2026-04-03T01:39:55.823+0600][32.669s][info][gc,heap        ] GC(67) Old regions: 40->41
[2026-04-03T01:39:55.823+0600][32.669s][info][gc,heap        ] GC(67) Humongous regions: 73->3
[2026-04-03T01:39:55.823+0600][32.669s][info][gc,metaspace   ] GC(67) Metaspace: 129968K(131584K)->129968K(131584K) NonClass: 113515K(114304K)->113515K(114304K) Class: 16452K(17280K)->16452K(17280K)
[2026-04-03T01:39:55.823+0600][32.669s][info][gc             ] GC(67) Pause Young (Prepare Mixed) (GCLocker Initiated GC) 414M->92M(432M) 9.339ms
[2026-04-03T01:39:55.823+0600][32.669s][info][gc,cpu         ] GC(67) User=0.05s Sys=0.03s Real=0.01s
[2026-04-03T01:39:56.257+0600][33.103s][info][gc,start       ] GC(68) Pause Young (Mixed) (G1 Evacuation Pause)
[2026-04-03T01:39:56.257+0600][33.103s][info][gc,task        ] GC(68) Using 10 workers of 10 for evacuation
[2026-04-03T01:39:56.262+0600][33.108s][info][gc,phases      ] GC(68)   Pre Evacuate Collection Set: 0.38ms
[2026-04-03T01:39:56.262+0600][33.108s][info][gc,phases      ] GC(68)   Merge Heap Roots: 0.18ms
[2026-04-03T01:39:56.262+0600][33.108s][info][gc,phases      ] GC(68)   Evacuate Collection Set: 3.57ms
[2026-04-03T01:39:56.262+0600][33.108s][info][gc,phases      ] GC(68)   Post Evacuate Collection Set: 0.62ms
[2026-04-03T01:39:56.262+0600][33.108s][info][gc,phases      ] GC(68)   Other: 0.09ms
[2026-04-03T01:39:56.262+0600][33.108s][info][gc,heap        ] GC(68) Eden regions: 98->0(128)
[2026-04-03T01:39:56.262+0600][33.108s][info][gc,heap        ] GC(68) Survivor regions: 5->4(17)
[2026-04-03T01:39:56.262+0600][33.108s][info][gc,heap        ] GC(68) Old regions: 41->41
[2026-04-03T01:39:56.262+0600][33.108s][info][gc,heap        ] GC(68) Humongous regions: 72->3
[2026-04-03T01:39:56.262+0600][33.108s][info][gc,metaspace   ] GC(68) Metaspace: 130063K(131584K)->130063K(131584K) NonClass: 113606K(114304K)->113606K(114304K) Class: 16457K(17280K)->16457K(17280K)
[2026-04-03T01:39:56.262+0600][33.108s][info][gc             ] GC(68) Pause Young (Mixed) (G1 Evacuation Pause) 426M->90M(442M) 5.137ms
[2026-04-03T01:39:56.262+0600][33.108s][info][gc,cpu         ] GC(68) User=0.03s Sys=0.00s Real=0.01s
[2026-04-03T01:39:56.481+0600][33.327s][info][gc,start       ] GC(69) Pause Young (Concurrent Start) (G1 Humongous Allocation)
[2026-04-03T01:39:56.481+0600][33.327s][info][gc,task        ] GC(69) Using 10 workers of 10 for evacuation
[2026-04-03T01:39:56.484+0600][33.330s][info][gc,phases      ] GC(69)   Pre Evacuate Collection Set: 0.42ms
[2026-04-03T01:39:56.484+0600][33.330s][info][gc,phases      ] GC(69)   Merge Heap Roots: 0.16ms
[2026-04-03T01:39:56.484+0600][33.330s][info][gc,phases      ] GC(69)   Evacuate Collection Set: 1.87ms
[2026-04-03T01:39:56.484+0600][33.330s][info][gc,phases      ] GC(69)   Post Evacuate Collection Set: 0.52ms
[2026-04-03T01:39:56.484+0600][33.330s][info][gc,phases      ] GC(69)   Other: 0.17ms
[2026-04-03T01:39:56.484+0600][33.330s][info][gc,heap        ] GC(69) Eden regions: 54->0(128)
[2026-04-03T01:39:56.484+0600][33.330s][info][gc,heap        ] GC(69) Survivor regions: 4->4(17)
[2026-04-03T01:39:56.484+0600][33.330s][info][gc,heap        ] GC(69) Old regions: 41->41
[2026-04-03T01:39:56.484+0600][33.330s][info][gc,heap        ] GC(69) Humongous regions: 3->3
[2026-04-03T01:39:56.484+0600][33.330s][info][gc,metaspace   ] GC(69) Metaspace: 130070K(131584K)->130070K(131584K) NonClass: 113613K(114304K)->113613K(114304K) Class: 16457K(17280K)->16457K(17280K)
[2026-04-03T01:39:56.484+0600][33.330s][info][gc             ] GC(69) Pause Young (Concurrent Start) (G1 Humongous Allocation) 197M->90M(442M) 3.398ms
[2026-04-03T01:39:56.484+0600][33.331s][info][gc             ] GC(70) Concurrent Mark Cycle
[2026-04-03T01:39:56.484+0600][33.331s][info][gc,cpu         ] GC(69) User=0.02s Sys=0.00s Real=0.00s
[2026-04-03T01:39:56.484+0600][33.331s][info][gc,marking     ] GC(70) Concurrent Scan Root Regions
[2026-04-03T01:39:56.487+0600][33.333s][info][gc,marking     ] GC(70) Concurrent Scan Root Regions 2.429ms
[2026-04-03T01:39:56.487+0600][33.333s][info][gc,marking     ] GC(70) Concurrent Mark
[2026-04-03T01:39:56.487+0600][33.333s][info][gc,marking     ] GC(70) Concurrent Mark From Roots
[2026-04-03T01:39:56.487+0600][33.333s][info][gc,task        ] GC(70) Using 3 workers of 3 for marking
[2026-04-03T01:39:56.601+0600][33.448s][info][gc,marking     ] GC(70) Concurrent Mark From Roots 114.505ms
[2026-04-03T01:39:56.602+0600][33.448s][info][gc,marking     ] GC(70) Concurrent Preclean
[2026-04-03T01:39:56.602+0600][33.448s][info][gc,marking     ] GC(70) Concurrent Preclean 0.632ms
[2026-04-03T01:39:56.603+0600][33.449s][info][gc,start       ] GC(70) Pause Remark
[2026-04-03T01:39:56.614+0600][33.460s][info][gc             ] GC(70) Pause Remark 198M->198M(442M) 10.923ms
[2026-04-03T01:39:56.614+0600][33.460s][info][gc,cpu         ] GC(70) User=0.08s Sys=0.00s Real=0.01s
[2026-04-03T01:39:56.614+0600][33.460s][info][gc,marking     ] GC(70) Concurrent Mark 127.037ms
[2026-04-03T01:39:56.614+0600][33.460s][info][gc,marking     ] GC(70) Concurrent Rebuild Remembered Sets and Scrub Regions
[2026-04-03T01:39:56.658+0600][33.504s][info][gc,marking     ] GC(70) Concurrent Rebuild Remembered Sets and Scrub Regions 44.269ms
[2026-04-03T01:39:56.659+0600][33.505s][info][gc,start       ] GC(70) Pause Cleanup
[2026-04-03T01:39:56.660+0600][33.506s][info][gc             ] GC(70) Pause Cleanup 236M->236M(442M) 0.459ms
[2026-04-03T01:39:56.660+0600][33.506s][info][gc,cpu         ] GC(70) User=0.00s Sys=0.00s Real=0.00s
[2026-04-03T01:39:56.661+0600][33.507s][info][gc,marking     ] GC(70) Concurrent Clear Claimed Marks
[2026-04-03T01:39:56.661+0600][33.507s][info][gc,marking     ] GC(70) Concurrent Clear Claimed Marks 0.395ms
[2026-04-03T01:39:56.661+0600][33.507s][info][gc,marking     ] GC(70) Concurrent Cleanup for Next Mark
[2026-04-03T01:39:56.663+0600][33.509s][info][gc,marking     ] GC(70) Concurrent Cleanup for Next Mark 1.682ms
[2026-04-03T01:39:56.664+0600][33.510s][info][gc             ] GC(70) Concurrent Mark Cycle 179.441ms
[2026-04-03T01:39:56.833+0600][33.679s][info][gc,start       ] GC(71) Pause Young (Prepare Mixed) (G1 Evacuation Pause)
[2026-04-03T01:39:56.833+0600][33.679s][info][gc,task        ] GC(71) Using 10 workers of 10 for evacuation
[2026-04-03T01:39:56.840+0600][33.686s][info][gc,phases      ] GC(71)   Pre Evacuate Collection Set: 0.57ms
[2026-04-03T01:39:56.840+0600][33.686s][info][gc,phases      ] GC(71)   Merge Heap Roots: 0.40ms
[2026-04-03T01:39:56.840+0600][33.686s][info][gc,phases      ] GC(71)   Evacuate Collection Set: 5.19ms
[2026-04-03T01:39:56.840+0600][33.686s][info][gc,phases      ] GC(71)   Post Evacuate Collection Set: 0.81ms
[2026-04-03T01:39:56.840+0600][33.686s][info][gc,phases      ] GC(71)   Other: 0.17ms
[2026-04-03T01:39:56.840+0600][33.686s][info][gc,heap        ] GC(71) Eden regions: 93->0(130)
[2026-04-03T01:39:56.840+0600][33.686s][info][gc,heap        ] GC(71) Survivor regions: 4->5(17)
[2026-04-03T01:39:56.840+0600][33.686s][info][gc,heap        ] GC(71) Old regions: 41->41
[2026-04-03T01:39:56.840+0600][33.686s][info][gc,heap        ] GC(71) Humongous regions: 83->3
[2026-04-03T01:39:56.840+0600][33.686s][info][gc,metaspace   ] GC(71) Metaspace: 130094K(131648K)->130094K(131648K) NonClass: 113635K(114368K)->113635K(114368K) Class: 16459K(17280K)->16459K(17280K)
[2026-04-03T01:39:56.840+0600][33.686s][info][gc             ] GC(71) Pause Young (Prepare Mixed) (G1 Evacuation Pause) 436M->93M(452M) 7.475ms
[2026-04-03T01:39:56.840+0600][33.686s][info][gc,cpu         ] GC(71) User=0.04s Sys=0.01s Real=0.01s
[2026-04-03T01:39:57.163+0600][34.009s][info][gc,start       ] GC(72) Pause Young (Mixed) (GCLocker Initiated GC)
[2026-04-03T01:39:57.163+0600][34.009s][info][gc,task        ] GC(72) Using 10 workers of 10 for evacuation
[2026-04-03T01:39:57.173+0600][34.020s][info][gc,phases      ] GC(72)   Pre Evacuate Collection Set: 0.48ms
[2026-04-03T01:39:57.174+0600][34.020s][info][gc,phases      ] GC(72)   Merge Heap Roots: 0.30ms
[2026-04-03T01:39:57.174+0600][34.020s][info][gc,phases      ] GC(72)   Evacuate Collection Set: 7.31ms
[2026-04-03T01:39:57.174+0600][34.020s][info][gc,phases      ] GC(72)   Post Evacuate Collection Set: 1.92ms
[2026-04-03T01:39:57.174+0600][34.020s][info][gc,phases      ] GC(72)   Other: 0.13ms
[2026-04-03T01:39:57.174+0600][34.020s][info][gc,heap        ] GC(72) Eden regions: 99->0(133)
[2026-04-03T01:39:57.174+0600][34.020s][info][gc,heap        ] GC(72) Survivor regions: 5->5(17)
[2026-04-03T01:39:57.174+0600][34.020s][info][gc,heap        ] GC(72) Old regions: 41->40
[2026-04-03T01:39:57.174+0600][34.020s][info][gc,heap        ] GC(72) Humongous regions: 81->3
[2026-04-03T01:39:57.174+0600][34.020s][info][gc,metaspace   ] GC(72) Metaspace: 130135K(131712K)->130135K(131712K) NonClass: 113675K(114432K)->113675K(114432K) Class: 16459K(17280K)->16459K(17280K)
[2026-04-03T01:39:57.174+0600][34.020s][info][gc             ] GC(72) Pause Young (Mixed) (GCLocker Initiated GC) 447M->93M(462M) 10.507ms
[2026-04-03T01:39:57.174+0600][34.020s][info][gc,cpu         ] GC(72) User=0.05s Sys=0.01s Real=0.01s
[2026-04-03T01:39:57.178+0600][34.025s][info][gc,start       ] GC(73) Pause Young (Concurrent Start) (G1 Humongous Allocation)
[2026-04-03T01:39:57.179+0600][34.025s][info][gc,task        ] GC(73) Using 10 workers of 10 for evacuation
[2026-04-03T01:39:57.184+0600][34.030s][info][gc,phases      ] GC(73)   Pre Evacuate Collection Set: 0.38ms
[2026-04-03T01:39:57.184+0600][34.030s][info][gc,phases      ] GC(73)   Merge Heap Roots: 0.16ms
[2026-04-03T01:39:57.184+0600][34.030s][info][gc,phases      ] GC(73)   Evacuate Collection Set: 3.67ms
[2026-04-03T01:39:57.184+0600][34.030s][info][gc,phases      ] GC(73)   Post Evacuate Collection Set: 0.68ms
[2026-04-03T01:39:57.184+0600][34.030s][info][gc,phases      ] GC(73)   Other: 0.20ms
[2026-04-03T01:39:57.184+0600][34.030s][info][gc,heap        ] GC(73) Eden regions: 6->0(113)
[2026-04-03T01:39:57.184+0600][34.030s][info][gc,heap        ] GC(73) Survivor regions: 5->6(18)
[2026-04-03T01:39:57.184+0600][34.030s][info][gc,heap        ] GC(73) Old regions: 40->40
[2026-04-03T01:39:57.184+0600][34.030s][info][gc,heap        ] GC(73) Humongous regions: 3->3
[2026-04-03T01:39:57.184+0600][34.030s][info][gc,metaspace   ] GC(73) Metaspace: 130135K(131712K)->130135K(131712K) NonClass: 113675K(114432K)->113675K(114432K) Class: 16459K(17280K)->16459K(17280K)
[2026-04-03T01:39:57.184+0600][34.030s][info][gc             ] GC(73) Pause Young (Concurrent Start) (G1 Humongous Allocation) 103M->95M(462M) 5.490ms
[2026-04-03T01:39:57.184+0600][34.030s][info][gc,cpu         ] GC(73) User=0.03s Sys=0.00s Real=0.01s
[2026-04-03T01:39:57.184+0600][34.030s][info][gc             ] GC(74) Concurrent Mark Cycle
[2026-04-03T01:39:57.184+0600][34.030s][info][gc,marking     ] GC(74) Concurrent Scan Root Regions
[2026-04-03T01:39:57.190+0600][34.036s][info][gc,marking     ] GC(74) Concurrent Scan Root Regions 6.018ms
[2026-04-03T01:39:57.190+0600][34.036s][info][gc,marking     ] GC(74) Concurrent Mark
[2026-04-03T01:39:57.190+0600][34.036s][info][gc,marking     ] GC(74) Concurrent Mark From Roots
[2026-04-03T01:39:57.190+0600][34.037s][info][gc,task        ] GC(74) Using 3 workers of 3 for marking
[2026-04-03T01:39:57.324+0600][34.170s][info][gc,marking     ] GC(74) Concurrent Mark From Roots 133.343ms
[2026-04-03T01:39:57.324+0600][34.170s][info][gc,marking     ] GC(74) Concurrent Preclean
[2026-04-03T01:39:57.324+0600][34.171s][info][gc,marking     ] GC(74) Concurrent Preclean 0.609ms
[2026-04-03T01:39:57.325+0600][34.171s][info][gc,start       ] GC(74) Pause Remark
[2026-04-03T01:39:57.333+0600][34.179s][info][gc             ] GC(74) Pause Remark 225M->225M(462M) 8.118ms
[2026-04-03T01:39:57.333+0600][34.180s][info][gc,cpu         ] GC(74) User=0.07s Sys=0.01s Real=0.01s
[2026-04-03T01:39:57.335+0600][34.182s][info][gc,marking     ] GC(74) Concurrent Mark 145.039ms
[2026-04-03T01:39:57.336+0600][34.182s][info][gc,marking     ] GC(74) Concurrent Rebuild Remembered Sets and Scrub Regions
[2026-04-03T01:39:57.375+0600][34.221s][info][gc,marking     ] GC(74) Concurrent Rebuild Remembered Sets and Scrub Regions 39.451ms
[2026-04-03T01:39:57.375+0600][34.222s][info][gc,start       ] GC(74) Pause Cleanup
[2026-04-03T01:39:57.376+0600][34.222s][info][gc             ] GC(74) Pause Cleanup 268M->268M(462M) 0.344ms
[2026-04-03T01:39:57.376+0600][34.222s][info][gc,cpu         ] GC(74) User=0.00s Sys=0.00s Real=0.00s
[2026-04-03T01:39:57.376+0600][34.222s][info][gc,marking     ] GC(74) Concurrent Clear Claimed Marks
[2026-04-03T01:39:57.376+0600][34.223s][info][gc,marking     ] GC(74) Concurrent Clear Claimed Marks 0.401ms
[2026-04-03T01:39:57.377+0600][34.223s][info][gc,marking     ] GC(74) Concurrent Cleanup for Next Mark
[2026-04-03T01:39:57.377+0600][34.224s][info][gc,marking     ] GC(74) Concurrent Cleanup for Next Mark 0.927ms
[2026-04-03T01:39:57.378+0600][34.224s][info][gc             ] GC(74) Concurrent Mark Cycle 193.369ms
[2026-04-03T01:39:57.604+0600][34.450s][info][gc,start       ] GC(75) Pause Young (Prepare Mixed) (G1 Evacuation Pause)
[2026-04-03T01:39:57.604+0600][34.450s][info][gc,task        ] GC(75) Using 10 workers of 10 for evacuation
[2026-04-03T01:39:57.609+0600][34.455s][info][gc,phases      ] GC(75)   Pre Evacuate Collection Set: 0.33ms
[2026-04-03T01:39:57.609+0600][34.455s][info][gc,phases      ] GC(75)   Merge Heap Roots: 0.15ms
[2026-04-03T01:39:57.609+0600][34.455s][info][gc,phases      ] GC(75)   Evacuate Collection Set: 3.61ms
[2026-04-03T01:39:57.609+0600][34.455s][info][gc,phases      ] GC(75)   Post Evacuate Collection Set: 0.65ms
[2026-04-03T01:39:57.609+0600][34.455s][info][gc,phases      ] GC(75)   Other: 0.08ms
[2026-04-03T01:39:57.609+0600][34.455s][info][gc,heap        ] GC(75) Eden regions: 108->0(129)
[2026-04-03T01:39:57.609+0600][34.455s][info][gc,heap        ] GC(75) Survivor regions: 6->4(15)
[2026-04-03T01:39:57.609+0600][34.455s][info][gc,heap        ] GC(75) Old regions: 40->41
[2026-04-03T01:39:57.609+0600][34.455s][info][gc,heap        ] GC(75) Humongous regions: 80->3
[2026-04-03T01:39:57.609+0600][34.455s][info][gc,metaspace   ] GC(75) Metaspace: 130203K(131776K)->130203K(131776K) NonClass: 113742K(114496K)->113742K(114496K) Class: 16461K(17280K)->16461K(17280K)
[2026-04-03T01:39:57.609+0600][34.455s][info][gc             ] GC(75) Pause Young (Prepare Mixed) (G1 Evacuation Pause) 464M->92M(478M) 5.097ms
[2026-04-03T01:39:57.609+0600][34.455s][info][gc,cpu         ] GC(75) User=0.04s Sys=0.01s Real=0.00s
[2026-04-03T01:39:57.961+0600][34.807s][info][gc,start       ] GC(76) Pause Young (Mixed) (G1 Evacuation Pause)
[2026-04-03T01:39:57.961+0600][34.807s][info][gc,task        ] GC(76) Using 10 workers of 10 for evacuation
[2026-04-03T01:39:57.970+0600][34.816s][info][gc,phases      ] GC(76)   Pre Evacuate Collection Set: 0.60ms
[2026-04-03T01:39:57.970+0600][34.816s][info][gc,phases      ] GC(76)   Merge Heap Roots: 0.25ms
[2026-04-03T01:39:57.970+0600][34.816s][info][gc,phases      ] GC(76)   Evacuate Collection Set: 6.62ms
[2026-04-03T01:39:57.970+0600][34.816s][info][gc,phases      ] GC(76)   Post Evacuate Collection Set: 1.25ms
[2026-04-03T01:39:57.970+0600][34.816s][info][gc,phases      ] GC(76)   Other: 0.12ms
[2026-04-03T01:39:57.970+0600][34.816s][info][gc,heap        ] GC(76) Eden regions: 129->0(167)
[2026-04-03T01:39:57.970+0600][34.816s][info][gc,heap        ] GC(76) Survivor regions: 4->5(17)
[2026-04-03T01:39:57.970+0600][34.816s][info][gc,heap        ] GC(76) Old regions: 41->41
[2026-04-03T01:39:57.970+0600][34.816s][info][gc,heap        ] GC(76) Humongous regions: 47->3
[2026-04-03T01:39:57.970+0600][34.816s][info][gc,metaspace   ] GC(76) Metaspace: 130250K(131840K)->130250K(131840K) NonClass: 113787K(114560K)->113787K(114560K) Class: 16462K(17280K)->16462K(17280K)
[2026-04-03T01:39:57.970+0600][34.816s][info][gc             ] GC(76) Pause Young (Mixed) (G1 Evacuation Pause) 438M->95M(574M) 9.162ms
[2026-04-03T01:39:57.970+0600][34.816s][info][gc,cpu         ] GC(76) User=0.06s Sys=0.01s Real=0.01s
[2026-04-03T01:39:57.975+0600][34.821s][info][gc,start       ] GC(77) Pause Young (Concurrent Start) (G1 Humongous Allocation)
[2026-04-03T01:39:57.975+0600][34.821s][info][gc,task        ] GC(77) Using 10 workers of 10 for evacuation
[2026-04-03T01:39:57.980+0600][34.827s][info][gc,phases      ] GC(77)   Pre Evacuate Collection Set: 0.33ms
[2026-04-03T01:39:57.981+0600][34.827s][info][gc,phases      ] GC(77)   Merge Heap Roots: 0.11ms
[2026-04-03T01:39:57.981+0600][34.827s][info][gc,phases      ] GC(77)   Evacuate Collection Set: 3.92ms
[2026-04-03T01:39:57.981+0600][34.827s][info][gc,phases      ] GC(77)   Post Evacuate Collection Set: 0.99ms
[2026-04-03T01:39:57.981+0600][34.827s][info][gc,phases      ] GC(77)   Other: 0.17ms
[2026-04-03T01:39:57.981+0600][34.827s][info][gc,heap        ] GC(77) Eden regions: 5->0(167)
[2026-04-03T01:39:57.981+0600][34.827s][info][gc,heap        ] GC(77) Survivor regions: 5->5(22)
[2026-04-03T01:39:57.981+0600][34.827s][info][gc,heap        ] GC(77) Old regions: 41->41
[2026-04-03T01:39:57.981+0600][34.827s][info][gc,heap        ] GC(77) Humongous regions: 3->3
[2026-04-03T01:39:57.981+0600][34.827s][info][gc,metaspace   ] GC(77) Metaspace: 130250K(131840K)->130250K(131840K) NonClass: 113787K(114560K)->113787K(114560K) Class: 16462K(17280K)->16462K(17280K)
[2026-04-03T01:39:57.981+0600][34.827s][info][gc             ] GC(77) Pause Young (Concurrent Start) (G1 Humongous Allocation) 103M->95M(574M) 6.041ms
[2026-04-03T01:39:57.981+0600][34.827s][info][gc,cpu         ] GC(77) User=0.05s Sys=0.00s Real=0.01s
[2026-04-03T01:39:57.981+0600][34.827s][info][gc             ] GC(78) Concurrent Mark Cycle
[2026-04-03T01:39:57.981+0600][34.827s][info][gc,marking     ] GC(78) Concurrent Scan Root Regions
[2026-04-03T01:39:57.987+0600][34.833s][info][gc,marking     ] GC(78) Concurrent Scan Root Regions 5.735ms
[2026-04-03T01:39:57.987+0600][34.833s][info][gc,marking     ] GC(78) Concurrent Mark
[2026-04-03T01:39:57.987+0600][34.833s][info][gc,marking     ] GC(78) Concurrent Mark From Roots
[2026-04-03T01:39:57.987+0600][34.833s][info][gc,task        ] GC(78) Using 3 workers of 3 for marking
[2026-04-03T01:39:58.093+0600][34.940s][info][gc,marking     ] GC(78) Concurrent Mark From Roots 106.352ms
[2026-04-03T01:39:58.093+0600][34.940s][info][gc,marking     ] GC(78) Concurrent Preclean
[2026-04-03T01:39:58.094+0600][34.940s][info][gc,marking     ] GC(78) Concurrent Preclean 0.421ms
[2026-04-03T01:39:58.094+0600][34.940s][info][gc,start       ] GC(78) Pause Remark
[2026-04-03T01:39:58.115+0600][34.961s][info][gc             ] GC(78) Pause Remark 170M->170M(434M) 20.569ms
[2026-04-03T01:39:58.115+0600][34.961s][info][gc,cpu         ] GC(78) User=0.19s Sys=0.00s Real=0.02s
[2026-04-03T01:39:58.115+0600][34.961s][info][gc,marking     ] GC(78) Concurrent Mark 128.081ms
[2026-04-03T01:39:58.115+0600][34.961s][info][gc,marking     ] GC(78) Concurrent Rebuild Remembered Sets and Scrub Regions
[2026-04-03T01:39:58.144+0600][34.990s][info][gc,marking     ] GC(78) Concurrent Rebuild Remembered Sets and Scrub Regions 28.262ms
[2026-04-03T01:39:58.144+0600][34.990s][info][gc,start       ] GC(78) Pause Cleanup
[2026-04-03T01:39:58.144+0600][34.990s][info][gc             ] GC(78) Pause Cleanup 178M->178M(434M) 0.290ms
[2026-04-03T01:39:58.144+0600][34.990s][info][gc,cpu         ] GC(78) User=0.00s Sys=0.00s Real=0.00s
[2026-04-03T01:39:58.145+0600][34.991s][info][gc,marking     ] GC(78) Concurrent Clear Claimed Marks
[2026-04-03T01:39:58.145+0600][34.991s][info][gc,marking     ] GC(78) Concurrent Clear Claimed Marks 0.331ms
[2026-04-03T01:39:58.145+0600][34.991s][info][gc,marking     ] GC(78) Concurrent Cleanup for Next Mark
[2026-04-03T01:39:58.146+0600][34.992s][info][gc,marking     ] GC(78) Concurrent Cleanup for Next Mark 0.658ms
[2026-04-03T01:39:58.146+0600][34.992s][info][gc             ] GC(78) Concurrent Mark Cycle 164.438ms
[2026-04-03T01:39:58.204+0600][35.051s][info][gc,start       ] GC(79) Pause Young (Prepare Mixed) (G1 Evacuation Pause)
[2026-04-03T01:39:58.205+0600][35.051s][info][gc,task        ] GC(79) Using 10 workers of 10 for evacuation
[2026-04-03T01:39:58.209+0600][35.055s][info][gc,phases      ] GC(79)   Pre Evacuate Collection Set: 0.37ms
[2026-04-03T01:39:58.209+0600][35.055s][info][gc,phases      ] GC(79)   Merge Heap Roots: 0.22ms
[2026-04-03T01:39:58.209+0600][35.055s][info][gc,phases      ] GC(79)   Evacuate Collection Set: 3.13ms
[2026-04-03T01:39:58.209+0600][35.055s][info][gc,phases      ] GC(79)   Post Evacuate Collection Set: 0.64ms
[2026-04-03T01:39:58.209+0600][35.055s][info][gc,phases      ] GC(79)   Other: 0.11ms
[2026-04-03T01:39:58.209+0600][35.055s][info][gc,heap        ] GC(79) Eden regions: 43->0(137)
[2026-04-03T01:39:58.209+0600][35.055s][info][gc,heap        ] GC(79) Survivor regions: 5->5(17)
[2026-04-03T01:39:58.209+0600][35.055s][info][gc,heap        ] GC(79) Old regions: 41->42
[2026-04-03T01:39:58.209+0600][35.055s][info][gc,heap        ] GC(79) Humongous regions: 143->3
[2026-04-03T01:39:58.209+0600][35.055s][info][gc,metaspace   ] GC(79) Metaspace: 130246K(131840K)->130246K(131840K) NonClass: 113789K(114560K)->113789K(114560K) Class: 16457K(17280K)->16457K(17280K)
[2026-04-03T01:39:58.209+0600][35.055s][info][gc             ] GC(79) Pause Young (Prepare Mixed) (G1 Evacuation Pause) 461M->96M(476M) 4.804ms
[2026-04-03T01:39:58.209+0600][35.056s][info][gc,cpu         ] GC(79) User=0.04s Sys=0.00s Real=0.00s
[2026-04-03T01:39:58.334+0600][35.180s][info][gc,start       ] GC(80) Pause Young (Mixed) (G1 Evacuation Pause)
[2026-04-03T01:39:58.334+0600][35.180s][info][gc,task        ] GC(80) Using 10 workers of 10 for evacuation
[2026-04-03T01:39:58.340+0600][35.186s][info][gc,phases      ] GC(80)   Pre Evacuate Collection Set: 0.48ms
[2026-04-03T01:39:58.340+0600][35.186s][info][gc,phases      ] GC(80)   Merge Heap Roots: 0.12ms
[2026-04-03T01:39:58.340+0600][35.186s][info][gc,phases      ] GC(80)   Evacuate Collection Set: 4.92ms
[2026-04-03T01:39:58.340+0600][35.186s][info][gc,phases      ] GC(80)   Post Evacuate Collection Set: 0.70ms
[2026-04-03T01:39:58.340+0600][35.186s][info][gc,phases      ] GC(80)   Other: 0.10ms
[2026-04-03T01:39:58.340+0600][35.186s][info][gc,heap        ] GC(80) Eden regions: 32->0(177)
[2026-04-03T01:39:58.340+0600][35.186s][info][gc,heap        ] GC(80) Survivor regions: 5->5(20)
[2026-04-03T01:39:58.340+0600][35.186s][info][gc,heap        ] GC(80) Old regions: 42->42
[2026-04-03T01:39:58.340+0600][35.186s][info][gc,heap        ] GC(80) Humongous regions: 219->12
[2026-04-03T01:39:58.340+0600][35.186s][info][gc,metaspace   ] GC(80) Metaspace: 130258K(131840K)->130258K(131840K) NonClass: 113800K(114560K)->113800K(114560K) Class: 16457K(17280K)->16457K(17280K)
[2026-04-03T01:39:58.340+0600][35.186s][info][gc             ] GC(80) Pause Young (Mixed) (G1 Evacuation Pause) 592M->114M(608M) 6.615ms
[2026-04-03T01:39:58.340+0600][35.186s][info][gc,cpu         ] GC(80) User=0.04s Sys=0.01s Real=0.01s
[2026-04-03T01:39:58.341+0600][35.187s][info][gc,start       ] GC(81) Pause Young (Concurrent Start) (G1 Humongous Allocation)
[2026-04-03T01:39:58.341+0600][35.187s][info][gc,task        ] GC(81) Using 10 workers of 10 for evacuation
[2026-04-03T01:39:58.345+0600][35.191s][info][gc,phases      ] GC(81)   Pre Evacuate Collection Set: 0.38ms
[2026-04-03T01:39:58.345+0600][35.191s][info][gc,phases      ] GC(81)   Merge Heap Roots: 0.11ms
[2026-04-03T01:39:58.345+0600][35.191s][info][gc,phases      ] GC(81)   Evacuate Collection Set: 2.86ms
[2026-04-03T01:39:58.345+0600][35.191s][info][gc,phases      ] GC(81)   Post Evacuate Collection Set: 0.62ms
[2026-04-03T01:39:58.345+0600][35.191s][info][gc,phases      ] GC(81)   Other: 0.13ms
[2026-04-03T01:39:58.345+0600][35.191s][info][gc,heap        ] GC(81) Eden regions: 2->0(177)
[2026-04-03T01:39:58.345+0600][35.191s][info][gc,heap        ] GC(81) Survivor regions: 5->5(23)
[2026-04-03T01:39:58.345+0600][35.191s][info][gc,heap        ] GC(81) Old regions: 42->42
[2026-04-03T01:39:58.345+0600][35.191s][info][gc,heap        ] GC(81) Humongous regions: 12->3
[2026-04-03T01:39:58.345+0600][35.191s][info][gc,metaspace   ] GC(81) Metaspace: 130258K(131840K)->130258K(131840K) NonClass: 113800K(114560K)->113800K(114560K) Class: 16457K(17280K)->16457K(17280K)
[2026-04-03T01:39:58.345+0600][35.191s][info][gc             ] GC(81) Pause Young (Concurrent Start) (G1 Humongous Allocation) 117M->96M(608M) 4.335ms
[2026-04-03T01:39:58.345+0600][35.191s][info][gc             ] GC(82) Concurrent Mark Cycle
[2026-04-03T01:39:58.345+0600][35.191s][info][gc,cpu         ] GC(81) User=0.03s Sys=0.00s Real=0.00s
[2026-04-03T01:39:58.345+0600][35.191s][info][gc,marking     ] GC(82) Concurrent Scan Root Regions
[2026-04-03T01:39:58.349+0600][35.195s][info][gc,marking     ] GC(82) Concurrent Scan Root Regions 3.544ms
[2026-04-03T01:39:58.349+0600][35.195s][info][gc,marking     ] GC(82) Concurrent Mark
[2026-04-03T01:39:58.349+0600][35.195s][info][gc,marking     ] GC(82) Concurrent Mark From Roots
[2026-04-03T01:39:58.349+0600][35.195s][info][gc,task        ] GC(82) Using 3 workers of 3 for marking
[2026-04-03T01:39:58.456+0600][35.303s][info][gc,marking     ] GC(82) Concurrent Mark From Roots 107.479ms
[2026-04-03T01:39:58.457+0600][35.303s][info][gc,marking     ] GC(82) Concurrent Preclean
[2026-04-03T01:39:58.457+0600][35.303s][info][gc,marking     ] GC(82) Concurrent Preclean 0.406ms
[2026-04-03T01:39:58.457+0600][35.303s][info][gc,start       ] GC(82) Pause Remark
[2026-04-03T01:39:58.465+0600][35.311s][info][gc             ] GC(82) Pause Remark 335M->335M(608M) 7.934ms
[2026-04-03T01:39:58.466+0600][35.312s][info][gc,cpu         ] GC(82) User=0.05s Sys=0.00s Real=0.01s
[2026-04-03T01:39:58.466+0600][35.312s][info][gc,marking     ] GC(82) Concurrent Mark 116.822ms
[2026-04-03T01:39:58.466+0600][35.312s][info][gc,marking     ] GC(82) Concurrent Rebuild Remembered Sets and Scrub Regions
[2026-04-03T01:39:58.499+0600][35.346s][info][gc,marking     ] GC(82) Concurrent Rebuild Remembered Sets and Scrub Regions 33.618ms
[2026-04-03T01:39:58.500+0600][35.346s][info][gc,start       ] GC(82) Pause Cleanup
[2026-04-03T01:39:58.500+0600][35.346s][info][gc             ] GC(82) Pause Cleanup 348M->348M(608M) 0.290ms
[2026-04-03T01:39:58.500+0600][35.346s][info][gc,cpu         ] GC(82) User=0.00s Sys=0.00s Real=0.00s
[2026-04-03T01:39:58.500+0600][35.346s][info][gc,marking     ] GC(82) Concurrent Clear Claimed Marks
[2026-04-03T01:39:58.501+0600][35.347s][info][gc,marking     ] GC(82) Concurrent Clear Claimed Marks 0.329ms
[2026-04-03T01:39:58.501+0600][35.347s][info][gc,marking     ] GC(82) Concurrent Cleanup for Next Mark
[2026-04-03T01:39:58.503+0600][35.349s][info][gc,marking     ] GC(82) Concurrent Cleanup for Next Mark 2.298ms
[2026-04-03T01:39:58.503+0600][35.349s][info][gc             ] GC(82) Concurrent Mark Cycle 157.863ms
[2026-04-03T01:39:58.932+0600][35.778s][info][gc,start       ] GC(83) Pause Young (Prepare Mixed) (G1 Evacuation Pause)
[2026-04-03T01:39:58.932+0600][35.778s][info][gc,task        ] GC(83) Using 10 workers of 10 for evacuation
[2026-04-03T01:39:58.937+0600][35.783s][info][gc,phases      ] GC(83)   Pre Evacuate Collection Set: 0.26ms
[2026-04-03T01:39:58.937+0600][35.783s][info][gc,phases      ] GC(83)   Merge Heap Roots: 0.16ms
[2026-04-03T01:39:58.937+0600][35.783s][info][gc,phases      ] GC(83)   Evacuate Collection Set: 3.46ms
[2026-04-03T01:39:58.937+0600][35.783s][info][gc,phases      ] GC(83)   Post Evacuate Collection Set: 0.58ms
[2026-04-03T01:39:58.937+0600][35.783s][info][gc,phases      ] GC(83)   Other: 0.08ms
[2026-04-03T01:39:58.937+0600][35.783s][info][gc,heap        ] GC(83) Eden regions: 128->0(180)
[2026-04-03T01:39:58.937+0600][35.783s][info][gc,heap        ] GC(83) Survivor regions: 5->4(23)
[2026-04-03T01:39:58.937+0600][35.783s][info][gc,heap        ] GC(83) Old regions: 42->42
[2026-04-03T01:39:58.937+0600][35.783s][info][gc,heap        ] GC(83) Humongous regions: 129->3
[2026-04-03T01:39:58.937+0600][35.783s][info][gc,metaspace   ] GC(83) Metaspace: 130305K(131840K)->130305K(131840K) NonClass: 113847K(114560K)->113847K(114560K) Class: 16458K(17280K)->16458K(17280K)
[2026-04-03T01:39:58.937+0600][35.783s][info][gc             ] GC(83) Pause Young (Prepare Mixed) (G1 Evacuation Pause) 604M->95M(616M) 4.773ms
[2026-04-03T01:39:58.937+0600][35.783s][info][gc,cpu         ] GC(83) User=0.03s Sys=0.01s Real=0.00s
[2026-04-03T01:39:59.458+0600][36.305s][info][gc,start       ] GC(84) Pause Young (Mixed) (G1 Evacuation Pause)
[2026-04-03T01:39:59.459+0600][36.305s][info][gc,task        ] GC(84) Using 10 workers of 10 for evacuation
[2026-04-03T01:39:59.466+0600][36.313s][info][gc,phases      ] GC(84)   Pre Evacuate Collection Set: 0.37ms
[2026-04-03T01:39:59.467+0600][36.313s][info][gc,phases      ] GC(84)   Merge Heap Roots: 0.22ms
[2026-04-03T01:39:59.467+0600][36.313s][info][gc,phases      ] GC(84)   Evacuate Collection Set: 6.23ms
[2026-04-03T01:39:59.467+0600][36.313s][info][gc,phases      ] GC(84)   Post Evacuate Collection Set: 0.80ms
[2026-04-03T01:39:59.467+0600][36.313s][info][gc,phases      ] GC(84)   Other: 0.14ms
[2026-04-03T01:39:59.467+0600][36.313s][info][gc,heap        ] GC(84) Eden regions: 146->0(188)
[2026-04-03T01:39:59.467+0600][36.313s][info][gc,heap        ] GC(84) Survivor regions: 4->5(23)
[2026-04-03T01:39:59.467+0600][36.313s][info][gc,heap        ] GC(84) Old regions: 42->42
[2026-04-03T01:39:59.467+0600][36.313s][info][gc,heap        ] GC(84) Humongous regions: 124->4
[2026-04-03T01:39:59.467+0600][36.313s][info][gc,metaspace   ] GC(84) Metaspace: 130343K(131904K)->130343K(131904K) NonClass: 113885K(114624K)->113885K(114624K) Class: 16458K(17280K)->16458K(17280K)
[2026-04-03T01:39:59.467+0600][36.313s][info][gc             ] GC(84) Pause Young (Mixed) (G1 Evacuation Pause) 629M->97M(644M) 8.238ms
[2026-04-03T01:39:59.467+0600][36.313s][info][gc,cpu         ] GC(84) User=0.05s Sys=0.02s Real=0.01s
[2026-04-03T01:39:59.476+0600][36.322s][info][gc,start       ] GC(85) Pause Young (Concurrent Start) (G1 Humongous Allocation)
[2026-04-03T01:39:59.476+0600][36.322s][info][gc,task        ] GC(85) Using 10 workers of 10 for evacuation
[2026-04-03T01:39:59.482+0600][36.328s][info][gc,phases      ] GC(85)   Pre Evacuate Collection Set: 0.38ms
[2026-04-03T01:39:59.482+0600][36.328s][info][gc,phases      ] GC(85)   Merge Heap Roots: 1.04ms
[2026-04-03T01:39:59.482+0600][36.328s][info][gc,phases      ] GC(85)   Evacuate Collection Set: 2.93ms
[2026-04-03T01:39:59.482+0600][36.328s][info][gc,phases      ] GC(85)   Post Evacuate Collection Set: 0.92ms
[2026-04-03T01:39:59.482+0600][36.328s][info][gc,phases      ] GC(85)   Other: 0.19ms
[2026-04-03T01:39:59.482+0600][36.328s][info][gc,heap        ] GC(85) Eden regions: 2->0(189)
[2026-04-03T01:39:59.482+0600][36.328s][info][gc,heap        ] GC(85) Survivor regions: 5->4(25)
[2026-04-03T01:39:59.482+0600][36.328s][info][gc,heap        ] GC(85) Old regions: 42->42
[2026-04-03T01:39:59.482+0600][36.328s][info][gc,heap        ] GC(85) Humongous regions: 4->3
[2026-04-03T01:39:59.482+0600][36.328s][info][gc,metaspace   ] GC(85) Metaspace: 130345K(131904K)->130345K(131904K) NonClass: 113887K(114624K)->113887K(114624K) Class: 16458K(17280K)->16458K(17280K)
[2026-04-03T01:39:59.482+0600][36.328s][info][gc             ] GC(85) Pause Young (Concurrent Start) (G1 Humongous Allocation) 101M->95M(644M) 5.821ms
[2026-04-03T01:39:59.482+0600][36.328s][info][gc             ] GC(86) Concurrent Mark Cycle
[2026-04-03T01:39:59.482+0600][36.328s][info][gc,marking     ] GC(86) Concurrent Scan Root Regions
[2026-04-03T01:39:59.482+0600][36.328s][info][gc,cpu         ] GC(85) User=0.03s Sys=0.00s Real=0.01s
[2026-04-03T01:39:59.485+0600][36.331s][info][gc,marking     ] GC(86) Concurrent Scan Root Regions 3.437ms
[2026-04-03T01:39:59.485+0600][36.331s][info][gc,marking     ] GC(86) Concurrent Mark
[2026-04-03T01:39:59.485+0600][36.332s][info][gc,marking     ] GC(86) Concurrent Mark From Roots
[2026-04-03T01:39:59.485+0600][36.332s][info][gc,task        ] GC(86) Using 3 workers of 3 for marking
[2026-04-03T01:39:59.614+0600][36.460s][info][gc,marking     ] GC(86) Concurrent Mark From Roots 128.163ms
[2026-04-03T01:39:59.614+0600][36.460s][info][gc,marking     ] GC(86) Concurrent Preclean
[2026-04-03T01:39:59.615+0600][36.461s][info][gc,marking     ] GC(86) Concurrent Preclean 0.876ms
[2026-04-03T01:39:59.615+0600][36.461s][info][gc,start       ] GC(86) Pause Remark
[2026-04-03T01:39:59.625+0600][36.471s][info][gc             ] GC(86) Pause Remark 204M->204M(494M) 9.460ms
[2026-04-03T01:39:59.625+0600][36.471s][info][gc,cpu         ] GC(86) User=0.08s Sys=0.00s Real=0.01s
[2026-04-03T01:39:59.625+0600][36.471s][info][gc,marking     ] GC(86) Concurrent Mark 139.736ms
[2026-04-03T01:39:59.625+0600][36.471s][info][gc,marking     ] GC(86) Concurrent Rebuild Remembered Sets and Scrub Regions
[2026-04-03T01:39:59.665+0600][36.511s][info][gc,marking     ] GC(86) Concurrent Rebuild Remembered Sets and Scrub Regions 39.320ms
[2026-04-03T01:39:59.665+0600][36.511s][info][gc,start       ] GC(86) Pause Cleanup
[2026-04-03T01:39:59.665+0600][36.512s][info][gc             ] GC(86) Pause Cleanup 231M->231M(494M) 0.377ms
[2026-04-03T01:39:59.666+0600][36.512s][info][gc,cpu         ] GC(86) User=0.00s Sys=0.00s Real=0.00s
[2026-04-03T01:39:59.666+0600][36.512s][info][gc,marking     ] GC(86) Concurrent Clear Claimed Marks
[2026-04-03T01:39:59.666+0600][36.512s][info][gc,marking     ] GC(86) Concurrent Clear Claimed Marks 0.414ms
[2026-04-03T01:39:59.666+0600][36.512s][info][gc,marking     ] GC(86) Concurrent Cleanup for Next Mark
[2026-04-03T01:39:59.668+0600][36.514s][info][gc,marking     ] GC(86) Concurrent Cleanup for Next Mark 1.764ms
[2026-04-03T01:39:59.668+0600][36.514s][info][gc             ] GC(86) Concurrent Mark Cycle 186.216ms
[2026-04-03T01:39:59.920+0600][36.766s][info][gc,start       ] GC(87) Pause Young (Prepare Mixed) (G1 Evacuation Pause)
[2026-04-03T01:39:59.920+0600][36.767s][info][gc,task        ] GC(87) Using 10 workers of 10 for evacuation
[2026-04-03T01:39:59.927+0600][36.773s][info][gc,phases      ] GC(87)   Pre Evacuate Collection Set: 0.37ms
[2026-04-03T01:39:59.927+0600][36.773s][info][gc,phases      ] GC(87)   Merge Heap Roots: 0.25ms
[2026-04-03T01:39:59.927+0600][36.773s][info][gc,phases      ] GC(87)   Evacuate Collection Set: 4.90ms
[2026-04-03T01:39:59.927+0600][36.773s][info][gc,phases      ] GC(87)   Post Evacuate Collection Set: 0.74ms
[2026-04-03T01:39:59.927+0600][36.773s][info][gc,phases      ] GC(87)   Other: 0.11ms
[2026-04-03T01:39:59.927+0600][36.773s][info][gc,heap        ] GC(87) Eden regions: 115->0(149)
[2026-04-03T01:39:59.927+0600][36.773s][info][gc,heap        ] GC(87) Survivor regions: 4->5(19)
[2026-04-03T01:39:59.927+0600][36.773s][info][gc,heap        ] GC(87) Old regions: 42->43
[2026-04-03T01:39:59.927+0600][36.773s][info][gc,heap        ] GC(87) Humongous regions: 90->5
[2026-04-03T01:39:59.927+0600][36.773s][info][gc,metaspace   ] GC(87) Metaspace: 130346K(131904K)->130346K(131904K) NonClass: 113887K(114624K)->113887K(114624K) Class: 16458K(17280K)->16458K(17280K)
[2026-04-03T01:39:59.927+0600][36.773s][info][gc             ] GC(87) Pause Young (Prepare Mixed) (G1 Evacuation Pause) 499M->100M(514M) 6.694ms
[2026-04-03T01:39:59.927+0600][36.773s][info][gc,cpu         ] GC(87) User=0.03s Sys=0.02s Real=0.00s
[2026-04-03T01:40:00.558+0600][37.404s][info][gc,start       ] GC(88) Pause Young (Mixed) (G1 Evacuation Pause)
[2026-04-03T01:40:00.558+0600][37.404s][info][gc,task        ] GC(88) Using 10 workers of 10 for evacuation
[2026-04-03T01:40:00.566+0600][37.412s][info][gc,phases      ] GC(88)   Pre Evacuate Collection Set: 0.40ms
[2026-04-03T01:40:00.566+0600][37.412s][info][gc,phases      ] GC(88)   Merge Heap Roots: 0.35ms
[2026-04-03T01:40:00.566+0600][37.412s][info][gc,phases      ] GC(88)   Evacuate Collection Set: 5.63ms
[2026-04-03T01:40:00.566+0600][37.412s][info][gc,phases      ] GC(88)   Post Evacuate Collection Set: 1.45ms
[2026-04-03T01:40:00.566+0600][37.412s][info][gc,phases      ] GC(88)   Other: 0.11ms
[2026-04-03T01:40:00.566+0600][37.413s][info][gc,heap        ] GC(88) Eden regions: 139->0(194)
[2026-04-03T01:40:00.566+0600][37.413s][info][gc,heap        ] GC(88) Survivor regions: 5->4(20)
[2026-04-03T01:40:00.566+0600][37.413s][info][gc,heap        ] GC(88) Old regions: 43->42
[2026-04-03T01:40:00.566+0600][37.413s][info][gc,heap        ] GC(88) Humongous regions: 70->3
[2026-04-03T01:40:00.566+0600][37.413s][info][gc,metaspace   ] GC(88) Metaspace: 130419K(131968K)->130419K(131968K) NonClass: 113959K(114688K)->113959K(114688K) Class: 16459K(17280K)->16459K(17280K)
[2026-04-03T01:40:00.566+0600][37.413s][info][gc             ] GC(88) Pause Young (Mixed) (G1 Evacuation Pause) 508M->95M(662M) 8.249ms
[2026-04-03T01:40:00.567+0600][37.413s][info][gc,cpu         ] GC(88) User=0.04s Sys=0.02s Real=0.01s
[2026-04-03T01:40:00.595+0600][37.441s][info][gc,start       ] GC(89) Pause Young (Concurrent Start) (GCLocker Initiated GC)
[2026-04-03T01:40:00.595+0600][37.441s][info][gc,task        ] GC(89) Using 10 workers of 10 for evacuation
[2026-04-03T01:40:00.602+0600][37.448s][info][gc,phases      ] GC(89)   Pre Evacuate Collection Set: 0.42ms
[2026-04-03T01:40:00.602+0600][37.448s][info][gc,phases      ] GC(89)   Merge Heap Roots: 0.21ms
[2026-04-03T01:40:00.602+0600][37.448s][info][gc,phases      ] GC(89)   Evacuate Collection Set: 4.97ms
[2026-04-03T01:40:00.602+0600][37.448s][info][gc,phases      ] GC(89)   Post Evacuate Collection Set: 0.90ms
[2026-04-03T01:40:00.602+0600][37.448s][info][gc,phases      ] GC(89)   Other: 0.13ms
[2026-04-03T01:40:00.602+0600][37.448s][info][gc,heap        ] GC(89) Eden regions: 10->0(193)
[2026-04-03T01:40:00.602+0600][37.448s][info][gc,heap        ] GC(89) Survivor regions: 4->5(25)
[2026-04-03T01:40:00.602+0600][37.448s][info][gc,heap        ] GC(89) Old regions: 42->43
[2026-04-03T01:40:00.602+0600][37.448s][info][gc,heap        ] GC(89) Humongous regions: 3->3
[2026-04-03T01:40:00.602+0600][37.448s][info][gc,metaspace   ] GC(89) Metaspace: 130429K(131968K)->130429K(131968K) NonClass: 113969K(114688K)->113969K(114688K) Class: 16459K(17280K)->16459K(17280K)
[2026-04-03T01:40:00.602+0600][37.448s][info][gc             ] GC(89) Pause Young (Concurrent Start) (GCLocker Initiated GC) 114M->97M(662M) 7.015ms
[2026-04-03T01:40:00.602+0600][37.448s][info][gc             ] GC(90) Concurrent Mark Cycle
[2026-04-03T01:40:00.602+0600][37.448s][info][gc,marking     ] GC(90) Concurrent Scan Root Regions
[2026-04-03T01:40:00.602+0600][37.448s][info][gc,cpu         ] GC(89) User=0.04s Sys=0.00s Real=0.01s
[2026-04-03T01:40:00.608+0600][37.454s][info][gc,marking     ] GC(90) Concurrent Scan Root Regions 5.667ms
[2026-04-03T01:40:00.608+0600][37.454s][info][gc,marking     ] GC(90) Concurrent Mark
[2026-04-03T01:40:00.608+0600][37.454s][info][gc,marking     ] GC(90) Concurrent Mark From Roots
[2026-04-03T01:40:00.608+0600][37.454s][info][gc,task        ] GC(90) Using 3 workers of 3 for marking
[2026-04-03T01:40:00.732+0600][37.578s][info][gc,marking     ] GC(90) Concurrent Mark From Roots 123.904ms
[2026-04-03T01:40:00.732+0600][37.578s][info][gc,marking     ] GC(90) Concurrent Preclean
[2026-04-03T01:40:00.732+0600][37.578s][info][gc,marking     ] GC(90) Concurrent Preclean 0.338ms
[2026-04-03T01:40:00.733+0600][37.579s][info][gc,start       ] GC(90) Pause Remark
[2026-04-03T01:40:00.743+0600][37.589s][info][gc             ] GC(90) Pause Remark 207M->207M(508M) 9.725ms
[2026-04-03T01:40:00.743+0600][37.589s][info][gc,cpu         ] GC(90) User=0.06s Sys=0.01s Real=0.01s
[2026-04-03T01:40:00.746+0600][37.592s][info][gc,marking     ] GC(90) Concurrent Mark 137.776ms
[2026-04-03T01:40:00.746+0600][37.592s][info][gc,marking     ] GC(90) Concurrent Rebuild Remembered Sets and Scrub Regions
[2026-04-03T01:40:00.788+0600][37.634s][info][gc,marking     ] GC(90) Concurrent Rebuild Remembered Sets and Scrub Regions 41.681ms
[2026-04-03T01:40:00.789+0600][37.635s][info][gc,start       ] GC(90) Pause Cleanup
[2026-04-03T01:40:00.790+0600][37.636s][info][gc             ] GC(90) Pause Cleanup 233M->233M(508M) 0.492ms
[2026-04-03T01:40:00.790+0600][37.636s][info][gc,cpu         ] GC(90) User=0.00s Sys=0.00s Real=0.01s
[2026-04-03T01:40:00.793+0600][37.639s][info][gc,marking     ] GC(90) Concurrent Clear Claimed Marks
[2026-04-03T01:40:00.793+0600][37.639s][info][gc,marking     ] GC(90) Concurrent Clear Claimed Marks 0.441ms
[2026-04-03T01:40:00.793+0600][37.639s][info][gc,marking     ] GC(90) Concurrent Cleanup for Next Mark
[2026-04-03T01:40:00.795+0600][37.641s][info][gc,marking     ] GC(90) Concurrent Cleanup for Next Mark 1.722ms
[2026-04-03T01:40:00.795+0600][37.641s][info][gc             ] GC(90) Concurrent Mark Cycle 193.141ms
[2026-04-03T01:40:01.089+0600][37.935s][info][gc,start       ] GC(91) Pause Young (Prepare Mixed) (G1 Evacuation Pause)
[2026-04-03T01:40:01.089+0600][37.935s][info][gc,task        ] GC(91) Using 10 workers of 10 for evacuation
[2026-04-03T01:40:01.096+0600][37.942s][info][gc,phases      ] GC(91)   Pre Evacuate Collection Set: 0.47ms
[2026-04-03T01:40:01.096+0600][37.942s][info][gc,phases      ] GC(91)   Merge Heap Roots: 0.31ms
[2026-04-03T01:40:01.096+0600][37.942s][info][gc,phases      ] GC(91)   Evacuate Collection Set: 4.86ms
[2026-04-03T01:40:01.096+0600][37.942s][info][gc,phases      ] GC(91)   Post Evacuate Collection Set: 1.06ms
[2026-04-03T01:40:01.096+0600][37.942s][info][gc,phases      ] GC(91)   Other: 0.15ms
[2026-04-03T01:40:01.096+0600][37.942s][info][gc,heap        ] GC(91) Eden regions: 110->0(153)
[2026-04-03T01:40:01.096+0600][37.942s][info][gc,heap        ] GC(91) Survivor regions: 5->4(20)
[2026-04-03T01:40:01.096+0600][37.942s][info][gc,heap        ] GC(91) Old regions: 43->44
[2026-04-03T01:40:01.096+0600][37.942s][info][gc,heap        ] GC(91) Humongous regions: 99->3
[2026-04-03T01:40:01.096+0600][37.942s][info][gc,metaspace   ] GC(91) Metaspace: 130435K(131968K)->130435K(131968K) NonClass: 113975K(114688K)->113975K(114688K) Class: 16460K(17280K)->16460K(17280K)
[2026-04-03T01:40:01.096+0600][37.942s][info][gc             ] GC(91) Pause Young (Prepare Mixed) (G1 Evacuation Pause) 509M->95M(524M) 7.363ms
[2026-04-03T01:40:01.096+0600][37.942s][info][gc,cpu         ] GC(91) User=0.04s Sys=0.01s Real=0.01s
[2026-04-03T01:40:01.509+0600][38.355s][info][gc,start       ] GC(92) Pause Young (Mixed) (G1 Evacuation Pause)
[2026-04-03T01:40:01.509+0600][38.355s][info][gc,task        ] GC(92) Using 10 workers of 10 for evacuation
[2026-04-03T01:40:01.518+0600][38.364s][info][gc,phases      ] GC(92)   Pre Evacuate Collection Set: 0.46ms
[2026-04-03T01:40:01.518+0600][38.364s][info][gc,phases      ] GC(92)   Merge Heap Roots: 0.24ms
[2026-04-03T01:40:01.518+0600][38.364s][info][gc,phases      ] GC(92)   Evacuate Collection Set: 7.01ms
[2026-04-03T01:40:01.518+0600][38.364s][info][gc,phases      ] GC(92)   Post Evacuate Collection Set: 1.13ms
[2026-04-03T01:40:01.518+0600][38.364s][info][gc,phases      ] GC(92)   Other: 0.12ms
[2026-04-03T01:40:01.518+0600][38.364s][info][gc,heap        ] GC(92) Eden regions: 120->0(155)
[2026-04-03T01:40:01.518+0600][38.364s][info][gc,heap        ] GC(92) Survivor regions: 4->5(20)
[2026-04-03T01:40:01.518+0600][38.364s][info][gc,heap        ] GC(92) Old regions: 44->43
[2026-04-03T01:40:01.518+0600][38.364s][info][gc,heap        ] GC(92) Humongous regions: 94->3
[2026-04-03T01:40:01.518+0600][38.364s][info][gc,metaspace   ] GC(92) Metaspace: 130439K(131968K)->130439K(131968K) NonClass: 113979K(114688K)->113979K(114688K) Class: 16460K(17280K)->16460K(17280K)
[2026-04-03T01:40:01.518+0600][38.364s][info][gc             ] GC(92) Pause Young (Mixed) (G1 Evacuation Pause) 517M->98M(534M) 9.334ms
[2026-04-03T01:40:01.518+0600][38.364s][info][gc,cpu         ] GC(92) User=0.04s Sys=0.02s Real=0.01s
[2026-04-03T01:40:01.533+0600][38.379s][info][gc,start       ] GC(93) Pause Young (Concurrent Start) (G1 Humongous Allocation)
[2026-04-03T01:40:01.533+0600][38.379s][info][gc,task        ] GC(93) Using 10 workers of 10 for evacuation
[2026-04-03T01:40:01.540+0600][38.386s][info][gc,phases      ] GC(93)   Pre Evacuate Collection Set: 0.40ms
[2026-04-03T01:40:01.540+0600][38.386s][info][gc,phases      ] GC(93)   Merge Heap Roots: 0.21ms
[2026-04-03T01:40:01.540+0600][38.386s][info][gc,phases      ] GC(93)   Evacuate Collection Set: 5.06ms
[2026-04-03T01:40:01.540+0600][38.386s][info][gc,phases      ] GC(93)   Post Evacuate Collection Set: 0.77ms
[2026-04-03T01:40:01.540+0600][38.386s][info][gc,phases      ] GC(93)   Other: 0.16ms
[2026-04-03T01:40:01.540+0600][38.386s][info][gc,heap        ] GC(93) Eden regions: 9->0(155)
[2026-04-03T01:40:01.540+0600][38.386s][info][gc,heap        ] GC(93) Survivor regions: 5->5(20)
[2026-04-03T01:40:01.540+0600][38.386s][info][gc,heap        ] GC(93) Old regions: 43->43
[2026-04-03T01:40:01.540+0600][38.386s][info][gc,heap        ] GC(93) Humongous regions: 3->3
[2026-04-03T01:40:01.540+0600][38.386s][info][gc,metaspace   ] GC(93) Metaspace: 130439K(131968K)->130439K(131968K) NonClass: 113979K(114688K)->113979K(114688K) Class: 16460K(17280K)->16460K(17280K)
[2026-04-03T01:40:01.540+0600][38.386s][info][gc             ] GC(93) Pause Young (Concurrent Start) (G1 Humongous Allocation) 116M->97M(534M) 6.979ms
[2026-04-03T01:40:01.540+0600][38.386s][info][gc             ] GC(94) Concurrent Mark Cycle
[2026-04-03T01:40:01.540+0600][38.386s][info][gc,marking     ] GC(94) Concurrent Scan Root Regions
[2026-04-03T01:40:01.540+0600][38.386s][info][gc,cpu         ] GC(93) User=0.04s Sys=0.01s Real=0.01s
[2026-04-03T01:40:01.544+0600][38.390s][info][gc,marking     ] GC(94) Concurrent Scan Root Regions 3.828ms
[2026-04-03T01:40:01.544+0600][38.390s][info][gc,marking     ] GC(94) Concurrent Mark
[2026-04-03T01:40:01.544+0600][38.390s][info][gc,marking     ] GC(94) Concurrent Mark From Roots
[2026-04-03T01:40:01.544+0600][38.390s][info][gc,task        ] GC(94) Using 3 workers of 3 for marking
[2026-04-03T01:40:01.648+0600][38.494s][info][gc,marking     ] GC(94) Concurrent Mark From Roots 103.579ms
[2026-04-03T01:40:01.648+0600][38.494s][info][gc,marking     ] GC(94) Concurrent Preclean
[2026-04-03T01:40:01.649+0600][38.495s][info][gc,marking     ] GC(94) Concurrent Preclean 0.700ms
[2026-04-03T01:40:01.649+0600][38.495s][info][gc,start       ] GC(94) Pause Remark
[2026-04-03T01:40:01.659+0600][38.505s][info][gc             ] GC(94) Pause Remark 159M->159M(414M) 9.523ms
[2026-04-03T01:40:01.659+0600][38.505s][info][gc,cpu         ] GC(94) User=0.09s Sys=0.00s Real=0.01s
[2026-04-03T01:40:01.659+0600][38.505s][info][gc,marking     ] GC(94) Concurrent Mark 114.964ms
[2026-04-03T01:40:01.659+0600][38.505s][info][gc,marking     ] GC(94) Concurrent Rebuild Remembered Sets and Scrub Regions
[2026-04-03T01:40:01.703+0600][38.549s][info][gc,marking     ] GC(94) Concurrent Rebuild Remembered Sets and Scrub Regions 43.416ms
[2026-04-03T01:40:01.703+0600][38.549s][info][gc,start       ] GC(94) Pause Cleanup
[2026-04-03T01:40:01.703+0600][38.550s][info][gc             ] GC(94) Pause Cleanup 201M->201M(414M) 0.280ms
[2026-04-03T01:40:01.704+0600][38.550s][info][gc,cpu         ] GC(94) User=0.00s Sys=0.00s Real=0.00s
[2026-04-03T01:40:01.704+0600][38.550s][info][gc,marking     ] GC(94) Concurrent Clear Claimed Marks
[2026-04-03T01:40:01.704+0600][38.550s][info][gc,marking     ] GC(94) Concurrent Clear Claimed Marks 0.483ms
[2026-04-03T01:40:01.704+0600][38.550s][info][gc,marking     ] GC(94) Concurrent Cleanup for Next Mark
[2026-04-03T01:40:01.705+0600][38.551s][info][gc,marking     ] GC(94) Concurrent Cleanup for Next Mark 0.744ms
[2026-04-03T01:40:01.706+0600][38.552s][info][gc             ] GC(94) Concurrent Mark Cycle 165.943ms
[2026-04-03T01:40:01.970+0600][38.816s][info][gc,start       ] GC(95) Pause Young (Prepare Mixed) (G1 Evacuation Pause)
[2026-04-03T01:40:01.970+0600][38.816s][info][gc,task        ] GC(95) Using 9 workers of 10 for evacuation
[2026-04-03T01:40:01.980+0600][38.826s][info][gc,phases      ] GC(95)   Pre Evacuate Collection Set: 0.52ms
[2026-04-03T01:40:01.980+0600][38.826s][info][gc,phases      ] GC(95)   Merge Heap Roots: 0.28ms
[2026-04-03T01:40:01.980+0600][38.826s][info][gc,phases      ] GC(95)   Evacuate Collection Set: 7.38ms
[2026-04-03T01:40:01.980+0600][38.826s][info][gc,phases      ] GC(95)   Post Evacuate Collection Set: 1.18ms
[2026-04-03T01:40:01.980+0600][38.826s][info][gc,phases      ] GC(95)   Other: 0.12ms
[2026-04-03T01:40:01.980+0600][38.826s][info][gc,heap        ] GC(95) Eden regions: 100->0(122)
[2026-04-03T01:40:01.980+0600][38.826s][info][gc,heap        ] GC(95) Survivor regions: 5->5(16)
[2026-04-03T01:40:01.980+0600][38.826s][info][gc,heap        ] GC(95) Old regions: 43->44
[2026-04-03T01:40:01.980+0600][38.826s][info][gc,heap        ] GC(95) Humongous regions: 59->3
[2026-04-03T01:40:01.980+0600][38.826s][info][gc,metaspace   ] GC(95) Metaspace: 130456K(132032K)->130456K(132032K) NonClass: 113996K(114752K)->113996K(114752K) Class: 16460K(17280K)->16460K(17280K)
[2026-04-03T01:40:01.980+0600][38.826s][info][gc             ] GC(95) Pause Young (Prepare Mixed) (G1 Evacuation Pause) 409M->98M(426M) 9.963ms
[2026-04-03T01:40:01.980+0600][38.826s][info][gc,cpu         ] GC(95) User=0.05s Sys=0.02s Real=0.01s
[2026-04-03T01:40:02.256+0600][39.102s][info][gc,start       ] GC(96) Pause Young (Mixed) (G1 Evacuation Pause)
[2026-04-03T01:40:02.256+0600][39.102s][info][gc,task        ] GC(96) Using 10 workers of 10 for evacuation
[2026-04-03T01:40:02.262+0600][39.108s][info][gc,phases      ] GC(96)   Pre Evacuate Collection Set: 0.41ms
[2026-04-03T01:40:02.262+0600][39.108s][info][gc,phases      ] GC(96)   Merge Heap Roots: 0.20ms
[2026-04-03T01:40:02.262+0600][39.108s][info][gc,phases      ] GC(96)   Evacuate Collection Set: 4.57ms
[2026-04-03T01:40:02.262+0600][39.108s][info][gc,phases      ] GC(96)   Post Evacuate Collection Set: 0.67ms
[2026-04-03T01:40:02.262+0600][39.108s][info][gc,phases      ] GC(96)   Other: 0.11ms
[2026-04-03T01:40:02.262+0600][39.108s][info][gc,heap        ] GC(96) Eden regions: 103->0(137)
[2026-04-03T01:40:02.262+0600][39.108s][info][gc,heap        ] GC(96) Survivor regions: 5->5(16)
[2026-04-03T01:40:02.262+0600][39.108s][info][gc,heap        ] GC(96) Old regions: 44->44
[2026-04-03T01:40:02.262+0600][39.108s][info][gc,heap        ] GC(96) Humongous regions: 79->9
[2026-04-03T01:40:02.262+0600][39.108s][info][gc,metaspace   ] GC(96) Metaspace: 130473K(132032K)->130473K(132032K) NonClass: 114012K(114752K)->114012K(114752K) Class: 16460K(17280K)->16460K(17280K)
[2026-04-03T01:40:02.262+0600][39.108s][info][gc             ] GC(96) Pause Young (Mixed) (G1 Evacuation Pause) 456M->110M(474M) 6.391ms
[2026-04-03T01:40:02.262+0600][39.108s][info][gc,cpu         ] GC(96) User=0.03s Sys=0.02s Real=0.01s
[2026-04-03T01:40:02.263+0600][39.109s][info][gc,start       ] GC(97) Pause Young (Concurrent Start) (G1 Humongous Allocation)
[2026-04-03T01:40:02.263+0600][39.109s][info][gc,task        ] GC(97) Using 10 workers of 10 for evacuation
[2026-04-03T01:40:02.266+0600][39.113s][info][gc,phases      ] GC(97)   Pre Evacuate Collection Set: 0.33ms
[2026-04-03T01:40:02.267+0600][39.113s][info][gc,phases      ] GC(97)   Merge Heap Roots: 0.13ms
[2026-04-03T01:40:02.267+0600][39.113s][info][gc,phases      ] GC(97)   Evacuate Collection Set: 2.42ms
[2026-04-03T01:40:02.267+0600][39.113s][info][gc,phases      ] GC(97)   Post Evacuate Collection Set: 0.87ms
[2026-04-03T01:40:02.267+0600][39.113s][info][gc,phases      ] GC(97)   Other: 0.13ms
[2026-04-03T01:40:02.267+0600][39.113s][info][gc,heap        ] GC(97) Eden regions: 2->0(166)
[2026-04-03T01:40:02.267+0600][39.113s][info][gc,heap        ] GC(97) Survivor regions: 5->5(18)
[2026-04-03T01:40:02.267+0600][39.113s][info][gc,heap        ] GC(97) Old regions: 44->44
[2026-04-03T01:40:02.267+0600][39.113s][info][gc,heap        ] GC(97) Humongous regions: 9->3
[2026-04-03T01:40:02.267+0600][39.113s][info][gc,metaspace   ] GC(97) Metaspace: 130473K(132032K)->130473K(132032K) NonClass: 114012K(114752K)->114012K(114752K) Class: 16460K(17280K)->16460K(17280K)
[2026-04-03T01:40:02.267+0600][39.113s][info][gc             ] GC(97) Pause Young (Concurrent Start) (G1 Humongous Allocation) 112M->98M(570M) 4.141ms
[2026-04-03T01:40:02.267+0600][39.113s][info][gc             ] GC(98) Concurrent Mark Cycle
[2026-04-03T01:40:02.267+0600][39.113s][info][gc,marking     ] GC(98) Concurrent Scan Root Regions
[2026-04-03T01:40:02.267+0600][39.113s][info][gc,cpu         ] GC(97) User=0.04s Sys=0.00s Real=0.00s
[2026-04-03T01:40:02.272+0600][39.118s][info][gc,marking     ] GC(98) Concurrent Scan Root Regions 5.105ms
[2026-04-03T01:40:02.272+0600][39.118s][info][gc,marking     ] GC(98) Concurrent Mark
[2026-04-03T01:40:02.272+0600][39.118s][info][gc,marking     ] GC(98) Concurrent Mark From Roots
[2026-04-03T01:40:02.272+0600][39.118s][info][gc,task        ] GC(98) Using 3 workers of 3 for marking
[2026-04-03T01:40:02.383+0600][39.229s][info][gc,marking     ] GC(98) Concurrent Mark From Roots 110.824ms
[2026-04-03T01:40:02.383+0600][39.229s][info][gc,marking     ] GC(98) Concurrent Preclean
[2026-04-03T01:40:02.384+0600][39.230s][info][gc,marking     ] GC(98) Concurrent Preclean 0.548ms
[2026-04-03T01:40:02.384+0600][39.230s][info][gc,start       ] GC(98) Pause Remark
[2026-04-03T01:40:02.392+0600][39.238s][info][gc             ] GC(98) Pause Remark 492M->492M(734M) 7.977ms
[2026-04-03T01:40:02.392+0600][39.238s][info][gc,cpu         ] GC(98) User=0.05s Sys=0.00s Real=0.01s
[2026-04-03T01:40:02.392+0600][39.238s][info][gc,marking     ] GC(98) Concurrent Mark 120.105ms
[2026-04-03T01:40:02.392+0600][39.238s][info][gc,marking     ] GC(98) Concurrent Rebuild Remembered Sets and Scrub Regions
[2026-04-03T01:40:02.427+0600][39.273s][info][gc,marking     ] GC(98) Concurrent Rebuild Remembered Sets and Scrub Regions 34.583ms
[2026-04-03T01:40:02.431+0600][39.277s][info][gc,start       ] GC(98) Pause Cleanup
[2026-04-03T01:40:02.432+0600][39.278s][info][gc             ] GC(98) Pause Cleanup 530M->530M(734M) 0.505ms
[2026-04-03T01:40:02.432+0600][39.278s][info][gc,cpu         ] GC(98) User=0.00s Sys=0.00s Real=0.00s
[2026-04-03T01:40:02.432+0600][39.278s][info][gc,marking     ] GC(98) Concurrent Clear Claimed Marks
[2026-04-03T01:40:02.432+0600][39.279s][info][gc,marking     ] GC(98) Concurrent Clear Claimed Marks 0.415ms
[2026-04-03T01:40:02.432+0600][39.279s][info][gc,marking     ] GC(98) Concurrent Cleanup for Next Mark
[2026-04-03T01:40:02.436+0600][39.282s][info][gc,marking     ] GC(98) Concurrent Cleanup for Next Mark 3.472ms
[2026-04-03T01:40:02.436+0600][39.282s][info][gc             ] GC(98) Concurrent Mark Cycle 169.280ms
[2026-04-03T01:40:02.507+0600][39.353s][info][gc,start       ] GC(99) Pause Young (Prepare Mixed) (G1 Evacuation Pause)
[2026-04-03T01:40:02.507+0600][39.354s][info][gc,task        ] GC(99) Using 10 workers of 10 for evacuation
[2026-04-03T01:40:02.513+0600][39.359s][info][gc,phases      ] GC(99)   Pre Evacuate Collection Set: 0.54ms
[2026-04-03T01:40:02.513+0600][39.359s][info][gc,phases      ] GC(99)   Merge Heap Roots: 0.18ms
[2026-04-03T01:40:02.513+0600][39.359s][info][gc,phases      ] GC(99)   Evacuate Collection Set: 3.44ms
[2026-04-03T01:40:02.513+0600][39.359s][info][gc,phases      ] GC(99)   Post Evacuate Collection Set: 0.95ms
[2026-04-03T01:40:02.513+0600][39.359s][info][gc,phases      ] GC(99)   Other: 0.09ms
[2026-04-03T01:40:02.513+0600][39.359s][info][gc,heap        ] GC(99) Eden regions: 41->0(267)
[2026-04-03T01:40:02.513+0600][39.359s][info][gc,heap        ] GC(99) Survivor regions: 5->4(27)
[2026-04-03T01:40:02.513+0600][39.359s][info][gc,heap        ] GC(99) Old regions: 44->44
[2026-04-03T01:40:02.513+0600][39.359s][info][gc,heap        ] GC(99) Humongous regions: 359->3
[2026-04-03T01:40:02.513+0600][39.359s][info][gc,metaspace   ] GC(99) Metaspace: 130498K(132032K)->130498K(132032K) NonClass: 114038K(114752K)->114038K(114752K) Class: 16460K(17280K)->16460K(17280K)
[2026-04-03T01:40:02.513+0600][39.359s][info][gc             ] GC(99) Pause Young (Prepare Mixed) (G1 Evacuation Pause) 892M->98M(906M) 5.472ms
[2026-04-03T01:40:02.513+0600][39.359s][info][gc,cpu         ] GC(99) User=0.03s Sys=0.01s Real=0.01s
[2026-04-03T01:40:03.356+0600][40.202s][info][gc,start       ] GC(100) Pause Young (Mixed) (G1 Evacuation Pause)
[2026-04-03T01:40:03.356+0600][40.202s][info][gc,task        ] GC(100) Using 10 workers of 10 for evacuation
[2026-04-03T01:40:03.363+0600][40.209s][info][gc,phases      ] GC(100)   Pre Evacuate Collection Set: 0.44ms
[2026-04-03T01:40:03.363+0600][40.209s][info][gc,phases      ] GC(100)   Merge Heap Roots: 0.25ms
[2026-04-03T01:40:03.363+0600][40.209s][info][gc,phases      ] GC(100)   Evacuate Collection Set: 5.29ms
[2026-04-03T01:40:03.363+0600][40.209s][info][gc,phases      ] GC(100)   Post Evacuate Collection Set: 0.78ms
[2026-04-03T01:40:03.363+0600][40.209s][info][gc,phases      ] GC(100)   Other: 0.16ms
[2026-04-03T01:40:03.363+0600][40.209s][info][gc,heap        ] GC(100) Eden regions: 239->0(270)
[2026-04-03T01:40:03.363+0600][40.209s][info][gc,heap        ] GC(100) Survivor regions: 4->6(34)
[2026-04-03T01:40:03.363+0600][40.209s][info][gc,heap        ] GC(100) Old regions: 44->44
[2026-04-03T01:40:03.363+0600][40.209s][info][gc,heap        ] GC(100) Humongous regions: 166->3
[2026-04-03T01:40:03.363+0600][40.209s][info][gc,metaspace   ] GC(100) Metaspace: 130548K(132096K)->130548K(132096K) NonClass: 114086K(114816K)->114086K(114816K) Class: 16461K(17280K)->16461K(17280K)
[2026-04-03T01:40:03.363+0600][40.209s][info][gc             ] GC(100) Pause Young (Mixed) (G1 Evacuation Pause) 902M->101M(920M) 7.262ms
[2026-04-03T01:40:03.363+0600][40.209s][info][gc,cpu         ] GC(100) User=0.03s Sys=0.02s Real=0.01s
[2026-04-03T01:40:03.380+0600][40.226s][info][gc,start       ] GC(101) Pause Young (Concurrent Start) (G1 Humongous Allocation)
[2026-04-03T01:40:03.380+0600][40.226s][info][gc,task        ] GC(101) Using 10 workers of 10 for evacuation
[2026-04-03T01:40:03.385+0600][40.231s][info][gc,phases      ] GC(101)   Pre Evacuate Collection Set: 0.45ms
[2026-04-03T01:40:03.385+0600][40.231s][info][gc,phases      ] GC(101)   Merge Heap Roots: 0.21ms
[2026-04-03T01:40:03.385+0600][40.231s][info][gc,phases      ] GC(101)   Evacuate Collection Set: 3.53ms
[2026-04-03T01:40:03.385+0600][40.231s][info][gc,phases      ] GC(101)   Post Evacuate Collection Set: 0.51ms
[2026-04-03T01:40:03.385+0600][40.231s][info][gc,phases      ] GC(101)   Other: 0.21ms
[2026-04-03T01:40:03.385+0600][40.231s][info][gc,heap        ] GC(101) Eden regions: 12->0(270)
[2026-04-03T01:40:03.385+0600][40.231s][info][gc,heap        ] GC(101) Survivor regions: 6->6(35)
[2026-04-03T01:40:03.385+0600][40.231s][info][gc,heap        ] GC(101) Old regions: 44->44
[2026-04-03T01:40:03.385+0600][40.231s][info][gc,heap        ] GC(101) Humongous regions: 3->3
[2026-04-03T01:40:03.385+0600][40.231s][info][gc,metaspace   ] GC(101) Metaspace: 130548K(132096K)->130548K(132096K) NonClass: 114086K(114816K)->114086K(114816K) Class: 16461K(17280K)->16461K(17280K)
[2026-04-03T01:40:03.385+0600][40.231s][info][gc             ] GC(101) Pause Young (Concurrent Start) (G1 Humongous Allocation) 125M->101M(920M) 5.262ms
[2026-04-03T01:40:03.385+0600][40.231s][info][gc             ] GC(102) Concurrent Mark Cycle
[2026-04-03T01:40:03.385+0600][40.231s][info][gc,cpu         ] GC(101) User=0.04s Sys=0.01s Real=0.01s
[2026-04-03T01:40:03.385+0600][40.231s][info][gc,marking     ] GC(102) Concurrent Scan Root Regions
[2026-04-03T01:40:03.389+0600][40.235s][info][gc,marking     ] GC(102) Concurrent Scan Root Regions 4.043ms
[2026-04-03T01:40:03.389+0600][40.235s][info][gc,marking     ] GC(102) Concurrent Mark
[2026-04-03T01:40:03.389+0600][40.235s][info][gc,marking     ] GC(102) Concurrent Mark From Roots
[2026-04-03T01:40:03.389+0600][40.235s][info][gc,task        ] GC(102) Using 3 workers of 3 for marking
[2026-04-03T01:40:03.499+0600][40.345s][info][gc,marking     ] GC(102) Concurrent Mark From Roots 110.115ms
[2026-04-03T01:40:03.499+0600][40.346s][info][gc,marking     ] GC(102) Concurrent Preclean
[2026-04-03T01:40:03.500+0600][40.346s][info][gc,marking     ] GC(102) Concurrent Preclean 0.800ms
[2026-04-03T01:40:03.502+0600][40.348s][info][gc,start       ] GC(102) Pause Remark
[2026-04-03T01:40:03.510+0600][40.356s][info][gc             ] GC(102) Pause Remark 235M->235M(574M) 8.697ms
[2026-04-03T01:40:03.511+0600][40.357s][info][gc,cpu         ] GC(102) User=0.07s Sys=0.00s Real=0.01s
[2026-04-03T01:40:03.511+0600][40.357s][info][gc,marking     ] GC(102) Concurrent Mark 121.433ms
[2026-04-03T01:40:03.511+0600][40.357s][info][gc,marking     ] GC(102) Concurrent Rebuild Remembered Sets and Scrub Regions
[2026-04-03T01:40:03.551+0600][40.397s][info][gc,marking     ] GC(102) Concurrent Rebuild Remembered Sets and Scrub Regions 39.780ms
[2026-04-03T01:40:03.551+0600][40.397s][info][gc,start       ] GC(102) Pause Cleanup
[2026-04-03T01:40:03.551+0600][40.398s][info][gc             ] GC(102) Pause Cleanup 256M->256M(574M) 0.416ms
[2026-04-03T01:40:03.552+0600][40.398s][info][gc,cpu         ] GC(102) User=0.00s Sys=0.00s Real=0.00s
[2026-04-03T01:40:03.552+0600][40.398s][info][gc,marking     ] GC(102) Concurrent Clear Claimed Marks
[2026-04-03T01:40:03.552+0600][40.398s][info][gc,marking     ] GC(102) Concurrent Clear Claimed Marks 0.450ms
[2026-04-03T01:40:03.552+0600][40.398s][info][gc,marking     ] GC(102) Concurrent Cleanup for Next Mark
[2026-04-03T01:40:03.554+0600][40.400s][info][gc,marking     ] GC(102) Concurrent Cleanup for Next Mark 1.772ms
[2026-04-03T01:40:03.554+0600][40.400s][info][gc             ] GC(102) Concurrent Mark Cycle 169.029ms
[2026-04-03T01:40:03.798+0600][40.644s][info][gc,start       ] GC(103) Pause Young (Prepare Mixed) (G1 Evacuation Pause)
[2026-04-03T01:40:03.798+0600][40.645s][info][gc,task        ] GC(103) Using 10 workers of 10 for evacuation
[2026-04-03T01:40:03.806+0600][40.652s][info][gc,phases      ] GC(103)   Pre Evacuate Collection Set: 0.49ms
[2026-04-03T01:40:03.806+0600][40.652s][info][gc,phases      ] GC(103)   Merge Heap Roots: 0.29ms
[2026-04-03T01:40:03.806+0600][40.652s][info][gc,phases      ] GC(103)   Evacuate Collection Set: 5.49ms
[2026-04-03T01:40:03.806+0600][40.652s][info][gc,phases      ] GC(103)   Post Evacuate Collection Set: 1.07ms
[2026-04-03T01:40:03.806+0600][40.652s][info][gc,phases      ] GC(103)   Other: 0.12ms
[2026-04-03T01:40:03.806+0600][40.652s][info][gc,heap        ] GC(103) Eden regions: 130->0(172)
[2026-04-03T01:40:03.806+0600][40.652s][info][gc,heap        ] GC(103) Survivor regions: 6->5(22)
[2026-04-03T01:40:03.806+0600][40.652s][info][gc,heap        ] GC(103) Old regions: 44->45
[2026-04-03T01:40:03.806+0600][40.652s][info][gc,heap        ] GC(103) Humongous regions: 109->3
[2026-04-03T01:40:03.806+0600][40.652s][info][gc,metaspace   ] GC(103) Metaspace: 130575K(132096K)->130575K(132096K) NonClass: 114113K(114816K)->114113K(114816K) Class: 16461K(17280K)->16461K(17280K)
[2026-04-03T01:40:03.806+0600][40.652s][info][gc             ] GC(103) Pause Young (Prepare Mixed) (G1 Evacuation Pause) 573M->100M(590M) 7.785ms
[2026-04-03T01:40:03.806+0600][40.652s][info][gc,cpu         ] GC(103) User=0.05s Sys=0.01s Real=0.01s
[2026-04-03T01:40:04.384+0600][41.230s][info][gc,start       ] GC(104) Pause Young (Mixed) (G1 Evacuation Pause)
[2026-04-03T01:40:04.384+0600][41.230s][info][gc,task        ] GC(104) Using 10 workers of 10 for evacuation
[2026-04-03T01:40:04.392+0600][41.238s][info][gc,phases      ] GC(104)   Pre Evacuate Collection Set: 0.43ms
[2026-04-03T01:40:04.392+0600][41.239s][info][gc,phases      ] GC(104)   Merge Heap Roots: 0.34ms
[2026-04-03T01:40:04.392+0600][41.239s][info][gc,phases      ] GC(104)   Evacuate Collection Set: 6.76ms
[2026-04-03T01:40:04.392+0600][41.239s][info][gc,phases      ] GC(104)   Post Evacuate Collection Set: 1.01ms
[2026-04-03T01:40:04.392+0600][41.239s][info][gc,phases      ] GC(104)   Other: 0.13ms
[2026-04-03T01:40:04.393+0600][41.239s][info][gc,heap        ] GC(104) Eden regions: 161->0(176)
[2026-04-03T01:40:04.393+0600][41.239s][info][gc,heap        ] GC(104) Survivor regions: 5->5(23)
[2026-04-03T01:40:04.393+0600][41.239s][info][gc,heap        ] GC(104) Old regions: 45->44
[2026-04-03T01:40:04.393+0600][41.239s][info][gc,heap        ] GC(104) Humongous regions: 85->4
[2026-04-03T01:40:04.393+0600][41.239s][info][gc,metaspace   ] GC(104) Metaspace: 130608K(132160K)->130608K(132160K) NonClass: 114146K(114880K)->114146K(114880K) Class: 16462K(17280K)->16462K(17280K)
[2026-04-03T01:40:04.393+0600][41.239s][info][gc             ] GC(104) Pause Young (Mixed) (G1 Evacuation Pause) 586M->101M(604M) 9.033ms
[2026-04-03T01:40:04.393+0600][41.239s][info][gc,cpu         ] GC(104) User=0.05s Sys=0.02s Real=0.01s
[2026-04-03T01:40:04.395+0600][41.241s][info][gc,start       ] GC(105) Pause Young (Concurrent Start) (G1 Humongous Allocation)
[2026-04-03T01:40:04.395+0600][41.241s][info][gc,task        ] GC(105) Using 10 workers of 10 for evacuation
[2026-04-03T01:40:04.399+0600][41.245s][info][gc,phases      ] GC(105)   Pre Evacuate Collection Set: 0.35ms
[2026-04-03T01:40:04.399+0600][41.245s][info][gc,phases      ] GC(105)   Merge Heap Roots: 0.15ms
[2026-04-03T01:40:04.399+0600][41.245s][info][gc,phases      ] GC(105)   Evacuate Collection Set: 3.11ms
[2026-04-03T01:40:04.399+0600][41.245s][info][gc,phases      ] GC(105)   Post Evacuate Collection Set: 0.61ms
[2026-04-03T01:40:04.399+0600][41.245s][info][gc,phases      ] GC(105)   Other: 0.20ms
[2026-04-03T01:40:04.399+0600][41.245s][info][gc,heap        ] GC(105) Eden regions: 2->0(176)
[2026-04-03T01:40:04.399+0600][41.245s][info][gc,heap        ] GC(105) Survivor regions: 5->5(23)
[2026-04-03T01:40:04.399+0600][41.245s][info][gc,heap        ] GC(105) Old regions: 44->44
[2026-04-03T01:40:04.399+0600][41.245s][info][gc,heap        ] GC(105) Humongous regions: 4->3
[2026-04-03T01:40:04.399+0600][41.245s][info][gc,metaspace   ] GC(105) Metaspace: 130608K(132160K)->130608K(132160K) NonClass: 114146K(114880K)->114146K(114880K) Class: 16462K(17280K)->16462K(17280K)
[2026-04-03T01:40:04.399+0600][41.245s][info][gc             ] GC(105) Pause Young (Concurrent Start) (G1 Humongous Allocation) 105M->99M(604M) 4.725ms
[2026-04-03T01:40:04.399+0600][41.245s][info][gc             ] GC(106) Concurrent Mark Cycle
[2026-04-03T01:40:04.399+0600][41.246s][info][gc,marking     ] GC(106) Concurrent Scan Root Regions
[2026-04-03T01:40:04.399+0600][41.246s][info][gc,cpu         ] GC(105) User=0.03s Sys=0.00s Real=0.00s
[2026-04-03T01:40:04.403+0600][41.249s][info][gc,marking     ] GC(106) Concurrent Scan Root Regions 3.811ms
[2026-04-03T01:40:04.403+0600][41.249s][info][gc,marking     ] GC(106) Concurrent Mark
[2026-04-03T01:40:04.403+0600][41.249s][info][gc,marking     ] GC(106) Concurrent Mark From Roots
[2026-04-03T01:40:04.403+0600][41.249s][info][gc,task        ] GC(106) Using 3 workers of 3 for marking
[2026-04-03T01:40:04.526+0600][41.372s][info][gc,marking     ] GC(106) Concurrent Mark From Roots 122.508ms
[2026-04-03T01:40:04.526+0600][41.372s][info][gc,marking     ] GC(106) Concurrent Preclean
[2026-04-03T01:40:04.526+0600][41.373s][info][gc,marking     ] GC(106) Concurrent Preclean 0.515ms
[2026-04-03T01:40:04.527+0600][41.373s][info][gc,start       ] GC(106) Pause Remark
[2026-04-03T01:40:04.537+0600][41.383s][info][gc             ] GC(106) Pause Remark 203M->203M(508M) 10.112ms
[2026-04-03T01:40:04.537+0600][41.383s][info][gc,cpu         ] GC(106) User=0.07s Sys=0.01s Real=0.01s
[2026-04-03T01:40:04.537+0600][41.383s][info][gc,marking     ] GC(106) Concurrent Mark 133.983ms
[2026-04-03T01:40:04.537+0600][41.383s][info][gc,marking     ] GC(106) Concurrent Rebuild Remembered Sets and Scrub Regions
[2026-04-03T01:40:04.576+0600][41.422s][info][gc,marking     ] GC(106) Concurrent Rebuild Remembered Sets and Scrub Regions 38.189ms
[2026-04-03T01:40:04.576+0600][41.422s][info][gc,start       ] GC(106) Pause Cleanup
[2026-04-03T01:40:04.577+0600][41.423s][info][gc             ] GC(106) Pause Cleanup 220M->220M(508M) 0.387ms
[2026-04-03T01:40:04.577+0600][41.423s][info][gc,cpu         ] GC(106) User=0.00s Sys=0.00s Real=0.00s
[2026-04-03T01:40:04.577+0600][41.423s][info][gc,marking     ] GC(106) Concurrent Clear Claimed Marks
[2026-04-03T01:40:04.577+0600][41.423s][info][gc,marking     ] GC(106) Concurrent Clear Claimed Marks 0.364ms
[2026-04-03T01:40:04.577+0600][41.423s][info][gc,marking     ] GC(106) Concurrent Cleanup for Next Mark
[2026-04-03T01:40:04.578+0600][41.424s][info][gc,marking     ] GC(106) Concurrent Cleanup for Next Mark 0.831ms
[2026-04-03T01:40:04.578+0600][41.424s][info][gc             ] GC(106) Concurrent Mark Cycle 178.735ms
[2026-04-03T01:40:04.782+0600][41.628s][info][gc,start       ] GC(107) Pause Young (Prepare Mixed) (G1 Evacuation Pause)
[2026-04-03T01:40:04.782+0600][41.628s][info][gc,task        ] GC(107) Using 10 workers of 10 for evacuation
[2026-04-03T01:40:04.789+0600][41.635s][info][gc,phases      ] GC(107)   Pre Evacuate Collection Set: 0.41ms
[2026-04-03T01:40:04.789+0600][41.636s][info][gc,phases      ] GC(107)   Merge Heap Roots: 0.26ms
[2026-04-03T01:40:04.789+0600][41.636s][info][gc,phases      ] GC(107)   Evacuate Collection Set: 5.71ms
[2026-04-03T01:40:04.789+0600][41.636s][info][gc,phases      ] GC(107)   Post Evacuate Collection Set: 0.71ms
[2026-04-03T01:40:04.789+0600][41.636s][info][gc,phases      ] GC(107)   Other: 0.12ms
[2026-04-03T01:40:04.790+0600][41.636s][info][gc,heap        ] GC(107) Eden regions: 109->0(151)
[2026-04-03T01:40:04.790+0600][41.636s][info][gc,heap        ] GC(107) Survivor regions: 5->5(19)
[2026-04-03T01:40:04.790+0600][41.636s][info][gc,heap        ] GC(107) Old regions: 44->45
[2026-04-03T01:40:04.790+0600][41.636s][info][gc,heap        ] GC(107) Humongous regions: 96->3
[2026-04-03T01:40:04.790+0600][41.636s][info][gc,metaspace   ] GC(107) Metaspace: 130628K(132160K)->130628K(132160K) NonClass: 114166K(114880K)->114166K(114880K) Class: 16462K(17280K)->16462K(17280K)
[2026-04-03T01:40:04.790+0600][41.636s][info][gc             ] GC(107) Pause Young (Prepare Mixed) (G1 Evacuation Pause) 503M->101M(520M) 7.567ms
[2026-04-03T01:40:04.790+0600][41.636s][info][gc,cpu         ] GC(107) User=0.05s Sys=0.01s Real=0.01s
[2026-04-03T01:40:05.104+0600][41.951s][info][gc,start       ] GC(108) Pause Young (Mixed) (G1 Evacuation Pause)
[2026-04-03T01:40:05.105+0600][41.951s][info][gc,task        ] GC(108) Using 10 workers of 10 for evacuation
[2026-04-03T01:40:05.114+0600][41.961s][info][gc,phases      ] GC(108)   Pre Evacuate Collection Set: 0.68ms
[2026-04-03T01:40:05.115+0600][41.961s][info][gc,phases      ] GC(108)   Merge Heap Roots: 0.38ms
[2026-04-03T01:40:05.115+0600][41.961s][info][gc,phases      ] GC(108)   Evacuate Collection Set: 7.42ms
[2026-04-03T01:40:05.115+0600][41.961s][info][gc,phases      ] GC(108)   Post Evacuate Collection Set: 1.16ms
[2026-04-03T01:40:05.115+0600][41.961s][info][gc,phases      ] GC(108)   Other: 0.18ms
[2026-04-03T01:40:05.115+0600][41.961s][info][gc,heap        ] GC(108) Eden regions: 119->0(154)
[2026-04-03T01:40:05.115+0600][41.961s][info][gc,heap        ] GC(108) Survivor regions: 5->5(20)
[2026-04-03T01:40:05.115+0600][41.961s][info][gc,heap        ] GC(108) Old regions: 45->44
[2026-04-03T01:40:05.115+0600][41.961s][info][gc,heap        ] GC(108) Humongous regions: 91->3
[2026-04-03T01:40:05.115+0600][41.961s][info][gc,metaspace   ] GC(108) Metaspace: 130647K(132160K)->130647K(132160K) NonClass: 114185K(114880K)->114185K(114880K) Class: 16462K(17280K)->16462K(17280K)
[2026-04-03T01:40:05.115+0600][41.961s][info][gc             ] GC(108) Pause Young (Mixed) (G1 Evacuation Pause) 515M->100M(532M) 10.178ms
[2026-04-03T01:40:05.115+0600][41.961s][info][gc,cpu         ] GC(108) User=0.05s Sys=0.02s Real=0.01s
[2026-04-03T01:40:05.140+0600][41.986s][info][gc,start       ] GC(109) Pause Young (Concurrent Start) (G1 Humongous Allocation)
[2026-04-03T01:40:05.140+0600][41.986s][info][gc,task        ] GC(109) Using 10 workers of 10 for evacuation
[2026-04-03T01:40:05.146+0600][41.993s][info][gc,phases      ] GC(109)   Pre Evacuate Collection Set: 0.48ms
[2026-04-03T01:40:05.146+0600][41.993s][info][gc,phases      ] GC(109)   Merge Heap Roots: 0.22ms
[2026-04-03T01:40:05.147+0600][41.993s][info][gc,phases      ] GC(109)   Evacuate Collection Set: 4.49ms
[2026-04-03T01:40:05.147+0600][41.993s][info][gc,phases      ] GC(109)   Post Evacuate Collection Set: 1.10ms
[2026-04-03T01:40:05.147+0600][41.993s][info][gc,phases      ] GC(109)   Other: 0.21ms
[2026-04-03T01:40:05.147+0600][41.993s][info][gc,heap        ] GC(109) Eden regions: 14->0(192)
[2026-04-03T01:40:05.147+0600][41.993s][info][gc,heap        ] GC(109) Survivor regions: 5->5(20)
[2026-04-03T01:40:05.147+0600][41.993s][info][gc,heap        ] GC(109) Old regions: 44->44
[2026-04-03T01:40:05.147+0600][41.993s][info][gc,heap        ] GC(109) Humongous regions: 3->3
[2026-04-03T01:40:05.147+0600][41.993s][info][gc,metaspace   ] GC(109) Metaspace: 130651K(132160K)->130651K(132160K) NonClass: 114189K(114880K)->114189K(114880K) Class: 16462K(17280K)->16462K(17280K)
[2026-04-03T01:40:05.147+0600][41.993s][info][gc             ] GC(109) Pause Young (Concurrent Start) (G1 Humongous Allocation) 126M->100M(658M) 6.828ms
[2026-04-03T01:40:05.147+0600][41.993s][info][gc             ] GC(110) Concurrent Mark Cycle
[2026-04-03T01:40:05.147+0600][41.993s][info][gc,marking     ] GC(110) Concurrent Scan Root Regions
[2026-04-03T01:40:05.147+0600][41.993s][info][gc,cpu         ] GC(109) User=0.05s Sys=0.01s Real=0.00s
[2026-04-03T01:40:05.151+0600][41.997s][info][gc,marking     ] GC(110) Concurrent Scan Root Regions 4.018ms
[2026-04-03T01:40:05.151+0600][41.997s][info][gc,marking     ] GC(110) Concurrent Mark
[2026-04-03T01:40:05.151+0600][41.997s][info][gc,marking     ] GC(110) Concurrent Mark From Roots
[2026-04-03T01:40:05.151+0600][41.997s][info][gc,task        ] GC(110) Using 3 workers of 3 for marking
[2026-04-03T01:40:05.242+0600][42.088s][info][gc,marking     ] GC(110) Concurrent Mark From Roots 91.283ms
[2026-04-03T01:40:05.242+0600][42.088s][info][gc,marking     ] GC(110) Concurrent Preclean
[2026-04-03T01:40:05.243+0600][42.089s][info][gc,marking     ] GC(110) Concurrent Preclean 0.607ms
[2026-04-03T01:40:05.243+0600][42.089s][info][gc,start       ] GC(110) Pause Remark
[2026-04-03T01:40:05.252+0600][42.098s][info][gc             ] GC(110) Pause Remark 159M->159M(448M) 8.345ms
[2026-04-03T01:40:05.252+0600][42.098s][info][gc,cpu         ] GC(110) User=0.06s Sys=0.00s Real=0.01s
[2026-04-03T01:40:05.252+0600][42.098s][info][gc,marking     ] GC(110) Concurrent Mark 101.014ms
[2026-04-03T01:40:05.252+0600][42.098s][info][gc,marking     ] GC(110) Concurrent Rebuild Remembered Sets and Scrub Regions
[2026-04-03T01:40:05.278+0600][42.124s][info][gc,marking     ] GC(110) Concurrent Rebuild Remembered Sets and Scrub Regions 25.684ms
[2026-04-03T01:40:05.278+0600][42.124s][info][gc,start       ] GC(110) Pause Cleanup
[2026-04-03T01:40:05.278+0600][42.124s][info][gc             ] GC(110) Pause Cleanup 165M->165M(448M) 0.238ms
[2026-04-03T01:40:05.278+0600][42.124s][info][gc,cpu         ] GC(110) User=0.00s Sys=0.00s Real=0.00s
[2026-04-03T01:40:05.278+0600][42.124s][info][gc,marking     ] GC(110) Concurrent Clear Claimed Marks
[2026-04-03T01:40:05.279+0600][42.125s][info][gc,marking     ] GC(110) Concurrent Clear Claimed Marks 0.275ms
[2026-04-03T01:40:05.279+0600][42.125s][info][gc,marking     ] GC(110) Concurrent Cleanup for Next Mark
[2026-04-03T01:40:05.279+0600][42.125s][info][gc,marking     ] GC(110) Concurrent Cleanup for Next Mark 0.722ms
[2026-04-03T01:40:05.279+0600][42.126s][info][gc             ] GC(110) Concurrent Mark Cycle 132.747ms
[2026-04-03T01:40:05.522+0600][42.368s][info][gc,start       ] GC(111) Pause Young (Prepare Mixed) (G1 Evacuation Pause)
[2026-04-03T01:40:05.522+0600][42.368s][info][gc,task        ] GC(111) Using 10 workers of 10 for evacuation
[2026-04-03T01:40:05.528+0600][42.374s][info][gc,phases      ] GC(111)   Pre Evacuate Collection Set: 0.26ms
[2026-04-03T01:40:05.528+0600][42.375s][info][gc,phases      ] GC(111)   Merge Heap Roots: 0.21ms
[2026-04-03T01:40:05.528+0600][42.375s][info][gc,phases      ] GC(111)   Evacuate Collection Set: 4.74ms
[2026-04-03T01:40:05.528+0600][42.375s][info][gc,phases      ] GC(111)   Post Evacuate Collection Set: 0.67ms
[2026-04-03T01:40:05.528+0600][42.375s][info][gc,phases      ] GC(111)   Other: 0.09ms
[2026-04-03T01:40:05.528+0600][42.375s][info][gc,heap        ] GC(111) Eden regions: 116->0(133)
[2026-04-03T01:40:05.528+0600][42.375s][info][gc,heap        ] GC(111) Survivor regions: 5->5(17)
[2026-04-03T01:40:05.528+0600][42.375s][info][gc,heap        ] GC(111) Old regions: 44->45
[2026-04-03T01:40:05.528+0600][42.375s][info][gc,heap        ] GC(111) Humongous regions: 59->3
[2026-04-03T01:40:05.528+0600][42.375s][info][gc,metaspace   ] GC(111) Metaspace: 130684K(132160K)->130684K(132160K) NonClass: 114221K(114880K)->114221K(114880K) Class: 16462K(17280K)->16462K(17280K)
[2026-04-03T01:40:05.529+0600][42.375s][info][gc             ] GC(111) Pause Young (Prepare Mixed) (G1 Evacuation Pause) 444M->101M(460M) 6.269ms
[2026-04-03T01:40:05.529+0600][42.375s][info][gc,cpu         ] GC(111) User=0.04s Sys=0.02s Real=0.00s
[2026-04-03T01:40:05.693+0600][42.539s][info][gc,start       ] GC(112) Pause Young (Mixed) (G1 Evacuation Pause)
[2026-04-03T01:40:05.693+0600][42.539s][info][gc,task        ] GC(112) Using 10 workers of 10 for evacuation
[2026-04-03T01:40:05.699+0600][42.545s][info][gc,phases      ] GC(112)   Pre Evacuate Collection Set: 0.24ms
[2026-04-03T01:40:05.699+0600][42.545s][info][gc,phases      ] GC(112)   Merge Heap Roots: 0.14ms
[2026-04-03T01:40:05.699+0600][42.545s][info][gc,phases      ] GC(112)   Evacuate Collection Set: 4.37ms
[2026-04-03T01:40:05.699+0600][42.545s][info][gc,phases      ] GC(112)   Post Evacuate Collection Set: 0.67ms
[2026-04-03T01:40:05.699+0600][42.545s][info][gc,phases      ] GC(112)   Other: 0.09ms
[2026-04-03T01:40:05.699+0600][42.545s][info][gc,heap        ] GC(112) Eden regions: 67->0(160)
[2026-04-03T01:40:05.699+0600][42.545s][info][gc,heap        ] GC(112) Survivor regions: 5->6(18)
[2026-04-03T01:40:05.699+0600][42.545s][info][gc,heap        ] GC(112) Old regions: 45->44
[2026-04-03T01:40:05.699+0600][42.545s][info][gc,heap        ] GC(112) Humongous regions: 155->9
[2026-04-03T01:40:05.699+0600][42.545s][info][gc,metaspace   ] GC(112) Metaspace: 130687K(132160K)->130687K(132160K) NonClass: 114225K(114880K)->114225K(114880K) Class: 16462K(17280K)->16462K(17280K)
[2026-04-03T01:40:05.699+0600][42.545s][info][gc             ] GC(112) Pause Young (Mixed) (G1 Evacuation Pause) 539M->114M(556M) 5.838ms
[2026-04-03T01:40:05.699+0600][42.545s][info][gc,cpu         ] GC(112) User=0.03s Sys=0.01s Real=0.00s
[2026-04-03T01:40:05.700+0600][42.546s][info][gc,start       ] GC(113) Pause Young (Concurrent Start) (G1 Humongous Allocation)
[2026-04-03T01:40:05.700+0600][42.546s][info][gc,task        ] GC(113) Using 10 workers of 10 for evacuation
[2026-04-03T01:40:05.703+0600][42.550s][info][gc,phases      ] GC(113)   Pre Evacuate Collection Set: 0.30ms
[2026-04-03T01:40:05.704+0600][42.550s][info][gc,phases      ] GC(113)   Merge Heap Roots: 0.08ms
[2026-04-03T01:40:05.704+0600][42.550s][info][gc,phases      ] GC(113)   Evacuate Collection Set: 2.68ms
[2026-04-03T01:40:05.704+0600][42.550s][info][gc,phases      ] GC(113)   Post Evacuate Collection Set: 0.46ms
[2026-04-03T01:40:05.704+0600][42.550s][info][gc,phases      ] GC(113)   Other: 0.10ms
[2026-04-03T01:40:05.704+0600][42.550s][info][gc,heap        ] GC(113) Eden regions: 2->0(160)
[2026-04-03T01:40:05.704+0600][42.550s][info][gc,heap        ] GC(113) Survivor regions: 6->6(21)
[2026-04-03T01:40:05.704+0600][42.550s][info][gc,heap        ] GC(113) Old regions: 44->44
[2026-04-03T01:40:05.704+0600][42.550s][info][gc,heap        ] GC(113) Humongous regions: 9->3
[2026-04-03T01:40:05.704+0600][42.550s][info][gc,metaspace   ] GC(113) Metaspace: 130687K(132160K)->130687K(132160K) NonClass: 114225K(114880K)->114225K(114880K) Class: 16462K(17280K)->16462K(17280K)
[2026-04-03T01:40:05.704+0600][42.550s][info][gc             ] GC(113) Pause Young (Concurrent Start) (G1 Humongous Allocation) 116M->102M(556M) 3.873ms
[2026-04-03T01:40:05.704+0600][42.550s][info][gc             ] GC(114) Concurrent Mark Cycle
[2026-04-03T01:40:05.704+0600][42.550s][info][gc,marking     ] GC(114) Concurrent Scan Root Regions
[2026-04-03T01:40:05.705+0600][42.551s][info][gc,cpu         ] GC(113) User=0.03s Sys=0.01s Real=0.00s
[2026-04-03T01:40:05.707+0600][42.553s][info][gc,marking     ] GC(114) Concurrent Scan Root Regions 3.003ms
[2026-04-03T01:40:05.707+0600][42.553s][info][gc,marking     ] GC(114) Concurrent Mark
[2026-04-03T01:40:05.707+0600][42.553s][info][gc,marking     ] GC(114) Concurrent Mark From Roots
[2026-04-03T01:40:05.707+0600][42.553s][info][gc,task        ] GC(114) Using 3 workers of 3 for marking
[2026-04-03T01:40:05.817+0600][42.663s][info][gc,marking     ] GC(114) Concurrent Mark From Roots 110.383ms
[2026-04-03T01:40:05.817+0600][42.663s][info][gc,marking     ] GC(114) Concurrent Preclean
[2026-04-03T01:40:05.818+0600][42.664s][info][gc,start       ] GC(115) Pause Young (Normal) (G1 Evacuation Pause)
[2026-04-03T01:40:05.819+0600][42.665s][info][gc,task        ] GC(115) Using 10 workers of 10 for evacuation
[2026-04-03T01:40:05.825+0600][42.672s][info][gc,phases      ] GC(115)   Pre Evacuate Collection Set: 0.31ms
[2026-04-03T01:40:05.826+0600][42.672s][info][gc,phases      ] GC(115)   Merge Heap Roots: 0.19ms
[2026-04-03T01:40:05.826+0600][42.672s][info][gc,phases      ] GC(115)   Evacuate Collection Set: 5.58ms
[2026-04-03T01:40:05.826+0600][42.672s][info][gc,phases      ] GC(115)   Post Evacuate Collection Set: 0.80ms
[2026-04-03T01:40:05.826+0600][42.672s][info][gc,phases      ] GC(115)   Other: 0.10ms
[2026-04-03T01:40:05.826+0600][42.672s][info][gc,heap        ] GC(115) Eden regions: 30->0(165)
[2026-04-03T01:40:05.826+0600][42.672s][info][gc,heap        ] GC(115) Survivor regions: 6->6(21)
[2026-04-03T01:40:05.826+0600][42.672s][info][gc,heap        ] GC(115) Old regions: 44->45
[2026-04-03T01:40:05.826+0600][42.672s][info][gc,heap        ] GC(115) Humongous regions: 198->12
[2026-04-03T01:40:05.826+0600][42.672s][info][gc,metaspace   ] GC(115) Metaspace: 130695K(132224K)->130695K(132224K) NonClass: 114233K(114944K)->114233K(114944K) Class: 16462K(17280K)->16462K(17280K)
[2026-04-03T01:40:05.826+0600][42.672s][info][gc             ] GC(115) Pause Young (Normal) (G1 Evacuation Pause) 552M->121M(570M) 7.321ms
[2026-04-03T01:40:05.826+0600][42.672s][info][gc,cpu         ] GC(115) User=0.05s Sys=0.02s Real=0.01s
[2026-04-03T01:40:05.826+0600][42.672s][info][gc,marking     ] GC(114) Concurrent Preclean 8.750ms
[2026-04-03T01:40:05.826+0600][42.672s][info][gc,start       ] GC(114) Pause Remark
[2026-04-03T01:40:05.835+0600][42.681s][info][gc             ] GC(114) Pause Remark 124M->124M(420M) 8.234ms
[2026-04-03T01:40:05.835+0600][42.681s][info][gc,cpu         ] GC(114) User=0.06s Sys=0.00s Real=0.01s
[2026-04-03T01:40:05.835+0600][42.681s][info][gc,marking     ] GC(114) Concurrent Mark 128.111ms
[2026-04-03T01:40:05.835+0600][42.681s][info][gc,marking     ] GC(114) Concurrent Rebuild Remembered Sets and Scrub Regions
[2026-04-03T01:40:05.870+0600][42.716s][info][gc,marking     ] GC(114) Concurrent Rebuild Remembered Sets and Scrub Regions 35.317ms
[2026-04-03T01:40:05.871+0600][42.717s][info][gc,start       ] GC(114) Pause Cleanup
[2026-04-03T01:40:05.871+0600][42.717s][info][gc             ] GC(114) Pause Cleanup 312M->312M(420M) 0.340ms
[2026-04-03T01:40:05.871+0600][42.717s][info][gc,cpu         ] GC(114) User=0.00s Sys=0.00s Real=0.00s
[2026-04-03T01:40:05.871+0600][42.717s][info][gc,marking     ] GC(114) Concurrent Clear Claimed Marks
[2026-04-03T01:40:05.872+0600][42.718s][info][gc,marking     ] GC(114) Concurrent Clear Claimed Marks 0.389ms
[2026-04-03T01:40:05.872+0600][42.718s][info][gc,marking     ] GC(114) Concurrent Cleanup for Next Mark
[2026-04-03T01:40:05.873+0600][42.720s][info][gc,marking     ] GC(114) Concurrent Cleanup for Next Mark 1.672ms
[2026-04-03T01:40:05.874+0600][42.720s][info][gc             ] GC(114) Concurrent Mark Cycle 169.863ms
[2026-04-03T01:40:05.962+0600][42.808s][info][gc,start       ] GC(116) Pause Young (Prepare Mixed) (G1 Evacuation Pause)
[2026-04-03T01:40:05.962+0600][42.808s][info][gc,task        ] GC(116) Using 10 workers of 10 for evacuation
[2026-04-03T01:40:05.967+0600][42.813s][info][gc,phases      ] GC(116)   Pre Evacuate Collection Set: 0.40ms
[2026-04-03T01:40:05.967+0600][42.813s][info][gc,phases      ] GC(116)   Merge Heap Roots: 0.15ms
[2026-04-03T01:40:05.967+0600][42.813s][info][gc,phases      ] GC(116)   Evacuate Collection Set: 3.99ms
[2026-04-03T01:40:05.967+0600][42.813s][info][gc,phases      ] GC(116)   Post Evacuate Collection Set: 0.60ms
[2026-04-03T01:40:05.967+0600][42.813s][info][gc,phases      ] GC(116)   Other: 0.10ms
[2026-04-03T01:40:05.967+0600][42.813s][info][gc,heap        ] GC(116) Eden regions: 41->0(127)
[2026-04-03T01:40:05.967+0600][42.813s][info][gc,heap        ] GC(116) Survivor regions: 6->4(16)
[2026-04-03T01:40:05.967+0600][42.813s][info][gc,heap        ] GC(116) Old regions: 45->46
[2026-04-03T01:40:05.967+0600][42.813s][info][gc,heap        ] GC(116) Humongous regions: 122->3
[2026-04-03T01:40:05.967+0600][42.813s][info][gc,metaspace   ] GC(116) Metaspace: 130708K(132224K)->130708K(132224K) NonClass: 114246K(114944K)->114246K(114944K) Class: 16462K(17280K)->16462K(17280K)
[2026-04-03T01:40:05.967+0600][42.813s][info][gc             ] GC(116) Pause Young (Prepare Mixed) (G1 Evacuation Pause) 423M->101M(438M) 5.573ms
[2026-04-03T01:40:05.967+0600][42.813s][info][gc,cpu         ] GC(116) User=0.04s Sys=0.01s Real=0.00s
[2026-04-03T01:40:06.458+0600][43.304s][info][gc,start       ] GC(117) Pause Young (Mixed) (GCLocker Initiated GC)
[2026-04-03T01:40:06.458+0600][43.304s][info][gc,task        ] GC(117) Using 10 workers of 10 for evacuation
[2026-04-03T01:40:06.467+0600][43.313s][info][gc,phases      ] GC(117)   Pre Evacuate Collection Set: 0.29ms
[2026-04-03T01:40:06.467+0600][43.313s][info][gc,phases      ] GC(117)   Merge Heap Roots: 0.40ms
[2026-04-03T01:40:06.467+0600][43.313s][info][gc,phases      ] GC(117)   Evacuate Collection Set: 5.87ms
[2026-04-03T01:40:06.467+0600][43.313s][info][gc,phases      ] GC(117)   Post Evacuate Collection Set: 2.81ms
[2026-04-03T01:40:06.467+0600][43.314s][info][gc,phases      ] GC(117)   Other: 0.12ms
[2026-04-03T01:40:06.467+0600][43.314s][info][gc,heap        ] GC(117) Eden regions: 116->0(337)
[2026-04-03T01:40:06.467+0600][43.314s][info][gc,heap        ] GC(117) Survivor regions: 4->5(17)
[2026-04-03T01:40:06.467+0600][43.314s][info][gc,heap        ] GC(117) Old regions: 46->45
[2026-04-03T01:40:06.467+0600][43.314s][info][gc,heap        ] GC(117) Humongous regions: 53->3
[2026-04-03T01:40:06.467+0600][43.314s][info][gc,metaspace   ] GC(117) Metaspace: 130712K(132224K)->130712K(132224K) NonClass: 114249K(114944K)->114249K(114944K) Class: 16462K(17280K)->16462K(17280K)
[2026-04-03T01:40:06.468+0600][43.314s][info][gc             ] GC(117) Pause Young (Mixed) (GCLocker Initiated GC) 433M->103M(1142M) 9.837ms
[2026-04-03T01:40:06.468+0600][43.314s][info][gc,cpu         ] GC(117) User=0.04s Sys=0.02s Real=0.01s
[2026-04-03T01:40:07.559+0600][44.405s][info][gc,start       ] GC(118) Pause Young (Normal) (G1 Evacuation Pause)
[2026-04-03T01:40:07.559+0600][44.406s][info][gc,task        ] GC(118) Using 10 workers of 10 for evacuation
[2026-04-03T01:40:07.569+0600][44.415s][info][gc,phases      ] GC(118)   Pre Evacuate Collection Set: 0.40ms
[2026-04-03T01:40:07.569+0600][44.415s][info][gc,phases      ] GC(118)   Merge Heap Roots: 0.28ms
[2026-04-03T01:40:07.569+0600][44.415s][info][gc,phases      ] GC(118)   Evacuate Collection Set: 7.31ms
[2026-04-03T01:40:07.569+0600][44.415s][info][gc,phases      ] GC(118)   Post Evacuate Collection Set: 1.51ms
[2026-04-03T01:40:07.569+0600][44.415s][info][gc,phases      ] GC(118)   Other: 0.31ms
[2026-04-03T01:40:07.569+0600][44.415s][info][gc,heap        ] GC(118) Eden regions: 289->0(342)
[2026-04-03T01:40:07.569+0600][44.415s][info][gc,heap        ] GC(118) Survivor regions: 5->6(43)
[2026-04-03T01:40:07.569+0600][44.415s][info][gc,heap        ] GC(118) Old regions: 45->45
[2026-04-03T01:40:07.569+0600][44.415s][info][gc,heap        ] GC(118) Humongous regions: 235->3
[2026-04-03T01:40:07.569+0600][44.415s][info][gc,metaspace   ] GC(118) Metaspace: 130823K(132352K)->130823K(132352K) NonClass: 114345K(115072K)->114345K(115072K) Class: 16478K(17280K)->16478K(17280K)
[2026-04-03T01:40:07.569+0600][44.416s][info][gc             ] GC(118) Pause Young (Normal) (G1 Evacuation Pause) 1145M->106M(1160M) 10.191ms
[2026-04-03T01:40:07.570+0600][44.416s][info][gc,cpu         ] GC(118) User=0.07s Sys=0.02s Real=0.01s
[2026-04-03T01:40:07.894+0600][44.740s][info][gc,start       ] GC(119) Pause Young (Concurrent Start) (G1 Humongous Allocation)
[2026-04-03T01:40:07.894+0600][44.740s][info][gc,task        ] GC(119) Using 10 workers of 10 for evacuation
[2026-04-03T01:40:07.898+0600][44.744s][info][gc,phases      ] GC(119)   Pre Evacuate Collection Set: 0.32ms
[2026-04-03T01:40:07.898+0600][44.744s][info][gc,phases      ] GC(119)   Merge Heap Roots: 0.17ms
[2026-04-03T01:40:07.898+0600][44.744s][info][gc,phases      ] GC(119)   Evacuate Collection Set: 2.32ms
[2026-04-03T01:40:07.898+0600][44.744s][info][gc,phases      ] GC(119)   Post Evacuate Collection Set: 0.70ms
[2026-04-03T01:40:07.898+0600][44.744s][info][gc,phases      ] GC(119)   Other: 0.08ms
[2026-04-03T01:40:07.898+0600][44.744s][info][gc,heap        ] GC(119) Eden regions: 138->0(343)
[2026-04-03T01:40:07.898+0600][44.744s][info][gc,heap        ] GC(119) Survivor regions: 6->5(44)
[2026-04-03T01:40:07.898+0600][44.744s][info][gc,heap        ] GC(119) Old regions: 45->46
[2026-04-03T01:40:07.898+0600][44.744s][info][gc,heap        ] GC(119) Humongous regions: 41->3
[2026-04-03T01:40:07.898+0600][44.744s][info][gc,metaspace   ] GC(119) Metaspace: 130825K(132352K)->130825K(132352K) NonClass: 114347K(115072K)->114347K(115072K) Class: 16478K(17280K)->16478K(17280K)
[2026-04-03T01:40:07.898+0600][44.744s][info][gc             ] GC(119) Pause Young (Concurrent Start) (G1 Humongous Allocation) 456M->104M(1160M) 3.794ms
[2026-04-03T01:40:07.898+0600][44.744s][info][gc             ] GC(120) Concurrent Undo Cycle
[2026-04-03T01:40:07.898+0600][44.744s][info][gc,marking     ] GC(120) Concurrent Clear Claimed Marks
[2026-04-03T01:40:07.898+0600][44.744s][info][gc,cpu         ] GC(119) User=0.02s Sys=0.00s Real=0.00s
[2026-04-03T01:40:07.898+0600][44.744s][info][gc,marking     ] GC(120) Concurrent Clear Claimed Marks 0.223ms
[2026-04-03T01:40:07.898+0600][44.744s][info][gc,marking     ] GC(120) Concurrent Cleanup for Next Mark
[2026-04-03T01:40:07.899+0600][44.745s][info][gc,marking     ] GC(120) Concurrent Cleanup for Next Mark 0.258ms
[2026-04-03T01:40:07.899+0600][44.745s][info][gc             ] GC(120) Concurrent Undo Cycle 0.654ms
[2026-04-03T01:40:07.942+0600][44.789s][info][gc,start       ] GC(121) Pause Young (Concurrent Start) (G1 Humongous Allocation)
[2026-04-03T01:40:07.943+0600][44.789s][info][gc,task        ] GC(121) Using 10 workers of 10 for evacuation
[2026-04-03T01:40:07.947+0600][44.793s][info][gc,phases      ] GC(121)   Pre Evacuate Collection Set: 0.67ms
[2026-04-03T01:40:07.947+0600][44.793s][info][gc,phases      ] GC(121)   Merge Heap Roots: 0.28ms
[2026-04-03T01:40:07.947+0600][44.793s][info][gc,phases      ] GC(121)   Evacuate Collection Set: 2.47ms
[2026-04-03T01:40:07.947+0600][44.793s][info][gc,phases      ] GC(121)   Post Evacuate Collection Set: 0.97ms
[2026-04-03T01:40:07.947+0600][44.793s][info][gc,phases      ] GC(121)   Other: 0.26ms
[2026-04-03T01:40:07.947+0600][44.793s][info][gc,heap        ] GC(121) Eden regions: 16->0(344)
[2026-04-03T01:40:07.947+0600][44.793s][info][gc,heap        ] GC(121) Survivor regions: 5->4(44)
[2026-04-03T01:40:07.947+0600][44.793s][info][gc,heap        ] GC(121) Old regions: 46->46
[2026-04-03T01:40:07.947+0600][44.793s][info][gc,heap        ] GC(121) Humongous regions: 46->6
[2026-04-03T01:40:07.947+0600][44.793s][info][gc,metaspace   ] GC(121) Metaspace: 130846K(132416K)->130846K(132416K) NonClass: 114368K(115136K)->114368K(115136K) Class: 16478K(17280K)->16478K(17280K)
[2026-04-03T01:40:07.947+0600][44.794s][info][gc             ] GC(121) Pause Young (Concurrent Start) (G1 Humongous Allocation) 222M->108M(1160M) 4.950ms
[2026-04-03T01:40:07.947+0600][44.794s][info][gc             ] GC(122) Concurrent Undo Cycle
[2026-04-03T01:40:07.948+0600][44.794s][info][gc,marking     ] GC(122) Concurrent Clear Claimed Marks
[2026-04-03T01:40:07.948+0600][44.794s][info][gc,cpu         ] GC(121) User=0.03s Sys=0.00s Real=0.00s
[2026-04-03T01:40:07.948+0600][44.794s][info][gc,marking     ] GC(122) Concurrent Clear Claimed Marks 0.287ms
[2026-04-03T01:40:07.948+0600][44.794s][info][gc,marking     ] GC(122) Concurrent Cleanup for Next Mark
[2026-04-03T01:40:07.948+0600][44.794s][info][gc,marking     ] GC(122) Concurrent Cleanup for Next Mark 0.330ms
[2026-04-03T01:40:07.948+0600][44.794s][info][gc             ] GC(122) Concurrent Undo Cycle 0.802ms
[2026-04-03T01:40:07.952+0600][44.798s][info][gc,start       ] GC(123) Pause Young (Concurrent Start) (G1 Humongous Allocation)
[2026-04-03T01:40:07.953+0600][44.799s][info][gc,task        ] GC(123) Using 10 workers of 10 for evacuation
[2026-04-03T01:40:07.957+0600][44.803s][info][gc,phases      ] GC(123)   Pre Evacuate Collection Set: 0.66ms
[2026-04-03T01:40:07.957+0600][44.803s][info][gc,phases      ] GC(123)   Merge Heap Roots: 0.25ms
[2026-04-03T01:40:07.957+0600][44.803s][info][gc,phases      ] GC(123)   Evacuate Collection Set: 2.76ms
[2026-04-03T01:40:07.957+0600][44.803s][info][gc,phases      ] GC(123)   Post Evacuate Collection Set: 0.72ms
[2026-04-03T01:40:07.957+0600][44.803s][info][gc,phases      ] GC(123)   Other: 0.20ms
[2026-04-03T01:40:07.957+0600][44.803s][info][gc,heap        ] GC(123) Eden regions: 4->0(344)
[2026-04-03T01:40:07.957+0600][44.803s][info][gc,heap        ] GC(123) Survivor regions: 4->4(44)
[2026-04-03T01:40:07.957+0600][44.803s][info][gc,heap        ] GC(123) Old regions: 46->46
[2026-04-03T01:40:07.957+0600][44.803s][info][gc,heap        ] GC(123) Humongous regions: 42->6
[2026-04-03T01:40:07.957+0600][44.803s][info][gc,metaspace   ] GC(123) Metaspace: 130847K(132416K)->130847K(132416K) NonClass: 114369K(115136K)->114369K(115136K) Class: 16478K(17280K)->16478K(17280K)
[2026-04-03T01:40:07.957+0600][44.804s][info][gc             ] GC(123) Pause Young (Concurrent Start) (G1 Humongous Allocation) 187M->108M(1160M) 5.048ms
[2026-04-03T01:40:07.957+0600][44.804s][info][gc             ] GC(124) Concurrent Undo Cycle
[2026-04-03T01:40:07.958+0600][44.804s][info][gc,cpu         ] GC(123) User=0.03s Sys=0.01s Real=0.00s
[2026-04-03T01:40:07.958+0600][44.804s][info][gc,marking     ] GC(124) Concurrent Clear Claimed Marks
[2026-04-03T01:40:07.958+0600][44.804s][info][gc,marking     ] GC(124) Concurrent Clear Claimed Marks 0.328ms
[2026-04-03T01:40:07.958+0600][44.804s][info][gc,marking     ] GC(124) Concurrent Cleanup for Next Mark
[2026-04-03T01:40:07.958+0600][44.804s][info][gc,marking     ] GC(124) Concurrent Cleanup for Next Mark 0.383ms
[2026-04-03T01:40:07.958+0600][44.804s][info][gc             ] GC(124) Concurrent Undo Cycle 0.914ms
[2026-04-03T01:40:07.962+0600][44.808s][info][gc,start       ] GC(125) Pause Young (Concurrent Start) (G1 Humongous Allocation)
[2026-04-03T01:40:07.962+0600][44.808s][info][gc,task        ] GC(125) Using 10 workers of 10 for evacuation
[2026-04-03T01:40:07.967+0600][44.813s][info][gc,phases      ] GC(125)   Pre Evacuate Collection Set: 1.34ms
[2026-04-03T01:40:07.967+0600][44.813s][info][gc,phases      ] GC(125)   Merge Heap Roots: 0.13ms
[2026-04-03T01:40:07.967+0600][44.813s][info][gc,phases      ] GC(125)   Evacuate Collection Set: 2.31ms
[2026-04-03T01:40:07.967+0600][44.813s][info][gc,phases      ] GC(125)   Post Evacuate Collection Set: 0.68ms
[2026-04-03T01:40:07.967+0600][44.813s][info][gc,phases      ] GC(125)   Other: 0.23ms
[2026-04-03T01:40:07.967+0600][44.813s][info][gc,heap        ] GC(125) Eden regions: 3->0(344)
[2026-04-03T01:40:07.967+0600][44.813s][info][gc,heap        ] GC(125) Survivor regions: 4->4(44)
[2026-04-03T01:40:07.967+0600][44.813s][info][gc,heap        ] GC(125) Old regions: 46->46
[2026-04-03T01:40:07.967+0600][44.813s][info][gc,heap        ] GC(125) Humongous regions: 42->9
[2026-04-03T01:40:07.967+0600][44.813s][info][gc,metaspace   ] GC(125) Metaspace: 130847K(132416K)->130847K(132416K) NonClass: 114369K(115136K)->114369K(115136K) Class: 16478K(17280K)->16478K(17280K)
[2026-04-03T01:40:07.967+0600][44.813s][info][gc             ] GC(125) Pause Young (Concurrent Start) (G1 Humongous Allocation) 186M->115M(1160M) 5.007ms
[2026-04-03T01:40:07.967+0600][44.813s][info][gc             ] GC(126) Concurrent Undo Cycle
[2026-04-03T01:40:07.967+0600][44.813s][info][gc,cpu         ] GC(125) User=0.03s Sys=0.00s Real=0.00s
[2026-04-03T01:40:07.967+0600][44.813s][info][gc,marking     ] GC(126) Concurrent Clear Claimed Marks
[2026-04-03T01:40:07.967+0600][44.813s][info][gc,marking     ] GC(126) Concurrent Clear Claimed Marks 0.313ms
[2026-04-03T01:40:07.967+0600][44.814s][info][gc,marking     ] GC(126) Concurrent Cleanup for Next Mark
[2026-04-03T01:40:07.968+0600][44.814s][info][gc,marking     ] GC(126) Concurrent Cleanup for Next Mark 0.395ms
[2026-04-03T01:40:07.968+0600][44.814s][info][gc             ] GC(126) Concurrent Undo Cycle 0.912ms
[2026-04-03T01:40:07.969+0600][44.815s][info][gc,start       ] GC(127) Pause Young (Concurrent Start) (G1 Humongous Allocation)
[2026-04-03T01:40:07.969+0600][44.815s][info][gc,task        ] GC(127) Using 10 workers of 10 for evacuation
[2026-04-03T01:40:07.972+0600][44.819s][info][gc,phases      ] GC(127)   Pre Evacuate Collection Set: 0.30ms
[2026-04-03T01:40:07.973+0600][44.819s][info][gc,phases      ] GC(127)   Merge Heap Roots: 0.14ms
[2026-04-03T01:40:07.973+0600][44.819s][info][gc,phases      ] GC(127)   Evacuate Collection Set: 2.29ms
[2026-04-03T01:40:07.973+0600][44.819s][info][gc,phases      ] GC(127)   Post Evacuate Collection Set: 0.57ms
[2026-04-03T01:40:07.973+0600][44.819s][info][gc,phases      ] GC(127)   Other: 0.13ms
[2026-04-03T01:40:07.973+0600][44.819s][info][gc,heap        ] GC(127) Eden regions: 2->0(344)
[2026-04-03T01:40:07.973+0600][44.819s][info][gc,heap        ] GC(127) Survivor regions: 4->4(44)
[2026-04-03T01:40:07.973+0600][44.819s][info][gc,heap        ] GC(127) Old regions: 46->47
[2026-04-03T01:40:07.973+0600][44.819s][info][gc,heap        ] GC(127) Humongous regions: 21->9
[2026-04-03T01:40:07.973+0600][44.819s][info][gc,metaspace   ] GC(127) Metaspace: 130847K(132416K)->130847K(132416K) NonClass: 114369K(115136K)->114369K(115136K) Class: 16478K(17280K)->16478K(17280K)
[2026-04-03T01:40:07.973+0600][44.819s][info][gc             ] GC(127) Pause Young (Concurrent Start) (G1 Humongous Allocation) 143M->115M(1160M) 3.696ms
[2026-04-03T01:40:07.973+0600][44.819s][info][gc             ] GC(128) Concurrent Mark Cycle
[2026-04-03T01:40:07.973+0600][44.819s][info][gc,cpu         ] GC(127) User=0.02s Sys=0.00s Real=0.01s
[2026-04-03T01:40:07.973+0600][44.819s][info][gc,marking     ] GC(128) Concurrent Scan Root Regions
[2026-04-03T01:40:07.977+0600][44.823s][info][gc,marking     ] GC(128) Concurrent Scan Root Regions 3.751ms
[2026-04-03T01:40:07.977+0600][44.823s][info][gc,marking     ] GC(128) Concurrent Mark
[2026-04-03T01:40:07.977+0600][44.823s][info][gc,marking     ] GC(128) Concurrent Mark From Roots
[2026-04-03T01:40:07.977+0600][44.823s][info][gc,task        ] GC(128) Using 3 workers of 3 for marking
[2026-04-03T01:40:08.091+0600][44.937s][info][gc,marking     ] GC(128) Concurrent Mark From Roots 113.962ms
[2026-04-03T01:40:08.091+0600][44.937s][info][gc,marking     ] GC(128) Concurrent Preclean
[2026-04-03T01:40:08.092+0600][44.938s][info][gc,marking     ] GC(128) Concurrent Preclean 0.876ms
[2026-04-03T01:40:08.094+0600][44.941s][info][gc,start       ] GC(128) Pause Remark
[2026-04-03T01:40:08.104+0600][44.950s][info][gc             ] GC(128) Pause Remark 606M->606M(1160M) 9.900ms
[2026-04-03T01:40:08.105+0600][44.951s][info][gc,cpu         ] GC(128) User=0.08s Sys=0.00s Real=0.01s
[2026-04-03T01:40:08.105+0600][44.951s][info][gc,marking     ] GC(128) Concurrent Mark 127.866ms
[2026-04-03T01:40:08.105+0600][44.951s][info][gc,marking     ] GC(128) Concurrent Rebuild Remembered Sets and Scrub Regions
[2026-04-03T01:40:08.150+0600][44.996s][info][gc,marking     ] GC(128) Concurrent Rebuild Remembered Sets and Scrub Regions 44.825ms
[2026-04-03T01:40:08.150+0600][44.996s][info][gc,start       ] GC(128) Pause Cleanup
[2026-04-03T01:40:08.150+0600][44.997s][info][gc             ] GC(128) Pause Cleanup 778M->778M(1160M) 0.347ms
[2026-04-03T01:40:08.151+0600][44.997s][info][gc,cpu         ] GC(128) User=0.00s Sys=0.00s Real=0.00s
[2026-04-03T01:40:08.151+0600][44.997s][info][gc,marking     ] GC(128) Concurrent Clear Claimed Marks
[2026-04-03T01:40:08.151+0600][44.997s][info][gc,marking     ] GC(128) Concurrent Clear Claimed Marks 0.362ms
[2026-04-03T01:40:08.151+0600][44.997s][info][gc,marking     ] GC(128) Concurrent Cleanup for Next Mark
[2026-04-03T01:40:08.159+0600][45.005s][info][gc,marking     ] GC(128) Concurrent Cleanup for Next Mark 7.418ms
[2026-04-03T01:40:08.159+0600][45.005s][info][gc             ] GC(128) Concurrent Mark Cycle 186.133ms
[2026-04-03T01:40:08.691+0600][45.537s][info][gc,start       ] GC(129) Pause Young (Prepare Mixed) (G1 Evacuation Pause)
[2026-04-03T01:40:08.691+0600][45.538s][info][gc,task        ] GC(129) Using 10 workers of 10 for evacuation
[2026-04-03T01:40:08.698+0600][45.545s][info][gc,phases      ] GC(129)   Pre Evacuate Collection Set: 0.33ms
[2026-04-03T01:40:08.699+0600][45.545s][info][gc,phases      ] GC(129)   Merge Heap Roots: 0.22ms
[2026-04-03T01:40:08.699+0600][45.545s][info][gc,phases      ] GC(129)   Evacuate Collection Set: 5.19ms
[2026-04-03T01:40:08.699+0600][45.545s][info][gc,phases      ] GC(129)   Post Evacuate Collection Set: 1.20ms
[2026-04-03T01:40:08.699+0600][45.545s][info][gc,phases      ] GC(129)   Other: 0.11ms
[2026-04-03T01:40:08.699+0600][45.545s][info][gc,heap        ] GC(129) Eden regions: 172->0(349)
[2026-04-03T01:40:08.699+0600][45.545s][info][gc,heap        ] GC(129) Survivor regions: 4->4(44)
[2026-04-03T01:40:08.699+0600][45.545s][info][gc,heap        ] GC(129) Old regions: 47->47
[2026-04-03T01:40:08.699+0600][45.545s][info][gc,heap        ] GC(129) Humongous regions: 362->3
[2026-04-03T01:40:08.699+0600][45.545s][info][gc,metaspace   ] GC(129) Metaspace: 130893K(132416K)->130893K(132416K) NonClass: 114414K(115136K)->114414K(115136K) Class: 16479K(17280K)->16479K(17280K)
[2026-04-03T01:40:08.699+0600][45.545s][info][gc             ] GC(129) Pause Young (Prepare Mixed) (G1 Evacuation Pause) 1165M->104M(1178M) 7.585ms
[2026-04-03T01:40:08.699+0600][45.545s][info][gc,cpu         ] GC(129) User=0.04s Sys=0.01s Real=0.00s
[2026-04-03T01:40:09.592+0600][46.439s][info][gc,start       ] GC(130) Pause Young (Mixed) (G1 Evacuation Pause)
[2026-04-03T01:40:09.593+0600][46.439s][info][gc,task        ] GC(130) Using 10 workers of 10 for evacuation
[2026-04-03T01:40:09.600+0600][46.446s][info][gc,phases      ] GC(130)   Pre Evacuate Collection Set: 0.45ms
[2026-04-03T01:40:09.600+0600][46.446s][info][gc,phases      ] GC(130)   Merge Heap Roots: 0.53ms
[2026-04-03T01:40:09.600+0600][46.446s][info][gc,phases      ] GC(130)   Evacuate Collection Set: 5.45ms
[2026-04-03T01:40:09.600+0600][46.446s][info][gc,phases      ] GC(130)   Post Evacuate Collection Set: 1.03ms
[2026-04-03T01:40:09.600+0600][46.446s][info][gc,phases      ] GC(130)   Other: 0.12ms
[2026-04-03T01:40:09.600+0600][46.446s][info][gc,heap        ] GC(130) Eden regions: 299->0(351)
[2026-04-03T01:40:09.600+0600][46.446s][info][gc,heap        ] GC(130) Survivor regions: 4->6(45)
[2026-04-03T01:40:09.600+0600][46.446s][info][gc,heap        ] GC(130) Old regions: 47->46
[2026-04-03T01:40:09.600+0600][46.446s][info][gc,heap        ] GC(130) Humongous regions: 239->3
[2026-04-03T01:40:09.600+0600][46.446s][info][gc,metaspace   ] GC(130) Metaspace: 130988K(132480K)->130988K(132480K) NonClass: 114495K(115200K)->114495K(115200K) Class: 16492K(17280K)->16492K(17280K)
[2026-04-03T01:40:09.600+0600][46.446s][info][gc             ] GC(130) Pause Young (Mixed) (G1 Evacuation Pause) 1174M->105M(1192M) 7.887ms
[2026-04-03T01:40:09.600+0600][46.447s][info][gc,cpu         ] GC(130) User=0.04s Sys=0.01s Real=0.01s
[2026-04-03T01:40:09.611+0600][46.457s][info][gc,start       ] GC(131) Pause Young (Concurrent Start) (G1 Humongous Allocation)
[2026-04-03T01:40:09.611+0600][46.457s][info][gc,task        ] GC(131) Using 10 workers of 10 for evacuation
[2026-04-03T01:40:09.617+0600][46.463s][info][gc,phases      ] GC(131)   Pre Evacuate Collection Set: 0.50ms
[2026-04-03T01:40:09.617+0600][46.463s][info][gc,phases      ] GC(131)   Merge Heap Roots: 0.26ms
[2026-04-03T01:40:09.617+0600][46.463s][info][gc,phases      ] GC(131)   Evacuate Collection Set: 3.47ms
[2026-04-03T01:40:09.617+0600][46.463s][info][gc,phases      ] GC(131)   Post Evacuate Collection Set: 0.76ms
[2026-04-03T01:40:09.617+0600][46.463s][info][gc,phases      ] GC(131)   Other: 0.20ms
[2026-04-03T01:40:09.617+0600][46.463s][info][gc,heap        ] GC(131) Eden regions: 5->0(316)
[2026-04-03T01:40:09.617+0600][46.463s][info][gc,heap        ] GC(131) Survivor regions: 6->6(45)
[2026-04-03T01:40:09.617+0600][46.463s][info][gc,heap        ] GC(131) Old regions: 46->46
[2026-04-03T01:40:09.617+0600][46.463s][info][gc,heap        ] GC(131) Humongous regions: 3->3
[2026-04-03T01:40:09.617+0600][46.463s][info][gc,metaspace   ] GC(131) Metaspace: 130988K(132480K)->130988K(132480K) NonClass: 114496K(115200K)->114496K(115200K) Class: 16492K(17280K)->16492K(17280K)
[2026-04-03T01:40:09.617+0600][46.463s][info][gc             ] GC(131) Pause Young (Concurrent Start) (G1 Humongous Allocation) 114M->105M(1192M) 5.733ms
[2026-04-03T01:40:09.617+0600][46.463s][info][gc             ] GC(132) Concurrent Mark Cycle
[2026-04-03T01:40:09.617+0600][46.463s][info][gc,marking     ] GC(132) Concurrent Scan Root Regions
[2026-04-03T01:40:09.617+0600][46.463s][info][gc,cpu         ] GC(131) User=0.03s Sys=0.01s Real=0.00s
[2026-04-03T01:40:09.621+0600][46.467s][info][gc,marking     ] GC(132) Concurrent Scan Root Regions 3.464ms
[2026-04-03T01:40:09.621+0600][46.467s][info][gc,marking     ] GC(132) Concurrent Mark
[2026-04-03T01:40:09.621+0600][46.467s][info][gc,marking     ] GC(132) Concurrent Mark From Roots
[2026-04-03T01:40:09.621+0600][46.467s][info][gc,task        ] GC(132) Using 3 workers of 3 for marking
[2026-04-03T01:40:09.726+0600][46.573s][info][gc,marking     ] GC(132) Concurrent Mark From Roots 105.604ms
[2026-04-03T01:40:09.727+0600][46.573s][info][gc,marking     ] GC(132) Concurrent Preclean
[2026-04-03T01:40:09.727+0600][46.573s][info][gc,marking     ] GC(132) Concurrent Preclean 0.817ms
[2026-04-03T01:40:09.728+0600][46.574s][info][gc,start       ] GC(132) Pause Remark
[2026-04-03T01:40:09.739+0600][46.585s][info][gc             ] GC(132) Pause Remark 198M->198M(468M) 10.749ms
[2026-04-03T01:40:09.739+0600][46.585s][info][gc,cpu         ] GC(132) User=0.08s Sys=0.01s Real=0.01s
[2026-04-03T01:40:09.739+0600][46.585s][info][gc,marking     ] GC(132) Concurrent Mark 118.407ms
[2026-04-03T01:40:09.739+0600][46.585s][info][gc,marking     ] GC(132) Concurrent Rebuild Remembered Sets and Scrub Regions
[2026-04-03T01:40:09.783+0600][46.629s][info][gc,marking     ] GC(132) Concurrent Rebuild Remembered Sets and Scrub Regions 43.437ms
[2026-04-03T01:40:09.783+0600][46.629s][info][gc,start       ] GC(132) Pause Cleanup
[2026-04-03T01:40:09.784+0600][46.630s][info][gc             ] GC(132) Pause Cleanup 222M->222M(468M) 0.396ms
[2026-04-03T01:40:09.784+0600][46.630s][info][gc,cpu         ] GC(132) User=0.00s Sys=0.00s Real=0.00s
[2026-04-03T01:40:09.784+0600][46.630s][info][gc,marking     ] GC(132) Concurrent Clear Claimed Marks
[2026-04-03T01:40:09.784+0600][46.630s][info][gc,marking     ] GC(132) Concurrent Clear Claimed Marks 0.460ms
[2026-04-03T01:40:09.784+0600][46.630s][info][gc,marking     ] GC(132) Concurrent Cleanup for Next Mark
[2026-04-03T01:40:09.786+0600][46.632s][info][gc,marking     ] GC(132) Concurrent Cleanup for Next Mark 1.463ms
[2026-04-03T01:40:09.786+0600][46.632s][info][gc             ] GC(132) Concurrent Mark Cycle 168.760ms
[2026-04-03T01:40:10.021+0600][46.867s][info][gc,start       ] GC(133) Pause Young (Prepare Mixed) (G1 Evacuation Pause)
[2026-04-03T01:40:10.021+0600][46.867s][info][gc,task        ] GC(133) Using 10 workers of 10 for evacuation
[2026-04-03T01:40:10.026+0600][46.872s][info][gc,phases      ] GC(133)   Pre Evacuate Collection Set: 0.40ms
[2026-04-03T01:40:10.026+0600][46.872s][info][gc,phases      ] GC(133)   Merge Heap Roots: 0.28ms
[2026-04-03T01:40:10.026+0600][46.872s][info][gc,phases      ] GC(133)   Evacuate Collection Set: 3.48ms
[2026-04-03T01:40:10.026+0600][46.872s][info][gc,phases      ] GC(133)   Post Evacuate Collection Set: 0.62ms
[2026-04-03T01:40:10.026+0600][46.872s][info][gc,phases      ] GC(133)   Other: 0.10ms
[2026-04-03T01:40:10.026+0600][46.872s][info][gc,heap        ] GC(133) Eden regions: 134->0(118)
[2026-04-03T01:40:10.026+0600][46.872s][info][gc,heap        ] GC(133) Survivor regions: 6->4(18)
[2026-04-03T01:40:10.026+0600][46.872s][info][gc,heap        ] GC(133) Old regions: 46->47
[2026-04-03T01:40:10.026+0600][46.872s][info][gc,heap        ] GC(133) Humongous regions: 48->3
[2026-04-03T01:40:10.026+0600][46.872s][info][gc,metaspace   ] GC(133) Metaspace: 130988K(132480K)->130988K(132480K) NonClass: 114496K(115200K)->114496K(115200K) Class: 16492K(17280K)->16492K(17280K)
[2026-04-03T01:40:10.026+0600][46.872s][info][gc             ] GC(133) Pause Young (Prepare Mixed) (G1 Evacuation Pause) 463M->102M(478M) 5.129ms
[2026-04-03T01:40:10.026+0600][46.872s][info][gc,cpu         ] GC(133) User=0.03s Sys=0.01s Real=0.00s
[2026-04-03T01:40:10.156+0600][47.002s][info][gc,start       ] GC(134) Pause Young (Mixed) (G1 Evacuation Pause)
[2026-04-03T01:40:10.156+0600][47.002s][info][gc,task        ] GC(134) Using 10 workers of 10 for evacuation
[2026-04-03T01:40:10.160+0600][47.006s][info][gc,phases      ] GC(134)   Pre Evacuate Collection Set: 0.46ms
[2026-04-03T01:40:10.160+0600][47.007s][info][gc,phases      ] GC(134)   Merge Heap Roots: 0.20ms
[2026-04-03T01:40:10.160+0600][47.007s][info][gc,phases      ] GC(134)   Evacuate Collection Set: 3.20ms
[2026-04-03T01:40:10.160+0600][47.007s][info][gc,phases      ] GC(134)   Post Evacuate Collection Set: 0.78ms
[2026-04-03T01:40:10.161+0600][47.007s][info][gc,phases      ] GC(134)   Other: 0.10ms
[2026-04-03T01:40:10.161+0600][47.007s][info][gc,heap        ] GC(134) Eden regions: 27->0(138)
[2026-04-03T01:40:10.161+0600][47.007s][info][gc,heap        ] GC(134) Survivor regions: 4->3(16)
[2026-04-03T01:40:10.161+0600][47.007s][info][gc,heap        ] GC(134) Old regions: 47->45
[2026-04-03T01:40:10.161+0600][47.007s][info][gc,heap        ] GC(134) Humongous regions: 186->6
[2026-04-03T01:40:10.161+0600][47.007s][info][gc,metaspace   ] GC(134) Metaspace: 130989K(132480K)->130989K(132480K) NonClass: 114497K(115200K)->114497K(115200K) Class: 16492K(17280K)->16492K(17280K)
[2026-04-03T01:40:10.161+0600][47.007s][info][gc             ] GC(134) Pause Young (Mixed) (G1 Evacuation Pause) 522M->105M(534M) 5.073ms
[2026-04-03T01:40:10.161+0600][47.007s][info][gc,cpu         ] GC(134) User=0.03s Sys=0.00s Real=0.01s
[2026-04-03T01:40:10.162+0600][47.008s][info][gc,start       ] GC(135) Pause Young (Concurrent Start) (G1 Humongous Allocation)
[2026-04-03T01:40:10.162+0600][47.008s][info][gc,task        ] GC(135) Using 10 workers of 10 for evacuation
[2026-04-03T01:40:10.169+0600][47.015s][info][gc,phases      ] GC(135)   Pre Evacuate Collection Set: 0.31ms
[2026-04-03T01:40:10.169+0600][47.015s][info][gc,phases      ] GC(135)   Merge Heap Roots: 0.11ms
[2026-04-03T01:40:10.169+0600][47.015s][info][gc,phases      ] GC(135)   Evacuate Collection Set: 3.27ms
[2026-04-03T01:40:10.169+0600][47.016s][info][gc,phases      ] GC(135)   Post Evacuate Collection Set: 3.70ms
[2026-04-03T01:40:10.169+0600][47.016s][info][gc,phases      ] GC(135)   Other: 0.20ms
[2026-04-03T01:40:10.169+0600][47.016s][info][gc,heap        ] GC(135) Eden regions: 1->0(455)
[2026-04-03T01:40:10.169+0600][47.016s][info][gc,heap        ] GC(135) Survivor regions: 3->3(18)
[2026-04-03T01:40:10.169+0600][47.016s][info][gc,heap        ] GC(135) Old regions: 45->45
[2026-04-03T01:40:10.169+0600][47.016s][info][gc,heap        ] GC(135) Humongous regions: 6->3
[2026-04-03T01:40:10.169+0600][47.016s][info][gc,metaspace   ] GC(135) Metaspace: 130990K(132480K)->130990K(132480K) NonClass: 114498K(115200K)->114498K(115200K) Class: 16492K(17280K)->16492K(17280K)
[2026-04-03T01:40:10.170+0600][47.016s][info][gc             ] GC(135) Pause Young (Concurrent Start) (G1 Humongous Allocation) 106M->99M(1528M) 7.912ms
[2026-04-03T01:40:10.170+0600][47.016s][info][gc             ] GC(136) Concurrent Undo Cycle
[2026-04-03T01:40:10.170+0600][47.016s][info][gc,cpu         ] GC(135) User=0.03s Sys=0.01s Real=0.00s
[2026-04-03T01:40:10.170+0600][47.016s][info][gc,marking     ] GC(136) Concurrent Clear Claimed Marks
[2026-04-03T01:40:10.170+0600][47.016s][info][gc,marking     ] GC(136) Concurrent Clear Claimed Marks 0.335ms
[2026-04-03T01:40:10.170+0600][47.016s][info][gc,marking     ] GC(136) Concurrent Cleanup for Next Mark
[2026-04-03T01:40:10.171+0600][47.017s][info][gc,marking     ] GC(136) Concurrent Cleanup for Next Mark 0.440ms
[2026-04-03T01:40:10.171+0600][47.017s][info][gc             ] GC(136) Concurrent Undo Cycle 1.022ms
[2026-04-03T01:40:10.172+0600][47.018s][info][gc,start       ] GC(137) Pause Young (Concurrent Start) (G1 Humongous Allocation)
[2026-04-03T01:40:10.172+0600][47.018s][info][gc,task        ] GC(137) Using 10 workers of 10 for evacuation
[2026-04-03T01:40:10.176+0600][47.022s][info][gc,phases      ] GC(137)   Pre Evacuate Collection Set: 0.47ms
[2026-04-03T01:40:10.176+0600][47.022s][info][gc,phases      ] GC(137)   Merge Heap Roots: 0.11ms
[2026-04-03T01:40:10.176+0600][47.022s][info][gc,phases      ] GC(137)   Evacuate Collection Set: 2.47ms
[2026-04-03T01:40:10.176+0600][47.022s][info][gc,phases      ] GC(137)   Post Evacuate Collection Set: 0.63ms
[2026-04-03T01:40:10.176+0600][47.022s][info][gc,phases      ] GC(137)   Other: 0.16ms
[2026-04-03T01:40:10.176+0600][47.022s][info][gc,heap        ] GC(137) Eden regions: 1->0(455)
[2026-04-03T01:40:10.176+0600][47.022s][info][gc,heap        ] GC(137) Survivor regions: 3->3(58)
[2026-04-03T01:40:10.176+0600][47.022s][info][gc,heap        ] GC(137) Old regions: 45->45
[2026-04-03T01:40:10.176+0600][47.022s][info][gc,heap        ] GC(137) Humongous regions: 9->3
[2026-04-03T01:40:10.176+0600][47.022s][info][gc,metaspace   ] GC(137) Metaspace: 130990K(132480K)->130990K(132480K) NonClass: 114498K(115200K)->114498K(115200K) Class: 16492K(17280K)->16492K(17280K)
[2026-04-03T01:40:10.176+0600][47.022s][info][gc             ] GC(137) Pause Young (Concurrent Start) (G1 Humongous Allocation) 112M->99M(1528M) 4.179ms
[2026-04-03T01:40:10.176+0600][47.022s][info][gc,cpu         ] GC(137) User=0.03s Sys=0.00s Real=0.00s
[2026-04-03T01:40:10.176+0600][47.022s][info][gc             ] GC(138) Concurrent Mark Cycle
[2026-04-03T01:40:10.176+0600][47.022s][info][gc,marking     ] GC(138) Concurrent Scan Root Regions
[2026-04-03T01:40:10.180+0600][47.027s][info][gc,marking     ] GC(138) Concurrent Scan Root Regions 4.375ms
[2026-04-03T01:40:10.181+0600][47.027s][info][gc,marking     ] GC(138) Concurrent Mark
[2026-04-03T01:40:10.181+0600][47.027s][info][gc,marking     ] GC(138) Concurrent Mark From Roots
[2026-04-03T01:40:10.181+0600][47.027s][info][gc,task        ] GC(138) Using 3 workers of 3 for marking
[2026-04-03T01:40:10.299+0600][47.145s][info][gc,marking     ] GC(138) Concurrent Mark From Roots 118.690ms
[2026-04-03T01:40:10.299+0600][47.145s][info][gc,marking     ] GC(138) Concurrent Preclean
[2026-04-03T01:40:10.300+0600][47.146s][info][gc,marking     ] GC(138) Concurrent Preclean 0.897ms
[2026-04-03T01:40:10.301+0600][47.147s][info][gc,start       ] GC(138) Pause Remark
[2026-04-03T01:40:10.311+0600][47.157s][info][gc             ] GC(138) Pause Remark 357M->357M(1028M) 9.292ms
[2026-04-03T01:40:10.311+0600][47.157s][info][gc,cpu         ] GC(138) User=0.07s Sys=0.00s Real=0.01s
[2026-04-03T01:40:10.311+0600][47.157s][info][gc,marking     ] GC(138) Concurrent Mark 130.479ms
[2026-04-03T01:40:10.311+0600][47.157s][info][gc,marking     ] GC(138) Concurrent Rebuild Remembered Sets and Scrub Regions
[2026-04-03T01:40:10.348+0600][47.195s][info][gc,marking     ] GC(138) Concurrent Rebuild Remembered Sets and Scrub Regions 37.343ms
[2026-04-03T01:40:10.352+0600][47.198s][info][gc,start       ] GC(138) Pause Cleanup
[2026-04-03T01:40:10.352+0600][47.198s][info][gc             ] GC(138) Pause Cleanup 605M->605M(1028M) 0.418ms
[2026-04-03T01:40:10.352+0600][47.199s][info][gc,cpu         ] GC(138) User=0.00s Sys=0.00s Real=0.00s
[2026-04-03T01:40:10.353+0600][47.199s][info][gc,marking     ] GC(138) Concurrent Clear Claimed Marks
[2026-04-03T01:40:10.353+0600][47.199s][info][gc,marking     ] GC(138) Concurrent Clear Claimed Marks 0.396ms
[2026-04-03T01:40:10.353+0600][47.199s][info][gc,marking     ] GC(138) Concurrent Cleanup for Next Mark
[2026-04-03T01:40:10.358+0600][47.204s][info][gc,marking     ] GC(138) Concurrent Cleanup for Next Mark 4.656ms
[2026-04-03T01:40:10.358+0600][47.204s][info][gc             ] GC(138) Concurrent Mark Cycle 181.722ms
[2026-04-03T01:40:11.059+0600][47.905s][info][gc,start       ] GC(139) Pause Young (Prepare Mixed) (G1 Evacuation Pause)
[2026-04-03T01:40:11.059+0600][47.905s][info][gc,task        ] GC(139) Using 10 workers of 10 for evacuation
[2026-04-03T01:40:11.068+0600][47.914s][info][gc,phases      ] GC(139)   Pre Evacuate Collection Set: 0.41ms
[2026-04-03T01:40:11.068+0600][47.914s][info][gc,phases      ] GC(139)   Merge Heap Roots: 0.24ms
[2026-04-03T01:40:11.068+0600][47.915s][info][gc,phases      ] GC(139)   Evacuate Collection Set: 6.91ms
[2026-04-03T01:40:11.068+0600][47.915s][info][gc,phases      ] GC(139)   Post Evacuate Collection Set: 1.77ms
[2026-04-03T01:40:11.068+0600][47.915s][info][gc,phases      ] GC(139)   Other: 0.14ms
[2026-04-03T01:40:11.068+0600][47.915s][info][gc,heap        ] GC(139) Eden regions: 172->0(307)
[2026-04-03T01:40:11.068+0600][47.915s][info][gc,heap        ] GC(139) Survivor regions: 3->5(39)
[2026-04-03T01:40:11.068+0600][47.915s][info][gc,heap        ] GC(139) Old regions: 45->46
[2026-04-03T01:40:11.068+0600][47.915s][info][gc,heap        ] GC(139) Humongous regions: 294->3
[2026-04-03T01:40:11.069+0600][47.915s][info][gc,metaspace   ] GC(139) Metaspace: 131027K(132544K)->131027K(132544K) NonClass: 114534K(115264K)->114534K(115264K) Class: 16492K(17280K)->16492K(17280K)
[2026-04-03T01:40:11.069+0600][47.915s][info][gc             ] GC(139) Pause Young (Prepare Mixed) (G1 Evacuation Pause) 1025M->103M(1040M) 9.864ms
[2026-04-03T01:40:11.069+0600][47.915s][info][gc,cpu         ] GC(139) User=0.04s Sys=0.03s Real=0.01s
[2026-04-03T01:40:11.870+0600][48.716s][info][gc,start       ] GC(140) Pause Young (Mixed) (G1 Evacuation Pause)
[2026-04-03T01:40:11.870+0600][48.716s][info][gc,task        ] GC(140) Using 10 workers of 10 for evacuation
[2026-04-03T01:40:11.876+0600][48.722s][info][gc,phases      ] GC(140)   Pre Evacuate Collection Set: 0.33ms
[2026-04-03T01:40:11.876+0600][48.722s][info][gc,phases      ] GC(140)   Merge Heap Roots: 0.20ms
[2026-04-03T01:40:11.876+0600][48.722s][info][gc,phases      ] GC(140)   Evacuate Collection Set: 4.93ms
[2026-04-03T01:40:11.876+0600][48.722s][info][gc,phases      ] GC(140)   Post Evacuate Collection Set: 0.84ms
[2026-04-03T01:40:11.876+0600][48.722s][info][gc,phases      ] GC(140)   Other: 0.10ms
[2026-04-03T01:40:11.876+0600][48.722s][info][gc,heap        ] GC(140) Eden regions: 257->0(310)
[2026-04-03T01:40:11.876+0600][48.722s][info][gc,heap        ] GC(140) Survivor regions: 5->5(39)
[2026-04-03T01:40:11.876+0600][48.722s][info][gc,heap        ] GC(140) Old regions: 46->44
[2026-04-03T01:40:11.876+0600][48.722s][info][gc,heap        ] GC(140) Humongous regions: 212->3
[2026-04-03T01:40:11.876+0600][48.722s][info][gc,metaspace   ] GC(140) Metaspace: 131044K(132544K)->131044K(132544K) NonClass: 114552K(115264K)->114552K(115264K) Class: 16492K(17280K)->16492K(17280K)
[2026-04-03T01:40:11.876+0600][48.722s][info][gc             ] GC(140) Pause Young (Mixed) (G1 Evacuation Pause) 1035M->101M(1050M) 6.658ms
[2026-04-03T01:40:11.876+0600][48.723s][info][gc,cpu         ] GC(140) User=0.04s Sys=0.01s Real=0.00s
[2026-04-03T01:40:11.918+0600][48.764s][info][gc,start       ] GC(141) Pause Young (Concurrent Start) (G1 Humongous Allocation)
[2026-04-03T01:40:11.918+0600][48.764s][info][gc,task        ] GC(141) Using 10 workers of 10 for evacuation
[2026-04-03T01:40:11.923+0600][48.769s][info][gc,phases      ] GC(141)   Pre Evacuate Collection Set: 0.51ms
[2026-04-03T01:40:11.923+0600][48.769s][info][gc,phases      ] GC(141)   Merge Heap Roots: 0.20ms
[2026-04-03T01:40:11.923+0600][48.769s][info][gc,phases      ] GC(141)   Evacuate Collection Set: 2.99ms
[2026-04-03T01:40:11.923+0600][48.769s][info][gc,phases      ] GC(141)   Post Evacuate Collection Set: 0.76ms
[2026-04-03T01:40:11.923+0600][48.769s][info][gc,phases      ] GC(141)   Other: 0.17ms
[2026-04-03T01:40:11.923+0600][48.769s][info][gc,heap        ] GC(141) Eden regions: 17->0(311)
[2026-04-03T01:40:11.923+0600][48.769s][info][gc,heap        ] GC(141) Survivor regions: 5->4(40)
[2026-04-03T01:40:11.923+0600][48.769s][info][gc,heap        ] GC(141) Old regions: 44->45
[2026-04-03T01:40:11.923+0600][48.769s][info][gc,heap        ] GC(141) Humongous regions: 3->3
[2026-04-03T01:40:11.923+0600][48.769s][info][gc,metaspace   ] GC(141) Metaspace: 131048K(132544K)->131048K(132544K) NonClass: 114555K(115264K)->114555K(115264K) Class: 16492K(17280K)->16492K(17280K)
[2026-04-03T01:40:11.923+0600][48.769s][info][gc             ] GC(141) Pause Young (Concurrent Start) (G1 Humongous Allocation) 135M->100M(1050M) 4.992ms
[2026-04-03T01:40:11.923+0600][48.769s][info][gc,cpu         ] GC(141) User=0.04s Sys=0.00s Real=0.01s
[2026-04-03T01:40:11.923+0600][48.769s][info][gc             ] GC(142) Concurrent Mark Cycle
[2026-04-03T01:40:11.923+0600][48.769s][info][gc,marking     ] GC(142) Concurrent Scan Root Regions
[2026-04-03T01:40:11.930+0600][48.776s][info][gc,marking     ] GC(142) Concurrent Scan Root Regions 6.462ms
[2026-04-03T01:40:11.930+0600][48.776s][info][gc,marking     ] GC(142) Concurrent Mark
[2026-04-03T01:40:11.930+0600][48.776s][info][gc,marking     ] GC(142) Concurrent Mark From Roots
[2026-04-03T01:40:11.930+0600][48.776s][info][gc,task        ] GC(142) Using 3 workers of 3 for marking
[2026-04-03T01:40:12.026+0600][48.873s][info][gc,marking     ] GC(142) Concurrent Mark From Roots 96.757ms
[2026-04-03T01:40:12.027+0600][48.873s][info][gc,marking     ] GC(142) Concurrent Preclean
[2026-04-03T01:40:12.027+0600][48.873s][info][gc,marking     ] GC(142) Concurrent Preclean 0.534ms
[2026-04-03T01:40:12.027+0600][48.874s][info][gc,start       ] GC(142) Pause Remark
[2026-04-03T01:40:12.037+0600][48.883s][info][gc             ] GC(142) Pause Remark 169M->169M(448M) 9.436ms
[2026-04-03T01:40:12.037+0600][48.883s][info][gc,cpu         ] GC(142) User=0.06s Sys=0.00s Real=0.01s
[2026-04-03T01:40:12.037+0600][48.883s][info][gc,marking     ] GC(142) Concurrent Mark 107.548ms
[2026-04-03T01:40:12.037+0600][48.883s][info][gc,marking     ] GC(142) Concurrent Rebuild Remembered Sets and Scrub Regions
[2026-04-03T01:40:12.070+0600][48.916s][info][gc,marking     ] GC(142) Concurrent Rebuild Remembered Sets and Scrub Regions 32.372ms
[2026-04-03T01:40:12.070+0600][48.916s][info][gc,start       ] GC(142) Pause Cleanup
[2026-04-03T01:40:12.071+0600][48.917s][info][gc             ] GC(142) Pause Cleanup 174M->174M(448M) 0.385ms
[2026-04-03T01:40:12.071+0600][48.917s][info][gc,cpu         ] GC(142) User=0.00s Sys=0.00s Real=0.00s
[2026-04-03T01:40:12.071+0600][48.917s][info][gc,marking     ] GC(142) Concurrent Clear Claimed Marks
[2026-04-03T01:40:12.071+0600][48.917s][info][gc,marking     ] GC(142) Concurrent Clear Claimed Marks 0.347ms
[2026-04-03T01:40:12.071+0600][48.917s][info][gc,marking     ] GC(142) Concurrent Cleanup for Next Mark
[2026-04-03T01:40:12.072+0600][48.918s][info][gc,marking     ] GC(142) Concurrent Cleanup for Next Mark 0.604ms
[2026-04-03T01:40:12.072+0600][48.918s][info][gc             ] GC(142) Concurrent Mark Cycle 148.736ms
[2026-04-03T01:40:12.334+0600][49.180s][info][gc,start       ] GC(143) Pause Young (Prepare Mixed) (G1 Evacuation Pause)
[2026-04-03T01:40:12.334+0600][49.180s][info][gc,task        ] GC(143) Using 10 workers of 10 for evacuation
[2026-04-03T01:40:12.340+0600][49.186s][info][gc,phases      ] GC(143)   Pre Evacuate Collection Set: 0.33ms
[2026-04-03T01:40:12.340+0600][49.186s][info][gc,phases      ] GC(143)   Merge Heap Roots: 0.19ms
[2026-04-03T01:40:12.340+0600][49.186s][info][gc,phases      ] GC(143)   Evacuate Collection Set: 4.46ms
[2026-04-03T01:40:12.340+0600][49.186s][info][gc,phases      ] GC(143)   Post Evacuate Collection Set: 0.68ms
[2026-04-03T01:40:12.340+0600][49.186s][info][gc,phases      ] GC(143)   Other: 0.11ms
[2026-04-03T01:40:12.340+0600][49.186s][info][gc,heap        ] GC(143) Eden regions: 116->0(133)
[2026-04-03T01:40:12.340+0600][49.186s][info][gc,heap        ] GC(143) Survivor regions: 4->4(17)
[2026-04-03T01:40:12.340+0600][49.186s][info][gc,heap        ] GC(143) Old regions: 45->46
[2026-04-03T01:40:12.340+0600][49.186s][info][gc,heap        ] GC(143) Humongous regions: 59->3
[2026-04-03T01:40:12.340+0600][49.186s][info][gc,metaspace   ] GC(143) Metaspace: 131065K(132544K)->131065K(132544K) NonClass: 114572K(115264K)->114572K(115264K) Class: 16492K(17280K)->16492K(17280K)
[2026-04-03T01:40:12.340+0600][49.186s][info][gc             ] GC(143) Pause Young (Prepare Mixed) (G1 Evacuation Pause) 444M->101M(458M) 6.080ms
[2026-04-03T01:40:12.340+0600][49.186s][info][gc,cpu         ] GC(143) User=0.03s Sys=0.02s Real=0.01s
[2026-04-03T01:40:12.514+0600][49.360s][info][gc,start       ] GC(144) Pause Young (Mixed) (G1 Evacuation Pause)
[2026-04-03T01:40:12.514+0600][49.360s][info][gc,task        ] GC(144) Using 10 workers of 10 for evacuation
[2026-04-03T01:40:12.519+0600][49.365s][info][gc,phases      ] GC(144)   Pre Evacuate Collection Set: 0.27ms
[2026-04-03T01:40:12.519+0600][49.365s][info][gc,phases      ] GC(144)   Merge Heap Roots: 0.11ms
[2026-04-03T01:40:12.519+0600][49.365s][info][gc,phases      ] GC(144)   Evacuate Collection Set: 4.03ms
[2026-04-03T01:40:12.519+0600][49.365s][info][gc,phases      ] GC(144)   Post Evacuate Collection Set: 0.59ms
[2026-04-03T01:40:12.519+0600][49.365s][info][gc,phases      ] GC(144)   Other: 0.09ms
[2026-04-03T01:40:12.519+0600][49.365s][info][gc,heap        ] GC(144) Eden regions: 72->0(156)
[2026-04-03T01:40:12.519+0600][49.365s][info][gc,heap        ] GC(144) Survivor regions: 4->6(18)
[2026-04-03T01:40:12.519+0600][49.365s][info][gc,heap        ] GC(144) Old regions: 46->44
[2026-04-03T01:40:12.519+0600][49.365s][info][gc,heap        ] GC(144) Humongous regions: 143->12
[2026-04-03T01:40:12.519+0600][49.365s][info][gc,metaspace   ] GC(144) Metaspace: 131067K(132544K)->131067K(132544K) NonClass: 114574K(115264K)->114574K(115264K) Class: 16492K(17280K)->16492K(17280K)
[2026-04-03T01:40:12.519+0600][49.365s][info][gc             ] GC(144) Pause Young (Mixed) (G1 Evacuation Pause) 525M->120M(542M) 5.367ms
[2026-04-03T01:40:12.519+0600][49.365s][info][gc,cpu         ] GC(144) User=0.03s Sys=0.01s Real=0.00s
[2026-04-03T01:40:12.520+0600][49.366s][info][gc,start       ] GC(145) Pause Young (Concurrent Start) (G1 Humongous Allocation)
[2026-04-03T01:40:12.520+0600][49.366s][info][gc,task        ] GC(145) Using 10 workers of 10 for evacuation
[2026-04-03T01:40:12.523+0600][49.370s][info][gc,phases      ] GC(145)   Pre Evacuate Collection Set: 0.28ms
[2026-04-03T01:40:12.523+0600][49.370s][info][gc,phases      ] GC(145)   Merge Heap Roots: 0.07ms
[2026-04-03T01:40:12.523+0600][49.370s][info][gc,phases      ] GC(145)   Evacuate Collection Set: 2.44ms
[2026-04-03T01:40:12.523+0600][49.370s][info][gc,phases      ] GC(145)   Post Evacuate Collection Set: 0.45ms
[2026-04-03T01:40:12.524+0600][49.370s][info][gc,phases      ] GC(145)   Other: 0.09ms
[2026-04-03T01:40:12.524+0600][49.370s][info][gc,heap        ] GC(145) Eden regions: 2->0(156)
[2026-04-03T01:40:12.524+0600][49.370s][info][gc,heap        ] GC(145) Survivor regions: 6->6(21)
[2026-04-03T01:40:12.524+0600][49.370s][info][gc,heap        ] GC(145) Old regions: 44->44
[2026-04-03T01:40:12.524+0600][49.370s][info][gc,heap        ] GC(145) Humongous regions: 12->3
[2026-04-03T01:40:12.524+0600][49.370s][info][gc,metaspace   ] GC(145) Metaspace: 131067K(132544K)->131067K(132544K) NonClass: 114574K(115264K)->114574K(115264K) Class: 16492K(17280K)->16492K(17280K)
[2026-04-03T01:40:12.524+0600][49.370s][info][gc             ] GC(145) Pause Young (Concurrent Start) (G1 Humongous Allocation) 123M->102M(542M) 3.582ms
[2026-04-03T01:40:12.524+0600][49.370s][info][gc             ] GC(146) Concurrent Mark Cycle
[2026-04-03T01:40:12.524+0600][49.370s][info][gc,marking     ] GC(146) Concurrent Scan Root Regions
[2026-04-03T01:40:12.524+0600][49.370s][info][gc,cpu         ] GC(145) User=0.02s Sys=0.00s Real=0.00s
[2026-04-03T01:40:12.526+0600][49.372s][info][gc,marking     ] GC(146) Concurrent Scan Root Regions 2.085ms
[2026-04-03T01:40:12.526+0600][49.372s][info][gc,marking     ] GC(146) Concurrent Mark
[2026-04-03T01:40:12.526+0600][49.372s][info][gc,marking     ] GC(146) Concurrent Mark From Roots
[2026-04-03T01:40:12.526+0600][49.372s][info][gc,task        ] GC(146) Using 3 workers of 3 for marking
[2026-04-03T01:40:12.626+0600][49.472s][info][gc,marking     ] GC(146) Concurrent Mark From Roots 99.701ms
[2026-04-03T01:40:12.626+0600][49.472s][info][gc,marking     ] GC(146) Concurrent Preclean
[2026-04-03T01:40:12.626+0600][49.472s][info][gc,marking     ] GC(146) Concurrent Preclean 0.636ms
[2026-04-03T01:40:12.627+0600][49.473s][info][gc,start       ] GC(146) Pause Remark
[2026-04-03T01:40:12.636+0600][49.482s][info][gc             ] GC(146) Pause Remark 338M->338M(542M) 9.303ms
[2026-04-03T01:40:12.636+0600][49.482s][info][gc,cpu         ] GC(146) User=0.07s Sys=0.00s Real=0.01s
[2026-04-03T01:40:12.636+0600][49.482s][info][gc,marking     ] GC(146) Concurrent Mark 110.450ms
[2026-04-03T01:40:12.636+0600][49.482s][info][gc,marking     ] GC(146) Concurrent Rebuild Remembered Sets and Scrub Regions
[2026-04-03T01:40:12.670+0600][49.516s][info][gc,marking     ] GC(146) Concurrent Rebuild Remembered Sets and Scrub Regions 33.843ms
[2026-04-03T01:40:12.673+0600][49.519s][info][gc,start       ] GC(146) Pause Cleanup
[2026-04-03T01:40:12.673+0600][49.519s][info][gc             ] GC(146) Pause Cleanup 497M->497M(542M) 0.430ms
[2026-04-03T01:40:12.673+0600][49.519s][info][gc,cpu         ] GC(146) User=0.00s Sys=0.00s Real=0.00s
[2026-04-03T01:40:12.674+0600][49.520s][info][gc,marking     ] GC(146) Concurrent Clear Claimed Marks
[2026-04-03T01:40:12.674+0600][49.520s][info][gc,marking     ] GC(146) Concurrent Clear Claimed Marks 0.395ms
[2026-04-03T01:40:12.674+0600][49.520s][info][gc,marking     ] GC(146) Concurrent Cleanup for Next Mark
[2026-04-03T01:40:12.675+0600][49.521s][info][gc,marking     ] GC(146) Concurrent Cleanup for Next Mark 1.438ms
[2026-04-03T01:40:12.675+0600][49.522s][info][gc             ] GC(146) Concurrent Mark Cycle 151.818ms
[2026-04-03T01:40:12.701+0600][49.548s][info][gc,start       ] GC(147) Pause Young (Prepare Mixed) (G1 Evacuation Pause)
[2026-04-03T01:40:12.702+0600][49.548s][info][gc,task        ] GC(147) Using 10 workers of 10 for evacuation
[2026-04-03T01:40:12.708+0600][49.554s][info][gc,phases      ] GC(147)   Pre Evacuate Collection Set: 0.42ms
[2026-04-03T01:40:12.708+0600][49.554s][info][gc,phases      ] GC(147)   Merge Heap Roots: 0.16ms
[2026-04-03T01:40:12.708+0600][49.554s][info][gc,phases      ] GC(147)   Evacuate Collection Set: 4.50ms
[2026-04-03T01:40:12.708+0600][49.554s][info][gc,phases      ] GC(147)   Post Evacuate Collection Set: 0.83ms
[2026-04-03T01:40:12.708+0600][49.554s][info][gc,phases      ] GC(147)   Other: 0.14ms
[2026-04-03T01:40:12.708+0600][49.554s][info][gc,heap        ] GC(147) Eden regions: 32->0(185)
[2026-04-03T01:40:12.708+0600][49.554s][info][gc,heap        ] GC(147) Survivor regions: 6->6(21)
[2026-04-03T01:40:12.708+0600][49.554s][info][gc,heap        ] GC(147) Old regions: 44->44
[2026-04-03T01:40:12.708+0600][49.554s][info][gc,heap        ] GC(147) Humongous regions: 231->12
[2026-04-03T01:40:12.708+0600][49.554s][info][gc,metaspace   ] GC(147) Metaspace: 131067K(132544K)->131067K(132544K) NonClass: 114574K(115264K)->114574K(115264K) Class: 16492K(17280K)->16492K(17280K)
[2026-04-03T01:40:12.708+0600][49.554s][info][gc             ] GC(147) Pause Young (Prepare Mixed) (G1 Evacuation Pause) 622M->121M(638M) 6.360ms
[2026-04-03T01:40:12.708+0600][49.554s][info][gc,cpu         ] GC(147) User=0.04s Sys=0.01s Real=0.00s
[2026-04-03T01:40:13.280+0600][50.126s][info][gc,start       ] GC(148) Pause Young (Mixed) (G1 Evacuation Pause)
[2026-04-03T01:40:13.280+0600][50.126s][info][gc,task        ] GC(148) Using 10 workers of 10 for evacuation
[2026-04-03T01:40:13.286+0600][50.132s][info][gc,phases      ] GC(148)   Pre Evacuate Collection Set: 0.27ms
[2026-04-03T01:40:13.286+0600][50.132s][info][gc,phases      ] GC(148)   Merge Heap Roots: 0.18ms
[2026-04-03T01:40:13.286+0600][50.132s][info][gc,phases      ] GC(148)   Evacuate Collection Set: 4.48ms
[2026-04-03T01:40:13.286+0600][50.132s][info][gc,phases      ] GC(148)   Post Evacuate Collection Set: 0.74ms
[2026-04-03T01:40:13.286+0600][50.132s][info][gc,phases      ] GC(148)   Other: 0.12ms
[2026-04-03T01:40:13.286+0600][50.132s][info][gc,heap        ] GC(148) Eden regions: 138->0(193)
[2026-04-03T01:40:13.286+0600][50.132s][info][gc,heap        ] GC(148) Survivor regions: 6->5(24)
[2026-04-03T01:40:13.286+0600][50.132s][info][gc,heap        ] GC(148) Old regions: 44->44
[2026-04-03T01:40:13.286+0600][50.132s][info][gc,heap        ] GC(148) Humongous regions: 137->3
[2026-04-03T01:40:13.286+0600][50.132s][info][gc,metaspace   ] GC(148) Metaspace: 131135K(132608K)->131135K(132608K) NonClass: 114641K(115328K)->114641K(115328K) Class: 16494K(17280K)->16494K(17280K)
[2026-04-03T01:40:13.286+0600][50.132s][info][gc             ] GC(148) Pause Young (Mixed) (G1 Evacuation Pause) 647M->100M(662M) 6.076ms
[2026-04-03T01:40:13.286+0600][50.132s][info][gc,cpu         ] GC(148) User=0.04s Sys=0.01s Real=0.00s
[2026-04-03T01:40:13.288+0600][50.134s][info][gc,start       ] GC(149) Pause Young (Concurrent Start) (G1 Humongous Allocation)
[2026-04-03T01:40:13.288+0600][50.134s][info][gc,task        ] GC(149) Using 10 workers of 10 for evacuation
[2026-04-03T01:40:13.292+0600][50.138s][info][gc,phases      ] GC(149)   Pre Evacuate Collection Set: 0.29ms
[2026-04-03T01:40:13.292+0600][50.138s][info][gc,phases      ] GC(149)   Merge Heap Roots: 0.12ms
[2026-04-03T01:40:13.292+0600][50.138s][info][gc,phases      ] GC(149)   Evacuate Collection Set: 2.62ms
[2026-04-03T01:40:13.292+0600][50.138s][info][gc,phases      ] GC(149)   Post Evacuate Collection Set: 0.61ms
[2026-04-03T01:40:13.292+0600][50.138s][info][gc,phases      ] GC(149)   Other: 0.12ms
[2026-04-03T01:40:13.292+0600][50.138s][info][gc,heap        ] GC(149) Eden regions: 1->0(193)
[2026-04-03T01:40:13.292+0600][50.138s][info][gc,heap        ] GC(149) Survivor regions: 5->5(25)
[2026-04-03T01:40:13.292+0600][50.138s][info][gc,heap        ] GC(149) Old regions: 44->44
[2026-04-03T01:40:13.292+0600][50.138s][info][gc,heap        ] GC(149) Humongous regions: 3->3
[2026-04-03T01:40:13.292+0600][50.138s][info][gc,metaspace   ] GC(149) Metaspace: 131135K(132608K)->131135K(132608K) NonClass: 114641K(115328K)->114641K(115328K) Class: 16494K(17280K)->16494K(17280K)
[2026-04-03T01:40:13.292+0600][50.138s][info][gc             ] GC(149) Pause Young (Concurrent Start) (G1 Humongous Allocation) 102M->101M(662M) 3.986ms
[2026-04-03T01:40:13.292+0600][50.138s][info][gc             ] GC(150) Concurrent Mark Cycle
[2026-04-03T01:40:13.292+0600][50.138s][info][gc,marking     ] GC(150) Concurrent Scan Root Regions
[2026-04-03T01:40:13.292+0600][50.138s][info][gc,cpu         ] GC(149) User=0.03s Sys=0.00s Real=0.01s
[2026-04-03T01:40:13.295+0600][50.141s][info][gc,marking     ] GC(150) Concurrent Scan Root Regions 2.221ms
[2026-04-03T01:40:13.295+0600][50.141s][info][gc,marking     ] GC(150) Concurrent Mark
[2026-04-03T01:40:13.295+0600][50.141s][info][gc,marking     ] GC(150) Concurrent Mark From Roots
[2026-04-03T01:40:13.295+0600][50.141s][info][gc,task        ] GC(150) Using 3 workers of 3 for marking
[2026-04-03T01:40:13.409+0600][50.255s][info][gc,marking     ] GC(150) Concurrent Mark From Roots 114.123ms
[2026-04-03T01:40:13.409+0600][50.255s][info][gc,marking     ] GC(150) Concurrent Preclean
[2026-04-03T01:40:13.409+0600][50.255s][info][gc,marking     ] GC(150) Concurrent Preclean 0.550ms
[2026-04-03T01:40:13.410+0600][50.256s][info][gc,start       ] GC(150) Pause Remark
[2026-04-03T01:40:13.419+0600][50.265s][info][gc             ] GC(150) Pause Remark 250M->250M(568M) 9.344ms
[2026-04-03T01:40:13.419+0600][50.265s][info][gc,cpu         ] GC(150) User=0.07s Sys=0.00s Real=0.01s
[2026-04-03T01:40:13.419+0600][50.265s][info][gc,marking     ] GC(150) Concurrent Mark 124.786ms
[2026-04-03T01:40:13.420+0600][50.266s][info][gc,marking     ] GC(150) Concurrent Rebuild Remembered Sets and Scrub Regions
[2026-04-03T01:40:13.460+0600][50.306s][info][gc,marking     ] GC(150) Concurrent Rebuild Remembered Sets and Scrub Regions 40.675ms
[2026-04-03T01:40:13.461+0600][50.307s][info][gc,start       ] GC(150) Pause Cleanup
[2026-04-03T01:40:13.461+0600][50.307s][info][gc             ] GC(150) Pause Cleanup 283M->283M(568M) 0.383ms
[2026-04-03T01:40:13.461+0600][50.307s][info][gc,cpu         ] GC(150) User=0.00s Sys=0.00s Real=0.00s
[2026-04-03T01:40:13.461+0600][50.307s][info][gc,marking     ] GC(150) Concurrent Clear Claimed Marks
[2026-04-03T01:40:13.462+0600][50.308s][info][gc,marking     ] GC(150) Concurrent Clear Claimed Marks 0.452ms
[2026-04-03T01:40:13.462+0600][50.308s][info][gc,marking     ] GC(150) Concurrent Cleanup for Next Mark
[2026-04-03T01:40:13.463+0600][50.309s][info][gc,marking     ] GC(150) Concurrent Cleanup for Next Mark 1.348ms
[2026-04-03T01:40:13.463+0600][50.309s][info][gc             ] GC(150) Concurrent Mark Cycle 170.842ms
[2026-04-03T01:40:13.671+0600][50.517s][info][gc,start       ] GC(151) Pause Young (Prepare Mixed) (G1 Evacuation Pause)
[2026-04-03T01:40:13.671+0600][50.517s][info][gc,task        ] GC(151) Using 10 workers of 10 for evacuation
[2026-04-03T01:40:13.684+0600][50.530s][info][gc,phases      ] GC(151)   Pre Evacuate Collection Set: 0.48ms
[2026-04-03T01:40:13.684+0600][50.530s][info][gc,phases      ] GC(151)   Merge Heap Roots: 0.32ms
[2026-04-03T01:40:13.684+0600][50.530s][info][gc,phases      ] GC(151)   Evacuate Collection Set: 9.09ms
[2026-04-03T01:40:13.684+0600][50.530s][info][gc,phases      ] GC(151)   Post Evacuate Collection Set: 2.20ms
[2026-04-03T01:40:13.684+0600][50.530s][info][gc,phases      ] GC(151)   Other: 0.30ms
[2026-04-03T01:40:13.684+0600][50.530s][info][gc,heap        ] GC(151) Eden regions: 128->0(203)
[2026-04-03T01:40:13.684+0600][50.530s][info][gc,heap        ] GC(151) Survivor regions: 5->7(22)
[2026-04-03T01:40:13.684+0600][50.530s][info][gc,heap        ] GC(151) Old regions: 44->45
[2026-04-03T01:40:13.684+0600][50.530s][info][gc,heap        ] GC(151) Humongous regions: 107->3
[2026-04-03T01:40:13.684+0600][50.530s][info][gc,metaspace   ] GC(151) Metaspace: 131139K(132608K)->131139K(132608K) NonClass: 114645K(115328K)->114645K(115328K) Class: 16494K(17280K)->16494K(17280K)
[2026-04-03T01:40:13.684+0600][50.530s][info][gc             ] GC(151) Pause Young (Prepare Mixed) (G1 Evacuation Pause) 565M->104M(702M) 12.913ms
[2026-04-03T01:40:13.684+0600][50.530s][info][gc,cpu         ] GC(151) User=0.05s Sys=0.03s Real=0.01s
[2026-04-03T01:40:14.208+0600][51.054s][info][gc,start       ] GC(152) Pause Young (Mixed) (G1 Evacuation Pause)
[2026-04-03T01:40:14.208+0600][51.054s][info][gc,task        ] GC(152) Using 10 workers of 10 for evacuation
[2026-04-03T01:40:14.215+0600][51.061s][info][gc,phases      ] GC(152)   Pre Evacuate Collection Set: 0.39ms
[2026-04-03T01:40:14.215+0600][51.061s][info][gc,phases      ] GC(152)   Merge Heap Roots: 0.16ms
[2026-04-03T01:40:14.215+0600][51.061s][info][gc,phases      ] GC(152)   Evacuate Collection Set: 5.50ms
[2026-04-03T01:40:14.215+0600][51.061s][info][gc,phases      ] GC(152)   Post Evacuate Collection Set: 1.07ms
[2026-04-03T01:40:14.215+0600][51.061s][info][gc,phases      ] GC(152)   Other: 0.15ms
[2026-04-03T01:40:14.215+0600][51.061s][info][gc,heap        ] GC(152) Eden regions: 168->0(208)
[2026-04-03T01:40:14.215+0600][51.061s][info][gc,heap        ] GC(152) Survivor regions: 7->6(27)
[2026-04-03T01:40:14.215+0600][51.061s][info][gc,heap        ] GC(152) Old regions: 45->44
[2026-04-03T01:40:14.215+0600][51.061s][info][gc,heap        ] GC(152) Humongous regions: 131->3
[2026-04-03T01:40:14.215+0600][51.061s][info][gc,metaspace   ] GC(152) Metaspace: 131168K(132672K)->131168K(132672K) NonClass: 114671K(115392K)->114671K(115392K) Class: 16496K(17280K)->16496K(17280K)
[2026-04-03T01:40:14.215+0600][51.061s][info][gc             ] GC(152) Pause Young (Mixed) (G1 Evacuation Pause) 696M->102M(716M) 7.533ms
[2026-04-03T01:40:14.215+0600][51.061s][info][gc,cpu         ] GC(152) User=0.05s Sys=0.01s Real=0.01s
[2026-04-03T01:40:14.216+0600][51.062s][info][gc,start       ] GC(153) Pause Young (Concurrent Start) (G1 Humongous Allocation)
[2026-04-03T01:40:14.216+0600][51.062s][info][gc,task        ] GC(153) Using 10 workers of 10 for evacuation
[2026-04-03T01:40:14.221+0600][51.067s][info][gc,phases      ] GC(153)   Pre Evacuate Collection Set: 0.38ms
[2026-04-03T01:40:14.221+0600][51.067s][info][gc,phases      ] GC(153)   Merge Heap Roots: 0.10ms
[2026-04-03T01:40:14.221+0600][51.067s][info][gc,phases      ] GC(153)   Evacuate Collection Set: 3.92ms
[2026-04-03T01:40:14.221+0600][51.067s][info][gc,phases      ] GC(153)   Post Evacuate Collection Set: 0.60ms
[2026-04-03T01:40:14.221+0600][51.067s][info][gc,phases      ] GC(153)   Other: 0.16ms
[2026-04-03T01:40:14.221+0600][51.067s][info][gc,heap        ] GC(153) Eden regions: 1->0(208)
[2026-04-03T01:40:14.221+0600][51.067s][info][gc,heap        ] GC(153) Survivor regions: 6->6(27)
[2026-04-03T01:40:14.221+0600][51.067s][info][gc,heap        ] GC(153) Old regions: 44->44
[2026-04-03T01:40:14.221+0600][51.067s][info][gc,heap        ] GC(153) Humongous regions: 3->3
[2026-04-03T01:40:14.221+0600][51.067s][info][gc,metaspace   ] GC(153) Metaspace: 131168K(132672K)->131168K(132672K) NonClass: 114671K(115392K)->114671K(115392K) Class: 16496K(17280K)->16496K(17280K)
[2026-04-03T01:40:14.221+0600][51.067s][info][gc             ] GC(153) Pause Young (Concurrent Start) (G1 Humongous Allocation) 104M->102M(716M) 5.503ms
[2026-04-03T01:40:14.221+0600][51.068s][info][gc             ] GC(154) Concurrent Mark Cycle
[2026-04-03T01:40:14.221+0600][51.068s][info][gc,cpu         ] GC(153) User=0.04s Sys=0.00s Real=0.01s
[2026-04-03T01:40:14.221+0600][51.068s][info][gc,marking     ] GC(154) Concurrent Scan Root Regions
[2026-04-03T01:40:14.225+0600][51.071s][info][gc,marking     ] GC(154) Concurrent Scan Root Regions 3.366ms
[2026-04-03T01:40:14.225+0600][51.071s][info][gc,marking     ] GC(154) Concurrent Mark
[2026-04-03T01:40:14.225+0600][51.071s][info][gc,marking     ] GC(154) Concurrent Mark From Roots
[2026-04-03T01:40:14.225+0600][51.071s][info][gc,task        ] GC(154) Using 3 workers of 3 for marking
[2026-04-03T01:40:14.312+0600][51.158s][info][gc,marking     ] GC(154) Concurrent Mark From Roots 86.696ms
[2026-04-03T01:40:14.312+0600][51.158s][info][gc,marking     ] GC(154) Concurrent Preclean
[2026-04-03T01:40:14.313+0600][51.159s][info][gc,marking     ] GC(154) Concurrent Preclean 0.764ms
[2026-04-03T01:40:14.313+0600][51.159s][info][gc,start       ] GC(154) Pause Remark
[2026-04-03T01:40:14.323+0600][51.169s][info][gc             ] GC(154) Pause Remark 172M->172M(448M) 9.894ms
[2026-04-03T01:40:14.323+0600][51.169s][info][gc,cpu         ] GC(154) User=0.07s Sys=0.00s Real=0.01s
[2026-04-03T01:40:14.323+0600][51.169s][info][gc,marking     ] GC(154) Concurrent Mark 98.305ms
[2026-04-03T01:40:14.323+0600][51.169s][info][gc,marking     ] GC(154) Concurrent Rebuild Remembered Sets and Scrub Regions
[2026-04-03T01:40:14.367+0600][51.213s][info][gc,marking     ] GC(154) Concurrent Rebuild Remembered Sets and Scrub Regions 43.319ms
[2026-04-03T01:40:14.367+0600][51.213s][info][gc,start       ] GC(154) Pause Cleanup
[2026-04-03T01:40:14.367+0600][51.214s][info][gc             ] GC(154) Pause Cleanup 214M->214M(448M) 0.272ms
[2026-04-03T01:40:14.367+0600][51.214s][info][gc,cpu         ] GC(154) User=0.00s Sys=0.00s Real=0.00s
[2026-04-03T01:40:14.368+0600][51.214s][info][gc,marking     ] GC(154) Concurrent Clear Claimed Marks
[2026-04-03T01:40:14.368+0600][51.214s][info][gc,marking     ] GC(154) Concurrent Clear Claimed Marks 0.409ms
[2026-04-03T01:40:14.368+0600][51.214s][info][gc,marking     ] GC(154) Concurrent Cleanup for Next Mark
[2026-04-03T01:40:14.370+0600][51.216s][info][gc,marking     ] GC(154) Concurrent Cleanup for Next Mark 1.711ms
[2026-04-03T01:40:14.370+0600][51.216s][info][gc             ] GC(154) Concurrent Mark Cycle 148.384ms
[2026-04-03T01:40:14.539+0600][51.385s][info][gc,start       ] GC(155) Pause Young (Prepare Mixed) (G1 Evacuation Pause)
[2026-04-03T01:40:14.539+0600][51.385s][info][gc,task        ] GC(155) Using 10 workers of 10 for evacuation
[2026-04-03T01:40:14.548+0600][51.394s][info][gc,phases      ] GC(155)   Pre Evacuate Collection Set: 0.74ms
[2026-04-03T01:40:14.548+0600][51.394s][info][gc,phases      ] GC(155)   Merge Heap Roots: 0.33ms
[2026-04-03T01:40:14.548+0600][51.394s][info][gc,phases      ] GC(155)   Evacuate Collection Set: 6.43ms
[2026-04-03T01:40:14.548+0600][51.394s][info][gc,phases      ] GC(155)   Post Evacuate Collection Set: 0.98ms
[2026-04-03T01:40:14.548+0600][51.394s][info][gc,phases      ] GC(155)   Other: 0.15ms
[2026-04-03T01:40:14.548+0600][51.394s][info][gc,heap        ] GC(155) Eden regions: 128->0(128)
[2026-04-03T01:40:14.548+0600][51.394s][info][gc,heap        ] GC(155) Survivor regions: 6->7(17)
[2026-04-03T01:40:14.548+0600][51.394s][info][gc,heap        ] GC(155) Old regions: 44->45
[2026-04-03T01:40:14.548+0600][51.394s][info][gc,heap        ] GC(155) Humongous regions: 40->3
[2026-04-03T01:40:14.548+0600][51.394s][info][gc,metaspace   ] GC(155) Metaspace: 131184K(132672K)->131184K(132672K) NonClass: 114687K(115392K)->114687K(115392K) Class: 16497K(17280K)->16497K(17280K)
[2026-04-03T01:40:14.548+0600][51.394s][info][gc             ] GC(155) Pause Young (Prepare Mixed) (G1 Evacuation Pause) 432M->106M(452M) 9.028ms
[2026-04-03T01:40:14.548+0600][51.394s][info][gc,cpu         ] GC(155) User=0.05s Sys=0.00s Real=0.01s
[2026-04-03T01:40:14.848+0600][51.694s][info][gc,start       ] GC(156) Pause Young (Mixed) (G1 Evacuation Pause)
[2026-04-03T01:40:14.849+0600][51.695s][info][gc,task        ] GC(156) Using 10 workers of 10 for evacuation
[2026-04-03T01:40:14.858+0600][51.705s][info][gc,phases      ] GC(156)   Pre Evacuate Collection Set: 0.48ms
[2026-04-03T01:40:14.859+0600][51.705s][info][gc,phases      ] GC(156)   Merge Heap Roots: 0.25ms
[2026-04-03T01:40:14.859+0600][51.705s][info][gc,phases      ] GC(156)   Evacuate Collection Set: 8.09ms
[2026-04-03T01:40:14.859+0600][51.705s][info][gc,phases      ] GC(156)   Post Evacuate Collection Set: 1.01ms
[2026-04-03T01:40:14.859+0600][51.705s][info][gc,phases      ] GC(156)   Other: 0.12ms
[2026-04-03T01:40:14.859+0600][51.705s][info][gc,heap        ] GC(156) Eden regions: 124->0(133)
[2026-04-03T01:40:14.859+0600][51.705s][info][gc,heap        ] GC(156) Survivor regions: 7->6(17)
[2026-04-03T01:40:14.859+0600][51.705s][info][gc,heap        ] GC(156) Old regions: 45->44
[2026-04-03T01:40:14.859+0600][51.705s][info][gc,heap        ] GC(156) Humongous regions: 50->3
[2026-04-03T01:40:14.859+0600][51.705s][info][gc,metaspace   ] GC(156) Metaspace: 131184K(132672K)->131184K(132672K) NonClass: 114687K(115392K)->114687K(115392K) Class: 16497K(17280K)->16497K(17280K)
[2026-04-03T01:40:14.859+0600][51.705s][info][gc             ] GC(156) Pause Young (Mixed) (G1 Evacuation Pause) 448M->103M(466M) 10.340ms
[2026-04-03T01:40:14.859+0600][51.705s][info][gc,cpu         ] GC(156) User=0.05s Sys=0.01s Real=0.01s
[2026-04-03T01:40:14.882+0600][51.728s][info][gc,start       ] GC(157) Pause Young (Concurrent Start) (G1 Humongous Allocation)
[2026-04-03T01:40:14.882+0600][51.728s][info][gc,task        ] GC(157) Using 10 workers of 10 for evacuation
[2026-04-03T01:40:14.889+0600][51.735s][info][gc,phases      ] GC(157)   Pre Evacuate Collection Set: 0.53ms
[2026-04-03T01:40:14.889+0600][51.735s][info][gc,phases      ] GC(157)   Merge Heap Roots: 0.22ms
[2026-04-03T01:40:14.889+0600][51.735s][info][gc,phases      ] GC(157)   Evacuate Collection Set: 4.82ms
[2026-04-03T01:40:14.889+0600][51.735s][info][gc,phases      ] GC(157)   Post Evacuate Collection Set: 0.70ms
[2026-04-03T01:40:14.889+0600][51.735s][info][gc,phases      ] GC(157)   Other: 0.30ms
[2026-04-03T01:40:14.889+0600][51.735s][info][gc,heap        ] GC(157) Eden regions: 18->0(132)
[2026-04-03T01:40:14.889+0600][51.735s][info][gc,heap        ] GC(157) Survivor regions: 6->7(18)
[2026-04-03T01:40:14.889+0600][51.735s][info][gc,heap        ] GC(157) Old regions: 44->44
[2026-04-03T01:40:14.889+0600][51.735s][info][gc,heap        ] GC(157) Humongous regions: 3->3
[2026-04-03T01:40:14.889+0600][51.735s][info][gc,metaspace   ] GC(157) Metaspace: 131189K(132672K)->131189K(132672K) NonClass: 114691K(115392K)->114691K(115392K) Class: 16497K(17280K)->16497K(17280K)
[2026-04-03T01:40:14.889+0600][51.735s][info][gc             ] GC(157) Pause Young (Concurrent Start) (G1 Humongous Allocation) 137M->103M(466M) 6.932ms
[2026-04-03T01:40:14.889+0600][51.735s][info][gc             ] GC(158) Concurrent Mark Cycle
[2026-04-03T01:40:14.889+0600][51.735s][info][gc,marking     ] GC(158) Concurrent Scan Root Regions
[2026-04-03T01:40:14.889+0600][51.735s][info][gc,cpu         ] GC(157) User=0.05s Sys=0.00s Real=0.00s
[2026-04-03T01:40:14.905+0600][51.752s][info][gc,marking     ] GC(158) Concurrent Scan Root Regions 16.197ms
[2026-04-03T01:40:14.906+0600][51.752s][info][gc,marking     ] GC(158) Concurrent Mark
[2026-04-03T01:40:14.906+0600][51.752s][info][gc,marking     ] GC(158) Concurrent Mark From Roots
[2026-04-03T01:40:14.906+0600][51.752s][info][gc,task        ] GC(158) Using 3 workers of 3 for marking
[2026-04-03T01:40:14.994+0600][51.840s][info][gc,marking     ] GC(158) Concurrent Mark From Roots 88.148ms
[2026-04-03T01:40:14.994+0600][51.840s][info][gc,marking     ] GC(158) Concurrent Preclean
[2026-04-03T01:40:14.994+0600][51.840s][info][gc,marking     ] GC(158) Concurrent Preclean 0.347ms
[2026-04-03T01:40:14.995+0600][51.841s][info][gc,start       ] GC(158) Pause Remark
[2026-04-03T01:40:15.006+0600][51.852s][info][gc             ] GC(158) Pause Remark 161M->161M(448M) 11.172ms
[2026-04-03T01:40:15.006+0600][51.852s][info][gc,cpu         ] GC(158) User=0.07s Sys=0.00s Real=0.01s
[2026-04-03T01:40:15.006+0600][51.852s][info][gc,marking     ] GC(158) Concurrent Mark 100.755ms
[2026-04-03T01:40:15.006+0600][51.852s][info][gc,marking     ] GC(158) Concurrent Rebuild Remembered Sets and Scrub Regions
[2026-04-03T01:40:15.043+0600][51.889s][info][gc,marking     ] GC(158) Concurrent Rebuild Remembered Sets and Scrub Regions 36.711ms
[2026-04-03T01:40:15.044+0600][51.890s][info][gc,start       ] GC(158) Pause Cleanup
[2026-04-03T01:40:15.044+0600][51.890s][info][gc             ] GC(158) Pause Cleanup 165M->165M(448M) 0.434ms
[2026-04-03T01:40:15.044+0600][51.890s][info][gc,cpu         ] GC(158) User=0.00s Sys=0.00s Real=0.00s
[2026-04-03T01:40:15.044+0600][51.890s][info][gc,marking     ] GC(158) Concurrent Clear Claimed Marks
[2026-04-03T01:40:15.045+0600][51.891s][info][gc,marking     ] GC(158) Concurrent Clear Claimed Marks 0.432ms
[2026-04-03T01:40:15.045+0600][51.891s][info][gc,marking     ] GC(158) Concurrent Cleanup for Next Mark
[2026-04-03T01:40:15.046+0600][51.892s][info][gc,marking     ] GC(158) Concurrent Cleanup for Next Mark 1.026ms
[2026-04-03T01:40:15.046+0600][51.892s][info][gc             ] GC(158) Concurrent Mark Cycle 156.639ms
[2026-04-03T01:40:15.353+0600][52.199s][info][gc,start       ] GC(159) Pause Full (System.gc())
[2026-04-03T01:40:15.353+0600][52.199s][info][gc,task        ] GC(159) Using 10 workers of 10 for full compaction
[2026-04-03T01:40:15.353+0600][52.199s][info][gc,phases,start] GC(159) Phase 1: Mark live objects
[2026-04-03T01:40:15.451+0600][52.297s][info][gc,phases      ] GC(159) Phase 1: Mark live objects 97.664ms
[2026-04-03T01:40:15.451+0600][52.297s][info][gc,phases,start] GC(159) Phase 2: Prepare compaction
[2026-04-03T01:40:15.456+0600][52.302s][info][gc,phases      ] GC(159) Phase 2: Prepare compaction 5.048ms
[2026-04-03T01:40:15.456+0600][52.302s][info][gc,phases,start] GC(159) Phase 3: Adjust pointers
[2026-04-03T01:40:15.483+0600][52.330s][info][gc,phases      ] GC(159) Phase 3: Adjust pointers 27.307ms
[2026-04-03T01:40:15.484+0600][52.330s][info][gc,phases,start] GC(159) Phase 4: Compact heap
[2026-04-03T01:40:15.488+0600][52.334s][info][gc,phases      ] GC(159) Phase 4: Compact heap 3.974ms
[2026-04-03T01:40:15.488+0600][52.334s][info][gc,phases,start] GC(159) Phase 5: Reset Metadata
[2026-04-03T01:40:15.496+0600][52.342s][info][gc,phases      ] GC(159) Phase 5: Reset Metadata 8.261ms
[2026-04-03T01:40:15.514+0600][52.360s][info][gc,heap        ] GC(159) Eden regions: 81->0(100)
[2026-04-03T01:40:15.514+0600][52.360s][info][gc,heap        ] GC(159) Survivor regions: 7->0(18)
[2026-04-03T01:40:15.514+0600][52.360s][info][gc,heap        ] GC(159) Old regions: 44->47
[2026-04-03T01:40:15.514+0600][52.360s][info][gc,heap        ] GC(159) Humongous regions: 69->3
[2026-04-03T01:40:15.514+0600][52.360s][info][gc,metaspace   ] GC(159) Metaspace: 131543K(132992K)->131416K(132992K) NonClass: 114960K(115712K)->114866K(115712K) Class: 16583K(17280K)->16550K(17280K)
[2026-04-03T01:40:15.514+0600][52.360s][info][gc             ] GC(159) Pause Full (System.gc()) 397M->89M(334M) 161.369ms
[2026-04-03T01:40:15.514+0600][52.360s][info][gc,cpu         ] GC(159) User=1.17s Sys=0.07s Real=0.16s
[2026-04-03T01:40:15.543+0600][52.389s][info][gc,start       ] GC(160) Pause Young (Concurrent Start) (G1 Humongous Allocation)
[2026-04-03T01:40:15.543+0600][52.389s][info][gc,task        ] GC(160) Using 9 workers of 10 for evacuation
[2026-04-03T01:40:15.547+0600][52.393s][info][gc,phases      ] GC(160)   Pre Evacuate Collection Set: 0.49ms
[2026-04-03T01:40:15.547+0600][52.393s][info][gc,phases      ] GC(160)   Merge Heap Roots: 0.14ms
[2026-04-03T01:40:15.547+0600][52.393s][info][gc,phases      ] GC(160)   Evacuate Collection Set: 2.00ms
[2026-04-03T01:40:15.547+0600][52.393s][info][gc,phases      ] GC(160)   Post Evacuate Collection Set: 1.57ms
[2026-04-03T01:40:15.547+0600][52.393s][info][gc,phases      ] GC(160)   Other: 0.16ms
[2026-04-03T01:40:15.547+0600][52.393s][info][gc,heap        ] GC(160) Eden regions: 3->0(199)
[2026-04-03T01:40:15.547+0600][52.393s][info][gc,heap        ] GC(160) Survivor regions: 0->1(13)
[2026-04-03T01:40:15.547+0600][52.393s][info][gc,heap        ] GC(160) Old regions: 47->47
[2026-04-03T01:40:15.547+0600][52.393s][info][gc,heap        ] GC(160) Humongous regions: 3->3
[2026-04-03T01:40:15.547+0600][52.393s][info][gc,metaspace   ] GC(160) Metaspace: 131418K(132992K)->131418K(132992K) NonClass: 114868K(115712K)->114868K(115712K) Class: 16550K(17280K)->16550K(17280K)
[2026-04-03T01:40:15.547+0600][52.393s][info][gc             ] GC(160) Pause Young (Concurrent Start) (G1 Humongous Allocation) 94M->91M(668M) 4.671ms
[2026-04-03T01:40:15.547+0600][52.393s][info][gc             ] GC(161) Concurrent Mark Cycle
[2026-04-03T01:40:15.547+0600][52.393s][info][gc,marking     ] GC(161) Concurrent Scan Root Regions
[2026-04-03T01:40:15.547+0600][52.393s][info][gc,cpu         ] GC(160) User=0.01s Sys=0.00s Real=0.00s
[2026-04-03T01:40:15.550+0600][52.396s][info][gc,marking     ] GC(161) Concurrent Scan Root Regions 2.306ms
[2026-04-03T01:40:15.550+0600][52.396s][info][gc,marking     ] GC(161) Concurrent Mark
[2026-04-03T01:40:15.550+0600][52.396s][info][gc,marking     ] GC(161) Concurrent Mark From Roots
[2026-04-03T01:40:15.550+0600][52.396s][info][gc,task        ] GC(161) Using 3 workers of 3 for marking
[2026-04-03T01:40:15.636+0600][52.482s][info][gc,marking     ] GC(161) Concurrent Mark From Roots 86.300ms
[2026-04-03T01:40:15.636+0600][52.482s][info][gc,marking     ] GC(161) Concurrent Preclean
[2026-04-03T01:40:15.637+0600][52.483s][info][gc,marking     ] GC(161) Concurrent Preclean 0.572ms
[2026-04-03T01:40:15.637+0600][52.483s][info][gc,start       ] GC(161) Pause Remark
[2026-04-03T01:40:15.646+0600][52.492s][info][gc             ] GC(161) Pause Remark 131M->131M(414M) 8.938ms
[2026-04-03T01:40:15.646+0600][52.492s][info][gc,cpu         ] GC(161) User=0.06s Sys=0.00s Real=0.01s
[2026-04-03T01:40:15.646+0600][52.492s][info][gc,marking     ] GC(161) Concurrent Mark 96.678ms
[2026-04-03T01:40:15.646+0600][52.492s][info][gc,marking     ] GC(161) Concurrent Rebuild Remembered Sets and Scrub Regions
[2026-04-03T01:40:15.675+0600][52.521s][info][gc,marking     ] GC(161) Concurrent Rebuild Remembered Sets and Scrub Regions 28.193ms
[2026-04-03T01:40:15.675+0600][52.521s][info][gc,start       ] GC(161) Pause Cleanup
[2026-04-03T01:40:15.675+0600][52.521s][info][gc             ] GC(161) Pause Cleanup 154M->154M(414M) 0.253ms
[2026-04-03T01:40:15.675+0600][52.521s][info][gc,cpu         ] GC(161) User=0.00s Sys=0.00s Real=0.00s
[2026-04-03T01:40:15.675+0600][52.521s][info][gc,marking     ] GC(161) Concurrent Clear Claimed Marks
[2026-04-03T01:40:15.676+0600][52.522s][info][gc,marking     ] GC(161) Concurrent Clear Claimed Marks 0.384ms
[2026-04-03T01:40:15.676+0600][52.522s][info][gc,marking     ] GC(161) Concurrent Cleanup for Next Mark
[2026-04-03T01:40:15.676+0600][52.523s][info][gc,marking     ] GC(161) Concurrent Cleanup for Next Mark 0.709ms
[2026-04-03T01:40:15.677+0600][52.523s][info][gc             ] GC(161) Concurrent Mark Cycle 129.277ms
[2026-04-03T01:40:15.733+0600][52.580s][info][gc,start       ] GC(162) Pause Young (Prepare Mixed) (G1 Evacuation Pause)
[2026-04-03T01:40:15.734+0600][52.580s][info][gc,task        ] GC(162) Using 10 workers of 10 for evacuation
[2026-04-03T01:40:15.737+0600][52.583s][info][gc,phases      ] GC(162)   Pre Evacuate Collection Set: 0.36ms
[2026-04-03T01:40:15.737+0600][52.583s][info][gc,phases      ] GC(162)   Merge Heap Roots: 0.15ms
[2026-04-03T01:40:15.737+0600][52.583s][info][gc,phases      ] GC(162)   Evacuate Collection Set: 2.09ms
[2026-04-03T01:40:15.737+0600][52.583s][info][gc,phases      ] GC(162)   Post Evacuate Collection Set: 0.64ms
[2026-04-03T01:40:15.737+0600][52.583s][info][gc,phases      ] GC(162)   Other: 0.09ms
[2026-04-03T01:40:15.737+0600][52.583s][info][gc,heap        ] GC(162) Eden regions: 30->0(160)
[2026-04-03T01:40:15.737+0600][52.583s][info][gc,heap        ] GC(162) Survivor regions: 1->2(16)
[2026-04-03T01:40:15.737+0600][52.583s][info][gc,heap        ] GC(162) Old regions: 47->47
[2026-04-03T01:40:15.737+0600][52.583s][info][gc,heap        ] GC(162) Humongous regions: 190->10
[2026-04-03T01:40:15.737+0600][52.583s][info][gc,metaspace   ] GC(162) Metaspace: 131418K(132992K)->131418K(132992K) NonClass: 114868K(115712K)->114868K(115712K) Class: 16550K(17280K)->16550K(17280K)
[2026-04-03T01:40:15.737+0600][52.583s][info][gc             ] GC(162) Pause Young (Prepare Mixed) (G1 Evacuation Pause) 525M->107M(540M) 3.608ms
[2026-04-03T01:40:15.737+0600][52.583s][info][gc,cpu         ] GC(162) User=0.03s Sys=0.00s Real=0.00s
[2026-04-03T01:40:15.845+0600][52.691s][info][gc,start       ] GC(163) Pause Young (Mixed) (G1 Evacuation Pause)
[2026-04-03T01:40:15.845+0600][52.691s][info][gc,task        ] GC(163) Using 10 workers of 10 for evacuation
[2026-04-03T01:40:15.849+0600][52.695s][info][gc,phases      ] GC(163)   Pre Evacuate Collection Set: 0.31ms
[2026-04-03T01:40:15.849+0600][52.695s][info][gc,phases      ] GC(163)   Merge Heap Roots: 0.13ms
[2026-04-03T01:40:15.849+0600][52.695s][info][gc,phases      ] GC(163)   Evacuate Collection Set: 2.34ms
[2026-04-03T01:40:15.849+0600][52.695s][info][gc,phases      ] GC(163)   Post Evacuate Collection Set: 0.63ms
[2026-04-03T01:40:15.849+0600][52.695s][info][gc,phases      ] GC(163)   Other: 0.11ms
[2026-04-03T01:40:15.849+0600][52.695s][info][gc,heap        ] GC(163) Eden regions: 29->0(171)
[2026-04-03T01:40:15.849+0600][52.695s][info][gc,heap        ] GC(163) Survivor regions: 2->3(21)
[2026-04-03T01:40:15.849+0600][52.695s][info][gc,heap        ] GC(163) Old regions: 47->47
[2026-04-03T01:40:15.849+0600][52.695s][info][gc,heap        ] GC(163) Humongous regions: 208->6
[2026-04-03T01:40:15.849+0600][52.695s][info][gc,metaspace   ] GC(163) Metaspace: 131420K(132992K)->131420K(132992K) NonClass: 114870K(115712K)->114870K(115712K) Class: 16550K(17280K)->16550K(17280K)
[2026-04-03T01:40:15.849+0600][52.695s][info][gc             ] GC(163) Pause Young (Mixed) (G1 Evacuation Pause) 561M->99M(580M) 3.843ms
[2026-04-03T01:40:15.849+0600][52.695s][info][gc,cpu         ] GC(163) User=0.00s Sys=0.02s Real=0.00s
[2026-04-03T01:40:15.849+0600][52.696s][info][gc,start       ] GC(164) Pause Young (Concurrent Start) (G1 Humongous Allocation)
[2026-04-03T01:40:15.850+0600][52.696s][info][gc,task        ] GC(164) Using 10 workers of 10 for evacuation
[2026-04-03T01:40:15.853+0600][52.699s][info][gc,phases      ] GC(164)   Pre Evacuate Collection Set: 0.40ms
[2026-04-03T01:40:15.853+0600][52.699s][info][gc,phases      ] GC(164)   Merge Heap Roots: 0.09ms
[2026-04-03T01:40:15.853+0600][52.699s][info][gc,phases      ] GC(164)   Evacuate Collection Set: 1.64ms
[2026-04-03T01:40:15.853+0600][52.699s][info][gc,phases      ] GC(164)   Post Evacuate Collection Set: 0.64ms
[2026-04-03T01:40:15.853+0600][52.699s][info][gc,phases      ] GC(164)   Other: 0.21ms
[2026-04-03T01:40:15.853+0600][52.699s][info][gc,heap        ] GC(164) Eden regions: 1->0(171)
[2026-04-03T01:40:15.853+0600][52.699s][info][gc,heap        ] GC(164) Survivor regions: 3->3(22)
[2026-04-03T01:40:15.853+0600][52.699s][info][gc,heap        ] GC(164) Old regions: 47->47
[2026-04-03T01:40:15.853+0600][52.699s][info][gc,heap        ] GC(164) Humongous regions: 6->3
[2026-04-03T01:40:15.853+0600][52.699s][info][gc,metaspace   ] GC(164) Metaspace: 131420K(132992K)->131420K(132992K) NonClass: 114870K(115712K)->114870K(115712K) Class: 16550K(17280K)->16550K(17280K)
[2026-04-03T01:40:15.853+0600][52.699s][info][gc             ] GC(164) Pause Young (Concurrent Start) (G1 Humongous Allocation) 101M->93M(580M) 3.327ms
[2026-04-03T01:40:15.853+0600][52.699s][info][gc             ] GC(165) Concurrent Mark Cycle
[2026-04-03T01:40:15.853+0600][52.699s][info][gc,marking     ] GC(165) Concurrent Scan Root Regions
[2026-04-03T01:40:15.853+0600][52.699s][info][gc,cpu         ] GC(164) User=0.02s Sys=0.00s Real=0.01s
[2026-04-03T01:40:15.855+0600][52.701s][info][gc,marking     ] GC(165) Concurrent Scan Root Regions 1.945ms
[2026-04-03T01:40:15.855+0600][52.701s][info][gc,marking     ] GC(165) Concurrent Mark
[2026-04-03T01:40:15.855+0600][52.701s][info][gc,marking     ] GC(165) Concurrent Mark From Roots
[2026-04-03T01:40:15.855+0600][52.701s][info][gc,task        ] GC(165) Using 3 workers of 3 for marking
[2026-04-03T01:40:15.951+0600][52.797s][info][gc,marking     ] GC(165) Concurrent Mark From Roots 95.623ms
[2026-04-03T01:40:15.951+0600][52.797s][info][gc,marking     ] GC(165) Concurrent Preclean
[2026-04-03T01:40:15.951+0600][52.797s][info][gc,marking     ] GC(165) Concurrent Preclean 0.474ms
[2026-04-03T01:40:15.952+0600][52.798s][info][gc,start       ] GC(165) Pause Remark
[2026-04-03T01:40:15.959+0600][52.805s][info][gc             ] GC(165) Pause Remark 252M->252M(580M) 7.642ms
[2026-04-03T01:40:15.959+0600][52.805s][info][gc,cpu         ] GC(165) User=0.05s Sys=0.01s Real=0.00s
[2026-04-03T01:40:15.959+0600][52.806s][info][gc,marking     ] GC(165) Concurrent Mark 104.395ms
[2026-04-03T01:40:15.960+0600][52.806s][info][gc,marking     ] GC(165) Concurrent Rebuild Remembered Sets and Scrub Regions
[2026-04-03T01:40:15.996+0600][52.842s][info][gc,marking     ] GC(165) Concurrent Rebuild Remembered Sets and Scrub Regions 36.247ms
[2026-04-03T01:40:15.997+0600][52.843s][info][gc,start       ] GC(165) Pause Cleanup
[2026-04-03T01:40:15.997+0600][52.843s][info][gc             ] GC(165) Pause Cleanup 286M->286M(580M) 0.363ms
[2026-04-03T01:40:15.998+0600][52.844s][info][gc,cpu         ] GC(165) User=0.00s Sys=0.00s Real=0.00s
[2026-04-03T01:40:15.998+0600][52.844s][info][gc,marking     ] GC(165) Concurrent Clear Claimed Marks
[2026-04-03T01:40:15.998+0600][52.844s][info][gc,marking     ] GC(165) Concurrent Clear Claimed Marks 0.484ms
[2026-04-03T01:40:15.998+0600][52.844s][info][gc,marking     ] GC(165) Concurrent Cleanup for Next Mark
[2026-04-03T01:40:15.999+0600][52.846s][info][gc,marking     ] GC(165) Concurrent Cleanup for Next Mark 1.249ms
[2026-04-03T01:40:16.000+0600][52.846s][info][gc             ] GC(165) Concurrent Mark Cycle 146.606ms
[2026-04-03T01:40:16.465+0600][53.312s][info][gc,start       ] GC(166) Pause Young (Prepare Mixed) (G1 Evacuation Pause)
[2026-04-03T01:40:16.466+0600][53.312s][info][gc,task        ] GC(166) Using 10 workers of 10 for evacuation
[2026-04-03T01:40:16.469+0600][53.315s][info][gc,phases      ] GC(166)   Pre Evacuate Collection Set: 0.25ms
[2026-04-03T01:40:16.469+0600][53.316s][info][gc,phases      ] GC(166)   Merge Heap Roots: 0.21ms
[2026-04-03T01:40:16.469+0600][53.316s][info][gc,phases      ] GC(166)   Evacuate Collection Set: 2.53ms
[2026-04-03T01:40:16.469+0600][53.316s][info][gc,phases      ] GC(166)   Post Evacuate Collection Set: 0.70ms
[2026-04-03T01:40:16.469+0600][53.316s][info][gc,phases      ] GC(166)   Other: 0.11ms
[2026-04-03T01:40:16.469+0600][53.316s][info][gc,heap        ] GC(166) Eden regions: 137->0(174)
[2026-04-03T01:40:16.469+0600][53.316s][info][gc,heap        ] GC(166) Survivor regions: 3->3(22)
[2026-04-03T01:40:16.469+0600][53.316s][info][gc,heap        ] GC(166) Old regions: 47->47
[2026-04-03T01:40:16.470+0600][53.316s][info][gc,heap        ] GC(166) Humongous regions: 106->3
[2026-04-03T01:40:16.470+0600][53.316s][info][gc,metaspace   ] GC(166) Metaspace: 131433K(132992K)->131433K(132992K) NonClass: 114883K(115712K)->114883K(115712K) Class: 16550K(17280K)->16550K(17280K)
[2026-04-03T01:40:16.470+0600][53.316s][info][gc             ] GC(166) Pause Young (Prepare Mixed) (G1 Evacuation Pause) 573M->93M(592M) 4.063ms
[2026-04-03T01:40:16.470+0600][53.316s][info][gc,cpu         ] GC(166) User=0.03s Sys=0.00s Real=0.00s
[2026-04-03T01:40:16.836+0600][53.682s][info][gc,start       ] GC(167) Pause Young (Mixed) (G1 Evacuation Pause)
[2026-04-03T01:40:16.836+0600][53.682s][info][gc,task        ] GC(167) Using 10 workers of 10 for evacuation
[2026-04-03T01:40:16.843+0600][53.689s][info][gc,phases      ] GC(167)   Pre Evacuate Collection Set: 0.49ms
[2026-04-03T01:40:16.843+0600][53.689s][info][gc,phases      ] GC(167)   Merge Heap Roots: 0.26ms
[2026-04-03T01:40:16.843+0600][53.689s][info][gc,phases      ] GC(167)   Evacuate Collection Set: 5.87ms
[2026-04-03T01:40:16.843+0600][53.689s][info][gc,phases      ] GC(167)   Post Evacuate Collection Set: 0.90ms
[2026-04-03T01:40:16.843+0600][53.689s][info][gc,phases      ] GC(167)   Other: 0.12ms
[2026-04-03T01:40:16.843+0600][53.690s][info][gc,heap        ] GC(167) Eden regions: 133->0(176)
[2026-04-03T01:40:16.843+0600][53.690s][info][gc,heap        ] GC(167) Survivor regions: 3->4(23)
[2026-04-03T01:40:16.843+0600][53.690s][info][gc,heap        ] GC(167) Old regions: 47->46
[2026-04-03T01:40:16.843+0600][53.690s][info][gc,heap        ] GC(167) Humongous regions: 113->3
[2026-04-03T01:40:16.843+0600][53.690s][info][gc,metaspace   ] GC(167) Metaspace: 131450K(132992K)->131450K(132992K) NonClass: 114899K(115712K)->114899K(115712K) Class: 16551K(17280K)->16551K(17280K)
[2026-04-03T01:40:16.844+0600][53.690s][info][gc             ] GC(167) Pause Young (Mixed) (G1 Evacuation Pause) 579M->95M(600M) 8.024ms
[2026-04-03T01:40:16.844+0600][53.690s][info][gc,cpu         ] GC(167) User=0.05s Sys=0.02s Real=0.01s
[2026-04-03T01:40:16.859+0600][53.705s][info][gc,start       ] GC(168) Pause Young (Concurrent Start) (GCLocker Initiated GC)
[2026-04-03T01:40:16.860+0600][53.706s][info][gc,task        ] GC(168) Using 10 workers of 10 for evacuation
[2026-04-03T01:40:16.865+0600][53.711s][info][gc,phases      ] GC(168)   Pre Evacuate Collection Set: 0.45ms
[2026-04-03T01:40:16.865+0600][53.711s][info][gc,phases      ] GC(168)   Merge Heap Roots: 0.22ms
[2026-04-03T01:40:16.865+0600][53.711s][info][gc,phases      ] GC(168)   Evacuate Collection Set: 3.51ms
[2026-04-03T01:40:16.865+0600][53.711s][info][gc,phases      ] GC(168)   Post Evacuate Collection Set: 0.63ms
[2026-04-03T01:40:16.865+0600][53.711s][info][gc,phases      ] GC(168)   Other: 0.26ms
[2026-04-03T01:40:16.865+0600][53.711s][info][gc,heap        ] GC(168) Eden regions: 9->0(176)
[2026-04-03T01:40:16.865+0600][53.711s][info][gc,heap        ] GC(168) Survivor regions: 4->4(23)
[2026-04-03T01:40:16.865+0600][53.711s][info][gc,heap        ] GC(168) Old regions: 46->46
[2026-04-03T01:40:16.865+0600][53.711s][info][gc,heap        ] GC(168) Humongous regions: 3->3
[2026-04-03T01:40:16.865+0600][53.711s][info][gc,metaspace   ] GC(168) Metaspace: 131450K(132992K)->131450K(132992K) NonClass: 114899K(115712K)->114899K(115712K) Class: 16551K(17280K)->16551K(17280K)
[2026-04-03T01:40:16.865+0600][53.711s][info][gc             ] GC(168) Pause Young (Concurrent Start) (GCLocker Initiated GC) 113M->95M(600M) 5.537ms
[2026-04-03T01:40:16.865+0600][53.711s][info][gc,cpu         ] GC(168) User=0.03s Sys=0.01s Real=0.01s
[2026-04-03T01:40:16.865+0600][53.711s][info][gc             ] GC(169) Concurrent Mark Cycle
[2026-04-03T01:40:16.865+0600][53.711s][info][gc,marking     ] GC(169) Concurrent Scan Root Regions
[2026-04-03T01:40:16.872+0600][53.718s][info][gc,marking     ] GC(169) Concurrent Scan Root Regions 6.353ms
[2026-04-03T01:40:16.872+0600][53.718s][info][gc,marking     ] GC(169) Concurrent Mark
[2026-04-03T01:40:16.872+0600][53.718s][info][gc,marking     ] GC(169) Concurrent Mark From Roots
[2026-04-03T01:40:16.872+0600][53.718s][info][gc,task        ] GC(169) Using 3 workers of 3 for marking
[2026-04-03T01:40:16.986+0600][53.832s][info][gc,marking     ] GC(169) Concurrent Mark From Roots 114.050ms
[2026-04-03T01:40:16.986+0600][53.832s][info][gc,marking     ] GC(169) Concurrent Preclean
[2026-04-03T01:40:16.986+0600][53.832s][info][gc,marking     ] GC(169) Concurrent Preclean 0.253ms
[2026-04-03T01:40:16.986+0600][53.832s][info][gc,start       ] GC(169) Pause Remark
[2026-04-03T01:40:16.996+0600][53.842s][info][gc             ] GC(169) Pause Remark 221M->221M(554M) 9.960ms
[2026-04-03T01:40:16.997+0600][53.843s][info][gc,cpu         ] GC(169) User=0.06s Sys=0.01s Real=0.01s
[2026-04-03T01:40:16.997+0600][53.843s][info][gc,marking     ] GC(169) Concurrent Mark 125.108ms
[2026-04-03T01:40:16.997+0600][53.843s][info][gc,marking     ] GC(169) Concurrent Rebuild Remembered Sets and Scrub Regions
[2026-04-03T01:40:17.042+0600][53.888s][info][gc,marking     ] GC(169) Concurrent Rebuild Remembered Sets and Scrub Regions 45.164ms
[2026-04-03T01:40:17.043+0600][53.889s][info][gc,start       ] GC(169) Pause Cleanup
[2026-04-03T01:40:17.044+0600][53.890s][info][gc             ] GC(169) Pause Cleanup 264M->264M(554M) 0.365ms
[2026-04-03T01:40:17.044+0600][53.890s][info][gc,cpu         ] GC(169) User=0.00s Sys=0.00s Real=0.00s
[2026-04-03T01:40:17.044+0600][53.890s][info][gc,marking     ] GC(169) Concurrent Clear Claimed Marks
[2026-04-03T01:40:17.044+0600][53.890s][info][gc,marking     ] GC(169) Concurrent Clear Claimed Marks 0.369ms
[2026-04-03T01:40:17.044+0600][53.890s][info][gc,marking     ] GC(169) Concurrent Cleanup for Next Mark
[2026-04-03T01:40:17.045+0600][53.891s][info][gc,marking     ] GC(169) Concurrent Cleanup for Next Mark 1.055ms
[2026-04-03T01:40:17.045+0600][53.891s][info][gc             ] GC(169) Concurrent Mark Cycle 180.197ms
[2026-04-03T01:40:17.280+0600][54.126s][info][gc,start       ] GC(170) Pause Young (Prepare Mixed) (G1 Evacuation Pause)
[2026-04-03T01:40:17.280+0600][54.126s][info][gc,task        ] GC(170) Using 10 workers of 10 for evacuation
[2026-04-03T01:40:17.285+0600][54.131s][info][gc,phases      ] GC(170)   Pre Evacuate Collection Set: 0.32ms
[2026-04-03T01:40:17.285+0600][54.131s][info][gc,phases      ] GC(170)   Merge Heap Roots: 0.20ms
[2026-04-03T01:40:17.285+0600][54.131s][info][gc,phases      ] GC(170)   Evacuate Collection Set: 3.46ms
[2026-04-03T01:40:17.285+0600][54.131s][info][gc,phases      ] GC(170)   Post Evacuate Collection Set: 0.80ms
[2026-04-03T01:40:17.285+0600][54.131s][info][gc,phases      ] GC(170)   Other: 0.11ms
[2026-04-03T01:40:17.285+0600][54.131s][info][gc,heap        ] GC(170) Eden regions: 124->0(168)
[2026-04-03T01:40:17.285+0600][54.131s][info][gc,heap        ] GC(170) Survivor regions: 4->3(21)
[2026-04-03T01:40:17.285+0600][54.131s][info][gc,heap        ] GC(170) Old regions: 46->46
[2026-04-03T01:40:17.285+0600][54.131s][info][gc,heap        ] GC(170) Humongous regions: 109->4
[2026-04-03T01:40:17.285+0600][54.131s][info][gc,metaspace   ] GC(170) Metaspace: 131457K(132992K)->131457K(132992K) NonClass: 114905K(115712K)->114905K(115712K) Class: 16551K(17280K)->16551K(17280K)
[2026-04-03T01:40:17.285+0600][54.132s][info][gc             ] GC(170) Pause Young (Prepare Mixed) (G1 Evacuation Pause) 555M->96M(572M) 5.213ms
[2026-04-03T01:40:17.286+0600][54.132s][info][gc,cpu         ] GC(170) User=0.03s Sys=0.01s Real=0.00s
[2026-04-03T01:40:17.864+0600][54.710s][info][gc,start       ] GC(171) Pause Young (Mixed) (G1 Evacuation Pause)
[2026-04-03T01:40:17.864+0600][54.710s][info][gc,task        ] GC(171) Using 10 workers of 10 for evacuation
[2026-04-03T01:40:17.871+0600][54.717s][info][gc,phases      ] GC(171)   Pre Evacuate Collection Set: 0.54ms
[2026-04-03T01:40:17.871+0600][54.717s][info][gc,phases      ] GC(171)   Merge Heap Roots: 0.34ms
[2026-04-03T01:40:17.871+0600][54.717s][info][gc,phases      ] GC(171)   Evacuate Collection Set: 5.22ms
[2026-04-03T01:40:17.871+0600][54.717s][info][gc,phases      ] GC(171)   Post Evacuate Collection Set: 1.18ms
[2026-04-03T01:40:17.871+0600][54.717s][info][gc,phases      ] GC(171)   Other: 0.12ms
[2026-04-03T01:40:17.871+0600][54.717s][info][gc,heap        ] GC(171) Eden regions: 157->0(170)
[2026-04-03T01:40:17.871+0600][54.718s][info][gc,heap        ] GC(171) Survivor regions: 3->4(22)
[2026-04-03T01:40:17.871+0600][54.718s][info][gc,heap        ] GC(171) Old regions: 46->46
[2026-04-03T01:40:17.871+0600][54.718s][info][gc,heap        ] GC(171) Humongous regions: 80->3
[2026-04-03T01:40:17.871+0600][54.718s][info][gc,metaspace   ] GC(171) Metaspace: 131481K(132992K)->131481K(132992K) NonClass: 114929K(115712K)->114929K(115712K) Class: 16551K(17280K)->16551K(17280K)
[2026-04-03T01:40:17.871+0600][54.718s][info][gc             ] GC(171) Pause Young (Mixed) (G1 Evacuation Pause) 562M->96M(582M) 7.724ms
[2026-04-03T01:40:17.872+0600][54.718s][info][gc,cpu         ] GC(171) User=0.03s Sys=0.02s Real=0.01s
[2026-04-03T01:40:17.874+0600][54.720s][info][gc,start       ] GC(172) Pause Young (Concurrent Start) (GCLocker Initiated GC)
[2026-04-03T01:40:17.874+0600][54.721s][info][gc,task        ] GC(172) Using 10 workers of 10 for evacuation
[2026-04-03T01:40:17.878+0600][54.725s][info][gc,phases      ] GC(172)   Pre Evacuate Collection Set: 0.34ms
[2026-04-03T01:40:17.879+0600][54.725s][info][gc,phases      ] GC(172)   Merge Heap Roots: 0.12ms
[2026-04-03T01:40:17.879+0600][54.725s][info][gc,phases      ] GC(172)   Evacuate Collection Set: 2.62ms
[2026-04-03T01:40:17.879+0600][54.725s][info][gc,phases      ] GC(172)   Post Evacuate Collection Set: 0.70ms
[2026-04-03T01:40:17.879+0600][54.725s][info][gc,phases      ] GC(172)   Other: 0.20ms
[2026-04-03T01:40:17.879+0600][54.725s][info][gc,heap        ] GC(172) Eden regions: 4->0(170)
[2026-04-03T01:40:17.879+0600][54.725s][info][gc,heap        ] GC(172) Survivor regions: 4->4(22)
[2026-04-03T01:40:17.879+0600][54.725s][info][gc,heap        ] GC(172) Old regions: 46->46
[2026-04-03T01:40:17.879+0600][54.725s][info][gc,heap        ] GC(172) Humongous regions: 3->3
[2026-04-03T01:40:17.879+0600][54.725s][info][gc,metaspace   ] GC(172) Metaspace: 131481K(132992K)->131481K(132992K) NonClass: 114929K(115712K)->114929K(115712K) Class: 16551K(17280K)->16551K(17280K)
[2026-04-03T01:40:17.879+0600][54.725s][info][gc             ] GC(172) Pause Young (Concurrent Start) (GCLocker Initiated GC) 102M->95M(582M) 4.379ms
[2026-04-03T01:40:17.879+0600][54.725s][info][gc             ] GC(173) Concurrent Mark Cycle
[2026-04-03T01:40:17.879+0600][54.725s][info][gc,marking     ] GC(173) Concurrent Scan Root Regions
[2026-04-03T01:40:17.879+0600][54.725s][info][gc,cpu         ] GC(172) User=0.03s Sys=0.00s Real=0.00s
[2026-04-03T01:40:17.882+0600][54.728s][info][gc,marking     ] GC(173) Concurrent Scan Root Regions 2.865ms
[2026-04-03T01:40:17.882+0600][54.728s][info][gc,marking     ] GC(173) Concurrent Mark
[2026-04-03T01:40:17.882+0600][54.728s][info][gc,marking     ] GC(173) Concurrent Mark From Roots
[2026-04-03T01:40:17.882+0600][54.728s][info][gc,task        ] GC(173) Using 3 workers of 3 for marking
[2026-04-03T01:40:17.991+0600][54.838s][info][gc,marking     ] GC(173) Concurrent Mark From Roots 109.511ms
[2026-04-03T01:40:17.992+0600][54.838s][info][gc,marking     ] GC(173) Concurrent Preclean
[2026-04-03T01:40:17.992+0600][54.838s][info][gc,marking     ] GC(173) Concurrent Preclean 0.378ms
[2026-04-03T01:40:17.992+0600][54.838s][info][gc,start       ] GC(173) Pause Remark
[2026-04-03T01:40:18.002+0600][54.849s][info][gc             ] GC(173) Pause Remark 212M->212M(540M) 10.130ms
[2026-04-03T01:40:18.003+0600][54.849s][info][gc,cpu         ] GC(173) User=0.07s Sys=0.01s Real=0.01s
[2026-04-03T01:40:18.003+0600][54.849s][info][gc,marking     ] GC(173) Concurrent Mark 120.894ms
[2026-04-03T01:40:18.003+0600][54.849s][info][gc,marking     ] GC(173) Concurrent Rebuild Remembered Sets and Scrub Regions
[2026-04-03T01:40:18.036+0600][54.882s][info][gc,marking     ] GC(173) Concurrent Rebuild Remembered Sets and Scrub Regions 32.707ms
[2026-04-03T01:40:18.037+0600][54.883s][info][gc,start       ] GC(173) Pause Cleanup
[2026-04-03T01:40:18.037+0600][54.883s][info][gc             ] GC(173) Pause Cleanup 235M->235M(540M) 0.394ms
[2026-04-03T01:40:18.037+0600][54.884s][info][gc,cpu         ] GC(173) User=0.00s Sys=0.00s Real=0.00s
[2026-04-03T01:40:18.038+0600][54.884s][info][gc,marking     ] GC(173) Concurrent Clear Claimed Marks
[2026-04-03T01:40:18.038+0600][54.884s][info][gc,marking     ] GC(173) Concurrent Clear Claimed Marks 0.427ms
[2026-04-03T01:40:18.038+0600][54.884s][info][gc,marking     ] GC(173) Concurrent Cleanup for Next Mark
[2026-04-03T01:40:18.039+0600][54.885s][info][gc,marking     ] GC(173) Concurrent Cleanup for Next Mark 1.118ms
[2026-04-03T01:40:18.039+0600][54.885s][info][gc             ] GC(173) Concurrent Mark Cycle 160.404ms
[2026-04-03T01:40:18.250+0600][55.096s][info][gc,start       ] GC(174) Pause Young (Prepare Mixed) (GCLocker Initiated GC)
[2026-04-03T01:40:18.250+0600][55.096s][info][gc,task        ] GC(174) Using 10 workers of 10 for evacuation
[2026-04-03T01:40:18.256+0600][55.102s][info][gc,phases      ] GC(174)   Pre Evacuate Collection Set: 0.61ms
[2026-04-03T01:40:18.256+0600][55.102s][info][gc,phases      ] GC(174)   Merge Heap Roots: 0.45ms
[2026-04-03T01:40:18.256+0600][55.102s][info][gc,phases      ] GC(174)   Evacuate Collection Set: 4.17ms
[2026-04-03T01:40:18.256+0600][55.102s][info][gc,phases      ] GC(174)   Post Evacuate Collection Set: 0.93ms
[2026-04-03T01:40:18.256+0600][55.102s][info][gc,phases      ] GC(174)   Other: 0.14ms
[2026-04-03T01:40:18.256+0600][55.102s][info][gc,heap        ] GC(174) Eden regions: 118->0(160)
[2026-04-03T01:40:18.256+0600][55.102s][info][gc,heap        ] GC(174) Survivor regions: 4->4(21)
[2026-04-03T01:40:18.256+0600][55.102s][info][gc,heap        ] GC(174) Old regions: 46->46
[2026-04-03T01:40:18.256+0600][55.102s][info][gc,heap        ] GC(174) Humongous regions: 102->3
[2026-04-03T01:40:18.256+0600][55.102s][info][gc,metaspace   ] GC(174) Metaspace: 131481K(132992K)->131481K(132992K) NonClass: 114929K(115712K)->114929K(115712K) Class: 16551K(17280K)->16551K(17280K)
[2026-04-03T01:40:18.256+0600][55.102s][info][gc             ] GC(174) Pause Young (Prepare Mixed) (GCLocker Initiated GC) 529M->96M(548M) 6.662ms
[2026-04-03T01:40:18.256+0600][55.102s][info][gc,cpu         ] GC(174) User=0.03s Sys=0.01s Real=0.01s
[2026-04-03T01:40:18.673+0600][55.519s][info][gc,start       ] GC(175) Pause Young (Mixed) (G1 Evacuation Pause)
[2026-04-03T01:40:18.673+0600][55.519s][info][gc,task        ] GC(175) Using 10 workers of 10 for evacuation
[2026-04-03T01:40:18.679+0600][55.525s][info][gc,phases      ] GC(175)   Pre Evacuate Collection Set: 0.27ms
[2026-04-03T01:40:18.679+0600][55.525s][info][gc,phases      ] GC(175)   Merge Heap Roots: 0.17ms
[2026-04-03T01:40:18.679+0600][55.525s][info][gc,phases      ] GC(175)   Evacuate Collection Set: 3.26ms
[2026-04-03T01:40:18.679+0600][55.525s][info][gc,phases      ] GC(175)   Post Evacuate Collection Set: 1.74ms
[2026-04-03T01:40:18.679+0600][55.525s][info][gc,phases      ] GC(175)   Other: 0.14ms
[2026-04-03T01:40:18.679+0600][55.525s][info][gc,heap        ] GC(175) Eden regions: 127->0(167)
[2026-04-03T01:40:18.679+0600][55.525s][info][gc,heap        ] GC(175) Survivor regions: 4->4(21)
[2026-04-03T01:40:18.679+0600][55.525s][info][gc,heap        ] GC(175) Old regions: 46->46
[2026-04-03T01:40:18.679+0600][55.525s][info][gc,heap        ] GC(175) Humongous regions: 103->3
[2026-04-03T01:40:18.679+0600][55.525s][info][gc,metaspace   ] GC(175) Metaspace: 131507K(132992K)->131507K(132992K) NonClass: 114955K(115712K)->114955K(115712K) Class: 16552K(17280K)->16552K(17280K)
[2026-04-03T01:40:18.679+0600][55.525s][info][gc             ] GC(175) Pause Young (Mixed) (G1 Evacuation Pause) 550M->95M(570M) 5.857ms
[2026-04-03T01:40:18.679+0600][55.525s][info][gc,cpu         ] GC(175) User=0.03s Sys=0.00s Real=0.00s
[2026-04-03T01:40:18.727+0600][55.573s][info][gc,start       ] GC(176) Pause Young (Concurrent Start) (GCLocker Initiated GC)
[2026-04-03T01:40:18.727+0600][55.574s][info][gc,task        ] GC(176) Using 10 workers of 10 for evacuation
[2026-04-03T01:40:18.733+0600][55.579s][info][gc,phases      ] GC(176)   Pre Evacuate Collection Set: 0.51ms
[2026-04-03T01:40:18.733+0600][55.579s][info][gc,phases      ] GC(176)   Merge Heap Roots: 0.22ms
[2026-04-03T01:40:18.733+0600][55.579s][info][gc,phases      ] GC(176)   Evacuate Collection Set: 2.98ms
[2026-04-03T01:40:18.733+0600][55.579s][info][gc,phases      ] GC(176)   Post Evacuate Collection Set: 1.41ms
[2026-04-03T01:40:18.733+0600][55.579s][info][gc,phases      ] GC(176)   Other: 0.20ms
[2026-04-03T01:40:18.733+0600][55.579s][info][gc,heap        ] GC(176) Eden regions: 24->0(201)
[2026-04-03T01:40:18.733+0600][55.579s][info][gc,heap        ] GC(176) Survivor regions: 4->4(22)
[2026-04-03T01:40:18.733+0600][55.579s][info][gc,heap        ] GC(176) Old regions: 46->46
[2026-04-03T01:40:18.733+0600][55.579s][info][gc,heap        ] GC(176) Humongous regions: 3->3
[2026-04-03T01:40:18.733+0600][55.579s][info][gc,metaspace   ] GC(176) Metaspace: 131507K(132992K)->131507K(132992K) NonClass: 114955K(115712K)->114955K(115712K) Class: 16552K(17280K)->16552K(17280K)
[2026-04-03T01:40:18.733+0600][55.579s][info][gc             ] GC(176) Pause Young (Concurrent Start) (GCLocker Initiated GC) 142M->96M(684M) 5.696ms
[2026-04-03T01:40:18.733+0600][55.579s][info][gc             ] GC(177) Concurrent Mark Cycle
[2026-04-03T01:40:18.733+0600][55.579s][info][gc,cpu         ] GC(176) User=0.03s Sys=0.00s Real=0.01s
[2026-04-03T01:40:18.733+0600][55.579s][info][gc,marking     ] GC(177) Concurrent Scan Root Regions
[2026-04-03T01:40:18.737+0600][55.583s][info][gc,marking     ] GC(177) Concurrent Scan Root Regions 3.450ms
[2026-04-03T01:40:18.737+0600][55.583s][info][gc,marking     ] GC(177) Concurrent Mark
[2026-04-03T01:40:18.737+0600][55.583s][info][gc,marking     ] GC(177) Concurrent Mark From Roots
[2026-04-03T01:40:18.737+0600][55.583s][info][gc,task        ] GC(177) Using 3 workers of 3 for marking
[2026-04-03T01:40:18.845+0600][55.691s][info][gc,marking     ] GC(177) Concurrent Mark From Roots 108.058ms
[2026-04-03T01:40:18.845+0600][55.691s][info][gc,marking     ] GC(177) Concurrent Preclean
[2026-04-03T01:40:18.846+0600][55.692s][info][gc,marking     ] GC(177) Concurrent Preclean 0.568ms
[2026-04-03T01:40:18.846+0600][55.692s][info][gc,start       ] GC(177) Pause Remark
[2026-04-03T01:40:18.856+0600][55.702s][info][gc             ] GC(177) Pause Remark 192M->192M(428M) 9.471ms
[2026-04-03T01:40:18.856+0600][55.702s][info][gc,cpu         ] GC(177) User=0.07s Sys=0.01s Real=0.01s
[2026-04-03T01:40:18.856+0600][55.702s][info][gc,marking     ] GC(177) Concurrent Mark 119.311ms
[2026-04-03T01:40:18.856+0600][55.702s][info][gc,marking     ] GC(177) Concurrent Rebuild Remembered Sets and Scrub Regions
[2026-04-03T01:40:18.901+0600][55.747s][info][gc,marking     ] GC(177) Concurrent Rebuild Remembered Sets and Scrub Regions 44.766ms
[2026-04-03T01:40:18.902+0600][55.748s][info][gc,start       ] GC(177) Pause Cleanup
[2026-04-03T01:40:18.902+0600][55.748s][info][gc             ] GC(177) Pause Cleanup 238M->238M(428M) 0.297ms
[2026-04-03T01:40:18.902+0600][55.748s][info][gc,cpu         ] GC(177) User=0.00s Sys=0.00s Real=0.00s
[2026-04-03T01:40:18.902+0600][55.748s][info][gc,marking     ] GC(177) Concurrent Clear Claimed Marks
[2026-04-03T01:40:18.903+0600][55.749s][info][gc,marking     ] GC(177) Concurrent Clear Claimed Marks 0.459ms
[2026-04-03T01:40:18.903+0600][55.749s][info][gc,marking     ] GC(177) Concurrent Cleanup for Next Mark
[2026-04-03T01:40:18.904+0600][55.750s][info][gc,marking     ] GC(177) Concurrent Cleanup for Next Mark 1.296ms
[2026-04-03T01:40:18.904+0600][55.750s][info][gc             ] GC(177) Concurrent Mark Cycle 171.133ms
[2026-04-03T01:40:19.069+0600][55.915s][info][gc,start       ] GC(178) Pause Young (Prepare Mixed) (G1 Evacuation Pause)
[2026-04-03T01:40:19.069+0600][55.915s][info][gc,task        ] GC(178) Using 10 workers of 10 for evacuation
[2026-04-03T01:40:19.073+0600][55.919s][info][gc,phases      ] GC(178)   Pre Evacuate Collection Set: 0.31ms
[2026-04-03T01:40:19.073+0600][55.919s][info][gc,phases      ] GC(178)   Merge Heap Roots: 0.11ms
[2026-04-03T01:40:19.073+0600][55.919s][info][gc,phases      ] GC(178)   Evacuate Collection Set: 3.07ms
[2026-04-03T01:40:19.073+0600][55.919s][info][gc,phases      ] GC(178)   Post Evacuate Collection Set: 0.48ms
[2026-04-03T01:40:19.073+0600][55.919s][info][gc,phases      ] GC(178)   Other: 0.08ms
[2026-04-03T01:40:19.073+0600][55.919s][info][gc,heap        ] GC(178) Eden regions: 118->0(126)
[2026-04-03T01:40:19.073+0600][55.919s][info][gc,heap        ] GC(178) Survivor regions: 4->4(16)
[2026-04-03T01:40:19.073+0600][55.919s][info][gc,heap        ] GC(178) Old regions: 46->46
[2026-04-03T01:40:19.073+0600][55.919s][info][gc,heap        ] GC(178) Humongous regions: 46->3
[2026-04-03T01:40:19.073+0600][55.919s][info][gc,metaspace   ] GC(178) Metaspace: 131512K(132992K)->131512K(132992K) NonClass: 114960K(115712K)->114960K(115712K) Class: 16552K(17280K)->16552K(17280K)
[2026-04-03T01:40:19.073+0600][55.919s][info][gc             ] GC(178) Pause Young (Prepare Mixed) (G1 Evacuation Pause) 418M->95M(436M) 4.296ms
[2026-04-03T01:40:19.073+0600][55.919s][info][gc,cpu         ] GC(178) User=0.03s Sys=0.00s Real=0.01s
[2026-04-03T01:40:19.152+0600][55.999s][info][gc,start       ] GC(179) Pause Young (Mixed) (G1 Evacuation Pause)
[2026-04-03T01:40:19.153+0600][55.999s][info][gc,task        ] GC(179) Using 10 workers of 10 for evacuation
[2026-04-03T01:40:19.155+0600][56.001s][info][gc,phases      ] GC(179)   Pre Evacuate Collection Set: 0.37ms
[2026-04-03T01:40:19.155+0600][56.001s][info][gc,phases      ] GC(179)   Merge Heap Roots: 0.15ms
[2026-04-03T01:40:19.155+0600][56.001s][info][gc,phases      ] GC(179)   Evacuate Collection Set: 1.51ms
[2026-04-03T01:40:19.155+0600][56.001s][info][gc,phases      ] GC(179)   Post Evacuate Collection Set: 0.51ms
[2026-04-03T01:40:19.155+0600][56.001s][info][gc,phases      ] GC(179)   Other: 0.07ms
[2026-04-03T01:40:19.155+0600][56.001s][info][gc,heap        ] GC(179) Eden regions: 22->0(167)
[2026-04-03T01:40:19.155+0600][56.001s][info][gc,heap        ] GC(179) Survivor regions: 4->2(19)
[2026-04-03T01:40:19.155+0600][56.001s][info][gc,heap        ] GC(179) Old regions: 46->46
[2026-04-03T01:40:19.155+0600][56.001s][info][gc,heap        ] GC(179) Humongous regions: 207->3
[2026-04-03T01:40:19.155+0600][56.001s][info][gc,metaspace   ] GC(179) Metaspace: 131532K(132992K)->131532K(132992K) NonClass: 114979K(115712K)->114979K(115712K) Class: 16552K(17280K)->16552K(17280K)
[2026-04-03T01:40:19.155+0600][56.001s][info][gc             ] GC(179) Pause Young (Mixed) (G1 Evacuation Pause) 547M->92M(564M) 2.827ms
[2026-04-03T01:40:19.155+0600][56.001s][info][gc,cpu         ] GC(179) User=0.02s Sys=0.01s Real=0.00s
[2026-04-03T01:40:19.167+0600][56.013s][info][gc,start       ] GC(180) Pause Young (Concurrent Start) (G1 Humongous Allocation)
[2026-04-03T01:40:19.167+0600][56.013s][info][gc,task        ] GC(180) Using 10 workers of 10 for evacuation
[2026-04-03T01:40:19.170+0600][56.016s][info][gc,phases      ] GC(180)   Pre Evacuate Collection Set: 0.31ms
[2026-04-03T01:40:19.170+0600][56.016s][info][gc,phases      ] GC(180)   Merge Heap Roots: 0.11ms
[2026-04-03T01:40:19.170+0600][56.016s][info][gc,phases      ] GC(180)   Evacuate Collection Set: 2.34ms
[2026-04-03T01:40:19.170+0600][56.016s][info][gc,phases      ] GC(180)   Post Evacuate Collection Set: 0.52ms
[2026-04-03T01:40:19.170+0600][56.016s][info][gc,phases      ] GC(180)   Other: 0.13ms
[2026-04-03T01:40:19.170+0600][56.016s][info][gc,heap        ] GC(180) Eden regions: 12->0(166)
[2026-04-03T01:40:19.170+0600][56.016s][info][gc,heap        ] GC(180) Survivor regions: 2->3(22)
[2026-04-03T01:40:19.170+0600][56.016s][info][gc,heap        ] GC(180) Old regions: 46->46
[2026-04-03T01:40:19.170+0600][56.016s][info][gc,heap        ] GC(180) Humongous regions: 3->3
[2026-04-03T01:40:19.170+0600][56.016s][info][gc,metaspace   ] GC(180) Metaspace: 131532K(132992K)->131532K(132992K) NonClass: 114979K(115712K)->114979K(115712K) Class: 16552K(17280K)->16552K(17280K)
[2026-04-03T01:40:19.170+0600][56.017s][info][gc             ] GC(180) Pause Young (Concurrent Start) (G1 Humongous Allocation) 115M->94M(564M) 3.701ms
[2026-04-03T01:40:19.171+0600][56.017s][info][gc             ] GC(181) Concurrent Mark Cycle
[2026-04-03T01:40:19.171+0600][56.017s][info][gc,cpu         ] GC(180) User=0.03s Sys=0.01s Real=0.01s
[2026-04-03T01:40:19.171+0600][56.017s][info][gc,marking     ] GC(181) Concurrent Scan Root Regions
[2026-04-03T01:40:19.173+0600][56.019s][info][gc,marking     ] GC(181) Concurrent Scan Root Regions 2.060ms
[2026-04-03T01:40:19.173+0600][56.019s][info][gc,marking     ] GC(181) Concurrent Mark
[2026-04-03T01:40:19.173+0600][56.019s][info][gc,marking     ] GC(181) Concurrent Mark From Roots
[2026-04-03T01:40:19.173+0600][56.019s][info][gc,task        ] GC(181) Using 3 workers of 3 for marking
[2026-04-03T01:40:19.262+0600][56.108s][info][gc,marking     ] GC(181) Concurrent Mark From Roots 88.779ms
[2026-04-03T01:40:19.262+0600][56.108s][info][gc,marking     ] GC(181) Concurrent Preclean
[2026-04-03T01:40:19.262+0600][56.109s][info][gc,marking     ] GC(181) Concurrent Preclean 0.764ms
[2026-04-03T01:40:19.263+0600][56.109s][info][gc,start       ] GC(181) Pause Remark
[2026-04-03T01:40:19.274+0600][56.120s][info][gc             ] GC(181) Pause Remark 510M->510M(808M) 11.117ms
[2026-04-03T01:40:19.275+0600][56.121s][info][gc,cpu         ] GC(181) User=0.07s Sys=0.00s Real=0.01s
[2026-04-03T01:40:19.275+0600][56.121s][info][gc,marking     ] GC(181) Concurrent Mark 102.008ms
[2026-04-03T01:40:19.275+0600][56.121s][info][gc,marking     ] GC(181) Concurrent Rebuild Remembered Sets and Scrub Regions
[2026-04-03T01:40:19.305+0600][56.151s][info][gc,marking     ] GC(181) Concurrent Rebuild Remembered Sets and Scrub Regions 29.774ms
[2026-04-03T01:40:19.308+0600][56.154s][info][gc,start       ] GC(181) Pause Cleanup
[2026-04-03T01:40:19.309+0600][56.155s][info][gc             ] GC(181) Pause Cleanup 553M->553M(808M) 0.478ms
[2026-04-03T01:40:19.309+0600][56.155s][info][gc,cpu         ] GC(181) User=0.00s Sys=0.00s Real=0.00s
[2026-04-03T01:40:19.309+0600][56.155s][info][gc,marking     ] GC(181) Concurrent Clear Claimed Marks
[2026-04-03T01:40:19.309+0600][56.156s][info][gc,marking     ] GC(181) Concurrent Clear Claimed Marks 0.358ms
[2026-04-03T01:40:19.309+0600][56.156s][info][gc,marking     ] GC(181) Concurrent Cleanup for Next Mark
[2026-04-03T01:40:19.312+0600][56.158s][info][gc,marking     ] GC(181) Concurrent Cleanup for Next Mark 2.763ms
[2026-04-03T01:40:19.312+0600][56.158s][info][gc             ] GC(181) Concurrent Mark Cycle 141.811ms
[2026-04-03T01:40:19.649+0600][56.495s][info][gc,start       ] GC(182) Pause Young (Prepare Mixed) (G1 Evacuation Pause)
[2026-04-03T01:40:19.649+0600][56.495s][info][gc,task        ] GC(182) Using 10 workers of 10 for evacuation
[2026-04-03T01:40:19.652+0600][56.498s][info][gc,phases      ] GC(182)   Pre Evacuate Collection Set: 0.42ms
[2026-04-03T01:40:19.652+0600][56.498s][info][gc,phases      ] GC(182)   Merge Heap Roots: 0.12ms
[2026-04-03T01:40:19.652+0600][56.498s][info][gc,phases      ] GC(182)   Evacuate Collection Set: 1.84ms
[2026-04-03T01:40:19.652+0600][56.498s][info][gc,phases      ] GC(182)   Post Evacuate Collection Set: 0.54ms
[2026-04-03T01:40:19.652+0600][56.498s][info][gc,phases      ] GC(182)   Other: 0.08ms
[2026-04-03T01:40:19.652+0600][56.498s][info][gc,heap        ] GC(182) Eden regions: 95->0(241)
[2026-04-03T01:40:19.652+0600][56.498s][info][gc,heap        ] GC(182) Survivor regions: 3->3(26)
[2026-04-03T01:40:19.652+0600][56.498s][info][gc,heap        ] GC(182) Old regions: 46->46
[2026-04-03T01:40:19.652+0600][56.498s][info][gc,heap        ] GC(182) Humongous regions: 260->3
[2026-04-03T01:40:19.652+0600][56.498s][info][gc,metaspace   ] GC(182) Metaspace: 131551K(132992K)->131551K(132992K) NonClass: 114999K(115712K)->114999K(115712K) Class: 16552K(17280K)->16552K(17280K)
[2026-04-03T01:40:19.652+0600][56.498s][info][gc             ] GC(182) Pause Young (Prepare Mixed) (G1 Evacuation Pause) 798M->93M(814M) 3.228ms
[2026-04-03T01:40:19.652+0600][56.498s][info][gc,cpu         ] GC(182) User=0.01s Sys=0.01s Real=0.01s
[2026-04-03T01:40:20.256+0600][57.102s][info][gc,start       ] GC(183) Pause Young (Mixed) (G1 Evacuation Pause)
[2026-04-03T01:40:20.256+0600][57.102s][info][gc,task        ] GC(183) Using 10 workers of 10 for evacuation
[2026-04-03T01:40:20.262+0600][57.109s][info][gc,phases      ] GC(183)   Pre Evacuate Collection Set: 0.55ms
[2026-04-03T01:40:20.263+0600][57.109s][info][gc,phases      ] GC(183)   Merge Heap Roots: 0.23ms
[2026-04-03T01:40:20.263+0600][57.109s][info][gc,phases      ] GC(183)   Evacuate Collection Set: 4.36ms
[2026-04-03T01:40:20.263+0600][57.109s][info][gc,phases      ] GC(183)   Post Evacuate Collection Set: 0.88ms
[2026-04-03T01:40:20.263+0600][57.109s][info][gc,phases      ] GC(183)   Other: 0.13ms
[2026-04-03T01:40:20.263+0600][57.109s][info][gc,heap        ] GC(183) Eden regions: 215->0(242)
[2026-04-03T01:40:20.263+0600][57.109s][info][gc,heap        ] GC(183) Survivor regions: 3->4(31)
[2026-04-03T01:40:20.263+0600][57.109s][info][gc,heap        ] GC(183) Old regions: 46->45
[2026-04-03T01:40:20.263+0600][57.109s][info][gc,heap        ] GC(183) Humongous regions: 143->3
[2026-04-03T01:40:20.263+0600][57.109s][info][gc,metaspace   ] GC(183) Metaspace: 131553K(132992K)->131553K(132992K) NonClass: 115001K(115712K)->115001K(115712K) Class: 16552K(17280K)->16552K(17280K)
[2026-04-03T01:40:20.263+0600][57.109s][info][gc             ] GC(183) Pause Young (Mixed) (G1 Evacuation Pause) 803M->96M(822M) 6.541ms
[2026-04-03T01:40:20.263+0600][57.109s][info][gc,cpu         ] GC(183) User=0.04s Sys=0.01s Real=0.01s
[2026-04-03T01:40:20.264+0600][57.110s][info][gc,start       ] GC(184) Pause Young (Concurrent Start) (G1 Humongous Allocation)
[2026-04-03T01:40:20.264+0600][57.110s][info][gc,task        ] GC(184) Using 10 workers of 10 for evacuation
[2026-04-03T01:40:20.268+0600][57.114s][info][gc,phases      ] GC(184)   Pre Evacuate Collection Set: 0.41ms
[2026-04-03T01:40:20.268+0600][57.114s][info][gc,phases      ] GC(184)   Merge Heap Roots: 0.13ms
[2026-04-03T01:40:20.268+0600][57.114s][info][gc,phases      ] GC(184)   Evacuate Collection Set: 2.37ms
[2026-04-03T01:40:20.268+0600][57.114s][info][gc,phases      ] GC(184)   Post Evacuate Collection Set: 0.61ms
[2026-04-03T01:40:20.268+0600][57.114s][info][gc,phases      ] GC(184)   Other: 0.22ms
[2026-04-03T01:40:20.268+0600][57.114s][info][gc,heap        ] GC(184) Eden regions: 3->0(242)
[2026-04-03T01:40:20.268+0600][57.114s][info][gc,heap        ] GC(184) Survivor regions: 4->4(31)
[2026-04-03T01:40:20.268+0600][57.114s][info][gc,heap        ] GC(184) Old regions: 45->45
[2026-04-03T01:40:20.268+0600][57.114s][info][gc,heap        ] GC(184) Humongous regions: 3->3
[2026-04-03T01:40:20.268+0600][57.114s][info][gc,metaspace   ] GC(184) Metaspace: 131553K(132992K)->131553K(132992K) NonClass: 115001K(115712K)->115001K(115712K) Class: 16552K(17280K)->16552K(17280K)
[2026-04-03T01:40:20.268+0600][57.114s][info][gc             ] GC(184) Pause Young (Concurrent Start) (G1 Humongous Allocation) 101M->96M(822M) 4.083ms
[2026-04-03T01:40:20.268+0600][57.114s][info][gc             ] GC(185) Concurrent Mark Cycle
[2026-04-03T01:40:20.268+0600][57.114s][info][gc,cpu         ] GC(184) User=0.03s Sys=0.00s Real=0.00s
[2026-04-03T01:40:20.268+0600][57.114s][info][gc,marking     ] GC(185) Concurrent Scan Root Regions
[2026-04-03T01:40:20.272+0600][57.118s][info][gc,marking     ] GC(185) Concurrent Scan Root Regions 3.346ms
[2026-04-03T01:40:20.272+0600][57.118s][info][gc,marking     ] GC(185) Concurrent Mark
[2026-04-03T01:40:20.272+0600][57.118s][info][gc,marking     ] GC(185) Concurrent Mark From Roots
[2026-04-03T01:40:20.272+0600][57.118s][info][gc,task        ] GC(185) Using 3 workers of 3 for marking
[2026-04-03T01:40:20.383+0600][57.229s][info][gc,marking     ] GC(185) Concurrent Mark From Roots 111.604ms
[2026-04-03T01:40:20.383+0600][57.230s][info][gc,marking     ] GC(185) Concurrent Preclean
[2026-04-03T01:40:20.384+0600][57.230s][info][gc,marking     ] GC(185) Concurrent Preclean 0.702ms
[2026-04-03T01:40:20.385+0600][57.231s][info][gc,start       ] GC(185) Pause Remark
[2026-04-03T01:40:20.393+0600][57.239s][info][gc             ] GC(185) Pause Remark 212M->212M(534M) 8.235ms
[2026-04-03T01:40:20.393+0600][57.240s][info][gc,cpu         ] GC(185) User=0.06s Sys=0.00s Real=0.01s
[2026-04-03T01:40:20.394+0600][57.240s][info][gc,marking     ] GC(185) Concurrent Mark 121.883ms
[2026-04-03T01:40:20.394+0600][57.240s][info][gc,marking     ] GC(185) Concurrent Rebuild Remembered Sets and Scrub Regions
[2026-04-03T01:40:20.436+0600][57.283s][info][gc,marking     ] GC(185) Concurrent Rebuild Remembered Sets and Scrub Regions 42.684ms
[2026-04-03T01:40:20.437+0600][57.283s][info][gc,start       ] GC(185) Pause Cleanup
[2026-04-03T01:40:20.437+0600][57.283s][info][gc             ] GC(185) Pause Cleanup 250M->250M(534M) 0.328ms
[2026-04-03T01:40:20.437+0600][57.283s][info][gc,cpu         ] GC(185) User=0.00s Sys=0.00s Real=0.00s
[2026-04-03T01:40:20.437+0600][57.283s][info][gc,marking     ] GC(185) Concurrent Clear Claimed Marks
[2026-04-03T01:40:20.438+0600][57.284s][info][gc,marking     ] GC(185) Concurrent Clear Claimed Marks 0.454ms
[2026-04-03T01:40:20.438+0600][57.284s][info][gc,marking     ] GC(185) Concurrent Cleanup for Next Mark
[2026-04-03T01:40:20.439+0600][57.285s][info][gc,marking     ] GC(185) Concurrent Cleanup for Next Mark 1.111ms
[2026-04-03T01:40:20.439+0600][57.285s][info][gc             ] GC(185) Concurrent Mark Cycle 170.840ms
[2026-04-03T01:40:20.678+0600][57.524s][info][gc,start       ] GC(186) Pause Young (Prepare Mixed) (G1 Evacuation Pause)
[2026-04-03T01:40:20.678+0600][57.524s][info][gc,task        ] GC(186) Using 10 workers of 10 for evacuation
[2026-04-03T01:40:20.685+0600][57.531s][info][gc,phases      ] GC(186)   Pre Evacuate Collection Set: 0.41ms
[2026-04-03T01:40:20.685+0600][57.531s][info][gc,phases      ] GC(186)   Merge Heap Roots: 0.42ms
[2026-04-03T01:40:20.685+0600][57.531s][info][gc,phases      ] GC(186)   Evacuate Collection Set: 5.14ms
[2026-04-03T01:40:20.685+0600][57.531s][info][gc,phases      ] GC(186)   Post Evacuate Collection Set: 0.83ms
[2026-04-03T01:40:20.685+0600][57.531s][info][gc,phases      ] GC(186)   Other: 0.11ms
[2026-04-03T01:40:20.685+0600][57.531s][info][gc,heap        ] GC(186) Eden regions: 118->0(159)
[2026-04-03T01:40:20.685+0600][57.531s][info][gc,heap        ] GC(186) Survivor regions: 4->4(20)
[2026-04-03T01:40:20.685+0600][57.531s][info][gc,heap        ] GC(186) Old regions: 45->46
[2026-04-03T01:40:20.685+0600][57.531s][info][gc,heap        ] GC(186) Humongous regions: 100->3
[2026-04-03T01:40:20.685+0600][57.531s][info][gc,metaspace   ] GC(186) Metaspace: 131590K(133056K)->131590K(133056K) NonClass: 115038K(115776K)->115038K(115776K) Class: 16552K(17280K)->16552K(17280K)
[2026-04-03T01:40:20.685+0600][57.531s][info][gc             ] GC(186) Pause Young (Prepare Mixed) (G1 Evacuation Pause) 526M->96M(544M) 7.277ms
[2026-04-03T01:40:20.685+0600][57.532s][info][gc,cpu         ] GC(186) User=0.04s Sys=0.01s Real=0.01s
[2026-04-03T01:40:21.211+0600][58.057s][info][gc,start       ] GC(187) Pause Young (Mixed) (GCLocker Initiated GC)
[2026-04-03T01:40:21.211+0600][58.058s][info][gc,task        ] GC(187) Using 10 workers of 10 for evacuation
[2026-04-03T01:40:21.218+0600][58.064s][info][gc,phases      ] GC(187)   Pre Evacuate Collection Set: 0.62ms
[2026-04-03T01:40:21.218+0600][58.064s][info][gc,phases      ] GC(187)   Merge Heap Roots: 0.26ms
[2026-04-03T01:40:21.218+0600][58.064s][info][gc,phases      ] GC(187)   Evacuate Collection Set: 4.86ms
[2026-04-03T01:40:21.218+0600][58.064s][info][gc,phases      ] GC(187)   Post Evacuate Collection Set: 0.87ms
[2026-04-03T01:40:21.218+0600][58.064s][info][gc,phases      ] GC(187)   Other: 0.22ms
[2026-04-03T01:40:21.218+0600][58.064s][info][gc,heap        ] GC(187) Eden regions: 150->0(161)
[2026-04-03T01:40:21.218+0600][58.065s][info][gc,heap        ] GC(187) Survivor regions: 4->5(21)
[2026-04-03T01:40:21.218+0600][58.065s][info][gc,heap        ] GC(187) Old regions: 46->45
[2026-04-03T01:40:21.218+0600][58.065s][info][gc,heap        ] GC(187) Humongous regions: 72->3
[2026-04-03T01:40:21.218+0600][58.065s][info][gc,metaspace   ] GC(187) Metaspace: 131614K(133056K)->131614K(133056K) NonClass: 115058K(115776K)->115058K(115776K) Class: 16556K(17280K)->16556K(17280K)
[2026-04-03T01:40:21.218+0600][58.065s][info][gc             ] GC(187) Pause Young (Mixed) (GCLocker Initiated GC) 534M->97M(554M) 7.167ms
[2026-04-03T01:40:21.219+0600][58.065s][info][gc,cpu         ] GC(187) User=0.04s Sys=0.01s Real=0.00s
[2026-04-03T01:40:21.223+0600][58.069s][info][gc,start       ] GC(188) Pause Young (Concurrent Start) (GCLocker Initiated GC)
[2026-04-03T01:40:21.223+0600][58.069s][info][gc,task        ] GC(188) Using 10 workers of 10 for evacuation
[2026-04-03T01:40:21.228+0600][58.074s][info][gc,phases      ] GC(188)   Pre Evacuate Collection Set: 0.50ms
[2026-04-03T01:40:21.228+0600][58.074s][info][gc,phases      ] GC(188)   Merge Heap Roots: 0.14ms
[2026-04-03T01:40:21.228+0600][58.074s][info][gc,phases      ] GC(188)   Evacuate Collection Set: 3.15ms
[2026-04-03T01:40:21.228+0600][58.074s][info][gc,phases      ] GC(188)   Post Evacuate Collection Set: 0.59ms
[2026-04-03T01:40:21.228+0600][58.074s][info][gc,phases      ] GC(188)   Other: 0.16ms
[2026-04-03T01:40:21.228+0600][58.074s][info][gc,heap        ] GC(188) Eden regions: 4->0(162)
[2026-04-03T01:40:21.228+0600][58.074s][info][gc,heap        ] GC(188) Survivor regions: 5->4(21)
[2026-04-03T01:40:21.228+0600][58.074s][info][gc,heap        ] GC(188) Old regions: 45->45
[2026-04-03T01:40:21.228+0600][58.074s][info][gc,heap        ] GC(188) Humongous regions: 3->3
[2026-04-03T01:40:21.228+0600][58.074s][info][gc,metaspace   ] GC(188) Metaspace: 131614K(133056K)->131614K(133056K) NonClass: 115058K(115776K)->115058K(115776K) Class: 16556K(17280K)->16556K(17280K)
[2026-04-03T01:40:21.228+0600][58.074s][info][gc             ] GC(188) Pause Young (Concurrent Start) (GCLocker Initiated GC) 103M->97M(554M) 4.857ms
[2026-04-03T01:40:21.228+0600][58.074s][info][gc             ] GC(189) Concurrent Mark Cycle
[2026-04-03T01:40:21.228+0600][58.074s][info][gc,marking     ] GC(189) Concurrent Scan Root Regions
[2026-04-03T01:40:21.228+0600][58.074s][info][gc,cpu         ] GC(188) User=0.03s Sys=0.00s Real=0.00s
[2026-04-03T01:40:21.232+0600][58.078s][info][gc,marking     ] GC(189) Concurrent Scan Root Regions 3.927ms
[2026-04-03T01:40:21.232+0600][58.078s][info][gc,marking     ] GC(189) Concurrent Mark
[2026-04-03T01:40:21.232+0600][58.078s][info][gc,marking     ] GC(189) Concurrent Mark From Roots
[2026-04-03T01:40:21.232+0600][58.078s][info][gc,task        ] GC(189) Using 3 workers of 3 for marking
[2026-04-03T01:40:21.328+0600][58.174s][info][gc,marking     ] GC(189) Concurrent Mark From Roots 96.082ms
[2026-04-03T01:40:21.328+0600][58.175s][info][gc,marking     ] GC(189) Concurrent Preclean
[2026-04-03T01:40:21.329+0600][58.175s][info][gc,marking     ] GC(189) Concurrent Preclean 0.500ms
[2026-04-03T01:40:21.332+0600][58.178s][info][gc,start       ] GC(189) Pause Remark
[2026-04-03T01:40:21.345+0600][58.191s][info][gc             ] GC(189) Pause Remark 181M->181M(494M) 12.599ms
[2026-04-03T01:40:21.345+0600][58.191s][info][gc,cpu         ] GC(189) User=0.08s Sys=0.00s Real=0.01s
[2026-04-03T01:40:21.349+0600][58.195s][info][gc,marking     ] GC(189) Concurrent Mark 116.583ms
[2026-04-03T01:40:21.349+0600][58.195s][info][gc,marking     ] GC(189) Concurrent Rebuild Remembered Sets and Scrub Regions
[2026-04-03T01:40:21.395+0600][58.241s][info][gc,marking     ] GC(189) Concurrent Rebuild Remembered Sets and Scrub Regions 46.257ms
[2026-04-03T01:40:21.396+0600][58.242s][info][gc,start       ] GC(189) Pause Cleanup
[2026-04-03T01:40:21.396+0600][58.242s][info][gc             ] GC(189) Pause Cleanup 227M->227M(494M) 0.546ms
[2026-04-03T01:40:21.396+0600][58.242s][info][gc,cpu         ] GC(189) User=0.00s Sys=0.00s Real=0.00s
[2026-04-03T01:40:21.396+0600][58.243s][info][gc,marking     ] GC(189) Concurrent Clear Claimed Marks
[2026-04-03T01:40:21.397+0600][58.243s][info][gc,marking     ] GC(189) Concurrent Clear Claimed Marks 0.442ms
[2026-04-03T01:40:21.397+0600][58.243s][info][gc,marking     ] GC(189) Concurrent Cleanup for Next Mark
[2026-04-03T01:40:21.398+0600][58.244s][info][gc,marking     ] GC(189) Concurrent Cleanup for Next Mark 0.902ms
[2026-04-03T01:40:21.398+0600][58.244s][info][gc             ] GC(189) Concurrent Mark Cycle 169.930ms
[2026-04-03T01:40:21.616+0600][58.462s][info][gc,start       ] GC(190) Pause Young (Prepare Mixed) (GCLocker Initiated GC)
[2026-04-03T01:40:21.616+0600][58.462s][info][gc,task        ] GC(190) Using 10 workers of 10 for evacuation
[2026-04-03T01:40:21.625+0600][58.471s][info][gc,phases      ] GC(190)   Pre Evacuate Collection Set: 0.48ms
[2026-04-03T01:40:21.625+0600][58.471s][info][gc,phases      ] GC(190)   Merge Heap Roots: 0.30ms
[2026-04-03T01:40:21.625+0600][58.471s][info][gc,phases      ] GC(190)   Evacuate Collection Set: 7.35ms
[2026-04-03T01:40:21.625+0600][58.472s][info][gc,phases      ] GC(190)   Post Evacuate Collection Set: 0.99ms
[2026-04-03T01:40:21.625+0600][58.472s][info][gc,phases      ] GC(190)   Other: 0.17ms
[2026-04-03T01:40:21.625+0600][58.472s][info][gc,heap        ] GC(190) Eden regions: 107->0(146)
[2026-04-03T01:40:21.625+0600][58.472s][info][gc,heap        ] GC(190) Survivor regions: 4->5(19)
[2026-04-03T01:40:21.625+0600][58.472s][info][gc,heap        ] GC(190) Old regions: 45->46
[2026-04-03T01:40:21.625+0600][58.472s][info][gc,heap        ] GC(190) Humongous regions: 91->3
[2026-04-03T01:40:21.625+0600][58.472s][info][gc,metaspace   ] GC(190) Metaspace: 131614K(133056K)->131614K(133056K) NonClass: 115058K(115776K)->115058K(115776K) Class: 16556K(17280K)->16556K(17280K)
[2026-04-03T01:40:21.626+0600][58.472s][info][gc             ] GC(190) Pause Young (Prepare Mixed) (GCLocker Initiated GC) 487M->98M(506M) 9.898ms
[2026-04-03T01:40:21.626+0600][58.472s][info][gc,cpu         ] GC(190) User=0.04s Sys=0.02s Real=0.01s
[2026-04-03T01:40:21.977+0600][58.823s][info][gc,start       ] GC(191) Pause Young (Mixed) (G1 Evacuation Pause)
[2026-04-03T01:40:21.977+0600][58.823s][info][gc,task        ] GC(191) Using 10 workers of 10 for evacuation
[2026-04-03T01:40:21.984+0600][58.830s][info][gc,phases      ] GC(191)   Pre Evacuate Collection Set: 0.43ms
[2026-04-03T01:40:21.984+0600][58.830s][info][gc,phases      ] GC(191)   Merge Heap Roots: 0.20ms
[2026-04-03T01:40:21.984+0600][58.830s][info][gc,phases      ] GC(191)   Evacuate Collection Set: 4.57ms
[2026-04-03T01:40:21.984+0600][58.830s][info][gc,phases      ] GC(191)   Post Evacuate Collection Set: 1.12ms
[2026-04-03T01:40:21.984+0600][58.830s][info][gc,phases      ] GC(191)   Other: 0.13ms
[2026-04-03T01:40:21.984+0600][58.830s][info][gc,heap        ] GC(191) Eden regions: 117->0(181)
[2026-04-03T01:40:21.984+0600][58.830s][info][gc,heap        ] GC(191) Survivor regions: 5->4(19)
[2026-04-03T01:40:21.984+0600][58.830s][info][gc,heap        ] GC(191) Old regions: 46->45
[2026-04-03T01:40:21.984+0600][58.830s][info][gc,heap        ] GC(191) Humongous regions: 85->3
[2026-04-03T01:40:21.984+0600][58.830s][info][gc,metaspace   ] GC(191) Metaspace: 131615K(133056K)->131615K(133056K) NonClass: 115059K(115776K)->115059K(115776K) Class: 16556K(17280K)->16556K(17280K)
[2026-04-03T01:40:21.984+0600][58.830s][info][gc             ] GC(191) Pause Young (Mixed) (G1 Evacuation Pause) 496M->97M(618M) 6.768ms
[2026-04-03T01:40:21.984+0600][58.830s][info][gc,cpu         ] GC(191) User=0.04s Sys=0.00s Real=0.01s
[2026-04-03T01:40:22.017+0600][58.863s][info][gc,start       ] GC(192) Pause Young (Concurrent Start) (G1 Humongous Allocation)
[2026-04-03T01:40:22.017+0600][58.863s][info][gc,task        ] GC(192) Using 10 workers of 10 for evacuation
[2026-04-03T01:40:22.020+0600][58.866s][info][gc,phases      ] GC(192)   Pre Evacuate Collection Set: 0.32ms
[2026-04-03T01:40:22.020+0600][58.866s][info][gc,phases      ] GC(192)   Merge Heap Roots: 0.11ms
[2026-04-03T01:40:22.020+0600][58.866s][info][gc,phases      ] GC(192)   Evacuate Collection Set: 1.75ms
[2026-04-03T01:40:22.020+0600][58.866s][info][gc,phases      ] GC(192)   Post Evacuate Collection Set: 0.62ms
[2026-04-03T01:40:22.020+0600][58.866s][info][gc,phases      ] GC(192)   Other: 0.19ms
[2026-04-03T01:40:22.020+0600][58.866s][info][gc,heap        ] GC(192) Eden regions: 6->0(181)
[2026-04-03T01:40:22.020+0600][58.866s][info][gc,heap        ] GC(192) Survivor regions: 4->4(24)
[2026-04-03T01:40:22.020+0600][58.866s][info][gc,heap        ] GC(192) Old regions: 45->45
[2026-04-03T01:40:22.020+0600][58.866s][info][gc,heap        ] GC(192) Humongous regions: 9->3
[2026-04-03T01:40:22.020+0600][58.866s][info][gc,metaspace   ] GC(192) Metaspace: 131615K(133056K)->131615K(133056K) NonClass: 115059K(115776K)->115059K(115776K) Class: 16556K(17280K)->16556K(17280K)
[2026-04-03T01:40:22.020+0600][58.866s][info][gc             ] GC(192) Pause Young (Concurrent Start) (G1 Humongous Allocation) 121M->96M(618M) 3.255ms
[2026-04-03T01:40:22.020+0600][58.866s][info][gc             ] GC(193) Concurrent Undo Cycle
[2026-04-03T01:40:22.020+0600][58.866s][info][gc,cpu         ] GC(192) User=0.03s Sys=0.00s Real=0.01s
[2026-04-03T01:40:22.020+0600][58.866s][info][gc,marking     ] GC(193) Concurrent Clear Claimed Marks
[2026-04-03T01:40:22.020+0600][58.866s][info][gc,marking     ] GC(193) Concurrent Clear Claimed Marks 0.267ms
[2026-04-03T01:40:22.020+0600][58.866s][info][gc,marking     ] GC(193) Concurrent Cleanup for Next Mark
[2026-04-03T01:40:22.021+0600][58.867s][info][gc,marking     ] GC(193) Concurrent Cleanup for Next Mark 0.190ms
[2026-04-03T01:40:22.021+0600][58.867s][info][gc             ] GC(193) Concurrent Undo Cycle 0.646ms
[2026-04-03T01:40:22.042+0600][58.888s][info][gc,start       ] GC(194) Pause Young (Concurrent Start) (G1 Humongous Allocation)
[2026-04-03T01:40:22.042+0600][58.888s][info][gc,task        ] GC(194) Using 10 workers of 10 for evacuation
[2026-04-03T01:40:22.045+0600][58.891s][info][gc,phases      ] GC(194)   Pre Evacuate Collection Set: 0.42ms
[2026-04-03T01:40:22.045+0600][58.891s][info][gc,phases      ] GC(194)   Merge Heap Roots: 0.08ms
[2026-04-03T01:40:22.045+0600][58.891s][info][gc,phases      ] GC(194)   Evacuate Collection Set: 1.96ms
[2026-04-03T01:40:22.045+0600][58.891s][info][gc,phases      ] GC(194)   Post Evacuate Collection Set: 0.51ms
[2026-04-03T01:40:22.045+0600][58.891s][info][gc,phases      ] GC(194)   Other: 0.16ms
[2026-04-03T01:40:22.045+0600][58.891s][info][gc,heap        ] GC(194) Eden regions: 4->0(181)
[2026-04-03T01:40:22.045+0600][58.891s][info][gc,heap        ] GC(194) Survivor regions: 4->4(24)
[2026-04-03T01:40:22.045+0600][58.891s][info][gc,heap        ] GC(194) Old regions: 45->45
[2026-04-03T01:40:22.045+0600][58.891s][info][gc,heap        ] GC(194) Humongous regions: 4->3
[2026-04-03T01:40:22.045+0600][58.891s][info][gc,metaspace   ] GC(194) Metaspace: 131615K(133056K)->131615K(133056K) NonClass: 115059K(115776K)->115059K(115776K) Class: 16556K(17280K)->16556K(17280K)
[2026-04-03T01:40:22.045+0600][58.891s][info][gc             ] GC(194) Pause Young (Concurrent Start) (G1 Humongous Allocation) 104M->96M(618M) 3.396ms
[2026-04-03T01:40:22.045+0600][58.891s][info][gc             ] GC(195) Concurrent Mark Cycle
[2026-04-03T01:40:22.045+0600][58.891s][info][gc,cpu         ] GC(194) User=0.03s Sys=0.00s Real=0.00s
[2026-04-03T01:40:22.045+0600][58.891s][info][gc,marking     ] GC(195) Concurrent Scan Root Regions
[2026-04-03T01:40:22.048+0600][58.894s][info][gc,marking     ] GC(195) Concurrent Scan Root Regions 2.310ms
[2026-04-03T01:40:22.048+0600][58.894s][info][gc,marking     ] GC(195) Concurrent Mark
[2026-04-03T01:40:22.048+0600][58.894s][info][gc,marking     ] GC(195) Concurrent Mark From Roots
[2026-04-03T01:40:22.048+0600][58.894s][info][gc,task        ] GC(195) Using 3 workers of 3 for marking
[2026-04-03T01:40:22.141+0600][58.987s][info][gc,marking     ] GC(195) Concurrent Mark From Roots 93.675ms
[2026-04-03T01:40:22.141+0600][58.988s][info][gc,marking     ] GC(195) Concurrent Preclean
[2026-04-03T01:40:22.142+0600][58.988s][info][gc,marking     ] GC(195) Concurrent Preclean 0.655ms
[2026-04-03T01:40:22.143+0600][58.989s][info][gc,start       ] GC(195) Pause Remark
[2026-04-03T01:40:22.151+0600][58.997s][info][gc             ] GC(195) Pause Remark 156M->156M(448M) 8.568ms
[2026-04-03T01:40:22.151+0600][58.997s][info][gc,cpu         ] GC(195) User=0.06s Sys=0.00s Real=0.01s
[2026-04-03T01:40:22.151+0600][58.998s][info][gc,marking     ] GC(195) Concurrent Mark 103.814ms
[2026-04-03T01:40:22.152+0600][58.998s][info][gc,marking     ] GC(195) Concurrent Rebuild Remembered Sets and Scrub Regions
[2026-04-03T01:40:22.187+0600][59.033s][info][gc,marking     ] GC(195) Concurrent Rebuild Remembered Sets and Scrub Regions 34.991ms
[2026-04-03T01:40:22.187+0600][59.033s][info][gc,start       ] GC(195) Pause Cleanup
[2026-04-03T01:40:22.187+0600][59.033s][info][gc             ] GC(195) Pause Cleanup 188M->188M(448M) 0.310ms
[2026-04-03T01:40:22.187+0600][59.033s][info][gc,cpu         ] GC(195) User=0.00s Sys=0.00s Real=0.00s
[2026-04-03T01:40:22.187+0600][59.034s][info][gc,marking     ] GC(195) Concurrent Clear Claimed Marks
[2026-04-03T01:40:22.188+0600][59.034s][info][gc,marking     ] GC(195) Concurrent Clear Claimed Marks 0.423ms
[2026-04-03T01:40:22.188+0600][59.034s][info][gc,marking     ] GC(195) Concurrent Cleanup for Next Mark
[2026-04-03T01:40:22.189+0600][59.035s][info][gc,marking     ] GC(195) Concurrent Cleanup for Next Mark 0.812ms
[2026-04-03T01:40:22.189+0600][59.035s][info][gc             ] GC(195) Concurrent Mark Cycle 143.577ms
[2026-04-03T01:40:22.387+0600][59.233s][info][gc,start       ] GC(196) Pause Young (Prepare Mixed) (G1 Evacuation Pause)
[2026-04-03T01:40:22.387+0600][59.233s][info][gc,task        ] GC(196) Using 10 workers of 10 for evacuation
[2026-04-03T01:40:22.396+0600][59.242s][info][gc,phases      ] GC(196)   Pre Evacuate Collection Set: 0.66ms
[2026-04-03T01:40:22.396+0600][59.242s][info][gc,phases      ] GC(196)   Merge Heap Roots: 0.31ms
[2026-04-03T01:40:22.396+0600][59.242s][info][gc,phases      ] GC(196)   Evacuate Collection Set: 7.39ms
[2026-04-03T01:40:22.396+0600][59.242s][info][gc,phases      ] GC(196)   Post Evacuate Collection Set: 0.92ms
[2026-04-03T01:40:22.396+0600][59.242s][info][gc,phases      ] GC(196)   Other: 0.11ms
[2026-04-03T01:40:22.396+0600][59.242s][info][gc,heap        ] GC(196) Eden regions: 128->0(133)
[2026-04-03T01:40:22.396+0600][59.242s][info][gc,heap        ] GC(196) Survivor regions: 4->5(17)
[2026-04-03T01:40:22.396+0600][59.242s][info][gc,heap        ] GC(196) Old regions: 45->46
[2026-04-03T01:40:22.396+0600][59.243s][info][gc,heap        ] GC(196) Humongous regions: 47->3
[2026-04-03T01:40:22.396+0600][59.243s][info][gc,metaspace   ] GC(196) Metaspace: 131618K(133056K)->131618K(133056K) NonClass: 115061K(115776K)->115061K(115776K) Class: 16556K(17280K)->16556K(17280K)
[2026-04-03T01:40:22.396+0600][59.243s][info][gc             ] GC(196) Pause Young (Prepare Mixed) (G1 Evacuation Pause) 440M->100M(460M) 9.786ms
[2026-04-03T01:40:22.397+0600][59.243s][info][gc,cpu         ] GC(196) User=0.04s Sys=0.03s Real=0.01s
[2026-04-03T01:40:22.523+0600][59.369s][info][gc,start       ] GC(197) Pause Young (Mixed) (G1 Evacuation Pause)
[2026-04-03T01:40:22.523+0600][59.369s][info][gc,task        ] GC(197) Using 10 workers of 10 for evacuation
[2026-04-03T01:40:22.528+0600][59.374s][info][gc,phases      ] GC(197)   Pre Evacuate Collection Set: 0.41ms
[2026-04-03T01:40:22.528+0600][59.374s][info][gc,phases      ] GC(197)   Merge Heap Roots: 0.21ms
[2026-04-03T01:40:22.528+0600][59.374s][info][gc,phases      ] GC(197)   Evacuate Collection Set: 3.71ms
[2026-04-03T01:40:22.528+0600][59.374s][info][gc,phases      ] GC(197)   Post Evacuate Collection Set: 0.65ms
[2026-04-03T01:40:22.528+0600][59.374s][info][gc,phases      ] GC(197)   Other: 0.11ms
[2026-04-03T01:40:22.528+0600][59.374s][info][gc,heap        ] GC(197) Eden regions: 42->0(141)
[2026-04-03T01:40:22.528+0600][59.374s][info][gc,heap        ] GC(197) Survivor regions: 5->5(18)
[2026-04-03T01:40:22.528+0600][59.374s][info][gc,heap        ] GC(197) Old regions: 46->45
[2026-04-03T01:40:22.528+0600][59.374s][info][gc,heap        ] GC(197) Humongous regions: 146->12
[2026-04-03T01:40:22.528+0600][59.374s][info][gc,metaspace   ] GC(197) Metaspace: 131618K(133056K)->131618K(133056K) NonClass: 115061K(115776K)->115061K(115776K) Class: 16556K(17280K)->16556K(17280K)
[2026-04-03T01:40:22.528+0600][59.375s][info][gc             ] GC(197) Pause Young (Mixed) (G1 Evacuation Pause) 470M->117M(488M) 5.441ms
[2026-04-03T01:40:22.529+0600][59.375s][info][gc,cpu         ] GC(197) User=0.03s Sys=0.00s Real=0.00s
[2026-04-03T01:40:22.529+0600][59.375s][info][gc,start       ] GC(198) Pause Young (Concurrent Start) (G1 Humongous Allocation)
[2026-04-03T01:40:22.529+0600][59.375s][info][gc,task        ] GC(198) Using 10 workers of 10 for evacuation
[2026-04-03T01:40:22.533+0600][59.379s][info][gc,phases      ] GC(198)   Pre Evacuate Collection Set: 0.27ms
[2026-04-03T01:40:22.533+0600][59.379s][info][gc,phases      ] GC(198)   Merge Heap Roots: 0.15ms
[2026-04-03T01:40:22.533+0600][59.379s][info][gc,phases      ] GC(198)   Evacuate Collection Set: 2.24ms
[2026-04-03T01:40:22.533+0600][59.379s][info][gc,phases      ] GC(198)   Post Evacuate Collection Set: 0.52ms
[2026-04-03T01:40:22.533+0600][59.379s][info][gc,phases      ] GC(198)   Other: 0.12ms
[2026-04-03T01:40:22.533+0600][59.379s][info][gc,heap        ] GC(198) Eden regions: 2->0(141)
[2026-04-03T01:40:22.533+0600][59.379s][info][gc,heap        ] GC(198) Survivor regions: 5->5(19)
[2026-04-03T01:40:22.533+0600][59.379s][info][gc,heap        ] GC(198) Old regions: 45->45
[2026-04-03T01:40:22.533+0600][59.379s][info][gc,heap        ] GC(198) Humongous regions: 12->3
[2026-04-03T01:40:22.533+0600][59.379s][info][gc,metaspace   ] GC(198) Metaspace: 131618K(133056K)->131618K(133056K) NonClass: 115061K(115776K)->115061K(115776K) Class: 16556K(17280K)->16556K(17280K)
[2026-04-03T01:40:22.533+0600][59.379s][info][gc             ] GC(198) Pause Young (Concurrent Start) (G1 Humongous Allocation) 119M->99M(488M) 3.725ms
[2026-04-03T01:40:22.533+0600][59.379s][info][gc             ] GC(199) Concurrent Mark Cycle
[2026-04-03T01:40:22.533+0600][59.379s][info][gc,marking     ] GC(199) Concurrent Scan Root Regions
[2026-04-03T01:40:22.533+0600][59.379s][info][gc,cpu         ] GC(198) User=0.03s Sys=0.01s Real=0.01s
[2026-04-03T01:40:22.536+0600][59.383s][info][gc,marking     ] GC(199) Concurrent Scan Root Regions 3.399ms
[2026-04-03T01:40:22.537+0600][59.383s][info][gc,marking     ] GC(199) Concurrent Mark
[2026-04-03T01:40:22.537+0600][59.383s][info][gc,marking     ] GC(199) Concurrent Mark From Roots
[2026-04-03T01:40:22.537+0600][59.383s][info][gc,task        ] GC(199) Using 3 workers of 3 for marking
[2026-04-03T01:40:22.629+0600][59.475s][info][gc,marking     ] GC(199) Concurrent Mark From Roots 92.561ms
[2026-04-03T01:40:22.629+0600][59.475s][info][gc,marking     ] GC(199) Concurrent Preclean
[2026-04-03T01:40:22.630+0600][59.476s][info][gc,marking     ] GC(199) Concurrent Preclean 0.694ms
[2026-04-03T01:40:22.630+0600][59.476s][info][gc,start       ] GC(199) Pause Remark
[2026-04-03T01:40:22.639+0600][59.485s][info][gc             ] GC(199) Pause Remark 328M->328M(488M) 8.503ms
[2026-04-03T01:40:22.639+0600][59.485s][info][gc,cpu         ] GC(199) User=0.06s Sys=0.00s Real=0.00s
[2026-04-03T01:40:22.639+0600][59.485s][info][gc,marking     ] GC(199) Concurrent Mark 102.549ms
[2026-04-03T01:40:22.639+0600][59.485s][info][gc,marking     ] GC(199) Concurrent Rebuild Remembered Sets and Scrub Regions
[2026-04-03T01:40:22.663+0600][59.509s][info][gc,start       ] GC(200) Pause Young (Normal) (G1 Evacuation Pause)
[2026-04-03T01:40:22.663+0600][59.509s][info][gc,task        ] GC(200) Using 10 workers of 10 for evacuation
[2026-04-03T01:40:22.668+0600][59.514s][info][gc,phases      ] GC(200)   Pre Evacuate Collection Set: 0.33ms
[2026-04-03T01:40:22.668+0600][59.514s][info][gc,phases      ] GC(200)   Merge Heap Roots: 0.27ms
[2026-04-03T01:40:22.668+0600][59.514s][info][gc,phases      ] GC(200)   Evacuate Collection Set: 3.01ms
[2026-04-03T01:40:22.668+0600][59.514s][info][gc,phases      ] GC(200)   Post Evacuate Collection Set: 1.45ms
[2026-04-03T01:40:22.668+0600][59.514s][info][gc,phases      ] GC(200)   Other: 0.10ms
[2026-04-03T01:40:22.668+0600][59.514s][info][gc,heap        ] GC(200) Eden regions: 29->0(225)
[2026-04-03T01:40:22.668+0600][59.514s][info][gc,heap        ] GC(200) Survivor regions: 5->3(19)
[2026-04-03T01:40:22.668+0600][59.514s][info][gc,heap        ] GC(200) Old regions: 45->45
[2026-04-03T01:40:22.668+0600][59.514s][info][gc,heap        ] GC(200) Humongous regions: 165->9
[2026-04-03T01:40:22.668+0600][59.514s][info][gc,metaspace   ] GC(200) Metaspace: 131619K(133056K)->131619K(133056K) NonClass: 115062K(115776K)->115062K(115776K) Class: 16556K(17280K)->16556K(17280K)
[2026-04-03T01:40:22.668+0600][59.514s][info][gc             ] GC(200) Pause Young (Normal) (G1 Evacuation Pause) 481M->107M(760M) 5.417ms
[2026-04-03T01:40:22.668+0600][59.514s][info][gc,cpu         ] GC(200) User=0.02s Sys=0.01s Real=0.00s
[2026-04-03T01:40:22.678+0600][59.524s][info][gc,marking     ] GC(199) Concurrent Rebuild Remembered Sets and Scrub Regions 38.479ms
[2026-04-03T01:40:22.678+0600][59.525s][info][gc,start       ] GC(199) Pause Cleanup
[2026-04-03T01:40:22.679+0600][59.525s][info][gc             ] GC(199) Pause Cleanup 283M->283M(760M) 0.365ms
[2026-04-03T01:40:22.679+0600][59.525s][info][gc,cpu         ] GC(199) User=0.00s Sys=0.00s Real=0.00s
[2026-04-03T01:40:22.679+0600][59.525s][info][gc,marking     ] GC(199) Concurrent Clear Claimed Marks
[2026-04-03T01:40:22.680+0600][59.526s][info][gc,marking     ] GC(199) Concurrent Clear Claimed Marks 0.437ms
[2026-04-03T01:40:22.680+0600][59.526s][info][gc,marking     ] GC(199) Concurrent Cleanup for Next Mark
[2026-04-03T01:40:22.683+0600][59.529s][info][gc,marking     ] GC(199) Concurrent Cleanup for Next Mark 3.319ms
[2026-04-03T01:40:22.683+0600][59.529s][info][gc             ] GC(199) Concurrent Mark Cycle 150.077ms
[2026-04-03T01:40:23.270+0600][60.117s][info][gc,start       ] GC(201) Pause Young (Prepare Mixed) (G1 Evacuation Pause)
[2026-04-03T01:40:23.271+0600][60.117s][info][gc,task        ] GC(201) Using 10 workers of 10 for evacuation
[2026-04-03T01:40:23.275+0600][60.121s][info][gc,phases      ] GC(201)   Pre Evacuate Collection Set: 0.33ms
[2026-04-03T01:40:23.275+0600][60.121s][info][gc,phases      ] GC(201)   Merge Heap Roots: 0.21ms
[2026-04-03T01:40:23.275+0600][60.121s][info][gc,phases      ] GC(201)   Evacuate Collection Set: 2.92ms
[2026-04-03T01:40:23.275+0600][60.121s][info][gc,phases      ] GC(201)   Post Evacuate Collection Set: 0.78ms
[2026-04-03T01:40:23.275+0600][60.121s][info][gc,phases      ] GC(201)   Other: 0.14ms
[2026-04-03T01:40:23.275+0600][60.121s][info][gc,heap        ] GC(201) Eden regions: 139->0(229)
[2026-04-03T01:40:23.275+0600][60.121s][info][gc,heap        ] GC(201) Survivor regions: 3->3(29)
[2026-04-03T01:40:23.275+0600][60.121s][info][gc,heap        ] GC(201) Old regions: 45->45
[2026-04-03T01:40:23.275+0600][60.121s][info][gc,heap        ] GC(201) Humongous regions: 197->3
[2026-04-03T01:40:23.275+0600][60.121s][info][gc,metaspace   ] GC(201) Metaspace: 131636K(133120K)->131636K(133120K) NonClass: 115078K(115840K)->115078K(115840K) Class: 16557K(17280K)->16557K(17280K)
[2026-04-03T01:40:23.275+0600][60.121s][info][gc             ] GC(201) Pause Young (Prepare Mixed) (G1 Evacuation Pause) 761M->95M(774M) 4.673ms
[2026-04-03T01:40:23.275+0600][60.121s][info][gc,cpu         ] GC(201) User=0.03s Sys=0.01s Real=0.00s
[2026-04-03T01:40:23.753+0600][60.599s][info][gc,start       ] GC(202) Pause Young (Mixed) (G1 Evacuation Pause)
[2026-04-03T01:40:23.753+0600][60.600s][info][gc,task        ] GC(202) Using 10 workers of 10 for evacuation
[2026-04-03T01:40:23.758+0600][60.604s][info][gc,phases      ] GC(202)   Pre Evacuate Collection Set: 0.33ms
[2026-04-03T01:40:23.758+0600][60.605s][info][gc,phases      ] GC(202)   Merge Heap Roots: 0.20ms
[2026-04-03T01:40:23.758+0600][60.605s][info][gc,phases      ] GC(202)   Evacuate Collection Set: 3.52ms
[2026-04-03T01:40:23.758+0600][60.605s][info][gc,phases      ] GC(202)   Post Evacuate Collection Set: 0.74ms
[2026-04-03T01:40:23.758+0600][60.605s][info][gc,phases      ] GC(202)   Other: 0.11ms
[2026-04-03T01:40:23.758+0600][60.605s][info][gc,heap        ] GC(202) Eden regions: 187->0(234)
[2026-04-03T01:40:23.759+0600][60.605s][info][gc,heap        ] GC(202) Survivor regions: 3->3(29)
[2026-04-03T01:40:23.759+0600][60.605s][info][gc,heap        ] GC(202) Old regions: 45->44
[2026-04-03T01:40:23.759+0600][60.605s][info][gc,heap        ] GC(202) Humongous regions: 157->5
[2026-04-03T01:40:23.759+0600][60.605s][info][gc,metaspace   ] GC(202) Metaspace: 131642K(133120K)->131642K(133120K) NonClass: 115084K(115840K)->115084K(115840K) Class: 16557K(17280K)->16557K(17280K)
[2026-04-03T01:40:23.759+0600][60.605s][info][gc             ] GC(202) Pause Young (Mixed) (G1 Evacuation Pause) 777M->100M(790M) 5.183ms
[2026-04-03T01:40:23.759+0600][60.605s][info][gc,cpu         ] GC(202) User=0.04s Sys=0.00s Real=0.00s
[2026-04-03T01:40:23.833+0600][60.679s][info][gc,start       ] GC(203) Pause Young (Concurrent Start) (G1 Humongous Allocation)
[2026-04-03T01:40:23.834+0600][60.680s][info][gc,task        ] GC(203) Using 10 workers of 10 for evacuation
[2026-04-03T01:40:23.838+0600][60.684s][info][gc,phases      ] GC(203)   Pre Evacuate Collection Set: 0.41ms
[2026-04-03T01:40:23.838+0600][60.684s][info][gc,phases      ] GC(203)   Merge Heap Roots: 0.16ms
[2026-04-03T01:40:23.838+0600][60.684s][info][gc,phases      ] GC(203)   Evacuate Collection Set: 2.85ms
[2026-04-03T01:40:23.838+0600][60.684s][info][gc,phases      ] GC(203)   Post Evacuate Collection Set: 0.95ms
[2026-04-03T01:40:23.838+0600][60.684s][info][gc,phases      ] GC(203)   Other: 0.18ms
[2026-04-03T01:40:23.838+0600][60.684s][info][gc,heap        ] GC(203) Eden regions: 30->0(233)
[2026-04-03T01:40:23.838+0600][60.684s][info][gc,heap        ] GC(203) Survivor regions: 3->4(30)
[2026-04-03T01:40:23.838+0600][60.684s][info][gc,heap        ] GC(203) Old regions: 44->45
[2026-04-03T01:40:23.838+0600][60.684s][info][gc,heap        ] GC(203) Humongous regions: 21->3
[2026-04-03T01:40:23.838+0600][60.684s][info][gc,metaspace   ] GC(203) Metaspace: 131642K(133120K)->131642K(133120K) NonClass: 115084K(115840K)->115084K(115840K) Class: 16557K(17280K)->16557K(17280K)
[2026-04-03T01:40:23.838+0600][60.684s][info][gc             ] GC(203) Pause Young (Concurrent Start) (G1 Humongous Allocation) 191M->97M(790M) 4.835ms
[2026-04-03T01:40:23.838+0600][60.684s][info][gc             ] GC(204) Concurrent Undo Cycle
[2026-04-03T01:40:23.838+0600][60.684s][info][gc,cpu         ] GC(203) User=0.03s Sys=0.01s Real=0.00s
[2026-04-03T01:40:23.838+0600][60.684s][info][gc,marking     ] GC(204) Concurrent Clear Claimed Marks
[2026-04-03T01:40:23.839+0600][60.685s][info][gc,marking     ] GC(204) Concurrent Clear Claimed Marks 0.393ms
[2026-04-03T01:40:23.839+0600][60.685s][info][gc,marking     ] GC(204) Concurrent Cleanup for Next Mark
[2026-04-03T01:40:23.839+0600][60.685s][info][gc,marking     ] GC(204) Concurrent Cleanup for Next Mark 0.320ms
[2026-04-03T01:40:23.839+0600][60.685s][info][gc             ] GC(204) Concurrent Undo Cycle 0.934ms
[2026-04-03T01:40:23.879+0600][60.725s][info][gc,start       ] GC(205) Pause Young (Concurrent Start) (G1 Humongous Allocation)
[2026-04-03T01:40:23.879+0600][60.726s][info][gc,task        ] GC(205) Using 10 workers of 10 for evacuation
[2026-04-03T01:40:23.884+0600][60.730s][info][gc,phases      ] GC(205)   Pre Evacuate Collection Set: 0.40ms
[2026-04-03T01:40:23.884+0600][60.730s][info][gc,phases      ] GC(205)   Merge Heap Roots: 0.16ms
[2026-04-03T01:40:23.884+0600][60.730s][info][gc,phases      ] GC(205)   Evacuate Collection Set: 2.77ms
[2026-04-03T01:40:23.884+0600][60.730s][info][gc,phases      ] GC(205)   Post Evacuate Collection Set: 0.72ms
[2026-04-03T01:40:23.884+0600][60.730s][info][gc,phases      ] GC(205)   Other: 0.24ms
[2026-04-03T01:40:23.884+0600][60.730s][info][gc,heap        ] GC(205) Eden regions: 20->0(234)
[2026-04-03T01:40:23.884+0600][60.730s][info][gc,heap        ] GC(205) Survivor regions: 4->3(30)
[2026-04-03T01:40:23.884+0600][60.730s][info][gc,heap        ] GC(205) Old regions: 45->45
[2026-04-03T01:40:23.884+0600][60.730s][info][gc,heap        ] GC(205) Humongous regions: 17->3
[2026-04-03T01:40:23.884+0600][60.730s][info][gc,metaspace   ] GC(205) Metaspace: 131642K(133120K)->131642K(133120K) NonClass: 115084K(115840K)->115084K(115840K) Class: 16557K(17280K)->16557K(17280K)
[2026-04-03T01:40:23.884+0600][60.730s][info][gc             ] GC(205) Pause Young (Concurrent Start) (G1 Humongous Allocation) 163M->96M(790M) 4.589ms
[2026-04-03T01:40:23.884+0600][60.730s][info][gc             ] GC(206) Concurrent Undo Cycle
[2026-04-03T01:40:23.884+0600][60.730s][info][gc,cpu         ] GC(205) User=0.03s Sys=0.00s Real=0.01s
[2026-04-03T01:40:23.884+0600][60.730s][info][gc,marking     ] GC(206) Concurrent Clear Claimed Marks
[2026-04-03T01:40:23.884+0600][60.731s][info][gc,marking     ] GC(206) Concurrent Clear Claimed Marks 0.353ms
[2026-04-03T01:40:23.885+0600][60.731s][info][gc,marking     ] GC(206) Concurrent Cleanup for Next Mark
[2026-04-03T01:40:23.885+0600][60.731s][info][gc,marking     ] GC(206) Concurrent Cleanup for Next Mark 0.278ms
[2026-04-03T01:40:23.885+0600][60.731s][info][gc             ] GC(206) Concurrent Undo Cycle 0.866ms
[2026-04-03T01:40:23.951+0600][60.797s][info][gc,start       ] GC(207) Pause Young (Concurrent Start) (G1 Humongous Allocation)
[2026-04-03T01:40:23.951+0600][60.797s][info][gc,task        ] GC(207) Using 10 workers of 10 for evacuation
[2026-04-03T01:40:23.956+0600][60.802s][info][gc,phases      ] GC(207)   Pre Evacuate Collection Set: 0.42ms
[2026-04-03T01:40:23.956+0600][60.802s][info][gc,phases      ] GC(207)   Merge Heap Roots: 0.21ms
[2026-04-03T01:40:23.956+0600][60.802s][info][gc,phases      ] GC(207)   Evacuate Collection Set: 3.21ms
[2026-04-03T01:40:23.956+0600][60.802s][info][gc,phases      ] GC(207)   Post Evacuate Collection Set: 0.72ms
[2026-04-03T01:40:23.956+0600][60.802s][info][gc,phases      ] GC(207)   Other: 0.37ms
[2026-04-03T01:40:23.956+0600][60.802s][info][gc,heap        ] GC(207) Eden regions: 28->0(233)
[2026-04-03T01:40:23.956+0600][60.802s][info][gc,heap        ] GC(207) Survivor regions: 3->4(30)
[2026-04-03T01:40:23.956+0600][60.802s][info][gc,heap        ] GC(207) Old regions: 45->45
[2026-04-03T01:40:23.956+0600][60.802s][info][gc,heap        ] GC(207) Humongous regions: 20->3
[2026-04-03T01:40:23.956+0600][60.802s][info][gc,metaspace   ] GC(207) Metaspace: 131642K(133120K)->131642K(133120K) NonClass: 115084K(115840K)->115084K(115840K) Class: 16557K(17280K)->16557K(17280K)
[2026-04-03T01:40:23.956+0600][60.802s][info][gc             ] GC(207) Pause Young (Concurrent Start) (G1 Humongous Allocation) 186M->97M(790M) 5.244ms
[2026-04-03T01:40:23.957+0600][60.803s][info][gc,cpu         ] GC(207) User=0.03s Sys=0.00s Real=0.00s
[2026-04-03T01:40:23.957+0600][60.803s][info][gc             ] GC(208) Concurrent Undo Cycle
[2026-04-03T01:40:23.957+0600][60.803s][info][gc,marking     ] GC(208) Concurrent Clear Claimed Marks
[2026-04-03T01:40:23.957+0600][60.804s][info][gc,marking     ] GC(208) Concurrent Clear Claimed Marks 0.792ms
[2026-04-03T01:40:23.958+0600][60.804s][info][gc,marking     ] GC(208) Concurrent Cleanup for Next Mark
[2026-04-03T01:40:23.958+0600][60.804s][info][gc,marking     ] GC(208) Concurrent Cleanup for Next Mark 0.283ms
[2026-04-03T01:40:23.958+0600][60.804s][info][gc             ] GC(208) Concurrent Undo Cycle 1.316ms
[2026-04-03T01:40:24.010+0600][60.856s][info][gc,start       ] GC(209) Pause Young (Concurrent Start) (G1 Humongous Allocation)
[2026-04-03T01:40:24.010+0600][60.856s][info][gc,task        ] GC(209) Using 10 workers of 10 for evacuation
[2026-04-03T01:40:24.012+0600][60.858s][info][gc,phases      ] GC(209)   Pre Evacuate Collection Set: 0.31ms
[2026-04-03T01:40:24.012+0600][60.858s][info][gc,phases      ] GC(209)   Merge Heap Roots: 0.08ms
[2026-04-03T01:40:24.012+0600][60.858s][info][gc,phases      ] GC(209)   Evacuate Collection Set: 1.45ms
[2026-04-03T01:40:24.012+0600][60.858s][info][gc,phases      ] GC(209)   Post Evacuate Collection Set: 0.46ms
[2026-04-03T01:40:24.012+0600][60.858s][info][gc,phases      ] GC(209)   Other: 0.13ms
[2026-04-03T01:40:24.012+0600][60.858s][info][gc,heap        ] GC(209) Eden regions: 14->0(234)
[2026-04-03T01:40:24.012+0600][60.858s][info][gc,heap        ] GC(209) Survivor regions: 4->3(30)
[2026-04-03T01:40:24.012+0600][60.858s][info][gc,heap        ] GC(209) Old regions: 45->45
[2026-04-03T01:40:24.012+0600][60.858s][info][gc,heap        ] GC(209) Humongous regions: 22->3
[2026-04-03T01:40:24.012+0600][60.858s][info][gc,metaspace   ] GC(209) Metaspace: 131644K(133120K)->131644K(133120K) NonClass: 115086K(115840K)->115086K(115840K) Class: 16557K(17280K)->16557K(17280K)
[2026-04-03T01:40:24.012+0600][60.858s][info][gc             ] GC(209) Pause Young (Concurrent Start) (G1 Humongous Allocation) 163M->96M(790M) 2.640ms
[2026-04-03T01:40:24.012+0600][60.858s][info][gc             ] GC(210) Concurrent Undo Cycle
[2026-04-03T01:40:24.012+0600][60.858s][info][gc,cpu         ] GC(209) User=0.02s Sys=0.00s Real=0.01s
[2026-04-03T01:40:24.012+0600][60.859s][info][gc,marking     ] GC(210) Concurrent Clear Claimed Marks
[2026-04-03T01:40:24.013+0600][60.859s][info][gc,marking     ] GC(210) Concurrent Clear Claimed Marks 0.242ms
[2026-04-03T01:40:24.013+0600][60.859s][info][gc,marking     ] GC(210) Concurrent Cleanup for Next Mark
[2026-04-03T01:40:24.013+0600][60.859s][info][gc,marking     ] GC(210) Concurrent Cleanup for Next Mark 0.277ms
[2026-04-03T01:40:24.013+0600][60.859s][info][gc             ] GC(210) Concurrent Undo Cycle 0.707ms
[2026-04-03T01:40:24.384+0600][61.230s][info][gc,start       ] GC(211) Pause Young (Concurrent Start) (G1 Humongous Allocation)
[2026-04-03T01:40:24.384+0600][61.230s][info][gc,task        ] GC(211) Using 10 workers of 10 for evacuation
[2026-04-03T01:40:24.389+0600][61.235s][info][gc,phases      ] GC(211)   Pre Evacuate Collection Set: 0.41ms
[2026-04-03T01:40:24.389+0600][61.235s][info][gc,phases      ] GC(211)   Merge Heap Roots: 0.22ms
[2026-04-03T01:40:24.389+0600][61.235s][info][gc,phases      ] GC(211)   Evacuate Collection Set: 2.71ms
[2026-04-03T01:40:24.389+0600][61.235s][info][gc,phases      ] GC(211)   Post Evacuate Collection Set: 1.68ms
[2026-04-03T01:40:24.389+0600][61.235s][info][gc,phases      ] GC(211)   Other: 0.21ms
[2026-04-03T01:40:24.389+0600][61.235s][info][gc,heap        ] GC(211) Eden regions: 98->0(316)
[2026-04-03T01:40:24.389+0600][61.235s][info][gc,heap        ] GC(211) Survivor regions: 3->3(30)
[2026-04-03T01:40:24.389+0600][61.235s][info][gc,heap        ] GC(211) Old regions: 45->45
[2026-04-03T01:40:24.389+0600][61.235s][info][gc,heap        ] GC(211) Humongous regions: 24->3
[2026-04-03T01:40:24.389+0600][61.235s][info][gc,metaspace   ] GC(211) Metaspace: 131659K(133120K)->131659K(133120K) NonClass: 115100K(115840K)->115100K(115840K) Class: 16558K(17280K)->16558K(17280K)
[2026-04-03T01:40:24.389+0600][61.235s][info][gc             ] GC(211) Pause Young (Concurrent Start) (G1 Humongous Allocation) 333M->97M(1064M) 5.570ms
[2026-04-03T01:40:24.389+0600][61.235s][info][gc             ] GC(212) Concurrent Undo Cycle
[2026-04-03T01:40:24.389+0600][61.235s][info][gc,cpu         ] GC(211) User=0.03s Sys=0.00s Real=0.00s
[2026-04-03T01:40:24.389+0600][61.235s][info][gc,marking     ] GC(212) Concurrent Clear Claimed Marks
[2026-04-03T01:40:24.390+0600][61.236s][info][gc,marking     ] GC(212) Concurrent Clear Claimed Marks 0.323ms
[2026-04-03T01:40:24.390+0600][61.236s][info][gc,marking     ] GC(212) Concurrent Cleanup for Next Mark
[2026-04-03T01:40:24.390+0600][61.236s][info][gc,marking     ] GC(212) Concurrent Cleanup for Next Mark 0.324ms
[2026-04-03T01:40:24.390+0600][61.236s][info][gc             ] GC(212) Concurrent Undo Cycle 0.883ms
[2026-04-03T01:40:24.612+0600][61.458s][info][gc,start       ] GC(213) Pause Young (Concurrent Start) (G1 Humongous Allocation)
[2026-04-03T01:40:24.612+0600][61.458s][info][gc,task        ] GC(213) Using 10 workers of 10 for evacuation
[2026-04-03T01:40:24.617+0600][61.463s][info][gc,phases      ] GC(213)   Pre Evacuate Collection Set: 0.62ms
[2026-04-03T01:40:24.617+0600][61.463s][info][gc,phases      ] GC(213)   Merge Heap Roots: 0.22ms
[2026-04-03T01:40:24.617+0600][61.463s][info][gc,phases      ] GC(213)   Evacuate Collection Set: 2.92ms
[2026-04-03T01:40:24.617+0600][61.463s][info][gc,phases      ] GC(213)   Post Evacuate Collection Set: 0.76ms
[2026-04-03T01:40:24.617+0600][61.463s][info][gc,phases      ] GC(213)   Other: 0.24ms
[2026-04-03T01:40:24.617+0600][61.463s][info][gc,heap        ] GC(213) Eden regions: 81->0(316)
[2026-04-03T01:40:24.617+0600][61.463s][info][gc,heap        ] GC(213) Survivor regions: 3->3(40)
[2026-04-03T01:40:24.617+0600][61.463s][info][gc,heap        ] GC(213) Old regions: 45->45
[2026-04-03T01:40:24.617+0600][61.463s][info][gc,heap        ] GC(213) Humongous regions: 74->3
[2026-04-03T01:40:24.617+0600][61.463s][info][gc,metaspace   ] GC(213) Metaspace: 131659K(133120K)->131659K(133120K) NonClass: 115100K(115840K)->115100K(115840K) Class: 16558K(17280K)->16558K(17280K)
[2026-04-03T01:40:24.617+0600][61.463s][info][gc             ] GC(213) Pause Young (Concurrent Start) (G1 Humongous Allocation) 399M->96M(1064M) 5.134ms
[2026-04-03T01:40:24.617+0600][61.464s][info][gc,cpu         ] GC(213) User=0.02s Sys=0.02s Real=0.00s
[2026-04-03T01:40:24.617+0600][61.464s][info][gc             ] GC(214) Concurrent Undo Cycle
[2026-04-03T01:40:24.618+0600][61.464s][info][gc,marking     ] GC(214) Concurrent Clear Claimed Marks
[2026-04-03T01:40:24.618+0600][61.464s][info][gc,marking     ] GC(214) Concurrent Clear Claimed Marks 0.342ms
[2026-04-03T01:40:24.618+0600][61.464s][info][gc,marking     ] GC(214) Concurrent Cleanup for Next Mark
[2026-04-03T01:40:24.618+0600][61.464s][info][gc,marking     ] GC(214) Concurrent Cleanup for Next Mark 0.283ms
[2026-04-03T01:40:24.618+0600][61.464s][info][gc             ] GC(214) Concurrent Undo Cycle 0.795ms
[2026-04-03T01:40:24.858+0600][61.704s][info][gc,start       ] GC(215) Pause Young (Concurrent Start) (G1 Humongous Allocation)
[2026-04-03T01:40:24.858+0600][61.704s][info][gc,task        ] GC(215) Using 10 workers of 10 for evacuation
[2026-04-03T01:40:24.863+0600][61.709s][info][gc,phases      ] GC(215)   Pre Evacuate Collection Set: 0.63ms
[2026-04-03T01:40:24.863+0600][61.710s][info][gc,phases      ] GC(215)   Merge Heap Roots: 0.19ms
[2026-04-03T01:40:24.863+0600][61.710s][info][gc,phases      ] GC(215)   Evacuate Collection Set: 3.33ms
[2026-04-03T01:40:24.863+0600][61.710s][info][gc,phases      ] GC(215)   Post Evacuate Collection Set: 0.79ms
[2026-04-03T01:40:24.863+0600][61.710s][info][gc,phases      ] GC(215)   Other: 0.18ms
[2026-04-03T01:40:24.864+0600][61.710s][info][gc,heap        ] GC(215) Eden regions: 97->0(315)
[2026-04-03T01:40:24.864+0600][61.710s][info][gc,heap        ] GC(215) Survivor regions: 3->4(40)
[2026-04-03T01:40:24.864+0600][61.710s][info][gc,heap        ] GC(215) Old regions: 45->45
[2026-04-03T01:40:24.864+0600][61.710s][info][gc,heap        ] GC(215) Humongous regions: 77->3
[2026-04-03T01:40:24.864+0600][61.710s][info][gc,metaspace   ] GC(215) Metaspace: 131659K(133120K)->131659K(133120K) NonClass: 115100K(115840K)->115100K(115840K) Class: 16558K(17280K)->16558K(17280K)
[2026-04-03T01:40:24.864+0600][61.710s][info][gc             ] GC(215) Pause Young (Concurrent Start) (G1 Humongous Allocation) 436M->97M(1064M) 5.452ms
[2026-04-03T01:40:24.864+0600][61.710s][info][gc             ] GC(216) Concurrent Undo Cycle
[2026-04-03T01:40:24.864+0600][61.710s][info][gc,cpu         ] GC(215) User=0.03s Sys=0.00s Real=0.01s
[2026-04-03T01:40:24.864+0600][61.710s][info][gc,marking     ] GC(216) Concurrent Clear Claimed Marks
[2026-04-03T01:40:24.864+0600][61.710s][info][gc,marking     ] GC(216) Concurrent Clear Claimed Marks 0.326ms
[2026-04-03T01:40:24.864+0600][61.710s][info][gc,marking     ] GC(216) Concurrent Cleanup for Next Mark
[2026-04-03T01:40:24.864+0600][61.711s][info][gc,marking     ] GC(216) Concurrent Cleanup for Next Mark 0.310ms
[2026-04-03T01:40:24.864+0600][61.711s][info][gc             ] GC(216) Concurrent Undo Cycle 0.862ms
[2026-04-03T01:40:25.144+0600][61.990s][info][gc,start       ] GC(217) Pause Young (Concurrent Start) (G1 Humongous Allocation)
[2026-04-03T01:40:25.144+0600][61.990s][info][gc,task        ] GC(217) Using 10 workers of 10 for evacuation
[2026-04-03T01:40:25.150+0600][61.997s][info][gc,phases      ] GC(217)   Pre Evacuate Collection Set: 0.49ms
[2026-04-03T01:40:25.150+0600][61.997s][info][gc,phases      ] GC(217)   Merge Heap Roots: 0.23ms
[2026-04-03T01:40:25.151+0600][61.997s][info][gc,phases      ] GC(217)   Evacuate Collection Set: 3.75ms
[2026-04-03T01:40:25.151+0600][61.997s][info][gc,phases      ] GC(217)   Post Evacuate Collection Set: 1.33ms
[2026-04-03T01:40:25.151+0600][61.997s][info][gc,phases      ] GC(217)   Other: 0.24ms
[2026-04-03T01:40:25.151+0600][61.997s][info][gc,heap        ] GC(217) Eden regions: 111->0(315)
[2026-04-03T01:40:25.151+0600][61.997s][info][gc,heap        ] GC(217) Survivor regions: 4->4(40)
[2026-04-03T01:40:25.151+0600][61.997s][info][gc,heap        ] GC(217) Old regions: 45->45
[2026-04-03T01:40:25.151+0600][61.997s][info][gc,heap        ] GC(217) Humongous regions: 79->3
[2026-04-03T01:40:25.151+0600][61.997s][info][gc,metaspace   ] GC(217) Metaspace: 131660K(133120K)->131660K(133120K) NonClass: 115102K(115840K)->115102K(115840K) Class: 16558K(17280K)->16558K(17280K)
[2026-04-03T01:40:25.151+0600][61.997s][info][gc             ] GC(217) Pause Young (Concurrent Start) (G1 Humongous Allocation) 470M->98M(1064M) 6.423ms
[2026-04-03T01:40:25.151+0600][61.997s][info][gc,cpu         ] GC(217) User=0.03s Sys=0.00s Real=0.01s
[2026-04-03T01:40:25.151+0600][61.997s][info][gc             ] GC(218) Concurrent Undo Cycle
[2026-04-03T01:40:25.151+0600][61.997s][info][gc,marking     ] GC(218) Concurrent Clear Claimed Marks
[2026-04-03T01:40:25.151+0600][61.997s][info][gc,marking     ] GC(218) Concurrent Clear Claimed Marks 0.340ms
[2026-04-03T01:40:25.151+0600][61.997s][info][gc,marking     ] GC(218) Concurrent Cleanup for Next Mark
[2026-04-03T01:40:25.152+0600][61.998s][info][gc,marking     ] GC(218) Concurrent Cleanup for Next Mark 0.307ms
[2026-04-03T01:40:25.152+0600][61.998s][info][gc             ] GC(218) Concurrent Undo Cycle 0.835ms
[2026-04-03T01:40:25.594+0600][62.440s][info][gc,start       ] GC(219) Pause Young (Concurrent Start) (G1 Humongous Allocation)
[2026-04-03T01:40:25.594+0600][62.440s][info][gc,task        ] GC(219) Using 10 workers of 10 for evacuation
[2026-04-03T01:40:25.597+0600][62.443s][info][gc,phases      ] GC(219)   Pre Evacuate Collection Set: 0.48ms
[2026-04-03T01:40:25.597+0600][62.443s][info][gc,phases      ] GC(219)   Merge Heap Roots: 0.13ms
[2026-04-03T01:40:25.597+0600][62.443s][info][gc,phases      ] GC(219)   Evacuate Collection Set: 1.65ms
[2026-04-03T01:40:25.597+0600][62.443s][info][gc,phases      ] GC(219)   Post Evacuate Collection Set: 0.73ms
[2026-04-03T01:40:25.597+0600][62.443s][info][gc,phases      ] GC(219)   Other: 0.11ms
[2026-04-03T01:40:25.597+0600][62.443s][info][gc,heap        ] GC(219) Eden regions: 173->0(315)
[2026-04-03T01:40:25.597+0600][62.443s][info][gc,heap        ] GC(219) Survivor regions: 4->4(40)
[2026-04-03T01:40:25.597+0600][62.443s][info][gc,heap        ] GC(219) Old regions: 45->45
[2026-04-03T01:40:25.597+0600][62.443s][info][gc,heap        ] GC(219) Humongous regions: 80->3
[2026-04-03T01:40:25.597+0600][62.443s][info][gc,metaspace   ] GC(219) Metaspace: 131668K(133120K)->131668K(133120K) NonClass: 115110K(115840K)->115110K(115840K) Class: 16558K(17280K)->16558K(17280K)
[2026-04-03T01:40:25.597+0600][62.443s][info][gc             ] GC(219) Pause Young (Concurrent Start) (G1 Humongous Allocation) 598M->98M(1064M) 3.329ms
[2026-04-03T01:40:25.597+0600][62.443s][info][gc             ] GC(220) Concurrent Undo Cycle
[2026-04-03T01:40:25.597+0600][62.443s][info][gc,cpu         ] GC(219) User=0.02s Sys=0.01s Real=0.00s
[2026-04-03T01:40:25.597+0600][62.444s][info][gc,marking     ] GC(220) Concurrent Clear Claimed Marks
[2026-04-03T01:40:25.598+0600][62.444s][info][gc,marking     ] GC(220) Concurrent Clear Claimed Marks 0.219ms
[2026-04-03T01:40:25.598+0600][62.444s][info][gc,marking     ] GC(220) Concurrent Cleanup for Next Mark
[2026-04-03T01:40:25.598+0600][62.444s][info][gc,marking     ] GC(220) Concurrent Cleanup for Next Mark 0.237ms
[2026-04-03T01:40:25.598+0600][62.444s][info][gc             ] GC(220) Concurrent Undo Cycle 0.566ms
[2026-04-03T01:40:25.621+0600][62.467s][info][gc,start       ] GC(221) Pause Young (Concurrent Start) (G1 Humongous Allocation)
[2026-04-03T01:40:25.621+0600][62.467s][info][gc,task        ] GC(221) Using 10 workers of 10 for evacuation
[2026-04-03T01:40:25.625+0600][62.471s][info][gc,phases      ] GC(221)   Pre Evacuate Collection Set: 0.65ms
[2026-04-03T01:40:25.625+0600][62.471s][info][gc,phases      ] GC(221)   Merge Heap Roots: 0.23ms
[2026-04-03T01:40:25.625+0600][62.471s][info][gc,phases      ] GC(221)   Evacuate Collection Set: 2.28ms
[2026-04-03T01:40:25.625+0600][62.471s][info][gc,phases      ] GC(221)   Post Evacuate Collection Set: 0.66ms
[2026-04-03T01:40:25.625+0600][62.471s][info][gc,phases      ] GC(221)   Other: 0.24ms
[2026-04-03T01:40:25.625+0600][62.471s][info][gc,heap        ] GC(221) Eden regions: 11->0(315)
[2026-04-03T01:40:25.625+0600][62.471s][info][gc,heap        ] GC(221) Survivor regions: 4->4(40)
[2026-04-03T01:40:25.625+0600][62.471s][info][gc,heap        ] GC(221) Old regions: 45->45
[2026-04-03T01:40:25.625+0600][62.471s][info][gc,heap        ] GC(221) Humongous regions: 81->9
[2026-04-03T01:40:25.625+0600][62.471s][info][gc,metaspace   ] GC(221) Metaspace: 131668K(133120K)->131668K(133120K) NonClass: 115110K(115840K)->115110K(115840K) Class: 16558K(17280K)->16558K(17280K)
[2026-04-03T01:40:25.625+0600][62.471s][info][gc             ] GC(221) Pause Young (Concurrent Start) (G1 Humongous Allocation) 275M->110M(1064M) 4.487ms
[2026-04-03T01:40:25.626+0600][62.472s][info][gc,cpu         ] GC(221) User=0.03s Sys=0.00s Real=0.00s
[2026-04-03T01:40:25.626+0600][62.472s][info][gc             ] GC(222) Concurrent Undo Cycle
[2026-04-03T01:40:25.626+0600][62.472s][info][gc,marking     ] GC(222) Concurrent Clear Claimed Marks
[2026-04-03T01:40:25.626+0600][62.472s][info][gc,marking     ] GC(222) Concurrent Clear Claimed Marks 0.291ms
[2026-04-03T01:40:25.626+0600][62.472s][info][gc,marking     ] GC(222) Concurrent Cleanup for Next Mark
[2026-04-03T01:40:25.626+0600][62.472s][info][gc,marking     ] GC(222) Concurrent Cleanup for Next Mark 0.354ms
[2026-04-03T01:40:25.626+0600][62.472s][info][gc             ] GC(222) Concurrent Undo Cycle 0.885ms
[2026-04-03T01:40:25.631+0600][62.477s][info][gc,start       ] GC(223) Pause Young (Concurrent Start) (G1 Humongous Allocation)
[2026-04-03T01:40:25.632+0600][62.478s][info][gc,task        ] GC(223) Using 10 workers of 10 for evacuation
[2026-04-03T01:40:25.635+0600][62.481s][info][gc,phases      ] GC(223)   Pre Evacuate Collection Set: 0.54ms
[2026-04-03T01:40:25.635+0600][62.481s][info][gc,phases      ] GC(223)   Merge Heap Roots: 0.13ms
[2026-04-03T01:40:25.635+0600][62.481s][info][gc,phases      ] GC(223)   Evacuate Collection Set: 2.10ms
[2026-04-03T01:40:25.635+0600][62.481s][info][gc,phases      ] GC(223)   Post Evacuate Collection Set: 0.69ms
[2026-04-03T01:40:25.635+0600][62.481s][info][gc,phases      ] GC(223)   Other: 0.20ms
[2026-04-03T01:40:25.635+0600][62.481s][info][gc,heap        ] GC(223) Eden regions: 4->0(315)
[2026-04-03T01:40:25.635+0600][62.481s][info][gc,heap        ] GC(223) Survivor regions: 4->4(40)
[2026-04-03T01:40:25.635+0600][62.481s][info][gc,heap        ] GC(223) Old regions: 45->45
[2026-04-03T01:40:25.635+0600][62.481s][info][gc,heap        ] GC(223) Humongous regions: 48->9
[2026-04-03T01:40:25.635+0600][62.482s][info][gc,metaspace   ] GC(223) Metaspace: 131668K(133120K)->131668K(133120K) NonClass: 115110K(115840K)->115110K(115840K) Class: 16558K(17280K)->16558K(17280K)
[2026-04-03T01:40:25.635+0600][62.482s][info][gc             ] GC(223) Pause Young (Concurrent Start) (G1 Humongous Allocation) 195M->110M(1064M) 4.071ms
[2026-04-03T01:40:25.636+0600][62.482s][info][gc,cpu         ] GC(223) User=0.03s Sys=0.00s Real=0.00s
[2026-04-03T01:40:25.636+0600][62.482s][info][gc             ] GC(224) Concurrent Undo Cycle
[2026-04-03T01:40:25.636+0600][62.482s][info][gc,marking     ] GC(224) Concurrent Clear Claimed Marks
[2026-04-03T01:40:25.636+0600][62.482s][info][gc,marking     ] GC(224) Concurrent Clear Claimed Marks 0.325ms
[2026-04-03T01:40:25.636+0600][62.482s][info][gc,marking     ] GC(224) Concurrent Cleanup for Next Mark
[2026-04-03T01:40:25.636+0600][62.483s][info][gc,marking     ] GC(224) Concurrent Cleanup for Next Mark 0.351ms
[2026-04-03T01:40:25.637+0600][62.483s][info][gc             ] GC(224) Concurrent Undo Cycle 0.970ms
[2026-04-03T01:40:25.642+0600][62.488s][info][gc,start       ] GC(225) Pause Young (Concurrent Start) (G1 Humongous Allocation)
[2026-04-03T01:40:25.642+0600][62.488s][info][gc,task        ] GC(225) Using 10 workers of 10 for evacuation
[2026-04-03T01:40:25.646+0600][62.492s][info][gc,phases      ] GC(225)   Pre Evacuate Collection Set: 0.52ms
[2026-04-03T01:40:25.646+0600][62.492s][info][gc,phases      ] GC(225)   Merge Heap Roots: 0.19ms
[2026-04-03T01:40:25.646+0600][62.492s][info][gc,phases      ] GC(225)   Evacuate Collection Set: 2.39ms
[2026-04-03T01:40:25.646+0600][62.492s][info][gc,phases      ] GC(225)   Post Evacuate Collection Set: 0.59ms
[2026-04-03T01:40:25.646+0600][62.492s][info][gc,phases      ] GC(225)   Other: 0.28ms
[2026-04-03T01:40:25.646+0600][62.492s][info][gc,heap        ] GC(225) Eden regions: 4->0(315)
[2026-04-03T01:40:25.646+0600][62.492s][info][gc,heap        ] GC(225) Survivor regions: 4->4(40)
[2026-04-03T01:40:25.646+0600][62.492s][info][gc,heap        ] GC(225) Old regions: 45->45
[2026-04-03T01:40:25.646+0600][62.492s][info][gc,heap        ] GC(225) Humongous regions: 51->9
[2026-04-03T01:40:25.646+0600][62.492s][info][gc,metaspace   ] GC(225) Metaspace: 131668K(133120K)->131668K(133120K) NonClass: 115110K(115840K)->115110K(115840K) Class: 16558K(17280K)->16558K(17280K)
[2026-04-03T01:40:25.646+0600][62.492s][info][gc             ] GC(225) Pause Young (Concurrent Start) (G1 Humongous Allocation) 201M->109M(1064M) 4.325ms
[2026-04-03T01:40:25.646+0600][62.492s][info][gc             ] GC(226) Concurrent Undo Cycle
[2026-04-03T01:40:25.646+0600][62.493s][info][gc,cpu         ] GC(225) User=0.02s Sys=0.00s Real=0.00s
[2026-04-03T01:40:25.646+0600][62.493s][info][gc,marking     ] GC(226) Concurrent Clear Claimed Marks
[2026-04-03T01:40:25.647+0600][62.493s][info][gc,marking     ] GC(226) Concurrent Clear Claimed Marks 0.297ms
[2026-04-03T01:40:25.647+0600][62.493s][info][gc,marking     ] GC(226) Concurrent Cleanup for Next Mark
[2026-04-03T01:40:25.647+0600][62.493s][info][gc,marking     ] GC(226) Concurrent Cleanup for Next Mark 0.330ms
[2026-04-03T01:40:25.647+0600][62.493s][info][gc             ] GC(226) Concurrent Undo Cycle 0.870ms
[2026-04-03T01:40:25.679+0600][62.525s][info][gc,start       ] GC(227) Pause Young (Concurrent Start) (G1 Humongous Allocation)
[2026-04-03T01:40:25.679+0600][62.525s][info][gc,task        ] GC(227) Using 10 workers of 10 for evacuation
[2026-04-03T01:40:25.683+0600][62.530s][info][gc,phases      ] GC(227)   Pre Evacuate Collection Set: 0.83ms
[2026-04-03T01:40:25.684+0600][62.530s][info][gc,phases      ] GC(227)   Merge Heap Roots: 0.20ms
[2026-04-03T01:40:25.684+0600][62.530s][info][gc,phases      ] GC(227)   Evacuate Collection Set: 2.11ms
[2026-04-03T01:40:25.684+0600][62.530s][info][gc,phases      ] GC(227)   Post Evacuate Collection Set: 0.73ms
[2026-04-03T01:40:25.684+0600][62.530s][info][gc,phases      ] GC(227)   Other: 0.37ms
[2026-04-03T01:40:25.684+0600][62.530s][info][gc,heap        ] GC(227) Eden regions: 18->0(316)
[2026-04-03T01:40:25.684+0600][62.530s][info][gc,heap        ] GC(227) Survivor regions: 4->3(40)
[2026-04-03T01:40:25.684+0600][62.530s][info][gc,heap        ] GC(227) Old regions: 45->45
[2026-04-03T01:40:25.684+0600][62.530s][info][gc,heap        ] GC(227) Humongous regions: 55->4
[2026-04-03T01:40:25.684+0600][62.530s][info][gc,metaspace   ] GC(227) Metaspace: 131673K(133184K)->131673K(133184K) NonClass: 115114K(115904K)->115114K(115904K) Class: 16558K(17280K)->16558K(17280K)
[2026-04-03T01:40:25.684+0600][62.530s][info][gc             ] GC(227) Pause Young (Concurrent Start) (G1 Humongous Allocation) 235M->98M(1064M) 4.557ms
[2026-04-03T01:40:25.684+0600][62.530s][info][gc             ] GC(228) Concurrent Undo Cycle
[2026-04-03T01:40:25.684+0600][62.530s][info][gc,cpu         ] GC(227) User=0.03s Sys=0.00s Real=0.01s
[2026-04-03T01:40:25.684+0600][62.530s][info][gc,marking     ] GC(228) Concurrent Clear Claimed Marks
[2026-04-03T01:40:25.684+0600][62.530s][info][gc,marking     ] GC(228) Concurrent Clear Claimed Marks 0.332ms
[2026-04-03T01:40:25.684+0600][62.530s][info][gc,marking     ] GC(228) Concurrent Cleanup for Next Mark
[2026-04-03T01:40:25.685+0600][62.531s][info][gc,marking     ] GC(228) Concurrent Cleanup for Next Mark 0.385ms
[2026-04-03T01:40:25.685+0600][62.531s][info][gc             ] GC(228) Concurrent Undo Cycle 0.969ms
[2026-04-03T01:40:25.723+0600][62.569s][info][gc,start       ] GC(229) Pause Young (Concurrent Start) (G1 Humongous Allocation)
[2026-04-03T01:40:25.723+0600][62.569s][info][gc,task        ] GC(229) Using 10 workers of 10 for evacuation
[2026-04-03T01:40:25.728+0600][62.574s][info][gc,phases      ] GC(229)   Pre Evacuate Collection Set: 0.37ms
[2026-04-03T01:40:25.728+0600][62.574s][info][gc,phases      ] GC(229)   Merge Heap Roots: 0.12ms
[2026-04-03T01:40:25.728+0600][62.574s][info][gc,phases      ] GC(229)   Evacuate Collection Set: 1.59ms
[2026-04-03T01:40:25.728+0600][62.574s][info][gc,phases      ] GC(229)   Post Evacuate Collection Set: 2.90ms
[2026-04-03T01:40:25.728+0600][62.574s][info][gc,phases      ] GC(229)   Other: 0.15ms
[2026-04-03T01:40:25.728+0600][62.574s][info][gc,heap        ] GC(229) Eden regions: 13->0(582)
[2026-04-03T01:40:25.728+0600][62.574s][info][gc,heap        ] GC(229) Survivor regions: 3->3(40)
[2026-04-03T01:40:25.728+0600][62.574s][info][gc,heap        ] GC(229) Old regions: 45->45
[2026-04-03T01:40:25.728+0600][62.574s][info][gc,heap        ] GC(229) Humongous regions: 57->9
[2026-04-03T01:40:25.728+0600][62.574s][info][gc,metaspace   ] GC(229) Metaspace: 131673K(133184K)->131673K(133184K) NonClass: 115114K(115904K)->115114K(115904K) Class: 16558K(17280K)->16558K(17280K)
[2026-04-03T01:40:25.728+0600][62.574s][info][gc             ] GC(229) Pause Young (Concurrent Start) (G1 Humongous Allocation) 230M->108M(1950M) 5.371ms
[2026-04-03T01:40:25.728+0600][62.574s][info][gc             ] GC(230) Concurrent Undo Cycle
[2026-04-03T01:40:25.728+0600][62.574s][info][gc,cpu         ] GC(229) User=0.02s Sys=0.00s Real=0.00s
[2026-04-03T01:40:25.728+0600][62.575s][info][gc,marking     ] GC(230) Concurrent Clear Claimed Marks
[2026-04-03T01:40:25.729+0600][62.575s][info][gc,marking     ] GC(230) Concurrent Clear Claimed Marks 0.316ms
[2026-04-03T01:40:25.729+0600][62.575s][info][gc,marking     ] GC(230) Concurrent Cleanup for Next Mark
[2026-04-03T01:40:25.729+0600][62.575s][info][gc,marking     ] GC(230) Concurrent Cleanup for Next Mark 0.307ms
[2026-04-03T01:40:25.729+0600][62.575s][info][gc             ] GC(230) Concurrent Undo Cycle 0.807ms
[2026-04-03T01:40:25.921+0600][62.767s][info][gc,start       ] GC(231) Pause Young (Concurrent Start) (G1 Humongous Allocation)
[2026-04-03T01:40:25.921+0600][62.767s][info][gc,task        ] GC(231) Using 10 workers of 10 for evacuation
[2026-04-03T01:40:25.927+0600][62.773s][info][gc,phases      ] GC(231)   Pre Evacuate Collection Set: 0.54ms
[2026-04-03T01:40:25.927+0600][62.773s][info][gc,phases      ] GC(231)   Merge Heap Roots: 0.18ms
[2026-04-03T01:40:25.927+0600][62.773s][info][gc,phases      ] GC(231)   Evacuate Collection Set: 3.40ms
[2026-04-03T01:40:25.927+0600][62.773s][info][gc,phases      ] GC(231)   Post Evacuate Collection Set: 1.54ms
[2026-04-03T01:40:25.927+0600][62.773s][info][gc,phases      ] GC(231)   Other: 0.14ms
[2026-04-03T01:40:25.927+0600][62.773s][info][gc,heap        ] GC(231) Eden regions: 58->0(582)
[2026-04-03T01:40:25.927+0600][62.773s][info][gc,heap        ] GC(231) Survivor regions: 3->3(74)
[2026-04-03T01:40:25.927+0600][62.773s][info][gc,heap        ] GC(231) Old regions: 45->45
[2026-04-03T01:40:25.927+0600][62.773s][info][gc,heap        ] GC(231) Humongous regions: 203->3
[2026-04-03T01:40:25.927+0600][62.773s][info][gc,metaspace   ] GC(231) Metaspace: 131701K(133184K)->131701K(133184K) NonClass: 115142K(115904K)->115142K(115904K) Class: 16558K(17280K)->16558K(17280K)
[2026-04-03T01:40:25.927+0600][62.773s][info][gc             ] GC(231) Pause Young (Concurrent Start) (G1 Humongous Allocation) 612M->96M(1950M) 6.148ms
[2026-04-03T01:40:25.927+0600][62.773s][info][gc             ] GC(232) Concurrent Undo Cycle
[2026-04-03T01:40:25.927+0600][62.773s][info][gc,cpu         ] GC(231) User=0.04s Sys=0.01s Real=0.00s
[2026-04-03T01:40:25.927+0600][62.773s][info][gc,marking     ] GC(232) Concurrent Clear Claimed Marks
[2026-04-03T01:40:25.927+0600][62.774s][info][gc,marking     ] GC(232) Concurrent Clear Claimed Marks 0.413ms
[2026-04-03T01:40:25.927+0600][62.774s][info][gc,marking     ] GC(232) Concurrent Cleanup for Next Mark
[2026-04-03T01:40:25.928+0600][62.774s][info][gc,marking     ] GC(232) Concurrent Cleanup for Next Mark 0.495ms
[2026-04-03T01:40:25.928+0600][62.774s][info][gc             ] GC(232) Concurrent Undo Cycle 1.162ms
[2026-04-03T01:40:26.887+0600][63.734s][info][gc,start       ] GC(233) Pause Young (Concurrent Start) (G1 Humongous Allocation)
[2026-04-03T01:40:26.888+0600][63.734s][info][gc,task        ] GC(233) Using 10 workers of 10 for evacuation
[2026-04-03T01:40:26.893+0600][63.739s][info][gc,phases      ] GC(233)   Pre Evacuate Collection Set: 0.56ms
[2026-04-03T01:40:26.893+0600][63.739s][info][gc,phases      ] GC(233)   Merge Heap Roots: 0.25ms
[2026-04-03T01:40:26.893+0600][63.739s][info][gc,phases      ] GC(233)   Evacuate Collection Set: 3.16ms
[2026-04-03T01:40:26.893+0600][63.739s][info][gc,phases      ] GC(233)   Post Evacuate Collection Set: 0.82ms
[2026-04-03T01:40:26.893+0600][63.739s][info][gc,phases      ] GC(233)   Other: 0.17ms
[2026-04-03T01:40:26.893+0600][63.739s][info][gc,heap        ] GC(233) Eden regions: 314->0(581)
[2026-04-03T01:40:26.893+0600][63.739s][info][gc,heap        ] GC(233) Survivor regions: 3->4(74)
[2026-04-03T01:40:26.893+0600][63.739s][info][gc,heap        ] GC(233) Old regions: 45->45
[2026-04-03T01:40:26.893+0600][63.739s][info][gc,heap        ] GC(233) Humongous regions: 206->3
[2026-04-03T01:40:26.893+0600][63.739s][info][gc,metaspace   ] GC(233) Metaspace: 131703K(133184K)->131703K(133184K) NonClass: 115144K(115904K)->115144K(115904K) Class: 16558K(17280K)->16558K(17280K)
[2026-04-03T01:40:26.893+0600][63.739s][info][gc             ] GC(233) Pause Young (Concurrent Start) (G1 Humongous Allocation) 1130M->98M(1950M) 5.244ms
[2026-04-03T01:40:26.893+0600][63.739s][info][gc             ] GC(234) Concurrent Undo Cycle
[2026-04-03T01:40:26.893+0600][63.739s][info][gc,cpu         ] GC(233) User=0.03s Sys=0.01s Real=0.01s
[2026-04-03T01:40:26.893+0600][63.739s][info][gc,marking     ] GC(234) Concurrent Clear Claimed Marks
[2026-04-03T01:40:26.893+0600][63.739s][info][gc,marking     ] GC(234) Concurrent Clear Claimed Marks 0.310ms
[2026-04-03T01:40:26.893+0600][63.739s][info][gc,marking     ] GC(234) Concurrent Cleanup for Next Mark
[2026-04-03T01:40:26.894+0600][63.740s][info][gc,marking     ] GC(234) Concurrent Cleanup for Next Mark 0.343ms
[2026-04-03T01:40:26.894+0600][63.740s][info][gc             ] GC(234) Concurrent Undo Cycle 0.839ms
[2026-04-03T01:40:27.755+0600][64.601s][info][gc,start       ] GC(235) Pause Young (Concurrent Start) (G1 Humongous Allocation)
[2026-04-03T01:40:27.755+0600][64.601s][info][gc,task        ] GC(235) Using 10 workers of 10 for evacuation
[2026-04-03T01:40:27.760+0600][64.606s][info][gc,phases      ] GC(235)   Pre Evacuate Collection Set: 0.50ms
[2026-04-03T01:40:27.760+0600][64.606s][info][gc,phases      ] GC(235)   Merge Heap Roots: 0.32ms
[2026-04-03T01:40:27.760+0600][64.606s][info][gc,phases      ] GC(235)   Evacuate Collection Set: 2.17ms
[2026-04-03T01:40:27.760+0600][64.606s][info][gc,phases      ] GC(235)   Post Evacuate Collection Set: 1.11ms
[2026-04-03T01:40:27.760+0600][64.606s][info][gc,phases      ] GC(235)   Other: 0.26ms
[2026-04-03T01:40:27.760+0600][64.606s][info][gc,heap        ] GC(235) Eden regions: 307->0(581)
[2026-04-03T01:40:27.760+0600][64.606s][info][gc,heap        ] GC(235) Survivor regions: 4->4(74)
[2026-04-03T01:40:27.760+0600][64.606s][info][gc,heap        ] GC(235) Old regions: 45->45
[2026-04-03T01:40:27.760+0600][64.606s][info][gc,heap        ] GC(235) Humongous regions: 209->3
[2026-04-03T01:40:27.760+0600][64.606s][info][gc,metaspace   ] GC(235) Metaspace: 131736K(133184K)->131736K(133184K) NonClass: 115177K(115904K)->115177K(115904K) Class: 16558K(17280K)->16558K(17280K)
[2026-04-03T01:40:27.760+0600][64.606s][info][gc             ] GC(235) Pause Young (Concurrent Start) (G1 Humongous Allocation) 1123M->98M(1950M) 4.666ms
[2026-04-03T01:40:27.760+0600][64.606s][info][gc             ] GC(236) Concurrent Undo Cycle
[2026-04-03T01:40:27.760+0600][64.606s][info][gc,cpu         ] GC(235) User=0.04s Sys=0.00s Real=0.01s
[2026-04-03T01:40:27.760+0600][64.606s][info][gc,marking     ] GC(236) Concurrent Clear Claimed Marks
[2026-04-03T01:40:27.760+0600][64.606s][info][gc,marking     ] GC(236) Concurrent Clear Claimed Marks 0.287ms
[2026-04-03T01:40:27.760+0600][64.606s][info][gc,marking     ] GC(236) Concurrent Cleanup for Next Mark
[2026-04-03T01:40:27.761+0600][64.607s][info][gc,marking     ] GC(236) Concurrent Cleanup for Next Mark 0.326ms
[2026-04-03T01:40:27.761+0600][64.607s][info][gc             ] GC(236) Concurrent Undo Cycle 0.832ms
[2026-04-03T01:40:28.454+0600][65.300s][info][gc,start       ] GC(237) Pause Young (Concurrent Start) (G1 Humongous Allocation)
[2026-04-03T01:40:28.454+0600][65.300s][info][gc,task        ] GC(237) Using 10 workers of 10 for evacuation
[2026-04-03T01:40:28.459+0600][65.305s][info][gc,phases      ] GC(237)   Pre Evacuate Collection Set: 0.55ms
[2026-04-03T01:40:28.459+0600][65.305s][info][gc,phases      ] GC(237)   Merge Heap Roots: 0.23ms
[2026-04-03T01:40:28.459+0600][65.305s][info][gc,phases      ] GC(237)   Evacuate Collection Set: 2.44ms
[2026-04-03T01:40:28.459+0600][65.305s][info][gc,phases      ] GC(237)   Post Evacuate Collection Set: 1.52ms
[2026-04-03T01:40:28.459+0600][65.305s][info][gc,phases      ] GC(237)   Other: 0.23ms
[2026-04-03T01:40:28.459+0600][65.305s][info][gc,heap        ] GC(237) Eden regions: 283->0(580)
[2026-04-03T01:40:28.459+0600][65.305s][info][gc,heap        ] GC(237) Survivor regions: 4->5(74)
[2026-04-03T01:40:28.459+0600][65.305s][info][gc,heap        ] GC(237) Old regions: 45->45
[2026-04-03T01:40:28.459+0600][65.305s][info][gc,heap        ] GC(237) Humongous regions: 211->6
[2026-04-03T01:40:28.459+0600][65.305s][info][gc,metaspace   ] GC(237) Metaspace: 131738K(133184K)->131738K(133184K) NonClass: 115179K(115904K)->115179K(115904K) Class: 16558K(17280K)->16558K(17280K)
[2026-04-03T01:40:28.459+0600][65.305s][info][gc             ] GC(237) Pause Young (Concurrent Start) (G1 Humongous Allocation) 1079M->108M(1950M) 5.241ms
[2026-04-03T01:40:28.459+0600][65.305s][info][gc             ] GC(238) Concurrent Undo Cycle
[2026-04-03T01:40:28.459+0600][65.305s][info][gc,cpu         ] GC(237) User=0.03s Sys=0.00s Real=0.00s
[2026-04-03T01:40:28.459+0600][65.306s][info][gc,marking     ] GC(238) Concurrent Clear Claimed Marks
[2026-04-03T01:40:28.460+0600][65.306s][info][gc,marking     ] GC(238) Concurrent Clear Claimed Marks 0.391ms
[2026-04-03T01:40:28.460+0600][65.306s][info][gc,marking     ] GC(238) Concurrent Cleanup for Next Mark
[2026-04-03T01:40:28.460+0600][65.306s][info][gc,marking     ] GC(238) Concurrent Cleanup for Next Mark 0.327ms
[2026-04-03T01:40:28.460+0600][65.306s][info][gc             ] GC(238) Concurrent Undo Cycle 0.967ms
[2026-04-03T01:40:28.547+0600][65.393s][info][gc,start       ] GC(239) Pause Young (Concurrent Start) (G1 Humongous Allocation)
[2026-04-03T01:40:28.547+0600][65.393s][info][gc,task        ] GC(239) Using 10 workers of 10 for evacuation
[2026-04-03T01:40:28.550+0600][65.396s][info][gc,phases      ] GC(239)   Pre Evacuate Collection Set: 0.51ms
[2026-04-03T01:40:28.550+0600][65.396s][info][gc,phases      ] GC(239)   Merge Heap Roots: 0.17ms
[2026-04-03T01:40:28.550+0600][65.396s][info][gc,phases      ] GC(239)   Evacuate Collection Set: 1.69ms
[2026-04-03T01:40:28.550+0600][65.396s][info][gc,phases      ] GC(239)   Post Evacuate Collection Set: 0.62ms
[2026-04-03T01:40:28.550+0600][65.396s][info][gc,phases      ] GC(239)   Other: 0.11ms
[2026-04-03T01:40:28.550+0600][65.396s][info][gc,heap        ] GC(239) Eden regions: 34->0(581)
[2026-04-03T01:40:28.550+0600][65.396s][info][gc,heap        ] GC(239) Survivor regions: 5->4(74)
[2026-04-03T01:40:28.550+0600][65.396s][info][gc,heap        ] GC(239) Old regions: 45->45
[2026-04-03T01:40:28.550+0600][65.396s][info][gc,heap        ] GC(239) Humongous regions: 213->9
[2026-04-03T01:40:28.550+0600][65.396s][info][gc,metaspace   ] GC(239) Metaspace: 131739K(133184K)->131739K(133184K) NonClass: 115180K(115904K)->115180K(115904K) Class: 16558K(17280K)->16558K(17280K)
[2026-04-03T01:40:28.550+0600][65.396s][info][gc             ] GC(239) Pause Young (Concurrent Start) (G1 Humongous Allocation) 589M->110M(1950M) 3.430ms
[2026-04-03T01:40:28.550+0600][65.396s][info][gc             ] GC(240) Concurrent Undo Cycle
[2026-04-03T01:40:28.550+0600][65.397s][info][gc,cpu         ] GC(239) User=0.02s Sys=0.00s Real=0.01s
[2026-04-03T01:40:28.550+0600][65.397s][info][gc,marking     ] GC(240) Concurrent Clear Claimed Marks
[2026-04-03T01:40:28.551+0600][65.397s][info][gc,marking     ] GC(240) Concurrent Clear Claimed Marks 0.341ms
[2026-04-03T01:40:28.551+0600][65.397s][info][gc,marking     ] GC(240) Concurrent Cleanup for Next Mark
[2026-04-03T01:40:28.551+0600][65.397s][info][gc,marking     ] GC(240) Concurrent Cleanup for Next Mark 0.409ms
[2026-04-03T01:40:28.551+0600][65.397s][info][gc             ] GC(240) Concurrent Undo Cycle 0.937ms
[2026-04-03T01:40:29.058+0600][65.905s][info][gc,start       ] GC(241) Pause Young (Concurrent Start) (GCLocker Initiated GC)
[2026-04-03T01:40:29.059+0600][65.905s][info][gc,task        ] GC(241) Using 10 workers of 10 for evacuation
[2026-04-03T01:40:29.064+0600][65.910s][info][gc,phases      ] GC(241)   Pre Evacuate Collection Set: 0.63ms
[2026-04-03T01:40:29.064+0600][65.910s][info][gc,phases      ] GC(241)   Merge Heap Roots: 0.23ms
[2026-04-03T01:40:29.064+0600][65.910s][info][gc,phases      ] GC(241)   Evacuate Collection Set: 3.60ms
[2026-04-03T01:40:29.064+0600][65.910s][info][gc,phases      ] GC(241)   Post Evacuate Collection Set: 0.87ms
[2026-04-03T01:40:29.064+0600][65.910s][info][gc,phases      ] GC(241)   Other: 0.15ms
[2026-04-03T01:40:29.064+0600][65.910s][info][gc,heap        ] GC(241) Eden regions: 153->0(581)
[2026-04-03T01:40:29.064+0600][65.910s][info][gc,heap        ] GC(241) Survivor regions: 4->4(74)
[2026-04-03T01:40:29.064+0600][65.910s][info][gc,heap        ] GC(241) Old regions: 45->45
[2026-04-03T01:40:29.064+0600][65.910s][info][gc,heap        ] GC(241) Humongous regions: 215->3
[2026-04-03T01:40:29.064+0600][65.910s][info][gc,metaspace   ] GC(241) Metaspace: 131771K(133184K)->131771K(133184K) NonClass: 115212K(115904K)->115212K(115904K) Class: 16558K(17280K)->16558K(17280K)
[2026-04-03T01:40:29.064+0600][65.910s][info][gc             ] GC(241) Pause Young (Concurrent Start) (GCLocker Initiated GC) 827M->100M(1950M) 5.769ms
[2026-04-03T01:40:29.064+0600][65.910s][info][gc,cpu         ] GC(241) User=0.05s Sys=0.00s Real=0.01s
[2026-04-03T01:40:29.064+0600][65.910s][info][gc             ] GC(242) Concurrent Mark Cycle
[2026-04-03T01:40:29.064+0600][65.910s][info][gc,marking     ] GC(242) Concurrent Scan Root Regions
[2026-04-03T01:40:29.068+0600][65.914s][info][gc,marking     ] GC(242) Concurrent Scan Root Regions 3.318ms
[2026-04-03T01:40:29.068+0600][65.914s][info][gc,marking     ] GC(242) Concurrent Mark
[2026-04-03T01:40:29.068+0600][65.914s][info][gc,marking     ] GC(242) Concurrent Mark From Roots
[2026-04-03T01:40:29.068+0600][65.914s][info][gc,task        ] GC(242) Using 3 workers of 3 for marking
[2026-04-03T01:40:29.160+0600][66.007s][info][gc,marking     ] GC(242) Concurrent Mark From Roots 92.624ms
[2026-04-03T01:40:29.161+0600][66.007s][info][gc,marking     ] GC(242) Concurrent Preclean
[2026-04-03T01:40:29.161+0600][66.007s][info][gc,marking     ] GC(242) Concurrent Preclean 0.710ms
[2026-04-03T01:40:29.162+0600][66.008s][info][gc,start       ] GC(242) Pause Remark
[2026-04-03T01:40:29.171+0600][66.017s][info][gc             ] GC(242) Pause Remark 201M->201M(500M) 9.582ms
[2026-04-03T01:40:29.171+0600][66.018s][info][gc,cpu         ] GC(242) User=0.07s Sys=0.00s Real=0.01s
[2026-04-03T01:40:29.172+0600][66.018s][info][gc,marking     ] GC(242) Concurrent Mark 103.789ms
[2026-04-03T01:40:29.172+0600][66.018s][info][gc,marking     ] GC(242) Concurrent Rebuild Remembered Sets and Scrub Regions
[2026-04-03T01:40:29.209+0600][66.055s][info][gc,marking     ] GC(242) Concurrent Rebuild Remembered Sets and Scrub Regions 36.928ms
[2026-04-03T01:40:29.209+0600][66.055s][info][gc,start       ] GC(242) Pause Cleanup
[2026-04-03T01:40:29.209+0600][66.056s][info][gc             ] GC(242) Pause Cleanup 243M->243M(500M) 0.321ms
[2026-04-03T01:40:29.210+0600][66.056s][info][gc,cpu         ] GC(242) User=0.00s Sys=0.00s Real=0.00s
[2026-04-03T01:40:29.210+0600][66.056s][info][gc,marking     ] GC(242) Concurrent Clear Claimed Marks
[2026-04-03T01:40:29.210+0600][66.056s][info][gc,marking     ] GC(242) Concurrent Clear Claimed Marks 0.438ms
[2026-04-03T01:40:29.210+0600][66.056s][info][gc,marking     ] GC(242) Concurrent Cleanup for Next Mark
[2026-04-03T01:40:29.211+0600][66.057s][info][gc,marking     ] GC(242) Concurrent Cleanup for Next Mark 1.097ms
[2026-04-03T01:40:29.211+0600][66.057s][info][gc             ] GC(242) Concurrent Mark Cycle 146.959ms
[2026-04-03T01:40:29.406+0600][66.252s][info][gc,start       ] GC(243) Pause Young (Prepare Mixed) (GCLocker Initiated GC)
[2026-04-03T01:40:29.406+0600][66.252s][info][gc,task        ] GC(243) Using 10 workers of 10 for evacuation
[2026-04-03T01:40:29.411+0600][66.258s][info][gc,phases      ] GC(243)   Pre Evacuate Collection Set: 0.49ms
[2026-04-03T01:40:29.412+0600][66.258s][info][gc,phases      ] GC(243)   Merge Heap Roots: 0.19ms
[2026-04-03T01:40:29.412+0600][66.258s][info][gc,phases      ] GC(243)   Evacuate Collection Set: 4.33ms
[2026-04-03T01:40:29.412+0600][66.258s][info][gc,phases      ] GC(243)   Post Evacuate Collection Set: 0.64ms
[2026-04-03T01:40:29.412+0600][66.258s][info][gc,phases      ] GC(243)   Other: 0.12ms
[2026-04-03T01:40:29.412+0600][66.258s][info][gc,heap        ] GC(243) Eden regions: 108->0(150)
[2026-04-03T01:40:29.412+0600][66.258s][info][gc,heap        ] GC(243) Survivor regions: 4->4(19)
[2026-04-03T01:40:29.412+0600][66.258s][info][gc,heap        ] GC(243) Old regions: 45->46
[2026-04-03T01:40:29.412+0600][66.258s][info][gc,heap        ] GC(243) Humongous regions: 96->4
[2026-04-03T01:40:29.412+0600][66.258s][info][gc,metaspace   ] GC(243) Metaspace: 131771K(133184K)->131771K(133184K) NonClass: 115212K(115904K)->115212K(115904K) Class: 16558K(17280K)->16558K(17280K)
[2026-04-03T01:40:29.412+0600][66.258s][info][gc             ] GC(243) Pause Young (Prepare Mixed) (GCLocker Initiated GC) 502M->101M(516M) 6.118ms
[2026-04-03T01:40:29.412+0600][66.258s][info][gc,cpu         ] GC(243) User=0.03s Sys=0.02s Real=0.01s
[2026-04-03T01:40:29.701+0600][66.548s][info][gc,start       ] GC(244) Pause Young (Mixed) (G1 Evacuation Pause)
[2026-04-03T01:40:29.702+0600][66.548s][info][gc,task        ] GC(244) Using 10 workers of 10 for evacuation
[2026-04-03T01:40:29.706+0600][66.552s][info][gc,phases      ] GC(244)   Pre Evacuate Collection Set: 0.29ms
[2026-04-03T01:40:29.706+0600][66.552s][info][gc,phases      ] GC(244)   Merge Heap Roots: 0.18ms
[2026-04-03T01:40:29.706+0600][66.552s][info][gc,phases      ] GC(244)   Evacuate Collection Set: 3.05ms
[2026-04-03T01:40:29.706+0600][66.552s][info][gc,phases      ] GC(244)   Post Evacuate Collection Set: 0.72ms
[2026-04-03T01:40:29.706+0600][66.552s][info][gc,phases      ] GC(244)   Other: 0.08ms
[2026-04-03T01:40:29.706+0600][66.552s][info][gc,heap        ] GC(244) Eden regions: 113->0(155)
[2026-04-03T01:40:29.706+0600][66.552s][info][gc,heap        ] GC(244) Survivor regions: 4->4(20)
[2026-04-03T01:40:29.706+0600][66.552s][info][gc,heap        ] GC(244) Old regions: 46->45
[2026-04-03T01:40:29.706+0600][66.552s][info][gc,heap        ] GC(244) Humongous regions: 98->3
[2026-04-03T01:40:29.706+0600][66.552s][info][gc,metaspace   ] GC(244) Metaspace: 131771K(133184K)->131771K(133184K) NonClass: 115212K(115904K)->115212K(115904K) Class: 16558K(17280K)->16558K(17280K)
[2026-04-03T01:40:29.706+0600][66.552s][info][gc             ] GC(244) Pause Young (Mixed) (G1 Evacuation Pause) 515M->98M(532M) 4.546ms
[2026-04-03T01:40:29.706+0600][66.552s][info][gc,cpu         ] GC(244) User=0.03s Sys=0.01s Real=0.00s
[2026-04-03T01:40:29.730+0600][66.576s][info][gc,start       ] GC(245) Pause Young (Concurrent Start) (GCLocker Initiated GC)
[2026-04-03T01:40:29.730+0600][66.576s][info][gc,task        ] GC(245) Using 10 workers of 10 for evacuation
[2026-04-03T01:40:29.736+0600][66.582s][info][gc,phases      ] GC(245)   Pre Evacuate Collection Set: 0.49ms
[2026-04-03T01:40:29.736+0600][66.582s][info][gc,phases      ] GC(245)   Merge Heap Roots: 0.20ms
[2026-04-03T01:40:29.736+0600][66.582s][info][gc,phases      ] GC(245)   Evacuate Collection Set: 4.05ms
[2026-04-03T01:40:29.736+0600][66.582s][info][gc,phases      ] GC(245)   Post Evacuate Collection Set: 0.94ms
[2026-04-03T01:40:29.736+0600][66.582s][info][gc,phases      ] GC(245)   Other: 0.24ms
[2026-04-03T01:40:29.736+0600][66.583s][info][gc,heap        ] GC(245) Eden regions: 13->0(154)
[2026-04-03T01:40:29.736+0600][66.583s][info][gc,heap        ] GC(245) Survivor regions: 4->5(20)
[2026-04-03T01:40:29.736+0600][66.583s][info][gc,heap        ] GC(245) Old regions: 45->45
[2026-04-03T01:40:29.736+0600][66.583s][info][gc,heap        ] GC(245) Humongous regions: 3->3
[2026-04-03T01:40:29.736+0600][66.583s][info][gc,metaspace   ] GC(245) Metaspace: 131771K(133184K)->131771K(133184K) NonClass: 115212K(115904K)->115212K(115904K) Class: 16558K(17280K)->16558K(17280K)
[2026-04-03T01:40:29.736+0600][66.583s][info][gc             ] GC(245) Pause Young (Concurrent Start) (GCLocker Initiated GC) 122M->100M(532M) 6.281ms
[2026-04-03T01:40:29.737+0600][66.583s][info][gc             ] GC(246) Concurrent Mark Cycle
[2026-04-03T01:40:29.737+0600][66.583s][info][gc,cpu         ] GC(245) User=0.04s Sys=0.00s Real=0.00s
[2026-04-03T01:40:29.737+0600][66.583s][info][gc,marking     ] GC(246) Concurrent Scan Root Regions
[2026-04-03T01:40:29.740+0600][66.586s][info][gc,marking     ] GC(246) Concurrent Scan Root Regions 3.011ms
[2026-04-03T01:40:29.740+0600][66.586s][info][gc,marking     ] GC(246) Concurrent Mark
[2026-04-03T01:40:29.740+0600][66.586s][info][gc,marking     ] GC(246) Concurrent Mark From Roots
[2026-04-03T01:40:29.740+0600][66.586s][info][gc,task        ] GC(246) Using 3 workers of 3 for marking
[2026-04-03T01:40:29.829+0600][66.675s][info][gc,marking     ] GC(246) Concurrent Mark From Roots 88.742ms
[2026-04-03T01:40:29.829+0600][66.675s][info][gc,marking     ] GC(246) Concurrent Preclean
[2026-04-03T01:40:29.829+0600][66.676s][info][gc,marking     ] GC(246) Concurrent Preclean 0.778ms
[2026-04-03T01:40:29.830+0600][66.676s][info][gc,start       ] GC(246) Pause Remark
[2026-04-03T01:40:29.841+0600][66.687s][info][gc             ] GC(246) Pause Remark 194M->194M(500M) 10.673ms
[2026-04-03T01:40:29.841+0600][66.687s][info][gc,cpu         ] GC(246) User=0.09s Sys=0.01s Real=0.01s
[2026-04-03T01:40:29.841+0600][66.687s][info][gc,marking     ] GC(246) Concurrent Mark 101.251ms
[2026-04-03T01:40:29.841+0600][66.687s][info][gc,marking     ] GC(246) Concurrent Rebuild Remembered Sets and Scrub Regions
[2026-04-03T01:40:29.889+0600][66.735s][info][gc,marking     ] GC(246) Concurrent Rebuild Remembered Sets and Scrub Regions 47.750ms
[2026-04-03T01:40:29.889+0600][66.735s][info][gc,start       ] GC(246) Pause Cleanup
[2026-04-03T01:40:29.890+0600][66.736s][info][gc             ] GC(246) Pause Cleanup 224M->224M(500M) 0.392ms
[2026-04-03T01:40:29.890+0600][66.736s][info][gc,cpu         ] GC(246) User=0.00s Sys=0.00s Real=0.01s
[2026-04-03T01:40:29.890+0600][66.736s][info][gc,marking     ] GC(246) Concurrent Clear Claimed Marks
[2026-04-03T01:40:29.890+0600][66.736s][info][gc,marking     ] GC(246) Concurrent Clear Claimed Marks 0.392ms
[2026-04-03T01:40:29.890+0600][66.736s][info][gc,marking     ] GC(246) Concurrent Cleanup for Next Mark
[2026-04-03T01:40:29.891+0600][66.737s][info][gc,marking     ] GC(246) Concurrent Cleanup for Next Mark 0.672ms
[2026-04-03T01:40:29.891+0600][66.737s][info][gc             ] GC(246) Concurrent Mark Cycle 154.574ms
[2026-04-03T01:40:30.145+0600][66.991s][info][gc,start       ] GC(247) Pause Young (Prepare Mixed) (G1 Evacuation Pause)
[2026-04-03T01:40:30.145+0600][66.991s][info][gc,task        ] GC(247) Using 10 workers of 10 for evacuation
[2026-04-03T01:40:30.152+0600][66.998s][info][gc,phases      ] GC(247)   Pre Evacuate Collection Set: 0.31ms
[2026-04-03T01:40:30.152+0600][66.999s][info][gc,phases      ] GC(247)   Merge Heap Roots: 0.27ms
[2026-04-03T01:40:30.152+0600][66.999s][info][gc,phases      ] GC(247)   Evacuate Collection Set: 5.71ms
[2026-04-03T01:40:30.152+0600][66.999s][info][gc,phases      ] GC(247)   Post Evacuate Collection Set: 0.83ms
[2026-04-03T01:40:30.152+0600][66.999s][info][gc,phases      ] GC(247)   Other: 0.13ms
[2026-04-03T01:40:30.152+0600][66.999s][info][gc,heap        ] GC(247) Eden regions: 130->0(148)
[2026-04-03T01:40:30.152+0600][66.999s][info][gc,heap        ] GC(247) Survivor regions: 5->6(19)
[2026-04-03T01:40:30.153+0600][66.999s][info][gc,heap        ] GC(247) Old regions: 45->46
[2026-04-03T01:40:30.153+0600][66.999s][info][gc,heap        ] GC(247) Humongous regions: 70->3
[2026-04-03T01:40:30.153+0600][66.999s][info][gc,metaspace   ] GC(247) Metaspace: 131771K(133184K)->131771K(133184K) NonClass: 115212K(115904K)->115212K(115904K) Class: 16558K(17280K)->16558K(17280K)
[2026-04-03T01:40:30.153+0600][66.999s][info][gc             ] GC(247) Pause Young (Prepare Mixed) (G1 Evacuation Pause) 494M->102M(514M) 7.579ms
[2026-04-03T01:40:30.153+0600][66.999s][info][gc,cpu         ] GC(247) User=0.05s Sys=0.02s Real=0.01s
[2026-04-03T01:40:30.362+0600][67.208s][info][gc,start       ] GC(248) Pause Young (Mixed) (G1 Evacuation Pause)
[2026-04-03T01:40:30.362+0600][67.208s][info][gc,task        ] GC(248) Using 10 workers of 10 for evacuation
[2026-04-03T01:40:30.368+0600][67.214s][info][gc,phases      ] GC(248)   Pre Evacuate Collection Set: 0.35ms
[2026-04-03T01:40:30.368+0600][67.215s][info][gc,phases      ] GC(248)   Merge Heap Roots: 0.18ms
[2026-04-03T01:40:30.368+0600][67.215s][info][gc,phases      ] GC(248)   Evacuate Collection Set: 4.52ms
[2026-04-03T01:40:30.368+0600][67.215s][info][gc,phases      ] GC(248)   Post Evacuate Collection Set: 1.08ms
[2026-04-03T01:40:30.369+0600][67.215s][info][gc,phases      ] GC(248)   Other: 0.11ms
[2026-04-03T01:40:30.369+0600][67.215s][info][gc,heap        ] GC(248) Eden regions: 90->0(199)
[2026-04-03T01:40:30.369+0600][67.215s][info][gc,heap        ] GC(248) Survivor regions: 6->5(20)
[2026-04-03T01:40:30.369+0600][67.215s][info][gc,heap        ] GC(248) Old regions: 46->44
[2026-04-03T01:40:30.369+0600][67.215s][info][gc,heap        ] GC(248) Humongous regions: 136->12
[2026-04-03T01:40:30.369+0600][67.215s][info][gc,metaspace   ] GC(248) Metaspace: 131772K(133184K)->131772K(133184K) NonClass: 115213K(115904K)->115213K(115904K) Class: 16558K(17280K)->16558K(17280K)
[2026-04-03T01:40:30.369+0600][67.215s][info][gc             ] GC(248) Pause Young (Mixed) (G1 Evacuation Pause) 548M->119M(680M) 6.593ms
[2026-04-03T01:40:30.369+0600][67.215s][info][gc,cpu         ] GC(248) User=0.02s Sys=0.02s Real=0.00s
[2026-04-03T01:40:30.375+0600][67.221s][info][gc,start       ] GC(249) Pause Young (Concurrent Start) (G1 Humongous Allocation)
[2026-04-03T01:40:30.375+0600][67.221s][info][gc,task        ] GC(249) Using 10 workers of 10 for evacuation
[2026-04-03T01:40:30.379+0600][67.225s][info][gc,phases      ] GC(249)   Pre Evacuate Collection Set: 0.40ms
[2026-04-03T01:40:30.379+0600][67.225s][info][gc,phases      ] GC(249)   Merge Heap Roots: 0.14ms
[2026-04-03T01:40:30.379+0600][67.225s][info][gc,phases      ] GC(249)   Evacuate Collection Set: 2.53ms
[2026-04-03T01:40:30.379+0600][67.225s][info][gc,phases      ] GC(249)   Post Evacuate Collection Set: 0.55ms
[2026-04-03T01:40:30.379+0600][67.225s][info][gc,phases      ] GC(249)   Other: 0.11ms
[2026-04-03T01:40:30.379+0600][67.225s][info][gc,heap        ] GC(249) Eden regions: 5->0(199)
[2026-04-03T01:40:30.379+0600][67.225s][info][gc,heap        ] GC(249) Survivor regions: 5->5(26)
[2026-04-03T01:40:30.379+0600][67.225s][info][gc,heap        ] GC(249) Old regions: 44->44
[2026-04-03T01:40:30.379+0600][67.225s][info][gc,heap        ] GC(249) Humongous regions: 57->9
[2026-04-03T01:40:30.379+0600][67.225s][info][gc,metaspace   ] GC(249) Metaspace: 131772K(133184K)->131772K(133184K) NonClass: 115213K(115904K)->115213K(115904K) Class: 16558K(17280K)->16558K(17280K)
[2026-04-03T01:40:30.379+0600][67.225s][info][gc             ] GC(249) Pause Young (Concurrent Start) (G1 Humongous Allocation) 217M->113M(680M) 4.046ms
[2026-04-03T01:40:30.379+0600][67.225s][info][gc             ] GC(250) Concurrent Undo Cycle
[2026-04-03T01:40:30.379+0600][67.225s][info][gc,cpu         ] GC(249) User=0.03s Sys=0.00s Real=0.00s
[2026-04-03T01:40:30.379+0600][67.225s][info][gc,marking     ] GC(250) Concurrent Clear Claimed Marks
[2026-04-03T01:40:30.380+0600][67.226s][info][gc,marking     ] GC(250) Concurrent Clear Claimed Marks 0.286ms
[2026-04-03T01:40:30.380+0600][67.226s][info][gc,marking     ] GC(250) Concurrent Cleanup for Next Mark
[2026-04-03T01:40:30.380+0600][67.226s][info][gc,marking     ] GC(250) Concurrent Cleanup for Next Mark 0.273ms
[2026-04-03T01:40:30.380+0600][67.226s][info][gc             ] GC(250) Concurrent Undo Cycle 0.767ms
[2026-04-03T01:40:30.380+0600][67.227s][info][gc,start       ] GC(251) Pause Young (Concurrent Start) (G1 Humongous Allocation)
[2026-04-03T01:40:30.381+0600][67.227s][info][gc,task        ] GC(251) Using 10 workers of 10 for evacuation
[2026-04-03T01:40:30.384+0600][67.230s][info][gc,phases      ] GC(251)   Pre Evacuate Collection Set: 0.35ms
[2026-04-03T01:40:30.384+0600][67.230s][info][gc,phases      ] GC(251)   Merge Heap Roots: 0.12ms
[2026-04-03T01:40:30.384+0600][67.230s][info][gc,phases      ] GC(251)   Evacuate Collection Set: 2.44ms
[2026-04-03T01:40:30.384+0600][67.230s][info][gc,phases      ] GC(251)   Post Evacuate Collection Set: 0.56ms
[2026-04-03T01:40:30.384+0600][67.230s][info][gc,phases      ] GC(251)   Other: 0.18ms
[2026-04-03T01:40:30.384+0600][67.230s][info][gc,heap        ] GC(251) Eden regions: 2->0(199)
[2026-04-03T01:40:30.384+0600][67.230s][info][gc,heap        ] GC(251) Survivor regions: 5->5(26)
[2026-04-03T01:40:30.384+0600][67.230s][info][gc,heap        ] GC(251) Old regions: 44->44
[2026-04-03T01:40:30.384+0600][67.230s][info][gc,heap        ] GC(251) Humongous regions: 12->6
[2026-04-03T01:40:30.384+0600][67.230s][info][gc,metaspace   ] GC(251) Metaspace: 131772K(133184K)->131772K(133184K) NonClass: 115213K(115904K)->115213K(115904K) Class: 16558K(17280K)->16558K(17280K)
[2026-04-03T01:40:30.384+0600][67.230s][info][gc             ] GC(251) Pause Young (Concurrent Start) (G1 Humongous Allocation) 122M->107M(680M) 3.912ms
[2026-04-03T01:40:30.384+0600][67.231s][info][gc             ] GC(252) Concurrent Undo Cycle
[2026-04-03T01:40:30.384+0600][67.231s][info][gc,cpu         ] GC(251) User=0.03s Sys=0.00s Real=0.00s
[2026-04-03T01:40:30.385+0600][67.231s][info][gc,marking     ] GC(252) Concurrent Clear Claimed Marks
[2026-04-03T01:40:30.385+0600][67.231s][info][gc,marking     ] GC(252) Concurrent Clear Claimed Marks 0.290ms
[2026-04-03T01:40:30.385+0600][67.231s][info][gc,marking     ] GC(252) Concurrent Cleanup for Next Mark
[2026-04-03T01:40:30.386+0600][67.232s][info][gc,marking     ] GC(252) Concurrent Cleanup for Next Mark 0.688ms
[2026-04-03T01:40:30.386+0600][67.232s][info][gc             ] GC(252) Concurrent Undo Cycle 1.196ms
[2026-04-03T01:40:30.387+0600][67.233s][info][gc,start       ] GC(253) Pause Young (Concurrent Start) (G1 Humongous Allocation)
[2026-04-03T01:40:30.387+0600][67.233s][info][gc,task        ] GC(253) Using 10 workers of 10 for evacuation
[2026-04-03T01:40:30.391+0600][67.237s][info][gc,phases      ] GC(253)   Pre Evacuate Collection Set: 0.35ms
[2026-04-03T01:40:30.391+0600][67.238s][info][gc,phases      ] GC(253)   Merge Heap Roots: 0.12ms
[2026-04-03T01:40:30.391+0600][67.238s][info][gc,phases      ] GC(253)   Evacuate Collection Set: 2.88ms
[2026-04-03T01:40:30.391+0600][67.238s][info][gc,phases      ] GC(253)   Post Evacuate Collection Set: 0.80ms
[2026-04-03T01:40:30.391+0600][67.238s][info][gc,phases      ] GC(253)   Other: 0.15ms
[2026-04-03T01:40:30.392+0600][67.238s][info][gc,heap        ] GC(253) Eden regions: 2->0(199)
[2026-04-03T01:40:30.392+0600][67.238s][info][gc,heap        ] GC(253) Survivor regions: 5->5(26)
[2026-04-03T01:40:30.392+0600][67.238s][info][gc,heap        ] GC(253) Old regions: 44->44
[2026-04-03T01:40:30.392+0600][67.238s][info][gc,heap        ] GC(253) Humongous regions: 12->3
[2026-04-03T01:40:30.392+0600][67.238s][info][gc,metaspace   ] GC(253) Metaspace: 131772K(133184K)->131772K(133184K) NonClass: 115213K(115904K)->115213K(115904K) Class: 16558K(17280K)->16558K(17280K)
[2026-04-03T01:40:30.392+0600][67.238s][info][gc             ] GC(253) Pause Young (Concurrent Start) (G1 Humongous Allocation) 122M->101M(680M) 4.692ms
[2026-04-03T01:40:30.392+0600][67.238s][info][gc             ] GC(254) Concurrent Undo Cycle
[2026-04-03T01:40:30.392+0600][67.238s][info][gc,cpu         ] GC(253) User=0.03s Sys=0.00s Real=0.01s
[2026-04-03T01:40:30.392+0600][67.238s][info][gc,marking     ] GC(254) Concurrent Clear Claimed Marks
[2026-04-03T01:40:30.392+0600][67.238s][info][gc,marking     ] GC(254) Concurrent Clear Claimed Marks 0.306ms
[2026-04-03T01:40:30.392+0600][67.238s][info][gc,marking     ] GC(254) Concurrent Cleanup for Next Mark
[2026-04-03T01:40:30.394+0600][67.240s][info][gc,marking     ] GC(254) Concurrent Cleanup for Next Mark 1.914ms
[2026-04-03T01:40:30.394+0600][67.240s][info][gc             ] GC(254) Concurrent Undo Cycle 2.516ms
[2026-04-03T01:40:30.395+0600][67.241s][info][gc,start       ] GC(255) Pause Young (Concurrent Start) (G1 Humongous Allocation)
[2026-04-03T01:40:30.395+0600][67.241s][info][gc,task        ] GC(255) Using 10 workers of 10 for evacuation
[2026-04-03T01:40:30.402+0600][67.248s][info][gc,phases      ] GC(255)   Pre Evacuate Collection Set: 0.35ms
[2026-04-03T01:40:30.402+0600][67.248s][info][gc,phases      ] GC(255)   Merge Heap Roots: 0.09ms
[2026-04-03T01:40:30.402+0600][67.248s][info][gc,phases      ] GC(255)   Evacuate Collection Set: 2.58ms
[2026-04-03T01:40:30.402+0600][67.248s][info][gc,phases      ] GC(255)   Post Evacuate Collection Set: 3.69ms
[2026-04-03T01:40:30.402+0600][67.248s][info][gc,phases      ] GC(255)   Other: 0.15ms
[2026-04-03T01:40:30.402+0600][67.248s][info][gc,heap        ] GC(255) Eden regions: 2->0(588)
[2026-04-03T01:40:30.402+0600][67.248s][info][gc,heap        ] GC(255) Survivor regions: 5->5(26)
[2026-04-03T01:40:30.402+0600][67.248s][info][gc,heap        ] GC(255) Old regions: 44->44
[2026-04-03T01:40:30.402+0600][67.248s][info][gc,heap        ] GC(255) Humongous regions: 12->6
[2026-04-03T01:40:30.402+0600][67.248s][info][gc,metaspace   ] GC(255) Metaspace: 131772K(133184K)->131772K(133184K) NonClass: 115213K(115904K)->115213K(115904K) Class: 16558K(17280K)->16558K(17280K)
[2026-04-03T01:40:30.402+0600][67.248s][info][gc             ] GC(255) Pause Young (Concurrent Start) (G1 Humongous Allocation) 122M->107M(1978M) 7.140ms
[2026-04-03T01:40:30.402+0600][67.248s][info][gc             ] GC(256) Concurrent Undo Cycle
[2026-04-03T01:40:30.402+0600][67.248s][info][gc,marking     ] GC(256) Concurrent Clear Claimed Marks
[2026-04-03T01:40:30.402+0600][67.248s][info][gc,cpu         ] GC(255) User=0.03s Sys=0.00s Real=0.01s
[2026-04-03T01:40:30.402+0600][67.249s][info][gc,marking     ] GC(256) Concurrent Clear Claimed Marks 0.296ms
[2026-04-03T01:40:30.402+0600][67.249s][info][gc,marking     ] GC(256) Concurrent Cleanup for Next Mark
[2026-04-03T01:40:30.403+0600][67.249s][info][gc,marking     ] GC(256) Concurrent Cleanup for Next Mark 0.542ms
[2026-04-03T01:40:30.403+0600][67.249s][info][gc             ] GC(256) Concurrent Undo Cycle 1.062ms
[2026-04-03T01:40:30.486+0600][67.332s][info][gc,start       ] GC(257) Pause Young (Concurrent Start) (G1 Humongous Allocation)
[2026-04-03T01:40:30.486+0600][67.332s][info][gc,task        ] GC(257) Using 10 workers of 10 for evacuation
[2026-04-03T01:40:30.490+0600][67.337s][info][gc,phases      ] GC(257)   Pre Evacuate Collection Set: 0.86ms
[2026-04-03T01:40:30.491+0600][67.337s][info][gc,phases      ] GC(257)   Merge Heap Roots: 0.26ms
[2026-04-03T01:40:30.491+0600][67.337s][info][gc,phases      ] GC(257)   Evacuate Collection Set: 1.92ms
[2026-04-03T01:40:30.491+0600][67.337s][info][gc,phases      ] GC(257)   Post Evacuate Collection Set: 0.96ms
[2026-04-03T01:40:30.491+0600][67.337s][info][gc,phases      ] GC(257)   Other: 0.31ms
[2026-04-03T01:40:30.491+0600][67.337s][info][gc,heap        ] GC(257) Eden regions: 26->0(590)
[2026-04-03T01:40:30.491+0600][67.337s][info][gc,heap        ] GC(257) Survivor regions: 5->3(75)
[2026-04-03T01:40:30.491+0600][67.337s][info][gc,heap        ] GC(257) Old regions: 44->44
[2026-04-03T01:40:30.491+0600][67.337s][info][gc,heap        ] GC(257) Humongous regions: 87->9
[2026-04-03T01:40:30.491+0600][67.337s][info][gc,metaspace   ] GC(257) Metaspace: 131775K(133184K)->131775K(133184K) NonClass: 115216K(115904K)->115216K(115904K) Class: 16558K(17280K)->16558K(17280K)
[2026-04-03T01:40:30.491+0600][67.337s][info][gc             ] GC(257) Pause Young (Concurrent Start) (G1 Humongous Allocation) 321M->109M(1978M) 4.591ms
[2026-04-03T01:40:30.491+0600][67.337s][info][gc             ] GC(258) Concurrent Undo Cycle
[2026-04-03T01:40:30.491+0600][67.337s][info][gc,cpu         ] GC(257) User=0.02s Sys=0.00s Real=0.01s
[2026-04-03T01:40:30.491+0600][67.337s][info][gc,marking     ] GC(258) Concurrent Clear Claimed Marks
[2026-04-03T01:40:30.491+0600][67.337s][info][gc,marking     ] GC(258) Concurrent Clear Claimed Marks 0.300ms
[2026-04-03T01:40:30.491+0600][67.337s][info][gc,marking     ] GC(258) Concurrent Cleanup for Next Mark
[2026-04-03T01:40:30.492+0600][67.338s][info][gc,marking     ] GC(258) Concurrent Cleanup for Next Mark 1.009ms
[2026-04-03T01:40:30.492+0600][67.338s][info][gc             ] GC(258) Concurrent Undo Cycle 1.544ms
[2026-04-03T01:40:30.503+0600][67.349s][info][gc,start       ] GC(259) Pause Young (Concurrent Start) (G1 Humongous Allocation)
[2026-04-03T01:40:30.503+0600][67.349s][info][gc,task        ] GC(259) Using 10 workers of 10 for evacuation
[2026-04-03T01:40:30.507+0600][67.353s][info][gc,phases      ] GC(259)   Pre Evacuate Collection Set: 0.50ms
[2026-04-03T01:40:30.507+0600][67.353s][info][gc,phases      ] GC(259)   Merge Heap Roots: 0.27ms
[2026-04-03T01:40:30.507+0600][67.353s][info][gc,phases      ] GC(259)   Evacuate Collection Set: 2.12ms
[2026-04-03T01:40:30.507+0600][67.353s][info][gc,phases      ] GC(259)   Post Evacuate Collection Set: 0.66ms
[2026-04-03T01:40:30.507+0600][67.353s][info][gc,phases      ] GC(259)   Other: 0.31ms
[2026-04-03T01:40:30.507+0600][67.353s][info][gc,heap        ] GC(259) Eden regions: 5->0(589)
[2026-04-03T01:40:30.507+0600][67.353s][info][gc,heap        ] GC(259) Survivor regions: 3->4(75)
[2026-04-03T01:40:30.507+0600][67.353s][info][gc,heap        ] GC(259) Old regions: 44->45
[2026-04-03T01:40:30.507+0600][67.353s][info][gc,heap        ] GC(259) Humongous regions: 93->9
[2026-04-03T01:40:30.507+0600][67.353s][info][gc,metaspace   ] GC(259) Metaspace: 131775K(133184K)->131775K(133184K) NonClass: 115216K(115904K)->115216K(115904K) Class: 16558K(17280K)->16558K(17280K)
[2026-04-03T01:40:30.507+0600][67.353s][info][gc             ] GC(259) Pause Young (Concurrent Start) (G1 Humongous Allocation) 287M->111M(1978M) 4.200ms
[2026-04-03T01:40:30.507+0600][67.353s][info][gc             ] GC(260) Concurrent Undo Cycle
[2026-04-03T01:40:30.507+0600][67.353s][info][gc,cpu         ] GC(259) User=0.02s Sys=0.00s Real=0.00s
[2026-04-03T01:40:30.507+0600][67.353s][info][gc,marking     ] GC(260) Concurrent Clear Claimed Marks
[2026-04-03T01:40:30.508+0600][67.354s][info][gc,marking     ] GC(260) Concurrent Clear Claimed Marks 0.310ms
[2026-04-03T01:40:30.508+0600][67.354s][info][gc,marking     ] GC(260) Concurrent Cleanup for Next Mark
[2026-04-03T01:40:30.508+0600][67.354s][info][gc,marking     ] GC(260) Concurrent Cleanup for Next Mark 0.386ms
[2026-04-03T01:40:30.508+0600][67.354s][info][gc             ] GC(260) Concurrent Undo Cycle 1.021ms
[2026-04-03T01:40:30.551+0600][67.397s][info][gc,start       ] GC(261) Pause Young (Concurrent Start) (G1 Humongous Allocation)
[2026-04-03T01:40:30.551+0600][67.397s][info][gc,task        ] GC(261) Using 10 workers of 10 for evacuation
[2026-04-03T01:40:30.555+0600][67.401s][info][gc,phases      ] GC(261)   Pre Evacuate Collection Set: 0.53ms
[2026-04-03T01:40:30.555+0600][67.401s][info][gc,phases      ] GC(261)   Merge Heap Roots: 0.24ms
[2026-04-03T01:40:30.555+0600][67.401s][info][gc,phases      ] GC(261)   Evacuate Collection Set: 2.26ms
[2026-04-03T01:40:30.555+0600][67.401s][info][gc,phases      ] GC(261)   Post Evacuate Collection Set: 0.71ms
[2026-04-03T01:40:30.555+0600][67.401s][info][gc,phases      ] GC(261)   Other: 0.26ms
[2026-04-03T01:40:30.555+0600][67.401s][info][gc,heap        ] GC(261) Eden regions: 27->0(591)
[2026-04-03T01:40:30.555+0600][67.401s][info][gc,heap        ] GC(261) Survivor regions: 4->2(75)
[2026-04-03T01:40:30.555+0600][67.401s][info][gc,heap        ] GC(261) Old regions: 45->45
[2026-04-03T01:40:30.555+0600][67.401s][info][gc,heap        ] GC(261) Humongous regions: 99->3
[2026-04-03T01:40:30.555+0600][67.401s][info][gc,metaspace   ] GC(261) Metaspace: 131775K(133184K)->131775K(133184K) NonClass: 115216K(115904K)->115216K(115904K) Class: 16558K(17280K)->16558K(17280K)
[2026-04-03T01:40:30.555+0600][67.401s][info][gc             ] GC(261) Pause Young (Concurrent Start) (G1 Humongous Allocation) 344M->96M(1978M) 4.385ms
[2026-04-03T01:40:30.555+0600][67.401s][info][gc,cpu         ] GC(261) User=0.03s Sys=0.00s Real=0.00s
[2026-04-03T01:40:30.555+0600][67.401s][info][gc             ] GC(262) Concurrent Undo Cycle
[2026-04-03T01:40:30.555+0600][67.401s][info][gc,marking     ] GC(262) Concurrent Clear Claimed Marks
[2026-04-03T01:40:30.556+0600][67.402s][info][gc,marking     ] GC(262) Concurrent Clear Claimed Marks 0.390ms
[2026-04-03T01:40:30.556+0600][67.402s][info][gc,marking     ] GC(262) Concurrent Cleanup for Next Mark
[2026-04-03T01:40:30.556+0600][67.402s][info][gc,marking     ] GC(262) Concurrent Cleanup for Next Mark 0.478ms
[2026-04-03T01:40:30.556+0600][67.402s][info][gc             ] GC(262) Concurrent Undo Cycle 1.117ms
[2026-04-03T01:40:31.333+0600][68.179s][info][gc,start       ] GC(263) Pause Young (Concurrent Start) (G1 Humongous Allocation)
[2026-04-03T01:40:31.333+0600][68.179s][info][gc,task        ] GC(263) Using 10 workers of 10 for evacuation
[2026-04-03T01:40:31.339+0600][68.185s][info][gc,phases      ] GC(263)   Pre Evacuate Collection Set: 0.59ms
[2026-04-03T01:40:31.339+0600][68.185s][info][gc,phases      ] GC(263)   Merge Heap Roots: 0.38ms
[2026-04-03T01:40:31.339+0600][68.185s][info][gc,phases      ] GC(263)   Evacuate Collection Set: 4.02ms
[2026-04-03T01:40:31.339+0600][68.185s][info][gc,phases      ] GC(263)   Post Evacuate Collection Set: 0.79ms
[2026-04-03T01:40:31.339+0600][68.185s][info][gc,phases      ] GC(263)   Other: 0.27ms
[2026-04-03T01:40:31.339+0600][68.185s][info][gc,heap        ] GC(263) Eden regions: 180->0(589)
[2026-04-03T01:40:31.339+0600][68.185s][info][gc,heap        ] GC(263) Survivor regions: 2->4(75)
[2026-04-03T01:40:31.339+0600][68.185s][info][gc,heap        ] GC(263) Old regions: 45->45
[2026-04-03T01:40:31.339+0600][68.185s][info][gc,heap        ] GC(263) Humongous regions: 105->3
[2026-04-03T01:40:31.339+0600][68.185s][info][gc,metaspace   ] GC(263) Metaspace: 131790K(133248K)->131790K(133248K) NonClass: 115231K(115968K)->115231K(115968K) Class: 16558K(17280K)->16558K(17280K)
[2026-04-03T01:40:31.339+0600][68.185s][info][gc             ] GC(263) Pause Young (Concurrent Start) (G1 Humongous Allocation) 660M->99M(1978M) 6.369ms
[2026-04-03T01:40:31.339+0600][68.185s][info][gc             ] GC(264) Concurrent Undo Cycle
[2026-04-03T01:40:31.339+0600][68.185s][info][gc,cpu         ] GC(263) User=0.03s Sys=0.01s Real=0.00s
[2026-04-03T01:40:31.339+0600][68.185s][info][gc,marking     ] GC(264) Concurrent Clear Claimed Marks
[2026-04-03T01:40:31.339+0600][68.186s][info][gc,marking     ] GC(264) Concurrent Clear Claimed Marks 0.362ms
[2026-04-03T01:40:31.340+0600][68.186s][info][gc,marking     ] GC(264) Concurrent Cleanup for Next Mark
[2026-04-03T01:40:31.340+0600][68.186s][info][gc,marking     ] GC(264) Concurrent Cleanup for Next Mark 0.408ms
[2026-04-03T01:40:31.340+0600][68.186s][info][gc             ] GC(264) Concurrent Undo Cycle 1.024ms
[2026-04-03T01:40:31.674+0600][68.520s][info][gc,start       ] GC(265) Pause Young (Concurrent Start) (G1 Humongous Allocation)
[2026-04-03T01:40:31.674+0600][68.520s][info][gc,task        ] GC(265) Using 10 workers of 10 for evacuation
[2026-04-03T01:40:31.679+0600][68.526s][info][gc,phases      ] GC(265)   Pre Evacuate Collection Set: 0.52ms
[2026-04-03T01:40:31.680+0600][68.526s][info][gc,phases      ] GC(265)   Merge Heap Roots: 0.23ms
[2026-04-03T01:40:31.680+0600][68.526s][info][gc,phases      ] GC(265)   Evacuate Collection Set: 3.11ms
[2026-04-03T01:40:31.680+0600][68.526s][info][gc,phases      ] GC(265)   Post Evacuate Collection Set: 0.97ms
[2026-04-03T01:40:31.680+0600][68.526s][info][gc,phases      ] GC(265)   Other: 0.24ms
[2026-04-03T01:40:31.680+0600][68.526s][info][gc,heap        ] GC(265) Eden regions: 134->0(589)
[2026-04-03T01:40:31.680+0600][68.526s][info][gc,heap        ] GC(265) Survivor regions: 4->4(75)
[2026-04-03T01:40:31.680+0600][68.526s][info][gc,heap        ] GC(265) Old regions: 45->45
[2026-04-03T01:40:31.680+0600][68.526s][info][gc,heap        ] GC(265) Humongous regions: 112->3
[2026-04-03T01:40:31.680+0600][68.526s][info][gc,metaspace   ] GC(265) Metaspace: 131790K(133248K)->131790K(133248K) NonClass: 115231K(115968K)->115231K(115968K) Class: 16558K(17280K)->16558K(17280K)
[2026-04-03T01:40:31.680+0600][68.526s][info][gc             ] GC(265) Pause Young (Concurrent Start) (G1 Humongous Allocation) 585M->101M(1978M) 5.417ms
[2026-04-03T01:40:31.680+0600][68.526s][info][gc             ] GC(266) Concurrent Undo Cycle
[2026-04-03T01:40:31.680+0600][68.526s][info][gc,marking     ] GC(266) Concurrent Clear Claimed Marks
[2026-04-03T01:40:31.680+0600][68.526s][info][gc,cpu         ] GC(265) User=0.04s Sys=0.00s Real=0.01s
[2026-04-03T01:40:31.680+0600][68.526s][info][gc,marking     ] GC(266) Concurrent Clear Claimed Marks 0.362ms
[2026-04-03T01:40:31.680+0600][68.526s][info][gc,marking     ] GC(266) Concurrent Cleanup for Next Mark
[2026-04-03T01:40:31.681+0600][68.527s][info][gc,marking     ] GC(266) Concurrent Cleanup for Next Mark 0.559ms
[2026-04-03T01:40:31.681+0600][68.527s][info][gc             ] GC(266) Concurrent Undo Cycle 1.224ms
[2026-04-03T01:40:32.276+0600][69.122s][info][gc,start       ] GC(267) Pause Young (Concurrent Start) (G1 Humongous Allocation)
[2026-04-03T01:40:32.276+0600][69.122s][info][gc,task        ] GC(267) Using 10 workers of 10 for evacuation
[2026-04-03T01:40:32.283+0600][69.129s][info][gc,phases      ] GC(267)   Pre Evacuate Collection Set: 0.54ms
[2026-04-03T01:40:32.283+0600][69.129s][info][gc,phases      ] GC(267)   Merge Heap Roots: 0.31ms
[2026-04-03T01:40:32.283+0600][69.129s][info][gc,phases      ] GC(267)   Evacuate Collection Set: 4.28ms
[2026-04-03T01:40:32.283+0600][69.129s][info][gc,phases      ] GC(267)   Post Evacuate Collection Set: 1.08ms
[2026-04-03T01:40:32.283+0600][69.129s][info][gc,phases      ] GC(267)   Other: 0.24ms
[2026-04-03T01:40:32.283+0600][69.129s][info][gc,heap        ] GC(267) Eden regions: 231->0(589)
[2026-04-03T01:40:32.283+0600][69.129s][info][gc,heap        ] GC(267) Survivor regions: 4->4(75)
[2026-04-03T01:40:32.283+0600][69.129s][info][gc,heap        ] GC(267) Old regions: 45->45
[2026-04-03T01:40:32.283+0600][69.129s][info][gc,heap        ] GC(267) Humongous regions: 118->3
[2026-04-03T01:40:32.283+0600][69.129s][info][gc,metaspace   ] GC(267) Metaspace: 131799K(133248K)->131799K(133248K) NonClass: 115238K(115968K)->115238K(115968K) Class: 16560K(17280K)->16560K(17280K)
[2026-04-03T01:40:32.283+0600][69.129s][info][gc             ] GC(267) Pause Young (Concurrent Start) (G1 Humongous Allocation) 792M->100M(1978M) 6.781ms
[2026-04-03T01:40:32.283+0600][69.129s][info][gc             ] GC(268) Concurrent Undo Cycle
[2026-04-03T01:40:32.283+0600][69.129s][info][gc,cpu         ] GC(267) User=0.04s Sys=0.01s Real=0.01s
[2026-04-03T01:40:32.283+0600][69.129s][info][gc,marking     ] GC(268) Concurrent Clear Claimed Marks
[2026-04-03T01:40:32.283+0600][69.129s][info][gc,marking     ] GC(268) Concurrent Clear Claimed Marks 0.381ms
[2026-04-03T01:40:32.283+0600][69.129s][info][gc,marking     ] GC(268) Concurrent Cleanup for Next Mark
[2026-04-03T01:40:32.284+0600][69.130s][info][gc,marking     ] GC(268) Concurrent Cleanup for Next Mark 0.347ms
[2026-04-03T01:40:32.284+0600][69.130s][info][gc             ] GC(268) Concurrent Undo Cycle 0.961ms
[2026-04-03T01:40:32.412+0600][69.258s][info][gc,start       ] GC(269) Pause Young (Concurrent Start) (G1 Humongous Allocation)
[2026-04-03T01:40:32.412+0600][69.258s][info][gc,task        ] GC(269) Using 10 workers of 10 for evacuation
[2026-04-03T01:40:32.416+0600][69.262s][info][gc,phases      ] GC(269)   Pre Evacuate Collection Set: 0.67ms
[2026-04-03T01:40:32.416+0600][69.262s][info][gc,phases      ] GC(269)   Merge Heap Roots: 0.17ms
[2026-04-03T01:40:32.416+0600][69.262s][info][gc,phases      ] GC(269)   Evacuate Collection Set: 2.21ms
[2026-04-03T01:40:32.416+0600][69.262s][info][gc,phases      ] GC(269)   Post Evacuate Collection Set: 0.66ms
[2026-04-03T01:40:32.416+0600][69.262s][info][gc,phases      ] GC(269)   Other: 0.27ms
[2026-04-03T01:40:32.416+0600][69.262s][info][gc,heap        ] GC(269) Eden regions: 33->0(588)
[2026-04-03T01:40:32.416+0600][69.262s][info][gc,heap        ] GC(269) Survivor regions: 4->5(75)
[2026-04-03T01:40:32.416+0600][69.262s][info][gc,heap        ] GC(269) Old regions: 45->45
[2026-04-03T01:40:32.416+0600][69.262s][info][gc,heap        ] GC(269) Humongous regions: 123->9
[2026-04-03T01:40:32.416+0600][69.262s][info][gc,metaspace   ] GC(269) Metaspace: 131799K(133248K)->131799K(133248K) NonClass: 115238K(115968K)->115238K(115968K) Class: 16560K(17280K)->16560K(17280K)
[2026-04-03T01:40:32.416+0600][69.262s][info][gc             ] GC(269) Pause Young (Concurrent Start) (G1 Humongous Allocation) 406M->114M(1978M) 4.282ms
[2026-04-03T01:40:32.416+0600][69.262s][info][gc             ] GC(270) Concurrent Undo Cycle
[2026-04-03T01:40:32.416+0600][69.262s][info][gc,cpu         ] GC(269) User=0.02s Sys=0.01s Real=0.00s
[2026-04-03T01:40:32.416+0600][69.262s][info][gc,marking     ] GC(270) Concurrent Clear Claimed Marks
[2026-04-03T01:40:32.416+0600][69.262s][info][gc,marking     ] GC(270) Concurrent Clear Claimed Marks 0.363ms
[2026-04-03T01:40:32.416+0600][69.262s][info][gc,marking     ] GC(270) Concurrent Cleanup for Next Mark
[2026-04-03T01:40:32.417+0600][69.263s][info][gc,marking     ] GC(270) Concurrent Cleanup for Next Mark 0.384ms
[2026-04-03T01:40:32.417+0600][69.263s][info][gc             ] GC(270) Concurrent Undo Cycle 0.974ms
[2026-04-03T01:40:32.495+0600][69.341s][info][gc,start       ] GC(271) Pause Young (Concurrent Start) (G1 Humongous Allocation)
[2026-04-03T01:40:32.495+0600][69.342s][info][gc,task        ] GC(271) Using 10 workers of 10 for evacuation
[2026-04-03T01:40:32.498+0600][69.345s][info][gc,phases      ] GC(271)   Pre Evacuate Collection Set: 0.39ms
[2026-04-03T01:40:32.498+0600][69.345s][info][gc,phases      ] GC(271)   Merge Heap Roots: 0.20ms
[2026-04-03T01:40:32.498+0600][69.345s][info][gc,phases      ] GC(271)   Evacuate Collection Set: 1.53ms
[2026-04-03T01:40:32.498+0600][69.345s][info][gc,phases      ] GC(271)   Post Evacuate Collection Set: 0.67ms
[2026-04-03T01:40:32.499+0600][69.345s][info][gc,phases      ] GC(271)   Other: 0.15ms
[2026-04-03T01:40:32.499+0600][69.345s][info][gc,heap        ] GC(271) Eden regions: 30->0(591)
[2026-04-03T01:40:32.499+0600][69.345s][info][gc,heap        ] GC(271) Survivor regions: 5->2(75)
[2026-04-03T01:40:32.499+0600][69.345s][info][gc,heap        ] GC(271) Old regions: 45->45
[2026-04-03T01:40:32.499+0600][69.345s][info][gc,heap        ] GC(271) Humongous regions: 129->3
[2026-04-03T01:40:32.499+0600][69.345s][info][gc,metaspace   ] GC(271) Metaspace: 131800K(133248K)->131800K(133248K) NonClass: 115240K(115968K)->115240K(115968K) Class: 16560K(17280K)->16560K(17280K)
[2026-04-03T01:40:32.499+0600][69.345s][info][gc             ] GC(271) Pause Young (Concurrent Start) (G1 Humongous Allocation) 413M->97M(1978M) 3.176ms
[2026-04-03T01:40:32.499+0600][69.345s][info][gc             ] GC(272) Concurrent Undo Cycle
[2026-04-03T01:40:32.499+0600][69.345s][info][gc,cpu         ] GC(271) User=0.02s Sys=0.00s Real=0.00s
[2026-04-03T01:40:32.499+0600][69.345s][info][gc,marking     ] GC(272) Concurrent Clear Claimed Marks
[2026-04-03T01:40:32.499+0600][69.345s][info][gc,marking     ] GC(272) Concurrent Clear Claimed Marks 0.268ms
[2026-04-03T01:40:32.499+0600][69.345s][info][gc,marking     ] GC(272) Concurrent Cleanup for Next Mark
[2026-04-03T01:40:32.500+0600][69.346s][info][gc,marking     ] GC(272) Concurrent Cleanup for Next Mark 0.924ms
[2026-04-03T01:40:32.500+0600][69.346s][info][gc             ] GC(272) Concurrent Undo Cycle 1.379ms
[2026-04-03T01:40:32.510+0600][69.356s][info][gc,start       ] GC(273) Pause Young (Concurrent Start) (G1 Humongous Allocation)
[2026-04-03T01:40:32.510+0600][69.357s][info][gc,task        ] GC(273) Using 10 workers of 10 for evacuation
[2026-04-03T01:40:32.514+0600][69.360s][info][gc,phases      ] GC(273)   Pre Evacuate Collection Set: 0.36ms
[2026-04-03T01:40:32.514+0600][69.360s][info][gc,phases      ] GC(273)   Merge Heap Roots: 0.14ms
[2026-04-03T01:40:32.514+0600][69.360s][info][gc,phases      ] GC(273)   Evacuate Collection Set: 1.85ms
[2026-04-03T01:40:32.514+0600][69.360s][info][gc,phases      ] GC(273)   Post Evacuate Collection Set: 0.57ms
[2026-04-03T01:40:32.514+0600][69.360s][info][gc,phases      ] GC(273)   Other: 0.23ms
[2026-04-03T01:40:32.514+0600][69.360s][info][gc,heap        ] GC(273) Eden regions: 7->0(589)
[2026-04-03T01:40:32.514+0600][69.360s][info][gc,heap        ] GC(273) Survivor regions: 2->4(75)
[2026-04-03T01:40:32.514+0600][69.360s][info][gc,heap        ] GC(273) Old regions: 45->45
[2026-04-03T01:40:32.514+0600][69.360s][info][gc,heap        ] GC(273) Humongous regions: 132->9
[2026-04-03T01:40:32.514+0600][69.360s][info][gc,metaspace   ] GC(273) Metaspace: 131800K(133248K)->131800K(133248K) NonClass: 115240K(115968K)->115240K(115968K) Class: 16560K(17280K)->16560K(17280K)
[2026-04-03T01:40:32.514+0600][69.360s][info][gc             ] GC(273) Pause Young (Concurrent Start) (G1 Humongous Allocation) 368M->111M(1978M) 3.633ms
[2026-04-03T01:40:32.514+0600][69.360s][info][gc             ] GC(274) Concurrent Undo Cycle
[2026-04-03T01:40:32.514+0600][69.360s][info][gc,cpu         ] GC(273) User=0.02s Sys=0.01s Real=0.00s
[2026-04-03T01:40:32.514+0600][69.360s][info][gc,marking     ] GC(274) Concurrent Clear Claimed Marks
[2026-04-03T01:40:32.515+0600][69.361s][info][gc,marking     ] GC(274) Concurrent Clear Claimed Marks 0.343ms
[2026-04-03T01:40:32.515+0600][69.361s][info][gc,marking     ] GC(274) Concurrent Cleanup for Next Mark
[2026-04-03T01:40:32.515+0600][69.361s][info][gc,marking     ] GC(274) Concurrent Cleanup for Next Mark 0.865ms
[2026-04-03T01:40:32.515+0600][69.362s][info][gc             ] GC(274) Concurrent Undo Cycle 1.422ms
[2026-04-03T01:40:32.593+0600][69.439s][info][gc,start       ] GC(275) Pause Young (Concurrent Start) (G1 Humongous Allocation)
[2026-04-03T01:40:32.593+0600][69.439s][info][gc,task        ] GC(275) Using 10 workers of 10 for evacuation
[2026-04-03T01:40:32.599+0600][69.446s][info][gc,phases      ] GC(275)   Pre Evacuate Collection Set: 0.42ms
[2026-04-03T01:40:32.599+0600][69.446s][info][gc,phases      ] GC(275)   Merge Heap Roots: 0.10ms
[2026-04-03T01:40:32.599+0600][69.446s][info][gc,phases      ] GC(275)   Evacuate Collection Set: 2.34ms
[2026-04-03T01:40:32.600+0600][69.446s][info][gc,phases      ] GC(275)   Post Evacuate Collection Set: 3.39ms
[2026-04-03T01:40:32.600+0600][69.446s][info][gc,phases      ] GC(275)   Other: 0.13ms
[2026-04-03T01:40:32.600+0600][69.446s][info][gc,heap        ] GC(275) Eden regions: 39->0(783)
[2026-04-03T01:40:32.600+0600][69.446s][info][gc,heap        ] GC(275) Survivor regions: 4->3(75)
[2026-04-03T01:40:32.600+0600][69.446s][info][gc,heap        ] GC(275) Old regions: 45->45
[2026-04-03T01:40:32.600+0600][69.446s][info][gc,heap        ] GC(275) Humongous regions: 81->3
[2026-04-03T01:40:32.600+0600][69.446s][info][gc,metaspace   ] GC(275) Metaspace: 131800K(133248K)->131800K(133248K) NonClass: 115240K(115968K)->115240K(115968K) Class: 16560K(17280K)->16560K(17280K)
[2026-04-03T01:40:32.600+0600][69.446s][info][gc             ] GC(275) Pause Young (Concurrent Start) (G1 Humongous Allocation) 333M->98M(2620M) 6.671ms
[2026-04-03T01:40:32.600+0600][69.446s][info][gc             ] GC(276) Concurrent Undo Cycle
[2026-04-03T01:40:32.600+0600][69.446s][info][gc,cpu         ] GC(275) User=0.03s Sys=0.00s Real=0.00s
[2026-04-03T01:40:32.600+0600][69.446s][info][gc,marking     ] GC(276) Concurrent Clear Claimed Marks
[2026-04-03T01:40:32.600+0600][69.446s][info][gc,marking     ] GC(276) Concurrent Clear Claimed Marks 0.391ms
[2026-04-03T01:40:32.600+0600][69.446s][info][gc,marking     ] GC(276) Concurrent Cleanup for Next Mark
[2026-04-03T01:40:32.601+0600][69.447s][info][gc,marking     ] GC(276) Concurrent Cleanup for Next Mark 0.849ms
[2026-04-03T01:40:32.601+0600][69.447s][info][gc             ] GC(276) Concurrent Undo Cycle 1.509ms
[2026-04-03T01:40:33.566+0600][70.412s][info][gc,start       ] GC(277) Pause Young (Concurrent Start) (G1 Humongous Allocation)
[2026-04-03T01:40:33.566+0600][70.412s][info][gc,task        ] GC(277) Using 10 workers of 10 for evacuation
[2026-04-03T01:40:33.572+0600][70.418s][info][gc,phases      ] GC(277)   Pre Evacuate Collection Set: 0.64ms
[2026-04-03T01:40:33.572+0600][70.418s][info][gc,phases      ] GC(277)   Merge Heap Roots: 0.24ms
[2026-04-03T01:40:33.572+0600][70.418s][info][gc,phases      ] GC(277)   Evacuate Collection Set: 3.70ms
[2026-04-03T01:40:33.572+0600][70.418s][info][gc,phases      ] GC(277)   Post Evacuate Collection Set: 1.13ms
[2026-04-03T01:40:33.572+0600][70.418s][info][gc,phases      ] GC(277)   Other: 0.15ms
[2026-04-03T01:40:33.572+0600][70.418s][info][gc,heap        ] GC(277) Eden regions: 291->0(782)
[2026-04-03T01:40:33.572+0600][70.418s][info][gc,heap        ] GC(277) Survivor regions: 3->4(99)
[2026-04-03T01:40:33.572+0600][70.418s][info][gc,heap        ] GC(277) Old regions: 45->45
[2026-04-03T01:40:33.572+0600][70.418s][info][gc,heap        ] GC(277) Humongous regions: 200->3
[2026-04-03T01:40:33.572+0600][70.418s][info][gc,metaspace   ] GC(277) Metaspace: 131813K(133312K)->131813K(133312K) NonClass: 115252K(116032K)->115252K(116032K) Class: 16560K(17280K)->16560K(17280K)
[2026-04-03T01:40:33.572+0600][70.418s][info][gc             ] GC(277) Pause Young (Concurrent Start) (G1 Humongous Allocation) 1072M->100M(2620M) 6.258ms
[2026-04-03T01:40:33.572+0600][70.418s][info][gc             ] GC(278) Concurrent Undo Cycle
[2026-04-03T01:40:33.572+0600][70.418s][info][gc,cpu         ] GC(277) User=0.03s Sys=0.01s Real=0.01s
[2026-04-03T01:40:33.572+0600][70.418s][info][gc,marking     ] GC(278) Concurrent Clear Claimed Marks
[2026-04-03T01:40:33.572+0600][70.418s][info][gc,marking     ] GC(278) Concurrent Clear Claimed Marks 0.328ms
[2026-04-03T01:40:33.572+0600][70.419s][info][gc,marking     ] GC(278) Concurrent Cleanup for Next Mark
[2026-04-03T01:40:33.573+0600][70.419s][info][gc,marking     ] GC(278) Concurrent Cleanup for Next Mark 0.352ms
[2026-04-03T01:40:33.573+0600][70.419s][info][gc             ] GC(278) Concurrent Undo Cycle 0.852ms
[2026-04-03T01:40:34.284+0600][71.130s][info][gc,start       ] GC(279) Pause Young (Concurrent Start) (G1 Humongous Allocation)
[2026-04-03T01:40:34.284+0600][71.130s][info][gc,task        ] GC(279) Using 10 workers of 10 for evacuation
[2026-04-03T01:40:34.289+0600][71.135s][info][gc,phases      ] GC(279)   Pre Evacuate Collection Set: 0.67ms
[2026-04-03T01:40:34.289+0600][71.135s][info][gc,phases      ] GC(279)   Merge Heap Roots: 0.25ms
[2026-04-03T01:40:34.289+0600][71.135s][info][gc,phases      ] GC(279)   Evacuate Collection Set: 2.38ms
[2026-04-03T01:40:34.289+0600][71.135s][info][gc,phases      ] GC(279)   Post Evacuate Collection Set: 1.38ms
[2026-04-03T01:40:34.289+0600][71.135s][info][gc,phases      ] GC(279)   Other: 0.17ms
[2026-04-03T01:40:34.289+0600][71.135s][info][gc,heap        ] GC(279) Eden regions: 273->0(780)
[2026-04-03T01:40:34.289+0600][71.135s][info][gc,heap        ] GC(279) Survivor regions: 4->6(99)
[2026-04-03T01:40:34.289+0600][71.135s][info][gc,heap        ] GC(279) Old regions: 45->45
[2026-04-03T01:40:34.289+0600][71.135s][info][gc,heap        ] GC(279) Humongous regions: 207->12
[2026-04-03T01:40:34.289+0600][71.135s][info][gc,metaspace   ] GC(279) Metaspace: 131826K(133312K)->131826K(133312K) NonClass: 115264K(116032K)->115264K(116032K) Class: 16561K(17280K)->16561K(17280K)
[2026-04-03T01:40:34.289+0600][71.135s][info][gc             ] GC(279) Pause Young (Concurrent Start) (G1 Humongous Allocation) 1054M->122M(2620M) 5.224ms
[2026-04-03T01:40:34.289+0600][71.135s][info][gc             ] GC(280) Concurrent Undo Cycle
[2026-04-03T01:40:34.289+0600][71.135s][info][gc,cpu         ] GC(279) User=0.02s Sys=0.01s Real=0.00s
[2026-04-03T01:40:34.289+0600][71.135s][info][gc,marking     ] GC(280) Concurrent Clear Claimed Marks
[2026-04-03T01:40:34.289+0600][71.135s][info][gc,marking     ] GC(280) Concurrent Clear Claimed Marks 0.351ms
[2026-04-03T01:40:34.289+0600][71.135s][info][gc,marking     ] GC(280) Concurrent Cleanup for Next Mark
[2026-04-03T01:40:34.290+0600][71.136s][info][gc,marking     ] GC(280) Concurrent Cleanup for Next Mark 0.336ms
[2026-04-03T01:40:34.290+0600][71.136s][info][gc             ] GC(280) Concurrent Undo Cycle 0.890ms
[2026-04-03T01:40:34.377+0600][71.223s][info][gc,start       ] GC(281) Pause Young (Concurrent Start) (G1 Humongous Allocation)
[2026-04-03T01:40:34.377+0600][71.223s][info][gc,task        ] GC(281) Using 10 workers of 10 for evacuation
[2026-04-03T01:40:34.382+0600][71.228s][info][gc,phases      ] GC(281)   Pre Evacuate Collection Set: 0.58ms
[2026-04-03T01:40:34.382+0600][71.228s][info][gc,phases      ] GC(281)   Merge Heap Roots: 0.28ms
[2026-04-03T01:40:34.382+0600][71.228s][info][gc,phases      ] GC(281)   Evacuate Collection Set: 2.33ms
[2026-04-03T01:40:34.382+0600][71.228s][info][gc,phases      ] GC(281)   Post Evacuate Collection Set: 0.88ms
[2026-04-03T01:40:34.382+0600][71.228s][info][gc,phases      ] GC(281)   Other: 0.27ms
[2026-04-03T01:40:34.382+0600][71.228s][info][gc,heap        ] GC(281) Eden regions: 35->0(783)
[2026-04-03T01:40:34.382+0600][71.228s][info][gc,heap        ] GC(281) Survivor regions: 6->3(99)
[2026-04-03T01:40:34.382+0600][71.228s][info][gc,heap        ] GC(281) Old regions: 45->45
[2026-04-03T01:40:34.382+0600][71.228s][info][gc,heap        ] GC(281) Humongous regions: 219->12
[2026-04-03T01:40:34.382+0600][71.228s][info][gc,metaspace   ] GC(281) Metaspace: 131826K(133312K)->131826K(133312K) NonClass: 115264K(116032K)->115264K(116032K) Class: 16561K(17280K)->16561K(17280K)
[2026-04-03T01:40:34.382+0600][71.228s][info][gc             ] GC(281) Pause Young (Concurrent Start) (G1 Humongous Allocation) 604M->117M(2620M) 4.704ms
[2026-04-03T01:40:34.382+0600][71.228s][info][gc             ] GC(282) Concurrent Undo Cycle
[2026-04-03T01:40:34.382+0600][71.228s][info][gc,cpu         ] GC(281) User=0.02s Sys=0.00s Real=0.01s
[2026-04-03T01:40:34.382+0600][71.228s][info][gc,marking     ] GC(282) Concurrent Clear Claimed Marks
[2026-04-03T01:40:34.382+0600][71.228s][info][gc,marking     ] GC(282) Concurrent Clear Claimed Marks 0.370ms
[2026-04-03T01:40:34.382+0600][71.229s][info][gc,marking     ] GC(282) Concurrent Cleanup for Next Mark
[2026-04-03T01:40:34.383+0600][71.229s][info][gc,marking     ] GC(282) Concurrent Cleanup for Next Mark 0.522ms
[2026-04-03T01:40:34.383+0600][71.229s][info][gc             ] GC(282) Concurrent Undo Cycle 1.168ms
[2026-04-03T01:40:34.876+0600][71.722s][info][gc,start       ] GC(283) Pause Young (Concurrent Start) (G1 Humongous Allocation)
[2026-04-03T01:40:34.876+0600][71.722s][info][gc,task        ] GC(283) Using 10 workers of 10 for evacuation
[2026-04-03T01:40:34.881+0600][71.727s][info][gc,phases      ] GC(283)   Pre Evacuate Collection Set: 0.62ms
[2026-04-03T01:40:34.881+0600][71.727s][info][gc,phases      ] GC(283)   Merge Heap Roots: 0.24ms
[2026-04-03T01:40:34.881+0600][71.727s][info][gc,phases      ] GC(283)   Evacuate Collection Set: 2.58ms
[2026-04-03T01:40:34.881+0600][71.727s][info][gc,phases      ] GC(283)   Post Evacuate Collection Set: 0.95ms
[2026-04-03T01:40:34.881+0600][71.727s][info][gc,phases      ] GC(283)   Other: 0.14ms
[2026-04-03T01:40:34.881+0600][71.727s][info][gc,heap        ] GC(283) Eden regions: 155->0(782)
[2026-04-03T01:40:34.881+0600][71.727s][info][gc,heap        ] GC(283) Survivor regions: 3->4(99)
[2026-04-03T01:40:34.881+0600][71.727s][info][gc,heap        ] GC(283) Old regions: 45->45
[2026-04-03T01:40:34.881+0600][71.727s][info][gc,heap        ] GC(283) Humongous regions: 220->4
[2026-04-03T01:40:34.881+0600][71.727s][info][gc,metaspace   ] GC(283) Metaspace: 131838K(133312K)->131838K(133312K) NonClass: 115276K(116032K)->115276K(116032K) Class: 16561K(17280K)->16561K(17280K)
[2026-04-03T01:40:34.881+0600][71.727s][info][gc             ] GC(283) Pause Young (Concurrent Start) (G1 Humongous Allocation) 842M->102M(2620M) 4.881ms
[2026-04-03T01:40:34.881+0600][71.727s][info][gc,cpu         ] GC(283) User=0.03s Sys=0.00s Real=0.01s
[2026-04-03T01:40:34.881+0600][71.727s][info][gc             ] GC(284) Concurrent Undo Cycle
[2026-04-03T01:40:34.881+0600][71.727s][info][gc,marking     ] GC(284) Concurrent Clear Claimed Marks
[2026-04-03T01:40:34.881+0600][71.728s][info][gc,marking     ] GC(284) Concurrent Clear Claimed Marks 0.347ms
[2026-04-03T01:40:34.881+0600][71.728s][info][gc,marking     ] GC(284) Concurrent Cleanup for Next Mark
[2026-04-03T01:40:34.882+0600][71.728s][info][gc,marking     ] GC(284) Concurrent Cleanup for Next Mark 0.357ms
[2026-04-03T01:40:34.882+0600][71.728s][info][gc             ] GC(284) Concurrent Undo Cycle 0.923ms
[2026-04-03T01:40:35.608+0600][72.454s][info][gc,start       ] GC(285) Pause Young (Concurrent Start) (G1 Humongous Allocation)
[2026-04-03T01:40:35.608+0600][72.455s][info][gc,task        ] GC(285) Using 10 workers of 10 for evacuation
[2026-04-03T01:40:35.614+0600][72.460s][info][gc,phases      ] GC(285)   Pre Evacuate Collection Set: 0.44ms
[2026-04-03T01:40:35.614+0600][72.460s][info][gc,phases      ] GC(285)   Merge Heap Roots: 0.19ms
[2026-04-03T01:40:35.614+0600][72.460s][info][gc,phases      ] GC(285)   Evacuate Collection Set: 3.03ms
[2026-04-03T01:40:35.614+0600][72.460s][info][gc,phases      ] GC(285)   Post Evacuate Collection Set: 1.32ms
[2026-04-03T01:40:35.614+0600][72.460s][info][gc,phases      ] GC(285)   Other: 0.18ms
[2026-04-03T01:40:35.614+0600][72.460s][info][gc,heap        ] GC(285) Eden regions: 280->0(782)
[2026-04-03T01:40:35.614+0600][72.460s][info][gc,heap        ] GC(285) Survivor regions: 4->4(99)
[2026-04-03T01:40:35.614+0600][72.460s][info][gc,heap        ] GC(285) Old regions: 45->45
[2026-04-03T01:40:35.614+0600][72.460s][info][gc,heap        ] GC(285) Humongous regions: 227->3
[2026-04-03T01:40:35.614+0600][72.460s][info][gc,metaspace   ] GC(285) Metaspace: 131839K(133312K)->131839K(133312K) NonClass: 115277K(116032K)->115277K(116032K) Class: 16561K(17280K)->16561K(17280K)
[2026-04-03T01:40:35.614+0600][72.460s][info][gc             ] GC(285) Pause Young (Concurrent Start) (G1 Humongous Allocation) 1108M->101M(2620M) 5.613ms
[2026-04-03T01:40:35.614+0600][72.460s][info][gc,cpu         ] GC(285) User=0.04s Sys=0.00s Real=0.01s
[2026-04-03T01:40:35.614+0600][72.460s][info][gc             ] GC(286) Concurrent Undo Cycle
[2026-04-03T01:40:35.614+0600][72.460s][info][gc,marking     ] GC(286) Concurrent Clear Claimed Marks
[2026-04-03T01:40:35.614+0600][72.461s][info][gc,marking     ] GC(286) Concurrent Clear Claimed Marks 0.261ms
[2026-04-03T01:40:35.614+0600][72.461s][info][gc,marking     ] GC(286) Concurrent Cleanup for Next Mark
[2026-04-03T01:40:35.615+0600][72.461s][info][gc,marking     ] GC(286) Concurrent Cleanup for Next Mark 0.344ms
[2026-04-03T01:40:35.615+0600][72.461s][info][gc             ] GC(286) Concurrent Undo Cycle 0.786ms
[2026-04-03T01:40:36.377+0600][73.223s][info][gc,start       ] GC(287) Pause Full (System.gc())
[2026-04-03T01:40:36.377+0600][73.223s][info][gc,task        ] GC(287) Using 10 workers of 10 for full compaction
[2026-04-03T01:40:36.377+0600][73.223s][info][gc,phases,start] GC(287) Phase 1: Mark live objects
[2026-04-03T01:40:36.479+0600][73.325s][info][gc,phases      ] GC(287) Phase 1: Mark live objects 101.911ms
[2026-04-03T01:40:36.479+0600][73.325s][info][gc,phases,start] GC(287) Phase 2: Prepare compaction
[2026-04-03T01:40:36.484+0600][73.330s][info][gc,phases      ] GC(287) Phase 2: Prepare compaction 4.275ms
[2026-04-03T01:40:36.484+0600][73.330s][info][gc,phases,start] GC(287) Phase 3: Adjust pointers
[2026-04-03T01:40:36.507+0600][73.353s][info][gc,phases      ] GC(287) Phase 3: Adjust pointers 23.636ms
[2026-04-03T01:40:36.507+0600][73.354s][info][gc,phases,start] GC(287) Phase 4: Compact heap
[2026-04-03T01:40:36.510+0600][73.357s][info][gc,phases      ] GC(287) Phase 4: Compact heap 3.015ms
[2026-04-03T01:40:36.510+0600][73.357s][info][gc,phases,start] GC(287) Phase 5: Reset Metadata
[2026-04-03T01:40:36.516+0600][73.362s][info][gc,phases      ] GC(287) Phase 5: Reset Metadata 5.545ms
[2026-04-03T01:40:36.546+0600][73.392s][info][gc,heap        ] GC(287) Eden regions: 341->0(106)
[2026-04-03T01:40:36.546+0600][73.392s][info][gc,heap        ] GC(287) Survivor regions: 4->0(99)
[2026-04-03T01:40:36.546+0600][73.392s][info][gc,heap        ] GC(287) Old regions: 45->50
[2026-04-03T01:40:36.546+0600][73.392s][info][gc,heap        ] GC(287) Humongous regions: 154->3
[2026-04-03T01:40:36.546+0600][73.392s][info][gc,metaspace   ] GC(287) Metaspace: 131847K(133312K)->131847K(133312K) NonClass: 115285K(116032K)->115285K(116032K) Class: 16562K(17280K)->16562K(17280K)
[2026-04-03T01:40:36.546+0600][73.392s][info][gc             ] GC(287) Pause Full (System.gc()) 1085M->95M(354M) 169.262ms
[2026-04-03T01:40:36.546+0600][73.392s][info][gc,cpu         ] GC(287) User=0.99s Sys=0.24s Real=0.17s
[2026-04-03T01:40:36.564+0600][73.410s][info][gc,start       ] GC(288) Pause Young (Concurrent Start) (G1 Humongous Allocation)
[2026-04-03T01:40:36.564+0600][73.410s][info][gc,task        ] GC(288) Using 9 workers of 10 for evacuation
[2026-04-03T01:40:36.567+0600][73.413s][info][gc,phases      ] GC(288)   Pre Evacuate Collection Set: 0.39ms
[2026-04-03T01:40:36.567+0600][73.413s][info][gc,phases      ] GC(288)   Merge Heap Roots: 0.20ms
[2026-04-03T01:40:36.567+0600][73.413s][info][gc,phases      ] GC(288)   Evacuate Collection Set: 2.06ms
[2026-04-03T01:40:36.567+0600][73.413s][info][gc,phases      ] GC(288)   Post Evacuate Collection Set: 0.46ms
[2026-04-03T01:40:36.567+0600][73.413s][info][gc,phases      ] GC(288)   Other: 0.16ms
[2026-04-03T01:40:36.567+0600][73.413s][info][gc,heap        ] GC(288) Eden regions: 4->0(105)
[2026-04-03T01:40:36.567+0600][73.413s][info][gc,heap        ] GC(288) Survivor regions: 0->1(14)
[2026-04-03T01:40:36.567+0600][73.413s][info][gc,heap        ] GC(288) Old regions: 50->50
[2026-04-03T01:40:36.567+0600][73.414s][info][gc,heap        ] GC(288) Humongous regions: 3->3
[2026-04-03T01:40:36.567+0600][73.414s][info][gc,metaspace   ] GC(288) Metaspace: 131847K(133312K)->131847K(133312K) NonClass: 115285K(116032K)->115285K(116032K) Class: 16562K(17280K)->16562K(17280K)
[2026-04-03T01:40:36.567+0600][73.414s][info][gc             ] GC(288) Pause Young (Concurrent Start) (G1 Humongous Allocation) 103M->96M(354M) 3.608ms
[2026-04-03T01:40:36.568+0600][73.414s][info][gc             ] GC(289) Concurrent Mark Cycle
[2026-04-03T01:40:36.568+0600][73.414s][info][gc,cpu         ] GC(288) User=0.01s Sys=0.00s Real=0.00s
[2026-04-03T01:40:36.568+0600][73.414s][info][gc,marking     ] GC(289) Concurrent Scan Root Regions
[2026-04-03T01:40:36.569+0600][73.416s][info][gc,marking     ] GC(289) Concurrent Scan Root Regions 1.876ms
[2026-04-03T01:40:36.570+0600][73.416s][info][gc,marking     ] GC(289) Concurrent Mark
[2026-04-03T01:40:36.570+0600][73.416s][info][gc,marking     ] GC(289) Concurrent Mark From Roots
[2026-04-03T01:40:36.570+0600][73.416s][info][gc,task        ] GC(289) Using 3 workers of 3 for marking
[2026-04-03T01:40:36.649+0600][73.495s][info][gc,marking     ] GC(289) Concurrent Mark From Roots 79.034ms
[2026-04-03T01:40:36.649+0600][73.495s][info][gc,marking     ] GC(289) Concurrent Preclean
[2026-04-03T01:40:36.650+0600][73.496s][info][gc,marking     ] GC(289) Concurrent Preclean 0.956ms
[2026-04-03T01:40:36.650+0600][73.496s][info][gc,start       ] GC(289) Pause Remark
[2026-04-03T01:40:36.662+0600][73.508s][info][gc             ] GC(289) Pause Remark 130M->130M(354M) 12.255ms
[2026-04-03T01:40:36.663+0600][73.509s][info][gc,cpu         ] GC(289) User=0.07s Sys=0.01s Real=0.01s
[2026-04-03T01:40:36.663+0600][73.509s][info][gc,marking     ] GC(289) Concurrent Mark 93.195ms
[2026-04-03T01:40:36.663+0600][73.509s][info][gc,marking     ] GC(289) Concurrent Rebuild Remembered Sets and Scrub Regions
[2026-04-03T01:40:36.704+0600][73.550s][info][gc,marking     ] GC(289) Concurrent Rebuild Remembered Sets and Scrub Regions 40.800ms
[2026-04-03T01:40:36.704+0600][73.550s][info][gc,start       ] GC(289) Pause Cleanup
[2026-04-03T01:40:36.705+0600][73.551s][info][gc             ] GC(289) Pause Cleanup 156M->156M(354M) 0.349ms
[2026-04-03T01:40:36.705+0600][73.551s][info][gc,cpu         ] GC(289) User=0.00s Sys=0.00s Real=0.00s
[2026-04-03T01:40:36.705+0600][73.551s][info][gc,marking     ] GC(289) Concurrent Clear Claimed Marks
[2026-04-03T01:40:36.705+0600][73.551s][info][gc,marking     ] GC(289) Concurrent Clear Claimed Marks 0.487ms
[2026-04-03T01:40:36.705+0600][73.552s][info][gc,marking     ] GC(289) Concurrent Cleanup for Next Mark
[2026-04-03T01:40:36.706+0600][73.552s][info][gc,marking     ] GC(289) Concurrent Cleanup for Next Mark 0.626ms
[2026-04-03T01:40:36.706+0600][73.552s][info][gc             ] GC(289) Concurrent Mark Cycle 138.640ms
[2026-04-03T01:40:36.752+0600][73.598s][info][gc,start       ] GC(290) Pause Young (Prepare Mixed) (G1 Evacuation Pause)
[2026-04-03T01:40:36.752+0600][73.599s][info][gc,task        ] GC(290) Using 10 workers of 10 for evacuation
[2026-04-03T01:40:36.756+0600][73.602s][info][gc,phases      ] GC(290)   Pre Evacuate Collection Set: 0.34ms
[2026-04-03T01:40:36.756+0600][73.602s][info][gc,phases      ] GC(290)   Merge Heap Roots: 0.19ms
[2026-04-03T01:40:36.756+0600][73.602s][info][gc,phases      ] GC(290)   Evacuate Collection Set: 2.39ms
[2026-04-03T01:40:36.756+0600][73.602s][info][gc,phases      ] GC(290)   Post Evacuate Collection Set: 0.68ms
[2026-04-03T01:40:36.756+0600][73.602s][info][gc,phases      ] GC(290)   Other: 0.09ms
[2026-04-03T01:40:36.756+0600][73.602s][info][gc,heap        ] GC(290) Eden regions: 27->0(127)
[2026-04-03T01:40:36.756+0600][73.602s][info][gc,heap        ] GC(290) Survivor regions: 1->2(14)
[2026-04-03T01:40:36.756+0600][73.602s][info][gc,heap        ] GC(290) Old regions: 50->50
[2026-04-03T01:40:36.756+0600][73.602s][info][gc,heap        ] GC(290) Humongous regions: 135->12
[2026-04-03T01:40:36.756+0600][73.602s][info][gc,metaspace   ] GC(290) Metaspace: 131848K(133312K)->131848K(133312K) NonClass: 115286K(116032K)->115286K(116032K) Class: 16562K(17280K)->16562K(17280K)
[2026-04-03T01:40:36.756+0600][73.602s][info][gc             ] GC(290) Pause Young (Prepare Mixed) (G1 Evacuation Pause) 414M->117M(430M) 4.003ms
[2026-04-03T01:40:36.756+0600][73.603s][info][gc,cpu         ] GC(290) User=0.03s Sys=0.00s Real=0.00s
[2026-04-03T01:40:36.876+0600][73.723s][info][gc,start       ] GC(291) Pause Young (Mixed) (G1 Evacuation Pause)
[2026-04-03T01:40:36.877+0600][73.723s][info][gc,task        ] GC(291) Using 10 workers of 10 for evacuation
[2026-04-03T01:40:36.879+0600][73.726s][info][gc,phases      ] GC(291)   Pre Evacuate Collection Set: 0.26ms
[2026-04-03T01:40:36.879+0600][73.726s][info][gc,phases      ] GC(291)   Merge Heap Roots: 0.10ms
[2026-04-03T01:40:36.879+0600][73.726s][info][gc,phases      ] GC(291)   Evacuate Collection Set: 1.89ms
[2026-04-03T01:40:36.879+0600][73.726s][info][gc,phases      ] GC(291)   Post Evacuate Collection Set: 0.53ms
[2026-04-03T01:40:36.880+0600][73.726s][info][gc,phases      ] GC(291)   Other: 0.08ms
[2026-04-03T01:40:36.880+0600][73.726s][info][gc,heap        ] GC(291) Eden regions: 28->0(145)
[2026-04-03T01:40:36.880+0600][73.726s][info][gc,heap        ] GC(291) Survivor regions: 2->2(17)
[2026-04-03T01:40:36.880+0600][73.726s][info][gc,heap        ] GC(291) Old regions: 50->49
[2026-04-03T01:40:36.880+0600][73.726s][info][gc,heap        ] GC(291) Humongous regions: 162->9
[2026-04-03T01:40:36.880+0600][73.726s][info][gc,metaspace   ] GC(291) Metaspace: 131851K(133312K)->131851K(133312K) NonClass: 115289K(116032K)->115289K(116032K) Class: 16562K(17280K)->16562K(17280K)
[2026-04-03T01:40:36.880+0600][73.726s][info][gc             ] GC(291) Pause Young (Mixed) (G1 Evacuation Pause) 473M->111M(490M) 3.115ms
[2026-04-03T01:40:36.880+0600][73.726s][info][gc,cpu         ] GC(291) User=0.01s Sys=0.01s Real=0.01s
[2026-04-03T01:40:36.891+0600][73.737s][info][gc,start       ] GC(292) Pause Young (Concurrent Start) (G1 Humongous Allocation)
[2026-04-03T01:40:36.891+0600][73.738s][info][gc,task        ] GC(292) Using 10 workers of 10 for evacuation
[2026-04-03T01:40:36.894+0600][73.740s][info][gc,phases      ] GC(292)   Pre Evacuate Collection Set: 0.44ms
[2026-04-03T01:40:36.894+0600][73.740s][info][gc,phases      ] GC(292)   Merge Heap Roots: 0.08ms
[2026-04-03T01:40:36.894+0600][73.740s][info][gc,phases      ] GC(292)   Evacuate Collection Set: 1.40ms
[2026-04-03T01:40:36.894+0600][73.740s][info][gc,phases      ] GC(292)   Post Evacuate Collection Set: 0.42ms
[2026-04-03T01:40:36.894+0600][73.740s][info][gc,phases      ] GC(292)   Other: 0.21ms
[2026-04-03T01:40:36.894+0600][73.740s][info][gc,heap        ] GC(292) Eden regions: 2->0(126)
[2026-04-03T01:40:36.894+0600][73.740s][info][gc,heap        ] GC(292) Survivor regions: 2->3(19)
[2026-04-03T01:40:36.894+0600][73.740s][info][gc,heap        ] GC(292) Old regions: 49->49
[2026-04-03T01:40:36.894+0600][73.740s][info][gc,heap        ] GC(292) Humongous regions: 9->3
[2026-04-03T01:40:36.894+0600][73.740s][info][gc,metaspace   ] GC(292) Metaspace: 131851K(133312K)->131851K(133312K) NonClass: 115289K(116032K)->115289K(116032K) Class: 16562K(17280K)->16562K(17280K)
[2026-04-03T01:40:36.894+0600][73.740s][info][gc             ] GC(292) Pause Young (Concurrent Start) (G1 Humongous Allocation) 113M->99M(490M) 2.771ms
[2026-04-03T01:40:36.894+0600][73.740s][info][gc             ] GC(293) Concurrent Mark Cycle
[2026-04-03T01:40:36.894+0600][73.740s][info][gc,marking     ] GC(293) Concurrent Scan Root Regions
[2026-04-03T01:40:36.894+0600][73.740s][info][gc,cpu         ] GC(292) User=0.01s Sys=0.00s Real=0.00s
[2026-04-03T01:40:36.896+0600][73.742s][info][gc,marking     ] GC(293) Concurrent Scan Root Regions 1.476ms
[2026-04-03T01:40:36.896+0600][73.742s][info][gc,marking     ] GC(293) Concurrent Mark
[2026-04-03T01:40:36.896+0600][73.742s][info][gc,marking     ] GC(293) Concurrent Mark From Roots
[2026-04-03T01:40:36.896+0600][73.742s][info][gc,task        ] GC(293) Using 3 workers of 3 for marking
[2026-04-03T01:40:37.006+0600][73.853s][info][gc,marking     ] GC(293) Concurrent Mark From Roots 110.591ms
[2026-04-03T01:40:37.007+0600][73.853s][info][gc,marking     ] GC(293) Concurrent Preclean
[2026-04-03T01:40:37.007+0600][73.853s][info][gc,marking     ] GC(293) Concurrent Preclean 0.738ms
[2026-04-03T01:40:37.008+0600][73.854s][info][gc,start       ] GC(293) Pause Remark
[2026-04-03T01:40:37.017+0600][73.863s][info][gc             ] GC(293) Pause Remark 471M->471M(694M) 9.515ms
[2026-04-03T01:40:37.017+0600][73.863s][info][gc,cpu         ] GC(293) User=0.06s Sys=0.00s Real=0.01s
[2026-04-03T01:40:37.017+0600][73.864s][info][gc,marking     ] GC(293) Concurrent Mark 121.656ms
[2026-04-03T01:40:37.018+0600][73.864s][info][gc,marking     ] GC(293) Concurrent Rebuild Remembered Sets and Scrub Regions
[2026-04-03T01:40:37.049+0600][73.895s][info][gc,marking     ] GC(293) Concurrent Rebuild Remembered Sets and Scrub Regions 30.958ms
[2026-04-03T01:40:37.049+0600][73.895s][info][gc,start       ] GC(293) Pause Cleanup
[2026-04-03T01:40:37.049+0600][73.895s][info][gc             ] GC(293) Pause Cleanup 485M->485M(694M) 0.323ms
[2026-04-03T01:40:37.049+0600][73.896s][info][gc,cpu         ] GC(293) User=0.00s Sys=0.00s Real=0.00s
[2026-04-03T01:40:37.050+0600][73.896s][info][gc,marking     ] GC(293) Concurrent Clear Claimed Marks
[2026-04-03T01:40:37.050+0600][73.896s][info][gc,marking     ] GC(293) Concurrent Clear Claimed Marks 0.454ms
[2026-04-03T01:40:37.050+0600][73.896s][info][gc,marking     ] GC(293) Concurrent Cleanup for Next Mark
[2026-04-03T01:40:37.056+0600][73.902s][info][gc,marking     ] GC(293) Concurrent Cleanup for Next Mark 5.923ms
[2026-04-03T01:40:37.056+0600][73.902s][info][gc             ] GC(293) Concurrent Mark Cycle 162.017ms
[2026-04-03T01:40:37.421+0600][74.267s][info][gc,start       ] GC(294) Pause Young (Prepare Mixed) (G1 Evacuation Pause)
[2026-04-03T01:40:37.421+0600][74.267s][info][gc,task        ] GC(294) Using 10 workers of 10 for evacuation
[2026-04-03T01:40:37.425+0600][74.271s][info][gc,phases      ] GC(294)   Pre Evacuate Collection Set: 0.34ms
[2026-04-03T01:40:37.425+0600][74.271s][info][gc,phases      ] GC(294)   Merge Heap Roots: 0.12ms
[2026-04-03T01:40:37.425+0600][74.271s][info][gc,phases      ] GC(294)   Evacuate Collection Set: 2.24ms
[2026-04-03T01:40:37.425+0600][74.271s][info][gc,phases      ] GC(294)   Post Evacuate Collection Set: 0.60ms
[2026-04-03T01:40:37.425+0600][74.271s][info][gc,phases      ] GC(294)   Other: 0.07ms
[2026-04-03T01:40:37.425+0600][74.271s][info][gc,heap        ] GC(294) Eden regions: 100->0(207)
[2026-04-03T01:40:37.425+0600][74.271s][info][gc,heap        ] GC(294) Survivor regions: 3->2(17)
[2026-04-03T01:40:37.425+0600][74.271s][info][gc,heap        ] GC(294) Old regions: 49->49
[2026-04-03T01:40:37.425+0600][74.271s][info][gc,heap        ] GC(294) Humongous regions: 195->3
[2026-04-03T01:40:37.425+0600][74.271s][info][gc,metaspace   ] GC(294) Metaspace: 131855K(133312K)->131855K(133312K) NonClass: 115293K(116032K)->115293K(116032K) Class: 16562K(17280K)->16562K(17280K)
[2026-04-03T01:40:37.425+0600][74.271s][info][gc             ] GC(294) Pause Young (Prepare Mixed) (G1 Evacuation Pause) 683M->98M(698M) 3.604ms
[2026-04-03T01:40:37.425+0600][74.271s][info][gc,cpu         ] GC(294) User=0.01s Sys=0.01s Real=0.00s
[2026-04-03T01:40:37.891+0600][74.737s][info][gc,start       ] GC(295) Pause Young (Mixed) (G1 Evacuation Pause)
[2026-04-03T01:40:37.891+0600][74.737s][info][gc,task        ] GC(295) Using 10 workers of 10 for evacuation
[2026-04-03T01:40:37.896+0600][74.742s][info][gc,phases      ] GC(295)   Pre Evacuate Collection Set: 0.34ms
[2026-04-03T01:40:37.896+0600][74.742s][info][gc,phases      ] GC(295)   Merge Heap Roots: 0.17ms
[2026-04-03T01:40:37.896+0600][74.742s][info][gc,phases      ] GC(295)   Evacuate Collection Set: 3.00ms
[2026-04-03T01:40:37.896+0600][74.742s][info][gc,phases      ] GC(295)   Post Evacuate Collection Set: 0.69ms
[2026-04-03T01:40:37.896+0600][74.742s][info][gc,phases      ] GC(295)   Other: 0.09ms
[2026-04-03T01:40:37.896+0600][74.742s][info][gc,heap        ] GC(295) Eden regions: 171->0(208)
[2026-04-03T01:40:37.896+0600][74.742s][info][gc,heap        ] GC(295) Survivor regions: 2->3(27)
[2026-04-03T01:40:37.896+0600][74.742s][info][gc,heap        ] GC(295) Old regions: 49->47
[2026-04-03T01:40:37.896+0600][74.742s][info][gc,heap        ] GC(295) Humongous regions: 127->3
[2026-04-03T01:40:37.896+0600][74.742s][info][gc,metaspace   ] GC(295) Metaspace: 131856K(133312K)->131856K(133312K) NonClass: 115294K(116032K)->115294K(116032K) Class: 16562K(17280K)->16562K(17280K)
[2026-04-03T01:40:37.896+0600][74.742s][info][gc             ] GC(295) Pause Young (Mixed) (G1 Evacuation Pause) 688M->99M(704M) 4.582ms
[2026-04-03T01:40:37.896+0600][74.742s][info][gc,cpu         ] GC(295) User=0.03s Sys=0.01s Real=0.00s
[2026-04-03T01:40:37.917+0600][74.763s][info][gc,start       ] GC(296) Pause Young (Concurrent Start) (G1 Humongous Allocation)
[2026-04-03T01:40:37.917+0600][74.764s][info][gc,task        ] GC(296) Using 10 workers of 10 for evacuation
[2026-04-03T01:40:37.922+0600][74.768s][info][gc,phases      ] GC(296)   Pre Evacuate Collection Set: 0.61ms
[2026-04-03T01:40:37.922+0600][74.768s][info][gc,phases      ] GC(296)   Merge Heap Roots: 0.23ms
[2026-04-03T01:40:37.922+0600][74.768s][info][gc,phases      ] GC(296)   Evacuate Collection Set: 2.60ms
[2026-04-03T01:40:37.922+0600][74.768s][info][gc,phases      ] GC(296)   Post Evacuate Collection Set: 0.78ms
[2026-04-03T01:40:37.922+0600][74.768s][info][gc,phases      ] GC(296)   Other: 0.26ms
[2026-04-03T01:40:37.922+0600][74.768s][info][gc,heap        ] GC(296) Eden regions: 12->0(208)
[2026-04-03T01:40:37.922+0600][74.768s][info][gc,heap        ] GC(296) Survivor regions: 3->3(27)
[2026-04-03T01:40:37.922+0600][74.768s][info][gc,heap        ] GC(296) Old regions: 47->47
[2026-04-03T01:40:37.922+0600][74.768s][info][gc,heap        ] GC(296) Humongous regions: 3->3
[2026-04-03T01:40:37.922+0600][74.768s][info][gc,metaspace   ] GC(296) Metaspace: 131856K(133312K)->131856K(133312K) NonClass: 115294K(116032K)->115294K(116032K) Class: 16562K(17280K)->16562K(17280K)
[2026-04-03T01:40:37.922+0600][74.768s][info][gc             ] GC(296) Pause Young (Concurrent Start) (G1 Humongous Allocation) 123M->100M(704M) 4.906ms
[2026-04-03T01:40:37.922+0600][74.768s][info][gc             ] GC(297) Concurrent Mark Cycle
[2026-04-03T01:40:37.922+0600][74.769s][info][gc,marking     ] GC(297) Concurrent Scan Root Regions
[2026-04-03T01:40:37.922+0600][74.769s][info][gc,cpu         ] GC(296) User=0.03s Sys=0.00s Real=0.01s
[2026-04-03T01:40:37.926+0600][74.772s][info][gc,marking     ] GC(297) Concurrent Scan Root Regions 3.906ms
[2026-04-03T01:40:37.926+0600][74.773s][info][gc,marking     ] GC(297) Concurrent Mark
[2026-04-03T01:40:37.927+0600][74.773s][info][gc,marking     ] GC(297) Concurrent Mark From Roots
[2026-04-03T01:40:37.927+0600][74.773s][info][gc,task        ] GC(297) Using 3 workers of 3 for marking
[2026-04-03T01:40:38.041+0600][74.887s][info][gc,marking     ] GC(297) Concurrent Mark From Roots 114.200ms
[2026-04-03T01:40:38.041+0600][74.887s][info][gc,marking     ] GC(297) Concurrent Preclean
[2026-04-03T01:40:38.041+0600][74.887s][info][gc,marking     ] GC(297) Concurrent Preclean 0.286ms
[2026-04-03T01:40:38.042+0600][74.888s][info][gc,start       ] GC(297) Pause Remark
[2026-04-03T01:40:38.051+0600][74.897s][info][gc             ] GC(297) Pause Remark 237M->237M(574M) 9.000ms
[2026-04-03T01:40:38.051+0600][74.897s][info][gc,cpu         ] GC(297) User=0.06s Sys=0.00s Real=0.01s
[2026-04-03T01:40:38.051+0600][74.898s][info][gc,marking     ] GC(297) Concurrent Mark 124.959ms
[2026-04-03T01:40:38.052+0600][74.898s][info][gc,marking     ] GC(297) Concurrent Rebuild Remembered Sets and Scrub Regions
[2026-04-03T01:40:38.091+0600][74.937s][info][gc,marking     ] GC(297) Concurrent Rebuild Remembered Sets and Scrub Regions 39.770ms
[2026-04-03T01:40:38.092+0600][74.938s][info][gc,start       ] GC(297) Pause Cleanup
[2026-04-03T01:40:38.092+0600][74.938s][info][gc             ] GC(297) Pause Cleanup 278M->278M(574M) 0.299ms
[2026-04-03T01:40:38.092+0600][74.938s][info][gc,cpu         ] GC(297) User=0.00s Sys=0.00s Real=0.00s
[2026-04-03T01:40:38.092+0600][74.938s][info][gc,marking     ] GC(297) Concurrent Clear Claimed Marks
[2026-04-03T01:40:38.093+0600][74.939s][info][gc,marking     ] GC(297) Concurrent Clear Claimed Marks 0.354ms
[2026-04-03T01:40:38.093+0600][74.939s][info][gc,marking     ] GC(297) Concurrent Cleanup for Next Mark
[2026-04-03T01:40:38.094+0600][74.940s][info][gc,marking     ] GC(297) Concurrent Cleanup for Next Mark 1.151ms
[2026-04-03T01:40:38.094+0600][74.940s][info][gc             ] GC(297) Concurrent Mark Cycle 171.494ms
[2026-04-03T01:40:38.309+0600][75.156s][info][gc,start       ] GC(298) Pause Young (Prepare Mixed) (G1 Evacuation Pause)
[2026-04-03T01:40:38.310+0600][75.156s][info][gc,task        ] GC(298) Using 10 workers of 10 for evacuation
[2026-04-03T01:40:38.314+0600][75.160s][info][gc,phases      ] GC(298)   Pre Evacuate Collection Set: 0.29ms
[2026-04-03T01:40:38.314+0600][75.160s][info][gc,phases      ] GC(298)   Merge Heap Roots: 0.22ms
[2026-04-03T01:40:38.314+0600][75.160s][info][gc,phases      ] GC(298)   Evacuate Collection Set: 3.12ms
[2026-04-03T01:40:38.314+0600][75.160s][info][gc,phases      ] GC(298)   Post Evacuate Collection Set: 0.87ms
[2026-04-03T01:40:38.314+0600][75.160s][info][gc,phases      ] GC(298)   Other: 0.10ms
[2026-04-03T01:40:38.314+0600][75.160s][info][gc,heap        ] GC(298) Eden regions: 127->0(174)
[2026-04-03T01:40:38.314+0600][75.160s][info][gc,heap        ] GC(298) Survivor regions: 3->4(22)
[2026-04-03T01:40:38.314+0600][75.160s][info][gc,heap        ] GC(298) Old regions: 47->47
[2026-04-03T01:40:38.314+0600][75.160s][info][gc,heap        ] GC(298) Humongous regions: 116->3
[2026-04-03T01:40:38.314+0600][75.160s][info][gc,metaspace   ] GC(298) Metaspace: 131856K(133312K)->131856K(133312K) NonClass: 115294K(116032K)->115294K(116032K) Class: 16562K(17280K)->16562K(17280K)
[2026-04-03T01:40:38.314+0600][75.160s][info][gc             ] GC(298) Pause Young (Prepare Mixed) (G1 Evacuation Pause) 580M->101M(594M) 4.874ms
[2026-04-03T01:40:38.314+0600][75.161s][info][gc,cpu         ] GC(298) User=0.02s Sys=0.01s Real=0.01s
[2026-04-03T01:40:38.837+0600][75.683s][info][gc,start       ] GC(299) Pause Young (Mixed) (G1 Evacuation Pause)
[2026-04-03T01:40:38.837+0600][75.683s][info][gc,task        ] GC(299) Using 10 workers of 10 for evacuation
[2026-04-03T01:40:38.844+0600][75.690s][info][gc,phases      ] GC(299)   Pre Evacuate Collection Set: 0.56ms
[2026-04-03T01:40:38.844+0600][75.691s][info][gc,phases      ] GC(299)   Merge Heap Roots: 0.34ms
[2026-04-03T01:40:38.844+0600][75.691s][info][gc,phases      ] GC(299)   Evacuate Collection Set: 5.04ms
[2026-04-03T01:40:38.845+0600][75.691s][info][gc,phases      ] GC(299)   Post Evacuate Collection Set: 1.04ms
[2026-04-03T01:40:38.845+0600][75.691s][info][gc,phases      ] GC(299)   Other: 0.22ms
[2026-04-03T01:40:38.845+0600][75.691s][info][gc,heap        ] GC(299) Eden regions: 163->0(177)
[2026-04-03T01:40:38.845+0600][75.691s][info][gc,heap        ] GC(299) Survivor regions: 4->3(23)
[2026-04-03T01:40:38.845+0600][75.691s][info][gc,heap        ] GC(299) Old regions: 47->46
[2026-04-03T01:40:38.845+0600][75.691s][info][gc,heap        ] GC(299) Humongous regions: 83->3
[2026-04-03T01:40:38.845+0600][75.691s][info][gc,metaspace   ] GC(299) Metaspace: 131868K(133312K)->131868K(133312K) NonClass: 115305K(116032K)->115305K(116032K) Class: 16562K(17280K)->16562K(17280K)
[2026-04-03T01:40:38.845+0600][75.691s][info][gc             ] GC(299) Pause Young (Mixed) (G1 Evacuation Pause) 587M->100M(602M) 7.594ms
[2026-04-03T01:40:38.845+0600][75.691s][info][gc,cpu         ] GC(299) User=0.03s Sys=0.02s Real=0.01s
[2026-04-03T01:40:38.859+0600][75.705s][info][gc,start       ] GC(300) Pause Young (Concurrent Start) (GCLocker Initiated GC)
[2026-04-03T01:40:38.859+0600][75.705s][info][gc,task        ] GC(300) Using 10 workers of 10 for evacuation
[2026-04-03T01:40:38.863+0600][75.709s][info][gc,phases      ] GC(300)   Pre Evacuate Collection Set: 0.45ms
[2026-04-03T01:40:38.863+0600][75.710s][info][gc,phases      ] GC(300)   Merge Heap Roots: 0.18ms
[2026-04-03T01:40:38.863+0600][75.710s][info][gc,phases      ] GC(300)   Evacuate Collection Set: 2.65ms
[2026-04-03T01:40:38.863+0600][75.710s][info][gc,phases      ] GC(300)   Post Evacuate Collection Set: 0.67ms
[2026-04-03T01:40:38.863+0600][75.710s][info][gc,phases      ] GC(300)   Other: 0.26ms
[2026-04-03T01:40:38.863+0600][75.710s][info][gc,heap        ] GC(300) Eden regions: 6->0(176)
[2026-04-03T01:40:38.864+0600][75.710s][info][gc,heap        ] GC(300) Survivor regions: 3->4(23)
[2026-04-03T01:40:38.864+0600][75.710s][info][gc,heap        ] GC(300) Old regions: 46->46
[2026-04-03T01:40:38.864+0600][75.710s][info][gc,heap        ] GC(300) Humongous regions: 3->3
[2026-04-03T01:40:38.864+0600][75.710s][info][gc,metaspace   ] GC(300) Metaspace: 131868K(133312K)->131868K(133312K) NonClass: 115305K(116032K)->115305K(116032K) Class: 16562K(17280K)->16562K(17280K)
[2026-04-03T01:40:38.864+0600][75.710s][info][gc             ] GC(300) Pause Young (Concurrent Start) (GCLocker Initiated GC) 112M->102M(602M) 4.515ms
[2026-04-03T01:40:38.864+0600][75.710s][info][gc             ] GC(301) Concurrent Mark Cycle
[2026-04-03T01:40:38.864+0600][75.710s][info][gc,cpu         ] GC(300) User=0.03s Sys=0.00s Real=0.01s
[2026-04-03T01:40:38.864+0600][75.710s][info][gc,marking     ] GC(301) Concurrent Scan Root Regions
[2026-04-03T01:40:38.868+0600][75.714s][info][gc,marking     ] GC(301) Concurrent Scan Root Regions 4.610ms
[2026-04-03T01:40:38.868+0600][75.715s][info][gc,marking     ] GC(301) Concurrent Mark
[2026-04-03T01:40:38.868+0600][75.715s][info][gc,marking     ] GC(301) Concurrent Mark From Roots
[2026-04-03T01:40:38.869+0600][75.715s][info][gc,task        ] GC(301) Using 3 workers of 3 for marking
[2026-04-03T01:40:38.983+0600][75.829s][info][gc,marking     ] GC(301) Concurrent Mark From Roots 114.218ms
[2026-04-03T01:40:38.983+0600][75.829s][info][gc,marking     ] GC(301) Concurrent Preclean
[2026-04-03T01:40:38.983+0600][75.829s][info][gc,marking     ] GC(301) Concurrent Preclean 0.401ms
[2026-04-03T01:40:38.984+0600][75.830s][info][gc,start       ] GC(301) Pause Remark
[2026-04-03T01:40:38.993+0600][75.839s][info][gc             ] GC(301) Pause Remark 224M->224M(554M) 9.701ms
[2026-04-03T01:40:38.993+0600][75.840s][info][gc,cpu         ] GC(301) User=0.07s Sys=0.00s Real=0.01s
[2026-04-03T01:40:38.994+0600][75.840s][info][gc,marking     ] GC(301) Concurrent Mark 125.158ms
[2026-04-03T01:40:38.994+0600][75.840s][info][gc,marking     ] GC(301) Concurrent Rebuild Remembered Sets and Scrub Regions
[2026-04-03T01:40:39.032+0600][75.878s][info][gc,marking     ] GC(301) Concurrent Rebuild Remembered Sets and Scrub Regions 38.571ms
[2026-04-03T01:40:39.033+0600][75.879s][info][gc,start       ] GC(301) Pause Cleanup
[2026-04-03T01:40:39.033+0600][75.879s][info][gc             ] GC(301) Pause Cleanup 268M->268M(554M) 0.323ms
[2026-04-03T01:40:39.033+0600][75.879s][info][gc,cpu         ] GC(301) User=0.00s Sys=0.00s Real=0.00s
[2026-04-03T01:40:39.033+0600][75.879s][info][gc,marking     ] GC(301) Concurrent Clear Claimed Marks
[2026-04-03T01:40:39.034+0600][75.880s][info][gc,marking     ] GC(301) Concurrent Clear Claimed Marks 0.495ms
[2026-04-03T01:40:39.034+0600][75.880s][info][gc,marking     ] GC(301) Concurrent Cleanup for Next Mark
[2026-04-03T01:40:39.035+0600][75.881s][info][gc,marking     ] GC(301) Concurrent Cleanup for Next Mark 1.051ms
[2026-04-03T01:40:39.035+0600][75.881s][info][gc             ] GC(301) Concurrent Mark Cycle 171.437ms
[2026-04-03T01:40:39.237+0600][76.083s][info][gc,start       ] GC(302) Pause Young (Prepare Mixed) (GCLocker Initiated GC)
[2026-04-03T01:40:39.237+0600][76.083s][info][gc,task        ] GC(302) Using 10 workers of 10 for evacuation
[2026-04-03T01:40:39.244+0600][76.090s][info][gc,phases      ] GC(302)   Pre Evacuate Collection Set: 0.47ms
[2026-04-03T01:40:39.244+0600][76.090s][info][gc,phases      ] GC(302)   Merge Heap Roots: 0.33ms
[2026-04-03T01:40:39.244+0600][76.090s][info][gc,phases      ] GC(302)   Evacuate Collection Set: 5.07ms
[2026-04-03T01:40:39.244+0600][76.090s][info][gc,phases      ] GC(302)   Post Evacuate Collection Set: 1.40ms
[2026-04-03T01:40:39.244+0600][76.090s][info][gc,phases      ] GC(302)   Other: 0.13ms
[2026-04-03T01:40:39.244+0600][76.091s][info][gc,heap        ] GC(302) Eden regions: 124->0(198)
[2026-04-03T01:40:39.244+0600][76.091s][info][gc,heap        ] GC(302) Survivor regions: 4->4(21)
[2026-04-03T01:40:39.244+0600][76.091s][info][gc,heap        ] GC(302) Old regions: 46->46
[2026-04-03T01:40:39.244+0600][76.091s][info][gc,heap        ] GC(302) Humongous regions: 103->3
[2026-04-03T01:40:39.244+0600][76.091s][info][gc,metaspace   ] GC(302) Metaspace: 131872K(133376K)->131872K(133376K) NonClass: 115309K(116096K)->115309K(116096K) Class: 16562K(17280K)->16562K(17280K)
[2026-04-03T01:40:39.244+0600][76.091s][info][gc             ] GC(302) Pause Young (Prepare Mixed) (GCLocker Initiated GC) 550M->101M(676M) 7.734ms
[2026-04-03T01:40:39.245+0600][76.091s][info][gc,cpu         ] GC(302) User=0.03s Sys=0.02s Real=0.01s
[2026-04-03T01:40:39.798+0600][76.644s][info][gc,start       ] GC(303) Pause Young (Mixed) (G1 Evacuation Pause)
[2026-04-03T01:40:39.798+0600][76.645s][info][gc,task        ] GC(303) Using 10 workers of 10 for evacuation
[2026-04-03T01:40:39.805+0600][76.651s][info][gc,phases      ] GC(303)   Pre Evacuate Collection Set: 0.40ms
[2026-04-03T01:40:39.805+0600][76.651s][info][gc,phases      ] GC(303)   Merge Heap Roots: 0.42ms
[2026-04-03T01:40:39.805+0600][76.651s][info][gc,phases      ] GC(303)   Evacuate Collection Set: 4.73ms
[2026-04-03T01:40:39.805+0600][76.651s][info][gc,phases      ] GC(303)   Post Evacuate Collection Set: 0.97ms
[2026-04-03T01:40:39.805+0600][76.651s][info][gc,phases      ] GC(303)   Other: 0.13ms
[2026-04-03T01:40:39.805+0600][76.651s][info][gc,heap        ] GC(303) Eden regions: 183->0(201)
[2026-04-03T01:40:39.805+0600][76.651s][info][gc,heap        ] GC(303) Survivor regions: 4->5(26)
[2026-04-03T01:40:39.805+0600][76.651s][info][gc,heap        ] GC(303) Old regions: 46->46
[2026-04-03T01:40:39.805+0600][76.651s][info][gc,heap        ] GC(303) Humongous regions: 105->3
[2026-04-03T01:40:39.805+0600][76.651s][info][gc,metaspace   ] GC(303) Metaspace: 131875K(133376K)->131875K(133376K) NonClass: 115312K(116096K)->115312K(116096K) Class: 16562K(17280K)->16562K(17280K)
[2026-04-03T01:40:39.805+0600][76.651s][info][gc             ] GC(303) Pause Young (Mixed) (G1 Evacuation Pause) 671M->102M(688M) 7.011ms
[2026-04-03T01:40:39.805+0600][76.652s][info][gc,cpu         ] GC(303) User=0.04s Sys=0.01s Real=0.01s
[2026-04-03T01:40:39.808+0600][76.654s][info][gc,start       ] GC(304) Pause Young (Concurrent Start) (G1 Humongous Allocation)
[2026-04-03T01:40:39.808+0600][76.654s][info][gc,task        ] GC(304) Using 10 workers of 10 for evacuation
[2026-04-03T01:40:39.812+0600][76.658s][info][gc,phases      ] GC(304)   Pre Evacuate Collection Set: 0.43ms
[2026-04-03T01:40:39.812+0600][76.658s][info][gc,phases      ] GC(304)   Merge Heap Roots: 0.12ms
[2026-04-03T01:40:39.812+0600][76.658s][info][gc,phases      ] GC(304)   Evacuate Collection Set: 2.53ms
[2026-04-03T01:40:39.812+0600][76.658s][info][gc,phases      ] GC(304)   Post Evacuate Collection Set: 0.62ms
[2026-04-03T01:40:39.812+0600][76.658s][info][gc,phases      ] GC(304)   Other: 0.22ms
[2026-04-03T01:40:39.812+0600][76.658s][info][gc,heap        ] GC(304) Eden regions: 3->0(201)
[2026-04-03T01:40:39.812+0600][76.658s][info][gc,heap        ] GC(304) Survivor regions: 5->5(26)
[2026-04-03T01:40:39.812+0600][76.658s][info][gc,heap        ] GC(304) Old regions: 46->46
[2026-04-03T01:40:39.812+0600][76.658s][info][gc,heap        ] GC(304) Humongous regions: 3->3
[2026-04-03T01:40:39.812+0600][76.658s][info][gc,metaspace   ] GC(304) Metaspace: 131875K(133376K)->131875K(133376K) NonClass: 115312K(116096K)->115312K(116096K) Class: 16562K(17280K)->16562K(17280K)
[2026-04-03T01:40:39.812+0600][76.658s][info][gc             ] GC(304) Pause Young (Concurrent Start) (G1 Humongous Allocation) 107M->102M(688M) 4.200ms
[2026-04-03T01:40:39.812+0600][76.658s][info][gc             ] GC(305) Concurrent Mark Cycle
[2026-04-03T01:40:39.812+0600][76.658s][info][gc,marking     ] GC(305) Concurrent Scan Root Regions
[2026-04-03T01:40:39.812+0600][76.658s][info][gc,cpu         ] GC(304) User=0.03s Sys=0.00s Real=0.01s
[2026-04-03T01:40:39.815+0600][76.661s][info][gc,marking     ] GC(305) Concurrent Scan Root Regions 3.184ms
[2026-04-03T01:40:39.815+0600][76.662s][info][gc,marking     ] GC(305) Concurrent Mark
[2026-04-03T01:40:39.815+0600][76.662s][info][gc,marking     ] GC(305) Concurrent Mark From Roots
[2026-04-03T01:40:39.815+0600][76.662s][info][gc,task        ] GC(305) Using 3 workers of 3 for marking
[2026-04-03T01:40:39.928+0600][76.775s][info][gc,marking     ] GC(305) Concurrent Mark From Roots 112.997ms
[2026-04-03T01:40:39.929+0600][76.775s][info][gc,marking     ] GC(305) Concurrent Preclean
[2026-04-03T01:40:39.929+0600][76.775s][info][gc,marking     ] GC(305) Concurrent Preclean 0.595ms
[2026-04-03T01:40:39.929+0600][76.776s][info][gc,start       ] GC(305) Pause Remark
[2026-04-03T01:40:39.937+0600][76.783s][info][gc             ] GC(305) Pause Remark 246M->246M(488M) 7.828ms
[2026-04-03T01:40:39.937+0600][76.784s][info][gc,cpu         ] GC(305) User=0.06s Sys=0.00s Real=0.01s
[2026-04-03T01:40:39.938+0600][76.784s][info][gc,marking     ] GC(305) Concurrent Mark 122.188ms
[2026-04-03T01:40:39.938+0600][76.784s][info][gc,marking     ] GC(305) Concurrent Rebuild Remembered Sets and Scrub Regions
[2026-04-03T01:40:39.965+0600][76.811s][info][gc,marking     ] GC(305) Concurrent Rebuild Remembered Sets and Scrub Regions 26.798ms
[2026-04-03T01:40:39.965+0600][76.811s][info][gc,start       ] GC(305) Pause Cleanup
[2026-04-03T01:40:39.965+0600][76.811s][info][gc             ] GC(305) Pause Cleanup 260M->260M(488M) 0.395ms
[2026-04-03T01:40:39.965+0600][76.812s][info][gc,cpu         ] GC(305) User=0.00s Sys=0.00s Real=0.00s
[2026-04-03T01:40:39.966+0600][76.812s][info][gc,marking     ] GC(305) Concurrent Clear Claimed Marks
[2026-04-03T01:40:39.966+0600][76.812s][info][gc,marking     ] GC(305) Concurrent Clear Claimed Marks 0.345ms
[2026-04-03T01:40:39.966+0600][76.812s][info][gc,marking     ] GC(305) Concurrent Cleanup for Next Mark
[2026-04-03T01:40:39.967+0600][76.813s][info][gc,marking     ] GC(305) Concurrent Cleanup for Next Mark 1.084ms
[2026-04-03T01:40:39.967+0600][76.813s][info][gc             ] GC(305) Concurrent Mark Cycle 155.091ms
[2026-04-03T01:40:40.050+0600][76.896s][info][gc,start       ] GC(306) Pause Young (Prepare Mixed) (G1 Evacuation Pause)
[2026-04-03T01:40:40.050+0600][76.896s][info][gc,task        ] GC(306) Using 10 workers of 10 for evacuation
[2026-04-03T01:40:40.054+0600][76.900s][info][gc,phases      ] GC(306)   Pre Evacuate Collection Set: 0.44ms
[2026-04-03T01:40:40.054+0600][76.900s][info][gc,phases      ] GC(306)   Merge Heap Roots: 0.15ms
[2026-04-03T01:40:40.054+0600][76.900s][info][gc,phases      ] GC(306)   Evacuate Collection Set: 2.92ms
[2026-04-03T01:40:40.054+0600][76.900s][info][gc,phases      ] GC(306)   Post Evacuate Collection Set: 0.50ms
[2026-04-03T01:40:40.054+0600][76.900s][info][gc,phases      ] GC(306)   Other: 0.09ms
[2026-04-03T01:40:40.054+0600][76.900s][info][gc,heap        ] GC(306) Eden regions: 78->0(151)
[2026-04-03T01:40:40.054+0600][76.900s][info][gc,heap        ] GC(306) Survivor regions: 5->5(19)
[2026-04-03T01:40:40.054+0600][76.900s][info][gc,heap        ] GC(306) Old regions: 46->46
[2026-04-03T01:40:40.054+0600][76.900s][info][gc,heap        ] GC(306) Humongous regions: 127->3
[2026-04-03T01:40:40.054+0600][76.900s][info][gc,metaspace   ] GC(306) Metaspace: 131877K(133376K)->131877K(133376K) NonClass: 115314K(116096K)->115314K(116096K) Class: 16563K(17280K)->16563K(17280K)
[2026-04-03T01:40:40.054+0600][76.900s][info][gc             ] GC(306) Pause Young (Prepare Mixed) (G1 Evacuation Pause) 506M->102M(522M) 4.355ms
[2026-04-03T01:40:40.054+0600][76.900s][info][gc,cpu         ] GC(306) User=0.02s Sys=0.01s Real=0.01s
[2026-04-03T01:40:40.155+0600][77.001s][info][gc,start       ] GC(307) Pause Young (Mixed) (G1 Evacuation Pause)
[2026-04-03T01:40:40.155+0600][77.001s][info][gc,task        ] GC(307) Using 10 workers of 10 for evacuation
[2026-04-03T01:40:40.159+0600][77.005s][info][gc,phases      ] GC(307)   Pre Evacuate Collection Set: 0.26ms
[2026-04-03T01:40:40.159+0600][77.005s][info][gc,phases      ] GC(307)   Merge Heap Roots: 0.18ms
[2026-04-03T01:40:40.159+0600][77.005s][info][gc,phases      ] GC(307)   Evacuate Collection Set: 2.80ms
[2026-04-03T01:40:40.159+0600][77.005s][info][gc,phases      ] GC(307)   Post Evacuate Collection Set: 0.72ms
[2026-04-03T01:40:40.159+0600][77.005s][info][gc,phases      ] GC(307)   Other: 0.08ms
[2026-04-03T01:40:40.159+0600][77.006s][info][gc,heap        ] GC(307) Eden regions: 33->0(199)
[2026-04-03T01:40:40.159+0600][77.006s][info][gc,heap        ] GC(307) Survivor regions: 5->3(20)
[2026-04-03T01:40:40.159+0600][77.006s][info][gc,heap        ] GC(307) Old regions: 46->46
[2026-04-03T01:40:40.159+0600][77.006s][info][gc,heap        ] GC(307) Humongous regions: 249->12
[2026-04-03T01:40:40.159+0600][77.006s][info][gc,metaspace   ] GC(307) Metaspace: 131877K(133376K)->131877K(133376K) NonClass: 115314K(116096K)->115314K(116096K) Class: 16563K(17280K)->16563K(17280K)
[2026-04-03T01:40:40.160+0600][77.006s][info][gc             ] GC(307) Pause Young (Mixed) (G1 Evacuation Pause) 660M->117M(674M) 4.375ms
[2026-04-03T01:40:40.160+0600][77.006s][info][gc,cpu         ] GC(307) User=0.02s Sys=0.01s Real=0.00s
[2026-04-03T01:40:40.160+0600][77.006s][info][gc,start       ] GC(308) Pause Young (Concurrent Start) (G1 Humongous Allocation)
[2026-04-03T01:40:40.160+0600][77.006s][info][gc,task        ] GC(308) Using 10 workers of 10 for evacuation
[2026-04-03T01:40:40.164+0600][77.010s][info][gc,phases      ] GC(308)   Pre Evacuate Collection Set: 0.29ms
[2026-04-03T01:40:40.164+0600][77.010s][info][gc,phases      ] GC(308)   Merge Heap Roots: 0.10ms
[2026-04-03T01:40:40.164+0600][77.010s][info][gc,phases      ] GC(308)   Evacuate Collection Set: 2.25ms
[2026-04-03T01:40:40.164+0600][77.010s][info][gc,phases      ] GC(308)   Post Evacuate Collection Set: 0.58ms
[2026-04-03T01:40:40.164+0600][77.010s][info][gc,phases      ] GC(308)   Other: 0.13ms
[2026-04-03T01:40:40.164+0600][77.010s][info][gc,heap        ] GC(308) Eden regions: 2->0(199)
[2026-04-03T01:40:40.164+0600][77.010s][info][gc,heap        ] GC(308) Survivor regions: 3->3(26)
[2026-04-03T01:40:40.164+0600][77.010s][info][gc,heap        ] GC(308) Old regions: 46->46
[2026-04-03T01:40:40.164+0600][77.010s][info][gc,heap        ] GC(308) Humongous regions: 12->3
[2026-04-03T01:40:40.164+0600][77.010s][info][gc,metaspace   ] GC(308) Metaspace: 131877K(133376K)->131877K(133376K) NonClass: 115314K(116096K)->115314K(116096K) Class: 16563K(17280K)->16563K(17280K)
[2026-04-03T01:40:40.164+0600][77.010s][info][gc             ] GC(308) Pause Young (Concurrent Start) (G1 Humongous Allocation) 120M->99M(674M) 3.726ms
[2026-04-03T01:40:40.164+0600][77.010s][info][gc             ] GC(309) Concurrent Mark Cycle
[2026-04-03T01:40:40.164+0600][77.010s][info][gc,cpu         ] GC(308) User=0.02s Sys=0.00s Real=0.00s
[2026-04-03T01:40:40.164+0600][77.010s][info][gc,marking     ] GC(309) Concurrent Scan Root Regions
[2026-04-03T01:40:40.166+0600][77.012s][info][gc,marking     ] GC(309) Concurrent Scan Root Regions 2.056ms
[2026-04-03T01:40:40.166+0600][77.012s][info][gc,marking     ] GC(309) Concurrent Mark
[2026-04-03T01:40:40.166+0600][77.012s][info][gc,marking     ] GC(309) Concurrent Mark From Roots
[2026-04-03T01:40:40.166+0600][77.012s][info][gc,task        ] GC(309) Using 3 workers of 3 for marking
[2026-04-03T01:40:40.267+0600][77.113s][info][gc,marking     ] GC(309) Concurrent Mark From Roots 100.294ms
[2026-04-03T01:40:40.267+0600][77.113s][info][gc,marking     ] GC(309) Concurrent Preclean
[2026-04-03T01:40:40.267+0600][77.113s][info][gc,marking     ] GC(309) Concurrent Preclean 0.599ms
[2026-04-03T01:40:40.268+0600][77.114s][info][gc,start       ] GC(309) Pause Remark
[2026-04-03T01:40:40.275+0600][77.121s][info][gc             ] GC(309) Pause Remark 333M->333M(674M) 7.295ms
[2026-04-03T01:40:40.275+0600][77.121s][info][gc,cpu         ] GC(309) User=0.06s Sys=0.00s Real=0.01s
[2026-04-03T01:40:40.275+0600][77.121s][info][gc,marking     ] GC(309) Concurrent Mark 108.929ms
[2026-04-03T01:40:40.275+0600][77.121s][info][gc,marking     ] GC(309) Concurrent Rebuild Remembered Sets and Scrub Regions
[2026-04-03T01:40:40.313+0600][77.159s][info][gc,marking     ] GC(309) Concurrent Rebuild Remembered Sets and Scrub Regions 37.484ms
[2026-04-03T01:40:40.313+0600][77.159s][info][gc,start       ] GC(309) Pause Cleanup
[2026-04-03T01:40:40.313+0600][77.160s][info][gc             ] GC(309) Pause Cleanup 377M->377M(674M) 0.299ms
[2026-04-03T01:40:40.314+0600][77.160s][info][gc,cpu         ] GC(309) User=0.01s Sys=0.00s Real=0.00s
[2026-04-03T01:40:40.314+0600][77.160s][info][gc,marking     ] GC(309) Concurrent Clear Claimed Marks
[2026-04-03T01:40:40.314+0600][77.160s][info][gc,marking     ] GC(309) Concurrent Clear Claimed Marks 0.409ms
[2026-04-03T01:40:40.314+0600][77.160s][info][gc,marking     ] GC(309) Concurrent Cleanup for Next Mark
[2026-04-03T01:40:40.318+0600][77.164s][info][gc,marking     ] GC(309) Concurrent Cleanup for Next Mark 4.027ms
[2026-04-03T01:40:40.318+0600][77.164s][info][gc             ] GC(309) Concurrent Mark Cycle 154.307ms
[2026-04-03T01:40:40.750+0600][77.596s][info][gc,start       ] GC(310) Pause Young (Prepare Mixed) (GCLocker Initiated GC)
[2026-04-03T01:40:40.750+0600][77.596s][info][gc,task        ] GC(310) Using 10 workers of 10 for evacuation
[2026-04-03T01:40:40.756+0600][77.602s][info][gc,phases      ] GC(310)   Pre Evacuate Collection Set: 0.58ms
[2026-04-03T01:40:40.756+0600][77.602s][info][gc,phases      ] GC(310)   Merge Heap Roots: 0.33ms
[2026-04-03T01:40:40.756+0600][77.602s][info][gc,phases      ] GC(310)   Evacuate Collection Set: 4.06ms
[2026-04-03T01:40:40.756+0600][77.602s][info][gc,phases      ] GC(310)   Post Evacuate Collection Set: 0.71ms
[2026-04-03T01:40:40.756+0600][77.602s][info][gc,phases      ] GC(310)   Other: 0.18ms
[2026-04-03T01:40:40.756+0600][77.602s][info][gc,heap        ] GC(310) Eden regions: 150->0(201)
[2026-04-03T01:40:40.756+0600][77.602s][info][gc,heap        ] GC(310) Survivor regions: 3->4(26)
[2026-04-03T01:40:40.756+0600][77.602s][info][gc,heap        ] GC(310) Old regions: 46->46
[2026-04-03T01:40:40.756+0600][77.602s][info][gc,heap        ] GC(310) Humongous regions: 139->3
[2026-04-03T01:40:40.756+0600][77.602s][info][gc,metaspace   ] GC(310) Metaspace: 131885K(133376K)->131885K(133376K) NonClass: 115321K(116096K)->115321K(116096K) Class: 16563K(17280K)->16563K(17280K)
[2026-04-03T01:40:40.756+0600][77.602s][info][gc             ] GC(310) Pause Young (Prepare Mixed) (GCLocker Initiated GC) 671M->101M(684M) 6.205ms
[2026-04-03T01:40:40.756+0600][77.603s][info][gc,cpu         ] GC(310) User=0.04s Sys=0.01s Real=0.00s
[2026-04-03T01:40:41.117+0600][77.963s][info][gc,start       ] GC(311) Pause Young (Mixed) (GCLocker Initiated GC)
[2026-04-03T01:40:41.117+0600][77.963s][info][gc,task        ] GC(311) Using 10 workers of 10 for evacuation
[2026-04-03T01:40:41.123+0600][77.969s][info][gc,phases      ] GC(311)   Pre Evacuate Collection Set: 0.34ms
[2026-04-03T01:40:41.123+0600][77.969s][info][gc,phases      ] GC(311)   Merge Heap Roots: 0.23ms
[2026-04-03T01:40:41.123+0600][77.969s][info][gc,phases      ] GC(311)   Evacuate Collection Set: 4.88ms
[2026-04-03T01:40:41.123+0600][77.969s][info][gc,phases      ] GC(311)   Post Evacuate Collection Set: 0.75ms
[2026-04-03T01:40:41.123+0600][77.969s][info][gc,phases      ] GC(311)   Other: 0.11ms
[2026-04-03T01:40:41.123+0600][77.969s][info][gc,heap        ] GC(311) Eden regions: 158->0(204)
[2026-04-03T01:40:41.123+0600][77.969s][info][gc,heap        ] GC(311) Survivor regions: 4->4(26)
[2026-04-03T01:40:41.123+0600][77.969s][info][gc,heap        ] GC(311) Old regions: 46->46
[2026-04-03T01:40:41.123+0600][77.969s][info][gc,heap        ] GC(311) Humongous regions: 134->3
[2026-04-03T01:40:41.123+0600][77.969s][info][gc,metaspace   ] GC(311) Metaspace: 131885K(133376K)->131885K(133376K) NonClass: 115321K(116096K)->115321K(116096K) Class: 16563K(17280K)->16563K(17280K)
[2026-04-03T01:40:41.123+0600][77.969s][info][gc             ] GC(311) Pause Young (Mixed) (GCLocker Initiated GC) 679M->100M(694M) 6.595ms
[2026-04-03T01:40:41.123+0600][77.969s][info][gc,cpu         ] GC(311) User=0.03s Sys=0.02s Real=0.01s
[2026-04-03T01:40:41.126+0600][77.972s][info][gc,start       ] GC(312) Pause Young (Concurrent Start) (GCLocker Initiated GC)
[2026-04-03T01:40:41.126+0600][77.972s][info][gc,task        ] GC(312) Using 10 workers of 10 for evacuation
[2026-04-03T01:40:41.130+0600][77.976s][info][gc,phases      ] GC(312)   Pre Evacuate Collection Set: 0.32ms
[2026-04-03T01:40:41.130+0600][77.976s][info][gc,phases      ] GC(312)   Merge Heap Roots: 0.11ms
[2026-04-03T01:40:41.130+0600][77.976s][info][gc,phases      ] GC(312)   Evacuate Collection Set: 2.60ms
[2026-04-03T01:40:41.130+0600][77.976s][info][gc,phases      ] GC(312)   Post Evacuate Collection Set: 0.53ms
[2026-04-03T01:40:41.130+0600][77.976s][info][gc,phases      ] GC(312)   Other: 0.10ms
[2026-04-03T01:40:41.130+0600][77.976s][info][gc,heap        ] GC(312) Eden regions: 5->0(204)
[2026-04-03T01:40:41.130+0600][77.976s][info][gc,heap        ] GC(312) Survivor regions: 4->4(26)
[2026-04-03T01:40:41.130+0600][77.976s][info][gc,heap        ] GC(312) Old regions: 46->46
[2026-04-03T01:40:41.130+0600][77.976s][info][gc,heap        ] GC(312) Humongous regions: 3->3
[2026-04-03T01:40:41.130+0600][77.976s][info][gc,metaspace   ] GC(312) Metaspace: 131885K(133376K)->131885K(133376K) NonClass: 115321K(116096K)->115321K(116096K) Class: 16563K(17280K)->16563K(17280K)
[2026-04-03T01:40:41.130+0600][77.976s][info][gc             ] GC(312) Pause Young (Concurrent Start) (GCLocker Initiated GC) 108M->100M(694M) 3.987ms
[2026-04-03T01:40:41.130+0600][77.976s][info][gc             ] GC(313) Concurrent Mark Cycle
[2026-04-03T01:40:41.130+0600][77.976s][info][gc,cpu         ] GC(312) User=0.02s Sys=0.00s Real=0.01s
[2026-04-03T01:40:41.130+0600][77.976s][info][gc,marking     ] GC(313) Concurrent Scan Root Regions
[2026-04-03T01:40:41.133+0600][77.979s][info][gc,marking     ] GC(313) Concurrent Scan Root Regions 2.719ms
[2026-04-03T01:40:41.133+0600][77.979s][info][gc,marking     ] GC(313) Concurrent Mark
[2026-04-03T01:40:41.133+0600][77.979s][info][gc,marking     ] GC(313) Concurrent Mark From Roots
[2026-04-03T01:40:41.133+0600][77.979s][info][gc,task        ] GC(313) Using 3 workers of 3 for marking
[2026-04-03T01:40:41.249+0600][78.095s][info][gc,marking     ] GC(313) Concurrent Mark From Roots 116.297ms
[2026-04-03T01:40:41.249+0600][78.095s][info][gc,marking     ] GC(313) Concurrent Preclean
[2026-04-03T01:40:41.250+0600][78.096s][info][gc,marking     ] GC(313) Concurrent Preclean 0.739ms
[2026-04-03T01:40:41.250+0600][78.096s][info][gc,start       ] GC(313) Pause Remark
[2026-04-03T01:40:41.259+0600][78.105s][info][gc             ] GC(313) Pause Remark 242M->242M(568M) 8.622ms
[2026-04-03T01:40:41.259+0600][78.105s][info][gc,cpu         ] GC(313) User=0.07s Sys=0.00s Real=0.00s
[2026-04-03T01:40:41.263+0600][78.109s][info][gc,marking     ] GC(313) Concurrent Mark 129.841ms
[2026-04-03T01:40:41.263+0600][78.109s][info][gc,marking     ] GC(313) Concurrent Rebuild Remembered Sets and Scrub Regions
[2026-04-03T01:40:41.299+0600][78.145s][info][gc,marking     ] GC(313) Concurrent Rebuild Remembered Sets and Scrub Regions 36.270ms
[2026-04-03T01:40:41.300+0600][78.146s][info][gc,start       ] GC(313) Pause Cleanup
[2026-04-03T01:40:41.300+0600][78.146s][info][gc             ] GC(313) Pause Cleanup 292M->292M(568M) 0.336ms
[2026-04-03T01:40:41.300+0600][78.146s][info][gc,cpu         ] GC(313) User=0.00s Sys=0.00s Real=0.01s
[2026-04-03T01:40:41.300+0600][78.146s][info][gc,marking     ] GC(313) Concurrent Clear Claimed Marks
[2026-04-03T01:40:41.301+0600][78.147s][info][gc,marking     ] GC(313) Concurrent Clear Claimed Marks 0.368ms
[2026-04-03T01:40:41.301+0600][78.147s][info][gc,marking     ] GC(313) Concurrent Cleanup for Next Mark
[2026-04-03T01:40:41.302+0600][78.148s][info][gc,marking     ] GC(313) Concurrent Cleanup for Next Mark 1.095ms
[2026-04-03T01:40:41.302+0600][78.148s][info][gc             ] GC(313) Concurrent Mark Cycle 171.710ms
[2026-04-03T01:40:41.575+0600][78.421s][info][gc,start       ] GC(314) Pause Young (Prepare Mixed) (G1 Evacuation Pause)
[2026-04-03T01:40:41.575+0600][78.421s][info][gc,task        ] GC(314) Using 10 workers of 10 for evacuation
[2026-04-03T01:40:41.579+0600][78.425s][info][gc,phases      ] GC(314)   Pre Evacuate Collection Set: 0.41ms
[2026-04-03T01:40:41.579+0600][78.425s][info][gc,phases      ] GC(314)   Merge Heap Roots: 0.19ms
[2026-04-03T01:40:41.579+0600][78.425s][info][gc,phases      ] GC(314)   Evacuate Collection Set: 2.32ms
[2026-04-03T01:40:41.579+0600][78.425s][info][gc,phases      ] GC(314)   Post Evacuate Collection Set: 0.58ms
[2026-04-03T01:40:41.579+0600][78.425s][info][gc,phases      ] GC(314)   Other: 0.09ms
[2026-04-03T01:40:41.579+0600][78.425s][info][gc,heap        ] GC(314) Eden regions: 130->0(169)
[2026-04-03T01:40:41.579+0600][78.425s][info][gc,heap        ] GC(314) Survivor regions: 4->3(22)
[2026-04-03T01:40:41.579+0600][78.425s][info][gc,heap        ] GC(314) Old regions: 46->47
[2026-04-03T01:40:41.579+0600][78.425s][info][gc,heap        ] GC(314) Humongous regions: 104->3
[2026-04-03T01:40:41.579+0600][78.425s][info][gc,metaspace   ] GC(314) Metaspace: 131890K(133376K)->131890K(133376K) NonClass: 115327K(116096K)->115327K(116096K) Class: 16563K(17280K)->16563K(17280K)
[2026-04-03T01:40:41.579+0600][78.425s][info][gc             ] GC(314) Pause Young (Prepare Mixed) (G1 Evacuation Pause) 562M->98M(576M) 3.815ms
[2026-04-03T01:40:41.579+0600][78.425s][info][gc,cpu         ] GC(314) User=0.02s Sys=0.01s Real=0.00s
[2026-04-03T01:40:42.010+0600][78.857s][info][gc,start       ] GC(315) Pause Young (Mixed) (GCLocker Initiated GC)
[2026-04-03T01:40:42.011+0600][78.857s][info][gc,task        ] GC(315) Using 10 workers of 10 for evacuation
[2026-04-03T01:40:42.018+0600][78.864s][info][gc,phases      ] GC(315)   Pre Evacuate Collection Set: 0.46ms
[2026-04-03T01:40:42.018+0600][78.864s][info][gc,phases      ] GC(315)   Merge Heap Roots: 0.25ms
[2026-04-03T01:40:42.018+0600][78.864s][info][gc,phases      ] GC(315)   Evacuate Collection Set: 6.00ms
[2026-04-03T01:40:42.018+0600][78.864s][info][gc,phases      ] GC(315)   Post Evacuate Collection Set: 0.88ms
[2026-04-03T01:40:42.018+0600][78.865s][info][gc,phases      ] GC(315)   Other: 0.11ms
[2026-04-03T01:40:42.018+0600][78.865s][info][gc,heap        ] GC(315) Eden regions: 154->0(173)
[2026-04-03T01:40:42.018+0600][78.865s][info][gc,heap        ] GC(315) Survivor regions: 3->4(22)
[2026-04-03T01:40:42.018+0600][78.865s][info][gc,heap        ] GC(315) Old regions: 47->46
[2026-04-03T01:40:42.018+0600][78.865s][info][gc,heap        ] GC(315) Humongous regions: 87->3
[2026-04-03T01:40:42.018+0600][78.865s][info][gc,metaspace   ] GC(315) Metaspace: 131898K(133376K)->131898K(133376K) NonClass: 115333K(116096K)->115333K(116096K) Class: 16565K(17280K)->16565K(17280K)
[2026-04-03T01:40:42.019+0600][78.865s][info][gc             ] GC(315) Pause Young (Mixed) (GCLocker Initiated GC) 574M->99M(590M) 8.046ms
[2026-04-03T01:40:42.019+0600][78.865s][info][gc,cpu         ] GC(315) User=0.04s Sys=0.01s Real=0.00s
[2026-04-03T01:40:42.021+0600][78.868s][info][gc,start       ] GC(316) Pause Young (Concurrent Start) (G1 Humongous Allocation)
[2026-04-03T01:40:42.022+0600][78.868s][info][gc,task        ] GC(316) Using 10 workers of 10 for evacuation
[2026-04-03T01:40:42.027+0600][78.873s][info][gc,phases      ] GC(316)   Pre Evacuate Collection Set: 0.35ms
[2026-04-03T01:40:42.027+0600][78.873s][info][gc,phases      ] GC(316)   Merge Heap Roots: 0.12ms
[2026-04-03T01:40:42.027+0600][78.873s][info][gc,phases      ] GC(316)   Evacuate Collection Set: 2.95ms
[2026-04-03T01:40:42.027+0600][78.873s][info][gc,phases      ] GC(316)   Post Evacuate Collection Set: 1.46ms
[2026-04-03T01:40:42.027+0600][78.873s][info][gc,phases      ] GC(316)   Other: 0.19ms
[2026-04-03T01:40:42.027+0600][78.873s][info][gc,heap        ] GC(316) Eden regions: 3->0(209)
[2026-04-03T01:40:42.027+0600][78.873s][info][gc,heap        ] GC(316) Survivor regions: 4->3(23)
[2026-04-03T01:40:42.027+0600][78.873s][info][gc,heap        ] GC(316) Old regions: 46->46
[2026-04-03T01:40:42.027+0600][78.873s][info][gc,heap        ] GC(316) Humongous regions: 3->3
[2026-04-03T01:40:42.027+0600][78.873s][info][gc,metaspace   ] GC(316) Metaspace: 131898K(133376K)->131898K(133376K) NonClass: 115333K(116096K)->115333K(116096K) Class: 16565K(17280K)->16565K(17280K)
[2026-04-03T01:40:42.027+0600][78.873s][info][gc             ] GC(316) Pause Young (Concurrent Start) (G1 Humongous Allocation) 103M->99M(708M) 5.493ms
[2026-04-03T01:40:42.027+0600][78.873s][info][gc             ] GC(317) Concurrent Undo Cycle
[2026-04-03T01:40:42.027+0600][78.873s][info][gc,cpu         ] GC(316) User=0.04s Sys=0.00s Real=0.00s
[2026-04-03T01:40:42.027+0600][78.873s][info][gc,marking     ] GC(317) Concurrent Clear Claimed Marks
[2026-04-03T01:40:42.028+0600][78.874s][info][gc,marking     ] GC(317) Concurrent Clear Claimed Marks 0.397ms
[2026-04-03T01:40:42.028+0600][78.874s][info][gc,marking     ] GC(317) Concurrent Cleanup for Next Mark
[2026-04-03T01:40:42.028+0600][78.874s][info][gc,marking     ] GC(317) Concurrent Cleanup for Next Mark 0.377ms
[2026-04-03T01:40:42.028+0600][78.874s][info][gc             ] GC(317) Concurrent Undo Cycle 1.095ms
[2026-04-03T01:40:42.030+0600][78.876s][info][gc,start       ] GC(318) Pause Young (Concurrent Start) (G1 Humongous Allocation)
[2026-04-03T01:40:42.030+0600][78.876s][info][gc,task        ] GC(318) Using 10 workers of 10 for evacuation
[2026-04-03T01:40:42.035+0600][78.881s][info][gc,phases      ] GC(318)   Pre Evacuate Collection Set: 0.58ms
[2026-04-03T01:40:42.035+0600][78.881s][info][gc,phases      ] GC(318)   Merge Heap Roots: 0.16ms
[2026-04-03T01:40:42.035+0600][78.881s][info][gc,phases      ] GC(318)   Evacuate Collection Set: 2.86ms
[2026-04-03T01:40:42.035+0600][78.881s][info][gc,phases      ] GC(318)   Post Evacuate Collection Set: 0.74ms
[2026-04-03T01:40:42.035+0600][78.881s][info][gc,phases      ] GC(318)   Other: 0.22ms
[2026-04-03T01:40:42.035+0600][78.881s][info][gc,heap        ] GC(318) Eden regions: 2->0(199)
[2026-04-03T01:40:42.035+0600][78.881s][info][gc,heap        ] GC(318) Survivor regions: 3->4(27)
[2026-04-03T01:40:42.035+0600][78.881s][info][gc,heap        ] GC(318) Old regions: 46->46
[2026-04-03T01:40:42.035+0600][78.881s][info][gc,heap        ] GC(318) Humongous regions: 4->3
[2026-04-03T01:40:42.035+0600][78.881s][info][gc,metaspace   ] GC(318) Metaspace: 131898K(133376K)->131898K(133376K) NonClass: 115333K(116096K)->115333K(116096K) Class: 16565K(17280K)->16565K(17280K)
[2026-04-03T01:40:42.035+0600][78.881s][info][gc             ] GC(318) Pause Young (Concurrent Start) (G1 Humongous Allocation) 104M->99M(708M) 5.008ms
[2026-04-03T01:40:42.035+0600][78.881s][info][gc,cpu         ] GC(318) User=0.04s Sys=0.00s Real=0.00s
[2026-04-03T01:40:42.035+0600][78.881s][info][gc             ] GC(319) Concurrent Mark Cycle
[2026-04-03T01:40:42.035+0600][78.881s][info][gc,marking     ] GC(319) Concurrent Scan Root Regions
[2026-04-03T01:40:42.039+0600][78.885s][info][gc,marking     ] GC(319) Concurrent Scan Root Regions 3.327ms
[2026-04-03T01:40:42.039+0600][78.885s][info][gc,marking     ] GC(319) Concurrent Mark
[2026-04-03T01:40:42.039+0600][78.885s][info][gc,marking     ] GC(319) Concurrent Mark From Roots
[2026-04-03T01:40:42.039+0600][78.885s][info][gc,task        ] GC(319) Using 3 workers of 3 for marking
[2026-04-03T01:40:42.172+0600][79.018s][info][gc,marking     ] GC(319) Concurrent Mark From Roots 132.680ms
[2026-04-03T01:40:42.172+0600][79.018s][info][gc,marking     ] GC(319) Concurrent Preclean
[2026-04-03T01:40:42.172+0600][79.018s][info][gc,marking     ] GC(319) Concurrent Preclean 0.793ms
[2026-04-03T01:40:42.173+0600][79.019s][info][gc,start       ] GC(319) Pause Remark
[2026-04-03T01:40:42.188+0600][79.034s][info][gc             ] GC(319) Pause Remark 210M->210M(520M) 15.132ms
[2026-04-03T01:40:42.188+0600][79.034s][info][gc,cpu         ] GC(319) User=0.10s Sys=0.01s Real=0.01s
[2026-04-03T01:40:42.188+0600][79.034s][info][gc,marking     ] GC(319) Concurrent Mark 149.433ms
[2026-04-03T01:40:42.188+0600][79.034s][info][gc,marking     ] GC(319) Concurrent Rebuild Remembered Sets and Scrub Regions
[2026-04-03T01:40:42.237+0600][79.084s][info][gc,marking     ] GC(319) Concurrent Rebuild Remembered Sets and Scrub Regions 49.109ms
[2026-04-03T01:40:42.239+0600][79.085s][info][gc,start       ] GC(319) Pause Cleanup
[2026-04-03T01:40:42.239+0600][79.085s][info][gc             ] GC(319) Pause Cleanup 229M->229M(520M) 0.541ms
[2026-04-03T01:40:42.240+0600][79.086s][info][gc,cpu         ] GC(319) User=0.00s Sys=0.00s Real=0.00s
[2026-04-03T01:40:42.241+0600][79.087s][info][gc,marking     ] GC(319) Concurrent Clear Claimed Marks
[2026-04-03T01:40:42.241+0600][79.087s][info][gc,marking     ] GC(319) Concurrent Clear Claimed Marks 0.620ms
[2026-04-03T01:40:42.241+0600][79.087s][info][gc,marking     ] GC(319) Concurrent Cleanup for Next Mark
[2026-04-03T01:40:42.246+0600][79.092s][info][gc,marking     ] GC(319) Concurrent Cleanup for Next Mark 4.331ms
[2026-04-03T01:40:42.246+0600][79.092s][info][gc             ] GC(319) Concurrent Mark Cycle 210.479ms
[2026-04-03T01:40:42.471+0600][79.317s][info][gc,start       ] GC(320) Pause Young (Prepare Mixed) (G1 Evacuation Pause)
[2026-04-03T01:40:42.471+0600][79.317s][info][gc,task        ] GC(320) Using 10 workers of 10 for evacuation
[2026-04-03T01:40:42.475+0600][79.321s][info][gc,phases      ] GC(320)   Pre Evacuate Collection Set: 0.45ms
[2026-04-03T01:40:42.475+0600][79.321s][info][gc,phases      ] GC(320)   Merge Heap Roots: 0.19ms
[2026-04-03T01:40:42.475+0600][79.321s][info][gc,phases      ] GC(320)   Evacuate Collection Set: 3.12ms
[2026-04-03T01:40:42.475+0600][79.321s][info][gc,phases      ] GC(320)   Post Evacuate Collection Set: 0.70ms
[2026-04-03T01:40:42.475+0600][79.321s][info][gc,phases      ] GC(320)   Other: 0.10ms
[2026-04-03T01:40:42.475+0600][79.321s][info][gc,heap        ] GC(320) Eden regions: 113->0(150)
[2026-04-03T01:40:42.475+0600][79.321s][info][gc,heap        ] GC(320) Survivor regions: 4->3(20)
[2026-04-03T01:40:42.475+0600][79.321s][info][gc,heap        ] GC(320) Old regions: 46->47
[2026-04-03T01:40:42.475+0600][79.321s][info][gc,heap        ] GC(320) Humongous regions: 97->3
[2026-04-03T01:40:42.475+0600][79.321s][info][gc,metaspace   ] GC(320) Metaspace: 131899K(133376K)->131899K(133376K) NonClass: 115334K(116096K)->115334K(116096K) Class: 16565K(17280K)->16565K(17280K)
[2026-04-03T01:40:42.475+0600][79.321s][info][gc             ] GC(320) Pause Young (Prepare Mixed) (G1 Evacuation Pause) 513M->99M(528M) 4.851ms
[2026-04-03T01:40:42.475+0600][79.322s][info][gc,cpu         ] GC(320) User=0.03s Sys=0.01s Real=0.00s
[2026-04-03T01:40:42.863+0600][79.710s][info][gc,start       ] GC(321) Pause Young (Mixed) (G1 Evacuation Pause)
[2026-04-03T01:40:42.864+0600][79.710s][info][gc,task        ] GC(321) Using 10 workers of 10 for evacuation
[2026-04-03T01:40:42.870+0600][79.716s][info][gc,phases      ] GC(321)   Pre Evacuate Collection Set: 0.51ms
[2026-04-03T01:40:42.870+0600][79.716s][info][gc,phases      ] GC(321)   Merge Heap Roots: 0.26ms
[2026-04-03T01:40:42.870+0600][79.716s][info][gc,phases      ] GC(321)   Evacuate Collection Set: 4.54ms
[2026-04-03T01:40:42.870+0600][79.716s][info][gc,phases      ] GC(321)   Post Evacuate Collection Set: 1.08ms
[2026-04-03T01:40:42.870+0600][79.716s][info][gc,phases      ] GC(321)   Other: 0.14ms
[2026-04-03T01:40:42.870+0600][79.716s][info][gc,heap        ] GC(321) Eden regions: 129->0(156)
[2026-04-03T01:40:42.870+0600][79.716s][info][gc,heap        ] GC(321) Survivor regions: 3->4(20)
[2026-04-03T01:40:42.870+0600][79.716s][info][gc,heap        ] GC(321) Old regions: 47->46
[2026-04-03T01:40:42.870+0600][79.716s][info][gc,heap        ] GC(321) Humongous regions: 85->3
[2026-04-03T01:40:42.870+0600][79.716s][info][gc,metaspace   ] GC(321) Metaspace: 131930K(133376K)->131930K(133376K) NonClass: 115364K(116096K)->115364K(116096K) Class: 16566K(17280K)->16566K(17280K)
[2026-04-03T01:40:42.870+0600][79.716s][info][gc             ] GC(321) Pause Young (Mixed) (G1 Evacuation Pause) 521M->100M(536M) 6.915ms
[2026-04-03T01:40:42.870+0600][79.717s][info][gc,cpu         ] GC(321) User=0.03s Sys=0.02s Real=0.01s
[2026-04-03T01:40:42.883+0600][79.729s][info][gc,start       ] GC(322) Pause Young (Concurrent Start) (G1 Humongous Allocation)
[2026-04-03T01:40:42.883+0600][79.729s][info][gc,task        ] GC(322) Using 10 workers of 10 for evacuation
[2026-04-03T01:40:42.888+0600][79.734s][info][gc,phases      ] GC(322)   Pre Evacuate Collection Set: 0.39ms
[2026-04-03T01:40:42.888+0600][79.734s][info][gc,phases      ] GC(322)   Merge Heap Roots: 0.19ms
[2026-04-03T01:40:42.888+0600][79.734s][info][gc,phases      ] GC(322)   Evacuate Collection Set: 3.85ms
[2026-04-03T01:40:42.888+0600][79.734s][info][gc,phases      ] GC(322)   Post Evacuate Collection Set: 0.67ms
[2026-04-03T01:40:42.888+0600][79.735s][info][gc,phases      ] GC(322)   Other: 0.12ms
[2026-04-03T01:40:42.888+0600][79.735s][info][gc,heap        ] GC(322) Eden regions: 5->0(156)
[2026-04-03T01:40:42.888+0600][79.735s][info][gc,heap        ] GC(322) Survivor regions: 4->4(20)
[2026-04-03T01:40:42.888+0600][79.735s][info][gc,heap        ] GC(322) Old regions: 46->46
[2026-04-03T01:40:42.888+0600][79.735s][info][gc,heap        ] GC(322) Humongous regions: 3->3
[2026-04-03T01:40:42.889+0600][79.735s][info][gc,metaspace   ] GC(322) Metaspace: 131930K(133376K)->131930K(133376K) NonClass: 115364K(116096K)->115364K(116096K) Class: 16566K(17280K)->16566K(17280K)
[2026-04-03T01:40:42.889+0600][79.735s][info][gc             ] GC(322) Pause Young (Concurrent Start) (G1 Humongous Allocation) 110M->100M(536M) 5.579ms
[2026-04-03T01:40:42.889+0600][79.735s][info][gc             ] GC(323) Concurrent Mark Cycle
[2026-04-03T01:40:42.889+0600][79.735s][info][gc,cpu         ] GC(322) User=0.03s Sys=0.01s Real=0.00s
[2026-04-03T01:40:42.889+0600][79.735s][info][gc,marking     ] GC(323) Concurrent Scan Root Regions
[2026-04-03T01:40:42.891+0600][79.738s][info][gc,marking     ] GC(323) Concurrent Scan Root Regions 2.736ms
[2026-04-03T01:40:42.892+0600][79.738s][info][gc,marking     ] GC(323) Concurrent Mark
[2026-04-03T01:40:42.892+0600][79.738s][info][gc,marking     ] GC(323) Concurrent Mark From Roots
[2026-04-03T01:40:42.892+0600][79.738s][info][gc,task        ] GC(323) Using 3 workers of 3 for marking
[2026-04-03T01:40:43.020+0600][79.867s][info][gc,marking     ] GC(323) Concurrent Mark From Roots 128.872ms
[2026-04-03T01:40:43.021+0600][79.867s][info][gc,marking     ] GC(323) Concurrent Preclean
[2026-04-03T01:40:43.021+0600][79.867s][info][gc,marking     ] GC(323) Concurrent Preclean 0.785ms
[2026-04-03T01:40:43.022+0600][79.868s][info][gc,start       ] GC(323) Pause Remark
[2026-04-03T01:40:43.032+0600][79.878s][info][gc             ] GC(323) Pause Remark 214M->214M(400M) 10.580ms
[2026-04-03T01:40:43.033+0600][79.879s][info][gc,cpu         ] GC(323) User=0.08s Sys=0.00s Real=0.01s
[2026-04-03T01:40:43.033+0600][79.879s][info][gc,marking     ] GC(323) Concurrent Mark 141.081ms
[2026-04-03T01:40:43.033+0600][79.879s][info][gc,marking     ] GC(323) Concurrent Rebuild Remembered Sets and Scrub Regions
[2026-04-03T01:40:43.073+0600][79.920s][info][gc,marking     ] GC(323) Concurrent Rebuild Remembered Sets and Scrub Regions 40.681ms
[2026-04-03T01:40:43.074+0600][79.920s][info][gc,start       ] GC(323) Pause Cleanup
[2026-04-03T01:40:43.074+0600][79.920s][info][gc             ] GC(323) Pause Cleanup 259M->259M(400M) 0.275ms
[2026-04-03T01:40:43.074+0600][79.921s][info][gc,cpu         ] GC(323) User=0.00s Sys=0.00s Real=0.00s
[2026-04-03T01:40:43.075+0600][79.921s][info][gc,marking     ] GC(323) Concurrent Clear Claimed Marks
[2026-04-03T01:40:43.075+0600][79.921s][info][gc,marking     ] GC(323) Concurrent Clear Claimed Marks 0.446ms
[2026-04-03T01:40:43.075+0600][79.921s][info][gc,marking     ] GC(323) Concurrent Cleanup for Next Mark
[2026-04-03T01:40:43.076+0600][79.922s][info][gc,marking     ] GC(323) Concurrent Cleanup for Next Mark 0.776ms
[2026-04-03T01:40:43.076+0600][79.922s][info][gc             ] GC(323) Concurrent Mark Cycle 187.219ms
[2026-04-03T01:40:43.203+0600][80.049s][info][gc,start       ] GC(324) Pause Young (Prepare Mixed) (G1 Evacuation Pause)
[2026-04-03T01:40:43.203+0600][80.050s][info][gc,task        ] GC(324) Using 9 workers of 10 for evacuation
[2026-04-03T01:40:43.207+0600][80.053s][info][gc,phases      ] GC(324)   Pre Evacuate Collection Set: 0.22ms
[2026-04-03T01:40:43.207+0600][80.053s][info][gc,phases      ] GC(324)   Merge Heap Roots: 0.14ms
[2026-04-03T01:40:43.207+0600][80.053s][info][gc,phases      ] GC(324)   Evacuate Collection Set: 2.35ms
[2026-04-03T01:40:43.207+0600][80.053s][info][gc,phases      ] GC(324)   Post Evacuate Collection Set: 0.43ms
[2026-04-03T01:40:43.207+0600][80.053s][info][gc,phases      ] GC(324)   Other: 0.09ms
[2026-04-03T01:40:43.207+0600][80.053s][info][gc,heap        ] GC(324) Eden regions: 110->0(119)
[2026-04-03T01:40:43.207+0600][80.053s][info][gc,heap        ] GC(324) Survivor regions: 4->3(15)
[2026-04-03T01:40:43.207+0600][80.053s][info][gc,heap        ] GC(324) Old regions: 46->47
[2026-04-03T01:40:43.207+0600][80.053s][info][gc,heap        ] GC(324) Humongous regions: 40->3
[2026-04-03T01:40:43.207+0600][80.053s][info][gc,metaspace   ] GC(324) Metaspace: 131930K(133376K)->131930K(133376K) NonClass: 115364K(116096K)->115364K(116096K) Class: 16566K(17280K)->16566K(17280K)
[2026-04-03T01:40:43.207+0600][80.053s][info][gc             ] GC(324) Pause Young (Prepare Mixed) (G1 Evacuation Pause) 394M->99M(408M) 3.476ms
[2026-04-03T01:40:43.207+0600][80.053s][info][gc,cpu         ] GC(324) User=0.02s Sys=0.01s Real=0.00s
[2026-04-03T01:40:43.295+0600][80.141s][info][gc,start       ] GC(325) Pause Young (Mixed) (G1 Evacuation Pause)
[2026-04-03T01:40:43.295+0600][80.141s][info][gc,task        ] GC(325) Using 10 workers of 10 for evacuation
[2026-04-03T01:40:43.300+0600][80.146s][info][gc,phases      ] GC(325)   Pre Evacuate Collection Set: 0.33ms
[2026-04-03T01:40:43.300+0600][80.146s][info][gc,phases      ] GC(325)   Merge Heap Roots: 0.18ms
[2026-04-03T01:40:43.300+0600][80.146s][info][gc,phases      ] GC(325)   Evacuate Collection Set: 2.99ms
[2026-04-03T01:40:43.300+0600][80.146s][info][gc,phases      ] GC(325)   Post Evacuate Collection Set: 0.71ms
[2026-04-03T01:40:43.300+0600][80.146s][info][gc,phases      ] GC(325)   Other: 0.08ms
[2026-04-03T01:40:43.300+0600][80.146s][info][gc,heap        ] GC(325) Eden regions: 23->0(163)
[2026-04-03T01:40:43.300+0600][80.146s][info][gc,heap        ] GC(325) Survivor regions: 3->3(16)
[2026-04-03T01:40:43.300+0600][80.146s][info][gc,heap        ] GC(325) Old regions: 47->46
[2026-04-03T01:40:43.300+0600][80.146s][info][gc,heap        ] GC(325) Humongous regions: 201->6
[2026-04-03T01:40:43.300+0600][80.146s][info][gc,metaspace   ] GC(325) Metaspace: 131934K(133376K)->131934K(133376K) NonClass: 115367K(116096K)->115367K(116096K) Class: 16566K(17280K)->16566K(17280K)
[2026-04-03T01:40:43.300+0600][80.146s][info][gc             ] GC(325) Pause Young (Mixed) (G1 Evacuation Pause) 541M->103M(554M) 4.575ms
[2026-04-03T01:40:43.300+0600][80.146s][info][gc,cpu         ] GC(325) User=0.02s Sys=0.00s Real=0.01s
[2026-04-03T01:40:43.300+0600][80.147s][info][gc,start       ] GC(326) Pause Young (Concurrent Start) (G1 Humongous Allocation)
[2026-04-03T01:40:43.301+0600][80.147s][info][gc,task        ] GC(326) Using 10 workers of 10 for evacuation
[2026-04-03T01:40:43.303+0600][80.149s][info][gc,phases      ] GC(326)   Pre Evacuate Collection Set: 0.28ms
[2026-04-03T01:40:43.303+0600][80.149s][info][gc,phases      ] GC(326)   Merge Heap Roots: 0.09ms
[2026-04-03T01:40:43.303+0600][80.149s][info][gc,phases      ] GC(326)   Evacuate Collection Set: 1.45ms
[2026-04-03T01:40:43.303+0600][80.149s][info][gc,phases      ] GC(326)   Post Evacuate Collection Set: 0.61ms
[2026-04-03T01:40:43.303+0600][80.149s][info][gc,phases      ] GC(326)   Other: 0.13ms
[2026-04-03T01:40:43.303+0600][80.149s][info][gc,heap        ] GC(326) Eden regions: 1->0(164)
[2026-04-03T01:40:43.303+0600][80.149s][info][gc,heap        ] GC(326) Survivor regions: 3->2(21)
[2026-04-03T01:40:43.303+0600][80.149s][info][gc,heap        ] GC(326) Old regions: 46->46
[2026-04-03T01:40:43.303+0600][80.149s][info][gc,heap        ] GC(326) Humongous regions: 6->3
[2026-04-03T01:40:43.303+0600][80.149s][info][gc,metaspace   ] GC(326) Metaspace: 131934K(133376K)->131934K(133376K) NonClass: 115367K(116096K)->115367K(116096K) Class: 16566K(17280K)->16566K(17280K)
[2026-04-03T01:40:43.303+0600][80.149s][info][gc             ] GC(326) Pause Young (Concurrent Start) (G1 Humongous Allocation) 105M->97M(554M) 2.758ms
[2026-04-03T01:40:43.303+0600][80.149s][info][gc             ] GC(327) Concurrent Undo Cycle
[2026-04-03T01:40:43.303+0600][80.149s][info][gc,cpu         ] GC(326) User=0.02s Sys=0.00s Real=0.00s
[2026-04-03T01:40:43.303+0600][80.149s][info][gc,marking     ] GC(327) Concurrent Clear Claimed Marks
[2026-04-03T01:40:43.304+0600][80.150s][info][gc,marking     ] GC(327) Concurrent Clear Claimed Marks 0.271ms
[2026-04-03T01:40:43.304+0600][80.150s][info][gc,marking     ] GC(327) Concurrent Cleanup for Next Mark
[2026-04-03T01:40:43.304+0600][80.150s][info][gc,marking     ] GC(327) Concurrent Cleanup for Next Mark 0.238ms
[2026-04-03T01:40:43.304+0600][80.150s][info][gc             ] GC(327) Concurrent Undo Cycle 0.672ms
[2026-04-03T01:40:43.307+0600][80.153s][info][gc,start       ] GC(328) Pause Young (Concurrent Start) (G1 Humongous Allocation)
[2026-04-03T01:40:43.307+0600][80.153s][info][gc,task        ] GC(328) Using 10 workers of 10 for evacuation
[2026-04-03T01:40:43.313+0600][80.159s][info][gc,phases      ] GC(328)   Pre Evacuate Collection Set: 0.32ms
[2026-04-03T01:40:43.313+0600][80.160s][info][gc,phases      ] GC(328)   Merge Heap Roots: 0.16ms
[2026-04-03T01:40:43.313+0600][80.160s][info][gc,phases      ] GC(328)   Evacuate Collection Set: 1.68ms
[2026-04-03T01:40:43.313+0600][80.160s][info][gc,phases      ] GC(328)   Post Evacuate Collection Set: 3.77ms
[2026-04-03T01:40:43.313+0600][80.160s][info][gc,phases      ] GC(328)   Other: 0.16ms
[2026-04-03T01:40:43.314+0600][80.160s][info][gc,heap        ] GC(328) Eden regions: 1->0(496)
[2026-04-03T01:40:43.314+0600][80.160s][info][gc,heap        ] GC(328) Survivor regions: 2->2(21)
[2026-04-03T01:40:43.314+0600][80.160s][info][gc,heap        ] GC(328) Old regions: 46->46
[2026-04-03T01:40:43.314+0600][80.160s][info][gc,heap        ] GC(328) Humongous regions: 6->3
[2026-04-03T01:40:43.314+0600][80.160s][info][gc,metaspace   ] GC(328) Metaspace: 131934K(133376K)->131934K(133376K) NonClass: 115367K(116096K)->115367K(116096K) Class: 16566K(17280K)->16566K(17280K)
[2026-04-03T01:40:43.314+0600][80.160s][info][gc             ] GC(328) Pause Young (Concurrent Start) (G1 Humongous Allocation) 105M->95M(1662M) 6.395ms
[2026-04-03T01:40:43.314+0600][80.160s][info][gc             ] GC(329) Concurrent Undo Cycle
[2026-04-03T01:40:43.314+0600][80.160s][info][gc,cpu         ] GC(328) User=0.02s Sys=0.00s Real=0.01s
[2026-04-03T01:40:43.314+0600][80.160s][info][gc,marking     ] GC(329) Concurrent Clear Claimed Marks
[2026-04-03T01:40:43.314+0600][80.160s][info][gc,marking     ] GC(329) Concurrent Clear Claimed Marks 0.364ms
[2026-04-03T01:40:43.314+0600][80.160s][info][gc,marking     ] GC(329) Concurrent Cleanup for Next Mark
[2026-04-03T01:40:43.315+0600][80.161s][info][gc,marking     ] GC(329) Concurrent Cleanup for Next Mark 0.411ms
[2026-04-03T01:40:43.315+0600][80.161s][info][gc             ] GC(329) Concurrent Undo Cycle 1.008ms
[2026-04-03T01:40:43.402+0600][80.248s][info][gc,start       ] GC(330) Pause Young (Concurrent Start) (G1 Humongous Allocation)
[2026-04-03T01:40:43.402+0600][80.248s][info][gc,task        ] GC(330) Using 10 workers of 10 for evacuation
[2026-04-03T01:40:43.406+0600][80.252s][info][gc,phases      ] GC(330)   Pre Evacuate Collection Set: 0.51ms
[2026-04-03T01:40:43.406+0600][80.252s][info][gc,phases      ] GC(330)   Merge Heap Roots: 0.10ms
[2026-04-03T01:40:43.406+0600][80.252s][info][gc,phases      ] GC(330)   Evacuate Collection Set: 2.56ms
[2026-04-03T01:40:43.406+0600][80.252s][info][gc,phases      ] GC(330)   Post Evacuate Collection Set: 0.60ms
[2026-04-03T01:40:43.406+0600][80.252s][info][gc,phases      ] GC(330)   Other: 0.17ms
[2026-04-03T01:40:43.406+0600][80.252s][info][gc,heap        ] GC(330) Eden regions: 27->0(495)
[2026-04-03T01:40:43.406+0600][80.252s][info][gc,heap        ] GC(330) Survivor regions: 2->3(63)
[2026-04-03T01:40:43.406+0600][80.252s][info][gc,heap        ] GC(330) Old regions: 46->46
[2026-04-03T01:40:43.406+0600][80.252s][info][gc,heap        ] GC(330) Humongous regions: 157->6
[2026-04-03T01:40:43.406+0600][80.252s][info][gc,metaspace   ] GC(330) Metaspace: 131934K(133376K)->131934K(133376K) NonClass: 115367K(116096K)->115367K(116096K) Class: 16566K(17280K)->16566K(17280K)
[2026-04-03T01:40:43.406+0600][80.252s][info][gc             ] GC(330) Pause Young (Concurrent Start) (G1 Humongous Allocation) 457M->105M(1662M) 4.275ms
[2026-04-03T01:40:43.406+0600][80.252s][info][gc             ] GC(331) Concurrent Undo Cycle
[2026-04-03T01:40:43.406+0600][80.253s][info][gc,cpu         ] GC(330) User=0.03s Sys=0.00s Real=0.00s
[2026-04-03T01:40:43.407+0600][80.253s][info][gc,marking     ] GC(331) Concurrent Clear Claimed Marks
[2026-04-03T01:40:43.407+0600][80.253s][info][gc,marking     ] GC(331) Concurrent Clear Claimed Marks 0.359ms
[2026-04-03T01:40:43.407+0600][80.253s][info][gc,marking     ] GC(331) Concurrent Cleanup for Next Mark
[2026-04-03T01:40:43.407+0600][80.253s][info][gc,marking     ] GC(331) Concurrent Cleanup for Next Mark 0.357ms
[2026-04-03T01:40:43.407+0600][80.253s][info][gc             ] GC(331) Concurrent Undo Cycle 0.879ms
[2026-04-03T01:40:44.108+0600][80.954s][info][gc,start       ] GC(332) Pause Young (Concurrent Start) (G1 Humongous Allocation)
[2026-04-03T01:40:44.108+0600][80.954s][info][gc,task        ] GC(332) Using 10 workers of 10 for evacuation
[2026-04-03T01:40:44.112+0600][80.958s][info][gc,phases      ] GC(332)   Pre Evacuate Collection Set: 0.51ms
[2026-04-03T01:40:44.112+0600][80.958s][info][gc,phases      ] GC(332)   Merge Heap Roots: 0.18ms
[2026-04-03T01:40:44.112+0600][80.958s][info][gc,phases      ] GC(332)   Evacuate Collection Set: 2.52ms
[2026-04-03T01:40:44.112+0600][80.958s][info][gc,phases      ] GC(332)   Post Evacuate Collection Set: 0.90ms
[2026-04-03T01:40:44.112+0600][80.958s][info][gc,phases      ] GC(332)   Other: 0.15ms
[2026-04-03T01:40:44.112+0600][80.958s][info][gc,heap        ] GC(332) Eden regions: 182->0(495)
[2026-04-03T01:40:44.112+0600][80.958s][info][gc,heap        ] GC(332) Survivor regions: 3->3(63)
[2026-04-03T01:40:44.112+0600][80.958s][info][gc,heap        ] GC(332) Old regions: 46->46
[2026-04-03T01:40:44.112+0600][80.958s][info][gc,heap        ] GC(332) Humongous regions: 158->3
[2026-04-03T01:40:44.112+0600][80.958s][info][gc,metaspace   ] GC(332) Metaspace: 131945K(133440K)->131945K(133440K) NonClass: 115378K(116160K)->115378K(116160K) Class: 16567K(17280K)->16567K(17280K)
[2026-04-03T01:40:44.112+0600][80.958s][info][gc             ] GC(332) Pause Young (Concurrent Start) (G1 Humongous Allocation) 771M->98M(1662M) 4.536ms
[2026-04-03T01:40:44.112+0600][80.958s][info][gc             ] GC(333) Concurrent Undo Cycle
[2026-04-03T01:40:44.112+0600][80.958s][info][gc,cpu         ] GC(332) User=0.02s Sys=0.00s Real=0.01s
[2026-04-03T01:40:44.112+0600][80.959s][info][gc,marking     ] GC(333) Concurrent Clear Claimed Marks
[2026-04-03T01:40:44.113+0600][80.959s][info][gc,marking     ] GC(333) Concurrent Clear Claimed Marks 0.258ms
[2026-04-03T01:40:44.113+0600][80.959s][info][gc,marking     ] GC(333) Concurrent Cleanup for Next Mark
[2026-04-03T01:40:44.113+0600][80.959s][info][gc,marking     ] GC(333) Concurrent Cleanup for Next Mark 0.361ms
[2026-04-03T01:40:44.113+0600][80.959s][info][gc             ] GC(333) Concurrent Undo Cycle 0.857ms
[2026-04-03T01:40:44.819+0600][81.666s][info][gc,start       ] GC(334) Pause Young (Concurrent Start) (G1 Humongous Allocation)
[2026-04-03T01:40:44.820+0600][81.666s][info][gc,task        ] GC(334) Using 10 workers of 10 for evacuation
[2026-04-03T01:40:44.837+0600][81.683s][info][gc,phases      ] GC(334)   Pre Evacuate Collection Set: 0.87ms
[2026-04-03T01:40:44.837+0600][81.683s][info][gc,phases      ] GC(334)   Merge Heap Roots: 0.46ms
[2026-04-03T01:40:44.837+0600][81.683s][info][gc,phases      ] GC(334)   Evacuate Collection Set: 12.80ms
[2026-04-03T01:40:44.837+0600][81.683s][info][gc,phases      ] GC(334)   Post Evacuate Collection Set: 3.13ms
[2026-04-03T01:40:44.837+0600][81.683s][info][gc,phases      ] GC(334)   Other: 0.24ms
[2026-04-03T01:40:44.837+0600][81.683s][info][gc,heap        ] GC(334) Eden regions: 200->0(494)
[2026-04-03T01:40:44.837+0600][81.683s][info][gc,heap        ] GC(334) Survivor regions: 3->4(63)
[2026-04-03T01:40:44.837+0600][81.683s][info][gc,heap        ] GC(334) Old regions: 46->46
[2026-04-03T01:40:44.837+0600][81.683s][info][gc,heap        ] GC(334) Humongous regions: 162->3
[2026-04-03T01:40:44.837+0600][81.683s][info][gc,metaspace   ] GC(334) Metaspace: 131945K(133440K)->131945K(133440K) NonClass: 115378K(116160K)->115378K(116160K) Class: 16567K(17280K)->16567K(17280K)
[2026-04-03T01:40:44.837+0600][81.684s][info][gc             ] GC(334) Pause Young (Concurrent Start) (G1 Humongous Allocation) 816M->100M(1662M) 18.005ms
[2026-04-03T01:40:44.838+0600][81.684s][info][gc             ] GC(335) Concurrent Undo Cycle
[2026-04-03T01:40:44.838+0600][81.684s][info][gc,cpu         ] GC(334) User=0.04s Sys=0.03s Real=0.02s
[2026-04-03T01:40:44.838+0600][81.684s][info][gc,marking     ] GC(335) Concurrent Clear Claimed Marks
[2026-04-03T01:40:44.838+0600][81.684s][info][gc,marking     ] GC(335) Concurrent Clear Claimed Marks 0.433ms
[2026-04-03T01:40:44.838+0600][81.684s][info][gc,marking     ] GC(335) Concurrent Cleanup for Next Mark
[2026-04-03T01:40:44.839+0600][81.685s][info][gc,marking     ] GC(335) Concurrent Cleanup for Next Mark 0.467ms
[2026-04-03T01:40:44.839+0600][81.685s][info][gc             ] GC(335) Concurrent Undo Cycle 1.215ms
[2026-04-03T01:40:45.728+0600][82.574s][info][gc,start       ] GC(336) Pause Young (Concurrent Start) (G1 Humongous Allocation)
[2026-04-03T01:40:45.729+0600][82.575s][info][gc,task        ] GC(336) Using 10 workers of 10 for evacuation
[2026-04-03T01:40:45.735+0600][82.581s][info][gc,phases      ] GC(336)   Pre Evacuate Collection Set: 0.99ms
[2026-04-03T01:40:45.735+0600][82.581s][info][gc,phases      ] GC(336)   Merge Heap Roots: 0.35ms
[2026-04-03T01:40:45.735+0600][82.581s][info][gc,phases      ] GC(336)   Evacuate Collection Set: 3.60ms
[2026-04-03T01:40:45.735+0600][82.581s][info][gc,phases      ] GC(336)   Post Evacuate Collection Set: 1.29ms
[2026-04-03T01:40:45.735+0600][82.581s][info][gc,phases      ] GC(336)   Other: 0.21ms
[2026-04-03T01:40:45.735+0600][82.581s][info][gc,heap        ] GC(336) Eden regions: 260->0(494)
[2026-04-03T01:40:45.735+0600][82.581s][info][gc,heap        ] GC(336) Survivor regions: 4->4(63)
[2026-04-03T01:40:45.735+0600][82.581s][info][gc,heap        ] GC(336) Old regions: 46->46
[2026-04-03T01:40:45.735+0600][82.581s][info][gc,heap        ] GC(336) Humongous regions: 165->3
[2026-04-03T01:40:45.735+0600][82.581s][info][gc,metaspace   ] GC(336) Metaspace: 131954K(133440K)->131954K(133440K) NonClass: 115387K(116160K)->115387K(116160K) Class: 16567K(17280K)->16567K(17280K)
[2026-04-03T01:40:45.735+0600][82.581s][info][gc             ] GC(336) Pause Young (Concurrent Start) (G1 Humongous Allocation) 942M->100M(1662M) 6.834ms
[2026-04-03T01:40:45.735+0600][82.581s][info][gc             ] GC(337) Concurrent Undo Cycle
[2026-04-03T01:40:45.735+0600][82.581s][info][gc,cpu         ] GC(336) User=0.03s Sys=0.02s Real=0.01s
[2026-04-03T01:40:45.735+0600][82.582s][info][gc,marking     ] GC(337) Concurrent Clear Claimed Marks
[2026-04-03T01:40:45.736+0600][82.582s][info][gc,marking     ] GC(337) Concurrent Clear Claimed Marks 0.388ms
[2026-04-03T01:40:45.736+0600][82.582s][info][gc,marking     ] GC(337) Concurrent Cleanup for Next Mark
[2026-04-03T01:40:45.736+0600][82.582s][info][gc,marking     ] GC(337) Concurrent Cleanup for Next Mark 0.373ms
[2026-04-03T01:40:45.736+0600][82.582s][info][gc             ] GC(337) Concurrent Undo Cycle 0.998ms
[2026-04-03T01:40:46.488+0600][83.334s][info][gc,start       ] GC(338) Pause Young (Concurrent Start) (G1 Humongous Allocation)
[2026-04-03T01:40:46.488+0600][83.334s][info][gc,task        ] GC(338) Using 10 workers of 10 for evacuation
[2026-04-03T01:40:46.495+0600][83.341s][info][gc,phases      ] GC(338)   Pre Evacuate Collection Set: 0.69ms
[2026-04-03T01:40:46.495+0600][83.341s][info][gc,phases      ] GC(338)   Merge Heap Roots: 0.31ms
[2026-04-03T01:40:46.495+0600][83.341s][info][gc,phases      ] GC(338)   Evacuate Collection Set: 4.50ms
[2026-04-03T01:40:46.495+0600][83.341s][info][gc,phases      ] GC(338)   Post Evacuate Collection Set: 1.47ms
[2026-04-03T01:40:46.495+0600][83.341s][info][gc,phases      ] GC(338)   Other: 0.22ms
[2026-04-03T01:40:46.495+0600][83.341s][info][gc,heap        ] GC(338) Eden regions: 300->0(493)
[2026-04-03T01:40:46.495+0600][83.341s][info][gc,heap        ] GC(338) Survivor regions: 4->5(63)
[2026-04-03T01:40:46.495+0600][83.341s][info][gc,heap        ] GC(338) Old regions: 46->46
[2026-04-03T01:40:46.495+0600][83.341s][info][gc,heap        ] GC(338) Humongous regions: 168->3
[2026-04-03T01:40:46.495+0600][83.341s][info][gc,metaspace   ] GC(338) Metaspace: 131955K(133440K)->131955K(133440K) NonClass: 115388K(116160K)->115388K(116160K) Class: 16567K(17280K)->16567K(17280K)
[2026-04-03T01:40:46.495+0600][83.341s][info][gc             ] GC(338) Pause Young (Concurrent Start) (G1 Humongous Allocation) 1029M->103M(1662M) 7.623ms
[2026-04-03T01:40:46.495+0600][83.341s][info][gc             ] GC(339) Concurrent Undo Cycle
[2026-04-03T01:40:46.495+0600][83.342s][info][gc,cpu         ] GC(338) User=0.04s Sys=0.01s Real=0.01s
[2026-04-03T01:40:46.495+0600][83.342s][info][gc,marking     ] GC(339) Concurrent Clear Claimed Marks
[2026-04-03T01:40:46.496+0600][83.342s][info][gc,marking     ] GC(339) Concurrent Clear Claimed Marks 0.366ms
[2026-04-03T01:40:46.496+0600][83.342s][info][gc,marking     ] GC(339) Concurrent Cleanup for Next Mark
[2026-04-03T01:40:46.496+0600][83.342s][info][gc,marking     ] GC(339) Concurrent Cleanup for Next Mark 0.355ms
[2026-04-03T01:40:46.496+0600][83.342s][info][gc             ] GC(339) Concurrent Undo Cycle 0.900ms
[2026-04-03T01:40:46.612+0600][83.458s][info][gc,start       ] GC(340) Pause Young (Concurrent Start) (G1 Humongous Allocation)
[2026-04-03T01:40:46.612+0600][83.458s][info][gc,task        ] GC(340) Using 10 workers of 10 for evacuation
[2026-04-03T01:40:46.616+0600][83.462s][info][gc,phases      ] GC(340)   Pre Evacuate Collection Set: 0.63ms
[2026-04-03T01:40:46.616+0600][83.462s][info][gc,phases      ] GC(340)   Merge Heap Roots: 0.17ms
[2026-04-03T01:40:46.616+0600][83.462s][info][gc,phases      ] GC(340)   Evacuate Collection Set: 1.99ms
[2026-04-03T01:40:46.616+0600][83.462s][info][gc,phases      ] GC(340)   Post Evacuate Collection Set: 0.78ms
[2026-04-03T01:40:46.616+0600][83.462s][info][gc,phases      ] GC(340)   Other: 0.33ms
[2026-04-03T01:40:46.616+0600][83.462s][info][gc,heap        ] GC(340) Eden regions: 38->0(493)
[2026-04-03T01:40:46.616+0600][83.462s][info][gc,heap        ] GC(340) Survivor regions: 5->5(63)
[2026-04-03T01:40:46.616+0600][83.462s][info][gc,heap        ] GC(340) Old regions: 46->46
[2026-04-03T01:40:46.616+0600][83.462s][info][gc,heap        ] GC(340) Humongous regions: 170->9
[2026-04-03T01:40:46.616+0600][83.462s][info][gc,metaspace   ] GC(340) Metaspace: 131960K(133440K)->131960K(133440K) NonClass: 115393K(116160K)->115393K(116160K) Class: 16567K(17280K)->16567K(17280K)
[2026-04-03T01:40:46.616+0600][83.462s][info][gc             ] GC(340) Pause Young (Concurrent Start) (G1 Humongous Allocation) 512M->115M(1662M) 4.166ms
[2026-04-03T01:40:46.616+0600][83.462s][info][gc             ] GC(341) Concurrent Undo Cycle
[2026-04-03T01:40:46.616+0600][83.462s][info][gc,cpu         ] GC(340) User=0.02s Sys=0.00s Real=0.00s
[2026-04-03T01:40:46.616+0600][83.462s][info][gc,marking     ] GC(341) Concurrent Clear Claimed Marks
[2026-04-03T01:40:46.617+0600][83.463s][info][gc,marking     ] GC(341) Concurrent Clear Claimed Marks 0.312ms
[2026-04-03T01:40:46.617+0600][83.463s][info][gc,marking     ] GC(341) Concurrent Cleanup for Next Mark
[2026-04-03T01:40:46.617+0600][83.463s][info][gc,marking     ] GC(341) Concurrent Cleanup for Next Mark 0.387ms
[2026-04-03T01:40:46.617+0600][83.463s][info][gc             ] GC(341) Concurrent Undo Cycle 0.897ms
[2026-04-03T01:40:46.689+0600][83.535s][info][gc,start       ] GC(342) Pause Young (Concurrent Start) (G1 Humongous Allocation)
[2026-04-03T01:40:46.689+0600][83.535s][info][gc,task        ] GC(342) Using 10 workers of 10 for evacuation
[2026-04-03T01:40:46.692+0600][83.538s][info][gc,phases      ] GC(342)   Pre Evacuate Collection Set: 0.47ms
[2026-04-03T01:40:46.692+0600][83.539s][info][gc,phases      ] GC(342)   Merge Heap Roots: 0.20ms
[2026-04-03T01:40:46.692+0600][83.539s][info][gc,phases      ] GC(342)   Evacuate Collection Set: 1.43ms
[2026-04-03T01:40:46.692+0600][83.539s][info][gc,phases      ] GC(342)   Post Evacuate Collection Set: 0.73ms
[2026-04-03T01:40:46.693+0600][83.539s][info][gc,phases      ] GC(342)   Other: 0.25ms
[2026-04-03T01:40:46.693+0600][83.539s][info][gc,heap        ] GC(342) Eden regions: 31->0(494)
[2026-04-03T01:40:46.693+0600][83.539s][info][gc,heap        ] GC(342) Survivor regions: 5->4(63)
[2026-04-03T01:40:46.693+0600][83.539s][info][gc,heap        ] GC(342) Old regions: 46->46
[2026-04-03T01:40:46.693+0600][83.539s][info][gc,heap        ] GC(342) Humongous regions: 168->9
[2026-04-03T01:40:46.693+0600][83.539s][info][gc,metaspace   ] GC(342) Metaspace: 131960K(133440K)->131960K(133440K) NonClass: 115393K(116160K)->115393K(116160K) Class: 16567K(17280K)->16567K(17280K)
[2026-04-03T01:40:46.693+0600][83.539s][info][gc             ] GC(342) Pause Young (Concurrent Start) (G1 Humongous Allocation) 493M->112M(1662M) 3.388ms
[2026-04-03T01:40:46.693+0600][83.539s][info][gc             ] GC(343) Concurrent Undo Cycle
[2026-04-03T01:40:46.693+0600][83.539s][info][gc,cpu         ] GC(342) User=0.02s Sys=0.00s Real=0.01s
[2026-04-03T01:40:46.693+0600][83.539s][info][gc,marking     ] GC(343) Concurrent Clear Claimed Marks
[2026-04-03T01:40:46.693+0600][83.539s][info][gc,marking     ] GC(343) Concurrent Clear Claimed Marks 0.287ms
[2026-04-03T01:40:46.693+0600][83.539s][info][gc,marking     ] GC(343) Concurrent Cleanup for Next Mark
[2026-04-03T01:40:46.694+0600][83.540s][info][gc,marking     ] GC(343) Concurrent Cleanup for Next Mark 0.675ms
[2026-04-03T01:40:46.694+0600][83.540s][info][gc             ] GC(343) Concurrent Undo Cycle 1.203ms
[2026-04-03T01:40:47.154+0600][84.000s][info][gc,start       ] GC(344) Pause Young (Concurrent Start) (G1 Humongous Allocation)
[2026-04-03T01:40:47.154+0600][84.000s][info][gc,task        ] GC(344) Using 10 workers of 10 for evacuation
[2026-04-03T01:40:47.157+0600][84.004s][info][gc,phases      ] GC(344)   Pre Evacuate Collection Set: 0.37ms
[2026-04-03T01:40:47.158+0600][84.004s][info][gc,phases      ] GC(344)   Merge Heap Roots: 0.18ms
[2026-04-03T01:40:47.158+0600][84.004s][info][gc,phases      ] GC(344)   Evacuate Collection Set: 1.83ms
[2026-04-03T01:40:47.158+0600][84.004s][info][gc,phases      ] GC(344)   Post Evacuate Collection Set: 0.68ms
[2026-04-03T01:40:47.158+0600][84.004s][info][gc,phases      ] GC(344)   Other: 0.14ms
[2026-04-03T01:40:47.158+0600][84.004s][info][gc,heap        ] GC(344) Eden regions: 141->0(495)
[2026-04-03T01:40:47.158+0600][84.004s][info][gc,heap        ] GC(344) Survivor regions: 4->3(63)
[2026-04-03T01:40:47.158+0600][84.004s][info][gc,heap        ] GC(344) Old regions: 46->46
[2026-04-03T01:40:47.158+0600][84.004s][info][gc,heap        ] GC(344) Humongous regions: 172->3
[2026-04-03T01:40:47.158+0600][84.004s][info][gc,metaspace   ] GC(344) Metaspace: 131965K(133440K)->131965K(133440K) NonClass: 115398K(116160K)->115398K(116160K) Class: 16567K(17280K)->16567K(17280K)
[2026-04-03T01:40:47.158+0600][84.004s][info][gc             ] GC(344) Pause Young (Concurrent Start) (G1 Humongous Allocation) 719M->99M(1662M) 3.460ms
[2026-04-03T01:40:47.158+0600][84.004s][info][gc             ] GC(345) Concurrent Undo Cycle
[2026-04-03T01:40:47.158+0600][84.004s][info][gc,cpu         ] GC(344) User=0.02s Sys=0.00s Real=0.00s
[2026-04-03T01:40:47.158+0600][84.004s][info][gc,marking     ] GC(345) Concurrent Clear Claimed Marks
[2026-04-03T01:40:47.158+0600][84.004s][info][gc,marking     ] GC(345) Concurrent Clear Claimed Marks 0.304ms
[2026-04-03T01:40:47.158+0600][84.004s][info][gc,marking     ] GC(345) Concurrent Cleanup for Next Mark
[2026-04-03T01:40:47.158+0600][84.005s][info][gc,marking     ] GC(345) Concurrent Cleanup for Next Mark 0.301ms
[2026-04-03T01:40:47.158+0600][84.005s][info][gc             ] GC(345) Concurrent Undo Cycle 0.777ms
[2026-04-03T01:40:47.661+0600][84.507s][info][gc,start       ] GC(346) Pause Young (Concurrent Start) (G1 Humongous Allocation)
[2026-04-03T01:40:47.661+0600][84.507s][info][gc,task        ] GC(346) Using 10 workers of 10 for evacuation
[2026-04-03T01:40:47.666+0600][84.513s][info][gc,phases      ] GC(346)   Pre Evacuate Collection Set: 0.84ms
[2026-04-03T01:40:47.667+0600][84.513s][info][gc,phases      ] GC(346)   Merge Heap Roots: 0.26ms
[2026-04-03T01:40:47.667+0600][84.513s][info][gc,phases      ] GC(346)   Evacuate Collection Set: 3.38ms
[2026-04-03T01:40:47.667+0600][84.513s][info][gc,phases      ] GC(346)   Post Evacuate Collection Set: 1.13ms
[2026-04-03T01:40:47.667+0600][84.513s][info][gc,phases      ] GC(346)   Other: 0.24ms
[2026-04-03T01:40:47.667+0600][84.513s][info][gc,heap        ] GC(346) Eden regions: 209->0(494)
[2026-04-03T01:40:47.667+0600][84.513s][info][gc,heap        ] GC(346) Survivor regions: 3->4(63)
[2026-04-03T01:40:47.667+0600][84.513s][info][gc,heap        ] GC(346) Old regions: 46->46
[2026-04-03T01:40:47.667+0600][84.513s][info][gc,heap        ] GC(346) Humongous regions: 174->3
[2026-04-03T01:40:47.667+0600][84.513s][info][gc,metaspace   ] GC(346) Metaspace: 131966K(133440K)->131966K(133440K) NonClass: 115399K(116160K)->115399K(116160K) Class: 16567K(17280K)->16567K(17280K)
[2026-04-03T01:40:47.667+0600][84.513s][info][gc             ] GC(346) Pause Young (Concurrent Start) (G1 Humongous Allocation) 857M->102M(1662M) 6.190ms
[2026-04-03T01:40:47.667+0600][84.513s][info][gc             ] GC(347) Concurrent Undo Cycle
[2026-04-03T01:40:47.667+0600][84.513s][info][gc,cpu         ] GC(346) User=0.05s Sys=0.00s Real=0.00s
[2026-04-03T01:40:47.667+0600][84.513s][info][gc,marking     ] GC(347) Concurrent Clear Claimed Marks
[2026-04-03T01:40:47.667+0600][84.513s][info][gc,marking     ] GC(347) Concurrent Clear Claimed Marks 0.387ms
[2026-04-03T01:40:47.667+0600][84.514s][info][gc,marking     ] GC(347) Concurrent Cleanup for Next Mark
[2026-04-03T01:40:47.668+0600][84.514s][info][gc,marking     ] GC(347) Concurrent Cleanup for Next Mark 0.381ms
[2026-04-03T01:40:47.668+0600][84.514s][info][gc             ] GC(347) Concurrent Undo Cycle 1.028ms
[2026-04-03T01:40:48.531+0600][85.377s][info][gc,start       ] GC(348) Pause Young (Concurrent Start) (G1 Humongous Allocation)
[2026-04-03T01:40:48.531+0600][85.377s][info][gc,task        ] GC(348) Using 10 workers of 10 for evacuation
[2026-04-03T01:40:48.537+0600][85.384s][info][gc,phases      ] GC(348)   Pre Evacuate Collection Set: 0.70ms
[2026-04-03T01:40:48.538+0600][85.384s][info][gc,phases      ] GC(348)   Merge Heap Roots: 0.42ms
[2026-04-03T01:40:48.538+0600][85.384s][info][gc,phases      ] GC(348)   Evacuate Collection Set: 3.45ms
[2026-04-03T01:40:48.538+0600][85.384s][info][gc,phases      ] GC(348)   Post Evacuate Collection Set: 1.89ms
[2026-04-03T01:40:48.538+0600][85.384s][info][gc,phases      ] GC(348)   Other: 0.22ms
[2026-04-03T01:40:48.538+0600][85.384s][info][gc,heap        ] GC(348) Eden regions: 271->0(494)
[2026-04-03T01:40:48.538+0600][85.384s][info][gc,heap        ] GC(348) Survivor regions: 4->4(63)
[2026-04-03T01:40:48.538+0600][85.384s][info][gc,heap        ] GC(348) Old regions: 46->46
[2026-04-03T01:40:48.538+0600][85.384s][info][gc,heap        ] GC(348) Humongous regions: 176->3
[2026-04-03T01:40:48.538+0600][85.384s][info][gc,metaspace   ] GC(348) Metaspace: 131997K(133440K)->131997K(133440K) NonClass: 115424K(116160K)->115424K(116160K) Class: 16573K(17280K)->16573K(17280K)
[2026-04-03T01:40:48.538+0600][85.384s][info][gc             ] GC(348) Pause Young (Concurrent Start) (G1 Humongous Allocation) 989M->102M(1662M) 7.105ms
[2026-04-03T01:40:48.538+0600][85.384s][info][gc             ] GC(349) Concurrent Undo Cycle
[2026-04-03T01:40:48.538+0600][85.384s][info][gc,cpu         ] GC(348) User=0.04s Sys=0.00s Real=0.00s
[2026-04-03T01:40:48.538+0600][85.384s][info][gc,marking     ] GC(349) Concurrent Clear Claimed Marks
[2026-04-03T01:40:48.538+0600][85.384s][info][gc,marking     ] GC(349) Concurrent Clear Claimed Marks 0.410ms
[2026-04-03T01:40:48.538+0600][85.385s][info][gc,marking     ] GC(349) Concurrent Cleanup for Next Mark
[2026-04-03T01:40:48.539+0600][85.385s][info][gc,marking     ] GC(349) Concurrent Cleanup for Next Mark 0.901ms
[2026-04-03T01:40:48.539+0600][85.386s][info][gc             ] GC(349) Concurrent Undo Cycle 1.621ms
[2026-04-03T01:40:49.352+0600][86.198s][info][gc,start       ] GC(350) Pause Young (Concurrent Start) (G1 Humongous Allocation)
[2026-04-03T01:40:49.353+0600][86.199s][info][gc,task        ] GC(350) Using 10 workers of 10 for evacuation
[2026-04-03T01:40:49.361+0600][86.207s][info][gc,phases      ] GC(350)   Pre Evacuate Collection Set: 0.70ms
[2026-04-03T01:40:49.361+0600][86.207s][info][gc,phases      ] GC(350)   Merge Heap Roots: 0.32ms
[2026-04-03T01:40:49.361+0600][86.207s][info][gc,phases      ] GC(350)   Evacuate Collection Set: 5.12ms
[2026-04-03T01:40:49.361+0600][86.207s][info][gc,phases      ] GC(350)   Post Evacuate Collection Set: 2.04ms
[2026-04-03T01:40:49.361+0600][86.207s][info][gc,phases      ] GC(350)   Other: 0.28ms
[2026-04-03T01:40:49.361+0600][86.207s][info][gc,heap        ] GC(350) Eden regions: 307->0(492)
[2026-04-03T01:40:49.361+0600][86.207s][info][gc,heap        ] GC(350) Survivor regions: 4->6(63)
[2026-04-03T01:40:49.361+0600][86.207s][info][gc,heap        ] GC(350) Old regions: 46->46
[2026-04-03T01:40:49.361+0600][86.207s][info][gc,heap        ] GC(350) Humongous regions: 179->3
[2026-04-03T01:40:49.361+0600][86.207s][info][gc,metaspace   ] GC(350) Metaspace: 132005K(133440K)->132005K(133440K) NonClass: 115430K(116160K)->115430K(116160K) Class: 16575K(17280K)->16575K(17280K)
[2026-04-03T01:40:49.361+0600][86.207s][info][gc             ] GC(350) Pause Young (Concurrent Start) (G1 Humongous Allocation) 1067M->104M(1662M) 8.893ms
[2026-04-03T01:40:49.361+0600][86.207s][info][gc             ] GC(351) Concurrent Undo Cycle
[2026-04-03T01:40:49.361+0600][86.208s][info][gc,cpu         ] GC(350) User=0.04s Sys=0.02s Real=0.01s
[2026-04-03T01:40:49.361+0600][86.208s][info][gc,marking     ] GC(351) Concurrent Clear Claimed Marks
[2026-04-03T01:40:49.362+0600][86.208s][info][gc,marking     ] GC(351) Concurrent Clear Claimed Marks 0.452ms
[2026-04-03T01:40:49.362+0600][86.208s][info][gc,marking     ] GC(351) Concurrent Cleanup for Next Mark
[2026-04-03T01:40:49.362+0600][86.209s][info][gc,marking     ] GC(351) Concurrent Cleanup for Next Mark 0.416ms
[2026-04-03T01:40:49.363+0600][86.209s][info][gc             ] GC(351) Concurrent Undo Cycle 1.178ms
[2026-04-03T01:40:49.487+0600][86.333s][info][gc,start       ] GC(352) Pause Young (Concurrent Start) (G1 Humongous Allocation)
[2026-04-03T01:40:49.487+0600][86.333s][info][gc,task        ] GC(352) Using 10 workers of 10 for evacuation
[2026-04-03T01:40:49.492+0600][86.338s][info][gc,phases      ] GC(352)   Pre Evacuate Collection Set: 0.56ms
[2026-04-03T01:40:49.492+0600][86.338s][info][gc,phases      ] GC(352)   Merge Heap Roots: 0.25ms
[2026-04-03T01:40:49.492+0600][86.338s][info][gc,phases      ] GC(352)   Evacuate Collection Set: 2.54ms
[2026-04-03T01:40:49.492+0600][86.338s][info][gc,phases      ] GC(352)   Post Evacuate Collection Set: 0.68ms
[2026-04-03T01:40:49.492+0600][86.338s][info][gc,phases      ] GC(352)   Other: 0.20ms
[2026-04-03T01:40:49.492+0600][86.338s][info][gc,heap        ] GC(352) Eden regions: 39->0(493)
[2026-04-03T01:40:49.492+0600][86.338s][info][gc,heap        ] GC(352) Survivor regions: 6->5(63)
[2026-04-03T01:40:49.492+0600][86.338s][info][gc,heap        ] GC(352) Old regions: 46->46
[2026-04-03T01:40:49.492+0600][86.338s][info][gc,heap        ] GC(352) Humongous regions: 179->3
[2026-04-03T01:40:49.492+0600][86.338s][info][gc,metaspace   ] GC(352) Metaspace: 132007K(133440K)->132007K(133440K) NonClass: 115432K(116160K)->115432K(116160K) Class: 16575K(17280K)->16575K(17280K)
[2026-04-03T01:40:49.492+0600][86.338s][info][gc             ] GC(352) Pause Young (Concurrent Start) (G1 Humongous Allocation) 534M->104M(1662M) 4.557ms
[2026-04-03T01:40:49.492+0600][86.338s][info][gc             ] GC(353) Concurrent Undo Cycle
[2026-04-03T01:40:49.492+0600][86.338s][info][gc,marking     ] GC(353) Concurrent Clear Claimed Marks
[2026-04-03T01:40:49.492+0600][86.338s][info][gc,cpu         ] GC(352) User=0.03s Sys=0.00s Real=0.01s
[2026-04-03T01:40:49.492+0600][86.338s][info][gc,marking     ] GC(353) Concurrent Clear Claimed Marks 0.337ms
[2026-04-03T01:40:49.492+0600][86.338s][info][gc,marking     ] GC(353) Concurrent Cleanup for Next Mark
[2026-04-03T01:40:49.494+0600][86.340s][info][gc,marking     ] GC(353) Concurrent Cleanup for Next Mark 1.460ms
[2026-04-03T01:40:49.494+0600][86.340s][info][gc             ] GC(353) Concurrent Undo Cycle 2.083ms
[2026-04-03T01:40:49.583+0600][86.429s][info][gc,start       ] GC(354) Pause Young (Concurrent Start) (G1 Humongous Allocation)
[2026-04-03T01:40:49.583+0600][86.429s][info][gc,task        ] GC(354) Using 10 workers of 10 for evacuation
[2026-04-03T01:40:49.587+0600][86.433s][info][gc,phases      ] GC(354)   Pre Evacuate Collection Set: 0.60ms
[2026-04-03T01:40:49.587+0600][86.433s][info][gc,phases      ] GC(354)   Merge Heap Roots: 0.38ms
[2026-04-03T01:40:49.587+0600][86.433s][info][gc,phases      ] GC(354)   Evacuate Collection Set: 2.22ms
[2026-04-03T01:40:49.587+0600][86.433s][info][gc,phases      ] GC(354)   Post Evacuate Collection Set: 0.92ms
[2026-04-03T01:40:49.587+0600][86.433s][info][gc,phases      ] GC(354)   Other: 0.29ms
[2026-04-03T01:40:49.587+0600][86.433s][info][gc,heap        ] GC(354) Eden regions: 30->0(494)
[2026-04-03T01:40:49.587+0600][86.433s][info][gc,heap        ] GC(354) Survivor regions: 5->4(63)
[2026-04-03T01:40:49.587+0600][86.434s][info][gc,heap        ] GC(354) Old regions: 46->46
[2026-04-03T01:40:49.587+0600][86.434s][info][gc,heap        ] GC(354) Humongous regions: 183->12
[2026-04-03T01:40:49.587+0600][86.434s][info][gc,metaspace   ] GC(354) Metaspace: 132010K(133504K)->132010K(133504K) NonClass: 115435K(116224K)->115435K(116224K) Class: 16575K(17280K)->16575K(17280K)
[2026-04-03T01:40:49.587+0600][86.434s][info][gc             ] GC(354) Pause Young (Concurrent Start) (G1 Humongous Allocation) 524M->119M(1662M) 4.795ms
[2026-04-03T01:40:49.588+0600][86.434s][info][gc,cpu         ] GC(354) User=0.02s Sys=0.00s Real=0.00s
[2026-04-03T01:40:49.588+0600][86.434s][info][gc             ] GC(355) Concurrent Undo Cycle
[2026-04-03T01:40:49.588+0600][86.434s][info][gc,marking     ] GC(355) Concurrent Clear Claimed Marks
[2026-04-03T01:40:49.588+0600][86.434s][info][gc,marking     ] GC(355) Concurrent Clear Claimed Marks 0.333ms
[2026-04-03T01:40:49.588+0600][86.434s][info][gc,marking     ] GC(355) Concurrent Cleanup for Next Mark
[2026-04-03T01:40:49.589+0600][86.435s][info][gc,marking     ] GC(355) Concurrent Cleanup for Next Mark 0.358ms
[2026-04-03T01:40:49.589+0600][86.435s][info][gc             ] GC(355) Concurrent Undo Cycle 0.956ms
[2026-04-03T01:40:50.206+0600][87.052s][info][gc,start       ] GC(356) Pause Young (Concurrent Start) (G1 Humongous Allocation)
[2026-04-03T01:40:50.206+0600][87.052s][info][gc,task        ] GC(356) Using 10 workers of 10 for evacuation
[2026-04-03T01:40:50.212+0600][87.058s][info][gc,phases      ] GC(356)   Pre Evacuate Collection Set: 0.60ms
[2026-04-03T01:40:50.212+0600][87.059s][info][gc,phases      ] GC(356)   Merge Heap Roots: 0.24ms
[2026-04-03T01:40:50.212+0600][87.059s][info][gc,phases      ] GC(356)   Evacuate Collection Set: 3.85ms
[2026-04-03T01:40:50.212+0600][87.059s][info][gc,phases      ] GC(356)   Post Evacuate Collection Set: 1.34ms
[2026-04-03T01:40:50.212+0600][87.059s][info][gc,phases      ] GC(356)   Other: 0.18ms
[2026-04-03T01:40:50.213+0600][87.059s][info][gc,heap        ] GC(356) Eden regions: 178->0(494)
[2026-04-03T01:40:50.213+0600][87.059s][info][gc,heap        ] GC(356) Survivor regions: 4->4(63)
[2026-04-03T01:40:50.213+0600][87.059s][info][gc,heap        ] GC(356) Old regions: 46->46
[2026-04-03T01:40:50.213+0600][87.059s][info][gc,heap        ] GC(356) Humongous regions: 177->3
[2026-04-03T01:40:50.213+0600][87.059s][info][gc,metaspace   ] GC(356) Metaspace: 132018K(133504K)->132018K(133504K) NonClass: 115443K(116224K)->115443K(116224K) Class: 16575K(17280K)->16575K(17280K)
[2026-04-03T01:40:50.213+0600][87.059s][info][gc             ] GC(356) Pause Young (Concurrent Start) (G1 Humongous Allocation) 804M->100M(1662M) 6.607ms
[2026-04-03T01:40:50.213+0600][87.059s][info][gc             ] GC(357) Concurrent Undo Cycle
[2026-04-03T01:40:50.213+0600][87.059s][info][gc,cpu         ] GC(356) User=0.04s Sys=0.00s Real=0.01s
[2026-04-03T01:40:50.213+0600][87.059s][info][gc,marking     ] GC(357) Concurrent Clear Claimed Marks
[2026-04-03T01:40:50.213+0600][87.059s][info][gc,marking     ] GC(357) Concurrent Clear Claimed Marks 0.404ms
[2026-04-03T01:40:50.213+0600][87.059s][info][gc,marking     ] GC(357) Concurrent Cleanup for Next Mark
[2026-04-03T01:40:50.214+0600][87.060s][info][gc,marking     ] GC(357) Concurrent Cleanup for Next Mark 0.442ms
[2026-04-03T01:40:50.214+0600][87.060s][info][gc             ] GC(357) Concurrent Undo Cycle 1.147ms
[2026-04-03T01:40:50.811+0600][87.657s][info][gc,start       ] GC(358) Pause Young (Concurrent Start) (G1 Humongous Allocation)
[2026-04-03T01:40:50.811+0600][87.658s][info][gc,task        ] GC(358) Using 10 workers of 10 for evacuation
[2026-04-03T01:40:50.817+0600][87.663s][info][gc,phases      ] GC(358)   Pre Evacuate Collection Set: 0.66ms
[2026-04-03T01:40:50.817+0600][87.663s][info][gc,phases      ] GC(358)   Merge Heap Roots: 0.24ms
[2026-04-03T01:40:50.817+0600][87.663s][info][gc,phases      ] GC(358)   Evacuate Collection Set: 3.04ms
[2026-04-03T01:40:50.817+0600][87.663s][info][gc,phases      ] GC(358)   Post Evacuate Collection Set: 1.59ms
[2026-04-03T01:40:50.817+0600][87.664s][info][gc,phases      ] GC(358)   Other: 0.29ms
[2026-04-03T01:40:50.817+0600][87.664s][info][gc,heap        ] GC(358) Eden regions: 217->0(494)
[2026-04-03T01:40:50.817+0600][87.664s][info][gc,heap        ] GC(358) Survivor regions: 4->4(63)
[2026-04-03T01:40:50.817+0600][87.664s][info][gc,heap        ] GC(358) Old regions: 46->46
[2026-04-03T01:40:50.817+0600][87.664s][info][gc,heap        ] GC(358) Humongous regions: 179->5
[2026-04-03T01:40:50.817+0600][87.664s][info][gc,metaspace   ] GC(358) Metaspace: 132018K(133504K)->132018K(133504K) NonClass: 115443K(116224K)->115443K(116224K) Class: 16575K(17280K)->16575K(17280K)
[2026-04-03T01:40:50.818+0600][87.664s][info][gc             ] GC(358) Pause Young (Concurrent Start) (G1 Humongous Allocation) 884M->105M(1662M) 6.191ms
[2026-04-03T01:40:50.818+0600][87.664s][info][gc             ] GC(359) Concurrent Undo Cycle
[2026-04-03T01:40:50.818+0600][87.664s][info][gc,cpu         ] GC(358) User=0.04s Sys=0.01s Real=0.00s
[2026-04-03T01:40:50.818+0600][87.664s][info][gc,marking     ] GC(359) Concurrent Clear Claimed Marks
[2026-04-03T01:40:50.818+0600][87.664s][info][gc,marking     ] GC(359) Concurrent Clear Claimed Marks 0.436ms
[2026-04-03T01:40:50.818+0600][87.664s][info][gc,marking     ] GC(359) Concurrent Cleanup for Next Mark
[2026-04-03T01:40:50.819+0600][87.665s][info][gc,marking     ] GC(359) Concurrent Cleanup for Next Mark 0.366ms
[2026-04-03T01:40:50.819+0600][87.665s][info][gc             ] GC(359) Concurrent Undo Cycle 1.040ms
[2026-04-03T01:40:51.447+0600][88.293s][info][gc,start       ] GC(360) Pause Young (Concurrent Start) (G1 Humongous Allocation)
[2026-04-03T01:40:51.447+0600][88.293s][info][gc,task        ] GC(360) Using 10 workers of 10 for evacuation
[2026-04-03T01:40:51.452+0600][88.298s][info][gc,phases      ] GC(360)   Pre Evacuate Collection Set: 0.50ms
[2026-04-03T01:40:51.452+0600][88.298s][info][gc,phases      ] GC(360)   Merge Heap Roots: 0.22ms
[2026-04-03T01:40:51.452+0600][88.298s][info][gc,phases      ] GC(360)   Evacuate Collection Set: 2.52ms
[2026-04-03T01:40:51.452+0600][88.298s][info][gc,phases      ] GC(360)   Post Evacuate Collection Set: 1.42ms
[2026-04-03T01:40:51.452+0600][88.298s][info][gc,phases      ] GC(360)   Other: 0.23ms
[2026-04-03T01:40:51.452+0600][88.298s][info][gc,heap        ] GC(360) Eden regions: 204->0(492)
[2026-04-03T01:40:51.452+0600][88.298s][info][gc,heap        ] GC(360) Survivor regions: 4->6(63)
[2026-04-03T01:40:51.452+0600][88.298s][info][gc,heap        ] GC(360) Old regions: 46->46
[2026-04-03T01:40:51.452+0600][88.298s][info][gc,heap        ] GC(360) Humongous regions: 182->6
[2026-04-03T01:40:51.452+0600][88.298s][info][gc,metaspace   ] GC(360) Metaspace: 132021K(133504K)->132021K(133504K) NonClass: 115446K(116224K)->115446K(116224K) Class: 16575K(17280K)->16575K(17280K)
[2026-04-03T01:40:51.452+0600][88.298s][info][gc             ] GC(360) Pause Young (Concurrent Start) (G1 Humongous Allocation) 867M->111M(1662M) 5.203ms
[2026-04-03T01:40:51.452+0600][88.298s][info][gc,cpu         ] GC(360) User=0.03s Sys=0.00s Real=0.01s
[2026-04-03T01:40:51.452+0600][88.298s][info][gc             ] GC(361) Concurrent Undo Cycle
[2026-04-03T01:40:51.452+0600][88.298s][info][gc,marking     ] GC(361) Concurrent Clear Claimed Marks
[2026-04-03T01:40:51.453+0600][88.299s][info][gc,marking     ] GC(361) Concurrent Clear Claimed Marks 0.369ms
[2026-04-03T01:40:51.453+0600][88.299s][info][gc,marking     ] GC(361) Concurrent Cleanup for Next Mark
[2026-04-03T01:40:51.454+0600][88.300s][info][gc,marking     ] GC(361) Concurrent Cleanup for Next Mark 0.838ms
[2026-04-03T01:40:51.454+0600][88.300s][info][gc             ] GC(361) Concurrent Undo Cycle 1.515ms
[2026-04-03T01:40:51.540+0600][88.386s][info][gc,start       ] GC(362) Pause Young (Concurrent Start) (G1 Humongous Allocation)
[2026-04-03T01:40:51.540+0600][88.386s][info][gc,task        ] GC(362) Using 10 workers of 10 for evacuation
[2026-04-03T01:40:51.545+0600][88.391s][info][gc,phases      ] GC(362)   Pre Evacuate Collection Set: 0.57ms
[2026-04-03T01:40:51.545+0600][88.391s][info][gc,phases      ] GC(362)   Merge Heap Roots: 0.28ms
[2026-04-03T01:40:51.545+0600][88.391s][info][gc,phases      ] GC(362)   Evacuate Collection Set: 2.09ms
[2026-04-03T01:40:51.545+0600][88.391s][info][gc,phases      ] GC(362)   Post Evacuate Collection Set: 1.70ms
[2026-04-03T01:40:51.545+0600][88.391s][info][gc,phases      ] GC(362)   Other: 0.30ms
[2026-04-03T01:40:51.545+0600][88.392s][info][gc,heap        ] GC(362) Eden regions: 33->0(494)
[2026-04-03T01:40:51.545+0600][88.392s][info][gc,heap        ] GC(362) Survivor regions: 6->4(63)
[2026-04-03T01:40:51.545+0600][88.392s][info][gc,heap        ] GC(362) Old regions: 46->46
[2026-04-03T01:40:51.545+0600][88.392s][info][gc,heap        ] GC(362) Humongous regions: 183->3
[2026-04-03T01:40:51.545+0600][88.392s][info][gc,metaspace   ] GC(362) Metaspace: 132022K(133504K)->132022K(133504K) NonClass: 115447K(116224K)->115447K(116224K) Class: 16575K(17280K)->16575K(17280K)
[2026-04-03T01:40:51.546+0600][88.392s][info][gc             ] GC(362) Pause Young (Concurrent Start) (G1 Humongous Allocation) 530M->100M(1662M) 5.327ms
[2026-04-03T01:40:51.546+0600][88.392s][info][gc             ] GC(363) Concurrent Undo Cycle
[2026-04-03T01:40:51.546+0600][88.392s][info][gc,cpu         ] GC(362) User=0.02s Sys=0.01s Real=0.00s
[2026-04-03T01:40:51.546+0600][88.392s][info][gc,marking     ] GC(363) Concurrent Clear Claimed Marks
[2026-04-03T01:40:51.546+0600][88.392s][info][gc,marking     ] GC(363) Concurrent Clear Claimed Marks 0.365ms
[2026-04-03T01:40:51.546+0600][88.392s][info][gc,marking     ] GC(363) Concurrent Cleanup for Next Mark
[2026-04-03T01:40:51.547+0600][88.394s][info][gc,marking     ] GC(363) Concurrent Cleanup for Next Mark 1.371ms
[2026-04-03T01:40:51.548+0600][88.394s][info][gc             ] GC(363) Concurrent Undo Cycle 1.949ms
[2026-04-03T01:40:51.714+0600][88.560s][info][gc,start       ] GC(364) Pause Young (Concurrent Start) (G1 Humongous Allocation)
[2026-04-03T01:40:51.714+0600][88.560s][info][gc,task        ] GC(364) Using 10 workers of 10 for evacuation
[2026-04-03T01:40:51.719+0600][88.565s][info][gc,phases      ] GC(364)   Pre Evacuate Collection Set: 0.49ms
[2026-04-03T01:40:51.719+0600][88.565s][info][gc,phases      ] GC(364)   Merge Heap Roots: 0.15ms
[2026-04-03T01:40:51.719+0600][88.565s][info][gc,phases      ] GC(364)   Evacuate Collection Set: 2.44ms
[2026-04-03T01:40:51.719+0600][88.565s][info][gc,phases      ] GC(364)   Post Evacuate Collection Set: 1.82ms
[2026-04-03T01:40:51.719+0600][88.565s][info][gc,phases      ] GC(364)   Other: 0.13ms
[2026-04-03T01:40:51.719+0600][88.565s][info][gc,heap        ] GC(364) Eden regions: 55->0(495)
[2026-04-03T01:40:51.719+0600][88.565s][info][gc,heap        ] GC(364) Survivor regions: 4->3(63)
[2026-04-03T01:40:51.719+0600][88.565s][info][gc,heap        ] GC(364) Old regions: 46->46
[2026-04-03T01:40:51.719+0600][88.565s][info][gc,heap        ] GC(364) Humongous regions: 185->3
[2026-04-03T01:40:51.719+0600][88.565s][info][gc,metaspace   ] GC(364) Metaspace: 132038K(133504K)->132038K(133504K) NonClass: 115462K(116224K)->115462K(116224K) Class: 16576K(17280K)->16576K(17280K)
[2026-04-03T01:40:51.719+0600][88.565s][info][gc             ] GC(364) Pause Young (Concurrent Start) (G1 Humongous Allocation) 574M->100M(1662M) 5.394ms
[2026-04-03T01:40:51.719+0600][88.565s][info][gc             ] GC(365) Concurrent Undo Cycle
[2026-04-03T01:40:51.719+0600][88.565s][info][gc,cpu         ] GC(364) User=0.03s Sys=0.01s Real=0.00s
[2026-04-03T01:40:51.719+0600][88.565s][info][gc,marking     ] GC(365) Concurrent Clear Claimed Marks
[2026-04-03T01:40:51.720+0600][88.566s][info][gc,marking     ] GC(365) Concurrent Clear Claimed Marks 0.389ms
[2026-04-03T01:40:51.720+0600][88.566s][info][gc,marking     ] GC(365) Concurrent Cleanup for Next Mark
[2026-04-03T01:40:51.720+0600][88.566s][info][gc,marking     ] GC(365) Concurrent Cleanup for Next Mark 0.350ms
[2026-04-03T01:40:51.720+0600][88.566s][info][gc             ] GC(365) Concurrent Undo Cycle 0.971ms
[2026-04-03T01:40:52.683+0600][89.529s][info][gc,start       ] GC(366) Pause Young (Concurrent Start) (G1 Humongous Allocation)
[2026-04-03T01:40:52.683+0600][89.529s][info][gc,task        ] GC(366) Using 10 workers of 10 for evacuation
[2026-04-03T01:40:52.688+0600][89.534s][info][gc,phases      ] GC(366)   Pre Evacuate Collection Set: 0.47ms
[2026-04-03T01:40:52.688+0600][89.534s][info][gc,phases      ] GC(366)   Merge Heap Roots: 0.29ms
[2026-04-03T01:40:52.688+0600][89.534s][info][gc,phases      ] GC(366)   Evacuate Collection Set: 2.31ms
[2026-04-03T01:40:52.688+0600][89.534s][info][gc,phases      ] GC(366)   Post Evacuate Collection Set: 1.20ms
[2026-04-03T01:40:52.688+0600][89.534s][info][gc,phases      ] GC(366)   Other: 0.36ms
[2026-04-03T01:40:52.688+0600][89.534s][info][gc,heap        ] GC(366) Eden regions: 287->0(494)
[2026-04-03T01:40:52.688+0600][89.534s][info][gc,heap        ] GC(366) Survivor regions: 3->4(63)
[2026-04-03T01:40:52.688+0600][89.534s][info][gc,heap        ] GC(366) Old regions: 46->47
[2026-04-03T01:40:52.688+0600][89.534s][info][gc,heap        ] GC(366) Humongous regions: 186->3
[2026-04-03T01:40:52.688+0600][89.534s][info][gc,metaspace   ] GC(366) Metaspace: 132047K(133504K)->132047K(133504K) NonClass: 115469K(116224K)->115469K(116224K) Class: 16578K(17280K)->16578K(17280K)
[2026-04-03T01:40:52.688+0600][89.534s][info][gc             ] GC(366) Pause Young (Concurrent Start) (G1 Humongous Allocation) 1038M->101M(1662M) 5.008ms
[2026-04-03T01:40:52.688+0600][89.534s][info][gc             ] GC(367) Concurrent Undo Cycle
[2026-04-03T01:40:52.688+0600][89.534s][info][gc,cpu         ] GC(366) User=0.03s Sys=0.00s Real=0.00s
[2026-04-03T01:40:52.688+0600][89.534s][info][gc,marking     ] GC(367) Concurrent Clear Claimed Marks
[2026-04-03T01:40:52.689+0600][89.535s][info][gc,marking     ] GC(367) Concurrent Clear Claimed Marks 0.354ms
[2026-04-03T01:40:52.689+0600][89.535s][info][gc,marking     ] GC(367) Concurrent Cleanup for Next Mark
[2026-04-03T01:40:52.689+0600][89.535s][info][gc,marking     ] GC(367) Concurrent Cleanup for Next Mark 0.363ms
[2026-04-03T01:40:52.689+0600][89.535s][info][gc             ] GC(367) Concurrent Undo Cycle 0.926ms
[2026-04-03T01:40:53.368+0600][90.214s][info][gc,start       ] GC(368) Pause Young (Concurrent Start) (G1 Humongous Allocation)
[2026-04-03T01:40:53.368+0600][90.214s][info][gc,task        ] GC(368) Using 10 workers of 10 for evacuation
[2026-04-03T01:40:53.374+0600][90.220s][info][gc,phases      ] GC(368)   Pre Evacuate Collection Set: 0.72ms
[2026-04-03T01:40:53.374+0600][90.220s][info][gc,phases      ] GC(368)   Merge Heap Roots: 0.29ms
[2026-04-03T01:40:53.374+0600][90.220s][info][gc,phases      ] GC(368)   Evacuate Collection Set: 2.46ms
[2026-04-03T01:40:53.374+0600][90.220s][info][gc,phases      ] GC(368)   Post Evacuate Collection Set: 1.60ms
[2026-04-03T01:40:53.374+0600][90.220s][info][gc,phases      ] GC(368)   Other: 0.39ms
[2026-04-03T01:40:53.374+0600][90.220s][info][gc,heap        ] GC(368) Eden regions: 254->0(493)
[2026-04-03T01:40:53.374+0600][90.220s][info][gc,heap        ] GC(368) Survivor regions: 4->5(63)
[2026-04-03T01:40:53.374+0600][90.220s][info][gc,heap        ] GC(368) Old regions: 47->47
[2026-04-03T01:40:53.374+0600][90.220s][info][gc,heap        ] GC(368) Humongous regions: 189->6
[2026-04-03T01:40:53.374+0600][90.220s][info][gc,metaspace   ] GC(368) Metaspace: 132051K(133504K)->132051K(133504K) NonClass: 115473K(116224K)->115473K(116224K) Class: 16578K(17280K)->16578K(17280K)
[2026-04-03T01:40:53.374+0600][90.220s][info][gc             ] GC(368) Pause Young (Concurrent Start) (G1 Humongous Allocation) 981M->111M(1662M) 5.857ms
[2026-04-03T01:40:53.374+0600][90.220s][info][gc,cpu         ] GC(368) User=0.03s Sys=0.01s Real=0.01s
[2026-04-03T01:40:53.374+0600][90.220s][info][gc             ] GC(369) Concurrent Undo Cycle
[2026-04-03T01:40:53.374+0600][90.220s][info][gc,marking     ] GC(369) Concurrent Clear Claimed Marks
[2026-04-03T01:40:53.375+0600][90.221s][info][gc,marking     ] GC(369) Concurrent Clear Claimed Marks 0.328ms
[2026-04-03T01:40:53.375+0600][90.221s][info][gc,marking     ] GC(369) Concurrent Cleanup for Next Mark
[2026-04-03T01:40:53.375+0600][90.221s][info][gc,marking     ] GC(369) Concurrent Cleanup for Next Mark 0.342ms
[2026-04-03T01:40:53.375+0600][90.221s][info][gc             ] GC(369) Concurrent Undo Cycle 0.859ms
[2026-04-03T01:40:53.456+0600][90.303s][info][gc,start       ] GC(370) Pause Young (Concurrent Start) (G1 Humongous Allocation)
[2026-04-03T01:40:53.457+0600][90.303s][info][gc,task        ] GC(370) Using 10 workers of 10 for evacuation
[2026-04-03T01:40:53.460+0600][90.306s][info][gc,phases      ] GC(370)   Pre Evacuate Collection Set: 0.50ms
[2026-04-03T01:40:53.460+0600][90.306s][info][gc,phases      ] GC(370)   Merge Heap Roots: 0.22ms
[2026-04-03T01:40:53.460+0600][90.306s][info][gc,phases      ] GC(370)   Evacuate Collection Set: 1.78ms
[2026-04-03T01:40:53.460+0600][90.306s][info][gc,phases      ] GC(370)   Post Evacuate Collection Set: 0.58ms
[2026-04-03T01:40:53.460+0600][90.306s][info][gc,phases      ] GC(370)   Other: 0.20ms
[2026-04-03T01:40:53.460+0600][90.306s][info][gc,heap        ] GC(370) Eden regions: 32->0(495)
[2026-04-03T01:40:53.460+0600][90.306s][info][gc,heap        ] GC(370) Survivor regions: 5->3(63)
[2026-04-03T01:40:53.460+0600][90.306s][info][gc,heap        ] GC(370) Old regions: 47->47
[2026-04-03T01:40:53.460+0600][90.306s][info][gc,heap        ] GC(370) Humongous regions: 189->12
[2026-04-03T01:40:53.460+0600][90.306s][info][gc,metaspace   ] GC(370) Metaspace: 132054K(133504K)->132054K(133504K) NonClass: 115475K(116224K)->115475K(116224K) Class: 16578K(17280K)->16578K(17280K)
[2026-04-03T01:40:53.460+0600][90.306s][info][gc             ] GC(370) Pause Young (Concurrent Start) (G1 Humongous Allocation) 541M->118M(1662M) 3.574ms
[2026-04-03T01:40:53.460+0600][90.306s][info][gc             ] GC(371) Concurrent Undo Cycle
[2026-04-03T01:40:53.460+0600][90.306s][info][gc,cpu         ] GC(370) User=0.02s Sys=0.00s Real=0.01s
[2026-04-03T01:40:53.460+0600][90.306s][info][gc,marking     ] GC(371) Concurrent Clear Claimed Marks
[2026-04-03T01:40:53.461+0600][90.307s][info][gc,marking     ] GC(371) Concurrent Clear Claimed Marks 0.338ms
[2026-04-03T01:40:53.461+0600][90.307s][info][gc,marking     ] GC(371) Concurrent Cleanup for Next Mark
[2026-04-03T01:40:53.461+0600][90.307s][info][gc,marking     ] GC(371) Concurrent Cleanup for Next Mark 0.358ms
[2026-04-03T01:40:53.461+0600][90.307s][info][gc             ] GC(371) Concurrent Undo Cycle 0.870ms
[2026-04-03T01:40:53.509+0600][90.355s][info][gc,start       ] GC(372) Pause Young (Concurrent Start) (G1 Humongous Allocation)
[2026-04-03T01:40:53.509+0600][90.355s][info][gc,task        ] GC(372) Using 10 workers of 10 for evacuation
[2026-04-03T01:40:53.514+0600][90.360s][info][gc,phases      ] GC(372)   Pre Evacuate Collection Set: 0.50ms
[2026-04-03T01:40:53.514+0600][90.360s][info][gc,phases      ] GC(372)   Merge Heap Roots: 0.16ms
[2026-04-03T01:40:53.514+0600][90.360s][info][gc,phases      ] GC(372)   Evacuate Collection Set: 2.35ms
[2026-04-03T01:40:53.514+0600][90.360s][info][gc,phases      ] GC(372)   Post Evacuate Collection Set: 1.25ms
[2026-04-03T01:40:53.514+0600][90.360s][info][gc,phases      ] GC(372)   Other: 0.27ms
[2026-04-03T01:40:53.514+0600][90.360s][info][gc,heap        ] GC(372) Eden regions: 31->0(495)
[2026-04-03T01:40:53.514+0600][90.360s][info][gc,heap        ] GC(372) Survivor regions: 3->3(63)
[2026-04-03T01:40:53.514+0600][90.360s][info][gc,heap        ] GC(372) Old regions: 47->47
[2026-04-03T01:40:53.514+0600][90.360s][info][gc,heap        ] GC(372) Humongous regions: 186->4
[2026-04-03T01:40:53.514+0600][90.360s][info][gc,metaspace   ] GC(372) Metaspace: 132054K(133504K)->132054K(133504K) NonClass: 115475K(116224K)->115475K(116224K) Class: 16578K(17280K)->16578K(17280K)
[2026-04-03T01:40:53.514+0600][90.360s][info][gc             ] GC(372) Pause Young (Concurrent Start) (G1 Humongous Allocation) 527M->102M(1662M) 4.885ms
[2026-04-03T01:40:53.514+0600][90.360s][info][gc             ] GC(373) Concurrent Undo Cycle
[2026-04-03T01:40:53.514+0600][90.360s][info][gc,cpu         ] GC(372) User=0.02s Sys=0.00s Real=0.01s
[2026-04-03T01:40:53.514+0600][90.360s][info][gc,marking     ] GC(373) Concurrent Clear Claimed Marks
[2026-04-03T01:40:53.515+0600][90.361s][info][gc,marking     ] GC(373) Concurrent Clear Claimed Marks 0.334ms
[2026-04-03T01:40:53.515+0600][90.361s][info][gc,marking     ] GC(373) Concurrent Cleanup for Next Mark
[2026-04-03T01:40:53.515+0600][90.361s][info][gc,marking     ] GC(373) Concurrent Cleanup for Next Mark 0.507ms
[2026-04-03T01:40:53.515+0600][90.361s][info][gc             ] GC(373) Concurrent Undo Cycle 1.097ms
[2026-04-03T01:40:54.516+0600][91.363s][info][gc,start       ] GC(374) Pause Young (Concurrent Start) (G1 Humongous Allocation)
[2026-04-03T01:40:54.517+0600][91.363s][info][gc,task        ] GC(374) Using 10 workers of 10 for evacuation
[2026-04-03T01:40:54.523+0600][91.369s][info][gc,phases      ] GC(374)   Pre Evacuate Collection Set: 0.76ms
[2026-04-03T01:40:54.523+0600][91.369s][info][gc,phases      ] GC(374)   Merge Heap Roots: 0.45ms
[2026-04-03T01:40:54.523+0600][91.369s][info][gc,phases      ] GC(374)   Evacuate Collection Set: 3.95ms
[2026-04-03T01:40:54.523+0600][91.369s][info][gc,phases      ] GC(374)   Post Evacuate Collection Set: 1.29ms
[2026-04-03T01:40:54.523+0600][91.370s][info][gc,phases      ] GC(374)   Other: 0.26ms
[2026-04-03T01:40:54.523+0600][91.370s][info][gc,heap        ] GC(374) Eden regions: 272->0(494)
[2026-04-03T01:40:54.523+0600][91.370s][info][gc,heap        ] GC(374) Survivor regions: 3->4(63)
[2026-04-03T01:40:54.523+0600][91.370s][info][gc,heap        ] GC(374) Old regions: 47->47
[2026-04-03T01:40:54.523+0600][91.370s][info][gc,heap        ] GC(374) Humongous regions: 188->3
[2026-04-03T01:40:54.523+0600][91.370s][info][gc,metaspace   ] GC(374) Metaspace: 132055K(133504K)->132055K(133504K) NonClass: 115476K(116224K)->115476K(116224K) Class: 16578K(17280K)->16578K(17280K)
[2026-04-03T01:40:54.524+0600][91.370s][info][gc             ] GC(374) Pause Young (Concurrent Start) (G1 Humongous Allocation) 1012M->102M(1662M) 7.102ms
[2026-04-03T01:40:54.524+0600][91.370s][info][gc             ] GC(375) Concurrent Undo Cycle
[2026-04-03T01:40:54.524+0600][91.370s][info][gc,cpu         ] GC(374) User=0.05s Sys=0.00s Real=0.01s
[2026-04-03T01:40:54.524+0600][91.370s][info][gc,marking     ] GC(375) Concurrent Clear Claimed Marks
[2026-04-03T01:40:54.524+0600][91.370s][info][gc,marking     ] GC(375) Concurrent Clear Claimed Marks 0.428ms
[2026-04-03T01:40:54.524+0600][91.370s][info][gc,marking     ] GC(375) Concurrent Cleanup for Next Mark
[2026-04-03T01:40:54.525+0600][91.371s][info][gc,marking     ] GC(375) Concurrent Cleanup for Next Mark 0.853ms
[2026-04-03T01:40:54.525+0600][91.371s][info][gc             ] GC(375) Concurrent Undo Cycle 1.611ms
[2026-04-03T01:40:55.273+0600][92.119s][info][gc,start       ] GC(376) Pause Young (Concurrent Start) (G1 Humongous Allocation)
[2026-04-03T01:40:55.273+0600][92.119s][info][gc,task        ] GC(376) Using 10 workers of 10 for evacuation
[2026-04-03T01:40:55.278+0600][92.124s][info][gc,phases      ] GC(376)   Pre Evacuate Collection Set: 0.41ms
[2026-04-03T01:40:55.278+0600][92.124s][info][gc,phases      ] GC(376)   Merge Heap Roots: 0.30ms
[2026-04-03T01:40:55.278+0600][92.124s][info][gc,phases      ] GC(376)   Evacuate Collection Set: 2.67ms
[2026-04-03T01:40:55.278+0600][92.124s][info][gc,phases      ] GC(376)   Post Evacuate Collection Set: 1.51ms
[2026-04-03T01:40:55.278+0600][92.124s][info][gc,phases      ] GC(376)   Other: 0.20ms
[2026-04-03T01:40:55.278+0600][92.124s][info][gc,heap        ] GC(376) Eden regions: 300->0(492)
[2026-04-03T01:40:55.278+0600][92.124s][info][gc,heap        ] GC(376) Survivor regions: 4->6(63)
[2026-04-03T01:40:55.278+0600][92.124s][info][gc,heap        ] GC(376) Old regions: 47->47
[2026-04-03T01:40:55.278+0600][92.124s][info][gc,heap        ] GC(376) Humongous regions: 190->6
[2026-04-03T01:40:55.278+0600][92.124s][info][gc,metaspace   ] GC(376) Metaspace: 132059K(133504K)->132059K(133504K) NonClass: 115480K(116224K)->115480K(116224K) Class: 16578K(17280K)->16578K(17280K)
[2026-04-03T01:40:55.278+0600][92.124s][info][gc             ] GC(376) Pause Young (Concurrent Start) (G1 Humongous Allocation) 1074M->111M(1662M) 5.407ms
[2026-04-03T01:40:55.278+0600][92.124s][info][gc             ] GC(377) Concurrent Undo Cycle
[2026-04-03T01:40:55.278+0600][92.124s][info][gc,cpu         ] GC(376) User=0.04s Sys=0.00s Real=0.00s
[2026-04-03T01:40:55.278+0600][92.125s][info][gc,marking     ] GC(377) Concurrent Clear Claimed Marks
[2026-04-03T01:40:55.279+0600][92.125s][info][gc,marking     ] GC(377) Concurrent Clear Claimed Marks 0.371ms
[2026-04-03T01:40:55.279+0600][92.125s][info][gc,marking     ] GC(377) Concurrent Cleanup for Next Mark
[2026-04-03T01:40:55.280+0600][92.126s][info][gc,marking     ] GC(377) Concurrent Cleanup for Next Mark 0.833ms
[2026-04-03T01:40:55.280+0600][92.126s][info][gc             ] GC(377) Concurrent Undo Cycle 1.839ms
[2026-04-03T01:40:55.356+0600][92.202s][info][gc,start       ] GC(378) Pause Young (Concurrent Start) (G1 Humongous Allocation)
[2026-04-03T01:40:55.356+0600][92.202s][info][gc,task        ] GC(378) Using 10 workers of 10 for evacuation
[2026-04-03T01:40:55.359+0600][92.205s][info][gc,phases      ] GC(378)   Pre Evacuate Collection Set: 0.53ms
[2026-04-03T01:40:55.359+0600][92.205s][info][gc,phases      ] GC(378)   Merge Heap Roots: 0.29ms
[2026-04-03T01:40:55.359+0600][92.205s][info][gc,phases      ] GC(378)   Evacuate Collection Set: 1.63ms
[2026-04-03T01:40:55.359+0600][92.205s][info][gc,phases      ] GC(378)   Post Evacuate Collection Set: 0.76ms
[2026-04-03T01:40:55.359+0600][92.205s][info][gc,phases      ] GC(378)   Other: 0.19ms
[2026-04-03T01:40:55.359+0600][92.206s][info][gc,heap        ] GC(378) Eden regions: 34->0(495)
[2026-04-03T01:40:55.359+0600][92.206s][info][gc,heap        ] GC(378) Survivor regions: 6->3(63)
[2026-04-03T01:40:55.359+0600][92.206s][info][gc,heap        ] GC(378) Old regions: 47->47
[2026-04-03T01:40:55.359+0600][92.206s][info][gc,heap        ] GC(378) Humongous regions: 192->3
[2026-04-03T01:40:55.359+0600][92.206s][info][gc,metaspace   ] GC(378) Metaspace: 132059K(133504K)->132059K(133504K) NonClass: 115480K(116224K)->115480K(116224K) Class: 16578K(17280K)->16578K(17280K)
[2026-04-03T01:40:55.359+0600][92.206s][info][gc             ] GC(378) Pause Young (Concurrent Start) (G1 Humongous Allocation) 550M->100M(1662M) 3.676ms
[2026-04-03T01:40:55.360+0600][92.206s][info][gc             ] GC(379) Concurrent Undo Cycle
[2026-04-03T01:40:55.360+0600][92.206s][info][gc,cpu         ] GC(378) User=0.02s Sys=0.01s Real=0.00s
[2026-04-03T01:40:55.360+0600][92.206s][info][gc,marking     ] GC(379) Concurrent Clear Claimed Marks
[2026-04-03T01:40:55.360+0600][92.206s][info][gc,marking     ] GC(379) Concurrent Clear Claimed Marks 0.313ms
[2026-04-03T01:40:55.360+0600][92.206s][info][gc,marking     ] GC(379) Concurrent Cleanup for Next Mark
[2026-04-03T01:40:55.360+0600][92.206s][info][gc,marking     ] GC(379) Concurrent Cleanup for Next Mark 0.265ms
[2026-04-03T01:40:55.360+0600][92.206s][info][gc             ] GC(379) Concurrent Undo Cycle 0.806ms
[2026-04-03T01:40:55.384+0600][92.230s][info][gc,start       ] GC(380) Pause Young (Concurrent Start) (G1 Humongous Allocation)
[2026-04-03T01:40:55.384+0600][92.230s][info][gc,task        ] GC(380) Using 10 workers of 10 for evacuation
[2026-04-03T01:40:55.387+0600][92.233s][info][gc,phases      ] GC(380)   Pre Evacuate Collection Set: 0.47ms
[2026-04-03T01:40:55.387+0600][92.233s][info][gc,phases      ] GC(380)   Merge Heap Roots: 0.15ms
[2026-04-03T01:40:55.387+0600][92.233s][info][gc,phases      ] GC(380)   Evacuate Collection Set: 1.55ms
[2026-04-03T01:40:55.387+0600][92.233s][info][gc,phases      ] GC(380)   Post Evacuate Collection Set: 0.70ms
[2026-04-03T01:40:55.387+0600][92.233s][info][gc,phases      ] GC(380)   Other: 0.15ms
[2026-04-03T01:40:55.387+0600][92.233s][info][gc,heap        ] GC(380) Eden regions: 10->0(495)
[2026-04-03T01:40:55.387+0600][92.233s][info][gc,heap        ] GC(380) Survivor regions: 3->3(63)
[2026-04-03T01:40:55.387+0600][92.233s][info][gc,heap        ] GC(380) Old regions: 47->47
[2026-04-03T01:40:55.387+0600][92.233s][info][gc,heap        ] GC(380) Humongous regions: 192->3
[2026-04-03T01:40:55.387+0600][92.233s][info][gc,metaspace   ] GC(380) Metaspace: 132059K(133504K)->132059K(133504K) NonClass: 115480K(116224K)->115480K(116224K) Class: 16578K(17280K)->16578K(17280K)
[2026-04-03T01:40:55.387+0600][92.233s][info][gc             ] GC(380) Pause Young (Concurrent Start) (G1 Humongous Allocation) 498M->100M(1662M) 3.336ms
[2026-04-03T01:40:55.387+0600][92.233s][info][gc             ] GC(381) Concurrent Undo Cycle
[2026-04-03T01:40:55.387+0600][92.233s][info][gc,marking     ] GC(381) Concurrent Clear Claimed Marks
[2026-04-03T01:40:55.387+0600][92.233s][info][gc,cpu         ] GC(380) User=0.01s Sys=0.01s Real=0.00s
[2026-04-03T01:40:55.387+0600][92.233s][info][gc,marking     ] GC(381) Concurrent Clear Claimed Marks 0.275ms
[2026-04-03T01:40:55.387+0600][92.233s][info][gc,marking     ] GC(381) Concurrent Cleanup for Next Mark
[2026-04-03T01:40:55.388+0600][92.234s][info][gc,marking     ] GC(381) Concurrent Cleanup for Next Mark 0.346ms
[2026-04-03T01:40:55.388+0600][92.234s][info][gc             ] GC(381) Concurrent Undo Cycle 0.779ms
[2026-04-03T01:40:56.128+0600][92.974s][info][gc,start       ] GC(382) Pause Young (Concurrent Start) (G1 Humongous Allocation)
[2026-04-03T01:40:56.128+0600][92.974s][info][gc,task        ] GC(382) Using 10 workers of 10 for evacuation
[2026-04-03T01:40:56.134+0600][92.980s][info][gc,phases      ] GC(382)   Pre Evacuate Collection Set: 0.49ms
[2026-04-03T01:40:56.134+0600][92.980s][info][gc,phases      ] GC(382)   Merge Heap Roots: 0.25ms
[2026-04-03T01:40:56.134+0600][92.980s][info][gc,phases      ] GC(382)   Evacuate Collection Set: 3.61ms
[2026-04-03T01:40:56.134+0600][92.980s][info][gc,phases      ] GC(382)   Post Evacuate Collection Set: 1.33ms
[2026-04-03T01:40:56.134+0600][92.980s][info][gc,phases      ] GC(382)   Other: 0.27ms
[2026-04-03T01:40:56.134+0600][92.980s][info][gc,heap        ] GC(382) Eden regions: 287->0(494)
[2026-04-03T01:40:56.134+0600][92.980s][info][gc,heap        ] GC(382) Survivor regions: 3->4(63)
[2026-04-03T01:40:56.134+0600][92.980s][info][gc,heap        ] GC(382) Old regions: 47->47
[2026-04-03T01:40:56.134+0600][92.980s][info][gc,heap        ] GC(382) Humongous regions: 195->3
[2026-04-03T01:40:56.134+0600][92.980s][info][gc,metaspace   ] GC(382) Metaspace: 132059K(133504K)->132059K(133504K) NonClass: 115480K(116224K)->115480K(116224K) Class: 16578K(17280K)->16578K(17280K)
[2026-04-03T01:40:56.134+0600][92.980s][info][gc             ] GC(382) Pause Young (Concurrent Start) (G1 Humongous Allocation) 1057M->104M(1662M) 6.298ms
[2026-04-03T01:40:56.134+0600][92.980s][info][gc             ] GC(383) Concurrent Undo Cycle
[2026-04-03T01:40:56.134+0600][92.980s][info][gc,cpu         ] GC(382) User=0.04s Sys=0.00s Real=0.01s
[2026-04-03T01:40:56.134+0600][92.980s][info][gc,marking     ] GC(383) Concurrent Clear Claimed Marks
[2026-04-03T01:40:56.134+0600][92.980s][info][gc,marking     ] GC(383) Concurrent Clear Claimed Marks 0.331ms
[2026-04-03T01:40:56.134+0600][92.980s][info][gc,marking     ] GC(383) Concurrent Cleanup for Next Mark
[2026-04-03T01:40:56.135+0600][92.981s][info][gc,marking     ] GC(383) Concurrent Cleanup for Next Mark 0.349ms
[2026-04-03T01:40:56.135+0600][92.981s][info][gc             ] GC(383) Concurrent Undo Cycle 0.940ms
[2026-04-03T01:40:57.087+0600][93.933s][info][gc,start       ] GC(384) Pause Young (Concurrent Start) (G1 Humongous Allocation)
[2026-04-03T01:40:57.087+0600][93.933s][info][gc,task        ] GC(384) Using 10 workers of 10 for evacuation
[2026-04-03T01:40:57.097+0600][93.943s][info][gc,phases      ] GC(384)   Pre Evacuate Collection Set: 1.13ms
[2026-04-03T01:40:57.097+0600][93.943s][info][gc,phases      ] GC(384)   Merge Heap Roots: 0.40ms
[2026-04-03T01:40:57.097+0600][93.943s][info][gc,phases      ] GC(384)   Evacuate Collection Set: 5.25ms
[2026-04-03T01:40:57.097+0600][93.943s][info][gc,phases      ] GC(384)   Post Evacuate Collection Set: 2.98ms
[2026-04-03T01:40:57.097+0600][93.943s][info][gc,phases      ] GC(384)   Other: 0.39ms
[2026-04-03T01:40:57.097+0600][93.943s][info][gc,heap        ] GC(384) Eden regions: 405->0(493)
[2026-04-03T01:40:57.097+0600][93.943s][info][gc,heap        ] GC(384) Survivor regions: 4->5(63)
[2026-04-03T01:40:57.097+0600][93.943s][info][gc,heap        ] GC(384) Old regions: 47->47
[2026-04-03T01:40:57.097+0600][93.943s][info][gc,heap        ] GC(384) Humongous regions: 196->3
[2026-04-03T01:40:57.097+0600][93.943s][info][gc,metaspace   ] GC(384) Metaspace: 132064K(133504K)->132064K(133504K) NonClass: 115485K(116224K)->115485K(116224K) Class: 16578K(17280K)->16578K(17280K)
[2026-04-03T01:40:57.097+0600][93.943s][info][gc             ] GC(384) Pause Young (Concurrent Start) (G1 Humongous Allocation) 1299M->106M(1662M) 10.483ms
[2026-04-03T01:40:57.097+0600][93.944s][info][gc             ] GC(385) Concurrent Undo Cycle
[2026-04-03T01:40:57.098+0600][93.944s][info][gc,cpu         ] GC(384) User=0.04s Sys=0.02s Real=0.01s
[2026-04-03T01:40:57.098+0600][93.944s][info][gc,marking     ] GC(385) Concurrent Clear Claimed Marks
[2026-04-03T01:40:57.098+0600][93.944s][info][gc,marking     ] GC(385) Concurrent Clear Claimed Marks 0.412ms
[2026-04-03T01:40:57.098+0600][93.944s][info][gc,marking     ] GC(385) Concurrent Cleanup for Next Mark
[2026-04-03T01:40:57.099+0600][93.945s][info][gc,marking     ] GC(385) Concurrent Cleanup for Next Mark 0.657ms
[2026-04-03T01:40:57.099+0600][93.945s][info][gc             ] GC(385) Concurrent Undo Cycle 1.317ms
[2026-04-03T01:40:57.987+0600][94.833s][info][gc,heap,exit   ] Heap
[2026-04-03T01:40:57.987+0600][94.833s][info][gc,heap,exit   ]  garbage-first heap   total 1701888K, used 448848K [0x000000070ae00000, 0x0000000800000000)
[2026-04-03T01:40:57.987+0600][94.833s][info][gc,heap,exit   ]   region size 2048K, 104 young (212992K), 5 survivors (10240K)
[2026-04-03T01:40:57.987+0600][94.833s][info][gc,heap,exit   ]  Metaspace       used 132794K, committed 134208K, reserved 1179648K
[2026-04-03T01:40:57.987+0600][94.833s][info][gc,heap,exit   ]   class space    used 16771K, committed 17472K, reserved 1048576K
